c[?7l[2J[0mSeaBIOS (version rel-1.16.3-0-ga6ed6b701f0a-prebuilt.qemu.org)


iPXE (http://ipxe.org) 00:03.0 CA00 PCI2.10 PnP PMM+7EFD0D60+7EF30D60 CA00
Press Ctrl-B to configure iPXE (PCI 00:03.0)...                                                                               


Booting from ROM..c[?7l[2J[    0.000000] Linux version 6.19.0-148f95f75c51+ (root@gnr-800442) (gcc (GCC) 11.5.0 20240719 (Red Hat 11.5.0-14), GNU ld version 2.35.2-66.el9) #1 SMP PREEMPT_DYNAMIC Tue Mar 10 13:14:32 CST 2026
[    0.000000] Command line: console=ttyS0 root=/dev/sda earlyprintk=serial net.ifnames=0 thunderbolt.dyndbg
[    0.000000] KERNEL supported cpus:
[    0.000000]   Intel GenuineIntel
[    0.000000]   AMD AuthenticAMD
[    0.000000]   Hygon HygonGenuine
[    0.000000]   Centaur CentaurHauls
[    0.000000]   zhaoxin   Shanghai  
[    0.000000] x86/CPU: Model not found in latest microcode list
[    0.000000] x86/split lock detection: #DB: warning on user-space bus_locks
[    0.000000] BIOS-provided physical RAM map:
[    0.000000] BIOS-e820: [mem 0x0000000000000000-0x000000000009fbff]  System RAM
[    0.000000] BIOS-e820: [mem 0x000000000009fc00-0x000000000009ffff]  device reserved
[    0.000000] BIOS-e820: [gap 0x00000000000a0000-0x00000000000effff]
[    0.000000] BIOS-e820: [mem 0x00000000000f0000-0x00000000000fffff]  device reserved
[    0.000000] BIOS-e820: [mem 0x0000000000100000-0x000000007ffdffff]  System RAM
[    0.000000] BIOS-e820: [mem 0x000000007ffe0000-0x000000007fffffff]  device reserved
[    0.000000] BIOS-e820: [gap 0x0000000080000000-0x00000000feffbfff]
[    0.000000] BIOS-e820: [mem 0x00000000feffc000-0x00000000feffffff]  device reserved
[    0.000000] BIOS-e820: [gap 0x00000000ff000000-0x00000000fffbffff]
[    0.000000] BIOS-e820: [mem 0x00000000fffc0000-0x00000000ffffffff]  device reserved
[    0.000000] printk: legacy bootconsole [earlyser0] enabled
[    0.000000] NX (Execute Disable) protection: active
[    0.000000] APIC: Static calls initialized
[    0.000000] SMBIOS 3.0.0 present.
[    0.000000] DMI: QEMU Standard PC (i440FX + PIIX, 1996), BIOS rel-1.16.3-0-ga6ed6b701f0a-prebuilt.qemu.org 04/01/2014
[    0.000000] DMI: Memory slots populated: 1/1
[    0.000000] Hypervisor detected: KVM
[    0.000000] last_pfn = 0x7ffe0 max_arch_pfn = 0x10000000000
[    0.000000] kvm-clock: Using msrs 4b564d01 and 4b564d00
[    0.000003] kvm-clock: using sched offset of 732962136 cycles
[    0.000483] clocksource: kvm-clock: mask: 0xffffffffffffffff max_cycles: 0x1cd42e4dffb, max_idle_ns: 881590591483 ns
[    0.001987] tsc: Detected 2500.000 MHz processor
[    0.010690] last_pfn = 0x7ffe0 max_arch_pfn = 0x10000000000
[    0.011227] MTRR map: 4 entries (3 fixed + 1 variable; max 19), built from 8 variable MTRRs
[    0.011990] x86/PAT: Configuration [0-7]: WB  WC  UC- UC  WB  WP  UC- WT  
[    0.017818] found SMP MP-table at [mem 0x000f5480-0x000f548f]
[    0.018370] Using GB pages for direct mapping
[    0.021087] ACPI: Early table checksum verification disabled
[    0.021614] ACPI: RSDP 0x00000000000F52A0 000014 (v00 BOCHS )
[    0.022168] ACPI: RSDT 0x000000007FFE1C9B 000034 (v01 BOCHS  BXPC     00000001 BXPC 00000001)
[    0.022972] ACPI: FACP 0x000000007FFE1B47 000074 (v01 BOCHS  BXPC     00000001 BXPC 00000001)
[    0.023786] ACPI: DSDT 0x000000007FFE0040 001B07 (v01 BOCHS  BXPC     00000001 BXPC 00000001)
[    0.024586] ACPI: FACS 0x000000007FFE0000 000040
[    0.025044] ACPI: APIC 0x000000007FFE1BBB 000080 (v03 BOCHS  BXPC     00000001 BXPC 00000001)
[    0.025853] ACPI: HPET 0x000000007FFE1C3B 000038 (v01 BOCHS  BXPC     00000001 BXPC 00000001)
[    0.026629] ACPI: WAET 0x000000007FFE1C73 000028 (v01 BOCHS  BXPC     00000001 BXPC 00000001)
[    0.027431] ACPI: Reserving FACP table memory at [mem 0x7ffe1b47-0x7ffe1bba]
[    0.028068] ACPI: Reserving DSDT table memory at [mem 0x7ffe0040-0x7ffe1b46]
[    0.028707] ACPI: Reserving FACS table memory at [mem 0x7ffe0000-0x7ffe003f]
[    0.029356] ACPI: Reserving APIC table memory at [mem 0x7ffe1bbb-0x7ffe1c3a]
[    0.029997] ACPI: Reserving HPET table memory at [mem 0x7ffe1c3b-0x7ffe1c72]
[    0.030638] ACPI: Reserving WAET table memory at [mem 0x7ffe1c73-0x7ffe1c9a]
[    0.031918] No NUMA configuration found
[    0.032271] Faking a node at [mem 0x0000000000000000-0x000000007ffdffff]
[    0.032913] NODE_DATA(0) allocated [mem 0x7ffb4ec0-0x7ffdfcbf]
[    0.034467] Zone ranges:
[    0.034730]   DMA      [mem 0x0000000000001000-0x0000000000ffffff]
[    0.035301]   DMA32    [mem 0x0000000001000000-0x000000007ffdffff]
[    0.035877]   Normal   empty
[    0.036153]   Device   empty
[    0.036424] Movable zone start for each node
[    0.036835] Early memory node ranges
[    0.037162]   node   0: [mem 0x0000000000001000-0x000000000009efff]
[    0.037748]   node   0: [mem 0x0000000000100000-0x000000007ffdffff]
[    0.038326] Initmem setup node 0 [mem 0x0000000000001000-0x000000007ffdffff]
[    0.039277] On node 0, zone DMA: 1 pages in unavailable ranges
[    0.040033] On node 0, zone DMA: 97 pages in unavailable ranges
[    0.070600] On node 0, zone DMA32: 32 pages in unavailable ranges
[    0.125140] KernelAddressSanitizer initialized (generic)
[    0.125915] ACPI: PM-Timer IO Port: 0x608
[    0.126317] ACPI: LAPIC_NMI (acpi_id[0xff] dfl dfl lint[0x1])
[    0.126900] IOAPIC[0]: apic_id 0, version 17, address 0xfec00000, GSI 0-23
[    0.127536] ACPI: INT_SRC_OVR (bus 0 bus_irq 0 global_irq 2 dfl dfl)
[    0.128126] ACPI: INT_SRC_OVR (bus 0 bus_irq 5 global_irq 5 high level)
[    0.128739] ACPI: INT_SRC_OVR (bus 0 bus_irq 9 global_irq 9 high level)
[    0.129351] ACPI: INT_SRC_OVR (bus 0 bus_irq 10 global_irq 10 high level)
[    0.129965] ACPI: INT_SRC_OVR (bus 0 bus_irq 11 global_irq 11 high level)
[    0.130598] ACPI: Using ACPI (MADT) for SMP configuration information
[    0.131186] ACPI: HPET id: 0x8086a201 base: 0xfed00000
[    0.131657] TSC deadline timer available
[    0.132031] CPU topo: Max. logical packages:   1
[    0.132449] CPU topo: Max. logical dies:       1
[    0.132869] CPU topo: Max. dies per package:   1
[    0.133291] CPU topo: Max. threads per core:   1
[    0.133706] CPU topo: Num. cores per package:     2
[    0.134146] CPU topo: Num. threads per package:   2
[    0.134584] CPU topo: Allowing 2 present CPUs plus 0 hotplug CPUs
[    0.135199] kvm-guest: APIC: eoi() replaced with kvm_guest_apic_eoi_write()
[    0.135854] kvm-guest: KVM setup pv remote TLB flush
[    0.136313] kvm-guest: setup PV sched yield
[    0.136745] PM: hibernation: Registered nosave memory: [mem 0x00000000-0x00000fff]
[    0.137453] PM: hibernation: Registered nosave memory: [mem 0x0009f000-0x000fffff]
[    0.138146] [gap 0x80000000-0xfeffbfff] available for PCI devices
[    0.138701] Booting paravirtualized kernel on KVM
[    0.139142] clocksource: refined-jiffies: mask: 0xffffffff max_cycles: 0xffffffff, max_idle_ns: 7645519600211568 ns
[    0.140115] setup_percpu: NR_CPUS:8192 nr_cpumask_bits:2 nr_cpu_ids:2 nr_node_ids:1
[    0.141278] percpu: Embedded 81 pages/cpu s294912 r8192 d28672 u1048576
[    0.142081] kvm-guest: PV spinlocks enabled
[    0.142468] PV qspinlock hash table entries: 256 (order: 0, 4096 bytes, linear)
[    0.143156] Kernel command line: net.ifnames=0 console=ttyS0 root=/dev/sda earlyprintk=serial net.ifnames=0 thunderbolt.dyndbg
[    0.144508] random: crng init done
[    0.144832] printk: log buffer data + meta data: 262144 + 917504 = 1179648 bytes
[    0.145907] Dentry cache hash table entries: 262144 (order: 9, 2097152 bytes, linear)
[    0.146999] Inode-cache hash table entries: 131072 (order: 8, 1048576 bytes, linear)
[    0.147996] Fallback order for Node 0: 0 
[    0.148007] Built 1 zonelists, mobility grouping on.  Total pages: 524158
[    0.148967] Policy zone: DMA32
[    0.149237] mem auto-init: stack:off, heap alloc:off, heap free:off
[    0.149790] stackdepot: allocating hash table via alloc_large_system_hash
[    0.150393] stackdepot hash table entries: 1048576 (order: 12, 16777216 bytes, linear)
[    0.154146] stackdepot: allocating space for 8192 stack pools via memblock
[    0.190032] SLUB: HWalign=64, Order=0-3, MinObjects=0, CPUs=2, Nodes=1
[    0.190617] kmemleak: Kernel memory leak detector disabled
[    0.228121] ftrace: allocating 75630 entries in 296 pages
[    0.228615] ftrace: allocated 296 pages with 3 groups
[    0.232004] Dynamic Preempt: lazy
[    0.232874] Running RCU self tests
[    0.233177] Running RCU synchronous self tests
[    0.233562] rcu: Preemptible hierarchical RCU implementation.
[    0.234066] rcu: 	RCU lockdep checking is enabled.
[    0.234479] rcu: 	RCU restricting CPUs from NR_CPUS=8192 to nr_cpu_ids=2.
[    0.235076] 	Trampoline variant of Tasks RCU enabled.
[    0.235522] 	Rude variant of Tasks RCU enabled.
[    0.235922] 	Tracing variant of Tasks RCU enabled.
[    0.236338] rcu: RCU calculated value of scheduler-enlistment delay is 25 jiffies.
[    0.236994] rcu: Adjusting geometry for rcu_fanout_leaf=16, nr_cpu_ids=2
[    0.237666] Running RCU synchronous self tests
[    0.238063] RCU Tasks: Setting shift to 1 and lim to 1 rcu_task_cb_adjust=1 rcu_task_cpu_ids=2.
[    0.238820] RCU Tasks Rude: Setting shift to 1 and lim to 1 rcu_task_cb_adjust=1 rcu_task_cpu_ids=2.
[    0.314977] NR_IRQS: 524544, nr_irqs: 440, preallocated irqs: 16
[    0.316165] rcu: srcu_init: Setting srcu_struct sizes based on contention.
[    0.325085] Console: colour VGA+ 80x25
[    0.325484] printk: legacy console [ttyS0] enabled
[    0.325484] printk: legacy console [ttyS0] enabled
[    0.326355] printk: legacy bootconsole [earlyser0] disabled
[    0.326355] printk: legacy bootconsole [earlyser0] disabled
[    0.327397] Lock dependency validator: Copyright (c) 2006 Red Hat, Inc., Ingo Molnar
[    0.328101] ... MAX_LOCKDEP_SUBCLASSES:  8
[    0.328474] ... MAX_LOCK_DEPTH:          48
[    0.328871] ... MAX_LOCKDEP_KEYS:        8192
[    0.329268] ... CLASSHASH_SIZE:          4096
[    0.329664] ... MAX_LOCKDEP_ENTRIES:     32768
[    0.330071] ... MAX_LOCKDEP_CHAINS:      65536
[    0.330475] ... CHAINHASH_SIZE:          32768
[    0.330891]  memory used by lock dependency info: 6429 kB
[    0.331377]  memory used for stack traces: 4224 kB
[    0.331822]  per task-struct memory footprint: 1920 bytes
[    0.332414] ACPI: Core revision 20251212
[    0.333278] clocksource: hpet: mask: 0xffffffff max_cycles: 0xffffffff, max_idle_ns: 19112604467 ns
[    0.334265] APIC: Switch to symmetric I/O mode setup
[    0.335021] x2apic enabled
[    0.335685] APIC: Switched APIC routing to: physical x2apic
[    0.336195] kvm-guest: APIC: send_IPI_mask() replaced with kvm_send_ipi_mask()
[    0.336862] kvm-guest: APIC: send_IPI_mask_allbutself() replaced with kvm_send_ipi_mask_allbutself()
[    0.337675] kvm-guest: setup PV IPIs
[    0.339182] ..TIMER: vector=0x30 apic1=0 pin1=2 apic2=-1 pin2=-1
[    0.339763] clocksource: tsc-early: mask: 0xffffffffffffffff max_cycles: 0x240939f1bb2, max_idle_ns: 440795263295 ns
[    0.340724] Calibrating delay loop (skipped) preset value.. 5000.00 BogoMIPS (lpj=10000000)
[    0.341623] x86/cpu: User Mode Instruction Prevention (UMIP) activated
[    0.342315] Last level iTLB entries: 4KB 0, 2MB 0, 4MB 0
[    0.345211] Last level dTLB entries: 4KB 0, 2MB 0, 4MB 0, 1GB 0
[    0.345764] mitigations: Enabled attack vectors: user_kernel, user_user, guest_host, guest_guest, SMT mitigations: auto
[    0.346752] Speculative Store Bypass: Mitigation: Speculative Store Bypass disabled via prctl
[    0.347519] Spectre V2 : Mitigation: Enhanced / Automatic IBRS
[    0.348050] ITS: Mitigation: Aligned branch/return thunks
[    0.348549] Spectre V1 : Mitigation: usercopy/swapgs barriers and __user pointer sanitization
[    0.348711] Spectre V2 : WARNING: Unprivileged eBPF is enabled with eIBRS on, data leaks possible via Spectre v2 BHB attacks!
[    0.349734] Spectre V2 : Spectre v2 / PBRSB-eIBRS: Retire a single CALL on VMEXIT
[    0.350383] Spectre V2 : mitigation: Enabling conditional Indirect Branch Prediction Barrier
[    0.351117] active return thunk: its_return_thunk
[    0.351556] Spectre V2 : Spectre BHI mitigation: SW BHB clearing on syscall and VM exit
[    0.352780] x86/fpu: Supporting XSAVE feature 0x001: 'x87 floating point registers'
[    0.353458] x86/fpu: Supporting XSAVE feature 0x002: 'SSE registers'
[    0.354029] x86/fpu: Supporting XSAVE feature 0x004: 'AVX registers'
[    0.354594] x86/fpu: Supporting XSAVE feature 0x020: 'AVX-512 opmask'
[    0.355156] x86/fpu: Supporting XSAVE feature 0x040: 'AVX-512 Hi256'
[    0.355712] x86/fpu: Supporting XSAVE feature 0x080: 'AVX-512 ZMM_Hi256'
[    0.356714] x86/fpu: Supporting XSAVE feature 0x200: 'Protection Keys User registers'
[    0.357413] x86/fpu: Supporting XSAVE feature 0x20000: 'AMX Tile config'
[    0.358018] x86/fpu: Supporting XSAVE feature 0x40000: 'AMX Tile data'
[    0.358591] x86/fpu: xstate_offset[2]:  576, xstate_sizes[2]:  256
[    0.359151] x86/fpu: xstate_offset[5]:  832, xstate_sizes[5]:   64
[    0.359703] x86/fpu: xstate_offset[6]:  896, xstate_sizes[6]:  512
[    0.360237] x86/fpu: xstate_offset[7]: 1408, xstate_sizes[7]: 1024
[    0.360715] x86/fpu: xstate_offset[9]: 2432, xstate_sizes[9]:    8
[    0.361262] x86/fpu: xstate_offset[17]: 2496, xstate_sizes[17]:   64
[    0.361842] x86/fpu: xstate_offset[18]: 2560, xstate_sizes[18]: 8192
[    0.362417] x86/fpu: Enabled xstate features 0x602e7, context size is 10752 bytes, using 'compacted' format.
[    0.521986] Freeing SMP alternatives memory: 64K
[    0.522433] pid_max: default: 32768 minimum: 301
[    0.523290] Yama: becoming mindful.
[    0.524075] Mount-cache hash table entries: 4096 (order: 3, 32768 bytes, linear)
[    0.524704] Mountpoint-cache hash table entries: 4096 (order: 3, 32768 bytes, linear)
[    0.525308] VFS: Finished mounting rootfs on nullfs
[    0.526976] Running RCU synchronous self tests
[    0.527417] Running RCU synchronous self tests
[    0.528918] smpboot: CPU0: Intel GENUINE INTEL(R) XEON(R) (family: 0x6, model: 0xad, stepping: 0x0)
[    0.530516] Performance Events: PEBS fmt0-, Granite Rapids events, 
[    0.530595] core: The event 0x400 is not supported as a normal event.
[    0.531720] core: The event 0x8000 is not supported as a normal event.
[    0.532294] core: The event 0x8100 is not supported as a normal event.
[    0.532704] core: The event 0x8200 is not supported as a normal event.
[    0.532719] core: The event 0x8300 is not supported as a normal event.
[    0.533291] core: The event 0x8400 is not supported as a normal event.
[    0.533876] core: The event 0x8500 is not supported as a normal event.
[    0.534463] core: The event 0x8600 is not supported as a normal event.
[    0.535029] core: The event 0x8700 is not supported as a normal event.
[    0.535630] full-width counters, Intel PMU driver.
[    0.536084] ... version:                   2
[    0.536473] ... bit width:                 48
[    0.536709] ... generic counters:          8
[    0.537094] ... generic bitmap:            00000000000000ff
[    0.537596] ... fixed-purpose counters:    3
[    0.537976] ... fixed-purpose bitmap:      0000000000000007
[    0.538476] ... value mask:                0000ffffffffffff
[    0.538968] ... max period:                00007fffffffffff
[    0.539467] ... global_ctrl mask:          00000007000000ff
[    0.540482] signal: max sigframe size: 11952
[    0.540852] rcu: Hierarchical SRCU implementation.
[    0.541285] rcu: 	Max phase no-delay instances is 1000.
[    0.541950] Timer migration: 1 hierarchy levels; 8 children per group; 1 crossnode level
[    0.566636] smp: Bringing up secondary CPUs ...
[    0.567659] smpboot: x86: Booting SMP configuration:
[    0.568134] .... node  #0, CPUs:      #1
[    0.568952] smp: Brought up 1 node, 2 CPUs
[    0.569663] smpboot: Total of 2 processors activated (10000.00 BogoMIPS)
[    0.571091] Memory: 1591352K/2096632K available (81236K kernel code, 15646K rwdata, 18912K rodata, 16500K init, 20680K bss, 493188K reserved, 0K cma-reserved)
[    0.573379] devtmpfs: initialized
[    0.573895] x86/mm: Memory block size: 128MB
[    0.585673] Running RCU synchronous self tests
[    0.586105] Running RCU synchronous self tests
[    0.588802] Running RCU Tasks wait API self tests
[    0.589199] Running RCU Tasks Rude wait API self tests
[    0.589211] Running RCU Tasks Trace wait API self tests
[    0.589768] clocksource: jiffies: mask: 0xffffffff max_cycles: 0xffffffff, max_idle_ns: 7645041785100000 ns
[    0.592766] posixtimers hash table entries: 1024 (order: 5, 73728 bytes, linear)
[    0.593460] futex hash table entries: 512 (65536 bytes on 1 NUMA nodes, total 64 KiB, linear).
[    0.596271] 
[    0.596425] *************************************************************
[    0.596739] **     NOTICE NOTICE NOTICE NOTICE NOTICE NOTICE NOTICE    **
[    0.597342] **                                                         **
[    0.597942] **  IOMMU DebugFS SUPPORT HAS BEEN ENABLED IN THIS KERNEL  **
[    0.598534] **                                                         **
[    0.599131] ** This means that this kernel is built to expose internal **
[    0.599742] ** IOMMU data structures, which may compromise security on **
[    0.600343] ** your system.                                            **
[    0.600709] **                                                         **
[    0.601302] ** If you see this message and you are not debugging the   **
[    0.601905] ** kernel, report this immediately to your vendor!         **
[    0.602513] **                                                         **
[    0.603127] **     NOTICE NOTICE NOTICE NOTICE NOTICE NOTICE NOTICE    **
[    0.603725] *************************************************************
[    0.604382] PM: RTC time: 08:16:27, date: 2026-03-12
[    0.607340] NET: Registered PF_NETLINK/PF_ROUTE protocol family
[    0.609684] DMA: preallocated 256 KiB GFP_KERNEL|GFP_DMA pool for atomic allocations
[    0.610405] DMA: preallocated 256 KiB GFP_KERNEL|GFP_DMA32 pool for atomic allocations
[    0.611195] audit: initializing netlink subsys (disabled)
[    0.611744] audit: type=2000 audit(1773303388.101:1): state=initialized audit_enabled=0 res=1
[    0.611744] thermal_sys: Registered thermal governor 'fair_share'
[    0.611744] thermal_sys: Registered thermal governor 'bang_bang'
[    0.611744] thermal_sys: Registered thermal governor 'step_wise'
[    0.611867] thermal_sys: Registered thermal governor 'user_space'
[    0.612740] cpuidle: using governor ladder
[    0.616759] Callback from call_rcu_tasks_trace() invoked.
[    0.617299] cpuidle: using governor menu
[    0.617670] acpiphp: ACPI Hot Plug PCI Controller Driver version: 0.5
[    0.617670] PCI: Using configuration type 1 for base access
[    0.621714] kprobes: kprobe jump-optimization is enabled. All kprobes are optimized if possible.
[    0.625107] HugeTLB: registered 1.00 GiB page size, pre-allocated 0 pages
[    0.625462] HugeTLB: 16380 KiB vmemmap can be freed for a 1.00 GiB page
[    0.626049] HugeTLB: registered 2.00 MiB page size, pre-allocated 0 pages
[    0.626638] HugeTLB: 28 KiB vmemmap can be freed for a 2.00 MiB page
[    0.674830] ACPI: Added _OSI(Module Device)
[    0.675227] ACPI: Added _OSI(Processor Device)
[    0.675621] ACPI: Added _OSI(Processor Aggregator Device)
[    0.719006] ACPI: 1 ACPI AML tables successfully acquired and loaded
[    0.744736] ACPI: \_SB_: platform _OSC: OS support mask [002e7eff]
[    0.748292] ACPI: Interpreter enabled
[    0.748780] ACPI: PM: (supports S0 S3 S4 S5)
[    0.749169] ACPI: Using IOAPIC for interrupt routing
[    0.749732] PCI: Using host bridge windows from ACPI; if necessary, use "pci=nocrs" and report a bug
[    0.750506] PCI: Using E820 reservations for host bridge windows
[    0.752355] ACPI: Enabled 2 GPEs in block 00 to 0F
[    0.812433] ACPI: PCI Root Bridge [PCI0] (domain 0000 [bus 00-ff])
[    0.812731] acpi PNP0A03:00: _OSC: OS supports [ASPM ClockPM Segments MSI EDR HPX-Type3]
[    0.813390] acpi PNP0A03:00: _OSC: not requesting OS control; OS requires [ExtendedConfig ASPM ClockPM MSI]
[    0.814219] acpi PNP0A03:00: _OSC: platform retains control of PCIe features (AE_ERROR)
[    0.815005] acpi PNP0A03:00: fail to add MMCONFIG information, can't access extended configuration space under this bridge
[    0.821666] acpiphp: Slot [3] registered
[    0.822182] acpiphp: Slot [4] registered
[    0.822688] acpiphp: Slot [5] registered
[    0.823192] acpiphp: Slot [6] registered
[    0.823696] acpiphp: Slot [7] registered
[    0.824208] acpiphp: Slot [8] registered
[    0.824720] acpiphp: Slot [9] registered
[    0.825225] acpiphp: Slot [10] registered
[    0.825733] acpiphp: Slot [11] registered
[    0.826249] acpiphp: Slot [12] registered
[    0.826762] acpiphp: Slot [13] registered
[    0.827276] acpiphp: Slot [14] registered
[    0.827782] acpiphp: Slot [15] registered
[    0.828296] acpiphp: Slot [16] registered
[    0.828811] acpiphp: Slot [17] registered
[    0.829330] acpiphp: Slot [18] registered
[    0.829832] acpiphp: Slot [19] registered
[    0.830348] acpiphp: Slot [20] registered
[    0.830859] acpiphp: Slot [21] registered
[    0.831378] acpiphp: Slot [22] registered
[    0.831888] acpiphp: Slot [23] registered
[    0.832404] acpiphp: Slot [24] registered
[    0.832867] acpiphp: Slot [25] registered
[    0.833380] acpiphp: Slot [26] registered
[    0.833850] acpiphp: Slot [27] registered
[    0.834326] acpiphp: Slot [28] registered
[    0.834795] acpiphp: Slot [29] registered
[    0.835270] acpiphp: Slot [30] registered
[    0.835774] acpiphp: Slot [31] registered
[    0.836206] PCI host bridge to bus 0000:00
[    0.836627] pci_bus 0000:00: root bus resource [io  0x0000-0x0cf7 window]
[    0.836713] pci_bus 0000:00: root bus resource [io  0x0d00-0xffff window]
[    0.837305] pci_bus 0000:00: root bus resource [mem 0x000a0000-0x000bffff window]
[    0.837957] pci_bus 0000:00: root bus resource [mem 0x80000000-0xfebfffff window]
[    0.838613] pci_bus 0000:00: root bus resource [mem 0x100000000-0x17fffffff window]
[    0.839275] pci_bus 0000:00: root bus resource [bus 00-ff]
[    0.839862] pci 0000:00:00.0: [8086:1237] type 00 class 0x060000 conventional PCI endpoint
[    0.842298] pci 0000:00:01.0: [8086:7000] type 00 class 0x060100 conventional PCI endpoint
[    0.844525] pci 0000:00:01.1: [8086:7010] type 00 class 0x010180 conventional PCI endpoint
[    0.849280] pci 0000:00:01.1: BAR 4 [io  0xc040-0xc04f]
[    0.849766] pci 0000:00:01.1: BAR 0 [io  0x01f0-0x01f7]: legacy IDE quirk
[    0.850372] pci 0000:00:01.1: BAR 1 [io  0x03f6]: legacy IDE quirk
[    0.850914] pci 0000:00:01.1: BAR 2 [io  0x0170-0x0177]: legacy IDE quirk
[    0.851511] pci 0000:00:01.1: BAR 3 [io  0x0376]: legacy IDE quirk
[    0.853303] pci 0000:00:01.3: [8086:7113] type 00 class 0x068000 conventional PCI endpoint
[    0.854315] pci 0000:00:01.3: quirk: [io  0x0600-0x063f] claimed by PIIX4 ACPI
[    0.854943] pci 0000:00:01.3: quirk: [io  0x0700-0x070f] claimed by PIIX4 SMB
[    0.856828] pci 0000:00:02.0: [1234:1111] type 00 class 0x030000 conventional PCI endpoint
[    0.858785] pci 0000:00:02.0: BAR 0 [mem 0xfd000000-0xfdffffff pref]
[    0.859368] pci 0000:00:02.0: BAR 2 [mem 0xfebf0000-0xfebf0fff]
[    0.859918] pci 0000:00:02.0: ROM [mem 0xfebe0000-0xfebeffff pref]
[    0.860567] pci 0000:00:02.0: Video device with shadowed ROM at [mem 0x000c0000-0x000dffff]
[    0.861986] pci 0000:00:03.0: [8086:100e] type 00 class 0x020000 conventional PCI endpoint
[    0.863685] pci 0000:00:03.0: BAR 0 [mem 0xfebc0000-0xfebdffff]
[    0.864221] pci 0000:00:03.0: BAR 1 [io  0xc000-0xc03f]
[    0.864717] pci 0000:00:03.0: ROM [mem 0xfeb80000-0xfebbffff pref]
[    0.891202] ACPI: PCI: Interrupt link LNKA configured for IRQ 10
[    0.892863] ACPI: PCI: Interrupt link LNKB configured for IRQ 10
[    0.894448] ACPI: PCI: Interrupt link LNKC configured for IRQ 11
[    0.896030] ACPI: PCI: Interrupt link LNKD configured for IRQ 11
[    0.897016] ACPI: PCI: Interrupt link LNKS configured for IRQ 9
[    0.901403] iommu: Default domain type: Translated
[    0.901856] iommu: DMA domain TLB invalidation policy: lazy mode
[    0.906762] SCSI subsystem initialized
[    0.909200] ACPI: bus type USB registered
[    0.909836] usbcore: registered new interface driver usbfs
[    0.910445] usbcore: registered new interface driver hub
[    0.910980] usbcore: registered new device driver usb
[    0.911795] pps_core: LinuxPPS API ver. 1 registered
[    0.912243] pps_core: Software ver. 5.3.6 - Copyright 2005-2007 Rodolfo Giometti <giometti@linux.it>
[    0.912749] PTP clock support registered
[    0.913484] EDAC MC: Ver: 3.0.0
[    0.917090] NetLabel: Initializing
[    0.917413] NetLabel:  domain hash size = 128
[    0.917810] NetLabel:  protocols = UNLABELED CIPSOv4 CALIPSO
[    0.918428] NetLabel:  unlabeled traffic allowed by default
[    0.920710] PCI: Using ACPI for IRQ routing
[    0.920710] e820: register RAM buffer resource [mem 0x0009fc00-0x0009ffff]
[    0.920755] e820: register RAM buffer resource [mem 0x7ffe0000-0x7fffffff]
[    0.921655] pci 0000:00:02.0: vgaarb: setting as boot VGA device
[    0.922195] pci 0000:00:02.0: vgaarb: bridge control possible
[    0.922701] pci 0000:00:02.0: vgaarb: VGA device added: decodes=io+mem,owns=io+mem,locks=none
[    0.923435] vgaarb: loaded
[    0.924704] hpet0: at MMIO 0xfed00000, IRQs 2, 8, 0
[    0.924704] hpet0: 3 comparators, 64-bit 100.000000 MHz counter
[    0.928911] clocksource: Switched to clocksource kvm-clock
[    0.930871] VFS: Disk quotas dquot_6.6.0
[    0.931299] VFS: Dquot-cache hash table entries: 512 (order 0, 4096 bytes)
[    0.941332] pnp: PnP ACPI init
[    0.946124] pnp: PnP ACPI: found 6 devices
[    0.969650] clocksource: acpi_pm: mask: 0xffffff max_cycles: 0xffffff, max_idle_ns: 2085701024 ns
[    0.970989] NET: Registered PF_INET protocol family
[    0.971553] IP idents hash table entries: 32768 (order: 6, 262144 bytes, linear)
[    0.973677] tcp_listen_portaddr_hash hash table entries: 1024 (order: 5, 73728 bytes, linear)
[    0.974449] Table-perturb hash table entries: 65536 (order: 6, 262144 bytes, linear)
[    0.975198] TCP established hash table entries: 16384 (order: 5, 131072 bytes, linear)
[    0.976220] TCP bind hash table entries: 16384 (order: 10, 2359296 bytes, linear)
[    0.977844] TCP: Hash tables configured (established 16384 bind 16384)
[    0.978521] UDP hash table entries: 1024 (order: 6, 262144 bytes, linear)
[    0.979183] UDP-Lite hash table entries: 1024 (order: 6, 262144 bytes, linear)
[    0.980205] NET: Registered PF_UNIX/PF_LOCAL protocol family
[    0.988630] RPC: Registered named UNIX socket transport module.
[    0.989194] RPC: Registered udp transport module.
[    0.989607] RPC: Registered tcp transport module.
[    0.990026] RPC: Registered tcp-with-tls transport module.
[    0.990506] RPC: Registered tcp NFSv4.1 backchannel transport module.
[    0.991102] pci_bus 0000:00: resource 4 [io  0x0000-0x0cf7 window]
[    0.991645] pci_bus 0000:00: resource 5 [io  0x0d00-0xffff window]
[    0.992206] pci_bus 0000:00: resource 6 [mem 0x000a0000-0x000bffff window]
[    0.992816] pci_bus 0000:00: resource 7 [mem 0x80000000-0xfebfffff window]
[    0.993413] pci_bus 0000:00: resource 8 [mem 0x100000000-0x17fffffff window]
[    0.994436] pci 0000:00:01.0: PIIX3: Enabling Passive Release
[    0.994948] pci 0000:00:00.0: Limiting direct PCI/PCI transfers
[    0.995549] PCI: CLS 0 bytes, default 64
[    0.996025] ACPI: bus type thunderbolt registered
[    0.996842] clocksource: tsc: mask: 0xffffffffffffffff max_cycles: 0x240939f1bb2, max_idle_ns: 440795263295 ns
[    3.839443] Initialise system trusted keyrings
[    3.839987] Key type blacklist registered
[    3.840909] workingset: timestamp_bits=36 max_order=19 bucket_order=0
[    3.843814] squashfs: version 4.0 (2009/01/31) Phillip Lougher
[    3.846555] NFS: Registering the id_resolver key type
[    3.847060] Key type id_resolver registered
[    3.847426] Key type id_legacy registered
[    3.847836] nfs4filelayout_init: NFSv4 File Layout Driver Registering...
[    3.848478] nfs4flexfilelayout_init: NFSv4 Flexfile Layout Driver Registering...
[    3.849437] fuse: init (API version 7.45)
[    3.850457] SGI XFS with ACLs, security attributes, realtime, quota, no debug enabled
[    3.853818] 9p: Installing v9fs 9p2000 file system support
[    3.869930] Key type asymmetric registered
[    3.870263] Asymmetric key parser 'x509' registered
[    3.870798] Block layer SCSI generic (bsg) driver version 0.4 loaded (major 241)
[    3.872044] io scheduler mq-deadline registered
[    3.872598] io scheduler bfq registered
[    3.874172] ledtrig-cpu: registered to indicate activity on CPUs
[    3.876313] IPMI message handler: version 39.2
[    3.876770] ipmi device interface
[    3.879597] input: Power Button as /devices/platform/LNXPWRBN:00/input/input0
[    3.880670] ACPI: button: Power Button [PWRF]
[    3.883274] ERST DBG: ERST support is disabled.
[    3.885501] Serial: 8250/16550 driver, 32 ports, IRQ sharing enabled
[    3.887407] 00:04: ttyS0 at I/O 0x3f8 (irq = 4, base_baud = 115200) is a 16550A
[    3.920193] Linux agpgart interface v0.103
[    3.923250] ACPI: bus type drm_connector registered
[    3.936215] Callback from call_rcu_tasks() invoked.
[    3.957246] brd: module loaded
[    3.978320] loop: module loaded
[    3.992783] scsi host0: ata_piix
[    3.994829] scsi host1: ata_piix
[    3.995767] ata1: PATA max MWDMA2 cmd 0x1f0 ctl 0x3f6 bmdma 0xc040 irq 14 lpm-pol 0
[    3.996462] ata2: PATA max MWDMA2 cmd 0x170 ctl 0x376 bmdma 0xc048 irq 15 lpm-pol 0
[    4.000311] tun: Universal TUN/TAP device driver, 1.6
[    4.001514] e100: Intel(R) PRO/100 Network Driver
[    4.001975] e100: Copyright(c) 1999-2006 Intel Corporation
[    4.002620] e1000: Intel(R) PRO/1000 Network Driver
[    4.003059] e1000: Copyright (c) 1999-2006 Intel Corporation.
[    4.152047] ata1: found unknown device (class 0)
[    4.152781] ata2: found unknown device (class 0)
[    4.153827] ata1.00: ATA-7: QEMU HARDDISK, 2.5+, max UDMA/100
[    4.154388] ata1.00: 17196647 sectors, multi 16: LBA48 
[    4.155034] ata2.00: ATAPI: QEMU DVD-ROM, 2.5+, max UDMA/100
[    4.157682] scsi 0:0:0:0: Direct-Access     ATA      QEMU HARDDISK    2.5+ PQ: 0 ANSI: 5
[    4.160999] sd 0:0:0:0: Attached scsi generic sg0 type 0
[    4.161931] sd 0:0:0:0: [sda] 17196647 512-byte logical blocks: (8.80 GB/8.20 GiB)
[    4.163137] sd 0:0:0:0: [sda] Write Protect is off
[    4.163669] scsi 1:0:0:0: CD-ROM            QEMU     QEMU DVD-ROM     2.5+ PQ: 0 ANSI: 5
[    4.164604] sd 0:0:0:0: [sda] Write cache: enabled, read cache: enabled, doesn't support DPO or FUA
[    4.165841] sd 0:0:0:0: [sda] Preferred minimum I/O size 512 bytes
[    4.197323] sd 0:0:0:0: [sda] Attached SCSI disk
[    4.201651] scsi 1:0:0:0: Attached scsi generic sg1 type 5
[    4.860761] ACPI: \_SB_.LNKC: Enabled at IRQ 11
[    5.176259] e1000 0000:00:03.0 eth0: (PCI:33MHz:32-bit) 52:54:00:12:34:56
[    5.176869] e1000 0000:00:03.0 eth0: Intel(R) PRO/1000 Network Connection
[    5.177571] e1000e: Intel(R) PRO/1000 Network Driver
[    5.177975] e1000e: Copyright(c) 1999 - 2015 Intel Corporation.
[    5.178586] igb: Intel(R) Gigabit Ethernet Network Driver
[    5.179041] igb: Copyright (c) 2007-2014 Intel Corporation.
[    5.179969] PPP generic driver version 2.4.2
[    5.182074] VFIO - User Level meta-driver version: 0.3
[    5.184066] usbcore: registered new interface driver uas
[    5.184708] usbcore: registered new interface driver usb-storage
[    5.185501] i8042: PNP: PS/2 Controller [PNP0303:KBD,PNP0f13:MOU] at 0x60,0x64 irq 1,12
[    5.187656] serio: i8042 KBD port at 0x60,0x64 irq 1
[    5.188224] serio: i8042 AUX port at 0x60,0x64 irq 12
[    5.190267] mousedev: PS/2 mouse device common for all mice
[    5.192798] input: AT Translated Set 2 keyboard as /devices/platform/i8042/serio0/input/input1
[    5.194623] rtc_cmos 00:05: RTC can wake from S4
[    5.196232] input: VirtualPS/2 VMware VMMouse as /devices/platform/i8042/serio1/input/input4
[    5.197408] rtc_cmos 00:05: registered as rtc0
[    5.197977] rtc_cmos 00:05: setting system clock to 2026-03-12T08:16:31 UTC (1773303391)
[    5.199088] rtc_cmos 00:05: alarms up to one day, y3k, 242 bytes nvram, hpet irqs
[    5.199381] input: VirtualPS/2 VMware VMMouse as /devices/platform/i8042/serio1/input/input3
[    5.199853] i2c_dev: i2c /dev entries driver
[    5.201034] device-mapper: core: CONFIG_IMA_DISABLE_HTABLE is disabled. Duplicate IMA measurements will not be recorded in the IMA log.
[    5.202163] device-mapper: uevent: version 1.0.3
[    5.203077] device-mapper: ioctl: 4.50.0-ioctl (2025-04-28) initialised: dm-devel@lists.linux.dev
[    5.203894] intel_pstate: CPU model not supported
[    5.204585] sdhci: Secure Digital Host Controller Interface driver
[    5.205137] sdhci: Copyright(c) Pierre Ossman
[    5.205749] sdhci-pltfm: SDHCI platform and OF driver helper
[    5.206871] drop_monitor: Initializing network drop monitor service
[    5.207847] NET: Registered PF_INET6 protocol family
[    5.210089] Segment Routing with IPv6
[    5.210757] In-situ OAM (IOAM) with IPv6
[    5.211185] NET: Registered PF_PACKET protocol family
[    5.212032] 9pnet: Installing 9P2000 support
[    5.212516] Key type dns_resolver registered
[    5.214902] IPI shorthand broadcast: enabled
[    5.282605] sched_clock: Marking stable (5260006048, 19908533)->(5283774838, -3860257)
[    5.286171] registered taskstats version 1
[    5.287310] Loading compiled-in X.509 certificates
[    5.380257] Demotion targets for Node 0: null
[    5.381945] Key type .fscrypt registered
[    5.382314] Key type fscrypt-provisioning registered
[    5.391505] Key type encrypted registered
[    5.391956] ima: No TPM chip found, activating TPM-bypass!
[    5.392466] ima: Allocated hash algorithm: sha1
[    5.392945] ima: No architecture policies found
[    5.393499] evm: Initialising EVM extended attributes:
[    5.393959] evm: security.selinux
[    5.394262] evm: security.SMACK64
[    5.394562] evm: security.SMACK64EXEC
[    5.394896] evm: security.SMACK64TRANSMUTE
[    5.395259] evm: security.SMACK64MMAP
[    5.395584] evm: security.apparmor
[    5.395899] evm: security.ima
[    5.396208] evm: security.capability
[    5.396524] evm: HMAC attrs: 0x1
[    5.399956] PM:   Magic number: 2:449:270
[    5.401656] RAS: Correctable Errors collector initialized.
[    5.402413] clk: Disabling unused clocks
[    5.402806] PM: genpd: Disabling unused power domains
[    5.403888] check access for rdinit=/init failed: -2, ignoring
[    5.404360] md: Waiting for all devices to be available before autodetect
[    5.404797] md: If you don't use raid, use raid=noautodetect
[    5.405135] md: Autodetecting RAID arrays.
[    5.405404] md: autorun ...
[    5.405582] md: ... autorun DONE.
[    5.415646] EXT4-fs (sda): INFO: recovery required on readonly filesystem
[    5.416117] EXT4-fs (sda): write access will be enabled during recovery
[    5.793033] EXT4-fs (sda): recovery complete
[    5.797059] EXT4-fs (sda): mounted filesystem 088740a9-c8b4-422c-999d-a804eb68a4da ro with ordered data mode. Quota mode: none.
[    5.797967] VFS: Mounted root (ext4 filesystem) readonly on device 8:0.
[    5.801868] devtmpfs: mounted
[    5.802635] VFS: Pivoted into new rootfs
[    5.824865] Freeing unused decrypted memory: 2036K
[    5.830739] Freeing unused kernel image (initmem) memory: 16500K
[    5.831205] Write protecting the kernel read-only data: 102400k
[    5.834229] Freeing unused kernel image (text/rodata gap) memory: 680K
[    5.836121] Freeing unused kernel image (rodata/data gap) memory: 1568K
[    6.889537] x86/mm: Checked W+X mappings: passed, no W+X pages found.
[    6.889987] Run /sbin/init as init process
[    7.138811] systemd[1]: systemd 252-15.el9 running in system mode (+PAM +AUDIT +SELINUX -APPARMOR +IMA +SMACK +SECCOMP +GCRYPT +GNUTLS +OPENSSL +ACL +BLKID +CURL +ELFUTILS -FIDO2 +IDN2 -IDN -IPTC +KMOD +LIBCRYPTSETUP +LIBFDISK +PCRE2 -PWQUALITY +P11KIT -QRENCODE +TPM2 +BZIP2 +LZ4 +XZ +ZLIB +ZSTD -BPF_FRAMEWORK +XKBCOMMON +UTMP +SYSVINIT default-hierarchy=unified)
[    7.140723] systemd[1]: Detected virtualization kvm.
[    7.141036] systemd[1]: Detected architecture x86-64.

Welcome to [0;31mCentOS Stream 9[0m!

[    7.148556] systemd[1]: Hostname set to <test>.
[    7.359259] systemd-rc-local-generator[114]: /etc/rc.d/rc.local is not marked executable, skipping.
[    7.811996] systemd[1]: Queued start job for default target Multi-User System.
[    7.830975] systemd[1]: Created slice Virtual Machine and Container Slice.
[[0;32m  OK  [0m] Created slice [0;1;39mVirtual Machine and Container Slice[0m.
[    7.836105] systemd[1]: Created slice Slice /system/getty.
[[0;32m  OK  [0m] Created slice [0;1;39mSlice /system/getty[0m.
[    7.838806] systemd[1]: Created slice Slice /system/modprobe.
[[0;32m  OK  [0m] Created slice [0;1;39mSlice /system/modprobe[0m.
[    7.841689] systemd[1]: Created slice Slice /system/serial-getty.
[[0;32m  OK  [0m] Created slice [0;1;39mSlice /system/serial-getty[0m.
[    7.844712] systemd[1]: Created slice Slice /system/sshd-keygen.
[[0;32m  OK  [0m] Created slice [0;1;39mSlice /system/sshd-keygen[0m.
[    7.847335] systemd[1]: Created slice User and Session Slice.
[[0;32m  OK  [0m] Created slice [0;1;39mUser and Session Slice[0m.
[    7.848640] systemd[1]: Started Forward Password Requests to Wall Directory Watch.
[[0;32m  OK  [0m] Started [0;1;39mForward Password R…uests to Wall Directory Watch[0m.
[    7.850708] systemd[1]: Set up automount Arbitrary Executable File Formats File System Automount Point.
[[0;32m  OK  [0m] Set up automount [0;1;39mArbitrary…s File System Automount Point[0m.
[    7.852272] systemd[1]: Reached target Local Integrity Protected Volumes.
[[0;32m  OK  [0m] Reached target [0;1;39mLocal Integrity Protected Volumes[0m.
[    7.853387] systemd[1]: Reached target Slice Units.
[[0;32m  OK  [0m] Reached target [0;1;39mSlice Units[0m.
[    7.854230] systemd[1]: Reached target Swaps.
[[0;32m  OK  [0m] Reached target [0;1;39mSwaps[0m.
[    7.855030] systemd[1]: Reached target Local Verity Protected Volumes.
[[0;32m  OK  [0m] Reached target [0;1;39mLocal Verity Protected Volumes[0m.
[    7.856423] systemd[1]: Listening on Device-mapper event daemon FIFOs.
[[0;32m  OK  [0m] Listening on [0;1;39mDevice-mapper event daemon FIFOs[0m.
[    7.858034] systemd[1]: Listening on LVM2 poll daemon socket.
[[0;32m  OK  [0m] Listening on [0;1;39mLVM2 poll daemon socket[0m.
[    7.859168] systemd[1]: multipathd control socket was skipped because of an unmet condition check (ConditionPathExists=/etc/multipath.conf).
[    7.912764] systemd[1]: Listening on RPCbind Server Activation Socket.
[[0;32m  OK  [0m] Listening on [0;1;39mRPCbind Server Activation Socket[0m.
[    7.913969] systemd[1]: Reached target RPC Port Mapper.
[[0;32m  OK  [0m] Reached target [0;1;39mRPC Port Mapper[0m.
[    7.917514] systemd[1]: Listening on Process Core Dump Socket.
[[0;32m  OK  [0m] Listening on [0;1;39mProcess Core Dump Socket[0m.
[    7.918892] systemd[1]: Listening on initctl Compatibility Named Pipe.
[[0;32m  OK  [0m] Listening on [0;1;39minitctl Compatibility Named Pipe[0m.
[    7.920603] systemd[1]: Listening on Journal Socket (/dev/log).
[[0;32m  OK  [0m] Listening on [0;1;39mJournal Socket (/dev/log)[0m.
[    7.922139] systemd[1]: Listening on Journal Socket.
[[0;32m  OK  [0m] Listening on [0;1;39mJournal Socket[0m.
[    7.923694] systemd[1]: Listening on udev Control Socket.
[[0;32m  OK  [0m] Listening on [0;1;39mudev Control Socket[0m.
[    7.925855] systemd[1]: Listening on udev Kernel Socket.
[[0;32m  OK  [0m] Listening on [0;1;39mudev Kernel Socket[0m.
[    7.944981] systemd[1]: Mounting Huge Pages File System...
         Mounting [0;1;39mHuge Pages File System[0m...
[    7.950943] systemd[1]: Mounting POSIX Message Queue File System...
         Mounting [0;1;39mPOSIX Message Queue File System[0m...
[    7.962292] systemd[1]: Mounting Kernel Debug File System...
         Mounting [0;1;39mKernel Debug File System[0m...
[    7.969040] systemd[1]: Mounting Kernel Trace File System...
         Mounting [0;1;39mKernel Trace File System[0m...
[    7.970170] systemd[1]: Kernel Module supporting RPCSEC_GSS was skipped because of an unmet condition check (ConditionPathExists=/etc/krb5.keytab).
[    7.971096] systemd[1]: Create List of Static Device Nodes was skipped because of an unmet condition check (ConditionFileNotEmpty=/lib/modules/6.19.0-148f95f75c51+/modules.devname).
[    7.981665] systemd[1]: Starting Monitoring of LVM2 mirrors, snapshots etc. using dmeventd or progress polling...
         Starting [0;1;39mMonitoring of LVM…meventd or progress polling[0m...
[    7.988823] systemd[1]: Starting Load Kernel Module configfs...
         Starting [0;1;39mLoad Kernel Module configfs[0m...
[    7.996705] systemd[1]: Starting Load Kernel Module drm...
         Starting [0;1;39mLoad Kernel Module drm[0m...
[    8.006531] systemd[1]: Starting Load Kernel Module fuse...
         Starting [0;1;39mLoad Kernel Module fuse[0m...
[    8.040619] systemd[1]: Starting Read and set NIS domainname from /etc/sysconfig/network...
         Starting [0;1;39mRead and set NIS …from /etc/sysconfig/network[0m...
[    8.052751] systemd[1]: Starting Journal Service...
         Starting [0;1;39mJournal Service[0m...
[    8.072591] systemd[1]: Starting Load Kernel Modules...
         Starting [0;1;39mLoad Kernel Modules[0m...
[    8.085867] systemd[1]: Starting Generate network units from Kernel command line...
         Starting [0;1;39mGenerate network …ts from Kernel command line[0m...
[    8.101179] systemd[1]: Starting Remount Root and Kernel File Systems...
         Starting [0;1;39mRemount Root and Kernel File Systems[0m...
[    8.108741] systemd[1]: Repartition Root Disk was skipped because no trigger condition checks were met.
[    8.135303] systemd[1]: Starting Coldplug All udev Devices...
         Starting [0;1;39mColdplug All udev Devices[0m...
[    8.151450] systemd[1]: Mounted Huge Pages File System.
[[0;32m  OK  [0m] Mounted [0;1;39mHuge Pages File System[0m.
[    8.153380] systemd[1]: Mounted POSIX Message Queue File System.
[[0;32m  OK  [0m] Mounted [0;1;39mPOSIX Message Queue File System[0m.
[    8.154815] systemd[1]: Mounted Kernel Debug File System.
[[0;32m  OK  [0m] Mounted [0;1;39mKernel Debug File System[0m.
[    8.156200] systemd[1]: Mounted Kernel Trace File System.
[[0;32m  OK  [0m] Mounted [0;1;39mKernel Trace File System[0m.
[    8.158043] EXT4-fs (sda): re-mounted 088740a9-c8b4-422c-999d-a804eb68a4da r/w.
[    8.163279] systemd[1]: Finished Monitoring of LVM2 mirrors, snapshots etc. using dmeventd or progress polling.
[[0;32m  OK  [0m] Finished [0;1;39mMonitoring of LVM… dmeventd or progress polling[0m.
[    8.166737] systemd[1]: modprobe@configfs.service: Deactivated successfully.
[    8.168353] systemd[1]: Finished Load Kernel Module configfs.
[[0;32m  OK  [0m] Finished [0;1;39mLoad Kernel Module configfs[0m.
[    8.170824] systemd[1]: modprobe@drm.service: Deactivated successfully.
[    8.172483] systemd[1]: Finished Load Kernel Module drm.
[[0;32m  OK  [0m] Finished [0;1;39mLoad Kernel Module drm[0m.
[    8.174991] systemd[1]: modprobe@fuse.service: Deactivated successfully.
[    8.176907] systemd[1]: Finished Load Kernel Module fuse.
[[0;32m  OK  [0m] Finished [0;1;39mLoad Kernel Module fuse[0m.
[    8.179490] systemd[1]: Finished Read and set NIS domainname from /etc/sysconfig/network.
[[0;32m  OK  [0m] Finished [0;1;39mRead and set NIS …e from /etc/sysconfig/network[0m.
[    8.182812] systemd[1]: systemd-modules-load.service: Main process exited, code=exited, status=1/FAILURE
[    8.184909] systemd[1]: systemd-modules-load.service: Failed with result 'exit-code'.
[    8.186903] systemd[1]: Failed to start Load Kernel Modules.
[[0;1;31mFAILED[0m] Failed to start [0;1;39mLoad Kernel Modules[0m.
See 'systemctl status systemd-modules-load.service' for details.
[    8.190666] systemd[1]: Finished Generate network units from Kernel command line.
[[0;32m  OK  [0m] Finished [0;1;39mGenerate network units from Kernel command line[0m.
[    8.193324] systemd[1]: Finished Remount Root and Kernel File Systems.
[[0;32m  OK  [0m] Finished [0;1;39mRemount Root and Kernel File Systems[0m.
[    8.195468] systemd[1]: Reached target Preparation for Network.
[[0;32m  OK  [0m] Reached target [0;1;39mPreparation for Network[0m.
[    8.209275] systemd[1]: Mounting FUSE Control File System...
         Mounting [0;1;39mFUSE Control File System[0m...
[    8.226117] systemd[1]: Mounting Kernel Configuration File System...
         Mounting [0;1;39mKernel Configuration File System[0m...
[    8.232624] systemd[1]: Special handling of early boot iSCSI sessions was skipped because of an unmet condition check (ConditionDirectoryNotEmpty=/sys/class/iscsi_session).
[    8.233609] systemd[1]: First Boot Wizard was skipped because of an unmet condition check (ConditionFirstBoot=yes).
[    8.241014] systemd[1]: Rebuild Hardware Database was skipped because of an unmet condition check (ConditionNeedsUpdate=/etc).
[    8.272258] systemd[1]: Starting Load/Save Random Seed...
         Starting [0;1;39mLoad/Save Random Seed[0m...
[    8.285658] systemd[1]: Starting Apply Kernel Variables...
         Starting [0;1;39mApply Kernel Variables[0m...
[    8.287051] systemd[1]: Create System Users was skipped because no trigger condition checks were met.
[    8.298062] systemd[1]: Starting Create Static Device Nodes in /dev...
         Starting [0;1;39mCreate Static Device Nodes in /dev[0m...
[    8.313508] systemd[1]: Starting Setup Virtual Console...
         Starting [0;1;39mSetup Virtual Console[0m...
[    8.338364] systemd[1]: Started Journal Service.
[[0;32m  OK  [0m] Started [0;1;39mJournal Service[0m.
[[0;32m  OK  [0m] Mounted [0;1;39mFUSE Control File System[0m.
[[0;32m  OK  [0m] Mounted [0;1;39mKernel Configuration File System[0m.
[[0;32m  OK  [0m] Finished [0;1;39mLoad/Save Random Seed[0m.
         Starting [0;1;39mFlush Journal to Persistent Storage[0m...
[[0;32m  OK  [0m] Finished [0;1;39mApply Kernel Variables[0m.
[    8.433563] systemd-journald[140]: Received client request to flush runtime journal.
[[0;32m  OK  [0m] Finished [0;1;39mFlush Journal to Persistent Storage[0m.
[[0;32m  OK  [0m] Finished [0;1;39mCreate Static Device Nodes in /dev[0m.
         Starting [0;1;39mRule-based Manage…for Device Events and Files[0m...
[[0;32m  OK  [0m] Started [0;1;39mRule-based Manager for Device Events and Files[0m.
         Starting [0;1;39mAuto-connect to s…E devices found during boot[0m...
[[0;32m  OK  [0m] Finished [0;1;39mAuto-connect to s…VME devices found during boot[0m.
[[0;32m  OK  [0m] Finished [0;1;39mSetup Virtual Console[0m.
[[0;32m  OK  [0m] Finished [0;1;39mColdplug All udev Devices[0m.
         Starting [0;1;39mShow Plymouth Boot Screen[0m...
         Starting [0;1;39mWait for udev To …plete Device Initialization[0m...
[2J[3J[-1;-1f[[0;32m  OK  [0m] Started [0;1;39mShow Plymouth Boot Screen[0m.
[[0;32m  OK  [0m] Started [0;1;39mForward Password R…s to Plymouth Directory Watch[0m.
[[0;32m  OK  [0m] Reached target [0;1;39mLocal Encrypted Volumes[0m.
[[0;32m  OK  [0m] Reached target [0;1;39mPath Units[0m.
[[0;32m  OK  [0m] Found device [0;1;39m/dev/ttyS0[0m.
[[0;32m  OK  [0m] Listening on [0;1;39mLoad/Save RF …itch Status /dev/rfkill Watch[0m.
[[0;32m  OK  [0m] Finished [0;1;39mWait for udev To Complete Device Initialization[0m.
[[0;32m  OK  [0m] Reached target [0;1;39mPreparation for Local File Systems[0m.
[[0;32m  OK  [0m] Reached target [0;1;39mLocal File Systems[0m.
         Starting [0;1;39mTell Plymouth To Write Out Runtime Data[0m...
         Starting [0;1;39mAutomatic Boot Loader Update[0m...
         Starting [0;1;39mCreate Volatile Files and Directories[0m...
[[0;32m  OK  [0m] Finished [0;1;39mTell Plymouth To Write Out Runtime Data[0m.
[[0;32m  OK  [0m] Finished [0;1;39mAutomatic Boot Loader Update[0m.
[[0;32m  OK  [0m] Finished [0;1;39mCreate Volatile Files and Directories[0m.
         Mounting [0;1;39mRPC Pipe File System[0m...
         Starting [0;1;39mSecurity Auditing Service[0m...
         Starting [0;1;39mRPC Bind[0m...
[[0;32m  OK  [0m] Mounted [0;1;39mRPC Pipe File System[0m.
[[0;32m  OK  [0m] Reached target [0;1;39mrpc_pipefs.target[0m.
[[0;32m  OK  [0m] Started [0;1;39mRPC Bind[0m.
[[0;32m  OK  [0m] Started [0;1;39mSecurity Auditing Service[0m.
         Starting [0;1;39mRecord System Boot/Shutdown in UTMP[0m...
[[0;32m  OK  [0m] Finished [0;1;39mRecord System Boot/Shutdown in UTMP[0m.
[[0;32m  OK  [0m] Reached target [0;1;39mSystem Initialization[0m.
[[0;32m  OK  [0m] Started [0;1;39mDaily rotation of log files[0m.
[[0;32m  OK  [0m] Started [0;1;39mUpdates mlocate database every day[0m.
[[0;32m  OK  [0m] Started [0;1;39mDaily Cleanup of Temporary Directories[0m.
[[0;32m  OK  [0m] Started [0;1;39mdaily update of the root trust anchor for DNSSEC[0m.
[[0;32m  OK  [0m] Reached target [0;1;39mTimer Units[0m.
[[0;32m  OK  [0m] Listening on [0;1;39mD-Bus System Message Bus Socket[0m.
[[0;32m  OK  [0m] Listening on [0;1;39mOpen-iSCSI iscsid Socket[0m.
[[0;32m  OK  [0m] Listening on [0;1;39mOpen-iSCSI iscsiuio Socket[0m.
[[0;32m  OK  [0m] Listening on [0;1;39mSSSD Kerberos…ache Manager responder socket[0m.
[[0;32m  OK  [0m] Listening on [0;1;39mLibvirt interface local socket[0m.
[[0;32m  OK  [0m] Listening on [0;1;39mVirtual machine lock manager socket[0m.
[[0;32m  OK  [0m] Listening on [0;1;39mVirtual machine log manager socket[0m.
[[0;32m  OK  [0m] Listening on [0;1;39mLibvirt network local socket[0m.
[[0;32m  OK  [0m] Listening on [0;1;39mLibvirt nodedev local socket[0m.
[[0;32m  OK  [0m] Listening on [0;1;39mLibvirt nwfilter local socket[0m.
[[0;32m  OK  [0m] Listening on [0;1;39mLibvirt proxy local socket[0m.
[[0;32m  OK  [0m] Listening on [0;1;39mLibvirt qemu local socket[0m.
[[0;32m  OK  [0m] Listening on [0;1;39mLibvirt qemu admin socket[0m.
[[0;32m  OK  [0m] Listening on [0;1;39mLibvirt qemu local read-only socket[0m.
[[0;32m  OK  [0m] Listening on [0;1;39mLibvirt secret local socket[0m.
[[0;32m  OK  [0m] Listening on [0;1;39mLibvirt storage local socket[0m.
[[0;32m  OK  [0m] Reached target [0;1;39mSocket Units[0m.
         Starting [0;1;39mD-Bus System Message Bus[0m...
[[0;32m  OK  [0m] Started [0;1;39mD-Bus System Message Bus[0m.
[[0;32m  OK  [0m] Reached target [0;1;39mBasic System[0m.
         Starting [0;1;39mNetwork Manager[0m...
         Starting [0;1;39mNTP client/server[0m...
         Starting [0;1;39mRestore /run/initramfs on shutdown[0m...
[[0;32m  OK  [0m] Started [0;1;39mirqbalance daemon[0m.
[[0;32m  OK  [0m] Started [0;1;39mlibstoragemgmt plug-in server daemon[0m.
[[0;32m  OK  [0m] Started [0;1;39mMachine Check Exception Logging Daemon[0m.
[[0;32m  OK  [0m] Reached target [0;1;39msshd-keygen.target[0m.
[[0;32m  OK  [0m] Reached target [0;1;39mUser and Group Name Lookups[0m.
         Starting [0;1;39mUser Login Management[0m...
         Starting [0;1;39mVirtual Machine a…tainer Registration Service[0m...
[[0;32m  OK  [0m] Finished [0;1;39mRestore /run/initramfs on shutdown[0m.
[[0;32m  OK  [0m] Started [0;1;39mVirtual Machine an…ontainer Registration Service[0m.
         Starting [0;1;39mHostname Service[0m...
[[0;32m  OK  [0m] Started [0;1;39mNTP client/server[0m.
[[0;32m  OK  [0m] Started [0;1;39mUser Login Management[0m.
[[0;32m  OK  [0m] Started [0;1;39mHostname Service[0m.
         Starting [0;1;39mNetwork Manager Script Dispatcher Service[0m...
[[0;32m  OK  [0m] Started [0;1;39mNetwork Manager Script Dispatcher Service[0m.
[   11.944736] e1000: eth0 NIC Link is Up 1000 Mbps Full Duplex, Flow Control: RX
[[0;32m  OK  [0m] Started [0;1;39mNetwork Manager[0m.
[[0;32m  OK  [0m] Reached target [0;1;39mNetwork[0m.
[[0;32m  OK  [0m] Reached target [0;1;39mNetwork is Online[0m.
         Starting [0;1;39mGSSAPI Proxy Daemon[0m...
         Starting [0;1;39mNotify NFS peers of a restart[0m...
         Starting [0;1;39mSystem Logging Service[0m...
         Starting [0;1;39mOpenSSH server daemon[0m...
         Starting [0;1;39mDynamic System Tuning Daemon[0m...
[[0;32m  OK  [0m] Started [0;1;39mNotify NFS peers of a restart[0m.
[[0;32m  OK  [0m] Started [0;1;39mOpenSSH server daemon[0m.
[[0;32m  OK  [0m] Started [0;1;39mGSSAPI Proxy Daemon[0m.
[[0;32m  OK  [0m] Reached target [0;1;39mNFS client services[0m.
[[0;32m  OK  [0m] Reached target [0;1;39mPreparation for Remote File Systems[0m.
[[0;32m  OK  [0m] Reached target [0;1;39mRemote File Systems[0m.
         Starting [0;1;39mPermit User Sessions[0m...
         Starting [0;1;39mVirtualization qemu daemon[0m...
[[0;32m  OK  [0m] Finished [0;1;39mPermit User Sessions[0m.
[[0;32m  OK  [0m] Started [0;1;39mSystem Logging Service[0m.
[[0;32m  OK  [0m] Started [0;1;39mDeferred execution scheduler[0m.
[[0;32m  OK  [0m] Started [0;1;39mCommand Scheduler[0m.
         Starting [0;1;39mHold until boot process finishes up[0m...
         Starting [0;1;39mTerminate Plymouth Boot Screen[0m...
[[0;32m  OK  [0m] Started [0;1;39mVirtualization qemu daemon[0m.

CentOS Stream 9
Kernel 6.19.0-148f95f75c51+ on an x86_64

Activate the web console with: systemctl enable --now cockpit.socket

test login: [  300.340118] INFO: task systemd:726 blocked for more than 147 seconds.
[  300.340570]       Not tainted 6.19.0-148f95f75c51+ #1
[  300.340887] "echo 0 > /proc/sys/kernel/hung_task_timeout_secs" disables this message.
[  300.341370] task:systemd         state:D stack:0     pid:726   tgid:1     ppid:0      task_flags:0x400040 flags:0x00080000
[  300.342026] Call Trace:
[  300.342171]  <TASK>
[  300.342304]  __schedule+0xfa2/0x40b0
[  300.342537]  ? __pfx___schedule+0x10/0x10
[  300.342803]  ? lock_release+0x14f/0x2a0
[  300.343060]  ? wait_transaction_locked+0x196/0x240
[  300.343364]  schedule+0xf6/0x3d0
[  300.343572]  wait_transaction_locked+0x1bb/0x240
[  300.343878]  ? wait_transaction_locked+0x196/0x240
[  300.344296]  ? __pfx_wait_transaction_locked+0x10/0x10
[  300.344607]  ? __pfx_autoremove_wake_function+0x10/0x10
[  300.344937]  ? sysvec_call_function_single+0x9a/0x110
[  300.345260]  add_transaction_credits+0x121/0x1000
[  300.345555]  ? __pfx_add_transaction_credits+0x10/0x10
[  300.345903]  ? lock_acquire+0x180/0x2f0
[  300.346147]  ? __kasan_check_write+0x18/0x20
[  300.346419]  start_this_handle+0x457/0x1550
[  300.346688]  ? __pfx_start_this_handle+0x10/0x10
[  300.346977]  ? kasan_save_track+0x18/0x40
[  300.347230]  ? debug_smp_processor_id+0x20/0x30
[  300.347513]  ? rcu_is_watching+0x19/0xc0
[  300.347762]  ? kmem_cache_alloc_noprof+0x4a2/0x690
[  300.348080]  jbd2__journal_start+0x397/0x810
[  300.348345]  __ext4_journal_start_sb+0x3fc/0x580
[  300.348634]  ? ext4_rmdir+0x637/0xf10
[  300.348870]  ext4_rmdir+0x637/0xf10
[  300.349095]  ? __pfx_ext4_rmdir+0x10/0x10
[  300.349353]  ? __pfx_down_write+0x10/0x10
[  300.349607]  ? do_raw_spin_unlock+0x15c/0x210
[  300.349889]  vfs_rmdir+0x351/0x880
[  300.350111]  filename_rmdir+0x3e5/0x560
[  300.350357]  ? __pfx_filename_rmdir+0x10/0x10
[  300.350630]  ? __sanitizer_cov_trace_const_cmp8+0x1c/0x30
[  300.350966]  ? strncpy_from_user+0x198/0x290
[  300.351237]  ? __sanitizer_cov_trace_const_cmp4+0x1a/0x20
[  300.351566]  ? do_getname+0x19e/0x3e0
[  300.351799]  __x64_sys_unlinkat+0x107/0x140
[  300.352080]  x64_sys_call+0x1b55/0x21c0
[  300.352321]  do_syscall_64+0xc1/0x1180
[  300.352562]  entry_SYSCALL_64_after_hwframe+0x76/0x7e
[  300.352878] RIP: 0033:0x7fd5f943ebab
[  300.353100] RSP: 002b:00007fd5f8c4c838 EFLAGS: 00000246 ORIG_RAX: 0000000000000107
[  300.353556] RAX: ffffffffffffffda RBX: 0000000000000006 RCX: 00007fd5f943ebab
[  300.353979] RDX: 0000000000000200 RSI: 00007fd5f0008bf0 RDI: 000000000000000c
[  300.354404] RBP: 000000000000000c R08: 0000000000000003 R09: 0000000000000078
[  300.354839] R10: 000000000000009b R11: 0000000000000246 R12: 0000000000000000
[  300.355255] R13: 00007fd5f0008bf0 R14: 0000000000000200 R15: 0000000000000006
[  300.355690]  </TASK>
[  300.355838] INFO: task systemd:727 blocked for more than 147 seconds.
[  300.356229]       Not tainted 6.19.0-148f95f75c51+ #1
[  300.356531] "echo 0 > /proc/sys/kernel/hung_task_timeout_secs" disables this message.
[  300.356992] task:systemd         state:D stack:0     pid:727   tgid:1     ppid:0      task_flags:0x400040 flags:0x00080000
[  300.357630] Call Trace:
[  300.357788]  <TASK>
[  300.357940]  __schedule+0xfa2/0x40b0
[  300.358176]  ? __pfx___schedule+0x10/0x10
[  300.358432]  ? lock_release+0x14f/0x2a0
[  300.358677]  ? wait_transaction_locked+0x196/0x240
[  300.358975]  schedule+0xf6/0x3d0
[  300.359181]  wait_transaction_locked+0x1bb/0x240
[  300.359465]  ? wait_transaction_locked+0x196/0x240
[  300.359767]  ? __pfx_wait_transaction_locked+0x10/0x10
[  300.360100]  ? __pfx_autoremove_wake_function+0x10/0x10
[  300.360426]  add_transaction_credits+0x121/0x1000
[  300.360720]  ? __pfx_add_transaction_credits+0x10/0x10
[  300.361040]  ? __this_cpu_preempt_check+0x21/0x30
[  300.361325]  ? lock_acquire+0x180/0x2f0
[  300.361568]  ? __kasan_check_write+0x18/0x20
[  300.361844]  start_this_handle+0x457/0x1550
[  300.362109]  ? __pfx_start_this_handle+0x10/0x10
[  300.362393]  ? kasan_save_track+0x18/0x40
[  300.362641]  ? debug_smp_processor_id+0x20/0x30
[  300.362925]  ? rcu_is_watching+0x19/0xc0
[  300.363176]  ? kmem_cache_alloc_noprof+0x4a2/0x690
[  300.363476]  jbd2__journal_start+0x397/0x810
[  300.363748]  __ext4_journal_start_sb+0x3fc/0x580
[  300.364047]  ? ext4_rmdir+0x637/0xf10
[  300.364285]  ext4_rmdir+0x637/0xf10
[  300.364509]  ? __pfx_ext4_rmdir+0x10/0x10
[  300.364768]  ? __pfx_down_write+0x10/0x10
[  300.365026]  ? do_raw_spin_unlock+0x15c/0x210
[  300.365306]  vfs_rmdir+0x351/0x880
[  300.365531]  filename_rmdir+0x3e5/0x560
[  300.365773]  ? __pfx_filename_rmdir+0x10/0x10
[  300.366050]  ? __sanitizer_cov_trace_const_cmp8+0x1c/0x30
[  300.366378]  ? strncpy_from_user+0x198/0x290
[  300.366649]  ? __sanitizer_cov_trace_const_cmp4+0x1a/0x20
[  300.366986]  ? do_getname+0x19e/0x3e0
[  300.367207]  __x64_sys_unlinkat+0x107/0x140
[  300.367443]  x64_sys_call+0x1b55/0x21c0
[  300.367662]  do_syscall_64+0xc1/0x1180
[  300.367886]  entry_SYSCALL_64_after_hwframe+0x76/0x7e
[  300.368174] RIP: 0033:0x7fd5f943ebab
[  300.368378] RSP: 002b:00007fd5f844b838 EFLAGS: 00000246 ORIG_RAX: 0000000000000107
[  300.368788] RAX: ffffffffffffffda RBX: 0000000000000006 RCX: 00007fd5f943ebab
[  300.369187] RDX: 0000000000000200 RSI: 00007fd5e8008bf0 RDI: 0000000000000016
[  300.369576] RBP: 0000000000000016 R08: 0000000000000003 R09: 0000000000000078
[  300.369986] R10: 000000000000009b R11: 0000000000000246 R12: 0000000000000000
[  300.370400] R13: 00007fd5e8008bf0 R14: 0000000000000200 R15: 0000000000000006
[  300.370844]  </TASK>
[  300.370990] INFO: task kworker/u8:0:12 blocked for more than 147 seconds.
[  300.371398]       Not tainted 6.19.0-148f95f75c51+ #1
[  300.371704] "echo 0 > /proc/sys/kernel/hung_task_timeout_secs" disables this message.
[  300.372189] task:kworker/u8:0    state:D stack:0     pid:12    tgid:12    ppid:2      task_flags:0x4248060 flags:0x00080000
[  300.372837] Workqueue: writeback wb_workfn (flush-8:0)
[  300.373156] Call Trace:
[  300.373313]  <TASK>
[  300.373455]  __schedule+0xfa2/0x40b0
[  300.373693]  ? __pfx___schedule+0x10/0x10
[  300.373948]  ? lock_release+0x14f/0x2a0
[  300.374185]  ? kthread_data+0x61/0xd0
[  300.374421]  ? wait_transaction_locked+0x196/0x240
[  300.374711]  schedule+0xf6/0x3d0
[  300.374929]  wait_transaction_locked+0x1bb/0x240
[  300.375217]  ? wait_transaction_locked+0x196/0x240
[  300.375514]  ? __pfx_wait_transaction_locked+0x10/0x10
[  300.375836]  ? __pfx_autoremove_wake_function+0x10/0x10
[  300.376166]  ? kasan_save_stack+0x40/0x60
[  300.376429]  add_transaction_credits+0x121/0x1000
[  300.376718]  ? kthread+0x41a/0x570
[  300.376948]  ? __pfx_add_transaction_credits+0x10/0x10
[  300.377258]  ? __this_cpu_preempt_check+0x21/0x30
[  300.377552]  ? lock_acquire+0x180/0x2f0
[  300.377812]  ? __kasan_check_write+0x18/0x20
[  300.378084]  start_this_handle+0x457/0x1550
[  300.378349]  ? __pfx_start_this_handle+0x10/0x10
[  300.378630]  ? kasan_save_track+0x18/0x40
[  300.378885]  ? debug_smp_processor_id+0x20/0x30
[  300.379163]  ? rcu_is_watching+0x19/0xc0
[  300.379408]  ? kmem_cache_alloc_noprof+0x4a2/0x690
[  300.379712]  jbd2__journal_start+0x397/0x810
[  300.379999]  __ext4_journal_start_sb+0x3fc/0x580
[  300.380286]  ? __sanitizer_cov_trace_const_cmp4+0x1a/0x20
[  300.380612]  ? ext4_do_writepages+0x1112/0x3930
[  300.380899]  ext4_do_writepages+0x1112/0x3930
[  300.381171]  ? __sanitizer_cov_trace_cmp8+0x1c/0x30
[  300.381477]  ? stack_trace_save+0x96/0xd0
[  300.381735]  ? __lock_acquire+0x412/0x2210
[  300.381998]  ? update_stack_state+0x2d9/0x610
[  300.382281]  ? __pfx_ext4_do_writepages+0x10/0x10
[  300.382582]  ? __this_cpu_preempt_check+0x21/0x30
[  300.382876]  ? lock_is_held_type+0xef/0x150
[  300.383145]  ext4_writepages+0x3e1/0x870
[  300.383393]  ? ext4_writepages+0x3e1/0x870
[  300.383647]  ? __pfx_ext4_writepages+0x10/0x10
[  300.383951]  ? do_raw_spin_unlock+0x15c/0x210
[  300.384222]  ? __pfx_ext4_writepages+0x10/0x10
[  300.384497]  do_writepages+0x255/0x5b0
[  300.384739]  __writeback_single_inode+0x121/0x11f0
[  300.385039]  ? _raw_spin_unlock+0x31/0x60
[  300.385289]  ? __sanitizer_cov_trace_const_cmp8+0x1c/0x30
[  300.385618]  ? wbc_attach_and_unlock_inode.part.0+0x47a/0x890
[  300.385980]  writeback_sb_inodes+0x785/0x1c80
[  300.386262]  ? __pfx_writeback_sb_inodes+0x10/0x10
[  300.386563]  ? __lock_acquire+0x412/0x2210
[  300.386830]  ? __sanitizer_cov_trace_cmp4+0x1a/0x20
[  300.387167]  ? __sanitizer_cov_trace_const_cmp8+0x1c/0x30
[  300.387504]  __writeback_inodes_wb+0xc8/0x280
[  300.387782]  wb_writeback+0x652/0x9e0
[  300.388043]  ? __pfx_wb_writeback+0x10/0x10
[  300.388307]  ? __sanitizer_cov_trace_cmp4+0x1a/0x20
[  300.388606]  ? get_nr_dirty_inodes+0x12c/0x1b0
[  300.388890]  wb_workfn+0x713/0xe60
[  300.389117]  ? __pfx_wb_workfn+0x10/0x10
[  300.389378]  process_one_work+0x930/0x1ad0
[  300.389635]  ? __lock_acquire+0x412/0x2210
[  300.389905]  ? __pfx_process_one_work+0x10/0x10
[  300.390186]  ? move_linked_works+0x1bf/0x2c0
[  300.390460]  ? __this_cpu_preempt_check+0x21/0x30
[  300.390756]  ? __pfx_wb_workfn+0x10/0x10
[  300.391009]  ? assign_work+0x1b6/0x3f0
[  300.391248]  worker_thread+0x697/0xeb0
[  300.391490]  ? __pfx_worker_thread+0x10/0x10
[  300.391757]  kthread+0x41a/0x570
[  300.391983]  ? __pfx_kthread+0x10/0x10
[  300.392227]  ret_from_fork+0x781/0xbe0
[  300.392471]  ? __pfx_ret_from_fork+0x10/0x10
[  300.392736]  ? native_load_tls+0x16/0x50
[  300.392983]  ? __sanitizer_cov_trace_const_cmp8+0x1c/0x30
[  300.393309]  ? __switch_to+0x81e/0x10b0
[  300.393554]  ? __pfx_kthread+0x10/0x10
[  300.393799]  ret_from_fork_asm+0x1a/0x30
[  300.394053]  </TASK>
[  300.394200] INFO: task kworker/u8:1:34 blocked for more than 147 seconds.
[  300.394604]       Not tainted 6.19.0-148f95f75c51+ #1
[  300.394917] "echo 0 > /proc/sys/kernel/hung_task_timeout_secs" disables this message.
[  300.395376] task:kworker/u8:1    state:D stack:0     pid:34    tgid:34    ppid:2      task_flags:0x4248060 flags:0x00080000
[  300.396041] Workqueue: writeback wb_workfn (flush-8:0)
[  300.396359] Call Trace:
[  300.396518]  <TASK>
[  300.396662]  __schedule+0xfa2/0x40b0
[  300.396897]  ? __pfx___schedule+0x10/0x10
[  300.397148]  ? lock_release+0x14f/0x2a0
[  300.397392]  ? kthread_data+0x61/0xd0
[  300.397628]  ? wait_transaction_locked+0x196/0x240
[  300.397931]  schedule+0xf6/0x3d0
[  300.398143]  wait_transaction_locked+0x1bb/0x240
[  300.398429]  ? wait_transaction_locked+0x196/0x240
[  300.398723]  ? __pfx_wait_transaction_locked+0x10/0x10
[  300.399045]  ? __pfx_autoremove_wake_function+0x10/0x10
[  300.399363]  ? kasan_save_stack+0x40/0x60
[  300.399629]  add_transaction_credits+0x121/0x1000
[  300.399938]  ? kthread+0x41a/0x570
[  300.400162]  ? __pfx_add_transaction_credits+0x10/0x10
[  300.400476]  ? __this_cpu_preempt_check+0x21/0x30
[  300.400765]  ? lock_acquire+0x180/0x2f0
[  300.400993]  ? __kasan_check_write+0x18/0x20
[  300.401243]  start_this_handle+0x457/0x1550
[  300.401490]  ? __pfx_start_this_handle+0x10/0x10
[  300.401750]  ? kasan_save_track+0x18/0x40
[  300.401988]  ? debug_smp_processor_id+0x20/0x30
[  300.402274]  ? rcu_is_watching+0x19/0xc0
[  300.402522]  ? kmem_cache_alloc_noprof+0x4a2/0x690
[  300.402829]  jbd2__journal_start+0x397/0x810
[  300.403101]  __ext4_journal_start_sb+0x3fc/0x580
[  300.403375]  ? __sanitizer_cov_trace_const_cmp4+0x1a/0x20
[  300.403678]  ? ext4_do_writepages+0x1112/0x3930
[  300.403953]  ext4_do_writepages+0x1112/0x3930
[  300.404200]  ? stack_trace_save+0x96/0xd0
[  300.404432]  ? __sanitizer_cov_trace_cmp8+0x1c/0x30
[  300.404714]  ? __lock_acquire+0x412/0x2210
[  300.404963]  ? __pfx_ext4_do_writepages+0x10/0x10
[  300.405257]  ? __this_cpu_preempt_check+0x21/0x30
[  300.405547]  ? lock_is_held_type+0xef/0x150
[  300.405814]  ext4_writepages+0x3e1/0x870
[  300.406057]  ? ext4_writepages+0x3e1/0x870
[  300.406309]  ? __pfx_ext4_writepages+0x10/0x10
[  300.406601]  ? do_raw_spin_unlock+0x15c/0x210
[  300.406883]  ? __pfx_ext4_writepages+0x10/0x10
[  300.407163]  do_writepages+0x255/0x5b0
[  300.407407]  __writeback_single_inode+0x121/0x11f0
[  300.407705]  ? _raw_spin_unlock+0x31/0x60
[  300.407969]  ? __sanitizer_cov_trace_const_cmp8+0x1c/0x30
[  300.408295]  ? wbc_attach_and_unlock_inode.part.0+0x47a/0x890
[  300.408646]  writeback_sb_inodes+0x785/0x1c80
[  300.408930]  ? __pfx_writeback_sb_inodes+0x10/0x10
[  300.409225]  ? __lock_acquire+0x412/0x2210
[  300.409477]  ? __lock_acquire+0x412/0x2210
[  300.409764]  ? __sanitizer_cov_trace_const_cmp8+0x1c/0x30
[  300.410111]  __writeback_inodes_wb+0xc8/0x280
[  300.410394]  wb_writeback+0x652/0x9e0
[  300.410635]  ? __pfx_wb_writeback+0x10/0x10
[  300.410908]  ? __sanitizer_cov_trace_cmp4+0x1a/0x20
[  300.411206]  ? get_nr_dirty_inodes+0x12c/0x1b0
[  300.411484]  wb_workfn+0x713/0xe60
[  300.411709]  ? __pfx_wb_workfn+0x10/0x10
[  300.411987]  process_one_work+0x930/0x1ad0
[  300.412237]  ? __lock_acquire+0x412/0x2210
[  300.412499]  ? __pfx_process_one_work+0x10/0x10
[  300.412777]  ? move_linked_works+0x1bf/0x2c0
[  300.413046]  ? __this_cpu_preempt_check+0x21/0x30
[  300.413338]  ? __pfx_wb_workfn+0x10/0x10
[  300.413588]  ? assign_work+0x1b6/0x3f0
[  300.413834]  worker_thread+0x697/0xeb0
[  300.414074]  ? __pfx_worker_thread+0x10/0x10
[  300.414343]  kthread+0x41a/0x570
[  300.414550]  ? __pfx_kthread+0x10/0x10
[  300.414799]  ret_from_fork+0x781/0xbe0
[  300.415038]  ? __pfx_ret_from_fork+0x10/0x10
[  300.415305]  ? native_load_tls+0x16/0x50
[  300.415552]  ? __sanitizer_cov_trace_const_cmp8+0x1c/0x30
[  300.415885]  ? __switch_to+0x81e/0x10b0
[  300.416144]  ? __pfx_kthread+0x10/0x10
[  300.416380]  ret_from_fork_asm+0x1a/0x30
[  300.416636]  </TASK>
[  300.416781] INFO: task kworker/u8:2:36 blocked for more than 147 seconds.
[  300.417190]       Not tainted 6.19.0-148f95f75c51+ #1
[  300.417489] "echo 0 > /proc/sys/kernel/hung_task_timeout_secs" disables this message.
[  300.417951] task:kworker/u8:2    state:D stack:0     pid:36    tgid:36    ppid:2      task_flags:0x4248060 flags:0x00080000
[  300.418609] Workqueue: writeback wb_workfn (flush-8:0)
[  300.418932] Call Trace:
[  300.419088]  <TASK>
[  300.419229]  __schedule+0xfa2/0x40b0
[  300.419462]  ? __pfx___schedule+0x10/0x10
[  300.419718]  ? lock_release+0x14f/0x2a0
[  300.419969]  ? kthread_data+0x61/0xd0
[  300.420201]  ? wait_transaction_locked+0x196/0x240
[  300.420495]  schedule+0xf6/0x3d0
[  300.420707]  wait_transaction_locked+0x1bb/0x240
[  300.421000]  ? wait_transaction_locked+0x196/0x240
[  300.421295]  ? __pfx_wait_transaction_locked+0x10/0x10
[  300.421605]  ? check_noncircular+0x80/0x150
[  300.421867]  ? __pfx_autoremove_wake_function+0x10/0x10
[  300.422189]  ? __this_cpu_preempt_check+0x21/0x30
[  300.422483]  ? lockdep_unlock+0x62/0xd0
[  300.422734]  add_transaction_credits+0x121/0x1000
[  300.423037]  ? __pfx_add_transaction_credits+0x10/0x10
[  300.423351]  ? __this_cpu_preempt_check+0x21/0x30
[  300.423640]  ? lock_acquire+0x180/0x2f0
[  300.423890]  ? __kasan_check_write+0x18/0x20
[  300.424170]  start_this_handle+0x457/0x1550
[  300.424438]  ? __pfx_start_this_handle+0x10/0x10
[  300.424719]  ? kasan_save_track+0x18/0x40
[  300.424975]  ? debug_smp_processor_id+0x20/0x30
[  300.425254]  ? rcu_is_watching+0x19/0xc0
[  300.425501]  ? kmem_cache_alloc_noprof+0x4a2/0x690
[  300.425802]  jbd2__journal_start+0x397/0x810
[  300.426074]  __ext4_journal_start_sb+0x3fc/0x580
[  300.426358]  ? __sanitizer_cov_trace_const_cmp4+0x1a/0x20
[  300.426685]  ? ext4_do_writepages+0x1112/0x3930
[  300.426970]  ext4_do_writepages+0x1112/0x3930
[  300.427244]  ? check_noncircular+0x80/0x150
[  300.427503]  ? arch_stack_walk+0x8b/0xf0
[  300.427763]  ? __lock_acquire+0x412/0x2210
[  300.428040]  ? __pfx_ext4_do_writepages+0x10/0x10
[  300.428339]  ? __this_cpu_preempt_check+0x21/0x30
[  300.428628]  ? lock_is_held_type+0xef/0x150
[  300.428893]  ext4_writepages+0x3e1/0x870
[  300.429138]  ? ext4_writepages+0x3e1/0x870
[  300.429394]  ? __pfx_ext4_writepages+0x10/0x10
[  300.429688]  ? __pfx_ext4_writepages+0x10/0x10
[  300.429972]  do_writepages+0x255/0x5b0
[  300.430213]  __writeback_single_inode+0x121/0x11f0
[  300.430506]  ? _raw_spin_unlock+0x31/0x60
[  300.430754]  ? __sanitizer_cov_trace_const_cmp8+0x1c/0x30
[  300.431085]  ? wbc_attach_and_unlock_inode.part.0+0x47a/0x890
[  300.431450]  writeback_sb_inodes+0x785/0x1c80
[  300.431733]  ? __pfx_writeback_sb_inodes+0x10/0x10
[  300.432041]  ? __lock_acquire+0x412/0x2210
[  300.432298]  ? __lock_acquire+0x412/0x2210
[  300.432587]  ? __sanitizer_cov_trace_const_cmp8+0x1c/0x30
[  300.432927]  __writeback_inodes_wb+0xc8/0x280
[  300.433207]  wb_writeback+0x652/0x9e0
[  300.433443]  ? __pfx_wb_writeback+0x10/0x10
[  300.433710]  ? __sanitizer_cov_trace_cmp4+0x1a/0x20
[  300.434018]  ? get_nr_dirty_inodes+0x12c/0x1b0
[  300.434301]  wb_workfn+0x713/0xe60
[  300.434526]  ? __pfx_wb_workfn+0x10/0x10
[  300.434786]  process_one_work+0x930/0x1ad0
[  300.435044]  ? __lock_acquire+0x412/0x2210
[  300.435305]  ? __pfx_process_one_work+0x10/0x10
[  300.435588]  ? move_linked_works+0x1bf/0x2c0
[  300.435859]  ? __this_cpu_preempt_check+0x21/0x30
[  300.436164]  ? __pfx_wb_workfn+0x10/0x10
[  300.436410]  ? assign_work+0x1b6/0x3f0
[  300.436655]  worker_thread+0x697/0xeb0
[  300.436904]  ? __pfx_worker_thread+0x10/0x10
[  300.437172]  kthread+0x41a/0x570
[  300.437385]  ? __pfx_kthread+0x10/0x10
[  300.437630]  ret_from_fork+0x781/0xbe0
[  300.437875]  ? __pfx_ret_from_fork+0x10/0x10
[  300.438142]  ? native_load_tls+0x16/0x50
[  300.438388]  ? __sanitizer_cov_trace_const_cmp8+0x1c/0x30
[  300.438723]  ? __switch_to+0x81e/0x10b0
[  300.438970]  ? __pfx_kthread+0x10/0x10
[  300.439213]  ret_from_fork_asm+0x1a/0x30
[  300.439478]  </TASK>
[  300.439629] INFO: task jbd2/sda-8:97 blocked for more than 147 seconds.
[  300.440034]       Not tainted 6.19.0-148f95f75c51+ #1
[  300.440347] "echo 0 > /proc/sys/kernel/hung_task_timeout_secs" disables this message.
[  300.440807] task:jbd2/sda-8      state:D stack:0     pid:97    tgid:97    ppid:2      task_flags:0x240040 flags:0x00080000
[  300.441455] Call Trace:
[  300.441611]  <TASK>
[  300.441754]  __schedule+0xfa2/0x40b0
[  300.442028]  ? __pfx___schedule+0x10/0x10
[  300.442279]  ? lock_release+0x14f/0x2a0
[  300.442523]  schedule+0xf6/0x3d0
[  300.442731]  jbd2_journal_wait_updates+0x146/0x270
[  300.443035]  ? __pfx_jbd2_journal_wait_updates+0x10/0x10
[  300.443365]  ? __pfx_autoremove_wake_function+0x10/0x10
[  300.443684]  ? lock_release+0x14f/0x2a0
[  300.443952]  jbd2_journal_commit_transaction+0x7aa/0x6290
[  300.444290]  ? irqentry_exit+0x18a/0x6b0
[  300.444534]  ? irqentry_exit+0x18a/0x6b0
[  300.444775]  ? trace_hardirqs_on+0x26/0x130
[  300.445047]  ? __lock_acquire+0x412/0x2210
[  300.445302]  ? __pfx_jbd2_journal_commit_transaction+0x10/0x10
[  300.445662]  ? do_raw_spin_lock+0x140/0x280
[  300.445929]  ? __pfx_do_raw_spin_lock+0x10/0x10
[  300.446207]  ? lock_acquire+0x180/0x2f0
[  300.446455]  ? __timer_delete_sync+0x20a/0x300
[  300.446730]  ? __this_cpu_preempt_check+0x21/0x30
[  300.447023]  ? _raw_spin_unlock_irqrestore+0x35/0x70
[  300.447335]  ? lockdep_hardirqs_on+0x85/0x110
[  300.447610]  ? _raw_spin_unlock_irqrestore+0x35/0x70
[  300.447929]  ? trace_hardirqs_on+0x26/0x130
[  300.448194]  ? _raw_spin_unlock_irqrestore+0x45/0x70
[  300.448492]  ? __sanitizer_cov_trace_const_cmp4+0x1a/0x20
[  300.448829]  ? __timer_delete_sync+0x21e/0x300
[  300.449113]  ? __this_cpu_preempt_check+0x21/0x30
[  300.449401]  ? lock_release+0x14f/0x2a0
[  300.449648]  kjournald2+0x203/0x790
[  300.449888]  ? __pfx_kjournald2+0x10/0x10
[  300.450137]  ? _raw_spin_unlock_irqrestore+0x35/0x70
[  300.450439]  ? trace_hardirqs_on+0x26/0x130
[  300.450702]  ? __pfx_autoremove_wake_function+0x10/0x10
[  300.451025]  ? __sanitizer_cov_trace_const_cmp1+0x1e/0x30
[  300.451359]  ? __kthread_parkme+0x1bc/0x260
[  300.451621]  ? __pfx_kjournald2+0x10/0x10
[  300.451881]  kthread+0x41a/0x570
[  300.452103]  ? __pfx_kthread+0x10/0x10
[  300.452343]  ret_from_fork+0x781/0xbe0
[  300.452585]  ? __pfx_ret_from_fork+0x10/0x10
[  300.452853]  ? native_load_tls+0x16/0x50
[  300.453095]  ? __sanitizer_cov_trace_const_cmp8+0x1c/0x30
[  300.453423]  ? __switch_to+0x81e/0x10b0
[  300.453665]  ? __pfx_kthread+0x10/0x10
[  300.453908]  ret_from_fork_asm+0x1a/0x30
[  300.454165]  </TASK>
[  300.454310] INFO: task auditd:234 blocked for more than 147 seconds.
[  300.454690]       Not tainted 6.19.0-148f95f75c51+ #1
[  300.455005] "echo 0 > /proc/sys/kernel/hung_task_timeout_secs" disables this message.
[  300.455458] task:auditd          state:D stack:0     pid:234   tgid:234   ppid:1      task_flags:0x400140 flags:0x00080000
[  300.456116] Call Trace:
[  300.456273]  <TASK>
[  300.456415]  __schedule+0xfa2/0x40b0
[  300.456647]  ? __pfx___schedule+0x10/0x10
[  300.456907]  ? lock_release+0x14f/0x2a0
[  300.457150]  ? wait_transaction_locked+0x196/0x240
[  300.457450]  schedule+0xf6/0x3d0
[  300.457663]  wait_transaction_locked+0x1bb/0x240
[  300.457962]  ? wait_transaction_locked+0x196/0x240
[  300.458261]  ? __pfx_wait_transaction_locked+0x10/0x10
[  300.458580]  ? __pfx_autoremove_wake_function+0x10/0x10
[  300.458913]  ? kasan_save_stack+0x40/0x60
[  300.459173]  add_transaction_credits+0x121/0x1000
[  300.459467]  ? do_syscall_64+0xc1/0x1180
[  300.459716]  ? __pfx_add_transaction_credits+0x10/0x10
[  300.460052]  ? __this_cpu_preempt_check+0x21/0x30
[  300.460344]  ? lock_acquire+0x180/0x2f0
[  300.460588]  ? __kasan_check_write+0x18/0x20
[  300.460860]  start_this_handle+0x457/0x1550
[  300.461125]  ? __pfx_start_this_handle+0x10/0x10
[  300.461416]  ? kasan_save_track+0x18/0x40
[  300.461673]  ? debug_smp_processor_id+0x20/0x30
[  300.461962]  ? rcu_is_watching+0x19/0xc0
[  300.462208]  ? kmem_cache_alloc_noprof+0x4a2/0x690
[  300.462513]  jbd2__journal_start+0x397/0x810
[  300.462781]  __ext4_journal_start_sb+0x3fc/0x580
[  300.463073]  ? ext4_dirty_inode+0xb3/0x140
[  300.463330]  ? __pfx_ext4_dirty_inode+0x10/0x10
[  300.463611]  ext4_dirty_inode+0xb3/0x140
[  300.463859]  ? rcu_is_watching+0x19/0xc0
[  300.464114]  __mark_inode_dirty+0x1de/0x14c0
[  300.464382]  file_update_time_flags+0x482/0x510
[  300.464668]  file_modified+0x43/0x60
[  300.464908]  ext4_buffered_write_iter+0x101/0x460
[  300.465204]  ext4_file_write_iter+0xb2a/0x1ee0
[  300.465499]  ? __pfx_ext4_file_write_iter+0x10/0x10
[  300.465804]  ? __this_cpu_preempt_check+0x21/0x30
[  300.466096]  ? lock_is_held_type+0xef/0x150
[  300.466363]  vfs_write+0xc6d/0x11f0
[  300.466584]  ? __pfx_ext4_file_write_iter+0x10/0x10
[  300.466890]  ? __pfx_vfs_write+0x10/0x10
[  300.467152]  ? mutex_lock_nested+0x1f/0x30
[  300.467410]  ksys_write+0x14e/0x280
[  300.467631]  ? __pfx_ksys_write+0x10/0x10
[  300.467893]  ? entry_SYSCALL_64_after_hwframe+0x76/0x7e
[  300.468231]  __x64_sys_write+0x7b/0xc0
[  300.468469]  x64_sys_call+0x1704/0x21c0
[  300.468707]  do_syscall_64+0xc1/0x1180
[  300.468953]  entry_SYSCALL_64_after_hwframe+0x76/0x7e
[  300.469263] RIP: 0033:0x7f168a13ebcf
[  300.469489] RSP: 002b:00007ffc6ea621c0 EFLAGS: 00000293 ORIG_RAX: 0000000000000001
[  300.469949] RAX: ffffffffffffffda RBX: 00000000000000f0 RCX: 00007f168a13ebcf
[  300.470366] RDX: 00000000000000f0 RSI: 00005653466fb0a0 RDI: 0000000000000005
[  300.470788] RBP: 00005653466fb0a0 R08: 0000000000000000 R09: 00007f168a1b14e0
[  300.471217] R10: 00007f168a1b13e0 R11: 0000000000000293 R12: 00000000000000f0
[  300.471646] R13: 00005653466f12a0 R14: 00000000000000f0 R15: 00007f168a1f69e0
[  300.472099]  </TASK>
[  300.472246] INFO: task in:imjournal:308 blocked for more than 147 seconds.
[  300.472652]       Not tainted 6.19.0-148f95f75c51+ #1
[  300.472962] "echo 0 > /proc/sys/kernel/hung_task_timeout_secs" disables this message.
[  300.473420] task:in:imjournal    state:D stack:0     pid:308   tgid:288   ppid:1      task_flags:0x400040 flags:0x00080000
[  300.474072] Call Trace:
[  300.474229]  <TASK>
[  300.474372]  __schedule+0xfa2/0x40b0
[  300.474609]  ? __pfx___schedule+0x10/0x10
[  300.474865]  ? lock_release+0x14f/0x2a0
[  300.475109]  ? wait_transaction_locked+0x196/0x240
[  300.475406]  schedule+0xf6/0x3d0
[  300.475612]  wait_transaction_locked+0x1bb/0x240
[  300.475901]  ? wait_transaction_locked+0x196/0x240
[  300.476212]  ? __pfx_wait_transaction_locked+0x10/0x10
[  300.476529]  ? __pfx_autoremove_wake_function+0x10/0x10
[  300.476857]  ? kasan_save_stack+0x40/0x60
[  300.477114]  add_transaction_credits+0x121/0x1000
[  300.477418]  ? __pfx_add_transaction_credits+0x10/0x10
[  300.477733]  ? __this_cpu_preempt_check+0x21/0x30
[  300.478029]  ? lock_acquire+0x180/0x2f0
[  300.478277]  ? __kasan_check_write+0x18/0x20
[  300.478548]  start_this_handle+0x457/0x1550
[  300.478816]  ? __pfx_start_this_handle+0x10/0x10
[  300.479102]  ? kasan_save_track+0x18/0x40
[  300.479353]  ? debug_smp_processor_id+0x20/0x30
[  300.479635]  ? rcu_is_watching+0x19/0xc0
[  300.479887]  ? kmem_cache_alloc_noprof+0x4a2/0x690
[  300.480195]  jbd2__journal_start+0x397/0x810
[  300.480466]  __ext4_journal_start_sb+0x3fc/0x580
[  300.480755]  __ext4_new_inode+0x2caf/0x5230
[  300.481034]  ? __pfx___ext4_new_inode+0x10/0x10
[  300.481317]  ? __pfx___dquot_initialize+0x10/0x10
[  300.481607]  ? __pfx_d_splice_alias_ops+0x10/0x10
[  300.481910]  ? __pfx_make_vfsuid+0x10/0x10
[  300.482170]  ext4_create+0x32d/0x550
[  300.482407]  ? __pfx_ext4_create+0x10/0x10
[  300.482667]  ? may_o_create+0x51/0x3b0
[  300.482913]  ? __pfx_ext4_create+0x10/0x10
[  300.483172]  lookup_open.isra.0+0xccd/0x1130
[  300.483447]  ? __pfx_lookup_open.isra.0+0x10/0x10
[  300.483756]  ? mnt_get_write_access+0x203/0x2f0
[  300.484057]  ? __sanitizer_cov_trace_const_cmp4+0x1a/0x20
[  300.484384]  path_openat+0xfde/0x2f70
[  300.484615]  ? kmem_cache_alloc_noprof+0x1fd/0x690
[  300.484916]  ? do_getname+0x3c/0x3e0
[  300.485154]  ? __pfx_path_openat+0x10/0x10
[  300.485413]  ? __lock_acquire+0x412/0x2210
[  300.485671]  do_file_open+0x21b/0x470
[  300.485907]  ? __pfx_do_file_open+0x10/0x10
[  300.486177]  ? do_raw_spin_unlock+0x15c/0x210
[  300.486451]  ? _raw_spin_unlock+0x31/0x60
[  300.486716]  do_sys_openat2+0x105/0x230
[  300.486961]  ? __pfx_do_sys_openat2+0x10/0x10
[  300.487233]  ? ktime_get_coarse_real_ts64+0x4d/0xf0
[  300.487534]  ? __this_cpu_preempt_check+0x21/0x30
[  300.487834]  __x64_sys_openat+0x179/0x240
[  300.488096]  ? __pfx___x64_sys_openat+0x10/0x10
[  300.488382]  ? __sanitizer_cov_trace_cmp4+0x1a/0x20
[  300.488686]  ? __audit_syscall_entry+0x393/0x4f0
[  300.488980]  x64_sys_call+0x1b34/0x21c0
[  300.489224]  do_syscall_64+0xc1/0x1180
[  300.489467]  entry_SYSCALL_64_after_hwframe+0x76/0x7e
[  300.489779] RIP: 0033:0x7fdadff3e8c4
[  300.490008] RSP: 002b:00007fdadf2a2a40 EFLAGS: 00000293 ORIG_RAX: 0000000000000101
[  300.490460] RAX: ffffffffffffffda RBX: 00007fdad8000c50 RCX: 00007fdadff3e8c4
[  300.490894] RDX: 0000000000000241 RSI: 00007fdadf2a2b80 RDI: 00000000ffffff9c
[  300.491312] RBP: 00007fdadf2a2b80 R08: 0000000000000000 R09: 0000000000000001
[  300.491713] R10: 00000000000001b6 R11: 0000000000000293 R12: 0000000000000241
[  300.492115] R13: 00007fdad8000c50 R14: 0000000000000001 R15: 00007fdad801b0d0
[  300.492516]  </TASK>
[  300.492655] INFO: task rs:main Q:Reg:310 blocked for more than 147 seconds.
[  300.493072]       Not tainted 6.19.0-148f95f75c51+ #1
[  300.493382] "echo 0 > /proc/sys/kernel/hung_task_timeout_secs" disables this message.
[  300.493846] task:rs:main Q:Reg   state:D stack:0     pid:310   tgid:288   ppid:1      task_flags:0x400040 flags:0x00080000
[  300.494490] Call Trace:
[  300.494645]  <TASK>
[  300.494792]  __schedule+0xfa2/0x40b0
[  300.495027]  ? __pfx___schedule+0x10/0x10
[  300.495277]  ? lock_release+0x14f/0x2a0
[  300.495523]  ? wait_transaction_locked+0x196/0x240
[  300.495823]  schedule+0xf6/0x3d0
[  300.496041]  wait_transaction_locked+0x1bb/0x240
[  300.496328]  ? wait_transaction_locked+0x196/0x240
[  300.496629]  ? __pfx_wait_transaction_locked+0x10/0x10
[  300.496946]  ? __pfx_autoremove_wake_function+0x10/0x10
[  300.497268]  ? kasan_save_stack+0x40/0x60
[  300.497530]  add_transaction_credits+0x121/0x1000
[  300.497830]  ? do_syscall_64+0xc1/0x1180
[  300.498078]  ? __pfx_add_transaction_credits+0x10/0x10
[  300.498396]  ? __this_cpu_preempt_check+0x21/0x30
[  300.498686]  ? lock_acquire+0x180/0x2f0
[  300.498931]  ? __kasan_check_write+0x18/0x20
[  300.499199]  start_this_handle+0x457/0x1550
[  300.499470]  ? __pfx_start_this_handle+0x10/0x10
[  300.499752]  ? kasan_save_track+0x18/0x40
[  300.500019]  ? debug_smp_processor_id+0x20/0x30
[  300.500302]  ? rcu_is_watching+0x19/0xc0
[  300.500545]  ? kmem_cache_alloc_noprof+0x4a2/0x690
[  300.500851]  jbd2__journal_start+0x397/0x810
[  300.501121]  __ext4_journal_start_sb+0x3fc/0x580
[  300.501415]  ? ext4_dirty_inode+0xb3/0x140
[  300.501672]  ? __pfx_ext4_dirty_inode+0x10/0x10
[  300.501958]  ext4_dirty_inode+0xb3/0x140
[  300.502203]  ? rcu_is_watching+0x19/0xc0
[  300.502451]  __mark_inode_dirty+0x1de/0x14c0
[  300.502722]  file_update_time_flags+0x482/0x510
[  300.503018]  file_modified+0x43/0x60
[  300.503245]  ext4_buffered_write_iter+0x101/0x460
[  300.503545]  ext4_file_write_iter+0xb2a/0x1ee0
[  300.503837]  ? __pfx_ext4_file_write_iter+0x10/0x10
[  300.504149]  ? __this_cpu_preempt_check+0x21/0x30
[  300.504438]  ? lock_is_held_type+0xef/0x150
[  300.504698]  vfs_write+0xc6d/0x11f0
[  300.504925]  ? __pfx_ext4_file_write_iter+0x10/0x10
[  300.505232]  ? __pfx_vfs_write+0x10/0x10
[  300.505485]  ? mutex_lock_nested+0x1f/0x30
[  300.505747]  ksys_write+0x14e/0x280
[  300.505981]  ? __pfx_ksys_write+0x10/0x10
[  300.506229]  ? seqcount_lockdep_reader_access.constprop.0+0xc0/0xd0
[  300.506603]  ? ktime_get_coarse_real_ts64+0xad/0xf0
[  300.506912]  __x64_sys_write+0x7b/0xc0
[  300.507148]  x64_sys_call+0x1704/0x21c0
[  300.507386]  do_syscall_64+0xc1/0x1180
[  300.507628]  entry_SYSCALL_64_after_hwframe+0x76/0x7e
[  300.507946] RIP: 0033:0x7fdadff3ebcf
[  300.508172] RSP: 002b:00007fdadeea2890 EFLAGS: 00000293 ORIG_RAX: 0000000000000001
[  300.508620] RAX: ffffffffffffffda RBX: 00007fdad0001a20 RCX: 00007fdadff3ebcf
[  300.509044] RDX: 000000000000005e RSI: 00007fdad0001d00 RDI: 0000000000000007
[  300.509463] RBP: 00007fdad0001d00 R08: 0000000000000000 R09: 0000000000000000
[  300.509891] R10: 000000000000000b R11: 0000000000000293 R12: 0000000000000000
[  300.510317] R13: 0000558969ad0330 R14: 00007fdad0001a20 R15: 000000000000005e
[  300.510751]  </TASK>
[  300.510902] INFO: task repro:709 blocked for more than 147 seconds.
[  300.511276]       Not tainted 6.19.0-148f95f75c51+ #1
[  300.511584] "echo 0 > /proc/sys/kernel/hung_task_timeout_secs" disables this message.
[  300.512059] task:repro           state:D stack:0     pid:709   tgid:709   ppid:708    task_flags:0x400140 flags:0x00080000
[  300.512691] Call Trace:
[  300.512852]  <TASK>
[  300.512994]  __schedule+0xfa2/0x40b0
[  300.513233]  ? __pfx___schedule+0x10/0x10
[  300.513481]  ? lock_release+0x14f/0x2a0
[  300.513726]  ? wait_transaction_locked+0x196/0x240
[  300.514009]  schedule+0xf6/0x3d0
[  300.514202]  wait_transaction_locked+0x1bb/0x240
[  300.514463]  ? wait_transaction_locked+0x196/0x240
[  300.514734]  ? __pfx_wait_transaction_locked+0x10/0x10
[  300.515035]  ? __pfx_autoremove_wake_function+0x10/0x10
[  300.515367]  add_transaction_credits+0x121/0x1000
[  300.515662]  ? __pfx_add_transaction_credits+0x10/0x10
[  300.516005]  ? __this_cpu_preempt_check+0x21/0x30
[  300.516301]  ? lock_acquire+0x180/0x2f0
[  300.516542]  ? __kasan_check_write+0x18/0x20
[  300.516819]  start_this_handle+0x457/0x1550
[  300.517081]  ? __pfx_start_this_handle+0x10/0x10
[  300.517372]  ? kasan_save_track+0x18/0x40
[  300.517626]  ? debug_smp_processor_id+0x20/0x30
[  300.517915]  ? rcu_is_watching+0x19/0xc0
[  300.518161]  ? kmem_cache_alloc_noprof+0x4a2/0x690
[  300.518464]  jbd2__journal_start+0x397/0x810
[  300.518734]  __ext4_journal_start_sb+0x3fc/0x580
[  300.519027]  ? ext4_dirty_inode+0xb3/0x140
[  300.519287]  ? __pfx_ext4_dirty_inode+0x10/0x10
[  300.519569]  ext4_dirty_inode+0xb3/0x140
[  300.519817]  ? rcu_is_watching+0x19/0xc0
[  300.520074]  __mark_inode_dirty+0x1de/0x14c0
[  300.520340]  ? mnt_get_write_access+0x203/0x2f0
[  300.520623]  touch_atime+0x63d/0x780
[  300.520868]  iterate_dir+0x879/0xb00
[  300.521100]  __x64_sys_getdents64+0x163/0x300
[  300.521370]  ? seqcount_lockdep_reader_access.constprop.0+0xb4/0xd0
[  300.521757]  ? __pfx___x64_sys_getdents64+0x10/0x10
[  300.522067]  ? __pfx_filldir64+0x10/0x10
[  300.522327]  ? __audit_syscall_entry+0x393/0x4f0
[  300.522621]  x64_sys_call+0x114f/0x21c0
[  300.522866]  do_syscall_64+0xc1/0x1180
[  300.523107]  entry_SYSCALL_64_after_hwframe+0x76/0x7e
[  300.523418] RIP: 0033:0x7fba00914577
[  300.523640] RSP: 002b:00007fff79cbec98 EFLAGS: 00000293 ORIG_RAX: 00000000000000d9
[  300.524108] RAX: ffffffffffffffda RBX: 0000000000bf82d0 RCX: 00007fba00914577
[  300.524528] RDX: 0000000000008000 RSI: 0000000000bf82d0 RDI: 0000000000000003
[  300.524950] RBP: 0000000000bf82a4 R08: 0000000000000003 R09: 0000000000000078
[  300.525348] R10: 00007fba00815468 R11: 0000000000000293 R12: ffffffffffffff80
[  300.525734] R13: 0000000000000016 R14: 0000000000bf82a0 R15: 00007fba00ab5000
[  300.526142]  </TASK>
[  300.526272] Future hung task reports are suppressed, see sysctl kernel.hung_task_warnings
[  300.526759] 
[  300.526759] Showing all locks held in the system:
[  300.527127] 3 locks held by systemd/726:
[  300.527368]  #0: ff1100000febe408 (sb_writers#3){.+.+}-{0:0}, at: filename_rmdir+0x2e6/0x560
[  300.527898]  #1: ff1100001b51e380 (&type->i_mutex_dir_key#3/1){+.+.}-{4:4}, at: filename_rmdir+0x332/0x560
[  300.528512]  #2: ff1100001b51b3b0 (&type->i_mutex_dir_key#3){++++}-{4:4}, at: vfs_rmdir+0xfc/0x880
[  300.529057] 3 locks held by systemd/727:
[  300.529293]  #0: ff1100000febe408 (sb_writers#3){.+.+}-{0:0}, at: filename_rmdir+0x2e6/0x560
[  300.529825]  #1: ff1100001b7a2a20 (&type->i_mutex_dir_key#3/1){+.+.}-{4:4}, at: filename_rmdir+0x332/0x560
[  300.530412]  #2: ff1100001b7a0d70 (&type->i_mutex_dir_key#3){++++}-{4:4}, at: vfs_rmdir+0xfc/0x880
[  300.530970] 4 locks held by kworker/u8:0/12:
[  300.531229]  #0: ff1100000bd0a148 ((wq_completion)writeback){+.+.}-{0:0}, at: process_one_work+0x1260/0x1ad0
[  300.531818]  #1: ff1100000b5a7ce8 ((work_completion)(&(&wb->dwork)->work)){+.+.}-{0:0}, at: process_one_work+0x89f/0x1ad0
[  300.532472]  #2: ff1100000febe0e0 (&type->s_umount_key#39){++++}-{4:4}, at: super_trylock_shared+0x2b/0x110
[  300.533069]  #3: ff1100000ff7ab98 (&sbi->s_writepages_rwsem){++++}-{0:0}, at: do_writepages+0x255/0x5b0
[  300.533638] 1 lock held by khungtaskd/32:
[  300.533889]  #0: ffffffff87666ca0 (rcu_read_lock){....}-{1:3}, at: debug_show_all_locks+0x3b/0x1f0
[  300.534443] 4 locks held by kworker/u8:1/34:
[  300.534705]  #0: ff1100000bd0a148 ((wq_completion)writeback){+.+.}-{0:0}, at: process_one_work+0x1260/0x1ad0
[  300.535300]  #1: ff1100000bd3fce8 ((work_completion)(&(&wb->dwork)->work)){+.+.}-{0:0}, at: process_one_work+0x89f/0x1ad0
[  300.535960]  #2: ff1100000febe0e0 (&type->s_umount_key#39){++++}-{4:4}, at: super_trylock_shared+0x2b/0x110
[  300.536555]  #3: ff1100000ff7ab98 (&sbi->s_writepages_rwsem){++++}-{0:0}, at: do_writepages+0x255/0x5b0
[  300.537138] 4 locks held by kworker/u8:2/36:
[  300.537406]  #0: ff1100000bd0a148 ((wq_completion)writeback){+.+.}-{0:0}, at: process_one_work+0x1260/0x1ad0
[  300.538022]  #1: ff1100000beefce8 ((work_completion)(&(&wb->dwork)->work)){+.+.}-{0:0}, at: process_one_work+0x89f/0x1ad0
[  300.538671]  #2: ff1100000febe0e0 (&type->s_umount_key#39){++++}-{4:4}, at: super_trylock_shared+0x2b/0x110
[  300.539276]  #3: ff1100000ff7ab98 (&sbi->s_writepages_rwsem){++++}-{0:0}, at: do_writepages+0x255/0x5b0
[  300.539866] 3 locks held by auditd/234:
[  300.540110]  #0: ff11000014ae9eb8 (&f->f_pos_lock){+.+.}-{4:4}, at: fdget_pos+0x2b5/0x390
[  300.540603]  #1: ff1100000febe408 (sb_writers#3){.+.+}-{0:0}, at: ksys_write+0x14e/0x280
[  300.541104]  #2: ff11000018daf6a0 (&sb->s_type->i_mutex_key#10){++++}-{4:4}, at: ext4_buffered_write_iter+0xb8/0x460
[  300.541738] 2 locks held by in:imjournal/308:
[  300.542031]  #0: ff1100000febe408 (sb_writers#3){.+.+}-{0:0}, at: path_openat+0x1939/0x2f70
[  300.542541]  #1: ff1100001ec5aa20 (&type->i_mutex_dir_key#3){++++}-{4:4}, at: path_openat+0xf5d/0x2f70
[  300.543112] 3 locks held by rs:main Q:Reg/310:
[  300.543380]  #0: ff11000013d97978 (&f->f_pos_lock){+.+.}-{4:4}, at: fdget_pos+0x2b5/0x390
[  300.543887]  #1: ff1100000febe408 (sb_writers#3){.+.+}-{0:0}, at: ksys_write+0x14e/0x280
[  300.544406]  #2: ff1100001ec2d9f0 (&sb->s_type->i_mutex_key#10){++++}-{4:4}, at: ext4_buffered_write_iter+0xb8/0x460
[  300.545043] 3 locks held by repro/709:
[  300.545275]  #0: ff110000123a6b78 (&f->f_pos_lock){+.+.}-{4:4}, at: fdget_pos+0x2b5/0x390
[  300.545775]  #1: ff11000021d376a0 (&type->i_mutex_dir_key#3){++++}-{4:4}, at: iterate_dir+0x1a0/0xb00
[  300.546322]  #2: ff1100000febe408 (sb_writers#3){.+.+}-{0:0}, at: iterate_dir+0x879/0xb00
[  300.546798] 2 locks held by repro/710:
[  300.547013]  #0: ff1100000febe408 (sb_writers#3){.+.+}-{0:0}, at: filename_unlinkat+0x195/0x6a0
[  300.547534]  #1: ff1100000febe5f8 (sb_internal){.+.+}-{0:0}, at: evict+0x371/0xae0
[  300.548030] 2 locks held by repro/711:
[  300.548262]  #0: ff1100000febe408 (sb_writers#3){.+.+}-{0:0}, at: filename_unlinkat+0x195/0x6a0
[  300.548805]  #1: ff1100000febe5f8 (sb_internal){.+.+}-{0:0}, at: evict+0x371/0xae0
[  300.549279] 3 locks held by repro/715:
[  300.549514]  #0: ff110000123a62b8 (&f->f_pos_lock){+.+.}-{4:4}, at: fdget_pos+0x2b5/0x390
[  300.550019]  #1: ff11000021e376a0 (&type->i_mutex_dir_key#3){++++}-{4:4}, at: iterate_dir+0x1a0/0xb00
[  300.550586]  #2: ff1100000febe408 (sb_writers#3){.+.+}-{0:0}, at: iterate_dir+0x879/0xb00
[  300.551098] 3 locks held by repro/716:
[  300.551326]  #0: ff1100000febe408 (sb_writers#3){.+.+}-{0:0}, at: filename_create+0x122/0x460
[  300.551863]  #1: ff11000021e33d40 (&type->i_mutex_dir_key#3/1){+.+.}-{4:4}, at: filename_create+0x1e6/0x460
[  300.552472]  #2: ff1100000ff78950 (jbd2_handle){++++}-{0:0}, at: start_this_handle+0x1042/0x1550
[  300.553012] 2 locks held by repro/717:
[  300.553244]  #0: ff1100000febe408 (sb_writers#3){.+.+}-{0:0}, at: filename_unlinkat+0x195/0x6a0
[  300.553777]  #1: ff1100000febe5f8 (sb_internal){.+.+}-{0:0}, at: evict+0x371/0xae0
[  300.554247] 2 locks held by repro/718:
[  300.554477]  #0: ff1100000febe408 (sb_writers#3){.+.+}-{0:0}, at: filename_unlinkat+0x195/0x6a0
[  300.555014]  #1: ff1100000febe5f8 (sb_internal){.+.+}-{0:0}, at: evict+0x371/0xae0
[  300.555476] 2 locks held by repro/723:
[  300.555714]  #0: ff1100000febe408 (sb_writers#3){.+.+}-{0:0}, at: filename_unlinkat+0x195/0x6a0
[  300.556263]  #1: ff1100000febe5f8 (sb_internal){.+.+}-{0:0}, at: evict+0x371/0xae0
[  300.556722] 4 locks held by kworker/u8:4/729:
[  300.556995]  #0: ff1100000bd0a148 ((wq_completion)writeback){+.+.}-{0:0}, at: process_one_work+0x1260/0x1ad0
[  300.557593]  #1: ff11000019607ce8 ((work_completion)(&(&wb->dwork)->work)){+.+.}-{0:0}, at: process_one_work+0x89f/0x1ad0
[  300.558253]  #2: ff1100000febe0e0 (&type->s_umount_key#39){++++}-{4:4}, at: super_trylock_shared+0x2b/0x110
[  300.558849]  #3: ff1100000ff7ab98 (&sbi->s_writepages_rwsem){++++}-{0:0}, at: do_writepages+0x255/0x5b0
[  300.559419] 
[  300.559522] =============================================
[  300.559522] 
