c[?7l[2J[0mSeaBIOS (version rel-1.16.3-0-ga6ed6b701f0a-prebuilt.qemu.org)


iPXE (http://ipxe.org) 00:03.0 CA00 PCI2.10 PnP PMM+7EFD0D60+7EF30D60 CA00
Press Ctrl-B to configure iPXE (PCI 00:03.0)...                                                                               


Booting from ROM..c[?7l[2J[    0.000000] Linux version 6.19.0-157d3d6efd5a+ (root@gnr-800442) (gcc (GCC) 11.5.0 20240719 (Red Hat 11.5.0-14), GNU ld version 2.35.2-66.el9) #1 SMP PREEMPT_DYNAMIC Thu Mar 12 21:53:12 CST 2026
[    0.000000] Command line: console=ttyS0 root=/dev/sda earlyprintk=serial net.ifnames=0 thunderbolt.dyndbg
[    0.000000] KERNEL supported cpus:
[    0.000000]   Intel GenuineIntel
[    0.000000]   AMD AuthenticAMD
[    0.000000]   Hygon HygonGenuine
[    0.000000]   Centaur CentaurHauls
[    0.000000]   zhaoxin   Shanghai  
[    0.000000] x86/CPU: Model not found in latest microcode list
[    0.000000] x86/split lock detection: #DB: warning on user-space bus_locks
[    0.000000] BIOS-provided physical RAM map:
[    0.000000] BIOS-e820: [mem 0x0000000000000000-0x000000000009fbff] usable
[    0.000000] BIOS-e820: [mem 0x000000000009fc00-0x000000000009ffff] reserved
[    0.000000] BIOS-e820: [mem 0x00000000000f0000-0x00000000000fffff] reserved
[    0.000000] BIOS-e820: [mem 0x0000000000100000-0x000000007ffdffff] usable
[    0.000000] BIOS-e820: [mem 0x000000007ffe0000-0x000000007fffffff] reserved
[    0.000000] BIOS-e820: [mem 0x00000000feffc000-0x00000000feffffff] reserved
[    0.000000] BIOS-e820: [mem 0x00000000fffc0000-0x00000000ffffffff] reserved
[    0.000000] printk: legacy bootconsole [earlyser0] enabled
[    0.000000] NX (Execute Disable) protection: active
[    0.000000] APIC: Static calls initialized
[    0.000000] SMBIOS 3.0.0 present.
[    0.000000] DMI: QEMU Standard PC (i440FX + PIIX, 1996), BIOS rel-1.16.3-0-ga6ed6b701f0a-prebuilt.qemu.org 04/01/2014
[    0.000000] DMI: Memory slots populated: 1/1
[    0.000000] Hypervisor detected: KVM
[    0.000000] last_pfn = 0x7ffe0 max_arch_pfn = 0x10000000000
[    0.000000] kvm-clock: Using msrs 4b564d01 and 4b564d00
[    0.000003] kvm-clock: using sched offset of 730194067 cycles
[    0.000482] clocksource: kvm-clock: mask: 0xffffffffffffffff max_cycles: 0x1cd42e4dffb, max_idle_ns: 881590591483 ns
[    0.001947] tsc: Detected 2500.000 MHz processor
[    0.011085] last_pfn = 0x7ffe0 max_arch_pfn = 0x10000000000
[    0.011627] MTRR map: 4 entries (3 fixed + 1 variable; max 19), built from 8 variable MTRRs
[    0.012388] x86/PAT: Configuration [0-7]: WB  WC  UC- UC  WB  WP  UC- WT  
[    0.018263] found SMP MP-table at [mem 0x000f5480-0x000f548f]
[    0.018827] Using GB pages for direct mapping
[    0.021592] ACPI: Early table checksum verification disabled
[    0.022123] ACPI: RSDP 0x00000000000F52A0 000014 (v00 BOCHS )
[    0.022673] ACPI: RSDT 0x000000007FFE1C9B 000034 (v01 BOCHS  BXPC     00000001 BXPC 00000001)
[    0.023460] ACPI: FACP 0x000000007FFE1B47 000074 (v01 BOCHS  BXPC     00000001 BXPC 00000001)
[    0.024250] ACPI: DSDT 0x000000007FFE0040 001B07 (v01 BOCHS  BXPC     00000001 BXPC 00000001)
[    0.025029] ACPI: FACS 0x000000007FFE0000 000040
[    0.025482] ACPI: APIC 0x000000007FFE1BBB 000080 (v03 BOCHS  BXPC     00000001 BXPC 00000001)
[    0.026265] ACPI: HPET 0x000000007FFE1C3B 000038 (v01 BOCHS  BXPC     00000001 BXPC 00000001)
[    0.027046] ACPI: WAET 0x000000007FFE1C73 000028 (v01 BOCHS  BXPC     00000001 BXPC 00000001)
[    0.027832] ACPI: Reserving FACP table memory at [mem 0x7ffe1b47-0x7ffe1bba]
[    0.028474] ACPI: Reserving DSDT table memory at [mem 0x7ffe0040-0x7ffe1b46]
[    0.029109] ACPI: Reserving FACS table memory at [mem 0x7ffe0000-0x7ffe003f]
[    0.029753] ACPI: Reserving APIC table memory at [mem 0x7ffe1bbb-0x7ffe1c3a]
[    0.030394] ACPI: Reserving HPET table memory at [mem 0x7ffe1c3b-0x7ffe1c72]
[    0.031034] ACPI: Reserving WAET table memory at [mem 0x7ffe1c73-0x7ffe1c9a]
[    0.032270] No NUMA configuration found
[    0.032622] Faking a node at [mem 0x0000000000000000-0x000000007ffdffff]
[    0.033265] NODE_DATA(0) allocated [mem 0x7ffb4ec0-0x7ffdfcbf]
[    0.034836] Zone ranges:
[    0.035090]   DMA      [mem 0x0000000000001000-0x0000000000ffffff]
[    0.035609]   DMA32    [mem 0x0000000001000000-0x000000007ffdffff]
[    0.036116]   Normal   empty
[    0.036386]   Device   empty
[    0.036652] Movable zone start for each node
[    0.037048] Early memory node ranges
[    0.037384]   node   0: [mem 0x0000000000001000-0x000000000009efff]
[    0.037951]   node   0: [mem 0x0000000000100000-0x000000007ffdffff]
[    0.038531] Initmem setup node 0 [mem 0x0000000000001000-0x000000007ffdffff]
[    0.039429] On node 0, zone DMA: 1 pages in unavailable ranges
[    0.040120] On node 0, zone DMA: 97 pages in unavailable ranges
[    0.071594] On node 0, zone DMA32: 32 pages in unavailable ranges
[    0.125421] KernelAddressSanitizer initialized (generic)
[    0.126213] ACPI: PM-Timer IO Port: 0x608
[    0.126609] ACPI: LAPIC_NMI (acpi_id[0xff] dfl dfl lint[0x1])
[    0.127183] IOAPIC[0]: apic_id 0, version 17, address 0xfec00000, GSI 0-23
[    0.127817] ACPI: INT_SRC_OVR (bus 0 bus_irq 0 global_irq 2 dfl dfl)
[    0.128413] ACPI: INT_SRC_OVR (bus 0 bus_irq 5 global_irq 5 high level)
[    0.129012] ACPI: INT_SRC_OVR (bus 0 bus_irq 9 global_irq 9 high level)
[    0.129617] ACPI: INT_SRC_OVR (bus 0 bus_irq 10 global_irq 10 high level)
[    0.130233] ACPI: INT_SRC_OVR (bus 0 bus_irq 11 global_irq 11 high level)
[    0.130857] ACPI: Using ACPI (MADT) for SMP configuration information
[    0.131448] ACPI: HPET id: 0x8086a201 base: 0xfed00000
[    0.131918] TSC deadline timer available
[    0.132296] CPU topo: Max. logical packages:   1
[    0.132713] CPU topo: Max. logical dies:       1
[    0.133132] CPU topo: Max. dies per package:   1
[    0.133575] CPU topo: Max. threads per core:   1
[    0.133989] CPU topo: Num. cores per package:     2
[    0.134437] CPU topo: Num. threads per package:   2
[    0.134881] CPU topo: Allowing 2 present CPUs plus 0 hotplug CPUs
[    0.135480] kvm-guest: APIC: eoi() replaced with kvm_guest_apic_eoi_write()
[    0.136131] kvm-guest: KVM setup pv remote TLB flush
[    0.136594] kvm-guest: setup PV sched yield
[    0.137017] PM: hibernation: Registered nosave memory: [mem 0x00000000-0x00000fff]
[    0.137712] PM: hibernation: Registered nosave memory: [mem 0x0009f000-0x000fffff]
[    0.138397] [mem 0x80000000-0xfeffbfff] available for PCI devices
[    0.138941] Booting paravirtualized kernel on KVM
[    0.139373] clocksource: refined-jiffies: mask: 0xffffffff max_cycles: 0xffffffff, max_idle_ns: 7645519600211568 ns
[    0.140338] setup_percpu: NR_CPUS:8192 nr_cpumask_bits:2 nr_cpu_ids:2 nr_node_ids:1
[    0.141479] percpu: Embedded 81 pages/cpu s294912 r8192 d28672 u1048576
[    0.142293] kvm-guest: PV spinlocks enabled
[    0.142695] PV qspinlock hash table entries: 256 (order: 0, 4096 bytes, linear)
[    0.143376] Kernel command line: net.ifnames=0 console=ttyS0 root=/dev/sda earlyprintk=serial net.ifnames=0 thunderbolt.dyndbg
[    0.144702] random: crng init done
[    0.145020] printk: log buffer data + meta data: 262144 + 917504 = 1179648 bytes
[    0.146102] Dentry cache hash table entries: 262144 (order: 9, 2097152 bytes, linear)
[    0.147237] Inode-cache hash table entries: 131072 (order: 8, 1048576 bytes, linear)
[    0.148274] Fallback order for Node 0: 0 
[    0.148286] Built 1 zonelists, mobility grouping on.  Total pages: 524158
[    0.149245] Policy zone: DMA32
[    0.149521] mem auto-init: stack:off, heap alloc:off, heap free:off
[    0.150071] stackdepot: allocating hash table via alloc_large_system_hash
[    0.150691] stackdepot hash table entries: 1048576 (order: 12, 16777216 bytes, linear)
[    0.154400] stackdepot: allocating space for 8192 stack pools via memblock
[    0.189326] SLUB: HWalign=64, Order=0-3, MinObjects=0, CPUs=2, Nodes=1
[    0.189915] kmemleak: Kernel memory leak detector disabled
[    0.226012] ftrace: allocating 75280 entries in 296 pages
[    0.226510] ftrace: allocated 296 pages with 3 groups
[    0.231316] Dynamic Preempt: voluntary
[    0.232177] Running RCU self tests
[    0.232480] Running RCU synchronous self tests
[    0.232869] rcu: Preemptible hierarchical RCU implementation.
[    0.233369] rcu: 	RCU lockdep checking is enabled.
[    0.233795] rcu: 	RCU restricting CPUs from NR_CPUS=8192 to nr_cpu_ids=2.
[    0.234385] 	Trampoline variant of Tasks RCU enabled.
[    0.234821] 	Rude variant of Tasks RCU enabled.
[    0.235222] 	Tracing variant of Tasks RCU enabled.
[    0.235635] rcu: RCU calculated value of scheduler-enlistment delay is 25 jiffies.
[    0.236291] rcu: Adjusting geometry for rcu_fanout_leaf=16, nr_cpu_ids=2
[    0.236959] Running RCU synchronous self tests
[    0.237352] RCU Tasks: Setting shift to 1 and lim to 1 rcu_task_cb_adjust=1 rcu_task_cpu_ids=2.
[    0.238110] RCU Tasks Rude: Setting shift to 1 and lim to 1 rcu_task_cb_adjust=1 rcu_task_cpu_ids=2.
[    0.319421] NR_IRQS: 524544, nr_irqs: 440, preallocated irqs: 16
[    0.320588] rcu: srcu_init: Setting srcu_struct sizes based on contention.
[    0.329634] Console: colour VGA+ 80x25
[    0.330035] printk: legacy console [ttyS0] enabled
[    0.330035] printk: legacy console [ttyS0] enabled
[    0.330907] printk: legacy bootconsole [earlyser0] disabled
[    0.330907] printk: legacy bootconsole [earlyser0] disabled
[    0.331913] Lock dependency validator: Copyright (c) 2006 Red Hat, Inc., Ingo Molnar
[    0.332622] ... MAX_LOCKDEP_SUBCLASSES:  8
[    0.332998] ... MAX_LOCK_DEPTH:          48
[    0.333388] ... MAX_LOCKDEP_KEYS:        8192
[    0.333791] ... CLASSHASH_SIZE:          4096
[    0.334200] ... MAX_LOCKDEP_ENTRIES:     32768
[    0.334608] ... MAX_LOCKDEP_CHAINS:      65536
[    0.335019] ... CHAINHASH_SIZE:          32768
[    0.335433]  memory used by lock dependency info: 6429 kB
[    0.335924]  memory used for stack traces: 4224 kB
[    0.336375]  per task-struct memory footprint: 1920 bytes
[    0.336952] ACPI: Core revision 20250807
[    0.337751] clocksource: hpet: mask: 0xffffffff max_cycles: 0xffffffff, max_idle_ns: 19112604467 ns
[    0.338759] APIC: Switch to symmetric I/O mode setup
[    0.339512] x2apic enabled
[    0.340179] APIC: Switched APIC routing to: physical x2apic
[    0.340695] kvm-guest: APIC: send_IPI_mask() replaced with kvm_send_ipi_mask()
[    0.341371] kvm-guest: APIC: send_IPI_mask_allbutself() replaced with kvm_send_ipi_mask_allbutself()
[    0.342204] kvm-guest: setup PV IPIs
[    0.343698] ..TIMER: vector=0x30 apic1=0 pin1=2 apic2=-1 pin2=-1
[    0.344272] clocksource: tsc-early: mask: 0xffffffffffffffff max_cycles: 0x240939f1bb2, max_idle_ns: 440795263295 ns
[    0.345234] Calibrating delay loop (skipped) preset value.. 5000.00 BogoMIPS (lpj=10000000)
[    0.346143] x86/cpu: User Mode Instruction Prevention (UMIP) activated
[    0.349357] Last level iTLB entries: 4KB 0, 2MB 0, 4MB 0
[    0.349864] Last level dTLB entries: 4KB 0, 2MB 0, 4MB 0, 1GB 0
[    0.350435] mitigations: Enabled attack vectors: user_kernel, user_user, guest_host, guest_guest, SMT mitigations: auto
[    0.351439] Speculative Store Bypass: Mitigation: Speculative Store Bypass disabled via prctl
[    0.352223] Spectre V2 : Mitigation: Enhanced / Automatic IBRS
[    0.352769] ITS: Mitigation: Aligned branch/return thunks
[    0.353229] Spectre V1 : Mitigation: usercopy/swapgs barriers and __user pointer sanitization
[    0.354018] Spectre V2 : WARNING: Unprivileged eBPF is enabled with eIBRS on, data leaks possible via Spectre v2 BHB attacks!
[    0.355052] Spectre V2 : Spectre v2 / PBRSB-eIBRS: Retire a single CALL on VMEXIT
[    0.355707] Spectre V2 : mitigation: Enabling conditional Indirect Branch Prediction Barrier
[    0.356436] active return thunk: its_return_thunk
[    0.356866] Spectre V2 : Spectre BHI mitigation: SW BHB clearing on syscall and VM exit
[    0.357298] x86/fpu: Supporting XSAVE feature 0x001: 'x87 floating point registers'
[    0.358002] x86/fpu: Supporting XSAVE feature 0x002: 'SSE registers'
[    0.358576] x86/fpu: Supporting XSAVE feature 0x004: 'AVX registers'
[    0.359164] x86/fpu: Supporting XSAVE feature 0x020: 'AVX-512 opmask'
[    0.359738] x86/fpu: Supporting XSAVE feature 0x040: 'AVX-512 Hi256'
[    0.360311] x86/fpu: Supporting XSAVE feature 0x080: 'AVX-512 ZMM_Hi256'
[    0.361228] x86/fpu: Supporting XSAVE feature 0x200: 'Protection Keys User registers'
[    0.361918] x86/fpu: Supporting XSAVE feature 0x20000: 'AMX Tile config'
[    0.362516] x86/fpu: Supporting XSAVE feature 0x40000: 'AMX Tile data'
[    0.363111] x86/fpu: xstate_offset[2]:  576, xstate_sizes[2]:  256
[    0.363650] x86/fpu: xstate_offset[5]:  832, xstate_sizes[5]:   64
[    0.364199] x86/fpu: xstate_offset[6]:  896, xstate_sizes[6]:  512
[    0.365232] x86/fpu: xstate_offset[7]: 1408, xstate_sizes[7]: 1024
[    0.365810] x86/fpu: xstate_offset[9]: 2432, xstate_sizes[9]:    8
[    0.366372] x86/fpu: xstate_offset[17]: 2496, xstate_sizes[17]:   64
[    0.366944] x86/fpu: xstate_offset[18]: 2560, xstate_sizes[18]: 8192
[    0.367528] x86/fpu: Enabled xstate features 0x602e7, context size is 10752 bytes, using 'compacted' format.
[    0.540707] Freeing SMP alternatives memory: 64K
[    0.541138] pid_max: default: 32768 minimum: 301
[    0.541567] Yama: becoming mindful.
[    0.542315] Mount-cache hash table entries: 4096 (order: 3, 32768 bytes, linear)
[    0.542981] Mountpoint-cache hash table entries: 4096 (order: 3, 32768 bytes, linear)
[    0.544251] VFS: Finished mounting rootfs on nullfs
[    0.546253] Running RCU synchronous self tests
[    0.546666] Running RCU synchronous self tests
[    0.547352] smpboot: CPU0: Intel GENUINE INTEL(R) XEON(R) (family: 0x6, model: 0xad, stepping: 0x0)
[    0.548919] Performance Events: PEBS fmt0-, Granite Rapids events, 
[    0.549006] core: The event 0x400 is not supported as a normal event.
[    0.549222] core: The event 0x8000 is not supported as a normal event.
[    0.549222] core: The event 0x8100 is not supported as a normal event.
[    0.549230] core: The event 0x8200 is not supported as a normal event.
[    0.549816] core: The event 0x8300 is not supported as a normal event.
[    0.550397] core: The event 0x8400 is not supported as a normal event.
[    0.550991] core: The event 0x8500 is not supported as a normal event.
[    0.551577] core: The event 0x8600 is not supported as a normal event.
[    0.552162] core: The event 0x8700 is not supported as a normal event.
[    0.552774] full-width counters, Intel PMU driver.
[    0.553232] ... version:                   2
[    0.553630] ... bit width:                 48
[    0.554025] ... generic counters:          8
[    0.554412] ... generic bitmap:            00000000000000ff
[    0.554917] ... fixed-purpose counters:    3
[    0.555304] ... fixed-purpose bitmap:      0000000000000007
[    0.555814] ... value mask:                0000ffffffffffff
[    0.556313] ... max period:                00007fffffffffff
[    0.556816] ... global_ctrl mask:          00000007000000ff
[    0.557815] signal: max sigframe size: 11952
[    0.558353] rcu: Hierarchical SRCU implementation.
[    0.558790] rcu: 	Max phase no-delay instances is 1000.
[    0.559473] Timer migration: 1 hierarchy levels; 8 children per group; 1 crossnode level
[    0.585184] smp: Bringing up secondary CPUs ...
[    0.585799] smpboot: x86: Booting SMP configuration:
[    0.586271] .... node  #0, CPUs:      #1
[    0.586623] smp: Brought up 1 node, 2 CPUs
[    0.586623] smpboot: Total of 2 processors activated (10000.00 BogoMIPS)
[    0.590338] Memory: 1591816K/2096632K available (80958K kernel code, 15565K rwdata, 18816K rodata, 16420K init, 20844K bss, 493188K reserved, 0K cma-reserved)
[    0.592267] devtmpfs: initialized
[    0.593975] x86/mm: Memory block size: 128MB
[    0.603405] Running RCU synchronous self tests
[    0.603405] Running RCU synchronous self tests
[    0.605564] Running RCU Tasks wait API self tests
[    0.605749] Running RCU Tasks Rude wait API self tests
[    0.605749] Running RCU Tasks Trace wait API self tests
[    0.606374] clocksource: jiffies: mask: 0xffffffff max_cycles: 0xffffffff, max_idle_ns: 7645041785100000 ns
[    0.609283] posixtimers hash table entries: 1024 (order: 5, 73728 bytes, linear)
[    0.609978] futex hash table entries: 512 (65536 bytes on 1 NUMA nodes, total 64 KiB, linear).
[    0.613170] 
[    0.613262] *************************************************************
[    0.613885] **     NOTICE NOTICE NOTICE NOTICE NOTICE NOTICE NOTICE    **
[    0.614497] **                                                         **
[    0.615096] **  IOMMU DebugFS SUPPORT HAS BEEN ENABLED IN THIS KERNEL  **
[    0.615695] **                                                         **
[    0.616297] ** This means that this kernel is built to expose internal **
[    0.616899] ** IOMMU data structures, which may compromise security on **
[    0.617245] ** your system.                                            **
[    0.617847] **                                                         **
[    0.618445] ** If you see this message and you are not debugging the   **
[    0.619042] ** kernel, report this immediately to your vendor!         **
[    0.619645] **                                                         **
[    0.620236] **     NOTICE NOTICE NOTICE NOTICE NOTICE NOTICE NOTICE    **
[    0.620824] *************************************************************
[    0.621349] PM: RTC time: 13:54:52, date: 2026-03-12
[    0.624396] NET: Registered PF_NETLINK/PF_ROUTE protocol family
[    0.626620] DMA: preallocated 256 KiB GFP_KERNEL|GFP_DMA pool for atomic allocations
[    0.627352] DMA: preallocated 256 KiB GFP_KERNEL|GFP_DMA32 pool for atomic allocations
[    0.628147] audit: initializing netlink subsys (disabled)
[    0.628731] audit: type=2000 audit(1773323693.256:1): state=initialized audit_enabled=0 res=1
[    0.629276] Callback from call_rcu_tasks_trace() invoked.
[    0.631929] thermal_sys: Registered thermal governor 'fair_share'
[    0.631938] thermal_sys: Registered thermal governor 'bang_bang'
[    0.632497] thermal_sys: Registered thermal governor 'step_wise'
[    0.633040] thermal_sys: Registered thermal governor 'user_space'
[    0.633291] cpuidle: using governor ladder
[    0.634226] cpuidle: using governor menu
[    0.635270] acpiphp: ACPI Hot Plug PCI Controller Driver version: 0.5
[    0.637038] PCI: Using configuration type 1 for base access
[    0.637900] kprobes: kprobe jump-optimization is enabled. All kprobes are optimized if possible.
[    0.771362] HugeTLB: registered 1.00 GiB page size, pre-allocated 0 pages
[    0.771996] HugeTLB: 16380 KiB vmemmap can be freed for a 1.00 GiB page
[    0.772600] HugeTLB: registered 2.00 MiB page size, pre-allocated 0 pages
[    0.773206] HugeTLB: 28 KiB vmemmap can be freed for a 2.00 MiB page
[    0.783931] ACPI: Added _OSI(Module Device)
[    0.784338] ACPI: Added _OSI(Processor Device)
[    0.784747] ACPI: Added _OSI(Processor Aggregator Device)
[    0.803435] ACPI: 1 ACPI AML tables successfully acquired and loaded
[    0.810527] ACPI: Interpreter enabled
[    0.811031] ACPI: PM: (supports S0 S3 S4 S5)
[    0.811428] ACPI: Using IOAPIC for interrupt routing
[    0.811979] PCI: Using host bridge windows from ACPI; if necessary, use "pci=nocrs" and report a bug
[    0.812785] PCI: Using E820 reservations for host bridge windows
[    0.814676] ACPI: Enabled 2 GPEs in block 00 to 0F
[    0.861762] ACPI: PCI Root Bridge [PCI0] (domain 0000 [bus 00-ff])
[    0.862373] acpi PNP0A03:00: _OSC: OS supports [ASPM ClockPM Segments MSI EDR HPX-Type3]
[    0.863106] acpi PNP0A03:00: _OSC: not requesting OS control; OS requires [ExtendedConfig ASPM ClockPM MSI]
[    0.864150] acpi PNP0A03:00: fail to add MMCONFIG information, can't access extended configuration space under this bridge
[    0.870808] acpiphp: Slot [3] registered
[    0.871329] acpiphp: Slot [4] registered
[    0.871837] acpiphp: Slot [5] registered
[    0.872357] acpiphp: Slot [6] registered
[    0.872869] acpiphp: Slot [7] registered
[    0.873408] acpiphp: Slot [8] registered
[    0.873917] acpiphp: Slot [9] registered
[    0.874432] acpiphp: Slot [10] registered
[    0.874949] acpiphp: Slot [11] registered
[    0.875485] acpiphp: Slot [12] registered
[    0.876005] acpiphp: Slot [13] registered
[    0.876518] acpiphp: Slot [14] registered
[    0.877034] acpiphp: Slot [15] registered
[    0.877387] acpiphp: Slot [16] registered
[    0.877912] acpiphp: Slot [17] registered
[    0.878417] acpiphp: Slot [18] registered
[    0.878894] acpiphp: Slot [19] registered
[    0.879377] acpiphp: Slot [20] registered
[    0.879850] acpiphp: Slot [21] registered
[    0.880334] acpiphp: Slot [22] registered
[    0.880844] acpiphp: Slot [23] registered
[    0.881368] acpiphp: Slot [24] registered
[    0.881886] acpiphp: Slot [25] registered
[    0.882408] acpiphp: Slot [26] registered
[    0.882928] acpiphp: Slot [27] registered
[    0.883450] acpiphp: Slot [28] registered
[    0.883971] acpiphp: Slot [29] registered
[    0.884491] acpiphp: Slot [30] registered
[    0.885008] acpiphp: Slot [31] registered
[    0.885317] PCI host bridge to bus 0000:00
[    0.885745] pci_bus 0000:00: root bus resource [io  0x0000-0x0cf7 window]
[    0.886356] pci_bus 0000:00: root bus resource [io  0x0d00-0xffff window]
[    0.886956] pci_bus 0000:00: root bus resource [mem 0x000a0000-0x000bffff window]
[    0.887625] pci_bus 0000:00: root bus resource [mem 0x80000000-0xfebfffff window]
[    0.888296] pci_bus 0000:00: root bus resource [mem 0x100000000-0x17fffffff window]
[    0.888989] pci_bus 0000:00: root bus resource [bus 00-ff]
[    0.889330] pci 0000:00:00.0: [8086:1237] type 00 class 0x060000 conventional PCI endpoint
[    0.891730] pci 0000:00:01.0: [8086:7000] type 00 class 0x060100 conventional PCI endpoint
[    0.893935] pci 0000:00:01.1: [8086:7010] type 00 class 0x010180 conventional PCI endpoint
[    0.895199] pci 0000:00:01.1: BAR 4 [io  0xc040-0xc04f]
[    0.895700] pci 0000:00:01.1: BAR 0 [io  0x01f0-0x01f7]: legacy IDE quirk
[    0.896297] pci 0000:00:01.1: BAR 1 [io  0x03f6]: legacy IDE quirk
[    0.896847] pci 0000:00:01.1: BAR 2 [io  0x0170-0x0177]: legacy IDE quirk
[    0.897228] pci 0000:00:01.1: BAR 3 [io  0x0376]: legacy IDE quirk
[    0.898974] pci 0000:00:01.3: [8086:7113] type 00 class 0x068000 conventional PCI endpoint
[    0.899994] pci 0000:00:01.3: quirk: [io  0x0600-0x063f] claimed by PIIX4 ACPI
[    0.900638] pci 0000:00:01.3: quirk: [io  0x0700-0x070f] claimed by PIIX4 SMB
[    0.902426] pci 0000:00:02.0: [1234:1111] type 00 class 0x030000 conventional PCI endpoint
[    0.904287] pci 0000:00:02.0: BAR 0 [mem 0xfd000000-0xfdffffff pref]
[    0.904882] pci 0000:00:02.0: BAR 2 [mem 0xfebf0000-0xfebf0fff]
[    0.905258] pci 0000:00:02.0: ROM [mem 0xfebe0000-0xfebeffff pref]
[    0.905853] pci 0000:00:02.0: Video device with shadowed ROM at [mem 0x000c0000-0x000dffff]
[    0.907994] pci 0000:00:03.0: [8086:100e] type 00 class 0x020000 conventional PCI endpoint
[    0.909654] pci 0000:00:03.0: BAR 0 [mem 0xfebc0000-0xfebdffff]
[    0.910197] pci 0000:00:03.0: BAR 1 [io  0xc000-0xc03f]
[    0.910704] pci 0000:00:03.0: ROM [mem 0xfeb80000-0xfebbffff pref]
[    0.937636] ACPI: PCI: Interrupt link LNKA configured for IRQ 10
[    0.939315] ACPI: PCI: Interrupt link LNKB configured for IRQ 10
[    0.940920] ACPI: PCI: Interrupt link LNKC configured for IRQ 11
[    0.942306] ACPI: PCI: Interrupt link LNKD configured for IRQ 11
[    0.943298] ACPI: PCI: Interrupt link LNKS configured for IRQ 9
[    0.947670] iommu: Default domain type: Translated
[    0.948133] iommu: DMA domain TLB invalidation policy: lazy mode
[    0.955203] SCSI subsystem initialized
[    0.957693] ACPI: bus type USB registered
[    0.958328] usbcore: registered new interface driver usbfs
[    0.958945] usbcore: registered new interface driver hub
[    0.959490] usbcore: registered new device driver usb
[    0.960299] pps_core: LinuxPPS API ver. 1 registered
[    0.960758] pps_core: Software ver. 5.3.6 - Copyright 2005-2007 Rodolfo Giometti <giometti@linux.it>
[    0.961271] PTP clock support registered
[    0.965468] EDAC MC: Ver: 3.0.0
[    0.972267] NetLabel: Initializing
[    0.972616] NetLabel:  domain hash size = 128
[    0.973016] NetLabel:  protocols = UNLABELED CIPSOv4 CALIPSO
[    0.973361] NetLabel:  unlabeled traffic allowed by default
[    0.974375] PCI: Using ACPI for IRQ routing
[    0.975140] pci 0000:00:02.0: vgaarb: setting as boot VGA device
[    0.975697] pci 0000:00:02.0: vgaarb: bridge control possible
[    0.976228] pci 0000:00:02.0: vgaarb: VGA device added: decodes=io+mem,owns=io+mem,locks=none
[    0.977005] vgaarb: loaded
[    0.977663] hpet0: at MMIO 0xfed00000, IRQs 2, 8, 0
[    0.978132] hpet0: 3 comparators, 64-bit 100.000000 MHz counter
[    0.981757] clocksource: Switched to clocksource kvm-clock
[    0.983702] VFS: Disk quotas dquot_6.6.0
[    0.984116] VFS: Dquot-cache hash table entries: 512 (order 0, 4096 bytes)
[    0.985858] pnp: PnP ACPI init
[    0.990619] pnp: PnP ACPI: found 6 devices
[    1.011706] clocksource: acpi_pm: mask: 0xffffff max_cycles: 0xffffff, max_idle_ns: 2085701024 ns
[    1.013001] NET: Registered PF_INET protocol family
[    1.013782] IP idents hash table entries: 32768 (order: 6, 262144 bytes, linear)
[    1.016002] tcp_listen_portaddr_hash hash table entries: 1024 (order: 5, 73728 bytes, linear)
[    1.016827] Table-perturb hash table entries: 65536 (order: 6, 262144 bytes, linear)
[    1.017571] TCP established hash table entries: 16384 (order: 5, 131072 bytes, linear)
[    1.018556] TCP bind hash table entries: 16384 (order: 10, 2359296 bytes, linear)
[    1.020293] TCP: Hash tables configured (established 16384 bind 16384)
[    1.021047] UDP hash table entries: 1024 (order: 6, 262144 bytes, linear)
[    1.021727] UDP-Lite hash table entries: 1024 (order: 6, 262144 bytes, linear)
[    1.022692] NET: Registered PF_UNIX/PF_LOCAL protocol family
[    1.023933] RPC: Registered named UNIX socket transport module.
[    1.024527] RPC: Registered udp transport module.
[    1.024953] RPC: Registered tcp transport module.
[    1.025375] RPC: Registered tcp-with-tls transport module.
[    1.025860] RPC: Registered tcp NFSv4.1 backchannel transport module.
[    1.026450] pci_bus 0000:00: resource 4 [io  0x0000-0x0cf7 window]
[    1.026995] pci_bus 0000:00: resource 5 [io  0x0d00-0xffff window]
[    1.027555] pci_bus 0000:00: resource 6 [mem 0x000a0000-0x000bffff window]
[    1.028178] pci_bus 0000:00: resource 7 [mem 0x80000000-0xfebfffff window]
[    1.028782] pci_bus 0000:00: resource 8 [mem 0x100000000-0x17fffffff window]
[    1.029812] pci 0000:00:01.0: PIIX3: Enabling Passive Release
[    1.030332] pci 0000:00:00.0: Limiting direct PCI/PCI transfers
[    1.030948] PCI: CLS 0 bytes, default 64
[    1.031401] ACPI: bus type thunderbolt registered
[    1.032235] clocksource: tsc: mask: 0xffffffffffffffff max_cycles: 0x240939f1bb2, max_idle_ns: 440795263295 ns
[    4.201175] Initialise system trusted keyrings
[    4.201716] Key type blacklist registered
[    4.202875] workingset: timestamp_bits=36 max_order=19 bucket_order=0
[    4.205827] squashfs: version 4.0 (2009/01/31) Phillip Lougher
[    4.209204] NFS: Registering the id_resolver key type
[    4.209713] Key type id_resolver registered
[    4.210107] Key type id_legacy registered
[    4.210517] nfs4filelayout_init: NFSv4 File Layout Driver Registering...
[    4.211118] nfs4flexfilelayout_init: NFSv4 Flexfile Layout Driver Registering...
[    4.212363] fuse: init (API version 7.45)
[    4.213765] SGI XFS with ACLs, security attributes, realtime, quota, no debug enabled
[    4.216886] 9p: Installing v9fs 9p2000 file system support
[    4.233297] Key type asymmetric registered
[    4.233681] Asymmetric key parser 'x509' registered
[    4.234252] Block layer SCSI generic (bsg) driver version 0.4 loaded (major 241)
[    4.235652] io scheduler mq-deadline registered
[    4.236255] io scheduler bfq registered
[    4.237608] ledtrig-cpu: registered to indicate activity on CPUs
[    4.239727] IPMI message handler: version 39.2
[    4.240259] ipmi device interface
[    4.243278] input: Power Button as /devices/LNXSYSTM:00/LNXPWRBN:00/input/input0
[    4.244928] ACPI: button: Power Button [PWRF]
[    4.247869] ERST DBG: ERST support is disabled.
[    4.250099] Serial: 8250/16550 driver, 32 ports, IRQ sharing enabled
[    4.252081] 00:04: ttyS0 at I/O 0x3f8 (irq = 4, base_baud = 115200) is a 16550A
[    4.297101] Linux agpgart interface v0.103
[    4.301434] ACPI: bus type drm_connector registered
[    4.333908] brd: module loaded
[    4.353296] loop: module loaded
[    4.367635] scsi host0: ata_piix
[    4.368316] Callback from call_rcu_tasks() invoked.
[    4.369662] scsi host1: ata_piix
[    4.370563] ata1: PATA max MWDMA2 cmd 0x1f0 ctl 0x3f6 bmdma 0xc040 irq 14 lpm-pol 0
[    4.371256] ata2: PATA max MWDMA2 cmd 0x170 ctl 0x376 bmdma 0xc048 irq 15 lpm-pol 0
[    4.374963] tun: Universal TUN/TAP device driver, 1.6
[    4.376203] e100: Intel(R) PRO/100 Network Driver
[    4.376882] e100: Copyright(c) 1999-2006 Intel Corporation
[    4.377491] e1000: Intel(R) PRO/1000 Network Driver
[    4.377901] e1000: Copyright (c) 1999-2006 Intel Corporation.
[    4.528293] ata1: found unknown device (class 0)
[    4.529362] ata1.00: ATA-7: QEMU HARDDISK, 2.5+, max UDMA/100
[    4.529923] ata1.00: 17196647 sectors, multi 16: LBA48 
[    4.531749] scsi 0:0:0:0: Direct-Access     ATA      QEMU HARDDISK    2.5+ PQ: 0 ANSI: 5
[    4.532400] ata2: found unknown device (class 0)
[    4.533439] ata2.00: ATAPI: QEMU DVD-ROM, 2.5+, max UDMA/100
[    4.535243] sd 0:0:0:0: Attached scsi generic sg0 type 0
[    4.536141] sd 0:0:0:0: [sda] 17196647 512-byte logical blocks: (8.80 GB/8.20 GiB)
[    4.537319] sd 0:0:0:0: [sda] Write Protect is off
[    4.537856] scsi 1:0:0:0: CD-ROM            QEMU     QEMU DVD-ROM     2.5+ PQ: 0 ANSI: 5
[    4.538808] sd 0:0:0:0: [sda] Write cache: enabled, read cache: enabled, doesn't support DPO or FUA
[    4.540073] sd 0:0:0:0: [sda] Preferred minimum I/O size 512 bytes
[    4.571224] scsi 1:0:0:0: Attached scsi generic sg1 type 5
[    4.574080] sd 0:0:0:0: [sda] Attached SCSI disk
[    5.244762] ACPI: \_SB_.LNKC: Enabled at IRQ 11
[    5.560326] e1000 0000:00:03.0 eth0: (PCI:33MHz:32-bit) 52:54:00:12:34:56
[    5.560963] e1000 0000:00:03.0 eth0: Intel(R) PRO/1000 Network Connection
[    5.561734] e1000e: Intel(R) PRO/1000 Network Driver
[    5.562184] e1000e: Copyright(c) 1999 - 2015 Intel Corporation.
[    5.562855] igb: Intel(R) Gigabit Ethernet Network Driver
[    5.563337] igb: Copyright (c) 2007-2014 Intel Corporation.
[    5.564231] PPP generic driver version 2.4.2
[    5.566127] VFIO - User Level meta-driver version: 0.3
[    5.568130] usbcore: registered new interface driver uas
[    5.568758] usbcore: registered new interface driver usb-storage
[    5.569578] i8042: PNP: PS/2 Controller [PNP0303:KBD,PNP0f13:MOU] at 0x60,0x64 irq 1,12
[    5.571591] serio: i8042 KBD port at 0x60,0x64 irq 1
[    5.572156] serio: i8042 AUX port at 0x60,0x64 irq 12
[    5.574070] mousedev: PS/2 mouse device common for all mice
[    5.576341] input: AT Translated Set 2 keyboard as /devices/platform/i8042/serio0/input/input1
[    5.576742] rtc_cmos 00:05: RTC can wake from S4
[    5.579570] input: VirtualPS/2 VMware VMMouse as /devices/platform/i8042/serio1/input/input4
[    5.579799] rtc_cmos 00:05: registered as rtc0
[    5.580903] rtc_cmos 00:05: setting system clock to 2026-03-12T13:54:57 UTC (1773323697)
[    5.582076] rtc_cmos 00:05: alarms up to one day, y3k, 242 bytes nvram, hpet irqs
[    5.582326] input: VirtualPS/2 VMware VMMouse as /devices/platform/i8042/serio1/input/input3
[    5.582821] i2c_dev: i2c /dev entries driver
[    5.584004] device-mapper: core: CONFIG_IMA_DISABLE_HTABLE is disabled. Duplicate IMA measurements will not be recorded in the IMA log.
[    5.585157] device-mapper: uevent: version 1.0.3
[    5.586325] device-mapper: ioctl: 4.50.0-ioctl (2025-04-28) initialised: dm-devel@lists.linux.dev
[    5.587164] intel_pstate: CPU model not supported
[    5.587843] sdhci: Secure Digital Host Controller Interface driver
[    5.588429] sdhci: Copyright(c) Pierre Ossman
[    5.589029] sdhci-pltfm: SDHCI platform and OF driver helper
[    5.590401] drop_monitor: Initializing network drop monitor service
[    5.591352] NET: Registered PF_INET6 protocol family
[    5.593788] Segment Routing with IPv6
[    5.594311] In-situ OAM (IOAM) with IPv6
[    5.594737] NET: Registered PF_PACKET protocol family
[    5.595812] 9pnet: Installing 9P2000 support
[    5.596378] Key type dns_resolver registered
[    5.598876] IPI shorthand broadcast: enabled
[    5.659961] sched_clock: Marking stable (5636004540, 20009676)->(5663010983, -6996767)
[    5.663464] registered taskstats version 1
[    5.664449] Loading compiled-in X.509 certificates
[    5.748416] Demotion targets for Node 0: null
[    5.749700] Key type .fscrypt registered
[    5.750074] Key type fscrypt-provisioning registered
[    5.759058] Key type encrypted registered
[    5.759459] ima: No TPM chip found, activating TPM-bypass!
[    5.759980] ima: Allocated hash algorithm: sha1
[    5.760499] ima: No architecture policies found
[    5.761074] evm: Initialising EVM extended attributes:
[    5.761536] evm: security.selinux
[    5.761836] evm: security.SMACK64
[    5.762141] evm: security.SMACK64EXEC
[    5.762460] evm: security.SMACK64TRANSMUTE
[    5.762817] evm: security.SMACK64MMAP
[    5.763143] evm: security.apparmor
[    5.763444] evm: security.ima
[    5.763706] evm: security.capability
[    5.764042] evm: HMAC attrs: 0x1
[    5.766954] PM:   Magic number: 2:153:938
[    5.768448] RAS: Correctable Errors collector initialized.
[    5.769186] clk: Disabling unused clocks
[    5.769630] PM: genpd: Disabling unused power domains
[    5.770923] check access for rdinit=/init failed: -2, ignoring
[    5.771758] md: Waiting for all devices to be available before autodetect
[    5.772245] md: If you don't use raid, use raid=noautodetect
[    5.772599] md: Autodetecting RAID arrays.
[    5.772865] md: autorun ...
[    5.773054] md: ... autorun DONE.
[    5.784951] EXT4-fs (sda): INFO: recovery required on readonly filesystem
[    5.785405] EXT4-fs (sda): write access will be enabled during recovery
[    6.456247] EXT4-fs (sda): recovery complete
[    6.460179] EXT4-fs (sda): mounted filesystem 088740a9-c8b4-422c-999d-a804eb68a4da ro with ordered data mode. Quota mode: none.
[    6.460971] VFS: Mounted root (ext4 filesystem) readonly on device 8:0.
[    6.464654] devtmpfs: mounted
[    6.465465] VFS: Pivoted into new rootfs
[    6.487359] Freeing unused decrypted memory: 2036K
[    6.493477] Freeing unused kernel image (initmem) memory: 16420K
[    6.493970] Write protecting the kernel read-only data: 102400k
[    6.497203] Freeing unused kernel image (text/rodata gap) memory: 960K
[    6.499282] Freeing unused kernel image (rodata/data gap) memory: 1664K
[    7.656963] x86/mm: Checked W+X mappings: passed, no W+X pages found.
[    7.657593] Run /sbin/init as init process
[    7.871559] systemd[1]: systemd 252-15.el9 running in system mode (+PAM +AUDIT +SELINUX -APPARMOR +IMA +SMACK +SECCOMP +GCRYPT +GNUTLS +OPENSSL +ACL +BLKID +CURL +ELFUTILS -FIDO2 +IDN2 -IDN -IPTC +KMOD +LIBCRYPTSETUP +LIBFDISK +PCRE2 -PWQUALITY +P11KIT -QRENCODE +TPM2 +BZIP2 +LZ4 +XZ +ZLIB +ZSTD -BPF_FRAMEWORK +XKBCOMMON +UTMP +SYSVINIT default-hierarchy=unified)
[    7.873386] systemd[1]: Detected virtualization kvm.
[    7.873680] systemd[1]: Detected architecture x86-64.

Welcome to [0;31mCentOS Stream 9[0m!

[    7.881026] systemd[1]: Hostname set to <test>.
[    8.094220] systemd-rc-local-generator[118]: /etc/rc.d/rc.local is not marked executable, skipping.
[    8.589108] systemd[1]: Queued start job for default target Multi-User System.
[    8.602947] systemd[1]: Created slice Virtual Machine and Container Slice.
[[0;32m  OK  [0m] Created slice [0;1;39mVirtual Machine and Container Slice[0m.
[    8.608189] systemd[1]: Created slice Slice /system/getty.
[[0;32m  OK  [0m] Created slice [0;1;39mSlice /system/getty[0m.
[    8.611028] systemd[1]: Created slice Slice /system/modprobe.
[[0;32m  OK  [0m] Created slice [0;1;39mSlice /system/modprobe[0m.
[    8.613911] systemd[1]: Created slice Slice /system/serial-getty.
[[0;32m  OK  [0m] Created slice [0;1;39mSlice /system/serial-getty[0m.
[    8.616861] systemd[1]: Created slice Slice /system/sshd-keygen.
[[0;32m  OK  [0m] Created slice [0;1;39mSlice /system/sshd-keygen[0m.
[    8.619514] systemd[1]: Created slice User and Session Slice.
[[0;32m  OK  [0m] Created slice [0;1;39mUser and Session Slice[0m.
[    8.620842] systemd[1]: Started Forward Password Requests to Wall Directory Watch.
[[0;32m  OK  [0m] Started [0;1;39mForward Password R…uests to Wall Directory Watch[0m.
[    8.622923] systemd[1]: Set up automount Arbitrary Executable File Formats File System Automount Point.
[[0;32m  OK  [0m] Set up automount [0;1;39mArbitrary…s File System Automount Point[0m.
[    8.624552] systemd[1]: Reached target Local Integrity Protected Volumes.
[[0;32m  OK  [0m] Reached target [0;1;39mLocal Integrity Protected Volumes[0m.
[    8.625696] systemd[1]: Reached target Slice Units.
[[0;32m  OK  [0m] Reached target [0;1;39mSlice Units[0m.
[    8.626557] systemd[1]: Reached target Swaps.
[[0;32m  OK  [0m] Reached target [0;1;39mSwaps[0m.
[    8.627361] systemd[1]: Reached target Local Verity Protected Volumes.
[[0;32m  OK  [0m] Reached target [0;1;39mLocal Verity Protected Volumes[0m.
[    8.628765] systemd[1]: Listening on Device-mapper event daemon FIFOs.
[[0;32m  OK  [0m] Listening on [0;1;39mDevice-mapper event daemon FIFOs[0m.
[    8.630362] systemd[1]: Listening on LVM2 poll daemon socket.
[[0;32m  OK  [0m] Listening on [0;1;39mLVM2 poll daemon socket[0m.
[    8.631503] systemd[1]: multipathd control socket was skipped because of an unmet condition check (ConditionPathExists=/etc/multipath.conf).
[    8.679828] systemd[1]: Listening on RPCbind Server Activation Socket.
[[0;32m  OK  [0m] Listening on [0;1;39mRPCbind Server Activation Socket[0m.
[    8.681325] systemd[1]: Reached target RPC Port Mapper.
[[0;32m  OK  [0m] Reached target [0;1;39mRPC Port Mapper[0m.
[    8.685437] systemd[1]: Listening on Process Core Dump Socket.
[[0;32m  OK  [0m] Listening on [0;1;39mProcess Core Dump Socket[0m.
[    8.687240] systemd[1]: Listening on initctl Compatibility Named Pipe.
[[0;32m  OK  [0m] Listening on [0;1;39minitctl Compatibility Named Pipe[0m.
[    8.689204] systemd[1]: Listening on Journal Socket (/dev/log).
[[0;32m  OK  [0m] Listening on [0;1;39mJournal Socket (/dev/log)[0m.
[    8.691187] systemd[1]: Listening on Journal Socket.
[[0;32m  OK  [0m] Listening on [0;1;39mJournal Socket[0m.
[    8.692934] systemd[1]: Listening on udev Control Socket.
[[0;32m  OK  [0m] Listening on [0;1;39mudev Control Socket[0m.
[    8.694670] systemd[1]: Listening on udev Kernel Socket.
[[0;32m  OK  [0m] Listening on [0;1;39mudev Kernel Socket[0m.
[    8.701181] systemd[1]: Mounting Huge Pages File System...
         Mounting [0;1;39mHuge Pages File System[0m...
[    8.708359] systemd[1]: Mounting POSIX Message Queue File System...
         Mounting [0;1;39mPOSIX Message Queue File System[0m...
[    8.720158] systemd[1]: Mounting Kernel Debug File System...
         Mounting [0;1;39mKernel Debug File System[0m...
[    8.729960] systemd[1]: Mounting Kernel Trace File System...
         Mounting [0;1;39mKernel Trace File System[0m...
[    8.731136] systemd[1]: Kernel Module supporting RPCSEC_GSS was skipped because of an unmet condition check (ConditionPathExists=/etc/krb5.keytab).
[    8.732159] systemd[1]: Create List of Static Device Nodes was skipped because of an unmet condition check (ConditionFileNotEmpty=/lib/modules/6.19.0-157d3d6efd5a+/modules.devname).
[    8.743018] systemd[1]: Starting Monitoring of LVM2 mirrors, snapshots etc. using dmeventd or progress polling...
         Starting [0;1;39mMonitoring of LVM…meventd or progress polling[0m...
[    8.766719] systemd[1]: Starting Load Kernel Module configfs...
         Starting [0;1;39mLoad Kernel Module configfs[0m...
[    8.773881] systemd[1]: Starting Load Kernel Module drm...
         Starting [0;1;39mLoad Kernel Module drm[0m...
[    8.804293] systemd[1]: Starting Load Kernel Module fuse...
         Starting [0;1;39mLoad Kernel Module fuse[0m...
[    8.822085] systemd[1]: Starting Read and set NIS domainname from /etc/sysconfig/network...
         Starting [0;1;39mRead and set NIS …from /etc/sysconfig/network[0m...
[    8.838071] systemd[1]: Starting Journal Service...
         Starting [0;1;39mJournal Service[0m...
[    8.846572] systemd[1]: Starting Load Kernel Modules...
         Starting [0;1;39mLoad Kernel Modules[0m...
[    8.858589] systemd[1]: Starting Generate network units from Kernel command line...
         Starting [0;1;39mGenerate network …ts from Kernel command line[0m...
[    8.876561] systemd[1]: Starting Remount Root and Kernel File Systems...
         Starting [0;1;39mRemount Root and Kernel File Systems[0m...
[    8.879866] systemd[1]: Repartition Root Disk was skipped because no trigger condition checks were met.
[    8.913268] systemd[1]: Starting Coldplug All udev Devices...
         Starting [0;1;39mColdplug All udev Devices[0m...
[    8.927542] systemd[1]: Mounted Huge Pages File System.
[[0;32m  OK  [0m] Mounted [0;1;39mHuge Pages File System[0m.
[    8.932662] systemd[1]: Mounted POSIX Message Queue File System.
[[0;32m  OK  [0m] Mounted [0;1;39mPOSIX Message Queue File System[0m.
[    8.936182] systemd[1]: Mounted Kernel Debug File System.
[[0;32m  OK  [0m] Mounted [0;1;39mKernel Debug File System[0m.
[    8.937614] systemd[1]: Mounted Kernel Trace File System.
[[0;32m  OK  [0m] Mounted [0;1;39mKernel Trace File System[0m.
[    8.941719] systemd[1]: Finished Monitoring of LVM2 mirrors, snapshots etc. using dmeventd or progress polling.
[[0;32m  OK  [0m] Finished [0;1;39mMonitoring of LVM… dmeventd or progress polling[0m.
[    8.948513] EXT4-fs (sda): re-mounted 088740a9-c8b4-422c-999d-a804eb68a4da r/w.
[    8.955077] systemd[1]: modprobe@configfs.service: Deactivated successfully.
[    8.960711] systemd[1]: Finished Load Kernel Module configfs.
[[0;32m  OK  [0m] Finished [0;1;39mLoad Kernel Module configfs[0m.
[    8.966147] systemd[1]: modprobe@drm.service: Deactivated successfully.
[    8.967614] systemd[1]: Finished Load Kernel Module drm.
[[0;32m  OK  [0m] Finished [0;1;39mLoad Kernel Module drm[0m.
[    8.978391] systemd[1]: modprobe@fuse.service: Deactivated successfully.
[    8.979891] systemd[1]: Finished Load Kernel Module fuse.
[[0;32m  OK  [0m] Finished [0;1;39mLoad Kernel Module fuse[0m.
[    8.990323] systemd[1]: Finished Read and set NIS domainname from /etc/sysconfig/network.
[[0;32m  OK  [0m] Finished [0;1;39mRead and set NIS …e from /etc/sysconfig/network[0m.
[    8.996604] systemd[1]: systemd-modules-load.service: Main process exited, code=exited, status=1/FAILURE
[    8.998001] systemd[1]: systemd-modules-load.service: Failed with result 'exit-code'.
[    8.999495] systemd[1]: Failed to start Load Kernel Modules.
[[0;1;31mFAILED[0m] Failed to start [0;1;39mLoad Kernel Modules[0m.
See 'systemctl status systemd-modules-load.service' for details.
[    9.015886] systemd[1]: Finished Generate network units from Kernel command line.
[[0;32m  OK  [0m] Finished [0;1;39mGenerate network units from Kernel command line[0m.
[    9.025024] systemd[1]: Started Journal Service.
[[0;32m  OK  [0m] Started [0;1;39mJournal Service[0m.
[[0;32m  OK  [0m] Finished [0;1;39mRemount Root and Kernel File Systems[0m.
[[0;32m  OK  [0m] Reached target [0;1;39mPreparation for Network[0m.
         Mounting [0;1;39mFUSE Control File System[0m...
         Mounting [0;1;39mKernel Configuration File System[0m...
         Starting [0;1;39mFlush Journal to Persistent Storage[0m...
         Starting [0;1;39mLoad/Save Random Seed[0m...
         Starting [0;1;39mApply Kernel Variables[0m...
[    9.130853] systemd-journald[140]: Received client request to flush runtime journal.
         Starting [0;1;39mCreate Static Device Nodes in /dev[0m...
         Starting [0;1;39mSetup Virtual Console[0m...
[[0;32m  OK  [0m] Mounted [0;1;39mFUSE Control File System[0m.
[[0;32m  OK  [0m] Mounted [0;1;39mKernel Configuration File System[0m.
[[0;32m  OK  [0m] Finished [0;1;39mFlush Journal to Persistent Storage[0m.
[[0;32m  OK  [0m] Finished [0;1;39mLoad/Save Random Seed[0m.
[[0;32m  OK  [0m] Finished [0;1;39mApply Kernel Variables[0m.
[[0;32m  OK  [0m] Finished [0;1;39mCreate Static Device Nodes in /dev[0m.
         Starting [0;1;39mRule-based Manage…for Device Events and Files[0m...
[[0;32m  OK  [0m] Started [0;1;39mRule-based Manager for Device Events and Files[0m.
         Starting [0;1;39mAuto-connect to s…E devices found during boot[0m...
[[0;32m  OK  [0m] Finished [0;1;39mAuto-connect to s…VME devices found during boot[0m.
[[0;32m  OK  [0m] Finished [0;1;39mColdplug All udev Devices[0m.
         Starting [0;1;39mWait for udev To …plete Device Initialization[0m...
[[0;32m  OK  [0m] Finished [0;1;39mSetup Virtual Console[0m.
         Starting [0;1;39mShow Plymouth Boot Screen[0m...
[2J[3J[-1;-1f[[0;32m  OK  [0m] Started [0;1;39mShow Plymouth Boot Screen[0m.
[[0;32m  OK  [0m] Started [0;1;39mForward Password R…s to Plymouth Directory Watch[0m.
[[0;32m  OK  [0m] Reached target [0;1;39mLocal Encrypted Volumes[0m.
[[0;32m  OK  [0m] Reached target [0;1;39mPath Units[0m.
[[0;32m  OK  [0m] Found device [0;1;39m/dev/ttyS0[0m.
[[0;32m  OK  [0m] Listening on [0;1;39mLoad/Save RF …itch Status /dev/rfkill Watch[0m.
[[0;32m  OK  [0m] Finished [0;1;39mWait for udev To Complete Device Initialization[0m.
[[0;32m  OK  [0m] Reached target [0;1;39mPreparation for Local File Systems[0m.
[[0;32m  OK  [0m] Reached target [0;1;39mLocal File Systems[0m.
         Starting [0;1;39mTell Plymouth To Write Out Runtime Data[0m...
         Starting [0;1;39mAutomatic Boot Loader Update[0m...
         Starting [0;1;39mCreate Volatile Files and Directories[0m...
[[0;32m  OK  [0m] Finished [0;1;39mTell Plymouth To Write Out Runtime Data[0m.
[[0;32m  OK  [0m] Finished [0;1;39mAutomatic Boot Loader Update[0m.
[[0;32m  OK  [0m] Finished [0;1;39mCreate Volatile Files and Directories[0m.
         Mounting [0;1;39mRPC Pipe File System[0m...
         Starting [0;1;39mSecurity Auditing Service[0m...
         Starting [0;1;39mRPC Bind[0m...
[[0;32m  OK  [0m] Mounted [0;1;39mRPC Pipe File System[0m.
[[0;32m  OK  [0m] Reached target [0;1;39mrpc_pipefs.target[0m.
[[0;32m  OK  [0m] Started [0;1;39mRPC Bind[0m.
[[0;32m  OK  [0m] Started [0;1;39mSecurity Auditing Service[0m.
         Starting [0;1;39mRecord System Boot/Shutdown in UTMP[0m...
[[0;32m  OK  [0m] Finished [0;1;39mRecord System Boot/Shutdown in UTMP[0m.
[[0;32m  OK  [0m] Reached target [0;1;39mSystem Initialization[0m.
[[0;32m  OK  [0m] Started [0;1;39mDaily rotation of log files[0m.
[[0;32m  OK  [0m] Started [0;1;39mUpdates mlocate database every day[0m.
[[0;32m  OK  [0m] Started [0;1;39mDaily Cleanup of Temporary Directories[0m.
[[0;32m  OK  [0m] Started [0;1;39mdaily update of the root trust anchor for DNSSEC[0m.
[[0;32m  OK  [0m] Reached target [0;1;39mTimer Units[0m.
[[0;32m  OK  [0m] Listening on [0;1;39mD-Bus System Message Bus Socket[0m.
[[0;32m  OK  [0m] Listening on [0;1;39mOpen-iSCSI iscsid Socket[0m.
[[0;32m  OK  [0m] Listening on [0;1;39mOpen-iSCSI iscsiuio Socket[0m.
[[0;32m  OK  [0m] Listening on [0;1;39mSSSD Kerberos…ache Manager responder socket[0m.
[[0;32m  OK  [0m] Listening on [0;1;39mLibvirt interface local socket[0m.
[[0;32m  OK  [0m] Listening on [0;1;39mVirtual machine lock manager socket[0m.
[[0;32m  OK  [0m] Listening on [0;1;39mVirtual machine log manager socket[0m.
[[0;32m  OK  [0m] Listening on [0;1;39mLibvirt network local socket[0m.
[[0;32m  OK  [0m] Listening on [0;1;39mLibvirt nodedev local socket[0m.
[[0;32m  OK  [0m] Listening on [0;1;39mLibvirt nwfilter local socket[0m.
[[0;32m  OK  [0m] Listening on [0;1;39mLibvirt proxy local socket[0m.
[[0;32m  OK  [0m] Listening on [0;1;39mLibvirt qemu local socket[0m.
[[0;32m  OK  [0m] Listening on [0;1;39mLibvirt qemu admin socket[0m.
[[0;32m  OK  [0m] Listening on [0;1;39mLibvirt qemu local read-only socket[0m.
[[0;32m  OK  [0m] Listening on [0;1;39mLibvirt secret local socket[0m.
[[0;32m  OK  [0m] Listening on [0;1;39mLibvirt storage local socket[0m.
[[0;32m  OK  [0m] Reached target [0;1;39mSocket Units[0m.
         Starting [0;1;39mD-Bus System Message Bus[0m...
[[0;32m  OK  [0m] Started [0;1;39mD-Bus System Message Bus[0m.
[[0;32m  OK  [0m] Reached target [0;1;39mBasic System[0m.
         Starting [0;1;39mNetwork Manager[0m...
         Starting [0;1;39mNTP client/server[0m...
         Starting [0;1;39mRestore /run/initramfs on shutdown[0m...
[[0;32m  OK  [0m] Started [0;1;39mirqbalance daemon[0m.
[[0;32m  OK  [0m] Started [0;1;39mlibstoragemgmt plug-in server daemon[0m.
[[0;32m  OK  [0m] Started [0;1;39mMachine Check Exception Logging Daemon[0m.
[[0;32m  OK  [0m] Reached target [0;1;39msshd-keygen.target[0m.
[[0;32m  OK  [0m] Reached target [0;1;39mUser and Group Name Lookups[0m.
         Starting [0;1;39mUser Login Management[0m...
         Starting [0;1;39mVirtual Machine a…tainer Registration Service[0m...
[[0;32m  OK  [0m] Finished [0;1;39mRestore /run/initramfs on shutdown[0m.
[[0;32m  OK  [0m] Started [0;1;39mVirtual Machine an…ontainer Registration Service[0m.
         Starting [0;1;39mHostname Service[0m...
[[0;32m  OK  [0m] Started [0;1;39mNTP client/server[0m.
[[0;32m  OK  [0m] Started [0;1;39mUser Login Management[0m.
[[0;32m  OK  [0m] Started [0;1;39mHostname Service[0m.
         Starting [0;1;39mNetwork Manager Script Dispatcher Service[0m...
[[0;32m  OK  [0m] Started [0;1;39mNetwork Manager Script Dispatcher Service[0m.
[   12.676443] e1000: eth0 NIC Link is Up 1000 Mbps Full Duplex, Flow Control: RX
[[0;32m  OK  [0m] Started [0;1;39mNetwork Manager[0m.
[[0;32m  OK  [0m] Reached target [0;1;39mNetwork[0m.
[[0;32m  OK  [0m] Reached target [0;1;39mNetwork is Online[0m.
         Starting [0;1;39mGSSAPI Proxy Daemon[0m...
         Starting [0;1;39mNotify NFS peers of a restart[0m...
         Starting [0;1;39mSystem Logging Service[0m...
         Starting [0;1;39mOpenSSH server daemon[0m...
         Starting [0;1;39mDynamic System Tuning Daemon[0m...
[[0;32m  OK  [0m] Started [0;1;39mNotify NFS peers of a restart[0m.
[[0;32m  OK  [0m] Started [0;1;39mGSSAPI Proxy Daemon[0m.
[[0;32m  OK  [0m] Started [0;1;39mOpenSSH server daemon[0m.
[[0;32m  OK  [0m] Reached target [0;1;39mNFS client services[0m.
[[0;32m  OK  [0m] Reached target [0;1;39mPreparation for Remote File Systems[0m.
[[0;32m  OK  [0m] Reached target [0;1;39mRemote File Systems[0m.
         Starting [0;1;39mPermit User Sessions[0m...
         Starting [0;1;39mVirtualization qemu daemon[0m...
[[0;32m  OK  [0m] Finished [0;1;39mPermit User Sessions[0m.
[[0;32m  OK  [0m] Started [0;1;39mDeferred execution scheduler[0m.
[[0;32m  OK  [0m] Started [0;1;39mCommand Scheduler[0m.
         Starting [0;1;39mHold until boot process finishes up[0m...
         Starting [0;1;39mTerminate Plymouth Boot Screen[0m...
[[0;32m  OK  [0m] Started [0;1;39mSystem Logging Service[0m.
[[0;32m  OK  [0m] Started [0;1;39mVirtualization qemu daemon[0m.
[[0;32m  OK  [0m] Finished [0;1;39mHold until boot process finishes up[0m.
[[0;32m  OK  [0m] Finished [0;1;39mTerminate Plymouth Boot Screen[0m.

CentOS Stream 9
Kernel 6.19.0-157d3d6efd5a+ on an x86_64

Activate the web console with: systemctl enable --now cockpit.socket

test login: 