c[?7l[2J[0mSeaBIOS (version rel-1.16.3-0-ga6ed6b701f0a-prebuilt.qemu.org)


iPXE (http://ipxe.org) 00:03.0 CA00 PCI2.10 PnP PMM+7EFD0D60+7EF30D60 CA00
Press Ctrl-B to configure iPXE (PCI 00:03.0)...                                                                               


Booting from ROM..c[?7l[2J[    0.000000] Linux version 6.12.0-2edc8f933df7+ (root@gnr-800442) (gcc (GCC) 11.5.0 20240719 (Red Hat 11.5.0-14), GNU ld version 2.35.2-66.el9) #1 SMP PREEMPT_DYNAMIC Tue Mar 10 10:27:40 CST 2026
[    0.000000] Command line: console=ttyS0 root=/dev/sda earlyprintk=serial net.ifnames=0 thunderbolt.dyndbg
[    0.000000] KERNEL supported cpus:
[    0.000000]   Intel GenuineIntel
[    0.000000]   AMD AuthenticAMD
[    0.000000]   Hygon HygonGenuine
[    0.000000]   Centaur CentaurHauls
[    0.000000]   zhaoxin   Shanghai  
[    0.000000] x86/split lock detection: #DB: warning on user-space bus_locks
[    0.000000] BIOS-provided physical RAM map:
[    0.000000] BIOS-e820: [mem 0x0000000000000000-0x000000000009fbff] usable
[    0.000000] BIOS-e820: [mem 0x000000000009fc00-0x000000000009ffff] reserved
[    0.000000] BIOS-e820: [mem 0x00000000000f0000-0x00000000000fffff] reserved
[    0.000000] BIOS-e820: [mem 0x0000000000100000-0x000000007ffdffff] usable
[    0.000000] BIOS-e820: [mem 0x000000007ffe0000-0x000000007fffffff] reserved
[    0.000000] BIOS-e820: [mem 0x00000000feffc000-0x00000000feffffff] reserved
[    0.000000] BIOS-e820: [mem 0x00000000fffc0000-0x00000000ffffffff] reserved
[    0.000000] printk: legacy bootconsole [earlyser0] enabled
[    0.000000] NX (Execute Disable) protection: active
[    0.000000] APIC: Static calls initialized
[    0.000000] SMBIOS 3.0.0 present.
[    0.000000] DMI: QEMU Standard PC (i440FX + PIIX, 1996), BIOS rel-1.16.3-0-ga6ed6b701f0a-prebuilt.qemu.org 04/01/2014
[    0.000000] DMI: Memory slots populated: 1/1
[    0.000000] Hypervisor detected: KVM
[    0.000000] kvm-clock: Using msrs 4b564d01 and 4b564d00
[    0.000003] kvm-clock: using sched offset of 658795738 cycles
[    0.000471] clocksource: kvm-clock: mask: 0xffffffffffffffff max_cycles: 0x1cd42e4dffb, max_idle_ns: 881590591483 ns
[    0.001909] tsc: Detected 2500.000 MHz processor
[    0.010510] last_pfn = 0x7ffe0 max_arch_pfn = 0x10000000000
[    0.011005] MTRR map: 4 entries (3 fixed + 1 variable; max 19), built from 8 variable MTRRs
[    0.011762] x86/PAT: Configuration [0-7]: WB  WC  UC- UC  WB  WP  UC- WT  
[    0.017069] found SMP MP-table at [mem 0x000f5480-0x000f548f]
[    0.017630] Using GB pages for direct mapping
[    0.020800] ACPI: Early table checksum verification disabled
[    0.021304] ACPI: RSDP 0x00000000000F52A0 000014 (v00 BOCHS )
[    0.021839] ACPI: RSDT 0x000000007FFE1C9B 000034 (v01 BOCHS  BXPC     00000001 BXPC 00000001)
[    0.022611] ACPI: FACP 0x000000007FFE1B47 000074 (v01 BOCHS  BXPC     00000001 BXPC 00000001)
[    0.023378] ACPI: DSDT 0x000000007FFE0040 001B07 (v01 BOCHS  BXPC     00000001 BXPC 00000001)
[    0.024145] ACPI: FACS 0x000000007FFE0000 000040
[    0.024574] ACPI: APIC 0x000000007FFE1BBB 000080 (v03 BOCHS  BXPC     00000001 BXPC 00000001)
[    0.025329] ACPI: HPET 0x000000007FFE1C3B 000038 (v01 BOCHS  BXPC     00000001 BXPC 00000001)
[    0.026092] ACPI: WAET 0x000000007FFE1C73 000028 (v01 BOCHS  BXPC     00000001 BXPC 00000001)
[    0.026859] ACPI: Reserving FACP table memory at [mem 0x7ffe1b47-0x7ffe1bba]
[    0.027493] ACPI: Reserving DSDT table memory at [mem 0x7ffe0040-0x7ffe1b46]
[    0.028104] ACPI: Reserving FACS table memory at [mem 0x7ffe0000-0x7ffe003f]
[    0.028747] ACPI: Reserving APIC table memory at [mem 0x7ffe1bbb-0x7ffe1c3a]
[    0.029357] ACPI: Reserving HPET table memory at [mem 0x7ffe1c3b-0x7ffe1c72]
[    0.029985] ACPI: Reserving WAET table memory at [mem 0x7ffe1c73-0x7ffe1c9a]
[    0.031122] No NUMA configuration found
[    0.031480] Faking a node at [mem 0x0000000000000000-0x000000007ffdffff]
[    0.032103] NODE_DATA(0) allocated [mem 0x7ffb5180-0x7ffdfdff]
[    0.033917] Zone ranges:
[    0.034198]   DMA      [mem 0x0000000000001000-0x0000000000ffffff]
[    0.034753]   DMA32    [mem 0x0000000001000000-0x000000007ffdffff]
[    0.035303]   Normal   empty
[    0.035571]   Device   empty
[    0.035829] Movable zone start for each node
[    0.036216] Early memory node ranges
[    0.036542]   node   0: [mem 0x0000000000001000-0x000000000009efff]
[    0.037093]   node   0: [mem 0x0000000000100000-0x000000007ffdffff]
[    0.037657] Initmem setup node 0 [mem 0x0000000000001000-0x000000007ffdffff]
[    0.038744] On node 0, zone DMA: 1 pages in unavailable ranges
[    0.039495] On node 0, zone DMA: 97 pages in unavailable ranges
[    0.072401] On node 0, zone DMA32: 32 pages in unavailable ranges
[    0.152290] kasan: KernelAddressSanitizer initialized
[    0.153043] ACPI: PM-Timer IO Port: 0x608
[    0.153428] ACPI: LAPIC_NMI (acpi_id[0xff] dfl dfl lint[0x1])
[    0.154018] IOAPIC[0]: apic_id 0, version 17, address 0xfec00000, GSI 0-23
[    0.154654] ACPI: INT_SRC_OVR (bus 0 bus_irq 0 global_irq 2 dfl dfl)
[    0.155228] ACPI: INT_SRC_OVR (bus 0 bus_irq 5 global_irq 5 high level)
[    0.155807] ACPI: INT_SRC_OVR (bus 0 bus_irq 9 global_irq 9 high level)
[    0.156389] ACPI: INT_SRC_OVR (bus 0 bus_irq 10 global_irq 10 high level)
[    0.156999] ACPI: INT_SRC_OVR (bus 0 bus_irq 11 global_irq 11 high level)
[    0.157613] ACPI: Using ACPI (MADT) for SMP configuration information
[    0.158171] ACPI: HPET id: 0x8086a201 base: 0xfed00000
[    0.158644] TSC deadline timer available
[    0.158999] CPU topo: Max. logical packages:   1
[    0.159400] CPU topo: Max. logical dies:       1
[    0.159816] CPU topo: Max. dies per package:   1
[    0.160230] CPU topo: Max. threads per core:   1
[    0.160648] CPU topo: Num. cores per package:     2
[    0.161072] CPU topo: Num. threads per package:   2
[    0.161508] CPU topo: Allowing 2 present CPUs plus 0 hotplug CPUs
[    0.162100] kvm-guest: APIC: eoi() replaced with kvm_guest_apic_eoi_write()
[    0.162749] kvm-guest: KVM setup pv remote TLB flush
[    0.163184] kvm-guest: setup PV sched yield
[    0.163601] PM: hibernation: Registered nosave memory: [mem 0x00000000-0x00000fff]
[    0.164260] PM: hibernation: Registered nosave memory: [mem 0x0009f000-0x0009ffff]
[    0.164927] PM: hibernation: Registered nosave memory: [mem 0x000a0000-0x000effff]
[    0.165591] PM: hibernation: Registered nosave memory: [mem 0x000f0000-0x000fffff]
[    0.166260] [mem 0x80000000-0xfeffbfff] available for PCI devices
[    0.166804] Booting paravirtualized kernel on KVM
[    0.167221] clocksource: refined-jiffies: mask: 0xffffffff max_cycles: 0xffffffff, max_idle_ns: 7645519600211568 ns
[    0.168152] setup_percpu: NR_CPUS:8192 nr_cpumask_bits:2 nr_cpu_ids:2 nr_node_ids:1
[    0.169537] percpu: Embedded 85 pages/cpu s311296 r8192 d28672 u1048576
[    0.170333] kvm-guest: PV spinlocks enabled
[    0.170723] PV qspinlock hash table entries: 256 (order: 0, 4096 bytes, linear)
[    0.171370] Kernel command line: net.ifnames=0 console=ttyS0 root=/dev/sda earlyprintk=serial net.ifnames=0 thunderbolt.dyndbg
[    0.172677] random: crng init done
[    0.172988] printk: log buffer data + meta data: 262144 + 917504 = 1179648 bytes
[    0.174226] Dentry cache hash table entries: 262144 (order: 9, 2097152 bytes, linear)
[    0.175186] Inode-cache hash table entries: 131072 (order: 8, 1048576 bytes, linear)
[    0.176147] Fallback order for Node 0: 0 
[    0.176161] Built 1 zonelists, mobility grouping on.  Total pages: 524158
[    0.177127] Policy zone: DMA32
[    0.177397] mem auto-init: stack:off, heap alloc:off, heap free:off
[    0.177943] stackdepot: allocating hash table via alloc_large_system_hash
[    0.178536] stackdepot hash table entries: 1048576 (order: 12, 16777216 bytes, linear)
[    0.254660] SLUB: HWalign=64, Order=0-3, MinObjects=0, CPUs=2, Nodes=1
[    0.255252] kmemleak: Kernel memory leak detector disabled
[    0.255887] ftrace: allocating 72818 entries in 285 pages
[    0.284471] ftrace: allocated 285 pages with 5 groups
[    0.288392] Dynamic Preempt: voluntary
[    0.289122] Running RCU self tests
[    0.289410] Running RCU synchronous self tests
[    0.289796] rcu: Preemptible hierarchical RCU implementation.
[    0.290278] rcu: 	RCU lockdep checking is enabled.
[    0.290690] rcu: 	RCU restricting CPUs from NR_CPUS=8192 to nr_cpu_ids=2.
[    0.291260] 	Trampoline variant of Tasks RCU enabled.
[    0.291698] 	Rude variant of Tasks RCU enabled.
[    0.292085] 	Tracing variant of Tasks RCU enabled.
[    0.292488] rcu: RCU calculated value of scheduler-enlistment delay is 25 jiffies.
[    0.293118] rcu: Adjusting geometry for rcu_fanout_leaf=16, nr_cpu_ids=2
[    0.293729] Running RCU synchronous self tests
[    0.294102] RCU Tasks: Setting shift to 1 and lim to 1 rcu_task_cb_adjust=1 rcu_task_cpu_ids=2.
[    0.294816] RCU Tasks Rude: Setting shift to 1 and lim to 1 rcu_task_cb_adjust=1 rcu_task_cpu_ids=2.
[    0.295570] RCU Tasks Trace: Setting shift to 1 and lim to 1 rcu_task_cb_adjust=1 rcu_task_cpu_ids=2.
[    0.328904] NR_IRQS: 524544, nr_irqs: 440, preallocated irqs: 16
[    0.329977] rcu: srcu_init: Setting srcu_struct sizes based on contention.
[    0.338405] Console: colour VGA+ 80x25
[    0.338821] printk: legacy console [ttyS0] enabled
[    0.338821] printk: legacy console [ttyS0] enabled
[    0.339690] printk: legacy bootconsole [earlyser0] disabled
[    0.339690] printk: legacy bootconsole [earlyser0] disabled
[    0.340691] Lock dependency validator: Copyright (c) 2006 Red Hat, Inc., Ingo Molnar
[    0.341372] ... MAX_LOCKDEP_SUBCLASSES:  8
[    0.341751] ... MAX_LOCK_DEPTH:          48
[    0.342128] ... MAX_LOCKDEP_KEYS:        8192
[    0.342531] ... CLASSHASH_SIZE:          4096
[    0.342922] ... MAX_LOCKDEP_ENTRIES:     32768
[    0.343319] ... MAX_LOCKDEP_CHAINS:      65536
[    0.343726] ... CHAINHASH_SIZE:          32768
[    0.344121]  memory used by lock dependency info: 6429 kB
[    0.344836]  memory used for stack traces: 4224 kB
[    0.345268]  per task-struct memory footprint: 1920 bytes
[    0.345877] ACPI: Core revision 20240827
[    0.346669] clocksource: hpet: mask: 0xffffffff max_cycles: 0xffffffff, max_idle_ns: 19112604467 ns
[    0.347662] APIC: Switch to symmetric I/O mode setup
[    0.348437] x2apic enabled
[    0.349114] APIC: Switched APIC routing to: physical x2apic
[    0.349620] kvm-guest: APIC: send_IPI_mask() replaced with kvm_send_ipi_mask()
[    0.350250] kvm-guest: APIC: send_IPI_mask_allbutself() replaced with kvm_send_ipi_mask_allbutself()
[    0.351078] kvm-guest: setup PV IPIs
[    0.352528] ..TIMER: vector=0x30 apic1=0 pin1=2 apic2=-1 pin2=-1
[    0.353087] clocksource: tsc-early: mask: 0xffffffffffffffff max_cycles: 0x240939f1bb2, max_idle_ns: 440795263295 ns
[    0.354057] Calibrating delay loop (skipped) preset value.. 5000.00 BogoMIPS (lpj=10000000)
[    0.354955] x86/cpu: User Mode Instruction Prevention (UMIP) activated
[    0.355625] Last level iTLB entries: 4KB 0, 2MB 0, 4MB 0
[    0.358084] Last level dTLB entries: 4KB 0, 2MB 0, 4MB 0, 1GB 0
[    0.358665] Spectre V1 : Mitigation: usercopy/swapgs barriers and __user pointer sanitization
[    0.359408] Spectre V2 : WARNING: Unprivileged eBPF is enabled with eIBRS on, data leaks possible via Spectre v2 BHB attacks!
[    0.360374] Spectre V2 : Spectre BHI mitigation: SW BHB clearing on syscall and VM exit
[    0.361034] Spectre V2 : Mitigation: Enhanced / Automatic IBRS
[    0.362054] Spectre V2 : Spectre v2 / SpectreRSB mitigation: Filling RSB on context switch
[    0.362770] Spectre V2 : Spectre v2 / PBRSB-eIBRS: Retire a single CALL on VMEXIT
[    0.363411] Spectre V2 : mitigation: Enabling conditional Indirect Branch Prediction Barrier
[    0.364132] Speculative Store Bypass: Mitigation: Speculative Store Bypass disabled via prctl
[    0.364857] MMIO Stale Data: Unknown: No mitigations
[    0.365357] x86/fpu: Supporting XSAVE feature 0x001: 'x87 floating point registers'
[    0.366016] x86/fpu: Supporting XSAVE feature 0x002: 'SSE registers'
[    0.366053] x86/fpu: Supporting XSAVE feature 0x004: 'AVX registers'
[    0.366596] x86/fpu: Supporting XSAVE feature 0x020: 'AVX-512 opmask'
[    0.367143] x86/fpu: Supporting XSAVE feature 0x040: 'AVX-512 Hi256'
[    0.367668] x86/fpu: Supporting XSAVE feature 0x080: 'AVX-512 ZMM_Hi256'
[    0.368236] x86/fpu: Supporting XSAVE feature 0x200: 'Protection Keys User registers'
[    0.368878] x86/fpu: Supporting XSAVE feature 0x20000: 'AMX Tile config'
[    0.370058] x86/fpu: Supporting XSAVE feature 0x40000: 'AMX Tile data'
[    0.370650] x86/fpu: xstate_offset[2]:  576, xstate_sizes[2]:  256
[    0.371171] x86/fpu: xstate_offset[5]:  832, xstate_sizes[5]:   64
[    0.371713] x86/fpu: xstate_offset[6]:  896, xstate_sizes[6]:  512
[    0.372238] x86/fpu: xstate_offset[7]: 1408, xstate_sizes[7]: 1024
[    0.373145] x86/fpu: xstate_offset[9]: 2432, xstate_sizes[9]:    8
[    0.374057] x86/fpu: xstate_offset[17]: 2496, xstate_sizes[17]:   64
[    0.374625] x86/fpu: xstate_offset[18]: 2560, xstate_sizes[18]: 8192
[    0.375160] x86/fpu: Enabled xstate features 0x602e7, context size is 10752 bytes, using 'compacted' format.
[    0.531995] Freeing SMP alternatives memory: 56K
[    0.532415] pid_max: default: 32768 minimum: 301
[    0.533059] LSM: initializing lsm=capability,yama,ima,evm
[    0.533649] Yama: becoming mindful.
[    0.534392] Mount-cache hash table entries: 4096 (order: 3, 32768 bytes, linear)
[    0.535047] Mountpoint-cache hash table entries: 4096 (order: 3, 32768 bytes, linear)
[    0.537169] Running RCU synchronous self tests
[    0.537557] Running RCU synchronous self tests
[    0.538331] smpboot: CPU0: Intel GENUINE INTEL(R) XEON(R) (family: 0x6, model: 0xad, stepping: 0x0)
[    0.540070] Running RCU Tasks wait API self tests
[    0.642172] Running RCU Tasks Rude wait API self tests
[    0.642666] Running RCU Tasks Trace wait API self tests
[    0.643192] Performance Events: PEBS fmt0-, Granite Rapids events, full-width counters, Intel PMU driver.
[    0.644113] ... version:                2
[    0.644456] ... bit width:              48
[    0.644811] ... generic registers:      8
[    0.645144] ... value mask:             0000ffffffffffff
[    0.645601] ... max period:             00007fffffffffff
[    0.646052] ... fixed-purpose events:   3
[    0.646394] ... event mask:             00000007000000ff
[    0.647262] signal: max sigframe size: 11952
[    0.647837] rcu: Hierarchical SRCU implementation.
[    0.648251] rcu: 	Max phase no-delay instances is 1000.
[    0.648938] Timer migration: 1 hierarchy levels; 8 children per group; 1 crossnode level
[    0.650109] Callback from call_rcu_tasks_trace() invoked.
[    0.654817] smp: Bringing up secondary CPUs ...
[    0.662396] smpboot: x86: Booting SMP configuration:
[    0.662883] .... node  #0, CPUs:      #1
[    0.663335] smp: Brought up 1 node, 2 CPUs
[    0.666090] smpboot: Total of 2 processors activated (10000.00 BogoMIPS)
[    0.667593] Memory: 1602960K/2096632K available (77824K kernel code, 15076K rwdata, 17884K rodata, 15600K init, 22276K bss, 486252K reserved, 0K cma-reserved)
[    0.670104] devtmpfs: initialized
[    0.670839] x86/mm: Memory block size: 128MB
[    0.679334] Running RCU synchronous self tests
[    0.679334] Running RCU synchronous self tests
[    0.682097] clocksource: jiffies: mask: 0xffffffff max_cycles: 0xffffffff, max_idle_ns: 7645041785100000 ns
[    0.682987] futex hash table entries: 512 (order: 4, 65536 bytes, linear)
[    0.682987] pinctrl core: initialized pinctrl subsystem
[    0.683345] 
[    0.683506] *************************************************************
[    0.684095] **     NOTICE NOTICE NOTICE NOTICE NOTICE NOTICE NOTICE    **
[    0.684666] **                                                         **
[    0.685271] **  IOMMU DebugFS SUPPORT HAS BEEN ENABLED IN THIS KERNEL  **
[    0.685847] **                                                         **
[    0.686055] ** This means that this kernel is built to expose internal **
[    0.686633] ** IOMMU data structures, which may compromise security on **
[    0.687219] ** your system.                                            **
[    0.687802] **                                                         **
[    0.688378] ** If you see this message and you are not debugging the   **
[    0.688967] ** kernel, report this immediately to your vendor!         **
[    0.689557] **                                                         **
[    0.690047] **     NOTICE NOTICE NOTICE NOTICE NOTICE NOTICE NOTICE    **
[    0.690637] *************************************************************
[    0.691266] PM: RTC time: 05:52:01, date: 2026-03-12
[    0.695368] NET: Registered PF_NETLINK/PF_ROUTE protocol family
[    0.697054] DMA: preallocated 256 KiB GFP_KERNEL pool for atomic allocations
[    0.697734] DMA: preallocated 256 KiB GFP_KERNEL|GFP_DMA pool for atomic allocations
[    0.698068] DMA: preallocated 256 KiB GFP_KERNEL|GFP_DMA32 pool for atomic allocations
[    0.698876] audit: initializing netlink subsys (disabled)
[    0.702107] audit: type=2000 audit(1773294721.677:1): state=initialized audit_enabled=0 res=1
[    0.703834] thermal_sys: Registered thermal governor 'fair_share'
[    0.703848] thermal_sys: Registered thermal governor 'bang_bang'
[    0.704448] thermal_sys: Registered thermal governor 'step_wise'
[    0.704971] thermal_sys: Registered thermal governor 'user_space'
[    0.706059] cpuidle: using governor ladder
[    0.706973] cpuidle: using governor menu
[    0.707221] acpiphp: ACPI Hot Plug PCI Controller Driver version: 0.5
[    0.708542] PCI: Using configuration type 1 for base access
[    0.710363] kprobes: kprobe jump-optimization is enabled. All kprobes are optimized if possible.
[    0.711221] HugeTLB: registered 1.00 GiB page size, pre-allocated 0 pages
[    0.711649] HugeTLB: 16380 KiB vmemmap can be freed for a 1.00 GiB page
[    0.712222] HugeTLB: registered 2.00 MiB page size, pre-allocated 0 pages
[    0.712793] HugeTLB: 28 KiB vmemmap can be freed for a 2.00 MiB page
[    0.826049] ACPI: Added _OSI(Module Device)
[    0.826448] ACPI: Added _OSI(Processor Device)
[    0.826846] ACPI: Added _OSI(3.0 _SCP Extensions)
[    0.827251] ACPI: Added _OSI(Processor Aggregator Device)
[    0.840544] ACPI: 1 ACPI AML tables successfully acquired and loaded
[    0.854277] ACPI: Interpreter enabled
[    0.854763] ACPI: PM: (supports S0 S3 S4 S5)
[    0.855112] ACPI: Using IOAPIC for interrupt routing
[    0.855658] PCI: Using host bridge windows from ACPI; if necessary, use "pci=nocrs" and report a bug
[    0.856437] PCI: Using E820 reservations for host bridge windows
[    0.858014] ACPI: Enabled 2 GPEs in block 00 to 0F
[    0.890501] ACPI: PCI Root Bridge [PCI0] (domain 0000 [bus 00-ff])
[    0.891080] acpi PNP0A03:00: _OSC: OS supports [ASPM ClockPM Segments MSI EDR HPX-Type3]
[    0.891763] acpi PNP0A03:00: _OSC: not requesting OS control; OS requires [ExtendedConfig ASPM ClockPM MSI]
[    0.892696] acpi PNP0A03:00: fail to add MMCONFIG information, can't access extended configuration space under this bridge
[    0.897989] acpiphp: Slot [3] registered
[    0.898171] acpiphp: Slot [4] registered
[    0.898633] acpiphp: Slot [5] registered
[    0.899085] acpiphp: Slot [6] registered
[    0.899537] acpiphp: Slot [7] registered
[    0.899996] acpiphp: Slot [8] registered
[    0.900437] acpiphp: Slot [9] registered
[    0.900905] acpiphp: Slot [10] registered
[    0.901360] acpiphp: Slot [11] registered
[    0.901835] acpiphp: Slot [12] registered
[    0.902195] acpiphp: Slot [13] registered
[    0.902658] acpiphp: Slot [14] registered
[    0.903119] acpiphp: Slot [15] registered
[    0.903588] acpiphp: Slot [16] registered
[    0.904081] acpiphp: Slot [17] registered
[    0.904563] acpiphp: Slot [18] registered
[    0.905011] acpiphp: Slot [19] registered
[    0.905482] acpiphp: Slot [20] registered
[    0.905930] acpiphp: Slot [21] registered
[    0.906172] acpiphp: Slot [22] registered
[    0.906625] acpiphp: Slot [23] registered
[    0.907079] acpiphp: Slot [24] registered
[    0.907537] acpiphp: Slot [25] registered
[    0.907987] acpiphp: Slot [26] registered
[    0.908461] acpiphp: Slot [27] registered
[    0.908904] acpiphp: Slot [28] registered
[    0.909364] acpiphp: Slot [29] registered
[    0.909816] acpiphp: Slot [30] registered
[    0.910167] acpiphp: Slot [31] registered
[    0.910574] PCI host bridge to bus 0000:00
[    0.910982] pci_bus 0000:00: root bus resource [io  0x0000-0x0cf7 window]
[    0.911561] pci_bus 0000:00: root bus resource [io  0x0d00-0xffff window]
[    0.912157] pci_bus 0000:00: root bus resource [mem 0x000a0000-0x000bffff window]
[    0.912780] pci_bus 0000:00: root bus resource [mem 0x80000000-0xfebfffff window]
[    0.913416] pci_bus 0000:00: root bus resource [mem 0x100000000-0x17fffffff window]
[    0.914051] pci_bus 0000:00: root bus resource [bus 00-ff]
[    0.914634] pci 0000:00:00.0: [8086:1237] type 00 class 0x060000 conventional PCI endpoint
[    0.916585] pci 0000:00:01.0: [8086:7000] type 00 class 0x060100 conventional PCI endpoint
[    0.918416] pci 0000:00:01.1: [8086:7010] type 00 class 0x010180 conventional PCI endpoint
[    0.921072] pci 0000:00:01.1: BAR 4 [io  0xc040-0xc04f]
[    0.922229] pci 0000:00:01.1: BAR 0 [io  0x01f0-0x01f7]: legacy IDE quirk
[    0.922815] pci 0000:00:01.1: BAR 1 [io  0x03f6]: legacy IDE quirk
[    0.923339] pci 0000:00:01.1: BAR 2 [io  0x0170-0x0177]: legacy IDE quirk
[    0.923906] pci 0000:00:01.1: BAR 3 [io  0x0376]: legacy IDE quirk
[    0.925421] pci 0000:00:01.3: [8086:7113] type 00 class 0x068000 conventional PCI endpoint
[    0.926376] pci 0000:00:01.3: quirk: [io  0x0600-0x063f] claimed by PIIX4 ACPI
[    0.927000] pci 0000:00:01.3: quirk: [io  0x0700-0x070f] claimed by PIIX4 SMB
[    0.928423] pci 0000:00:02.0: [1234:1111] type 00 class 0x030000 conventional PCI endpoint
[    0.934073] pci 0000:00:02.0: BAR 0 [mem 0xfd000000-0xfdffffff pref]
[    0.936732] pci 0000:00:02.0: BAR 2 [mem 0xfebf0000-0xfebf0fff]
[    0.940175] pci 0000:00:02.0: ROM [mem 0xfebe0000-0xfebeffff pref]
[    0.940855] pci 0000:00:02.0: Video device with shadowed ROM at [mem 0x000c0000-0x000dffff]
[    0.942481] pci 0000:00:03.0: [8086:100e] type 00 class 0x020000 conventional PCI endpoint
[    0.944178] pci 0000:00:03.0: BAR 0 [mem 0xfebc0000-0xfebdffff]
[    0.946061] pci 0000:00:03.0: BAR 1 [io  0xc000-0xc03f]
[    0.949727] pci 0000:00:03.0: ROM [mem 0xfeb80000-0xfebbffff pref]
[    0.970776] ACPI: PCI: Interrupt link LNKA configured for IRQ 10
[    0.972112] ACPI: PCI: Interrupt link LNKB configured for IRQ 10
[    0.973380] ACPI: PCI: Interrupt link LNKC configured for IRQ 11
[    0.974686] ACPI: PCI: Interrupt link LNKD configured for IRQ 11
[    0.975522] ACPI: PCI: Interrupt link LNKS configured for IRQ 9
[    0.978965] iommu: Default domain type: Translated
[    0.979416] iommu: DMA domain TLB invalidation policy: lazy mode
[    0.981699] SCSI subsystem initialized
[    0.982503] ACPI: bus type USB registered
[    0.983003] usbcore: registered new interface driver usbfs
[    0.983527] usbcore: registered new interface driver hub
[    0.984039] usbcore: registered new device driver usb
[    0.984688] pps_core: LinuxPPS API ver. 1 registered
[    0.985116] pps_core: Software ver. 5.3.6 - Copyright 2005-2007 Rodolfo Giometti <giometti@linux.it>
[    0.985907] PTP clock support registered
[    0.986418] EDAC MC: Ver: 3.0.0
[    0.991865] NetLabel: Initializing
[    0.992222] NetLabel:  domain hash size = 128
[    0.992615] NetLabel:  protocols = UNLABELED CIPSOv4 CALIPSO
[    0.993599] NetLabel:  unlabeled traffic allowed by default
[    0.994594] PCI: Using ACPI for IRQ routing
[    0.995314] pci 0000:00:02.0: vgaarb: setting as boot VGA device
[    0.995866] pci 0000:00:02.0: vgaarb: bridge control possible
[    0.996377] pci 0000:00:02.0: vgaarb: VGA device added: decodes=io+mem,owns=io+mem,locks=none
[    0.997106] vgaarb: loaded
[    0.998042] hpet0: at MMIO 0xfed00000, IRQs 2, 8, 0
[    0.998054] hpet0: 3 comparators, 64-bit 100.000000 MHz counter
[    1.002771] clocksource: Switched to clocksource kvm-clock
[    1.004457] VFS: Disk quotas dquot_6.6.0
[    1.004883] VFS: Dquot-cache hash table entries: 512 (order 0, 4096 bytes)
[    1.005710] pnp: PnP ACPI init
[    1.009278] pnp: PnP ACPI: found 6 devices
[    1.025795] clocksource: acpi_pm: mask: 0xffffff max_cycles: 0xffffff, max_idle_ns: 2085701024 ns
[    1.027009] NET: Registered PF_INET protocol family
[    1.027680] IP idents hash table entries: 32768 (order: 6, 262144 bytes, linear)
[    1.029686] tcp_listen_portaddr_hash hash table entries: 1024 (order: 4, 73728 bytes, linear)
[    1.030494] Table-perturb hash table entries: 65536 (order: 6, 262144 bytes, linear)
[    1.031300] TCP established hash table entries: 16384 (order: 5, 131072 bytes, linear)
[    1.032309] TCP bind hash table entries: 16384 (order: 9, 2359296 bytes, linear)
[    1.034398] TCP: Hash tables configured (established 16384 bind 16384)
[    1.035125] UDP hash table entries: 1024 (order: 6, 262144 bytes, linear)
[    1.035854] UDP-Lite hash table entries: 1024 (order: 6, 262144 bytes, linear)
[    1.036826] NET: Registered PF_UNIX/PF_LOCAL protocol family
[    1.038093] RPC: Registered named UNIX socket transport module.
[    1.038647] RPC: Registered udp transport module.
[    1.039066] RPC: Registered tcp transport module.
[    1.039515] RPC: Registered tcp-with-tls transport module.
[    1.040001] RPC: Registered tcp NFSv4.1 backchannel transport module.
[    1.040589] pci_bus 0000:00: resource 4 [io  0x0000-0x0cf7 window]
[    1.041111] pci_bus 0000:00: resource 5 [io  0x0d00-0xffff window]
[    1.041643] pci_bus 0000:00: resource 6 [mem 0x000a0000-0x000bffff window]
[    1.042229] pci_bus 0000:00: resource 7 [mem 0x80000000-0xfebfffff window]
[    1.042806] pci_bus 0000:00: resource 8 [mem 0x100000000-0x17fffffff window]
[    1.043743] pci 0000:00:01.0: PIIX3: Enabling Passive Release
[    1.044244] pci 0000:00:00.0: Limiting direct PCI/PCI transfers
[    1.044828] PCI: CLS 0 bytes, default 64
[    1.045268] ACPI: bus type thunderbolt registered
[    1.046049] clocksource: tsc: mask: 0xffffffffffffffff max_cycles: 0x240939f1bb2, max_idle_ns: 440795263295 ns
[    3.167772] Initialise system trusted keyrings
[    3.168296] Key type blacklist registered
[    3.168935] workingset: timestamp_bits=36 max_order=19 bucket_order=0
[    3.169570] zbud: loaded
[    3.171683] squashfs: version 4.0 (2009/01/31) Phillip Lougher
[    3.174957] NFS: Registering the id_resolver key type
[    3.175536] Key type id_resolver registered
[    3.175914] Key type id_legacy registered
[    3.176336] nfs4filelayout_init: NFSv4 File Layout Driver Registering...
[    3.176942] nfs4flexfilelayout_init: NFSv4 Flexfile Layout Driver Registering...
[    3.177829] fuse: init (API version 7.41)
[    3.178747] SGI XFS with ACLs, security attributes, realtime, quota, no debug enabled
[    3.181131] 9p: Installing v9fs 9p2000 file system support
[    3.194700] Key type asymmetric registered
[    3.195057] Asymmetric key parser 'x509' registered
[    3.195617] Block layer SCSI generic (bsg) driver version 0.4 loaded (major 243)
[    3.196903] io scheduler mq-deadline registered
[    3.197502] io scheduler bfq registered
[    3.199007] ledtrig-cpu: registered to indicate activity on CPUs
[    3.199987] shpchp: Standard Hot Plug PCI Controller Driver version: 0.4
[    3.201298] IPMI message handler: version 39.2
[    3.201764] ipmi device interface
[    3.204729] input: Power Button as /devices/LNXSYSTM:00/LNXPWRBN:00/input/input0
[    3.206349] ACPI: button: Power Button [PWRF]
[    3.209391] ERST DBG: ERST support is disabled.
[    3.210806] Serial: 8250/16550 driver, 32 ports, IRQ sharing enabled
[    3.212707] 00:04: ttyS0 at I/O 0x3f8 (irq = 4, base_baud = 115200) is a 16550A
[    3.254849] Linux agpgart interface v0.103
[    3.257857] ACPI: bus type drm_connector registered
[    3.285558] brd: module loaded
[    3.287704] Callback from call_rcu_tasks() invoked.
[    3.302578] loop: module loaded
[    3.315909] scsi host0: ata_piix
[    3.317911] scsi host1: ata_piix
[    3.318627] ata1: PATA max MWDMA2 cmd 0x1f0 ctl 0x3f6 bmdma 0xc040 irq 14 lpm-pol 0
[    3.319304] ata2: PATA max MWDMA2 cmd 0x170 ctl 0x376 bmdma 0xc048 irq 15 lpm-pol 0
[    3.322024] tun: Universal TUN/TAP device driver, 1.6
[    3.323364] e100: Intel(R) PRO/100 Network Driver
[    3.323886] e100: Copyright(c) 1999-2006 Intel Corporation
[    3.324451] e1000: Intel(R) PRO/1000 Network Driver
[    3.324876] e1000: Copyright (c) 1999-2006 Intel Corporation.
[    3.475769] ata2: found unknown device (class 0)
[    3.476649] ata1: found unknown device (class 0)
[    3.477495] ata1.00: ATA-7: QEMU HARDDISK, 2.5+, max UDMA/100
[    3.477989] ata1.00: 17196647 sectors, multi 16: LBA48 
[    3.478866] ata2.00: ATAPI: QEMU DVD-ROM, 2.5+, max UDMA/100
[    3.481407] scsi 0:0:0:0: Direct-Access     ATA      QEMU HARDDISK    2.5+ PQ: 0 ANSI: 5
[    3.484090] sd 0:0:0:0: Attached scsi generic sg0 type 0
[    3.484869] sd 0:0:0:0: [sda] 17196647 512-byte logical blocks: (8.80 GB/8.20 GiB)
[    3.486183] sd 0:0:0:0: [sda] Write Protect is off
[    3.486657] scsi 1:0:0:0: CD-ROM            QEMU     QEMU DVD-ROM     2.5+ PQ: 0 ANSI: 5
[    3.487611] sd 0:0:0:0: [sda] Write cache: enabled, read cache: enabled, doesn't support DPO or FUA
[    3.488980] sd 0:0:0:0: [sda] Preferred minimum I/O size 512 bytes
[    3.517881] scsi 1:0:0:0: Attached scsi generic sg1 type 5
[    3.522366] sd 0:0:0:0: [sda] Attached SCSI disk
[    3.937002] ACPI: \_SB_.LNKC: Enabled at IRQ 11
[    4.251562] e1000 0000:00:03.0 eth0: (PCI:33MHz:32-bit) 52:54:00:12:34:56
[    4.252223] e1000 0000:00:03.0 eth0: Intel(R) PRO/1000 Network Connection
[    4.252908] e1000e: Intel(R) PRO/1000 Network Driver
[    4.253363] e1000e: Copyright(c) 1999 - 2015 Intel Corporation.
[    4.253956] igb: Intel(R) Gigabit Ethernet Network Driver
[    4.254440] igb: Copyright (c) 2007-2014 Intel Corporation.
[    4.255076] PPP generic driver version 2.4.2
[    4.257188] VFIO - User Level meta-driver version: 0.3
[    4.258949] usbcore: registered new interface driver uas
[    4.259606] usbcore: registered new interface driver usb-storage
[    4.260385] i8042: PNP: PS/2 Controller [PNP0303:KBD,PNP0f13:MOU] at 0x60,0x64 irq 1,12
[    4.261976] serio: i8042 KBD port at 0x60,0x64 irq 1
[    4.262488] serio: i8042 AUX port at 0x60,0x64 irq 12
[    4.264068] mousedev: PS/2 mouse device common for all mice
[    4.266733] input: AT Translated Set 2 keyboard as /devices/platform/i8042/serio0/input/input1
[    4.267696] rtc_cmos 00:05: RTC can wake from S4
[    4.270466] input: VirtualPS/2 VMware VMMouse as /devices/platform/i8042/serio1/input/input4
[    4.271263] rtc_cmos 00:05: registered as rtc0
[    4.271517] rtc_cmos 00:05: setting system clock to 2026-03-12T05:52:04 UTC (1773294724)
[    4.272895] rtc_cmos 00:05: alarms up to one day, y3k, 242 bytes nvram, hpet irqs
[    4.273472] input: VirtualPS/2 VMware VMMouse as /devices/platform/i8042/serio1/input/input3
[    4.273627] i2c_dev: i2c /dev entries driver
[    4.274815] device-mapper: core: CONFIG_IMA_DISABLE_HTABLE is disabled. Duplicate IMA measurements will not be recorded in the IMA log.
[    4.275925] device-mapper: uevent: version 1.0.3
[    4.277076] device-mapper: ioctl: 4.48.0-ioctl (2023-03-01) initialised: dm-devel@lists.linux.dev
[    4.277919] intel_pstate: CPU model not supported
[    4.278566] sdhci: Secure Digital Host Controller Interface driver
[    4.279089] sdhci: Copyright(c) Pierre Ossman
[    4.279636] sdhci-pltfm: SDHCI platform and OF driver helper
[    4.280650] drop_monitor: Initializing network drop monitor service
[    4.281613] NET: Registered PF_INET6 protocol family
[    4.290165] Segment Routing with IPv6
[    4.290586] In-situ OAM (IOAM) with IPv6
[    4.290995] NET: Registered PF_PACKET protocol family
[    4.292426] 9pnet: Installing 9P2000 support
[    4.293012] Key type dns_resolver registered
[    4.295647] IPI shorthand broadcast: enabled
[    4.331250] sched_clock: Marking stable (4308007460, 19430660)->(4333653290, -6215170)
[    4.334336] registered taskstats version 1
[    4.335495] Loading compiled-in X.509 certificates
[    4.378149] Demotion targets for Node 0: null
[    4.379907] Key type .fscrypt registered
[    4.380260] Key type fscrypt-provisioning registered
[    4.393244] Key type encrypted registered
[    4.393702] ima: No TPM chip found, activating TPM-bypass!
[    4.394206] ima: Allocated hash algorithm: sha1
[    4.394689] ima: No architecture policies found
[    4.395280] evm: Initialising EVM extended attributes:
[    4.395824] evm: security.selinux
[    4.396144] evm: security.SMACK64
[    4.396434] evm: security.SMACK64EXEC
[    4.396758] evm: security.SMACK64TRANSMUTE
[    4.397129] evm: security.SMACK64MMAP
[    4.397442] evm: security.apparmor
[    4.397737] evm: security.ima
[    4.398000] evm: security.capability
[    4.398320] evm: HMAC attrs: 0x1
[    4.401386] PM:   Magic number: 2:749:870
[    4.403161] RAS: Correctable Errors collector initialized.
[    4.404033] clk: Disabling unused clocks
[    4.404557] PM: genpd: Disabling unused power domains
[    4.406140] md: Waiting for all devices to be available before autodetect
[    4.406653] md: If you don't use raid, use raid=noautodetect
[    4.407000] md: Autodetecting RAID arrays.
[    4.407293] md: autorun ...
[    4.407498] md: ... autorun DONE.
[    4.423283] EXT4-fs (sda): INFO: recovery required on readonly filesystem
[    4.423799] EXT4-fs (sda): write access will be enabled during recovery
[    4.612904] EXT4-fs (sda): recovery complete
[    4.616989] EXT4-fs (sda): mounted filesystem 088740a9-c8b4-422c-999d-a804eb68a4da ro with ordered data mode. Quota mode: none.
[    4.617757] VFS: Mounted root (ext4 filesystem) readonly on device 8:0.
[    4.621938] devtmpfs: mounted
[    4.639953] Freeing unused decrypted memory: 2028K
[    4.645770] Freeing unused kernel image (initmem) memory: 15600K
[    4.646250] Write protecting the kernel read-only data: 96256k
[    4.648483] Freeing unused kernel image (rodata/data gap) memory: 548K
[    5.745702] x86/mm: Checked W+X mappings: passed, no W+X pages found.
[    5.746397] Run /sbin/init as init process
[    6.045194] systemd[1]: systemd 252-15.el9 running in system mode (+PAM +AUDIT +SELINUX -APPARMOR +IMA +SMACK +SECCOMP +GCRYPT +GNUTLS +OPENSSL +ACL +BLKID +CURL +ELFUTILS -FIDO2 +IDN2 -IDN -IPTC +KMOD +LIBCRYPTSETUP +LIBFDISK +PCRE2 -PWQUALITY +P11KIT -QRENCODE +TPM2 +BZIP2 +LZ4 +XZ +ZLIB +ZSTD -BPF_FRAMEWORK +XKBCOMMON +UTMP +SYSVINIT default-hierarchy=unified)
[    6.047019] systemd[1]: Detected virtualization kvm.
[    6.047340] systemd[1]: Detected architecture x86-64.

Welcome to [0;31mCentOS Stream 9[0m!

[    6.057758] systemd[1]: Hostname set to <test>.
[    6.319984] systemd-rc-local-generator[125]: /etc/rc.d/rc.local is not marked executable, skipping.
[    6.860307] systemd[1]: Queued start job for default target Multi-User System.
[    6.890701] systemd[1]: Created slice Virtual Machine and Container Slice.
[[0;32m  OK  [0m] Created slice [0;1;39mVirtual Machine and Container Slice[0m.
[    6.896560] systemd[1]: Created slice Slice /system/getty.
[[0;32m  OK  [0m] Created slice [0;1;39mSlice /system/getty[0m.
[    6.900065] systemd[1]: Created slice Slice /system/modprobe.
[[0;32m  OK  [0m] Created slice [0;1;39mSlice /system/modprobe[0m.
[    6.904049] systemd[1]: Created slice Slice /system/serial-getty.
[[0;32m  OK  [0m] Created slice [0;1;39mSlice /system/serial-getty[0m.
[    6.907629] systemd[1]: Created slice Slice /system/sshd-keygen.
[[0;32m  OK  [0m] Created slice [0;1;39mSlice /system/sshd-keygen[0m.
[    6.910773] systemd[1]: Created slice User and Session Slice.
[[0;32m  OK  [0m] Created slice [0;1;39mUser and Session Slice[0m.
[    6.912596] systemd[1]: Started Forward Password Requests to Wall Directory Watch.
[[0;32m  OK  [0m] Started [0;1;39mForward Password R…uests to Wall Directory Watch[0m.
[    6.915499] systemd[1]: Set up automount Arbitrary Executable File Formats File System Automount Point.
[[0;32m  OK  [0m] Set up automount [0;1;39mArbitrary…s File System Automount Point[0m.
[    6.917370] systemd[1]: Reached target Local Integrity Protected Volumes.
[[0;32m  OK  [0m] Reached target [0;1;39mLocal Integrity Protected Volumes[0m.
[    6.918969] systemd[1]: Reached target Slice Units.
[[0;32m  OK  [0m] Reached target [0;1;39mSlice Units[0m.
[    6.920333] systemd[1]: Reached target Swaps.
[[0;32m  OK  [0m] Reached target [0;1;39mSwaps[0m.
[    6.921614] systemd[1]: Reached target Local Verity Protected Volumes.
[[0;32m  OK  [0m] Reached target [0;1;39mLocal Verity Protected Volumes[0m.
[    6.923724] systemd[1]: Listening on Device-mapper event daemon FIFOs.
[[0;32m  OK  [0m] Listening on [0;1;39mDevice-mapper event daemon FIFOs[0m.
[    6.926146] systemd[1]: Listening on LVM2 poll daemon socket.
[[0;32m  OK  [0m] Listening on [0;1;39mLVM2 poll daemon socket[0m.
[    6.927850] systemd[1]: multipathd control socket was skipped because of an unmet condition check (ConditionPathExists=/etc/multipath.conf).
[    6.982870] systemd[1]: Listening on RPCbind Server Activation Socket.
[[0;32m  OK  [0m] Listening on [0;1;39mRPCbind Server Activation Socket[0m.
[    6.984433] systemd[1]: Reached target RPC Port Mapper.
[[0;32m  OK  [0m] Reached target [0;1;39mRPC Port Mapper[0m.
[    6.989345] systemd[1]: Listening on Process Core Dump Socket.
[[0;32m  OK  [0m] Listening on [0;1;39mProcess Core Dump Socket[0m.
[    6.991305] systemd[1]: Listening on initctl Compatibility Named Pipe.
[[0;32m  OK  [0m] Listening on [0;1;39minitctl Compatibility Named Pipe[0m.
[    6.993485] systemd[1]: Listening on Journal Socket (/dev/log).
[[0;32m  OK  [0m] Listening on [0;1;39mJournal Socket (/dev/log)[0m.
[    6.995821] systemd[1]: Listening on Journal Socket.
[[0;32m  OK  [0m] Listening on [0;1;39mJournal Socket[0m.
[    6.998048] systemd[1]: Listening on udev Control Socket.
[[0;32m  OK  [0m] Listening on [0;1;39mudev Control Socket[0m.
[    6.999930] systemd[1]: Listening on udev Kernel Socket.
[[0;32m  OK  [0m] Listening on [0;1;39mudev Kernel Socket[0m.
[    7.032309] systemd[1]: Mounting Huge Pages File System...
         Mounting [0;1;39mHuge Pages File System[0m...
[    7.041366] systemd[1]: Mounting POSIX Message Queue File System...
         Mounting [0;1;39mPOSIX Message Queue File System[0m...
[    7.054185] systemd[1]: Mounting Kernel Debug File System...
         Mounting [0;1;39mKernel Debug File System[0m...
[    7.062969] systemd[1]: Mounting Kernel Trace File System...
         Mounting [0;1;39mKernel Trace File System[0m...
[    7.064362] systemd[1]: Kernel Module supporting RPCSEC_GSS was skipped because of an unmet condition check (ConditionPathExists=/etc/krb5.keytab).
[    7.065288] systemd[1]: Create List of Static Device Nodes was skipped because of an unmet condition check (ConditionFileNotEmpty=/lib/modules/6.12.0-2edc8f933df7+/modules.devname).
[    7.073574] systemd[1]: Starting Monitoring of LVM2 mirrors, snapshots etc. using dmeventd or progress polling...
         Starting [0;1;39mMonitoring of LVM…meventd or progress polling[0m...
[    7.085355] systemd[1]: Starting Load Kernel Module configfs...
         Starting [0;1;39mLoad Kernel Module configfs[0m...
[    7.093966] systemd[1]: Starting Load Kernel Module drm...
         Starting [0;1;39mLoad Kernel Module drm[0m...
[    7.111994] systemd[1]: Starting Load Kernel Module fuse...
         Starting [0;1;39mLoad Kernel Module fuse[0m...
[    7.121721] systemd[1]: Starting Read and set NIS domainname from /etc/sysconfig/network...
         Starting [0;1;39mRead and set NIS …from /etc/sysconfig/network[0m...
[    7.156665] systemd[1]: Starting Journal Service...
         Starting [0;1;39mJournal Service[0m...
[    7.178097] systemd[1]: Starting Load Kernel Modules...
         Starting [0;1;39mLoad Kernel Modules[0m...
[    7.201243] systemd[1]: Starting Generate network units from Kernel command line...
         Starting [0;1;39mGenerate network …ts from Kernel command line[0m...
[    7.223165] systemd[1]: Starting Remount Root and Kernel File Systems...
         Starting [0;1;39mRemount Root and Kernel File Systems[0m...
[    7.228710] systemd[1]: Repartition Root Disk was skipped because no trigger condition checks were met.
[    7.271635] systemd[1]: Starting Coldplug All udev Devices...
         Starting [0;1;39mColdplug All udev Devices[0m...
[    7.297750] systemd[1]: Mounted Huge Pages File System.
[[0;32m  OK  [0m] Mounted [0;1;39mHuge Pages File System[0m.
[    7.302359] systemd[1]: Mounted POSIX Message Queue File System.
[[0;32m  OK  [0m] Mounted [0;1;39mPOSIX Message Queue File System[0m.
[    7.305977] systemd[1]: Mounted Kernel Debug File System.
[[0;32m  OK  [0m] Mounted [0;1;39mKernel Debug File System[0m.
[    7.307515] systemd[1]: Mounted Kernel Trace File System.
[[0;32m  OK  [0m] Mounted [0;1;39mKernel Trace File System[0m.
[    7.310172] systemd[1]: Finished Monitoring of LVM2 mirrors, snapshots etc. using dmeventd or progress polling.
[[0;32m  OK  [0m] Finished [0;1;39mMonitoring of LVM… dmeventd or progress polling[0m.
[    7.313830] systemd[1]: modprobe@configfs.service: Deactivated successfully.
[    7.315306] systemd[1]: Finished Load Kernel Module configfs.
[[0;32m  OK  [0m] Finished [0;1;39mLoad Kernel Module configfs[0m.
[    7.317970] systemd[1]: modprobe@drm.service: Deactivated successfully.
[    7.319285] systemd[1]: Finished Load Kernel Module drm.
[[0;32m  OK  [0m] Finished [0;1;39mLoad Kernel Module drm[0m.
[    7.322779] systemd[1]: modprobe@fuse.service: Deactivated successfully.
[    7.326121] systemd[1]: Finished Load Kernel Module fuse.
[[0;32m  OK  [0m] Finished [0;1;39mLoad Kernel Module fuse[0m.
[    7.328977] systemd[1]: Finished Read and set NIS domainname from /etc/sysconfig/network.
[[0;32m  OK  [0m] Finished [0;1;39mRead and set NIS …e from /etc/sysconfig/network[0m.
[    7.330325] EXT4-fs (sda): re-mounted 088740a9-c8b4-422c-999d-a804eb68a4da r/w. Quota mode: none.
[    7.334895] systemd[1]: systemd-modules-load.service: Main process exited, code=exited, status=1/FAILURE
[    7.340325] systemd[1]: systemd-modules-load.service: Failed with result 'exit-code'.
[    7.341796] systemd[1]: Failed to start Load Kernel Modules.
[[0;1;31mFAILED[0m] Failed to start [0;1;39mLoad Kernel Modules[0m.
See 'systemctl status systemd-modules-load.service' for details.
[    7.344440] systemd[1]: Started Journal Service.
[[0;32m  OK  [0m] Started [0;1;39mJournal Service[0m.
[[0;32m  OK  [0m] Finished [0;1;39mGenerate network units from Kernel command line[0m.
[[0;32m  OK  [0m] Finished [0;1;39mRemount Root and Kernel File Systems[0m.
[[0;32m  OK  [0m] Reached target [0;1;39mPreparation for Network[0m.
         Mounting [0;1;39mFUSE Control File System[0m...
         Mounting [0;1;39mKernel Configuration File System[0m...
         Starting [0;1;39mFlush Journal to Persistent Storage[0m...
         Starting [0;1;39mLoad/Save Random Seed[0m...
[    7.477190] systemd-journald[147]: Received client request to flush runtime journal.
         Starting [0;1;39mApply Kernel Variables[0m...
         Starting [0;1;39mCreate Static Device Nodes in /dev[0m...
         Starting [0;1;39mSetup Virtual Console[0m...
[[0;32m  OK  [0m] Mounted [0;1;39mFUSE Control File System[0m.
[[0;32m  OK  [0m] Mounted [0;1;39mKernel Configuration File System[0m.
[[0;32m  OK  [0m] Finished [0;1;39mFlush Journal to Persistent Storage[0m.
[[0;32m  OK  [0m] Finished [0;1;39mLoad/Save Random Seed[0m.
[[0;32m  OK  [0m] Finished [0;1;39mApply Kernel Variables[0m.
[[0;32m  OK  [0m] Finished [0;1;39mCreate Static Device Nodes in /dev[0m.
         Starting [0;1;39mRule-based Manage…for Device Events and Files[0m...
[[0;32m  OK  [0m] Finished [0;1;39mColdplug All udev Devices[0m.
         Starting [0;1;39mWait for udev To …plete Device Initialization[0m...
[[0;32m  OK  [0m] Started [0;1;39mRule-based Manager for Device Events and Files[0m.
[[0;32m  OK  [0m] Finished [0;1;39mSetup Virtual Console[0m.
         Starting [0;1;39mAuto-connect to s…E devices found during boot[0m...
         Starting [0;1;39mShow Plymouth Boot Screen[0m...
[[0;32m  OK  [0m] Finished [0;1;39mAuto-connect to s…VME devices found during boot[0m.
[2J[3J[-1;-1f[[0;32m  OK  [0m] Started [0;1;39mShow Plymouth Boot Screen[0m.
[[0;32m  OK  [0m] Started [0;1;39mForward Password R…s to Plymouth Directory Watch[0m.
[[0;32m  OK  [0m] Reached target [0;1;39mLocal Encrypted Volumes[0m.
[[0;32m  OK  [0m] Reached target [0;1;39mPath Units[0m.
[[0;32m  OK  [0m] Found device [0;1;39m/dev/ttyS0[0m.
[[0;32m  OK  [0m] Listening on [0;1;39mLoad/Save RF …itch Status /dev/rfkill Watch[0m.
[[0;32m  OK  [0m] Finished [0;1;39mWait for udev To Complete Device Initialization[0m.
[[0;32m  OK  [0m] Reached target [0;1;39mPreparation for Local File Systems[0m.
[[0;32m  OK  [0m] Reached target [0;1;39mLocal File Systems[0m.
         Starting [0;1;39mTell Plymouth To Write Out Runtime Data[0m...
         Starting [0;1;39mAutomatic Boot Loader Update[0m...
         Starting [0;1;39mCreate Volatile Files and Directories[0m...
[[0;32m  OK  [0m] Finished [0;1;39mTell Plymouth To Write Out Runtime Data[0m.
[[0;32m  OK  [0m] Finished [0;1;39mAutomatic Boot Loader Update[0m.
[[0;32m  OK  [0m] Finished [0;1;39mCreate Volatile Files and Directories[0m.
         Mounting [0;1;39mRPC Pipe File System[0m...
         Starting [0;1;39mSecurity Auditing Service[0m...
         Starting [0;1;39mRPC Bind[0m...
[[0;32m  OK  [0m] Mounted [0;1;39mRPC Pipe File System[0m.
[[0;32m  OK  [0m] Reached target [0;1;39mrpc_pipefs.target[0m.
[[0;32m  OK  [0m] Started [0;1;39mRPC Bind[0m.
[[0;32m  OK  [0m] Started [0;1;39mSecurity Auditing Service[0m.
         Starting [0;1;39mRecord System Boot/Shutdown in UTMP[0m...
[[0;32m  OK  [0m] Finished [0;1;39mRecord System Boot/Shutdown in UTMP[0m.
[[0;32m  OK  [0m] Reached target [0;1;39mSystem Initialization[0m.
[[0;32m  OK  [0m] Started [0;1;39mDaily rotation of log files[0m.
[[0;32m  OK  [0m] Started [0;1;39mUpdates mlocate database every day[0m.
[[0;32m  OK  [0m] Started [0;1;39mDaily Cleanup of Temporary Directories[0m.
[[0;32m  OK  [0m] Started [0;1;39mdaily update of the root trust anchor for DNSSEC[0m.
[[0;32m  OK  [0m] Reached target [0;1;39mTimer Units[0m.
[[0;32m  OK  [0m] Listening on [0;1;39mD-Bus System Message Bus Socket[0m.
[[0;32m  OK  [0m] Listening on [0;1;39mOpen-iSCSI iscsid Socket[0m.
[[0;32m  OK  [0m] Listening on [0;1;39mOpen-iSCSI iscsiuio Socket[0m.
[[0;32m  OK  [0m] Listening on [0;1;39mSSSD Kerberos…ache Manager responder socket[0m.
[[0;32m  OK  [0m] Listening on [0;1;39mLibvirt interface local socket[0m.
[[0;32m  OK  [0m] Listening on [0;1;39mVirtual machine lock manager socket[0m.
[[0;32m  OK  [0m] Listening on [0;1;39mVirtual machine log manager socket[0m.
[[0;32m  OK  [0m] Listening on [0;1;39mLibvirt network local socket[0m.
[[0;32m  OK  [0m] Listening on [0;1;39mLibvirt nodedev local socket[0m.
[[0;32m  OK  [0m] Listening on [0;1;39mLibvirt nwfilter local socket[0m.
[[0;32m  OK  [0m] Listening on [0;1;39mLibvirt proxy local socket[0m.
[[0;32m  OK  [0m] Listening on [0;1;39mLibvirt qemu local socket[0m.
[[0;32m  OK  [0m] Listening on [0;1;39mLibvirt qemu admin socket[0m.
[[0;32m  OK  [0m] Listening on [0;1;39mLibvirt qemu local read-only socket[0m.
[[0;32m  OK  [0m] Listening on [0;1;39mLibvirt secret local socket[0m.
[[0;32m  OK  [0m] Listening on [0;1;39mLibvirt storage local socket[0m.
[[0;32m  OK  [0m] Reached target [0;1;39mSocket Units[0m.
         Starting [0;1;39mD-Bus System Message Bus[0m...
[[0;32m  OK  [0m] Started [0;1;39mD-Bus System Message Bus[0m.
[[0;32m  OK  [0m] Reached target [0;1;39mBasic System[0m.
         Starting [0;1;39mNetwork Manager[0m...
         Starting [0;1;39mNTP client/server[0m...
         Starting [0;1;39mRestore /run/initramfs on shutdown[0m...
[[0;32m  OK  [0m] Started [0;1;39mirqbalance daemon[0m.
[[0;32m  OK  [0m] Started [0;1;39mlibstoragemgmt plug-in server daemon[0m.
[[0;32m  OK  [0m] Started [0;1;39mMachine Check Exception Logging Daemon[0m.
[[0;32m  OK  [0m] Reached target [0;1;39msshd-keygen.target[0m.
[[0;32m  OK  [0m] Reached target [0;1;39mUser and Group Name Lookups[0m.
         Starting [0;1;39mUser Login Management[0m...
         Starting [0;1;39mVirtual Machine a…tainer Registration Service[0m...
[[0;32m  OK  [0m] Finished [0;1;39mRestore /run/initramfs on shutdown[0m.
[[0;32m  OK  [0m] Started [0;1;39mVirtual Machine an…ontainer Registration Service[0m.
[[0;32m  OK  [0m] Started [0;1;39mNTP client/server[0m.
[[0;32m  OK  [0m] Started [0;1;39mUser Login Management[0m.
         Starting [0;1;39mHostname Service[0m...
[[0;32m  OK  [0m] Started [0;1;39mHostname Service[0m.
         Starting [0;1;39mNetwork Manager Script Dispatcher Service[0m...
[[0;32m  OK  [0m] Started [0;1;39mNetwork Manager Script Dispatcher Service[0m.
[   11.335787] e1000: eth0 NIC Link is Up 1000 Mbps Full Duplex, Flow Control: RX
[[0;32m  OK  [0m] Started [0;1;39mNetwork Manager[0m.
[[0;32m  OK  [0m] Reached target [0;1;39mNetwork[0m.
[[0;32m  OK  [0m] Reached target [0;1;39mNetwork is Online[0m.
         Starting [0;1;39mGSSAPI Proxy Daemon[0m...
         Starting [0;1;39mNotify NFS peers of a restart[0m...
         Starting [0;1;39mSystem Logging Service[0m...
         Starting [0;1;39mOpenSSH server daemon[0m...
         Starting [0;1;39mDynamic System Tuning Daemon[0m...
[[0;32m  OK  [0m] Started [0;1;39mNotify NFS peers of a restart[0m.
[[0;32m  OK  [0m] Started [0;1;39mGSSAPI Proxy Daemon[0m.
[[0;32m  OK  [0m] Reached target [0;1;39mNFS client services[0m.
[[0;32m  OK  [0m] Reached target [0;1;39mPreparation for Remote File Systems[0m.
[[0;32m  OK  [0m] Reached target [0;1;39mRemote File Systems[0m.
         Starting [0;1;39mPermit User Sessions[0m...
         Starting [0;1;39mVirtualization qemu daemon[0m...
[[0;32m  OK  [0m] Started [0;1;39mOpenSSH server daemon[0m.
[[0;32m  OK  [0m] Finished [0;1;39mPermit User Sessions[0m.
[[0;32m  OK  [0m] Started [0;1;39mDeferred execution scheduler[0m.
[[0;32m  OK  [0m] Started [0;1;39mCommand Scheduler[0m.
         Starting [0;1;39mHold until boot process finishes up[0m...
         Starting [0;1;39mTerminate Plymouth Boot Screen[0m...
[[0;32m  OK  [0m] Started [0;1;39mSystem Logging Service[0m.

CentOS Stream 9
Kernel 6.12.0-2edc8f933df7+ on an x86_64

Activate the web console with: systemctl enable --now cockpit.socket

test login: 