c[?7l[2J[0mSeaBIOS (version rel-1.16.3-0-ga6ed6b701f0a-prebuilt.qemu.org)


iPXE (http://ipxe.org) 00:03.0 CA00 PCI2.10 PnP PMM+7EFD0D60+7EF30D60 CA00
Press Ctrl-B to configure iPXE (PCI 00:03.0)...                                                                               


Booting from ROM..c[?7l[2J[    0.000000] Linux version 6.19.0-3304b3fedddf+ (root@gnr-800442) (gcc (GCC) 11.5.0 20240719 (Red Hat 11.5.0-14), GNU ld version 2.35.2-66.el9) #1 SMP PREEMPT_DYNAMIC Thu Mar 12 22:34:36 CST 2026
[    0.000000] Command line: console=ttyS0 root=/dev/sda earlyprintk=serial net.ifnames=0 thunderbolt.dyndbg
[    0.000000] KERNEL supported cpus:
[    0.000000]   Intel GenuineIntel
[    0.000000]   AMD AuthenticAMD
[    0.000000]   Hygon HygonGenuine
[    0.000000]   Centaur CentaurHauls
[    0.000000]   zhaoxin   Shanghai  
[    0.000000] x86/CPU: Model not found in latest microcode list
[    0.000000] x86/split lock detection: #DB: warning on user-space bus_locks
[    0.000000] BIOS-provided physical RAM map:
[    0.000000] BIOS-e820: [mem 0x0000000000000000-0x000000000009fbff] usable
[    0.000000] BIOS-e820: [mem 0x000000000009fc00-0x000000000009ffff] reserved
[    0.000000] BIOS-e820: [mem 0x00000000000f0000-0x00000000000fffff] reserved
[    0.000000] BIOS-e820: [mem 0x0000000000100000-0x000000007ffdffff] usable
[    0.000000] BIOS-e820: [mem 0x000000007ffe0000-0x000000007fffffff] reserved
[    0.000000] BIOS-e820: [mem 0x00000000feffc000-0x00000000feffffff] reserved
[    0.000000] BIOS-e820: [mem 0x00000000fffc0000-0x00000000ffffffff] reserved
[    0.000000] printk: legacy bootconsole [earlyser0] enabled
[    0.000000] NX (Execute Disable) protection: active
[    0.000000] APIC: Static calls initialized
[    0.000000] SMBIOS 3.0.0 present.
[    0.000000] DMI: QEMU Standard PC (i440FX + PIIX, 1996), BIOS rel-1.16.3-0-ga6ed6b701f0a-prebuilt.qemu.org 04/01/2014
[    0.000000] DMI: Memory slots populated: 1/1
[    0.000000] Hypervisor detected: KVM
[    0.000000] last_pfn = 0x7ffe0 max_arch_pfn = 0x10000000000
[    0.000000] kvm-clock: Using msrs 4b564d01 and 4b564d00
[    0.000003] kvm-clock: using sched offset of 701280259 cycles
[    0.000482] clocksource: kvm-clock: mask: 0xffffffffffffffff max_cycles: 0x1cd42e4dffb, max_idle_ns: 881590591483 ns
[    0.001951] tsc: Detected 2500.000 MHz processor
[    0.010173] last_pfn = 0x7ffe0 max_arch_pfn = 0x10000000000
[    0.010687] MTRR map: 4 entries (3 fixed + 1 variable; max 19), built from 8 variable MTRRs
[    0.011426] x86/PAT: Configuration [0-7]: WB  WC  UC- UC  WB  WP  UC- WT  
[    0.016977] found SMP MP-table at [mem 0x000f5480-0x000f548f]
[    0.017513] Using GB pages for direct mapping
[    0.020107] ACPI: Early table checksum verification disabled
[    0.020626] ACPI: RSDP 0x00000000000F52A0 000014 (v00 BOCHS )
[    0.021154] ACPI: RSDT 0x000000007FFE1C9B 000034 (v01 BOCHS  BXPC     00000001 BXPC 00000001)
[    0.021913] ACPI: FACP 0x000000007FFE1B47 000074 (v01 BOCHS  BXPC     00000001 BXPC 00000001)
[    0.022683] ACPI: DSDT 0x000000007FFE0040 001B07 (v01 BOCHS  BXPC     00000001 BXPC 00000001)
[    0.023436] ACPI: FACS 0x000000007FFE0000 000040
[    0.023862] ACPI: APIC 0x000000007FFE1BBB 000080 (v03 BOCHS  BXPC     00000001 BXPC 00000001)
[    0.024623] ACPI: HPET 0x000000007FFE1C3B 000038 (v01 BOCHS  BXPC     00000001 BXPC 00000001)
[    0.025384] ACPI: WAET 0x000000007FFE1C73 000028 (v01 BOCHS  BXPC     00000001 BXPC 00000001)
[    0.026149] ACPI: Reserving FACP table memory at [mem 0x7ffe1b47-0x7ffe1bba]
[    0.026772] ACPI: Reserving DSDT table memory at [mem 0x7ffe0040-0x7ffe1b46]
[    0.027386] ACPI: Reserving FACS table memory at [mem 0x7ffe0000-0x7ffe003f]
[    0.028010] ACPI: Reserving APIC table memory at [mem 0x7ffe1bbb-0x7ffe1c3a]
[    0.028636] ACPI: Reserving HPET table memory at [mem 0x7ffe1c3b-0x7ffe1c72]
[    0.029242] ACPI: Reserving WAET table memory at [mem 0x7ffe1c73-0x7ffe1c9a]
[    0.030430] No NUMA configuration found
[    0.030776] Faking a node at [mem 0x0000000000000000-0x000000007ffdffff]
[    0.031376] NODE_DATA(0) allocated [mem 0x7ffb4ec0-0x7ffdfcbf]
[    0.033132] Zone ranges:
[    0.033407]   DMA      [mem 0x0000000000001000-0x0000000000ffffff]
[    0.033970]   DMA32    [mem 0x0000000001000000-0x000000007ffdffff]
[    0.034510]   Normal   empty
[    0.034776]   Device   empty
[    0.035034] Movable zone start for each node
[    0.035423] Early memory node ranges
[    0.035747]   node   0: [mem 0x0000000000001000-0x000000000009efff]
[    0.036294]   node   0: [mem 0x0000000000100000-0x000000007ffdffff]
[    0.036860] Initmem setup node 0 [mem 0x0000000000001000-0x000000007ffdffff]
[    0.037886] On node 0, zone DMA: 1 pages in unavailable ranges
[    0.038613] On node 0, zone DMA: 97 pages in unavailable ranges
[    0.070494] On node 0, zone DMA32: 32 pages in unavailable ranges
[    0.148652] KernelAddressSanitizer initialized (generic)
[    0.149406] ACPI: PM-Timer IO Port: 0x608
[    0.149798] ACPI: LAPIC_NMI (acpi_id[0xff] dfl dfl lint[0x1])
[    0.150384] IOAPIC[0]: apic_id 0, version 17, address 0xfec00000, GSI 0-23
[    0.151030] ACPI: INT_SRC_OVR (bus 0 bus_irq 0 global_irq 2 dfl dfl)
[    0.151598] ACPI: INT_SRC_OVR (bus 0 bus_irq 5 global_irq 5 high level)
[    0.152190] ACPI: INT_SRC_OVR (bus 0 bus_irq 9 global_irq 9 high level)
[    0.152785] ACPI: INT_SRC_OVR (bus 0 bus_irq 10 global_irq 10 high level)
[    0.153381] ACPI: INT_SRC_OVR (bus 0 bus_irq 11 global_irq 11 high level)
[    0.153998] ACPI: Using ACPI (MADT) for SMP configuration information
[    0.154551] ACPI: HPET id: 0x8086a201 base: 0xfed00000
[    0.155043] TSC deadline timer available
[    0.155398] CPU topo: Max. logical packages:   1
[    0.155810] CPU topo: Max. logical dies:       1
[    0.156222] CPU topo: Max. dies per package:   1
[    0.156648] CPU topo: Max. threads per core:   1
[    0.157052] CPU topo: Num. cores per package:     2
[    0.157479] CPU topo: Num. threads per package:   2
[    0.157915] CPU topo: Allowing 2 present CPUs plus 0 hotplug CPUs
[    0.158497] kvm-guest: APIC: eoi() replaced with kvm_guest_apic_eoi_write()
[    0.159136] kvm-guest: KVM setup pv remote TLB flush
[    0.159570] kvm-guest: setup PV sched yield
[    0.159997] PM: hibernation: Registered nosave memory: [mem 0x00000000-0x00000fff]
[    0.160691] PM: hibernation: Registered nosave memory: [mem 0x0009f000-0x000fffff]
[    0.161355] [mem 0x80000000-0xfeffbfff] available for PCI devices
[    0.161912] Booting paravirtualized kernel on KVM
[    0.162330] clocksource: refined-jiffies: mask: 0xffffffff max_cycles: 0xffffffff, max_idle_ns: 7645519600211568 ns
[    0.163262] setup_percpu: NR_CPUS:8192 nr_cpumask_bits:2 nr_cpu_ids:2 nr_node_ids:1
[    0.164637] percpu: Embedded 81 pages/cpu s294912 r8192 d28672 u1048576
[    0.165444] kvm-guest: PV spinlocks enabled
[    0.165841] PV qspinlock hash table entries: 256 (order: 0, 4096 bytes, linear)
[    0.166495] Kernel command line: net.ifnames=0 console=ttyS0 root=/dev/sda earlyprintk=serial net.ifnames=0 thunderbolt.dyndbg
[    0.167812] random: crng init done
[    0.168120] printk: log buffer data + meta data: 262144 + 917504 = 1179648 bytes
[    0.169360] Dentry cache hash table entries: 262144 (order: 9, 2097152 bytes, linear)
[    0.170606] Inode-cache hash table entries: 131072 (order: 8, 1048576 bytes, linear)
[    0.171645] Fallback order for Node 0: 0 
[    0.171660] Built 1 zonelists, mobility grouping on.  Total pages: 524158
[    0.172602] Policy zone: DMA32
[    0.172867] mem auto-init: stack:off, heap alloc:off, heap free:off
[    0.173394] stackdepot: allocating hash table via alloc_large_system_hash
[    0.173980] stackdepot hash table entries: 1048576 (order: 12, 16777216 bytes, linear)
[    0.179068] stackdepot: allocating space for 8192 stack pools via memblock
[    0.227123] SLUB: HWalign=64, Order=0-3, MinObjects=0, CPUs=2, Nodes=1
[    0.227696] kmemleak: Kernel memory leak detector disabled
[    0.267865] ftrace: allocating 75280 entries in 296 pages
[    0.268345] ftrace: allocated 296 pages with 3 groups
[    0.273246] Dynamic Preempt: voluntary
[    0.274089] Running RCU self tests
[    0.274389] Running RCU synchronous self tests
[    0.274781] rcu: Preemptible hierarchical RCU implementation.
[    0.275268] rcu: 	RCU lockdep checking is enabled.
[    0.275685] rcu: 	RCU restricting CPUs from NR_CPUS=8192 to nr_cpu_ids=2.
[    0.276252] 	Trampoline variant of Tasks RCU enabled.
[    0.276692] 	Rude variant of Tasks RCU enabled.
[    0.277069] 	Tracing variant of Tasks RCU enabled.
[    0.277463] rcu: RCU calculated value of scheduler-enlistment delay is 25 jiffies.
[    0.278105] rcu: Adjusting geometry for rcu_fanout_leaf=16, nr_cpu_ids=2
[    0.278771] Running RCU synchronous self tests
[    0.279145] RCU Tasks: Setting shift to 1 and lim to 1 rcu_task_cb_adjust=1 rcu_task_cpu_ids=2.
[    0.279875] RCU Tasks Rude: Setting shift to 1 and lim to 1 rcu_task_cb_adjust=1 rcu_task_cpu_ids=2.
[    0.354102] NR_IRQS: 524544, nr_irqs: 440, preallocated irqs: 16
[    0.355271] rcu: srcu_init: Setting srcu_struct sizes based on contention.
[    0.363546] Console: colour VGA+ 80x25
[    0.363973] printk: legacy console [ttyS0] enabled
[    0.363973] printk: legacy console [ttyS0] enabled
[    0.364808] printk: legacy bootconsole [earlyser0] disabled
[    0.364808] printk: legacy bootconsole [earlyser0] disabled
[    0.365805] Lock dependency validator: Copyright (c) 2006 Red Hat, Inc., Ingo Molnar
[    0.366475] ... MAX_LOCKDEP_SUBCLASSES:  8
[    0.366847] ... MAX_LOCK_DEPTH:          48
[    0.367211] ... MAX_LOCKDEP_KEYS:        8192
[    0.367599] ... CLASSHASH_SIZE:          4096
[    0.367978] ... MAX_LOCKDEP_ENTRIES:     32768
[    0.368367] ... MAX_LOCKDEP_CHAINS:      65536
[    0.368764] ... CHAINHASH_SIZE:          32768
[    0.369157]  memory used by lock dependency info: 6429 kB
[    0.369639]  memory used for stack traces: 4224 kB
[    0.370058]  per task-struct memory footprint: 1920 bytes
[    0.370615] ACPI: Core revision 20250807
[    0.371382] clocksource: hpet: mask: 0xffffffff max_cycles: 0xffffffff, max_idle_ns: 19112604467 ns
[    0.372360] APIC: Switch to symmetric I/O mode setup
[    0.373227] x2apic enabled
[    0.373889] APIC: Switched APIC routing to: physical x2apic
[    0.374383] kvm-guest: APIC: send_IPI_mask() replaced with kvm_send_ipi_mask()
[    0.375035] kvm-guest: APIC: send_IPI_mask_allbutself() replaced with kvm_send_ipi_mask_allbutself()
[    0.375827] kvm-guest: setup PV IPIs
[    0.377253] ..TIMER: vector=0x30 apic1=0 pin1=2 apic2=-1 pin2=-1
[    0.377836] clocksource: tsc-early: mask: 0xffffffffffffffff max_cycles: 0x240939f1bb2, max_idle_ns: 440795263295 ns
[    0.378773] Calibrating delay loop (skipped) preset value.. 5000.00 BogoMIPS (lpj=10000000)
[    0.379658] x86/cpu: User Mode Instruction Prevention (UMIP) activated
[    0.380322] Last level iTLB entries: 4KB 0, 2MB 0, 4MB 0
[    0.382787] Last level dTLB entries: 4KB 0, 2MB 0, 4MB 0, 1GB 0
[    0.383338] mitigations: Enabled attack vectors: user_kernel, user_user, guest_host, guest_guest, SMT mitigations: auto
[    0.384299] Speculative Store Bypass: Mitigation: Speculative Store Bypass disabled via prctl
[    0.385051] Spectre V2 : Mitigation: Enhanced / Automatic IBRS
[    0.385572] ITS: Mitigation: Aligned branch/return thunks
[    0.386056] Spectre V1 : Mitigation: usercopy/swapgs barriers and __user pointer sanitization
[    0.386763] Spectre V2 : WARNING: Unprivileged eBPF is enabled with eIBRS on, data leaks possible via Spectre v2 BHB attacks!
[    0.387732] Spectre V2 : Spectre v2 / PBRSB-eIBRS: Retire a single CALL on VMEXIT
[    0.388353] Spectre V2 : mitigation: Enabling conditional Indirect Branch Prediction Barrier
[    0.389060] active return thunk: its_return_thunk
[    0.389475] Spectre V2 : Spectre BHI mitigation: SW BHB clearing on syscall and VM exit
[    0.390783] x86/fpu: Supporting XSAVE feature 0x001: 'x87 floating point registers'
[    0.391437] x86/fpu: Supporting XSAVE feature 0x002: 'SSE registers'
[    0.391982] x86/fpu: Supporting XSAVE feature 0x004: 'AVX registers'
[    0.392514] x86/fpu: Supporting XSAVE feature 0x020: 'AVX-512 opmask'
[    0.393065] x86/fpu: Supporting XSAVE feature 0x040: 'AVX-512 Hi256'
[    0.393598] x86/fpu: Supporting XSAVE feature 0x080: 'AVX-512 ZMM_Hi256'
[    0.394174] x86/fpu: Supporting XSAVE feature 0x200: 'Protection Keys User registers'
[    0.394769] x86/fpu: Supporting XSAVE feature 0x20000: 'AMX Tile config'
[    0.395346] x86/fpu: Supporting XSAVE feature 0x40000: 'AMX Tile data'
[    0.395898] x86/fpu: xstate_offset[2]:  576, xstate_sizes[2]:  256
[    0.396428] x86/fpu: xstate_offset[5]:  832, xstate_sizes[5]:   64
[    0.396956] x86/fpu: xstate_offset[6]:  896, xstate_sizes[6]:  512
[    0.397484] x86/fpu: xstate_offset[7]: 1408, xstate_sizes[7]: 1024
[    0.398028] x86/fpu: xstate_offset[9]: 2432, xstate_sizes[9]:    8
[    0.398549] x86/fpu: xstate_offset[17]: 2496, xstate_sizes[17]:   64
[    0.398773] x86/fpu: xstate_offset[18]: 2560, xstate_sizes[18]: 8192
[    0.399351] x86/fpu: Enabled xstate features 0x602e7, context size is 10752 bytes, using 'compacted' format.
[    0.569021] Freeing SMP alternatives memory: 64K
[    0.569449] pid_max: default: 32768 minimum: 301
[    0.570203] Yama: becoming mindful.
[    0.570878] Mount-cache hash table entries: 4096 (order: 3, 32768 bytes, linear)
[    0.571533] Mountpoint-cache hash table entries: 4096 (order: 3, 32768 bytes, linear)
[    0.572801] VFS: Finished mounting rootfs on nullfs
[    0.574351] Running RCU synchronous self tests
[    0.574772] Running RCU synchronous self tests
[    0.575513] smpboot: CPU0: Intel GENUINE INTEL(R) XEON(R) (family: 0x6, model: 0xad, stepping: 0x0)
[    0.577078] Performance Events: PEBS fmt0-, Granite Rapids events, 
[    0.577160] core: The event 0x400 is not supported as a normal event.
[    0.578261] core: The event 0x8000 is not supported as a normal event.
[    0.578759] core: The event 0x8100 is not supported as a normal event.
[    0.578774] core: The event 0x8200 is not supported as a normal event.
[    0.579333] core: The event 0x8300 is not supported as a normal event.
[    0.579885] core: The event 0x8400 is not supported as a normal event.
[    0.580432] core: The event 0x8500 is not supported as a normal event.
[    0.580984] core: The event 0x8600 is not supported as a normal event.
[    0.581539] core: The event 0x8700 is not supported as a normal event.
[    0.582122] full-width counters, Intel PMU driver.
[    0.582578] ... version:                   2
[    0.582764] ... bit width:                 48
[    0.583132] ... generic counters:          8
[    0.583496] ... generic bitmap:            00000000000000ff
[    0.583973] ... fixed-purpose counters:    3
[    0.584333] ... fixed-purpose bitmap:      0000000000000007
[    0.584819] ... value mask:                0000ffffffffffff
[    0.585286] ... max period:                00007fffffffffff
[    0.585761] ... global_ctrl mask:          00000007000000ff
[    0.586812] signal: max sigframe size: 11952
[    0.587379] rcu: Hierarchical SRCU implementation.
[    0.587809] rcu: 	Max phase no-delay instances is 1000.
[    0.588468] Timer migration: 1 hierarchy levels; 8 children per group; 1 crossnode level
[    0.613378] smp: Bringing up secondary CPUs ...
[    0.614376] smpboot: x86: Booting SMP configuration:
[    0.614787] .... node  #0, CPUs:      #1
[    0.615491] smp: Brought up 1 node, 2 CPUs
[    0.615870] smpboot: Total of 2 processors activated (10000.00 BogoMIPS)
[    0.619935] Memory: 1591816K/2096632K available (80958K kernel code, 15565K rwdata, 18816K rodata, 16420K init, 20844K bss, 493188K reserved, 0K cma-reserved)
[    0.622804] devtmpfs: initialized
[    0.623964] x86/mm: Memory block size: 128MB
[    0.635782] Running RCU synchronous self tests
[    0.636235] Running RCU synchronous self tests
[    0.638801] Running RCU Tasks wait API self tests
[    0.639480] Running RCU Tasks Rude wait API self tests
[    0.639480] Running RCU Tasks Trace wait API self tests
[    0.642863] clocksource: jiffies: mask: 0xffffffff max_cycles: 0xffffffff, max_idle_ns: 7645041785100000 ns
[    0.642904] posixtimers hash table entries: 1024 (order: 5, 73728 bytes, linear)
[    0.643604] futex hash table entries: 512 (65536 bytes on 1 NUMA nodes, total 64 KiB, linear).
[    0.648014] 
[    0.648187] *************************************************************
[    0.648783] **     NOTICE NOTICE NOTICE NOTICE NOTICE NOTICE NOTICE    **
[    0.649388] **                                                         **
[    0.649995] **  IOMMU DebugFS SUPPORT HAS BEEN ENABLED IN THIS KERNEL  **
[    0.650590] **                                                         **
[    0.650812] ** This means that this kernel is built to expose internal **
[    0.651416] ** IOMMU data structures, which may compromise security on **
[    0.652013] ** your system.                                            **
[    0.652615] **                                                         **
[    0.653216] ** If you see this message and you are not debugging the   **
[    0.654776] ** kernel, report this immediately to your vendor!         **
[    0.654776] **                                                         **
[    0.654776] **     NOTICE NOTICE NOTICE NOTICE NOTICE NOTICE NOTICE    **
[    0.655377] *************************************************************
[    0.656107] PM: RTC time: 14:36:15, date: 2026-03-12
[    0.659818] NET: Registered PF_NETLINK/PF_ROUTE protocol family
[    0.662381] DMA: preallocated 256 KiB GFP_KERNEL|GFP_DMA pool for atomic allocations
[    0.662837] DMA: preallocated 256 KiB GFP_KERNEL|GFP_DMA32 pool for atomic allocations
[    0.662798] Callback from call_rcu_tasks_trace() invoked.
[    0.663730] audit: initializing netlink subsys (disabled)
[    0.666848] audit: type=2000 audit(1773326175.617:1): state=initialized audit_enabled=0 res=1
[    0.668534] thermal_sys: Registered thermal governor 'fair_share'
[    0.668547] thermal_sys: Registered thermal governor 'bang_bang'
[    0.669096] thermal_sys: Registered thermal governor 'step_wise'
[    0.669610] thermal_sys: Registered thermal governor 'user_space'
[    0.670772] cpuidle: using governor ladder
[    0.671647] cpuidle: using governor menu
[    0.671845] acpiphp: ACPI Hot Plug PCI Controller Driver version: 0.5
[    0.673342] PCI: Using configuration type 1 for base access
[    0.675146] kprobes: kprobe jump-optimization is enabled. All kprobes are optimized if possible.
[    0.811254] HugeTLB: registered 1.00 GiB page size, pre-allocated 0 pages
[    0.811573] HugeTLB: 16380 KiB vmemmap can be freed for a 1.00 GiB page
[    0.811573] HugeTLB: registered 2.00 MiB page size, pre-allocated 0 pages
[    0.811573] HugeTLB: 28 KiB vmemmap can be freed for a 2.00 MiB page
[    0.826776] ACPI: Added _OSI(Module Device)
[    0.826776] ACPI: Added _OSI(Processor Device)
[    0.826776] ACPI: Added _OSI(Processor Aggregator Device)
[    0.846168] ACPI: 1 ACPI AML tables successfully acquired and loaded
[    0.864404] ACPI: Interpreter enabled
[    0.864977] ACPI: PM: (supports S0 S3 S4 S5)
[    0.865380] ACPI: Using IOAPIC for interrupt routing
[    0.865984] PCI: Using host bridge windows from ACPI; if necessary, use "pci=nocrs" and report a bug
[    0.866768] PCI: Using E820 reservations for host bridge windows
[    0.868826] ACPI: Enabled 2 GPEs in block 00 to 0F
[    0.918002] ACPI: PCI Root Bridge [PCI0] (domain 0000 [bus 00-ff])
[    0.918624] acpi PNP0A03:00: _OSC: OS supports [ASPM ClockPM Segments MSI EDR HPX-Type3]
[    0.918774] acpi PNP0A03:00: _OSC: not requesting OS control; OS requires [ExtendedConfig ASPM ClockPM MSI]
[    0.919842] acpi PNP0A03:00: fail to add MMCONFIG information, can't access extended configuration space under this bridge
[    0.926758] acpiphp: Slot [3] registered
[    0.927313] acpiphp: Slot [4] registered
[    0.927826] acpiphp: Slot [5] registered
[    0.928343] acpiphp: Slot [6] registered
[    0.928862] acpiphp: Slot [7] registered
[    0.929380] acpiphp: Slot [8] registered
[    0.929891] acpiphp: Slot [9] registered
[    0.930407] acpiphp: Slot [10] registered
[    0.930921] acpiphp: Slot [11] registered
[    0.931467] acpiphp: Slot [12] registered
[    0.931981] acpiphp: Slot [13] registered
[    0.932505] acpiphp: Slot [14] registered
[    0.933025] acpiphp: Slot [15] registered
[    0.933556] acpiphp: Slot [16] registered
[    0.934073] acpiphp: Slot [17] registered
[    0.934593] acpiphp: Slot [18] registered
[    0.934926] acpiphp: Slot [19] registered
[    0.935465] acpiphp: Slot [20] registered
[    0.935983] acpiphp: Slot [21] registered
[    0.936511] acpiphp: Slot [22] registered
[    0.937030] acpiphp: Slot [23] registered
[    0.937560] acpiphp: Slot [24] registered
[    0.938059] acpiphp: Slot [25] registered
[    0.938569] acpiphp: Slot [26] registered
[    0.938931] acpiphp: Slot [27] registered
[    0.939460] acpiphp: Slot [28] registered
[    0.939981] acpiphp: Slot [29] registered
[    0.940505] acpiphp: Slot [30] registered
[    0.941027] acpiphp: Slot [31] registered
[    0.941466] PCI host bridge to bus 0000:00
[    0.941913] pci_bus 0000:00: root bus resource [io  0x0000-0x0cf7 window]
[    0.942528] pci_bus 0000:00: root bus resource [io  0x0d00-0xffff window]
[    0.946777] pci_bus 0000:00: root bus resource [mem 0x000a0000-0x000bffff window]
[    0.947435] pci_bus 0000:00: root bus resource [mem 0x80000000-0xfebfffff window]
[    0.948103] pci_bus 0000:00: root bus resource [mem 0x100000000-0x17fffffff window]
[    0.948786] pci_bus 0000:00: root bus resource [bus 00-ff]
[    0.949424] pci 0000:00:00.0: [8086:1237] type 00 class 0x060000 conventional PCI endpoint
[    0.952105] pci 0000:00:01.0: [8086:7000] type 00 class 0x060100 conventional PCI endpoint
[    0.954321] pci 0000:00:01.1: [8086:7010] type 00 class 0x010180 conventional PCI endpoint
[    0.955419] pci 0000:00:01.1: BAR 4 [io  0xc040-0xc04f]
[    0.955934] pci 0000:00:01.1: BAR 0 [io  0x01f0-0x01f7]: legacy IDE quirk
[    0.956547] pci 0000:00:01.1: BAR 1 [io  0x03f6]: legacy IDE quirk
[    0.957104] pci 0000:00:01.1: BAR 2 [io  0x0170-0x0177]: legacy IDE quirk
[    0.957709] pci 0000:00:01.1: BAR 3 [io  0x0376]: legacy IDE quirk
[    0.959556] pci 0000:00:01.3: [8086:7113] type 00 class 0x068000 conventional PCI endpoint
[    0.960598] pci 0000:00:01.3: quirk: [io  0x0600-0x063f] claimed by PIIX4 ACPI
[    0.961286] pci 0000:00:01.3: quirk: [io  0x0700-0x070f] claimed by PIIX4 SMB
[    0.963139] pci 0000:00:02.0: [1234:1111] type 00 class 0x030000 conventional PCI endpoint
[    0.965468] pci 0000:00:02.0: BAR 0 [mem 0xfd000000-0xfdffffff pref]
[    0.966064] pci 0000:00:02.0: BAR 2 [mem 0xfebf0000-0xfebf0fff]
[    0.966629] pci 0000:00:02.0: ROM [mem 0xfebe0000-0xfebeffff pref]
[    0.966885] pci 0000:00:02.0: Video device with shadowed ROM at [mem 0x000c0000-0x000dffff]
[    0.968963] pci 0000:00:03.0: [8086:100e] type 00 class 0x020000 conventional PCI endpoint
[    0.970778] pci 0000:00:03.0: BAR 0 [mem 0xfebc0000-0xfebdffff]
[    0.971326] pci 0000:00:03.0: BAR 1 [io  0xc000-0xc03f]
[    0.971827] pci 0000:00:03.0: ROM [mem 0xfeb80000-0xfebbffff pref]
[    0.999536] ACPI: PCI: Interrupt link LNKA configured for IRQ 10
[    1.001255] ACPI: PCI: Interrupt link LNKB configured for IRQ 10
[    1.002879] ACPI: PCI: Interrupt link LNKC configured for IRQ 11
[    1.004499] ACPI: PCI: Interrupt link LNKD configured for IRQ 11
[    1.005481] ACPI: PCI: Interrupt link LNKS configured for IRQ 9
[    1.010837] iommu: Default domain type: Translated
[    1.011311] iommu: DMA domain TLB invalidation policy: lazy mode
[    1.017559] SCSI subsystem initialized
[    1.019226] ACPI: bus type USB registered
[    1.019787] usbcore: registered new interface driver usbfs
[    1.020402] usbcore: registered new interface driver hub
[    1.020961] usbcore: registered new device driver usb
[    1.021853] pps_core: LinuxPPS API ver. 1 registered
[    1.022295] pps_core: Software ver. 5.3.6 - Copyright 2005-2007 Rodolfo Giometti <giometti@linux.it>
[    1.022800] PTP clock support registered
[    1.027000] EDAC MC: Ver: 3.0.0
[    1.033450] NetLabel: Initializing
[    1.033801] NetLabel:  domain hash size = 128
[    1.034200] NetLabel:  protocols = UNLABELED CIPSOv4 CALIPSO
[    1.034873] NetLabel:  unlabeled traffic allowed by default
[    1.036107] PCI: Using ACPI for IRQ routing
[    1.036942] pci 0000:00:02.0: vgaarb: setting as boot VGA device
[    1.037494] pci 0000:00:02.0: vgaarb: bridge control possible
[    1.038008] pci 0000:00:02.0: vgaarb: VGA device added: decodes=io+mem,owns=io+mem,locks=none
[    1.038759] vgaarb: loaded
[    1.043468] hpet0: at MMIO 0xfed00000, IRQs 2, 8, 0
[    1.043468] hpet0: 3 comparators, 64-bit 100.000000 MHz counter
[    1.046759] clocksource: Switched to clocksource kvm-clock
[    1.049430] VFS: Disk quotas dquot_6.6.0
[    1.049869] VFS: Dquot-cache hash table entries: 512 (order 0, 4096 bytes)
[    1.061110] pnp: PnP ACPI init
[    1.066070] pnp: PnP ACPI: found 6 devices
[    1.087698] clocksource: acpi_pm: mask: 0xffffff max_cycles: 0xffffff, max_idle_ns: 2085701024 ns
[    1.089077] NET: Registered PF_INET protocol family
[    1.089934] IP idents hash table entries: 32768 (order: 6, 262144 bytes, linear)
[    1.092562] tcp_listen_portaddr_hash hash table entries: 1024 (order: 5, 73728 bytes, linear)
[    1.093357] Table-perturb hash table entries: 65536 (order: 6, 262144 bytes, linear)
[    1.094115] TCP established hash table entries: 16384 (order: 5, 131072 bytes, linear)
[    1.095369] TCP bind hash table entries: 16384 (order: 10, 2359296 bytes, linear)
[    1.097035] TCP: Hash tables configured (established 16384 bind 16384)
[    1.097812] UDP hash table entries: 1024 (order: 6, 262144 bytes, linear)
[    1.098513] UDP-Lite hash table entries: 1024 (order: 6, 262144 bytes, linear)
[    1.099613] NET: Registered PF_UNIX/PF_LOCAL protocol family
[    1.102272] RPC: Registered named UNIX socket transport module.
[    1.102862] RPC: Registered udp transport module.
[    1.103322] RPC: Registered tcp transport module.
[    1.103738] RPC: Registered tcp-with-tls transport module.
[    1.104242] RPC: Registered tcp NFSv4.1 backchannel transport module.
[    1.104851] pci_bus 0000:00: resource 4 [io  0x0000-0x0cf7 window]
[    1.105421] pci_bus 0000:00: resource 5 [io  0x0d00-0xffff window]
[    1.105966] pci_bus 0000:00: resource 6 [mem 0x000a0000-0x000bffff window]
[    1.106569] pci_bus 0000:00: resource 7 [mem 0x80000000-0xfebfffff window]
[    1.107199] pci_bus 0000:00: resource 8 [mem 0x100000000-0x17fffffff window]
[    1.108281] pci 0000:00:01.0: PIIX3: Enabling Passive Release
[    1.108800] pci 0000:00:00.0: Limiting direct PCI/PCI transfers
[    1.109430] PCI: CLS 0 bytes, default 64
[    1.109943] ACPI: bus type thunderbolt registered
[    1.111013] clocksource: tsc: mask: 0xffffffffffffffff max_cycles: 0x240939f1bb2, max_idle_ns: 440795263295 ns
[    3.966629] Initialise system trusted keyrings
[    3.967312] Key type blacklist registered
[    3.968169] workingset: timestamp_bits=36 max_order=19 bucket_order=0
[    3.971336] squashfs: version 4.0 (2009/01/31) Phillip Lougher
[    3.974282] NFS: Registering the id_resolver key type
[    3.974757] Key type id_resolver registered
[    3.975168] Key type id_legacy registered
[    3.975570] nfs4filelayout_init: NFSv4 File Layout Driver Registering...
[    3.976166] nfs4flexfilelayout_init: NFSv4 Flexfile Layout Driver Registering...
[    3.977516] fuse: init (API version 7.45)
[    3.979023] SGI XFS with ACLs, security attributes, realtime, quota, no debug enabled
[    3.982021] 9p: Installing v9fs 9p2000 file system support
[    3.997515] Key type asymmetric registered
[    3.997881] Asymmetric key parser 'x509' registered
[    3.998432] Block layer SCSI generic (bsg) driver version 0.4 loaded (major 241)
[    3.999605] io scheduler mq-deadline registered
[    4.000219] io scheduler bfq registered
[    4.001794] ledtrig-cpu: registered to indicate activity on CPUs
[    4.004171] IPMI message handler: version 39.2
[    4.004672] ipmi device interface
[    4.007620] input: Power Button as /devices/LNXSYSTM:00/LNXPWRBN:00/input/input0
[    4.008887] ACPI: button: Power Button [PWRF]
[    4.011896] ERST DBG: ERST support is disabled.
[    4.014262] Serial: 8250/16550 driver, 32 ports, IRQ sharing enabled
[    4.015346] Callback from call_rcu_tasks() invoked.
[    4.016562] 00:04: ttyS0 at I/O 0x3f8 (irq = 4, base_baud = 115200) is a 16550A
[    4.065036] Linux agpgart interface v0.103
[    4.069835] ACPI: bus type drm_connector registered
[    4.104837] brd: module loaded
[    4.125316] loop: module loaded
[    4.143316] scsi host0: ata_piix
[    4.145896] scsi host1: ata_piix
[    4.146986] ata1: PATA max MWDMA2 cmd 0x1f0 ctl 0x3f6 bmdma 0xc040 irq 14 lpm-pol 0
[    4.147643] ata2: PATA max MWDMA2 cmd 0x170 ctl 0x376 bmdma 0xc048 irq 15 lpm-pol 0
[    4.151700] tun: Universal TUN/TAP device driver, 1.6
[    4.153003] e100: Intel(R) PRO/100 Network Driver
[    4.153454] e100: Copyright(c) 1999-2006 Intel Corporation
[    4.154107] e1000: Intel(R) PRO/1000 Network Driver
[    4.154538] e1000: Copyright (c) 1999-2006 Intel Corporation.
[    4.303229] ata1: found unknown device (class 0)
[    4.304324] ata1.00: ATA-7: QEMU HARDDISK, 2.5+, max UDMA/100
[    4.304859] ata1.00: 17196647 sectors, multi 16: LBA48 
[    4.306693] scsi 0:0:0:0: Direct-Access     ATA      QEMU HARDDISK    2.5+ PQ: 0 ANSI: 5
[    4.307305] ata2: found unknown device (class 0)
[    4.308968] ata2.00: ATAPI: QEMU DVD-ROM, 2.5+, max UDMA/100
[    4.310937] sd 0:0:0:0: Attached scsi generic sg0 type 0
[    4.313822] scsi 1:0:0:0: CD-ROM            QEMU     QEMU DVD-ROM     2.5+ PQ: 0 ANSI: 5
[    4.314754] sd 0:0:0:0: [sda] 17196647 512-byte logical blocks: (8.80 GB/8.20 GiB)
[    4.315699] sd 0:0:0:0: [sda] Write Protect is off
[    4.316627] sd 0:0:0:0: [sda] Write cache: enabled, read cache: enabled, doesn't support DPO or FUA
[    4.317762] sd 0:0:0:0: [sda] Preferred minimum I/O size 512 bytes
[    4.341810] scsi 1:0:0:0: Attached scsi generic sg1 type 5
[    4.343776] sd 0:0:0:0: [sda] Attached SCSI disk
[    5.038819] ACPI: \_SB_.LNKC: Enabled at IRQ 11
[    5.355414] e1000 0000:00:03.0 eth0: (PCI:33MHz:32-bit) 52:54:00:12:34:56
[    5.356072] e1000 0000:00:03.0 eth0: Intel(R) PRO/1000 Network Connection
[    5.356869] e1000e: Intel(R) PRO/1000 Network Driver
[    5.357306] e1000e: Copyright(c) 1999 - 2015 Intel Corporation.
[    5.357984] igb: Intel(R) Gigabit Ethernet Network Driver
[    5.358452] igb: Copyright (c) 2007-2014 Intel Corporation.
[    5.359389] PPP generic driver version 2.4.2
[    5.362013] VFIO - User Level meta-driver version: 0.3
[    5.364399] usbcore: registered new interface driver uas
[    5.365062] usbcore: registered new interface driver usb-storage
[    5.365930] i8042: PNP: PS/2 Controller [PNP0303:KBD,PNP0f13:MOU] at 0x60,0x64 irq 1,12
[    5.368199] serio: i8042 KBD port at 0x60,0x64 irq 1
[    5.368785] serio: i8042 AUX port at 0x60,0x64 irq 12
[    5.371237] mousedev: PS/2 mouse device common for all mice
[    5.373791] input: AT Translated Set 2 keyboard as /devices/platform/i8042/serio0/input/input1
[    5.376548] rtc_cmos 00:05: RTC can wake from S4
[    5.378584] input: VirtualPS/2 VMware VMMouse as /devices/platform/i8042/serio1/input/input4
[    5.380225] rtc_cmos 00:05: registered as rtc0
[    5.381049] rtc_cmos 00:05: setting system clock to 2026-03-12T14:36:20 UTC (1773326180)
[    5.382272] rtc_cmos 00:05: alarms up to one day, y3k, 242 bytes nvram, hpet irqs
[    5.382585] input: VirtualPS/2 VMware VMMouse as /devices/platform/i8042/serio1/input/input3
[    5.383067] i2c_dev: i2c /dev entries driver
[    5.384327] device-mapper: core: CONFIG_IMA_DISABLE_HTABLE is disabled. Duplicate IMA measurements will not be recorded in the IMA log.
[    5.385554] device-mapper: uevent: version 1.0.3
[    5.386831] device-mapper: ioctl: 4.50.0-ioctl (2025-04-28) initialised: dm-devel@lists.linux.dev
[    5.387684] intel_pstate: CPU model not supported
[    5.388389] sdhci: Secure Digital Host Controller Interface driver
[    5.388944] sdhci: Copyright(c) Pierre Ossman
[    5.389545] sdhci-pltfm: SDHCI platform and OF driver helper
[    5.390766] drop_monitor: Initializing network drop monitor service
[    5.391755] NET: Registered PF_INET6 protocol family
[    5.394925] Segment Routing with IPv6
[    5.395357] In-situ OAM (IOAM) with IPv6
[    5.395800] NET: Registered PF_PACKET protocol family
[    5.396966] 9pnet: Installing 9P2000 support
[    5.397504] Key type dns_resolver registered
[    5.400275] IPI shorthand broadcast: enabled
[    5.460114] sched_clock: Marking stable (5440010624, 18865017)->(5461515962, -2640321)
[    5.462476] registered taskstats version 1
[    5.463970] Loading compiled-in X.509 certificates
[    5.542141] Demotion targets for Node 0: null
[    5.544867] Key type .fscrypt registered
[    5.545259] Key type fscrypt-provisioning registered
[    5.557593] Key type encrypted registered
[    5.558043] ima: No TPM chip found, activating TPM-bypass!
[    5.558552] ima: Allocated hash algorithm: sha1
[    5.559161] ima: No architecture policies found
[    5.559781] evm: Initialising EVM extended attributes:
[    5.560229] evm: security.selinux
[    5.560525] evm: security.SMACK64
[    5.560832] evm: security.SMACK64EXEC
[    5.561155] evm: security.SMACK64TRANSMUTE
[    5.561512] evm: security.SMACK64MMAP
[    5.561843] evm: security.apparmor
[    5.562146] evm: security.ima
[    5.562410] evm: security.capability
[    5.562722] evm: HMAC attrs: 0x1
[    5.566578] PM:   Magic number: 2:947:636
[    5.568957] RAS: Correctable Errors collector initialized.
[    5.569874] clk: Disabling unused clocks
[    5.570548] PM: genpd: Disabling unused power domains
[    5.572020] check access for rdinit=/init failed: -2, ignoring
[    5.572531] md: Waiting for all devices to be available before autodetect
[    5.572945] md: If you don't use raid, use raid=noautodetect
[    5.573278] md: Autodetecting RAID arrays.
[    5.573544] md: autorun ...
[    5.573716] md: ... autorun DONE.
[    5.585778] EXT4-fs (sda): INFO: recovery required on readonly filesystem
[    5.586217] EXT4-fs (sda): write access will be enabled during recovery
[    5.942501] EXT4-fs (sda): recovery complete
[    5.947211] EXT4-fs (sda): mounted filesystem 088740a9-c8b4-422c-999d-a804eb68a4da ro with ordered data mode. Quota mode: none.
[    5.948069] VFS: Mounted root (ext4 filesystem) readonly on device 8:0.
[    5.952627] devtmpfs: mounted
[    5.953660] VFS: Pivoted into new rootfs
[    5.977487] Freeing unused decrypted memory: 2036K
[    5.990550] Freeing unused kernel image (initmem) memory: 16420K
[    5.991122] Write protecting the kernel read-only data: 102400k
[    5.995254] Freeing unused kernel image (text/rodata gap) memory: 960K
[    5.997738] Freeing unused kernel image (rodata/data gap) memory: 1664K
[    7.177969] x86/mm: Checked W+X mappings: passed, no W+X pages found.
[    7.178675] Run /sbin/init as init process
[    7.416109] systemd[1]: systemd 252-15.el9 running in system mode (+PAM +AUDIT +SELINUX -APPARMOR +IMA +SMACK +SECCOMP +GCRYPT +GNUTLS +OPENSSL +ACL +BLKID +CURL +ELFUTILS -FIDO2 +IDN2 -IDN -IPTC +KMOD +LIBCRYPTSETUP +LIBFDISK +PCRE2 -PWQUALITY +P11KIT -QRENCODE +TPM2 +BZIP2 +LZ4 +XZ +ZLIB +ZSTD -BPF_FRAMEWORK +XKBCOMMON +UTMP +SYSVINIT default-hierarchy=unified)
[    7.417939] systemd[1]: Detected virtualization kvm.
[    7.418249] systemd[1]: Detected architecture x86-64.

Welcome to [0;31mCentOS Stream 9[0m!

[    7.426585] systemd[1]: Hostname set to <test>.
[    7.641694] systemd-rc-local-generator[116]: /etc/rc.d/rc.local is not marked executable, skipping.
[    8.240214] systemd[1]: Queued start job for default target Multi-User System.
[    8.258179] systemd[1]: Created slice Virtual Machine and Container Slice.
[[0;32m  OK  [0m] Created slice [0;1;39mVirtual Machine and Container Slice[0m.
[    8.264377] systemd[1]: Created slice Slice /system/getty.
[[0;32m  OK  [0m] Created slice [0;1;39mSlice /system/getty[0m.
[    8.267961] systemd[1]: Created slice Slice /system/modprobe.
[[0;32m  OK  [0m] Created slice [0;1;39mSlice /system/modprobe[0m.
[    8.272338] systemd[1]: Created slice Slice /system/serial-getty.
[[0;32m  OK  [0m] Created slice [0;1;39mSlice /system/serial-getty[0m.
[    8.275927] systemd[1]: Created slice Slice /system/sshd-keygen.
[[0;32m  OK  [0m] Created slice [0;1;39mSlice /system/sshd-keygen[0m.
[    8.279307] systemd[1]: Created slice User and Session Slice.
[[0;32m  OK  [0m] Created slice [0;1;39mUser and Session Slice[0m.
[    8.281312] systemd[1]: Started Forward Password Requests to Wall Directory Watch.
[[0;32m  OK  [0m] Started [0;1;39mForward Password R…uests to Wall Directory Watch[0m.
[    8.284148] systemd[1]: Set up automount Arbitrary Executable File Formats File System Automount Point.
[[0;32m  OK  [0m] Set up automount [0;1;39mArbitrary…s File System Automount Point[0m.
[    8.286005] systemd[1]: Reached target Local Integrity Protected Volumes.
[[0;32m  OK  [0m] Reached target [0;1;39mLocal Integrity Protected Volumes[0m.
[    8.287742] systemd[1]: Reached target Slice Units.
[[0;32m  OK  [0m] Reached target [0;1;39mSlice Units[0m.
[    8.289053] systemd[1]: Reached target Swaps.
[[0;32m  OK  [0m] Reached target [0;1;39mSwaps[0m.
[    8.290302] systemd[1]: Reached target Local Verity Protected Volumes.
[[0;32m  OK  [0m] Reached target [0;1;39mLocal Verity Protected Volumes[0m.
[    8.292375] systemd[1]: Listening on Device-mapper event daemon FIFOs.
[[0;32m  OK  [0m] Listening on [0;1;39mDevice-mapper event daemon FIFOs[0m.
[    8.294688] systemd[1]: Listening on LVM2 poll daemon socket.
[[0;32m  OK  [0m] Listening on [0;1;39mLVM2 poll daemon socket[0m.
[    8.296185] systemd[1]: multipathd control socket was skipped because of an unmet condition check (ConditionPathExists=/etc/multipath.conf).
[    8.349857] systemd[1]: Listening on RPCbind Server Activation Socket.
[[0;32m  OK  [0m] Listening on [0;1;39mRPCbind Server Activation Socket[0m.
[    8.351457] systemd[1]: Reached target RPC Port Mapper.
[[0;32m  OK  [0m] Reached target [0;1;39mRPC Port Mapper[0m.
[    8.355933] systemd[1]: Listening on Process Core Dump Socket.
[[0;32m  OK  [0m] Listening on [0;1;39mProcess Core Dump Socket[0m.
[    8.357798] systemd[1]: Listening on initctl Compatibility Named Pipe.
[[0;32m  OK  [0m] Listening on [0;1;39minitctl Compatibility Named Pipe[0m.
[    8.359889] systemd[1]: Listening on Journal Socket (/dev/log).
[[0;32m  OK  [0m] Listening on [0;1;39mJournal Socket (/dev/log)[0m.
[    8.361876] systemd[1]: Listening on Journal Socket.
[[0;32m  OK  [0m] Listening on [0;1;39mJournal Socket[0m.
[    8.363839] systemd[1]: Listening on udev Control Socket.
[[0;32m  OK  [0m] Listening on [0;1;39mudev Control Socket[0m.
[    8.365602] systemd[1]: Listening on udev Kernel Socket.
[[0;32m  OK  [0m] Listening on [0;1;39mudev Kernel Socket[0m.
[    8.373502] systemd[1]: Mounting Huge Pages File System...
         Mounting [0;1;39mHuge Pages File System[0m...
[    8.382329] systemd[1]: Mounting POSIX Message Queue File System...
         Mounting [0;1;39mPOSIX Message Queue File System[0m...
[    8.397790] systemd[1]: Mounting Kernel Debug File System...
         Mounting [0;1;39mKernel Debug File System[0m...
[    8.410703] systemd[1]: Mounting Kernel Trace File System...
         Mounting [0;1;39mKernel Trace File System[0m...
[    8.413014] systemd[1]: Kernel Module supporting RPCSEC_GSS was skipped because of an unmet condition check (ConditionPathExists=/etc/krb5.keytab).
[    8.413943] systemd[1]: Create List of Static Device Nodes was skipped because of an unmet condition check (ConditionFileNotEmpty=/lib/modules/6.19.0-3304b3fedddf+/modules.devname).
[    8.436244] systemd[1]: Starting Monitoring of LVM2 mirrors, snapshots etc. using dmeventd or progress polling...
         Starting [0;1;39mMonitoring of LVM…meventd or progress polling[0m...
[    8.444346] systemd[1]: Starting Load Kernel Module configfs...
         Starting [0;1;39mLoad Kernel Module configfs[0m...
[    8.456115] systemd[1]: Starting Load Kernel Module drm...
         Starting [0;1;39mLoad Kernel Module drm[0m...
[    8.494505] systemd[1]: Starting Load Kernel Module fuse...
         Starting [0;1;39mLoad Kernel Module fuse[0m...
[    8.508136] systemd[1]: Starting Read and set NIS domainname from /etc/sysconfig/network...
         Starting [0;1;39mRead and set NIS …from /etc/sysconfig/network[0m...
[    8.540179] systemd[1]: Starting Journal Service...
         Starting [0;1;39mJournal Service[0m...
[    8.550205] systemd[1]: Starting Load Kernel Modules...
         Starting [0;1;39mLoad Kernel Modules[0m...
[    8.567358] systemd[1]: Starting Generate network units from Kernel command line...
         Starting [0;1;39mGenerate network …ts from Kernel command line[0m...
[    8.587831] systemd[1]: Starting Remount Root and Kernel File Systems...
         Starting [0;1;39mRemount Root and Kernel File Systems[0m...
[    8.593009] systemd[1]: Repartition Root Disk was skipped because no trigger condition checks were met.
[    8.647879] systemd[1]: Starting Coldplug All udev Devices...
         Starting [0;1;39mColdplug All udev Devices[0m...
[    8.659098] EXT4-fs (sda): re-mounted 088740a9-c8b4-422c-999d-a804eb68a4da r/w.
[    8.668612] systemd[1]: Mounted Huge Pages File System.
[[0;32m  OK  [0m] Mounted [0;1;39mHuge Pages File System[0m.
[    8.671913] systemd[1]: Mounted POSIX Message Queue File System.
[[0;32m  OK  [0m] Mounted [0;1;39mPOSIX Message Queue File System[0m.
[    8.680167] systemd[1]: Mounted Kernel Debug File System.
[[0;32m  OK  [0m] Mounted [0;1;39mKernel Debug File System[0m.
[    8.683610] systemd[1]: Mounted Kernel Trace File System.
[[0;32m  OK  [0m] Mounted [0;1;39mKernel Trace File System[0m.
[    8.695392] systemd[1]: Finished Monitoring of LVM2 mirrors, snapshots etc. using dmeventd or progress polling.
[[0;32m  OK  [0m] Finished [0;1;39mMonitoring of LVM… dmeventd or progress polling[0m.
[    8.705324] systemd[1]: modprobe@configfs.service: Deactivated successfully.
[    8.711967] systemd[1]: Finished Load Kernel Module configfs.
[[0;32m  OK  [0m] Finished [0;1;39mLoad Kernel Module configfs[0m.
[    8.719940] systemd[1]: modprobe@drm.service: Deactivated successfully.
[    8.727059] systemd[1]: Finished Load Kernel Module drm.
[[0;32m  OK  [0m] Finished [0;1;39mLoad Kernel Module drm[0m.
[    8.744290] systemd[1]: modprobe@fuse.service: Deactivated successfully.
[    8.747160] systemd[1]: Finished Load Kernel Module fuse.
[[0;32m  OK  [0m] Finished [0;1;39mLoad Kernel Module fuse[0m.
[    8.760346] systemd[1]: Finished Read and set NIS domainname from /etc/sysconfig/network.
[[0;32m  OK  [0m] Finished [0;1;39mRead and set NIS …e from /etc/sysconfig/network[0m.
[    8.764309] systemd[1]: systemd-modules-load.service: Main process exited, code=exited, status=1/FAILURE
[    8.765810] systemd[1]: systemd-modules-load.service: Failed with result 'exit-code'.
[    8.771549] systemd[1]: Failed to start Load Kernel Modules.
[[0;1;31mFAILED[0m] Failed to start [0;1;39mLoad Kernel Modules[0m.
See 'systemctl status systemd-modules-load.service' for details.
[    8.775763] systemd[1]: Started Journal Service.
[[0;32m  OK  [0m] Started [0;1;39mJournal Service[0m.
[[0;32m  OK  [0m] Finished [0;1;39mGenerate network units from Kernel command line[0m.
[[0;32m  OK  [0m] Finished [0;1;39mRemount Root and Kernel File Systems[0m.
[[0;32m  OK  [0m] Reached target [0;1;39mPreparation for Network[0m.
         Mounting [0;1;39mFUSE Control File System[0m...
         Mounting [0;1;39mKernel Configuration File System[0m...
         Starting [0;1;39mFlush Journal to Persistent Storage[0m...
         Starting [0;1;39mLoad/Save Random Seed[0m...
         Starting [0;1;39mApply Kernel Variables[0m...
[    8.897963] systemd-journald[140]: Received client request to flush runtime journal.
         Starting [0;1;39mCreate Static Device Nodes in /dev[0m...
         Starting [0;1;39mSetup Virtual Console[0m...
[[0;32m  OK  [0m] Mounted [0;1;39mFUSE Control File System[0m.
[[0;32m  OK  [0m] Mounted [0;1;39mKernel Configuration File System[0m.
[[0;32m  OK  [0m] Finished [0;1;39mFlush Journal to Persistent Storage[0m.
[[0;32m  OK  [0m] Finished [0;1;39mLoad/Save Random Seed[0m.
[[0;32m  OK  [0m] Finished [0;1;39mApply Kernel Variables[0m.
[[0;32m  OK  [0m] Finished [0;1;39mCreate Static Device Nodes in /dev[0m.
         Starting [0;1;39mRule-based Manage…for Device Events and Files[0m...
[[0;32m  OK  [0m] Finished [0;1;39mSetup Virtual Console[0m.
[[0;32m  OK  [0m] Started [0;1;39mRule-based Manager for Device Events and Files[0m.
         Starting [0;1;39mAuto-connect to s…E devices found during boot[0m...
[[0;32m  OK  [0m] Finished [0;1;39mAuto-connect to s…VME devices found during boot[0m.
[[0;32m  OK  [0m] Finished [0;1;39mColdplug All udev Devices[0m.
         Starting [0;1;39mShow Plymouth Boot Screen[0m...
         Starting [0;1;39mWait for udev To …plete Device Initialization[0m...
[2J[3J[-1;-1f[[0;32m  OK  [0m] Started [0;1;39mShow Plymouth Boot Screen[0m.
[[0;32m  OK  [0m] Started [0;1;39mForward Password R…s to Plymouth Directory Watch[0m.
[[0;32m  OK  [0m] Reached target [0;1;39mLocal Encrypted Volumes[0m.
[[0;32m  OK  [0m] Reached target [0;1;39mPath Units[0m.
[[0;32m  OK  [0m] Found device [0;1;39m/dev/ttyS0[0m.
[[0;32m  OK  [0m] Listening on [0;1;39mLoad/Save RF …itch Status /dev/rfkill Watch[0m.
[[0;32m  OK  [0m] Finished [0;1;39mWait for udev To Complete Device Initialization[0m.
[[0;32m  OK  [0m] Reached target [0;1;39mPreparation for Local File Systems[0m.
[[0;32m  OK  [0m] Reached target [0;1;39mLocal File Systems[0m.
         Starting [0;1;39mTell Plymouth To Write Out Runtime Data[0m...
         Starting [0;1;39mAutomatic Boot Loader Update[0m...
         Starting [0;1;39mCreate Volatile Files and Directories[0m...
[[0;32m  OK  [0m] Finished [0;1;39mTell Plymouth To Write Out Runtime Data[0m.
[[0;32m  OK  [0m] Finished [0;1;39mAutomatic Boot Loader Update[0m.
[[0;32m  OK  [0m] Finished [0;1;39mCreate Volatile Files and Directories[0m.
         Mounting [0;1;39mRPC Pipe File System[0m...
         Starting [0;1;39mSecurity Auditing Service[0m...
         Starting [0;1;39mRPC Bind[0m...
[[0;32m  OK  [0m] Mounted [0;1;39mRPC Pipe File System[0m.
[[0;32m  OK  [0m] Reached target [0;1;39mrpc_pipefs.target[0m.
[[0;32m  OK  [0m] Started [0;1;39mRPC Bind[0m.
[[0;32m  OK  [0m] Started [0;1;39mSecurity Auditing Service[0m.
         Starting [0;1;39mRecord System Boot/Shutdown in UTMP[0m...
[[0;32m  OK  [0m] Finished [0;1;39mRecord System Boot/Shutdown in UTMP[0m.
[[0;32m  OK  [0m] Reached target [0;1;39mSystem Initialization[0m.
[[0;32m  OK  [0m] Started [0;1;39mDaily rotation of log files[0m.
[[0;32m  OK  [0m] Started [0;1;39mUpdates mlocate database every day[0m.
[[0;32m  OK  [0m] Started [0;1;39mDaily Cleanup of Temporary Directories[0m.
[[0;32m  OK  [0m] Started [0;1;39mdaily update of the root trust anchor for DNSSEC[0m.
[[0;32m  OK  [0m] Reached target [0;1;39mTimer Units[0m.
[[0;32m  OK  [0m] Listening on [0;1;39mD-Bus System Message Bus Socket[0m.
[[0;32m  OK  [0m] Listening on [0;1;39mOpen-iSCSI iscsid Socket[0m.
[[0;32m  OK  [0m] Listening on [0;1;39mOpen-iSCSI iscsiuio Socket[0m.
[[0;32m  OK  [0m] Listening on [0;1;39mSSSD Kerberos…ache Manager responder socket[0m.
[[0;32m  OK  [0m] Listening on [0;1;39mLibvirt interface local socket[0m.
[[0;32m  OK  [0m] Listening on [0;1;39mVirtual machine lock manager socket[0m.
[[0;32m  OK  [0m] Listening on [0;1;39mVirtual machine log manager socket[0m.
[[0;32m  OK  [0m] Listening on [0;1;39mLibvirt network local socket[0m.
[[0;32m  OK  [0m] Listening on [0;1;39mLibvirt nodedev local socket[0m.
[[0;32m  OK  [0m] Listening on [0;1;39mLibvirt nwfilter local socket[0m.
[[0;32m  OK  [0m] Listening on [0;1;39mLibvirt proxy local socket[0m.
[[0;32m  OK  [0m] Listening on [0;1;39mLibvirt qemu local socket[0m.
[[0;32m  OK  [0m] Listening on [0;1;39mLibvirt qemu admin socket[0m.
[[0;32m  OK  [0m] Listening on [0;1;39mLibvirt qemu local read-only socket[0m.
[[0;32m  OK  [0m] Listening on [0;1;39mLibvirt secret local socket[0m.
[[0;32m  OK  [0m] Listening on [0;1;39mLibvirt storage local socket[0m.
[[0;32m  OK  [0m] Reached target [0;1;39mSocket Units[0m.
         Starting [0;1;39mD-Bus System Message Bus[0m...
[[0;32m  OK  [0m] Started [0;1;39mD-Bus System Message Bus[0m.
[[0;32m  OK  [0m] Reached target [0;1;39mBasic System[0m.
         Starting [0;1;39mNetwork Manager[0m...
         Starting [0;1;39mNTP client/server[0m...
         Starting [0;1;39mRestore /run/initramfs on shutdown[0m...
[[0;32m  OK  [0m] Started [0;1;39mirqbalance daemon[0m.
[[0;32m  OK  [0m] Started [0;1;39mlibstoragemgmt plug-in server daemon[0m.
[[0;32m  OK  [0m] Started [0;1;39mMachine Check Exception Logging Daemon[0m.
[[0;32m  OK  [0m] Reached target [0;1;39msshd-keygen.target[0m.
[[0;32m  OK  [0m] Reached target [0;1;39mUser and Group Name Lookups[0m.
         Starting [0;1;39mUser Login Management[0m...
         Starting [0;1;39mVirtual Machine a…tainer Registration Service[0m...
[[0;32m  OK  [0m] Finished [0;1;39mRestore /run/initramfs on shutdown[0m.
[[0;32m  OK  [0m] Started [0;1;39mVirtual Machine an…ontainer Registration Service[0m.
         Starting [0;1;39mHostname Service[0m...
[[0;32m  OK  [0m] Started [0;1;39mNTP client/server[0m.
[[0;32m  OK  [0m] Started [0;1;39mUser Login Management[0m.
[[0;32m  OK  [0m] Started [0;1;39mHostname Service[0m.
         Starting [0;1;39mNetwork Manager Script Dispatcher Service[0m...
[[0;32m  OK  [0m] Started [0;1;39mNetwork Manager Script Dispatcher Service[0m.
[   13.007624] e1000: eth0 NIC Link is Up 1000 Mbps Full Duplex, Flow Control: RX
[[0;32m  OK  [0m] Started [0;1;39mNetwork Manager[0m.
[[0;32m  OK  [0m] Reached target [0;1;39mNetwork[0m.
[[0;32m  OK  [0m] Reached target [0;1;39mNetwork is Online[0m.
         Starting [0;1;39mGSSAPI Proxy Daemon[0m...
         Starting [0;1;39mNotify NFS peers of a restart[0m...
         Starting [0;1;39mSystem Logging Service[0m...
         Starting [0;1;39mOpenSSH server daemon[0m...
         Starting [0;1;39mDynamic System Tuning Daemon[0m...
[[0;32m  OK  [0m] Started [0;1;39mNotify NFS peers of a restart[0m.
[[0;32m  OK  [0m] Started [0;1;39mGSSAPI Proxy Daemon[0m.
[[0;32m  OK  [0m] Reached target [0;1;39mNFS client services[0m.
[[0;32m  OK  [0m] Reached target [0;1;39mPreparation for Remote File Systems[0m.
[[0;32m  OK  [0m] Reached target [0;1;39mRemote File Systems[0m.
         Starting [0;1;39mPermit User Sessions[0m...
         Starting [0;1;39mVirtualization qemu daemon[0m...
[[0;32m  OK  [0m] Started [0;1;39mOpenSSH server daemon[0m.
[[0;32m  OK  [0m] Finished [0;1;39mPermit User Sessions[0m.
[[0;32m  OK  [0m] Started [0;1;39mDeferred execution scheduler[0m.
[[0;32m  OK  [0m] Started [0;1;39mCommand Scheduler[0m.
         Starting [0;1;39mHold until boot process finishes up[0m...
         Starting [0;1;39mTerminate Plymouth Boot Screen[0m...
[[0;32m  OK  [0m] Started [0;1;39mSystem Logging Service[0m.
[[0;32m  OK  [0m] Started [0;1;39mVirtualization qemu daemon[0m.

CentOS Stream 9
Kernel 6.19.0-3304b3fedddf+ on an x86_64

Activate the web console with: systemctl enable --now cockpit.socket

test login: 