c[?7l[2J[0mSeaBIOS (version rel-1.16.3-0-ga6ed6b701f0a-prebuilt.qemu.org)


iPXE (http://ipxe.org) 00:03.0 CA00 PCI2.10 PnP PMM+7EFD0D60+7EF30D60 CA00
Press Ctrl-B to configure iPXE (PCI 00:03.0)...                                                                               


Booting from ROM..c[?7l[2J[    0.000000] Linux version 6.18.0-rc6-578d6aab1489+ (root@gnr-800442) (gcc (GCC) 11.5.0 20240719 (Red Hat 11.5.0-14), GNU ld version 2.35.2-66.el9) #1 SMP PREEMPT_DYNAMIC Tue Mar 10 11:51:36 CST 2026
[    0.000000] Command line: console=ttyS0 root=/dev/sda earlyprintk=serial net.ifnames=0 thunderbolt.dyndbg
[    0.000000] KERNEL supported cpus:
[    0.000000]   Intel GenuineIntel
[    0.000000]   AMD AuthenticAMD
[    0.000000]   Hygon HygonGenuine
[    0.000000]   Centaur CentaurHauls
[    0.000000]   zhaoxin   Shanghai  
[    0.000000] x86/CPU: Model not found in latest microcode list
[    0.000000] x86/split lock detection: #DB: warning on user-space bus_locks
[    0.000000] BIOS-provided physical RAM map:
[    0.000000] BIOS-e820: [mem 0x0000000000000000-0x000000000009fbff] usable
[    0.000000] BIOS-e820: [mem 0x000000000009fc00-0x000000000009ffff] reserved
[    0.000000] BIOS-e820: [mem 0x00000000000f0000-0x00000000000fffff] reserved
[    0.000000] BIOS-e820: [mem 0x0000000000100000-0x000000007ffdffff] usable
[    0.000000] BIOS-e820: [mem 0x000000007ffe0000-0x000000007fffffff] reserved
[    0.000000] BIOS-e820: [mem 0x00000000feffc000-0x00000000feffffff] reserved
[    0.000000] BIOS-e820: [mem 0x00000000fffc0000-0x00000000ffffffff] reserved
[    0.000000] printk: legacy bootconsole [earlyser0] enabled
[    0.000000] NX (Execute Disable) protection: active
[    0.000000] APIC: Static calls initialized
[    0.000000] SMBIOS 3.0.0 present.
[    0.000000] DMI: QEMU Standard PC (i440FX + PIIX, 1996), BIOS rel-1.16.3-0-ga6ed6b701f0a-prebuilt.qemu.org 04/01/2014
[    0.000000] DMI: Memory slots populated: 1/1
[    0.000000] Hypervisor detected: KVM
[    0.000000] last_pfn = 0x7ffe0 max_arch_pfn = 0x10000000000
[    0.000000] kvm-clock: Using msrs 4b564d01 and 4b564d00
[    0.000002] kvm-clock: using sched offset of 695319756 cycles
[    0.000499] clocksource: kvm-clock: mask: 0xffffffffffffffff max_cycles: 0x1cd42e4dffb, max_idle_ns: 881590591483 ns
[    0.002006] tsc: Detected 2500.000 MHz processor
[    0.011338] last_pfn = 0x7ffe0 max_arch_pfn = 0x10000000000
[    0.011872] MTRR map: 4 entries (3 fixed + 1 variable; max 19), built from 8 variable MTRRs
[    0.012656] x86/PAT: Configuration [0-7]: WB  WC  UC- UC  WB  WP  UC- WT  
[    0.019251] found SMP MP-table at [mem 0x000f5480-0x000f548f]
[    0.019810] Using GB pages for direct mapping
[    0.022544] ACPI: Early table checksum verification disabled
[    0.023081] ACPI: RSDP 0x00000000000F52A0 000014 (v00 BOCHS )
[    0.023612] ACPI: RSDT 0x000000007FFE1C9B 000034 (v01 BOCHS  BXPC     00000001 BXPC 00000001)
[    0.024410] ACPI: FACP 0x000000007FFE1B47 000074 (v01 BOCHS  BXPC     00000001 BXPC 00000001)
[    0.025200] ACPI: DSDT 0x000000007FFE0040 001B07 (v01 BOCHS  BXPC     00000001 BXPC 00000001)
[    0.025980] ACPI: FACS 0x000000007FFE0000 000040
[    0.026427] ACPI: APIC 0x000000007FFE1BBB 000080 (v03 BOCHS  BXPC     00000001 BXPC 00000001)
[    0.027244] ACPI: HPET 0x000000007FFE1C3B 000038 (v01 BOCHS  BXPC     00000001 BXPC 00000001)
[    0.028026] ACPI: WAET 0x000000007FFE1C73 000028 (v01 BOCHS  BXPC     00000001 BXPC 00000001)
[    0.028810] ACPI: Reserving FACP table memory at [mem 0x7ffe1b47-0x7ffe1bba]
[    0.029448] ACPI: Reserving DSDT table memory at [mem 0x7ffe0040-0x7ffe1b46]
[    0.030112] ACPI: Reserving FACS table memory at [mem 0x7ffe0000-0x7ffe003f]
[    0.030743] ACPI: Reserving APIC table memory at [mem 0x7ffe1bbb-0x7ffe1c3a]
[    0.031381] ACPI: Reserving HPET table memory at [mem 0x7ffe1c3b-0x7ffe1c72]
[    0.032014] ACPI: Reserving WAET table memory at [mem 0x7ffe1c73-0x7ffe1c9a]
[    0.033272] No NUMA configuration found
[    0.033625] Faking a node at [mem 0x0000000000000000-0x000000007ffdffff]
[    0.034263] NODE_DATA(0) allocated [mem 0x7ffb4ec0-0x7ffdfcbf]
[    0.035776] Zone ranges:
[    0.036024]   DMA      [mem 0x0000000000001000-0x0000000000ffffff]
[    0.036599]   DMA32    [mem 0x0000000001000000-0x000000007ffdffff]
[    0.037163]   Normal   empty
[    0.037424]   Device   empty
[    0.037687] Movable zone start for each node
[    0.038082] Early memory node ranges
[    0.038403]   node   0: [mem 0x0000000000001000-0x000000000009efff]
[    0.038961]   node   0: [mem 0x0000000000100000-0x000000007ffdffff]
[    0.039527] Initmem setup node 0 [mem 0x0000000000001000-0x000000007ffdffff]
[    0.040419] On node 0, zone DMA: 1 pages in unavailable ranges
[    0.041163] On node 0, zone DMA: 97 pages in unavailable ranges
[    0.070234] On node 0, zone DMA32: 32 pages in unavailable ranges
[    0.124065] KernelAddressSanitizer initialized (generic)
[    0.124840] ACPI: PM-Timer IO Port: 0x608
[    0.125239] ACPI: LAPIC_NMI (acpi_id[0xff] dfl dfl lint[0x1])
[    0.125813] IOAPIC[0]: apic_id 0, version 17, address 0xfec00000, GSI 0-23
[    0.126483] ACPI: INT_SRC_OVR (bus 0 bus_irq 0 global_irq 2 dfl dfl)
[    0.127068] ACPI: INT_SRC_OVR (bus 0 bus_irq 5 global_irq 5 high level)
[    0.127668] ACPI: INT_SRC_OVR (bus 0 bus_irq 9 global_irq 9 high level)
[    0.128283] ACPI: INT_SRC_OVR (bus 0 bus_irq 10 global_irq 10 high level)
[    0.128891] ACPI: INT_SRC_OVR (bus 0 bus_irq 11 global_irq 11 high level)
[    0.129523] ACPI: Using ACPI (MADT) for SMP configuration information
[    0.130105] ACPI: HPET id: 0x8086a201 base: 0xfed00000
[    0.130578] TSC deadline timer available
[    0.130945] CPU topo: Max. logical packages:   1
[    0.131370] CPU topo: Max. logical dies:       1
[    0.131791] CPU topo: Max. dies per package:   1
[    0.132219] CPU topo: Max. threads per core:   1
[    0.132639] CPU topo: Num. cores per package:     2
[    0.133086] CPU topo: Num. threads per package:   2
[    0.133528] CPU topo: Allowing 2 present CPUs plus 0 hotplug CPUs
[    0.134135] kvm-guest: APIC: eoi() replaced with kvm_guest_apic_eoi_write()
[    0.134788] kvm-guest: KVM setup pv remote TLB flush
[    0.135249] kvm-guest: setup PV sched yield
[    0.135672] PM: hibernation: Registered nosave memory: [mem 0x00000000-0x00000fff]
[    0.136365] PM: hibernation: Registered nosave memory: [mem 0x0009f000-0x000fffff]
[    0.137045] [mem 0x80000000-0xfeffbfff] available for PCI devices
[    0.137610] Booting paravirtualized kernel on KVM
[    0.138046] clocksource: refined-jiffies: mask: 0xffffffff max_cycles: 0xffffffff, max_idle_ns: 7645519600211568 ns
[    0.138996] setup_percpu: NR_CPUS:8192 nr_cpumask_bits:2 nr_cpu_ids:2 nr_node_ids:1
[    0.140171] percpu: Embedded 80 pages/cpu s290816 r8192 d28672 u1048576
[    0.140979] kvm-guest: PV spinlocks enabled
[    0.141395] PV qspinlock hash table entries: 256 (order: 0, 4096 bytes, linear)
[    0.142092] Kernel command line: net.ifnames=0 console=ttyS0 root=/dev/sda earlyprintk=serial net.ifnames=0 thunderbolt.dyndbg
[    0.143431] random: crng init done
[    0.143749] printk: log buffer data + meta data: 262144 + 917504 = 1179648 bytes
[    0.144811] Dentry cache hash table entries: 262144 (order: 9, 2097152 bytes, linear)
[    0.145894] Inode-cache hash table entries: 131072 (order: 8, 1048576 bytes, linear)
[    0.146909] Fallback order for Node 0: 0 
[    0.146921] Built 1 zonelists, mobility grouping on.  Total pages: 524158
[    0.147892] Policy zone: DMA32
[    0.148180] mem auto-init: stack:off, heap alloc:off, heap free:off
[    0.148727] stackdepot: allocating hash table via alloc_large_system_hash
[    0.149336] stackdepot hash table entries: 1048576 (order: 12, 16777216 bytes, linear)
[    0.153017] stackdepot: allocating space for 8192 stack pools via memblock
[    0.187944] SLUB: HWalign=64, Order=0-3, MinObjects=0, CPUs=2, Nodes=1
[    0.188539] kmemleak: Kernel memory leak detector disabled
[    0.224928] ftrace: allocating 74783 entries in 294 pages
[    0.225418] ftrace: allocated 294 pages with 4 groups
[    0.229858] Dynamic Preempt: voluntary
[    0.230710] Running RCU self tests
[    0.231006] Running RCU synchronous self tests
[    0.231406] rcu: Preemptible hierarchical RCU implementation.
[    0.231897] rcu: 	RCU lockdep checking is enabled.
[    0.232318] rcu: 	RCU restricting CPUs from NR_CPUS=8192 to nr_cpu_ids=2.
[    0.232908] 	Trampoline variant of Tasks RCU enabled.
[    0.233353] 	Rude variant of Tasks RCU enabled.
[    0.233744] 	Tracing variant of Tasks RCU enabled.
[    0.234165] rcu: RCU calculated value of scheduler-enlistment delay is 25 jiffies.
[    0.234815] rcu: Adjusting geometry for rcu_fanout_leaf=16, nr_cpu_ids=2
[    0.235485] Running RCU synchronous self tests
[    0.235876] RCU Tasks: Setting shift to 1 and lim to 1 rcu_task_cb_adjust=1 rcu_task_cpu_ids=2.
[    0.236633] RCU Tasks Rude: Setting shift to 1 and lim to 1 rcu_task_cb_adjust=1 rcu_task_cpu_ids=2.
[    0.237424] RCU Tasks Trace: Setting shift to 1 and lim to 1 rcu_task_cb_adjust=1 rcu_task_cpu_ids=2.
[    0.314882] NR_IRQS: 524544, nr_irqs: 440, preallocated irqs: 16
[    0.315987] rcu: srcu_init: Setting srcu_struct sizes based on contention.
[    0.325007] Console: colour VGA+ 80x25
[    0.325416] printk: legacy console [ttyS0] enabled
[    0.325416] printk: legacy console [ttyS0] enabled
[    0.326299] printk: legacy bootconsole [earlyser0] disabled
[    0.326299] printk: legacy bootconsole [earlyser0] disabled
[    0.327330] Lock dependency validator: Copyright (c) 2006 Red Hat, Inc., Ingo Molnar
[    0.328041] ... MAX_LOCKDEP_SUBCLASSES:  8
[    0.328428] ... MAX_LOCK_DEPTH:          48
[    0.328818] ... MAX_LOCKDEP_KEYS:        8192
[    0.329586] ... CLASSHASH_SIZE:          4096
[    0.329995] ... MAX_LOCKDEP_ENTRIES:     32768
[    0.330431] ... MAX_LOCKDEP_CHAINS:      65536
[    0.330846] ... CHAINHASH_SIZE:          32768
[    0.331264]  memory used by lock dependency info: 6429 kB
[    0.331764]  memory used for stack traces: 4224 kB
[    0.332211]  per task-struct memory footprint: 1920 bytes
[    0.332830] ACPI: Core revision 20250807
[    0.333646] clocksource: hpet: mask: 0xffffffff max_cycles: 0xffffffff, max_idle_ns: 19112604467 ns
[    0.334660] APIC: Switch to symmetric I/O mode setup
[    0.335424] x2apic enabled
[    0.336099] APIC: Switched APIC routing to: physical x2apic
[    0.336619] kvm-guest: APIC: send_IPI_mask() replaced with kvm_send_ipi_mask()
[    0.337302] kvm-guest: APIC: send_IPI_mask_allbutself() replaced with kvm_send_ipi_mask_allbutself()
[    0.338142] kvm-guest: setup PV IPIs
[    0.339648] ..TIMER: vector=0x30 apic1=0 pin1=2 apic2=-1 pin2=-1
[    0.340230] clocksource: tsc-early: mask: 0xffffffffffffffff max_cycles: 0x240939f1bb2, max_idle_ns: 440795263295 ns
[    0.341198] Calibrating delay loop (skipped) preset value.. 5000.00 BogoMIPS (lpj=10000000)
[    0.342101] x86/cpu: User Mode Instruction Prevention (UMIP) activated
[    0.345325] Last level iTLB entries: 4KB 0, 2MB 0, 4MB 0
[    0.345825] Last level dTLB entries: 4KB 0, 2MB 0, 4MB 0, 1GB 0
[    0.346389] mitigations: Enabled attack vectors: user_kernel, user_user, guest_host, guest_guest, SMT mitigations: auto
[    0.347395] Speculative Store Bypass: Mitigation: Speculative Store Bypass disabled via prctl
[    0.348154] Spectre V2 : Mitigation: Enhanced / Automatic IBRS
[    0.348688] ITS: Mitigation: Aligned branch/return thunks
[    0.349193] Spectre V1 : Mitigation: usercopy/swapgs barriers and __user pointer sanitization
[    0.349991] Spectre V2 : WARNING: Unprivileged eBPF is enabled with eIBRS on, data leaks possible via Spectre v2 BHB attacks!
[    0.351015] Spectre V2 : Spectre v2 / PBRSB-eIBRS: Retire a single CALL on VMEXIT
[    0.351688] Spectre V2 : mitigation: Enabling conditional Indirect Branch Prediction Barrier
[    0.352426] active return thunk: its_return_thunk
[    0.352892] Spectre V2 : Spectre BHI mitigation: SW BHB clearing on syscall and VM exit
[    0.353261] x86/fpu: Supporting XSAVE feature 0x001: 'x87 floating point registers'
[    0.353968] x86/fpu: Supporting XSAVE feature 0x002: 'SSE registers'
[    0.354534] x86/fpu: Supporting XSAVE feature 0x004: 'AVX registers'
[    0.355106] x86/fpu: Supporting XSAVE feature 0x020: 'AVX-512 opmask'
[    0.355672] x86/fpu: Supporting XSAVE feature 0x040: 'AVX-512 Hi256'
[    0.356238] x86/fpu: Supporting XSAVE feature 0x080: 'AVX-512 ZMM_Hi256'
[    0.357192] x86/fpu: Supporting XSAVE feature 0x200: 'Protection Keys User registers'
[    0.357882] x86/fpu: Supporting XSAVE feature 0x20000: 'AMX Tile config'
[    0.358482] x86/fpu: Supporting XSAVE feature 0x40000: 'AMX Tile data'
[    0.359076] x86/fpu: xstate_offset[2]:  576, xstate_sizes[2]:  256
[    0.359608] x86/fpu: xstate_offset[5]:  832, xstate_sizes[5]:   64
[    0.360159] x86/fpu: xstate_offset[6]:  896, xstate_sizes[6]:  512
[    0.361196] x86/fpu: xstate_offset[7]: 1408, xstate_sizes[7]: 1024
[    0.361769] x86/fpu: xstate_offset[9]: 2432, xstate_sizes[9]:    8
[    0.362333] x86/fpu: xstate_offset[17]: 2496, xstate_sizes[17]:   64
[    0.362900] x86/fpu: xstate_offset[18]: 2560, xstate_sizes[18]: 8192
[    0.363484] x86/fpu: Enabled xstate features 0x602e7, context size is 10752 bytes, using 'compacted' format.
[    0.536516] Freeing SMP alternatives memory: 64K
[    0.536962] pid_max: default: 32768 minimum: 301
[    0.537457] LSM: initializing lsm=capability,yama,ima,evm
[    0.538058] Yama: becoming mindful.
[    0.538834] Mount-cache hash table entries: 4096 (order: 3, 32768 bytes, linear)
[    0.539512] Mountpoint-cache hash table entries: 4096 (order: 3, 32768 bytes, linear)
[    0.542087] Running RCU synchronous self tests
[    0.542489] Running RCU synchronous self tests
[    0.543175] smpboot: CPU0: Intel GENUINE INTEL(R) XEON(R) (family: 0x6, model: 0xad, stepping: 0x0)
[    0.544792] Performance Events: PEBS fmt0-, Granite Rapids events, full-width counters, Intel PMU driver.
[    0.545186] ... version:                   2
[    0.545186] ... bit width:                 48
[    0.545186] ... generic counters:          8
[    0.545186] ... generic bitmap:            00000000000000ff
[    0.545195] ... fixed-purpose counters:    3
[    0.545580] ... fixed-purpose bitmap:      0000000000000007
[    0.546069] ... value mask:                0000ffffffffffff
[    0.546555] ... max period:                00007fffffffffff
[    0.547034] ... global_ctrl mask:          00000007000000ff
[    0.548034] signal: max sigframe size: 11952
[    0.548573] rcu: Hierarchical SRCU implementation.
[    0.549000] rcu: 	Max phase no-delay instances is 1000.
[    0.549396] Timer migration: 1 hierarchy levels; 8 children per group; 1 crossnode level
[    0.566658] smp: Bringing up secondary CPUs ...
[    0.567657] smpboot: x86: Booting SMP configuration:
[    0.568131] .... node  #0, CPUs:      #1
[    0.569380] smp: Brought up 1 node, 2 CPUs
[    0.570163] smpboot: Total of 2 processors activated (10000.00 BogoMIPS)
[    0.570931] Memory: 1591836K/2096632K available (80013K kernel code, 15407K rwdata, 18512K rodata, 16260K init, 21260K bss, 493180K reserved, 0K cma-reserved)
[    0.573855] devtmpfs: initialized
[    0.574317] x86/mm: Memory block size: 128MB
[    0.584810] Running RCU synchronous self tests
[    0.584810] Running RCU synchronous self tests
[    0.585533] Running RCU Tasks wait API self tests
[    0.589234] Running RCU Tasks Rude wait API self tests
[    0.589706] Running RCU Tasks Trace wait API self tests
[    0.613214] clocksource: jiffies: mask: 0xffffffff max_cycles: 0xffffffff, max_idle_ns: 7645041785100000 ns
[    0.614155] posixtimers hash table entries: 1024 (order: 5, 73728 bytes, linear)
[    0.614857] futex hash table entries: 512 (65536 bytes on 1 NUMA nodes, total 64 KiB, linear).
[    0.616869] pinctrl core: initialized pinctrl subsystem
[    0.618800] 
[    0.618965] *************************************************************
[    0.619589] **     NOTICE NOTICE NOTICE NOTICE NOTICE NOTICE NOTICE    **
[    0.620199] **                                                         **
[    0.620789] **  IOMMU DebugFS SUPPORT HAS BEEN ENABLED IN THIS KERNEL  **
[    0.621194] **                                                         **
[    0.621790] ** This means that this kernel is built to expose internal **
[    0.622394] ** IOMMU data structures, which may compromise security on **
[    0.622997] ** your system.                                            **
[    0.623588] **                                                         **
[    0.624187] ** If you see this message and you are not debugging the   **
[    0.624782] ** kernel, report this immediately to your vendor!         **
[    0.625193] **                                                         **
[    0.625806] **     NOTICE NOTICE NOTICE NOTICE NOTICE NOTICE NOTICE    **
[    0.626397] *************************************************************
[    0.627093] PM: RTC time: 07:04:53, date: 2026-03-12
[    0.630367] NET: Registered PF_NETLINK/PF_ROUTE protocol family
[    0.632492] DMA: preallocated 256 KiB GFP_KERNEL pool for atomic allocations
[    0.633158] DMA: preallocated 256 KiB GFP_KERNEL|GFP_DMA pool for atomic allocations
[    0.633211] DMA: preallocated 256 KiB GFP_KERNEL|GFP_DMA32 pool for atomic allocations
[    0.633998] audit: initializing netlink subsys (disabled)
[    0.634531] audit: type=2000 audit(1773299093.801:1): state=initialized audit_enabled=0 res=1
[    0.634531] thermal_sys: Registered thermal governor 'fair_share'
[    0.634531] thermal_sys: Registered thermal governor 'bang_bang'
[    0.634531] thermal_sys: Registered thermal governor 'step_wise'
[    0.634626] thermal_sys: Registered thermal governor 'user_space'
[    0.637204] cpuidle: using governor ladder
[    0.638188] cpuidle: using governor menu
[    0.638188] acpiphp: ACPI Hot Plug PCI Controller Driver version: 0.5
[    0.639280] PCI: Using configuration type 1 for base access
[    0.641493] kprobes: kprobe jump-optimization is enabled. All kprobes are optimized if possible.
[    0.645219] Callback from call_rcu_tasks_trace() invoked.
[    0.776901] HugeTLB: registered 1.00 GiB page size, pre-allocated 0 pages
[    0.776901] HugeTLB: 16380 KiB vmemmap can be freed for a 1.00 GiB page
[    0.776901] HugeTLB: registered 2.00 MiB page size, pre-allocated 0 pages
[    0.776901] HugeTLB: 28 KiB vmemmap can be freed for a 2.00 MiB page
[    0.781924] ACPI: Added _OSI(Module Device)
[    0.782338] ACPI: Added _OSI(Processor Device)
[    0.782735] ACPI: Added _OSI(Processor Aggregator Device)
[    0.802496] ACPI: 1 ACPI AML tables successfully acquired and loaded
[    0.820358] ACPI: Interpreter enabled
[    0.821353] ACPI: PM: (supports S0 S3 S4 S5)
[    0.821746] ACPI: Using IOAPIC for interrupt routing
[    0.822299] PCI: Using host bridge windows from ACPI; if necessary, use "pci=nocrs" and report a bug
[    0.823098] PCI: Using E820 reservations for host bridge windows
[    0.825112] ACPI: Enabled 2 GPEs in block 00 to 0F
[    0.872987] ACPI: PCI Root Bridge [PCI0] (domain 0000 [bus 00-ff])
[    0.873214] acpi PNP0A03:00: _OSC: OS supports [ASPM ClockPM Segments MSI EDR HPX-Type3]
[    0.873933] acpi PNP0A03:00: _OSC: not requesting OS control; OS requires [ExtendedConfig ASPM ClockPM MSI]
[    0.874955] acpi PNP0A03:00: fail to add MMCONFIG information, can't access extended configuration space under this bridge
[    0.881695] acpiphp: Slot [3] registered
[    0.882223] acpiphp: Slot [4] registered
[    0.882733] acpiphp: Slot [5] registered
[    0.883253] acpiphp: Slot [6] registered
[    0.883768] acpiphp: Slot [7] registered
[    0.884296] acpiphp: Slot [8] registered
[    0.884813] acpiphp: Slot [9] registered
[    0.885330] acpiphp: Slot [10] registered
[    0.885845] acpiphp: Slot [11] registered
[    0.886364] acpiphp: Slot [12] registered
[    0.886881] acpiphp: Slot [13] registered
[    0.887395] acpiphp: Slot [14] registered
[    0.887915] acpiphp: Slot [15] registered
[    0.888437] acpiphp: Slot [16] registered
[    0.888954] acpiphp: Slot [17] registered
[    0.889345] acpiphp: Slot [18] registered
[    0.889868] acpiphp: Slot [19] registered
[    0.890390] acpiphp: Slot [20] registered
[    0.890937] acpiphp: Slot [21] registered
[    0.891453] acpiphp: Slot [22] registered
[    0.891985] acpiphp: Slot [23] registered
[    0.892509] acpiphp: Slot [24] registered
[    0.893030] acpiphp: Slot [25] registered
[    0.893351] acpiphp: Slot [26] registered
[    0.893877] acpiphp: Slot [27] registered
[    0.894396] acpiphp: Slot [28] registered
[    0.894920] acpiphp: Slot [29] registered
[    0.895446] acpiphp: Slot [30] registered
[    0.895972] acpiphp: Slot [31] registered
[    0.896401] PCI host bridge to bus 0000:00
[    0.896840] pci_bus 0000:00: root bus resource [io  0x0000-0x0cf7 window]
[    0.897194] pci_bus 0000:00: root bus resource [io  0x0d00-0xffff window]
[    0.897812] pci_bus 0000:00: root bus resource [mem 0x000a0000-0x000bffff window]
[    0.898495] pci_bus 0000:00: root bus resource [mem 0x80000000-0xfebfffff window]
[    0.899265] pci_bus 0000:00: root bus resource [mem 0x100000000-0x17fffffff window]
[    0.899975] pci_bus 0000:00: root bus resource [bus 00-ff]
[    0.900658] pci 0000:00:00.0: [8086:1237] type 00 class 0x060000 conventional PCI endpoint
[    0.902888] pci 0000:00:01.0: [8086:7000] type 00 class 0x060100 conventional PCI endpoint
[    0.905088] pci 0000:00:01.1: [8086:7010] type 00 class 0x010180 conventional PCI endpoint
[    0.905733] pci 0000:00:01.1: BAR 4 [io  0xc040-0xc04f]
[    0.906338] pci 0000:00:01.1: BAR 0 [io  0x01f0-0x01f7]: legacy IDE quirk
[    0.906982] pci 0000:00:01.1: BAR 1 [io  0x03f6]: legacy IDE quirk
[    0.907545] pci 0000:00:01.1: BAR 2 [io  0x0170-0x0177]: legacy IDE quirk
[    0.908199] pci 0000:00:01.1: BAR 3 [io  0x0376]: legacy IDE quirk
[    0.910058] pci 0000:00:01.3: [8086:7113] type 00 class 0x068000 conventional PCI endpoint
[    0.911083] pci 0000:00:01.3: quirk: [io  0x0600-0x063f] claimed by PIIX4 ACPI
[    0.911735] pci 0000:00:01.3: quirk: [io  0x0700-0x070f] claimed by PIIX4 SMB
[    0.913627] pci 0000:00:02.0: [1234:1111] type 00 class 0x030000 conventional PCI endpoint
[    0.915496] pci 0000:00:02.0: BAR 0 [mem 0xfd000000-0xfdffffff pref]
[    0.916082] pci 0000:00:02.0: BAR 2 [mem 0xfebf0000-0xfebf0fff]
[    0.916639] pci 0000:00:02.0: ROM [mem 0xfebe0000-0xfebeffff pref]
[    0.917285] pci 0000:00:02.0: Video device with shadowed ROM at [mem 0x000c0000-0x000dffff]
[    0.919300] pci 0000:00:03.0: [8086:100e] type 00 class 0x020000 conventional PCI endpoint
[    0.920998] pci 0000:00:03.0: BAR 0 [mem 0xfebc0000-0xfebdffff]
[    0.921201] pci 0000:00:03.0: BAR 1 [io  0xc000-0xc03f]
[    0.921694] pci 0000:00:03.0: ROM [mem 0xfeb80000-0xfebbffff pref]
[    0.948494] ACPI: PCI: Interrupt link LNKA configured for IRQ 10
[    0.950187] ACPI: PCI: Interrupt link LNKB configured for IRQ 10
[    0.951838] ACPI: PCI: Interrupt link LNKC configured for IRQ 11
[    0.953497] ACPI: PCI: Interrupt link LNKD configured for IRQ 11
[    0.954503] ACPI: PCI: Interrupt link LNKS configured for IRQ 9
[    0.961186] iommu: Default domain type: Translated
[    0.961186] iommu: DMA domain TLB invalidation policy: lazy mode
[    0.963491] SCSI subsystem initialized
[    0.965357] ACPI: bus type USB registered
[    0.965357] usbcore: registered new interface driver usbfs
[    0.965357] usbcore: registered new interface driver hub
[    0.965848] usbcore: registered new device driver usb
[    0.969192] pps_core: LinuxPPS API ver. 1 registered
[    0.969192] pps_core: Software ver. 5.3.6 - Copyright 2005-2007 Rodolfo Giometti <giometti@linux.it>
[    0.969192] PTP clock support registered
[    0.969221] EDAC MC: Ver: 3.0.0
[    0.972246] NetLabel: Initializing
[    0.972591] NetLabel:  domain hash size = 128
[    0.973004] NetLabel:  protocols = UNLABELED CIPSOv4 CALIPSO
[    0.973345] NetLabel:  unlabeled traffic allowed by default
[    0.974372] PCI: Using ACPI for IRQ routing
[    0.975144] pci 0000:00:02.0: vgaarb: setting as boot VGA device
[    0.975765] pci 0000:00:02.0: vgaarb: bridge control possible
[    0.976376] pci 0000:00:02.0: vgaarb: VGA device added: decodes=io+mem,owns=io+mem,locks=none
[    0.977193] vgaarb: loaded
[    0.977919] hpet0: at MMIO 0xfed00000, IRQs 2, 8, 0
[    0.978414] hpet0: 3 comparators, 64-bit 100.000000 MHz counter
[    0.982910] clocksource: Switched to clocksource kvm-clock
[    0.984840] VFS: Disk quotas dquot_6.6.0
[    0.992695] VFS: Dquot-cache hash table entries: 512 (order 0, 4096 bytes)
[    0.994734] pnp: PnP ACPI init
[    0.999625] pnp: PnP ACPI: found 6 devices
[    1.020829] clocksource: acpi_pm: mask: 0xffffff max_cycles: 0xffffff, max_idle_ns: 2085701024 ns
[    1.022242] NET: Registered PF_INET protocol family
[    1.022868] IP idents hash table entries: 32768 (order: 6, 262144 bytes, linear)
[    1.025196] tcp_listen_portaddr_hash hash table entries: 1024 (order: 5, 73728 bytes, linear)
[    1.026145] Table-perturb hash table entries: 65536 (order: 6, 262144 bytes, linear)
[    1.026939] TCP established hash table entries: 16384 (order: 5, 131072 bytes, linear)
[    1.027985] TCP bind hash table entries: 16384 (order: 10, 2359296 bytes, linear)
[    1.029778] TCP: Hash tables configured (established 16384 bind 16384)
[    1.030602] UDP hash table entries: 1024 (order: 6, 262144 bytes, linear)
[    1.031386] UDP-Lite hash table entries: 1024 (order: 6, 262144 bytes, linear)
[    1.032465] NET: Registered PF_UNIX/PF_LOCAL protocol family
[    1.033761] RPC: Registered named UNIX socket transport module.
[    1.034341] RPC: Registered udp transport module.
[    1.034791] RPC: Registered tcp transport module.
[    1.035231] RPC: Registered tcp-with-tls transport module.
[    1.035729] RPC: Registered tcp NFSv4.1 backchannel transport module.
[    1.036383] pci_bus 0000:00: resource 4 [io  0x0000-0x0cf7 window]
[    1.037014] pci_bus 0000:00: resource 5 [io  0x0d00-0xffff window]
[    1.037593] pci_bus 0000:00: resource 6 [mem 0x000a0000-0x000bffff window]
[    1.038341] pci_bus 0000:00: resource 7 [mem 0x80000000-0xfebfffff window]
[    1.039012] pci_bus 0000:00: resource 8 [mem 0x100000000-0x17fffffff window]
[    1.040105] pci 0000:00:01.0: PIIX3: Enabling Passive Release
[    1.040679] pci 0000:00:00.0: Limiting direct PCI/PCI transfers
[    1.041372] PCI: CLS 0 bytes, default 64
[    1.041849] ACPI: bus type thunderbolt registered
[    1.042624] clocksource: tsc: mask: 0xffffffffffffffff max_cycles: 0x240939f1bb2, max_idle_ns: 440795263295 ns
[    4.221271] Initialise system trusted keyrings
[    4.221783] Key type blacklist registered
[    4.222762] workingset: timestamp_bits=36 max_order=19 bucket_order=0
[    4.225860] squashfs: version 4.0 (2009/01/31) Phillip Lougher
[    4.228158] NFS: Registering the id_resolver key type
[    4.228682] Key type id_resolver registered
[    4.229070] Key type id_legacy registered
[    4.229473] nfs4filelayout_init: NFSv4 File Layout Driver Registering...
[    4.230102] nfs4flexfilelayout_init: NFSv4 Flexfile Layout Driver Registering...
[    4.231072] fuse: init (API version 7.45)
[    4.232108] SGI XFS with ACLs, security attributes, realtime, quota, no debug enabled
[    4.234519] 9p: Installing v9fs 9p2000 file system support
[    4.251381] Key type asymmetric registered
[    4.251753] Asymmetric key parser 'x509' registered
[    4.252338] Block layer SCSI generic (bsg) driver version 0.4 loaded (major 241)
[    4.253491] io scheduler mq-deadline registered
[    4.254075] io scheduler bfq registered
[    4.255668] ledtrig-cpu: registered to indicate activity on CPUs
[    4.257865] IPMI message handler: version 39.2
[    4.258365] ipmi device interface
[    4.261308] input: Power Button as /devices/LNXSYSTM:00/LNXPWRBN:00/input/input0
[    4.262985] ACPI: button: Power Button [PWRF]
[    4.265741] ERST DBG: ERST support is disabled.
[    4.267688] Serial: 8250/16550 driver, 32 ports, IRQ sharing enabled
[    4.269503] 00:04: ttyS0 at I/O 0x3f8 (irq = 4, base_baud = 115200) is a 16550A
[    4.307548] Linux agpgart interface v0.103
[    4.312126] ACPI: bus type drm_connector registered
[    4.345248] brd: module loaded
[    4.365755] loop: module loaded
[    4.372850] Callback from call_rcu_tasks() invoked.
[    4.380245] scsi host0: ata_piix
[    4.383015] scsi host1: ata_piix
[    4.383912] ata1: PATA max MWDMA2 cmd 0x1f0 ctl 0x3f6 bmdma 0xc040 irq 14 lpm-pol 0
[    4.384651] ata2: PATA max MWDMA2 cmd 0x170 ctl 0x376 bmdma 0xc048 irq 15 lpm-pol 0
[    4.388397] tun: Universal TUN/TAP device driver, 1.6
[    4.389487] e100: Intel(R) PRO/100 Network Driver
[    4.389957] e100: Copyright(c) 1999-2006 Intel Corporation
[    4.390614] e1000: Intel(R) PRO/1000 Network Driver
[    4.391070] e1000: Copyright (c) 1999-2006 Intel Corporation.
[    4.540840] ata2: found unknown device (class 0)
[    4.541751] ata1: found unknown device (class 0)
[    4.542873] ata1.00: ATA-7: QEMU HARDDISK, 2.5+, max UDMA/100
[    4.543402] ata1.00: 17196647 sectors, multi 16: LBA48 
[    4.544135] ata2.00: ATAPI: QEMU DVD-ROM, 2.5+, max UDMA/100
[    4.546113] scsi 0:0:0:0: Direct-Access     ATA      QEMU HARDDISK    2.5+ PQ: 0 ANSI: 5
[    4.549519] sd 0:0:0:0: [sda] 17196647 512-byte logical blocks: (8.80 GB/8.20 GiB)
[    4.550359] sd 0:0:0:0: Attached scsi generic sg0 type 0
[    4.551153] sd 0:0:0:0: [sda] Write Protect is off
[    4.552199] sd 0:0:0:0: [sda] Write cache: enabled, read cache: enabled, doesn't support DPO or FUA
[    4.553058] scsi 1:0:0:0: CD-ROM            QEMU     QEMU DVD-ROM     2.5+ PQ: 0 ANSI: 5
[    4.554047] sd 0:0:0:0: [sda] Preferred minimum I/O size 512 bytes
[    4.582709] scsi 1:0:0:0: Attached scsi generic sg1 type 5
[    4.586095] sd 0:0:0:0: [sda] Attached SCSI disk
[    5.298433] ACPI: \_SB_.LNKC: Enabled at IRQ 11
[    5.613117] e1000 0000:00:03.0 eth0: (PCI:33MHz:32-bit) 52:54:00:12:34:56
[    5.613750] e1000 0000:00:03.0 eth0: Intel(R) PRO/1000 Network Connection
[    5.614536] e1000e: Intel(R) PRO/1000 Network Driver
[    5.614996] e1000e: Copyright(c) 1999 - 2015 Intel Corporation.
[    5.615690] igb: Intel(R) Gigabit Ethernet Network Driver
[    5.616178] igb: Copyright (c) 2007-2014 Intel Corporation.
[    5.617101] PPP generic driver version 2.4.2
[    5.619046] VFIO - User Level meta-driver version: 0.3
[    5.621059] usbcore: registered new interface driver uas
[    5.621698] usbcore: registered new interface driver usb-storage
[    5.622525] i8042: PNP: PS/2 Controller [PNP0303:KBD,PNP0f13:MOU] at 0x60,0x64 irq 1,12
[    5.624205] serio: i8042 KBD port at 0x60,0x64 irq 1
[    5.624742] serio: i8042 AUX port at 0x60,0x64 irq 12
[    5.626436] mousedev: PS/2 mouse device common for all mice
[    5.629225] input: AT Translated Set 2 keyboard as /devices/platform/i8042/serio0/input/input1
[    5.630363] rtc_cmos 00:05: RTC can wake from S4
[    5.633104] rtc_cmos 00:05: registered as rtc0
[    5.633265] input: VirtualPS/2 VMware VMMouse as /devices/platform/i8042/serio1/input/input4
[    5.633655] rtc_cmos 00:05: setting system clock to 2026-03-12T07:04:58 UTC (1773299098)
[    5.635438] rtc_cmos 00:05: alarms up to one day, y3k, 242 bytes nvram, hpet irqs
[    5.636273] i2c_dev: i2c /dev entries driver
[    5.636887] device-mapper: core: CONFIG_IMA_DISABLE_HTABLE is disabled. Duplicate IMA measurements will not be recorded in the IMA log.
[    5.638064] device-mapper: uevent: version 1.0.3
[    5.639061] device-mapper: ioctl: 4.50.0-ioctl (2025-04-28) initialised: dm-devel@lists.linux.dev
[    5.639212] input: VirtualPS/2 VMware VMMouse as /devices/platform/i8042/serio1/input/input3
[    5.639854] intel_pstate: CPU model not supported
[    5.641384] sdhci: Secure Digital Host Controller Interface driver
[    5.641926] sdhci: Copyright(c) Pierre Ossman
[    5.642528] sdhci-pltfm: SDHCI platform and OF driver helper
[    5.643584] drop_monitor: Initializing network drop monitor service
[    5.644493] NET: Registered PF_INET6 protocol family
[    5.647836] Segment Routing with IPv6
[    5.648276] In-situ OAM (IOAM) with IPv6
[    5.648724] NET: Registered PF_PACKET protocol family
[    5.649997] 9pnet: Installing 9P2000 support
[    5.650530] Key type dns_resolver registered
[    5.653236] IPI shorthand broadcast: enabled
[    5.717995] sched_clock: Marking stable (5696004434, 20556448)->(5720471548, -3910666)
[    5.720077] registered taskstats version 1
[    5.721209] Loading compiled-in X.509 certificates
[    5.807253] Demotion targets for Node 0: null
[    5.809355] Key type .fscrypt registered
[    5.809744] Key type fscrypt-provisioning registered
[    5.818971] Key type encrypted registered
[    5.819392] ima: No TPM chip found, activating TPM-bypass!
[    5.819896] ima: Allocated hash algorithm: sha1
[    5.820371] ima: No architecture policies found
[    5.821002] evm: Initialising EVM extended attributes:
[    5.821454] evm: security.selinux
[    5.821749] evm: security.SMACK64
[    5.822065] evm: security.SMACK64EXEC
[    5.822425] evm: security.SMACK64TRANSMUTE
[    5.822813] evm: security.SMACK64MMAP
[    5.823181] evm: security.apparmor
[    5.823496] evm: security.ima
[    5.823787] evm: security.capability
[    5.824143] evm: HMAC attrs: 0x1
[    5.827252] PM:   Magic number: 2:137:66
[    5.828643] RAS: Correctable Errors collector initialized.
[    5.829616] clk: Disabling unused clocks
[    5.830041] PM: genpd: Disabling unused power domains
[    5.831121] check access for rdinit=/init failed: -2, ignoring
[    5.831556] md: Waiting for all devices to be available before autodetect
[    5.831978] md: If you don't use raid, use raid=noautodetect
[    5.832315] md: Autodetecting RAID arrays.
[    5.832675] md: autorun ...
[    5.832857] md: ... autorun DONE.
[    5.846100] EXT4-fs (sda): INFO: recovery required on readonly filesystem
[    5.846542] EXT4-fs (sda): write access will be enabled during recovery
[    6.259239] EXT4-fs (sda): recovery complete
[    6.262839] EXT4-fs (sda): mounted filesystem 088740a9-c8b4-422c-999d-a804eb68a4da ro with ordered data mode. Quota mode: none.
[    6.263622] VFS: Mounted root (ext4 filesystem) readonly on device 8:0.
[    6.266989] devtmpfs: mounted
[    6.289967] Freeing unused decrypted memory: 2036K
[    6.295969] Freeing unused kernel image (initmem) memory: 16260K
[    6.296444] Write protecting the kernel read-only data: 102400k
[    6.300920] Freeing unused kernel image (text/rodata gap) memory: 1904K
[    6.303419] Freeing unused kernel image (rodata/data gap) memory: 1968K
[    7.517314] x86/mm: Checked W+X mappings: passed, no W+X pages found.
[    7.517943] Run /sbin/init as init process
[    7.747133] systemd[1]: systemd 252-15.el9 running in system mode (+PAM +AUDIT +SELINUX -APPARMOR +IMA +SMACK +SECCOMP +GCRYPT +GNUTLS +OPENSSL +ACL +BLKID +CURL +ELFUTILS -FIDO2 +IDN2 -IDN -IPTC +KMOD +LIBCRYPTSETUP +LIBFDISK +PCRE2 -PWQUALITY +P11KIT -QRENCODE +TPM2 +BZIP2 +LZ4 +XZ +ZLIB +ZSTD -BPF_FRAMEWORK +XKBCOMMON +UTMP +SYSVINIT default-hierarchy=unified)
[    7.749126] systemd[1]: Detected virtualization kvm.
[    7.749438] systemd[1]: Detected architecture x86-64.

Welcome to [0;31mCentOS Stream 9[0m!

[    7.756841] systemd[1]: Hostname set to <test>.
[    7.994083] systemd-rc-local-generator[118]: /etc/rc.d/rc.local is not marked executable, skipping.
[    8.438566] systemd[1]: Queued start job for default target Multi-User System.
[    8.455552] systemd[1]: Created slice Virtual Machine and Container Slice.
[[0;32m  OK  [0m] Created slice [0;1;39mVirtual Machine and Container Slice[0m.
[    8.460790] systemd[1]: Created slice Slice /system/getty.
[[0;32m  OK  [0m] Created slice [0;1;39mSlice /system/getty[0m.
[    8.463651] systemd[1]: Created slice Slice /system/modprobe.
[[0;32m  OK  [0m] Created slice [0;1;39mSlice /system/modprobe[0m.
[    8.466987] systemd[1]: Created slice Slice /system/serial-getty.
[[0;32m  OK  [0m] Created slice [0;1;39mSlice /system/serial-getty[0m.
[    8.469999] systemd[1]: Created slice Slice /system/sshd-keygen.
[[0;32m  OK  [0m] Created slice [0;1;39mSlice /system/sshd-keygen[0m.
[    8.472746] systemd[1]: Created slice User and Session Slice.
[[0;32m  OK  [0m] Created slice [0;1;39mUser and Session Slice[0m.
[    8.474107] systemd[1]: Started Forward Password Requests to Wall Directory Watch.
[[0;32m  OK  [0m] Started [0;1;39mForward Password R…uests to Wall Directory Watch[0m.
[    8.476180] systemd[1]: Set up automount Arbitrary Executable File Formats File System Automount Point.
[[0;32m  OK  [0m] Set up automount [0;1;39mArbitrary…s File System Automount Point[0m.
[    8.477703] systemd[1]: Reached target Local Integrity Protected Volumes.
[[0;32m  OK  [0m] Reached target [0;1;39mLocal Integrity Protected Volumes[0m.
[    8.478840] systemd[1]: Reached target Slice Units.
[[0;32m  OK  [0m] Reached target [0;1;39mSlice Units[0m.
[    8.479689] systemd[1]: Reached target Swaps.
[[0;32m  OK  [0m] Reached target [0;1;39mSwaps[0m.
[    8.480479] systemd[1]: Reached target Local Verity Protected Volumes.
[[0;32m  OK  [0m] Reached target [0;1;39mLocal Verity Protected Volumes[0m.
[    8.481873] systemd[1]: Listening on Device-mapper event daemon FIFOs.
[[0;32m  OK  [0m] Listening on [0;1;39mDevice-mapper event daemon FIFOs[0m.
[    8.483455] systemd[1]: Listening on LVM2 poll daemon socket.
[[0;32m  OK  [0m] Listening on [0;1;39mLVM2 poll daemon socket[0m.
[    8.484740] systemd[1]: multipathd control socket was skipped because of an unmet condition check (ConditionPathExists=/etc/multipath.conf).
[    8.534197] systemd[1]: Listening on RPCbind Server Activation Socket.
[[0;32m  OK  [0m] Listening on [0;1;39mRPCbind Server Activation Socket[0m.
[    8.535591] systemd[1]: Reached target RPC Port Mapper.
[[0;32m  OK  [0m] Reached target [0;1;39mRPC Port Mapper[0m.
[    8.539615] systemd[1]: Listening on Process Core Dump Socket.
[[0;32m  OK  [0m] Listening on [0;1;39mProcess Core Dump Socket[0m.
[    8.541262] systemd[1]: Listening on initctl Compatibility Named Pipe.
[[0;32m  OK  [0m] Listening on [0;1;39minitctl Compatibility Named Pipe[0m.
[    8.543346] systemd[1]: Listening on Journal Socket (/dev/log).
[[0;32m  OK  [0m] Listening on [0;1;39mJournal Socket (/dev/log)[0m.
[    8.545344] systemd[1]: Listening on Journal Socket.
[[0;32m  OK  [0m] Listening on [0;1;39mJournal Socket[0m.
[    8.547161] systemd[1]: Listening on udev Control Socket.
[[0;32m  OK  [0m] Listening on [0;1;39mudev Control Socket[0m.
[    8.549279] systemd[1]: Listening on udev Kernel Socket.
[[0;32m  OK  [0m] Listening on [0;1;39mudev Kernel Socket[0m.
[    8.565252] systemd[1]: Mounting Huge Pages File System...
         Mounting [0;1;39mHuge Pages File System[0m...
[    8.571396] systemd[1]: Mounting POSIX Message Queue File System...
         Mounting [0;1;39mPOSIX Message Queue File System[0m...
[    8.578432] systemd[1]: Mounting Kernel Debug File System...
         Mounting [0;1;39mKernel Debug File System[0m...
[    8.592713] systemd[1]: Mounting Kernel Trace File System...
         Mounting [0;1;39mKernel Trace File System[0m...
[    8.593874] systemd[1]: Kernel Module supporting RPCSEC_GSS was skipped because of an unmet condition check (ConditionPathExists=/etc/krb5.keytab).
[    8.594769] systemd[1]: Create List of Static Device Nodes was skipped because of an unmet condition check (ConditionFileNotEmpty=/lib/modules/6.18.0-rc6-578d6aab1489+/modules.devname).
[    8.602904] systemd[1]: Starting Monitoring of LVM2 mirrors, snapshots etc. using dmeventd or progress polling...
         Starting [0;1;39mMonitoring of LVM…meventd or progress polling[0m...
[    8.613642] systemd[1]: Starting Load Kernel Module configfs...
         Starting [0;1;39mLoad Kernel Module configfs[0m...
[    8.629854] systemd[1]: Starting Load Kernel Module drm...
         Starting [0;1;39mLoad Kernel Module drm[0m...
[    8.640861] systemd[1]: Starting Load Kernel Module fuse...
         Starting [0;1;39mLoad Kernel Module fuse[0m...
[    8.652530] systemd[1]: Starting Read and set NIS domainname from /etc/sysconfig/network...
         Starting [0;1;39mRead and set NIS …from /etc/sysconfig/network[0m...
[    8.669320] systemd[1]: Starting Journal Service...
         Starting [0;1;39mJournal Service[0m...
[    8.677159] systemd[1]: Starting Load Kernel Modules...
         Starting [0;1;39mLoad Kernel Modules[0m...
[    8.688744] systemd[1]: Starting Generate network units from Kernel command line...
         Starting [0;1;39mGenerate network …ts from Kernel command line[0m...
[    8.709486] systemd[1]: Starting Remount Root and Kernel File Systems...
         Starting [0;1;39mRemount Root and Kernel File Systems[0m...
[    8.717784] systemd[1]: Repartition Root Disk was skipped because no trigger condition checks were met.
[    8.741721] systemd[1]: Starting Coldplug All udev Devices...
         Starting [0;1;39mColdplug All udev Devices[0m...
[    8.760442] systemd[1]: Mounted Huge Pages File System.
[[0;32m  OK  [0m] Mounted [0;1;39mHuge Pages File System[0m.
[    8.762309] systemd[1]: Mounted POSIX Message Queue File System.
[[0;32m  OK  [0m] Mounted [0;1;39mPOSIX Message Queue File System[0m.
[    8.765143] systemd[1]: Mounted Kernel Debug File System.
[[0;32m  OK  [0m] Mounted [0;1;39mKernel Debug File System[0m.
[    8.769638] systemd[1]: Mounted Kernel Trace File System.
[[0;32m  OK  [0m] Mounted [0;1;39mKernel Trace File System[0m.
[    8.772116] systemd[1]: Finished Monitoring of LVM2 mirrors, snapshots etc. using dmeventd or progress polling.
[[0;32m  OK  [0m] Finished [0;1;39mMonitoring of LVM… dmeventd or progress polling[0m.
[    8.779588] systemd[1]: modprobe@configfs.service: Deactivated successfully.
[    8.782451] systemd[1]: Finished Load Kernel Module configfs.
[[0;32m  OK  [0m] Finished [0;1;39mLoad Kernel Module configfs[0m.
[    8.785004] systemd[1]: modprobe@drm.service: Deactivated successfully.
[    8.786551] systemd[1]: Finished Load Kernel Module drm.
[[0;32m  OK  [0m] Finished [0;1;39mLoad Kernel Module drm[0m.
[    8.789261] systemd[1]: modprobe@fuse.service: Deactivated successfully.
[    8.791036] systemd[1]: Finished Load Kernel Module fuse.
[[0;32m  OK  [0m] Finished [0;1;39mLoad Kernel Module fuse[0m.
[    8.794133] EXT4-fs (sda): re-mounted 088740a9-c8b4-422c-999d-a804eb68a4da r/w.
[    8.796317] systemd[1]: Finished Read and set NIS domainname from /etc/sysconfig/network.
[[0;32m  OK  [0m] Finished [0;1;39mRead and set NIS …e from /etc/sysconfig/network[0m.
[    8.800785] systemd[1]: systemd-modules-load.service: Main process exited, code=exited, status=1/FAILURE
[    8.802176] systemd[1]: systemd-modules-load.service: Failed with result 'exit-code'.
[    8.803846] systemd[1]: Failed to start Load Kernel Modules.
[[0;1;31mFAILED[0m] Failed to start [0;1;39mLoad Kernel Modules[0m.
See 'systemctl status systemd-modules-load.service' for details.
[    8.807536] systemd[1]: Finished Generate network units from Kernel command line.
[[0;32m  OK  [0m] Finished [0;1;39mGenerate network units from Kernel command line[0m.
[    8.810024] systemd[1]: Reached target Preparation for Network.
[[0;32m  OK  [0m] Reached target [0;1;39mPreparation for Network[0m.
[    8.832818] systemd[1]: Mounting FUSE Control File System...
         Mounting [0;1;39mFUSE Control File System[0m...
[    8.853064] systemd[1]: Mounting Kernel Configuration File System...
         Mounting [0;1;39mKernel Configuration File System[0m...
[    8.881202] systemd[1]: Starting Apply Kernel Variables...
         Starting [0;1;39mApply Kernel Variables[0m...
[    8.884351] systemd[1]: Started Journal Service.
[[0;32m  OK  [0m] Started [0;1;39mJournal Service[0m.
[[0;32m  OK  [0m] Finished [0;1;39mRemount Root and Kernel File Systems[0m.
[[0;32m  OK  [0m] Mounted [0;1;39mFUSE Control File System[0m.
[[0;32m  OK  [0m] Mounted [0;1;39mKernel Configuration File System[0m.
         Starting [0;1;39mFlush Journal to Persistent Storage[0m...
[    8.971048] systemd-journald[140]: Received client request to flush runtime journal.
         Starting [0;1;39mLoad/Save Random Seed[0m...
         Starting [0;1;39mCreate Static Device Nodes in /dev[0m...
         Starting [0;1;39mSetup Virtual Console[0m...
[[0;32m  OK  [0m] Finished [0;1;39mApply Kernel Variables[0m.
[[0;32m  OK  [0m] Finished [0;1;39mFlush Journal to Persistent Storage[0m.
[[0;32m  OK  [0m] Finished [0;1;39mLoad/Save Random Seed[0m.
[[0;32m  OK  [0m] Finished [0;1;39mCreate Static Device Nodes in /dev[0m.
         Starting [0;1;39mRule-based Manage…for Device Events and Files[0m...
[[0;32m  OK  [0m] Started [0;1;39mRule-based Manager for Device Events and Files[0m.
         Starting [0;1;39mAuto-connect to s…E devices found during boot[0m...
[[0;32m  OK  [0m] Finished [0;1;39mAuto-connect to s…VME devices found during boot[0m.
[[0;32m  OK  [0m] Finished [0;1;39mColdplug All udev Devices[0m.
         Starting [0;1;39mWait for udev To …plete Device Initialization[0m...
[[0;32m  OK  [0m] Finished [0;1;39mSetup Virtual Console[0m.
         Starting [0;1;39mShow Plymouth Boot Screen[0m...
[2J[3J[-1;-1f[[0;32m  OK  [0m] Started [0;1;39mShow Plymouth Boot Screen[0m.
[[0;32m  OK  [0m] Started [0;1;39mForward Password R…s to Plymouth Directory Watch[0m.
[[0;32m  OK  [0m] Reached target [0;1;39mLocal Encrypted Volumes[0m.
[[0;32m  OK  [0m] Reached target [0;1;39mPath Units[0m.
[[0;32m  OK  [0m] Found device [0;1;39m/dev/ttyS0[0m.
[[0;32m  OK  [0m] Listening on [0;1;39mLoad/Save RF …itch Status /dev/rfkill Watch[0m.
[[0;32m  OK  [0m] Finished [0;1;39mWait for udev To Complete Device Initialization[0m.
[[0;32m  OK  [0m] Reached target [0;1;39mPreparation for Local File Systems[0m.
[[0;32m  OK  [0m] Reached target [0;1;39mLocal File Systems[0m.
         Starting [0;1;39mTell Plymouth To Write Out Runtime Data[0m...
         Starting [0;1;39mAutomatic Boot Loader Update[0m...
         Starting [0;1;39mCreate Volatile Files and Directories[0m...
[[0;32m  OK  [0m] Finished [0;1;39mTell Plymouth To Write Out Runtime Data[0m.
[[0;32m  OK  [0m] Finished [0;1;39mAutomatic Boot Loader Update[0m.
[[0;32m  OK  [0m] Finished [0;1;39mCreate Volatile Files and Directories[0m.
         Mounting [0;1;39mRPC Pipe File System[0m...
         Starting [0;1;39mSecurity Auditing Service[0m...
         Starting [0;1;39mRPC Bind[0m...
[[0;32m  OK  [0m] Mounted [0;1;39mRPC Pipe File System[0m.
[[0;32m  OK  [0m] Reached target [0;1;39mrpc_pipefs.target[0m.
[[0;32m  OK  [0m] Started [0;1;39mRPC Bind[0m.
[[0;32m  OK  [0m] Started [0;1;39mSecurity Auditing Service[0m.
         Starting [0;1;39mRecord System Boot/Shutdown in UTMP[0m...
[[0;32m  OK  [0m] Finished [0;1;39mRecord System Boot/Shutdown in UTMP[0m.
[[0;32m  OK  [0m] Reached target [0;1;39mSystem Initialization[0m.
[[0;32m  OK  [0m] Started [0;1;39mDaily rotation of log files[0m.
[[0;32m  OK  [0m] Started [0;1;39mUpdates mlocate database every day[0m.
[[0;32m  OK  [0m] Started [0;1;39mDaily Cleanup of Temporary Directories[0m.
[[0;32m  OK  [0m] Started [0;1;39mdaily update of the root trust anchor for DNSSEC[0m.
[[0;32m  OK  [0m] Reached target [0;1;39mTimer Units[0m.
[[0;32m  OK  [0m] Listening on [0;1;39mD-Bus System Message Bus Socket[0m.
[[0;32m  OK  [0m] Listening on [0;1;39mOpen-iSCSI iscsid Socket[0m.
[[0;32m  OK  [0m] Listening on [0;1;39mOpen-iSCSI iscsiuio Socket[0m.
[[0;32m  OK  [0m] Listening on [0;1;39mSSSD Kerberos…ache Manager responder socket[0m.
[[0;32m  OK  [0m] Listening on [0;1;39mLibvirt interface local socket[0m.
[[0;32m  OK  [0m] Listening on [0;1;39mVirtual machine lock manager socket[0m.
[[0;32m  OK  [0m] Listening on [0;1;39mVirtual machine log manager socket[0m.
[[0;32m  OK  [0m] Listening on [0;1;39mLibvirt network local socket[0m.
[[0;32m  OK  [0m] Listening on [0;1;39mLibvirt nodedev local socket[0m.
[[0;32m  OK  [0m] Listening on [0;1;39mLibvirt nwfilter local socket[0m.
[[0;32m  OK  [0m] Listening on [0;1;39mLibvirt proxy local socket[0m.
[[0;32m  OK  [0m] Listening on [0;1;39mLibvirt qemu local socket[0m.
[[0;32m  OK  [0m] Listening on [0;1;39mLibvirt qemu admin socket[0m.
[[0;32m  OK  [0m] Listening on [0;1;39mLibvirt qemu local read-only socket[0m.
[[0;32m  OK  [0m] Listening on [0;1;39mLibvirt secret local socket[0m.
[[0;32m  OK  [0m] Listening on [0;1;39mLibvirt storage local socket[0m.
[[0;32m  OK  [0m] Reached target [0;1;39mSocket Units[0m.
         Starting [0;1;39mD-Bus System Message Bus[0m...
[[0;32m  OK  [0m] Started [0;1;39mD-Bus System Message Bus[0m.
[[0;32m  OK  [0m] Reached target [0;1;39mBasic System[0m.
         Starting [0;1;39mNetwork Manager[0m...
         Starting [0;1;39mNTP client/server[0m...
         Starting [0;1;39mRestore /run/initramfs on shutdown[0m...
[[0;32m  OK  [0m] Started [0;1;39mirqbalance daemon[0m.
[[0;32m  OK  [0m] Started [0;1;39mlibstoragemgmt plug-in server daemon[0m.
[[0;32m  OK  [0m] Started [0;1;39mMachine Check Exception Logging Daemon[0m.
[[0;32m  OK  [0m] Reached target [0;1;39msshd-keygen.target[0m.
[[0;32m  OK  [0m] Reached target [0;1;39mUser and Group Name Lookups[0m.
         Starting [0;1;39mUser Login Management[0m...
         Starting [0;1;39mVirtual Machine a…tainer Registration Service[0m...
[[0;32m  OK  [0m] Finished [0;1;39mRestore /run/initramfs on shutdown[0m.
[[0;32m  OK  [0m] Started [0;1;39mVirtual Machine an…ontainer Registration Service[0m.
         Starting [0;1;39mHostname Service[0m...
[[0;32m  OK  [0m] Started [0;1;39mNTP client/server[0m.
[[0;32m  OK  [0m] Started [0;1;39mUser Login Management[0m.
[[0;32m  OK  [0m] Started [0;1;39mHostname Service[0m.
         Starting [0;1;39mNetwork Manager Script Dispatcher Service[0m...
[[0;32m  OK  [0m] Started [0;1;39mNetwork Manager Script Dispatcher Service[0m.
[   12.564943] e1000: eth0 NIC Link is Up 1000 Mbps Full Duplex, Flow Control: RX
[[0;32m  OK  [0m] Started [0;1;39mNetwork Manager[0m.
[[0;32m  OK  [0m] Reached target [0;1;39mNetwork[0m.
[[0;32m  OK  [0m] Reached target [0;1;39mNetwork is Online[0m.
         Starting [0;1;39mGSSAPI Proxy Daemon[0m...
         Starting [0;1;39mNotify NFS peers of a restart[0m...
         Starting [0;1;39mSystem Logging Service[0m...
         Starting [0;1;39mOpenSSH server daemon[0m...
         Starting [0;1;39mDynamic System Tuning Daemon[0m...
[[0;32m  OK  [0m] Started [0;1;39mNotify NFS peers of a restart[0m.
[[0;32m  OK  [0m] Started [0;1;39mOpenSSH server daemon[0m.
[[0;32m  OK  [0m] Started [0;1;39mGSSAPI Proxy Daemon[0m.
[[0;32m  OK  [0m] Reached target [0;1;39mNFS client services[0m.
[[0;32m  OK  [0m] Reached target [0;1;39mPreparation for Remote File Systems[0m.
[[0;32m  OK  [0m] Reached target [0;1;39mRemote File Systems[0m.
         Starting [0;1;39mPermit User Sessions[0m...
         Starting [0;1;39mVirtualization qemu daemon[0m...
[[0;32m  OK  [0m] Finished [0;1;39mPermit User Sessions[0m.
[[0;32m  OK  [0m] Started [0;1;39mDeferred execution scheduler[0m.
[[0;32m  OK  [0m] Started [0;1;39mCommand Scheduler[0m.
         Starting [0;1;39mHold until boot process finishes up[0m...
         Starting [0;1;39mTerminate Plymouth Boot Screen[0m...
[[0;32m  OK  [0m] Started [0;1;39mSystem Logging Service[0m.

CentOS Stream 9
Kernel 6.18.0-rc6-578d6aab1489+ on an x86_64

Activate the web console with: systemctl enable --now cockpit.socket

test login: 