c[?7l[2J[0mSeaBIOS (version rel-1.16.3-0-ga6ed6b701f0a-prebuilt.qemu.org)


iPXE (http://ipxe.org) 00:03.0 CA00 PCI2.10 PnP PMM+7EFD0D60+7EF30D60 CA00
Press Ctrl-B to configure iPXE (PCI 00:03.0)...                                                                               


Booting from ROM..c[?7l[2J[    0.000000] Linux version 6.19.0-rc1-58ecde96e8b8+ (root@gnr-800442) (gcc (GCC) 11.5.0 20240719 (Red Hat 11.5.0-14), GNU ld version 2.35.2-66.el9) #1 SMP PREEMPT_DYNAMIC Thu Mar 12 21:11:48 CST 2026
[    0.000000] Command line: console=ttyS0 root=/dev/sda earlyprintk=serial net.ifnames=0 thunderbolt.dyndbg
[    0.000000] KERNEL supported cpus:
[    0.000000]   Intel GenuineIntel
[    0.000000]   AMD AuthenticAMD
[    0.000000]   Hygon HygonGenuine
[    0.000000]   Centaur CentaurHauls
[    0.000000]   zhaoxin   Shanghai  
[    0.000000] x86/CPU: Model not found in latest microcode list
[    0.000000] x86/split lock detection: #DB: warning on user-space bus_locks
[    0.000000] BIOS-provided physical RAM map:
[    0.000000] BIOS-e820: [mem 0x0000000000000000-0x000000000009fbff] usable
[    0.000000] BIOS-e820: [mem 0x000000000009fc00-0x000000000009ffff] reserved
[    0.000000] BIOS-e820: [mem 0x00000000000f0000-0x00000000000fffff] reserved
[    0.000000] BIOS-e820: [mem 0x0000000000100000-0x000000007ffdffff] usable
[    0.000000] BIOS-e820: [mem 0x000000007ffe0000-0x000000007fffffff] reserved
[    0.000000] BIOS-e820: [mem 0x00000000feffc000-0x00000000feffffff] reserved
[    0.000000] BIOS-e820: [mem 0x00000000fffc0000-0x00000000ffffffff] reserved
[    0.000000] printk: legacy bootconsole [earlyser0] enabled
[    0.000000] NX (Execute Disable) protection: active
[    0.000000] APIC: Static calls initialized
[    0.000000] SMBIOS 3.0.0 present.
[    0.000000] DMI: QEMU Standard PC (i440FX + PIIX, 1996), BIOS rel-1.16.3-0-ga6ed6b701f0a-prebuilt.qemu.org 04/01/2014
[    0.000000] DMI: Memory slots populated: 1/1
[    0.000000] Hypervisor detected: KVM
[    0.000000] last_pfn = 0x7ffe0 max_arch_pfn = 0x10000000000
[    0.000000] kvm-clock: Using msrs 4b564d01 and 4b564d00
[    0.000003] kvm-clock: using sched offset of 694282421 cycles
[    0.000471] clocksource: kvm-clock: mask: 0xffffffffffffffff max_cycles: 0x1cd42e4dffb, max_idle_ns: 881590591483 ns
[    0.001896] tsc: Detected 2500.000 MHz processor
[    0.009630] last_pfn = 0x7ffe0 max_arch_pfn = 0x10000000000
[    0.010123] MTRR map: 4 entries (3 fixed + 1 variable; max 19), built from 8 variable MTRRs
[    0.010875] x86/PAT: Configuration [0-7]: WB  WC  UC- UC  WB  WP  UC- WT  
[    0.016287] found SMP MP-table at [mem 0x000f5480-0x000f548f]
[    0.016843] Using GB pages for direct mapping
[    0.019311] ACPI: Early table checksum verification disabled
[    0.019822] ACPI: RSDP 0x00000000000F52A0 000014 (v00 BOCHS )
[    0.020336] ACPI: RSDT 0x000000007FFE1C9B 000034 (v01 BOCHS  BXPC     00000001 BXPC 00000001)
[    0.021101] ACPI: FACP 0x000000007FFE1B47 000074 (v01 BOCHS  BXPC     00000001 BXPC 00000001)
[    0.021867] ACPI: DSDT 0x000000007FFE0040 001B07 (v01 BOCHS  BXPC     00000001 BXPC 00000001)
[    0.022622] ACPI: FACS 0x000000007FFE0000 000040
[    0.023033] ACPI: APIC 0x000000007FFE1BBB 000080 (v03 BOCHS  BXPC     00000001 BXPC 00000001)
[    0.023793] ACPI: HPET 0x000000007FFE1C3B 000038 (v01 BOCHS  BXPC     00000001 BXPC 00000001)
[    0.024538] ACPI: WAET 0x000000007FFE1C73 000028 (v01 BOCHS  BXPC     00000001 BXPC 00000001)
[    0.025289] ACPI: Reserving FACP table memory at [mem 0x7ffe1b47-0x7ffe1bba]
[    0.025910] ACPI: Reserving DSDT table memory at [mem 0x7ffe0040-0x7ffe1b46]
[    0.026520] ACPI: Reserving FACS table memory at [mem 0x7ffe0000-0x7ffe003f]
[    0.027135] ACPI: Reserving APIC table memory at [mem 0x7ffe1bbb-0x7ffe1c3a]
[    0.027761] ACPI: Reserving HPET table memory at [mem 0x7ffe1c3b-0x7ffe1c72]
[    0.028366] ACPI: Reserving WAET table memory at [mem 0x7ffe1c73-0x7ffe1c9a]
[    0.029552] No NUMA configuration found
[    0.029899] Faking a node at [mem 0x0000000000000000-0x000000007ffdffff]
[    0.030496] NODE_DATA(0) allocated [mem 0x7ffb4ec0-0x7ffdfcbf]
[    0.032247] Zone ranges:
[    0.032516]   DMA      [mem 0x0000000000001000-0x0000000000ffffff]
[    0.033072]   DMA32    [mem 0x0000000001000000-0x000000007ffdffff]
[    0.033625]   Normal   empty
[    0.033883]   Device   empty
[    0.034142] Movable zone start for each node
[    0.034527] Early memory node ranges
[    0.034854]   node   0: [mem 0x0000000000001000-0x000000000009efff]
[    0.035397]   node   0: [mem 0x0000000000100000-0x000000007ffdffff]
[    0.035950] Initmem setup node 0 [mem 0x0000000000001000-0x000000007ffdffff]
[    0.036959] On node 0, zone DMA: 1 pages in unavailable ranges
[    0.037673] On node 0, zone DMA: 97 pages in unavailable ranges
[    0.067137] On node 0, zone DMA32: 32 pages in unavailable ranges
[    0.145939] KernelAddressSanitizer initialized (generic)
[    0.146704] ACPI: PM-Timer IO Port: 0x608
[    0.147100] ACPI: LAPIC_NMI (acpi_id[0xff] dfl dfl lint[0x1])
[    0.147662] IOAPIC[0]: apic_id 0, version 17, address 0xfec00000, GSI 0-23
[    0.148281] ACPI: INT_SRC_OVR (bus 0 bus_irq 0 global_irq 2 dfl dfl)
[    0.148844] ACPI: INT_SRC_OVR (bus 0 bus_irq 5 global_irq 5 high level)
[    0.149420] ACPI: INT_SRC_OVR (bus 0 bus_irq 9 global_irq 9 high level)
[    0.150007] ACPI: INT_SRC_OVR (bus 0 bus_irq 10 global_irq 10 high level)
[    0.150606] ACPI: INT_SRC_OVR (bus 0 bus_irq 11 global_irq 11 high level)
[    0.151211] ACPI: Using ACPI (MADT) for SMP configuration information
[    0.151778] ACPI: HPET id: 0x8086a201 base: 0xfed00000
[    0.152236] TSC deadline timer available
[    0.152605] CPU topo: Max. logical packages:   1
[    0.153006] CPU topo: Max. logical dies:       1
[    0.153404] CPU topo: Max. dies per package:   1
[    0.153827] CPU topo: Max. threads per core:   1
[    0.154231] CPU topo: Num. cores per package:     2
[    0.154666] CPU topo: Num. threads per package:   2
[    0.155093] CPU topo: Allowing 2 present CPUs plus 0 hotplug CPUs
[    0.155684] kvm-guest: APIC: eoi() replaced with kvm_guest_apic_eoi_write()
[    0.156315] kvm-guest: KVM setup pv remote TLB flush
[    0.156761] kvm-guest: setup PV sched yield
[    0.157172] PM: hibernation: Registered nosave memory: [mem 0x00000000-0x00000fff]
[    0.157851] PM: hibernation: Registered nosave memory: [mem 0x0009f000-0x000fffff]
[    0.158518] [mem 0x80000000-0xfeffbfff] available for PCI devices
[    0.159058] Booting paravirtualized kernel on KVM
[    0.159469] clocksource: refined-jiffies: mask: 0xffffffff max_cycles: 0xffffffff, max_idle_ns: 7645519600211568 ns
[    0.160394] setup_percpu: NR_CPUS:8192 nr_cpumask_bits:2 nr_cpu_ids:2 nr_node_ids:1
[    0.161744] percpu: Embedded 81 pages/cpu s294912 r8192 d28672 u1048576
[    0.162536] kvm-guest: PV spinlocks enabled
[    0.162926] PV qspinlock hash table entries: 256 (order: 0, 4096 bytes, linear)
[    0.163586] Kernel command line: net.ifnames=0 console=ttyS0 root=/dev/sda earlyprintk=serial net.ifnames=0 thunderbolt.dyndbg
[    0.164890] random: crng init done
[    0.165195] printk: log buffer data + meta data: 262144 + 917504 = 1179648 bytes
[    0.166418] Dentry cache hash table entries: 262144 (order: 9, 2097152 bytes, linear)
[    0.167687] Inode-cache hash table entries: 131072 (order: 8, 1048576 bytes, linear)
[    0.168683] Fallback order for Node 0: 0 
[    0.168696] Built 1 zonelists, mobility grouping on.  Total pages: 524158
[    0.169632] Policy zone: DMA32
[    0.169894] mem auto-init: stack:off, heap alloc:off, heap free:off
[    0.170427] stackdepot: allocating hash table via alloc_large_system_hash
[    0.171013] stackdepot hash table entries: 1048576 (order: 12, 16777216 bytes, linear)
[    0.176120] stackdepot: allocating space for 8192 stack pools via memblock
[    0.224601] SLUB: HWalign=64, Order=0-3, MinObjects=0, CPUs=2, Nodes=1
[    0.225167] kmemleak: Kernel memory leak detector disabled
[    0.262361] ftrace: allocating 75259 entries in 296 pages
[    0.262828] ftrace: allocated 296 pages with 3 groups
[    0.267674] Dynamic Preempt: voluntary
[    0.268503] Running RCU self tests
[    0.268807] Running RCU synchronous self tests
[    0.269192] rcu: Preemptible hierarchical RCU implementation.
[    0.269702] rcu: 	RCU lockdep checking is enabled.
[    0.270114] rcu: 	RCU restricting CPUs from NR_CPUS=8192 to nr_cpu_ids=2.
[    0.270694] 	Trampoline variant of Tasks RCU enabled.
[    0.271110] 	Rude variant of Tasks RCU enabled.
[    0.271485] 	Tracing variant of Tasks RCU enabled.
[    0.271893] rcu: RCU calculated value of scheduler-enlistment delay is 25 jiffies.
[    0.272520] rcu: Adjusting geometry for rcu_fanout_leaf=16, nr_cpu_ids=2
[    0.273182] Running RCU synchronous self tests
[    0.273571] RCU Tasks: Setting shift to 1 and lim to 1 rcu_task_cb_adjust=1 rcu_task_cpu_ids=2.
[    0.274304] RCU Tasks Rude: Setting shift to 1 and lim to 1 rcu_task_cb_adjust=1 rcu_task_cpu_ids=2.
[    0.275086] RCU Tasks Trace: Setting shift to 1 and lim to 1 rcu_task_cb_adjust=1 rcu_task_cpu_ids=2.
[    0.346007] NR_IRQS: 524544, nr_irqs: 440, preallocated irqs: 16
[    0.347172] rcu: srcu_init: Setting srcu_struct sizes based on contention.
[    0.355463] Console: colour VGA+ 80x25
[    0.355884] printk: legacy console [ttyS0] enabled
[    0.355884] printk: legacy console [ttyS0] enabled
[    0.356731] printk: legacy bootconsole [earlyser0] disabled
[    0.356731] printk: legacy bootconsole [earlyser0] disabled
[    0.357727] Lock dependency validator: Copyright (c) 2006 Red Hat, Inc., Ingo Molnar
[    0.358405] ... MAX_LOCKDEP_SUBCLASSES:  8
[    0.358775] ... MAX_LOCK_DEPTH:          48
[    0.359139] ... MAX_LOCKDEP_KEYS:        8192
[    0.359524] ... CLASSHASH_SIZE:          4096
[    0.359921] ... MAX_LOCKDEP_ENTRIES:     32768
[    0.360304] ... MAX_LOCKDEP_CHAINS:      65536
[    0.360701] ... CHAINHASH_SIZE:          32768
[    0.361096]  memory used by lock dependency info: 6429 kB
[    0.361574]  memory used for stack traces: 4224 kB
[    0.361993]  per task-struct memory footprint: 1920 bytes
[    0.362567] ACPI: Core revision 20250807
[    0.363346] clocksource: hpet: mask: 0xffffffff max_cycles: 0xffffffff, max_idle_ns: 19112604467 ns
[    0.364346] APIC: Switch to symmetric I/O mode setup
[    0.365197] x2apic enabled
[    0.365862] APIC: Switched APIC routing to: physical x2apic
[    0.366355] kvm-guest: APIC: send_IPI_mask() replaced with kvm_send_ipi_mask()
[    0.367021] kvm-guest: APIC: send_IPI_mask_allbutself() replaced with kvm_send_ipi_mask_allbutself()
[    0.367825] kvm-guest: setup PV IPIs
[    0.369272] ..TIMER: vector=0x30 apic1=0 pin1=2 apic2=-1 pin2=-1
[    0.369839] clocksource: tsc-early: mask: 0xffffffffffffffff max_cycles: 0x240939f1bb2, max_idle_ns: 440795263295 ns
[    0.370765] Calibrating delay loop (skipped) preset value.. 5000.00 BogoMIPS (lpj=10000000)
[    0.371665] x86/cpu: User Mode Instruction Prevention (UMIP) activated
[    0.372325] Last level iTLB entries: 4KB 0, 2MB 0, 4MB 0
[    0.374779] Last level dTLB entries: 4KB 0, 2MB 0, 4MB 0, 1GB 0
[    0.375324] mitigations: Enabled attack vectors: user_kernel, user_user, guest_host, guest_guest, SMT mitigations: auto
[    0.376270] Speculative Store Bypass: Mitigation: Speculative Store Bypass disabled via prctl
[    0.377010] Spectre V2 : Mitigation: Enhanced / Automatic IBRS
[    0.377518] ITS: Mitigation: Aligned branch/return thunks
[    0.377989] Spectre V1 : Mitigation: usercopy/swapgs barriers and __user pointer sanitization
[    0.378755] Spectre V2 : WARNING: Unprivileged eBPF is enabled with eIBRS on, data leaks possible via Spectre v2 BHB attacks!
[    0.379738] Spectre V2 : Spectre v2 / PBRSB-eIBRS: Retire a single CALL on VMEXIT
[    0.380362] Spectre V2 : mitigation: Enabling conditional Indirect Branch Prediction Barrier
[    0.381075] active return thunk: its_return_thunk
[    0.381481] Spectre V2 : Spectre BHI mitigation: SW BHB clearing on syscall and VM exit
[    0.382201] x86/fpu: Supporting XSAVE feature 0x001: 'x87 floating point registers'
[    0.382754] x86/fpu: Supporting XSAVE feature 0x002: 'SSE registers'
[    0.383291] x86/fpu: Supporting XSAVE feature 0x004: 'AVX registers'
[    0.383819] x86/fpu: Supporting XSAVE feature 0x020: 'AVX-512 opmask'
[    0.384370] x86/fpu: Supporting XSAVE feature 0x040: 'AVX-512 Hi256'
[    0.384893] x86/fpu: Supporting XSAVE feature 0x080: 'AVX-512 ZMM_Hi256'
[    0.385468] x86/fpu: Supporting XSAVE feature 0x200: 'Protection Keys User registers'
[    0.386754] x86/fpu: Supporting XSAVE feature 0x20000: 'AMX Tile config'
[    0.387318] x86/fpu: Supporting XSAVE feature 0x40000: 'AMX Tile data'
[    0.387871] x86/fpu: xstate_offset[2]:  576, xstate_sizes[2]:  256
[    0.388383] x86/fpu: xstate_offset[5]:  832, xstate_sizes[5]:   64
[    0.388917] x86/fpu: xstate_offset[6]:  896, xstate_sizes[6]:  512
[    0.389433] x86/fpu: xstate_offset[7]: 1408, xstate_sizes[7]: 1024
[    0.389959] x86/fpu: xstate_offset[9]: 2432, xstate_sizes[9]:    8
[    0.390477] x86/fpu: xstate_offset[17]: 2496, xstate_sizes[17]:   64
[    0.390754] x86/fpu: xstate_offset[18]: 2560, xstate_sizes[18]: 8192
[    0.391285] x86/fpu: Enabled xstate features 0x602e7, context size is 10752 bytes, using 'compacted' format.
[    0.557352] Freeing SMP alternatives memory: 64K
[    0.557779] pid_max: default: 32768 minimum: 301
[    0.558519] Yama: becoming mindful.
[    0.559183] Mount-cache hash table entries: 4096 (order: 3, 32768 bytes, linear)
[    0.559789] Mountpoint-cache hash table entries: 4096 (order: 3, 32768 bytes, linear)
[    0.562052] Running RCU synchronous self tests
[    0.562433] Running RCU synchronous self tests
[    0.563086] smpboot: CPU0: Intel GENUINE INTEL(R) XEON(R) (family: 0x6, model: 0xad, stepping: 0x0)
[    0.564663] Performance Events: PEBS fmt0-, Granite Rapids events, 
[    0.564754] core: The event 0x400 is not supported as a normal event.
[    0.565849] core: The event 0x8000 is not supported as a normal event.
[    0.566394] core: The event 0x8100 is not supported as a normal event.
[    0.566751] core: The event 0x8200 is not supported as a normal event.
[    0.566759] core: The event 0x8300 is not supported as a normal event.
[    0.567314] core: The event 0x8400 is not supported as a normal event.
[    0.567857] core: The event 0x8500 is not supported as a normal event.
[    0.568412] core: The event 0x8600 is not supported as a normal event.
[    0.568986] core: The event 0x8700 is not supported as a normal event.
[    0.569555] full-width counters, Intel PMU driver.
[    0.570002] ... version:                   2
[    0.570363] ... bit width:                 48
[    0.570730] ... generic counters:          8
[    0.570755] ... generic bitmap:            00000000000000ff
[    0.571220] ... fixed-purpose counters:    3
[    0.571588] ... fixed-purpose bitmap:      0000000000000007
[    0.572057] ... value mask:                0000ffffffffffff
[    0.572525] ... max period:                00007fffffffffff
[    0.573003] ... global_ctrl mask:          00000007000000ff
[    0.573984] signal: max sigframe size: 11952
[    0.574502] rcu: Hierarchical SRCU implementation.
[    0.574759] rcu: 	Max phase no-delay instances is 1000.
[    0.575424] Timer migration: 1 hierarchy levels; 8 children per group; 1 crossnode level
[    0.599145] smp: Bringing up secondary CPUs ...
[    0.600151] smpboot: x86: Booting SMP configuration:
[    0.600596] .... node  #0, CPUs:      #1
[    0.600998] smp: Brought up 1 node, 2 CPUs
[    0.600998] smpboot: Total of 2 processors activated (10000.00 BogoMIPS)
[    0.603910] Memory: 1591816K/2096632K available (80926K kernel code, 15557K rwdata, 18816K rodata, 16412K init, 20860K bss, 493188K reserved, 0K cma-reserved)
[    0.606779] devtmpfs: initialized
[    0.607864] x86/mm: Memory block size: 128MB
[    0.617404] Running RCU synchronous self tests
[    0.617404] Running RCU synchronous self tests
[    0.619282] Running RCU Tasks wait API self tests
[    0.619312] Running RCU Tasks Rude wait API self tests
[    0.622778] Running RCU Tasks Trace wait API self tests
[    0.642811] clocksource: jiffies: mask: 0xffffffff max_cycles: 0xffffffff, max_idle_ns: 7645041785100000 ns
[    0.643733] posixtimers hash table entries: 1024 (order: 5, 73728 bytes, linear)
[    0.646805] futex hash table entries: 512 (65536 bytes on 1 NUMA nodes, total 64 KiB, linear).
[    0.650192] 
[    0.650368] *************************************************************
[    0.650763] **     NOTICE NOTICE NOTICE NOTICE NOTICE NOTICE NOTICE    **
[    0.651350] **                                                         **
[    0.651946] **  IOMMU DebugFS SUPPORT HAS BEEN ENABLED IN THIS KERNEL  **
[    0.652536] **                                                         **
[    0.653134] ** This means that this kernel is built to expose internal **
[    0.653707] ** IOMMU data structures, which may compromise security on **
[    0.654289] ** your system.                                            **
[    0.654756] **                                                         **
[    0.655349] ** If you see this message and you are not debugging the   **
[    0.655930] ** kernel, report this immediately to your vendor!         **
[    0.656503] **                                                         **
[    0.657088] **     NOTICE NOTICE NOTICE NOTICE NOTICE NOTICE NOTICE    **
[    0.657665] *************************************************************
[    0.658332] PM: RTC time: 13:13:24, date: 2026-03-12
[    0.661339] NET: Registered PF_NETLINK/PF_ROUTE protocol family
[    0.663433] DMA: preallocated 256 KiB GFP_KERNEL pool for atomic allocations
[    0.664088] DMA: preallocated 256 KiB GFP_KERNEL|GFP_DMA pool for atomic allocations
[    0.664766] DMA: preallocated 256 KiB GFP_KERNEL|GFP_DMA32 pool for atomic allocations
[    0.665556] audit: initializing netlink subsys (disabled)
[    0.666874] audit: type=2000 audit(1773321204.979:1): state=initialized audit_enabled=0 res=1
[    0.668885] thermal_sys: Registered thermal governor 'fair_share'
[    0.668900] thermal_sys: Registered thermal governor 'bang_bang'
[    0.668900] thermal_sys: Registered thermal governor 'step_wise'
[    0.668900] thermal_sys: Registered thermal governor 'user_space'
[    0.670783] cpuidle: using governor ladder
[    0.671810] cpuidle: using governor menu
[    0.671810] acpiphp: ACPI Hot Plug PCI Controller Driver version: 0.5
[    0.672497] PCI: Using configuration type 1 for base access
[    0.675148] kprobes: kprobe jump-optimization is enabled. All kprobes are optimized if possible.
[    0.675148] Callback from call_rcu_tasks_trace() invoked.
[    0.795897] HugeTLB: registered 1.00 GiB page size, pre-allocated 0 pages
[    0.795897] HugeTLB: 16380 KiB vmemmap can be freed for a 1.00 GiB page
[    0.795897] HugeTLB: registered 2.00 MiB page size, pre-allocated 0 pages
[    0.795897] HugeTLB: 28 KiB vmemmap can be freed for a 2.00 MiB page
[    0.804655] ACPI: Added _OSI(Module Device)
[    0.805086] ACPI: Added _OSI(Processor Device)
[    0.805478] ACPI: Added _OSI(Processor Aggregator Device)
[    0.823171] ACPI: 1 ACPI AML tables successfully acquired and loaded
[    0.830343] ACPI: Interpreter enabled
[    0.830864] ACPI: PM: (supports S0 S3 S4 S5)
[    0.831252] ACPI: Using IOAPIC for interrupt routing
[    0.831803] PCI: Using host bridge windows from ACPI; if necessary, use "pci=nocrs" and report a bug
[    0.832585] PCI: Using E820 reservations for host bridge windows
[    0.834429] ACPI: Enabled 2 GPEs in block 00 to 0F
[    0.876909] ACPI: PCI Root Bridge [PCI0] (domain 0000 [bus 00-ff])
[    0.877711] acpi PNP0A03:00: _OSC: OS supports [ASPM ClockPM Segments MSI EDR HPX-Type3]
[    0.878402] acpi PNP0A03:00: _OSC: not requesting OS control; OS requires [ExtendedConfig ASPM ClockPM MSI]
[    0.878988] acpi PNP0A03:00: fail to add MMCONFIG information, can't access extended configuration space under this bridge
[    0.885022] acpiphp: Slot [3] registered
[    0.885504] acpiphp: Slot [4] registered
[    0.885995] acpiphp: Slot [5] registered
[    0.886472] acpiphp: Slot [6] registered
[    0.886910] acpiphp: Slot [7] registered
[    0.887443] acpiphp: Slot [8] registered
[    0.887930] acpiphp: Slot [9] registered
[    0.888408] acpiphp: Slot [10] registered
[    0.888914] acpiphp: Slot [11] registered
[    0.889421] acpiphp: Slot [12] registered
[    0.889911] acpiphp: Slot [13] registered
[    0.890401] acpiphp: Slot [14] registered
[    0.890902] acpiphp: Slot [15] registered
[    0.891395] acpiphp: Slot [16] registered
[    0.891894] acpiphp: Slot [17] registered
[    0.892386] acpiphp: Slot [18] registered
[    0.892870] acpiphp: Slot [19] registered
[    0.893348] acpiphp: Slot [20] registered
[    0.893836] acpiphp: Slot [21] registered
[    0.894323] acpiphp: Slot [22] registered
[    0.894826] acpiphp: Slot [23] registered
[    0.895311] acpiphp: Slot [24] registered
[    0.895794] acpiphp: Slot [25] registered
[    0.896283] acpiphp: Slot [26] registered
[    0.896771] acpiphp: Slot [27] registered
[    0.897273] acpiphp: Slot [28] registered
[    0.897767] acpiphp: Slot [29] registered
[    0.898257] acpiphp: Slot [30] registered
[    0.898737] acpiphp: Slot [31] registered
[    0.898820] PCI host bridge to bus 0000:00
[    0.899232] pci_bus 0000:00: root bus resource [io  0x0000-0x0cf7 window]
[    0.899842] pci_bus 0000:00: root bus resource [io  0x0d00-0xffff window]
[    0.900415] pci_bus 0000:00: root bus resource [mem 0x000a0000-0x000bffff window]
[    0.901066] pci_bus 0000:00: root bus resource [mem 0x80000000-0xfebfffff window]
[    0.901706] pci_bus 0000:00: root bus resource [mem 0x100000000-0x17fffffff window]
[    0.902359] pci_bus 0000:00: root bus resource [bus 00-ff]
[    0.902858] pci 0000:00:00.0: [8086:1237] type 00 class 0x060000 conventional PCI endpoint
[    0.905116] pci 0000:00:01.0: [8086:7000] type 00 class 0x060100 conventional PCI endpoint
[    0.907163] pci 0000:00:01.1: [8086:7010] type 00 class 0x010180 conventional PCI endpoint
[    0.908437] pci 0000:00:01.1: BAR 4 [io  0xc040-0xc04f]
[    0.908931] pci 0000:00:01.1: BAR 0 [io  0x01f0-0x01f7]: legacy IDE quirk
[    0.909521] pci 0000:00:01.1: BAR 1 [io  0x03f6]: legacy IDE quirk
[    0.910047] pci 0000:00:01.1: BAR 2 [io  0x0170-0x0177]: legacy IDE quirk
[    0.910629] pci 0000:00:01.1: BAR 3 [io  0x0376]: legacy IDE quirk
[    0.911878] pci 0000:00:01.3: [8086:7113] type 00 class 0x068000 conventional PCI endpoint
[    0.912847] pci 0000:00:01.3: quirk: [io  0x0600-0x063f] claimed by PIIX4 ACPI
[    0.913481] pci 0000:00:01.3: quirk: [io  0x0700-0x070f] claimed by PIIX4 SMB
[    0.915191] pci 0000:00:02.0: [1234:1111] type 00 class 0x030000 conventional PCI endpoint
[    0.917130] pci 0000:00:02.0: BAR 0 [mem 0xfd000000-0xfdffffff pref]
[    0.917706] pci 0000:00:02.0: BAR 2 [mem 0xfebf0000-0xfebf0fff]
[    0.918263] pci 0000:00:02.0: ROM [mem 0xfebe0000-0xfebeffff pref]
[    0.918857] pci 0000:00:02.0: Video device with shadowed ROM at [mem 0x000c0000-0x000dffff]
[    0.920724] pci 0000:00:03.0: [8086:100e] type 00 class 0x020000 conventional PCI endpoint
[    0.922349] pci 0000:00:03.0: BAR 0 [mem 0xfebc0000-0xfebdffff]
[    0.922769] pci 0000:00:03.0: BAR 1 [io  0xc000-0xc03f]
[    0.923244] pci 0000:00:03.0: ROM [mem 0xfeb80000-0xfebbffff pref]
[    0.947670] ACPI: PCI: Interrupt link LNKA configured for IRQ 10
[    0.949187] ACPI: PCI: Interrupt link LNKB configured for IRQ 10
[    0.950651] ACPI: PCI: Interrupt link LNKC configured for IRQ 11
[    0.951696] ACPI: PCI: Interrupt link LNKD configured for IRQ 11
[    0.952618] ACPI: PCI: Interrupt link LNKS configured for IRQ 9
[    0.956739] iommu: Default domain type: Translated
[    0.957188] iommu: DMA domain TLB invalidation policy: lazy mode
[    0.961187] SCSI subsystem initialized
[    0.963267] ACPI: bus type USB registered
[    0.963900] usbcore: registered new interface driver usbfs
[    0.964494] usbcore: registered new interface driver hub
[    0.965020] usbcore: registered new device driver usb
[    0.965796] pps_core: LinuxPPS API ver. 1 registered
[    0.966237] pps_core: Software ver. 5.3.6 - Copyright 2005-2007 Rodolfo Giometti <giometti@linux.it>
[    0.966794] PTP clock support registered
[    0.971076] EDAC MC: Ver: 3.0.0
[    0.977069] NetLabel: Initializing
[    0.977417] NetLabel:  domain hash size = 128
[    0.977810] NetLabel:  protocols = UNLABELED CIPSOv4 CALIPSO
[    0.978420] NetLabel:  unlabeled traffic allowed by default
[    0.979294] PCI: Using ACPI for IRQ routing
[    0.980042] pci 0000:00:02.0: vgaarb: setting as boot VGA device
[    0.980593] pci 0000:00:02.0: vgaarb: bridge control possible
[    0.981085] pci 0000:00:02.0: vgaarb: VGA device added: decodes=io+mem,owns=io+mem,locks=none
[    0.981814] vgaarb: loaded
[    0.983268] hpet0: at MMIO 0xfed00000, IRQs 2, 8, 0
[    0.983751] hpet0: 3 comparators, 64-bit 100.000000 MHz counter
[    0.987050] clocksource: Switched to clocksource kvm-clock
[    0.988972] VFS: Disk quotas dquot_6.6.0
[    0.989387] VFS: Dquot-cache hash table entries: 512 (order 0, 4096 bytes)
[    0.991234] pnp: PnP ACPI init
[    0.995598] pnp: PnP ACPI: found 6 devices
[    1.015908] clocksource: acpi_pm: mask: 0xffffff max_cycles: 0xffffff, max_idle_ns: 2085701024 ns
[    1.017160] NET: Registered PF_INET protocol family
[    1.017826] IP idents hash table entries: 32768 (order: 6, 262144 bytes, linear)
[    1.020097] tcp_listen_portaddr_hash hash table entries: 1024 (order: 5, 73728 bytes, linear)
[    1.020881] Table-perturb hash table entries: 65536 (order: 6, 262144 bytes, linear)
[    1.021616] TCP established hash table entries: 16384 (order: 5, 131072 bytes, linear)
[    1.022593] TCP bind hash table entries: 16384 (order: 10, 2359296 bytes, linear)
[    1.024699] TCP: Hash tables configured (established 16384 bind 16384)
[    1.025416] UDP hash table entries: 1024 (order: 6, 262144 bytes, linear)
[    1.026085] UDP-Lite hash table entries: 1024 (order: 6, 262144 bytes, linear)
[    1.027107] NET: Registered PF_UNIX/PF_LOCAL protocol family
[    1.028458] RPC: Registered named UNIX socket transport module.
[    1.028998] RPC: Registered udp transport module.
[    1.029422] RPC: Registered tcp transport module.
[    1.029825] RPC: Registered tcp-with-tls transport module.
[    1.030300] RPC: Registered tcp NFSv4.1 backchannel transport module.
[    1.030872] pci_bus 0000:00: resource 4 [io  0x0000-0x0cf7 window]
[    1.031442] pci_bus 0000:00: resource 5 [io  0x0d00-0xffff window]
[    1.031971] pci_bus 0000:00: resource 6 [mem 0x000a0000-0x000bffff window]
[    1.032561] pci_bus 0000:00: resource 7 [mem 0x80000000-0xfebfffff window]
[    1.033149] pci_bus 0000:00: resource 8 [mem 0x100000000-0x17fffffff window]
[    1.034131] pci 0000:00:01.0: PIIX3: Enabling Passive Release
[    1.034634] pci 0000:00:00.0: Limiting direct PCI/PCI transfers
[    1.035253] PCI: CLS 0 bytes, default 64
[    1.035685] ACPI: bus type thunderbolt registered
[    1.036467] clocksource: tsc: mask: 0xffffffffffffffff max_cycles: 0x240939f1bb2, max_idle_ns: 440795263295 ns
[    3.547790] Initialise system trusted keyrings
[    3.548380] Key type blacklist registered
[    3.549485] workingset: timestamp_bits=36 max_order=19 bucket_order=0
[    3.552175] squashfs: version 4.0 (2009/01/31) Phillip Lougher
[    3.555216] NFS: Registering the id_resolver key type
[    3.555723] Key type id_resolver registered
[    3.556098] Key type id_legacy registered
[    3.556510] nfs4filelayout_init: NFSv4 File Layout Driver Registering...
[    3.557121] nfs4flexfilelayout_init: NFSv4 Flexfile Layout Driver Registering...
[    3.558092] fuse: init (API version 7.45)
[    3.559081] SGI XFS with ACLs, security attributes, realtime, quota, no debug enabled
[    3.561418] 9p: Installing v9fs 9p2000 file system support
[    3.576368] Key type asymmetric registered
[    3.576721] Asymmetric key parser 'x509' registered
[    3.577254] Block layer SCSI generic (bsg) driver version 0.4 loaded (major 241)
[    3.578508] io scheduler mq-deadline registered
[    3.579165] io scheduler bfq registered
[    3.580732] ledtrig-cpu: registered to indicate activity on CPUs
[    3.582829] IPMI message handler: version 39.2
[    3.583360] ipmi device interface
[    3.585938] input: Power Button as /devices/LNXSYSTM:00/LNXPWRBN:00/input/input0
[    3.587171] ACPI: button: Power Button [PWRF]
[    3.589875] ERST DBG: ERST support is disabled.
[    3.591779] Serial: 8250/16550 driver, 32 ports, IRQ sharing enabled
[    3.593575] 00:04: ttyS0 at I/O 0x3f8 (irq = 4, base_baud = 115200) is a 16550A
[    3.622799] Linux agpgart interface v0.103
[    3.626511] ACPI: bus type drm_connector registered
[    3.639303] Callback from call_rcu_tasks() invoked.
[    3.651827] brd: module loaded
[    3.673993] loop: module loaded
[    3.689509] scsi host0: ata_piix
[    3.692201] scsi host1: ata_piix
[    3.693055] ata1: PATA max MWDMA2 cmd 0x1f0 ctl 0x3f6 bmdma 0xc040 irq 14 lpm-pol 0
[    3.693688] ata2: PATA max MWDMA2 cmd 0x170 ctl 0x376 bmdma 0xc048 irq 15 lpm-pol 0
[    3.697184] tun: Universal TUN/TAP device driver, 1.6
[    3.698486] e100: Intel(R) PRO/100 Network Driver
[    3.698954] e100: Copyright(c) 1999-2006 Intel Corporation
[    3.699625] e1000: Intel(R) PRO/1000 Network Driver
[    3.700054] e1000: Copyright (c) 1999-2006 Intel Corporation.
[    3.851124] ata2: found unknown device (class 0)
[    3.851853] ata1: found unknown device (class 0)
[    3.852847] ata1.00: ATA-7: QEMU HARDDISK, 2.5+, max UDMA/100
[    3.853384] ata1.00: 17196647 sectors, multi 16: LBA48 
[    3.855153] scsi 0:0:0:0: Direct-Access     ATA      QEMU HARDDISK    2.5+ PQ: 0 ANSI: 5
[    3.855793] ata2.00: ATAPI: QEMU DVD-ROM, 2.5+, max UDMA/100
[    3.858170] sd 0:0:0:0: Attached scsi generic sg0 type 0
[    3.859641] scsi 1:0:0:0: CD-ROM            QEMU     QEMU DVD-ROM     2.5+ PQ: 0 ANSI: 5
[    3.861758] sd 0:0:0:0: [sda] 17196647 512-byte logical blocks: (8.80 GB/8.20 GiB)
[    3.862781] sd 0:0:0:0: [sda] Write Protect is off
[    3.863364] sd 0:0:0:0: [sda] Write cache: enabled, read cache: enabled, doesn't support DPO or FUA
[    3.864239] sd 0:0:0:0: [sda] Preferred minimum I/O size 512 bytes
[    3.885030] scsi 1:0:0:0: Attached scsi generic sg1 type 5
[    3.896121] sd 0:0:0:0: [sda] Attached SCSI disk
[    4.478867] ACPI: \_SB_.LNKC: Enabled at IRQ 11
[    4.791543] e1000 0000:00:03.0 eth0: (PCI:33MHz:32-bit) 52:54:00:12:34:56
[    4.792176] e1000 0000:00:03.0 eth0: Intel(R) PRO/1000 Network Connection
[    4.792947] e1000e: Intel(R) PRO/1000 Network Driver
[    4.793372] e1000e: Copyright(c) 1999 - 2015 Intel Corporation.
[    4.794020] igb: Intel(R) Gigabit Ethernet Network Driver
[    4.794477] igb: Copyright (c) 2007-2014 Intel Corporation.
[    4.795341] PPP generic driver version 2.4.2
[    4.797478] VFIO - User Level meta-driver version: 0.3
[    4.799710] usbcore: registered new interface driver uas
[    4.800384] usbcore: registered new interface driver usb-storage
[    4.801185] i8042: PNP: PS/2 Controller [PNP0303:KBD,PNP0f13:MOU] at 0x60,0x64 irq 1,12
[    4.802820] serio: i8042 KBD port at 0x60,0x64 irq 1
[    4.803391] serio: i8042 AUX port at 0x60,0x64 irq 12
[    4.805969] mousedev: PS/2 mouse device common for all mice
[    4.808914] input: AT Translated Set 2 keyboard as /devices/platform/i8042/serio0/input/input1
[    4.810564] rtc_cmos 00:05: RTC can wake from S4
[    4.813372] input: VirtualPS/2 VMware VMMouse as /devices/platform/i8042/serio1/input/input4
[    4.815594] rtc_cmos 00:05: registered as rtc0
[    4.816105] rtc_cmos 00:05: setting system clock to 2026-03-12T13:13:28 UTC (1773321208)
[    4.817135] rtc_cmos 00:05: alarms up to one day, y3k, 242 bytes nvram, hpet irqs
[    4.817852] i2c_dev: i2c /dev entries driver
[    4.818341] device-mapper: core: CONFIG_IMA_DISABLE_HTABLE is disabled. Duplicate IMA measurements will not be recorded in the IMA log.
[    4.819679] device-mapper: uevent: version 1.0.3
[    4.820562] input: VirtualPS/2 VMware VMMouse as /devices/platform/i8042/serio1/input/input3
[    4.822653] device-mapper: ioctl: 4.50.0-ioctl (2025-04-28) initialised: dm-devel@lists.linux.dev
[    4.823500] intel_pstate: CPU model not supported
[    4.824201] sdhci: Secure Digital Host Controller Interface driver
[    4.824731] sdhci: Copyright(c) Pierre Ossman
[    4.825333] sdhci-pltfm: SDHCI platform and OF driver helper
[    4.826451] drop_monitor: Initializing network drop monitor service
[    4.827429] NET: Registered PF_INET6 protocol family
[    4.830180] Segment Routing with IPv6
[    4.830623] In-situ OAM (IOAM) with IPv6
[    4.831076] NET: Registered PF_PACKET protocol family
[    4.832373] 9pnet: Installing 9P2000 support
[    4.832980] Key type dns_resolver registered
[    4.835643] IPI shorthand broadcast: enabled
[    4.894065] sched_clock: Marking stable (4872004659, 18968116)->(4897430361, -6457586)
[    4.896511] registered taskstats version 1
[    4.897835] Loading compiled-in X.509 certificates
[    4.977993] Demotion targets for Node 0: null
[    4.980325] Key type .fscrypt registered
[    4.980722] Key type fscrypt-provisioning registered
[    4.992206] Key type encrypted registered
[    4.992626] ima: No TPM chip found, activating TPM-bypass!
[    4.993101] ima: Allocated hash algorithm: sha1
[    4.993570] ima: No architecture policies found
[    4.994146] evm: Initialising EVM extended attributes:
[    4.994593] evm: security.selinux
[    4.994888] evm: security.SMACK64
[    4.995255] evm: security.SMACK64EXEC
[    4.995578] evm: security.SMACK64TRANSMUTE
[    4.995939] evm: security.SMACK64MMAP
[    4.996255] evm: security.apparmor
[    4.996546] evm: security.ima
[    4.996804] evm: security.capability
[    4.997116] evm: HMAC attrs: 0x1
[    5.000476] PM:   Magic number: 2:429:230
[    5.002318] RAS: Correctable Errors collector initialized.
[    5.003186] clk: Disabling unused clocks
[    5.003670] PM: genpd: Disabling unused power domains
[    5.005172] check access for rdinit=/init failed: -2, ignoring
[    5.005555] md: Waiting for all devices to be available before autodetect
[    5.005979] md: If you don't use raid, use raid=noautodetect
[    5.006317] md: Autodetecting RAID arrays.
[    5.006595] md: autorun ...
[    5.006772] md: ... autorun DONE.
[    5.020500] EXT4-fs (sda): INFO: recovery required on readonly filesystem
[    5.020976] EXT4-fs (sda): write access will be enabled during recovery
[    5.511503] EXT4-fs (sda): orphan cleanup on readonly fs
[    5.512390] EXT4-fs (sda): 1 orphan inode deleted
[    5.512663] EXT4-fs (sda): recovery complete
[    5.526190] EXT4-fs (sda): mounted filesystem 088740a9-c8b4-422c-999d-a804eb68a4da ro with ordered data mode. Quota mode: none.
[    5.527116] VFS: Mounted root (ext4 filesystem) readonly on device 8:0.
[    5.531329] devtmpfs: mounted
[    5.551919] Freeing unused decrypted memory: 2036K
[    5.559251] Freeing unused kernel image (initmem) memory: 16412K
[    5.559743] Write protecting the kernel read-only data: 102400k
[    5.563018] Freeing unused kernel image (text/rodata gap) memory: 992K
[    5.565009] Freeing unused kernel image (rodata/data gap) memory: 1664K
[    6.526956] x86/mm: Checked W+X mappings: passed, no W+X pages found.
[    6.527583] Run /sbin/init as init process
[    6.749270] systemd[1]: systemd 252-15.el9 running in system mode (+PAM +AUDIT +SELINUX -APPARMOR +IMA +SMACK +SECCOMP +GCRYPT +GNUTLS +OPENSSL +ACL +BLKID +CURL +ELFUTILS -FIDO2 +IDN2 -IDN -IPTC +KMOD +LIBCRYPTSETUP +LIBFDISK +PCRE2 -PWQUALITY +P11KIT -QRENCODE +TPM2 +BZIP2 +LZ4 +XZ +ZLIB +ZSTD -BPF_FRAMEWORK +XKBCOMMON +UTMP +SYSVINIT default-hierarchy=unified)
[    6.751146] systemd[1]: Detected virtualization kvm.
[    6.751456] systemd[1]: Detected architecture x86-64.

Welcome to [0;31mCentOS Stream 9[0m!

[    6.758955] systemd[1]: Hostname set to <test>.
[    7.005018] systemd-rc-local-generator[120]: /etc/rc.d/rc.local is not marked executable, skipping.
[    7.445523] systemd[1]: Queued start job for default target Multi-User System.
[    7.462055] systemd[1]: Created slice Virtual Machine and Container Slice.
[[0;32m  OK  [0m] Created slice [0;1;39mVirtual Machine and Container Slice[0m.
[    7.467277] systemd[1]: Created slice Slice /system/getty.
[[0;32m  OK  [0m] Created slice [0;1;39mSlice /system/getty[0m.
[    7.470156] systemd[1]: Created slice Slice /system/modprobe.
[[0;32m  OK  [0m] Created slice [0;1;39mSlice /system/modprobe[0m.
[    7.473252] systemd[1]: Created slice Slice /system/serial-getty.
[[0;32m  OK  [0m] Created slice [0;1;39mSlice /system/serial-getty[0m.
[    7.476186] systemd[1]: Created slice Slice /system/sshd-keygen.
[[0;32m  OK  [0m] Created slice [0;1;39mSlice /system/sshd-keygen[0m.
[    7.478874] systemd[1]: Created slice User and Session Slice.
[[0;32m  OK  [0m] Created slice [0;1;39mUser and Session Slice[0m.
[    7.480408] systemd[1]: Started Forward Password Requests to Wall Directory Watch.
[[0;32m  OK  [0m] Started [0;1;39mForward Password R…uests to Wall Directory Watch[0m.
[    7.482558] systemd[1]: Set up automount Arbitrary Executable File Formats File System Automount Point.
[[0;32m  OK  [0m] Set up automount [0;1;39mArbitrary…s File System Automount Point[0m.
[    7.484142] systemd[1]: Reached target Local Integrity Protected Volumes.
[[0;32m  OK  [0m] Reached target [0;1;39mLocal Integrity Protected Volumes[0m.
[    7.485252] systemd[1]: Reached target Slice Units.
[[0;32m  OK  [0m] Reached target [0;1;39mSlice Units[0m.
[    7.486091] systemd[1]: Reached target Swaps.
[[0;32m  OK  [0m] Reached target [0;1;39mSwaps[0m.
[    7.486867] systemd[1]: Reached target Local Verity Protected Volumes.
[[0;32m  OK  [0m] Reached target [0;1;39mLocal Verity Protected Volumes[0m.
[    7.488271] systemd[1]: Listening on Device-mapper event daemon FIFOs.
[[0;32m  OK  [0m] Listening on [0;1;39mDevice-mapper event daemon FIFOs[0m.
[    7.489919] systemd[1]: Listening on LVM2 poll daemon socket.
[[0;32m  OK  [0m] Listening on [0;1;39mLVM2 poll daemon socket[0m.
[    7.491083] systemd[1]: multipathd control socket was skipped because of an unmet condition check (ConditionPathExists=/etc/multipath.conf).
[    7.534962] systemd[1]: Listening on RPCbind Server Activation Socket.
[[0;32m  OK  [0m] Listening on [0;1;39mRPCbind Server Activation Socket[0m.
[    7.536796] systemd[1]: Reached target RPC Port Mapper.
[[0;32m  OK  [0m] Reached target [0;1;39mRPC Port Mapper[0m.
[    7.540485] systemd[1]: Listening on Process Core Dump Socket.
[[0;32m  OK  [0m] Listening on [0;1;39mProcess Core Dump Socket[0m.
[    7.542386] systemd[1]: Listening on initctl Compatibility Named Pipe.
[[0;32m  OK  [0m] Listening on [0;1;39minitctl Compatibility Named Pipe[0m.
[    7.544685] systemd[1]: Listening on Journal Socket (/dev/log).
[[0;32m  OK  [0m] Listening on [0;1;39mJournal Socket (/dev/log)[0m.
[    7.547084] systemd[1]: Listening on Journal Socket.
[[0;32m  OK  [0m] Listening on [0;1;39mJournal Socket[0m.
[    7.549249] systemd[1]: Listening on udev Control Socket.
[[0;32m  OK  [0m] Listening on [0;1;39mudev Control Socket[0m.
[    7.551078] systemd[1]: Listening on udev Kernel Socket.
[[0;32m  OK  [0m] Listening on [0;1;39mudev Kernel Socket[0m.
[    7.557915] systemd[1]: Mounting Huge Pages File System...
         Mounting [0;1;39mHuge Pages File System[0m...
[    7.565981] systemd[1]: Mounting POSIX Message Queue File System...
         Mounting [0;1;39mPOSIX Message Queue File System[0m...
[    7.578277] systemd[1]: Mounting Kernel Debug File System...
         Mounting [0;1;39mKernel Debug File System[0m...
[    7.587144] systemd[1]: Mounting Kernel Trace File System...
         Mounting [0;1;39mKernel Trace File System[0m...
[    7.588329] systemd[1]: Kernel Module supporting RPCSEC_GSS was skipped because of an unmet condition check (ConditionPathExists=/etc/krb5.keytab).
[    7.589243] systemd[1]: Create List of Static Device Nodes was skipped because of an unmet condition check (ConditionFileNotEmpty=/lib/modules/6.19.0-rc1-58ecde96e8b8+/modules.devname).
[    7.595327] systemd[1]: Starting Monitoring of LVM2 mirrors, snapshots etc. using dmeventd or progress polling...
         Starting [0;1;39mMonitoring of LVM…meventd or progress polling[0m...
[    7.602903] systemd[1]: Starting Load Kernel Module configfs...
         Starting [0;1;39mLoad Kernel Module configfs[0m...
[    7.613478] systemd[1]: Starting Load Kernel Module drm...
         Starting [0;1;39mLoad Kernel Module drm[0m...
[    7.625033] systemd[1]: Starting Load Kernel Module fuse...
         Starting [0;1;39mLoad Kernel Module fuse[0m...
[    7.636962] systemd[1]: Starting Read and set NIS domainname from /etc/sysconfig/network...
         Starting [0;1;39mRead and set NIS …from /etc/sysconfig/network[0m...
[    7.679317] systemd[1]: Starting Journal Service...
         Starting [0;1;39mJournal Service[0m...
[    7.691975] systemd[1]: Starting Load Kernel Modules...
         Starting [0;1;39mLoad Kernel Modules[0m...
[    7.707730] systemd[1]: Starting Generate network units from Kernel command line...
         Starting [0;1;39mGenerate network …ts from Kernel command line[0m...
[    7.724657] systemd[1]: Starting Remount Root and Kernel File Systems...
         Starting [0;1;39mRemount Root and Kernel File Systems[0m...
[    7.728102] systemd[1]: Repartition Root Disk was skipped because no trigger condition checks were met.
[    7.751250] systemd[1]: Starting Coldplug All udev Devices...
         Starting [0;1;39mColdplug All udev Devices[0m...
[    7.774696] systemd[1]: Mounted Huge Pages File System.
[[0;32m  OK  [0m] Mounted [0;1;39mHuge Pages File System[0m.
[    7.780208] systemd[1]: Mounted POSIX Message Queue File System.
[[0;32m  OK  [0m] Mounted [0;1;39mPOSIX Message Queue File System[0m.
[    7.781692] systemd[1]: Mounted Kernel Debug File System.
[[0;32m  OK  [0m] Mounted [0;1;39mKernel Debug File System[0m.
[    7.788815] systemd[1]: Mounted Kernel Trace File System.
[[0;32m  OK  [0m] Mounted [0;1;39mKernel Trace File System[0m.
[    7.795498] systemd[1]: Finished Monitoring of LVM2 mirrors, snapshots etc. using dmeventd or progress polling.
[[0;32m  OK  [0m] Finished [0;1;39mMonitoring of LVM… dmeventd or progress polling[0m.
[    7.803462] systemd[1]: modprobe@configfs.service: Deactivated successfully.
[    7.807139] systemd[1]: Finished Load Kernel Module configfs.
[[0;32m  OK  [0m] Finished [0;1;39mLoad Kernel Module configfs[0m.
[    7.809634] systemd[1]: modprobe@drm.service: Deactivated successfully.
[    7.815615] systemd[1]: Finished Load Kernel Module drm.
[[0;32m  OK  [0m] Finished [0;1;39mLoad Kernel Module drm[0m.
[    7.818583] systemd[1]: modprobe@fuse.service: Deactivated successfully.
[    7.819144] EXT4-fs (sda): re-mounted 088740a9-c8b4-422c-999d-a804eb68a4da r/w.
[    7.825084] systemd[1]: Finished Load Kernel Module fuse.
[[0;32m  OK  [0m] Finished [0;1;39mLoad Kernel Module fuse[0m.
[    7.834742] systemd[1]: Finished Read and set NIS domainname from /etc/sysconfig/network.
[[0;32m  OK  [0m] Finished [0;1;39mRead and set NIS …e from /etc/sysconfig/network[0m.
[    7.836761] systemd[1]: systemd-modules-load.service: Main process exited, code=exited, status=1/FAILURE
[    7.838079] systemd[1]: systemd-modules-load.service: Failed with result 'exit-code'.
[    7.845531] systemd[1]: Failed to start Load Kernel Modules.
[[0;1;31mFAILED[0m] Failed to start [0;1;39mLoad Kernel Modules[0m.
See 'systemctl status systemd-modules-load.service' for details.
[    7.848777] systemd[1]: Finished Generate network units from Kernel command line.
[[0;32m  OK  [0m] Finished [0;1;39mGenerate network units from Kernel command line[0m.
[    7.855468] systemd[1]: Started Journal Service.
[[0;32m  OK  [0m] Started [0;1;39mJournal Service[0m.
[[0;32m  OK  [0m] Finished [0;1;39mRemount Root and Kernel File Systems[0m.
[[0;32m  OK  [0m] Reached target [0;1;39mPreparation for Network[0m.
         Mounting [0;1;39mFUSE Control File System[0m...
         Mounting [0;1;39mKernel Configuration File System[0m...
         Starting [0;1;39mFlush Journal to Persistent Storage[0m...
         Starting [0;1;39mLoad/Save Random Seed[0m...
         Starting [0;1;39mApply Kernel Variables[0m...
[    7.972533] systemd-journald[144]: Received client request to flush runtime journal.
         Starting [0;1;39mCreate Static Device Nodes in /dev[0m...
         Starting [0;1;39mSetup Virtual Console[0m...
[[0;32m  OK  [0m] Mounted [0;1;39mFUSE Control File System[0m.
[[0;32m  OK  [0m] Mounted [0;1;39mKernel Configuration File System[0m.
[[0;32m  OK  [0m] Finished [0;1;39mFlush Journal to Persistent Storage[0m.
[[0;32m  OK  [0m] Finished [0;1;39mLoad/Save Random Seed[0m.
[[0;32m  OK  [0m] Finished [0;1;39mApply Kernel Variables[0m.
[[0;32m  OK  [0m] Finished [0;1;39mCreate Static Device Nodes in /dev[0m.
         Starting [0;1;39mRule-based Manage…for Device Events and Files[0m...
[[0;32m  OK  [0m] Started [0;1;39mRule-based Manager for Device Events and Files[0m.
[[0;32m  OK  [0m] Finished [0;1;39mColdplug All udev Devices[0m.
         Starting [0;1;39mAuto-connect to s…E devices found during boot[0m...
         Starting [0;1;39mWait for udev To …plete Device Initialization[0m...
[[0;32m  OK  [0m] Finished [0;1;39mSetup Virtual Console[0m.
[[0;32m  OK  [0m] Finished [0;1;39mAuto-connect to s…VME devices found during boot[0m.
         Starting [0;1;39mShow Plymouth Boot Screen[0m...
[2J[3J[-1;-1f[[0;32m  OK  [0m] Started [0;1;39mShow Plymouth Boot Screen[0m.
[[0;32m  OK  [0m] Started [0;1;39mForward Password R…s to Plymouth Directory Watch[0m.
[[0;32m  OK  [0m] Reached target [0;1;39mLocal Encrypted Volumes[0m.
[[0;32m  OK  [0m] Reached target [0;1;39mPath Units[0m.
[[0;32m  OK  [0m] Found device [0;1;39m/dev/ttyS0[0m.
[[0;32m  OK  [0m] Listening on [0;1;39mLoad/Save RF …itch Status /dev/rfkill Watch[0m.
[[0;32m  OK  [0m] Finished [0;1;39mWait for udev To Complete Device Initialization[0m.
[[0;32m  OK  [0m] Reached target [0;1;39mPreparation for Local File Systems[0m.
[[0;32m  OK  [0m] Reached target [0;1;39mLocal File Systems[0m.
         Starting [0;1;39mTell Plymouth To Write Out Runtime Data[0m...
         Starting [0;1;39mAutomatic Boot Loader Update[0m...
         Starting [0;1;39mCreate Volatile Files and Directories[0m...
[[0;32m  OK  [0m] Finished [0;1;39mTell Plymouth To Write Out Runtime Data[0m.
[[0;32m  OK  [0m] Finished [0;1;39mAutomatic Boot Loader Update[0m.
[[0;32m  OK  [0m] Finished [0;1;39mCreate Volatile Files and Directories[0m.
         Mounting [0;1;39mRPC Pipe File System[0m...
         Starting [0;1;39mSecurity Auditing Service[0m...
         Starting [0;1;39mRPC Bind[0m...
[[0;32m  OK  [0m] Mounted [0;1;39mRPC Pipe File System[0m.
[[0;32m  OK  [0m] Reached target [0;1;39mrpc_pipefs.target[0m.
[[0;32m  OK  [0m] Started [0;1;39mRPC Bind[0m.
[[0;32m  OK  [0m] Started [0;1;39mSecurity Auditing Service[0m.
         Starting [0;1;39mRecord System Boot/Shutdown in UTMP[0m...
[[0;32m  OK  [0m] Finished [0;1;39mRecord System Boot/Shutdown in UTMP[0m.
[[0;32m  OK  [0m] Reached target [0;1;39mSystem Initialization[0m.
[[0;32m  OK  [0m] Started [0;1;39mDaily rotation of log files[0m.
[[0;32m  OK  [0m] Started [0;1;39mUpdates mlocate database every day[0m.
[[0;32m  OK  [0m] Started [0;1;39mDaily Cleanup of Temporary Directories[0m.
[[0;32m  OK  [0m] Started [0;1;39mdaily update of the root trust anchor for DNSSEC[0m.
[[0;32m  OK  [0m] Reached target [0;1;39mTimer Units[0m.
[[0;32m  OK  [0m] Listening on [0;1;39mD-Bus System Message Bus Socket[0m.
[[0;32m  OK  [0m] Listening on [0;1;39mOpen-iSCSI iscsid Socket[0m.
[[0;32m  OK  [0m] Listening on [0;1;39mOpen-iSCSI iscsiuio Socket[0m.
[[0;32m  OK  [0m] Listening on [0;1;39mSSSD Kerberos…ache Manager responder socket[0m.
[[0;32m  OK  [0m] Listening on [0;1;39mLibvirt interface local socket[0m.
[[0;32m  OK  [0m] Listening on [0;1;39mVirtual machine lock manager socket[0m.
[[0;32m  OK  [0m] Listening on [0;1;39mVirtual machine log manager socket[0m.
[[0;32m  OK  [0m] Listening on [0;1;39mLibvirt network local socket[0m.
[[0;32m  OK  [0m] Listening on [0;1;39mLibvirt nodedev local socket[0m.
[[0;32m  OK  [0m] Listening on [0;1;39mLibvirt nwfilter local socket[0m.
[[0;32m  OK  [0m] Listening on [0;1;39mLibvirt proxy local socket[0m.
[[0;32m  OK  [0m] Listening on [0;1;39mLibvirt qemu local socket[0m.
[[0;32m  OK  [0m] Listening on [0;1;39mLibvirt qemu admin socket[0m.
[[0;32m  OK  [0m] Listening on [0;1;39mLibvirt qemu local read-only socket[0m.
[[0;32m  OK  [0m] Listening on [0;1;39mLibvirt secret local socket[0m.
[[0;32m  OK  [0m] Listening on [0;1;39mLibvirt storage local socket[0m.
[[0;32m  OK  [0m] Reached target [0;1;39mSocket Units[0m.
         Starting [0;1;39mD-Bus System Message Bus[0m...
[[0;32m  OK  [0m] Started [0;1;39mD-Bus System Message Bus[0m.
[[0;32m  OK  [0m] Reached target [0;1;39mBasic System[0m.
         Starting [0;1;39mNetwork Manager[0m...
         Starting [0;1;39mNTP client/server[0m...
         Starting [0;1;39mRestore /run/initramfs on shutdown[0m...
[[0;32m  OK  [0m] Started [0;1;39mirqbalance daemon[0m.
[[0;32m  OK  [0m] Started [0;1;39mlibstoragemgmt plug-in server daemon[0m.
[[0;32m  OK  [0m] Started [0;1;39mMachine Check Exception Logging Daemon[0m.
[[0;32m  OK  [0m] Reached target [0;1;39msshd-keygen.target[0m.
[[0;32m  OK  [0m] Reached target [0;1;39mUser and Group Name Lookups[0m.
         Starting [0;1;39mUser Login Management[0m...
         Starting [0;1;39mVirtual Machine a…tainer Registration Service[0m...
[[0;32m  OK  [0m] Finished [0;1;39mRestore /run/initramfs on shutdown[0m.
         Starting [0;1;39mHostname Service[0m...
[[0;32m  OK  [0m] Started [0;1;39mVirtual Machine an…ontainer Registration Service[0m.
[[0;32m  OK  [0m] Started [0;1;39mNTP client/server[0m.
[[0;32m  OK  [0m] Started [0;1;39mUser Login Management[0m.
[[0;32m  OK  [0m] Started [0;1;39mHostname Service[0m.
         Starting [0;1;39mNetwork Manager Script Dispatcher Service[0m...
[[0;32m  OK  [0m] Started [0;1;39mNetwork Manager Script Dispatcher Service[0m.
[   11.427471] e1000: eth0 NIC Link is Up 1000 Mbps Full Duplex, Flow Control: RX
[[0;32m  OK  [0m] Started [0;1;39mNetwork Manager[0m.
[[0;32m  OK  [0m] Reached target [0;1;39mNetwork[0m.
[[0;32m  OK  [0m] Reached target [0;1;39mNetwork is Online[0m.
         Starting [0;1;39mGSSAPI Proxy Daemon[0m...
         Starting [0;1;39mNotify NFS peers of a restart[0m...
         Starting [0;1;39mSystem Logging Service[0m...
         Starting [0;1;39mOpenSSH server daemon[0m...
         Starting [0;1;39mDynamic System Tuning Daemon[0m...
[[0;32m  OK  [0m] Started [0;1;39mNotify NFS peers of a restart[0m.
[[0;32m  OK  [0m] Started [0;1;39mGSSAPI Proxy Daemon[0m.
[[0;32m  OK  [0m] Reached target [0;1;39mNFS client services[0m.
[[0;32m  OK  [0m] Reached target [0;1;39mPreparation for Remote File Systems[0m.
[[0;32m  OK  [0m] Reached target [0;1;39mRemote File Systems[0m.
         Starting [0;1;39mPermit User Sessions[0m...
         Starting [0;1;39mVirtualization qemu daemon[0m...
[[0;32m  OK  [0m] Started [0;1;39mOpenSSH server daemon[0m.
[[0;32m  OK  [0m] Finished [0;1;39mPermit User Sessions[0m.
[[0;32m  OK  [0m] Started [0;1;39mDeferred execution scheduler[0m.
[[0;32m  OK  [0m] Started [0;1;39mCommand Scheduler[0m.
         Starting [0;1;39mHold until boot process finishes up[0m...
         Starting [0;1;39mTerminate Plymouth Boot Screen[0m...
[[0;32m  OK  [0m] Started [0;1;39mSystem Logging Service[0m.

CentOS Stream 9
Kernel 6.19.0-rc1-58ecde96e8b8+ on an x86_64

Activate the web console with: systemctl enable --now cockpit.socket

test login: 