c[?7l[2J[0mSeaBIOS (version rel-1.16.3-0-ga6ed6b701f0a-prebuilt.qemu.org)


iPXE (http://ipxe.org) 00:03.0 CA00 PCI2.10 PnP PMM+7EFD0D60+7EF30D60 CA00
Press Ctrl-B to configure iPXE (PCI 00:03.0)...                                                                               


Booting from ROM..c[?7l[2J[    0.000000] Linux version 6.19.0-rc6-5dbeeb268b63+ (root@gnr-800442) (gcc (GCC) 11.5.0 20240719 (Red Hat 11.5.0-14), GNU ld version 2.35.2-66.el9) #1 SMP PREEMPT_DYNAMIC Tue Mar 10 12:33:05 CST 2026
[    0.000000] Command line: console=ttyS0 root=/dev/sda earlyprintk=serial net.ifnames=0 thunderbolt.dyndbg
[    0.000000] KERNEL supported cpus:
[    0.000000]   Intel GenuineIntel
[    0.000000]   AMD AuthenticAMD
[    0.000000]   Hygon HygonGenuine
[    0.000000]   Centaur CentaurHauls
[    0.000000]   zhaoxin   Shanghai  
[    0.000000] x86/CPU: Model not found in latest microcode list
[    0.000000] x86/split lock detection: #DB: warning on user-space bus_locks
[    0.000000] BIOS-provided physical RAM map:
[    0.000000] BIOS-e820: [mem 0x0000000000000000-0x000000000009fbff] usable
[    0.000000] BIOS-e820: [mem 0x000000000009fc00-0x000000000009ffff] reserved
[    0.000000] BIOS-e820: [mem 0x00000000000f0000-0x00000000000fffff] reserved
[    0.000000] BIOS-e820: [mem 0x0000000000100000-0x000000007ffdffff] usable
[    0.000000] BIOS-e820: [mem 0x000000007ffe0000-0x000000007fffffff] reserved
[    0.000000] BIOS-e820: [mem 0x00000000feffc000-0x00000000feffffff] reserved
[    0.000000] BIOS-e820: [mem 0x00000000fffc0000-0x00000000ffffffff] reserved
[    0.000000] printk: legacy bootconsole [earlyser0] enabled
[    0.000000] NX (Execute Disable) protection: active
[    0.000000] APIC: Static calls initialized
[    0.000000] SMBIOS 3.0.0 present.
[    0.000000] DMI: QEMU Standard PC (i440FX + PIIX, 1996), BIOS rel-1.16.3-0-ga6ed6b701f0a-prebuilt.qemu.org 04/01/2014
[    0.000000] DMI: Memory slots populated: 1/1
[    0.000000] Hypervisor detected: KVM
[    0.000000] last_pfn = 0x7ffe0 max_arch_pfn = 0x10000000000
[    0.000000] kvm-clock: Using msrs 4b564d01 and 4b564d00
[    0.000003] kvm-clock: using sched offset of 739716633 cycles
[    0.000497] clocksource: kvm-clock: mask: 0xffffffffffffffff max_cycles: 0x1cd42e4dffb, max_idle_ns: 881590591483 ns
[    0.002012] tsc: Detected 2500.000 MHz processor
[    0.011121] last_pfn = 0x7ffe0 max_arch_pfn = 0x10000000000
[    0.011646] MTRR map: 4 entries (3 fixed + 1 variable; max 19), built from 8 variable MTRRs
[    0.012432] x86/PAT: Configuration [0-7]: WB  WC  UC- UC  WB  WP  UC- WT  
[    0.018333] found SMP MP-table at [mem 0x000f5480-0x000f548f]
[    0.018889] Using GB pages for direct mapping
[    0.021655] ACPI: Early table checksum verification disabled
[    0.022192] ACPI: RSDP 0x00000000000F52A0 000014 (v00 BOCHS )
[    0.022732] ACPI: RSDT 0x000000007FFE1C9B 000034 (v01 BOCHS  BXPC     00000001 BXPC 00000001)
[    0.023555] ACPI: FACP 0x000000007FFE1B47 000074 (v01 BOCHS  BXPC     00000001 BXPC 00000001)
[    0.024347] ACPI: DSDT 0x000000007FFE0040 001B07 (v01 BOCHS  BXPC     00000001 BXPC 00000001)
[    0.025133] ACPI: FACS 0x000000007FFE0000 000040
[    0.025570] ACPI: APIC 0x000000007FFE1BBB 000080 (v03 BOCHS  BXPC     00000001 BXPC 00000001)
[    0.026369] ACPI: HPET 0x000000007FFE1C3B 000038 (v01 BOCHS  BXPC     00000001 BXPC 00000001)
[    0.027165] ACPI: WAET 0x000000007FFE1C73 000028 (v01 BOCHS  BXPC     00000001 BXPC 00000001)
[    0.027956] ACPI: Reserving FACP table memory at [mem 0x7ffe1b47-0x7ffe1bba]
[    0.028594] ACPI: Reserving DSDT table memory at [mem 0x7ffe0040-0x7ffe1b46]
[    0.029241] ACPI: Reserving FACS table memory at [mem 0x7ffe0000-0x7ffe003f]
[    0.029894] ACPI: Reserving APIC table memory at [mem 0x7ffe1bbb-0x7ffe1c3a]
[    0.030529] ACPI: Reserving HPET table memory at [mem 0x7ffe1c3b-0x7ffe1c72]
[    0.031182] ACPI: Reserving WAET table memory at [mem 0x7ffe1c73-0x7ffe1c9a]
[    0.032403] No NUMA configuration found
[    0.032751] Faking a node at [mem 0x0000000000000000-0x000000007ffdffff]
[    0.033343] NODE_DATA(0) allocated [mem 0x7ffb4ec0-0x7ffdfcbf]
[    0.034897] Zone ranges:
[    0.035157]   DMA      [mem 0x0000000000001000-0x0000000000ffffff]
[    0.035730]   DMA32    [mem 0x0000000001000000-0x000000007ffdffff]
[    0.036304]   Normal   empty
[    0.036573]   Device   empty
[    0.036851] Movable zone start for each node
[    0.037254] Early memory node ranges
[    0.037575]   node   0: [mem 0x0000000000001000-0x000000000009efff]
[    0.038162]   node   0: [mem 0x0000000000100000-0x000000007ffdffff]
[    0.038735] Initmem setup node 0 [mem 0x0000000000001000-0x000000007ffdffff]
[    0.039638] On node 0, zone DMA: 1 pages in unavailable ranges
[    0.040418] On node 0, zone DMA: 97 pages in unavailable ranges
[    0.073192] On node 0, zone DMA32: 32 pages in unavailable ranges
[    0.128613] KernelAddressSanitizer initialized (generic)
[    0.129401] ACPI: PM-Timer IO Port: 0x608
[    0.129814] ACPI: LAPIC_NMI (acpi_id[0xff] dfl dfl lint[0x1])
[    0.130402] IOAPIC[0]: apic_id 0, version 17, address 0xfec00000, GSI 0-23
[    0.131059] ACPI: INT_SRC_OVR (bus 0 bus_irq 0 global_irq 2 dfl dfl)
[    0.131661] ACPI: INT_SRC_OVR (bus 0 bus_irq 5 global_irq 5 high level)
[    0.132289] ACPI: INT_SRC_OVR (bus 0 bus_irq 9 global_irq 9 high level)
[    0.132914] ACPI: INT_SRC_OVR (bus 0 bus_irq 10 global_irq 10 high level)
[    0.133521] ACPI: INT_SRC_OVR (bus 0 bus_irq 11 global_irq 11 high level)
[    0.134162] ACPI: Using ACPI (MADT) for SMP configuration information
[    0.134742] ACPI: HPET id: 0x8086a201 base: 0xfed00000
[    0.135224] TSC deadline timer available
[    0.135586] CPU topo: Max. logical packages:   1
[    0.136017] CPU topo: Max. logical dies:       1
[    0.136447] CPU topo: Max. dies per package:   1
[    0.136886] CPU topo: Max. threads per core:   1
[    0.137312] CPU topo: Num. cores per package:     2
[    0.137758] CPU topo: Num. threads per package:   2
[    0.138202] CPU topo: Allowing 2 present CPUs plus 0 hotplug CPUs
[    0.138802] kvm-guest: APIC: eoi() replaced with kvm_guest_apic_eoi_write()
[    0.139452] kvm-guest: KVM setup pv remote TLB flush
[    0.139914] kvm-guest: setup PV sched yield
[    0.140338] PM: hibernation: Registered nosave memory: [mem 0x00000000-0x00000fff]
[    0.141032] PM: hibernation: Registered nosave memory: [mem 0x0009f000-0x000fffff]
[    0.141713] [mem 0x80000000-0xfeffbfff] available for PCI devices
[    0.142271] Booting paravirtualized kernel on KVM
[    0.142697] clocksource: refined-jiffies: mask: 0xffffffff max_cycles: 0xffffffff, max_idle_ns: 7645519600211568 ns
[    0.143669] setup_percpu: NR_CPUS:8192 nr_cpumask_bits:2 nr_cpu_ids:2 nr_node_ids:1
[    0.144845] percpu: Embedded 81 pages/cpu s294912 r8192 d28672 u1048576
[    0.145649] kvm-guest: PV spinlocks enabled
[    0.146062] PV qspinlock hash table entries: 256 (order: 0, 4096 bytes, linear)
[    0.146756] Kernel command line: net.ifnames=0 console=ttyS0 root=/dev/sda earlyprintk=serial net.ifnames=0 thunderbolt.dyndbg
[    0.148124] random: crng init done
[    0.148444] printk: log buffer data + meta data: 262144 + 917504 = 1179648 bytes
[    0.149553] Dentry cache hash table entries: 262144 (order: 9, 2097152 bytes, linear)
[    0.150668] Inode-cache hash table entries: 131072 (order: 8, 1048576 bytes, linear)
[    0.151689] Fallback order for Node 0: 0 
[    0.151701] Built 1 zonelists, mobility grouping on.  Total pages: 524158
[    0.152675] Policy zone: DMA32
[    0.152961] mem auto-init: stack:off, heap alloc:off, heap free:off
[    0.153525] stackdepot: allocating hash table via alloc_large_system_hash
[    0.154141] stackdepot hash table entries: 1048576 (order: 12, 16777216 bytes, linear)
[    0.157927] stackdepot: allocating space for 8192 stack pools via memblock
[    0.193106] SLUB: HWalign=64, Order=0-3, MinObjects=0, CPUs=2, Nodes=1
[    0.193703] kmemleak: Kernel memory leak detector disabled
[    0.231484] ftrace: allocating 75295 entries in 296 pages
[    0.231973] ftrace: allocated 296 pages with 3 groups
[    0.236829] Dynamic Preempt: voluntary
[    0.237676] Running RCU self tests
[    0.237996] Running RCU synchronous self tests
[    0.238380] rcu: Preemptible hierarchical RCU implementation.
[    0.238895] rcu: 	RCU lockdep checking is enabled.
[    0.239310] rcu: 	RCU restricting CPUs from NR_CPUS=8192 to nr_cpu_ids=2.
[    0.239905] 	Trampoline variant of Tasks RCU enabled.
[    0.240339] 	Rude variant of Tasks RCU enabled.
[    0.240730] 	Tracing variant of Tasks RCU enabled.
[    0.241152] rcu: RCU calculated value of scheduler-enlistment delay is 25 jiffies.
[    0.241811] rcu: Adjusting geometry for rcu_fanout_leaf=16, nr_cpu_ids=2
[    0.242476] Running RCU synchronous self tests
[    0.242872] RCU Tasks: Setting shift to 1 and lim to 1 rcu_task_cb_adjust=1 rcu_task_cpu_ids=2.
[    0.243621] RCU Tasks Rude: Setting shift to 1 and lim to 1 rcu_task_cb_adjust=1 rcu_task_cpu_ids=2.
[    0.244423] RCU Tasks Trace: Setting shift to 1 and lim to 1 rcu_task_cb_adjust=1 rcu_task_cpu_ids=2.
[    0.326392] NR_IRQS: 524544, nr_irqs: 440, preallocated irqs: 16
[    0.327544] rcu: srcu_init: Setting srcu_struct sizes based on contention.
[    0.336560] Console: colour VGA+ 80x25
[    0.336987] printk: legacy console [ttyS0] enabled
[    0.336987] printk: legacy console [ttyS0] enabled
[    0.337859] printk: legacy bootconsole [earlyser0] disabled
[    0.337859] printk: legacy bootconsole [earlyser0] disabled
[    0.338880] Lock dependency validator: Copyright (c) 2006 Red Hat, Inc., Ingo Molnar
[    0.339575] ... MAX_LOCKDEP_SUBCLASSES:  8
[    0.339963] ... MAX_LOCK_DEPTH:          48
[    0.340346] ... MAX_LOCKDEP_KEYS:        8192
[    0.340751] ... CLASSHASH_SIZE:          4096
[    0.341156] ... MAX_LOCKDEP_ENTRIES:     32768
[    0.341562] ... MAX_LOCKDEP_CHAINS:      65536
[    0.341981] ... CHAINHASH_SIZE:          32768
[    0.342388]  memory used by lock dependency info: 6429 kB
[    0.342889]  memory used for stack traces: 4224 kB
[    0.343326]  per task-struct memory footprint: 1920 bytes
[    0.343918] ACPI: Core revision 20250807
[    0.344717] clocksource: hpet: mask: 0xffffffff max_cycles: 0xffffffff, max_idle_ns: 19112604467 ns
[    0.345726] APIC: Switch to symmetric I/O mode setup
[    0.346369] x2apic enabled
[    0.347045] APIC: Switched APIC routing to: physical x2apic
[    0.347568] kvm-guest: APIC: send_IPI_mask() replaced with kvm_send_ipi_mask()
[    0.348240] kvm-guest: APIC: send_IPI_mask_allbutself() replaced with kvm_send_ipi_mask_allbutself()
[    0.349079] kvm-guest: setup PV IPIs
[    0.350579] ..TIMER: vector=0x30 apic1=0 pin1=2 apic2=-1 pin2=-1
[    0.351161] clocksource: tsc-early: mask: 0xffffffffffffffff max_cycles: 0x240939f1bb2, max_idle_ns: 440795263295 ns
[    0.352141] Calibrating delay loop (skipped) preset value.. 5000.00 BogoMIPS (lpj=10000000)
[    0.353060] x86/cpu: User Mode Instruction Prevention (UMIP) activated
[    0.353745] Last level iTLB entries: 4KB 0, 2MB 0, 4MB 0
[    0.356159] Last level dTLB entries: 4KB 0, 2MB 0, 4MB 0, 1GB 0
[    0.356741] mitigations: Enabled attack vectors: user_kernel, user_user, guest_host, guest_guest, SMT mitigations: auto
[    0.357755] Speculative Store Bypass: Mitigation: Speculative Store Bypass disabled via prctl
[    0.358525] Spectre V2 : Mitigation: Enhanced / Automatic IBRS
[    0.359076] ITS: Mitigation: Aligned branch/return thunks
[    0.360134] Spectre V1 : Mitigation: usercopy/swapgs barriers and __user pointer sanitization
[    0.360898] Spectre V2 : WARNING: Unprivileged eBPF is enabled with eIBRS on, data leaks possible via Spectre v2 BHB attacks!
[    0.361942] Spectre V2 : Spectre v2 / PBRSB-eIBRS: Retire a single CALL on VMEXIT
[    0.362609] Spectre V2 : mitigation: Enabling conditional Indirect Branch Prediction Barrier
[    0.363360] active return thunk: its_return_thunk
[    0.363774] Spectre V2 : Spectre BHI mitigation: SW BHB clearing on syscall and VM exit
[    0.364190] x86/fpu: Supporting XSAVE feature 0x001: 'x87 floating point registers'
[    0.364862] x86/fpu: Supporting XSAVE feature 0x002: 'SSE registers'
[    0.365410] x86/fpu: Supporting XSAVE feature 0x004: 'AVX registers'
[    0.365976] x86/fpu: Supporting XSAVE feature 0x020: 'AVX-512 opmask'
[    0.366536] x86/fpu: Supporting XSAVE feature 0x040: 'AVX-512 Hi256'
[    0.367095] x86/fpu: Supporting XSAVE feature 0x080: 'AVX-512 ZMM_Hi256'
[    0.368135] x86/fpu: Supporting XSAVE feature 0x200: 'Protection Keys User registers'
[    0.368828] x86/fpu: Supporting XSAVE feature 0x20000: 'AMX Tile config'
[    0.369434] x86/fpu: Supporting XSAVE feature 0x40000: 'AMX Tile data'
[    0.370013] x86/fpu: xstate_offset[2]:  576, xstate_sizes[2]:  256
[    0.370562] x86/fpu: xstate_offset[5]:  832, xstate_sizes[5]:   64
[    0.371108] x86/fpu: xstate_offset[6]:  896, xstate_sizes[6]:  512
[    0.371643] x86/fpu: xstate_offset[7]: 1408, xstate_sizes[7]: 1024
[    0.372139] x86/fpu: xstate_offset[9]: 2432, xstate_sizes[9]:    8
[    0.372694] x86/fpu: xstate_offset[17]: 2496, xstate_sizes[17]:   64
[    0.373283] x86/fpu: xstate_offset[18]: 2560, xstate_sizes[18]: 8192
[    0.373854] x86/fpu: Enabled xstate features 0x602e7, context size is 10752 bytes, using 'compacted' format.
[    0.550911] Freeing SMP alternatives memory: 64K
[    0.551353] pid_max: default: 32768 minimum: 301
[    0.552230] Yama: becoming mindful.
[    0.552969] Mount-cache hash table entries: 4096 (order: 3, 32768 bytes, linear)
[    0.553641] Mountpoint-cache hash table entries: 4096 (order: 3, 32768 bytes, linear)
[    0.555908] Running RCU synchronous self tests
[    0.556137] Running RCU synchronous self tests
[    0.556839] smpboot: CPU0: Intel GENUINE INTEL(R) XEON(R) (family: 0x6, model: 0xad, stepping: 0x0)
[    0.558421] Performance Events: PEBS fmt0-, Granite Rapids events, 
[    0.558504] core: The event 0x400 is not supported as a normal event.
[    0.559639] core: The event 0x8000 is not supported as a normal event.
[    0.560129] core: The event 0x8100 is not supported as a normal event.
[    0.560129] core: The event 0x8200 is not supported as a normal event.
[    0.560708] core: The event 0x8300 is not supported as a normal event.
[    0.561279] core: The event 0x8400 is not supported as a normal event.
[    0.561840] core: The event 0x8500 is not supported as a normal event.
[    0.562410] core: The event 0x8600 is not supported as a normal event.
[    0.562974] core: The event 0x8700 is not supported as a normal event.
[    0.563570] full-width counters, Intel PMU driver.
[    0.564010] ... version:                   2
[    0.564134] ... bit width:                 48
[    0.564515] ... generic counters:          8
[    0.564889] ... generic bitmap:            00000000000000ff
[    0.565369] ... fixed-purpose counters:    3
[    0.565741] ... fixed-purpose bitmap:      0000000000000007
[    0.566234] ... value mask:                0000ffffffffffff
[    0.566719] ... max period:                00007fffffffffff
[    0.567210] ... global_ctrl mask:          00000007000000ff
[    0.568248] signal: max sigframe size: 11952
[    0.568778] rcu: Hierarchical SRCU implementation.
[    0.569222] rcu: 	Max phase no-delay instances is 1000.
[    0.569887] Timer migration: 1 hierarchy levels; 8 children per group; 1 crossnode level
[    0.595561] smp: Bringing up secondary CPUs ...
[    0.596588] smpboot: x86: Booting SMP configuration:
[    0.597072] .... node  #0, CPUs:      #1
[    0.597353] smp: Brought up 1 node, 2 CPUs
[    0.597353] smpboot: Total of 2 processors activated (10000.00 BogoMIPS)
[    0.600819] Memory: 1591816K/2096632K available (80953K kernel code, 15565K rwdata, 18824K rodata, 16420K init, 20844K bss, 493188K reserved, 0K cma-reserved)
[    0.602738] devtmpfs: initialized
[    0.604804] x86/mm: Memory block size: 128MB
[    0.614190] Running RCU synchronous self tests
[    0.614190] Running RCU synchronous self tests
[    0.616503] Running RCU Tasks wait API self tests
[    0.616660] Running RCU Tasks Rude wait API self tests
[    0.616660] Running RCU Tasks Trace wait API self tests
[    0.640166] clocksource: jiffies: mask: 0xffffffff max_cycles: 0xffffffff, max_idle_ns: 7645041785100000 ns
[    0.641105] posixtimers hash table entries: 1024 (order: 5, 73728 bytes, linear)
[    0.644177] futex hash table entries: 512 (65536 bytes on 1 NUMA nodes, total 64 KiB, linear).
[    0.647430] 
[    0.647589] *************************************************************
[    0.648137] **     NOTICE NOTICE NOTICE NOTICE NOTICE NOTICE NOTICE    **
[    0.648728] **                                                         **
[    0.649325] **  IOMMU DebugFS SUPPORT HAS BEEN ENABLED IN THIS KERNEL  **
[    0.649921] **                                                         **
[    0.650507] ** This means that this kernel is built to expose internal **
[    0.651110] ** IOMMU data structures, which may compromise security on **
[    0.651701] ** your system.                                            **
[    0.652133] **                                                         **
[    0.652728] ** If you see this message and you are not debugging the   **
[    0.653314] ** kernel, report this immediately to your vendor!         **
[    0.653905] **                                                         **
[    0.654498] **     NOTICE NOTICE NOTICE NOTICE NOTICE NOTICE NOTICE    **
[    0.655090] *************************************************************
[    0.655764] PM: RTC time: 07:40:43, date: 2026-03-12
[    0.658773] NET: Registered PF_NETLINK/PF_ROUTE protocol family
[    0.661002] DMA: preallocated 256 KiB GFP_KERNEL|GFP_DMA pool for atomic allocations
[    0.661724] DMA: preallocated 256 KiB GFP_KERNEL|GFP_DMA32 pool for atomic allocations
[    0.662513] audit: initializing netlink subsys (disabled)
[    0.663059] audit: type=2000 audit(1773301243.796:1): state=initialized audit_enabled=0 res=1
[    0.663059] thermal_sys: Registered thermal governor 'fair_share'
[    0.663059] thermal_sys: Registered thermal governor 'bang_bang'
[    0.663059] thermal_sys: Registered thermal governor 'step_wise'
[    0.664142] thermal_sys: Registered thermal governor 'user_space'
[    0.664738] cpuidle: using governor ladder
[    0.668144] cpuidle: using governor menu
[    0.669303] acpiphp: ACPI Hot Plug PCI Controller Driver version: 0.5
[    0.669303] PCI: Using configuration type 1 for base access
[    0.672504] kprobes: kprobe jump-optimization is enabled. All kprobes are optimized if possible.
[    0.673345] Callback from call_rcu_tasks_trace() invoked.
[    0.812281] HugeTLB: registered 1.00 GiB page size, pre-allocated 0 pages
[    0.812928] HugeTLB: 16380 KiB vmemmap can be freed for a 1.00 GiB page
[    0.813514] HugeTLB: registered 2.00 MiB page size, pre-allocated 0 pages
[    0.814123] HugeTLB: 28 KiB vmemmap can be freed for a 2.00 MiB page
[    0.822643] ACPI: Added _OSI(Module Device)
[    0.823044] ACPI: Added _OSI(Processor Device)
[    0.823437] ACPI: Added _OSI(Processor Aggregator Device)
[    0.842928] ACPI: 1 ACPI AML tables successfully acquired and loaded
[    0.853748] ACPI: Interpreter enabled
[    0.854242] ACPI: PM: (supports S0 S3 S4 S5)
[    0.854638] ACPI: Using IOAPIC for interrupt routing
[    0.855177] PCI: Using host bridge windows from ACPI; if necessary, use "pci=nocrs" and report a bug
[    0.855984] PCI: Using E820 reservations for host bridge windows
[    0.857602] ACPI: Enabled 2 GPEs in block 00 to 0F
[    0.903865] ACPI: PCI Root Bridge [PCI0] (domain 0000 [bus 00-ff])
[    0.904158] acpi PNP0A03:00: _OSC: OS supports [ASPM ClockPM Segments MSI EDR HPX-Type3]
[    0.904868] acpi PNP0A03:00: _OSC: not requesting OS control; OS requires [ExtendedConfig ASPM ClockPM MSI]
[    0.905894] acpi PNP0A03:00: fail to add MMCONFIG information, can't access extended configuration space under this bridge
[    0.912505] acpiphp: Slot [3] registered
[    0.913028] acpiphp: Slot [4] registered
[    0.913532] acpiphp: Slot [5] registered
[    0.914037] acpiphp: Slot [6] registered
[    0.914547] acpiphp: Slot [7] registered
[    0.915053] acpiphp: Slot [8] registered
[    0.915561] acpiphp: Slot [9] registered
[    0.916068] acpiphp: Slot [10] registered
[    0.916308] acpiphp: Slot [11] registered
[    0.916826] acpiphp: Slot [12] registered
[    0.917342] acpiphp: Slot [13] registered
[    0.917851] acpiphp: Slot [14] registered
[    0.918369] acpiphp: Slot [15] registered
[    0.918883] acpiphp: Slot [16] registered
[    0.919400] acpiphp: Slot [17] registered
[    0.919911] acpiphp: Slot [18] registered
[    0.920292] acpiphp: Slot [19] registered
[    0.920800] acpiphp: Slot [20] registered
[    0.921316] acpiphp: Slot [21] registered
[    0.921798] acpiphp: Slot [22] registered
[    0.922280] acpiphp: Slot [23] registered
[    0.922748] acpiphp: Slot [24] registered
[    0.923228] acpiphp: Slot [25] registered
[    0.923693] acpiphp: Slot [26] registered
[    0.924188] acpiphp: Slot [27] registered
[    0.924717] acpiphp: Slot [28] registered
[    0.925240] acpiphp: Slot [29] registered
[    0.925753] acpiphp: Slot [30] registered
[    0.926233] acpiphp: Slot [31] registered
[    0.926625] PCI host bridge to bus 0000:00
[    0.927031] pci_bus 0000:00: root bus resource [io  0x0000-0x0cf7 window]
[    0.927636] pci_bus 0000:00: root bus resource [io  0x0d00-0xffff window]
[    0.928137] pci_bus 0000:00: root bus resource [mem 0x000a0000-0x000bffff window]
[    0.928789] pci_bus 0000:00: root bus resource [mem 0x80000000-0xfebfffff window]
[    0.929450] pci_bus 0000:00: root bus resource [mem 0x100000000-0x17fffffff window]
[    0.930123] pci_bus 0000:00: root bus resource [bus 00-ff]
[    0.930710] pci 0000:00:00.0: [8086:1237] type 00 class 0x060000 conventional PCI endpoint
[    0.933152] pci 0000:00:01.0: [8086:7000] type 00 class 0x060100 conventional PCI endpoint
[    0.935341] pci 0000:00:01.1: [8086:7010] type 00 class 0x010180 conventional PCI endpoint
[    0.936455] pci 0000:00:01.1: BAR 4 [io  0xc040-0xc04f]
[    0.936963] pci 0000:00:01.1: BAR 0 [io  0x01f0-0x01f7]: legacy IDE quirk
[    0.937553] pci 0000:00:01.1: BAR 1 [io  0x03f6]: legacy IDE quirk
[    0.938107] pci 0000:00:01.1: BAR 2 [io  0x0170-0x0177]: legacy IDE quirk
[    0.938697] pci 0000:00:01.1: BAR 3 [io  0x0376]: legacy IDE quirk
[    0.940471] pci 0000:00:01.3: [8086:7113] type 00 class 0x068000 conventional PCI endpoint
[    0.941490] pci 0000:00:01.3: quirk: [io  0x0600-0x063f] claimed by PIIX4 ACPI
[    0.942135] pci 0000:00:01.3: quirk: [io  0x0700-0x070f] claimed by PIIX4 SMB
[    0.943970] pci 0000:00:02.0: [1234:1111] type 00 class 0x030000 conventional PCI endpoint
[    0.945257] pci 0000:00:02.0: BAR 0 [mem 0xfd000000-0xfdffffff pref]
[    0.945842] pci 0000:00:02.0: BAR 2 [mem 0xfebf0000-0xfebf0fff]
[    0.946400] pci 0000:00:02.0: ROM [mem 0xfebe0000-0xfebeffff pref]
[    0.947041] pci 0000:00:02.0: Video device with shadowed ROM at [mem 0x000c0000-0x000dffff]
[    0.949020] pci 0000:00:03.0: [8086:100e] type 00 class 0x020000 conventional PCI endpoint
[    0.950643] pci 0000:00:03.0: BAR 0 [mem 0xfebc0000-0xfebdffff]
[    0.951227] pci 0000:00:03.0: BAR 1 [io  0xc000-0xc03f]
[    0.951717] pci 0000:00:03.0: ROM [mem 0xfeb80000-0xfebbffff pref]
[    0.979252] ACPI: PCI: Interrupt link LNKA configured for IRQ 10
[    0.980910] ACPI: PCI: Interrupt link LNKB configured for IRQ 10
[    0.982522] ACPI: PCI: Interrupt link LNKC configured for IRQ 11
[    0.984116] ACPI: PCI: Interrupt link LNKD configured for IRQ 11
[    0.984588] ACPI: PCI: Interrupt link LNKS configured for IRQ 9
[    0.988941] iommu: Default domain type: Translated
[    0.989344] iommu: DMA domain TLB invalidation policy: lazy mode
[    0.998214] SCSI subsystem initialized
[    0.999156] ACPI: bus type USB registered
[    0.999793] usbcore: registered new interface driver usbfs
[    1.000242] usbcore: registered new interface driver hub
[    1.000792] usbcore: registered new device driver usb
[    1.001587] pps_core: LinuxPPS API ver. 1 registered
[    1.002028] pps_core: Software ver. 5.3.6 - Copyright 2005-2007 Rodolfo Giometti <giometti@linux.it>
[    1.002860] PTP clock support registered
[    1.004244] EDAC MC: Ver: 3.0.0
[    1.010720] NetLabel: Initializing
[    1.012142] NetLabel:  domain hash size = 128
[    1.012541] NetLabel:  protocols = UNLABELED CIPSOv4 CALIPSO
[    1.013187] NetLabel:  unlabeled traffic allowed by default
[    1.013963] PCI: Using ACPI for IRQ routing
[    1.016336] pci 0000:00:02.0: vgaarb: setting as boot VGA device
[    1.016921] pci 0000:00:02.0: vgaarb: bridge control possible
[    1.017435] pci 0000:00:02.0: vgaarb: VGA device added: decodes=io+mem,owns=io+mem,locks=none
[    1.018201] vgaarb: loaded
[    1.020596] hpet0: at MMIO 0xfed00000, IRQs 2, 8, 0
[    1.021068] hpet0: 3 comparators, 64-bit 100.000000 MHz counter
[    1.024329] clocksource: Switched to clocksource kvm-clock
[    1.026177] VFS: Disk quotas dquot_6.6.0
[    1.028247] VFS: Dquot-cache hash table entries: 512 (order 0, 4096 bytes)
[    1.033500] pnp: PnP ACPI init
[    1.038275] pnp: PnP ACPI: found 6 devices
[    1.059270] clocksource: acpi_pm: mask: 0xffffff max_cycles: 0xffffff, max_idle_ns: 2085701024 ns
[    1.060564] NET: Registered PF_INET protocol family
[    1.061131] IP idents hash table entries: 32768 (order: 6, 262144 bytes, linear)
[    1.063600] tcp_listen_portaddr_hash hash table entries: 1024 (order: 5, 73728 bytes, linear)
[    1.064435] Table-perturb hash table entries: 65536 (order: 6, 262144 bytes, linear)
[    1.065245] TCP established hash table entries: 16384 (order: 5, 131072 bytes, linear)
[    1.066236] TCP bind hash table entries: 16384 (order: 10, 2359296 bytes, linear)
[    1.068063] TCP: Hash tables configured (established 16384 bind 16384)
[    1.068761] UDP hash table entries: 1024 (order: 6, 262144 bytes, linear)
[    1.069441] UDP-Lite hash table entries: 1024 (order: 6, 262144 bytes, linear)
[    1.070411] NET: Registered PF_UNIX/PF_LOCAL protocol family
[    1.072611] RPC: Registered named UNIX socket transport module.
[    1.073196] RPC: Registered udp transport module.
[    1.073618] RPC: Registered tcp transport module.
[    1.074040] RPC: Registered tcp-with-tls transport module.
[    1.074522] RPC: Registered tcp NFSv4.1 backchannel transport module.
[    1.075101] pci_bus 0000:00: resource 4 [io  0x0000-0x0cf7 window]
[    1.075648] pci_bus 0000:00: resource 5 [io  0x0d00-0xffff window]
[    1.076215] pci_bus 0000:00: resource 6 [mem 0x000a0000-0x000bffff window]
[    1.076813] pci_bus 0000:00: resource 7 [mem 0x80000000-0xfebfffff window]
[    1.077424] pci_bus 0000:00: resource 8 [mem 0x100000000-0x17fffffff window]
[    1.078466] pci 0000:00:01.0: PIIX3: Enabling Passive Release
[    1.078984] pci 0000:00:00.0: Limiting direct PCI/PCI transfers
[    1.079600] PCI: CLS 0 bytes, default 64
[    1.080058] ACPI: bus type thunderbolt registered
[    1.080877] clocksource: tsc: mask: 0xffffffffffffffff max_cycles: 0x240939f1bb2, max_idle_ns: 440795263295 ns
[    4.224943] Initialise system trusted keyrings
[    4.225477] Key type blacklist registered
[    4.226480] workingset: timestamp_bits=36 max_order=19 bucket_order=0
[    4.229214] squashfs: version 4.0 (2009/01/31) Phillip Lougher
[    4.231893] NFS: Registering the id_resolver key type
[    4.232442] Key type id_resolver registered
[    4.232825] Key type id_legacy registered
[    4.233260] nfs4filelayout_init: NFSv4 File Layout Driver Registering...
[    4.233889] nfs4flexfilelayout_init: NFSv4 Flexfile Layout Driver Registering...
[    4.234853] fuse: init (API version 7.45)
[    4.235897] SGI XFS with ACLs, security attributes, realtime, quota, no debug enabled
[    4.238418] 9p: Installing v9fs 9p2000 file system support
[    4.255184] Key type asymmetric registered
[    4.255569] Asymmetric key parser 'x509' registered
[    4.256173] Block layer SCSI generic (bsg) driver version 0.4 loaded (major 241)
[    4.257359] io scheduler mq-deadline registered
[    4.257917] io scheduler bfq registered
[    4.259425] ledtrig-cpu: registered to indicate activity on CPUs
[    4.261580] IPMI message handler: version 39.2
[    4.262089] ipmi device interface
[    4.264958] input: Power Button as /devices/LNXSYSTM:00/LNXPWRBN:00/input/input0
[    4.266188] ACPI: button: Power Button [PWRF]
[    4.268682] ERST DBG: ERST support is disabled.
[    4.270582] Serial: 8250/16550 driver, 32 ports, IRQ sharing enabled
[    4.272510] 00:04: ttyS0 at I/O 0x3f8 (irq = 4, base_baud = 115200) is a 16550A
[    4.303585] Linux agpgart interface v0.103
[    4.306644] ACPI: bus type drm_connector registered
[    4.340384] brd: module loaded
[    4.360310] loop: module loaded
[    4.375007] scsi host0: ata_piix
[    4.376962] scsi host1: ata_piix
[    4.377864] ata1: PATA max MWDMA2 cmd 0x1f0 ctl 0x3f6 bmdma 0xc040 irq 14 lpm-pol 0
[    4.378558] ata2: PATA max MWDMA2 cmd 0x170 ctl 0x376 bmdma 0xc048 irq 15 lpm-pol 0
[    4.382543] tun: Universal TUN/TAP device driver, 1.6
[    4.383798] e100: Intel(R) PRO/100 Network Driver
[    4.384313] e100: Copyright(c) 1999-2006 Intel Corporation
[    4.384948] e1000: Intel(R) PRO/1000 Network Driver
[    4.385396] e1000: Copyright (c) 1999-2006 Intel Corporation.
[    4.412176] Callback from call_rcu_tasks() invoked.
[    4.532246] ata1: found unknown device (class 0)
[    4.533262] ata1.00: ATA-7: QEMU HARDDISK, 2.5+, max UDMA/100
[    4.533810] ata1.00: 17196647 sectors, multi 16: LBA48 
[    4.535401] scsi 0:0:0:0: Direct-Access     ATA      QEMU HARDDISK    2.5+ PQ: 0 ANSI: 5
[    4.536265] ata2: found unknown device (class 0)
[    4.538818] ata2.00: ATAPI: QEMU DVD-ROM, 2.5+, max UDMA/100
[    4.540676] sd 0:0:0:0: [sda] 17196647 512-byte logical blocks: (8.80 GB/8.20 GiB)
[    4.541437] sd 0:0:0:0: Attached scsi generic sg0 type 0
[    4.542259] sd 0:0:0:0: [sda] Write Protect is off
[    4.543266] scsi 1:0:0:0: CD-ROM            QEMU     QEMU DVD-ROM     2.5+ PQ: 0 ANSI: 5
[    4.544056] sd 0:0:0:0: [sda] Write cache: enabled, read cache: enabled, doesn't support DPO or FUA
[    4.546242] sd 0:0:0:0: [sda] Preferred minimum I/O size 512 bytes
[    4.566494] scsi 1:0:0:0: Attached scsi generic sg1 type 5
[    4.568970] sd 0:0:0:0: [sda] Attached SCSI disk
[    5.248874] ACPI: \_SB_.LNKC: Enabled at IRQ 11
[    5.564428] e1000 0000:00:03.0 eth0: (PCI:33MHz:32-bit) 52:54:00:12:34:56
[    5.565087] e1000 0000:00:03.0 eth0: Intel(R) PRO/1000 Network Connection
[    5.565849] e1000e: Intel(R) PRO/1000 Network Driver
[    5.566303] e1000e: Copyright(c) 1999 - 2015 Intel Corporation.
[    5.566980] igb: Intel(R) Gigabit Ethernet Network Driver
[    5.567469] igb: Copyright (c) 2007-2014 Intel Corporation.
[    5.568373] PPP generic driver version 2.4.2
[    5.570410] VFIO - User Level meta-driver version: 0.3
[    5.572436] usbcore: registered new interface driver uas
[    5.573097] usbcore: registered new interface driver usb-storage
[    5.573903] i8042: PNP: PS/2 Controller [PNP0303:KBD,PNP0f13:MOU] at 0x60,0x64 irq 1,12
[    5.575915] serio: i8042 KBD port at 0x60,0x64 irq 1
[    5.576486] serio: i8042 AUX port at 0x60,0x64 irq 12
[    5.578644] mousedev: PS/2 mouse device common for all mice
[    5.580952] input: AT Translated Set 2 keyboard as /devices/platform/i8042/serio0/input/input1
[    5.582931] rtc_cmos 00:05: RTC can wake from S4
[    5.584490] input: VirtualPS/2 VMware VMMouse as /devices/platform/i8042/serio1/input/input4
[    5.585685] rtc_cmos 00:05: registered as rtc0
[    5.586253] rtc_cmos 00:05: setting system clock to 2026-03-12T07:40:48 UTC (1773301248)
[    5.587472] rtc_cmos 00:05: alarms up to one day, y3k, 242 bytes nvram, hpet irqs
[    5.587667] input: VirtualPS/2 VMware VMMouse as /devices/platform/i8042/serio1/input/input3
[    5.588235] i2c_dev: i2c /dev entries driver
[    5.589424] device-mapper: core: CONFIG_IMA_DISABLE_HTABLE is disabled. Duplicate IMA measurements will not be recorded in the IMA log.
[    5.590538] device-mapper: uevent: version 1.0.3
[    5.591675] device-mapper: ioctl: 4.50.0-ioctl (2025-04-28) initialised: dm-devel@lists.linux.dev
[    5.592577] intel_pstate: CPU model not supported
[    5.593287] sdhci: Secure Digital Host Controller Interface driver
[    5.593838] sdhci: Copyright(c) Pierre Ossman
[    5.594681] sdhci-pltfm: SDHCI platform and OF driver helper
[    5.595820] drop_monitor: Initializing network drop monitor service
[    5.596785] NET: Registered PF_INET6 protocol family
[    5.599469] Segment Routing with IPv6
[    5.599901] In-situ OAM (IOAM) with IPv6
[    5.600709] NET: Registered PF_PACKET protocol family
[    5.601824] 9pnet: Installing 9P2000 support
[    5.602378] Key type dns_resolver registered
[    5.604856] IPI shorthand broadcast: enabled
[    5.670397] sched_clock: Marking stable (5648004213, 19947577)->(5673520420, -5568630)
[    5.672904] registered taskstats version 1
[    5.673830] Loading compiled-in X.509 certificates
[    5.758041] Demotion targets for Node 0: null
[    5.759218] Key type .fscrypt registered
[    5.759583] Key type fscrypt-provisioning registered
[    5.769974] Key type encrypted registered
[    5.770391] ima: No TPM chip found, activating TPM-bypass!
[    5.770897] ima: Allocated hash algorithm: sha1
[    5.771392] ima: No architecture policies found
[    5.771980] evm: Initialising EVM extended attributes:
[    5.772447] evm: security.selinux
[    5.772743] evm: security.SMACK64
[    5.773054] evm: security.SMACK64EXEC
[    5.773378] evm: security.SMACK64TRANSMUTE
[    5.773742] evm: security.SMACK64MMAP
[    5.774070] evm: security.apparmor
[    5.774366] evm: security.ima
[    5.774635] evm: security.capability
[    5.774950] evm: HMAC attrs: 0x1
[    5.778212] PM:   Magic number: 2:755:672
[    5.779886] RAS: Correctable Errors collector initialized.
[    5.780997] clk: Disabling unused clocks
[    5.781437] PM: genpd: Disabling unused power domains
[    5.782598] check access for rdinit=/init failed: -2, ignoring
[    5.783057] md: Waiting for all devices to be available before autodetect
[    5.783468] md: If you don't use raid, use raid=noautodetect
[    5.783809] md: Autodetecting RAID arrays.
[    5.784160] md: autorun ...
[    5.784339] md: ... autorun DONE.
[    5.796148] EXT4-fs (sda): INFO: recovery required on readonly filesystem
[    5.796597] EXT4-fs (sda): write access will be enabled during recovery
[    6.205783] EXT4-fs (sda): recovery complete
[    6.209668] EXT4-fs (sda): mounted filesystem 088740a9-c8b4-422c-999d-a804eb68a4da ro with ordered data mode. Quota mode: none.
[    6.210470] VFS: Mounted root (ext4 filesystem) readonly on device 8:0.
[    6.214518] devtmpfs: mounted
[    6.236836] Freeing unused decrypted memory: 2036K
[    6.243093] Freeing unused kernel image (initmem) memory: 16420K
[    6.243600] Write protecting the kernel read-only data: 102400k
[    6.247104] Freeing unused kernel image (text/rodata gap) memory: 964K
[    6.249278] Freeing unused kernel image (rodata/data gap) memory: 1656K
[    7.432243] x86/mm: Checked W+X mappings: passed, no W+X pages found.
[    7.432820] Run /sbin/init as init process
[    7.664149] systemd[1]: systemd 252-15.el9 running in system mode (+PAM +AUDIT +SELINUX -APPARMOR +IMA +SMACK +SECCOMP +GCRYPT +GNUTLS +OPENSSL +ACL +BLKID +CURL +ELFUTILS -FIDO2 +IDN2 -IDN -IPTC +KMOD +LIBCRYPTSETUP +LIBFDISK +PCRE2 -PWQUALITY +P11KIT -QRENCODE +TPM2 +BZIP2 +LZ4 +XZ +ZLIB +ZSTD -BPF_FRAMEWORK +XKBCOMMON +UTMP +SYSVINIT default-hierarchy=unified)
[    7.666036] systemd[1]: Detected virtualization kvm.
[    7.666353] systemd[1]: Detected architecture x86-64.

Welcome to [0;31mCentOS Stream 9[0m!

[    7.674405] systemd[1]: Hostname set to <test>.
[    7.916534] systemd-rc-local-generator[118]: /etc/rc.d/rc.local is not marked executable, skipping.
[    8.397181] systemd[1]: Queued start job for default target Multi-User System.
[    8.414983] systemd[1]: Created slice Virtual Machine and Container Slice.
[[0;32m  OK  [0m] Created slice [0;1;39mVirtual Machine and Container Slice[0m.
[    8.420137] systemd[1]: Created slice Slice /system/getty.
[[0;32m  OK  [0m] Created slice [0;1;39mSlice /system/getty[0m.
[    8.423021] systemd[1]: Created slice Slice /system/modprobe.
[[0;32m  OK  [0m] Created slice [0;1;39mSlice /system/modprobe[0m.
[    8.425947] systemd[1]: Created slice Slice /system/serial-getty.
[[0;32m  OK  [0m] Created slice [0;1;39mSlice /system/serial-getty[0m.
[    8.428954] systemd[1]: Created slice Slice /system/sshd-keygen.
[[0;32m  OK  [0m] Created slice [0;1;39mSlice /system/sshd-keygen[0m.
[    8.431616] systemd[1]: Created slice User and Session Slice.
[[0;32m  OK  [0m] Created slice [0;1;39mUser and Session Slice[0m.
[    8.432963] systemd[1]: Started Forward Password Requests to Wall Directory Watch.
[[0;32m  OK  [0m] Started [0;1;39mForward Password R…uests to Wall Directory Watch[0m.
[    8.435289] systemd[1]: Set up automount Arbitrary Executable File Formats File System Automount Point.
[[0;32m  OK  [0m] Set up automount [0;1;39mArbitrary…s File System Automount Point[0m.
[    8.436807] systemd[1]: Reached target Local Integrity Protected Volumes.
[[0;32m  OK  [0m] Reached target [0;1;39mLocal Integrity Protected Volumes[0m.
[    8.437941] systemd[1]: Reached target Slice Units.
[[0;32m  OK  [0m] Reached target [0;1;39mSlice Units[0m.
[    8.438789] systemd[1]: Reached target Swaps.
[[0;32m  OK  [0m] Reached target [0;1;39mSwaps[0m.
[    8.439576] systemd[1]: Reached target Local Verity Protected Volumes.
[[0;32m  OK  [0m] Reached target [0;1;39mLocal Verity Protected Volumes[0m.
[    8.440987] systemd[1]: Listening on Device-mapper event daemon FIFOs.
[[0;32m  OK  [0m] Listening on [0;1;39mDevice-mapper event daemon FIFOs[0m.
[    8.442605] systemd[1]: Listening on LVM2 poll daemon socket.
[[0;32m  OK  [0m] Listening on [0;1;39mLVM2 poll daemon socket[0m.
[    8.443762] systemd[1]: multipathd control socket was skipped because of an unmet condition check (ConditionPathExists=/etc/multipath.conf).
[    8.488844] systemd[1]: Listening on RPCbind Server Activation Socket.
[[0;32m  OK  [0m] Listening on [0;1;39mRPCbind Server Activation Socket[0m.
[    8.490096] systemd[1]: Reached target RPC Port Mapper.
[[0;32m  OK  [0m] Reached target [0;1;39mRPC Port Mapper[0m.
[    8.494255] systemd[1]: Listening on Process Core Dump Socket.
[[0;32m  OK  [0m] Listening on [0;1;39mProcess Core Dump Socket[0m.
[    8.495640] systemd[1]: Listening on initctl Compatibility Named Pipe.
[[0;32m  OK  [0m] Listening on [0;1;39minitctl Compatibility Named Pipe[0m.
[    8.497368] systemd[1]: Listening on Journal Socket (/dev/log).
[[0;32m  OK  [0m] Listening on [0;1;39mJournal Socket (/dev/log)[0m.
[    8.498919] systemd[1]: Listening on Journal Socket.
[[0;32m  OK  [0m] Listening on [0;1;39mJournal Socket[0m.
[    8.500787] systemd[1]: Listening on udev Control Socket.
[[0;32m  OK  [0m] Listening on [0;1;39mudev Control Socket[0m.
[    8.502101] systemd[1]: Listening on udev Kernel Socket.
[[0;32m  OK  [0m] Listening on [0;1;39mudev Kernel Socket[0m.
[    8.508431] systemd[1]: Mounting Huge Pages File System...
         Mounting [0;1;39mHuge Pages File System[0m...
[    8.516370] systemd[1]: Mounting POSIX Message Queue File System...
         Mounting [0;1;39mPOSIX Message Queue File System[0m...
[    8.540566] systemd[1]: Mounting Kernel Debug File System...
         Mounting [0;1;39mKernel Debug File System[0m...
[    8.550883] systemd[1]: Mounting Kernel Trace File System...
         Mounting [0;1;39mKernel Trace File System[0m...
[    8.552660] systemd[1]: Kernel Module supporting RPCSEC_GSS was skipped because of an unmet condition check (ConditionPathExists=/etc/krb5.keytab).
[    8.553583] systemd[1]: Create List of Static Device Nodes was skipped because of an unmet condition check (ConditionFileNotEmpty=/lib/modules/6.19.0-rc6-5dbeeb268b63+/modules.devname).
[    8.559804] systemd[1]: Starting Monitoring of LVM2 mirrors, snapshots etc. using dmeventd or progress polling...
         Starting [0;1;39mMonitoring of LVM…meventd or progress polling[0m...
[    8.567504] systemd[1]: Starting Load Kernel Module configfs...
         Starting [0;1;39mLoad Kernel Module configfs[0m...
[    8.577006] systemd[1]: Starting Load Kernel Module drm...
         Starting [0;1;39mLoad Kernel Module drm[0m...
[    8.587180] systemd[1]: Starting Load Kernel Module fuse...
         Starting [0;1;39mLoad Kernel Module fuse[0m...
[    8.609409] systemd[1]: Starting Read and set NIS domainname from /etc/sysconfig/network...
         Starting [0;1;39mRead and set NIS …from /etc/sysconfig/network[0m...
[    8.636744] systemd[1]: Starting Journal Service...
         Starting [0;1;39mJournal Service[0m...
[    8.660343] systemd[1]: Starting Load Kernel Modules...
         Starting [0;1;39mLoad Kernel Modules[0m...
[    8.672575] systemd[1]: Starting Generate network units from Kernel command line...
         Starting [0;1;39mGenerate network …ts from Kernel command line[0m...
[    8.683487] systemd[1]: Starting Remount Root and Kernel File Systems...
         Starting [0;1;39mRemount Root and Kernel File Systems[0m...
[    8.688368] systemd[1]: Repartition Root Disk was skipped because no trigger condition checks were met.
[    8.709211] systemd[1]: Starting Coldplug All udev Devices...
         Starting [0;1;39mColdplug All udev Devices[0m...
[    8.734733] systemd[1]: Mounted Huge Pages File System.
[[0;32m  OK  [0m] Mounted [0;1;39mHuge Pages File System[0m.
[    8.741214] systemd[1]: Mounted POSIX Message Queue File System.
[[0;32m  OK  [0m] Mounted [0;1;39mPOSIX Message Queue File System[0m.
[    8.742743] systemd[1]: Mounted Kernel Debug File System.
[[0;32m  OK  [0m] Mounted [0;1;39mKernel Debug File System[0m.
[    8.748507] systemd[1]: Mounted Kernel Trace File System.
[[0;32m  OK  [0m] Mounted [0;1;39mKernel Trace File System[0m.
[    8.750987] systemd[1]: Finished Monitoring of LVM2 mirrors, snapshots etc. using dmeventd or progress polling.
[[0;32m  OK  [0m] Finished [0;1;39mMonitoring of LVM… dmeventd or progress polling[0m.
[    8.756520] systemd[1]: modprobe@configfs.service: Deactivated successfully.
[    8.761129] systemd[1]: Finished Load Kernel Module configfs.
[[0;32m  OK  [0m] Finished [0;1;39mLoad Kernel Module configfs[0m.
[    8.768118] systemd[1]: modprobe@drm.service: Deactivated successfully.
[    8.769997] systemd[1]: Finished Load Kernel Module drm.
[[0;32m  OK  [0m] Finished [0;1;39mLoad Kernel Module drm[0m.
[    8.773947] systemd[1]: modprobe@fuse.service: Deactivated successfully.
[    8.775405] EXT4-fs (sda): re-mounted 088740a9-c8b4-422c-999d-a804eb68a4da r/w.
[    8.780569] systemd[1]: Finished Load Kernel Module fuse.
[[0;32m  OK  [0m] Finished [0;1;39mLoad Kernel Module fuse[0m.
[    8.788668] systemd[1]: Finished Read and set NIS domainname from /etc/sysconfig/network.
[[0;32m  OK  [0m] Finished [0;1;39mRead and set NIS …e from /etc/sysconfig/network[0m.
[    8.792690] systemd[1]: systemd-modules-load.service: Main process exited, code=exited, status=1/FAILURE
[    8.794088] systemd[1]: systemd-modules-load.service: Failed with result 'exit-code'.
[    8.795466] systemd[1]: Failed to start Load Kernel Modules.
[[0;1;31mFAILED[0m] Failed to start [0;1;39mLoad Kernel Modules[0m.
See 'systemctl status systemd-modules-load.service' for details.
[    8.805378] systemd[1]: Finished Generate network units from Kernel command line.
[[0;32m  OK  [0m] Finished [0;1;39mGenerate network units from Kernel command line[0m.
[    8.807773] systemd[1]: Finished Remount Root and Kernel File Systems.
[[0;32m  OK  [0m] Finished [0;1;39mRemount Root and Kernel File Systems[0m.
[    8.813690] systemd[1]: Started Journal Service.
[[0;32m  OK  [0m] Started [0;1;39mJournal Service[0m.
[[0;32m  OK  [0m] Reached target [0;1;39mPreparation for Network[0m.
         Mounting [0;1;39mFUSE Control File System[0m...
         Mounting [0;1;39mKernel Configuration File System[0m...
         Starting [0;1;39mFlush Journal to Persistent Storage[0m...
         Starting [0;1;39mLoad/Save Random Seed[0m...
         Starting [0;1;39mApply Kernel Variables[0m...
[    8.916318] systemd-journald[142]: Received client request to flush runtime journal.
         Starting [0;1;39mCreate Static Device Nodes in /dev[0m...
         Starting [0;1;39mSetup Virtual Console[0m...
[[0;32m  OK  [0m] Mounted [0;1;39mFUSE Control File System[0m.
[[0;32m  OK  [0m] Mounted [0;1;39mKernel Configuration File System[0m.
[[0;32m  OK  [0m] Finished [0;1;39mFlush Journal to Persistent Storage[0m.
[[0;32m  OK  [0m] Finished [0;1;39mLoad/Save Random Seed[0m.
[[0;32m  OK  [0m] Finished [0;1;39mApply Kernel Variables[0m.
[[0;32m  OK  [0m] Finished [0;1;39mCreate Static Device Nodes in /dev[0m.
         Starting [0;1;39mRule-based Manage…for Device Events and Files[0m...
[[0;32m  OK  [0m] Started [0;1;39mRule-based Manager for Device Events and Files[0m.
         Starting [0;1;39mAuto-connect to s…E devices found during boot[0m...
[[0;32m  OK  [0m] Finished [0;1;39mAuto-connect to s…VME devices found during boot[0m.
[[0;32m  OK  [0m] Finished [0;1;39mSetup Virtual Console[0m.
[[0;32m  OK  [0m] Finished [0;1;39mColdplug All udev Devices[0m.
         Starting [0;1;39mShow Plymouth Boot Screen[0m...
         Starting [0;1;39mWait for udev To …plete Device Initialization[0m...
[2J[3J[-1;-1f[[0;32m  OK  [0m] Started [0;1;39mShow Plymouth Boot Screen[0m.
[[0;32m  OK  [0m] Started [0;1;39mForward Password R…s to Plymouth Directory Watch[0m.
[[0;32m  OK  [0m] Reached target [0;1;39mLocal Encrypted Volumes[0m.
[[0;32m  OK  [0m] Reached target [0;1;39mPath Units[0m.
[[0;32m  OK  [0m] Found device [0;1;39m/dev/ttyS0[0m.
[[0;32m  OK  [0m] Listening on [0;1;39mLoad/Save RF …itch Status /dev/rfkill Watch[0m.
[[0;32m  OK  [0m] Finished [0;1;39mWait for udev To Complete Device Initialization[0m.
[[0;32m  OK  [0m] Reached target [0;1;39mPreparation for Local File Systems[0m.
[[0;32m  OK  [0m] Reached target [0;1;39mLocal File Systems[0m.
         Starting [0;1;39mTell Plymouth To Write Out Runtime Data[0m...
         Starting [0;1;39mAutomatic Boot Loader Update[0m...
         Starting [0;1;39mCreate Volatile Files and Directories[0m...
[[0;32m  OK  [0m] Finished [0;1;39mTell Plymouth To Write Out Runtime Data[0m.
[[0;32m  OK  [0m] Finished [0;1;39mAutomatic Boot Loader Update[0m.
[[0;32m  OK  [0m] Finished [0;1;39mCreate Volatile Files and Directories[0m.
         Mounting [0;1;39mRPC Pipe File System[0m...
         Starting [0;1;39mSecurity Auditing Service[0m...
         Starting [0;1;39mRPC Bind[0m...
[[0;32m  OK  [0m] Mounted [0;1;39mRPC Pipe File System[0m.
[[0;32m  OK  [0m] Reached target [0;1;39mrpc_pipefs.target[0m.
[[0;32m  OK  [0m] Started [0;1;39mRPC Bind[0m.
[[0;32m  OK  [0m] Started [0;1;39mSecurity Auditing Service[0m.
         Starting [0;1;39mRecord System Boot/Shutdown in UTMP[0m...
[[0;32m  OK  [0m] Finished [0;1;39mRecord System Boot/Shutdown in UTMP[0m.
[[0;32m  OK  [0m] Reached target [0;1;39mSystem Initialization[0m.
[[0;32m  OK  [0m] Started [0;1;39mDaily rotation of log files[0m.
[[0;32m  OK  [0m] Started [0;1;39mUpdates mlocate database every day[0m.
[[0;32m  OK  [0m] Started [0;1;39mDaily Cleanup of Temporary Directories[0m.
[[0;32m  OK  [0m] Started [0;1;39mdaily update of the root trust anchor for DNSSEC[0m.
[[0;32m  OK  [0m] Reached target [0;1;39mTimer Units[0m.
[[0;32m  OK  [0m] Listening on [0;1;39mD-Bus System Message Bus Socket[0m.
[[0;32m  OK  [0m] Listening on [0;1;39mOpen-iSCSI iscsid Socket[0m.
[[0;32m  OK  [0m] Listening on [0;1;39mOpen-iSCSI iscsiuio Socket[0m.
[[0;32m  OK  [0m] Listening on [0;1;39mSSSD Kerberos…ache Manager responder socket[0m.
[[0;32m  OK  [0m] Listening on [0;1;39mLibvirt interface local socket[0m.
[[0;32m  OK  [0m] Listening on [0;1;39mVirtual machine lock manager socket[0m.
[[0;32m  OK  [0m] Listening on [0;1;39mVirtual machine log manager socket[0m.
[[0;32m  OK  [0m] Listening on [0;1;39mLibvirt network local socket[0m.
[[0;32m  OK  [0m] Listening on [0;1;39mLibvirt nodedev local socket[0m.
[[0;32m  OK  [0m] Listening on [0;1;39mLibvirt nwfilter local socket[0m.
[[0;32m  OK  [0m] Listening on [0;1;39mLibvirt proxy local socket[0m.
[[0;32m  OK  [0m] Listening on [0;1;39mLibvirt qemu local socket[0m.
[[0;32m  OK  [0m] Listening on [0;1;39mLibvirt qemu admin socket[0m.
[[0;32m  OK  [0m] Listening on [0;1;39mLibvirt qemu local read-only socket[0m.
[[0;32m  OK  [0m] Listening on [0;1;39mLibvirt secret local socket[0m.
[[0;32m  OK  [0m] Listening on [0;1;39mLibvirt storage local socket[0m.
[[0;32m  OK  [0m] Reached target [0;1;39mSocket Units[0m.
         Starting [0;1;39mD-Bus System Message Bus[0m...
[[0;32m  OK  [0m] Started [0;1;39mD-Bus System Message Bus[0m.
[[0;32m  OK  [0m] Reached target [0;1;39mBasic System[0m.
         Starting [0;1;39mNetwork Manager[0m...
         Starting [0;1;39mNTP client/server[0m...
         Starting [0;1;39mRestore /run/initramfs on shutdown[0m...
[[0;32m  OK  [0m] Started [0;1;39mirqbalance daemon[0m.
[[0;32m  OK  [0m] Started [0;1;39mlibstoragemgmt plug-in server daemon[0m.
[[0;32m  OK  [0m] Started [0;1;39mMachine Check Exception Logging Daemon[0m.
[[0;32m  OK  [0m] Reached target [0;1;39msshd-keygen.target[0m.
[[0;32m  OK  [0m] Reached target [0;1;39mUser and Group Name Lookups[0m.
         Starting [0;1;39mUser Login Management[0m...
         Starting [0;1;39mVirtual Machine a…tainer Registration Service[0m...
[[0;32m  OK  [0m] Finished [0;1;39mRestore /run/initramfs on shutdown[0m.
[[0;32m  OK  [0m] Started [0;1;39mVirtual Machine an…ontainer Registration Service[0m.
         Starting [0;1;39mHostname Service[0m...
[[0;32m  OK  [0m] Started [0;1;39mNTP client/server[0m.
[[0;32m  OK  [0m] Started [0;1;39mUser Login Management[0m.
[[0;32m  OK  [0m] Started [0;1;39mHostname Service[0m.
         Starting [0;1;39mNetwork Manager Script Dispatcher Service[0m...
[[0;32m  OK  [0m] Started [0;1;39mNetwork Manager Script Dispatcher Service[0m.
[   12.516572] e1000: eth0 NIC Link is Up 1000 Mbps Full Duplex, Flow Control: RX
[[0;32m  OK  [0m] Started [0;1;39mNetwork Manager[0m.
[[0;32m  OK  [0m] Reached target [0;1;39mNetwork[0m.
[[0;32m  OK  [0m] Reached target [0;1;39mNetwork is Online[0m.
         Starting [0;1;39mGSSAPI Proxy Daemon[0m...
         Starting [0;1;39mNotify NFS peers of a restart[0m...
         Starting [0;1;39mSystem Logging Service[0m...
         Starting [0;1;39mOpenSSH server daemon[0m...
         Starting [0;1;39mDynamic System Tuning Daemon[0m...
[[0;32m  OK  [0m] Started [0;1;39mNotify NFS peers of a restart[0m.
[[0;32m  OK  [0m] Started [0;1;39mGSSAPI Proxy Daemon[0m.
[[0;32m  OK  [0m] Reached target [0;1;39mNFS client services[0m.
[[0;32m  OK  [0m] Reached target [0;1;39mPreparation for Remote File Systems[0m.
[[0;32m  OK  [0m] Reached target [0;1;39mRemote File Systems[0m.
         Starting [0;1;39mPermit User Sessions[0m...
         Starting [0;1;39mVirtualization qemu daemon[0m...
[[0;32m  OK  [0m] Started [0;1;39mOpenSSH server daemon[0m.
[[0;32m  OK  [0m] Finished [0;1;39mPermit User Sessions[0m.
[[0;32m  OK  [0m] Started [0;1;39mDeferred execution scheduler[0m.
[[0;32m  OK  [0m] Started [0;1;39mCommand Scheduler[0m.
         Starting [0;1;39mHold until boot process finishes up[0m...
         Starting [0;1;39mTerminate Plymouth Boot Screen[0m...
[[0;32m  OK  [0m] Started [0;1;39mSystem Logging Service[0m.
[[0;32m  OK  [0m] Started [0;1;39mVirtualization qemu daemon[0m.

CentOS Stream 9
Kernel 6.19.0-rc6-5dbeeb268b63+ on an x86_64

Activate the web console with: systemctl enable --now cockpit.socket

test login: 