c[?7l[2J[0mSeaBIOS (version rel-1.16.3-0-ga6ed6b701f0a-prebuilt.qemu.org)


iPXE (http://ipxe.org) 00:03.0 CA00 PCI2.10 PnP PMM+7EFD0D60+7EF30D60 CA00
Press Ctrl-B to configure iPXE (PCI 00:03.0)...                                                                               


Booting from ROM..c[?7l[2J[    0.000000] Linux version 6.19.0-60dc45dde44e+ (root@gnr-800442) (gcc (GCC) 11.5.0 20240719 (Red Hat 11.5.0-14), GNU ld version 2.35.2-66.el9) #1 SMP PREEMPT_DYNAMIC Tue Mar 10 13:56:02 CST 2026
[    0.000000] Command line: console=ttyS0 root=/dev/sda earlyprintk=serial net.ifnames=0 thunderbolt.dyndbg
[    0.000000] KERNEL supported cpus:
[    0.000000]   Intel GenuineIntel
[    0.000000]   AMD AuthenticAMD
[    0.000000]   Hygon HygonGenuine
[    0.000000]   Centaur CentaurHauls
[    0.000000]   zhaoxin   Shanghai  
[    0.000000] x86/CPU: Model not found in latest microcode list
[    0.000000] x86/split lock detection: #DB: warning on user-space bus_locks
[    0.000000] BIOS-provided physical RAM map:
[    0.000000] BIOS-e820: [mem 0x0000000000000000-0x000000000009fbff]  System RAM
[    0.000000] BIOS-e820: [mem 0x000000000009fc00-0x000000000009ffff]  device reserved
[    0.000000] BIOS-e820: [gap 0x00000000000a0000-0x00000000000effff]
[    0.000000] BIOS-e820: [mem 0x00000000000f0000-0x00000000000fffff]  device reserved
[    0.000000] BIOS-e820: [mem 0x0000000000100000-0x000000007ffdffff]  System RAM
[    0.000000] BIOS-e820: [mem 0x000000007ffe0000-0x000000007fffffff]  device reserved
[    0.000000] BIOS-e820: [gap 0x0000000080000000-0x00000000feffbfff]
[    0.000000] BIOS-e820: [mem 0x00000000feffc000-0x00000000feffffff]  device reserved
[    0.000000] BIOS-e820: [gap 0x00000000ff000000-0x00000000fffbffff]
[    0.000000] BIOS-e820: [mem 0x00000000fffc0000-0x00000000ffffffff]  device reserved
[    0.000000] printk: legacy bootconsole [earlyser0] enabled
[    0.000000] NX (Execute Disable) protection: active
[    0.000000] APIC: Static calls initialized
[    0.000000] SMBIOS 3.0.0 present.
[    0.000000] DMI: QEMU Standard PC (i440FX + PIIX, 1996), BIOS rel-1.16.3-0-ga6ed6b701f0a-prebuilt.qemu.org 04/01/2014
[    0.000000] DMI: Memory slots populated: 1/1
[    0.000000] Hypervisor detected: KVM
[    0.000000] last_pfn = 0x7ffe0 max_arch_pfn = 0x10000000000
[    0.000000] kvm-clock: Using msrs 4b564d01 and 4b564d00
[    0.000003] kvm-clock: using sched offset of 716923150 cycles
[    0.000482] clocksource: kvm-clock: mask: 0xffffffffffffffff max_cycles: 0x1cd42e4dffb, max_idle_ns: 881590591483 ns
[    0.001948] tsc: Detected 2500.000 MHz processor
[    0.010534] last_pfn = 0x7ffe0 max_arch_pfn = 0x10000000000
[    0.011059] MTRR map: 4 entries (3 fixed + 1 variable; max 19), built from 8 variable MTRRs
[    0.011815] x86/PAT: Configuration [0-7]: WB  WC  UC- UC  WB  WP  UC- WT  
[    0.017659] found SMP MP-table at [mem 0x000f5480-0x000f548f]
[    0.018220] Using GB pages for direct mapping
[    0.020824] ACPI: Early table checksum verification disabled
[    0.021353] ACPI: RSDP 0x00000000000F52A0 000014 (v00 BOCHS )
[    0.021896] ACPI: RSDT 0x000000007FFE1C9B 000034 (v01 BOCHS  BXPC     00000001 BXPC 00000001)
[    0.022693] ACPI: FACP 0x000000007FFE1B47 000074 (v01 BOCHS  BXPC     00000001 BXPC 00000001)
[    0.023481] ACPI: DSDT 0x000000007FFE0040 001B07 (v01 BOCHS  BXPC     00000001 BXPC 00000001)
[    0.024263] ACPI: FACS 0x000000007FFE0000 000040
[    0.024696] ACPI: APIC 0x000000007FFE1BBB 000080 (v03 BOCHS  BXPC     00000001 BXPC 00000001)
[    0.025478] ACPI: HPET 0x000000007FFE1C3B 000038 (v01 BOCHS  BXPC     00000001 BXPC 00000001)
[    0.026259] ACPI: WAET 0x000000007FFE1C73 000028 (v01 BOCHS  BXPC     00000001 BXPC 00000001)
[    0.027041] ACPI: Reserving FACP table memory at [mem 0x7ffe1b47-0x7ffe1bba]
[    0.027680] ACPI: Reserving DSDT table memory at [mem 0x7ffe0040-0x7ffe1b46]
[    0.028318] ACPI: Reserving FACS table memory at [mem 0x7ffe0000-0x7ffe003f]
[    0.028959] ACPI: Reserving APIC table memory at [mem 0x7ffe1bbb-0x7ffe1c3a]
[    0.029591] ACPI: Reserving HPET table memory at [mem 0x7ffe1c3b-0x7ffe1c72]
[    0.030225] ACPI: Reserving WAET table memory at [mem 0x7ffe1c73-0x7ffe1c9a]
[    0.031442] No NUMA configuration found
[    0.031794] Faking a node at [mem 0x0000000000000000-0x000000007ffdffff]
[    0.032431] NODE_DATA(0) allocated [mem 0x7ffb4ec0-0x7ffdfcbf]
[    0.033977] Zone ranges:
[    0.034230]   DMA      [mem 0x0000000000001000-0x0000000000ffffff]
[    0.034806]   DMA32    [mem 0x0000000001000000-0x000000007ffdffff]
[    0.035384]   Normal   empty
[    0.035653]   Device   empty
[    0.035920] Movable zone start for each node
[    0.036314] Early memory node ranges
[    0.036644]   node   0: [mem 0x0000000000001000-0x000000000009efff]
[    0.037216]   node   0: [mem 0x0000000000100000-0x000000007ffdffff]
[    0.037782] Initmem setup node 0 [mem 0x0000000000001000-0x000000007ffdffff]
[    0.038684] On node 0, zone DMA: 1 pages in unavailable ranges
[    0.039412] On node 0, zone DMA: 97 pages in unavailable ranges
[    0.068149] On node 0, zone DMA32: 32 pages in unavailable ranges
[    0.122341] KernelAddressSanitizer initialized (generic)
[    0.123131] ACPI: PM-Timer IO Port: 0x608
[    0.123536] ACPI: LAPIC_NMI (acpi_id[0xff] dfl dfl lint[0x1])
[    0.124115] IOAPIC[0]: apic_id 0, version 17, address 0xfec00000, GSI 0-23
[    0.124773] ACPI: INT_SRC_OVR (bus 0 bus_irq 0 global_irq 2 dfl dfl)
[    0.125360] ACPI: INT_SRC_OVR (bus 0 bus_irq 5 global_irq 5 high level)
[    0.125962] ACPI: INT_SRC_OVR (bus 0 bus_irq 9 global_irq 9 high level)
[    0.126580] ACPI: INT_SRC_OVR (bus 0 bus_irq 10 global_irq 10 high level)
[    0.127187] ACPI: INT_SRC_OVR (bus 0 bus_irq 11 global_irq 11 high level)
[    0.127821] ACPI: Using ACPI (MADT) for SMP configuration information
[    0.128405] ACPI: HPET id: 0x8086a201 base: 0xfed00000
[    0.128891] TSC deadline timer available
[    0.129257] CPU topo: Max. logical packages:   1
[    0.129677] CPU topo: Max. logical dies:       1
[    0.130093] CPU topo: Max. dies per package:   1
[    0.130522] CPU topo: Max. threads per core:   1
[    0.130942] CPU topo: Num. cores per package:     2
[    0.131376] CPU topo: Num. threads per package:   2
[    0.131817] CPU topo: Allowing 2 present CPUs plus 0 hotplug CPUs
[    0.132411] kvm-guest: APIC: eoi() replaced with kvm_guest_apic_eoi_write()
[    0.133059] kvm-guest: KVM setup pv remote TLB flush
[    0.133513] kvm-guest: setup PV sched yield
[    0.133933] PM: hibernation: Registered nosave memory: [mem 0x00000000-0x00000fff]
[    0.134632] PM: hibernation: Registered nosave memory: [mem 0x0009f000-0x000fffff]
[    0.135316] [gap 0x80000000-0xfeffbfff] available for PCI devices
[    0.135871] Booting paravirtualized kernel on KVM
[    0.136302] clocksource: refined-jiffies: mask: 0xffffffff max_cycles: 0xffffffff, max_idle_ns: 7645519600211568 ns
[    0.137255] setup_percpu: NR_CPUS:8192 nr_cpumask_bits:2 nr_cpu_ids:2 nr_node_ids:1
[    0.138416] percpu: Embedded 81 pages/cpu s294912 r8192 d28672 u1048576
[    0.139206] kvm-guest: PV spinlocks enabled
[    0.139607] PV qspinlock hash table entries: 256 (order: 0, 4096 bytes, linear)
[    0.140273] Kernel command line: net.ifnames=0 console=ttyS0 root=/dev/sda earlyprintk=serial net.ifnames=0 thunderbolt.dyndbg
[    0.141602] random: crng init done
[    0.141916] printk: log buffer data + meta data: 262144 + 917504 = 1179648 bytes
[    0.142970] Dentry cache hash table entries: 262144 (order: 9, 2097152 bytes, linear)
[    0.144049] Inode-cache hash table entries: 131072 (order: 8, 1048576 bytes, linear)
[    0.145046] Fallback order for Node 0: 0 
[    0.145057] Built 1 zonelists, mobility grouping on.  Total pages: 524158
[    0.146015] Policy zone: DMA32
[    0.146287] mem auto-init: stack:off, heap alloc:off, heap free:off
[    0.146846] stackdepot: allocating hash table via alloc_large_system_hash
[    0.147462] stackdepot hash table entries: 1048576 (order: 12, 16777216 bytes, linear)
[    0.151136] stackdepot: allocating space for 8192 stack pools via memblock
[    0.186397] SLUB: HWalign=64, Order=0-3, MinObjects=0, CPUs=2, Nodes=1
[    0.186997] kmemleak: Kernel memory leak detector disabled
[    0.223755] ftrace: allocating 75510 entries in 296 pages
[    0.224246] ftrace: allocated 296 pages with 3 groups
[    0.227539] Dynamic Preempt: lazy
[    0.228342] Running RCU self tests
[    0.228648] Running RCU synchronous self tests
[    0.229044] rcu: Preemptible hierarchical RCU implementation.
[    0.229555] rcu: 	RCU lockdep checking is enabled.
[    0.229987] rcu: 	RCU restricting CPUs from NR_CPUS=8192 to nr_cpu_ids=2.
[    0.230606] 	Trampoline variant of Tasks RCU enabled.
[    0.231048] 	Rude variant of Tasks RCU enabled.
[    0.231453] 	Tracing variant of Tasks RCU enabled.
[    0.231875] rcu: RCU calculated value of scheduler-enlistment delay is 25 jiffies.
[    0.232540] rcu: Adjusting geometry for rcu_fanout_leaf=16, nr_cpu_ids=2
[    0.233216] Running RCU synchronous self tests
[    0.233618] RCU Tasks: Setting shift to 1 and lim to 1 rcu_task_cb_adjust=1 rcu_task_cpu_ids=2.
[    0.234389] RCU Tasks Rude: Setting shift to 1 and lim to 1 rcu_task_cb_adjust=1 rcu_task_cpu_ids=2.
[    0.311647] NR_IRQS: 524544, nr_irqs: 440, preallocated irqs: 16
[    0.312796] rcu: srcu_init: Setting srcu_struct sizes based on contention.
[    0.321815] Console: colour VGA+ 80x25
[    0.322226] printk: legacy console [ttyS0] enabled
[    0.322226] printk: legacy console [ttyS0] enabled
[    0.323113] printk: legacy bootconsole [earlyser0] disabled
[    0.323113] printk: legacy bootconsole [earlyser0] disabled
[    0.324120] Lock dependency validator: Copyright (c) 2006 Red Hat, Inc., Ingo Molnar
[    0.324819] ... MAX_LOCKDEP_SUBCLASSES:  8
[    0.325188] ... MAX_LOCK_DEPTH:          48
[    0.325580] ... MAX_LOCKDEP_KEYS:        8192
[    0.325976] ... CLASSHASH_SIZE:          4096
[    0.326374] ... MAX_LOCKDEP_ENTRIES:     32768
[    0.326781] ... MAX_LOCKDEP_CHAINS:      65536
[    0.327188] ... CHAINHASH_SIZE:          32768
[    0.327602]  memory used by lock dependency info: 6429 kB
[    0.328092]  memory used for stack traces: 4224 kB
[    0.328539]  per task-struct memory footprint: 1920 bytes
[    0.329108] ACPI: Core revision 20251212
[    0.329900] clocksource: hpet: mask: 0xffffffff max_cycles: 0xffffffff, max_idle_ns: 19112604467 ns
[    0.330904] APIC: Switch to symmetric I/O mode setup
[    0.331545] x2apic enabled
[    0.332196] APIC: Switched APIC routing to: physical x2apic
[    0.332723] kvm-guest: APIC: send_IPI_mask() replaced with kvm_send_ipi_mask()
[    0.333388] kvm-guest: APIC: send_IPI_mask_allbutself() replaced with kvm_send_ipi_mask_allbutself()
[    0.334213] kvm-guest: setup PV IPIs
[    0.335704] ..TIMER: vector=0x30 apic1=0 pin1=2 apic2=-1 pin2=-1
[    0.336278] clocksource: tsc-early: mask: 0xffffffffffffffff max_cycles: 0x240939f1bb2, max_idle_ns: 440795263295 ns
[    0.337247] Calibrating delay loop (skipped) preset value.. 5000.00 BogoMIPS (lpj=10000000)
[    0.338148] x86/cpu: User Mode Instruction Prevention (UMIP) activated
[    0.338835] Last level iTLB entries: 4KB 0, 2MB 0, 4MB 0
[    0.341739] Last level dTLB entries: 4KB 0, 2MB 0, 4MB 0, 1GB 0
[    0.342306] mitigations: Enabled attack vectors: user_kernel, user_user, guest_host, guest_guest, SMT mitigations: auto
[    0.343290] Speculative Store Bypass: Mitigation: Speculative Store Bypass disabled via prctl
[    0.344052] Spectre V2 : Mitigation: Enhanced / Automatic IBRS
[    0.344579] ITS: Mitigation: Aligned branch/return thunks
[    0.345073] Spectre V1 : Mitigation: usercopy/swapgs barriers and __user pointer sanitization
[    0.345242] Spectre V2 : WARNING: Unprivileged eBPF is enabled with eIBRS on, data leaks possible via Spectre v2 BHB attacks!
[    0.346273] Spectre V2 : Spectre v2 / PBRSB-eIBRS: Retire a single CALL on VMEXIT
[    0.346937] Spectre V2 : mitigation: Enabling conditional Indirect Branch Prediction Barrier
[    0.347696] active return thunk: its_return_thunk
[    0.348122] Spectre V2 : Spectre BHI mitigation: SW BHB clearing on syscall and VM exit
[    0.349302] x86/fpu: Supporting XSAVE feature 0x001: 'x87 floating point registers'
[    0.349988] x86/fpu: Supporting XSAVE feature 0x002: 'SSE registers'
[    0.350559] x86/fpu: Supporting XSAVE feature 0x004: 'AVX registers'
[    0.351120] x86/fpu: Supporting XSAVE feature 0x020: 'AVX-512 opmask'
[    0.351695] x86/fpu: Supporting XSAVE feature 0x040: 'AVX-512 Hi256'
[    0.352264] x86/fpu: Supporting XSAVE feature 0x080: 'AVX-512 ZMM_Hi256'
[    0.352862] x86/fpu: Supporting XSAVE feature 0x200: 'Protection Keys User registers'
[    0.353239] x86/fpu: Supporting XSAVE feature 0x20000: 'AMX Tile config'
[    0.353833] x86/fpu: Supporting XSAVE feature 0x40000: 'AMX Tile data'
[    0.354424] x86/fpu: xstate_offset[2]:  576, xstate_sizes[2]:  256
[    0.354974] x86/fpu: xstate_offset[5]:  832, xstate_sizes[5]:   64
[    0.355531] x86/fpu: xstate_offset[6]:  896, xstate_sizes[6]:  512
[    0.356078] x86/fpu: xstate_offset[7]: 1408, xstate_sizes[7]: 1024
[    0.357239] x86/fpu: xstate_offset[9]: 2432, xstate_sizes[9]:    8
[    0.357799] x86/fpu: xstate_offset[17]: 2496, xstate_sizes[17]:   64
[    0.358367] x86/fpu: xstate_offset[18]: 2560, xstate_sizes[18]: 8192
[    0.358940] x86/fpu: Enabled xstate features 0x602e7, context size is 10752 bytes, using 'compacted' format.
[    0.523410] Freeing SMP alternatives memory: 64K
[    0.523847] pid_max: default: 32768 minimum: 301
[    0.524594] Yama: becoming mindful.
[    0.525421] Mount-cache hash table entries: 4096 (order: 3, 32768 bytes, linear)
[    0.526096] Mountpoint-cache hash table entries: 4096 (order: 3, 32768 bytes, linear)
[    0.527352] VFS: Finished mounting rootfs on nullfs
[    0.529007] Running RCU synchronous self tests
[    0.529244] Running RCU synchronous self tests
[    0.529962] smpboot: CPU0: Intel GENUINE INTEL(R) XEON(R) (family: 0x6, model: 0xad, stepping: 0x0)
[    0.531539] Performance Events: PEBS fmt0-, Granite Rapids events, 
[    0.531628] core: The event 0x400 is not supported as a normal event.
[    0.532775] core: The event 0x8000 is not supported as a normal event.
[    0.533235] core: The event 0x8100 is not supported as a normal event.
[    0.533235] core: The event 0x8200 is not supported as a normal event.
[    0.533252] core: The event 0x8300 is not supported as a normal event.
[    0.533841] core: The event 0x8400 is not supported as a normal event.
[    0.534426] core: The event 0x8500 is not supported as a normal event.
[    0.535001] core: The event 0x8600 is not supported as a normal event.
[    0.535582] core: The event 0x8700 is not supported as a normal event.
[    0.536175] full-width counters, Intel PMU driver.
[    0.536632] ... version:                   2
[    0.537012] ... bit width:                 48
[    0.537240] ... generic counters:          8
[    0.537617] ... generic bitmap:            00000000000000ff
[    0.538107] ... fixed-purpose counters:    3
[    0.538499] ... fixed-purpose bitmap:      0000000000000007
[    0.538990] ... value mask:                0000ffffffffffff
[    0.539488] ... max period:                00007fffffffffff
[    0.539974] ... global_ctrl mask:          00000007000000ff
[    0.540991] signal: max sigframe size: 11952
[    0.541390] rcu: Hierarchical SRCU implementation.
[    0.541824] rcu: 	Max phase no-delay instances is 1000.
[    0.542506] Timer migration: 1 hierarchy levels; 8 children per group; 1 crossnode level
[    0.567187] smp: Bringing up secondary CPUs ...
[    0.568188] smpboot: x86: Booting SMP configuration:
[    0.568655] .... node  #0, CPUs:      #1
[    0.569457] smp: Brought up 1 node, 2 CPUs
[    0.570213] smpboot: Total of 2 processors activated (10000.00 BogoMIPS)
[    0.571690] Memory: 1591808K/2096632K available (81156K kernel code, 15631K rwdata, 18872K rodata, 16484K init, 20712K bss, 493188K reserved, 0K cma-reserved)
[    0.574133] devtmpfs: initialized
[    0.574387] x86/mm: Memory block size: 128MB
[    0.586157] Running RCU synchronous self tests
[    0.586617] Running RCU synchronous self tests
[    0.589316] Running RCU Tasks wait API self tests
[    0.589756] Running RCU Tasks Rude wait API self tests
[    0.589782] Running RCU Tasks Trace wait API self tests
[    0.590345] clocksource: jiffies: mask: 0xffffffff max_cycles: 0xffffffff, max_idle_ns: 7645041785100000 ns
[    0.593305] posixtimers hash table entries: 1024 (order: 5, 73728 bytes, linear)
[    0.594007] futex hash table entries: 512 (65536 bytes on 1 NUMA nodes, total 64 KiB, linear).
[    0.597303] 
[    0.597467] *************************************************************
[    0.598065] **     NOTICE NOTICE NOTICE NOTICE NOTICE NOTICE NOTICE    **
[    0.598666] **                                                         **
[    0.599268] **  IOMMU DebugFS SUPPORT HAS BEEN ENABLED IN THIS KERNEL  **
[    0.599864] **                                                         **
[    0.600463] ** This means that this kernel is built to expose internal **
[    0.601065] ** IOMMU data structures, which may compromise security on **
[    0.601241] ** your system.                                            **
[    0.601847] **                                                         **
[    0.602443] ** If you see this message and you are not debugging the   **
[    0.603044] ** kernel, report this immediately to your vendor!         **
[    0.603643] **                                                         **
[    0.604246] **     NOTICE NOTICE NOTICE NOTICE NOTICE NOTICE NOTICE    **
[    0.604853] *************************************************************
[    0.605326] PM: RTC time: 08:52:12, date: 2026-03-12
[    0.608389] NET: Registered PF_NETLINK/PF_ROUTE protocol family
[    0.610711] DMA: preallocated 256 KiB GFP_KERNEL|GFP_DMA pool for atomic allocations
[    0.611429] DMA: preallocated 256 KiB GFP_KERNEL|GFP_DMA32 pool for atomic allocations
[    0.612229] audit: initializing netlink subsys (disabled)
[    0.613277] audit: type=2000 audit(1773305532.385:1): state=initialized audit_enabled=0 res=1
[    0.615200] thermal_sys: Registered thermal governor 'fair_share'
[    0.615211] thermal_sys: Registered thermal governor 'bang_bang'
[    0.615803] thermal_sys: Registered thermal governor 'step_wise'
[    0.616335] thermal_sys: Registered thermal governor 'user_space'
[    0.617286] Callback from call_rcu_tasks_trace() invoked.
[    0.617251] cpuidle: using governor ladder
[    0.618735] cpuidle: using governor menu
[    0.618735] acpiphp: ACPI Hot Plug PCI Controller Driver version: 0.5
[    0.618735] PCI: Using configuration type 1 for base access
[    0.621596] kprobes: kprobe jump-optimization is enabled. All kprobes are optimized if possible.
[    0.625345] HugeTLB: registered 1.00 GiB page size, pre-allocated 0 pages
[    0.625345] HugeTLB: 16380 KiB vmemmap can be freed for a 1.00 GiB page
[    0.625345] HugeTLB: registered 2.00 MiB page size, pre-allocated 0 pages
[    0.625345] HugeTLB: 28 KiB vmemmap can be freed for a 2.00 MiB page
[    0.663264] ACPI: Added _OSI(Module Device)
[    0.663673] ACPI: Added _OSI(Processor Device)
[    0.664067] ACPI: Added _OSI(Processor Aggregator Device)
[    0.709243] ACPI: 1 ACPI AML tables successfully acquired and loaded
[    0.749346] ACPI: \_SB_: platform _OSC: OS support mask [002e7eff]
[    0.756779] ACPI: Interpreter enabled
[    0.757273] ACPI: PM: (supports S0 S3 S4 S5)
[    0.757670] ACPI: Using IOAPIC for interrupt routing
[    0.758231] PCI: Using host bridge windows from ACPI; if necessary, use "pci=nocrs" and report a bug
[    0.759037] PCI: Using E820 reservations for host bridge windows
[    0.761005] ACPI: Enabled 2 GPEs in block 00 to 0F
[    0.808435] ACPI: PCI Root Bridge [PCI0] (domain 0000 [bus 00-ff])
[    0.809043] acpi PNP0A03:00: _OSC: OS supports [ASPM ClockPM Segments MSI EDR HPX-Type3]
[    0.809246] acpi PNP0A03:00: _OSC: not requesting OS control; OS requires [ExtendedConfig ASPM ClockPM MSI]
[    0.810175] acpi PNP0A03:00: _OSC: platform retains control of PCIe features (AE_ERROR)
[    0.810996] acpi PNP0A03:00: fail to add MMCONFIG information, can't access extended configuration space under this bridge
[    0.817669] acpiphp: Slot [3] registered
[    0.818187] acpiphp: Slot [4] registered
[    0.818703] acpiphp: Slot [5] registered
[    0.819212] acpiphp: Slot [6] registered
[    0.819725] acpiphp: Slot [7] registered
[    0.820236] acpiphp: Slot [8] registered
[    0.820759] acpiphp: Slot [9] registered
[    0.821273] acpiphp: Slot [10] registered
[    0.821800] acpiphp: Slot [11] registered
[    0.822324] acpiphp: Slot [12] registered
[    0.822860] acpiphp: Slot [13] registered
[    0.823373] acpiphp: Slot [14] registered
[    0.823894] acpiphp: Slot [15] registered
[    0.824415] acpiphp: Slot [16] registered
[    0.824932] acpiphp: Slot [17] registered
[    0.825404] acpiphp: Slot [18] registered
[    0.825919] acpiphp: Slot [19] registered
[    0.826439] acpiphp: Slot [20] registered
[    0.826960] acpiphp: Slot [21] registered
[    0.827480] acpiphp: Slot [22] registered
[    0.827998] acpiphp: Slot [23] registered
[    0.828523] acpiphp: Slot [24] registered
[    0.829033] acpiphp: Slot [25] registered
[    0.829395] acpiphp: Slot [26] registered
[    0.829909] acpiphp: Slot [27] registered
[    0.830430] acpiphp: Slot [28] registered
[    0.830944] acpiphp: Slot [29] registered
[    0.831473] acpiphp: Slot [30] registered
[    0.831983] acpiphp: Slot [31] registered
[    0.832422] PCI host bridge to bus 0000:00
[    0.832849] pci_bus 0000:00: root bus resource [io  0x0000-0x0cf7 window]
[    0.833247] pci_bus 0000:00: root bus resource [io  0x0d00-0xffff window]
[    0.833855] pci_bus 0000:00: root bus resource [mem 0x000a0000-0x000bffff window]
[    0.834530] pci_bus 0000:00: root bus resource [mem 0x80000000-0xfebfffff window]
[    0.835202] pci_bus 0000:00: root bus resource [mem 0x100000000-0x17fffffff window]
[    0.835885] pci_bus 0000:00: root bus resource [bus 00-ff]
[    0.836483] pci 0000:00:00.0: [8086:1237] type 00 class 0x060000 conventional PCI endpoint
[    0.838907] pci 0000:00:01.0: [8086:7000] type 00 class 0x060100 conventional PCI endpoint
[    0.841160] pci 0000:00:01.1: [8086:7010] type 00 class 0x010180 conventional PCI endpoint
[    0.841821] pci 0000:00:01.1: BAR 4 [io  0xc040-0xc04f]
[    0.842327] pci 0000:00:01.1: BAR 0 [io  0x01f0-0x01f7]: legacy IDE quirk
[    0.842930] pci 0000:00:01.1: BAR 1 [io  0x03f6]: legacy IDE quirk
[    0.843482] pci 0000:00:01.1: BAR 2 [io  0x0170-0x0177]: legacy IDE quirk
[    0.844079] pci 0000:00:01.1: BAR 3 [io  0x0376]: legacy IDE quirk
[    0.845922] pci 0000:00:01.3: [8086:7113] type 00 class 0x068000 conventional PCI endpoint
[    0.846956] pci 0000:00:01.3: quirk: [io  0x0600-0x063f] claimed by PIIX4 ACPI
[    0.847602] pci 0000:00:01.3: quirk: [io  0x0700-0x070f] claimed by PIIX4 SMB
[    0.849469] pci 0000:00:02.0: [1234:1111] type 00 class 0x030000 conventional PCI endpoint
[    0.851353] pci 0000:00:02.0: BAR 0 [mem 0xfd000000-0xfdffffff pref]
[    0.851940] pci 0000:00:02.0: BAR 2 [mem 0xfebf0000-0xfebf0fff]
[    0.852504] pci 0000:00:02.0: ROM [mem 0xfebe0000-0xfebeffff pref]
[    0.853136] pci 0000:00:02.0: Video device with shadowed ROM at [mem 0x000c0000-0x000dffff]
[    0.854504] pci 0000:00:03.0: [8086:100e] type 00 class 0x020000 conventional PCI endpoint
[    0.856150] pci 0000:00:03.0: BAR 0 [mem 0xfebc0000-0xfebdffff]
[    0.856690] pci 0000:00:03.0: BAR 1 [io  0xc000-0xc03f]
[    0.857188] pci 0000:00:03.0: ROM [mem 0xfeb80000-0xfebbffff pref]
[    0.882900] ACPI: PCI: Interrupt link LNKA configured for IRQ 10
[    0.884412] ACPI: PCI: Interrupt link LNKB configured for IRQ 10
[    0.886008] ACPI: PCI: Interrupt link LNKC configured for IRQ 11
[    0.887585] ACPI: PCI: Interrupt link LNKD configured for IRQ 11
[    0.888574] ACPI: PCI: Interrupt link LNKS configured for IRQ 9
[    0.893283] iommu: Default domain type: Translated
[    0.893742] iommu: DMA domain TLB invalidation policy: lazy mode
[    0.899765] SCSI subsystem initialized
[    0.901428] ACPI: bus type USB registered
[    0.902049] usbcore: registered new interface driver usbfs
[    0.902656] usbcore: registered new interface driver hub
[    0.903212] usbcore: registered new device driver usb
[    0.904023] pps_core: LinuxPPS API ver. 1 registered
[    0.904472] pps_core: Software ver. 5.3.6 - Copyright 2005-2007 Rodolfo Giometti <giometti@linux.it>
[    0.905272] PTP clock support registered
[    0.909484] EDAC MC: Ver: 3.0.0
[    0.915591] NetLabel: Initializing
[    0.915937] NetLabel:  domain hash size = 128
[    0.916336] NetLabel:  protocols = UNLABELED CIPSOv4 CALIPSO
[    0.916983] NetLabel:  unlabeled traffic allowed by default
[    0.921525] PCI: Using ACPI for IRQ routing
[    0.922031] e820: register RAM buffer resource [mem 0x0009fc00-0x0009ffff]
[    0.922684] e820: register RAM buffer resource [mem 0x7ffe0000-0x7fffffff]
[    0.923624] pci 0000:00:02.0: vgaarb: setting as boot VGA device
[    0.924182] pci 0000:00:02.0: vgaarb: bridge control possible
[    0.924710] pci 0000:00:02.0: vgaarb: VGA device added: decodes=io+mem,owns=io+mem,locks=none
[    0.925250] vgaarb: loaded
[    0.926199] hpet0: at MMIO 0xfed00000, IRQs 2, 8, 0
[    0.926666] hpet0: 3 comparators, 64-bit 100.000000 MHz counter
[    0.930457] clocksource: Switched to clocksource kvm-clock
[    0.932307] VFS: Disk quotas dquot_6.6.0
[    0.932713] VFS: Dquot-cache hash table entries: 512 (order 0, 4096 bytes)
[    0.945120] pnp: PnP ACPI init
[    0.949865] pnp: PnP ACPI: found 6 devices
[    0.971906] clocksource: acpi_pm: mask: 0xffffff max_cycles: 0xffffff, max_idle_ns: 2085701024 ns
[    0.973187] NET: Registered PF_INET protocol family
[    0.973755] IP idents hash table entries: 32768 (order: 6, 262144 bytes, linear)
[    0.975801] tcp_listen_portaddr_hash hash table entries: 1024 (order: 5, 73728 bytes, linear)
[    0.976647] Table-perturb hash table entries: 65536 (order: 6, 262144 bytes, linear)
[    0.977389] TCP established hash table entries: 16384 (order: 5, 131072 bytes, linear)
[    0.978430] TCP bind hash table entries: 16384 (order: 10, 2359296 bytes, linear)
[    0.980103] TCP: Hash tables configured (established 16384 bind 16384)
[    0.981045] UDP hash table entries: 1024 (order: 6, 262144 bytes, linear)
[    0.981742] UDP-Lite hash table entries: 1024 (order: 6, 262144 bytes, linear)
[    0.982705] NET: Registered PF_UNIX/PF_LOCAL protocol family
[    0.988501] RPC: Registered named UNIX socket transport module.
[    0.989087] RPC: Registered udp transport module.
[    0.989508] RPC: Registered tcp transport module.
[    0.989945] RPC: Registered tcp-with-tls transport module.
[    0.990439] RPC: Registered tcp NFSv4.1 backchannel transport module.
[    0.991034] pci_bus 0000:00: resource 4 [io  0x0000-0x0cf7 window]
[    0.991606] pci_bus 0000:00: resource 5 [io  0x0d00-0xffff window]
[    0.992199] pci_bus 0000:00: resource 6 [mem 0x000a0000-0x000bffff window]
[    0.992827] pci_bus 0000:00: resource 7 [mem 0x80000000-0xfebfffff window]
[    0.993436] pci_bus 0000:00: resource 8 [mem 0x100000000-0x17fffffff window]
[    0.994475] pci 0000:00:01.0: PIIX3: Enabling Passive Release
[    0.995026] pci 0000:00:00.0: Limiting direct PCI/PCI transfers
[    0.995642] PCI: CLS 0 bytes, default 64
[    0.996131] ACPI: bus type thunderbolt registered
[    0.996953] clocksource: tsc: mask: 0xffffffffffffffff max_cycles: 0x240939f1bb2, max_idle_ns: 440795263295 ns
[    3.764904] Initialise system trusted keyrings
[    3.765389] Key type blacklist registered
[    3.766341] workingset: timestamp_bits=36 max_order=19 bucket_order=0
[    3.768906] squashfs: version 4.0 (2009/01/31) Phillip Lougher
[    3.771551] NFS: Registering the id_resolver key type
[    3.772093] Key type id_resolver registered
[    3.772482] Key type id_legacy registered
[    3.772902] nfs4filelayout_init: NFSv4 File Layout Driver Registering...
[    3.773535] nfs4flexfilelayout_init: NFSv4 Flexfile Layout Driver Registering...
[    3.774524] fuse: init (API version 7.45)
[    3.775562] SGI XFS with ACLs, security attributes, realtime, quota, no debug enabled
[    3.778028] 9p: Installing v9fs 9p2000 file system support
[    3.794132] Key type asymmetric registered
[    3.794509] Asymmetric key parser 'x509' registered
[    3.795093] Block layer SCSI generic (bsg) driver version 0.4 loaded (major 241)
[    3.796311] io scheduler mq-deadline registered
[    3.796933] io scheduler bfq registered
[    3.798443] ledtrig-cpu: registered to indicate activity on CPUs
[    3.800661] IPMI message handler: version 39.2
[    3.801155] ipmi device interface
[    3.804010] input: Power Button as /devices/platform/LNXPWRBN:00/input/input0
[    3.805064] ACPI: button: Power Button [PWRF]
[    3.807629] ERST DBG: ERST support is disabled.
[    3.809627] Serial: 8250/16550 driver, 32 ports, IRQ sharing enabled
[    3.811774] 00:04: ttyS0 at I/O 0x3f8 (irq = 4, base_baud = 115200) is a 16550A
[    3.844533] Linux agpgart interface v0.103
[    3.847677] ACPI: bus type drm_connector registered
[    3.874878] brd: module loaded
[    3.891527] loop: module loaded
[    3.904577] scsi host0: ata_piix
[    3.906854] scsi host1: ata_piix
[    3.907785] ata1: PATA max MWDMA2 cmd 0x1f0 ctl 0x3f6 bmdma 0xc040 irq 14 lpm-pol 0
[    3.908502] ata2: PATA max MWDMA2 cmd 0x170 ctl 0x376 bmdma 0xc048 irq 15 lpm-pol 0
[    3.912657] tun: Universal TUN/TAP device driver, 1.6
[    3.913591] e100: Intel(R) PRO/100 Network Driver
[    3.914023] e100: Copyright(c) 1999-2006 Intel Corporation
[    3.914665] e1000: Intel(R) PRO/1000 Network Driver
[    3.915100] e1000: Copyright (c) 1999-2006 Intel Corporation.
[    3.932053] Callback from call_rcu_tasks() invoked.
[    4.068070] ata1: found unknown device (class 0)
[    4.069047] ata1.00: ATA-7: QEMU HARDDISK, 2.5+, max UDMA/100
[    4.069570] ata1.00: 17196647 sectors, multi 16: LBA48 
[    4.070551] ata2: found unknown device (class 0)
[    4.071376] ata2.00: ATAPI: QEMU DVD-ROM, 2.5+, max UDMA/100
[    4.073000] scsi 0:0:0:0: Direct-Access     ATA      QEMU HARDDISK    2.5+ PQ: 0 ANSI: 5
[    4.076012] sd 0:0:0:0: Attached scsi generic sg0 type 0
[    4.077497] scsi 1:0:0:0: CD-ROM            QEMU     QEMU DVD-ROM     2.5+ PQ: 0 ANSI: 5
[    4.079869] sd 0:0:0:0: [sda] 17196647 512-byte logical blocks: (8.80 GB/8.20 GiB)
[    4.080653] sd 0:0:0:0: [sda] Write Protect is off
[    4.081178] sd 0:0:0:0: [sda] Write cache: enabled, read cache: enabled, doesn't support DPO or FUA
[    4.082096] sd 0:0:0:0: [sda] Preferred minimum I/O size 512 bytes
[    4.106396] scsi 1:0:0:0: Attached scsi generic sg1 type 5
[    4.110443] sd 0:0:0:0: [sda] Attached SCSI disk
[    4.779784] ACPI: \_SB_.LNKC: Enabled at IRQ 11
[    5.096191] e1000 0000:00:03.0 eth0: (PCI:33MHz:32-bit) 52:54:00:12:34:56
[    5.096815] e1000 0000:00:03.0 eth0: Intel(R) PRO/1000 Network Connection
[    5.097585] e1000e: Intel(R) PRO/1000 Network Driver
[    5.098034] e1000e: Copyright(c) 1999 - 2015 Intel Corporation.
[    5.098726] igb: Intel(R) Gigabit Ethernet Network Driver
[    5.099211] igb: Copyright (c) 2007-2014 Intel Corporation.
[    5.100129] PPP generic driver version 2.4.2
[    5.102176] VFIO - User Level meta-driver version: 0.3
[    5.104105] usbcore: registered new interface driver uas
[    5.104771] usbcore: registered new interface driver usb-storage
[    5.105590] i8042: PNP: PS/2 Controller [PNP0303:KBD,PNP0f13:MOU] at 0x60,0x64 irq 1,12
[    5.107248] serio: i8042 KBD port at 0x60,0x64 irq 1
[    5.107764] serio: i8042 AUX port at 0x60,0x64 irq 12
[    5.109837] mousedev: PS/2 mouse device common for all mice
[    5.112585] rtc_cmos 00:05: RTC can wake from S4
[    5.115320] rtc_cmos 00:05: registered as rtc0
[    5.115860] rtc_cmos 00:05: setting system clock to 2026-03-12T08:52:16 UTC (1773305536)
[    5.116940] rtc_cmos 00:05: alarms up to one day, y3k, 242 bytes nvram, hpet irqs
[    5.117696] i2c_dev: i2c /dev entries driver
[    5.118196] device-mapper: core: CONFIG_IMA_DISABLE_HTABLE is disabled. Duplicate IMA measurements will not be recorded in the IMA log.
[    5.119313] device-mapper: uevent: version 1.0.3
[    5.120606] device-mapper: ioctl: 4.50.0-ioctl (2025-04-28) initialised: dm-devel@lists.linux.dev
[    5.121445] intel_pstate: CPU model not supported
[    5.122152] sdhci: Secure Digital Host Controller Interface driver
[    5.122702] sdhci: Copyright(c) Pierre Ossman
[    5.123312] sdhci-pltfm: SDHCI platform and OF driver helper
[    5.124409] input: AT Translated Set 2 keyboard as /devices/platform/i8042/serio0/input/input1
[    5.124808] drop_monitor: Initializing network drop monitor service
[    5.126214] NET: Registered PF_INET6 protocol family
[    5.126956] input: VirtualPS/2 VMware VMMouse as /devices/platform/i8042/serio1/input/input4
[    5.128665] Segment Routing with IPv6
[    5.129078] In-situ OAM (IOAM) with IPv6
[    5.129613] NET: Registered PF_PACKET protocol family
[    5.130534] 9pnet: Installing 9P2000 support
[    5.131014] Key type dns_resolver registered
[    5.132625] input: VirtualPS/2 VMware VMMouse as /devices/platform/i8042/serio1/input/input3
[    5.135103] IPI shorthand broadcast: enabled
[    5.204497] sched_clock: Marking stable (5184005549, 19821797)->(5210576878, -6749532)
[    5.206784] registered taskstats version 1
[    5.207928] Loading compiled-in X.509 certificates
[    5.302453] Demotion targets for Node 0: null
[    5.304105] Key type .fscrypt registered
[    5.304488] Key type fscrypt-provisioning registered
[    5.308820] Key type encrypted registered
[    5.309237] ima: No TPM chip found, activating TPM-bypass!
[    5.309761] ima: Allocated hash algorithm: sha1
[    5.310227] ima: No architecture policies found
[    5.310795] evm: Initialising EVM extended attributes:
[    5.311250] evm: security.selinux
[    5.311554] evm: security.SMACK64
[    5.311872] evm: security.SMACK64EXEC
[    5.312203] evm: security.SMACK64TRANSMUTE
[    5.312577] evm: security.SMACK64MMAP
[    5.312902] evm: security.apparmor
[    5.313205] evm: security.ima
[    5.313470] evm: security.capability
[    5.313792] evm: HMAC attrs: 0x1
[    5.316670] PM:   Magic number: 2:70:877
[    5.317928] RAS: Correctable Errors collector initialized.
[    5.318672] clk: Disabling unused clocks
[    5.319139] PM: genpd: Disabling unused power domains
[    5.320342] check access for rdinit=/init failed: -2, ignoring
[    5.320766] md: Waiting for all devices to be available before autodetect
[    5.321172] md: If you don't use raid, use raid=noautodetect
[    5.321525] md: Autodetecting RAID arrays.
[    5.321790] md: autorun ...
[    5.321968] md: ... autorun DONE.
[    5.333533] EXT4-fs (sda): INFO: recovery required on readonly filesystem
[    5.334016] EXT4-fs (sda): write access will be enabled during recovery
[    5.407884] EXT4-fs (sda): recovery complete
[    5.411987] EXT4-fs (sda): mounted filesystem 088740a9-c8b4-422c-999d-a804eb68a4da ro with ordered data mode. Quota mode: none.
[    5.412711] VFS: Mounted root (ext4 filesystem) readonly on device 8:0.
[    5.416706] devtmpfs: mounted
[    5.417434] VFS: Pivoted into new rootfs
[    5.439428] Freeing unused decrypted memory: 2036K
[    5.445445] Freeing unused kernel image (initmem) memory: 16484K
[    5.445923] Write protecting the kernel read-only data: 102400k
[    5.448925] Freeing unused kernel image (text/rodata gap) memory: 760K
[    5.450807] Freeing unused kernel image (rodata/data gap) memory: 1608K
[    6.583542] x86/mm: Checked W+X mappings: passed, no W+X pages found.
[    6.583951] Run /sbin/init as init process
[    6.801900] systemd[1]: systemd 252-15.el9 running in system mode (+PAM +AUDIT +SELINUX -APPARMOR +IMA +SMACK +SECCOMP +GCRYPT +GNUTLS +OPENSSL +ACL +BLKID +CURL +ELFUTILS -FIDO2 +IDN2 -IDN -IPTC +KMOD +LIBCRYPTSETUP +LIBFDISK +PCRE2 -PWQUALITY +P11KIT -QRENCODE +TPM2 +BZIP2 +LZ4 +XZ +ZLIB +ZSTD -BPF_FRAMEWORK +XKBCOMMON +UTMP +SYSVINIT default-hierarchy=unified)
[    6.803815] systemd[1]: Detected virtualization kvm.
[    6.804197] systemd[1]: Detected architecture x86-64.

Welcome to [0;31mCentOS Stream 9[0m!

[    6.812039] systemd[1]: Hostname set to <test>.
[    6.948859] systemd-rc-local-generator[113]: /etc/rc.d/rc.local is not marked executable, skipping.
[    7.491195] systemd[1]: Queued start job for default target Multi-User System.
[    7.506766] systemd[1]: Created slice Virtual Machine and Container Slice.
[[0;32m  OK  [0m] Created slice [0;1;39mVirtual Machine and Container Slice[0m.
[    7.511989] systemd[1]: Created slice Slice /system/getty.
[[0;32m  OK  [0m] Created slice [0;1;39mSlice /system/getty[0m.
[    7.515021] systemd[1]: Created slice Slice /system/modprobe.
[[0;32m  OK  [0m] Created slice [0;1;39mSlice /system/modprobe[0m.
[    7.518051] systemd[1]: Created slice Slice /system/serial-getty.
[[0;32m  OK  [0m] Created slice [0;1;39mSlice /system/serial-getty[0m.
[    7.521053] systemd[1]: Created slice Slice /system/sshd-keygen.
[[0;32m  OK  [0m] Created slice [0;1;39mSlice /system/sshd-keygen[0m.
[    7.523768] systemd[1]: Created slice User and Session Slice.
[[0;32m  OK  [0m] Created slice [0;1;39mUser and Session Slice[0m.
[    7.525111] systemd[1]: Started Forward Password Requests to Wall Directory Watch.
[[0;32m  OK  [0m] Started [0;1;39mForward Password R…uests to Wall Directory Watch[0m.
[    7.527156] systemd[1]: Set up automount Arbitrary Executable File Formats File System Automount Point.
[[0;32m  OK  [0m] Set up automount [0;1;39mArbitrary…s File System Automount Point[0m.
[    7.528686] systemd[1]: Reached target Local Integrity Protected Volumes.
[[0;32m  OK  [0m] Reached target [0;1;39mLocal Integrity Protected Volumes[0m.
[    7.529826] systemd[1]: Reached target Slice Units.
[[0;32m  OK  [0m] Reached target [0;1;39mSlice Units[0m.
[    7.530700] systemd[1]: Reached target Swaps.
[[0;32m  OK  [0m] Reached target [0;1;39mSwaps[0m.
[    7.531518] systemd[1]: Reached target Local Verity Protected Volumes.
[[0;32m  OK  [0m] Reached target [0;1;39mLocal Verity Protected Volumes[0m.
[    7.532919] systemd[1]: Listening on Device-mapper event daemon FIFOs.
[[0;32m  OK  [0m] Listening on [0;1;39mDevice-mapper event daemon FIFOs[0m.
[    7.534531] systemd[1]: Listening on LVM2 poll daemon socket.
[[0;32m  OK  [0m] Listening on [0;1;39mLVM2 poll daemon socket[0m.
[    7.535665] systemd[1]: multipathd control socket was skipped because of an unmet condition check (ConditionPathExists=/etc/multipath.conf).
[    7.579707] systemd[1]: Listening on RPCbind Server Activation Socket.
[[0;32m  OK  [0m] Listening on [0;1;39mRPCbind Server Activation Socket[0m.
[    7.581184] systemd[1]: Reached target RPC Port Mapper.
[[0;32m  OK  [0m] Reached target [0;1;39mRPC Port Mapper[0m.
[    7.584900] systemd[1]: Listening on Process Core Dump Socket.
[[0;32m  OK  [0m] Listening on [0;1;39mProcess Core Dump Socket[0m.
[    7.586720] systemd[1]: Listening on initctl Compatibility Named Pipe.
[[0;32m  OK  [0m] Listening on [0;1;39minitctl Compatibility Named Pipe[0m.
[    7.588843] systemd[1]: Listening on Journal Socket (/dev/log).
[[0;32m  OK  [0m] Listening on [0;1;39mJournal Socket (/dev/log)[0m.
[    7.590826] systemd[1]: Listening on Journal Socket.
[[0;32m  OK  [0m] Listening on [0;1;39mJournal Socket[0m.
[    7.592654] systemd[1]: Listening on udev Control Socket.
[[0;32m  OK  [0m] Listening on [0;1;39mudev Control Socket[0m.
[    7.594418] systemd[1]: Listening on udev Kernel Socket.
[[0;32m  OK  [0m] Listening on [0;1;39mudev Kernel Socket[0m.
[    7.600755] systemd[1]: Mounting Huge Pages File System...
         Mounting [0;1;39mHuge Pages File System[0m...
[    7.607952] systemd[1]: Mounting POSIX Message Queue File System...
         Mounting [0;1;39mPOSIX Message Queue File System[0m...
[    7.618725] systemd[1]: Mounting Kernel Debug File System...
         Mounting [0;1;39mKernel Debug File System[0m...
[    7.626005] systemd[1]: Mounting Kernel Trace File System...
         Mounting [0;1;39mKernel Trace File System[0m...
[    7.627160] systemd[1]: Kernel Module supporting RPCSEC_GSS was skipped because of an unmet condition check (ConditionPathExists=/etc/krb5.keytab).
[    7.632729] systemd[1]: Create List of Static Device Nodes was skipped because of an unmet condition check (ConditionFileNotEmpty=/lib/modules/6.19.0-60dc45dde44e+/modules.devname).
[    7.638893] systemd[1]: Starting Monitoring of LVM2 mirrors, snapshots etc. using dmeventd or progress polling...
         Starting [0;1;39mMonitoring of LVM…meventd or progress polling[0m...
[    7.650025] systemd[1]: Starting Load Kernel Module configfs...
         Starting [0;1;39mLoad Kernel Module configfs[0m...
[    7.657039] systemd[1]: Starting Load Kernel Module drm...
         Starting [0;1;39mLoad Kernel Module drm[0m...
[    7.670853] systemd[1]: Starting Load Kernel Module fuse...
         Starting [0;1;39mLoad Kernel Module fuse[0m...
[    7.686588] systemd[1]: Starting Read and set NIS domainname from /etc/sysconfig/network...
         Starting [0;1;39mRead and set NIS …from /etc/sysconfig/network[0m...
[    7.703395] systemd[1]: Starting Journal Service...
         Starting [0;1;39mJournal Service[0m...
[    7.727346] systemd[1]: Starting Load Kernel Modules...
         Starting [0;1;39mLoad Kernel Modules[0m...
[    7.746099] systemd[1]: Starting Generate network units from Kernel command line...
         Starting [0;1;39mGenerate network …ts from Kernel command line[0m...
[    7.764011] systemd[1]: Starting Remount Root and Kernel File Systems...
         Starting [0;1;39mRemount Root and Kernel File Systems[0m...
[    7.765393] systemd[1]: Repartition Root Disk was skipped because no trigger condition checks were met.
[    7.772132] systemd[1]: Starting Coldplug All udev Devices...
         Starting [0;1;39mColdplug All udev Devices[0m...
[    7.795276] systemd[1]: Mounted Huge Pages File System.
[[0;32m  OK  [0m] Mounted [0;1;39mHuge Pages File System[0m.
[    7.796941] systemd[1]: Mounted POSIX Message Queue File System.
[[0;32m  OK  [0m] Mounted [0;1;39mPOSIX Message Queue File System[0m.
[    7.798452] systemd[1]: Mounted Kernel Debug File System.
[[0;32m  OK  [0m] Mounted [0;1;39mKernel Debug File System[0m.
[    7.799812] systemd[1]: Mounted Kernel Trace File System.
[[0;32m  OK  [0m] Mounted [0;1;39mKernel Trace File System[0m.
[    7.814513] systemd[1]: Finished Monitoring of LVM2 mirrors, snapshots etc. using dmeventd or progress polling.
[[0;32m  OK  [0m] Finished [0;1;39mMonitoring of LVM… dmeventd or progress polling[0m.
[    7.829160] systemd[1]: modprobe@configfs.service: Deactivated successfully.
[    7.830757] systemd[1]: Finished Load Kernel Module configfs.
[[0;32m  OK  [0m] Finished [0;1;39mLoad Kernel Module configfs[0m.
[    7.838313] systemd[1]: modprobe@drm.service: Deactivated successfully.
[    7.848003] systemd[1]: Finished Load Kernel Module drm.
[[0;32m  OK  [0m] Finished [0;1;39mLoad Kernel Module drm[0m.
[    7.853979] systemd[1]: modprobe@fuse.service: Deactivated successfully.
[    7.863030] systemd[1]: Finished Load Kernel Module fuse.
[[0;32m  OK  [0m] Finished [0;1;39mLoad Kernel Module fuse[0m.
[    7.867899] EXT4-fs (sda): re-mounted 088740a9-c8b4-422c-999d-a804eb68a4da r/w.
[    7.880623] systemd[1]: Finished Read and set NIS domainname from /etc/sysconfig/network.
[[0;32m  OK  [0m] Finished [0;1;39mRead and set NIS …e from /etc/sysconfig/network[0m.
[    7.882508] systemd[1]: Started Journal Service.
[[0;32m  OK  [0m] Started [0;1;39mJournal Service[0m.
[[0;1;31mFAILED[0m] Failed to start [0;1;39mLoad Kernel Modules[0m.
See 'systemctl status systemd-modules-load.service' for details.
[[0;32m  OK  [0m] Finished [0;1;39mGenerate network units from Kernel command line[0m.
[[0;32m  OK  [0m] Finished [0;1;39mRemount Root and Kernel File Systems[0m.
[[0;32m  OK  [0m] Reached target [0;1;39mPreparation for Network[0m.
         Mounting [0;1;39mFUSE Control File System[0m...
         Mounting [0;1;39mKernel Configuration File System[0m...
         Starting [0;1;39mFlush Journal to Persistent Storage[0m...
         Starting [0;1;39mLoad/Save Random Seed[0m...
         Starting [0;1;39mApply Kernel Variables[0m...
         Starting [0;1;39mCreate Static Device Nodes in /dev[0m...
[    8.001007] systemd-journald[139]: Received client request to flush runtime journal.
         Starting [0;1;39mSetup Virtual Console[0m...
[[0;32m  OK  [0m] Mounted [0;1;39mFUSE Control File System[0m.
[[0;32m  OK  [0m] Mounted [0;1;39mKernel Configuration File System[0m.
[[0;32m  OK  [0m] Finished [0;1;39mFlush Journal to Persistent Storage[0m.
[[0;32m  OK  [0m] Finished [0;1;39mLoad/Save Random Seed[0m.
[[0;32m  OK  [0m] Finished [0;1;39mApply Kernel Variables[0m.
[[0;32m  OK  [0m] Finished [0;1;39mCreate Static Device Nodes in /dev[0m.
         Starting [0;1;39mRule-based Manage…for Device Events and Files[0m...
[[0;32m  OK  [0m] Started [0;1;39mRule-based Manager for Device Events and Files[0m.
         Starting [0;1;39mAuto-connect to s…E devices found during boot[0m...
[[0;32m  OK  [0m] Finished [0;1;39mSetup Virtual Console[0m.
[[0;32m  OK  [0m] Finished [0;1;39mAuto-connect to s…VME devices found during boot[0m.
[[0;32m  OK  [0m] Finished [0;1;39mColdplug All udev Devices[0m.
         Starting [0;1;39mShow Plymouth Boot Screen[0m...
         Starting [0;1;39mWait for udev To …plete Device Initialization[0m...
[2J[3J[-1;-1f[[0;32m  OK  [0m] Started [0;1;39mShow Plymouth Boot Screen[0m.
[[0;32m  OK  [0m] Started [0;1;39mForward Password R…s to Plymouth Directory Watch[0m.
[[0;32m  OK  [0m] Reached target [0;1;39mLocal Encrypted Volumes[0m.
[[0;32m  OK  [0m] Reached target [0;1;39mPath Units[0m.
[[0;32m  OK  [0m] Found device [0;1;39m/dev/ttyS0[0m.
[[0;32m  OK  [0m] Listening on [0;1;39mLoad/Save RF …itch Status /dev/rfkill Watch[0m.
[[0;32m  OK  [0m] Finished [0;1;39mWait for udev To Complete Device Initialization[0m.
[[0;32m  OK  [0m] Reached target [0;1;39mPreparation for Local File Systems[0m.
[[0;32m  OK  [0m] Reached target [0;1;39mLocal File Systems[0m.
         Starting [0;1;39mTell Plymouth To Write Out Runtime Data[0m...
         Starting [0;1;39mAutomatic Boot Loader Update[0m...
         Starting [0;1;39mCreate Volatile Files and Directories[0m...
[[0;32m  OK  [0m] Finished [0;1;39mTell Plymouth To Write Out Runtime Data[0m.
[[0;32m  OK  [0m] Finished [0;1;39mAutomatic Boot Loader Update[0m.
[[0;32m  OK  [0m] Finished [0;1;39mCreate Volatile Files and Directories[0m.
         Mounting [0;1;39mRPC Pipe File System[0m...
         Starting [0;1;39mSecurity Auditing Service[0m...
         Starting [0;1;39mRPC Bind[0m...
[[0;32m  OK  [0m] Mounted [0;1;39mRPC Pipe File System[0m.
[[0;32m  OK  [0m] Reached target [0;1;39mrpc_pipefs.target[0m.
[[0;32m  OK  [0m] Started [0;1;39mRPC Bind[0m.
[[0;32m  OK  [0m] Started [0;1;39mSecurity Auditing Service[0m.
         Starting [0;1;39mRecord System Boot/Shutdown in UTMP[0m...
[[0;32m  OK  [0m] Finished [0;1;39mRecord System Boot/Shutdown in UTMP[0m.
[[0;32m  OK  [0m] Reached target [0;1;39mSystem Initialization[0m.
[[0;32m  OK  [0m] Started [0;1;39mDaily rotation of log files[0m.
[[0;32m  OK  [0m] Started [0;1;39mUpdates mlocate database every day[0m.
[[0;32m  OK  [0m] Started [0;1;39mDaily Cleanup of Temporary Directories[0m.
[[0;32m  OK  [0m] Started [0;1;39mdaily update of the root trust anchor for DNSSEC[0m.
[[0;32m  OK  [0m] Reached target [0;1;39mTimer Units[0m.
[[0;32m  OK  [0m] Listening on [0;1;39mD-Bus System Message Bus Socket[0m.
[[0;32m  OK  [0m] Listening on [0;1;39mOpen-iSCSI iscsid Socket[0m.
[[0;32m  OK  [0m] Listening on [0;1;39mOpen-iSCSI iscsiuio Socket[0m.
[[0;32m  OK  [0m] Listening on [0;1;39mSSSD Kerberos…ache Manager responder socket[0m.
[[0;32m  OK  [0m] Listening on [0;1;39mLibvirt interface local socket[0m.
[[0;32m  OK  [0m] Listening on [0;1;39mVirtual machine lock manager socket[0m.
[[0;32m  OK  [0m] Listening on [0;1;39mVirtual machine log manager socket[0m.
[[0;32m  OK  [0m] Listening on [0;1;39mLibvirt network local socket[0m.
[[0;32m  OK  [0m] Listening on [0;1;39mLibvirt nodedev local socket[0m.
[[0;32m  OK  [0m] Listening on [0;1;39mLibvirt nwfilter local socket[0m.
[[0;32m  OK  [0m] Listening on [0;1;39mLibvirt proxy local socket[0m.
[[0;32m  OK  [0m] Listening on [0;1;39mLibvirt qemu local socket[0m.
[[0;32m  OK  [0m] Listening on [0;1;39mLibvirt qemu admin socket[0m.
[[0;32m  OK  [0m] Listening on [0;1;39mLibvirt qemu local read-only socket[0m.
[[0;32m  OK  [0m] Listening on [0;1;39mLibvirt secret local socket[0m.
[[0;32m  OK  [0m] Listening on [0;1;39mLibvirt storage local socket[0m.
[[0;32m  OK  [0m] Reached target [0;1;39mSocket Units[0m.
         Starting [0;1;39mD-Bus System Message Bus[0m...
[[0;32m  OK  [0m] Started [0;1;39mD-Bus System Message Bus[0m.
[[0;32m  OK  [0m] Reached target [0;1;39mBasic System[0m.
         Starting [0;1;39mNetwork Manager[0m...
         Starting [0;1;39mNTP client/server[0m...
         Starting [0;1;39mRestore /run/initramfs on shutdown[0m...
[[0;32m  OK  [0m] Started [0;1;39mirqbalance daemon[0m.
[[0;32m  OK  [0m] Started [0;1;39mlibstoragemgmt plug-in server daemon[0m.
[[0;32m  OK  [0m] Started [0;1;39mMachine Check Exception Logging Daemon[0m.
[[0;32m  OK  [0m] Reached target [0;1;39msshd-keygen.target[0m.
[[0;32m  OK  [0m] Reached target [0;1;39mUser and Group Name Lookups[0m.
         Starting [0;1;39mUser Login Management[0m...
         Starting [0;1;39mVirtual Machine a…tainer Registration Service[0m...
[[0;32m  OK  [0m] Finished [0;1;39mRestore /run/initramfs on shutdown[0m.
[[0;32m  OK  [0m] Started [0;1;39mVirtual Machine an…ontainer Registration Service[0m.
         Starting [0;1;39mHostname Service[0m...
[[0;32m  OK  [0m] Started [0;1;39mNTP client/server[0m.
[[0;32m  OK  [0m] Started [0;1;39mUser Login Management[0m.
[[0;32m  OK  [0m] Started [0;1;39mHostname Service[0m.
         Starting [0;1;39mNetwork Manager Script Dispatcher Service[0m...
[[0;32m  OK  [0m] Started [0;1;39mNetwork Manager Script Dispatcher Service[0m.
[   11.516025] e1000: eth0 NIC Link is Up 1000 Mbps Full Duplex, Flow Control: RX
[[0;32m  OK  [0m] Started [0;1;39mNetwork Manager[0m.
[[0;32m  OK  [0m] Reached target [0;1;39mNetwork[0m.
[[0;32m  OK  [0m] Reached target [0;1;39mNetwork is Online[0m.
         Starting [0;1;39mGSSAPI Proxy Daemon[0m...
         Starting [0;1;39mNotify NFS peers of a restart[0m...
         Starting [0;1;39mSystem Logging Service[0m...
         Starting [0;1;39mOpenSSH server daemon[0m...
         Starting [0;1;39mDynamic System Tuning Daemon[0m...
[[0;32m  OK  [0m] Started [0;1;39mNotify NFS peers of a restart[0m.
[[0;32m  OK  [0m] Started [0;1;39mGSSAPI Proxy Daemon[0m.
[[0;32m  OK  [0m] Reached target [0;1;39mNFS client services[0m.
[[0;32m  OK  [0m] Reached target [0;1;39mPreparation for Remote File Systems[0m.
[[0;32m  OK  [0m] Reached target [0;1;39mRemote File Systems[0m.
         Starting [0;1;39mPermit User Sessions[0m...
         Starting [0;1;39mVirtualization qemu daemon[0m...
[[0;32m  OK  [0m] Started [0;1;39mOpenSSH server daemon[0m.
[[0;32m  OK  [0m] Finished [0;1;39mPermit User Sessions[0m.
[[0;32m  OK  [0m] Started [0;1;39mDeferred execution scheduler[0m.
[[0;32m  OK  [0m] Started [0;1;39mCommand Scheduler[0m.
         Starting [0;1;39mHold until boot process finishes up[0m...
         Starting [0;1;39mTerminate Plymouth Boot Screen[0m...
[[0;32m  OK  [0m] Started [0;1;39mVirtualization qemu daemon[0m.
[[0;32m  OK  [0m] Started [0;1;39mSystem Logging Service[0m.

CentOS Stream 9
Kernel 6.19.0-60dc45dde44e+ on an x86_64

Activate the web console with: systemctl enable --now cockpit.socket

test login: [  300.332088] INFO: task systemd:725 blocked for more than 147 seconds.
[  300.332611]       Not tainted 6.19.0-60dc45dde44e+ #1
[  300.333020] "echo 0 > /proc/sys/kernel/hung_task_timeout_secs" disables this message.
[  300.333607] task:systemd         state:D stack:0     pid:725   tgid:1     ppid:0      task_flags:0x400040 flags:0x00080000
[  300.334386] Call Trace:
[  300.334582]  <TASK>
[  300.334754]  __schedule+0xfa2/0x40a0
[  300.335094]  ? __pfx___schedule+0x10/0x10
[  300.335424]  ? lock_release+0x14f/0x2a0
[  300.335758]  ? wait_transaction_locked+0x196/0x240
[  300.336427]  schedule+0xf6/0x3d0
[  300.336649]  wait_transaction_locked+0x1bb/0x240
[  300.336946]  ? wait_transaction_locked+0x196/0x240
[  300.337296]  ? __pfx_wait_transaction_locked+0x10/0x10
[  300.337633]  ? __pfx_autoremove_wake_function+0x10/0x10
[  300.338068]  ? __kasan_slab_alloc+0x62/0x80
[  300.338419]  add_transaction_credits+0x121/0x1000
[  300.338813]  ? __pfx_add_transaction_credits+0x10/0x10
[  300.339206]  ? __this_cpu_preempt_check+0x21/0x30
[  300.339565]  ? lock_acquire+0x180/0x2f0
[  300.339909]  ? __kasan_check_write+0x18/0x20
[  300.340250]  start_this_handle+0x457/0x1550
[  300.340589]  ? lock_is_held_type+0xef/0x150
[  300.340884]  ? __pfx_start_this_handle+0x10/0x10
[  300.341195]  ? debug_smp_processor_id+0x20/0x30
[  300.341552]  ? rcu_is_watching+0x19/0xc0
[  300.341874]  ? kmem_cache_alloc_noprof+0x4e2/0x780
[  300.342254]  jbd2__journal_start+0x397/0x810
[  300.342590]  __ext4_journal_start_sb+0x3fc/0x580
[  300.342964]  ? ext4_rmdir+0x637/0xf10
[  300.343254]  ext4_rmdir+0x637/0xf10
[  300.343544]  ? __pfx_ext4_rmdir+0x10/0x10
[  300.343889]  ? __pfx_down_write+0x10/0x10
[  300.344226]  ? do_raw_spin_unlock+0x15c/0x210
[  300.344542]  vfs_rmdir+0x351/0x880
[  300.344830]  filename_rmdir+0x3e5/0x560
[  300.345138]  ? __pfx_filename_rmdir+0x10/0x10
[  300.345490]  ? __sanitizer_cov_trace_const_cmp8+0x1c/0x30
[  300.345922]  ? strncpy_from_user+0x198/0x290
[  300.346268]  ? __sanitizer_cov_trace_const_cmp4+0x1a/0x20
[  300.346685]  ? do_getname+0x19e/0x3e0
[  300.346987]  __x64_sys_unlinkat+0x107/0x140
[  300.347303]  x64_sys_call+0x1b55/0x21c0
[  300.347609]  do_syscall_64+0xc1/0x1180
[  300.347923]  entry_SYSCALL_64_after_hwframe+0x76/0x7e
[  300.348248] RIP: 0033:0x7f6701e3ebab
[  300.348529] RSP: 002b:00007f670152e838 EFLAGS: 00000246 ORIG_RAX: 0000000000000107
[  300.349102] RAX: ffffffffffffffda RBX: 0000000000000006 RCX: 00007f6701e3ebab
[  300.349654] RDX: 0000000000000200 RSI: 00007f66fc008bf0 RDI: 000000000000000c
[  300.350174] RBP: 000000000000000c R08: 0000000000000003 R09: 0000000000000078
[  300.350735] R10: 000000000000009b R11: 0000000000000246 R12: 0000000000000000
[  300.351270] R13: 00007f66fc008bf0 R14: 0000000000000200 R15: 0000000000000006
[  300.351833]  </TASK>
[  300.352028] INFO: task systemd:726 blocked for more than 147 seconds.
[  300.352513]       Not tainted 6.19.0-60dc45dde44e+ #1
[  300.352908] "echo 0 > /proc/sys/kernel/hung_task_timeout_secs" disables this message.
[  300.353509] task:systemd         state:D stack:0     pid:726   tgid:1     ppid:0      task_flags:0x400040 flags:0x00080000
[  300.354380] Call Trace:
[  300.354562]  <TASK>
[  300.354736]  __schedule+0xfa2/0x40a0
[  300.355030]  ? __pfx___schedule+0x10/0x10
[  300.355329]  ? lock_release+0x14f/0x2a0
[  300.355642]  ? wait_transaction_locked+0x196/0x240
[  300.356017]  schedule+0xf6/0x3d0
[  300.356263]  wait_transaction_locked+0x1bb/0x240
[  300.356650]  ? wait_transaction_locked+0x196/0x240
[  300.357019]  ? __pfx_wait_transaction_locked+0x10/0x10
[  300.357413]  ? __pfx_autoremove_wake_function+0x10/0x10
[  300.357836]  ? __kasan_slab_alloc+0x62/0x80
[  300.358193]  add_transaction_credits+0x121/0x1000
[  300.358565]  ? __pfx_add_transaction_credits+0x10/0x10
[  300.358980]  ? __this_cpu_preempt_check+0x21/0x30
[  300.359284]  ? lock_acquire+0x180/0x2f0
[  300.359578]  ? __kasan_check_write+0x18/0x20
[  300.359883]  start_this_handle+0x457/0x1550
[  300.360159]  ? lock_is_held_type+0xef/0x150
[  300.360446]  ? __pfx_start_this_handle+0x10/0x10
[  300.360761]  ? debug_smp_processor_id+0x20/0x30
[  300.361087]  ? rcu_is_watching+0x19/0xc0
[  300.361407]  ? kmem_cache_alloc_noprof+0x4e2/0x780
[  300.361784]  jbd2__journal_start+0x397/0x810
[  300.362118]  __ext4_journal_start_sb+0x3fc/0x580
[  300.362421]  ? ext4_rmdir+0x637/0xf10
[  300.362731]  ext4_rmdir+0x637/0xf10
[  300.362998]  ? __pfx_ext4_rmdir+0x10/0x10
[  300.363316]  ? __pfx_down_write+0x10/0x10
[  300.363631]  ? do_raw_spin_unlock+0x15c/0x210
[  300.363992]  vfs_rmdir+0x351/0x880
[  300.364294]  filename_rmdir+0x3e5/0x560
[  300.364612]  ? __pfx_filename_rmdir+0x10/0x10
[  300.364961]  ? __sanitizer_cov_trace_const_cmp8+0x1c/0x30
[  300.365381]  ? strncpy_from_user+0x198/0x290
[  300.365728]  ? __sanitizer_cov_trace_const_cmp4+0x1a/0x20
[  300.366138]  ? do_getname+0x19e/0x3e0
[  300.366445]  __x64_sys_unlinkat+0x107/0x140
[  300.366774]  x64_sys_call+0x1b55/0x21c0
[  300.367075]  do_syscall_64+0xc1/0x1180
[  300.367370]  entry_SYSCALL_64_after_hwframe+0x76/0x7e
[  300.367767] RIP: 0033:0x7f6701e3ebab
[  300.368060] RSP: 002b:00007f6700d2d838 EFLAGS: 00000246 ORIG_RAX: 0000000000000107
[  300.368674] RAX: ffffffffffffffda RBX: 0000000000000006 RCX: 00007f6701e3ebab
[  300.369244] RDX: 0000000000000200 RSI: 00007f66f4008bf0 RDI: 0000000000000016
[  300.369803] RBP: 0000000000000016 R08: 0000000000000003 R09: 0000000000000078
[  300.370298] R10: 000000000000009b R11: 0000000000000246 R12: 0000000000000000
[  300.370857] R13: 00007f66f4008bf0 R14: 0000000000000200 R15: 0000000000000006
[  300.371316]  </TASK>
[  300.371467] INFO: task kworker/u8:0:12 blocked for more than 147 seconds.
[  300.372014]       Not tainted 6.19.0-60dc45dde44e+ #1
[  300.372381] "echo 0 > /proc/sys/kernel/hung_task_timeout_secs" disables this message.
[  300.372963] task:kworker/u8:0    state:D stack:0     pid:12    tgid:12    ppid:2      task_flags:0x4248060 flags:0x00080000
[  300.373843] Workqueue: writeback wb_workfn (flush-8:0)
[  300.374186] Call Trace:
[  300.374386]  <TASK>
[  300.374564]  __schedule+0xfa2/0x40a0
[  300.374877]  ? __pfx___schedule+0x10/0x10
[  300.375198]  ? lock_release+0x14f/0x2a0
[  300.375505]  ? kthread_data+0x61/0xd0
[  300.375809]  ? wait_transaction_locked+0x196/0x240
[  300.376183]  schedule+0xf6/0x3d0
[  300.376470]  wait_transaction_locked+0x1bb/0x240
[  300.376847]  ? wait_transaction_locked+0x196/0x240
[  300.377211]  ? __pfx_wait_transaction_locked+0x10/0x10
[  300.377613]  ? __pfx_autoremove_wake_function+0x10/0x10
[  300.378018]  ? jbd2__journal_start+0x253/0x810
[  300.378380]  add_transaction_credits+0x121/0x1000
[  300.378748]  ? ext4_init_io_end+0x32/0x190
[  300.379073]  ? __pfx_add_transaction_credits+0x10/0x10
[  300.379456]  ? __this_cpu_preempt_check+0x21/0x30
[  300.379845]  ? lock_acquire+0x180/0x2f0
[  300.380132]  ? __kasan_check_write+0x18/0x20
[  300.380478]  start_this_handle+0x457/0x1550
[  300.380820]  ? __pfx_start_this_handle+0x10/0x10
[  300.381188]  ? debug_smp_processor_id+0x20/0x30
[  300.381548]  ? rcu_is_watching+0x19/0xc0
[  300.381826]  ? kmem_cache_alloc_noprof+0x4e2/0x780
[  300.382152]  jbd2__journal_start+0x397/0x810
[  300.382434]  __ext4_journal_start_sb+0x3fc/0x580
[  300.382761]  ? __sanitizer_cov_trace_const_cmp4+0x1a/0x20
[  300.383172]  ? ext4_do_writepages+0x1112/0x3930
[  300.383527]  ext4_do_writepages+0x1112/0x3930
[  300.383905]  ? __sanitizer_cov_trace_cmp8+0x1c/0x30
[  300.384286]  ? stack_trace_save+0x96/0xd0
[  300.384602]  ? __lock_acquire+0x412/0x2210
[  300.384934]  ? update_stack_state+0x2d9/0x610
[  300.385273]  ? __pfx_ext4_do_writepages+0x10/0x10
[  300.385637]  ? __this_cpu_preempt_check+0x21/0x30
[  300.385961]  ? lock_is_held_type+0xef/0x150
[  300.386301]  ext4_writepages+0x3e1/0x870
[  300.386598]  ? ext4_writepages+0x3e1/0x870
[  300.386869]  ? __pfx_ext4_writepages+0x10/0x10
[  300.387192]  ? do_raw_spin_unlock+0x15c/0x210
[  300.387544]  ? __pfx_ext4_writepages+0x10/0x10
[  300.387906]  do_writepages+0x255/0x5b0
[  300.388223]  __writeback_single_inode+0x121/0x11f0
[  300.388596]  ? _raw_spin_unlock+0x31/0x60
[  300.388925]  ? __sanitizer_cov_trace_const_cmp8+0x1c/0x30
[  300.389357]  ? wbc_attach_and_unlock_inode.part.0+0x47a/0x890
[  300.389822]  writeback_sb_inodes+0x785/0x1c80
[  300.390178]  ? __pfx_writeback_sb_inodes+0x10/0x10
[  300.390556]  ? __lock_acquire+0x412/0x2210
[  300.390894]  ? __sanitizer_cov_trace_cmp4+0x1a/0x20
[  300.391331]  ? __sanitizer_cov_trace_const_cmp8+0x1c/0x30
[  300.391771]  __writeback_inodes_wb+0xc8/0x280
[  300.392103]  wb_writeback+0x652/0x9e0
[  300.392404]  ? __pfx_wb_writeback+0x10/0x10
[  300.392706]  ? __sanitizer_cov_trace_cmp4+0x1a/0x20
[  300.393103]  ? get_nr_dirty_inodes+0x12c/0x1b0
[  300.393412]  wb_workfn+0x713/0xe60
[  300.393702]  ? __pfx_wb_workfn+0x10/0x10
[  300.393966]  process_one_work+0x930/0x1ad0
[  300.394275]  ? __lock_acquire+0x412/0x2210
[  300.394577]  ? __pfx_process_one_work+0x10/0x10
[  300.394876]  ? move_linked_works+0x1bf/0x2c0
[  300.395162]  ? __this_cpu_preempt_check+0x21/0x30
[  300.395543]  ? assign_work+0x19f/0x250
[  300.395799]  ? lock_is_held_type+0xef/0x150
[  300.396110]  worker_thread+0x697/0xeb0
[  300.396365]  ? __pfx_worker_thread+0x10/0x10
[  300.396711]  kthread+0x41a/0x570
[  300.396931]  ? __pfx_kthread+0x10/0x10
[  300.397249]  ret_from_fork+0x781/0xbe0
[  300.397549]  ? __pfx_ret_from_fork+0x10/0x10
[  300.397898]  ? native_load_tls+0x16/0x50
[  300.398203]  ? __sanitizer_cov_trace_const_cmp8+0x1c/0x30
[  300.398615]  ? __switch_to+0x81e/0x10b0
[  300.398929]  ? __pfx_kthread+0x10/0x10
[  300.399231]  ret_from_fork_asm+0x1a/0x30
[  300.399556]  </TASK>
[  300.399753] INFO: task kworker/u8:1:34 blocked for more than 147 seconds.
[  300.400275]       Not tainted 6.19.0-60dc45dde44e+ #1
[  300.400673] "echo 0 > /proc/sys/kernel/hung_task_timeout_secs" disables this message.
[  300.401266] task:kworker/u8:1    state:D stack:0     pid:34    tgid:34    ppid:2      task_flags:0x4248060 flags:0x00080000
[  300.402127] Workqueue: writeback wb_workfn (flush-8:0)
[  300.402535] Call Trace:
[  300.402738]  <TASK>
[  300.402888]  __schedule+0xfa2/0x40a0
[  300.403171]  ? __pfx___schedule+0x10/0x10
[  300.403447]  ? lock_release+0x14f/0x2a0
[  300.403751]  ? kthread_data+0x61/0xd0
[  300.404052]  ? wait_transaction_locked+0x196/0x240
[  300.404438]  schedule+0xf6/0x3d0
[  300.404703]  wait_transaction_locked+0x1bb/0x240
[  300.405048]  ? wait_transaction_locked+0x196/0x240
[  300.405413]  ? __pfx_wait_transaction_locked+0x10/0x10
[  300.405823]  ? __pfx_autoremove_wake_function+0x10/0x10
[  300.406178]  ? jbd2__journal_start+0x253/0x810
[  300.406540]  add_transaction_credits+0x121/0x1000
[  300.406935]  ? ext4_init_io_end+0x32/0x190
[  300.407253]  ? __pfx_add_transaction_credits+0x10/0x10
[  300.407661]  ? __this_cpu_preempt_check+0x21/0x30
[  300.408034]  ? lock_acquire+0x180/0x2f0
[  300.408346]  ? blk_cgroup_bio_start+0x389/0x660
[  300.408703]  ? __kasan_check_write+0x18/0x20
[  300.409047]  start_this_handle+0x457/0x1550
[  300.409386]  ? __pfx_start_this_handle+0x10/0x10
[  300.409757]  ? debug_smp_processor_id+0x20/0x30
[  300.410103]  ? rcu_is_watching+0x19/0xc0
[  300.410406]  ? kmem_cache_alloc_noprof+0x4e2/0x780
[  300.410786]  jbd2__journal_start+0x397/0x810
[  300.411134]  __ext4_journal_start_sb+0x3fc/0x580
[  300.411506]  ? __sanitizer_cov_trace_const_cmp4+0x1a/0x20
[  300.411945]  ? ext4_do_writepages+0x1112/0x3930
[  300.412270]  ext4_do_writepages+0x1112/0x3930
[  300.412598]  ? stack_depot_save_flags+0x45d/0xa10
[  300.412984]  ? __lock_acquire+0x412/0x2210
[  300.413280]  ? __pfx_ext4_do_writepages+0x10/0x10
[  300.413635]  ? __this_cpu_preempt_check+0x21/0x30
[  300.413974]  ? lock_is_held_type+0xef/0x150
[  300.414288]  ext4_writepages+0x3e1/0x870
[  300.414574]  ? ext4_writepages+0x3e1/0x870
[  300.414892]  ? __pfx_ext4_writepages+0x10/0x10
[  300.415238]  ? do_raw_spin_unlock+0x15c/0x210
[  300.415579]  ? __pfx_ext4_writepages+0x10/0x10
[  300.415950]  do_writepages+0x255/0x5b0
[  300.416258]  __writeback_single_inode+0x121/0x11f0
[  300.416650]  ? _raw_spin_unlock+0x31/0x60
[  300.416971]  ? __sanitizer_cov_trace_const_cmp4+0x1a/0x20
[  300.417316]  ? wbc_attach_and_unlock_inode.part.0+0x47a/0x890
[  300.417763]  writeback_sb_inodes+0x785/0x1c80
[  300.418140]  ? __pfx_writeback_sb_inodes+0x10/0x10
[  300.418469]  ? __lock_acquire+0x412/0x2210
[  300.418805]  ? __sanitizer_cov_trace_const_cmp8+0x1c/0x30
[  300.419210]  __writeback_inodes_wb+0xc8/0x280
[  300.419488]  wb_writeback+0x652/0x9e0
[  300.419769]  ? __pfx_wb_writeback+0x10/0x10
[  300.420087]  ? __sanitizer_cov_trace_cmp4+0x1a/0x20
[  300.420415]  ? get_nr_dirty_inodes+0x12c/0x1b0
[  300.420749]  wb_workfn+0x713/0xe60
[  300.421002]  ? try_to_wake_up+0x184/0x1ad0
[  300.421313]  ? __pfx_wb_workfn+0x10/0x10
[  300.421611]  process_one_work+0x930/0x1ad0
[  300.421928]  ? __lock_acquire+0x412/0x2210
[  300.422232]  ? __pfx_process_one_work+0x10/0x10
[  300.422546]  ? move_linked_works+0x1bf/0x2c0
[  300.422872]  ? __this_cpu_preempt_check+0x21/0x30
[  300.423235]  ? assign_work+0x19f/0x250
[  300.423536]  ? lock_is_held_type+0xef/0x150
[  300.423884]  worker_thread+0x697/0xeb0
[  300.424203]  ? __pfx_worker_thread+0x10/0x10
[  300.424556]  kthread+0x41a/0x570
[  300.424846]  ? __pfx_kthread+0x10/0x10
[  300.425165]  ret_from_fork+0x781/0xbe0
[  300.425478]  ? __pfx_ret_from_fork+0x10/0x10
[  300.425832]  ? native_load_tls+0x16/0x50
[  300.426143]  ? __sanitizer_cov_trace_const_cmp8+0x1c/0x30
[  300.426543]  ? __switch_to+0x81e/0x10b0
[  300.426851]  ? __pfx_kthread+0x10/0x10
[  300.427147]  ret_from_fork_asm+0x1a/0x30
[  300.427463]  </TASK>
[  300.427647] INFO: task kworker/u8:3:53 blocked for more than 147 seconds.
[  300.428130]       Not tainted 6.19.0-60dc45dde44e+ #1
[  300.428520] "echo 0 > /proc/sys/kernel/hung_task_timeout_secs" disables this message.
[  300.429057] task:kworker/u8:3    state:D stack:0     pid:53    tgid:53    ppid:2      task_flags:0x4248160 flags:0x00080000
[  300.429839] Workqueue: writeback wb_workfn (flush-8:0)
[  300.430248] Call Trace:
[  300.430453]  <TASK>
[  300.430648]  __schedule+0xfa2/0x40a0
[  300.430964]  ? __pfx___schedule+0x10/0x10
[  300.431254]  ? lock_release+0x14f/0x2a0
[  300.431552]  ? kthread_data+0x61/0xd0
[  300.431813]  ? wait_transaction_locked+0x196/0x240
[  300.432212]  schedule+0xf6/0x3d0
[  300.432486]  wait_transaction_locked+0x1bb/0x240
[  300.432856]  ? wait_transaction_locked+0x196/0x240
[  300.433211]  ? __pfx_wait_transaction_locked+0x10/0x10
[  300.433668]  ? check_noncircular+0x80/0x150
[  300.434012]  ? __pfx_autoremove_wake_function+0x10/0x10
[  300.434418]  ? __this_cpu_preempt_check+0x21/0x30
[  300.434796]  ? lockdep_unlock+0x62/0xd0
[  300.435135]  add_transaction_credits+0x121/0x1000
[  300.435487]  ? __pfx_add_transaction_credits+0x10/0x10
[  300.435901]  ? __this_cpu_preempt_check+0x21/0x30
[  300.436267]  ? lock_acquire+0x180/0x2f0
[  300.436577]  ? __kasan_check_write+0x18/0x20
[  300.436884]  start_this_handle+0x457/0x1550
[  300.437159]  ? __pfx_start_this_handle+0x10/0x10
[  300.437518]  ? debug_smp_processor_id+0x20/0x30
[  300.437884]  ? rcu_is_watching+0x19/0xc0
[  300.438198]  ? kmem_cache_alloc_noprof+0x4e2/0x780
[  300.438575]  jbd2__journal_start+0x397/0x810
[  300.438898]  __ext4_journal_start_sb+0x3fc/0x580
[  300.439190]  ? __sanitizer_cov_trace_const_cmp4+0x1a/0x20
[  300.439589]  ? ext4_do_writepages+0x1112/0x3930
[  300.439928]  ext4_do_writepages+0x1112/0x3930
[  300.440249]  ? check_noncircular+0x80/0x150
[  300.440572]  ? arch_stack_walk+0x8b/0xf0
[  300.440890]  ? __lock_acquire+0x412/0x2210
[  300.441237]  ? __pfx_ext4_do_writepages+0x10/0x10
[  300.441619]  ? __this_cpu_preempt_check+0x21/0x30
[  300.441994]  ? lock_is_held_type+0xef/0x150
[  300.442337]  ext4_writepages+0x3e1/0x870
[  300.442653]  ? ext4_writepages+0x3e1/0x870
[  300.442946]  ? __pfx_ext4_writepages+0x10/0x10
[  300.443324]  ? __pfx_ext4_writepages+0x10/0x10
[  300.443632]  do_writepages+0x255/0x5b0
[  300.443965]  __writeback_single_inode+0x121/0x11f0
[  300.444335]  ? _raw_spin_unlock+0x31/0x60
[  300.444650]  ? __sanitizer_cov_trace_const_cmp8+0x1c/0x30
[  300.445054]  ? wbc_attach_and_unlock_inode.part.0+0x47a/0x890
[  300.445513]  writeback_sb_inodes+0x785/0x1c80
[  300.445883]  ? __pfx_writeback_sb_inodes+0x10/0x10
[  300.446259]  ? __lock_acquire+0x412/0x2210
[  300.446583]  ? __lock_acquire+0x412/0x2210
[  300.446954]  ? __sanitizer_cov_trace_const_cmp8+0x1c/0x30
[  300.447385]  __writeback_inodes_wb+0xc8/0x280
[  300.447738]  wb_writeback+0x652/0x9e0
[  300.448068]  ? __pfx_wb_writeback+0x10/0x10
[  300.448411]  ? __sanitizer_cov_trace_cmp4+0x1a/0x20
[  300.448802]  ? get_nr_dirty_inodes+0x12c/0x1b0
[  300.449142]  wb_workfn+0x713/0xe60
[  300.449420]  ? __pfx_wb_workfn+0x10/0x10
[  300.449731]  process_one_work+0x930/0x1ad0
[  300.450061]  ? __lock_acquire+0x412/0x2210
[  300.450394]  ? __pfx_process_one_work+0x10/0x10
[  300.450755]  ? move_linked_works+0x1bf/0x2c0
[  300.451079]  ? __this_cpu_preempt_check+0x21/0x30
[  300.451470]  ? assign_work+0x19f/0x250
[  300.451775]  ? lock_is_held_type+0xef/0x150
[  300.452144]  worker_thread+0x697/0xeb0
[  300.452446]  ? _raw_spin_unlock_irqrestore+0x35/0x70
[  300.452849]  ? trace_hardirqs_on+0x26/0x130
[  300.453178]  ? __pfx_worker_thread+0x10/0x10
[  300.453521]  kthread+0x41a/0x570
[  300.453792]  ? __pfx_kthread+0x10/0x10
[  300.454111]  ret_from_fork+0x781/0xbe0
[  300.454436]  ? __pfx_ret_from_fork+0x10/0x10
[  300.454761]  ? native_load_tls+0x16/0x50
[  300.455054]  ? __sanitizer_cov_trace_const_cmp8+0x1c/0x30
[  300.455473]  ? __switch_to+0x81e/0x10b0
[  300.455779]  ? __pfx_kthread+0x10/0x10
[  300.456073]  ret_from_fork_asm+0x1a/0x30
[  300.456395]  </TASK>
[  300.456559] INFO: task jbd2/sda-8:96 blocked for more than 147 seconds.
[  300.457059]       Not tainted 6.19.0-60dc45dde44e+ #1
[  300.457421] "echo 0 > /proc/sys/kernel/hung_task_timeout_secs" disables this message.
[  300.457940] task:jbd2/sda-8      state:D stack:0     pid:96    tgid:96    ppid:2      task_flags:0x240040 flags:0x00080000
[  300.458697] Call Trace:
[  300.458862]  <TASK>
[  300.459042]  __schedule+0xfa2/0x40a0
[  300.459325]  ? __pfx___schedule+0x10/0x10
[  300.459608]  ? lock_release+0x14f/0x2a0
[  300.459931]  schedule+0xf6/0x3d0
[  300.460196]  jbd2_journal_wait_updates+0x146/0x270
[  300.460562]  ? __pfx_jbd2_journal_wait_updates+0x10/0x10
[  300.460979]  ? __pfx_autoremove_wake_function+0x10/0x10
[  300.461405]  ? lock_release+0x14f/0x2a0
[  300.461725]  jbd2_journal_commit_transaction+0x7aa/0x6290
[  300.462150]  ? __lock_acquire+0x412/0x2210
[  300.462473]  ? __lock_acquire+0x412/0x2210
[  300.462799]  ? __pfx_jbd2_journal_commit_transaction+0x10/0x10
[  300.463256]  ? do_raw_spin_lock+0x140/0x280
[  300.463580]  ? __pfx_do_raw_spin_lock+0x10/0x10
[  300.463947]  ? lock_acquire+0x180/0x2f0
[  300.464266]  ? __timer_delete_sync+0x20a/0x300
[  300.464631]  ? __this_cpu_preempt_check+0x21/0x30
[  300.464994]  ? _raw_spin_unlock_irqrestore+0x35/0x70
[  300.465388]  ? lockdep_hardirqs_on+0x85/0x110
[  300.465748]  ? _raw_spin_unlock_irqrestore+0x35/0x70
[  300.466127]  ? trace_hardirqs_on+0x26/0x130
[  300.466458]  ? _raw_spin_unlock_irqrestore+0x45/0x70
[  300.466862]  ? __sanitizer_cov_trace_const_cmp4+0x1a/0x20
[  300.467282]  ? __timer_delete_sync+0x21e/0x300
[  300.467661]  ? __this_cpu_preempt_check+0x21/0x30
[  300.468034]  ? lock_release+0x14f/0x2a0
[  300.468343]  kjournald2+0x203/0x790
[  300.468620]  ? __pfx_kjournald2+0x10/0x10
[  300.468945]  ? _raw_spin_unlock_irqrestore+0x35/0x70
[  300.469318]  ? trace_hardirqs_on+0x26/0x130
[  300.469627]  ? __pfx_autoremove_wake_function+0x10/0x10
[  300.469993]  ? __sanitizer_cov_trace_const_cmp1+0x1e/0x30
[  300.470365]  ? __kthread_parkme+0x1bc/0x260
[  300.470639]  ? __pfx_kjournald2+0x10/0x10
[  300.470928]  kthread+0x41a/0x570
[  300.471174]  ? __pfx_kthread+0x10/0x10
[  300.471452]  ret_from_fork+0x781/0xbe0
[  300.471748]  ? __pfx_ret_from_fork+0x10/0x10
[  300.472118]  ? native_load_tls+0x16/0x50
[  300.472426]  ? __sanitizer_cov_trace_const_cmp8+0x1c/0x30
[  300.472847]  ? __switch_to+0x81e/0x10b0
[  300.473158]  ? __pfx_kthread+0x10/0x10
[  300.473457]  ret_from_fork_asm+0x1a/0x30
[  300.473786]  </TASK>
[  300.473970] INFO: task auditd:236 blocked for more than 147 seconds.
[  300.474480]       Not tainted 6.19.0-60dc45dde44e+ #1
[  300.474805] "echo 0 > /proc/sys/kernel/hung_task_timeout_secs" disables this message.
[  300.475398] task:auditd          state:D stack:0     pid:236   tgid:236   ppid:1      task_flags:0x400140 flags:0x00080000
[  300.476208] Call Trace:
[  300.476400]  <TASK>
[  300.476594]  __schedule+0xfa2/0x40a0
[  300.476909]  ? __pfx___schedule+0x10/0x10
[  300.477159]  ? lock_release+0x14f/0x2a0
[  300.477385]  ? wait_transaction_locked+0x196/0x240
[  300.477665]  schedule+0xf6/0x3d0
[  300.477887]  wait_transaction_locked+0x1bb/0x240
[  300.478248]  ? wait_transaction_locked+0x196/0x240
[  300.478584]  ? __pfx_wait_transaction_locked+0x10/0x10
[  300.478996]  ? __pfx_autoremove_wake_function+0x10/0x10
[  300.479400]  ? jbd2__journal_start+0x19c/0x810
[  300.479763]  add_transaction_credits+0x121/0x1000
[  300.480162]  ? __pfx_add_transaction_credits+0x10/0x10
[  300.480564]  ? __this_cpu_preempt_check+0x21/0x30
[  300.480951]  ? lock_acquire+0x180/0x2f0
[  300.481270]  ? __kasan_check_write+0x18/0x20
[  300.481631]  start_this_handle+0x457/0x1550
[  300.481985]  ? __pfx_start_this_handle+0x10/0x10
[  300.482338]  ? debug_smp_processor_id+0x20/0x30
[  300.482715]  ? rcu_is_watching+0x19/0xc0
[  300.483019]  ? kmem_cache_alloc_noprof+0x4e2/0x780
[  300.483406]  jbd2__journal_start+0x397/0x810
[  300.483739]  __ext4_journal_start_sb+0x3fc/0x580
[  300.484108]  ? ext4_dirty_inode+0xb3/0x140
[  300.484433]  ? __pfx_ext4_dirty_inode+0x10/0x10
[  300.484785]  ext4_dirty_inode+0xb3/0x140
[  300.485089]  ? rcu_is_watching+0x19/0xc0
[  300.485397]  __mark_inode_dirty+0x1de/0x14c0
[  300.485741]  file_update_time_flags+0x482/0x510
[  300.486057]  file_modified+0x43/0x60
[  300.486303]  ext4_buffered_write_iter+0x101/0x460
[  300.486684]  ext4_file_write_iter+0xb2a/0x1ee0
[  300.487005]  ? __pfx_ext4_file_write_iter+0x10/0x10
[  300.487399]  ? __this_cpu_preempt_check+0x21/0x30
[  300.487782]  ? lock_is_held_type+0xef/0x150
[  300.488130]  vfs_write+0xc6d/0x11f0
[  300.488449]  ? __pfx_ext4_file_write_iter+0x10/0x10
[  300.488840]  ? __pfx_vfs_write+0x10/0x10
[  300.489152]  ? mutex_lock_nested+0x1f/0x30
[  300.489478]  ksys_write+0x14e/0x280
[  300.489771]  ? __pfx_ksys_write+0x10/0x10
[  300.490089]  ? entry_SYSCALL_64_after_hwframe+0x76/0x7e
[  300.490499]  __x64_sys_write+0x7b/0xc0
[  300.490812]  x64_sys_call+0x1704/0x21c0
[  300.491104]  do_syscall_64+0xc1/0x1180
[  300.491404]  entry_SYSCALL_64_after_hwframe+0x76/0x7e
[  300.491800] RIP: 0033:0x7f9ff653ebcf
[  300.492109] RSP: 002b:00007fff3919c930 EFLAGS: 00000293 ORIG_RAX: 0000000000000001
[  300.492683] RAX: ffffffffffffffda RBX: 00000000000000f0 RCX: 00007f9ff653ebcf
[  300.493263] RDX: 00000000000000f0 RSI: 000055643e1c40a0 RDI: 0000000000000005
[  300.493831] RBP: 000055643e1c40a0 R08: 0000000000000000 R09: 00007f9ff65b14e0
[  300.494398] R10: 00007f9ff65b13e0 R11: 0000000000000293 R12: 00000000000000f0
[  300.494981] R13: 000055643e1ba2a0 R14: 00000000000000f0 R15: 00007f9ff65f69e0
[  300.495541]  </TASK>
[  300.495735] INFO: task in:imjournal:338 blocked for more than 147 seconds.
[  300.496268]       Not tainted 6.19.0-60dc45dde44e+ #1
[  300.496652] "echo 0 > /proc/sys/kernel/hung_task_timeout_secs" disables this message.
[  300.497230] task:in:imjournal    state:D stack:0     pid:338   tgid:293   ppid:1      task_flags:0x400040 flags:0x00080000
[  300.498015] Call Trace:
[  300.498215]  <TASK>
[  300.498390]  __schedule+0xfa2/0x40a0
[  300.498686]  ? __pfx___schedule+0x10/0x10
[  300.498952]  ? lock_release+0x14f/0x2a0
[  300.499235]  ? wait_transaction_locked+0x196/0x240
[  300.499615]  schedule+0xf6/0x3d0
[  300.499901]  wait_transaction_locked+0x1bb/0x240
[  300.500249]  ? wait_transaction_locked+0x196/0x240
[  300.500628]  ? __pfx_wait_transaction_locked+0x10/0x10
[  300.501032]  ? __pfx_autoremove_wake_function+0x10/0x10
[  300.501385]  ? jbd2__journal_start+0x19c/0x810
[  300.501727]  add_transaction_credits+0x121/0x1000
[  300.502116]  ? __pfx_add_transaction_credits+0x10/0x10
[  300.502512]  ? __this_cpu_preempt_check+0x21/0x30
[  300.502885]  ? lock_acquire+0x180/0x2f0
[  300.503194]  ? __kasan_check_write+0x18/0x20
[  300.503531]  start_this_handle+0x457/0x1550
[  300.503907]  ? __pfx_start_this_handle+0x10/0x10
[  300.504272]  ? debug_smp_processor_id+0x20/0x30
[  300.504642]  ? rcu_is_watching+0x19/0xc0
[  300.504959]  ? kmem_cache_alloc_noprof+0x4e2/0x780
[  300.505359]  jbd2__journal_start+0x397/0x810
[  300.505717]  __ext4_journal_start_sb+0x3fc/0x580
[  300.506117]  __ext4_new_inode+0x2caf/0x5230
[  300.506401]  ? __pfx___ext4_new_inode+0x10/0x10
[  300.506699]  ? __pfx___dquot_initialize+0x10/0x10
[  300.506994]  ? __pfx_d_splice_alias_ops+0x10/0x10
[  300.507286]  ? __pfx_make_vfsuid+0x10/0x10
[  300.507552]  ext4_create+0x32d/0x550
[  300.507795]  ? __pfx_ext4_create+0x10/0x10
[  300.508087]  ? may_o_create+0x51/0x3b0
[  300.508327]  ? __pfx_ext4_create+0x10/0x10
[  300.508582]  lookup_open.isra.0+0xccd/0x1130
[  300.508860]  ? __pfx_lookup_open.isra.0+0x10/0x10
[  300.509166]  ? mnt_get_write_access+0x203/0x2f0
[  300.509450]  ? __sanitizer_cov_trace_const_cmp4+0x1a/0x20
[  300.509789]  path_openat+0xfde/0x2f70
[  300.510020]  ? do_syscall_64+0xc1/0x1180
[  300.510265]  ? entry_SYSCALL_64_after_hwframe+0x76/0x7e
[  300.510595]  ? __pfx_path_openat+0x10/0x10
[  300.510858]  ? __lock_acquire+0x412/0x2210
[  300.511121]  do_file_open+0x21b/0x470
[  300.511352]  ? __pfx_do_file_open+0x10/0x10
[  300.511620]  ? do_raw_spin_unlock+0x15c/0x210
[  300.511911]  ? _raw_spin_unlock+0x31/0x60
[  300.512177]  do_sys_openat2+0x105/0x230
[  300.512423]  ? __pfx_do_sys_openat2+0x10/0x10
[  300.512709]  ? ktime_get_coarse_real_ts64+0x4d/0xf0
[  300.513012]  ? __this_cpu_preempt_check+0x21/0x30
[  300.513306]  __x64_sys_openat+0x179/0x240
[  300.513560]  ? __pfx___x64_sys_openat+0x10/0x10
[  300.513844]  ? __sanitizer_cov_trace_cmp4+0x1a/0x20
[  300.514154]  ? __audit_syscall_entry+0x393/0x4f0
[  300.514445]  x64_sys_call+0x1b34/0x21c0
[  300.514684]  do_syscall_64+0xc1/0x1180
[  300.514924]  entry_SYSCALL_64_after_hwframe+0x76/0x7e
[  300.515229] RIP: 0033:0x7f3900f3e8c4
[  300.515453] RSP: 002b:00007f39002b6a40 EFLAGS: 00000293 ORIG_RAX: 0000000000000101
[  300.515927] RAX: ffffffffffffffda RBX: 00007f38f8000c50 RCX: 00007f3900f3e8c4
[  300.516354] RDX: 0000000000000241 RSI: 00007f39002b6b80 RDI: 00000000ffffff9c
[  300.516784] RBP: 00007f39002b6b80 R08: 0000000000000000 R09: 0000000000000001
[  300.517206] R10: 00000000000001b6 R11: 0000000000000293 R12: 0000000000000241
[  300.517630] R13: 00007f38f8000c50 R14: 0000000000000001 R15: 00007f38f800dc00
[  300.518069]  </TASK>
[  300.518213] INFO: task rs:main Q:Reg:339 blocked for more than 147 seconds.
[  300.518626]       Not tainted 6.19.0-60dc45dde44e+ #1
[  300.518928] "echo 0 > /proc/sys/kernel/hung_task_timeout_secs" disables this message.
[  300.519390] task:rs:main Q:Reg   state:D stack:0     pid:339   tgid:293   ppid:1      task_flags:0x400040 flags:0x00080000
[  300.520055] Call Trace:
[  300.520214]  <TASK>
[  300.520357]  __schedule+0xfa2/0x40a0
[  300.520590]  ? __pfx___schedule+0x10/0x10
[  300.520847]  ? lock_release+0x14f/0x2a0
[  300.521088]  ? wait_transaction_locked+0x196/0x240
[  300.521383]  schedule+0xf6/0x3d0
[  300.521592]  wait_transaction_locked+0x1bb/0x240
[  300.521880]  ? wait_transaction_locked+0x196/0x240
[  300.522173]  ? __pfx_wait_transaction_locked+0x10/0x10
[  300.522483]  ? __pfx_autoremove_wake_function+0x10/0x10
[  300.522814]  ? jbd2__journal_start+0x19c/0x810
[  300.523101]  add_transaction_credits+0x121/0x1000
[  300.523387]  ? __pfx_do_raw_spin_lock+0x10/0x10
[  300.523678]  ? __pfx_add_transaction_credits+0x10/0x10
[  300.524001]  ? __this_cpu_preempt_check+0x21/0x30
[  300.524294]  ? lock_acquire+0x180/0x2f0
[  300.524554]  ? __kasan_check_write+0x18/0x20
[  300.524832]  start_this_handle+0x457/0x1550
[  300.525097]  ? __pfx_start_this_handle+0x10/0x10
[  300.525378]  ? debug_smp_processor_id+0x20/0x30
[  300.525661]  ? rcu_is_watching+0x19/0xc0
[  300.525909]  ? kmem_cache_alloc_noprof+0x4e2/0x780
[  300.526215]  jbd2__journal_start+0x397/0x810
[  300.526487]  __ext4_journal_start_sb+0x3fc/0x580
[  300.526784]  ? ext4_dirty_inode+0xb3/0x140
[  300.527040]  ? __pfx_ext4_dirty_inode+0x10/0x10
[  300.527324]  ext4_dirty_inode+0xb3/0x140
[  300.527573]  ? rcu_is_watching+0x19/0xc0
[  300.527838]  __mark_inode_dirty+0x1de/0x14c0
[  300.528120]  file_update_time_flags+0x482/0x510
[  300.528414]  file_modified+0x43/0x60
[  300.528631]  ext4_buffered_write_iter+0x101/0x460
[  300.528905]  ext4_file_write_iter+0xb2a/0x1ee0
[  300.529166]  ? __pfx_ext4_file_write_iter+0x10/0x10
[  300.529448]  ? __this_cpu_preempt_check+0x21/0x30
[  300.529721]  ? lock_is_held_type+0xef/0x150
[  300.529965]  vfs_write+0xc6d/0x11f0
[  300.530167]  ? __pfx_ext4_file_write_iter+0x10/0x10
[  300.530448]  ? __pfx_vfs_write+0x10/0x10
[  300.530687]  ? mutex_lock_nested+0x1f/0x30
[  300.530928]  ksys_write+0x14e/0x280
[  300.531140]  ? __pfx_ksys_write+0x10/0x10
[  300.531390]  ? seqcount_lockdep_reader_access.constprop.0+0xc0/0xd0
[  300.531770]  ? ktime_get_coarse_real_ts64+0xad/0xf0
[  300.532080]  __x64_sys_write+0x7b/0xc0
[  300.532327]  x64_sys_call+0x1704/0x21c0
[  300.532573]  do_syscall_64+0xc1/0x1180
[  300.532817]  entry_SYSCALL_64_after_hwframe+0x76/0x7e
[  300.533127] RIP: 0033:0x7f3900f3ebcf
[  300.533348] RSP: 002b:00007f38ffeb6890 EFLAGS: 00000293 ORIG_RAX: 0000000000000001
[  300.533813] RAX: ffffffffffffffda RBX: 00007f38f0001a20 RCX: 00007f3900f3ebcf
[  300.534232] RDX: 0000000000000087 RSI: 00007f38f0001d00 RDI: 0000000000000007
[  300.534681] RBP: 00007f38f0001d00 R08: 0000000000000000 R09: 0000000000000000
[  300.535068] R10: 000000000000000a R11: 0000000000000293 R12: 0000000000000000
[  300.535449] R13: 0000555f75deb330 R14: 00007f38f0001a20 R15: 0000000000000087
[  300.535863]  </TASK>
[  300.536014] INFO: task repro:709 blocked for more than 147 seconds.
[  300.536381]       Not tainted 6.19.0-60dc45dde44e+ #1
[  300.536686] "echo 0 > /proc/sys/kernel/hung_task_timeout_secs" disables this message.
[  300.537138] task:repro           state:D stack:0     pid:709   tgid:709   ppid:708    task_flags:0x400140 flags:0x00080000
[  300.537789] Call Trace:
[  300.537944]  <TASK>
[  300.538086]  __schedule+0xfa2/0x40a0
[  300.538317]  ? __pfx___schedule+0x10/0x10
[  300.538571]  ? lock_release+0x14f/0x2a0
[  300.538813]  ? _raw_spin_unlock_irqrestore+0x45/0x70
[  300.539123]  schedule+0xf6/0x3d0
[  300.539329]  jbd2_log_wait_commit+0x2e4/0x4a0
[  300.539602]  ? __pfx_jbd2_log_wait_commit+0x10/0x10
[  300.539919]  ? lock_release+0x14f/0x2a0
[  300.540160]  ? __pfx_autoremove_wake_function+0x10/0x10
[  300.540487]  ? stop_this_handle+0x39f/0x670
[  300.540757]  jbd2_journal_stop+0xad4/0xe50
[  300.541016]  ? __sanitizer_cov_trace_const_cmp2+0x21/0x30
[  300.541351]  ? __pfx_jbd2_journal_stop+0x10/0x10
[  300.541641]  ? __pfx_ext4_free_inode+0x10/0x10
[  300.541921]  __ext4_journal_stop+0xea/0x200
[  300.542183]  ext4_evict_inode+0x8ce/0x1760
[  300.542439]  ? __pfx_ext4_evict_inode+0x10/0x10
[  300.542733]  ? do_raw_spin_unlock+0x15c/0x210
[  300.542998]  ? __pfx_ext4_evict_inode+0x10/0x10
[  300.543282]  evict+0x371/0xae0
[  300.543482]  ? __pfx_evict+0x10/0x10
[  300.543713]  ? iput+0x7a9/0xd70
[  300.543925]  ? iput+0x7a9/0xd70
[  300.544128]  ? __this_cpu_preempt_check+0x21/0x30
[  300.544417]  ? do_raw_spin_unlock+0x15c/0x210
[  300.544693]  iput+0x7b1/0xd70
[  300.544891]  filename_unlinkat+0x444/0x6a0
[  300.545153]  ? __pfx_filename_unlinkat+0x10/0x10
[  300.545446]  ? __sanitizer_cov_trace_const_cmp8+0x1c/0x30
[  300.545775]  ? strncpy_from_user+0x198/0x290
[  300.546051]  ? __sanitizer_cov_trace_const_cmp4+0x1a/0x20
[  300.546379]  ? do_getname+0x19e/0x3e0
[  300.546618]  __x64_sys_unlink+0x50/0x70
[  300.546865]  x64_sys_call+0x2101/0x21c0
[  300.547107]  do_syscall_64+0xc1/0x1180
[  300.547345]  entry_SYSCALL_64_after_hwframe+0x76/0x7e
[  300.547664] RIP: 0033:0x7f97e983eb7b
[  300.547898] RSP: 002b:00007ffd1bef66c8 EFLAGS: 00000202 ORIG_RAX: 0000000000000057
[  300.548352] RAX: ffffffffffffffda RBX: 0000000000000000 RCX: 00007f97e983eb7b
[  300.548776] RDX: 00007ffd1bef66e0 RSI: 00007ffd1bef6770 RDI: 00007ffd1bef6770
[  300.549193] RBP: 00007ffd1bef77b0 R08: 0000000000000000 R09: 00007ffd1bef6560
[  300.549623] R10: 00007f97e980b208 R11: 0000000000000202 R12: 00007ffd1bef7928
[  300.550042] R13: 0000000000401cee R14: 0000000000403e08 R15: 00007f97e9bb7000
[  300.550492]  </TASK>
[  300.550645] Future hung task reports are suppressed, see sysctl kernel.hung_task_warnings
[  300.551121] 
[  300.551121] Showing all locks held in the system:
[  300.551493] 3 locks held by systemd/725:
[  300.551745]  #0: ff11000010136408 (sb_writers#3){.+.+}-{0:0}, at: filename_rmdir+0x2e6/0x560
[  300.552267]  #1: ff11000018633d40 (&type->i_mutex_dir_key#3/1){+.+.}-{4:4}, at: filename_rmdir+0x332/0x560
[  300.552872]  #2: ff110000186446d0 (&type->i_mutex_dir_key#3){++++}-{4:4}, at: vfs_rmdir+0xfc/0x880
[  300.553420] 3 locks held by systemd/726:
[  300.553661]  #0: ff11000010136408 (sb_writers#3){.+.+}-{0:0}, at: filename_rmdir+0x2e6/0x560
[  300.554177]  #1: ff110000186403e0 (&type->i_mutex_dir_key#3/1){+.+.}-{4:4}, at: filename_rmdir+0x332/0x560
[  300.554771]  #2: ff11000018646380 (&type->i_mutex_dir_key#3){++++}-{4:4}, at: vfs_rmdir+0xfc/0x880
[  300.555325] 4 locks held by kworker/u8:0/12:
[  300.555589]  #0: ff1100000bdad148 ((wq_completion)writeback){+.+.}-{0:0}, at: process_one_work+0x1260/0x1ad0
[  300.556181]  #1: ff1100000b96fce8 ((work_completion)(&(&wb->dwork)->work)){+.+.}-{0:0}, at: process_one_work+0x89f/0x1ad0
[  300.556792]  #2: ff110000101360e0 (&type->s_umount_key#39){++++}-{4:4}, at: super_trylock_shared+0x2b/0x110
[  300.557340]  #3: ff11000010132b98 (&sbi->s_writepages_rwsem){++++}-{0:0}, at: do_writepages+0x255/0x5b0
[  300.557867] 1 lock held by khungtaskd/32:
[  300.558112]  #0: ffffffff87666c20 (rcu_read_lock){....}-{1:3}, at: debug_show_all_locks+0x3b/0x1f0
[  300.558672] 4 locks held by kworker/u8:1/34:
[  300.558934]  #0: ff1100000bdad148 ((wq_completion)writeback){+.+.}-{0:0}, at: process_one_work+0x1260/0x1ad0
[  300.559524]  #1: ff1100000c23fce8 ((work_completion)(&(&wb->dwork)->work)){+.+.}-{0:0}, at: process_one_work+0x89f/0x1ad0
[  300.560173]  #2: ff110000101360e0 (&type->s_umount_key#39){++++}-{4:4}, at: super_trylock_shared+0x2b/0x110
[  300.560725]  #3: ff11000010132b98 (&sbi->s_writepages_rwsem){++++}-{0:0}, at: do_writepages+0x255/0x5b0
[  300.561257] 4 locks held by kworker/u8:3/53:
[  300.561496]  #0: ff1100000bdad148 ((wq_completion)writeback){+.+.}-{0:0}, at: process_one_work+0x1260/0x1ad0
[  300.562056]  #1: ff1100000d1a7ce8 ((work_completion)(&(&wb->dwork)->work)){+.+.}-{0:0}, at: process_one_work+0x89f/0x1ad0
[  300.562716]  #2: ff110000101360e0 (&type->s_umount_key#39){++++}-{4:4}, at: super_trylock_shared+0x2b/0x110
[  300.563305]  #3: ff11000010132b98 (&sbi->s_writepages_rwsem){++++}-{0:0}, at: do_writepages+0x255/0x5b0
[  300.563902] 3 locks held by auditd/236:
[  300.564142]  #0: ff110000130c0478 (&f->f_pos_lock){+.+.}-{4:4}, at: fdget_pos+0x2b5/0x390
[  300.564641]  #1: ff11000010136408 (sb_writers#3){.+.+}-{0:0}, at: ksys_write+0x14e/0x280
[  300.565130]  #2: ff1100001853f6a0 (&sb->s_type->i_mutex_key#10){++++}-{4:4}, at: ext4_buffered_write_iter+0xb8/0x460
[  300.565773] 2 locks held by in:imjournal/338:
[  300.566038]  #0: ff11000010136408 (sb_writers#3){.+.+}-{0:0}, at: path_openat+0x1939/0x2f70
[  300.566561]  #1: ff1100001c39c6d0 (&type->i_mutex_dir_key#3){++++}-{4:4}, at: path_openat+0xf5d/0x2f70
[  300.567127] 3 locks held by rs:main Q:Reg/339:
[  300.567396]  #0: ff11000015bb90b8 (&f->f_pos_lock){+.+.}-{4:4}, at: fdget_pos+0x2b5/0x390
[  300.567912]  #1: ff11000010136408 (sb_writers#3){.+.+}-{0:0}, at: ksys_write+0x14e/0x280
[  300.568409]  #2: ff1100001c3a0d70 (&sb->s_type->i_mutex_key#10){++++}-{4:4}, at: ext4_buffered_write_iter+0xb8/0x460
[  300.569047] 2 locks held by repro/709:
[  300.569302]  #0: ff11000010136408 (sb_writers#3){.+.+}-{0:0}, at: filename_unlinkat+0x195/0x6a0
[  300.569838]  #1: ff110000101365f8 (sb_internal){.+.+}-{0:0}, at: evict+0x371/0xae0
[  300.570302] 2 locks held by repro/710:
[  300.570534]  #0: ff11000010136408 (sb_writers#3){.+.+}-{0:0}, at: filename_unlinkat+0x195/0x6a0
[  300.571091]  #1: ff110000101365f8 (sb_internal){.+.+}-{0:0}, at: evict+0x371/0xae0
[  300.571563] 2 locks held by repro/711:
[  300.571802]  #0: ff11000010136408 (sb_writers#3){.+.+}-{0:0}, at: filename_unlinkat+0x195/0x6a0
[  300.572364]  #1: ff110000101365f8 (sb_internal){.+.+}-{0:0}, at: evict+0x371/0xae0
[  300.572833] 3 locks held by repro/715:
[  300.573066]  #0: ff11000010136408 (sb_writers#3){.+.+}-{0:0}, at: filename_create+0x122/0x460
[  300.573595]  #1: ff11000023c803e0 (&type->i_mutex_dir_key#3/1){+.+.}-{4:4}, at: filename_create+0x1e6/0x460
[  300.574199]  #2: ff1100001018e950 (jbd2_handle){++++}-{0:0}, at: start_this_handle+0x1042/0x1550
[  300.574740] 3 locks held by repro/716:
[  300.574969]  #0: ff110000234eeb78 (&f->f_pos_lock){+.+.}-{4:4}, at: fdget_pos+0x2b5/0x390
[  300.575472]  #1: ff11000023c859f0 (&type->i_mutex_dir_key#3){++++}-{4:4}, at: iterate_dir+0x1a0/0xb00
[  300.576057]  #2: ff11000010136408 (sb_writers#3){.+.+}-{0:0}, at: iterate_dir+0x879/0xb00
[  300.576560] 3 locks held by repro/717:
[  300.576801]  #0: ff1100001525db38 (&f->f_pos_lock){+.+.}-{4:4}, at: fdget_pos+0x2b5/0x390
[  300.577294]  #1: ff11000023c82a20 (&type->i_mutex_dir_key#3){++++}-{4:4}, at: iterate_dir+0x1a0/0xb00
[  300.577870]  #2: ff11000010136408 (sb_writers#3){.+.+}-{0:0}, at: iterate_dir+0x879/0xb00
[  300.578377] 2 locks held by repro/718:
[  300.578606]  #0: ff11000010136408 (sb_writers#3){.+.+}-{0:0}, at: filename_unlinkat+0x195/0x6a0
[  300.579145]  #1: ff110000101365f8 (sb_internal){.+.+}-{0:0}, at: evict+0x371/0xae0
[  300.579617] 2 locks held by repro/719:
[  300.579865]  #0: ff11000010136408 (sb_writers#3){.+.+}-{0:0}, at: filename_unlinkat+0x195/0x6a0
[  300.580399]  #1: ff110000101365f8 (sb_internal){.+.+}-{0:0}, at: evict+0x371/0xae0
[  300.580871] 4 locks held by kworker/u8:4/729:
[  300.581135]  #0: ff1100000bdad148 ((wq_completion)writeback){+.+.}-{0:0}, at: process_one_work+0x1260/0x1ad0
[  300.581734]  #1: ff1100001ca87ce8 ((work_completion)(&(&wb->dwork)->work)){+.+.}-{0:0}, at: process_one_work+0x89f/0x1ad0
[  300.582382]  #2: ff110000101360e0 (&type->s_umount_key#39){++++}-{4:4}, at: super_trylock_shared+0x2b/0x110
[  300.582976]  #3: ff11000010132b98 (&sbi->s_writepages_rwsem){++++}-{0:0}, at: do_writepages+0x255/0x5b0
[  300.583539] 4 locks held by kworker/u8:5/730:
[  300.583809]  #0: ff1100000bdad148 ((wq_completion)writeback){+.+.}-{0:0}, at: process_one_work+0x1260/0x1ad0
[  300.584413]  #1: ff1100001aa5fce8 ((work_completion)(&(&wb->dwork)->work)){+.+.}-{0:0}, at: process_one_work+0x89f/0x1ad0
[  300.585076]  #2: ff110000101360e0 (&type->s_umount_key#39){++++}-{4:4}, at: super_trylock_shared+0x2b/0x110
[  300.585677]  #3: ff11000010132b98 (&sbi->s_writepages_rwsem){++++}-{0:0}, at: do_writepages+0x255/0x5b0
[  300.586249] 
[  300.586354] =============================================
[  300.586354] 
