c[?7l[2J[0mSeaBIOS (version rel-1.16.3-0-ga6ed6b701f0a-prebuilt.qemu.org)


iPXE (http://ipxe.org) 00:03.0 CA00 PCI2.10 PnP PMM+7EFD0D60+7EF30D60 CA00
Press Ctrl-B to configure iPXE (PCI 00:03.0)...                                                                               


Booting from ROM..c[?7l[2J[    0.000000] Linux version 6.16.0-69f2970aad93+ (root@gnr-800442) (gcc (GCC) 11.5.0 20240719 (Red Hat 11.5.0-14), GNU ld version 2.35.2-66.el9) #1 SMP PREEMPT_DYNAMIC Tue Mar 10 11:10:06 CST 2026
[    0.000000] Command line: console=ttyS0 root=/dev/sda earlyprintk=serial net.ifnames=0 thunderbolt.dyndbg
[    0.000000] KERNEL supported cpus:
[    0.000000]   Intel GenuineIntel
[    0.000000]   AMD AuthenticAMD
[    0.000000]   Hygon HygonGenuine
[    0.000000]   Centaur CentaurHauls
[    0.000000]   zhaoxin   Shanghai  
[    0.000000] x86/CPU: Model not found in latest microcode list
[    0.000000] x86/split lock detection: #DB: warning on user-space bus_locks
[    0.000000] BIOS-provided physical RAM map:
[    0.000000] BIOS-e820: [mem 0x0000000000000000-0x000000000009fbff] usable
[    0.000000] BIOS-e820: [mem 0x000000000009fc00-0x000000000009ffff] reserved
[    0.000000] BIOS-e820: [mem 0x00000000000f0000-0x00000000000fffff] reserved
[    0.000000] BIOS-e820: [mem 0x0000000000100000-0x000000007ffdffff] usable
[    0.000000] BIOS-e820: [mem 0x000000007ffe0000-0x000000007fffffff] reserved
[    0.000000] BIOS-e820: [mem 0x00000000feffc000-0x00000000feffffff] reserved
[    0.000000] BIOS-e820: [mem 0x00000000fffc0000-0x00000000ffffffff] reserved
[    0.000000] printk: legacy bootconsole [earlyser0] enabled
[    0.000000] NX (Execute Disable) protection: active
[    0.000000] APIC: Static calls initialized
[    0.000000] SMBIOS 3.0.0 present.
[    0.000000] DMI: QEMU Standard PC (i440FX + PIIX, 1996), BIOS rel-1.16.3-0-ga6ed6b701f0a-prebuilt.qemu.org 04/01/2014
[    0.000000] DMI: Memory slots populated: 1/1
[    0.000000] Hypervisor detected: KVM
[    0.000000] kvm-clock: Using msrs 4b564d01 and 4b564d00
[    0.000002] kvm-clock: using sched offset of 698258377 cycles
[    0.000477] clocksource: kvm-clock: mask: 0xffffffffffffffff max_cycles: 0x1cd42e4dffb, max_idle_ns: 881590591483 ns
[    0.001950] tsc: Detected 2500.000 MHz processor
[    0.010512] last_pfn = 0x7ffe0 max_arch_pfn = 0x10000000000
[    0.011054] MTRR map: 4 entries (3 fixed + 1 variable; max 19), built from 8 variable MTRRs
[    0.011806] x86/PAT: Configuration [0-7]: WB  WC  UC- UC  WB  WP  UC- WT  
[    0.017580] found SMP MP-table at [mem 0x000f5480-0x000f548f]
[    0.018124] Using GB pages for direct mapping
[    0.020740] ACPI: Early table checksum verification disabled
[    0.021259] ACPI: RSDP 0x00000000000F52A0 000014 (v00 BOCHS )
[    0.021809] ACPI: RSDT 0x000000007FFE1C9B 000034 (v01 BOCHS  BXPC     00000001 BXPC 00000001)
[    0.022593] ACPI: FACP 0x000000007FFE1B47 000074 (v01 BOCHS  BXPC     00000001 BXPC 00000001)
[    0.023361] ACPI: DSDT 0x000000007FFE0040 001B07 (v01 BOCHS  BXPC     00000001 BXPC 00000001)
[    0.024131] ACPI: FACS 0x000000007FFE0000 000040
[    0.024551] ACPI: APIC 0x000000007FFE1BBB 000080 (v03 BOCHS  BXPC     00000001 BXPC 00000001)
[    0.025305] ACPI: HPET 0x000000007FFE1C3B 000038 (v01 BOCHS  BXPC     00000001 BXPC 00000001)
[    0.026116] ACPI: WAET 0x000000007FFE1C73 000028 (v01 BOCHS  BXPC     00000001 BXPC 00000001)
[    0.026952] ACPI: Reserving FACP table memory at [mem 0x7ffe1b47-0x7ffe1bba]
[    0.027633] ACPI: Reserving DSDT table memory at [mem 0x7ffe0040-0x7ffe1b46]
[    0.028270] ACPI: Reserving FACS table memory at [mem 0x7ffe0000-0x7ffe003f]
[    0.028908] ACPI: Reserving APIC table memory at [mem 0x7ffe1bbb-0x7ffe1c3a]
[    0.029550] ACPI: Reserving HPET table memory at [mem 0x7ffe1c3b-0x7ffe1c72]
[    0.030179] ACPI: Reserving WAET table memory at [mem 0x7ffe1c73-0x7ffe1c9a]
[    0.031397] No NUMA configuration found
[    0.031756] Faking a node at [mem 0x0000000000000000-0x000000007ffdffff]
[    0.032389] NODE_DATA(0) allocated [mem 0x7ffb4e80-0x7ffdfc7f]
[    0.033912] Zone ranges:
[    0.034163]   DMA      [mem 0x0000000000001000-0x0000000000ffffff]
[    0.034763]   DMA32    [mem 0x0000000001000000-0x000000007ffdffff]
[    0.035328]   Normal   empty
[    0.035603]   Device   empty
[    0.035867] Movable zone start for each node
[    0.036266] Early memory node ranges
[    0.036602]   node   0: [mem 0x0000000000001000-0x000000000009efff]
[    0.037164]   node   0: [mem 0x0000000000100000-0x000000007ffdffff]
[    0.037734] Initmem setup node 0 [mem 0x0000000000001000-0x000000007ffdffff]
[    0.038620] On node 0, zone DMA: 1 pages in unavailable ranges
[    0.039356] On node 0, zone DMA: 97 pages in unavailable ranges
[    0.069226] On node 0, zone DMA32: 32 pages in unavailable ranges
[    0.123111] kasan: KernelAddressSanitizer initialized
[    0.123868] ACPI: PM-Timer IO Port: 0x608
[    0.124266] ACPI: LAPIC_NMI (acpi_id[0xff] dfl dfl lint[0x1])
[    0.124855] IOAPIC[0]: apic_id 0, version 17, address 0xfec00000, GSI 0-23
[    0.125509] ACPI: INT_SRC_OVR (bus 0 bus_irq 0 global_irq 2 dfl dfl)
[    0.126107] ACPI: INT_SRC_OVR (bus 0 bus_irq 5 global_irq 5 high level)
[    0.126736] ACPI: INT_SRC_OVR (bus 0 bus_irq 9 global_irq 9 high level)
[    0.127356] ACPI: INT_SRC_OVR (bus 0 bus_irq 10 global_irq 10 high level)
[    0.127996] ACPI: INT_SRC_OVR (bus 0 bus_irq 11 global_irq 11 high level)
[    0.128640] ACPI: Using ACPI (MADT) for SMP configuration information
[    0.129226] ACPI: HPET id: 0x8086a201 base: 0xfed00000
[    0.129712] TSC deadline timer available
[    0.130087] CPU topo: Max. logical packages:   1
[    0.130509] CPU topo: Max. logical dies:       1
[    0.130950] CPU topo: Max. dies per package:   1
[    0.131370] CPU topo: Max. threads per core:   1
[    0.131798] CPU topo: Num. cores per package:     2
[    0.132237] CPU topo: Num. threads per package:   2
[    0.132695] CPU topo: Allowing 2 present CPUs plus 0 hotplug CPUs
[    0.133296] kvm-guest: APIC: eoi() replaced with kvm_guest_apic_eoi_write()
[    0.133961] kvm-guest: KVM setup pv remote TLB flush
[    0.134408] kvm-guest: setup PV sched yield
[    0.134832] PM: hibernation: Registered nosave memory: [mem 0x00000000-0x00000fff]
[    0.135518] PM: hibernation: Registered nosave memory: [mem 0x0009f000-0x000fffff]
[    0.136205] [mem 0x80000000-0xfeffbfff] available for PCI devices
[    0.136762] Booting paravirtualized kernel on KVM
[    0.137185] clocksource: refined-jiffies: mask: 0xffffffff max_cycles: 0xffffffff, max_idle_ns: 7645519600211568 ns
[    0.138145] setup_percpu: NR_CPUS:8192 nr_cpumask_bits:2 nr_cpu_ids:2 nr_node_ids:1
[    0.139319] percpu: Embedded 80 pages/cpu s290816 r8192 d28672 u1048576
[    0.140117] kvm-guest: PV spinlocks enabled
[    0.140511] PV qspinlock hash table entries: 256 (order: 0, 4096 bytes, linear)
[    0.141200] Kernel command line: net.ifnames=0 console=ttyS0 root=/dev/sda earlyprintk=serial net.ifnames=0 thunderbolt.dyndbg
[    0.142514] random: crng init done
[    0.142842] printk: log buffer data + meta data: 262144 + 917504 = 1179648 bytes
[    0.143906] Dentry cache hash table entries: 262144 (order: 9, 2097152 bytes, linear)
[    0.144798] Inode-cache hash table entries: 131072 (order: 8, 1048576 bytes, linear)
[    0.145787] Fallback order for Node 0: 0 
[    0.145798] Built 1 zonelists, mobility grouping on.  Total pages: 524158
[    0.146750] Policy zone: DMA32
[    0.147023] mem auto-init: stack:off, heap alloc:off, heap free:off
[    0.147580] stackdepot: allocating hash table via alloc_large_system_hash
[    0.148183] stackdepot hash table entries: 1048576 (order: 12, 16777216 bytes, linear)
[    0.186036] SLUB: HWalign=64, Order=0-3, MinObjects=0, CPUs=2, Nodes=1
[    0.186622] kmemleak: Kernel memory leak detector disabled
[    0.221962] ftrace: allocating 74061 entries in 292 pages
[    0.222442] ftrace: allocated 292 pages with 3 groups
[    0.226613] Dynamic Preempt: voluntary
[    0.227335] Running RCU self tests
[    0.227643] Running RCU synchronous self tests
[    0.228027] rcu: Preemptible hierarchical RCU implementation.
[    0.228523] rcu: 	RCU lockdep checking is enabled.
[    0.228938] rcu: 	RCU restricting CPUs from NR_CPUS=8192 to nr_cpu_ids=2.
[    0.229527] 	Trampoline variant of Tasks RCU enabled.
[    0.229960] 	Rude variant of Tasks RCU enabled.
[    0.230350] 	Tracing variant of Tasks RCU enabled.
[    0.230768] rcu: RCU calculated value of scheduler-enlistment delay is 25 jiffies.
[    0.231416] rcu: Adjusting geometry for rcu_fanout_leaf=16, nr_cpu_ids=2
[    0.232042] Running RCU synchronous self tests
[    0.232427] RCU Tasks: Setting shift to 1 and lim to 1 rcu_task_cb_adjust=1 rcu_task_cpu_ids=2.
[    0.233182] RCU Tasks Rude: Setting shift to 1 and lim to 1 rcu_task_cb_adjust=1 rcu_task_cpu_ids=2.
[    0.233977] RCU Tasks Trace: Setting shift to 1 and lim to 1 rcu_task_cb_adjust=1 rcu_task_cpu_ids=2.
[    0.301140] NR_IRQS: 524544, nr_irqs: 440, preallocated irqs: 16
[    0.302211] rcu: srcu_init: Setting srcu_struct sizes based on contention.
[    0.311184] Console: colour VGA+ 80x25
[    0.311582] printk: legacy console [ttyS0] enabled
[    0.311582] printk: legacy console [ttyS0] enabled
[    0.312462] printk: legacy bootconsole [earlyser0] disabled
[    0.312462] printk: legacy bootconsole [earlyser0] disabled
[    0.313492] Lock dependency validator: Copyright (c) 2006 Red Hat, Inc., Ingo Molnar
[    0.314207] ... MAX_LOCKDEP_SUBCLASSES:  8
[    0.314593] ... MAX_LOCK_DEPTH:          48
[    0.314980] ... MAX_LOCKDEP_KEYS:        8192
[    0.315379] ... CLASSHASH_SIZE:          4096
[    0.315790] ... MAX_LOCKDEP_ENTRIES:     32768
[    0.316197] ... MAX_LOCKDEP_CHAINS:      65536
[    0.316618] ... CHAINHASH_SIZE:          32768
[    0.317011]  memory used by lock dependency info: 6429 kB
[    0.317492]  memory used for stack traces: 4224 kB
[    0.317937]  per task-struct memory footprint: 1920 bytes
[    0.318512] ACPI: Core revision 20250404
[    0.319270] clocksource: hpet: mask: 0xffffffff max_cycles: 0xffffffff, max_idle_ns: 19112604467 ns
[    0.320269] APIC: Switch to symmetric I/O mode setup
[    0.320941] x2apic enabled
[    0.321594] APIC: Switched APIC routing to: physical x2apic
[    0.322114] kvm-guest: APIC: send_IPI_mask() replaced with kvm_send_ipi_mask()
[    0.322794] kvm-guest: APIC: send_IPI_mask_allbutself() replaced with kvm_send_ipi_mask_allbutself()
[    0.323638] kvm-guest: setup PV IPIs
[    0.325091] ..TIMER: vector=0x30 apic1=0 pin1=2 apic2=-1 pin2=-1
[    0.325953] clocksource: tsc-early: mask: 0xffffffffffffffff max_cycles: 0x240939f1bb2, max_idle_ns: 440795263295 ns
[    0.326922] Calibrating delay loop (skipped) preset value.. 5000.00 BogoMIPS (lpj=10000000)
[    0.327838] x86/cpu: User Mode Instruction Prevention (UMIP) activated
[    0.331040] Last level iTLB entries: 4KB 0, 2MB 0, 4MB 0
[    0.331536] Last level dTLB entries: 4KB 0, 2MB 0, 4MB 0, 1GB 0
[    0.332114] Speculative Store Bypass: Mitigation: Speculative Store Bypass disabled via prctl
[    0.332868] Spectre V2 : Mitigation: Enhanced / Automatic IBRS
[    0.333396] ITS: Mitigation: Aligned branch/return thunks
[    0.333879] Spectre V1 : Mitigation: usercopy/swapgs barriers and __user pointer sanitization
[    0.334634] Spectre V2 : WARNING: Unprivileged eBPF is enabled with eIBRS on, data leaks possible via Spectre v2 BHB attacks!
[    0.334913] Spectre V2 : Spectre v2 / PBRSB-eIBRS: Retire a single CALL on VMEXIT
[    0.335562] Spectre V2 : mitigation: Enabling conditional Indirect Branch Prediction Barrier
[    0.336285] Spectre V2 : Spectre BHI mitigation: SW BHB clearing on syscall and VM exit
[    0.337019] x86/fpu: Supporting XSAVE feature 0x001: 'x87 floating point registers'
[    0.337685] x86/fpu: Supporting XSAVE feature 0x002: 'SSE registers'
[    0.338911] x86/fpu: Supporting XSAVE feature 0x004: 'AVX registers'
[    0.339458] x86/fpu: Supporting XSAVE feature 0x020: 'AVX-512 opmask'
[    0.340014] x86/fpu: Supporting XSAVE feature 0x040: 'AVX-512 Hi256'
[    0.340564] x86/fpu: Supporting XSAVE feature 0x080: 'AVX-512 ZMM_Hi256'
[    0.341147] x86/fpu: Supporting XSAVE feature 0x200: 'Protection Keys User registers'
[    0.341825] x86/fpu: Supporting XSAVE feature 0x20000: 'AMX Tile config'
[    0.342407] x86/fpu: Supporting XSAVE feature 0x40000: 'AMX Tile data'
[    0.342914] x86/fpu: xstate_offset[2]:  576, xstate_sizes[2]:  256
[    0.343469] x86/fpu: xstate_offset[5]:  832, xstate_sizes[5]:   64
[    0.344011] x86/fpu: xstate_offset[6]:  896, xstate_sizes[6]:  512
[    0.344549] x86/fpu: xstate_offset[7]: 1408, xstate_sizes[7]: 1024
[    0.345087] x86/fpu: xstate_offset[9]: 2432, xstate_sizes[9]:    8
[    0.345623] x86/fpu: xstate_offset[17]: 2496, xstate_sizes[17]:   64
[    0.346178] x86/fpu: xstate_offset[18]: 2560, xstate_sizes[18]: 8192
[    0.346917] x86/fpu: Enabled xstate features 0x602e7, context size is 10752 bytes, using 'compacted' format.
[    0.523199] Freeing SMP alternatives memory: 60K
[    0.523631] pid_max: default: 32768 minimum: 301
[    0.524246] LSM: initializing lsm=capability,yama,ima,evm
[    0.524835] Yama: becoming mindful.
[    0.525539] Mount-cache hash table entries: 4096 (order: 3, 32768 bytes, linear)
[    0.526204] Mountpoint-cache hash table entries: 4096 (order: 3, 32768 bytes, linear)
[    0.528353] Running RCU synchronous self tests
[    0.528744] Running RCU synchronous self tests
[    0.529408] smpboot: CPU0: Intel GENUINE INTEL(R) XEON(R) (family: 0x6, model: 0xad, stepping: 0x0)
[    0.530907] Performance Events: PEBS fmt0-, Granite Rapids events, full-width counters, Intel PMU driver.
[    0.530907] ... version:                2
[    0.530907] ... bit width:              48
[    0.530907] ... generic registers:      8
[    0.530907] ... value mask:             0000ffffffffffff
[    0.530916] ... max period:             00007fffffffffff
[    0.531375] ... fixed-purpose events:   3
[    0.531736] ... event mask:             00000007000000ff
[    0.532692] signal: max sigframe size: 11952
[    0.533208] rcu: Hierarchical SRCU implementation.
[    0.533652] rcu: 	Max phase no-delay instances is 1000.
[    0.534293] Timer migration: 1 hierarchy levels; 8 children per group; 1 crossnode level
[    0.549522] smp: Bringing up secondary CPUs ...
[    0.550744] smpboot: x86: Booting SMP configuration:
[    0.550922] .... node  #0, CPUs:      #1
[    0.551202] smp: Brought up 1 node, 2 CPUs
[    0.551871] smpboot: Total of 2 processors activated (10000.00 BogoMIPS)
[    0.553199] Memory: 1596544K/2096632K available (79122K kernel code, 15333K rwdata, 18360K rodata, 16080K init, 21528K bss, 488508K reserved, 0K cma-reserved)
[    0.555549] devtmpfs: initialized
[    0.555934] x86/mm: Memory block size: 128MB
[    0.567074] Running RCU synchronous self tests
[    0.567512] Running RCU synchronous self tests
[    0.568014] Running RCU Tasks wait API self tests
[    0.568014] Running RCU Tasks Rude wait API self tests
[    0.570927] Running RCU Tasks Trace wait API self tests
[    0.594934] clocksource: jiffies: mask: 0xffffffff max_cycles: 0xffffffff, max_idle_ns: 7645041785100000 ns
[    0.595883] posixtimers hash table entries: 1024 (order: 4, 73728 bytes, linear)
[    0.596597] futex hash table entries: 512 (65536 bytes on 1 NUMA nodes, total 64 KiB, linear).
[    0.597768] pinctrl core: initialized pinctrl subsystem
[    0.599317] 
[    0.599471] *************************************************************
[    0.600081] **     NOTICE NOTICE NOTICE NOTICE NOTICE NOTICE NOTICE    **
[    0.600679] **                                                         **
[    0.601276] **  IOMMU DebugFS SUPPORT HAS BEEN ENABLED IN THIS KERNEL  **
[    0.601855] **                                                         **
[    0.602444] ** This means that this kernel is built to expose internal **
[    0.602913] ** IOMMU data structures, which may compromise security on **
[    0.603514] ** your system.                                            **
[    0.604108] **                                                         **
[    0.604692] ** If you see this message and you are not debugging the   **
[    0.605284] ** kernel, report this immediately to your vendor!         **
[    0.605875] **                                                         **
[    0.606464] **     NOTICE NOTICE NOTICE NOTICE NOTICE NOTICE NOTICE    **
[    0.606912] *************************************************************
[    0.607572] PM: RTC time: 06:29:00, date: 2026-03-12
[    0.610773] NET: Registered PF_NETLINK/PF_ROUTE protocol family
[    0.612382] DMA: preallocated 256 KiB GFP_KERNEL pool for atomic allocations
[    0.613039] DMA: preallocated 256 KiB GFP_KERNEL|GFP_DMA pool for atomic allocations
[    0.613753] DMA: preallocated 256 KiB GFP_KERNEL|GFP_DMA32 pool for atomic allocations
[    0.614560] audit: initializing netlink subsys (disabled)
[    0.615037] audit: type=2000 audit(1773296940.549:1): state=initialized audit_enabled=0 res=1
[    0.616653] thermal_sys: Registered thermal governor 'fair_share'
[    0.616663] thermal_sys: Registered thermal governor 'bang_bang'
[    0.617256] thermal_sys: Registered thermal governor 'step_wise'
[    0.617802] thermal_sys: Registered thermal governor 'user_space'
[    0.617802] cpuidle: using governor ladder
[    0.618955] cpuidle: using governor menu
[    0.619854] acpiphp: ACPI Hot Plug PCI Controller Driver version: 0.5
[    0.619854] PCI: Using configuration type 1 for base access
[    0.623153] kprobes: kprobe jump-optimization is enabled. All kprobes are optimized if possible.
[    0.747281] Callback from call_rcu_tasks_trace() invoked.
[    0.748286] HugeTLB: allocation took 0ms with hugepage_allocation_threads=1
[    0.748923] HugeTLB: registered 1.00 GiB page size, pre-allocated 0 pages
[    0.749519] HugeTLB: 16380 KiB vmemmap can be freed for a 1.00 GiB page
[    0.750097] HugeTLB: registered 2.00 MiB page size, pre-allocated 0 pages
[    0.750695] HugeTLB: 28 KiB vmemmap can be freed for a 2.00 MiB page
[    0.756264] ACPI: Added _OSI(Module Device)
[    0.756687] ACPI: Added _OSI(Processor Device)
[    0.757099] ACPI: Added _OSI(Processor Aggregator Device)
[    0.771633] ACPI: 1 ACPI AML tables successfully acquired and loaded
[    0.778109] ACPI: Interpreter enabled
[    0.778593] ACPI: PM: (supports S0 S3 S4 S5)
[    0.778917] ACPI: Using IOAPIC for interrupt routing
[    0.779464] PCI: Using host bridge windows from ACPI; if necessary, use "pci=nocrs" and report a bug
[    0.780287] PCI: Using E820 reservations for host bridge windows
[    0.781990] ACPI: Enabled 2 GPEs in block 00 to 0F
[    0.820489] ACPI: PCI Root Bridge [PCI0] (domain 0000 [bus 00-ff])
[    0.821078] acpi PNP0A03:00: _OSC: OS supports [ASPM ClockPM Segments MSI EDR HPX-Type3]
[    0.821789] acpi PNP0A03:00: _OSC: not requesting OS control; OS requires [ExtendedConfig ASPM ClockPM MSI]
[    0.822779] acpi PNP0A03:00: fail to add MMCONFIG information, can't access extended configuration space under this bridge
[    0.827755] acpiphp: Slot [3] registered
[    0.828252] acpiphp: Slot [4] registered
[    0.828749] acpiphp: Slot [5] registered
[    0.829260] acpiphp: Slot [6] registered
[    0.829748] acpiphp: Slot [7] registered
[    0.830232] acpiphp: Slot [8] registered
[    0.830726] acpiphp: Slot [9] registered
[    0.831047] acpiphp: Slot [10] registered
[    0.831539] acpiphp: Slot [11] registered
[    0.832035] acpiphp: Slot [12] registered
[    0.832535] acpiphp: Slot [13] registered
[    0.833027] acpiphp: Slot [14] registered
[    0.833520] acpiphp: Slot [15] registered
[    0.834005] acpiphp: Slot [16] registered
[    0.834503] acpiphp: Slot [17] registered
[    0.835034] acpiphp: Slot [18] registered
[    0.835548] acpiphp: Slot [19] registered
[    0.836039] acpiphp: Slot [20] registered
[    0.836523] acpiphp: Slot [21] registered
[    0.837012] acpiphp: Slot [22] registered
[    0.837515] acpiphp: Slot [23] registered
[    0.838007] acpiphp: Slot [24] registered
[    0.838510] acpiphp: Slot [25] registered
[    0.839009] acpiphp: Slot [26] registered
[    0.839507] acpiphp: Slot [27] registered
[    0.840002] acpiphp: Slot [28] registered
[    0.840498] acpiphp: Slot [29] registered
[    0.840985] acpiphp: Slot [30] registered
[    0.841479] acpiphp: Slot [31] registered
[    0.841889] PCI host bridge to bus 0000:00
[    0.842306] pci_bus 0000:00: root bus resource [io  0x0000-0x0cf7 window]
[    0.842902] pci_bus 0000:00: root bus resource [io  0x0d00-0xffff window]
[    0.843508] pci_bus 0000:00: root bus resource [mem 0x000a0000-0x000bffff window]
[    0.844173] pci_bus 0000:00: root bus resource [mem 0x80000000-0xfebfffff window]
[    0.844829] pci_bus 0000:00: root bus resource [mem 0x100000000-0x17fffffff window]
[    0.845506] pci_bus 0000:00: root bus resource [bus 00-ff]
[    0.846097] pci 0000:00:00.0: [8086:1237] type 00 class 0x060000 conventional PCI endpoint
[    0.848314] pci 0000:00:01.0: [8086:7000] type 00 class 0x060100 conventional PCI endpoint
[    0.850351] pci 0000:00:01.1: [8086:7010] type 00 class 0x010180 conventional PCI endpoint
[    0.851442] pci 0000:00:01.1: BAR 4 [io  0xc040-0xc04f]
[    0.851945] pci 0000:00:01.1: BAR 0 [io  0x01f0-0x01f7]: legacy IDE quirk
[    0.852537] pci 0000:00:01.1: BAR 1 [io  0x03f6]: legacy IDE quirk
[    0.853085] pci 0000:00:01.1: BAR 2 [io  0x0170-0x0177]: legacy IDE quirk
[    0.853678] pci 0000:00:01.1: BAR 3 [io  0x0376]: legacy IDE quirk
[    0.855308] pci 0000:00:01.3: [8086:7113] type 00 class 0x068000 conventional PCI endpoint
[    0.856321] pci 0000:00:01.3: quirk: [io  0x0600-0x063f] claimed by PIIX4 ACPI
[    0.856967] pci 0000:00:01.3: quirk: [io  0x0700-0x070f] claimed by PIIX4 SMB
[    0.858650] pci 0000:00:02.0: [1234:1111] type 00 class 0x030000 conventional PCI endpoint
[    0.860034] pci 0000:00:02.0: BAR 0 [mem 0xfd000000-0xfdffffff pref]
[    0.860662] pci 0000:00:02.0: BAR 2 [mem 0xfebf0000-0xfebf0fff]
[    0.861207] pci 0000:00:02.0: ROM [mem 0xfebe0000-0xfebeffff pref]
[    0.861841] pci 0000:00:02.0: Video device with shadowed ROM at [mem 0x000c0000-0x000dffff]
[    0.863658] pci 0000:00:03.0: [8086:100e] type 00 class 0x020000 conventional PCI endpoint
[    0.865282] pci 0000:00:03.0: BAR 0 [mem 0xfebc0000-0xfebdffff]
[    0.865825] pci 0000:00:03.0: BAR 1 [io  0xc000-0xc03f]
[    0.866322] pci 0000:00:03.0: ROM [mem 0xfeb80000-0xfebbffff pref]
[    0.889281] ACPI: PCI: Interrupt link LNKA configured for IRQ 10
[    0.890737] ACPI: PCI: Interrupt link LNKB configured for IRQ 10
[    0.891748] ACPI: PCI: Interrupt link LNKC configured for IRQ 11
[    0.893165] ACPI: PCI: Interrupt link LNKD configured for IRQ 11
[    0.894056] ACPI: PCI: Interrupt link LNKS configured for IRQ 9
[    0.898113] iommu: Default domain type: Translated
[    0.898569] iommu: DMA domain TLB invalidation policy: lazy mode
[    0.903551] SCSI subsystem initialized
[    0.904397] ACPI: bus type USB registered
[    0.904980] usbcore: registered new interface driver usbfs
[    0.905563] usbcore: registered new interface driver hub
[    0.906112] usbcore: registered new device driver usb
[    0.906875] pps_core: LinuxPPS API ver. 1 registered
[    0.906917] pps_core: Software ver. 5.3.6 - Copyright 2005-2007 Rodolfo Giometti <giometti@linux.it>
[    0.907766] PTP clock support registered
[    0.908448] EDAC MC: Ver: 3.0.0
[    0.911838] NetLabel: Initializing
[    0.912167] NetLabel:  domain hash size = 128
[    0.912560] NetLabel:  protocols = UNLABELED CIPSOv4 CALIPSO
[    0.913162] NetLabel:  unlabeled traffic allowed by default
[    0.914171] PCI: Using ACPI for IRQ routing
[    0.914893] pci 0000:00:02.0: vgaarb: setting as boot VGA device
[    0.914907] pci 0000:00:02.0: vgaarb: bridge control possible
[    0.914907] pci 0000:00:02.0: vgaarb: VGA device added: decodes=io+mem,owns=io+mem,locks=none
[    0.914919] vgaarb: loaded
[    0.915576] hpet0: at MMIO 0xfed00000, IRQs 2, 8, 0
[    0.916042] hpet0: 3 comparators, 64-bit 100.000000 MHz counter
[    0.921378] clocksource: Switched to clocksource kvm-clock
[    0.928217] VFS: Disk quotas dquot_6.6.0
[    0.928636] VFS: Dquot-cache hash table entries: 512 (order 0, 4096 bytes)
[    0.930163] pnp: PnP ACPI init
[    0.934125] pnp: PnP ACPI: found 6 devices
[    0.953814] clocksource: acpi_pm: mask: 0xffffff max_cycles: 0xffffff, max_idle_ns: 2085701024 ns
[    0.954947] NET: Registered PF_INET protocol family
[    0.955465] IP idents hash table entries: 32768 (order: 6, 262144 bytes, linear)
[    0.957532] tcp_listen_portaddr_hash hash table entries: 1024 (order: 4, 73728 bytes, linear)
[    0.958332] Table-perturb hash table entries: 65536 (order: 6, 262144 bytes, linear)
[    0.959070] TCP established hash table entries: 16384 (order: 5, 131072 bytes, linear)
[    0.960091] TCP bind hash table entries: 16384 (order: 9, 2359296 bytes, linear)
[    0.961806] TCP: Hash tables configured (established 16384 bind 16384)
[    0.962453] UDP hash table entries: 1024 (order: 6, 262144 bytes, linear)
[    0.963098] UDP-Lite hash table entries: 1024 (order: 6, 262144 bytes, linear)
[    0.964006] NET: Registered PF_UNIX/PF_LOCAL protocol family
[    0.965183] RPC: Registered named UNIX socket transport module.
[    0.965738] RPC: Registered udp transport module.
[    0.966136] RPC: Registered tcp transport module.
[    0.966538] RPC: Registered tcp-with-tls transport module.
[    0.966994] RPC: Registered tcp NFSv4.1 backchannel transport module.
[    0.967538] pci_bus 0000:00: resource 4 [io  0x0000-0x0cf7 window]
[    0.968043] pci_bus 0000:00: resource 5 [io  0x0d00-0xffff window]
[    0.968601] pci_bus 0000:00: resource 6 [mem 0x000a0000-0x000bffff window]
[    0.969178] pci_bus 0000:00: resource 7 [mem 0x80000000-0xfebfffff window]
[    0.969784] pci_bus 0000:00: resource 8 [mem 0x100000000-0x17fffffff window]
[    0.970756] pci 0000:00:01.0: PIIX3: Enabling Passive Release
[    0.971282] pci 0000:00:00.0: Limiting direct PCI/PCI transfers
[    0.971898] PCI: CLS 0 bytes, default 64
[    0.972343] ACPI: bus type thunderbolt registered
[    0.973106] clocksource: tsc: mask: 0xffffffffffffffff max_cycles: 0x240939f1bb2, max_idle_ns: 440795263295 ns
[    3.507069] Initialise system trusted keyrings
[    3.507557] Key type blacklist registered
[    3.508604] workingset: timestamp_bits=36 max_order=19 bucket_order=0
[    3.511462] squashfs: version 4.0 (2009/01/31) Phillip Lougher
[    3.514766] NFS: Registering the id_resolver key type
[    3.515282] Key type id_resolver registered
[    3.515669] Key type id_legacy registered
[    3.516103] nfs4filelayout_init: NFSv4 File Layout Driver Registering...
[    3.516748] nfs4flexfilelayout_init: NFSv4 Flexfile Layout Driver Registering...
[    3.518084] fuse: init (API version 7.44)
[    3.519576] SGI XFS with ACLs, security attributes, realtime, quota, no debug enabled
[    3.522174] 9p: Installing v9fs 9p2000 file system support
[    3.538279] Key type asymmetric registered
[    3.538654] Asymmetric key parser 'x509' registered
[    3.539209] Block layer SCSI generic (bsg) driver version 0.4 loaded (major 241)
[    3.540479] io scheduler mq-deadline registered
[    3.541005] io scheduler bfq registered
[    3.542413] ledtrig-cpu: registered to indicate activity on CPUs
[    3.544295] IPMI message handler: version 39.2
[    3.544781] ipmi device interface
[    3.547472] input: Power Button as /devices/LNXSYSTM:00/LNXPWRBN:00/input/input0
[    3.549047] ACPI: button: Power Button [PWRF]
[    3.551820] ERST DBG: ERST support is disabled.
[    3.554141] Serial: 8250/16550 driver, 32 ports, IRQ sharing enabled
[    3.555850] 00:04: ttyS0 at I/O 0x3f8 (irq = 4, base_baud = 115200) is a 16550A
[    3.588190] Callback from call_rcu_tasks() invoked.
[    3.598084] Linux agpgart interface v0.103
[    3.601505] ACPI: bus type drm_connector registered
[    3.632742] brd: module loaded
[    3.649986] loop: module loaded
[    3.663830] scsi host0: ata_piix
[    3.665938] scsi host1: ata_piix
[    3.666785] ata1: PATA max MWDMA2 cmd 0x1f0 ctl 0x3f6 bmdma 0xc040 irq 14 lpm-pol 0
[    3.667493] ata2: PATA max MWDMA2 cmd 0x170 ctl 0x376 bmdma 0xc048 irq 15 lpm-pol 0
[    3.671081] tun: Universal TUN/TAP device driver, 1.6
[    3.672243] e100: Intel(R) PRO/100 Network Driver
[    3.672697] e100: Copyright(c) 1999-2006 Intel Corporation
[    3.673324] e1000: Intel(R) PRO/1000 Network Driver
[    3.673761] e1000: Copyright (c) 1999-2006 Intel Corporation.
[    3.824349] ata1: found unknown device (class 0)
[    3.825021] ata2: found unknown device (class 0)
[    3.826029] ata2.00: ATAPI: QEMU DVD-ROM, 2.5+, max UDMA/100
[    3.826827] ata1.00: ATA-7: QEMU HARDDISK, 2.5+, max UDMA/100
[    3.827340] ata1.00: 17196647 sectors, multi 16: LBA48 
[    3.829183] scsi 0:0:0:0: Direct-Access     ATA      QEMU HARDDISK    2.5+ PQ: 0 ANSI: 5
[    3.831858] sd 0:0:0:0: Attached scsi generic sg0 type 0
[    3.832430] sd 0:0:0:0: [sda] 17196647 512-byte logical blocks: (8.80 GB/8.20 GiB)
[    3.833396] sd 0:0:0:0: [sda] Write Protect is off
[    3.834050] sd 0:0:0:0: [sda] Write cache: enabled, read cache: enabled, doesn't support DPO or FUA
[    3.834054] scsi 1:0:0:0: CD-ROM            QEMU     QEMU DVD-ROM     2.5+ PQ: 0 ANSI: 5
[    3.834862] sd 0:0:0:0: [sda] Preferred minimum I/O size 512 bytes
[    3.854108] scsi 1:0:0:0: Attached scsi generic sg1 type 5
[    3.857189] sd 0:0:0:0: [sda] Attached SCSI disk
[    4.352261] ACPI: \_SB_.LNKC: Enabled at IRQ 11
[    4.668361] e1000 0000:00:03.0 eth0: (PCI:33MHz:32-bit) 52:54:00:12:34:56
[    4.669003] e1000 0000:00:03.0 eth0: Intel(R) PRO/1000 Network Connection
[    4.669782] e1000e: Intel(R) PRO/1000 Network Driver
[    4.670239] e1000e: Copyright(c) 1999 - 2015 Intel Corporation.
[    4.670892] igb: Intel(R) Gigabit Ethernet Network Driver
[    4.671373] igb: Copyright (c) 2007-2014 Intel Corporation.
[    4.672153] PPP generic driver version 2.4.2
[    4.674071] VFIO - User Level meta-driver version: 0.3
[    4.676102] usbcore: registered new interface driver uas
[    4.676788] usbcore: registered new interface driver usb-storage
[    4.677635] i8042: PNP: PS/2 Controller [PNP0303:KBD,PNP0f13:MOU] at 0x60,0x64 irq 1,12
[    4.679344] serio: i8042 KBD port at 0x60,0x64 irq 1
[    4.679861] serio: i8042 AUX port at 0x60,0x64 irq 12
[    4.682449] mousedev: PS/2 mouse device common for all mice
[    4.684902] rtc_cmos 00:05: RTC can wake from S4
[    4.685061] input: AT Translated Set 2 keyboard as /devices/platform/i8042/serio0/input/input1
[    4.687845] rtc_cmos 00:05: registered as rtc0
[    4.688668] rtc_cmos 00:05: setting system clock to 2026-03-12T06:29:04 UTC (1773296944)
[    4.688799] input: VirtualPS/2 VMware VMMouse as /devices/platform/i8042/serio1/input/input4
[    4.690529] rtc_cmos 00:05: alarms up to one day, y3k, 242 bytes nvram, hpet irqs
[    4.691432] i2c_dev: i2c /dev entries driver
[    4.691556] input: VirtualPS/2 VMware VMMouse as /devices/platform/i8042/serio1/input/input3
[    4.691912] device-mapper: core: CONFIG_IMA_DISABLE_HTABLE is disabled. Duplicate IMA measurements will not be recorded in the IMA log.
[    4.693663] device-mapper: uevent: version 1.0.3
[    4.694486] device-mapper: ioctl: 4.50.0-ioctl (2025-04-28) initialised: dm-devel@lists.linux.dev
[    4.695285] intel_pstate: CPU model not supported
[    4.695926] sdhci: Secure Digital Host Controller Interface driver
[    4.696501] sdhci: Copyright(c) Pierre Ossman
[    4.697074] sdhci-pltfm: SDHCI platform and OF driver helper
[    4.698071] drop_monitor: Initializing network drop monitor service
[    4.698941] NET: Registered PF_INET6 protocol family
[    4.700679] Segment Routing with IPv6
[    4.701077] In-situ OAM (IOAM) with IPv6
[    4.701491] NET: Registered PF_PACKET protocol family
[    4.702407] 9pnet: Installing 9P2000 support
[    4.702928] Key type dns_resolver registered
[    4.705748] IPI shorthand broadcast: enabled
[    4.760443] sched_clock: Marking stable (4740006146, 20057904)->(4772312416, -12248366)
[    4.762391] registered taskstats version 1
[    4.763347] Loading compiled-in X.509 certificates
[    4.838249] Demotion targets for Node 0: null
[    4.839687] Key type .fscrypt registered
[    4.840088] Key type fscrypt-provisioning registered
[    4.850161] Key type encrypted registered
[    4.850588] ima: No TPM chip found, activating TPM-bypass!
[    4.851110] ima: Allocated hash algorithm: sha1
[    4.851585] ima: No architecture policies found
[    4.852159] evm: Initialising EVM extended attributes:
[    4.852629] evm: security.selinux
[    4.852922] evm: security.SMACK64
[    4.853225] evm: security.SMACK64EXEC
[    4.853551] evm: security.SMACK64TRANSMUTE
[    4.853914] evm: security.SMACK64MMAP
[    4.854250] evm: security.apparmor
[    4.854553] evm: security.ima
[    4.854823] evm: security.capability
[    4.855153] evm: HMAC attrs: 0x1
[    4.858021] PM:   Magic number: 2:443:468
[    4.859624] RAS: Correctable Errors collector initialized.
[    4.860425] clk: Disabling unused clocks
[    4.860818] PM: genpd: Disabling unused power domains
[    4.862138] md: Waiting for all devices to be available before autodetect
[    4.862598] md: If you don't use raid, use raid=noautodetect
[    4.862944] md: Autodetecting RAID arrays.
[    4.863227] md: autorun ...
[    4.863405] md: ... autorun DONE.
[    4.876325] EXT4-fs (sda): INFO: recovery required on readonly filesystem
[    4.876776] EXT4-fs (sda): write access will be enabled during recovery
[    5.168226] EXT4-fs (sda): recovery complete
[    5.172372] EXT4-fs (sda): mounted filesystem 088740a9-c8b4-422c-999d-a804eb68a4da ro with ordered data mode. Quota mode: none.
[    5.173159] VFS: Mounted root (ext4 filesystem) readonly on device 8:0.
[    5.177024] devtmpfs: mounted
[    5.200933] Freeing unused decrypted memory: 2028K
[    5.206899] Freeing unused kernel image (initmem) memory: 16080K
[    5.207384] Write protecting the kernel read-only data: 98304k
[    5.210498] Freeing unused kernel image (text/rodata gap) memory: 748K
[    5.211231] Freeing unused kernel image (rodata/data gap) memory: 72K
[    6.303758] x86/mm: Checked W+X mappings: passed, no W+X pages found.
[    6.304381] Run /sbin/init as init process
[    6.571051] systemd[1]: systemd 252-15.el9 running in system mode (+PAM +AUDIT +SELINUX -APPARMOR +IMA +SMACK +SECCOMP +GCRYPT +GNUTLS +OPENSSL +ACL +BLKID +CURL +ELFUTILS -FIDO2 +IDN2 -IDN -IPTC +KMOD +LIBCRYPTSETUP +LIBFDISK +PCRE2 -PWQUALITY +P11KIT -QRENCODE +TPM2 +BZIP2 +LZ4 +XZ +ZLIB +ZSTD -BPF_FRAMEWORK +XKBCOMMON +UTMP +SYSVINIT default-hierarchy=unified)
[    6.573225] systemd[1]: Detected virtualization kvm.
[    6.573522] systemd[1]: Detected architecture x86-64.

Welcome to [0;31mCentOS Stream 9[0m!

[    6.582265] systemd[1]: Hostname set to <test>.
[    6.753302] systemd-rc-local-generator[114]: /etc/rc.d/rc.local is not marked executable, skipping.
[    7.324698] systemd[1]: Queued start job for default target Multi-User System.
[    7.351026] systemd[1]: Created slice Virtual Machine and Container Slice.
[[0;32m  OK  [0m] Created slice [0;1;39mVirtual Machine and Container Slice[0m.
[    7.356512] systemd[1]: Created slice Slice /system/getty.
[[0;32m  OK  [0m] Created slice [0;1;39mSlice /system/getty[0m.
[    7.359341] systemd[1]: Created slice Slice /system/modprobe.
[[0;32m  OK  [0m] Created slice [0;1;39mSlice /system/modprobe[0m.
[    7.362218] systemd[1]: Created slice Slice /system/serial-getty.
[[0;32m  OK  [0m] Created slice [0;1;39mSlice /system/serial-getty[0m.
[    7.365212] systemd[1]: Created slice Slice /system/sshd-keygen.
[[0;32m  OK  [0m] Created slice [0;1;39mSlice /system/sshd-keygen[0m.
[    7.367854] systemd[1]: Created slice User and Session Slice.
[[0;32m  OK  [0m] Created slice [0;1;39mUser and Session Slice[0m.
[    7.369273] systemd[1]: Started Forward Password Requests to Wall Directory Watch.
[[0;32m  OK  [0m] Started [0;1;39mForward Password R…uests to Wall Directory Watch[0m.
[    7.371298] systemd[1]: Set up automount Arbitrary Executable File Formats File System Automount Point.
[[0;32m  OK  [0m] Set up automount [0;1;39mArbitrary…s File System Automount Point[0m.
[    7.372700] systemd[1]: Reached target Local Integrity Protected Volumes.
[[0;32m  OK  [0m] Reached target [0;1;39mLocal Integrity Protected Volumes[0m.
[    7.373840] systemd[1]: Reached target Slice Units.
[[0;32m  OK  [0m] Reached target [0;1;39mSlice Units[0m.
[    7.374679] systemd[1]: Reached target Swaps.
[[0;32m  OK  [0m] Reached target [0;1;39mSwaps[0m.
[    7.375460] systemd[1]: Reached target Local Verity Protected Volumes.
[[0;32m  OK  [0m] Reached target [0;1;39mLocal Verity Protected Volumes[0m.
[    7.377054] systemd[1]: Listening on Device-mapper event daemon FIFOs.
[[0;32m  OK  [0m] Listening on [0;1;39mDevice-mapper event daemon FIFOs[0m.
[    7.378736] systemd[1]: Listening on LVM2 poll daemon socket.
[[0;32m  OK  [0m] Listening on [0;1;39mLVM2 poll daemon socket[0m.
[    7.379853] systemd[1]: multipathd control socket was skipped because of an unmet condition check (ConditionPathExists=/etc/multipath.conf).
[    7.429690] systemd[1]: Listening on RPCbind Server Activation Socket.
[[0;32m  OK  [0m] Listening on [0;1;39mRPCbind Server Activation Socket[0m.
[    7.430884] systemd[1]: Reached target RPC Port Mapper.
[[0;32m  OK  [0m] Reached target [0;1;39mRPC Port Mapper[0m.
[    7.434564] systemd[1]: Listening on Process Core Dump Socket.
[[0;32m  OK  [0m] Listening on [0;1;39mProcess Core Dump Socket[0m.
[    7.435968] systemd[1]: Listening on initctl Compatibility Named Pipe.
[[0;32m  OK  [0m] Listening on [0;1;39minitctl Compatibility Named Pipe[0m.
[    7.437693] systemd[1]: Listening on Journal Socket (/dev/log).
[[0;32m  OK  [0m] Listening on [0;1;39mJournal Socket (/dev/log)[0m.
[    7.439257] systemd[1]: Listening on Journal Socket.
[[0;32m  OK  [0m] Listening on [0;1;39mJournal Socket[0m.
[    7.441020] systemd[1]: Listening on udev Control Socket.
[[0;32m  OK  [0m] Listening on [0;1;39mudev Control Socket[0m.
[    7.442351] systemd[1]: Listening on udev Kernel Socket.
[[0;32m  OK  [0m] Listening on [0;1;39mudev Kernel Socket[0m.
[    7.448395] systemd[1]: Mounting Huge Pages File System...
         Mounting [0;1;39mHuge Pages File System[0m...
[    7.455123] systemd[1]: Mounting POSIX Message Queue File System...
         Mounting [0;1;39mPOSIX Message Queue File System[0m...
[    7.465256] systemd[1]: Mounting Kernel Debug File System...
         Mounting [0;1;39mKernel Debug File System[0m...
[    7.473015] systemd[1]: Mounting Kernel Trace File System...
         Mounting [0;1;39mKernel Trace File System[0m...
[    7.476469] systemd[1]: Kernel Module supporting RPCSEC_GSS was skipped because of an unmet condition check (ConditionPathExists=/etc/krb5.keytab).
[    7.477560] systemd[1]: Create List of Static Device Nodes was skipped because of an unmet condition check (ConditionFileNotEmpty=/lib/modules/6.16.0-69f2970aad93+/modules.devname).
[    7.500884] systemd[1]: Starting Monitoring of LVM2 mirrors, snapshots etc. using dmeventd or progress polling...
         Starting [0;1;39mMonitoring of LVM…meventd or progress polling[0m...
[    7.509670] systemd[1]: Starting Load Kernel Module configfs...
         Starting [0;1;39mLoad Kernel Module configfs[0m...
[    7.519413] systemd[1]: Starting Load Kernel Module drm...
         Starting [0;1;39mLoad Kernel Module drm[0m...
[    7.533276] systemd[1]: Starting Load Kernel Module fuse...
         Starting [0;1;39mLoad Kernel Module fuse[0m...
[    7.546291] systemd[1]: Starting Read and set NIS domainname from /etc/sysconfig/network...
         Starting [0;1;39mRead and set NIS …from /etc/sysconfig/network[0m...
[    7.569337] systemd[1]: Starting Journal Service...
         Starting [0;1;39mJournal Service[0m...
[    7.586834] systemd[1]: Starting Load Kernel Modules...
         Starting [0;1;39mLoad Kernel Modules[0m...
[    7.608348] systemd[1]: Starting Generate network units from Kernel command line...
         Starting [0;1;39mGenerate network …ts from Kernel command line[0m...
[    7.624708] systemd[1]: Starting Remount Root and Kernel File Systems...
         Starting [0;1;39mRemount Root and Kernel File Systems[0m...
[    7.629283] systemd[1]: Repartition Root Disk was skipped because no trigger condition checks were met.
[    7.646342] systemd[1]: Starting Coldplug All udev Devices...
         Starting [0;1;39mColdplug All udev Devices[0m...
[    7.673136] systemd[1]: Mounted Huge Pages File System.
[[0;32m  OK  [0m] Mounted [0;1;39mHuge Pages File System[0m.
[    7.674525] systemd[1]: Mounted POSIX Message Queue File System.
[[0;32m  OK  [0m] Mounted [0;1;39mPOSIX Message Queue File System[0m.
[    7.675964] systemd[1]: Mounted Kernel Debug File System.
[[0;32m  OK  [0m] Mounted [0;1;39mKernel Debug File System[0m.
[    7.681785] systemd[1]: Mounted Kernel Trace File System.
[[0;32m  OK  [0m] Mounted [0;1;39mKernel Trace File System[0m.
[    7.688581] EXT4-fs (sda): re-mounted 088740a9-c8b4-422c-999d-a804eb68a4da r/w.
[    7.688617] systemd[1]: Finished Monitoring of LVM2 mirrors, snapshots etc. using dmeventd or progress polling.
[[0;32m  OK  [0m] Finished [0;1;39mMonitoring of LVM… dmeventd or progress polling[0m.
[    7.696003] systemd[1]: modprobe@configfs.service: Deactivated successfully.
[    7.705315] systemd[1]: Finished Load Kernel Module configfs.
[[0;32m  OK  [0m] Finished [0;1;39mLoad Kernel Module configfs[0m.
[    7.710003] systemd[1]: modprobe@drm.service: Deactivated successfully.
[    7.711484] systemd[1]: Finished Load Kernel Module drm.
[[0;32m  OK  [0m] Finished [0;1;39mLoad Kernel Module drm[0m.
[    7.717596] systemd[1]: modprobe@fuse.service: Deactivated successfully.
[    7.719059] systemd[1]: Finished Load Kernel Module fuse.
[[0;32m  OK  [0m] Finished [0;1;39mLoad Kernel Module fuse[0m.
[    7.725498] systemd[1]: Finished Read and set NIS domainname from /etc/sysconfig/network.
[[0;32m  OK  [0m] Finished [0;1;39mRead and set NIS …e from /etc/sysconfig/network[0m.
[    7.732647] systemd[1]: systemd-modules-load.service: Main process exited, code=exited, status=1/FAILURE
[    7.734061] systemd[1]: systemd-modules-load.service: Failed with result 'exit-code'.
[    7.735522] systemd[1]: Failed to start Load Kernel Modules.
[[0;1;31mFAILED[0m] Failed to start [0;1;39mLoad Kernel Modules[0m.
See 'systemctl status systemd-modules-load.service' for details.
[    7.742276] systemd[1]: Finished Generate network units from Kernel command line.
[[0;32m  OK  [0m] Finished [0;1;39mGenerate network units from Kernel command line[0m.
[    7.749482] systemd[1]: Finished Remount Root and Kernel File Systems.
[[0;32m  OK  [0m] Finished [0;1;39mRemount Root and Kernel File Systems[0m.
[    7.753747] systemd[1]: Reached target Preparation for Network.
[[0;32m  OK  [0m] Reached target [0;1;39mPreparation for Network[0m.
[    7.776784] systemd[1]: Mounting FUSE Control File System...
         Mounting [0;1;39mFUSE Control File System[0m...
[    7.785435] systemd[1]: Mounting Kernel Configuration File System...
         Mounting [0;1;39mKernel Configuration File System[0m...
[    7.788751] systemd[1]: Special handling of early boot iSCSI sessions was skipped because of an unmet condition check (ConditionDirectoryNotEmpty=/sys/class/iscsi_session).
[    7.789815] systemd[1]: First Boot Wizard was skipped because of an unmet condition check (ConditionFirstBoot=yes).
[    7.800485] systemd[1]: Rebuild Hardware Database was skipped because of an unmet condition check (ConditionNeedsUpdate=/etc).
[    7.820712] systemd[1]: Starting Load/Save Random Seed...
         Starting [0;1;39mLoad/Save Random Seed[0m...
[    7.828672] systemd[1]: Starting Apply Kernel Variables...
         Starting [0;1;39mApply Kernel Variables[0m...
[    7.832834] systemd[1]: Create System Users was skipped because no trigger condition checks were met.
[    7.843651] systemd[1]: Starting Create Static Device Nodes in /dev...
         Starting [0;1;39mCreate Static Device Nodes in /dev[0m...
[    7.868892] systemd[1]: Starting Setup Virtual Console...
         Starting [0;1;39mSetup Virtual Console[0m...
[    7.879413] systemd[1]: Started Journal Service.
[[0;32m  OK  [0m] Started [0;1;39mJournal Service[0m.
[[0;32m  OK  [0m] Mounted [0;1;39mFUSE Control File System[0m.
[[0;32m  OK  [0m] Mounted [0;1;39mKernel Configuration File System[0m.
         Starting [0;1;39mFlush Journal to Persistent Storage[0m...
[[0;32m  OK  [0m] Finished [0;1;39mLoad/Save Random Seed[0m.
[[0;32m  OK  [0m] Finished [0;1;39mApply Kernel Variables[0m.
[    7.985102] systemd-journald[140]: Received client request to flush runtime journal.
[[0;32m  OK  [0m] Finished [0;1;39mFlush Journal to Persistent Storage[0m.
[[0;32m  OK  [0m] Finished [0;1;39mCreate Static Device Nodes in /dev[0m.
         Starting [0;1;39mRule-based Manage…for Device Events and Files[0m...
[[0;32m  OK  [0m] Started [0;1;39mRule-based Manager for Device Events and Files[0m.
         Starting [0;1;39mAuto-connect to s…E devices found during boot[0m...
[[0;32m  OK  [0m] Finished [0;1;39mAuto-connect to s…VME devices found during boot[0m.
[[0;32m  OK  [0m] Finished [0;1;39mColdplug All udev Devices[0m.
         Starting [0;1;39mWait for udev To …plete Device Initialization[0m...
[[0;32m  OK  [0m] Finished [0;1;39mSetup Virtual Console[0m.
         Starting [0;1;39mShow Plymouth Boot Screen[0m...
[2J[3J[-1;-1f[[0;32m  OK  [0m] Started [0;1;39mShow Plymouth Boot Screen[0m.
[[0;32m  OK  [0m] Started [0;1;39mForward Password R…s to Plymouth Directory Watch[0m.
[[0;32m  OK  [0m] Reached target [0;1;39mLocal Encrypted Volumes[0m.
[[0;32m  OK  [0m] Reached target [0;1;39mPath Units[0m.
[[0;32m  OK  [0m] Found device [0;1;39m/dev/ttyS0[0m.
[[0;32m  OK  [0m] Listening on [0;1;39mLoad/Save RF …itch Status /dev/rfkill Watch[0m.
[[0;32m  OK  [0m] Finished [0;1;39mWait for udev To Complete Device Initialization[0m.
[[0;32m  OK  [0m] Reached target [0;1;39mPreparation for Local File Systems[0m.
[[0;32m  OK  [0m] Reached target [0;1;39mLocal File Systems[0m.
         Starting [0;1;39mTell Plymouth To Write Out Runtime Data[0m...
         Starting [0;1;39mAutomatic Boot Loader Update[0m...
         Starting [0;1;39mCreate Volatile Files and Directories[0m...
[[0;32m  OK  [0m] Finished [0;1;39mTell Plymouth To Write Out Runtime Data[0m.
[[0;32m  OK  [0m] Finished [0;1;39mAutomatic Boot Loader Update[0m.
[[0;32m  OK  [0m] Finished [0;1;39mCreate Volatile Files and Directories[0m.
         Mounting [0;1;39mRPC Pipe File System[0m...
         Starting [0;1;39mSecurity Auditing Service[0m...
         Starting [0;1;39mRPC Bind[0m...
[[0;32m  OK  [0m] Mounted [0;1;39mRPC Pipe File System[0m.
[[0;32m  OK  [0m] Reached target [0;1;39mrpc_pipefs.target[0m.
[[0;32m  OK  [0m] Started [0;1;39mRPC Bind[0m.
[[0;32m  OK  [0m] Started [0;1;39mSecurity Auditing Service[0m.
         Starting [0;1;39mRecord System Boot/Shutdown in UTMP[0m...
[[0;32m  OK  [0m] Finished [0;1;39mRecord System Boot/Shutdown in UTMP[0m.
[[0;32m  OK  [0m] Reached target [0;1;39mSystem Initialization[0m.
[[0;32m  OK  [0m] Started [0;1;39mDaily rotation of log files[0m.
[[0;32m  OK  [0m] Started [0;1;39mUpdates mlocate database every day[0m.
[[0;32m  OK  [0m] Started [0;1;39mDaily Cleanup of Temporary Directories[0m.
[[0;32m  OK  [0m] Started [0;1;39mdaily update of the root trust anchor for DNSSEC[0m.
[[0;32m  OK  [0m] Reached target [0;1;39mTimer Units[0m.
[[0;32m  OK  [0m] Listening on [0;1;39mD-Bus System Message Bus Socket[0m.
[[0;32m  OK  [0m] Listening on [0;1;39mOpen-iSCSI iscsid Socket[0m.
[[0;32m  OK  [0m] Listening on [0;1;39mOpen-iSCSI iscsiuio Socket[0m.
[[0;32m  OK  [0m] Listening on [0;1;39mSSSD Kerberos…ache Manager responder socket[0m.
[[0;32m  OK  [0m] Listening on [0;1;39mLibvirt interface local socket[0m.
[[0;32m  OK  [0m] Listening on [0;1;39mVirtual machine lock manager socket[0m.
[[0;32m  OK  [0m] Listening on [0;1;39mVirtual machine log manager socket[0m.
[[0;32m  OK  [0m] Listening on [0;1;39mLibvirt network local socket[0m.
[[0;32m  OK  [0m] Listening on [0;1;39mLibvirt nodedev local socket[0m.
[[0;32m  OK  [0m] Listening on [0;1;39mLibvirt nwfilter local socket[0m.
[[0;32m  OK  [0m] Listening on [0;1;39mLibvirt proxy local socket[0m.
[[0;32m  OK  [0m] Listening on [0;1;39mLibvirt qemu local socket[0m.
[[0;32m  OK  [0m] Listening on [0;1;39mLibvirt qemu admin socket[0m.
[[0;32m  OK  [0m] Listening on [0;1;39mLibvirt qemu local read-only socket[0m.
[[0;32m  OK  [0m] Listening on [0;1;39mLibvirt secret local socket[0m.
[[0;32m  OK  [0m] Listening on [0;1;39mLibvirt storage local socket[0m.
[[0;32m  OK  [0m] Reached target [0;1;39mSocket Units[0m.
         Starting [0;1;39mD-Bus System Message Bus[0m...
[[0;32m  OK  [0m] Started [0;1;39mD-Bus System Message Bus[0m.
[[0;32m  OK  [0m] Reached target [0;1;39mBasic System[0m.
         Starting [0;1;39mNetwork Manager[0m...
         Starting [0;1;39mNTP client/server[0m...
         Starting [0;1;39mRestore /run/initramfs on shutdown[0m...
[[0;32m  OK  [0m] Started [0;1;39mirqbalance daemon[0m.
[[0;32m  OK  [0m] Started [0;1;39mlibstoragemgmt plug-in server daemon[0m.
[[0;32m  OK  [0m] Started [0;1;39mMachine Check Exception Logging Daemon[0m.
[[0;32m  OK  [0m] Reached target [0;1;39msshd-keygen.target[0m.
[[0;32m  OK  [0m] Reached target [0;1;39mUser and Group Name Lookups[0m.
         Starting [0;1;39mUser Login Management[0m...
         Starting [0;1;39mVirtual Machine a…tainer Registration Service[0m...
[[0;32m  OK  [0m] Finished [0;1;39mRestore /run/initramfs on shutdown[0m.
[[0;32m  OK  [0m] Started [0;1;39mVirtual Machine an…ontainer Registration Service[0m.
         Starting [0;1;39mHostname Service[0m...
[[0;32m  OK  [0m] Started [0;1;39mNTP client/server[0m.
[[0;32m  OK  [0m] Started [0;1;39mUser Login Management[0m.
[[0;32m  OK  [0m] Started [0;1;39mHostname Service[0m.
         Starting [0;1;39mNetwork Manager Script Dispatcher Service[0m...
[[0;32m  OK  [0m] Started [0;1;39mNetwork Manager Script Dispatcher Service[0m.
[   11.416321] e1000: eth0 NIC Link is Up 1000 Mbps Full Duplex, Flow Control: RX
[[0;32m  OK  [0m] Started [0;1;39mNetwork Manager[0m.
[[0;32m  OK  [0m] Reached target [0;1;39mNetwork[0m.
[[0;32m  OK  [0m] Reached target [0;1;39mNetwork is Online[0m.
         Starting [0;1;39mGSSAPI Proxy Daemon[0m...
         Starting [0;1;39mNotify NFS peers of a restart[0m...
         Starting [0;1;39mSystem Logging Service[0m...
         Starting [0;1;39mOpenSSH server daemon[0m...
         Starting [0;1;39mDynamic System Tuning Daemon[0m...
[[0;32m  OK  [0m] Started [0;1;39mNotify NFS peers of a restart[0m.
[[0;32m  OK  [0m] Started [0;1;39mGSSAPI Proxy Daemon[0m.
[[0;32m  OK  [0m] Reached target [0;1;39mNFS client services[0m.
[[0;32m  OK  [0m] Reached target [0;1;39mPreparation for Remote File Systems[0m.
[[0;32m  OK  [0m] Reached target [0;1;39mRemote File Systems[0m.
         Starting [0;1;39mPermit User Sessions[0m...
         Starting [0;1;39mVirtualization qemu daemon[0m...
[[0;32m  OK  [0m] Started [0;1;39mOpenSSH server daemon[0m.
[[0;32m  OK  [0m] Finished [0;1;39mPermit User Sessions[0m.
[[0;32m  OK  [0m] Started [0;1;39mDeferred execution scheduler[0m.
[[0;32m  OK  [0m] Started [0;1;39mCommand Scheduler[0m.
         Starting [0;1;39mHold until boot process finishes up[0m...
         Starting [0;1;39mTerminate Plymouth Boot Screen[0m...

CentOS Stream 9
Kernel 6.16.0-69f2970aad93+ on an x86_64

Activate the web console with: systemctl enable --now cockpit.socket

test login: 