c[?7l[2J[0mSeaBIOS (version rel-1.16.3-0-ga6ed6b701f0a-prebuilt.qemu.org)


iPXE (http://ipxe.org) 00:03.0 CA00 PCI2.10 PnP PMM+7EFD0D60+7EF30D60 CA00
Press Ctrl-B to configure iPXE (PCI 00:03.0)...                                                                               


Booting from ROM..c[?7l[2J[    0.000000] Linux version 6.19.0-rc1-88ec797c4680+ (root@gnr-800442) (gcc (GCC) 11.5.0 20240719 (Red Hat 11.5.0-14), GNU ld version 2.35.2-66.el9) #1 SMP PREEMPT_DYNAMIC Thu Mar 12 23:16:00 CST 2026
[    0.000000] Command line: console=ttyS0 root=/dev/sda earlyprintk=serial net.ifnames=0 thunderbolt.dyndbg
[    0.000000] KERNEL supported cpus:
[    0.000000]   Intel GenuineIntel
[    0.000000]   AMD AuthenticAMD
[    0.000000]   Hygon HygonGenuine
[    0.000000]   Centaur CentaurHauls
[    0.000000]   zhaoxin   Shanghai  
[    0.000000] x86/CPU: Model not found in latest microcode list
[    0.000000] x86/split lock detection: #DB: warning on user-space bus_locks
[    0.000000] BIOS-provided physical RAM map:
[    0.000000] BIOS-e820: [mem 0x0000000000000000-0x000000000009fbff] usable
[    0.000000] BIOS-e820: [mem 0x000000000009fc00-0x000000000009ffff] reserved
[    0.000000] BIOS-e820: [mem 0x00000000000f0000-0x00000000000fffff] reserved
[    0.000000] BIOS-e820: [mem 0x0000000000100000-0x000000007ffdffff] usable
[    0.000000] BIOS-e820: [mem 0x000000007ffe0000-0x000000007fffffff] reserved
[    0.000000] BIOS-e820: [mem 0x00000000feffc000-0x00000000feffffff] reserved
[    0.000000] BIOS-e820: [mem 0x00000000fffc0000-0x00000000ffffffff] reserved
[    0.000000] printk: legacy bootconsole [earlyser0] enabled
[    0.000000] NX (Execute Disable) protection: active
[    0.000000] APIC: Static calls initialized
[    0.000000] SMBIOS 3.0.0 present.
[    0.000000] DMI: QEMU Standard PC (i440FX + PIIX, 1996), BIOS rel-1.16.3-0-ga6ed6b701f0a-prebuilt.qemu.org 04/01/2014
[    0.000000] DMI: Memory slots populated: 1/1
[    0.000000] Hypervisor detected: KVM
[    0.000000] last_pfn = 0x7ffe0 max_arch_pfn = 0x10000000000
[    0.000000] kvm-clock: Using msrs 4b564d01 and 4b564d00
[    0.000002] kvm-clock: using sched offset of 729809228 cycles
[    0.000502] clocksource: kvm-clock: mask: 0xffffffffffffffff max_cycles: 0x1cd42e4dffb, max_idle_ns: 881590591483 ns
[    0.002007] tsc: Detected 2500.000 MHz processor
[    0.010443] last_pfn = 0x7ffe0 max_arch_pfn = 0x10000000000
[    0.010982] MTRR map: 4 entries (3 fixed + 1 variable; max 19), built from 8 variable MTRRs
[    0.011782] x86/PAT: Configuration [0-7]: WB  WC  UC- UC  WB  WP  UC- WT  
[    0.017683] found SMP MP-table at [mem 0x000f5480-0x000f548f]
[    0.018262] Using GB pages for direct mapping
[    0.020907] ACPI: Early table checksum verification disabled
[    0.021433] ACPI: RSDP 0x00000000000F52A0 000014 (v00 BOCHS )
[    0.021977] ACPI: RSDT 0x000000007FFE1C9B 000034 (v01 BOCHS  BXPC     00000001 BXPC 00000001)
[    0.022771] ACPI: FACP 0x000000007FFE1B47 000074 (v01 BOCHS  BXPC     00000001 BXPC 00000001)
[    0.023559] ACPI: DSDT 0x000000007FFE0040 001B07 (v01 BOCHS  BXPC     00000001 BXPC 00000001)
[    0.024341] ACPI: FACS 0x000000007FFE0000 000040
[    0.024765] ACPI: APIC 0x000000007FFE1BBB 000080 (v03 BOCHS  BXPC     00000001 BXPC 00000001)
[    0.025559] ACPI: HPET 0x000000007FFE1C3B 000038 (v01 BOCHS  BXPC     00000001 BXPC 00000001)
[    0.026339] ACPI: WAET 0x000000007FFE1C73 000028 (v01 BOCHS  BXPC     00000001 BXPC 00000001)
[    0.027123] ACPI: Reserving FACP table memory at [mem 0x7ffe1b47-0x7ffe1bba]
[    0.027755] ACPI: Reserving DSDT table memory at [mem 0x7ffe0040-0x7ffe1b46]
[    0.028393] ACPI: Reserving FACS table memory at [mem 0x7ffe0000-0x7ffe003f]
[    0.029025] ACPI: Reserving APIC table memory at [mem 0x7ffe1bbb-0x7ffe1c3a]
[    0.029657] ACPI: Reserving HPET table memory at [mem 0x7ffe1c3b-0x7ffe1c72]
[    0.030295] ACPI: Reserving WAET table memory at [mem 0x7ffe1c73-0x7ffe1c9a]
[    0.031538] No NUMA configuration found
[    0.031892] Faking a node at [mem 0x0000000000000000-0x000000007ffdffff]
[    0.032530] NODE_DATA(0) allocated [mem 0x7ffb4ec0-0x7ffdfcbf]
[    0.034121] Zone ranges:
[    0.034385]   DMA      [mem 0x0000000000001000-0x0000000000ffffff]
[    0.034942]   DMA32    [mem 0x0000000001000000-0x000000007ffdffff]
[    0.035522]   Normal   empty
[    0.035787]   Device   empty
[    0.036067] Movable zone start for each node
[    0.036465] Early memory node ranges
[    0.036789]   node   0: [mem 0x0000000000001000-0x000000000009efff]
[    0.037369]   node   0: [mem 0x0000000000100000-0x000000007ffdffff]
[    0.037940] Initmem setup node 0 [mem 0x0000000000001000-0x000000007ffdffff]
[    0.038827] On node 0, zone DMA: 1 pages in unavailable ranges
[    0.039559] On node 0, zone DMA: 97 pages in unavailable ranges
[    0.068626] On node 0, zone DMA32: 32 pages in unavailable ranges
[    0.123295] KernelAddressSanitizer initialized (generic)
[    0.124078] ACPI: PM-Timer IO Port: 0x608
[    0.124476] ACPI: LAPIC_NMI (acpi_id[0xff] dfl dfl lint[0x1])
[    0.125049] IOAPIC[0]: apic_id 0, version 17, address 0xfec00000, GSI 0-23
[    0.125693] ACPI: INT_SRC_OVR (bus 0 bus_irq 0 global_irq 2 dfl dfl)
[    0.126284] ACPI: INT_SRC_OVR (bus 0 bus_irq 5 global_irq 5 high level)
[    0.126888] ACPI: INT_SRC_OVR (bus 0 bus_irq 9 global_irq 9 high level)
[    0.127486] ACPI: INT_SRC_OVR (bus 0 bus_irq 10 global_irq 10 high level)
[    0.128113] ACPI: INT_SRC_OVR (bus 0 bus_irq 11 global_irq 11 high level)
[    0.128741] ACPI: Using ACPI (MADT) for SMP configuration information
[    0.129334] ACPI: HPET id: 0x8086a201 base: 0xfed00000
[    0.129806] TSC deadline timer available
[    0.130172] CPU topo: Max. logical packages:   1
[    0.130590] CPU topo: Max. logical dies:       1
[    0.131012] CPU topo: Max. dies per package:   1
[    0.131438] CPU topo: Max. threads per core:   1
[    0.131860] CPU topo: Num. cores per package:     2
[    0.132307] CPU topo: Num. threads per package:   2
[    0.132751] CPU topo: Allowing 2 present CPUs plus 0 hotplug CPUs
[    0.133346] kvm-guest: APIC: eoi() replaced with kvm_guest_apic_eoi_write()
[    0.133996] kvm-guest: KVM setup pv remote TLB flush
[    0.134454] kvm-guest: setup PV sched yield
[    0.134874] PM: hibernation: Registered nosave memory: [mem 0x00000000-0x00000fff]
[    0.135573] PM: hibernation: Registered nosave memory: [mem 0x0009f000-0x000fffff]
[    0.136269] [mem 0x80000000-0xfeffbfff] available for PCI devices
[    0.136813] Booting paravirtualized kernel on KVM
[    0.137220] clocksource: refined-jiffies: mask: 0xffffffff max_cycles: 0xffffffff, max_idle_ns: 7645519600211568 ns
[    0.138097] setup_percpu: NR_CPUS:8192 nr_cpumask_bits:2 nr_cpu_ids:2 nr_node_ids:1
[    0.139209] percpu: Embedded 81 pages/cpu s294912 r8192 d28672 u1048576
[    0.139977] kvm-guest: PV spinlocks enabled
[    0.140382] PV qspinlock hash table entries: 256 (order: 0, 4096 bytes, linear)
[    0.141073] Kernel command line: net.ifnames=0 console=ttyS0 root=/dev/sda earlyprintk=serial net.ifnames=0 thunderbolt.dyndbg
[    0.142408] random: crng init done
[    0.142721] printk: log buffer data + meta data: 262144 + 917504 = 1179648 bytes
[    0.143789] Dentry cache hash table entries: 262144 (order: 9, 2097152 bytes, linear)
[    0.144860] Inode-cache hash table entries: 131072 (order: 8, 1048576 bytes, linear)
[    0.145864] Fallback order for Node 0: 0 
[    0.145875] Built 1 zonelists, mobility grouping on.  Total pages: 524158
[    0.146856] Policy zone: DMA32
[    0.147140] mem auto-init: stack:off, heap alloc:off, heap free:off
[    0.147694] stackdepot: allocating hash table via alloc_large_system_hash
[    0.148305] stackdepot hash table entries: 1048576 (order: 12, 16777216 bytes, linear)
[    0.152013] stackdepot: allocating space for 8192 stack pools via memblock
[    0.186827] SLUB: HWalign=64, Order=0-3, MinObjects=0, CPUs=2, Nodes=1
[    0.187442] kmemleak: Kernel memory leak detector disabled
[    0.224395] ftrace: allocating 75259 entries in 296 pages
[    0.224879] ftrace: allocated 296 pages with 3 groups
[    0.229747] Dynamic Preempt: voluntary
[    0.230601] Running RCU self tests
[    0.230910] Running RCU synchronous self tests
[    0.231305] rcu: Preemptible hierarchical RCU implementation.
[    0.231816] rcu: 	RCU lockdep checking is enabled.
[    0.232239] rcu: 	RCU restricting CPUs from NR_CPUS=8192 to nr_cpu_ids=2.
[    0.232829] 	Trampoline variant of Tasks RCU enabled.
[    0.233282] 	Rude variant of Tasks RCU enabled.
[    0.233681] 	Tracing variant of Tasks RCU enabled.
[    0.234108] rcu: RCU calculated value of scheduler-enlistment delay is 25 jiffies.
[    0.234766] rcu: Adjusting geometry for rcu_fanout_leaf=16, nr_cpu_ids=2
[    0.235437] Running RCU synchronous self tests
[    0.235826] RCU Tasks: Setting shift to 1 and lim to 1 rcu_task_cb_adjust=1 rcu_task_cpu_ids=2.
[    0.236589] RCU Tasks Rude: Setting shift to 1 and lim to 1 rcu_task_cb_adjust=1 rcu_task_cpu_ids=2.
[    0.237396] RCU Tasks Trace: Setting shift to 1 and lim to 1 rcu_task_cb_adjust=1 rcu_task_cpu_ids=2.
[    0.314164] NR_IRQS: 524544, nr_irqs: 440, preallocated irqs: 16
[    0.315324] rcu: srcu_init: Setting srcu_struct sizes based on contention.
[    0.324391] Console: colour VGA+ 80x25
[    0.324814] printk: legacy console [ttyS0] enabled
[    0.324814] printk: legacy console [ttyS0] enabled
[    0.325693] printk: legacy bootconsole [earlyser0] disabled
[    0.325693] printk: legacy bootconsole [earlyser0] disabled
[    0.326719] Lock dependency validator: Copyright (c) 2006 Red Hat, Inc., Ingo Molnar
[    0.327431] ... MAX_LOCKDEP_SUBCLASSES:  8
[    0.327815] ... MAX_LOCK_DEPTH:          48
[    0.328215] ... MAX_LOCKDEP_KEYS:        8192
[    0.328615] ... CLASSHASH_SIZE:          4096
[    0.329026] ... MAX_LOCKDEP_ENTRIES:     32768
[    0.329438] ... MAX_LOCKDEP_CHAINS:      65536
[    0.329847] ... CHAINHASH_SIZE:          32768
[    0.330265]  memory used by lock dependency info: 6429 kB
[    0.330756]  memory used for stack traces: 4224 kB
[    0.331202]  per task-struct memory footprint: 1920 bytes
[    0.331778] ACPI: Core revision 20250807
[    0.332579] clocksource: hpet: mask: 0xffffffff max_cycles: 0xffffffff, max_idle_ns: 19112604467 ns
[    0.333577] APIC: Switch to symmetric I/O mode setup
[    0.334339] x2apic enabled
[    0.335018] APIC: Switched APIC routing to: physical x2apic
[    0.335539] kvm-guest: APIC: send_IPI_mask() replaced with kvm_send_ipi_mask()
[    0.336232] kvm-guest: APIC: send_IPI_mask_allbutself() replaced with kvm_send_ipi_mask_allbutself()
[    0.337087] kvm-guest: setup PV IPIs
[    0.338577] ..TIMER: vector=0x30 apic1=0 pin1=2 apic2=-1 pin2=-1
[    0.339172] clocksource: tsc-early: mask: 0xffffffffffffffff max_cycles: 0x240939f1bb2, max_idle_ns: 440795263295 ns
[    0.340149] Calibrating delay loop (skipped) preset value.. 5000.00 BogoMIPS (lpj=10000000)
[    0.341077] x86/cpu: User Mode Instruction Prevention (UMIP) activated
[    0.344267] Last level iTLB entries: 4KB 0, 2MB 0, 4MB 0
[    0.344783] Last level dTLB entries: 4KB 0, 2MB 0, 4MB 0, 1GB 0
[    0.345344] mitigations: Enabled attack vectors: user_kernel, user_user, guest_host, guest_guest, SMT mitigations: auto
[    0.346337] Speculative Store Bypass: Mitigation: Speculative Store Bypass disabled via prctl
[    0.347107] Spectre V2 : Mitigation: Enhanced / Automatic IBRS
[    0.347644] ITS: Mitigation: Aligned branch/return thunks
[    0.348144] Spectre V1 : Mitigation: usercopy/swapgs barriers and __user pointer sanitization
[    0.348931] Spectre V2 : WARNING: Unprivileged eBPF is enabled with eIBRS on, data leaks possible via Spectre v2 BHB attacks!
[    0.349965] Spectre V2 : Spectre v2 / PBRSB-eIBRS: Retire a single CALL on VMEXIT
[    0.350628] Spectre V2 : mitigation: Enabling conditional Indirect Branch Prediction Barrier
[    0.351369] active return thunk: its_return_thunk
[    0.351790] Spectre V2 : Spectre BHI mitigation: SW BHB clearing on syscall and VM exit
[    0.352213] x86/fpu: Supporting XSAVE feature 0x001: 'x87 floating point registers'
[    0.352910] x86/fpu: Supporting XSAVE feature 0x002: 'SSE registers'
[    0.353473] x86/fpu: Supporting XSAVE feature 0x004: 'AVX registers'
[    0.354053] x86/fpu: Supporting XSAVE feature 0x020: 'AVX-512 opmask'
[    0.354633] x86/fpu: Supporting XSAVE feature 0x040: 'AVX-512 Hi256'
[    0.355209] x86/fpu: Supporting XSAVE feature 0x080: 'AVX-512 ZMM_Hi256'
[    0.356147] x86/fpu: Supporting XSAVE feature 0x200: 'Protection Keys User registers'
[    0.356857] x86/fpu: Supporting XSAVE feature 0x20000: 'AMX Tile config'
[    0.357458] x86/fpu: Supporting XSAVE feature 0x40000: 'AMX Tile data'
[    0.358049] x86/fpu: xstate_offset[2]:  576, xstate_sizes[2]:  256
[    0.358599] x86/fpu: xstate_offset[5]:  832, xstate_sizes[5]:   64
[    0.359164] x86/fpu: xstate_offset[6]:  896, xstate_sizes[6]:  512
[    0.360144] x86/fpu: xstate_offset[7]: 1408, xstate_sizes[7]: 1024
[    0.360704] x86/fpu: xstate_offset[9]: 2432, xstate_sizes[9]:    8
[    0.361263] x86/fpu: xstate_offset[17]: 2496, xstate_sizes[17]:   64
[    0.361830] x86/fpu: xstate_offset[18]: 2560, xstate_sizes[18]: 8192
[    0.362417] x86/fpu: Enabled xstate features 0x602e7, context size is 10752 bytes, using 'compacted' format.
[    0.533544] Freeing SMP alternatives memory: 64K
[    0.533947] pid_max: default: 32768 minimum: 301
[    0.534654] Yama: becoming mindful.
[    0.535339] Mount-cache hash table entries: 4096 (order: 3, 32768 bytes, linear)
[    0.536006] Mountpoint-cache hash table entries: 4096 (order: 3, 32768 bytes, linear)
[    0.537717] Running RCU synchronous self tests
[    0.538136] Running RCU synchronous self tests
[    0.538818] smpboot: CPU0: Intel GENUINE INTEL(R) XEON(R) (family: 0x6, model: 0xad, stepping: 0x0)
[    0.540137] Performance Events: PEBS fmt0-, Granite Rapids events, 
[    0.540137] core: The event 0x400 is not supported as a normal event.
[    0.540137] core: The event 0x8000 is not supported as a normal event.
[    0.540137] core: The event 0x8100 is not supported as a normal event.
[    0.540146] core: The event 0x8200 is not supported as a normal event.
[    0.540727] core: The event 0x8300 is not supported as a normal event.
[    0.541303] core: The event 0x8400 is not supported as a normal event.
[    0.541876] core: The event 0x8500 is not supported as a normal event.
[    0.542465] core: The event 0x8600 is not supported as a normal event.
[    0.543036] core: The event 0x8700 is not supported as a normal event.
[    0.543639] full-width counters, Intel PMU driver.
[    0.544087] ... version:                   2
[    0.544142] ... bit width:                 48
[    0.544522] ... generic counters:          8
[    0.544908] ... generic bitmap:            00000000000000ff
[    0.545396] ... fixed-purpose counters:    3
[    0.545773] ... fixed-purpose bitmap:      0000000000000007
[    0.546269] ... value mask:                0000ffffffffffff
[    0.546750] ... max period:                00007fffffffffff
[    0.547245] ... global_ctrl mask:          00000007000000ff
[    0.548261] signal: max sigframe size: 11952
[    0.548793] rcu: Hierarchical SRCU implementation.
[    0.549231] rcu: 	Max phase no-delay instances is 1000.
[    0.549891] Timer migration: 1 hierarchy levels; 8 children per group; 1 crossnode level
[    0.574370] smp: Bringing up secondary CPUs ...
[    0.575351] smpboot: x86: Booting SMP configuration:
[    0.575831] .... node  #0, CPUs:      #1
[    0.576386] smp: Brought up 1 node, 2 CPUs
[    0.577164] smpboot: Total of 2 processors activated (10000.00 BogoMIPS)
[    0.578790] Memory: 1591816K/2096632K available (80926K kernel code, 15557K rwdata, 18816K rodata, 16412K init, 20860K bss, 493188K reserved, 0K cma-reserved)
[    0.580799] devtmpfs: initialized
[    0.581242] x86/mm: Memory block size: 128MB
[    0.593044] Running RCU synchronous self tests
[    0.593480] Running RCU synchronous self tests
[    0.593923] Running RCU Tasks wait API self tests
[    0.596185] Running RCU Tasks Rude wait API self tests
[    0.596678] Running RCU Tasks Trace wait API self tests
[    0.616176] clocksource: jiffies: mask: 0xffffffff max_cycles: 0xffffffff, max_idle_ns: 7645041785100000 ns
[    0.617120] posixtimers hash table entries: 1024 (order: 5, 73728 bytes, linear)
[    0.617817] futex hash table entries: 512 (65536 bytes on 1 NUMA nodes, total 64 KiB, linear).
[    0.617817] 
[    0.617817] *************************************************************
[    0.618310] **     NOTICE NOTICE NOTICE NOTICE NOTICE NOTICE NOTICE    **
[    0.618911] **                                                         **
[    0.619514] **  IOMMU DebugFS SUPPORT HAS BEEN ENABLED IN THIS KERNEL  **
[    0.620101] **                                                         **
[    0.620144] ** This means that this kernel is built to expose internal **
[    0.624186] ** IOMMU data structures, which may compromise security on **
[    0.624186] ** your system.                                            **
[    0.624186] **                                                         **
[    0.624186] ** If you see this message and you are not debugging the   **
[    0.624186] ** kernel, report this immediately to your vendor!         **
[    0.624186] **                                                         **
[    0.624186] **     NOTICE NOTICE NOTICE NOTICE NOTICE NOTICE NOTICE    **
[    0.628150] *************************************************************
[    0.628189] PM: RTC time: 15:17:40, date: 2026-03-12
[    0.628396] NET: Registered PF_NETLINK/PF_ROUTE protocol family
[    0.630552] DMA: preallocated 256 KiB GFP_KERNEL pool for atomic allocations
[    0.631211] DMA: preallocated 256 KiB GFP_KERNEL|GFP_DMA pool for atomic allocations
[    0.631920] DMA: preallocated 256 KiB GFP_KERNEL|GFP_DMA32 pool for atomic allocations
[    0.636240] audit: initializing netlink subsys (disabled)
[    0.636771] audit: type=2000 audit(1773328660.614:1): state=initialized audit_enabled=0 res=1
[    0.637731] thermal_sys: Registered thermal governor 'fair_share'
[    0.637741] thermal_sys: Registered thermal governor 'bang_bang'
[    0.638329] thermal_sys: Registered thermal governor 'step_wise'
[    0.640150] thermal_sys: Registered thermal governor 'user_space'
[    0.640750] cpuidle: using governor ladder
[    0.641159] cpuidle: using governor menu
[    0.641430] acpiphp: ACPI Hot Plug PCI Controller Driver version: 0.5
[    0.645362] PCI: Using configuration type 1 for base access
[    0.646214] kprobes: kprobe jump-optimization is enabled. All kprobes are optimized if possible.
[    0.648163] Callback from call_rcu_tasks_trace() invoked.
[    0.778847] HugeTLB: registered 1.00 GiB page size, pre-allocated 0 pages
[    0.778847] HugeTLB: 16380 KiB vmemmap can be freed for a 1.00 GiB page
[    0.780151] HugeTLB: registered 2.00 MiB page size, pre-allocated 0 pages
[    0.780755] HugeTLB: 28 KiB vmemmap can be freed for a 2.00 MiB page
[    0.791853] ACPI: Added _OSI(Module Device)
[    0.792168] ACPI: Added _OSI(Processor Device)
[    0.792561] ACPI: Added _OSI(Processor Aggregator Device)
[    0.810263] ACPI: 1 ACPI AML tables successfully acquired and loaded
[    0.826776] ACPI: Interpreter enabled
[    0.827292] ACPI: PM: (supports S0 S3 S4 S5)
[    0.827680] ACPI: Using IOAPIC for interrupt routing
[    0.828257] PCI: Using host bridge windows from ACPI; if necessary, use "pci=nocrs" and report a bug
[    0.829069] PCI: Using E820 reservations for host bridge windows
[    0.831014] ACPI: Enabled 2 GPEs in block 00 to 0F
[    0.876966] ACPI: PCI Root Bridge [PCI0] (domain 0000 [bus 00-ff])
[    0.877551] acpi PNP0A03:00: _OSC: OS supports [ASPM ClockPM Segments MSI EDR HPX-Type3]
[    0.878278] acpi PNP0A03:00: _OSC: not requesting OS control; OS requires [ExtendedConfig ASPM ClockPM MSI]
[    0.879290] acpi PNP0A03:00: fail to add MMCONFIG information, can't access extended configuration space under this bridge
[    0.885245] acpiphp: Slot [3] registered
[    0.885755] acpiphp: Slot [4] registered
[    0.886252] acpiphp: Slot [5] registered
[    0.886754] acpiphp: Slot [6] registered
[    0.887248] acpiphp: Slot [7] registered
[    0.887752] acpiphp: Slot [8] registered
[    0.888259] acpiphp: Slot [9] registered
[    0.888760] acpiphp: Slot [10] registered
[    0.889265] acpiphp: Slot [11] registered
[    0.889777] acpiphp: Slot [12] registered
[    0.890284] acpiphp: Slot [13] registered
[    0.890793] acpiphp: Slot [14] registered
[    0.891302] acpiphp: Slot [15] registered
[    0.891812] acpiphp: Slot [16] registered
[    0.892288] acpiphp: Slot [17] registered
[    0.892797] acpiphp: Slot [18] registered
[    0.893304] acpiphp: Slot [19] registered
[    0.893811] acpiphp: Slot [20] registered
[    0.894320] acpiphp: Slot [21] registered
[    0.894826] acpiphp: Slot [22] registered
[    0.895337] acpiphp: Slot [23] registered
[    0.895854] acpiphp: Slot [24] registered
[    0.896295] acpiphp: Slot [25] registered
[    0.896806] acpiphp: Slot [26] registered
[    0.897307] acpiphp: Slot [27] registered
[    0.897821] acpiphp: Slot [28] registered
[    0.898330] acpiphp: Slot [29] registered
[    0.898843] acpiphp: Slot [30] registered
[    0.899353] acpiphp: Slot [31] registered
[    0.899789] PCI host bridge to bus 0000:00
[    0.900202] pci_bus 0000:00: root bus resource [io  0x0000-0x0cf7 window]
[    0.900805] pci_bus 0000:00: root bus resource [io  0x0d00-0xffff window]
[    0.901406] pci_bus 0000:00: root bus resource [mem 0x000a0000-0x000bffff window]
[    0.902064] pci_bus 0000:00: root bus resource [mem 0x80000000-0xfebfffff window]
[    0.902722] pci_bus 0000:00: root bus resource [mem 0x100000000-0x17fffffff window]
[    0.903392] pci_bus 0000:00: root bus resource [bus 00-ff]
[    0.903999] pci 0000:00:00.0: [8086:1237] type 00 class 0x060000 conventional PCI endpoint
[    0.905764] pci 0000:00:01.0: [8086:7000] type 00 class 0x060100 conventional PCI endpoint
[    0.907923] pci 0000:00:01.1: [8086:7010] type 00 class 0x010180 conventional PCI endpoint
[    0.908704] pci 0000:00:01.1: BAR 4 [io  0xc040-0xc04f]
[    0.909194] pci 0000:00:01.1: BAR 0 [io  0x01f0-0x01f7]: legacy IDE quirk
[    0.909806] pci 0000:00:01.1: BAR 1 [io  0x03f6]: legacy IDE quirk
[    0.910348] pci 0000:00:01.1: BAR 2 [io  0x0170-0x0177]: legacy IDE quirk
[    0.910954] pci 0000:00:01.1: BAR 3 [io  0x0376]: legacy IDE quirk
[    0.912710] pci 0000:00:01.3: [8086:7113] type 00 class 0x068000 conventional PCI endpoint
[    0.913728] pci 0000:00:01.3: quirk: [io  0x0600-0x063f] claimed by PIIX4 ACPI
[    0.914367] pci 0000:00:01.3: quirk: [io  0x0700-0x070f] claimed by PIIX4 SMB
[    0.916164] pci 0000:00:02.0: [1234:1111] type 00 class 0x030000 conventional PCI endpoint
[    0.918062] pci 0000:00:02.0: BAR 0 [mem 0xfd000000-0xfdffffff pref]
[    0.918658] pci 0000:00:02.0: BAR 2 [mem 0xfebf0000-0xfebf0fff]
[    0.919200] pci 0000:00:02.0: ROM [mem 0xfebe0000-0xfebeffff pref]
[    0.919840] pci 0000:00:02.0: Video device with shadowed ROM at [mem 0x000c0000-0x000dffff]
[    0.921331] pci 0000:00:03.0: [8086:100e] type 00 class 0x020000 conventional PCI endpoint
[    0.922993] pci 0000:00:03.0: BAR 0 [mem 0xfebc0000-0xfebdffff]
[    0.923536] pci 0000:00:03.0: BAR 1 [io  0xc000-0xc03f]
[    0.924020] pci 0000:00:03.0: ROM [mem 0xfeb80000-0xfebbffff pref]
[    0.949657] ACPI: PCI: Interrupt link LNKA configured for IRQ 10
[    0.951273] ACPI: PCI: Interrupt link LNKB configured for IRQ 10
[    0.952841] ACPI: PCI: Interrupt link LNKC configured for IRQ 11
[    0.954409] ACPI: PCI: Interrupt link LNKD configured for IRQ 11
[    0.955376] ACPI: PCI: Interrupt link LNKS configured for IRQ 9
[    0.960199] iommu: Default domain type: Translated
[    0.960681] iommu: DMA domain TLB invalidation policy: lazy mode
[    0.964423] SCSI subsystem initialized
[    0.968802] ACPI: bus type USB registered
[    0.969226] usbcore: registered new interface driver usbfs
[    0.969833] usbcore: registered new interface driver hub
[    0.969833] usbcore: registered new device driver usb
[    0.969833] pps_core: LinuxPPS API ver. 1 registered
[    0.969833] pps_core: Software ver. 5.3.6 - Copyright 2005-2007 Rodolfo Giometti <giometti@linux.it>
[    0.970354] PTP clock support registered
[    0.975334] EDAC MC: Ver: 3.0.0
[    0.976137] NetLabel: Initializing
[    0.976148] NetLabel:  domain hash size = 128
[    0.976538] NetLabel:  protocols = UNLABELED CIPSOv4 CALIPSO
[    0.977177] NetLabel:  unlabeled traffic allowed by default
[    0.978171] PCI: Using ACPI for IRQ routing
[    0.978904] pci 0000:00:02.0: vgaarb: setting as boot VGA device
[    0.979462] pci 0000:00:02.0: vgaarb: bridge control possible
[    0.979979] pci 0000:00:02.0: vgaarb: VGA device added: decodes=io+mem,owns=io+mem,locks=none
[    0.980144] vgaarb: loaded
[    0.984137] hpet0: at MMIO 0xfed00000, IRQs 2, 8, 0
[    0.984137] hpet0: 3 comparators, 64-bit 100.000000 MHz counter
[    0.984423] clocksource: Switched to clocksource kvm-clock
[    3.759341] VFS: Disk quotas dquot_6.6.0
[    3.759756] VFS: Dquot-cache hash table entries: 512 (order 0, 4096 bytes)
[    3.762594] pnp: PnP ACPI init
[    3.764467] Callback from call_rcu_tasks() invoked.
[    3.767325] pnp: PnP ACPI: found 6 devices
[    3.819057] clocksource: acpi_pm: mask: 0xffffff max_cycles: 0xffffff, max_idle_ns: 2085701024 ns
[    3.820363] NET: Registered PF_INET protocol family
[    3.820935] IP idents hash table entries: 32768 (order: 6, 262144 bytes, linear)
[    3.823110] tcp_listen_portaddr_hash hash table entries: 1024 (order: 5, 73728 bytes, linear)
[    3.823904] Table-perturb hash table entries: 65536 (order: 6, 262144 bytes, linear)
[    3.824716] TCP established hash table entries: 16384 (order: 5, 131072 bytes, linear)
[    3.825913] TCP bind hash table entries: 16384 (order: 10, 2359296 bytes, linear)
[    3.827586] TCP: Hash tables configured (established 16384 bind 16384)
[    3.828299] UDP hash table entries: 1024 (order: 6, 262144 bytes, linear)
[    3.828974] UDP-Lite hash table entries: 1024 (order: 6, 262144 bytes, linear)
[    3.829926] NET: Registered PF_UNIX/PF_LOCAL protocol family
[    3.831789] RPC: Registered named UNIX socket transport module.
[    3.832405] RPC: Registered udp transport module.
[    3.832832] RPC: Registered tcp transport module.
[    3.833256] RPC: Registered tcp-with-tls transport module.
[    3.833736] RPC: Registered tcp NFSv4.1 backchannel transport module.
[    3.834323] pci_bus 0000:00: resource 4 [io  0x0000-0x0cf7 window]
[    3.834864] pci_bus 0000:00: resource 5 [io  0x0d00-0xffff window]
[    3.835416] pci_bus 0000:00: resource 6 [mem 0x000a0000-0x000bffff window]
[    3.836017] pci_bus 0000:00: resource 7 [mem 0x80000000-0xfebfffff window]
[    3.836635] pci_bus 0000:00: resource 8 [mem 0x100000000-0x17fffffff window]
[    3.837661] pci 0000:00:01.0: PIIX3: Enabling Passive Release
[    3.838179] pci 0000:00:00.0: Limiting direct PCI/PCI transfers
[    3.838789] PCI: CLS 0 bytes, default 64
[    3.839230] ACPI: bus type thunderbolt registered
[    3.840029] clocksource: tsc: mask: 0xffffffffffffffff max_cycles: 0x240939f1bb2, max_idle_ns: 440795263295 ns
[    3.848849] Initialise system trusted keyrings
[    3.849371] Key type blacklist registered
[    3.850515] workingset: timestamp_bits=36 max_order=19 bucket_order=0
[    3.853634] squashfs: version 4.0 (2009/01/31) Phillip Lougher
[    3.856497] NFS: Registering the id_resolver key type
[    3.857012] Key type id_resolver registered
[    3.857404] Key type id_legacy registered
[    3.857816] nfs4filelayout_init: NFSv4 File Layout Driver Registering...
[    3.858468] nfs4flexfilelayout_init: NFSv4 Flexfile Layout Driver Registering...
[    3.859742] fuse: init (API version 7.45)
[    3.861201] SGI XFS with ACLs, security attributes, realtime, quota, no debug enabled
[    3.863760] 9p: Installing v9fs 9p2000 file system support
[    3.879655] Key type asymmetric registered
[    3.880000] Asymmetric key parser 'x509' registered
[    3.880548] Block layer SCSI generic (bsg) driver version 0.4 loaded (major 241)
[    3.881968] io scheduler mq-deadline registered
[    3.882517] io scheduler bfq registered
[    3.883963] ledtrig-cpu: registered to indicate activity on CPUs
[    3.886046] IPMI message handler: version 39.2
[    3.886531] ipmi device interface
[    3.889661] input: Power Button as /devices/LNXSYSTM:00/LNXPWRBN:00/input/input0
[    3.891260] ACPI: button: Power Button [PWRF]
[    3.893939] ERST DBG: ERST support is disabled.
[    3.896095] Serial: 8250/16550 driver, 32 ports, IRQ sharing enabled
[    3.897888] 00:04: ttyS0 at I/O 0x3f8 (irq = 4, base_baud = 115200) is a 16550A
[    3.942236] Linux agpgart interface v0.103
[    3.946648] ACPI: bus type drm_connector registered
[    3.978400] brd: module loaded
[    4.000736] loop: module loaded
[    4.015273] scsi host0: ata_piix
[    4.017237] scsi host1: ata_piix
[    4.018121] ata1: PATA max MWDMA2 cmd 0x1f0 ctl 0x3f6 bmdma 0xc040 irq 14 lpm-pol 0
[    4.018822] ata2: PATA max MWDMA2 cmd 0x170 ctl 0x376 bmdma 0xc048 irq 15 lpm-pol 0
[    4.023011] tun: Universal TUN/TAP device driver, 1.6
[    4.024224] e100: Intel(R) PRO/100 Network Driver
[    4.024688] e100: Copyright(c) 1999-2006 Intel Corporation
[    4.025338] e1000: Intel(R) PRO/1000 Network Driver
[    4.025784] e1000: Copyright (c) 1999-2006 Intel Corporation.
[    4.172424] ata2: found unknown device (class 0)
[    4.173402] ata2.00: ATAPI: QEMU DVD-ROM, 2.5+, max UDMA/100
[    4.176350] ata1: found unknown device (class 0)
[    4.177217] ata1.00: ATA-7: QEMU HARDDISK, 2.5+, max UDMA/100
[    4.177726] ata1.00: 17196647 sectors, multi 16: LBA48 
[    4.179267] scsi 0:0:0:0: Direct-Access     ATA      QEMU HARDDISK    2.5+ PQ: 0 ANSI: 5
[    4.181960] sd 0:0:0:0: Attached scsi generic sg0 type 0
[    4.183338] scsi 1:0:0:0: CD-ROM            QEMU     QEMU DVD-ROM     2.5+ PQ: 0 ANSI: 5
[    4.184342] sd 0:0:0:0: [sda] 17196647 512-byte logical blocks: (8.80 GB/8.20 GiB)
[    4.185300] sd 0:0:0:0: [sda] Write Protect is off
[    4.185972] sd 0:0:0:0: [sda] Write cache: enabled, read cache: enabled, doesn't support DPO or FUA
[    4.186881] sd 0:0:0:0: [sda] Preferred minimum I/O size 512 bytes
[    4.212228] scsi 1:0:0:0: Attached scsi generic sg1 type 5
[    4.221415] sd 0:0:0:0: [sda] Attached SCSI disk
[    4.869833] ACPI: \_SB_.LNKC: Enabled at IRQ 11
[    5.184469] e1000 0000:00:03.0 eth0: (PCI:33MHz:32-bit) 52:54:00:12:34:56
[    5.185101] e1000 0000:00:03.0 eth0: Intel(R) PRO/1000 Network Connection
[    5.185875] e1000e: Intel(R) PRO/1000 Network Driver
[    5.186325] e1000e: Copyright(c) 1999 - 2015 Intel Corporation.
[    5.186999] igb: Intel(R) Gigabit Ethernet Network Driver
[    5.187493] igb: Copyright (c) 2007-2014 Intel Corporation.
[    5.188382] PPP generic driver version 2.4.2
[    5.190288] VFIO - User Level meta-driver version: 0.3
[    5.192305] usbcore: registered new interface driver uas
[    5.192951] usbcore: registered new interface driver usb-storage
[    5.193749] i8042: PNP: PS/2 Controller [PNP0303:KBD,PNP0f13:MOU] at 0x60,0x64 irq 1,12
[    5.195793] serio: i8042 KBD port at 0x60,0x64 irq 1
[    5.196333] serio: i8042 AUX port at 0x60,0x64 irq 12
[    5.198877] mousedev: PS/2 mouse device common for all mice
[    5.201123] input: AT Translated Set 2 keyboard as /devices/platform/i8042/serio0/input/input1
[    5.203156] rtc_cmos 00:05: RTC can wake from S4
[    5.205885] input: VirtualPS/2 VMware VMMouse as /devices/platform/i8042/serio1/input/input4
[    5.205930] rtc_cmos 00:05: registered as rtc0
[    5.207205] rtc_cmos 00:05: setting system clock to 2026-03-12T15:17:44 UTC (1773328664)
[    5.208367] rtc_cmos 00:05: alarms up to one day, y3k, 242 bytes nvram, hpet irqs
[    5.209164] i2c_dev: i2c /dev entries driver
[    5.209668] device-mapper: core: CONFIG_IMA_DISABLE_HTABLE is disabled. Duplicate IMA measurements will not be recorded in the IMA log.
[    5.209894] input: VirtualPS/2 VMware VMMouse as /devices/platform/i8042/serio1/input/input3
[    5.210786] device-mapper: uevent: version 1.0.3
[    5.212812] device-mapper: ioctl: 4.50.0-ioctl (2025-04-28) initialised: dm-devel@lists.linux.dev
[    5.213653] intel_pstate: CPU model not supported
[    5.214346] sdhci: Secure Digital Host Controller Interface driver
[    5.214903] sdhci: Copyright(c) Pierre Ossman
[    5.215501] sdhci-pltfm: SDHCI platform and OF driver helper
[    5.216642] drop_monitor: Initializing network drop monitor service
[    5.217575] NET: Registered PF_INET6 protocol family
[    5.219472] Segment Routing with IPv6
[    5.220001] In-situ OAM (IOAM) with IPv6
[    5.220516] NET: Registered PF_PACKET protocol family
[    5.221400] 9pnet: Installing 9P2000 support
[    5.221925] Key type dns_resolver registered
[    5.224287] IPI shorthand broadcast: enabled
[    5.287925] sched_clock: Marking stable (5264004179, 20177718)->(5288983626, -4801729)
[    5.290726] registered taskstats version 1
[    5.291863] Loading compiled-in X.509 certificates
[    5.378307] Demotion targets for Node 0: null
[    5.380467] Key type .fscrypt registered
[    5.380865] Key type fscrypt-provisioning registered
[    5.390060] Key type encrypted registered
[    5.390457] ima: No TPM chip found, activating TPM-bypass!
[    5.390975] ima: Allocated hash algorithm: sha1
[    5.391459] ima: No architecture policies found
[    5.392032] evm: Initialising EVM extended attributes:
[    5.392523] evm: security.selinux
[    5.392819] evm: security.SMACK64
[    5.393124] evm: security.SMACK64EXEC
[    5.393451] evm: security.SMACK64TRANSMUTE
[    5.393816] evm: security.SMACK64MMAP
[    5.394147] evm: security.apparmor
[    5.394449] evm: security.ima
[    5.394725] evm: security.capability
[    5.395051] evm: HMAC attrs: 0x1
[    5.398490] PM:   Magic number: 2:194:285
[    5.400051] RAS: Correctable Errors collector initialized.
[    5.400897] clk: Disabling unused clocks
[    5.401393] PM: genpd: Disabling unused power domains
[    5.402698] check access for rdinit=/init failed: -2, ignoring
[    5.403121] md: Waiting for all devices to be available before autodetect
[    5.403524] md: If you don't use raid, use raid=noautodetect
[    5.403866] md: Autodetecting RAID arrays.
[    5.404137] md: autorun ...
[    5.404345] md: ... autorun DONE.
[    5.415779] EXT4-fs (sda): INFO: recovery required on readonly filesystem
[    5.416310] EXT4-fs (sda): write access will be enabled during recovery
[    5.860435] EXT4-fs (sda): recovery complete
[    5.864431] EXT4-fs (sda): mounted filesystem 088740a9-c8b4-422c-999d-a804eb68a4da ro with ordered data mode. Quota mode: none.
[    5.865232] VFS: Mounted root (ext4 filesystem) readonly on device 8:0.
[    5.869338] devtmpfs: mounted
[    5.891430] Freeing unused decrypted memory: 2036K
[    5.897260] Freeing unused kernel image (initmem) memory: 16412K
[    5.897723] Write protecting the kernel read-only data: 102400k
[    5.900965] Freeing unused kernel image (text/rodata gap) memory: 992K
[    5.902969] Freeing unused kernel image (rodata/data gap) memory: 1664K
[    6.939540] x86/mm: Checked W+X mappings: passed, no W+X pages found.
[    6.940167] Run /sbin/init as init process
[    7.162809] systemd[1]: systemd 252-15.el9 running in system mode (+PAM +AUDIT +SELINUX -APPARMOR +IMA +SMACK +SECCOMP +GCRYPT +GNUTLS +OPENSSL +ACL +BLKID +CURL +ELFUTILS -FIDO2 +IDN2 -IDN -IPTC +KMOD +LIBCRYPTSETUP +LIBFDISK +PCRE2 -PWQUALITY +P11KIT -QRENCODE +TPM2 +BZIP2 +LZ4 +XZ +ZLIB +ZSTD -BPF_FRAMEWORK +XKBCOMMON +UTMP +SYSVINIT default-hierarchy=unified)
[    7.164839] systemd[1]: Detected virtualization kvm.
[    7.165164] systemd[1]: Detected architecture x86-64.

Welcome to [0;31mCentOS Stream 9[0m!

[    7.172477] systemd[1]: Hostname set to <test>.
[    7.399198] systemd-rc-local-generator[120]: /etc/rc.d/rc.local is not marked executable, skipping.
[    7.859169] systemd[1]: Queued start job for default target Multi-User System.
[    7.875137] systemd[1]: Created slice Virtual Machine and Container Slice.
[[0;32m  OK  [0m] Created slice [0;1;39mVirtual Machine and Container Slice[0m.
[    7.880135] systemd[1]: Created slice Slice /system/getty.
[[0;32m  OK  [0m] Created slice [0;1;39mSlice /system/getty[0m.
[    7.882944] systemd[1]: Created slice Slice /system/modprobe.
[[0;32m  OK  [0m] Created slice [0;1;39mSlice /system/modprobe[0m.
[    7.885704] systemd[1]: Created slice Slice /system/serial-getty.
[[0;32m  OK  [0m] Created slice [0;1;39mSlice /system/serial-getty[0m.
[    7.888713] systemd[1]: Created slice Slice /system/sshd-keygen.
[[0;32m  OK  [0m] Created slice [0;1;39mSlice /system/sshd-keygen[0m.
[    7.891375] systemd[1]: Created slice User and Session Slice.
[[0;32m  OK  [0m] Created slice [0;1;39mUser and Session Slice[0m.
[    7.892696] systemd[1]: Started Forward Password Requests to Wall Directory Watch.
[[0;32m  OK  [0m] Started [0;1;39mForward Password R…uests to Wall Directory Watch[0m.
[    7.894757] systemd[1]: Set up automount Arbitrary Executable File Formats File System Automount Point.
[[0;32m  OK  [0m] Set up automount [0;1;39mArbitrary…s File System Automount Point[0m.
[    7.896145] systemd[1]: Reached target Local Integrity Protected Volumes.
[[0;32m  OK  [0m] Reached target [0;1;39mLocal Integrity Protected Volumes[0m.
[    7.897390] systemd[1]: Reached target Slice Units.
[[0;32m  OK  [0m] Reached target [0;1;39mSlice Units[0m.
[    7.898240] systemd[1]: Reached target Swaps.
[[0;32m  OK  [0m] Reached target [0;1;39mSwaps[0m.
[    7.899025] systemd[1]: Reached target Local Verity Protected Volumes.
[[0;32m  OK  [0m] Reached target [0;1;39mLocal Verity Protected Volumes[0m.
[    7.900395] systemd[1]: Listening on Device-mapper event daemon FIFOs.
[[0;32m  OK  [0m] Listening on [0;1;39mDevice-mapper event daemon FIFOs[0m.
[    7.902033] systemd[1]: Listening on LVM2 poll daemon socket.
[[0;32m  OK  [0m] Listening on [0;1;39mLVM2 poll daemon socket[0m.
[    7.903142] systemd[1]: multipathd control socket was skipped because of an unmet condition check (ConditionPathExists=/etc/multipath.conf).
[    7.951881] systemd[1]: Listening on RPCbind Server Activation Socket.
[[0;32m  OK  [0m] Listening on [0;1;39mRPCbind Server Activation Socket[0m.
[    7.953397] systemd[1]: Reached target RPC Port Mapper.
[[0;32m  OK  [0m] Reached target [0;1;39mRPC Port Mapper[0m.
[    7.957134] systemd[1]: Listening on Process Core Dump Socket.
[[0;32m  OK  [0m] Listening on [0;1;39mProcess Core Dump Socket[0m.
[    7.958935] systemd[1]: Listening on initctl Compatibility Named Pipe.
[[0;32m  OK  [0m] Listening on [0;1;39minitctl Compatibility Named Pipe[0m.
[    7.960893] systemd[1]: Listening on Journal Socket (/dev/log).
[[0;32m  OK  [0m] Listening on [0;1;39mJournal Socket (/dev/log)[0m.
[    7.962927] systemd[1]: Listening on Journal Socket.
[[0;32m  OK  [0m] Listening on [0;1;39mJournal Socket[0m.
[    7.964749] systemd[1]: Listening on udev Control Socket.
[[0;32m  OK  [0m] Listening on [0;1;39mudev Control Socket[0m.
[    7.966324] systemd[1]: Listening on udev Kernel Socket.
[[0;32m  OK  [0m] Listening on [0;1;39mudev Kernel Socket[0m.
[    7.972939] systemd[1]: Mounting Huge Pages File System...
         Mounting [0;1;39mHuge Pages File System[0m...
[    7.980343] systemd[1]: Mounting POSIX Message Queue File System...
         Mounting [0;1;39mPOSIX Message Queue File System[0m...
[    7.991974] systemd[1]: Mounting Kernel Debug File System...
         Mounting [0;1;39mKernel Debug File System[0m...
[    8.004905] systemd[1]: Mounting Kernel Trace File System...
         Mounting [0;1;39mKernel Trace File System[0m...
[    8.006095] systemd[1]: Kernel Module supporting RPCSEC_GSS was skipped because of an unmet condition check (ConditionPathExists=/etc/krb5.keytab).
[    8.006986] systemd[1]: Create List of Static Device Nodes was skipped because of an unmet condition check (ConditionFileNotEmpty=/lib/modules/6.19.0-rc1-88ec797c4680+/modules.devname).
[    8.014415] systemd[1]: Starting Monitoring of LVM2 mirrors, snapshots etc. using dmeventd or progress polling...
         Starting [0;1;39mMonitoring of LVM…meventd or progress polling[0m...
[    8.021150] systemd[1]: Starting Load Kernel Module configfs...
         Starting [0;1;39mLoad Kernel Module configfs[0m...
[    8.027521] systemd[1]: Starting Load Kernel Module drm...
         Starting [0;1;39mLoad Kernel Module drm[0m...
[    8.035450] systemd[1]: Starting Load Kernel Module fuse...
         Starting [0;1;39mLoad Kernel Module fuse[0m...
[    8.051421] systemd[1]: Starting Read and set NIS domainname from /etc/sysconfig/network...
         Starting [0;1;39mRead and set NIS …from /etc/sysconfig/network[0m...
[    8.063290] systemd[1]: Starting Journal Service...
         Starting [0;1;39mJournal Service[0m...
[    8.078979] systemd[1]: Starting Load Kernel Modules...
         Starting [0;1;39mLoad Kernel Modules[0m...
[    8.093417] systemd[1]: Starting Generate network units from Kernel command line...
         Starting [0;1;39mGenerate network …ts from Kernel command line[0m...
[    8.108742] systemd[1]: Starting Remount Root and Kernel File Systems...
         Starting [0;1;39mRemount Root and Kernel File Systems[0m...
[    8.117445] systemd[1]: Repartition Root Disk was skipped because no trigger condition checks were met.
[    8.137660] systemd[1]: Starting Coldplug All udev Devices...
         Starting [0;1;39mColdplug All udev Devices[0m...
[    8.160699] systemd[1]: Mounted Huge Pages File System.
[[0;32m  OK  [0m] Mounted [0;1;39mHuge Pages File System[0m.
[    8.165312] systemd[1]: Mounted POSIX Message Queue File System.
[[0;32m  OK  [0m] Mounted [0;1;39mPOSIX Message Queue File System[0m.
[    8.166814] systemd[1]: Mounted Kernel Debug File System.
[[0;32m  OK  [0m] Mounted [0;1;39mKernel Debug File System[0m.
[    8.172693] systemd[1]: Mounted Kernel Trace File System.
[[0;32m  OK  [0m] Mounted [0;1;39mKernel Trace File System[0m.
[    8.175253] systemd[1]: modprobe@configfs.service: Deactivated successfully.
[    8.179061] systemd[1]: Finished Load Kernel Module configfs.
[[0;32m  OK  [0m] Finished [0;1;39mLoad Kernel Module configfs[0m.
[    8.186627] systemd[1]: Finished Monitoring of LVM2 mirrors, snapshots etc. using dmeventd or progress polling.
[[0;32m  OK  [0m] Finished [0;1;39mMonitoring of LVM… dmeventd or progress polling[0m.
[    8.194687] systemd[1]: modprobe@drm.service: Deactivated successfully.
[    8.196164] systemd[1]: Finished Load Kernel Module drm.
[[0;32m  OK  [0m] Finished [0;1;39mLoad Kernel Module drm[0m.
[    8.201602] systemd[1]: modprobe@fuse.service: Deactivated successfully.
[    8.204113] systemd[1]: Finished Load Kernel Module fuse.
[[0;32m  OK  [0m] Finished [0;1;39mLoad Kernel Module fuse[0m.
[    8.206463] systemd[1]: Finished Read and set NIS domainname from /etc/sysconfig/network.
[[0;32m  OK  [0m] Finished [0;1;39mRead and set NIS …e from /etc/sysconfig/network[0m.
[    8.210519] systemd[1]: systemd-modules-load.service: Main process exited, code=exited, status=1/FAILURE
[    8.211821] EXT4-fs (sda): re-mounted 088740a9-c8b4-422c-999d-a804eb68a4da r/w.
[    8.214229] systemd[1]: systemd-modules-load.service: Failed with result 'exit-code'.
[    8.219587] systemd[1]: Failed to start Load Kernel Modules.
[[0;1;31mFAILED[0m] Failed to start [0;1;39mLoad Kernel Modules[0m.
See 'systemctl status systemd-modules-load.service' for details.
[    8.224763] systemd[1]: Finished Generate network units from Kernel command line.
[[0;32m  OK  [0m] Finished [0;1;39mGenerate network units from Kernel command line[0m.
[    8.227415] systemd[1]: Finished Remount Root and Kernel File Systems.
[[0;32m  OK  [0m] Finished [0;1;39mRemount Root and Kernel File Systems[0m.
[    8.229669] systemd[1]: Reached target Preparation for Network.
[[0;32m  OK  [0m] Reached target [0;1;39mPreparation for Network[0m.
[    8.244925] systemd[1]: Mounting FUSE Control File System...
         Mounting [0;1;39mFUSE Control File System[0m...
[    8.260408] systemd[1]: Mounting Kernel Configuration File System...
         Mounting [0;1;39mKernel Configuration File System[0m...
[    8.261562] systemd[1]: Special handling of early boot iSCSI sessions was skipped because of an unmet condition check (ConditionDirectoryNotEmpty=/sys/class/iscsi_session).
[    8.262543] systemd[1]: First Boot Wizard was skipped because of an unmet condition check (ConditionFirstBoot=yes).
[    8.275993] systemd[1]: Rebuild Hardware Database was skipped because of an unmet condition check (ConditionNeedsUpdate=/etc).
[    8.296585] systemd[1]: Starting Load/Save Random Seed...
         Starting [0;1;39mLoad/Save Random Seed[0m...
[    8.305622] systemd[1]: Starting Apply Kernel Variables...
         Starting [0;1;39mApply Kernel Variables[0m...
[    8.308624] systemd[1]: Create System Users was skipped because no trigger condition checks were met.
[    8.320508] systemd[1]: Starting Create Static Device Nodes in /dev...
         Starting [0;1;39mCreate Static Device Nodes in /dev[0m...
[    8.337698] systemd[1]: Starting Setup Virtual Console...
         Starting [0;1;39mSetup Virtual Console[0m...
[    8.354977] systemd[1]: Started Journal Service.
[[0;32m  OK  [0m] Started [0;1;39mJournal Service[0m.
[[0;32m  OK  [0m] Mounted [0;1;39mFUSE Control File System[0m.
[[0;32m  OK  [0m] Mounted [0;1;39mKernel Configuration File System[0m.
         Starting [0;1;39mFlush Journal to Persistent Storage[0m...
[[0;32m  OK  [0m] Finished [0;1;39mLoad/Save Random Seed[0m.
[    8.436293] systemd-journald[142]: Received client request to flush runtime journal.
[[0;32m  OK  [0m] Finished [0;1;39mApply Kernel Variables[0m.
[[0;32m  OK  [0m] Finished [0;1;39mCreate Static Device Nodes in /dev[0m.
[[0;32m  OK  [0m] Finished [0;1;39mFlush Journal to Persistent Storage[0m.
         Starting [0;1;39mRule-based Manage…for Device Events and Files[0m...
[[0;32m  OK  [0m] Started [0;1;39mRule-based Manager for Device Events and Files[0m.
         Starting [0;1;39mAuto-connect to s…E devices found during boot[0m...
[[0;32m  OK  [0m] Finished [0;1;39mAuto-connect to s…VME devices found during boot[0m.
[[0;32m  OK  [0m] Finished [0;1;39mSetup Virtual Console[0m.
[[0;32m  OK  [0m] Finished [0;1;39mColdplug All udev Devices[0m.
         Starting [0;1;39mShow Plymouth Boot Screen[0m...
         Starting [0;1;39mWait for udev To …plete Device Initialization[0m...
[2J[3J[-1;-1f[[0;32m  OK  [0m] Started [0;1;39mShow Plymouth Boot Screen[0m.
[[0;32m  OK  [0m] Started [0;1;39mForward Password R…s to Plymouth Directory Watch[0m.
[[0;32m  OK  [0m] Reached target [0;1;39mLocal Encrypted Volumes[0m.
[[0;32m  OK  [0m] Reached target [0;1;39mPath Units[0m.
[[0;32m  OK  [0m] Found device [0;1;39m/dev/ttyS0[0m.
[[0;32m  OK  [0m] Listening on [0;1;39mLoad/Save RF …itch Status /dev/rfkill Watch[0m.
[[0;32m  OK  [0m] Finished [0;1;39mWait for udev To Complete Device Initialization[0m.
[[0;32m  OK  [0m] Reached target [0;1;39mPreparation for Local File Systems[0m.
[[0;32m  OK  [0m] Reached target [0;1;39mLocal File Systems[0m.
         Starting [0;1;39mTell Plymouth To Write Out Runtime Data[0m...
         Starting [0;1;39mAutomatic Boot Loader Update[0m...
         Starting [0;1;39mCreate Volatile Files and Directories[0m...
[[0;32m  OK  [0m] Finished [0;1;39mTell Plymouth To Write Out Runtime Data[0m.
[[0;32m  OK  [0m] Finished [0;1;39mAutomatic Boot Loader Update[0m.
[[0;32m  OK  [0m] Finished [0;1;39mCreate Volatile Files and Directories[0m.
         Mounting [0;1;39mRPC Pipe File System[0m...
         Starting [0;1;39mSecurity Auditing Service[0m...
         Starting [0;1;39mRPC Bind[0m...
[[0;32m  OK  [0m] Mounted [0;1;39mRPC Pipe File System[0m.
[[0;32m  OK  [0m] Reached target [0;1;39mrpc_pipefs.target[0m.
[[0;32m  OK  [0m] Started [0;1;39mRPC Bind[0m.
[[0;32m  OK  [0m] Started [0;1;39mSecurity Auditing Service[0m.
         Starting [0;1;39mRecord System Boot/Shutdown in UTMP[0m...
[[0;32m  OK  [0m] Finished [0;1;39mRecord System Boot/Shutdown in UTMP[0m.
[[0;32m  OK  [0m] Reached target [0;1;39mSystem Initialization[0m.
[[0;32m  OK  [0m] Started [0;1;39mDaily rotation of log files[0m.
[[0;32m  OK  [0m] Started [0;1;39mUpdates mlocate database every day[0m.
[[0;32m  OK  [0m] Started [0;1;39mDaily Cleanup of Temporary Directories[0m.
[[0;32m  OK  [0m] Started [0;1;39mdaily update of the root trust anchor for DNSSEC[0m.
[[0;32m  OK  [0m] Reached target [0;1;39mTimer Units[0m.
[[0;32m  OK  [0m] Listening on [0;1;39mD-Bus System Message Bus Socket[0m.
[[0;32m  OK  [0m] Listening on [0;1;39mOpen-iSCSI iscsid Socket[0m.
[[0;32m  OK  [0m] Listening on [0;1;39mOpen-iSCSI iscsiuio Socket[0m.
[[0;32m  OK  [0m] Listening on [0;1;39mSSSD Kerberos…ache Manager responder socket[0m.
[[0;32m  OK  [0m] Listening on [0;1;39mLibvirt interface local socket[0m.
[[0;32m  OK  [0m] Listening on [0;1;39mVirtual machine lock manager socket[0m.
[[0;32m  OK  [0m] Listening on [0;1;39mVirtual machine log manager socket[0m.
[[0;32m  OK  [0m] Listening on [0;1;39mLibvirt network local socket[0m.
[[0;32m  OK  [0m] Listening on [0;1;39mLibvirt nodedev local socket[0m.
[[0;32m  OK  [0m] Listening on [0;1;39mLibvirt nwfilter local socket[0m.
[[0;32m  OK  [0m] Listening on [0;1;39mLibvirt proxy local socket[0m.
[[0;32m  OK  [0m] Listening on [0;1;39mLibvirt qemu local socket[0m.
[[0;32m  OK  [0m] Listening on [0;1;39mLibvirt qemu admin socket[0m.
[[0;32m  OK  [0m] Listening on [0;1;39mLibvirt qemu local read-only socket[0m.
[[0;32m  OK  [0m] Listening on [0;1;39mLibvirt secret local socket[0m.
[[0;32m  OK  [0m] Listening on [0;1;39mLibvirt storage local socket[0m.
[[0;32m  OK  [0m] Reached target [0;1;39mSocket Units[0m.
         Starting [0;1;39mD-Bus System Message Bus[0m...
[[0;32m  OK  [0m] Started [0;1;39mD-Bus System Message Bus[0m.
[[0;32m  OK  [0m] Reached target [0;1;39mBasic System[0m.
         Starting [0;1;39mNetwork Manager[0m...
         Starting [0;1;39mNTP client/server[0m...
         Starting [0;1;39mRestore /run/initramfs on shutdown[0m...
[[0;32m  OK  [0m] Started [0;1;39mirqbalance daemon[0m.
[[0;32m  OK  [0m] Started [0;1;39mlibstoragemgmt plug-in server daemon[0m.
[[0;32m  OK  [0m] Started [0;1;39mMachine Check Exception Logging Daemon[0m.
[[0;32m  OK  [0m] Reached target [0;1;39msshd-keygen.target[0m.
[[0;32m  OK  [0m] Reached target [0;1;39mUser and Group Name Lookups[0m.
         Starting [0;1;39mUser Login Management[0m...
         Starting [0;1;39mVirtual Machine a…tainer Registration Service[0m...
[[0;32m  OK  [0m] Finished [0;1;39mRestore /run/initramfs on shutdown[0m.
[[0;32m  OK  [0m] Started [0;1;39mVirtual Machine an…ontainer Registration Service[0m.
         Starting [0;1;39mHostname Service[0m...
[[0;32m  OK  [0m] Started [0;1;39mUser Login Management[0m.
[[0;32m  OK  [0m] Started [0;1;39mNTP client/server[0m.
[[0;32m  OK  [0m] Started [0;1;39mHostname Service[0m.
         Starting [0;1;39mNetwork Manager Script Dispatcher Service[0m...
[[0;32m  OK  [0m] Started [0;1;39mNetwork Manager Script Dispatcher Service[0m.
[   11.860440] e1000: eth0 NIC Link is Up 1000 Mbps Full Duplex, Flow Control: RX
[[0;32m  OK  [0m] Started [0;1;39mNetwork Manager[0m.
[[0;32m  OK  [0m] Reached target [0;1;39mNetwork[0m.
[[0;32m  OK  [0m] Reached target [0;1;39mNetwork is Online[0m.
         Starting [0;1;39mGSSAPI Proxy Daemon[0m...
         Starting [0;1;39mNotify NFS peers of a restart[0m...
         Starting [0;1;39mSystem Logging Service[0m...
         Starting [0;1;39mOpenSSH server daemon[0m...
         Starting [0;1;39mDynamic System Tuning Daemon[0m...
[[0;32m  OK  [0m] Started [0;1;39mNotify NFS peers of a restart[0m.
[[0;32m  OK  [0m] Started [0;1;39mOpenSSH server daemon[0m.
[[0;32m  OK  [0m] Started [0;1;39mGSSAPI Proxy Daemon[0m.
[[0;32m  OK  [0m] Reached target [0;1;39mNFS client services[0m.
[[0;32m  OK  [0m] Reached target [0;1;39mPreparation for Remote File Systems[0m.
[[0;32m  OK  [0m] Reached target [0;1;39mRemote File Systems[0m.
         Starting [0;1;39mPermit User Sessions[0m...
         Starting [0;1;39mVirtualization qemu daemon[0m...
[[0;32m  OK  [0m] Finished [0;1;39mPermit User Sessions[0m.
[[0;32m  OK  [0m] Started [0;1;39mDeferred execution scheduler[0m.
[[0;32m  OK  [0m] Started [0;1;39mCommand Scheduler[0m.
         Starting [0;1;39mHold until boot process finishes up[0m...
         Starting [0;1;39mTerminate Plymouth Boot Screen[0m...
[[0;32m  OK  [0m] Started [0;1;39mSystem Logging Service[0m.
[[0;32m  OK  [0m] Started [0;1;39mVirtualization qemu daemon[0m.

CentOS Stream 9
Kernel 6.19.0-rc1-88ec797c4680+ on an x86_64

Activate the web console with: systemctl enable --now cockpit.socket

test login: [  300.332509] INFO: task systemd:728 blocked for more than 147 seconds.
[  300.333002]       Not tainted 6.19.0-rc1-88ec797c4680+ #1
[  300.333396] "echo 0 > /proc/sys/kernel/hung_task_timeout_secs" disables this message.
[  300.333879] task:systemd         state:D stack:0     pid:728   tgid:1     ppid:0      task_flags:0x400040 flags:0x00080000
[  300.334528] Call Trace:
[  300.334687]  <TASK>
[  300.334821]  __schedule+0xfd0/0x40f0
[  300.335094]  ? __pfx___schedule+0x10/0x10
[  300.335362]  ? lock_release+0x14f/0x2a0
[  300.335621]  ? wait_transaction_locked+0x196/0x240
[  300.335932]  schedule+0xf6/0x3d0
[  300.336162]  wait_transaction_locked+0x1bb/0x240
[  300.336483]  ? wait_transaction_locked+0x196/0x240
[  300.336790]  ? __pfx_wait_transaction_locked+0x10/0x10
[  300.337112]  ? __pfx_autoremove_wake_function+0x10/0x10
[  300.337444]  ? jbd2__journal_start+0x19c/0x810
[  300.337771]  add_transaction_credits+0x121/0x1000
[  300.338116]  ? __pfx_add_transaction_credits+0x10/0x10
[  300.338420]  ? __this_cpu_preempt_check+0x21/0x30
[  300.338709]  ? lock_acquire+0x180/0x2f0
[  300.338950]  ? trace_hardirqs_on+0x26/0x130
[  300.339239]  ? __kasan_check_write+0x18/0x20
[  300.339558]  start_this_handle+0x457/0x1550
[  300.339865]  ? __pfx_start_this_handle+0x10/0x10
[  300.340222]  ? debug_smp_processor_id+0x20/0x30
[  300.340539]  ? rcu_is_watching+0x19/0xc0
[  300.340831]  ? kmem_cache_alloc_noprof+0x4e2/0x780
[  300.341179]  jbd2__journal_start+0x397/0x810
[  300.341496]  __ext4_journal_start_sb+0x3fc/0x580
[  300.341811]  ? ext4_rmdir+0x637/0xf10
[  300.342087]  ext4_rmdir+0x637/0xf10
[  300.342335]  ? __pfx_ext4_rmdir+0x10/0x10
[  300.342640]  ? __pfx_down_write+0x10/0x10
[  300.342928]  ? do_raw_spin_unlock+0x15c/0x210
[  300.343240]  vfs_rmdir+0x351/0x880
[  300.343490]  do_rmdir+0x450/0x5e0
[  300.343739]  ? __pfx_do_rmdir+0x10/0x10
[  300.343996]  ? __sanitizer_cov_trace_const_cmp8+0x1c/0x30
[  300.344396]  ? strncpy_from_user+0x198/0x290
[  300.344693]  ? getname_flags.part.0+0x1d5/0x570
[  300.345030]  __x64_sys_unlinkat+0xff/0x130
[  300.345328]  x64_sys_call+0xea8/0x21b0
[  300.345592]  do_syscall_64+0x6d/0x1180
[  300.345881]  entry_SYSCALL_64_after_hwframe+0x76/0x7e
[  300.346252] RIP: 0033:0x7f6edf43ebab
[  300.346509] RSP: 002b:00007f6edebb0838 EFLAGS: 00000246 ORIG_RAX: 0000000000000107
[  300.347002] RAX: ffffffffffffffda RBX: 0000000000000006 RCX: 00007f6edf43ebab
[  300.347487] RDX: 0000000000000200 RSI: 00007f6ed0008bf0 RDI: 0000000000000016
[  300.347957] RBP: 0000000000000016 R08: 0000000000000003 R09: 0000000000000078
[  300.348449] R10: 000000000000009b R11: 0000000000000246 R12: 0000000000000000
[  300.348932] R13: 00007f6ed0008bf0 R14: 0000000000000200 R15: 0000000000000006
[  300.349443]  </TASK>
[  300.349628] INFO: task systemd:729 blocked for more than 147 seconds.
[  300.350114]       Not tainted 6.19.0-rc1-88ec797c4680+ #1
[  300.350490] "echo 0 > /proc/sys/kernel/hung_task_timeout_secs" disables this message.
[  300.350989] task:systemd         state:D stack:0     pid:729   tgid:1     ppid:0      task_flags:0x400040 flags:0x00080000
[  300.351742] Call Trace:
[  300.351919]  <TASK>
[  300.352091]  __schedule+0xfd0/0x40f0
[  300.352373]  ? __pfx___schedule+0x10/0x10
[  300.352661]  ? lock_release+0x14f/0x2a0
[  300.352929]  ? wait_transaction_locked+0x196/0x240
[  300.353283]  schedule+0xf6/0x3d0
[  300.353517]  wait_transaction_locked+0x1bb/0x240
[  300.353832]  ? wait_transaction_locked+0x196/0x240
[  300.354138]  ? __pfx_wait_transaction_locked+0x10/0x10
[  300.354457]  ? __pfx_autoremove_wake_function+0x10/0x10
[  300.354782]  ? jbd2__journal_start+0x19c/0x810
[  300.355081]  add_transaction_credits+0x121/0x1000
[  300.355380]  ? __pfx_add_transaction_credits+0x10/0x10
[  300.355699]  ? __this_cpu_preempt_check+0x21/0x30
[  300.355993]  ? lock_acquire+0x180/0x2f0
[  300.356272]  ? __kasan_check_write+0x18/0x20
[  300.356559]  start_this_handle+0x457/0x1550
[  300.356828]  ? __pfx_start_this_handle+0x10/0x10
[  300.357126]  ? debug_smp_processor_id+0x20/0x30
[  300.357408]  ? rcu_is_watching+0x19/0xc0
[  300.357659]  ? kmem_cache_alloc_noprof+0x4e2/0x780
[  300.357964]  jbd2__journal_start+0x397/0x810
[  300.358248]  __ext4_journal_start_sb+0x3fc/0x580
[  300.358538]  ? ext4_rmdir+0x637/0xf10
[  300.358774]  ext4_rmdir+0x637/0xf10
[  300.359010]  ? __pfx_ext4_rmdir+0x10/0x10
[  300.359271]  ? __pfx_down_write+0x10/0x10
[  300.359522]  ? do_raw_spin_unlock+0x15c/0x210
[  300.359799]  vfs_rmdir+0x351/0x880
[  300.360030]  do_rmdir+0x450/0x5e0
[  300.360264]  ? __pfx_do_rmdir+0x10/0x10
[  300.360506]  ? __sanitizer_cov_trace_const_cmp8+0x1c/0x30
[  300.360836]  ? strncpy_from_user+0x198/0x290
[  300.361119]  ? getname_flags.part.0+0x1d5/0x570
[  300.361410]  __x64_sys_unlinkat+0xff/0x130
[  300.361670]  x64_sys_call+0xea8/0x21b0
[  300.361908]  do_syscall_64+0x6d/0x1180
[  300.362151]  entry_SYSCALL_64_after_hwframe+0x76/0x7e
[  300.362535] RIP: 0033:0x7f6edf43ebab
[  300.362782] RSP: 002b:00007f6ede3af838 EFLAGS: 00000246 ORIG_RAX: 0000000000000107
[  300.363283] RAX: ffffffffffffffda RBX: 0000000000000006 RCX: 00007f6edf43ebab
[  300.363742] RDX: 0000000000000200 RSI: 00007f6ed8008bf0 RDI: 000000000000000c
[  300.364244] RBP: 000000000000000c R08: 0000000000000003 R09: 0000000000000078
[  300.364723] R10: 000000000000009b R11: 0000000000000246 R12: 0000000000000000
[  300.365219] R13: 00007f6ed8008bf0 R14: 0000000000000200 R15: 0000000000000006
[  300.365719]  </TASK>
[  300.365884] INFO: task kworker/u8:1:34 blocked for more than 147 seconds.
[  300.366343]       Not tainted 6.19.0-rc1-88ec797c4680+ #1
[  300.366705] "echo 0 > /proc/sys/kernel/hung_task_timeout_secs" disables this message.
[  300.367229] task:kworker/u8:1    state:D stack:0     pid:34    tgid:34    ppid:2      task_flags:0x4248060 flags:0x00080000
[  300.367983] Workqueue: writeback wb_workfn (flush-8:0)
[  300.368357] Call Trace:
[  300.368534]  <TASK>
[  300.368695]  __schedule+0xfd0/0x40f0
[  300.368968]  ? __pfx___schedule+0x10/0x10
[  300.369265]  ? lock_release+0x14f/0x2a0
[  300.369550]  ? kthread_data+0x61/0xd0
[  300.369809]  ? wait_transaction_locked+0x196/0x240
[  300.370179]  schedule+0xf6/0x3d0
[  300.370414]  wait_transaction_locked+0x1bb/0x240
[  300.370741]  ? wait_transaction_locked+0x196/0x240
[  300.371086]  ? __pfx_wait_transaction_locked+0x10/0x10
[  300.371432]  ? check_noncircular+0x80/0x150
[  300.371727]  ? __pfx_autoremove_wake_function+0x10/0x10
[  300.372096]  ? __this_cpu_preempt_check+0x21/0x30
[  300.372461]  ? lockdep_unlock+0x62/0xd0
[  300.372760]  add_transaction_credits+0x121/0x1000
[  300.373120]  ? __pfx_add_transaction_credits+0x10/0x10
[  300.373482]  ? __this_cpu_preempt_check+0x21/0x30
[  300.373815]  ? lock_acquire+0x180/0x2f0
[  300.374079]  ? __kasan_check_write+0x18/0x20
[  300.374371]  start_this_handle+0x457/0x1550
[  300.374665]  ? __pfx_start_this_handle+0x10/0x10
[  300.374974]  ? debug_smp_processor_id+0x20/0x30
[  300.375280]  ? rcu_is_watching+0x19/0xc0
[  300.375537]  ? kmem_cache_alloc_noprof+0x4e2/0x780
[  300.375874]  jbd2__journal_start+0x397/0x810
[  300.376170]  __ext4_journal_start_sb+0x3fc/0x580
[  300.376529]  ? __sanitizer_cov_trace_const_cmp4+0x1a/0x20
[  300.376882]  ? ext4_do_writepages+0x1112/0x3930
[  300.377156]  ext4_do_writepages+0x1112/0x3930
[  300.377407]  ? check_noncircular+0x80/0x150
[  300.377647]  ? arch_stack_walk+0x8b/0xf0
[  300.377885]  ? __lock_acquire+0x412/0x2210
[  300.378137]  ? __pfx_ext4_do_writepages+0x10/0x10
[  300.378425]  ? __this_cpu_preempt_check+0x21/0x30
[  300.378694]  ? lock_is_held_type+0xef/0x150
[  300.378939]  ext4_writepages+0x3e1/0x870
[  300.379176]  ? ext4_writepages+0x3e1/0x870
[  300.379436]  ? __pfx_ext4_writepages+0x10/0x10
[  300.379728]  ? __pfx_ext4_writepages+0x10/0x10
[  300.380012]  do_writepages+0x255/0x5b0
[  300.380274]  __writeback_single_inode+0x121/0x1340
[  300.380581]  ? _raw_spin_unlock+0x31/0x60
[  300.380836]  ? __sanitizer_cov_trace_const_cmp8+0x1c/0x30
[  300.381178]  ? wbc_attach_and_unlock_inode.part.0+0x47a/0x890
[  300.381534]  writeback_sb_inodes+0x785/0x1c80
[  300.381821]  ? __pfx_writeback_sb_inodes+0x10/0x10
[  300.382131]  ? __lock_acquire+0x412/0x2210
[  300.382390]  ? __lock_acquire+0x412/0x2210
[  300.382701]  ? __sanitizer_cov_trace_const_cmp8+0x1c/0x30
[  300.383087]  __writeback_inodes_wb+0xc8/0x280
[  300.383409]  wb_writeback+0x652/0x9e0
[  300.383689]  ? __pfx_wb_writeback+0x10/0x10
[  300.383994]  ? __sanitizer_cov_trace_cmp4+0x1a/0x20
[  300.384354]  ? get_nr_dirty_inodes+0x12c/0x1b0
[  300.384665]  wb_workfn+0x713/0xe60
[  300.384914]  ? __pfx_wb_workfn+0x10/0x10
[  300.385243]  process_one_work+0x930/0x1ad0
[  300.385523]  ? __lock_acquire+0x412/0x2210
[  300.385819]  ? __pfx_process_one_work+0x10/0x10
[  300.386145]  ? move_linked_works+0x1bf/0x2c0
[  300.386470]  ? __this_cpu_preempt_check+0x21/0x30
[  300.386797]  ? assign_work+0x19f/0x250
[  300.387066]  ? lock_is_held_type+0xef/0x150
[  300.387365]  worker_thread+0x697/0xeb0
[  300.387640]  ? __pfx_worker_thread+0x10/0x10
[  300.387951]  kthread+0x464/0x980
[  300.388192]  ? __pfx_kthread+0x10/0x10
[  300.388465]  ? trace_hardirqs_on+0x26/0x130
[  300.388764]  ? _raw_spin_unlock_irq+0x3c/0x60
[  300.389065]  ? __pfx_kthread+0x10/0x10
[  300.389369]  ret_from_fork+0x780/0x8f0
[  300.389619]  ? __pfx_ret_from_fork+0x10/0x10
[  300.389919]  ? native_load_tls+0x16/0x50
[  300.390222]  ? __sanitizer_cov_trace_const_cmp8+0x1c/0x30
[  300.390550]  ? __switch_to+0x823/0x10b0
[  300.390792]  ? __pfx_kthread+0x10/0x10
[  300.391038]  ret_from_fork_asm+0x1a/0x30
[  300.391294]  </TASK>
[  300.391438] INFO: task kworker/u8:2:36 blocked for more than 147 seconds.
[  300.391839]       Not tainted 6.19.0-rc1-88ec797c4680+ #1
[  300.392161] "echo 0 > /proc/sys/kernel/hung_task_timeout_secs" disables this message.
[  300.392623] task:kworker/u8:2    state:D stack:0     pid:36    tgid:36    ppid:2      task_flags:0x4248060 flags:0x00080000
[  300.393281] Workqueue: writeback wb_workfn (flush-8:0)
[  300.393596] Call Trace:
[  300.393750]  <TASK>
[  300.393892]  __schedule+0xfd0/0x40f0
[  300.394129]  ? __pfx___schedule+0x10/0x10
[  300.394374]  ? lock_release+0x14f/0x2a0
[  300.394613]  ? kthread_data+0x61/0xd0
[  300.394844]  ? wait_transaction_locked+0x196/0x240
[  300.395145]  schedule+0xf6/0x3d0
[  300.395351]  wait_transaction_locked+0x1bb/0x240
[  300.395631]  ? wait_transaction_locked+0x196/0x240
[  300.395924]  ? __pfx_wait_transaction_locked+0x10/0x10
[  300.396254]  ? __pfx_autoremove_wake_function+0x10/0x10
[  300.396571]  ? jbd2__journal_start+0x253/0x810
[  300.396849]  add_transaction_credits+0x121/0x1000
[  300.397145]  ? ext4_init_io_end+0x32/0x190
[  300.397428]  ? __pfx_add_transaction_credits+0x10/0x10
[  300.397804]  ? __this_cpu_preempt_check+0x21/0x30
[  300.398151]  ? lock_acquire+0x180/0x2f0
[  300.398424]  ? blk_cgroup_bio_start+0x389/0x660
[  300.398757]  ? __kasan_check_write+0x18/0x20
[  300.399092]  start_this_handle+0x457/0x1550
[  300.399404]  ? __pfx_start_this_handle+0x10/0x10
[  300.399733]  ? debug_smp_processor_id+0x20/0x30
[  300.400044]  ? rcu_is_watching+0x19/0xc0
[  300.400322]  ? kmem_cache_alloc_noprof+0x4e2/0x780
[  300.400662]  jbd2__journal_start+0x397/0x810
[  300.400987]  __ext4_journal_start_sb+0x3fc/0x580
[  300.401307]  ? __sanitizer_cov_trace_const_cmp4+0x1a/0x20
[  300.401672]  ? ext4_do_writepages+0x1112/0x3930
[  300.401987]  ext4_do_writepages+0x1112/0x3930
[  300.402290]  ? kasan_save_stack+0x40/0x60
[  300.402574]  ? kasan_save_stack+0x2c/0x60
[  300.402866]  ? kasan_save_alloc_info+0x3c/0x50
[  300.403169]  ? __lock_acquire+0x412/0x2210
[  300.403456]  ? ret_from_fork+0x780/0x8f0
[  300.403759]  ? __pfx_ext4_do_writepages+0x10/0x10
[  300.404120]  ? __this_cpu_preempt_check+0x21/0x30
[  300.404460]  ? lock_is_held_type+0xef/0x150
[  300.404766]  ext4_writepages+0x3e1/0x870
[  300.405049]  ? ext4_writepages+0x3e1/0x870
[  300.405376]  ? __pfx_ext4_writepages+0x10/0x10
[  300.405714]  ? do_raw_spin_unlock+0x15c/0x210
[  300.406044]  ? __pfx_ext4_writepages+0x10/0x10
[  300.406381]  do_writepages+0x255/0x5b0
[  300.406658]  __writeback_single_inode+0x121/0x1340
[  300.406993]  ? _raw_spin_unlock+0x31/0x60
[  300.407300]  ? __sanitizer_cov_trace_const_cmp4+0x1a/0x20
[  300.407668]  ? wbc_attach_and_unlock_inode.part.0+0x47a/0x890
[  300.408085]  writeback_sb_inodes+0x785/0x1c80
[  300.408411]  ? __pfx_writeback_sb_inodes+0x10/0x10
[  300.408738]  ? __lock_acquire+0x412/0x2210
[  300.409092]  ? __sanitizer_cov_trace_const_cmp8+0x1c/0x30
[  300.409462]  __writeback_inodes_wb+0xc8/0x280
[  300.409782]  wb_writeback+0x652/0x9e0
[  300.410047]  ? __pfx_wb_writeback+0x10/0x10
[  300.410348]  ? __sanitizer_cov_trace_cmp4+0x1a/0x20
[  300.410686]  ? get_nr_dirty_inodes+0x12c/0x1b0
[  300.411017]  wb_workfn+0x713/0xe60
[  300.411284]  ? __pfx_wb_workfn+0x10/0x10
[  300.411544]  process_one_work+0x930/0x1ad0
[  300.411801]  ? __lock_acquire+0x412/0x2210
[  300.412082]  ? __pfx_process_one_work+0x10/0x10
[  300.412376]  ? move_linked_works+0x1bf/0x2c0
[  300.412659]  ? __this_cpu_preempt_check+0x21/0x30
[  300.413006]  ? assign_work+0x19f/0x250
[  300.413279]  ? lock_is_held_type+0xef/0x150
[  300.413550]  worker_thread+0x697/0xeb0
[  300.413801]  ? __pfx_worker_thread+0x10/0x10
[  300.414077]  kthread+0x464/0x980
[  300.414290]  ? __pfx_kthread+0x10/0x10
[  300.414529]  ? trace_hardirqs_on+0x26/0x130
[  300.414791]  ? _raw_spin_unlock_irq+0x3c/0x60
[  300.415129]  ? __pfx_kthread+0x10/0x10
[  300.415402]  ret_from_fork+0x780/0x8f0
[  300.415674]  ? __pfx_ret_from_fork+0x10/0x10
[  300.415977]  ? native_load_tls+0x16/0x50
[  300.416291]  ? __sanitizer_cov_trace_const_cmp8+0x1c/0x30
[  300.416676]  ? __switch_to+0x823/0x10b0
[  300.416948]  ? __pfx_kthread+0x10/0x10
[  300.417215]  ret_from_fork_asm+0x1a/0x30
[  300.417520]  </TASK>
[  300.417673] INFO: task kworker/u8:3:54 blocked for more than 147 seconds.
[  300.418123]       Not tainted 6.19.0-rc1-88ec797c4680+ #1
[  300.418489] "echo 0 > /proc/sys/kernel/hung_task_timeout_secs" disables this message.
[  300.419011] task:kworker/u8:3    state:D stack:0     pid:54    tgid:54    ppid:2      task_flags:0x4248060 flags:0x00080000
[  300.419803] Workqueue: writeback wb_workfn (flush-8:0)
[  300.420192] Call Trace:
[  300.420364]  <TASK>
[  300.420523]  __schedule+0xfd0/0x40f0
[  300.420783]  ? __pfx___schedule+0x10/0x10
[  300.421093]  ? lock_release+0x14f/0x2a0
[  300.421367]  ? kthread_data+0x61/0xd0
[  300.421628]  ? wait_transaction_locked+0x196/0x240
[  300.421967]  schedule+0xf6/0x3d0
[  300.422209]  wait_transaction_locked+0x1bb/0x240
[  300.422525]  ? wait_transaction_locked+0x196/0x240
[  300.422845]  ? __pfx_wait_transaction_locked+0x10/0x10
[  300.423220]  ? __pfx_autoremove_wake_function+0x10/0x10
[  300.423575]  ? jbd2__journal_start+0x253/0x810
[  300.423925]  add_transaction_credits+0x121/0x1000
[  300.424273]  ? ext4_init_io_end+0x32/0x190
[  300.424580]  ? __pfx_add_transaction_credits+0x10/0x10
[  300.424946]  ? __this_cpu_preempt_check+0x21/0x30
[  300.425318]  ? lock_acquire+0x180/0x2f0
[  300.425621]  ? blk_cgroup_bio_start+0x389/0x660
[  300.425934]  ? __kasan_check_write+0x18/0x20
[  300.426275]  start_this_handle+0x457/0x1550
[  300.426581]  ? __pfx_start_this_handle+0x10/0x10
[  300.426949]  ? debug_smp_processor_id+0x20/0x30
[  300.427275]  ? rcu_is_watching+0x19/0xc0
[  300.427538]  ? kmem_cache_alloc_noprof+0x4e2/0x780
[  300.427882]  jbd2__journal_start+0x397/0x810
[  300.428212]  __ext4_journal_start_sb+0x3fc/0x580
[  300.428532]  ? __sanitizer_cov_trace_const_cmp4+0x1a/0x20
[  300.428914]  ? ext4_do_writepages+0x1112/0x3930
[  300.429252]  ext4_do_writepages+0x1112/0x3930
[  300.429552]  ? __this_cpu_preempt_check+0x21/0x30
[  300.429908]  ? lock_is_held_type+0xef/0x150
[  300.430229]  ? __lock_acquire+0x412/0x2210
[  300.430529]  ? __pfx_ext4_do_writepages+0x10/0x10
[  300.430863]  ? __this_cpu_preempt_check+0x21/0x30
[  300.431197]  ? lock_is_held_type+0xef/0x150
[  300.431499]  ext4_writepages+0x3e1/0x870
[  300.431780]  ? ext4_writepages+0x3e1/0x870
[  300.432113]  ? __pfx_ext4_writepages+0x10/0x10
[  300.432422]  ? do_raw_spin_unlock+0x15c/0x210
[  300.432691]  ? __pfx_ext4_writepages+0x10/0x10
[  300.432968]  do_writepages+0x255/0x5b0
[  300.433225]  __writeback_single_inode+0x121/0x1340
[  300.433557]  ? _raw_spin_unlock+0x31/0x60
[  300.433832]  ? __sanitizer_cov_trace_const_cmp8+0x1c/0x30
[  300.434218]  ? wbc_attach_and_unlock_inode.part.0+0x47a/0x890
[  300.434645]  writeback_sb_inodes+0x785/0x1c80
[  300.434965]  ? __pfx_writeback_sb_inodes+0x10/0x10
[  300.435315]  ? __lock_acquire+0x412/0x2210
[  300.435633]  ? __sanitizer_cov_trace_const_cmp8+0x1c/0x30
[  300.436031]  __writeback_inodes_wb+0xc8/0x280
[  300.436362]  wb_writeback+0x652/0x9e0
[  300.436637]  ? __pfx_wb_writeback+0x10/0x10
[  300.436945]  ? __sanitizer_cov_trace_cmp4+0x1a/0x20
[  300.437281]  ? get_nr_dirty_inodes+0x12c/0x1b0
[  300.437593]  wb_workfn+0x713/0xe60
[  300.437836]  ? __pfx_wb_workfn+0x10/0x10
[  300.438121]  process_one_work+0x930/0x1ad0
[  300.438417]  ? __lock_acquire+0x412/0x2210
[  300.438714]  ? __pfx_process_one_work+0x10/0x10
[  300.439027]  ? move_linked_works+0x1bf/0x2c0
[  300.439292]  ? __this_cpu_preempt_check+0x21/0x30
[  300.439587]  ? assign_work+0x19f/0x250
[  300.439821]  ? lock_is_held_type+0xef/0x150
[  300.440088]  worker_thread+0x697/0xeb0
[  300.440332]  ? _raw_spin_unlock_irqrestore+0x35/0x70
[  300.440639]  ? trace_hardirqs_on+0x26/0x130
[  300.440908]  ? __pfx_worker_thread+0x10/0x10
[  300.441182]  kthread+0x464/0x980
[  300.441394]  ? __pfx_kthread+0x10/0x10
[  300.441630]  ? trace_hardirqs_on+0x26/0x130
[  300.441891]  ? _raw_spin_unlock_irq+0x3c/0x60
[  300.442171]  ? __pfx_kthread+0x10/0x10
[  300.442410]  ret_from_fork+0x780/0x8f0
[  300.442647]  ? __pfx_ret_from_fork+0x10/0x10
[  300.442912]  ? native_load_tls+0x16/0x50
[  300.443164]  ? __sanitizer_cov_trace_const_cmp8+0x1c/0x30
[  300.443494]  ? __switch_to+0x823/0x10b0
[  300.443738]  ? __pfx_kthread+0x10/0x10
[  300.443976]  ret_from_fork_asm+0x1a/0x30
[  300.444253]  </TASK>
[  300.444406] INFO: task jbd2/sda-8:99 blocked for more than 147 seconds.
[  300.444793]       Not tainted 6.19.0-rc1-88ec797c4680+ #1
[  300.445118] "echo 0 > /proc/sys/kernel/hung_task_timeout_secs" disables this message.
[  300.445570] task:jbd2/sda-8      state:D stack:0     pid:99    tgid:99    ppid:2      task_flags:0x240040 flags:0x00080000
[  300.446211] Call Trace:
[  300.446368]  <TASK>
[  300.446507]  __schedule+0xfd0/0x40f0
[  300.446742]  ? __pfx___schedule+0x10/0x10
[  300.446991]  ? lock_release+0x14f/0x2a0
[  300.447244]  schedule+0xf6/0x3d0
[  300.447451]  jbd2_journal_wait_updates+0x146/0x270
[  300.447792]  ? __pfx_jbd2_journal_wait_updates+0x10/0x10
[  300.448162]  ? __pfx_autoremove_wake_function+0x10/0x10
[  300.448548]  ? lock_release+0x14f/0x2a0
[  300.448825]  jbd2_journal_commit_transaction+0x7aa/0x6290
[  300.449242]  ? __lock_acquire+0x412/0x2210
[  300.449542]  ? __pfx_jbd2_journal_commit_transaction+0x10/0x10
[  300.449967]  ? do_raw_spin_lock+0x140/0x280
[  300.450279]  ? __pfx_do_raw_spin_lock+0x10/0x10
[  300.450608]  ? lock_acquire+0x180/0x2f0
[  300.450869]  ? __timer_delete_sync+0x20a/0x300
[  300.451218]  ? __this_cpu_preempt_check+0x21/0x30
[  300.451539]  ? _raw_spin_unlock_irqrestore+0x35/0x70
[  300.451884]  ? lockdep_hardirqs_on+0x85/0x110
[  300.452272]  ? _raw_spin_unlock_irqrestore+0x35/0x70
[  300.452674]  ? trace_hardirqs_on+0x26/0x130
[  300.452960]  ? _raw_spin_unlock_irqrestore+0x45/0x70
[  300.453356]  ? __sanitizer_cov_trace_const_cmp4+0x1a/0x20
[  300.453772]  ? __timer_delete_sync+0x21e/0x300
[  300.454129]  ? __this_cpu_preempt_check+0x21/0x30
[  300.454442]  ? lock_release+0x14f/0x2a0
[  300.454723]  kjournald2+0x203/0x790
[  300.455025]  ? __pfx_kjournald2+0x10/0x10
[  300.455322]  ? _raw_spin_unlock_irqrestore+0x35/0x70
[  300.455672]  ? trace_hardirqs_on+0x26/0x130
[  300.455957]  ? __pfx_autoremove_wake_function+0x10/0x10
[  300.456361]  ? __sanitizer_cov_trace_const_cmp1+0x1e/0x30
[  300.456724]  ? __kthread_parkme+0x1bc/0x260
[  300.457053]  ? __pfx_kjournald2+0x10/0x10
[  300.457337]  kthread+0x464/0x980
[  300.457569]  ? __pfx_kthread+0x10/0x10
[  300.457843]  ? trace_hardirqs_on+0x26/0x130
[  300.458172]  ? _raw_spin_unlock_irq+0x3c/0x60
[  300.458492]  ? __pfx_kthread+0x10/0x10
[  300.458772]  ret_from_fork+0x780/0x8f0
[  300.459054]  ? __pfx_ret_from_fork+0x10/0x10
[  300.459353]  ? native_load_tls+0x16/0x50
[  300.459612]  ? __sanitizer_cov_trace_const_cmp8+0x1c/0x30
[  300.459959]  ? __switch_to+0x823/0x10b0
[  300.460293]  ? __pfx_kthread+0x10/0x10
[  300.460554]  ret_from_fork_asm+0x1a/0x30
[  300.460879]  </TASK>
[  300.461034] INFO: task auditd:237 blocked for more than 147 seconds.
[  300.461436]       Not tainted 6.19.0-rc1-88ec797c4680+ #1
[  300.461763] "echo 0 > /proc/sys/kernel/hung_task_timeout_secs" disables this message.
[  300.462294] task:auditd          state:D stack:0     pid:237   tgid:237   ppid:1      task_flags:0x400140 flags:0x00080000
[  300.463049] Call Trace:
[  300.463235]  <TASK>
[  300.463397]  __schedule+0xfd0/0x40f0
[  300.463655]  ? __pfx___schedule+0x10/0x10
[  300.463931]  ? lock_release+0x14f/0x2a0
[  300.464243]  ? wait_transaction_locked+0x196/0x240
[  300.464595]  schedule+0xf6/0x3d0
[  300.464827]  wait_transaction_locked+0x1bb/0x240
[  300.465155]  ? wait_transaction_locked+0x196/0x240
[  300.465491]  ? __pfx_wait_transaction_locked+0x10/0x10
[  300.465874]  ? __pfx_autoremove_wake_function+0x10/0x10
[  300.466255]  ? jbd2__journal_start+0x19c/0x810
[  300.466561]  add_transaction_credits+0x121/0x1000
[  300.466894]  ? __pfx_add_transaction_credits+0x10/0x10
[  300.467236]  ? __this_cpu_preempt_check+0x21/0x30
[  300.467559]  ? lock_acquire+0x180/0x2f0
[  300.467838]  ? __kasan_check_write+0x18/0x20
[  300.468151]  start_this_handle+0x457/0x1550
[  300.468443]  ? __pfx_start_this_handle+0x10/0x10
[  300.468761]  ? debug_smp_processor_id+0x20/0x30
[  300.469080]  ? rcu_is_watching+0x19/0xc0
[  300.469388]  ? kmem_cache_alloc_noprof+0x4e2/0x780
[  300.469747]  jbd2__journal_start+0x397/0x810
[  300.470094]  __ext4_journal_start_sb+0x3fc/0x580
[  300.470421]  ? ext4_dirty_inode+0xb3/0x140
[  300.470730]  ? __pfx_ext4_dirty_inode+0x10/0x10
[  300.471094]  ext4_dirty_inode+0xb3/0x140
[  300.471362]  ? rcu_is_watching+0x19/0xc0
[  300.471657]  __mark_inode_dirty+0x1cb/0x13f0
[  300.471970]  generic_update_time+0xe0/0x110
[  300.472285]  file_update_time_flags+0x40c/0x510
[  300.472593]  file_modified+0x43/0x60
[  300.472847]  ext4_buffered_write_iter+0x101/0x460
[  300.473186]  ext4_file_write_iter+0xb2a/0x1ee0
[  300.473507]  ? __pfx_ext4_file_write_iter+0x10/0x10
[  300.473850]  ? __this_cpu_preempt_check+0x21/0x30
[  300.474193]  ? lock_is_held_type+0xef/0x150
[  300.474507]  vfs_write+0xc6d/0x11f0
[  300.474745]  ? __pfx_ext4_file_write_iter+0x10/0x10
[  300.475092]  ? __pfx_vfs_write+0x10/0x10
[  300.475384]  ? mutex_lock_nested+0x1f/0x30
[  300.475688]  ksys_write+0x14e/0x280
[  300.475931]  ? __pfx_ksys_write+0x10/0x10
[  300.476244]  __x64_sys_write+0x7b/0xc0
[  300.476494]  ? syscall_trace_enter+0x9d/0x240
[  300.476798]  x64_sys_call+0x1704/0x21b0
[  300.477066]  do_syscall_64+0x6d/0x1180
[  300.477344]  entry_SYSCALL_64_after_hwframe+0x76/0x7e
[  300.477694] RIP: 0033:0x7ff91913ebcf
[  300.477941] RSP: 002b:00007fffe39c6040 EFLAGS: 00000293 ORIG_RAX: 0000000000000001
[  300.478435] RAX: ffffffffffffffda RBX: 00000000000000f0 RCX: 00007ff91913ebcf
[  300.478918] RDX: 00000000000000f0 RSI: 0000559c8360a0a0 RDI: 0000000000000005
[  300.479426] RBP: 0000559c8360a0a0 R08: 0000000000000000 R09: 00007ff9191b14e0
[  300.479912] R10: 00007ff9191b13e0 R11: 0000000000000293 R12: 00000000000000f0
[  300.480428] R13: 0000559c836002a0 R14: 00000000000000f0 R15: 00007ff9191f69e0
[  300.480925]  </TASK>
[  300.481099] INFO: task in:imjournal:318 blocked for more than 147 seconds.
[  300.481566]       Not tainted 6.19.0-rc1-88ec797c4680+ #1
[  300.481971] "echo 0 > /proc/sys/kernel/hung_task_timeout_secs" disables this message.
[  300.482470] task:in:imjournal    state:D stack:0     pid:318   tgid:292   ppid:1      task_flags:0x400040 flags:0x00080000
[  300.483141] Call Trace:
[  300.483326]  <TASK>
[  300.483479]  __schedule+0xfd0/0x40f0
[  300.483745]  ? __pfx___schedule+0x10/0x10
[  300.484028]  ? lock_release+0x14f/0x2a0
[  300.484326]  ? wait_transaction_locked+0x196/0x240
[  300.484653]  schedule+0xf6/0x3d0
[  300.484901]  wait_transaction_locked+0x1bb/0x240
[  300.485247]  ? wait_transaction_locked+0x196/0x240
[  300.485602]  ? __pfx_wait_transaction_locked+0x10/0x10
[  300.485975]  ? __pfx_autoremove_wake_function+0x10/0x10
[  300.486304]  ? __kasan_slab_alloc+0x62/0x80
[  300.486569]  add_transaction_credits+0x121/0x1000
[  300.486863]  ? __pfx_add_transaction_credits+0x10/0x10
[  300.487191]  ? __this_cpu_preempt_check+0x21/0x30
[  300.487486]  ? lock_acquire+0x180/0x2f0
[  300.487732]  ? __kasan_check_write+0x18/0x20
[  300.488008]  start_this_handle+0x457/0x1550
[  300.488288]  ? lock_is_held_type+0xef/0x150
[  300.488565]  ? __pfx_start_this_handle+0x10/0x10
[  300.488855]  ? debug_smp_processor_id+0x20/0x30
[  300.489152]  ? rcu_is_watching+0x19/0xc0
[  300.489405]  ? kmem_cache_alloc_noprof+0x4e2/0x780
[  300.489714]  jbd2__journal_start+0x397/0x810
[  300.489987]  __ext4_journal_start_sb+0x3fc/0x580
[  300.490281]  __ext4_new_inode+0x2caf/0x5230
[  300.490555]  ? __pfx___ext4_new_inode+0x10/0x10
[  300.490838]  ? __pfx___dquot_initialize+0x10/0x10
[  300.491134]  ? __pfx_d_splice_alias_ops+0x10/0x10
[  300.491427]  ext4_create+0x32d/0x550
[  300.491659]  ? __pfx_ext4_create+0x10/0x10
[  300.491916]  ? inode_permission+0x39d/0x690
[  300.492193]  ? __sanitizer_cov_trace_const_cmp4+0x1a/0x20
[  300.492520]  ? __pfx_ext4_create+0x10/0x10
[  300.492774]  lookup_open.isra.0+0x131c/0x18e0
[  300.493059]  ? __pfx_lookup_open.isra.0+0x10/0x10
[  300.493360]  ? mnt_get_write_access+0x203/0x2f0
[  300.493640]  ? __sanitizer_cov_trace_const_cmp4+0x1a/0x20
[  300.493967]  path_openat+0xfde/0x2f70
[  300.494213]  ? __pfx_path_openat+0x10/0x10
[  300.494473]  ? __lock_acquire+0x412/0x2210
[  300.494729]  do_filp_open+0x1fc/0x460
[  300.494961]  ? __pfx_do_filp_open+0x10/0x10
[  300.495236]  ? do_raw_spin_unlock+0x15c/0x210
[  300.495505]  ? _raw_spin_unlock+0x31/0x60
[  300.495767]  do_sys_openat2+0x125/0x260
[  300.496011]  ? __pfx_do_sys_openat2+0x10/0x10
[  300.496291]  ? __this_cpu_preempt_check+0x21/0x30
[  300.496582]  ? seqcount_lockdep_reader_access.constprop.0+0xb4/0xd0
[  300.496963]  ? lockdep_hardirqs_on+0x85/0x110
[  300.497243]  ? seqcount_lockdep_reader_access.constprop.0+0xb4/0xd0
[  300.497628]  __x64_sys_openat+0x179/0x240
[  300.497878]  ? __pfx___x64_sys_openat+0x10/0x10
[  300.498166]  ? __audit_syscall_entry+0x393/0x4f0
[  300.498460]  x64_sys_call+0xee7/0x21b0
[  300.498698]  do_syscall_64+0x6d/0x1180
[  300.498937]  entry_SYSCALL_64_after_hwframe+0x76/0x7e
[  300.499253] RIP: 0033:0x7f3a0d53e8c4
[  300.499479] RSP: 002b:00007f3a0c930a40 EFLAGS: 00000293 ORIG_RAX: 0000000000000101
[  300.499931] RAX: ffffffffffffffda RBX: 00007f3a08000c50 RCX: 00007f3a0d53e8c4
[  300.500370] RDX: 0000000000000241 RSI: 00007f3a0c930b80 RDI: 00000000ffffff9c
[  300.500788] RBP: 00007f3a0c930b80 R08: 0000000000000000 R09: 0000000000000001
[  300.501211] R10: 00000000000001b6 R11: 0000000000000293 R12: 0000000000000241
[  300.501627] R13: 00007f3a08000c50 R14: 0000000000000001 R15: 00007f3a08003790
[  300.502066]  </TASK>
[  300.502208] INFO: task rs:main Q:Reg:319 blocked for more than 147 seconds.
[  300.502615]       Not tainted 6.19.0-rc1-88ec797c4680+ #1
[  300.502934] "echo 0 > /proc/sys/kernel/hung_task_timeout_secs" disables this message.
[  300.503391] task:rs:main Q:Reg   state:D stack:0     pid:319   tgid:292   ppid:1      task_flags:0x400040 flags:0x00080000
[  300.504041] Call Trace:
[  300.504206]  <TASK>
[  300.504348]  __schedule+0xfd0/0x40f0
[  300.504581]  ? __pfx___schedule+0x10/0x10
[  300.504831]  ? lock_release+0x14f/0x2a0
[  300.505081]  ? wait_transaction_locked+0x196/0x240
[  300.505373]  schedule+0xf6/0x3d0
[  300.505581]  wait_transaction_locked+0x1bb/0x240
[  300.505861]  ? wait_transaction_locked+0x196/0x240
[  300.506159]  ? __pfx_wait_transaction_locked+0x10/0x10
[  300.506471]  ? __pfx_autoremove_wake_function+0x10/0x10
[  300.506786]  ? jbd2__journal_start+0x19c/0x810
[  300.507073]  add_transaction_credits+0x121/0x1000
[  300.507367]  ? __pfx_add_transaction_credits+0x10/0x10
[  300.507679]  ? __this_cpu_preempt_check+0x21/0x30
[  300.507966]  ? lock_acquire+0x180/0x2f0
[  300.508227]  ? __kasan_check_write+0x18/0x20
[  300.508496]  start_this_handle+0x457/0x1550
[  300.508762]  ? __pfx_start_this_handle+0x10/0x10
[  300.509050]  ? debug_smp_processor_id+0x20/0x30
[  300.509328]  ? rcu_is_watching+0x19/0xc0
[  300.509575]  ? kmem_cache_alloc_noprof+0x4e2/0x780
[  300.509877]  jbd2__journal_start+0x397/0x810
[  300.510148]  __ext4_journal_start_sb+0x3fc/0x580
[  300.510431]  ? ext4_dirty_inode+0xb3/0x140
[  300.510683]  ? __pfx_ext4_dirty_inode+0x10/0x10
[  300.510962]  ext4_dirty_inode+0xb3/0x140
[  300.511207]  ? rcu_is_watching+0x19/0xc0
[  300.511452]  __mark_inode_dirty+0x1cb/0x13f0
[  300.511724]  generic_update_time+0xe0/0x110
[  300.511984]  file_update_time_flags+0x40c/0x510
[  300.512284]  file_modified+0x43/0x60
[  300.512511]  ext4_buffered_write_iter+0x101/0x460
[  300.512801]  ext4_file_write_iter+0xb2a/0x1ee0
[  300.513086]  ? __pfx_ext4_file_write_iter+0x10/0x10
[  300.513383]  ? __this_cpu_preempt_check+0x21/0x30
[  300.513673]  ? lock_is_held_type+0xef/0x150
[  300.513936]  vfs_write+0xc6d/0x11f0
[  300.514161]  ? __pfx_ext4_file_write_iter+0x10/0x10
[  300.514458]  ? __pfx_vfs_write+0x10/0x10
[  300.514715]  ? mutex_lock_nested+0x1f/0x30
[  300.514971]  ksys_write+0x14e/0x280
[  300.515199]  ? __pfx_ksys_write+0x10/0x10
[  300.515448]  ? __audit_syscall_entry+0x393/0x4f0
[  300.515736]  __x64_sys_write+0x7b/0xc0
[  300.515971]  ? syscall_trace_enter+0x14d/0x240
[  300.516262]  x64_sys_call+0x1704/0x21b0
[  300.516501]  do_syscall_64+0x6d/0x1180
[  300.516736]  entry_SYSCALL_64_after_hwframe+0x76/0x7e
[  300.517044] RIP: 0033:0x7f3a0d53ebcf
[  300.517265] RSP: 002b:00007f3a07ffe890 EFLAGS: 00000293 ORIG_RAX: 0000000000000001
[  300.517705] RAX: ffffffffffffffda RBX: 00007f3a00005220 RCX: 00007f3a0d53ebcf
[  300.518129] RDX: 0000000000000056 RSI: 00007f3a000054c0 RDI: 0000000000000008
[  300.518547] RBP: 00007f3a000054c0 R08: 0000000000000000 R09: 0000000000000000
[  300.518963] R10: 000000000000000a R11: 0000000000000293 R12: 0000000000000000
[  300.519384] R13: 000055fb2bab6e00 R14: 00007f3a00005220 R15: 0000000000000056
[  300.519816]  </TASK>
[  300.519963] INFO: task repro:710 blocked for more than 147 seconds.
[  300.520345]       Not tainted 6.19.0-rc1-88ec797c4680+ #1
[  300.520667] "echo 0 > /proc/sys/kernel/hung_task_timeout_secs" disables this message.
[  300.521133] task:repro           state:D stack:0     pid:710   tgid:710   ppid:709    task_flags:0x400140 flags:0x00080800
[  300.521781] Call Trace:
[  300.521937]  <TASK>
[  300.522084]  __schedule+0xfd0/0x40f0
[  300.522322]  ? __pfx___schedule+0x10/0x10
[  300.522575]  ? lock_release+0x14f/0x2a0
[  300.522816]  ? _raw_spin_unlock_irqrestore+0x45/0x70
[  300.523134]  schedule+0xf6/0x3d0
[  300.523345]  jbd2_log_wait_commit+0x2e4/0x4a0
[  300.523625]  ? __pfx_jbd2_log_wait_commit+0x10/0x10
[  300.523926]  ? lock_release+0x14f/0x2a0
[  300.524189]  ? __pfx_autoremove_wake_function+0x10/0x10
[  300.524503]  ? stop_this_handle+0x39f/0x670
[  300.524766]  jbd2_journal_stop+0xad4/0xe50
[  300.525030]  ? __sanitizer_cov_trace_cmp8+0x21/0x30
[  300.525330]  ? __pfx_jbd2_journal_stop+0x10/0x10
[  300.525615]  ? __pfx_ext4_free_inode+0x10/0x10
[  300.525892]  __ext4_journal_stop+0xea/0x200
[  300.526158]  ext4_evict_inode+0x8ce/0x1760
[  300.526414]  ? __pfx_ext4_evict_inode+0x10/0x10
[  300.526694]  ? do_raw_spin_unlock+0x15c/0x210
[  300.526962]  ? __pfx_ext4_evict_inode+0x10/0x10
[  300.527231]  evict+0x371/0xae0
[  300.527417]  ? __pfx_evict+0x10/0x10
[  300.527623]  ? iput+0x7d2/0xf10
[  300.527809]  ? iput+0x7d2/0xf10
[  300.527992]  ? __this_cpu_preempt_check+0x21/0x30
[  300.528277]  ? do_raw_spin_unlock+0x15c/0x210
[  300.528527]  iput+0x7da/0xf10
[  300.528706]  do_unlinkat+0x487/0x6e0
[  300.528912]  ? __pfx_do_unlinkat+0x10/0x10
[  300.529152]  ? __sanitizer_cov_trace_const_cmp8+0x1c/0x30
[  300.529448]  ? strncpy_from_user+0x198/0x290
[  300.529691]  ? __sanitizer_cov_trace_const_cmp4+0x1a/0x20
[  300.529998]  ? getname_flags.part.0+0x1d5/0x570
[  300.530289]  __x64_sys_unlink+0xd1/0x120
[  300.530533]  x64_sys_call+0x20a5/0x21b0
[  300.530780]  do_syscall_64+0x6d/0x1180
[  300.531024]  entry_SYSCALL_64_after_hwframe+0x76/0x7e
[  300.531329] RIP: 0033:0x7f4850c3eb7b
[  300.531551] RSP: 002b:00007ffcc1e3c0d8 EFLAGS: 00000206 ORIG_RAX: 0000000000000057
[  300.531998] RAX: ffffffffffffffda RBX: 0000000000000000 RCX: 00007f4850c3eb7b
[  300.532437] RDX: 00007ffcc1e3c0f0 RSI: 00007ffcc1e3c180 RDI: 00007ffcc1e3c180
[  300.532855] RBP: 00007ffcc1e3d1c0 R08: 0000000000000000 R09: 00007ffcc1e3bf70
[  300.533272] R10: 00007f4850c0b208 R11: 0000000000000206 R12: 00007ffcc1e3d338
[  300.533664] R13: 0000000000401cee R14: 0000000000403e08 R15: 00007f4850e61000
[  300.534077]  </TASK>
[  300.534211] Future hung task reports are suppressed, see sysctl kernel.hung_task_warnings
[  300.534650] 
[  300.534650] Showing all locks held in the system:
[  300.534984] 3 locks held by systemd/728:
[  300.535228]  #0: ff1100000fdd0408 (sb_writers#3){.+.+}-{0:0}, at: do_rmdir+0x336/0x5e0
[  300.535712]  #1: ff1100001bebe380 (&type->i_mutex_dir_key#3/1){+.+.}-{4:4}, at: do_rmdir+0x38b/0x5e0
[  300.536284]  #2: ff1100001beb9700 (&type->i_mutex_dir_key#3){++++}-{4:4}, at: vfs_rmdir+0xfc/0x880
[  300.536834] 3 locks held by systemd/729:
[  300.537084]  #0: ff1100000fdd0408 (sb_writers#3){.+.+}-{0:0}, at: do_rmdir+0x336/0x5e0
[  300.537590]  #1: ff1100001bebd9f0 (&type->i_mutex_dir_key#3/1){+.+.}-{4:4}, at: do_rmdir+0x38b/0x5e0
[  300.538164]  #2: ff1100001bebbd40 (&type->i_mutex_dir_key#3){++++}-{4:4}, at: vfs_rmdir+0xfc/0x880
[  300.538720] 1 lock held by khungtaskd/33:
[  300.538970]  #0: ffffffff87662400 (rcu_read_lock){....}-{1:3}, at: debug_show_all_locks+0x3b/0x1f0
[  300.539533] 4 locks held by kworker/u8:1/34:
[  300.539798]  #0: ff1100000bcc1948 ((wq_completion)writeback){+.+.}-{0:0}, at: process_one_work+0x1260/0x1ad0
[  300.540414]  #1: ff1100000c28fc88 ((work_completion)(&(&wb->dwork)->work)){+.+.}-{0:0}, at: process_one_work+0x89f/0x1ad0
[  300.541066]  #2: ff1100000fdd00e0 (&type->s_umount_key#38){++++}-{4:4}, at: super_trylock_shared+0x2b/0x110
[  300.541650]  #3: ff1100000fdd2b98 (&sbi->s_writepages_rwsem){++++}-{0:0}, at: do_writepages+0x255/0x5b0
[  300.542215] 4 locks held by kworker/u8:2/36:
[  300.542473]  #0: ff1100000bcc1948 ((wq_completion)writeback){+.+.}-{0:0}, at: process_one_work+0x1260/0x1ad0
[  300.543069]  #1: ff1100000c25fc88 ((work_completion)(&(&wb->dwork)->work)){+.+.}-{0:0}, at: process_one_work+0x89f/0x1ad0
[  300.543719]  #2: ff1100000fdd00e0 (&type->s_umount_key#38){++++}-{4:4}, at: super_trylock_shared+0x2b/0x110
[  300.544319]  #3: ff1100000fdd2b98 (&sbi->s_writepages_rwsem){++++}-{0:0}, at: do_writepages+0x255/0x5b0
[  300.544883] 4 locks held by kworker/u8:3/54:
[  300.545150]  #0: ff1100000bcc1948 ((wq_completion)writeback){+.+.}-{0:0}, at: process_one_work+0x1260/0x1ad0
[  300.545736]  #1: ff1100000cdafc88 ((work_completion)(&(&wb->dwork)->work)){+.+.}-{0:0}, at: process_one_work+0x89f/0x1ad0
[  300.546391]  #2: ff1100000fdd00e0 (&type->s_umount_key#38){++++}-{4:4}, at: super_trylock_shared+0x2b/0x110
[  300.546974]  #3: ff1100000fdd2b98 (&sbi->s_writepages_rwsem){++++}-{0:0}, at: do_writepages+0x255/0x5b0
[  300.547547] 3 locks held by auditd/237:
[  300.547780]  #0: ff110000148acb78 (&f->f_pos_lock){+.+.}-{4:4}, at: fdget_pos+0x2b5/0x390
[  300.548291]  #1: ff1100000fdd0408 (sb_writers#3){.+.+}-{0:0}, at: ksys_write+0x14e/0x280
[  300.548787]  #2: ff1100001a8fbd40 (&sb->s_type->i_mutex_key#9){++++}-{4:4}, at: ext4_buffered_write_iter+0xb8/0x460
[  300.549411] 2 locks held by in:imjournal/318:
[  300.549674]  #0: ff1100000fdd0408 (sb_writers#3){.+.+}-{0:0}, at: path_openat+0x1939/0x2f70
[  300.550191]  #1: ff1100001fc133b0 (&type->i_mutex_dir_key#3){++++}-{4:4}, at: path_openat+0xf5d/0x2f70
[  300.550751] 3 locks held by rs:main Q:Reg/319:
[  300.551022]  #0: ff1100001e1e20f8 (&f->f_pos_lock){+.+.}-{4:4}, at: fdget_pos+0x2b5/0x390
[  300.551527]  #1: ff1100000fdd0408 (sb_writers#3){.+.+}-{0:0}, at: ksys_write+0x14e/0x280
[  300.552085]  #2: ff1100001fc9aa20 (&sb->s_type->i_mutex_key#9){++++}-{4:4}, at: ext4_buffered_write_iter+0xb8/0x460
[  300.552734] 2 locks held by repro/710:
[  300.552968]  #0: ff1100000fdd0408 (sb_writers#3){.+.+}-{0:0}, at: do_unlinkat+0x1d8/0x6e0
[  300.553481]  #1: ff1100000fdd05f8 (sb_internal){.+.+}-{0:0}, at: evict+0x371/0xae0
[  300.553952] 2 locks held by repro/711:
[  300.554194]  #0: ff1100000fdd0408 (sb_writers#3){.+.+}-{0:0}, at: do_unlinkat+0x1d8/0x6e0
[  300.554698]  #1: ff1100000fdd05f8 (sb_internal){.+.+}-{0:0}, at: evict+0x371/0xae0
[  300.555172] 3 locks held by repro/715:
[  300.555407]  #0: ff1100000fdd0408 (sb_writers#3){.+.+}-{0:0}, at: do_unlinkat+0x1d8/0x6e0
[  300.555914]  #1: ff110000245083e0 (&type->i_mutex_dir_key#3/1){+.+.}-{4:4}, at: do_unlinkat+0x31c/0x6e0
[  300.556509]  #2: ff110000244eed10 (&sb->s_type->i_mutex_key#9){++++}-{4:4}, at: vfs_unlink+0xe4/0xc10
[  300.557067] 3 locks held by repro/716:
[  300.557296]  #0: ff1100000fdd0408 (sb_writers#3){.+.+}-{0:0}, at: do_unlinkat+0x1d8/0x6e0
[  300.557798]  #1: ff110000244e59f0 (&type->i_mutex_dir_key#3/1){+.+.}-{4:4}, at: do_unlinkat+0x31c/0x6e0
[  300.558371]  #2: ff110000244ee380 (&sb->s_type->i_mutex_key#9){++++}-{4:4}, at: vfs_unlink+0xe4/0xc10
[  300.558924] 3 locks held by repro/717:
[  300.559155]  #0: ff1100000fdd0408 (sb_writers#3){.+.+}-{0:0}, at: do_unlinkat+0x1d8/0x6e0
[  300.559652]  #1: ff110000244eb3b0 (&type->i_mutex_dir_key#3/1){+.+.}-{4:4}, at: do_unlinkat+0x31c/0x6e0
[  300.560241]  #2: ff1100002450e380 (&sb->s_type->i_mutex_key#9){++++}-{4:4}, at: vfs_unlink+0xe4/0xc10
[  300.560806] 3 locks held by repro/721:
[  300.561043]  #0: ff1100000fdd0408 (sb_writers#3){.+.+}-{0:0}, at: do_unlinkat+0x1d8/0x6e0
[  300.561550]  #1: ff110000244e8d70 (&type->i_mutex_dir_key#3/1){+.+.}-{4:4}, at: do_unlinkat+0x31c/0x6e0
[  300.562138]  #2: ff1100002450a090 (&sb->s_type->i_mutex_key#9){++++}-{4:4}, at: vfs_unlink+0xe4/0xc10
[  300.562701] 2 locks held by repro/722:
[  300.562934]  #0: ff1100000fdd0408 (sb_writers#3){.+.+}-{0:0}, at: do_unlinkat+0x1d8/0x6e0
[  300.563447]  #1: ff1100000fdd05f8 (sb_internal){.+.+}-{0:0}, at: evict+0x371/0xae0
[  300.563915] 3 locks held by repro/726:
[  300.564154]  #0: ff1100000fdd0408 (sb_writers#3){.+.+}-{0:0}, at: path_openat+0x1939/0x2f70
[  300.564680]  #1: ff11000024511700 (&type->i_mutex_dir_key#3){++++}-{4:4}, at: path_openat+0xf5d/0x2f70
[  300.565296]  #2: ff1100000fdd6950 (jbd2_handle){++++}-{0:0}, at: start_this_handle+0x1042/0x1550
[  300.565911] 4 locks held by kworker/u8:4/727:
[  300.566214]  #0: ff1100000bcc1948 ((wq_completion)writeback){+.+.}-{0:0}, at: process_one_work+0x1260/0x1ad0
[  300.566914]  #1: ff1100001610fc88 ((work_completion)(&(&wb->dwork)->work)){+.+.}-{0:0}, at: process_one_work+0x89f/0x1ad0
[  300.567708]  #2: ff1100000fdd00e0 (&type->s_umount_key#38){++++}-{4:4}, at: super_trylock_shared+0x2b/0x110
[  300.568408]  #3: ff1100000fdd2b98 (&sbi->s_writepages_rwsem){++++}-{0:0}, at: do_writepages+0x255/0x5b0
[  300.568974] 4 locks held by kworker/u8:5/732:
[  300.569244]  #0: ff1100000bcc1948 ((wq_completion)writeback){+.+.}-{0:0}, at: process_one_work+0x1260/0x1ad0
[  300.569833]  #1: ff1100001603fc88 ((work_completion)(&(&wb->dwork)->work)){+.+.}-{0:0}, at: process_one_work+0x89f/0x1ad0
[  300.570490]  #2: ff1100000fdd00e0 (&type->s_umount_key#38){++++}-{4:4}, at: super_trylock_shared+0x2b/0x110
[  300.571076]  #3: ff1100000fdd2b98 (&sbi->s_writepages_rwsem){++++}-{0:0}, at: do_writepages+0x255/0x5b0
[  300.571636] 
[  300.571741] =============================================
[  300.571741] 
