c[?7l[2J[0mSeaBIOS (version rel-1.16.3-0-ga6ed6b701f0a-prebuilt.qemu.org)


iPXE (http://ipxe.org) 00:03.0 CA00 PCI2.10 PnP PMM+7EFD0D60+7EF30D60 CA00
Press Ctrl-B to configure iPXE (PCI 00:03.0)...                                                                               


Booting from ROM..c[?7l[2J[    0.000000] Linux version 6.19.0-9b1b3dcd28c2+ (root@gnr-800442) (gcc (GCC) 11.5.0 20240719 (Red Hat 11.5.0-14), GNU ld version 2.35.2-66.el9) #1 SMP PREEMPT_DYNAMIC Tue Mar 10 14:37:23 CST 2026
[    0.000000] Command line: console=ttyS0 root=/dev/sda earlyprintk=serial net.ifnames=0 thunderbolt.dyndbg
[    0.000000] KERNEL supported cpus:
[    0.000000]   Intel GenuineIntel
[    0.000000]   AMD AuthenticAMD
[    0.000000]   Hygon HygonGenuine
[    0.000000]   Centaur CentaurHauls
[    0.000000]   zhaoxin   Shanghai  
[    0.000000] x86/CPU: Model not found in latest microcode list
[    0.000000] x86/split lock detection: #DB: warning on user-space bus_locks
[    0.000000] BIOS-provided physical RAM map:
[    0.000000] BIOS-e820: [mem 0x0000000000000000-0x000000000009fbff] usable
[    0.000000] BIOS-e820: [mem 0x000000000009fc00-0x000000000009ffff] reserved
[    0.000000] BIOS-e820: [mem 0x00000000000f0000-0x00000000000fffff] reserved
[    0.000000] BIOS-e820: [mem 0x0000000000100000-0x000000007ffdffff] usable
[    0.000000] BIOS-e820: [mem 0x000000007ffe0000-0x000000007fffffff] reserved
[    0.000000] BIOS-e820: [mem 0x00000000feffc000-0x00000000feffffff] reserved
[    0.000000] BIOS-e820: [mem 0x00000000fffc0000-0x00000000ffffffff] reserved
[    0.000000] printk: legacy bootconsole [earlyser0] enabled
[    0.000000] NX (Execute Disable) protection: active
[    0.000000] APIC: Static calls initialized
[    0.000000] SMBIOS 3.0.0 present.
[    0.000000] DMI: QEMU Standard PC (i440FX + PIIX, 1996), BIOS rel-1.16.3-0-ga6ed6b701f0a-prebuilt.qemu.org 04/01/2014
[    0.000000] DMI: Memory slots populated: 1/1
[    0.000000] Hypervisor detected: KVM
[    0.000000] last_pfn = 0x7ffe0 max_arch_pfn = 0x10000000000
[    0.000000] kvm-clock: Using msrs 4b564d01 and 4b564d00
[    0.000002] kvm-clock: using sched offset of 728929996 cycles
[    0.000490] clocksource: kvm-clock: mask: 0xffffffffffffffff max_cycles: 0x1cd42e4dffb, max_idle_ns: 881590591483 ns
[    0.001997] tsc: Detected 2500.000 MHz processor
[    0.010993] last_pfn = 0x7ffe0 max_arch_pfn = 0x10000000000
[    0.011522] MTRR map: 4 entries (3 fixed + 1 variable; max 19), built from 8 variable MTRRs
[    0.012296] x86/PAT: Configuration [0-7]: WB  WC  UC- UC  WB  WP  UC- WT  
[    0.018359] found SMP MP-table at [mem 0x000f5480-0x000f548f]
[    0.018925] Using GB pages for direct mapping
[    0.021686] ACPI: Early table checksum verification disabled
[    0.022204] ACPI: RSDP 0x00000000000F52A0 000014 (v00 BOCHS )
[    0.022742] ACPI: RSDT 0x000000007FFE1C9B 000034 (v01 BOCHS  BXPC     00000001 BXPC 00000001)
[    0.023540] ACPI: FACP 0x000000007FFE1B47 000074 (v01 BOCHS  BXPC     00000001 BXPC 00000001)
[    0.024338] ACPI: DSDT 0x000000007FFE0040 001B07 (v01 BOCHS  BXPC     00000001 BXPC 00000001)
[    0.025121] ACPI: FACS 0x000000007FFE0000 000040
[    0.025556] ACPI: APIC 0x000000007FFE1BBB 000080 (v03 BOCHS  BXPC     00000001 BXPC 00000001)
[    0.026339] ACPI: HPET 0x000000007FFE1C3B 000038 (v01 BOCHS  BXPC     00000001 BXPC 00000001)
[    0.027119] ACPI: WAET 0x000000007FFE1C73 000028 (v01 BOCHS  BXPC     00000001 BXPC 00000001)
[    0.027899] ACPI: Reserving FACP table memory at [mem 0x7ffe1b47-0x7ffe1bba]
[    0.028540] ACPI: Reserving DSDT table memory at [mem 0x7ffe0040-0x7ffe1b46]
[    0.029171] ACPI: Reserving FACS table memory at [mem 0x7ffe0000-0x7ffe003f]
[    0.029810] ACPI: Reserving APIC table memory at [mem 0x7ffe1bbb-0x7ffe1c3a]
[    0.030452] ACPI: Reserving HPET table memory at [mem 0x7ffe1c3b-0x7ffe1c72]
[    0.031085] ACPI: Reserving WAET table memory at [mem 0x7ffe1c73-0x7ffe1c9a]
[    0.032319] No NUMA configuration found
[    0.032669] Faking a node at [mem 0x0000000000000000-0x000000007ffdffff]
[    0.033308] NODE_DATA(0) allocated [mem 0x7ffb4ec0-0x7ffdfcbf]
[    0.034901] Zone ranges:
[    0.035159]   DMA      [mem 0x0000000000001000-0x0000000000ffffff]
[    0.035732]   DMA32    [mem 0x0000000001000000-0x000000007ffdffff]
[    0.036309]   Normal   empty
[    0.036577]   Device   empty
[    0.036848] Movable zone start for each node
[    0.037240] Early memory node ranges
[    0.037573]   node   0: [mem 0x0000000000001000-0x000000000009efff]
[    0.038144]   node   0: [mem 0x0000000000100000-0x000000007ffdffff]
[    0.038724] Initmem setup node 0 [mem 0x0000000000001000-0x000000007ffdffff]
[    0.039623] On node 0, zone DMA: 1 pages in unavailable ranges
[    0.040356] On node 0, zone DMA: 97 pages in unavailable ranges
[    0.068441] On node 0, zone DMA32: 32 pages in unavailable ranges
[    0.122806] KernelAddressSanitizer initialized (generic)
[    0.123581] ACPI: PM-Timer IO Port: 0x608
[    0.123975] ACPI: LAPIC_NMI (acpi_id[0xff] dfl dfl lint[0x1])
[    0.124555] IOAPIC[0]: apic_id 0, version 17, address 0xfec00000, GSI 0-23
[    0.125184] ACPI: INT_SRC_OVR (bus 0 bus_irq 0 global_irq 2 dfl dfl)
[    0.125773] ACPI: INT_SRC_OVR (bus 0 bus_irq 5 global_irq 5 high level)
[    0.126378] ACPI: INT_SRC_OVR (bus 0 bus_irq 9 global_irq 9 high level)
[    0.126973] ACPI: INT_SRC_OVR (bus 0 bus_irq 10 global_irq 10 high level)
[    0.127585] ACPI: INT_SRC_OVR (bus 0 bus_irq 11 global_irq 11 high level)
[    0.128204] ACPI: Using ACPI (MADT) for SMP configuration information
[    0.128787] ACPI: HPET id: 0x8086a201 base: 0xfed00000
[    0.129260] TSC deadline timer available
[    0.129625] CPU topo: Max. logical packages:   1
[    0.130042] CPU topo: Max. logical dies:       1
[    0.130459] CPU topo: Max. dies per package:   1
[    0.130881] CPU topo: Max. threads per core:   1
[    0.131301] CPU topo: Num. cores per package:     2
[    0.131737] CPU topo: Num. threads per package:   2
[    0.132171] CPU topo: Allowing 2 present CPUs plus 0 hotplug CPUs
[    0.132762] kvm-guest: APIC: eoi() replaced with kvm_guest_apic_eoi_write()
[    0.133413] kvm-guest: KVM setup pv remote TLB flush
[    0.133860] kvm-guest: setup PV sched yield
[    0.134288] PM: hibernation: Registered nosave memory: [mem 0x00000000-0x00000fff]
[    0.134968] PM: hibernation: Registered nosave memory: [mem 0x0009f000-0x000fffff]
[    0.135657] [mem 0x80000000-0xfeffbfff] available for PCI devices
[    0.136207] Booting paravirtualized kernel on KVM
[    0.136643] clocksource: refined-jiffies: mask: 0xffffffff max_cycles: 0xffffffff, max_idle_ns: 7645519600211568 ns
[    0.137593] setup_percpu: NR_CPUS:8192 nr_cpumask_bits:2 nr_cpu_ids:2 nr_node_ids:1
[    0.138748] percpu: Embedded 81 pages/cpu s294912 r8192 d28672 u1048576
[    0.139549] kvm-guest: PV spinlocks enabled
[    0.139946] PV qspinlock hash table entries: 256 (order: 0, 4096 bytes, linear)
[    0.140637] Kernel command line: net.ifnames=0 console=ttyS0 root=/dev/sda earlyprintk=serial net.ifnames=0 thunderbolt.dyndbg
[    0.141955] random: crng init done
[    0.142265] printk: log buffer data + meta data: 262144 + 917504 = 1179648 bytes
[    0.143358] Dentry cache hash table entries: 262144 (order: 9, 2097152 bytes, linear)
[    0.144438] Inode-cache hash table entries: 131072 (order: 8, 1048576 bytes, linear)
[    0.145462] Fallback order for Node 0: 0 
[    0.145474] Built 1 zonelists, mobility grouping on.  Total pages: 524158
[    0.146444] Policy zone: DMA32
[    0.146718] mem auto-init: stack:off, heap alloc:off, heap free:off
[    0.147267] stackdepot: allocating hash table via alloc_large_system_hash
[    0.147891] stackdepot hash table entries: 1048576 (order: 12, 16777216 bytes, linear)
[    0.151586] stackdepot: allocating space for 8192 stack pools via memblock
[    0.187029] SLUB: HWalign=64, Order=0-3, MinObjects=0, CPUs=2, Nodes=1
[    0.187639] kmemleak: Kernel memory leak detector disabled
[    0.225819] ftrace: allocating 75404 entries in 296 pages
[    0.226269] ftrace: allocated 296 pages with 3 groups
[    0.230906] Dynamic Preempt: voluntary
[    0.231751] Running RCU self tests
[    0.232039] Running RCU synchronous self tests
[    0.232408] rcu: Preemptible hierarchical RCU implementation.
[    0.232885] rcu: 	RCU lockdep checking is enabled.
[    0.233282] rcu: 	RCU restricting CPUs from NR_CPUS=8192 to nr_cpu_ids=2.
[    0.233841] 	Trampoline variant of Tasks RCU enabled.
[    0.234250] 	Rude variant of Tasks RCU enabled.
[    0.234629] 	Tracing variant of Tasks RCU enabled.
[    0.235031] rcu: RCU calculated value of scheduler-enlistment delay is 25 jiffies.
[    0.235709] rcu: Adjusting geometry for rcu_fanout_leaf=16, nr_cpu_ids=2
[    0.236398] Running RCU synchronous self tests
[    0.236798] RCU Tasks: Setting shift to 1 and lim to 1 rcu_task_cb_adjust=1 rcu_task_cpu_ids=2.
[    0.237586] RCU Tasks Rude: Setting shift to 1 and lim to 1 rcu_task_cb_adjust=1 rcu_task_cpu_ids=2.
[    0.318954] NR_IRQS: 524544, nr_irqs: 440, preallocated irqs: 16
[    0.320101] rcu: srcu_init: Setting srcu_struct sizes based on contention.
[    0.328932] Console: colour VGA+ 80x25
[    0.329355] printk: legacy console [ttyS0] enabled
[    0.329355] printk: legacy console [ttyS0] enabled
[    0.330236] printk: legacy bootconsole [earlyser0] disabled
[    0.330236] printk: legacy bootconsole [earlyser0] disabled
[    0.331280] Lock dependency validator: Copyright (c) 2006 Red Hat, Inc., Ingo Molnar
[    0.331977] ... MAX_LOCKDEP_SUBCLASSES:  8
[    0.332368] ... MAX_LOCK_DEPTH:          48
[    0.332755] ... MAX_LOCKDEP_KEYS:        8192
[    0.333158] ... CLASSHASH_SIZE:          4096
[    0.333568] ... MAX_LOCKDEP_ENTRIES:     32768
[    0.333974] ... MAX_LOCKDEP_CHAINS:      65536
[    0.334386] ... CHAINHASH_SIZE:          32768
[    0.334792]  memory used by lock dependency info: 6429 kB
[    0.335289]  memory used for stack traces: 4224 kB
[    0.335728]  per task-struct memory footprint: 1920 bytes
[    0.336320] ACPI: Core revision 20251212
[    0.337115] clocksource: hpet: mask: 0xffffffff max_cycles: 0xffffffff, max_idle_ns: 19112604467 ns
[    0.338129] APIC: Switch to symmetric I/O mode setup
[    0.338879] x2apic enabled
[    0.339549] APIC: Switched APIC routing to: physical x2apic
[    0.340068] kvm-guest: APIC: send_IPI_mask() replaced with kvm_send_ipi_mask()
[    0.340739] kvm-guest: APIC: send_IPI_mask_allbutself() replaced with kvm_send_ipi_mask_allbutself()
[    0.341589] kvm-guest: setup PV IPIs
[    0.343096] ..TIMER: vector=0x30 apic1=0 pin1=2 apic2=-1 pin2=-1
[    0.343695] clocksource: tsc-early: mask: 0xffffffffffffffff max_cycles: 0x240939f1bb2, max_idle_ns: 440795263295 ns
[    0.344677] Calibrating delay loop (skipped) preset value.. 5000.00 BogoMIPS (lpj=10000000)
[    0.345597] x86/cpu: User Mode Instruction Prevention (UMIP) activated
[    0.348765] Last level iTLB entries: 4KB 0, 2MB 0, 4MB 0
[    0.349248] Last level dTLB entries: 4KB 0, 2MB 0, 4MB 0, 1GB 0
[    0.349812] mitigations: Enabled attack vectors: user_kernel, user_user, guest_host, guest_guest, SMT mitigations: auto
[    0.350793] Speculative Store Bypass: Mitigation: Speculative Store Bypass disabled via prctl
[    0.351546] Spectre V2 : Mitigation: Enhanced / Automatic IBRS
[    0.352084] ITS: Mitigation: Aligned branch/return thunks
[    0.352566] Spectre V1 : Mitigation: usercopy/swapgs barriers and __user pointer sanitization
[    0.352669] Spectre V2 : WARNING: Unprivileged eBPF is enabled with eIBRS on, data leaks possible via Spectre v2 BHB attacks!
[    0.353672] Spectre V2 : Spectre v2 / PBRSB-eIBRS: Retire a single CALL on VMEXIT
[    0.354329] Spectre V2 : mitigation: Enabling conditional Indirect Branch Prediction Barrier
[    0.355062] active return thunk: its_return_thunk
[    0.355482] Spectre V2 : Spectre BHI mitigation: SW BHB clearing on syscall and VM exit
[    0.356732] x86/fpu: Supporting XSAVE feature 0x001: 'x87 floating point registers'
[    0.357412] x86/fpu: Supporting XSAVE feature 0x002: 'SSE registers'
[    0.357986] x86/fpu: Supporting XSAVE feature 0x004: 'AVX registers'
[    0.358552] x86/fpu: Supporting XSAVE feature 0x020: 'AVX-512 opmask'
[    0.359120] x86/fpu: Supporting XSAVE feature 0x040: 'AVX-512 Hi256'
[    0.359687] x86/fpu: Supporting XSAVE feature 0x080: 'AVX-512 ZMM_Hi256'
[    0.360276] x86/fpu: Supporting XSAVE feature 0x200: 'Protection Keys User registers'
[    0.360671] x86/fpu: Supporting XSAVE feature 0x20000: 'AMX Tile config'
[    0.361273] x86/fpu: Supporting XSAVE feature 0x40000: 'AMX Tile data'
[    0.361845] x86/fpu: xstate_offset[2]:  576, xstate_sizes[2]:  256
[    0.362401] x86/fpu: xstate_offset[5]:  832, xstate_sizes[5]:   64
[    0.362948] x86/fpu: xstate_offset[6]:  896, xstate_sizes[6]:  512
[    0.363504] x86/fpu: xstate_offset[7]: 1408, xstate_sizes[7]: 1024
[    0.364675] x86/fpu: xstate_offset[9]: 2432, xstate_sizes[9]:    8
[    0.365243] x86/fpu: xstate_offset[17]: 2496, xstate_sizes[17]:   64
[    0.365821] x86/fpu: xstate_offset[18]: 2560, xstate_sizes[18]: 8192
[    0.366387] x86/fpu: Enabled xstate features 0x602e7, context size is 10752 bytes, using 'compacted' format.
[    0.540142] Freeing SMP alternatives memory: 64K
[    0.540572] pid_max: default: 32768 minimum: 301
[    0.541011] Yama: becoming mindful.
[    0.541770] Mount-cache hash table entries: 4096 (order: 3, 32768 bytes, linear)
[    0.542433] Mountpoint-cache hash table entries: 4096 (order: 3, 32768 bytes, linear)
[    0.543690] VFS: Finished mounting rootfs on nullfs
[    0.545668] Running RCU synchronous self tests
[    0.546074] Running RCU synchronous self tests
[    0.546772] smpboot: CPU0: Intel GENUINE INTEL(R) XEON(R) (family: 0x6, model: 0xad, stepping: 0x0)
[    0.548327] Performance Events: PEBS fmt0-, Granite Rapids events, 
[    0.548415] core: The event 0x400 is not supported as a normal event.
[    0.548665] core: The event 0x8000 is not supported as a normal event.
[    0.548665] core: The event 0x8100 is not supported as a normal event.
[    0.548665] core: The event 0x8200 is not supported as a normal event.
[    0.548674] core: The event 0x8300 is not supported as a normal event.
[    0.549248] core: The event 0x8400 is not supported as a normal event.
[    0.549815] core: The event 0x8500 is not supported as a normal event.
[    0.550382] core: The event 0x8600 is not supported as a normal event.
[    0.550945] core: The event 0x8700 is not supported as a normal event.
[    0.551545] full-width counters, Intel PMU driver.
[    0.551992] ... version:                   2
[    0.552378] ... bit width:                 48
[    0.552669] ... generic counters:          8
[    0.553056] ... generic bitmap:            00000000000000ff
[    0.553536] ... fixed-purpose counters:    3
[    0.553912] ... fixed-purpose bitmap:      0000000000000007
[    0.554401] ... value mask:                0000ffffffffffff
[    0.554886] ... max period:                00007fffffffffff
[    0.555375] ... global_ctrl mask:          00000007000000ff
[    0.556428] signal: max sigframe size: 11952
[    0.556818] rcu: Hierarchical SRCU implementation.
[    0.557254] rcu: 	Max phase no-delay instances is 1000.
[    0.557921] Timer migration: 1 hierarchy levels; 8 children per group; 1 crossnode level
[    0.583384] smp: Bringing up secondary CPUs ...
[    0.584385] smpboot: x86: Booting SMP configuration:
[    0.584692] .... node  #0, CPUs:      #1
[    0.585068] smp: Brought up 1 node, 2 CPUs
[    0.585723] smpboot: Total of 2 processors activated (10000.00 BogoMIPS)
[    0.588719] Memory: 1591808K/2096632K available (81086K kernel code, 15607K rwdata, 18860K rodata, 16448K init, 20772K bss, 493188K reserved, 0K cma-reserved)
[    0.590574] devtmpfs: initialized
[    0.590574] x86/mm: Memory block size: 128MB
[    0.601635] Running RCU synchronous self tests
[    0.602025] Running RCU synchronous self tests
[    0.604766] Running RCU Tasks wait API self tests
[    0.605193] Running RCU Tasks Rude wait API self tests
[    0.605204] Running RCU Tasks Trace wait API self tests
[    0.609009] clocksource: jiffies: mask: 0xffffffff max_cycles: 0xffffffff, max_idle_ns: 7645041785100000 ns
[    0.609637] posixtimers hash table entries: 1024 (order: 5, 73728 bytes, linear)
[    0.610337] futex hash table entries: 512 (65536 bytes on 1 NUMA nodes, total 64 KiB, linear).
[    0.615208] 
[    0.615376] *************************************************************
[    0.615991] **     NOTICE NOTICE NOTICE NOTICE NOTICE NOTICE NOTICE    **
[    0.616595] **                                                         **
[    0.616702] **  IOMMU DebugFS SUPPORT HAS BEEN ENABLED IN THIS KERNEL  **
[    0.617310] **                                                         **
[    0.617909] ** This means that this kernel is built to expose internal **
[    0.618525] ** IOMMU data structures, which may compromise security on **
[    0.619132] ** your system.                                            **
[    0.619729] **                                                         **
[    0.620679] ** If you see this message and you are not debugging the   **
[    0.620679] ** kernel, report this immediately to your vendor!         **
[    0.621277] **                                                         **
[    0.621887] **     NOTICE NOTICE NOTICE NOTICE NOTICE NOTICE NOTICE    **
[    0.622483] *************************************************************
[    0.623177] PM: RTC time: 09:27:54, date: 2026-03-12
[    0.626253] NET: Registered PF_NETLINK/PF_ROUTE protocol family
[    0.628495] DMA: preallocated 256 KiB GFP_KERNEL|GFP_DMA pool for atomic allocations
[    0.628691] DMA: preallocated 256 KiB GFP_KERNEL|GFP_DMA32 pool for atomic allocations
[    0.629481] audit: initializing netlink subsys (disabled)
[    0.630004] audit: type=2000 audit(1773307675.135:1): state=initialized audit_enabled=0 res=1
[    0.633784] thermal_sys: Registered thermal governor 'fair_share'
[    0.633795] thermal_sys: Registered thermal governor 'bang_bang'
[    0.634375] thermal_sys: Registered thermal governor 'step_wise'
[    0.634926] thermal_sys: Registered thermal governor 'user_space'
[    0.635538] Callback from call_rcu_tasks_trace() invoked.
[    0.636680] cpuidle: using governor ladder
[    0.637070] cpuidle: using governor menu
[    0.637672] acpiphp: ACPI Hot Plug PCI Controller Driver version: 0.5
[    0.639230] PCI: Using configuration type 1 for base access
[    0.641044] kprobes: kprobe jump-optimization is enabled. All kprobes are optimized if possible.
[    0.774541] HugeTLB: registered 1.00 GiB page size, pre-allocated 0 pages
[    0.775183] HugeTLB: 16380 KiB vmemmap can be freed for a 1.00 GiB page
[    0.776678] HugeTLB: registered 2.00 MiB page size, pre-allocated 0 pages
[    0.776678] HugeTLB: 28 KiB vmemmap can be freed for a 2.00 MiB page
[    0.782697] ACPI: Added _OSI(Module Device)
[    0.783106] ACPI: Added _OSI(Processor Device)
[    0.783522] ACPI: Added _OSI(Processor Aggregator Device)
[    0.802925] ACPI: 1 ACPI AML tables successfully acquired and loaded
[    0.821952] ACPI: \_SB_: platform _OSC: OS support mask [002e7eff]
[    0.823673] ACPI: Interpreter enabled
[    0.824179] ACPI: PM: (supports S0 S3 S4 S5)
[    0.824566] ACPI: Using IOAPIC for interrupt routing
[    0.824785] PCI: Using host bridge windows from ACPI; if necessary, use "pci=nocrs" and report a bug
[    0.825578] PCI: Using E820 reservations for host bridge windows
[    0.827595] ACPI: Enabled 2 GPEs in block 00 to 0F
[    0.875149] ACPI: PCI Root Bridge [PCI0] (domain 0000 [bus 00-ff])
[    0.875762] acpi PNP0A03:00: _OSC: OS supports [ASPM ClockPM Segments MSI EDR HPX-Type3]
[    0.876505] acpi PNP0A03:00: _OSC: not requesting OS control; OS requires [ExtendedConfig ASPM ClockPM MSI]
[    0.876732] acpi PNP0A03:00: _OSC: platform retains control of PCIe features (AE_ERROR)
[    0.877560] acpi PNP0A03:00: fail to add MMCONFIG information, can't access extended configuration space under this bridge
[    0.884393] acpiphp: Slot [3] registered
[    0.884863] acpiphp: Slot [4] registered
[    0.885388] acpiphp: Slot [5] registered
[    0.885916] acpiphp: Slot [6] registered
[    0.886437] acpiphp: Slot [7] registered
[    0.886955] acpiphp: Slot [8] registered
[    0.887467] acpiphp: Slot [9] registered
[    0.887986] acpiphp: Slot [10] registered
[    0.888503] acpiphp: Slot [11] registered
[    0.888835] acpiphp: Slot [12] registered
[    0.889346] acpiphp: Slot [13] registered
[    0.889879] acpiphp: Slot [14] registered
[    0.890401] acpiphp: Slot [15] registered
[    0.890923] acpiphp: Slot [16] registered
[    0.891440] acpiphp: Slot [17] registered
[    0.891953] acpiphp: Slot [18] registered
[    0.892478] acpiphp: Slot [19] registered
[    0.892831] acpiphp: Slot [20] registered
[    0.893350] acpiphp: Slot [21] registered
[    0.893871] acpiphp: Slot [22] registered
[    0.894400] acpiphp: Slot [23] registered
[    0.894922] acpiphp: Slot [24] registered
[    0.895434] acpiphp: Slot [25] registered
[    0.895950] acpiphp: Slot [26] registered
[    0.896472] acpiphp: Slot [27] registered
[    0.896831] acpiphp: Slot [28] registered
[    0.897351] acpiphp: Slot [29] registered
[    0.897869] acpiphp: Slot [30] registered
[    0.898392] acpiphp: Slot [31] registered
[    0.898818] PCI host bridge to bus 0000:00
[    0.899247] pci_bus 0000:00: root bus resource [io  0x0000-0x0cf7 window]
[    0.899848] pci_bus 0000:00: root bus resource [io  0x0d00-0xffff window]
[    0.900448] pci_bus 0000:00: root bus resource [mem 0x000a0000-0x000bffff window]
[    0.904683] pci_bus 0000:00: root bus resource [mem 0x80000000-0xfebfffff window]
[    0.905337] pci_bus 0000:00: root bus resource [mem 0x100000000-0x17fffffff window]
[    0.906017] pci_bus 0000:00: root bus resource [bus 00-ff]
[    0.906606] pci 0000:00:00.0: [8086:1237] type 00 class 0x060000 conventional PCI endpoint
[    0.909017] pci 0000:00:01.0: [8086:7000] type 00 class 0x060100 conventional PCI endpoint
[    0.911200] pci 0000:00:01.1: [8086:7010] type 00 class 0x010180 conventional PCI endpoint
[    0.912478] pci 0000:00:01.1: BAR 4 [io  0xc040-0xc04f]
[    0.912699] pci 0000:00:01.1: BAR 0 [io  0x01f0-0x01f7]: legacy IDE quirk
[    0.913294] pci 0000:00:01.1: BAR 1 [io  0x03f6]: legacy IDE quirk
[    0.913835] pci 0000:00:01.1: BAR 2 [io  0x0170-0x0177]: legacy IDE quirk
[    0.914437] pci 0000:00:01.1: BAR 3 [io  0x0376]: legacy IDE quirk
[    0.916195] pci 0000:00:01.3: [8086:7113] type 00 class 0x068000 conventional PCI endpoint
[    0.916956] pci 0000:00:01.3: quirk: [io  0x0600-0x063f] claimed by PIIX4 ACPI
[    0.917607] pci 0000:00:01.3: quirk: [io  0x0700-0x070f] claimed by PIIX4 SMB
[    0.919449] pci 0000:00:02.0: [1234:1111] type 00 class 0x030000 conventional PCI endpoint
[    0.921175] pci 0000:00:02.0: BAR 0 [mem 0xfd000000-0xfdffffff pref]
[    0.921754] pci 0000:00:02.0: BAR 2 [mem 0xfebf0000-0xfebf0fff]
[    0.922312] pci 0000:00:02.0: ROM [mem 0xfebe0000-0xfebeffff pref]
[    0.922943] pci 0000:00:02.0: Video device with shadowed ROM at [mem 0x000c0000-0x000dffff]
[    0.925158] pci 0000:00:03.0: [8086:100e] type 00 class 0x020000 conventional PCI endpoint
[    0.926864] pci 0000:00:03.0: BAR 0 [mem 0xfebc0000-0xfebdffff]
[    0.927404] pci 0000:00:03.0: BAR 1 [io  0xc000-0xc03f]
[    0.927893] pci 0000:00:03.0: ROM [mem 0xfeb80000-0xfebbffff pref]
[    0.955446] ACPI: PCI: Interrupt link LNKA configured for IRQ 10
[    0.957158] ACPI: PCI: Interrupt link LNKB configured for IRQ 10
[    0.958799] ACPI: PCI: Interrupt link LNKC configured for IRQ 11
[    0.960432] ACPI: PCI: Interrupt link LNKD configured for IRQ 11
[    0.961127] ACPI: PCI: Interrupt link LNKS configured for IRQ 9
[    0.965444] iommu: Default domain type: Translated
[    0.965904] iommu: DMA domain TLB invalidation policy: lazy mode
[    0.969427] SCSI subsystem initialized
[    0.970316] ACPI: bus type USB registered
[    0.970918] usbcore: registered new interface driver usbfs
[    0.971514] usbcore: registered new interface driver hub
[    0.972057] usbcore: registered new device driver usb
[    0.972880] pps_core: LinuxPPS API ver. 1 registered
[    0.973328] pps_core: Software ver. 5.3.6 - Copyright 2005-2007 Rodolfo Giometti <giometti@linux.it>
[    0.974169] PTP clock support registered
[    0.977087] EDAC MC: Ver: 3.0.0
[    0.979622] NetLabel: Initializing
[    0.979957] NetLabel:  domain hash size = 128
[    0.980362] NetLabel:  protocols = UNLABELED CIPSOv4 CALIPSO
[    0.980819] NetLabel:  unlabeled traffic allowed by default
[    0.981829] PCI: Using ACPI for IRQ routing
[    0.982579] pci 0000:00:02.0: vgaarb: setting as boot VGA device
[    0.983119] pci 0000:00:02.0: vgaarb: bridge control possible
[    0.983627] pci 0000:00:02.0: vgaarb: VGA device added: decodes=io+mem,owns=io+mem,locks=none
[    0.984377] vgaarb: loaded
[    0.989108] hpet0: at MMIO 0xfed00000, IRQs 2, 8, 0
[    0.989593] hpet0: 3 comparators, 64-bit 100.000000 MHz counter
[    0.993073] clocksource: Switched to clocksource kvm-clock
[    0.995093] VFS: Disk quotas dquot_6.6.0
[    0.995425] VFS: Dquot-cache hash table entries: 512 (order 0, 4096 bytes)
[    0.997435] pnp: PnP ACPI init
[    1.002298] pnp: PnP ACPI: found 6 devices
[    1.023508] clocksource: acpi_pm: mask: 0xffffff max_cycles: 0xffffff, max_idle_ns: 2085701024 ns
[    1.024807] NET: Registered PF_INET protocol family
[    1.025451] IP idents hash table entries: 32768 (order: 6, 262144 bytes, linear)
[    1.027665] tcp_listen_portaddr_hash hash table entries: 1024 (order: 5, 73728 bytes, linear)
[    1.028705] Table-perturb hash table entries: 65536 (order: 6, 262144 bytes, linear)
[    1.029557] TCP established hash table entries: 16384 (order: 5, 131072 bytes, linear)
[    1.030531] TCP bind hash table entries: 16384 (order: 10, 2359296 bytes, linear)
[    1.032203] TCP: Hash tables configured (established 16384 bind 16384)
[    1.032894] UDP hash table entries: 1024 (order: 6, 262144 bytes, linear)
[    1.033577] UDP-Lite hash table entries: 1024 (order: 6, 262144 bytes, linear)
[    1.034553] NET: Registered PF_UNIX/PF_LOCAL protocol family
[    1.042245] RPC: Registered named UNIX socket transport module.
[    1.042836] RPC: Registered udp transport module.
[    1.043258] RPC: Registered tcp transport module.
[    1.043675] RPC: Registered tcp-with-tls transport module.
[    1.044171] RPC: Registered tcp NFSv4.1 backchannel transport module.
[    1.044755] pci_bus 0000:00: resource 4 [io  0x0000-0x0cf7 window]
[    1.045295] pci_bus 0000:00: resource 5 [io  0x0d00-0xffff window]
[    1.045837] pci_bus 0000:00: resource 6 [mem 0x000a0000-0x000bffff window]
[    1.046446] pci_bus 0000:00: resource 7 [mem 0x80000000-0xfebfffff window]
[    1.047050] pci_bus 0000:00: resource 8 [mem 0x100000000-0x17fffffff window]
[    1.048105] pci 0000:00:01.0: PIIX3: Enabling Passive Release
[    1.048631] pci 0000:00:00.0: Limiting direct PCI/PCI transfers
[    1.049239] PCI: CLS 0 bytes, default 64
[    1.050047] ACPI: bus type thunderbolt registered
[    1.050848] clocksource: tsc: mask: 0xffffffffffffffff max_cycles: 0x240939f1bb2, max_idle_ns: 440795263295 ns
[    4.428859] Initialise system trusted keyrings
[    4.429418] Key type blacklist registered
[    4.430324] workingset: timestamp_bits=36 max_order=19 bucket_order=0
[    4.433063] squashfs: version 4.0 (2009/01/31) Phillip Lougher
[    4.435636] NFS: Registering the id_resolver key type
[    4.436160] Key type id_resolver registered
[    4.436556] Key type id_legacy registered
[    4.436972] nfs4filelayout_init: NFSv4 File Layout Driver Registering...
[    4.437606] nfs4flexfilelayout_init: NFSv4 Flexfile Layout Driver Registering...
[    4.438595] fuse: init (API version 7.45)
[    4.439645] SGI XFS with ACLs, security attributes, realtime, quota, no debug enabled
[    4.442113] 9p: Installing v9fs 9p2000 file system support
[    4.458667] Key type asymmetric registered
[    4.459043] Asymmetric key parser 'x509' registered
[    4.459618] Block layer SCSI generic (bsg) driver version 0.4 loaded (major 241)
[    4.460972] io scheduler mq-deadline registered
[    4.461545] io scheduler bfq registered
[    4.462982] ledtrig-cpu: registered to indicate activity on CPUs
[    4.465069] IPMI message handler: version 39.2
[    4.465534] ipmi device interface
[    4.468358] input: Power Button as /devices/platform/LNXPWRBN:00/input/input0
[    4.469393] ACPI: button: Power Button [PWRF]
[    4.472126] ERST DBG: ERST support is disabled.
[    4.474271] Serial: 8250/16550 driver, 32 ports, IRQ sharing enabled
[    4.476200] 00:04: ttyS0 at I/O 0x3f8 (irq = 4, base_baud = 115200) is a 16550A
[    4.509173] Linux agpgart interface v0.103
[    4.512811] ACPI: bus type drm_connector registered
[    4.546233] brd: module loaded
[    4.566437] loop: module loaded
[    4.576163] Callback from call_rcu_tasks() invoked.
[    4.581399] scsi host0: ata_piix
[    4.583419] scsi host1: ata_piix
[    4.584347] ata1: PATA max MWDMA2 cmd 0x1f0 ctl 0x3f6 bmdma 0xc040 irq 14 lpm-pol 0
[    4.585028] ata2: PATA max MWDMA2 cmd 0x170 ctl 0x376 bmdma 0xc048 irq 15 lpm-pol 0
[    4.588772] tun: Universal TUN/TAP device driver, 1.6
[    4.590203] e100: Intel(R) PRO/100 Network Driver
[    4.590673] e100: Copyright(c) 1999-2006 Intel Corporation
[    4.591307] e1000: Intel(R) PRO/1000 Network Driver
[    4.591741] e1000: Copyright (c) 1999-2006 Intel Corporation.
[    4.740177] ata1: found unknown device (class 0)
[    4.741212] ata1.00: ATA-7: QEMU HARDDISK, 2.5+, max UDMA/100
[    4.741794] ata1.00: 17196647 sectors, multi 16: LBA48 
[    4.743356] scsi 0:0:0:0: Direct-Access     ATA      QEMU HARDDISK    2.5+ PQ: 0 ANSI: 5
[    4.744215] ata2: found unknown device (class 0)
[    4.746733] ata2.00: ATAPI: QEMU DVD-ROM, 2.5+, max UDMA/100
[    4.748133] sd 0:0:0:0: [sda] 17196647 512-byte logical blocks: (8.80 GB/8.20 GiB)
[    4.748894] sd 0:0:0:0: Attached scsi generic sg0 type 0
[    4.750094] sd 0:0:0:0: [sda] Write Protect is off
[    4.751157] sd 0:0:0:0: [sda] Write cache: enabled, read cache: enabled, doesn't support DPO or FUA
[    4.752012] scsi 1:0:0:0: CD-ROM            QEMU     QEMU DVD-ROM     2.5+ PQ: 0 ANSI: 5
[    4.753268] sd 0:0:0:0: [sda] Preferred minimum I/O size 512 bytes
[    4.774439] scsi 1:0:0:0: Attached scsi generic sg1 type 5
[    4.779322] sd 0:0:0:0: [sda] Attached SCSI disk
[    5.471409] ACPI: \_SB_.LNKC: Enabled at IRQ 11
[    5.788325] e1000 0000:00:03.0 eth0: (PCI:33MHz:32-bit) 52:54:00:12:34:56
[    5.788960] e1000 0000:00:03.0 eth0: Intel(R) PRO/1000 Network Connection
[    5.789737] e1000e: Intel(R) PRO/1000 Network Driver
[    5.790188] e1000e: Copyright(c) 1999 - 2015 Intel Corporation.
[    5.790877] igb: Intel(R) Gigabit Ethernet Network Driver
[    5.791359] igb: Copyright (c) 2007-2014 Intel Corporation.
[    5.792517] PPP generic driver version 2.4.2
[    5.794470] VFIO - User Level meta-driver version: 0.3
[    5.796656] usbcore: registered new interface driver uas
[    5.797308] usbcore: registered new interface driver usb-storage
[    5.798117] i8042: PNP: PS/2 Controller [PNP0303:KBD,PNP0f13:MOU] at 0x60,0x64 irq 1,12
[    5.800193] serio: i8042 KBD port at 0x60,0x64 irq 1
[    5.800722] serio: i8042 AUX port at 0x60,0x64 irq 12
[    5.802782] mousedev: PS/2 mouse device common for all mice
[    5.805504] input: AT Translated Set 2 keyboard as /devices/platform/i8042/serio0/input/input1
[    5.806639] rtc_cmos 00:05: RTC can wake from S4
[    5.809561] rtc_cmos 00:05: registered as rtc0
[    5.809936] input: VirtualPS/2 VMware VMMouse as /devices/platform/i8042/serio1/input/input4
[    5.810127] rtc_cmos 00:05: setting system clock to 2026-03-12T09:27:59 UTC (1773307679)
[    5.811939] rtc_cmos 00:05: alarms up to one day, y3k, 242 bytes nvram, hpet irqs
[    5.812228] input: VirtualPS/2 VMware VMMouse as /devices/platform/i8042/serio1/input/input3
[    5.812698] i2c_dev: i2c /dev entries driver
[    5.813869] device-mapper: core: CONFIG_IMA_DISABLE_HTABLE is disabled. Duplicate IMA measurements will not be recorded in the IMA log.
[    5.815012] device-mapper: uevent: version 1.0.3
[    5.816225] device-mapper: ioctl: 4.50.0-ioctl (2025-04-28) initialised: dm-devel@lists.linux.dev
[    5.817066] intel_pstate: CPU model not supported
[    5.817760] sdhci: Secure Digital Host Controller Interface driver
[    5.818318] sdhci: Copyright(c) Pierre Ossman
[    5.818909] sdhci-pltfm: SDHCI platform and OF driver helper
[    5.820327] drop_monitor: Initializing network drop monitor service
[    5.821296] NET: Registered PF_INET6 protocol family
[    5.823656] Segment Routing with IPv6
[    5.824112] In-situ OAM (IOAM) with IPv6
[    5.824560] NET: Registered PF_PACKET protocol family
[    5.825682] 9pnet: Installing 9P2000 support
[    5.826219] Key type dns_resolver registered
[    5.828845] IPI shorthand broadcast: enabled
[    5.892861] sched_clock: Marking stable (5872006907, 19906607)->(5896741631, -4828117)
[    5.895138] registered taskstats version 1
[    5.896208] Loading compiled-in X.509 certificates
[    5.981105] Demotion targets for Node 0: null
[    5.983363] Key type .fscrypt registered
[    5.983760] Key type fscrypt-provisioning registered
[    5.993228] Key type encrypted registered
[    5.993644] ima: No TPM chip found, activating TPM-bypass!
[    5.994158] ima: Allocated hash algorithm: sha1
[    5.994645] ima: No architecture policies found
[    5.995242] evm: Initialising EVM extended attributes:
[    5.995710] evm: security.selinux
[    5.996064] evm: security.SMACK64
[    5.996382] evm: security.SMACK64EXEC
[    5.996706] evm: security.SMACK64TRANSMUTE
[    5.997070] evm: security.SMACK64MMAP
[    5.997401] evm: security.apparmor
[    5.997710] evm: security.ima
[    5.997977] evm: security.capability
[    5.998310] evm: HMAC attrs: 0x1
[    6.001903] PM:   Magic number: 2:761:474
[    6.003557] RAS: Correctable Errors collector initialized.
[    6.004563] clk: Disabling unused clocks
[    6.004959] PM: genpd: Disabling unused power domains
[    6.006019] check access for rdinit=/init failed: -2, ignoring
[    6.006419] md: Waiting for all devices to be available before autodetect
[    6.006830] md: If you don't use raid, use raid=noautodetect
[    6.007163] md: Autodetecting RAID arrays.
[    6.007430] md: autorun ...
[    6.007603] md: ... autorun DONE.
[    6.020402] EXT4-fs (sda): INFO: recovery required on readonly filesystem
[    6.020854] EXT4-fs (sda): write access will be enabled during recovery
[    6.090312] EXT4-fs (sda): recovery complete
[    6.094029] EXT4-fs (sda): mounted filesystem 088740a9-c8b4-422c-999d-a804eb68a4da ro with ordered data mode. Quota mode: none.
[    6.094840] VFS: Mounted root (ext4 filesystem) readonly on device 8:0.
[    6.098807] devtmpfs: mounted
[    6.099512] VFS: Pivoted into new rootfs
[    6.121781] Freeing unused decrypted memory: 2036K
[    6.127773] Freeing unused kernel image (initmem) memory: 16448K
[    6.128299] Write protecting the kernel read-only data: 102400k
[    6.131664] Freeing unused kernel image (text/rodata gap) memory: 832K
[    6.133862] Freeing unused kernel image (rodata/data gap) memory: 1620K
[    7.358670] x86/mm: Checked W+X mappings: passed, no W+X pages found.
[    7.359236] Run /sbin/init as init process
[    7.587789] systemd[1]: systemd 252-15.el9 running in system mode (+PAM +AUDIT +SELINUX -APPARMOR +IMA +SMACK +SECCOMP +GCRYPT +GNUTLS +OPENSSL +ACL +BLKID +CURL +ELFUTILS -FIDO2 +IDN2 -IDN -IPTC +KMOD +LIBCRYPTSETUP +LIBFDISK +PCRE2 -PWQUALITY +P11KIT -QRENCODE +TPM2 +BZIP2 +LZ4 +XZ +ZLIB +ZSTD -BPF_FRAMEWORK +XKBCOMMON +UTMP +SYSVINIT default-hierarchy=unified)
[    7.589957] systemd[1]: Detected virtualization kvm.
[    7.590288] systemd[1]: Detected architecture x86-64.

Welcome to [0;31mCentOS Stream 9[0m!

[    7.598922] systemd[1]: Hostname set to <test>.
[    7.835337] systemd-rc-local-generator[117]: /etc/rc.d/rc.local is not marked executable, skipping.
[    8.261533] systemd[1]: Queued start job for default target Multi-User System.
[    8.278873] systemd[1]: Created slice Virtual Machine and Container Slice.
[[0;32m  OK  [0m] Created slice [0;1;39mVirtual Machine and Container Slice[0m.
[    8.284576] systemd[1]: Created slice Slice /system/getty.
[[0;32m  OK  [0m] Created slice [0;1;39mSlice /system/getty[0m.
[    8.287863] systemd[1]: Created slice Slice /system/modprobe.
[[0;32m  OK  [0m] Created slice [0;1;39mSlice /system/modprobe[0m.
[    8.291196] systemd[1]: Created slice Slice /system/serial-getty.
[[0;32m  OK  [0m] Created slice [0;1;39mSlice /system/serial-getty[0m.
[    8.294517] systemd[1]: Created slice Slice /system/sshd-keygen.
[[0;32m  OK  [0m] Created slice [0;1;39mSlice /system/sshd-keygen[0m.
[    8.297639] systemd[1]: Created slice User and Session Slice.
[[0;32m  OK  [0m] Created slice [0;1;39mUser and Session Slice[0m.
[    8.299526] systemd[1]: Started Forward Password Requests to Wall Directory Watch.
[[0;32m  OK  [0m] Started [0;1;39mForward Password R…uests to Wall Directory Watch[0m.
[    8.301977] systemd[1]: Set up automount Arbitrary Executable File Formats File System Automount Point.
[[0;32m  OK  [0m] Set up automount [0;1;39mArbitrary…s File System Automount Point[0m.
[    8.303778] systemd[1]: Reached target Local Integrity Protected Volumes.
[[0;32m  OK  [0m] Reached target [0;1;39mLocal Integrity Protected Volumes[0m.
[    8.305273] systemd[1]: Reached target Slice Units.
[[0;32m  OK  [0m] Reached target [0;1;39mSlice Units[0m.
[    8.306378] systemd[1]: Reached target Swaps.
[[0;32m  OK  [0m] Reached target [0;1;39mSwaps[0m.
[    8.307412] systemd[1]: Reached target Local Verity Protected Volumes.
[[0;32m  OK  [0m] Reached target [0;1;39mLocal Verity Protected Volumes[0m.
[    8.309057] systemd[1]: Listening on Device-mapper event daemon FIFOs.
[[0;32m  OK  [0m] Listening on [0;1;39mDevice-mapper event daemon FIFOs[0m.
[    8.310996] systemd[1]: Listening on LVM2 poll daemon socket.
[[0;32m  OK  [0m] Listening on [0;1;39mLVM2 poll daemon socket[0m.
[    8.312345] systemd[1]: multipathd control socket was skipped because of an unmet condition check (ConditionPathExists=/etc/multipath.conf).
[    8.360623] systemd[1]: Listening on RPCbind Server Activation Socket.
[[0;32m  OK  [0m] Listening on [0;1;39mRPCbind Server Activation Socket[0m.
[    8.361841] systemd[1]: Reached target RPC Port Mapper.
[[0;32m  OK  [0m] Reached target [0;1;39mRPC Port Mapper[0m.
[    8.365846] systemd[1]: Listening on Process Core Dump Socket.
[[0;32m  OK  [0m] Listening on [0;1;39mProcess Core Dump Socket[0m.
[    8.367241] systemd[1]: Listening on initctl Compatibility Named Pipe.
[[0;32m  OK  [0m] Listening on [0;1;39minitctl Compatibility Named Pipe[0m.
[    8.368955] systemd[1]: Listening on Journal Socket (/dev/log).
[[0;32m  OK  [0m] Listening on [0;1;39mJournal Socket (/dev/log)[0m.
[    8.370493] systemd[1]: Listening on Journal Socket.
[[0;32m  OK  [0m] Listening on [0;1;39mJournal Socket[0m.
[    8.372015] systemd[1]: Listening on udev Control Socket.
[[0;32m  OK  [0m] Listening on [0;1;39mudev Control Socket[0m.
[    8.373322] systemd[1]: Listening on udev Kernel Socket.
[[0;32m  OK  [0m] Listening on [0;1;39mudev Kernel Socket[0m.
[    8.388636] systemd[1]: Mounting Huge Pages File System...
         Mounting [0;1;39mHuge Pages File System[0m...
[    8.396064] systemd[1]: Mounting POSIX Message Queue File System...
         Mounting [0;1;39mPOSIX Message Queue File System[0m...
[    8.403444] systemd[1]: Mounting Kernel Debug File System...
         Mounting [0;1;39mKernel Debug File System[0m...
[    8.412932] systemd[1]: Mounting Kernel Trace File System...
         Mounting [0;1;39mKernel Trace File System[0m...
[    8.414069] systemd[1]: Kernel Module supporting RPCSEC_GSS was skipped because of an unmet condition check (ConditionPathExists=/etc/krb5.keytab).
[    8.414996] systemd[1]: Create List of Static Device Nodes was skipped because of an unmet condition check (ConditionFileNotEmpty=/lib/modules/6.19.0-9b1b3dcd28c2+/modules.devname).
[    8.437000] systemd[1]: Starting Monitoring of LVM2 mirrors, snapshots etc. using dmeventd or progress polling...
         Starting [0;1;39mMonitoring of LVM…meventd or progress polling[0m...
[    8.445224] systemd[1]: Starting Load Kernel Module configfs...
         Starting [0;1;39mLoad Kernel Module configfs[0m...
[    8.452423] systemd[1]: Starting Load Kernel Module drm...
         Starting [0;1;39mLoad Kernel Module drm[0m...
[    8.465048] systemd[1]: Starting Load Kernel Module fuse...
         Starting [0;1;39mLoad Kernel Module fuse[0m...
[    8.476183] systemd[1]: Starting Read and set NIS domainname from /etc/sysconfig/network...
         Starting [0;1;39mRead and set NIS …from /etc/sysconfig/network[0m...
[    8.516503] systemd[1]: Starting Journal Service...
         Starting [0;1;39mJournal Service[0m...
[    8.524580] systemd[1]: Starting Load Kernel Modules...
         Starting [0;1;39mLoad Kernel Modules[0m...
[    8.539467] systemd[1]: Starting Generate network units from Kernel command line...
         Starting [0;1;39mGenerate network …ts from Kernel command line[0m...
[    8.554063] systemd[1]: Starting Remount Root and Kernel File Systems...
         Starting [0;1;39mRemount Root and Kernel File Systems[0m...
[    8.556336] systemd[1]: Repartition Root Disk was skipped because no trigger condition checks were met.
[    8.576474] systemd[1]: Starting Coldplug All udev Devices...
         Starting [0;1;39mColdplug All udev Devices[0m...
[    8.599780] systemd[1]: Mounted Huge Pages File System.
[[0;32m  OK  [0m] Mounted [0;1;39mHuge Pages File System[0m.
[    8.602923] systemd[1]: Mounted POSIX Message Queue File System.
[[0;32m  OK  [0m] Mounted [0;1;39mPOSIX Message Queue File System[0m.
[    8.608623] systemd[1]: Mounted Kernel Debug File System.
[[0;32m  OK  [0m] Mounted [0;1;39mKernel Debug File System[0m.
[    8.610057] systemd[1]: Mounted Kernel Trace File System.
[[0;32m  OK  [0m] Mounted [0;1;39mKernel Trace File System[0m.
[    8.624849] systemd[1]: Finished Monitoring of LVM2 mirrors, snapshots etc. using dmeventd or progress polling.
[[0;32m  OK  [0m] Finished [0;1;39mMonitoring of LVM… dmeventd or progress polling[0m.
[    8.629932] systemd[1]: modprobe@configfs.service: Deactivated successfully.
[    8.630243] EXT4-fs (sda): re-mounted 088740a9-c8b4-422c-999d-a804eb68a4da r/w.
[    8.637272] systemd[1]: Finished Load Kernel Module configfs.
[[0;32m  OK  [0m] Finished [0;1;39mLoad Kernel Module configfs[0m.
[    8.652780] systemd[1]: modprobe@drm.service: Deactivated successfully.
[    8.656097] systemd[1]: Finished Load Kernel Module drm.
[[0;32m  OK  [0m] Finished [0;1;39mLoad Kernel Module drm[0m.
[    8.661905] systemd[1]: modprobe@fuse.service: Deactivated successfully.
[    8.663424] systemd[1]: Finished Load Kernel Module fuse.
[[0;32m  OK  [0m] Finished [0;1;39mLoad Kernel Module fuse[0m.
[    8.673494] systemd[1]: Finished Read and set NIS domainname from /etc/sysconfig/network.
[[0;32m  OK  [0m] Finished [0;1;39mRead and set NIS …e from /etc/sysconfig/network[0m.
[    8.676535] systemd[1]: systemd-modules-load.service: Main process exited, code=exited, status=1/FAILURE
[    8.677913] systemd[1]: systemd-modules-load.service: Failed with result 'exit-code'.
[    8.679392] systemd[1]: Failed to start Load Kernel Modules.
[[0;1;31mFAILED[0m] Failed to start [0;1;39mLoad Kernel Modules[0m.
See 'systemctl status systemd-modules-load.service' for details.
[    8.690921] systemd[1]: Finished Generate network units from Kernel command line.
[[0;32m  OK  [0m] Finished [0;1;39mGenerate network units from Kernel command line[0m.
[    8.696699] systemd[1]: Finished Remount Root and Kernel File Systems.
[[0;32m  OK  [0m] Finished [0;1;39mRemount Root and Kernel File Systems[0m.
[    8.701205] systemd[1]: Reached target Preparation for Network.
[[0;32m  OK  [0m] Reached target [0;1;39mPreparation for Network[0m.
[    8.717447] systemd[1]: Mounting FUSE Control File System...
         Mounting [0;1;39mFUSE Control File System[0m...
[    8.726185] systemd[1]: Mounting Kernel Configuration File System...
         Mounting [0;1;39mKernel Configuration File System[0m...
[    8.728160] systemd[1]: Special handling of early boot iSCSI sessions was skipped because of an unmet condition check (ConditionDirectoryNotEmpty=/sys/class/iscsi_session).
[    8.729171] systemd[1]: First Boot Wizard was skipped because of an unmet condition check (ConditionFirstBoot=yes).
[    8.734530] systemd[1]: Rebuild Hardware Database was skipped because of an unmet condition check (ConditionNeedsUpdate=/etc).
[    8.748461] systemd[1]: Starting Load/Save Random Seed...
         Starting [0;1;39mLoad/Save Random Seed[0m...
[    8.776849] systemd[1]: Starting Apply Kernel Variables...
         Starting [0;1;39mApply Kernel Variables[0m...
[    8.779667] systemd[1]: Create System Users was skipped because no trigger condition checks were met.
[    8.791376] systemd[1]: Starting Create Static Device Nodes in /dev...
         Starting [0;1;39mCreate Static Device Nodes in /dev[0m...
[    8.805719] systemd[1]: Starting Setup Virtual Console...
         Starting [0;1;39mSetup Virtual Console[0m...
[    8.813671] systemd[1]: Started Journal Service.
[[0;32m  OK  [0m] Started [0;1;39mJournal Service[0m.
[[0;32m  OK  [0m] Mounted [0;1;39mFUSE Control File System[0m.
[[0;32m  OK  [0m] Mounted [0;1;39mKernel Configuration File System[0m.
[[0;32m  OK  [0m] Finished [0;1;39mLoad/Save Random Seed[0m.
         Starting [0;1;39mFlush Journal to Persistent Storage[0m...
[    8.903883] systemd-journald[139]: Received client request to flush runtime journal.
[[0;32m  OK  [0m] Finished [0;1;39mApply Kernel Variables[0m.
[[0;32m  OK  [0m] Finished [0;1;39mFlush Journal to Persistent Storage[0m.
[[0;32m  OK  [0m] Finished [0;1;39mCreate Static Device Nodes in /dev[0m.
         Starting [0;1;39mRule-based Manage…for Device Events and Files[0m...
[[0;32m  OK  [0m] Started [0;1;39mRule-based Manager for Device Events and Files[0m.
         Starting [0;1;39mAuto-connect to s…E devices found during boot[0m...
[[0;32m  OK  [0m] Finished [0;1;39mAuto-connect to s…VME devices found during boot[0m.
[[0;32m  OK  [0m] Finished [0;1;39mSetup Virtual Console[0m.
[[0;32m  OK  [0m] Finished [0;1;39mColdplug All udev Devices[0m.
         Starting [0;1;39mShow Plymouth Boot Screen[0m...
         Starting [0;1;39mWait for udev To …plete Device Initialization[0m...
[2J[3J[-1;-1f[[0;32m  OK  [0m] Started [0;1;39mShow Plymouth Boot Screen[0m.
[[0;32m  OK  [0m] Started [0;1;39mForward Password R…s to Plymouth Directory Watch[0m.
[[0;32m  OK  [0m] Reached target [0;1;39mLocal Encrypted Volumes[0m.
[[0;32m  OK  [0m] Reached target [0;1;39mPath Units[0m.
[[0;32m  OK  [0m] Found device [0;1;39m/dev/ttyS0[0m.
[[0;32m  OK  [0m] Listening on [0;1;39mLoad/Save RF …itch Status /dev/rfkill Watch[0m.
[[0;32m  OK  [0m] Finished [0;1;39mWait for udev To Complete Device Initialization[0m.
[[0;32m  OK  [0m] Reached target [0;1;39mPreparation for Local File Systems[0m.
[[0;32m  OK  [0m] Reached target [0;1;39mLocal File Systems[0m.
         Starting [0;1;39mTell Plymouth To Write Out Runtime Data[0m...
         Starting [0;1;39mAutomatic Boot Loader Update[0m...
         Starting [0;1;39mCreate Volatile Files and Directories[0m...
[[0;32m  OK  [0m] Finished [0;1;39mTell Plymouth To Write Out Runtime Data[0m.
[[0;32m  OK  [0m] Finished [0;1;39mAutomatic Boot Loader Update[0m.
[[0;32m  OK  [0m] Finished [0;1;39mCreate Volatile Files and Directories[0m.
         Mounting [0;1;39mRPC Pipe File System[0m...
         Starting [0;1;39mSecurity Auditing Service[0m...
         Starting [0;1;39mRPC Bind[0m...
[[0;32m  OK  [0m] Mounted [0;1;39mRPC Pipe File System[0m.
[[0;32m  OK  [0m] Reached target [0;1;39mrpc_pipefs.target[0m.
[[0;32m  OK  [0m] Started [0;1;39mRPC Bind[0m.
[[0;32m  OK  [0m] Started [0;1;39mSecurity Auditing Service[0m.
         Starting [0;1;39mRecord System Boot/Shutdown in UTMP[0m...
[[0;32m  OK  [0m] Finished [0;1;39mRecord System Boot/Shutdown in UTMP[0m.
[[0;32m  OK  [0m] Reached target [0;1;39mSystem Initialization[0m.
[[0;32m  OK  [0m] Started [0;1;39mDaily rotation of log files[0m.
[[0;32m  OK  [0m] Started [0;1;39mUpdates mlocate database every day[0m.
[[0;32m  OK  [0m] Started [0;1;39mDaily Cleanup of Temporary Directories[0m.
[[0;32m  OK  [0m] Started [0;1;39mdaily update of the root trust anchor for DNSSEC[0m.
[[0;32m  OK  [0m] Reached target [0;1;39mTimer Units[0m.
[[0;32m  OK  [0m] Listening on [0;1;39mD-Bus System Message Bus Socket[0m.
[[0;32m  OK  [0m] Listening on [0;1;39mOpen-iSCSI iscsid Socket[0m.
[[0;32m  OK  [0m] Listening on [0;1;39mOpen-iSCSI iscsiuio Socket[0m.
[[0;32m  OK  [0m] Listening on [0;1;39mSSSD Kerberos…ache Manager responder socket[0m.
[[0;32m  OK  [0m] Listening on [0;1;39mLibvirt interface local socket[0m.
[[0;32m  OK  [0m] Listening on [0;1;39mVirtual machine lock manager socket[0m.
[[0;32m  OK  [0m] Listening on [0;1;39mVirtual machine log manager socket[0m.
[[0;32m  OK  [0m] Listening on [0;1;39mLibvirt network local socket[0m.
[[0;32m  OK  [0m] Listening on [0;1;39mLibvirt nodedev local socket[0m.
[[0;32m  OK  [0m] Listening on [0;1;39mLibvirt nwfilter local socket[0m.
[[0;32m  OK  [0m] Listening on [0;1;39mLibvirt proxy local socket[0m.
[[0;32m  OK  [0m] Listening on [0;1;39mLibvirt qemu local socket[0m.
[[0;32m  OK  [0m] Listening on [0;1;39mLibvirt qemu admin socket[0m.
[[0;32m  OK  [0m] Listening on [0;1;39mLibvirt qemu local read-only socket[0m.
[[0;32m  OK  [0m] Listening on [0;1;39mLibvirt secret local socket[0m.
[[0;32m  OK  [0m] Listening on [0;1;39mLibvirt storage local socket[0m.
[[0;32m  OK  [0m] Reached target [0;1;39mSocket Units[0m.
         Starting [0;1;39mD-Bus System Message Bus[0m...
[[0;32m  OK  [0m] Started [0;1;39mD-Bus System Message Bus[0m.
[[0;32m  OK  [0m] Reached target [0;1;39mBasic System[0m.
         Starting [0;1;39mNetwork Manager[0m...
         Starting [0;1;39mNTP client/server[0m...
         Starting [0;1;39mRestore /run/initramfs on shutdown[0m...
[[0;32m  OK  [0m] Started [0;1;39mirqbalance daemon[0m.
[[0;32m  OK  [0m] Started [0;1;39mlibstoragemgmt plug-in server daemon[0m.
[[0;32m  OK  [0m] Started [0;1;39mMachine Check Exception Logging Daemon[0m.
[[0;32m  OK  [0m] Reached target [0;1;39msshd-keygen.target[0m.
[[0;32m  OK  [0m] Reached target [0;1;39mUser and Group Name Lookups[0m.
         Starting [0;1;39mUser Login Management[0m...
         Starting [0;1;39mVirtual Machine a…tainer Registration Service[0m...
[[0;32m  OK  [0m] Finished [0;1;39mRestore /run/initramfs on shutdown[0m.
[[0;32m  OK  [0m] Started [0;1;39mVirtual Machine an…ontainer Registration Service[0m.
         Starting [0;1;39mHostname Service[0m...
[[0;32m  OK  [0m] Started [0;1;39mNTP client/server[0m.
[[0;32m  OK  [0m] Started [0;1;39mUser Login Management[0m.
[[0;32m  OK  [0m] Started [0;1;39mHostname Service[0m.
         Starting [0;1;39mNetwork Manager Script Dispatcher Service[0m...
[[0;32m  OK  [0m] Started [0;1;39mNetwork Manager Script Dispatcher Service[0m.
[   12.348130] e1000: eth0 NIC Link is Up 1000 Mbps Full Duplex, Flow Control: RX
[[0;32m  OK  [0m] Started [0;1;39mNetwork Manager[0m.
[[0;32m  OK  [0m] Reached target [0;1;39mNetwork[0m.
[[0;32m  OK  [0m] Reached target [0;1;39mNetwork is Online[0m.
         Starting [0;1;39mGSSAPI Proxy Daemon[0m...
         Starting [0;1;39mNotify NFS peers of a restart[0m...
         Starting [0;1;39mSystem Logging Service[0m...
         Starting [0;1;39mOpenSSH server daemon[0m...
         Starting [0;1;39mDynamic System Tuning Daemon[0m...
[[0;32m  OK  [0m] Started [0;1;39mNotify NFS peers of a restart[0m.
[[0;32m  OK  [0m] Started [0;1;39mGSSAPI Proxy Daemon[0m.
[[0;32m  OK  [0m] Reached target [0;1;39mNFS client services[0m.
[[0;32m  OK  [0m] Reached target [0;1;39mPreparation for Remote File Systems[0m.
[[0;32m  OK  [0m] Reached target [0;1;39mRemote File Systems[0m.
         Starting [0;1;39mPermit User Sessions[0m...
         Starting [0;1;39mVirtualization qemu daemon[0m...
[[0;32m  OK  [0m] Started [0;1;39mOpenSSH server daemon[0m.
[[0;32m  OK  [0m] Finished [0;1;39mPermit User Sessions[0m.
[[0;32m  OK  [0m] Started [0;1;39mDeferred execution scheduler[0m.
[[0;32m  OK  [0m] Started [0;1;39mCommand Scheduler[0m.
         Starting [0;1;39mHold until boot process finishes up[0m...
         Starting [0;1;39mTerminate Plymouth Boot Screen[0m...
[[0;32m  OK  [0m] Started [0;1;39mSystem Logging Service[0m.

CentOS Stream 9
Kernel 6.19.0-9b1b3dcd28c2+ on an x86_64

Activate the web console with: systemctl enable --now cockpit.socket

test login: [  300.344060] INFO: task systemd:725 blocked for more than 147 seconds.
[  300.344614]       Not tainted 6.19.0-9b1b3dcd28c2+ #1
[  300.344973] "echo 0 > /proc/sys/kernel/hung_task_timeout_secs" disables this message.
[  300.345466] task:systemd         state:D stack:0     pid:725   tgid:1     ppid:0      task_flags:0x400040 flags:0x00080000
[  300.346116] Call Trace:
[  300.346284]  <TASK>
[  300.346436]  __schedule+0xfcb/0x40e0
[  300.346701]  ? __pfx___schedule+0x10/0x10
[  300.346954]  ? lock_release+0x14f/0x2a0
[  300.347217]  ? wait_transaction_locked+0x196/0x240
[  300.347542]  schedule+0xf6/0x3d0
[  300.347749]  wait_transaction_locked+0x1bb/0x240
[  300.348063]  ? wait_transaction_locked+0x196/0x240
[  300.348372]  ? __pfx_wait_transaction_locked+0x10/0x10
[  300.348710]  ? __pfx_autoremove_wake_function+0x10/0x10
[  300.349032]  ? __kasan_slab_alloc+0x62/0x80
[  300.349299]  add_transaction_credits+0x121/0x1000
[  300.349607]  ? __pfx_add_transaction_credits+0x10/0x10
[  300.349925]  ? __this_cpu_preempt_check+0x21/0x30
[  300.350216]  ? lock_acquire+0x180/0x2f0
[  300.350472]  ? __kasan_check_write+0x18/0x20
[  300.350741]  start_this_handle+0x457/0x1550
[  300.350996]  ? lock_is_held_type+0xef/0x150
[  300.351261]  ? __pfx_start_this_handle+0x10/0x10
[  300.351557]  ? debug_smp_processor_id+0x20/0x30
[  300.351836]  ? rcu_is_watching+0x19/0xc0
[  300.352093]  ? kmem_cache_alloc_noprof+0x4e2/0x780
[  300.352401]  jbd2__journal_start+0x397/0x810
[  300.352685]  __ext4_journal_start_sb+0x3fc/0x580
[  300.352970]  ? ext4_rmdir+0x637/0xf10
[  300.353207]  ext4_rmdir+0x637/0xf10
[  300.353446]  ? __pfx_ext4_rmdir+0x10/0x10
[  300.353709]  ? __pfx_down_write+0x10/0x10
[  300.353966]  ? do_raw_spin_unlock+0x15c/0x210
[  300.354246]  vfs_rmdir+0x351/0x880
[  300.354469]  filename_rmdir+0x3e5/0x560
[  300.354717]  ? __pfx_filename_rmdir+0x10/0x10
[  300.354990]  ? __sanitizer_cov_trace_const_cmp8+0x1c/0x30
[  300.355317]  ? strncpy_from_user+0x198/0x290
[  300.355576]  ? __sanitizer_cov_trace_const_cmp4+0x1a/0x20
[  300.355883]  ? do_getname+0x19e/0x3e0
[  300.356129]  __x64_sys_unlinkat+0x107/0x140
[  300.356393]  x64_sys_call+0xea8/0x21b0
[  300.356649]  do_syscall_64+0x6d/0x1180
[  300.356887]  entry_SYSCALL_64_after_hwframe+0x76/0x7e
[  300.357197] RIP: 0033:0x7facc543ebab
[  300.357432] RSP: 002b:00007facc4bb0838 EFLAGS: 00000246 ORIG_RAX: 0000000000000107
[  300.357888] RAX: ffffffffffffffda RBX: 0000000000000006 RCX: 00007facc543ebab
[  300.358320] RDX: 0000000000000200 RSI: 00007facbc008bf0 RDI: 000000000000000c
[  300.358757] RBP: 000000000000000c R08: 0000000000000003 R09: 0000000000000078
[  300.359178] R10: 000000000000009b R11: 0000000000000246 R12: 0000000000000000
[  300.359612] R13: 00007facbc008bf0 R14: 0000000000000200 R15: 0000000000000006
[  300.360069]  </TASK>
[  300.360216] INFO: task systemd:726 blocked for more than 147 seconds.
[  300.360617]       Not tainted 6.19.0-9b1b3dcd28c2+ #1
[  300.360920] "echo 0 > /proc/sys/kernel/hung_task_timeout_secs" disables this message.
[  300.361378] task:systemd         state:D stack:0     pid:726   tgid:1     ppid:0      task_flags:0x400040 flags:0x00080000
[  300.362042] Call Trace:
[  300.362202]  <TASK>
[  300.362346]  __schedule+0xfcb/0x40e0
[  300.362597]  ? __pfx___schedule+0x10/0x10
[  300.362857]  ? lock_release+0x14f/0x2a0
[  300.363105]  ? wait_transaction_locked+0x196/0x240
[  300.363410]  schedule+0xf6/0x3d0
[  300.363630]  wait_transaction_locked+0x1bb/0x240
[  300.363930]  ? wait_transaction_locked+0x196/0x240
[  300.364231]  ? __pfx_wait_transaction_locked+0x10/0x10
[  300.364567]  ? __pfx_autoremove_wake_function+0x10/0x10
[  300.364891]  ? __kasan_slab_alloc+0x62/0x80
[  300.365161]  add_transaction_credits+0x121/0x1000
[  300.365474]  ? __pfx_add_transaction_credits+0x10/0x10
[  300.365791]  ? __this_cpu_preempt_check+0x21/0x30
[  300.366092]  ? lock_acquire+0x180/0x2f0
[  300.366344]  ? __kasan_check_write+0x18/0x20
[  300.366635]  start_this_handle+0x457/0x1550
[  300.366906]  ? lock_is_held_type+0xef/0x150
[  300.367177]  ? __pfx_start_this_handle+0x10/0x10
[  300.367481]  ? debug_smp_processor_id+0x20/0x30
[  300.367770]  ? rcu_is_watching+0x19/0xc0
[  300.368029]  ? kmem_cache_alloc_noprof+0x4e2/0x780
[  300.368345]  jbd2__journal_start+0x397/0x810
[  300.368628]  __ext4_journal_start_sb+0x3fc/0x580
[  300.368916]  ? ext4_rmdir+0x637/0xf10
[  300.369154]  ext4_rmdir+0x637/0xf10
[  300.369384]  ? __pfx_ext4_rmdir+0x10/0x10
[  300.369653]  ? __pfx_down_write+0x10/0x10
[  300.369908]  ? do_raw_spin_unlock+0x15c/0x210
[  300.370191]  vfs_rmdir+0x351/0x880
[  300.370418]  filename_rmdir+0x3e5/0x560
[  300.370675]  ? __pfx_filename_rmdir+0x10/0x10
[  300.370958]  ? __sanitizer_cov_trace_const_cmp8+0x1c/0x30
[  300.371288]  ? strncpy_from_user+0x198/0x290
[  300.371576]  ? __sanitizer_cov_trace_const_cmp4+0x1a/0x20
[  300.371926]  ? do_getname+0x19e/0x3e0
[  300.372168]  __x64_sys_unlinkat+0x107/0x140
[  300.372441]  x64_sys_call+0xea8/0x21b0
[  300.372680]  do_syscall_64+0x6d/0x1180
[  300.372918]  entry_SYSCALL_64_after_hwframe+0x76/0x7e
[  300.373233] RIP: 0033:0x7facc543ebab
[  300.373472] RSP: 002b:00007facc43af838 EFLAGS: 00000246 ORIG_RAX: 0000000000000107
[  300.373928] RAX: ffffffffffffffda RBX: 0000000000000006 RCX: 00007facc543ebab
[  300.374358] RDX: 0000000000000200 RSI: 00007facb4008bf0 RDI: 0000000000000016
[  300.374794] RBP: 0000000000000016 R08: 0000000000000003 R09: 0000000000000078
[  300.375229] R10: 000000000000009b R11: 0000000000000246 R12: 0000000000000000
[  300.375668] R13: 00007facb4008bf0 R14: 0000000000000200 R15: 0000000000000006
[  300.376123]  </TASK>
[  300.376271] INFO: task kworker/u8:0:12 blocked for more than 147 seconds.
[  300.376685]       Not tainted 6.19.0-9b1b3dcd28c2+ #1
[  300.377006] "echo 0 > /proc/sys/kernel/hung_task_timeout_secs" disables this message.
[  300.377480] task:kworker/u8:0    state:D stack:0     pid:12    tgid:12    ppid:2      task_flags:0x4248060 flags:0x00080000
[  300.378134] Workqueue: writeback wb_workfn (flush-8:0)
[  300.378465] Call Trace:
[  300.378624]  <TASK>
[  300.378772]  __schedule+0xfcb/0x40e0
[  300.379014]  ? __pfx___schedule+0x10/0x10
[  300.379276]  ? lock_release+0x14f/0x2a0
[  300.379542]  ? kthread_data+0x61/0xd0
[  300.379780]  ? wait_transaction_locked+0x196/0x240
[  300.380091]  schedule+0xf6/0x3d0
[  300.380309]  wait_transaction_locked+0x1bb/0x240
[  300.380611]  ? wait_transaction_locked+0x196/0x240
[  300.380917]  ? __pfx_wait_transaction_locked+0x10/0x10
[  300.381237]  ? check_noncircular+0x80/0x150
[  300.381522]  ? __pfx_autoremove_wake_function+0x10/0x10
[  300.381861]  ? __this_cpu_preempt_check+0x21/0x30
[  300.382156]  ? lockdep_unlock+0x62/0xd0
[  300.382411]  add_transaction_credits+0x121/0x1000
[  300.382716]  ? __pfx_add_transaction_credits+0x10/0x10
[  300.383008]  ? __this_cpu_preempt_check+0x21/0x30
[  300.383278]  ? lock_acquire+0x180/0x2f0
[  300.383513]  ? trace_hardirqs_on+0x26/0x130
[  300.383764]  ? __kasan_check_write+0x18/0x20
[  300.384027]  start_this_handle+0x457/0x1550
[  300.384278]  ? __pfx_start_this_handle+0x10/0x10
[  300.384554]  ? debug_smp_processor_id+0x20/0x30
[  300.384815]  ? rcu_is_watching+0x19/0xc0
[  300.385044]  ? kmem_cache_alloc_noprof+0x4e2/0x780
[  300.385339]  jbd2__journal_start+0x397/0x810
[  300.385625]  __ext4_journal_start_sb+0x3fc/0x580
[  300.385915]  ? __sanitizer_cov_trace_const_cmp4+0x1a/0x20
[  300.386248]  ? ext4_do_writepages+0x1112/0x3930
[  300.386552]  ext4_do_writepages+0x1112/0x3930
[  300.386830]  ? __sanitizer_cov_trace_cmp8+0x1c/0x30
[  300.387136]  ? stack_trace_save+0x96/0xd0
[  300.387405]  ? __lock_acquire+0x412/0x2210
[  300.387679]  ? __pfx_ext4_do_writepages+0x10/0x10
[  300.387989]  ? __this_cpu_preempt_check+0x21/0x30
[  300.388281]  ? lock_is_held_type+0xef/0x150
[  300.388555]  ext4_writepages+0x3e1/0x870
[  300.388809]  ? ext4_writepages+0x3e1/0x870
[  300.389067]  ? __pfx_ext4_writepages+0x10/0x10
[  300.389363]  ? __pfx_ext4_writepages+0x10/0x10
[  300.389658]  do_writepages+0x255/0x5b0
[  300.389905]  __writeback_single_inode+0x121/0x11f0
[  300.390204]  ? _raw_spin_unlock+0x31/0x60
[  300.390468]  ? __sanitizer_cov_trace_const_cmp8+0x1c/0x30
[  300.390801]  ? wbc_attach_and_unlock_inode.part.0+0x47a/0x890
[  300.391164]  writeback_sb_inodes+0x785/0x1c80
[  300.391457]  ? __pfx_writeback_sb_inodes+0x10/0x10
[  300.391764]  ? __lock_acquire+0x412/0x2210
[  300.392031]  ? __lock_acquire+0x412/0x2210
[  300.392325]  ? __sanitizer_cov_trace_const_cmp8+0x1c/0x30
[  300.392670]  __writeback_inodes_wb+0xc8/0x280
[  300.392957]  wb_writeback+0x652/0x9e0
[  300.393201]  ? __pfx_wb_writeback+0x10/0x10
[  300.393485]  ? __sanitizer_cov_trace_cmp4+0x1a/0x20
[  300.393794]  ? get_nr_dirty_inodes+0x12c/0x1b0
[  300.394093]  wb_workfn+0x713/0xe60
[  300.394311]  ? try_to_wake_up+0x186/0x1b60
[  300.394588]  ? __pfx_wb_workfn+0x10/0x10
[  300.394852]  process_one_work+0x930/0x1ad0
[  300.395118]  ? __lock_acquire+0x412/0x2210
[  300.395398]  ? __pfx_process_one_work+0x10/0x10
[  300.395702]  ? move_linked_works+0x1bf/0x2c0
[  300.395984]  ? __this_cpu_preempt_check+0x21/0x30
[  300.396289]  ? assign_work+0x19f/0x250
[  300.396540]  ? lock_is_held_type+0xef/0x150
[  300.396805]  worker_thread+0x697/0xeb0
[  300.397058]  ? __pfx_worker_thread+0x10/0x10
[  300.397332]  kthread+0x464/0x980
[  300.397562]  ? __pfx_kthread+0x10/0x10
[  300.397805]  ? trace_hardirqs_on+0x26/0x130
[  300.398075]  ? _raw_spin_unlock_irq+0x3c/0x60
[  300.398350]  ? __pfx_kthread+0x10/0x10
[  300.398600]  ret_from_fork+0x780/0x8f0
[  300.398844]  ? __pfx_ret_from_fork+0x10/0x10
[  300.399121]  ? native_load_tls+0x16/0x50
[  300.399378]  ? __sanitizer_cov_trace_const_cmp8+0x1c/0x30
[  300.399719]  ? __switch_to+0x823/0x10b0
[  300.399984]  ? __pfx_kthread+0x10/0x10
[  300.400231]  ret_from_fork_asm+0x1a/0x30
[  300.400504]  </TASK>
[  300.400655] INFO: task kworker/u8:1:34 blocked for more than 147 seconds.
[  300.401056]       Not tainted 6.19.0-9b1b3dcd28c2+ #1
[  300.401366] "echo 0 > /proc/sys/kernel/hung_task_timeout_secs" disables this message.
[  300.401838] task:kworker/u8:1    state:D stack:0     pid:34    tgid:34    ppid:2      task_flags:0x4248060 flags:0x00080000
[  300.402510] Workqueue: writeback wb_workfn (flush-8:0)
[  300.402836] Call Trace:
[  300.402995]  <TASK>
[  300.403139]  __schedule+0xfcb/0x40e0
[  300.403374]  ? __pfx___schedule+0x10/0x10
[  300.403643]  ? lock_release+0x14f/0x2a0
[  300.403889]  ? kthread_data+0x61/0xd0
[  300.404141]  ? wait_transaction_locked+0x196/0x240
[  300.404444]  schedule+0xf6/0x3d0
[  300.404665]  wait_transaction_locked+0x1bb/0x240
[  300.404955]  ? wait_transaction_locked+0x196/0x240
[  300.405260]  ? __pfx_wait_transaction_locked+0x10/0x10
[  300.405593]  ? __pfx_autoremove_wake_function+0x10/0x10
[  300.405919]  ? jbd2__journal_start+0x253/0x810
[  300.406211]  add_transaction_credits+0x121/0x1000
[  300.406524]  ? __pfx_add_transaction_credits+0x10/0x10
[  300.406849]  ? __this_cpu_preempt_check+0x21/0x30
[  300.407151]  ? lock_acquire+0x180/0x2f0
[  300.407397]  ? trace_hardirqs_on+0x26/0x130
[  300.407670]  ? __kasan_check_write+0x18/0x20
[  300.407959]  start_this_handle+0x457/0x1550
[  300.408234]  ? __pfx_start_this_handle+0x10/0x10
[  300.408538]  ? debug_smp_processor_id+0x20/0x30
[  300.408820]  ? rcu_is_watching+0x19/0xc0
[  300.409072]  ? kmem_cache_alloc_noprof+0x4e2/0x780
[  300.409380]  jbd2__journal_start+0x397/0x810
[  300.409667]  __ext4_journal_start_sb+0x3fc/0x580
[  300.409959]  ? __sanitizer_cov_trace_const_cmp4+0x1a/0x20
[  300.410290]  ? ext4_do_writepages+0x1112/0x3930
[  300.410588]  ext4_do_writepages+0x1112/0x3930
[  300.410869]  ? __sanitizer_cov_trace_cmp8+0x1c/0x30
[  300.411173]  ? stack_trace_save+0x96/0xd0
[  300.411445]  ? __lock_acquire+0x412/0x2210
[  300.411720]  ? update_stack_state+0x2d9/0x610
[  300.412014]  ? __pfx_ext4_do_writepages+0x10/0x10
[  300.412313]  ? __this_cpu_preempt_check+0x21/0x30
[  300.412608]  ? lock_is_held_type+0xef/0x150
[  300.412877]  ext4_writepages+0x3e1/0x870
[  300.413130]  ? ext4_writepages+0x3e1/0x870
[  300.413390]  ? __pfx_ext4_writepages+0x10/0x10
[  300.413705]  ? do_raw_spin_unlock+0x15c/0x210
[  300.413981]  ? __pfx_ext4_writepages+0x10/0x10
[  300.414263]  do_writepages+0x255/0x5b0
[  300.414523]  __writeback_single_inode+0x121/0x11f0
[  300.414826]  ? _raw_spin_unlock+0x31/0x60
[  300.415078]  ? __sanitizer_cov_trace_const_cmp8+0x1c/0x30
[  300.415416]  ? wbc_attach_and_unlock_inode.part.0+0x47a/0x890
[  300.415789]  writeback_sb_inodes+0x785/0x1c80
[  300.416096]  ? __pfx_writeback_sb_inodes+0x10/0x10
[  300.416394]  ? __lock_acquire+0x412/0x2210
[  300.416660]  ? __sanitizer_cov_trace_cmp4+0x1a/0x20
[  300.416997]  ? __sanitizer_cov_trace_const_cmp8+0x1c/0x30
[  300.417336]  __writeback_inodes_wb+0xc8/0x280
[  300.417633]  wb_writeback+0x652/0x9e0
[  300.417879]  ? __pfx_wb_writeback+0x10/0x10
[  300.418156]  ? __sanitizer_cov_trace_cmp4+0x1a/0x20
[  300.418470]  ? get_nr_dirty_inodes+0x12c/0x1b0
[  300.418758]  wb_workfn+0x713/0xe60
[  300.418991]  ? __pfx_wb_workfn+0x10/0x10
[  300.419254]  process_one_work+0x930/0x1ad0
[  300.419522]  ? __lock_acquire+0x412/0x2210
[  300.419794]  ? __pfx_process_one_work+0x10/0x10
[  300.420091]  ? move_linked_works+0x1bf/0x2c0
[  300.420364]  ? __this_cpu_preempt_check+0x21/0x30
[  300.420675]  ? assign_work+0x19f/0x250
[  300.420917]  ? lock_is_held_type+0xef/0x150
[  300.421187]  worker_thread+0x697/0xeb0
[  300.421443]  ? __pfx_worker_thread+0x10/0x10
[  300.421731]  kthread+0x464/0x980
[  300.421945]  ? __pfx_kthread+0x10/0x10
[  300.422190]  ? trace_hardirqs_on+0x26/0x130
[  300.422465]  ? _raw_spin_unlock_irq+0x3c/0x60
[  300.422752]  ? __pfx_kthread+0x10/0x10
[  300.422995]  ret_from_fork+0x780/0x8f0
[  300.423234]  ? __pfx_ret_from_fork+0x10/0x10
[  300.423521]  ? native_load_tls+0x16/0x50
[  300.423773]  ? __sanitizer_cov_trace_const_cmp8+0x1c/0x30
[  300.424114]  ? __switch_to+0x823/0x10b0
[  300.424360]  ? __pfx_kthread+0x10/0x10
[  300.424616]  ret_from_fork_asm+0x1a/0x30
[  300.424879]  </TASK>
[  300.425029] INFO: task kworker/u8:3:53 blocked for more than 147 seconds.
[  300.425434]       Not tainted 6.19.0-9b1b3dcd28c2+ #1
[  300.425748] "echo 0 > /proc/sys/kernel/hung_task_timeout_secs" disables this message.
[  300.426207] task:kworker/u8:3    state:D stack:0     pid:53    tgid:53    ppid:2      task_flags:0x4248160 flags:0x00080000
[  300.426886] Workqueue: writeback wb_workfn (flush-8:0)
[  300.427208] Call Trace:
[  300.427369]  <TASK>
[  300.427524]  __schedule+0xfcb/0x40e0
[  300.427762]  ? __pfx___schedule+0x10/0x10
[  300.428024]  ? lock_release+0x14f/0x2a0
[  300.428270]  ? kthread_data+0x61/0xd0
[  300.428519]  ? wait_transaction_locked+0x196/0x240
[  300.428817]  schedule+0xf6/0x3d0
[  300.429032]  wait_transaction_locked+0x1bb/0x240
[  300.429320]  ? wait_transaction_locked+0x196/0x240
[  300.429639]  ? __pfx_wait_transaction_locked+0x10/0x10
[  300.429966]  ? __pfx_autoremove_wake_function+0x10/0x10
[  300.430294]  ? jbd2__journal_start+0x253/0x810
[  300.430600]  add_transaction_credits+0x121/0x1000
[  300.430905]  ? ext4_init_io_end+0x32/0x190
[  300.431178]  ? __pfx_add_transaction_credits+0x10/0x10
[  300.431511]  ? __this_cpu_preempt_check+0x21/0x30
[  300.431806]  ? lock_acquire+0x180/0x2f0
[  300.432077]  ? __kasan_check_write+0x18/0x20
[  300.432347]  start_this_handle+0x457/0x1550
[  300.432631]  ? __pfx_start_this_handle+0x10/0x10
[  300.432929]  ? debug_smp_processor_id+0x20/0x30
[  300.433215]  ? rcu_is_watching+0x19/0xc0
[  300.433470]  ? kmem_cache_alloc_noprof+0x4e2/0x780
[  300.433782]  jbd2__journal_start+0x397/0x810
[  300.434059]  __ext4_journal_start_sb+0x3fc/0x580
[  300.434355]  ? __sanitizer_cov_trace_const_cmp4+0x1a/0x20
[  300.434700]  ? ext4_do_writepages+0x1112/0x3930
[  300.434989]  ext4_do_writepages+0x1112/0x3930
[  300.435276]  ? __lock_acquire+0x412/0x2210
[  300.435553]  ? __pfx_ext4_do_writepages+0x10/0x10
[  300.435854]  ? __this_cpu_preempt_check+0x21/0x30
[  300.436163]  ? lock_is_held_type+0xef/0x150
[  300.436438]  ext4_writepages+0x3e1/0x870
[  300.436695]  ? ext4_writepages+0x3e1/0x870
[  300.436957]  ? __pfx_ext4_writepages+0x10/0x10
[  300.437249]  ? do_raw_spin_unlock+0x15c/0x210
[  300.437539]  ? __pfx_ext4_writepages+0x10/0x10
[  300.437822]  do_writepages+0x255/0x5b0
[  300.438073]  __writeback_single_inode+0x121/0x11f0
[  300.438371]  ? _raw_spin_unlock+0x31/0x60
[  300.438633]  ? __sanitizer_cov_trace_const_cmp4+0x1a/0x20
[  300.438968]  ? wbc_attach_and_unlock_inode.part.0+0x47a/0x890
[  300.439336]  writeback_sb_inodes+0x785/0x1c80
[  300.439643]  ? __pfx_writeback_sb_inodes+0x10/0x10
[  300.439962]  ? __lock_acquire+0x412/0x2210
[  300.440223]  ? __sanitizer_cov_trace_cmp4+0x1a/0x20
[  300.440570]  ? __sanitizer_cov_trace_const_cmp8+0x1c/0x30
[  300.440909]  __writeback_inodes_wb+0xc8/0x280
[  300.441195]  wb_writeback+0x652/0x9e0
[  300.441443]  ? __pfx_wb_writeback+0x10/0x10
[  300.441721]  ? __sanitizer_cov_trace_cmp4+0x1a/0x20
[  300.442022]  ? get_nr_dirty_inodes+0x12c/0x1b0
[  300.442314]  wb_workfn+0x713/0xe60
[  300.442538]  ? try_to_wake_up+0x186/0x1b60
[  300.442800]  ? __pfx_wb_workfn+0x10/0x10
[  300.443064]  process_one_work+0x930/0x1ad0
[  300.443329]  ? __lock_acquire+0x412/0x2210
[  300.443613]  ? __pfx_process_one_work+0x10/0x10
[  300.443902]  ? move_linked_works+0x1bf/0x2c0
[  300.444180]  ? __this_cpu_preempt_check+0x21/0x30
[  300.444487]  ? assign_work+0x19f/0x250
[  300.444728]  ? lock_is_held_type+0xef/0x150
[  300.444994]  worker_thread+0x697/0xeb0
[  300.445232]  ? _raw_spin_unlock_irqrestore+0x35/0x70
[  300.445552]  ? trace_hardirqs_on+0x26/0x130
[  300.445817]  ? __pfx_worker_thread+0x10/0x10
[  300.446087]  kthread+0x464/0x980
[  300.446300]  ? __pfx_kthread+0x10/0x10
[  300.446545]  ? trace_hardirqs_on+0x26/0x130
[  300.446806]  ? _raw_spin_unlock_irq+0x3c/0x60
[  300.447082]  ? __pfx_kthread+0x10/0x10
[  300.447321]  ret_from_fork+0x780/0x8f0
[  300.447569]  ? __pfx_ret_from_fork+0x10/0x10
[  300.447832]  ? native_load_tls+0x16/0x50
[  300.448093]  ? __sanitizer_cov_trace_const_cmp8+0x1c/0x30
[  300.448434]  ? __switch_to+0x823/0x10b0
[  300.448683]  ? __pfx_kthread+0x10/0x10
[  300.448926]  ret_from_fork_asm+0x1a/0x30
[  300.449186]  </TASK>
[  300.449344] INFO: task jbd2/sda-8:96 blocked for more than 147 seconds.
[  300.449744]       Not tainted 6.19.0-9b1b3dcd28c2+ #1
[  300.450051] "echo 0 > /proc/sys/kernel/hung_task_timeout_secs" disables this message.
[  300.450527] task:jbd2/sda-8      state:D stack:0     pid:96    tgid:96    ppid:2      task_flags:0x240040 flags:0x00080000
[  300.451174] Call Trace:
[  300.451334]  <TASK>
[  300.451482]  __schedule+0xfcb/0x40e0
[  300.451726]  ? __pfx___schedule+0x10/0x10
[  300.451988]  ? lock_release+0x14f/0x2a0
[  300.452235]  schedule+0xf6/0x3d0
[  300.452462]  jbd2_journal_wait_updates+0x146/0x270
[  300.452771]  ? __pfx_jbd2_journal_wait_updates+0x10/0x10
[  300.453103]  ? __pfx_autoremove_wake_function+0x10/0x10
[  300.453433]  ? lock_release+0x14f/0x2a0
[  300.453689]  jbd2_journal_commit_transaction+0x7aa/0x6290
[  300.454024]  ? do_raw_spin_lock+0x140/0x280
[  300.454289]  ? lock_acquire+0x180/0x2f0
[  300.454558]  ? __lock_acquire+0x412/0x2210
[  300.454825]  ? __pfx_jbd2_journal_commit_transaction+0x10/0x10
[  300.455200]  ? do_raw_spin_lock+0x140/0x280
[  300.455468]  ? __pfx_do_raw_spin_lock+0x10/0x10
[  300.455760]  ? lock_acquire+0x180/0x2f0
[  300.456024]  ? __timer_delete_sync+0x20a/0x300
[  300.456306]  ? __this_cpu_preempt_check+0x21/0x30
[  300.456613]  ? _raw_spin_unlock_irqrestore+0x35/0x70
[  300.456918]  ? lockdep_hardirqs_on+0x85/0x110
[  300.457199]  ? _raw_spin_unlock_irqrestore+0x35/0x70
[  300.457519]  ? trace_hardirqs_on+0x26/0x130
[  300.457788]  ? _raw_spin_unlock_irqrestore+0x45/0x70
[  300.458098]  ? __sanitizer_cov_trace_const_cmp4+0x1a/0x20
[  300.458437]  ? __timer_delete_sync+0x21e/0x300
[  300.458735]  ? __this_cpu_preempt_check+0x21/0x30
[  300.459037]  ? lock_release+0x14f/0x2a0
[  300.459293]  kjournald2+0x203/0x790
[  300.459529]  ? __pfx_kjournald2+0x10/0x10
[  300.459788]  ? _raw_spin_unlock_irqrestore+0x35/0x70
[  300.460115]  ? trace_hardirqs_on+0x26/0x130
[  300.460381]  ? __pfx_autoremove_wake_function+0x10/0x10
[  300.460716]  ? __sanitizer_cov_trace_const_cmp1+0x1e/0x30
[  300.461052]  ? __kthread_parkme+0x1bc/0x260
[  300.461329]  ? __pfx_kjournald2+0x10/0x10
[  300.461599]  kthread+0x464/0x980
[  300.461815]  ? __pfx_kthread+0x10/0x10
[  300.462059]  ? trace_hardirqs_on+0x26/0x130
[  300.462327]  ? _raw_spin_unlock_irq+0x3c/0x60
[  300.462615]  ? __pfx_kthread+0x10/0x10
[  300.462862]  ret_from_fork+0x780/0x8f0
[  300.463108]  ? __pfx_ret_from_fork+0x10/0x10
[  300.463379]  ? native_load_tls+0x16/0x50
[  300.463641]  ? __sanitizer_cov_trace_const_cmp8+0x1c/0x30
[  300.463985]  ? __switch_to+0x823/0x10b0
[  300.464229]  ? __pfx_kthread+0x10/0x10
[  300.464486]  ret_from_fork_asm+0x1a/0x30
[  300.464753]  </TASK>
[  300.464901] INFO: task auditd:234 blocked for more than 147 seconds.
[  300.465288]       Not tainted 6.19.0-9b1b3dcd28c2+ #1
[  300.465607] "echo 0 > /proc/sys/kernel/hung_task_timeout_secs" disables this message.
[  300.466073] task:auditd          state:D stack:0     pid:234   tgid:234   ppid:1      task_flags:0x400140 flags:0x00080000
[  300.466733] Call Trace:
[  300.466893]  <TASK>
[  300.467036]  __schedule+0xfcb/0x40e0
[  300.467271]  ? __pfx___schedule+0x10/0x10
[  300.467532]  ? lock_release+0x14f/0x2a0
[  300.467786]  ? wait_transaction_locked+0x196/0x240
[  300.468101]  schedule+0xf6/0x3d0
[  300.468313]  wait_transaction_locked+0x1bb/0x240
[  300.468605]  ? wait_transaction_locked+0x196/0x240
[  300.468905]  ? __pfx_wait_transaction_locked+0x10/0x10
[  300.469226]  ? __pfx_autoremove_wake_function+0x10/0x10
[  300.469566]  ? jbd2__journal_start+0x19c/0x810
[  300.469859]  add_transaction_credits+0x121/0x1000
[  300.470164]  ? __pfx_add_transaction_credits+0x10/0x10
[  300.470489]  ? __this_cpu_preempt_check+0x21/0x30
[  300.470784]  ? lock_acquire+0x180/0x2f0
[  300.471037]  ? __kasan_check_write+0x18/0x20
[  300.471314]  start_this_handle+0x457/0x1550
[  300.471592]  ? __pfx_start_this_handle+0x10/0x10
[  300.471885]  ? debug_smp_processor_id+0x20/0x30
[  300.472183]  ? rcu_is_watching+0x19/0xc0
[  300.472440]  ? kmem_cache_alloc_noprof+0x4e2/0x780
[  300.472750]  jbd2__journal_start+0x397/0x810
[  300.473028]  __ext4_journal_start_sb+0x3fc/0x580
[  300.473320]  ? ext4_dirty_inode+0xb3/0x140
[  300.473585]  ? __pfx_ext4_dirty_inode+0x10/0x10
[  300.473877]  ext4_dirty_inode+0xb3/0x140
[  300.474134]  ? rcu_is_watching+0x19/0xc0
[  300.474385]  __mark_inode_dirty+0x1de/0x14c0
[  300.474673]  file_update_time_flags+0x482/0x510
[  300.474970]  file_modified+0x43/0x60
[  300.475204]  ext4_buffered_write_iter+0x101/0x460
[  300.475507]  ext4_file_write_iter+0xb2a/0x1ee0
[  300.475797]  ? __pfx_ext4_file_write_iter+0x10/0x10
[  300.476118]  ? __this_cpu_preempt_check+0x21/0x30
[  300.476428]  ? lock_is_held_type+0xef/0x150
[  300.476697]  vfs_write+0xc6d/0x11f0
[  300.476930]  ? __pfx_ext4_file_write_iter+0x10/0x10
[  300.477233]  ? __pfx_vfs_write+0x10/0x10
[  300.477502]  ? mutex_lock_nested+0x1f/0x30
[  300.477768]  ksys_write+0x14e/0x280
[  300.477999]  ? __pfx_ksys_write+0x10/0x10
[  300.478264]  __x64_sys_write+0x7b/0xc0
[  300.478507]  ? syscall_trace_enter+0x9d/0x240
[  300.478784]  x64_sys_call+0x1704/0x21b0
[  300.479027]  do_syscall_64+0x6d/0x1180
[  300.479269]  entry_SYSCALL_64_after_hwframe+0x76/0x7e
[  300.479581] RIP: 0033:0x7f21c253ebcf
[  300.479809] RSP: 002b:00007ffe2fa585c0 EFLAGS: 00000293 ORIG_RAX: 0000000000000001
[  300.480280] RAX: ffffffffffffffda RBX: 00000000000000f0 RCX: 00007f21c253ebcf
[  300.480712] RDX: 00000000000000f0 RSI: 000055ba4b95f0a0 RDI: 0000000000000005
[  300.481144] RBP: 000055ba4b95f0a0 R08: 0000000000000000 R09: 00007f21c25b14e0
[  300.481579] R10: 00007f21c25b13e0 R11: 0000000000000293 R12: 00000000000000f0
[  300.482006] R13: 000055ba4b9552a0 R14: 00000000000000f0 R15: 00007f21c25f69e0
[  300.482455]  </TASK>
[  300.482605] INFO: task rs:main Q:Reg:316 blocked for more than 147 seconds.
[  300.483017]       Not tainted 6.19.0-9b1b3dcd28c2+ #1
[  300.483328] "echo 0 > /proc/sys/kernel/hung_task_timeout_secs" disables this message.
[  300.483804] task:rs:main Q:Reg   state:D stack:0     pid:316   tgid:290   ppid:1      task_flags:0x400040 flags:0x00080000
[  300.484474] Call Trace:
[  300.484634]  <TASK>
[  300.484778]  __schedule+0xfcb/0x40e0
[  300.485017]  ? __pfx___schedule+0x10/0x10
[  300.485275]  ? lock_release+0x14f/0x2a0
[  300.485531]  ? wait_transaction_locked+0x196/0x240
[  300.485832]  schedule+0xf6/0x3d0
[  300.486045]  wait_transaction_locked+0x1bb/0x240
[  300.486339]  ? wait_transaction_locked+0x196/0x240
[  300.486646]  ? __pfx_wait_transaction_locked+0x10/0x10
[  300.486964]  ? __pfx_autoremove_wake_function+0x10/0x10
[  300.487298]  ? jbd2__journal_start+0x19c/0x810
[  300.487598]  add_transaction_credits+0x121/0x1000
[  300.487918]  ? __pfx_add_transaction_credits+0x10/0x10
[  300.488236]  ? __this_cpu_preempt_check+0x21/0x30
[  300.488537]  ? lock_acquire+0x180/0x2f0
[  300.488784]  ? __kasan_check_write+0x18/0x20
[  300.489060]  start_this_handle+0x457/0x1550
[  300.489333]  ? __pfx_start_this_handle+0x10/0x10
[  300.489624]  ? debug_smp_processor_id+0x20/0x30
[  300.489903]  ? rcu_is_watching+0x19/0xc0
[  300.490146]  ? kmem_cache_alloc_noprof+0x4e2/0x780
[  300.490468]  jbd2__journal_start+0x397/0x810
[  300.490745]  __ext4_journal_start_sb+0x3fc/0x580
[  300.491029]  ? ext4_dirty_inode+0xb3/0x140
[  300.491286]  ? __pfx_ext4_dirty_inode+0x10/0x10
[  300.491568]  ext4_dirty_inode+0xb3/0x140
[  300.491815]  ? rcu_is_watching+0x19/0xc0
[  300.492071]  __mark_inode_dirty+0x1de/0x14c0
[  300.492349]  file_update_time_flags+0x482/0x510
[  300.492643]  file_modified+0x43/0x60
[  300.492876]  ext4_buffered_write_iter+0x101/0x460
[  300.493167]  ext4_file_write_iter+0xb2a/0x1ee0
[  300.493461]  ? __pfx_ext4_file_write_iter+0x10/0x10
[  300.493757]  ? __this_cpu_preempt_check+0x21/0x30
[  300.494048]  ? lock_is_held_type+0xef/0x150
[  300.494316]  vfs_write+0xc6d/0x11f0
[  300.494541]  ? __pfx_ext4_file_write_iter+0x10/0x10
[  300.494842]  ? __pfx_vfs_write+0x10/0x10
[  300.495102]  ? mutex_lock_nested+0x1f/0x30
[  300.495366]  ksys_write+0x14e/0x280
[  300.495598]  ? __pfx_ksys_write+0x10/0x10
[  300.495851]  ? __audit_syscall_entry+0x393/0x4f0
[  300.496149]  __x64_sys_write+0x7b/0xc0
[  300.496386]  ? syscall_trace_enter+0x14d/0x240
[  300.496682]  x64_sys_call+0x1704/0x21b0
[  300.496926]  do_syscall_64+0x6d/0x1180
[  300.497173]  entry_SYSCALL_64_after_hwframe+0x76/0x7e
[  300.497496] RIP: 0033:0x7f2ecd53ebcf
[  300.497724] RSP: 002b:00007f2ec7ffe890 EFLAGS: 00000293 ORIG_RAX: 0000000000000001
[  300.498177] RAX: ffffffffffffffda RBX: 00007f2ec0000e80 RCX: 00007f2ecd53ebcf
[  300.498619] RDX: 000000000000005e RSI: 00007f2ec0001160 RDI: 0000000000000007
[  300.499051] RBP: 00007f2ec0001160 R08: 0000000000000000 R09: 0000000000000000
[  300.499486] R10: 000000000000000b R11: 0000000000000293 R12: 0000000000000000
[  300.499932] R13: 00005590bc8d8330 R14: 00007f2ec0000e80 R15: 000000000000005e
[  300.500371]  </TASK>
[  300.500531] INFO: task repro:708 blocked for more than 147 seconds.
[  300.500905]       Not tainted 6.19.0-9b1b3dcd28c2+ #1
[  300.501210] "echo 0 > /proc/sys/kernel/hung_task_timeout_secs" disables this message.
[  300.501678] task:repro           state:D stack:0     pid:708   tgid:708   ppid:707    task_flags:0x400140 flags:0x00080000
[  300.502332] Call Trace:
[  300.502495]  <TASK>
[  300.502640]  __schedule+0xfcb/0x40e0
[  300.502880]  ? __pfx___schedule+0x10/0x10
[  300.503133]  ? lock_release+0x14f/0x2a0
[  300.503383]  ? _raw_spin_unlock_irqrestore+0x45/0x70
[  300.503708]  schedule+0xf6/0x3d0
[  300.503929]  jbd2_log_wait_commit+0x2e4/0x4a0
[  300.504213]  ? __pfx_jbd2_log_wait_commit+0x10/0x10
[  300.504523]  ? lock_release+0x14f/0x2a0
[  300.504780]  ? __pfx_autoremove_wake_function+0x10/0x10
[  300.505108]  ? stop_this_handle+0x39f/0x670
[  300.505375]  jbd2_journal_stop+0xad4/0xe50
[  300.505644]  ? __sanitizer_cov_trace_const_cmp2+0x1/0x30
[  300.505982]  ? __pfx_jbd2_journal_stop+0x10/0x10
[  300.506278]  ? __pfx_ext4_free_inode+0x10/0x10
[  300.506572]  __ext4_journal_stop+0xea/0x200
[  300.506838]  ext4_evict_inode+0x8ce/0x1760
[  300.507100]  ? __pfx_ext4_evict_inode+0x10/0x10
[  300.507389]  ? do_raw_spin_unlock+0x15c/0x210
[  300.507669]  ? __pfx_ext4_evict_inode+0x10/0x10
[  300.507967]  evict+0x371/0xae0
[  300.508172]  ? __pfx_evict+0x10/0x10
[  300.508404]  ? iput+0x7a9/0xd70
[  300.508619]  ? iput+0x7a9/0xd70
[  300.508829]  ? __this_cpu_preempt_check+0x21/0x30
[  300.509126]  ? do_raw_spin_unlock+0x15c/0x210
[  300.509402]  iput+0x7b1/0xd70
[  300.509613]  filename_unlinkat+0x444/0x6a0
[  300.509882]  ? __pfx_filename_unlinkat+0x10/0x10
[  300.510174]  ? __sanitizer_cov_trace_const_cmp8+0x1c/0x30
[  300.510508]  ? strncpy_from_user+0x198/0x290
[  300.510784]  ? __sanitizer_cov_trace_const_cmp4+0x1a/0x20
[  300.511119]  ? do_getname+0x19e/0x3e0
[  300.511362]  __x64_sys_unlink+0x50/0x70
[  300.511616]  x64_sys_call+0x20a5/0x21b0
[  300.511863]  do_syscall_64+0x6d/0x1180
[  300.512110]  entry_SYSCALL_64_after_hwframe+0x76/0x7e
[  300.512427] RIP: 0033:0x7f56eee3eb7b
[  300.512662] RSP: 002b:00007ffc52493f08 EFLAGS: 00000202 ORIG_RAX: 0000000000000057
[  300.513112] RAX: ffffffffffffffda RBX: 0000000000000000 RCX: 00007f56eee3eb7b
[  300.513550] RDX: 00007ffc52493f20 RSI: 00007ffc52493fb0 RDI: 00007ffc52493fb0
[  300.513981] RBP: 00007ffc52494ff0 R08: 0000000000000000 R09: 00007ffc52493da0
[  300.514423] R10: 00007f56eee0b208 R11: 0000000000000202 R12: 00007ffc52495168
[  300.514846] R13: 0000000000401cee R14: 0000000000403e08 R15: 00007f56ef1d1000
[  300.515305]  </TASK>
[  300.515457] INFO: task repro:709 blocked for more than 147 seconds.
[  300.515831]       Not tainted 6.19.0-9b1b3dcd28c2+ #1
[  300.516150] "echo 0 > /proc/sys/kernel/hung_task_timeout_secs" disables this message.
[  300.516621] task:repro           state:D stack:0     pid:709   tgid:709   ppid:707    task_flags:0x400140 flags:0x00080000
[  300.517279] Call Trace:
[  300.517444]  <TASK>
[  300.517589]  __schedule+0xfcb/0x40e0
[  300.517823]  ? __pfx___schedule+0x10/0x10
[  300.518080]  ? lock_release+0x14f/0x2a0
[  300.518333]  ? wait_transaction_locked+0x196/0x240
[  300.518648]  schedule+0xf6/0x3d0
[  300.518864]  wait_transaction_locked+0x1bb/0x240
[  300.519159]  ? wait_transaction_locked+0x196/0x240
[  300.519464]  ? __pfx_wait_transaction_locked+0x10/0x10
[  300.519785]  ? __pfx_autoremove_wake_function+0x10/0x10
[  300.520124]  ? __kasan_slab_alloc+0x62/0x80
[  300.520399]  add_transaction_credits+0x121/0x1000
[  300.520708]  ? __pfx_add_transaction_credits+0x10/0x10
[  300.521027]  ? __this_cpu_preempt_check+0x21/0x30
[  300.521322]  ? lock_acquire+0x180/0x2f0
[  300.521580]  ? look_up_lock_class+0x72/0x130
[  300.521857]  ? __kasan_check_write+0x18/0x20
[  300.522135]  start_this_handle+0x457/0x1550
[  300.522398]  ? lock_is_held_type+0xef/0x150
[  300.522679]  ? __pfx_start_this_handle+0x10/0x10
[  300.522966]  ? debug_smp_processor_id+0x20/0x30
[  300.523249]  ? rcu_is_watching+0x19/0xc0
[  300.523509]  ? kmem_cache_alloc_noprof+0x4e2/0x780
[  300.523822]  jbd2__journal_start+0x397/0x810
[  300.524114]  __ext4_journal_start_sb+0x3fc/0x580
[  300.524419]  ? ext4_dirty_inode+0xb3/0x140
[  300.524683]  ? __pfx_ext4_dirty_inode+0x10/0x10
[  300.524972]  ext4_dirty_inode+0xb3/0x140
[  300.525219]  ? rcu_is_watching+0x19/0xc0
[  300.525482]  __mark_inode_dirty+0x1de/0x14c0
[  300.525753]  ? mnt_get_write_access+0x203/0x2f0
[  300.526042]  touch_atime+0x63d/0x780
[  300.526280]  iterate_dir+0x879/0xb00
[  300.526525]  __x64_sys_getdents64+0x163/0x300
[  300.526808]  ? __pfx___x64_sys_getdents64+0x10/0x10
[  300.527112]  ? ktime_get_coarse_real_ts64+0xad/0xf0
[  300.527429]  ? __pfx_filldir64+0x10/0x10
[  300.527679]  ? __audit_syscall_entry+0x393/0x4f0
[  300.527989]  x64_sys_call+0x1acd/0x21b0
[  300.528235]  do_syscall_64+0x6d/0x1180
[  300.528490]  entry_SYSCALL_64_after_hwframe+0x76/0x7e
[  300.528809] RIP: 0033:0x7f56eef14577
[  300.529037] RSP: 002b:00007ffc52493ec8 EFLAGS: 00000293 ORIG_RAX: 00000000000000d9
[  300.529504] RAX: ffffffffffffffda RBX: 00000000235152d0 RCX: 00007f56eef14577
[  300.529933] RDX: 0000000000008000 RSI: 00000000235152d0 RDI: 0000000000000003
[  300.530355] RBP: 00000000235152a4 R08: 0000000000000003 R09: 0000000000000078
[  300.530788] R10: 00007f56eee15468 R11: 0000000000000293 R12: ffffffffffffff80
[  300.531221] R13: 0000000000000016 R14: 00000000235152a0 R15: 00007f56ef1d1000
[  300.531679]  </TASK>
[  300.531824] Future hung task reports are suppressed, see sysctl kernel.hung_task_warnings
[  300.532321] 
[  300.532321] Showing all locks held in the system:
[  300.532697] 3 locks held by systemd/725:
[  300.532943]  #0: ff1100001064c408 (sb_writers#3){.+.+}-{0:0}, at: filename_rmdir+0x2e6/0x560
[  300.533480]  #1: ff1100001a78d9f0 (&type->i_mutex_dir_key#3/1){+.+.}-{4:4}, at: filename_rmdir+0x332/0x560
[  300.534083]  #2: ff1100001a78c6d0 (&type->i_mutex_dir_key#3){++++}-{4:4}, at: vfs_rmdir+0xfc/0x880
[  300.534637] 3 locks held by systemd/726:
[  300.534881]  #0: ff1100001064c408 (sb_writers#3){.+.+}-{0:0}, at: filename_rmdir+0x2e6/0x560
[  300.535420]  #1: ff1100001a78ed10 (&type->i_mutex_dir_key#3/1){+.+.}-{4:4}, at: filename_rmdir+0x332/0x560
[  300.536029]  #2: ff1100001a789700 (&type->i_mutex_dir_key#3){++++}-{4:4}, at: vfs_rmdir+0xfc/0x880
[  300.536593] 4 locks held by kworker/u8:0/12:
[  300.536857]  #0: ff1100000bd1d148 ((wq_completion)writeback){+.+.}-{0:0}, at: process_one_work+0x1260/0x1ad0
[  300.537483]  #1: ff1100000b96fc88 ((work_completion)(&(&wb->dwork)->work)){+.+.}-{0:0}, at: process_one_work+0x89f/0x1ad0
[  300.538143]  #2: ff1100001064c0e0 (&type->s_umount_key#39){++++}-{4:4}, at: super_trylock_shared+0x2b/0x110
[  300.538752]  #3: ff1100001064eb98 (&sbi->s_writepages_rwsem){++++}-{0:0}, at: do_writepages+0x255/0x5b0
[  300.539331] 1 lock held by khungtaskd/33:
[  300.539587]  #0: ffffffff876625a0 (rcu_read_lock){....}-{1:3}, at: debug_show_all_locks+0x3b/0x1f0
[  300.540153] 4 locks held by kworker/u8:1/34:
[  300.540428]  #0: ff1100000bd1d148 ((wq_completion)writeback){+.+.}-{0:0}, at: process_one_work+0x1260/0x1ad0
[  300.541040]  #1: ff1100000c24fc88 ((work_completion)(&(&wb->dwork)->work)){+.+.}-{0:0}, at: process_one_work+0x89f/0x1ad0
[  300.541713]  #2: ff1100001064c0e0 (&type->s_umount_key#39){++++}-{4:4}, at: super_trylock_shared+0x2b/0x110
[  300.542317]  #3: ff1100001064eb98 (&sbi->s_writepages_rwsem){++++}-{0:0}, at: do_writepages+0x255/0x5b0
[  300.542907] 4 locks held by kworker/u8:3/53:
[  300.543173]  #0: ff1100000bd1d148 ((wq_completion)writeback){+.+.}-{0:0}, at: process_one_work+0x1260/0x1ad0
[  300.543791]  #1: ff1100000cf77c88 ((work_completion)(&(&wb->dwork)->work)){+.+.}-{0:0}, at: process_one_work+0x89f/0x1ad0
[  300.544487]  #2: ff1100001064c0e0 (&type->s_umount_key#39){++++}-{4:4}, at: super_trylock_shared+0x2b/0x110
[  300.545091]  #3: ff1100001064eb98 (&sbi->s_writepages_rwsem){++++}-{0:0}, at: do_writepages+0x255/0x5b0
[  300.545679] 3 locks held by auditd/234:
[  300.545921]  #0: ff11000016dffcf8 (&f->f_pos_lock){+.+.}-{4:4}, at: fdget_pos+0x2b5/0x390
[  300.546438]  #1: ff1100001064c408 (sb_writers#3){.+.+}-{0:0}, at: ksys_write+0x14e/0x280
[  300.546942]  #2: ff11000017705060 (&sb->s_type->i_mutex_key#10){++++}-{4:4}, at: ext4_buffered_write_iter+0xb8/0x460
[  300.547589] 2 locks held by in:imjournal/315:
[  300.547859]  #0: ff1100001064c408 (sb_writers#3){.+.+}-{0:0}, at: path_openat+0x1939/0x2f70
[  300.548398]  #1: ff1100001c128d70 (&type->i_mutex_dir_key#3){++++}-{4:4}, at: path_openat+0xf5d/0x2f70
[  300.548978] 3 locks held by rs:main Q:Reg/316:
[  300.549253]  #0: ff110000107a55f8 (&f->f_pos_lock){+.+.}-{4:4}, at: fdget_pos+0x2b5/0x390
[  300.549766]  #1: ff1100001064c408 (sb_writers#3){.+.+}-{0:0}, at: ksys_write+0x14e/0x280
[  300.550267]  #2: ff1100001c12bd40 (&sb->s_type->i_mutex_key#10){++++}-{4:4}, at: ext4_buffered_write_iter+0xb8/0x460
[  300.550912] 2 locks held by repro/708:
[  300.551140]  #0: ff1100001064c408 (sb_writers#3){.+.+}-{0:0}, at: filename_unlinkat+0x195/0x6a0
[  300.551642]  #1: ff1100001064c5f8 (sb_internal){.+.+}-{0:0}, at: evict+0x371/0xae0
[  300.552082] 3 locks held by repro/709:
[  300.552300]  #0: ff110000226a8b78 (&f->f_pos_lock){+.+.}-{4:4}, at: fdget_pos+0x2b5/0x390
[  300.552783]  #1: ff11000021e403e0 (&type->i_mutex_dir_key#3){++++}-{4:4}, at: iterate_dir+0x1a0/0xb00
[  300.553308]  #2: ff1100001064c408 (sb_writers#3){.+.+}-{0:0}, at: iterate_dir+0x879/0xb00
[  300.553791] 3 locks held by repro/710:
[  300.554007]  #0: ff1100001064c408 (sb_writers#3){.+.+}-{0:0}, at: filename_create+0x122/0x460
[  300.554502]  #1: ff11000021e42a20 (&type->i_mutex_dir_key#3/1){+.+.}-{4:4}, at: filename_create+0x1e6/0x460
[  300.555055]  #2: ff1100001064a950 (jbd2_handle){++++}-{0:0}, at: start_this_handle+0x1042/0x1550
[  300.555560] 3 locks held by repro/714:
[  300.555776]  #0: ff110000153615f8 (&f->f_pos_lock){+.+.}-{4:4}, at: fdget_pos+0x2b5/0x390
[  300.556259]  #1: ff11000021e459f0 (&type->i_mutex_dir_key#3){++++}-{4:4}, at: iterate_dir+0x1a0/0xb00
[  300.556834]  #2: ff1100001064c408 (sb_writers#3){.+.+}-{0:0}, at: iterate_dir+0x879/0xb00
[  300.557348] 2 locks held by repro/715:
[  300.557591]  #0: ff1100001064c408 (sb_writers#3){.+.+}-{0:0}, at: filename_unlinkat+0x195/0x6a0
[  300.558139]  #1: ff1100001064c5f8 (sb_internal){.+.+}-{0:0}, at: evict+0x371/0xae0
[  300.558617] 3 locks held by repro/716:
[  300.558852]  #0: ff11000015361eb8 (&f->f_pos_lock){+.+.}-{4:4}, at: fdget_pos+0x2b5/0x390
[  300.559364]  #1: ff11000021dd83e0 (&type->i_mutex_dir_key#3){++++}-{4:4}, at: iterate_dir+0x1a0/0xb00
[  300.559945]  #2: ff1100001064c408 (sb_writers#3){.+.+}-{0:0}, at: iterate_dir+0x879/0xb00
[  300.560474] 2 locks held by repro/717:
[  300.560707]  #0: ff1100001064c408 (sb_writers#3){.+.+}-{0:0}, at: filename_unlinkat+0x195/0x6a0
[  300.561257]  #1: ff1100001064c5f8 (sb_internal){.+.+}-{0:0}, at: evict+0x371/0xae0
[  300.561743] 3 locks held by repro/721:
[  300.561976]  #0: ff11000015360ef8 (&f->f_pos_lock){+.+.}-{4:4}, at: fdget_pos+0x2b5/0x390
[  300.562487]  #1: ff11000021dded10 (&type->i_mutex_dir_key#3){++++}-{4:4}, at: iterate_dir+0x1a0/0xb00
[  300.563060]  #2: ff1100001064c408 (sb_writers#3){.+.+}-{0:0}, at: iterate_dir+0x879/0xb00
[  300.563574] 4 locks held by kworker/u8:4/728:
[  300.563844]  #0: ff1100000bd1d148 ((wq_completion)writeback){+.+.}-{0:0}, at: process_one_work+0x1260/0x1ad0
[  300.564473]  #1: ff11000019577c88 ((work_completion)(&(&wb->dwork)->work)){+.+.}-{0:0}, at: process_one_work+0x89f/0x1ad0
[  300.565147]  #2: ff1100001064c0e0 (&type->s_umount_key#39){++++}-{4:4}, at: super_trylock_shared+0x2b/0x110
[  300.565759]  #3: ff1100001064eb98 (&sbi->s_writepages_rwsem){++++}-{0:0}, at: do_writepages+0x255/0x5b0
[  300.566337] 4 locks held by kworker/u8:5/729:
[  300.566614]  #0: ff1100000bd1d148 ((wq_completion)writeback){+.+.}-{0:0}, at: process_one_work+0x1260/0x1ad0
[  300.567231]  #1: ff110000192bfc88 ((work_completion)(&(&wb->dwork)->work)){+.+.}-{0:0}, at: process_one_work+0x89f/0x1ad0
[  300.567916]  #2: ff1100001064c0e0 (&type->s_umount_key#39){++++}-{4:4}, at: super_trylock_shared+0x2b/0x110
[  300.568511]  #3: ff1100001064eb98 (&sbi->s_writepages_rwsem){++++}-{0:0}, at: do_writepages+0x255/0x5b0
[  300.569079] 
[  300.569185] =============================================
[  300.569185] 
