c[?7l[2J[0mSeaBIOS (version rel-1.16.3-0-ga6ed6b701f0a-prebuilt.qemu.org)


iPXE (http://ipxe.org) 00:03.0 CA00 PCI2.10 PnP PMM+7EFD0D60+7EF30D60 CA00
Press Ctrl-B to configure iPXE (PCI 00:03.0)...                                                                               


Booting from ROM..c[?7l[2J[    0.000000] Linux version 6.19.0-rc1-aaf76839616a+ (root@gnr-800442) (gcc (GCC) 11.5.0 20240719 (Red Hat 11.5.0-14), GNU ld version 2.35.2-66.el9) #1 SMP PREEMPT_DYNAMIC Thu Mar 12 23:57:25 CST 2026
[    0.000000] Command line: console=ttyS0 root=/dev/sda earlyprintk=serial net.ifnames=0 thunderbolt.dyndbg
[    0.000000] KERNEL supported cpus:
[    0.000000]   Intel GenuineIntel
[    0.000000]   AMD AuthenticAMD
[    0.000000]   Hygon HygonGenuine
[    0.000000]   Centaur CentaurHauls
[    0.000000]   zhaoxin   Shanghai  
[    0.000000] x86/CPU: Model not found in latest microcode list
[    0.000000] x86/split lock detection: #DB: warning on user-space bus_locks
[    0.000000] BIOS-provided physical RAM map:
[    0.000000] BIOS-e820: [mem 0x0000000000000000-0x000000000009fbff] usable
[    0.000000] BIOS-e820: [mem 0x000000000009fc00-0x000000000009ffff] reserved
[    0.000000] BIOS-e820: [mem 0x00000000000f0000-0x00000000000fffff] reserved
[    0.000000] BIOS-e820: [mem 0x0000000000100000-0x000000007ffdffff] usable
[    0.000000] BIOS-e820: [mem 0x000000007ffe0000-0x000000007fffffff] reserved
[    0.000000] BIOS-e820: [mem 0x00000000feffc000-0x00000000feffffff] reserved
[    0.000000] BIOS-e820: [mem 0x00000000fffc0000-0x00000000ffffffff] reserved
[    0.000000] printk: legacy bootconsole [earlyser0] enabled
[    0.000000] NX (Execute Disable) protection: active
[    0.000000] APIC: Static calls initialized
[    0.000000] SMBIOS 3.0.0 present.
[    0.000000] DMI: QEMU Standard PC (i440FX + PIIX, 1996), BIOS rel-1.16.3-0-ga6ed6b701f0a-prebuilt.qemu.org 04/01/2014
[    0.000000] DMI: Memory slots populated: 1/1
[    0.000000] Hypervisor detected: KVM
[    0.000000] last_pfn = 0x7ffe0 max_arch_pfn = 0x10000000000
[    0.000000] kvm-clock: Using msrs 4b564d01 and 4b564d00
[    0.000002] kvm-clock: using sched offset of 728567065 cycles
[    0.000476] clocksource: kvm-clock: mask: 0xffffffffffffffff max_cycles: 0x1cd42e4dffb, max_idle_ns: 881590591483 ns
[    0.001963] tsc: Detected 2500.000 MHz processor
[    0.010526] last_pfn = 0x7ffe0 max_arch_pfn = 0x10000000000
[    0.011058] MTRR map: 4 entries (3 fixed + 1 variable; max 19), built from 8 variable MTRRs
[    0.011821] x86/PAT: Configuration [0-7]: WB  WC  UC- UC  WB  WP  UC- WT  
[    0.017747] found SMP MP-table at [mem 0x000f5480-0x000f548f]
[    0.018292] Using GB pages for direct mapping
[    0.020795] ACPI: Early table checksum verification disabled
[    0.021268] ACPI: RSDP 0x00000000000F52A0 000014 (v00 BOCHS )
[    0.021757] ACPI: RSDT 0x000000007FFE1C9B 000034 (v01 BOCHS  BXPC     00000001 BXPC 00000001)
[    0.022471] ACPI: FACP 0x000000007FFE1B47 000074 (v01 BOCHS  BXPC     00000001 BXPC 00000001)
[    0.023196] ACPI: DSDT 0x000000007FFE0040 001B07 (v01 BOCHS  BXPC     00000001 BXPC 00000001)
[    0.023917] ACPI: FACS 0x000000007FFE0000 000040
[    0.024307] ACPI: APIC 0x000000007FFE1BBB 000080 (v03 BOCHS  BXPC     00000001 BXPC 00000001)
[    0.025022] ACPI: HPET 0x000000007FFE1C3B 000038 (v01 BOCHS  BXPC     00000001 BXPC 00000001)
[    0.025786] ACPI: WAET 0x000000007FFE1C73 000028 (v01 BOCHS  BXPC     00000001 BXPC 00000001)
[    0.026564] ACPI: Reserving FACP table memory at [mem 0x7ffe1b47-0x7ffe1bba]
[    0.027201] ACPI: Reserving DSDT table memory at [mem 0x7ffe0040-0x7ffe1b46]
[    0.027838] ACPI: Reserving FACS table memory at [mem 0x7ffe0000-0x7ffe003f]
[    0.028438] ACPI: Reserving APIC table memory at [mem 0x7ffe1bbb-0x7ffe1c3a]
[    0.029018] ACPI: Reserving HPET table memory at [mem 0x7ffe1c3b-0x7ffe1c72]
[    0.029587] ACPI: Reserving WAET table memory at [mem 0x7ffe1c73-0x7ffe1c9a]
[    0.030759] No NUMA configuration found
[    0.031105] Faking a node at [mem 0x0000000000000000-0x000000007ffdffff]
[    0.031745] NODE_DATA(0) allocated [mem 0x7ffb4ec0-0x7ffdfcbf]
[    0.033254] Zone ranges:
[    0.033510]   DMA      [mem 0x0000000000001000-0x0000000000ffffff]
[    0.034098]   DMA32    [mem 0x0000000001000000-0x000000007ffdffff]
[    0.034681]   Normal   empty
[    0.034942]   Device   empty
[    0.035203] Movable zone start for each node
[    0.035592] Early memory node ranges
[    0.035919]   node   0: [mem 0x0000000000001000-0x000000000009efff]
[    0.036480]   node   0: [mem 0x0000000000100000-0x000000007ffdffff]
[    0.037047] Initmem setup node 0 [mem 0x0000000000001000-0x000000007ffdffff]
[    0.037938] On node 0, zone DMA: 1 pages in unavailable ranges
[    0.038649] On node 0, zone DMA: 97 pages in unavailable ranges
[    0.067718] On node 0, zone DMA32: 32 pages in unavailable ranges
[    0.121923] KernelAddressSanitizer initialized (generic)
[    0.122677] ACPI: PM-Timer IO Port: 0x608
[    0.123063] ACPI: LAPIC_NMI (acpi_id[0xff] dfl dfl lint[0x1])
[    0.123622] IOAPIC[0]: apic_id 0, version 17, address 0xfec00000, GSI 0-23
[    0.124265] ACPI: INT_SRC_OVR (bus 0 bus_irq 0 global_irq 2 dfl dfl)
[    0.124846] ACPI: INT_SRC_OVR (bus 0 bus_irq 5 global_irq 5 high level)
[    0.125437] ACPI: INT_SRC_OVR (bus 0 bus_irq 9 global_irq 9 high level)
[    0.126042] ACPI: INT_SRC_OVR (bus 0 bus_irq 10 global_irq 10 high level)
[    0.126643] ACPI: INT_SRC_OVR (bus 0 bus_irq 11 global_irq 11 high level)
[    0.127265] ACPI: Using ACPI (MADT) for SMP configuration information
[    0.127851] ACPI: HPET id: 0x8086a201 base: 0xfed00000
[    0.128319] TSC deadline timer available
[    0.128685] CPU topo: Max. logical packages:   1
[    0.129101] CPU topo: Max. logical dies:       1
[    0.129518] CPU topo: Max. dies per package:   1
[    0.129956] CPU topo: Max. threads per core:   1
[    0.130369] CPU topo: Num. cores per package:     2
[    0.130820] CPU topo: Num. threads per package:   2
[    0.131257] CPU topo: Allowing 2 present CPUs plus 0 hotplug CPUs
[    0.131851] kvm-guest: APIC: eoi() replaced with kvm_guest_apic_eoi_write()
[    0.132498] kvm-guest: KVM setup pv remote TLB flush
[    0.132957] kvm-guest: setup PV sched yield
[    0.133375] PM: hibernation: Registered nosave memory: [mem 0x00000000-0x00000fff]
[    0.134060] PM: hibernation: Registered nosave memory: [mem 0x0009f000-0x000fffff]
[    0.134769] [mem 0x80000000-0xfeffbfff] available for PCI devices
[    0.135311] Booting paravirtualized kernel on KVM
[    0.135742] clocksource: refined-jiffies: mask: 0xffffffff max_cycles: 0xffffffff, max_idle_ns: 7645519600211568 ns
[    0.136695] setup_percpu: NR_CPUS:8192 nr_cpumask_bits:2 nr_cpu_ids:2 nr_node_ids:1
[    0.137842] percpu: Embedded 81 pages/cpu s294912 r8192 d28672 u1048576
[    0.138622] kvm-guest: PV spinlocks enabled
[    0.139230] PV qspinlock hash table entries: 256 (order: 0, 4096 bytes, linear)
[    0.139925] Kernel command line: net.ifnames=0 console=ttyS0 root=/dev/sda earlyprintk=serial net.ifnames=0 thunderbolt.dyndbg
[    0.141265] random: crng init done
[    0.141579] printk: log buffer data + meta data: 262144 + 917504 = 1179648 bytes
[    0.142644] Dentry cache hash table entries: 262144 (order: 9, 2097152 bytes, linear)
[    0.143715] Inode-cache hash table entries: 131072 (order: 8, 1048576 bytes, linear)
[    0.144716] Fallback order for Node 0: 0 
[    0.144728] Built 1 zonelists, mobility grouping on.  Total pages: 524158
[    0.145669] Policy zone: DMA32
[    0.145935] mem auto-init: stack:off, heap alloc:off, heap free:off
[    0.146477] stackdepot: allocating hash table via alloc_large_system_hash
[    0.147077] stackdepot hash table entries: 1048576 (order: 12, 16777216 bytes, linear)
[    0.150741] stackdepot: allocating space for 8192 stack pools via memblock
[    0.185615] SLUB: HWalign=64, Order=0-3, MinObjects=0, CPUs=2, Nodes=1
[    0.186194] kmemleak: Kernel memory leak detector disabled
[    0.223214] ftrace: allocating 75259 entries in 296 pages
[    0.223706] ftrace: allocated 296 pages with 3 groups
[    0.228524] Dynamic Preempt: voluntary
[    0.229375] Running RCU self tests
[    0.229679] Running RCU synchronous self tests
[    0.230066] rcu: Preemptible hierarchical RCU implementation.
[    0.230563] rcu: 	RCU lockdep checking is enabled.
[    0.230980] rcu: 	RCU restricting CPUs from NR_CPUS=8192 to nr_cpu_ids=2.
[    0.231570] 	Trampoline variant of Tasks RCU enabled.
[    0.232011] 	Rude variant of Tasks RCU enabled.
[    0.232395] 	Tracing variant of Tasks RCU enabled.
[    0.232813] rcu: RCU calculated value of scheduler-enlistment delay is 25 jiffies.
[    0.233472] rcu: Adjusting geometry for rcu_fanout_leaf=16, nr_cpu_ids=2
[    0.234144] Running RCU synchronous self tests
[    0.234532] RCU Tasks: Setting shift to 1 and lim to 1 rcu_task_cb_adjust=1 rcu_task_cpu_ids=2.
[    0.235298] RCU Tasks Rude: Setting shift to 1 and lim to 1 rcu_task_cb_adjust=1 rcu_task_cpu_ids=2.
[    0.236093] RCU Tasks Trace: Setting shift to 1 and lim to 1 rcu_task_cb_adjust=1 rcu_task_cpu_ids=2.
[    0.312544] NR_IRQS: 524544, nr_irqs: 440, preallocated irqs: 16
[    0.313633] rcu: srcu_init: Setting srcu_struct sizes based on contention.
[    0.322093] Console: colour VGA+ 80x25
[    0.322501] printk: legacy console [ttyS0] enabled
[    0.322501] printk: legacy console [ttyS0] enabled
[    0.323356] printk: legacy bootconsole [earlyser0] disabled
[    0.323356] printk: legacy bootconsole [earlyser0] disabled
[    0.324347] Lock dependency validator: Copyright (c) 2006 Red Hat, Inc., Ingo Molnar
[    0.325046] ... MAX_LOCKDEP_SUBCLASSES:  8
[    0.325410] ... MAX_LOCK_DEPTH:          48
[    0.325799] ... MAX_LOCKDEP_KEYS:        8192
[    0.326189] ... CLASSHASH_SIZE:          4096
[    0.326579] ... MAX_LOCKDEP_ENTRIES:     32768
[    0.326988] ... MAX_LOCKDEP_CHAINS:      65536
[    0.327391] ... CHAINHASH_SIZE:          32768
[    0.327800]  memory used by lock dependency info: 6429 kB
[    0.328276]  memory used for stack traces: 4224 kB
[    0.328716]  per task-struct memory footprint: 1920 bytes
[    0.329278] ACPI: Core revision 20250807
[    0.330075] clocksource: hpet: mask: 0xffffffff max_cycles: 0xffffffff, max_idle_ns: 19112604467 ns
[    0.331077] APIC: Switch to symmetric I/O mode setup
[    0.331723] x2apic enabled
[    0.332371] APIC: Switched APIC routing to: physical x2apic
[    0.332929] kvm-guest: APIC: send_IPI_mask() replaced with kvm_send_ipi_mask()
[    0.333577] kvm-guest: APIC: send_IPI_mask_allbutself() replaced with kvm_send_ipi_mask_allbutself()
[    0.334397] kvm-guest: setup PV IPIs
[    0.335913] ..TIMER: vector=0x30 apic1=0 pin1=2 apic2=-1 pin2=-1
[    0.336481] clocksource: tsc-early: mask: 0xffffffffffffffff max_cycles: 0x240939f1bb2, max_idle_ns: 440795263295 ns
[    0.337451] Calibrating delay loop (skipped) preset value.. 5000.00 BogoMIPS (lpj=10000000)
[    0.338360] x86/cpu: User Mode Instruction Prevention (UMIP) activated
[    0.341505] Last level iTLB entries: 4KB 0, 2MB 0, 4MB 0
[    0.341984] Last level dTLB entries: 4KB 0, 2MB 0, 4MB 0, 1GB 0
[    0.342541] mitigations: Enabled attack vectors: user_kernel, user_user, guest_host, guest_guest, SMT mitigations: auto
[    0.343513] Speculative Store Bypass: Mitigation: Speculative Store Bypass disabled via prctl
[    0.344278] Spectre V2 : Mitigation: Enhanced / Automatic IBRS
[    0.344796] ITS: Mitigation: Aligned branch/return thunks
[    0.345284] Spectre V1 : Mitigation: usercopy/swapgs barriers and __user pointer sanitization
[    0.345446] Spectre V2 : WARNING: Unprivileged eBPF is enabled with eIBRS on, data leaks possible via Spectre v2 BHB attacks!
[    0.346439] Spectre V2 : Spectre v2 / PBRSB-eIBRS: Retire a single CALL on VMEXIT
[    0.347094] Spectre V2 : mitigation: Enabling conditional Indirect Branch Prediction Barrier
[    0.347828] active return thunk: its_return_thunk
[    0.348236] Spectre V2 : Spectre BHI mitigation: SW BHB clearing on syscall and VM exit
[    0.349514] x86/fpu: Supporting XSAVE feature 0x001: 'x87 floating point registers'
[    0.350213] x86/fpu: Supporting XSAVE feature 0x002: 'SSE registers'
[    0.350778] x86/fpu: Supporting XSAVE feature 0x004: 'AVX registers'
[    0.351327] x86/fpu: Supporting XSAVE feature 0x020: 'AVX-512 opmask'
[    0.351903] x86/fpu: Supporting XSAVE feature 0x040: 'AVX-512 Hi256'
[    0.352445] x86/fpu: Supporting XSAVE feature 0x080: 'AVX-512 ZMM_Hi256'
[    0.353036] x86/fpu: Supporting XSAVE feature 0x200: 'Protection Keys User registers'
[    0.353446] x86/fpu: Supporting XSAVE feature 0x20000: 'AMX Tile config'
[    0.354023] x86/fpu: Supporting XSAVE feature 0x40000: 'AMX Tile data'
[    0.354592] x86/fpu: xstate_offset[2]:  576, xstate_sizes[2]:  256
[    0.355129] x86/fpu: xstate_offset[5]:  832, xstate_sizes[5]:   64
[    0.355689] x86/fpu: xstate_offset[6]:  896, xstate_sizes[6]:  512
[    0.356231] x86/fpu: xstate_offset[7]: 1408, xstate_sizes[7]: 1024
[    0.357449] x86/fpu: xstate_offset[9]: 2432, xstate_sizes[9]:    8
[    0.358016] x86/fpu: xstate_offset[17]: 2496, xstate_sizes[17]:   64
[    0.358575] x86/fpu: xstate_offset[18]: 2560, xstate_sizes[18]: 8192
[    0.359146] x86/fpu: Enabled xstate features 0x602e7, context size is 10752 bytes, using 'compacted' format.
[    0.530210] Freeing SMP alternatives memory: 64K
[    0.530636] pid_max: default: 32768 minimum: 301
[    0.531391] Yama: becoming mindful.
[    0.532116] Mount-cache hash table entries: 4096 (order: 3, 32768 bytes, linear)
[    0.532774] Mountpoint-cache hash table entries: 4096 (order: 3, 32768 bytes, linear)
[    0.534910] Running RCU synchronous self tests
[    0.535303] Running RCU synchronous self tests
[    0.535990] smpboot: CPU0: Intel GENUINE INTEL(R) XEON(R) (family: 0x6, model: 0xad, stepping: 0x0)
[    0.537439] Performance Events: PEBS fmt0-, Granite Rapids events, 
[    0.537439] core: The event 0x400 is not supported as a normal event.
[    0.537439] core: The event 0x8000 is not supported as a normal event.
[    0.537439] core: The event 0x8100 is not supported as a normal event.
[    0.537439] core: The event 0x8200 is not supported as a normal event.
[    0.537448] core: The event 0x8300 is not supported as a normal event.
[    0.538026] core: The event 0x8400 is not supported as a normal event.
[    0.538590] core: The event 0x8500 is not supported as a normal event.
[    0.539157] core: The event 0x8600 is not supported as a normal event.
[    0.539718] core: The event 0x8700 is not supported as a normal event.
[    0.540313] full-width counters, Intel PMU driver.
[    0.540760] ... version:                   2
[    0.541154] ... bit width:                 48
[    0.541444] ... generic counters:          8
[    0.541841] ... generic bitmap:            00000000000000ff
[    0.542326] ... fixed-purpose counters:    3
[    0.542700] ... fixed-purpose bitmap:      0000000000000007
[    0.543185] ... value mask:                0000ffffffffffff
[    0.543663] ... max period:                00007fffffffffff
[    0.544146] ... global_ctrl mask:          00000007000000ff
[    0.545163] signal: max sigframe size: 11952
[    0.545593] rcu: Hierarchical SRCU implementation.
[    0.546019] rcu: 	Max phase no-delay instances is 1000.
[    0.546675] Timer migration: 1 hierarchy levels; 8 children per group; 1 crossnode level
[    0.571205] smp: Bringing up secondary CPUs ...
[    0.572195] smpboot: x86: Booting SMP configuration:
[    0.572661] .... node  #0, CPUs:      #1
[    0.573688] smp: Brought up 1 node, 2 CPUs
[    0.574440] smpboot: Total of 2 processors activated (10000.00 BogoMIPS)
[    0.575966] Memory: 1591816K/2096632K available (80926K kernel code, 15557K rwdata, 18816K rodata, 16412K init, 20860K bss, 493188K reserved, 0K cma-reserved)
[    0.578098] devtmpfs: initialized
[    0.578531] x86/mm: Memory block size: 128MB
[    0.590609] Running RCU synchronous self tests
[    0.591080] Running RCU synchronous self tests
[    0.591496] Running RCU Tasks wait API self tests
[    0.593487] Running RCU Tasks Rude wait API self tests
[    0.593965] Running RCU Tasks Trace wait API self tests
[    0.617466] clocksource: jiffies: mask: 0xffffffff max_cycles: 0xffffffff, max_idle_ns: 7645041785100000 ns
[    0.618380] posixtimers hash table entries: 1024 (order: 5, 73728 bytes, linear)
[    0.619085] futex hash table entries: 512 (65536 bytes on 1 NUMA nodes, total 64 KiB, linear).
[    0.622299] 
[    0.622479] *************************************************************
[    0.623077] **     NOTICE NOTICE NOTICE NOTICE NOTICE NOTICE NOTICE    **
[    0.623673] **                                                         **
[    0.624258] **  IOMMU DebugFS SUPPORT HAS BEEN ENABLED IN THIS KERNEL  **
[    0.624853] **                                                         **
[    0.625436] ** This means that this kernel is built to expose internal **
[    0.625445] ** IOMMU data structures, which may compromise security on **
[    0.626043] ** your system.                                            **
[    0.626628] **                                                         **
[    0.627220] ** If you see this message and you are not debugging the   **
[    0.627790] ** kernel, report this immediately to your vendor!         **
[    0.628327] **                                                         **
[    0.628901] **     NOTICE NOTICE NOTICE NOTICE NOTICE NOTICE NOTICE    **
[    0.629447] *************************************************************
[    0.630126] PM: RTC time: 15:59:07, date: 2026-03-12
[    0.633034] NET: Registered PF_NETLINK/PF_ROUTE protocol family
[    0.635066] DMA: preallocated 256 KiB GFP_KERNEL pool for atomic allocations
[    0.635721] DMA: preallocated 256 KiB GFP_KERNEL|GFP_DMA pool for atomic allocations
[    0.636402] DMA: preallocated 256 KiB GFP_KERNEL|GFP_DMA32 pool for atomic allocations
[    0.637163] audit: initializing netlink subsys (disabled)
[    0.637513] audit: type=2000 audit(1773331147.418:1): state=initialized audit_enabled=0 res=1
[    0.639419] thermal_sys: Registered thermal governor 'fair_share'
[    0.639430] thermal_sys: Registered thermal governor 'bang_bang'
[    0.640053] thermal_sys: Registered thermal governor 'step_wise'
[    0.640053] thermal_sys: Registered thermal governor 'user_space'
[    0.641459] cpuidle: using governor ladder
[    0.642444] cpuidle: using governor menu
[    0.642640] acpiphp: ACPI Hot Plug PCI Controller Driver version: 0.5
[    0.642640] PCI: Using configuration type 1 for base access
[    0.645795] kprobes: kprobe jump-optimization is enabled. All kprobes are optimized if possible.
[    0.654063] Callback from call_rcu_tasks_trace() invoked.
[    0.777288] HugeTLB: registered 1.00 GiB page size, pre-allocated 0 pages
[    0.777445] HugeTLB: 16380 KiB vmemmap can be freed for a 1.00 GiB page
[    0.778025] HugeTLB: registered 2.00 MiB page size, pre-allocated 0 pages
[    0.778615] HugeTLB: 28 KiB vmemmap can be freed for a 2.00 MiB page
[    0.786958] ACPI: Added _OSI(Module Device)
[    0.787363] ACPI: Added _OSI(Processor Device)
[    0.787757] ACPI: Added _OSI(Processor Aggregator Device)
[    0.806815] ACPI: 1 ACPI AML tables successfully acquired and loaded
[    0.814282] ACPI: Interpreter enabled
[    0.814772] ACPI: PM: (supports S0 S3 S4 S5)
[    0.815173] ACPI: Using IOAPIC for interrupt routing
[    0.815716] PCI: Using host bridge windows from ACPI; if necessary, use "pci=nocrs" and report a bug
[    0.816513] PCI: Using E820 reservations for host bridge windows
[    0.818453] ACPI: Enabled 2 GPEs in block 00 to 0F
[    0.863758] ACPI: PCI Root Bridge [PCI0] (domain 0000 [bus 00-ff])
[    0.864348] acpi PNP0A03:00: _OSC: OS supports [ASPM ClockPM Segments MSI EDR HPX-Type3]
[    0.865049] acpi PNP0A03:00: _OSC: not requesting OS control; OS requires [ExtendedConfig ASPM ClockPM MSI]
[    0.865607] acpi PNP0A03:00: fail to add MMCONFIG information, can't access extended configuration space under this bridge
[    0.872029] acpiphp: Slot [3] registered
[    0.872553] acpiphp: Slot [4] registered
[    0.873052] acpiphp: Slot [5] registered
[    0.873552] acpiphp: Slot [6] registered
[    0.874051] acpiphp: Slot [7] registered
[    0.874559] acpiphp: Slot [8] registered
[    0.875052] acpiphp: Slot [9] registered
[    0.875558] acpiphp: Slot [10] registered
[    0.876064] acpiphp: Slot [11] registered
[    0.876577] acpiphp: Slot [12] registered
[    0.877077] acpiphp: Slot [13] registered
[    0.877621] acpiphp: Slot [14] registered
[    0.878122] acpiphp: Slot [15] registered
[    0.878630] acpiphp: Slot [16] registered
[    0.879129] acpiphp: Slot [17] registered
[    0.879640] acpiphp: Slot [18] registered
[    0.880143] acpiphp: Slot [19] registered
[    0.880653] acpiphp: Slot [20] registered
[    0.881153] acpiphp: Slot [21] registered
[    0.881590] acpiphp: Slot [22] registered
[    0.882107] acpiphp: Slot [23] registered
[    0.882858] acpiphp: Slot [24] registered
[    0.883389] acpiphp: Slot [25] registered
[    0.883901] acpiphp: Slot [26] registered
[    0.884406] acpiphp: Slot [27] registered
[    0.884925] acpiphp: Slot [28] registered
[    0.885431] acpiphp: Slot [29] registered
[    0.885593] acpiphp: Slot [30] registered
[    0.886101] acpiphp: Slot [31] registered
[    0.886533] PCI host bridge to bus 0000:00
[    0.886963] pci_bus 0000:00: root bus resource [io  0x0000-0x0cf7 window]
[    0.887562] pci_bus 0000:00: root bus resource [io  0x0d00-0xffff window]
[    0.888162] pci_bus 0000:00: root bus resource [mem 0x000a0000-0x000bffff window]
[    0.888810] pci_bus 0000:00: root bus resource [mem 0x80000000-0xfebfffff window]
[    0.889450] pci_bus 0000:00: root bus resource [mem 0x100000000-0x17fffffff window]
[    0.890121] pci_bus 0000:00: root bus resource [bus 00-ff]
[    0.890727] pci 0000:00:00.0: [8086:1237] type 00 class 0x060000 conventional PCI endpoint
[    0.893128] pci 0000:00:01.0: [8086:7000] type 00 class 0x060100 conventional PCI endpoint
[    0.894894] pci 0000:00:01.1: [8086:7010] type 00 class 0x010180 conventional PCI endpoint
[    0.896150] pci 0000:00:01.1: BAR 4 [io  0xc040-0xc04f]
[    0.896659] pci 0000:00:01.1: BAR 0 [io  0x01f0-0x01f7]: legacy IDE quirk
[    0.897250] pci 0000:00:01.1: BAR 1 [io  0x03f6]: legacy IDE quirk
[    0.897446] pci 0000:00:01.1: BAR 2 [io  0x0170-0x0177]: legacy IDE quirk
[    0.898032] pci 0000:00:01.1: BAR 3 [io  0x0376]: legacy IDE quirk
[    0.899763] pci 0000:00:01.3: [8086:7113] type 00 class 0x068000 conventional PCI endpoint
[    0.900781] pci 0000:00:01.3: quirk: [io  0x0600-0x063f] claimed by PIIX4 ACPI
[    0.901431] pci 0000:00:01.3: quirk: [io  0x0700-0x070f] claimed by PIIX4 SMB
[    0.902642] pci 0000:00:02.0: [1234:1111] type 00 class 0x030000 conventional PCI endpoint
[    0.904514] pci 0000:00:02.0: BAR 0 [mem 0xfd000000-0xfdffffff pref]
[    0.905103] pci 0000:00:02.0: BAR 2 [mem 0xfebf0000-0xfebf0fff]
[    0.905471] pci 0000:00:02.0: ROM [mem 0xfebe0000-0xfebeffff pref]
[    0.906099] pci 0000:00:02.0: Video device with shadowed ROM at [mem 0x000c0000-0x000dffff]
[    0.908038] pci 0000:00:03.0: [8086:100e] type 00 class 0x020000 conventional PCI endpoint
[    0.909453] pci 0000:00:03.0: BAR 0 [mem 0xfebc0000-0xfebdffff]
[    0.909994] pci 0000:00:03.0: BAR 1 [io  0xc000-0xc03f]
[    0.910498] pci 0000:00:03.0: ROM [mem 0xfeb80000-0xfebbffff pref]
[    0.936434] ACPI: PCI: Interrupt link LNKA configured for IRQ 10
[    0.938059] ACPI: PCI: Interrupt link LNKB configured for IRQ 10
[    0.939613] ACPI: PCI: Interrupt link LNKC configured for IRQ 11
[    0.941172] ACPI: PCI: Interrupt link LNKD configured for IRQ 11
[    0.941883] ACPI: PCI: Interrupt link LNKS configured for IRQ 9
[    0.946147] iommu: Default domain type: Translated
[    0.946593] iommu: DMA domain TLB invalidation policy: lazy mode
[    0.950005] SCSI subsystem initialized
[    0.950890] ACPI: bus type USB registered
[    0.951480] usbcore: registered new interface driver usbfs
[    0.952067] usbcore: registered new interface driver hub
[    0.952599] usbcore: registered new device driver usb
[    0.953374] pps_core: LinuxPPS API ver. 1 registered
[    0.953449] pps_core: Software ver. 5.3.6 - Copyright 2005-2007 Rodolfo Giometti <giometti@linux.it>
[    0.954277] PTP clock support registered
[    0.961564] EDAC MC: Ver: 3.0.0
[    0.968207] NetLabel: Initializing
[    0.968551] NetLabel:  domain hash size = 128
[    0.968938] NetLabel:  protocols = UNLABELED CIPSOv4 CALIPSO
[    0.969577] NetLabel:  unlabeled traffic allowed by default
[    0.970568] PCI: Using ACPI for IRQ routing
[    0.971308] pci 0000:00:02.0: vgaarb: setting as boot VGA device
[    0.971854] pci 0000:00:02.0: vgaarb: bridge control possible
[    0.972366] pci 0000:00:02.0: vgaarb: VGA device added: decodes=io+mem,owns=io+mem,locks=none
[    0.973108] vgaarb: loaded
[    0.973791] hpet0: at MMIO 0xfed00000, IRQs 2, 8, 0
[    0.974250] hpet0: 3 comparators, 64-bit 100.000000 MHz counter
[    0.977764] clocksource: Switched to clocksource kvm-clock
[    0.979676] VFS: Disk quotas dquot_6.6.0
[    0.980087] VFS: Dquot-cache hash table entries: 512 (order 0, 4096 bytes)
[    0.982319] pnp: PnP ACPI init
[    0.987007] pnp: PnP ACPI: found 6 devices
[    1.007808] clocksource: acpi_pm: mask: 0xffffff max_cycles: 0xffffff, max_idle_ns: 2085701024 ns
[    1.009086] NET: Registered PF_INET protocol family
[    1.009937] IP idents hash table entries: 32768 (order: 6, 262144 bytes, linear)
[    1.012196] tcp_listen_portaddr_hash hash table entries: 1024 (order: 5, 73728 bytes, linear)
[    1.012981] Table-perturb hash table entries: 65536 (order: 6, 262144 bytes, linear)
[    1.013719] TCP established hash table entries: 16384 (order: 5, 131072 bytes, linear)
[    1.014692] TCP bind hash table entries: 16384 (order: 10, 2359296 bytes, linear)
[    1.016477] TCP: Hash tables configured (established 16384 bind 16384)
[    1.017228] UDP hash table entries: 1024 (order: 6, 262144 bytes, linear)
[    1.017895] UDP-Lite hash table entries: 1024 (order: 6, 262144 bytes, linear)
[    1.018847] NET: Registered PF_UNIX/PF_LOCAL protocol family
[    1.021023] RPC: Registered named UNIX socket transport module.
[    1.021607] RPC: Registered udp transport module.
[    1.022029] RPC: Registered tcp transport module.
[    1.022458] RPC: Registered tcp-with-tls transport module.
[    1.022938] RPC: Registered tcp NFSv4.1 backchannel transport module.
[    1.023554] pci_bus 0000:00: resource 4 [io  0x0000-0x0cf7 window]
[    1.024110] pci_bus 0000:00: resource 5 [io  0x0d00-0xffff window]
[    1.024659] pci_bus 0000:00: resource 6 [mem 0x000a0000-0x000bffff window]
[    1.025272] pci_bus 0000:00: resource 7 [mem 0x80000000-0xfebfffff window]
[    1.025872] pci_bus 0000:00: resource 8 [mem 0x100000000-0x17fffffff window]
[    1.026879] pci 0000:00:01.0: PIIX3: Enabling Passive Release
[    1.027413] pci 0000:00:00.0: Limiting direct PCI/PCI transfers
[    1.028028] PCI: CLS 0 bytes, default 64
[    1.028874] ACPI: bus type thunderbolt registered
[    1.029666] clocksource: tsc: mask: 0xffffffffffffffff max_cycles: 0x240939f1bb2, max_idle_ns: 440795263295 ns
[    3.755833] Initialise system trusted keyrings
[    3.756365] Key type blacklist registered
[    3.757243] workingset: timestamp_bits=36 max_order=19 bucket_order=0
[    3.759905] squashfs: version 4.0 (2009/01/31) Phillip Lougher
[    3.762112] NFS: Registering the id_resolver key type
[    3.762607] Key type id_resolver registered
[    3.762991] Key type id_legacy registered
[    3.763425] nfs4filelayout_init: NFSv4 File Layout Driver Registering...
[    3.764037] nfs4flexfilelayout_init: NFSv4 Flexfile Layout Driver Registering...
[    3.764977] fuse: init (API version 7.45)
[    3.765943] SGI XFS with ACLs, security attributes, realtime, quota, no debug enabled
[    3.768285] 9p: Installing v9fs 9p2000 file system support
[    3.784599] Key type asymmetric registered
[    3.784987] Asymmetric key parser 'x509' registered
[    3.785547] Block layer SCSI generic (bsg) driver version 0.4 loaded (major 241)
[    3.786503] io scheduler mq-deadline registered
[    3.787046] io scheduler bfq registered
[    3.787822] ledtrig-cpu: registered to indicate activity on CPUs
[    3.789822] IPMI message handler: version 39.2
[    3.790309] ipmi device interface
[    3.793117] input: Power Button as /devices/LNXSYSTM:00/LNXPWRBN:00/input/input0
[    3.794316] ACPI: button: Power Button [PWRF]
[    3.795459] Callback from call_rcu_tasks() invoked.
[    3.796839] ERST DBG: ERST support is disabled.
[    3.798697] Serial: 8250/16550 driver, 32 ports, IRQ sharing enabled
[    3.800462] 00:04: ttyS0 at I/O 0x3f8 (irq = 4, base_baud = 115200) is a 16550A
[    3.830475] Linux agpgart interface v0.103
[    3.833316] ACPI: bus type drm_connector registered
[    3.866578] brd: module loaded
[    3.889301] loop: module loaded
[    3.901919] scsi host0: ata_piix
[    3.903910] scsi host1: ata_piix
[    3.904738] ata1: PATA max MWDMA2 cmd 0x1f0 ctl 0x3f6 bmdma 0xc040 irq 14 lpm-pol 0
[    3.905548] ata2: PATA max MWDMA2 cmd 0x170 ctl 0x376 bmdma 0xc048 irq 15 lpm-pol 0
[    3.910022] tun: Universal TUN/TAP device driver, 1.6
[    3.911176] e100: Intel(R) PRO/100 Network Driver
[    3.911680] e100: Copyright(c) 1999-2006 Intel Corporation
[    3.912362] e1000: Intel(R) PRO/1000 Network Driver
[    3.912798] e1000: Copyright (c) 1999-2006 Intel Corporation.
[    4.059387] ata1: found unknown device (class 0)
[    4.060150] ata2: found unknown device (class 0)
[    4.061073] ata2.00: ATAPI: QEMU DVD-ROM, 2.5+, max UDMA/100
[    4.062587] ata1.00: ATA-7: QEMU HARDDISK, 2.5+, max UDMA/100
[    4.063155] ata1.00: 17196647 sectors, multi 16: LBA48 
[    4.068443] scsi 0:0:0:0: Direct-Access     ATA      QEMU HARDDISK    2.5+ PQ: 0 ANSI: 5
[    4.071355] sd 0:0:0:0: [sda] 17196647 512-byte logical blocks: (8.80 GB/8.20 GiB)
[    4.072316] sd 0:0:0:0: Attached scsi generic sg0 type 0
[    4.073074] sd 0:0:0:0: [sda] Write Protect is off
[    4.074142] sd 0:0:0:0: [sda] Write cache: enabled, read cache: enabled, doesn't support DPO or FUA
[    4.075031] scsi 1:0:0:0: CD-ROM            QEMU     QEMU DVD-ROM     2.5+ PQ: 0 ANSI: 5
[    4.076022] sd 0:0:0:0: [sda] Preferred minimum I/O size 512 bytes
[    4.105750] scsi 1:0:0:0: Attached scsi generic sg1 type 5
[    4.108036] sd 0:0:0:0: [sda] Attached SCSI disk
[    4.758033] ACPI: \_SB_.LNKC: Enabled at IRQ 11
[    5.071533] e1000 0000:00:03.0 eth0: (PCI:33MHz:32-bit) 52:54:00:12:34:56
[    5.072168] e1000 0000:00:03.0 eth0: Intel(R) PRO/1000 Network Connection
[    5.072946] e1000e: Intel(R) PRO/1000 Network Driver
[    5.073387] e1000e: Copyright(c) 1999 - 2015 Intel Corporation.
[    5.074060] igb: Intel(R) Gigabit Ethernet Network Driver
[    5.074542] igb: Copyright (c) 2007-2014 Intel Corporation.
[    5.075439] PPP generic driver version 2.4.2
[    5.077039] VFIO - User Level meta-driver version: 0.3
[    5.078962] usbcore: registered new interface driver uas
[    5.079612] usbcore: registered new interface driver usb-storage
[    5.080430] i8042: PNP: PS/2 Controller [PNP0303:KBD,PNP0f13:MOU] at 0x60,0x64 irq 1,12
[    5.082061] serio: i8042 KBD port at 0x60,0x64 irq 1
[    5.082560] serio: i8042 AUX port at 0x60,0x64 irq 12
[    5.084356] mousedev: PS/2 mouse device common for all mice
[    5.086676] rtc_cmos 00:05: RTC can wake from S4
[    5.087018] input: AT Translated Set 2 keyboard as /devices/platform/i8042/serio0/input/input1
[    5.089752] rtc_cmos 00:05: registered as rtc0
[    5.089904] input: VirtualPS/2 VMware VMMouse as /devices/platform/i8042/serio1/input/input4
[    5.090363] rtc_cmos 00:05: setting system clock to 2026-03-12T15:59:11 UTC (1773331151)
[    5.092275] input: VirtualPS/2 VMware VMMouse as /devices/platform/i8042/serio1/input/input3
[    5.092298] rtc_cmos 00:05: alarms up to one day, y3k, 242 bytes nvram, hpet irqs
[    5.093762] i2c_dev: i2c /dev entries driver
[    5.094261] device-mapper: core: CONFIG_IMA_DISABLE_HTABLE is disabled. Duplicate IMA measurements will not be recorded in the IMA log.
[    5.095363] device-mapper: uevent: version 1.0.3
[    5.096374] device-mapper: ioctl: 4.50.0-ioctl (2025-04-28) initialised: dm-devel@lists.linux.dev
[    5.097176] intel_pstate: CPU model not supported
[    5.097839] sdhci: Secure Digital Host Controller Interface driver
[    5.098402] sdhci: Copyright(c) Pierre Ossman
[    5.098999] sdhci-pltfm: SDHCI platform and OF driver helper
[    5.100088] drop_monitor: Initializing network drop monitor service
[    5.101037] NET: Registered PF_INET6 protocol family
[    5.103623] Segment Routing with IPv6
[    5.104059] In-situ OAM (IOAM) with IPv6
[    5.104474] NET: Registered PF_PACKET protocol family
[    5.105527] 9pnet: Installing 9P2000 support
[    5.106081] Key type dns_resolver registered
[    5.108602] IPI shorthand broadcast: enabled
[    5.172317] sched_clock: Marking stable (5152004227, 19235138)->(5180811063, -9571698)
[    5.174652] registered taskstats version 1
[    5.175665] Loading compiled-in X.509 certificates
[    5.261403] Demotion targets for Node 0: null
[    5.263632] Key type .fscrypt registered
[    5.264046] Key type fscrypt-provisioning registered
[    5.272862] Key type encrypted registered
[    5.273284] ima: No TPM chip found, activating TPM-bypass!
[    5.273781] ima: Allocated hash algorithm: sha1
[    5.274248] ima: No architecture policies found
[    5.274801] evm: Initialising EVM extended attributes:
[    5.275292] evm: security.selinux
[    5.275588] evm: security.SMACK64
[    5.275883] evm: security.SMACK64EXEC
[    5.276217] evm: security.SMACK64TRANSMUTE
[    5.276573] evm: security.SMACK64MMAP
[    5.276902] evm: security.apparmor
[    5.277203] evm: security.ima
[    5.277467] evm: security.capability
[    5.277781] evm: HMAC attrs: 0x1
[    5.281253] PM:   Magic number: 2:915:992
[    5.281688] ctrl 00:04:0: hash matches
[    5.283290] RAS: Correctable Errors collector initialized.
[    5.284008] clk: Disabling unused clocks
[    5.284398] PM: genpd: Disabling unused power domains
[    5.285470] check access for rdinit=/init failed: -2, ignoring
[    5.285861] md: Waiting for all devices to be available before autodetect
[    5.286265] md: If you don't use raid, use raid=noautodetect
[    5.286602] md: Autodetecting RAID arrays.
[    5.286852] md: autorun ...
[    5.287037] md: ... autorun DONE.
[    5.299999] EXT4-fs (sda): INFO: recovery required on readonly filesystem
[    5.300453] EXT4-fs (sda): write access will be enabled during recovery
[    5.365321] EXT4-fs (sda): recovery complete
[    5.369426] EXT4-fs (sda): mounted filesystem 088740a9-c8b4-422c-999d-a804eb68a4da ro with ordered data mode. Quota mode: none.
[    5.370243] VFS: Mounted root (ext4 filesystem) readonly on device 8:0.
[    5.373951] devtmpfs: mounted
[    5.395878] Freeing unused decrypted memory: 2036K
[    5.401684] Freeing unused kernel image (initmem) memory: 16412K
[    5.402170] Write protecting the kernel read-only data: 102400k
[    5.405511] Freeing unused kernel image (text/rodata gap) memory: 992K
[    5.407562] Freeing unused kernel image (rodata/data gap) memory: 1664K
[    6.443561] x86/mm: Checked W+X mappings: passed, no W+X pages found.
[    6.444232] Run /sbin/init as init process
[    6.675182] systemd[1]: systemd 252-15.el9 running in system mode (+PAM +AUDIT +SELINUX -APPARMOR +IMA +SMACK +SECCOMP +GCRYPT +GNUTLS +OPENSSL +ACL +BLKID +CURL +ELFUTILS -FIDO2 +IDN2 -IDN -IPTC +KMOD +LIBCRYPTSETUP +LIBFDISK +PCRE2 -PWQUALITY +P11KIT -QRENCODE +TPM2 +BZIP2 +LZ4 +XZ +ZLIB +ZSTD -BPF_FRAMEWORK +XKBCOMMON +UTMP +SYSVINIT default-hierarchy=unified)
[    6.677092] systemd[1]: Detected virtualization kvm.
[    6.677403] systemd[1]: Detected architecture x86-64.

Welcome to [0;31mCentOS Stream 9[0m!

[    6.686326] systemd[1]: Hostname set to <test>.
[    6.849419] systemd-rc-local-generator[122]: /etc/rc.d/rc.local is not marked executable, skipping.
[    7.392759] systemd[1]: Queued start job for default target Multi-User System.
[    7.418456] systemd[1]: Created slice Virtual Machine and Container Slice.
[[0;32m  OK  [0m] Created slice [0;1;39mVirtual Machine and Container Slice[0m.
[    7.423965] systemd[1]: Created slice Slice /system/getty.
[[0;32m  OK  [0m] Created slice [0;1;39mSlice /system/getty[0m.
[    7.427323] systemd[1]: Created slice Slice /system/modprobe.
[[0;32m  OK  [0m] Created slice [0;1;39mSlice /system/modprobe[0m.
[    7.430646] systemd[1]: Created slice Slice /system/serial-getty.
[[0;32m  OK  [0m] Created slice [0;1;39mSlice /system/serial-getty[0m.
[    7.434173] systemd[1]: Created slice Slice /system/sshd-keygen.
[[0;32m  OK  [0m] Created slice [0;1;39mSlice /system/sshd-keygen[0m.
[    7.437186] systemd[1]: Created slice User and Session Slice.
[[0;32m  OK  [0m] Created slice [0;1;39mUser and Session Slice[0m.
[    7.439039] systemd[1]: Started Forward Password Requests to Wall Directory Watch.
[[0;32m  OK  [0m] Started [0;1;39mForward Password R…uests to Wall Directory Watch[0m.
[    7.441699] systemd[1]: Set up automount Arbitrary Executable File Formats File System Automount Point.
[[0;32m  OK  [0m] Set up automount [0;1;39mArbitrary…s File System Automount Point[0m.
[    7.443392] systemd[1]: Reached target Local Integrity Protected Volumes.
[[0;32m  OK  [0m] Reached target [0;1;39mLocal Integrity Protected Volumes[0m.
[    7.444755] systemd[1]: Reached target Slice Units.
[[0;32m  OK  [0m] Reached target [0;1;39mSlice Units[0m.
[    7.445724] systemd[1]: Reached target Swaps.
[[0;32m  OK  [0m] Reached target [0;1;39mSwaps[0m.
[    7.446843] systemd[1]: Reached target Local Verity Protected Volumes.
[[0;32m  OK  [0m] Reached target [0;1;39mLocal Verity Protected Volumes[0m.
[    7.448716] systemd[1]: Listening on Device-mapper event daemon FIFOs.
[[0;32m  OK  [0m] Listening on [0;1;39mDevice-mapper event daemon FIFOs[0m.
[    7.450482] systemd[1]: Listening on LVM2 poll daemon socket.
[[0;32m  OK  [0m] Listening on [0;1;39mLVM2 poll daemon socket[0m.
[    7.452090] systemd[1]: multipathd control socket was skipped because of an unmet condition check (ConditionPathExists=/etc/multipath.conf).
[    7.507625] systemd[1]: Listening on RPCbind Server Activation Socket.
[[0;32m  OK  [0m] Listening on [0;1;39mRPCbind Server Activation Socket[0m.
[    7.508875] systemd[1]: Reached target RPC Port Mapper.
[[0;32m  OK  [0m] Reached target [0;1;39mRPC Port Mapper[0m.
[    7.512754] systemd[1]: Listening on Process Core Dump Socket.
[[0;32m  OK  [0m] Listening on [0;1;39mProcess Core Dump Socket[0m.
[    7.514162] systemd[1]: Listening on initctl Compatibility Named Pipe.
[[0;32m  OK  [0m] Listening on [0;1;39minitctl Compatibility Named Pipe[0m.
[    7.515819] systemd[1]: Listening on Journal Socket (/dev/log).
[[0;32m  OK  [0m] Listening on [0;1;39mJournal Socket (/dev/log)[0m.
[    7.517579] systemd[1]: Listening on Journal Socket.
[[0;32m  OK  [0m] Listening on [0;1;39mJournal Socket[0m.
[    7.519135] systemd[1]: Listening on udev Control Socket.
[[0;32m  OK  [0m] Listening on [0;1;39mudev Control Socket[0m.
[    7.520459] systemd[1]: Listening on udev Kernel Socket.
[[0;32m  OK  [0m] Listening on [0;1;39mudev Kernel Socket[0m.
[    7.548032] systemd[1]: Mounting Huge Pages File System...
         Mounting [0;1;39mHuge Pages File System[0m...
[    7.553657] systemd[1]: Mounting POSIX Message Queue File System...
         Mounting [0;1;39mPOSIX Message Queue File System[0m...
[    7.563397] systemd[1]: Mounting Kernel Debug File System...
         Mounting [0;1;39mKernel Debug File System[0m...
[    7.572025] systemd[1]: Mounting Kernel Trace File System...
         Mounting [0;1;39mKernel Trace File System[0m...
[    7.575546] systemd[1]: Kernel Module supporting RPCSEC_GSS was skipped because of an unmet condition check (ConditionPathExists=/etc/krb5.keytab).
[    7.576509] systemd[1]: Create List of Static Device Nodes was skipped because of an unmet condition check (ConditionFileNotEmpty=/lib/modules/6.19.0-rc1-aaf76839616a+/modules.devname).
[    7.584059] systemd[1]: Starting Monitoring of LVM2 mirrors, snapshots etc. using dmeventd or progress polling...
         Starting [0;1;39mMonitoring of LVM…meventd or progress polling[0m...
[    7.593268] systemd[1]: Starting Load Kernel Module configfs...
         Starting [0;1;39mLoad Kernel Module configfs[0m...
[    7.604120] systemd[1]: Starting Load Kernel Module drm...
         Starting [0;1;39mLoad Kernel Module drm[0m...
[    7.615425] systemd[1]: Starting Load Kernel Module fuse...
         Starting [0;1;39mLoad Kernel Module fuse[0m...
[    7.631518] systemd[1]: Starting Read and set NIS domainname from /etc/sysconfig/network...
         Starting [0;1;39mRead and set NIS …from /etc/sysconfig/network[0m...
[    7.651486] systemd[1]: Starting Journal Service...
         Starting [0;1;39mJournal Service[0m...
[    7.675746] systemd[1]: Starting Load Kernel Modules...
         Starting [0;1;39mLoad Kernel Modules[0m...
[    7.682100] systemd[1]: Starting Generate network units from Kernel command line...
         Starting [0;1;39mGenerate network …ts from Kernel command line[0m...
[    7.700166] systemd[1]: Starting Remount Root and Kernel File Systems...
         Starting [0;1;39mRemount Root and Kernel File Systems[0m...
[    7.707590] systemd[1]: Repartition Root Disk was skipped because no trigger condition checks were met.
[    7.719629] systemd[1]: Starting Coldplug All udev Devices...
         Starting [0;1;39mColdplug All udev Devices[0m...
[    7.743060] systemd[1]: Mounted Huge Pages File System.
[[0;32m  OK  [0m] Mounted [0;1;39mHuge Pages File System[0m.
[    7.748381] systemd[1]: Mounted POSIX Message Queue File System.
[[0;32m  OK  [0m] Mounted [0;1;39mPOSIX Message Queue File System[0m.
[    7.749824] systemd[1]: Mounted Kernel Debug File System.
[[0;32m  OK  [0m] Mounted [0;1;39mKernel Debug File System[0m.
[    7.751178] systemd[1]: Mounted Kernel Trace File System.
[[0;32m  OK  [0m] Mounted [0;1;39mKernel Trace File System[0m.
[    7.756887] systemd[1]: Finished Monitoring of LVM2 mirrors, snapshots etc. using dmeventd or progress polling.
[[0;32m  OK  [0m] Finished [0;1;39mMonitoring of LVM… dmeventd or progress polling[0m.
[    7.761079] systemd[1]: modprobe@configfs.service: Deactivated successfully.
[    7.767395] systemd[1]: Finished Load Kernel Module configfs.
[[0;32m  OK  [0m] Finished [0;1;39mLoad Kernel Module configfs[0m.
[    7.770025] systemd[1]: modprobe@drm.service: Deactivated successfully.
[    7.771597] systemd[1]: Finished Load Kernel Module drm.
[[0;32m  OK  [0m] Finished [0;1;39mLoad Kernel Module drm[0m.
[    7.774036] systemd[1]: modprobe@fuse.service: Deactivated successfully.
[    7.775962] systemd[1]: Finished Load Kernel Module fuse.
[[0;32m  OK  [0m] Finished [0;1;39mLoad Kernel Module fuse[0m.
[    7.779167] systemd[1]: Finished Read and set NIS domainname from /etc/sysconfig/network.
[[0;32m  OK  [0m] Finished [0;1;39mRead and set NIS …e from /etc/sysconfig/network[0m.
[    7.781070] systemd[1]: systemd-modules-load.service: Main process exited, code=exited, status=1/FAILURE
[    7.782406] systemd[1]: systemd-modules-load.service: Failed with result 'exit-code'.
[    7.786121] EXT4-fs (sda): re-mounted 088740a9-c8b4-422c-999d-a804eb68a4da r/w.
[    7.788733] systemd[1]: Failed to start Load Kernel Modules.
[[0;1;31mFAILED[0m] Failed to start [0;1;39mLoad Kernel Modules[0m.
See 'systemctl status systemd-modules-load.service' for details.
[    7.793429] systemd[1]: Finished Generate network units from Kernel command line.
[[0;32m  OK  [0m] Finished [0;1;39mGenerate network units from Kernel command line[0m.
[    7.796483] systemd[1]: Finished Remount Root and Kernel File Systems.
[[0;32m  OK  [0m] Finished [0;1;39mRemount Root and Kernel File Systems[0m.
[    7.798446] systemd[1]: Reached target Preparation for Network.
[[0;32m  OK  [0m] Reached target [0;1;39mPreparation for Network[0m.
[    7.819495] systemd[1]: Mounting FUSE Control File System...
         Mounting [0;1;39mFUSE Control File System[0m...
[    7.844711] systemd[1]: Mounting Kernel Configuration File System...
         Mounting [0;1;39mKernel Configuration File System[0m...
[    7.846689] systemd[1]: Special handling of early boot iSCSI sessions was skipped because of an unmet condition check (ConditionDirectoryNotEmpty=/sys/class/iscsi_session).
[    7.847880] systemd[1]: First Boot Wizard was skipped because of an unmet condition check (ConditionFirstBoot=yes).
[    7.852360] systemd[1]: Rebuild Hardware Database was skipped because of an unmet condition check (ConditionNeedsUpdate=/etc).
[    7.870655] systemd[1]: Starting Load/Save Random Seed...
         Starting [0;1;39mLoad/Save Random Seed[0m...
[    7.895606] systemd[1]: Starting Apply Kernel Variables...
         Starting [0;1;39mApply Kernel Variables[0m...
[    7.898976] systemd[1]: Create System Users was skipped because no trigger condition checks were met.
[    7.910279] systemd[1]: Starting Create Static Device Nodes in /dev...
         Starting [0;1;39mCreate Static Device Nodes in /dev[0m...
[    7.930166] systemd[1]: Starting Setup Virtual Console...
         Starting [0;1;39mSetup Virtual Console[0m...
[    7.948829] systemd[1]: Started Journal Service.
[[0;32m  OK  [0m] Started [0;1;39mJournal Service[0m.
[[0;32m  OK  [0m] Mounted [0;1;39mFUSE Control File System[0m.
[[0;32m  OK  [0m] Mounted [0;1;39mKernel Configuration File System[0m.
[[0;32m  OK  [0m] Finished [0;1;39mLoad/Save Random Seed[0m.
         Starting [0;1;39mFlush Journal to Persistent Storage[0m...
[[0;32m  OK  [0m] Finished [0;1;39mCreate Static Device Nodes in /dev[0m.
[    8.052848] systemd-journald[144]: Received client request to flush runtime journal.
         Starting [0;1;39mRule-based Manage…for Device Events and Files[0m...
[[0;32m  OK  [0m] Finished [0;1;39mApply Kernel Variables[0m.
[[0;32m  OK  [0m] Finished [0;1;39mFlush Journal to Persistent Storage[0m.
[[0;32m  OK  [0m] Started [0;1;39mRule-based Manager for Device Events and Files[0m.
         Starting [0;1;39mAuto-connect to s…E devices found during boot[0m...
[[0;32m  OK  [0m] Finished [0;1;39mAuto-connect to s…VME devices found during boot[0m.
[[0;32m  OK  [0m] Finished [0;1;39mColdplug All udev Devices[0m.
         Starting [0;1;39mWait for udev To …plete Device Initialization[0m...
[[0;32m  OK  [0m] Finished [0;1;39mSetup Virtual Console[0m.
         Starting [0;1;39mShow Plymouth Boot Screen[0m...
[2J[3J[-1;-1f[[0;32m  OK  [0m] Started [0;1;39mShow Plymouth Boot Screen[0m.
[[0;32m  OK  [0m] Started [0;1;39mForward Password R…s to Plymouth Directory Watch[0m.
[[0;32m  OK  [0m] Reached target [0;1;39mLocal Encrypted Volumes[0m.
[[0;32m  OK  [0m] Reached target [0;1;39mPath Units[0m.
[[0;32m  OK  [0m] Found device [0;1;39m/dev/ttyS0[0m.
[[0;32m  OK  [0m] Listening on [0;1;39mLoad/Save RF …itch Status /dev/rfkill Watch[0m.
[[0;32m  OK  [0m] Finished [0;1;39mWait for udev To Complete Device Initialization[0m.
[[0;32m  OK  [0m] Reached target [0;1;39mPreparation for Local File Systems[0m.
[[0;32m  OK  [0m] Reached target [0;1;39mLocal File Systems[0m.
         Starting [0;1;39mTell Plymouth To Write Out Runtime Data[0m...
         Starting [0;1;39mAutomatic Boot Loader Update[0m...
         Starting [0;1;39mCreate Volatile Files and Directories[0m...
[[0;32m  OK  [0m] Finished [0;1;39mTell Plymouth To Write Out Runtime Data[0m.
[[0;32m  OK  [0m] Finished [0;1;39mAutomatic Boot Loader Update[0m.
[[0;32m  OK  [0m] Finished [0;1;39mCreate Volatile Files and Directories[0m.
         Mounting [0;1;39mRPC Pipe File System[0m...
         Starting [0;1;39mSecurity Auditing Service[0m...
         Starting [0;1;39mRPC Bind[0m...
[[0;32m  OK  [0m] Mounted [0;1;39mRPC Pipe File System[0m.
[[0;32m  OK  [0m] Reached target [0;1;39mrpc_pipefs.target[0m.
[[0;32m  OK  [0m] Started [0;1;39mRPC Bind[0m.
[[0;32m  OK  [0m] Started [0;1;39mSecurity Auditing Service[0m.
         Starting [0;1;39mRecord System Boot/Shutdown in UTMP[0m...
[[0;32m  OK  [0m] Finished [0;1;39mRecord System Boot/Shutdown in UTMP[0m.
[[0;32m  OK  [0m] Reached target [0;1;39mSystem Initialization[0m.
[[0;32m  OK  [0m] Started [0;1;39mDaily rotation of log files[0m.
[[0;32m  OK  [0m] Started [0;1;39mUpdates mlocate database every day[0m.
[[0;32m  OK  [0m] Started [0;1;39mDaily Cleanup of Temporary Directories[0m.
[[0;32m  OK  [0m] Started [0;1;39mdaily update of the root trust anchor for DNSSEC[0m.
[[0;32m  OK  [0m] Reached target [0;1;39mTimer Units[0m.
[[0;32m  OK  [0m] Listening on [0;1;39mD-Bus System Message Bus Socket[0m.
[[0;32m  OK  [0m] Listening on [0;1;39mOpen-iSCSI iscsid Socket[0m.
[[0;32m  OK  [0m] Listening on [0;1;39mOpen-iSCSI iscsiuio Socket[0m.
[[0;32m  OK  [0m] Listening on [0;1;39mSSSD Kerberos…ache Manager responder socket[0m.
[[0;32m  OK  [0m] Listening on [0;1;39mLibvirt interface local socket[0m.
[[0;32m  OK  [0m] Listening on [0;1;39mVirtual machine lock manager socket[0m.
[[0;32m  OK  [0m] Listening on [0;1;39mVirtual machine log manager socket[0m.
[[0;32m  OK  [0m] Listening on [0;1;39mLibvirt network local socket[0m.
[[0;32m  OK  [0m] Listening on [0;1;39mLibvirt nodedev local socket[0m.
[[0;32m  OK  [0m] Listening on [0;1;39mLibvirt nwfilter local socket[0m.
[[0;32m  OK  [0m] Listening on [0;1;39mLibvirt proxy local socket[0m.
[[0;32m  OK  [0m] Listening on [0;1;39mLibvirt qemu local socket[0m.
[[0;32m  OK  [0m] Listening on [0;1;39mLibvirt qemu admin socket[0m.
[[0;32m  OK  [0m] Listening on [0;1;39mLibvirt qemu local read-only socket[0m.
[[0;32m  OK  [0m] Listening on [0;1;39mLibvirt secret local socket[0m.
[[0;32m  OK  [0m] Listening on [0;1;39mLibvirt storage local socket[0m.
[[0;32m  OK  [0m] Reached target [0;1;39mSocket Units[0m.
         Starting [0;1;39mD-Bus System Message Bus[0m...
[[0;32m  OK  [0m] Started [0;1;39mD-Bus System Message Bus[0m.
[[0;32m  OK  [0m] Reached target [0;1;39mBasic System[0m.
         Starting [0;1;39mNetwork Manager[0m...
         Starting [0;1;39mNTP client/server[0m...
         Starting [0;1;39mRestore /run/initramfs on shutdown[0m...
[[0;32m  OK  [0m] Started [0;1;39mirqbalance daemon[0m.
[[0;32m  OK  [0m] Started [0;1;39mlibstoragemgmt plug-in server daemon[0m.
[[0;32m  OK  [0m] Started [0;1;39mMachine Check Exception Logging Daemon[0m.
[[0;32m  OK  [0m] Reached target [0;1;39msshd-keygen.target[0m.
[[0;32m  OK  [0m] Reached target [0;1;39mUser and Group Name Lookups[0m.
         Starting [0;1;39mUser Login Management[0m...
         Starting [0;1;39mVirtual Machine a…tainer Registration Service[0m...
[[0;32m  OK  [0m] Finished [0;1;39mRestore /run/initramfs on shutdown[0m.
[[0;32m  OK  [0m] Started [0;1;39mVirtual Machine an…ontainer Registration Service[0m.
         Starting [0;1;39mHostname Service[0m...
[[0;32m  OK  [0m] Started [0;1;39mNTP client/server[0m.
[[0;32m  OK  [0m] Started [0;1;39mUser Login Management[0m.
[[0;32m  OK  [0m] Started [0;1;39mHostname Service[0m.
         Starting [0;1;39mNetwork Manager Script Dispatcher Service[0m...
[[0;32m  OK  [0m] Started [0;1;39mNetwork Manager Script Dispatcher Service[0m.
[   11.387691] e1000: eth0 NIC Link is Up 1000 Mbps Full Duplex, Flow Control: RX
[[0;32m  OK  [0m] Started [0;1;39mNetwork Manager[0m.
[[0;32m  OK  [0m] Reached target [0;1;39mNetwork[0m.
[[0;32m  OK  [0m] Reached target [0;1;39mNetwork is Online[0m.
         Starting [0;1;39mGSSAPI Proxy Daemon[0m...
         Starting [0;1;39mNotify NFS peers of a restart[0m...
         Starting [0;1;39mSystem Logging Service[0m...
         Starting [0;1;39mOpenSSH server daemon[0m...
         Starting [0;1;39mDynamic System Tuning Daemon[0m...
[[0;32m  OK  [0m] Started [0;1;39mNotify NFS peers of a restart[0m.
[[0;32m  OK  [0m] Started [0;1;39mOpenSSH server daemon[0m.
[[0;32m  OK  [0m] Started [0;1;39mGSSAPI Proxy Daemon[0m.
[[0;32m  OK  [0m] Reached target [0;1;39mNFS client services[0m.
[[0;32m  OK  [0m] Reached target [0;1;39mPreparation for Remote File Systems[0m.
[[0;32m  OK  [0m] Reached target [0;1;39mRemote File Systems[0m.
         Starting [0;1;39mPermit User Sessions[0m...
         Starting [0;1;39mVirtualization qemu daemon[0m...
[[0;32m  OK  [0m] Finished [0;1;39mPermit User Sessions[0m.
[[0;32m  OK  [0m] Started [0;1;39mDeferred execution scheduler[0m.
[[0;32m  OK  [0m] Started [0;1;39mCommand Scheduler[0m.
         Starting [0;1;39mHold until boot process finishes up[0m...
         Starting [0;1;39mTerminate Plymouth Boot Screen[0m...
[[0;32m  OK  [0m] Started [0;1;39mSystem Logging Service[0m.
[[0;32m  OK  [0m] Started [0;1;39mVirtualization qemu daemon[0m.

CentOS Stream 9
Kernel 6.19.0-rc1-aaf76839616a+ on an x86_64

Activate the web console with: systemctl enable --now cockpit.socket

test login: 