c[?7l[2J[0mSeaBIOS (version rel-1.16.3-0-ga6ed6b701f0a-prebuilt.qemu.org)


iPXE (http://ipxe.org) 00:03.0 CA00 PCI2.10 PnP PMM+7EFD0D60+7EF30D60 CA00
Press Ctrl-B to configure iPXE (PCI 00:03.0)...                                                                               


Booting from ROM..c[?7l[2J[    0.000000] Linux version 6.19.0-b29a7a8eee6a+ (root@gnr-800442) (gcc (GCC) 11.5.0 20240719 (Red Hat 11.5.0-14), GNU ld version 2.35.2-66.el9) #1 SMP PREEMPT_DYNAMIC Tue Mar 10 15:18:55 CST 2026
[    0.000000] Command line: console=ttyS0 root=/dev/sda earlyprintk=serial net.ifnames=0 thunderbolt.dyndbg
[    0.000000] KERNEL supported cpus:
[    0.000000]   Intel GenuineIntel
[    0.000000]   AMD AuthenticAMD
[    0.000000]   Hygon HygonGenuine
[    0.000000]   Centaur CentaurHauls
[    0.000000]   zhaoxin   Shanghai  
[    0.000000] x86/CPU: Model not found in latest microcode list
[    0.000000] x86/split lock detection: #DB: warning on user-space bus_locks
[    0.000000] BIOS-provided physical RAM map:
[    0.000000] BIOS-e820: [mem 0x0000000000000000-0x000000000009fbff] usable
[    0.000000] BIOS-e820: [mem 0x000000000009fc00-0x000000000009ffff] reserved
[    0.000000] BIOS-e820: [mem 0x00000000000f0000-0x00000000000fffff] reserved
[    0.000000] BIOS-e820: [mem 0x0000000000100000-0x000000007ffdffff] usable
[    0.000000] BIOS-e820: [mem 0x000000007ffe0000-0x000000007fffffff] reserved
[    0.000000] BIOS-e820: [mem 0x00000000feffc000-0x00000000feffffff] reserved
[    0.000000] BIOS-e820: [mem 0x00000000fffc0000-0x00000000ffffffff] reserved
[    0.000000] printk: legacy bootconsole [earlyser0] enabled
[    0.000000] NX (Execute Disable) protection: active
[    0.000000] APIC: Static calls initialized
[    0.000000] SMBIOS 3.0.0 present.
[    0.000000] DMI: QEMU Standard PC (i440FX + PIIX, 1996), BIOS rel-1.16.3-0-ga6ed6b701f0a-prebuilt.qemu.org 04/01/2014
[    0.000000] DMI: Memory slots populated: 1/1
[    0.000000] Hypervisor detected: KVM
[    0.000000] last_pfn = 0x7ffe0 max_arch_pfn = 0x10000000000
[    0.000000] kvm-clock: Using msrs 4b564d01 and 4b564d00
[    0.000002] kvm-clock: using sched offset of 733784374 cycles
[    0.000487] clocksource: kvm-clock: mask: 0xffffffffffffffff max_cycles: 0x1cd42e4dffb, max_idle_ns: 881590591483 ns
[    0.001941] tsc: Detected 2500.000 MHz processor
[    0.010361] last_pfn = 0x7ffe0 max_arch_pfn = 0x10000000000
[    0.010904] MTRR map: 4 entries (3 fixed + 1 variable; max 19), built from 8 variable MTRRs
[    0.011681] x86/PAT: Configuration [0-7]: WB  WC  UC- UC  WB  WP  UC- WT  
[    0.017565] found SMP MP-table at [mem 0x000f5480-0x000f548f]
[    0.018135] Using GB pages for direct mapping
[    0.020711] ACPI: Early table checksum verification disabled
[    0.021254] ACPI: RSDP 0x00000000000F52A0 000014 (v00 BOCHS )
[    0.021792] ACPI: RSDT 0x000000007FFE1C9B 000034 (v01 BOCHS  BXPC     00000001 BXPC 00000001)
[    0.022585] ACPI: FACP 0x000000007FFE1B47 000074 (v01 BOCHS  BXPC     00000001 BXPC 00000001)
[    0.023370] ACPI: DSDT 0x000000007FFE0040 001B07 (v01 BOCHS  BXPC     00000001 BXPC 00000001)
[    0.024155] ACPI: FACS 0x000000007FFE0000 000040
[    0.024596] ACPI: APIC 0x000000007FFE1BBB 000080 (v03 BOCHS  BXPC     00000001 BXPC 00000001)
[    0.025382] ACPI: HPET 0x000000007FFE1C3B 000038 (v01 BOCHS  BXPC     00000001 BXPC 00000001)
[    0.026181] ACPI: WAET 0x000000007FFE1C73 000028 (v01 BOCHS  BXPC     00000001 BXPC 00000001)
[    0.026969] ACPI: Reserving FACP table memory at [mem 0x7ffe1b47-0x7ffe1bba]
[    0.027614] ACPI: Reserving DSDT table memory at [mem 0x7ffe0040-0x7ffe1b46]
[    0.028257] ACPI: Reserving FACS table memory at [mem 0x7ffe0000-0x7ffe003f]
[    0.028895] ACPI: Reserving APIC table memory at [mem 0x7ffe1bbb-0x7ffe1c3a]
[    0.029539] ACPI: Reserving HPET table memory at [mem 0x7ffe1c3b-0x7ffe1c72]
[    0.030170] ACPI: Reserving WAET table memory at [mem 0x7ffe1c73-0x7ffe1c9a]
[    0.031391] No NUMA configuration found
[    0.031748] Faking a node at [mem 0x0000000000000000-0x000000007ffdffff]
[    0.032386] NODE_DATA(0) allocated [mem 0x7ffb4ec0-0x7ffdfcbf]
[    0.033958] Zone ranges:
[    0.034212]   DMA      [mem 0x0000000000001000-0x0000000000ffffff]
[    0.034786]   DMA32    [mem 0x0000000001000000-0x000000007ffdffff]
[    0.035310]   Normal   empty
[    0.035561]   Device   empty
[    0.035808] Movable zone start for each node
[    0.036173] Early memory node ranges
[    0.036491]   node   0: [mem 0x0000000000001000-0x000000000009efff]
[    0.037060]   node   0: [mem 0x0000000000100000-0x000000007ffdffff]
[    0.037610] Initmem setup node 0 [mem 0x0000000000001000-0x000000007ffdffff]
[    0.038449] On node 0, zone DMA: 1 pages in unavailable ranges
[    0.039173] On node 0, zone DMA: 97 pages in unavailable ranges
[    0.067393] On node 0, zone DMA32: 32 pages in unavailable ranges
[    0.120723] KernelAddressSanitizer initialized (generic)
[    0.121510] ACPI: PM-Timer IO Port: 0x608
[    0.121906] ACPI: LAPIC_NMI (acpi_id[0xff] dfl dfl lint[0x1])
[    0.122493] IOAPIC[0]: apic_id 0, version 17, address 0xfec00000, GSI 0-23
[    0.123133] ACPI: INT_SRC_OVR (bus 0 bus_irq 0 global_irq 2 dfl dfl)
[    0.123714] ACPI: INT_SRC_OVR (bus 0 bus_irq 5 global_irq 5 high level)
[    0.124316] ACPI: INT_SRC_OVR (bus 0 bus_irq 9 global_irq 9 high level)
[    0.124925] ACPI: INT_SRC_OVR (bus 0 bus_irq 10 global_irq 10 high level)
[    0.125546] ACPI: INT_SRC_OVR (bus 0 bus_irq 11 global_irq 11 high level)
[    0.126174] ACPI: Using ACPI (MADT) for SMP configuration information
[    0.126757] ACPI: HPET id: 0x8086a201 base: 0xfed00000
[    0.127224] TSC deadline timer available
[    0.127598] CPU topo: Max. logical packages:   1
[    0.128012] CPU topo: Max. logical dies:       1
[    0.128435] CPU topo: Max. dies per package:   1
[    0.128850] CPU topo: Max. threads per core:   1
[    0.129271] CPU topo: Num. cores per package:     2
[    0.129721] CPU topo: Num. threads per package:   2
[    0.130159] CPU topo: Allowing 2 present CPUs plus 0 hotplug CPUs
[    0.130761] kvm-guest: APIC: eoi() replaced with kvm_guest_apic_eoi_write()
[    0.131421] kvm-guest: KVM setup pv remote TLB flush
[    0.131879] kvm-guest: setup PV sched yield
[    0.132302] PM: hibernation: Registered nosave memory: [mem 0x00000000-0x00000fff]
[    0.132994] PM: hibernation: Registered nosave memory: [mem 0x0009f000-0x000fffff]
[    0.133686] [mem 0x80000000-0xfeffbfff] available for PCI devices
[    0.134231] Booting paravirtualized kernel on KVM
[    0.134670] clocksource: refined-jiffies: mask: 0xffffffff max_cycles: 0xffffffff, max_idle_ns: 7645519600211568 ns
[    0.135621] setup_percpu: NR_CPUS:8192 nr_cpumask_bits:2 nr_cpu_ids:2 nr_node_ids:1
[    0.136761] percpu: Embedded 81 pages/cpu s294912 r8192 d28672 u1048576
[    0.137551] kvm-guest: PV spinlocks enabled
[    0.137950] PV qspinlock hash table entries: 256 (order: 0, 4096 bytes, linear)
[    0.138629] Kernel command line: net.ifnames=0 console=ttyS0 root=/dev/sda earlyprintk=serial net.ifnames=0 thunderbolt.dyndbg
[    0.139958] random: crng init done
[    0.140278] printk: log buffer data + meta data: 262144 + 917504 = 1179648 bytes
[    0.141332] Dentry cache hash table entries: 262144 (order: 9, 2097152 bytes, linear)
[    0.142400] Inode-cache hash table entries: 131072 (order: 8, 1048576 bytes, linear)
[    0.143405] Fallback order for Node 0: 0 
[    0.143417] Built 1 zonelists, mobility grouping on.  Total pages: 524158
[    0.144377] Policy zone: DMA32
[    0.144663] mem auto-init: stack:off, heap alloc:off, heap free:off
[    0.145217] stackdepot: allocating hash table via alloc_large_system_hash
[    0.145829] stackdepot hash table entries: 1048576 (order: 12, 16777216 bytes, linear)
[    0.149489] stackdepot: allocating space for 8192 stack pools via memblock
[    0.184009] SLUB: HWalign=64, Order=0-3, MinObjects=0, CPUs=2, Nodes=1
[    0.184611] kmemleak: Kernel memory leak detector disabled
[    0.221827] ftrace: allocating 75279 entries in 296 pages
[    0.222310] ftrace: allocated 296 pages with 3 groups
[    0.227165] Dynamic Preempt: voluntary
[    0.228021] Running RCU self tests
[    0.228333] Running RCU synchronous self tests
[    0.228740] rcu: Preemptible hierarchical RCU implementation.
[    0.229253] rcu: 	RCU lockdep checking is enabled.
[    0.229694] rcu: 	RCU restricting CPUs from NR_CPUS=8192 to nr_cpu_ids=2.
[    0.230300] 	Trampoline variant of Tasks RCU enabled.
[    0.230756] 	Rude variant of Tasks RCU enabled.
[    0.231163] 	Tracing variant of Tasks RCU enabled.
[    0.231599] rcu: RCU calculated value of scheduler-enlistment delay is 25 jiffies.
[    0.232259] rcu: Adjusting geometry for rcu_fanout_leaf=16, nr_cpu_ids=2
[    0.232948] Running RCU synchronous self tests
[    0.233354] RCU Tasks: Setting shift to 1 and lim to 1 rcu_task_cb_adjust=1 rcu_task_cpu_ids=2.
[    0.234109] RCU Tasks Rude: Setting shift to 1 and lim to 1 rcu_task_cb_adjust=1 rcu_task_cpu_ids=2.
[    0.311003] NR_IRQS: 524544, nr_irqs: 440, preallocated irqs: 16
[    0.312171] rcu: srcu_init: Setting srcu_struct sizes based on contention.
[    0.320733] Console: colour VGA+ 80x25
[    0.321135] printk: legacy console [ttyS0] enabled
[    0.321135] printk: legacy console [ttyS0] enabled
[    0.321945] printk: legacy bootconsole [earlyser0] disabled
[    0.321945] printk: legacy bootconsole [earlyser0] disabled
[    0.322891] Lock dependency validator: Copyright (c) 2006 Red Hat, Inc., Ingo Molnar
[    0.323546] ... MAX_LOCKDEP_SUBCLASSES:  8
[    0.323924] ... MAX_LOCK_DEPTH:          48
[    0.324302] ... MAX_LOCKDEP_KEYS:        8192
[    0.324708] ... CLASSHASH_SIZE:          4096
[    0.325106] ... MAX_LOCKDEP_ENTRIES:     32768
[    0.325523] ... MAX_LOCKDEP_CHAINS:      65536
[    0.325930] ... CHAINHASH_SIZE:          32768
[    0.326330]  memory used by lock dependency info: 6429 kB
[    0.326820]  memory used for stack traces: 4224 kB
[    0.327256]  per task-struct memory footprint: 1920 bytes
[    0.327838] ACPI: Core revision 20250807
[    0.328645] clocksource: hpet: mask: 0xffffffff max_cycles: 0xffffffff, max_idle_ns: 19112604467 ns
[    0.329635] APIC: Switch to symmetric I/O mode setup
[    0.330379] x2apic enabled
[    0.331054] APIC: Switched APIC routing to: physical x2apic
[    0.331589] kvm-guest: APIC: send_IPI_mask() replaced with kvm_send_ipi_mask()
[    0.332260] kvm-guest: APIC: send_IPI_mask_allbutself() replaced with kvm_send_ipi_mask_allbutself()
[    0.333095] kvm-guest: setup PV IPIs
[    0.334602] ..TIMER: vector=0x30 apic1=0 pin1=2 apic2=-1 pin2=-1
[    0.335188] clocksource: tsc-early: mask: 0xffffffffffffffff max_cycles: 0x240939f1bb2, max_idle_ns: 440795263295 ns
[    0.336159] Calibrating delay loop (skipped) preset value.. 5000.00 BogoMIPS (lpj=10000000)
[    0.337076] x86/cpu: User Mode Instruction Prevention (UMIP) activated
[    0.340280] Last level iTLB entries: 4KB 0, 2MB 0, 4MB 0
[    0.340776] Last level dTLB entries: 4KB 0, 2MB 0, 4MB 0, 1GB 0
[    0.341361] mitigations: Enabled attack vectors: user_kernel, user_user, guest_host, guest_guest, SMT mitigations: auto
[    0.342360] Speculative Store Bypass: Mitigation: Speculative Store Bypass disabled via prctl
[    0.343129] Spectre V2 : Mitigation: Enhanced / Automatic IBRS
[    0.343653] ITS: Mitigation: Aligned branch/return thunks
[    0.344155] Spectre V1 : Mitigation: usercopy/swapgs barriers and __user pointer sanitization
[    0.344938] Spectre V2 : WARNING: Unprivileged eBPF is enabled with eIBRS on, data leaks possible via Spectre v2 BHB attacks!
[    0.345960] Spectre V2 : Spectre v2 / PBRSB-eIBRS: Retire a single CALL on VMEXIT
[    0.346617] Spectre V2 : mitigation: Enabling conditional Indirect Branch Prediction Barrier
[    0.347365] active return thunk: its_return_thunk
[    0.347800] Spectre V2 : Spectre BHI mitigation: SW BHB clearing on syscall and VM exit
[    0.348222] x86/fpu: Supporting XSAVE feature 0x001: 'x87 floating point registers'
[    0.348923] x86/fpu: Supporting XSAVE feature 0x002: 'SSE registers'
[    0.349499] x86/fpu: Supporting XSAVE feature 0x004: 'AVX registers'
[    0.350070] x86/fpu: Supporting XSAVE feature 0x020: 'AVX-512 opmask'
[    0.350651] x86/fpu: Supporting XSAVE feature 0x040: 'AVX-512 Hi256'
[    0.351229] x86/fpu: Supporting XSAVE feature 0x080: 'AVX-512 ZMM_Hi256'
[    0.352153] x86/fpu: Supporting XSAVE feature 0x200: 'Protection Keys User registers'
[    0.352856] x86/fpu: Supporting XSAVE feature 0x20000: 'AMX Tile config'
[    0.353455] x86/fpu: Supporting XSAVE feature 0x40000: 'AMX Tile data'
[    0.354040] x86/fpu: xstate_offset[2]:  576, xstate_sizes[2]:  256
[    0.354578] x86/fpu: xstate_offset[5]:  832, xstate_sizes[5]:   64
[    0.355113] x86/fpu: xstate_offset[6]:  896, xstate_sizes[6]:  512
[    0.356157] x86/fpu: xstate_offset[7]: 1408, xstate_sizes[7]: 1024
[    0.356723] x86/fpu: xstate_offset[9]: 2432, xstate_sizes[9]:    8
[    0.357273] x86/fpu: xstate_offset[17]: 2496, xstate_sizes[17]:   64
[    0.357851] x86/fpu: xstate_offset[18]: 2560, xstate_sizes[18]: 8192
[    0.358427] x86/fpu: Enabled xstate features 0x602e7, context size is 10752 bytes, using 'compacted' format.
[    0.529540] Freeing SMP alternatives memory: 64K
[    0.529987] pid_max: default: 32768 minimum: 301
[    0.530745] Yama: becoming mindful.
[    0.531500] Mount-cache hash table entries: 4096 (order: 3, 32768 bytes, linear)
[    0.532147] Mountpoint-cache hash table entries: 4096 (order: 3, 32768 bytes, linear)
[    0.532738] VFS: Finished mounting rootfs on nullfs
[    0.534315] Running RCU synchronous self tests
[    0.534722] Running RCU synchronous self tests
[    0.536226] smpboot: CPU0: Intel GENUINE INTEL(R) XEON(R) (family: 0x6, model: 0xad, stepping: 0x0)
[    0.537765] Performance Events: PEBS fmt0-, Granite Rapids events, 
[    0.537845] core: The event 0x400 is not supported as a normal event.
[    0.538984] core: The event 0x8000 is not supported as a normal event.
[    0.539544] core: The event 0x8100 is not supported as a normal event.
[    0.540114] core: The event 0x8200 is not supported as a normal event.
[    0.540154] core: The event 0x8300 is not supported as a normal event.
[    0.540718] core: The event 0x8400 is not supported as a normal event.
[    0.541284] core: The event 0x8500 is not supported as a normal event.
[    0.541853] core: The event 0x8600 is not supported as a normal event.
[    0.542418] core: The event 0x8700 is not supported as a normal event.
[    0.542999] full-width counters, Intel PMU driver.
[    0.543449] ... version:                   2
[    0.543822] ... bit width:                 48
[    0.544151] ... generic counters:          8
[    0.544538] ... generic bitmap:            00000000000000ff
[    0.545023] ... fixed-purpose counters:    3
[    0.545405] ... fixed-purpose bitmap:      0000000000000007
[    0.545884] ... value mask:                0000ffffffffffff
[    0.546378] ... max period:                00007fffffffffff
[    0.546861] ... global_ctrl mask:          00000007000000ff
[    0.547866] signal: max sigframe size: 11952
[    0.548305] rcu: Hierarchical SRCU implementation.
[    0.548736] rcu: 	Max phase no-delay instances is 1000.
[    0.549414] Timer migration: 1 hierarchy levels; 8 children per group; 1 crossnode level
[    0.574273] smp: Bringing up secondary CPUs ...
[    0.575287] smpboot: x86: Booting SMP configuration:
[    0.575760] .... node  #0, CPUs:      #1
[    0.576392] smp: Brought up 1 node, 2 CPUs
[    0.577112] smpboot: Total of 2 processors activated (10000.00 BogoMIPS)
[    0.578769] Memory: 1591816K/2096632K available (80966K kernel code, 15566K rwdata, 18816K rodata, 16424K init, 20840K bss, 493188K reserved, 0K cma-reserved)
[    0.580813] devtmpfs: initialized
[    0.581262] x86/mm: Memory block size: 128MB
[    0.593389] Running RCU synchronous self tests
[    0.593876] Running RCU synchronous self tests
[    0.594316] Running RCU Tasks wait API self tests
[    0.596634] Running RCU Tasks Rude wait API self tests
[    0.596665] Running RCU Tasks Trace wait API self tests
[    0.597241] clocksource: jiffies: mask: 0xffffffff max_cycles: 0xffffffff, max_idle_ns: 7645041785100000 ns
[    0.600227] posixtimers hash table entries: 1024 (order: 5, 73728 bytes, linear)
[    0.600941] futex hash table entries: 512 (65536 bytes on 1 NUMA nodes, total 64 KiB, linear).
[    0.604243] 
[    0.604425] *************************************************************
[    0.605032] **     NOTICE NOTICE NOTICE NOTICE NOTICE NOTICE NOTICE    **
[    0.605631] **                                                         **
[    0.606221] **  IOMMU DebugFS SUPPORT HAS BEEN ENABLED IN THIS KERNEL  **
[    0.606822] **                                                         **
[    0.607417] ** This means that this kernel is built to expose internal **
[    0.608003] ** IOMMU data structures, which may compromise security on **
[    0.608156] ** your system.                                            **
[    0.608745] **                                                         **
[    0.609345] ** If you see this message and you are not debugging the   **
[    0.609944] ** kernel, report this immediately to your vendor!         **
[    0.610535] **                                                         **
[    0.611127] **     NOTICE NOTICE NOTICE NOTICE NOTICE NOTICE NOTICE    **
[    0.611715] *************************************************************
[    0.612223] PM: RTC time: 10:03:40, date: 2026-03-12
[    0.615385] NET: Registered PF_NETLINK/PF_ROUTE protocol family
[    0.617640] DMA: preallocated 256 KiB GFP_KERNEL|GFP_DMA pool for atomic allocations
[    0.618357] DMA: preallocated 256 KiB GFP_KERNEL|GFP_DMA32 pool for atomic allocations
[    0.619162] audit: initializing netlink subsys (disabled)
[    0.620196] Callback from call_rcu_tasks_trace() invoked.
[    0.620780] audit: type=2000 audit(1773309820.493:1): state=initialized audit_enabled=0 res=1
[    0.622065] thermal_sys: Registered thermal governor 'fair_share'
[    0.622077] thermal_sys: Registered thermal governor 'bang_bang'
[    0.622655] thermal_sys: Registered thermal governor 'step_wise'
[    0.623175] thermal_sys: Registered thermal governor 'user_space'
[    0.624162] cpuidle: using governor ladder
[    0.625150] cpuidle: using governor menu
[    0.625320] acpiphp: ACPI Hot Plug PCI Controller Driver version: 0.5
[    0.625320] PCI: Using configuration type 1 for base access
[    0.628516] kprobes: kprobe jump-optimization is enabled. All kprobes are optimized if possible.
[    0.750875] HugeTLB: registered 1.00 GiB page size, pre-allocated 0 pages
[    0.750875] HugeTLB: 16380 KiB vmemmap can be freed for a 1.00 GiB page
[    0.752153] HugeTLB: registered 2.00 MiB page size, pre-allocated 0 pages
[    0.752153] HugeTLB: 28 KiB vmemmap can be freed for a 2.00 MiB page
[    0.762238] ACPI: Added _OSI(Module Device)
[    0.762650] ACPI: Added _OSI(Processor Device)
[    0.763043] ACPI: Added _OSI(Processor Aggregator Device)
[    0.783102] ACPI: 1 ACPI AML tables successfully acquired and loaded
[    0.803182] ACPI: Interpreter enabled
[    0.804306] ACPI: PM: (supports S0 S3 S4 S5)
[    0.804696] ACPI: Using IOAPIC for interrupt routing
[    0.805247] PCI: Using host bridge windows from ACPI; if necessary, use "pci=nocrs" and report a bug
[    0.806050] PCI: Using E820 reservations for host bridge windows
[    0.808025] ACPI: Enabled 2 GPEs in block 00 to 0F
[    0.854983] ACPI: PCI Root Bridge [PCI0] (domain 0000 [bus 00-ff])
[    0.855591] acpi PNP0A03:00: _OSC: OS supports [ASPM ClockPM Segments MSI EDR HPX-Type3]
[    0.856158] acpi PNP0A03:00: _OSC: not requesting OS control; OS requires [ExtendedConfig ASPM ClockPM MSI]
[    0.857191] acpi PNP0A03:00: fail to add MMCONFIG information, can't access extended configuration space under this bridge
[    0.863837] acpiphp: Slot [3] registered
[    0.864314] acpiphp: Slot [4] registered
[    0.864820] acpiphp: Slot [5] registered
[    0.865340] acpiphp: Slot [6] registered
[    0.865846] acpiphp: Slot [7] registered
[    0.866360] acpiphp: Slot [8] registered
[    0.866872] acpiphp: Slot [9] registered
[    0.867386] acpiphp: Slot [10] registered
[    0.867899] acpiphp: Slot [11] registered
[    0.868310] acpiphp: Slot [12] registered
[    0.868827] acpiphp: Slot [13] registered
[    0.869346] acpiphp: Slot [14] registered
[    0.869850] acpiphp: Slot [15] registered
[    0.870363] acpiphp: Slot [16] registered
[    0.870874] acpiphp: Slot [17] registered
[    0.871388] acpiphp: Slot [18] registered
[    0.871900] acpiphp: Slot [19] registered
[    0.872308] acpiphp: Slot [20] registered
[    0.872820] acpiphp: Slot [21] registered
[    0.873337] acpiphp: Slot [22] registered
[    0.873857] acpiphp: Slot [23] registered
[    0.874372] acpiphp: Slot [24] registered
[    0.874886] acpiphp: Slot [25] registered
[    0.875409] acpiphp: Slot [26] registered
[    0.875925] acpiphp: Slot [27] registered
[    0.876309] acpiphp: Slot [28] registered
[    0.876818] acpiphp: Slot [29] registered
[    0.877324] acpiphp: Slot [30] registered
[    0.877844] acpiphp: Slot [31] registered
[    0.878244] PCI host bridge to bus 0000:00
[    0.878639] pci_bus 0000:00: root bus resource [io  0x0000-0x0cf7 window]
[    0.879207] pci_bus 0000:00: root bus resource [io  0x0d00-0xffff window]
[    0.879762] pci_bus 0000:00: root bus resource [mem 0x000a0000-0x000bffff window]
[    0.880154] pci_bus 0000:00: root bus resource [mem 0x80000000-0xfebfffff window]
[    0.880775] pci_bus 0000:00: root bus resource [mem 0x100000000-0x17fffffff window]
[    0.881401] pci_bus 0000:00: root bus resource [bus 00-ff]
[    0.881946] pci 0000:00:00.0: [8086:1237] type 00 class 0x060000 conventional PCI endpoint
[    0.884180] pci 0000:00:01.0: [8086:7000] type 00 class 0x060100 conventional PCI endpoint
[    0.886278] pci 0000:00:01.1: [8086:7010] type 00 class 0x010180 conventional PCI endpoint
[    0.887489] pci 0000:00:01.1: BAR 4 [io  0xc040-0xc04f]
[    0.887949] pci 0000:00:01.1: BAR 0 [io  0x01f0-0x01f7]: legacy IDE quirk
[    0.888162] pci 0000:00:01.1: BAR 1 [io  0x03f6]: legacy IDE quirk
[    0.888658] pci 0000:00:01.1: BAR 2 [io  0x0170-0x0177]: legacy IDE quirk
[    0.889216] pci 0000:00:01.1: BAR 3 [io  0x0376]: legacy IDE quirk
[    0.890995] pci 0000:00:01.3: [8086:7113] type 00 class 0x068000 conventional PCI endpoint
[    0.892006] pci 0000:00:01.3: quirk: [io  0x0600-0x063f] claimed by PIIX4 ACPI
[    0.892162] pci 0000:00:01.3: quirk: [io  0x0700-0x070f] claimed by PIIX4 SMB
[    0.893961] pci 0000:00:02.0: [1234:1111] type 00 class 0x030000 conventional PCI endpoint
[    0.895894] pci 0000:00:02.0: BAR 0 [mem 0xfd000000-0xfdffffff pref]
[    0.896168] pci 0000:00:02.0: BAR 2 [mem 0xfebf0000-0xfebf0fff]
[    0.896682] pci 0000:00:02.0: ROM [mem 0xfebe0000-0xfebeffff pref]
[    0.897260] pci 0000:00:02.0: Video device with shadowed ROM at [mem 0x000c0000-0x000dffff]
[    0.899084] pci 0000:00:03.0: [8086:100e] type 00 class 0x020000 conventional PCI endpoint
[    0.900695] pci 0000:00:03.0: BAR 0 [mem 0xfebc0000-0xfebdffff]
[    0.901190] pci 0000:00:03.0: BAR 1 [io  0xc000-0xc03f]
[    0.901652] pci 0000:00:03.0: ROM [mem 0xfeb80000-0xfebbffff pref]
[    0.927809] ACPI: PCI: Interrupt link LNKA configured for IRQ 10
[    0.929278] ACPI: PCI: Interrupt link LNKB configured for IRQ 10
[    0.930891] ACPI: PCI: Interrupt link LNKC configured for IRQ 11
[    0.932528] ACPI: PCI: Interrupt link LNKD configured for IRQ 11
[    0.933511] ACPI: PCI: Interrupt link LNKS configured for IRQ 9
[    0.940209] iommu: Default domain type: Translated
[    0.940675] iommu: DMA domain TLB invalidation policy: lazy mode
[    0.950714] SCSI subsystem initialized
[    0.952613] ACPI: bus type USB registered
[    0.953241] usbcore: registered new interface driver usbfs
[    0.953842] usbcore: registered new interface driver hub
[    0.954406] usbcore: registered new device driver usb
[    0.954406] pps_core: LinuxPPS API ver. 1 registered
[    0.954406] pps_core: Software ver. 5.3.6 - Copyright 2005-2007 Rodolfo Giometti <giometti@linux.it>
[    0.954406] PTP clock support registered
[    0.960241] EDAC MC: Ver: 3.0.0
[    0.966468] NetLabel: Initializing
[    0.966802] NetLabel:  domain hash size = 128
[    0.967205] NetLabel:  protocols = UNLABELED CIPSOv4 CALIPSO
[    0.967854] NetLabel:  unlabeled traffic allowed by default
[    0.968672] PCI: Using ACPI for IRQ routing
[    0.969455] pci 0000:00:02.0: vgaarb: setting as boot VGA device
[    0.970012] pci 0000:00:02.0: vgaarb: bridge control possible
[    0.970528] pci 0000:00:02.0: vgaarb: VGA device added: decodes=io+mem,owns=io+mem,locks=none
[    0.971272] vgaarb: loaded
[    0.976598] hpet0: at MMIO 0xfed00000, IRQs 2, 8, 0
[    0.977072] hpet0: 3 comparators, 64-bit 100.000000 MHz counter
[    0.980857] clocksource: Switched to clocksource kvm-clock
[    0.982767] VFS: Disk quotas dquot_6.6.0
[    0.983190] VFS: Dquot-cache hash table entries: 512 (order 0, 4096 bytes)
[    0.992874] pnp: PnP ACPI init
[    0.997672] pnp: PnP ACPI: found 6 devices
[    1.019005] clocksource: acpi_pm: mask: 0xffffff max_cycles: 0xffffff, max_idle_ns: 2085701024 ns
[    1.020282] NET: Registered PF_INET protocol family
[    1.021066] IP idents hash table entries: 32768 (order: 6, 262144 bytes, linear)
[    1.023249] tcp_listen_portaddr_hash hash table entries: 1024 (order: 5, 73728 bytes, linear)
[    1.024082] Table-perturb hash table entries: 65536 (order: 6, 262144 bytes, linear)
[    1.024899] TCP established hash table entries: 16384 (order: 5, 131072 bytes, linear)
[    1.025898] TCP bind hash table entries: 16384 (order: 10, 2359296 bytes, linear)
[    1.027590] TCP: Hash tables configured (established 16384 bind 16384)
[    1.028298] UDP hash table entries: 1024 (order: 6, 262144 bytes, linear)
[    1.028990] UDP-Lite hash table entries: 1024 (order: 6, 262144 bytes, linear)
[    1.029958] NET: Registered PF_UNIX/PF_LOCAL protocol family
[    1.031816] RPC: Registered named UNIX socket transport module.
[    1.032404] RPC: Registered udp transport module.
[    1.032824] RPC: Registered tcp transport module.
[    1.033220] RPC: Registered tcp-with-tls transport module.
[    1.033666] RPC: Registered tcp NFSv4.1 backchannel transport module.
[    1.034193] pci_bus 0000:00: resource 4 [io  0x0000-0x0cf7 window]
[    1.034708] pci_bus 0000:00: resource 5 [io  0x0d00-0xffff window]
[    1.035223] pci_bus 0000:00: resource 6 [mem 0x000a0000-0x000bffff window]
[    1.035845] pci_bus 0000:00: resource 7 [mem 0x80000000-0xfebfffff window]
[    1.036464] pci_bus 0000:00: resource 8 [mem 0x100000000-0x17fffffff window]
[    1.037507] pci 0000:00:01.0: PIIX3: Enabling Passive Release
[    1.038027] pci 0000:00:00.0: Limiting direct PCI/PCI transfers
[    1.038642] PCI: CLS 0 bytes, default 64
[    1.039094] ACPI: bus type thunderbolt registered
[    1.039922] clocksource: tsc: mask: 0xffffffffffffffff max_cycles: 0x240939f1bb2, max_idle_ns: 440795263295 ns
[    3.636757] Initialise system trusted keyrings
[    3.637292] Key type blacklist registered
[    3.638306] workingset: timestamp_bits=36 max_order=19 bucket_order=0
[    3.641316] squashfs: version 4.0 (2009/01/31) Phillip Lougher
[    3.644471] NFS: Registering the id_resolver key type
[    3.644975] Key type id_resolver registered
[    3.645368] Key type id_legacy registered
[    3.645775] nfs4filelayout_init: NFSv4 File Layout Driver Registering...
[    3.646399] nfs4flexfilelayout_init: NFSv4 Flexfile Layout Driver Registering...
[    3.647744] fuse: init (API version 7.45)
[    3.649236] SGI XFS with ACLs, security attributes, realtime, quota, no debug enabled
[    3.651705] 9p: Installing v9fs 9p2000 file system support
[    3.667860] Key type asymmetric registered
[    3.668233] Asymmetric key parser 'x509' registered
[    3.668805] Block layer SCSI generic (bsg) driver version 0.4 loaded (major 241)
[    3.670015] io scheduler mq-deadline registered
[    3.670611] io scheduler bfq registered
[    3.672016] ledtrig-cpu: registered to indicate activity on CPUs
[    3.674182] IPMI message handler: version 39.2
[    3.674676] ipmi device interface
[    3.677451] input: Power Button as /devices/LNXSYSTM:00/LNXPWRBN:00/input/input0
[    3.679033] ACPI: button: Power Button [PWRF]
[    3.681734] ERST DBG: ERST support is disabled.
[    3.684036] Serial: 8250/16550 driver, 32 ports, IRQ sharing enabled
[    3.685977] 00:04: ttyS0 at I/O 0x3f8 (irq = 4, base_baud = 115200) is a 16550A
[    3.732455] Linux agpgart interface v0.103
[    3.736707] ACPI: bus type drm_connector registered
[    3.769874] brd: module loaded
[    3.775448] Callback from call_rcu_tasks() invoked.
[    3.790329] loop: module loaded
[    3.804938] scsi host0: ata_piix
[    3.806980] scsi host1: ata_piix
[    3.807908] ata1: PATA max MWDMA2 cmd 0x1f0 ctl 0x3f6 bmdma 0xc040 irq 14 lpm-pol 0
[    3.808601] ata2: PATA max MWDMA2 cmd 0x170 ctl 0x376 bmdma 0xc048 irq 15 lpm-pol 0
[    3.812866] tun: Universal TUN/TAP device driver, 1.6
[    3.814022] e100: Intel(R) PRO/100 Network Driver
[    3.814490] e100: Copyright(c) 1999-2006 Intel Corporation
[    3.815114] e1000: Intel(R) PRO/1000 Network Driver
[    3.815578] e1000: Copyright (c) 1999-2006 Intel Corporation.
[    3.967489] ata1: found unknown device (class 0)
[    3.968260] ata2: found unknown device (class 0)
[    3.971772] ata1.00: ATA-7: QEMU HARDDISK, 2.5+, max UDMA/100
[    3.972347] ata1.00: 17196647 sectors, multi 16: LBA48 
[    3.972974] ata2.00: ATAPI: QEMU DVD-ROM, 2.5+, max UDMA/100
[    3.976655] scsi 0:0:0:0: Direct-Access     ATA      QEMU HARDDISK    2.5+ PQ: 0 ANSI: 5
[    3.979834] sd 0:0:0:0: Attached scsi generic sg0 type 0
[    3.980649] sd 0:0:0:0: [sda] 17196647 512-byte logical blocks: (8.80 GB/8.20 GiB)
[    3.981873] sd 0:0:0:0: [sda] Write Protect is off
[    3.982516] scsi 1:0:0:0: CD-ROM            QEMU     QEMU DVD-ROM     2.5+ PQ: 0 ANSI: 5
[    3.983399] sd 0:0:0:0: [sda] Write cache: enabled, read cache: enabled, doesn't support DPO or FUA
[    3.984982] sd 0:0:0:0: [sda] Preferred minimum I/O size 512 bytes
[    4.009939] scsi 1:0:0:0: Attached scsi generic sg1 type 5
[    4.013414] sd 0:0:0:0: [sda] Attached SCSI disk
[    4.714356] ACPI: \_SB_.LNKC: Enabled at IRQ 11
[    5.031553] e1000 0000:00:03.0 eth0: (PCI:33MHz:32-bit) 52:54:00:12:34:56
[    5.032196] e1000 0000:00:03.0 eth0: Intel(R) PRO/1000 Network Connection
[    5.032976] e1000e: Intel(R) PRO/1000 Network Driver
[    5.033440] e1000e: Copyright(c) 1999 - 2015 Intel Corporation.
[    5.034123] igb: Intel(R) Gigabit Ethernet Network Driver
[    5.034611] igb: Copyright (c) 2007-2014 Intel Corporation.
[    5.035750] PPP generic driver version 2.4.2
[    5.037627] VFIO - User Level meta-driver version: 0.3
[    5.039835] usbcore: registered new interface driver uas
[    5.040447] usbcore: registered new interface driver usb-storage
[    5.041214] i8042: PNP: PS/2 Controller [PNP0303:KBD,PNP0f13:MOU] at 0x60,0x64 irq 1,12
[    5.042766] serio: i8042 KBD port at 0x60,0x64 irq 1
[    5.043247] serio: i8042 AUX port at 0x60,0x64 irq 12
[    5.045643] mousedev: PS/2 mouse device common for all mice
[    5.048119] input: AT Translated Set 2 keyboard as /devices/platform/i8042/serio0/input/input1
[    5.049753] rtc_cmos 00:05: RTC can wake from S4
[    5.052409] input: VirtualPS/2 VMware VMMouse as /devices/platform/i8042/serio1/input/input4
[    5.054197] rtc_cmos 00:05: registered as rtc0
[    5.054685] rtc_cmos 00:05: setting system clock to 2026-03-12T10:03:44 UTC (1773309824)
[    5.056447] input: VirtualPS/2 VMware VMMouse as /devices/platform/i8042/serio1/input/input3
[    5.057498] rtc_cmos 00:05: alarms up to one day, y3k, 242 bytes nvram, hpet irqs
[    5.058254] i2c_dev: i2c /dev entries driver
[    5.058749] device-mapper: core: CONFIG_IMA_DISABLE_HTABLE is disabled. Duplicate IMA measurements will not be recorded in the IMA log.
[    5.060075] device-mapper: uevent: version 1.0.3
[    5.061349] device-mapper: ioctl: 4.50.0-ioctl (2025-04-28) initialised: dm-devel@lists.linux.dev
[    5.062196] intel_pstate: CPU model not supported
[    5.062867] sdhci: Secure Digital Host Controller Interface driver
[    5.063456] sdhci: Copyright(c) Pierre Ossman
[    5.064048] sdhci-pltfm: SDHCI platform and OF driver helper
[    5.065186] drop_monitor: Initializing network drop monitor service
[    5.066096] NET: Registered PF_INET6 protocol family
[    5.068706] Segment Routing with IPv6
[    5.069145] In-situ OAM (IOAM) with IPv6
[    5.069576] NET: Registered PF_PACKET protocol family
[    5.070999] 9pnet: Installing 9P2000 support
[    5.071576] Key type dns_resolver registered
[    5.074212] IPI shorthand broadcast: enabled
[    5.137538] sched_clock: Marking stable (5116004375, 19347536)->(5137429054, -2077143)
[    5.141156] registered taskstats version 1
[    5.142329] Loading compiled-in X.509 certificates
[    5.228881] Demotion targets for Node 0: null
[    5.231103] Key type .fscrypt registered
[    5.231553] Key type fscrypt-provisioning registered
[    5.236606] Key type encrypted registered
[    5.237030] ima: No TPM chip found, activating TPM-bypass!
[    5.237558] ima: Allocated hash algorithm: sha1
[    5.238027] ima: No architecture policies found
[    5.238609] evm: Initialising EVM extended attributes:
[    5.239069] evm: security.selinux
[    5.239403] evm: security.SMACK64
[    5.239696] evm: security.SMACK64EXEC
[    5.240023] evm: security.SMACK64TRANSMUTE
[    5.240391] evm: security.SMACK64MMAP
[    5.240716] evm: security.apparmor
[    5.241023] evm: security.ima
[    5.241300] evm: security.capability
[    5.241621] evm: HMAC attrs: 0x1
[    5.244996] PM:   Magic number: 2:455:72
[    5.246360] RAS: Correctable Errors collector initialized.
[    5.247080] clk: Disabling unused clocks
[    5.247560] PM: genpd: Disabling unused power domains
[    5.248683] check access for rdinit=/init failed: -2, ignoring
[    5.249053] md: Waiting for all devices to be available before autodetect
[    5.249465] md: If you don't use raid, use raid=noautodetect
[    5.249809] md: Autodetecting RAID arrays.
[    5.250067] md: autorun ...
[    5.250252] md: ... autorun DONE.
[    5.260183] EXT4-fs (sda): INFO: recovery required on readonly filesystem
[    5.260620] EXT4-fs (sda): write access will be enabled during recovery
[    5.318186] EXT4-fs (sda): recovery complete
[    5.321486] EXT4-fs (sda): mounted filesystem 088740a9-c8b4-422c-999d-a804eb68a4da ro with ordered data mode. Quota mode: none.
[    5.322211] VFS: Mounted root (ext4 filesystem) readonly on device 8:0.
[    5.325116] devtmpfs: mounted
[    5.325830] VFS: Pivoted into new rootfs
[    5.347862] Freeing unused decrypted memory: 2036K
[    5.354071] Freeing unused kernel image (initmem) memory: 16424K
[    5.354569] Write protecting the kernel read-only data: 102400k
[    5.357827] Freeing unused kernel image (text/rodata gap) memory: 952K
[    5.359903] Freeing unused kernel image (rodata/data gap) memory: 1664K
[    6.412005] x86/mm: Checked W+X mappings: passed, no W+X pages found.
[    6.412695] Run /sbin/init as init process
[    6.634760] systemd[1]: systemd 252-15.el9 running in system mode (+PAM +AUDIT +SELINUX -APPARMOR +IMA +SMACK +SECCOMP +GCRYPT +GNUTLS +OPENSSL +ACL +BLKID +CURL +ELFUTILS -FIDO2 +IDN2 -IDN -IPTC +KMOD +LIBCRYPTSETUP +LIBFDISK +PCRE2 -PWQUALITY +P11KIT -QRENCODE +TPM2 +BZIP2 +LZ4 +XZ +ZLIB +ZSTD -BPF_FRAMEWORK +XKBCOMMON +UTMP +SYSVINIT default-hierarchy=unified)
[    6.636858] systemd[1]: Detected virtualization kvm.
[    6.637180] systemd[1]: Detected architecture x86-64.

Welcome to [0;31mCentOS Stream 9[0m!

[    6.644774] systemd[1]: Hostname set to <test>.
[    6.862851] systemd-rc-local-generator[119]: /etc/rc.d/rc.local is not marked executable, skipping.
[    7.359576] systemd[1]: Queued start job for default target Multi-User System.
[    7.378358] systemd[1]: Created slice Virtual Machine and Container Slice.
[[0;32m  OK  [0m] Created slice [0;1;39mVirtual Machine and Container Slice[0m.
[    7.383556] systemd[1]: Created slice Slice /system/getty.
[[0;32m  OK  [0m] Created slice [0;1;39mSlice /system/getty[0m.
[    7.386421] systemd[1]: Created slice Slice /system/modprobe.
[[0;32m  OK  [0m] Created slice [0;1;39mSlice /system/modprobe[0m.
[    7.389426] systemd[1]: Created slice Slice /system/serial-getty.
[[0;32m  OK  [0m] Created slice [0;1;39mSlice /system/serial-getty[0m.
[    7.392451] systemd[1]: Created slice Slice /system/sshd-keygen.
[[0;32m  OK  [0m] Created slice [0;1;39mSlice /system/sshd-keygen[0m.
[    7.395107] systemd[1]: Created slice User and Session Slice.
[[0;32m  OK  [0m] Created slice [0;1;39mUser and Session Slice[0m.
[    7.396455] systemd[1]: Started Forward Password Requests to Wall Directory Watch.
[[0;32m  OK  [0m] Started [0;1;39mForward Password R…uests to Wall Directory Watch[0m.
[    7.398525] systemd[1]: Set up automount Arbitrary Executable File Formats File System Automount Point.
[[0;32m  OK  [0m] Set up automount [0;1;39mArbitrary…s File System Automount Point[0m.
[    7.400065] systemd[1]: Reached target Local Integrity Protected Volumes.
[[0;32m  OK  [0m] Reached target [0;1;39mLocal Integrity Protected Volumes[0m.
[    7.401195] systemd[1]: Reached target Slice Units.
[[0;32m  OK  [0m] Reached target [0;1;39mSlice Units[0m.
[    7.402037] systemd[1]: Reached target Swaps.
[[0;32m  OK  [0m] Reached target [0;1;39mSwaps[0m.
[    7.402823] systemd[1]: Reached target Local Verity Protected Volumes.
[[0;32m  OK  [0m] Reached target [0;1;39mLocal Verity Protected Volumes[0m.
[    7.404239] systemd[1]: Listening on Device-mapper event daemon FIFOs.
[[0;32m  OK  [0m] Listening on [0;1;39mDevice-mapper event daemon FIFOs[0m.
[    7.405817] systemd[1]: Listening on LVM2 poll daemon socket.
[[0;32m  OK  [0m] Listening on [0;1;39mLVM2 poll daemon socket[0m.
[    7.406940] systemd[1]: multipathd control socket was skipped because of an unmet condition check (ConditionPathExists=/etc/multipath.conf).
[    7.459493] systemd[1]: Listening on RPCbind Server Activation Socket.
[[0;32m  OK  [0m] Listening on [0;1;39mRPCbind Server Activation Socket[0m.
[    7.460899] systemd[1]: Reached target RPC Port Mapper.
[[0;32m  OK  [0m] Reached target [0;1;39mRPC Port Mapper[0m.
[    7.464627] systemd[1]: Listening on Process Core Dump Socket.
[[0;32m  OK  [0m] Listening on [0;1;39mProcess Core Dump Socket[0m.
[    7.466338] systemd[1]: Listening on initctl Compatibility Named Pipe.
[[0;32m  OK  [0m] Listening on [0;1;39minitctl Compatibility Named Pipe[0m.
[    7.468442] systemd[1]: Listening on Journal Socket (/dev/log).
[[0;32m  OK  [0m] Listening on [0;1;39mJournal Socket (/dev/log)[0m.
[    7.470317] systemd[1]: Listening on Journal Socket.
[[0;32m  OK  [0m] Listening on [0;1;39mJournal Socket[0m.
[    7.472182] systemd[1]: Listening on udev Control Socket.
[[0;32m  OK  [0m] Listening on [0;1;39mudev Control Socket[0m.
[    7.473908] systemd[1]: Listening on udev Kernel Socket.
[[0;32m  OK  [0m] Listening on [0;1;39mudev Kernel Socket[0m.
[    7.480597] systemd[1]: Mounting Huge Pages File System...
         Mounting [0;1;39mHuge Pages File System[0m...
[    7.487517] systemd[1]: Mounting POSIX Message Queue File System...
         Mounting [0;1;39mPOSIX Message Queue File System[0m...
[    7.499813] systemd[1]: Mounting Kernel Debug File System...
         Mounting [0;1;39mKernel Debug File System[0m...
[    7.507585] systemd[1]: Mounting Kernel Trace File System...
         Mounting [0;1;39mKernel Trace File System[0m...
[    7.508700] systemd[1]: Kernel Module supporting RPCSEC_GSS was skipped because of an unmet condition check (ConditionPathExists=/etc/krb5.keytab).
[    7.509665] systemd[1]: Create List of Static Device Nodes was skipped because of an unmet condition check (ConditionFileNotEmpty=/lib/modules/6.19.0-b29a7a8eee6a+/modules.devname).
[    7.515928] systemd[1]: Starting Monitoring of LVM2 mirrors, snapshots etc. using dmeventd or progress polling...
         Starting [0;1;39mMonitoring of LVM…meventd or progress polling[0m...
[    7.524651] systemd[1]: Starting Load Kernel Module configfs...
         Starting [0;1;39mLoad Kernel Module configfs[0m...
[    7.555923] systemd[1]: Starting Load Kernel Module drm...
         Starting [0;1;39mLoad Kernel Module drm[0m...
[    7.564147] systemd[1]: Starting Load Kernel Module fuse...
         Starting [0;1;39mLoad Kernel Module fuse[0m...
[    7.577102] systemd[1]: Starting Read and set NIS domainname from /etc/sysconfig/network...
         Starting [0;1;39mRead and set NIS …from /etc/sysconfig/network[0m...
[    7.593487] systemd[1]: Starting Journal Service...
         Starting [0;1;39mJournal Service[0m...
[    7.623786] systemd[1]: Starting Load Kernel Modules...
         Starting [0;1;39mLoad Kernel Modules[0m...
[    7.636286] systemd[1]: Starting Generate network units from Kernel command line...
         Starting [0;1;39mGenerate network …ts from Kernel command line[0m...
[    7.655878] systemd[1]: Starting Remount Root and Kernel File Systems...
         Starting [0;1;39mRemount Root and Kernel File Systems[0m...
[    7.658392] systemd[1]: Repartition Root Disk was skipped because no trigger condition checks were met.
[    7.693053] systemd[1]: Starting Coldplug All udev Devices...
         Starting [0;1;39mColdplug All udev Devices[0m...
[    7.710231] systemd[1]: Mounted Huge Pages File System.
[[0;32m  OK  [0m] Mounted [0;1;39mHuge Pages File System[0m.
[    7.720015] systemd[1]: Mounted POSIX Message Queue File System.
[[0;32m  OK  [0m] Mounted [0;1;39mPOSIX Message Queue File System[0m.
[    7.724144] systemd[1]: Mounted Kernel Debug File System.
[[0;32m  OK  [0m] Mounted [0;1;39mKernel Debug File System[0m.
[    7.727859] systemd[1]: Mounted Kernel Trace File System.
[[0;32m  OK  [0m] Mounted [0;1;39mKernel Trace File System[0m.
[    7.733335] systemd[1]: Finished Monitoring of LVM2 mirrors, snapshots etc. using dmeventd or progress polling.
[[0;32m  OK  [0m] Finished [0;1;39mMonitoring of LVM… dmeventd or progress polling[0m.[    7.739785] EXT4-fs (sda): re-mounted 088740a9-c8b4-422c-999d-a804eb68a4da r/w.

[    7.746869] systemd[1]: modprobe@configfs.service: Deactivated successfully.
[    7.756885] systemd[1]: Finished Load Kernel Module configfs.
[[0;32m  OK  [0m] Finished [0;1;39mLoad Kernel Module configfs[0m.
[    7.761697] systemd[1]: modprobe@drm.service: Deactivated successfully.
[    7.763170] systemd[1]: Finished Load Kernel Module drm.
[[0;32m  OK  [0m] Finished [0;1;39mLoad Kernel Module drm[0m.
[    7.768381] systemd[1]: Started Journal Service.
[[0;32m  OK  [0m] Started [0;1;39mJournal Service[0m.
[[0;32m  OK  [0m] Finished [0;1;39mLoad Kernel Module fuse[0m.
[[0;32m  OK  [0m] Finished [0;1;39mRead and set NIS …e from /etc/sysconfig/network[0m.
[[0;1;31mFAILED[0m] Failed to start [0;1;39mLoad Kernel Modules[0m.
See 'systemctl status systemd-modules-load.service' for details.
[[0;32m  OK  [0m] Finished [0;1;39mGenerate network units from Kernel command line[0m.
[[0;32m  OK  [0m] Finished [0;1;39mRemount Root and Kernel File Systems[0m.
[[0;32m  OK  [0m] Reached target [0;1;39mPreparation for Network[0m.
         Mounting [0;1;39mFUSE Control File System[0m...
         Mounting [0;1;39mKernel Configuration File System[0m...
         Starting [0;1;39mFlush Journal to Persistent Storage[0m...
         Starting [0;1;39mLoad/Save Random Seed[0m...
         Starting [0;1;39mApply Kernel Variables[0m...
[    7.891607] systemd-journald[141]: Received client request to flush runtime journal.
         Starting [0;1;39mCreate Static Device Nodes in /dev[0m...
         Starting [0;1;39mSetup Virtual Console[0m...
[[0;32m  OK  [0m] Mounted [0;1;39mFUSE Control File System[0m.
[[0;32m  OK  [0m] Mounted [0;1;39mKernel Configuration File System[0m.
[[0;32m  OK  [0m] Finished [0;1;39mFlush Journal to Persistent Storage[0m.
[[0;32m  OK  [0m] Finished [0;1;39mLoad/Save Random Seed[0m.
[[0;32m  OK  [0m] Finished [0;1;39mApply Kernel Variables[0m.
[[0;32m  OK  [0m] Finished [0;1;39mCreate Static Device Nodes in /dev[0m.
         Starting [0;1;39mRule-based Manage…for Device Events and Files[0m...
[[0;32m  OK  [0m] Started [0;1;39mRule-based Manager for Device Events and Files[0m.
         Starting [0;1;39mAuto-connect to s…E devices found during boot[0m...
[[0;32m  OK  [0m] Finished [0;1;39mSetup Virtual Console[0m.
[[0;32m  OK  [0m] Finished [0;1;39mAuto-connect to s…VME devices found during boot[0m.
[[0;32m  OK  [0m] Finished [0;1;39mColdplug All udev Devices[0m.
         Starting [0;1;39mShow Plymouth Boot Screen[0m...
         Starting [0;1;39mWait for udev To …plete Device Initialization[0m...
[2J[3J[-1;-1f[[0;32m  OK  [0m] Started [0;1;39mShow Plymouth Boot Screen[0m.
[[0;32m  OK  [0m] Started [0;1;39mForward Password R…s to Plymouth Directory Watch[0m.
[[0;32m  OK  [0m] Reached target [0;1;39mLocal Encrypted Volumes[0m.
[[0;32m  OK  [0m] Reached target [0;1;39mPath Units[0m.
[[0;32m  OK  [0m] Found device [0;1;39m/dev/ttyS0[0m.
[[0;32m  OK  [0m] Listening on [0;1;39mLoad/Save RF …itch Status /dev/rfkill Watch[0m.
[[0;32m  OK  [0m] Finished [0;1;39mWait for udev To Complete Device Initialization[0m.
[[0;32m  OK  [0m] Reached target [0;1;39mPreparation for Local File Systems[0m.
[[0;32m  OK  [0m] Reached target [0;1;39mLocal File Systems[0m.
         Starting [0;1;39mTell Plymouth To Write Out Runtime Data[0m...
         Starting [0;1;39mAutomatic Boot Loader Update[0m...
         Starting [0;1;39mCreate Volatile Files and Directories[0m...
[[0;32m  OK  [0m] Finished [0;1;39mTell Plymouth To Write Out Runtime Data[0m.
[[0;32m  OK  [0m] Finished [0;1;39mAutomatic Boot Loader Update[0m.
[[0;32m  OK  [0m] Finished [0;1;39mCreate Volatile Files and Directories[0m.
         Mounting [0;1;39mRPC Pipe File System[0m...
         Starting [0;1;39mSecurity Auditing Service[0m...
         Starting [0;1;39mRPC Bind[0m...
[[0;32m  OK  [0m] Mounted [0;1;39mRPC Pipe File System[0m.
[[0;32m  OK  [0m] Reached target [0;1;39mrpc_pipefs.target[0m.
[[0;32m  OK  [0m] Started [0;1;39mRPC Bind[0m.
[[0;32m  OK  [0m] Started [0;1;39mSecurity Auditing Service[0m.
         Starting [0;1;39mRecord System Boot/Shutdown in UTMP[0m...
[[0;32m  OK  [0m] Finished [0;1;39mRecord System Boot/Shutdown in UTMP[0m.
[[0;32m  OK  [0m] Reached target [0;1;39mSystem Initialization[0m.
[[0;32m  OK  [0m] Started [0;1;39mDaily rotation of log files[0m.
[[0;32m  OK  [0m] Started [0;1;39mUpdates mlocate database every day[0m.
[[0;32m  OK  [0m] Started [0;1;39mDaily Cleanup of Temporary Directories[0m.
[[0;32m  OK  [0m] Started [0;1;39mdaily update of the root trust anchor for DNSSEC[0m.
[[0;32m  OK  [0m] Reached target [0;1;39mTimer Units[0m.
[[0;32m  OK  [0m] Listening on [0;1;39mD-Bus System Message Bus Socket[0m.
[[0;32m  OK  [0m] Listening on [0;1;39mOpen-iSCSI iscsid Socket[0m.
[[0;32m  OK  [0m] Listening on [0;1;39mOpen-iSCSI iscsiuio Socket[0m.
[[0;32m  OK  [0m] Listening on [0;1;39mSSSD Kerberos…ache Manager responder socket[0m.
[[0;32m  OK  [0m] Listening on [0;1;39mLibvirt interface local socket[0m.
[[0;32m  OK  [0m] Listening on [0;1;39mVirtual machine lock manager socket[0m.
[[0;32m  OK  [0m] Listening on [0;1;39mVirtual machine log manager socket[0m.
[[0;32m  OK  [0m] Listening on [0;1;39mLibvirt network local socket[0m.
[[0;32m  OK  [0m] Listening on [0;1;39mLibvirt nodedev local socket[0m.
[[0;32m  OK  [0m] Listening on [0;1;39mLibvirt nwfilter local socket[0m.
[[0;32m  OK  [0m] Listening on [0;1;39mLibvirt proxy local socket[0m.
[[0;32m  OK  [0m] Listening on [0;1;39mLibvirt qemu local socket[0m.
[[0;32m  OK  [0m] Listening on [0;1;39mLibvirt qemu admin socket[0m.
[[0;32m  OK  [0m] Listening on [0;1;39mLibvirt qemu local read-only socket[0m.
[[0;32m  OK  [0m] Listening on [0;1;39mLibvirt secret local socket[0m.
[[0;32m  OK  [0m] Listening on [0;1;39mLibvirt storage local socket[0m.
[[0;32m  OK  [0m] Reached target [0;1;39mSocket Units[0m.
         Starting [0;1;39mD-Bus System Message Bus[0m...
[[0;32m  OK  [0m] Started [0;1;39mD-Bus System Message Bus[0m.
[[0;32m  OK  [0m] Reached target [0;1;39mBasic System[0m.
         Starting [0;1;39mNetwork Manager[0m...
         Starting [0;1;39mNTP client/server[0m...
         Starting [0;1;39mRestore /run/initramfs on shutdown[0m...
[[0;32m  OK  [0m] Started [0;1;39mirqbalance daemon[0m.
[[0;32m  OK  [0m] Started [0;1;39mlibstoragemgmt plug-in server daemon[0m.
[[0;32m  OK  [0m] Started [0;1;39mMachine Check Exception Logging Daemon[0m.
[[0;32m  OK  [0m] Reached target [0;1;39msshd-keygen.target[0m.
[[0;32m  OK  [0m] Reached target [0;1;39mUser and Group Name Lookups[0m.
         Starting [0;1;39mUser Login Management[0m...
         Starting [0;1;39mVirtual Machine a…tainer Registration Service[0m...
[[0;32m  OK  [0m] Finished [0;1;39mRestore /run/initramfs on shutdown[0m.
[[0;32m  OK  [0m] Started [0;1;39mVirtual Machine an…ontainer Registration Service[0m.
[[0;32m  OK  [0m] Started [0;1;39mNTP client/server[0m.
         Starting [0;1;39mHostname Service[0m...
[[0;32m  OK  [0m] Started [0;1;39mUser Login Management[0m.
[[0;32m  OK  [0m] Started [0;1;39mHostname Service[0m.
         Starting [0;1;39mNetwork Manager Script Dispatcher Service[0m...
[[0;32m  OK  [0m] Started [0;1;39mNetwork Manager Script Dispatcher Service[0m.
[   11.411666] e1000: eth0 NIC Link is Up 1000 Mbps Full Duplex, Flow Control: RX
[[0;32m  OK  [0m] Started [0;1;39mNetwork Manager[0m.
[[0;32m  OK  [0m] Reached target [0;1;39mNetwork[0m.
[[0;32m  OK  [0m] Reached target [0;1;39mNetwork is Online[0m.
         Starting [0;1;39mGSSAPI Proxy Daemon[0m...
         Starting [0;1;39mNotify NFS peers of a restart[0m...
         Starting [0;1;39mSystem Logging Service[0m...
         Starting [0;1;39mOpenSSH server daemon[0m...
         Starting [0;1;39mDynamic System Tuning Daemon[0m...
[[0;32m  OK  [0m] Started [0;1;39mNotify NFS peers of a restart[0m.
[[0;32m  OK  [0m] Started [0;1;39mGSSAPI Proxy Daemon[0m.
[[0;32m  OK  [0m] Reached target [0;1;39mNFS client services[0m.
[[0;32m  OK  [0m] Reached target [0;1;39mPreparation for Remote File Systems[0m.
[[0;32m  OK  [0m] Reached target [0;1;39mRemote File Systems[0m.
         Starting [0;1;39mPermit User Sessions[0m...
         Starting [0;1;39mVirtualization qemu daemon[0m...
[[0;32m  OK  [0m] Started [0;1;39mOpenSSH server daemon[0m.
[[0;32m  OK  [0m] Finished [0;1;39mPermit User Sessions[0m.
[[0;32m  OK  [0m] Started [0;1;39mDeferred execution scheduler[0m.
[[0;32m  OK  [0m] Started [0;1;39mCommand Scheduler[0m.
         Starting [0;1;39mHold until boot process finishes up[0m...
         Starting [0;1;39mTerminate Plymouth Boot Screen[0m...
[[0;32m  OK  [0m] Started [0;1;39mSystem Logging Service[0m.

CentOS Stream 9
Kernel 6.19.0-b29a7a8eee6a+ on an x86_64

Activate the web console with: systemctl enable --now cockpit.socket

test login: [  300.335650] INFO: task systemd:727 blocked for more than 147 seconds.
[  300.336128]       Not tainted 6.19.0-b29a7a8eee6a+ #1
[  300.336479] "echo 0 > /proc/sys/kernel/hung_task_timeout_secs" disables this message.
[  300.336938] task:systemd         state:D stack:0     pid:727   tgid:1     ppid:0      task_flags:0x400040 flags:0x00080000
[  300.337601] Call Trace:
[  300.337758]  <TASK>
[  300.337901]  __schedule+0xfcb/0x40e0
[  300.338156]  ? __pfx___schedule+0x10/0x10
[  300.338419]  ? lock_release+0x14f/0x2a0
[  300.338665]  ? wait_transaction_locked+0x196/0x240
[  300.338962]  schedule+0xf6/0x3d0
[  300.339173]  wait_transaction_locked+0x1bb/0x240
[  300.339634]  ? wait_transaction_locked+0x196/0x240
[  300.339938]  ? __pfx_wait_transaction_locked+0x10/0x10
[  300.340257]  ? __pfx_autoremove_wake_function+0x10/0x10
[  300.340588]  ? jbd2__journal_start+0x19c/0x810
[  300.340872]  add_transaction_credits+0x121/0x1000
[  300.341170]  ? __pfx_add_transaction_credits+0x10/0x10
[  300.341491]  ? __this_cpu_preempt_check+0x21/0x30
[  300.341786]  ? lock_acquire+0x180/0x2f0
[  300.342033]  ? __kasan_check_write+0x18/0x20
[  300.342307]  start_this_handle+0x457/0x1550
[  300.342584]  ? __pfx_start_this_handle+0x10/0x10
[  300.342868]  ? debug_smp_processor_id+0x20/0x30
[  300.343154]  ? rcu_is_watching+0x19/0xc0
[  300.343426]  ? kmem_cache_alloc_noprof+0x4e2/0x780
[  300.343744]  jbd2__journal_start+0x397/0x810
[  300.344022]  __ext4_journal_start_sb+0x3fc/0x580
[  300.344312]  ? ext4_rmdir+0x637/0xf10
[  300.344552]  ext4_rmdir+0x637/0xf10
[  300.344783]  ? __pfx_ext4_rmdir+0x10/0x10
[  300.345046]  ? __pfx_down_write+0x10/0x10
[  300.345300]  ? do_raw_spin_unlock+0x15c/0x210
[  300.345585]  vfs_rmdir+0x351/0x880
[  300.345813]  do_rmdir+0x450/0x5e0
[  300.346036]  ? __pfx_do_rmdir+0x10/0x10
[  300.346271]  ? __sanitizer_cov_trace_const_cmp8+0x1c/0x30
[  300.346602]  ? strncpy_from_user+0x198/0x290
[  300.346875]  ? getname_flags.part.0+0x1d5/0x570
[  300.347172]  __x64_sys_unlinkat+0xff/0x130
[  300.347445]  x64_sys_call+0xea8/0x21b0
[  300.347691]  do_syscall_64+0x6d/0x1180
[  300.347937]  entry_SYSCALL_64_after_hwframe+0x76/0x7e
[  300.348260] RIP: 0033:0x7ff457e3ebab
[  300.348498] RSP: 002b:00007ff457569838 EFLAGS: 00000246 ORIG_RAX: 0000000000000107
[  300.348961] RAX: ffffffffffffffda RBX: 0000000000000006 RCX: 00007ff457e3ebab
[  300.349404] RDX: 0000000000000200 RSI: 00007ff448008bf0 RDI: 000000000000000c
[  300.349835] RBP: 000000000000000c R08: 0000000000000003 R09: 0000000000000078
[  300.350269] R10: 000000000000009b R11: 0000000000000246 R12: 0000000000000000
[  300.350708] R13: 00007ff448008bf0 R14: 0000000000000200 R15: 0000000000000006
[  300.351155]  </TASK>
[  300.351301] INFO: task systemd:728 blocked for more than 147 seconds.
[  300.351722]       Not tainted 6.19.0-b29a7a8eee6a+ #1
[  300.352025] "echo 0 > /proc/sys/kernel/hung_task_timeout_secs" disables this message.
[  300.352495] task:systemd         state:D stack:0     pid:728   tgid:1     ppid:0      task_flags:0x400040 flags:0x00080000
[  300.353155] Call Trace:
[  300.353316]  <TASK>
[  300.353469]  __schedule+0xfcb/0x40e0
[  300.353709]  ? __pfx___schedule+0x10/0x10
[  300.353967]  ? lock_release+0x14f/0x2a0
[  300.354215]  ? wait_transaction_locked+0x196/0x240
[  300.354529]  schedule+0xf6/0x3d0
[  300.354748]  wait_transaction_locked+0x1bb/0x240
[  300.355037]  ? wait_transaction_locked+0x196/0x240
[  300.355338]  ? __pfx_wait_transaction_locked+0x10/0x10
[  300.355674]  ? __pfx_autoremove_wake_function+0x10/0x10
[  300.356000]  ? jbd2__journal_start+0x19c/0x810
[  300.356288]  add_transaction_credits+0x121/0x1000
[  300.356595]  ? __pfx_add_transaction_credits+0x10/0x10
[  300.356925]  ? __this_cpu_preempt_check+0x21/0x30
[  300.357228]  ? lock_acquire+0x180/0x2f0
[  300.357485]  ? __kasan_check_write+0x18/0x20
[  300.357761]  start_this_handle+0x457/0x1550
[  300.358036]  ? __pfx_start_this_handle+0x10/0x10
[  300.358331]  ? debug_smp_processor_id+0x20/0x30
[  300.358628]  ? rcu_is_watching+0x19/0xc0
[  300.358877]  ? kmem_cache_alloc_noprof+0x4e2/0x780
[  300.359188]  jbd2__journal_start+0x397/0x810
[  300.359476]  __ext4_journal_start_sb+0x3fc/0x580
[  300.359764]  ? ext4_rmdir+0x637/0xf10
[  300.360006]  ext4_rmdir+0x637/0xf10
[  300.360233]  ? __pfx_ext4_rmdir+0x10/0x10
[  300.360504]  ? __pfx_down_write+0x10/0x10
[  300.360758]  ? do_raw_spin_unlock+0x15c/0x210
[  300.361041]  vfs_rmdir+0x351/0x880
[  300.361263]  do_rmdir+0x450/0x5e0
[  300.361484]  ? __pfx_do_rmdir+0x10/0x10
[  300.361729]  ? __sanitizer_cov_trace_const_cmp8+0x1c/0x30
[  300.362062]  ? strncpy_from_user+0x198/0x290
[  300.362337]  ? getname_flags.part.0+0x1d5/0x570
[  300.362638]  __x64_sys_unlinkat+0xff/0x130
[  300.362899]  x64_sys_call+0xea8/0x21b0
[  300.363138]  do_syscall_64+0x6d/0x1180
[  300.363396]  entry_SYSCALL_64_after_hwframe+0x76/0x7e
[  300.363709] RIP: 0033:0x7ff457e3ebab
[  300.363937] RSP: 002b:00007ff456d68838 EFLAGS: 00000246 ORIG_RAX: 0000000000000107
[  300.364410] RAX: ffffffffffffffda RBX: 0000000000000006 RCX: 00007ff457e3ebab
[  300.364835] RDX: 0000000000000200 RSI: 00007ff450008bf0 RDI: 0000000000000016
[  300.365279] RBP: 0000000000000016 R08: 0000000000000003 R09: 0000000000000078
[  300.365713] R10: 000000000000009b R11: 0000000000000246 R12: 0000000000000000
[  300.366148] R13: 00007ff450008bf0 R14: 0000000000000200 R15: 0000000000000006
[  300.366597]  </TASK>
[  300.366748] INFO: task kworker/u8:0:12 blocked for more than 147 seconds.
[  300.367160]       Not tainted 6.19.0-b29a7a8eee6a+ #1
[  300.367496] "echo 0 > /proc/sys/kernel/hung_task_timeout_secs" disables this message.
[  300.367964] task:kworker/u8:0    state:D stack:0     pid:12    tgid:12    ppid:2      task_flags:0x4248060 flags:0x00080000
[  300.368628] Workqueue: writeback wb_workfn (flush-8:0)
[  300.368951] Call Trace:
[  300.369111]  <TASK>
[  300.369255]  __schedule+0xfcb/0x40e0
[  300.369500]  ? __pfx___schedule+0x10/0x10
[  300.369758]  ? lock_release+0x14f/0x2a0
[  300.369999]  ? kthread_data+0x61/0xd0
[  300.370236]  ? wait_transaction_locked+0x196/0x240
[  300.370547]  schedule+0xf6/0x3d0
[  300.370761]  wait_transaction_locked+0x1bb/0x240
[  300.371052]  ? wait_transaction_locked+0x196/0x240
[  300.371369]  ? __pfx_wait_transaction_locked+0x10/0x10
[  300.371694]  ? check_noncircular+0x80/0x150
[  300.371965]  ? __pfx_autoremove_wake_function+0x10/0x10
[  300.372294]  ? __this_cpu_preempt_check+0x21/0x30
[  300.372598]  ? lockdep_unlock+0x62/0xd0
[  300.372850]  add_transaction_credits+0x121/0x1000
[  300.373149]  ? __pfx_add_transaction_credits+0x10/0x10
[  300.373477]  ? __this_cpu_preempt_check+0x21/0x30
[  300.373773]  ? lock_acquire+0x180/0x2f0
[  300.374024]  ? __kasan_check_write+0x18/0x20
[  300.374300]  start_this_handle+0x457/0x1550
[  300.374578]  ? __pfx_start_this_handle+0x10/0x10
[  300.374866]  ? debug_smp_processor_id+0x20/0x30
[  300.375152]  ? rcu_is_watching+0x19/0xc0
[  300.375423]  ? kmem_cache_alloc_noprof+0x4e2/0x780
[  300.375735]  jbd2__journal_start+0x397/0x810
[  300.376012]  __ext4_journal_start_sb+0x3fc/0x580
[  300.376300]  ? __sanitizer_cov_trace_const_cmp4+0x1a/0x20
[  300.376636]  ? ext4_do_writepages+0x1112/0x3930
[  300.376929]  ext4_do_writepages+0x1112/0x3930
[  300.377208]  ? check_noncircular+0x80/0x150
[  300.377477]  ? arch_stack_walk+0x8b/0xf0
[  300.377739]  ? __lock_acquire+0x412/0x2210
[  300.378007]  ? __pfx_ext4_do_writepages+0x10/0x10
[  300.378309]  ? __this_cpu_preempt_check+0x21/0x30
[  300.378610]  ? lock_is_held_type+0xef/0x150
[  300.378882]  ext4_writepages+0x3e1/0x870
[  300.379128]  ? ext4_writepages+0x3e1/0x870
[  300.379404]  ? __pfx_ext4_writepages+0x10/0x10
[  300.379699]  ? __pfx_ext4_writepages+0x10/0x10
[  300.379982]  do_writepages+0x255/0x5b0
[  300.380227]  __writeback_single_inode+0x121/0x11f0
[  300.380533]  ? _raw_spin_unlock+0x31/0x60
[  300.380794]  ? __sanitizer_cov_trace_const_cmp8+0x1c/0x30
[  300.381132]  ? wbc_attach_and_unlock_inode.part.0+0x47a/0x890
[  300.381503]  writeback_sb_inodes+0x785/0x1c80
[  300.381791]  ? __pfx_writeback_sb_inodes+0x10/0x10
[  300.382091]  ? __lock_acquire+0x412/0x2210
[  300.382348]  ? __lock_acquire+0x412/0x2210
[  300.382650]  ? __sanitizer_cov_trace_const_cmp8+0x1c/0x30
[  300.382992]  __writeback_inodes_wb+0xc8/0x280
[  300.383273]  wb_writeback+0x652/0x9e0
[  300.383538]  ? __pfx_wb_writeback+0x10/0x10
[  300.383808]  ? __sanitizer_cov_trace_cmp4+0x1a/0x20
[  300.384112]  ? get_nr_dirty_inodes+0x12c/0x1b0
[  300.384408]  wb_workfn+0x713/0xe60
[  300.384638]  ? __pfx_wb_workfn+0x10/0x10
[  300.384901]  process_one_work+0x930/0x1ad0
[  300.385162]  ? __lock_acquire+0x412/0x2210
[  300.385437]  ? __pfx_process_one_work+0x10/0x10
[  300.385722]  ? move_linked_works+0x1bf/0x2c0
[  300.385995]  ? __this_cpu_preempt_check+0x21/0x30
[  300.386298]  ? assign_work+0x19f/0x250
[  300.386545]  ? lock_is_held_type+0xef/0x150
[  300.386814]  worker_thread+0x697/0xeb0
[  300.387068]  ? __pfx_worker_thread+0x10/0x10
[  300.387366]  kthread+0x464/0x980
[  300.387590]  ? __pfx_kthread+0x10/0x10
[  300.387825]  ? trace_hardirqs_on+0x26/0x130
[  300.388085]  ? _raw_spin_unlock_irq+0x3c/0x60
[  300.388363]  ? __pfx_kthread+0x10/0x10
[  300.388600]  ret_from_fork+0x780/0x8f0
[  300.388836]  ? __pfx_ret_from_fork+0x10/0x10
[  300.389101]  ? native_load_tls+0x16/0x50
[  300.389351]  ? __sanitizer_cov_trace_const_cmp8+0x1c/0x30
[  300.389686]  ? __switch_to+0x823/0x10b0
[  300.389930]  ? __pfx_kthread+0x10/0x10
[  300.390167]  ret_from_fork_asm+0x1a/0x30
[  300.390427]  </TASK>
[  300.390579] INFO: task kworker/u8:1:33 blocked for more than 147 seconds.
[  300.390984]       Not tainted 6.19.0-b29a7a8eee6a+ #1
[  300.391285] "echo 0 > /proc/sys/kernel/hung_task_timeout_secs" disables this message.
[  300.391759] task:kworker/u8:1    state:D stack:0     pid:33    tgid:33    ppid:2      task_flags:0x4248060 flags:0x00080000
[  300.392424] Workqueue: writeback wb_workfn (flush-8:0)
[  300.392750] Call Trace:
[  300.392910]  <TASK>
[  300.393056]  __schedule+0xfcb/0x40e0
[  300.393303]  ? __pfx___schedule+0x10/0x10
[  300.393569]  ? lock_release+0x14f/0x2a0
[  300.393819]  ? kthread_data+0x61/0xd0
[  300.394058]  ? wait_transaction_locked+0x196/0x240
[  300.394368]  schedule+0xf6/0x3d0
[  300.394582]  wait_transaction_locked+0x1bb/0x240
[  300.394875]  ? wait_transaction_locked+0x196/0x240
[  300.395174]  ? __pfx_wait_transaction_locked+0x10/0x10
[  300.395511]  ? __pfx_autoremove_wake_function+0x10/0x10
[  300.395835]  ? jbd2__journal_start+0x253/0x810
[  300.396120]  add_transaction_credits+0x121/0x1000
[  300.396427]  ? ext4_init_io_end+0x32/0x190
[  300.396694]  ? __pfx_add_transaction_credits+0x10/0x10
[  300.397010]  ? __this_cpu_preempt_check+0x21/0x30
[  300.397305]  ? lock_acquire+0x180/0x2f0
[  300.397561]  ? __kasan_check_write+0x18/0x20
[  300.397833]  start_this_handle+0x457/0x1550
[  300.398107]  ? __pfx_start_this_handle+0x10/0x10
[  300.398405]  ? debug_smp_processor_id+0x20/0x30
[  300.398691]  ? rcu_is_watching+0x19/0xc0
[  300.398938]  ? kmem_cache_alloc_noprof+0x4e2/0x780
[  300.399250]  jbd2__journal_start+0x397/0x810
[  300.399546]  __ext4_journal_start_sb+0x3fc/0x580
[  300.399832]  ? __sanitizer_cov_trace_const_cmp4+0x1a/0x20
[  300.400165]  ? ext4_do_writepages+0x1112/0x3930
[  300.400458]  ext4_do_writepages+0x1112/0x3930
[  300.400731]  ? __sanitizer_cov_trace_cmp8+0x1c/0x30
[  300.401035]  ? stack_trace_save+0x96/0xd0
[  300.401309]  ? __lock_acquire+0x412/0x2210
[  300.401577]  ? update_stack_state+0x2d9/0x610
[  300.401860]  ? __pfx_ext4_do_writepages+0x10/0x10
[  300.402160]  ? __this_cpu_preempt_check+0x21/0x30
[  300.402467]  ? lock_is_held_type+0xef/0x150
[  300.402735]  ext4_writepages+0x3e1/0x870
[  300.402981]  ? ext4_writepages+0x3e1/0x870
[  300.403240]  ? __pfx_ext4_writepages+0x10/0x10
[  300.403551]  ? do_raw_spin_unlock+0x15c/0x210
[  300.403827]  ? __pfx_ext4_writepages+0x10/0x10
[  300.404109]  do_writepages+0x255/0x5b0
[  300.404367]  __writeback_single_inode+0x121/0x11f0
[  300.404666]  ? _raw_spin_unlock+0x31/0x60
[  300.404923]  ? __sanitizer_cov_trace_const_cmp4+0x1a/0x20
[  300.405254]  ? wbc_attach_and_unlock_inode.part.0+0x47a/0x890
[  300.405622]  writeback_sb_inodes+0x785/0x1c80
[  300.405915]  ? __pfx_writeback_sb_inodes+0x10/0x10
[  300.406214]  ? __lock_acquire+0x412/0x2210
[  300.406477]  ? stack_depot_save_flags+0x2f/0xa30
[  300.406802]  ? __sanitizer_cov_trace_const_cmp8+0x1c/0x30
[  300.407146]  __writeback_inodes_wb+0xc8/0x280
[  300.407448]  wb_writeback+0x652/0x9e0
[  300.407690]  ? __pfx_wb_writeback+0x10/0x10
[  300.407960]  ? __sanitizer_cov_trace_cmp4+0x1a/0x20
[  300.408262]  ? get_nr_dirty_inodes+0x12c/0x1b0
[  300.408553]  wb_workfn+0x713/0xe60
[  300.408770]  ? try_to_wake_up+0x186/0x1b60
[  300.409035]  ? __pfx_wb_workfn+0x10/0x10
[  300.409297]  process_one_work+0x930/0x1ad0
[  300.409563]  ? __lock_acquire+0x412/0x2210
[  300.409832]  ? __pfx_process_one_work+0x10/0x10
[  300.410125]  ? move_linked_works+0x1bf/0x2c0
[  300.410400]  ? __this_cpu_preempt_check+0x21/0x30
[  300.410702]  ? assign_work+0x19f/0x250
[  300.410942]  ? lock_is_held_type+0xef/0x150
[  300.411211]  worker_thread+0x697/0xeb0
[  300.411485]  ? __pfx_worker_thread+0x10/0x10
[  300.411766]  kthread+0x464/0x980
[  300.411980]  ? __pfx_kthread+0x10/0x10
[  300.412222]  ? trace_hardirqs_on+0x26/0x130
[  300.412493]  ? _raw_spin_unlock_irq+0x3c/0x60
[  300.412769]  ? __pfx_kthread+0x10/0x10
[  300.413012]  ret_from_fork+0x780/0x8f0
[  300.413258]  ? __pfx_ret_from_fork+0x10/0x10
[  300.413547]  ? native_load_tls+0x16/0x50
[  300.413798]  ? __sanitizer_cov_trace_const_cmp8+0x1c/0x30
[  300.414143]  ? __switch_to+0x823/0x10b0
[  300.414400]  ? __pfx_kthread+0x10/0x10
[  300.414645]  ret_from_fork_asm+0x1a/0x30
[  300.414906]  </TASK>
[  300.415056] INFO: task kworker/u8:2:35 blocked for more than 147 seconds.
[  300.415480]       Not tainted 6.19.0-b29a7a8eee6a+ #1
[  300.415789] "echo 0 > /proc/sys/kernel/hung_task_timeout_secs" disables this message.
[  300.416252] task:kworker/u8:2    state:D stack:0     pid:35    tgid:35    ppid:2      task_flags:0x4248060 flags:0x00080000
[  300.416913] Workqueue: writeback wb_workfn (flush-8:0)
[  300.417231] Call Trace:
[  300.417394]  <TASK>
[  300.417539]  __schedule+0xfcb/0x40e0
[  300.417777]  ? __pfx___schedule+0x10/0x10
[  300.418039]  ? lock_release+0x14f/0x2a0
[  300.418284]  ? kthread_data+0x61/0xd0
[  300.418526]  ? wait_transaction_locked+0x196/0x240
[  300.418828]  schedule+0xf6/0x3d0
[  300.419052]  wait_transaction_locked+0x1bb/0x240
[  300.419371]  ? wait_transaction_locked+0x196/0x240
[  300.419675]  ? __pfx_wait_transaction_locked+0x10/0x10
[  300.419999]  ? __pfx_autoremove_wake_function+0x10/0x10
[  300.420321]  ? jbd2__journal_start+0x253/0x810
[  300.420616]  add_transaction_credits+0x121/0x1000
[  300.420911]  ? ext4_init_io_end+0x32/0x190
[  300.421175]  ? __pfx_add_transaction_credits+0x10/0x10
[  300.421500]  ? __this_cpu_preempt_check+0x21/0x30
[  300.421797]  ? lock_acquire+0x180/0x2f0
[  300.422050]  ? __kasan_check_write+0x18/0x20
[  300.422327]  start_this_handle+0x457/0x1550
[  300.422604]  ? __pfx_start_this_handle+0x10/0x10
[  300.422896]  ? debug_smp_processor_id+0x20/0x30
[  300.423187]  ? rcu_is_watching+0x19/0xc0
[  300.423454]  ? kmem_cache_alloc_noprof+0x4e2/0x780
[  300.423773]  jbd2__journal_start+0x397/0x810
[  300.424053]  __ext4_journal_start_sb+0x3fc/0x580
[  300.424341]  ? __sanitizer_cov_trace_const_cmp4+0x1a/0x20
[  300.424674]  ? ext4_do_writepages+0x1112/0x3930
[  300.424962]  ext4_do_writepages+0x1112/0x3930
[  300.425246]  ? __lock_acquire+0x412/0x2210
[  300.425520]  ? __pfx_ext4_do_writepages+0x10/0x10
[  300.425821]  ? __this_cpu_preempt_check+0x21/0x30
[  300.426118]  ? lock_is_held_type+0xef/0x150
[  300.426401]  ext4_writepages+0x3e1/0x870
[  300.426650]  ? ext4_writepages+0x3e1/0x870
[  300.426910]  ? __pfx_ext4_writepages+0x10/0x10
[  300.427201]  ? do_raw_spin_unlock+0x15c/0x210
[  300.427489]  ? __pfx_ext4_writepages+0x10/0x10
[  300.427773]  do_writepages+0x255/0x5b0
[  300.428019]  __writeback_single_inode+0x121/0x11f0
[  300.428317]  ? _raw_spin_unlock+0x31/0x60
[  300.428576]  ? __sanitizer_cov_trace_const_cmp8+0x1c/0x30
[  300.428907]  ? wbc_attach_and_unlock_inode.part.0+0x47a/0x890
[  300.429265]  writeback_sb_inodes+0x785/0x1c80
[  300.429559]  ? __pfx_writeback_sb_inodes+0x10/0x10
[  300.429863]  ? __lock_acquire+0x412/0x2210
[  300.430122]  ? __lock_acquire+0x412/0x2210
[  300.430423]  ? __sanitizer_cov_trace_const_cmp8+0x1c/0x30
[  300.430764]  __writeback_inodes_wb+0xc8/0x280
[  300.431048]  wb_writeback+0x652/0x9e0
[  300.431292]  ? __pfx_wb_writeback+0x10/0x10
[  300.431576]  ? __sanitizer_cov_trace_cmp4+0x1a/0x20
[  300.431876]  ? get_nr_dirty_inodes+0x12c/0x1b0
[  300.432167]  wb_workfn+0x713/0xe60
[  300.432404]  ? __pfx_wb_workfn+0x10/0x10
[  300.432666]  process_one_work+0x930/0x1ad0
[  300.432925]  ? __lock_acquire+0x412/0x2210
[  300.433196]  ? __pfx_process_one_work+0x10/0x10
[  300.433489]  ? move_linked_works+0x1bf/0x2c0
[  300.433764]  ? __this_cpu_preempt_check+0x21/0x30
[  300.434068]  ? assign_work+0x19f/0x250
[  300.434308]  ? lock_is_held_type+0xef/0x150
[  300.434583]  worker_thread+0x697/0xeb0
[  300.434836]  ? __pfx_worker_thread+0x10/0x10
[  300.435111]  kthread+0x464/0x980
[  300.435324]  ? __pfx_kthread+0x10/0x10
[  300.435584]  ? trace_hardirqs_on+0x26/0x130
[  300.435847]  ? _raw_spin_unlock_irq+0x3c/0x60
[  300.436129]  ? __pfx_kthread+0x10/0x10
[  300.436398]  ret_from_fork+0x780/0x8f0
[  300.436638]  ? __pfx_ret_from_fork+0x10/0x10
[  300.436906]  ? native_load_tls+0x16/0x50
[  300.437158]  ? __sanitizer_cov_trace_const_cmp8+0x1c/0x30
[  300.437499]  ? __switch_to+0x823/0x10b0
[  300.437744]  ? __pfx_kthread+0x10/0x10
[  300.437985]  ret_from_fork_asm+0x1a/0x30
[  300.438246]  </TASK>
[  300.438403] INFO: task kworker/u8:3:53 blocked for more than 147 seconds.
[  300.438811]       Not tainted 6.19.0-b29a7a8eee6a+ #1
[  300.439124] "echo 0 > /proc/sys/kernel/hung_task_timeout_secs" disables this message.
[  300.439607] task:kworker/u8:3    state:D stack:0     pid:53    tgid:53    ppid:2      task_flags:0x4248160 flags:0x00080000
[  300.440277] Workqueue: writeback wb_workfn (flush-8:0)
[  300.440607] Call Trace:
[  300.440766]  <TASK>
[  300.440908]  __schedule+0xfcb/0x40e0
[  300.441143]  ? __pfx___schedule+0x10/0x10
[  300.441399]  ? lock_release+0x14f/0x2a0
[  300.441636]  ? kthread_data+0x61/0xd0
[  300.441871]  ? wait_transaction_locked+0x196/0x240
[  300.442166]  schedule+0xf6/0x3d0
[  300.442382]  wait_transaction_locked+0x1bb/0x240
[  300.442664]  ? wait_transaction_locked+0x196/0x240
[  300.442960]  ? __pfx_wait_transaction_locked+0x10/0x10
[  300.443274]  ? __pfx_autoremove_wake_function+0x10/0x10
[  300.443611]  ? jbd2__journal_start+0x253/0x810
[  300.443899]  add_transaction_credits+0x121/0x1000
[  300.444201]  ? ext4_init_io_end+0x32/0x190
[  300.444475]  ? __pfx_add_transaction_credits+0x10/0x10
[  300.444796]  ? __this_cpu_preempt_check+0x21/0x30
[  300.445098]  ? lock_acquire+0x180/0x2f0
[  300.445349]  ? __kasan_check_write+0x18/0x20
[  300.445630]  start_this_handle+0x457/0x1550
[  300.445902]  ? __pfx_start_this_handle+0x10/0x10
[  300.446193]  ? debug_smp_processor_id+0x20/0x30
[  300.446486]  ? rcu_is_watching+0x19/0xc0
[  300.446733]  ? kmem_cache_alloc_noprof+0x4e2/0x780
[  300.447046]  jbd2__journal_start+0x397/0x810
[  300.447319]  __ext4_journal_start_sb+0x3fc/0x580
[  300.447624]  ? __sanitizer_cov_trace_const_cmp4+0x1a/0x20
[  300.447961]  ? ext4_do_writepages+0x1112/0x3930
[  300.448246]  ext4_do_writepages+0x1112/0x3930
[  300.448532]  ? __sanitizer_cov_trace_cmp8+0x1c/0x30
[  300.448836]  ? stack_trace_save+0x96/0xd0
[  300.449096]  ? __lock_acquire+0x412/0x2210
[  300.449360]  ? update_stack_state+0x2d9/0x610
[  300.449648]  ? __pfx_ext4_do_writepages+0x10/0x10
[  300.449948]  ? __this_cpu_preempt_check+0x21/0x30
[  300.450250]  ? lock_is_held_type+0xef/0x150
[  300.450526]  ext4_writepages+0x3e1/0x870
[  300.450776]  ? ext4_writepages+0x3e1/0x870
[  300.451034]  ? __pfx_ext4_writepages+0x10/0x10
[  300.451327]  ? do_raw_spin_unlock+0x15c/0x210
[  300.451617]  ? __pfx_ext4_writepages+0x10/0x10
[  300.451896]  do_writepages+0x255/0x5b0
[  300.452140]  __writeback_single_inode+0x121/0x11f0
[  300.452447]  ? _raw_spin_unlock+0x31/0x60
[  300.452702]  ? __sanitizer_cov_trace_const_cmp4+0x1a/0x20
[  300.453037]  ? wbc_attach_and_unlock_inode.part.0+0x47a/0x890
[  300.453405]  writeback_sb_inodes+0x785/0x1c80
[  300.453702]  ? __pfx_writeback_sb_inodes+0x10/0x10
[  300.454006]  ? __lock_acquire+0x412/0x2210
[  300.454269]  ? __lock_acquire+0x412/0x2210
[  300.454571]  ? __sanitizer_cov_trace_const_cmp8+0x1c/0x30
[  300.454909]  __writeback_inodes_wb+0xc8/0x280
[  300.455195]  wb_writeback+0x652/0x9e0
[  300.455457]  ? __pfx_wb_writeback+0x10/0x10
[  300.455733]  ? __sanitizer_cov_trace_cmp4+0x1a/0x20
[  300.456037]  ? get_nr_dirty_inodes+0x12c/0x1b0
[  300.456325]  wb_workfn+0x713/0xe60
[  300.456552]  ? try_to_wake_up+0x186/0x1b60
[  300.456821]  ? __pfx_wb_workfn+0x10/0x10
[  300.457083]  process_one_work+0x930/0x1ad0
[  300.457347]  ? __lock_acquire+0x412/0x2210
[  300.457626]  ? __pfx_process_one_work+0x10/0x10
[  300.457914]  ? move_linked_works+0x1bf/0x2c0
[  300.458183]  ? __this_cpu_preempt_check+0x21/0x30
[  300.458498]  ? assign_work+0x19f/0x250
[  300.458737]  ? lock_is_held_type+0xef/0x150
[  300.459013]  worker_thread+0x697/0xeb0
[  300.459254]  ? _raw_spin_unlock_irqrestore+0x35/0x70
[  300.459584]  ? trace_hardirqs_on+0x26/0x130
[  300.459864]  ? __pfx_worker_thread+0x10/0x10
[  300.460141]  kthread+0x464/0x980
[  300.460359]  ? __pfx_kthread+0x10/0x10
[  300.460602]  ? trace_hardirqs_on+0x26/0x130
[  300.460869]  ? _raw_spin_unlock_irq+0x3c/0x60
[  300.461144]  ? __pfx_kthread+0x10/0x10
[  300.461392]  ret_from_fork+0x780/0x8f0
[  300.461637]  ? __pfx_ret_from_fork+0x10/0x10
[  300.461907]  ? native_load_tls+0x16/0x50
[  300.462158]  ? __sanitizer_cov_trace_const_cmp8+0x1c/0x30
[  300.462502]  ? __switch_to+0x823/0x10b0
[  300.462750]  ? __pfx_kthread+0x10/0x10
[  300.462990]  ret_from_fork_asm+0x1a/0x30
[  300.463252]  </TASK>
[  300.463422] INFO: task kworker/u8:4:57 blocked for more than 147 seconds.
[  300.463829]       Not tainted 6.19.0-b29a7a8eee6a+ #1
[  300.464131] "echo 0 > /proc/sys/kernel/hung_task_timeout_secs" disables this message.
[  300.464590] task:kworker/u8:4    state:D stack:0     pid:57    tgid:57    ppid:2      task_flags:0x4248060 flags:0x00080000
[  300.465245] Workqueue: writeback wb_workfn (flush-8:0)
[  300.465568] Call Trace:
[  300.465725]  <TASK>
[  300.465869]  __schedule+0xfcb/0x40e0
[  300.466106]  ? __pfx___schedule+0x10/0x10
[  300.466370]  ? lock_release+0x14f/0x2a0
[  300.466613]  ? kthread_data+0x61/0xd0
[  300.466847]  ? wait_transaction_locked+0x196/0x240
[  300.467139]  schedule+0xf6/0x3d0
[  300.467370]  wait_transaction_locked+0x1bb/0x240
[  300.467669]  ? wait_transaction_locked+0x196/0x240
[  300.467968]  ? __pfx_wait_transaction_locked+0x10/0x10
[  300.468291]  ? __pfx_autoremove_wake_function+0x10/0x10
[  300.468625]  ? jbd2__journal_start+0x253/0x810
[  300.468918]  add_transaction_credits+0x121/0x1000
[  300.469221]  ? ext4_init_io_end+0x32/0x190
[  300.469496]  ? __pfx_add_transaction_credits+0x10/0x10
[  300.469813]  ? __this_cpu_preempt_check+0x21/0x30
[  300.470110]  ? lock_acquire+0x180/0x2f0
[  300.470366]  ? __kasan_check_write+0x18/0x20
[  300.470653]  start_this_handle+0x457/0x1550
[  300.470931]  ? __pfx_start_this_handle+0x10/0x10
[  300.471222]  ? debug_smp_processor_id+0x20/0x30
[  300.471527]  ? rcu_is_watching+0x19/0xc0
[  300.471776]  ? kmem_cache_alloc_noprof+0x4e2/0x780
[  300.472096]  jbd2__journal_start+0x397/0x810
[  300.472374]  __ext4_journal_start_sb+0x3fc/0x580
[  300.472665]  ? __sanitizer_cov_trace_const_cmp4+0x1a/0x20
[  300.473000]  ? ext4_do_writepages+0x1112/0x3930
[  300.473289]  ext4_do_writepages+0x1112/0x3930
[  300.473583]  ? __lock_acquire+0x412/0x2210
[  300.473852]  ? __pfx_ext4_do_writepages+0x10/0x10
[  300.474155]  ? __this_cpu_preempt_check+0x21/0x30
[  300.474455]  ? lock_is_held_type+0xef/0x150
[  300.474723]  ext4_writepages+0x3e1/0x870
[  300.474969]  ? ext4_writepages+0x3e1/0x870
[  300.475228]  ? __pfx_ext4_writepages+0x10/0x10
[  300.475534]  ? do_raw_spin_unlock+0x15c/0x210
[  300.475813]  ? __pfx_ext4_writepages+0x10/0x10
[  300.476097]  do_writepages+0x255/0x5b0
[  300.476349]  __writeback_single_inode+0x121/0x11f0
[  300.476658]  ? _raw_spin_unlock+0x31/0x60
[  300.476916]  ? __sanitizer_cov_trace_const_cmp8+0x1c/0x30
[  300.477249]  ? wbc_attach_and_unlock_inode.part.0+0x47a/0x890
[  300.477625]  writeback_sb_inodes+0x785/0x1c80
[  300.477917]  ? __pfx_writeback_sb_inodes+0x10/0x10
[  300.478219]  ? __lock_acquire+0x412/0x2210
[  300.478518]  ? __sanitizer_cov_trace_const_cmp8+0x1c/0x30
[  300.478861]  __writeback_inodes_wb+0xc8/0x280
[  300.479154]  wb_writeback+0x652/0x9e0
[  300.479421]  ? __pfx_wb_writeback+0x10/0x10
[  300.479689]  ? __sanitizer_cov_trace_cmp4+0x1a/0x20
[  300.479995]  ? get_nr_dirty_inodes+0x12c/0x1b0
[  300.480284]  wb_workfn+0x713/0xe60
[  300.480504]  ? try_to_wake_up+0x186/0x1b60
[  300.480769]  ? __pfx_wb_workfn+0x10/0x10
[  300.481029]  process_one_work+0x930/0x1ad0
[  300.481290]  ? __lock_acquire+0x412/0x2210
[  300.481564]  ? __pfx_process_one_work+0x10/0x10
[  300.481851]  ? move_linked_works+0x1bf/0x2c0
[  300.482120]  ? __this_cpu_preempt_check+0x21/0x30
[  300.482431]  ? assign_work+0x19f/0x250
[  300.482673]  ? lock_is_held_type+0xef/0x150
[  300.482950]  worker_thread+0x697/0xeb0
[  300.483195]  ? _raw_spin_unlock_irqrestore+0x35/0x70
[  300.483522]  ? trace_hardirqs_on+0x26/0x130
[  300.483795]  ? __pfx_worker_thread+0x10/0x10
[  300.484068]  kthread+0x464/0x980
[  300.484287]  ? __pfx_kthread+0x10/0x10
[  300.484531]  ? trace_hardirqs_on+0x26/0x130
[  300.484795]  ? _raw_spin_unlock_irq+0x3c/0x60
[  300.485078]  ? __pfx_kthread+0x10/0x10
[  300.485326]  ret_from_fork+0x780/0x8f0
[  300.485571]  ? __pfx_ret_from_fork+0x10/0x10
[  300.485847]  ? native_load_tls+0x16/0x50
[  300.486099]  ? __sanitizer_cov_trace_const_cmp8+0x1c/0x30
[  300.486439]  ? __switch_to+0x823/0x10b0
[  300.486696]  ? __pfx_kthread+0x10/0x10
[  300.486939]  ret_from_fork_asm+0x1a/0x30
[  300.487205]  </TASK>
[  300.487373] INFO: task jbd2/sda-8:98 blocked for more than 147 seconds.
[  300.487755]       Not tainted 6.19.0-b29a7a8eee6a+ #1
[  300.488059] "echo 0 > /proc/sys/kernel/hung_task_timeout_secs" disables this message.
[  300.488517] task:jbd2/sda-8      state:D stack:0     pid:98    tgid:98    ppid:2      task_flags:0x240040 flags:0x00080000
[  300.489159] Call Trace:
[  300.489315]  <TASK>
[  300.489466]  __schedule+0xfcb/0x40e0
[  300.489707]  ? __pfx___schedule+0x10/0x10
[  300.489959]  ? lock_release+0x14f/0x2a0
[  300.490208]  schedule+0xf6/0x3d0
[  300.490422]  jbd2_journal_wait_updates+0x146/0x270
[  300.490722]  ? __pfx_jbd2_journal_wait_updates+0x10/0x10
[  300.491049]  ? __pfx_autoremove_wake_function+0x10/0x10
[  300.491387]  ? lock_release+0x14f/0x2a0
[  300.491640]  jbd2_journal_commit_transaction+0x7aa/0x6290
[  300.491988]  ? __lock_acquire+0x412/0x2210
[  300.492249]  ? __pfx_jbd2_journal_commit_transaction+0x10/0x10
[  300.492622]  ? do_raw_spin_lock+0x140/0x280
[  300.492882]  ? __pfx_do_raw_spin_lock+0x10/0x10
[  300.493166]  ? lock_acquire+0x180/0x2f0
[  300.493422]  ? __timer_delete_sync+0x20a/0x300
[  300.493707]  ? __this_cpu_preempt_check+0x21/0x30
[  300.494003]  ? _raw_spin_unlock_irqrestore+0x35/0x70
[  300.494312]  ? lockdep_hardirqs_on+0x85/0x110
[  300.494590]  ? _raw_spin_unlock_irqrestore+0x35/0x70
[  300.494900]  ? trace_hardirqs_on+0x26/0x130
[  300.495169]  ? _raw_spin_unlock_irqrestore+0x45/0x70
[  300.495498]  ? __sanitizer_cov_trace_const_cmp4+0x1a/0x20
[  300.495835]  ? __timer_delete_sync+0x21e/0x300
[  300.496120]  ? __this_cpu_preempt_check+0x21/0x30
[  300.496424]  ? lock_release+0x14f/0x2a0
[  300.496677]  kjournald2+0x203/0x790
[  300.496906]  ? __pfx_kjournald2+0x10/0x10
[  300.497157]  ? _raw_spin_unlock_irqrestore+0x35/0x70
[  300.497475]  ? trace_hardirqs_on+0x26/0x130
[  300.497739]  ? __pfx_autoremove_wake_function+0x10/0x10
[  300.498065]  ? __sanitizer_cov_trace_const_cmp1+0x1e/0x30
[  300.498405]  ? __kthread_parkme+0x1bc/0x260
[  300.498672]  ? __pfx_kjournald2+0x10/0x10
[  300.498931]  kthread+0x464/0x980
[  300.499144]  ? __pfx_kthread+0x10/0x10
[  300.499398]  ? trace_hardirqs_on+0x26/0x130
[  300.499665]  ? _raw_spin_unlock_irq+0x3c/0x60
[  300.499947]  ? __pfx_kthread+0x10/0x10
[  300.500193]  ret_from_fork+0x780/0x8f0
[  300.500439]  ? __pfx_ret_from_fork+0x10/0x10
[  300.500708]  ? native_load_tls+0x16/0x50
[  300.500967]  ? __sanitizer_cov_trace_const_cmp8+0x1c/0x30
[  300.501306]  ? __switch_to+0x823/0x10b0
[  300.501555]  ? __pfx_kthread+0x10/0x10
[  300.501798]  ret_from_fork_asm+0x1a/0x30
[  300.502059]  </TASK>
[  300.502207] INFO: task auditd:237 blocked for more than 147 seconds.
[  300.502598]       Not tainted 6.19.0-b29a7a8eee6a+ #1
[  300.502909] "echo 0 > /proc/sys/kernel/hung_task_timeout_secs" disables this message.
[  300.503385] task:auditd          state:D stack:0     pid:237   tgid:237   ppid:1      task_flags:0x400140 flags:0x00080000
[  300.504044] Call Trace:
[  300.504203]  <TASK>
[  300.504347]  __schedule+0xfcb/0x40e0
[  300.504591]  ? __pfx___schedule+0x10/0x10
[  300.504847]  ? lock_release+0x14f/0x2a0
[  300.505096]  ? wait_transaction_locked+0x196/0x240
[  300.505406]  schedule+0xf6/0x3d0
[  300.505623]  wait_transaction_locked+0x1bb/0x240
[  300.505912]  ? wait_transaction_locked+0x196/0x240
[  300.506216]  ? __pfx_wait_transaction_locked+0x10/0x10
[  300.506545]  ? __pfx_autoremove_wake_function+0x10/0x10
[  300.506873]  ? jbd2__journal_start+0x19c/0x810
[  300.507162]  add_transaction_credits+0x121/0x1000
[  300.507472]  ? __pfx_add_transaction_credits+0x10/0x10
[  300.507790]  ? __this_cpu_preempt_check+0x21/0x30
[  300.508097]  ? lock_acquire+0x180/0x2f0
[  300.508348]  ? __kasan_check_write+0x18/0x20
[  300.508627]  start_this_handle+0x457/0x1550
[  300.508899]  ? __pfx_start_this_handle+0x10/0x10
[  300.509191]  ? debug_smp_processor_id+0x20/0x30
[  300.509485]  ? rcu_is_watching+0x19/0xc0
[  300.509733]  ? kmem_cache_alloc_noprof+0x4e2/0x780
[  300.510047]  jbd2__journal_start+0x397/0x810
[  300.510325]  __ext4_journal_start_sb+0x3fc/0x580
[  300.510621]  ? ext4_dirty_inode+0xb3/0x140
[  300.510879]  ? __pfx_ext4_dirty_inode+0x10/0x10
[  300.511162]  ext4_dirty_inode+0xb3/0x140
[  300.511427]  ? rcu_is_watching+0x19/0xc0
[  300.511675]  __mark_inode_dirty+0x1de/0x14c0
[  300.511953]  file_update_time_flags+0x482/0x510
[  300.512242]  file_modified+0x43/0x60
[  300.512482]  ext4_buffered_write_iter+0x101/0x460
[  300.512781]  ext4_file_write_iter+0xb2a/0x1ee0
[  300.513073]  ? __pfx_ext4_file_write_iter+0x10/0x10
[  300.513388]  ? __this_cpu_preempt_check+0x21/0x30
[  300.513685]  ? lock_is_held_type+0xef/0x150
[  300.513956]  vfs_write+0xc6d/0x11f0
[  300.514187]  ? __pfx_ext4_file_write_iter+0x10/0x10
[  300.514498]  ? __pfx_vfs_write+0x10/0x10
[  300.514762]  ? mutex_lock_nested+0x1f/0x30
[  300.515027]  ksys_write+0x14e/0x280
[  300.515255]  ? __pfx_ksys_write+0x10/0x10
[  300.515530]  __x64_sys_write+0x7b/0xc0
[  300.515769]  ? syscall_trace_enter+0x9d/0x240
[  300.516050]  x64_sys_call+0x1704/0x21b0
[  300.516293]  do_syscall_64+0x6d/0x1180
[  300.516539]  entry_SYSCALL_64_after_hwframe+0x76/0x7e
[  300.516854] RIP: 0033:0x7f8ceb53ebcf
[  300.517082] RSP: 002b:00007ffefdff1920 EFLAGS: 00000293 ORIG_RAX: 0000000000000001
[  300.517547] RAX: ffffffffffffffda RBX: 00000000000000f0 RCX: 00007f8ceb53ebcf
[  300.517978] RDX: 00000000000000f0 RSI: 000056198c7d30a0 RDI: 0000000000000005
[  300.518422] RBP: 000056198c7d30a0 R08: 0000000000000000 R09: 00007f8ceb5b14e0
[  300.518858] R10: 00007f8ceb5b13e0 R11: 0000000000000293 R12: 00000000000000f0
[  300.519286] R13: 000056198c7c92a0 R14: 00000000000000f0 R15: 00007f8ceb5f69e0
[  300.519743]  </TASK>
[  300.519895] INFO: task in:imjournal:319 blocked for more than 147 seconds.
[  300.520306]       Not tainted 6.19.0-b29a7a8eee6a+ #1
[  300.520615] "echo 0 > /proc/sys/kernel/hung_task_timeout_secs" disables this message.
[  300.521074] task:in:imjournal    state:D stack:0     pid:319   tgid:294   ppid:1      task_flags:0x400040 flags:0x00080000
[  300.521737] Call Trace:
[  300.521895]  <TASK>
[  300.522041]  __schedule+0xfcb/0x40e0
[  300.522281]  ? __pfx___schedule+0x10/0x10
[  300.522550]  ? lock_release+0x14f/0x2a0
[  300.522803]  ? wait_transaction_locked+0x196/0x240
[  300.523104]  schedule+0xf6/0x3d0
[  300.523320]  wait_transaction_locked+0x1bb/0x240
[  300.523627]  ? wait_transaction_locked+0x196/0x240
[  300.523927]  ? __pfx_wait_transaction_locked+0x10/0x10
[  300.524244]  ? __pfx_autoremove_wake_function+0x10/0x10
[  300.524579]  ? jbd2__journal_start+0x19c/0x810
[  300.524869]  add_transaction_credits+0x121/0x1000
[  300.525172]  ? __pfx_add_transaction_credits+0x10/0x10
[  300.525503]  ? __this_cpu_preempt_check+0x21/0x30
[  300.525800]  ? lock_acquire+0x180/0x2f0
[  300.526050]  ? __kasan_check_write+0x18/0x20
[  300.526326]  start_this_handle+0x457/0x1550
[  300.526611]  ? __pfx_start_this_handle+0x10/0x10
[  300.526899]  ? debug_smp_processor_id+0x20/0x30
[  300.527185]  ? rcu_is_watching+0x19/0xc0
[  300.527451]  ? kmem_cache_alloc_noprof+0x4e2/0x780
[  300.527760]  jbd2__journal_start+0x397/0x810
[  300.528037]  __ext4_journal_start_sb+0x3fc/0x580
[  300.528335]  __ext4_new_inode+0x2caf/0x5230
[  300.528616]  ? __pfx___ext4_new_inode+0x10/0x10
[  300.528905]  ? __pfx___dquot_initialize+0x10/0x10
[  300.529204]  ? __pfx_d_splice_alias_ops+0x10/0x10
[  300.529510]  ? __pfx_make_vfsuid+0x10/0x10
[  300.529776]  ext4_create+0x32d/0x550
[  300.530014]  ? __pfx_ext4_create+0x10/0x10
[  300.530280]  ? may_o_create+0x51/0x3b0
[  300.530530]  ? __pfx_ext4_create+0x10/0x10
[  300.530797]  lookup_open.isra.0+0xccd/0x1130
[  300.531079]  ? __pfx_lookup_open.isra.0+0x10/0x10
[  300.531405]  ? mnt_get_write_access+0x203/0x2f0
[  300.531695]  ? __sanitizer_cov_trace_const_cmp4+0x1a/0x20
[  300.532034]  path_openat+0xfde/0x2f70
[  300.532280]  ? __pfx_path_openat+0x10/0x10
[  300.532548]  ? __lock_acquire+0x412/0x2210
[  300.532811]  do_filp_open+0x1fc/0x460
[  300.533051]  ? __pfx_do_filp_open+0x10/0x10
[  300.533331]  ? do_raw_spin_unlock+0x15c/0x210
[  300.533618]  ? _raw_spin_unlock+0x31/0x60
[  300.533900]  do_sys_openat2+0x125/0x260
[  300.534154]  ? __pfx_do_sys_openat2+0x10/0x10
[  300.534435]  ? __this_cpu_preempt_check+0x21/0x30
[  300.534727]  ? seqcount_lockdep_reader_access.constprop.0+0xb4/0xd0
[  300.535108]  ? lockdep_hardirqs_on+0x85/0x110
[  300.535403]  ? seqcount_lockdep_reader_access.constprop.0+0xb4/0xd0
[  300.535796]  __x64_sys_openat+0x179/0x240
[  300.536056]  ? __pfx___x64_sys_openat+0x10/0x10
[  300.536350]  ? __audit_syscall_entry+0x393/0x4f0
[  300.536655]  x64_sys_call+0xee7/0x21b0
[  300.536893]  do_syscall_64+0x6d/0x1180
[  300.537132]  entry_SYSCALL_64_after_hwframe+0x76/0x7e
[  300.537458] RIP: 0033:0x7fa026b3e8c4
[  300.537686] RSP: 002b:00007fa025f30a40 EFLAGS: 00000293 ORIG_RAX: 0000000000000101
[  300.538141] RAX: ffffffffffffffda RBX: 00007fa020000c50 RCX: 00007fa026b3e8c4
[  300.538573] RDX: 0000000000000241 RSI: 00007fa025f30b80 RDI: 00000000ffffff9c
[  300.539002] RBP: 00007fa025f30b80 R08: 0000000000000000 R09: 0000000000000001
[  300.539443] R10: 00000000000001b6 R11: 0000000000000293 R12: 0000000000000241
[  300.539873] R13: 00007fa020000c50 R14: 0000000000000001 R15: 00007fa02000f3d0
[  300.540315]  </TASK>
[  300.540467] Future hung task reports are suppressed, see sysctl kernel.hung_task_warnings
[  300.540962] 
[  300.540962] Showing all locks held in the system:
[  300.541334] 3 locks held by systemd/727:
[  300.541581]  #0: ff110000109a6408 (sb_writers#3){.+.+}-{0:0}, at: do_rmdir+0x336/0x5e0
[  300.542084]  #1: ff1100001b3cd9f0 (&type->i_mutex_dir_key#3/1){+.+.}-{4:4}, at: do_rmdir+0x38b/0x5e0
[  300.542663]  #2: ff1100001b3cc6d0 (&type->i_mutex_dir_key#3){++++}-{4:4}, at: vfs_rmdir+0xfc/0x880
[  300.543219] 3 locks held by systemd/728:
[  300.543482]  #0: ff110000109a6408 (sb_writers#3){.+.+}-{0:0}, at: do_rmdir+0x336/0x5e0
[  300.543978]  #1: ff1100001b3cbd40 (&type->i_mutex_dir_key#3/1){+.+.}-{4:4}, at: do_rmdir+0x38b/0x5e0
[  300.544546]  #2: ff1100001b3ca090 (&type->i_mutex_dir_key#3){++++}-{4:4}, at: vfs_rmdir+0xfc/0x880
[  300.545090] 4 locks held by kworker/u8:0/12:
[  300.545353]  #0: ff1100000bd6b148 ((wq_completion)writeback){+.+.}-{0:0}, at: process_one_work+0x1260/0x1ad0
[  300.545944]  #1: ff1100000b967c88 ((work_completion)(&(&wb->dwork)->work)){+.+.}-{0:0}, at: process_one_work+0x89f/0x1ad0
[  300.546609]  #2: ff110000109a60e0 (&type->s_umount_key#39){++++}-{4:4}, at: super_trylock_shared+0x2b/0x110
[  300.547193]  #3: ff110000109a2b98 (&sbi->s_writepages_rwsem){++++}-{0:0}, at: do_writepages+0x255/0x5b0
[  300.547780] 1 lock held by khungtaskd/32:
[  300.548033]  #0: ffffffff876625a0 (rcu_read_lock){....}-{1:3}, at: debug_show_all_locks+0x3b/0x1f0
[  300.548599] 4 locks held by kworker/u8:1/33:
[  300.548864]  #0: ff1100000bd6b148 ((wq_completion)writeback){+.+.}-{0:0}, at: process_one_work+0x1260/0x1ad0
[  300.549477]  #1: ff1100000bd77c88 ((work_completion)(&(&wb->dwork)->work)){+.+.}-{0:0}, at: process_one_work+0x89f/0x1ad0
[  300.550150]  #2: ff110000109a60e0 (&type->s_umount_key#39){++++}-{4:4}, at: super_trylock_shared+0x2b/0x110
[  300.550755]  #3: ff110000109a2b98 (&sbi->s_writepages_rwsem){++++}-{0:0}, at: do_writepages+0x255/0x5b0
[  300.551331] 4 locks held by kworker/u8:2/35:
[  300.551608]  #0: ff1100000bd6b148 ((wq_completion)writeback){+.+.}-{0:0}, at: process_one_work+0x1260/0x1ad0
[  300.552169]  #1: ff1100000c247c88 ((work_completion)(&(&wb->dwork)->work)){+.+.}-{0:0}, at: process_one_work+0x89f/0x1ad0
[  300.552806]  #2: ff110000109a60e0 (&type->s_umount_key#39){++++}-{4:4}, at: super_trylock_shared+0x2b/0x110
[  300.553407]  #3: ff110000109a2b98 (&sbi->s_writepages_rwsem){++++}-{0:0}, at: do_writepages+0x255/0x5b0
[  300.553985] 4 locks held by kworker/u8:3/53:
[  300.554257]  #0: ff1100000bd6b148 ((wq_completion)writeback){+.+.}-{0:0}, at: process_one_work+0x1260/0x1ad0
[  300.554865]  #1: ff1100000cfffc88 ((work_completion)(&(&wb->dwork)->work)){+.+.}-{0:0}, at: process_one_work+0x89f/0x1ad0
[  300.555550]  #2: ff110000109a60e0 (&type->s_umount_key#39){++++}-{4:4}, at: super_trylock_shared+0x2b/0x110
[  300.556096]  #3: ff110000109a2b98 (&sbi->s_writepages_rwsem){++++}-{0:0}, at: do_writepages+0x255/0x5b0
[  300.556635] 4 locks held by kworker/u8:4/57:
[  300.556902]  #0: ff1100000bd6b148 ((wq_completion)writeback){+.+.}-{0:0}, at: process_one_work+0x1260/0x1ad0
[  300.557521]  #1: ff1100000d1dfc88 ((work_completion)(&(&wb->dwork)->work)){+.+.}-{0:0}, at: process_one_work+0x89f/0x1ad0
[  300.558177]  #2: ff110000109a60e0 (&type->s_umount_key#39){++++}-{4:4}, at: super_trylock_shared+0x2b/0x110
[  300.558730]  #3: ff110000109a2b98 (&sbi->s_writepages_rwsem){++++}-{0:0}, at: do_writepages+0x255/0x5b0
[  300.559261] 3 locks held by auditd/237:
[  300.559498]  #0: ff110000106c3eb8 (&f->f_pos_lock){+.+.}-{4:4}, at: fdget_pos+0x2b5/0x390
[  300.559963]  #1: ff110000109a6408 (sb_writers#3){.+.+}-{0:0}, at: ksys_write+0x14e/0x280
[  300.560437]  #2: ff11000018960d70 (&sb->s_type->i_mutex_key#10){++++}-{4:4}, at: ext4_buffered_write_iter+0xb8/0x460
[  300.561081] 2 locks held by in:imjournal/319:
[  300.561355]  #0: ff110000109a6408 (sb_writers#3){.+.+}-{0:0}, at: path_openat+0x1939/0x2f70
[  300.561859]  #1: ff1100001c1ca090 (&type->i_mutex_dir_key#3){++++}-{4:4}, at: path_openat+0xf5d/0x2f70
[  300.562395] 3 locks held by rs:main Q:Reg/320:
[  300.562676]  #0: ff11000013a03978 (&f->f_pos_lock){+.+.}-{4:4}, at: fdget_pos+0x2b5/0x390
[  300.563186]  #1: ff110000109a6408 (sb_writers#3){.+.+}-{0:0}, at: ksys_write+0x14e/0x280
[  300.563710]  #2: ff1100001c2f1700 (&sb->s_type->i_mutex_key#10){++++}-{4:4}, at: ext4_buffered_write_iter+0xb8/0x460
[  300.564336] 2 locks held by repro/710:
[  300.564559]  #0: ff110000109a6408 (sb_writers#3){.+.+}-{0:0}, at: do_unlinkat+0x1d8/0x6e0
[  300.565025]  #1: ff110000109a65f8 (sb_internal){.+.+}-{0:0}, at: evict+0x371/0xae0
[  300.565490] 2 locks held by repro/711:
[  300.565726]  #0: ff110000109a6408 (sb_writers#3){.+.+}-{0:0}, at: do_unlinkat+0x1d8/0x6e0
[  300.566260]  #1: ff110000109a65f8 (sb_internal){.+.+}-{0:0}, at: evict+0x371/0xae0
[  300.566740] 2 locks held by repro/712:
[  300.566981]  #0: ff110000109a6408 (sb_writers#3){.+.+}-{0:0}, at: do_unlinkat+0x1d8/0x6e0
[  300.567510]  #1: ff110000109a65f8 (sb_internal){.+.+}-{0:0}, at: evict+0x371/0xae0
[  300.567981] 2 locks held by repro/716:
[  300.568217]  #0: ff110000109a6408 (sb_writers#3){.+.+}-{0:0}, at: do_unlinkat+0x1d8/0x6e0
[  300.568736]  #1: ff110000109a65f8 (sb_internal){.+.+}-{0:0}, at: evict+0x371/0xae0
[  300.569212] 2 locks held by repro/717:
[  300.569449]  #0: ff110000109a6408 (sb_writers#3){.+.+}-{0:0}, at: do_unlinkat+0x1d8/0x6e0
[  300.569962]  #1: ff110000109a65f8 (sb_internal){.+.+}-{0:0}, at: evict+0x371/0xae0
[  300.570448] 2 locks held by repro/718:
[  300.570683]  #0: ff110000109a6408 (sb_writers#3){.+.+}-{0:0}, at: do_unlinkat+0x1d8/0x6e0
[  300.571196]  #1: ff110000109a65f8 (sb_internal){.+.+}-{0:0}, at: evict+0x371/0xae0
[  300.571692] 3 locks held by repro/719:
[  300.571927]  #0: ff11000020a33cf8 (&f->f_pos_lock){+.+.}-{4:4}, at: fdget_pos+0x2b5/0x390
[  300.572444]  #1: ff110000201ef6a0 (&type->i_mutex_dir_key#3){++++}-{4:4}, at: iterate_dir+0x1a0/0xb00
[  300.573021]  #2: ff110000109a6408 (sb_writers#3){.+.+}-{0:0}, at: iterate_dir+0x879/0xb00
[  300.573537] 3 locks held by repro/720:
[  300.573773]  #0: ff110000109a6408 (sb_writers#3){.+.+}-{0:0}, at: filename_create+0x122/0x460
[  300.574311]  #1: ff110000201d33b0 (&type->i_mutex_dir_key#3/1){+.+.}-{4:4}, at: filename_create+0x1e6/0x460
[  300.574924]  #2: ff110000109a4950 (jbd2_handle){++++}-{0:0}, at: start_this_handle+0x1042/0x1550
[  300.575489] 
[  300.575597] =============================================
[  300.575597] 
