c[?7l[2J[0mSeaBIOS (version rel-1.16.3-0-ga6ed6b701f0a-prebuilt.qemu.org)


iPXE (http://ipxe.org) 00:03.0 CA00 PCI2.10 PnP PMM+7EFD0D60+7EF30D60 CA00
Press Ctrl-B to configure iPXE (PCI 00:03.0)...                                                                               


Booting from ROM..c[?7l[2J[    0.000000] Linux version 6.5.0-bd6c11bc43c4+ (root@gnr-800442) (gcc (GCC) 11.5.0 20240719 (Red Hat 11.5.0-14), GNU ld version 2.35.2-66.el9) #1 SMP PREEMPT_DYNAMIC Wed Feb 25 10:17:27 CST 2026
[    0.000000] Command line: console=ttyS0 root=/dev/sda earlyprintk=serial net.ifnames=0 thunderbolt.dyndbg
[    0.000000] KERNEL supported cpus:
[    0.000000]   Intel GenuineIntel
[    0.000000]   AMD AuthenticAMD
[    0.000000]   Hygon HygonGenuine
[    0.000000]   Centaur CentaurHauls
[    0.000000]   zhaoxin   Shanghai  
[    0.000000] x86/split lock detection: #DB: warning on user-space bus_locks
[    0.000000] BIOS-provided physical RAM map:
[    0.000000] BIOS-e820: [mem 0x0000000000000000-0x000000000009fbff] usable
[    0.000000] BIOS-e820: [mem 0x000000000009fc00-0x000000000009ffff] reserved
[    0.000000] BIOS-e820: [mem 0x00000000000f0000-0x00000000000fffff] reserved
[    0.000000] BIOS-e820: [mem 0x0000000000100000-0x000000007ffdffff] usable
[    0.000000] BIOS-e820: [mem 0x000000007ffe0000-0x000000007fffffff] reserved
[    0.000000] BIOS-e820: [mem 0x00000000feffc000-0x00000000feffffff] reserved
[    0.000000] BIOS-e820: [mem 0x00000000fffc0000-0x00000000ffffffff] reserved
[    0.000000] printk: bootconsole [earlyser0] enabled
[    0.000000] NX (Execute Disable) protection: active
[    0.000000] SMBIOS 3.0.0 present.
[    0.000000] DMI: QEMU Standard PC (i440FX + PIIX, 1996), BIOS rel-1.16.3-0-ga6ed6b701f0a-prebuilt.qemu.org 04/01/2014
[    0.000000] Hypervisor detected: KVM
[    0.000000] kvm-clock: Using msrs 4b564d01 and 4b564d00
[    0.000003] kvm-clock: using sched offset of 638094028 cycles
[    0.000482] clocksource: kvm-clock: mask: 0xffffffffffffffff max_cycles: 0x1cd42e4dffb, max_idle_ns: 881590591483 ns
[    0.001970] tsc: Detected 2500.000 MHz processor
[    0.008455] last_pfn = 0x7ffe0 max_arch_pfn = 0x10000000000
[    0.009032] MTRR map: 4 entries (3 fixed + 1 variable; max 19), built from 8 variable MTRRs
[    0.009778] x86/PAT: Configuration [0-7]: WB  WC  UC- UC  WB  WP  UC- WT  
[    0.015428] found SMP MP-table at [mem 0x000f5480-0x000f548f]
[    0.015998] Using GB pages for direct mapping
[    0.017268] ACPI: Early table checksum verification disabled
[    0.017792] ACPI: RSDP 0x00000000000F52A0 000014 (v00 BOCHS )
[    0.018335] ACPI: RSDT 0x000000007FFE1C9B 000034 (v01 BOCHS  BXPC     00000001 BXPC 00000001)
[    0.019125] ACPI: FACP 0x000000007FFE1B47 000074 (v01 BOCHS  BXPC     00000001 BXPC 00000001)
[    0.019903] ACPI: DSDT 0x000000007FFE0040 001B07 (v01 BOCHS  BXPC     00000001 BXPC 00000001)
[    0.020695] ACPI: FACS 0x000000007FFE0000 000040
[    0.021132] ACPI: APIC 0x000000007FFE1BBB 000080 (v03 BOCHS  BXPC     00000001 BXPC 00000001)
[    0.021910] ACPI: HPET 0x000000007FFE1C3B 000038 (v01 BOCHS  BXPC     00000001 BXPC 00000001)
[    0.022686] ACPI: WAET 0x000000007FFE1C73 000028 (v01 BOCHS  BXPC     00000001 BXPC 00000001)
[    0.023462] ACPI: Reserving FACP table memory at [mem 0x7ffe1b47-0x7ffe1bba]
[    0.024100] ACPI: Reserving DSDT table memory at [mem 0x7ffe0040-0x7ffe1b46]
[    0.024724] ACPI: Reserving FACS table memory at [mem 0x7ffe0000-0x7ffe003f]
[    0.025364] ACPI: Reserving APIC table memory at [mem 0x7ffe1bbb-0x7ffe1c3a]
[    0.026023] ACPI: Reserving HPET table memory at [mem 0x7ffe1c3b-0x7ffe1c72]
[    0.026643] ACPI: Reserving WAET table memory at [mem 0x7ffe1c73-0x7ffe1c9a]
[    0.027871] No NUMA configuration found
[    0.028221] Faking a node at [mem 0x0000000000000000-0x000000007ffdffff]
[    0.028853] NODE_DATA(0) allocated [mem 0x7ffb5000-0x7ffdffff]
[    0.031667] Zone ranges:
[    0.031928]   DMA      [mem 0x0000000000001000-0x0000000000ffffff]
[    0.032514]   DMA32    [mem 0x0000000001000000-0x000000007ffdffff]
[    0.033085]   Normal   empty
[    0.033352]   Device   empty
[    0.033611] Movable zone start for each node
[    0.034013] Early memory node ranges
[    0.034337]   node   0: [mem 0x0000000000001000-0x000000000009efff]
[    0.034901]   node   0: [mem 0x0000000000100000-0x000000007ffdffff]
[    0.035466] Initmem setup node 0 [mem 0x0000000000001000-0x000000007ffdffff]
[    0.036332] On node 0, zone DMA: 1 pages in unavailable ranges
[    0.036534] On node 0, zone DMA: 97 pages in unavailable ranges
[    0.066494] On node 0, zone DMA32: 32 pages in unavailable ranges
[    0.119541] kasan: KernelAddressSanitizer initialized
[    0.120837] ACPI: PM-Timer IO Port: 0x608
[    0.121236] ACPI: LAPIC_NMI (acpi_id[0xff] dfl dfl lint[0x1])
[    0.121813] IOAPIC[0]: apic_id 0, version 17, address 0xfec00000, GSI 0-23
[    0.122467] ACPI: INT_SRC_OVR (bus 0 bus_irq 0 global_irq 2 dfl dfl)
[    0.123055] ACPI: INT_SRC_OVR (bus 0 bus_irq 5 global_irq 5 high level)
[    0.123658] ACPI: INT_SRC_OVR (bus 0 bus_irq 9 global_irq 9 high level)
[    0.124271] ACPI: INT_SRC_OVR (bus 0 bus_irq 10 global_irq 10 high level)
[    0.124889] ACPI: INT_SRC_OVR (bus 0 bus_irq 11 global_irq 11 high level)
[    0.125533] ACPI: Using ACPI (MADT) for SMP configuration information
[    0.126156] ACPI: HPET id: 0x8086a201 base: 0xfed00000
[    0.126630] TSC deadline timer available
[    0.126995] smpboot: Allowing 2 CPUs, 0 hotplug CPUs
[    0.127484] kvm-guest: KVM setup pv remote TLB flush
[    0.127951] kvm-guest: setup PV sched yield
[    0.128371] PM: hibernation: Registered nosave memory: [mem 0x00000000-0x00000fff]
[    0.129068] PM: hibernation: Registered nosave memory: [mem 0x0009f000-0x0009ffff]
[    0.129754] PM: hibernation: Registered nosave memory: [mem 0x000a0000-0x000effff]
[    0.130441] PM: hibernation: Registered nosave memory: [mem 0x000f0000-0x000fffff]
[    0.131147] [mem 0x80000000-0xfeffbfff] available for PCI devices
[    0.131707] Booting paravirtualized kernel on KVM
[    0.132150] clocksource: refined-jiffies: mask: 0xffffffff max_cycles: 0xffffffff, max_idle_ns: 7645519600211568 ns
[    0.133120] setup_percpu: NR_CPUS:8192 nr_cpumask_bits:2 nr_cpu_ids:2 nr_node_ids:1
[    0.134276] percpu: Embedded 82 pages/cpu s299008 r8192 d28672 u1048576
[    0.135034] kvm-guest: PV spinlocks enabled
[    0.135430] PV qspinlock hash table entries: 256 (order: 0, 4096 bytes, linear)
[    0.136112] Kernel command line: net.ifnames=0 console=ttyS0 root=/dev/sda earlyprintk=serial net.ifnames=0 thunderbolt.dyndbg
[    0.137473] random: crng init done
[    0.138170] Dentry cache hash table entries: 262144 (order: 9, 2097152 bytes, linear)
[    0.139235] Inode-cache hash table entries: 131072 (order: 8, 1048576 bytes, linear)
[    0.140192] Fallback order for Node 0: 0 
[    0.140204] Built 1 zonelists, mobility grouping on.  Total pages: 515808
[    0.141164] Policy zone: DMA32
[    0.141437] mem auto-init: stack:off, heap alloc:off, heap free:off
[    0.142003] stackdepot: allocating hash table via alloc_large_system_hash
[    0.144140] stackdepot hash table entries: 1048576 (order: 11, 8388608 bytes, linear)
[    0.182273] Memory: 1625256K/2096632K available (73728K kernel code, 14057K rwdata, 16424K rodata, 14620K init, 22240K bss, 471176K reserved, 0K cma-reserved)
[    0.184944] SLUB: HWalign=64, Order=0-3, MinObjects=0, CPUs=2, Nodes=1
[    0.185530] kmemleak: Kernel memory leak detector disabled
[    0.186168] ftrace: allocating 69394 entries in 272 pages
[    0.207932] ftrace: allocated 272 pages with 2 groups
[    0.211699] Dynamic Preempt: voluntary
[    0.212345] Running RCU self tests
[    0.212652] Running RCU synchronous self tests
[    0.213058] rcu: Preemptible hierarchical RCU implementation.
[    0.213558] rcu: 	RCU lockdep checking is enabled.
[    0.213970] rcu: 	RCU restricting CPUs from NR_CPUS=8192 to nr_cpu_ids=2.
[    0.214565] 	Trampoline variant of Tasks RCU enabled.
[    0.215007] 	Rude variant of Tasks RCU enabled.
[    0.215404] 	Tracing variant of Tasks RCU enabled.
[    0.215814] rcu: RCU calculated value of scheduler-enlistment delay is 25 jiffies.
[    0.216473] rcu: Adjusting geometry for rcu_fanout_leaf=16, nr_cpu_ids=2
[    0.217099] Running RCU synchronous self tests
[    0.251023] NR_IRQS: 524544, nr_irqs: 440, preallocated irqs: 16
[    0.252070] rcu: srcu_init: Setting srcu_struct sizes based on contention.
[    0.261001] Console: colour VGA+ 80x25
[    0.261381] printk: console [ttyS0] enabled
[    0.261381] printk: console [ttyS0] enabled
[    0.262166] printk: bootconsole [earlyser0] disabled
[    0.262166] printk: bootconsole [earlyser0] disabled
[    0.263090] Lock dependency validator: Copyright (c) 2006 Red Hat, Inc., Ingo Molnar
[    0.263790] ... MAX_LOCKDEP_SUBCLASSES:  8
[    0.264182] ... MAX_LOCK_DEPTH:          48
[    0.264567] ... MAX_LOCKDEP_KEYS:        8192
[    0.264975] ... CLASSHASH_SIZE:          4096
[    0.265381] ... MAX_LOCKDEP_ENTRIES:     32768
[    0.265788] ... MAX_LOCKDEP_CHAINS:      65536
[    0.266200] ... CHAINHASH_SIZE:          32768
[    0.266610]  memory used by lock dependency info: 6493 kB
[    0.267113]  memory used for stack traces: 4224 kB
[    0.267553]  per task-struct memory footprint: 1920 bytes
[    0.268136] ACPI: Core revision 20230628
[    0.268924] clocksource: hpet: mask: 0xffffffff max_cycles: 0xffffffff, max_idle_ns: 19112604467 ns
[    0.269941] APIC: Switch to symmetric I/O mode setup
[    0.270580] x2apic enabled
[    0.271044] Switched APIC routing to physical x2apic.
[    0.271512] kvm-guest: setup PV IPIs
[    0.273016] ..TIMER: vector=0x30 apic1=0 pin1=2 apic2=-1 pin2=-1
[    0.273606] clocksource: tsc-early: mask: 0xffffffffffffffff max_cycles: 0x240939f1bb2, max_idle_ns: 440795263295 ns
[    0.274716] Calibrating delay loop (skipped) preset value.. 5000.00 BogoMIPS (lpj=10000000)
[    0.275625] x86/cpu: User Mode Instruction Prevention (UMIP) activated
[    0.276316] Last level iTLB entries: 4KB 0, 2MB 0, 4MB 0
[    0.276794] Last level dTLB entries: 4KB 0, 2MB 0, 4MB 0, 1GB 0
[    0.277339] Spectre V1 : Mitigation: usercopy/swapgs barriers and __user pointer sanitization
[    0.278704] Spectre V2 : WARNING: Unprivileged eBPF is enabled with eIBRS on, data leaks possible via Spectre v2 BHB attacks!
[    0.279724] Spectre V2 : Mitigation: Enhanced / Automatic IBRS
[    0.280233] Spectre V2 : Spectre v2 / SpectreRSB mitigation: Filling RSB on context switch
[    0.280955] Spectre V2 : Spectre v2 / PBRSB-eIBRS: Retire a single CALL on VMEXIT
[    0.281611] Spectre V2 : mitigation: Enabling conditional Indirect Branch Prediction Barrier
[    0.282350] Speculative Store Bypass: Mitigation: Speculative Store Bypass disabled via prctl
[    0.282706] MMIO Stale Data: Unknown: No mitigations
[    0.283228] x86/fpu: Supporting XSAVE feature 0x001: 'x87 floating point registers'
[    0.283913] x86/fpu: Supporting XSAVE feature 0x002: 'SSE registers'
[    0.284476] x86/fpu: Supporting XSAVE feature 0x004: 'AVX registers'
[    0.285041] x86/fpu: Supporting XSAVE feature 0x020: 'AVX-512 opmask'
[    0.285608] x86/fpu: Supporting XSAVE feature 0x040: 'AVX-512 Hi256'
[    0.286703] x86/fpu: Supporting XSAVE feature 0x080: 'AVX-512 ZMM_Hi256'
[    0.287308] x86/fpu: Supporting XSAVE feature 0x200: 'Protection Keys User registers'
[    0.287990] x86/fpu: Supporting XSAVE feature 0x20000: 'AMX Tile config'
[    0.288587] x86/fpu: Supporting XSAVE feature 0x40000: 'AMX Tile data'
[    0.289164] x86/fpu: xstate_offset[2]:  576, xstate_sizes[2]:  256
[    0.289719] x86/fpu: xstate_offset[5]:  832, xstate_sizes[5]:   64
[    0.290706] x86/fpu: xstate_offset[6]:  896, xstate_sizes[6]:  512
[    0.291280] x86/fpu: xstate_offset[7]: 1408, xstate_sizes[7]: 1024
[    0.291853] x86/fpu: xstate_offset[9]: 2432, xstate_sizes[9]:    8
[    0.292400] x86/fpu: xstate_offset[17]: 2496, xstate_sizes[17]:   64
[    0.292970] x86/fpu: xstate_offset[18]: 2560, xstate_sizes[18]: 8192
[    0.293548] x86/fpu: Enabled xstate features 0x602e7, context size is 10752 bytes, using 'compacted' format.
[    0.412103] Freeing SMP alternatives memory: 56K
[    0.412562] pid_max: default: 32768 minimum: 301
[    0.413207] LSM: initializing lsm=capability,yama,integrity
[    0.413722] Yama: becoming mindful.
[    0.414269] Mount-cache hash table entries: 4096 (order: 3, 32768 bytes, linear)
[    0.414710] Mountpoint-cache hash table entries: 4096 (order: 3, 32768 bytes, linear)
[    0.416587] Running RCU synchronous self tests
[    0.416986] Running RCU synchronous self tests
[    0.417909] smpboot: CPU0: Intel GENUINE INTEL(R) XEON(R) (family: 0x6, model: 0xad, stepping: 0x0)
[    0.418696] RCU Tasks: Setting shift to 1 and lim to 1 rcu_task_cb_adjust=1.
[    0.418696] RCU Tasks Rude: Setting shift to 1 and lim to 1 rcu_task_cb_adjust=1.
[    0.418696] RCU Tasks Trace: Setting shift to 1 and lim to 1 rcu_task_cb_adjust=1.
[    0.418696] Running RCU-tasks wait API self tests
[    0.418946] Performance Events: PEBS fmt0-, Sapphire Rapids events, full-width counters, Intel PMU driver.
[    0.419913] ... version:                2
[    0.420258] ... bit width:              48
[    0.420585] ... generic registers:      8
[    0.420905] ... value mask:             0000ffffffffffff
[    0.421330] ... max period:             00007fffffffffff
[    0.421761] ... fixed-purpose events:   3
[    0.422092] ... event mask:             00000007000000ff
[    0.422829] signal: max sigframe size: 11952
[    0.423313] rcu: Hierarchical SRCU implementation.
[    0.423755] rcu: 	Max phase no-delay instances is 1000.
[    0.428570] smp: Bringing up secondary CPUs ...
[    0.429540] smpboot: x86: Booting SMP configuration:
[    0.430001] .... node  #0, CPUs:      #1
[    0.430966] smp: Brought up 1 node, 2 CPUs
[    0.431730] smpboot: Max logical packages: 1
[    0.432109] smpboot: Total of 2 processors activated (10000.00 BogoMIPS)
[    0.435266] devtmpfs: initialized
[    0.435557] x86/mm: Memory block size: 128MB
[    0.438742] Callback from call_rcu_tasks_trace() invoked.
[    0.443372] Running RCU synchronous self tests
[    0.443669] Running RCU synchronous self tests
[    0.444136] clocksource: jiffies: mask: 0xffffffff max_cycles: 0xffffffff, max_idle_ns: 7645041785100000 ns
[    0.444993] futex hash table entries: 512 (order: 4, 65536 bytes, linear)
[    0.447038] pinctrl core: initialized pinctrl subsystem
[    0.448051] 
[    0.448193] *************************************************************
[    0.448780] **     NOTICE NOTICE NOTICE NOTICE NOTICE NOTICE NOTICE    **
[    0.449367] **                                                         **
[    0.449959] **  IOMMU DebugFS SUPPORT HAS BEEN ENABLED IN THIS KERNEL  **
[    0.450548] **                                                         **
[    0.450705] ** This means that this kernel is built to expose internal **
[    0.451294] ** IOMMU data structures, which may compromise security on **
[    0.451879] ** your system.                                            **
[    0.452465] **                                                         **
[    0.453054] ** If you see this message and you are not debugging the   **
[    0.453646] ** kernel, report this immediately to your vendor!         **
[    0.454228] **                                                         **
[    0.454707] **     NOTICE NOTICE NOTICE NOTICE NOTICE NOTICE NOTICE    **
[    0.455295] *************************************************************
[    0.455946] PM: RTC time: 05:14:24, date: 2026-03-12
[    0.459000] NET: Registered PF_NETLINK/PF_ROUTE protocol family
[    0.460684] DMA: preallocated 256 KiB GFP_KERNEL pool for atomic allocations
[    0.461333] DMA: preallocated 256 KiB GFP_KERNEL|GFP_DMA pool for atomic allocations
[    0.462043] DMA: preallocated 256 KiB GFP_KERNEL|GFP_DMA32 pool for atomic allocations
[    0.462806] audit: initializing netlink subsys (disabled)
[    0.463325] audit: type=2000 audit(1773292464.347:1): state=initialized audit_enabled=0 res=1
[    0.464211] thermal_sys: Registered thermal governor 'fair_share'
[    0.464219] thermal_sys: Registered thermal governor 'bang_bang'
[    0.464802] thermal_sys: Registered thermal governor 'step_wise'
[    0.465335] thermal_sys: Registered thermal governor 'user_space'
[    0.466778] cpuidle: using governor ladder
[    0.467689] cpuidle: using governor menu
[    0.468572] acpiphp: ACPI Hot Plug PCI Controller Driver version: 0.5
[    0.469776] PCI: Using configuration type 1 for base access
[    0.471266] kprobes: kprobe jump-optimization is enabled. All kprobes are optimized if possible.
[    0.593773] HugeTLB: registered 1.00 GiB page size, pre-allocated 0 pages
[    0.594386] HugeTLB: 16380 KiB vmemmap can be freed for a 1.00 GiB page
[    0.594704] HugeTLB: registered 2.00 MiB page size, pre-allocated 0 pages
[    0.595307] HugeTLB: 28 KiB vmemmap can be freed for a 2.00 MiB page
[    0.599402] ACPI: Added _OSI(Module Device)
[    0.599805] ACPI: Added _OSI(Processor Device)
[    0.600200] ACPI: Added _OSI(3.0 _SCP Extensions)
[    0.600615] ACPI: Added _OSI(Processor Aggregator Device)
[    0.614811] ACPI: 1 ACPI AML tables successfully acquired and loaded
[    2.722767] Callback from call_rcu_tasks_rude() invoked.
[    2.763072] ACPI: _OSC evaluation for CPUs failed, trying _PDC
[    2.763838] ACPI: Interpreter enabled
[    2.764314] ACPI: PM: (supports S0 S3 S4 S5)
[    2.764706] ACPI: Using IOAPIC for interrupt routing
[    2.765243] PCI: Using host bridge windows from ACPI; if necessary, use "pci=nocrs" and report a bug
[    2.766059] PCI: Using E820 reservations for host bridge windows
[    2.767753] ACPI: Enabled 2 GPEs in block 00 to 0F
[    2.800690] ACPI: PCI Root Bridge [PCI0] (domain 0000 [bus 00-ff])
[    2.801278] acpi PNP0A03:00: _OSC: OS supports [ASPM ClockPM Segments MSI EDR HPX-Type3]
[    2.801994] acpi PNP0A03:00: _OSC: not requesting OS control; OS requires [ExtendedConfig ASPM ClockPM MSI]
[    2.802844] acpi PNP0A03:00: fail to add MMCONFIG information, can't access extended configuration space under this bridge
[    2.808168] acpiphp: Slot [3] registered
[    2.808605] acpiphp: Slot [4] registered
[    2.809069] acpiphp: Slot [5] registered
[    2.809545] acpiphp: Slot [6] registered
[    2.810020] acpiphp: Slot [7] registered
[    2.810489] acpiphp: Slot [8] registered
[    2.810821] acpiphp: Slot [9] registered
[    2.811291] acpiphp: Slot [10] registered
[    2.811767] acpiphp: Slot [11] registered
[    2.812204] acpiphp: Slot [12] registered
[    2.812907] acpiphp: Slot [13] registered
[    2.813367] acpiphp: Slot [14] registered
[    2.813820] acpiphp: Slot [15] registered
[    2.814256] acpiphp: Slot [16] registered
[    2.814702] acpiphp: Slot [17] registered
[    2.815158] acpiphp: Slot [18] registered
[    2.815643] acpiphp: Slot [19] registered
[    2.816118] acpiphp: Slot [20] registered
[    2.816613] acpiphp: Slot [21] registered
[    2.817093] acpiphp: Slot [22] registered
[    2.817570] acpiphp: Slot [23] registered
[    2.818048] acpiphp: Slot [24] registered
[    2.818512] acpiphp: Slot [25] registered
[    2.818821] acpiphp: Slot [26] registered
[    2.819259] acpiphp: Slot [27] registered
[    2.819703] acpiphp: Slot [28] registered
[    2.820136] acpiphp: Slot [29] registered
[    2.820567] acpiphp: Slot [30] registered
[    2.821003] acpiphp: Slot [31] registered
[    2.821423] PCI host bridge to bus 0000:00
[    2.821796] pci_bus 0000:00: root bus resource [io  0x0000-0x0cf7 window]
[    2.822395] pci_bus 0000:00: root bus resource [io  0x0d00-0xffff window]
[    2.822704] pci_bus 0000:00: root bus resource [mem 0x000a0000-0x000bffff window]
[    2.823361] pci_bus 0000:00: root bus resource [mem 0x80000000-0xfebfffff window]
[    2.824016] pci_bus 0000:00: root bus resource [mem 0x100000000-0x17fffffff window]
[    2.824674] pci_bus 0000:00: root bus resource [bus 00-ff]
[    2.825282] pci 0000:00:00.0: [8086:1237] type 00 class 0x060000
[    2.826792] Callback from call_rcu_tasks() invoked.
[    2.827505] pci 0000:00:01.0: [8086:7000] type 00 class 0x060100
[    2.829220] pci 0000:00:01.1: [8086:7010] type 00 class 0x010180
[    2.831506] pci 0000:00:01.1: reg 0x20: [io  0xc040-0xc04f]
[    2.832686] pci 0000:00:01.1: legacy IDE quirk: reg 0x10: [io  0x01f0-0x01f7]
[    2.833324] pci 0000:00:01.1: legacy IDE quirk: reg 0x14: [io  0x03f6]
[    2.833896] pci 0000:00:01.1: legacy IDE quirk: reg 0x18: [io  0x0170-0x0177]
[    2.834517] pci 0000:00:01.1: legacy IDE quirk: reg 0x1c: [io  0x0376]
[    2.835640] pci 0000:00:01.3: [8086:7113] type 00 class 0x068000
[    2.836521] pci 0000:00:01.3: quirk: [io  0x0600-0x063f] claimed by PIIX4 ACPI
[    2.837158] pci 0000:00:01.3: quirk: [io  0x0700-0x070f] claimed by PIIX4 SMB
[    2.838626] pci 0000:00:02.0: [1234:1111] type 00 class 0x030000
[    2.839662] pci 0000:00:02.0: reg 0x10: [mem 0xfd000000-0xfdffffff pref]
[    2.841939] pci 0000:00:02.0: reg 0x18: [mem 0xfebf0000-0xfebf0fff]
[    2.844973] pci 0000:00:02.0: reg 0x30: [mem 0xfebe0000-0xfebeffff pref]
[    2.845700] pci 0000:00:02.0: Video device with shadowed ROM at [mem 0x000c0000-0x000dffff]
[    2.847346] pci 0000:00:03.0: [8086:100e] type 00 class 0x020000
[    2.848717] pci 0000:00:03.0: reg 0x10: [mem 0xfebc0000-0xfebdffff]
[    2.850071] pci 0000:00:03.0: reg 0x14: [io  0xc000-0xc03f]
[    2.853371] pci 0000:00:03.0: reg 0x30: [mem 0xfeb80000-0xfebbffff pref]
[    2.875449] ACPI: PCI: Interrupt link LNKA configured for IRQ 10
[    2.876848] ACPI: PCI: Interrupt link LNKB configured for IRQ 10
[    2.878201] ACPI: PCI: Interrupt link LNKC configured for IRQ 11
[    2.879515] ACPI: PCI: Interrupt link LNKD configured for IRQ 11
[    2.880401] ACPI: PCI: Interrupt link LNKS configured for IRQ 9
[    2.883788] iommu: Default domain type: Translated
[    2.883788] iommu: DMA domain TLB invalidation policy: lazy mode
[    2.888123] SCSI subsystem initialized
[    2.888525] ACPI: bus type USB registered
[    2.888525] usbcore: registered new interface driver usbfs
[    2.888525] usbcore: registered new interface driver hub
[    2.888640] usbcore: registered new device driver usb
[    2.889286] pps_core: LinuxPPS API ver. 1 registered
[    2.890709] pps_core: Software ver. 5.3.6 - Copyright 2005-2007 Rodolfo Giometti <giometti@linux.it>
[    2.891535] PTP clock support registered
[    2.891982] EDAC MC: Ver: 3.0.0
[    2.896384] NetLabel: Initializing
[    2.896701] NetLabel:  domain hash size = 128
[    2.897068] NetLabel:  protocols = UNLABELED CIPSOv4 CALIPSO
[    2.898808] NetLabel:  unlabeled traffic allowed by default
[    2.899459] PCI: Using ACPI for IRQ routing
[    2.899513] pci 0000:00:02.0: vgaarb: setting as boot VGA device
[    2.899513] pci 0000:00:02.0: vgaarb: bridge control possible
[    2.899921] pci 0000:00:02.0: vgaarb: VGA device added: decodes=io+mem,owns=io+mem,locks=none
[    2.902711] vgaarb: loaded
[    2.903293] hpet0: at MMIO 0xfed00000, IRQs 2, 8, 0
[    2.903764] hpet0: 3 comparators, 64-bit 100.000000 MHz counter
[    2.907097] clocksource: Switched to clocksource kvm-clock
[    2.908867] VFS: Disk quotas dquot_6.6.0
[    2.909287] VFS: Dquot-cache hash table entries: 512 (order 0, 4096 bytes)
[    2.910305] pnp: PnP ACPI init
[    2.913491] pnp: PnP ACPI: found 6 devices
[    2.929274] clocksource: acpi_pm: mask: 0xffffff max_cycles: 0xffffff, max_idle_ns: 2085701024 ns
[    2.930651] NET: Registered PF_INET protocol family
[    2.931169] IP idents hash table entries: 32768 (order: 6, 262144 bytes, linear)
[    2.933183] tcp_listen_portaddr_hash hash table entries: 1024 (order: 4, 73728 bytes, linear)
[    2.933978] Table-perturb hash table entries: 65536 (order: 6, 262144 bytes, linear)
[    2.934751] TCP established hash table entries: 16384 (order: 5, 131072 bytes, linear)
[    2.935785] TCP bind hash table entries: 16384 (order: 9, 2359296 bytes, linear)
[    2.937584] TCP: Hash tables configured (established 16384 bind 16384)
[    2.938286] UDP hash table entries: 1024 (order: 5, 163840 bytes, linear)
[    2.938960] UDP-Lite hash table entries: 1024 (order: 5, 163840 bytes, linear)
[    2.939896] NET: Registered PF_UNIX/PF_LOCAL protocol family
[    2.941009] RPC: Registered named UNIX socket transport module.
[    2.941553] RPC: Registered udp transport module.
[    2.941974] RPC: Registered tcp transport module.
[    2.942408] RPC: Registered tcp-with-tls transport module.
[    2.942897] RPC: Registered tcp NFSv4.1 backchannel transport module.
[    2.943480] pci_bus 0000:00: resource 4 [io  0x0000-0x0cf7 window]
[    2.944043] pci_bus 0000:00: resource 5 [io  0x0d00-0xffff window]
[    2.944589] pci_bus 0000:00: resource 6 [mem 0x000a0000-0x000bffff window]
[    2.945188] pci_bus 0000:00: resource 7 [mem 0x80000000-0xfebfffff window]
[    2.945790] pci_bus 0000:00: resource 8 [mem 0x100000000-0x17fffffff window]
[    2.946756] pci 0000:00:01.0: PIIX3: Enabling Passive Release
[    2.947282] pci 0000:00:00.0: Limiting direct PCI/PCI transfers
[    2.947892] PCI: CLS 0 bytes, default 64
[    2.948684] ACPI: bus type thunderbolt registered
[    2.949374] clocksource: tsc: mask: 0xffffffffffffffff max_cycles: 0x240939f1bb2, max_idle_ns: 440795263295 ns
[    3.089380] Initialise system trusted keyrings
[    3.089900] Key type blacklist registered
[    3.090814] workingset: timestamp_bits=36 max_order=19 bucket_order=0
[    3.091515] zbud: loaded
[    3.093336] squashfs: version 4.0 (2009/01/31) Phillip Lougher
[    3.095623] NFS: Registering the id_resolver key type
[    3.096138] Key type id_resolver registered
[    3.096519] Key type id_legacy registered
[    3.096921] nfs4filelayout_init: NFSv4 File Layout Driver Registering...
[    3.097552] nfs4flexfilelayout_init: NFSv4 Flexfile Layout Driver Registering...
[    3.098457] fuse: init (API version 7.38)
[    3.099323] SGI XFS with ACLs, security attributes, realtime, quota, no debug enabled
[    3.101566] 9p: Installing v9fs 9p2000 file system support
[    3.113011] Key type asymmetric registered
[    3.113389] Asymmetric key parser 'x509' registered
[    3.113936] Block layer SCSI generic (bsg) driver version 0.4 loaded (major 243)
[    3.115052] io scheduler mq-deadline registered
[    3.115585] io scheduler bfq registered
[    3.116960] shpchp: Standard Hot Plug PCI Controller Driver version: 0.4
[    3.118228] IPMI message handler: version 39.2
[    3.118707] ipmi device interface
[    3.121514] input: Power Button as /devices/LNXSYSTM:00/LNXPWRBN:00/input/input0
[    3.122990] ACPI: button: Power Button [PWRF]
[    3.125045] ERST DBG: ERST support is disabled.
[    3.126636] Serial: 8250/16550 driver, 32 ports, IRQ sharing enabled
[    3.128446] 00:04: ttyS0 at I/O 0x3f8 (irq = 4, base_baud = 115200) is a 16550A
[    3.149592] Linux agpgart interface v0.103
[    3.151601] ACPI: bus type drm_connector registered
[    3.169548] brd: module loaded
[    3.180558] loop: module loaded
[    3.189645] scsi host0: ata_piix
[    3.191312] scsi host1: ata_piix
[    3.192001] ata1: PATA max MWDMA2 cmd 0x1f0 ctl 0x3f6 bmdma 0xc040 irq 14
[    3.192613] ata2: PATA max MWDMA2 cmd 0x170 ctl 0x376 bmdma 0xc048 irq 15
[    3.195154] tun: Universal TUN/TAP device driver, 1.6
[    3.195850] e100: Intel(R) PRO/100 Network Driver
[    3.196276] e100: Copyright(c) 1999-2006 Intel Corporation
[    3.196824] e1000: Intel(R) PRO/1000 Network Driver
[    3.197253] e1000: Copyright (c) 1999-2006 Intel Corporation.
[    3.350307] ata1: found unknown device (class 0)
[    3.351041] ata2: found unknown device (class 0)
[    3.352198] ata1.00: ATA-7: QEMU HARDDISK, 2.5+, max UDMA/100
[    3.352729] ata1.00: 17196647 sectors, multi 16: LBA48 
[    3.353341] ata2.00: ATAPI: QEMU DVD-ROM, 2.5+, max UDMA/100
[    3.355274] scsi 0:0:0:0: Direct-Access     ATA      QEMU HARDDISK    2.5+ PQ: 0 ANSI: 5
[    3.357882] sd 0:0:0:0: Attached scsi generic sg0 type 0
[    3.358635] sd 0:0:0:0: [sda] 17196647 512-byte logical blocks: (8.80 GB/8.20 GiB)
[    3.359432] sd 0:0:0:0: [sda] Write Protect is off
[    3.359946] scsi 1:0:0:0: CD-ROM            QEMU     QEMU DVD-ROM     2.5+ PQ: 0 ANSI: 5
[    3.360836] sd 0:0:0:0: [sda] Write cache: enabled, read cache: enabled, doesn't support DPO or FUA
[    3.361979] sd 0:0:0:0: [sda] Preferred minimum I/O size 512 bytes
[    3.367283] sd 0:0:0:0: [sda] Attached SCSI disk
[    3.443356] scsi 1:0:0:0: Attached scsi generic sg1 type 5
[    3.890740] ACPI: \_SB_.LNKC: Enabled at IRQ 11
[    4.222027] e1000 0000:00:03.0 eth0: (PCI:33MHz:32-bit) 52:54:00:12:34:56
[    4.222661] e1000 0000:00:03.0 eth0: Intel(R) PRO/1000 Network Connection
[    4.223341] e1000e: Intel(R) PRO/1000 Network Driver
[    4.223782] e1000e: Copyright(c) 1999 - 2015 Intel Corporation.
[    4.224377] igb: Intel(R) Gigabit Ethernet Network Driver
[    4.224860] igb: Copyright (c) 2007-2014 Intel Corporation.
[    4.225503] PPP generic driver version 2.4.2
[    4.227344] VFIO - User Level meta-driver version: 0.3
[    4.229249] usbcore: registered new interface driver uas
[    4.229828] usbcore: registered new interface driver usb-storage
[    4.230614] i8042: PNP: PS/2 Controller [PNP0303:KBD,PNP0f13:MOU] at 0x60,0x64 irq 1,12
[    4.232205] serio: i8042 KBD port at 0x60,0x64 irq 1
[    4.232706] serio: i8042 AUX port at 0x60,0x64 irq 12
[    4.234860] mousedev: PS/2 mouse device common for all mice
[    4.237315] rtc_cmos 00:05: RTC can wake from S4
[    4.239668] input: AT Translated Set 2 keyboard as /devices/platform/i8042/serio0/input/input1
[    4.240997] rtc_cmos 00:05: registered as rtc0
[    4.241481] rtc_cmos 00:05: setting system clock to 2026-03-12T05:14:27 UTC (1773292467)
[    4.243274] input: VirtualPS/2 VMware VMMouse as /devices/platform/i8042/serio1/input/input4
[    4.244509] rtc_cmos 00:05: alarms up to one day, y3k, 242 bytes nvram, hpet irqs
[    4.245248] i2c_dev: i2c /dev entries driver
[    4.245733] device-mapper: core: CONFIG_IMA_DISABLE_HTABLE is disabled. Duplicate IMA measurements will not be recorded in the IMA log.
[    4.247480] input: VirtualPS/2 VMware VMMouse as /devices/platform/i8042/serio1/input/input3
[    4.248400] device-mapper: uevent: version 1.0.3
[    4.249485] device-mapper: ioctl: 4.48.0-ioctl (2023-03-01) initialised: dm-devel@redhat.com
[    4.250307] intel_pstate: CPU model not supported
[    4.250928] sdhci: Secure Digital Host Controller Interface driver
[    4.251483] sdhci: Copyright(c) Pierre Ossman
[    4.251983] sdhci-pltfm: SDHCI platform and OF driver helper
[    4.253104] ledtrig-cpu: registered to indicate activity on CPUs
[    4.254045] drop_monitor: Initializing network drop monitor service
[    4.254950] NET: Registered PF_INET6 protocol family
[    4.263739] Segment Routing with IPv6
[    4.264120] In-situ OAM (IOAM) with IPv6
[    4.264526] NET: Registered PF_PACKET protocol family
[    4.265598] 9pnet: Installing 9P2000 support
[    4.266145] Key type dns_resolver registered
[    4.268317] IPI shorthand broadcast: enabled
[    4.299146] sched_clock: Marking stable (4284005126, 14003591)->(4311081855, -13073138)
[    4.300878] registered taskstats version 1
[    4.302131] Loading compiled-in X.509 certificates
[    4.340146] Key type .fscrypt registered
[    4.340544] Key type fscrypt-provisioning registered
[    4.344711] Key type encrypted registered
[    4.345170] ima: No TPM chip found, activating TPM-bypass!
[    4.345689] ima: Allocated hash algorithm: sha1
[    4.346183] ima: No architecture policies found
[    4.346696] evm: Initialising EVM extended attributes:
[    4.347149] evm: security.selinux
[    4.347442] evm: security.SMACK64
[    4.347749] evm: security.SMACK64EXEC
[    4.348071] evm: security.SMACK64TRANSMUTE
[    4.348431] evm: security.SMACK64MMAP
[    4.348758] evm: security.apparmor
[    4.349059] evm: security.ima
[    4.349327] evm: security.capability
[    4.349643] evm: HMAC attrs: 0x1
[    4.352384] PM:   Magic number: 2:578:213
[    4.353998] RAS: Correctable Errors collector initialized.
[    4.354732] clk: Disabling unused clocks
[    4.355729] md: Waiting for all devices to be available before autodetect
[    4.356122] md: If you don't use raid, use raid=noautodetect
[    4.356470] md: Autodetecting RAID arrays.
[    4.356730] md: autorun ...
[    4.356904] md: ... autorun DONE.
[    4.366859] EXT4-fs (sda): INFO: recovery required on readonly filesystem
[    4.367286] EXT4-fs (sda): write access will be enabled during recovery
[    4.752328] EXT4-fs (sda): recovery complete
[    4.756049] EXT4-fs (sda): mounted filesystem 088740a9-c8b4-422c-999d-a804eb68a4da ro with ordered data mode. Quota mode: none.
[    4.756867] VFS: Mounted root (ext4 filesystem) readonly on device 8:0.
[    4.760690] devtmpfs: mounted
[    4.786853] Freeing unused decrypted memory: 2036K
[    4.790835] Freeing unused kernel image (initmem) memory: 14620K
[    4.791225] Write protecting the kernel read-only data: 92160k
[    4.794196] Freeing unused kernel image (rodata/data gap) memory: 2008K
[    6.038284] x86/mm: Checked W+X mappings: passed, no W+X pages found.
[    6.038886] Run /sbin/init as init process
[    6.304068] systemd[1]: systemd 252-15.el9 running in system mode (+PAM +AUDIT +SELINUX -APPARMOR +IMA +SMACK +SECCOMP +GCRYPT +GNUTLS +OPENSSL +ACL +BLKID +CURL +ELFUTILS -FIDO2 +IDN2 -IDN -IPTC +KMOD +LIBCRYPTSETUP +LIBFDISK +PCRE2 -PWQUALITY +P11KIT -QRENCODE +TPM2 +BZIP2 +LZ4 +XZ +ZLIB +ZSTD -BPF_FRAMEWORK +XKBCOMMON +UTMP +SYSVINIT default-hierarchy=unified)
[    6.305933] systemd[1]: Detected virtualization kvm.
[    6.306578] systemd[1]: Detected architecture x86-64.

Welcome to [0;31mCentOS Stream 9[0m!

[    6.315786] systemd[1]: Hostname set to <test>.
[    6.631125] systemd-rc-local-generator[114]: /etc/rc.d/rc.local is not marked executable, skipping.
[    7.054787] systemd[1]: Queued start job for default target Multi-User System.
[    7.080919] systemd[1]: Created slice Virtual Machine and Container Slice.
[[0;32m  OK  [0m] Created slice [0;1;39mVirtual Machine and Container Slice[0m.
[    7.086232] systemd[1]: Created slice Slice /system/getty.
[[0;32m  OK  [0m] Created slice [0;1;39mSlice /system/getty[0m.
[    7.089263] systemd[1]: Created slice Slice /system/modprobe.
[[0;32m  OK  [0m] Created slice [0;1;39mSlice /system/modprobe[0m.
[    7.092739] systemd[1]: Created slice Slice /system/serial-getty.
[[0;32m  OK  [0m] Created slice [0;1;39mSlice /system/serial-getty[0m.
[    7.095962] systemd[1]: Created slice Slice /system/sshd-keygen.
[[0;32m  OK  [0m] Created slice [0;1;39mSlice /system/sshd-keygen[0m.
[    7.098877] systemd[1]: Created slice User and Session Slice.
[[0;32m  OK  [0m] Created slice [0;1;39mUser and Session Slice[0m.
[    7.100500] systemd[1]: Started Forward Password Requests to Wall Directory Watch.
[[0;32m  OK  [0m] Started [0;1;39mForward Password R…uests to Wall Directory Watch[0m.
[    7.103247] systemd[1]: Set up automount Arbitrary Executable File Formats File System Automount Point.
[[0;32m  OK  [0m] Set up automount [0;1;39mArbitrary…s File System Automount Point[0m.
[    7.104898] systemd[1]: Reached target Local Integrity Protected Volumes.
[[0;32m  OK  [0m] Reached target [0;1;39mLocal Integrity Protected Volumes[0m.
[    7.106272] systemd[1]: Reached target Slice Units.
[[0;32m  OK  [0m] Reached target [0;1;39mSlice Units[0m.
[    7.107376] systemd[1]: Reached target Swaps.
[[0;32m  OK  [0m] Reached target [0;1;39mSwaps[0m.
[    7.108492] systemd[1]: Reached target Local Verity Protected Volumes.
[[0;32m  OK  [0m] Reached target [0;1;39mLocal Verity Protected Volumes[0m.
[    7.110540] systemd[1]: Listening on Device-mapper event daemon FIFOs.
[[0;32m  OK  [0m] Listening on [0;1;39mDevice-mapper event daemon FIFOs[0m.
[    7.112587] systemd[1]: Listening on LVM2 poll daemon socket.
[[0;32m  OK  [0m] Listening on [0;1;39mLVM2 poll daemon socket[0m.
[    7.114034] systemd[1]: multipathd control socket was skipped because of an unmet condition check (ConditionPathExists=/etc/multipath.conf).
[    7.168765] systemd[1]: Listening on RPCbind Server Activation Socket.
[[0;32m  OK  [0m] Listening on [0;1;39mRPCbind Server Activation Socket[0m.
[    7.170527] systemd[1]: Reached target RPC Port Mapper.
[[0;32m  OK  [0m] Reached target [0;1;39mRPC Port Mapper[0m.
[    7.174413] systemd[1]: Listening on Process Core Dump Socket.
[[0;32m  OK  [0m] Listening on [0;1;39mProcess Core Dump Socket[0m.
[    7.176040] systemd[1]: Listening on initctl Compatibility Named Pipe.
[[0;32m  OK  [0m] Listening on [0;1;39minitctl Compatibility Named Pipe[0m.
[    7.178096] systemd[1]: Listening on Journal Socket (/dev/log).
[[0;32m  OK  [0m] Listening on [0;1;39mJournal Socket (/dev/log)[0m.
[    7.180012] systemd[1]: Listening on Journal Socket.
[[0;32m  OK  [0m] Listening on [0;1;39mJournal Socket[0m.
[    7.181885] systemd[1]: Listening on udev Control Socket.
[[0;32m  OK  [0m] Listening on [0;1;39mudev Control Socket[0m.
[    7.183586] systemd[1]: Listening on udev Kernel Socket.
[[0;32m  OK  [0m] Listening on [0;1;39mudev Kernel Socket[0m.
[    7.206649] systemd[1]: Mounting Huge Pages File System...
         Mounting [0;1;39mHuge Pages File System[0m...
[    7.215588] systemd[1]: Mounting POSIX Message Queue File System...
         Mounting [0;1;39mPOSIX Message Queue File System[0m...
[    7.228023] systemd[1]: Mounting Kernel Debug File System...
         Mounting [0;1;39mKernel Debug File System[0m...
[    7.236770] systemd[1]: Mounting Kernel Trace File System...
         Mounting [0;1;39mKernel Trace File System[0m...
[    7.238256] systemd[1]: Kernel Module supporting RPCSEC_GSS was skipped because of an unmet condition check (ConditionPathExists=/etc/krb5.keytab).
[    7.239216] systemd[1]: Create List of Static Device Nodes was skipped because of an unmet condition check (ConditionFileNotEmpty=/lib/modules/6.5.0-bd6c11bc43c4+/modules.devname).
[    7.247854] systemd[1]: Starting Monitoring of LVM2 mirrors, snapshots etc. using dmeventd or progress polling...
         Starting [0;1;39mMonitoring of LVM…meventd or progress polling[0m...
[    7.259461] systemd[1]: Starting Load Kernel Module configfs...
         Starting [0;1;39mLoad Kernel Module configfs[0m...
[    7.268553] systemd[1]: Starting Load Kernel Module drm...
         Starting [0;1;39mLoad Kernel Module drm[0m...
[    7.288746] systemd[1]: Starting Load Kernel Module fuse...
         Starting [0;1;39mLoad Kernel Module fuse[0m...
[    7.304260] systemd[1]: Starting Read and set NIS domainname from /etc/sysconfig/network...
         Starting [0;1;39mRead and set NIS …from /etc/sysconfig/network[0m...
[    7.318508] systemd[1]: Starting Journal Service...
         Starting [0;1;39mJournal Service[0m...
[    7.340421] systemd[1]: Starting Load Kernel Modules...
         Starting [0;1;39mLoad Kernel Modules[0m...
[    7.353913] systemd[1]: Starting Generate network units from Kernel command line...
         Starting [0;1;39mGenerate network …ts from Kernel command line[0m...
[    7.382703] systemd[1]: Starting Remount Root and Kernel File Systems...
         Starting [0;1;39mRemount Root and Kernel File Systems[0m...
[    7.384304] systemd[1]: Repartition Root Disk was skipped because no trigger condition checks were met.
[    7.409572] systemd[1]: Starting Coldplug All udev Devices...
         Starting [0;1;39mColdplug All udev Devices[0m...
[    7.432603] systemd[1]: Mounted Huge Pages File System.
[[0;32m  OK  [0m] Mounted [0;1;39mHuge Pages File System[0m.
[    7.447133] systemd[1]: Mounted POSIX Message Queue File System.
[[0;32m  OK  [0m] Mounted [0;1;39mPOSIX Message Queue File System[0m.
[    7.448594] systemd[1]: Mounted Kernel Debug File System.
[[0;32m  OK  [0m] Mounted [0;1;39mKernel Debug File System[0m.
[    7.449965] systemd[1]: Mounted Kernel Trace File System.
[[0;32m  OK  [0m] Mounted [0;1;39mKernel Trace File System[0m.
[    7.474628] systemd[1]: Finished Monitoring of LVM2 mirrors, snapshots etc. using dmeventd or progress polling.
[[0;32m  OK  [0m] Finished [0;1;39mMonitoring of LVM… dmeventd or progress polling[0m.
[    7.484874] systemd[1]: modprobe@configfs.service: Deactivated successfully.
[    7.494498] systemd[1]: Finished Load Kernel Module configfs.
[[0;32m  OK  [0m] Finished [0;1;39mLoad Kernel Module configfs[0m.
[    7.497030] systemd[1]: modprobe@drm.service: Deactivated successfully.
[    7.501256] systemd[1]: Finished Load Kernel Module drm.
[[0;32m  OK  [0m] Finished [0;1;39mLoad Kernel Module drm[0m.
[    7.503334] systemd[1]: Started Journal Service.
[[0;32m  OK  [0m] Started [0;1;39mJournal Service[0m.
[[0;32m  OK  [0m] Finished [0;1;39mLoad Kernel Module fuse[0m.
[[0;32m  OK  [0m] Finished [0;1;39mRead and set NIS …e from /etc/sysconfig/network[0m.
[[0;1;31mFAILED[0m] Failed to [    7.523951] EXT4-fs (sda): re-mounted 088740a9-c8b4-422c-999d-a804eb68a4da r/w. Quota mode: none.
start [0;1;39mLoad Kernel Modules[0m.
See 'systemctl status systemd-modules-load.service' for details.
[[0;32m  OK  [0m] Finished [0;1;39mGenerate network units from Kernel command line[0m.
[[0;32m  OK  [0m] Finished [0;1;39mRemount Root and Kernel File Systems[0m.
[[0;32m  OK  [0m] Reached target [0;1;39mPreparation for Network[0m.
         Mounting [0;1;39mFUSE Control File System[0m...
         Mounting [0;1;39mKernel Configuration File System[0m...
         Starting [0;1;39mFlush Journal to Persistent Storage[0m...
[    7.630849] systemd-journald[136]: Received client request to flush runtime journal.
         Starting [0;1;39mLoad/Save Random Seed[0m...
         Starting [0;1;39mApply Kernel Variables[0m...
         Starting [0;1;39mCreate Static Device Nodes in /dev[0m...
         Starting [0;1;39mSetup Virtual Console[0m...
[[0;32m  OK  [0m] Mounted [0;1;39mFUSE Control File System[0m.
[[0;32m  OK  [0m] Mounted [0;1;39mKernel Configuration File System[0m.
[[0;32m  OK  [0m] Finished [0;1;39mFlush Journal to Persistent Storage[0m.
[[0;32m  OK  [0m] Finished [0;1;39mLoad/Save Random Seed[0m.
[[0;32m  OK  [0m] Finished [0;1;39mApply Kernel Variables[0m.
[[0;32m  OK  [0m] Finished [0;1;39mCreate Static Device Nodes in /dev[0m.
         Starting [0;1;39mRule-based Manage…for Device Events and Files[0m...
[[0;32m  OK  [0m] Finished [0;1;39mColdplug All udev Devices[0m.
         Starting [0;1;39mWait for udev To …plete Device Initialization[0m...
[[0;32m  OK  [0m] Started [0;1;39mRule-based Manager for Device Events and Files[0m.
         Starting [0;1;39mAuto-connect to s…E devices found during boot[0m...
[[0;32m  OK  [0m] Finished [0;1;39mSetup Virtual Console[0m.
         Starting [0;1;39mShow Plymouth Boot Screen[0m...
[[0;32m  OK  [0m] Finished [0;1;39mAuto-connect to s…VME devices found during boot[0m.
[2J[3J[-1;-1f[[0;32m  OK  [0m] Found device [0;1;39m/dev/ttyS0[0m.
[[0;32m  OK  [0m] Started [0;1;39mShow Plymouth Boot Screen[0m.
[[0;32m  OK  [0m] Started [0;1;39mForward Password R…s to Plymouth Directory Watch[0m.
[[0;32m  OK  [0m] Reached target [0;1;39mLocal Encrypted Volumes[0m.
[[0;32m  OK  [0m] Reached target [0;1;39mPath Units[0m.
[[0;32m  OK  [0m] Listening on [0;1;39mLoad/Save RF …itch Status /dev/rfkill Watch[0m.
[[0;32m  OK  [0m] Finished [0;1;39mWait for udev To Complete Device Initialization[0m.
[[0;32m  OK  [0m] Reached target [0;1;39mPreparation for Local File Systems[0m.
[[0;32m  OK  [0m] Reached target [0;1;39mLocal File Systems[0m.
         Starting [0;1;39mTell Plymouth To Write Out Runtime Data[0m...
         Starting [0;1;39mAutomatic Boot Loader Update[0m...
         Starting [0;1;39mCreate Volatile Files and Directories[0m...
[[0;32m  OK  [0m] Finished [0;1;39mTell Plymouth To Write Out Runtime Data[0m.
[[0;32m  OK  [0m] Finished [0;1;39mAutomatic Boot Loader Update[0m.
[[0;32m  OK  [0m] Finished [0;1;39mCreate Volatile Files and Directories[0m.
         Mounting [0;1;39mRPC Pipe File System[0m...
         Starting [0;1;39mSecurity Auditing Service[0m...
         Starting [0;1;39mRPC Bind[0m...
[[0;32m  OK  [0m] Mounted [0;1;39mRPC Pipe File System[0m.
[[0;32m  OK  [0m] Reached target [0;1;39mrpc_pipefs.target[0m.
[[0;32m  OK  [0m] Started [0;1;39mRPC Bind[0m.
[[0;32m  OK  [0m] Started [0;1;39mSecurity Auditing Service[0m.
         Starting [0;1;39mRecord System Boot/Shutdown in UTMP[0m...
[[0;32m  OK  [0m] Finished [0;1;39mRecord System Boot/Shutdown in UTMP[0m.
[[0;32m  OK  [0m] Reached target [0;1;39mSystem Initialization[0m.
[[0;32m  OK  [0m] Started [0;1;39mDaily rotation of log files[0m.
[[0;32m  OK  [0m] Started [0;1;39mUpdates mlocate database every day[0m.
[[0;32m  OK  [0m] Started [0;1;39mDaily Cleanup of Temporary Directories[0m.
[[0;32m  OK  [0m] Started [0;1;39mdaily update of the root trust anchor for DNSSEC[0m.
[[0;32m  OK  [0m] Reached target [0;1;39mTimer Units[0m.
[[0;32m  OK  [0m] Listening on [0;1;39mD-Bus System Message Bus Socket[0m.
[[0;32m  OK  [0m] Listening on [0;1;39mOpen-iSCSI iscsid Socket[0m.
[[0;32m  OK  [0m] Listening on [0;1;39mOpen-iSCSI iscsiuio Socket[0m.
[[0;32m  OK  [0m] Listening on [0;1;39mSSSD Kerberos…ache Manager responder socket[0m.
[[0;32m  OK  [0m] Listening on [0;1;39mLibvirt interface local socket[0m.
[[0;32m  OK  [0m] Listening on [0;1;39mVirtual machine lock manager socket[0m.
[[0;32m  OK  [0m] Listening on [0;1;39mVirtual machine log manager socket[0m.
[[0;32m  OK  [0m] Listening on [0;1;39mLibvirt network local socket[0m.
[[0;32m  OK  [0m] Listening on [0;1;39mLibvirt nodedev local socket[0m.
[[0;32m  OK  [0m] Listening on [0;1;39mLibvirt nwfilter local socket[0m.
[[0;32m  OK  [0m] Listening on [0;1;39mLibvirt proxy local socket[0m.
[[0;32m  OK  [0m] Listening on [0;1;39mLibvirt qemu local socket[0m.
[[0;32m  OK  [0m] Listening on [0;1;39mLibvirt qemu admin socket[0m.
[[0;32m  OK  [0m] Listening on [0;1;39mLibvirt qemu local read-only socket[0m.
[[0;32m  OK  [0m] Listening on [0;1;39mLibvirt secret local socket[0m.
[[0;32m  OK  [0m] Listening on [0;1;39mLibvirt storage local socket[0m.
[[0;32m  OK  [0m] Reached target [0;1;39mSocket Units[0m.
         Starting [0;1;39mD-Bus System Message Bus[0m...
[[0;32m  OK  [0m] Started [0;1;39mD-Bus System Message Bus[0m.
[[0;32m  OK  [0m] Reached target [0;1;39mBasic System[0m.
         Starting [0;1;39mNetwork Manager[0m...
[   10.768212] memfd_create() without MFD_EXEC nor MFD_NOEXEC_SEAL, pid=255 'dbus-broker-lau'
         Starting [0;1;39mNTP client/server[0m...
         Starting [0;1;39mRestore /run/initramfs on shutdown[0m...
[[0;32m  OK  [0m] Started [0;1;39mirqbalance daemon[0m.
[[0;32m  OK  [0m] Started [0;1;39mlibstoragemgmt plug-in server daemon[0m.
[[0;32m  OK  [0m] Started [0;1;39mMachine Check Exception Logging Daemon[0m.
[[0;32m  OK  [0m] Reached target [0;1;39msshd-keygen.target[0m.
[[0;32m  OK  [0m] Reached target [0;1;39mUser and Group Name Lookups[0m.
         Starting [0;1;39mUser Login Management[0m...
         Starting [0;1;39mVirtual Machine a…tainer Registration Service[0m...
[[0;32m  OK  [0m] Finished [0;1;39mRestore /run/initramfs on shutdown[0m.
[[0;32m  OK  [0m] Started [0;1;39mVirtual Machine an…ontainer Registration Service[0m.
[[0;32m  OK  [0m] Started [0;1;39mNTP client/server[0m.
         Starting [0;1;39mHostname Service[0m...
[[0;32m  OK  [0m] Started [0;1;39mUser Login Management[0m.
[[0;32m  OK  [0m] Started [0;1;39mHostname Service[0m.
         Starting [0;1;39mNetwork Manager Script Dispatcher Service[0m...
[[0;32m  OK  [0m] Started [0;1;39mNetwork Manager Script Dispatcher Service[0m.
[   11.502224] e1000: eth0 NIC Link is Up 1000 Mbps Full Duplex, Flow Control: RX
[[0;32m  OK  [0m] Started [0;1;39mNetwork Manager[0m.
[[0;32m  OK  [0m] Reached target [0;1;39mNetwork[0m.
[[0;32m  OK  [0m] Reached target [0;1;39mNetwork is Online[0m.
         Starting [0;1;39mGSSAPI Proxy Daemon[0m...
         Starting [0;1;39mNotify NFS peers of a restart[0m...
         Starting [0;1;39mSystem Logging Service[0m...
         Starting [0;1;39mOpenSSH server daemon[0m...
         Starting [0;1;39mDynamic System Tuning Daemon[0m...
[[0;32m  OK  [0m] Started [0;1;39mNotify NFS peers of a restart[0m.
[[0;32m  OK  [0m] Started [0;1;39mGSSAPI Proxy Daemon[0m.
[[0;32m  OK  [0m] Reached target [0;1;39mNFS client services[0m.
[[0;32m  OK  [0m] Reached target [0;1;39mPreparation for Remote File Systems[0m.
[[0;32m  OK  [0m] Reached target [0;1;39mRemote File Systems[0m.
         Starting [0;1;39mPermit User Sessions[0m...
         Starting [0;1;39mVirtualization qemu daemon[0m...
[[0;32m  OK  [0m] Started [0;1;39mOpenSSH server daemon[0m.
[[0;32m  OK  [0m] Finished [0;1;39mPermit User Sessions[0m.
[[0;32m  OK  [0m] Started [0;1;39mDeferred execution scheduler[0m.
[[0;32m  OK  [0m] Started [0;1;39mCommand Scheduler[0m.
         Starting [0;1;39mHold until boot process finishes up[0m...
         Starting [0;1;39mTerminate Plymouth Boot Screen[0m...
[[0;32m  OK  [0m] Started [0;1;39mSystem Logging Service[0m.

CentOS Stream 9
Kernel 6.5.0-bd6c11bc43c4+ on an x86_64

Activate the web console with: systemctl enable --now cockpit.socket

test login: 