c[?7l[2J[0mSeaBIOS (version rel-1.16.3-0-ga6ed6b701f0a-prebuilt.qemu.org)


iPXE (http://ipxe.org) 00:03.0 CA00 PCI2.10 PnP PMM+7EFD0D60+7EF30D60 CA00
Press Ctrl-B to configure iPXE (PCI 00:03.0)...                                                                               


Booting from ROM..c[?7l[2J[    0.000000] Linux version 6.19.0-c84bb79f70c6+ (root@gnr-800442) (gcc (GCC) 11.5.0 20240719 (Red Hat 11.5.0-14), GNU ld version 2.35.2-66.el9) #1 SMP PREEMPT_DYNAMIC Thu Mar 12 20:30:30 CST 2026
[    0.000000] Command line: console=ttyS0 root=/dev/sda earlyprintk=serial net.ifnames=0 thunderbolt.dyndbg
[    0.000000] KERNEL supported cpus:
[    0.000000]   Intel GenuineIntel
[    0.000000]   AMD AuthenticAMD
[    0.000000]   Hygon HygonGenuine
[    0.000000]   Centaur CentaurHauls
[    0.000000]   zhaoxin   Shanghai  
[    0.000000] x86/CPU: Model not found in latest microcode list
[    0.000000] x86/split lock detection: #DB: warning on user-space bus_locks
[    0.000000] BIOS-provided physical RAM map:
[    0.000000] BIOS-e820: [mem 0x0000000000000000-0x000000000009fbff] usable
[    0.000000] BIOS-e820: [mem 0x000000000009fc00-0x000000000009ffff] reserved
[    0.000000] BIOS-e820: [mem 0x00000000000f0000-0x00000000000fffff] reserved
[    0.000000] BIOS-e820: [mem 0x0000000000100000-0x000000007ffdffff] usable
[    0.000000] BIOS-e820: [mem 0x000000007ffe0000-0x000000007fffffff] reserved
[    0.000000] BIOS-e820: [mem 0x00000000feffc000-0x00000000feffffff] reserved
[    0.000000] BIOS-e820: [mem 0x00000000fffc0000-0x00000000ffffffff] reserved
[    0.000000] printk: legacy bootconsole [earlyser0] enabled
[    0.000000] NX (Execute Disable) protection: active
[    0.000000] APIC: Static calls initialized
[    0.000000] SMBIOS 3.0.0 present.
[    0.000000] DMI: QEMU Standard PC (i440FX + PIIX, 1996), BIOS rel-1.16.3-0-ga6ed6b701f0a-prebuilt.qemu.org 04/01/2014
[    0.000000] DMI: Memory slots populated: 1/1
[    0.000000] Hypervisor detected: KVM
[    0.000000] last_pfn = 0x7ffe0 max_arch_pfn = 0x10000000000
[    0.000000] kvm-clock: Using msrs 4b564d01 and 4b564d00
[    0.000003] kvm-clock: using sched offset of 731291733 cycles
[    0.000474] clocksource: kvm-clock: mask: 0xffffffffffffffff max_cycles: 0x1cd42e4dffb, max_idle_ns: 881590591483 ns
[    0.001953] tsc: Detected 2500.000 MHz processor
[    0.010684] last_pfn = 0x7ffe0 max_arch_pfn = 0x10000000000
[    0.011221] MTRR map: 4 entries (3 fixed + 1 variable; max 19), built from 8 variable MTRRs
[    0.011973] x86/PAT: Configuration [0-7]: WB  WC  UC- UC  WB  WP  UC- WT  
[    0.017892] found SMP MP-table at [mem 0x000f5480-0x000f548f]
[    0.018461] Using GB pages for direct mapping
[    0.021197] ACPI: Early table checksum verification disabled
[    0.021734] ACPI: RSDP 0x00000000000F52A0 000014 (v00 BOCHS )
[    0.022274] ACPI: RSDT 0x000000007FFE1C9B 000034 (v01 BOCHS  BXPC     00000001 BXPC 00000001)
[    0.023077] ACPI: FACP 0x000000007FFE1B47 000074 (v01 BOCHS  BXPC     00000001 BXPC 00000001)
[    0.023879] ACPI: DSDT 0x000000007FFE0040 001B07 (v01 BOCHS  BXPC     00000001 BXPC 00000001)
[    0.024660] ACPI: FACS 0x000000007FFE0000 000040
[    0.025091] ACPI: APIC 0x000000007FFE1BBB 000080 (v03 BOCHS  BXPC     00000001 BXPC 00000001)
[    0.025876] ACPI: HPET 0x000000007FFE1C3B 000038 (v01 BOCHS  BXPC     00000001 BXPC 00000001)
[    0.026665] ACPI: WAET 0x000000007FFE1C73 000028 (v01 BOCHS  BXPC     00000001 BXPC 00000001)
[    0.027437] ACPI: Reserving FACP table memory at [mem 0x7ffe1b47-0x7ffe1bba]
[    0.028071] ACPI: Reserving DSDT table memory at [mem 0x7ffe0040-0x7ffe1b46]
[    0.028725] ACPI: Reserving FACS table memory at [mem 0x7ffe0000-0x7ffe003f]
[    0.029360] ACPI: Reserving APIC table memory at [mem 0x7ffe1bbb-0x7ffe1c3a]
[    0.029996] ACPI: Reserving HPET table memory at [mem 0x7ffe1c3b-0x7ffe1c72]
[    0.030628] ACPI: Reserving WAET table memory at [mem 0x7ffe1c73-0x7ffe1c9a]
[    0.031854] No NUMA configuration found
[    0.032201] Faking a node at [mem 0x0000000000000000-0x000000007ffdffff]
[    0.032833] NODE_DATA(0) allocated [mem 0x7ffb4ec0-0x7ffdfcbf]
[    0.034393] Zone ranges:
[    0.034657]   DMA      [mem 0x0000000000001000-0x0000000000ffffff]
[    0.035222]   DMA32    [mem 0x0000000001000000-0x000000007ffdffff]
[    0.035794]   Normal   empty
[    0.036063]   Device   empty
[    0.036328] Movable zone start for each node
[    0.036747] Early memory node ranges
[    0.037074]   node   0: [mem 0x0000000000001000-0x000000000009efff]
[    0.037639]   node   0: [mem 0x0000000000100000-0x000000007ffdffff]
[    0.038204] Initmem setup node 0 [mem 0x0000000000001000-0x000000007ffdffff]
[    0.039102] On node 0, zone DMA: 1 pages in unavailable ranges
[    0.039850] On node 0, zone DMA: 97 pages in unavailable ranges
[    0.070885] On node 0, zone DMA32: 32 pages in unavailable ranges
[    0.125114] KernelAddressSanitizer initialized (generic)
[    0.125895] ACPI: PM-Timer IO Port: 0x608
[    0.126302] ACPI: LAPIC_NMI (acpi_id[0xff] dfl dfl lint[0x1])
[    0.126877] IOAPIC[0]: apic_id 0, version 17, address 0xfec00000, GSI 0-23
[    0.127518] ACPI: INT_SRC_OVR (bus 0 bus_irq 0 global_irq 2 dfl dfl)
[    0.128093] ACPI: INT_SRC_OVR (bus 0 bus_irq 5 global_irq 5 high level)
[    0.128705] ACPI: INT_SRC_OVR (bus 0 bus_irq 9 global_irq 9 high level)
[    0.129298] ACPI: INT_SRC_OVR (bus 0 bus_irq 10 global_irq 10 high level)
[    0.129927] ACPI: INT_SRC_OVR (bus 0 bus_irq 11 global_irq 11 high level)
[    0.130547] ACPI: Using ACPI (MADT) for SMP configuration information
[    0.131133] ACPI: HPET id: 0x8086a201 base: 0xfed00000
[    0.131606] TSC deadline timer available
[    0.131981] CPU topo: Max. logical packages:   1
[    0.132399] CPU topo: Max. logical dies:       1
[    0.132820] CPU topo: Max. dies per package:   1
[    0.133242] CPU topo: Max. threads per core:   1
[    0.133668] CPU topo: Num. cores per package:     2
[    0.134104] CPU topo: Num. threads per package:   2
[    0.134542] CPU topo: Allowing 2 present CPUs plus 0 hotplug CPUs
[    0.135145] kvm-guest: APIC: eoi() replaced with kvm_guest_apic_eoi_write()
[    0.135811] kvm-guest: KVM setup pv remote TLB flush
[    0.136260] kvm-guest: setup PV sched yield
[    0.136696] PM: hibernation: Registered nosave memory: [mem 0x00000000-0x00000fff]
[    0.137370] PM: hibernation: Registered nosave memory: [mem 0x0009f000-0x000fffff]
[    0.138011] [mem 0x80000000-0xfeffbfff] available for PCI devices
[    0.138519] Booting paravirtualized kernel on KVM
[    0.138938] clocksource: refined-jiffies: mask: 0xffffffff max_cycles: 0xffffffff, max_idle_ns: 7645519600211568 ns
[    0.139906] setup_percpu: NR_CPUS:8192 nr_cpumask_bits:2 nr_cpu_ids:2 nr_node_ids:1
[    0.141077] percpu: Embedded 81 pages/cpu s294912 r8192 d28672 u1048576
[    0.141893] kvm-guest: PV spinlocks enabled
[    0.142287] PV qspinlock hash table entries: 256 (order: 0, 4096 bytes, linear)
[    0.142969] Kernel command line: net.ifnames=0 console=ttyS0 root=/dev/sda earlyprintk=serial net.ifnames=0 thunderbolt.dyndbg
[    0.144307] random: crng init done
[    0.144623] printk: log buffer data + meta data: 262144 + 917504 = 1179648 bytes
[    0.145705] Dentry cache hash table entries: 262144 (order: 9, 2097152 bytes, linear)
[    0.146797] Inode-cache hash table entries: 131072 (order: 8, 1048576 bytes, linear)
[    0.147817] Fallback order for Node 0: 0 
[    0.147828] Built 1 zonelists, mobility grouping on.  Total pages: 524158
[    0.148792] Policy zone: DMA32
[    0.149062] mem auto-init: stack:off, heap alloc:off, heap free:off
[    0.149615] stackdepot: allocating hash table via alloc_large_system_hash
[    0.150235] stackdepot hash table entries: 1048576 (order: 12, 16777216 bytes, linear)
[    0.153908] stackdepot: allocating space for 8192 stack pools via memblock
[    0.189042] SLUB: HWalign=64, Order=0-3, MinObjects=0, CPUs=2, Nodes=1
[    0.189575] kmemleak: Kernel memory leak detector disabled
[    0.225648] ftrace: allocating 75283 entries in 296 pages
[    0.226136] ftrace: allocated 296 pages with 3 groups
[    0.230959] Dynamic Preempt: voluntary
[    0.231822] Running RCU self tests
[    0.232130] Running RCU synchronous self tests
[    0.232527] rcu: Preemptible hierarchical RCU implementation.
[    0.233049] rcu: 	RCU lockdep checking is enabled.
[    0.233469] rcu: 	RCU restricting CPUs from NR_CPUS=8192 to nr_cpu_ids=2.
[    0.234083] 	Trampoline variant of Tasks RCU enabled.
[    0.234524] 	Rude variant of Tasks RCU enabled.
[    0.234939] 	Tracing variant of Tasks RCU enabled.
[    0.235357] rcu: RCU calculated value of scheduler-enlistment delay is 25 jiffies.
[    0.236035] rcu: Adjusting geometry for rcu_fanout_leaf=16, nr_cpu_ids=2
[    0.236743] Running RCU synchronous self tests
[    0.237134] RCU Tasks: Setting shift to 1 and lim to 1 rcu_task_cb_adjust=1 rcu_task_cpu_ids=2.
[    0.237908] RCU Tasks Rude: Setting shift to 1 and lim to 1 rcu_task_cb_adjust=1 rcu_task_cpu_ids=2.
[    0.317415] NR_IRQS: 524544, nr_irqs: 440, preallocated irqs: 16
[    0.318583] rcu: srcu_init: Setting srcu_struct sizes based on contention.
[    0.327598] Console: colour VGA+ 80x25
[    0.328010] printk: legacy console [ttyS0] enabled
[    0.328010] printk: legacy console [ttyS0] enabled
[    0.328884] printk: legacy bootconsole [earlyser0] disabled
[    0.328884] printk: legacy bootconsole [earlyser0] disabled
[    0.329914] Lock dependency validator: Copyright (c) 2006 Red Hat, Inc., Ingo Molnar
[    0.330621] ... MAX_LOCKDEP_SUBCLASSES:  8
[    0.331008] ... MAX_LOCK_DEPTH:          48
[    0.331410] ... MAX_LOCKDEP_KEYS:        8192
[    0.331819] ... CLASSHASH_SIZE:          4096
[    0.332227] ... MAX_LOCKDEP_ENTRIES:     32768
[    0.332645] ... MAX_LOCKDEP_CHAINS:      65536
[    0.333051] ... CHAINHASH_SIZE:          32768
[    0.333460]  memory used by lock dependency info: 6429 kB
[    0.333969]  memory used for stack traces: 4224 kB
[    0.334411]  per task-struct memory footprint: 1920 bytes
[    0.334996] ACPI: Core revision 20250807
[    0.335796] clocksource: hpet: mask: 0xffffffff max_cycles: 0xffffffff, max_idle_ns: 19112604467 ns
[    0.336815] APIC: Switch to symmetric I/O mode setup
[    0.337563] x2apic enabled
[    0.338262] APIC: Switched APIC routing to: physical x2apic
[    0.338794] kvm-guest: APIC: send_IPI_mask() replaced with kvm_send_ipi_mask()
[    0.339458] kvm-guest: APIC: send_IPI_mask_allbutself() replaced with kvm_send_ipi_mask_allbutself()
[    0.340287] kvm-guest: setup PV IPIs
[    0.341783] ..TIMER: vector=0x30 apic1=0 pin1=2 apic2=-1 pin2=-1
[    0.342371] clocksource: tsc-early: mask: 0xffffffffffffffff max_cycles: 0x240939f1bb2, max_idle_ns: 440795263295 ns
[    0.343354] Calibrating delay loop (skipped) preset value.. 5000.00 BogoMIPS (lpj=10000000)
[    0.344279] x86/cpu: User Mode Instruction Prevention (UMIP) activated
[    0.347475] Last level iTLB entries: 4KB 0, 2MB 0, 4MB 0
[    0.347969] Last level dTLB entries: 4KB 0, 2MB 0, 4MB 0, 1GB 0
[    0.348560] mitigations: Enabled attack vectors: user_kernel, user_user, guest_host, guest_guest, SMT mitigations: auto
[    0.349561] Speculative Store Bypass: Mitigation: Speculative Store Bypass disabled via prctl
[    0.350343] Spectre V2 : Mitigation: Enhanced / Automatic IBRS
[    0.350868] ITS: Mitigation: Aligned branch/return thunks
[    0.351347] Spectre V1 : Mitigation: usercopy/swapgs barriers and __user pointer sanitization
[    0.352128] Spectre V2 : WARNING: Unprivileged eBPF is enabled with eIBRS on, data leaks possible via Spectre v2 BHB attacks!
[    0.353161] Spectre V2 : Spectre v2 / PBRSB-eIBRS: Retire a single CALL on VMEXIT
[    0.353810] Spectre V2 : mitigation: Enabling conditional Indirect Branch Prediction Barrier
[    0.354560] active return thunk: its_return_thunk
[    0.354987] Spectre V2 : Spectre BHI mitigation: SW BHB clearing on syscall and VM exit
[    0.355410] x86/fpu: Supporting XSAVE feature 0x001: 'x87 floating point registers'
[    0.356103] x86/fpu: Supporting XSAVE feature 0x002: 'SSE registers'
[    0.356669] x86/fpu: Supporting XSAVE feature 0x004: 'AVX registers'
[    0.357225] x86/fpu: Supporting XSAVE feature 0x020: 'AVX-512 opmask'
[    0.357811] x86/fpu: Supporting XSAVE feature 0x040: 'AVX-512 Hi256'
[    0.358376] x86/fpu: Supporting XSAVE feature 0x080: 'AVX-512 ZMM_Hi256'
[    0.359345] x86/fpu: Supporting XSAVE feature 0x200: 'Protection Keys User registers'
[    0.360041] x86/fpu: Supporting XSAVE feature 0x20000: 'AMX Tile config'
[    0.360635] x86/fpu: Supporting XSAVE feature 0x40000: 'AMX Tile data'
[    0.361212] x86/fpu: xstate_offset[2]:  576, xstate_sizes[2]:  256
[    0.361756] x86/fpu: xstate_offset[5]:  832, xstate_sizes[5]:   64
[    0.362309] x86/fpu: xstate_offset[6]:  896, xstate_sizes[6]:  512
[    0.362854] x86/fpu: xstate_offset[7]: 1408, xstate_sizes[7]: 1024
[    0.363349] x86/fpu: xstate_offset[9]: 2432, xstate_sizes[9]:    8
[    0.363913] x86/fpu: xstate_offset[17]: 2496, xstate_sizes[17]:   64
[    0.364479] x86/fpu: xstate_offset[18]: 2560, xstate_sizes[18]: 8192
[    0.365055] x86/fpu: Enabled xstate features 0x602e7, context size is 10752 bytes, using 'compacted' format.
[    0.539119] Freeing SMP alternatives memory: 64K
[    0.539349] pid_max: default: 32768 minimum: 301
[    0.540105] Yama: becoming mindful.
[    0.540849] Mount-cache hash table entries: 4096 (order: 3, 32768 bytes, linear)
[    0.541513] Mountpoint-cache hash table entries: 4096 (order: 3, 32768 bytes, linear)
[    0.542796] VFS: Finished mounting rootfs on nullfs
[    0.544449] Running RCU synchronous self tests
[    0.544848] Running RCU synchronous self tests
[    0.545545] smpboot: CPU0: Intel GENUINE INTEL(R) XEON(R) (family: 0x6, model: 0xad, stepping: 0x0)
[    0.547115] Performance Events: PEBS fmt0-, Granite Rapids events, 
[    0.547205] core: The event 0x400 is not supported as a normal event.
[    0.547342] core: The event 0x8000 is not supported as a normal event.
[    0.547342] core: The event 0x8100 is not supported as a normal event.
[    0.547342] core: The event 0x8200 is not supported as a normal event.
[    0.547351] core: The event 0x8300 is not supported as a normal event.
[    0.547921] core: The event 0x8400 is not supported as a normal event.
[    0.548496] core: The event 0x8500 is not supported as a normal event.
[    0.549052] core: The event 0x8600 is not supported as a normal event.
[    0.549627] core: The event 0x8700 is not supported as a normal event.
[    0.550230] full-width counters, Intel PMU driver.
[    0.550683] ... version:                   2
[    0.551061] ... bit width:                 48
[    0.551347] ... generic counters:          8
[    0.551726] ... generic bitmap:            00000000000000ff
[    0.552226] ... fixed-purpose counters:    3
[    0.552612] ... fixed-purpose bitmap:      0000000000000007
[    0.553101] ... value mask:                0000ffffffffffff
[    0.553585] ... max period:                00007fffffffffff
[    0.554070] ... global_ctrl mask:          00000007000000ff
[    0.555105] signal: max sigframe size: 11952
[    0.555491] rcu: Hierarchical SRCU implementation.
[    0.555919] rcu: 	Max phase no-delay instances is 1000.
[    0.556593] Timer migration: 1 hierarchy levels; 8 children per group; 1 crossnode level
[    0.582613] smp: Bringing up secondary CPUs ...
[    0.583645] smpboot: x86: Booting SMP configuration:
[    0.584127] .... node  #0, CPUs:      #1
[    0.584423] smp: Brought up 1 node, 2 CPUs
[    0.584423] smpboot: Total of 2 processors activated (10000.00 BogoMIPS)
[    0.587720] Memory: 1591816K/2096632K available (80954K kernel code, 15567K rwdata, 18820K rodata, 16424K init, 20836K bss, 493188K reserved, 0K cma-reserved)
[    0.589516] devtmpfs: initialized
[    0.589516] x86/mm: Memory block size: 128MB
[    0.600479] Running RCU synchronous self tests
[    0.600688] Running RCU synchronous self tests
[    0.603412] Running RCU Tasks wait API self tests
[    0.603845] Running RCU Tasks Rude wait API self tests
[    0.603878] Running RCU Tasks Trace wait API self tests
[    0.604492] clocksource: jiffies: mask: 0xffffffff max_cycles: 0xffffffff, max_idle_ns: 7645041785100000 ns
[    0.605410] posixtimers hash table entries: 1024 (order: 5, 73728 bytes, linear)
[    0.607397] futex hash table entries: 512 (65536 bytes on 1 NUMA nodes, total 64 KiB, linear).
[    0.610614] 
[    0.610781] *************************************************************
[    0.611389] **     NOTICE NOTICE NOTICE NOTICE NOTICE NOTICE NOTICE    **
[    0.612007] **                                                         **
[    0.612620] **  IOMMU DebugFS SUPPORT HAS BEEN ENABLED IN THIS KERNEL  **
[    0.613246] **                                                         **
[    0.613868] ** This means that this kernel is built to expose internal **
[    0.614476] ** IOMMU data structures, which may compromise security on **
[    0.615097] ** your system.                                            **
[    0.615352] **                                                         **
[    0.615978] ** If you see this message and you are not debugging the   **
[    0.616595] ** kernel, report this immediately to your vendor!         **
[    0.617203] **                                                         **
[    0.617814] **     NOTICE NOTICE NOTICE NOTICE NOTICE NOTICE NOTICE    **
[    0.618415] *************************************************************
[    0.619151] PM: RTC time: 12:32:07, date: 2026-03-12
[    0.621976] NET: Registered PF_NETLINK/PF_ROUTE protocol family
[    0.623385] Callback from call_rcu_tasks_trace() invoked.
[    0.624763] DMA: preallocated 256 KiB GFP_KERNEL|GFP_DMA pool for atomic allocations
[    0.625492] DMA: preallocated 256 KiB GFP_KERNEL|GFP_DMA32 pool for atomic allocations
[    0.626293] audit: initializing netlink subsys (disabled)
[    0.627391] audit: type=2000 audit(1773318727.511:1): state=initialized audit_enabled=0 res=1
[    0.628890] thermal_sys: Registered thermal governor 'fair_share'
[    0.628900] thermal_sys: Registered thermal governor 'bang_bang'
[    0.629450] thermal_sys: Registered thermal governor 'step_wise'
[    0.629948] thermal_sys: Registered thermal governor 'user_space'
[    0.630523] cpuidle: using governor ladder
[    0.631359] cpuidle: using governor menu
[    0.632207] acpiphp: ACPI Hot Plug PCI Controller Driver version: 0.5
[    0.633983] PCI: Using configuration type 1 for base access
[    0.635167] kprobes: kprobe jump-optimization is enabled. All kprobes are optimized if possible.
[    0.767479] HugeTLB: registered 1.00 GiB page size, pre-allocated 0 pages
[    0.768100] HugeTLB: 16380 KiB vmemmap can be freed for a 1.00 GiB page
[    0.768703] HugeTLB: registered 2.00 MiB page size, pre-allocated 0 pages
[    0.769302] HugeTLB: 28 KiB vmemmap can be freed for a 2.00 MiB page
[    0.776330] ACPI: Added _OSI(Module Device)
[    0.776744] ACPI: Added _OSI(Processor Device)
[    0.777152] ACPI: Added _OSI(Processor Aggregator Device)
[    0.796611] ACPI: 1 ACPI AML tables successfully acquired and loaded
[    0.804100] ACPI: Interpreter enabled
[    0.804617] ACPI: PM: (supports S0 S3 S4 S5)
[    0.805011] ACPI: Using IOAPIC for interrupt routing
[    0.805571] PCI: Using host bridge windows from ACPI; if necessary, use "pci=nocrs" and report a bug
[    0.806394] PCI: Using E820 reservations for host bridge windows
[    0.808396] ACPI: Enabled 2 GPEs in block 00 to 0F
[    0.855061] ACPI: PCI Root Bridge [PCI0] (domain 0000 [bus 00-ff])
[    0.855371] acpi PNP0A03:00: _OSC: OS supports [ASPM ClockPM Segments MSI EDR HPX-Type3]
[    0.856094] acpi PNP0A03:00: _OSC: not requesting OS control; OS requires [ExtendedConfig ASPM ClockPM MSI]
[    0.857119] acpi PNP0A03:00: fail to add MMCONFIG information, can't access extended configuration space under this bridge
[    0.863718] acpiphp: Slot [3] registered
[    0.864239] acpiphp: Slot [4] registered
[    0.864746] acpiphp: Slot [5] registered
[    0.865267] acpiphp: Slot [6] registered
[    0.865779] acpiphp: Slot [7] registered
[    0.866289] acpiphp: Slot [8] registered
[    0.866789] acpiphp: Slot [9] registered
[    0.867301] acpiphp: Slot [10] registered
[    0.867533] acpiphp: Slot [11] registered
[    0.868057] acpiphp: Slot [12] registered
[    0.868576] acpiphp: Slot [13] registered
[    0.869100] acpiphp: Slot [14] registered
[    0.869610] acpiphp: Slot [15] registered
[    0.870134] acpiphp: Slot [16] registered
[    0.870660] acpiphp: Slot [17] registered
[    0.871179] acpiphp: Slot [18] registered
[    0.871501] acpiphp: Slot [19] registered
[    0.872009] acpiphp: Slot [20] registered
[    0.872533] acpiphp: Slot [21] registered
[    0.873051] acpiphp: Slot [22] registered
[    0.873581] acpiphp: Slot [23] registered
[    0.874094] acpiphp: Slot [24] registered
[    0.874614] acpiphp: Slot [25] registered
[    0.875134] acpiphp: Slot [26] registered
[    0.875506] acpiphp: Slot [27] registered
[    0.876027] acpiphp: Slot [28] registered
[    0.876551] acpiphp: Slot [29] registered
[    0.877063] acpiphp: Slot [30] registered
[    0.877591] acpiphp: Slot [31] registered
[    0.878025] PCI host bridge to bus 0000:00
[    0.878461] pci_bus 0000:00: root bus resource [io  0x0000-0x0cf7 window]
[    0.879066] pci_bus 0000:00: root bus resource [io  0x0d00-0xffff window]
[    0.879350] pci_bus 0000:00: root bus resource [mem 0x000a0000-0x000bffff window]
[    0.880015] pci_bus 0000:00: root bus resource [mem 0x80000000-0xfebfffff window]
[    0.880674] pci_bus 0000:00: root bus resource [mem 0x100000000-0x17fffffff window]
[    0.881356] pci_bus 0000:00: root bus resource [bus 00-ff]
[    0.881966] pci 0000:00:00.0: [8086:1237] type 00 class 0x060000 conventional PCI endpoint
[    0.884673] pci 0000:00:01.0: [8086:7000] type 00 class 0x060100 conventional PCI endpoint
[    0.886946] pci 0000:00:01.1: [8086:7010] type 00 class 0x010180 conventional PCI endpoint
[    0.887892] pci 0000:00:01.1: BAR 4 [io  0xc040-0xc04f]
[    0.888393] pci 0000:00:01.1: BAR 0 [io  0x01f0-0x01f7]: legacy IDE quirk
[    0.888999] pci 0000:00:01.1: BAR 1 [io  0x03f6]: legacy IDE quirk
[    0.889558] pci 0000:00:01.1: BAR 2 [io  0x0170-0x0177]: legacy IDE quirk
[    0.890161] pci 0000:00:01.1: BAR 3 [io  0x0376]: legacy IDE quirk
[    0.891917] pci 0000:00:01.3: [8086:7113] type 00 class 0x068000 conventional PCI endpoint
[    0.892947] pci 0000:00:01.3: quirk: [io  0x0600-0x063f] claimed by PIIX4 ACPI
[    0.893612] pci 0000:00:01.3: quirk: [io  0x0700-0x070f] claimed by PIIX4 SMB
[    0.895455] pci 0000:00:02.0: [1234:1111] type 00 class 0x030000 conventional PCI endpoint
[    0.897312] pci 0000:00:02.0: BAR 0 [mem 0xfd000000-0xfdffffff pref]
[    0.897912] pci 0000:00:02.0: BAR 2 [mem 0xfebf0000-0xfebf0fff]
[    0.898478] pci 0000:00:02.0: ROM [mem 0xfebe0000-0xfebeffff pref]
[    0.899131] pci 0000:00:02.0: Video device with shadowed ROM at [mem 0x000c0000-0x000dffff]
[    0.900606] pci 0000:00:03.0: [8086:100e] type 00 class 0x020000 conventional PCI endpoint
[    0.902223] pci 0000:00:03.0: BAR 0 [mem 0xfebc0000-0xfebdffff]
[    0.902764] pci 0000:00:03.0: BAR 1 [io  0xc000-0xc03f]
[    0.903269] pci 0000:00:03.0: ROM [mem 0xfeb80000-0xfebbffff pref]
[    0.929798] ACPI: PCI: Interrupt link LNKA configured for IRQ 10
[    0.931467] ACPI: PCI: Interrupt link LNKB configured for IRQ 10
[    0.933064] ACPI: PCI: Interrupt link LNKC configured for IRQ 11
[    0.934671] ACPI: PCI: Interrupt link LNKD configured for IRQ 11
[    0.935662] ACPI: PCI: Interrupt link LNKS configured for IRQ 9
[    0.940057] iommu: Default domain type: Translated
[    0.940524] iommu: DMA domain TLB invalidation policy: lazy mode
[    0.948525] SCSI subsystem initialized
[    0.951833] ACPI: bus type USB registered
[    0.952471] usbcore: registered new interface driver usbfs
[    0.953086] usbcore: registered new interface driver hub
[    0.953633] usbcore: registered new device driver usb
[    0.954455] pps_core: LinuxPPS API ver. 1 registered
[    0.954909] pps_core: Software ver. 5.3.6 - Copyright 2005-2007 Rodolfo Giometti <giometti@linux.it>
[    0.955394] PTP clock support registered
[    0.959596] EDAC MC: Ver: 3.0.0
[    0.966160] NetLabel: Initializing
[    0.966522] NetLabel:  domain hash size = 128
[    0.966912] NetLabel:  protocols = UNLABELED CIPSOv4 CALIPSO
[    0.967485] NetLabel:  unlabeled traffic allowed by default
[    0.971649] PCI: Using ACPI for IRQ routing
[    0.972424] pci 0000:00:02.0: vgaarb: setting as boot VGA device
[    0.972924] pci 0000:00:02.0: vgaarb: bridge control possible
[    0.973412] pci 0000:00:02.0: vgaarb: VGA device added: decodes=io+mem,owns=io+mem,locks=none
[    0.974116] vgaarb: loaded
[    0.974746] hpet0: at MMIO 0xfed00000, IRQs 2, 8, 0
[    0.975159] hpet0: 3 comparators, 64-bit 100.000000 MHz counter
[    0.979843] clocksource: Switched to clocksource kvm-clock
[    0.981759] VFS: Disk quotas dquot_6.6.0
[    0.982172] VFS: Dquot-cache hash table entries: 512 (order 0, 4096 bytes)
[    0.985573] pnp: PnP ACPI init
[    0.990295] pnp: PnP ACPI: found 6 devices
[    1.011316] clocksource: acpi_pm: mask: 0xffffff max_cycles: 0xffffff, max_idle_ns: 2085701024 ns
[    1.012605] NET: Registered PF_INET protocol family
[    1.013401] IP idents hash table entries: 32768 (order: 6, 262144 bytes, linear)
[    1.015644] tcp_listen_portaddr_hash hash table entries: 1024 (order: 5, 73728 bytes, linear)
[    1.016543] Table-perturb hash table entries: 65536 (order: 6, 262144 bytes, linear)
[    1.017355] TCP established hash table entries: 16384 (order: 5, 131072 bytes, linear)
[    1.018361] TCP bind hash table entries: 16384 (order: 10, 2359296 bytes, linear)
[    1.020027] TCP: Hash tables configured (established 16384 bind 16384)
[    1.020758] UDP hash table entries: 1024 (order: 6, 262144 bytes, linear)
[    1.021454] UDP-Lite hash table entries: 1024 (order: 6, 262144 bytes, linear)
[    1.022440] NET: Registered PF_UNIX/PF_LOCAL protocol family
[    1.024786] RPC: Registered named UNIX socket transport module.
[    1.025386] RPC: Registered udp transport module.
[    1.025809] RPC: Registered tcp transport module.
[    1.026233] RPC: Registered tcp-with-tls transport module.
[    1.026705] RPC: Registered tcp NFSv4.1 backchannel transport module.
[    1.027312] pci_bus 0000:00: resource 4 [io  0x0000-0x0cf7 window]
[    1.027860] pci_bus 0000:00: resource 5 [io  0x0d00-0xffff window]
[    1.028443] pci_bus 0000:00: resource 6 [mem 0x000a0000-0x000bffff window]
[    1.029051] pci_bus 0000:00: resource 7 [mem 0x80000000-0xfebfffff window]
[    1.029660] pci_bus 0000:00: resource 8 [mem 0x100000000-0x17fffffff window]
[    1.030701] pci 0000:00:01.0: PIIX3: Enabling Passive Release
[    1.031235] pci 0000:00:00.0: Limiting direct PCI/PCI transfers
[    1.031845] PCI: CLS 0 bytes, default 64
[    1.032313] ACPI: bus type thunderbolt registered
[    1.033114] clocksource: tsc: mask: 0xffffffffffffffff max_cycles: 0x240939f1bb2, max_idle_ns: 440795263295 ns
[    4.231282] Initialise system trusted keyrings
[    4.231856] Key type blacklist registered
[    4.232814] workingset: timestamp_bits=36 max_order=19 bucket_order=0
[    4.235623] squashfs: version 4.0 (2009/01/31) Phillip Lougher
[    4.238237] NFS: Registering the id_resolver key type
[    4.238748] Key type id_resolver registered
[    4.239143] Key type id_legacy registered
[    4.239574] nfs4filelayout_init: NFSv4 File Layout Driver Registering...
[    4.240272] nfs4flexfilelayout_init: NFSv4 Flexfile Layout Driver Registering...
[    4.241676] fuse: init (API version 7.45)
[    4.243262] SGI XFS with ACLs, security attributes, realtime, quota, no debug enabled
[    4.246724] 9p: Installing v9fs 9p2000 file system support
[    4.263466] Key type asymmetric registered
[    4.263910] Asymmetric key parser 'x509' registered
[    4.264641] Block layer SCSI generic (bsg) driver version 0.4 loaded (major 241)
[    4.265961] io scheduler mq-deadline registered
[    4.266574] io scheduler bfq registered
[    4.267446] ledtrig-cpu: registered to indicate activity on CPUs
[    4.269573] IPMI message handler: version 39.2
[    4.270066] ipmi device interface
[    4.273038] input: Power Button as /devices/LNXSYSTM:00/LNXPWRBN:00/input/input0
[    4.274680] ACPI: button: Power Button [PWRF]
[    4.277822] ERST DBG: ERST support is disabled.
[    4.280085] Serial: 8250/16550 driver, 32 ports, IRQ sharing enabled
[    4.282114] 00:04: ttyS0 at I/O 0x3f8 (irq = 4, base_baud = 115200) is a 16550A
[    4.326494] Linux agpgart interface v0.103
[    4.330982] ACPI: bus type drm_connector registered
[    4.365301] brd: module loaded
[    4.368289] Callback from call_rcu_tasks() invoked.
[    4.385507] loop: module loaded
[    4.400396] scsi host0: ata_piix
[    4.402817] scsi host1: ata_piix
[    4.403731] ata1: PATA max MWDMA2 cmd 0x1f0 ctl 0x3f6 bmdma 0xc040 irq 14 lpm-pol 0
[    4.404591] ata2: PATA max MWDMA2 cmd 0x170 ctl 0x376 bmdma 0xc048 irq 15 lpm-pol 0
[    4.409174] tun: Universal TUN/TAP device driver, 1.6
[    4.410377] e100: Intel(R) PRO/100 Network Driver
[    4.410918] e100: Copyright(c) 1999-2006 Intel Corporation
[    4.411653] e1000: Intel(R) PRO/1000 Network Driver
[    4.412194] e1000: Copyright (c) 1999-2006 Intel Corporation.
[    4.560418] ata2: found unknown device (class 0)
[    4.561460] ata2.00: ATAPI: QEMU DVD-ROM, 2.5+, max UDMA/100
[    4.562663] ata1: found unknown device (class 0)
[    4.563524] ata1.00: ATA-7: QEMU HARDDISK, 2.5+, max UDMA/100
[    4.564036] ata1.00: 17196647 sectors, multi 16: LBA48 
[    4.565684] scsi 0:0:0:0: Direct-Access     ATA      QEMU HARDDISK    2.5+ PQ: 0 ANSI: 5
[    4.568768] sd 0:0:0:0: Attached scsi generic sg0 type 0
[    4.569584] sd 0:0:0:0: [sda] 17196647 512-byte logical blocks: (8.80 GB/8.20 GiB)
[    4.570817] sd 0:0:0:0: [sda] Write Protect is off
[    4.571454] sd 0:0:0:0: [sda] Write cache: enabled, read cache: enabled, doesn't support DPO or FUA
[    4.572320] scsi 1:0:0:0: CD-ROM            QEMU     QEMU DVD-ROM     2.5+ PQ: 0 ANSI: 5
[    4.573487] sd 0:0:0:0: [sda] Preferred minimum I/O size 512 bytes
[    4.585962] scsi 1:0:0:0: Attached scsi generic sg1 type 5
[    4.597412] sd 0:0:0:0: [sda] Attached SCSI disk
[    5.280240] ACPI: \_SB_.LNKC: Enabled at IRQ 11
[    5.596962] e1000 0000:00:03.0 eth0: (PCI:33MHz:32-bit) 52:54:00:12:34:56
[    5.597672] e1000 0000:00:03.0 eth0: Intel(R) PRO/1000 Network Connection
[    5.598457] e1000e: Intel(R) PRO/1000 Network Driver
[    5.598900] e1000e: Copyright(c) 1999 - 2015 Intel Corporation.
[    5.599597] igb: Intel(R) Gigabit Ethernet Network Driver
[    5.600106] igb: Copyright (c) 2007-2014 Intel Corporation.
[    5.601114] PPP generic driver version 2.4.2
[    5.602774] VFIO - User Level meta-driver version: 0.3
[    5.604627] usbcore: registered new interface driver uas
[    5.605355] usbcore: registered new interface driver usb-storage
[    5.606633] i8042: PNP: PS/2 Controller [PNP0303:KBD,PNP0f13:MOU] at 0x60,0x64 irq 1,12
[    5.608573] serio: i8042 KBD port at 0x60,0x64 irq 1
[    5.609107] serio: i8042 AUX port at 0x60,0x64 irq 12
[    5.611089] mousedev: PS/2 mouse device common for all mice
[    5.613092] input: AT Translated Set 2 keyboard as /devices/platform/i8042/serio0/input/input1
[    5.615213] rtc_cmos 00:05: RTC can wake from S4
[    5.616743] input: VirtualPS/2 VMware VMMouse as /devices/platform/i8042/serio1/input/input4
[    5.618128] rtc_cmos 00:05: registered as rtc0
[    5.618746] rtc_cmos 00:05: setting system clock to 2026-03-12T12:32:12 UTC (1773318732)
[    5.619918] rtc_cmos 00:05: alarms up to one day, y3k, 242 bytes nvram, hpet irqs
[    5.619999] input: VirtualPS/2 VMware VMMouse as /devices/platform/i8042/serio1/input/input3
[    5.620698] i2c_dev: i2c /dev entries driver
[    5.622026] device-mapper: core: CONFIG_IMA_DISABLE_HTABLE is disabled. Duplicate IMA measurements will not be recorded in the IMA log.
[    5.623168] device-mapper: uevent: version 1.0.3
[    5.624031] device-mapper: ioctl: 4.50.0-ioctl (2025-04-28) initialised: dm-devel@lists.linux.dev
[    5.624853] intel_pstate: CPU model not supported
[    5.625538] sdhci: Secure Digital Host Controller Interface driver
[    5.626105] sdhci: Copyright(c) Pierre Ossman
[    5.626699] sdhci-pltfm: SDHCI platform and OF driver helper
[    5.627815] drop_monitor: Initializing network drop monitor service
[    5.628807] NET: Registered PF_INET6 protocol family
[    5.631420] Segment Routing with IPv6
[    5.631854] In-situ OAM (IOAM) with IPv6
[    5.632365] NET: Registered PF_PACKET protocol family
[    5.633632] 9pnet: Installing 9P2000 support
[    5.634162] Key type dns_resolver registered
[    5.636981] IPI shorthand broadcast: enabled
[    5.699799] sched_clock: Marking stable (5676004266, 20127276)->(5704541973, -8410431)
[    5.703977] registered taskstats version 1
[    5.705008] Loading compiled-in X.509 certificates
[    5.787378] Demotion targets for Node 0: null
[    5.788780] Key type .fscrypt registered
[    5.789281] Key type fscrypt-provisioning registered
[    5.793264] Key type encrypted registered
[    5.793680] ima: No TPM chip found, activating TPM-bypass!
[    5.794214] ima: Allocated hash algorithm: sha1
[    5.794705] ima: No architecture policies found
[    5.795281] evm: Initialising EVM extended attributes:
[    5.795746] evm: security.selinux
[    5.796070] evm: security.SMACK64
[    5.796398] evm: security.SMACK64EXEC
[    5.796727] evm: security.SMACK64TRANSMUTE
[    5.797108] evm: security.SMACK64MMAP
[    5.797433] evm: security.apparmor
[    5.797738] evm: security.ima
[    5.798009] evm: security.capability
[    5.798342] evm: HMAC attrs: 0x1
[    5.801348] PM:   Magic number: 2:632:531
[    5.801757] tty ttyS11: hash matches
[    5.802111] port serial8250:0.10: hash matches
[    5.803403] RAS: Correctable Errors collector initialized.
[    5.804529] clk: Disabling unused clocks
[    5.805060] PM: genpd: Disabling unused power domains
[    5.806266] check access for rdinit=/init failed: -2, ignoring
[    5.806794] md: Waiting for all devices to be available before autodetect
[    5.807294] md: If you don't use raid, use raid=noautodetect
[    5.807683] md: Autodetecting RAID arrays.
[    5.807968] md: autorun ...
[    5.808229] md: ... autorun DONE.
[    5.821264] EXT4-fs (sda): INFO: recovery required on readonly filesystem
[    5.821721] EXT4-fs (sda): write access will be enabled during recovery
[    6.084667] EXT4-fs (sda): recovery complete
[    6.088262] EXT4-fs (sda): mounted filesystem 088740a9-c8b4-422c-999d-a804eb68a4da ro with ordered data mode. Quota mode: none.
[    6.089210] VFS: Mounted root (ext4 filesystem) readonly on device 8:0.
[    6.092867] devtmpfs: mounted
[    6.093474] VFS: Pivoted into new rootfs
[    6.115828] Freeing unused decrypted memory: 2036K
[    6.123490] Freeing unused kernel image (initmem) memory: 16424K
[    6.124094] Write protecting the kernel read-only data: 102400k
[    6.127938] Freeing unused kernel image (text/rodata gap) memory: 964K
[    6.129934] Freeing unused kernel image (rodata/data gap) memory: 1660K
[    7.312378] x86/mm: Checked W+X mappings: passed, no W+X pages found.
[    7.313761] Run /sbin/init as init process
[    7.544551] systemd[1]: systemd 252-15.el9 running in system mode (+PAM +AUDIT +SELINUX -APPARMOR +IMA +SMACK +SECCOMP +GCRYPT +GNUTLS +OPENSSL +ACL +BLKID +CURL +ELFUTILS -FIDO2 +IDN2 -IDN -IPTC +KMOD +LIBCRYPTSETUP +LIBFDISK +PCRE2 -PWQUALITY +P11KIT -QRENCODE +TPM2 +BZIP2 +LZ4 +XZ +ZLIB +ZSTD -BPF_FRAMEWORK +XKBCOMMON +UTMP +SYSVINIT default-hierarchy=unified)
[    7.546474] systemd[1]: Detected virtualization kvm.
[    7.546792] systemd[1]: Detected architecture x86-64.

Welcome to [0;31mCentOS Stream 9[0m!

[    7.554811] systemd[1]: Hostname set to <test>.
[    7.774757] systemd-rc-local-generator[118]: /etc/rc.d/rc.local is not marked executable, skipping.
[    8.297201] systemd[1]: Queued start job for default target Multi-User System.
[    8.315319] systemd[1]: Created slice Virtual Machine and Container Slice.
[[0;32m  OK  [0m] Created slice [0;1;39mVirtual Machine and Container Slice[0m.
[    8.320769] systemd[1]: Created slice Slice /system/getty.
[[0;32m  OK  [0m] Created slice [0;1;39mSlice /system/getty[0m.
[    8.323837] systemd[1]: Created slice Slice /system/modprobe.
[[0;32m  OK  [0m] Created slice [0;1;39mSlice /system/modprobe[0m.
[    8.326874] systemd[1]: Created slice Slice /system/serial-getty.
[[0;32m  OK  [0m] Created slice [0;1;39mSlice /system/serial-getty[0m.
[    8.330068] systemd[1]: Created slice Slice /system/sshd-keygen.
[[0;32m  OK  [0m] Created slice [0;1;39mSlice /system/sshd-keygen[0m.
[    8.332874] systemd[1]: Created slice User and Session Slice.
[[0;32m  OK  [0m] Created slice [0;1;39mUser and Session Slice[0m.
[    8.334299] systemd[1]: Started Forward Password Requests to Wall Directory Watch.
[[0;32m  OK  [0m] Started [0;1;39mForward Password R…uests to Wall Directory Watch[0m.
[    8.336651] systemd[1]: Set up automount Arbitrary Executable File Formats File System Automount Point.
[[0;32m  OK  [0m] Set up automount [0;1;39mArbitrary…s File System Automount Point[0m.
[    8.338295] systemd[1]: Reached target Local Integrity Protected Volumes.
[[0;32m  OK  [0m] Reached target [0;1;39mLocal Integrity Protected Volumes[0m.
[    8.339514] systemd[1]: Reached target Slice Units.
[[0;32m  OK  [0m] Reached target [0;1;39mSlice Units[0m.
[    8.340492] systemd[1]: Reached target Swaps.
[[0;32m  OK  [0m] Reached target [0;1;39mSwaps[0m.
[    8.341400] systemd[1]: Reached target Local Verity Protected Volumes.
[[0;32m  OK  [0m] Reached target [0;1;39mLocal Verity Protected Volumes[0m.
[    8.342970] systemd[1]: Listening on Device-mapper event daemon FIFOs.
[[0;32m  OK  [0m] Listening on [0;1;39mDevice-mapper event daemon FIFOs[0m.
[    8.345175] systemd[1]: Listening on LVM2 poll daemon socket.
[[0;32m  OK  [0m] Listening on [0;1;39mLVM2 poll daemon socket[0m.
[    8.346373] systemd[1]: multipathd control socket was skipped because of an unmet condition check (ConditionPathExists=/etc/multipath.conf).
[    8.396426] systemd[1]: Listening on RPCbind Server Activation Socket.
[[0;32m  OK  [0m] Listening on [0;1;39mRPCbind Server Activation Socket[0m.
[    8.397649] systemd[1]: Reached target RPC Port Mapper.
[[0;32m  OK  [0m] Reached target [0;1;39mRPC Port Mapper[0m.
[    8.401132] systemd[1]: Listening on Process Core Dump Socket.
[[0;32m  OK  [0m] Listening on [0;1;39mProcess Core Dump Socket[0m.
[    8.402956] systemd[1]: Listening on initctl Compatibility Named Pipe.
[[0;32m  OK  [0m] Listening on [0;1;39minitctl Compatibility Named Pipe[0m.
[    8.404874] systemd[1]: Listening on Journal Socket (/dev/log).
[[0;32m  OK  [0m] Listening on [0;1;39mJournal Socket (/dev/log)[0m.
[    8.406518] systemd[1]: Listening on Journal Socket.
[[0;32m  OK  [0m] Listening on [0;1;39mJournal Socket[0m.
[    8.408089] systemd[1]: Listening on udev Control Socket.
[[0;32m  OK  [0m] Listening on [0;1;39mudev Control Socket[0m.
[    8.409478] systemd[1]: Listening on udev Kernel Socket.
[[0;32m  OK  [0m] Listening on [0;1;39mudev Kernel Socket[0m.
[    8.415800] systemd[1]: Mounting Huge Pages File System...
         Mounting [0;1;39mHuge Pages File System[0m...
[    8.423964] systemd[1]: Mounting POSIX Message Queue File System...
         Mounting [0;1;39mPOSIX Message Queue File System[0m...
[    8.435950] systemd[1]: Mounting Kernel Debug File System...
         Mounting [0;1;39mKernel Debug File System[0m...
[    8.444707] systemd[1]: Mounting Kernel Trace File System...
         Mounting [0;1;39mKernel Trace File System[0m...
[    8.448481] systemd[1]: Kernel Module supporting RPCSEC_GSS was skipped because of an unmet condition check (ConditionPathExists=/etc/krb5.keytab).
[    8.449468] systemd[1]: Create List of Static Device Nodes was skipped because of an unmet condition check (ConditionFileNotEmpty=/lib/modules/6.19.0-c84bb79f70c6+/modules.devname).
[    8.455989] systemd[1]: Starting Monitoring of LVM2 mirrors, snapshots etc. using dmeventd or progress polling...
         Starting [0;1;39mMonitoring of LVM…meventd or progress polling[0m...
[    8.465698] systemd[1]: Starting Load Kernel Module configfs...
         Starting [0;1;39mLoad Kernel Module configfs[0m...
[    8.472732] systemd[1]: Starting Load Kernel Module drm...
         Starting [0;1;39mLoad Kernel Module drm[0m...
[    8.484947] systemd[1]: Starting Load Kernel Module fuse...
         Starting [0;1;39mLoad Kernel Module fuse[0m...
[    8.496631] systemd[1]: Starting Read and set NIS domainname from /etc/sysconfig/network...
         Starting [0;1;39mRead and set NIS …from /etc/sysconfig/network[0m...
[    8.532884] systemd[1]: Starting Journal Service...
         Starting [0;1;39mJournal Service[0m...
[    8.547324] systemd[1]: Starting Load Kernel Modules...
         Starting [0;1;39mLoad Kernel Modules[0m...
[    8.554145] systemd[1]: Starting Generate network units from Kernel command line...
         Starting [0;1;39mGenerate network …ts from Kernel command line[0m...
[    8.569012] systemd[1]: Starting Remount Root and Kernel File Systems...
         Starting [0;1;39mRemount Root and Kernel File Systems[0m...
[    8.571886] systemd[1]: Repartition Root Disk was skipped because no trigger condition checks were met.
[    8.607181] systemd[1]: Starting Coldplug All udev Devices...
         Starting [0;1;39mColdplug All udev Devices[0m...
[    8.633756] systemd[1]: Mounted Huge Pages File System.
[[0;32m  OK  [0m] Mounted [0;1;39mHuge Pages File System[0m.
[    8.635223] systemd[1]: Mounted POSIX Message Queue File System.
[[0;32m  OK  [0m] Mounted [0;1;39mPOSIX Message Queue File System[0m.
[    8.640807] systemd[1]: Mounted Kernel Debug File System.
[[0;32m  OK  [0m] Mounted [0;1;39mKernel Debug File System[0m.
[    8.642545] systemd[1]: Mounted Kernel Trace File System.
[    8.643528] EXT4-fs (sda): re-mounted 088740a9-c8b4-422c-999d-a804eb68a4da r/w.
[[0;32m  OK  [0m] Mounted [0;1;39mKernel Trace File System[0m.
[    8.654202] systemd[1]: Finished Monitoring of LVM2 mirrors, snapshots etc. using dmeventd or progress polling.
[[0;32m  OK  [0m] Finished [0;1;39mMonitoring of LVM… dmeventd or progress polling[0m.
[    8.658057] systemd[1]: modprobe@configfs.service: Deactivated successfully.
[    8.659650] systemd[1]: Finished Load Kernel Module configfs.
[[0;32m  OK  [0m] Finished [0;1;39mLoad Kernel Module configfs[0m.
[    8.663568] systemd[1]: modprobe@drm.service: Deactivated successfully.
[    8.665196] systemd[1]: Finished Load Kernel Module drm.
[[0;32m  OK  [0m] Finished [0;1;39mLoad Kernel Module drm[0m.
[    8.667484] systemd[1]: modprobe@fuse.service: Deactivated successfully.
[    8.669113] systemd[1]: Finished Load Kernel Module fuse.
[[0;32m  OK  [0m] Finished [0;1;39mLoad Kernel Module fuse[0m.
[    8.671478] systemd[1]: Finished Read and set NIS domainname from /etc/sysconfig/network.
[[0;32m  OK  [0m] Finished [0;1;39mRead and set NIS …e from /etc/sysconfig/network[0m.
[    8.676870] systemd[1]: systemd-modules-load.service: Main process exited, code=exited, status=1/FAILURE
[    8.678281] systemd[1]: systemd-modules-load.service: Failed with result 'exit-code'.
[    8.679822] systemd[1]: Failed to start Load Kernel Modules.
[[0;1;31mFAILED[0m] Failed to start [0;1;39mLoad Kernel Modules[0m.
See 'systemctl status systemd-modules-load.service' for details.
[    8.690287] systemd[1]: Finished Generate network units from Kernel command line.
[[0;32m  OK  [0m] Finished [0;1;39mGenerate network units from Kernel command line[0m.
[    8.697590] systemd[1]: Finished Remount Root and Kernel File Systems.
[[0;32m  OK  [0m] Finished [0;1;39mRemount Root and Kernel File Systems[0m.
[    8.699780] systemd[1]: Reached target Preparation for Network.
[[0;32m  OK  [0m] Reached target [0;1;39mPreparation for Network[0m.
[    8.732455] systemd[1]: Mounting FUSE Control File System...
         Mounting [0;1;39mFUSE Control File System[0m...
[    8.740070] systemd[1]: Mounting Kernel Configuration File System...
         Mounting [0;1;39mKernel Configuration File System[0m...
[    8.744670] systemd[1]: Special handling of early boot iSCSI sessions was skipped because of an unmet condition check (ConditionDirectoryNotEmpty=/sys/class/iscsi_session).
[    8.745726] systemd[1]: First Boot Wizard was skipped because of an unmet condition check (ConditionFirstBoot=yes).
[    8.749422] systemd[1]: Rebuild Hardware Database was skipped because of an unmet condition check (ConditionNeedsUpdate=/etc).
[    8.765137] systemd[1]: Starting Load/Save Random Seed...
         Starting [0;1;39mLoad/Save Random Seed[0m...
[    8.773420] systemd[1]: Starting Apply Kernel Variables...
         Starting [0;1;39mApply Kernel Variables[0m...
[    8.776465] systemd[1]: Create System Users was skipped because no trigger condition checks were met.
[    8.789818] systemd[1]: Starting Create Static Device Nodes in /dev...
         Starting [0;1;39mCreate Static Device Nodes in /dev[0m...
[    8.805041] systemd[1]: Starting Setup Virtual Console...
         Starting [0;1;39mSetup Virtual Console[0m...
[    8.820494] systemd[1]: Started Journal Service.
[[0;32m  OK  [0m] Started [0;1;39mJournal Service[0m.
[[0;32m  OK  [0m] Mounted [0;1;39mFUSE Control File System[0m.
[[0;32m  OK  [0m] Mounted [0;1;39mKernel Configuration File System[0m.
         Starting [0;1;39mFlush Journal to Persistent Storage[0m...
[[0;32m  OK  [0m] Finished [0;1;39mLoad/Save Random Seed[0m.
[[0;32m  OK  [0m] Finished [0;1;39mApply Kernel Variables[0m.
[    8.926670] systemd-journald[140]: Received client request to flush runtime journal.
[[0;32m  OK  [0m] Finished [0;1;39mCreate Static Device Nodes in /dev[0m.
         Starting [0;1;39mRule-based Manage…for Device Events and Files[0m...
[[0;32m  OK  [0m] Finished [0;1;39mFlush Journal to Persistent Storage[0m.
[[0;32m  OK  [0m] Started [0;1;39mRule-based Manager for Device Events and Files[0m.
         Starting [0;1;39mAuto-connect to s…E devices found during boot[0m...
[[0;32m  OK  [0m] Finished [0;1;39mSetup Virtual Console[0m.
[[0;32m  OK  [0m] Finished [0;1;39mAuto-connect to s…VME devices found during boot[0m.
[[0;32m  OK  [0m] Finished [0;1;39mColdplug All udev Devices[0m.
         Starting [0;1;39mShow Plymouth Boot Screen[0m...
         Starting [0;1;39mWait for udev To …plete Device Initialization[0m...
[2J[3J[-1;-1f[[0;32m  OK  [0m] Started [0;1;39mShow Plymouth Boot Screen[0m.
[[0;32m  OK  [0m] Started [0;1;39mForward Password R…s to Plymouth Directory Watch[0m.
[[0;32m  OK  [0m] Reached target [0;1;39mLocal Encrypted Volumes[0m.
[[0;32m  OK  [0m] Reached target [0;1;39mPath Units[0m.
[[0;32m  OK  [0m] Found device [0;1;39m/dev/ttyS0[0m.
[[0;32m  OK  [0m] Listening on [0;1;39mLoad/Save RF …itch Status /dev/rfkill Watch[0m.
[[0;32m  OK  [0m] Finished [0;1;39mWait for udev To Complete Device Initialization[0m.
[[0;32m  OK  [0m] Reached target [0;1;39mPreparation for Local File Systems[0m.
[[0;32m  OK  [0m] Reached target [0;1;39mLocal File Systems[0m.
         Starting [0;1;39mTell Plymouth To Write Out Runtime Data[0m...
         Starting [0;1;39mAutomatic Boot Loader Update[0m...
         Starting [0;1;39mCreate Volatile Files and Directories[0m...
[[0;32m  OK  [0m] Finished [0;1;39mTell Plymouth To Write Out Runtime Data[0m.
[[0;32m  OK  [0m] Finished [0;1;39mAutomatic Boot Loader Update[0m.
[[0;32m  OK  [0m] Finished [0;1;39mCreate Volatile Files and Directories[0m.
         Mounting [0;1;39mRPC Pipe File System[0m...
         Starting [0;1;39mSecurity Auditing Service[0m...
         Starting [0;1;39mRPC Bind[0m...
[[0;32m  OK  [0m] Mounted [0;1;39mRPC Pipe File System[0m.
[[0;32m  OK  [0m] Reached target [0;1;39mrpc_pipefs.target[0m.
[[0;32m  OK  [0m] Started [0;1;39mRPC Bind[0m.
[[0;32m  OK  [0m] Started [0;1;39mSecurity Auditing Service[0m.
         Starting [0;1;39mRecord System Boot/Shutdown in UTMP[0m...
[[0;32m  OK  [0m] Finished [0;1;39mRecord System Boot/Shutdown in UTMP[0m.
[[0;32m  OK  [0m] Reached target [0;1;39mSystem Initialization[0m.
[[0;32m  OK  [0m] Started [0;1;39mDaily rotation of log files[0m.
[[0;32m  OK  [0m] Started [0;1;39mUpdates mlocate database every day[0m.
[[0;32m  OK  [0m] Started [0;1;39mDaily Cleanup of Temporary Directories[0m.
[[0;32m  OK  [0m] Started [0;1;39mdaily update of the root trust anchor for DNSSEC[0m.
[[0;32m  OK  [0m] Reached target [0;1;39mTimer Units[0m.
[[0;32m  OK  [0m] Listening on [0;1;39mD-Bus System Message Bus Socket[0m.
[[0;32m  OK  [0m] Listening on [0;1;39mOpen-iSCSI iscsid Socket[0m.
[[0;32m  OK  [0m] Listening on [0;1;39mOpen-iSCSI iscsiuio Socket[0m.
[[0;32m  OK  [0m] Listening on [0;1;39mSSSD Kerberos…ache Manager responder socket[0m.
[[0;32m  OK  [0m] Listening on [0;1;39mLibvirt interface local socket[0m.
[[0;32m  OK  [0m] Listening on [0;1;39mVirtual machine lock manager socket[0m.
[[0;32m  OK  [0m] Listening on [0;1;39mVirtual machine log manager socket[0m.
[[0;32m  OK  [0m] Listening on [0;1;39mLibvirt network local socket[0m.
[[0;32m  OK  [0m] Listening on [0;1;39mLibvirt nodedev local socket[0m.
[[0;32m  OK  [0m] Listening on [0;1;39mLibvirt nwfilter local socket[0m.
[[0;32m  OK  [0m] Listening on [0;1;39mLibvirt proxy local socket[0m.
[[0;32m  OK  [0m] Listening on [0;1;39mLibvirt qemu local socket[0m.
[[0;32m  OK  [0m] Listening on [0;1;39mLibvirt qemu admin socket[0m.
[[0;32m  OK  [0m] Listening on [0;1;39mLibvirt qemu local read-only socket[0m.
[[0;32m  OK  [0m] Listening on [0;1;39mLibvirt secret local socket[0m.
[[0;32m  OK  [0m] Listening on [0;1;39mLibvirt storage local socket[0m.
[[0;32m  OK  [0m] Reached target [0;1;39mSocket Units[0m.
         Starting [0;1;39mD-Bus System Message Bus[0m...
[[0;32m  OK  [0m] Started [0;1;39mD-Bus System Message Bus[0m.
[[0;32m  OK  [0m] Reached target [0;1;39mBasic System[0m.
         Starting [0;1;39mNetwork Manager[0m...
         Starting [0;1;39mNTP client/server[0m...
         Starting [0;1;39mRestore /run/initramfs on shutdown[0m...
[[0;32m  OK  [0m] Started [0;1;39mirqbalance daemon[0m.
[[0;32m  OK  [0m] Started [0;1;39mlibstoragemgmt plug-in server daemon[0m.
[[0;32m  OK  [0m] Started [0;1;39mMachine Check Exception Logging Daemon[0m.
[[0;32m  OK  [0m] Reached target [0;1;39msshd-keygen.target[0m.
[[0;32m  OK  [0m] Reached target [0;1;39mUser and Group Name Lookups[0m.
         Starting [0;1;39mUser Login Management[0m...
         Starting [0;1;39mVirtual Machine a…tainer Registration Service[0m...
[[0;32m  OK  [0m] Finished [0;1;39mRestore /run/initramfs on shutdown[0m.
[[0;32m  OK  [0m] Started [0;1;39mVirtual Machine an…ontainer Registration Service[0m.
         Starting [0;1;39mHostname Service[0m...
[[0;32m  OK  [0m] Started [0;1;39mNTP client/server[0m.
[[0;32m  OK  [0m] Started [0;1;39mUser Login Management[0m.
[[0;32m  OK  [0m] Started [0;1;39mHostname Service[0m.
         Starting [0;1;39mNetwork Manager Script Dispatcher Service[0m...
[[0;32m  OK  [0m] Started [0;1;39mNetwork Manager Script Dispatcher Service[0m.
[   12.448398] e1000: eth0 NIC Link is Up 1000 Mbps Full Duplex, Flow Control: RX
[[0;32m  OK  [0m] Started [0;1;39mNetwork Manager[0m.
[[0;32m  OK  [0m] Reached target [0;1;39mNetwork[0m.
[[0;32m  OK  [0m] Reached target [0;1;39mNetwork is Online[0m.
         Starting [0;1;39mGSSAPI Proxy Daemon[0m...
         Starting [0;1;39mNotify NFS peers of a restart[0m...
         Starting [0;1;39mSystem Logging Service[0m...
         Starting [0;1;39mOpenSSH server daemon[0m...
         Starting [0;1;39mDynamic System Tuning Daemon[0m...
[[0;32m  OK  [0m] Started [0;1;39mNotify NFS peers of a restart[0m.
[[0;32m  OK  [0m] Started [0;1;39mOpenSSH server daemon[0m.
[[0;32m  OK  [0m] Started [0;1;39mGSSAPI Proxy Daemon[0m.
[[0;32m  OK  [0m] Reached target [0;1;39mNFS client services[0m.
[[0;32m  OK  [0m] Reached target [0;1;39mPreparation for Remote File Systems[0m.
[[0;32m  OK  [0m] Reached target [0;1;39mRemote File Systems[0m.
         Starting [0;1;39mPermit User Sessions[0m...
         Starting [0;1;39mVirtualization qemu daemon[0m...
[[0;32m  OK  [0m] Started [0;1;39mSystem Logging Service[0m.
[[0;32m  OK  [0m] Finished [0;1;39mPermit User Sessions[0m.
[[0;32m  OK  [0m] Started [0;1;39mDeferred execution scheduler[0m.
[[0;32m  OK  [0m] Started [0;1;39mCommand Scheduler[0m.
         Starting [0;1;39mHold until boot process finishes up[0m...
         Starting [0;1;39mTerminate Plymouth Boot Screen[0m...

CentOS Stream 9
Kernel 6.19.0-c84bb79f70c6+ on an x86_64

Activate the web console with: systemctl enable --now cockpit.socket

test login: 