c[?7l[2J[0mSeaBIOS (version rel-1.16.0-0-gd239552ce722-prebuilt.qemu.org)


iPXE (http://ipxe.org) 00:03.0 CA00 PCI2.10 PnP PMM+7FF91000+7FEF1000 CA00
Press Ctrl-B to configure iPXE (PCI 00:03.0)...                                                                               


Booting from ROM..c[?7l[2J[    0.000000] Linux version 6.19.0-3893854000a8+ (root@gnr-bkc) (gcc (GCC) 11.5.0 20240719 (Red Hat 11.5.0-14), GNU ld version 2.35.2-54.el9) #1 SMP PREEMPT_DYNAMIC Thu Mar 12 23:34:29 CST 2026
[    0.000000] Command line: console=ttyS0 root=/dev/sda earlyprintk=serial net.ifnames=0 thunderbolt.dyndbg
[    0.000000] KERNEL supported cpus:
[    0.000000]   Intel GenuineIntel
[    0.000000]   AMD AuthenticAMD
[    0.000000]   Hygon HygonGenuine
[    0.000000]   Centaur CentaurHauls
[    0.000000]   zhaoxin   Shanghai  
[    0.000000] x86/split lock detection: #DB: warning on user-space bus_locks
[    0.000000] BIOS-provided physical RAM map:
[    0.000000] BIOS-e820: [mem 0x0000000000000000-0x000000000009fbff] usable
[    0.000000] BIOS-e820: [mem 0x000000000009fc00-0x000000000009ffff] reserved
[    0.000000] BIOS-e820: [mem 0x00000000000f0000-0x00000000000fffff] reserved
[    0.000000] BIOS-e820: [mem 0x0000000000100000-0x000000007ffdffff] usable
[    0.000000] BIOS-e820: [mem 0x000000007ffe0000-0x000000007fffffff] reserved
[    0.000000] BIOS-e820: [mem 0x00000000feffc000-0x00000000feffffff] reserved
[    0.000000] BIOS-e820: [mem 0x00000000fffc0000-0x00000000ffffffff] reserved
[    0.000000] printk: legacy bootconsole [earlyser0] enabled
[    0.000000] NX (Execute Disable) protection: active
[    0.000000] APIC: Static calls initialized
[    0.000000] SMBIOS 2.8 present.
[    0.000000] DMI: QEMU Standard PC (i440FX + PIIX, 1996), BIOS rel-1.16.0-0-gd239552ce722-prebuilt.qemu.org 04/01/2014
[    0.000000] DMI: Memory slots populated: 1/1
[    0.000000] Hypervisor detected: KVM
[    0.000000] last_pfn = 0x7ffe0 max_arch_pfn = 0x10000000000
[    0.000000] kvm-clock: Using msrs 4b564d01 and 4b564d00
[    0.000002] kvm-clock: using sched offset of 686631521 cycles
[    0.000523] clocksource: kvm-clock: mask: 0xffffffffffffffff max_cycles: 0x1cd42e4dffb, max_idle_ns: 881590591483 ns
[    0.002120] tsc: Detected 1700.000 MHz processor
[    0.010204] last_pfn = 0x7ffe0 max_arch_pfn = 0x10000000000
[    0.010789] MTRR map: 4 entries (3 fixed + 1 variable; max 19), built from 8 variable MTRRs
[    0.011615] x86/PAT: Configuration [0-7]: WB  WC  UC- UC  WB  WP  UC- WT  
[    0.017366] found SMP MP-table at [mem 0x000f5ba0-0x000f5baf]
[    0.017964] Using GB pages for direct mapping
[    0.020477] ACPI: Early table checksum verification disabled
[    0.021041] ACPI: RSDP 0x00000000000F59C0 000014 (v00 BOCHS )
[    0.021624] ACPI: RSDT 0x000000007FFE1951 000034 (v01 BOCHS  BXPC     00000001 BXPC 00000001)
[    0.022481] ACPI: FACP 0x000000007FFE17FD 000074 (v01 BOCHS  BXPC     00000001 BXPC 00000001)
[    0.023340] ACPI: DSDT 0x000000007FFE0040 0017BD (v01 BOCHS  BXPC     00000001 BXPC 00000001)
[    0.024192] ACPI: FACS 0x000000007FFE0000 000040
[    0.024661] ACPI: APIC 0x000000007FFE1871 000080 (v01 BOCHS  BXPC     00000001 BXPC 00000001)
[    0.025515] ACPI: HPET 0x000000007FFE18F1 000038 (v01 BOCHS  BXPC     00000001 BXPC 00000001)
[    0.026369] ACPI: WAET 0x000000007FFE1929 000028 (v01 BOCHS  BXPC     00000001 BXPC 00000001)
[    0.027221] ACPI: Reserving FACP table memory at [mem 0x7ffe17fd-0x7ffe1870]
[    0.027918] ACPI: Reserving DSDT table memory at [mem 0x7ffe0040-0x7ffe17fc]
[    0.028615] ACPI: Reserving FACS table memory at [mem 0x7ffe0000-0x7ffe003f]
[    0.029310] ACPI: Reserving APIC table memory at [mem 0x7ffe1871-0x7ffe18f0]
[    0.030003] ACPI: Reserving HPET table memory at [mem 0x7ffe18f1-0x7ffe1928]
[    0.030699] ACPI: Reserving WAET table memory at [mem 0x7ffe1929-0x7ffe1950]
[    0.032229] No NUMA configuration found
[    0.032613] Faking a node at [mem 0x0000000000000000-0x000000007ffdffff]
[    0.033338] NODE_DATA(0) allocated [mem 0x7ffb4ec0-0x7ffdfcbf]
[    0.034996] Zone ranges:
[    0.035270]   DMA      [mem 0x0000000000001000-0x0000000000ffffff]
[    0.035883]   DMA32    [mem 0x0000000001000000-0x000000007ffdffff]
[    0.036495]   Normal   empty
[    0.036780]   Device   empty
[    0.037070] Movable zone start for each node
[    0.037504] Early memory node ranges
[    0.037856]   node   0: [mem 0x0000000000001000-0x000000000009efff]
[    0.038475]   node   0: [mem 0x0000000000100000-0x000000007ffdffff]
[    0.039090] Initmem setup node 0 [mem 0x0000000000001000-0x000000007ffdffff]
[    0.040115] On node 0, zone DMA: 1 pages in unavailable ranges
[    0.040894] On node 0, zone DMA: 97 pages in unavailable ranges
[    0.069661] On node 0, zone DMA32: 32 pages in unavailable ranges
[    0.127636] KernelAddressSanitizer initialized (generic)
[    0.128493] ACPI: PM-Timer IO Port: 0x608
[    0.128914] ACPI: LAPIC_NMI (acpi_id[0xff] dfl dfl lint[0x1])
[    0.129539] IOAPIC[0]: apic_id 0, version 17, address 0xfec00000, GSI 0-23
[    0.130229] ACPI: INT_SRC_OVR (bus 0 bus_irq 0 global_irq 2 dfl dfl)
[    0.130849] ACPI: INT_SRC_OVR (bus 0 bus_irq 5 global_irq 5 high level)
[    0.131502] ACPI: INT_SRC_OVR (bus 0 bus_irq 9 global_irq 9 high level)
[    0.132152] ACPI: INT_SRC_OVR (bus 0 bus_irq 10 global_irq 10 high level)
[    0.132817] ACPI: INT_SRC_OVR (bus 0 bus_irq 11 global_irq 11 high level)
[    0.133496] ACPI: Using ACPI (MADT) for SMP configuration information
[    0.134130] ACPI: HPET id: 0x8086a201 base: 0xfed00000
[    0.134640] TSC deadline timer available
[    0.135041] CPU topo: Max. logical packages:   1
[    0.135497] CPU topo: Max. logical dies:       1
[    0.135947] CPU topo: Max. dies per package:   1
[    0.136411] CPU topo: Max. threads per core:   1
[    0.136867] CPU topo: Num. cores per package:     2
[    0.137347] CPU topo: Num. threads per package:   2
[    0.137823] CPU topo: Allowing 2 present CPUs plus 0 hotplug CPUs
[    0.138473] kvm-guest: APIC: eoi() replaced with kvm_guest_apic_eoi_write()
[    0.139186] kvm-guest: KVM setup pv remote TLB flush
[    0.139675] kvm-guest: setup PV sched yield
[    0.140132] PM: hibernation: Registered nosave memory: [mem 0x00000000-0x00000fff]
[    0.140874] PM: hibernation: Registered nosave memory: [mem 0x0009f000-0x000fffff]
[    0.141615] [mem 0x80000000-0xfeffbfff] available for PCI devices
[    0.142213] Booting paravirtualized kernel on KVM
[    0.142676] clocksource: refined-jiffies: mask: 0xffffffff max_cycles: 0xffffffff, max_idle_ns: 7645519600211568 ns
[    0.143712] setup_percpu: NR_CPUS:8192 nr_cpumask_bits:2 nr_cpu_ids:2 nr_node_ids:1
[    0.144992] percpu: Embedded 81 pages/cpu s294912 r8192 d28672 u1048576
[    0.145828] kvm-guest: PV spinlocks enabled
[    0.146253] PV qspinlock hash table entries: 256 (order: 0, 4096 bytes, linear)
[    0.146983] Kernel command line: net.ifnames=0 console=ttyS0 root=/dev/sda earlyprintk=serial net.ifnames=0 thunderbolt.dyndbg
[    0.148389] random: crng init done
[    0.148726] printk: log buffer data + meta data: 262144 + 917504 = 1179648 bytes
[    0.149869] Dentry cache hash table entries: 262144 (order: 9, 2097152 bytes, linear)
[    0.151038] Inode-cache hash table entries: 131072 (order: 8, 1048576 bytes, linear)
[    0.152085] Fallback order for Node 0: 0 
[    0.152097] Built 1 zonelists, mobility grouping on.  Total pages: 524158
[    0.153131] Policy zone: DMA32
[    0.153430] mem auto-init: stack:off, heap alloc:off, heap free:off
[    0.154034] stackdepot: allocating hash table via alloc_large_system_hash
[    0.154699] stackdepot hash table entries: 1048576 (order: 12, 16777216 bytes, linear)
[    0.158613] stackdepot: allocating space for 8192 stack pools via memblock
[    0.195015] SLUB: HWalign=64, Order=0-3, MinObjects=0, CPUs=2, Nodes=1
[    0.195658] kmemleak: Kernel memory leak detector disabled
[    0.231623] ftrace: allocating 75279 entries in 296 pages
[    0.232149] ftrace: allocated 296 pages with 3 groups
[    0.236813] Dynamic Preempt: voluntary
[    0.237676] Running RCU self tests
[    0.237999] Running RCU synchronous self tests
[    0.238426] rcu: Preemptible hierarchical RCU implementation.
[    0.238972] rcu: 	RCU lockdep checking is enabled.
[    0.239432] rcu: 	RCU restricting CPUs from NR_CPUS=8192 to nr_cpu_ids=2.
[    0.240077] 	Trampoline variant of Tasks RCU enabled.
[    0.240562] 	Rude variant of Tasks RCU enabled.
[    0.240993] 	Tracing variant of Tasks RCU enabled.
[    0.241453] rcu: RCU calculated value of scheduler-enlistment delay is 25 jiffies.
[    0.242173] rcu: Adjusting geometry for rcu_fanout_leaf=16, nr_cpu_ids=2
[    0.242892] Running RCU synchronous self tests
[    0.243324] RCU Tasks: Setting shift to 1 and lim to 1 rcu_task_cb_adjust=1 rcu_task_cpu_ids=2.
[    0.244158] RCU Tasks Rude: Setting shift to 1 and lim to 1 rcu_task_cb_adjust=1 rcu_task_cpu_ids=2.
[    0.313602] NR_IRQS: 524544, nr_irqs: 440, preallocated irqs: 16
[    0.314722] rcu: srcu_init: Setting srcu_struct sizes based on contention.
[    0.324268] Console: colour VGA+ 80x25
[    0.324720] printk: legacy console [ttyS0] enabled
[    0.324720] printk: legacy console [ttyS0] enabled
[    0.325659] printk: legacy bootconsole [earlyser0] disabled
[    0.325659] printk: legacy bootconsole [earlyser0] disabled
[    0.327214] Lock dependency validator: Copyright (c) 2006 Red Hat, Inc., Ingo Molnar
[    0.327970] ... MAX_LOCKDEP_SUBCLASSES:  8
[    0.328383] ... MAX_LOCK_DEPTH:          48
[    0.328796] ... MAX_LOCKDEP_KEYS:        8192
[    0.329231] ... CLASSHASH_SIZE:          4096
[    0.329664] ... MAX_LOCKDEP_ENTRIES:     32768
[    0.330104] ... MAX_LOCKDEP_CHAINS:      65536
[    0.330548] ... CHAINHASH_SIZE:          32768
[    0.330989]  memory used by lock dependency info: 6429 kB
[    0.331523]  memory used for stack traces: 4224 kB
[    0.331997]  per task-struct memory footprint: 1920 bytes
[    0.332625] ACPI: Core revision 20250807
[    0.333454] clocksource: hpet: mask: 0xffffffff max_cycles: 0xffffffff, max_idle_ns: 19112604467 ns
[    0.334518] APIC: Switch to symmetric I/O mode setup
[    0.335288] x2apic enabled
[    0.335966] APIC: Switched APIC routing to: physical x2apic
[    0.336527] kvm-guest: APIC: send_IPI_mask() replaced with kvm_send_ipi_mask()
[    0.337256] kvm-guest: APIC: send_IPI_mask_allbutself() replaced with kvm_send_ipi_mask_allbutself()
[    0.338157] kvm-guest: setup PV IPIs
[    0.339788] ..TIMER: vector=0x30 apic1=0 pin1=2 apic2=-1 pin2=-1
[    0.340415] clocksource: tsc-early: mask: 0xffffffffffffffff max_cycles: 0x1881273ac8e, max_idle_ns: 440795257284 ns
[    0.341475] Calibrating delay loop (skipped) preset value.. 3400.00 BogoMIPS (lpj=6800000)
[    0.345488] x86/cpu: User Mode Instruction Prevention (UMIP) activated
[    0.346241] Last level iTLB entries: 4KB 0, 2MB 0, 4MB 0
[    0.346767] Last level dTLB entries: 4KB 0, 2MB 0, 4MB 0, 1GB 0
[    0.347375] mitigations: Enabled attack vectors: user_kernel, user_user, guest_host, guest_guest, SMT mitigations: auto
[    0.348447] Speculative Store Bypass: Mitigation: Speculative Store Bypass disabled via prctl
[    0.349281] Spectre V2 : Mitigation: Enhanced / Automatic IBRS
[    0.349467] ITS: Mitigation: Aligned branch/return thunks
[    0.350007] Spectre V1 : Mitigation: usercopy/swapgs barriers and __user pointer sanitization
[    0.350846] Spectre V2 : WARNING: Unprivileged eBPF is enabled with eIBRS on, data leaks possible via Spectre v2 BHB attacks!
[    0.351947] Spectre V2 : Spectre v2 / PBRSB-eIBRS: Retire a single CALL on VMEXIT
[    0.352691] Spectre V2 : mitigation: Enabling conditional Indirect Branch Prediction Barrier
[    0.353470] active return thunk: its_return_thunk
[    0.353955] Spectre V2 : Spectre BHI mitigation: SW BHB clearing on syscall and VM exit
[    0.354795] x86/fpu: Supporting XSAVE feature 0x001: 'x87 floating point registers'
[    0.355550] x86/fpu: Supporting XSAVE feature 0x002: 'SSE registers'
[    0.356184] x86/fpu: Supporting XSAVE feature 0x004: 'AVX registers'
[    0.356820] x86/fpu: Supporting XSAVE feature 0x020: 'AVX-512 opmask'
[    0.357466] x86/fpu: Supporting XSAVE feature 0x040: 'AVX-512 Hi256'
[    0.358102] x86/fpu: Supporting XSAVE feature 0x080: 'AVX-512 ZMM_Hi256'
[    0.358770] x86/fpu: Supporting XSAVE feature 0x200: 'Protection Keys User registers'
[    0.359543] x86/fpu: Supporting XSAVE feature 0x20000: 'AMX Tile config'
[    0.360210] x86/fpu: Supporting XSAVE feature 0x40000: 'AMX Tile data'
[    0.360859] x86/fpu: xstate_offset[2]:  576, xstate_sizes[2]:  256
[    0.361466] x86/fpu: xstate_offset[5]:  832, xstate_sizes[5]:   64
[    0.362086] x86/fpu: xstate_offset[6]:  896, xstate_sizes[6]:  512
[    0.362702] x86/fpu: xstate_offset[7]: 1408, xstate_sizes[7]: 1024
[    0.363318] x86/fpu: xstate_offset[9]: 2432, xstate_sizes[9]:    8
[    0.363935] x86/fpu: xstate_offset[17]: 2496, xstate_sizes[17]:   64
[    0.364568] x86/fpu: xstate_offset[18]: 2560, xstate_sizes[18]: 8192
[    0.365466] x86/fpu: Enabled xstate features 0x602e7, context size is 10752 bytes, using 'compacted' format.
[    0.522492] Freeing SMP alternatives memory: 64K
[    0.522968] pid_max: default: 32768 minimum: 301
[    0.523802] Yama: becoming mindful.
[    0.524600] Mount-cache hash table entries: 4096 (order: 3, 32768 bytes, linear)
[    0.525342] Mountpoint-cache hash table entries: 4096 (order: 3, 32768 bytes, linear)
[    0.526100] VFS: Finished mounting rootfs on nullfs
[    0.527764] Running RCU synchronous self tests
[    0.528211] Running RCU synchronous self tests
[    0.529675] smpboot: CPU0: Intel(R) Xeon(R) Gold 6414TDX (family: 0x6, model: 0x8f, stepping: 0x6)
[    0.531350] Performance Events: PEBS fmt0-, Sapphire Rapids events, full-width counters, Intel PMU driver.
[    0.532426] ... version:                   2
[    0.532853] ... bit width:                 48
[    0.533292] ... generic counters:          8
[    0.533470] ... generic bitmap:            00000000000000ff
[    0.534023] ... fixed-purpose counters:    4
[    0.534447] ... fixed-purpose bitmap:      000000000000000f
[    0.534998] ... value mask:                0000ffffffffffff
[    0.535545] ... max period:                00007fffffffffff
[    0.536098] ... global_ctrl mask:          0000000f000000ff
[    0.537160] signal: max sigframe size: 11952
[    0.537626] rcu: Hierarchical SRCU implementation.
[    0.538112] rcu: 	Max phase no-delay instances is 1000.
[    0.538847] Timer migration: 1 hierarchy levels; 8 children per group; 1 crossnode level
[    0.563154] smp: Bringing up secondary CPUs ...
[    0.564193] smpboot: x86: Booting SMP configuration:
[    0.564696] .... node  #0, CPUs:      #1
[    0.565660] smp: Brought up 1 node, 2 CPUs
[    0.566510] smpboot: Total of 2 processors activated (6800.00 BogoMIPS)
[    0.567985] Memory: 1591816K/2096632K available (80966K kernel code, 15566K rwdata, 18816K rodata, 16424K init, 20840K bss, 493188K reserved, 0K cma-reserved)
[    0.570154] devtmpfs: initialized
[    0.570542] x86/mm: Memory block size: 128MB
[    0.582667] Running RCU synchronous self tests
[    0.583177] Running RCU synchronous self tests
[    0.583670] Running RCU Tasks wait API self tests
[    0.585507] Running RCU Tasks Rude wait API self tests
[    0.585986] Running RCU Tasks Trace wait API self tests
[    0.586599] clocksource: jiffies: mask: 0xffffffff max_cycles: 0xffffffff, max_idle_ns: 7645041785100000 ns
[    0.586599] posixtimers hash table entries: 1024 (order: 5, 73728 bytes, linear)
[    0.587328] futex hash table entries: 512 (65536 bytes on 1 NUMA nodes, total 64 KiB, linear).
[    0.592061] 
[    0.592242] *************************************************************
[    0.592922] **     NOTICE NOTICE NOTICE NOTICE NOTICE NOTICE NOTICE    **
[    0.593517] **                                                         **
[    0.594192] **  IOMMU DebugFS SUPPORT HAS BEEN ENABLED IN THIS KERNEL  **
[    0.594862] **                                                         **
[    0.595535] ** This means that this kernel is built to expose internal **
[    0.596210] ** IOMMU data structures, which may compromise security on **
[    0.596881] ** your system.                                            **
[    0.597468] **                                                         **
[    0.598144] ** If you see this message and you are not debugging the   **
[    0.598819] ** kernel, report this immediately to your vendor!         **
[    0.599495] **                                                         **
[    0.600169] **     NOTICE NOTICE NOTICE NOTICE NOTICE NOTICE NOTICE    **
[    0.600840] *************************************************************
[    0.601571] PM: RTC time: 15:35:51, date: 2026-03-12
[    0.604576] NET: Registered PF_NETLINK/PF_ROUTE protocol family
[    0.606821] DMA: preallocated 256 KiB GFP_KERNEL|GFP_DMA pool for atomic allocations
[    0.607614] DMA: preallocated 256 KiB GFP_KERNEL|GFP_DMA32 pool for atomic allocations
[    0.608492] audit: initializing netlink subsys (disabled)
[    0.609076] audit: type=2000 audit(1773329751.980:1): state=initialized audit_enabled=0 res=1
[    0.609516] Callback from call_rcu_tasks_trace() invoked.
[    0.609076] thermal_sys: Registered thermal governor 'fair_share'
[    0.609076] thermal_sys: Registered thermal governor 'bang_bang'
[    0.609076] thermal_sys: Registered thermal governor 'step_wise'
[    0.609076] thermal_sys: Registered thermal governor 'user_space'
[    0.610072] cpuidle: using governor ladder
[    0.613474] cpuidle: using governor menu
[    0.614253] acpiphp: ACPI Hot Plug PCI Controller Driver version: 0.5
[    0.615822] PCI: Using configuration type 1 for base access
[    0.615822] kprobes: kprobe jump-optimization is enabled. All kprobes are optimized if possible.
[    0.781303] HugeTLB: registered 1.00 GiB page size, pre-allocated 0 pages
[    0.781469] HugeTLB: 16380 KiB vmemmap can be freed for a 1.00 GiB page
[    0.782128] HugeTLB: registered 2.00 MiB page size, pre-allocated 0 pages
[    0.782806] HugeTLB: 28 KiB vmemmap can be freed for a 2.00 MiB page
[    0.793909] ACPI: Added _OSI(Module Device)
[    0.793909] ACPI: Added _OSI(Processor Device)
[    0.793909] ACPI: Added _OSI(Processor Aggregator Device)
[    0.812340] ACPI: 1 ACPI AML tables successfully acquired and loaded
[    0.827601] ACPI: Interpreter enabled
[    0.827601] ACPI: PM: (supports S0 S3 S4 S5)
[    0.827601] ACPI: Using IOAPIC for interrupt routing
[    0.828135] PCI: Using host bridge windows from ACPI; if necessary, use "pci=nocrs" and report a bug
[    0.829123] PCI: Using E820 reservations for host bridge windows
[    0.834922] ACPI: Enabled 2 GPEs in block 00 to 0F
[    0.880414] ACPI: PCI Root Bridge [PCI0] (domain 0000 [bus 00-ff])
[    0.881069] acpi PNP0A03:00: _OSC: OS supports [ASPM ClockPM Segments MSI EDR HPX-Type3]
[    0.881476] acpi PNP0A03:00: _OSC: not requesting OS control; OS requires [ExtendedConfig ASPM ClockPM MSI]
[    0.882604] acpi PNP0A03:00: fail to add MMCONFIG information, can't access extended configuration space under this bridge
[    0.889746] acpiphp: Slot [3] registered
[    0.890375] acpiphp: Slot [4] registered
[    0.891011] acpiphp: Slot [5] registered
[    0.891655] acpiphp: Slot [6] registered
[    0.892378] acpiphp: Slot [7] registered
[    0.893052] acpiphp: Slot [8] registered
[    0.893667] acpiphp: Slot [9] registered
[    0.894392] acpiphp: Slot [10] registered
[    0.895127] acpiphp: Slot [11] registered
[    0.895853] acpiphp: Slot [12] registered
[    0.896587] acpiphp: Slot [13] registered
[    0.897317] acpiphp: Slot [14] registered
[    0.897638] acpiphp: Slot [15] registered
[    0.898251] acpiphp: Slot [16] registered
[    0.898865] acpiphp: Slot [17] registered
[    0.899475] acpiphp: Slot [18] registered
[    0.900080] acpiphp: Slot [19] registered
[    0.900677] acpiphp: Slot [20] registered
[    0.901281] acpiphp: Slot [21] registered
[    0.901629] acpiphp: Slot [22] registered
[    0.902224] acpiphp: Slot [23] registered
[    0.902774] acpiphp: Slot [24] registered
[    0.903314] acpiphp: Slot [25] registered
[    0.903862] acpiphp: Slot [26] registered
[    0.904410] acpiphp: Slot [27] registered
[    0.904955] acpiphp: Slot [28] registered
[    0.905502] acpiphp: Slot [29] registered
[    0.906043] acpiphp: Slot [30] registered
[    0.906589] acpiphp: Slot [31] registered
[    0.907057] PCI host bridge to bus 0000:00
[    0.907524] pci_bus 0000:00: root bus resource [io  0x0000-0x0cf7 window]
[    0.908190] pci_bus 0000:00: root bus resource [io  0x0d00-0xffff window]
[    0.908858] pci_bus 0000:00: root bus resource [mem 0x000a0000-0x000bffff window]
[    0.909477] pci_bus 0000:00: root bus resource [mem 0x80000000-0xfebfffff window]
[    0.910211] pci_bus 0000:00: root bus resource [mem 0x100000000-0x17fffffff window]
[    0.910965] pci_bus 0000:00: root bus resource [bus 00-ff]
[    0.911612] pci 0000:00:00.0: [8086:1237] type 00 class 0x060000 conventional PCI endpoint
[    0.922557] pci 0000:00:01.0: [8086:7000] type 00 class 0x060100 conventional PCI endpoint
[    0.924838] pci 0000:00:01.1: [8086:7010] type 00 class 0x010180 conventional PCI endpoint
[    0.926038] pci 0000:00:01.1: BAR 4 [io  0xc040-0xc04f]
[    0.926592] pci 0000:00:01.1: BAR 0 [io  0x01f0-0x01f7]: legacy IDE quirk
[    0.927258] pci 0000:00:01.1: BAR 1 [io  0x03f6]: legacy IDE quirk
[    0.927869] pci 0000:00:01.1: BAR 2 [io  0x0170-0x0177]: legacy IDE quirk
[    0.928532] pci 0000:00:01.1: BAR 3 [io  0x0376]: legacy IDE quirk
[    0.929707] pci 0000:00:01.3: [8086:7113] type 00 class 0x068000 conventional PCI endpoint
[    0.930841] pci 0000:00:01.3: quirk: [io  0x0600-0x063f] claimed by PIIX4 ACPI
[    0.931554] pci 0000:00:01.3: quirk: [io  0x0700-0x070f] claimed by PIIX4 SMB
[    0.932823] pci 0000:00:02.0: [1234:1111] type 00 class 0x030000 conventional PCI endpoint
[    0.934538] pci 0000:00:02.0: BAR 0 [mem 0xfd000000-0xfdffffff pref]
[    0.935190] pci 0000:00:02.0: BAR 2 [mem 0xfebf0000-0xfebf0fff]
[    0.935799] pci 0000:00:02.0: ROM [mem 0xfebe0000-0xfebeffff pref]
[    0.936515] pci 0000:00:02.0: Video device with shadowed ROM at [mem 0x000c0000-0x000dffff]
[    0.946828] pci 0000:00:03.0: [8086:100e] type 00 class 0x020000 conventional PCI endpoint
[    0.948539] pci 0000:00:03.0: BAR 0 [mem 0xfebc0000-0xfebdffff]
[    0.949141] pci 0000:00:03.0: BAR 1 [io  0xc000-0xc03f]
[    0.949503] pci 0000:00:03.0: ROM [mem 0xfeb80000-0xfebbffff pref]
[    0.974346] ACPI: PCI: Interrupt link LNKA configured for IRQ 10
[    0.976049] ACPI: PCI: Interrupt link LNKB configured for IRQ 10
[    0.977693] ACPI: PCI: Interrupt link LNKC configured for IRQ 11
[    0.979323] ACPI: PCI: Interrupt link LNKD configured for IRQ 11
[    0.980368] ACPI: PCI: Interrupt link LNKS configured for IRQ 9
[    0.985510] iommu: Default domain type: Translated
[    0.986013] iommu: DMA domain TLB invalidation policy: lazy mode
[    0.989932] SCSI subsystem initialized
[    0.993008] ACPI: bus type USB registered
[    0.993008] usbcore: registered new interface driver usbfs
[    0.993008] usbcore: registered new interface driver hub
[    0.993008] usbcore: registered new device driver usb
[    0.993821] pps_core: LinuxPPS API ver. 1 registered
[    0.994321] pps_core: Software ver. 5.3.6 - Copyright 2005-2007 Rodolfo Giometti <giometti@linux.it>
[    0.995254] PTP clock support registered
[    0.997653] EDAC MC: Ver: 3.0.0
[    1.002491] NetLabel: Initializing
[    1.002858] NetLabel:  domain hash size = 128
[    1.003304] NetLabel:  protocols = UNLABELED CIPSOv4 CALIPSO
[    1.004012] NetLabel:  unlabeled traffic allowed by default
[    1.005102] PCI: Using ACPI for IRQ routing
[    1.005843] pci 0000:00:02.0: vgaarb: setting as boot VGA device
[    1.006465] pci 0000:00:02.0: vgaarb: bridge control possible
[    1.007047] pci 0000:00:02.0: vgaarb: VGA device added: decodes=io+mem,owns=io+mem,locks=none
[    1.007902] vgaarb: loaded
[    1.009463] hpet0: at MMIO 0xfed00000, IRQs 2, 8, 0
[    1.009463] hpet0: 3 comparators, 64-bit 100.000000 MHz counter
[    1.017466] clocksource: Switched to clocksource kvm-clock
[    1.017466] VFS: Disk quotas dquot_6.6.0
[    1.017466] VFS: Dquot-cache hash table entries: 512 (order 0, 4096 bytes)
[    1.027550] pnp: PnP ACPI init
[    1.032598] pnp: PnP ACPI: found 6 devices
[    1.053207] clocksource: acpi_pm: mask: 0xffffff max_cycles: 0xffffff, max_idle_ns: 2085701024 ns
[    1.054618] NET: Registered PF_INET protocol family
[    1.055324] IP idents hash table entries: 32768 (order: 6, 262144 bytes, linear)
[    1.057585] tcp_listen_portaddr_hash hash table entries: 1024 (order: 5, 73728 bytes, linear)
[    1.058486] Table-perturb hash table entries: 65536 (order: 6, 262144 bytes, linear)
[    1.059319] TCP established hash table entries: 16384 (order: 5, 131072 bytes, linear)
[    1.060453] TCP bind hash table entries: 16384 (order: 10, 2359296 bytes, linear)
[    1.062352] TCP: Hash tables configured (established 16384 bind 16384)
[    1.063131] UDP hash table entries: 1024 (order: 6, 262144 bytes, linear)
[    1.063931] UDP-Lite hash table entries: 1024 (order: 6, 262144 bytes, linear)
[    1.065028] NET: Registered PF_UNIX/PF_LOCAL protocol family
[    1.066373] RPC: Registered named UNIX socket transport module.
[    1.066993] RPC: Registered udp transport module.
[    1.067476] RPC: Registered tcp transport module.
[    1.067942] RPC: Registered tcp-with-tls transport module.
[    1.068487] RPC: Registered tcp NFSv4.1 backchannel transport module.
[    1.069146] pci_bus 0000:00: resource 4 [io  0x0000-0x0cf7 window]
[    1.069768] pci_bus 0000:00: resource 5 [io  0x0d00-0xffff window]
[    1.070392] pci_bus 0000:00: resource 6 [mem 0x000a0000-0x000bffff window]
[    1.071075] pci_bus 0000:00: resource 7 [mem 0x80000000-0xfebfffff window]
[    1.071759] pci_bus 0000:00: resource 8 [mem 0x100000000-0x17fffffff window]
[    1.072822] pci 0000:00:01.0: PIIX3: Enabling Passive Release
[    1.073404] pci 0000:00:00.0: Limiting direct PCI/PCI transfers
[    1.074097] PCI: CLS 0 bytes, default 64
[    1.074599] ACPI: bus type thunderbolt registered
[    1.075482] clocksource: tsc: mask: 0xffffffffffffffff max_cycles: 0x1881273ac8e, max_idle_ns: 440795257284 ns
[    1.077275] sgx: There are zero EPC sections.
[    3.442191] Callback from call_rcu_tasks() invoked.
[    3.445558] Initialise system trusted keyrings
[    3.446187] Key type blacklist registered
[    3.446868] workingset: timestamp_bits=36 max_order=19 bucket_order=0
[    3.449600] squashfs: version 4.0 (2009/01/31) Phillip Lougher
[    3.451907] NFS: Registering the id_resolver key type
[    3.452461] Key type id_resolver registered
[    3.452891] Key type id_legacy registered
[    3.453348] nfs4filelayout_init: NFSv4 File Layout Driver Registering...
[    3.454052] nfs4flexfilelayout_init: NFSv4 Flexfile Layout Driver Registering...
[    3.455168] fuse: init (API version 7.45)
[    3.456174] SGI XFS with ACLs, security attributes, realtime, quota, no debug enabled
[    3.458230] 9p: Installing v9fs 9p2000 file system support
[    3.473407] Key type asymmetric registered
[    3.473827] Asymmetric key parser 'x509' registered
[    3.474489] Block layer SCSI generic (bsg) driver version 0.4 loaded (major 241)
[    3.475412] io scheduler mq-deadline registered
[    3.475987] io scheduler bfq registered
[    3.476797] ledtrig-cpu: registered to indicate activity on CPUs
[    3.478927] IPMI message handler: version 39.2
[    3.479466] ipmi device interface
[    3.481752] input: Power Button as /devices/LNXSYSTM:00/LNXPWRBN:00/input/input0
[    3.483076] ACPI: button: Power Button [PWRF]
[    3.485243] ERST DBG: ERST support is disabled.
[    3.487220] Serial: 8250/16550 driver, 32 ports, IRQ sharing enabled
[    3.489201] 00:04: ttyS0 at I/O 0x3f8 (irq = 4, base_baud = 115200) is a 16550A
[    3.519495] Linux agpgart interface v0.103
[    3.522363] ACPI: bus type drm_connector registered
[    3.547822] brd: module loaded
[    3.563946] loop: module loaded
[    3.573798] scsi host0: ata_piix
[    3.575664] scsi host1: ata_piix
[    3.576567] ata1: PATA max MWDMA2 cmd 0x1f0 ctl 0x3f6 bmdma 0xc040 irq 14 lpm-pol 0
[    3.577327] ata2: PATA max MWDMA2 cmd 0x170 ctl 0x376 bmdma 0xc048 irq 15 lpm-pol 0
[    3.581895] tun: Universal TUN/TAP device driver, 1.6
[    3.582841] e100: Intel(R) PRO/100 Network Driver
[    3.583318] e100: Copyright(c) 1999-2006 Intel Corporation
[    3.584002] e1000: Intel(R) PRO/1000 Network Driver
[    3.584497] e1000: Copyright (c) 1999-2006 Intel Corporation.
[    3.734249] ata1: found unknown device (class 0)
[    3.735070] ata2: found unknown device (class 0)
[    3.736090] ata2.00: ATAPI: QEMU DVD-ROM, 2.5+, max UDMA/100
[    3.737089] ata1.00: ATA-7: QEMU HARDDISK, 2.5+, max UDMA/100
[    3.737666] ata1.00: 17196647 sectors, multi 16: LBA48 
[    3.739824] scsi 0:0:0:0: Direct-Access     ATA      QEMU HARDDISK    2.5+ PQ: 0 ANSI: 5
[    3.742658] sd 0:0:0:0: Attached scsi generic sg0 type 0
[    3.744134] scsi 1:0:0:0: CD-ROM            QEMU     QEMU DVD-ROM     2.5+ PQ: 0 ANSI: 5
[    3.745564] sd 0:0:0:0: [sda] 17196647 512-byte logical blocks: (8.80 GB/8.20 GiB)
[    3.746561] sd 0:0:0:0: [sda] Write Protect is off
[    3.747410] sd 0:0:0:0: [sda] Write cache: enabled, read cache: enabled, doesn't support DPO or FUA
[    3.748442] sd 0:0:0:0: [sda] Preferred minimum I/O size 512 bytes
[    3.767692] scsi 1:0:0:0: Attached scsi generic sg1 type 5
[    3.776925] sd 0:0:0:0: [sda] Attached SCSI disk
[    4.437327] ACPI: \_SB_.LNKC: Enabled at IRQ 11
[    4.758651] e1000 0000:00:03.0 eth0: (PCI:33MHz:32-bit) 52:54:00:12:34:56
[    4.759367] e1000 0000:00:03.0 eth0: Intel(R) PRO/1000 Network Connection
[    4.760247] e1000e: Intel(R) PRO/1000 Network Driver
[    4.760754] e1000e: Copyright(c) 1999 - 2015 Intel Corporation.
[    4.761500] igb: Intel(R) Gigabit Ethernet Network Driver
[    4.762035] igb: Copyright (c) 2007-2014 Intel Corporation.
[    4.763000] PPP generic driver version 2.4.2
[    4.764357] VFIO - User Level meta-driver version: 0.3
[    4.766132] usbcore: registered new interface driver uas
[    4.766799] usbcore: registered new interface driver usb-storage
[    4.767682] i8042: PNP: PS/2 Controller [PNP0303:KBD,PNP0f13:MOU] at 0x60,0x64 irq 1,12
[    4.769496] serio: i8042 KBD port at 0x60,0x64 irq 1
[    4.770068] serio: i8042 AUX port at 0x60,0x64 irq 12
[    4.771832] mousedev: PS/2 mouse device common for all mice
[    4.773625] input: AT Translated Set 2 keyboard as /devices/platform/i8042/serio0/input/input1
[    4.775406] rtc_cmos 00:05: RTC can wake from S4
[    4.776888] input: VirtualPS/2 VMware VMMouse as /devices/platform/i8042/serio1/input/input4
[    4.777880] rtc_cmos 00:05: registered as rtc0
[    4.778482] rtc_cmos 00:05: setting system clock to 2026-03-12T15:35:55 UTC (1773329755)
[    4.779776] rtc_cmos 00:05: alarms up to one day, y3k, 242 bytes nvram, hpet irqs
[    4.779864] input: VirtualPS/2 VMware VMMouse as /devices/platform/i8042/serio1/input/input3
[    4.780603] i2c_dev: i2c /dev entries driver
[    4.781927] device-mapper: core: CONFIG_IMA_DISABLE_HTABLE is disabled. Duplicate IMA measurements will not be recorded in the IMA log.
[    4.783187] device-mapper: uevent: version 1.0.3
[    4.784071] device-mapper: ioctl: 4.50.0-ioctl (2025-04-28) initialised: dm-devel@lists.linux.dev
[    4.784974] intel_pstate: CPU model not supported
[    4.785705] sdhci: Secure Digital Host Controller Interface driver
[    4.786341] sdhci: Copyright(c) Pierre Ossman
[    4.786983] sdhci-pltfm: SDHCI platform and OF driver helper
[    4.788144] drop_monitor: Initializing network drop monitor service
[    4.789130] NET: Registered PF_INET6 protocol family
[    4.791550] Segment Routing with IPv6
[    4.792007] In-situ OAM (IOAM) with IPv6
[    4.792540] NET: Registered PF_PACKET protocol family
[    4.793263] 9pnet: Installing 9P2000 support
[    4.793827] Key type dns_resolver registered
[    4.795891] IPI shorthand broadcast: enabled
[    4.859983] sched_clock: Marking stable (4840004338, 18072111)->(4857714064, 362385)
[    4.861623] registered taskstats version 1
[    4.862445] Loading compiled-in X.509 certificates
[    4.944690] Demotion targets for Node 0: null
[    4.946390] Key type .fscrypt registered
[    4.946831] Key type fscrypt-provisioning registered
[    4.949574] Key type encrypted registered
[    4.950034] ima: No TPM chip found, activating TPM-bypass!
[    4.950634] ima: Allocated hash algorithm: sha1
[    4.951162] ima: No architecture policies found
[    4.951785] evm: Initialising EVM extended attributes:
[    4.952305] evm: security.selinux
[    4.952645] evm: security.SMACK64
[    4.952983] evm: security.SMACK64EXEC
[    4.953352] evm: security.SMACK64TRANSMUTE
[    4.953770] evm: security.SMACK64MMAP
[    4.954150] evm: security.apparmor
[    4.954500] evm: security.ima
[    4.954802] evm: security.capability
[    4.955163] evm: HMAC attrs: 0x1
[    4.958151] PM:   Magic number: 2:503:588
[    4.959364] RAS: Correctable Errors collector initialized.
[    4.960153] clk: Disabling unused clocks
[    4.960810] PM: genpd: Disabling unused power domains
[    4.962015] check access for rdinit=/init failed: -2, ignoring
[    4.962540] md: Waiting for all devices to be available before autodetect
[    4.963007] md: If you don't use raid, use raid=noautodetect
[    4.963401] md: Autodetecting RAID arrays.
[    4.963695] md: autorun ...
[    4.963895] md: ... autorun DONE.
[    4.969587] EXT4-fs (sda): INFO: recovery required on readonly filesystem
[    4.970114] EXT4-fs (sda): write access will be enabled during recovery
[    5.179002] EXT4-fs (sda): recovery complete
[    5.180617] EXT4-fs (sda): mounted filesystem 088740a9-c8b4-422c-999d-a804eb68a4da ro with ordered data mode. Quota mode: none.
[    5.181484] VFS: Mounted root (ext4 filesystem) readonly on device 8:0.
[    5.183556] devtmpfs: mounted
[    5.184010] VFS: Pivoted into new rootfs
[    5.204552] Freeing unused decrypted memory: 2036K
[    5.210355] Freeing unused kernel image (initmem) memory: 16424K
[    5.210975] Write protecting the kernel read-only data: 102400k
[    5.213429] Freeing unused kernel image (text/rodata gap) memory: 952K
[    5.215030] Freeing unused kernel image (rodata/data gap) memory: 1664K
[    6.214794] x86/mm: Checked W+X mappings: passed, no W+X pages found.
[    6.215350] Run /sbin/init as init process
[    6.330795] systemd[1]: systemd 252-15.el9 running in system mode (+PAM +AUDIT +SELINUX -APPARMOR +IMA +SMACK +SECCOMP +GCRYPT +GNUTLS +OPENSSL +ACL +BLKID +CURL +ELFUTILS -FIDO2 +IDN2 -IDN -IPTC +KMOD +LIBCRYPTSETUP +LIBFDISK +PCRE2 -PWQUALITY +P11KIT -QRENCODE +TPM2 +BZIP2 +LZ4 +XZ +ZLIB +ZSTD -BPF_FRAMEWORK +XKBCOMMON +UTMP +SYSVINIT default-hierarchy=unified)
[    6.332954] systemd[1]: Detected virtualization kvm.
[    6.333311] systemd[1]: Detected architecture x86-64.

Welcome to [0;31mCentOS Stream 9[0m!

[    6.337311] systemd[1]: Hostname set to <test>.
[    6.558899] systemd-rc-local-generator[118]: /etc/rc.d/rc.local is not marked executable, skipping.
[    6.782494] systemd[1]: Queued start job for default target Multi-User System.
[    6.796841] systemd[1]: Created slice Virtual Machine and Container Slice.
[[0;32m  OK  [0m] Created slice [0;1;39mVirtual Machine and Container Slice[0m.
[    6.802035] systemd[1]: Created slice Slice /system/getty.
[[0;32m  OK  [0m] Created slice [0;1;39mSlice /system/getty[0m.
[    6.804944] systemd[1]: Created slice Slice /system/modprobe.
[[0;32m  OK  [0m] Created slice [0;1;39mSlice /system/modprobe[0m.
[    6.808036] systemd[1]: Created slice Slice /system/serial-getty.
[[0;32m  OK  [0m] Created slice [0;1;39mSlice /system/serial-getty[0m.
[    6.811040] systemd[1]: Created slice Slice /system/sshd-keygen.
[[0;32m  OK  [0m] Created slice [0;1;39mSlice /system/sshd-keygen[0m.
[    6.813802] systemd[1]: Created slice User and Session Slice.
[[0;32m  OK  [0m] Created slice [0;1;39mUser and Session Slice[0m.
[    6.815283] systemd[1]: Started Forward Password Requests to Wall Directory Watch.
[[0;32m  OK  [0m] Started [0;1;39mForward Password R…uests to Wall Directory Watch[0m.
[    6.817490] systemd[1]: Set up automount Arbitrary Executable File Formats File System Automount Point.
[[0;32m  OK  [0m] Set up automount [0;1;39mArbitrary…s File System Automount Point[0m.
[    6.819077] systemd[1]: Reached target Local Integrity Protected Volumes.
[[0;32m  OK  [0m] Reached target [0;1;39mLocal Integrity Protected Volumes[0m.
[    6.820310] systemd[1]: Reached target Slice Units.
[[0;32m  OK  [0m] Reached target [0;1;39mSlice Units[0m.
[    6.821235] systemd[1]: Reached target Swaps.
[[0;32m  OK  [0m] Reached target [0;1;39mSwaps[0m.
[    6.822178] systemd[1]: Reached target Local Verity Protected Volumes.
[[0;32m  OK  [0m] Reached target [0;1;39mLocal Verity Protected Volumes[0m.
[    6.823649] systemd[1]: Listening on Device-mapper event daemon FIFOs.
[[0;32m  OK  [0m] Listening on [0;1;39mDevice-mapper event daemon FIFOs[0m.
[    6.825528] systemd[1]: Listening on LVM2 poll daemon socket.
[[0;32m  OK  [0m] Listening on [0;1;39mLVM2 poll daemon socket[0m.
[    6.826798] systemd[1]: multipathd control socket was skipped because of an unmet condition check (ConditionPathExists=/etc/multipath.conf).
[    6.871141] systemd[1]: Listening on RPCbind Server Activation Socket.
[[0;32m  OK  [0m] Listening on [0;1;39mRPCbind Server Activation Socket[0m.
[    6.872461] systemd[1]: Reached target RPC Port Mapper.
[[0;32m  OK  [0m] Reached target [0;1;39mRPC Port Mapper[0m.
[    6.875545] systemd[1]: Listening on Process Core Dump Socket.
[[0;32m  OK  [0m] Listening on [0;1;39mProcess Core Dump Socket[0m.
[    6.876996] systemd[1]: Listening on initctl Compatibility Named Pipe.
[[0;32m  OK  [0m] Listening on [0;1;39minitctl Compatibility Named Pipe[0m.
[    6.878798] systemd[1]: Listening on Journal Socket (/dev/log).
[[0;32m  OK  [0m] Listening on [0;1;39mJournal Socket (/dev/log)[0m.
[    6.880430] systemd[1]: Listening on Journal Socket.
[[0;32m  OK  [0m] Listening on [0;1;39mJournal Socket[0m.
[    6.882026] systemd[1]: Listening on udev Control Socket.
[[0;32m  OK  [0m] Listening on [0;1;39mudev Control Socket[0m.
[    6.883668] systemd[1]: Listening on udev Kernel Socket.
[[0;32m  OK  [0m] Listening on [0;1;39mudev Kernel Socket[0m.
[    6.889902] systemd[1]: Mounting Huge Pages File System...
         Mounting [0;1;39mHuge Pages File System[0m...
[    6.898245] systemd[1]: Mounting POSIX Message Queue File System...
         Mounting [0;1;39mPOSIX Message Queue File System[0m...
[    6.908332] systemd[1]: Mounting Kernel Debug File System...
         Mounting [0;1;39mKernel Debug File System[0m...
[    6.918226] systemd[1]: Mounting Kernel Trace File System...
         Mounting [0;1;39mKernel Trace File System[0m...
[    6.919494] systemd[1]: Kernel Module supporting RPCSEC_GSS was skipped because of an unmet condition check (ConditionPathExists=/etc/krb5.keytab).
[    6.920511] systemd[1]: Create List of Static Device Nodes was skipped because of an unmet condition check (ConditionFileNotEmpty=/lib/modules/6.19.0-3893854000a8+/modules.devname).
[    6.933669] systemd[1]: Starting Monitoring of LVM2 mirrors, snapshots etc. using dmeventd or progress polling...
         Starting [0;1;39mMonitoring of LVM…meventd or progress polling[0m...
[    6.940884] systemd[1]: Starting Load Kernel Module configfs...
         Starting [0;1;39mLoad Kernel Module configfs[0m...
[    6.952908] systemd[1]: Starting Load Kernel Module drm...
         Starting [0;1;39mLoad Kernel Module drm[0m...
[    6.974381] systemd[1]: Starting Load Kernel Module fuse...
         Starting [0;1;39mLoad Kernel Module fuse[0m...
[    7.002496] systemd[1]: Starting Read and set NIS domainname from /etc/sysconfig/network...
         Starting [0;1;39mRead and set NIS …from /etc/sysconfig/network[0m...
[    7.017150] systemd[1]: Starting Journal Service...
         Starting [0;1;39mJournal Service[0m...
[    7.030525] systemd[1]: Starting Load Kernel Modules...
         Starting [0;1;39mLoad Kernel Modules[0m...
[    7.039363] systemd[1]: Starting Generate network units from Kernel command line...
         Starting [0;1;39mGenerate network …ts from Kernel command line[0m...
[    7.054485] systemd[1]: Starting Remount Root and Kernel File Systems...
         Starting [0;1;39mRemount Root and Kernel File Systems[0m...
[    7.061876] systemd[1]: Repartition Root Disk was skipped because no trigger condition checks were met.
[    7.083344] systemd[1]: Starting Coldplug All udev Devices...
         Starting [0;1;39mColdplug All udev Devices[0m...
[    7.115053] systemd[1]: Mounted Huge Pages File System.
[[0;32m  OK  [0m] Mounted [0;1;39mHuge Pages File System[0m.
[    7.118663] systemd[1]: Mounted POSIX Message Queue File System.
[[0;32m  OK  [0m] Mounted [0;1;39mPOSIX Message Queue File System[0m.
[    7.120222] systemd[1]: Mounted Kernel Debug File System.
[[0;32m  OK  [0m] Mounted [0;1;39mKernel Debug File System[0m.
[    7.127592] systemd[1]: Mounted Kernel Trace File System.
[[0;32m  OK  [0m] Mounted [0;1;39mKernel Trace File System[0m.
[    7.135195] systemd[1]: Finished Monitoring of LVM2 mirrors, snapshots etc. using dmeventd or progress polling.
[[0;32m  OK  [0m] Finished [0;1;39mMonitoring of LVM… dmeventd or progress polling[0m.
[    7.139569] systemd[1]: modprobe@configfs.service: Deactivated successfully.
[    7.141151] systemd[1]: Finished Load Kernel Module configfs.
[[0;32m  OK  [0m] Finished [0;1;39mLoad Kernel Module configfs[0m.[    7.142750] EXT4-fs (sda): re-mounted 088740a9-c8b4-422c-999d-a804eb68a4da r/w.

[    7.161553] systemd[1]: modprobe@drm.service: Deactivated successfully.
[    7.167524] systemd[1]: Finished Load Kernel Module drm.
[[0;32m  OK  [0m] Finished [0;1;39mLoad Kernel Module drm[0m.
[    7.175223] systemd[1]: Started Journal Service.
[[0;32m  OK  [0m] Started [0;1;39mJournal Service[0m.
[[0;32m  OK  [0m] Finished [0;1;39mLoad Kernel Module fuse[0m.
[[0;32m  OK  [0m] Finished [0;1;39mRead and set NIS …e from /etc/sysconfig/network[0m.
[[0;1;31mFAILED[0m] Failed to start [0;1;39mLoad Kernel Modules[0m.
See 'systemctl status systemd-modules-load.service' for details.
[[0;32m  OK  [0m] Finished [0;1;39mGenerate network units from Kernel command line[0m.
[[0;32m  OK  [0m] Finished [0;1;39mRemount Root and Kernel File Systems[0m.
[[0;32m  OK  [0m] Reached target [0;1;39mPreparation for Network[0m.
         Mounting [0;1;39mFUSE Control File System[0m...
         Mounting [0;1;39mKernel Configuration File System[0m...
         Starting [0;1;39mFlush Journal to Persistent Storage[0m...
         Starting [0;1;39mLoad/Save Random Seed[0m...
         Starting [0;1;39mApply Kernel Variables[0m...
[    7.288347] systemd-journald[140]: Received client request to flush runtime journal.
         Starting [0;1;39mCreate Static Device Nodes in /dev[0m...
         Starting [0;1;39mSetup Virtual Console[0m...
[[0;32m  OK  [0m] Mounted [0;1;39mFUSE Control File System[0m.
[[0;32m  OK  [0m] Mounted [0;1;39mKernel Configuration File System[0m.
[[0;32m  OK  [0m] Finished [0;1;39mFlush Journal to Persistent Storage[0m.
[[0;32m  OK  [0m] Finished [0;1;39mLoad/Save Random Seed[0m.
[[0;32m  OK  [0m] Finished [0;1;39mApply Kernel Variables[0m.
[[0;32m  OK  [0m] Finished [0;1;39mCreate Static Device Nodes in /dev[0m.
         Starting [0;1;39mRule-based Manage…for Device Events and Files[0m...
[[0;32m  OK  [0m] Started [0;1;39mRule-based Manager for Device Events and Files[0m.
         Starting [0;1;39mAuto-connect to s…E devices found during boot[0m...
[[0;32m  OK  [0m] Finished [0;1;39mAuto-connect to s…VME devices found during boot[0m.
[[0;32m  OK  [0m] Finished [0;1;39mSetup Virtual Console[0m.
[[0;32m  OK  [0m] Finished [0;1;39mColdplug All udev Devices[0m.
         Starting [0;1;39mShow Plymouth Boot Screen[0m...
         Starting [0;1;39mWait for udev To …plete Device Initialization[0m...
[2J[3J[-1;-1f[[0;32m  OK  [0m] Started [0;1;39mShow Plymouth Boot Screen[0m.
[[0;32m  OK  [0m] Started [0;1;39mForward Password R…s to Plymouth Directory Watch[0m.
[[0;32m  OK  [0m] Reached target [0;1;39mLocal Encrypted Volumes[0m.
[[0;32m  OK  [0m] Reached target [0;1;39mPath Units[0m.
[[0;32m  OK  [0m] Found device [0;1;39m/dev/ttyS0[0m.
[[0;32m  OK  [0m] Listening on [0;1;39mLoad/Save RF …itch Status /dev/rfkill Watch[0m.
[[0;32m  OK  [0m] Finished [0;1;39mWait for udev To Complete Device Initialization[0m.
[[0;32m  OK  [0m] Reached target [0;1;39mPreparation for Local File Systems[0m.
[[0;32m  OK  [0m] Reached target [0;1;39mLocal File Systems[0m.
         Starting [0;1;39mTell Plymouth To Write Out Runtime Data[0m...
         Starting [0;1;39mAutomatic Boot Loader Update[0m...
         Starting [0;1;39mCreate Volatile Files and Directories[0m...
[[0;32m  OK  [0m] Finished [0;1;39mTell Plymouth To Write Out Runtime Data[0m.
[[0;32m  OK  [0m] Finished [0;1;39mAutomatic Boot Loader Update[0m.
[[0;32m  OK  [0m] Finished [0;1;39mCreate Volatile Files and Directories[0m.
         Mounting [0;1;39mRPC Pipe File System[0m...
         Starting [0;1;39mSecurity Auditing Service[0m...
         Starting [0;1;39mRPC Bind[0m...
[[0;32m  OK  [0m] Mounted [0;1;39mRPC Pipe File System[0m.
[[0;32m  OK  [0m] Reached target [0;1;39mrpc_pipefs.target[0m.
[[0;32m  OK  [0m] Started [0;1;39mRPC Bind[0m.
[[0;32m  OK  [0m] Started [0;1;39mSecurity Auditing Service[0m.
         Starting [0;1;39mRecord System Boot/Shutdown in UTMP[0m...
[[0;32m  OK  [0m] Finished [0;1;39mRecord System Boot/Shutdown in UTMP[0m.
[[0;32m  OK  [0m] Reached target [0;1;39mSystem Initialization[0m.
[[0;32m  OK  [0m] Started [0;1;39mDaily rotation of log files[0m.
[[0;32m  OK  [0m] Started [0;1;39mUpdates mlocate database every day[0m.
[[0;32m  OK  [0m] Started [0;1;39mDaily Cleanup of Temporary Directories[0m.
[[0;32m  OK  [0m] Started [0;1;39mdaily update of the root trust anchor for DNSSEC[0m.
[[0;32m  OK  [0m] Reached target [0;1;39mTimer Units[0m.
[[0;32m  OK  [0m] Listening on [0;1;39mD-Bus System Message Bus Socket[0m.
[[0;32m  OK  [0m] Listening on [0;1;39mOpen-iSCSI iscsid Socket[0m.
[[0;32m  OK  [0m] Listening on [0;1;39mOpen-iSCSI iscsiuio Socket[0m.
[[0;32m  OK  [0m] Listening on [0;1;39mSSSD Kerberos…ache Manager responder socket[0m.
[[0;32m  OK  [0m] Listening on [0;1;39mLibvirt interface local socket[0m.
[[0;32m  OK  [0m] Listening on [0;1;39mVirtual machine lock manager socket[0m.
[[0;32m  OK  [0m] Listening on [0;1;39mVirtual machine log manager socket[0m.
[[0;32m  OK  [0m] Listening on [0;1;39mLibvirt network local socket[0m.
[[0;32m  OK  [0m] Listening on [0;1;39mLibvirt nodedev local socket[0m.
[[0;32m  OK  [0m] Listening on [0;1;39mLibvirt nwfilter local socket[0m.
[[0;32m  OK  [0m] Listening on [0;1;39mLibvirt proxy local socket[0m.
[[0;32m  OK  [0m] Listening on [0;1;39mLibvirt qemu local socket[0m.
[[0;32m  OK  [0m] Listening on [0;1;39mLibvirt qemu admin socket[0m.
[[0;32m  OK  [0m] Listening on [0;1;39mLibvirt qemu local read-only socket[0m.
[[0;32m  OK  [0m] Listening on [0;1;39mLibvirt secret local socket[0m.
[[0;32m  OK  [0m] Listening on [0;1;39mLibvirt storage local socket[0m.
[[0;32m  OK  [0m] Reached target [0;1;39mSocket Units[0m.
         Starting [0;1;39mD-Bus System Message Bus[0m...
[[0;32m  OK  [0m] Started [0;1;39mD-Bus System Message Bus[0m.
[[0;32m  OK  [0m] Reached target [0;1;39mBasic System[0m.
         Starting [0;1;39mNetwork Manager[0m...
         Starting [0;1;39mNTP client/server[0m...
         Starting [0;1;39mRestore /run/initramfs on shutdown[0m...
[[0;32m  OK  [0m] Started [0;1;39mirqbalance daemon[0m.
[[0;32m  OK  [0m] Started [0;1;39mlibstoragemgmt plug-in server daemon[0m.
[[0;32m  OK  [0m] Started [0;1;39mMachine Check Exception Logging Daemon[0m.
[[0;32m  OK  [0m] Reached target [0;1;39msshd-keygen.target[0m.
[[0;32m  OK  [0m] Reached target [0;1;39mUser and Group Name Lookups[0m.
         Starting [0;1;39mUser Login Management[0m...
         Starting [0;1;39mVirtual Machine a…tainer Registration Service[0m...
[[0;32m  OK  [0m] Finished [0;1;39mRestore /run/initramfs on shutdown[0m.
[[0;32m  OK  [0m] Started [0;1;39mVirtual Machine an…ontainer Registration Service[0m.
         Starting [0;1;39mHostname Service[0m...
[[0;32m  OK  [0m] Started [0;1;39mNTP client/server[0m.
[[0;32m  OK  [0m] Started [0;1;39mUser Login Management[0m.
[[0;32m  OK  [0m] Started [0;1;39mHostname Service[0m.
         Starting [0;1;39mNetwork Manager Script Dispatcher Service[0m...
[[0;32m  OK  [0m] Started [0;1;39mNetwork Manager Script Dispatcher Service[0m.
[   10.610323] e1000: eth0 NIC Link is Up 1000 Mbps Full Duplex, Flow Control: RX
[[0;32m  OK  [0m] Started [0;1;39mNetwork Manager[0m.
[[0;32m  OK  [0m] Reached target [0;1;39mNetwork[0m.
[[0;32m  OK  [0m] Reached target [0;1;39mNetwork is Online[0m.
         Starting [0;1;39mGSSAPI Proxy Daemon[0m...
         Starting [0;1;39mNotify NFS peers of a restart[0m...
         Starting [0;1;39mSystem Logging Service[0m...
         Starting [0;1;39mOpenSSH server daemon[0m...
         Starting [0;1;39mDynamic System Tuning Daemon[0m...
[[0;32m  OK  [0m] Started [0;1;39mNotify NFS peers of a restart[0m.
[[0;32m  OK  [0m] Started [0;1;39mOpenSSH server daemon[0m.
[[0;32m  OK  [0m] Started [0;1;39mGSSAPI Proxy Daemon[0m.
[[0;32m  OK  [0m] Reached target [0;1;39mNFS client services[0m.
[[0;32m  OK  [0m] Reached target [0;1;39mPreparation for Remote File Systems[0m.
[[0;32m  OK  [0m] Reached target [0;1;39mRemote File Systems[0m.
         Starting [0;1;39mPermit User Sessions[0m...
         Starting [0;1;39mVirtualization qemu daemon[0m...
[[0;32m  OK  [0m] Finished [0;1;39mPermit User Sessions[0m.
[[0;32m  OK  [0m] Started [0;1;39mSystem Logging Service[0m.
[[0;32m  OK  [0m] Started [0;1;39mDeferred execution scheduler[0m.
[[0;32m  OK  [0m] Started [0;1;39mCommand Scheduler[0m.
         Starting [0;1;39mHold until boot process finishes up[0m...
         Starting [0;1;39mTerminate Plymouth Boot Screen[0m...

CentOS Stream 9
Kernel 6.19.0-3893854000a8+ on an x86_64

Activate the web console with: systemctl enable --now cockpit.socket

test login: [  300.330152] INFO: task systemd:748 blocked for more than 147 seconds.
[  300.330694]       Not tainted 6.19.0-3893854000a8+ #1
[  300.331048] "echo 0 > /proc/sys/kernel/hung_task_timeout_secs" disables this message.
[  300.331588] task:systemd         state:D stack:0     pid:748   tgid:1     ppid:0      task_flags:0x400040 flags:0x00080000
[  300.332345] Call Trace:
[  300.332530]  <TASK>
[  300.332697]  __schedule+0xfcb/0x40e0
[  300.333001]  ? __pfx___schedule+0x10/0x10
[  300.333293]  ? lock_release+0x14f/0x2a0
[  300.333584]  ? wait_transaction_locked+0x196/0x240
[  300.333922]  schedule+0xf6/0x3d0
[  300.334196]  wait_transaction_locked+0x1bb/0x240
[  300.334539]  ? wait_transaction_locked+0x196/0x240
[  300.334883]  ? __pfx_wait_transaction_locked+0x10/0x10
[  300.335244]  ? __pfx_autoremove_wake_function+0x10/0x10
[  300.335619]  ? jbd2__journal_start+0x19c/0x810
[  300.335946]  add_transaction_credits+0x121/0x1000
[  300.336285]  ? __pfx_add_transaction_credits+0x10/0x10
[  300.336647]  ? __this_cpu_preempt_check+0x21/0x30
[  300.336989]  ? lock_acquire+0x180/0x2f0
[  300.337273]  ? __kasan_check_write+0x18/0x20
[  300.337592]  start_this_handle+0x457/0x1550
[  300.337896]  ? __pfx_start_this_handle+0x10/0x10
[  300.338247]  ? debug_smp_processor_id+0x20/0x30
[  300.338573]  ? rcu_is_watching+0x19/0xc0
[  300.338848]  ? kmem_cache_alloc_noprof+0x4e2/0x780
[  300.339193]  jbd2__journal_start+0x397/0x810
[  300.339502]  __ext4_journal_start_sb+0x3fc/0x580
[  300.339827]  ? ext4_rmdir+0x637/0xf10
[  300.340092]  ext4_rmdir+0x637/0xf10
[  300.340352]  ? __pfx_ext4_rmdir+0x10/0x10
[  300.340641]  ? __pfx_down_write+0x10/0x10
[  300.340924]  ? do_raw_spin_unlock+0x15c/0x210
[  300.341232]  vfs_rmdir+0x351/0x880
[  300.341483]  do_rmdir+0x450/0x5e0
[  300.341724]  ? __pfx_do_rmdir+0x10/0x10
[  300.341997]  ? __sanitizer_cov_trace_const_cmp8+0x1c/0x30
[  300.342384]  ? strncpy_from_user+0x198/0x290
[  300.342695]  ? getname_flags.part.0+0x1d5/0x570
[  300.343032]  __x64_sys_unlinkat+0xff/0x130
[  300.343329]  x64_sys_call+0xea8/0x21b0
[  300.343604]  do_syscall_64+0x6d/0x1180
[  300.343876]  entry_SYSCALL_64_after_hwframe+0x76/0x7e
[  300.344222] RIP: 0033:0x7f0b18e3ebab
[  300.344481] RSP: 002b:00007f0b185b0838 EFLAGS: 00000246 ORIG_RAX: 0000000000000107
[  300.344993] RAX: ffffffffffffffda RBX: 0000000000000006 RCX: 00007f0b18e3ebab
[  300.345483] RDX: 0000000000000200 RSI: 00007f0b10008bf0 RDI: 000000000000000c
[  300.345969] RBP: 000000000000000c R08: 0000000000000003 R09: 0000000000000078
[  300.346463] R10: 000000000000009b R11: 0000000000000246 R12: 0000000000000000
[  300.346949] R13: 00007f0b10008bf0 R14: 0000000000000200 R15: 0000000000000006
[  300.347447]  </TASK>
[  300.347617] INFO: task systemd:749 blocked for more than 147 seconds.
[  300.348055]       Not tainted 6.19.0-3893854000a8+ #1
[  300.348402] "echo 0 > /proc/sys/kernel/hung_task_timeout_secs" disables this message.
[  300.348930] task:systemd         state:D stack:0     pid:749   tgid:1     ppid:0      task_flags:0x400040 flags:0x00080000
[  300.349682] Call Trace:
[  300.349860]  <TASK>
[  300.350020]  __schedule+0xfcb/0x40e0
[  300.350300]  ? __pfx___schedule+0x10/0x10
[  300.350595]  ? lock_release+0x14f/0x2a0
[  300.350880]  ? wait_transaction_locked+0x196/0x240
[  300.351222]  schedule+0xf6/0x3d0
[  300.351472]  wait_transaction_locked+0x1bb/0x240
[  300.351801]  ? wait_transaction_locked+0x196/0x240
[  300.352139]  ? __pfx_wait_transaction_locked+0x10/0x10
[  300.352508]  ? __pfx_autoremove_wake_function+0x10/0x10
[  300.352884]  ? jbd2__journal_start+0x19c/0x810
[  300.353213]  add_transaction_credits+0x121/0x1000
[  300.353552]  ? __pfx_add_transaction_credits+0x10/0x10
[  300.353911]  ? __this_cpu_preempt_check+0x21/0x30
[  300.354265]  ? lock_acquire+0x180/0x2f0
[  300.354560]  ? __kasan_check_write+0x18/0x20
[  300.354873]  start_this_handle+0x457/0x1550
[  300.355177]  ? __pfx_start_this_handle+0x10/0x10
[  300.355508]  ? debug_smp_processor_id+0x20/0x30
[  300.355838]  ? rcu_is_watching+0x19/0xc0
[  300.356118]  ? kmem_cache_alloc_noprof+0x4e2/0x780
[  300.356480]  jbd2__journal_start+0x397/0x810
[  300.356793]  __ext4_journal_start_sb+0x3fc/0x580
[  300.357117]  ? ext4_rmdir+0x637/0xf10
[  300.357385]  ext4_rmdir+0x637/0xf10
[  300.357646]  ? __pfx_ext4_rmdir+0x10/0x10
[  300.357937]  ? __pfx_down_write+0x10/0x10
[  300.358232]  ? do_raw_spin_unlock+0x15c/0x210
[  300.358551]  vfs_rmdir+0x351/0x880
[  300.358796]  do_rmdir+0x450/0x5e0
[  300.359044]  ? __pfx_do_rmdir+0x10/0x10
[  300.359319]  ? __sanitizer_cov_trace_const_cmp8+0x1c/0x30
[  300.359692]  ? strncpy_from_user+0x198/0x290
[  300.359994]  ? getname_flags.part.0+0x1d5/0x570
[  300.360325]  __x64_sys_unlinkat+0xff/0x130
[  300.360621]  x64_sys_call+0xea8/0x21b0
[  300.360885]  do_syscall_64+0x6d/0x1180
[  300.361154]  entry_SYSCALL_64_after_hwframe+0x76/0x7e
[  300.361503] RIP: 0033:0x7f0b18e3ebab
[  300.361756] RSP: 002b:00007f0b17daf838 EFLAGS: 00000246 ORIG_RAX: 0000000000000107
[  300.362295] RAX: ffffffffffffffda RBX: 0000000000000006 RCX: 00007f0b18e3ebab
[  300.362786] RDX: 0000000000000200 RSI: 00007f0b08008bf0 RDI: 0000000000000016
[  300.363270] RBP: 0000000000000016 R08: 0000000000000003 R09: 0000000000000078
[  300.363757] R10: 000000000000009b R11: 0000000000000246 R12: 0000000000000000
[  300.364247] R13: 00007f0b08008bf0 R14: 0000000000000200 R15: 0000000000000006
[  300.364743]  </TASK>
[  300.364914] INFO: task kworker/u8:1:33 blocked for more than 147 seconds.
[  300.365376]       Not tainted 6.19.0-3893854000a8+ #1
[  300.365726] "echo 0 > /proc/sys/kernel/hung_task_timeout_secs" disables this message.
[  300.366263] task:kworker/u8:1    state:D stack:0     pid:33    tgid:33    ppid:2      task_flags:0x4248060 flags:0x00080000
[  300.367029] Workqueue: writeback wb_workfn (flush-8:0)
[  300.367400] Call Trace:
[  300.367584]  <TASK>
[  300.367747]  __schedule+0xfcb/0x40e0
[  300.368012]  ? __pfx___schedule+0x10/0x10
[  300.368305]  ? lock_release+0x14f/0x2a0
[  300.368583]  ? kthread_data+0x61/0xd0
[  300.368847]  ? wait_transaction_locked+0x196/0x240
[  300.369189]  schedule+0xf6/0x3d0
[  300.369435]  wait_transaction_locked+0x1bb/0x240
[  300.369767]  ? wait_transaction_locked+0x196/0x240
[  300.370125]  ? __pfx_wait_transaction_locked+0x10/0x10
[  300.370489]  ? check_noncircular+0x80/0x150
[  300.370787]  ? __pfx_autoremove_wake_function+0x10/0x10
[  300.371147]  ? __this_cpu_preempt_check+0x21/0x30
[  300.371488]  ? lockdep_unlock+0x62/0xd0
[  300.371764]  add_transaction_credits+0x121/0x1000
[  300.372106]  ? __pfx_add_transaction_credits+0x10/0x10
[  300.372461]  ? __this_cpu_preempt_check+0x21/0x30
[  300.372798]  ? lock_acquire+0x180/0x2f0
[  300.373073]  ? __kasan_check_write+0x18/0x20
[  300.373382]  start_this_handle+0x457/0x1550
[  300.373690]  ? __pfx_start_this_handle+0x10/0x10
[  300.374012]  ? debug_smp_processor_id+0x20/0x30
[  300.374345]  ? rcu_is_watching+0x19/0xc0
[  300.374633]  ? kmem_cache_alloc_noprof+0x4e2/0x780
[  300.374989]  jbd2__journal_start+0x397/0x810
[  300.375306]  __ext4_journal_start_sb+0x3fc/0x580
[  300.375642]  ? __sanitizer_cov_trace_const_cmp4+0x1a/0x20
[  300.376025]  ? ext4_do_writepages+0x1112/0x3930
[  300.376353]  ext4_do_writepages+0x1112/0x3930
[  300.376675]  ? check_noncircular+0x80/0x150
[  300.376975]  ? arch_stack_walk+0x8b/0xf0
[  300.377274]  ? __lock_acquire+0x412/0x2210
[  300.377583]  ? __pfx_ext4_do_writepages+0x10/0x10
[  300.377925]  ? __this_cpu_preempt_check+0x21/0x30
[  300.378271]  ? lock_is_held_type+0xef/0x150
[  300.378576]  ext4_writepages+0x3e1/0x870
[  300.378850]  ? ext4_writepages+0x3e1/0x870
[  300.379135]  ? __pfx_ext4_writepages+0x10/0x10
[  300.379462]  ? __pfx_ext4_writepages+0x10/0x10
[  300.379778]  do_writepages+0x255/0x5b0
[  300.380056]  __writeback_single_inode+0x121/0x11f0
[  300.380398]  ? _raw_spin_unlock+0x31/0x60
[  300.380686]  ? __sanitizer_cov_trace_const_cmp8+0x1c/0x30
[  300.381061]  ? wbc_attach_and_unlock_inode.part.0+0x47a/0x890
[  300.381467]  writeback_sb_inodes+0x785/0x1c80
[  300.381788]  ? __pfx_writeback_sb_inodes+0x10/0x10
[  300.382135]  ? __lock_acquire+0x412/0x2210
[  300.382424]  ? __lock_acquire+0x412/0x2210
[  300.382751]  ? __sanitizer_cov_trace_const_cmp8+0x1c/0x30
[  300.383135]  __writeback_inodes_wb+0xc8/0x280
[  300.383449]  wb_writeback+0x652/0x9e0
[  300.383723]  ? __pfx_wb_writeback+0x10/0x10
[  300.384033]  ? __sanitizer_cov_trace_cmp4+0x1a/0x20
[  300.384370]  ? get_nr_dirty_inodes+0x12c/0x1b0
[  300.384696]  wb_workfn+0x713/0xe60
[  300.384937]  ? try_to_wake_up+0x186/0x1b60
[  300.385230]  ? __pfx_wb_workfn+0x10/0x10
[  300.385518]  process_one_work+0x930/0x1ad0
[  300.385810]  ? __lock_acquire+0x412/0x2210
[  300.386127]  ? __pfx_process_one_work+0x10/0x10
[  300.386450]  ? move_linked_works+0x1bf/0x2c0
[  300.386764]  ? __this_cpu_preempt_check+0x21/0x30
[  300.387103]  ? assign_work+0x19f/0x250
[  300.387379]  ? lock_is_held_type+0xef/0x150
[  300.387686]  worker_thread+0x697/0xeb0
[  300.387966]  ? __pfx_worker_thread+0x10/0x10
[  300.388280]  kthread+0x464/0x980
[  300.388528]  ? __pfx_kthread+0x10/0x10
[  300.388796]  ? trace_hardirqs_on+0x26/0x130
[  300.389087]  ? _raw_spin_unlock_irq+0x3c/0x60
[  300.389440]  ? __pfx_kthread+0x10/0x10
[  300.389715]  ret_from_fork+0x780/0x8f0
[  300.389973]  ? __pfx_ret_from_fork+0x10/0x10
[  300.390281]  ? native_load_tls+0x16/0x50
[  300.390555]  ? __sanitizer_cov_trace_const_cmp8+0x1c/0x30
[  300.390909]  ? __switch_to+0x823/0x10b0
[  300.391177]  ? __pfx_kthread+0x10/0x10
[  300.391434]  ret_from_fork_asm+0x1a/0x30
[  300.391719]  </TASK>
[  300.391873] INFO: task kworker/u8:2:36 blocked for more than 147 seconds.
[  300.392309]       Not tainted 6.19.0-3893854000a8+ #1
[  300.392645] "echo 0 > /proc/sys/kernel/hung_task_timeout_secs" disables this message.
[  300.393143] task:kworker/u8:2    state:D stack:0     pid:36    tgid:36    ppid:2      task_flags:0x4248060 flags:0x00080000
[  300.393853] Workqueue: writeback wb_workfn (flush-8:0)
[  300.394209] Call Trace:
[  300.394379]  <TASK>
[  300.394540]  __schedule+0xfcb/0x40e0
[  300.394799]  ? __pfx___schedule+0x10/0x10
[  300.395074]  ? lock_release+0x14f/0x2a0
[  300.395339]  ? kthread_data+0x61/0xd0
[  300.395601]  ? wait_transaction_locked+0x196/0x240
[  300.395927]  schedule+0xf6/0x3d0
[  300.396159]  wait_transaction_locked+0x1bb/0x240
[  300.396475]  ? wait_transaction_locked+0x196/0x240
[  300.396798]  ? __pfx_wait_transaction_locked+0x10/0x10
[  300.397148]  ? __pfx_autoremove_wake_function+0x10/0x10
[  300.397508]  ? jbd2__journal_start+0x253/0x810
[  300.397820]  add_transaction_credits+0x121/0x1000
[  300.398153]  ? ext4_init_io_end+0x32/0x190
[  300.398431]  ? __pfx_add_transaction_credits+0x10/0x10
[  300.398779]  ? __this_cpu_preempt_check+0x21/0x30
[  300.399096]  ? lock_acquire+0x180/0x2f0
[  300.399360]  ? blk_cgroup_bio_start+0x389/0x660
[  300.399672]  ? __kasan_check_write+0x18/0x20
[  300.399966]  start_this_handle+0x457/0x1550
[  300.400256]  ? __pfx_start_this_handle+0x10/0x10
[  300.400569]  ? debug_smp_processor_id+0x20/0x30
[  300.400875]  ? rcu_is_watching+0x19/0xc0
[  300.401137]  ? kmem_cache_alloc_noprof+0x4e2/0x780
[  300.401468]  jbd2__journal_start+0x397/0x810
[  300.401761]  __ext4_journal_start_sb+0x3fc/0x580
[  300.402094]  ? __sanitizer_cov_trace_const_cmp4+0x1a/0x20
[  300.402452]  ? ext4_do_writepages+0x1112/0x3930
[  300.402762]  ext4_do_writepages+0x1112/0x3930
[  300.403056]  ? __sanitizer_cov_trace_cmp8+0x1c/0x30
[  300.403376]  ? stack_trace_save+0x96/0xd0
[  300.403660]  ? __lock_acquire+0x412/0x2210
[  300.403936]  ? update_stack_state+0x2d9/0x610
[  300.404237]  ? __pfx_ext4_do_writepages+0x10/0x10
[  300.404556]  ? __this_cpu_preempt_check+0x21/0x30
[  300.404873]  ? lock_is_held_type+0xef/0x150
[  300.405161]  ext4_writepages+0x3e1/0x870
[  300.405421]  ? ext4_writepages+0x3e1/0x870
[  300.405708]  ? __pfx_ext4_writepages+0x10/0x10
[  300.406018]  ? do_raw_spin_unlock+0x15c/0x210
[  300.406329]  ? __pfx_ext4_writepages+0x10/0x10
[  300.406633]  do_writepages+0x255/0x5b0
[  300.406895]  __writeback_single_inode+0x121/0x11f0
[  300.407218]  ? _raw_spin_unlock+0x31/0x60
[  300.407495]  ? __sanitizer_cov_trace_const_cmp8+0x1c/0x30
[  300.407850]  ? wbc_attach_and_unlock_inode.part.0+0x47a/0x890
[  300.408236]  writeback_sb_inodes+0x785/0x1c80
[  300.408545]  ? __pfx_writeback_sb_inodes+0x10/0x10
[  300.408866]  ? __lock_acquire+0x412/0x2210
[  300.409145]  ? __sanitizer_cov_trace_cmp4+0x1a/0x20
[  300.409501]  ? __sanitizer_cov_trace_const_cmp8+0x1c/0x30
[  300.409859]  __writeback_inodes_wb+0xc8/0x280
[  300.410176]  wb_writeback+0x652/0x9e0
[  300.410435]  ? __pfx_wb_writeback+0x10/0x10
[  300.410729]  ? __sanitizer_cov_trace_cmp4+0x1a/0x20
[  300.411053]  ? get_nr_dirty_inodes+0x12c/0x1b0
[  300.411362]  wb_workfn+0x713/0xe60
[  300.411597]  ? try_to_wake_up+0x186/0x1b60
[  300.411874]  ? __pfx_wb_workfn+0x10/0x10
[  300.412148]  process_one_work+0x930/0x1ad0
[  300.412428]  ? __lock_acquire+0x412/0x2210
[  300.412722]  ? __pfx_process_one_work+0x10/0x10
[  300.413029]  ? move_linked_works+0x1bf/0x2c0
[  300.413322]  ? __this_cpu_preempt_check+0x21/0x30
[  300.413650]  ? assign_work+0x19f/0x250
[  300.413909]  ? lock_is_held_type+0xef/0x150
[  300.414209]  worker_thread+0x697/0xeb0
[  300.414478]  ? __pfx_worker_thread+0x10/0x10
[  300.414777]  kthread+0x464/0x980
[  300.415002]  ? __pfx_kthread+0x10/0x10
[  300.415262]  ? trace_hardirqs_on+0x26/0x130
[  300.415547]  ? _raw_spin_unlock_irq+0x3c/0x60
[  300.415845]  ? __pfx_kthread+0x10/0x10
[  300.416105]  ret_from_fork+0x780/0x8f0
[  300.416358]  ? __pfx_ret_from_fork+0x10/0x10
[  300.416650]  ? native_load_tls+0x16/0x50
[  300.416919]  ? __sanitizer_cov_trace_const_cmp8+0x1c/0x30
[  300.417277]  ? __switch_to+0x823/0x10b0
[  300.417544]  ? __pfx_kthread+0x10/0x10
[  300.417800]  ret_from_fork_asm+0x1a/0x30
[  300.418088]  </TASK>
[  300.418246] INFO: task kworker/u8:3:53 blocked for more than 147 seconds.
[  300.418684]       Not tainted 6.19.0-3893854000a8+ #1
[  300.419015] "echo 0 > /proc/sys/kernel/hung_task_timeout_secs" disables this message.
[  300.419517] task:kworker/u8:3    state:D stack:0     pid:53    tgid:53    ppid:2      task_flags:0x4248160 flags:0x00080000
[  300.420227] Workqueue: writeback wb_workfn (flush-8:0)
[  300.420570] Call Trace:
[  300.420738]  <TASK>
[  300.420891]  __schedule+0xfcb/0x40e0
[  300.421144]  ? __pfx___schedule+0x10/0x10
[  300.421417]  ? lock_release+0x14f/0x2a0
[  300.421680]  ? kthread_data+0x61/0xd0
[  300.421934]  ? wait_transaction_locked+0x196/0x240
[  300.422266]  schedule+0xf6/0x3d0
[  300.422503]  wait_transaction_locked+0x1bb/0x240
[  300.422819]  ? wait_transaction_locked+0x196/0x240
[  300.423144]  ? __pfx_wait_transaction_locked+0x10/0x10
[  300.423495]  ? __pfx_autoremove_wake_function+0x10/0x10
[  300.423850]  ? jbd2__journal_start+0x253/0x810
[  300.424163]  add_transaction_credits+0x121/0x1000
[  300.424486]  ? ext4_init_io_end+0x32/0x190
[  300.424766]  ? __pfx_add_transaction_credits+0x10/0x10
[  300.425110]  ? __this_cpu_preempt_check+0x21/0x30
[  300.425433]  ? lock_acquire+0x180/0x2f0
[  300.425709]  ? blk_cgroup_bio_start+0x389/0x660
[  300.426018]  ? __kasan_check_write+0x18/0x20
[  300.426329]  start_this_handle+0x457/0x1550
[  300.426624]  ? __pfx_start_this_handle+0x10/0x10
[  300.426929]  ? debug_smp_processor_id+0x20/0x30
[  300.427235]  ? rcu_is_watching+0x19/0xc0
[  300.427504]  ? kmem_cache_alloc_noprof+0x4e2/0x780
[  300.427836]  jbd2__journal_start+0x397/0x810
[  300.428128]  __ext4_journal_start_sb+0x3fc/0x580
[  300.428435]  ? __sanitizer_cov_trace_const_cmp4+0x1a/0x20
[  300.428796]  ? ext4_do_writepages+0x1112/0x3930
[  300.429104]  ext4_do_writepages+0x1112/0x3930
[  300.429397]  ? ret_from_fork_asm+0x1a/0x30
[  300.429681]  ? __lock_acquire+0x412/0x2210
[  300.429965]  ? __pfx_ext4_do_writepages+0x10/0x10
[  300.430296]  ? __this_cpu_preempt_check+0x21/0x30
[  300.430615]  ? lock_is_held_type+0xef/0x150
[  300.430901]  ext4_writepages+0x3e1/0x870
[  300.431163]  ? ext4_writepages+0x3e1/0x870
[  300.431440]  ? __pfx_ext4_writepages+0x10/0x10
[  300.431763]  ? do_raw_spin_unlock+0x15c/0x210
[  300.432057]  ? __pfx_ext4_writepages+0x10/0x10
[  300.432361]  do_writepages+0x255/0x5b0
[  300.432623]  __writeback_single_inode+0x121/0x11f0
[  300.432943]  ? _raw_spin_unlock+0x31/0x60
[  300.433215]  ? __sanitizer_cov_trace_const_cmp4+0x1a/0x20
[  300.433574]  ? wbc_attach_and_unlock_inode.part.0+0x47a/0x890
[  300.433959]  writeback_sb_inodes+0x785/0x1c80
[  300.434278]  ? __pfx_writeback_sb_inodes+0x10/0x10
[  300.434610]  ? __lock_acquire+0x412/0x2210
[  300.434892]  ? __lock_acquire+0x412/0x2210
[  300.435206]  ? __sanitizer_cov_trace_const_cmp8+0x1c/0x30
[  300.435582]  __writeback_inodes_wb+0xc8/0x280
[  300.435889]  wb_writeback+0x652/0x9e0
[  300.436149]  ? __pfx_wb_writeback+0x10/0x10
[  300.436444]  ? __sanitizer_cov_trace_cmp4+0x1a/0x20
[  300.436778]  ? get_nr_dirty_inodes+0x12c/0x1b0
[  300.437091]  wb_workfn+0x713/0xe60
[  300.437333]  ? __pfx_wb_workfn+0x10/0x10
[  300.437613]  process_one_work+0x930/0x1ad0
[  300.437896]  ? __lock_acquire+0x412/0x2210
[  300.438194]  ? __pfx_process_one_work+0x10/0x10
[  300.438504]  ? move_linked_works+0x1bf/0x2c0
[  300.438793]  ? __this_cpu_preempt_check+0x21/0x30
[  300.439114]  ? assign_work+0x19f/0x250
[  300.439369]  ? lock_is_held_type+0xef/0x150
[  300.439658]  worker_thread+0x697/0xeb0
[  300.439916]  ? _raw_spin_unlock_irqrestore+0x35/0x70
[  300.440248]  ? trace_hardirqs_on+0x26/0x130
[  300.440534]  ? __pfx_worker_thread+0x10/0x10
[  300.440833]  kthread+0x464/0x980
[  300.441058]  ? __pfx_kthread+0x10/0x10
[  300.441311]  ? trace_hardirqs_on+0x26/0x130
[  300.441598]  ? _raw_spin_unlock_irq+0x3c/0x60
[  300.441893]  ? __pfx_kthread+0x10/0x10
[  300.442168]  ret_from_fork+0x780/0x8f0
[  300.442428]  ? __pfx_ret_from_fork+0x10/0x10
[  300.442719]  ? native_load_tls+0x16/0x50
[  300.442990]  ? __sanitizer_cov_trace_const_cmp8+0x1c/0x30
[  300.443344]  ? __switch_to+0x823/0x10b0
[  300.443617]  ? __pfx_kthread+0x10/0x10
[  300.443879]  ret_from_fork_asm+0x1a/0x30
[  300.444162]  </TASK>
[  300.444326] INFO: task jbd2/sda-8:97 blocked for more than 147 seconds.
[  300.444765]       Not tainted 6.19.0-3893854000a8+ #1
[  300.445104] "echo 0 > /proc/sys/kernel/hung_task_timeout_secs" disables this message.
[  300.445617] task:jbd2/sda-8      state:D stack:0     pid:97    tgid:97    ppid:2      task_flags:0x240040 flags:0x00080000
[  300.446346] Call Trace:
[  300.446515]  <TASK>
[  300.446671]  __schedule+0xfcb/0x40e0
[  300.446926]  ? __pfx___schedule+0x10/0x10
[  300.447201]  ? lock_release+0x14f/0x2a0
[  300.447470]  schedule+0xf6/0x3d0
[  300.447697]  jbd2_journal_wait_updates+0x146/0x270
[  300.448028]  ? __pfx_jbd2_journal_wait_updates+0x10/0x10
[  300.448383]  ? __pfx_autoremove_wake_function+0x10/0x10
[  300.448732]  ? lock_release+0x14f/0x2a0
[  300.449000]  jbd2_journal_commit_transaction+0x7aa/0x6290
[  300.449378]  ? __lock_acquire+0x412/0x2210
[  300.449664]  ? __pfx_jbd2_journal_commit_transaction+0x10/0x10
[  300.450056]  ? do_raw_spin_lock+0x140/0x280
[  300.450349]  ? __pfx_do_raw_spin_lock+0x10/0x10
[  300.450659]  ? lock_acquire+0x180/0x2f0
[  300.450932]  ? __timer_delete_sync+0x20a/0x300
[  300.451241]  ? __this_cpu_preempt_check+0x21/0x30
[  300.451566]  ? _raw_spin_unlock_irqrestore+0x35/0x70
[  300.451905]  ? lockdep_hardirqs_on+0x85/0x110
[  300.452207]  ? _raw_spin_unlock_irqrestore+0x35/0x70
[  300.452547]  ? trace_hardirqs_on+0x26/0x130
[  300.452830]  ? _raw_spin_unlock_irqrestore+0x45/0x70
[  300.453167]  ? __sanitizer_cov_trace_const_cmp4+0x1a/0x20
[  300.453532]  ? __timer_delete_sync+0x21e/0x300
[  300.453845]  ? __this_cpu_preempt_check+0x21/0x30
[  300.454181]  ? lock_release+0x14f/0x2a0
[  300.454451]  kjournald2+0x203/0x790
[  300.454707]  ? __pfx_kjournald2+0x10/0x10
[  300.454977]  ? _raw_spin_unlock_irqrestore+0x35/0x70
[  300.455313]  ? trace_hardirqs_on+0x26/0x130
[  300.455601]  ? __pfx_autoremove_wake_function+0x10/0x10
[  300.455954]  ? __sanitizer_cov_trace_const_cmp1+0x1e/0x30
[  300.456312]  ? __kthread_parkme+0x1bc/0x260
[  300.456603]  ? __pfx_kjournald2+0x10/0x10
[  300.456875]  kthread+0x464/0x980
[  300.457103]  ? __pfx_kthread+0x10/0x10
[  300.457364]  ? trace_hardirqs_on+0x26/0x130
[  300.457655]  ? _raw_spin_unlock_irq+0x3c/0x60
[  300.457953]  ? __pfx_kthread+0x10/0x10
[  300.458232]  ret_from_fork+0x780/0x8f0
[  300.458488]  ? __pfx_ret_from_fork+0x10/0x10
[  300.458776]  ? native_load_tls+0x16/0x50
[  300.459044]  ? __sanitizer_cov_trace_const_cmp8+0x1c/0x30
[  300.459398]  ? __switch_to+0x823/0x10b0
[  300.459661]  ? __pfx_kthread+0x10/0x10
[  300.459917]  ret_from_fork_asm+0x1a/0x30
[  300.460192]  </TASK>
[  300.460347] INFO: task auditd:235 blocked for more than 147 seconds.
[  300.460761]       Not tainted 6.19.0-3893854000a8+ #1
[  300.461092] "echo 0 > /proc/sys/kernel/hung_task_timeout_secs" disables this message.
[  300.461594] task:auditd          state:D stack:0     pid:235   tgid:235   ppid:1      task_flags:0x400140 flags:0x00080000
[  300.462304] Call Trace:
[  300.462480]  <TASK>
[  300.462638]  __schedule+0xfcb/0x40e0
[  300.462899]  ? __pfx___schedule+0x10/0x10
[  300.463178]  ? lock_release+0x14f/0x2a0
[  300.463444]  ? wait_transaction_locked+0x196/0x240
[  300.463777]  schedule+0xf6/0x3d0
[  300.464009]  wait_transaction_locked+0x1bb/0x240
[  300.464321]  ? wait_transaction_locked+0x196/0x240
[  300.464649]  ? __pfx_wait_transaction_locked+0x10/0x10
[  300.464998]  ? __pfx_autoremove_wake_function+0x10/0x10
[  300.465353]  ? jbd2__journal_start+0x19c/0x810
[  300.465663]  add_transaction_credits+0x121/0x1000
[  300.465991]  ? __pfx_add_transaction_credits+0x10/0x10
[  300.466350]  ? __this_cpu_preempt_check+0x21/0x30
[  300.466672]  ? lock_acquire+0x180/0x2f0
[  300.466936]  ? __kasan_check_write+0x18/0x20
[  300.467232]  start_this_handle+0x457/0x1550
[  300.467527]  ? __pfx_start_this_handle+0x10/0x10
[  300.467829]  ? debug_smp_processor_id+0x20/0x30
[  300.468139]  ? rcu_is_watching+0x19/0xc0
[  300.468401]  ? kmem_cache_alloc_noprof+0x4e2/0x780
[  300.468731]  jbd2__journal_start+0x397/0x810
[  300.469024]  __ext4_journal_start_sb+0x3fc/0x580
[  300.469339]  ? ext4_dirty_inode+0xb3/0x140
[  300.469620]  ? __pfx_ext4_dirty_inode+0x10/0x10
[  300.469923]  ext4_dirty_inode+0xb3/0x140
[  300.470201]  ? rcu_is_watching+0x19/0xc0
[  300.470474]  __mark_inode_dirty+0x1de/0x14c0
[  300.470776]  file_update_time_flags+0x482/0x510
[  300.471094]  file_modified+0x43/0x60
[  300.471346]  ext4_buffered_write_iter+0x101/0x460
[  300.471676]  ext4_file_write_iter+0xb2a/0x1ee0
[  300.471991]  ? __pfx_ext4_file_write_iter+0x10/0x10
[  300.472324]  ? __this_cpu_preempt_check+0x21/0x30
[  300.472646]  ? lock_is_held_type+0xef/0x150
[  300.472939]  vfs_write+0xc6d/0x11f0
[  300.473186]  ? __pfx_ext4_file_write_iter+0x10/0x10
[  300.473527]  ? __pfx_vfs_write+0x10/0x10
[  300.473809]  ? mutex_lock_nested+0x1f/0x30
[  300.474106]  ksys_write+0x14e/0x280
[  300.474349]  ? __pfx_ksys_write+0x10/0x10
[  300.474632]  __x64_sys_write+0x7b/0xc0
[  300.474886]  ? syscall_trace_enter+0x9d/0x240
[  300.475186]  x64_sys_call+0x1704/0x21b0
[  300.475444]  do_syscall_64+0x6d/0x1180
[  300.475710]  entry_SYSCALL_64_after_hwframe+0x76/0x7e
[  300.476043] RIP: 0033:0x7f1a3c93ebcf
[  300.476285] RSP: 002b:00007fff54276730 EFLAGS: 00000293 ORIG_RAX: 0000000000000001
[  300.476771] RAX: ffffffffffffffda RBX: 00000000000000f0 RCX: 00007f1a3c93ebcf
[  300.477232] RDX: 00000000000000f0 RSI: 000055abbd2a50a0 RDI: 0000000000000005
[  300.477689] RBP: 000055abbd2a50a0 R08: 0000000000000000 R09: 00007f1a3c9b14e0
[  300.478161] R10: 00007f1a3c9b13e0 R11: 0000000000000293 R12: 00000000000000f0
[  300.478629] R13: 000055abbd29b2a0 R14: 00000000000000f0 R15: 00007f1a3c9f69e0
[  300.479113]  </TASK>
[  300.479274] INFO: task in:imjournal:307 blocked for more than 147 seconds.
[  300.479727]       Not tainted 6.19.0-3893854000a8+ #1
[  300.480059] "echo 0 > /proc/sys/kernel/hung_task_timeout_secs" disables this message.
[  300.480573] task:in:imjournal    state:D stack:0     pid:307   tgid:286   ppid:1      task_flags:0x400040 flags:0x00080000
[  300.481290] Call Trace:
[  300.481466]  <TASK>
[  300.481624]  __schedule+0xfcb/0x40e0
[  300.481883]  ? __pfx___schedule+0x10/0x10
[  300.482175]  ? lock_release+0x14f/0x2a0
[  300.482442]  ? wait_transaction_locked+0x196/0x240
[  300.482767]  schedule+0xf6/0x3d0
[  300.482993]  wait_transaction_locked+0x1bb/0x240
[  300.483295]  ? wait_transaction_locked+0x196/0x240
[  300.483620]  ? __pfx_wait_transaction_locked+0x10/0x10
[  300.483962]  ? __pfx_autoremove_wake_function+0x10/0x10
[  300.484312]  ? jbd2__journal_start+0x19c/0x810
[  300.484621]  add_transaction_credits+0x121/0x1000
[  300.484939]  ? __pfx_add_transaction_credits+0x10/0x10
[  300.485280]  ? __this_cpu_preempt_check+0x21/0x30
[  300.485603]  ? lock_acquire+0x180/0x2f0
[  300.485870]  ? __kasan_check_write+0x18/0x20
[  300.486178]  start_this_handle+0x457/0x1550
[  300.486471]  ? __pfx_start_this_handle+0x10/0x10
[  300.486786]  ? debug_smp_processor_id+0x20/0x30
[  300.487094]  ? rcu_is_watching+0x19/0xc0
[  300.487360]  ? kmem_cache_alloc_noprof+0x4e2/0x780
[  300.487694]  jbd2__journal_start+0x397/0x810
[  300.487987]  __ext4_journal_start_sb+0x3fc/0x580
[  300.488296]  __ext4_new_inode+0x2caf/0x5230
[  300.488593]  ? __pfx___ext4_new_inode+0x10/0x10
[  300.488900]  ? __pfx___dquot_initialize+0x10/0x10
[  300.489218]  ? __pfx_d_splice_alias_ops+0x10/0x10
[  300.489537]  ? __pfx_make_vfsuid+0x10/0x10
[  300.489821]  ext4_create+0x32d/0x550
[  300.490089]  ? __pfx_ext4_create+0x10/0x10
[  300.490366]  ? may_o_create+0x51/0x3b0
[  300.490626]  ? __pfx_ext4_create+0x10/0x10
[  300.490903]  lookup_open.isra.0+0xccd/0x1130
[  300.491199]  ? __pfx_lookup_open.isra.0+0x10/0x10
[  300.491529]  ? mnt_get_write_access+0x203/0x2f0
[  300.491836]  ? __sanitizer_cov_trace_const_cmp4+0x1a/0x20
[  300.492197]  path_openat+0xfde/0x2f70
[  300.492463]  ? __pfx_path_openat+0x10/0x10
[  300.492745]  ? __lock_acquire+0x412/0x2210
[  300.493028]  do_filp_open+0x1fc/0x460
[  300.493279]  ? __pfx_do_filp_open+0x10/0x10
[  300.493574]  ? do_raw_spin_unlock+0x15c/0x210
[  300.493867]  ? _raw_spin_unlock+0x31/0x60
[  300.494162]  do_sys_openat2+0x125/0x260
[  300.494435]  ? __pfx_do_sys_openat2+0x10/0x10
[  300.494743]  ? __this_cpu_preempt_check+0x21/0x30
[  300.495060]  ? seqcount_lockdep_reader_access.constprop.0+0xb4/0xd0
[  300.495479]  ? lockdep_hardirqs_on+0x85/0x110
[  300.495773]  ? seqcount_lockdep_reader_access.constprop.0+0xb4/0xd0
[  300.496188]  __x64_sys_openat+0x179/0x240
[  300.496468]  ? __pfx___x64_sys_openat+0x10/0x10
[  300.496781]  ? __audit_syscall_entry+0x393/0x4f0
[  300.497102]  x64_sys_call+0xee7/0x21b0
[  300.497353]  do_syscall_64+0x6d/0x1180
[  300.497612]  entry_SYSCALL_64_after_hwframe+0x76/0x7e
[  300.497945] RIP: 0033:0x7f35d373e8c4
[  300.498199] RSP: 002b:00007f35d2a74a40 EFLAGS: 00000293 ORIG_RAX: 0000000000000101
[  300.498699] RAX: ffffffffffffffda RBX: 00007f35cc000c50 RCX: 00007f35d373e8c4
[  300.499171] RDX: 0000000000000241 RSI: 00007f35d2a74b80 RDI: 00000000ffffff9c
[  300.499644] RBP: 00007f35d2a74b80 R08: 0000000000000000 R09: 0000000000000001
[  300.500113] R10: 00000000000001b6 R11: 0000000000000293 R12: 0000000000000241
[  300.500580] R13: 00007f35cc000c50 R14: 0000000000000001 R15: 00007f35cc0105b0
[  300.501065]  </TASK>
[  300.501221] INFO: task rs:main Q:Reg:309 blocked for more than 147 seconds.
[  300.501678]       Not tainted 6.19.0-3893854000a8+ #1
[  300.502012] "echo 0 > /proc/sys/kernel/hung_task_timeout_secs" disables this message.
[  300.502536] task:rs:main Q:Reg   state:D stack:0     pid:309   tgid:286   ppid:1      task_flags:0x400040 flags:0x00080000
[  300.503235] Call Trace:
[  300.503402]  <TASK>
[  300.503563]  __schedule+0xfcb/0x40e0
[  300.503819]  ? __pfx___schedule+0x10/0x10
[  300.504098]  ? lock_release+0x14f/0x2a0
[  300.504366]  ? wait_transaction_locked+0x196/0x240
[  300.504692]  schedule+0xf6/0x3d0
[  300.504918]  wait_transaction_locked+0x1bb/0x240
[  300.505235]  ? wait_transaction_locked+0x196/0x240
[  300.505562]  ? __pfx_wait_transaction_locked+0x10/0x10
[  300.505904]  ? __pfx_autoremove_wake_function+0x10/0x10
[  300.506270]  ? jbd2__journal_start+0x19c/0x810
[  300.506583]  add_transaction_credits+0x121/0x1000
[  300.506909]  ? __pfx_add_transaction_credits+0x10/0x10
[  300.507254]  ? __this_cpu_preempt_check+0x21/0x30
[  300.507578]  ? lock_acquire+0x180/0x2f0
[  300.507849]  ? __kasan_check_write+0x18/0x20
[  300.508149]  start_this_handle+0x457/0x1550
[  300.508439]  ? __pfx_start_this_handle+0x10/0x10
[  300.508758]  ? debug_smp_processor_id+0x20/0x30
[  300.509067]  ? rcu_is_watching+0x19/0xc0
[  300.509337]  ? kmem_cache_alloc_noprof+0x4e2/0x780
[  300.509674]  jbd2__journal_start+0x397/0x810
[  300.509970]  __ext4_journal_start_sb+0x3fc/0x580
[  300.510297]  ? ext4_dirty_inode+0xb3/0x140
[  300.510576]  ? __pfx_ext4_dirty_inode+0x10/0x10
[  300.510880]  ext4_dirty_inode+0xb3/0x140
[  300.511144]  ? rcu_is_watching+0x19/0xc0
[  300.511410]  __mark_inode_dirty+0x1de/0x14c0
[  300.511709]  file_update_time_flags+0x482/0x510
[  300.512019]  file_modified+0x43/0x60
[  300.512263]  ext4_buffered_write_iter+0x101/0x460
[  300.512590]  ext4_file_write_iter+0xb2a/0x1ee0
[  300.512897]  ? __pfx_ext4_file_write_iter+0x10/0x10
[  300.513225]  ? __this_cpu_preempt_check+0x21/0x30
[  300.513544]  ? lock_is_held_type+0xef/0x150
[  300.513833]  vfs_write+0xc6d/0x11f0
[  300.514086]  ? __pfx_ext4_file_write_iter+0x10/0x10
[  300.514415]  ? __pfx_vfs_write+0x10/0x10
[  300.514697]  ? mutex_lock_nested+0x1f/0x30
[  300.514971]  ksys_write+0x14e/0x280
[  300.515215]  ? __pfx_ksys_write+0x10/0x10
[  300.515491]  ? __audit_syscall_entry+0x393/0x4f0
[  300.515806]  __x64_sys_write+0x7b/0xc0
[  300.516059]  ? syscall_trace_enter+0x14d/0x240
[  300.516365]  x64_sys_call+0x1704/0x21b0
[  300.516627]  do_syscall_64+0x6d/0x1180
[  300.516884]  entry_SYSCALL_64_after_hwframe+0x76/0x7e
[  300.517219] RIP: 0033:0x7f35d373ebcf
[  300.517465] RSP: 002b:00007f35d2674890 EFLAGS: 00000293 ORIG_RAX: 0000000000000001
[  300.517954] RAX: ffffffffffffffda RBX: 00007f35c4001270 RCX: 00007f35d373ebcf
[  300.518429] RDX: 0000000000000087 RSI: 00007f35c4001550 RDI: 0000000000000007
[  300.518895] RBP: 00007f35c4001550 R08: 0000000000000000 R09: 0000000000000000
[  300.519360] R10: 000000000000000b R11: 0000000000000293 R12: 0000000000000000
[  300.519820] R13: 000055c7d2601330 R14: 00007f35c4001270 R15: 0000000000000087
[  300.520295]  </TASK>
[  300.520457] INFO: task repro:708 blocked for more than 147 seconds.
[  300.520863]       Not tainted 6.19.0-3893854000a8+ #1
[  300.521192] "echo 0 > /proc/sys/kernel/hung_task_timeout_secs" disables this message.
[  300.521683] task:repro           state:D stack:0     pid:708   tgid:708   ppid:707    task_flags:0x400140 flags:0x00080000
[  300.522395] Call Trace:
[  300.522569]  <TASK>
[  300.522727]  __schedule+0xfcb/0x40e0
[  300.522986]  ? __pfx___schedule+0x10/0x10
[  300.523264]  ? lock_release+0x14f/0x2a0
[  300.523535]  ? _raw_spin_unlock_irqrestore+0x45/0x70
[  300.523873]  schedule+0xf6/0x3d0
[  300.524107]  jbd2_log_wait_commit+0x2e4/0x4a0
[  300.524414]  ? __pfx_jbd2_log_wait_commit+0x10/0x10
[  300.524752]  ? lock_release+0x14f/0x2a0
[  300.525019]  ? __pfx_autoremove_wake_function+0x10/0x10
[  300.525375]  ? stop_this_handle+0x39f/0x670
[  300.525667]  jbd2_journal_stop+0xad4/0xe50
[  300.525948]  ? __sanitizer_cov_trace_const_cmp2+0x21/0x30
[  300.526317]  ? __pfx_jbd2_journal_stop+0x10/0x10
[  300.526627]  ? __pfx_ext4_free_inode+0x10/0x10
[  300.526930]  __ext4_journal_stop+0xea/0x200
[  300.527212]  ext4_evict_inode+0x8ce/0x1760
[  300.527494]  ? __pfx_ext4_evict_inode+0x10/0x10
[  300.527798]  ? do_raw_spin_unlock+0x15c/0x210
[  300.528094]  ? __pfx_ext4_evict_inode+0x10/0x10
[  300.528398]  evict+0x371/0xae0
[  300.528618]  ? __pfx_evict+0x10/0x10
[  300.528864]  ? iput+0x7a9/0xd70
[  300.529085]  ? iput+0x7a9/0xd70
[  300.529308]  ? __this_cpu_preempt_check+0x21/0x30
[  300.529630]  ? do_raw_spin_unlock+0x15c/0x210
[  300.529923]  iput+0x7b1/0xd70
[  300.530153]  vfs_rmdir+0x5d2/0x880
[  300.530395]  do_rmdir+0x450/0x5e0
[  300.530635]  ? __pfx_do_rmdir+0x10/0x10
[  300.530901]  ? __sanitizer_cov_trace_const_cmp8+0x1c/0x30
[  300.531262]  ? strncpy_from_user+0x198/0x290
[  300.531566]  ? __sanitizer_cov_trace_const_cmp4+0x1a/0x20
[  300.531929]  ? getname_flags.part.0+0x1d5/0x570
[  300.532246]  __x64_sys_rmdir+0xd1/0x120
[  300.532517]  x64_sys_call+0x1f7c/0x21b0
[  300.532780]  do_syscall_64+0x6d/0x1180
[  300.533042]  entry_SYSCALL_64_after_hwframe+0x76/0x7e
[  300.533379] RIP: 0033:0x7feb0683ebdb
[  300.533630] RSP: 002b:00007fff4ce25758 EFLAGS: 00000207 ORIG_RAX: 0000000000000054
[  300.534141] RAX: ffffffffffffffda RBX: 0000000000000000 RCX: 00007feb0683ebdb
[  300.534602] RDX: 0000000000010cf0 RSI: 0000000000000000 RDI: 00007fff4ce268f0
[  300.535061] RBP: 00007fff4ce26840 R08: 0000000000000003 R09: 0000000000000078
[  300.535520] R10: 000000000000009b R11: 0000000000000207 R12: 00007fff4ce27aa8
[  300.535980] R13: 000000000040349d R14: 0000000000405e08 R15: 00007feb06c43000
[  300.536452]  </TASK>
[  300.536613] Future hung task reports are suppressed, see sysctl kernel.hung_task_warnings
[  300.537139] 
[  300.537139] Showing all locks held in the system:
[  300.537539] 3 locks held by systemd/748:
[  300.537797]  #0: ff110000101b2408 (sb_writers#3){.+.+}-{0:0}, at: do_rmdir+0x336/0x5e0
[  300.538342]  #1: ff11000019ab1700 (&type->i_mutex_dir_key#3/1){+.+.}-{4:4}, at: do_rmdir+0x38b/0x5e0
[  300.538974]  #2: ff1100001cf99700 (&type->i_mutex_dir_key#3){++++}-{4:4}, at: vfs_rmdir+0xfc/0x880
[  300.539582] 3 locks held by systemd/749:
[  300.539845]  #0: ff110000101b2408 (sb_writers#3){.+.+}-{0:0}, at: do_rmdir+0x336/0x5e0
[  300.540382]  #1: ff1100001cf9f6a0 (&type->i_mutex_dir_key#3/1){+.+.}-{4:4}, at: do_rmdir+0x38b/0x5e0
[  300.540999]  #2: ff1100001cf9aa20 (&type->i_mutex_dir_key#3){++++}-{4:4}, at: vfs_rmdir+0xfc/0x880
[  300.541605] 1 lock held by khungtaskd/32:
[  300.541874]  #0: ffffffff876625a0 (rcu_read_lock){....}-{1:3}, at: debug_show_all_locks+0x3b/0x1f0
[  300.542488] 4 locks held by kworker/u8:1/33:
[  300.542770]  #0: ff1100000bd69148 ((wq_completion)writeback){+.+.}-{0:0}, at: process_one_work+0x1260/0x1ad0
[  300.543420]  #1: ff1100000c237c88 ((work_completion)(&(&wb->dwork)->work)){+.+.}-{0:0}, at: process_one_work+0x89f/0x1ad0
[  300.544140]  #2: ff110000101b20e0 (&type->s_umount_key#39){++++}-{4:4}, at: super_trylock_shared+0x2b/0x110
[  300.544785]  #3: ff110000101b6b98 (&sbi->s_writepages_rwsem){++++}-{0:0}, at: do_writepages+0x255/0x5b0
[  300.545400] 4 locks held by kworker/u8:2/36:
[  300.545688]  #0: ff1100000bd69148 ((wq_completion)writeback){+.+.}-{0:0}, at: process_one_work+0x1260/0x1ad0
[  300.546350]  #1: ff1100000c277c88 ((work_completion)(&(&wb->dwork)->work)){+.+.}-{0:0}, at: process_one_work+0x89f/0x1ad0
[  300.547086]  #2: ff110000101b20e0 (&type->s_umount_key#39){++++}-{4:4}, at: super_trylock_shared+0x2b/0x110
[  300.547738]  #3: ff110000101b6b98 (&sbi->s_writepages_rwsem){++++}-{0:0}, at: do_writepages+0x255/0x5b0
[  300.548369] 4 locks held by kworker/u8:3/53:
[  300.548659]  #0: ff1100000bd69148 ((wq_completion)writeback){+.+.}-{0:0}, at: process_one_work+0x1260/0x1ad0
[  300.549316]  #1: ff1100000d057c88 ((work_completion)(&(&wb->dwork)->work)){+.+.}-{0:0}, at: process_one_work+0x89f/0x1ad0
[  300.550050]  #2: ff110000101b20e0 (&type->s_umount_key#39){++++}-{4:4}, at: super_trylock_shared+0x2b/0x110
[  300.550713]  #3: ff110000101b6b98 (&sbi->s_writepages_rwsem){++++}-{0:0}, at: do_writepages+0x255/0x5b0
[  300.551330] 3 locks held by auditd/235:
[  300.551587]  #0: ff1100001499b278 (&f->f_pos_lock){+.+.}-{4:4}, at: fdget_pos+0x2b5/0x390
[  300.552132]  #1: ff110000101b2408 (sb_writers#3){.+.+}-{0:0}, at: ksys_write+0x14e/0x280
[  300.552676]  #2: ff110000199ab3b0 (&sb->s_type->i_mutex_key#10){++++}-{4:4}, at: ext4_buffered_write_iter+0xb8/0x460
[  300.553369] 2 locks held by in:imjournal/307:
[  300.553658]  #0: ff110000101b2408 (sb_writers#3){.+.+}-{0:0}, at: path_openat+0x1939/0x2f70
[  300.554224]  #1: ff1100001e10bd40 (&type->i_mutex_dir_key#3){++++}-{4:4}, at: path_openat+0xf5d/0x2f70
[  300.554847] 3 locks held by rs:main Q:Reg/309:
[  300.555141]  #0: ff1100001dbff438 (&f->f_pos_lock){+.+.}-{4:4}, at: fdget_pos+0x2b5/0x390
[  300.555690]  #1: ff110000101b2408 (sb_writers#3){.+.+}-{0:0}, at: ksys_write+0x14e/0x280
[  300.556229]  #2: ff1100001e14b3b0 (&sb->s_type->i_mutex_key#10){++++}-{4:4}, at: ext4_buffered_write_iter+0xb8/0x460
[  300.556922] 3 locks held by repro/708:
[  300.557174]  #0: ff110000101b2408 (sb_writers#3){.+.+}-{0:0}, at: do_rmdir+0x336/0x5e0
[  300.557707]  #1: ff11000021e333b0 (&type->i_mutex_dir_key#3/1){+.+.}-{4:4}, at: do_rmdir+0x38b/0x5e0
[  300.558330]  #2: ff110000101b25f8 (sb_internal){.+.+}-{0:0}, at: evict+0x371/0xae0
[  300.558853] 3 locks held by repro/709:
[  300.559101]  #0: ff110000141850b8 (&f->f_pos_lock){+.+.}-{4:4}, at: fdget_pos+0x2b5/0x390
[  300.559642]  #1: ff11000021e33d40 (&type->i_mutex_dir_key#3){++++}-{4:4}, at: iterate_dir+0x1a0/0xb00
[  300.560241]  #2: ff110000101b2408 (sb_writers#3){.+.+}-{0:0}, at: iterate_dir+0x879/0xb00
[  300.560780] 3 locks held by repro/712:
[  300.561029]  #0: ff11000013f97b38 (&f->f_pos_lock){+.+.}-{4:4}, at: fdget_pos+0x2b5/0x390
[  300.561583]  #1: ff11000021e51700 (&type->i_mutex_dir_key#3){++++}-{4:4}, at: iterate_dir+0x1a0/0xb00
[  300.562206]  #2: ff110000101b2408 (sb_writers#3){.+.+}-{0:0}, at: iterate_dir+0x879/0xb00
[  300.562767] 3 locks held by repro/715:
[  300.563023]  #0: ff110000101b2408 (sb_writers#3){.+.+}-{0:0}, at: do_rmdir+0x336/0x5e0
[  300.563564]  #1: ff11000021e4bd40 (&type->i_mutex_dir_key#3/1){+.+.}-{4:4}, at: do_rmdir+0x38b/0x5e0
[  300.564179]  #2: ff110000101b25f8 (sb_internal){.+.+}-{0:0}, at: evict+0x371/0xae0
[  300.564691] 3 locks held by repro/716:
[  300.564944]  #0: ff110000101b2408 (sb_writers#3){.+.+}-{0:0}, at: do_rmdir+0x336/0x5e0
[  300.565478]  #1: ff11000021e36380 (&type->i_mutex_dir_key#3/1){+.+.}-{4:4}, at: do_rmdir+0x38b/0x5e0
[  300.566106]  #2: ff110000101b25f8 (sb_internal){.+.+}-{0:0}, at: evict+0x371/0xae0
[  300.566629] 2 locks held by repro/740:
[  300.566881]  #0: ff110000101b2408 (sb_writers#3){.+.+}-{0:0}, at: filename_create+0x122/0x460
[  300.567448]  #1: ff11000021e533b0 (&type->i_mutex_dir_key#3/1){+.+.}-{4:4}, at: filename_create+0x1e6/0x460
[  300.568091] 3 locks held by repro/741:
[  300.568342]  #0: ff110000101b2408 (sb_writers#3){.+.+}-{0:0}, at: filename_create+0x122/0x460
[  300.568911]  #1: ff11000021e52090 (&type->i_mutex_dir_key#3/1){+.+.}-{4:4}, at: filename_create+0x1e6/0x460
[  300.569558]  #2: ff110000101b0950 (jbd2_handle){++++}-{0:0}, at: start_this_handle+0x1042/0x1550
[  300.570157] 2 locks held by repro/743:
[  300.570411]  #0: ff110000101b2408 (sb_writers#3){.+.+}-{0:0}, at: filename_create+0x122/0x460
[  300.570993]  #1: ff11000021e52a20 (&type->i_mutex_dir_key#3/1){+.+.}-{4:4}, at: filename_create+0x1e6/0x460
[  300.571644] 4 locks held by kworker/u8:4/750:
[  300.571938]  #0: ff1100000bd69148 ((wq_completion)writeback){+.+.}-{0:0}, at: process_one_work+0x1260/0x1ad0
[  300.572593]  #1: ff1100001b667c88 ((work_completion)(&(&wb->dwork)->work)){+.+.}-{0:0}, at: process_one_work+0x89f/0x1ad0
[  300.573315]  #2: ff110000101b20e0 (&type->s_umount_key#39){++++}-{4:4}, at: super_trylock_shared+0x2b/0x110
[  300.573963]  #3: ff110000101b6b98 (&sbi->s_writepages_rwsem){++++}-{0:0}, at: do_writepages+0x255/0x5b0
[  300.574600] 4 locks held by kworker/u8:5/752:
[  300.574891]  #0: ff1100000bd69148 ((wq_completion)writeback){+.+.}-{0:0}, at: process_one_work+0x1260/0x1ad0
[  300.575542]  #1: ff1100001b6f7c88 ((work_completion)(&(&wb->dwork)->work)){+.+.}-{0:0}, at: process_one_work+0x89f/0x1ad0
[  300.576256]  #2: ff110000101b20e0 (&type->s_umount_key#39){++++}-{4:4}, at: super_trylock_shared+0x2b/0x110
[  300.576896]  #3: ff110000101b6b98 (&sbi->s_writepages_rwsem){++++}-{0:0}, at: do_writepages+0x255/0x5b0
[  300.577516] 
[  300.577628] =============================================
[  300.577628] 
