c[?7l[2J[0mSeaBIOS (version rel-1.16.0-0-gd239552ce722-prebuilt.qemu.org)


iPXE (http://ipxe.org) 00:03.0 CA00 PCI2.10 PnP PMM+7FF91000+7FEF1000 CA00
Press Ctrl-B to configure iPXE (PCI 00:03.0)...                                                                               


Booting from ROM..c[?7l[2J[0m.[    0.000000] Linux version 6.19.0-4adc13ed7c28+ (root@gnr-bkc) (gcc (GCC) 11.5.0 20240719 (Red Hat 11.5.0-14), GNU ld version 2.35.2-54.el9) #1 SMP PREEMPT_DYNAMIC Thu Mar 12 22:09:41 CST 2026
[    0.000000] Command line: console=ttyS0 root=/dev/sda earlyprintk=serial net.ifnames=0 thunderbolt.dyndbg
[    0.000000] KERNEL supported cpus:
[    0.000000]   Intel GenuineIntel
[    0.000000]   AMD AuthenticAMD
[    0.000000]   Hygon HygonGenuine
[    0.000000]   Centaur CentaurHauls
[    0.000000]   zhaoxin   Shanghai  
[    0.000000] x86/split lock detection: #DB: warning on user-space bus_locks
[    0.000000] BIOS-provided physical RAM map:
[    0.000000] BIOS-e820: [mem 0x0000000000000000-0x000000000009fbff] usable
[    0.000000] BIOS-e820: [mem 0x000000000009fc00-0x000000000009ffff] reserved
[    0.000000] BIOS-e820: [mem 0x00000000000f0000-0x00000000000fffff] reserved
[    0.000000] BIOS-e820: [mem 0x0000000000100000-0x000000007ffdffff] usable
[    0.000000] BIOS-e820: [mem 0x000000007ffe0000-0x000000007fffffff] reserved
[    0.000000] BIOS-e820: [mem 0x00000000feffc000-0x00000000feffffff] reserved
[    0.000000] BIOS-e820: [mem 0x00000000fffc0000-0x00000000ffffffff] reserved
[    0.000000] printk: legacy bootconsole [earlyser0] enabled
[    0.000000] NX (Execute Disable) protection: active
[    0.000000] APIC: Static calls initialized
[    0.000000] SMBIOS 2.8 present.
[    0.000000] DMI: QEMU Standard PC (i440FX + PIIX, 1996), BIOS rel-1.16.0-0-gd239552ce722-prebuilt.qemu.org 04/01/2014
[    0.000000] DMI: Memory slots populated: 1/1
[    0.000000] Hypervisor detected: KVM
[    0.000000] last_pfn = 0x7ffe0 max_arch_pfn = 0x10000000000
[    0.000000] kvm-clock: Using msrs 4b564d01 and 4b564d00
[    0.000003] kvm-clock: using sched offset of 703160811 cycles
[    0.000566] clocksource: kvm-clock: mask: 0xffffffffffffffff max_cycles: 0x1cd42e4dffb, max_idle_ns: 881590591483 ns
[    0.002197] tsc: Detected 1700.000 MHz processor
[    0.011259] last_pfn = 0x7ffe0 max_arch_pfn = 0x10000000000
[    0.011846] MTRR map: 4 entries (3 fixed + 1 variable; max 19), built from 8 variable MTRRs
[    0.012675] x86/PAT: Configuration [0-7]: WB  WC  UC- UC  WB  WP  UC- WT  
[    0.018378] found SMP MP-table at [mem 0x000f5ba0-0x000f5baf]
[    0.018970] Using GB pages for direct mapping
[    0.021629] ACPI: Early table checksum verification disabled
[    0.022188] ACPI: RSDP 0x00000000000F59C0 000014 (v00 BOCHS )
[    0.022759] ACPI: RSDT 0x000000007FFE1951 000034 (v01 BOCHS  BXPC     00000001 BXPC 00000001)
[    0.023607] ACPI: FACP 0x000000007FFE17FD 000074 (v01 BOCHS  BXPC     00000001 BXPC 00000001)
[    0.024459] ACPI: DSDT 0x000000007FFE0040 0017BD (v01 BOCHS  BXPC     00000001 BXPC 00000001)
[    0.025304] ACPI: FACS 0x000000007FFE0000 000040
[    0.025768] ACPI: APIC 0x000000007FFE1871 000080 (v01 BOCHS  BXPC     00000001 BXPC 00000001)
[    0.026613] ACPI: HPET 0x000000007FFE18F1 000038 (v01 BOCHS  BXPC     00000001 BXPC 00000001)
[    0.027461] ACPI: WAET 0x000000007FFE1929 000028 (v01 BOCHS  BXPC     00000001 BXPC 00000001)
[    0.028309] ACPI: Reserving FACP table memory at [mem 0x7ffe17fd-0x7ffe1870]
[    0.028993] ACPI: Reserving DSDT table memory at [mem 0x7ffe0040-0x7ffe17fc]
[    0.029683] ACPI: Reserving FACS table memory at [mem 0x7ffe0000-0x7ffe003f]
[    0.030373] ACPI: Reserving APIC table memory at [mem 0x7ffe1871-0x7ffe18f0]
[    0.031057] ACPI: Reserving HPET table memory at [mem 0x7ffe18f1-0x7ffe1928]
[    0.031747] ACPI: Reserving WAET table memory at [mem 0x7ffe1929-0x7ffe1950]
[    0.033286] No NUMA configuration found
[    0.033696] Faking a node at [mem 0x0000000000000000-0x000000007ffdffff]
[    0.034471] NODE_DATA(0) allocated [mem 0x7ffb4ec0-0x7ffdfcbf]
[    0.036234] Zone ranges:
[    0.036526]   DMA      [mem 0x0000000000001000-0x0000000000ffffff]
[    0.037193]   DMA32    [mem 0x0000000001000000-0x000000007ffdffff]
[    0.037858]   Normal   empty
[    0.038177]   Device   empty
[    0.038493] Movable zone start for each node
[    0.038964] Early memory node ranges
[    0.039351]   node   0: [mem 0x0000000000001000-0x000000000009efff]
[    0.040023]   node   0: [mem 0x0000000000100000-0x000000007ffdffff]
[    0.040696] Initmem setup node 0 [mem 0x0000000000001000-0x000000007ffdffff]
[    0.041773] On node 0, zone DMA: 1 pages in unavailable ranges
[    0.042634] On node 0, zone DMA: 97 pages in unavailable ranges
[    0.072738] On node 0, zone DMA32: 32 pages in unavailable ranges
[    0.131379] KernelAddressSanitizer initialized (generic)
[    0.132219] ACPI: PM-Timer IO Port: 0x608
[    0.132644] ACPI: LAPIC_NMI (acpi_id[0xff] dfl dfl lint[0x1])
[    0.133260] IOAPIC[0]: apic_id 0, version 17, address 0xfec00000, GSI 0-23
[    0.133950] ACPI: INT_SRC_OVR (bus 0 bus_irq 0 global_irq 2 dfl dfl)
[    0.134580] ACPI: INT_SRC_OVR (bus 0 bus_irq 5 global_irq 5 high level)
[    0.135240] ACPI: INT_SRC_OVR (bus 0 bus_irq 9 global_irq 9 high level)
[    0.135890] ACPI: INT_SRC_OVR (bus 0 bus_irq 10 global_irq 10 high level)
[    0.136566] ACPI: INT_SRC_OVR (bus 0 bus_irq 11 global_irq 11 high level)
[    0.137250] ACPI: Using ACPI (MADT) for SMP configuration information
[    0.137884] ACPI: HPET id: 0x8086a201 base: 0xfed00000
[    0.138400] TSC deadline timer available
[    0.138798] CPU topo: Max. logical packages:   1
[    0.139259] CPU topo: Max. logical dies:       1
[    0.139715] CPU topo: Max. dies per package:   1
[    0.140183] CPU topo: Max. threads per core:   1
[    0.140642] CPU topo: Num. cores per package:     2
[    0.141131] CPU topo: Num. threads per package:   2
[    0.141610] CPU topo: Allowing 2 present CPUs plus 0 hotplug CPUs
[    0.142268] kvm-guest: APIC: eoi() replaced with kvm_guest_apic_eoi_write()
[    0.142976] kvm-guest: KVM setup pv remote TLB flush
[    0.143468] kvm-guest: setup PV sched yield
[    0.143925] PM: hibernation: Registered nosave memory: [mem 0x00000000-0x00000fff]
[    0.144684] PM: hibernation: Registered nosave memory: [mem 0x0009f000-0x000fffff]
[    0.145434] [mem 0x80000000-0xfeffbfff] available for PCI devices
[    0.146032] Booting paravirtualized kernel on KVM
[    0.146502] clocksource: refined-jiffies: mask: 0xffffffff max_cycles: 0xffffffff, max_idle_ns: 7645519600211568 ns
[    0.147540] setup_percpu: NR_CPUS:8192 nr_cpumask_bits:2 nr_cpu_ids:2 nr_node_ids:1
[    0.148814] percpu: Embedded 81 pages/cpu s294912 r8192 d28672 u1048576
[    0.149666] kvm-guest: PV spinlocks enabled
[    0.150095] PV qspinlock hash table entries: 256 (order: 0, 4096 bytes, linear)
[    0.150824] Kernel command line: net.ifnames=0 console=ttyS0 root=/dev/sda earlyprintk=serial net.ifnames=0 thunderbolt.dyndbg
[    0.152238] random: crng init done
[    0.152578] printk: log buffer data + meta data: 262144 + 917504 = 1179648 bytes
[    0.153735] Dentry cache hash table entries: 262144 (order: 9, 2097152 bytes, linear)
[    0.154906] Inode-cache hash table entries: 131072 (order: 8, 1048576 bytes, linear)
[    0.155967] Fallback order for Node 0: 0 
[    0.155978] Built 1 zonelists, mobility grouping on.  Total pages: 524158
[    0.157007] Policy zone: DMA32
[    0.157306] mem auto-init: stack:off, heap alloc:off, heap free:off
[    0.157901] stackdepot: allocating hash table via alloc_large_system_hash
[    0.158555] stackdepot hash table entries: 1048576 (order: 12, 16777216 bytes, linear)
[    0.162528] stackdepot: allocating space for 8192 stack pools via memblock
[    0.200306] SLUB: HWalign=64, Order=0-3, MinObjects=0, CPUs=2, Nodes=1
[    0.200932] kmemleak: Kernel memory leak detector disabled
[    0.238680] ftrace: allocating 75390 entries in 296 pages
[    0.239205] ftrace: allocated 296 pages with 3 groups
[    0.244073] Dynamic Preempt: voluntary
[    0.244951] Running RCU self tests
[    0.245279] Running RCU synchronous self tests
[    0.245699] rcu: Preemptible hierarchical RCU implementation.
[    0.246250] rcu: 	RCU lockdep checking is enabled.
[    0.246705] rcu: 	RCU restricting CPUs from NR_CPUS=8192 to nr_cpu_ids=2.
[    0.247355] 	Trampoline variant of Tasks RCU enabled.
[    0.247850] 	Rude variant of Tasks RCU enabled.
[    0.248319] 	Tracing variant of Tasks RCU enabled.
[    0.248797] rcu: RCU calculated value of scheduler-enlistment delay is 25 jiffies.
[    0.249518] rcu: Adjusting geometry for rcu_fanout_leaf=16, nr_cpu_ids=2
[    0.250246] Running RCU synchronous self tests
[    0.250673] RCU Tasks: Setting shift to 1 and lim to 1 rcu_task_cb_adjust=1 rcu_task_cpu_ids=2.
[    0.251503] RCU Tasks Rude: Setting shift to 1 and lim to 1 rcu_task_cb_adjust=1 rcu_task_cpu_ids=2.
[    0.324153] NR_IRQS: 524544, nr_irqs: 440, preallocated irqs: 16
[    0.325359] rcu: srcu_init: Setting srcu_struct sizes based on contention.
[    0.334826] Console: colour VGA+ 80x25
[    0.335292] printk: legacy console [ttyS0] enabled
[    0.335292] printk: legacy console [ttyS0] enabled
[    0.336234] printk: legacy bootconsole [earlyser0] disabled
[    0.336234] printk: legacy bootconsole [earlyser0] disabled
[    0.337335] Lock dependency validator: Copyright (c) 2006 Red Hat, Inc., Ingo Molnar
[    0.338096] ... MAX_LOCKDEP_SUBCLASSES:  8
[    0.338508] ... MAX_LOCK_DEPTH:          48
[    0.338924] ... MAX_LOCKDEP_KEYS:        8192
[    0.339364] ... CLASSHASH_SIZE:          4096
[    0.339801] ... MAX_LOCKDEP_ENTRIES:     32768
[    0.340250] ... MAX_LOCKDEP_CHAINS:      65536
[    0.340694] ... CHAINHASH_SIZE:          32768
[    0.341141]  memory used by lock dependency info: 6429 kB
[    0.341680]  memory used for stack traces: 4224 kB
[    0.342158]  per task-struct memory footprint: 1920 bytes
[    0.342780] ACPI: Core revision 20250807
[    0.343621] clocksource: hpet: mask: 0xffffffff max_cycles: 0xffffffff, max_idle_ns: 19112604467 ns
[    0.344695] APIC: Switch to symmetric I/O mode setup
[    0.345406] x2apic enabled
[    0.346084] APIC: Switched APIC routing to: physical x2apic
[    0.346640] kvm-guest: APIC: send_IPI_mask() replaced with kvm_send_ipi_mask()
[    0.347368] kvm-guest: APIC: send_IPI_mask_allbutself() replaced with kvm_send_ipi_mask_allbutself()
[    0.348274] kvm-guest: setup PV IPIs
[    0.349935] ..TIMER: vector=0x30 apic1=0 pin1=2 apic2=-1 pin2=-1
[    0.350559] clocksource: tsc-early: mask: 0xffffffffffffffff max_cycles: 0x1881273ac8e, max_idle_ns: 440795257284 ns
[    0.351601] Calibrating delay loop (skipped) preset value.. 3400.00 BogoMIPS (lpj=6800000)
[    0.352581] x86/cpu: User Mode Instruction Prevention (UMIP) activated
[    0.355701] Last level iTLB entries: 4KB 0, 2MB 0, 4MB 0
[    0.356227] Last level dTLB entries: 4KB 0, 2MB 0, 4MB 0, 1GB 0
[    0.356837] mitigations: Enabled attack vectors: user_kernel, user_user, guest_host, guest_guest, SMT mitigations: auto
[    0.357903] Speculative Store Bypass: Mitigation: Speculative Store Bypass disabled via prctl
[    0.358739] Spectre V2 : Mitigation: Enhanced / Automatic IBRS
[    0.359592] ITS: Mitigation: Aligned branch/return thunks
[    0.360127] Spectre V1 : Mitigation: usercopy/swapgs barriers and __user pointer sanitization
[    0.360957] Spectre V2 : WARNING: Unprivileged eBPF is enabled with eIBRS on, data leaks possible via Spectre v2 BHB attacks!
[    0.362056] Spectre V2 : Spectre v2 / PBRSB-eIBRS: Retire a single CALL on VMEXIT
[    0.362808] Spectre V2 : mitigation: Enabling conditional Indirect Branch Prediction Barrier
[    0.363596] active return thunk: its_return_thunk
[    0.364079] Spectre V2 : Spectre BHI mitigation: SW BHB clearing on syscall and VM exit
[    0.364921] x86/fpu: Supporting XSAVE feature 0x001: 'x87 floating point registers'
[    0.365677] x86/fpu: Supporting XSAVE feature 0x002: 'SSE registers'
[    0.366308] x86/fpu: Supporting XSAVE feature 0x004: 'AVX registers'
[    0.366941] x86/fpu: Supporting XSAVE feature 0x020: 'AVX-512 opmask'
[    0.367592] x86/fpu: Supporting XSAVE feature 0x040: 'AVX-512 Hi256'
[    0.368222] x86/fpu: Supporting XSAVE feature 0x080: 'AVX-512 ZMM_Hi256'
[    0.368885] x86/fpu: Supporting XSAVE feature 0x200: 'Protection Keys User registers'
[    0.369658] x86/fpu: Supporting XSAVE feature 0x20000: 'AMX Tile config'
[    0.370317] x86/fpu: Supporting XSAVE feature 0x40000: 'AMX Tile data'
[    0.370966] x86/fpu: xstate_offset[2]:  576, xstate_sizes[2]:  256
[    0.371592] x86/fpu: xstate_offset[5]:  832, xstate_sizes[5]:   64
[    0.372205] x86/fpu: xstate_offset[6]:  896, xstate_sizes[6]:  512
[    0.372820] x86/fpu: xstate_offset[7]: 1408, xstate_sizes[7]: 1024
[    0.373431] x86/fpu: xstate_offset[9]: 2432, xstate_sizes[9]:    8
[    0.374049] x86/fpu: xstate_offset[17]: 2496, xstate_sizes[17]:   64
[    0.374683] x86/fpu: xstate_offset[18]: 2560, xstate_sizes[18]: 8192
[    0.375592] x86/fpu: Enabled xstate features 0x602e7, context size is 10752 bytes, using 'compacted' format.
[    0.529525] Freeing SMP alternatives memory: 64K
[    0.529994] pid_max: default: 32768 minimum: 301
[    0.530810] Yama: becoming mindful.
[    0.531605] Mount-cache hash table entries: 4096 (order: 3, 32768 bytes, linear)
[    0.532341] Mountpoint-cache hash table entries: 4096 (order: 3, 32768 bytes, linear)
[    0.533696] VFS: Finished mounting rootfs on nullfs
[    0.535323] Running RCU synchronous self tests
[    0.535596] Running RCU synchronous self tests
[    0.536363] smpboot: CPU0: Intel(R) Xeon(R) Gold 6414TDX (family: 0x6, model: 0x8f, stepping: 0x6)
[    0.538019] Performance Events: PEBS fmt0-, Sapphire Rapids events, full-width counters, Intel PMU driver.
[    0.539097] ... version:                   2
[    0.539531] ... bit width:                 48
[    0.539588] ... generic counters:          8
[    0.539598] ... generic bitmap:            00000000000000ff
[    0.540150] ... fixed-purpose counters:    4
[    0.540575] ... fixed-purpose bitmap:      000000000000000f
[    0.541125] ... value mask:                0000ffffffffffff
[    0.541675] ... max period:                00007fffffffffff
[    0.542229] ... global_ctrl mask:          0000000f000000ff
[    0.543281] signal: max sigframe size: 11952
[    0.543752] rcu: Hierarchical SRCU implementation.
[    0.544232] rcu: 	Max phase no-delay instances is 1000.
[    0.544961] Timer migration: 1 hierarchy levels; 8 children per group; 1 crossnode level
[    0.567840] smp: Bringing up secondary CPUs ...
[    0.568880] smpboot: x86: Booting SMP configuration:
[    0.569388] .... node  #0, CPUs:      #1
[    0.569551] smp: Brought up 1 node, 2 CPUs
[    0.569551] smpboot: Total of 2 processors activated (6800.00 BogoMIPS)
[    0.572401] Memory: 1591808K/2096632K available (81078K kernel code, 15605K rwdata, 18856K rodata, 16440K init, 20784K bss, 493188K reserved, 0K cma-reserved)
[    0.574458] devtmpfs: initialized
[    0.575862] x86/mm: Memory block size: 128MB
[    0.588122] Running RCU synchronous self tests
[    0.588640] Running RCU synchronous self tests
[    0.589231] Running RCU Tasks wait API self tests
[    0.589231] Running RCU Tasks Rude wait API self tests
[    0.589231] Running RCU Tasks Trace wait API self tests
[    0.589231] clocksource: jiffies: mask: 0xffffffff max_cycles: 0xffffffff, max_idle_ns: 7645041785100000 ns
[    0.591648] posixtimers hash table entries: 1024 (order: 5, 73728 bytes, linear)
[    0.592421] futex hash table entries: 512 (65536 bytes on 1 NUMA nodes, total 64 KiB, linear).
[    0.595922] 
[    0.596103] *************************************************************
[    0.596780] **     NOTICE NOTICE NOTICE NOTICE NOTICE NOTICE NOTICE    **
[    0.597454] **                                                         **
[    0.598126] **  IOMMU DebugFS SUPPORT HAS BEEN ENABLED IN THIS KERNEL  **
[    0.598800] **                                                         **
[    0.599470] ** This means that this kernel is built to expose internal **
[    0.599613] ** IOMMU data structures, which may compromise security on **
[    0.600288] ** your system.                                            **
[    0.600955] **                                                         **
[    0.601628] ** If you see this message and you are not debugging the   **
[    0.602302] ** kernel, report this immediately to your vendor!         **
[    0.602971] **                                                         **
[    0.603616] **     NOTICE NOTICE NOTICE NOTICE NOTICE NOTICE NOTICE    **
[    0.604288] *************************************************************
[    0.604964] Callback from call_rcu_tasks_trace() invoked.
[    0.605586] PM: RTC time: 14:11:03, date: 2026-03-12
[    0.608630] NET: Registered PF_NETLINK/PF_ROUTE protocol family
[    0.611019] DMA: preallocated 256 KiB GFP_KERNEL|GFP_DMA pool for atomic allocations
[    0.611618] DMA: preallocated 256 KiB GFP_KERNEL|GFP_DMA32 pool for atomic allocations
[    0.612554] audit: initializing netlink subsys (disabled)
[    0.613259] audit: type=2000 audit(1773324663.857:1): state=initialized audit_enabled=0 res=1
[    0.613280] thermal_sys: Registered thermal governor 'fair_share'
[    0.613288] thermal_sys: Registered thermal governor 'bang_bang'
[    0.615599] thermal_sys: Registered thermal governor 'step_wise'
[    0.616274] thermal_sys: Registered thermal governor 'user_space'
[    0.617003] cpuidle: using governor ladder
[    0.617003] cpuidle: using governor menu
[    0.617003] acpiphp: ACPI Hot Plug PCI Controller Driver version: 0.5
[    0.620588] PCI: Using configuration type 1 for base access
[    0.621864] kprobes: kprobe jump-optimization is enabled. All kprobes are optimized if possible.
[    0.800171] HugeTLB: registered 1.00 GiB page size, pre-allocated 0 pages
[    0.800865] HugeTLB: 16380 KiB vmemmap can be freed for a 1.00 GiB page
[    0.801528] HugeTLB: registered 2.00 MiB page size, pre-allocated 0 pages
[    0.802198] HugeTLB: 28 KiB vmemmap can be freed for a 2.00 MiB page
[    0.813934] ACPI: Added _OSI(Module Device)
[    0.814385] ACPI: Added _OSI(Processor Device)
[    0.814832] ACPI: Added _OSI(Processor Aggregator Device)
[    0.832328] ACPI: 1 ACPI AML tables successfully acquired and loaded
[    0.840735] ACPI: Interpreter enabled
[    0.841276] ACPI: PM: (supports S0 S3 S4 S5)
[    0.841709] ACPI: Using IOAPIC for interrupt routing
[    0.842319] PCI: Using host bridge windows from ACPI; if necessary, use "pci=nocrs" and report a bug
[    0.843225] PCI: Using E820 reservations for host bridge windows
[    0.844887] ACPI: Enabled 2 GPEs in block 00 to 0F
[    0.886725] ACPI: PCI Root Bridge [PCI0] (domain 0000 [bus 00-ff])
[    0.887638] acpi PNP0A03:00: _OSC: OS supports [ASPM ClockPM Segments MSI EDR HPX-Type3]
[    0.888462] acpi PNP0A03:00: _OSC: not requesting OS control; OS requires [ExtendedConfig ASPM ClockPM MSI]
[    0.889611] acpi PNP0A03:00: fail to add MMCONFIG information, can't access extended configuration space under this bridge
[    0.895670] acpiphp: Slot [3] registered
[    0.896217] acpiphp: Slot [4] registered
[    0.896754] acpiphp: Slot [5] registered
[    0.897320] acpiphp: Slot [6] registered
[    0.897867] acpiphp: Slot [7] registered
[    0.898401] acpiphp: Slot [8] registered
[    0.898943] acpiphp: Slot [9] registered
[    0.899477] acpiphp: Slot [10] registered
[    0.899743] acpiphp: Slot [11] registered
[    0.900285] acpiphp: Slot [12] registered
[    0.900841] acpiphp: Slot [13] registered
[    0.901384] acpiphp: Slot [14] registered
[    0.901935] acpiphp: Slot [15] registered
[    0.902491] acpiphp: Slot [16] registered
[    0.903032] acpiphp: Slot [17] registered
[    0.903575] acpiphp: Slot [18] registered
[    0.903744] acpiphp: Slot [19] registered
[    0.904291] acpiphp: Slot [20] registered
[    0.904833] acpiphp: Slot [21] registered
[    0.905377] acpiphp: Slot [22] registered
[    0.905922] acpiphp: Slot [23] registered
[    0.906480] acpiphp: Slot [24] registered
[    0.907024] acpiphp: Slot [25] registered
[    0.907566] acpiphp: Slot [26] registered
[    0.907739] acpiphp: Slot [27] registered
[    0.908293] acpiphp: Slot [28] registered
[    0.908835] acpiphp: Slot [29] registered
[    0.909376] acpiphp: Slot [30] registered
[    0.909923] acpiphp: Slot [31] registered
[    0.910396] PCI host bridge to bus 0000:00
[    0.910867] pci_bus 0000:00: root bus resource [io  0x0000-0x0cf7 window]
[    0.911541] pci_bus 0000:00: root bus resource [io  0x0d00-0xffff window]
[    0.911596] pci_bus 0000:00: root bus resource [mem 0x000a0000-0x000bffff window]
[    0.912340] pci_bus 0000:00: root bus resource [mem 0x80000000-0xfebfffff window]
[    0.913087] pci_bus 0000:00: root bus resource [mem 0x100000000-0x17fffffff window]
[    0.913848] pci_bus 0000:00: root bus resource [bus 00-ff]
[    0.914504] pci 0000:00:00.0: [8086:1237] type 00 class 0x060000 conventional PCI endpoint
[    0.925529] pci 0000:00:01.0: [8086:7000] type 00 class 0x060100 conventional PCI endpoint
[    0.927819] pci 0000:00:01.1: [8086:7010] type 00 class 0x010180 conventional PCI endpoint
[    0.929252] pci 0000:00:01.1: BAR 4 [io  0xc040-0xc04f]
[    0.929807] pci 0000:00:01.1: BAR 0 [io  0x01f0-0x01f7]: legacy IDE quirk
[    0.930480] pci 0000:00:01.1: BAR 1 [io  0x03f6]: legacy IDE quirk
[    0.931097] pci 0000:00:01.1: BAR 2 [io  0x0170-0x0177]: legacy IDE quirk
[    0.931595] pci 0000:00:01.1: BAR 3 [io  0x0376]: legacy IDE quirk
[    0.932774] pci 0000:00:01.3: [8086:7113] type 00 class 0x068000 conventional PCI endpoint
[    0.933914] pci 0000:00:01.3: quirk: [io  0x0600-0x063f] claimed by PIIX4 ACPI
[    0.934632] pci 0000:00:01.3: quirk: [io  0x0700-0x070f] claimed by PIIX4 SMB
[    0.935902] pci 0000:00:02.0: [1234:1111] type 00 class 0x030000 conventional PCI endpoint
[    0.937821] pci 0000:00:02.0: BAR 0 [mem 0xfd000000-0xfdffffff pref]
[    0.938475] pci 0000:00:02.0: BAR 2 [mem 0xfebf0000-0xfebf0fff]
[    0.939092] pci 0000:00:02.0: ROM [mem 0xfebe0000-0xfebeffff pref]
[    0.939706] pci 0000:00:02.0: Video device with shadowed ROM at [mem 0x000c0000-0x000dffff]
[    0.949705] pci 0000:00:03.0: [8086:100e] type 00 class 0x020000 conventional PCI endpoint
[    0.951406] pci 0000:00:03.0: BAR 0 [mem 0xfebc0000-0xfebdffff]
[    0.951605] pci 0000:00:03.0: BAR 1 [io  0xc000-0xc03f]
[    0.952212] pci 0000:00:03.0: ROM [mem 0xfeb80000-0xfebbffff pref]
[    0.980388] ACPI: PCI: Interrupt link LNKA configured for IRQ 10
[    0.982149] ACPI: PCI: Interrupt link LNKB configured for IRQ 10
[    0.983920] ACPI: PCI: Interrupt link LNKC configured for IRQ 11
[    0.985599] ACPI: PCI: Interrupt link LNKD configured for IRQ 11
[    0.986700] ACPI: PCI: Interrupt link LNKS configured for IRQ 9
[    0.991656] iommu: Default domain type: Translated
[    0.992174] iommu: DMA domain TLB invalidation policy: lazy mode
[    1.000099] SCSI subsystem initialized
[    1.000971] ACPI: bus type USB registered
[    1.001621] usbcore: registered new interface driver usbfs
[    1.002270] usbcore: registered new interface driver hub
[    1.002858] usbcore: registered new device driver usb
[    1.003706] pps_core: LinuxPPS API ver. 1 registered
[    1.004209] pps_core: Software ver. 5.3.6 - Copyright 2005-2007 Rodolfo Giometti <giometti@linux.it>
[    1.005135] PTP clock support registered
[    1.007842] EDAC MC: Ver: 3.0.0
[    1.014316] NetLabel: Initializing
[    1.014793] NetLabel:  domain hash size = 128
[    1.015381] NetLabel:  protocols = UNLABELED CIPSOv4 CALIPSO
[    1.015782] NetLabel:  unlabeled traffic allowed by default
[    1.019898] PCI: Using ACPI for IRQ routing
[    1.020787] pci 0000:00:02.0: vgaarb: setting as boot VGA device
[    1.021456] pci 0000:00:02.0: vgaarb: bridge control possible
[    1.022077] pci 0000:00:02.0: vgaarb: VGA device added: decodes=io+mem,owns=io+mem,locks=none
[    1.022996] vgaarb: loaded
[    1.023985] hpet0: at MMIO 0xfed00000, IRQs 2, 8, 0
[    1.024494] hpet0: 3 comparators, 64-bit 100.000000 MHz counter
[    1.028892] clocksource: Switched to clocksource kvm-clock
[    3.583682] VFS: Disk quotas dquot_6.6.0
[    3.584154] VFS: Dquot-cache hash table entries: 512 (order 0, 4096 bytes)
[    3.586590] pnp: PnP ACPI init
[    3.591873] pnp: PnP ACPI: found 6 devices
[    3.613696] clocksource: acpi_pm: mask: 0xffffff max_cycles: 0xffffff, max_idle_ns: 2085701024 ns
[    3.615062] NET: Registered PF_INET protocol family
[    3.615699] IP idents hash table entries: 32768 (order: 6, 262144 bytes, linear)
[    3.617643] Callback from call_rcu_tasks() invoked.
[    3.617953] tcp_listen_portaddr_hash hash table entries: 1024 (order: 5, 73728 bytes, linear)
[    3.619057] Table-perturb hash table entries: 65536 (order: 6, 262144 bytes, linear)
[    3.619946] TCP established hash table entries: 16384 (order: 5, 131072 bytes, linear)
[    3.621083] TCP bind hash table entries: 16384 (order: 10, 2359296 bytes, linear)
[    3.622997] TCP: Hash tables configured (established 16384 bind 16384)
[    3.623765] UDP hash table entries: 1024 (order: 6, 262144 bytes, linear)
[    3.624559] UDP-Lite hash table entries: 1024 (order: 6, 262144 bytes, linear)
[    3.625663] NET: Registered PF_UNIX/PF_LOCAL protocol family
[    3.627096] RPC: Registered named UNIX socket transport module.
[    3.627718] RPC: Registered udp transport module.
[    3.628195] RPC: Registered tcp transport module.
[    3.628676] RPC: Registered tcp-with-tls transport module.
[    3.629229] RPC: Registered tcp NFSv4.1 backchannel transport module.
[    3.629919] pci_bus 0000:00: resource 4 [io  0x0000-0x0cf7 window]
[    3.630547] pci_bus 0000:00: resource 5 [io  0x0d00-0xffff window]
[    3.631169] pci_bus 0000:00: resource 6 [mem 0x000a0000-0x000bffff window]
[    3.631860] pci_bus 0000:00: resource 7 [mem 0x80000000-0xfebfffff window]
[    3.632565] pci_bus 0000:00: resource 8 [mem 0x100000000-0x17fffffff window]
[    3.633657] pci 0000:00:01.0: PIIX3: Enabling Passive Release
[    3.634248] pci 0000:00:00.0: Limiting direct PCI/PCI transfers
[    3.634942] PCI: CLS 0 bytes, default 64
[    3.635445] ACPI: bus type thunderbolt registered
[    3.636393] clocksource: tsc: mask: 0xffffffffffffffff max_cycles: 0x1881273ac8e, max_idle_ns: 440795257284 ns
[    3.637607] sgx: There are zero EPC sections.
[    3.643568] Initialise system trusted keyrings
[    3.644131] Key type blacklist registered
[    3.644761] workingset: timestamp_bits=36 max_order=19 bucket_order=0
[    3.647396] squashfs: version 4.0 (2009/01/31) Phillip Lougher
[    3.649344] NFS: Registering the id_resolver key type
[    3.649938] Key type id_resolver registered
[    3.650359] Key type id_legacy registered
[    3.650824] nfs4filelayout_init: NFSv4 File Layout Driver Registering...
[    3.651514] nfs4flexfilelayout_init: NFSv4 Flexfile Layout Driver Registering...
[    3.652564] fuse: init (API version 7.45)
[    3.653581] SGI XFS with ACLs, security attributes, realtime, quota, no debug enabled
[    3.655639] 9p: Installing v9fs 9p2000 file system support
[    3.670681] Key type asymmetric registered
[    3.671106] Asymmetric key parser 'x509' registered
[    3.671724] Block layer SCSI generic (bsg) driver version 0.4 loaded (major 241)
[    3.672650] io scheduler mq-deadline registered
[    3.673247] io scheduler bfq registered
[    3.674061] ledtrig-cpu: registered to indicate activity on CPUs
[    3.676149] IPMI message handler: version 39.2
[    3.676685] ipmi device interface
[    3.679042] input: Power Button as /devices/LNXSYSTM:00/LNXPWRBN:00/input/input0
[    3.680364] ACPI: button: Power Button [PWRF]
[    3.682351] ERST DBG: ERST support is disabled.
[    3.684538] Serial: 8250/16550 driver, 32 ports, IRQ sharing enabled
[    3.686538] 00:04: ttyS0 at I/O 0x3f8 (irq = 4, base_baud = 115200) is a 16550A
[    3.715336] Linux agpgart interface v0.103
[    3.718367] ACPI: bus type drm_connector registered
[    3.742120] brd: module loaded
[    3.757893] loop: module loaded
[    3.767816] scsi host0: ata_piix
[    3.769271] scsi host1: ata_piix
[    3.770129] ata1: PATA max MWDMA2 cmd 0x1f0 ctl 0x3f6 bmdma 0xc040 irq 14 lpm-pol 0
[    3.770892] ata2: PATA max MWDMA2 cmd 0x170 ctl 0x376 bmdma 0xc048 irq 15 lpm-pol 0
[    3.774844] tun: Universal TUN/TAP device driver, 1.6
[    3.775718] e100: Intel(R) PRO/100 Network Driver
[    3.776188] e100: Copyright(c) 1999-2006 Intel Corporation
[    3.776861] e1000: Intel(R) PRO/1000 Network Driver
[    3.777344] e1000: Copyright (c) 1999-2006 Intel Corporation.
[    3.929822] ata1: found unknown device (class 0)
[    3.930931] ata1.00: ATA-7: QEMU HARDDISK, 2.5+, max UDMA/100
[    3.931517] ata1.00: 17196647 sectors, multi 16: LBA48 
[    3.933157] scsi 0:0:0:0: Direct-Access     ATA      QEMU HARDDISK    2.5+ PQ: 0 ANSI: 5
[    3.933838] ata2: found unknown device (class 0)
[    3.935006] ata2.00: ATAPI: QEMU DVD-ROM, 2.5+, max UDMA/100
[    3.935748] scsi 0:0:0:0: Attached scsi generic sg0 type 0
[    3.937530] scsi 1:0:0:0: CD-ROM            QEMU     QEMU DVD-ROM     2.5+ PQ: 0 ANSI: 5
[    3.938671] sd 0:0:0:0: [sda] 17196647 512-byte logical blocks: (8.80 GB/8.20 GiB)
[    3.939466] sd 0:0:0:0: [sda] Write Protect is off
[    3.941043] sd 0:0:0:0: [sda] Write cache: enabled, read cache: enabled, doesn't support DPO or FUA
[    3.942162] sd 0:0:0:0: [sda] Preferred minimum I/O size 512 bytes
[    3.963827] scsi 1:0:0:0: Attached scsi generic sg1 type 5
[    3.964995] sd 0:0:0:0: [sda] Attached SCSI disk
[    4.598669] ACPI: \_SB_.LNKC: Enabled at IRQ 11
[    4.914098] e1000 0000:00:03.0 eth0: (PCI:33MHz:32-bit) 52:54:00:12:34:56
[    4.914819] e1000 0000:00:03.0 eth0: Intel(R) PRO/1000 Network Connection
[    4.915695] e1000e: Intel(R) PRO/1000 Network Driver
[    4.916192] e1000e: Copyright(c) 1999 - 2015 Intel Corporation.
[    4.916941] igb: Intel(R) Gigabit Ethernet Network Driver
[    4.917480] igb: Copyright (c) 2007-2014 Intel Corporation.
[    4.918738] PPP generic driver version 2.4.2
[    4.920289] VFIO - User Level meta-driver version: 0.3
[    4.921999] usbcore: registered new interface driver uas
[    4.922677] usbcore: registered new interface driver usb-storage
[    4.923556] i8042: PNP: PS/2 Controller [PNP0303:KBD,PNP0f13:MOU] at 0x60,0x64 irq 1,12
[    4.925336] serio: i8042 KBD port at 0x60,0x64 irq 1
[    4.925924] serio: i8042 AUX port at 0x60,0x64 irq 12
[    4.927574] mousedev: PS/2 mouse device common for all mice
[    4.929800] input: AT Translated Set 2 keyboard as /devices/platform/i8042/serio0/input/input1
[    4.931005] rtc_cmos 00:05: RTC can wake from S4
[    4.933174] rtc_cmos 00:05: registered as rtc0
[    4.933740] rtc_cmos 00:05: setting system clock to 2026-03-12T14:11:07 UTC (1773324667)
[    4.934878] rtc_cmos 00:05: alarms up to one day, y3k, 242 bytes nvram, hpet irqs
[    4.935694] i2c_dev: i2c /dev entries driver
[    4.936232] device-mapper: core: CONFIG_IMA_DISABLE_HTABLE is disabled. Duplicate IMA measurements will not be recorded in the IMA log.
[    4.937473] device-mapper: uevent: version 1.0.3
[    4.939071] input: VirtualPS/2 VMware VMMouse as /devices/platform/i8042/serio1/input/input4
[    4.940941] input: VirtualPS/2 VMware VMMouse as /devices/platform/i8042/serio1/input/input3
[    4.942182] device-mapper: ioctl: 4.50.0-ioctl (2025-04-28) initialised: dm-devel@lists.linux.dev
[    4.943100] intel_pstate: CPU model not supported
[    4.943811] sdhci: Secure Digital Host Controller Interface driver
[    4.944422] sdhci: Copyright(c) Pierre Ossman
[    4.945050] sdhci-pltfm: SDHCI platform and OF driver helper
[    4.946240] drop_monitor: Initializing network drop monitor service
[    4.947261] NET: Registered PF_INET6 protocol family
[    4.949386] Segment Routing with IPv6
[    4.949845] In-situ OAM (IOAM) with IPv6
[    4.950299] NET: Registered PF_PACKET protocol family
[    4.951046] 9pnet: Installing 9P2000 support
[    4.951601] Key type dns_resolver registered
[    4.953771] IPI shorthand broadcast: enabled
[    5.018458] sched_clock: Marking stable (5000007768, 17564697)->(5024179819, -6607354)
[    5.020305] registered taskstats version 1
[    5.021205] Loading compiled-in X.509 certificates
[    5.099864] Demotion targets for Node 0: null
[    5.100936] Key type .fscrypt registered
[    5.101339] Key type fscrypt-provisioning registered
[    5.104492] Key type encrypted registered
[    5.104944] ima: No TPM chip found, activating TPM-bypass!
[    5.105524] ima: Allocated hash algorithm: sha1
[    5.106053] ima: No architecture policies found
[    5.106672] evm: Initialising EVM extended attributes:
[    5.107179] evm: security.selinux
[    5.107517] evm: security.SMACK64
[    5.107852] evm: security.SMACK64EXEC
[    5.108221] evm: security.SMACK64TRANSMUTE
[    5.108638] evm: security.SMACK64MMAP
[    5.109007] evm: security.apparmor
[    5.109351] evm: security.ima
[    5.109668] evm: security.capability
[    5.110034] evm: HMAC attrs: 0x1
[    5.112923] PM:   Magic number: 2:982:181
[    5.114122] RAS: Correctable Errors collector initialized.
[    5.115162] clk: Disabling unused clocks
[    5.115617] PM: genpd: Disabling unused power domains
[    5.116871] check access for rdinit=/init failed: -2, ignoring
[    5.117324] md: Waiting for all devices to be available before autodetect
[    5.117859] md: If you don't use raid, use raid=noautodetect
[    5.118302] md: Autodetecting RAID arrays.
[    5.118635] md: autorun ...
[    5.118852] md: ... autorun DONE.
[    5.124950] EXT4-fs (sda): INFO: recovery required on readonly filesystem
[    5.125442] EXT4-fs (sda): write access will be enabled during recovery
[    5.164376] EXT4-fs (sda): recovery complete
[    5.166038] EXT4-fs (sda): mounted filesystem 088740a9-c8b4-422c-999d-a804eb68a4da ro with ordered data mode. Quota mode: none.
[    5.166888] VFS: Mounted root (ext4 filesystem) readonly on device 8:0.
[    5.168868] devtmpfs: mounted
[    5.169264] VFS: Pivoted into new rootfs
[    5.189345] Freeing unused decrypted memory: 2036K
[    5.195025] Freeing unused kernel image (initmem) memory: 16440K
[    5.195666] Write protecting the kernel read-only data: 102400k
[    5.198025] Freeing unused kernel image (text/rodata gap) memory: 840K
[    5.199587] Freeing unused kernel image (rodata/data gap) memory: 1624K
[    6.186857] x86/mm: Checked W+X mappings: passed, no W+X pages found.
[    6.187438] Run /sbin/init as init process
[    6.313775] systemd[1]: systemd 252-15.el9 running in system mode (+PAM +AUDIT +SELINUX -APPARMOR +IMA +SMACK +SECCOMP +GCRYPT +GNUTLS +OPENSSL +ACL +BLKID +CURL +ELFUTILS -FIDO2 +IDN2 -IDN -IPTC +KMOD +LIBCRYPTSETUP +LIBFDISK +PCRE2 -PWQUALITY +P11KIT -QRENCODE +TPM2 +BZIP2 +LZ4 +XZ +ZLIB +ZSTD -BPF_FRAMEWORK +XKBCOMMON +UTMP +SYSVINIT default-hierarchy=unified)
[    6.316056] systemd[1]: Detected virtualization kvm.
[    6.316447] systemd[1]: Detected architecture x86-64.

Welcome to [0;31mCentOS Stream 9[0m!

[    6.320765] systemd[1]: Hostname set to <test>.
[    6.531160] systemd-rc-local-generator[120]: /etc/rc.d/rc.local is not marked executable, skipping.
[    6.770454] systemd[1]: Queued start job for default target Multi-User System.
[    6.788112] systemd[1]: Created slice Virtual Machine and Container Slice.
[[0;32m  OK  [0m] Created slice [0;1;39mVirtual Machine and Container Slice[0m.
[    6.793213] systemd[1]: Created slice Slice /system/getty.
[[0;32m  OK  [0m] Created slice [0;1;39mSlice /system/getty[0m.
[    6.796111] systemd[1]: Created slice Slice /system/modprobe.
[[0;32m  OK  [0m] Created slice [0;1;39mSlice /system/modprobe[0m.
[    6.799003] systemd[1]: Created slice Slice /system/serial-getty.
[[0;32m  OK  [0m] Created slice [0;1;39mSlice /system/serial-getty[0m.
[    6.802012] systemd[1]: Created slice Slice /system/sshd-keygen.
[[0;32m  OK  [0m] Created slice [0;1;39mSlice /system/sshd-keygen[0m.
[    6.804733] systemd[1]: Created slice User and Session Slice.
[[0;32m  OK  [0m] Created slice [0;1;39mUser and Session Slice[0m.
[    6.806145] systemd[1]: Started Forward Password Requests to Wall Directory Watch.
[[0;32m  OK  [0m] Started [0;1;39mForward Password R…uests to Wall Directory Watch[0m.
[    6.808349] systemd[1]: Set up automount Arbitrary Executable File Formats File System Automount Point.
[[0;32m  OK  [0m] Set up automount [0;1;39mArbitrary…s File System Automount Point[0m.
[    6.810015] systemd[1]: Reached target Local Integrity Protected Volumes.
[[0;32m  OK  [0m] Reached target [0;1;39mLocal Integrity Protected Volumes[0m.
[    6.811260] systemd[1]: Reached target Slice Units.
[[0;32m  OK  [0m] Reached target [0;1;39mSlice Units[0m.
[    6.812179] systemd[1]: Reached target Swaps.
[[0;32m  OK  [0m] Reached target [0;1;39mSwaps[0m.
[    6.813028] systemd[1]: Reached target Local Verity Protected Volumes.
[[0;32m  OK  [0m] Reached target [0;1;39mLocal Verity Protected Volumes[0m.
[    6.814527] systemd[1]: Listening on Device-mapper event daemon FIFOs.
[[0;32m  OK  [0m] Listening on [0;1;39mDevice-mapper event daemon FIFOs[0m.
[    6.816229] systemd[1]: Listening on LVM2 poll daemon socket.
[[0;32m  OK  [0m] Listening on [0;1;39mLVM2 poll daemon socket[0m.
[    6.817450] systemd[1]: multipathd control socket was skipped because of an unmet condition check (ConditionPathExists=/etc/multipath.conf).
[    6.858154] systemd[1]: Listening on RPCbind Server Activation Socket.
[[0;32m  OK  [0m] Listening on [0;1;39mRPCbind Server Activation Socket[0m.
[    6.859448] systemd[1]: Reached target RPC Port Mapper.
[[0;32m  OK  [0m] Reached target [0;1;39mRPC Port Mapper[0m.
[    6.862523] systemd[1]: Listening on Process Core Dump Socket.
[[0;32m  OK  [0m] Listening on [0;1;39mProcess Core Dump Socket[0m.
[    6.863950] systemd[1]: Listening on initctl Compatibility Named Pipe.
[[0;32m  OK  [0m] Listening on [0;1;39minitctl Compatibility Named Pipe[0m.
[    6.865720] systemd[1]: Listening on Journal Socket (/dev/log).
[[0;32m  OK  [0m] Listening on [0;1;39mJournal Socket (/dev/log)[0m.
[    6.867305] systemd[1]: Listening on Journal Socket.
[[0;32m  OK  [0m] Listening on [0;1;39mJournal Socket[0m.
[    6.868843] systemd[1]: Listening on udev Control Socket.
[[0;32m  OK  [0m] Listening on [0;1;39mudev Control Socket[0m.
[    6.870580] systemd[1]: Listening on udev Kernel Socket.
[[0;32m  OK  [0m] Listening on [0;1;39mudev Kernel Socket[0m.
[    6.876842] systemd[1]: Mounting Huge Pages File System...
         Mounting [0;1;39mHuge Pages File System[0m...
[    6.885708] systemd[1]: Mounting POSIX Message Queue File System...
         Mounting [0;1;39mPOSIX Message Queue File System[0m...
[    6.891359] systemd[1]: Mounting Kernel Debug File System...
         Mounting [0;1;39mKernel Debug File System[0m...
[    6.906335] systemd[1]: Mounting Kernel Trace File System...
         Mounting [0;1;39mKernel Trace File System[0m...
[    6.907570] systemd[1]: Kernel Module supporting RPCSEC_GSS was skipped because of an unmet condition check (ConditionPathExists=/etc/krb5.keytab).
[    6.908581] systemd[1]: Create List of Static Device Nodes was skipped because of an unmet condition check (ConditionFileNotEmpty=/lib/modules/6.19.0-4adc13ed7c28+/modules.devname).
[    6.914835] systemd[1]: Starting Monitoring of LVM2 mirrors, snapshots etc. using dmeventd or progress polling...
         Starting [0;1;39mMonitoring of LVM…meventd or progress polling[0m...
[    6.926661] systemd[1]: Starting Load Kernel Module configfs...
         Starting [0;1;39mLoad Kernel Module configfs[0m...
[    6.935575] systemd[1]: Starting Load Kernel Module drm...
         Starting [0;1;39mLoad Kernel Module drm[0m...
[    6.946030] systemd[1]: Starting Load Kernel Module fuse...
         Starting [0;1;39mLoad Kernel Module fuse[0m...
[    6.960953] systemd[1]: Starting Read and set NIS domainname from /etc/sysconfig/network...
         Starting [0;1;39mRead and set NIS …from /etc/sysconfig/network[0m...
[    7.001970] systemd[1]: Starting Journal Service...
         Starting [0;1;39mJournal Service[0m...
[    7.009098] systemd[1]: Starting Load Kernel Modules...
         Starting [0;1;39mLoad Kernel Modules[0m...
[    7.017408] systemd[1]: Starting Generate network units from Kernel command line...
         Starting [0;1;39mGenerate network …ts from Kernel command line[0m...
[    7.033923] systemd[1]: Starting Remount Root and Kernel File Systems...
         Starting [0;1;39mRemount Root and Kernel File Systems[0m...
[    7.036810] systemd[1]: Repartition Root Disk was skipped because no trigger condition checks were met.
[    7.054539] systemd[1]: Starting Coldplug All udev Devices...
         Starting [0;1;39mColdplug All udev Devices[0m...
[    7.089871] systemd[1]: Mounted Huge Pages File System.
[[0;32m  OK  [0m] Mounted [0;1;39mHuge Pages File System[0m.
[    7.094081] systemd[1]: Mounted POSIX Message Queue File System.
[[0;32m  OK  [0m] Mounted [0;1;39mPOSIX Message Queue File System[0m.
[    7.095664] systemd[1]: Mounted Kernel Debug File System.
[[0;32m  OK  [0m] Mounted [0;1;39mKernel Debug File System[0m.
[    7.103557] systemd[1]: Mounted Kernel Trace File System.
[[0;32m  OK  [0m] Mounted [0;1;39mKernel Trace File System[0m.
[    7.106772] systemd[1]: Finished Monitoring of LVM2 mirrors, snapshots etc. using dmeventd or progress polling.
[[0;32m  OK  [0m] Finished [0;1;39mMonitoring of LVM… dmeventd or progress polling[0m.
[    7.111806] systemd[1]: modprobe@configfs.service: Deactivated successfully.
[    7.117684] systemd[1]: Finished Load Kernel Module configfs.
[[0;32m  OK  [0m] Finished [0;1;39mLoad Kernel Module configfs[0m.
[    7.120090] systemd[1]: modprobe@drm.service: Deactivated successfully.
[    7.127094] systemd[1]: Finished Load Kernel Module drm.
[[0;32m  OK  [0m] Finished [0;1;39mLoad Kernel Module drm[0m.
[    7.129462] systemd[1]: modprobe@fuse.service: Deactivated successfully.
[    7.130145] EXT4-fs (sda): re-mounted 088740a9-c8b4-422c-999d-a804eb68a4da r/w.
[    7.136882] systemd[1]: Finished Load Kernel Module fuse.
[[0;32m  OK  [0m] Finished [0;1;39mLoad Kernel Module fuse[0m.
[    7.143818] systemd[1]: Started Journal Service.
[[0;32m  OK  [0m] Started [0;1;39mJournal Service[0m.
[[0;32m  OK  [0m] Finished [0;1;39mRead and set NIS …e from /etc/sysconfig/network[0m.
[[0;1;31mFAILED[0m] Failed to start [0;1;39mLoad Kernel Modules[0m.
See 'systemctl status systemd-modules-load.service' for details.
[[0;32m  OK  [0m] Finished [0;1;39mGenerate network units from Kernel command line[0m.
[[0;32m  OK  [0m] Finished [0;1;39mRemount Root and Kernel File Systems[0m.
[[0;32m  OK  [0m] Reached target [0;1;39mPreparation for Network[0m.
         Mounting [0;1;39mFUSE Control File System[0m...
         Mounting [0;1;39mKernel Configuration File System[0m...
         Starting [0;1;39mFlush Journal to Persistent Storage[0m...
         Starting [0;1;39mLoad/Save Random Seed[0m...
         Starting [0;1;39mApply Kernel Variables[0m...
         Starting [0;1;39mCreate Static Device Nodes in /dev[0m...
[    7.257889] systemd-journald[141]: Received client request to flush runtime journal.
         Starting [0;1;39mSetup Virtual Console[0m...
[[0;32m  OK  [0m] Mounted [0;1;39mFUSE Control File System[0m.
[[0;32m  OK  [0m] Mounted [0;1;39mKernel Configuration File System[0m.
[[0;32m  OK  [0m] Finished [0;1;39mFlush Journal to Persistent Storage[0m.
[[0;32m  OK  [0m] Finished [0;1;39mLoad/Save Random Seed[0m.
[[0;32m  OK  [0m] Finished [0;1;39mApply Kernel Variables[0m.
[[0;32m  OK  [0m] Finished [0;1;39mCreate Static Device Nodes in /dev[0m.
         Starting [0;1;39mRule-based Manage…for Device Events and Files[0m...
[[0;32m  OK  [0m] Started [0;1;39mRule-based Manager for Device Events and Files[0m.
         Starting [0;1;39mAuto-connect to s…E devices found during boot[0m...
[[0;32m  OK  [0m] Finished [0;1;39mAuto-connect to s…VME devices found during boot[0m.
[[0;32m  OK  [0m] Finished [0;1;39mSetup Virtual Console[0m.
[[0;32m  OK  [0m] Finished [0;1;39mColdplug All udev Devices[0m.
         Starting [0;1;39mShow Plymouth Boot Screen[0m...
         Starting [0;1;39mWait for udev To …plete Device Initialization[0m...
[2J[3J[-1;-1f[[0;32m  OK  [0m] Started [0;1;39mShow Plymouth Boot Screen[0m.
[[0;32m  OK  [0m] Started [0;1;39mForward Password R…s to Plymouth Directory Watch[0m.
[[0;32m  OK  [0m] Reached target [0;1;39mLocal Encrypted Volumes[0m.
[[0;32m  OK  [0m] Reached target [0;1;39mPath Units[0m.
[[0;32m  OK  [0m] Found device [0;1;39m/dev/ttyS0[0m.
[[0;32m  OK  [0m] Listening on [0;1;39mLoad/Save RF …itch Status /dev/rfkill Watch[0m.
[[0;32m  OK  [0m] Finished [0;1;39mWait for udev To Complete Device Initialization[0m.
[[0;32m  OK  [0m] Reached target [0;1;39mPreparation for Local File Systems[0m.
[[0;32m  OK  [0m] Reached target [0;1;39mLocal File Systems[0m.
         Starting [0;1;39mTell Plymouth To Write Out Runtime Data[0m...
         Starting [0;1;39mAutomatic Boot Loader Update[0m...
         Starting [0;1;39mCreate Volatile Files and Directories[0m...
[[0;32m  OK  [0m] Finished [0;1;39mTell Plymouth To Write Out Runtime Data[0m.
[[0;32m  OK  [0m] Finished [0;1;39mAutomatic Boot Loader Update[0m.
[[0;32m  OK  [0m] Finished [0;1;39mCreate Volatile Files and Directories[0m.
         Mounting [0;1;39mRPC Pipe File System[0m...
         Starting [0;1;39mSecurity Auditing Service[0m...
         Starting [0;1;39mRPC Bind[0m...
[[0;32m  OK  [0m] Mounted [0;1;39mRPC Pipe File System[0m.
[[0;32m  OK  [0m] Reached target [0;1;39mrpc_pipefs.target[0m.
[[0;32m  OK  [0m] Started [0;1;39mRPC Bind[0m.
[[0;32m  OK  [0m] Started [0;1;39mSecurity Auditing Service[0m.
         Starting [0;1;39mRecord System Boot/Shutdown in UTMP[0m...
[[0;32m  OK  [0m] Finished [0;1;39mRecord System Boot/Shutdown in UTMP[0m.
[[0;32m  OK  [0m] Reached target [0;1;39mSystem Initialization[0m.
[[0;32m  OK  [0m] Started [0;1;39mDaily rotation of log files[0m.
[[0;32m  OK  [0m] Started [0;1;39mUpdates mlocate database every day[0m.
[[0;32m  OK  [0m] Started [0;1;39mDaily Cleanup of Temporary Directories[0m.
[[0;32m  OK  [0m] Started [0;1;39mdaily update of the root trust anchor for DNSSEC[0m.
[[0;32m  OK  [0m] Reached target [0;1;39mTimer Units[0m.
[[0;32m  OK  [0m] Listening on [0;1;39mD-Bus System Message Bus Socket[0m.
[[0;32m  OK  [0m] Listening on [0;1;39mOpen-iSCSI iscsid Socket[0m.
[[0;32m  OK  [0m] Listening on [0;1;39mOpen-iSCSI iscsiuio Socket[0m.
[[0;32m  OK  [0m] Listening on [0;1;39mSSSD Kerberos…ache Manager responder socket[0m.
[[0;32m  OK  [0m] Listening on [0;1;39mLibvirt interface local socket[0m.
[[0;32m  OK  [0m] Listening on [0;1;39mVirtual machine lock manager socket[0m.
[[0;32m  OK  [0m] Listening on [0;1;39mVirtual machine log manager socket[0m.
[[0;32m  OK  [0m] Listening on [0;1;39mLibvirt network local socket[0m.
[[0;32m  OK  [0m] Listening on [0;1;39mLibvirt nodedev local socket[0m.
[[0;32m  OK  [0m] Listening on [0;1;39mLibvirt nwfilter local socket[0m.
[[0;32m  OK  [0m] Listening on [0;1;39mLibvirt proxy local socket[0m.
[[0;32m  OK  [0m] Listening on [0;1;39mLibvirt qemu local socket[0m.
[[0;32m  OK  [0m] Listening on [0;1;39mLibvirt qemu admin socket[0m.
[[0;32m  OK  [0m] Listening on [0;1;39mLibvirt qemu local read-only socket[0m.
[[0;32m  OK  [0m] Listening on [0;1;39mLibvirt secret local socket[0m.
[[0;32m  OK  [0m] Listening on [0;1;39mLibvirt storage local socket[0m.
[[0;32m  OK  [0m] Reached target [0;1;39mSocket Units[0m.
         Starting [0;1;39mD-Bus System Message Bus[0m...
[[0;32m  OK  [0m] Started [0;1;39mD-Bus System Message Bus[0m.
[[0;32m  OK  [0m] Reached target [0;1;39mBasic System[0m.
         Starting [0;1;39mNetwork Manager[0m...
         Starting [0;1;39mNTP client/server[0m...
         Starting [0;1;39mRestore /run/initramfs on shutdown[0m...
[[0;32m  OK  [0m] Started [0;1;39mirqbalance daemon[0m.
[[0;32m  OK  [0m] Started [0;1;39mlibstoragemgmt plug-in server daemon[0m.
[[0;32m  OK  [0m] Started [0;1;39mMachine Check Exception Logging Daemon[0m.
[[0;32m  OK  [0m] Reached target [0;1;39msshd-keygen.target[0m.
[[0;32m  OK  [0m] Reached target [0;1;39mUser and Group Name Lookups[0m.
         Starting [0;1;39mUser Login Management[0m...
         Starting [0;1;39mVirtual Machine a…tainer Registration Service[0m...
[[0;32m  OK  [0m] Finished [0;1;39mRestore /run/initramfs on shutdown[0m.
[[0;32m  OK  [0m] Started [0;1;39mVirtual Machine an…ontainer Registration Service[0m.
         Starting [0;1;39mHostname Service[0m...
[[0;32m  OK  [0m] Started [0;1;39mNTP client/server[0m.
[[0;32m  OK  [0m] Started [0;1;39mUser Login Management[0m.
[[0;32m  OK  [0m] Started [0;1;39mHostname Service[0m.
         Starting [0;1;39mNetwork Manager Script Dispatcher Service[0m...
[[0;32m  OK  [0m] Started [0;1;39mNetwork Manager Script Dispatcher Service[0m.
[   10.449778] e1000: eth0 NIC Link is Up 1000 Mbps Full Duplex, Flow Control: RX
[[0;32m  OK  [0m] Started [0;1;39mNetwork Manager[0m.
[[0;32m  OK  [0m] Reached target [0;1;39mNetwork[0m.
[[0;32m  OK  [0m] Reached target [0;1;39mNetwork is Online[0m.
         Starting [0;1;39mGSSAPI Proxy Daemon[0m...
         Starting [0;1;39mNotify NFS peers of a restart[0m...
         Starting [0;1;39mSystem Logging Service[0m...
         Starting [0;1;39mOpenSSH server daemon[0m...
         Starting [0;1;39mDynamic System Tuning Daemon[0m...
[[0;32m  OK  [0m] Started [0;1;39mNotify NFS peers of a restart[0m.
[[0;32m  OK  [0m] Started [0;1;39mGSSAPI Proxy Daemon[0m.
[[0;32m  OK  [0m] Reached target [0;1;39mNFS client services[0m.
[[0;32m  OK  [0m] Reached target [0;1;39mPreparation for Remote File Systems[0m.
[[0;32m  OK  [0m] Reached target [0;1;39mRemote File Systems[0m.
         Starting [0;1;39mPermit User Sessions[0m...
         Starting [0;1;39mVirtualization qemu daemon[0m...
[[0;32m  OK  [0m] Finished [0;1;39mPermit User Sessions[0m.
[[0;32m  OK  [0m] Started [0;1;39mDeferred execution scheduler[0m.
[[0;32m  OK  [0m] Started [0;1;39mCommand Scheduler[0m.
         Starting [0;1;39mHold until boot process finishes up[0m...
         Starting [0;1;39mTerminate Plymouth Boot Screen[0m...
[[0;32m  OK  [0m] Started [0;1;39mOpenSSH server daemon[0m.

CentOS Stream 9
Kernel 6.19.0-4adc13ed7c28+ on an x86_64

Activate the web console with: systemctl enable --now cockpit.socket

test login: [  300.345780] INFO: task systemd:734 blocked for more than 147 seconds.
[  300.346292]       Not tainted 6.19.0-4adc13ed7c28+ #1
[  300.346660] "echo 0 > /proc/sys/kernel/hung_task_timeout_secs" disables this message.
[  300.347190] task:systemd         state:D stack:0     pid:734   tgid:1     ppid:0      task_flags:0x400040 flags:0x00080000
[  300.347945] Call Trace:
[  300.348124]  <TASK>
[  300.348287]  __schedule+0xfcb/0x40e0
[  300.348570]  ? __pfx___schedule+0x10/0x10
[  300.348851]  ? lock_release+0x14f/0x2a0
[  300.349132]  ? wait_transaction_locked+0x196/0x240
[  300.349481]  schedule+0xf6/0x3d0
[  300.349780]  wait_transaction_locked+0x1bb/0x240
[  300.350112]  ? wait_transaction_locked+0x196/0x240
[  300.350450]  ? __pfx_wait_transaction_locked+0x10/0x10
[  300.350810]  ? __pfx_autoremove_wake_function+0x10/0x10
[  300.351178]  ? __kasan_slab_alloc+0x62/0x80
[  300.351489]  add_transaction_credits+0x121/0x1000
[  300.351822]  ? __pfx_add_transaction_credits+0x10/0x10
[  300.352182]  ? __this_cpu_preempt_check+0x21/0x30
[  300.352512]  ? lock_acquire+0x180/0x2f0
[  300.352790]  ? __kasan_check_write+0x18/0x20
[  300.353095]  start_this_handle+0x457/0x1550
[  300.353397]  ? lock_is_held_type+0xef/0x150
[  300.353716]  ? __pfx_start_this_handle+0x10/0x10
[  300.354043]  ? debug_smp_processor_id+0x20/0x30
[  300.354359]  ? rcu_is_watching+0x19/0xc0
[  300.354649]  ? kmem_cache_alloc_noprof+0x4e2/0x780
[  300.354992]  jbd2__journal_start+0x397/0x810
[  300.355303]  __ext4_journal_start_sb+0x3fc/0x580
[  300.355630]  ? ext4_rmdir+0x637/0xf10
[  300.355898]  ext4_rmdir+0x637/0xf10
[  300.356152]  ? __pfx_ext4_rmdir+0x10/0x10
[  300.356447]  ? __pfx_down_write+0x10/0x10
[  300.356731]  ? do_raw_spin_unlock+0x15c/0x210
[  300.357042]  vfs_rmdir+0x351/0x880
[  300.357294]  filename_rmdir+0x3e5/0x560
[  300.357593]  ? __pfx_filename_rmdir+0x10/0x10
[  300.357906]  ? __sanitizer_cov_trace_const_cmp8+0x1c/0x30
[  300.358281]  ? strncpy_from_user+0x198/0x290
[  300.358601]  ? __sanitizer_cov_trace_const_cmp4+0x1a/0x20
[  300.358973]  ? do_getname+0x19e/0x3e0
[  300.359235]  __x64_sys_unlinkat+0x107/0x140
[  300.359542]  x64_sys_call+0xea8/0x21b0
[  300.359806]  do_syscall_64+0x6d/0x1180
[  300.360080]  entry_SYSCALL_64_after_hwframe+0x76/0x7e
[  300.360428] RIP: 0033:0x7f0f5663ebab
[  300.360687] RSP: 002b:00007f0f55e4c838 EFLAGS: 00000246 ORIG_RAX: 0000000000000107
[  300.361204] RAX: ffffffffffffffda RBX: 0000000000000006 RCX: 00007f0f5663ebab
[  300.361703] RDX: 0000000000000200 RSI: 00007f0f50008bf0 RDI: 000000000000000c
[  300.362182] RBP: 000000000000000c R08: 0000000000000003 R09: 0000000000000078
[  300.362659] R10: 000000000000009b R11: 0000000000000246 R12: 0000000000000000
[  300.363137] R13: 00007f0f50008bf0 R14: 0000000000000200 R15: 0000000000000006
[  300.363633]  </TASK>
[  300.363794] INFO: task systemd:735 blocked for more than 147 seconds.
[  300.364234]       Not tainted 6.19.0-4adc13ed7c28+ #1
[  300.364586] "echo 0 > /proc/sys/kernel/hung_task_timeout_secs" disables this message.
[  300.365116] task:systemd         state:D stack:0     pid:735   tgid:1     ppid:0      task_flags:0x400040 flags:0x00080000
[  300.365885] Call Trace:
[  300.366059]  <TASK>
[  300.366221]  __schedule+0xfcb/0x40e0
[  300.366488]  ? __pfx___schedule+0x10/0x10
[  300.366772]  ? lock_release+0x14f/0x2a0
[  300.367049]  ? wait_transaction_locked+0x196/0x240
[  300.367391]  schedule+0xf6/0x3d0
[  300.367628]  wait_transaction_locked+0x1bb/0x240
[  300.367952]  ? wait_transaction_locked+0x196/0x240
[  300.368286]  ? __pfx_wait_transaction_locked+0x10/0x10
[  300.368653]  ? __pfx_autoremove_wake_function+0x10/0x10
[  300.369016]  ? __kasan_slab_alloc+0x62/0x80
[  300.369319]  add_transaction_credits+0x121/0x1000
[  300.369668]  ? __pfx_add_transaction_credits+0x10/0x10
[  300.370024]  ? __this_cpu_preempt_check+0x21/0x30
[  300.370354]  ? lock_acquire+0x180/0x2f0
[  300.370646]  ? __kasan_check_write+0x18/0x20
[  300.370955]  start_this_handle+0x457/0x1550
[  300.371253]  ? lock_is_held_type+0xef/0x150
[  300.371579]  ? __pfx_start_this_handle+0x10/0x10
[  300.371933]  ? debug_smp_processor_id+0x20/0x30
[  300.372277]  ? rcu_is_watching+0x19/0xc0
[  300.372581]  ? kmem_cache_alloc_noprof+0x4e2/0x780
[  300.372964]  jbd2__journal_start+0x397/0x810
[  300.373289]  __ext4_journal_start_sb+0x3fc/0x580
[  300.373629]  ? ext4_rmdir+0x637/0xf10
[  300.373895]  ext4_rmdir+0x637/0xf10
[  300.374152]  ? __pfx_ext4_rmdir+0x10/0x10
[  300.374446]  ? __pfx_down_write+0x10/0x10
[  300.374735]  ? do_raw_spin_unlock+0x15c/0x210
[  300.375049]  vfs_rmdir+0x351/0x880
[  300.375303]  filename_rmdir+0x3e5/0x560
[  300.375578]  ? __pfx_filename_rmdir+0x10/0x10
[  300.375891]  ? __sanitizer_cov_trace_const_cmp8+0x1c/0x30
[  300.376261]  ? strncpy_from_user+0x198/0x290
[  300.376568]  ? __sanitizer_cov_trace_const_cmp4+0x1a/0x20
[  300.376942]  ? do_getname+0x19e/0x3e0
[  300.377214]  __x64_sys_unlinkat+0x107/0x140
[  300.377516]  x64_sys_call+0xea8/0x21b0
[  300.377812]  do_syscall_64+0x6d/0x1180
[  300.378079]  entry_SYSCALL_64_after_hwframe+0x76/0x7e
[  300.378433] RIP: 0033:0x7f0f5663ebab
[  300.378680] RSP: 002b:00007f0f5564b838 EFLAGS: 00000246 ORIG_RAX: 0000000000000107
[  300.379195] RAX: ffffffffffffffda RBX: 0000000000000006 RCX: 00007f0f5663ebab
[  300.379671] RDX: 0000000000000200 RSI: 00007f0f48008bf0 RDI: 0000000000000016
[  300.380153] RBP: 0000000000000016 R08: 0000000000000003 R09: 0000000000000078
[  300.380641] R10: 000000000000009b R11: 0000000000000246 R12: 0000000000000000
[  300.381128] R13: 00007f0f48008bf0 R14: 0000000000000200 R15: 0000000000000006
[  300.381637]  </TASK>
[  300.381800] INFO: task kworker/u8:0:12 blocked for more than 147 seconds.
[  300.382265]       Not tainted 6.19.0-4adc13ed7c28+ #1
[  300.382615] "echo 0 > /proc/sys/kernel/hung_task_timeout_secs" disables this message.
[  300.383146] task:kworker/u8:0    state:D stack:0     pid:12    tgid:12    ppid:2      task_flags:0x4248060 flags:0x00080000
[  300.383896] Workqueue: writeback wb_workfn (flush-8:0)
[  300.384250] Call Trace:
[  300.384435]  <TASK>
[  300.384592]  __schedule+0xfcb/0x40e0
[  300.384855]  ? __pfx___schedule+0x10/0x10
[  300.385141]  ? lock_release+0x14f/0x2a0
[  300.385420]  ? kthread_data+0x61/0xd0
[  300.385696]  ? wait_transaction_locked+0x196/0x240
[  300.386036]  schedule+0xf6/0x3d0
[  300.386268]  wait_transaction_locked+0x1bb/0x240
[  300.386599]  ? wait_transaction_locked+0x196/0x240
[  300.386937]  ? __pfx_wait_transaction_locked+0x10/0x10
[  300.387295]  ? __pfx_autoremove_wake_function+0x10/0x10
[  300.387665]  ? jbd2__journal_start+0x253/0x810
[  300.387984]  add_transaction_credits+0x121/0x1000
[  300.388320]  ? ext4_init_io_end+0x32/0x190
[  300.388616]  ? __pfx_add_transaction_credits+0x10/0x10
[  300.388975]  ? __this_cpu_preempt_check+0x21/0x30
[  300.389302]  ? lock_acquire+0x180/0x2f0
[  300.389596]  ? __kasan_check_write+0x18/0x20
[  300.389906]  start_this_handle+0x457/0x1550
[  300.390209]  ? __pfx_start_this_handle+0x10/0x10
[  300.390538]  ? debug_smp_processor_id+0x20/0x30
[  300.390855]  ? rcu_is_watching+0x19/0xc0
[  300.391130]  ? kmem_cache_alloc_noprof+0x4e2/0x780
[  300.391485]  jbd2__journal_start+0x397/0x810
[  300.391790]  __ext4_journal_start_sb+0x3fc/0x580
[  300.392117]  ? __sanitizer_cov_trace_const_cmp4+0x1a/0x20
[  300.392495]  ? ext4_do_writepages+0x1112/0x3930
[  300.392826]  ext4_do_writepages+0x1112/0x3930
[  300.393132]  ? ext4_convert_unwritten_extents+0x2d5/0x5f0
[  300.393516]  ? __sanitizer_cov_trace_cmp8+0x1c/0x30
[  300.393873]  ? stack_trace_save+0x96/0xd0
[  300.394163]  ? __lock_acquire+0x412/0x2210
[  300.394455]  ? kvm_sched_clock_read+0x1a/0x30
[  300.394780]  ? __pfx_ext4_do_writepages+0x10/0x10
[  300.395113]  ? __this_cpu_preempt_check+0x21/0x30
[  300.395444]  ? lock_is_held_type+0xef/0x150
[  300.395739]  ext4_writepages+0x3e1/0x870
[  300.396015]  ? ext4_writepages+0x3e1/0x870
[  300.396302]  ? __pfx_ext4_writepages+0x10/0x10
[  300.396628]  ? do_raw_spin_unlock+0x15c/0x210
[  300.396935]  ? __pfx_ext4_writepages+0x10/0x10
[  300.397247]  do_writepages+0x255/0x5b0
[  300.397526]  __writeback_single_inode+0x121/0x11f0
[  300.397883]  ? _raw_spin_unlock+0x31/0x60
[  300.398160]  ? __sanitizer_cov_trace_const_cmp4+0x1a/0x20
[  300.398534]  ? wbc_attach_and_unlock_inode.part.0+0x47a/0x890
[  300.398942]  writeback_sb_inodes+0x785/0x1c80
[  300.399262]  ? __pfx_writeback_sb_inodes+0x10/0x10
[  300.399610]  ? __lock_acquire+0x412/0x2210
[  300.399907]  ? __lock_acquire+0x412/0x2210
[  300.400232]  ? __sanitizer_cov_trace_const_cmp8+0x1c/0x30
[  300.400621]  __writeback_inodes_wb+0xc8/0x280
[  300.400946]  wb_writeback+0x652/0x9e0
[  300.401215]  ? __pfx_wb_writeback+0x10/0x10
[  300.401522]  ? __sanitizer_cov_trace_cmp4+0x1a/0x20
[  300.401872]  ? get_nr_dirty_inodes+0x12c/0x1b0
[  300.402196]  wb_workfn+0x713/0xe60
[  300.402450]  ? __pfx_wb_workfn+0x10/0x10
[  300.402737]  process_one_work+0x930/0x1ad0
[  300.403027]  ? __lock_acquire+0x412/0x2210
[  300.403326]  ? __pfx_process_one_work+0x10/0x10
[  300.403674]  ? move_linked_works+0x1bf/0x2c0
[  300.404001]  ? __this_cpu_preempt_check+0x21/0x30
[  300.404366]  ? assign_work+0x19f/0x250
[  300.404674]  ? lock_is_held_type+0xef/0x150
[  300.404995]  worker_thread+0x697/0xeb0
[  300.405299]  ? __pfx_worker_thread+0x10/0x10
[  300.405648]  kthread+0x464/0x980
[  300.405907]  ? __pfx_kthread+0x10/0x10
[  300.406195]  ? trace_hardirqs_on+0x26/0x130
[  300.406529]  ? _raw_spin_unlock_irq+0x3c/0x60
[  300.406867]  ? __pfx_kthread+0x10/0x10
[  300.407150]  ret_from_fork+0x780/0x8f0
[  300.407421]  ? __pfx_ret_from_fork+0x10/0x10
[  300.407719]  ? native_load_tls+0x16/0x50
[  300.408004]  ? __sanitizer_cov_trace_const_cmp8+0x1c/0x30
[  300.408372]  ? __switch_to+0x823/0x10b0
[  300.408662]  ? __pfx_kthread+0x10/0x10
[  300.408937]  ret_from_fork_asm+0x1a/0x30
[  300.409233]  </TASK>
[  300.409399] INFO: task kworker/u8:1:33 blocked for more than 147 seconds.
[  300.409869]       Not tainted 6.19.0-4adc13ed7c28+ #1
[  300.410216] "echo 0 > /proc/sys/kernel/hung_task_timeout_secs" disables this message.
[  300.410750] task:kworker/u8:1    state:D stack:0     pid:33    tgid:33    ppid:2      task_flags:0x4248160 flags:0x00080000
[  300.411501] Workqueue: writeback wb_workfn (flush-8:0)
[  300.411860] Call Trace:
[  300.412035]  <TASK>
[  300.412195]  __schedule+0xfcb/0x40e0
[  300.412459]  ? __pfx___schedule+0x10/0x10
[  300.412740]  ? lock_release+0x14f/0x2a0
[  300.413014]  ? kthread_data+0x61/0xd0
[  300.413273]  ? wait_transaction_locked+0x196/0x240
[  300.413633]  schedule+0xf6/0x3d0
[  300.413865]  wait_transaction_locked+0x1bb/0x240
[  300.414196]  ? wait_transaction_locked+0x196/0x240
[  300.414533]  ? __pfx_wait_transaction_locked+0x10/0x10
[  300.414891]  ? __pfx_autoremove_wake_function+0x10/0x10
[  300.415254]  ? jbd2__journal_start+0x253/0x810
[  300.415575]  add_transaction_credits+0x121/0x1000
[  300.415910]  ? ext4_init_io_end+0x32/0x190
[  300.416202]  ? __pfx_add_transaction_credits+0x10/0x10
[  300.416556]  ? __this_cpu_preempt_check+0x21/0x30
[  300.416880]  ? lock_acquire+0x180/0x2f0
[  300.417154]  ? lockdep_hardirqs_on+0x85/0x110
[  300.417462]  ? __kasan_check_write+0x18/0x20
[  300.417783]  start_this_handle+0x457/0x1550
[  300.418082]  ? __pfx_start_this_handle+0x10/0x10
[  300.418407]  ? debug_smp_processor_id+0x20/0x30
[  300.418721]  ? rcu_is_watching+0x19/0xc0
[  300.419000]  ? kmem_cache_alloc_noprof+0x4e2/0x780
[  300.419347]  jbd2__journal_start+0x397/0x810
[  300.419659]  __ext4_journal_start_sb+0x3fc/0x580
[  300.419984]  ? __sanitizer_cov_trace_const_cmp4+0x1a/0x20
[  300.420349]  ? ext4_do_writepages+0x1112/0x3930
[  300.420669]  ext4_do_writepages+0x1112/0x3930
[  300.420990]  ? __lock_acquire+0x412/0x2210
[  300.421287]  ? __pfx_ext4_do_writepages+0x10/0x10
[  300.421634]  ? __this_cpu_preempt_check+0x21/0x30
[  300.421961]  ? lock_is_held_type+0xef/0x150
[  300.422254]  ext4_writepages+0x3e1/0x870
[  300.422529]  ? ext4_writepages+0x3e1/0x870
[  300.422816]  ? __pfx_ext4_writepages+0x10/0x10
[  300.423145]  ? do_raw_spin_unlock+0x15c/0x210
[  300.423452]  ? __pfx_ext4_writepages+0x10/0x10
[  300.423765]  do_writepages+0x255/0x5b0
[  300.424033]  __writeback_single_inode+0x121/0x11f0
[  300.424371]  ? _raw_spin_unlock+0x31/0x60
[  300.424655]  ? __sanitizer_cov_trace_const_cmp8+0x1c/0x30
[  300.425024]  ? wbc_attach_and_unlock_inode.part.0+0x47a/0x890
[  300.425430]  writeback_sb_inodes+0x785/0x1c80
[  300.425764]  ? __pfx_writeback_sb_inodes+0x10/0x10
[  300.426097]  ? __lock_acquire+0x412/0x2210
[  300.426386]  ? __sanitizer_cov_trace_cmp4+0x1a/0x20
[  300.426758]  ? __sanitizer_cov_trace_const_cmp8+0x1c/0x30
[  300.427142]  __writeback_inodes_wb+0xc8/0x280
[  300.427460]  wb_writeback+0x652/0x9e0
[  300.427727]  ? __pfx_wb_writeback+0x10/0x10
[  300.428032]  ? __sanitizer_cov_trace_cmp4+0x1a/0x20
[  300.428368]  ? get_nr_dirty_inodes+0x12c/0x1b0
[  300.428698]  wb_workfn+0x713/0xe60
[  300.428938]  ? try_to_wake_up+0x186/0x1b60
[  300.429228]  ? __pfx_wb_workfn+0x10/0x10
[  300.429520]  process_one_work+0x930/0x1ad0
[  300.429821]  ? __lock_acquire+0x412/0x2210
[  300.430119]  ? __pfx_process_one_work+0x10/0x10
[  300.430445]  ? move_linked_works+0x1bf/0x2c0
[  300.430748]  ? __this_cpu_preempt_check+0x21/0x30
[  300.431083]  ? assign_work+0x19f/0x250
[  300.431350]  ? lock_is_held_type+0xef/0x150
[  300.431648]  worker_thread+0x697/0xeb0
[  300.431927]  ? __pfx_worker_thread+0x10/0x10
[  300.432229]  kthread+0x464/0x980
[  300.432470]  ? __pfx_kthread+0x10/0x10
[  300.432737]  ? trace_hardirqs_on+0x26/0x130
[  300.433034]  ? _raw_spin_unlock_irq+0x3c/0x60
[  300.433345]  ? __pfx_kthread+0x10/0x10
[  300.433634]  ret_from_fork+0x780/0x8f0
[  300.433899]  ? __pfx_ret_from_fork+0x10/0x10
[  300.434206]  ? native_load_tls+0x16/0x50
[  300.434492]  ? __sanitizer_cov_trace_const_cmp8+0x1c/0x30
[  300.434866]  ? __switch_to+0x823/0x10b0
[  300.435138]  ? __pfx_kthread+0x10/0x10
[  300.435413]  ret_from_fork_asm+0x1a/0x30
[  300.435701]  </TASK>
[  300.435860] INFO: task kworker/u8:2:35 blocked for more than 147 seconds.
[  300.436319]       Not tainted 6.19.0-4adc13ed7c28+ #1
[  300.436667] "echo 0 > /proc/sys/kernel/hung_task_timeout_secs" disables this message.
[  300.437192] task:kworker/u8:2    state:D stack:0     pid:35    tgid:35    ppid:2      task_flags:0x4248060 flags:0x00080000
[  300.437966] Workqueue: writeback wb_workfn (flush-8:0)
[  300.438331] Call Trace:
[  300.438509]  <TASK>
[  300.438669]  __schedule+0xfcb/0x40e0
[  300.438929]  ? __pfx___schedule+0x10/0x10
[  300.439215]  ? lock_release+0x14f/0x2a0
[  300.439488]  ? kthread_data+0x61/0xd0
[  300.439751]  ? wait_transaction_locked+0x196/0x240
[  300.440083]  schedule+0xf6/0x3d0
[  300.440320]  wait_transaction_locked+0x1bb/0x240
[  300.440644]  ? wait_transaction_locked+0x196/0x240
[  300.440978]  ? __pfx_wait_transaction_locked+0x10/0x10
[  300.441333]  ? check_noncircular+0x80/0x150
[  300.441651]  ? __pfx_autoremove_wake_function+0x10/0x10
[  300.442017]  ? __this_cpu_preempt_check+0x21/0x30
[  300.442349]  ? lockdep_unlock+0x62/0xd0
[  300.442639]  add_transaction_credits+0x121/0x1000
[  300.442972]  ? __pfx_add_transaction_credits+0x10/0x10
[  300.443326]  ? __this_cpu_preempt_check+0x21/0x30
[  300.443656]  ? lock_acquire+0x180/0x2f0
[  300.443941]  ? __kasan_check_write+0x18/0x20
[  300.444246]  start_this_handle+0x457/0x1550
[  300.444555]  ? __pfx_start_this_handle+0x10/0x10
[  300.444875]  ? debug_smp_processor_id+0x20/0x30
[  300.445194]  ? rcu_is_watching+0x19/0xc0
[  300.445468]  ? kmem_cache_alloc_noprof+0x4e2/0x780
[  300.445824]  jbd2__journal_start+0x397/0x810
[  300.446135]  __ext4_journal_start_sb+0x3fc/0x580
[  300.446469]  ? __sanitizer_cov_trace_const_cmp4+0x1a/0x20
[  300.446851]  ? ext4_do_writepages+0x1112/0x3930
[  300.447171]  ext4_do_writepages+0x1112/0x3930
[  300.447474]  ? trace_hardirqs_on+0x26/0x130
[  300.447773]  ? __lock_acquire+0x412/0x2210
[  300.448070]  ? __pfx_ext4_do_writepages+0x10/0x10
[  300.448415]  ? __this_cpu_preempt_check+0x21/0x30
[  300.448744]  ? lock_is_held_type+0xef/0x150
[  300.449036]  ext4_writepages+0x3e1/0x870
[  300.449312]  ? ext4_writepages+0x3e1/0x870
[  300.449620]  ? __pfx_ext4_writepages+0x10/0x10
[  300.449947]  ? __pfx_ext4_writepages+0x10/0x10
[  300.450260]  do_writepages+0x255/0x5b0
[  300.450540]  __writeback_single_inode+0x121/0x11f0
[  300.450878]  ? _raw_spin_unlock+0x31/0x60
[  300.451165]  ? __sanitizer_cov_trace_const_cmp8+0x1c/0x30
[  300.451535]  ? wbc_attach_and_unlock_inode.part.0+0x47a/0x890
[  300.451936]  writeback_sb_inodes+0x785/0x1c80
[  300.452254]  ? __pfx_writeback_sb_inodes+0x10/0x10
[  300.452596]  ? __lock_acquire+0x412/0x2210
[  300.452888]  ? __lock_acquire+0x412/0x2210
[  300.453207]  ? __sanitizer_cov_trace_const_cmp8+0x1c/0x30
[  300.453616]  __writeback_inodes_wb+0xc8/0x280
[  300.453933]  wb_writeback+0x652/0x9e0
[  300.454202]  ? __pfx_wb_writeback+0x10/0x10
[  300.454505]  ? __sanitizer_cov_trace_cmp4+0x1a/0x20
[  300.454842]  ? get_nr_dirty_inodes+0x12c/0x1b0
[  300.455168]  wb_workfn+0x713/0xe60
[  300.455422]  ? __pfx_wb_workfn+0x10/0x10
[  300.455713]  process_one_work+0x930/0x1ad0
[  300.456000]  ? __lock_acquire+0x412/0x2210
[  300.456304]  ? __pfx_process_one_work+0x10/0x10
[  300.456627]  ? move_linked_works+0x1bf/0x2c0
[  300.456927]  ? __this_cpu_preempt_check+0x21/0x30
[  300.457268]  ? assign_work+0x19f/0x250
[  300.457538]  ? lock_is_held_type+0xef/0x150
[  300.457851]  worker_thread+0x697/0xeb0
[  300.458133]  ? __pfx_worker_thread+0x10/0x10
[  300.458445]  kthread+0x464/0x980
[  300.458681]  ? __pfx_kthread+0x10/0x10
[  300.458947]  ? trace_hardirqs_on+0x26/0x130
[  300.459241]  ? _raw_spin_unlock_irq+0x3c/0x60
[  300.459551]  ? __pfx_kthread+0x10/0x10
[  300.459821]  ret_from_fork+0x780/0x8f0
[  300.460085]  ? __pfx_ret_from_fork+0x10/0x10
[  300.460387]  ? native_load_tls+0x16/0x50
[  300.460672]  ? __sanitizer_cov_trace_const_cmp8+0x1c/0x30
[  300.461047]  ? __switch_to+0x823/0x10b0
[  300.461319]  ? __pfx_kthread+0x10/0x10
[  300.461603]  ret_from_fork_asm+0x1a/0x30
[  300.461892]  </TASK>
[  300.462064] INFO: task kworker/u8:3:51 blocked for more than 147 seconds.
[  300.462535]       Not tainted 6.19.0-4adc13ed7c28+ #1
[  300.462887] "echo 0 > /proc/sys/kernel/hung_task_timeout_secs" disables this message.
[  300.463421] task:kworker/u8:3    state:D stack:0     pid:51    tgid:51    ppid:2      task_flags:0x4248060 flags:0x00080000
[  300.464180] Workqueue: writeback wb_workfn (flush-8:0)
[  300.464541] Call Trace:
[  300.464720]  <TASK>
[  300.464879]  __schedule+0xfcb/0x40e0
[  300.465144]  ? __pfx___schedule+0x10/0x10
[  300.465434]  ? lock_release+0x14f/0x2a0
[  300.465730]  ? kthread_data+0x61/0xd0
[  300.465995]  ? wait_transaction_locked+0x196/0x240
[  300.466337]  schedule+0xf6/0x3d0
[  300.466573]  wait_transaction_locked+0x1bb/0x240
[  300.466901]  ? wait_transaction_locked+0x196/0x240
[  300.467238]  ? __pfx_wait_transaction_locked+0x10/0x10
[  300.467604]  ? __pfx_autoremove_wake_function+0x10/0x10
[  300.467970]  ? jbd2__journal_start+0x253/0x810
[  300.468291]  add_transaction_credits+0x121/0x1000
[  300.468622]  ? ext4_init_io_end+0x32/0x190
[  300.468914]  ? __pfx_add_transaction_credits+0x10/0x10
[  300.469267]  ? __this_cpu_preempt_check+0x21/0x30
[  300.469621]  ? lock_acquire+0x180/0x2f0
[  300.469899]  ? __kasan_check_write+0x18/0x20
[  300.470210]  start_this_handle+0x457/0x1550
[  300.470520]  ? __pfx_start_this_handle+0x10/0x10
[  300.470845]  ? debug_smp_processor_id+0x20/0x30
[  300.471163]  ? rcu_is_watching+0x19/0xc0
[  300.471445]  ? kmem_cache_alloc_noprof+0x4e2/0x780
[  300.471797]  jbd2__journal_start+0x397/0x810
[  300.472102]  __ext4_journal_start_sb+0x3fc/0x580
[  300.472426]  ? __sanitizer_cov_trace_const_cmp4+0x1a/0x20
[  300.472802]  ? ext4_do_writepages+0x1112/0x3930
[  300.473122]  ext4_do_writepages+0x1112/0x3930
[  300.473437]  ? update_stack_state+0x2d9/0x610
[  300.473765]  ? __lock_acquire+0x412/0x2210
[  300.474058]  ? ret_from_fork_asm+0x1a/0x30
[  300.474351]  ? __pfx_ext4_do_writepages+0x10/0x10
[  300.474691]  ? __this_cpu_preempt_check+0x21/0x30
[  300.475019]  ? lock_is_held_type+0xef/0x150
[  300.475318]  ext4_writepages+0x3e1/0x870
[  300.475603]  ? ext4_writepages+0x3e1/0x870
[  300.475892]  ? __pfx_ext4_writepages+0x10/0x10
[  300.476224]  ? do_raw_spin_unlock+0x15c/0x210
[  300.476533]  ? __pfx_ext4_writepages+0x10/0x10
[  300.476844]  do_writepages+0x255/0x5b0
[  300.477114]  __writeback_single_inode+0x121/0x11f0
[  300.477456]  ? _raw_spin_unlock+0x31/0x60
[  300.477751]  ? __sanitizer_cov_trace_const_cmp8+0x1c/0x30
[  300.478123]  ? wbc_attach_and_unlock_inode.part.0+0x47a/0x890
[  300.478534]  writeback_sb_inodes+0x785/0x1c80
[  300.478862]  ? __pfx_writeback_sb_inodes+0x10/0x10
[  300.479208]  ? __lock_acquire+0x412/0x2210
[  300.479500]  ? __sanitizer_cov_trace_cmp4+0x1a/0x20
[  300.479877]  ? __sanitizer_cov_trace_const_cmp8+0x1c/0x30
[  300.480259]  __writeback_inodes_wb+0xc8/0x280
[  300.480584]  wb_writeback+0x652/0x9e0
[  300.480850]  ? __pfx_wb_writeback+0x10/0x10
[  300.481156]  ? __sanitizer_cov_trace_cmp4+0x1a/0x20
[  300.481500]  ? get_nr_dirty_inodes+0x12c/0x1b0
[  300.481831]  wb_workfn+0x713/0xe60
[  300.482071]  ? try_to_wake_up+0x186/0x1b60
[  300.482370]  ? __pfx_wb_workfn+0x10/0x10
[  300.482663]  process_one_work+0x930/0x1ad0
[  300.482954]  ? __lock_acquire+0x412/0x2210
[  300.483273]  ? __pfx_process_one_work+0x10/0x10
[  300.483623]  ? move_linked_works+0x1bf/0x2c0
[  300.483952]  ? __this_cpu_preempt_check+0x21/0x30
[  300.484319]  ? assign_work+0x19f/0x250
[  300.484614]  ? lock_is_held_type+0xef/0x150
[  300.484938]  worker_thread+0x697/0xeb0
[  300.485223]  ? __pfx_worker_thread+0x10/0x10
[  300.485556]  kthread+0x464/0x980
[  300.485834]  ? __pfx_kthread+0x10/0x10
[  300.486127]  ? trace_hardirqs_on+0x26/0x130
[  300.486452]  ? _raw_spin_unlock_irq+0x3c/0x60
[  300.486787]  ? __pfx_kthread+0x10/0x10
[  300.487081]  ret_from_fork+0x780/0x8f0
[  300.487369]  ? __pfx_ret_from_fork+0x10/0x10
[  300.487701]  ? native_load_tls+0x16/0x50
[  300.488006]  ? __sanitizer_cov_trace_const_cmp8+0x1c/0x30
[  300.488416]  ? __switch_to+0x823/0x10b0
[  300.488717]  ? __pfx_kthread+0x10/0x10
[  300.489013]  ret_from_fork_asm+0x1a/0x30
[  300.489332]  </TASK>
[  300.489516] INFO: task jbd2/sda-8:98 blocked for more than 147 seconds.
[  300.490019]       Not tainted 6.19.0-4adc13ed7c28+ #1
[  300.490399] "echo 0 > /proc/sys/kernel/hung_task_timeout_secs" disables this message.
[  300.490966] task:jbd2/sda-8      state:D stack:0     pid:98    tgid:98    ppid:2      task_flags:0x240040 flags:0x00080000
[  300.491777] Call Trace:
[  300.491968]  <TASK>
[  300.492140]  __schedule+0xfcb/0x40e0
[  300.492428]  ? __pfx___schedule+0x10/0x10
[  300.492735]  ? lock_release+0x14f/0x2a0
[  300.493038]  schedule+0xf6/0x3d0
[  300.493293]  jbd2_journal_wait_updates+0x146/0x270
[  300.493661]  ? __pfx_jbd2_journal_wait_updates+0x10/0x10
[  300.494031]  ? __pfx_autoremove_wake_function+0x10/0x10
[  300.494397]  ? lock_release+0x14f/0x2a0
[  300.494687]  jbd2_journal_commit_transaction+0x7aa/0x6290
[  300.495079]  ? lock_is_held_type+0xef/0x150
[  300.495382]  ? __lock_acquire+0x412/0x2210
[  300.495681]  ? __pfx_jbd2_journal_commit_transaction+0x10/0x10
[  300.496087]  ? do_raw_spin_lock+0x140/0x280
[  300.496388]  ? __pfx_do_raw_spin_lock+0x10/0x10
[  300.496710]  ? lock_acquire+0x180/0x2f0
[  300.496991]  ? __timer_delete_sync+0x20a/0x300
[  300.497308]  ? __this_cpu_preempt_check+0x21/0x30
[  300.497652]  ? _raw_spin_unlock_irqrestore+0x35/0x70
[  300.497996]  ? lockdep_hardirqs_on+0x85/0x110
[  300.498301]  ? _raw_spin_unlock_irqrestore+0x35/0x70
[  300.498653]  ? trace_hardirqs_on+0x26/0x130
[  300.498945]  ? _raw_spin_unlock_irqrestore+0x45/0x70
[  300.499286]  ? __sanitizer_cov_trace_const_cmp4+0x1a/0x20
[  300.499664]  ? __timer_delete_sync+0x21e/0x300
[  300.499982]  ? __this_cpu_preempt_check+0x21/0x30
[  300.500313]  ? lock_release+0x14f/0x2a0
[  300.500593]  kjournald2+0x203/0x790
[  300.500849]  ? __pfx_kjournald2+0x10/0x10
[  300.501128]  ? _raw_spin_unlock_irqrestore+0x35/0x70
[  300.501480]  ? trace_hardirqs_on+0x26/0x130
[  300.501788]  ? __pfx_autoremove_wake_function+0x10/0x10
[  300.502152]  ? __sanitizer_cov_trace_const_cmp1+0x1e/0x30
[  300.502527]  ? __kthread_parkme+0x1bc/0x260
[  300.502821]  ? __pfx_kjournald2+0x10/0x10
[  300.503104]  kthread+0x464/0x980
[  300.503340]  ? __pfx_kthread+0x10/0x10
[  300.503612]  ? trace_hardirqs_on+0x26/0x130
[  300.503907]  ? _raw_spin_unlock_irq+0x3c/0x60
[  300.504215]  ? __pfx_kthread+0x10/0x10
[  300.504491]  ret_from_fork+0x780/0x8f0
[  300.504756]  ? __pfx_ret_from_fork+0x10/0x10
[  300.505060]  ? native_load_tls+0x16/0x50
[  300.505339]  ? __sanitizer_cov_trace_const_cmp8+0x1c/0x30
[  300.505730]  ? __switch_to+0x823/0x10b0
[  300.505998]  ? __pfx_kthread+0x10/0x10
[  300.506270]  ret_from_fork_asm+0x1a/0x30
[  300.506568]  </TASK>
[  300.506728] INFO: task auditd:235 blocked for more than 147 seconds.
[  300.507158]       Not tainted 6.19.0-4adc13ed7c28+ #1
[  300.507510] "echo 0 > /proc/sys/kernel/hung_task_timeout_secs" disables this message.
[  300.508041] task:auditd          state:D stack:0     pid:235   tgid:235   ppid:1      task_flags:0x400140 flags:0x00080000
[  300.508786] Call Trace:
[  300.508966]  <TASK>
[  300.509127]  __schedule+0xfcb/0x40e0
[  300.509391]  ? __pfx___schedule+0x10/0x10
[  300.509696]  ? lock_release+0x14f/0x2a0
[  300.509973]  ? wait_transaction_locked+0x196/0x240
[  300.510308]  schedule+0xf6/0x3d0
[  300.510542]  wait_transaction_locked+0x1bb/0x240
[  300.510861]  ? wait_transaction_locked+0x196/0x240
[  300.511207]  ? __pfx_wait_transaction_locked+0x10/0x10
[  300.511571]  ? __pfx_autoremove_wake_function+0x10/0x10
[  300.511937]  ? jbd2__journal_start+0x19c/0x810
[  300.512256]  add_transaction_credits+0x121/0x1000
[  300.512596]  ? __pfx_add_transaction_credits+0x10/0x10
[  300.512949]  ? __this_cpu_preempt_check+0x21/0x30
[  300.513280]  ? lock_acquire+0x180/0x2f0
[  300.513585]  ? __kasan_check_write+0x18/0x20
[  300.513898]  start_this_handle+0x457/0x1550
[  300.514202]  ? __pfx_start_this_handle+0x10/0x10
[  300.514529]  ? debug_smp_processor_id+0x20/0x30
[  300.514843]  ? rcu_is_watching+0x19/0xc0
[  300.515119]  ? kmem_cache_alloc_noprof+0x4e2/0x780
[  300.515483]  jbd2__journal_start+0x397/0x810
[  300.515790]  __ext4_journal_start_sb+0x3fc/0x580
[  300.516114]  ? ext4_dirty_inode+0xb3/0x140
[  300.516402]  ? __pfx_ext4_dirty_inode+0x10/0x10
[  300.516725]  ext4_dirty_inode+0xb3/0x140
[  300.517004]  ? rcu_is_watching+0x19/0xc0
[  300.517282]  __mark_inode_dirty+0x1de/0x14c0
[  300.517609]  file_update_time_flags+0x482/0x510
[  300.517933]  file_modified+0x43/0x60
[  300.518189]  ext4_buffered_write_iter+0x101/0x460
[  300.518531]  ext4_file_write_iter+0xb2a/0x1ee0
[  300.518850]  ? __pfx_ext4_file_write_iter+0x10/0x10
[  300.519189]  ? __this_cpu_preempt_check+0x21/0x30
[  300.519518]  ? lock_is_held_type+0xef/0x150
[  300.519816]  vfs_write+0xc6d/0x11f0
[  300.520067]  ? __pfx_ext4_file_write_iter+0x10/0x10
[  300.520412]  ? __pfx_vfs_write+0x10/0x10
[  300.520697]  ? mutex_lock_nested+0x1f/0x30
[  300.520991]  ksys_write+0x14e/0x280
[  300.521245]  ? __pfx_ksys_write+0x10/0x10
[  300.521545]  __x64_sys_write+0x7b/0xc0
[  300.521823]  ? syscall_trace_enter+0x9d/0x240
[  300.522133]  x64_sys_call+0x1704/0x21b0
[  300.522408]  do_syscall_64+0x6d/0x1180
[  300.522680]  entry_SYSCALL_64_after_hwframe+0x76/0x7e
[  300.523027] RIP: 0033:0x7f1b40f3ebcf
[  300.523281] RSP: 002b:00007ffc86743790 EFLAGS: 00000293 ORIG_RAX: 0000000000000001
[  300.523798] RAX: ffffffffffffffda RBX: 00000000000000f0 RCX: 00007f1b40f3ebcf
[  300.524280] RDX: 00000000000000f0 RSI: 0000564c19f330a0 RDI: 0000000000000005
[  300.524768] RBP: 0000564c19f330a0 R08: 0000000000000000 R09: 00007f1b40fb14e0
[  300.525243] R10: 00007f1b40fb13e0 R11: 0000000000000293 R12: 00000000000000f0
[  300.525744] R13: 0000564c19f292a0 R14: 00000000000000f0 R15: 00007f1b40ff69e0
[  300.526243]  </TASK>
[  300.526413] INFO: task in:imjournal:335 blocked for more than 147 seconds.
[  300.526872]       Not tainted 6.19.0-4adc13ed7c28+ #1
[  300.527223] "echo 0 > /proc/sys/kernel/hung_task_timeout_secs" disables this message.
[  300.527758] task:in:imjournal    state:D stack:0     pid:335   tgid:287   ppid:1      task_flags:0x400040 flags:0x00080000
[  300.528496] Call Trace:
[  300.528677]  <TASK>
[  300.528834]  __schedule+0xfcb/0x40e0
[  300.529095]  ? __pfx___schedule+0x10/0x10
[  300.529381]  ? lock_release+0x14f/0x2a0
[  300.529690]  ? wait_transaction_locked+0x196/0x240
[  300.530024]  schedule+0xf6/0x3d0
[  300.530264]  wait_transaction_locked+0x1bb/0x240
[  300.530590]  ? wait_transaction_locked+0x196/0x240
[  300.530924]  ? __pfx_wait_transaction_locked+0x10/0x10
[  300.531284]  ? __pfx_autoremove_wake_function+0x10/0x10
[  300.531653]  ? jbd2__journal_start+0x19c/0x810
[  300.531974]  add_transaction_credits+0x121/0x1000
[  300.532319]  ? __pfx_add_transaction_credits+0x10/0x10
[  300.532685]  ? __this_cpu_preempt_check+0x21/0x30
[  300.533013]  ? lock_acquire+0x180/0x2f0
[  300.533293]  ? __kasan_check_write+0x18/0x20
[  300.533615]  start_this_handle+0x457/0x1550
[  300.533922]  ? __pfx_start_this_handle+0x10/0x10
[  300.534245]  ? debug_smp_processor_id+0x20/0x30
[  300.534568]  ? rcu_is_watching+0x19/0xc0
[  300.534844]  ? kmem_cache_alloc_noprof+0x4e2/0x780
[  300.535190]  jbd2__journal_start+0x397/0x810
[  300.535504]  __ext4_journal_start_sb+0x3fc/0x580
[  300.535834]  __ext4_new_inode+0x2caf/0x5230
[  300.536142]  ? __pfx___ext4_new_inode+0x10/0x10
[  300.536466]  ? __pfx___dquot_initialize+0x10/0x10
[  300.536796]  ? __pfx_d_splice_alias_ops+0x10/0x10
[  300.537123]  ? __pfx_make_vfsuid+0x10/0x10
[  300.537430]  ext4_create+0x32d/0x550
[  300.537719]  ? __pfx_ext4_create+0x10/0x10
[  300.538017]  ? may_o_create+0x51/0x3b0
[  300.538287]  ? __pfx_ext4_create+0x10/0x10
[  300.538582]  lookup_open.isra.0+0xccd/0x1130
[  300.538886]  ? __pfx_lookup_open.isra.0+0x10/0x10
[  300.539229]  ? mnt_get_write_access+0x203/0x2f0
[  300.539555]  ? __sanitizer_cov_trace_const_cmp4+0x1a/0x20
[  300.539933]  path_openat+0xfde/0x2f70
[  300.540196]  ? do_syscall_64+0x6d/0x1180
[  300.540481]  ? entry_SYSCALL_64_after_hwframe+0x76/0x7e
[  300.540853]  ? __pfx_path_openat+0x10/0x10
[  300.541149]  ? __lock_acquire+0x412/0x2210
[  300.541453]  do_file_open+0x21b/0x470
[  300.541725]  ? __pfx_do_file_open+0x10/0x10
[  300.542031]  ? do_raw_spin_unlock+0x15c/0x210
[  300.542340]  ? _raw_spin_unlock+0x31/0x60
[  300.542637]  do_sys_openat2+0x105/0x230
[  300.542910]  ? __pfx_do_sys_openat2+0x10/0x10
[  300.543225]  ? __this_cpu_preempt_check+0x21/0x30
[  300.543557]  ? seqcount_lockdep_reader_access.constprop.0+0xb4/0xd0
[  300.543996]  ? lockdep_hardirqs_on+0x85/0x110
[  300.544301]  ? seqcount_lockdep_reader_access.constprop.0+0xb4/0xd0
[  300.544735]  __x64_sys_openat+0x179/0x240
[  300.545022]  ? __pfx___x64_sys_openat+0x10/0x10
[  300.545347]  ? __audit_syscall_entry+0x393/0x4f0
[  300.545711]  x64_sys_call+0xee7/0x21b0
[  300.545980]  do_syscall_64+0x6d/0x1180
[  300.546249]  entry_SYSCALL_64_after_hwframe+0x76/0x7e
[  300.546601] RIP: 0033:0x7f3f6cd3e8c4
[  300.546852] RSP: 002b:00007f3f6c130a40 EFLAGS: 00000293 ORIG_RAX: 0000000000000101
[  300.547366] RAX: ffffffffffffffda RBX: 00007f3f64000c50 RCX: 00007f3f6cd3e8c4
[  300.547857] RDX: 0000000000000241 RSI: 00007f3f6c130b80 RDI: 00000000ffffff9c
[  300.548342] RBP: 00007f3f6c130b80 R08: 0000000000000000 R09: 0000000000000001
[  300.548837] R10: 00000000000001b6 R11: 0000000000000293 R12: 0000000000000241
[  300.549318] R13: 00007f3f64000c50 R14: 0000000000000001 R15: 00007f3f64011360
[  300.549834]  </TASK>
[  300.549993] INFO: task rs:main Q:Reg:336 blocked for more than 147 seconds.
[  300.550467]       Not tainted 6.19.0-4adc13ed7c28+ #1
[  300.550808] "echo 0 > /proc/sys/kernel/hung_task_timeout_secs" disables this message.
[  300.551334] task:rs:main Q:Reg   state:D stack:0     pid:336   tgid:287   ppid:1      task_flags:0x400040 flags:0x00080000
[  300.552079] Call Trace:
[  300.552258]  <TASK>
[  300.552421]  __schedule+0xfcb/0x40e0
[  300.552681]  ? __pfx___schedule+0x10/0x10
[  300.552964]  ? lock_release+0x14f/0x2a0
[  300.553241]  ? wait_transaction_locked+0x196/0x240
[  300.553599]  schedule+0xf6/0x3d0
[  300.553839]  wait_transaction_locked+0x1bb/0x240
[  300.554157]  ? wait_transaction_locked+0x196/0x240
[  300.554496]  ? __pfx_wait_transaction_locked+0x10/0x10
[  300.554859]  ? __pfx_autoremove_wake_function+0x10/0x10
[  300.555226]  ? jbd2__journal_start+0x19c/0x810
[  300.555557]  add_transaction_credits+0x121/0x1000
[  300.555893]  ? __pfx_add_transaction_credits+0x10/0x10
[  300.556253]  ? __this_cpu_preempt_check+0x21/0x30
[  300.556581]  ? lock_acquire+0x180/0x2f0
[  300.556859]  ? __kasan_check_write+0x18/0x20
[  300.557170]  start_this_handle+0x457/0x1550
[  300.557480]  ? __pfx_start_this_handle+0x10/0x10
[  300.557814]  ? debug_smp_processor_id+0x20/0x30
[  300.558127]  ? rcu_is_watching+0x19/0xc0
[  300.558407]  ? kmem_cache_alloc_noprof+0x4e2/0x780
[  300.558754]  jbd2__journal_start+0x397/0x810
[  300.559060]  __ext4_journal_start_sb+0x3fc/0x580
[  300.559385]  ? ext4_dirty_inode+0xb3/0x140
[  300.559681]  ? __pfx_ext4_dirty_inode+0x10/0x10
[  300.559998]  ext4_dirty_inode+0xb3/0x140
[  300.560274]  ? rcu_is_watching+0x19/0xc0
[  300.560551]  __mark_inode_dirty+0x1de/0x14c0
[  300.560857]  file_update_time_flags+0x482/0x510
[  300.561179]  file_modified+0x43/0x60
[  300.561446]  ext4_buffered_write_iter+0x101/0x460
[  300.561801]  ext4_file_write_iter+0xb2a/0x1ee0
[  300.562120]  ? __pfx_ext4_file_write_iter+0x10/0x10
[  300.562462]  ? __this_cpu_preempt_check+0x21/0x30
[  300.562790]  ? lock_is_held_type+0xef/0x150
[  300.563090]  vfs_write+0xc6d/0x11f0
[  300.563338]  ? __pfx_ext4_file_write_iter+0x10/0x10
[  300.563688]  ? __pfx_vfs_write+0x10/0x10
[  300.563989]  ? mutex_lock_nested+0x1f/0x30
[  300.564307]  ksys_write+0x14e/0x280
[  300.564587]  ? __pfx_ksys_write+0x10/0x10
[  300.564905]  ? __audit_syscall_entry+0x393/0x4f0
[  300.565262]  __x64_sys_write+0x7b/0xc0
[  300.565540]  ? syscall_trace_enter+0x14d/0x240
[  300.565873]  x64_sys_call+0x1704/0x21b0
[  300.566144]  do_syscall_64+0x6d/0x1180
[  300.566418]  entry_SYSCALL_64_after_hwframe+0x76/0x7e
[  300.566762] RIP: 0033:0x7f3f6cd3ebcf
[  300.567018] RSP: 002b:00007f3f6bd30890 EFLAGS: 00000293 ORIG_RAX: 0000000000000001
[  300.567530] RAX: ffffffffffffffda RBX: 00007f3f5c005120 RCX: 00007f3f6cd3ebcf
[  300.568033] RDX: 0000000000000056 RSI: 00007f3f5c0053c0 RDI: 0000000000000007
[  300.568520] RBP: 00007f3f5c0053c0 R08: 0000000000000000 R09: 0000000000000000
[  300.568998] R10: 000000000000000a R11: 0000000000000293 R12: 0000000000000000
[  300.569486] R13: 000056106c52ae00 R14: 00007f3f5c005120 R15: 0000000000000056
[  300.569997]  </TASK>
[  300.570155] Future hung task reports are suppressed, see sysctl kernel.hung_task_warnings
[  300.570737] 
[  300.570737] Showing all locks held in the system:
[  300.571156] 3 locks held by systemd/734:
[  300.571430]  #0: ff1100000fd54408 (sb_writers#3){.+.+}-{0:0}, at: filename_rmdir+0x2e6/0x560
[  300.572017]  #1: ff1100001a250d70 (&type->i_mutex_dir_key#3/1){+.+.}-{4:4}, at: filename_rmdir+0x332/0x560
[  300.572704]  #2: ff1100001a251700 (&type->i_mutex_dir_key#3){++++}-{4:4}, at: vfs_rmdir+0xfc/0x880
[  300.573330] 3 locks held by systemd/735:
[  300.573639]  #0: ff1100000fd54408 (sb_writers#3){.+.+}-{0:0}, at: filename_rmdir+0x2e6/0x560
[  300.574239]  #1: ff1100001a260d70 (&type->i_mutex_dir_key#3/1){+.+.}-{4:4}, at: filename_rmdir+0x332/0x560
[  300.574922]  #2: ff1100001a261700 (&type->i_mutex_dir_key#3){++++}-{4:4}, at: vfs_rmdir+0xfc/0x880
[  300.575560] 4 locks held by kworker/u8:0/12:
[  300.575860]  #0: ff1100000c26b948 ((wq_completion)writeback){+.+.}-{0:0}, at: process_one_work+0x1260/0x1ad0
[  300.576540]  #1: ff1100000b96fc88 ((work_completion)(&(&wb->dwork)->work)){+.+.}-{0:0}, at: process_one_work+0x89f/0x1ad0
[  300.577288]  #2: ff1100000fd540e0 (&type->s_umount_key#39){++++}-{4:4}, at: super_trylock_shared+0x2b/0x110
[  300.577990]  #3: ff1100000fd50b98 (&sbi->s_writepages_rwsem){++++}-{0:0}, at: do_writepages+0x255/0x5b0
[  300.578656] 1 lock held by khungtaskd/32:
[  300.578932]  #0: ffffffff876625a0 (rcu_read_lock){....}-{1:3}, at: debug_show_all_locks+0x3b/0x1f0
[  300.579562] 4 locks held by kworker/u8:1/33:
[  300.579858]  #0: ff1100000c26b948 ((wq_completion)writeback){+.+.}-{0:0}, at: process_one_work+0x1260/0x1ad0
[  300.580536]  #1: ff1100000bdf7c88 ((work_completion)(&(&wb->dwork)->work)){+.+.}-{0:0}, at: process_one_work+0x89f/0x1ad0
[  300.581297]  #2: ff1100000fd540e0 (&type->s_umount_key#39){++++}-{4:4}, at: super_trylock_shared+0x2b/0x110
[  300.581989]  #3: ff1100000fd50b98 (&sbi->s_writepages_rwsem){++++}-{0:0}, at: do_writepages+0x255/0x5b0
[  300.582655] 4 locks held by kworker/u8:2/35:
[  300.582977]  #0: ff1100000c26b948 ((wq_completion)writeback){+.+.}-{0:0}, at: process_one_work+0x1260/0x1ad0
[  300.583719]  #1: ff1100000c267c88 ((work_completion)(&(&wb->dwork)->work)){+.+.}-{0:0}, at: process_one_work+0x89f/0x1ad0
[  300.584545]  #2: ff1100000fd540e0 (&type->s_umount_key#39){++++}-{4:4}, at: super_trylock_shared+0x2b/0x110
[  300.585282]  #3: ff1100000fd50b98 (&sbi->s_writepages_rwsem){++++}-{0:0}, at: do_writepages+0x255/0x5b0
[  300.586006] 4 locks held by kworker/u8:3/51:
[  300.586328]  #0: ff1100000c26b948 ((wq_completion)writeback){+.+.}-{0:0}, at: process_one_work+0x1260/0x1ad0
[  300.587083]  #1: ff1100000cd57c88 ((work_completion)(&(&wb->dwork)->work)){+.+.}-{0:0}, at: process_one_work+0x89f/0x1ad0
[  300.587918]  #2: ff1100000fd540e0 (&type->s_umount_key#39){++++}-{4:4}, at: super_trylock_shared+0x2b/0x110
[  300.588651]  #3: ff1100000fd50b98 (&sbi->s_writepages_rwsem){++++}-{0:0}, at: do_writepages+0x255/0x5b0
[  300.589364] 3 locks held by auditd/235:
[  300.589681]  #0: ff11000013a7fb38 (&f->f_pos_lock){+.+.}-{4:4}, at: fdget_pos+0x2b5/0x390
[  300.590310]  #1: ff1100000fd54408 (sb_writers#3){.+.+}-{0:0}, at: ksys_write+0x14e/0x280
[  300.590931]  #2: ff110000179d59f0 (&sb->s_type->i_mutex_key#10){++++}-{4:4}, at: ext4_buffered_write_iter+0xb8/0x460
[  300.591734] 2 locks held by in:imjournal/335:
[  300.592035]  #0: ff1100000fd54408 (sb_writers#3){.+.+}-{0:0}, at: path_openat+0x1939/0x2f70
[  300.592620]  #1: ff1100001cc12a20 (&type->i_mutex_dir_key#3){++++}-{4:4}, at: path_openat+0xf5d/0x2f70
[  300.593277] 3 locks held by rs:main Q:Reg/336:
[  300.593607]  #0: ff110000124f77b8 (&f->f_pos_lock){+.+.}-{4:4}, at: fdget_pos+0x2b5/0x390
[  300.594182]  #1: ff1100000fd54408 (sb_writers#3){.+.+}-{0:0}, at: ksys_write+0x14e/0x280
[  300.594754]  #2: ff1100001cd72090 (&sb->s_type->i_mutex_key#10){++++}-{4:4}, at: ext4_buffered_write_iter+0xb8/0x460
[  300.595483] 3 locks held by repro/708:
[  300.595745]  #0: ff1100001163f978 (&f->f_pos_lock){+.+.}-{4:4}, at: fdget_pos+0x2b5/0x390
[  300.596308]  #1: ff1100002257d9f0 (&type->i_mutex_dir_key#3){++++}-{4:4}, at: iterate_dir+0x1a0/0xb00
[  300.596936]  #2: ff1100000fd54408 (sb_writers#3){.+.+}-{0:0}, at: iterate_dir+0x879/0xb00
[  300.597500] 2 locks held by repro/713:
[  300.597780]  #0: ff1100000fd54408 (sb_writers#3){.+.+}-{0:0}, at: filename_unlinkat+0x195/0x6a0
[  300.598400]  #1: ff1100000fd545f8 (sb_internal){.+.+}-{0:0}, at: evict+0x371/0xae0
[  300.598934] 3 locks held by repro/716:
[  300.599196]  #0: ff1100000fd54408 (sb_writers#3){.+.+}-{0:0}, at: filename_rmdir+0x2e6/0x560
[  300.599797]  #1: ff1100002257a090 (&type->i_mutex_dir_key#3/1){+.+.}-{4:4}, at: filename_rmdir+0x332/0x560
[  300.600468]  #2: ff1100000fd545f8 (sb_internal){.+.+}-{0:0}, at: evict+0x371/0xae0
[  300.601001] 3 locks held by repro/717:
[  300.601268]  #0: ff1100000fd54408 (sb_writers#3){.+.+}-{0:0}, at: filename_rmdir+0x2e6/0x560
[  300.601875]  #1: ff110000225b6d10 (&type->i_mutex_dir_key#3/1){+.+.}-{4:4}, at: filename_rmdir+0x332/0x560
[  300.602560]  #2: ff1100000fd545f8 (sb_internal){.+.+}-{0:0}, at: evict+0x371/0xae0
[  300.603093] 2 locks held by repro/722:
[  300.603355]  #0: ff1100000fd54408 (sb_writers#3){.+.+}-{0:0}, at: filename_create+0x122/0x460
[  300.603956]  #1: ff110000225b5060 (&type->i_mutex_dir_key#3/1){+.+.}-{4:4}, at: filename_create+0x1e6/0x460
[  300.604635] 3 locks held by repro/724:
[  300.604899]  #0: ff1100000fd54408 (sb_writers#3){.+.+}-{0:0}, at: filename_create+0x122/0x460
[  300.605495]  #1: ff1100002257e380 (&type->i_mutex_dir_key#3/1){+.+.}-{4:4}, at: filename_create+0x1e6/0x460
[  300.606185]  #2: ff1100000fd56950 (jbd2_handle){++++}-{0:0}, at: start_this_handle+0x1042/0x1550
[  300.606807] 2 locks held by repro/726:
[  300.607064]  #0: ff1100000fd54408 (sb_writers#3){.+.+}-{0:0}, at: filename_create+0x122/0x460
[  300.607663]  #1: ff1100002257aa20 (&type->i_mutex_dir_key#3/1){+.+.}-{4:4}, at: filename_create+0x1e6/0x460
[  300.608331] 2 locks held by repro/727:
[  300.608591]  #0: ff1100000fd54408 (sb_writers#3){.+.+}-{0:0}, at: filename_create+0x122/0x460
[  300.609186]  #1: ff1100001cf2f6a0 (&type->i_mutex_dir_key#3/1){+.+.}-{4:4}, at: filename_create+0x1e6/0x460
[  300.609878] 4 locks held by kworker/u8:4/733:
[  300.610179]  #0: ff1100000c26b948 ((wq_completion)writeback){+.+.}-{0:0}, at: process_one_work+0x1260/0x1ad0
[  300.610871]  #1: ff1100000bb7fc88 ((work_completion)(&(&wb->dwork)->work)){+.+.}-{0:0}, at: process_one_work+0x89f/0x1ad0
[  300.611628]  #2: ff1100000fd540e0 (&type->s_umount_key#39){++++}-{4:4}, at: super_trylock_shared+0x2b/0x110
[  300.612308]  #3: ff1100000fd50b98 (&sbi->s_writepages_rwsem){++++}-{0:0}, at: do_writepages+0x255/0x5b0
[  300.612964] 
[  300.613083] =============================================
[  300.613083] 
