c[?7l[2J[0mSeaBIOS (version rel-1.16.0-0-gd239552ce722-prebuilt.qemu.org)


iPXE (http://ipxe.org) 00:03.0 CA00 PCI2.10 PnP PMM+7FF91000+7FEF1000 CA00
Press Ctrl-B to configure iPXE (PCI 00:03.0)...                                                                               


Booting from ROM..c[?7l[2J[    0.000000] Linux version 6.19.0-rc8-52ee9965d09b+ (root@gnr-bkc) (gcc (GCC) 11.5.0 20240719 (Red Hat 11.5.0-14), GNU ld version 2.35.2-54.el9) #1 SMP PREEMPT_DYNAMIC Fri Mar 13 00:59:15 CST 2026
[    0.000000] Command line: console=ttyS0 root=/dev/sda earlyprintk=serial net.ifnames=0 thunderbolt.dyndbg
[    0.000000] KERNEL supported cpus:
[    0.000000]   Intel GenuineIntel
[    0.000000]   AMD AuthenticAMD
[    0.000000]   Hygon HygonGenuine
[    0.000000]   Centaur CentaurHauls
[    0.000000]   zhaoxin   Shanghai  
[    0.000000] x86/split lock detection: #DB: warning on user-space bus_locks
[    0.000000] BIOS-provided physical RAM map:
[    0.000000] BIOS-e820: [mem 0x0000000000000000-0x000000000009fbff] usable
[    0.000000] BIOS-e820: [mem 0x000000000009fc00-0x000000000009ffff] reserved
[    0.000000] BIOS-e820: [mem 0x00000000000f0000-0x00000000000fffff] reserved
[    0.000000] BIOS-e820: [mem 0x0000000000100000-0x000000007ffdffff] usable
[    0.000000] BIOS-e820: [mem 0x000000007ffe0000-0x000000007fffffff] reserved
[    0.000000] BIOS-e820: [mem 0x00000000feffc000-0x00000000feffffff] reserved
[    0.000000] BIOS-e820: [mem 0x00000000fffc0000-0x00000000ffffffff] reserved
[    0.000000] printk: legacy bootconsole [earlyser0] enabled
[    0.000000] NX (Execute Disable) protection: active
[    0.000000] APIC: Static calls initialized
[    0.000000] SMBIOS 2.8 present.
[    0.000000] DMI: QEMU Standard PC (i440FX + PIIX, 1996), BIOS rel-1.16.0-0-gd239552ce722-prebuilt.qemu.org 04/01/2014
[    0.000000] DMI: Memory slots populated: 1/1
[    0.000000] Hypervisor detected: KVM
[    0.000000] last_pfn = 0x7ffe0 max_arch_pfn = 0x10000000000
[    0.000000] kvm-clock: Using msrs 4b564d01 and 4b564d00
[    0.000003] kvm-clock: using sched offset of 682447656 cycles
[    0.000523] clocksource: kvm-clock: mask: 0xffffffffffffffff max_cycles: 0x1cd42e4dffb, max_idle_ns: 881590591483 ns
[    0.002139] tsc: Detected 1700.000 MHz processor
[    0.009850] last_pfn = 0x7ffe0 max_arch_pfn = 0x10000000000
[    0.010441] MTRR map: 4 entries (3 fixed + 1 variable; max 19), built from 8 variable MTRRs
[    0.011278] x86/PAT: Configuration [0-7]: WB  WC  UC- UC  WB  WP  UC- WT  
[    0.017050] found SMP MP-table at [mem 0x000f5ba0-0x000f5baf]
[    0.017660] Using GB pages for direct mapping
[    0.020257] ACPI: Early table checksum verification disabled
[    0.020832] ACPI: RSDP 0x00000000000F59C0 000014 (v00 BOCHS )
[    0.021411] ACPI: RSDT 0x000000007FFE1951 000034 (v01 BOCHS  BXPC     00000001 BXPC 00000001)
[    0.022279] ACPI: FACP 0x000000007FFE17FD 000074 (v01 BOCHS  BXPC     00000001 BXPC 00000001)
[    0.023146] ACPI: DSDT 0x000000007FFE0040 0017BD (v01 BOCHS  BXPC     00000001 BXPC 00000001)
[    0.024004] ACPI: FACS 0x000000007FFE0000 000040
[    0.024475] ACPI: APIC 0x000000007FFE1871 000080 (v01 BOCHS  BXPC     00000001 BXPC 00000001)
[    0.025335] ACPI: HPET 0x000000007FFE18F1 000038 (v01 BOCHS  BXPC     00000001 BXPC 00000001)
[    0.026194] ACPI: WAET 0x000000007FFE1929 000028 (v01 BOCHS  BXPC     00000001 BXPC 00000001)
[    0.027054] ACPI: Reserving FACP table memory at [mem 0x7ffe17fd-0x7ffe1870]
[    0.027752] ACPI: Reserving DSDT table memory at [mem 0x7ffe0040-0x7ffe17fc]
[    0.028452] ACPI: Reserving FACS table memory at [mem 0x7ffe0000-0x7ffe003f]
[    0.029155] ACPI: Reserving APIC table memory at [mem 0x7ffe1871-0x7ffe18f0]
[    0.029853] ACPI: Reserving HPET table memory at [mem 0x7ffe18f1-0x7ffe1928]
[    0.030549] ACPI: Reserving WAET table memory at [mem 0x7ffe1929-0x7ffe1950]
[    0.032048] No NUMA configuration found
[    0.032431] Faking a node at [mem 0x0000000000000000-0x000000007ffdffff]
[    0.033146] NODE_DATA(0) allocated [mem 0x7ffb4ec0-0x7ffdfcbf]
[    0.034808] Zone ranges:
[    0.035086]   DMA      [mem 0x0000000000001000-0x0000000000ffffff]
[    0.035698]   DMA32    [mem 0x0000000001000000-0x000000007ffdffff]
[    0.036316]   Normal   empty
[    0.036607]   Device   empty
[    0.036899] Movable zone start for each node
[    0.037333] Early memory node ranges
[    0.037689]   node   0: [mem 0x0000000000001000-0x000000000009efff]
[    0.038311]   node   0: [mem 0x0000000000100000-0x000000007ffdffff]
[    0.038936] Initmem setup node 0 [mem 0x0000000000001000-0x000000007ffdffff]
[    0.039968] On node 0, zone DMA: 1 pages in unavailable ranges
[    0.040726] On node 0, zone DMA: 97 pages in unavailable ranges
[    0.067498] On node 0, zone DMA32: 32 pages in unavailable ranges
[    0.122876] KernelAddressSanitizer initialized (generic)
[    0.123727] ACPI: PM-Timer IO Port: 0x608
[    0.124155] ACPI: LAPIC_NMI (acpi_id[0xff] dfl dfl lint[0x1])
[    0.124779] IOAPIC[0]: apic_id 0, version 17, address 0xfec00000, GSI 0-23
[    0.125478] ACPI: INT_SRC_OVR (bus 0 bus_irq 0 global_irq 2 dfl dfl)
[    0.126116] ACPI: INT_SRC_OVR (bus 0 bus_irq 5 global_irq 5 high level)
[    0.126772] ACPI: INT_SRC_OVR (bus 0 bus_irq 9 global_irq 9 high level)
[    0.127428] ACPI: INT_SRC_OVR (bus 0 bus_irq 10 global_irq 10 high level)
[    0.128110] ACPI: INT_SRC_OVR (bus 0 bus_irq 11 global_irq 11 high level)
[    0.128789] ACPI: Using ACPI (MADT) for SMP configuration information
[    0.129432] ACPI: HPET id: 0x8086a201 base: 0xfed00000
[    0.129952] TSC deadline timer available
[    0.130349] CPU topo: Max. logical packages:   1
[    0.130807] CPU topo: Max. logical dies:       1
[    0.131265] CPU topo: Max. dies per package:   1
[    0.131728] CPU topo: Max. threads per core:   1
[    0.132191] CPU topo: Num. cores per package:     2
[    0.132671] CPU topo: Num. threads per package:   2
[    0.133157] CPU topo: Allowing 2 present CPUs plus 0 hotplug CPUs
[    0.133804] kvm-guest: APIC: eoi() replaced with kvm_guest_apic_eoi_write()
[    0.134519] kvm-guest: KVM setup pv remote TLB flush
[    0.135015] kvm-guest: setup PV sched yield
[    0.135475] PM: hibernation: Registered nosave memory: [mem 0x00000000-0x00000fff]
[    0.136229] PM: hibernation: Registered nosave memory: [mem 0x0009f000-0x000fffff]
[    0.136977] [mem 0x80000000-0xfeffbfff] available for PCI devices
[    0.137579] Booting paravirtualized kernel on KVM
[    0.138052] clocksource: refined-jiffies: mask: 0xffffffff max_cycles: 0xffffffff, max_idle_ns: 7645519600211568 ns
[    0.139099] setup_percpu: NR_CPUS:8192 nr_cpumask_bits:2 nr_cpu_ids:2 nr_node_ids:1
[    0.140352] percpu: Embedded 81 pages/cpu s294912 r8192 d28672 u1048576
[    0.141194] kvm-guest: PV spinlocks enabled
[    0.141620] PV qspinlock hash table entries: 256 (order: 0, 4096 bytes, linear)
[    0.142362] Kernel command line: net.ifnames=0 console=ttyS0 root=/dev/sda earlyprintk=serial net.ifnames=0 thunderbolt.dyndbg
[    0.143765] random: crng init done
[    0.144111] printk: log buffer data + meta data: 262144 + 917504 = 1179648 bytes
[    0.145253] Dentry cache hash table entries: 262144 (order: 9, 2097152 bytes, linear)
[    0.146407] Inode-cache hash table entries: 131072 (order: 8, 1048576 bytes, linear)
[    0.147458] Fallback order for Node 0: 0 
[    0.147469] Built 1 zonelists, mobility grouping on.  Total pages: 524158
[    0.148516] Policy zone: DMA32
[    0.148817] mem auto-init: stack:off, heap alloc:off, heap free:off
[    0.149425] stackdepot: allocating hash table via alloc_large_system_hash
[    0.150092] stackdepot hash table entries: 1048576 (order: 12, 16777216 bytes, linear)
[    0.153916] stackdepot: allocating space for 8192 stack pools via memblock
[    0.190228] SLUB: HWalign=64, Order=0-3, MinObjects=0, CPUs=2, Nodes=1
[    0.190881] kmemleak: Kernel memory leak detector disabled
[    0.225562] ftrace: allocating 75297 entries in 296 pages
[    0.226096] ftrace: allocated 296 pages with 3 groups
[    0.230751] Dynamic Preempt: voluntary
[    0.231616] Running RCU self tests
[    0.231951] Running RCU synchronous self tests
[    0.232380] rcu: Preemptible hierarchical RCU implementation.
[    0.232936] rcu: 	RCU lockdep checking is enabled.
[    0.233397] rcu: 	RCU restricting CPUs from NR_CPUS=8192 to nr_cpu_ids=2.
[    0.234055] 	Trampoline variant of Tasks RCU enabled.
[    0.234541] 	Rude variant of Tasks RCU enabled.
[    0.234981] 	Tracing variant of Tasks RCU enabled.
[    0.235442] rcu: RCU calculated value of scheduler-enlistment delay is 25 jiffies.
[    0.236170] rcu: Adjusting geometry for rcu_fanout_leaf=16, nr_cpu_ids=2
[    0.236900] Running RCU synchronous self tests
[    0.237331] RCU Tasks: Setting shift to 1 and lim to 1 rcu_task_cb_adjust=1 rcu_task_cpu_ids=2.
[    0.238171] RCU Tasks Rude: Setting shift to 1 and lim to 1 rcu_task_cb_adjust=1 rcu_task_cpu_ids=2.
[    0.239053] RCU Tasks Trace: Setting shift to 1 and lim to 1 rcu_task_cb_adjust=1 rcu_task_cpu_ids=2.
[    0.308564] NR_IRQS: 524544, nr_irqs: 440, preallocated irqs: 16
[    0.309695] rcu: srcu_init: Setting srcu_struct sizes based on contention.
[    0.319305] Console: colour VGA+ 80x25
[    0.319793] printk: legacy console [ttyS0] enabled
[    0.319793] printk: legacy console [ttyS0] enabled
[    0.320743] printk: legacy bootconsole [earlyser0] disabled
[    0.320743] printk: legacy bootconsole [earlyser0] disabled
[    0.321855] Lock dependency validator: Copyright (c) 2006 Red Hat, Inc., Ingo Molnar
[    0.322622] ... MAX_LOCKDEP_SUBCLASSES:  8
[    0.323042] ... MAX_LOCK_DEPTH:          48
[    0.323466] ... MAX_LOCKDEP_KEYS:        8192
[    0.323910] ... CLASSHASH_SIZE:          4096
[    0.324354] ... MAX_LOCKDEP_ENTRIES:     32768
[    0.324801] ... MAX_LOCKDEP_CHAINS:      65536
[    0.325252] ... CHAINHASH_SIZE:          32768
[    0.325701]  memory used by lock dependency info: 6429 kB
[    0.326246]  memory used for stack traces: 4224 kB
[    0.326730]  per task-struct memory footprint: 1920 bytes
[    0.327367] ACPI: Core revision 20250807
[    0.328201] clocksource: hpet: mask: 0xffffffff max_cycles: 0xffffffff, max_idle_ns: 19112604467 ns
[    0.329281] APIC: Switch to symmetric I/O mode setup
[    0.330337] x2apic enabled
[    0.331066] APIC: Switched APIC routing to: physical x2apic
[    0.331630] kvm-guest: APIC: send_IPI_mask() replaced with kvm_send_ipi_mask()
[    0.332373] kvm-guest: APIC: send_IPI_mask_allbutself() replaced with kvm_send_ipi_mask_allbutself()
[    0.333426] kvm-guest: setup PV IPIs
[    0.334992] ..TIMER: vector=0x30 apic1=0 pin1=2 apic2=-1 pin2=-1
[    0.335623] clocksource: tsc-early: mask: 0xffffffffffffffff max_cycles: 0x1881273ac8e, max_idle_ns: 440795257284 ns
[    0.336692] Calibrating delay loop (skipped) preset value.. 3400.00 BogoMIPS (lpj=6800000)
[    0.340844] x86/cpu: User Mode Instruction Prevention (UMIP) activated
[    0.341617] Last level iTLB entries: 4KB 0, 2MB 0, 4MB 0
[    0.342148] Last level dTLB entries: 4KB 0, 2MB 0, 4MB 0, 1GB 0
[    0.342754] mitigations: Enabled attack vectors: user_kernel, user_user, guest_host, guest_guest, SMT mitigations: auto
[    0.343825] Speculative Store Bypass: Mitigation: Speculative Store Bypass disabled via prctl
[    0.344684] Spectre V2 : Mitigation: Enhanced / Automatic IBRS
[    0.345270] ITS: Mitigation: Aligned branch/return thunks
[    0.345810] Spectre V1 : Mitigation: usercopy/swapgs barriers and __user pointer sanitization
[    0.346655] Spectre V2 : WARNING: Unprivileged eBPF is enabled with eIBRS on, data leaks possible via Spectre v2 BHB attacks!
[    0.347769] Spectre V2 : Spectre v2 / PBRSB-eIBRS: Retire a single CALL on VMEXIT
[    0.348686] Spectre V2 : mitigation: Enabling conditional Indirect Branch Prediction Barrier
[    0.349531] active return thunk: its_return_thunk
[    0.350020] Spectre V2 : Spectre BHI mitigation: SW BHB clearing on syscall and VM exit
[    0.350871] x86/fpu: Supporting XSAVE feature 0x001: 'x87 floating point registers'
[    0.351643] x86/fpu: Supporting XSAVE feature 0x002: 'SSE registers'
[    0.352290] x86/fpu: Supporting XSAVE feature 0x004: 'AVX registers'
[    0.352682] x86/fpu: Supporting XSAVE feature 0x020: 'AVX-512 opmask'
[    0.353340] x86/fpu: Supporting XSAVE feature 0x040: 'AVX-512 Hi256'
[    0.353984] x86/fpu: Supporting XSAVE feature 0x080: 'AVX-512 ZMM_Hi256'
[    0.354657] x86/fpu: Supporting XSAVE feature 0x200: 'Protection Keys User registers'
[    0.355446] x86/fpu: Supporting XSAVE feature 0x20000: 'AMX Tile config'
[    0.356122] x86/fpu: Supporting XSAVE feature 0x40000: 'AMX Tile data'
[    0.356682] x86/fpu: xstate_offset[2]:  576, xstate_sizes[2]:  256
[    0.357313] x86/fpu: xstate_offset[5]:  832, xstate_sizes[5]:   64
[    0.357939] x86/fpu: xstate_offset[6]:  896, xstate_sizes[6]:  512
[    0.358562] x86/fpu: xstate_offset[7]: 1408, xstate_sizes[7]: 1024
[    0.359188] x86/fpu: xstate_offset[9]: 2432, xstate_sizes[9]:    8
[    0.359814] x86/fpu: xstate_offset[17]: 2496, xstate_sizes[17]:   64
[    0.360682] x86/fpu: xstate_offset[18]: 2560, xstate_sizes[18]: 8192
[    0.361328] x86/fpu: Enabled xstate features 0x602e7, context size is 10752 bytes, using 'compacted' format.
[    0.517617] Freeing SMP alternatives memory: 64K
[    0.518106] pid_max: default: 32768 minimum: 301
[    0.518948] Yama: becoming mindful.
[    0.519752] Mount-cache hash table entries: 4096 (order: 3, 32768 bytes, linear)
[    0.520505] Mountpoint-cache hash table entries: 4096 (order: 3, 32768 bytes, linear)
[    0.522332] Running RCU synchronous self tests
[    0.522794] Running RCU synchronous self tests
[    0.523567] smpboot: CPU0: Intel(R) Xeon(R) Gold 6414TDX (family: 0x6, model: 0x8f, stepping: 0x6)
[    0.524678] Performance Events: PEBS fmt0-, Sapphire Rapids events, full-width counters, Intel PMU driver.
[    0.524678] ... version:                   2
[    0.524678] ... bit width:                 48
[    0.524678] ... generic counters:          8
[    0.524687] ... generic bitmap:            00000000000000ff
[    0.525249] ... fixed-purpose counters:    4
[    0.525679] ... fixed-purpose bitmap:      000000000000000f
[    0.526238] ... value mask:                0000ffffffffffff
[    0.526796] ... max period:                00007fffffffffff
[    0.527351] ... global_ctrl mask:          0000000f000000ff
[    0.528416] signal: max sigframe size: 11952
[    0.528846] rcu: Hierarchical SRCU implementation.
[    0.529333] rcu: 	Max phase no-delay instances is 1000.
[    0.530081] Timer migration: 1 hierarchy levels; 8 children per group; 1 crossnode level
[    0.554320] smp: Bringing up secondary CPUs ...
[    0.555358] smpboot: x86: Booting SMP configuration:
[    0.555881] .... node  #0, CPUs:      #1
[    0.556844] smp: Brought up 1 node, 2 CPUs
[    0.557704] smpboot: Total of 2 processors activated (6800.00 BogoMIPS)
[    0.559174] Memory: 1591816K/2096632K available (80957K kernel code, 15566K rwdata, 18824K rodata, 16420K init, 20844K bss, 493188K reserved, 0K cma-reserved)
[    0.561360] devtmpfs: initialized
[    0.561745] x86/mm: Memory block size: 128MB
[    0.573949] Running RCU synchronous self tests
[    0.574458] Running RCU synchronous self tests
[    0.574934] Running RCU Tasks wait API self tests
[    0.576722] Running RCU Tasks Rude wait API self tests
[    0.577216] Running RCU Tasks Trace wait API self tests
[    0.596702] clocksource: jiffies: mask: 0xffffffff max_cycles: 0xffffffff, max_idle_ns: 7645041785100000 ns
[    0.600731] posixtimers hash table entries: 1024 (order: 5, 73728 bytes, linear)
[    0.601554] futex hash table entries: 512 (65536 bytes on 1 NUMA nodes, total 64 KiB, linear).
[    0.604973] 
[    0.605155] *************************************************************
[    0.605846] **     NOTICE NOTICE NOTICE NOTICE NOTICE NOTICE NOTICE    **
[    0.606534] **                                                         **
[    0.607215] **  IOMMU DebugFS SUPPORT HAS BEEN ENABLED IN THIS KERNEL  **
[    0.607897] **                                                         **
[    0.608574] ** This means that this kernel is built to expose internal **
[    0.608685] ** IOMMU data structures, which may compromise security on **
[    0.609364] ** your system.                                            **
[    0.610040] **                                                         **
[    0.610715] ** If you see this message and you are not debugging the   **
[    0.611396] ** kernel, report this immediately to your vendor!         **
[    0.612069] **                                                         **
[    0.612686] **     NOTICE NOTICE NOTICE NOTICE NOTICE NOTICE NOTICE    **
[    0.613363] *************************************************************
[    0.614129] PM: RTC time: 17:00:37, date: 2026-03-12
[    0.617132] NET: Registered PF_NETLINK/PF_ROUTE protocol family
[    0.619373] DMA: preallocated 256 KiB GFP_KERNEL|GFP_DMA pool for atomic allocations
[    0.620184] DMA: preallocated 256 KiB GFP_KERNEL|GFP_DMA32 pool for atomic allocations
[    0.620774] audit: initializing netlink subsys (disabled)
[    0.621361] audit: type=2000 audit(1773334837.566:1): state=initialized audit_enabled=0 res=1
[    0.621601] thermal_sys: Registered thermal governor 'fair_share'
[    0.621601] thermal_sys: Registered thermal governor 'bang_bang'
[    0.622161] thermal_sys: Registered thermal governor 'step_wise'
[    0.622772] thermal_sys: Registered thermal governor 'user_space'
[    0.624691] cpuidle: using governor ladder
[    0.625735] cpuidle: using governor menu
[    0.625735] acpiphp: ACPI Hot Plug PCI Controller Driver version: 0.5
[    0.626656] PCI: Using configuration type 1 for base access
[    0.628974] kprobes: kprobe jump-optimization is enabled. All kprobes are optimized if possible.
[    0.632717] Callback from call_rcu_tasks_trace() invoked.
[    0.790062] HugeTLB: registered 1.00 GiB page size, pre-allocated 0 pages
[    0.790761] HugeTLB: 16380 KiB vmemmap can be freed for a 1.00 GiB page
[    0.791425] HugeTLB: registered 2.00 MiB page size, pre-allocated 0 pages
[    0.792097] HugeTLB: 28 KiB vmemmap can be freed for a 2.00 MiB page
[    0.799848] ACPI: Added _OSI(Module Device)
[    0.799848] ACPI: Added _OSI(Processor Device)
[    0.799848] ACPI: Added _OSI(Processor Aggregator Device)
[    0.818196] ACPI: 1 ACPI AML tables successfully acquired and loaded
[    0.835012] ACPI: Interpreter enabled
[    0.835546] ACPI: PM: (supports S0 S3 S4 S5)
[    0.835988] ACPI: Using IOAPIC for interrupt routing
[    0.836598] PCI: Using host bridge windows from ACPI; if necessary, use "pci=nocrs" and report a bug
[    0.836685] PCI: Using E820 reservations for host bridge windows
[    0.838605] ACPI: Enabled 2 GPEs in block 00 to 0F
[    0.881416] ACPI: PCI Root Bridge [PCI0] (domain 0000 [bus 00-ff])
[    0.882106] acpi PNP0A03:00: _OSC: OS supports [ASPM ClockPM Segments MSI EDR HPX-Type3]
[    0.882924] acpi PNP0A03:00: _OSC: not requesting OS control; OS requires [ExtendedConfig ASPM ClockPM MSI]
[    0.884055] acpi PNP0A03:00: fail to add MMCONFIG information, can't access extended configuration space under this bridge
[    0.890118] acpiphp: Slot [3] registered
[    0.890687] acpiphp: Slot [4] registered
[    0.891230] acpiphp: Slot [5] registered
[    0.891790] acpiphp: Slot [6] registered
[    0.892333] acpiphp: Slot [7] registered
[    0.892827] acpiphp: Slot [8] registered
[    0.893368] acpiphp: Slot [9] registered
[    0.893919] acpiphp: Slot [10] registered
[    0.894476] acpiphp: Slot [11] registered
[    0.895023] acpiphp: Slot [12] registered
[    0.895581] acpiphp: Slot [13] registered
[    0.896128] acpiphp: Slot [14] registered
[    0.896716] acpiphp: Slot [15] registered
[    0.897265] acpiphp: Slot [16] registered
[    0.897825] acpiphp: Slot [17] registered
[    0.898377] acpiphp: Slot [18] registered
[    0.898934] acpiphp: Slot [19] registered
[    0.899496] acpiphp: Slot [20] registered
[    0.900044] acpiphp: Slot [21] registered
[    0.900592] acpiphp: Slot [22] registered
[    0.904834] acpiphp: Slot [23] registered
[    0.905384] acpiphp: Slot [24] registered
[    0.905931] acpiphp: Slot [25] registered
[    0.906486] acpiphp: Slot [26] registered
[    0.907050] acpiphp: Slot [27] registered
[    0.907600] acpiphp: Slot [28] registered
[    0.908148] acpiphp: Slot [29] registered
[    0.908696] acpiphp: Slot [30] registered
[    0.909246] acpiphp: Slot [31] registered
[    0.909722] PCI host bridge to bus 0000:00
[    0.910195] pci_bus 0000:00: root bus resource [io  0x0000-0x0cf7 window]
[    0.910876] pci_bus 0000:00: root bus resource [io  0x0d00-0xffff window]
[    0.911555] pci_bus 0000:00: root bus resource [mem 0x000a0000-0x000bffff window]
[    0.912303] pci_bus 0000:00: root bus resource [mem 0x80000000-0xfebfffff window]
[    0.912686] pci_bus 0000:00: root bus resource [mem 0x100000000-0x17fffffff window]
[    0.913448] pci_bus 0000:00: root bus resource [bus 00-ff]
[    0.914105] pci 0000:00:00.0: [8086:1237] type 00 class 0x060000 conventional PCI endpoint
[    0.924890] pci 0000:00:01.0: [8086:7000] type 00 class 0x060100 conventional PCI endpoint
[    0.927181] pci 0000:00:01.1: [8086:7010] type 00 class 0x010180 conventional PCI endpoint
[    0.928577] pci 0000:00:01.1: BAR 4 [io  0xc040-0xc04f]
[    0.928718] pci 0000:00:01.1: BAR 0 [io  0x01f0-0x01f7]: legacy IDE quirk
[    0.929390] pci 0000:00:01.1: BAR 1 [io  0x03f6]: legacy IDE quirk
[    0.930007] pci 0000:00:01.1: BAR 2 [io  0x0170-0x0177]: legacy IDE quirk
[    0.930685] pci 0000:00:01.1: BAR 3 [io  0x0376]: legacy IDE quirk
[    0.931856] pci 0000:00:01.3: [8086:7113] type 00 class 0x068000 conventional PCI endpoint
[    0.932991] pci 0000:00:01.3: quirk: [io  0x0600-0x063f] claimed by PIIX4 ACPI
[    0.933715] pci 0000:00:01.3: quirk: [io  0x0700-0x070f] claimed by PIIX4 SMB
[    0.934993] pci 0000:00:02.0: [1234:1111] type 00 class 0x030000 conventional PCI endpoint
[    0.936707] pci 0000:00:02.0: BAR 0 [mem 0xfd000000-0xfdffffff pref]
[    0.937363] pci 0000:00:02.0: BAR 2 [mem 0xfebf0000-0xfebf0fff]
[    0.937972] pci 0000:00:02.0: ROM [mem 0xfebe0000-0xfebeffff pref]
[    0.938680] pci 0000:00:02.0: Video device with shadowed ROM at [mem 0x000c0000-0x000dffff]
[    0.948874] pci 0000:00:03.0: [8086:100e] type 00 class 0x020000 conventional PCI endpoint
[    0.950596] pci 0000:00:03.0: BAR 0 [mem 0xfebc0000-0xfebdffff]
[    0.951198] pci 0000:00:03.0: BAR 1 [io  0xc000-0xc03f]
[    0.951748] pci 0000:00:03.0: ROM [mem 0xfeb80000-0xfebbffff pref]
[    0.975877] ACPI: PCI: Interrupt link LNKA configured for IRQ 10
[    0.977569] ACPI: PCI: Interrupt link LNKB configured for IRQ 10
[    0.979181] ACPI: PCI: Interrupt link LNKC configured for IRQ 11
[    0.980781] ACPI: PCI: Interrupt link LNKD configured for IRQ 11
[    0.981823] ACPI: PCI: Interrupt link LNKS configured for IRQ 9
[    0.989253] iommu: Default domain type: Translated
[    0.989253] iommu: DMA domain TLB invalidation policy: lazy mode
[    0.994358] SCSI subsystem initialized
[    0.996678] ACPI: bus type USB registered
[    0.996678] usbcore: registered new interface driver usbfs
[    0.996678] usbcore: registered new interface driver hub
[    0.996750] usbcore: registered new device driver usb
[    0.997606] pps_core: LinuxPPS API ver. 1 registered
[    0.998110] pps_core: Software ver. 5.3.6 - Copyright 2005-2007 Rodolfo Giometti <giometti@linux.it>
[    0.999036] PTP clock support registered
[    1.003173] EDAC MC: Ver: 3.0.0
[    1.006877] NetLabel: Initializing
[    1.007243] NetLabel:  domain hash size = 128
[    1.007685] NetLabel:  protocols = UNLABELED CIPSOv4 CALIPSO
[    1.008389] NetLabel:  unlabeled traffic allowed by default
[    1.009219] PCI: Using ACPI for IRQ routing
[    1.010018] pci 0000:00:02.0: vgaarb: setting as boot VGA device
[    1.010640] pci 0000:00:02.0: vgaarb: bridge control possible
[    1.011221] pci 0000:00:02.0: vgaarb: VGA device added: decodes=io+mem,owns=io+mem,locks=none
[    1.012079] vgaarb: loaded
[    1.012802] hpet0: at MMIO 0xfed00000, IRQs 2, 8, 0
[    1.013316] hpet0: 3 comparators, 64-bit 100.000000 MHz counter
[    1.020678] clocksource: Switched to clocksource kvm-clock
[    1.020678] VFS: Disk quotas dquot_6.6.0
[    1.020678] VFS: Dquot-cache hash table entries: 512 (order 0, 4096 bytes)
[    1.027782] pnp: PnP ACPI init
[    1.032654] pnp: PnP ACPI: found 6 devices
[    1.053095] clocksource: acpi_pm: mask: 0xffffff max_cycles: 0xffffff, max_idle_ns: 2085701024 ns
[    1.054480] NET: Registered PF_INET protocol family
[    1.055188] IP idents hash table entries: 32768 (order: 6, 262144 bytes, linear)
[    1.057444] tcp_listen_portaddr_hash hash table entries: 1024 (order: 5, 73728 bytes, linear)
[    1.058336] Table-perturb hash table entries: 65536 (order: 6, 262144 bytes, linear)
[    1.059159] TCP established hash table entries: 16384 (order: 5, 131072 bytes, linear)
[    1.060268] TCP bind hash table entries: 16384 (order: 10, 2359296 bytes, linear)
[    1.062167] TCP: Hash tables configured (established 16384 bind 16384)
[    1.062958] UDP hash table entries: 1024 (order: 6, 262144 bytes, linear)
[    1.063747] UDP-Lite hash table entries: 1024 (order: 6, 262144 bytes, linear)
[    1.064811] NET: Registered PF_UNIX/PF_LOCAL protocol family
[    1.071173] RPC: Registered named UNIX socket transport module.
[    1.071815] RPC: Registered udp transport module.
[    1.072292] RPC: Registered tcp transport module.
[    1.072770] RPC: Registered tcp-with-tls transport module.
[    1.073321] RPC: Registered tcp NFSv4.1 backchannel transport module.
[    1.073991] pci_bus 0000:00: resource 4 [io  0x0000-0x0cf7 window]
[    1.074637] pci_bus 0000:00: resource 5 [io  0x0d00-0xffff window]
[    1.075264] pci_bus 0000:00: resource 6 [mem 0x000a0000-0x000bffff window]
[    1.075959] pci_bus 0000:00: resource 7 [mem 0x80000000-0xfebfffff window]
[    1.076650] pci_bus 0000:00: resource 8 [mem 0x100000000-0x17fffffff window]
[    1.077723] pci 0000:00:01.0: PIIX3: Enabling Passive Release
[    1.078323] pci 0000:00:00.0: Limiting direct PCI/PCI transfers
[    1.079008] PCI: CLS 0 bytes, default 64
[    1.079878] ACPI: bus type thunderbolt registered
[    1.080725] clocksource: tsc: mask: 0xffffffffffffffff max_cycles: 0x1881273ac8e, max_idle_ns: 440795257284 ns
[    1.082617] sgx: There are zero EPC sections.
[    3.407063] Initialise system trusted keyrings
[    3.407666] Key type blacklist registered
[    3.408373] workingset: timestamp_bits=36 max_order=19 bucket_order=0
[    3.411250] squashfs: version 4.0 (2009/01/31) Phillip Lougher
[    3.413175] NFS: Registering the id_resolver key type
[    3.413713] Key type id_resolver registered
[    3.414143] Key type id_legacy registered
[    3.414621] nfs4filelayout_init: NFSv4 File Layout Driver Registering...
[    3.415321] nfs4flexfilelayout_init: NFSv4 Flexfile Layout Driver Registering...
[    3.416372] fuse: init (API version 7.45)
[    3.417391] SGI XFS with ACLs, security attributes, realtime, quota, no debug enabled
[    3.419525] 9p: Installing v9fs 9p2000 file system support
[    3.434622] Key type asymmetric registered
[    3.435055] Asymmetric key parser 'x509' registered
[    3.435681] Block layer SCSI generic (bsg) driver version 0.4 loaded (major 241)
[    3.436940] io scheduler mq-deadline registered
[    3.437552] io scheduler bfq registered
[    3.438437] ledtrig-cpu: registered to indicate activity on CPUs
[    3.440894] IPMI message handler: version 39.2
[    3.441447] ipmi device interface
[    3.443886] input: Power Button as /devices/LNXSYSTM:00/LNXPWRBN:00/input/input0
[    3.445230] ACPI: button: Power Button [PWRF]
[    3.447248] ERST DBG: ERST support is disabled.
[    3.449170] Serial: 8250/16550 driver, 32 ports, IRQ sharing enabled
[    3.451198] 00:04: ttyS0 at I/O 0x3f8 (irq = 4, base_baud = 115200) is a 16550A
[    3.454414] Callback from call_rcu_tasks() invoked.
[    3.481360] Linux agpgart interface v0.103
[    3.484539] ACPI: bus type drm_connector registered
[    3.509640] brd: module loaded
[    3.525083] loop: module loaded
[    3.535287] scsi host0: ata_piix
[    3.536760] scsi host1: ata_piix
[    3.537605] ata1: PATA max MWDMA2 cmd 0x1f0 ctl 0x3f6 bmdma 0xc040 irq 14 lpm-pol 0
[    3.538392] ata2: PATA max MWDMA2 cmd 0x170 ctl 0x376 bmdma 0xc048 irq 15 lpm-pol 0
[    3.542306] tun: Universal TUN/TAP device driver, 1.6
[    3.543288] e100: Intel(R) PRO/100 Network Driver
[    3.543773] e100: Copyright(c) 1999-2006 Intel Corporation
[    3.544435] e1000: Intel(R) PRO/1000 Network Driver
[    3.544921] e1000: Copyright (c) 1999-2006 Intel Corporation.
[    3.694475] ata1: found unknown device (class 0)
[    3.695556] ata1.00: ATA-7: QEMU HARDDISK, 2.5+, max UDMA/100
[    3.696148] ata1.00: 17196647 sectors, multi 16: LBA48 
[    3.697750] scsi 0:0:0:0: Direct-Access     ATA      QEMU HARDDISK    2.5+ PQ: 0 ANSI: 5
[    3.698711] ata2: found unknown device (class 0)
[    3.701556] ata2.00: ATAPI: QEMU DVD-ROM, 2.5+, max UDMA/100
[    3.702781] sd 0:0:0:0: Attached scsi generic sg0 type 0
[    3.706453] sd 0:0:0:0: [sda] 17196647 512-byte logical blocks: (8.80 GB/8.20 GiB)
[    3.707438] scsi 1:0:0:0: CD-ROM            QEMU     QEMU DVD-ROM     2.5+ PQ: 0 ANSI: 5
[    3.707455] sd 0:0:0:0: [sda] Write Protect is off
[    3.709972] sd 0:0:0:0: [sda] Write cache: enabled, read cache: enabled, doesn't support DPO or FUA
[    3.711032] sd 0:0:0:0: [sda] Preferred minimum I/O size 512 bytes
[    3.725100] sd 0:0:0:0: [sda] Attached SCSI disk
[    3.725653] scsi 1:0:0:0: Attached scsi generic sg1 type 5
[    4.363788] ACPI: \_SB_.LNKC: Enabled at IRQ 11
[    4.678853] e1000 0000:00:03.0 eth0: (PCI:33MHz:32-bit) 52:54:00:12:34:56
[    4.679575] e1000 0000:00:03.0 eth0: Intel(R) PRO/1000 Network Connection
[    4.680452] e1000e: Intel(R) PRO/1000 Network Driver
[    4.680963] e1000e: Copyright(c) 1999 - 2015 Intel Corporation.
[    4.681731] igb: Intel(R) Gigabit Ethernet Network Driver
[    4.682274] igb: Copyright (c) 2007-2014 Intel Corporation.
[    4.683227] PPP generic driver version 2.4.2
[    4.685053] VFIO - User Level meta-driver version: 0.3
[    4.686830] usbcore: registered new interface driver uas
[    4.687516] usbcore: registered new interface driver usb-storage
[    4.688398] i8042: PNP: PS/2 Controller [PNP0303:KBD,PNP0f13:MOU] at 0x60,0x64 irq 1,12
[    4.690202] serio: i8042 KBD port at 0x60,0x64 irq 1
[    4.690809] serio: i8042 AUX port at 0x60,0x64 irq 12
[    4.692485] mousedev: PS/2 mouse device common for all mice
[    4.694451] rtc_cmos 00:05: RTC can wake from S4
[    4.694779] input: AT Translated Set 2 keyboard as /devices/platform/i8042/serio0/input/input1
[    4.697142] rtc_cmos 00:05: registered as rtc0
[    4.697649] input: VirtualPS/2 VMware VMMouse as /devices/platform/i8042/serio1/input/input4
[    4.697738] rtc_cmos 00:05: setting system clock to 2026-03-12T17:00:41 UTC (1773334841)
[    4.699770] input: VirtualPS/2 VMware VMMouse as /devices/platform/i8042/serio1/input/input3
[    4.699822] rtc_cmos 00:05: alarms up to one day, y3k, 242 bytes nvram, hpet irqs
[    4.701451] i2c_dev: i2c /dev entries driver
[    4.702005] device-mapper: core: CONFIG_IMA_DISABLE_HTABLE is disabled. Duplicate IMA measurements will not be recorded in the IMA log.
[    4.703277] device-mapper: uevent: version 1.0.3
[    4.704479] device-mapper: ioctl: 4.50.0-ioctl (2025-04-28) initialised: dm-devel@lists.linux.dev
[    4.705381] intel_pstate: CPU model not supported
[    4.706105] sdhci: Secure Digital Host Controller Interface driver
[    4.706747] sdhci: Copyright(c) Pierre Ossman
[    4.707385] sdhci-pltfm: SDHCI platform and OF driver helper
[    4.708550] drop_monitor: Initializing network drop monitor service
[    4.709544] NET: Registered PF_INET6 protocol family
[    4.711699] Segment Routing with IPv6
[    4.712151] In-situ OAM (IOAM) with IPv6
[    4.712617] NET: Registered PF_PACKET protocol family
[    4.713341] 9pnet: Installing 9P2000 support
[    4.713906] Key type dns_resolver registered
[    4.715916] IPI shorthand broadcast: enabled
[    4.776184] sched_clock: Marking stable (4756003930, 18313403)->(4777432224, -3114891)
[    4.777829] registered taskstats version 1
[    4.779129] Loading compiled-in X.509 certificates
[    4.861620] Demotion targets for Node 0: null
[    4.863491] Key type .fscrypt registered
[    4.863930] Key type fscrypt-provisioning registered
[    4.866880] Key type encrypted registered
[    4.867326] ima: No TPM chip found, activating TPM-bypass!
[    4.867899] ima: Allocated hash algorithm: sha1
[    4.868430] ima: No architecture policies found
[    4.869060] evm: Initialising EVM extended attributes:
[    4.869572] evm: security.selinux
[    4.869916] evm: security.SMACK64
[    4.870255] evm: security.SMACK64EXEC
[    4.870647] evm: security.SMACK64TRANSMUTE
[    4.871062] evm: security.SMACK64MMAP
[    4.871428] evm: security.apparmor
[    4.871772] evm: security.ima
[    4.872071] evm: security.capability
[    4.872428] evm: HMAC attrs: 0x1
[    4.875366] PM:   Magic number: 2:647:36
[    4.875799] bdi 7:1: hash matches
[    4.876159] misc loop-control: hash matches
[    4.876591] misc iommu: hash matches
[    4.877701] RAS: Correctable Errors collector initialized.
[    4.878511] clk: Disabling unused clocks
[    4.878952] PM: genpd: Disabling unused power domains
[    4.880176] check access for rdinit=/init failed: -2, ignoring
[    4.880576] md: Waiting for all devices to be available before autodetect
[    4.881034] md: If you don't use raid, use raid=noautodetect
[    4.881424] md: Autodetecting RAID arrays.
[    4.881719] md: autorun ...
[    4.881918] md: ... autorun DONE.
[    4.887673] EXT4-fs (sda): INFO: recovery required on readonly filesystem
[    4.888175] EXT4-fs (sda): write access will be enabled during recovery
[    5.173389] EXT4-fs (sda): recovery complete
[    5.174973] EXT4-fs (sda): mounted filesystem 088740a9-c8b4-422c-999d-a804eb68a4da ro with ordered data mode. Quota mode: none.
[    5.175859] VFS: Mounted root (ext4 filesystem) readonly on device 8:0.
[    5.177924] devtmpfs: mounted
[    5.198464] Freeing unused decrypted memory: 2036K
[    5.204052] Freeing unused kernel image (initmem) memory: 16420K
[    5.204662] Write protecting the kernel read-only data: 102400k
[    5.207159] Freeing unused kernel image (text/rodata gap) memory: 960K
[    5.208751] Freeing unused kernel image (rodata/data gap) memory: 1656K
[    6.223130] x86/mm: Checked W+X mappings: passed, no W+X pages found.
[    6.223669] Run /sbin/init as init process
[    6.355867] systemd[1]: systemd 252-15.el9 running in system mode (+PAM +AUDIT +SELINUX -APPARMOR +IMA +SMACK +SECCOMP +GCRYPT +GNUTLS +OPENSSL +ACL +BLKID +CURL +ELFUTILS -FIDO2 +IDN2 -IDN -IPTC +KMOD +LIBCRYPTSETUP +LIBFDISK +PCRE2 -PWQUALITY +P11KIT -QRENCODE +TPM2 +BZIP2 +LZ4 +XZ +ZLIB +ZSTD -BPF_FRAMEWORK +XKBCOMMON +UTMP +SYSVINIT default-hierarchy=unified)
[    6.357936] systemd[1]: Detected virtualization kvm.
[    6.358279] systemd[1]: Detected architecture x86-64.

Welcome to [0;31mCentOS Stream 9[0m!

[    6.362656] systemd[1]: Hostname set to <test>.
[    6.548678] systemd-rc-local-generator[120]: /etc/rc.d/rc.local is not marked executable, skipping.
[    6.825686] systemd[1]: Queued start job for default target Multi-User System.
[    6.845083] systemd[1]: Created slice Virtual Machine and Container Slice.
[[0;32m  OK  [0m] Created slice [0;1;39mVirtual Machine and Container Slice[0m.
[    6.850651] systemd[1]: Created slice Slice /system/getty.
[[0;32m  OK  [0m] Created slice [0;1;39mSlice /system/getty[0m.
[    6.853562] systemd[1]: Created slice Slice /system/modprobe.
[[0;32m  OK  [0m] Created slice [0;1;39mSlice /system/modprobe[0m.
[    6.856666] systemd[1]: Created slice Slice /system/serial-getty.
[[0;32m  OK  [0m] Created slice [0;1;39mSlice /system/serial-getty[0m.
[    6.859644] systemd[1]: Created slice Slice /system/sshd-keygen.
[[0;32m  OK  [0m] Created slice [0;1;39mSlice /system/sshd-keygen[0m.
[    6.862364] systemd[1]: Created slice User and Session Slice.
[[0;32m  OK  [0m] Created slice [0;1;39mUser and Session Slice[0m.
[    6.863760] systemd[1]: Started Forward Password Requests to Wall Directory Watch.
[[0;32m  OK  [0m] Started [0;1;39mForward Password R…uests to Wall Directory Watch[0m.
[    6.865998] systemd[1]: Set up automount Arbitrary Executable File Formats File System Automount Point.
[[0;32m  OK  [0m] Set up automount [0;1;39mArbitrary…s File System Automount Point[0m.
[    6.867545] systemd[1]: Reached target Local Integrity Protected Volumes.
[[0;32m  OK  [0m] Reached target [0;1;39mLocal Integrity Protected Volumes[0m.
[    6.868745] systemd[1]: Reached target Slice Units.
[[0;32m  OK  [0m] Reached target [0;1;39mSlice Units[0m.
[    6.869830] systemd[1]: Reached target Swaps.
[[0;32m  OK  [0m] Reached target [0;1;39mSwaps[0m.
[    6.870716] systemd[1]: Reached target Local Verity Protected Volumes.
[[0;32m  OK  [0m] Reached target [0;1;39mLocal Verity Protected Volumes[0m.
[    6.872163] systemd[1]: Listening on Device-mapper event daemon FIFOs.
[[0;32m  OK  [0m] Listening on [0;1;39mDevice-mapper event daemon FIFOs[0m.
[    6.873861] systemd[1]: Listening on LVM2 poll daemon socket.
[[0;32m  OK  [0m] Listening on [0;1;39mLVM2 poll daemon socket[0m.
[    6.875179] systemd[1]: multipathd control socket was skipped because of an unmet condition check (ConditionPathExists=/etc/multipath.conf).
[    6.923492] systemd[1]: Listening on RPCbind Server Activation Socket.
[[0;32m  OK  [0m] Listening on [0;1;39mRPCbind Server Activation Socket[0m.
[    6.924861] systemd[1]: Reached target RPC Port Mapper.
[[0;32m  OK  [0m] Reached target [0;1;39mRPC Port Mapper[0m.
[    6.928150] systemd[1]: Listening on Process Core Dump Socket.
[[0;32m  OK  [0m] Listening on [0;1;39mProcess Core Dump Socket[0m.
[    6.929646] systemd[1]: Listening on initctl Compatibility Named Pipe.
[[0;32m  OK  [0m] Listening on [0;1;39minitctl Compatibility Named Pipe[0m.
[    6.931430] systemd[1]: Listening on Journal Socket (/dev/log).
[[0;32m  OK  [0m] Listening on [0;1;39mJournal Socket (/dev/log)[0m.
[    6.933083] systemd[1]: Listening on Journal Socket.
[[0;32m  OK  [0m] Listening on [0;1;39mJournal Socket[0m.
[    6.934747] systemd[1]: Listening on udev Control Socket.
[[0;32m  OK  [0m] Listening on [0;1;39mudev Control Socket[0m.
[    6.936131] systemd[1]: Listening on udev Kernel Socket.
[[0;32m  OK  [0m] Listening on [0;1;39mudev Kernel Socket[0m.
[    6.942305] systemd[1]: Mounting Huge Pages File System...
         Mounting [0;1;39mHuge Pages File System[0m...
[    6.950479] systemd[1]: Mounting POSIX Message Queue File System...
         Mounting [0;1;39mPOSIX Message Queue File System[0m...
[    6.962743] systemd[1]: Mounting Kernel Debug File System...
         Mounting [0;1;39mKernel Debug File System[0m...
[    6.972757] systemd[1]: Mounting Kernel Trace File System...
         Mounting [0;1;39mKernel Trace File System[0m...
[    6.974008] systemd[1]: Kernel Module supporting RPCSEC_GSS was skipped because of an unmet condition check (ConditionPathExists=/etc/krb5.keytab).
[    6.975646] systemd[1]: Create List of Static Device Nodes was skipped because of an unmet condition check (ConditionFileNotEmpty=/lib/modules/6.19.0-rc8-52ee9965d09b+/modules.devname).
[    6.982018] systemd[1]: Starting Monitoring of LVM2 mirrors, snapshots etc. using dmeventd or progress polling...
         Starting [0;1;39mMonitoring of LVM…meventd or progress polling[0m...
[    6.991211] systemd[1]: Starting Load Kernel Module configfs...
         Starting [0;1;39mLoad Kernel Module configfs[0m...
[    6.999232] systemd[1]: Starting Load Kernel Module drm...
         Starting [0;1;39mLoad Kernel Module drm[0m...
[    7.022895] systemd[1]: Starting Load Kernel Module fuse...
         Starting [0;1;39mLoad Kernel Module fuse[0m...
[    7.032964] systemd[1]: Starting Read and set NIS domainname from /etc/sysconfig/network...
         Starting [0;1;39mRead and set NIS …from /etc/sysconfig/network[0m...
[    7.055981] systemd[1]: Starting Journal Service...
         Starting [0;1;39mJournal Service[0m...
[    7.064472] systemd[1]: Starting Load Kernel Modules...
         Starting [0;1;39mLoad Kernel Modules[0m...
[    7.090712] systemd[1]: Starting Generate network units from Kernel command line...
         Starting [0;1;39mGenerate network …ts from Kernel command line[0m...
[    7.105809] systemd[1]: Starting Remount Root and Kernel File Systems...
         Starting [0;1;39mRemount Root and Kernel File Systems[0m...
[    7.109005] systemd[1]: Repartition Root Disk was skipped because no trigger condition checks were met.
[    7.123187] systemd[1]: Starting Coldplug All udev Devices...
         Starting [0;1;39mColdplug All udev Devices[0m...
[    7.142183] systemd[1]: Mounted Huge Pages File System.
[[0;32m  OK  [0m] Mounted [0;1;39mHuge Pages File System[0m.
[    7.154246] systemd[1]: Mounted POSIX Message Queue File System.
[[0;32m  OK  [0m] Mounted [0;1;39mPOSIX Message Queue File System[0m.
[    7.159995] systemd[1]: Mounted Kernel Debug File System.
[[0;32m  OK  [0m] Mounted [0;1;39mKernel Debug File System[0m.
[    7.162899] systemd[1]: Mounted Kernel Trace File System.
[[0;32m  OK  [0m] Mounted [0;1;39mKernel Trace File System[0m.
[    7.168248] systemd[1]: Finished Monitoring of LVM2 mirrors, snapshots etc. using dmeventd or progress polling.
[[0;32m  OK  [0m] Finished [0;1;39mMonitoring of LVM… dmeventd or progress polling[0m.
[    7.173294] systemd[1]: modprobe@configfs.service: Deactivated successfully.
[    7.179716] systemd[1]: Finished Load Kernel Module configfs.
[[0;32m  OK  [0m] Finished [0;1;39mLoad Kernel Module configfs[0m.
[    7.184247] systemd[1]: modprobe@drm.service: Deactivated successfully.
[    7.191370] systemd[1]: Finished Load Kernel Module drm.
[[0;32m  OK  [0m] Finished [0;1;39mLoad Kernel Module drm[0m.
[    7.193835] systemd[1]: modprobe@fuse.service: Deactivated successfully.
[    7.196058] EXT4-fs (sda): re-mounted 088740a9-c8b4-422c-999d-a804eb68a4da r/w.
[    7.199381] systemd[1]: Finished Load Kernel Module fuse.
[[0;32m  OK  [0m] Finished [0;1;39mLoad Kernel Module fuse[0m.
[    7.205698] systemd[1]: Finished Read and set NIS domainname from /etc/sysconfig/network.
[[0;32m  OK  [0m] Finished [0;1;39mRead and set NIS …e from /etc/sysconfig/network[0m.
[    7.209952] systemd[1]: systemd-modules-load.service: Main process exited, code=exited, status=1/FAILURE
[    7.212068] systemd[1]: systemd-modules-load.service: Failed with result 'exit-code'.
[    7.213606] systemd[1]: Failed to start Load Kernel Modules.
[[0;1;31mFAILED[0m] Failed to start [0;1;39mLoad Kernel Modules[0m.
See 'systemctl status systemd-modules-load.service' for details.
[    7.215808] systemd[1]: Started Journal Service.
[[0;32m  OK  [0m] Started [0;1;39mJournal Service[0m.
[[0;32m  OK  [0m] Finished [0;1;39mGenerate network units from Kernel command line[0m.
[[0;32m  OK  [0m] Finished [0;1;39mRemount Root and Kernel File Systems[0m.
[[0;32m  OK  [0m] Reached target [0;1;39mPreparation for Network[0m.
         Mounting [0;1;39mFUSE Control File System[0m...
         Mounting [0;1;39mKernel Configuration File System[0m...
         Starting [0;1;39mFlush Journal to Persistent Storage[0m...
         Starting [0;1;39mLoad/Save Random Seed[0m...
[    7.305719] systemd-journald[142]: Received client request to flush runtime journal.
         Starting [0;1;39mApply Kernel Variables[0m...
         Starting [0;1;39mCreate Static Device Nodes in /dev[0m...
         Starting [0;1;39mSetup Virtual Console[0m...
[[0;32m  OK  [0m] Mounted [0;1;39mFUSE Control File System[0m.
[[0;32m  OK  [0m] Mounted [0;1;39mKernel Configuration File System[0m.
[[0;32m  OK  [0m] Finished [0;1;39mFlush Journal to Persistent Storage[0m.
[[0;32m  OK  [0m] Finished [0;1;39mLoad/Save Random Seed[0m.
[[0;32m  OK  [0m] Finished [0;1;39mApply Kernel Variables[0m.
[[0;32m  OK  [0m] Finished [0;1;39mCreate Static Device Nodes in /dev[0m.
         Starting [0;1;39mRule-based Manage…for Device Events and Files[0m...
[[0;32m  OK  [0m] Started [0;1;39mRule-based Manager for Device Events and Files[0m.
         Starting [0;1;39mAuto-connect to s…E devices found during boot[0m...
[[0;32m  OK  [0m] Finished [0;1;39mAuto-connect to s…VME devices found during boot[0m.
[[0;32m  OK  [0m] Finished [0;1;39mSetup Virtual Console[0m.
[[0;32m  OK  [0m] Finished [0;1;39mColdplug All udev Devices[0m.
         Starting [0;1;39mShow Plymouth Boot Screen[0m...
         Starting [0;1;39mWait for udev To …plete Device Initialization[0m...
[2J[3J[-1;-1f[[0;32m  OK  [0m] Started [0;1;39mShow Plymouth Boot Screen[0m.
[[0;32m  OK  [0m] Started [0;1;39mForward Password R…s to Plymouth Directory Watch[0m.
[[0;32m  OK  [0m] Reached target [0;1;39mLocal Encrypted Volumes[0m.
[[0;32m  OK  [0m] Reached target [0;1;39mPath Units[0m.
[[0;32m  OK  [0m] Found device [0;1;39m/dev/ttyS0[0m.
[[0;32m  OK  [0m] Listening on [0;1;39mLoad/Save RF …itch Status /dev/rfkill Watch[0m.
[[0;32m  OK  [0m] Finished [0;1;39mWait for udev To Complete Device Initialization[0m.
[[0;32m  OK  [0m] Reached target [0;1;39mPreparation for Local File Systems[0m.
[[0;32m  OK  [0m] Reached target [0;1;39mLocal File Systems[0m.
         Starting [0;1;39mTell Plymouth To Write Out Runtime Data[0m...
         Starting [0;1;39mAutomatic Boot Loader Update[0m...
         Starting [0;1;39mCreate Volatile Files and Directories[0m...
[[0;32m  OK  [0m] Finished [0;1;39mTell Plymouth To Write Out Runtime Data[0m.
[[0;32m  OK  [0m] Finished [0;1;39mAutomatic Boot Loader Update[0m.
[[0;32m  OK  [0m] Finished [0;1;39mCreate Volatile Files and Directories[0m.
         Mounting [0;1;39mRPC Pipe File System[0m...
         Starting [0;1;39mSecurity Auditing Service[0m...
         Starting [0;1;39mRPC Bind[0m...
[[0;32m  OK  [0m] Mounted [0;1;39mRPC Pipe File System[0m.
[[0;32m  OK  [0m] Reached target [0;1;39mrpc_pipefs.target[0m.
[[0;32m  OK  [0m] Started [0;1;39mRPC Bind[0m.
[[0;32m  OK  [0m] Started [0;1;39mSecurity Auditing Service[0m.
         Starting [0;1;39mRecord System Boot/Shutdown in UTMP[0m...
[[0;32m  OK  [0m] Finished [0;1;39mRecord System Boot/Shutdown in UTMP[0m.
[[0;32m  OK  [0m] Reached target [0;1;39mSystem Initialization[0m.
[[0;32m  OK  [0m] Started [0;1;39mDaily rotation of log files[0m.
[[0;32m  OK  [0m] Started [0;1;39mUpdates mlocate database every day[0m.
[[0;32m  OK  [0m] Started [0;1;39mDaily Cleanup of Temporary Directories[0m.
[[0;32m  OK  [0m] Started [0;1;39mdaily update of the root trust anchor for DNSSEC[0m.
[[0;32m  OK  [0m] Reached target [0;1;39mTimer Units[0m.
[[0;32m  OK  [0m] Listening on [0;1;39mD-Bus System Message Bus Socket[0m.
[[0;32m  OK  [0m] Listening on [0;1;39mOpen-iSCSI iscsid Socket[0m.
[[0;32m  OK  [0m] Listening on [0;1;39mOpen-iSCSI iscsiuio Socket[0m.
[[0;32m  OK  [0m] Listening on [0;1;39mSSSD Kerberos…ache Manager responder socket[0m.
[[0;32m  OK  [0m] Listening on [0;1;39mLibvirt interface local socket[0m.
[[0;32m  OK  [0m] Listening on [0;1;39mVirtual machine lock manager socket[0m.
[[0;32m  OK  [0m] Listening on [0;1;39mVirtual machine log manager socket[0m.
[[0;32m  OK  [0m] Listening on [0;1;39mLibvirt network local socket[0m.
[[0;32m  OK  [0m] Listening on [0;1;39mLibvirt nodedev local socket[0m.
[[0;32m  OK  [0m] Listening on [0;1;39mLibvirt nwfilter local socket[0m.
[[0;32m  OK  [0m] Listening on [0;1;39mLibvirt proxy local socket[0m.
[[0;32m  OK  [0m] Listening on [0;1;39mLibvirt qemu local socket[0m.
[[0;32m  OK  [0m] Listening on [0;1;39mLibvirt qemu admin socket[0m.
[[0;32m  OK  [0m] Listening on [0;1;39mLibvirt qemu local read-only socket[0m.
[[0;32m  OK  [0m] Listening on [0;1;39mLibvirt secret local socket[0m.
[[0;32m  OK  [0m] Listening on [0;1;39mLibvirt storage local socket[0m.
[[0;32m  OK  [0m] Reached target [0;1;39mSocket Units[0m.
         Starting [0;1;39mD-Bus System Message Bus[0m...
[[0;32m  OK  [0m] Started [0;1;39mD-Bus System Message Bus[0m.
[[0;32m  OK  [0m] Reached target [0;1;39mBasic System[0m.
         Starting [0;1;39mNetwork Manager[0m...
         Starting [0;1;39mNTP client/server[0m...
         Starting [0;1;39mRestore /run/initramfs on shutdown[0m...
[[0;32m  OK  [0m] Started [0;1;39mirqbalance daemon[0m.
[[0;32m  OK  [0m] Started [0;1;39mlibstoragemgmt plug-in server daemon[0m.
[[0;32m  OK  [0m] Started [0;1;39mMachine Check Exception Logging Daemon[0m.
[[0;32m  OK  [0m] Reached target [0;1;39msshd-keygen.target[0m.
[[0;32m  OK  [0m] Reached target [0;1;39mUser and Group Name Lookups[0m.
         Starting [0;1;39mUser Login Management[0m...
         Starting [0;1;39mVirtual Machine a…tainer Registration Service[0m...
[[0;32m  OK  [0m] Finished [0;1;39mRestore /run/initramfs on shutdown[0m.
[[0;32m  OK  [0m] Started [0;1;39mVirtual Machine an…ontainer Registration Service[0m.
[[0;32m  OK  [0m] Started [0;1;39mNTP client/server[0m.
         Starting [0;1;39mHostname Service[0m...
[[0;32m  OK  [0m] Started [0;1;39mUser Login Management[0m.
[[0;32m  OK  [0m] Started [0;1;39mHostname Service[0m.
         Starting [0;1;39mNetwork Manager Script Dispatcher Service[0m...
[[0;32m  OK  [0m] Started [0;1;39mNetwork Manager Script Dispatcher Service[0m.
[   10.658591] e1000: eth0 NIC Link is Up 1000 Mbps Full Duplex, Flow Control: RX
[[0;32m  OK  [0m] Started [0;1;39mNetwork Manager[0m.
[[0;32m  OK  [0m] Reached target [0;1;39mNetwork[0m.
[[0;32m  OK  [0m] Reached target [0;1;39mNetwork is Online[0m.
         Starting [0;1;39mGSSAPI Proxy Daemon[0m...
         Starting [0;1;39mNotify NFS peers of a restart[0m...
         Starting [0;1;39mSystem Logging Service[0m...
         Starting [0;1;39mOpenSSH server daemon[0m...
         Starting [0;1;39mDynamic System Tuning Daemon[0m...
[[0;32m  OK  [0m] Started [0;1;39mNotify NFS peers of a restart[0m.
[[0;32m  OK  [0m] Started [0;1;39mOpenSSH server daemon[0m.
[[0;32m  OK  [0m] Started [0;1;39mGSSAPI Proxy Daemon[0m.
[[0;32m  OK  [0m] Reached target [0;1;39mNFS client services[0m.
[[0;32m  OK  [0m] Reached target [0;1;39mPreparation for Remote File Systems[0m.
[[0;32m  OK  [0m] Reached target [0;1;39mRemote File Systems[0m.
         Starting [0;1;39mPermit User Sessions[0m...
         Starting [0;1;39mVirtualization qemu daemon[0m...
[[0;32m  OK  [0m] Finished [0;1;39mPermit User Sessions[0m.
[[0;32m  OK  [0m] Started [0;1;39mDeferred execution scheduler[0m.
[[0;32m  OK  [0m] Started [0;1;39mCommand Scheduler[0m.
         Starting [0;1;39mHold until boot process finishes up[0m...
         Starting [0;1;39mTerminate Plymouth Boot Screen[0m...
[[0;32m  OK  [0m] Started [0;1;39mSystem Logging Service[0m.
[[0;32m  OK  [0m] Started [0;1;39mVirtualization qemu daemon[0m.

CentOS Stream 9
Kernel 6.19.0-rc8-52ee9965d09b+ on an x86_64

Activate the web console with: systemctl enable --now cockpit.socket

test login: 