c[?7l[2J[0mSeaBIOS (version rel-1.16.0-0-gd239552ce722-prebuilt.qemu.org)


iPXE (http://ipxe.org) 00:03.0 CA00 PCI2.10 PnP PMM+7FF91000+7FEF1000 CA00
Press Ctrl-B to configure iPXE (PCI 00:03.0)...                                                                               


Booting from ROM..c[?7l[2J[    0.000000] Linux version 6.19.0-rc1-5e7fa6bfa9b5+ (root@gnr-bkc) (gcc (GCC) 11.5.0 20240719 (Red Hat 11.5.0-14), GNU ld version 2.35.2-54.el9) #1 SMP PREEMPT_DYNAMIC Fri Mar 13 03:48:50 CST 2026
[    0.000000] Command line: console=ttyS0 root=/dev/sda earlyprintk=serial net.ifnames=0 thunderbolt.dyndbg
[    0.000000] KERNEL supported cpus:
[    0.000000]   Intel GenuineIntel
[    0.000000]   AMD AuthenticAMD
[    0.000000]   Hygon HygonGenuine
[    0.000000]   Centaur CentaurHauls
[    0.000000]   zhaoxin   Shanghai  
[    0.000000] x86/split lock detection: #DB: warning on user-space bus_locks
[    0.000000] BIOS-provided physical RAM map:
[    0.000000] BIOS-e820: [mem 0x0000000000000000-0x000000000009fbff] usable
[    0.000000] BIOS-e820: [mem 0x000000000009fc00-0x000000000009ffff] reserved
[    0.000000] BIOS-e820: [mem 0x00000000000f0000-0x00000000000fffff] reserved
[    0.000000] BIOS-e820: [mem 0x0000000000100000-0x000000007ffdffff] usable
[    0.000000] BIOS-e820: [mem 0x000000007ffe0000-0x000000007fffffff] reserved
[    0.000000] BIOS-e820: [mem 0x00000000feffc000-0x00000000feffffff] reserved
[    0.000000] BIOS-e820: [mem 0x00000000fffc0000-0x00000000ffffffff] reserved
[    0.000000] printk: legacy bootconsole [earlyser0] enabled
[    0.000000] NX (Execute Disable) protection: active
[    0.000000] APIC: Static calls initialized
[    0.000000] SMBIOS 2.8 present.
[    0.000000] DMI: QEMU Standard PC (i440FX + PIIX, 1996), BIOS rel-1.16.0-0-gd239552ce722-prebuilt.qemu.org 04/01/2014
[    0.000000] DMI: Memory slots populated: 1/1
[    0.000000] Hypervisor detected: KVM
[    0.000000] last_pfn = 0x7ffe0 max_arch_pfn = 0x10000000000
[    0.000000] kvm-clock: Using msrs 4b564d01 and 4b564d00
[    0.000002] kvm-clock: using sched offset of 687058489 cycles
[    0.000518] clocksource: kvm-clock: mask: 0xffffffffffffffff max_cycles: 0x1cd42e4dffb, max_idle_ns: 881590591483 ns
[    0.002129] tsc: Detected 1700.000 MHz processor
[    0.010109] last_pfn = 0x7ffe0 max_arch_pfn = 0x10000000000
[    0.010695] MTRR map: 4 entries (3 fixed + 1 variable; max 19), built from 8 variable MTRRs
[    0.011520] x86/PAT: Configuration [0-7]: WB  WC  UC- UC  WB  WP  UC- WT  
[    0.017281] found SMP MP-table at [mem 0x000f5ba0-0x000f5baf]
[    0.017881] Using GB pages for direct mapping
[    0.020392] ACPI: Early table checksum verification disabled
[    0.020958] ACPI: RSDP 0x00000000000F59C0 000014 (v00 BOCHS )
[    0.021533] ACPI: RSDT 0x000000007FFE1951 000034 (v01 BOCHS  BXPC     00000001 BXPC 00000001)
[    0.022386] ACPI: FACP 0x000000007FFE17FD 000074 (v01 BOCHS  BXPC     00000001 BXPC 00000001)
[    0.023239] ACPI: DSDT 0x000000007FFE0040 0017BD (v01 BOCHS  BXPC     00000001 BXPC 00000001)
[    0.024085] ACPI: FACS 0x000000007FFE0000 000040
[    0.024550] ACPI: APIC 0x000000007FFE1871 000080 (v01 BOCHS  BXPC     00000001 BXPC 00000001)
[    0.025397] ACPI: HPET 0x000000007FFE18F1 000038 (v01 BOCHS  BXPC     00000001 BXPC 00000001)
[    0.026244] ACPI: WAET 0x000000007FFE1929 000028 (v01 BOCHS  BXPC     00000001 BXPC 00000001)
[    0.027092] ACPI: Reserving FACP table memory at [mem 0x7ffe17fd-0x7ffe1870]
[    0.027777] ACPI: Reserving DSDT table memory at [mem 0x7ffe0040-0x7ffe17fc]
[    0.028468] ACPI: Reserving FACS table memory at [mem 0x7ffe0000-0x7ffe003f]
[    0.029162] ACPI: Reserving APIC table memory at [mem 0x7ffe1871-0x7ffe18f0]
[    0.029855] ACPI: Reserving HPET table memory at [mem 0x7ffe18f1-0x7ffe1928]
[    0.030539] ACPI: Reserving WAET table memory at [mem 0x7ffe1929-0x7ffe1950]
[    0.032119] No NUMA configuration found
[    0.032499] Faking a node at [mem 0x0000000000000000-0x000000007ffdffff]
[    0.033211] NODE_DATA(0) allocated [mem 0x7ffb4ec0-0x7ffdfcbf]
[    0.034884] Zone ranges:
[    0.035153]   DMA      [mem 0x0000000000001000-0x0000000000ffffff]
[    0.035766]   DMA32    [mem 0x0000000001000000-0x000000007ffdffff]
[    0.036396]   Normal   empty
[    0.036687]   Device   empty
[    0.036981] Movable zone start for each node
[    0.037412] Early memory node ranges
[    0.037768]   node   0: [mem 0x0000000000001000-0x000000000009efff]
[    0.038391]   node   0: [mem 0x0000000000100000-0x000000007ffdffff]
[    0.039014] Initmem setup node 0 [mem 0x0000000000001000-0x000000007ffdffff]
[    0.040046] On node 0, zone DMA: 1 pages in unavailable ranges
[    0.040803] On node 0, zone DMA: 97 pages in unavailable ranges
[    0.068463] On node 0, zone DMA32: 32 pages in unavailable ranges
[    0.126915] KernelAddressSanitizer initialized (generic)
[    0.127747] ACPI: PM-Timer IO Port: 0x608
[    0.128178] ACPI: LAPIC_NMI (acpi_id[0xff] dfl dfl lint[0x1])
[    0.128809] IOAPIC[0]: apic_id 0, version 17, address 0xfec00000, GSI 0-23
[    0.129503] ACPI: INT_SRC_OVR (bus 0 bus_irq 0 global_irq 2 dfl dfl)
[    0.130136] ACPI: INT_SRC_OVR (bus 0 bus_irq 5 global_irq 5 high level)
[    0.130785] ACPI: INT_SRC_OVR (bus 0 bus_irq 9 global_irq 9 high level)
[    0.131436] ACPI: INT_SRC_OVR (bus 0 bus_irq 10 global_irq 10 high level)
[    0.132106] ACPI: INT_SRC_OVR (bus 0 bus_irq 11 global_irq 11 high level)
[    0.132784] ACPI: Using ACPI (MADT) for SMP configuration information
[    0.133418] ACPI: HPET id: 0x8086a201 base: 0xfed00000
[    0.133932] TSC deadline timer available
[    0.134330] CPU topo: Max. logical packages:   1
[    0.134781] CPU topo: Max. logical dies:       1
[    0.135238] CPU topo: Max. dies per package:   1
[    0.135699] CPU topo: Max. threads per core:   1
[    0.136157] CPU topo: Num. cores per package:     2
[    0.136630] CPU topo: Num. threads per package:   2
[    0.137110] CPU topo: Allowing 2 present CPUs plus 0 hotplug CPUs
[    0.137746] kvm-guest: APIC: eoi() replaced with kvm_guest_apic_eoi_write()
[    0.138459] kvm-guest: KVM setup pv remote TLB flush
[    0.138953] kvm-guest: setup PV sched yield
[    0.139409] PM: hibernation: Registered nosave memory: [mem 0x00000000-0x00000fff]
[    0.140153] PM: hibernation: Registered nosave memory: [mem 0x0009f000-0x000fffff]
[    0.140904] [mem 0x80000000-0xfeffbfff] available for PCI devices
[    0.141497] Booting paravirtualized kernel on KVM
[    0.141963] clocksource: refined-jiffies: mask: 0xffffffff max_cycles: 0xffffffff, max_idle_ns: 7645519600211568 ns
[    0.142996] setup_percpu: NR_CPUS:8192 nr_cpumask_bits:2 nr_cpu_ids:2 nr_node_ids:1
[    0.144275] percpu: Embedded 81 pages/cpu s294912 r8192 d28672 u1048576
[    0.145113] kvm-guest: PV spinlocks enabled
[    0.145537] PV qspinlock hash table entries: 256 (order: 0, 4096 bytes, linear)
[    0.146276] Kernel command line: net.ifnames=0 console=ttyS0 root=/dev/sda earlyprintk=serial net.ifnames=0 thunderbolt.dyndbg
[    0.147695] random: crng init done
[    0.148048] printk: log buffer data + meta data: 262144 + 917504 = 1179648 bytes
[    0.149229] Dentry cache hash table entries: 262144 (order: 9, 2097152 bytes, linear)
[    0.150405] Inode-cache hash table entries: 131072 (order: 8, 1048576 bytes, linear)
[    0.151458] Fallback order for Node 0: 0 
[    0.151468] Built 1 zonelists, mobility grouping on.  Total pages: 524158
[    0.152496] Policy zone: DMA32
[    0.152790] mem auto-init: stack:off, heap alloc:off, heap free:off
[    0.153389] stackdepot: allocating hash table via alloc_large_system_hash
[    0.154043] stackdepot hash table entries: 1048576 (order: 12, 16777216 bytes, linear)
[    0.158189] stackdepot: allocating space for 8192 stack pools via memblock
[    0.195773] SLUB: HWalign=64, Order=0-3, MinObjects=0, CPUs=2, Nodes=1
[    0.196403] kmemleak: Kernel memory leak detector disabled
[    0.232547] ftrace: allocating 75259 entries in 296 pages
[    0.233079] ftrace: allocated 296 pages with 3 groups
[    0.237831] Dynamic Preempt: voluntary
[    0.238709] Running RCU self tests
[    0.239038] Running RCU synchronous self tests
[    0.239462] rcu: Preemptible hierarchical RCU implementation.
[    0.240011] rcu: 	RCU lockdep checking is enabled.
[    0.240466] rcu: 	RCU restricting CPUs from NR_CPUS=8192 to nr_cpu_ids=2.
[    0.241115] 	Trampoline variant of Tasks RCU enabled.
[    0.241594] 	Rude variant of Tasks RCU enabled.
[    0.242027] 	Tracing variant of Tasks RCU enabled.
[    0.242482] rcu: RCU calculated value of scheduler-enlistment delay is 25 jiffies.
[    0.243199] rcu: Adjusting geometry for rcu_fanout_leaf=16, nr_cpu_ids=2
[    0.243926] Running RCU synchronous self tests
[    0.244354] RCU Tasks: Setting shift to 1 and lim to 1 rcu_task_cb_adjust=1 rcu_task_cpu_ids=2.
[    0.245189] RCU Tasks Rude: Setting shift to 1 and lim to 1 rcu_task_cb_adjust=1 rcu_task_cpu_ids=2.
[    0.246062] RCU Tasks Trace: Setting shift to 1 and lim to 1 rcu_task_cb_adjust=1 rcu_task_cpu_ids=2.
[    0.316619] NR_IRQS: 524544, nr_irqs: 440, preallocated irqs: 16
[    0.317765] rcu: srcu_init: Setting srcu_struct sizes based on contention.
[    0.327257] Console: colour VGA+ 80x25
[    0.327721] printk: legacy console [ttyS0] enabled
[    0.327721] printk: legacy console [ttyS0] enabled
[    0.328656] printk: legacy bootconsole [earlyser0] disabled
[    0.328656] printk: legacy bootconsole [earlyser0] disabled
[    0.329751] Lock dependency validator: Copyright (c) 2006 Red Hat, Inc., Ingo Molnar
[    0.330939] ... MAX_LOCKDEP_SUBCLASSES:  8
[    0.331360] ... MAX_LOCK_DEPTH:          48
[    0.331779] ... MAX_LOCKDEP_KEYS:        8192
[    0.332220] ... CLASSHASH_SIZE:          4096
[    0.332653] ... MAX_LOCKDEP_ENTRIES:     32768
[    0.333101] ... MAX_LOCKDEP_CHAINS:      65536
[    0.333546] ... CHAINHASH_SIZE:          32768
[    0.333999]  memory used by lock dependency info: 6429 kB
[    0.334533]  memory used for stack traces: 4224 kB
[    0.335017]  per task-struct memory footprint: 1920 bytes
[    0.335674] ACPI: Core revision 20250807
[    0.336525] clocksource: hpet: mask: 0xffffffff max_cycles: 0xffffffff, max_idle_ns: 19112604467 ns
[    0.337592] APIC: Switch to symmetric I/O mode setup
[    0.338269] x2apic enabled
[    0.338944] APIC: Switched APIC routing to: physical x2apic
[    0.339496] kvm-guest: APIC: send_IPI_mask() replaced with kvm_send_ipi_mask()
[    0.340214] kvm-guest: APIC: send_IPI_mask_allbutself() replaced with kvm_send_ipi_mask_allbutself()
[    0.341103] kvm-guest: setup PV IPIs
[    0.342627] ..TIMER: vector=0x30 apic1=0 pin1=2 apic2=-1 pin2=-1
[    0.343243] clocksource: tsc-early: mask: 0xffffffffffffffff max_cycles: 0x1881273ac8e, max_idle_ns: 440795257284 ns
[    0.344292] Calibrating delay loop (skipped) preset value.. 3400.00 BogoMIPS (lpj=6800000)
[    0.345266] x86/cpu: User Mode Instruction Prevention (UMIP) activated
[    0.348412] Last level iTLB entries: 4KB 0, 2MB 0, 4MB 0
[    0.348933] Last level dTLB entries: 4KB 0, 2MB 0, 4MB 0, 1GB 0
[    0.349536] mitigations: Enabled attack vectors: user_kernel, user_user, guest_host, guest_guest, SMT mitigations: auto
[    0.350596] Speculative Store Bypass: Mitigation: Speculative Store Bypass disabled via prctl
[    0.351425] Spectre V2 : Mitigation: Enhanced / Automatic IBRS
[    0.352285] ITS: Mitigation: Aligned branch/return thunks
[    0.352821] Spectre V1 : Mitigation: usercopy/swapgs barriers and __user pointer sanitization
[    0.353649] Spectre V2 : WARNING: Unprivileged eBPF is enabled with eIBRS on, data leaks possible via Spectre v2 BHB attacks!
[    0.354738] Spectre V2 : Spectre v2 / PBRSB-eIBRS: Retire a single CALL on VMEXIT
[    0.355477] Spectre V2 : mitigation: Enabling conditional Indirect Branch Prediction Barrier
[    0.356287] active return thunk: its_return_thunk
[    0.356762] Spectre V2 : Spectre BHI mitigation: SW BHB clearing on syscall and VM exit
[    0.357593] x86/fpu: Supporting XSAVE feature 0x001: 'x87 floating point registers'
[    0.358341] x86/fpu: Supporting XSAVE feature 0x002: 'SSE registers'
[    0.358967] x86/fpu: Supporting XSAVE feature 0x004: 'AVX registers'
[    0.359593] x86/fpu: Supporting XSAVE feature 0x020: 'AVX-512 opmask'
[    0.360284] x86/fpu: Supporting XSAVE feature 0x040: 'AVX-512 Hi256'
[    0.360913] x86/fpu: Supporting XSAVE feature 0x080: 'AVX-512 ZMM_Hi256'
[    0.361575] x86/fpu: Supporting XSAVE feature 0x200: 'Protection Keys User registers'
[    0.362340] x86/fpu: Supporting XSAVE feature 0x20000: 'AMX Tile config'
[    0.363001] x86/fpu: Supporting XSAVE feature 0x40000: 'AMX Tile data'
[    0.363645] x86/fpu: xstate_offset[2]:  576, xstate_sizes[2]:  256
[    0.364284] x86/fpu: xstate_offset[5]:  832, xstate_sizes[5]:   64
[    0.364899] x86/fpu: xstate_offset[6]:  896, xstate_sizes[6]:  512
[    0.365514] x86/fpu: xstate_offset[7]: 1408, xstate_sizes[7]: 1024
[    0.366125] x86/fpu: xstate_offset[9]: 2432, xstate_sizes[9]:    8
[    0.366738] x86/fpu: xstate_offset[17]: 2496, xstate_sizes[17]:   64
[    0.367363] x86/fpu: xstate_offset[18]: 2560, xstate_sizes[18]: 8192
[    0.367994] x86/fpu: Enabled xstate features 0x602e7, context size is 10752 bytes, using 'compacted' format.
[    0.524177] Freeing SMP alternatives memory: 64K
[    0.524288] pid_max: default: 32768 minimum: 301
[    0.525124] Yama: becoming mindful.
[    0.525911] Mount-cache hash table entries: 4096 (order: 3, 32768 bytes, linear)
[    0.526651] Mountpoint-cache hash table entries: 4096 (order: 3, 32768 bytes, linear)
[    0.529439] Running RCU synchronous self tests
[    0.529894] Running RCU synchronous self tests
[    0.530660] smpboot: CPU0: Intel(R) Xeon(R) Gold 6414TDX (family: 0x6, model: 0x8f, stepping: 0x6)
[    0.532280] Performance Events: PEBS fmt0-, Sapphire Rapids events, full-width counters, Intel PMU driver.
[    0.532280] ... version:                   2
[    0.532280] ... bit width:                 48
[    0.532280] ... generic counters:          8
[    0.532289] ... generic bitmap:            00000000000000ff
[    0.532842] ... fixed-purpose counters:    4
[    0.533273] ... fixed-purpose bitmap:      000000000000000f
[    0.533825] ... value mask:                0000ffffffffffff
[    0.534379] ... max period:                00007fffffffffff
[    0.534927] ... global_ctrl mask:          0000000f000000ff
[    0.535996] signal: max sigframe size: 11952
[    0.536443] rcu: Hierarchical SRCU implementation.
[    0.536919] rcu: 	Max phase no-delay instances is 1000.
[    0.537652] Timer migration: 1 hierarchy levels; 8 children per group; 1 crossnode level
[    0.561936] smp: Bringing up secondary CPUs ...
[    0.562977] smpboot: x86: Booting SMP configuration:
[    0.563485] .... node  #0, CPUs:      #1
[    0.564574] smp: Brought up 1 node, 2 CPUs
[    0.565203] smpboot: Total of 2 processors activated (6800.00 BogoMIPS)
[    0.566646] Memory: 1591816K/2096632K available (80926K kernel code, 15557K rwdata, 18816K rodata, 16412K init, 20860K bss, 493188K reserved, 0K cma-reserved)
[    0.568965] devtmpfs: initialized
[    0.569334] x86/mm: Memory block size: 128MB
[    0.581521] Running RCU synchronous self tests
[    0.582027] Running RCU synchronous self tests
[    0.582510] Running RCU Tasks wait API self tests
[    0.584325] Running RCU Tasks Rude wait API self tests
[    0.584803] Running RCU Tasks Trace wait API self tests
[    0.604294] clocksource: jiffies: mask: 0xffffffff max_cycles: 0xffffffff, max_idle_ns: 7645041785100000 ns
[    0.608330] posixtimers hash table entries: 1024 (order: 5, 73728 bytes, linear)
[    0.609125] futex hash table entries: 512 (65536 bytes on 1 NUMA nodes, total 64 KiB, linear).
[    0.612511] 
[    0.612688] *************************************************************
[    0.613369] **     NOTICE NOTICE NOTICE NOTICE NOTICE NOTICE NOTICE    **
[    0.614045] **                                                         **
[    0.614723] **  IOMMU DebugFS SUPPORT HAS BEEN ENABLED IN THIS KERNEL  **
[    0.615402] **                                                         **
[    0.616074] ** This means that this kernel is built to expose internal **
[    0.616287] ** IOMMU data structures, which may compromise security on **
[    0.616961] ** your system.                                            **
[    0.617635] **                                                         **
[    0.618302] ** If you see this message and you are not debugging the   **
[    0.618979] ** kernel, report this immediately to your vendor!         **
[    0.619652] **                                                         **
[    0.620288] **     NOTICE NOTICE NOTICE NOTICE NOTICE NOTICE NOTICE    **
[    0.620965] *************************************************************
[    0.621731] PM: RTC time: 19:50:11, date: 2026-03-12
[    0.624702] NET: Registered PF_NETLINK/PF_ROUTE protocol family
[    0.626911] DMA: preallocated 256 KiB GFP_KERNEL pool for atomic allocations
[    0.627645] DMA: preallocated 256 KiB GFP_KERNEL|GFP_DMA pool for atomic allocations
[    0.628305] DMA: preallocated 256 KiB GFP_KERNEL|GFP_DMA32 pool for atomic allocations
[    0.629180] audit: initializing netlink subsys (disabled)
[    0.629765] audit: type=2000 audit(1773345011.509:1): state=initialized audit_enabled=0 res=1
[    0.629765] Callback from call_rcu_tasks_trace() invoked.
[    0.630414] thermal_sys: Registered thermal governor 'fair_share'
[    0.630423] thermal_sys: Registered thermal governor 'bang_bang'
[    0.631059] thermal_sys: Registered thermal governor 'step_wise'
[    0.631663] thermal_sys: Registered thermal governor 'user_space'
[    0.632349] cpuidle: using governor ladder
[    0.633334] cpuidle: using governor menu
[    0.633334] acpiphp: ACPI Hot Plug PCI Controller Driver version: 0.5
[    0.634648] PCI: Using configuration type 1 for base access
[    0.636631] kprobes: kprobe jump-optimization is enabled. All kprobes are optimized if possible.
[    0.812858] HugeTLB: registered 1.00 GiB page size, pre-allocated 0 pages
[    0.812858] HugeTLB: 16380 KiB vmemmap can be freed for a 1.00 GiB page
[    0.812858] HugeTLB: registered 2.00 MiB page size, pre-allocated 0 pages
[    0.812858] HugeTLB: 28 KiB vmemmap can be freed for a 2.00 MiB page
[    0.822952] ACPI: Added _OSI(Module Device)
[    0.822952] ACPI: Added _OSI(Processor Device)
[    0.823125] ACPI: Added _OSI(Processor Aggregator Device)
[    0.840864] ACPI: 1 ACPI AML tables successfully acquired and loaded
[    0.853172] ACPI: Interpreter enabled
[    0.853582] ACPI: PM: (supports S0 S3 S4 S5)
[    0.854022] ACPI: Using IOAPIC for interrupt routing
[    0.854638] PCI: Using host bridge windows from ACPI; if necessary, use "pci=nocrs" and report a bug
[    0.855553] PCI: Using E820 reservations for host bridge windows
[    0.857470] ACPI: Enabled 2 GPEs in block 00 to 0F
[    0.899977] ACPI: PCI Root Bridge [PCI0] (domain 0000 [bus 00-ff])
[    0.900308] acpi PNP0A03:00: _OSC: OS supports [ASPM ClockPM Segments MSI EDR HPX-Type3]
[    0.901122] acpi PNP0A03:00: _OSC: not requesting OS control; OS requires [ExtendedConfig ASPM ClockPM MSI]
[    0.902247] acpi PNP0A03:00: fail to add MMCONFIG information, can't access extended configuration space under this bridge
[    0.908298] acpiphp: Slot [3] registered
[    0.908848] acpiphp: Slot [4] registered
[    0.909379] acpiphp: Slot [5] registered
[    0.909926] acpiphp: Slot [6] registered
[    0.910459] acpiphp: Slot [7] registered
[    0.910991] acpiphp: Slot [8] registered
[    0.911520] acpiphp: Slot [9] registered
[    0.912065] acpiphp: Slot [10] registered
[    0.912428] acpiphp: Slot [11] registered
[    0.912971] acpiphp: Slot [12] registered
[    0.913513] acpiphp: Slot [13] registered
[    0.914054] acpiphp: Slot [14] registered
[    0.914604] acpiphp: Slot [15] registered
[    0.915140] acpiphp: Slot [16] registered
[    0.915686] acpiphp: Slot [17] registered
[    0.916224] acpiphp: Slot [18] registered
[    0.916461] acpiphp: Slot [19] registered
[    0.917014] acpiphp: Slot [20] registered
[    0.917559] acpiphp: Slot [21] registered
[    0.918096] acpiphp: Slot [22] registered
[    0.918645] acpiphp: Slot [23] registered
[    0.919182] acpiphp: Slot [24] registered
[    0.919724] acpiphp: Slot [25] registered
[    0.920272] acpiphp: Slot [26] registered
[    0.924441] acpiphp: Slot [27] registered
[    0.924983] acpiphp: Slot [28] registered
[    0.925522] acpiphp: Slot [29] registered
[    0.926063] acpiphp: Slot [30] registered
[    0.926604] acpiphp: Slot [31] registered
[    0.927079] PCI host bridge to bus 0000:00
[    0.927543] pci_bus 0000:00: root bus resource [io  0x0000-0x0cf7 window]
[    0.928221] pci_bus 0000:00: root bus resource [io  0x0d00-0xffff window]
[    0.928288] pci_bus 0000:00: root bus resource [mem 0x000a0000-0x000bffff window]
[    0.929027] pci_bus 0000:00: root bus resource [mem 0x80000000-0xfebfffff window]
[    0.929776] pci_bus 0000:00: root bus resource [mem 0x100000000-0x17fffffff window]
[    0.930534] pci_bus 0000:00: root bus resource [bus 00-ff]
[    0.931187] pci 0000:00:00.0: [8086:1237] type 00 class 0x060000 conventional PCI endpoint
[    0.941630] pci 0000:00:01.0: [8086:7000] type 00 class 0x060100 conventional PCI endpoint
[    0.943885] pci 0000:00:01.1: [8086:7010] type 00 class 0x010180 conventional PCI endpoint
[    0.944863] pci 0000:00:01.1: BAR 4 [io  0xc040-0xc04f]
[    0.945418] pci 0000:00:01.1: BAR 0 [io  0x01f0-0x01f7]: legacy IDE quirk
[    0.946095] pci 0000:00:01.1: BAR 1 [io  0x03f6]: legacy IDE quirk
[    0.946711] pci 0000:00:01.1: BAR 2 [io  0x0170-0x0177]: legacy IDE quirk
[    0.947388] pci 0000:00:01.1: BAR 3 [io  0x0376]: legacy IDE quirk
[    0.948559] pci 0000:00:01.3: [8086:7113] type 00 class 0x068000 conventional PCI endpoint
[    0.949702] pci 0000:00:01.3: quirk: [io  0x0600-0x063f] claimed by PIIX4 ACPI
[    0.950425] pci 0000:00:01.3: quirk: [io  0x0700-0x070f] claimed by PIIX4 SMB
[    0.951695] pci 0000:00:02.0: [1234:1111] type 00 class 0x030000 conventional PCI endpoint
[    0.953371] pci 0000:00:02.0: BAR 0 [mem 0xfd000000-0xfdffffff pref]
[    0.954027] pci 0000:00:02.0: BAR 2 [mem 0xfebf0000-0xfebf0fff]
[    0.954645] pci 0000:00:02.0: ROM [mem 0xfebe0000-0xfebeffff pref]
[    0.955356] pci 0000:00:02.0: Video device with shadowed ROM at [mem 0x000c0000-0x000dffff]
[    0.965246] pci 0000:00:03.0: [8086:100e] type 00 class 0x020000 conventional PCI endpoint
[    0.966976] pci 0000:00:03.0: BAR 0 [mem 0xfebc0000-0xfebdffff]
[    0.967578] pci 0000:00:03.0: BAR 1 [io  0xc000-0xc03f]
[    0.968133] pci 0000:00:03.0: ROM [mem 0xfeb80000-0xfebbffff pref]
[    0.991359] ACPI: PCI: Interrupt link LNKA configured for IRQ 10
[    0.992997] ACPI: PCI: Interrupt link LNKB configured for IRQ 10
[    0.994582] ACPI: PCI: Interrupt link LNKC configured for IRQ 11
[    0.996156] ACPI: PCI: Interrupt link LNKD configured for IRQ 11
[    0.996731] ACPI: PCI: Interrupt link LNKS configured for IRQ 9
[    1.000280] iommu: Default domain type: Translated
[    1.000290] iommu: DMA domain TLB invalidation policy: lazy mode
[    1.003591] SCSI subsystem initialized
[    1.004783] ACPI: bus type USB registered
[    1.005425] usbcore: registered new interface driver usbfs
[    1.006076] usbcore: registered new interface driver hub
[    1.006677] usbcore: registered new device driver usb
[    1.007525] pps_core: LinuxPPS API ver. 1 registered
[    1.008025] pps_core: Software ver. 5.3.6 - Copyright 2005-2007 Rodolfo Giometti <giometti@linux.it>
[    1.008319] PTP clock support registered
[    1.012404] EDAC MC: Ver: 3.0.0
[    1.018467] NetLabel: Initializing
[    1.018841] NetLabel:  domain hash size = 128
[    1.019287] NetLabel:  protocols = UNLABELED CIPSOv4 CALIPSO
[    1.019994] NetLabel:  unlabeled traffic allowed by default
[    1.020810] PCI: Using ACPI for IRQ routing
[    1.021618] pci 0000:00:02.0: vgaarb: setting as boot VGA device
[    1.022241] pci 0000:00:02.0: vgaarb: bridge control possible
[    1.022819] pci 0000:00:02.0: vgaarb: VGA device added: decodes=io+mem,owns=io+mem,locks=none
[    1.023704] vgaarb: loaded
[    1.024698] hpet0: at MMIO 0xfed00000, IRQs 2, 8, 0
[    1.025204] hpet0: 3 comparators, 64-bit 100.000000 MHz counter
[    1.033705] clocksource: Switched to clocksource kvm-clock
[    3.445730] VFS: Disk quotas dquot_6.6.0
[    3.447362] VFS: Dquot-cache hash table entries: 512 (order 0, 4096 bytes)
[    3.449657] pnp: PnP ACPI init
[    3.454274] pnp: PnP ACPI: found 6 devices
[    3.474585] clocksource: acpi_pm: mask: 0xffffff max_cycles: 0xffffff, max_idle_ns: 2085701024 ns
[    3.475996] NET: Registered PF_INET protocol family
[    3.476673] IP idents hash table entries: 32768 (order: 6, 262144 bytes, linear)
[    3.477882] Callback from call_rcu_tasks() invoked.
[    3.479484] tcp_listen_portaddr_hash hash table entries: 1024 (order: 5, 73728 bytes, linear)
[    3.480697] Table-perturb hash table entries: 65536 (order: 6, 262144 bytes, linear)
[    3.481574] TCP established hash table entries: 16384 (order: 5, 131072 bytes, linear)
[    3.482736] TCP bind hash table entries: 16384 (order: 10, 2359296 bytes, linear)
[    3.484654] TCP: Hash tables configured (established 16384 bind 16384)
[    3.485455] UDP hash table entries: 1024 (order: 6, 262144 bytes, linear)
[    3.486303] UDP-Lite hash table entries: 1024 (order: 6, 262144 bytes, linear)
[    3.487384] NET: Registered PF_UNIX/PF_LOCAL protocol family
[    3.488773] RPC: Registered named UNIX socket transport module.
[    3.489393] RPC: Registered udp transport module.
[    3.489892] RPC: Registered tcp transport module.
[    3.490371] RPC: Registered tcp-with-tls transport module.
[    3.490923] RPC: Registered tcp NFSv4.1 backchannel transport module.
[    3.491603] pci_bus 0000:00: resource 4 [io  0x0000-0x0cf7 window]
[    3.492232] pci_bus 0000:00: resource 5 [io  0x0d00-0xffff window]
[    3.492859] pci_bus 0000:00: resource 6 [mem 0x000a0000-0x000bffff window]
[    3.493554] pci_bus 0000:00: resource 7 [mem 0x80000000-0xfebfffff window]
[    3.494262] pci_bus 0000:00: resource 8 [mem 0x100000000-0x17fffffff window]
[    3.495342] pci 0000:00:01.0: PIIX3: Enabling Passive Release
[    3.495937] pci 0000:00:00.0: Limiting direct PCI/PCI transfers
[    3.496641] PCI: CLS 0 bytes, default 64
[    3.497510] ACPI: bus type thunderbolt registered
[    3.498411] clocksource: tsc: mask: 0xffffffffffffffff max_cycles: 0x1881273ac8e, max_idle_ns: 440795257284 ns
[    3.499523] sgx: There are zero EPC sections.
[    3.505611] Initialise system trusted keyrings
[    3.506223] Key type blacklist registered
[    3.506837] workingset: timestamp_bits=36 max_order=19 bucket_order=0
[    3.509395] squashfs: version 4.0 (2009/01/31) Phillip Lougher
[    3.511314] NFS: Registering the id_resolver key type
[    3.511848] Key type id_resolver registered
[    3.512280] Key type id_legacy registered
[    3.512733] nfs4filelayout_init: NFSv4 File Layout Driver Registering...
[    3.513434] nfs4flexfilelayout_init: NFSv4 Flexfile Layout Driver Registering...
[    3.514498] fuse: init (API version 7.45)
[    3.515486] SGI XFS with ACLs, security attributes, realtime, quota, no debug enabled
[    3.517497] 9p: Installing v9fs 9p2000 file system support
[    3.532770] Key type asymmetric registered
[    3.533204] Asymmetric key parser 'x509' registered
[    3.533827] Block layer SCSI generic (bsg) driver version 0.4 loaded (major 241)
[    3.534776] io scheduler mq-deadline registered
[    3.535345] io scheduler bfq registered
[    3.536158] ledtrig-cpu: registered to indicate activity on CPUs
[    3.538250] IPMI message handler: version 39.2
[    3.538779] ipmi device interface
[    3.541108] input: Power Button as /devices/LNXSYSTM:00/LNXPWRBN:00/input/input0
[    3.542429] ACPI: button: Power Button [PWRF]
[    3.544446] ERST DBG: ERST support is disabled.
[    3.546415] Serial: 8250/16550 driver, 32 ports, IRQ sharing enabled
[    3.548250] 00:04: ttyS0 at I/O 0x3f8 (irq = 4, base_baud = 115200) is a 16550A
[    3.577985] Linux agpgart interface v0.103
[    3.580829] ACPI: bus type drm_connector registered
[    3.605467] brd: module loaded
[    3.621213] loop: module loaded
[    3.630784] scsi host0: ata_piix
[    3.632252] scsi host1: ata_piix
[    3.633432] ata1: PATA max MWDMA2 cmd 0x1f0 ctl 0x3f6 bmdma 0xc040 irq 14 lpm-pol 0
[    3.634230] ata2: PATA max MWDMA2 cmd 0x170 ctl 0x376 bmdma 0xc048 irq 15 lpm-pol 0
[    3.637912] tun: Universal TUN/TAP device driver, 1.6
[    3.638797] e100: Intel(R) PRO/100 Network Driver
[    3.639266] e100: Copyright(c) 1999-2006 Intel Corporation
[    3.639933] e1000: Intel(R) PRO/1000 Network Driver
[    3.640415] e1000: Copyright (c) 1999-2006 Intel Corporation.
[    3.789998] ata1: found unknown device (class 0)
[    3.790820] ata2: found unknown device (class 0)
[    3.791786] ata2.00: ATAPI: QEMU DVD-ROM, 2.5+, max UDMA/100
[    3.793234] ata1.00: ATA-7: QEMU HARDDISK, 2.5+, max UDMA/100
[    3.793812] ata1.00: 17196647 sectors, multi 16: LBA48 
[    3.798433] scsi 0:0:0:0: Direct-Access     ATA      QEMU HARDDISK    2.5+ PQ: 0 ANSI: 5
[    3.806022] sd 0:0:0:0: Attached scsi generic sg0 type 0
[    3.806129] sd 0:0:0:0: [sda] 17196647 512-byte logical blocks: (8.80 GB/8.20 GiB)
[    3.807450] sd 0:0:0:0: [sda] Write Protect is off
[    3.808088] scsi 1:0:0:0: CD-ROM            QEMU     QEMU DVD-ROM     2.5+ PQ: 0 ANSI: 5
[    3.808135] sd 0:0:0:0: [sda] Write cache: enabled, read cache: enabled, doesn't support DPO or FUA
[    3.810190] sd 0:0:0:0: [sda] Preferred minimum I/O size 512 bytes
[    3.832577] scsi 1:0:0:0: Attached scsi generic sg1 type 5
[    3.834182] sd 0:0:0:0: [sda] Attached SCSI disk
[    4.448698] ACPI: \_SB_.LNKC: Enabled at IRQ 11
[    4.762392] e1000 0000:00:03.0 eth0: (PCI:33MHz:32-bit) 52:54:00:12:34:56
[    4.763116] e1000 0000:00:03.0 eth0: Intel(R) PRO/1000 Network Connection
[    4.763982] e1000e: Intel(R) PRO/1000 Network Driver
[    4.764491] e1000e: Copyright(c) 1999 - 2015 Intel Corporation.
[    4.765249] igb: Intel(R) Gigabit Ethernet Network Driver
[    4.765792] igb: Copyright (c) 2007-2014 Intel Corporation.
[    4.766749] PPP generic driver version 2.4.2
[    4.768569] VFIO - User Level meta-driver version: 0.3
[    4.770630] usbcore: registered new interface driver uas
[    4.771313] usbcore: registered new interface driver usb-storage
[    4.772194] i8042: PNP: PS/2 Controller [PNP0303:KBD,PNP0f13:MOU] at 0x60,0x64 irq 1,12
[    4.774039] serio: i8042 KBD port at 0x60,0x64 irq 1
[    4.774605] serio: i8042 AUX port at 0x60,0x64 irq 12
[    4.776188] mousedev: PS/2 mouse device common for all mice
[    4.778044] input: AT Translated Set 2 keyboard as /devices/platform/i8042/serio0/input/input1
[    4.779759] rtc_cmos 00:05: RTC can wake from S4
[    4.782393] rtc_cmos 00:05: registered as rtc0
[    4.782937] rtc_cmos 00:05: setting system clock to 2026-03-12T19:50:15 UTC (1773345015)
[    4.784081] rtc_cmos 00:05: alarms up to one day, y3k, 242 bytes nvram, hpet irqs
[    4.784902] i2c_dev: i2c /dev entries driver
[    4.785451] device-mapper: core: CONFIG_IMA_DISABLE_HTABLE is disabled. Duplicate IMA measurements will not be recorded in the IMA log.
[    4.786879] device-mapper: uevent: version 1.0.3
[    4.787883] input: VirtualPS/2 VMware VMMouse as /devices/platform/i8042/serio1/input/input4
[    4.789804] input: VirtualPS/2 VMware VMMouse as /devices/platform/i8042/serio1/input/input3
[    4.791541] device-mapper: ioctl: 4.50.0-ioctl (2025-04-28) initialised: dm-devel@lists.linux.dev
[    4.792454] intel_pstate: CPU model not supported
[    4.793190] sdhci: Secure Digital Host Controller Interface driver
[    4.793796] sdhci: Copyright(c) Pierre Ossman
[    4.794462] sdhci-pltfm: SDHCI platform and OF driver helper
[    4.795637] drop_monitor: Initializing network drop monitor service
[    4.796615] NET: Registered PF_INET6 protocol family
[    4.798853] Segment Routing with IPv6
[    4.799323] In-situ OAM (IOAM) with IPv6
[    4.799793] NET: Registered PF_PACKET protocol family
[    4.800519] 9pnet: Installing 9P2000 support
[    4.801077] Key type dns_resolver registered
[    4.803112] IPI shorthand broadcast: enabled
[    4.863340] sched_clock: Marking stable (4840004558, 21843355)->(4865430006, -3582093)
[    4.864975] registered taskstats version 1
[    4.865840] Loading compiled-in X.509 certificates
[    4.946452] Demotion targets for Node 0: null
[    4.948291] Key type .fscrypt registered
[    4.948723] Key type fscrypt-provisioning registered
[    4.951530] Key type encrypted registered
[    4.951973] ima: No TPM chip found, activating TPM-bypass!
[    4.952551] ima: Allocated hash algorithm: sha1
[    4.953071] ima: No architecture policies found
[    4.953688] evm: Initialising EVM extended attributes:
[    4.954228] evm: security.selinux
[    4.954573] evm: security.SMACK64
[    4.954912] evm: security.SMACK64EXEC
[    4.955288] evm: security.SMACK64TRANSMUTE
[    4.955701] evm: security.SMACK64MMAP
[    4.956073] evm: security.apparmor
[    4.956425] evm: security.ima
[    4.956729] evm: security.capability
[    4.957094] evm: HMAC attrs: 0x1
[    4.960000] PM:   Magic number: 2:686:849
[    4.960536] graphics fbcon: hash matches
[    4.961624] RAS: Correctable Errors collector initialized.
[    4.962447] clk: Disabling unused clocks
[    4.962883] PM: genpd: Disabling unused power domains
[    4.964082] check access for rdinit=/init failed: -2, ignoring
[    4.964498] md: Waiting for all devices to be available before autodetect
[    4.964951] md: If you don't use raid, use raid=noautodetect
[    4.965354] md: Autodetecting RAID arrays.
[    4.965643] md: autorun ...
[    4.965838] md: ... autorun DONE.
[    4.971717] EXT4-fs (sda): INFO: recovery required on readonly filesystem
[    4.972214] EXT4-fs (sda): write access will be enabled during recovery
[    5.197154] EXT4-fs (sda): recovery complete
[    5.198718] EXT4-fs (sda): mounted filesystem 088740a9-c8b4-422c-999d-a804eb68a4da ro with ordered data mode. Quota mode: none.
[    5.199588] VFS: Mounted root (ext4 filesystem) readonly on device 8:0.
[    5.201595] devtmpfs: mounted
[    5.221864] Freeing unused decrypted memory: 2036K
[    5.227557] Freeing unused kernel image (initmem) memory: 16412K
[    5.228186] Write protecting the kernel read-only data: 102400k
[    5.230698] Freeing unused kernel image (text/rodata gap) memory: 992K
[    5.232292] Freeing unused kernel image (rodata/data gap) memory: 1664K
[    6.170088] x86/mm: Checked W+X mappings: passed, no W+X pages found.
[    6.170620] Run /sbin/init as init process
[    6.294994] systemd[1]: systemd 252-15.el9 running in system mode (+PAM +AUDIT +SELINUX -APPARMOR +IMA +SMACK +SECCOMP +GCRYPT +GNUTLS +OPENSSL +ACL +BLKID +CURL +ELFUTILS -FIDO2 +IDN2 -IDN -IPTC +KMOD +LIBCRYPTSETUP +LIBFDISK +PCRE2 -PWQUALITY +P11KIT -QRENCODE +TPM2 +BZIP2 +LZ4 +XZ +ZLIB +ZSTD -BPF_FRAMEWORK +XKBCOMMON +UTMP +SYSVINIT default-hierarchy=unified)
[    6.297124] systemd[1]: Detected virtualization kvm.
[    6.297480] systemd[1]: Detected architecture x86-64.

Welcome to [0;31mCentOS Stream 9[0m!

[    6.301498] systemd[1]: Hostname set to <test>.
[    6.507528] systemd-rc-local-generator[125]: /etc/rc.d/rc.local is not marked executable, skipping.
[    6.771220] systemd[1]: Queued start job for default target Multi-User System.
[    6.788433] systemd[1]: Created slice Virtual Machine and Container Slice.
[[0;32m  OK  [0m] Created slice [0;1;39mVirtual Machine and Container Slice[0m.
[    6.793523] systemd[1]: Created slice Slice /system/getty.
[[0;32m  OK  [0m] Created slice [0;1;39mSlice /system/getty[0m.
[    6.796437] systemd[1]: Created slice Slice /system/modprobe.
[[0;32m  OK  [0m] Created slice [0;1;39mSlice /system/modprobe[0m.
[    6.799552] systemd[1]: Created slice Slice /system/serial-getty.
[[0;32m  OK  [0m] Created slice [0;1;39mSlice /system/serial-getty[0m.
[    6.802517] systemd[1]: Created slice Slice /system/sshd-keygen.
[[0;32m  OK  [0m] Created slice [0;1;39mSlice /system/sshd-keygen[0m.
[    6.805418] systemd[1]: Created slice User and Session Slice.
[[0;32m  OK  [0m] Created slice [0;1;39mUser and Session Slice[0m.
[    6.806836] systemd[1]: Started Forward Password Requests to Wall Directory Watch.
[[0;32m  OK  [0m] Started [0;1;39mForward Password R…uests to Wall Directory Watch[0m.
[    6.809019] systemd[1]: Set up automount Arbitrary Executable File Formats File System Automount Point.
[[0;32m  OK  [0m] Set up automount [0;1;39mArbitrary…s File System Automount Point[0m.
[    6.810565] systemd[1]: Reached target Local Integrity Protected Volumes.
[[0;32m  OK  [0m] Reached target [0;1;39mLocal Integrity Protected Volumes[0m.
[    6.811751] systemd[1]: Reached target Slice Units.
[[0;32m  OK  [0m] Reached target [0;1;39mSlice Units[0m.
[    6.812651] systemd[1]: Reached target Swaps.
[[0;32m  OK  [0m] Reached target [0;1;39mSwaps[0m.
[    6.813480] systemd[1]: Reached target Local Verity Protected Volumes.
[[0;32m  OK  [0m] Reached target [0;1;39mLocal Verity Protected Volumes[0m.
[    6.814965] systemd[1]: Listening on Device-mapper event daemon FIFOs.
[[0;32m  OK  [0m] Listening on [0;1;39mDevice-mapper event daemon FIFOs[0m.
[    6.816701] systemd[1]: Listening on LVM2 poll daemon socket.
[[0;32m  OK  [0m] Listening on [0;1;39mLVM2 poll daemon socket[0m.
[    6.818002] systemd[1]: multipathd control socket was skipped because of an unmet condition check (ConditionPathExists=/etc/multipath.conf).
[    6.846597] systemd[1]: Listening on RPCbind Server Activation Socket.
[[0;32m  OK  [0m] Listening on [0;1;39mRPCbind Server Activation Socket[0m.
[    6.847888] systemd[1]: Reached target RPC Port Mapper.
[[0;32m  OK  [0m] Reached target [0;1;39mRPC Port Mapper[0m.
[    6.852021] systemd[1]: Listening on Process Core Dump Socket.
[[0;32m  OK  [0m] Listening on [0;1;39mProcess Core Dump Socket[0m.
[    6.853455] systemd[1]: Listening on initctl Compatibility Named Pipe.
[[0;32m  OK  [0m] Listening on [0;1;39minitctl Compatibility Named Pipe[0m.
[    6.855253] systemd[1]: Listening on Journal Socket (/dev/log).
[[0;32m  OK  [0m] Listening on [0;1;39mJournal Socket (/dev/log)[0m.
[    6.856841] systemd[1]: Listening on Journal Socket.
[[0;32m  OK  [0m] Listening on [0;1;39mJournal Socket[0m.
[    6.858595] systemd[1]: Listening on udev Control Socket.
[[0;32m  OK  [0m] Listening on [0;1;39mudev Control Socket[0m.
[    6.859978] systemd[1]: Listening on udev Kernel Socket.
[[0;32m  OK  [0m] Listening on [0;1;39mudev Kernel Socket[0m.
[    6.894119] systemd[1]: Mounting Huge Pages File System...
         Mounting [0;1;39mHuge Pages File System[0m...
[    6.904672] systemd[1]: Mounting POSIX Message Queue File System...
         Mounting [0;1;39mPOSIX Message Queue File System[0m...
[    6.911574] systemd[1]: Mounting Kernel Debug File System...
         Mounting [0;1;39mKernel Debug File System[0m...
[    6.938657] systemd[1]: Mounting Kernel Trace File System...
         Mounting [0;1;39mKernel Trace File System[0m...
[    6.939901] systemd[1]: Kernel Module supporting RPCSEC_GSS was skipped because of an unmet condition check (ConditionPathExists=/etc/krb5.keytab).
[    6.940910] systemd[1]: Create List of Static Device Nodes was skipped because of an unmet condition check (ConditionFileNotEmpty=/lib/modules/6.19.0-rc1-5e7fa6bfa9b5+/modules.devname).
[    6.947550] systemd[1]: Starting Monitoring of LVM2 mirrors, snapshots etc. using dmeventd or progress polling...
         Starting [0;1;39mMonitoring of LVM…meventd or progress polling[0m...
[    6.957898] systemd[1]: Starting Load Kernel Module configfs...
         Starting [0;1;39mLoad Kernel Module configfs[0m...
[    6.978164] systemd[1]: Starting Load Kernel Module drm...
         Starting [0;1;39mLoad Kernel Module drm[0m...
[    6.991672] systemd[1]: Starting Load Kernel Module fuse...
         Starting [0;1;39mLoad Kernel Module fuse[0m...
[    7.005462] systemd[1]: Starting Read and set NIS domainname from /etc/sysconfig/network...
         Starting [0;1;39mRead and set NIS …from /etc/sysconfig/network[0m...
[    7.034339] systemd[1]: Starting Journal Service...
         Starting [0;1;39mJournal Service[0m...
[    7.046482] systemd[1]: Starting Load Kernel Modules...
         Starting [0;1;39mLoad Kernel Modules[0m...
[    7.054446] systemd[1]: Starting Generate network units from Kernel command line...
         Starting [0;1;39mGenerate network …ts from Kernel command line[0m...
[    7.065068] systemd[1]: Starting Remount Root and Kernel File Systems...
         Starting [0;1;39mRemount Root and Kernel File Systems[0m...
[    7.066892] systemd[1]: Repartition Root Disk was skipped because no trigger condition checks were met.
[    7.110383] systemd[1]: Starting Coldplug All udev Devices...
         Starting [0;1;39mColdplug All udev Devices[0m...
[    7.120165] systemd[1]: Mounted Huge Pages File System.
[[0;32m  OK  [0m] Mounted [0;1;39mHuge Pages File System[0m.
[    7.123925] systemd[1]: Mounted POSIX Message Queue File System.
[[0;32m  OK  [0m] Mounted [0;1;39mPOSIX Message Queue File System[0m.
[    7.125983] EXT4-fs (sda): re-mounted 088740a9-c8b4-422c-999d-a804eb68a4da r/w.
[    7.134069] systemd[1]: Mounted Kernel Debug File System.
[[0;32m  OK  [0m] Mounted [0;1;39mKernel Debug File System[0m.
[    7.135784] systemd[1]: Mounted Kernel Trace File System.
[[0;32m  OK  [0m] Mounted [0;1;39mKernel Trace File System[0m.
[    7.143569] systemd[1]: Finished Monitoring of LVM2 mirrors, snapshots etc. using dmeventd or progress polling.
[[0;32m  OK  [0m] Finished [0;1;39mMonitoring of LVM… dmeventd or progress polling[0m.
[    7.149633] systemd[1]: modprobe@configfs.service: Deactivated successfully.
[    7.159444] systemd[1]: Finished Load Kernel Module configfs.
[[0;32m  OK  [0m] Finished [0;1;39mLoad Kernel Module configfs[0m.
[    7.163352] systemd[1]: modprobe@drm.service: Deactivated successfully.
[    7.169960] systemd[1]: Finished Load Kernel Module drm.
[[0;32m  OK  [0m] Finished [0;1;39mLoad Kernel Module drm[0m.
[    7.172359] systemd[1]: modprobe@fuse.service: Deactivated successfully.
[    7.177980] systemd[1]: Finished Load Kernel Module fuse.
[[0;32m  OK  [0m] Finished [0;1;39mLoad Kernel Module fuse[0m.
[    7.181985] systemd[1]: Finished Read and set NIS domainname from /etc/sysconfig/network.
[[0;32m  OK  [0m] Finished [0;1;39mRead and set NIS …e from /etc/sysconfig/network[0m.
[    7.185554] systemd[1]: systemd-modules-load.service: Main process exited, code=exited, status=1/FAILURE
[    7.190679] systemd[1]: systemd-modules-load.service: Failed with result 'exit-code'.
[    7.192404] systemd[1]: Failed to start Load Kernel Modules.
[[0;1;31mFAILED[0m] Failed to start [0;1;39mLoad Kernel Modules[0m.
See 'systemctl status systemd-modules-load.service' for details.
[    7.198943] systemd[1]: Started Journal Service.
[[0;32m  OK  [0m] Started [0;1;39mJournal Service[0m.
[[0;32m  OK  [0m] Finished [0;1;39mGenerate network units from Kernel command line[0m.
[[0;32m  OK  [0m] Finished [0;1;39mRemount Root and Kernel File Systems[0m.
[[0;32m  OK  [0m] Reached target [0;1;39mPreparation for Network[0m.
         Mounting [0;1;39mFUSE Control File System[0m...
         Mounting [0;1;39mKernel Configuration File System[0m...
         Starting [0;1;39mFlush Journal to Persistent Storage[0m...
         Starting [0;1;39mLoad/Save Random Seed[0m...
[    7.291531] systemd-journald[144]: Received client request to flush runtime journal.
         Starting [0;1;39mApply Kernel Variables[0m...
         Starting [0;1;39mCreate Static Device Nodes in /dev[0m...
         Starting [0;1;39mSetup Virtual Console[0m...
[[0;32m  OK  [0m] Mounted [0;1;39mFUSE Control File System[0m.
[[0;32m  OK  [0m] Mounted [0;1;39mKernel Configuration File System[0m.
[[0;32m  OK  [0m] Finished [0;1;39mFlush Journal to Persistent Storage[0m.
[[0;32m  OK  [0m] Finished [0;1;39mLoad/Save Random Seed[0m.
[[0;32m  OK  [0m] Finished [0;1;39mApply Kernel Variables[0m.
[[0;32m  OK  [0m] Finished [0;1;39mCreate Static Device Nodes in /dev[0m.
         Starting [0;1;39mRule-based Manage…for Device Events and Files[0m...
[[0;32m  OK  [0m] Started [0;1;39mRule-based Manager for Device Events and Files[0m.
         Starting [0;1;39mAuto-connect to s…E devices found during boot[0m...
[[0;32m  OK  [0m] Finished [0;1;39mAuto-connect to s…VME devices found during boot[0m.
[[0;32m  OK  [0m] Finished [0;1;39mSetup Virtual Console[0m.
[[0;32m  OK  [0m] Finished [0;1;39mColdplug All udev Devices[0m.
         Starting [0;1;39mShow Plymouth Boot Screen[0m...
         Starting [0;1;39mWait for udev To …plete Device Initialization[0m...
[2J[3J[-1;-1f[[0;32m  OK  [0m] Started [0;1;39mShow Plymouth Boot Screen[0m.
[[0;32m  OK  [0m] Started [0;1;39mForward Password R…s to Plymouth Directory Watch[0m.
[[0;32m  OK  [0m] Reached target [0;1;39mLocal Encrypted Volumes[0m.
[[0;32m  OK  [0m] Reached target [0;1;39mPath Units[0m.
[[0;32m  OK  [0m] Found device [0;1;39m/dev/ttyS0[0m.
[[0;32m  OK  [0m] Listening on [0;1;39mLoad/Save RF …itch Status /dev/rfkill Watch[0m.
[[0;32m  OK  [0m] Finished [0;1;39mWait for udev To Complete Device Initialization[0m.
[[0;32m  OK  [0m] Reached target [0;1;39mPreparation for Local File Systems[0m.
[[0;32m  OK  [0m] Reached target [0;1;39mLocal File Systems[0m.
         Starting [0;1;39mTell Plymouth To Write Out Runtime Data[0m...
         Starting [0;1;39mAutomatic Boot Loader Update[0m...
         Starting [0;1;39mCreate Volatile Files and Directories[0m...
[[0;32m  OK  [0m] Finished [0;1;39mTell Plymouth To Write Out Runtime Data[0m.
[[0;32m  OK  [0m] Finished [0;1;39mAutomatic Boot Loader Update[0m.
[[0;32m  OK  [0m] Finished [0;1;39mCreate Volatile Files and Directories[0m.
         Mounting [0;1;39mRPC Pipe File System[0m...
         Starting [0;1;39mSecurity Auditing Service[0m...
         Starting [0;1;39mRPC Bind[0m...
[[0;32m  OK  [0m] Mounted [0;1;39mRPC Pipe File System[0m.
[[0;32m  OK  [0m] Reached target [0;1;39mrpc_pipefs.target[0m.
[[0;32m  OK  [0m] Started [0;1;39mRPC Bind[0m.
[[0;32m  OK  [0m] Started [0;1;39mSecurity Auditing Service[0m.
         Starting [0;1;39mRecord System Boot/Shutdown in UTMP[0m...
[[0;32m  OK  [0m] Finished [0;1;39mRecord System Boot/Shutdown in UTMP[0m.
[[0;32m  OK  [0m] Reached target [0;1;39mSystem Initialization[0m.
[[0;32m  OK  [0m] Started [0;1;39mDaily rotation of log files[0m.
[[0;32m  OK  [0m] Started [0;1;39mUpdates mlocate database every day[0m.
[[0;32m  OK  [0m] Started [0;1;39mDaily Cleanup of Temporary Directories[0m.
[[0;32m  OK  [0m] Started [0;1;39mdaily update of the root trust anchor for DNSSEC[0m.
[[0;32m  OK  [0m] Reached target [0;1;39mTimer Units[0m.
[[0;32m  OK  [0m] Listening on [0;1;39mD-Bus System Message Bus Socket[0m.
[[0;32m  OK  [0m] Listening on [0;1;39mOpen-iSCSI iscsid Socket[0m.
[[0;32m  OK  [0m] Listening on [0;1;39mOpen-iSCSI iscsiuio Socket[0m.
[[0;32m  OK  [0m] Listening on [0;1;39mSSSD Kerberos…ache Manager responder socket[0m.
[[0;32m  OK  [0m] Listening on [0;1;39mLibvirt interface local socket[0m.
[[0;32m  OK  [0m] Listening on [0;1;39mVirtual machine lock manager socket[0m.
[[0;32m  OK  [0m] Listening on [0;1;39mVirtual machine log manager socket[0m.
[[0;32m  OK  [0m] Listening on [0;1;39mLibvirt network local socket[0m.
[[0;32m  OK  [0m] Listening on [0;1;39mLibvirt nodedev local socket[0m.
[[0;32m  OK  [0m] Listening on [0;1;39mLibvirt nwfilter local socket[0m.
[[0;32m  OK  [0m] Listening on [0;1;39mLibvirt proxy local socket[0m.
[[0;32m  OK  [0m] Listening on [0;1;39mLibvirt qemu local socket[0m.
[[0;32m  OK  [0m] Listening on [0;1;39mLibvirt qemu admin socket[0m.
[[0;32m  OK  [0m] Listening on [0;1;39mLibvirt qemu local read-only socket[0m.
[[0;32m  OK  [0m] Listening on [0;1;39mLibvirt secret local socket[0m.
[[0;32m  OK  [0m] Listening on [0;1;39mLibvirt storage local socket[0m.
[[0;32m  OK  [0m] Reached target [0;1;39mSocket Units[0m.
         Starting [0;1;39mD-Bus System Message Bus[0m...
[[0;32m  OK  [0m] Started [0;1;39mD-Bus System Message Bus[0m.
[[0;32m  OK  [0m] Reached target [0;1;39mBasic System[0m.
         Starting [0;1;39mNetwork Manager[0m...
         Starting [0;1;39mNTP client/server[0m...
         Starting [0;1;39mRestore /run/initramfs on shutdown[0m...
[[0;32m  OK  [0m] Started [0;1;39mirqbalance daemon[0m.
[[0;32m  OK  [0m] Started [0;1;39mlibstoragemgmt plug-in server daemon[0m.
[[0;32m  OK  [0m] Started [0;1;39mMachine Check Exception Logging Daemon[0m.
[[0;32m  OK  [0m] Reached target [0;1;39msshd-keygen.target[0m.
[[0;32m  OK  [0m] Reached target [0;1;39mUser and Group Name Lookups[0m.
         Starting [0;1;39mUser Login Management[0m...
         Starting [0;1;39mVirtual Machine a…tainer Registration Service[0m...
[[0;32m  OK  [0m] Finished [0;1;39mRestore /run/initramfs on shutdown[0m.
[[0;32m  OK  [0m] Started [0;1;39mVirtual Machine an…ontainer Registration Service[0m.
         Starting [0;1;39mHostname Service[0m...
[[0;32m  OK  [0m] Started [0;1;39mNTP client/server[0m.
[[0;32m  OK  [0m] Started [0;1;39mUser Login Management[0m.
[[0;32m  OK  [0m] Started [0;1;39mHostname Service[0m.
         Starting [0;1;39mNetwork Manager Script Dispatcher Service[0m...
[[0;32m  OK  [0m] Started [0;1;39mNetwork Manager Script Dispatcher Service[0m.
[   10.574073] e1000: eth0 NIC Link is Up 1000 Mbps Full Duplex, Flow Control: RX
[[0;32m  OK  [0m] Started [0;1;39mNetwork Manager[0m.
[[0;32m  OK  [0m] Reached target [0;1;39mNetwork[0m.
[[0;32m  OK  [0m] Reached target [0;1;39mNetwork is Online[0m.
         Starting [0;1;39mGSSAPI Proxy Daemon[0m...
         Starting [0;1;39mNotify NFS peers of a restart[0m...
         Starting [0;1;39mSystem Logging Service[0m...
         Starting [0;1;39mOpenSSH server daemon[0m...
         Starting [0;1;39mDynamic System Tuning Daemon[0m...
[[0;32m  OK  [0m] Started [0;1;39mNotify NFS peers of a restart[0m.
[[0;32m  OK  [0m] Started [0;1;39mOpenSSH server daemon[0m.
[[0;32m  OK  [0m] Started [0;1;39mGSSAPI Proxy Daemon[0m.
[[0;32m  OK  [0m] Reached target [0;1;39mNFS client services[0m.
[[0;32m  OK  [0m] Reached target [0;1;39mPreparation for Remote File Systems[0m.
[[0;32m  OK  [0m] Reached target [0;1;39mRemote File Systems[0m.
         Starting [0;1;39mPermit User Sessions[0m...
         Starting [0;1;39mVirtualization qemu daemon[0m...
[[0;32m  OK  [0m] Finished [0;1;39mPermit User Sessions[0m.
[[0;32m  OK  [0m] Started [0;1;39mDeferred execution scheduler[0m.
[[0;32m  OK  [0m] Started [0;1;39mCommand Scheduler[0m.
         Starting [0;1;39mHold until boot process finishes up[0m...
         Starting [0;1;39mTerminate Plymouth Boot Screen[0m...
[[0;32m  OK  [0m] Started [0;1;39mSystem Logging Service[0m.
[[0;32m  OK  [0m] Started [0;1;39mVirtualization qemu daemon[0m.

CentOS Stream 9
Kernel 6.19.0-rc1-5e7fa6bfa9b5+ on an x86_64

Activate the web console with: systemctl enable --now cockpit.socket

test login: 