c[?7l[2J[0mSeaBIOS (version rel-1.16.0-0-gd239552ce722-prebuilt.qemu.org)


iPXE (http://ipxe.org) 00:03.0 CA00 PCI2.10 PnP PMM+7FF91000+7FEF1000 CA00
Press Ctrl-B to configure iPXE (PCI 00:03.0)...                                                                               


Booting from ROM..c[?7l[2J[    0.000000] Linux version 6.19.0-rc1-6cbfdf89470e+ (root@gnr-bkc) (gcc (GCC) 11.5.0 20240719 (Red Hat 11.5.0-14), GNU ld version 2.35.2-54.el9) #1 SMP PREEMPT_DYNAMIC Fri Mar 13 02:24:04 CST 2026
[    0.000000] Command line: console=ttyS0 root=/dev/sda earlyprintk=serial net.ifnames=0 thunderbolt.dyndbg
[    0.000000] KERNEL supported cpus:
[    0.000000]   Intel GenuineIntel
[    0.000000]   AMD AuthenticAMD
[    0.000000]   Hygon HygonGenuine
[    0.000000]   Centaur CentaurHauls
[    0.000000]   zhaoxin   Shanghai  
[    0.000000] x86/split lock detection: #DB: warning on user-space bus_locks
[    0.000000] BIOS-provided physical RAM map:
[    0.000000] BIOS-e820: [mem 0x0000000000000000-0x000000000009fbff] usable
[    0.000000] BIOS-e820: [mem 0x000000000009fc00-0x000000000009ffff] reserved
[    0.000000] BIOS-e820: [mem 0x00000000000f0000-0x00000000000fffff] reserved
[    0.000000] BIOS-e820: [mem 0x0000000000100000-0x000000007ffdffff] usable
[    0.000000] BIOS-e820: [mem 0x000000007ffe0000-0x000000007fffffff] reserved
[    0.000000] BIOS-e820: [mem 0x00000000feffc000-0x00000000feffffff] reserved
[    0.000000] BIOS-e820: [mem 0x00000000fffc0000-0x00000000ffffffff] reserved
[    0.000000] printk: legacy bootconsole [earlyser0] enabled
[    0.000000] NX (Execute Disable) protection: active
[    0.000000] APIC: Static calls initialized
[    0.000000] SMBIOS 2.8 present.
[    0.000000] DMI: QEMU Standard PC (i440FX + PIIX, 1996), BIOS rel-1.16.0-0-gd239552ce722-prebuilt.qemu.org 04/01/2014
[    0.000000] DMI: Memory slots populated: 1/1
[    0.000000] Hypervisor detected: KVM
[    0.000000] last_pfn = 0x7ffe0 max_arch_pfn = 0x10000000000
[    0.000000] kvm-clock: Using msrs 4b564d01 and 4b564d00
[    0.000003] kvm-clock: using sched offset of 686209632 cycles
[    0.000521] clocksource: kvm-clock: mask: 0xffffffffffffffff max_cycles: 0x1cd42e4dffb, max_idle_ns: 881590591483 ns
[    0.002131] tsc: Detected 1700.000 MHz processor
[    0.009799] last_pfn = 0x7ffe0 max_arch_pfn = 0x10000000000
[    0.010394] MTRR map: 4 entries (3 fixed + 1 variable; max 19), built from 8 variable MTRRs
[    0.011226] x86/PAT: Configuration [0-7]: WB  WC  UC- UC  WB  WP  UC- WT  
[    0.017034] found SMP MP-table at [mem 0x000f5ba0-0x000f5baf]
[    0.017653] Using GB pages for direct mapping
[    0.020182] ACPI: Early table checksum verification disabled
[    0.020765] ACPI: RSDP 0x00000000000F59C0 000014 (v00 BOCHS )
[    0.021353] ACPI: RSDT 0x000000007FFE1951 000034 (v01 BOCHS  BXPC     00000001 BXPC 00000001)
[    0.022228] ACPI: FACP 0x000000007FFE17FD 000074 (v01 BOCHS  BXPC     00000001 BXPC 00000001)
[    0.023105] ACPI: DSDT 0x000000007FFE0040 0017BD (v01 BOCHS  BXPC     00000001 BXPC 00000001)
[    0.023974] ACPI: FACS 0x000000007FFE0000 000040
[    0.024450] ACPI: APIC 0x000000007FFE1871 000080 (v01 BOCHS  BXPC     00000001 BXPC 00000001)
[    0.025318] ACPI: HPET 0x000000007FFE18F1 000038 (v01 BOCHS  BXPC     00000001 BXPC 00000001)
[    0.026187] ACPI: WAET 0x000000007FFE1929 000028 (v01 BOCHS  BXPC     00000001 BXPC 00000001)
[    0.027045] ACPI: Reserving FACP table memory at [mem 0x7ffe17fd-0x7ffe1870]
[    0.027746] ACPI: Reserving DSDT table memory at [mem 0x7ffe0040-0x7ffe17fc]
[    0.028441] ACPI: Reserving FACS table memory at [mem 0x7ffe0000-0x7ffe003f]
[    0.029144] ACPI: Reserving APIC table memory at [mem 0x7ffe1871-0x7ffe18f0]
[    0.029845] ACPI: Reserving HPET table memory at [mem 0x7ffe18f1-0x7ffe1928]
[    0.030547] ACPI: Reserving WAET table memory at [mem 0x7ffe1929-0x7ffe1950]
[    0.032131] No NUMA configuration found
[    0.032519] Faking a node at [mem 0x0000000000000000-0x000000007ffdffff]
[    0.033231] NODE_DATA(0) allocated [mem 0x7ffb4ec0-0x7ffdfcbf]
[    0.034904] Zone ranges:
[    0.035176]   DMA      [mem 0x0000000000001000-0x0000000000ffffff]
[    0.035800]   DMA32    [mem 0x0000000001000000-0x000000007ffdffff]
[    0.036417]   Normal   empty
[    0.036715]   Device   empty
[    0.037007] Movable zone start for each node
[    0.037444] Early memory node ranges
[    0.037809]   node   0: [mem 0x0000000000001000-0x000000000009efff]
[    0.038430]   node   0: [mem 0x0000000000100000-0x000000007ffdffff]
[    0.039060] Initmem setup node 0 [mem 0x0000000000001000-0x000000007ffdffff]
[    0.040097] On node 0, zone DMA: 1 pages in unavailable ranges
[    0.040861] On node 0, zone DMA: 97 pages in unavailable ranges
[    0.068312] On node 0, zone DMA32: 32 pages in unavailable ranges
[    0.127911] KernelAddressSanitizer initialized (generic)
[    0.128767] ACPI: PM-Timer IO Port: 0x608
[    0.129194] ACPI: LAPIC_NMI (acpi_id[0xff] dfl dfl lint[0x1])
[    0.129821] IOAPIC[0]: apic_id 0, version 17, address 0xfec00000, GSI 0-23
[    0.130523] ACPI: INT_SRC_OVR (bus 0 bus_irq 0 global_irq 2 dfl dfl)
[    0.131154] ACPI: INT_SRC_OVR (bus 0 bus_irq 5 global_irq 5 high level)
[    0.131814] ACPI: INT_SRC_OVR (bus 0 bus_irq 9 global_irq 9 high level)
[    0.132466] ACPI: INT_SRC_OVR (bus 0 bus_irq 10 global_irq 10 high level)
[    0.133142] ACPI: INT_SRC_OVR (bus 0 bus_irq 11 global_irq 11 high level)
[    0.133827] ACPI: Using ACPI (MADT) for SMP configuration information
[    0.134458] ACPI: HPET id: 0x8086a201 base: 0xfed00000
[    0.134978] TSC deadline timer available
[    0.135374] CPU topo: Max. logical packages:   1
[    0.135834] CPU topo: Max. logical dies:       1
[    0.136289] CPU topo: Max. dies per package:   1
[    0.136761] CPU topo: Max. threads per core:   1
[    0.137214] CPU topo: Num. cores per package:     2
[    0.137700] CPU topo: Num. threads per package:   2
[    0.138182] CPU topo: Allowing 2 present CPUs plus 0 hotplug CPUs
[    0.138833] kvm-guest: APIC: eoi() replaced with kvm_guest_apic_eoi_write()
[    0.139553] kvm-guest: KVM setup pv remote TLB flush
[    0.140039] kvm-guest: setup PV sched yield
[    0.140496] PM: hibernation: Registered nosave memory: [mem 0x00000000-0x00000fff]
[    0.141251] PM: hibernation: Registered nosave memory: [mem 0x0009f000-0x000fffff]
[    0.142003] [mem 0x80000000-0xfeffbfff] available for PCI devices
[    0.142619] Booting paravirtualized kernel on KVM
[    0.143087] clocksource: refined-jiffies: mask: 0xffffffff max_cycles: 0xffffffff, max_idle_ns: 7645519600211568 ns
[    0.144129] setup_percpu: NR_CPUS:8192 nr_cpumask_bits:2 nr_cpu_ids:2 nr_node_ids:1
[    0.145454] percpu: Embedded 81 pages/cpu s294912 r8192 d28672 u1048576
[    0.146302] kvm-guest: PV spinlocks enabled
[    0.146740] PV qspinlock hash table entries: 256 (order: 0, 4096 bytes, linear)
[    0.147486] Kernel command line: net.ifnames=0 console=ttyS0 root=/dev/sda earlyprintk=serial net.ifnames=0 thunderbolt.dyndbg
[    0.148921] random: crng init done
[    0.149265] printk: log buffer data + meta data: 262144 + 917504 = 1179648 bytes
[    0.150526] Dentry cache hash table entries: 262144 (order: 9, 2097152 bytes, linear)
[    0.151758] Inode-cache hash table entries: 131072 (order: 8, 1048576 bytes, linear)
[    0.152822] Fallback order for Node 0: 0 
[    0.152833] Built 1 zonelists, mobility grouping on.  Total pages: 524158
[    0.153888] Policy zone: DMA32
[    0.154190] mem auto-init: stack:off, heap alloc:off, heap free:off
[    0.154805] stackdepot: allocating hash table via alloc_large_system_hash
[    0.155469] stackdepot hash table entries: 1048576 (order: 12, 16777216 bytes, linear)
[    0.159602] stackdepot: allocating space for 8192 stack pools via memblock
[    0.197436] SLUB: HWalign=64, Order=0-3, MinObjects=0, CPUs=2, Nodes=1
[    0.198094] kmemleak: Kernel memory leak detector disabled
[    0.234376] ftrace: allocating 75258 entries in 296 pages
[    0.234908] ftrace: allocated 296 pages with 3 groups
[    0.239692] Dynamic Preempt: voluntary
[    0.240579] Running RCU self tests
[    0.240905] Running RCU synchronous self tests
[    0.241327] rcu: Preemptible hierarchical RCU implementation.
[    0.241879] rcu: 	RCU lockdep checking is enabled.
[    0.242335] rcu: 	RCU restricting CPUs from NR_CPUS=8192 to nr_cpu_ids=2.
[    0.242986] 	Trampoline variant of Tasks RCU enabled.
[    0.243466] 	Rude variant of Tasks RCU enabled.
[    0.243906] 	Tracing variant of Tasks RCU enabled.
[    0.244360] rcu: RCU calculated value of scheduler-enlistment delay is 25 jiffies.
[    0.245082] rcu: Adjusting geometry for rcu_fanout_leaf=16, nr_cpu_ids=2
[    0.245814] Running RCU synchronous self tests
[    0.246241] RCU Tasks: Setting shift to 1 and lim to 1 rcu_task_cb_adjust=1 rcu_task_cpu_ids=2.
[    0.247071] RCU Tasks Rude: Setting shift to 1 and lim to 1 rcu_task_cb_adjust=1 rcu_task_cpu_ids=2.
[    0.247947] RCU Tasks Trace: Setting shift to 1 and lim to 1 rcu_task_cb_adjust=1 rcu_task_cpu_ids=2.
[    0.319340] NR_IRQS: 524544, nr_irqs: 440, preallocated irqs: 16
[    0.320490] rcu: srcu_init: Setting srcu_struct sizes based on contention.
[    0.330527] Console: colour VGA+ 80x25
[    0.331037] printk: legacy console [ttyS0] enabled
[    0.331037] printk: legacy console [ttyS0] enabled
[    0.331988] printk: legacy bootconsole [earlyser0] disabled
[    0.331988] printk: legacy bootconsole [earlyser0] disabled
[    0.333090] Lock dependency validator: Copyright (c) 2006 Red Hat, Inc., Ingo Molnar
[    0.333850] ... MAX_LOCKDEP_SUBCLASSES:  8
[    0.334255] ... MAX_LOCK_DEPTH:          48
[    0.334676] ... MAX_LOCKDEP_KEYS:        8192
[    0.335106] ... CLASSHASH_SIZE:          4096
[    0.335543] ... MAX_LOCKDEP_ENTRIES:     32768
[    0.335982] ... MAX_LOCKDEP_CHAINS:      65536
[    0.336427] ... CHAINHASH_SIZE:          32768
[    0.336871]  memory used by lock dependency info: 6429 kB
[    0.337401]  memory used for stack traces: 4224 kB
[    0.337877]  per task-struct memory footprint: 1920 bytes
[    0.338505] ACPI: Core revision 20250807
[    0.339341] clocksource: hpet: mask: 0xffffffff max_cycles: 0xffffffff, max_idle_ns: 19112604467 ns
[    0.340423] APIC: Switch to symmetric I/O mode setup
[    0.341145] x2apic enabled
[    0.341828] APIC: Switched APIC routing to: physical x2apic
[    0.342393] kvm-guest: APIC: send_IPI_mask() replaced with kvm_send_ipi_mask()
[    0.343133] kvm-guest: APIC: send_IPI_mask_allbutself() replaced with kvm_send_ipi_mask_allbutself()
[    0.344047] kvm-guest: setup PV IPIs
[    0.345721] ..TIMER: vector=0x30 apic1=0 pin1=2 apic2=-1 pin2=-1
[    0.346346] clocksource: tsc-early: mask: 0xffffffffffffffff max_cycles: 0x1881273ac8e, max_idle_ns: 440795257284 ns
[    0.347410] Calibrating delay loop (skipped) preset value.. 3400.00 BogoMIPS (lpj=6800000)
[    0.351466] x86/cpu: User Mode Instruction Prevention (UMIP) activated
[    0.352229] Last level iTLB entries: 4KB 0, 2MB 0, 4MB 0
[    0.352765] Last level dTLB entries: 4KB 0, 2MB 0, 4MB 0, 1GB 0
[    0.353375] mitigations: Enabled attack vectors: user_kernel, user_user, guest_host, guest_guest, SMT mitigations: auto
[    0.354458] Speculative Store Bypass: Mitigation: Speculative Store Bypass disabled via prctl
[    0.355304] Spectre V2 : Mitigation: Enhanced / Automatic IBRS
[    0.355400] ITS: Mitigation: Aligned branch/return thunks
[    0.355943] Spectre V1 : Mitigation: usercopy/swapgs barriers and __user pointer sanitization
[    0.356773] Spectre V2 : WARNING: Unprivileged eBPF is enabled with eIBRS on, data leaks possible via Spectre v2 BHB attacks!
[    0.357869] Spectre V2 : Spectre v2 / PBRSB-eIBRS: Retire a single CALL on VMEXIT
[    0.358611] Spectre V2 : mitigation: Enabling conditional Indirect Branch Prediction Barrier
[    0.359403] active return thunk: its_return_thunk
[    0.359876] Spectre V2 : Spectre BHI mitigation: SW BHB clearing on syscall and VM exit
[    0.360713] x86/fpu: Supporting XSAVE feature 0x001: 'x87 floating point registers'
[    0.361471] x86/fpu: Supporting XSAVE feature 0x002: 'SSE registers'
[    0.362101] x86/fpu: Supporting XSAVE feature 0x004: 'AVX registers'
[    0.362728] x86/fpu: Supporting XSAVE feature 0x020: 'AVX-512 opmask'
[    0.363399] x86/fpu: Supporting XSAVE feature 0x040: 'AVX-512 Hi256'
[    0.364030] x86/fpu: Supporting XSAVE feature 0x080: 'AVX-512 ZMM_Hi256'
[    0.364695] x86/fpu: Supporting XSAVE feature 0x200: 'Protection Keys User registers'
[    0.365469] x86/fpu: Supporting XSAVE feature 0x20000: 'AMX Tile config'
[    0.366138] x86/fpu: Supporting XSAVE feature 0x40000: 'AMX Tile data'
[    0.366783] x86/fpu: xstate_offset[2]:  576, xstate_sizes[2]:  256
[    0.367399] x86/fpu: xstate_offset[5]:  832, xstate_sizes[5]:   64
[    0.368027] x86/fpu: xstate_offset[6]:  896, xstate_sizes[6]:  512
[    0.368646] x86/fpu: xstate_offset[7]: 1408, xstate_sizes[7]: 1024
[    0.369270] x86/fpu: xstate_offset[9]: 2432, xstate_sizes[9]:    8
[    0.369890] x86/fpu: xstate_offset[17]: 2496, xstate_sizes[17]:   64
[    0.370532] x86/fpu: xstate_offset[18]: 2560, xstate_sizes[18]: 8192
[    0.371399] x86/fpu: Enabled xstate features 0x602e7, context size is 10752 bytes, using 'compacted' format.
[    0.527460] Freeing SMP alternatives memory: 64K
[    0.527957] pid_max: default: 32768 minimum: 301
[    0.528810] Yama: becoming mindful.
[    0.529610] Mount-cache hash table entries: 4096 (order: 3, 32768 bytes, linear)
[    0.530358] Mountpoint-cache hash table entries: 4096 (order: 3, 32768 bytes, linear)
[    0.532755] Running RCU synchronous self tests
[    0.533210] Running RCU synchronous self tests
[    0.533988] smpboot: CPU0: Intel(R) Xeon(R) Gold 6414TDX (family: 0x6, model: 0x8f, stepping: 0x6)
[    0.535396] Performance Events: PEBS fmt0-, Sapphire Rapids events, full-width counters, Intel PMU driver.
[    0.535396] ... version:                   2
[    0.535396] ... bit width:                 48
[    0.535396] ... generic counters:          8
[    0.535405] ... generic bitmap:            00000000000000ff
[    0.535963] ... fixed-purpose counters:    4
[    0.536393] ... fixed-purpose bitmap:      000000000000000f
[    0.536951] ... value mask:                0000ffffffffffff
[    0.537503] ... max period:                00007fffffffffff
[    0.538063] ... global_ctrl mask:          0000000f000000ff
[    0.539138] signal: max sigframe size: 11952
[    0.539563] rcu: Hierarchical SRCU implementation.
[    0.540058] rcu: 	Max phase no-delay instances is 1000.
[    0.540805] Timer migration: 1 hierarchy levels; 8 children per group; 1 crossnode level
[    0.565131] smp: Bringing up secondary CPUs ...
[    0.566167] smpboot: x86: Booting SMP configuration:
[    0.566685] .... node  #0, CPUs:      #1
[    0.567466] smp: Brought up 1 node, 2 CPUs
[    0.568316] smpboot: Total of 2 processors activated (6800.00 BogoMIPS)
[    0.569826] Memory: 1591816K/2096632K available (80926K kernel code, 15557K rwdata, 18816K rodata, 16412K init, 20860K bss, 493188K reserved, 0K cma-reserved)
[    0.572093] devtmpfs: initialized
[    0.572477] x86/mm: Memory block size: 128MB
[    0.584613] Running RCU synchronous self tests
[    0.585115] Running RCU synchronous self tests
[    0.585587] Running RCU Tasks wait API self tests
[    0.587439] Running RCU Tasks Rude wait API self tests
[    0.587936] Running RCU Tasks Trace wait API self tests
[    0.607417] clocksource: jiffies: mask: 0xffffffff max_cycles: 0xffffffff, max_idle_ns: 7645041785100000 ns
[    0.611456] posixtimers hash table entries: 1024 (order: 5, 73728 bytes, linear)
[    0.612266] futex hash table entries: 512 (65536 bytes on 1 NUMA nodes, total 64 KiB, linear).
[    0.615701] 
[    0.615887] *************************************************************
[    0.616569] **     NOTICE NOTICE NOTICE NOTICE NOTICE NOTICE NOTICE    **
[    0.617253] **                                                         **
[    0.617935] **  IOMMU DebugFS SUPPORT HAS BEEN ENABLED IN THIS KERNEL  **
[    0.618616] **                                                         **
[    0.619304] ** This means that this kernel is built to expose internal **
[    0.619402] ** IOMMU data structures, which may compromise security on **
[    0.620090] ** your system.                                            **
[    0.620770] **                                                         **
[    0.621455] ** If you see this message and you are not debugging the   **
[    0.622144] ** kernel, report this immediately to your vendor!         **
[    0.622825] **                                                         **
[    0.623404] **     NOTICE NOTICE NOTICE NOTICE NOTICE NOTICE NOTICE    **
[    0.624091] *************************************************************
[    0.624868] PM: RTC time: 18:25:26, date: 2026-03-12
[    0.627852] NET: Registered PF_NETLINK/PF_ROUTE protocol family
[    0.630107] DMA: preallocated 256 KiB GFP_KERNEL pool for atomic allocations
[    0.630842] DMA: preallocated 256 KiB GFP_KERNEL|GFP_DMA pool for atomic allocations
[    0.631421] DMA: preallocated 256 KiB GFP_KERNEL|GFP_DMA32 pool for atomic allocations
[    0.632302] audit: initializing netlink subsys (disabled)
[    0.632896] audit: type=2000 audit(1773339926.334:1): state=initialized audit_enabled=0 res=1
[    0.632896] Callback from call_rcu_tasks_trace() invoked.
[    0.634259] thermal_sys: Registered thermal governor 'fair_share'
[    0.634269] thermal_sys: Registered thermal governor 'bang_bang'
[    0.634891] thermal_sys: Registered thermal governor 'step_wise'
[    0.635405] thermal_sys: Registered thermal governor 'user_space'
[    0.636063] cpuidle: using governor ladder
[    0.636435] cpuidle: using governor menu
[    0.636435] acpiphp: ACPI Hot Plug PCI Controller Driver version: 0.5
[    0.639497] PCI: Using configuration type 1 for base access
[    0.640391] kprobes: kprobe jump-optimization is enabled. All kprobes are optimized if possible.
[    0.819536] HugeTLB: registered 1.00 GiB page size, pre-allocated 0 pages
[    0.820246] HugeTLB: 16380 KiB vmemmap can be freed for a 1.00 GiB page
[    0.820900] HugeTLB: registered 2.00 MiB page size, pre-allocated 0 pages
[    0.821584] HugeTLB: 28 KiB vmemmap can be freed for a 2.00 MiB page
[    0.833466] ACPI: Added _OSI(Module Device)
[    0.833931] ACPI: Added _OSI(Processor Device)
[    0.834384] ACPI: Added _OSI(Processor Aggregator Device)
[    0.851991] ACPI: 1 ACPI AML tables successfully acquired and loaded
[    0.859029] ACPI: Interpreter enabled
[    0.859554] ACPI: PM: (supports S0 S3 S4 S5)
[    0.860001] ACPI: Using IOAPIC for interrupt routing
[    0.860614] PCI: Using host bridge windows from ACPI; if necessary, use "pci=nocrs" and report a bug
[    0.861540] PCI: Using E820 reservations for host bridge windows
[    0.863471] ACPI: Enabled 2 GPEs in block 00 to 0F
[    0.905647] ACPI: PCI Root Bridge [PCI0] (domain 0000 [bus 00-ff])
[    0.906322] acpi PNP0A03:00: _OSC: OS supports [ASPM ClockPM Segments MSI EDR HPX-Type3]
[    0.907147] acpi PNP0A03:00: _OSC: not requesting OS control; OS requires [ExtendedConfig ASPM ClockPM MSI]
[    0.907569] acpi PNP0A03:00: fail to add MMCONFIG information, can't access extended configuration space under this bridge
[    0.913643] acpiphp: Slot [3] registered
[    0.914203] acpiphp: Slot [4] registered
[    0.914743] acpiphp: Slot [5] registered
[    0.915324] acpiphp: Slot [6] registered
[    0.915541] acpiphp: Slot [7] registered
[    0.916091] acpiphp: Slot [8] registered
[    0.916642] acpiphp: Slot [9] registered
[    0.917198] acpiphp: Slot [10] registered
[    0.917749] acpiphp: Slot [11] registered
[    0.918302] acpiphp: Slot [12] registered
[    0.918855] acpiphp: Slot [13] registered
[    0.919452] acpiphp: Slot [14] registered
[    0.920009] acpiphp: Slot [15] registered
[    0.920559] acpiphp: Slot [16] registered
[    0.921113] acpiphp: Slot [17] registered
[    0.922003] acpiphp: Slot [18] registered
[    0.922587] acpiphp: Slot [19] registered
[    0.923147] acpiphp: Slot [20] registered
[    0.923556] acpiphp: Slot [21] registered
[    0.924117] acpiphp: Slot [22] registered
[    0.924678] acpiphp: Slot [23] registered
[    0.925232] acpiphp: Slot [24] registered
[    0.925787] acpiphp: Slot [25] registered
[    0.926347] acpiphp: Slot [26] registered
[    0.926908] acpiphp: Slot [27] registered
[    0.927458] acpiphp: Slot [28] registered
[    0.928015] acpiphp: Slot [29] registered
[    0.928562] acpiphp: Slot [30] registered
[    0.929121] acpiphp: Slot [31] registered
[    0.929602] PCI host bridge to bus 0000:00
[    0.930078] pci_bus 0000:00: root bus resource [io  0x0000-0x0cf7 window]
[    0.930764] pci_bus 0000:00: root bus resource [io  0x0d00-0xffff window]
[    0.931404] pci_bus 0000:00: root bus resource [mem 0x000a0000-0x000bffff window]
[    0.932152] pci_bus 0000:00: root bus resource [mem 0x80000000-0xfebfffff window]
[    0.932896] pci_bus 0000:00: root bus resource [mem 0x100000000-0x17fffffff window]
[    0.933663] pci_bus 0000:00: root bus resource [bus 00-ff]
[    0.934334] pci 0000:00:00.0: [8086:1237] type 00 class 0x060000 conventional PCI endpoint
[    0.944875] pci 0000:00:01.0: [8086:7000] type 00 class 0x060100 conventional PCI endpoint
[    0.947160] pci 0000:00:01.1: [8086:7010] type 00 class 0x010180 conventional PCI endpoint
[    0.947990] pci 0000:00:01.1: BAR 4 [io  0xc040-0xc04f]
[    0.948549] pci 0000:00:01.1: BAR 0 [io  0x01f0-0x01f7]: legacy IDE quirk
[    0.949229] pci 0000:00:01.1: BAR 1 [io  0x03f6]: legacy IDE quirk
[    0.949846] pci 0000:00:01.1: BAR 2 [io  0x0170-0x0177]: legacy IDE quirk
[    0.950524] pci 0000:00:01.1: BAR 3 [io  0x0376]: legacy IDE quirk
[    0.951702] pci 0000:00:01.3: [8086:7113] type 00 class 0x068000 conventional PCI endpoint
[    0.952867] pci 0000:00:01.3: quirk: [io  0x0600-0x063f] claimed by PIIX4 ACPI
[    0.953599] pci 0000:00:01.3: quirk: [io  0x0700-0x070f] claimed by PIIX4 SMB
[    0.954886] pci 0000:00:02.0: [1234:1111] type 00 class 0x030000 conventional PCI endpoint
[    0.956476] pci 0000:00:02.0: BAR 0 [mem 0xfd000000-0xfdffffff pref]
[    0.957140] pci 0000:00:02.0: BAR 2 [mem 0xfebf0000-0xfebf0fff]
[    0.957761] pci 0000:00:02.0: ROM [mem 0xfebe0000-0xfebeffff pref]
[    0.958488] pci 0000:00:02.0: Video device with shadowed ROM at [mem 0x000c0000-0x000dffff]
[    0.968413] pci 0000:00:03.0: [8086:100e] type 00 class 0x020000 conventional PCI endpoint
[    0.970125] pci 0000:00:03.0: BAR 0 [mem 0xfebc0000-0xfebdffff]
[    0.970739] pci 0000:00:03.0: BAR 1 [io  0xc000-0xc03f]
[    0.971296] pci 0000:00:03.0: ROM [mem 0xfeb80000-0xfebbffff pref]
[    0.994696] ACPI: PCI: Interrupt link LNKA configured for IRQ 10
[    0.996341] ACPI: PCI: Interrupt link LNKB configured for IRQ 10
[    0.997924] ACPI: PCI: Interrupt link LNKC configured for IRQ 11
[    0.999520] ACPI: PCI: Interrupt link LNKD configured for IRQ 11
[    1.000537] ACPI: PCI: Interrupt link LNKS configured for IRQ 9
[    1.003849] iommu: Default domain type: Translated
[    1.004361] iommu: DMA domain TLB invalidation policy: lazy mode
[    1.007900] SCSI subsystem initialized
[    1.009174] ACPI: bus type USB registered
[    1.009826] usbcore: registered new interface driver usbfs
[    1.010500] usbcore: registered new interface driver hub
[    1.011112] usbcore: registered new device driver usb
[    1.011743] pps_core: LinuxPPS API ver. 1 registered
[    1.012259] pps_core: Software ver. 5.3.6 - Copyright 2005-2007 Rodolfo Giometti <giometti@linux.it>
[    1.013207] PTP clock support registered
[    1.015526] EDAC MC: Ver: 3.0.0
[    1.022112] NetLabel: Initializing
[    1.022486] NetLabel:  domain hash size = 128
[    1.022938] NetLabel:  protocols = UNLABELED CIPSOv4 CALIPSO
[    1.023539] NetLabel:  unlabeled traffic allowed by default
[    1.024633] PCI: Using ACPI for IRQ routing
[    1.025438] pci 0000:00:02.0: vgaarb: setting as boot VGA device
[    1.026092] pci 0000:00:02.0: vgaarb: bridge control possible
[    1.026682] pci 0000:00:02.0: vgaarb: VGA device added: decodes=io+mem,owns=io+mem,locks=none
[    1.027411] vgaarb: loaded
[    1.027782] hpet0: at MMIO 0xfed00000, IRQs 2, 8, 0
[    1.028295] hpet0: 3 comparators, 64-bit 100.000000 MHz counter
[    1.036653] clocksource: Switched to clocksource kvm-clock
[    1.038694] VFS: Disk quotas dquot_6.6.0
[    1.039142] VFS: Dquot-cache hash table entries: 512 (order 0, 4096 bytes)
[    1.040122] pnp: PnP ACPI init
[    1.044606] pnp: PnP ACPI: found 6 devices
[    1.064770] clocksource: acpi_pm: mask: 0xffffff max_cycles: 0xffffff, max_idle_ns: 2085701024 ns
[    1.066148] NET: Registered PF_INET protocol family
[    1.067107] IP idents hash table entries: 32768 (order: 6, 262144 bytes, linear)
[    1.069381] tcp_listen_portaddr_hash hash table entries: 1024 (order: 5, 73728 bytes, linear)
[    1.070306] Table-perturb hash table entries: 65536 (order: 6, 262144 bytes, linear)
[    1.071205] TCP established hash table entries: 16384 (order: 5, 131072 bytes, linear)
[    1.072351] TCP bind hash table entries: 16384 (order: 10, 2359296 bytes, linear)
[    1.074377] TCP: Hash tables configured (established 16384 bind 16384)
[    1.075165] UDP hash table entries: 1024 (order: 6, 262144 bytes, linear)
[    1.075961] UDP-Lite hash table entries: 1024 (order: 6, 262144 bytes, linear)
[    1.077041] NET: Registered PF_UNIX/PF_LOCAL protocol family
[    1.083067] RPC: Registered named UNIX socket transport module.
[    1.083708] RPC: Registered udp transport module.
[    1.084189] RPC: Registered tcp transport module.
[    1.084662] RPC: Registered tcp-with-tls transport module.
[    1.085215] RPC: Registered tcp NFSv4.1 backchannel transport module.
[    1.085874] pci_bus 0000:00: resource 4 [io  0x0000-0x0cf7 window]
[    1.086520] pci_bus 0000:00: resource 5 [io  0x0d00-0xffff window]
[    1.087145] pci_bus 0000:00: resource 6 [mem 0x000a0000-0x000bffff window]
[    1.087829] pci_bus 0000:00: resource 7 [mem 0x80000000-0xfebfffff window]
[    1.088516] pci_bus 0000:00: resource 8 [mem 0x100000000-0x17fffffff window]
[    1.089597] pci 0000:00:01.0: PIIX3: Enabling Passive Release
[    1.090187] pci 0000:00:00.0: Limiting direct PCI/PCI transfers
[    1.090887] PCI: CLS 0 bytes, default 64
[    1.091396] ACPI: bus type thunderbolt registered
[    1.092312] clocksource: tsc: mask: 0xffffffffffffffff max_cycles: 0x1881273ac8e, max_idle_ns: 440795257284 ns
[    1.093498] sgx: There are zero EPC sections.
[    3.452950] Initialise system trusted keyrings
[    3.453549] Key type blacklist registered
[    3.455349] workingset: timestamp_bits=36 max_order=19 bucket_order=0
[    3.458163] squashfs: version 4.0 (2009/01/31) Phillip Lougher
[    3.460425] NFS: Registering the id_resolver key type
[    3.460996] Key type id_resolver registered
[    3.461427] Key type id_legacy registered
[    3.461900] nfs4filelayout_init: NFSv4 File Layout Driver Registering...
[    3.462653] nfs4flexfilelayout_init: NFSv4 Flexfile Layout Driver Registering...
[    3.463713] fuse: init (API version 7.45)
[    3.464724] SGI XFS with ACLs, security attributes, realtime, quota, no debug enabled
[    3.467282] 9p: Installing v9fs 9p2000 file system support
[    3.482738] Key type asymmetric registered
[    3.482751] Callback from call_rcu_tasks() invoked.
[    3.483182] Asymmetric key parser 'x509' registered
[    3.484613] Block layer SCSI generic (bsg) driver version 0.4 loaded (major 241)
[    3.485607] io scheduler mq-deadline registered
[    3.486167] io scheduler bfq registered
[    3.487029] ledtrig-cpu: registered to indicate activity on CPUs
[    3.489162] IPMI message handler: version 39.2
[    3.489699] ipmi device interface
[    3.492054] input: Power Button as /devices/LNXSYSTM:00/LNXPWRBN:00/input/input0
[    3.493350] ACPI: button: Power Button [PWRF]
[    3.495553] ERST DBG: ERST support is disabled.
[    3.497506] Serial: 8250/16550 driver, 32 ports, IRQ sharing enabled
[    3.499471] 00:04: ttyS0 at I/O 0x3f8 (irq = 4, base_baud = 115200) is a 16550A
[    3.528984] Linux agpgart interface v0.103
[    3.531594] ACPI: bus type drm_connector registered
[    3.556653] brd: module loaded
[    3.572730] loop: module loaded
[    3.582106] scsi host0: ata_piix
[    3.583566] scsi host1: ata_piix
[    3.584415] ata1: PATA max MWDMA2 cmd 0x1f0 ctl 0x3f6 bmdma 0xc040 irq 14 lpm-pol 0
[    3.585192] ata2: PATA max MWDMA2 cmd 0x170 ctl 0x376 bmdma 0xc048 irq 15 lpm-pol 0
[    3.588861] tun: Universal TUN/TAP device driver, 1.6
[    3.589736] e100: Intel(R) PRO/100 Network Driver
[    3.590251] e100: Copyright(c) 1999-2006 Intel Corporation
[    3.590933] e1000: Intel(R) PRO/1000 Network Driver
[    3.591438] e1000: Copyright (c) 1999-2006 Intel Corporation.
[    3.742555] ata1: found unknown device (class 0)
[    3.743885] ata2: found unknown device (class 0)
[    3.745256] ata2.00: ATAPI: QEMU DVD-ROM, 2.5+, max UDMA/100
[    3.746818] ata1.00: ATA-7: QEMU HARDDISK, 2.5+, max UDMA/100
[    3.747901] ata1.00: 17196647 sectors, multi 16: LBA48 
[    3.750293] scsi 0:0:0:0: Direct-Access     ATA      QEMU HARDDISK    2.5+ PQ: 0 ANSI: 5
[    3.753549] sd 0:0:0:0: Attached scsi generic sg0 type 0
[    3.755452] sd 0:0:0:0: [sda] 17196647 512-byte logical blocks: (8.80 GB/8.20 GiB)
[    3.756843] scsi 1:0:0:0: CD-ROM            QEMU     QEMU DVD-ROM     2.5+ PQ: 0 ANSI: 5
[    3.758307] sd 0:0:0:0: [sda] Write Protect is off
[    3.759221] sd 0:0:0:0: [sda] Write cache: enabled, read cache: enabled, doesn't support DPO or FUA
[    3.762326] sd 0:0:0:0: [sda] Preferred minimum I/O size 512 bytes
[    3.783888] scsi 1:0:0:0: Attached scsi generic sg1 type 5
[    3.796272] sd 0:0:0:0: [sda] Attached SCSI disk
[    4.405386] ACPI: \_SB_.LNKC: Enabled at IRQ 11
[    4.726833] e1000 0000:00:03.0 eth0: (PCI:33MHz:32-bit) 52:54:00:12:34:56
[    4.727577] e1000 0000:00:03.0 eth0: Intel(R) PRO/1000 Network Connection
[    4.728467] e1000e: Intel(R) PRO/1000 Network Driver
[    4.728983] e1000e: Copyright(c) 1999 - 2015 Intel Corporation.
[    4.729742] igb: Intel(R) Gigabit Ethernet Network Driver
[    4.730325] igb: Copyright (c) 2007-2014 Intel Corporation.
[    4.731270] PPP generic driver version 2.4.2
[    4.733860] VFIO - User Level meta-driver version: 0.3
[    4.736103] usbcore: registered new interface driver uas
[    4.736814] usbcore: registered new interface driver usb-storage
[    4.737706] i8042: PNP: PS/2 Controller [PNP0303:KBD,PNP0f13:MOU] at 0x60,0x64 irq 1,12
[    4.739549] serio: i8042 KBD port at 0x60,0x64 irq 1
[    4.740132] serio: i8042 AUX port at 0x60,0x64 irq 12
[    4.741710] mousedev: PS/2 mouse device common for all mice
[    4.743891] rtc_cmos 00:05: RTC can wake from S4
[    4.743981] input: AT Translated Set 2 keyboard as /devices/platform/i8042/serio0/input/input1
[    4.746747] rtc_cmos 00:05: registered as rtc0
[    4.747149] input: VirtualPS/2 VMware VMMouse as /devices/platform/i8042/serio1/input/input4
[    4.747361] rtc_cmos 00:05: setting system clock to 2026-03-12T18:25:30 UTC (1773339930)
[    4.749290] rtc_cmos 00:05: alarms up to one day, y3k, 242 bytes nvram, hpet irqs
[    4.749298] input: VirtualPS/2 VMware VMMouse as /devices/platform/i8042/serio1/input/input3
[    4.750110] i2c_dev: i2c /dev entries driver
[    4.751453] device-mapper: core: CONFIG_IMA_DISABLE_HTABLE is disabled. Duplicate IMA measurements will not be recorded in the IMA log.
[    4.752688] device-mapper: uevent: version 1.0.3
[    4.753557] device-mapper: ioctl: 4.50.0-ioctl (2025-04-28) initialised: dm-devel@lists.linux.dev
[    4.754452] intel_pstate: CPU model not supported
[    4.755147] sdhci: Secure Digital Host Controller Interface driver
[    4.755752] sdhci: Copyright(c) Pierre Ossman
[    4.756381] sdhci-pltfm: SDHCI platform and OF driver helper
[    4.757516] drop_monitor: Initializing network drop monitor service
[    4.758533] NET: Registered PF_INET6 protocol family
[    4.760555] Segment Routing with IPv6
[    4.760997] In-situ OAM (IOAM) with IPv6
[    4.761456] NET: Registered PF_PACKET protocol family
[    4.762166] 9pnet: Installing 9P2000 support
[    4.762759] Key type dns_resolver registered
[    4.764908] IPI shorthand broadcast: enabled
[    4.825575] sched_clock: Marking stable (4804198795, 18222410)->(4829923034, -7501829)
[    4.827332] registered taskstats version 1
[    4.828228] Loading compiled-in X.509 certificates
[    4.911301] Demotion targets for Node 0: null
[    4.913182] Key type .fscrypt registered
[    4.913608] Key type fscrypt-provisioning registered
[    4.916178] Key type encrypted registered
[    4.916632] ima: No TPM chip found, activating TPM-bypass!
[    4.917221] ima: Allocated hash algorithm: sha1
[    4.917737] ima: No architecture policies found
[    4.918453] evm: Initialising EVM extended attributes:
[    4.918984] evm: security.selinux
[    4.919321] evm: security.SMACK64
[    4.919661] evm: security.SMACK64EXEC
[    4.920037] evm: security.SMACK64TRANSMUTE
[    4.920450] evm: security.SMACK64MMAP
[    4.920822] evm: security.apparmor
[    4.921175] evm: security.ima
[    4.921484] evm: security.capability
[    4.921848] evm: HMAC attrs: 0x1
[    4.924786] PM:   Magic number: 2:168:443
[    4.926065] RAS: Correctable Errors collector initialized.
[    4.926953] clk: Disabling unused clocks
[    4.927387] PM: genpd: Disabling unused power domains
[    4.928617] check access for rdinit=/init failed: -2, ignoring
[    4.929016] md: Waiting for all devices to be available before autodetect
[    4.929455] md: If you don't use raid, use raid=noautodetect
[    4.929826] md: Autodetecting RAID arrays.
[    4.930120] md: autorun ...
[    4.930336] md: ... autorun DONE.
[    4.935975] EXT4-fs (sda): INFO: recovery required on readonly filesystem
[    4.936448] EXT4-fs (sda): write access will be enabled during recovery
[    4.958180] EXT4-fs (sda): recovery complete
[    4.959784] EXT4-fs (sda): mounted filesystem 088740a9-c8b4-422c-999d-a804eb68a4da ro with ordered data mode. Quota mode: none.
[    4.960602] VFS: Mounted root (ext4 filesystem) readonly on device 8:0.
[    4.962610] devtmpfs: mounted
[    4.982770] Freeing unused decrypted memory: 2036K
[    4.988439] Freeing unused kernel image (initmem) memory: 16412K
[    4.989004] Write protecting the kernel read-only data: 102400k
[    4.991507] Freeing unused kernel image (text/rodata gap) memory: 992K
[    4.993082] Freeing unused kernel image (rodata/data gap) memory: 1664K
[    5.928700] x86/mm: Checked W+X mappings: passed, no W+X pages found.
[    5.929302] Run /sbin/init as init process
[    6.072183] systemd[1]: systemd 252-15.el9 running in system mode (+PAM +AUDIT +SELINUX -APPARMOR +IMA +SMACK +SECCOMP +GCRYPT +GNUTLS +OPENSSL +ACL +BLKID +CURL +ELFUTILS -FIDO2 +IDN2 -IDN -IPTC +KMOD +LIBCRYPTSETUP +LIBFDISK +PCRE2 -PWQUALITY +P11KIT -QRENCODE +TPM2 +BZIP2 +LZ4 +XZ +ZLIB +ZSTD -BPF_FRAMEWORK +XKBCOMMON +UTMP +SYSVINIT default-hierarchy=unified)
[    6.075193] systemd[1]: Detected virtualization kvm.
[    6.075641] systemd[1]: Detected architecture x86-64.

Welcome to [0;31mCentOS Stream 9[0m!

[    6.080024] systemd[1]: Hostname set to <test>.
[    6.257460] systemd-rc-local-generator[125]: /etc/rc.d/rc.local is not marked executable, skipping.
[    6.548349] systemd[1]: Queued start job for default target Multi-User System.
[    6.568910] systemd[1]: Created slice Virtual Machine and Container Slice.
[[0;32m  OK  [0m] Created slice [0;1;39mVirtual Machine and Container Slice[0m.
[    6.574301] systemd[1]: Created slice Slice /system/getty.
[[0;32m  OK  [0m] Created slice [0;1;39mSlice /system/getty[0m.
[    6.577252] systemd[1]: Created slice Slice /system/modprobe.
[[0;32m  OK  [0m] Created slice [0;1;39mSlice /system/modprobe[0m.
[    6.580357] systemd[1]: Created slice Slice /system/serial-getty.
[[0;32m  OK  [0m] Created slice [0;1;39mSlice /system/serial-getty[0m.
[    6.583308] systemd[1]: Created slice Slice /system/sshd-keygen.
[[0;32m  OK  [0m] Created slice [0;1;39mSlice /system/sshd-keygen[0m.
[    6.586042] systemd[1]: Created slice User and Session Slice.
[[0;32m  OK  [0m] Created slice [0;1;39mUser and Session Slice[0m.
[    6.587461] systemd[1]: Started Forward Password Requests to Wall Directory Watch.
[[0;32m  OK  [0m] Started [0;1;39mForward Password R…uests to Wall Directory Watch[0m.
[    6.589679] systemd[1]: Set up automount Arbitrary Executable File Formats File System Automount Point.
[[0;32m  OK  [0m] Set up automount [0;1;39mArbitrary…s File System Automount Point[0m.
[    6.591263] systemd[1]: Reached target Local Integrity Protected Volumes.
[[0;32m  OK  [0m] Reached target [0;1;39mLocal Integrity Protected Volumes[0m.
[    6.592472] systemd[1]: Reached target Slice Units.
[[0;32m  OK  [0m] Reached target [0;1;39mSlice Units[0m.
[    6.593385] systemd[1]: Reached target Swaps.
[[0;32m  OK  [0m] Reached target [0;1;39mSwaps[0m.
[    6.594273] systemd[1]: Reached target Local Verity Protected Volumes.
[[0;32m  OK  [0m] Reached target [0;1;39mLocal Verity Protected Volumes[0m.
[    6.595737] systemd[1]: Listening on Device-mapper event daemon FIFOs.
[[0;32m  OK  [0m] Listening on [0;1;39mDevice-mapper event daemon FIFOs[0m.
[    6.597448] systemd[1]: Listening on LVM2 poll daemon socket.
[[0;32m  OK  [0m] Listening on [0;1;39mLVM2 poll daemon socket[0m.
[    6.598685] systemd[1]: multipathd control socket was skipped because of an unmet condition check (ConditionPathExists=/etc/multipath.conf).
[    6.627414] systemd[1]: Listening on RPCbind Server Activation Socket.
[[0;32m  OK  [0m] Listening on [0;1;39mRPCbind Server Activation Socket[0m.
[    6.628716] systemd[1]: Reached target RPC Port Mapper.
[[0;32m  OK  [0m] Reached target [0;1;39mRPC Port Mapper[0m.
[    6.632146] systemd[1]: Listening on Process Core Dump Socket.
[[0;32m  OK  [0m] Listening on [0;1;39mProcess Core Dump Socket[0m.
[    6.633615] systemd[1]: Listening on initctl Compatibility Named Pipe.
[[0;32m  OK  [0m] Listening on [0;1;39minitctl Compatibility Named Pipe[0m.
[    6.635424] systemd[1]: Listening on Journal Socket (/dev/log).
[[0;32m  OK  [0m] Listening on [0;1;39mJournal Socket (/dev/log)[0m.
[    6.637031] systemd[1]: Listening on Journal Socket.
[[0;32m  OK  [0m] Listening on [0;1;39mJournal Socket[0m.
[    6.638693] systemd[1]: Listening on udev Control Socket.
[[0;32m  OK  [0m] Listening on [0;1;39mudev Control Socket[0m.
[    6.640103] systemd[1]: Listening on udev Kernel Socket.
[[0;32m  OK  [0m] Listening on [0;1;39mudev Kernel Socket[0m.
[    6.654675] systemd[1]: Mounting Huge Pages File System...
         Mounting [0;1;39mHuge Pages File System[0m...
[    6.662358] systemd[1]: Mounting POSIX Message Queue File System...
         Mounting [0;1;39mPOSIX Message Queue File System[0m...
[    6.670364] systemd[1]: Mounting Kernel Debug File System...
         Mounting [0;1;39mKernel Debug File System[0m...
[    6.679974] systemd[1]: Mounting Kernel Trace File System...
         Mounting [0;1;39mKernel Trace File System[0m...
[    6.682607] systemd[1]: Kernel Module supporting RPCSEC_GSS was skipped because of an unmet condition check (ConditionPathExists=/etc/krb5.keytab).
[    6.683630] systemd[1]: Create List of Static Device Nodes was skipped because of an unmet condition check (ConditionFileNotEmpty=/lib/modules/6.19.0-rc1-6cbfdf89470e+/modules.devname).
[    6.692318] systemd[1]: Starting Monitoring of LVM2 mirrors, snapshots etc. using dmeventd or progress polling...
         Starting [0;1;39mMonitoring of LVM…meventd or progress polling[0m...
[    6.700729] systemd[1]: Starting Load Kernel Module configfs...
         Starting [0;1;39mLoad Kernel Module configfs[0m...
[    6.707680] systemd[1]: Starting Load Kernel Module drm...
         Starting [0;1;39mLoad Kernel Module drm[0m...
[    6.720633] systemd[1]: Starting Load Kernel Module fuse...
         Starting [0;1;39mLoad Kernel Module fuse[0m...
[    6.743574] systemd[1]: Starting Read and set NIS domainname from /etc/sysconfig/network...
         Starting [0;1;39mRead and set NIS …from /etc/sysconfig/network[0m...
[    6.778732] systemd[1]: Starting Journal Service...
         Starting [0;1;39mJournal Service[0m...
[    6.786020] systemd[1]: Starting Load Kernel Modules...
         Starting [0;1;39mLoad Kernel Modules[0m...
[    6.792222] systemd[1]: Starting Generate network units from Kernel command line...
         Starting [0;1;39mGenerate network …ts from Kernel command line[0m...
[    6.799043] systemd[1]: Starting Remount Root and Kernel File Systems...
         Starting [0;1;39mRemount Root and Kernel File Systems[0m...
[    6.806542] systemd[1]: Repartition Root Disk was skipped because no trigger condition checks were met.
[    6.823970] systemd[1]: Starting Coldplug All udev Devices...
         Starting [0;1;39mColdplug All udev Devices[0m...
[    6.852791] systemd[1]: Mounted Huge Pages File System.
[[0;32m  OK  [0m] Mounted [0;1;39mHuge Pages File System[0m.
[    6.858784] systemd[1]: Mounted POSIX Message Queue File System.
[[0;32m  OK  [0m] Mounted [0;1;39mPOSIX Message Queue File System[0m.
[    6.862313] systemd[1]: Mounted Kernel Debug File System.
[[0;32m  OK  [0m] Mounted [0;1;39mKernel Debug File System[0m.
[    6.866764] systemd[1]: Mounted Kernel Trace File System.
[[0;32m  OK  [0m] Mounted [0;1;39mKernel Trace File System[0m.
[    6.872856] systemd[1]: Finished Monitoring of LVM2 mirrors, snapshots etc. using dmeventd or progress polling.
[[0;32m  OK  [0m] Finished [0;1;39mMonitoring of LVM… dmeventd or progress polling[0m.
[    6.878074] systemd[1]: modprobe@configfs.service: Deactivated successfully.
[    6.878268] EXT4-fs (sda): re-mounted 088740a9-c8b4-422c-999d-a804eb68a4da r/w.
[    6.883393] systemd[1]: Finished Load Kernel Module configfs.
[[0;32m  OK  [0m] Finished [0;1;39mLoad Kernel Module configfs[0m.
[    6.892072] systemd[1]: modprobe@drm.service: Deactivated successfully.
[    6.894512] systemd[1]: Finished Load Kernel Module drm.
[[0;32m  OK  [0m] Finished [0;1;39mLoad Kernel Module drm[0m.
[    6.899604] systemd[1]: modprobe@fuse.service: Deactivated successfully.
[    6.904497] systemd[1]: Finished Load Kernel Module fuse.
[[0;32m  OK  [0m] Finished [0;1;39mLoad Kernel Module fuse[0m.
[    6.910303] systemd[1]: Finished Read and set NIS domainname from /etc/sysconfig/network.
[[0;32m  OK  [0m] Finished [0;1;39mRead and set NIS …e from /etc/sysconfig/network[0m.
[    6.912213] systemd[1]: systemd-modules-load.service: Main process exited, code=exited, status=1/FAILURE
[    6.913595] systemd[1]: systemd-modules-load.service: Failed with result 'exit-code'.
[    6.919236] systemd[1]: Failed to start Load Kernel Modules.
[[0;1;31mFAILED[0m] Failed to start [0;1;39mLoad Kernel Modules[0m.
See 'systemctl status systemd-modules-load.service' for details.
[    6.925887] systemd[1]: Finished Generate network units from Kernel command line.
[[0;32m  OK  [0m] Finished [0;1;39mGenerate network units from Kernel command line[0m.
[    6.932426] systemd[1]: Finished Remount Root and Kernel File Systems.
[[0;32m  OK  [0m] Finished [0;1;39mRemount Root and Kernel File Systems[0m.
[    6.935403] systemd[1]: Reached target Preparation for Network.
[[0;32m  OK  [0m] Reached target [0;1;39mPreparation for Network[0m.
[    6.964170] systemd[1]: Mounting FUSE Control File System...
         Mounting [0;1;39mFUSE Control File System[0m...
[    6.975035] systemd[1]: Mounting Kernel Configuration File System...
         Mounting [0;1;39mKernel Configuration File System[0m...
[    6.978453] systemd[1]: Special handling of early boot iSCSI sessions was skipped because of an unmet condition check (ConditionDirectoryNotEmpty=/sys/class/iscsi_session).
[    6.979544] systemd[1]: First Boot Wizard was skipped because of an unmet condition check (ConditionFirstBoot=yes).
[    6.987252] systemd[1]: Rebuild Hardware Database was skipped because of an unmet condition check (ConditionNeedsUpdate=/etc).
[    7.003291] systemd[1]: Starting Load/Save Random Seed...
         Starting [0;1;39mLoad/Save Random Seed[0m...
[    7.010820] systemd[1]: Starting Apply Kernel Variables...
         Starting [0;1;39mApply Kernel Variables[0m...
[    7.014840] systemd[1]: Create System Users was skipped because no trigger condition checks were met.
[    7.025928] systemd[1]: Starting Create Static Device Nodes in /dev...
         Starting [0;1;39mCreate Static Device Nodes in /dev[0m...
[    7.046933] systemd[1]: Starting Setup Virtual Console...
         Starting [0;1;39mSetup Virtual Console[0m...
[    7.054016] systemd[1]: Started Journal Service.
[[0;32m  OK  [0m] Started [0;1;39mJournal Service[0m.
[[0;32m  OK  [0m] Mounted [0;1;39mFUSE Control File System[0m.
[[0;32m  OK  [0m] Mounted [0;1;39mKernel Configuration File System[0m.
[[0;32m  OK  [0m] Finished [0;1;39mLoad/Save Random Seed[0m.
         Starting [0;1;39mFlush Journal to Persistent Storage[0m...
[[0;32m  OK  [0m] Finished [0;1;39mApply Kernel Variables[0m.
[    7.142465] systemd-journald[145]: Received client request to flush runtime journal.
[[0;32m  OK  [0m] Finished [0;1;39mFlush Journal to Persistent Storage[0m.
[[0;32m  OK  [0m] Finished [0;1;39mCreate Static Device Nodes in /dev[0m.
         Starting [0;1;39mRule-based Manage…for Device Events and Files[0m...
[[0;32m  OK  [0m] Started [0;1;39mRule-based Manager for Device Events and Files[0m.
         Starting [0;1;39mAuto-connect to s…E devices found during boot[0m...
[[0;32m  OK  [0m] Finished [0;1;39mAuto-connect to s…VME devices found during boot[0m.
[[0;32m  OK  [0m] Finished [0;1;39mSetup Virtual Console[0m.
[[0;32m  OK  [0m] Finished [0;1;39mColdplug All udev Devices[0m.
         Starting [0;1;39mShow Plymouth Boot Screen[0m...
         Starting [0;1;39mWait for udev To …plete Device Initialization[0m...
[2J[3J[-1;-1f[[0;32m  OK  [0m] Started [0;1;39mShow Plymouth Boot Screen[0m.
[[0;32m  OK  [0m] Started [0;1;39mForward Password R…s to Plymouth Directory Watch[0m.
[[0;32m  OK  [0m] Reached target [0;1;39mLocal Encrypted Volumes[0m.
[[0;32m  OK  [0m] Reached target [0;1;39mPath Units[0m.
[[0;32m  OK  [0m] Found device [0;1;39m/dev/ttyS0[0m.
[[0;32m  OK  [0m] Listening on [0;1;39mLoad/Save RF …itch Status /dev/rfkill Watch[0m.
[[0;32m  OK  [0m] Finished [0;1;39mWait for udev To Complete Device Initialization[0m.
[[0;32m  OK  [0m] Reached target [0;1;39mPreparation for Local File Systems[0m.
[[0;32m  OK  [0m] Reached target [0;1;39mLocal File Systems[0m.
         Starting [0;1;39mTell Plymouth To Write Out Runtime Data[0m...
         Starting [0;1;39mAutomatic Boot Loader Update[0m...
         Starting [0;1;39mCreate Volatile Files and Directories[0m...
[[0;32m  OK  [0m] Finished [0;1;39mTell Plymouth To Write Out Runtime Data[0m.
[[0;32m  OK  [0m] Finished [0;1;39mAutomatic Boot Loader Update[0m.
[[0;32m  OK  [0m] Finished [0;1;39mCreate Volatile Files and Directories[0m.
         Mounting [0;1;39mRPC Pipe File System[0m...
         Starting [0;1;39mSecurity Auditing Service[0m...
         Starting [0;1;39mRPC Bind[0m...
[[0;32m  OK  [0m] Mounted [0;1;39mRPC Pipe File System[0m.
[[0;32m  OK  [0m] Reached target [0;1;39mrpc_pipefs.target[0m.
[[0;32m  OK  [0m] Started [0;1;39mRPC Bind[0m.
[[0;32m  OK  [0m] Started [0;1;39mSecurity Auditing Service[0m.
         Starting [0;1;39mRecord System Boot/Shutdown in UTMP[0m...
[[0;32m  OK  [0m] Finished [0;1;39mRecord System Boot/Shutdown in UTMP[0m.
[[0;32m  OK  [0m] Reached target [0;1;39mSystem Initialization[0m.
[[0;32m  OK  [0m] Started [0;1;39mDaily rotation of log files[0m.
[[0;32m  OK  [0m] Started [0;1;39mUpdates mlocate database every day[0m.
[[0;32m  OK  [0m] Started [0;1;39mDaily Cleanup of Temporary Directories[0m.
[[0;32m  OK  [0m] Started [0;1;39mdaily update of the root trust anchor for DNSSEC[0m.
[[0;32m  OK  [0m] Reached target [0;1;39mTimer Units[0m.
[[0;32m  OK  [0m] Listening on [0;1;39mD-Bus System Message Bus Socket[0m.
[[0;32m  OK  [0m] Listening on [0;1;39mOpen-iSCSI iscsid Socket[0m.
[[0;32m  OK  [0m] Listening on [0;1;39mOpen-iSCSI iscsiuio Socket[0m.
[[0;32m  OK  [0m] Listening on [0;1;39mSSSD Kerberos…ache Manager responder socket[0m.
[[0;32m  OK  [0m] Listening on [0;1;39mLibvirt interface local socket[0m.
[[0;32m  OK  [0m] Listening on [0;1;39mVirtual machine lock manager socket[0m.
[[0;32m  OK  [0m] Listening on [0;1;39mVirtual machine log manager socket[0m.
[[0;32m  OK  [0m] Listening on [0;1;39mLibvirt network local socket[0m.
[[0;32m  OK  [0m] Listening on [0;1;39mLibvirt nodedev local socket[0m.
[[0;32m  OK  [0m] Listening on [0;1;39mLibvirt nwfilter local socket[0m.
[[0;32m  OK  [0m] Listening on [0;1;39mLibvirt proxy local socket[0m.
[[0;32m  OK  [0m] Listening on [0;1;39mLibvirt qemu local socket[0m.
[[0;32m  OK  [0m] Listening on [0;1;39mLibvirt qemu admin socket[0m.
[[0;32m  OK  [0m] Listening on [0;1;39mLibvirt qemu local read-only socket[0m.
[[0;32m  OK  [0m] Listening on [0;1;39mLibvirt secret local socket[0m.
[[0;32m  OK  [0m] Listening on [0;1;39mLibvirt storage local socket[0m.
[[0;32m  OK  [0m] Reached target [0;1;39mSocket Units[0m.
         Starting [0;1;39mD-Bus System Message Bus[0m...
[[0;32m  OK  [0m] Started [0;1;39mD-Bus System Message Bus[0m.
[[0;32m  OK  [0m] Reached target [0;1;39mBasic System[0m.
         Starting [0;1;39mNetwork Manager[0m...
         Starting [0;1;39mNTP client/server[0m...
         Starting [0;1;39mRestore /run/initramfs on shutdown[0m...
[[0;32m  OK  [0m] Started [0;1;39mirqbalance daemon[0m.
[[0;32m  OK  [0m] Started [0;1;39mlibstoragemgmt plug-in server daemon[0m.
[[0;32m  OK  [0m] Started [0;1;39mMachine Check Exception Logging Daemon[0m.
[[0;32m  OK  [0m] Reached target [0;1;39msshd-keygen.target[0m.
[[0;32m  OK  [0m] Reached target [0;1;39mUser and Group Name Lookups[0m.
         Starting [0;1;39mUser Login Management[0m...
         Starting [0;1;39mVirtual Machine a…tainer Registration Service[0m...
[[0;32m  OK  [0m] Finished [0;1;39mRestore /run/initramfs on shutdown[0m.
[[0;32m  OK  [0m] Started [0;1;39mVirtual Machine an…ontainer Registration Service[0m.
         Starting [0;1;39mHostname Service[0m...
[[0;32m  OK  [0m] Started [0;1;39mNTP client/server[0m.
[[0;32m  OK  [0m] Started [0;1;39mUser Login Management[0m.
[[0;32m  OK  [0m] Started [0;1;39mHostname Service[0m.
         Starting [0;1;39mNetwork Manager Script Dispatcher Service[0m...
[[0;32m  OK  [0m] Started [0;1;39mNetwork Manager Script Dispatcher Service[0m.
[   10.466536] e1000: eth0 NIC Link is Up 1000 Mbps Full Duplex, Flow Control: RX
[[0;32m  OK  [0m] Started [0;1;39mNetwork Manager[0m.
[[0;32m  OK  [0m] Reached target [0;1;39mNetwork[0m.
[[0;32m  OK  [0m] Reached target [0;1;39mNetwork is Online[0m.
         Starting [0;1;39mGSSAPI Proxy Daemon[0m...
         Starting [0;1;39mNotify NFS peers of a restart[0m...
         Starting [0;1;39mSystem Logging Service[0m...
         Starting [0;1;39mOpenSSH server daemon[0m...
         Starting [0;1;39mDynamic System Tuning Daemon[0m...
[[0;32m  OK  [0m] Started [0;1;39mGSSAPI Proxy Daemon[0m.
[[0;32m  OK  [0m] Started [0;1;39mNotify NFS peers of a restart[0m.
[[0;32m  OK  [0m] Reached target [0;1;39mNFS client services[0m.
[[0;32m  OK  [0m] Reached target [0;1;39mPreparation for Remote File Systems[0m.
[[0;32m  OK  [0m] Reached target [0;1;39mRemote File Systems[0m.
         Starting [0;1;39mPermit User Sessions[0m...
         Starting [0;1;39mVirtualization qemu daemon[0m...
[[0;32m  OK  [0m] Started [0;1;39mOpenSSH server daemon[0m.
[[0;32m  OK  [0m] Finished [0;1;39mPermit User Sessions[0m.
[[0;32m  OK  [0m] Started [0;1;39mDeferred execution scheduler[0m.
[[0;32m  OK  [0m] Started [0;1;39mCommand Scheduler[0m.
         Starting [0;1;39mHold until boot process finishes up[0m...
         Starting [0;1;39mTerminate Plymouth Boot Screen[0m...

CentOS Stream 9
Kernel 6.19.0-rc1-6cbfdf89470e+ on an x86_64

Activate the web console with: systemctl enable --now cockpit.socket

test login: [  300.338277] INFO: task systemd:735 blocked for more than 147 seconds.
[  300.338809]       Not tainted 6.19.0-rc1-6cbfdf89470e+ #1
[  300.339212] "echo 0 > /proc/sys/kernel/hung_task_timeout_secs" disables this message.
[  300.339748] task:systemd         state:D stack:0     pid:735   tgid:1     ppid:0      task_flags:0x400040 flags:0x00080000
[  300.340495] Call Trace:
[  300.340675]  <TASK>
[  300.340838]  __schedule+0xfd0/0x40f0
[  300.341627]  ? __pfx___schedule+0x10/0x10
[  300.341917]  ? lock_release+0x14f/0x2a0
[  300.342209]  ? wait_transaction_locked+0x196/0x240
[  300.342605]  schedule+0xf6/0x3d0
[  300.342844]  wait_transaction_locked+0x1bb/0x240
[  300.343181]  ? wait_transaction_locked+0x196/0x240
[  300.343521]  ? __pfx_wait_transaction_locked+0x10/0x10
[  300.343883]  ? __pfx_autoremove_wake_function+0x10/0x10
[  300.344264]  ? jbd2__journal_start+0x19c/0x810
[  300.344590]  add_transaction_credits+0x121/0x1000
[  300.344943]  ? __pfx_add_transaction_credits+0x10/0x10
[  300.345341]  ? __this_cpu_preempt_check+0x21/0x30
[  300.345709]  ? lock_acquire+0x180/0x2f0
[  300.346033]  ? __kasan_check_write+0x18/0x20
[  300.346403]  start_this_handle+0x457/0x1550
[  300.346748]  ? __pfx_start_this_handle+0x10/0x10
[  300.347118]  ? debug_smp_processor_id+0x20/0x30
[  300.347472]  ? rcu_is_watching+0x19/0xc0
[  300.347781]  ? kmem_cache_alloc_noprof+0x4e2/0x780
[  300.348163]  jbd2__journal_start+0x397/0x810
[  300.348504]  __ext4_journal_start_sb+0x3fc/0x580
[  300.348858]  ? ext4_rmdir+0x637/0xf10
[  300.349155]  ext4_rmdir+0x637/0xf10
[  300.349441]  ? __pfx_ext4_rmdir+0x10/0x10
[  300.349765]  ? __pfx_down_write+0x10/0x10
[  300.350076]  ? do_raw_spin_unlock+0x15c/0x210
[  300.350442]  vfs_rmdir+0x351/0x880
[  300.350713]  do_rmdir+0x450/0x5e0
[  300.350979]  ? __pfx_do_rmdir+0x10/0x10
[  300.351288]  ? __sanitizer_cov_trace_const_cmp8+0x1c/0x30
[  300.351695]  ? strncpy_from_user+0x198/0x290
[  300.352040]  ? getname_flags.part.0+0x1d5/0x570
[  300.352410]  __x64_sys_unlinkat+0xff/0x130
[  300.352735]  x64_sys_call+0xea8/0x21b0
[  300.353033]  do_syscall_64+0x6d/0x1180
[  300.353329]  entry_SYSCALL_64_after_hwframe+0x76/0x7e
[  300.353708] RIP: 0033:0x7f1ae423ebab
[  300.353993] RSP: 002b:00007f1ae3969838 EFLAGS: 00000246 ORIG_RAX: 0000000000000107
[  300.354586] RAX: ffffffffffffffda RBX: 0000000000000006 RCX: 00007f1ae423ebab
[  300.355091] RDX: 0000000000000200 RSI: 00007f1adc008bf0 RDI: 000000000000000c
[  300.355575] RBP: 000000000000000c R08: 0000000000000003 R09: 0000000000000078
[  300.356057] R10: 000000000000009b R11: 0000000000000246 R12: 0000000000000000
[  300.356535] R13: 00007f1adc008bf0 R14: 0000000000000200 R15: 0000000000000006
[  300.357032]  </TASK>
[  300.357190] INFO: task systemd:736 blocked for more than 147 seconds.
[  300.357634]       Not tainted 6.19.0-rc1-6cbfdf89470e+ #1
[  300.358001] "echo 0 > /proc/sys/kernel/hung_task_timeout_secs" disables this message.
[  300.358559] task:systemd         state:D stack:0     pid:736   tgid:1     ppid:0      task_flags:0x400040 flags:0x00080000
[  300.359303] Call Trace:
[  300.359480]  <TASK>
[  300.359640]  __schedule+0xfd0/0x40f0
[  300.359906]  ? __pfx___schedule+0x10/0x10
[  300.360198]  ? lock_release+0x14f/0x2a0
[  300.360472]  ? wait_transaction_locked+0x196/0x240
[  300.360808]  schedule+0xf6/0x3d0
[  300.361051]  wait_transaction_locked+0x1bb/0x240
[  300.361376]  ? wait_transaction_locked+0x196/0x240
[  300.361713]  ? __pfx_wait_transaction_locked+0x10/0x10
[  300.362078]  ? __pfx_autoremove_wake_function+0x10/0x10
[  300.362463]  ? jbd2__journal_start+0x19c/0x810
[  300.362784]  add_transaction_credits+0x121/0x1000
[  300.363128]  ? __pfx_add_transaction_credits+0x10/0x10
[  300.363500]  ? __this_cpu_preempt_check+0x21/0x30
[  300.363832]  ? lock_acquire+0x180/0x2f0
[  300.364116]  ? __kasan_check_write+0x18/0x20
[  300.364426]  start_this_handle+0x457/0x1550
[  300.364737]  ? __pfx_start_this_handle+0x10/0x10
[  300.365071]  ? debug_smp_processor_id+0x20/0x30
[  300.365391]  ? rcu_is_watching+0x19/0xc0
[  300.365668]  ? kmem_cache_alloc_noprof+0x4e2/0x780
[  300.366017]  jbd2__journal_start+0x397/0x810
[  300.366344]  __ext4_journal_start_sb+0x3fc/0x580
[  300.366673]  ? ext4_rmdir+0x637/0xf10
[  300.366945]  ext4_rmdir+0x637/0xf10
[  300.367202]  ? __pfx_ext4_rmdir+0x10/0x10
[  300.367496]  ? __pfx_down_write+0x10/0x10
[  300.367779]  ? do_raw_spin_unlock+0x15c/0x210
[  300.368093]  vfs_rmdir+0x351/0x880
[  300.368343]  do_rmdir+0x450/0x5e0
[  300.368585]  ? __pfx_do_rmdir+0x10/0x10
[  300.368861]  ? __sanitizer_cov_trace_const_cmp8+0x1c/0x30
[  300.369238]  ? strncpy_from_user+0x198/0x290
[  300.369545]  ? getname_flags.part.0+0x1d5/0x570
[  300.369881]  __x64_sys_unlinkat+0xff/0x130
[  300.370176]  x64_sys_call+0xea8/0x21b0
[  300.370482]  do_syscall_64+0x6d/0x1180
[  300.370757]  entry_SYSCALL_64_after_hwframe+0x76/0x7e
[  300.371110] RIP: 0033:0x7f1ae423ebab
[  300.371361] RSP: 002b:00007f1ae3168838 EFLAGS: 00000246 ORIG_RAX: 0000000000000107
[  300.371876] RAX: ffffffffffffffda RBX: 0000000000000006 RCX: 00007f1ae423ebab
[  300.372360] RDX: 0000000000000200 RSI: 00007f1ad4008bf0 RDI: 0000000000000016
[  300.372846] RBP: 0000000000000016 R08: 0000000000000003 R09: 0000000000000078
[  300.373333] R10: 000000000000009b R11: 0000000000000246 R12: 0000000000000000
[  300.373813] R13: 00007f1ad4008bf0 R14: 0000000000000200 R15: 0000000000000006
[  300.374326]  </TASK>
[  300.374502] INFO: task kworker/u8:1:34 blocked for more than 147 seconds.
[  300.374962]       Not tainted 6.19.0-rc1-6cbfdf89470e+ #1
[  300.375337] "echo 0 > /proc/sys/kernel/hung_task_timeout_secs" disables this message.
[  300.375861] task:kworker/u8:1    state:D stack:0     pid:34    tgid:34    ppid:2      task_flags:0x4248060 flags:0x00080000
[  300.376618] Workqueue: writeback wb_workfn (flush-8:0)
[  300.376989] Call Trace:
[  300.377169]  <TASK>
[  300.377328]  __schedule+0xfd0/0x40f0
[  300.377593]  ? __pfx___schedule+0x10/0x10
[  300.377877]  ? lock_release+0x14f/0x2a0
[  300.378158]  ? kthread_data+0x61/0xd0
[  300.378441]  ? wait_transaction_locked+0x196/0x240
[  300.378780]  schedule+0xf6/0x3d0
[  300.379018]  wait_transaction_locked+0x1bb/0x240
[  300.379341]  ? wait_transaction_locked+0x196/0x240
[  300.379678]  ? __pfx_wait_transaction_locked+0x10/0x10
[  300.380041]  ? __pfx_autoremove_wake_function+0x10/0x10
[  300.380408]  ? jbd2__journal_start+0x253/0x810
[  300.380729]  add_transaction_credits+0x121/0x1000
[  300.381062]  ? ext4_init_io_end+0x32/0x190
[  300.381356]  ? __pfx_add_transaction_credits+0x10/0x10
[  300.381712]  ? __this_cpu_preempt_check+0x21/0x30
[  300.382044]  ? lock_acquire+0x180/0x2f0
[  300.382342]  ? __kasan_check_write+0x18/0x20
[  300.382651]  start_this_handle+0x457/0x1550
[  300.382957]  ? __pfx_start_this_handle+0x10/0x10
[  300.383291]  ? debug_smp_processor_id+0x20/0x30
[  300.383609]  ? rcu_is_watching+0x19/0xc0
[  300.383894]  ? kmem_cache_alloc_noprof+0x4e2/0x780
[  300.384245]  jbd2__journal_start+0x397/0x810
[  300.384556]  __ext4_journal_start_sb+0x3fc/0x580
[  300.384878]  ? __sanitizer_cov_trace_const_cmp4+0x1a/0x20
[  300.385258]  ? ext4_do_writepages+0x1112/0x3930
[  300.385582]  ext4_do_writepages+0x1112/0x3930
[  300.385888]  ? __this_cpu_preempt_check+0x21/0x30
[  300.386240]  ? lock_is_held_type+0xef/0x150
[  300.386543]  ? __lock_acquire+0x412/0x2210
[  300.386851]  ? __pfx_ext4_do_writepages+0x10/0x10
[  300.387192]  ? __this_cpu_preempt_check+0x21/0x30
[  300.387528]  ? lock_is_held_type+0xef/0x150
[  300.387825]  ext4_writepages+0x3e1/0x870
[  300.388107]  ? ext4_writepages+0x3e1/0x870
[  300.388395]  ? __pfx_ext4_writepages+0x10/0x10
[  300.388728]  ? do_raw_spin_unlock+0x15c/0x210
[  300.389038]  ? __pfx_ext4_writepages+0x10/0x10
[  300.389327]  do_writepages+0x255/0x5b0
[  300.389595]  __writeback_single_inode+0x121/0x1340
[  300.389933]  ? _raw_spin_unlock+0x31/0x60
[  300.390239]  ? __sanitizer_cov_trace_const_cmp8+0x1c/0x30
[  300.390606]  ? wbc_attach_and_unlock_inode.part.0+0x47a/0x890
[  300.391013]  writeback_sb_inodes+0x785/0x1c80
[  300.391332]  ? __pfx_writeback_sb_inodes+0x10/0x10
[  300.391670]  ? __lock_acquire+0x412/0x2210
[  300.391959]  ? __lock_acquire+0x412/0x2210
[  300.392283]  ? __sanitizer_cov_trace_const_cmp8+0x1c/0x30
[  300.392671]  __writeback_inodes_wb+0xc8/0x280
[  300.392988]  wb_writeback+0x652/0x9e0
[  300.393268]  ? __pfx_wb_writeback+0x10/0x10
[  300.393571]  ? __sanitizer_cov_trace_cmp4+0x1a/0x20
[  300.393908]  ? get_nr_dirty_inodes+0x12c/0x1b0
[  300.394254]  wb_workfn+0x713/0xe60
[  300.394505]  ? __pfx_wb_workfn+0x10/0x10
[  300.394792]  process_one_work+0x930/0x1ad0
[  300.395091]  ? __lock_acquire+0x412/0x2210
[  300.395388]  ? __pfx_process_one_work+0x10/0x10
[  300.395706]  ? move_linked_works+0x1bf/0x2c0
[  300.396003]  ? __this_cpu_preempt_check+0x21/0x30
[  300.396351]  ? assign_work+0x19f/0x250
[  300.396621]  ? lock_is_held_type+0xef/0x150
[  300.396915]  worker_thread+0x697/0xeb0
[  300.397193]  ? __pfx_worker_thread+0x10/0x10
[  300.397494]  kthread+0x464/0x980
[  300.397727]  ? __pfx_kthread+0x10/0x10
[  300.397992]  ? trace_hardirqs_on+0x26/0x130
[  300.398317]  ? _raw_spin_unlock_irq+0x3c/0x60
[  300.398623]  ? __pfx_kthread+0x10/0x10
[  300.398892]  ret_from_fork+0x780/0x8f0
[  300.399161]  ? __pfx_ret_from_fork+0x10/0x10
[  300.399462]  ? native_load_tls+0x16/0x50
[  300.399740]  ? __sanitizer_cov_trace_const_cmp8+0x1c/0x30
[  300.400112]  ? __switch_to+0x823/0x10b0
[  300.400385]  ? __pfx_kthread+0x10/0x10
[  300.400663]  ret_from_fork_asm+0x1a/0x30
[  300.400954]  </TASK>
[  300.401115] INFO: task kworker/u8:2:36 blocked for more than 147 seconds.
[  300.401564]       Not tainted 6.19.0-rc1-6cbfdf89470e+ #1
[  300.401927] "echo 0 > /proc/sys/kernel/hung_task_timeout_secs" disables this message.
[  300.402463] task:kworker/u8:2    state:D stack:0     pid:36    tgid:36    ppid:2      task_flags:0x4248060 flags:0x00080000
[  300.403196] Workqueue: writeback wb_workfn (flush-8:0)
[  300.403549] Call Trace:
[  300.403724]  <TASK>
[  300.403881]  __schedule+0xfd0/0x40f0
[  300.404148]  ? __pfx___schedule+0x10/0x10
[  300.404435]  ? lock_release+0x14f/0x2a0
[  300.404709]  ? kthread_data+0x61/0xd0
[  300.404972]  ? wait_transaction_locked+0x196/0x240
[  300.405308]  schedule+0xf6/0x3d0
[  300.405545]  wait_transaction_locked+0x1bb/0x240
[  300.405867]  ? wait_transaction_locked+0x196/0x240
[  300.406210]  ? __pfx_wait_transaction_locked+0x10/0x10
[  300.406586]  ? __pfx_autoremove_wake_function+0x10/0x10
[  300.406951]  ? jbd2__journal_start+0x253/0x810
[  300.407269]  add_transaction_credits+0x121/0x1000
[  300.407596]  ? ext4_init_io_end+0x32/0x190
[  300.407888]  ? __pfx_add_transaction_credits+0x10/0x10
[  300.408249]  ? __this_cpu_preempt_check+0x21/0x30
[  300.408576]  ? lock_acquire+0x180/0x2f0
[  300.408852]  ? __kasan_check_write+0x18/0x20
[  300.409165]  start_this_handle+0x457/0x1550
[  300.409464]  ? __pfx_start_this_handle+0x10/0x10
[  300.409788]  ? debug_smp_processor_id+0x20/0x30
[  300.410108]  ? rcu_is_watching+0x19/0xc0
[  300.410401]  ? kmem_cache_alloc_noprof+0x4e2/0x780
[  300.410744]  jbd2__journal_start+0x397/0x810
[  300.411058]  __ext4_journal_start_sb+0x3fc/0x580
[  300.411376]  ? __sanitizer_cov_trace_const_cmp4+0x1a/0x20
[  300.411744]  ? ext4_do_writepages+0x1112/0x3930
[  300.412070]  ext4_do_writepages+0x1112/0x3930
[  300.412385]  ? __lock_acquire+0x412/0x2210
[  300.412682]  ? __pfx_ext4_do_writepages+0x10/0x10
[  300.413018]  ? __this_cpu_preempt_check+0x21/0x30
[  300.413350]  ? lock_is_held_type+0xef/0x150
[  300.413644]  ext4_writepages+0x3e1/0x870
[  300.413916]  ? ext4_writepages+0x3e1/0x870
[  300.414208]  ? __pfx_ext4_writepages+0x10/0x10
[  300.414548]  ? do_raw_spin_unlock+0x15c/0x210
[  300.414855]  ? __pfx_ext4_writepages+0x10/0x10
[  300.415174]  do_writepages+0x255/0x5b0
[  300.415444]  __writeback_single_inode+0x121/0x1340
[  300.415776]  ? _raw_spin_unlock+0x31/0x60
[  300.416063]  ? __sanitizer_cov_trace_const_cmp8+0x1c/0x30
[  300.416437]  ? wbc_attach_and_unlock_inode.part.0+0x47a/0x890
[  300.416842]  writeback_sb_inodes+0x785/0x1c80
[  300.417165]  ? __pfx_writeback_sb_inodes+0x10/0x10
[  300.417505]  ? __lock_acquire+0x412/0x2210
[  300.417791]  ? __lock_acquire+0x412/0x2210
[  300.418113]  ? __sanitizer_cov_trace_const_cmp8+0x1c/0x30
[  300.418504]  __writeback_inodes_wb+0xc8/0x280
[  300.418822]  wb_writeback+0x652/0x9e0
[  300.419104]  ? __pfx_wb_writeback+0x10/0x10
[  300.419416]  ? __sanitizer_cov_trace_cmp4+0x1a/0x20
[  300.419752]  ? get_nr_dirty_inodes+0x12c/0x1b0
[  300.420076]  wb_workfn+0x713/0xe60
[  300.420321]  ? try_to_wake_up+0x186/0x1b60
[  300.420618]  ? __pfx_wb_workfn+0x10/0x10
[  300.420906]  process_one_work+0x930/0x1ad0
[  300.421197]  ? __lock_acquire+0x412/0x2210
[  300.421497]  ? __pfx_process_one_work+0x10/0x10
[  300.421818]  ? move_linked_works+0x1bf/0x2c0
[  300.422118]  ? __this_cpu_preempt_check+0x21/0x30
[  300.422477]  ? assign_work+0x19f/0x250
[  300.422757]  ? lock_is_held_type+0xef/0x150
[  300.423063]  worker_thread+0x697/0xeb0
[  300.423342]  ? __pfx_worker_thread+0x10/0x10
[  300.423652]  kthread+0x464/0x980
[  300.423889]  ? __pfx_kthread+0x10/0x10
[  300.424163]  ? trace_hardirqs_on+0x26/0x130
[  300.424453]  ? _raw_spin_unlock_irq+0x3c/0x60
[  300.424766]  ? __pfx_kthread+0x10/0x10
[  300.425037]  ret_from_fork+0x780/0x8f0
[  300.425303]  ? __pfx_ret_from_fork+0x10/0x10
[  300.425598]  ? native_load_tls+0x16/0x50
[  300.425874]  ? __sanitizer_cov_trace_const_cmp8+0x1c/0x30
[  300.426269]  ? __switch_to+0x823/0x10b0
[  300.426540]  ? __pfx_kthread+0x10/0x10
[  300.426813]  ret_from_fork_asm+0x1a/0x30
[  300.427103]  </TASK>
[  300.427266] INFO: task kworker/u8:3:54 blocked for more than 147 seconds.
[  300.427730]       Not tainted 6.19.0-rc1-6cbfdf89470e+ #1
[  300.428094] "echo 0 > /proc/sys/kernel/hung_task_timeout_secs" disables this message.
[  300.428620] task:kworker/u8:3    state:D stack:0     pid:54    tgid:54    ppid:2      task_flags:0x4248160 flags:0x00080000
[  300.429364] Workqueue: writeback wb_workfn (flush-8:0)
[  300.429717] Call Trace:
[  300.429895]  <TASK>
[  300.430053]  __schedule+0xfd0/0x40f0
[  300.430332]  ? __pfx___schedule+0x10/0x10
[  300.430628]  ? lock_release+0x14f/0x2a0
[  300.430906]  ? kthread_data+0x61/0xd0
[  300.431170]  ? wait_transaction_locked+0x196/0x240
[  300.431505]  schedule+0xf6/0x3d0
[  300.431740]  wait_transaction_locked+0x1bb/0x240
[  300.432067]  ? wait_transaction_locked+0x196/0x240
[  300.432408]  ? __pfx_wait_transaction_locked+0x10/0x10
[  300.432767]  ? __pfx_autoremove_wake_function+0x10/0x10
[  300.433129]  ? jbd2__journal_start+0x253/0x810
[  300.433445]  add_transaction_credits+0x121/0x1000
[  300.433776]  ? ext4_init_io_end+0x32/0x190
[  300.434078]  ? __pfx_add_transaction_credits+0x10/0x10
[  300.434459]  ? __this_cpu_preempt_check+0x21/0x30
[  300.434792]  ? lock_acquire+0x180/0x2f0
[  300.435073]  ? blk_cgroup_bio_start+0x389/0x660
[  300.435395]  ? __kasan_check_write+0x18/0x20
[  300.435703]  start_this_handle+0x457/0x1550
[  300.436006]  ? __pfx_start_this_handle+0x10/0x10
[  300.436336]  ? debug_smp_processor_id+0x20/0x30
[  300.436657]  ? rcu_is_watching+0x19/0xc0
[  300.436937]  ? kmem_cache_alloc_noprof+0x4e2/0x780
[  300.437290]  jbd2__journal_start+0x397/0x810
[  300.437594]  __ext4_journal_start_sb+0x3fc/0x580
[  300.437914]  ? __sanitizer_cov_trace_const_cmp4+0x1a/0x20
[  300.438306]  ? ext4_do_writepages+0x1112/0x3930
[  300.438632]  ext4_do_writepages+0x1112/0x3930
[  300.438940]  ? __sanitizer_cov_trace_cmp8+0x1c/0x30
[  300.439293]  ? stack_trace_save+0x96/0xd0
[  300.439579]  ? __lock_acquire+0x412/0x2210
[  300.439871]  ? update_stack_state+0x2d9/0x610
[  300.440196]  ? __pfx_ext4_do_writepages+0x10/0x10
[  300.440537]  ? __this_cpu_preempt_check+0x21/0x30
[  300.440878]  ? lock_is_held_type+0xef/0x150
[  300.441176]  ext4_writepages+0x3e1/0x870
[  300.441447]  ? ext4_writepages+0x3e1/0x870
[  300.441736]  ? __pfx_ext4_writepages+0x10/0x10
[  300.442059]  ? do_raw_spin_unlock+0x15c/0x210
[  300.442381]  ? __pfx_ext4_writepages+0x10/0x10
[  300.442698]  do_writepages+0x255/0x5b0
[  300.442973]  __writeback_single_inode+0x121/0x1340
[  300.443326]  ? _raw_spin_unlock+0x31/0x60
[  300.443609]  ? __sanitizer_cov_trace_const_cmp4+0x1a/0x20
[  300.443983]  ? wbc_attach_and_unlock_inode.part.0+0x47a/0x890
[  300.444398]  writeback_sb_inodes+0x785/0x1c80
[  300.444728]  ? __pfx_writeback_sb_inodes+0x10/0x10
[  300.445063]  ? __lock_acquire+0x412/0x2210
[  300.445348]  ? __sanitizer_cov_trace_cmp4+0x1a/0x20
[  300.445719]  ? __sanitizer_cov_trace_const_cmp8+0x1c/0x30
[  300.446107]  __writeback_inodes_wb+0xc8/0x280
[  300.446452]  wb_writeback+0x652/0x9e0
[  300.446732]  ? __pfx_wb_writeback+0x10/0x10
[  300.447036]  ? __sanitizer_cov_trace_cmp4+0x1a/0x20
[  300.447374]  ? get_nr_dirty_inodes+0x12c/0x1b0
[  300.447695]  wb_workfn+0x713/0xe60
[  300.447947]  ? __pfx_wb_workfn+0x10/0x10
[  300.448242]  process_one_work+0x930/0x1ad0
[  300.448531]  ? __lock_acquire+0x412/0x2210
[  300.448829]  ? __pfx_process_one_work+0x10/0x10
[  300.449150]  ? move_linked_works+0x1bf/0x2c0
[  300.449448]  ? __this_cpu_preempt_check+0x21/0x30
[  300.449780]  ? assign_work+0x19f/0x250
[  300.450052]  ? lock_is_held_type+0xef/0x150
[  300.450368]  worker_thread+0x697/0xeb0
[  300.450644]  ? _raw_spin_unlock_irqrestore+0x35/0x70
[  300.450994]  ? trace_hardirqs_on+0x26/0x130
[  300.451313]  ? __pfx_worker_thread+0x10/0x10
[  300.451615]  kthread+0x464/0x980
[  300.451853]  ? __pfx_kthread+0x10/0x10
[  300.452127]  ? trace_hardirqs_on+0x26/0x130
[  300.452426]  ? _raw_spin_unlock_irq+0x3c/0x60
[  300.452734]  ? __pfx_kthread+0x10/0x10
[  300.453012]  ret_from_fork+0x780/0x8f0
[  300.453282]  ? __pfx_ret_from_fork+0x10/0x10
[  300.453582]  ? native_load_tls+0x16/0x50
[  300.453864]  ? __sanitizer_cov_trace_const_cmp8+0x1c/0x30
[  300.454273]  ? __switch_to+0x823/0x10b0
[  300.454550]  ? __pfx_kthread+0x10/0x10
[  300.454818]  ret_from_fork_asm+0x1a/0x30
[  300.455108]  </TASK>
[  300.455312] INFO: task kworker/u8:5:81 blocked for more than 147 seconds.
[  300.455777]       Not tainted 6.19.0-rc1-6cbfdf89470e+ #1
[  300.456157] "echo 0 > /proc/sys/kernel/hung_task_timeout_secs" disables this message.
[  300.456687] task:kworker/u8:5    state:D stack:0     pid:81    tgid:81    ppid:2      task_flags:0x4248060 flags:0x00080000
[  300.457446] Workqueue: writeback wb_workfn (flush-8:0)
[  300.457802] Call Trace:
[  300.457982]  <TASK>
[  300.458146]  __schedule+0xfd0/0x40f0
[  300.458447]  ? __pfx___schedule+0x10/0x10
[  300.458737]  ? lock_release+0x14f/0x2a0
[  300.459020]  ? kthread_data+0x61/0xd0
[  300.459279]  ? wait_transaction_locked+0x196/0x240
[  300.459612]  schedule+0xf6/0x3d0
[  300.459847]  wait_transaction_locked+0x1bb/0x240
[  300.460173]  ? wait_transaction_locked+0x196/0x240
[  300.460506]  ? __pfx_wait_transaction_locked+0x10/0x10
[  300.460866]  ? check_noncircular+0x80/0x150
[  300.461161]  ? __pfx_autoremove_wake_function+0x10/0x10
[  300.461529]  ? __this_cpu_preempt_check+0x21/0x30
[  300.461858]  ? lockdep_unlock+0x62/0xd0
[  300.462135]  add_transaction_credits+0x121/0x1000
[  300.462486]  ? __pfx_add_transaction_credits+0x10/0x10
[  300.462850]  ? __this_cpu_preempt_check+0x21/0x30
[  300.463183]  ? lock_acquire+0x180/0x2f0
[  300.463463]  ? __kasan_check_write+0x18/0x20
[  300.463767]  start_this_handle+0x457/0x1550
[  300.464071]  ? __pfx_start_this_handle+0x10/0x10
[  300.464394]  ? debug_smp_processor_id+0x20/0x30
[  300.464718]  ? rcu_is_watching+0x19/0xc0
[  300.464998]  ? kmem_cache_alloc_noprof+0x4e2/0x780
[  300.465352]  jbd2__journal_start+0x397/0x810
[  300.465659]  __ext4_journal_start_sb+0x3fc/0x580
[  300.465988]  ? __sanitizer_cov_trace_const_cmp4+0x1a/0x20
[  300.466392]  ? ext4_do_writepages+0x1112/0x3930
[  300.466720]  ext4_do_writepages+0x1112/0x3930
[  300.467034]  ? check_noncircular+0x80/0x150
[  300.467337]  ? arch_stack_walk+0x8b/0xf0
[  300.467621]  ? __lock_acquire+0x412/0x2210
[  300.467924]  ? __pfx_ext4_do_writepages+0x10/0x10
[  300.468265]  ? __this_cpu_preempt_check+0x21/0x30
[  300.468593]  ? lock_is_held_type+0xef/0x150
[  300.468889]  ext4_writepages+0x3e1/0x870
[  300.469169]  ? ext4_writepages+0x3e1/0x870
[  300.469460]  ? __pfx_ext4_writepages+0x10/0x10
[  300.469790]  ? __pfx_ext4_writepages+0x10/0x10
[  300.470104]  do_writepages+0x255/0x5b0
[  300.470388]  __writeback_single_inode+0x121/0x1340
[  300.470733]  ? _raw_spin_unlock+0x31/0x60
[  300.471016]  ? __sanitizer_cov_trace_const_cmp8+0x1c/0x30
[  300.471388]  ? wbc_attach_and_unlock_inode.part.0+0x47a/0x890
[  300.471804]  writeback_sb_inodes+0x785/0x1c80
[  300.472129]  ? __pfx_writeback_sb_inodes+0x10/0x10
[  300.472474]  ? __lock_acquire+0x412/0x2210
[  300.472759]  ? __lock_acquire+0x412/0x2210
[  300.473084]  ? __sanitizer_cov_trace_const_cmp8+0x1c/0x30
[  300.473472]  __writeback_inodes_wb+0xc8/0x280
[  300.473799]  wb_writeback+0x652/0x9e0
[  300.474074]  ? __pfx_wb_writeback+0x10/0x10
[  300.474389]  ? __sanitizer_cov_trace_cmp4+0x1a/0x20
[  300.474729]  ? get_nr_dirty_inodes+0x12c/0x1b0
[  300.475056]  wb_workfn+0x713/0xe60
[  300.475305]  ? __pfx_wb_workfn+0x10/0x10
[  300.475593]  process_one_work+0x930/0x1ad0
[  300.475879]  ? __lock_acquire+0x412/0x2210
[  300.476183]  ? __pfx_process_one_work+0x10/0x10
[  300.476502]  ? move_linked_works+0x1bf/0x2c0
[  300.476802]  ? __this_cpu_preempt_check+0x21/0x30
[  300.477145]  ? assign_work+0x19f/0x250
[  300.477410]  ? lock_is_held_type+0xef/0x150
[  300.477710]  worker_thread+0x697/0xeb0
[  300.477980]  ? _raw_spin_unlock_irqrestore+0x35/0x70
[  300.478355]  ? trace_hardirqs_on+0x26/0x130
[  300.478655]  ? __pfx_worker_thread+0x10/0x10
[  300.478962]  kthread+0x464/0x980
[  300.479200]  ? __pfx_kthread+0x10/0x10
[  300.479470]  ? trace_hardirqs_on+0x26/0x130
[  300.479762]  ? _raw_spin_unlock_irq+0x3c/0x60
[  300.480076]  ? __pfx_kthread+0x10/0x10
[  300.480348]  ret_from_fork+0x780/0x8f0
[  300.480614]  ? __pfx_ret_from_fork+0x10/0x10
[  300.480917]  ? native_load_tls+0x16/0x50
[  300.481211]  ? __sanitizer_cov_trace_const_cmp8+0x1c/0x30
[  300.481583]  ? __switch_to+0x823/0x10b0
[  300.481853]  ? __pfx_kthread+0x10/0x10
[  300.482128]  ret_from_fork_asm+0x1a/0x30
[  300.482435]  </TASK>
[  300.482593] INFO: task kworker/u8:6:82 blocked for more than 147 seconds.
[  300.483059]       Not tainted 6.19.0-rc1-6cbfdf89470e+ #1
[  300.483435] "echo 0 > /proc/sys/kernel/hung_task_timeout_secs" disables this message.
[  300.483963] task:kworker/u8:6    state:D stack:0     pid:82    tgid:82    ppid:2      task_flags:0x4248060 flags:0x00080000
[  300.484714] Workqueue: writeback wb_workfn (flush-8:0)
[  300.485074] Call Trace:
[  300.485251]  <TASK>
[  300.485410]  __schedule+0xfd0/0x40f0
[  300.485671]  ? __pfx___schedule+0x10/0x10
[  300.485961]  ? lock_release+0x14f/0x2a0
[  300.486254]  ? kthread_data+0x61/0xd0
[  300.486517]  ? wait_transaction_locked+0x196/0x240
[  300.486847]  schedule+0xf6/0x3d0
[  300.487087]  wait_transaction_locked+0x1bb/0x240
[  300.487407]  ? wait_transaction_locked+0x196/0x240
[  300.487745]  ? __pfx_wait_transaction_locked+0x10/0x10
[  300.488110]  ? __pfx_autoremove_wake_function+0x10/0x10
[  300.488472]  ? jbd2__journal_start+0x253/0x810
[  300.488792]  add_transaction_credits+0x121/0x1000
[  300.489124]  ? ext4_init_io_end+0x32/0x190
[  300.489417]  ? __pfx_add_transaction_credits+0x10/0x10
[  300.489776]  ? __this_cpu_preempt_check+0x21/0x30
[  300.490123]  ? lock_acquire+0x180/0x2f0
[  300.490427]  ? __kasan_check_write+0x18/0x20
[  300.490730]  start_this_handle+0x457/0x1550
[  300.491036]  ? __pfx_start_this_handle+0x10/0x10
[  300.491363]  ? debug_smp_processor_id+0x20/0x30
[  300.491682]  ? rcu_is_watching+0x19/0xc0
[  300.491963]  ? kmem_cache_alloc_noprof+0x4e2/0x780
[  300.492308]  jbd2__journal_start+0x397/0x810
[  300.492613]  __ext4_journal_start_sb+0x3fc/0x580
[  300.492934]  ? __sanitizer_cov_trace_const_cmp4+0x1a/0x20
[  300.493311]  ? ext4_do_writepages+0x1112/0x3930
[  300.493635]  ext4_do_writepages+0x1112/0x3930
[  300.493948]  ? __lock_acquire+0x412/0x2210
[  300.494270]  ? __pfx_ext4_do_writepages+0x10/0x10
[  300.494610]  ? __this_cpu_preempt_check+0x21/0x30
[  300.494944]  ? lock_is_held_type+0xef/0x150
[  300.495251]  ext4_writepages+0x3e1/0x870
[  300.495521]  ? ext4_writepages+0x3e1/0x870
[  300.495812]  ? __pfx_ext4_writepages+0x10/0x10
[  300.496136]  ? do_raw_spin_unlock+0x15c/0x210
[  300.496449]  ? __pfx_ext4_writepages+0x10/0x10
[  300.496766]  do_writepages+0x255/0x5b0
[  300.497039]  __writeback_single_inode+0x121/0x1340
[  300.497375]  ? _raw_spin_unlock+0x31/0x60
[  300.497657]  ? __sanitizer_cov_trace_const_cmp4+0x1a/0x20
[  300.498032]  ? wbc_attach_and_unlock_inode.part.0+0x47a/0x890
[  300.498454]  writeback_sb_inodes+0x785/0x1c80
[  300.498781]  ? __pfx_writeback_sb_inodes+0x10/0x10
[  300.499124]  ? __lock_acquire+0x412/0x2210
[  300.499412]  ? __lock_acquire+0x412/0x2210
[  300.499736]  ? __sanitizer_cov_trace_const_cmp8+0x1c/0x30
[  300.500126]  __writeback_inodes_wb+0xc8/0x280
[  300.500439]  wb_writeback+0x652/0x9e0
[  300.500713]  ? __pfx_wb_writeback+0x10/0x10
[  300.501020]  ? __sanitizer_cov_trace_cmp4+0x1a/0x20
[  300.501365]  ? get_nr_dirty_inodes+0x12c/0x1b0
[  300.501684]  wb_workfn+0x713/0xe60
[  300.501932]  ? __pfx_wb_workfn+0x10/0x10
[  300.502238]  process_one_work+0x930/0x1ad0
[  300.502535]  ? __lock_acquire+0x412/0x2210
[  300.502834]  ? __pfx_process_one_work+0x10/0x10
[  300.503156]  ? move_linked_works+0x1bf/0x2c0
[  300.503453]  ? __this_cpu_preempt_check+0x21/0x30
[  300.503789]  ? assign_work+0x19f/0x250
[  300.504057]  ? lock_is_held_type+0xef/0x150
[  300.504352]  worker_thread+0x697/0xeb0
[  300.504624]  ? _raw_spin_unlock_irqrestore+0x35/0x70
[  300.504968]  ? trace_hardirqs_on+0x26/0x130
[  300.505271]  ? __pfx_worker_thread+0x10/0x10
[  300.505579]  kthread+0x464/0x980
[  300.505813]  ? __pfx_kthread+0x10/0x10
[  300.506082]  ? trace_hardirqs_on+0x26/0x130
[  300.506400]  ? _raw_spin_unlock_irq+0x3c/0x60
[  300.506709]  ? __pfx_kthread+0x10/0x10
[  300.506978]  ret_from_fork+0x780/0x8f0
[  300.507254]  ? __pfx_ret_from_fork+0x10/0x10
[  300.507549]  ? native_load_tls+0x16/0x50
[  300.507826]  ? __sanitizer_cov_trace_const_cmp8+0x1c/0x30
[  300.508201]  ? __switch_to+0x823/0x10b0
[  300.508479]  ? __pfx_kthread+0x10/0x10
[  300.508751]  ret_from_fork_asm+0x1a/0x30
[  300.509054]  </TASK>
[  300.509214] INFO: task jbd2/sda-8:101 blocked for more than 147 seconds.
[  300.509661]       Not tainted 6.19.0-rc1-6cbfdf89470e+ #1
[  300.510034] "echo 0 > /proc/sys/kernel/hung_task_timeout_secs" disables this message.
[  300.510577] task:jbd2/sda-8      state:D stack:0     pid:101   tgid:101   ppid:2      task_flags:0x240040 flags:0x00080000
[  300.511322] Call Trace:
[  300.511498]  <TASK>
[  300.511658]  __schedule+0xfd0/0x40f0
[  300.511923]  ? __pfx___schedule+0x10/0x10
[  300.512206]  ? lock_release+0x14f/0x2a0
[  300.512482]  schedule+0xf6/0x3d0
[  300.512718]  jbd2_journal_wait_updates+0x146/0x270
[  300.513058]  ? __pfx_jbd2_journal_wait_updates+0x10/0x10
[  300.513427]  ? __pfx_autoremove_wake_function+0x10/0x10
[  300.513784]  ? lock_release+0x14f/0x2a0
[  300.514067]  jbd2_journal_commit_transaction+0x7aa/0x6290
[  300.514473]  ? __lock_acquire+0x412/0x2210
[  300.514774]  ? __lock_acquire+0x412/0x2210
[  300.515069]  ? __pfx_jbd2_journal_commit_transaction+0x10/0x10
[  300.515479]  ? do_raw_spin_lock+0x140/0x280
[  300.515768]  ? __pfx_do_raw_spin_lock+0x10/0x10
[  300.516088]  ? lock_acquire+0x180/0x2f0
[  300.516371]  ? __timer_delete_sync+0x20a/0x300
[  300.516685]  ? __this_cpu_preempt_check+0x21/0x30
[  300.517017]  ? _raw_spin_unlock_irqrestore+0x35/0x70
[  300.517356]  ? lockdep_hardirqs_on+0x85/0x110
[  300.517666]  ? _raw_spin_unlock_irqrestore+0x35/0x70
[  300.518015]  ? trace_hardirqs_on+0x26/0x130
[  300.518336]  ? _raw_spin_unlock_irqrestore+0x45/0x70
[  300.518687]  ? __sanitizer_cov_trace_const_cmp4+0x1a/0x20
[  300.519064]  ? __timer_delete_sync+0x21e/0x300
[  300.519377]  ? __this_cpu_preempt_check+0x21/0x30
[  300.519714]  ? lock_release+0x14f/0x2a0
[  300.519990]  kjournald2+0x203/0x790
[  300.520252]  ? __pfx_kjournald2+0x10/0x10
[  300.520527]  ? _raw_spin_unlock_irqrestore+0x35/0x70
[  300.520873]  ? trace_hardirqs_on+0x26/0x130
[  300.521173]  ? __pfx_autoremove_wake_function+0x10/0x10
[  300.521534]  ? __sanitizer_cov_trace_const_cmp1+0x1e/0x30
[  300.521906]  ? __kthread_parkme+0x1bc/0x260
[  300.522205]  ? __pfx_kjournald2+0x10/0x10
[  300.522507]  kthread+0x464/0x980
[  300.522742]  ? __pfx_kthread+0x10/0x10
[  300.523017]  ? trace_hardirqs_on+0x26/0x130
[  300.523315]  ? _raw_spin_unlock_irq+0x3c/0x60
[  300.523628]  ? __pfx_kthread+0x10/0x10
[  300.523898]  ret_from_fork+0x780/0x8f0
[  300.524162]  ? __pfx_ret_from_fork+0x10/0x10
[  300.524464]  ? native_load_tls+0x16/0x50
[  300.524737]  ? __sanitizer_cov_trace_const_cmp8+0x1c/0x30
[  300.525105]  ? __switch_to+0x823/0x10b0
[  300.525375]  ? __pfx_kthread+0x10/0x10
[  300.525642]  ret_from_fork_asm+0x1a/0x30
[  300.525931]  </TASK>
[  300.526098] INFO: task auditd:239 blocked for more than 147 seconds.
[  300.526539]       Not tainted 6.19.0-rc1-6cbfdf89470e+ #1
[  300.526902] "echo 0 > /proc/sys/kernel/hung_task_timeout_secs" disables this message.
[  300.527430] task:auditd          state:D stack:0     pid:239   tgid:239   ppid:1      task_flags:0x400140 flags:0x00080000
[  300.528171] Call Trace:
[  300.528350]  <TASK>
[  300.528511]  __schedule+0xfd0/0x40f0
[  300.528779]  ? __pfx___schedule+0x10/0x10
[  300.529064]  ? lock_release+0x14f/0x2a0
[  300.529340]  ? wait_transaction_locked+0x196/0x240
[  300.529668]  schedule+0xf6/0x3d0
[  300.529902]  wait_transaction_locked+0x1bb/0x240
[  300.530258]  ? wait_transaction_locked+0x196/0x240
[  300.530606]  ? __pfx_wait_transaction_locked+0x10/0x10
[  300.530964]  ? __pfx_autoremove_wake_function+0x10/0x10
[  300.531333]  ? jbd2__journal_start+0x19c/0x810
[  300.531651]  add_transaction_credits+0x121/0x1000
[  300.531984]  ? __pfx_add_transaction_credits+0x10/0x10
[  300.532342]  ? __this_cpu_preempt_check+0x21/0x30
[  300.532677]  ? lock_acquire+0x180/0x2f0
[  300.532957]  ? __kasan_check_write+0x18/0x20
[  300.533269]  start_this_handle+0x457/0x1550
[  300.533570]  ? __pfx_start_this_handle+0x10/0x10
[  300.533889]  ? debug_smp_processor_id+0x20/0x30
[  300.534205]  ? rcu_is_watching+0x19/0xc0
[  300.534496]  ? kmem_cache_alloc_noprof+0x4e2/0x780
[  300.534848]  jbd2__journal_start+0x397/0x810
[  300.535161]  __ext4_journal_start_sb+0x3fc/0x580
[  300.535479]  ? ext4_dirty_inode+0xb3/0x140
[  300.535768]  ? __pfx_ext4_dirty_inode+0x10/0x10
[  300.536085]  ext4_dirty_inode+0xb3/0x140
[  300.536359]  ? rcu_is_watching+0x19/0xc0
[  300.536633]  __mark_inode_dirty+0x1cb/0x13f0
[  300.536944]  generic_update_time+0xe0/0x110
[  300.537243]  file_update_time_flags+0x40c/0x510
[  300.537567]  file_modified+0x43/0x60
[  300.537822]  ext4_buffered_write_iter+0x101/0x460
[  300.538153]  ext4_file_write_iter+0xb2a/0x1ee0
[  300.538495]  ? __pfx_ext4_file_write_iter+0x10/0x10
[  300.538832]  ? __this_cpu_preempt_check+0x21/0x30
[  300.539167]  ? lock_is_held_type+0xef/0x150
[  300.539468]  vfs_write+0xc6d/0x11f0
[  300.539718]  ? __pfx_ext4_file_write_iter+0x10/0x10
[  300.540061]  ? __pfx_vfs_write+0x10/0x10
[  300.540361]  ? mutex_lock_nested+0x1f/0x30
[  300.540656]  ksys_write+0x14e/0x280
[  300.540910]  ? __pfx_ksys_write+0x10/0x10
[  300.541207]  __x64_sys_write+0x7b/0xc0
[  300.541476]  ? syscall_trace_enter+0x9d/0x240
[  300.541787]  x64_sys_call+0x1704/0x21b0
[  300.542072]  do_syscall_64+0x6d/0x1180
[  300.542353]  entry_SYSCALL_64_after_hwframe+0x76/0x7e
[  300.542698] RIP: 0033:0x7fdb3253ebcf
[  300.542958] RSP: 002b:00007ffd9e4c4d60 EFLAGS: 00000293 ORIG_RAX: 0000000000000001
[  300.543468] RAX: ffffffffffffffda RBX: 00000000000000f0 RCX: 00007fdb3253ebcf
[  300.543951] RDX: 00000000000000f0 RSI: 00005600cbf010a0 RDI: 0000000000000005
[  300.544435] RBP: 00005600cbf010a0 R08: 0000000000000000 R09: 00007fdb325b14e0
[  300.544918] R10: 00007fdb325b13e0 R11: 0000000000000293 R12: 00000000000000f0
[  300.545401] R13: 00005600cbef72a0 R14: 00000000000000f0 R15: 00007fdb325f69e0
[  300.545896]  </TASK>
[  300.546064] INFO: task rs:main Q:Reg:342 blocked for more than 147 seconds.
[  300.546549]       Not tainted 6.19.0-rc1-6cbfdf89470e+ #1
[  300.546917] "echo 0 > /proc/sys/kernel/hung_task_timeout_secs" disables this message.
[  300.547445] task:rs:main Q:Reg   state:D stack:0     pid:342   tgid:291   ppid:1      task_flags:0x400040 flags:0x00080000
[  300.548183] Call Trace:
[  300.548361]  <TASK>
[  300.548523]  __schedule+0xfd0/0x40f0
[  300.548781]  ? __pfx___schedule+0x10/0x10
[  300.549067]  ? lock_release+0x14f/0x2a0
[  300.549347]  ? wait_transaction_locked+0x196/0x240
[  300.549676]  schedule+0xf6/0x3d0
[  300.549915]  wait_transaction_locked+0x1bb/0x240
[  300.550253]  ? wait_transaction_locked+0x196/0x240
[  300.550586]  ? __pfx_wait_transaction_locked+0x10/0x10
[  300.550939]  ? __pfx_autoremove_wake_function+0x10/0x10
[  300.551300]  ? jbd2__journal_start+0x19c/0x810
[  300.551619]  add_transaction_credits+0x121/0x1000
[  300.551954]  ? __pfx_add_transaction_credits+0x10/0x10
[  300.552313]  ? __this_cpu_preempt_check+0x21/0x30
[  300.552642]  ? lock_acquire+0x180/0x2f0
[  300.552924]  ? __kasan_check_write+0x18/0x20
[  300.553235]  start_this_handle+0x457/0x1550
[  300.553537]  ? __pfx_start_this_handle+0x10/0x10
[  300.553859]  ? debug_smp_processor_id+0x20/0x30
[  300.554180]  ? rcu_is_watching+0x19/0xc0
[  300.554477]  ? kmem_cache_alloc_noprof+0x4e2/0x780
[  300.554827]  jbd2__journal_start+0x397/0x810
[  300.555136]  __ext4_journal_start_sb+0x3fc/0x580
[  300.555460]  ? ext4_dirty_inode+0xb3/0x140
[  300.555746]  ? __pfx_ext4_dirty_inode+0x10/0x10
[  300.556066]  ext4_dirty_inode+0xb3/0x140
[  300.556342]  ? rcu_is_watching+0x19/0xc0
[  300.556620]  __mark_inode_dirty+0x1cb/0x13f0
[  300.556924]  generic_update_time+0xe0/0x110
[  300.557222]  file_update_time_flags+0x40c/0x510
[  300.557547]  file_modified+0x43/0x60
[  300.557807]  ext4_buffered_write_iter+0x101/0x460
[  300.558135]  ext4_file_write_iter+0xb2a/0x1ee0
[  300.558468]  ? __pfx_ext4_file_write_iter+0x10/0x10
[  300.558810]  ? __this_cpu_preempt_check+0x21/0x30
[  300.559150]  ? lock_is_held_type+0xef/0x150
[  300.559454]  vfs_write+0xc6d/0x11f0
[  300.559701]  ? __pfx_ext4_file_write_iter+0x10/0x10
[  300.560046]  ? __pfx_vfs_write+0x10/0x10
[  300.560333]  ? mutex_lock_nested+0x1f/0x30
[  300.560628]  ksys_write+0x14e/0x280
[  300.560879]  ? __pfx_ksys_write+0x10/0x10
[  300.561164]  ? __audit_syscall_entry+0x393/0x4f0
[  300.561493]  __x64_sys_write+0x7b/0xc0
[  300.561758]  ? syscall_trace_enter+0x14d/0x240
[  300.562074]  x64_sys_call+0x1704/0x21b0
[  300.562370]  do_syscall_64+0x6d/0x1180
[  300.562635]  entry_SYSCALL_64_after_hwframe+0x76/0x7e
[  300.562979] RIP: 0033:0x7ff91ab3ebcf
[  300.563239] RSP: 002b:00007ff919c1c890 EFLAGS: 00000293 ORIG_RAX: 0000000000000001
[  300.563742] RAX: ffffffffffffffda RBX: 00007ff90c002de0 RCX: 00007ff91ab3ebcf
[  300.564222] RDX: 000000000000005e RSI: 00007ff90c0030c0 RDI: 0000000000000007
[  300.564704] RBP: 00007ff90c0030c0 R08: 0000000000000000 R09: 0000000000000000
[  300.565188] R10: 000000000000000b R11: 0000000000000293 R12: 0000000000000000
[  300.565669] R13: 000055ef7930e330 R14: 00007ff90c002de0 R15: 000000000000005e
[  300.566165]  </TASK>
[  300.566340] Future hung task reports are suppressed, see sysctl kernel.hung_task_warnings
[  300.566899] 
[  300.566899] Showing all locks held in the system:
[  300.567317] 3 locks held by systemd/735:
[  300.567600]  #0: ff110000102ea408 (sb_writers#3){.+.+}-{0:0}, at: do_rmdir+0x336/0x5e0
[  300.568163]  #1: ff1100001a013d40 (&type->i_mutex_dir_key#3/1){+.+.}-{4:4}, at: do_rmdir+0x38b/0x5e0
[  300.568811]  #2: ff1100001a012a20 (&type->i_mutex_dir_key#3){++++}-{4:4}, at: vfs_rmdir+0xfc/0x880
[  300.569443] 3 locks held by systemd/736:
[  300.569718]  #0: ff110000102ea408 (sb_writers#3){.+.+}-{0:0}, at: do_rmdir+0x336/0x5e0
[  300.570297]  #1: ff1100001a016380 (&type->i_mutex_dir_key#3/1){+.+.}-{4:4}, at: do_rmdir+0x38b/0x5e0
[  300.570933]  #2: ff1100001a010d70 (&type->i_mutex_dir_key#3){++++}-{4:4}, at: vfs_rmdir+0xfc/0x880
[  300.571564] 1 lock held by khungtaskd/33:
[  300.571835]  #0: ffffffff87662400 (rcu_read_lock){....}-{1:3}, at: debug_show_all_locks+0x3b/0x1f0
[  300.572462] 4 locks held by kworker/u8:1/34:
[  300.572752]  #0: ff1100000bd77948 ((wq_completion)writeback){+.+.}-{0:0}, at: process_one_work+0x1260/0x1ad0
[  300.573439]  #1: ff1100000c277c88 ((work_completion)(&(&wb->dwork)->work)){+.+.}-{0:0}, at: process_one_work+0x89f/0x1ad0
[  300.574179]  #2: ff110000102ea0e0 (&type->s_umount_key#38){++++}-{4:4}, at: super_trylock_shared+0x2b/0x110
[  300.574874]  #3: ff110000102e8b98 (&sbi->s_writepages_rwsem){++++}-{0:0}, at: do_writepages+0x255/0x5b0
[  300.575529] 4 locks held by kworker/u8:2/36:
[  300.575825]  #0: ff1100000bd77948 ((wq_completion)writeback){+.+.}-{0:0}, at: process_one_work+0x1260/0x1ad0
[  300.576510]  #1: ff1100000c2b7c88 ((work_completion)(&(&wb->dwork)->work)){+.+.}-{0:0}, at: process_one_work+0x89f/0x1ad0
[  300.577254]  #2: ff110000102ea0e0 (&type->s_umount_key#38){++++}-{4:4}, at: super_trylock_shared+0x2b/0x110
[  300.577940]  #3: ff110000102e8b98 (&sbi->s_writepages_rwsem){++++}-{0:0}, at: do_writepages+0x255/0x5b0
[  300.578619] 4 locks held by kworker/u8:3/54:
[  300.578916]  #0: ff1100000bd77948 ((wq_completion)writeback){+.+.}-{0:0}, at: process_one_work+0x1260/0x1ad0
[  300.579606]  #1: ff1100000c2afc88 ((work_completion)(&(&wb->dwork)->work)){+.+.}-{0:0}, at: process_one_work+0x89f/0x1ad0
[  300.580371]  #2: ff110000102ea0e0 (&type->s_umount_key#38){++++}-{4:4}, at: super_trylock_shared+0x2b/0x110
[  300.581051]  #3: ff110000102e8b98 (&sbi->s_writepages_rwsem){++++}-{0:0}, at: do_writepages+0x255/0x5b0
[  300.581699] 4 locks held by kworker/u8:5/81:
[  300.581992]  #0: ff1100000bd77948 ((wq_completion)writeback){+.+.}-{0:0}, at: process_one_work+0x1260/0x1ad0
[  300.582699]  #1: ff1100000f3b7c88 ((work_completion)(&(&wb->dwork)->work)){+.+.}-{0:0}, at: process_one_work+0x89f/0x1ad0
[  300.583488]  #2: ff110000102ea0e0 (&type->s_umount_key#38){++++}-{4:4}, at: super_trylock_shared+0x2b/0x110
[  300.584218]  #3: ff110000102e8b98 (&sbi->s_writepages_rwsem){++++}-{0:0}, at: do_writepages+0x255/0x5b0
[  300.584923] 4 locks held by kworker/u8:6/82:
[  300.585247]  #0: ff1100000bd77948 ((wq_completion)writeback){+.+.}-{0:0}, at: process_one_work+0x1260/0x1ad0
[  300.585991]  #1: ff1100000f3bfc88 ((work_completion)(&(&wb->dwork)->work)){+.+.}-{0:0}, at: process_one_work+0x89f/0x1ad0
[  300.586832]  #2: ff110000102ea0e0 (&type->s_umount_key#38){++++}-{4:4}, at: super_trylock_shared+0x2b/0x110
[  300.587546]  #3: ff110000102e8b98 (&sbi->s_writepages_rwsem){++++}-{0:0}, at: do_writepages+0x255/0x5b0
[  300.588196] 3 locks held by auditd/239:
[  300.588459]  #0: ff11000011764ef8 (&f->f_pos_lock){+.+.}-{4:4}, at: fdget_pos+0x2b5/0x390
[  300.589028]  #1: ff110000102ea408 (sb_writers#3){.+.+}-{0:0}, at: ksys_write+0x14e/0x280
[  300.589598]  #2: ff110000179ec6d0 (&sb->s_type->i_mutex_key#9){++++}-{4:4}, at: ext4_buffered_write_iter+0xb8/0x460
[  300.590322] 3 locks held by rs:main Q:Reg/342:
[  300.590628]  #0: ff1100001d5fb278 (&f->f_pos_lock){+.+.}-{4:4}, at: fdget_pos+0x2b5/0x390
[  300.591191]  #1: ff110000102ea408 (sb_writers#3){.+.+}-{0:0}, at: ksys_write+0x14e/0x280
[  300.591758]  #2: ff1100001bdc46d0 (&sb->s_type->i_mutex_key#9){++++}-{4:4}, at: ext4_buffered_write_iter+0xb8/0x460
[  300.592474] 3 locks held by repro/713:
[  300.592735]  #0: ff110000102ea408 (sb_writers#3){.+.+}-{0:0}, at: do_rmdir+0x336/0x5e0
[  300.593298]  #1: ff110000201da090 (&type->i_mutex_dir_key#3/1){+.+.}-{4:4}, at: do_rmdir+0x38b/0x5e0
[  300.593932]  #2: ff110000102ea5f8 (sb_internal){.+.+}-{0:0}, at: evict+0x371/0xae0
[  300.594482] 3 locks held by repro/714:
[  300.594743]  #0: ff11000011743b38 (&f->f_pos_lock){+.+.}-{4:4}, at: fdget_pos+0x2b5/0x390
[  300.595312]  #1: ff1100002021d060 (&type->i_mutex_dir_key#3){++++}-{4:4}, at: iterate_dir+0x1a0/0xb00
[  300.595953]  #2: ff110000102ea408 (sb_writers#3){.+.+}-{0:0}, at: iterate_dir+0x879/0xb00
[  300.596530] 3 locks held by repro/717:
[  300.596792]  #0: ff11000012a14d38 (&f->f_pos_lock){+.+.}-{4:4}, at: fdget_pos+0x2b5/0x390
[  300.597373]  #1: ff1100002021b3b0 (&type->i_mutex_dir_key#3){++++}-{4:4}, at: iterate_dir+0x1a0/0xb00
[  300.598004]  #2: ff110000102ea408 (sb_writers#3){.+.+}-{0:0}, at: iterate_dir+0x879/0xb00
[  300.598600] 3 locks held by repro/718:
[  300.598859]  #0: ff110000102ea408 (sb_writers#3){.+.+}-{0:0}, at: do_rmdir+0x336/0x5e0
[  300.599423]  #1: ff1100002021bd40 (&type->i_mutex_dir_key#3/1){+.+.}-{4:4}, at: do_rmdir+0x38b/0x5e0
[  300.600064]  #2: ff110000102ea5f8 (sb_internal){.+.+}-{0:0}, at: evict+0x371/0xae0
[  300.600590] 3 locks held by repro/720:
[  300.600856]  #0: ff110000106aad38 (&f->f_pos_lock){+.+.}-{4:4}, at: fdget_pos+0x2b5/0x390
[  300.601419]  #1: ff110000201de380 (&type->i_mutex_dir_key#3){++++}-{4:4}, at: iterate_dir+0x1a0/0xb00
[  300.602059]  #2: ff110000102ea408 (sb_writers#3){.+.+}-{0:0}, at: iterate_dir+0x879/0xb00
[  300.602648] 3 locks held by repro/728:
[  300.602904]  #0: ff110000102ea408 (sb_writers#3){.+.+}-{0:0}, at: filename_create+0x122/0x460
[  300.603497]  #1: ff11000020219700 (&type->i_mutex_dir_key#3/1){+.+.}-{4:4}, at: filename_create+0x1e6/0x460
[  300.604165]  #2: ff110000102ee950 (jbd2_handle){++++}-{0:0}, at: start_this_handle+0x1042/0x1550
[  300.604772] 2 locks held by repro/729:
[  300.605032]  #0: ff110000102ea408 (sb_writers#3){.+.+}-{0:0}, at: filename_create+0x122/0x460
[  300.605617]  #1: ff110000202503e0 (&type->i_mutex_dir_key#3/1){+.+.}-{4:4}, at: filename_create+0x1e6/0x460
[  300.606315] 2 locks held by repro/730:
[  300.606579]  #0: ff110000102ea408 (sb_writers#3){.+.+}-{0:0}, at: filename_create+0x122/0x460
[  300.607173]  #1: ff1100002021c6d0 (&type->i_mutex_dir_key#3/1){+.+.}-{4:4}, at: filename_create+0x1e6/0x460
[  300.607847] 
[  300.607965] =============================================
[  300.607965] 
