c[?7l[2J[0mSeaBIOS (version rel-1.16.0-0-gd239552ce722-prebuilt.qemu.org)


iPXE (http://ipxe.org) 00:03.0 CA00 PCI2.10 PnP PMM+7FF91000+7FEF1000 CA00
Press Ctrl-B to configure iPXE (PCI 00:03.0)...                                                                               


Booting from ROM..c[?7l[2J[    0.000000] Linux version 6.19.0-rc1-88ec797c4680+ (root@gnr-bkc) (gcc (GCC) 11.5.0 20240719 (Red Hat 11.5.0-14), GNU ld version 2.35.2-54.el9) #1 SMP PREEMPT_DYNAMIC Fri Mar 13 05:56:05 CST 2026
[    0.000000] Command line: console=ttyS0 root=/dev/sda earlyprintk=serial net.ifnames=0 thunderbolt.dyndbg
[    0.000000] KERNEL supported cpus:
[    0.000000]   Intel GenuineIntel
[    0.000000]   AMD AuthenticAMD
[    0.000000]   Hygon HygonGenuine
[    0.000000]   Centaur CentaurHauls
[    0.000000]   zhaoxin   Shanghai  
[    0.000000] x86/split lock detection: #DB: warning on user-space bus_locks
[    0.000000] BIOS-provided physical RAM map:
[    0.000000] BIOS-e820: [mem 0x0000000000000000-0x000000000009fbff] usable
[    0.000000] BIOS-e820: [mem 0x000000000009fc00-0x000000000009ffff] reserved
[    0.000000] BIOS-e820: [mem 0x00000000000f0000-0x00000000000fffff] reserved
[    0.000000] BIOS-e820: [mem 0x0000000000100000-0x000000007ffdffff] usable
[    0.000000] BIOS-e820: [mem 0x000000007ffe0000-0x000000007fffffff] reserved
[    0.000000] BIOS-e820: [mem 0x00000000feffc000-0x00000000feffffff] reserved
[    0.000000] BIOS-e820: [mem 0x00000000fffc0000-0x00000000ffffffff] reserved
[    0.000000] printk: legacy bootconsole [earlyser0] enabled
[    0.000000] NX (Execute Disable) protection: active
[    0.000000] APIC: Static calls initialized
[    0.000000] SMBIOS 2.8 present.
[    0.000000] DMI: QEMU Standard PC (i440FX + PIIX, 1996), BIOS rel-1.16.0-0-gd239552ce722-prebuilt.qemu.org 04/01/2014
[    0.000000] DMI: Memory slots populated: 1/1
[    0.000000] Hypervisor detected: KVM
[    0.000000] last_pfn = 0x7ffe0 max_arch_pfn = 0x10000000000
[    0.000000] kvm-clock: Using msrs 4b564d01 and 4b564d00
[    0.000003] kvm-clock: using sched offset of 677817685 cycles
[    0.000513] clocksource: kvm-clock: mask: 0xffffffffffffffff max_cycles: 0x1cd42e4dffb, max_idle_ns: 881590591483 ns
[    0.002083] tsc: Detected 1700.000 MHz processor
[    0.009870] last_pfn = 0x7ffe0 max_arch_pfn = 0x10000000000
[    0.010444] MTRR map: 4 entries (3 fixed + 1 variable; max 19), built from 8 variable MTRRs
[    0.011250] x86/PAT: Configuration [0-7]: WB  WC  UC- UC  WB  WP  UC- WT  
[    0.016979] found SMP MP-table at [mem 0x000f5ba0-0x000f5baf]
[    0.017575] Using GB pages for direct mapping
[    0.020087] ACPI: Early table checksum verification disabled
[    0.020649] ACPI: RSDP 0x00000000000F59C0 000014 (v00 BOCHS )
[    0.021215] ACPI: RSDT 0x000000007FFE1951 000034 (v01 BOCHS  BXPC     00000001 BXPC 00000001)
[    0.022055] ACPI: FACP 0x000000007FFE17FD 000074 (v01 BOCHS  BXPC     00000001 BXPC 00000001)
[    0.022892] ACPI: DSDT 0x000000007FFE0040 0017BD (v01 BOCHS  BXPC     00000001 BXPC 00000001)
[    0.023730] ACPI: FACS 0x000000007FFE0000 000040
[    0.024187] ACPI: APIC 0x000000007FFE1871 000080 (v01 BOCHS  BXPC     00000001 BXPC 00000001)
[    0.025022] ACPI: HPET 0x000000007FFE18F1 000038 (v01 BOCHS  BXPC     00000001 BXPC 00000001)
[    0.025853] ACPI: WAET 0x000000007FFE1929 000028 (v01 BOCHS  BXPC     00000001 BXPC 00000001)
[    0.026682] ACPI: Reserving FACP table memory at [mem 0x7ffe17fd-0x7ffe1870]
[    0.027361] ACPI: Reserving DSDT table memory at [mem 0x7ffe0040-0x7ffe17fc]
[    0.028043] ACPI: Reserving FACS table memory at [mem 0x7ffe0000-0x7ffe003f]
[    0.028724] ACPI: Reserving APIC table memory at [mem 0x7ffe1871-0x7ffe18f0]
[    0.029402] ACPI: Reserving HPET table memory at [mem 0x7ffe18f1-0x7ffe1928]
[    0.030082] ACPI: Reserving WAET table memory at [mem 0x7ffe1929-0x7ffe1950]
[    0.031652] No NUMA configuration found
[    0.032029] Faking a node at [mem 0x0000000000000000-0x000000007ffdffff]
[    0.032729] NODE_DATA(0) allocated [mem 0x7ffb4ec0-0x7ffdfcbf]
[    0.034433] Zone ranges:
[    0.034702]   DMA      [mem 0x0000000000001000-0x0000000000ffffff]
[    0.035301]   DMA32    [mem 0x0000000001000000-0x000000007ffdffff]
[    0.035907]   Normal   empty
[    0.036192]   Device   empty
[    0.036479] Movable zone start for each node
[    0.036906] Early memory node ranges
[    0.037251]   node   0: [mem 0x0000000000001000-0x000000000009efff]
[    0.037860]   node   0: [mem 0x0000000000100000-0x000000007ffdffff]
[    0.038465] Initmem setup node 0 [mem 0x0000000000001000-0x000000007ffdffff]
[    0.039479] On node 0, zone DMA: 1 pages in unavailable ranges
[    0.040221] On node 0, zone DMA: 97 pages in unavailable ranges
[    0.068013] On node 0, zone DMA32: 32 pages in unavailable ranges
[    0.121903] KernelAddressSanitizer initialized (generic)
[    0.122728] ACPI: PM-Timer IO Port: 0x608
[    0.123148] ACPI: LAPIC_NMI (acpi_id[0xff] dfl dfl lint[0x1])
[    0.123763] IOAPIC[0]: apic_id 0, version 17, address 0xfec00000, GSI 0-23
[    0.124450] ACPI: INT_SRC_OVR (bus 0 bus_irq 0 global_irq 2 dfl dfl)
[    0.125075] ACPI: INT_SRC_OVR (bus 0 bus_irq 5 global_irq 5 high level)
[    0.125729] ACPI: INT_SRC_OVR (bus 0 bus_irq 9 global_irq 9 high level)
[    0.126377] ACPI: INT_SRC_OVR (bus 0 bus_irq 10 global_irq 10 high level)
[    0.127044] ACPI: INT_SRC_OVR (bus 0 bus_irq 11 global_irq 11 high level)
[    0.127720] ACPI: Using ACPI (MADT) for SMP configuration information
[    0.128343] ACPI: HPET id: 0x8086a201 base: 0xfed00000
[    0.128851] TSC deadline timer available
[    0.129244] CPU topo: Max. logical packages:   1
[    0.129696] CPU topo: Max. logical dies:       1
[    0.130143] CPU topo: Max. dies per package:   1
[    0.130603] CPU topo: Max. threads per core:   1
[    0.131053] CPU topo: Num. cores per package:     2
[    0.131528] CPU topo: Num. threads per package:   2
[    0.132003] CPU topo: Allowing 2 present CPUs plus 0 hotplug CPUs
[    0.132642] kvm-guest: APIC: eoi() replaced with kvm_guest_apic_eoi_write()
[    0.133343] kvm-guest: KVM setup pv remote TLB flush
[    0.133832] kvm-guest: setup PV sched yield
[    0.134280] PM: hibernation: Registered nosave memory: [mem 0x00000000-0x00000fff]
[    0.135019] PM: hibernation: Registered nosave memory: [mem 0x0009f000-0x000fffff]
[    0.135756] [mem 0x80000000-0xfeffbfff] available for PCI devices
[    0.136345] Booting paravirtualized kernel on KVM
[    0.136808] clocksource: refined-jiffies: mask: 0xffffffff max_cycles: 0xffffffff, max_idle_ns: 7645519600211568 ns
[    0.137831] setup_percpu: NR_CPUS:8192 nr_cpumask_bits:2 nr_cpu_ids:2 nr_node_ids:1
[    0.139060] percpu: Embedded 81 pages/cpu s294912 r8192 d28672 u1048576
[    0.139888] kvm-guest: PV spinlocks enabled
[    0.140306] PV qspinlock hash table entries: 256 (order: 0, 4096 bytes, linear)
[    0.141032] Kernel command line: net.ifnames=0 console=ttyS0 root=/dev/sda earlyprintk=serial net.ifnames=0 thunderbolt.dyndbg
[    0.142402] random: crng init done
[    0.142739] printk: log buffer data + meta data: 262144 + 917504 = 1179648 bytes
[    0.143859] Dentry cache hash table entries: 262144 (order: 9, 2097152 bytes, linear)
[    0.144994] Inode-cache hash table entries: 131072 (order: 8, 1048576 bytes, linear)
[    0.146030] Fallback order for Node 0: 0 
[    0.146041] Built 1 zonelists, mobility grouping on.  Total pages: 524158
[    0.147061] Policy zone: DMA32
[    0.147355] mem auto-init: stack:off, heap alloc:off, heap free:off
[    0.147946] stackdepot: allocating hash table via alloc_large_system_hash
[    0.148594] stackdepot hash table entries: 1048576 (order: 12, 16777216 bytes, linear)
[    0.152352] stackdepot: allocating space for 8192 stack pools via memblock
[    0.188693] SLUB: HWalign=64, Order=0-3, MinObjects=0, CPUs=2, Nodes=1
[    0.189318] kmemleak: Kernel memory leak detector disabled
[    0.224894] ftrace: allocating 75259 entries in 296 pages
[    0.225407] ftrace: allocated 296 pages with 3 groups
[    0.230046] Dynamic Preempt: voluntary
[    0.230896] Running RCU self tests
[    0.231219] Running RCU synchronous self tests
[    0.231646] rcu: Preemptible hierarchical RCU implementation.
[    0.232185] rcu: 	RCU lockdep checking is enabled.
[    0.232636] rcu: 	RCU restricting CPUs from NR_CPUS=8192 to nr_cpu_ids=2.
[    0.233275] 	Trampoline variant of Tasks RCU enabled.
[    0.233751] 	Rude variant of Tasks RCU enabled.
[    0.234176] 	Tracing variant of Tasks RCU enabled.
[    0.234628] rcu: RCU calculated value of scheduler-enlistment delay is 25 jiffies.
[    0.235332] rcu: Adjusting geometry for rcu_fanout_leaf=16, nr_cpu_ids=2
[    0.236048] Running RCU synchronous self tests
[    0.236474] RCU Tasks: Setting shift to 1 and lim to 1 rcu_task_cb_adjust=1 rcu_task_cpu_ids=2.
[    0.237287] RCU Tasks Rude: Setting shift to 1 and lim to 1 rcu_task_cb_adjust=1 rcu_task_cpu_ids=2.
[    0.238142] RCU Tasks Trace: Setting shift to 1 and lim to 1 rcu_task_cb_adjust=1 rcu_task_cpu_ids=2.
[    0.307149] NR_IRQS: 524544, nr_irqs: 440, preallocated irqs: 16
[    0.308259] rcu: srcu_init: Setting srcu_struct sizes based on contention.
[    0.317657] Console: colour VGA+ 80x25
[    0.318196] printk: legacy console [ttyS0] enabled
[    0.318196] printk: legacy console [ttyS0] enabled
[    0.319121] printk: legacy bootconsole [earlyser0] disabled
[    0.319121] printk: legacy bootconsole [earlyser0] disabled
[    0.320201] Lock dependency validator: Copyright (c) 2006 Red Hat, Inc., Ingo Molnar
[    0.320943] ... MAX_LOCKDEP_SUBCLASSES:  8
[    0.321344] ... MAX_LOCK_DEPTH:          48
[    0.321758] ... MAX_LOCKDEP_KEYS:        8192
[    0.322183] ... CLASSHASH_SIZE:          4096
[    0.322610] ... MAX_LOCKDEP_ENTRIES:     32768
[    0.323040] ... MAX_LOCKDEP_CHAINS:      65536
[    0.323476] ... CHAINHASH_SIZE:          32768
[    0.323909]  memory used by lock dependency info: 6429 kB
[    0.324433]  memory used for stack traces: 4224 kB
[    0.324899]  per task-struct memory footprint: 1920 bytes
[    0.325514] ACPI: Core revision 20250807
[    0.326320] clocksource: hpet: mask: 0xffffffff max_cycles: 0xffffffff, max_idle_ns: 19112604467 ns
[    0.327368] APIC: Switch to symmetric I/O mode setup
[    0.328044] x2apic enabled
[    0.328703] APIC: Switched APIC routing to: physical x2apic
[    0.329250] kvm-guest: APIC: send_IPI_mask() replaced with kvm_send_ipi_mask()
[    0.329960] kvm-guest: APIC: send_IPI_mask_allbutself() replaced with kvm_send_ipi_mask_allbutself()
[    0.330846] kvm-guest: setup PV IPIs
[    0.332356] ..TIMER: vector=0x30 apic1=0 pin1=2 apic2=-1 pin2=-1
[    0.332964] clocksource: tsc-early: mask: 0xffffffffffffffff max_cycles: 0x1881273ac8e, max_idle_ns: 440795257284 ns
[    0.333992] Calibrating delay loop (skipped) preset value.. 3400.00 BogoMIPS (lpj=6800000)
[    0.338077] x86/cpu: User Mode Instruction Prevention (UMIP) activated
[    0.338821] Last level iTLB entries: 4KB 0, 2MB 0, 4MB 0
[    0.339341] Last level dTLB entries: 4KB 0, 2MB 0, 4MB 0, 1GB 0
[    0.339934] mitigations: Enabled attack vectors: user_kernel, user_user, guest_host, guest_guest, SMT mitigations: auto
[    0.340983] Speculative Store Bypass: Mitigation: Speculative Store Bypass disabled via prctl
[    0.341803] Spectre V2 : Mitigation: Enhanced / Automatic IBRS
[    0.341984] ITS: Mitigation: Aligned branch/return thunks
[    0.342505] Spectre V1 : Mitigation: usercopy/swapgs barriers and __user pointer sanitization
[    0.343322] Spectre V2 : WARNING: Unprivileged eBPF is enabled with eIBRS on, data leaks possible via Spectre v2 BHB attacks!
[    0.344399] Spectre V2 : Spectre v2 / PBRSB-eIBRS: Retire a single CALL on VMEXIT
[    0.345127] Spectre V2 : mitigation: Enabling conditional Indirect Branch Prediction Barrier
[    0.345987] active return thunk: its_return_thunk
[    0.346456] Spectre V2 : Spectre BHI mitigation: SW BHB clearing on syscall and VM exit
[    0.347278] x86/fpu: Supporting XSAVE feature 0x001: 'x87 floating point registers'
[    0.348017] x86/fpu: Supporting XSAVE feature 0x002: 'SSE registers'
[    0.348631] x86/fpu: Supporting XSAVE feature 0x004: 'AVX registers'
[    0.349253] x86/fpu: Supporting XSAVE feature 0x020: 'AVX-512 opmask'
[    0.349983] x86/fpu: Supporting XSAVE feature 0x040: 'AVX-512 Hi256'
[    0.350600] x86/fpu: Supporting XSAVE feature 0x080: 'AVX-512 ZMM_Hi256'
[    0.351253] x86/fpu: Supporting XSAVE feature 0x200: 'Protection Keys User registers'
[    0.352010] x86/fpu: Supporting XSAVE feature 0x20000: 'AMX Tile config'
[    0.352659] x86/fpu: Supporting XSAVE feature 0x40000: 'AMX Tile data'
[    0.353295] x86/fpu: xstate_offset[2]:  576, xstate_sizes[2]:  256
[    0.353983] x86/fpu: xstate_offset[5]:  832, xstate_sizes[5]:   64
[    0.354585] x86/fpu: xstate_offset[6]:  896, xstate_sizes[6]:  512
[    0.355191] x86/fpu: xstate_offset[7]: 1408, xstate_sizes[7]: 1024
[    0.355790] x86/fpu: xstate_offset[9]: 2432, xstate_sizes[9]:    8
[    0.356397] x86/fpu: xstate_offset[17]: 2496, xstate_sizes[17]:   64
[    0.357021] x86/fpu: xstate_offset[18]: 2560, xstate_sizes[18]: 8192
[    0.357638] x86/fpu: Enabled xstate features 0x602e7, context size is 10752 bytes, using 'compacted' format.
[    0.513058] Freeing SMP alternatives memory: 64K
[    0.513537] pid_max: default: 32768 minimum: 301
[    0.514335] Yama: becoming mindful.
[    0.515098] Mount-cache hash table entries: 4096 (order: 3, 32768 bytes, linear)
[    0.515821] Mountpoint-cache hash table entries: 4096 (order: 3, 32768 bytes, linear)
[    0.518126] Running RCU synchronous self tests
[    0.518572] Running RCU synchronous self tests
[    0.519314] smpboot: CPU0: Intel(R) Xeon(R) Gold 6414TDX (family: 0x6, model: 0x8f, stepping: 0x6)
[    0.520940] Performance Events: PEBS fmt0-, Sapphire Rapids events, full-width counters, Intel PMU driver.
[    0.521979] ... version:                   2
[    0.521979] ... bit width:                 48
[    0.521979] ... generic counters:          8
[    0.521979] ... generic bitmap:            00000000000000ff
[    0.521988] ... fixed-purpose counters:    4
[    0.522411] ... fixed-purpose bitmap:      000000000000000f
[    0.522950] ... value mask:                0000ffffffffffff
[    0.523492] ... max period:                00007fffffffffff
[    0.524030] ... global_ctrl mask:          0000000f000000ff
[    0.525070] signal: max sigframe size: 11952
[    0.525648] rcu: Hierarchical SRCU implementation.
[    0.525985] rcu: 	Max phase no-delay instances is 1000.
[    0.526699] Timer migration: 1 hierarchy levels; 8 children per group; 1 crossnode level
[    0.550303] smp: Bringing up secondary CPUs ...
[    0.551308] smpboot: x86: Booting SMP configuration:
[    0.551808] .... node  #0, CPUs:      #1
[    0.552042] smp: Brought up 1 node, 2 CPUs
[    0.552042] smpboot: Total of 2 processors activated (6800.00 BogoMIPS)
[    0.554628] Memory: 1591816K/2096632K available (80926K kernel code, 15557K rwdata, 18816K rodata, 16412K init, 20860K bss, 493188K reserved, 0K cma-reserved)
[    0.556674] devtmpfs: initialized
[    0.558275] x86/mm: Memory block size: 128MB
[    0.570162] Running RCU synchronous self tests
[    0.570640] Running RCU synchronous self tests
[    0.571177] Running RCU Tasks wait API self tests
[    0.571177] Running RCU Tasks Rude wait API self tests
[    0.571177] Running RCU Tasks Trace wait API self tests
[    0.590001] clocksource: jiffies: mask: 0xffffffff max_cycles: 0xffffffff, max_idle_ns: 7645041785100000 ns
[    0.591019] posixtimers hash table entries: 1024 (order: 5, 73728 bytes, linear)
[    0.591785] futex hash table entries: 512 (65536 bytes on 1 NUMA nodes, total 64 KiB, linear).
[    0.596499] 
[    0.596675] *************************************************************
[    0.597339] **     NOTICE NOTICE NOTICE NOTICE NOTICE NOTICE NOTICE    **
[    0.597988] **                                                         **
[    0.598644] **  IOMMU DebugFS SUPPORT HAS BEEN ENABLED IN THIS KERNEL  **
[    0.599305] **                                                         **
[    0.599968] ** This means that this kernel is built to expose internal **
[    0.600624] ** IOMMU data structures, which may compromise security on **
[    0.601283] ** your system.                                            **
[    0.601942] **                                                         **
[    0.601985] ** If you see this message and you are not debugging the   **
[    0.602648] ** kernel, report this immediately to your vendor!         **
[    0.603303] **                                                         **
[    0.603961] **     NOTICE NOTICE NOTICE NOTICE NOTICE NOTICE NOTICE    **
[    0.604620] *************************************************************
[    0.605374] PM: RTC time: 21:57:26, date: 2026-03-12
[    0.608298] NET: Registered PF_NETLINK/PF_ROUTE protocol family
[    0.610531] DMA: preallocated 256 KiB GFP_KERNEL pool for atomic allocations
[    0.611249] DMA: preallocated 256 KiB GFP_KERNEL|GFP_DMA pool for atomic allocations
[    0.612021] DMA: preallocated 256 KiB GFP_KERNEL|GFP_DMA32 pool for atomic allocations
[    0.612876] audit: initializing netlink subsys (disabled)
[    0.613455] audit: type=2000 audit(1773352647.064:1): state=initialized audit_enabled=0 res=1
[    0.614882] thermal_sys: Registered thermal governor 'fair_share'
[    0.614893] thermal_sys: Registered thermal governor 'bang_bang'
[    0.615525] thermal_sys: Registered thermal governor 'step_wise'
[    0.616119] thermal_sys: Registered thermal governor 'user_space'
[    0.616787] cpuidle: using governor ladder
[    0.617990] cpuidle: using governor menu
[    0.618390] acpiphp: ACPI Hot Plug PCI Controller Driver version: 0.5
[    0.619942] PCI: Using configuration type 1 for base access
[    0.620815] kprobes: kprobe jump-optimization is enabled. All kprobes are optimized if possible.
[    0.621992] Callback from call_rcu_tasks_trace() invoked.
[    0.797560] HugeTLB: registered 1.00 GiB page size, pre-allocated 0 pages
[    0.797989] HugeTLB: 16380 KiB vmemmap can be freed for a 1.00 GiB page
[    0.798639] HugeTLB: registered 2.00 MiB page size, pre-allocated 0 pages
[    0.799302] HugeTLB: 28 KiB vmemmap can be freed for a 2.00 MiB page
[    0.807955] ACPI: Added _OSI(Module Device)
[    0.809992] ACPI: Added _OSI(Processor Device)
[    0.810435] ACPI: Added _OSI(Processor Aggregator Device)
[    0.828183] ACPI: 1 ACPI AML tables successfully acquired and loaded
[    0.835197] ACPI: Interpreter enabled
[    0.835722] ACPI: PM: (supports S0 S3 S4 S5)
[    0.836149] ACPI: Using IOAPIC for interrupt routing
[    0.836740] PCI: Using host bridge windows from ACPI; if necessary, use "pci=nocrs" and report a bug
[    0.837618] PCI: Using E820 reservations for host bridge windows
[    0.839303] ACPI: Enabled 2 GPEs in block 00 to 0F
[    0.881469] ACPI: PCI Root Bridge [PCI0] (domain 0000 [bus 00-ff])
[    0.882019] acpi PNP0A03:00: _OSC: OS supports [ASPM ClockPM Segments MSI EDR HPX-Type3]
[    0.882815] acpi PNP0A03:00: _OSC: not requesting OS control; OS requires [ExtendedConfig ASPM ClockPM MSI]
[    0.883924] acpi PNP0A03:00: fail to add MMCONFIG information, can't access extended configuration space under this bridge
[    0.889932] acpiphp: Slot [3] registered
[    0.890146] acpiphp: Slot [4] registered
[    0.890677] acpiphp: Slot [5] registered
[    0.891214] acpiphp: Slot [6] registered
[    0.891761] acpiphp: Slot [7] registered
[    0.892291] acpiphp: Slot [8] registered
[    0.892818] acpiphp: Slot [9] registered
[    0.893361] acpiphp: Slot [10] registered
[    0.893894] acpiphp: Slot [11] registered
[    0.894130] acpiphp: Slot [12] registered
[    0.894663] acpiphp: Slot [13] registered
[    0.895208] acpiphp: Slot [14] registered
[    0.895750] acpiphp: Slot [15] registered
[    0.896289] acpiphp: Slot [16] registered
[    0.896827] acpiphp: Slot [17] registered
[    0.897365] acpiphp: Slot [18] registered
[    0.897907] acpiphp: Slot [19] registered
[    0.898126] acpiphp: Slot [20] registered
[    0.898666] acpiphp: Slot [21] registered
[    0.899202] acpiphp: Slot [22] registered
[    0.899741] acpiphp: Slot [23] registered
[    0.900274] acpiphp: Slot [24] registered
[    0.900819] acpiphp: Slot [25] registered
[    0.901679] acpiphp: Slot [26] registered
[    0.902149] acpiphp: Slot [27] registered
[    0.902690] acpiphp: Slot [28] registered
[    0.903225] acpiphp: Slot [29] registered
[    0.903769] acpiphp: Slot [30] registered
[    0.904308] acpiphp: Slot [31] registered
[    0.904778] PCI host bridge to bus 0000:00
[    0.905239] pci_bus 0000:00: root bus resource [io  0x0000-0x0cf7 window]
[    0.905907] pci_bus 0000:00: root bus resource [io  0x0d00-0xffff window]
[    0.905988] pci_bus 0000:00: root bus resource [mem 0x000a0000-0x000bffff window]
[    0.906718] pci_bus 0000:00: root bus resource [mem 0x80000000-0xfebfffff window]
[    0.907448] pci_bus 0000:00: root bus resource [mem 0x100000000-0x17fffffff window]
[    0.908200] pci_bus 0000:00: root bus resource [bus 00-ff]
[    0.908852] pci 0000:00:00.0: [8086:1237] type 00 class 0x060000 conventional PCI endpoint
[    0.919241] pci 0000:00:01.0: [8086:7000] type 00 class 0x060100 conventional PCI endpoint
[    0.921489] pci 0000:00:01.1: [8086:7010] type 00 class 0x010180 conventional PCI endpoint
[    0.922565] pci 0000:00:01.1: BAR 4 [io  0xc040-0xc04f]
[    0.923114] pci 0000:00:01.1: BAR 0 [io  0x01f0-0x01f7]: legacy IDE quirk
[    0.923780] pci 0000:00:01.1: BAR 1 [io  0x03f6]: legacy IDE quirk
[    0.924386] pci 0000:00:01.1: BAR 2 [io  0x0170-0x0177]: legacy IDE quirk
[    0.925052] pci 0000:00:01.1: BAR 3 [io  0x0376]: legacy IDE quirk
[    0.926211] pci 0000:00:01.3: [8086:7113] type 00 class 0x068000 conventional PCI endpoint
[    0.927343] pci 0000:00:01.3: quirk: [io  0x0600-0x063f] claimed by PIIX4 ACPI
[    0.928057] pci 0000:00:01.3: quirk: [io  0x0700-0x070f] claimed by PIIX4 SMB
[    0.929323] pci 0000:00:02.0: [1234:1111] type 00 class 0x030000 conventional PCI endpoint
[    0.931026] pci 0000:00:02.0: BAR 0 [mem 0xfd000000-0xfdffffff pref]
[    0.931674] pci 0000:00:02.0: BAR 2 [mem 0xfebf0000-0xfebf0fff]
[    0.932283] pci 0000:00:02.0: ROM [mem 0xfebe0000-0xfebeffff pref]
[    0.932981] pci 0000:00:02.0: Video device with shadowed ROM at [mem 0x000c0000-0x000dffff]
[    0.942759] pci 0000:00:03.0: [8086:100e] type 00 class 0x020000 conventional PCI endpoint
[    0.944456] pci 0000:00:03.0: BAR 0 [mem 0xfebc0000-0xfebdffff]
[    0.945046] pci 0000:00:03.0: BAR 1 [io  0xc000-0xc03f]
[    0.945592] pci 0000:00:03.0: ROM [mem 0xfeb80000-0xfebbffff pref]
[    0.968930] ACPI: PCI: Interrupt link LNKA configured for IRQ 10
[    0.970557] ACPI: PCI: Interrupt link LNKB configured for IRQ 10
[    0.972132] ACPI: PCI: Interrupt link LNKC configured for IRQ 11
[    0.973699] ACPI: PCI: Interrupt link LNKD configured for IRQ 11
[    0.974392] ACPI: PCI: Interrupt link LNKS configured for IRQ 9
[    0.978029] iommu: Default domain type: Translated
[    0.978515] iommu: DMA domain TLB invalidation policy: lazy mode
[    0.980266] SCSI subsystem initialized
[    0.982785] ACPI: bus type USB registered
[    0.983416] usbcore: registered new interface driver usbfs
[    0.984057] usbcore: registered new interface driver hub
[    0.984647] usbcore: registered new device driver usb
[    0.985457] pps_core: LinuxPPS API ver. 1 registered
[    0.985945] pps_core: Software ver. 5.3.6 - Copyright 2005-2007 Rodolfo Giometti <giometti@linux.it>
[    0.986021] PTP clock support registered
[    0.990239] EDAC MC: Ver: 3.0.0
[    0.996196] NetLabel: Initializing
[    0.996556] NetLabel:  domain hash size = 128
[    0.996994] NetLabel:  protocols = UNLABELED CIPSOv4 CALIPSO
[    0.997682] NetLabel:  unlabeled traffic allowed by default
[    0.998516] PCI: Using ACPI for IRQ routing
[    0.999301] pci 0000:00:02.0: vgaarb: setting as boot VGA device
[    0.999906] pci 0000:00:02.0: vgaarb: bridge control possible
[    1.000477] pci 0000:00:02.0: vgaarb: VGA device added: decodes=io+mem,owns=io+mem,locks=none
[    1.001304] vgaarb: loaded
[    1.001987] hpet0: at MMIO 0xfed00000, IRQs 2, 8, 0
[    1.001987] hpet0: 3 comparators, 64-bit 100.000000 MHz counter
[    1.007435] clocksource: Switched to clocksource kvm-clock
[    3.417279] VFS: Disk quotas dquot_6.6.0
[    3.417787] VFS: Dquot-cache hash table entries: 512 (order 0, 4096 bytes)
[    3.420032] pnp: PnP ACPI init
[    3.424657] pnp: PnP ACPI: found 6 devices
[    3.446242] clocksource: acpi_pm: mask: 0xffffff max_cycles: 0xffffff, max_idle_ns: 2085701024 ns
[    3.447598] NET: Registered PF_INET protocol family
[    3.448240] IP idents hash table entries: 32768 (order: 6, 262144 bytes, linear)
[    3.449448] Callback from call_rcu_tasks() invoked.
[    3.450490] tcp_listen_portaddr_hash hash table entries: 1024 (order: 5, 73728 bytes, linear)
[    3.451662] Table-perturb hash table entries: 65536 (order: 6, 262144 bytes, linear)
[    3.452493] TCP established hash table entries: 16384 (order: 5, 131072 bytes, linear)
[    3.453630] TCP bind hash table entries: 16384 (order: 10, 2359296 bytes, linear)
[    3.455500] TCP: Hash tables configured (established 16384 bind 16384)
[    3.456256] UDP hash table entries: 1024 (order: 6, 262144 bytes, linear)
[    3.457027] UDP-Lite hash table entries: 1024 (order: 6, 262144 bytes, linear)
[    3.458149] NET: Registered PF_UNIX/PF_LOCAL protocol family
[    3.459551] RPC: Registered named UNIX socket transport module.
[    3.460149] RPC: Registered udp transport module.
[    3.460616] RPC: Registered tcp transport module.
[    3.461097] RPC: Registered tcp-with-tls transport module.
[    3.461635] RPC: Registered tcp NFSv4.1 backchannel transport module.
[    3.462285] pci_bus 0000:00: resource 4 [io  0x0000-0x0cf7 window]
[    3.462897] pci_bus 0000:00: resource 5 [io  0x0d00-0xffff window]
[    3.463500] pci_bus 0000:00: resource 6 [mem 0x000a0000-0x000bffff window]
[    3.464174] pci_bus 0000:00: resource 7 [mem 0x80000000-0xfebfffff window]
[    3.464848] pci_bus 0000:00: resource 8 [mem 0x100000000-0x17fffffff window]
[    3.465907] pci 0000:00:01.0: PIIX3: Enabling Passive Release
[    3.466481] pci 0000:00:00.0: Limiting direct PCI/PCI transfers
[    3.467161] PCI: CLS 0 bytes, default 64
[    3.467649] ACPI: bus type thunderbolt registered
[    3.468523] clocksource: tsc: mask: 0xffffffffffffffff max_cycles: 0x1881273ac8e, max_idle_ns: 440795257284 ns
[    3.469608] sgx: There are zero EPC sections.
[    3.475607] Initialise system trusted keyrings
[    3.476170] Key type blacklist registered
[    3.476797] workingset: timestamp_bits=36 max_order=19 bucket_order=0
[    3.479481] squashfs: version 4.0 (2009/01/31) Phillip Lougher
[    3.481493] NFS: Registering the id_resolver key type
[    3.482026] Key type id_resolver registered
[    3.482443] Key type id_legacy registered
[    3.482896] nfs4filelayout_init: NFSv4 File Layout Driver Registering...
[    3.483582] nfs4flexfilelayout_init: NFSv4 Flexfile Layout Driver Registering...
[    3.484608] fuse: init (API version 7.45)
[    3.485633] SGI XFS with ACLs, security attributes, realtime, quota, no debug enabled
[    3.487747] 9p: Installing v9fs 9p2000 file system support
[    3.503155] Key type asymmetric registered
[    3.503573] Asymmetric key parser 'x509' registered
[    3.504197] Block layer SCSI generic (bsg) driver version 0.4 loaded (major 241)
[    3.505161] io scheduler mq-deadline registered
[    3.505737] io scheduler bfq registered
[    3.506650] ledtrig-cpu: registered to indicate activity on CPUs
[    3.508716] IPMI message handler: version 39.2
[    3.509261] ipmi device interface
[    3.511607] input: Power Button as /devices/LNXSYSTM:00/LNXPWRBN:00/input/input0
[    3.512892] ACPI: button: Power Button [PWRF]
[    3.514870] ERST DBG: ERST support is disabled.
[    3.516725] Serial: 8250/16550 driver, 32 ports, IRQ sharing enabled
[    3.518894] 00:04: ttyS0 at I/O 0x3f8 (irq = 4, base_baud = 115200) is a 16550A
[    3.548348] Linux agpgart interface v0.103
[    3.551115] ACPI: bus type drm_connector registered
[    3.575376] brd: module loaded
[    3.591100] loop: module loaded
[    3.601367] scsi host0: ata_piix
[    3.602831] scsi host1: ata_piix
[    3.603672] ata1: PATA max MWDMA2 cmd 0x1f0 ctl 0x3f6 bmdma 0xc040 irq 14 lpm-pol 0
[    3.604425] ata2: PATA max MWDMA2 cmd 0x170 ctl 0x376 bmdma 0xc048 irq 15 lpm-pol 0
[    3.608111] tun: Universal TUN/TAP device driver, 1.6
[    3.609342] e100: Intel(R) PRO/100 Network Driver
[    3.609811] e100: Copyright(c) 1999-2006 Intel Corporation
[    3.610474] e1000: Intel(R) PRO/1000 Network Driver
[    3.610954] e1000: Copyright (c) 1999-2006 Intel Corporation.
[    3.761215] ata1: found unknown device (class 0)
[    3.762251] ata1.00: ATA-7: QEMU HARDDISK, 2.5+, max UDMA/100
[    3.762823] ata1.00: 17196647 sectors, multi 16: LBA48 
[    3.764829] scsi 0:0:0:0: Direct-Access     ATA      QEMU HARDDISK    2.5+ PQ: 0 ANSI: 5
[    3.765345] ata2: found unknown device (class 0)
[    3.766726] ata2.00: ATAPI: QEMU DVD-ROM, 2.5+, max UDMA/100
[    3.768286] sd 0:0:0:0: Attached scsi generic sg0 type 0
[    3.769131] sd 0:0:0:0: [sda] 17196647 512-byte logical blocks: (8.80 GB/8.20 GiB)
[    3.770063] sd 0:0:0:0: [sda] Write Protect is off
[    3.770646] sd 0:0:0:0: [sda] Write cache: enabled, read cache: enabled, doesn't support DPO or FUA
[    3.771736] sd 0:0:0:0: [sda] Preferred minimum I/O size 512 bytes
[    3.773116] scsi 1:0:0:0: CD-ROM            QEMU     QEMU DVD-ROM     2.5+ PQ: 0 ANSI: 5
[    3.799385] scsi 1:0:0:0: Attached scsi generic sg1 type 5
[    3.800631] sd 0:0:0:0: [sda] Attached SCSI disk
[    4.413678] ACPI: \_SB_.LNKC: Enabled at IRQ 11
[    4.729588] e1000 0000:00:03.0 eth0: (PCI:33MHz:32-bit) 52:54:00:12:34:56
[    4.730295] e1000 0000:00:03.0 eth0: Intel(R) PRO/1000 Network Connection
[    4.731160] e1000e: Intel(R) PRO/1000 Network Driver
[    4.731650] e1000e: Copyright(c) 1999 - 2015 Intel Corporation.
[    4.732381] igb: Intel(R) Gigabit Ethernet Network Driver
[    4.732912] igb: Copyright (c) 2007-2014 Intel Corporation.
[    4.733866] PPP generic driver version 2.4.2
[    4.735390] VFIO - User Level meta-driver version: 0.3
[    4.737089] usbcore: registered new interface driver uas
[    4.737765] usbcore: registered new interface driver usb-storage
[    4.738641] i8042: PNP: PS/2 Controller [PNP0303:KBD,PNP0f13:MOU] at 0x60,0x64 irq 1,12
[    4.740403] serio: i8042 KBD port at 0x60,0x64 irq 1
[    4.740970] serio: i8042 AUX port at 0x60,0x64 irq 12
[    4.742793] mousedev: PS/2 mouse device common for all mice
[    4.745041] input: AT Translated Set 2 keyboard as /devices/platform/i8042/serio0/input/input1
[    4.746306] rtc_cmos 00:05: RTC can wake from S4
[    4.748634] rtc_cmos 00:05: registered as rtc0
[    4.749379] rtc_cmos 00:05: setting system clock to 2026-03-12T21:57:30 UTC (1773352650)
[    4.749429] input: VirtualPS/2 VMware VMMouse as /devices/platform/i8042/serio1/input/input4
[    4.751419] rtc_cmos 00:05: alarms up to one day, y3k, 242 bytes nvram, hpet irqs
[    4.752290] input: VirtualPS/2 VMware VMMouse as /devices/platform/i8042/serio1/input/input3
[    4.752301] i2c_dev: i2c /dev entries driver
[    4.753679] device-mapper: core: CONFIG_IMA_DISABLE_HTABLE is disabled. Duplicate IMA measurements will not be recorded in the IMA log.
[    4.754898] device-mapper: uevent: version 1.0.3
[    4.755768] device-mapper: ioctl: 4.50.0-ioctl (2025-04-28) initialised: dm-devel@lists.linux.dev
[    4.756644] intel_pstate: CPU model not supported
[    4.757380] sdhci: Secure Digital Host Controller Interface driver
[    4.757985] sdhci: Copyright(c) Pierre Ossman
[    4.758613] sdhci-pltfm: SDHCI platform and OF driver helper
[    4.759760] drop_monitor: Initializing network drop monitor service
[    4.760785] NET: Registered PF_INET6 protocol family
[    4.762904] Segment Routing with IPv6
[    4.763338] In-situ OAM (IOAM) with IPv6
[    4.763802] NET: Registered PF_PACKET protocol family
[    4.764504] 9pnet: Installing 9P2000 support
[    4.765093] Key type dns_resolver registered
[    4.767044] IPI shorthand broadcast: enabled
[    4.827341] sched_clock: Marking stable (4804005296, 21054703)->(4833896376, -8836377)
[    4.828974] registered taskstats version 1
[    4.830726] Loading compiled-in X.509 certificates
[    4.911989] Demotion targets for Node 0: null
[    4.913698] Key type .fscrypt registered
[    4.914115] Key type fscrypt-provisioning registered
[    4.916965] Key type encrypted registered
[    4.917432] ima: No TPM chip found, activating TPM-bypass!
[    4.918004] ima: Allocated hash algorithm: sha1
[    4.918507] ima: No architecture policies found
[    4.919117] evm: Initialising EVM extended attributes:
[    4.919624] evm: security.selinux
[    4.919957] evm: security.SMACK64
[    4.920290] evm: security.SMACK64EXEC
[    4.920656] evm: security.SMACK64TRANSMUTE
[    4.921078] evm: security.SMACK64MMAP
[    4.921444] evm: security.apparmor
[    4.921788] evm: security.ima
[    4.922086] evm: security.capability
[    4.922442] evm: HMAC attrs: 0x1
[    4.925304] PM:   Magic number: 2:554:1005
[    4.926503] RAS: Correctable Errors collector initialized.
[    4.927255] clk: Disabling unused clocks
[    4.927691] PM: genpd: Disabling unused power domains
[    4.928868] check access for rdinit=/init failed: -2, ignoring
[    4.929377] md: Waiting for all devices to be available before autodetect
[    4.929829] md: If you don't use raid, use raid=noautodetect
[    4.930208] md: Autodetecting RAID arrays.
[    4.930497] md: autorun ...
[    4.930694] md: ... autorun DONE.
[    4.936315] EXT4-fs (sda): INFO: recovery required on readonly filesystem
[    4.936805] EXT4-fs (sda): write access will be enabled during recovery
[    5.239300] EXT4-fs (sda): orphan cleanup on readonly fs
[    5.240011] EXT4-fs (sda): 2 orphan inodes deleted
[    5.240340] EXT4-fs (sda): recovery complete
[    5.243878] EXT4-fs (sda): mounted filesystem 088740a9-c8b4-422c-999d-a804eb68a4da ro with ordered data mode. Quota mode: none.
[    5.244732] VFS: Mounted root (ext4 filesystem) readonly on device 8:0.
[    5.246721] devtmpfs: mounted
[    5.267015] Freeing unused decrypted memory: 2036K
[    5.272573] Freeing unused kernel image (initmem) memory: 16412K
[    5.273219] Write protecting the kernel read-only data: 102400k
[    5.275710] Freeing unused kernel image (text/rodata gap) memory: 992K
[    5.277326] Freeing unused kernel image (rodata/data gap) memory: 1664K
[    6.211996] x86/mm: Checked W+X mappings: passed, no W+X pages found.
[    6.212520] Run /sbin/init as init process
[    6.350592] systemd[1]: systemd 252-15.el9 running in system mode (+PAM +AUDIT +SELINUX -APPARMOR +IMA +SMACK +SECCOMP +GCRYPT +GNUTLS +OPENSSL +ACL +BLKID +CURL +ELFUTILS -FIDO2 +IDN2 -IDN -IPTC +KMOD +LIBCRYPTSETUP +LIBFDISK +PCRE2 -PWQUALITY +P11KIT -QRENCODE +TPM2 +BZIP2 +LZ4 +XZ +ZLIB +ZSTD -BPF_FRAMEWORK +XKBCOMMON +UTMP +SYSVINIT default-hierarchy=unified)
[    6.352681] systemd[1]: Detected virtualization kvm.
[    6.353024] systemd[1]: Detected architecture x86-64.

Welcome to [0;31mCentOS Stream 9[0m!

[    6.356949] systemd[1]: Hostname set to <test>.
[    6.593174] systemd-rc-local-generator[122]: /etc/rc.d/rc.local is not marked executable, skipping.
[    6.812126] systemd[1]: Queued start job for default target Multi-User System.
[    6.835615] systemd[1]: Created slice Virtual Machine and Container Slice.
[[0;32m  OK  [0m] Created slice [0;1;39mVirtual Machine and Container Slice[0m.
[    6.840808] systemd[1]: Created slice Slice /system/getty.
[[0;32m  OK  [0m] Created slice [0;1;39mSlice /system/getty[0m.
[    6.843856] systemd[1]: Created slice Slice /system/modprobe.
[[0;32m  OK  [0m] Created slice [0;1;39mSlice /system/modprobe[0m.
[    6.846762] systemd[1]: Created slice Slice /system/serial-getty.
[[0;32m  OK  [0m] Created slice [0;1;39mSlice /system/serial-getty[0m.
[    6.849675] systemd[1]: Created slice Slice /system/sshd-keygen.
[[0;32m  OK  [0m] Created slice [0;1;39mSlice /system/sshd-keygen[0m.
[    6.852375] systemd[1]: Created slice User and Session Slice.
[[0;32m  OK  [0m] Created slice [0;1;39mUser and Session Slice[0m.
[    6.853788] systemd[1]: Started Forward Password Requests to Wall Directory Watch.
[[0;32m  OK  [0m] Started [0;1;39mForward Password R…uests to Wall Directory Watch[0m.
[    6.855949] systemd[1]: Set up automount Arbitrary Executable File Formats File System Automount Point.
[[0;32m  OK  [0m] Set up automount [0;1;39mArbitrary…s File System Automount Point[0m.
[    6.857526] systemd[1]: Reached target Local Integrity Protected Volumes.
[[0;32m  OK  [0m] Reached target [0;1;39mLocal Integrity Protected Volumes[0m.
[    6.858762] systemd[1]: Reached target Slice Units.
[[0;32m  OK  [0m] Reached target [0;1;39mSlice Units[0m.
[    6.859671] systemd[1]: Reached target Swaps.
[[0;32m  OK  [0m] Reached target [0;1;39mSwaps[0m.
[    6.860511] systemd[1]: Reached target Local Verity Protected Volumes.
[[0;32m  OK  [0m] Reached target [0;1;39mLocal Verity Protected Volumes[0m.
[    6.861988] systemd[1]: Listening on Device-mapper event daemon FIFOs.
[[0;32m  OK  [0m] Listening on [0;1;39mDevice-mapper event daemon FIFOs[0m.
[    6.863695] systemd[1]: Listening on LVM2 poll daemon socket.
[[0;32m  OK  [0m] Listening on [0;1;39mLVM2 poll daemon socket[0m.
[    6.864920] systemd[1]: multipathd control socket was skipped because of an unmet condition check (ConditionPathExists=/etc/multipath.conf).
[    6.894090] systemd[1]: Listening on RPCbind Server Activation Socket.
[[0;32m  OK  [0m] Listening on [0;1;39mRPCbind Server Activation Socket[0m.
[    6.895365] systemd[1]: Reached target RPC Port Mapper.
[[0;32m  OK  [0m] Reached target [0;1;39mRPC Port Mapper[0m.
[    6.900029] systemd[1]: Listening on Process Core Dump Socket.
[[0;32m  OK  [0m] Listening on [0;1;39mProcess Core Dump Socket[0m.
[    6.901479] systemd[1]: Listening on initctl Compatibility Named Pipe.
[[0;32m  OK  [0m] Listening on [0;1;39minitctl Compatibility Named Pipe[0m.
[    6.903226] systemd[1]: Listening on Journal Socket (/dev/log).
[[0;32m  OK  [0m] Listening on [0;1;39mJournal Socket (/dev/log)[0m.
[    6.904829] systemd[1]: Listening on Journal Socket.
[[0;32m  OK  [0m] Listening on [0;1;39mJournal Socket[0m.
[    6.906649] systemd[1]: Listening on udev Control Socket.
[[0;32m  OK  [0m] Listening on [0;1;39mudev Control Socket[0m.
[    6.907997] systemd[1]: Listening on udev Kernel Socket.
[[0;32m  OK  [0m] Listening on [0;1;39mudev Kernel Socket[0m.
[    6.914195] systemd[1]: Mounting Huge Pages File System...
         Mounting [0;1;39mHuge Pages File System[0m...
[    6.925181] systemd[1]: Mounting POSIX Message Queue File System...
         Mounting [0;1;39mPOSIX Message Queue File System[0m...
[    6.932885] systemd[1]: Mounting Kernel Debug File System...
         Mounting [0;1;39mKernel Debug File System[0m...
[    6.941471] systemd[1]: Mounting Kernel Trace File System...
         Mounting [0;1;39mKernel Trace File System[0m...
[    6.943201] systemd[1]: Kernel Module supporting RPCSEC_GSS was skipped because of an unmet condition check (ConditionPathExists=/etc/krb5.keytab).
[    6.944218] systemd[1]: Create List of Static Device Nodes was skipped because of an unmet condition check (ConditionFileNotEmpty=/lib/modules/6.19.0-rc1-88ec797c4680+/modules.devname).
[    6.958627] systemd[1]: Starting Monitoring of LVM2 mirrors, snapshots etc. using dmeventd or progress polling...
         Starting [0;1;39mMonitoring of LVM…meventd or progress polling[0m...
[    6.965517] systemd[1]: Starting Load Kernel Module configfs...
         Starting [0;1;39mLoad Kernel Module configfs[0m...
[    6.972231] systemd[1]: Starting Load Kernel Module drm...
         Starting [0;1;39mLoad Kernel Module drm[0m...
[    6.997495] systemd[1]: Starting Load Kernel Module fuse...
         Starting [0;1;39mLoad Kernel Module fuse[0m...
[    7.011459] systemd[1]: Starting Read and set NIS domainname from /etc/sysconfig/network...
         Starting [0;1;39mRead and set NIS …from /etc/sysconfig/network[0m...
[    7.026997] systemd[1]: Starting Journal Service...
         Starting [0;1;39mJournal Service[0m...
[    7.039757] systemd[1]: Starting Load Kernel Modules...
         Starting [0;1;39mLoad Kernel Modules[0m...
[    7.050602] systemd[1]: Starting Generate network units from Kernel command line...
         Starting [0;1;39mGenerate network …ts from Kernel command line[0m...
[    7.065860] systemd[1]: Starting Remount Root and Kernel File Systems...
         Starting [0;1;39mRemount Root and Kernel File Systems[0m...
[    7.068762] systemd[1]: Repartition Root Disk was skipped because no trigger condition checks were met.
[    7.097158] systemd[1]: Starting Coldplug All udev Devices...
         Starting [0;1;39mColdplug All udev Devices[0m...
[    7.118778] systemd[1]: Mounted Huge Pages File System.
[[0;32m  OK  [0m] Mounted [0;1;39mHuge Pages File System[0m.
[    7.120252] systemd[1]: Mounted POSIX Message Queue File System.
[[0;32m  OK  [0m] Mounted [0;1;39mPOSIX Message Queue File System[0m.
[    7.121777] systemd[1]: Mounted Kernel Debug File System.
[[0;32m  OK  [0m] Mounted [0;1;39mKernel Debug File System[0m.
[    7.125622] systemd[1]: Mounted Kernel Trace File System.
[[0;32m  OK  [0m] Mounted [0;1;39mKernel Trace File System[0m.
[    7.130509] systemd[1]: Finished Monitoring of LVM2 mirrors, snapshots etc. using dmeventd or progress polling.
[[0;32m  OK  [0m] Finished [0;1;39mMonitoring of LVM… dmeventd or progress polling[0m.
[    7.134891] systemd[1]: modprobe@configfs.service: Deactivated successfully.
[    7.136427] systemd[1]: Finished Load Kernel Module configfs.
[[0;32m  OK  [0m] Finished [0;1;39mLoad Kernel Module configfs[0m.
[    7.140706] systemd[1]: modprobe@drm.service: Deactivated successfully.
[    7.142288] systemd[1]: Finished Load Kernel Module drm.
[[0;32m  OK  [0m] Finished [0;1;39mLoad Kernel Module drm[0m.
[    7.144916] systemd[1]: modprobe@fuse.service: Deactivated successfully.
[    7.147035] systemd[1]: Finished Load Kernel Module fuse.
[[0;32m  OK  [0m] Finished [0;1;39mLoad Kernel Module fuse[0m.
[    7.149823] systemd[1]: Finished Read and set NIS domainname from /etc/sysconfig/network.
[[0;32m  OK  [0m] Finished [0;1;39mRead and set NIS …e from /etc/sysconfig/network[0m.
[    7.152302] systemd[1]: systemd-modules-load.service: Main process exited, code=exited, status=1/FAILURE
[    7.153241] EXT4-fs (sda): re-mounted 088740a9-c8b4-422c-999d-a804eb68a4da r/w.
[    7.156233] systemd[1]: systemd-modules-load.service: Failed with result 'exit-code'.
[    7.161538] systemd[1]: Failed to start Load Kernel Modules.
[[0;1;31mFAILED[0m] Failed to start [0;1;39mLoad Kernel Modules[0m.
See 'systemctl status systemd-modules-load.service' for details.
[    7.167793] systemd[1]: Finished Generate network units from Kernel command line.
[[0;32m  OK  [0m] Finished [0;1;39mGenerate network units from Kernel command line[0m.
[    7.171838] systemd[1]: Finished Remount Root and Kernel File Systems.
[[0;32m  OK  [0m] Finished [0;1;39mRemount Root and Kernel File Systems[0m.
[    7.174138] systemd[1]: Reached target Preparation for Network.
[[0;32m  OK  [0m] Reached target [0;1;39mPreparation for Network[0m.
[    7.185481] systemd[1]: Mounting FUSE Control File System...
         Mounting [0;1;39mFUSE Control File System[0m...
[    7.213249] systemd[1]: Mounting Kernel Configuration File System...
         Mounting [0;1;39mKernel Configuration File System[0m...
[    7.214499] systemd[1]: Special handling of early boot iSCSI sessions was skipped because of an unmet condition check (ConditionDirectoryNotEmpty=/sys/class/iscsi_session).
[    7.215607] systemd[1]: First Boot Wizard was skipped because of an unmet condition check (ConditionFirstBoot=yes).
[    7.223173] systemd[1]: Rebuild Hardware Database was skipped because of an unmet condition check (ConditionNeedsUpdate=/etc).
[    7.232668] systemd[1]: Starting Load/Save Random Seed...
         Starting [0;1;39mLoad/Save Random Seed[0m...
[    7.242745] systemd[1]: Starting Apply Kernel Variables...
         Starting [0;1;39mApply Kernel Variables[0m...
[    7.245566] systemd[1]: Create System Users was skipped because no trigger condition checks were met.
[    7.257526] systemd[1]: Starting Create Static Device Nodes in /dev...
         Starting [0;1;39mCreate Static Device Nodes in /dev[0m...
[    7.274513] systemd[1]: Starting Setup Virtual Console...
         Starting [0;1;39mSetup Virtual Console[0m...
[    7.294012] systemd[1]: Started Journal Service.
[[0;32m  OK  [0m] Started [0;1;39mJournal Service[0m.
[[0;32m  OK  [0m] Mounted [0;1;39mFUSE Control File System[0m.
[[0;32m  OK  [0m] Mounted [0;1;39mKernel Configuration File System[0m.
[[0;32m  OK  [0m] Finished [0;1;39mLoad/Save Random Seed[0m.
[[0;32m  OK  [0m] Finished [0;1;39mApply Kernel Variables[0m.
         Starting [0;1;39mFlush Journal to Persistent Storage[0m...
[    7.407755] systemd-journald[144]: Received client request to flush runtime journal.
[[0;32m  OK  [0m] Finished [0;1;39mCreate Static Device Nodes in /dev[0m.
[[0;32m  OK  [0m] Finished [0;1;39mFlush Journal to Persistent Storage[0m.
         Starting [0;1;39mRule-based Manage…for Device Events and Files[0m...
[[0;32m  OK  [0m] Started [0;1;39mRule-based Manager for Device Events and Files[0m.
         Starting [0;1;39mAuto-connect to s…E devices found during boot[0m...
[[0;32m  OK  [0m] Finished [0;1;39mAuto-connect to s…VME devices found during boot[0m.
[[0;32m  OK  [0m] Finished [0;1;39mSetup Virtual Console[0m.
[[0;32m  OK  [0m] Finished [0;1;39mColdplug All udev Devices[0m.
         Starting [0;1;39mShow Plymouth Boot Screen[0m...
[2J[3J[-1;-1f         Starting [0;1;39mWait for udev To …plete Device Initialization[0m...
[[0;32m  OK  [0m] Started [0;1;39mShow Plymouth Boot Screen[0m.
[[0;32m  OK  [0m] Started [0;1;39mForward Password R…s to Plymouth Directory Watch[0m.
[[0;32m  OK  [0m] Reached target [0;1;39mLocal Encrypted Volumes[0m.
[[0;32m  OK  [0m] Reached target [0;1;39mPath Units[0m.
[[0;32m  OK  [0m] Found device [0;1;39m/dev/ttyS0[0m.
[[0;32m  OK  [0m] Listening on [0;1;39mLoad/Save RF …itch Status /dev/rfkill Watch[0m.
[[0;32m  OK  [0m] Finished [0;1;39mWait for udev To Complete Device Initialization[0m.
[[0;32m  OK  [0m] Reached target [0;1;39mPreparation for Local File Systems[0m.
[[0;32m  OK  [0m] Reached target [0;1;39mLocal File Systems[0m.
         Starting [0;1;39mTell Plymouth To Write Out Runtime Data[0m...
         Starting [0;1;39mAutomatic Boot Loader Update[0m...
         Starting [0;1;39mCreate Volatile Files and Directories[0m...
[[0;32m  OK  [0m] Finished [0;1;39mTell Plymouth To Write Out Runtime Data[0m.
[[0;32m  OK  [0m] Finished [0;1;39mAutomatic Boot Loader Update[0m.
[[0;32m  OK  [0m] Finished [0;1;39mCreate Volatile Files and Directories[0m.
         Mounting [0;1;39mRPC Pipe File System[0m...
         Starting [0;1;39mSecurity Auditing Service[0m...
         Starting [0;1;39mRPC Bind[0m...
[[0;32m  OK  [0m] Mounted [0;1;39mRPC Pipe File System[0m.
[[0;32m  OK  [0m] Reached target [0;1;39mrpc_pipefs.target[0m.
[[0;32m  OK  [0m] Started [0;1;39mRPC Bind[0m.
[[0;32m  OK  [0m] Started [0;1;39mSecurity Auditing Service[0m.
         Starting [0;1;39mRecord System Boot/Shutdown in UTMP[0m...
[[0;32m  OK  [0m] Finished [0;1;39mRecord System Boot/Shutdown in UTMP[0m.
[[0;32m  OK  [0m] Reached target [0;1;39mSystem Initialization[0m.
[[0;32m  OK  [0m] Started [0;1;39mDaily rotation of log files[0m.
[[0;32m  OK  [0m] Started [0;1;39mUpdates mlocate database every day[0m.
[[0;32m  OK  [0m] Started [0;1;39mDaily Cleanup of Temporary Directories[0m.
[[0;32m  OK  [0m] Started [0;1;39mdaily update of the root trust anchor for DNSSEC[0m.
[[0;32m  OK  [0m] Reached target [0;1;39mTimer Units[0m.
[[0;32m  OK  [0m] Listening on [0;1;39mD-Bus System Message Bus Socket[0m.
[[0;32m  OK  [0m] Listening on [0;1;39mOpen-iSCSI iscsid Socket[0m.
[[0;32m  OK  [0m] Listening on [0;1;39mOpen-iSCSI iscsiuio Socket[0m.
[[0;32m  OK  [0m] Listening on [0;1;39mSSSD Kerberos…ache Manager responder socket[0m.
[[0;32m  OK  [0m] Listening on [0;1;39mLibvirt interface local socket[0m.
[[0;32m  OK  [0m] Listening on [0;1;39mVirtual machine lock manager socket[0m.
[[0;32m  OK  [0m] Listening on [0;1;39mVirtual machine log manager socket[0m.
[[0;32m  OK  [0m] Listening on [0;1;39mLibvirt network local socket[0m.
[[0;32m  OK  [0m] Listening on [0;1;39mLibvirt nodedev local socket[0m.
[[0;32m  OK  [0m] Listening on [0;1;39mLibvirt nwfilter local socket[0m.
[[0;32m  OK  [0m] Listening on [0;1;39mLibvirt proxy local socket[0m.
[[0;32m  OK  [0m] Listening on [0;1;39mLibvirt qemu local socket[0m.
[[0;32m  OK  [0m] Listening on [0;1;39mLibvirt qemu admin socket[0m.
[[0;32m  OK  [0m] Listening on [0;1;39mLibvirt qemu local read-only socket[0m.
[[0;32m  OK  [0m] Listening on [0;1;39mLibvirt secret local socket[0m.
[[0;32m  OK  [0m] Listening on [0;1;39mLibvirt storage local socket[0m.
[[0;32m  OK  [0m] Reached target [0;1;39mSocket Units[0m.
         Starting [0;1;39mD-Bus System Message Bus[0m...
[[0;32m  OK  [0m] Started [0;1;39mD-Bus System Message Bus[0m.
[[0;32m  OK  [0m] Reached target [0;1;39mBasic System[0m.
         Starting [0;1;39mNetwork Manager[0m...
         Starting [0;1;39mNTP client/server[0m...
         Starting [0;1;39mRestore /run/initramfs on shutdown[0m...
[[0;32m  OK  [0m] Started [0;1;39mirqbalance daemon[0m.
[[0;32m  OK  [0m] Started [0;1;39mlibstoragemgmt plug-in server daemon[0m.
[[0;32m  OK  [0m] Started [0;1;39mMachine Check Exception Logging Daemon[0m.
[[0;32m  OK  [0m] Reached target [0;1;39msshd-keygen.target[0m.
[[0;32m  OK  [0m] Reached target [0;1;39mUser and Group Name Lookups[0m.
         Starting [0;1;39mUser Login Management[0m...
         Starting [0;1;39mVirtual Machine a…tainer Registration Service[0m...
[[0;32m  OK  [0m] Finished [0;1;39mRestore /run/initramfs on shutdown[0m.
         Starting [0;1;39mHostname Service[0m...
[[0;32m  OK  [0m] Started [0;1;39mVirtual Machine an…ontainer Registration Service[0m.
[[0;32m  OK  [0m] Started [0;1;39mNTP client/server[0m.
[[0;32m  OK  [0m] Started [0;1;39mUser Login Management[0m.
[[0;32m  OK  [0m] Started [0;1;39mHostname Service[0m.
         Starting [0;1;39mNetwork Manager Script Dispatcher Service[0m...
[[0;32m  OK  [0m] Started [0;1;39mNetwork Manager Script Dispatcher Service[0m.
[   10.569284] e1000: eth0 NIC Link is Up 1000 Mbps Full Duplex, Flow Control: RX
[[0;32m  OK  [0m] Started [0;1;39mNetwork Manager[0m.
[[0;32m  OK  [0m] Reached target [0;1;39mNetwork[0m.
[[0;32m  OK  [0m] Reached target [0;1;39mNetwork is Online[0m.
         Starting [0;1;39mGSSAPI Proxy Daemon[0m...
         Starting [0;1;39mNotify NFS peers of a restart[0m...
         Starting [0;1;39mSystem Logging Service[0m...
         Starting [0;1;39mOpenSSH server daemon[0m...
         Starting [0;1;39mDynamic System Tuning Daemon[0m...
[[0;32m  OK  [0m] Started [0;1;39mNotify NFS peers of a restart[0m.
[[0;32m  OK  [0m] Started [0;1;39mGSSAPI Proxy Daemon[0m.
[[0;32m  OK  [0m] Reached target [0;1;39mNFS client services[0m.
[[0;32m  OK  [0m] Reached target [0;1;39mPreparation for Remote File Systems[0m.
[[0;32m  OK  [0m] Reached target [0;1;39mRemote File Systems[0m.
         Starting [0;1;39mPermit User Sessions[0m...
         Starting [0;1;39mVirtualization qemu daemon[0m...
[[0;32m  OK  [0m] Started [0;1;39mOpenSSH server daemon[0m.
[[0;32m  OK  [0m] Finished [0;1;39mPermit User Sessions[0m.
[[0;32m  OK  [0m] Started [0;1;39mDeferred execution scheduler[0m.
[[0;32m  OK  [0m] Started [0;1;39mCommand Scheduler[0m.
         Starting [0;1;39mHold until boot process finishes up[0m...
         Starting [0;1;39mTerminate Plymouth Boot Screen[0m...
[[0;32m  OK  [0m] Started [0;1;39mSystem Logging Service[0m.

CentOS Stream 9
Kernel 6.19.0-rc1-88ec797c4680+ on an x86_64

Activate the web console with: systemctl enable --now cockpit.socket

test login: [  300.333215] INFO: task systemd:740 blocked for more than 147 seconds.
[  300.333880]       Not tainted 6.19.0-rc1-88ec797c4680+ #1
[  300.334378] "echo 0 > /proc/sys/kernel/hung_task_timeout_secs" disables this message.
[  300.335064] task:systemd         state:D stack:0     pid:740   tgid:1     ppid:0      task_flags:0x400040 flags:0x00080000
[  300.336012] Call Trace:
[  300.336273]  <TASK>
[  300.336515]  __schedule+0xfd0/0x40f0
[  300.336861]  ? __pfx___schedule+0x10/0x10
[  300.337293]  ? lock_release+0x14f/0x2a0
[  300.337647]  ? wait_transaction_locked+0x196/0x240
[  300.338096]  schedule+0xf6/0x3d0
[  300.338426]  wait_transaction_locked+0x1bb/0x240
[  300.338868]  ? wait_transaction_locked+0x196/0x240
[  300.339321]  ? __pfx_wait_transaction_locked+0x10/0x10
[  300.339808]  ? __pfx_autoremove_wake_function+0x10/0x10
[  300.340298]  ? jbd2__journal_start+0x19c/0x810
[  300.340734]  add_transaction_credits+0x121/0x1000
[  300.341200]  ? __pfx_add_transaction_credits+0x10/0x10
[  300.341679]  ? __this_cpu_preempt_check+0x21/0x30
[  300.342129]  ? lock_acquire+0x180/0x2f0
[  300.342514]  ? __kasan_check_write+0x18/0x20
[  300.342890]  start_this_handle+0x457/0x1550
[  300.343299]  ? __pfx_start_this_handle+0x10/0x10
[  300.343739]  ? debug_smp_processor_id+0x20/0x30
[  300.344164]  ? rcu_is_watching+0x19/0xc0
[  300.344552]  ? kmem_cache_alloc_noprof+0x4e2/0x780
[  300.345013]  jbd2__journal_start+0x397/0x810
[  300.345439]  __ext4_journal_start_sb+0x3fc/0x580
[  300.345880]  ? ext4_rmdir+0x637/0xf10
[  300.346244]  ext4_rmdir+0x637/0xf10
[  300.346602]  ? __pfx_ext4_rmdir+0x10/0x10
[  300.346999]  ? __pfx_down_write+0x10/0x10
[  300.347385]  ? do_raw_spin_unlock+0x15c/0x210
[  300.347805]  vfs_rmdir+0x351/0x880
[  300.348150]  do_rmdir+0x450/0x5e0
[  300.348488]  ? __pfx_do_rmdir+0x10/0x10
[  300.348866]  ? __sanitizer_cov_trace_const_cmp8+0x1c/0x30
[  300.349379]  ? strncpy_from_user+0x198/0x290
[  300.349796]  ? getname_flags.part.0+0x1d5/0x570
[  300.350235]  __x64_sys_unlinkat+0xff/0x130
[  300.350633]  x64_sys_call+0xea8/0x21b0
[  300.351001]  do_syscall_64+0x6d/0x1180
[  300.351373]  entry_SYSCALL_64_after_hwframe+0x76/0x7e
[  300.351845] RIP: 0033:0x7fb3efe3ebab
[  300.352198] RSP: 002b:00007fb3ef64c838 EFLAGS: 00000246 ORIG_RAX: 0000000000000107
[  300.352867] RAX: ffffffffffffffda RBX: 0000000000000006 RCX: 00007fb3efe3ebab
[  300.353504] RDX: 0000000000000200 RSI: 00007fb3e8008bf0 RDI: 000000000000000c
[  300.354126] RBP: 000000000000000c R08: 0000000000000003 R09: 0000000000000078
[  300.354752] R10: 000000000000009b R11: 0000000000000246 R12: 0000000000000000
[  300.355373] R13: 00007fb3e8008bf0 R14: 0000000000000200 R15: 0000000000000006
[  300.356016]  </TASK>
[  300.356256] INFO: task systemd:741 blocked for more than 147 seconds.
[  300.356827]       Not tainted 6.19.0-rc1-88ec797c4680+ #1
[  300.357333] "echo 0 > /proc/sys/kernel/hung_task_timeout_secs" disables this message.
[  300.358018] task:systemd         state:D stack:0     pid:741   tgid:1     ppid:0      task_flags:0x400040 flags:0x00080000
[  300.358960] Call Trace:
[  300.359217]  <TASK>
[  300.359452]  __schedule+0xfd0/0x40f0
[  300.359820]  ? __pfx___schedule+0x10/0x10
[  300.360211]  ? lock_release+0x14f/0x2a0
[  300.360588]  ? wait_transaction_locked+0x196/0x240
[  300.361037]  schedule+0xf6/0x3d0
[  300.361384]  wait_transaction_locked+0x1bb/0x240
[  300.361828]  ? wait_transaction_locked+0x196/0x240
[  300.362280]  ? __pfx_wait_transaction_locked+0x10/0x10
[  300.362766]  ? __pfx_autoremove_wake_function+0x10/0x10
[  300.363253]  ? jbd2__journal_start+0x19c/0x810
[  300.363682]  add_transaction_credits+0x121/0x1000
[  300.364132]  ? __pfx_add_transaction_credits+0x10/0x10
[  300.364613]  ? __this_cpu_preempt_check+0x21/0x30
[  300.365078]  ? lock_acquire+0x180/0x2f0
[  300.365416]  ? __kasan_check_write+0x18/0x20
[  300.365834]  start_this_handle+0x457/0x1550
[  300.366238]  ? __pfx_start_this_handle+0x10/0x10
[  300.366681]  ? debug_smp_processor_id+0x20/0x30
[  300.367110]  ? rcu_is_watching+0x19/0xc0
[  300.367490]  ? kmem_cache_alloc_noprof+0x4e2/0x780
[  300.367953]  jbd2__journal_start+0x397/0x810
[  300.368369]  __ext4_journal_start_sb+0x3fc/0x580
[  300.368806]  ? ext4_rmdir+0x637/0xf10
[  300.369184]  ext4_rmdir+0x637/0xf10
[  300.369497]  ? __pfx_ext4_rmdir+0x10/0x10
[  300.369893]  ? __pfx_down_write+0x10/0x10
[  300.370279]  ? do_raw_spin_unlock+0x15c/0x210
[  300.370701]  vfs_rmdir+0x351/0x880
[  300.371043]  do_rmdir+0x450/0x5e0
[  300.371383]  ? __pfx_do_rmdir+0x10/0x10
[  300.371758]  ? __sanitizer_cov_trace_const_cmp8+0x1c/0x30
[  300.372251]  ? strncpy_from_user+0x198/0x290
[  300.372664]  ? getname_flags.part.0+0x1d5/0x570
[  300.373115]  __x64_sys_unlinkat+0xff/0x130
[  300.373510]  x64_sys_call+0xea8/0x21b0
[  300.373835]  do_syscall_64+0x6d/0x1180
[  300.374204]  entry_SYSCALL_64_after_hwframe+0x76/0x7e
[  300.374675] RIP: 0033:0x7fb3efe3ebab
[  300.375026] RSP: 002b:00007fb3eee4b838 EFLAGS: 00000246 ORIG_RAX: 0000000000000107
[  300.375691] RAX: ffffffffffffffda RBX: 0000000000000006 RCX: 00007fb3efe3ebab
[  300.376315] RDX: 0000000000000200 RSI: 00007fb3e0008bf0 RDI: 0000000000000016
[  300.376938] RBP: 0000000000000016 R08: 0000000000000003 R09: 0000000000000078
[  300.377576] R10: 000000000000009b R11: 0000000000000246 R12: 0000000000000000
[  300.378195] R13: 00007fb3e0008bf0 R14: 0000000000000200 R15: 0000000000000006
[  300.378835]  </TASK>
[  300.379076] INFO: task kworker/u8:0:12 blocked for more than 147 seconds.
[  300.379675]       Not tainted 6.19.0-rc1-88ec797c4680+ #1
[  300.380161] "echo 0 > /proc/sys/kernel/hung_task_timeout_secs" disables this message.
[  300.380837] task:kworker/u8:0    state:D stack:0     pid:12    tgid:12    ppid:2      task_flags:0x4248160 flags:0x00080000
[  300.381800] Workqueue: writeback wb_workfn (flush-8:0)
[  300.382237] Call Trace:
[  300.382494]  <TASK>
[  300.382735]  __schedule+0xfd0/0x40f0
[  300.383102]  ? __pfx___schedule+0x10/0x10
[  300.383493]  ? lock_release+0x14f/0x2a0
[  300.383864]  ? kthread_data+0x61/0xd0
[  300.384228]  ? wait_transaction_locked+0x196/0x240
[  300.384683]  schedule+0xf6/0x3d0
[  300.385009]  wait_transaction_locked+0x1bb/0x240
[  300.385459]  ? wait_transaction_locked+0x196/0x240
[  300.385910]  ? __pfx_wait_transaction_locked+0x10/0x10
[  300.386390]  ? __pfx_autoremove_wake_function+0x10/0x10
[  300.386883]  ? jbd2__journal_start+0x253/0x810
[  300.387312]  add_transaction_credits+0x121/0x1000
[  300.387758]  ? ext4_init_io_end+0x32/0x190
[  300.388153]  ? __pfx_add_transaction_credits+0x10/0x10
[  300.388631]  ? __this_cpu_preempt_check+0x21/0x30
[  300.389089]  ? lock_acquire+0x180/0x2f0
[  300.389465]  ? blk_cgroup_bio_start+0x389/0x660
[  300.389893]  ? __kasan_check_write+0x18/0x20
[  300.390305]  start_this_handle+0x457/0x1550
[  300.390719]  ? __pfx_start_this_handle+0x10/0x10
[  300.391157]  ? debug_smp_processor_id+0x20/0x30
[  300.391592]  ? rcu_is_watching+0x19/0xc0
[  300.391974]  ? kmem_cache_alloc_noprof+0x4e2/0x780
[  300.392437]  jbd2__journal_start+0x397/0x810
[  300.392855]  __ext4_journal_start_sb+0x3fc/0x580
[  300.393314]  ? __sanitizer_cov_trace_const_cmp4+0x1a/0x20
[  300.393767]  ? ext4_do_writepages+0x1112/0x3930
[  300.394198]  ext4_do_writepages+0x1112/0x3930
[  300.394616]  ? __this_cpu_preempt_check+0x21/0x30
[  300.395059]  ? lock_is_held_type+0xef/0x150
[  300.395465]  ? __lock_acquire+0x412/0x2210
[  300.395869]  ? __pfx_ext4_do_writepages+0x10/0x10
[  300.396318]  ? __this_cpu_preempt_check+0x21/0x30
[  300.396773]  ? lock_is_held_type+0xef/0x150
[  300.397200]  ext4_writepages+0x3e1/0x870
[  300.397540]  ? ext4_writepages+0x3e1/0x870
[  300.397894]  ? __pfx_ext4_writepages+0x10/0x10
[  300.398327]  ? do_raw_spin_unlock+0x15c/0x210
[  300.398742]  ? __pfx_ext4_writepages+0x10/0x10
[  300.399161]  do_writepages+0x255/0x5b0
[  300.399537]  __writeback_single_inode+0x121/0x1340
[  300.399944]  ? _raw_spin_unlock+0x31/0x60
[  300.400326]  ? __sanitizer_cov_trace_const_cmp8+0x1c/0x30
[  300.400821]  ? wbc_attach_and_unlock_inode.part.0+0x47a/0x890
[  300.401362]  writeback_sb_inodes+0x785/0x1c80
[  300.401792]  ? __pfx_writeback_sb_inodes+0x10/0x10
[  300.402242]  ? __lock_acquire+0x412/0x2210
[  300.402686]  ? __sanitizer_cov_trace_const_cmp8+0x1c/0x30
[  300.403142]  __writeback_inodes_wb+0xc8/0x280
[  300.403570]  wb_writeback+0x652/0x9e0
[  300.403941]  ? __pfx_wb_writeback+0x10/0x10
[  300.404348]  ? __sanitizer_cov_trace_cmp4+0x1a/0x20
[  300.404801]  ? get_nr_dirty_inodes+0x12c/0x1b0
[  300.405243]  wb_workfn+0x713/0xe60
[  300.405590]  ? __pfx_wb_workfn+0x10/0x10
[  300.405977]  process_one_work+0x930/0x1ad0
[  300.406369]  ? __lock_acquire+0x412/0x2210
[  300.406779]  ? __pfx_process_one_work+0x10/0x10
[  300.407210]  ? move_linked_works+0x1bf/0x2c0
[  300.407615]  ? __this_cpu_preempt_check+0x21/0x30
[  300.408065]  ? assign_work+0x19f/0x250
[  300.408433]  ? lock_is_held_type+0xef/0x150
[  300.408845]  worker_thread+0x697/0xeb0
[  300.409246]  ? __pfx_worker_thread+0x10/0x10
[  300.409622]  kthread+0x464/0x980
[  300.409949]  ? __pfx_kthread+0x10/0x10
[  300.410313]  ? trace_hardirqs_on+0x26/0x130
[  300.410714]  ? _raw_spin_unlock_irq+0x3c/0x60
[  300.411128]  ? __pfx_kthread+0x10/0x10
[  300.411498]  ret_from_fork+0x780/0x8f0
[  300.411829]  ? __pfx_ret_from_fork+0x10/0x10
[  300.412235]  ? native_load_tls+0x16/0x50
[  300.412621]  ? __sanitizer_cov_trace_const_cmp8+0x1c/0x30
[  300.413132]  ? __switch_to+0x823/0x10b0
[  300.413509]  ? __pfx_kthread+0x10/0x10
[  300.413843]  ret_from_fork_asm+0x1a/0x30
[  300.414239]  </TASK>
[  300.414487] INFO: task kworker/u8:1:35 blocked for more than 147 seconds.
[  300.415087]       Not tainted 6.19.0-rc1-88ec797c4680+ #1
[  300.415579] "echo 0 > /proc/sys/kernel/hung_task_timeout_secs" disables this message.
[  300.416254] task:kworker/u8:1    state:D stack:0     pid:35    tgid:35    ppid:2      task_flags:0x4248060 flags:0x00080000
[  300.417219] Workqueue: writeback wb_workfn (flush-8:0)
[  300.417703] Call Trace:
[  300.417960]  <TASK>
[  300.418199]  __schedule+0xfd0/0x40f0
[  300.418568]  ? __pfx___schedule+0x10/0x10
[  300.418959]  ? lock_release+0x14f/0x2a0
[  300.419334]  ? kthread_data+0x61/0xd0
[  300.419700]  ? wait_transaction_locked+0x196/0x240
[  300.420149]  schedule+0xf6/0x3d0
[  300.420478]  wait_transaction_locked+0x1bb/0x240
[  300.420914]  ? wait_transaction_locked+0x196/0x240
[  300.421379]  ? __pfx_wait_transaction_locked+0x10/0x10
[  300.421866]  ? __pfx_autoremove_wake_function+0x10/0x10
[  300.422351]  ? jbd2__journal_start+0x253/0x810
[  300.422782]  add_transaction_credits+0x121/0x1000
[  300.423224]  ? ext4_init_io_end+0x32/0x190
[  300.423625]  ? __pfx_add_transaction_credits+0x10/0x10
[  300.424100]  ? __this_cpu_preempt_check+0x21/0x30
[  300.424551]  ? lock_acquire+0x180/0x2f0
[  300.424928]  ? blk_cgroup_bio_start+0x389/0x660
[  300.425378]  ? __kasan_check_write+0x18/0x20
[  300.425755]  start_this_handle+0x457/0x1550
[  300.426162]  ? __pfx_start_this_handle+0x10/0x10
[  300.426605]  ? debug_smp_processor_id+0x20/0x30
[  300.427035]  ? rcu_is_watching+0x19/0xc0
[  300.427414]  ? kmem_cache_alloc_noprof+0x4e2/0x780
[  300.427879]  jbd2__journal_start+0x397/0x810
[  300.428288]  __ext4_journal_start_sb+0x3fc/0x580
[  300.428725]  ? __sanitizer_cov_trace_const_cmp4+0x1a/0x20
[  300.429237]  ? ext4_do_writepages+0x1112/0x3930
[  300.429673]  ext4_do_writepages+0x1112/0x3930
[  300.430090]  ? update_se+0x1ca/0x680
[  300.430442]  ? __lock_acquire+0x412/0x2210
[  300.430842]  ? __pfx_ext4_do_writepages+0x10/0x10
[  300.431288]  ? __this_cpu_preempt_check+0x21/0x30
[  300.431734]  ? lock_is_held_type+0xef/0x150
[  300.432142]  ext4_writepages+0x3e1/0x870
[  300.432522]  ? ext4_writepages+0x3e1/0x870
[  300.432876]  ? __pfx_ext4_writepages+0x10/0x10
[  300.433325]  ? do_raw_spin_unlock+0x15c/0x210
[  300.433744]  ? __pfx_ext4_writepages+0x10/0x10
[  300.434162]  do_writepages+0x255/0x5b0
[  300.434538]  __writeback_single_inode+0x121/0x1340
[  300.434947]  ? _raw_spin_unlock+0x31/0x60
[  300.435331]  ? __sanitizer_cov_trace_const_cmp8+0x1c/0x30
[  300.435831]  ? wbc_attach_and_unlock_inode.part.0+0x47a/0x890
[  300.436361]  writeback_sb_inodes+0x785/0x1c80
[  300.436792]  ? __pfx_writeback_sb_inodes+0x10/0x10
[  300.437266]  ? __lock_acquire+0x412/0x2210
[  300.437663]  ? __lock_acquire+0x412/0x2210
[  300.438102]  ? __sanitizer_cov_trace_const_cmp8+0x1c/0x30
[  300.438565]  __writeback_inodes_wb+0xc8/0x280
[  300.438990]  wb_writeback+0x652/0x9e0
[  300.439359]  ? __pfx_wb_writeback+0x10/0x10
[  300.439770]  ? __sanitizer_cov_trace_cmp4+0x1a/0x20
[  300.440222]  ? get_nr_dirty_inodes+0x12c/0x1b0
[  300.440656]  wb_workfn+0x713/0xe60
[  300.440999]  ? __pfx_wb_workfn+0x10/0x10
[  300.441405]  process_one_work+0x930/0x1ad0
[  300.441765]  ? __lock_acquire+0x412/0x2210
[  300.442168]  ? __pfx_process_one_work+0x10/0x10
[  300.442601]  ? move_linked_works+0x1bf/0x2c0
[  300.443004]  ? __this_cpu_preempt_check+0x21/0x30
[  300.443453]  ? assign_work+0x19f/0x250
[  300.443824]  ? lock_is_held_type+0xef/0x150
[  300.444226]  worker_thread+0x697/0xeb0
[  300.444610]  ? __pfx_worker_thread+0x10/0x10
[  300.445023]  kthread+0x464/0x980
[  300.445361]  ? __pfx_kthread+0x10/0x10
[  300.445646]  ? trace_hardirqs_on+0x26/0x130
[  300.446043]  ? _raw_spin_unlock_irq+0x3c/0x60
[  300.446455]  ? __pfx_kthread+0x10/0x10
[  300.446838]  ret_from_fork+0x780/0x8f0
[  300.447209]  ? __pfx_ret_from_fork+0x10/0x10
[  300.447620]  ? native_load_tls+0x16/0x50
[  300.447996]  ? __sanitizer_cov_trace_const_cmp8+0x1c/0x30
[  300.448488]  ? __switch_to+0x823/0x10b0
[  300.448863]  ? __pfx_kthread+0x10/0x10
[  300.449253]  ret_from_fork_asm+0x1a/0x30
[  300.449654]  </TASK>
[  300.449929] INFO: task kworker/u8:2:37 blocked for more than 147 seconds.
[  300.450481]       Not tainted 6.19.0-rc1-88ec797c4680+ #1
[  300.450970] "echo 0 > /proc/sys/kernel/hung_task_timeout_secs" disables this message.
[  300.451647] task:kworker/u8:2    state:D stack:0     pid:37    tgid:37    ppid:2      task_flags:0x4248060 flags:0x00080000
[  300.452586] Workqueue: writeback wb_workfn (flush-8:0)
[  300.453102] Call Trace:
[  300.453320]  <TASK>
[  300.453562]  __schedule+0xfd0/0x40f0
[  300.453927]  ? __pfx___schedule+0x10/0x10
[  300.454316]  ? lock_release+0x14f/0x2a0
[  300.454694]  ? kthread_data+0x61/0xd0
[  300.455057]  ? wait_transaction_locked+0x196/0x240
[  300.455507]  schedule+0xf6/0x3d0
[  300.455796]  wait_transaction_locked+0x1bb/0x240
[  300.456227]  ? wait_transaction_locked+0x196/0x240
[  300.456683]  ? __pfx_wait_transaction_locked+0x10/0x10
[  300.457179]  ? check_noncircular+0x80/0x150
[  300.457544]  ? __pfx_autoremove_wake_function+0x10/0x10
[  300.457987]  ? __this_cpu_preempt_check+0x21/0x30
[  300.458431]  ? lockdep_unlock+0x62/0xd0
[  300.458809]  add_transaction_credits+0x121/0x1000
[  300.459254]  ? __pfx_add_transaction_credits+0x10/0x10
[  300.459730]  ? __this_cpu_preempt_check+0x21/0x30
[  300.460176]  ? lock_acquire+0x180/0x2f0
[  300.460559]  ? __kasan_check_write+0x18/0x20
[  300.460973]  start_this_handle+0x457/0x1550
[  300.461401]  ? __pfx_start_this_handle+0x10/0x10
[  300.461797]  ? debug_smp_processor_id+0x20/0x30
[  300.462223]  ? rcu_is_watching+0x19/0xc0
[  300.462602]  ? kmem_cache_alloc_noprof+0x4e2/0x780
[  300.463062]  jbd2__journal_start+0x397/0x810
[  300.463473]  __ext4_journal_start_sb+0x3fc/0x580
[  300.463904]  ? __sanitizer_cov_trace_const_cmp4+0x1a/0x20
[  300.464390]  ? ext4_do_writepages+0x1112/0x3930
[  300.464826]  ext4_do_writepages+0x1112/0x3930
[  300.465253]  ? __this_cpu_preempt_check+0x21/0x30
[  300.465698]  ? lock_is_held_type+0xef/0x150
[  300.466108]  ? __lock_acquire+0x412/0x2210
[  300.466513]  ? __pfx_ext4_do_writepages+0x10/0x10
[  300.466925]  ? __this_cpu_preempt_check+0x21/0x30
[  300.467369]  ? lock_is_held_type+0xef/0x150
[  300.467773]  ext4_writepages+0x3e1/0x870
[  300.468146]  ? ext4_writepages+0x3e1/0x870
[  300.468542]  ? __pfx_ext4_writepages+0x10/0x10
[  300.468976]  ? __pfx_ext4_writepages+0x10/0x10
[  300.469411]  do_writepages+0x255/0x5b0
[  300.469782]  __writeback_single_inode+0x121/0x1340
[  300.470232]  ? _raw_spin_unlock+0x31/0x60
[  300.470625]  ? __sanitizer_cov_trace_const_cmp8+0x1c/0x30
[  300.471121]  ? wbc_attach_and_unlock_inode.part.0+0x47a/0x890
[  300.471653]  writeback_sb_inodes+0x785/0x1c80
[  300.472076]  ? __pfx_writeback_sb_inodes+0x10/0x10
[  300.472523]  ? __lock_acquire+0x412/0x2210
[  300.472878]  ? __lock_acquire+0x412/0x2210
[  300.473314]  ? __sanitizer_cov_trace_const_cmp8+0x1c/0x30
[  300.473771]  __writeback_inodes_wb+0xc8/0x280
[  300.474196]  wb_writeback+0x652/0x9e0
[  300.474567]  ? __pfx_wb_writeback+0x10/0x10
[  300.474978]  ? __sanitizer_cov_trace_cmp4+0x1a/0x20
[  300.475432]  ? get_nr_dirty_inodes+0x12c/0x1b0
[  300.475859]  wb_workfn+0x713/0xe60
[  300.476195]  ? try_to_wake_up+0x186/0x1b60
[  300.476594]  ? __pfx_wb_workfn+0x10/0x10
[  300.476984]  process_one_work+0x930/0x1ad0
[  300.477395]  ? __lock_acquire+0x412/0x2210
[  300.477808]  ? __pfx_process_one_work+0x10/0x10
[  300.478240]  ? move_linked_works+0x1bf/0x2c0
[  300.478648]  ? __this_cpu_preempt_check+0x21/0x30
[  300.479095]  ? assign_work+0x19f/0x250
[  300.479460]  ? lock_is_held_type+0xef/0x150
[  300.479867]  worker_thread+0x697/0xeb0
[  300.480247]  ? __pfx_worker_thread+0x10/0x10
[  300.480664]  kthread+0x464/0x980
[  300.480990]  ? __pfx_kthread+0x10/0x10
[  300.481372]  ? trace_hardirqs_on+0x26/0x130
[  300.481775]  ? _raw_spin_unlock_irq+0x3c/0x60
[  300.482187]  ? __pfx_kthread+0x10/0x10
[  300.482561]  ret_from_fork+0x780/0x8f0
[  300.482929]  ? __pfx_ret_from_fork+0x10/0x10
[  300.483333]  ? native_load_tls+0x16/0x50
[  300.483718]  ? __sanitizer_cov_trace_const_cmp8+0x1c/0x30
[  300.484212]  ? __switch_to+0x823/0x10b0
[  300.484590]  ? __pfx_kthread+0x10/0x10
[  300.484962]  ret_from_fork_asm+0x1a/0x30
[  300.485377]  </TASK>
[  300.485601] INFO: task kworker/u8:4:81 blocked for more than 147 seconds.
[  300.486195]       Not tainted 6.19.0-rc1-88ec797c4680+ #1
[  300.486687] "echo 0 > /proc/sys/kernel/hung_task_timeout_secs" disables this message.
[  300.487358] task:kworker/u8:4    state:D stack:0     pid:81    tgid:81    ppid:2      task_flags:0x4248060 flags:0x00080000
[  300.488293] Workqueue: writeback wb_workfn (flush-8:0)
[  300.488771] Call Trace:
[  300.489029]  <TASK>
[  300.489288]  __schedule+0xfd0/0x40f0
[  300.489619]  ? __pfx___schedule+0x10/0x10
[  300.490010]  ? lock_release+0x14f/0x2a0
[  300.490382]  ? kthread_data+0x61/0xd0
[  300.490751]  ? wait_transaction_locked+0x196/0x240
[  300.491197]  schedule+0xf6/0x3d0
[  300.491534]  wait_transaction_locked+0x1bb/0x240
[  300.491927]  ? wait_transaction_locked+0x196/0x240
[  300.492374]  ? __pfx_wait_transaction_locked+0x10/0x10
[  300.492857]  ? __pfx_autoremove_wake_function+0x10/0x10
[  300.493359]  ? jbd2__journal_start+0x253/0x810
[  300.493793]  add_transaction_credits+0x121/0x1000
[  300.494236]  ? ext4_init_io_end+0x32/0x190
[  300.494636]  ? __pfx_add_transaction_credits+0x10/0x10
[  300.495112]  ? __this_cpu_preempt_check+0x21/0x30
[  300.495560]  ? lock_acquire+0x180/0x2f0
[  300.495937]  ? blk_cgroup_bio_start+0x389/0x660
[  300.496367]  ? __kasan_check_write+0x18/0x20
[  300.496786]  start_this_handle+0x457/0x1550
[  300.497210]  ? __pfx_start_this_handle+0x10/0x10
[  300.497608]  ? debug_smp_processor_id+0x20/0x30
[  300.498032]  ? rcu_is_watching+0x19/0xc0
[  300.498405]  ? kmem_cache_alloc_noprof+0x4e2/0x780
[  300.498862]  jbd2__journal_start+0x397/0x810
[  300.499270]  __ext4_journal_start_sb+0x3fc/0x580
[  300.499702]  ? __sanitizer_cov_trace_const_cmp4+0x1a/0x20
[  300.500193]  ? ext4_do_writepages+0x1112/0x3930
[  300.500628]  ext4_do_writepages+0x1112/0x3930
[  300.501049]  ? __lock_acquire+0x412/0x2210
[  300.501426]  ? __pfx_ext4_do_writepages+0x10/0x10
[  300.501876]  ? __this_cpu_preempt_check+0x21/0x30
[  300.502321]  ? lock_is_held_type+0xef/0x150
[  300.502731]  ext4_writepages+0x3e1/0x870
[  300.503109]  ? ext4_writepages+0x3e1/0x870
[  300.503498]  ? __pfx_ext4_writepages+0x10/0x10
[  300.503891]  ? do_raw_spin_unlock+0x15c/0x210
[  300.504301]  ? __pfx_ext4_writepages+0x10/0x10
[  300.504723]  do_writepages+0x255/0x5b0
[  300.505108]  __writeback_single_inode+0x121/0x1340
[  300.505559]  ? _raw_spin_unlock+0x31/0x60
[  300.505941]  ? __sanitizer_cov_trace_const_cmp4+0x1a/0x20
[  300.506434]  ? wbc_attach_and_unlock_inode.part.0+0x47a/0x890
[  300.506964]  writeback_sb_inodes+0x785/0x1c80
[  300.507388]  ? __pfx_writeback_sb_inodes+0x10/0x10
[  300.507842]  ? __lock_acquire+0x412/0x2210
[  300.508234]  ? __lock_acquire+0x412/0x2210
[  300.508672]  ? __sanitizer_cov_trace_const_cmp8+0x1c/0x30
[  300.509149]  __writeback_inodes_wb+0xc8/0x280
[  300.509537]  wb_writeback+0x652/0x9e0
[  300.509904]  ? __pfx_wb_writeback+0x10/0x10
[  300.510309]  ? __sanitizer_cov_trace_cmp4+0x1a/0x20
[  300.510760]  ? get_nr_dirty_inodes+0x12c/0x1b0
[  300.511186]  wb_workfn+0x713/0xe60
[  300.511535]  ? __pfx_wb_workfn+0x10/0x10
[  300.511885]  process_one_work+0x930/0x1ad0
[  300.512278]  ? __lock_acquire+0x412/0x2210
[  300.512685]  ? __pfx_process_one_work+0x10/0x10
[  300.513137]  ? move_linked_works+0x1bf/0x2c0
[  300.513546]  ? __this_cpu_preempt_check+0x21/0x30
[  300.513997]  ? assign_work+0x19f/0x250
[  300.514363]  ? lock_is_held_type+0xef/0x150
[  300.514773]  worker_thread+0x697/0xeb0
[  300.515143]  ? _raw_spin_unlock_irqrestore+0x35/0x70
[  300.515609]  ? trace_hardirqs_on+0x26/0x130
[  300.516017]  ? __pfx_worker_thread+0x10/0x10
[  300.516427]  kthread+0x464/0x980
[  300.516759]  ? __pfx_kthread+0x10/0x10
[  300.517144]  ? trace_hardirqs_on+0x26/0x130
[  300.517550]  ? _raw_spin_unlock_irq+0x3c/0x60
[  300.517965]  ? __pfx_kthread+0x10/0x10
[  300.518332]  ret_from_fork+0x780/0x8f0
[  300.518702]  ? __pfx_ret_from_fork+0x10/0x10
[  300.519105]  ? native_load_tls+0x16/0x50
[  300.519479]  ? __sanitizer_cov_trace_const_cmp8+0x1c/0x30
[  300.519965]  ? __switch_to+0x823/0x10b0
[  300.520338]  ? __pfx_kthread+0x10/0x10
[  300.520710]  ret_from_fork_asm+0x1a/0x30
[  300.521122]  </TASK>
[  300.521323] INFO: task jbd2/sda-8:100 blocked for more than 147 seconds.
[  300.521919]       Not tainted 6.19.0-rc1-88ec797c4680+ #1
[  300.522406] "echo 0 > /proc/sys/kernel/hung_task_timeout_secs" disables this message.
[  300.523082] task:jbd2/sda-8      state:D stack:0     pid:100   tgid:100   ppid:2      task_flags:0x240040 flags:0x00080000
[  300.524015] Call Trace:
[  300.524270]  <TASK>
[  300.524504]  __schedule+0xfd0/0x40f0
[  300.524830]  ? __pfx___schedule+0x10/0x10
[  300.525237]  ? lock_release+0x14f/0x2a0
[  300.525653]  schedule+0xf6/0x3d0
[  300.525986]  jbd2_journal_wait_updates+0x146/0x270
[  300.526436]  ? __pfx_jbd2_journal_wait_updates+0x10/0x10
[  300.526923]  ? __pfx_autoremove_wake_function+0x10/0x10
[  300.527403]  ? lock_release+0x14f/0x2a0
[  300.527786]  jbd2_journal_commit_transaction+0x7aa/0x6290
[  300.528297]  ? __lock_acquire+0x412/0x2210
[  300.528698]  ? __lock_acquire+0x412/0x2210
[  300.529118]  ? __pfx_jbd2_journal_commit_transaction+0x10/0x10
[  300.529615]  ? do_raw_spin_lock+0x140/0x280
[  300.530010]  ? __pfx_do_raw_spin_lock+0x10/0x10
[  300.530435]  ? lock_acquire+0x180/0x2f0
[  300.530815]  ? __timer_delete_sync+0x20a/0x300
[  300.531236]  ? __this_cpu_preempt_check+0x21/0x30
[  300.531682]  ? _raw_spin_unlock_irqrestore+0x35/0x70
[  300.532142]  ? lockdep_hardirqs_on+0x85/0x110
[  300.532556]  ? _raw_spin_unlock_irqrestore+0x35/0x70
[  300.533014]  ? trace_hardirqs_on+0x26/0x130
[  300.533433]  ? _raw_spin_unlock_irqrestore+0x45/0x70
[  300.533857]  ? __sanitizer_cov_trace_const_cmp4+0x1a/0x20
[  300.534349]  ? __timer_delete_sync+0x21e/0x300
[  300.534782]  ? __this_cpu_preempt_check+0x21/0x30
[  300.535223]  ? lock_release+0x14f/0x2a0
[  300.535748]  kjournald2+0x203/0x790
[  300.536011]  ? __pfx_kjournald2+0x10/0x10
[  300.536296]  ? _raw_spin_unlock_irqrestore+0x35/0x70
[  300.536659]  ? trace_hardirqs_on+0x26/0x130
[  300.536965]  ? __pfx_autoremove_wake_function+0x10/0x10
[  300.537371]  ? __sanitizer_cov_trace_const_cmp1+0x1e/0x30
[  300.537763]  ? __kthread_parkme+0x1bc/0x260
[  300.538060]  ? __pfx_kjournald2+0x10/0x10
[  300.538352]  kthread+0x464/0x980
[  300.538631]  ? __pfx_kthread+0x10/0x10
[  300.538899]  ? trace_hardirqs_on+0x26/0x130
[  300.539195]  ? _raw_spin_unlock_irq+0x3c/0x60
[  300.539505]  ? __pfx_kthread+0x10/0x10
[  300.539788]  ret_from_fork+0x780/0x8f0
[  300.540063]  ? __pfx_ret_from_fork+0x10/0x10
[  300.540367]  ? native_load_tls+0x16/0x50
[  300.540654]  ? __sanitizer_cov_trace_const_cmp8+0x1c/0x30
[  300.541036]  ? __switch_to+0x823/0x10b0
[  300.541339]  ? __pfx_kthread+0x10/0x10
[  300.541622]  ret_from_fork_asm+0x1a/0x30
[  300.541914]  </TASK>
[  300.542080] INFO: task auditd:239 blocked for more than 147 seconds.
[  300.542505]       Not tainted 6.19.0-rc1-88ec797c4680+ #1
[  300.542882] "echo 0 > /proc/sys/kernel/hung_task_timeout_secs" disables this message.
[  300.543404] task:auditd          state:D stack:0     pid:239   tgid:239   ppid:1      task_flags:0x400140 flags:0x00080000
[  300.544157] Call Trace:
[  300.544336]  <TASK>
[  300.544496]  __schedule+0xfd0/0x40f0
[  300.544770]  ? __pfx___schedule+0x10/0x10
[  300.545069]  ? lock_release+0x14f/0x2a0
[  300.545350]  ? wait_transaction_locked+0x196/0x240
[  300.545694]  schedule+0xf6/0x3d0
[  300.545933]  wait_transaction_locked+0x1bb/0x240
[  300.546259]  ? wait_transaction_locked+0x196/0x240
[  300.546599]  ? __pfx_wait_transaction_locked+0x10/0x10
[  300.546959]  ? __pfx_autoremove_wake_function+0x10/0x10
[  300.547323]  ? jbd2__journal_start+0x19c/0x810
[  300.547645]  add_transaction_credits+0x121/0x1000
[  300.547983]  ? __pfx_add_transaction_credits+0x10/0x10
[  300.548339]  ? __this_cpu_preempt_check+0x21/0x30
[  300.548684]  ? lock_acquire+0x180/0x2f0
[  300.548971]  ? __kasan_check_write+0x18/0x20
[  300.549298]  start_this_handle+0x457/0x1550
[  300.549610]  ? __pfx_start_this_handle+0x10/0x10
[  300.549938]  ? debug_smp_processor_id+0x20/0x30
[  300.550268]  ? rcu_is_watching+0x19/0xc0
[  300.550549]  ? kmem_cache_alloc_noprof+0x4e2/0x780
[  300.550895]  jbd2__journal_start+0x397/0x810
[  300.551205]  __ext4_journal_start_sb+0x3fc/0x580
[  300.551529]  ? ext4_dirty_inode+0xb3/0x140
[  300.551824]  ? __pfx_ext4_dirty_inode+0x10/0x10
[  300.552140]  ext4_dirty_inode+0xb3/0x140
[  300.552419]  ? rcu_is_watching+0x19/0xc0
[  300.552710]  __mark_inode_dirty+0x1cb/0x13f0
[  300.553025]  generic_update_time+0xe0/0x110
[  300.553334]  file_update_time_flags+0x40c/0x510
[  300.553668]  file_modified+0x43/0x60
[  300.553930]  ext4_buffered_write_iter+0x101/0x460
[  300.554266]  ext4_file_write_iter+0xb2a/0x1ee0
[  300.554592]  ? __pfx_ext4_file_write_iter+0x10/0x10
[  300.554934]  ? __this_cpu_preempt_check+0x21/0x30
[  300.555266]  ? lock_is_held_type+0xef/0x150
[  300.555570]  vfs_write+0xc6d/0x11f0
[  300.555827]  ? __pfx_ext4_file_write_iter+0x10/0x10
[  300.556171]  ? __pfx_vfs_write+0x10/0x10
[  300.556463]  ? mutex_lock_nested+0x1f/0x30
[  300.556757]  ksys_write+0x14e/0x280
[  300.557012]  ? __pfx_ksys_write+0x10/0x10
[  300.557322]  __x64_sys_write+0x7b/0xc0
[  300.557595]  ? syscall_trace_enter+0x9d/0x240
[  300.557904]  x64_sys_call+0x1704/0x21b0
[  300.558171]  do_syscall_64+0x6d/0x1180
[  300.558447]  entry_SYSCALL_64_after_hwframe+0x76/0x7e
[  300.558800] RIP: 0033:0x7fabcaf3ebcf
[  300.559049] RSP: 002b:00007ffeb93c5b60 EFLAGS: 00000293 ORIG_RAX: 0000000000000001
[  300.559554] RAX: ffffffffffffffda RBX: 00000000000000f0 RCX: 00007fabcaf3ebcf
[  300.560038] RDX: 00000000000000f0 RSI: 000055e6a7e410a0 RDI: 0000000000000005
[  300.560520] RBP: 000055e6a7e410a0 R08: 0000000000000000 R09: 00007fabcafb14e0
[  300.561008] R10: 00007fabcafb13e0 R11: 0000000000000293 R12: 00000000000000f0
[  300.561503] R13: 000055e6a7e372a0 R14: 00000000000000f0 R15: 00007fabcaff69e0
[  300.562006]  </TASK>
[  300.562186] INFO: task rs:main Q:Reg:325 blocked for more than 147 seconds.
[  300.562654]       Not tainted 6.19.0-rc1-88ec797c4680+ #1
[  300.563017] "echo 0 > /proc/sys/kernel/hung_task_timeout_secs" disables this message.
[  300.563547] task:rs:main Q:Reg   state:D stack:0     pid:325   tgid:292   ppid:1      task_flags:0x400040 flags:0x00080000
[  300.564293] Call Trace:
[  300.564471]  <TASK>
[  300.564633]  __schedule+0xfd0/0x40f0
[  300.564897]  ? __pfx___schedule+0x10/0x10
[  300.565212]  ? lock_release+0x14f/0x2a0
[  300.565496]  ? wait_transaction_locked+0x196/0x240
[  300.565841]  schedule+0xf6/0x3d0
[  300.566077]  wait_transaction_locked+0x1bb/0x240
[  300.566400]  ? wait_transaction_locked+0x196/0x240
[  300.566742]  ? __pfx_wait_transaction_locked+0x10/0x10
[  300.567103]  ? __pfx_autoremove_wake_function+0x10/0x10
[  300.567468]  ? jbd2__journal_start+0x19c/0x810
[  300.567797]  add_transaction_credits+0x121/0x1000
[  300.568135]  ? __pfx_add_transaction_credits+0x10/0x10
[  300.568494]  ? __this_cpu_preempt_check+0x21/0x30
[  300.568837]  ? lock_acquire+0x180/0x2f0
[  300.569127]  ? __kasan_check_write+0x18/0x20
[  300.569434]  start_this_handle+0x457/0x1550
[  300.569749]  ? __pfx_start_this_handle+0x10/0x10
[  300.570077]  ? debug_smp_processor_id+0x20/0x30
[  300.570398]  ? rcu_is_watching+0x19/0xc0
[  300.570681]  ? kmem_cache_alloc_noprof+0x4e2/0x780
[  300.571032]  jbd2__journal_start+0x397/0x810
[  300.571340]  __ext4_journal_start_sb+0x3fc/0x580
[  300.571662]  ? ext4_dirty_inode+0xb3/0x140
[  300.571954]  ? __pfx_ext4_dirty_inode+0x10/0x10
[  300.572265]  ext4_dirty_inode+0xb3/0x140
[  300.572548]  ? rcu_is_watching+0x19/0xc0
[  300.572822]  __mark_inode_dirty+0x1cb/0x13f0
[  300.573148]  generic_update_time+0xe0/0x110
[  300.573452]  file_update_time_flags+0x40c/0x510
[  300.573778]  file_modified+0x43/0x60
[  300.574036]  ext4_buffered_write_iter+0x101/0x460
[  300.574367]  ext4_file_write_iter+0xb2a/0x1ee0
[  300.574692]  ? __pfx_ext4_file_write_iter+0x10/0x10
[  300.575032]  ? __this_cpu_preempt_check+0x21/0x30
[  300.575367]  ? lock_is_held_type+0xef/0x150
[  300.575668]  vfs_write+0xc6d/0x11f0
[  300.575923]  ? __pfx_ext4_file_write_iter+0x10/0x10
[  300.576262]  ? __pfx_vfs_write+0x10/0x10
[  300.576563]  ? mutex_lock_nested+0x1f/0x30
[  300.576859]  ksys_write+0x14e/0x280
[  300.577122]  ? __pfx_ksys_write+0x10/0x10
[  300.577416]  ? __audit_syscall_entry+0x393/0x4f0
[  300.577748]  __x64_sys_write+0x7b/0xc0
[  300.578019]  ? syscall_trace_enter+0x14d/0x240
[  300.578335]  x64_sys_call+0x1704/0x21b0
[  300.578605]  do_syscall_64+0x6d/0x1180
[  300.578878]  entry_SYSCALL_64_after_hwframe+0x76/0x7e
[  300.579222] RIP: 0033:0x7f934ad3ebcf
[  300.579478] RSP: 002b:00007f9349def890 EFLAGS: 00000293 ORIG_RAX: 0000000000000001
[  300.579996] RAX: ffffffffffffffda RBX: 00007f933c001a20 RCX: 00007f934ad3ebcf
[  300.580473] RDX: 000000000000005e RSI: 00007f933c001d00 RDI: 0000000000000007
[  300.580958] RBP: 00007f933c001d00 R08: 0000000000000000 R09: 0000000000000000
[  300.581449] R10: 000000000000000b R11: 0000000000000293 R12: 0000000000000000
[  300.581929] R13: 0000565054fda330 R14: 00007f933c001a20 R15: 000000000000005e
[  300.582423]  </TASK>
[  300.582590] INFO: task repro:714 blocked for more than 147 seconds.
[  300.583015]       Not tainted 6.19.0-rc1-88ec797c4680+ #1
[  300.583387] "echo 0 > /proc/sys/kernel/hung_task_timeout_secs" disables this message.
[  300.583916] task:repro           state:D stack:0     pid:714   tgid:714   ppid:712    task_flags:0x400140 flags:0x00080000
[  300.584655] Call Trace:
[  300.584836]  <TASK>
[  300.584995]  __schedule+0xfd0/0x40f0
[  300.585278]  ? __pfx___schedule+0x10/0x10
[  300.585567]  ? lock_release+0x14f/0x2a0
[  300.585841]  ? _raw_spin_unlock_irqrestore+0x45/0x70
[  300.586193]  schedule+0xf6/0x3d0
[  300.586431]  jbd2_log_wait_commit+0x2e4/0x4a0
[  300.586752]  ? __pfx_jbd2_log_wait_commit+0x10/0x10
[  300.587101]  ? lock_release+0x14f/0x2a0
[  300.587377]  ? __pfx_autoremove_wake_function+0x10/0x10
[  300.587744]  ? stop_this_handle+0x39f/0x670
[  300.588049]  jbd2_journal_stop+0xad4/0xe50
[  300.588338]  ? __sanitizer_cov_trace_cmp8+0x21/0x30
[  300.588686]  ? __pfx_jbd2_journal_stop+0x10/0x10
[  300.589010]  ? __pfx_ext4_free_inode+0x10/0x10
[  300.589340]  __ext4_journal_stop+0xea/0x200
[  300.589644]  ext4_evict_inode+0x8ce/0x1760
[  300.589940]  ? __pfx_ext4_evict_inode+0x10/0x10
[  300.590268]  ? do_raw_spin_unlock+0x15c/0x210
[  300.590573]  ? __pfx_ext4_evict_inode+0x10/0x10
[  300.590896]  evict+0x371/0xae0
[  300.591125]  ? __pfx_evict+0x10/0x10
[  300.591376]  ? iput+0x7d2/0xf10
[  300.591603]  ? iput+0x7d2/0xf10
[  300.591834]  ? __this_cpu_preempt_check+0x21/0x30
[  300.592165]  ? do_raw_spin_unlock+0x15c/0x210
[  300.592473]  iput+0x7da/0xf10
[  300.592702]  vfs_rmdir+0x5d2/0x880
[  300.592955]  do_rmdir+0x450/0x5e0
[  300.593219]  ? __pfx_do_rmdir+0x10/0x10
[  300.593492]  ? __sanitizer_cov_trace_const_cmp8+0x1c/0x30
[  300.593861]  ? strncpy_from_user+0x198/0x290
[  300.594165]  ? __sanitizer_cov_trace_const_cmp4+0x1a/0x20
[  300.594549]  ? getname_flags.part.0+0x1d5/0x570
[  300.594876]  __x64_sys_rmdir+0xd1/0x120
[  300.595152]  x64_sys_call+0x1f7c/0x21b0
[  300.595425]  do_syscall_64+0x6d/0x1180
[  300.595694]  entry_SYSCALL_64_after_hwframe+0x76/0x7e
[  300.596048] RIP: 0033:0x7f7fdd43ebdb
[  300.596301] RSP: 002b:00007ffd4dd39e18 EFLAGS: 00000207 ORIG_RAX: 0000000000000054
[  300.596816] RAX: ffffffffffffffda RBX: 0000000000000000 RCX: 00007f7fdd43ebdb
[  300.597312] RDX: 0000000000010cf0 RSI: 0000000000000000 RDI: 00007ffd4dd3afb0
[  300.597791] RBP: 00007ffd4dd3af00 R08: 0000000000000003 R09: 0000000000000078
[  300.598270] R10: 000000000000009b R11: 0000000000000207 R12: 00007ffd4dd3c168
[  300.598751] R13: 000000000040349d R14: 0000000000405e08 R15: 00007f7fdd802000
[  300.599246]  </TASK>
[  300.599401] Future hung task reports are suppressed, see sysctl kernel.hung_task_warnings
[  300.599958] 
[  300.599958] Showing all locks held in the system:
[  300.600377] 3 locks held by systemd/740:
[  300.600652]  #0: ff110000104ae408 (sb_writers#3){.+.+}-{0:0}, at: do_rmdir+0x336/0x5e0
[  300.601226]  #1: ff1100001b2046d0 (&type->i_mutex_dir_key#3/1){+.+.}-{4:4}, at: do_rmdir+0x38b/0x5e0
[  300.601870]  #2: ff1100001b203d40 (&type->i_mutex_dir_key#3){++++}-{4:4}, at: vfs_rmdir+0xfc/0x880
[  300.602489] 3 locks held by systemd/741:
[  300.602765]  #0: ff110000104ae408 (sb_writers#3){.+.+}-{0:0}, at: do_rmdir+0x336/0x5e0
[  300.603313]  #1: ff1100001b20f6a0 (&type->i_mutex_dir_key#3/1){+.+.}-{4:4}, at: do_rmdir+0x38b/0x5e0
[  300.603950]  #2: ff1100001b2083e0 (&type->i_mutex_dir_key#3){++++}-{4:4}, at: vfs_rmdir+0xfc/0x880
[  300.604569] 4 locks held by kworker/u8:0/12:
[  300.604870]  #0: ff1100000bd75948 ((wq_completion)writeback){+.+.}-{0:0}, at: process_one_work+0x1260/0x1ad0
[  300.605561]  #1: ff1100000b95fc88 ((work_completion)(&(&wb->dwork)->work)){+.+.}-{0:0}, at: process_one_work+0x89f/0x1ad0
[  300.606316]  #2: ff110000104ae0e0 (&type->s_umount_key#38){++++}-{4:4}, at: super_trylock_shared+0x2b/0x110
[  300.606993]  #3: ff110000104aab98 (&sbi->s_writepages_rwsem){++++}-{0:0}, at: do_writepages+0x255/0x5b0
[  300.607641] 1 lock held by khungtaskd/33:
[  300.607919]  #0: ffffffff87662400 (rcu_read_lock){....}-{1:3}, at: debug_show_all_locks+0x3b/0x1f0
[  300.608543] 4 locks held by kworker/u8:1/35:
[  300.608841]  #0: ff1100000bd75948 ((wq_completion)writeback){+.+.}-{0:0}, at: process_one_work+0x1260/0x1ad0
[  300.609531]  #1: ff1100000c27fc88 ((work_completion)(&(&wb->dwork)->work)){+.+.}-{0:0}, at: process_one_work+0x89f/0x1ad0
[  300.610276]  #2: ff110000104ae0e0 (&type->s_umount_key#38){++++}-{4:4}, at: super_trylock_shared+0x2b/0x110
[  300.610946]  #3: ff110000104aab98 (&sbi->s_writepages_rwsem){++++}-{0:0}, at: do_writepages+0x255/0x5b0
[  300.611593] 4 locks held by kworker/u8:2/37:
[  300.611890]  #0: ff1100000bd75948 ((wq_completion)writeback){+.+.}-{0:0}, at: process_one_work+0x1260/0x1ad0
[  300.612569]  #1: ff1100000c2c7c88 ((work_completion)(&(&wb->dwork)->work)){+.+.}-{0:0}, at: process_one_work+0x89f/0x1ad0
[  300.613327]  #2: ff110000104ae0e0 (&type->s_umount_key#38){++++}-{4:4}, at: super_trylock_shared+0x2b/0x110
[  300.614004]  #3: ff110000104aab98 (&sbi->s_writepages_rwsem){++++}-{0:0}, at: do_writepages+0x255/0x5b0
[  300.614664] 4 locks held by kworker/u8:4/81:
[  300.614954]  #0: ff1100000bd75948 ((wq_completion)writeback){+.+.}-{0:0}, at: process_one_work+0x1260/0x1ad0
[  300.615633]  #1: ff1100000e947c88 ((work_completion)(&(&wb->dwork)->work)){+.+.}-{0:0}, at: process_one_work+0x89f/0x1ad0
[  300.616385]  #2: ff110000104ae0e0 (&type->s_umount_key#38){++++}-{4:4}, at: super_trylock_shared+0x2b/0x110
[  300.617071]  #3: ff110000104aab98 (&sbi->s_writepages_rwsem){++++}-{0:0}, at: do_writepages+0x255/0x5b0
[  300.617728] 3 locks held by auditd/239:
[  300.617995]  #0: ff11000015d769b8 (&f->f_pos_lock){+.+.}-{4:4}, at: fdget_pos+0x2b5/0x390
[  300.618564]  #1: ff110000104ae408 (sb_writers#3){.+.+}-{0:0}, at: ksys_write+0x14e/0x280
[  300.619135]  #2: ff1100001b08a090 (&sb->s_type->i_mutex_key#9){++++}-{4:4}, at: ext4_buffered_write_iter+0xb8/0x460
[  300.619855] 2 locks held by in:imjournal/314:
[  300.620159]  #0: ff110000104ae408 (sb_writers#3){.+.+}-{0:0}, at: path_openat+0x1939/0x2f70
[  300.620744]  #1: ff1100001df96d10 (&type->i_mutex_dir_key#3){++++}-{4:4}, at: path_openat+0xf5d/0x2f70
[  300.621402] 3 locks held by rs:main Q:Reg/325:
[  300.621714]  #0: ff110000128f1cf8 (&f->f_pos_lock){+.+.}-{4:4}, at: fdget_pos+0x2b5/0x390
[  300.622279]  #1: ff110000104ae408 (sb_writers#3){.+.+}-{0:0}, at: ksys_write+0x14e/0x280
[  300.622848]  #2: ff1100001dfa3d40 (&sb->s_type->i_mutex_key#9){++++}-{4:4}, at: ext4_buffered_write_iter+0xb8/0x460
[  300.623564] 3 locks held by repro/714:
[  300.623822]  #0: ff110000104ae408 (sb_writers#3){.+.+}-{0:0}, at: do_rmdir+0x336/0x5e0
[  300.624379]  #1: ff11000025801700 (&type->i_mutex_dir_key#3/1){+.+.}-{4:4}, at: do_rmdir+0x38b/0x5e0
[  300.625017]  #2: ff110000104ae5f8 (sb_internal){.+.+}-{0:0}, at: evict+0x371/0xae0
[  300.625566] 3 locks held by repro/716:
[  300.625822]  #0: ff1100000bb022b8 (&f->f_pos_lock){+.+.}-{4:4}, at: fdget_pos+0x2b5/0x390
[  300.626389]  #1: ff11000025866d10 (&type->i_mutex_dir_key#3){++++}-{4:4}, at: iterate_dir+0x1a0/0xb00
[  300.627028]  #2: ff110000104ae408 (sb_writers#3){.+.+}-{0:0}, at: iterate_dir+0x879/0xb00
[  300.627596] 3 locks held by repro/717:
[  300.627858]  #0: ff110000104ae408 (sb_writers#3){.+.+}-{0:0}, at: do_rmdir+0x336/0x5e0
[  300.628413]  #1: ff110000207fc6d0 (&type->i_mutex_dir_key#3/1){+.+.}-{4:4}, at: do_rmdir+0x38b/0x5e0
[  300.629071]  #2: ff110000104ae5f8 (sb_internal){.+.+}-{0:0}, at: evict+0x371/0xae0
[  300.629611] 3 locks held by repro/722:
[  300.629873]  #0: ff110000167837b8 (&f->f_pos_lock){+.+.}-{4:4}, at: fdget_pos+0x2b5/0x390
[  300.630441]  #1: ff110000258003e0 (&type->i_mutex_dir_key#3){++++}-{4:4}, at: iterate_dir+0x1a0/0xb00
[  300.631074]  #2: ff110000104ae408 (sb_writers#3){.+.+}-{0:0}, at: iterate_dir+0x879/0xb00
[  300.631641] 3 locks held by repro/731:
[  300.631902]  #0: ff110000104ae408 (sb_writers#3){.+.+}-{0:0}, at: filename_create+0x122/0x460
[  300.632492]  #1: ff110000258046d0 (&type->i_mutex_dir_key#3/1){+.+.}-{4:4}, at: filename_create+0x1e6/0x460
[  300.633192]  #2: ff110000104ac950 (jbd2_handle){++++}-{0:0}, at: start_this_handle+0x1042/0x1550
[  300.633818] 2 locks held by repro/732:
[  300.634088]  #0: ff110000104ae408 (sb_writers#3){.+.+}-{0:0}, at: ioctl_fssetxattr+0x1a1/0x270
[  300.634696]  #1: ff1100002586d060 (&type->i_mutex_dir_key#3){++++}-{4:4}, at: vfs_fileattr_set+0x16c/0xc10
[  300.635356] 2 locks held by repro/733:
[  300.635625]  #0: ff110000104ae408 (sb_writers#3){.+.+}-{0:0}, at: filename_create+0x122/0x460
[  300.636222]  #1: ff11000025803d40 (&type->i_mutex_dir_key#3/1){+.+.}-{4:4}, at: filename_create+0x1e6/0x460
[  300.636897] 2 locks held by repro/734:
[  300.637173]  #0: ff110000104ae408 (sb_writers#3){.+.+}-{0:0}, at: filename_create+0x122/0x460
[  300.637774]  #1: ff11000025806d10 (&type->i_mutex_dir_key#3/1){+.+.}-{4:4}, at: filename_create+0x1e6/0x460
[  300.638448] 
[  300.638571] =============================================
[  300.638571] 
