c[?7l[2J[0mSeaBIOS (version rel-1.16.0-0-gd239552ce722-prebuilt.qemu.org)


iPXE (http://ipxe.org) 00:03.0 CA00 PCI2.10 PnP PMM+7FF91000+7FEF1000 CA00
Press Ctrl-B to configure iPXE (PCI 00:03.0)...                                                                               


Booting from ROM..c[?7l[2J[    0.000000] Linux version 6.19.0-8912c2fd5830+ (root@gnr-bkc) (gcc (GCC) 11.5.0 20240719 (Red Hat 11.5.0-14), GNU ld version 2.35.2-54.el9) #1 SMP PREEMPT_DYNAMIC Fri Mar 13 01:41:38 CST 2026
[    0.000000] Command line: console=ttyS0 root=/dev/sda earlyprintk=serial net.ifnames=0 thunderbolt.dyndbg
[    0.000000] KERNEL supported cpus:
[    0.000000]   Intel GenuineIntel
[    0.000000]   AMD AuthenticAMD
[    0.000000]   Hygon HygonGenuine
[    0.000000]   Centaur CentaurHauls
[    0.000000]   zhaoxin   Shanghai  
[    0.000000] x86/split lock detection: #DB: warning on user-space bus_locks
[    0.000000] BIOS-provided physical RAM map:
[    0.000000] BIOS-e820: [mem 0x0000000000000000-0x000000000009fbff] usable
[    0.000000] BIOS-e820: [mem 0x000000000009fc00-0x000000000009ffff] reserved
[    0.000000] BIOS-e820: [mem 0x00000000000f0000-0x00000000000fffff] reserved
[    0.000000] BIOS-e820: [mem 0x0000000000100000-0x000000007ffdffff] usable
[    0.000000] BIOS-e820: [mem 0x000000007ffe0000-0x000000007fffffff] reserved
[    0.000000] BIOS-e820: [mem 0x00000000feffc000-0x00000000feffffff] reserved
[    0.000000] BIOS-e820: [mem 0x00000000fffc0000-0x00000000ffffffff] reserved
[    0.000000] printk: legacy bootconsole [earlyser0] enabled
[    0.000000] NX (Execute Disable) protection: active
[    0.000000] APIC: Static calls initialized
[    0.000000] SMBIOS 2.8 present.
[    0.000000] DMI: QEMU Standard PC (i440FX + PIIX, 1996), BIOS rel-1.16.0-0-gd239552ce722-prebuilt.qemu.org 04/01/2014
[    0.000000] DMI: Memory slots populated: 1/1
[    0.000000] Hypervisor detected: KVM
[    0.000000] last_pfn = 0x7ffe0 max_arch_pfn = 0x10000000000
[    0.000000] kvm-clock: Using msrs 4b564d01 and 4b564d00
[    0.000003] kvm-clock: using sched offset of 675940921 cycles
[    0.000516] clocksource: kvm-clock: mask: 0xffffffffffffffff max_cycles: 0x1cd42e4dffb, max_idle_ns: 881590591483 ns
[    0.002099] tsc: Detected 1700.000 MHz processor
[    0.009974] last_pfn = 0x7ffe0 max_arch_pfn = 0x10000000000
[    0.010558] MTRR map: 4 entries (3 fixed + 1 variable; max 19), built from 8 variable MTRRs
[    0.011373] x86/PAT: Configuration [0-7]: WB  WC  UC- UC  WB  WP  UC- WT  
[    0.017117] found SMP MP-table at [mem 0x000f5ba0-0x000f5baf]
[    0.017703] Using GB pages for direct mapping
[    0.020219] ACPI: Early table checksum verification disabled
[    0.020767] ACPI: RSDP 0x00000000000F59C0 000014 (v00 BOCHS )
[    0.021341] ACPI: RSDT 0x000000007FFE1951 000034 (v01 BOCHS  BXPC     00000001 BXPC 00000001)
[    0.022185] ACPI: FACP 0x000000007FFE17FD 000074 (v01 BOCHS  BXPC     00000001 BXPC 00000001)
[    0.023039] ACPI: DSDT 0x000000007FFE0040 0017BD (v01 BOCHS  BXPC     00000001 BXPC 00000001)
[    0.023886] ACPI: FACS 0x000000007FFE0000 000040
[    0.024349] ACPI: APIC 0x000000007FFE1871 000080 (v01 BOCHS  BXPC     00000001 BXPC 00000001)
[    0.025183] ACPI: HPET 0x000000007FFE18F1 000038 (v01 BOCHS  BXPC     00000001 BXPC 00000001)
[    0.026015] ACPI: WAET 0x000000007FFE1929 000028 (v01 BOCHS  BXPC     00000001 BXPC 00000001)
[    0.026848] ACPI: Reserving FACP table memory at [mem 0x7ffe17fd-0x7ffe1870]
[    0.027531] ACPI: Reserving DSDT table memory at [mem 0x7ffe0040-0x7ffe17fc]
[    0.028217] ACPI: Reserving FACS table memory at [mem 0x7ffe0000-0x7ffe003f]
[    0.028897] ACPI: Reserving APIC table memory at [mem 0x7ffe1871-0x7ffe18f0]
[    0.029580] ACPI: Reserving HPET table memory at [mem 0x7ffe18f1-0x7ffe1928]
[    0.030262] ACPI: Reserving WAET table memory at [mem 0x7ffe1929-0x7ffe1950]
[    0.031758] No NUMA configuration found
[    0.032130] Faking a node at [mem 0x0000000000000000-0x000000007ffdffff]
[    0.032827] NODE_DATA(0) allocated [mem 0x7ffb4ec0-0x7ffdfcbf]
[    0.034470] Zone ranges:
[    0.034735]   DMA      [mem 0x0000000000001000-0x0000000000ffffff]
[    0.035344]   DMA32    [mem 0x0000000001000000-0x000000007ffdffff]
[    0.035946]   Normal   empty
[    0.036232]   Device   empty
[    0.036516] Movable zone start for each node
[    0.036941] Early memory node ranges
[    0.037293]   node   0: [mem 0x0000000000001000-0x000000000009efff]
[    0.037897]   node   0: [mem 0x0000000000100000-0x000000007ffdffff]
[    0.038505] Initmem setup node 0 [mem 0x0000000000001000-0x000000007ffdffff]
[    0.039483] On node 0, zone DMA: 1 pages in unavailable ranges
[    0.040248] On node 0, zone DMA: 97 pages in unavailable ranges
[    0.068786] On node 0, zone DMA32: 32 pages in unavailable ranges
[    0.122843] KernelAddressSanitizer initialized (generic)
[    0.123667] ACPI: PM-Timer IO Port: 0x608
[    0.124081] ACPI: LAPIC_NMI (acpi_id[0xff] dfl dfl lint[0x1])
[    0.124694] IOAPIC[0]: apic_id 0, version 17, address 0xfec00000, GSI 0-23
[    0.125373] ACPI: INT_SRC_OVR (bus 0 bus_irq 0 global_irq 2 dfl dfl)
[    0.125986] ACPI: INT_SRC_OVR (bus 0 bus_irq 5 global_irq 5 high level)
[    0.126624] ACPI: INT_SRC_OVR (bus 0 bus_irq 9 global_irq 9 high level)
[    0.127264] ACPI: INT_SRC_OVR (bus 0 bus_irq 10 global_irq 10 high level)
[    0.127915] ACPI: INT_SRC_OVR (bus 0 bus_irq 11 global_irq 11 high level)
[    0.128581] ACPI: Using ACPI (MADT) for SMP configuration information
[    0.129203] ACPI: HPET id: 0x8086a201 base: 0xfed00000
[    0.129704] TSC deadline timer available
[    0.130088] CPU topo: Max. logical packages:   1
[    0.130540] CPU topo: Max. logical dies:       1
[    0.130983] CPU topo: Max. dies per package:   1
[    0.131437] CPU topo: Max. threads per core:   1
[    0.131880] CPU topo: Num. cores per package:     2
[    0.132351] CPU topo: Num. threads per package:   2
[    0.132820] CPU topo: Allowing 2 present CPUs plus 0 hotplug CPUs
[    0.133452] kvm-guest: APIC: eoi() replaced with kvm_guest_apic_eoi_write()
[    0.134152] kvm-guest: KVM setup pv remote TLB flush
[    0.134645] kvm-guest: setup PV sched yield
[    0.135095] PM: hibernation: Registered nosave memory: [mem 0x00000000-0x00000fff]
[    0.135832] PM: hibernation: Registered nosave memory: [mem 0x0009f000-0x000fffff]
[    0.136570] [mem 0x80000000-0xfeffbfff] available for PCI devices
[    0.137162] Booting paravirtualized kernel on KVM
[    0.137624] clocksource: refined-jiffies: mask: 0xffffffff max_cycles: 0xffffffff, max_idle_ns: 7645519600211568 ns
[    0.138648] setup_percpu: NR_CPUS:8192 nr_cpumask_bits:2 nr_cpu_ids:2 nr_node_ids:1
[    0.139881] percpu: Embedded 81 pages/cpu s294912 r8192 d28672 u1048576
[    0.140713] kvm-guest: PV spinlocks enabled
[    0.141134] PV qspinlock hash table entries: 256 (order: 0, 4096 bytes, linear)
[    0.141860] Kernel command line: net.ifnames=0 console=ttyS0 root=/dev/sda earlyprintk=serial net.ifnames=0 thunderbolt.dyndbg
[    0.143236] random: crng init done
[    0.143570] printk: log buffer data + meta data: 262144 + 917504 = 1179648 bytes
[    0.144687] Dentry cache hash table entries: 262144 (order: 9, 2097152 bytes, linear)
[    0.145818] Inode-cache hash table entries: 131072 (order: 8, 1048576 bytes, linear)
[    0.146850] Fallback order for Node 0: 0 
[    0.146861] Built 1 zonelists, mobility grouping on.  Total pages: 524158
[    0.147878] Policy zone: DMA32
[    0.148170] mem auto-init: stack:off, heap alloc:off, heap free:off
[    0.148760] stackdepot: allocating hash table via alloc_large_system_hash
[    0.149406] stackdepot hash table entries: 1048576 (order: 12, 16777216 bytes, linear)
[    0.153163] stackdepot: allocating space for 8192 stack pools via memblock
[    0.189691] SLUB: HWalign=64, Order=0-3, MinObjects=0, CPUs=2, Nodes=1
[    0.190317] kmemleak: Kernel memory leak detector disabled
[    0.226223] ftrace: allocating 75279 entries in 296 pages
[    0.226737] ftrace: allocated 296 pages with 3 groups
[    0.231357] Dynamic Preempt: voluntary
[    0.232203] Running RCU self tests
[    0.232519] Running RCU synchronous self tests
[    0.232932] rcu: Preemptible hierarchical RCU implementation.
[    0.233470] rcu: 	RCU lockdep checking is enabled.
[    0.233915] rcu: 	RCU restricting CPUs from NR_CPUS=8192 to nr_cpu_ids=2.
[    0.234548] 	Trampoline variant of Tasks RCU enabled.
[    0.235018] 	Rude variant of Tasks RCU enabled.
[    0.235444] 	Tracing variant of Tasks RCU enabled.
[    0.235890] rcu: RCU calculated value of scheduler-enlistment delay is 25 jiffies.
[    0.236593] rcu: Adjusting geometry for rcu_fanout_leaf=16, nr_cpu_ids=2
[    0.237304] Running RCU synchronous self tests
[    0.237722] RCU Tasks: Setting shift to 1 and lim to 1 rcu_task_cb_adjust=1 rcu_task_cpu_ids=2.
[    0.238540] RCU Tasks Rude: Setting shift to 1 and lim to 1 rcu_task_cb_adjust=1 rcu_task_cpu_ids=2.
[    0.307879] NR_IRQS: 524544, nr_irqs: 440, preallocated irqs: 16
[    0.308994] rcu: srcu_init: Setting srcu_struct sizes based on contention.
[    0.318383] Console: colour VGA+ 80x25
[    0.318827] printk: legacy console [ttyS0] enabled
[    0.318827] printk: legacy console [ttyS0] enabled
[    0.319843] printk: legacy bootconsole [earlyser0] disabled
[    0.319843] printk: legacy bootconsole [earlyser0] disabled
[    0.320925] Lock dependency validator: Copyright (c) 2006 Red Hat, Inc., Ingo Molnar
[    0.321672] ... MAX_LOCKDEP_SUBCLASSES:  8
[    0.322072] ... MAX_LOCK_DEPTH:          48
[    0.322488] ... MAX_LOCKDEP_KEYS:        8192
[    0.322914] ... CLASSHASH_SIZE:          4096
[    0.323343] ... MAX_LOCKDEP_ENTRIES:     32768
[    0.323776] ... MAX_LOCKDEP_CHAINS:      65536
[    0.324213] ... CHAINHASH_SIZE:          32768
[    0.324645]  memory used by lock dependency info: 6429 kB
[    0.325166]  memory used for stack traces: 4224 kB
[    0.325633]  per task-struct memory footprint: 1920 bytes
[    0.326248] ACPI: Core revision 20250807
[    0.327049] clocksource: hpet: mask: 0xffffffff max_cycles: 0xffffffff, max_idle_ns: 19112604467 ns
[    0.328104] APIC: Switch to symmetric I/O mode setup
[    0.328774] x2apic enabled
[    0.329434] APIC: Switched APIC routing to: physical x2apic
[    0.329979] kvm-guest: APIC: send_IPI_mask() replaced with kvm_send_ipi_mask()
[    0.330688] kvm-guest: APIC: send_IPI_mask_allbutself() replaced with kvm_send_ipi_mask_allbutself()
[    0.331574] kvm-guest: setup PV IPIs
[    0.333087] ..TIMER: vector=0x30 apic1=0 pin1=2 apic2=-1 pin2=-1
[    0.333696] clocksource: tsc-early: mask: 0xffffffffffffffff max_cycles: 0x1881273ac8e, max_idle_ns: 440795257284 ns
[    0.334720] Calibrating delay loop (skipped) preset value.. 3400.00 BogoMIPS (lpj=6800000)
[    0.335687] x86/cpu: User Mode Instruction Prevention (UMIP) activated
[    0.338872] Last level iTLB entries: 4KB 0, 2MB 0, 4MB 0
[    0.339397] Last level dTLB entries: 4KB 0, 2MB 0, 4MB 0, 1GB 0
[    0.339989] mitigations: Enabled attack vectors: user_kernel, user_user, guest_host, guest_guest, SMT mitigations: auto
[    0.341036] Speculative Store Bypass: Mitigation: Speculative Store Bypass disabled via prctl
[    0.341857] Spectre V2 : Mitigation: Enhanced / Automatic IBRS
[    0.342716] ITS: Mitigation: Aligned branch/return thunks
[    0.343239] Spectre V1 : Mitigation: usercopy/swapgs barriers and __user pointer sanitization
[    0.344058] Spectre V2 : WARNING: Unprivileged eBPF is enabled with eIBRS on, data leaks possible via Spectre v2 BHB attacks!
[    0.345133] Spectre V2 : Spectre v2 / PBRSB-eIBRS: Retire a single CALL on VMEXIT
[    0.345863] Spectre V2 : mitigation: Enabling conditional Indirect Branch Prediction Barrier
[    0.346715] active return thunk: its_return_thunk
[    0.347188] Spectre V2 : Spectre BHI mitigation: SW BHB clearing on syscall and VM exit
[    0.348011] x86/fpu: Supporting XSAVE feature 0x001: 'x87 floating point registers'
[    0.348756] x86/fpu: Supporting XSAVE feature 0x002: 'SSE registers'
[    0.349376] x86/fpu: Supporting XSAVE feature 0x004: 'AVX registers'
[    0.349994] x86/fpu: Supporting XSAVE feature 0x020: 'AVX-512 opmask'
[    0.350711] x86/fpu: Supporting XSAVE feature 0x040: 'AVX-512 Hi256'
[    0.351326] x86/fpu: Supporting XSAVE feature 0x080: 'AVX-512 ZMM_Hi256'
[    0.351979] x86/fpu: Supporting XSAVE feature 0x200: 'Protection Keys User registers'
[    0.352740] x86/fpu: Supporting XSAVE feature 0x20000: 'AMX Tile config'
[    0.353390] x86/fpu: Supporting XSAVE feature 0x40000: 'AMX Tile data'
[    0.354026] x86/fpu: xstate_offset[2]:  576, xstate_sizes[2]:  256
[    0.354711] x86/fpu: xstate_offset[5]:  832, xstate_sizes[5]:   64
[    0.355312] x86/fpu: xstate_offset[6]:  896, xstate_sizes[6]:  512
[    0.355918] x86/fpu: xstate_offset[7]: 1408, xstate_sizes[7]: 1024
[    0.356522] x86/fpu: xstate_offset[9]: 2432, xstate_sizes[9]:    8
[    0.357122] x86/fpu: xstate_offset[17]: 2496, xstate_sizes[17]:   64
[    0.357739] x86/fpu: xstate_offset[18]: 2560, xstate_sizes[18]: 8192
[    0.358711] x86/fpu: Enabled xstate features 0x602e7, context size is 10752 bytes, using 'compacted' format.
[    0.514946] Freeing SMP alternatives memory: 64K
[    0.515420] pid_max: default: 32768 minimum: 301
[    0.516223] Yama: becoming mindful.
[    0.516988] Mount-cache hash table entries: 4096 (order: 3, 32768 bytes, linear)
[    0.517713] Mountpoint-cache hash table entries: 4096 (order: 3, 32768 bytes, linear)
[    0.519034] VFS: Finished mounting rootfs on nullfs
[    0.520596] Running RCU synchronous self tests
[    0.521042] Running RCU synchronous self tests
[    0.521795] smpboot: CPU0: Intel(R) Xeon(R) Gold 6414TDX (family: 0x6, model: 0x8f, stepping: 0x6)
[    0.522707] Performance Events: PEBS fmt0-, Sapphire Rapids events, full-width counters, Intel PMU driver.
[    0.522707] ... version:                   2
[    0.522707] ... bit width:                 48
[    0.522707] ... generic counters:          8
[    0.522707] ... generic bitmap:            00000000000000ff
[    0.523263] ... fixed-purpose counters:    4
[    0.523684] ... fixed-purpose bitmap:      000000000000000f
[    0.524229] ... value mask:                0000ffffffffffff
[    0.524775] ... max period:                00007fffffffffff
[    0.525326] ... global_ctrl mask:          0000000f000000ff
[    0.526375] signal: max sigframe size: 11952
[    0.526867] rcu: Hierarchical SRCU implementation.
[    0.527340] rcu: 	Max phase no-delay instances is 1000.
[    0.528058] Timer migration: 1 hierarchy levels; 8 children per group; 1 crossnode level
[    0.552119] smp: Bringing up secondary CPUs ...
[    0.553361] smpboot: x86: Booting SMP configuration:
[    0.553925] .... node  #0, CPUs:      #1
[    0.554785] smp: Brought up 1 node, 2 CPUs
[    0.555733] smpboot: Total of 2 processors activated (6800.00 BogoMIPS)
[    0.556645] Memory: 1591816K/2096632K available (80966K kernel code, 15566K rwdata, 18816K rodata, 16424K init, 20840K bss, 493188K reserved, 0K cma-reserved)
[    0.559453] devtmpfs: initialized
[    0.559939] x86/mm: Memory block size: 128MB
[    0.572067] Running RCU synchronous self tests
[    0.572067] Running RCU synchronous self tests
[    0.574746] Running RCU Tasks wait API self tests
[    0.575250] Running RCU Tasks Rude wait API self tests
[    0.575250] Running RCU Tasks Trace wait API self tests
[    0.575844] clocksource: jiffies: mask: 0xffffffff max_cycles: 0xffffffff, max_idle_ns: 7645041785100000 ns
[    0.575844] posixtimers hash table entries: 1024 (order: 5, 73728 bytes, linear)
[    0.576547] futex hash table entries: 512 (65536 bytes on 1 NUMA nodes, total 64 KiB, linear).
[    0.581287] 
[    0.581464] *************************************************************
[    0.582124] **     NOTICE NOTICE NOTICE NOTICE NOTICE NOTICE NOTICE    **
[    0.582763] **                                                         **
[    0.583426] **  IOMMU DebugFS SUPPORT HAS BEEN ENABLED IN THIS KERNEL  **
[    0.584086] **                                                         **
[    0.584758] ** This means that this kernel is built to expose internal **
[    0.585418] ** IOMMU data structures, which may compromise security on **
[    0.586075] ** your system.                                            **
[    0.586713] **                                                         **
[    0.587376] ** If you see this message and you are not debugging the   **
[    0.588037] ** kernel, report this immediately to your vendor!         **
[    0.588698] **                                                         **
[    0.589359] **     NOTICE NOTICE NOTICE NOTICE NOTICE NOTICE NOTICE    **
[    0.590019] *************************************************************
[    0.590792] PM: RTC time: 17:42:59, date: 2026-03-12
[    0.593775] NET: Registered PF_NETLINK/PF_ROUTE protocol family
[    0.596002] DMA: preallocated 256 KiB GFP_KERNEL|GFP_DMA pool for atomic allocations
[    0.596781] DMA: preallocated 256 KiB GFP_KERNEL|GFP_DMA32 pool for atomic allocations
[    0.597640] audit: initializing netlink subsys (disabled)
[    0.598208] audit: type=2000 audit(1773337380.229:1): state=initialized audit_enabled=0 res=1
[    0.598756] Callback from call_rcu_tasks_trace() invoked.
[    0.598208] thermal_sys: Registered thermal governor 'fair_share'
[    0.598208] thermal_sys: Registered thermal governor 'bang_bang'
[    0.598208] thermal_sys: Registered thermal governor 'step_wise'
[    0.598720] thermal_sys: Registered thermal governor 'user_space'
[    0.599384] cpuidle: using governor ladder
[    0.602719] cpuidle: using governor menu
[    0.603554] acpiphp: ACPI Hot Plug PCI Controller Driver version: 0.5
[    0.603554] PCI: Using configuration type 1 for base access
[    0.607111] kprobes: kprobe jump-optimization is enabled. All kprobes are optimized if possible.
[    0.774791] HugeTLB: registered 1.00 GiB page size, pre-allocated 0 pages
[    0.775470] HugeTLB: 16380 KiB vmemmap can be freed for a 1.00 GiB page
[    0.776118] HugeTLB: registered 2.00 MiB page size, pre-allocated 0 pages
[    0.776781] HugeTLB: 28 KiB vmemmap can be freed for a 2.00 MiB page
[    0.785223] ACPI: Added _OSI(Module Device)
[    0.785668] ACPI: Added _OSI(Processor Device)
[    0.786110] ACPI: Added _OSI(Processor Aggregator Device)
[    0.804578] ACPI: 1 ACPI AML tables successfully acquired and loaded
[    0.818978] ACPI: Interpreter enabled
[    0.819524] ACPI: PM: (supports S0 S3 S4 S5)
[    0.819954] ACPI: Using IOAPIC for interrupt routing
[    0.820564] PCI: Using host bridge windows from ACPI; if necessary, use "pci=nocrs" and report a bug
[    0.821460] PCI: Using E820 reservations for host bridge windows
[    0.823387] ACPI: Enabled 2 GPEs in block 00 to 0F
[    0.867187] ACPI: PCI Root Bridge [PCI0] (domain 0000 [bus 00-ff])
[    0.867846] acpi PNP0A03:00: _OSC: OS supports [ASPM ClockPM Segments MSI EDR HPX-Type3]
[    0.868683] acpi PNP0A03:00: _OSC: not requesting OS control; OS requires [ExtendedConfig ASPM ClockPM MSI]
[    0.869811] acpi PNP0A03:00: fail to add MMCONFIG information, can't access extended configuration space under this bridge
[    0.876233] acpiphp: Slot [3] registered
[    0.876792] acpiphp: Slot [4] registered
[    0.877340] acpiphp: Slot [5] registered
[    0.877892] acpiphp: Slot [6] registered
[    0.878437] acpiphp: Slot [7] registered
[    0.878862] acpiphp: Slot [8] registered
[    0.879401] acpiphp: Slot [9] registered
[    0.879955] acpiphp: Slot [10] registered
[    0.880507] acpiphp: Slot [11] registered
[    0.881060] acpiphp: Slot [12] registered
[    0.881613] acpiphp: Slot [13] registered
[    0.882164] acpiphp: Slot [14] registered
[    0.882750] acpiphp: Slot [15] registered
[    0.883304] acpiphp: Slot [16] registered
[    0.883861] acpiphp: Slot [17] registered
[    0.884410] acpiphp: Slot [18] registered
[    0.884969] acpiphp: Slot [19] registered
[    0.885527] acpiphp: Slot [20] registered
[    0.886077] acpiphp: Slot [21] registered
[    0.886624] acpiphp: Slot [22] registered
[    0.886865] acpiphp: Slot [23] registered
[    0.887412] acpiphp: Slot [24] registered
[    0.887964] acpiphp: Slot [25] registered
[    0.888519] acpiphp: Slot [26] registered
[    0.889080] acpiphp: Slot [27] registered
[    0.889629] acpiphp: Slot [28] registered
[    0.890175] acpiphp: Slot [29] registered
[    0.890728] acpiphp: Slot [30] registered
[    0.891277] acpiphp: Slot [31] registered
[    0.891758] PCI host bridge to bus 0000:00
[    0.892228] pci_bus 0000:00: root bus resource [io  0x0000-0x0cf7 window]
[    0.892898] pci_bus 0000:00: root bus resource [io  0x0d00-0xffff window]
[    0.893581] pci_bus 0000:00: root bus resource [mem 0x000a0000-0x000bffff window]
[    0.894328] pci_bus 0000:00: root bus resource [mem 0x80000000-0xfebfffff window]
[    0.894716] pci_bus 0000:00: root bus resource [mem 0x100000000-0x17fffffff window]
[    0.895483] pci_bus 0000:00: root bus resource [bus 00-ff]
[    0.896140] pci 0000:00:00.0: [8086:1237] type 00 class 0x060000 conventional PCI endpoint
[    0.907255] pci 0000:00:01.0: [8086:7000] type 00 class 0x060100 conventional PCI endpoint
[    0.909573] pci 0000:00:01.1: [8086:7010] type 00 class 0x010180 conventional PCI endpoint
[    0.910968] pci 0000:00:01.1: BAR 4 [io  0xc040-0xc04f]
[    0.911529] pci 0000:00:01.1: BAR 0 [io  0x01f0-0x01f7]: legacy IDE quirk
[    0.912204] pci 0000:00:01.1: BAR 1 [io  0x03f6]: legacy IDE quirk
[    0.912817] pci 0000:00:01.1: BAR 2 [io  0x0170-0x0177]: legacy IDE quirk
[    0.913489] pci 0000:00:01.1: BAR 3 [io  0x0376]: legacy IDE quirk
[    0.914674] pci 0000:00:01.3: [8086:7113] type 00 class 0x068000 conventional PCI endpoint
[    0.919040] pci 0000:00:01.3: quirk: [io  0x0600-0x063f] claimed by PIIX4 ACPI
[    0.919765] pci 0000:00:01.3: quirk: [io  0x0700-0x070f] claimed by PIIX4 SMB
[    0.921051] pci 0000:00:02.0: [1234:1111] type 00 class 0x030000 conventional PCI endpoint
[    0.922738] pci 0000:00:02.0: BAR 0 [mem 0xfd000000-0xfdffffff pref]
[    0.923401] pci 0000:00:02.0: BAR 2 [mem 0xfebf0000-0xfebf0fff]
[    0.924016] pci 0000:00:02.0: ROM [mem 0xfebe0000-0xfebeffff pref]
[    0.924735] pci 0000:00:02.0: Video device with shadowed ROM at [mem 0x000c0000-0x000dffff]
[    0.935229] pci 0000:00:03.0: [8086:100e] type 00 class 0x020000 conventional PCI endpoint
[    0.936948] pci 0000:00:03.0: BAR 0 [mem 0xfebc0000-0xfebdffff]
[    0.937552] pci 0000:00:03.0: BAR 1 [io  0xc000-0xc03f]
[    0.938110] pci 0000:00:03.0: ROM [mem 0xfeb80000-0xfebbffff pref]
[    0.962526] ACPI: PCI: Interrupt link LNKA configured for IRQ 10
[    0.963792] ACPI: PCI: Interrupt link LNKB configured for IRQ 10
[    0.965416] ACPI: PCI: Interrupt link LNKC configured for IRQ 11
[    0.967039] ACPI: PCI: Interrupt link LNKD configured for IRQ 11
[    0.968085] ACPI: PCI: Interrupt link LNKS configured for IRQ 9
[    0.971427] iommu: Default domain type: Translated
[    0.971929] iommu: DMA domain TLB invalidation policy: lazy mode
[    0.975791] SCSI subsystem initialized
[    0.977613] ACPI: bus type USB registered
[    0.977613] usbcore: registered new interface driver usbfs
[    0.977613] usbcore: registered new interface driver hub
[    0.978782] usbcore: registered new device driver usb
[    0.979636] pps_core: LinuxPPS API ver. 1 registered
[    0.980131] pps_core: Software ver. 5.3.6 - Copyright 2005-2007 Rodolfo Giometti <giometti@linux.it>
[    0.981059] PTP clock support registered
[    0.982796] EDAC MC: Ver: 3.0.0
[    0.987832] NetLabel: Initializing
[    0.988202] NetLabel:  domain hash size = 128
[    0.988641] NetLabel:  protocols = UNLABELED CIPSOv4 CALIPSO
[    0.989343] NetLabel:  unlabeled traffic allowed by default
[    0.990424] PCI: Using ACPI for IRQ routing
[    0.991114] pci 0000:00:02.0: vgaarb: setting as boot VGA device
[    0.991725] pci 0000:00:02.0: vgaarb: bridge control possible
[    0.992302] pci 0000:00:02.0: vgaarb: VGA device added: decodes=io+mem,owns=io+mem,locks=none
[    0.993151] vgaarb: loaded
[    0.995070] hpet0: at MMIO 0xfed00000, IRQs 2, 8, 0
[    0.995582] hpet0: 3 comparators, 64-bit 100.000000 MHz counter
[    0.998948] clocksource: Switched to clocksource kvm-clock
[    1.000969] VFS: Disk quotas dquot_6.6.0
[    1.001424] VFS: Dquot-cache hash table entries: 512 (order 0, 4096 bytes)
[    1.006607] pnp: PnP ACPI init
[    1.011518] pnp: PnP ACPI: found 6 devices
[    1.032162] clocksource: acpi_pm: mask: 0xffffff max_cycles: 0xffffff, max_idle_ns: 2085701024 ns
[    1.033551] NET: Registered PF_INET protocol family
[    1.034255] IP idents hash table entries: 32768 (order: 6, 262144 bytes, linear)
[    1.036513] tcp_listen_portaddr_hash hash table entries: 1024 (order: 5, 73728 bytes, linear)
[    1.037409] Table-perturb hash table entries: 65536 (order: 6, 262144 bytes, linear)
[    1.038229] TCP established hash table entries: 16384 (order: 5, 131072 bytes, linear)
[    1.039339] TCP bind hash table entries: 16384 (order: 10, 2359296 bytes, linear)
[    1.041240] TCP: Hash tables configured (established 16384 bind 16384)
[    1.042012] UDP hash table entries: 1024 (order: 6, 262144 bytes, linear)
[    1.042796] UDP-Lite hash table entries: 1024 (order: 6, 262144 bytes, linear)
[    1.043859] NET: Registered PF_UNIX/PF_LOCAL protocol family
[    1.045193] RPC: Registered named UNIX socket transport module.
[    1.045810] RPC: Registered udp transport module.
[    1.046284] RPC: Registered tcp transport module.
[    1.046756] RPC: Registered tcp-with-tls transport module.
[    1.047300] RPC: Registered tcp NFSv4.1 backchannel transport module.
[    1.047956] pci_bus 0000:00: resource 4 [io  0x0000-0x0cf7 window]
[    1.048579] pci_bus 0000:00: resource 5 [io  0x0d00-0xffff window]
[    1.049205] pci_bus 0000:00: resource 6 [mem 0x000a0000-0x000bffff window]
[    1.049890] pci_bus 0000:00: resource 7 [mem 0x80000000-0xfebfffff window]
[    1.050571] pci_bus 0000:00: resource 8 [mem 0x100000000-0x17fffffff window]
[    1.051640] pci 0000:00:01.0: PIIX3: Enabling Passive Release
[    1.052223] pci 0000:00:00.0: Limiting direct PCI/PCI transfers
[    1.052904] PCI: CLS 0 bytes, default 64
[    1.053410] ACPI: bus type thunderbolt registered
[    1.054260] clocksource: tsc: mask: 0xffffffffffffffff max_cycles: 0x1881273ac8e, max_idle_ns: 440795257284 ns
[    1.055567] sgx: There are zero EPC sections.
[    3.418919] Initialise system trusted keyrings
[    3.419510] Key type blacklist registered
[    3.421192] workingset: timestamp_bits=36 max_order=19 bucket_order=0
[    3.424117] squashfs: version 4.0 (2009/01/31) Phillip Lougher
[    3.426534] NFS: Registering the id_resolver key type
[    3.427088] Key type id_resolver registered
[    3.427517] Key type id_legacy registered
[    3.427981] nfs4filelayout_init: NFSv4 File Layout Driver Registering...
[    3.428680] nfs4flexfilelayout_init: NFSv4 Flexfile Layout Driver Registering...
[    3.429767] fuse: init (API version 7.45)
[    3.430762] SGI XFS with ACLs, security attributes, realtime, quota, no debug enabled
[    3.432791] 9p: Installing v9fs 9p2000 file system support
[    3.448002] Callback from call_rcu_tasks() invoked.
[    3.448519] Key type asymmetric registered
[    3.448943] Asymmetric key parser 'x509' registered
[    3.449581] Block layer SCSI generic (bsg) driver version 0.4 loaded (major 241)
[    3.450738] io scheduler mq-deadline registered
[    3.451361] io scheduler bfq registered
[    3.452215] ledtrig-cpu: registered to indicate activity on CPUs
[    3.454370] IPMI message handler: version 39.2
[    3.454905] ipmi device interface
[    3.457229] input: Power Button as /devices/LNXSYSTM:00/LNXPWRBN:00/input/input0
[    3.458523] ACPI: button: Power Button [PWRF]
[    3.460550] ERST DBG: ERST support is disabled.
[    3.462474] Serial: 8250/16550 driver, 32 ports, IRQ sharing enabled
[    3.464436] 00:04: ttyS0 at I/O 0x3f8 (irq = 4, base_baud = 115200) is a 16550A
[    3.494822] Linux agpgart interface v0.103
[    3.498102] ACPI: bus type drm_connector registered
[    3.523628] brd: module loaded
[    3.539335] loop: module loaded
[    3.549203] scsi host0: ata_piix
[    3.551052] scsi host1: ata_piix
[    3.551960] ata1: PATA max MWDMA2 cmd 0x1f0 ctl 0x3f6 bmdma 0xc040 irq 14 lpm-pol 0
[    3.552725] ata2: PATA max MWDMA2 cmd 0x170 ctl 0x376 bmdma 0xc048 irq 15 lpm-pol 0
[    3.556985] tun: Universal TUN/TAP device driver, 1.6
[    3.557901] e100: Intel(R) PRO/100 Network Driver
[    3.558380] e100: Copyright(c) 1999-2006 Intel Corporation
[    3.559055] e1000: Intel(R) PRO/1000 Network Driver
[    3.559546] e1000: Copyright (c) 1999-2006 Intel Corporation.
[    3.709216] ata1: found unknown device (class 0)
[    3.710293] ata1.00: ATA-7: QEMU HARDDISK, 2.5+, max UDMA/100
[    3.710874] ata1.00: 17196647 sectors, multi 16: LBA48 
[    3.712491] scsi 0:0:0:0: Direct-Access     ATA      QEMU HARDDISK    2.5+ PQ: 0 ANSI: 5
[    3.713324] ata2: found unknown device (class 0)
[    3.714308] ata2.00: ATAPI: QEMU DVD-ROM, 2.5+, max UDMA/100
[    3.715223] scsi 0:0:0:0: Attached scsi generic sg0 type 0
[    3.716469] sd 0:0:0:0: [sda] 17196647 512-byte logical blocks: (8.80 GB/8.20 GiB)
[    3.717432] sd 0:0:0:0: [sda] Write Protect is off
[    3.717981] sd 0:0:0:0: [sda] Write cache: enabled, read cache: enabled, doesn't support DPO or FUA
[    3.718973] sd 0:0:0:0: [sda] Preferred minimum I/O size 512 bytes
[    3.721102] scsi 1:0:0:0: CD-ROM            QEMU     QEMU DVD-ROM     2.5+ PQ: 0 ANSI: 5
[    3.743203] scsi 1:0:0:0: Attached scsi generic sg1 type 5
[    3.749879] sd 0:0:0:0: [sda] Attached SCSI disk
[    4.414912] ACPI: \_SB_.LNKC: Enabled at IRQ 11
[    4.733684] e1000 0000:00:03.0 eth0: (PCI:33MHz:32-bit) 52:54:00:12:34:56
[    4.734416] e1000 0000:00:03.0 eth0: Intel(R) PRO/1000 Network Connection
[    4.735284] e1000e: Intel(R) PRO/1000 Network Driver
[    4.735792] e1000e: Copyright(c) 1999 - 2015 Intel Corporation.
[    4.736548] igb: Intel(R) Gigabit Ethernet Network Driver
[    4.737113] igb: Copyright (c) 2007-2014 Intel Corporation.
[    4.738050] PPP generic driver version 2.4.2
[    4.739547] VFIO - User Level meta-driver version: 0.3
[    4.741286] usbcore: registered new interface driver uas
[    4.741995] usbcore: registered new interface driver usb-storage
[    4.742886] i8042: PNP: PS/2 Controller [PNP0303:KBD,PNP0f13:MOU] at 0x60,0x64 irq 1,12
[    4.744691] serio: i8042 KBD port at 0x60,0x64 irq 1
[    4.745284] serio: i8042 AUX port at 0x60,0x64 irq 12
[    4.747001] mousedev: PS/2 mouse device common for all mice
[    4.748781] input: AT Translated Set 2 keyboard as /devices/platform/i8042/serio0/input/input1
[    4.749662] rtc_cmos 00:05: RTC can wake from S4
[    4.751944] rtc_cmos 00:05: registered as rtc0
[    4.752091] input: VirtualPS/2 VMware VMMouse as /devices/platform/i8042/serio1/input/input4
[    4.752513] rtc_cmos 00:05: setting system clock to 2026-03-12T17:43:03 UTC (1773337383)
[    4.754564] rtc_cmos 00:05: alarms up to one day, y3k, 242 bytes nvram, hpet irqs
[    4.754661] input: VirtualPS/2 VMware VMMouse as /devices/platform/i8042/serio1/input/input3
[    4.755383] i2c_dev: i2c /dev entries driver
[    4.756695] device-mapper: core: CONFIG_IMA_DISABLE_HTABLE is disabled. Duplicate IMA measurements will not be recorded in the IMA log.
[    4.757953] device-mapper: uevent: version 1.0.3
[    4.758822] device-mapper: ioctl: 4.50.0-ioctl (2025-04-28) initialised: dm-devel@lists.linux.dev
[    4.759707] intel_pstate: CPU model not supported
[    4.760425] sdhci: Secure Digital Host Controller Interface driver
[    4.761036] sdhci: Copyright(c) Pierre Ossman
[    4.761692] sdhci-pltfm: SDHCI platform and OF driver helper
[    4.763209] drop_monitor: Initializing network drop monitor service
[    4.764239] NET: Registered PF_INET6 protocol family
[    4.766378] Segment Routing with IPv6
[    4.766822] In-situ OAM (IOAM) with IPv6
[    4.767280] NET: Registered PF_PACKET protocol family
[    4.768001] 9pnet: Installing 9P2000 support
[    4.768571] Key type dns_resolver registered
[    4.770627] IPI shorthand broadcast: enabled
[    4.832670] sched_clock: Marking stable (4808004632, 21054140)->(4833884750, -4825978)
[    4.834415] registered taskstats version 1
[    4.835255] Loading compiled-in X.509 certificates
[    4.917331] Demotion targets for Node 0: null
[    4.919142] Key type .fscrypt registered
[    4.919574] Key type fscrypt-provisioning registered
[    4.922713] Key type encrypted registered
[    4.923148] ima: No TPM chip found, activating TPM-bypass!
[    4.923731] ima: Allocated hash algorithm: sha1
[    4.924255] ima: No architecture policies found
[    4.924883] evm: Initialising EVM extended attributes:
[    4.925416] evm: security.selinux
[    4.925754] evm: security.SMACK64
[    4.926089] evm: security.SMACK64EXEC
[    4.926457] evm: security.SMACK64TRANSMUTE
[    4.926865] evm: security.SMACK64MMAP
[    4.927234] evm: security.apparmor
[    4.927581] evm: security.ima
[    4.927882] evm: security.capability
[    4.928243] evm: HMAC attrs: 0x1
[    4.931211] PM:   Magic number: 2:371:744
[    4.932423] RAS: Correctable Errors collector initialized.
[    4.933472] clk: Disabling unused clocks
[    4.933904] PM: genpd: Disabling unused power domains
[    4.935058] check access for rdinit=/init failed: -2, ignoring
[    4.935474] md: Waiting for all devices to be available before autodetect
[    4.935922] md: If you don't use raid, use raid=noautodetect
[    4.936315] md: Autodetecting RAID arrays.
[    4.936602] md: autorun ...
[    4.936796] md: ... autorun DONE.
[    4.942592] EXT4-fs (sda): INFO: recovery required on readonly filesystem
[    4.943086] EXT4-fs (sda): write access will be enabled during recovery
[    5.125422] EXT4-fs (sda): recovery complete
[    5.126962] EXT4-fs (sda): mounted filesystem 088740a9-c8b4-422c-999d-a804eb68a4da ro with ordered data mode. Quota mode: none.
[    5.127838] VFS: Mounted root (ext4 filesystem) readonly on device 8:0.
[    5.129875] devtmpfs: mounted
[    5.130280] VFS: Pivoted into new rootfs
[    5.150655] Freeing unused decrypted memory: 2036K
[    5.156362] Freeing unused kernel image (initmem) memory: 16424K
[    5.156991] Write protecting the kernel read-only data: 102400k
[    5.159459] Freeing unused kernel image (text/rodata gap) memory: 952K
[    5.161051] Freeing unused kernel image (rodata/data gap) memory: 1664K
[    6.167519] x86/mm: Checked W+X mappings: passed, no W+X pages found.
[    6.168060] Run /sbin/init as init process
[    6.281515] systemd[1]: systemd 252-15.el9 running in system mode (+PAM +AUDIT +SELINUX -APPARMOR +IMA +SMACK +SECCOMP +GCRYPT +GNUTLS +OPENSSL +ACL +BLKID +CURL +ELFUTILS -FIDO2 +IDN2 -IDN -IPTC +KMOD +LIBCRYPTSETUP +LIBFDISK +PCRE2 -PWQUALITY +P11KIT -QRENCODE +TPM2 +BZIP2 +LZ4 +XZ +ZLIB +ZSTD -BPF_FRAMEWORK +XKBCOMMON +UTMP +SYSVINIT default-hierarchy=unified)
[    6.283620] systemd[1]: Detected virtualization kvm.
[    6.283962] systemd[1]: Detected architecture x86-64.

Welcome to [0;31mCentOS Stream 9[0m!

[    6.288059] systemd[1]: Hostname set to <test>.
[    6.475701] systemd-rc-local-generator[122]: /etc/rc.d/rc.local is not marked executable, skipping.
[    6.741764] systemd[1]: Queued start job for default target Multi-User System.
[    6.779645] systemd[1]: Created slice Virtual Machine and Container Slice.
[[0;32m  OK  [0m] Created slice [0;1;39mVirtual Machine and Container Slice[0m.
[    6.784824] systemd[1]: Created slice Slice /system/getty.
[[0;32m  OK  [0m] Created slice [0;1;39mSlice /system/getty[0m.
[    6.787790] systemd[1]: Created slice Slice /system/modprobe.
[[0;32m  OK  [0m] Created slice [0;1;39mSlice /system/modprobe[0m.
[    6.790837] systemd[1]: Created slice Slice /system/serial-getty.
[[0;32m  OK  [0m] Created slice [0;1;39mSlice /system/serial-getty[0m.
[    6.793881] systemd[1]: Created slice Slice /system/sshd-keygen.
[[0;32m  OK  [0m] Created slice [0;1;39mSlice /system/sshd-keygen[0m.
[    6.796618] systemd[1]: Created slice User and Session Slice.
[[0;32m  OK  [0m] Created slice [0;1;39mUser and Session Slice[0m.
[    6.798045] systemd[1]: Started Forward Password Requests to Wall Directory Watch.
[[0;32m  OK  [0m] Started [0;1;39mForward Password R…uests to Wall Directory Watch[0m.
[    6.800189] systemd[1]: Set up automount Arbitrary Executable File Formats File System Automount Point.
[[0;32m  OK  [0m] Set up automount [0;1;39mArbitrary…s File System Automount Point[0m.
[    6.801852] systemd[1]: Reached target Local Integrity Protected Volumes.
[[0;32m  OK  [0m] Reached target [0;1;39mLocal Integrity Protected Volumes[0m.
[    6.803062] systemd[1]: Reached target Slice Units.
[[0;32m  OK  [0m] Reached target [0;1;39mSlice Units[0m.
[    6.803989] systemd[1]: Reached target Swaps.
[[0;32m  OK  [0m] Reached target [0;1;39mSwaps[0m.
[    6.804834] systemd[1]: Reached target Local Verity Protected Volumes.
[[0;32m  OK  [0m] Reached target [0;1;39mLocal Verity Protected Volumes[0m.
[    6.806687] systemd[1]: Listening on Device-mapper event daemon FIFOs.
[[0;32m  OK  [0m] Listening on [0;1;39mDevice-mapper event daemon FIFOs[0m.
[    6.808400] systemd[1]: Listening on LVM2 poll daemon socket.
[[0;32m  OK  [0m] Listening on [0;1;39mLVM2 poll daemon socket[0m.
[    6.809751] systemd[1]: multipathd control socket was skipped because of an unmet condition check (ConditionPathExists=/etc/multipath.conf).
[    6.854039] systemd[1]: Listening on RPCbind Server Activation Socket.
[[0;32m  OK  [0m] Listening on [0;1;39mRPCbind Server Activation Socket[0m.
[    6.855367] systemd[1]: Reached target RPC Port Mapper.
[[0;32m  OK  [0m] Reached target [0;1;39mRPC Port Mapper[0m.
[    6.858582] systemd[1]: Listening on Process Core Dump Socket.
[[0;32m  OK  [0m] Listening on [0;1;39mProcess Core Dump Socket[0m.
[    6.860013] systemd[1]: Listening on initctl Compatibility Named Pipe.
[[0;32m  OK  [0m] Listening on [0;1;39minitctl Compatibility Named Pipe[0m.
[    6.861772] systemd[1]: Listening on Journal Socket (/dev/log).
[[0;32m  OK  [0m] Listening on [0;1;39mJournal Socket (/dev/log)[0m.
[    6.863546] systemd[1]: Listening on Journal Socket.
[[0;32m  OK  [0m] Listening on [0;1;39mJournal Socket[0m.
[    6.865176] systemd[1]: Listening on udev Control Socket.
[[0;32m  OK  [0m] Listening on [0;1;39mudev Control Socket[0m.
[    6.866553] systemd[1]: Listening on udev Kernel Socket.
[[0;32m  OK  [0m] Listening on [0;1;39mudev Kernel Socket[0m.
[    6.877421] systemd[1]: Mounting Huge Pages File System...
         Mounting [0;1;39mHuge Pages File System[0m...
[    6.885210] systemd[1]: Mounting POSIX Message Queue File System...
         Mounting [0;1;39mPOSIX Message Queue File System[0m...
[    6.897770] systemd[1]: Mounting Kernel Debug File System...
         Mounting [0;1;39mKernel Debug File System[0m...
[    6.904470] systemd[1]: Mounting Kernel Trace File System...
         Mounting [0;1;39mKernel Trace File System[0m...
[    6.908457] systemd[1]: Kernel Module supporting RPCSEC_GSS was skipped because of an unmet condition check (ConditionPathExists=/etc/krb5.keytab).
[    6.909465] systemd[1]: Create List of Static Device Nodes was skipped because of an unmet condition check (ConditionFileNotEmpty=/lib/modules/6.19.0-8912c2fd5830+/modules.devname).
[    6.915915] systemd[1]: Starting Monitoring of LVM2 mirrors, snapshots etc. using dmeventd or progress polling...
         Starting [0;1;39mMonitoring of LVM…meventd or progress polling[0m...
[    6.923559] systemd[1]: Starting Load Kernel Module configfs...
         Starting [0;1;39mLoad Kernel Module configfs[0m...
[    6.938925] systemd[1]: Starting Load Kernel Module drm...
         Starting [0;1;39mLoad Kernel Module drm[0m...
[    6.949393] systemd[1]: Starting Load Kernel Module fuse...
         Starting [0;1;39mLoad Kernel Module fuse[0m...
[    6.961805] systemd[1]: Starting Read and set NIS domainname from /etc/sysconfig/network...
         Starting [0;1;39mRead and set NIS …from /etc/sysconfig/network[0m...
[    6.981820] systemd[1]: Starting Journal Service...
         Starting [0;1;39mJournal Service[0m...
[    7.010424] systemd[1]: Starting Load Kernel Modules...
         Starting [0;1;39mLoad Kernel Modules[0m...
[    7.017036] systemd[1]: Starting Generate network units from Kernel command line...
         Starting [0;1;39mGenerate network …ts from Kernel command line[0m...
[    7.057597] systemd[1]: Starting Remount Root and Kernel File Systems...
         Starting [0;1;39mRemount Root and Kernel File Systems[0m...
[    7.059157] systemd[1]: Repartition Root Disk was skipped because no trigger condition checks were met.
[    7.081889] systemd[1]: Starting Coldplug All udev Devices...
         Starting [0;1;39mColdplug All udev Devices[0m...
[    7.101515] systemd[1]: Mounted Huge Pages File System.
[[0;32m  OK  [0m] Mounted [0;1;39mHuge Pages File System[0m.
[    7.103012] systemd[1]: Mounted POSIX Message Queue File System.
[[0;32m  OK  [0m] Mounted [0;1;39mPOSIX Message Queue File System[0m.
[    7.104539] systemd[1]: Mounted Kernel Debug File System.
[[0;32m  OK  [0m] Mounted [0;1;39mKernel Debug File System[0m.
[    7.109702] systemd[1]: Mounted Kernel Trace File System.
[[0;32m  OK  [0m] Mounted [0;1;39mKernel Trace File System[0m.
[    7.115220] systemd[1]: Finished Monitoring of LVM2 mirrors, snapshots etc. using dmeventd or progress polling.
[[0;32m  OK  [0m] Finished [0;1;39mMonitoring of LVM… dmeventd or progress polling[0m.
[    7.118667] systemd[1]: modprobe@configfs.service: Deactivated successfully.
[    7.120241] systemd[1]: Finished Load Kernel Module configfs.
[[0;32m  OK  [0m] Finished [0;1;39mLoad Kernel Module configfs[0m.
[    7.122758] systemd[1]: modprobe@drm.service: Deactivated successfully.
[    7.124221] systemd[1]: Finished Load Kernel Module drm.
[[0;32m  OK  [0m] Finished [0;1;39mLoad Kernel Module drm[0m.
[    7.126693] systemd[1]: modprobe@fuse.service: Deactivated successfully.
[    7.128173] systemd[1]: Finished Load Kernel Module fuse.
[[0;32m  OK  [0m] Finished [0;1;39mLoad Kernel Module fuse[0m.[    7.130261] EXT4-fs (sda): re-mounted 088740a9-c8b4-422c-999d-a804eb68a4da r/w.

[    7.141815] systemd[1]: Finished Read and set NIS domainname from /etc/sysconfig/network.
[[0;32m  OK  [0m] Finished [0;1;39mRead and set NIS …e from /etc/sysconfig/network[0m.
[    7.144196] systemd[1]: systemd-modules-load.service: Main process exited, code=exited, status=1/FAILURE
[    7.145696] systemd[1]: systemd-modules-load.service: Failed with result 'exit-code'.
[    7.147548] systemd[1]: Failed to start Load Kernel Modules.
[[0;1;31mFAILED[0m] Failed to start [0;1;39mLoad Kernel Modules[0m.
See 'systemctl status systemd-modules-load.service' for details.
[    7.150926] systemd[1]: Finished Generate network units from Kernel command line.
[[0;32m  OK  [0m] Finished [0;1;39mGenerate network units from Kernel command line[0m.
[    7.154662] systemd[1]: Finished Remount Root and Kernel File Systems.
[[0;32m  OK  [0m] Finished [0;1;39mRemount Root and Kernel File Systems[0m.
[    7.156288] systemd[1]: Started Journal Service.
[[0;32m  OK  [0m] Started [0;1;39mJournal Service[0m.
[[0;32m  OK  [0m] Reached target [0;1;39mPreparation for Network[0m.
         Mounting [0;1;39mFUSE Control File System[0m...
         Mounting [0;1;39mKernel Configuration File System[0m...
         Starting [0;1;39mFlush Journal to Persistent Storage[0m...
         Starting [0;1;39mLoad/Save Random Seed[0m...
[    7.242091] systemd-journald[140]: Received client request to flush runtime journal.
         Starting [0;1;39mApply Kernel Variables[0m...
         Starting [0;1;39mCreate Static Device Nodes in /dev[0m...
         Starting [0;1;39mSetup Virtual Console[0m...
[[0;32m  OK  [0m] Mounted [0;1;39mFUSE Control File System[0m.
[[0;32m  OK  [0m] Mounted [0;1;39mKernel Configuration File System[0m.
[[0;32m  OK  [0m] Finished [0;1;39mFlush Journal to Persistent Storage[0m.
[[0;32m  OK  [0m] Finished [0;1;39mLoad/Save Random Seed[0m.
[[0;32m  OK  [0m] Finished [0;1;39mApply Kernel Variables[0m.
[[0;32m  OK  [0m] Finished [0;1;39mCreate Static Device Nodes in /dev[0m.
         Starting [0;1;39mRule-based Manage…for Device Events and Files[0m...
[[0;32m  OK  [0m] Started [0;1;39mRule-based Manager for Device Events and Files[0m.
         Starting [0;1;39mAuto-connect to s…E devices found during boot[0m...
[[0;32m  OK  [0m] Finished [0;1;39mAuto-connect to s…VME devices found during boot[0m.
[[0;32m  OK  [0m] Finished [0;1;39mColdplug All udev Devices[0m.
         Starting [0;1;39mWait for udev To …plete Device Initialization[0m...
[[0;32m  OK  [0m] Finished [0;1;39mSetup Virtual Console[0m.
         Starting [0;1;39mShow Plymouth Boot Screen[0m...
[2J[3J[-1;-1f[[0;32m  OK  [0m] Started [0;1;39mShow Plymouth Boot Screen[0m.
[[0;32m  OK  [0m] Started [0;1;39mForward Password R…s to Plymouth Directory Watch[0m.
[[0;32m  OK  [0m] Reached target [0;1;39mLocal Encrypted Volumes[0m.
[[0;32m  OK  [0m] Reached target [0;1;39mPath Units[0m.
[[0;32m  OK  [0m] Found device [0;1;39m/dev/ttyS0[0m.
[[0;32m  OK  [0m] Listening on [0;1;39mLoad/Save RF …itch Status /dev/rfkill Watch[0m.
[[0;32m  OK  [0m] Finished [0;1;39mWait for udev To Complete Device Initialization[0m.
[[0;32m  OK  [0m] Reached target [0;1;39mPreparation for Local File Systems[0m.
[[0;32m  OK  [0m] Reached target [0;1;39mLocal File Systems[0m.
         Starting [0;1;39mTell Plymouth To Write Out Runtime Data[0m...
         Starting [0;1;39mAutomatic Boot Loader Update[0m...
         Starting [0;1;39mCreate Volatile Files and Directories[0m...
[[0;32m  OK  [0m] Finished [0;1;39mTell Plymouth To Write Out Runtime Data[0m.
[[0;32m  OK  [0m] Finished [0;1;39mAutomatic Boot Loader Update[0m.
[[0;32m  OK  [0m] Finished [0;1;39mCreate Volatile Files and Directories[0m.
         Mounting [0;1;39mRPC Pipe File System[0m...
         Starting [0;1;39mSecurity Auditing Service[0m...
         Starting [0;1;39mRPC Bind[0m...
[[0;32m  OK  [0m] Mounted [0;1;39mRPC Pipe File System[0m.
[[0;32m  OK  [0m] Reached target [0;1;39mrpc_pipefs.target[0m.
[[0;32m  OK  [0m] Started [0;1;39mRPC Bind[0m.
[[0;32m  OK  [0m] Started [0;1;39mSecurity Auditing Service[0m.
         Starting [0;1;39mRecord System Boot/Shutdown in UTMP[0m...
[[0;32m  OK  [0m] Finished [0;1;39mRecord System Boot/Shutdown in UTMP[0m.
[[0;32m  OK  [0m] Reached target [0;1;39mSystem Initialization[0m.
[[0;32m  OK  [0m] Started [0;1;39mDaily rotation of log files[0m.
[[0;32m  OK  [0m] Started [0;1;39mUpdates mlocate database every day[0m.
[[0;32m  OK  [0m] Started [0;1;39mDaily Cleanup of Temporary Directories[0m.
[[0;32m  OK  [0m] Started [0;1;39mdaily update of the root trust anchor for DNSSEC[0m.
[[0;32m  OK  [0m] Reached target [0;1;39mTimer Units[0m.
[[0;32m  OK  [0m] Listening on [0;1;39mD-Bus System Message Bus Socket[0m.
[[0;32m  OK  [0m] Listening on [0;1;39mOpen-iSCSI iscsid Socket[0m.
[[0;32m  OK  [0m] Listening on [0;1;39mOpen-iSCSI iscsiuio Socket[0m.
[[0;32m  OK  [0m] Listening on [0;1;39mSSSD Kerberos…ache Manager responder socket[0m.
[[0;32m  OK  [0m] Listening on [0;1;39mLibvirt interface local socket[0m.
[[0;32m  OK  [0m] Listening on [0;1;39mVirtual machine lock manager socket[0m.
[[0;32m  OK  [0m] Listening on [0;1;39mVirtual machine log manager socket[0m.
[[0;32m  OK  [0m] Listening on [0;1;39mLibvirt network local socket[0m.
[[0;32m  OK  [0m] Listening on [0;1;39mLibvirt nodedev local socket[0m.
[[0;32m  OK  [0m] Listening on [0;1;39mLibvirt nwfilter local socket[0m.
[[0;32m  OK  [0m] Listening on [0;1;39mLibvirt proxy local socket[0m.
[[0;32m  OK  [0m] Listening on [0;1;39mLibvirt qemu local socket[0m.
[[0;32m  OK  [0m] Listening on [0;1;39mLibvirt qemu admin socket[0m.
[[0;32m  OK  [0m] Listening on [0;1;39mLibvirt qemu local read-only socket[0m.
[[0;32m  OK  [0m] Listening on [0;1;39mLibvirt secret local socket[0m.
[[0;32m  OK  [0m] Listening on [0;1;39mLibvirt storage local socket[0m.
[[0;32m  OK  [0m] Reached target [0;1;39mSocket Units[0m.
         Starting [0;1;39mD-Bus System Message Bus[0m...
[[0;32m  OK  [0m] Started [0;1;39mD-Bus System Message Bus[0m.
[[0;32m  OK  [0m] Reached target [0;1;39mBasic System[0m.
         Starting [0;1;39mNetwork Manager[0m...
         Starting [0;1;39mNTP client/server[0m...
         Starting [0;1;39mRestore /run/initramfs on shutdown[0m...
[[0;32m  OK  [0m] Started [0;1;39mirqbalance daemon[0m.
[[0;32m  OK  [0m] Started [0;1;39mlibstoragemgmt plug-in server daemon[0m.
[[0;32m  OK  [0m] Started [0;1;39mMachine Check Exception Logging Daemon[0m.
[[0;32m  OK  [0m] Reached target [0;1;39msshd-keygen.target[0m.
[[0;32m  OK  [0m] Reached target [0;1;39mUser and Group Name Lookups[0m.
         Starting [0;1;39mUser Login Management[0m...
         Starting [0;1;39mVirtual Machine a…tainer Registration Service[0m...
[[0;32m  OK  [0m] Finished [0;1;39mRestore /run/initramfs on shutdown[0m.
[[0;32m  OK  [0m] Started [0;1;39mVirtual Machine an…ontainer Registration Service[0m.
         Starting [0;1;39mHostname Service[0m...
[[0;32m  OK  [0m] Started [0;1;39mNTP client/server[0m.
[[0;32m  OK  [0m] Started [0;1;39mUser Login Management[0m.
[[0;32m  OK  [0m] Started [0;1;39mHostname Service[0m.
         Starting [0;1;39mNetwork Manager Script Dispatcher Service[0m...
[[0;32m  OK  [0m] Started [0;1;39mNetwork Manager Script Dispatcher Service[0m.
[   10.585275] e1000: eth0 NIC Link is Up 1000 Mbps Full Duplex, Flow Control: RX
[[0;32m  OK  [0m] Started [0;1;39mNetwork Manager[0m.
[[0;32m  OK  [0m] Reached target [0;1;39mNetwork[0m.
[[0;32m  OK  [0m] Reached target [0;1;39mNetwork is Online[0m.
         Starting [0;1;39mGSSAPI Proxy Daemon[0m...
         Starting [0;1;39mNotify NFS peers of a restart[0m...
         Starting [0;1;39mSystem Logging Service[0m...
         Starting [0;1;39mOpenSSH server daemon[0m...
         Starting [0;1;39mDynamic System Tuning Daemon[0m...
[[0;32m  OK  [0m] Started [0;1;39mNotify NFS peers of a restart[0m.
[[0;32m  OK  [0m] Started [0;1;39mOpenSSH server daemon[0m.
[[0;32m  OK  [0m] Started [0;1;39mGSSAPI Proxy Daemon[0m.
[[0;32m  OK  [0m] Reached target [0;1;39mNFS client services[0m.
[[0;32m  OK  [0m] Reached target [0;1;39mPreparation for Remote File Systems[0m.
[[0;32m  OK  [0m] Reached target [0;1;39mRemote File Systems[0m.
         Starting [0;1;39mPermit User Sessions[0m...
         Starting [0;1;39mVirtualization qemu daemon[0m...
[[0;32m  OK  [0m] Finished [0;1;39mPermit User Sessions[0m.
[[0;32m  OK  [0m] Started [0;1;39mDeferred execution scheduler[0m.
[[0;32m  OK  [0m] Started [0;1;39mCommand Scheduler[0m.
         Starting [0;1;39mHold until boot process finishes up[0m...
         Starting [0;1;39mTerminate Plymouth Boot Screen[0m...
[[0;32m  OK  [0m] Started [0;1;39mSystem Logging Service[0m.
[[0;32m  OK  [0m] Started [0;1;39mVirtualization qemu daemon[0m.

CentOS Stream 9
Kernel 6.19.0-8912c2fd5830+ on an x86_64

Activate the web console with: systemctl enable --now cockpit.socket

test login: [  300.333142] INFO: task systemd:725 blocked for more than 147 seconds.
[  300.333681]       Not tainted 6.19.0-8912c2fd5830+ #1
[  300.334027] "echo 0 > /proc/sys/kernel/hung_task_timeout_secs" disables this message.
[  300.334565] task:systemd         state:D stack:0     pid:725   tgid:1     ppid:0      task_flags:0x400040 flags:0x00080000
[  300.335322] Call Trace:
[  300.335505]  <TASK>
[  300.335669]  __schedule+0xfcb/0x40e0
[  300.335968]  ? __pfx___schedule+0x10/0x10
[  300.336257]  ? lock_release+0x14f/0x2a0
[  300.336548]  ? wait_transaction_locked+0x196/0x240
[  300.336896]  schedule+0xf6/0x3d0
[  300.337430]  wait_transaction_locked+0x1bb/0x240
[  300.337766]  ? wait_transaction_locked+0x196/0x240
[  300.338102]  ? __pfx_wait_transaction_locked+0x10/0x10
[  300.338469]  ? __pfx_autoremove_wake_function+0x10/0x10
[  300.338837]  ? jbd2__journal_start+0x19c/0x810
[  300.339159]  add_transaction_credits+0x121/0x1000
[  300.339494]  ? __pfx_add_transaction_credits+0x10/0x10
[  300.339852]  ? __this_cpu_preempt_check+0x21/0x30
[  300.340188]  ? lock_acquire+0x180/0x2f0
[  300.340475]  ? __kasan_check_write+0x18/0x20
[  300.340784]  start_this_handle+0x457/0x1550
[  300.341104]  ? __pfx_start_this_handle+0x10/0x10
[  300.341443]  ? debug_smp_processor_id+0x20/0x30
[  300.341766]  ? rcu_is_watching+0x19/0xc0
[  300.342047]  ? kmem_cache_alloc_noprof+0x4e2/0x780
[  300.342406]  jbd2__journal_start+0x397/0x810
[  300.342711]  __ext4_journal_start_sb+0x3fc/0x580
[  300.343039]  ? ext4_rmdir+0x637/0xf10
[  300.343308]  ext4_rmdir+0x637/0xf10
[  300.343571]  ? __pfx_ext4_rmdir+0x10/0x10
[  300.343864]  ? __pfx_down_write+0x10/0x10
[  300.344144]  ? do_raw_spin_unlock+0x15c/0x210
[  300.344462]  vfs_rmdir+0x351/0x880
[  300.344712]  do_rmdir+0x450/0x5e0
[  300.344959]  ? __pfx_do_rmdir+0x10/0x10
[  300.345257]  ? __sanitizer_cov_trace_const_cmp8+0x1c/0x30
[  300.345639]  ? strncpy_from_user+0x198/0x290
[  300.345951]  ? getname_flags.part.0+0x1d5/0x570
[  300.346280]  __x64_sys_unlinkat+0xff/0x130
[  300.346576]  x64_sys_call+0xea8/0x21b0
[  300.346843]  do_syscall_64+0x6d/0x1180
[  300.347119]  entry_SYSCALL_64_after_hwframe+0x76/0x7e
[  300.347467] RIP: 0033:0x7f1e7aa3ebab
[  300.347721] RSP: 002b:00007f1e7a1b0838 EFLAGS: 00000246 ORIG_RAX: 0000000000000107
[  300.348235] RAX: ffffffffffffffda RBX: 0000000000000006 RCX: 00007f1e7aa3ebab
[  300.348727] RDX: 0000000000000200 RSI: 00007f1e74008bf0 RDI: 000000000000000c
[  300.349223] RBP: 000000000000000c R08: 0000000000000003 R09: 0000000000000078
[  300.349708] R10: 000000000000009b R11: 0000000000000246 R12: 0000000000000000
[  300.350196] R13: 00007f1e74008bf0 R14: 0000000000000200 R15: 0000000000000006
[  300.350700]  </TASK>
[  300.350860] INFO: task systemd:726 blocked for more than 147 seconds.
[  300.351302]       Not tainted 6.19.0-8912c2fd5830+ #1
[  300.351654] "echo 0 > /proc/sys/kernel/hung_task_timeout_secs" disables this message.
[  300.352183] task:systemd         state:D stack:0     pid:726   tgid:1     ppid:0      task_flags:0x400040 flags:0x00080000
[  300.352939] Call Trace:
[  300.353136]  <TASK>
[  300.353294]  __schedule+0xfcb/0x40e0
[  300.353567]  ? __pfx___schedule+0x10/0x10
[  300.353863]  ? lock_release+0x14f/0x2a0
[  300.354140]  ? wait_transaction_locked+0x196/0x240
[  300.354487]  schedule+0xf6/0x3d0
[  300.354725]  wait_transaction_locked+0x1bb/0x240
[  300.355052]  ? wait_transaction_locked+0x196/0x240
[  300.355390]  ? __pfx_wait_transaction_locked+0x10/0x10
[  300.355751]  ? __pfx_autoremove_wake_function+0x10/0x10
[  300.356117]  ? jbd2__journal_start+0x19c/0x810
[  300.356446]  add_transaction_credits+0x121/0x1000
[  300.356783]  ? __pfx_add_transaction_credits+0x10/0x10
[  300.357157]  ? __this_cpu_preempt_check+0x21/0x30
[  300.357491]  ? lock_acquire+0x180/0x2f0
[  300.357774]  ? __kasan_check_write+0x18/0x20
[  300.358082]  start_this_handle+0x457/0x1550
[  300.358391]  ? __pfx_start_this_handle+0x10/0x10
[  300.358718]  ? debug_smp_processor_id+0x20/0x30
[  300.359042]  ? rcu_is_watching+0x19/0xc0
[  300.359321]  ? kmem_cache_alloc_noprof+0x4e2/0x780
[  300.359671]  jbd2__journal_start+0x397/0x810
[  300.359978]  __ext4_journal_start_sb+0x3fc/0x580
[  300.360303]  ? ext4_rmdir+0x637/0xf10
[  300.360633]  ext4_rmdir+0x637/0xf10
[  300.360891]  ? __pfx_ext4_rmdir+0x10/0x10
[  300.361205]  ? __pfx_down_write+0x10/0x10
[  300.361496]  ? do_raw_spin_unlock+0x15c/0x210
[  300.361814]  vfs_rmdir+0x351/0x880
[  300.362060]  do_rmdir+0x450/0x5e0
[  300.362303]  ? __pfx_do_rmdir+0x10/0x10
[  300.362581]  ? __sanitizer_cov_trace_const_cmp8+0x1c/0x30
[  300.362953]  ? strncpy_from_user+0x198/0x290
[  300.363259]  ? getname_flags.part.0+0x1d5/0x570
[  300.363586]  __x64_sys_unlinkat+0xff/0x130
[  300.363886]  x64_sys_call+0xea8/0x21b0
[  300.364153]  do_syscall_64+0x6d/0x1180
[  300.364429]  entry_SYSCALL_64_after_hwframe+0x76/0x7e
[  300.364777] RIP: 0033:0x7f1e7aa3ebab
[  300.365035] RSP: 002b:00007f1e799af838 EFLAGS: 00000246 ORIG_RAX: 0000000000000107
[  300.365587] RAX: ffffffffffffffda RBX: 0000000000000006 RCX: 00007f1e7aa3ebab
[  300.366073] RDX: 0000000000000200 RSI: 00007f1e6c008bf0 RDI: 0000000000000016
[  300.366564] RBP: 0000000000000016 R08: 0000000000000003 R09: 0000000000000078
[  300.367052] R10: 000000000000009b R11: 0000000000000246 R12: 0000000000000000
[  300.367542] R13: 00007f1e6c008bf0 R14: 0000000000000200 R15: 0000000000000006
[  300.368037]  </TASK>
[  300.368206] INFO: task kworker/u8:0:12 blocked for more than 147 seconds.
[  300.368672]       Not tainted 6.19.0-8912c2fd5830+ #1
[  300.369020] "echo 0 > /proc/sys/kernel/hung_task_timeout_secs" disables this message.
[  300.369569] task:kworker/u8:0    state:D stack:0     pid:12    tgid:12    ppid:2      task_flags:0x4248060 flags:0x00080000
[  300.370317] Workqueue: writeback wb_workfn (flush-8:0)
[  300.370683] Call Trace:
[  300.370861]  <TASK>
[  300.371018]  __schedule+0xfcb/0x40e0
[  300.371284]  ? __pfx___schedule+0x10/0x10
[  300.371581]  ? lock_release+0x14f/0x2a0
[  300.371860]  ? kthread_data+0x61/0xd0
[  300.372122]  ? wait_transaction_locked+0x196/0x240
[  300.372459]  schedule+0xf6/0x3d0
[  300.372695]  wait_transaction_locked+0x1bb/0x240
[  300.373026]  ? wait_transaction_locked+0x196/0x240
[  300.373376]  ? __pfx_wait_transaction_locked+0x10/0x10
[  300.373742]  ? __pfx_autoremove_wake_function+0x10/0x10
[  300.374110]  ? jbd2__journal_start+0x253/0x810
[  300.374439]  add_transaction_credits+0x121/0x1000
[  300.374772]  ? ext4_init_io_end+0x32/0x190
[  300.375069]  ? __pfx_add_transaction_credits+0x10/0x10
[  300.375436]  ? __this_cpu_preempt_check+0x21/0x30
[  300.375774]  ? lock_acquire+0x180/0x2f0
[  300.376053]  ? blk_cgroup_bio_start+0x389/0x660
[  300.376377]  ? __kasan_check_write+0x18/0x20
[  300.376686]  start_this_handle+0x457/0x1550
[  300.376990]  ? __pfx_start_this_handle+0x10/0x10
[  300.377328]  ? debug_smp_processor_id+0x20/0x30
[  300.377661]  ? rcu_is_watching+0x19/0xc0
[  300.377944]  ? kmem_cache_alloc_noprof+0x4e2/0x780
[  300.378294]  jbd2__journal_start+0x397/0x810
[  300.378604]  __ext4_journal_start_sb+0x3fc/0x580
[  300.378931]  ? __sanitizer_cov_trace_const_cmp4+0x1a/0x20
[  300.379307]  ? ext4_do_writepages+0x1112/0x3930
[  300.379637]  ext4_do_writepages+0x1112/0x3930
[  300.379958]  ? __lock_acquire+0x412/0x2210
[  300.380256]  ? __pfx_ext4_do_writepages+0x10/0x10
[  300.380591]  ? __this_cpu_preempt_check+0x21/0x30
[  300.380923]  ? lock_is_held_type+0xef/0x150
[  300.381235]  ext4_writepages+0x3e1/0x870
[  300.381513]  ? ext4_writepages+0x3e1/0x870
[  300.381800]  ? __pfx_ext4_writepages+0x10/0x10
[  300.382130]  ? do_raw_spin_unlock+0x15c/0x210
[  300.382441]  ? __pfx_ext4_writepages+0x10/0x10
[  300.382756]  do_writepages+0x255/0x5b0
[  300.383029]  __writeback_single_inode+0x121/0x11f0
[  300.383367]  ? _raw_spin_unlock+0x31/0x60
[  300.383652]  ? __sanitizer_cov_trace_const_cmp4+0x1a/0x20
[  300.384023]  ? wbc_attach_and_unlock_inode.part.0+0x47a/0x890
[  300.384438]  writeback_sb_inodes+0x785/0x1c80
[  300.384770]  ? __pfx_writeback_sb_inodes+0x10/0x10
[  300.385129]  ? __lock_acquire+0x412/0x2210
[  300.385430]  ? __lock_acquire+0x412/0x2210
[  300.385752]  ? __sanitizer_cov_trace_const_cmp8+0x1c/0x30
[  300.386136]  __writeback_inodes_wb+0xc8/0x280
[  300.386457]  wb_writeback+0x652/0x9e0
[  300.386733]  ? __pfx_wb_writeback+0x10/0x10
[  300.387039]  ? __sanitizer_cov_trace_cmp4+0x1a/0x20
[  300.387381]  ? get_nr_dirty_inodes+0x12c/0x1b0
[  300.387708]  wb_workfn+0x713/0xe60
[  300.387958]  ? __pfx_wb_workfn+0x10/0x10
[  300.388244]  process_one_work+0x930/0x1ad0
[  300.388539]  ? __lock_acquire+0x412/0x2210
[  300.388840]  ? __pfx_process_one_work+0x10/0x10
[  300.389183]  ? move_linked_works+0x1bf/0x2c0
[  300.389487]  ? __this_cpu_preempt_check+0x21/0x30
[  300.389831]  ? assign_work+0x19f/0x250
[  300.390101]  ? lock_is_held_type+0xef/0x150
[  300.390410]  worker_thread+0x697/0xeb0
[  300.390690]  ? __pfx_worker_thread+0x10/0x10
[  300.390995]  kthread+0x464/0x980
[  300.391236]  ? __pfx_kthread+0x10/0x10
[  300.391505]  ? trace_hardirqs_on+0x26/0x130
[  300.391803]  ? _raw_spin_unlock_irq+0x3c/0x60
[  300.392113]  ? __pfx_kthread+0x10/0x10
[  300.392383]  ret_from_fork+0x780/0x8f0
[  300.392651]  ? __pfx_ret_from_fork+0x10/0x10
[  300.392959]  ? native_load_tls+0x16/0x50
[  300.393260]  ? __sanitizer_cov_trace_const_cmp8+0x1c/0x30
[  300.393610]  ? __switch_to+0x823/0x10b0
[  300.393893]  ? __pfx_kthread+0x10/0x10
[  300.394165]  ret_from_fork_asm+0x1a/0x30
[  300.394456]  </TASK>
[  300.394619] INFO: task kworker/u8:1:33 blocked for more than 147 seconds.
[  300.395085]       Not tainted 6.19.0-8912c2fd5830+ #1
[  300.395443] "echo 0 > /proc/sys/kernel/hung_task_timeout_secs" disables this message.
[  300.395978] task:kworker/u8:1    state:D stack:0     pid:33    tgid:33    ppid:2      task_flags:0x4248060 flags:0x00080000
[  300.396732] Workqueue: writeback wb_workfn (flush-8:0)
[  300.397104] Call Trace:
[  300.397279]  <TASK>
[  300.397444]  __schedule+0xfcb/0x40e0
[  300.397710]  ? __pfx___schedule+0x10/0x10
[  300.398002]  ? lock_release+0x14f/0x2a0
[  300.398280]  ? kthread_data+0x61/0xd0
[  300.398550]  ? wait_transaction_locked+0x196/0x240
[  300.398888]  schedule+0xf6/0x3d0
[  300.399129]  wait_transaction_locked+0x1bb/0x240
[  300.399462]  ? wait_transaction_locked+0x196/0x240
[  300.399799]  ? __pfx_wait_transaction_locked+0x10/0x10
[  300.400170]  ? __pfx_autoremove_wake_function+0x10/0x10
[  300.400541]  ? jbd2__journal_start+0x253/0x810
[  300.400863]  add_transaction_credits+0x121/0x1000
[  300.401212]  ? ext4_init_io_end+0x32/0x190
[  300.401517]  ? __pfx_add_transaction_credits+0x10/0x10
[  300.401874]  ? __this_cpu_preempt_check+0x21/0x30
[  300.402208]  ? lock_acquire+0x180/0x2f0
[  300.402491]  ? blk_cgroup_bio_start+0x389/0x660
[  300.402816]  ? __kasan_check_write+0x18/0x20
[  300.403129]  start_this_handle+0x457/0x1550
[  300.403435]  ? __pfx_start_this_handle+0x10/0x10
[  300.403758]  ? debug_smp_processor_id+0x20/0x30
[  300.404080]  ? rcu_is_watching+0x19/0xc0
[  300.404365]  ? kmem_cache_alloc_noprof+0x4e2/0x780
[  300.404717]  jbd2__journal_start+0x397/0x810
[  300.405028]  __ext4_journal_start_sb+0x3fc/0x580
[  300.405378]  ? __sanitizer_cov_trace_const_cmp4+0x1a/0x20
[  300.405758]  ? ext4_do_writepages+0x1112/0x3930
[  300.406086]  ext4_do_writepages+0x1112/0x3930
[  300.406397]  ? update_stack_state+0x2d9/0x610
[  300.406718]  ? __lock_acquire+0x412/0x2210
[  300.407013]  ? ret_from_fork_asm+0x1a/0x30
[  300.407306]  ? __pfx_ext4_do_writepages+0x10/0x10
[  300.407644]  ? __this_cpu_preempt_check+0x21/0x30
[  300.407980]  ? lock_is_held_type+0xef/0x150
[  300.408282]  ext4_writepages+0x3e1/0x870
[  300.408559]  ? ext4_writepages+0x3e1/0x870
[  300.408850]  ? __pfx_ext4_writepages+0x10/0x10
[  300.409188]  ? do_raw_spin_unlock+0x15c/0x210
[  300.409506]  ? __pfx_ext4_writepages+0x10/0x10
[  300.409819]  do_writepages+0x255/0x5b0
[  300.410094]  __writeback_single_inode+0x121/0x11f0
[  300.410437]  ? _raw_spin_unlock+0x31/0x60
[  300.410719]  ? __sanitizer_cov_trace_const_cmp8+0x1c/0x30
[  300.411097]  ? wbc_attach_and_unlock_inode.part.0+0x47a/0x890
[  300.411513]  writeback_sb_inodes+0x785/0x1c80
[  300.411838]  ? __pfx_writeback_sb_inodes+0x10/0x10
[  300.412182]  ? __lock_acquire+0x412/0x2210
[  300.412482]  ? __lock_acquire+0x412/0x2210
[  300.412807]  ? __sanitizer_cov_trace_const_cmp8+0x1c/0x30
[  300.413205]  __writeback_inodes_wb+0xc8/0x280
[  300.413531]  wb_writeback+0x652/0x9e0
[  300.413803]  ? __pfx_wb_writeback+0x10/0x10
[  300.414104]  ? __sanitizer_cov_trace_cmp4+0x1a/0x20
[  300.414455]  ? get_nr_dirty_inodes+0x12c/0x1b0
[  300.414777]  wb_workfn+0x713/0xe60
[  300.415024]  ? __pfx_wb_workfn+0x10/0x10
[  300.415317]  process_one_work+0x930/0x1ad0
[  300.415613]  ? __lock_acquire+0x412/0x2210
[  300.415918]  ? __pfx_process_one_work+0x10/0x10
[  300.416247]  ? move_linked_works+0x1bf/0x2c0
[  300.416552]  ? __this_cpu_preempt_check+0x21/0x30
[  300.416895]  ? assign_work+0x19f/0x250
[  300.417181]  ? lock_is_held_type+0xef/0x150
[  300.417486]  worker_thread+0x697/0xeb0
[  300.417768]  ? __pfx_worker_thread+0x10/0x10
[  300.418080]  kthread+0x464/0x980
[  300.418318]  ? __pfx_kthread+0x10/0x10
[  300.418594]  ? trace_hardirqs_on+0x26/0x130
[  300.418888]  ? _raw_spin_unlock_irq+0x3c/0x60
[  300.419208]  ? __pfx_kthread+0x10/0x10
[  300.419483]  ret_from_fork+0x780/0x8f0
[  300.419752]  ? __pfx_ret_from_fork+0x10/0x10
[  300.420066]  ? native_load_tls+0x16/0x50
[  300.420347]  ? __sanitizer_cov_trace_const_cmp8+0x1c/0x30
[  300.420730]  ? __switch_to+0x823/0x10b0
[  300.421008]  ? __pfx_kthread+0x10/0x10
[  300.421293]  ret_from_fork_asm+0x1a/0x30
[  300.421591]  </TASK>
[  300.421760] INFO: task kworker/u8:3:53 blocked for more than 147 seconds.
[  300.422224]       Not tainted 6.19.0-8912c2fd5830+ #1
[  300.422577] "echo 0 > /proc/sys/kernel/hung_task_timeout_secs" disables this message.
[  300.423111] task:kworker/u8:3    state:D stack:0     pid:53    tgid:53    ppid:2      task_flags:0x4248160 flags:0x00080000
[  300.423871] Workqueue: writeback wb_workfn (flush-8:0)
[  300.424233] Call Trace:
[  300.424421]  <TASK>
[  300.424582]  __schedule+0xfcb/0x40e0
[  300.424845]  ? __pfx___schedule+0x10/0x10
[  300.425145]  ? lock_release+0x14f/0x2a0
[  300.425423]  ? kthread_data+0x61/0xd0
[  300.425691]  ? wait_transaction_locked+0x196/0x240
[  300.426031]  schedule+0xf6/0x3d0
[  300.426270]  wait_transaction_locked+0x1bb/0x240
[  300.426599]  ? wait_transaction_locked+0x196/0x240
[  300.426944]  ? __pfx_wait_transaction_locked+0x10/0x10
[  300.427303]  ? check_noncircular+0x80/0x150
[  300.427608]  ? __pfx_autoremove_wake_function+0x10/0x10
[  300.427975]  ? __this_cpu_preempt_check+0x21/0x30
[  300.428310]  ? lockdep_unlock+0x62/0xd0
[  300.428591]  add_transaction_credits+0x121/0x1000
[  300.428929]  ? __pfx_add_transaction_credits+0x10/0x10
[  300.429298]  ? __this_cpu_preempt_check+0x21/0x30
[  300.429644]  ? lock_acquire+0x180/0x2f0
[  300.429930]  ? __kasan_check_write+0x18/0x20
[  300.430238]  start_this_handle+0x457/0x1550
[  300.430552]  ? __pfx_start_this_handle+0x10/0x10
[  300.430876]  ? debug_smp_processor_id+0x20/0x30
[  300.431203]  ? rcu_is_watching+0x19/0xc0
[  300.431484]  ? kmem_cache_alloc_noprof+0x4e2/0x780
[  300.431832]  jbd2__journal_start+0x397/0x810
[  300.432141]  __ext4_journal_start_sb+0x3fc/0x580
[  300.432468]  ? __sanitizer_cov_trace_const_cmp4+0x1a/0x20
[  300.432847]  ? ext4_do_writepages+0x1112/0x3930
[  300.433180]  ext4_do_writepages+0x1112/0x3930
[  300.433491]  ? check_noncircular+0x80/0x150
[  300.433791]  ? arch_stack_walk+0x8b/0xf0
[  300.434085]  ? __lock_acquire+0x412/0x2210
[  300.434387]  ? __pfx_ext4_do_writepages+0x10/0x10
[  300.434725]  ? __this_cpu_preempt_check+0x21/0x30
[  300.435059]  ? lock_is_held_type+0xef/0x150
[  300.435365]  ext4_writepages+0x3e1/0x870
[  300.435646]  ? ext4_writepages+0x3e1/0x870
[  300.435937]  ? __pfx_ext4_writepages+0x10/0x10
[  300.436271]  ? __pfx_ext4_writepages+0x10/0x10
[  300.436591]  do_writepages+0x255/0x5b0
[  300.436861]  __writeback_single_inode+0x121/0x11f0
[  300.437220]  ? _raw_spin_unlock+0x31/0x60
[  300.437509]  ? __sanitizer_cov_trace_const_cmp8+0x1c/0x30
[  300.437889]  ? wbc_attach_and_unlock_inode.part.0+0x47a/0x890
[  300.438306]  writeback_sb_inodes+0x785/0x1c80
[  300.438635]  ? __pfx_writeback_sb_inodes+0x10/0x10
[  300.438977]  ? __lock_acquire+0x412/0x2210
[  300.439272]  ? __lock_acquire+0x412/0x2210
[  300.439600]  ? __sanitizer_cov_trace_const_cmp8+0x1c/0x30
[  300.439988]  __writeback_inodes_wb+0xc8/0x280
[  300.440307]  wb_writeback+0x652/0x9e0
[  300.440582]  ? __pfx_wb_writeback+0x10/0x10
[  300.440896]  ? __sanitizer_cov_trace_cmp4+0x1a/0x20
[  300.441247]  ? get_nr_dirty_inodes+0x12c/0x1b0
[  300.441572]  wb_workfn+0x713/0xe60
[  300.441816]  ? try_to_wake_up+0x186/0x1b60
[  300.442115]  ? __pfx_wb_workfn+0x10/0x10
[  300.442409]  process_one_work+0x930/0x1ad0
[  300.442702]  ? __lock_acquire+0x412/0x2210
[  300.443006]  ? __pfx_process_one_work+0x10/0x10
[  300.443329]  ? move_linked_works+0x1bf/0x2c0
[  300.443642]  ? __this_cpu_preempt_check+0x21/0x30
[  300.443984]  ? assign_work+0x19f/0x250
[  300.444251]  ? lock_is_held_type+0xef/0x150
[  300.444559]  worker_thread+0x697/0xeb0
[  300.444831]  ? _raw_spin_unlock_irqrestore+0x35/0x70
[  300.445201]  ? trace_hardirqs_on+0x26/0x130
[  300.445513]  ? __pfx_worker_thread+0x10/0x10
[  300.445824]  kthread+0x464/0x980
[  300.446065]  ? __pfx_kthread+0x10/0x10
[  300.446338]  ? trace_hardirqs_on+0x26/0x130
[  300.446648]  ? _raw_spin_unlock_irq+0x3c/0x60
[  300.446959]  ? __pfx_kthread+0x10/0x10
[  300.447233]  ret_from_fork+0x780/0x8f0
[  300.447505]  ? __pfx_ret_from_fork+0x10/0x10
[  300.447810]  ? native_load_tls+0x16/0x50
[  300.448095]  ? __sanitizer_cov_trace_const_cmp8+0x1c/0x30
[  300.448477]  ? __switch_to+0x823/0x10b0
[  300.448756]  ? __pfx_kthread+0x10/0x10
[  300.449031]  ret_from_fork_asm+0x1a/0x30
[  300.449333]  </TASK>
[  300.449535] INFO: task jbd2/sda-8:97 blocked for more than 147 seconds.
[  300.449996]       Not tainted 6.19.0-8912c2fd5830+ #1
[  300.450344] "echo 0 > /proc/sys/kernel/hung_task_timeout_secs" disables this message.
[  300.450884] task:jbd2/sda-8      state:D stack:0     pid:97    tgid:97    ppid:2      task_flags:0x240040 flags:0x00080000
[  300.451645] Call Trace:
[  300.451826]  <TASK>
[  300.451989]  __schedule+0xfcb/0x40e0
[  300.452258]  ? __pfx___schedule+0x10/0x10
[  300.452553]  ? lock_release+0x14f/0x2a0
[  300.452837]  schedule+0xf6/0x3d0
[  300.453103]  jbd2_journal_wait_updates+0x146/0x270
[  300.453446]  ? __pfx_jbd2_journal_wait_updates+0x10/0x10
[  300.453825]  ? __pfx_autoremove_wake_function+0x10/0x10
[  300.454195]  ? lock_release+0x14f/0x2a0
[  300.454485]  jbd2_journal_commit_transaction+0x7aa/0x6290
[  300.454881]  ? __lock_acquire+0x412/0x2210
[  300.455178]  ? __pfx_jbd2_journal_commit_transaction+0x10/0x10
[  300.455600]  ? do_raw_spin_lock+0x140/0x280
[  300.455896]  ? __pfx_do_raw_spin_lock+0x10/0x10
[  300.456214]  ? lock_acquire+0x180/0x2f0
[  300.456497]  ? __timer_delete_sync+0x20a/0x300
[  300.456817]  ? __this_cpu_preempt_check+0x21/0x30
[  300.457175]  ? _raw_spin_unlock_irqrestore+0x35/0x70
[  300.457528]  ? lockdep_hardirqs_on+0x85/0x110
[  300.457843]  ? _raw_spin_unlock_irqrestore+0x35/0x70
[  300.458196]  ? trace_hardirqs_on+0x26/0x130
[  300.458499]  ? _raw_spin_unlock_irqrestore+0x45/0x70
[  300.458848]  ? __sanitizer_cov_trace_const_cmp4+0x1a/0x20
[  300.459227]  ? __timer_delete_sync+0x21e/0x300
[  300.459550]  ? __this_cpu_preempt_check+0x21/0x30
[  300.459887]  ? lock_release+0x14f/0x2a0
[  300.460176]  kjournald2+0x203/0x790
[  300.460444]  ? __kthread_parkme+0xd7/0x260
[  300.460737]  ? __pfx_kjournald2+0x10/0x10
[  300.461019]  ? _raw_spin_unlock_irqrestore+0x35/0x70
[  300.461385]  ? trace_hardirqs_on+0x26/0x130
[  300.461680]  ? __pfx_autoremove_wake_function+0x10/0x10
[  300.462051]  ? __sanitizer_cov_trace_const_cmp1+0x1e/0x30
[  300.462434]  ? __kthread_parkme+0x1bc/0x260
[  300.462733]  ? __pfx_kjournald2+0x10/0x10
[  300.463027]  kthread+0x464/0x980
[  300.463268]  ? __pfx_kthread+0x10/0x10
[  300.463542]  ? trace_hardirqs_on+0x26/0x130
[  300.463839]  ? _raw_spin_unlock_irq+0x3c/0x60
[  300.464154]  ? __pfx_kthread+0x10/0x10
[  300.464432]  ret_from_fork+0x780/0x8f0
[  300.464705]  ? __pfx_ret_from_fork+0x10/0x10
[  300.465005]  ? native_load_tls+0x16/0x50
[  300.465300]  ? __sanitizer_cov_trace_const_cmp8+0x1c/0x30
[  300.465682]  ? __switch_to+0x823/0x10b0
[  300.465956]  ? __pfx_kthread+0x10/0x10
[  300.466229]  ret_from_fork_asm+0x1a/0x30
[  300.466525]  </TASK>
[  300.466688] INFO: task auditd:235 blocked for more than 147 seconds.
[  300.467127]       Not tainted 6.19.0-8912c2fd5830+ #1
[  300.467483] "echo 0 > /proc/sys/kernel/hung_task_timeout_secs" disables this message.
[  300.468017] task:auditd          state:D stack:0     pid:235   tgid:235   ppid:1      task_flags:0x400140 flags:0x00080000
[  300.468766] Call Trace:
[  300.468947]  <TASK>
[  300.469122]  __schedule+0xfcb/0x40e0
[  300.469398]  ? __pfx___schedule+0x10/0x10
[  300.469686]  ? lock_release+0x14f/0x2a0
[  300.469967]  ? wait_transaction_locked+0x196/0x240
[  300.470304]  schedule+0xf6/0x3d0
[  300.470546]  wait_transaction_locked+0x1bb/0x240
[  300.470879]  ? wait_transaction_locked+0x196/0x240
[  300.471219]  ? __pfx_wait_transaction_locked+0x10/0x10
[  300.471589]  ? __pfx_autoremove_wake_function+0x10/0x10
[  300.471960]  ? jbd2__journal_start+0x19c/0x810
[  300.472281]  add_transaction_credits+0x121/0x1000
[  300.472622]  ? __pfx_add_transaction_credits+0x10/0x10
[  300.472978]  ? __this_cpu_preempt_check+0x21/0x30
[  300.473327]  ? lock_acquire+0x180/0x2f0
[  300.473620]  ? __kasan_check_write+0x18/0x20
[  300.473932]  start_this_handle+0x457/0x1550
[  300.474247]  ? __pfx_start_this_handle+0x10/0x10
[  300.474580]  ? debug_smp_processor_id+0x20/0x30
[  300.474903]  ? rcu_is_watching+0x19/0xc0
[  300.475183]  ? kmem_cache_alloc_noprof+0x4e2/0x780
[  300.475540]  jbd2__journal_start+0x397/0x810
[  300.475854]  __ext4_journal_start_sb+0x3fc/0x580
[  300.476179]  ? ext4_dirty_inode+0xb3/0x140
[  300.476472]  ? __pfx_ext4_dirty_inode+0x10/0x10
[  300.476798]  ext4_dirty_inode+0xb3/0x140
[  300.477094]  ? rcu_is_watching+0x19/0xc0
[  300.477379]  __mark_inode_dirty+0x1de/0x14c0
[  300.477691]  file_update_time_flags+0x482/0x510
[  300.478021]  file_modified+0x43/0x60
[  300.478279]  ext4_buffered_write_iter+0x101/0x460
[  300.478624]  ext4_file_write_iter+0xb2a/0x1ee0
[  300.478957]  ? __pfx_ext4_file_write_iter+0x10/0x10
[  300.479308]  ? __this_cpu_preempt_check+0x21/0x30
[  300.479648]  ? lock_is_held_type+0xef/0x150
[  300.479955]  vfs_write+0xc6d/0x11f0
[  300.480213]  ? __pfx_ext4_file_write_iter+0x10/0x10
[  300.480566]  ? __pfx_vfs_write+0x10/0x10
[  300.480861]  ? mutex_lock_nested+0x1f/0x30
[  300.481166]  ksys_write+0x14e/0x280
[  300.481425]  ? __pfx_ksys_write+0x10/0x10
[  300.481720]  __x64_sys_write+0x7b/0xc0
[  300.481988]  ? syscall_trace_enter+0x9d/0x240
[  300.482306]  x64_sys_call+0x1704/0x21b0
[  300.482583]  do_syscall_64+0x6d/0x1180
[  300.482856]  entry_SYSCALL_64_after_hwframe+0x76/0x7e
[  300.483215] RIP: 0033:0x7efc7a13ebcf
[  300.483472] RSP: 002b:00007fffe048e950 EFLAGS: 00000293 ORIG_RAX: 0000000000000001
[  300.483993] RAX: ffffffffffffffda RBX: 00000000000000f0 RCX: 00007efc7a13ebcf
[  300.484481] RDX: 00000000000000f0 RSI: 00005570059fd0a0 RDI: 0000000000000005
[  300.484976] RBP: 00005570059fd0a0 R08: 0000000000000000 R09: 00007efc7a1b14e0
[  300.485481] R10: 00007efc7a1b13e0 R11: 0000000000000293 R12: 00000000000000f0
[  300.485970] R13: 00005570059f32a0 R14: 00000000000000f0 R15: 00007efc7a1f69e0
[  300.486473]  </TASK>
[  300.486642] INFO: task in:imjournal:328 blocked for more than 147 seconds.
[  300.487104]       Not tainted 6.19.0-8912c2fd5830+ #1
[  300.487461] "echo 0 > /proc/sys/kernel/hung_task_timeout_secs" disables this message.
[  300.487996] task:in:imjournal    state:D stack:0     pid:328   tgid:292   ppid:1      task_flags:0x400040 flags:0x00080000
[  300.488752] Call Trace:
[  300.488931]  <TASK>
[  300.489104]  __schedule+0xfcb/0x40e0
[  300.489378]  ? __pfx___schedule+0x10/0x10
[  300.489672]  ? lock_release+0x14f/0x2a0
[  300.489951]  ? wait_transaction_locked+0x196/0x240
[  300.490293]  schedule+0xf6/0x3d0
[  300.490536]  wait_transaction_locked+0x1bb/0x240
[  300.490865]  ? wait_transaction_locked+0x196/0x240
[  300.491201]  ? __pfx_wait_transaction_locked+0x10/0x10
[  300.491573]  ? __pfx_autoremove_wake_function+0x10/0x10
[  300.491947]  ? jbd2__journal_start+0x19c/0x810
[  300.492275]  add_transaction_credits+0x121/0x1000
[  300.492626]  ? __pfx_add_transaction_credits+0x10/0x10
[  300.492988]  ? __this_cpu_preempt_check+0x21/0x30
[  300.493332]  ? lock_acquire+0x180/0x2f0
[  300.493626]  ? __kasan_check_write+0x18/0x20
[  300.493936]  start_this_handle+0x457/0x1550
[  300.494240]  ? __pfx_start_this_handle+0x10/0x10
[  300.494570]  ? debug_smp_processor_id+0x20/0x30
[  300.494896]  ? rcu_is_watching+0x19/0xc0
[  300.495177]  ? kmem_cache_alloc_noprof+0x4e2/0x780
[  300.495538]  jbd2__journal_start+0x397/0x810
[  300.495852]  __ext4_journal_start_sb+0x3fc/0x580
[  300.496179]  __ext4_new_inode+0x2caf/0x5230
[  300.496492]  ? __pfx___ext4_new_inode+0x10/0x10
[  300.496810]  ? __pfx___dquot_initialize+0x10/0x10
[  300.497165]  ? __pfx_d_splice_alias_ops+0x10/0x10
[  300.497507]  ? __pfx_make_vfsuid+0x10/0x10
[  300.497806]  ext4_create+0x32d/0x550
[  300.498071]  ? __pfx_ext4_create+0x10/0x10
[  300.498369]  ? may_o_create+0x51/0x3b0
[  300.498645]  ? __pfx_ext4_create+0x10/0x10
[  300.498940]  lookup_open.isra.0+0xccd/0x1130
[  300.499250]  ? __pfx_lookup_open.isra.0+0x10/0x10
[  300.499597]  ? mnt_get_write_access+0x203/0x2f0
[  300.499918]  ? __sanitizer_cov_trace_const_cmp4+0x1a/0x20
[  300.500299]  path_openat+0xfde/0x2f70
[  300.500577]  ? __pfx_path_openat+0x10/0x10
[  300.500873]  ? __lock_acquire+0x412/0x2210
[  300.501188]  do_filp_open+0x1fc/0x460
[  300.501460]  ? __pfx_do_filp_open+0x10/0x10
[  300.501771]  ? do_raw_spin_unlock+0x15c/0x210
[  300.502083]  ? _raw_spin_unlock+0x31/0x60
[  300.502387]  do_sys_openat2+0x125/0x260
[  300.502663]  ? __pfx_do_sys_openat2+0x10/0x10
[  300.502979]  ? __this_cpu_preempt_check+0x21/0x30
[  300.503310]  ? seqcount_lockdep_reader_access.constprop.0+0xb4/0xd0
[  300.503758]  ? lockdep_hardirqs_on+0x85/0x110
[  300.504066]  ? seqcount_lockdep_reader_access.constprop.0+0xb4/0xd0
[  300.504512]  __x64_sys_openat+0x179/0x240
[  300.504805]  ? __pfx___x64_sys_openat+0x10/0x10
[  300.505143]  ? __audit_syscall_entry+0x393/0x4f0
[  300.505485]  x64_sys_call+0xee7/0x21b0
[  300.505753]  do_syscall_64+0x6d/0x1180
[  300.506026]  entry_SYSCALL_64_after_hwframe+0x76/0x7e
[  300.506378] RIP: 0033:0x7ff8b9f3e8c4
[  300.506637] RSP: 002b:00007ff8b92cba40 EFLAGS: 00000293 ORIG_RAX: 0000000000000101
[  300.507158] RAX: ffffffffffffffda RBX: 00007ff8b4000c10 RCX: 00007ff8b9f3e8c4
[  300.507652] RDX: 0000000000000241 RSI: 00007ff8b92cbb80 RDI: 00000000ffffff9c
[  300.508140] RBP: 00007ff8b92cbb80 R08: 0000000000000000 R09: 0000000000000001
[  300.508632] R10: 00000000000001b6 R11: 0000000000000293 R12: 0000000000000241
[  300.509141] R13: 00007ff8b4000c10 R14: 0000000000000001 R15: 00007ff8b4009ad0
[  300.509653]  </TASK>
[  300.509815] INFO: task rs:main Q:Reg:329 blocked for more than 147 seconds.
[  300.510290]       Not tainted 6.19.0-8912c2fd5830+ #1
[  300.510639] "echo 0 > /proc/sys/kernel/hung_task_timeout_secs" disables this message.
[  300.511166] task:rs:main Q:Reg   state:D stack:0     pid:329   tgid:292   ppid:1      task_flags:0x400040 flags:0x00080000
[  300.511921] Call Trace:
[  300.512104]  <TASK>
[  300.512265]  __schedule+0xfcb/0x40e0
[  300.512536]  ? __pfx___schedule+0x10/0x10
[  300.512823]  ? lock_release+0x14f/0x2a0
[  300.513124]  ? wait_transaction_locked+0x196/0x240
[  300.513464]  schedule+0xf6/0x3d0
[  300.513704]  wait_transaction_locked+0x1bb/0x240
[  300.514030]  ? wait_transaction_locked+0x196/0x240
[  300.514366]  ? __pfx_wait_transaction_locked+0x10/0x10
[  300.514731]  ? __pfx_autoremove_wake_function+0x10/0x10
[  300.515100]  ? jbd2__journal_start+0x19c/0x810
[  300.515434]  add_transaction_credits+0x121/0x1000
[  300.515768]  ? __pfx_do_raw_spin_lock+0x10/0x10
[  300.516090]  ? __pfx_add_transaction_credits+0x10/0x10
[  300.516448]  ? __this_cpu_preempt_check+0x21/0x30
[  300.516780]  ? lock_acquire+0x180/0x2f0
[  300.517077]  ? __kasan_check_write+0x18/0x20
[  300.517394]  start_this_handle+0x457/0x1550
[  300.517697]  ? __pfx_start_this_handle+0x10/0x10
[  300.518023]  ? debug_smp_processor_id+0x20/0x30
[  300.518350]  ? rcu_is_watching+0x19/0xc0
[  300.518639]  ? kmem_cache_alloc_noprof+0x4e2/0x780
[  300.518988]  jbd2__journal_start+0x397/0x810
[  300.519307]  __ext4_journal_start_sb+0x3fc/0x580
[  300.519634]  ? ext4_dirty_inode+0xb3/0x140
[  300.519925]  ? __pfx_ext4_dirty_inode+0x10/0x10
[  300.520244]  ext4_dirty_inode+0xb3/0x140
[  300.520527]  ? rcu_is_watching+0x19/0xc0
[  300.520810]  __mark_inode_dirty+0x1de/0x14c0
[  300.521135]  file_update_time_flags+0x482/0x510
[  300.521464]  file_modified+0x43/0x60
[  300.521723]  ext4_buffered_write_iter+0x101/0x460
[  300.522070]  ext4_file_write_iter+0xb2a/0x1ee0
[  300.522408]  ? __pfx_ext4_file_write_iter+0x10/0x10
[  300.522761]  ? __this_cpu_preempt_check+0x21/0x30
[  300.523097]  ? lock_is_held_type+0xef/0x150
[  300.523406]  vfs_write+0xc6d/0x11f0
[  300.523662]  ? __pfx_ext4_file_write_iter+0x10/0x10
[  300.524013]  ? __pfx_vfs_write+0x10/0x10
[  300.524305]  ? mutex_lock_nested+0x1f/0x30
[  300.524599]  ksys_write+0x14e/0x280
[  300.524854]  ? __pfx_ksys_write+0x10/0x10
[  300.525162]  ? __audit_syscall_entry+0x393/0x4f0
[  300.525498]  __x64_sys_write+0x7b/0xc0
[  300.525766]  ? syscall_trace_enter+0x14d/0x240
[  300.526081]  x64_sys_call+0x1704/0x21b0
[  300.526364]  do_syscall_64+0x6d/0x1180
[  300.526637]  entry_SYSCALL_64_after_hwframe+0x76/0x7e
[  300.526984] RIP: 0033:0x7ff8b9f3ebcf
[  300.527241] RSP: 002b:00007ff8b8ecb890 EFLAGS: 00000293 ORIG_RAX: 0000000000000001
[  300.527763] RAX: ffffffffffffffda RBX: 00007ff8ac005ab0 RCX: 00007ff8b9f3ebcf
[  300.528254] RDX: 0000000000000056 RSI: 00007ff8ac005d50 RDI: 0000000000000005
[  300.528743] RBP: 00007ff8ac005d50 R08: 0000000000000000 R09: 0000000000000000
[  300.529245] R10: 000000000000000a R11: 0000000000000293 R12: 0000000000000000
[  300.529734] R13: 000055a44c01ae00 R14: 00007ff8ac005ab0 R15: 0000000000000056
[  300.530237]  </TASK>
[  300.530405] INFO: task repro:708 blocked for more than 147 seconds.
[  300.530834]       Not tainted 6.19.0-8912c2fd5830+ #1
[  300.531180] "echo 0 > /proc/sys/kernel/hung_task_timeout_secs" disables this message.
[  300.531715] task:repro           state:D stack:0     pid:708   tgid:708   ppid:707    task_flags:0x400140 flags:0x00080000
[  300.532462] Call Trace:
[  300.532643]  <TASK>
[  300.532803]  __schedule+0xfcb/0x40e0
[  300.533086]  ? __pfx___schedule+0x10/0x10
[  300.533379]  ? lock_release+0x14f/0x2a0
[  300.533656]  ? _raw_spin_unlock_irqrestore+0x45/0x70
[  300.534012]  schedule+0xf6/0x3d0
[  300.534250]  jbd2_log_wait_commit+0x2e4/0x4a0
[  300.534576]  ? __pfx_jbd2_log_wait_commit+0x10/0x10
[  300.534920]  ? lock_release+0x14f/0x2a0
[  300.535195]  ? __pfx_autoremove_wake_function+0x10/0x10
[  300.535574]  ? stop_this_handle+0x39f/0x670
[  300.535875]  jbd2_journal_stop+0xad4/0xe50
[  300.536169]  ? __sanitizer_cov_trace_const_cmp2+0x21/0x30
[  300.536559]  ? __pfx_jbd2_journal_stop+0x10/0x10
[  300.536896]  ? __pfx_ext4_free_inode+0x10/0x10
[  300.537226]  __ext4_journal_stop+0xea/0x200
[  300.537538]  ext4_evict_inode+0x8ce/0x1760
[  300.537842]  ? __pfx_ext4_evict_inode+0x10/0x10
[  300.538198]  ? do_raw_spin_unlock+0x15c/0x210
[  300.538537]  ? __pfx_ext4_evict_inode+0x10/0x10
[  300.538891]  evict+0x371/0xae0
[  300.539143]  ? __pfx_evict+0x10/0x10
[  300.539429]  ? iput+0x7a9/0xd70
[  300.539684]  ? iput+0x7a9/0xd70
[  300.539942]  ? __this_cpu_preempt_check+0x21/0x30
[  300.540309]  ? do_raw_spin_unlock+0x15c/0x210
[  300.540657]  iput+0x7b1/0xd70
[  300.540905]  vfs_rmdir+0x5d2/0x880
[  300.541195]  do_rmdir+0x450/0x5e0
[  300.541469]  ? __pfx_do_rmdir+0x10/0x10
[  300.541774]  ? __sanitizer_cov_trace_const_cmp8+0x1c/0x30
[  300.542184]  ? strncpy_from_user+0x198/0x290
[  300.542524]  ? __sanitizer_cov_trace_const_cmp4+0x1a/0x20
[  300.542940]  ? getname_flags.part.0+0x1d5/0x570
[  300.543309]  __x64_sys_rmdir+0xd1/0x120
[  300.543629]  x64_sys_call+0x1f7c/0x21b0
[  300.543982]  do_syscall_64+0x6d/0x1180
[  300.544344]  entry_SYSCALL_64_after_hwframe+0x76/0x7e
[  300.544824] RIP: 0033:0x7fbaf8c3ebdb
[  300.545184] RSP: 002b:00007fff129ee668 EFLAGS: 00000202 ORIG_RAX: 0000000000000054
[  300.545881] RAX: ffffffffffffffda RBX: 0000000000000000 RCX: 00007fbaf8c3ebdb
[  300.546432] RDX: 0000000000010cf0 RSI: 0000000000000000 RDI: 00007fff129ef800
[  300.546988] RBP: 00007fff129ef750 R08: 0000000000000003 R09: 0000000000000078
[  300.547537] R10: 00007fbaf8c0d938 R11: 0000000000000202 R12: 00007fff129f09b8
[  300.548089] R13: 000000000040349d R14: 0000000000405e08 R15: 00007fbaf8e5f000
[  300.548652]  </TASK>
[  300.548833] Future hung task reports are suppressed, see sysctl kernel.hung_task_warnings
[  300.549474] 
[  300.549474] Showing all locks held in the system:
[  300.549991] 3 locks held by systemd/725:
[  300.550361]  #0: ff1100001027e408 (sb_writers#3){.+.+}-{0:0}, at: do_rmdir+0x336/0x5e0
[  300.551116]  #1: ff1100001b9946d0 (&type->i_mutex_dir_key#3/1){+.+.}-{4:4}, at: do_rmdir+0x38b/0x5e0
[  300.551983]  #2: ff1100001b9976a0 (&type->i_mutex_dir_key#3){++++}-{4:4}, at: vfs_rmdir+0xfc/0x880
[  300.552827] 3 locks held by systemd/726:
[  300.553201]  #0: ff1100001027e408 (sb_writers#3){.+.+}-{0:0}, at: do_rmdir+0x336/0x5e0
[  300.553842]  #1: ff1100001b9a46d0 (&type->i_mutex_dir_key#3/1){+.+.}-{4:4}, at: do_rmdir+0x38b/0x5e0
[  300.554578]  #2: ff1100001b9a76a0 (&type->i_mutex_dir_key#3){++++}-{4:4}, at: vfs_rmdir+0xfc/0x880
[  300.555277] 4 locks held by kworker/u8:0/12:
[  300.555611]  #0: ff1100000bd6a948 ((wq_completion)writeback){+.+.}-{0:0}, at: process_one_work+0x1260/0x1ad0
[  300.556371]  #1: ff1100000b967c88 ((work_completion)(&(&wb->dwork)->work)){+.+.}-{0:0}, at: process_one_work+0x89f/0x1ad0
[  300.557226]  #2: ff1100001027e0e0 (&type->s_umount_key#39){++++}-{4:4}, at: super_trylock_shared+0x2b/0x110
[  300.557979]  #3: ff11000010278b98 (&sbi->s_writepages_rwsem){++++}-{0:0}, at: do_writepages+0x255/0x5b0
[  300.558697] 1 lock held by khungtaskd/32:
[  300.559001]  #0: ffffffff876625a0 (rcu_read_lock){....}-{1:3}, at: debug_show_all_locks+0x3b/0x1f0
[  300.559672] 4 locks held by kworker/u8:1/33:
[  300.559994]  #0: ff1100000bd6a948 ((wq_completion)writeback){+.+.}-{0:0}, at: process_one_work+0x1260/0x1ad0
[  300.560675]  #1: ff1100000c237c88 ((work_completion)(&(&wb->dwork)->work)){+.+.}-{0:0}, at: process_one_work+0x89f/0x1ad0
[  300.561452]  #2: ff1100001027e0e0 (&type->s_umount_key#39){++++}-{4:4}, at: super_trylock_shared+0x2b/0x110
[  300.562143]  #3: ff11000010278b98 (&sbi->s_writepages_rwsem){++++}-{0:0}, at: do_writepages+0x255/0x5b0
[  300.562814] 4 locks held by kworker/u8:3/53:
[  300.563114]  #0: ff1100000bd6a948 ((wq_completion)writeback){+.+.}-{0:0}, at: process_one_work+0x1260/0x1ad0
[  300.563812]  #1: ff1100000d057c88 ((work_completion)(&(&wb->dwork)->work)){+.+.}-{0:0}, at: process_one_work+0x89f/0x1ad0
[  300.564582]  #2: ff1100001027e0e0 (&type->s_umount_key#39){++++}-{4:4}, at: super_trylock_shared+0x2b/0x110
[  300.565281]  #3: ff11000010278b98 (&sbi->s_writepages_rwsem){++++}-{0:0}, at: do_writepages+0x255/0x5b0
[  300.565951] 3 locks held by auditd/235:
[  300.566217]  #0: ff11000017510b78 (&f->f_pos_lock){+.+.}-{4:4}, at: fdget_pos+0x2b5/0x390
[  300.566799]  #1: ff1100001027e408 (sb_writers#3){.+.+}-{0:0}, at: ksys_write+0x14e/0x280
[  300.567378]  #2: ff1100001a862a20 (&sb->s_type->i_mutex_key#10){++++}-{4:4}, at: ext4_buffered_write_iter+0xb8/0x460
[  300.568110] 2 locks held by in:imjournal/328:
[  300.568418]  #0: ff1100001027e408 (sb_writers#3){.+.+}-{0:0}, at: path_openat+0x1939/0x2f70
[  300.569009]  #1: ff1100001bb8f6a0 (&type->i_mutex_dir_key#3){++++}-{4:4}, at: path_openat+0xf5d/0x2f70
[  300.569682] 3 locks held by rs:main Q:Reg/329:
[  300.569991]  #0: ff11000013cb8638 (&f->f_pos_lock){+.+.}-{4:4}, at: fdget_pos+0x2b5/0x390
[  300.570570]  #1: ff1100001027e408 (sb_writers#3){.+.+}-{0:0}, at: ksys_write+0x14e/0x280
[  300.571147]  #2: ff1100001bbb76a0 (&sb->s_type->i_mutex_key#10){++++}-{4:4}, at: ext4_buffered_write_iter+0xb8/0x460
[  300.571890] 3 locks held by repro/708:
[  300.572155]  #0: ff1100001027e408 (sb_writers#3){.+.+}-{0:0}, at: do_rmdir+0x336/0x5e0
[  300.572723]  #1: ff11000020301700 (&type->i_mutex_dir_key#3/1){+.+.}-{4:4}, at: do_rmdir+0x38b/0x5e0
[  300.573396]  #2: ff1100001027e5f8 (sb_internal){.+.+}-{0:0}, at: evict+0x371/0xae0
[  300.573944] 3 locks held by repro/710:
[  300.574209]  #0: ff1100001027e408 (sb_writers#3){.+.+}-{0:0}, at: do_rmdir+0x336/0x5e0
[  300.574782]  #1: ff110000203cd060 (&type->i_mutex_dir_key#3/1){+.+.}-{4:4}, at: do_rmdir+0x38b/0x5e0
[  300.575435]  #2: ff1100001027e5f8 (sb_internal){.+.+}-{0:0}, at: evict+0x371/0xae0
[  300.575978] 3 locks held by repro/714:
[  300.576248]  #0: ff11000017528638 (&f->f_pos_lock){+.+.}-{4:4}, at: fdget_pos+0x2b5/0x390
[  300.576820]  #1: ff110000203cf6a0 (&type->i_mutex_dir_key#3){++++}-{4:4}, at: iterate_dir+0x1a0/0xb00
[  300.577481]  #2: ff1100001027e408 (sb_writers#3){.+.+}-{0:0}, at: iterate_dir+0x879/0xb00
[  300.578067] 2 locks held by repro/715:
[  300.578331]  #0: ff1100001027e408 (sb_writers#3){.+.+}-{0:0}, at: chmod_common+0x112/0x550
[  300.578920]  #1: ff1100002500c6d0 (&type->i_mutex_dir_key#3){++++}-{4:4}, at: chmod_common+0x18a/0x550
[  300.579586] 2 locks held by repro/716:
[  300.579852]  #0: ff1100001027e408 (sb_writers#3){.+.+}-{0:0}, at: filename_create+0x122/0x460
[  300.580463]  #1: ff11000016d58d70 (&type->i_mutex_dir_key#3/1){+.+.}-{4:4}, at: filename_create+0x1e6/0x460
[  300.581161] 2 locks held by repro/717:
[  300.581430]  #0: ff1100001027e408 (sb_writers#3){.+.+}-{0:0}, at: filename_create+0x122/0x460
[  300.582031]  #1: ff11000016d58d70 (&type->i_mutex_dir_key#3/1){+.+.}-{4:4}, at: filename_create+0x1e6/0x460
[  300.582724] 3 locks held by repro/718:
[  300.582984]  #0: ff1100001027e408 (sb_writers#3){.+.+}-{0:0}, at: filename_create+0x122/0x460
[  300.583593]  #1: ff1100001bbc6380 (&type->i_mutex_dir_key#3/1){+.+.}-{4:4}, at: filename_create+0x1e6/0x460
[  300.584273]  #2: ff1100001027a950 (jbd2_handle){++++}-{0:0}, at: start_this_handle+0x1042/0x1550
[  300.584889] 2 locks held by repro/721:
[  300.585166]  #0: ff1100001027e408 (sb_writers#3){.+.+}-{0:0}, at: filename_create+0x122/0x460
[  300.585776]  #1: ff110000203ced10 (&type->i_mutex_dir_key#3/1){+.+.}-{4:4}, at: filename_create+0x1e6/0x460
[  300.586458] 4 locks held by kworker/u8:4/727:
[  300.586766]  #0: ff1100000bd6a948 ((wq_completion)writeback){+.+.}-{0:0}, at: process_one_work+0x1260/0x1ad0
[  300.587459]  #1: ff110000153e7c88 ((work_completion)(&(&wb->dwork)->work)){+.+.}-{0:0}, at: process_one_work+0x89f/0x1ad0
[  300.588222]  #2: ff1100001027e0e0 (&type->s_umount_key#39){++++}-{4:4}, at: super_trylock_shared+0x2b/0x110
[  300.588903]  #3: ff11000010278b98 (&sbi->s_writepages_rwsem){++++}-{0:0}, at: do_writepages+0x255/0x5b0
[  300.589573] 
[  300.589689] =============================================
[  300.589689] 
