c[?7l[2J[0mSeaBIOS (version rel-1.16.0-0-gd239552ce722-prebuilt.qemu.org)


iPXE (http://ipxe.org) 00:03.0 CA00 PCI2.10 PnP PMM+7FF91000+7FEF1000 CA00
Press Ctrl-B to configure iPXE (PCI 00:03.0)...                                                                               


Booting from ROM..c[?7l[2J[    0.000000] Linux version 6.19.0-939faf71cf7c+ (root@gnr-bkc) (gcc (GCC) 11.5.0 20240719 (Red Hat 11.5.0-14), GNU ld version 2.35.2-54.el9) #1 SMP PREEMPT_DYNAMIC Thu Mar 12 20:02:18 CST 2026
[    0.000000] Command line: console=ttyS0 root=/dev/sda earlyprintk=serial net.ifnames=0 thunderbolt.dyndbg
[    0.000000] KERNEL supported cpus:
[    0.000000]   Intel GenuineIntel
[    0.000000]   AMD AuthenticAMD
[    0.000000]   Hygon HygonGenuine
[    0.000000]   Centaur CentaurHauls
[    0.000000]   zhaoxin   Shanghai  
[    0.000000] x86/split lock detection: #DB: warning on user-space bus_locks
[    0.000000] BIOS-provided physical RAM map:
[    0.000000] BIOS-e820: [mem 0x0000000000000000-0x000000000009fbff]  System RAM
[    0.000000] BIOS-e820: [mem 0x000000000009fc00-0x000000000009ffff]  device reserved
[    0.000000] BIOS-e820: [gap 0x00000000000a0000-0x00000000000effff]
[    0.000000] BIOS-e820: [mem 0x00000000000f0000-0x00000000000fffff]  device reserved
[    0.000000] BIOS-e820: [mem 0x0000000000100000-0x000000007ffdffff]  System RAM
[    0.000000] BIOS-e820: [mem 0x000000007ffe0000-0x000000007fffffff]  device reserved
[    0.000000] BIOS-e820: [gap 0x0000000080000000-0x00000000feffbfff]
[    0.000000] BIOS-e820: [mem 0x00000000feffc000-0x00000000feffffff]  device reserved
[    0.000000] BIOS-e820: [gap 0x00000000ff000000-0x00000000fffbffff]
[    0.000000] BIOS-e820: [mem 0x00000000fffc0000-0x00000000ffffffff]  device reserved
[    0.000000] printk: legacy bootconsole [earlyser0] enabled
[    0.000000] NX (Execute Disable) protection: active
[    0.000000] APIC: Static calls initialized
[    0.000000] SMBIOS 2.8 present.
[    0.000000] DMI: QEMU Standard PC (i440FX + PIIX, 1996), BIOS rel-1.16.0-0-gd239552ce722-prebuilt.qemu.org 04/01/2014
[    0.000000] DMI: Memory slots populated: 1/1
[    0.000000] Hypervisor detected: KVM
[    0.000000] last_pfn = 0x7ffe0 max_arch_pfn = 0x10000000000
[    0.000000] kvm-clock: Using msrs 4b564d01 and 4b564d00
[    0.000003] kvm-clock: using sched offset of 691198588 cycles
[    0.000514] clocksource: kvm-clock: mask: 0xffffffffffffffff max_cycles: 0x1cd42e4dffb, max_idle_ns: 881590591483 ns
[    0.002097] tsc: Detected 1700.000 MHz processor
[    0.010140] last_pfn = 0x7ffe0 max_arch_pfn = 0x10000000000
[    0.010723] MTRR map: 4 entries (3 fixed + 1 variable; max 19), built from 8 variable MTRRs
[    0.011546] x86/PAT: Configuration [0-7]: WB  WC  UC- UC  WB  WP  UC- WT  
[    0.017428] found SMP MP-table at [mem 0x000f5ba0-0x000f5baf]
[    0.018015] Using GB pages for direct mapping
[    0.020503] ACPI: Early table checksum verification disabled
[    0.021054] ACPI: RSDP 0x00000000000F59C0 000014 (v00 BOCHS )
[    0.021626] ACPI: RSDT 0x000000007FFE1951 000034 (v01 BOCHS  BXPC     00000001 BXPC 00000001)
[    0.022468] ACPI: FACP 0x000000007FFE17FD 000074 (v01 BOCHS  BXPC     00000001 BXPC 00000001)
[    0.023312] ACPI: DSDT 0x000000007FFE0040 0017BD (v01 BOCHS  BXPC     00000001 BXPC 00000001)
[    0.024151] ACPI: FACS 0x000000007FFE0000 000040
[    0.024616] ACPI: APIC 0x000000007FFE1871 000080 (v01 BOCHS  BXPC     00000001 BXPC 00000001)
[    0.025457] ACPI: HPET 0x000000007FFE18F1 000038 (v01 BOCHS  BXPC     00000001 BXPC 00000001)
[    0.026297] ACPI: WAET 0x000000007FFE1929 000028 (v01 BOCHS  BXPC     00000001 BXPC 00000001)
[    0.027131] ACPI: Reserving FACP table memory at [mem 0x7ffe17fd-0x7ffe1870]
[    0.027814] ACPI: Reserving DSDT table memory at [mem 0x7ffe0040-0x7ffe17fc]
[    0.028499] ACPI: Reserving FACS table memory at [mem 0x7ffe0000-0x7ffe003f]
[    0.029179] ACPI: Reserving APIC table memory at [mem 0x7ffe1871-0x7ffe18f0]
[    0.029867] ACPI: Reserving HPET table memory at [mem 0x7ffe18f1-0x7ffe1928]
[    0.030549] ACPI: Reserving WAET table memory at [mem 0x7ffe1929-0x7ffe1950]
[    0.032054] No NUMA configuration found
[    0.032433] Faking a node at [mem 0x0000000000000000-0x000000007ffdffff]
[    0.033133] NODE_DATA(0) allocated [mem 0x7ffb4ec0-0x7ffdfcbf]
[    0.034740] Zone ranges:
[    0.035016]   DMA      [mem 0x0000000000001000-0x0000000000ffffff]
[    0.035628]   DMA32    [mem 0x0000000001000000-0x000000007ffdffff]
[    0.036231]   Normal   empty
[    0.036519]   Device   empty
[    0.036804] Movable zone start for each node
[    0.037233] Early memory node ranges
[    0.037582]   node   0: [mem 0x0000000000001000-0x000000000009efff]
[    0.038193]   node   0: [mem 0x0000000000100000-0x000000007ffdffff]
[    0.038807] Initmem setup node 0 [mem 0x0000000000001000-0x000000007ffdffff]
[    0.039780] On node 0, zone DMA: 1 pages in unavailable ranges
[    0.040529] On node 0, zone DMA: 97 pages in unavailable ranges
[    0.066945] On node 0, zone DMA32: 32 pages in unavailable ranges
[    0.120848] KernelAddressSanitizer initialized (generic)
[    0.121675] ACPI: PM-Timer IO Port: 0x608
[    0.122092] ACPI: LAPIC_NMI (acpi_id[0xff] dfl dfl lint[0x1])
[    0.122712] IOAPIC[0]: apic_id 0, version 17, address 0xfec00000, GSI 0-23
[    0.123398] ACPI: INT_SRC_OVR (bus 0 bus_irq 0 global_irq 2 dfl dfl)
[    0.124015] ACPI: INT_SRC_OVR (bus 0 bus_irq 5 global_irq 5 high level)
[    0.124664] ACPI: INT_SRC_OVR (bus 0 bus_irq 9 global_irq 9 high level)
[    0.125309] ACPI: INT_SRC_OVR (bus 0 bus_irq 10 global_irq 10 high level)
[    0.125965] ACPI: INT_SRC_OVR (bus 0 bus_irq 11 global_irq 11 high level)
[    0.126637] ACPI: Using ACPI (MADT) for SMP configuration information
[    0.127262] ACPI: HPET id: 0x8086a201 base: 0xfed00000
[    0.127770] TSC deadline timer available
[    0.128159] CPU topo: Max. logical packages:   1
[    0.128611] CPU topo: Max. logical dies:       1
[    0.129060] CPU topo: Max. dies per package:   1
[    0.129521] CPU topo: Max. threads per core:   1
[    0.129973] CPU topo: Num. cores per package:     2
[    0.130449] CPU topo: Num. threads per package:   2
[    0.130919] CPU topo: Allowing 2 present CPUs plus 0 hotplug CPUs
[    0.131560] kvm-guest: APIC: eoi() replaced with kvm_guest_apic_eoi_write()
[    0.132259] kvm-guest: KVM setup pv remote TLB flush
[    0.132743] kvm-guest: setup PV sched yield
[    0.133191] PM: hibernation: Registered nosave memory: [mem 0x00000000-0x00000fff]
[    0.133932] PM: hibernation: Registered nosave memory: [mem 0x0009f000-0x000fffff]
[    0.134673] [gap 0x80000000-0xfeffbfff] available for PCI devices
[    0.135261] Booting paravirtualized kernel on KVM
[    0.135725] clocksource: refined-jiffies: mask: 0xffffffff max_cycles: 0xffffffff, max_idle_ns: 7645519600211568 ns
[    0.136754] setup_percpu: NR_CPUS:8192 nr_cpumask_bits:2 nr_cpu_ids:2 nr_node_ids:1
[    0.137993] percpu: Embedded 81 pages/cpu s294912 r8192 d28672 u1048576
[    0.138824] kvm-guest: PV spinlocks enabled
[    0.139243] PV qspinlock hash table entries: 256 (order: 0, 4096 bytes, linear)
[    0.139969] Kernel command line: net.ifnames=0 console=ttyS0 root=/dev/sda earlyprintk=serial net.ifnames=0 thunderbolt.dyndbg
[    0.141359] random: crng init done
[    0.141696] printk: log buffer data + meta data: 262144 + 917504 = 1179648 bytes
[    0.142818] Dentry cache hash table entries: 262144 (order: 9, 2097152 bytes, linear)
[    0.143944] Inode-cache hash table entries: 131072 (order: 8, 1048576 bytes, linear)
[    0.144979] Fallback order for Node 0: 0 
[    0.144989] Built 1 zonelists, mobility grouping on.  Total pages: 524158
[    0.146004] Policy zone: DMA32
[    0.146299] mem auto-init: stack:off, heap alloc:off, heap free:off
[    0.146887] stackdepot: allocating hash table via alloc_large_system_hash
[    0.147535] stackdepot hash table entries: 1048576 (order: 12, 16777216 bytes, linear)
[    0.151278] stackdepot: allocating space for 8192 stack pools via memblock
[    0.187540] SLUB: HWalign=64, Order=0-3, MinObjects=0, CPUs=2, Nodes=1
[    0.188157] kmemleak: Kernel memory leak detector disabled
[    0.223999] ftrace: allocating 75628 entries in 296 pages
[    0.224520] ftrace: allocated 296 pages with 3 groups
[    0.227650] Dynamic Preempt: lazy
[    0.228453] Running RCU self tests
[    0.228780] Running RCU synchronous self tests
[    0.229204] rcu: Preemptible hierarchical RCU implementation.
[    0.229753] rcu: 	RCU lockdep checking is enabled.
[    0.230209] rcu: 	RCU restricting CPUs from NR_CPUS=8192 to nr_cpu_ids=2.
[    0.230859] 	Trampoline variant of Tasks RCU enabled.
[    0.231342] 	Rude variant of Tasks RCU enabled.
[    0.231772] 	Tracing variant of Tasks RCU enabled.
[    0.232225] rcu: RCU calculated value of scheduler-enlistment delay is 25 jiffies.
[    0.232946] rcu: Adjusting geometry for rcu_fanout_leaf=16, nr_cpu_ids=2
[    0.233665] Running RCU synchronous self tests
[    0.234091] RCU Tasks: Setting shift to 1 and lim to 1 rcu_task_cb_adjust=1 rcu_task_cpu_ids=2.
[    0.234916] RCU Tasks Rude: Setting shift to 1 and lim to 1 rcu_task_cb_adjust=1 rcu_task_cpu_ids=2.
[    0.304841] NR_IRQS: 524544, nr_irqs: 440, preallocated irqs: 16
[    0.305958] rcu: srcu_init: Setting srcu_struct sizes based on contention.
[    0.315404] Console: colour VGA+ 80x25
[    0.315847] printk: legacy console [ttyS0] enabled
[    0.315847] printk: legacy console [ttyS0] enabled
[    0.316773] printk: legacy bootconsole [earlyser0] disabled
[    0.316773] printk: legacy bootconsole [earlyser0] disabled
[    0.317857] Lock dependency validator: Copyright (c) 2006 Red Hat, Inc., Ingo Molnar
[    0.318606] ... MAX_LOCKDEP_SUBCLASSES:  8
[    0.319006] ... MAX_LOCK_DEPTH:          48
[    0.319423] ... MAX_LOCKDEP_KEYS:        8192
[    0.319852] ... CLASSHASH_SIZE:          4096
[    0.320284] ... MAX_LOCKDEP_ENTRIES:     32768
[    0.320724] ... MAX_LOCKDEP_CHAINS:      65536
[    0.321163] ... CHAINHASH_SIZE:          32768
[    0.321602]  memory used by lock dependency info: 6429 kB
[    0.322128]  memory used for stack traces: 4224 kB
[    0.322992]  per task-struct memory footprint: 1920 bytes
[    0.323648] ACPI: Core revision 20251212
[    0.324470] clocksource: hpet: mask: 0xffffffff max_cycles: 0xffffffff, max_idle_ns: 19112604467 ns
[    0.325528] APIC: Switch to symmetric I/O mode setup
[    0.326200] x2apic enabled
[    0.326869] APIC: Switched APIC routing to: physical x2apic
[    0.327422] kvm-guest: APIC: send_IPI_mask() replaced with kvm_send_ipi_mask()
[    0.328134] kvm-guest: APIC: send_IPI_mask_allbutself() replaced with kvm_send_ipi_mask_allbutself()
[    0.329022] kvm-guest: setup PV IPIs
[    0.330551] ..TIMER: vector=0x30 apic1=0 pin1=2 apic2=-1 pin2=-1
[    0.331158] clocksource: tsc-early: mask: 0xffffffffffffffff max_cycles: 0x1881273ac8e, max_idle_ns: 440795257284 ns
[    0.332183] Calibrating delay loop (skipped) preset value.. 3400.00 BogoMIPS (lpj=6800000)
[    0.333145] x86/cpu: User Mode Instruction Prevention (UMIP) activated
[    0.336297] Last level iTLB entries: 4KB 0, 2MB 0, 4MB 0
[    0.336819] Last level dTLB entries: 4KB 0, 2MB 0, 4MB 0, 1GB 0
[    0.337412] mitigations: Enabled attack vectors: user_kernel, user_user, guest_host, guest_guest, SMT mitigations: auto
[    0.338462] Speculative Store Bypass: Mitigation: Speculative Store Bypass disabled via prctl
[    0.339280] Spectre V2 : Mitigation: Enhanced / Automatic IBRS
[    0.340174] ITS: Mitigation: Aligned branch/return thunks
[    0.340703] Spectre V1 : Mitigation: usercopy/swapgs barriers and __user pointer sanitization
[    0.341523] Spectre V2 : WARNING: Unprivileged eBPF is enabled with eIBRS on, data leaks possible via Spectre v2 BHB attacks!
[    0.342603] Spectre V2 : Spectre v2 / PBRSB-eIBRS: Retire a single CALL on VMEXIT
[    0.343332] Spectre V2 : mitigation: Enabling conditional Indirect Branch Prediction Barrier
[    0.344177] active return thunk: its_return_thunk
[    0.344650] Spectre V2 : Spectre BHI mitigation: SW BHB clearing on syscall and VM exit
[    0.345479] x86/fpu: Supporting XSAVE feature 0x001: 'x87 floating point registers'
[    0.346229] x86/fpu: Supporting XSAVE feature 0x002: 'SSE registers'
[    0.346850] x86/fpu: Supporting XSAVE feature 0x004: 'AVX registers'
[    0.347473] x86/fpu: Supporting XSAVE feature 0x020: 'AVX-512 opmask'
[    0.348110] x86/fpu: Supporting XSAVE feature 0x040: 'AVX-512 Hi256'
[    0.348173] x86/fpu: Supporting XSAVE feature 0x080: 'AVX-512 ZMM_Hi256'
[    0.348827] x86/fpu: Supporting XSAVE feature 0x200: 'Protection Keys User registers'
[    0.349592] x86/fpu: Supporting XSAVE feature 0x20000: 'AMX Tile config'
[    0.350247] x86/fpu: Supporting XSAVE feature 0x40000: 'AMX Tile data'
[    0.350887] x86/fpu: xstate_offset[2]:  576, xstate_sizes[2]:  256
[    0.351496] x86/fpu: xstate_offset[5]:  832, xstate_sizes[5]:   64
[    0.352173] x86/fpu: xstate_offset[6]:  896, xstate_sizes[6]:  512
[    0.352783] x86/fpu: xstate_offset[7]: 1408, xstate_sizes[7]: 1024
[    0.353386] x86/fpu: xstate_offset[9]: 2432, xstate_sizes[9]:    8
[    0.353995] x86/fpu: xstate_offset[17]: 2496, xstate_sizes[17]:   64
[    0.354618] x86/fpu: xstate_offset[18]: 2560, xstate_sizes[18]: 8192
[    0.355239] x86/fpu: Enabled xstate features 0x602e7, context size is 10752 bytes, using 'compacted' format.
[    0.504686] Freeing SMP alternatives memory: 64K
[    0.505179] pid_max: default: 32768 minimum: 301
[    0.505999] Yama: becoming mindful.
[    0.506770] Mount-cache hash table entries: 4096 (order: 3, 32768 bytes, linear)
[    0.507506] Mountpoint-cache hash table entries: 4096 (order: 3, 32768 bytes, linear)
[    0.508726] VFS: Finished mounting rootfs on nullfs
[    0.510370] Running RCU synchronous self tests
[    0.510814] Running RCU synchronous self tests
[    0.511573] smpboot: CPU0: Intel(R) Xeon(R) Gold 6414TDX (family: 0x6, model: 0x8f, stepping: 0x6)
[    0.512169] Performance Events: PEBS fmt0-, Sapphire Rapids events, full-width counters, Intel PMU driver.
[    0.512169] ... version:                   2
[    0.512169] ... bit width:                 48
[    0.512169] ... generic counters:          8
[    0.512186] ... generic bitmap:            00000000000000ff
[    0.512733] ... fixed-purpose counters:    4
[    0.513155] ... fixed-purpose bitmap:      000000000000000f
[    0.513702] ... value mask:                0000ffffffffffff
[    0.514250] ... max period:                00007fffffffffff
[    0.514797] ... global_ctrl mask:          0000000f000000ff
[    0.515854] signal: max sigframe size: 11952
[    0.516329] rcu: Hierarchical SRCU implementation.
[    0.516803] rcu: 	Max phase no-delay instances is 1000.
[    0.517524] Timer migration: 1 hierarchy levels; 8 children per group; 1 crossnode level
[    0.541461] smp: Bringing up secondary CPUs ...
[    0.542486] smpboot: x86: Booting SMP configuration:
[    0.542990] .... node  #0, CPUs:      #1
[    0.543148] smp: Brought up 1 node, 2 CPUs
[    0.544602] smpboot: Total of 2 processors activated (6800.00 BogoMIPS)
[    0.545958] Memory: 1591804K/2096632K available (81244K kernel code, 15646K rwdata, 18912K rodata, 16500K init, 20680K bss, 493188K reserved, 0K cma-reserved)
[    0.548184] devtmpfs: initialized
[    0.549355] x86/mm: Memory block size: 128MB
[    0.561155] Running RCU synchronous self tests
[    0.561543] Running RCU synchronous self tests
[    0.562101] Running RCU Tasks wait API self tests
[    0.562101] Running RCU Tasks Rude wait API self tests
[    0.564186] Running RCU Tasks Trace wait API self tests
[    0.564843] clocksource: jiffies: mask: 0xffffffff max_cycles: 0xffffffff, max_idle_ns: 7645041785100000 ns
[    0.565849] posixtimers hash table entries: 1024 (order: 5, 73728 bytes, linear)
[    0.566630] futex hash table entries: 512 (65536 bytes on 1 NUMA nodes, total 64 KiB, linear).
[    0.570213] 
[    0.570393] *************************************************************
[    0.571067] **     NOTICE NOTICE NOTICE NOTICE NOTICE NOTICE NOTICE    **
[    0.571739] **                                                         **
[    0.572220] **  IOMMU DebugFS SUPPORT HAS BEEN ENABLED IN THIS KERNEL  **
[    0.572894] **                                                         **
[    0.573567] ** This means that this kernel is built to expose internal **
[    0.574238] ** IOMMU data structures, which may compromise security on **
[    0.574913] ** your system.                                            **
[    0.575589] **                                                         **
[    0.576235] ** If you see this message and you are not debugging the   **
[    0.576908] ** kernel, report this immediately to your vendor!         **
[    0.577581] **                                                         **
[    0.578252] **     NOTICE NOTICE NOTICE NOTICE NOTICE NOTICE NOTICE    **
[    0.578922] *************************************************************
[    0.579674] PM: RTC time: 12:03:40, date: 2026-03-12
[    0.582604] NET: Registered PF_NETLINK/PF_ROUTE protocol family
[    0.584981] DMA: preallocated 256 KiB GFP_KERNEL|GFP_DMA pool for atomic allocations
[    0.585770] DMA: preallocated 256 KiB GFP_KERNEL|GFP_DMA32 pool for atomic allocations
[    0.586643] audit: initializing netlink subsys (disabled)
[    0.587227] Callback from call_rcu_tasks_trace() invoked.
[    0.587837] audit: type=2000 audit(1773317021.112:1): state=initialized audit_enabled=0 res=1
[    0.589504] thermal_sys: Registered thermal governor 'fair_share'
[    0.589513] thermal_sys: Registered thermal governor 'bang_bang'
[    0.590124] thermal_sys: Registered thermal governor 'step_wise'
[    0.590724] thermal_sys: Registered thermal governor 'user_space'
[    0.591396] cpuidle: using governor ladder
[    0.592191] cpuidle: using governor menu
[    0.592964] acpiphp: ACPI Hot Plug PCI Controller Driver version: 0.5
[    0.594557] PCI: Using configuration type 1 for base access
[    0.596084] kprobes: kprobe jump-optimization is enabled. All kprobes are optimized if possible.
[    0.600639] HugeTLB: registered 1.00 GiB page size, pre-allocated 0 pages
[    0.601018] HugeTLB: 16380 KiB vmemmap can be freed for a 1.00 GiB page
[    0.601679] HugeTLB: registered 2.00 MiB page size, pre-allocated 0 pages
[    0.602357] HugeTLB: 28 KiB vmemmap can be freed for a 2.00 MiB page
[    0.638215] ACPI: Added _OSI(Module Device)
[    0.638655] ACPI: Added _OSI(Processor Device)
[    0.639110] ACPI: Added _OSI(Processor Aggregator Device)
[    0.680807] ACPI: 1 ACPI AML tables successfully acquired and loaded
[    0.694667] ACPI: \_SB_: platform _OSC: OS support mask [002e7eff]
[    0.698032] ACPI: Interpreter enabled
[    0.698549] ACPI: PM: (supports S0 S3 S4 S5)
[    0.698984] ACPI: Using IOAPIC for interrupt routing
[    0.699600] PCI: Using host bridge windows from ACPI; if necessary, use "pci=nocrs" and report a bug
[    0.708175] PCI: Using E820 reservations for host bridge windows
[    0.710093] ACPI: Enabled 2 GPEs in block 00 to 0F
[    0.794533] ACPI: PCI Root Bridge [PCI0] (domain 0000 [bus 00-ff])
[    0.795193] acpi PNP0A03:00: _OSC: OS supports [ASPM ClockPM Segments MSI EDR HPX-Type3]
[    0.796002] acpi PNP0A03:00: _OSC: not requesting OS control; OS requires [ExtendedConfig ASPM ClockPM MSI]
[    0.804233] acpi PNP0A03:00: _OSC: platform retains control of PCIe features (AE_ERROR)
[    0.805135] acpi PNP0A03:00: fail to add MMCONFIG information, can't access extended configuration space under this bridge
[    0.811395] acpiphp: Slot [3] registered
[    0.811958] acpiphp: Slot [4] registered
[    0.812384] acpiphp: Slot [5] registered
[    0.812932] acpiphp: Slot [6] registered
[    0.813485] acpiphp: Slot [7] registered
[    0.814026] acpiphp: Slot [8] registered
[    0.814565] acpiphp: Slot [9] registered
[    0.815111] acpiphp: Slot [10] registered
[    0.815659] acpiphp: Slot [11] registered
[    0.816220] acpiphp: Slot [12] registered
[    0.816771] acpiphp: Slot [13] registered
[    0.817322] acpiphp: Slot [14] registered
[    0.817871] acpiphp: Slot [15] registered
[    0.818434] acpiphp: Slot [16] registered
[    0.818984] acpiphp: Slot [17] registered
[    0.819537] acpiphp: Slot [18] registered
[    0.820088] acpiphp: Slot [19] registered
[    0.820327] acpiphp: Slot [20] registered
[    0.820875] acpiphp: Slot [21] registered
[    0.821430] acpiphp: Slot [22] registered
[    0.821977] acpiphp: Slot [23] registered
[    0.822540] acpiphp: Slot [24] registered
[    0.823089] acpiphp: Slot [25] registered
[    0.823643] acpiphp: Slot [26] registered
[    0.824205] acpiphp: Slot [27] registered
[    0.824763] acpiphp: Slot [28] registered
[    0.825313] acpiphp: Slot [29] registered
[    0.825867] acpiphp: Slot [30] registered
[    0.826418] acpiphp: Slot [31] registered
[    0.826891] PCI host bridge to bus 0000:00
[    0.827368] pci_bus 0000:00: root bus resource [io  0x0000-0x0cf7 window]
[    0.828046] pci_bus 0000:00: root bus resource [io  0x0d00-0xffff window]
[    0.828178] pci_bus 0000:00: root bus resource [mem 0x000a0000-0x000bffff window]
[    0.828929] pci_bus 0000:00: root bus resource [mem 0x80000000-0xfebfffff window]
[    0.829677] pci_bus 0000:00: root bus resource [mem 0x100000000-0x17fffffff window]
[    0.830443] pci_bus 0000:00: root bus resource [bus 00-ff]
[    0.831105] pci 0000:00:00.0: [8086:1237] type 00 class 0x060000 conventional PCI endpoint
[    0.841749] pci 0000:00:01.0: [8086:7000] type 00 class 0x060100 conventional PCI endpoint
[    0.844088] pci 0000:00:01.1: [8086:7010] type 00 class 0x010180 conventional PCI endpoint
[    0.844772] pci 0000:00:01.1: BAR 4 [io  0xc040-0xc04f]
[    0.845335] pci 0000:00:01.1: BAR 0 [io  0x01f0-0x01f7]: legacy IDE quirk
[    0.846007] pci 0000:00:01.1: BAR 1 [io  0x03f6]: legacy IDE quirk
[    0.846629] pci 0000:00:01.1: BAR 2 [io  0x0170-0x0177]: legacy IDE quirk
[    0.847304] pci 0000:00:01.1: BAR 3 [io  0x0376]: legacy IDE quirk
[    0.848515] pci 0000:00:01.3: [8086:7113] type 00 class 0x068000 conventional PCI endpoint
[    0.849662] pci 0000:00:01.3: quirk: [io  0x0600-0x063f] claimed by PIIX4 ACPI
[    0.850389] pci 0000:00:01.3: quirk: [io  0x0700-0x070f] claimed by PIIX4 SMB
[    0.851702] pci 0000:00:02.0: [1234:1111] type 00 class 0x030000 conventional PCI endpoint
[    0.853253] pci 0000:00:02.0: BAR 0 [mem 0xfd000000-0xfdffffff pref]
[    0.853913] pci 0000:00:02.0: BAR 2 [mem 0xfebf0000-0xfebf0fff]
[    0.854528] pci 0000:00:02.0: ROM [mem 0xfebe0000-0xfebeffff pref]
[    0.855253] pci 0000:00:02.0: Video device with shadowed ROM at [mem 0x000c0000-0x000dffff]
[    0.865240] pci 0000:00:03.0: [8086:100e] type 00 class 0x020000 conventional PCI endpoint
[    0.866958] pci 0000:00:03.0: BAR 0 [mem 0xfebc0000-0xfebdffff]
[    0.867560] pci 0000:00:03.0: BAR 1 [io  0xc000-0xc03f]
[    0.868121] pci 0000:00:03.0: ROM [mem 0xfeb80000-0xfebbffff pref]
[    0.895774] ACPI: PCI: Interrupt link LNKA configured for IRQ 10
[    0.897194] ACPI: PCI: Interrupt link LNKB configured for IRQ 10
[    0.898760] ACPI: PCI: Interrupt link LNKC configured for IRQ 11
[    0.900329] ACPI: PCI: Interrupt link LNKD configured for IRQ 11
[    0.901332] ACPI: PCI: Interrupt link LNKS configured for IRQ 9
[    0.908240] iommu: Default domain type: Translated
[    0.908754] iommu: DMA domain TLB invalidation policy: lazy mode
[    0.914301] SCSI subsystem initialized
[    0.916589] ACPI: bus type USB registered
[    0.917239] usbcore: registered new interface driver usbfs
[    0.917890] usbcore: registered new interface driver hub
[    0.918488] usbcore: registered new device driver usb
[    0.919352] pps_core: LinuxPPS API ver. 1 registered
[    0.919851] pps_core: Software ver. 5.3.6 - Copyright 2005-2007 Rodolfo Giometti <giometti@linux.it>
[    0.920209] PTP clock support registered
[    0.928241] EDAC MC: Ver: 3.0.0
[    0.930813] NetLabel: Initializing
[    0.931181] NetLabel:  domain hash size = 128
[    0.931621] NetLabel:  protocols = UNLABELED CIPSOv4 CALIPSO
[    0.932323] NetLabel:  unlabeled traffic allowed by default
[    0.933394] PCI: Using ACPI for IRQ routing
[    0.933916] e820: register RAM buffer resource [mem 0x0009fc00-0x0009ffff]
[    0.934607] e820: register RAM buffer resource [mem 0x7ffe0000-0x7fffffff]
[    0.935948] pci 0000:00:02.0: vgaarb: setting as boot VGA device
[    0.936169] pci 0000:00:02.0: vgaarb: bridge control possible
[    0.936169] pci 0000:00:02.0: vgaarb: VGA device added: decodes=io+mem,owns=io+mem,locks=none
[    0.936177] vgaarb: loaded
[    0.936956] hpet0: at MMIO 0xfed00000, IRQs 2, 8, 0
[    0.937467] hpet0: 3 comparators, 64-bit 100.000000 MHz counter
[    0.944169] clocksource: Switched to clocksource kvm-clock
[    0.944169] VFS: Disk quotas dquot_6.6.0
[    0.944169] VFS: Dquot-cache hash table entries: 512 (order 0, 4096 bytes)
[    0.955031] pnp: PnP ACPI init
[    0.959633] pnp: PnP ACPI: found 6 devices
[    0.981103] clocksource: acpi_pm: mask: 0xffffff max_cycles: 0xffffff, max_idle_ns: 2085701024 ns
[    0.982492] NET: Registered PF_INET protocol family
[    0.983124] IP idents hash table entries: 32768 (order: 6, 262144 bytes, linear)
[    0.985251] tcp_listen_portaddr_hash hash table entries: 1024 (order: 5, 73728 bytes, linear)
[    0.986197] Table-perturb hash table entries: 65536 (order: 6, 262144 bytes, linear)
[    0.987024] TCP established hash table entries: 16384 (order: 5, 131072 bytes, linear)
[    0.988174] TCP bind hash table entries: 16384 (order: 10, 2359296 bytes, linear)
[    0.990107] TCP: Hash tables configured (established 16384 bind 16384)
[    0.990880] UDP hash table entries: 1024 (order: 6, 262144 bytes, linear)
[    0.991625] UDP-Lite hash table entries: 1024 (order: 6, 262144 bytes, linear)
[    0.992691] NET: Registered PF_UNIX/PF_LOCAL protocol family
[    0.998179] RPC: Registered named UNIX socket transport module.
[    0.998809] RPC: Registered udp transport module.
[    0.999292] RPC: Registered tcp transport module.
[    0.999762] RPC: Registered tcp-with-tls transport module.
[    1.000314] RPC: Registered tcp NFSv4.1 backchannel transport module.
[    1.000971] pci_bus 0000:00: resource 4 [io  0x0000-0x0cf7 window]
[    1.001618] pci_bus 0000:00: resource 5 [io  0x0d00-0xffff window]
[    1.002239] pci_bus 0000:00: resource 6 [mem 0x000a0000-0x000bffff window]
[    1.002922] pci_bus 0000:00: resource 7 [mem 0x80000000-0xfebfffff window]
[    1.003614] pci_bus 0000:00: resource 8 [mem 0x100000000-0x17fffffff window]
[    1.004687] pci 0000:00:01.0: PIIX3: Enabling Passive Release
[    1.005276] pci 0000:00:00.0: Limiting direct PCI/PCI transfers
[    1.005999] PCI: CLS 0 bytes, default 64
[    1.006515] ACPI: bus type thunderbolt registered
[    1.007398] clocksource: tsc: mask: 0xffffffffffffffff max_cycles: 0x1881273ac8e, max_idle_ns: 440795257284 ns
[    1.009642] sgx: There are zero EPC sections.
[    3.495568] Initialise system trusted keyrings
[    3.496140] Key type blacklist registered
[    3.496981] workingset: timestamp_bits=36 max_order=19 bucket_order=0
[    3.499705] squashfs: version 4.0 (2009/01/31) Phillip Lougher
[    3.501992] NFS: Registering the id_resolver key type
[    3.502527] Key type id_resolver registered
[    3.502944] Key type id_legacy registered
[    3.503386] nfs4filelayout_init: NFSv4 File Layout Driver Registering...
[    3.504070] nfs4flexfilelayout_init: NFSv4 Flexfile Layout Driver Registering...
[    3.505186] fuse: init (API version 7.45)
[    3.506236] SGI XFS with ACLs, security attributes, realtime, quota, no debug enabled
[    3.508730] 9p: Installing v9fs 9p2000 file system support
[    3.524326] Key type asymmetric registered
[    3.524830] Asymmetric key parser 'x509' registered
[    3.525464] Block layer SCSI generic (bsg) driver version 0.4 loaded (major 241)
[    3.526406] Callback from call_rcu_tasks() invoked.
[    3.527023] io scheduler mq-deadline registered
[    3.527668] io scheduler bfq registered
[    3.528588] ledtrig-cpu: registered to indicate activity on CPUs
[    3.530925] IPMI message handler: version 39.2
[    3.531528] ipmi device interface
[    3.534122] input: Power Button as /devices/platform/LNXPWRBN:00/input/input0
[    3.535213] ACPI: button: Power Button [PWRF]
[    3.537198] ERST DBG: ERST support is disabled.
[    3.539127] Serial: 8250/16550 driver, 32 ports, IRQ sharing enabled
[    3.541032] 00:04: ttyS0 at I/O 0x3f8 (irq = 4, base_baud = 115200) is a 16550A
[    3.572444] Linux agpgart interface v0.103
[    3.575425] ACPI: bus type drm_connector registered
[    3.602574] brd: module loaded
[    3.619588] loop: module loaded
[    3.629895] scsi host0: ata_piix
[    3.631398] scsi host1: ata_piix
[    3.632284] ata1: PATA max MWDMA2 cmd 0x1f0 ctl 0x3f6 bmdma 0xc040 irq 14 lpm-pol 0
[    3.633052] ata2: PATA max MWDMA2 cmd 0x170 ctl 0x376 bmdma 0xc048 irq 15 lpm-pol 0
[    3.636932] tun: Universal TUN/TAP device driver, 1.6
[    3.637857] e100: Intel(R) PRO/100 Network Driver
[    3.638330] e100: Copyright(c) 1999-2006 Intel Corporation
[    3.639082] e1000: Intel(R) PRO/1000 Network Driver
[    3.639574] e1000: Copyright (c) 1999-2006 Intel Corporation.
[    3.789841] ata2: found unknown device (class 0)
[    3.790932] ata2.00: ATAPI: QEMU DVD-ROM, 2.5+, max UDMA/100
[    3.792169] ata1: found unknown device (class 0)
[    3.793138] ata1.00: ATA-7: QEMU HARDDISK, 2.5+, max UDMA/100
[    3.793731] ata1.00: 17196647 sectors, multi 16: LBA48 
[    3.795388] scsi 0:0:0:0: Direct-Access     ATA      QEMU HARDDISK    2.5+ PQ: 0 ANSI: 5
[    3.798306] sd 0:0:0:0: Attached scsi generic sg0 type 0
[    3.799937] scsi 1:0:0:0: CD-ROM            QEMU     QEMU DVD-ROM     2.5+ PQ: 0 ANSI: 5
[    3.801795] sd 0:0:0:0: [sda] 17196647 512-byte logical blocks: (8.80 GB/8.20 GiB)
[    3.802747] sd 0:0:0:0: [sda] Write Protect is off
[    3.803497] sd 0:0:0:0: [sda] Write cache: enabled, read cache: enabled, doesn't support DPO or FUA
[    3.804487] sd 0:0:0:0: [sda] Preferred minimum I/O size 512 bytes
[    3.823862] scsi 1:0:0:0: Attached scsi generic sg1 type 5
[    3.837889] sd 0:0:0:0: [sda] Attached SCSI disk
[    4.471984] ACPI: \_SB_.LNKC: Enabled at IRQ 11
[    4.786229] e1000 0000:00:03.0 eth0: (PCI:33MHz:32-bit) 52:54:00:12:34:56
[    4.786964] e1000 0000:00:03.0 eth0: Intel(R) PRO/1000 Network Connection
[    4.787826] e1000e: Intel(R) PRO/1000 Network Driver
[    4.788325] e1000e: Copyright(c) 1999 - 2015 Intel Corporation.
[    4.789079] igb: Intel(R) Gigabit Ethernet Network Driver
[    4.789636] igb: Copyright (c) 2007-2014 Intel Corporation.
[    4.790591] PPP generic driver version 2.4.2
[    4.791950] VFIO - User Level meta-driver version: 0.3
[    4.793740] usbcore: registered new interface driver uas
[    4.794403] usbcore: registered new interface driver usb-storage
[    4.795287] i8042: PNP: PS/2 Controller [PNP0303:KBD,PNP0f13:MOU] at 0x60,0x64 irq 1,12
[    4.797086] serio: i8042 KBD port at 0x60,0x64 irq 1
[    4.797691] serio: i8042 AUX port at 0x60,0x64 irq 12
[    4.799491] mousedev: PS/2 mouse device common for all mice
[    4.801238] rtc_cmos 00:05: RTC can wake from S4
[    4.803520] input: AT Translated Set 2 keyboard as /devices/platform/i8042/serio0/input/input1
[    4.804228] rtc_cmos 00:05: registered as rtc0
[    4.804970] rtc_cmos 00:05: setting system clock to 2026-03-12T12:03:44 UTC (1773317024)
[    4.806289] input: VirtualPS/2 VMware VMMouse as /devices/platform/i8042/serio1/input/input4
[    4.806493] rtc_cmos 00:05: alarms up to one day, y3k, 242 bytes nvram, hpet irqs
[    4.808041] i2c_dev: i2c /dev entries driver
[    4.808340] input: VirtualPS/2 VMware VMMouse as /devices/platform/i8042/serio1/input/input3
[    4.808604] device-mapper: core: CONFIG_IMA_DISABLE_HTABLE is disabled. Duplicate IMA measurements will not be recorded in the IMA log.
[    4.810570] device-mapper: uevent: version 1.0.3
[    4.811604] device-mapper: ioctl: 4.50.0-ioctl (2025-04-28) initialised: dm-devel@lists.linux.dev
[    4.812493] intel_pstate: CPU model not supported
[    4.813222] sdhci: Secure Digital Host Controller Interface driver
[    4.813851] sdhci: Copyright(c) Pierre Ossman
[    4.814503] sdhci-pltfm: SDHCI platform and OF driver helper
[    4.815696] drop_monitor: Initializing network drop monitor service
[    4.816683] NET: Registered PF_INET6 protocol family
[    4.818841] Segment Routing with IPv6
[    4.819281] In-situ OAM (IOAM) with IPv6
[    4.819734] NET: Registered PF_PACKET protocol family
[    4.820460] 9pnet: Installing 9P2000 support
[    4.821028] Key type dns_resolver registered
[    4.823111] IPI shorthand broadcast: enabled
[    4.890252] sched_clock: Marking stable (4868004357, 21553044)->(4894855471, -5298070)
[    4.891965] registered taskstats version 1
[    4.892881] Loading compiled-in X.509 certificates
[    4.982064] Demotion targets for Node 0: null
[    4.983773] Key type .fscrypt registered
[    4.984175] Key type fscrypt-provisioning registered
[    4.987176] Key type encrypted registered
[    4.987628] ima: No TPM chip found, activating TPM-bypass!
[    4.988205] ima: Allocated hash algorithm: sha1
[    4.988722] ima: No architecture policies found
[    4.989342] evm: Initialising EVM extended attributes:
[    4.989873] evm: security.selinux
[    4.990212] evm: security.SMACK64
[    4.990547] evm: security.SMACK64EXEC
[    4.990914] evm: security.SMACK64TRANSMUTE
[    4.991326] evm: security.SMACK64MMAP
[    4.991694] evm: security.apparmor
[    4.992041] evm: security.ima
[    4.992344] evm: security.capability
[    4.992706] evm: HMAC attrs: 0x1
[    4.995662] PM:   Magic number: 2:667:76
[    4.996896] RAS: Correctable Errors collector initialized.
[    4.997923] clk: Disabling unused clocks
[    4.998340] PM: genpd: Disabling unused power domains
[    4.999446] check access for rdinit=/init failed: -2, ignoring
[    4.999841] md: Waiting for all devices to be available before autodetect
[    5.000302] md: If you don't use raid, use raid=noautodetect
[    5.000679] md: Autodetecting RAID arrays.
[    5.000969] md: autorun ...
[    5.001161] md: ... autorun DONE.
[    5.007137] EXT4-fs (sda): INFO: recovery required on readonly filesystem
[    5.007623] EXT4-fs (sda): write access will be enabled during recovery
[    5.145271] EXT4-fs (sda): recovery complete
[    5.146929] EXT4-fs (sda): mounted filesystem 088740a9-c8b4-422c-999d-a804eb68a4da ro with ordered data mode. Quota mode: none.
[    5.147798] VFS: Mounted root (ext4 filesystem) readonly on device 8:0.
[    5.149828] devtmpfs: mounted
[    5.150279] VFS: Pivoted into new rootfs
[    5.170453] Freeing unused decrypted memory: 2036K
[    5.176220] Freeing unused kernel image (initmem) memory: 16500K
[    5.176826] Write protecting the kernel read-only data: 102400k
[    5.179048] Freeing unused kernel image (text/rodata gap) memory: 672K
[    5.180596] Freeing unused kernel image (rodata/data gap) memory: 1568K
[    6.203397] x86/mm: Checked W+X mappings: passed, no W+X pages found.
[    6.203862] Run /sbin/init as init process
[    6.322029] systemd[1]: systemd 252-15.el9 running in system mode (+PAM +AUDIT +SELINUX -APPARMOR +IMA +SMACK +SECCOMP +GCRYPT +GNUTLS +OPENSSL +ACL +BLKID +CURL +ELFUTILS -FIDO2 +IDN2 -IDN -IPTC +KMOD +LIBCRYPTSETUP +LIBFDISK +PCRE2 -PWQUALITY +P11KIT -QRENCODE +TPM2 +BZIP2 +LZ4 +XZ +ZLIB +ZSTD -BPF_FRAMEWORK +XKBCOMMON +UTMP +SYSVINIT default-hierarchy=unified)
[    6.324165] systemd[1]: Detected virtualization kvm.
[    6.324507] systemd[1]: Detected architecture x86-64.

Welcome to [0;31mCentOS Stream 9[0m!

[    6.328840] systemd[1]: Hostname set to <test>.
[    6.546723] systemd-rc-local-generator[117]: /etc/rc.d/rc.local is not marked executable, skipping.
[    6.772626] systemd[1]: Queued start job for default target Multi-User System.
[    6.804270] systemd[1]: Created slice Virtual Machine and Container Slice.
[[0;32m  OK  [0m] Created slice [0;1;39mVirtual Machine and Container Slice[0m.
[    6.809681] systemd[1]: Created slice Slice /system/getty.
[[0;32m  OK  [0m] Created slice [0;1;39mSlice /system/getty[0m.
[    6.812818] systemd[1]: Created slice Slice /system/modprobe.
[[0;32m  OK  [0m] Created slice [0;1;39mSlice /system/modprobe[0m.
[    6.815890] systemd[1]: Created slice Slice /system/serial-getty.
[[0;32m  OK  [0m] Created slice [0;1;39mSlice /system/serial-getty[0m.
[    6.818986] systemd[1]: Created slice Slice /system/sshd-keygen.
[[0;32m  OK  [0m] Created slice [0;1;39mSlice /system/sshd-keygen[0m.
[    6.821803] systemd[1]: Created slice User and Session Slice.
[[0;32m  OK  [0m] Created slice [0;1;39mUser and Session Slice[0m.
[    6.823208] systemd[1]: Started Forward Password Requests to Wall Directory Watch.
[[0;32m  OK  [0m] Started [0;1;39mForward Password R…uests to Wall Directory Watch[0m.
[    6.825856] systemd[1]: Set up automount Arbitrary Executable File Formats File System Automount Point.
[[0;32m  OK  [0m] Set up automount [0;1;39mArbitrary…s File System Automount Point[0m.
[    6.827427] systemd[1]: Reached target Local Integrity Protected Volumes.
[[0;32m  OK  [0m] Reached target [0;1;39mLocal Integrity Protected Volumes[0m.
[    6.828657] systemd[1]: Reached target Slice Units.
[[0;32m  OK  [0m] Reached target [0;1;39mSlice Units[0m.
[    6.829692] systemd[1]: Reached target Swaps.
[[0;32m  OK  [0m] Reached target [0;1;39mSwaps[0m.
[    6.830571] systemd[1]: Reached target Local Verity Protected Volumes.
[[0;32m  OK  [0m] Reached target [0;1;39mLocal Verity Protected Volumes[0m.
[    6.832053] systemd[1]: Listening on Device-mapper event daemon FIFOs.
[[0;32m  OK  [0m] Listening on [0;1;39mDevice-mapper event daemon FIFOs[0m.
[    6.833894] systemd[1]: Listening on LVM2 poll daemon socket.
[[0;32m  OK  [0m] Listening on [0;1;39mLVM2 poll daemon socket[0m.
[    6.835142] systemd[1]: multipathd control socket was skipped because of an unmet condition check (ConditionPathExists=/etc/multipath.conf).
[    6.874347] systemd[1]: Listening on RPCbind Server Activation Socket.
[[0;32m  OK  [0m] Listening on [0;1;39mRPCbind Server Activation Socket[0m.
[    6.875664] systemd[1]: Reached target RPC Port Mapper.
[[0;32m  OK  [0m] Reached target [0;1;39mRPC Port Mapper[0m.
[    6.878922] systemd[1]: Listening on Process Core Dump Socket.
[[0;32m  OK  [0m] Listening on [0;1;39mProcess Core Dump Socket[0m.
[    6.880353] systemd[1]: Listening on initctl Compatibility Named Pipe.
[[0;32m  OK  [0m] Listening on [0;1;39minitctl Compatibility Named Pipe[0m.
[    6.882107] systemd[1]: Listening on Journal Socket (/dev/log).
[[0;32m  OK  [0m] Listening on [0;1;39mJournal Socket (/dev/log)[0m.
[    6.883703] systemd[1]: Listening on Journal Socket.
[[0;32m  OK  [0m] Listening on [0;1;39mJournal Socket[0m.
[    6.885262] systemd[1]: Listening on udev Control Socket.
[[0;32m  OK  [0m] Listening on [0;1;39mudev Control Socket[0m.
[    6.886630] systemd[1]: Listening on udev Kernel Socket.
[[0;32m  OK  [0m] Listening on [0;1;39mudev Kernel Socket[0m.
[    6.892908] systemd[1]: Mounting Huge Pages File System...
         Mounting [0;1;39mHuge Pages File System[0m...
[    6.900434] systemd[1]: Mounting POSIX Message Queue File System...
         Mounting [0;1;39mPOSIX Message Queue File System[0m...
[    6.911252] systemd[1]: Mounting Kernel Debug File System...
         Mounting [0;1;39mKernel Debug File System[0m...
[    6.921701] systemd[1]: Mounting Kernel Trace File System...
         Mounting [0;1;39mKernel Trace File System[0m...
[    6.927600] systemd[1]: Kernel Module supporting RPCSEC_GSS was skipped because of an unmet condition check (ConditionPathExists=/etc/krb5.keytab).
[    6.928590] systemd[1]: Create List of Static Device Nodes was skipped because of an unmet condition check (ConditionFileNotEmpty=/lib/modules/6.19.0-939faf71cf7c+/modules.devname).
[    6.935399] systemd[1]: Starting Monitoring of LVM2 mirrors, snapshots etc. using dmeventd or progress polling...
         Starting [0;1;39mMonitoring of LVM…meventd or progress polling[0m...
[    6.944939] systemd[1]: Starting Load Kernel Module configfs...
         Starting [0;1;39mLoad Kernel Module configfs[0m...
[    6.954537] systemd[1]: Starting Load Kernel Module drm...
         Starting [0;1;39mLoad Kernel Module drm[0m...
[    6.969829] systemd[1]: Starting Load Kernel Module fuse...
         Starting [0;1;39mLoad Kernel Module fuse[0m...
[    6.981668] systemd[1]: Starting Read and set NIS domainname from /etc/sysconfig/network...
         Starting [0;1;39mRead and set NIS …from /etc/sysconfig/network[0m...
[    6.996977] systemd[1]: Starting Journal Service...
         Starting [0;1;39mJournal Service[0m...
[    7.010481] systemd[1]: Starting Load Kernel Modules...
         Starting [0;1;39mLoad Kernel Modules[0m...
[    7.022216] systemd[1]: Starting Generate network units from Kernel command line...
         Starting [0;1;39mGenerate network …ts from Kernel command line[0m...
[    7.034406] systemd[1]: Starting Remount Root and Kernel File Systems...
         Starting [0;1;39mRemount Root and Kernel File Systems[0m...
[    7.037936] systemd[1]: Repartition Root Disk was skipped because no trigger condition checks were met.
[    7.046080] systemd[1]: Starting Coldplug All udev Devices...
         Starting [0;1;39mColdplug All udev Devices[0m...
[    7.070653] systemd[1]: Mounted Huge Pages File System.
[[0;32m  OK  [0m] Mounted [0;1;39mHuge Pages File System[0m.
[    7.082585] systemd[1]: Mounted POSIX Message Queue File System.
[[0;32m  OK  [0m] Mounted [0;1;39mPOSIX Message Queue File System[0m.
[    7.094688] systemd[1]: Mounted Kernel Debug File System.
[[0;32m  OK  [0m] Mounted [0;1;39mKernel Debug File System[0m.
[    7.096593] systemd[1]: Mounted Kernel Trace File System.
[[0;32m  OK  [0m] Mounted [0;1;39mKernel Trace File System[0m.
[    7.103372] systemd[1]: Finished Monitoring of LVM2 mirrors, snapshots etc. using dmeventd or progress polling.
[[0;32m  OK  [0m] Finished [0;1;39mMonitoring of LVM… dmeventd or progress polling[0m.
[    7.111579] systemd[1]: modprobe@configfs.service: Deactivated successfully.
[    7.118959] systemd[1]: Finished Load Kernel Module configfs.
[[0;32m  OK  [0m] Finished [0;1;39mLoad Kernel Module configfs[0m.
[    7.121603] EXT4-fs (sda): re-mounted 088740a9-c8b4-422c-999d-a804eb68a4da r/w.
[    7.126657] systemd[1]: modprobe@drm.service: Deactivated successfully.
[    7.128310] systemd[1]: Finished Load Kernel Module drm.
[[0;32m  OK  [0m] Finished [0;1;39mLoad Kernel Module drm[0m.
[    7.137128] systemd[1]: modprobe@fuse.service: Deactivated successfully.
[    7.143583] systemd[1]: Finished Load Kernel Module fuse.
[[0;32m  OK  [0m] Finished [0;1;39mLoad Kernel Module fuse[0m.
[    7.150056] systemd[1]: Finished Read and set NIS domainname from /etc/sysconfig/network.
[[0;32m  OK  [0m] Finished [0;1;39mRead and set NIS …e from /etc/sysconfig/network[0m.
[    7.152043] systemd[1]: systemd-modules-load.service: Main process exited, code=exited, status=1/FAILURE
[    7.158607] systemd[1]: systemd-modules-load.service: Failed with result 'exit-code'.
[    7.161434] systemd[1]: Failed to start Load Kernel Modules.
[[0;1;31mFAILED[0m] Failed to start [0;1;39mLoad Kernel Modules[0m.
See 'systemctl status systemd-modules-load.service' for details.
[    7.168205] systemd[1]: Finished Generate network units from Kernel command line.
[[0;32m  OK  [0m] Finished [0;1;39mGenerate network units from Kernel command line[0m.
[    7.170754] systemd[1]: Started Journal Service.
[[0;32m  OK  [0m] Started [0;1;39mJournal Service[0m.
[[0;32m  OK  [0m] Finished [0;1;39mRemount Root and Kernel File Systems[0m.
[[0;32m  OK  [0m] Reached target [0;1;39mPreparation for Network[0m.
         Mounting [0;1;39mFUSE Control File System[0m...
         Mounting [0;1;39mKernel Configuration File System[0m...
         Starting [0;1;39mFlush Journal to Persistent Storage[0m...
[    7.251614] systemd-journald[139]: Received client request to flush runtime journal.
         Starting [0;1;39mLoad/Save Random Seed[0m...
         Starting [0;1;39mApply Kernel Variables[0m...
         Starting [0;1;39mCreate Static Device Nodes in /dev[0m...
         Starting [0;1;39mSetup Virtual Console[0m...
[[0;32m  OK  [0m] Mounted [0;1;39mFUSE Control File System[0m.
[[0;32m  OK  [0m] Mounted [0;1;39mKernel Configuration File System[0m.
[[0;32m  OK  [0m] Finished [0;1;39mFlush Journal to Persistent Storage[0m.
[[0;32m  OK  [0m] Finished [0;1;39mLoad/Save Random Seed[0m.
[[0;32m  OK  [0m] Finished [0;1;39mApply Kernel Variables[0m.
[[0;32m  OK  [0m] Finished [0;1;39mCreate Static Device Nodes in /dev[0m.
         Starting [0;1;39mRule-based Manage…for Device Events and Files[0m...
[[0;32m  OK  [0m] Started [0;1;39mRule-based Manager for Device Events and Files[0m.
         Starting [0;1;39mAuto-connect to s…E devices found during boot[0m...
[[0;32m  OK  [0m] Finished [0;1;39mAuto-connect to s…VME devices found during boot[0m.
[[0;32m  OK  [0m] Finished [0;1;39mSetup Virtual Console[0m.
[[0;32m  OK  [0m] Finished [0;1;39mColdplug All udev Devices[0m.
         Starting [0;1;39mShow Plymouth Boot Screen[0m...
         Starting [0;1;39mWait for udev To …plete Device Initialization[0m...
[2J[3J[-1;-1f[[0;32m  OK  [0m] Started [0;1;39mShow Plymouth Boot Screen[0m.
[[0;32m  OK  [0m] Started [0;1;39mForward Password R…s to Plymouth Directory Watch[0m.
[[0;32m  OK  [0m] Reached target [0;1;39mLocal Encrypted Volumes[0m.
[[0;32m  OK  [0m] Reached target [0;1;39mPath Units[0m.
[[0;32m  OK  [0m] Found device [0;1;39m/dev/ttyS0[0m.
[[0;32m  OK  [0m] Listening on [0;1;39mLoad/Save RF …itch Status /dev/rfkill Watch[0m.
[[0;32m  OK  [0m] Finished [0;1;39mWait for udev To Complete Device Initialization[0m.
[[0;32m  OK  [0m] Reached target [0;1;39mPreparation for Local File Systems[0m.
[[0;32m  OK  [0m] Reached target [0;1;39mLocal File Systems[0m.
         Starting [0;1;39mTell Plymouth To Write Out Runtime Data[0m...
         Starting [0;1;39mAutomatic Boot Loader Update[0m...
         Starting [0;1;39mCreate Volatile Files and Directories[0m...
[[0;32m  OK  [0m] Finished [0;1;39mTell Plymouth To Write Out Runtime Data[0m.
[[0;32m  OK  [0m] Finished [0;1;39mAutomatic Boot Loader Update[0m.
[[0;32m  OK  [0m] Finished [0;1;39mCreate Volatile Files and Directories[0m.
         Mounting [0;1;39mRPC Pipe File System[0m...
         Starting [0;1;39mSecurity Auditing Service[0m...
         Starting [0;1;39mRPC Bind[0m...
[[0;32m  OK  [0m] Mounted [0;1;39mRPC Pipe File System[0m.
[[0;32m  OK  [0m] Reached target [0;1;39mrpc_pipefs.target[0m.
[[0;32m  OK  [0m] Started [0;1;39mRPC Bind[0m.
[[0;32m  OK  [0m] Started [0;1;39mSecurity Auditing Service[0m.
         Starting [0;1;39mRecord System Boot/Shutdown in UTMP[0m...
[[0;32m  OK  [0m] Finished [0;1;39mRecord System Boot/Shutdown in UTMP[0m.
[[0;32m  OK  [0m] Reached target [0;1;39mSystem Initialization[0m.
[[0;32m  OK  [0m] Started [0;1;39mDaily rotation of log files[0m.
[[0;32m  OK  [0m] Started [0;1;39mUpdates mlocate database every day[0m.
[[0;32m  OK  [0m] Started [0;1;39mDaily Cleanup of Temporary Directories[0m.
[[0;32m  OK  [0m] Started [0;1;39mdaily update of the root trust anchor for DNSSEC[0m.
[[0;32m  OK  [0m] Reached target [0;1;39mTimer Units[0m.
[[0;32m  OK  [0m] Listening on [0;1;39mD-Bus System Message Bus Socket[0m.
[[0;32m  OK  [0m] Listening on [0;1;39mOpen-iSCSI iscsid Socket[0m.
[[0;32m  OK  [0m] Listening on [0;1;39mOpen-iSCSI iscsiuio Socket[0m.
[[0;32m  OK  [0m] Listening on [0;1;39mSSSD Kerberos…ache Manager responder socket[0m.
[[0;32m  OK  [0m] Listening on [0;1;39mLibvirt interface local socket[0m.
[[0;32m  OK  [0m] Listening on [0;1;39mVirtual machine lock manager socket[0m.
[[0;32m  OK  [0m] Listening on [0;1;39mVirtual machine log manager socket[0m.
[[0;32m  OK  [0m] Listening on [0;1;39mLibvirt network local socket[0m.
[[0;32m  OK  [0m] Listening on [0;1;39mLibvirt nodedev local socket[0m.
[[0;32m  OK  [0m] Listening on [0;1;39mLibvirt nwfilter local socket[0m.
[[0;32m  OK  [0m] Listening on [0;1;39mLibvirt proxy local socket[0m.
[[0;32m  OK  [0m] Listening on [0;1;39mLibvirt qemu local socket[0m.
[[0;32m  OK  [0m] Listening on [0;1;39mLibvirt qemu admin socket[0m.
[[0;32m  OK  [0m] Listening on [0;1;39mLibvirt qemu local read-only socket[0m.
[[0;32m  OK  [0m] Listening on [0;1;39mLibvirt secret local socket[0m.
[[0;32m  OK  [0m] Listening on [0;1;39mLibvirt storage local socket[0m.
[[0;32m  OK  [0m] Reached target [0;1;39mSocket Units[0m.
         Starting [0;1;39mD-Bus System Message Bus[0m...
[[0;32m  OK  [0m] Started [0;1;39mD-Bus System Message Bus[0m.
[[0;32m  OK  [0m] Reached target [0;1;39mBasic System[0m.
         Starting [0;1;39mNetwork Manager[0m...
         Starting [0;1;39mNTP client/server[0m...
         Starting [0;1;39mRestore /run/initramfs on shutdown[0m...
[[0;32m  OK  [0m] Started [0;1;39mirqbalance daemon[0m.
[[0;32m  OK  [0m] Started [0;1;39mlibstoragemgmt plug-in server daemon[0m.
[[0;32m  OK  [0m] Started [0;1;39mMachine Check Exception Logging Daemon[0m.
[[0;32m  OK  [0m] Reached target [0;1;39msshd-keygen.target[0m.
[[0;32m  OK  [0m] Reached target [0;1;39mUser and Group Name Lookups[0m.
         Starting [0;1;39mUser Login Management[0m...
         Starting [0;1;39mVirtual Machine a…tainer Registration Service[0m...
[[0;32m  OK  [0m] Finished [0;1;39mRestore /run/initramfs on shutdown[0m.
[[0;32m  OK  [0m] Started [0;1;39mVirtual Machine an…ontainer Registration Service[0m.
         Starting [0;1;39mHostname Service[0m...
[[0;32m  OK  [0m] Started [0;1;39mNTP client/server[0m.
[[0;32m  OK  [0m] Started [0;1;39mUser Login Management[0m.
[[0;32m  OK  [0m] Started [0;1;39mHostname Service[0m.
         Starting [0;1;39mNetwork Manager Script Dispatcher Service[0m...
[[0;32m  OK  [0m] Started [0;1;39mNetwork Manager Script Dispatcher Service[0m.
[   10.622102] e1000: eth0 NIC Link is Up 1000 Mbps Full Duplex, Flow Control: RX
[[0;32m  OK  [0m] Started [0;1;39mNetwork Manager[0m.
[[0;32m  OK  [0m] Reached target [0;1;39mNetwork[0m.
[[0;32m  OK  [0m] Reached target [0;1;39mNetwork is Online[0m.
         Starting [0;1;39mGSSAPI Proxy Daemon[0m...
         Starting [0;1;39mNotify NFS peers of a restart[0m...
         Starting [0;1;39mSystem Logging Service[0m...
         Starting [0;1;39mOpenSSH server daemon[0m...
         Starting [0;1;39mDynamic System Tuning Daemon[0m...
[[0;32m  OK  [0m] Started [0;1;39mNotify NFS peers of a restart[0m.
[[0;32m  OK  [0m] Started [0;1;39mGSSAPI Proxy Daemon[0m.
[[0;32m  OK  [0m] Reached target [0;1;39mNFS client services[0m.
[[0;32m  OK  [0m] Reached target [0;1;39mPreparation for Remote File Systems[0m.
[[0;32m  OK  [0m] Reached target [0;1;39mRemote File Systems[0m.
         Starting [0;1;39mPermit User Sessions[0m...
         Starting [0;1;39mVirtualization qemu daemon[0m...
[[0;32m  OK  [0m] Started [0;1;39mOpenSSH server daemon[0m.
[[0;32m  OK  [0m] Finished [0;1;39mPermit User Sessions[0m.
[[0;32m  OK  [0m] Started [0;1;39mDeferred execution scheduler[0m.
[[0;32m  OK  [0m] Started [0;1;39mCommand Scheduler[0m.
         Starting [0;1;39mHold until boot process finishes up[0m...
         Starting [0;1;39mTerminate Plymouth Boot Screen[0m...
[[0;32m  OK  [0m] Started [0;1;39mSystem Logging Service[0m.

CentOS Stream 9
Kernel 6.19.0-939faf71cf7c+ on an x86_64

Activate the web console with: systemctl enable --now cockpit.socket

test login: [  300.329675] INFO: task systemd:729 blocked for more than 147 seconds.
[  300.330174]       Not tainted 6.19.0-939faf71cf7c+ #1
[  300.330529] "echo 0 > /proc/sys/kernel/hung_task_timeout_secs" disables this message.
[  300.331056] task:systemd         state:D stack:0     pid:729   tgid:1     ppid:0      task_flags:0x400040 flags:0x00080000
[  300.331817] Call Trace:
[  300.332012]  <TASK>
[  300.332186]  __schedule+0xfa2/0x40a0
[  300.332496]  ? __pfx___schedule+0x10/0x10
[  300.332806]  ? lock_release+0x14f/0x2a0
[  300.333113]  ? wait_transaction_locked+0x196/0x240
[  300.333491]  schedule+0xf6/0x3d0
[  300.333783]  wait_transaction_locked+0x1bb/0x240
[  300.334149]  ? wait_transaction_locked+0x196/0x240
[  300.334529]  ? __pfx_wait_transaction_locked+0x10/0x10
[  300.334925]  ? __pfx_autoremove_wake_function+0x10/0x10
[  300.335340]  ? __kasan_slab_alloc+0x62/0x80
[  300.335685]  add_transaction_credits+0x121/0x1000
[  300.336061]  ? __pfx_add_transaction_credits+0x10/0x10
[  300.336464]  ? __this_cpu_preempt_check+0x21/0x30
[  300.336833]  ? lock_acquire+0x180/0x2f0
[  300.337138]  ? __kasan_check_write+0x18/0x20
[  300.337484]  start_this_handle+0x457/0x1550
[  300.337826]  ? lock_is_held_type+0xef/0x150
[  300.338158]  ? __pfx_start_this_handle+0x10/0x10
[  300.338531]  ? debug_smp_processor_id+0x20/0x30
[  300.338886]  ? rcu_is_watching+0x19/0xc0
[  300.339197]  ? kmem_cache_alloc_noprof+0x4e2/0x780
[  300.339584]  jbd2__journal_start+0x397/0x810
[  300.339928]  __ext4_journal_start_sb+0x3fc/0x580
[  300.340297]  ? ext4_rmdir+0x637/0xf10
[  300.340608]  ext4_rmdir+0x637/0xf10
[  300.340889]  ? __pfx_ext4_rmdir+0x10/0x10
[  300.341213]  ? __pfx_down_write+0x10/0x10
[  300.341534]  ? do_raw_spin_unlock+0x15c/0x210
[  300.341894]  vfs_rmdir+0x351/0x880
[  300.342171]  filename_rmdir+0x3e5/0x560
[  300.342484]  ? __pfx_filename_rmdir+0x10/0x10
[  300.342824]  ? __sanitizer_cov_trace_const_cmp8+0x1c/0x30
[  300.343240]  ? strncpy_from_user+0x198/0x290
[  300.343583]  ? __sanitizer_cov_trace_const_cmp4+0x1a/0x20
[  300.344000]  ? do_getname+0x19e/0x3e0
[  300.344292]  __x64_sys_unlinkat+0x107/0x140
[  300.344625]  x64_sys_call+0x1b55/0x21c0
[  300.344925]  do_syscall_64+0xc1/0x1180
[  300.345232]  entry_SYSCALL_64_after_hwframe+0x76/0x7e
[  300.345632] RIP: 0033:0x7f698be3ebab
[  300.345888] RSP: 002b:00007f698b5b0838 EFLAGS: 00000246 ORIG_RAX: 0000000000000107
[  300.346424] RAX: ffffffffffffffda RBX: 0000000000000006 RCX: 00007f698be3ebab
[  300.346910] RDX: 0000000000000200 RSI: 00007f6984008bf0 RDI: 000000000000000c
[  300.347405] RBP: 000000000000000c R08: 0000000000000003 R09: 0000000000000078
[  300.347905] R10: 000000000000009b R11: 0000000000000246 R12: 0000000000000000
[  300.348405] R13: 00007f6984008bf0 R14: 0000000000000200 R15: 0000000000000006
[  300.348921]  </TASK>
[  300.349081] INFO: task systemd:730 blocked for more than 147 seconds.
[  300.349526]       Not tainted 6.19.0-939faf71cf7c+ #1
[  300.349901] "echo 0 > /proc/sys/kernel/hung_task_timeout_secs" disables this message.
[  300.350443] task:systemd         state:D stack:0     pid:730   tgid:1     ppid:0      task_flags:0x400040 flags:0x00080000
[  300.351215] Call Trace:
[  300.351404]  <TASK>
[  300.351566]  __schedule+0xfa2/0x40a0
[  300.351842]  ? __pfx___schedule+0x10/0x10
[  300.352132]  ? lock_release+0x14f/0x2a0
[  300.352420]  ? wait_transaction_locked+0x196/0x240
[  300.352764]  schedule+0xf6/0x3d0
[  300.353003]  wait_transaction_locked+0x1bb/0x240
[  300.353331]  ? wait_transaction_locked+0x196/0x240
[  300.353693]  ? __pfx_wait_transaction_locked+0x10/0x10
[  300.354055]  ? __pfx_autoremove_wake_function+0x10/0x10
[  300.354431]  ? __kasan_slab_alloc+0x62/0x80
[  300.354741]  add_transaction_credits+0x121/0x1000
[  300.355076]  ? __pfx_add_transaction_credits+0x10/0x10
[  300.355445]  ? __this_cpu_preempt_check+0x21/0x30
[  300.355776]  ? lock_acquire+0x180/0x2f0
[  300.356052]  ? __kasan_check_write+0x18/0x20
[  300.356365]  start_this_handle+0x457/0x1550
[  300.356670]  ? lock_is_held_type+0xef/0x150
[  300.356974]  ? __pfx_start_this_handle+0x10/0x10
[  300.357303]  ? debug_smp_processor_id+0x20/0x30
[  300.357649]  ? rcu_is_watching+0x19/0xc0
[  300.357939]  ? kmem_cache_alloc_noprof+0x4e2/0x780
[  300.358287]  jbd2__journal_start+0x397/0x810
[  300.358602]  __ext4_journal_start_sb+0x3fc/0x580
[  300.358935]  ? ext4_rmdir+0x637/0xf10
[  300.359207]  ext4_rmdir+0x637/0xf10
[  300.359470]  ? __pfx_ext4_rmdir+0x10/0x10
[  300.359763]  ? __pfx_down_write+0x10/0x10
[  300.360054]  ? do_raw_spin_unlock+0x15c/0x210
[  300.360371]  vfs_rmdir+0x351/0x880
[  300.360636]  filename_rmdir+0x3e5/0x560
[  300.360913]  ? __pfx_filename_rmdir+0x10/0x10
[  300.361230]  ? __sanitizer_cov_trace_const_cmp8+0x1c/0x30
[  300.361641]  ? strncpy_from_user+0x198/0x290
[  300.361952]  ? __sanitizer_cov_trace_const_cmp4+0x1a/0x20
[  300.362337]  ? do_getname+0x19e/0x3e0
[  300.362614]  __x64_sys_unlinkat+0x107/0x140
[  300.362917]  x64_sys_call+0x1b55/0x21c0
[  300.363195]  do_syscall_64+0xc1/0x1180
[  300.363476]  entry_SYSCALL_64_after_hwframe+0x76/0x7e
[  300.363843] RIP: 0033:0x7f698be3ebab
[  300.364104] RSP: 002b:00007f698adaf838 EFLAGS: 00000246 ORIG_RAX: 0000000000000107
[  300.364636] RAX: ffffffffffffffda RBX: 0000000000000006 RCX: 00007f698be3ebab
[  300.365130] RDX: 0000000000000200 RSI: 00007f697c008bf0 RDI: 0000000000000016
[  300.365641] RBP: 0000000000000016 R08: 0000000000000003 R09: 0000000000000078
[  300.366143] R10: 000000000000009b R11: 0000000000000246 R12: 0000000000000000
[  300.366643] R13: 00007f697c008bf0 R14: 0000000000000200 R15: 0000000000000006
[  300.367153]  </TASK>
[  300.367316] INFO: task kworker/u8:0:12 blocked for more than 147 seconds.
[  300.367787]       Not tainted 6.19.0-939faf71cf7c+ #1
[  300.368146] "echo 0 > /proc/sys/kernel/hung_task_timeout_secs" disables this message.
[  300.368695] task:kworker/u8:0    state:D stack:0     pid:12    tgid:12    ppid:2      task_flags:0x4248060 flags:0x00080000
[  300.369463] Workqueue: writeback wb_workfn (flush-8:0)
[  300.369856] Call Trace:
[  300.370038]  <TASK>
[  300.370201]  __schedule+0xfa2/0x40a0
[  300.370473]  ? __pfx___schedule+0x10/0x10
[  300.370763]  ? lock_release+0x14f/0x2a0
[  300.371037]  ? kthread_data+0x61/0xd0
[  300.371304]  ? wait_transaction_locked+0x196/0x240
[  300.371651]  schedule+0xf6/0x3d0
[  300.371894]  wait_transaction_locked+0x1bb/0x240
[  300.372228]  ? wait_transaction_locked+0x196/0x240
[  300.372576]  ? __pfx_wait_transaction_locked+0x10/0x10
[  300.372941]  ? check_noncircular+0x80/0x150
[  300.373247]  ? __pfx_autoremove_wake_function+0x10/0x10
[  300.373641]  ? __this_cpu_preempt_check+0x21/0x30
[  300.373988]  ? lockdep_unlock+0x62/0xd0
[  300.374269]  add_transaction_credits+0x121/0x1000
[  300.374618]  ? __pfx_add_transaction_credits+0x10/0x10
[  300.374980]  ? __this_cpu_preempt_check+0x21/0x30
[  300.375322]  ? lock_acquire+0x180/0x2f0
[  300.375607]  ? __kasan_check_write+0x18/0x20
[  300.375919]  start_this_handle+0x457/0x1550
[  300.376229]  ? __pfx_start_this_handle+0x10/0x10
[  300.376569]  ? debug_smp_processor_id+0x20/0x30
[  300.376896]  ? rcu_is_watching+0x19/0xc0
[  300.377183]  ? kmem_cache_alloc_noprof+0x4e2/0x780
[  300.377533]  jbd2__journal_start+0x397/0x810
[  300.377859]  __ext4_journal_start_sb+0x3fc/0x580
[  300.378191]  ? __sanitizer_cov_trace_const_cmp4+0x1a/0x20
[  300.378576]  ? ext4_do_writepages+0x1112/0x3930
[  300.378901]  ext4_do_writepages+0x1112/0x3930
[  300.379220]  ? check_noncircular+0x80/0x150
[  300.379526]  ? arch_stack_walk+0x8b/0xf0
[  300.379824]  ? __lock_acquire+0x412/0x2210
[  300.380127]  ? __pfx_ext4_do_writepages+0x10/0x10
[  300.380473]  ? __this_cpu_preempt_check+0x21/0x30
[  300.380812]  ? lock_is_held_type+0xef/0x150
[  300.381117]  ext4_writepages+0x3e1/0x870
[  300.381407]  ? ext4_writepages+0x3e1/0x870
[  300.381725]  ? __pfx_ext4_writepages+0x10/0x10
[  300.382055]  ? __pfx_ext4_writepages+0x10/0x10
[  300.382381]  do_writepages+0x255/0x5b0
[  300.382667]  __writeback_single_inode+0x121/0x11f0
[  300.383015]  ? _raw_spin_unlock+0x31/0x60
[  300.383304]  ? __sanitizer_cov_trace_const_cmp8+0x1c/0x30
[  300.383692]  ? wbc_attach_and_unlock_inode.part.0+0x47a/0x890
[  300.384106]  writeback_sb_inodes+0x785/0x1c80
[  300.384435]  ? __pfx_writeback_sb_inodes+0x10/0x10
[  300.384779]  ? __lock_acquire+0x412/0x2210
[  300.385103]  ? __sanitizer_cov_trace_const_cmp8+0x1c/0x30
[  300.385502]  __writeback_inodes_wb+0xc8/0x280
[  300.385847]  wb_writeback+0x652/0x9e0
[  300.386122]  ? __pfx_wb_writeback+0x10/0x10
[  300.386429]  ? __sanitizer_cov_trace_cmp4+0x1a/0x20
[  300.386781]  ? get_nr_dirty_inodes+0x12c/0x1b0
[  300.387106]  wb_workfn+0x713/0xe60
[  300.387366]  ? __pfx_wb_workfn+0x10/0x10
[  300.387671]  process_one_work+0x930/0x1ad0
[  300.387959]  ? __lock_acquire+0x412/0x2210
[  300.388261]  ? __pfx_process_one_work+0x10/0x10
[  300.388592]  ? move_linked_works+0x1bf/0x2c0
[  300.388897]  ? __this_cpu_preempt_check+0x21/0x30
[  300.389235]  ? assign_work+0x19f/0x250
[  300.389514]  ? lock_is_held_type+0xef/0x150
[  300.389833]  worker_thread+0x697/0xeb0
[  300.390118]  ? __pfx_worker_thread+0x10/0x10
[  300.390429]  kthread+0x41a/0x570
[  300.390669]  ? __pfx_kthread+0x10/0x10
[  300.390959]  ret_from_fork+0x781/0xbe0
[  300.391239]  ? __pfx_ret_from_fork+0x10/0x10
[  300.391557]  ? native_load_tls+0x16/0x50
[  300.391839]  ? __sanitizer_cov_trace_const_cmp8+0x1c/0x30
[  300.392223]  ? __switch_to+0x81e/0x10b0
[  300.392513]  ? __pfx_kthread+0x10/0x10
[  300.392793]  ret_from_fork_asm+0x1a/0x30
[  300.393089]  </TASK>
[  300.393256] INFO: task kworker/u8:1:34 blocked for more than 147 seconds.
[  300.393746]       Not tainted 6.19.0-939faf71cf7c+ #1
[  300.394096] "echo 0 > /proc/sys/kernel/hung_task_timeout_secs" disables this message.
[  300.394637] task:kworker/u8:1    state:D stack:0     pid:34    tgid:34    ppid:2      task_flags:0x4248060 flags:0x00080000
[  300.395405] Workqueue: writeback wb_workfn (flush-8:0)
[  300.395776] Call Trace:
[  300.395953]  <TASK>
[  300.396113]  __schedule+0xfa2/0x40a0
[  300.396382]  ? __pfx___schedule+0x10/0x10
[  300.396675]  ? lock_release+0x14f/0x2a0
[  300.396952]  ? kthread_data+0x61/0xd0
[  300.397219]  ? wait_transaction_locked+0x196/0x240
[  300.397575]  schedule+0xf6/0x3d0
[  300.397812]  wait_transaction_locked+0x1bb/0x240
[  300.398143]  ? wait_transaction_locked+0x196/0x240
[  300.398483]  ? __pfx_wait_transaction_locked+0x10/0x10
[  300.398848]  ? __pfx_autoremove_wake_function+0x10/0x10
[  300.399218]  ? jbd2__journal_start+0x253/0x810
[  300.399548]  add_transaction_credits+0x121/0x1000
[  300.399894]  ? __pfx_add_transaction_credits+0x10/0x10
[  300.400253]  ? __this_cpu_preempt_check+0x21/0x30
[  300.400599]  ? lock_acquire+0x180/0x2f0
[  300.400878]  ? trace_hardirqs_on+0x26/0x130
[  300.401184]  ? __kasan_check_write+0x18/0x20
[  300.401500]  start_this_handle+0x457/0x1550
[  300.401814]  ? __pfx_start_this_handle+0x10/0x10
[  300.402144]  ? debug_smp_processor_id+0x20/0x30
[  300.402472]  ? rcu_is_watching+0x19/0xc0
[  300.402754]  ? kmem_cache_alloc_noprof+0x4e2/0x780
[  300.403102]  jbd2__journal_start+0x397/0x810
[  300.403419]  __ext4_journal_start_sb+0x3fc/0x580
[  300.403761]  ? __sanitizer_cov_trace_const_cmp4+0x1a/0x20
[  300.404137]  ? ext4_do_writepages+0x1112/0x3930
[  300.404468]  ext4_do_writepages+0x1112/0x3930
[  300.404782]  ? stack_depot_save_flags+0x45d/0xa10
[  300.405130]  ? __lock_acquire+0x412/0x2210
[  300.405431]  ? __pfx_ext4_do_writepages+0x10/0x10
[  300.405784]  ? __this_cpu_preempt_check+0x21/0x30
[  300.406125]  ? lock_is_held_type+0xef/0x150
[  300.406436]  ext4_writepages+0x3e1/0x870
[  300.406714]  ? ext4_writepages+0x3e1/0x870
[  300.407006]  ? __pfx_ext4_writepages+0x10/0x10
[  300.407335]  ? do_raw_spin_unlock+0x15c/0x210
[  300.407654]  ? __pfx_ext4_writepages+0x10/0x10
[  300.407971]  do_writepages+0x255/0x5b0
[  300.408257]  __writeback_single_inode+0x121/0x11f0
[  300.408608]  ? _raw_spin_unlock+0x31/0x60
[  300.408892]  ? __sanitizer_cov_trace_const_cmp8+0x1c/0x30
[  300.409279]  ? wbc_attach_and_unlock_inode.part.0+0x47a/0x890
[  300.409711]  writeback_sb_inodes+0x785/0x1c80
[  300.410040]  ? __pfx_writeback_sb_inodes+0x10/0x10
[  300.410387]  ? __lock_acquire+0x412/0x2210
[  300.410680]  ? __sanitizer_cov_trace_cmp4+0x1a/0x20
[  300.411072]  ? __sanitizer_cov_trace_const_cmp8+0x1c/0x30
[  300.411471]  __writeback_inodes_wb+0xc8/0x280
[  300.411800]  wb_writeback+0x652/0x9e0
[  300.412080]  ? __pfx_wb_writeback+0x10/0x10
[  300.412401]  ? __sanitizer_cov_trace_cmp4+0x1a/0x20
[  300.412748]  ? get_nr_dirty_inodes+0x12c/0x1b0
[  300.413075]  wb_workfn+0x713/0xe60
[  300.413326]  ? try_to_wake_up+0x184/0x1ad0
[  300.413644]  ? __pfx_wb_workfn+0x10/0x10
[  300.413948]  process_one_work+0x930/0x1ad0
[  300.414241]  ? __lock_acquire+0x412/0x2210
[  300.414546]  ? __pfx_process_one_work+0x10/0x10
[  300.414870]  ? move_linked_works+0x1bf/0x2c0
[  300.415187]  ? __this_cpu_preempt_check+0x21/0x30
[  300.415538]  ? assign_work+0x19f/0x250
[  300.415812]  ? lock_is_held_type+0xef/0x150
[  300.416125]  worker_thread+0x697/0xeb0
[  300.416415]  ? __pfx_worker_thread+0x10/0x10
[  300.416722]  kthread+0x41a/0x570
[  300.416967]  ? __pfx_kthread+0x10/0x10
[  300.417247]  ret_from_fork+0x781/0xbe0
[  300.417529]  ? __pfx_ret_from_fork+0x10/0x10
[  300.417846]  ? native_load_tls+0x16/0x50
[  300.418125]  ? __sanitizer_cov_trace_const_cmp8+0x1c/0x30
[  300.418521]  ? __switch_to+0x81e/0x10b0
[  300.418805]  ? __pfx_kthread+0x10/0x10
[  300.419080]  ret_from_fork_asm+0x1a/0x30
[  300.419373]  </TASK>
[  300.419545] INFO: task kworker/u8:2:36 blocked for more than 147 seconds.
[  300.420009]       Not tainted 6.19.0-939faf71cf7c+ #1
[  300.420366] "echo 0 > /proc/sys/kernel/hung_task_timeout_secs" disables this message.
[  300.420960] task:kworker/u8:2    state:D stack:0     pid:36    tgid:36    ppid:2      task_flags:0x4248060 flags:0x00080000
[  300.421752] Workqueue: writeback wb_workfn (flush-8:0)
[  300.422133] Call Trace:
[  300.422313]  <TASK>
[  300.422477]  __schedule+0xfa2/0x40a0
[  300.422742]  ? __pfx___schedule+0x10/0x10
[  300.423032]  ? lock_release+0x14f/0x2a0
[  300.423319]  ? kthread_data+0x61/0xd0
[  300.423592]  ? wait_transaction_locked+0x196/0x240
[  300.423929]  schedule+0xf6/0x3d0
[  300.424173]  wait_transaction_locked+0x1bb/0x240
[  300.424506]  ? wait_transaction_locked+0x196/0x240
[  300.424853]  ? __pfx_wait_transaction_locked+0x10/0x10
[  300.425221]  ? __pfx_autoremove_wake_function+0x10/0x10
[  300.425611]  ? jbd2__journal_start+0x253/0x810
[  300.425933]  add_transaction_credits+0x121/0x1000
[  300.426277]  ? ext4_init_io_end+0x32/0x190
[  300.426577]  ? __pfx_add_transaction_credits+0x10/0x10
[  300.426946]  ? __this_cpu_preempt_check+0x21/0x30
[  300.427287]  ? lock_acquire+0x180/0x2f0
[  300.427568]  ? blk_cgroup_bio_start+0x389/0x660
[  300.427896]  ? __kasan_check_write+0x18/0x20
[  300.428205]  start_this_handle+0x457/0x1550
[  300.428514]  ? __pfx_start_this_handle+0x10/0x10
[  300.428845]  ? debug_smp_processor_id+0x20/0x30
[  300.429176]  ? rcu_is_watching+0x19/0xc0
[  300.429462]  ? kmem_cache_alloc_noprof+0x4e2/0x780
[  300.429827]  jbd2__journal_start+0x397/0x810
[  300.430143]  __ext4_journal_start_sb+0x3fc/0x580
[  300.430484]  ? __sanitizer_cov_trace_const_cmp4+0x1a/0x20
[  300.430866]  ? ext4_do_writepages+0x1112/0x3930
[  300.431200]  ext4_do_writepages+0x1112/0x3930
[  300.431539]  ? __lock_acquire+0x412/0x2210
[  300.431842]  ? __pfx_ext4_do_writepages+0x10/0x10
[  300.432184]  ? __this_cpu_preempt_check+0x21/0x30
[  300.432526]  ? lock_is_held_type+0xef/0x150
[  300.432830]  ext4_writepages+0x3e1/0x870
[  300.433112]  ? ext4_writepages+0x3e1/0x870
[  300.433410]  ? __pfx_ext4_writepages+0x10/0x10
[  300.433756]  ? do_raw_spin_unlock+0x15c/0x210
[  300.434078]  ? __pfx_ext4_writepages+0x10/0x10
[  300.434406]  do_writepages+0x255/0x5b0
[  300.434690]  __writeback_single_inode+0x121/0x11f0
[  300.435039]  ? _raw_spin_unlock+0x31/0x60
[  300.435325]  ? __sanitizer_cov_trace_const_cmp4+0x1a/0x20
[  300.435710]  ? wbc_attach_and_unlock_inode.part.0+0x47a/0x890
[  300.436130]  writeback_sb_inodes+0x785/0x1c80
[  300.436458]  ? __pfx_writeback_sb_inodes+0x10/0x10
[  300.436800]  ? __lock_acquire+0x412/0x2210
[  300.437095]  ? check_noncircular+0x80/0x150
[  300.437429]  ? __sanitizer_cov_trace_const_cmp8+0x1c/0x30
[  300.437837]  __writeback_inodes_wb+0xc8/0x280
[  300.438156]  wb_writeback+0x652/0x9e0
[  300.438438]  ? __pfx_wb_writeback+0x10/0x10
[  300.438744]  ? __sanitizer_cov_trace_cmp4+0x1a/0x20
[  300.439106]  ? get_nr_dirty_inodes+0x12c/0x1b0
[  300.439441]  wb_workfn+0x713/0xe60
[  300.439690]  ? try_to_wake_up+0x184/0x1ad0
[  300.439986]  ? __pfx_wb_workfn+0x10/0x10
[  300.440284]  process_one_work+0x930/0x1ad0
[  300.440582]  ? __lock_acquire+0x412/0x2210
[  300.440883]  ? __pfx_process_one_work+0x10/0x10
[  300.441203]  ? move_linked_works+0x1bf/0x2c0
[  300.441517]  ? __this_cpu_preempt_check+0x21/0x30
[  300.441878]  ? assign_work+0x19f/0x250
[  300.442157]  ? lock_is_held_type+0xef/0x150
[  300.442458]  worker_thread+0x697/0xeb0
[  300.442742]  ? __pfx_worker_thread+0x10/0x10
[  300.443051]  kthread+0x41a/0x570
[  300.443296]  ? __pfx_kthread+0x10/0x10
[  300.443580]  ret_from_fork+0x781/0xbe0
[  300.443854]  ? __pfx_ret_from_fork+0x10/0x10
[  300.444168]  ? native_load_tls+0x16/0x50
[  300.444458]  ? __sanitizer_cov_trace_const_cmp8+0x1c/0x30
[  300.444843]  ? __switch_to+0x81e/0x10b0
[  300.445126]  ? __pfx_kthread+0x10/0x10
[  300.445407]  ret_from_fork_asm+0x1a/0x30
[  300.445721]  </TASK>
[  300.445894] INFO: task kworker/u8:3:53 blocked for more than 147 seconds.
[  300.446355]       Not tainted 6.19.0-939faf71cf7c+ #1
[  300.446718] "echo 0 > /proc/sys/kernel/hung_task_timeout_secs" disables this message.
[  300.447252] task:kworker/u8:3    state:D stack:0     pid:53    tgid:53    ppid:2      task_flags:0x4248160 flags:0x00080000
[  300.448020] Workqueue: writeback wb_workfn (flush-8:0)
[  300.448390] Call Trace:
[  300.448571]  <TASK>
[  300.448737]  __schedule+0xfa2/0x40a0
[  300.449003]  ? __pfx___schedule+0x10/0x10
[  300.449293]  ? lock_release+0x14f/0x2a0
[  300.449584]  ? kthread_data+0x61/0xd0
[  300.449852]  ? wait_transaction_locked+0x196/0x240
[  300.450194]  schedule+0xf6/0x3d0
[  300.450438]  wait_transaction_locked+0x1bb/0x240
[  300.450769]  ? wait_transaction_locked+0x196/0x240
[  300.451118]  ? __pfx_wait_transaction_locked+0x10/0x10
[  300.451491]  ? __pfx_autoremove_wake_function+0x10/0x10
[  300.451871]  ? jbd2__journal_start+0x253/0x810
[  300.452192]  add_transaction_credits+0x121/0x1000
[  300.452528]  ? ext4_init_io_end+0x32/0x190
[  300.452822]  ? __pfx_add_transaction_credits+0x10/0x10
[  300.453184]  ? __this_cpu_preempt_check+0x21/0x30
[  300.453518]  ? lock_acquire+0x180/0x2f0
[  300.453811]  ? blk_cgroup_bio_start+0x389/0x660
[  300.454135]  ? __kasan_check_write+0x18/0x20
[  300.454458]  start_this_handle+0x457/0x1550
[  300.454771]  ? __pfx_start_this_handle+0x10/0x10
[  300.455107]  ? debug_smp_processor_id+0x20/0x30
[  300.455438]  ? rcu_is_watching+0x19/0xc0
[  300.455724]  ? kmem_cache_alloc_noprof+0x4e2/0x780
[  300.456071]  jbd2__journal_start+0x397/0x810
[  300.456388]  __ext4_journal_start_sb+0x3fc/0x580
[  300.456723]  ? __sanitizer_cov_trace_const_cmp4+0x1a/0x20
[  300.457107]  ? ext4_do_writepages+0x1112/0x3930
[  300.457437]  ext4_do_writepages+0x1112/0x3930
[  300.457762]  ? update_stack_state+0x2d9/0x610
[  300.458094]  ? __lock_acquire+0x412/0x2210
[  300.458402]  ? __pfx_ext4_do_writepages+0x10/0x10
[  300.458737]  ? __this_cpu_preempt_check+0x21/0x30
[  300.459072]  ? lock_is_held_type+0xef/0x150
[  300.459389]  ext4_writepages+0x3e1/0x870
[  300.459665]  ? ext4_writepages+0x3e1/0x870
[  300.459966]  ? __pfx_ext4_writepages+0x10/0x10
[  300.460291]  ? do_raw_spin_unlock+0x15c/0x210
[  300.460616]  ? __pfx_ext4_writepages+0x10/0x10
[  300.460937]  do_writepages+0x255/0x5b0
[  300.461218]  __writeback_single_inode+0x121/0x11f0
[  300.461575]  ? _raw_spin_unlock+0x31/0x60
[  300.461866]  ? __sanitizer_cov_trace_const_cmp8+0x1c/0x30
[  300.462249]  ? wbc_attach_and_unlock_inode.part.0+0x47a/0x890
[  300.462669]  writeback_sb_inodes+0x785/0x1c80
[  300.462990]  ? __pfx_writeback_sb_inodes+0x10/0x10
[  300.463335]  ? __lock_acquire+0x412/0x2210
[  300.463636]  ? __lock_acquire+0x412/0x2210
[  300.463960]  ? __sanitizer_cov_trace_const_cmp8+0x1c/0x30
[  300.464351]  __writeback_inodes_wb+0xc8/0x280
[  300.464685]  wb_writeback+0x652/0x9e0
[  300.464959]  ? __pfx_wb_writeback+0x10/0x10
[  300.465263]  ? __sanitizer_cov_trace_cmp4+0x1a/0x20
[  300.465636]  ? get_nr_dirty_inodes+0x12c/0x1b0
[  300.465965]  wb_workfn+0x713/0xe60
[  300.466215]  ? try_to_wake_up+0x184/0x1ad0
[  300.466521]  ? __pfx_wb_workfn+0x10/0x10
[  300.466825]  process_one_work+0x930/0x1ad0
[  300.467118]  ? __lock_acquire+0x412/0x2210
[  300.467426]  ? __pfx_process_one_work+0x10/0x10
[  300.467756]  ? move_linked_works+0x1bf/0x2c0
[  300.468062]  ? __this_cpu_preempt_check+0x21/0x30
[  300.468406]  ? assign_work+0x19f/0x250
[  300.468679]  ? lock_is_held_type+0xef/0x150
[  300.468982]  worker_thread+0x697/0xeb0
[  300.469247]  ? _raw_spin_unlock_irqrestore+0x35/0x70
[  300.469621]  ? trace_hardirqs_on+0x26/0x130
[  300.469925]  ? __pfx_worker_thread+0x10/0x10
[  300.470229]  kthread+0x41a/0x570
[  300.470477]  ? __pfx_kthread+0x10/0x10
[  300.470752]  ret_from_fork+0x781/0xbe0
[  300.471025]  ? __pfx_ret_from_fork+0x10/0x10
[  300.471331]  ? native_load_tls+0x16/0x50
[  300.471624]  ? __sanitizer_cov_trace_const_cmp8+0x1c/0x30
[  300.472005]  ? __switch_to+0x81e/0x10b0
[  300.472283]  ? __pfx_kthread+0x10/0x10
[  300.472567]  ret_from_fork_asm+0x1a/0x30
[  300.472859]  </TASK>
[  300.473031] INFO: task jbd2/sda-8:96 blocked for more than 147 seconds.
[  300.473490]       Not tainted 6.19.0-939faf71cf7c+ #1
[  300.473859] "echo 0 > /proc/sys/kernel/hung_task_timeout_secs" disables this message.
[  300.474396] task:jbd2/sda-8      state:D stack:0     pid:96    tgid:96    ppid:2      task_flags:0x240040 flags:0x00080000
[  300.475143] Call Trace:
[  300.475325]  <TASK>
[  300.475492]  __schedule+0xfa2/0x40a0
[  300.475757]  ? __pfx___schedule+0x10/0x10
[  300.476042]  ? lock_release+0x14f/0x2a0
[  300.476321]  schedule+0xf6/0x3d0
[  300.476563]  jbd2_journal_wait_updates+0x146/0x270
[  300.476904]  ? __pfx_jbd2_journal_wait_updates+0x10/0x10
[  300.477285]  ? __pfx_autoremove_wake_function+0x10/0x10
[  300.477680]  ? lock_release+0x14f/0x2a0
[  300.477966]  jbd2_journal_commit_transaction+0x7aa/0x6290
[  300.478356]  ? lock_is_held_type+0xef/0x150
[  300.478670]  ? __lock_acquire+0x412/0x2210
[  300.478973]  ? __lock_acquire+0x412/0x2210
[  300.479273]  ? __pfx_jbd2_journal_commit_transaction+0x10/0x10
[  300.479696]  ? do_raw_spin_lock+0x140/0x280
[  300.479992]  ? __pfx_do_raw_spin_lock+0x10/0x10
[  300.480320]  ? lock_acquire+0x180/0x2f0
[  300.480607]  ? __timer_delete_sync+0x20a/0x300
[  300.480930]  ? __this_cpu_preempt_check+0x21/0x30
[  300.481265]  ? _raw_spin_unlock_irqrestore+0x35/0x70
[  300.481634]  ? lockdep_hardirqs_on+0x85/0x110
[  300.481943]  ? _raw_spin_unlock_irqrestore+0x35/0x70
[  300.482290]  ? trace_hardirqs_on+0x26/0x130
[  300.482596]  ? _raw_spin_unlock_irqrestore+0x45/0x70
[  300.482949]  ? __sanitizer_cov_trace_const_cmp4+0x1a/0x20
[  300.483327]  ? __timer_delete_sync+0x21e/0x300
[  300.483657]  ? __this_cpu_preempt_check+0x21/0x30
[  300.484000]  ? lock_release+0x14f/0x2a0
[  300.484293]  kjournald2+0x203/0x790
[  300.484563]  ? __pfx_kjournald2+0x10/0x10
[  300.484849]  ? _raw_spin_unlock_irqrestore+0x35/0x70
[  300.485196]  ? trace_hardirqs_on+0x26/0x130
[  300.485503]  ? __pfx_autoremove_wake_function+0x10/0x10
[  300.485888]  ? __sanitizer_cov_trace_const_cmp1+0x1e/0x30
[  300.486275]  ? __kthread_parkme+0x1bc/0x260
[  300.486577]  ? __pfx_kjournald2+0x10/0x10
[  300.486864]  kthread+0x41a/0x570
[  300.487109]  ? __pfx_kthread+0x10/0x10
[  300.487391]  ret_from_fork+0x781/0xbe0
[  300.487663]  ? __pfx_ret_from_fork+0x10/0x10
[  300.487967]  ? native_load_tls+0x16/0x50
[  300.488253]  ? __sanitizer_cov_trace_const_cmp8+0x1c/0x30
[  300.488645]  ? __switch_to+0x81e/0x10b0
[  300.488927]  ? __pfx_kthread+0x10/0x10
[  300.489204]  ret_from_fork_asm+0x1a/0x30
[  300.489506]  </TASK>
[  300.489690] INFO: task auditd:234 blocked for more than 147 seconds.
[  300.490128]       Not tainted 6.19.0-939faf71cf7c+ #1
[  300.490486] "echo 0 > /proc/sys/kernel/hung_task_timeout_secs" disables this message.
[  300.491028] task:auditd          state:D stack:0     pid:234   tgid:234   ppid:1      task_flags:0x400140 flags:0x00080000
[  300.491792] Call Trace:
[  300.491971]  <TASK>
[  300.492130]  __schedule+0xfa2/0x40a0
[  300.492399]  ? __pfx___schedule+0x10/0x10
[  300.492687]  ? lock_release+0x14f/0x2a0
[  300.492966]  ? wait_transaction_locked+0x196/0x240
[  300.493310]  schedule+0xf6/0x3d0
[  300.493565]  wait_transaction_locked+0x1bb/0x240
[  300.493891]  ? wait_transaction_locked+0x196/0x240
[  300.494237]  ? __pfx_wait_transaction_locked+0x10/0x10
[  300.494606]  ? __pfx_autoremove_wake_function+0x10/0x10
[  300.494988]  ? jbd2__journal_start+0x19c/0x810
[  300.495318]  add_transaction_credits+0x121/0x1000
[  300.495664]  ? __pfx_add_transaction_credits+0x10/0x10
[  300.496026]  ? __this_cpu_preempt_check+0x21/0x30
[  300.496359]  ? lock_acquire+0x180/0x2f0
[  300.496650]  ? __kasan_check_write+0x18/0x20
[  300.496966]  start_this_handle+0x457/0x1550
[  300.497279]  ? __pfx_start_this_handle+0x10/0x10
[  300.497618]  ? debug_smp_processor_id+0x20/0x30
[  300.497946]  ? rcu_is_watching+0x19/0xc0
[  300.498230]  ? kmem_cache_alloc_noprof+0x4e2/0x780
[  300.498587]  jbd2__journal_start+0x397/0x810
[  300.498904]  __ext4_journal_start_sb+0x3fc/0x580
[  300.499243]  ? ext4_dirty_inode+0xb3/0x140
[  300.499550]  ? __pfx_ext4_dirty_inode+0x10/0x10
[  300.499873]  ext4_dirty_inode+0xb3/0x140
[  300.500152]  ? rcu_is_watching+0x19/0xc0
[  300.500439]  __mark_inode_dirty+0x1de/0x14c0
[  300.500756]  file_update_time_flags+0x482/0x510
[  300.501093]  file_modified+0x43/0x60
[  300.501354]  ext4_buffered_write_iter+0x101/0x460
[  300.501717]  ext4_file_write_iter+0xb2a/0x1ee0
[  300.502052]  ? __pfx_ext4_file_write_iter+0x10/0x10
[  300.502408]  ? __this_cpu_preempt_check+0x21/0x30
[  300.502745]  ? lock_is_held_type+0xef/0x150
[  300.503043]  vfs_write+0xc6d/0x11f0
[  300.503299]  ? __pfx_ext4_file_write_iter+0x10/0x10
[  300.503653]  ? __pfx_vfs_write+0x10/0x10
[  300.503945]  ? mutex_lock_nested+0x1f/0x30
[  300.504249]  ksys_write+0x14e/0x280
[  300.504505]  ? __pfx_ksys_write+0x10/0x10
[  300.504796]  ? entry_SYSCALL_64_after_hwframe+0x76/0x7e
[  300.505170]  __x64_sys_write+0x7b/0xc0
[  300.505448]  x64_sys_call+0x1704/0x21c0
[  300.505743]  do_syscall_64+0xc1/0x1180
[  300.506022]  entry_SYSCALL_64_after_hwframe+0x76/0x7e
[  300.506386] RIP: 0033:0x7f8bc713ebcf
[  300.506644] RSP: 002b:00007ffcf784e9e0 EFLAGS: 00000293 ORIG_RAX: 0000000000000001
[  300.507174] RAX: ffffffffffffffda RBX: 00000000000000f0 RCX: 00007f8bc713ebcf
[  300.507672] RDX: 00000000000000f0 RSI: 0000561f8f6c50a0 RDI: 0000000000000005
[  300.508169] RBP: 0000561f8f6c50a0 R08: 0000000000000000 R09: 00007f8bc71b14e0
[  300.508672] R10: 00007f8bc71b13e0 R11: 0000000000000293 R12: 00000000000000f0
[  300.509170] R13: 0000561f8f6bb2a0 R14: 00000000000000f0 R15: 00007f8bc71f69e0
[  300.509697]  </TASK>
[  300.509864] INFO: task rs:main Q:Reg:311 blocked for more than 147 seconds.
[  300.510343]       Not tainted 6.19.0-939faf71cf7c+ #1
[  300.510695] "echo 0 > /proc/sys/kernel/hung_task_timeout_secs" disables this message.
[  300.511228] task:rs:main Q:Reg   state:D stack:0     pid:311   tgid:289   ppid:1      task_flags:0x400040 flags:0x00080000
[  300.511989] Call Trace:
[  300.512168]  <TASK>
[  300.512334]  __schedule+0xfa2/0x40a0
[  300.512615]  ? __pfx___schedule+0x10/0x10
[  300.512903]  ? lock_release+0x14f/0x2a0
[  300.513178]  ? wait_transaction_locked+0x196/0x240
[  300.513530]  schedule+0xf6/0x3d0
[  300.513782]  wait_transaction_locked+0x1bb/0x240
[  300.514110]  ? wait_transaction_locked+0x196/0x240
[  300.514456]  ? __pfx_wait_transaction_locked+0x10/0x10
[  300.514823]  ? __pfx_autoremove_wake_function+0x10/0x10
[  300.515198]  ? jbd2__journal_start+0x19c/0x810
[  300.515535]  add_transaction_credits+0x121/0x1000
[  300.515876]  ? __pfx_do_raw_spin_lock+0x10/0x10
[  300.516208]  ? __pfx_add_transaction_credits+0x10/0x10
[  300.516580]  ? __this_cpu_preempt_check+0x21/0x30
[  300.516918]  ? lock_acquire+0x180/0x2f0
[  300.517196]  ? __kasan_check_write+0x18/0x20
[  300.517513]  start_this_handle+0x457/0x1550
[  300.517836]  ? __pfx_start_this_handle+0x10/0x10
[  300.518166]  ? debug_smp_processor_id+0x20/0x30
[  300.518497]  ? rcu_is_watching+0x19/0xc0
[  300.518780]  ? kmem_cache_alloc_noprof+0x4e2/0x780
[  300.519127]  jbd2__journal_start+0x397/0x810
[  300.519449]  __ext4_journal_start_sb+0x3fc/0x580
[  300.519784]  ? ext4_dirty_inode+0xb3/0x140
[  300.520087]  ? __pfx_ext4_dirty_inode+0x10/0x10
[  300.520420]  ext4_dirty_inode+0xb3/0x140
[  300.520702]  ? rcu_is_watching+0x19/0xc0
[  300.520989]  __mark_inode_dirty+0x1de/0x14c0
[  300.521306]  file_update_time_flags+0x482/0x510
[  300.521650]  file_modified+0x43/0x60
[  300.521910]  ext4_buffered_write_iter+0x101/0x460
[  300.522254]  ext4_file_write_iter+0xb2a/0x1ee0
[  300.522593]  ? __pfx_ext4_file_write_iter+0x10/0x10
[  300.522948]  ? __this_cpu_preempt_check+0x21/0x30
[  300.523279]  ? lock_is_held_type+0xef/0x150
[  300.523584]  vfs_write+0xc6d/0x11f0
[  300.523839]  ? __pfx_ext4_file_write_iter+0x10/0x10
[  300.524192]  ? __pfx_vfs_write+0x10/0x10
[  300.524492]  ? mutex_lock_nested+0x1f/0x30
[  300.524790]  ksys_write+0x14e/0x280
[  300.525050]  ? __pfx_ksys_write+0x10/0x10
[  300.525345]  ? seqcount_lockdep_reader_access.constprop.0+0xc0/0xd0
[  300.525800]  ? ktime_get_coarse_real_ts64+0xad/0xf0
[  300.526155]  __x64_sys_write+0x7b/0xc0
[  300.526427]  x64_sys_call+0x1704/0x21c0
[  300.526701]  do_syscall_64+0xc1/0x1180
[  300.526976]  entry_SYSCALL_64_after_hwframe+0x76/0x7e
[  300.527333] RIP: 0033:0x7f9c6253ebcf
[  300.527592] RSP: 002b:00007f9c6148a890 EFLAGS: 00000293 ORIG_RAX: 0000000000000001
[  300.528118] RAX: ffffffffffffffda RBX: 00007f9c54004c40 RCX: 00007f9c6253ebcf
[  300.528621] RDX: 0000000000000056 RSI: 00007f9c54004ee0 RDI: 0000000000000005
[  300.529122] RBP: 00007f9c54004ee0 R08: 0000000000000000 R09: 0000000000000000
[  300.529623] R10: 000000000000000a R11: 0000000000000293 R12: 0000000000000000
[  300.530115] R13: 0000561bf298de00 R14: 00007f9c54004c40 R15: 0000000000000056
[  300.530623]  </TASK>
[  300.530786] INFO: task repro:708 blocked for more than 147 seconds.
[  300.531218]       Not tainted 6.19.0-939faf71cf7c+ #1
[  300.531582] "echo 0 > /proc/sys/kernel/hung_task_timeout_secs" disables this message.
[  300.532123] task:repro           state:D stack:0     pid:708   tgid:708   ppid:707    task_flags:0x400140 flags:0x00080000
[  300.532878] Call Trace:
[  300.533060]  <TASK>
[  300.533217]  __schedule+0xfa2/0x40a0
[  300.533488]  ? __pfx___schedule+0x10/0x10
[  300.533787]  ? lock_release+0x14f/0x2a0
[  300.534061]  ? _raw_spin_unlock_irqrestore+0x45/0x70
[  300.534419]  schedule+0xf6/0x3d0
[  300.534661]  jbd2_log_wait_commit+0x2e4/0x4a0
[  300.534976]  ? __pfx_jbd2_log_wait_commit+0x10/0x10
[  300.535332]  ? lock_release+0x14f/0x2a0
[  300.535619]  ? __pfx_autoremove_wake_function+0x10/0x10
[  300.535991]  ? stop_this_handle+0x39f/0x670
[  300.536300]  jbd2_journal_stop+0xad4/0xe50
[  300.536597]  ? __sanitizer_cov_trace_const_cmp2+0x21/0x30
[  300.536975]  ? __pfx_jbd2_journal_stop+0x10/0x10
[  300.537314]  ? __pfx_ext4_free_inode+0x10/0x10
[  300.537654]  __ext4_journal_stop+0xea/0x200
[  300.537962]  ext4_evict_inode+0x8ce/0x1760
[  300.538263]  ? __pfx_ext4_evict_inode+0x10/0x10
[  300.538598]  ? do_raw_spin_unlock+0x15c/0x210
[  300.538904]  ? __pfx_ext4_evict_inode+0x10/0x10
[  300.539231]  evict+0x371/0xae0
[  300.539470]  ? __pfx_evict+0x10/0x10
[  300.539733]  ? iput+0x7a9/0xd70
[  300.539967]  ? iput+0x7a9/0xd70
[  300.540225]  ? __this_cpu_preempt_check+0x21/0x30
[  300.540576]  ? do_raw_spin_unlock+0x15c/0x210
[  300.540892]  iput+0x7b1/0xd70
[  300.541118]  vfs_rmdir+0x5d2/0x880
[  300.541365]  filename_rmdir+0x3e5/0x560
[  300.541665]  ? __pfx_filename_rmdir+0x10/0x10
[  300.541980]  ? __sanitizer_cov_trace_const_cmp8+0x1c/0x30
[  300.542359]  ? strncpy_from_user+0x198/0x290
[  300.542673]  ? __sanitizer_cov_trace_const_cmp4+0x1a/0x20
[  300.543047]  ? do_getname+0x19e/0x3e0
[  300.543313]  __x64_sys_rmdir+0x50/0x70
[  300.543584]  x64_sys_call+0x1f96/0x21c0
[  300.543854]  do_syscall_64+0xc1/0x1180
[  300.544129]  entry_SYSCALL_64_after_hwframe+0x76/0x7e
[  300.544485] RIP: 0033:0x7f871fa3ebdb
[  300.544734] RSP: 002b:00007ffd94c8b6e8 EFLAGS: 00000206 ORIG_RAX: 0000000000000054
[  300.545249] RAX: ffffffffffffffda RBX: 0000000000000000 RCX: 00007f871fa3ebdb
[  300.545757] RDX: 0000000000010cf0 RSI: 0000000000000000 RDI: 00007ffd94c8c880
[  300.546245] RBP: 00007ffd94c8c7d0 R08: 0000000000000003 R09: 0000000000000078
[  300.546734] R10: 00007f871fa0d938 R11: 0000000000000206 R12: 00007ffd94c8da38
[  300.547211] R13: 000000000040349d R14: 0000000000405e08 R15: 00007f871fe18000
[  300.547712]  </TASK>
[  300.547872] Future hung task reports are suppressed, see sysctl kernel.hung_task_warnings
[  300.548440] 
[  300.548440] Showing all locks held in the system:
[  300.548856] 3 locks held by systemd/729:
[  300.549125]  #0: ff1100000fe80408 (sb_writers#3){.+.+}-{0:0}, at: filename_rmdir+0x2e6/0x560
[  300.549736]  #1: ff1100001af42a20 (&type->i_mutex_dir_key#3/1){+.+.}-{4:4}, at: filename_rmdir+0x332/0x560
[  300.550423]  #2: ff1100001af43d40 (&type->i_mutex_dir_key#3){++++}-{4:4}, at: vfs_rmdir+0xfc/0x880
[  300.551060] 3 locks held by systemd/730:
[  300.551332]  #0: ff1100000fe80408 (sb_writers#3){.+.+}-{0:0}, at: filename_rmdir+0x2e6/0x560
[  300.551937]  #1: ff1100001af459f0 (&type->i_mutex_dir_key#3/1){+.+.}-{4:4}, at: filename_rmdir+0x332/0x560
[  300.552627]  #2: ff1100001af476a0 (&type->i_mutex_dir_key#3){++++}-{4:4}, at: vfs_rmdir+0xfc/0x880
[  300.553257] 4 locks held by kworker/u8:0/12:
[  300.553572]  #0: ff1100000c25d148 ((wq_completion)writeback){+.+.}-{0:0}, at: process_one_work+0x1260/0x1ad0
[  300.554263]  #1: ff1100000b96fce8 ((work_completion)(&(&wb->dwork)->work)){+.+.}-{0:0}, at: process_one_work+0x89f/0x1ad0
[  300.555016]  #2: ff1100000fe800e0 (&type->s_umount_key#39){++++}-{4:4}, at: super_trylock_shared+0x2b/0x110
[  300.555698]  #3: ff1100000fe90b98 (&sbi->s_writepages_rwsem){++++}-{0:0}, at: do_writepages+0x255/0x5b0
[  300.556349] 1 lock held by khungtaskd/32:
[  300.556629]  #0: ffffffff87666c20 (rcu_read_lock){....}-{1:3}, at: debug_show_all_locks+0x3b/0x1f0
[  300.557252] 4 locks held by kworker/u8:1/34:
[  300.557565]  #0: ff1100000c25d148 ((wq_completion)writeback){+.+.}-{0:0}, at: process_one_work+0x1260/0x1ad0
[  300.558255]  #1: ff1100000c24fce8 ((work_completion)(&(&wb->dwork)->work)){+.+.}-{0:0}, at: process_one_work+0x89f/0x1ad0
[  300.559016]  #2: ff1100000fe800e0 (&type->s_umount_key#39){++++}-{4:4}, at: super_trylock_shared+0x2b/0x110
[  300.559710]  #3: ff1100000fe90b98 (&sbi->s_writepages_rwsem){++++}-{0:0}, at: do_writepages+0x255/0x5b0
[  300.560371] 4 locks held by kworker/u8:2/36:
[  300.560673]  #0: ff1100000c25d148 ((wq_completion)writeback){+.+.}-{0:0}, at: process_one_work+0x1260/0x1ad0
[  300.561356]  #1: ff1100000c277ce8 ((work_completion)(&(&wb->dwork)->work)){+.+.}-{0:0}, at: process_one_work+0x89f/0x1ad0
[  300.562124]  #2: ff1100000fe800e0 (&type->s_umount_key#39){++++}-{4:4}, at: super_trylock_shared+0x2b/0x110
[  300.562815]  #3: ff1100000fe90b98 (&sbi->s_writepages_rwsem){++++}-{0:0}, at: do_writepages+0x255/0x5b0
[  300.563473] 4 locks held by kworker/u8:3/53:
[  300.563772]  #0: ff1100000c25d148 ((wq_completion)writeback){+.+.}-{0:0}, at: process_one_work+0x1260/0x1ad0
[  300.564460]  #1: ff1100000c8e7ce8 ((work_completion)(&(&wb->dwork)->work)){+.+.}-{0:0}, at: process_one_work+0x89f/0x1ad0
[  300.565209]  #2: ff1100000fe800e0 (&type->s_umount_key#39){++++}-{4:4}, at: super_trylock_shared+0x2b/0x110
[  300.565905]  #3: ff1100000fe90b98 (&sbi->s_writepages_rwsem){++++}-{0:0}, at: do_writepages+0x255/0x5b0
[  300.566575] 3 locks held by auditd/234:
[  300.566835]  #0: ff110000153490b8 (&f->f_pos_lock){+.+.}-{4:4}, at: fdget_pos+0x2b5/0x390
[  300.567411]  #1: ff1100000fe80408 (sb_writers#3){.+.+}-{0:0}, at: ksys_write+0x14e/0x280
[  300.567978]  #2: ff1100001727c6d0 (&sb->s_type->i_mutex_key#10){++++}-{4:4}, at: ext4_buffered_write_iter+0xb8/0x460
[  300.568718] 2 locks held by in:imjournal/309:
[  300.569016]  #0: ff1100000fe80408 (sb_writers#3){.+.+}-{0:0}, at: path_openat+0x1939/0x2f70
[  300.569621]  #1: ff1100001cc4aa20 (&type->i_mutex_dir_key#3){++++}-{4:4}, at: path_openat+0xf5d/0x2f70
[  300.570279] 3 locks held by rs:main Q:Reg/311:
[  300.570587]  #0: ff11000013655978 (&f->f_pos_lock){+.+.}-{4:4}, at: fdget_pos+0x2b5/0x390
[  300.571160]  #1: ff1100000fe80408 (sb_writers#3){.+.+}-{0:0}, at: ksys_write+0x14e/0x280
[  300.571721]  #2: ff1100001ce1d060 (&sb->s_type->i_mutex_key#10){++++}-{4:4}, at: ext4_buffered_write_iter+0xb8/0x460
[  300.572469] 3 locks held by repro/708:
[  300.572733]  #0: ff1100000fe80408 (sb_writers#3){.+.+}-{0:0}, at: filename_rmdir+0x2e6/0x560
[  300.573333]  #1: ff11000020aa33b0 (&type->i_mutex_dir_key#3/1){+.+.}-{4:4}, at: filename_rmdir+0x332/0x560
[  300.574021]  #2: ff1100000fe805f8 (sb_internal){.+.+}-{0:0}, at: evict+0x371/0xae0
[  300.574559] 3 locks held by repro/709:
[  300.574821]  #0: ff1100000fe80408 (sb_writers#3){.+.+}-{0:0}, at: filename_rmdir+0x2e6/0x560
[  300.575418]  #1: ff11000020a12090 (&type->i_mutex_dir_key#3/1){+.+.}-{4:4}, at: filename_rmdir+0x332/0x560
[  300.576085]  #2: ff1100000fe805f8 (sb_internal){.+.+}-{0:0}, at: evict+0x371/0xae0
[  300.576621] 3 locks held by repro/713:
[  300.576887]  #0: ff1100000fe80408 (sb_writers#3){.+.+}-{0:0}, at: filename_create+0x122/0x460
[  300.577487]  #1: ff11000020a433b0 (&type->i_mutex_dir_key#3/1){+.+.}-{4:4}, at: filename_create+0x1e6/0x460
[  300.578186]  #2: ff1100000fe94950 (jbd2_handle){++++}-{0:0}, at: start_this_handle+0x1042/0x1550
[  300.578804] 3 locks held by repro/714:
[  300.579070]  #0: ff11000022e83eb8 (&f->f_pos_lock){+.+.}-{4:4}, at: fdget_pos+0x2b5/0x390
[  300.579632]  #1: ff11000020a403e0 (&type->i_mutex_dir_key#3){++++}-{4:4}, at: iterate_dir+0x1a0/0xb00
[  300.580282]  #2: ff1100000fe80408 (sb_writers#3){.+.+}-{0:0}, at: iterate_dir+0x879/0xb00
[  300.580866] 3 locks held by repro/715:
[  300.581135]  #0: ff11000022e81278 (&f->f_pos_lock){+.+.}-{4:4}, at: fdget_pos+0x2b5/0x390
[  300.581720]  #1: ff11000020a42a20 (&type->i_mutex_dir_key#3){++++}-{4:4}, at: iterate_dir+0x1a0/0xb00
[  300.582381]  #2: ff1100000fe80408 (sb_writers#3){.+.+}-{0:0}, at: iterate_dir+0x879/0xb00
[  300.582970] 3 locks held by repro/716:
[  300.583232]  #0: ff1100000fe80408 (sb_writers#3){.+.+}-{0:0}, at: filename_rmdir+0x2e6/0x560
[  300.583833]  #1: ff11000020a459f0 (&type->i_mutex_dir_key#3/1){+.+.}-{4:4}, at: filename_rmdir+0x332/0x560
[  300.584515]  #2: ff1100000fe805f8 (sb_internal){.+.+}-{0:0}, at: evict+0x371/0xae0
[  300.585044] 3 locks held by repro/717:
[  300.585306]  #0: ff11000022e7d278 (&f->f_pos_lock){+.+.}-{4:4}, at: fdget_pos+0x2b5/0x390
[  300.585894]  #1: ff11000020ac46d0 (&type->i_mutex_dir_key#3){++++}-{4:4}, at: iterate_dir+0x1a0/0xb00
[  300.586557]  #2: ff1100000fe80408 (sb_writers#3){.+.+}-{0:0}, at: iterate_dir+0x879/0xb00
[  300.587132] 2 locks held by repro/726:
[  300.587399]  #0: ff1100000fe80408 (sb_writers#3){.+.+}-{0:0}, at: filename_create+0x122/0x460
[  300.587997]  #1: ff11000020ac0d70 (&type->i_mutex_dir_key#3/1){+.+.}-{4:4}, at: filename_create+0x1e6/0x460
[  300.588696] 4 locks held by kworker/u8:5/733:
[  300.588996]  #0: ff1100000c25d148 ((wq_completion)writeback){+.+.}-{0:0}, at: process_one_work+0x1260/0x1ad0
[  300.589703]  #1: ff1100000e39fce8 ((work_completion)(&(&wb->dwork)->work)){+.+.}-{0:0}, at: process_one_work+0x89f/0x1ad0
[  300.590454]  #2: ff1100000fe800e0 (&type->s_umount_key#39){++++}-{4:4}, at: super_trylock_shared+0x2b/0x110
[  300.591136]  #3: ff1100000fe90b98 (&sbi->s_writepages_rwsem){++++}-{0:0}, at: do_writepages+0x255/0x5b0
[  300.591809] 
[  300.591927] =============================================
[  300.591927] 
