c[?7l[2J[0mSeaBIOS (version rel-1.16.0-0-gd239552ce722-prebuilt.qemu.org)


iPXE (http://ipxe.org) 00:03.0 CA00 PCI2.10 PnP PMM+7FF91000+7FEF1000 CA00
Press Ctrl-B to configure iPXE (PCI 00:03.0)...                                                                               


Booting from ROM..c[?7l[2J[    0.000000] Linux version 6.19.0-rc1-a6b9f5b2f04b+ (root@gnr-bkc) (gcc (GCC) 11.5.0 20240719 (Red Hat 11.5.0-14), GNU ld version 2.35.2-54.el9) #1 SMP PREEMPT_DYNAMIC Fri Mar 13 03:06:27 CST 2026
[    0.000000] Command line: console=ttyS0 root=/dev/sda earlyprintk=serial net.ifnames=0 thunderbolt.dyndbg
[    0.000000] KERNEL supported cpus:
[    0.000000]   Intel GenuineIntel
[    0.000000]   AMD AuthenticAMD
[    0.000000]   Hygon HygonGenuine
[    0.000000]   Centaur CentaurHauls
[    0.000000]   zhaoxin   Shanghai  
[    0.000000] x86/split lock detection: #DB: warning on user-space bus_locks
[    0.000000] BIOS-provided physical RAM map:
[    0.000000] BIOS-e820: [mem 0x0000000000000000-0x000000000009fbff] usable
[    0.000000] BIOS-e820: [mem 0x000000000009fc00-0x000000000009ffff] reserved
[    0.000000] BIOS-e820: [mem 0x00000000000f0000-0x00000000000fffff] reserved
[    0.000000] BIOS-e820: [mem 0x0000000000100000-0x000000007ffdffff] usable
[    0.000000] BIOS-e820: [mem 0x000000007ffe0000-0x000000007fffffff] reserved
[    0.000000] BIOS-e820: [mem 0x00000000feffc000-0x00000000feffffff] reserved
[    0.000000] BIOS-e820: [mem 0x00000000fffc0000-0x00000000ffffffff] reserved
[    0.000000] printk: legacy bootconsole [earlyser0] enabled
[    0.000000] NX (Execute Disable) protection: active
[    0.000000] APIC: Static calls initialized
[    0.000000] SMBIOS 2.8 present.
[    0.000000] DMI: QEMU Standard PC (i440FX + PIIX, 1996), BIOS rel-1.16.0-0-gd239552ce722-prebuilt.qemu.org 04/01/2014
[    0.000000] DMI: Memory slots populated: 1/1
[    0.000000] Hypervisor detected: KVM
[    0.000000] last_pfn = 0x7ffe0 max_arch_pfn = 0x10000000000
[    0.000000] kvm-clock: Using msrs 4b564d01 and 4b564d00
[    0.000003] kvm-clock: using sched offset of 687556163 cycles
[    0.000516] clocksource: kvm-clock: mask: 0xffffffffffffffff max_cycles: 0x1cd42e4dffb, max_idle_ns: 881590591483 ns
[    0.002120] tsc: Detected 1700.000 MHz processor
[    0.010140] last_pfn = 0x7ffe0 max_arch_pfn = 0x10000000000
[    0.010724] MTRR map: 4 entries (3 fixed + 1 variable; max 19), built from 8 variable MTRRs
[    0.011551] x86/PAT: Configuration [0-7]: WB  WC  UC- UC  WB  WP  UC- WT  
[    0.017297] found SMP MP-table at [mem 0x000f5ba0-0x000f5baf]
[    0.017893] Using GB pages for direct mapping
[    0.020419] ACPI: Early table checksum verification disabled
[    0.020978] ACPI: RSDP 0x00000000000F59C0 000014 (v00 BOCHS )
[    0.021553] ACPI: RSDT 0x000000007FFE1951 000034 (v01 BOCHS  BXPC     00000001 BXPC 00000001)
[    0.022407] ACPI: FACP 0x000000007FFE17FD 000074 (v01 BOCHS  BXPC     00000001 BXPC 00000001)
[    0.023256] ACPI: DSDT 0x000000007FFE0040 0017BD (v01 BOCHS  BXPC     00000001 BXPC 00000001)
[    0.024105] ACPI: FACS 0x000000007FFE0000 000040
[    0.024568] ACPI: APIC 0x000000007FFE1871 000080 (v01 BOCHS  BXPC     00000001 BXPC 00000001)
[    0.025411] ACPI: HPET 0x000000007FFE18F1 000038 (v01 BOCHS  BXPC     00000001 BXPC 00000001)
[    0.026250] ACPI: WAET 0x000000007FFE1929 000028 (v01 BOCHS  BXPC     00000001 BXPC 00000001)
[    0.027092] ACPI: Reserving FACP table memory at [mem 0x7ffe17fd-0x7ffe1870]
[    0.027781] ACPI: Reserving DSDT table memory at [mem 0x7ffe0040-0x7ffe17fc]
[    0.028469] ACPI: Reserving FACS table memory at [mem 0x7ffe0000-0x7ffe003f]
[    0.029160] ACPI: Reserving APIC table memory at [mem 0x7ffe1871-0x7ffe18f0]
[    0.029846] ACPI: Reserving HPET table memory at [mem 0x7ffe18f1-0x7ffe1928]
[    0.030535] ACPI: Reserving WAET table memory at [mem 0x7ffe1929-0x7ffe1950]
[    0.032088] No NUMA configuration found
[    0.032464] Faking a node at [mem 0x0000000000000000-0x000000007ffdffff]
[    0.033169] NODE_DATA(0) allocated [mem 0x7ffb4ec0-0x7ffdfcbf]
[    0.034806] Zone ranges:
[    0.035086]   DMA      [mem 0x0000000000001000-0x0000000000ffffff]
[    0.035694]   DMA32    [mem 0x0000000001000000-0x000000007ffdffff]
[    0.036303]   Normal   empty
[    0.036588]   Device   empty
[    0.036873] Movable zone start for each node
[    0.037307] Early memory node ranges
[    0.037657]   node   0: [mem 0x0000000000001000-0x000000000009efff]
[    0.038270]   node   0: [mem 0x0000000000100000-0x000000007ffdffff]
[    0.038883] Initmem setup node 0 [mem 0x0000000000001000-0x000000007ffdffff]
[    0.039866] On node 0, zone DMA: 1 pages in unavailable ranges
[    0.040630] On node 0, zone DMA: 97 pages in unavailable ranges
[    0.067605] On node 0, zone DMA32: 32 pages in unavailable ranges
[    0.122414] KernelAddressSanitizer initialized (generic)
[    0.123581] ACPI: PM-Timer IO Port: 0x608
[    0.124169] ACPI: LAPIC_NMI (acpi_id[0xff] dfl dfl lint[0x1])
[    0.125023] IOAPIC[0]: apic_id 0, version 17, address 0xfec00000, GSI 0-23
[    0.125975] ACPI: INT_SRC_OVR (bus 0 bus_irq 0 global_irq 2 dfl dfl)
[    0.126842] ACPI: INT_SRC_OVR (bus 0 bus_irq 5 global_irq 5 high level)
[    0.127497] ACPI: INT_SRC_OVR (bus 0 bus_irq 9 global_irq 9 high level)
[    0.128152] ACPI: INT_SRC_OVR (bus 0 bus_irq 10 global_irq 10 high level)
[    0.128820] ACPI: INT_SRC_OVR (bus 0 bus_irq 11 global_irq 11 high level)
[    0.129503] ACPI: Using ACPI (MADT) for SMP configuration information
[    0.130137] ACPI: HPET id: 0x8086a201 base: 0xfed00000
[    0.130648] TSC deadline timer available
[    0.131046] CPU topo: Max. logical packages:   1
[    0.131498] CPU topo: Max. logical dies:       1
[    0.131951] CPU topo: Max. dies per package:   1
[    0.132414] CPU topo: Max. threads per core:   1
[    0.132871] CPU topo: Num. cores per package:     2
[    0.133354] CPU topo: Num. threads per package:   2
[    0.133831] CPU topo: Allowing 2 present CPUs plus 0 hotplug CPUs
[    0.134476] kvm-guest: APIC: eoi() replaced with kvm_guest_apic_eoi_write()
[    0.135188] kvm-guest: KVM setup pv remote TLB flush
[    0.135679] kvm-guest: setup PV sched yield
[    0.136132] PM: hibernation: Registered nosave memory: [mem 0x00000000-0x00000fff]
[    0.136876] PM: hibernation: Registered nosave memory: [mem 0x0009f000-0x000fffff]
[    0.137621] [mem 0x80000000-0xfeffbfff] available for PCI devices
[    0.138223] Booting paravirtualized kernel on KVM
[    0.138690] clocksource: refined-jiffies: mask: 0xffffffff max_cycles: 0xffffffff, max_idle_ns: 7645519600211568 ns
[    0.139726] setup_percpu: NR_CPUS:8192 nr_cpumask_bits:2 nr_cpu_ids:2 nr_node_ids:1
[    0.140957] percpu: Embedded 81 pages/cpu s294912 r8192 d28672 u1048576
[    0.141786] kvm-guest: PV spinlocks enabled
[    0.142212] PV qspinlock hash table entries: 256 (order: 0, 4096 bytes, linear)
[    0.142939] Kernel command line: net.ifnames=0 console=ttyS0 root=/dev/sda earlyprintk=serial net.ifnames=0 thunderbolt.dyndbg
[    0.144328] random: crng init done
[    0.144666] printk: log buffer data + meta data: 262144 + 917504 = 1179648 bytes
[    0.145784] Dentry cache hash table entries: 262144 (order: 9, 2097152 bytes, linear)
[    0.146920] Inode-cache hash table entries: 131072 (order: 8, 1048576 bytes, linear)
[    0.147964] Fallback order for Node 0: 0 
[    0.147975] Built 1 zonelists, mobility grouping on.  Total pages: 524158
[    0.149000] Policy zone: DMA32
[    0.149295] mem auto-init: stack:off, heap alloc:off, heap free:off
[    0.149885] stackdepot: allocating hash table via alloc_large_system_hash
[    0.150538] stackdepot hash table entries: 1048576 (order: 12, 16777216 bytes, linear)
[    0.154296] stackdepot: allocating space for 8192 stack pools via memblock
[    0.190635] SLUB: HWalign=64, Order=0-3, MinObjects=0, CPUs=2, Nodes=1
[    0.191269] kmemleak: Kernel memory leak detector disabled
[    0.226743] ftrace: allocating 75259 entries in 296 pages
[    0.227264] ftrace: allocated 296 pages with 3 groups
[    0.231900] Dynamic Preempt: voluntary
[    0.232749] Running RCU self tests
[    0.233076] Running RCU synchronous self tests
[    0.233497] rcu: Preemptible hierarchical RCU implementation.
[    0.234043] rcu: 	RCU lockdep checking is enabled.
[    0.234496] rcu: 	RCU restricting CPUs from NR_CPUS=8192 to nr_cpu_ids=2.
[    0.235141] 	Trampoline variant of Tasks RCU enabled.
[    0.235618] 	Rude variant of Tasks RCU enabled.
[    0.236050] 	Tracing variant of Tasks RCU enabled.
[    0.236504] rcu: RCU calculated value of scheduler-enlistment delay is 25 jiffies.
[    0.237218] rcu: Adjusting geometry for rcu_fanout_leaf=16, nr_cpu_ids=2
[    0.237932] Running RCU synchronous self tests
[    0.238358] RCU Tasks: Setting shift to 1 and lim to 1 rcu_task_cb_adjust=1 rcu_task_cpu_ids=2.
[    0.239182] RCU Tasks Rude: Setting shift to 1 and lim to 1 rcu_task_cb_adjust=1 rcu_task_cpu_ids=2.
[    0.240048] RCU Tasks Trace: Setting shift to 1 and lim to 1 rcu_task_cb_adjust=1 rcu_task_cpu_ids=2.
[    0.309082] NR_IRQS: 524544, nr_irqs: 440, preallocated irqs: 16
[    0.310195] rcu: srcu_init: Setting srcu_struct sizes based on contention.
[    0.319602] Console: colour VGA+ 80x25
[    0.320051] printk: legacy console [ttyS0] enabled
[    0.320051] printk: legacy console [ttyS0] enabled
[    0.320974] printk: legacy bootconsole [earlyser0] disabled
[    0.320974] printk: legacy bootconsole [earlyser0] disabled
[    0.322062] Lock dependency validator: Copyright (c) 2006 Red Hat, Inc., Ingo Molnar
[    0.322807] ... MAX_LOCKDEP_SUBCLASSES:  8
[    0.323215] ... MAX_LOCK_DEPTH:          48
[    0.323629] ... MAX_LOCKDEP_KEYS:        8192
[    0.324512] ... CLASSHASH_SIZE:          4096
[    0.324984] ... MAX_LOCKDEP_ENTRIES:     32768
[    0.325462] ... MAX_LOCKDEP_CHAINS:      65536
[    0.325939] ... CHAINHASH_SIZE:          32768
[    0.326420]  memory used by lock dependency info: 6429 kB
[    0.326996]  memory used for stack traces: 4224 kB
[    0.327510]  per task-struct memory footprint: 1920 bytes
[    0.328208] ACPI: Core revision 20250807
[    0.329104] clocksource: hpet: mask: 0xffffffff max_cycles: 0xffffffff, max_idle_ns: 19112604467 ns
[    0.330252] APIC: Switch to symmetric I/O mode setup
[    0.330984] x2apic enabled
[    0.331702] APIC: Switched APIC routing to: physical x2apic
[    0.332303] kvm-guest: APIC: send_IPI_mask() replaced with kvm_send_ipi_mask()
[    0.333089] kvm-guest: APIC: send_IPI_mask_allbutself() replaced with kvm_send_ipi_mask_allbutself()
[    0.334059] kvm-guest: setup PV IPIs
[    0.335642] ..TIMER: vector=0x30 apic1=0 pin1=2 apic2=-1 pin2=-1
[    0.336255] clocksource: tsc-early: mask: 0xffffffffffffffff max_cycles: 0x1881273ac8e, max_idle_ns: 440795257284 ns
[    0.337285] Calibrating delay loop (skipped) preset value.. 3400.00 BogoMIPS (lpj=6800000)
[    0.341369] x86/cpu: User Mode Instruction Prevention (UMIP) activated
[    0.342111] Last level iTLB entries: 4KB 0, 2MB 0, 4MB 0
[    0.342636] Last level dTLB entries: 4KB 0, 2MB 0, 4MB 0, 1GB 0
[    0.343233] mitigations: Enabled attack vectors: user_kernel, user_user, guest_host, guest_guest, SMT mitigations: auto
[    0.344290] Speculative Store Bypass: Mitigation: Speculative Store Bypass disabled via prctl
[    0.345115] Spectre V2 : Mitigation: Enhanced / Automatic IBRS
[    0.345277] ITS: Mitigation: Aligned branch/return thunks
[    0.345810] Spectre V1 : Mitigation: usercopy/swapgs barriers and __user pointer sanitization
[    0.346637] Spectre V2 : WARNING: Unprivileged eBPF is enabled with eIBRS on, data leaks possible via Spectre v2 BHB attacks!
[    0.347729] Spectre V2 : Spectre v2 / PBRSB-eIBRS: Retire a single CALL on VMEXIT
[    0.348464] Spectre V2 : mitigation: Enabling conditional Indirect Branch Prediction Barrier
[    0.349280] active return thunk: its_return_thunk
[    0.349754] Spectre V2 : Spectre BHI mitigation: SW BHB clearing on syscall and VM exit
[    0.350580] x86/fpu: Supporting XSAVE feature 0x001: 'x87 floating point registers'
[    0.351331] x86/fpu: Supporting XSAVE feature 0x002: 'SSE registers'
[    0.351959] x86/fpu: Supporting XSAVE feature 0x004: 'AVX registers'
[    0.352582] x86/fpu: Supporting XSAVE feature 0x020: 'AVX-512 opmask'
[    0.353276] x86/fpu: Supporting XSAVE feature 0x040: 'AVX-512 Hi256'
[    0.353907] x86/fpu: Supporting XSAVE feature 0x080: 'AVX-512 ZMM_Hi256'
[    0.354565] x86/fpu: Supporting XSAVE feature 0x200: 'Protection Keys User registers'
[    0.355334] x86/fpu: Supporting XSAVE feature 0x20000: 'AMX Tile config'
[    0.355992] x86/fpu: Supporting XSAVE feature 0x40000: 'AMX Tile data'
[    0.356631] x86/fpu: xstate_offset[2]:  576, xstate_sizes[2]:  256
[    0.357276] x86/fpu: xstate_offset[5]:  832, xstate_sizes[5]:   64
[    0.357890] x86/fpu: xstate_offset[6]:  896, xstate_sizes[6]:  512
[    0.358500] x86/fpu: xstate_offset[7]: 1408, xstate_sizes[7]: 1024
[    0.359107] x86/fpu: xstate_offset[9]: 2432, xstate_sizes[9]:    8
[    0.359719] x86/fpu: xstate_offset[17]: 2496, xstate_sizes[17]:   64
[    0.360344] x86/fpu: xstate_offset[18]: 2560, xstate_sizes[18]: 8192
[    0.361276] x86/fpu: Enabled xstate features 0x602e7, context size is 10752 bytes, using 'compacted' format.
[    0.516450] Freeing SMP alternatives memory: 64K
[    0.516936] pid_max: default: 32768 minimum: 301
[    0.517631] Yama: becoming mindful.
[    0.518398] Mount-cache hash table entries: 4096 (order: 3, 32768 bytes, linear)
[    0.519131] Mountpoint-cache hash table entries: 4096 (order: 3, 32768 bytes, linear)
[    0.521547] Running RCU synchronous self tests
[    0.521995] Running RCU synchronous self tests
[    0.522755] smpboot: CPU0: Intel(R) Xeon(R) Gold 6414TDX (family: 0x6, model: 0x8f, stepping: 0x6)
[    0.524407] Performance Events: PEBS fmt0-, Sapphire Rapids events, full-width counters, Intel PMU driver.
[    0.525272] ... version:                   2
[    0.525272] ... bit width:                 48
[    0.525272] ... generic counters:          8
[    0.525282] ... generic bitmap:            00000000000000ff
[    0.525832] ... fixed-purpose counters:    4
[    0.526253] ... fixed-purpose bitmap:      000000000000000f
[    0.526803] ... value mask:                0000ffffffffffff
[    0.527346] ... max period:                00007fffffffffff
[    0.527893] ... global_ctrl mask:          0000000f000000ff
[    0.528943] signal: max sigframe size: 11952
[    0.529429] rcu: Hierarchical SRCU implementation.
[    0.529906] rcu: 	Max phase no-delay instances is 1000.
[    0.530626] Timer migration: 1 hierarchy levels; 8 children per group; 1 crossnode level
[    0.554542] smp: Bringing up secondary CPUs ...
[    0.555555] smpboot: x86: Booting SMP configuration:
[    0.556063] .... node  #0, CPUs:      #1
[    0.557348] smp: Brought up 1 node, 2 CPUs
[    0.558161] smpboot: Total of 2 processors activated (6800.00 BogoMIPS)
[    0.559548] Memory: 1591816K/2096632K available (80926K kernel code, 15557K rwdata, 18816K rodata, 16412K init, 20860K bss, 493188K reserved, 0K cma-reserved)
[    0.561581] devtmpfs: initialized
[    0.562407] x86/mm: Memory block size: 128MB
[    0.574201] Running RCU synchronous self tests
[    0.574613] Running RCU synchronous self tests
[    0.575156] Running RCU Tasks wait API self tests
[    0.575156] Running RCU Tasks Rude wait API self tests
[    0.577286] Running RCU Tasks Trace wait API self tests
[    0.597294] clocksource: jiffies: mask: 0xffffffff max_cycles: 0xffffffff, max_idle_ns: 7645041785100000 ns
[    0.598331] posixtimers hash table entries: 1024 (order: 5, 73728 bytes, linear)
[    0.601331] futex hash table entries: 512 (65536 bytes on 1 NUMA nodes, total 64 KiB, linear).
[    0.604704] 
[    0.604884] *************************************************************
[    0.605281] **     NOTICE NOTICE NOTICE NOTICE NOTICE NOTICE NOTICE    **
[    0.605956] **                                                         **
[    0.606627] **  IOMMU DebugFS SUPPORT HAS BEEN ENABLED IN THIS KERNEL  **
[    0.607300] **                                                         **
[    0.607968] ** This means that this kernel is built to expose internal **
[    0.608633] ** IOMMU data structures, which may compromise security on **
[    0.609278] ** your system.                                            **
[    0.609952] **                                                         **
[    0.610620] ** If you see this message and you are not debugging the   **
[    0.611293] ** kernel, report this immediately to your vendor!         **
[    0.611964] **                                                         **
[    0.612631] **     NOTICE NOTICE NOTICE NOTICE NOTICE NOTICE NOTICE    **
[    0.613280] *************************************************************
[    0.614043] PM: RTC time: 19:07:48, date: 2026-03-12
[    0.616975] NET: Registered PF_NETLINK/PF_ROUTE protocol family
[    0.618906] DMA: preallocated 256 KiB GFP_KERNEL pool for atomic allocations
[    0.619633] DMA: preallocated 256 KiB GFP_KERNEL|GFP_DMA pool for atomic allocations
[    0.620417] DMA: preallocated 256 KiB GFP_KERNEL|GFP_DMA32 pool for atomic allocations
[    0.621280] audit: initializing netlink subsys (disabled)
[    0.621867] audit: type=2000 audit(1773342469.167:1): state=initialized audit_enabled=0 res=1
[    0.621867] Callback from call_rcu_tasks_trace() invoked.
[    0.623408] thermal_sys: Registered thermal governor 'fair_share'
[    0.623418] thermal_sys: Registered thermal governor 'bang_bang'
[    0.625280] thermal_sys: Registered thermal governor 'step_wise'
[    0.625280] thermal_sys: Registered thermal governor 'user_space'
[    0.625337] cpuidle: using governor ladder
[    0.626320] cpuidle: using governor menu
[    0.626320] acpiphp: ACPI Hot Plug PCI Controller Driver version: 0.5
[    0.627670] PCI: Using configuration type 1 for base access
[    0.629624] kprobes: kprobe jump-optimization is enabled. All kprobes are optimized if possible.
[    0.803595] HugeTLB: registered 1.00 GiB page size, pre-allocated 0 pages
[    0.804308] HugeTLB: 16380 KiB vmemmap can be freed for a 1.00 GiB page
[    0.804976] HugeTLB: registered 2.00 MiB page size, pre-allocated 0 pages
[    0.805278] HugeTLB: 28 KiB vmemmap can be freed for a 2.00 MiB page
[    0.815277] ACPI: Added _OSI(Module Device)
[    0.815729] ACPI: Added _OSI(Processor Device)
[    0.816174] ACPI: Added _OSI(Processor Aggregator Device)
[    0.833937] ACPI: 1 ACPI AML tables successfully acquired and loaded
[    0.846832] ACPI: Interpreter enabled
[    0.847383] ACPI: PM: (supports S0 S3 S4 S5)
[    0.847819] ACPI: Using IOAPIC for interrupt routing
[    0.848430] PCI: Using host bridge windows from ACPI; if necessary, use "pci=nocrs" and report a bug
[    0.849279] PCI: Using E820 reservations for host bridge windows
[    0.851179] ACPI: Enabled 2 GPEs in block 00 to 0F
[    0.893617] ACPI: PCI Root Bridge [PCI0] (domain 0000 [bus 00-ff])
[    0.894268] acpi PNP0A03:00: _OSC: OS supports [ASPM ClockPM Segments MSI EDR HPX-Type3]
[    0.895067] acpi PNP0A03:00: _OSC: not requesting OS control; OS requires [ExtendedConfig ASPM ClockPM MSI]
[    0.896177] acpi PNP0A03:00: fail to add MMCONFIG information, can't access extended configuration space under this bridge
[    0.902215] acpiphp: Slot [3] registered
[    0.902761] acpiphp: Slot [4] registered
[    0.903296] acpiphp: Slot [5] registered
[    0.903830] acpiphp: Slot [6] registered
[    0.904368] acpiphp: Slot [7] registered
[    0.904899] acpiphp: Slot [8] registered
[    0.905448] acpiphp: Slot [9] registered
[    0.905979] acpiphp: Slot [10] registered
[    0.906524] acpiphp: Slot [11] registered
[    0.907067] acpiphp: Slot [12] registered
[    0.907611] acpiphp: Slot [13] registered
[    0.908152] acpiphp: Slot [14] registered
[    0.908707] acpiphp: Slot [15] registered
[    0.909251] acpiphp: Slot [16] registered
[    0.909417] acpiphp: Slot [17] registered
[    0.909966] acpiphp: Slot [18] registered
[    0.910509] acpiphp: Slot [19] registered
[    0.911058] acpiphp: Slot [20] registered
[    0.911594] acpiphp: Slot [21] registered
[    0.912145] acpiphp: Slot [22] registered
[    0.912689] acpiphp: Slot [23] registered
[    0.913231] acpiphp: Slot [24] registered
[    0.913423] acpiphp: Slot [25] registered
[    0.913961] acpiphp: Slot [26] registered
[    0.914503] acpiphp: Slot [27] registered
[    0.915048] acpiphp: Slot [28] registered
[    0.915594] acpiphp: Slot [29] registered
[    0.916131] acpiphp: Slot [30] registered
[    0.916679] acpiphp: Slot [31] registered
[    0.917145] PCI host bridge to bus 0000:00
[    0.917335] pci_bus 0000:00: root bus resource [io  0x0000-0x0cf7 window]
[    0.918002] pci_bus 0000:00: root bus resource [io  0x0d00-0xffff window]
[    0.918670] pci_bus 0000:00: root bus resource [mem 0x000a0000-0x000bffff window]
[    0.919408] pci_bus 0000:00: root bus resource [mem 0x80000000-0xfebfffff window]
[    0.920141] pci_bus 0000:00: root bus resource [mem 0x100000000-0x17fffffff window]
[    0.920891] pci_bus 0000:00: root bus resource [bus 00-ff]
[    0.921386] pci 0000:00:00.0: [8086:1237] type 00 class 0x060000 conventional PCI endpoint
[    0.931883] pci 0000:00:01.0: [8086:7000] type 00 class 0x060100 conventional PCI endpoint
[    0.934148] pci 0000:00:01.1: [8086:7010] type 00 class 0x010180 conventional PCI endpoint
[    0.935544] pci 0000:00:01.1: BAR 4 [io  0xc040-0xc04f]
[    0.936103] pci 0000:00:01.1: BAR 0 [io  0x01f0-0x01f7]: legacy IDE quirk
[    0.936776] pci 0000:00:01.1: BAR 1 [io  0x03f6]: legacy IDE quirk
[    0.937279] pci 0000:00:01.1: BAR 2 [io  0x0170-0x0177]: legacy IDE quirk
[    0.937947] pci 0000:00:01.1: BAR 3 [io  0x0376]: legacy IDE quirk
[    0.939114] pci 0000:00:01.3: [8086:7113] type 00 class 0x068000 conventional PCI endpoint
[    0.940248] pci 0000:00:01.3: quirk: [io  0x0600-0x063f] claimed by PIIX4 ACPI
[    0.940969] pci 0000:00:01.3: quirk: [io  0x0700-0x070f] claimed by PIIX4 SMB
[    0.941851] pci 0000:00:02.0: [1234:1111] type 00 class 0x030000 conventional PCI endpoint
[    0.943766] pci 0000:00:02.0: BAR 0 [mem 0xfd000000-0xfdffffff pref]
[    0.944425] pci 0000:00:02.0: BAR 2 [mem 0xfebf0000-0xfebf0fff]
[    0.945038] pci 0000:00:02.0: ROM [mem 0xfebe0000-0xfebeffff pref]
[    0.949382] pci 0000:00:02.0: Video device with shadowed ROM at [mem 0x000c0000-0x000dffff]
[    0.959242] pci 0000:00:03.0: [8086:100e] type 00 class 0x020000 conventional PCI endpoint
[    0.960946] pci 0000:00:03.0: BAR 0 [mem 0xfebc0000-0xfebdffff]
[    0.961288] pci 0000:00:03.0: BAR 1 [io  0xc000-0xc03f]
[    0.961846] pci 0000:00:03.0: ROM [mem 0xfeb80000-0xfebbffff pref]
[    0.985473] ACPI: PCI: Interrupt link LNKA configured for IRQ 10
[    0.987112] ACPI: PCI: Interrupt link LNKB configured for IRQ 10
[    0.988696] ACPI: PCI: Interrupt link LNKC configured for IRQ 11
[    0.990256] ACPI: PCI: Interrupt link LNKD configured for IRQ 11
[    0.991269] ACPI: PCI: Interrupt link LNKS configured for IRQ 9
[    0.997348] iommu: Default domain type: Translated
[    0.997873] iommu: DMA domain TLB invalidation policy: lazy mode
[    1.001657] SCSI subsystem initialized
[    1.005563] ACPI: bus type USB registered
[    1.006192] usbcore: registered new interface driver usbfs
[    1.006851] usbcore: registered new interface driver hub
[    1.007450] usbcore: registered new device driver usb
[    1.008300] pps_core: LinuxPPS API ver. 1 registered
[    1.008805] pps_core: Software ver. 5.3.6 - Copyright 2005-2007 Rodolfo Giometti <giometti@linux.it>
[    1.009305] PTP clock support registered
[    1.013446] EDAC MC: Ver: 3.0.0
[    1.016870] NetLabel: Initializing
[    1.017243] NetLabel:  domain hash size = 128
[    1.017283] NetLabel:  protocols = UNLABELED CIPSOv4 CALIPSO
[    1.017995] NetLabel:  unlabeled traffic allowed by default
[    1.019080] PCI: Using ACPI for IRQ routing
[    1.019896] pci 0000:00:02.0: vgaarb: setting as boot VGA device
[    1.020510] pci 0000:00:02.0: vgaarb: bridge control possible
[    1.021088] pci 0000:00:02.0: vgaarb: VGA device added: decodes=io+mem,owns=io+mem,locks=none
[    1.021279] vgaarb: loaded
[    1.025659] hpet0: at MMIO 0xfed00000, IRQs 2, 8, 0
[    1.026162] hpet0: 3 comparators, 64-bit 100.000000 MHz counter
[    1.029801] clocksource: Switched to clocksource kvm-clock
[    3.416702] VFS: Disk quotas dquot_6.6.0
[    3.417181] VFS: Dquot-cache hash table entries: 512 (order 0, 4096 bytes)
[    3.419510] pnp: PnP ACPI init
[    3.424102] pnp: PnP ACPI: found 6 devices
[    3.445692] clocksource: acpi_pm: mask: 0xffffff max_cycles: 0xffffff, max_idle_ns: 2085701024 ns
[    3.447076] NET: Registered PF_INET protocol family
[    3.447705] IP idents hash table entries: 32768 (order: 6, 262144 bytes, linear)
[    3.449974] tcp_listen_portaddr_hash hash table entries: 1024 (order: 5, 73728 bytes, linear)
[    3.450899] Table-perturb hash table entries: 65536 (order: 6, 262144 bytes, linear)
[    3.451727] TCP established hash table entries: 16384 (order: 5, 131072 bytes, linear)
[    3.453219] TCP bind hash table entries: 16384 (order: 10, 2359296 bytes, linear)
[    3.455157] TCP: Hash tables configured (established 16384 bind 16384)
[    3.455941] UDP hash table entries: 1024 (order: 6, 262144 bytes, linear)
[    3.456692] UDP-Lite hash table entries: 1024 (order: 6, 262144 bytes, linear)
[    3.457750] NET: Registered PF_UNIX/PF_LOCAL protocol family
[    3.459172] RPC: Registered named UNIX socket transport module.
[    3.459785] RPC: Registered udp transport module.
[    3.460254] RPC: Registered tcp transport module.
[    3.460721] RPC: Registered tcp-with-tls transport module.
[    3.461258] RPC: Registered tcp NFSv4.1 backchannel transport module.
[    3.461912] pci_bus 0000:00: resource 4 [io  0x0000-0x0cf7 window]
[    3.462551] pci_bus 0000:00: resource 5 [io  0x0d00-0xffff window]
[    3.463172] pci_bus 0000:00: resource 6 [mem 0x000a0000-0x000bffff window]
[    3.463859] pci_bus 0000:00: resource 7 [mem 0x80000000-0xfebfffff window]
[    3.464546] pci_bus 0000:00: resource 8 [mem 0x100000000-0x17fffffff window]
[    3.465283] Callback from call_rcu_tasks() invoked.
[    3.465624] pci 0000:00:01.0: PIIX3: Enabling Passive Release
[    3.466395] pci 0000:00:00.0: Limiting direct PCI/PCI transfers
[    3.467088] PCI: CLS 0 bytes, default 64
[    3.467584] ACPI: bus type thunderbolt registered
[    3.468472] clocksource: tsc: mask: 0xffffffffffffffff max_cycles: 0x1881273ac8e, max_idle_ns: 440795257284 ns
[    3.469571] sgx: There are zero EPC sections.
[    3.475537] Initialise system trusted keyrings
[    3.476109] Key type blacklist registered
[    3.476733] workingset: timestamp_bits=36 max_order=19 bucket_order=0
[    3.479448] squashfs: version 4.0 (2009/01/31) Phillip Lougher
[    3.481415] NFS: Registering the id_resolver key type
[    3.481955] Key type id_resolver registered
[    3.482377] Key type id_legacy registered
[    3.482902] nfs4filelayout_init: NFSv4 File Layout Driver Registering...
[    3.483598] nfs4flexfilelayout_init: NFSv4 Flexfile Layout Driver Registering...
[    3.484649] fuse: init (API version 7.45)
[    3.485651] SGI XFS with ACLs, security attributes, realtime, quota, no debug enabled
[    3.487723] 9p: Installing v9fs 9p2000 file system support
[    3.502767] Key type asymmetric registered
[    3.503189] Asymmetric key parser 'x509' registered
[    3.503819] Block layer SCSI generic (bsg) driver version 0.4 loaded (major 241)
[    3.504919] io scheduler mq-deadline registered
[    3.505540] io scheduler bfq registered
[    3.506502] ledtrig-cpu: registered to indicate activity on CPUs
[    3.508589] IPMI message handler: version 39.2
[    3.509117] ipmi device interface
[    3.511516] input: Power Button as /devices/LNXSYSTM:00/LNXPWRBN:00/input/input0
[    3.512812] ACPI: button: Power Button [PWRF]
[    3.514751] ERST DBG: ERST support is disabled.
[    3.516612] Serial: 8250/16550 driver, 32 ports, IRQ sharing enabled
[    3.518456] 00:04: ttyS0 at I/O 0x3f8 (irq = 4, base_baud = 115200) is a 16550A
[    3.547913] Linux agpgart interface v0.103
[    3.550636] ACPI: bus type drm_connector registered
[    3.575204] brd: module loaded
[    3.591083] loop: module loaded
[    3.600734] scsi host0: ata_piix
[    3.602197] scsi host1: ata_piix
[    3.603060] ata1: PATA max MWDMA2 cmd 0x1f0 ctl 0x3f6 bmdma 0xc040 irq 14 lpm-pol 0
[    3.603823] ata2: PATA max MWDMA2 cmd 0x170 ctl 0x376 bmdma 0xc048 irq 15 lpm-pol 0
[    3.608104] tun: Universal TUN/TAP device driver, 1.6
[    3.609028] e100: Intel(R) PRO/100 Network Driver
[    3.609505] e100: Copyright(c) 1999-2006 Intel Corporation
[    3.610179] e1000: Intel(R) PRO/1000 Network Driver
[    3.610685] e1000: Copyright (c) 1999-2006 Intel Corporation.
[    3.762686] ata1: found unknown device (class 0)
[    3.763501] ata2: found unknown device (class 0)
[    3.764683] ata2.00: ATAPI: QEMU DVD-ROM, 2.5+, max UDMA/100
[    3.765523] ata1.00: ATA-7: QEMU HARDDISK, 2.5+, max UDMA/100
[    3.766093] ata1.00: 17196647 sectors, multi 16: LBA48 
[    3.768353] scsi 0:0:0:0: Direct-Access     ATA      QEMU HARDDISK    2.5+ PQ: 0 ANSI: 5
[    3.771600] sd 0:0:0:0: [sda] 17196647 512-byte logical blocks: (8.80 GB/8.20 GiB)
[    3.772448] sd 0:0:0:0: Attached scsi generic sg0 type 0
[    3.773297] sd 0:0:0:0: [sda] Write Protect is off
[    3.773919] sd 0:0:0:0: [sda] Write cache: enabled, read cache: enabled, doesn't support DPO or FUA
[    3.774973] sd 0:0:0:0: [sda] Preferred minimum I/O size 512 bytes
[    3.775796] scsi 1:0:0:0: CD-ROM            QEMU     QEMU DVD-ROM     2.5+ PQ: 0 ANSI: 5
[    3.804598] scsi 1:0:0:0: Attached scsi generic sg1 type 5
[    3.806359] sd 0:0:0:0: [sda] Attached SCSI disk
[    4.410972] ACPI: \_SB_.LNKC: Enabled at IRQ 11
[    4.727015] e1000 0000:00:03.0 eth0: (PCI:33MHz:32-bit) 52:54:00:12:34:56
[    4.727745] e1000 0000:00:03.0 eth0: Intel(R) PRO/1000 Network Connection
[    4.728622] e1000e: Intel(R) PRO/1000 Network Driver
[    4.729123] e1000e: Copyright(c) 1999 - 2015 Intel Corporation.
[    4.729866] igb: Intel(R) Gigabit Ethernet Network Driver
[    4.730405] igb: Copyright (c) 2007-2014 Intel Corporation.
[    4.731363] PPP generic driver version 2.4.2
[    4.733191] VFIO - User Level meta-driver version: 0.3
[    4.734989] usbcore: registered new interface driver uas
[    4.735682] usbcore: registered new interface driver usb-storage
[    4.736560] i8042: PNP: PS/2 Controller [PNP0303:KBD,PNP0f13:MOU] at 0x60,0x64 irq 1,12
[    4.738335] serio: i8042 KBD port at 0x60,0x64 irq 1
[    4.738938] serio: i8042 AUX port at 0x60,0x64 irq 12
[    4.740750] mousedev: PS/2 mouse device common for all mice
[    4.742690] input: AT Translated Set 2 keyboard as /devices/platform/i8042/serio0/input/input1
[    4.745019] input: VirtualPS/2 VMware VMMouse as /devices/platform/i8042/serio1/input/input4
[    4.746487] rtc_cmos 00:05: RTC can wake from S4
[    4.748572] input: VirtualPS/2 VMware VMMouse as /devices/platform/i8042/serio1/input/input3
[    4.750298] rtc_cmos 00:05: registered as rtc0
[    4.750868] rtc_cmos 00:05: setting system clock to 2026-03-12T19:07:52 UTC (1773342472)
[    4.752016] rtc_cmos 00:05: alarms up to one day, y3k, 242 bytes nvram, hpet irqs
[    4.752837] i2c_dev: i2c /dev entries driver
[    4.753372] device-mapper: core: CONFIG_IMA_DISABLE_HTABLE is disabled. Duplicate IMA measurements will not be recorded in the IMA log.
[    4.754628] device-mapper: uevent: version 1.0.3
[    4.755675] device-mapper: ioctl: 4.50.0-ioctl (2025-04-28) initialised: dm-devel@lists.linux.dev
[    4.756577] intel_pstate: CPU model not supported
[    4.757290] sdhci: Secure Digital Host Controller Interface driver
[    4.757904] sdhci: Copyright(c) Pierre Ossman
[    4.758554] sdhci-pltfm: SDHCI platform and OF driver helper
[    4.759723] drop_monitor: Initializing network drop monitor service
[    4.760708] NET: Registered PF_INET6 protocol family
[    4.762878] Segment Routing with IPv6
[    4.763387] In-situ OAM (IOAM) with IPv6
[    4.763857] NET: Registered PF_PACKET protocol family
[    4.764581] 9pnet: Installing 9P2000 support
[    4.765135] Key type dns_resolver registered
[    4.767160] IPI shorthand broadcast: enabled
[    4.827572] sched_clock: Marking stable (4808003790, 18413021)->(4830895238, -4478427)
[    4.829545] registered taskstats version 1
[    4.830387] Loading compiled-in X.509 certificates
[    4.910707] Demotion targets for Node 0: null
[    4.912673] Key type .fscrypt registered
[    4.913101] Key type fscrypt-provisioning registered
[    4.916033] Key type encrypted registered
[    4.916493] ima: No TPM chip found, activating TPM-bypass!
[    4.917065] ima: Allocated hash algorithm: sha1
[    4.917584] ima: No architecture policies found
[    4.918193] evm: Initialising EVM extended attributes:
[    4.918735] evm: security.selinux
[    4.919075] evm: security.SMACK64
[    4.919411] evm: security.SMACK64EXEC
[    4.919773] evm: security.SMACK64TRANSMUTE
[    4.920185] evm: security.SMACK64MMAP
[    4.920552] evm: security.apparmor
[    4.920893] evm: security.ima
[    4.921193] evm: security.capability
[    4.921557] evm: HMAC attrs: 0x1
[    4.924440] PM:   Magic number: 2:962:141
[    4.924890] block ram6: hash matches
[    4.925343] acpi device:12: hash matches
[    4.926480] RAS: Correctable Errors collector initialized.
[    4.927253] clk: Disabling unused clocks
[    4.927697] PM: genpd: Disabling unused power domains
[    4.928913] check access for rdinit=/init failed: -2, ignoring
[    4.929315] md: Waiting for all devices to be available before autodetect
[    4.929784] md: If you don't use raid, use raid=noautodetect
[    4.930174] md: Autodetecting RAID arrays.
[    4.930569] md: autorun ...
[    4.930768] md: ... autorun DONE.
[    4.936353] EXT4-fs (sda): INFO: recovery required on readonly filesystem
[    4.936857] EXT4-fs (sda): write access will be enabled during recovery
[    5.003748] EXT4-fs (sda): recovery complete
[    5.005335] EXT4-fs (sda): mounted filesystem 088740a9-c8b4-422c-999d-a804eb68a4da ro with ordered data mode. Quota mode: none.
[    5.006208] VFS: Mounted root (ext4 filesystem) readonly on device 8:0.
[    5.008256] devtmpfs: mounted
[    5.028587] Freeing unused decrypted memory: 2036K
[    5.034177] Freeing unused kernel image (initmem) memory: 16412K
[    5.034837] Write protecting the kernel read-only data: 102400k
[    5.037327] Freeing unused kernel image (text/rodata gap) memory: 992K
[    5.038939] Freeing unused kernel image (rodata/data gap) memory: 1664K
[    5.975241] x86/mm: Checked W+X mappings: passed, no W+X pages found.
[    5.975771] Run /sbin/init as init process
[    6.111680] systemd[1]: systemd 252-15.el9 running in system mode (+PAM +AUDIT +SELINUX -APPARMOR +IMA +SMACK +SECCOMP +GCRYPT +GNUTLS +OPENSSL +ACL +BLKID +CURL +ELFUTILS -FIDO2 +IDN2 -IDN -IPTC +KMOD +LIBCRYPTSETUP +LIBFDISK +PCRE2 -PWQUALITY +P11KIT -QRENCODE +TPM2 +BZIP2 +LZ4 +XZ +ZLIB +ZSTD -BPF_FRAMEWORK +XKBCOMMON +UTMP +SYSVINIT default-hierarchy=unified)
[    6.113829] systemd[1]: Detected virtualization kvm.
[    6.114176] systemd[1]: Detected architecture x86-64.

Welcome to [0;31mCentOS Stream 9[0m!

[    6.118357] systemd[1]: Hostname set to <test>.
[    6.318323] systemd-rc-local-generator[120]: /etc/rc.d/rc.local is not marked executable, skipping.
[    6.578395] systemd[1]: Queued start job for default target Multi-User System.
[    6.605032] systemd[1]: Created slice Virtual Machine and Container Slice.
[[0;32m  OK  [0m] Created slice [0;1;39mVirtual Machine and Container Slice[0m.
[    6.610624] systemd[1]: Created slice Slice /system/getty.
[[0;32m  OK  [0m] Created slice [0;1;39mSlice /system/getty[0m.
[    6.613535] systemd[1]: Created slice Slice /system/modprobe.
[[0;32m  OK  [0m] Created slice [0;1;39mSlice /system/modprobe[0m.
[    6.616576] systemd[1]: Created slice Slice /system/serial-getty.
[[0;32m  OK  [0m] Created slice [0;1;39mSlice /system/serial-getty[0m.
[    6.619569] systemd[1]: Created slice Slice /system/sshd-keygen.
[[0;32m  OK  [0m] Created slice [0;1;39mSlice /system/sshd-keygen[0m.
[    6.622255] systemd[1]: Created slice User and Session Slice.
[[0;32m  OK  [0m] Created slice [0;1;39mUser and Session Slice[0m.
[    6.623666] systemd[1]: Started Forward Password Requests to Wall Directory Watch.
[[0;32m  OK  [0m] Started [0;1;39mForward Password R…uests to Wall Directory Watch[0m.
[    6.625842] systemd[1]: Set up automount Arbitrary Executable File Formats File System Automount Point.
[[0;32m  OK  [0m] Set up automount [0;1;39mArbitrary…s File System Automount Point[0m.
[    6.627352] systemd[1]: Reached target Local Integrity Protected Volumes.
[[0;32m  OK  [0m] Reached target [0;1;39mLocal Integrity Protected Volumes[0m.
[    6.628537] systemd[1]: Reached target Slice Units.
[[0;32m  OK  [0m] Reached target [0;1;39mSlice Units[0m.
[    6.629419] systemd[1]: Reached target Swaps.
[[0;32m  OK  [0m] Reached target [0;1;39mSwaps[0m.
[    6.630242] systemd[1]: Reached target Local Verity Protected Volumes.
[[0;32m  OK  [0m] Reached target [0;1;39mLocal Verity Protected Volumes[0m.
[    6.631711] systemd[1]: Listening on Device-mapper event daemon FIFOs.
[[0;32m  OK  [0m] Listening on [0;1;39mDevice-mapper event daemon FIFOs[0m.
[    6.633404] systemd[1]: Listening on LVM2 poll daemon socket.
[[0;32m  OK  [0m] Listening on [0;1;39mLVM2 poll daemon socket[0m.
[    6.634761] systemd[1]: multipathd control socket was skipped because of an unmet condition check (ConditionPathExists=/etc/multipath.conf).
[    6.682590] systemd[1]: Listening on RPCbind Server Activation Socket.
[[0;32m  OK  [0m] Listening on [0;1;39mRPCbind Server Activation Socket[0m.
[    6.683858] systemd[1]: Reached target RPC Port Mapper.
[[0;32m  OK  [0m] Reached target [0;1;39mRPC Port Mapper[0m.
[    6.686958] systemd[1]: Listening on Process Core Dump Socket.
[[0;32m  OK  [0m] Listening on [0;1;39mProcess Core Dump Socket[0m.
[    6.688432] systemd[1]: Listening on initctl Compatibility Named Pipe.
[[0;32m  OK  [0m] Listening on [0;1;39minitctl Compatibility Named Pipe[0m.
[    6.690141] systemd[1]: Listening on Journal Socket (/dev/log).
[[0;32m  OK  [0m] Listening on [0;1;39mJournal Socket (/dev/log)[0m.
[    6.692864] systemd[1]: Listening on Journal Socket.
[[0;32m  OK  [0m] Listening on [0;1;39mJournal Socket[0m.
[    6.694689] systemd[1]: Listening on udev Control Socket.
[[0;32m  OK  [0m] Listening on [0;1;39mudev Control Socket[0m.
[    6.696050] systemd[1]: Listening on udev Kernel Socket.
[[0;32m  OK  [0m] Listening on [0;1;39mudev Kernel Socket[0m.
[    6.702137] systemd[1]: Mounting Huge Pages File System...
         Mounting [0;1;39mHuge Pages File System[0m...
[    6.710566] systemd[1]: Mounting POSIX Message Queue File System...
         Mounting [0;1;39mPOSIX Message Queue File System[0m...
[    6.718555] systemd[1]: Mounting Kernel Debug File System...
         Mounting [0;1;39mKernel Debug File System[0m...
[    6.726552] systemd[1]: Mounting Kernel Trace File System...
         Mounting [0;1;39mKernel Trace File System[0m...
[    6.727762] systemd[1]: Kernel Module supporting RPCSEC_GSS was skipped because of an unmet condition check (ConditionPathExists=/etc/krb5.keytab).
[    6.728773] systemd[1]: Create List of Static Device Nodes was skipped because of an unmet condition check (ConditionFileNotEmpty=/lib/modules/6.19.0-rc1-a6b9f5b2f04b+/modules.devname).
[    6.735002] systemd[1]: Starting Monitoring of LVM2 mirrors, snapshots etc. using dmeventd or progress polling...
         Starting [0;1;39mMonitoring of LVM…meventd or progress polling[0m...
[    6.743260] systemd[1]: Starting Load Kernel Module configfs...
         Starting [0;1;39mLoad Kernel Module configfs[0m...
[    6.760601] systemd[1]: Starting Load Kernel Module drm...
         Starting [0;1;39mLoad Kernel Module drm[0m...
[    6.782560] systemd[1]: Starting Load Kernel Module fuse...
         Starting [0;1;39mLoad Kernel Module fuse[0m...
[    6.794652] systemd[1]: Starting Read and set NIS domainname from /etc/sysconfig/network...
         Starting [0;1;39mRead and set NIS …from /etc/sysconfig/network[0m...
[    6.813352] systemd[1]: Starting Journal Service...
         Starting [0;1;39mJournal Service[0m...
[    6.821042] systemd[1]: Starting Load Kernel Modules...
         Starting [0;1;39mLoad Kernel Modules[0m...
[    6.835114] systemd[1]: Starting Generate network units from Kernel command line...
         Starting [0;1;39mGenerate network …ts from Kernel command line[0m...
[    6.863727] systemd[1]: Starting Remount Root and Kernel File Systems...
         Starting [0;1;39mRemount Root and Kernel File Systems[0m...
[    6.865204] systemd[1]: Repartition Root Disk was skipped because no trigger condition checks were met.
[    6.878727] systemd[1]: Starting Coldplug All udev Devices...
         Starting [0;1;39mColdplug All udev Devices[0m...
[    6.901354] systemd[1]: Mounted Huge Pages File System.
[[0;32m  OK  [0m] Mounted [0;1;39mHuge Pages File System[0m.
[    6.906985] systemd[1]: Mounted POSIX Message Queue File System.
[[0;32m  OK  [0m] Mounted [0;1;39mPOSIX Message Queue File System[0m.
[    6.908586] systemd[1]: Mounted Kernel Debug File System.
[[0;32m  OK  [0m] Mounted [0;1;39mKernel Debug File System[0m.
[    6.914552] systemd[1]: Mounted Kernel Trace File System.
[[0;32m  OK  [0m] Mounted [0;1;39mKernel Trace File System[0m.
[    6.917077] systemd[1]: Finished Monitoring of LVM2 mirrors, snapshots etc. using dmeventd or progress polling.
[[0;32m  OK  [0m] Finished [0;1;39mMonitoring of LVM… dmeventd or progress polling[0m.
[    6.926468] systemd[1]: modprobe@configfs.service: Deactivated successfully.
[    6.928310] systemd[1]: Finished Load Kernel Module configfs.
[[0;32m  OK  [0m] Finished [0;1;39mLoad Kernel Module configfs[0m.
[    6.935836] systemd[1]: modprobe@drm.service: Deactivated successfully.
[    6.937313] systemd[1]: Finished Load Kernel Module drm.
[[0;32m  OK  [0m] Finished [0;1;39mLoad Kernel Module drm[0m.
[    6.943813] systemd[1]: modprobe@fuse.service: Deactivated successfully.
[    6.945330] systemd[1]: Finished Load Kernel Module fuse.
[[0;32m  OK  [0m] Finished [0;1;39mLoad Kernel Module fuse[0m.
[    6.950495] EXT4-fs (sda): re-mounted 088740a9-c8b4-422c-999d-a804eb68a4da r/w.
[    6.951853] systemd[1]: Finished Read and set NIS domainname from /etc/sysconfig/network.
[[0;32m  OK  [0m] Finished [0;1;39mRead and set NIS …e from /etc/sysconfig/network[0m.
[    6.960952] systemd[1]: systemd-modules-load.service: Main process exited, code=exited, status=1/FAILURE
[    6.962372] systemd[1]: systemd-modules-load.service: Failed with result 'exit-code'.
[    6.967517] systemd[1]: Failed to start Load Kernel Modules.
[[0;1;31mFAILED[0m] Failed to start [0;1;39mLoad Kernel Modules[0m.
See 'systemctl status systemd-modules-load.service' for details.
[    6.970300] systemd[1]: Started Journal Service.
[[0;32m  OK  [0m] Started [0;1;39mJournal Service[0m.
[[0;32m  OK  [0m] Finished [0;1;39mGenerate network units from Kernel command line[0m.
[[0;32m  OK  [0m] Finished [0;1;39mRemount Root and Kernel File Systems[0m.
[[0;32m  OK  [0m] Reached target [0;1;39mPreparation for Network[0m.
         Mounting [0;1;39mFUSE Control File System[0m...
         Mounting [0;1;39mKernel Configuration File System[0m...
         Starting [0;1;39mFlush Journal to Persistent Storage[0m...
         Starting [0;1;39mLoad/Save Random Seed[0m...
         Starting [0;1;39mApply Kernel Variables[0m...
[    7.069313] systemd-journald[142]: Received client request to flush runtime journal.
         Starting [0;1;39mCreate Static Device Nodes in /dev[0m...
         Starting [0;1;39mSetup Virtual Console[0m...
[[0;32m  OK  [0m] Mounted [0;1;39mFUSE Control File System[0m.
[[0;32m  OK  [0m] Mounted [0;1;39mKernel Configuration File System[0m.
[[0;32m  OK  [0m] Finished [0;1;39mFlush Journal to Persistent Storage[0m.
[[0;32m  OK  [0m] Finished [0;1;39mLoad/Save Random Seed[0m.
[[0;32m  OK  [0m] Finished [0;1;39mApply Kernel Variables[0m.
[[0;32m  OK  [0m] Finished [0;1;39mCreate Static Device Nodes in /dev[0m.
         Starting [0;1;39mRule-based Manage…for Device Events and Files[0m...
[[0;32m  OK  [0m] Started [0;1;39mRule-based Manager for Device Events and Files[0m.
         Starting [0;1;39mAuto-connect to s…E devices found during boot[0m...
[[0;32m  OK  [0m] Finished [0;1;39mAuto-connect to s…VME devices found during boot[0m.
[[0;32m  OK  [0m] Finished [0;1;39mColdplug All udev Devices[0m.
         Starting [0;1;39mWait for udev To …plete Device Initialization[0m...
[[0;32m  OK  [0m] Finished [0;1;39mSetup Virtual Console[0m.
         Starting [0;1;39mShow Plymouth Boot Screen[0m...
[2J[3J[-1;-1f[[0;32m  OK  [0m] Started [0;1;39mShow Plymouth Boot Screen[0m.
[[0;32m  OK  [0m] Started [0;1;39mForward Password R…s to Plymouth Directory Watch[0m.
[[0;32m  OK  [0m] Reached target [0;1;39mLocal Encrypted Volumes[0m.
[[0;32m  OK  [0m] Reached target [0;1;39mPath Units[0m.
[[0;32m  OK  [0m] Found device [0;1;39m/dev/ttyS0[0m.
[[0;32m  OK  [0m] Listening on [0;1;39mLoad/Save RF …itch Status /dev/rfkill Watch[0m.
[[0;32m  OK  [0m] Finished [0;1;39mWait for udev To Complete Device Initialization[0m.
[[0;32m  OK  [0m] Reached target [0;1;39mPreparation for Local File Systems[0m.
[[0;32m  OK  [0m] Reached target [0;1;39mLocal File Systems[0m.
         Starting [0;1;39mTell Plymouth To Write Out Runtime Data[0m...
         Starting [0;1;39mAutomatic Boot Loader Update[0m...
         Starting [0;1;39mCreate Volatile Files and Directories[0m...
[[0;32m  OK  [0m] Finished [0;1;39mTell Plymouth To Write Out Runtime Data[0m.
[[0;32m  OK  [0m] Finished [0;1;39mAutomatic Boot Loader Update[0m.
[[0;32m  OK  [0m] Finished [0;1;39mCreate Volatile Files and Directories[0m.
         Mounting [0;1;39mRPC Pipe File System[0m...
         Starting [0;1;39mSecurity Auditing Service[0m...
         Starting [0;1;39mRPC Bind[0m...
[[0;32m  OK  [0m] Mounted [0;1;39mRPC Pipe File System[0m.
[[0;32m  OK  [0m] Reached target [0;1;39mrpc_pipefs.target[0m.
[[0;32m  OK  [0m] Started [0;1;39mRPC Bind[0m.
[[0;32m  OK  [0m] Started [0;1;39mSecurity Auditing Service[0m.
         Starting [0;1;39mRecord System Boot/Shutdown in UTMP[0m...
[[0;32m  OK  [0m] Finished [0;1;39mRecord System Boot/Shutdown in UTMP[0m.
[[0;32m  OK  [0m] Reached target [0;1;39mSystem Initialization[0m.
[[0;32m  OK  [0m] Started [0;1;39mDaily rotation of log files[0m.
[[0;32m  OK  [0m] Started [0;1;39mUpdates mlocate database every day[0m.
[[0;32m  OK  [0m] Started [0;1;39mDaily Cleanup of Temporary Directories[0m.
[[0;32m  OK  [0m] Started [0;1;39mdaily update of the root trust anchor for DNSSEC[0m.
[[0;32m  OK  [0m] Reached target [0;1;39mTimer Units[0m.
[[0;32m  OK  [0m] Listening on [0;1;39mD-Bus System Message Bus Socket[0m.
[[0;32m  OK  [0m] Listening on [0;1;39mOpen-iSCSI iscsid Socket[0m.
[[0;32m  OK  [0m] Listening on [0;1;39mOpen-iSCSI iscsiuio Socket[0m.
[[0;32m  OK  [0m] Listening on [0;1;39mSSSD Kerberos…ache Manager responder socket[0m.
[[0;32m  OK  [0m] Listening on [0;1;39mLibvirt interface local socket[0m.
[[0;32m  OK  [0m] Listening on [0;1;39mVirtual machine lock manager socket[0m.
[[0;32m  OK  [0m] Listening on [0;1;39mVirtual machine log manager socket[0m.
[[0;32m  OK  [0m] Listening on [0;1;39mLibvirt network local socket[0m.
[[0;32m  OK  [0m] Listening on [0;1;39mLibvirt nodedev local socket[0m.
[[0;32m  OK  [0m] Listening on [0;1;39mLibvirt nwfilter local socket[0m.
[[0;32m  OK  [0m] Listening on [0;1;39mLibvirt proxy local socket[0m.
[[0;32m  OK  [0m] Listening on [0;1;39mLibvirt qemu local socket[0m.
[[0;32m  OK  [0m] Listening on [0;1;39mLibvirt qemu admin socket[0m.
[[0;32m  OK  [0m] Listening on [0;1;39mLibvirt qemu local read-only socket[0m.
[[0;32m  OK  [0m] Listening on [0;1;39mLibvirt secret local socket[0m.
[[0;32m  OK  [0m] Listening on [0;1;39mLibvirt storage local socket[0m.
[[0;32m  OK  [0m] Reached target [0;1;39mSocket Units[0m.
         Starting [0;1;39mD-Bus System Message Bus[0m...
[[0;32m  OK  [0m] Started [0;1;39mD-Bus System Message Bus[0m.
[[0;32m  OK  [0m] Reached target [0;1;39mBasic System[0m.
         Starting [0;1;39mNetwork Manager[0m...
         Starting [0;1;39mNTP client/server[0m...
         Starting [0;1;39mRestore /run/initramfs on shutdown[0m...
[[0;32m  OK  [0m] Started [0;1;39mirqbalance daemon[0m.
[[0;32m  OK  [0m] Started [0;1;39mlibstoragemgmt plug-in server daemon[0m.
[[0;32m  OK  [0m] Started [0;1;39mMachine Check Exception Logging Daemon[0m.
[[0;32m  OK  [0m] Reached target [0;1;39msshd-keygen.target[0m.
[[0;32m  OK  [0m] Reached target [0;1;39mUser and Group Name Lookups[0m.
         Starting [0;1;39mUser Login Management[0m...
         Starting [0;1;39mVirtual Machine a…tainer Registration Service[0m...
[[0;32m  OK  [0m] Finished [0;1;39mRestore /run/initramfs on shutdown[0m.
[[0;32m  OK  [0m] Started [0;1;39mVirtual Machine an…ontainer Registration Service[0m.
[[0;32m  OK  [0m] Started [0;1;39mNTP client/server[0m.
         Starting [0;1;39mHostname Service[0m...
[[0;32m  OK  [0m] Started [0;1;39mUser Login Management[0m.
[[0;32m  OK  [0m] Started [0;1;39mHostname Service[0m.
         Starting [0;1;39mNetwork Manager Script Dispatcher Service[0m...
[[0;32m  OK  [0m] Started [0;1;39mNetwork Manager Script Dispatcher Service[0m.
[   10.394699] e1000: eth0 NIC Link is Up 1000 Mbps Full Duplex, Flow Control: RX
[[0;32m  OK  [0m] Started [0;1;39mNetwork Manager[0m.
[[0;32m  OK  [0m] Reached target [0;1;39mNetwork[0m.
[[0;32m  OK  [0m] Reached target [0;1;39mNetwork is Online[0m.
         Starting [0;1;39mGSSAPI Proxy Daemon[0m...
         Starting [0;1;39mNotify NFS peers of a restart[0m...
         Starting [0;1;39mSystem Logging Service[0m...
         Starting [0;1;39mOpenSSH server daemon[0m...
         Starting [0;1;39mDynamic System Tuning Daemon[0m...
[[0;32m  OK  [0m] Started [0;1;39mNotify NFS peers of a restart[0m.
[[0;32m  OK  [0m] Started [0;1;39mOpenSSH server daemon[0m.
[[0;32m  OK  [0m] Started [0;1;39mGSSAPI Proxy Daemon[0m.
[[0;32m  OK  [0m] Reached target [0;1;39mNFS client services[0m.
[[0;32m  OK  [0m] Reached target [0;1;39mPreparation for Remote File Systems[0m.
[[0;32m  OK  [0m] Reached target [0;1;39mRemote File Systems[0m.
         Starting [0;1;39mPermit User Sessions[0m...
         Starting [0;1;39mVirtualization qemu daemon[0m...
[[0;32m  OK  [0m] Finished [0;1;39mPermit User Sessions[0m.
[[0;32m  OK  [0m] Started [0;1;39mDeferred execution scheduler[0m.
[[0;32m  OK  [0m] Started [0;1;39mCommand Scheduler[0m.
         Starting [0;1;39mHold until boot process finishes up[0m...
         Starting [0;1;39mTerminate Plymouth Boot Screen[0m...
[[0;32m  OK  [0m] Started [0;1;39mSystem Logging Service[0m.

CentOS Stream 9
Kernel 6.19.0-rc1-a6b9f5b2f04b+ on an x86_64

Activate the web console with: systemctl enable --now cockpit.socket

test login: 