c[?7l[2J[0mSeaBIOS (version rel-1.16.0-0-gd239552ce722-prebuilt.qemu.org)


iPXE (http://ipxe.org) 00:03.0 CA00 PCI2.10 PnP PMM+7FF91000+7FEF1000 CA00
Press Ctrl-B to configure iPXE (PCI 00:03.0)...                                                                               


Booting from ROM..c[?7l[2J[    0.000000] Linux version 6.19.0-rc1-aaf76839616a+ (root@gnr-bkc) (gcc (GCC) 11.5.0 20240719 (Red Hat 11.5.0-14), GNU ld version 2.35.2-54.el9) #1 SMP PREEMPT_DYNAMIC Fri Mar 13 05:13:36 CST 2026
[    0.000000] Command line: console=ttyS0 root=/dev/sda earlyprintk=serial net.ifnames=0 thunderbolt.dyndbg
[    0.000000] KERNEL supported cpus:
[    0.000000]   Intel GenuineIntel
[    0.000000]   AMD AuthenticAMD
[    0.000000]   Hygon HygonGenuine
[    0.000000]   Centaur CentaurHauls
[    0.000000]   zhaoxin   Shanghai  
[    0.000000] x86/split lock detection: #DB: warning on user-space bus_locks
[    0.000000] BIOS-provided physical RAM map:
[    0.000000] BIOS-e820: [mem 0x0000000000000000-0x000000000009fbff] usable
[    0.000000] BIOS-e820: [mem 0x000000000009fc00-0x000000000009ffff] reserved
[    0.000000] BIOS-e820: [mem 0x00000000000f0000-0x00000000000fffff] reserved
[    0.000000] BIOS-e820: [mem 0x0000000000100000-0x000000007ffdffff] usable
[    0.000000] BIOS-e820: [mem 0x000000007ffe0000-0x000000007fffffff] reserved
[    0.000000] BIOS-e820: [mem 0x00000000feffc000-0x00000000feffffff] reserved
[    0.000000] BIOS-e820: [mem 0x00000000fffc0000-0x00000000ffffffff] reserved
[    0.000000] printk: legacy bootconsole [earlyser0] enabled
[    0.000000] NX (Execute Disable) protection: active
[    0.000000] APIC: Static calls initialized
[    0.000000] SMBIOS 2.8 present.
[    0.000000] DMI: QEMU Standard PC (i440FX + PIIX, 1996), BIOS rel-1.16.0-0-gd239552ce722-prebuilt.qemu.org 04/01/2014
[    0.000000] DMI: Memory slots populated: 1/1
[    0.000000] Hypervisor detected: KVM
[    0.000000] last_pfn = 0x7ffe0 max_arch_pfn = 0x10000000000
[    0.000000] kvm-clock: Using msrs 4b564d01 and 4b564d00
[    0.000002] kvm-clock: using sched offset of 691295825 cycles
[    0.000517] clocksource: kvm-clock: mask: 0xffffffffffffffff max_cycles: 0x1cd42e4dffb, max_idle_ns: 881590591483 ns
[    0.002106] tsc: Detected 1700.000 MHz processor
[    0.009753] last_pfn = 0x7ffe0 max_arch_pfn = 0x10000000000
[    0.010387] MTRR map: 4 entries (3 fixed + 1 variable; max 19), built from 8 variable MTRRs
[    0.011282] x86/PAT: Configuration [0-7]: WB  WC  UC- UC  WB  WP  UC- WT  
[    0.017403] found SMP MP-table at [mem 0x000f5ba0-0x000f5baf]
[    0.017997] Using GB pages for direct mapping
[    0.020526] ACPI: Early table checksum verification disabled
[    0.021082] ACPI: RSDP 0x00000000000F59C0 000014 (v00 BOCHS )
[    0.021653] ACPI: RSDT 0x000000007FFE1951 000034 (v01 BOCHS  BXPC     00000001 BXPC 00000001)
[    0.022487] ACPI: FACP 0x000000007FFE17FD 000074 (v01 BOCHS  BXPC     00000001 BXPC 00000001)
[    0.023331] ACPI: DSDT 0x000000007FFE0040 0017BD (v01 BOCHS  BXPC     00000001 BXPC 00000001)
[    0.024165] ACPI: FACS 0x000000007FFE0000 000040
[    0.024625] ACPI: APIC 0x000000007FFE1871 000080 (v01 BOCHS  BXPC     00000001 BXPC 00000001)
[    0.025456] ACPI: HPET 0x000000007FFE18F1 000038 (v01 BOCHS  BXPC     00000001 BXPC 00000001)
[    0.026291] ACPI: WAET 0x000000007FFE1929 000028 (v01 BOCHS  BXPC     00000001 BXPC 00000001)
[    0.027125] ACPI: Reserving FACP table memory at [mem 0x7ffe17fd-0x7ffe1870]
[    0.027811] ACPI: Reserving DSDT table memory at [mem 0x7ffe0040-0x7ffe17fc]
[    0.028495] ACPI: Reserving FACS table memory at [mem 0x7ffe0000-0x7ffe003f]
[    0.029174] ACPI: Reserving APIC table memory at [mem 0x7ffe1871-0x7ffe18f0]
[    0.029859] ACPI: Reserving HPET table memory at [mem 0x7ffe18f1-0x7ffe1928]
[    0.030542] ACPI: Reserving WAET table memory at [mem 0x7ffe1929-0x7ffe1950]
[    0.032219] No NUMA configuration found
[    0.032595] Faking a node at [mem 0x0000000000000000-0x000000007ffdffff]
[    0.033349] NODE_DATA(0) allocated [mem 0x7ffb4ec0-0x7ffdfcbf]
[    0.035025] Zone ranges:
[    0.035317]   DMA      [mem 0x0000000000001000-0x0000000000ffffff]
[    0.035978]   DMA32    [mem 0x0000000001000000-0x000000007ffdffff]
[    0.036610]   Normal   empty
[    0.036893]   Device   empty
[    0.037174] Movable zone start for each node
[    0.037600] Early memory node ranges
[    0.037941]   node   0: [mem 0x0000000000001000-0x000000000009efff]
[    0.038553]   node   0: [mem 0x0000000000100000-0x000000007ffdffff]
[    0.039208] Initmem setup node 0 [mem 0x0000000000001000-0x000000007ffdffff]
[    0.040246] On node 0, zone DMA: 1 pages in unavailable ranges
[    0.041060] On node 0, zone DMA: 97 pages in unavailable ranges
[    0.069436] On node 0, zone DMA32: 32 pages in unavailable ranges
[    0.123570] KernelAddressSanitizer initialized (generic)
[    0.124401] ACPI: PM-Timer IO Port: 0x608
[    0.124824] ACPI: LAPIC_NMI (acpi_id[0xff] dfl dfl lint[0x1])
[    0.125478] IOAPIC[0]: apic_id 0, version 17, address 0xfec00000, GSI 0-23
[    0.126222] ACPI: INT_SRC_OVR (bus 0 bus_irq 0 global_irq 2 dfl dfl)
[    0.126893] ACPI: INT_SRC_OVR (bus 0 bus_irq 5 global_irq 5 high level)
[    0.127595] ACPI: INT_SRC_OVR (bus 0 bus_irq 9 global_irq 9 high level)
[    0.128286] ACPI: INT_SRC_OVR (bus 0 bus_irq 10 global_irq 10 high level)
[    0.129000] ACPI: INT_SRC_OVR (bus 0 bus_irq 11 global_irq 11 high level)
[    0.129726] ACPI: Using ACPI (MADT) for SMP configuration information
[    0.130398] ACPI: HPET id: 0x8086a201 base: 0xfed00000
[    0.130949] TSC deadline timer available
[    0.131370] CPU topo: Max. logical packages:   1
[    0.131861] CPU topo: Max. logical dies:       1
[    0.132344] CPU topo: Max. dies per package:   1
[    0.132840] CPU topo: Max. threads per core:   1
[    0.133325] CPU topo: Num. cores per package:     2
[    0.133838] CPU topo: Num. threads per package:   2
[    0.134348] CPU topo: Allowing 2 present CPUs plus 0 hotplug CPUs
[    0.135036] kvm-guest: APIC: eoi() replaced with kvm_guest_apic_eoi_write()
[    0.135732] kvm-guest: KVM setup pv remote TLB flush
[    0.136208] kvm-guest: setup PV sched yield
[    0.136659] PM: hibernation: Registered nosave memory: [mem 0x00000000-0x00000fff]
[    0.137382] PM: hibernation: Registered nosave memory: [mem 0x0009f000-0x000fffff]
[    0.138111] [mem 0x80000000-0xfeffbfff] available for PCI devices
[    0.138698] Booting paravirtualized kernel on KVM
[    0.139153] clocksource: refined-jiffies: mask: 0xffffffff max_cycles: 0xffffffff, max_idle_ns: 7645519600211568 ns
[    0.140168] setup_percpu: NR_CPUS:8192 nr_cpumask_bits:2 nr_cpu_ids:2 nr_node_ids:1
[    0.141393] percpu: Embedded 81 pages/cpu s294912 r8192 d28672 u1048576
[    0.142218] kvm-guest: PV spinlocks enabled
[    0.142643] PV qspinlock hash table entries: 256 (order: 0, 4096 bytes, linear)
[    0.143366] Kernel command line: net.ifnames=0 console=ttyS0 root=/dev/sda earlyprintk=serial net.ifnames=0 thunderbolt.dyndbg
[    0.144750] random: crng init done
[    0.145086] printk: log buffer data + meta data: 262144 + 917504 = 1179648 bytes
[    0.146203] Dentry cache hash table entries: 262144 (order: 9, 2097152 bytes, linear)
[    0.147329] Inode-cache hash table entries: 131072 (order: 8, 1048576 bytes, linear)
[    0.148365] Fallback order for Node 0: 0 
[    0.148376] Built 1 zonelists, mobility grouping on.  Total pages: 524158
[    0.149415] Policy zone: DMA32
[    0.149716] mem auto-init: stack:off, heap alloc:off, heap free:off
[    0.150313] stackdepot: allocating hash table via alloc_large_system_hash
[    0.150971] stackdepot hash table entries: 1048576 (order: 12, 16777216 bytes, linear)
[    0.154734] stackdepot: allocating space for 8192 stack pools via memblock
[    0.191293] SLUB: HWalign=64, Order=0-3, MinObjects=0, CPUs=2, Nodes=1
[    0.191933] kmemleak: Kernel memory leak detector disabled
[    0.227477] ftrace: allocating 75259 entries in 296 pages
[    0.227998] ftrace: allocated 296 pages with 3 groups
[    0.232659] Dynamic Preempt: voluntary
[    0.233504] Running RCU self tests
[    0.233823] Running RCU synchronous self tests
[    0.234246] rcu: Preemptible hierarchical RCU implementation.
[    0.234794] rcu: 	RCU lockdep checking is enabled.
[    0.235247] rcu: 	RCU restricting CPUs from NR_CPUS=8192 to nr_cpu_ids=2.
[    0.235891] 	Trampoline variant of Tasks RCU enabled.
[    0.236366] 	Rude variant of Tasks RCU enabled.
[    0.236800] 	Tracing variant of Tasks RCU enabled.
[    0.237252] rcu: RCU calculated value of scheduler-enlistment delay is 25 jiffies.
[    0.237968] rcu: Adjusting geometry for rcu_fanout_leaf=16, nr_cpu_ids=2
[    0.238685] Running RCU synchronous self tests
[    0.239105] RCU Tasks: Setting shift to 1 and lim to 1 rcu_task_cb_adjust=1 rcu_task_cpu_ids=2.
[    0.239927] RCU Tasks Rude: Setting shift to 1 and lim to 1 rcu_task_cb_adjust=1 rcu_task_cpu_ids=2.
[    0.240793] RCU Tasks Trace: Setting shift to 1 and lim to 1 rcu_task_cb_adjust=1 rcu_task_cpu_ids=2.
[    0.315284] NR_IRQS: 524544, nr_irqs: 440, preallocated irqs: 16
[    0.316498] rcu: srcu_init: Setting srcu_struct sizes based on contention.
[    0.327658] Console: colour VGA+ 80x25
[    0.328209] printk: legacy console [ttyS0] enabled
[    0.328209] printk: legacy console [ttyS0] enabled
[    0.329254] printk: legacy bootconsole [earlyser0] disabled
[    0.329254] printk: legacy bootconsole [earlyser0] disabled
[    0.330433] Lock dependency validator: Copyright (c) 2006 Red Hat, Inc., Ingo Molnar
[    0.331248] ... MAX_LOCKDEP_SUBCLASSES:  8
[    0.331696] ... MAX_LOCK_DEPTH:          48
[    0.332143] ... MAX_LOCKDEP_KEYS:        8192
[    0.332610] ... CLASSHASH_SIZE:          4096
[    0.333075] ... MAX_LOCKDEP_ENTRIES:     32768
[    0.333557] ... MAX_LOCKDEP_CHAINS:      65536
[    0.334030] ... CHAINHASH_SIZE:          32768
[    0.334520]  memory used by lock dependency info: 6429 kB
[    0.335109]  memory used for stack traces: 4224 kB
[    0.335642]  per task-struct memory footprint: 1920 bytes
[    0.336314] ACPI: Core revision 20250807
[    0.337209] clocksource: hpet: mask: 0xffffffff max_cycles: 0xffffffff, max_idle_ns: 19112604467 ns
[    0.338355] APIC: Switch to symmetric I/O mode setup
[    0.339109] x2apic enabled
[    0.339839] APIC: Switched APIC routing to: physical x2apic
[    0.340433] kvm-guest: APIC: send_IPI_mask() replaced with kvm_send_ipi_mask()
[    0.341209] kvm-guest: APIC: send_IPI_mask_allbutself() replaced with kvm_send_ipi_mask_allbutself()
[    0.342170] kvm-guest: setup PV IPIs
[    0.343973] ..TIMER: vector=0x30 apic1=0 pin1=2 apic2=-1 pin2=-1
[    0.344634] clocksource: tsc-early: mask: 0xffffffffffffffff max_cycles: 0x1881273ac8e, max_idle_ns: 440795257284 ns
[    0.345671] Calibrating delay loop (skipped) preset value.. 3400.00 BogoMIPS (lpj=6800000)
[    0.349828] x86/cpu: User Mode Instruction Prevention (UMIP) activated
[    0.350571] Last level iTLB entries: 4KB 0, 2MB 0, 4MB 0
[    0.351097] Last level dTLB entries: 4KB 0, 2MB 0, 4MB 0, 1GB 0
[    0.351698] mitigations: Enabled attack vectors: user_kernel, user_user, guest_host, guest_guest, SMT mitigations: auto
[    0.352760] Speculative Store Bypass: Mitigation: Speculative Store Bypass disabled via prctl
[    0.353663] Spectre V2 : Mitigation: Enhanced / Automatic IBRS
[    0.354234] ITS: Mitigation: Aligned branch/return thunks
[    0.354761] Spectre V1 : Mitigation: usercopy/swapgs barriers and __user pointer sanitization
[    0.355583] Spectre V2 : WARNING: Unprivileged eBPF is enabled with eIBRS on, data leaks possible via Spectre v2 BHB attacks!
[    0.356667] Spectre V2 : Spectre v2 / PBRSB-eIBRS: Retire a single CALL on VMEXIT
[    0.357403] Spectre V2 : mitigation: Enabling conditional Indirect Branch Prediction Barrier
[    0.357665] active return thunk: its_return_thunk
[    0.358134] Spectre V2 : Spectre BHI mitigation: SW BHB clearing on syscall and VM exit
[    0.358968] x86/fpu: Supporting XSAVE feature 0x001: 'x87 floating point registers'
[    0.359720] x86/fpu: Supporting XSAVE feature 0x002: 'SSE registers'
[    0.360344] x86/fpu: Supporting XSAVE feature 0x004: 'AVX registers'
[    0.361661] x86/fpu: Supporting XSAVE feature 0x020: 'AVX-512 opmask'
[    0.362299] x86/fpu: Supporting XSAVE feature 0x040: 'AVX-512 Hi256'
[    0.362923] x86/fpu: Supporting XSAVE feature 0x080: 'AVX-512 ZMM_Hi256'
[    0.363576] x86/fpu: Supporting XSAVE feature 0x200: 'Protection Keys User registers'
[    0.364343] x86/fpu: Supporting XSAVE feature 0x20000: 'AMX Tile config'
[    0.365000] x86/fpu: Supporting XSAVE feature 0x40000: 'AMX Tile data'
[    0.365662] x86/fpu: xstate_offset[2]:  576, xstate_sizes[2]:  256
[    0.366271] x86/fpu: xstate_offset[5]:  832, xstate_sizes[5]:   64
[    0.366882] x86/fpu: xstate_offset[6]:  896, xstate_sizes[6]:  512
[    0.367485] x86/fpu: xstate_offset[7]: 1408, xstate_sizes[7]: 1024
[    0.368092] x86/fpu: xstate_offset[9]: 2432, xstate_sizes[9]:    8
[    0.368697] x86/fpu: xstate_offset[17]: 2496, xstate_sizes[17]:   64
[    0.369325] x86/fpu: xstate_offset[18]: 2560, xstate_sizes[18]: 8192
[    0.369661] x86/fpu: Enabled xstate features 0x602e7, context size is 10752 bytes, using 'compacted' format.
[    0.528742] Freeing SMP alternatives memory: 64K
[    0.529259] pid_max: default: 32768 minimum: 301
[    0.530064] Yama: becoming mindful.
[    0.530927] Mount-cache hash table entries: 4096 (order: 3, 32768 bytes, linear)
[    0.531740] Mountpoint-cache hash table entries: 4096 (order: 3, 32768 bytes, linear)
[    0.534459] Running RCU synchronous self tests
[    0.534963] Running RCU synchronous self tests
[    0.535777] smpboot: CPU0: Intel(R) Xeon(R) Gold 6414TDX (family: 0x6, model: 0x8f, stepping: 0x6)
[    0.537483] Performance Events: PEBS fmt0-, Sapphire Rapids events, full-width counters, Intel PMU driver.
[    0.537657] ... version:                   2
[    0.537657] ... bit width:                 48
[    0.537657] ... generic counters:          8
[    0.537666] ... generic bitmap:            00000000000000ff
[    0.538216] ... fixed-purpose counters:    4
[    0.538642] ... fixed-purpose bitmap:      000000000000000f
[    0.539227] ... value mask:                0000ffffffffffff
[    0.539836] ... max period:                00007fffffffffff
[    0.540435] ... global_ctrl mask:          0000000f000000ff
[    0.541603] signal: max sigframe size: 11952
[    0.541840] rcu: Hierarchical SRCU implementation.
[    0.542372] rcu: 	Max phase no-delay instances is 1000.
[    0.543178] Timer migration: 1 hierarchy levels; 8 children per group; 1 crossnode level
[    0.569271] smp: Bringing up secondary CPUs ...
[    0.570307] smpboot: x86: Booting SMP configuration:
[    0.570860] .... node  #0, CPUs:      #1
[    0.571142] smp: Brought up 1 node, 2 CPUs
[    0.571142] smpboot: Total of 2 processors activated (6800.00 BogoMIPS)
[    0.574372] Memory: 1591816K/2096632K available (80926K kernel code, 15557K rwdata, 18816K rodata, 16412K init, 20860K bss, 493188K reserved, 0K cma-reserved)
[    0.576622] devtmpfs: initialized
[    0.578173] x86/mm: Memory block size: 128MB
[    0.590521] Running RCU synchronous self tests
[    0.591013] Running RCU synchronous self tests
[    0.591557] Running RCU Tasks wait API self tests
[    0.591557] Running RCU Tasks Rude wait API self tests
[    0.591557] Running RCU Tasks Trace wait API self tests
[    0.613678] clocksource: jiffies: mask: 0xffffffff max_cycles: 0xffffffff, max_idle_ns: 7645041785100000 ns
[    0.614715] posixtimers hash table entries: 1024 (order: 5, 73728 bytes, linear)
[    0.614715] futex hash table entries: 512 (65536 bytes on 1 NUMA nodes, total 64 KiB, linear).
[    0.617178] 
[    0.617358] *************************************************************
[    0.617667] **     NOTICE NOTICE NOTICE NOTICE NOTICE NOTICE NOTICE    **
[    0.618337] **                                                         **
[    0.619012] **  IOMMU DebugFS SUPPORT HAS BEEN ENABLED IN THIS KERNEL  **
[    0.619688] **                                                         **
[    0.620361] ** This means that this kernel is built to expose internal **
[    0.621028] ** IOMMU data structures, which may compromise security on **
[    0.621663] ** your system.                                            **
[    0.622332] **                                                         **
[    0.622999] ** If you see this message and you are not debugging the   **
[    0.623671] ** kernel, report this immediately to your vendor!         **
[    0.624346] **                                                         **
[    0.625023] **     NOTICE NOTICE NOTICE NOTICE NOTICE NOTICE NOTICE    **
[    0.625662] *************************************************************
[    0.626419] PM: RTC time: 21:14:59, date: 2026-03-12
[    0.629429] NET: Registered PF_NETLINK/PF_ROUTE protocol family
[    0.631455] DMA: preallocated 256 KiB GFP_KERNEL pool for atomic allocations
[    0.632239] DMA: preallocated 256 KiB GFP_KERNEL|GFP_DMA pool for atomic allocations
[    0.633090] DMA: preallocated 256 KiB GFP_KERNEL|GFP_DMA32 pool for atomic allocations
[    0.633762] audit: initializing netlink subsys (disabled)
[    0.634385] audit: type=2000 audit(1773350099.604:1): state=initialized audit_enabled=0 res=1
[    0.639274] thermal_sys: Registered thermal governor 'fair_share'
[    0.639287] thermal_sys: Registered thermal governor 'bang_bang'
[    0.639989] thermal_sys: Registered thermal governor 'step_wise'
[    0.640652] thermal_sys: Registered thermal governor 'user_space'
[    0.641372] cpuidle: using governor ladder
[    0.642133] cpuidle: using governor menu
[    0.642511] acpiphp: ACPI Hot Plug PCI Controller Driver version: 0.5
[    0.644492] PCI: Using configuration type 1 for base access
[    0.645672] Callback from call_rcu_tasks_trace() invoked.
[    0.646241] kprobes: kprobe jump-optimization is enabled. All kprobes are optimized if possible.
[    0.820062] HugeTLB: registered 1.00 GiB page size, pre-allocated 0 pages
[    0.821666] HugeTLB: 16380 KiB vmemmap can be freed for a 1.00 GiB page
[    0.822322] HugeTLB: registered 2.00 MiB page size, pre-allocated 0 pages
[    0.822993] HugeTLB: 28 KiB vmemmap can be freed for a 2.00 MiB page
[    0.835635] ACPI: Added _OSI(Module Device)
[    0.836095] ACPI: Added _OSI(Processor Device)
[    0.837673] ACPI: Added _OSI(Processor Aggregator Device)
[    0.855602] ACPI: 1 ACPI AML tables successfully acquired and loaded
[    0.863222] ACPI: Interpreter enabled
[    0.863761] ACPI: PM: (supports S0 S3 S4 S5)
[    0.864202] ACPI: Using IOAPIC for interrupt routing
[    0.864798] PCI: Using host bridge windows from ACPI; if necessary, use "pci=nocrs" and report a bug
[    0.865664] PCI: Using E820 reservations for host bridge windows
[    0.867588] ACPI: Enabled 2 GPEs in block 00 to 0F
[    0.910276] ACPI: PCI Root Bridge [PCI0] (domain 0000 [bus 00-ff])
[    0.910941] acpi PNP0A03:00: _OSC: OS supports [ASPM ClockPM Segments MSI EDR HPX-Type3]
[    0.911751] acpi PNP0A03:00: _OSC: not requesting OS control; OS requires [ExtendedConfig ASPM ClockPM MSI]
[    0.912874] acpi PNP0A03:00: fail to add MMCONFIG information, can't access extended configuration space under this bridge
[    0.918974] acpiphp: Slot [3] registered
[    0.919600] acpiphp: Slot [4] registered
[    0.920180] acpiphp: Slot [5] registered
[    0.920765] acpiphp: Slot [6] registered
[    0.921343] acpiphp: Slot [7] registered
[    0.921823] acpiphp: Slot [8] registered
[    0.922415] acpiphp: Slot [9] registered
[    0.922980] acpiphp: Slot [10] registered
[    0.923521] acpiphp: Slot [11] registered
[    0.924061] acpiphp: Slot [12] registered
[    0.924608] acpiphp: Slot [13] registered
[    0.925152] acpiphp: Slot [14] registered
[    0.925708] acpiphp: Slot [15] registered
[    0.926249] acpiphp: Slot [16] registered
[    0.926797] acpiphp: Slot [17] registered
[    0.927670] acpiphp: Slot [18] registered
[    0.928242] acpiphp: Slot [19] registered
[    0.928800] acpiphp: Slot [20] registered
[    0.929349] acpiphp: Slot [21] registered
[    0.929817] acpiphp: Slot [22] registered
[    0.930357] acpiphp: Slot [23] registered
[    0.930897] acpiphp: Slot [24] registered
[    0.931450] acpiphp: Slot [25] registered
[    0.931997] acpiphp: Slot [26] registered
[    0.932543] acpiphp: Slot [27] registered
[    0.933083] acpiphp: Slot [28] registered
[    0.933627] acpiphp: Slot [29] registered
[    0.933811] acpiphp: Slot [30] registered
[    0.934366] acpiphp: Slot [31] registered
[    0.934839] PCI host bridge to bus 0000:00
[    0.935310] pci_bus 0000:00: root bus resource [io  0x0000-0x0cf7 window]
[    0.935989] pci_bus 0000:00: root bus resource [io  0x0d00-0xffff window]
[    0.936657] pci_bus 0000:00: root bus resource [mem 0x000a0000-0x000bffff window]
[    0.937403] pci_bus 0000:00: root bus resource [mem 0x80000000-0xfebfffff window]
[    0.937666] pci_bus 0000:00: root bus resource [mem 0x100000000-0x17fffffff window]
[    0.938422] pci_bus 0000:00: root bus resource [bus 00-ff]
[    0.939080] pci 0000:00:00.0: [8086:1237] type 00 class 0x060000 conventional PCI endpoint
[    0.949579] pci 0000:00:01.0: [8086:7000] type 00 class 0x060100 conventional PCI endpoint
[    0.951125] pci 0000:00:01.1: [8086:7010] type 00 class 0x010180 conventional PCI endpoint
[    0.952557] pci 0000:00:01.1: BAR 4 [io  0xc040-0xc04f]
[    0.953167] pci 0000:00:01.1: BAR 0 [io  0x01f0-0x01f7]: legacy IDE quirk
[    0.953666] pci 0000:00:01.1: BAR 1 [io  0x03f6]: legacy IDE quirk
[    0.954271] pci 0000:00:01.1: BAR 2 [io  0x0170-0x0177]: legacy IDE quirk
[    0.954945] pci 0000:00:01.1: BAR 3 [io  0x0376]: legacy IDE quirk
[    0.956114] pci 0000:00:01.3: [8086:7113] type 00 class 0x068000 conventional PCI endpoint
[    0.957253] pci 0000:00:01.3: quirk: [io  0x0600-0x063f] claimed by PIIX4 ACPI
[    0.957671] pci 0000:00:01.3: quirk: [io  0x0700-0x070f] claimed by PIIX4 SMB
[    0.958946] pci 0000:00:02.0: [1234:1111] type 00 class 0x030000 conventional PCI endpoint
[    0.960838] pci 0000:00:02.0: BAR 0 [mem 0xfd000000-0xfdffffff pref]
[    0.961499] pci 0000:00:02.0: BAR 2 [mem 0xfebf0000-0xfebf0fff]
[    0.961691] pci 0000:00:02.0: ROM [mem 0xfebe0000-0xfebeffff pref]
[    0.962404] pci 0000:00:02.0: Video device with shadowed ROM at [mem 0x000c0000-0x000dffff]
[    0.972300] pci 0000:00:03.0: [8086:100e] type 00 class 0x020000 conventional PCI endpoint
[    0.973978] pci 0000:00:03.0: BAR 0 [mem 0xfebc0000-0xfebdffff]
[    0.974576] pci 0000:00:03.0: BAR 1 [io  0xc000-0xc03f]
[    0.975134] pci 0000:00:03.0: ROM [mem 0xfeb80000-0xfebbffff pref]
[    0.998922] ACPI: PCI: Interrupt link LNKA configured for IRQ 10
[    1.000551] ACPI: PCI: Interrupt link LNKB configured for IRQ 10
[    1.002138] ACPI: PCI: Interrupt link LNKC configured for IRQ 11
[    1.003718] ACPI: PCI: Interrupt link LNKD configured for IRQ 11
[    1.004727] ACPI: PCI: Interrupt link LNKS configured for IRQ 9
[    1.008023] iommu: Default domain type: Translated
[    1.008524] iommu: DMA domain TLB invalidation policy: lazy mode
[    1.011850] SCSI subsystem initialized
[    1.012740] ACPI: bus type USB registered
[    1.013378] usbcore: registered new interface driver usbfs
[    1.013764] usbcore: registered new interface driver hub
[    1.014371] usbcore: registered new device driver usb
[    1.015568] pps_core: LinuxPPS API ver. 1 registered
[    1.016078] pps_core: Software ver. 5.3.6 - Copyright 2005-2007 Rodolfo Giometti <giometti@linux.it>
[    1.017010] PTP clock support registered
[    1.021784] EDAC MC: Ver: 3.0.0
[    1.027871] NetLabel: Initializing
[    1.028236] NetLabel:  domain hash size = 128
[    1.028697] NetLabel:  protocols = UNLABELED CIPSOv4 CALIPSO
[    1.029394] NetLabel:  unlabeled traffic allowed by default
[    1.030213] PCI: Using ACPI for IRQ routing
[    1.031015] pci 0000:00:02.0: vgaarb: setting as boot VGA device
[    1.031629] pci 0000:00:02.0: vgaarb: bridge control possible
[    1.032203] pci 0000:00:02.0: vgaarb: VGA device added: decodes=io+mem,owns=io+mem,locks=none
[    1.033039] vgaarb: loaded
[    1.034069] hpet0: at MMIO 0xfed00000, IRQs 2, 8, 0
[    1.034577] hpet0: 3 comparators, 64-bit 100.000000 MHz counter
[    1.038904] clocksource: Switched to clocksource kvm-clock
[    3.441164] VFS: Disk quotas dquot_6.6.0
[    3.441649] VFS: Dquot-cache hash table entries: 512 (order 0, 4096 bytes)
[    3.443892] pnp: PnP ACPI init
[    3.448530] pnp: PnP ACPI: found 6 devices
[    3.464694] Callback from call_rcu_tasks() invoked.
[    3.471214] clocksource: acpi_pm: mask: 0xffffff max_cycles: 0xffffff, max_idle_ns: 2085701024 ns
[    3.472629] NET: Registered PF_INET protocol family
[    3.473264] IP idents hash table entries: 32768 (order: 6, 262144 bytes, linear)
[    3.475481] tcp_listen_portaddr_hash hash table entries: 1024 (order: 5, 73728 bytes, linear)
[    3.476381] Table-perturb hash table entries: 65536 (order: 6, 262144 bytes, linear)
[    3.477224] TCP established hash table entries: 16384 (order: 5, 131072 bytes, linear)
[    3.478365] TCP bind hash table entries: 16384 (order: 10, 2359296 bytes, linear)
[    3.480296] TCP: Hash tables configured (established 16384 bind 16384)
[    3.481093] UDP hash table entries: 1024 (order: 6, 262144 bytes, linear)
[    3.481881] UDP-Lite hash table entries: 1024 (order: 6, 262144 bytes, linear)
[    3.482987] NET: Registered PF_UNIX/PF_LOCAL protocol family
[    3.484473] RPC: Registered named UNIX socket transport module.
[    3.485099] RPC: Registered udp transport module.
[    3.485576] RPC: Registered tcp transport module.
[    3.486042] RPC: Registered tcp-with-tls transport module.
[    3.486596] RPC: Registered tcp NFSv4.1 backchannel transport module.
[    3.487261] pci_bus 0000:00: resource 4 [io  0x0000-0x0cf7 window]
[    3.487877] pci_bus 0000:00: resource 5 [io  0x0d00-0xffff window]
[    3.488508] pci_bus 0000:00: resource 6 [mem 0x000a0000-0x000bffff window]
[    3.489190] pci_bus 0000:00: resource 7 [mem 0x80000000-0xfebfffff window]
[    3.489866] pci_bus 0000:00: resource 8 [mem 0x100000000-0x17fffffff window]
[    3.490935] pci 0000:00:01.0: PIIX3: Enabling Passive Release
[    3.491523] pci 0000:00:00.0: Limiting direct PCI/PCI transfers
[    3.492210] PCI: CLS 0 bytes, default 64
[    3.492714] ACPI: bus type thunderbolt registered
[    3.493608] clocksource: tsc: mask: 0xffffffffffffffff max_cycles: 0x1881273ac8e, max_idle_ns: 440795257284 ns
[    3.494730] sgx: There are zero EPC sections.
[    3.501217] Initialise system trusted keyrings
[    3.501810] Key type blacklist registered
[    3.502472] workingset: timestamp_bits=36 max_order=19 bucket_order=0
[    3.505273] squashfs: version 4.0 (2009/01/31) Phillip Lougher
[    3.507283] NFS: Registering the id_resolver key type
[    3.507822] Key type id_resolver registered
[    3.508251] Key type id_legacy registered
[    3.508738] nfs4filelayout_init: NFSv4 File Layout Driver Registering...
[    3.509439] nfs4flexfilelayout_init: NFSv4 Flexfile Layout Driver Registering...
[    3.510494] fuse: init (API version 7.45)
[    3.511523] SGI XFS with ACLs, security attributes, realtime, quota, no debug enabled
[    3.513625] 9p: Installing v9fs 9p2000 file system support
[    3.528781] Key type asymmetric registered
[    3.529213] Asymmetric key parser 'x509' registered
[    3.529841] Block layer SCSI generic (bsg) driver version 0.4 loaded (major 241)
[    3.530801] io scheduler mq-deadline registered
[    3.531392] io scheduler bfq registered
[    3.532302] ledtrig-cpu: registered to indicate activity on CPUs
[    3.534392] IPMI message handler: version 39.2
[    3.534924] ipmi device interface
[    3.537323] input: Power Button as /devices/LNXSYSTM:00/LNXPWRBN:00/input/input0
[    3.538656] ACPI: button: Power Button [PWRF]
[    3.540651] ERST DBG: ERST support is disabled.
[    3.542528] Serial: 8250/16550 driver, 32 ports, IRQ sharing enabled
[    3.544369] 00:04: ttyS0 at I/O 0x3f8 (irq = 4, base_baud = 115200) is a 16550A
[    3.575132] Linux agpgart interface v0.103
[    3.578378] ACPI: bus type drm_connector registered
[    3.603382] brd: module loaded
[    3.618659] loop: module loaded
[    3.629048] scsi host0: ata_piix
[    3.630645] scsi host1: ata_piix
[    3.631568] ata1: PATA max MWDMA2 cmd 0x1f0 ctl 0x3f6 bmdma 0xc040 irq 14 lpm-pol 0
[    3.632399] ata2: PATA max MWDMA2 cmd 0x170 ctl 0x376 bmdma 0xc048 irq 15 lpm-pol 0
[    3.636399] tun: Universal TUN/TAP device driver, 1.6
[    3.637635] e100: Intel(R) PRO/100 Network Driver
[    3.638161] e100: Copyright(c) 1999-2006 Intel Corporation
[    3.638895] e1000: Intel(R) PRO/1000 Network Driver
[    3.639427] e1000: Copyright (c) 1999-2006 Intel Corporation.
[    3.792642] ata2: found unknown device (class 0)
[    3.793472] ata1: found unknown device (class 0)
[    3.794502] ata1.00: ATA-7: QEMU HARDDISK, 2.5+, max UDMA/100
[    3.795087] ata1.00: 17196647 sectors, multi 16: LBA48 
[    3.796873] ata2.00: ATAPI: QEMU DVD-ROM, 2.5+, max UDMA/100
[    3.796966] scsi 0:0:0:0: Direct-Access     ATA      QEMU HARDDISK    2.5+ PQ: 0 ANSI: 5
[    3.800348] sd 0:0:0:0: Attached scsi generic sg0 type 0
[    3.801895] scsi 1:0:0:0: CD-ROM            QEMU     QEMU DVD-ROM     2.5+ PQ: 0 ANSI: 5
[    3.804137] sd 0:0:0:0: [sda] 17196647 512-byte logical blocks: (8.80 GB/8.20 GiB)
[    3.804971] sd 0:0:0:0: [sda] Write Protect is off
[    3.805584] sd 0:0:0:0: [sda] Write cache: enabled, read cache: enabled, doesn't support DPO or FUA
[    3.806670] sd 0:0:0:0: [sda] Preferred minimum I/O size 512 bytes
[    3.821835] scsi 1:0:0:0: Attached scsi generic sg1 type 5
[    3.832242] sd 0:0:0:0: [sda] Attached SCSI disk
[    4.453022] ACPI: \_SB_.LNKC: Enabled at IRQ 11
[    4.769338] e1000 0000:00:03.0 eth0: (PCI:33MHz:32-bit) 52:54:00:12:34:56
[    4.770072] e1000 0000:00:03.0 eth0: Intel(R) PRO/1000 Network Connection
[    4.770944] e1000e: Intel(R) PRO/1000 Network Driver
[    4.771451] e1000e: Copyright(c) 1999 - 2015 Intel Corporation.
[    4.772199] igb: Intel(R) Gigabit Ethernet Network Driver
[    4.772765] igb: Copyright (c) 2007-2014 Intel Corporation.
[    4.773752] PPP generic driver version 2.4.2
[    4.775223] VFIO - User Level meta-driver version: 0.3
[    4.777205] usbcore: registered new interface driver uas
[    4.777940] usbcore: registered new interface driver usb-storage
[    4.778896] i8042: PNP: PS/2 Controller [PNP0303:KBD,PNP0f13:MOU] at 0x60,0x64 irq 1,12
[    4.780903] serio: i8042 KBD port at 0x60,0x64 irq 1
[    4.781550] serio: i8042 AUX port at 0x60,0x64 irq 12
[    4.783273] mousedev: PS/2 mouse device common for all mice
[    4.785309] input: AT Translated Set 2 keyboard as /devices/platform/i8042/serio0/input/input1
[    4.787163] rtc_cmos 00:05: RTC can wake from S4
[    4.790040] rtc_cmos 00:05: registered as rtc0
[    4.790651] rtc_cmos 00:05: setting system clock to 2026-03-12T21:15:03 UTC (1773350103)
[    4.791926] rtc_cmos 00:05: alarms up to one day, y3k, 242 bytes nvram, hpet irqs
[    4.793588] input: VirtualPS/2 VMware VMMouse as /devices/platform/i8042/serio1/input/input4
[    4.794812] i2c_dev: i2c /dev entries driver
[    4.796167] input: VirtualPS/2 VMware VMMouse as /devices/platform/i8042/serio1/input/input3
[    4.797146] device-mapper: core: CONFIG_IMA_DISABLE_HTABLE is disabled. Duplicate IMA measurements will not be recorded in the IMA log.
[    4.798506] device-mapper: uevent: version 1.0.3
[    4.799736] device-mapper: ioctl: 4.50.0-ioctl (2025-04-28) initialised: dm-devel@lists.linux.dev
[    4.800820] intel_pstate: CPU model not supported
[    4.801639] sdhci: Secure Digital Host Controller Interface driver
[    4.802320] sdhci: Copyright(c) Pierre Ossman
[    4.803024] sdhci-pltfm: SDHCI platform and OF driver helper
[    4.804349] drop_monitor: Initializing network drop monitor service
[    4.805506] NET: Registered PF_INET6 protocol family
[    4.807786] Segment Routing with IPv6
[    4.808281] In-situ OAM (IOAM) with IPv6
[    4.808811] NET: Registered PF_PACKET protocol family
[    4.809597] 9pnet: Installing 9P2000 support
[    4.810213] Key type dns_resolver registered
[    4.812480] IPI shorthand broadcast: enabled
[    4.874725] sched_clock: Marking stable (4852003946, 20436762)->(4879809929, -7369221)
[    4.876503] registered taskstats version 1
[    4.877395] Loading compiled-in X.509 certificates
[    4.959603] Demotion targets for Node 0: null
[    4.961120] Key type .fscrypt registered
[    4.961567] Key type fscrypt-provisioning registered
[    4.964759] Key type encrypted registered
[    4.965266] ima: No TPM chip found, activating TPM-bypass!
[    4.965887] ima: Allocated hash algorithm: sha1
[    4.966454] ima: No architecture policies found
[    4.967147] evm: Initialising EVM extended attributes:
[    4.967709] evm: security.selinux
[    4.968082] evm: security.SMACK64
[    4.968475] evm: security.SMACK64EXEC
[    4.968881] evm: security.SMACK64TRANSMUTE
[    4.969338] evm: security.SMACK64MMAP
[    4.969744] evm: security.apparmor
[    4.970116] evm: security.ima
[    4.970419] evm: security.capability
[    4.970780] evm: HMAC attrs: 0x1
[    4.973717] PM:   Magic number: 2:280:247
[    4.974923] RAS: Correctable Errors collector initialized.
[    4.975971] clk: Disabling unused clocks
[    4.976729] PM: genpd: Disabling unused power domains
[    4.977873] check access for rdinit=/init failed: -2, ignoring
[    4.978324] md: Waiting for all devices to be available before autodetect
[    4.978809] md: If you don't use raid, use raid=noautodetect
[    4.979229] md: Autodetecting RAID arrays.
[    4.979537] md: autorun ...
[    4.979751] md: ... autorun DONE.
[    4.985973] EXT4-fs (sda): INFO: recovery required on readonly filesystem
[    4.986495] EXT4-fs (sda): write access will be enabled during recovery
[    5.108704] EXT4-fs (sda): orphan cleanup on readonly fs
[    5.109424] EXT4-fs (sda): 1 orphan inode deleted
[    5.109791] EXT4-fs (sda): recovery complete
[    5.113688] EXT4-fs (sda): mounted filesystem 088740a9-c8b4-422c-999d-a804eb68a4da ro with ordered data mode. Quota mode: none.
[    5.114629] VFS: Mounted root (ext4 filesystem) readonly on device 8:0.
[    5.116939] devtmpfs: mounted
[    5.138437] Freeing unused decrypted memory: 2036K
[    5.144189] Freeing unused kernel image (initmem) memory: 16412K
[    5.144876] Write protecting the kernel read-only data: 102400k
[    5.147602] Freeing unused kernel image (text/rodata gap) memory: 992K
[    5.149258] Freeing unused kernel image (rodata/data gap) memory: 1664K
[    6.092512] x86/mm: Checked W+X mappings: passed, no W+X pages found.
[    6.092994] Run /sbin/init as init process
[    6.222194] systemd[1]: systemd 252-15.el9 running in system mode (+PAM +AUDIT +SELINUX -APPARMOR +IMA +SMACK +SECCOMP +GCRYPT +GNUTLS +OPENSSL +ACL +BLKID +CURL +ELFUTILS -FIDO2 +IDN2 -IDN -IPTC +KMOD +LIBCRYPTSETUP +LIBFDISK +PCRE2 -PWQUALITY +P11KIT -QRENCODE +TPM2 +BZIP2 +LZ4 +XZ +ZLIB +ZSTD -BPF_FRAMEWORK +XKBCOMMON +UTMP +SYSVINIT default-hierarchy=unified)
[    6.224817] systemd[1]: Detected virtualization kvm.
[    6.225203] systemd[1]: Detected architecture x86-64.

Welcome to [0;31mCentOS Stream 9[0m!

[    6.229323] systemd[1]: Hostname set to <test>.
[    6.358749] systemd-rc-local-generator[118]: /etc/rc.d/rc.local is not marked executable, skipping.
[    6.704931] systemd[1]: Queued start job for default target Multi-User System.
[    6.739050] systemd[1]: Created slice Virtual Machine and Container Slice.
[[0;32m  OK  [0m] Created slice [0;1;39mVirtual Machine and Container Slice[0m.
[    6.744681] systemd[1]: Created slice Slice /system/getty.
[[0;32m  OK  [0m] Created slice [0;1;39mSlice /system/getty[0m.
[    6.747846] systemd[1]: Created slice Slice /system/modprobe.
[[0;32m  OK  [0m] Created slice [0;1;39mSlice /system/modprobe[0m.
[    6.751002] systemd[1]: Created slice Slice /system/serial-getty.
[[0;32m  OK  [0m] Created slice [0;1;39mSlice /system/serial-getty[0m.
[    6.754272] systemd[1]: Created slice Slice /system/sshd-keygen.
[[0;32m  OK  [0m] Created slice [0;1;39mSlice /system/sshd-keygen[0m.
[    6.757214] systemd[1]: Created slice User and Session Slice.
[[0;32m  OK  [0m] Created slice [0;1;39mUser and Session Slice[0m.
[    6.758859] systemd[1]: Started Forward Password Requests to Wall Directory Watch.
[[0;32m  OK  [0m] Started [0;1;39mForward Password R…uests to Wall Directory Watch[0m.
[    6.761160] systemd[1]: Set up automount Arbitrary Executable File Formats File System Automount Point.
[[0;32m  OK  [0m] Set up automount [0;1;39mArbitrary…s File System Automount Point[0m.
[    6.762628] systemd[1]: Reached target Local Integrity Protected Volumes.
[[0;32m  OK  [0m] Reached target [0;1;39mLocal Integrity Protected Volumes[0m.
[    6.763810] systemd[1]: Reached target Slice Units.
[[0;32m  OK  [0m] Reached target [0;1;39mSlice Units[0m.
[    6.764730] systemd[1]: Reached target Swaps.
[[0;32m  OK  [0m] Reached target [0;1;39mSwaps[0m.
[    6.765633] systemd[1]: Reached target Local Verity Protected Volumes.
[[0;32m  OK  [0m] Reached target [0;1;39mLocal Verity Protected Volumes[0m.
[    6.767166] systemd[1]: Listening on Device-mapper event daemon FIFOs.
[[0;32m  OK  [0m] Listening on [0;1;39mDevice-mapper event daemon FIFOs[0m.
[    6.769015] systemd[1]: Listening on LVM2 poll daemon socket.
[[0;32m  OK  [0m] Listening on [0;1;39mLVM2 poll daemon socket[0m.
[    6.770209] systemd[1]: multipathd control socket was skipped because of an unmet condition check (ConditionPathExists=/etc/multipath.conf).
[    6.809120] systemd[1]: Listening on RPCbind Server Activation Socket.
[[0;32m  OK  [0m] Listening on [0;1;39mRPCbind Server Activation Socket[0m.
[    6.810501] systemd[1]: Reached target RPC Port Mapper.
[[0;32m  OK  [0m] Reached target [0;1;39mRPC Port Mapper[0m.
[    6.814021] systemd[1]: Listening on Process Core Dump Socket.
[[0;32m  OK  [0m] Listening on [0;1;39mProcess Core Dump Socket[0m.
[    6.815570] systemd[1]: Listening on initctl Compatibility Named Pipe.
[[0;32m  OK  [0m] Listening on [0;1;39minitctl Compatibility Named Pipe[0m.
[    6.818607] systemd[1]: Listening on Journal Socket (/dev/log).
[[0;32m  OK  [0m] Listening on [0;1;39mJournal Socket (/dev/log)[0m.
[    6.820346] systemd[1]: Listening on Journal Socket.
[[0;32m  OK  [0m] Listening on [0;1;39mJournal Socket[0m.
[    6.822212] systemd[1]: Listening on udev Control Socket.
[[0;32m  OK  [0m] Listening on [0;1;39mudev Control Socket[0m.
[    6.823694] systemd[1]: Listening on udev Kernel Socket.
[[0;32m  OK  [0m] Listening on [0;1;39mudev Kernel Socket[0m.
[    6.848731] systemd[1]: Mounting Huge Pages File System...
         Mounting [0;1;39mHuge Pages File System[0m...
[    6.856627] systemd[1]: Mounting POSIX Message Queue File System...
         Mounting [0;1;39mPOSIX Message Queue File System[0m...
[    6.867532] systemd[1]: Mounting Kernel Debug File System...
         Mounting [0;1;39mKernel Debug File System[0m...
[    6.877498] systemd[1]: Mounting Kernel Trace File System...
         Mounting [0;1;39mKernel Trace File System[0m...
[    6.878706] systemd[1]: Kernel Module supporting RPCSEC_GSS was skipped because of an unmet condition check (ConditionPathExists=/etc/krb5.keytab).
[    6.879762] systemd[1]: Create List of Static Device Nodes was skipped because of an unmet condition check (ConditionFileNotEmpty=/lib/modules/6.19.0-rc1-aaf76839616a+/modules.devname).
[    6.897018] systemd[1]: Starting Monitoring of LVM2 mirrors, snapshots etc. using dmeventd or progress polling...
         Starting [0;1;39mMonitoring of LVM…meventd or progress polling[0m...
[    6.905782] systemd[1]: Starting Load Kernel Module configfs...
         Starting [0;1;39mLoad Kernel Module configfs[0m...
[    6.918654] systemd[1]: Starting Load Kernel Module drm...
         Starting [0;1;39mLoad Kernel Module drm[0m...
[    6.934838] systemd[1]: Starting Load Kernel Module fuse...
         Starting [0;1;39mLoad Kernel Module fuse[0m...
[    6.947504] systemd[1]: Starting Read and set NIS domainname from /etc/sysconfig/network...
         Starting [0;1;39mRead and set NIS …from /etc/sysconfig/network[0m...
[    6.959876] systemd[1]: Starting Journal Service...
         Starting [0;1;39mJournal Service[0m...
[    6.974759] systemd[1]: Starting Load Kernel Modules...
         Starting [0;1;39mLoad Kernel Modules[0m...
[    6.990172] systemd[1]: Starting Generate network units from Kernel command line...
         Starting [0;1;39mGenerate network …ts from Kernel command line[0m...
[    7.025010] systemd[1]: Starting Remount Root and Kernel File Systems...
         Starting [0;1;39mRemount Root and Kernel File Systems[0m...
[    7.031007] systemd[1]: Repartition Root Disk was skipped because no trigger condition checks were met.
[    7.056919] systemd[1]: Starting Coldplug All udev Devices...
         Starting [0;1;39mColdplug All udev Devices[0m...
[    7.078226] systemd[1]: Mounted Huge Pages File System.
[[0;32m  OK  [0m] Mounted [0;1;39mHuge Pages File System[0m.
[    7.085016] systemd[1]: Mounted POSIX Message Queue File System.
[[0;32m  OK  [0m] Mounted [0;1;39mPOSIX Message Queue File System[0m.
[    7.086948] systemd[1]: Mounted Kernel Debug File System.
[    7.087475] EXT4-fs (sda): re-mounted 088740a9-c8b4-422c-999d-a804eb68a4da r/w.
[[0;32m  OK  [0m] Mounted [0;1;39mKernel Debug File System[0m.
[    7.094781] systemd[1]: Mounted Kernel Trace File System.
[[0;32m  OK  [0m] Mounted [0;1;39mKernel Trace File System[0m.
[    7.102160] systemd[1]: Finished Monitoring of LVM2 mirrors, snapshots etc. using dmeventd or progress polling.
[[0;32m  OK  [0m] Finished [0;1;39mMonitoring of LVM… dmeventd or progress polling[0m.
[    7.110231] systemd[1]: modprobe@configfs.service: Deactivated successfully.
[    7.111752] systemd[1]: Finished Load Kernel Module configfs.
[[0;32m  OK  [0m] Finished [0;1;39mLoad Kernel Module configfs[0m.
[    7.120064] systemd[1]: modprobe@drm.service: Deactivated successfully.
[    7.124544] systemd[1]: Finished Load Kernel Module drm.
[[0;32m  OK  [0m] Finished [0;1;39mLoad Kernel Module drm[0m.
[    7.127156] systemd[1]: modprobe@fuse.service: Deactivated successfully.
[    7.136826] systemd[1]: Finished Load Kernel Module fuse.
[[0;32m  OK  [0m] Finished [0;1;39mLoad Kernel Module fuse[0m.
[    7.139584] systemd[1]: Finished Read and set NIS domainname from /etc/sysconfig/network.
[[0;32m  OK  [0m] Finished [0;1;39mRead and set NIS …e from /etc/sysconfig/network[0m.
[    7.145420] systemd[1]: systemd-modules-load.service: Main process exited, code=exited, status=1/FAILURE
[    7.146817] systemd[1]: systemd-modules-load.service: Failed with result 'exit-code'.
[    7.148323] systemd[1]: Failed to start Load Kernel Modules.
[[0;1;31mFAILED[0m] Failed to start [0;1;39mLoad Kernel Modules[0m.
See 'systemctl status systemd-modules-load.service' for details.
[    7.155216] systemd[1]: Finished Generate network units from Kernel command line.
[[0;32m  OK  [0m] Finished [0;1;39mGenerate network units from Kernel command line[0m.
[    7.161034] systemd[1]: Started Journal Service.
[[0;32m  OK  [0m] Started [0;1;39mJournal Service[0m.
[[0;32m  OK  [0m] Finished [0;1;39mRemount Root and Kernel File Systems[0m.
[[0;32m  OK  [0m] Reached target [0;1;39mPreparation for Network[0m.
         Mounting [0;1;39mFUSE Control File System[0m...
         Mounting [0;1;39mKernel Configuration File System[0m...
         Starting [0;1;39mFlush Journal to Persistent Storage[0m...
         Starting [0;1;39mLoad/Save Random Seed[0m...
         Starting [0;1;39mApply Kernel Variables[0m...
[    7.250562] systemd-journald[142]: Received client request to flush runtime journal.
         Starting [0;1;39mCreate Static Device Nodes in /dev[0m...
         Starting [0;1;39mSetup Virtual Console[0m...
[[0;32m  OK  [0m] Mounted [0;1;39mFUSE Control File System[0m.
[[0;32m  OK  [0m] Mounted [0;1;39mKernel Configuration File System[0m.
[[0;32m  OK  [0m] Finished [0;1;39mFlush Journal to Persistent Storage[0m.
[[0;32m  OK  [0m] Finished [0;1;39mLoad/Save Random Seed[0m.
[[0;32m  OK  [0m] Finished [0;1;39mApply Kernel Variables[0m.
[[0;32m  OK  [0m] Finished [0;1;39mCreate Static Device Nodes in /dev[0m.
         Starting [0;1;39mRule-based Manage…for Device Events and Files[0m...
[[0;32m  OK  [0m] Started [0;1;39mRule-based Manager for Device Events and Files[0m.
         Starting [0;1;39mAuto-connect to s…E devices found during boot[0m...
[[0;32m  OK  [0m] Finished [0;1;39mAuto-connect to s…VME devices found during boot[0m.
[[0;32m  OK  [0m] Finished [0;1;39mSetup Virtual Console[0m.
[[0;32m  OK  [0m] Finished [0;1;39mColdplug All udev Devices[0m.
         Starting [0;1;39mShow Plymouth Boot Screen[0m...
         Starting [0;1;39mWait for udev To …plete Device Initialization[0m...
[2J[3J[-1;-1f[[0;32m  OK  [0m] Started [0;1;39mShow Plymouth Boot Screen[0m.
[[0;32m  OK  [0m] Started [0;1;39mForward Password R…s to Plymouth Directory Watch[0m.
[[0;32m  OK  [0m] Reached target [0;1;39mLocal Encrypted Volumes[0m.
[[0;32m  OK  [0m] Reached target [0;1;39mPath Units[0m.
[[0;32m  OK  [0m] Found device [0;1;39m/dev/ttyS0[0m.
[[0;32m  OK  [0m] Listening on [0;1;39mLoad/Save RF …itch Status /dev/rfkill Watch[0m.
[[0;32m  OK  [0m] Finished [0;1;39mWait for udev To Complete Device Initialization[0m.
[[0;32m  OK  [0m] Reached target [0;1;39mPreparation for Local File Systems[0m.
[[0;32m  OK  [0m] Reached target [0;1;39mLocal File Systems[0m.
         Starting [0;1;39mTell Plymouth To Write Out Runtime Data[0m...
         Starting [0;1;39mAutomatic Boot Loader Update[0m...
         Starting [0;1;39mCreate Volatile Files and Directories[0m...
[[0;32m  OK  [0m] Finished [0;1;39mTell Plymouth To Write Out Runtime Data[0m.
[[0;32m  OK  [0m] Finished [0;1;39mAutomatic Boot Loader Update[0m.
[[0;32m  OK  [0m] Finished [0;1;39mCreate Volatile Files and Directories[0m.
         Mounting [0;1;39mRPC Pipe File System[0m...
         Starting [0;1;39mSecurity Auditing Service[0m...
         Starting [0;1;39mRPC Bind[0m...
[[0;32m  OK  [0m] Mounted [0;1;39mRPC Pipe File System[0m.
[[0;32m  OK  [0m] Reached target [0;1;39mrpc_pipefs.target[0m.
[[0;32m  OK  [0m] Started [0;1;39mRPC Bind[0m.
[[0;32m  OK  [0m] Started [0;1;39mSecurity Auditing Service[0m.
         Starting [0;1;39mRecord System Boot/Shutdown in UTMP[0m...
[[0;32m  OK  [0m] Finished [0;1;39mRecord System Boot/Shutdown in UTMP[0m.
[[0;32m  OK  [0m] Reached target [0;1;39mSystem Initialization[0m.
[[0;32m  OK  [0m] Started [0;1;39mDaily rotation of log files[0m.
[[0;32m  OK  [0m] Started [0;1;39mUpdates mlocate database every day[0m.
[[0;32m  OK  [0m] Started [0;1;39mDaily Cleanup of Temporary Directories[0m.
[[0;32m  OK  [0m] Started [0;1;39mdaily update of the root trust anchor for DNSSEC[0m.
[[0;32m  OK  [0m] Reached target [0;1;39mTimer Units[0m.
[[0;32m  OK  [0m] Listening on [0;1;39mD-Bus System Message Bus Socket[0m.
[[0;32m  OK  [0m] Listening on [0;1;39mOpen-iSCSI iscsid Socket[0m.
[[0;32m  OK  [0m] Listening on [0;1;39mOpen-iSCSI iscsiuio Socket[0m.
[[0;32m  OK  [0m] Listening on [0;1;39mSSSD Kerberos…ache Manager responder socket[0m.
[[0;32m  OK  [0m] Listening on [0;1;39mLibvirt interface local socket[0m.
[[0;32m  OK  [0m] Listening on [0;1;39mVirtual machine lock manager socket[0m.
[[0;32m  OK  [0m] Listening on [0;1;39mVirtual machine log manager socket[0m.
[[0;32m  OK  [0m] Listening on [0;1;39mLibvirt network local socket[0m.
[[0;32m  OK  [0m] Listening on [0;1;39mLibvirt nodedev local socket[0m.
[[0;32m  OK  [0m] Listening on [0;1;39mLibvirt nwfilter local socket[0m.
[[0;32m  OK  [0m] Listening on [0;1;39mLibvirt proxy local socket[0m.
[[0;32m  OK  [0m] Listening on [0;1;39mLibvirt qemu local socket[0m.
[[0;32m  OK  [0m] Listening on [0;1;39mLibvirt qemu admin socket[0m.
[[0;32m  OK  [0m] Listening on [0;1;39mLibvirt qemu local read-only socket[0m.
[[0;32m  OK  [0m] Listening on [0;1;39mLibvirt secret local socket[0m.
[[0;32m  OK  [0m] Listening on [0;1;39mLibvirt storage local socket[0m.
[[0;32m  OK  [0m] Reached target [0;1;39mSocket Units[0m.
         Starting [0;1;39mD-Bus System Message Bus[0m...
[[0;32m  OK  [0m] Started [0;1;39mD-Bus System Message Bus[0m.
[[0;32m  OK  [0m] Reached target [0;1;39mBasic System[0m.
         Starting [0;1;39mNetwork Manager[0m...
         Starting [0;1;39mNTP client/server[0m...
         Starting [0;1;39mRestore /run/initramfs on shutdown[0m...
[[0;32m  OK  [0m] Started [0;1;39mirqbalance daemon[0m.
[[0;32m  OK  [0m] Started [0;1;39mlibstoragemgmt plug-in server daemon[0m.
[[0;32m  OK  [0m] Started [0;1;39mMachine Check Exception Logging Daemon[0m.
[[0;32m  OK  [0m] Reached target [0;1;39msshd-keygen.target[0m.
[[0;32m  OK  [0m] Reached target [0;1;39mUser and Group Name Lookups[0m.
         Starting [0;1;39mUser Login Management[0m...
         Starting [0;1;39mVirtual Machine a…tainer Registration Service[0m...
[[0;32m  OK  [0m] Finished [0;1;39mRestore /run/initramfs on shutdown[0m.
[[0;32m  OK  [0m] Started [0;1;39mVirtual Machine an…ontainer Registration Service[0m.
         Starting [0;1;39mHostname Service[0m...
[[0;32m  OK  [0m] Started [0;1;39mNTP client/server[0m.
[[0;32m  OK  [0m] Started [0;1;39mUser Login Management[0m.
[[0;32m  OK  [0m] Started [0;1;39mHostname Service[0m.
         Starting [0;1;39mNetwork Manager Script Dispatcher Service[0m...
[[0;32m  OK  [0m] Started [0;1;39mNetwork Manager Script Dispatcher Service[0m.
[   10.592672] e1000: eth0 NIC Link is Up 1000 Mbps Full Duplex, Flow Control: RX
[[0;32m  OK  [0m] Started [0;1;39mNetwork Manager[0m.
[[0;32m  OK  [0m] Reached target [0;1;39mNetwork[0m.
[[0;32m  OK  [0m] Reached target [0;1;39mNetwork is Online[0m.
         Starting [0;1;39mGSSAPI Proxy Daemon[0m...
         Starting [0;1;39mNotify NFS peers of a restart[0m...
         Starting [0;1;39mSystem Logging Service[0m...
         Starting [0;1;39mOpenSSH server daemon[0m...
         Starting [0;1;39mDynamic System Tuning Daemon[0m...
[[0;32m  OK  [0m] Started [0;1;39mNotify NFS peers of a restart[0m.
[[0;32m  OK  [0m] Started [0;1;39mGSSAPI Proxy Daemon[0m.
[[0;32m  OK  [0m] Reached target [0;1;39mNFS client services[0m.
[[0;32m  OK  [0m] Reached target [0;1;39mPreparation for Remote File Systems[0m.
[[0;32m  OK  [0m] Reached target [0;1;39mRemote File Systems[0m.
         Starting [0;1;39mPermit User Sessions[0m...
         Starting [0;1;39mVirtualization qemu daemon[0m...
[[0;32m  OK  [0m] Started [0;1;39mOpenSSH server daemon[0m.
[[0;32m  OK  [0m] Finished [0;1;39mPermit User Sessions[0m.
[[0;32m  OK  [0m] Started [0;1;39mDeferred execution scheduler[0m.
[[0;32m  OK  [0m] Started [0;1;39mCommand Scheduler[0m.
         Starting [0;1;39mHold until boot process finishes up[0m...
         Starting [0;1;39mTerminate Plymouth Boot Screen[0m...
[[0;32m  OK  [0m] Started [0;1;39mSystem Logging Service[0m.

CentOS Stream 9
Kernel 6.19.0-rc1-aaf76839616a+ on an x86_64

Activate the web console with: systemctl enable --now cockpit.socket

test login: 