c[?7l[2J[0mSeaBIOS (version rel-1.16.0-0-gd239552ce722-prebuilt.qemu.org)


iPXE (http://ipxe.org) 00:03.0 CA00 PCI2.10 PnP PMM+7FF91000+7FEF1000 CA00
Press Ctrl-B to configure iPXE (PCI 00:03.0)...                                                                               


Booting from ROM..c[?7l[2J[    0.000000] Linux version 6.19.0-bdbddf72a2ab+ (root@gnr-bkc) (gcc (GCC) 11.5.0 20240719 (Red Hat 11.5.0-14), GNU ld version 2.35.2-54.el9) #1 SMP PREEMPT_DYNAMIC Thu Mar 12 21:27:13 CST 2026
[    0.000000] Command line: console=ttyS0 root=/dev/sda earlyprintk=serial net.ifnames=0 thunderbolt.dyndbg
[    0.000000] KERNEL supported cpus:
[    0.000000]   Intel GenuineIntel
[    0.000000]   AMD AuthenticAMD
[    0.000000]   Hygon HygonGenuine
[    0.000000]   Centaur CentaurHauls
[    0.000000]   zhaoxin   Shanghai  
[    0.000000] x86/split lock detection: #DB: warning on user-space bus_locks
[    0.000000] BIOS-provided physical RAM map:
[    0.000000] BIOS-e820: [mem 0x0000000000000000-0x000000000009fbff]  System RAM
[    0.000000] BIOS-e820: [mem 0x000000000009fc00-0x000000000009ffff]  device reserved
[    0.000000] BIOS-e820: [gap 0x00000000000a0000-0x00000000000effff]
[    0.000000] BIOS-e820: [mem 0x00000000000f0000-0x00000000000fffff]  device reserved
[    0.000000] BIOS-e820: [mem 0x0000000000100000-0x000000007ffdffff]  System RAM
[    0.000000] BIOS-e820: [mem 0x000000007ffe0000-0x000000007fffffff]  device reserved
[    0.000000] BIOS-e820: [gap 0x0000000080000000-0x00000000feffbfff]
[    0.000000] BIOS-e820: [mem 0x00000000feffc000-0x00000000feffffff]  device reserved
[    0.000000] BIOS-e820: [gap 0x00000000ff000000-0x00000000fffbffff]
[    0.000000] BIOS-e820: [mem 0x00000000fffc0000-0x00000000ffffffff]  device reserved
[    0.000000] printk: legacy bootconsole [earlyser0] enabled
[    0.000000] NX (Execute Disable) protection: active
[    0.000000] APIC: Static calls initialized
[    0.000000] SMBIOS 2.8 present.
[    0.000000] DMI: QEMU Standard PC (i440FX + PIIX, 1996), BIOS rel-1.16.0-0-gd239552ce722-prebuilt.qemu.org 04/01/2014
[    0.000000] DMI: Memory slots populated: 1/1
[    0.000000] Hypervisor detected: KVM
[    0.000000] last_pfn = 0x7ffe0 max_arch_pfn = 0x10000000000
[    0.000000] kvm-clock: Using msrs 4b564d01 and 4b564d00
[    0.000003] kvm-clock: using sched offset of 688993570 cycles
[    0.000532] clocksource: kvm-clock: mask: 0xffffffffffffffff max_cycles: 0x1cd42e4dffb, max_idle_ns: 881590591483 ns
[    0.002169] tsc: Detected 1700.000 MHz processor
[    0.010163] last_pfn = 0x7ffe0 max_arch_pfn = 0x10000000000
[    0.010761] MTRR map: 4 entries (3 fixed + 1 variable; max 19), built from 8 variable MTRRs
[    0.011606] x86/PAT: Configuration [0-7]: WB  WC  UC- UC  WB  WP  UC- WT  
[    0.017411] found SMP MP-table at [mem 0x000f5ba0-0x000f5baf]
[    0.018022] Using GB pages for direct mapping
[    0.020526] ACPI: Early table checksum verification disabled
[    0.021106] ACPI: RSDP 0x00000000000F59C0 000014 (v00 BOCHS )
[    0.021686] ACPI: RSDT 0x000000007FFE1951 000034 (v01 BOCHS  BXPC     00000001 BXPC 00000001)
[    0.022545] ACPI: FACP 0x000000007FFE17FD 000074 (v01 BOCHS  BXPC     00000001 BXPC 00000001)
[    0.023407] ACPI: DSDT 0x000000007FFE0040 0017BD (v01 BOCHS  BXPC     00000001 BXPC 00000001)
[    0.024270] ACPI: FACS 0x000000007FFE0000 000040
[    0.024740] ACPI: APIC 0x000000007FFE1871 000080 (v01 BOCHS  BXPC     00000001 BXPC 00000001)
[    0.025596] ACPI: HPET 0x000000007FFE18F1 000038 (v01 BOCHS  BXPC     00000001 BXPC 00000001)
[    0.026449] ACPI: WAET 0x000000007FFE1929 000028 (v01 BOCHS  BXPC     00000001 BXPC 00000001)
[    0.027303] ACPI: Reserving FACP table memory at [mem 0x7ffe17fd-0x7ffe1870]
[    0.028004] ACPI: Reserving DSDT table memory at [mem 0x7ffe0040-0x7ffe17fc]
[    0.028697] ACPI: Reserving FACS table memory at [mem 0x7ffe0000-0x7ffe003f]
[    0.029395] ACPI: Reserving APIC table memory at [mem 0x7ffe1871-0x7ffe18f0]
[    0.030088] ACPI: Reserving HPET table memory at [mem 0x7ffe18f1-0x7ffe1928]
[    0.030778] ACPI: Reserving WAET table memory at [mem 0x7ffe1929-0x7ffe1950]
[    0.032291] No NUMA configuration found
[    0.032673] Faking a node at [mem 0x0000000000000000-0x000000007ffdffff]
[    0.033384] NODE_DATA(0) allocated [mem 0x7ffb4ec0-0x7ffdfcbf]
[    0.035008] Zone ranges:
[    0.035284]   DMA      [mem 0x0000000000001000-0x0000000000ffffff]
[    0.035905]   DMA32    [mem 0x0000000001000000-0x000000007ffdffff]
[    0.036520]   Normal   empty
[    0.036811]   Device   empty
[    0.037105] Movable zone start for each node
[    0.037538] Early memory node ranges
[    0.037890]   node   0: [mem 0x0000000000001000-0x000000000009efff]
[    0.038517]   node   0: [mem 0x0000000000100000-0x000000007ffdffff]
[    0.039143] Initmem setup node 0 [mem 0x0000000000001000-0x000000007ffdffff]
[    0.040134] On node 0, zone DMA: 1 pages in unavailable ranges
[    0.040890] On node 0, zone DMA: 97 pages in unavailable ranges
[    0.067439] On node 0, zone DMA32: 32 pages in unavailable ranges
[    0.121567] KernelAddressSanitizer initialized (generic)
[    0.122427] ACPI: PM-Timer IO Port: 0x608
[    0.122855] ACPI: LAPIC_NMI (acpi_id[0xff] dfl dfl lint[0x1])
[    0.123482] IOAPIC[0]: apic_id 0, version 17, address 0xfec00000, GSI 0-23
[    0.124183] ACPI: INT_SRC_OVR (bus 0 bus_irq 0 global_irq 2 dfl dfl)
[    0.124819] ACPI: INT_SRC_OVR (bus 0 bus_irq 5 global_irq 5 high level)
[    0.125480] ACPI: INT_SRC_OVR (bus 0 bus_irq 9 global_irq 9 high level)
[    0.126141] ACPI: INT_SRC_OVR (bus 0 bus_irq 10 global_irq 10 high level)
[    0.126816] ACPI: INT_SRC_OVR (bus 0 bus_irq 11 global_irq 11 high level)
[    0.127505] ACPI: Using ACPI (MADT) for SMP configuration information
[    0.128155] ACPI: HPET id: 0x8086a201 base: 0xfed00000
[    0.128675] TSC deadline timer available
[    0.129079] CPU topo: Max. logical packages:   1
[    0.129538] CPU topo: Max. logical dies:       1
[    0.129999] CPU topo: Max. dies per package:   1
[    0.130470] CPU topo: Max. threads per core:   1
[    0.130926] CPU topo: Num. cores per package:     2
[    0.131410] CPU topo: Num. threads per package:   2
[    0.131892] CPU topo: Allowing 2 present CPUs plus 0 hotplug CPUs
[    0.132544] kvm-guest: APIC: eoi() replaced with kvm_guest_apic_eoi_write()
[    0.133260] kvm-guest: KVM setup pv remote TLB flush
[    0.133757] kvm-guest: setup PV sched yield
[    0.134217] PM: hibernation: Registered nosave memory: [mem 0x00000000-0x00000fff]
[    0.134968] PM: hibernation: Registered nosave memory: [mem 0x0009f000-0x000fffff]
[    0.135720] [gap 0x80000000-0xfeffbfff] available for PCI devices
[    0.136326] Booting paravirtualized kernel on KVM
[    0.136795] clocksource: refined-jiffies: mask: 0xffffffff max_cycles: 0xffffffff, max_idle_ns: 7645519600211568 ns
[    0.137842] setup_percpu: NR_CPUS:8192 nr_cpumask_bits:2 nr_cpu_ids:2 nr_node_ids:1
[    0.139101] percpu: Embedded 81 pages/cpu s294912 r8192 d28672 u1048576
[    0.139940] kvm-guest: PV spinlocks enabled
[    0.140374] PV qspinlock hash table entries: 256 (order: 0, 4096 bytes, linear)
[    0.141116] Kernel command line: net.ifnames=0 console=ttyS0 root=/dev/sda earlyprintk=serial net.ifnames=0 thunderbolt.dyndbg
[    0.142528] random: crng init done
[    0.142871] printk: log buffer data + meta data: 262144 + 917504 = 1179648 bytes
[    0.144025] Dentry cache hash table entries: 262144 (order: 9, 2097152 bytes, linear)
[    0.145178] Inode-cache hash table entries: 131072 (order: 8, 1048576 bytes, linear)
[    0.146237] Fallback order for Node 0: 0 
[    0.146247] Built 1 zonelists, mobility grouping on.  Total pages: 524158
[    0.147286] Policy zone: DMA32
[    0.147583] mem auto-init: stack:off, heap alloc:off, heap free:off
[    0.148189] stackdepot: allocating hash table via alloc_large_system_hash
[    0.148850] stackdepot hash table entries: 1048576 (order: 12, 16777216 bytes, linear)
[    0.152618] stackdepot: allocating space for 8192 stack pools via memblock
[    0.188921] SLUB: HWalign=64, Order=0-3, MinObjects=0, CPUs=2, Nodes=1
[    0.189562] kmemleak: Kernel memory leak detector disabled
[    0.225352] ftrace: allocating 75510 entries in 296 pages
[    0.225875] ftrace: allocated 296 pages with 3 groups
[    0.229024] Dynamic Preempt: lazy
[    0.229826] Running RCU self tests
[    0.230157] Running RCU synchronous self tests
[    0.230582] rcu: Preemptible hierarchical RCU implementation.
[    0.231132] rcu: 	RCU lockdep checking is enabled.
[    0.231588] rcu: 	RCU restricting CPUs from NR_CPUS=8192 to nr_cpu_ids=2.
[    0.232238] 	Trampoline variant of Tasks RCU enabled.
[    0.232719] 	Rude variant of Tasks RCU enabled.
[    0.233153] 	Tracing variant of Tasks RCU enabled.
[    0.233608] rcu: RCU calculated value of scheduler-enlistment delay is 25 jiffies.
[    0.234329] rcu: Adjusting geometry for rcu_fanout_leaf=16, nr_cpu_ids=2
[    0.235050] Running RCU synchronous self tests
[    0.235478] RCU Tasks: Setting shift to 1 and lim to 1 rcu_task_cb_adjust=1 rcu_task_cpu_ids=2.
[    0.236310] RCU Tasks Rude: Setting shift to 1 and lim to 1 rcu_task_cb_adjust=1 rcu_task_cpu_ids=2.
[    0.306206] NR_IRQS: 524544, nr_irqs: 440, preallocated irqs: 16
[    0.307326] rcu: srcu_init: Setting srcu_struct sizes based on contention.
[    0.316753] Console: colour VGA+ 80x25
[    0.317206] printk: legacy console [ttyS0] enabled
[    0.317206] printk: legacy console [ttyS0] enabled
[    0.318146] printk: legacy bootconsole [earlyser0] disabled
[    0.318146] printk: legacy bootconsole [earlyser0] disabled
[    0.319236] Lock dependency validator: Copyright (c) 2006 Red Hat, Inc., Ingo Molnar
[    0.319994] ... MAX_LOCKDEP_SUBCLASSES:  8
[    0.320403] ... MAX_LOCK_DEPTH:          48
[    0.320820] ... MAX_LOCKDEP_KEYS:        8192
[    0.321255] ... CLASSHASH_SIZE:          4096
[    0.321688] ... MAX_LOCKDEP_ENTRIES:     32768
[    0.322132] ... MAX_LOCKDEP_CHAINS:      65536
[    0.322574] ... CHAINHASH_SIZE:          32768
[    0.323018]  memory used by lock dependency info: 6429 kB
[    0.323548]  memory used for stack traces: 4224 kB
[    0.324428]  per task-struct memory footprint: 1920 bytes
[    0.325140] ACPI: Core revision 20251212
[    0.326030] clocksource: hpet: mask: 0xffffffff max_cycles: 0xffffffff, max_idle_ns: 19112604467 ns
[    0.327184] APIC: Switch to symmetric I/O mode setup
[    0.327922] x2apic enabled
[    0.328651] APIC: Switched APIC routing to: physical x2apic
[    0.329260] kvm-guest: APIC: send_IPI_mask() replaced with kvm_send_ipi_mask()
[    0.330055] kvm-guest: APIC: send_IPI_mask_allbutself() replaced with kvm_send_ipi_mask_allbutself()
[    0.331041] kvm-guest: setup PV IPIs
[    0.332756] ..TIMER: vector=0x30 apic1=0 pin1=2 apic2=-1 pin2=-1
[    0.333431] clocksource: tsc-early: mask: 0xffffffffffffffff max_cycles: 0x1881273ac8e, max_idle_ns: 440795257284 ns
[    0.334564] Calibrating delay loop (skipped) preset value.. 3400.00 BogoMIPS (lpj=6800000)
[    0.338721] x86/cpu: User Mode Instruction Prevention (UMIP) activated
[    0.339472] Last level iTLB entries: 4KB 0, 2MB 0, 4MB 0
[    0.339999] Last level dTLB entries: 4KB 0, 2MB 0, 4MB 0, 1GB 0
[    0.340607] mitigations: Enabled attack vectors: user_kernel, user_user, guest_host, guest_guest, SMT mitigations: auto
[    0.341676] Speculative Store Bypass: Mitigation: Speculative Store Bypass disabled via prctl
[    0.342557] Spectre V2 : Mitigation: Enhanced / Automatic IBRS
[    0.343131] ITS: Mitigation: Aligned branch/return thunks
[    0.343669] Spectre V1 : Mitigation: usercopy/swapgs barriers and __user pointer sanitization
[    0.344503] Spectre V2 : WARNING: Unprivileged eBPF is enabled with eIBRS on, data leaks possible via Spectre v2 BHB attacks!
[    0.345601] Spectre V2 : Spectre v2 / PBRSB-eIBRS: Retire a single CALL on VMEXIT
[    0.346559] Spectre V2 : mitigation: Enabling conditional Indirect Branch Prediction Barrier
[    0.347396] active return thunk: its_return_thunk
[    0.347873] Spectre V2 : Spectre BHI mitigation: SW BHB clearing on syscall and VM exit
[    0.348707] x86/fpu: Supporting XSAVE feature 0x001: 'x87 floating point registers'
[    0.349468] x86/fpu: Supporting XSAVE feature 0x002: 'SSE registers'
[    0.350099] x86/fpu: Supporting XSAVE feature 0x004: 'AVX registers'
[    0.350555] x86/fpu: Supporting XSAVE feature 0x020: 'AVX-512 opmask'
[    0.351200] x86/fpu: Supporting XSAVE feature 0x040: 'AVX-512 Hi256'
[    0.351830] x86/fpu: Supporting XSAVE feature 0x080: 'AVX-512 ZMM_Hi256'
[    0.352494] x86/fpu: Supporting XSAVE feature 0x200: 'Protection Keys User registers'
[    0.353272] x86/fpu: Supporting XSAVE feature 0x20000: 'AMX Tile config'
[    0.353936] x86/fpu: Supporting XSAVE feature 0x40000: 'AMX Tile data'
[    0.354556] x86/fpu: xstate_offset[2]:  576, xstate_sizes[2]:  256
[    0.355175] x86/fpu: xstate_offset[5]:  832, xstate_sizes[5]:   64
[    0.355788] x86/fpu: xstate_offset[6]:  896, xstate_sizes[6]:  512
[    0.356406] x86/fpu: xstate_offset[7]: 1408, xstate_sizes[7]: 1024
[    0.357021] x86/fpu: xstate_offset[9]: 2432, xstate_sizes[9]:    8
[    0.357639] x86/fpu: xstate_offset[17]: 2496, xstate_sizes[17]:   64
[    0.358556] x86/fpu: xstate_offset[18]: 2560, xstate_sizes[18]: 8192
[    0.359187] x86/fpu: Enabled xstate features 0x602e7, context size is 10752 bytes, using 'compacted' format.
[    0.510331] Freeing SMP alternatives memory: 64K
[    0.510563] pid_max: default: 32768 minimum: 301
[    0.511387] Yama: becoming mindful.
[    0.512191] Mount-cache hash table entries: 4096 (order: 3, 32768 bytes, linear)
[    0.512930] Mountpoint-cache hash table entries: 4096 (order: 3, 32768 bytes, linear)
[    0.514264] VFS: Finished mounting rootfs on nullfs
[    0.516244] Running RCU synchronous self tests
[    0.516700] Running RCU synchronous self tests
[    0.517464] smpboot: CPU0: Intel(R) Xeon(R) Gold 6414TDX (family: 0x6, model: 0x8f, stepping: 0x6)
[    0.518552] Performance Events: PEBS fmt0-, Sapphire Rapids events, full-width counters, Intel PMU driver.
[    0.518552] ... version:                   2
[    0.518552] ... bit width:                 48
[    0.518552] ... generic counters:          8
[    0.518570] ... generic bitmap:            00000000000000ff
[    0.519130] ... fixed-purpose counters:    4
[    0.519562] ... fixed-purpose bitmap:      000000000000000f
[    0.520115] ... value mask:                0000ffffffffffff
[    0.520672] ... max period:                00007fffffffffff
[    0.521227] ... global_ctrl mask:          0000000f000000ff
[    0.522291] signal: max sigframe size: 11952
[    0.522710] rcu: Hierarchical SRCU implementation.
[    0.523189] rcu: 	Max phase no-delay instances is 1000.
[    0.523929] Timer migration: 1 hierarchy levels; 8 children per group; 1 crossnode level
[    0.547801] smp: Bringing up secondary CPUs ...
[    0.548832] smpboot: x86: Booting SMP configuration:
[    0.549350] .... node  #0, CPUs:      #1
[    0.549593] smp: Brought up 1 node, 2 CPUs
[    0.550980] smpboot: Total of 2 processors activated (6800.00 BogoMIPS)
[    0.552352] Memory: 1591808K/2096632K available (81156K kernel code, 15631K rwdata, 18872K rodata, 16484K init, 20712K bss, 493188K reserved, 0K cma-reserved)
[    0.554567] devtmpfs: initialized
[    0.555734] x86/mm: Memory block size: 128MB
[    0.567597] Running RCU synchronous self tests
[    0.567959] Running RCU synchronous self tests
[    0.568521] Running RCU Tasks wait API self tests
[    0.570584] Running RCU Tasks Rude wait API self tests
[    0.571088] Running RCU Tasks Trace wait API self tests
[    0.571745] clocksource: jiffies: mask: 0xffffffff max_cycles: 0xffffffff, max_idle_ns: 7645041785100000 ns
[    0.572764] posixtimers hash table entries: 1024 (order: 5, 73728 bytes, linear)
[    0.573554] futex hash table entries: 512 (65536 bytes on 1 NUMA nodes, total 64 KiB, linear).
[    0.577089] 
[    0.577265] *************************************************************
[    0.577941] **     NOTICE NOTICE NOTICE NOTICE NOTICE NOTICE NOTICE    **
[    0.578602] **                                                         **
[    0.579289] **  IOMMU DebugFS SUPPORT HAS BEEN ENABLED IN THIS KERNEL  **
[    0.579966] **                                                         **
[    0.580638] ** This means that this kernel is built to expose internal **
[    0.581313] ** IOMMU data structures, which may compromise security on **
[    0.581990] ** your system.                                            **
[    0.582616] **                                                         **
[    0.583293] ** If you see this message and you are not debugging the   **
[    0.583967] ** kernel, report this immediately to your vendor!         **
[    0.584642] **                                                         **
[    0.585319] **     NOTICE NOTICE NOTICE NOTICE NOTICE NOTICE NOTICE    **
[    0.585999] *************************************************************
[    0.586635] PM: RTC time: 13:28:36, date: 2026-03-12
[    0.589585] NET: Registered PF_NETLINK/PF_ROUTE protocol family
[    0.591954] DMA: preallocated 256 KiB GFP_KERNEL|GFP_DMA pool for atomic allocations
[    0.592754] DMA: preallocated 256 KiB GFP_KERNEL|GFP_DMA32 pool for atomic allocations
[    0.593634] audit: initializing netlink subsys (disabled)
[    0.594219] Callback from call_rcu_tasks_trace() invoked.
[    0.594618] audit: type=2000 audit(1773322116.407:1): state=initialized audit_enabled=0 res=1
[    0.596199] thermal_sys: Registered thermal governor 'fair_share'
[    0.596207] thermal_sys: Registered thermal governor 'bang_bang'
[    0.596832] thermal_sys: Registered thermal governor 'step_wise'
[    0.597445] thermal_sys: Registered thermal governor 'user_space'
[    0.598117] cpuidle: using governor ladder
[    0.598987] cpuidle: using governor menu
[    0.599777] acpiphp: ACPI Hot Plug PCI Controller Driver version: 0.5
[    0.601377] PCI: Using configuration type 1 for base access
[    0.602903] kprobes: kprobe jump-optimization is enabled. All kprobes are optimized if possible.
[    0.606936] HugeTLB: registered 1.00 GiB page size, pre-allocated 0 pages
[    0.607413] HugeTLB: 16380 KiB vmemmap can be freed for a 1.00 GiB page
[    0.608097] HugeTLB: registered 2.00 MiB page size, pre-allocated 0 pages
[    0.608785] HugeTLB: 28 KiB vmemmap can be freed for a 2.00 MiB page
[    0.652671] ACPI: Added _OSI(Module Device)
[    0.653119] ACPI: Added _OSI(Processor Device)
[    0.653573] ACPI: Added _OSI(Processor Aggregator Device)
[    0.695284] ACPI: 1 ACPI AML tables successfully acquired and loaded
[    0.709086] ACPI: \_SB_: platform _OSC: OS support mask [002e7eff]
[    0.712492] ACPI: Interpreter enabled
[    0.713017] ACPI: PM: (supports S0 S3 S4 S5)
[    0.713453] ACPI: Using IOAPIC for interrupt routing
[    0.714073] PCI: Using host bridge windows from ACPI; if necessary, use "pci=nocrs" and report a bug
[    0.722557] PCI: Using E820 reservations for host bridge windows
[    0.724510] ACPI: Enabled 2 GPEs in block 00 to 0F
[    0.776354] ACPI: PCI Root Bridge [PCI0] (domain 0000 [bus 00-ff])
[    0.777014] acpi PNP0A03:00: _OSC: OS supports [ASPM ClockPM Segments MSI EDR HPX-Type3]
[    0.777833] acpi PNP0A03:00: _OSC: not requesting OS control; OS requires [ExtendedConfig ASPM ClockPM MSI]
[    0.778615] acpi PNP0A03:00: _OSC: platform retains control of PCIe features (AE_ERROR)
[    0.779525] acpi PNP0A03:00: fail to add MMCONFIG information, can't access extended configuration space under this bridge
[    0.785762] acpiphp: Slot [3] registered
[    0.786322] acpiphp: Slot [4] registered
[    0.786718] acpiphp: Slot [5] registered
[    0.787263] acpiphp: Slot [6] registered
[    0.787815] acpiphp: Slot [7] registered
[    0.788362] acpiphp: Slot [8] registered
[    0.788915] acpiphp: Slot [9] registered
[    0.789461] acpiphp: Slot [10] registered
[    0.790020] acpiphp: Slot [11] registered
[    0.790577] acpiphp: Slot [12] registered
[    0.791146] acpiphp: Slot [13] registered
[    0.791701] acpiphp: Slot [14] registered
[    0.792263] acpiphp: Slot [15] registered
[    0.792820] acpiphp: Slot [16] registered
[    0.793379] acpiphp: Slot [17] registered
[    0.793944] acpiphp: Slot [18] registered
[    0.794502] acpiphp: Slot [19] registered
[    0.794711] acpiphp: Slot [20] registered
[    0.795264] acpiphp: Slot [21] registered
[    0.795828] acpiphp: Slot [22] registered
[    0.796389] acpiphp: Slot [23] registered
[    0.796943] acpiphp: Slot [24] registered
[    0.797501] acpiphp: Slot [25] registered
[    0.798069] acpiphp: Slot [26] registered
[    0.798633] acpiphp: Slot [27] registered
[    0.799185] acpiphp: Slot [28] registered
[    0.799748] acpiphp: Slot [29] registered
[    0.800307] acpiphp: Slot [30] registered
[    0.800866] acpiphp: Slot [31] registered
[    0.801347] PCI host bridge to bus 0000:00
[    0.801824] pci_bus 0000:00: root bus resource [io  0x0000-0x0cf7 window]
[    0.802517] pci_bus 0000:00: root bus resource [io  0x0d00-0xffff window]
[    0.802560] pci_bus 0000:00: root bus resource [mem 0x000a0000-0x000bffff window]
[    0.803318] pci_bus 0000:00: root bus resource [mem 0x80000000-0xfebfffff window]
[    0.804071] pci_bus 0000:00: root bus resource [mem 0x100000000-0x17fffffff window]
[    0.804845] pci_bus 0000:00: root bus resource [bus 00-ff]
[    0.805508] pci 0000:00:00.0: [8086:1237] type 00 class 0x060000 conventional PCI endpoint
[    0.816546] pci 0000:00:01.0: [8086:7000] type 00 class 0x060100 conventional PCI endpoint
[    0.818938] pci 0000:00:01.1: [8086:7010] type 00 class 0x010180 conventional PCI endpoint
[    0.820344] pci 0000:00:01.1: BAR 4 [io  0xc040-0xc04f]
[    0.820914] pci 0000:00:01.1: BAR 0 [io  0x01f0-0x01f7]: legacy IDE quirk
[    0.821594] pci 0000:00:01.1: BAR 1 [io  0x03f6]: legacy IDE quirk
[    0.822223] pci 0000:00:01.1: BAR 2 [io  0x0170-0x0177]: legacy IDE quirk
[    0.822559] pci 0000:00:01.1: BAR 3 [io  0x0376]: legacy IDE quirk
[    0.823771] pci 0000:00:01.3: [8086:7113] type 00 class 0x068000 conventional PCI endpoint
[    0.824930] pci 0000:00:01.3: quirk: [io  0x0600-0x063f] claimed by PIIX4 ACPI
[    0.825662] pci 0000:00:01.3: quirk: [io  0x0700-0x070f] claimed by PIIX4 SMB
[    0.826988] pci 0000:00:02.0: [1234:1111] type 00 class 0x030000 conventional PCI endpoint
[    0.828874] pci 0000:00:02.0: BAR 0 [mem 0xfd000000-0xfdffffff pref]
[    0.829544] pci 0000:00:02.0: BAR 2 [mem 0xfebf0000-0xfebf0fff]
[    0.830164] pci 0000:00:02.0: ROM [mem 0xfebe0000-0xfebeffff pref]
[    0.830659] pci 0000:00:02.0: Video device with shadowed ROM at [mem 0x000c0000-0x000dffff]
[    0.840742] pci 0000:00:03.0: [8086:100e] type 00 class 0x020000 conventional PCI endpoint
[    0.842464] pci 0000:00:03.0: BAR 0 [mem 0xfebc0000-0xfebdffff]
[    0.842568] pci 0000:00:03.0: BAR 1 [io  0xc000-0xc03f]
[    0.843129] pci 0000:00:03.0: ROM [mem 0xfeb80000-0xfebbffff pref]
[    0.867105] ACPI: PCI: Interrupt link LNKA configured for IRQ 10
[    0.868745] ACPI: PCI: Interrupt link LNKB configured for IRQ 10
[    0.870327] ACPI: PCI: Interrupt link LNKC configured for IRQ 11
[    0.871533] ACPI: PCI: Interrupt link LNKD configured for IRQ 11
[    0.872551] ACPI: PCI: Interrupt link LNKS configured for IRQ 9
[    0.878620] iommu: Default domain type: Translated
[    0.879154] iommu: DMA domain TLB invalidation policy: lazy mode
[    0.891624] SCSI subsystem initialized
[    0.892521] ACPI: bus type USB registered
[    0.893186] usbcore: registered new interface driver usbfs
[    0.893858] usbcore: registered new interface driver hub
[    0.894472] usbcore: registered new device driver usb
[    0.894928] pps_core: LinuxPPS API ver. 1 registered
[    0.895439] pps_core: Software ver. 5.3.6 - Copyright 2005-2007 Rodolfo Giometti <giometti@linux.it>
[    0.896396] PTP clock support registered
[    0.897135] EDAC MC: Ver: 3.0.0
[    0.901152] NetLabel: Initializing
[    0.901532] NetLabel:  domain hash size = 128
[    0.901983] NetLabel:  protocols = UNLABELED CIPSOv4 CALIPSO
[    0.902697] NetLabel:  unlabeled traffic allowed by default
[    0.903542] PCI: Using ACPI for IRQ routing
[    0.903542] e820: register RAM buffer resource [mem 0x0009fc00-0x0009ffff]
[    0.904000] e820: register RAM buffer resource [mem 0x7ffe0000-0x7fffffff]
[    0.906930] pci 0000:00:02.0: vgaarb: setting as boot VGA device
[    0.907563] pci 0000:00:02.0: vgaarb: bridge control possible
[    0.908158] pci 0000:00:02.0: vgaarb: VGA device added: decodes=io+mem,owns=io+mem,locks=none
[    0.909009] vgaarb: loaded
[    0.910967] hpet0: at MMIO 0xfed00000, IRQs 2, 8, 0
[    0.911482] hpet0: 3 comparators, 64-bit 100.000000 MHz counter
[    0.914324] clocksource: Switched to clocksource kvm-clock
[    0.914552] VFS: Disk quotas dquot_6.6.0
[    0.914552] VFS: Dquot-cache hash table entries: 512 (order 0, 4096 bytes)
[    0.915365] pnp: PnP ACPI init
[    0.919953] pnp: PnP ACPI: found 6 devices
[    0.941328] clocksource: acpi_pm: mask: 0xffffff max_cycles: 0xffffff, max_idle_ns: 2085701024 ns
[    0.942706] NET: Registered PF_INET protocol family
[    0.943342] IP idents hash table entries: 32768 (order: 6, 262144 bytes, linear)
[    0.945446] tcp_listen_portaddr_hash hash table entries: 1024 (order: 5, 73728 bytes, linear)
[    0.946712] Table-perturb hash table entries: 65536 (order: 6, 262144 bytes, linear)
[    0.947563] TCP established hash table entries: 16384 (order: 5, 131072 bytes, linear)
[    0.948685] TCP bind hash table entries: 16384 (order: 10, 2359296 bytes, linear)
[    0.950594] TCP: Hash tables configured (established 16384 bind 16384)
[    0.951372] UDP hash table entries: 1024 (order: 6, 262144 bytes, linear)
[    0.952166] UDP-Lite hash table entries: 1024 (order: 6, 262144 bytes, linear)
[    0.953240] NET: Registered PF_UNIX/PF_LOCAL protocol family
[    0.954700] RPC: Registered named UNIX socket transport module.
[    0.955321] RPC: Registered udp transport module.
[    0.955795] RPC: Registered tcp transport module.
[    0.956266] RPC: Registered tcp-with-tls transport module.
[    0.956815] RPC: Registered tcp NFSv4.1 backchannel transport module.
[    0.957478] pci_bus 0000:00: resource 4 [io  0x0000-0x0cf7 window]
[    0.958101] pci_bus 0000:00: resource 5 [io  0x0d00-0xffff window]
[    0.958734] pci_bus 0000:00: resource 6 [mem 0x000a0000-0x000bffff window]
[    0.959427] pci_bus 0000:00: resource 7 [mem 0x80000000-0xfebfffff window]
[    0.960112] pci_bus 0000:00: resource 8 [mem 0x100000000-0x17fffffff window]
[    0.961176] pci 0000:00:01.0: PIIX3: Enabling Passive Release
[    0.961770] pci 0000:00:00.0: Limiting direct PCI/PCI transfers
[    0.962461] PCI: CLS 0 bytes, default 64
[    0.962981] ACPI: bus type thunderbolt registered
[    0.963858] clocksource: tsc: mask: 0xffffffffffffffff max_cycles: 0x1881273ac8e, max_idle_ns: 440795257284 ns
[    0.966627] sgx: There are zero EPC sections.
[    3.518905] Initialise system trusted keyrings
[    3.519463] Key type blacklist registered
[    3.520139] workingset: timestamp_bits=36 max_order=19 bucket_order=0
[    3.522805] squashfs: version 4.0 (2009/01/31) Phillip Lougher
[    3.524667] NFS: Registering the id_resolver key type
[    3.525204] Key type id_resolver registered
[    3.525636] Key type id_legacy registered
[    3.526085] nfs4filelayout_init: NFSv4 File Layout Driver Registering...
[    3.526805] nfs4flexfilelayout_init: NFSv4 Flexfile Layout Driver Registering...
[    3.527828] fuse: init (API version 7.45)
[    3.528819] SGI XFS with ACLs, security attributes, realtime, quota, no debug enabled
[    3.531218] 9p: Installing v9fs 9p2000 file system support
[    3.534584] Callback from call_rcu_tasks() invoked.
[    3.546725] Key type asymmetric registered
[    3.547147] Asymmetric key parser 'x509' registered
[    3.547769] Block layer SCSI generic (bsg) driver version 0.4 loaded (major 241)
[    3.548944] io scheduler mq-deadline registered
[    3.549588] io scheduler bfq registered
[    3.550464] ledtrig-cpu: registered to indicate activity on CPUs
[    3.552670] IPMI message handler: version 39.2
[    3.553204] ipmi device interface
[    3.555548] input: Power Button as /devices/platform/LNXPWRBN:00/input/input0
[    3.556659] ACPI: button: Power Button [PWRF]
[    3.558691] ERST DBG: ERST support is disabled.
[    3.560665] Serial: 8250/16550 driver, 32 ports, IRQ sharing enabled
[    3.562704] 00:04: ttyS0 at I/O 0x3f8 (irq = 4, base_baud = 115200) is a 16550A
[    3.594100] Linux agpgart interface v0.103
[    3.597008] ACPI: bus type drm_connector registered
[    3.624612] brd: module loaded
[    3.640443] loop: module loaded
[    3.651221] scsi host0: ata_piix
[    3.652735] scsi host1: ata_piix
[    3.653618] ata1: PATA max MWDMA2 cmd 0x1f0 ctl 0x3f6 bmdma 0xc040 irq 14 lpm-pol 0
[    3.654392] ata2: PATA max MWDMA2 cmd 0x170 ctl 0x376 bmdma 0xc048 irq 15 lpm-pol 0
[    3.658264] tun: Universal TUN/TAP device driver, 1.6
[    3.659192] e100: Intel(R) PRO/100 Network Driver
[    3.659674] e100: Copyright(c) 1999-2006 Intel Corporation
[    3.660368] e1000: Intel(R) PRO/1000 Network Driver
[    3.660861] e1000: Copyright (c) 1999-2006 Intel Corporation.
[    3.810806] ata2: found unknown device (class 0)
[    3.811884] ata2.00: ATAPI: QEMU DVD-ROM, 2.5+, max UDMA/100
[    3.814704] ata1: found unknown device (class 0)
[    3.815618] ata1.00: ATA-7: QEMU HARDDISK, 2.5+, max UDMA/100
[    3.816200] ata1.00: 17196647 sectors, multi 16: LBA48 
[    3.817817] scsi 0:0:0:0: Direct-Access     ATA      QEMU HARDDISK    2.5+ PQ: 0 ANSI: 5
[    3.820521] scsi 0:0:0:0: Attached scsi generic sg0 type 0
[    3.823004] scsi 1:0:0:0: CD-ROM            QEMU     QEMU DVD-ROM     2.5+ PQ: 0 ANSI: 5
[    3.824131] sd 0:0:0:0: [sda] 17196647 512-byte logical blocks: (8.80 GB/8.20 GiB)
[    3.825529] sd 0:0:0:0: [sda] Write Protect is off
[    3.826488] sd 0:0:0:0: [sda] Write cache: enabled, read cache: enabled, doesn't support DPO or FUA
[    3.827634] sd 0:0:0:0: [sda] Preferred minimum I/O size 512 bytes
[    3.856098] scsi 1:0:0:0: Attached scsi generic sg1 type 5
[    3.874881] sd 0:0:0:0: [sda] Attached SCSI disk
[    4.483152] ACPI: \_SB_.LNKC: Enabled at IRQ 11
[    4.799166] e1000 0000:00:03.0 eth0: (PCI:33MHz:32-bit) 52:54:00:12:34:56
[    4.799892] e1000 0000:00:03.0 eth0: Intel(R) PRO/1000 Network Connection
[    4.801091] e1000e: Intel(R) PRO/1000 Network Driver
[    4.801606] e1000e: Copyright(c) 1999 - 2015 Intel Corporation.
[    4.802389] igb: Intel(R) Gigabit Ethernet Network Driver
[    4.802957] igb: Copyright (c) 2007-2014 Intel Corporation.
[    4.803928] PPP generic driver version 2.4.2
[    4.805310] VFIO - User Level meta-driver version: 0.3
[    4.807114] usbcore: registered new interface driver uas
[    4.807791] usbcore: registered new interface driver usb-storage
[    4.808678] i8042: PNP: PS/2 Controller [PNP0303:KBD,PNP0f13:MOU] at 0x60,0x64 irq 1,12
[    4.810484] serio: i8042 KBD port at 0x60,0x64 irq 1
[    4.811069] serio: i8042 AUX port at 0x60,0x64 irq 12
[    4.812841] mousedev: PS/2 mouse device common for all mice
[    4.814618] rtc_cmos 00:05: RTC can wake from S4
[    4.816924] input: AT Translated Set 2 keyboard as /devices/platform/i8042/serio0/input/input1
[    4.817279] rtc_cmos 00:05: registered as rtc0
[    4.818397] rtc_cmos 00:05: setting system clock to 2026-03-12T13:28:40 UTC (1773322120)
[    4.819655] rtc_cmos 00:05: alarms up to one day, y3k, 242 bytes nvram, hpet irqs
[    4.820074] input: VirtualPS/2 VMware VMMouse as /devices/platform/i8042/serio1/input/input4
[    4.820479] i2c_dev: i2c /dev entries driver
[    4.821815] device-mapper: core: CONFIG_IMA_DISABLE_HTABLE is disabled. Duplicate IMA measurements will not be recorded in the IMA log.
[    4.822479] input: VirtualPS/2 VMware VMMouse as /devices/platform/i8042/serio1/input/input3
[    4.823132] device-mapper: uevent: version 1.0.3
[    4.824818] device-mapper: ioctl: 4.50.0-ioctl (2025-04-28) initialised: dm-devel@lists.linux.dev
[    4.825708] intel_pstate: CPU model not supported
[    4.826441] sdhci: Secure Digital Host Controller Interface driver
[    4.827070] sdhci: Copyright(c) Pierre Ossman
[    4.827725] sdhci-pltfm: SDHCI platform and OF driver helper
[    4.828913] drop_monitor: Initializing network drop monitor service
[    4.829898] NET: Registered PF_INET6 protocol family
[    4.832057] Segment Routing with IPv6
[    4.832531] In-situ OAM (IOAM) with IPv6
[    4.832996] NET: Registered PF_PACKET protocol family
[    4.834023] 9pnet: Installing 9P2000 support
[    4.834642] Key type dns_resolver registered
[    4.836667] IPI shorthand broadcast: enabled
[    4.903075] sched_clock: Marking stable (4884004962, 18554176)->(4912262437, -9703299)
[    4.904743] registered taskstats version 1
[    4.905784] Loading compiled-in X.509 certificates
[    4.994358] Demotion targets for Node 0: null
[    4.996100] Key type .fscrypt registered
[    4.996511] Key type fscrypt-provisioning registered
[    4.999037] Key type encrypted registered
[    4.999498] ima: No TPM chip found, activating TPM-bypass!
[    5.000071] ima: Allocated hash algorithm: sha1
[    5.000587] ima: No architecture policies found
[    5.001212] evm: Initialising EVM extended attributes:
[    5.001730] evm: security.selinux
[    5.002070] evm: security.SMACK64
[    5.002409] evm: security.SMACK64EXEC
[    5.002797] evm: security.SMACK64TRANSMUTE
[    5.003211] evm: security.SMACK64MMAP
[    5.003583] evm: security.apparmor
[    5.003927] evm: security.ima
[    5.004232] evm: security.capability
[    5.004594] evm: HMAC attrs: 0x1
[    5.007530] PM:   Magic number: 2:188:483
[    5.008757] RAS: Correctable Errors collector initialized.
[    5.009575] clk: Disabling unused clocks
[    5.010009] PM: genpd: Disabling unused power domains
[    5.011300] check access for rdinit=/init failed: -2, ignoring
[    5.011710] md: Waiting for all devices to be available before autodetect
[    5.012160] md: If you don't use raid, use raid=noautodetect
[    5.012546] md: Autodetecting RAID arrays.
[    5.012840] md: autorun ...
[    5.013037] md: ... autorun DONE.
[    5.018756] EXT4-fs (sda): INFO: recovery required on readonly filesystem
[    5.019252] EXT4-fs (sda): write access will be enabled during recovery
[    5.191521] EXT4-fs (sda): recovery complete
[    5.193105] EXT4-fs (sda): mounted filesystem 088740a9-c8b4-422c-999d-a804eb68a4da ro with ordered data mode. Quota mode: none.
[    5.193973] VFS: Mounted root (ext4 filesystem) readonly on device 8:0.
[    5.196249] devtmpfs: mounted
[    5.196686] VFS: Pivoted into new rootfs
[    5.216760] Freeing unused decrypted memory: 2036K
[    5.222410] Freeing unused kernel image (initmem) memory: 16484K
[    5.223071] Write protecting the kernel read-only data: 102400k
[    5.225318] Freeing unused kernel image (text/rodata gap) memory: 760K
[    5.226889] Freeing unused kernel image (rodata/data gap) memory: 1608K
[    6.242973] x86/mm: Checked W+X mappings: passed, no W+X pages found.
[    6.243479] Run /sbin/init as init process
[    6.367164] systemd[1]: systemd 252-15.el9 running in system mode (+PAM +AUDIT +SELINUX -APPARMOR +IMA +SMACK +SECCOMP +GCRYPT +GNUTLS +OPENSSL +ACL +BLKID +CURL +ELFUTILS -FIDO2 +IDN2 -IDN -IPTC +KMOD +LIBCRYPTSETUP +LIBFDISK +PCRE2 -PWQUALITY +P11KIT -QRENCODE +TPM2 +BZIP2 +LZ4 +XZ +ZLIB +ZSTD -BPF_FRAMEWORK +XKBCOMMON +UTMP +SYSVINIT default-hierarchy=unified)
[    6.369326] systemd[1]: Detected virtualization kvm.
[    6.369676] systemd[1]: Detected architecture x86-64.

Welcome to [0;31mCentOS Stream 9[0m!

[    6.374247] systemd[1]: Hostname set to <test>.
[    6.575522] systemd-rc-local-generator[121]: /etc/rc.d/rc.local is not marked executable, skipping.
[    6.801165] systemd[1]: Queued start job for default target Multi-User System.
[    6.825232] systemd[1]: Created slice Virtual Machine and Container Slice.
[[0;32m  OK  [0m] Created slice [0;1;39mVirtual Machine and Container Slice[0m.
[    6.830494] systemd[1]: Created slice Slice /system/getty.
[[0;32m  OK  [0m] Created slice [0;1;39mSlice /system/getty[0m.
[    6.833622] systemd[1]: Created slice Slice /system/modprobe.
[[0;32m  OK  [0m] Created slice [0;1;39mSlice /system/modprobe[0m.
[    6.836750] systemd[1]: Created slice Slice /system/serial-getty.
[[0;32m  OK  [0m] Created slice [0;1;39mSlice /system/serial-getty[0m.
[    6.839821] systemd[1]: Created slice Slice /system/sshd-keygen.
[[0;32m  OK  [0m] Created slice [0;1;39mSlice /system/sshd-keygen[0m.
[    6.843037] systemd[1]: Created slice User and Session Slice.
[[0;32m  OK  [0m] Created slice [0;1;39mUser and Session Slice[0m.
[    6.844461] systemd[1]: Started Forward Password Requests to Wall Directory Watch.
[[0;32m  OK  [0m] Started [0;1;39mForward Password R…uests to Wall Directory Watch[0m.
[    6.846690] systemd[1]: Set up automount Arbitrary Executable File Formats File System Automount Point.
[[0;32m  OK  [0m] Set up automount [0;1;39mArbitrary…s File System Automount Point[0m.
[    6.848221] systemd[1]: Reached target Local Integrity Protected Volumes.
[[0;32m  OK  [0m] Reached target [0;1;39mLocal Integrity Protected Volumes[0m.
[    6.849438] systemd[1]: Reached target Slice Units.
[[0;32m  OK  [0m] Reached target [0;1;39mSlice Units[0m.
[    6.850359] systemd[1]: Reached target Swaps.
[[0;32m  OK  [0m] Reached target [0;1;39mSwaps[0m.
[    6.851325] systemd[1]: Reached target Local Verity Protected Volumes.
[[0;32m  OK  [0m] Reached target [0;1;39mLocal Verity Protected Volumes[0m.
[    6.852806] systemd[1]: Listening on Device-mapper event daemon FIFOs.
[[0;32m  OK  [0m] Listening on [0;1;39mDevice-mapper event daemon FIFOs[0m.
[    6.854534] systemd[1]: Listening on LVM2 poll daemon socket.
[[0;32m  OK  [0m] Listening on [0;1;39mLVM2 poll daemon socket[0m.
[    6.855796] systemd[1]: multipathd control socket was skipped because of an unmet condition check (ConditionPathExists=/etc/multipath.conf).
[    6.903273] systemd[1]: Listening on RPCbind Server Activation Socket.
[[0;32m  OK  [0m] Listening on [0;1;39mRPCbind Server Activation Socket[0m.
[    6.904567] systemd[1]: Reached target RPC Port Mapper.
[[0;32m  OK  [0m] Reached target [0;1;39mRPC Port Mapper[0m.
[    6.907742] systemd[1]: Listening on Process Core Dump Socket.
[[0;32m  OK  [0m] Listening on [0;1;39mProcess Core Dump Socket[0m.
[    6.909168] systemd[1]: Listening on initctl Compatibility Named Pipe.
[[0;32m  OK  [0m] Listening on [0;1;39minitctl Compatibility Named Pipe[0m.
[    6.910990] systemd[1]: Listening on Journal Socket (/dev/log).
[[0;32m  OK  [0m] Listening on [0;1;39mJournal Socket (/dev/log)[0m.
[    6.912768] systemd[1]: Listening on Journal Socket.
[[0;32m  OK  [0m] Listening on [0;1;39mJournal Socket[0m.
[    6.914424] systemd[1]: Listening on udev Control Socket.
[[0;32m  OK  [0m] Listening on [0;1;39mudev Control Socket[0m.
[    6.916215] systemd[1]: Listening on udev Kernel Socket.
[[0;32m  OK  [0m] Listening on [0;1;39mudev Kernel Socket[0m.
[    6.923157] systemd[1]: Mounting Huge Pages File System...
         Mounting [0;1;39mHuge Pages File System[0m...
[    6.930693] systemd[1]: Mounting POSIX Message Queue File System...
         Mounting [0;1;39mPOSIX Message Queue File System[0m...
[    6.938710] systemd[1]: Mounting Kernel Debug File System...
         Mounting [0;1;39mKernel Debug File System[0m...
[    6.950754] systemd[1]: Mounting Kernel Trace File System...
         Mounting [0;1;39mKernel Trace File System[0m...
[    6.951874] systemd[1]: Kernel Module supporting RPCSEC_GSS was skipped because of an unmet condition check (ConditionPathExists=/etc/krb5.keytab).
[    6.952861] systemd[1]: Create List of Static Device Nodes was skipped because of an unmet condition check (ConditionFileNotEmpty=/lib/modules/6.19.0-bdbddf72a2ab+/modules.devname).
[    6.960389] systemd[1]: Starting Monitoring of LVM2 mirrors, snapshots etc. using dmeventd or progress polling...
         Starting [0;1;39mMonitoring of LVM…meventd or progress polling[0m...
[    6.967874] systemd[1]: Starting Load Kernel Module configfs...
         Starting [0;1;39mLoad Kernel Module configfs[0m...
[    6.981350] systemd[1]: Starting Load Kernel Module drm...
         Starting [0;1;39mLoad Kernel Module drm[0m...
[    6.994921] systemd[1]: Starting Load Kernel Module fuse...
         Starting [0;1;39mLoad Kernel Module fuse[0m...
[    7.002486] systemd[1]: Starting Read and set NIS domainname from /etc/sysconfig/network...
         Starting [0;1;39mRead and set NIS …from /etc/sysconfig/network[0m...
[    7.025479] systemd[1]: Starting Journal Service...
         Starting [0;1;39mJournal Service[0m...
[    7.054268] systemd[1]: Starting Load Kernel Modules...
         Starting [0;1;39mLoad Kernel Modules[0m...
[    7.062860] systemd[1]: Starting Generate network units from Kernel command line...
         Starting [0;1;39mGenerate network …ts from Kernel command line[0m...
[    7.075823] systemd[1]: Starting Remount Root and Kernel File Systems...
         Starting [0;1;39mRemount Root and Kernel File Systems[0m...
[    7.080055] systemd[1]: Repartition Root Disk was skipped because no trigger condition checks were met.
[    7.121416] systemd[1]: Starting Coldplug All udev Devices...
         Starting [0;1;39mColdplug All udev Devices[0m...
[    7.131356] systemd[1]: Mounted Huge Pages File System.
[[0;32m  OK  [0m] Mounted [0;1;39mHuge Pages File System[0m.
[    7.132889] systemd[1]: Mounted POSIX Message Queue File System.
[[0;32m  OK  [0m] Mounted [0;1;39mPOSIX Message Queue File System[0m.
[    7.135126] systemd[1]: Mounted Kernel Debug File System.
[[0;32m  OK  [0m] Mounted [0;1;39mKernel Debug File System[0m.
[    7.139230] systemd[1]: Mounted Kernel Trace File System.
[[0;32m  OK  [0m] Mounted [0;1;39mKernel Trace File System[0m.
[    7.148400] systemd[1]: Finished Monitoring of LVM2 mirrors, snapshots etc. using dmeventd or progress polling.
[[0;32m  OK  [0m] Finished [0;1;39mMonitoring of LVM… dmeventd or progress polling[0m.
[    7.155745] systemd[1]: modprobe@configfs.service: Deactivated successfully.
[    7.157392] systemd[1]: Finished Load Kernel Module configfs.
[[0;32m  OK  [0m] Finished [0;1;39mLoad Kernel Module configfs[0m.
[    7.160128] EXT4-fs (sda): re-mounted 088740a9-c8b4-422c-999d-a804eb68a4da r/w.
[    7.168931] systemd[1]: modprobe@drm.service: Deactivated successfully.
[    7.170853] systemd[1]: Finished Load Kernel Module drm.
[[0;32m  OK  [0m] Finished [0;1;39mLoad Kernel Module drm[0m.
[    7.175436] systemd[1]: modprobe@fuse.service: Deactivated successfully.
[    7.177133] systemd[1]: Finished Load Kernel Module fuse.
[[0;32m  OK  [0m] Finished [0;1;39mLoad Kernel Module fuse[0m.
[    7.180493] systemd[1]: Finished Read and set NIS domainname from /etc/sysconfig/network.
[[0;32m  OK  [0m] Finished [0;1;39mRead and set NIS …e from /etc/sysconfig/network[0m.
[    7.182433] systemd[1]: systemd-modules-load.service: Main process exited, code=exited, status=1/FAILURE
[    7.184048] systemd[1]: systemd-modules-load.service: Failed with result 'exit-code'.
[    7.185693] systemd[1]: Failed to start Load Kernel Modules.
[[0;1;31mFAILED[0m] Failed to start [0;1;39mLoad Kernel Modules[0m.
See 'systemctl status systemd-modules-load.service' for details.
[    7.188789] systemd[1]: Started Journal Service.
[[0;32m  OK  [0m] Started [0;1;39mJournal Service[0m.
[[0;32m  OK  [0m] Finished [0;1;39mGenerate network units from Kernel command line[0m.
[[0;32m  OK  [0m] Finished [0;1;39mRemount Root and Kernel File Systems[0m.
[[0;32m  OK  [0m] Reached target [0;1;39mPreparation for Network[0m.
         Mounting [0;1;39mFUSE Control File System[0m...
         Mounting [0;1;39mKernel Configuration File System[0m...
         Starting [0;1;39mFlush Journal to Persistent Storage[0m...
         Starting [0;1;39mLoad/Save Random Seed[0m...
         Starting [0;1;39mApply Kernel Variables[0m...
[    7.289402] systemd-journald[139]: Received client request to flush runtime journal.
         Starting [0;1;39mCreate Static Device Nodes in /dev[0m...
         Starting [0;1;39mSetup Virtual Console[0m...
[[0;32m  OK  [0m] Mounted [0;1;39mFUSE Control File System[0m.
[[0;32m  OK  [0m] Mounted [0;1;39mKernel Configuration File System[0m.
[[0;32m  OK  [0m] Finished [0;1;39mFlush Journal to Persistent Storage[0m.
[[0;32m  OK  [0m] Finished [0;1;39mLoad/Save Random Seed[0m.
[[0;32m  OK  [0m] Finished [0;1;39mApply Kernel Variables[0m.
[[0;32m  OK  [0m] Finished [0;1;39mCreate Static Device Nodes in /dev[0m.
         Starting [0;1;39mRule-based Manage…for Device Events and Files[0m...
[[0;32m  OK  [0m] Started [0;1;39mRule-based Manager for Device Events and Files[0m.
         Starting [0;1;39mAuto-connect to s…E devices found during boot[0m...
[[0;32m  OK  [0m] Finished [0;1;39mAuto-connect to s…VME devices found during boot[0m.
[[0;32m  OK  [0m] Finished [0;1;39mSetup Virtual Console[0m.
[[0;32m  OK  [0m] Finished [0;1;39mColdplug All udev Devices[0m.
         Starting [0;1;39mShow Plymouth Boot Screen[0m...
[2J[3J[-1;-1f         Starting [0;1;39mWait for udev To …plete Device Initialization[0m...
[[0;32m  OK  [0m] Started [0;1;39mShow Plymouth Boot Screen[0m.
[[0;32m  OK  [0m] Started [0;1;39mForward Password R…s to Plymouth Directory Watch[0m.
[[0;32m  OK  [0m] Reached target [0;1;39mLocal Encrypted Volumes[0m.
[[0;32m  OK  [0m] Reached target [0;1;39mPath Units[0m.
[[0;32m  OK  [0m] Found device [0;1;39m/dev/ttyS0[0m.
[[0;32m  OK  [0m] Listening on [0;1;39mLoad/Save RF …itch Status /dev/rfkill Watch[0m.
[[0;32m  OK  [0m] Finished [0;1;39mWait for udev To Complete Device Initialization[0m.
[[0;32m  OK  [0m] Reached target [0;1;39mPreparation for Local File Systems[0m.
[[0;32m  OK  [0m] Reached target [0;1;39mLocal File Systems[0m.
         Starting [0;1;39mTell Plymouth To Write Out Runtime Data[0m...
         Starting [0;1;39mAutomatic Boot Loader Update[0m...
         Starting [0;1;39mCreate Volatile Files and Directories[0m...
[[0;32m  OK  [0m] Finished [0;1;39mTell Plymouth To Write Out Runtime Data[0m.
[[0;32m  OK  [0m] Finished [0;1;39mAutomatic Boot Loader Update[0m.
[[0;32m  OK  [0m] Finished [0;1;39mCreate Volatile Files and Directories[0m.
         Mounting [0;1;39mRPC Pipe File System[0m...
         Starting [0;1;39mSecurity Auditing Service[0m...
         Starting [0;1;39mRPC Bind[0m...
[[0;32m  OK  [0m] Mounted [0;1;39mRPC Pipe File System[0m.
[[0;32m  OK  [0m] Reached target [0;1;39mrpc_pipefs.target[0m.
[[0;32m  OK  [0m] Started [0;1;39mRPC Bind[0m.
[[0;32m  OK  [0m] Started [0;1;39mSecurity Auditing Service[0m.
         Starting [0;1;39mRecord System Boot/Shutdown in UTMP[0m...
[[0;32m  OK  [0m] Finished [0;1;39mRecord System Boot/Shutdown in UTMP[0m.
[[0;32m  OK  [0m] Reached target [0;1;39mSystem Initialization[0m.
[[0;32m  OK  [0m] Started [0;1;39mDaily rotation of log files[0m.
[[0;32m  OK  [0m] Started [0;1;39mUpdates mlocate database every day[0m.
[[0;32m  OK  [0m] Started [0;1;39mDaily Cleanup of Temporary Directories[0m.
[[0;32m  OK  [0m] Started [0;1;39mdaily update of the root trust anchor for DNSSEC[0m.
[[0;32m  OK  [0m] Reached target [0;1;39mTimer Units[0m.
[[0;32m  OK  [0m] Listening on [0;1;39mD-Bus System Message Bus Socket[0m.
[[0;32m  OK  [0m] Listening on [0;1;39mOpen-iSCSI iscsid Socket[0m.
[[0;32m  OK  [0m] Listening on [0;1;39mOpen-iSCSI iscsiuio Socket[0m.
[[0;32m  OK  [0m] Listening on [0;1;39mSSSD Kerberos…ache Manager responder socket[0m.
[[0;32m  OK  [0m] Listening on [0;1;39mLibvirt interface local socket[0m.
[[0;32m  OK  [0m] Listening on [0;1;39mVirtual machine lock manager socket[0m.
[[0;32m  OK  [0m] Listening on [0;1;39mVirtual machine log manager socket[0m.
[[0;32m  OK  [0m] Listening on [0;1;39mLibvirt network local socket[0m.
[[0;32m  OK  [0m] Listening on [0;1;39mLibvirt nodedev local socket[0m.
[[0;32m  OK  [0m] Listening on [0;1;39mLibvirt nwfilter local socket[0m.
[[0;32m  OK  [0m] Listening on [0;1;39mLibvirt proxy local socket[0m.
[[0;32m  OK  [0m] Listening on [0;1;39mLibvirt qemu local socket[0m.
[[0;32m  OK  [0m] Listening on [0;1;39mLibvirt qemu admin socket[0m.
[[0;32m  OK  [0m] Listening on [0;1;39mLibvirt qemu local read-only socket[0m.
[[0;32m  OK  [0m] Listening on [0;1;39mLibvirt secret local socket[0m.
[[0;32m  OK  [0m] Listening on [0;1;39mLibvirt storage local socket[0m.
[[0;32m  OK  [0m] Reached target [0;1;39mSocket Units[0m.
         Starting [0;1;39mD-Bus System Message Bus[0m...
[[0;32m  OK  [0m] Started [0;1;39mD-Bus System Message Bus[0m.
[[0;32m  OK  [0m] Reached target [0;1;39mBasic System[0m.
         Starting [0;1;39mNetwork Manager[0m...
         Starting [0;1;39mNTP client/server[0m...
         Starting [0;1;39mRestore /run/initramfs on shutdown[0m...
[[0;32m  OK  [0m] Started [0;1;39mirqbalance daemon[0m.
[[0;32m  OK  [0m] Started [0;1;39mlibstoragemgmt plug-in server daemon[0m.
[[0;32m  OK  [0m] Started [0;1;39mMachine Check Exception Logging Daemon[0m.
[[0;32m  OK  [0m] Reached target [0;1;39msshd-keygen.target[0m.
[[0;32m  OK  [0m] Reached target [0;1;39mUser and Group Name Lookups[0m.
         Starting [0;1;39mUser Login Management[0m...
         Starting [0;1;39mVirtual Machine a…tainer Registration Service[0m...
[[0;32m  OK  [0m] Finished [0;1;39mRestore /run/initramfs on shutdown[0m.
[[0;32m  OK  [0m] Started [0;1;39mVirtual Machine an…ontainer Registration Service[0m.
         Starting [0;1;39mHostname Service[0m...
[[0;32m  OK  [0m] Started [0;1;39mNTP client/server[0m.
[[0;32m  OK  [0m] Started [0;1;39mUser Login Management[0m.
[[0;32m  OK  [0m] Started [0;1;39mHostname Service[0m.
         Starting [0;1;39mNetwork Manager Script Dispatcher Service[0m...
[[0;32m  OK  [0m] Started [0;1;39mNetwork Manager Script Dispatcher Service[0m.
[   10.658946] e1000: eth0 NIC Link is Up 1000 Mbps Full Duplex, Flow Control: RX
[[0;32m  OK  [0m] Started [0;1;39mNetwork Manager[0m.
[[0;32m  OK  [0m] Reached target [0;1;39mNetwork[0m.
[[0;32m  OK  [0m] Reached target [0;1;39mNetwork is Online[0m.
         Starting [0;1;39mGSSAPI Proxy Daemon[0m...
         Starting [0;1;39mNotify NFS peers of a restart[0m...
         Starting [0;1;39mSystem Logging Service[0m...
         Starting [0;1;39mOpenSSH server daemon[0m...
         Starting [0;1;39mDynamic System Tuning Daemon[0m...
[[0;32m  OK  [0m] Started [0;1;39mGSSAPI Proxy Daemon[0m.
[[0;32m  OK  [0m] Started [0;1;39mNotify NFS peers of a restart[0m.
[[0;32m  OK  [0m] Reached target [0;1;39mNFS client services[0m.
[[0;32m  OK  [0m] Reached target [0;1;39mPreparation for Remote File Systems[0m.
[[0;32m  OK  [0m] Reached target [0;1;39mRemote File Systems[0m.
         Starting [0;1;39mPermit User Sessions[0m...
         Starting [0;1;39mVirtualization qemu daemon[0m...
[[0;32m  OK  [0m] Started [0;1;39mOpenSSH server daemon[0m.
[[0;32m  OK  [0m] Finished [0;1;39mPermit User Sessions[0m.
[[0;32m  OK  [0m] Started [0;1;39mDeferred execution scheduler[0m.
[[0;32m  OK  [0m] Started [0;1;39mCommand Scheduler[0m.
         Starting [0;1;39mHold until boot process finishes up[0m...
         Starting [0;1;39mTerminate Plymouth Boot Screen[0m...
[[0;32m  OK  [0m] Started [0;1;39mSystem Logging Service[0m.

CentOS Stream 9
Kernel 6.19.0-bdbddf72a2ab+ on an x86_64

Activate the web console with: systemctl enable --now cockpit.socket

test login: [  300.326679] INFO: task systemd:743 blocked for more than 147 seconds.
[  300.327235]       Not tainted 6.19.0-bdbddf72a2ab+ #1
[  300.327594] "echo 0 > /proc/sys/kernel/hung_task_timeout_secs" disables this message.
[  300.328131] task:systemd         state:D stack:0     pid:743   tgid:1     ppid:0      task_flags:0x400040 flags:0x00080000
[  300.328903] Call Trace:
[  300.329085]  <TASK>
[  300.329252]  __schedule+0xfa2/0x40a0
[  300.329541]  ? __pfx___schedule+0x10/0x10
[  300.329830]  ? lock_release+0x14f/0x2a0
[  300.330108]  ? wait_transaction_locked+0x196/0x240
[  300.330458]  schedule+0xf6/0x3d0
[  300.330981]  wait_transaction_locked+0x1bb/0x240
[  300.331330]  ? wait_transaction_locked+0x196/0x240
[  300.331673]  ? __pfx_wait_transaction_locked+0x10/0x10
[  300.332041]  ? __pfx_autoremove_wake_function+0x10/0x10
[  300.332419]  ? __kasan_slab_alloc+0x62/0x80
[  300.332729]  add_transaction_credits+0x121/0x1000
[  300.333064]  ? __pfx_add_transaction_credits+0x10/0x10
[  300.333439]  ? __this_cpu_preempt_check+0x21/0x30
[  300.333772]  ? lock_acquire+0x180/0x2f0
[  300.334052]  ? __kasan_check_write+0x18/0x20
[  300.334368]  start_this_handle+0x457/0x1550
[  300.334682]  ? lock_is_held_type+0xef/0x150
[  300.334989]  ? __pfx_start_this_handle+0x10/0x10
[  300.335331]  ? debug_smp_processor_id+0x20/0x30
[  300.335658]  ? rcu_is_watching+0x19/0xc0
[  300.335949]  ? kmem_cache_alloc_noprof+0x4e2/0x780
[  300.336306]  jbd2__journal_start+0x397/0x810
[  300.336621]  __ext4_journal_start_sb+0x3fc/0x580
[  300.336966]  ? ext4_rmdir+0x637/0xf10
[  300.337246]  ext4_rmdir+0x637/0xf10
[  300.337512]  ? __pfx_ext4_rmdir+0x10/0x10
[  300.337809]  ? __pfx_down_write+0x10/0x10
[  300.338100]  ? do_raw_spin_unlock+0x15c/0x210
[  300.338425]  vfs_rmdir+0x351/0x880
[  300.338698]  filename_rmdir+0x3e5/0x560
[  300.338974]  ? __pfx_filename_rmdir+0x10/0x10
[  300.339290]  ? __sanitizer_cov_trace_const_cmp8+0x1c/0x30
[  300.339672]  ? strncpy_from_user+0x198/0x290
[  300.339985]  ? __sanitizer_cov_trace_const_cmp4+0x1a/0x20
[  300.340371]  ? do_getname+0x19e/0x3e0
[  300.340642]  __x64_sys_unlinkat+0x107/0x140
[  300.340939]  x64_sys_call+0x1b55/0x21c0
[  300.341215]  do_syscall_64+0xc1/0x1180
[  300.341492]  entry_SYSCALL_64_after_hwframe+0x76/0x7e
[  300.341855] RIP: 0033:0x7f656063ebab
[  300.342113] RSP: 002b:00007f655fdb0838 EFLAGS: 00000246 ORIG_RAX: 0000000000000107
[  300.342652] RAX: ffffffffffffffda RBX: 0000000000000006 RCX: 00007f656063ebab
[  300.343153] RDX: 0000000000000200 RSI: 00007f6558008bf0 RDI: 000000000000000c
[  300.343659] RBP: 000000000000000c R08: 0000000000000003 R09: 0000000000000078
[  300.344163] R10: 000000000000009b R11: 0000000000000246 R12: 0000000000000000
[  300.344667] R13: 00007f6558008bf0 R14: 0000000000000200 R15: 0000000000000006
[  300.345185]  </TASK>
[  300.345354] INFO: task systemd:744 blocked for more than 147 seconds.
[  300.345806]       Not tainted 6.19.0-bdbddf72a2ab+ #1
[  300.346165] "echo 0 > /proc/sys/kernel/hung_task_timeout_secs" disables this message.
[  300.346725] task:systemd         state:D stack:0     pid:744   tgid:1     ppid:0      task_flags:0x400040 flags:0x00080000
[  300.347485] Call Trace:
[  300.347666]  <TASK>
[  300.347825]  __schedule+0xfa2/0x40a0
[  300.348089]  ? __pfx___schedule+0x10/0x10
[  300.348375]  ? lock_release+0x14f/0x2a0
[  300.348659]  ? wait_transaction_locked+0x196/0x240
[  300.348998]  schedule+0xf6/0x3d0
[  300.349240]  wait_transaction_locked+0x1bb/0x240
[  300.349571]  ? wait_transaction_locked+0x196/0x240
[  300.349910]  ? __pfx_wait_transaction_locked+0x10/0x10
[  300.350282]  ? __pfx_autoremove_wake_function+0x10/0x10
[  300.350670]  ? __kasan_slab_alloc+0x62/0x80
[  300.350973]  add_transaction_credits+0x121/0x1000
[  300.351323]  ? __pfx_add_transaction_credits+0x10/0x10
[  300.351690]  ? __this_cpu_preempt_check+0x21/0x30
[  300.352025]  ? lock_acquire+0x180/0x2f0
[  300.352307]  ? __kasan_check_write+0x18/0x20
[  300.352617]  start_this_handle+0x457/0x1550
[  300.352919]  ? lock_is_held_type+0xef/0x150
[  300.353223]  ? __pfx_start_this_handle+0x10/0x10
[  300.353551]  ? debug_smp_processor_id+0x20/0x30
[  300.353878]  ? rcu_is_watching+0x19/0xc0
[  300.354166]  ? kmem_cache_alloc_noprof+0x4e2/0x780
[  300.354521]  jbd2__journal_start+0x397/0x810
[  300.354850]  __ext4_journal_start_sb+0x3fc/0x580
[  300.355182]  ? ext4_rmdir+0x637/0xf10
[  300.355447]  ext4_rmdir+0x637/0xf10
[  300.355711]  ? __pfx_ext4_rmdir+0x10/0x10
[  300.356004]  ? __pfx_down_write+0x10/0x10
[  300.356296]  ? do_raw_spin_unlock+0x15c/0x210
[  300.356612]  vfs_rmdir+0x351/0x880
[  300.356864]  filename_rmdir+0x3e5/0x560
[  300.357139]  ? __pfx_filename_rmdir+0x10/0x10
[  300.357465]  ? __sanitizer_cov_trace_const_cmp8+0x1c/0x30
[  300.357884]  ? strncpy_from_user+0x198/0x290
[  300.358237]  ? __sanitizer_cov_trace_const_cmp4+0x1a/0x20
[  300.358676]  ? do_getname+0x19e/0x3e0
[  300.358971]  __x64_sys_unlinkat+0x107/0x140
[  300.359310]  x64_sys_call+0x1b55/0x21c0
[  300.359616]  do_syscall_64+0xc1/0x1180
[  300.359919]  entry_SYSCALL_64_after_hwframe+0x76/0x7e
[  300.360314] RIP: 0033:0x7f656063ebab
[  300.360595] RSP: 002b:00007f655f5af838 EFLAGS: 00000246 ORIG_RAX: 0000000000000107
[  300.361181] RAX: ffffffffffffffda RBX: 0000000000000006 RCX: 00007f656063ebab
[  300.361733] RDX: 0000000000000200 RSI: 00007f6550008bf0 RDI: 0000000000000016
[  300.362301] RBP: 0000000000000016 R08: 0000000000000003 R09: 0000000000000078
[  300.362878] R10: 000000000000009b R11: 0000000000000246 R12: 0000000000000000
[  300.363426] R13: 00007f6550008bf0 R14: 0000000000000200 R15: 0000000000000006
[  300.363991]  </TASK>
[  300.364179] INFO: task kworker/u8:0:12 blocked for more than 147 seconds.
[  300.364703]       Not tainted 6.19.0-bdbddf72a2ab+ #1
[  300.365097] "echo 0 > /proc/sys/kernel/hung_task_timeout_secs" disables this message.
[  300.365691] task:kworker/u8:0    state:D stack:0     pid:12    tgid:12    ppid:2      task_flags:0x4248060 flags:0x00080000
[  300.366537] Workqueue: writeback wb_workfn (flush-8:0)
[  300.366980] Call Trace:
[  300.367178]  <TASK>
[  300.367357]  __schedule+0xfa2/0x40a0
[  300.367677]  ? __pfx___schedule+0x10/0x10
[  300.367993]  ? lock_release+0x14f/0x2a0
[  300.368307]  ? kthread_data+0x61/0xd0
[  300.368628]  ? wait_transaction_locked+0x196/0x240
[  300.369065]  schedule+0xf6/0x3d0
[  300.369375]  wait_transaction_locked+0x1bb/0x240
[  300.369765]  ? wait_transaction_locked+0x196/0x240
[  300.370140]  ? __pfx_wait_transaction_locked+0x10/0x10
[  300.370571]  ? check_noncircular+0x80/0x150
[  300.370965]  ? __pfx_autoremove_wake_function+0x10/0x10
[  300.371462]  ? __this_cpu_preempt_check+0x21/0x30
[  300.371897]  ? lockdep_unlock+0x62/0xd0
[  300.372239]  add_transaction_credits+0x121/0x1000
[  300.372613]  ? __pfx_add_transaction_credits+0x10/0x10
[  300.373012]  ? __this_cpu_preempt_check+0x21/0x30
[  300.373389]  ? lock_acquire+0x180/0x2f0
[  300.373699]  ? __kasan_check_write+0x18/0x20
[  300.374049]  start_this_handle+0x457/0x1550
[  300.374392]  ? __pfx_start_this_handle+0x10/0x10
[  300.374769]  ? debug_smp_processor_id+0x20/0x30
[  300.375124]  ? rcu_is_watching+0x19/0xc0
[  300.375437]  ? kmem_cache_alloc_noprof+0x4e2/0x780
[  300.375815]  jbd2__journal_start+0x397/0x810
[  300.376146]  __ext4_journal_start_sb+0x3fc/0x580
[  300.376512]  ? __sanitizer_cov_trace_const_cmp4+0x1a/0x20
[  300.376923]  ? ext4_do_writepages+0x1112/0x3930
[  300.377275]  ext4_do_writepages+0x1112/0x3930
[  300.377606]  ? check_noncircular+0x80/0x150
[  300.377919]  ? arch_stack_walk+0x8b/0xf0
[  300.378206]  ? __lock_acquire+0x412/0x2210
[  300.378499]  ? __pfx_ext4_do_writepages+0x10/0x10
[  300.378854]  ? __this_cpu_preempt_check+0x21/0x30
[  300.379192]  ? lock_is_held_type+0xef/0x150
[  300.379495]  ext4_writepages+0x3e1/0x870
[  300.379773]  ? ext4_writepages+0x3e1/0x870
[  300.380061]  ? __pfx_ext4_writepages+0x10/0x10
[  300.380393]  ? __pfx_ext4_writepages+0x10/0x10
[  300.380707]  do_writepages+0x255/0x5b0
[  300.380984]  __writeback_single_inode+0x121/0x11f0
[  300.381323]  ? _raw_spin_unlock+0x31/0x60
[  300.381607]  ? __sanitizer_cov_trace_const_cmp8+0x1c/0x30
[  300.381984]  ? wbc_attach_and_unlock_inode.part.0+0x47a/0x890
[  300.382391]  writeback_sb_inodes+0x785/0x1c80
[  300.382725]  ? __pfx_writeback_sb_inodes+0x10/0x10
[  300.383060]  ? __lock_acquire+0x412/0x2210
[  300.383352]  ? __lock_acquire+0x412/0x2210
[  300.383674]  ? __sanitizer_cov_trace_const_cmp8+0x1c/0x30
[  300.384061]  __writeback_inodes_wb+0xc8/0x280
[  300.384381]  wb_writeback+0x652/0x9e0
[  300.384648]  ? __pfx_wb_writeback+0x10/0x10
[  300.384958]  ? __sanitizer_cov_trace_cmp4+0x1a/0x20
[  300.385302]  ? get_nr_dirty_inodes+0x12c/0x1b0
[  300.385621]  wb_workfn+0x713/0xe60
[  300.385874]  ? __pfx_wb_workfn+0x10/0x10
[  300.386175]  process_one_work+0x930/0x1ad0
[  300.386468]  ? __lock_acquire+0x412/0x2210
[  300.386776]  ? __pfx_process_one_work+0x10/0x10
[  300.387092]  ? move_linked_works+0x1bf/0x2c0
[  300.387396]  ? __this_cpu_preempt_check+0x21/0x30
[  300.387736]  ? assign_work+0x19f/0x250
[  300.388004]  ? lock_is_held_type+0xef/0x150
[  300.388305]  worker_thread+0x697/0xeb0
[  300.388580]  ? __pfx_worker_thread+0x10/0x10
[  300.388892]  kthread+0x41a/0x570
[  300.389127]  ? __pfx_kthread+0x10/0x10
[  300.389399]  ret_from_fork+0x781/0xbe0
[  300.389668]  ? __pfx_ret_from_fork+0x10/0x10
[  300.389976]  ? native_load_tls+0x16/0x50
[  300.390252]  ? __sanitizer_cov_trace_const_cmp8+0x1c/0x30
[  300.390643]  ? __switch_to+0x81e/0x10b0
[  300.390917]  ? __pfx_kthread+0x10/0x10
[  300.391194]  ret_from_fork_asm+0x1a/0x30
[  300.391480]  </TASK>
[  300.391644] INFO: task kworker/u8:1:34 blocked for more than 147 seconds.
[  300.392104]       Not tainted 6.19.0-bdbddf72a2ab+ #1
[  300.392454] "echo 0 > /proc/sys/kernel/hung_task_timeout_secs" disables this message.
[  300.392980] task:kworker/u8:1    state:D stack:0     pid:34    tgid:34    ppid:2      task_flags:0x4248060 flags:0x00080000
[  300.393730] Workqueue: writeback wb_workfn (flush-8:0)
[  300.394104] Call Trace:
[  300.394285]  <TASK>
[  300.394447]  __schedule+0xfa2/0x40a0
[  300.394734]  ? __pfx___schedule+0x10/0x10
[  300.395014]  ? lock_release+0x14f/0x2a0
[  300.395287]  ? kthread_data+0x61/0xd0
[  300.395552]  ? wait_transaction_locked+0x196/0x240
[  300.395894]  schedule+0xf6/0x3d0
[  300.396138]  wait_transaction_locked+0x1bb/0x240
[  300.396470]  ? wait_transaction_locked+0x196/0x240
[  300.396812]  ? __pfx_wait_transaction_locked+0x10/0x10
[  300.397174]  ? __pfx_autoremove_wake_function+0x10/0x10
[  300.397552]  ? jbd2__journal_start+0x253/0x810
[  300.397869]  add_transaction_credits+0x121/0x1000
[  300.398202]  ? ext4_init_io_end+0x32/0x190
[  300.398499]  ? __pfx_add_transaction_credits+0x10/0x10
[  300.398870]  ? __this_cpu_preempt_check+0x21/0x30
[  300.399204]  ? lock_acquire+0x180/0x2f0
[  300.399475]  ? blk_cgroup_bio_start+0x389/0x660
[  300.399799]  ? __kasan_check_write+0x18/0x20
[  300.400111]  start_this_handle+0x457/0x1550
[  300.400419]  ? __pfx_start_this_handle+0x10/0x10
[  300.400748]  ? debug_smp_processor_id+0x20/0x30
[  300.401065]  ? rcu_is_watching+0x19/0xc0
[  300.401351]  ? kmem_cache_alloc_noprof+0x4e2/0x780
[  300.401703]  jbd2__journal_start+0x397/0x810
[  300.402011]  __ext4_journal_start_sb+0x3fc/0x580
[  300.402345]  ? __sanitizer_cov_trace_const_cmp4+0x1a/0x20
[  300.402733]  ? ext4_do_writepages+0x1112/0x3930
[  300.403058]  ext4_do_writepages+0x1112/0x3930
[  300.403378]  ? stack_depot_save_flags+0x45d/0xa10
[  300.403724]  ? __lock_acquire+0x412/0x2210
[  300.404026]  ? __pfx_ext4_do_writepages+0x10/0x10
[  300.404364]  ? __this_cpu_preempt_check+0x21/0x30
[  300.404702]  ? lock_is_held_type+0xef/0x150
[  300.405000]  ext4_writepages+0x3e1/0x870
[  300.405281]  ? ext4_writepages+0x3e1/0x870
[  300.405570]  ? __pfx_ext4_writepages+0x10/0x10
[  300.405898]  ? do_raw_spin_unlock+0x15c/0x210
[  300.406210]  ? __pfx_ext4_writepages+0x10/0x10
[  300.406530]  do_writepages+0x255/0x5b0
[  300.406836]  __writeback_single_inode+0x121/0x11f0
[  300.407171]  ? _raw_spin_unlock+0x31/0x60
[  300.407455]  ? __sanitizer_cov_trace_const_cmp4+0x1a/0x20
[  300.407831]  ? wbc_attach_and_unlock_inode.part.0+0x47a/0x890
[  300.408247]  writeback_sb_inodes+0x785/0x1c80
[  300.408566]  ? __pfx_writeback_sb_inodes+0x10/0x10
[  300.408904]  ? __lock_acquire+0x412/0x2210
[  300.409200]  ? __sanitizer_cov_trace_cmp4+0x1a/0x20
[  300.409581]  ? __sanitizer_cov_trace_const_cmp8+0x1c/0x30
[  300.410001]  __writeback_inodes_wb+0xc8/0x280
[  300.410349]  wb_writeback+0x652/0x9e0
[  300.410652]  ? __pfx_wb_writeback+0x10/0x10
[  300.410981]  ? __sanitizer_cov_trace_cmp4+0x1a/0x20
[  300.411356]  ? get_nr_dirty_inodes+0x12c/0x1b0
[  300.411709]  wb_workfn+0x713/0xe60
[  300.411988]  ? __pfx_wb_workfn+0x10/0x10
[  300.412309]  process_one_work+0x930/0x1ad0
[  300.412621]  ? __lock_acquire+0x412/0x2210
[  300.412947]  ? __pfx_process_one_work+0x10/0x10
[  300.413301]  ? move_linked_works+0x1bf/0x2c0
[  300.413628]  ? __this_cpu_preempt_check+0x21/0x30
[  300.413995]  ? assign_work+0x19f/0x250
[  300.414288]  ? lock_is_held_type+0xef/0x150
[  300.414631]  worker_thread+0x697/0xeb0
[  300.414940]  ? __pfx_worker_thread+0x10/0x10
[  300.415286]  kthread+0x41a/0x570
[  300.415561]  ? __pfx_kthread+0x10/0x10
[  300.415865]  ret_from_fork+0x781/0xbe0
[  300.416172]  ? __pfx_ret_from_fork+0x10/0x10
[  300.416522]  ? native_load_tls+0x16/0x50
[  300.416892]  ? __sanitizer_cov_trace_const_cmp8+0x1c/0x30
[  300.417412]  ? __switch_to+0x81e/0x10b0
[  300.417788]  ? __pfx_kthread+0x10/0x10
[  300.418153]  ret_from_fork_asm+0x1a/0x30
[  300.418581]  </TASK>
[  300.418805] INFO: task kworker/u8:3:53 blocked for more than 147 seconds.
[  300.419419]       Not tainted 6.19.0-bdbddf72a2ab+ #1
[  300.419880] "echo 0 > /proc/sys/kernel/hung_task_timeout_secs" disables this message.
[  300.420506] task:kworker/u8:3    state:D stack:0     pid:53    tgid:53    ppid:2      task_flags:0x4248160 flags:0x00080000
[  300.421451] Workqueue: writeback wb_workfn (flush-8:0)
[  300.421921] Call Trace:
[  300.422155]  <TASK>
[  300.422378]  __schedule+0xfa2/0x40a0
[  300.422745]  ? __pfx___schedule+0x10/0x10
[  300.423129]  ? lock_release+0x14f/0x2a0
[  300.423500]  ? kthread_data+0x61/0xd0
[  300.423856]  ? wait_transaction_locked+0x196/0x240
[  300.424305]  schedule+0xf6/0x3d0
[  300.424619]  wait_transaction_locked+0x1bb/0x240
[  300.425048]  ? wait_transaction_locked+0x196/0x240
[  300.425498]  ? __pfx_wait_transaction_locked+0x10/0x10
[  300.425978]  ? __pfx_autoremove_wake_function+0x10/0x10
[  300.426470]  ? jbd2__journal_start+0x253/0x810
[  300.426914]  add_transaction_credits+0x121/0x1000
[  300.427366]  ? ext4_init_io_end+0x32/0x190
[  300.427718]  ? __pfx_add_transaction_credits+0x10/0x10
[  300.428122]  ? __this_cpu_preempt_check+0x21/0x30
[  300.428509]  ? lock_acquire+0x180/0x2f0
[  300.428826]  ? blk_cgroup_bio_start+0x389/0x660
[  300.429196]  ? __kasan_check_write+0x18/0x20
[  300.429549]  start_this_handle+0x457/0x1550
[  300.429893]  ? __pfx_start_this_handle+0x10/0x10
[  300.430264]  ? debug_smp_processor_id+0x20/0x30
[  300.430643]  ? rcu_is_watching+0x19/0xc0
[  300.430960]  ? kmem_cache_alloc_noprof+0x4e2/0x780
[  300.431341]  jbd2__journal_start+0x397/0x810
[  300.431676]  __ext4_journal_start_sb+0x3fc/0x580
[  300.432035]  ? __sanitizer_cov_trace_const_cmp4+0x1a/0x20
[  300.432444]  ? ext4_do_writepages+0x1112/0x3930
[  300.432791]  ext4_do_writepages+0x1112/0x3930
[  300.433100]  ? __sanitizer_cov_trace_cmp8+0x1c/0x30
[  300.433439]  ? __sanitizer_cov_trace_cmp8+0x1c/0x30
[  300.433782]  ? stack_trace_save+0x96/0xd0
[  300.434068]  ? __lock_acquire+0x412/0x2210
[  300.434357]  ? update_stack_state+0x2d9/0x610
[  300.434692]  ? __pfx_ext4_do_writepages+0x10/0x10
[  300.435036]  ? __this_cpu_preempt_check+0x21/0x30
[  300.435369]  ? lock_is_held_type+0xef/0x150
[  300.435665]  ext4_writepages+0x3e1/0x870
[  300.435945]  ? ext4_writepages+0x3e1/0x870
[  300.436237]  ? __pfx_ext4_writepages+0x10/0x10
[  300.436564]  ? do_raw_spin_unlock+0x15c/0x210
[  300.436876]  ? __pfx_ext4_writepages+0x10/0x10
[  300.437198]  do_writepages+0x255/0x5b0
[  300.437474]  __writeback_single_inode+0x121/0x11f0
[  300.437809]  ? _raw_spin_unlock+0x31/0x60
[  300.438098]  ? __sanitizer_cov_trace_const_cmp8+0x1c/0x30
[  300.438470]  ? wbc_attach_and_unlock_inode.part.0+0x47a/0x890
[  300.438901]  writeback_sb_inodes+0x785/0x1c80
[  300.439222]  ? __pfx_writeback_sb_inodes+0x10/0x10
[  300.439556]  ? __lock_acquire+0x412/0x2210
[  300.439838]  ? __sanitizer_cov_trace_cmp4+0x1a/0x20
[  300.440219]  ? __sanitizer_cov_trace_const_cmp8+0x1c/0x30
[  300.440606]  __writeback_inodes_wb+0xc8/0x280
[  300.440923]  wb_writeback+0x652/0x9e0
[  300.441203]  ? __pfx_wb_writeback+0x10/0x10
[  300.441504]  ? __sanitizer_cov_trace_cmp4+0x1a/0x20
[  300.441844]  ? get_nr_dirty_inodes+0x12c/0x1b0
[  300.442167]  wb_workfn+0x713/0xe60
[  300.442412]  ? try_to_wake_up+0x184/0x1ad0
[  300.442731]  ? __pfx_wb_workfn+0x10/0x10
[  300.443034]  process_one_work+0x930/0x1ad0
[  300.443319]  ? __lock_acquire+0x412/0x2210
[  300.443614]  ? __pfx_process_one_work+0x10/0x10
[  300.443932]  ? move_linked_works+0x1bf/0x2c0
[  300.444237]  ? __this_cpu_preempt_check+0x21/0x30
[  300.444574]  ? assign_work+0x19f/0x250
[  300.444839]  ? lock_is_held_type+0xef/0x150
[  300.445141]  worker_thread+0x697/0xeb0
[  300.445413]  ? _raw_spin_unlock_irqrestore+0x35/0x70
[  300.445755]  ? trace_hardirqs_on+0x26/0x130
[  300.446061]  ? __pfx_worker_thread+0x10/0x10
[  300.446367]  kthread+0x41a/0x570
[  300.446627]  ? __pfx_kthread+0x10/0x10
[  300.446898]  ret_from_fork+0x781/0xbe0
[  300.447166]  ? __pfx_ret_from_fork+0x10/0x10
[  300.447473]  ? native_load_tls+0x16/0x50
[  300.447746]  ? __sanitizer_cov_trace_const_cmp8+0x1c/0x30
[  300.448118]  ? __switch_to+0x81e/0x10b0
[  300.448395]  ? __pfx_kthread+0x10/0x10
[  300.448670]  ret_from_fork_asm+0x1a/0x30
[  300.448963]  </TASK>
[  300.449148] INFO: task jbd2/sda-8:96 blocked for more than 147 seconds.
[  300.449617]       Not tainted 6.19.0-bdbddf72a2ab+ #1
[  300.450039] "echo 0 > /proc/sys/kernel/hung_task_timeout_secs" disables this message.
[  300.450608] task:jbd2/sda-8      state:D stack:0     pid:96    tgid:96    ppid:2      task_flags:0x240040 flags:0x00080000
[  300.451372] Call Trace:
[  300.451551]  <TASK>
[  300.451710]  __schedule+0xfa2/0x40a0
[  300.451974]  ? __pfx___schedule+0x10/0x10
[  300.452265]  ? lock_release+0x14f/0x2a0
[  300.452543]  schedule+0xf6/0x3d0
[  300.452779]  jbd2_journal_wait_updates+0x146/0x270
[  300.453122]  ? __pfx_jbd2_journal_wait_updates+0x10/0x10
[  300.453501]  ? __pfx_autoremove_wake_function+0x10/0x10
[  300.453878]  ? lock_release+0x14f/0x2a0
[  300.454157]  jbd2_journal_commit_transaction+0x7aa/0x6290
[  300.454571]  ? lock_is_held_type+0xef/0x150
[  300.454877]  ? __lock_acquire+0x412/0x2210
[  300.455175]  ? __lock_acquire+0x412/0x2210
[  300.455466]  ? __pfx_jbd2_journal_commit_transaction+0x10/0x10
[  300.455882]  ? do_raw_spin_lock+0x140/0x280
[  300.456181]  ? __pfx_do_raw_spin_lock+0x10/0x10
[  300.456503]  ? lock_acquire+0x180/0x2f0
[  300.456784]  ? __timer_delete_sync+0x20a/0x300
[  300.457104]  ? __this_cpu_preempt_check+0x21/0x30
[  300.457441]  ? _raw_spin_unlock_irqrestore+0x35/0x70
[  300.457789]  ? lockdep_hardirqs_on+0x85/0x110
[  300.458103]  ? _raw_spin_unlock_irqrestore+0x35/0x70
[  300.458454]  ? trace_hardirqs_on+0x26/0x130
[  300.458774]  ? _raw_spin_unlock_irqrestore+0x45/0x70
[  300.459124]  ? __sanitizer_cov_trace_const_cmp4+0x1a/0x20
[  300.459512]  ? __timer_delete_sync+0x21e/0x300
[  300.459830]  ? __this_cpu_preempt_check+0x21/0x30
[  300.460169]  ? lock_release+0x14f/0x2a0
[  300.460448]  kjournald2+0x203/0x790
[  300.460712]  ? __pfx_kjournald2+0x10/0x10
[  300.461009]  ? _raw_spin_unlock_irqrestore+0x35/0x70
[  300.461360]  ? trace_hardirqs_on+0x26/0x130
[  300.461655]  ? __pfx_autoremove_wake_function+0x10/0x10
[  300.462024]  ? __sanitizer_cov_trace_const_cmp1+0x1e/0x30
[  300.462402]  ? __kthread_parkme+0x1bc/0x260
[  300.462718]  ? __pfx_kjournald2+0x10/0x10
[  300.463008]  kthread+0x41a/0x570
[  300.463250]  ? __pfx_kthread+0x10/0x10
[  300.463534]  ret_from_fork+0x781/0xbe0
[  300.463804]  ? __pfx_ret_from_fork+0x10/0x10
[  300.464119]  ? native_load_tls+0x16/0x50
[  300.464398]  ? __sanitizer_cov_trace_const_cmp8+0x1c/0x30
[  300.464792]  ? __switch_to+0x81e/0x10b0
[  300.465069]  ? __pfx_kthread+0x10/0x10
[  300.465348]  ret_from_fork_asm+0x1a/0x30
[  300.465638]  </TASK>
[  300.465807] INFO: task kworker/u8:4:160 blocked for more than 147 seconds.
[  300.466283]       Not tainted 6.19.0-bdbddf72a2ab+ #1
[  300.466652] "echo 0 > /proc/sys/kernel/hung_task_timeout_secs" disables this message.
[  300.467196] task:kworker/u8:4    state:D stack:0     pid:160   tgid:160   ppid:2      task_flags:0x4248060 flags:0x00080000
[  300.467959] Workqueue: writeback wb_workfn (flush-8:0)
[  300.468330] Call Trace:
[  300.468514]  <TASK>
[  300.468679]  __schedule+0xfa2/0x40a0
[  300.468947]  ? __pfx___schedule+0x10/0x10
[  300.469246]  ? lock_release+0x14f/0x2a0
[  300.469522]  ? kthread_data+0x61/0xd0
[  300.469791]  ? wait_transaction_locked+0x196/0x240
[  300.470139]  schedule+0xf6/0x3d0
[  300.470386]  wait_transaction_locked+0x1bb/0x240
[  300.470733]  ? wait_transaction_locked+0x196/0x240
[  300.471074]  ? __pfx_wait_transaction_locked+0x10/0x10
[  300.471443]  ? __pfx_autoremove_wake_function+0x10/0x10
[  300.471817]  ? jbd2__journal_start+0x253/0x810
[  300.472138]  add_transaction_credits+0x121/0x1000
[  300.472481]  ? ext4_init_io_end+0x32/0x190
[  300.472782]  ? __pfx_add_transaction_credits+0x10/0x10
[  300.473140]  ? __this_cpu_preempt_check+0x21/0x30
[  300.473484]  ? lock_acquire+0x180/0x2f0
[  300.473760]  ? blk_cgroup_bio_start+0x389/0x660
[  300.474081]  ? __kasan_check_write+0x18/0x20
[  300.474398]  start_this_handle+0x457/0x1550
[  300.474716]  ? __pfx_start_this_handle+0x10/0x10
[  300.475047]  ? debug_smp_processor_id+0x20/0x30
[  300.475375]  ? rcu_is_watching+0x19/0xc0
[  300.475656]  ? kmem_cache_alloc_noprof+0x4e2/0x780
[  300.476006]  jbd2__journal_start+0x397/0x810
[  300.476327]  __ext4_journal_start_sb+0x3fc/0x580
[  300.476663]  ? __sanitizer_cov_trace_const_cmp4+0x1a/0x20
[  300.477039]  ? ext4_do_writepages+0x1112/0x3930
[  300.477363]  ext4_do_writepages+0x1112/0x3930
[  300.477680]  ? __lock_acquire+0x412/0x2210
[  300.477981]  ? __pfx_ext4_do_writepages+0x10/0x10
[  300.478327]  ? __this_cpu_preempt_check+0x21/0x30
[  300.478680]  ? lock_is_held_type+0xef/0x150
[  300.478978]  ext4_writepages+0x3e1/0x870
[  300.479258]  ? ext4_writepages+0x3e1/0x870
[  300.479558]  ? __pfx_ext4_writepages+0x10/0x10
[  300.479889]  ? do_raw_spin_unlock+0x15c/0x210
[  300.480197]  ? __pfx_ext4_writepages+0x10/0x10
[  300.480511]  do_writepages+0x255/0x5b0
[  300.480787]  __writeback_single_inode+0x121/0x11f0
[  300.481135]  ? _raw_spin_unlock+0x31/0x60
[  300.481438]  ? __sanitizer_cov_trace_const_cmp8+0x1c/0x30
[  300.481822]  ? wbc_attach_and_unlock_inode.part.0+0x47a/0x890
[  300.482235]  writeback_sb_inodes+0x785/0x1c80
[  300.482582]  ? __pfx_writeback_sb_inodes+0x10/0x10
[  300.482936]  ? __lock_acquire+0x412/0x2210
[  300.483234]  ? __lock_acquire+0x412/0x2210
[  300.483557]  ? __sanitizer_cov_trace_const_cmp8+0x1c/0x30
[  300.483955]  __writeback_inodes_wb+0xc8/0x280
[  300.484279]  wb_writeback+0x652/0x9e0
[  300.484554]  ? __pfx_wb_writeback+0x10/0x10
[  300.484865]  ? __sanitizer_cov_trace_cmp4+0x1a/0x20
[  300.485223]  ? get_nr_dirty_inodes+0x12c/0x1b0
[  300.485549]  wb_workfn+0x713/0xe60
[  300.485806]  ? __pfx_wb_workfn+0x10/0x10
[  300.486105]  process_one_work+0x930/0x1ad0
[  300.486398]  ? __lock_acquire+0x412/0x2210
[  300.486720]  ? __pfx_process_one_work+0x10/0x10
[  300.487040]  ? move_linked_works+0x1bf/0x2c0
[  300.487353]  ? __this_cpu_preempt_check+0x21/0x30
[  300.487698]  ? assign_work+0x19f/0x250
[  300.487965]  ? lock_is_held_type+0xef/0x150
[  300.488267]  worker_thread+0x697/0xeb0
[  300.488537]  ? _raw_spin_unlock_irqrestore+0x35/0x70
[  300.488886]  ? trace_hardirqs_on+0x26/0x130
[  300.489197]  ? __pfx_worker_thread+0x10/0x10
[  300.489501]  kthread+0x41a/0x570
[  300.489744]  ? __pfx_kthread+0x10/0x10
[  300.490017]  ret_from_fork+0x781/0xbe0
[  300.490295]  ? __pfx_ret_from_fork+0x10/0x10
[  300.490614]  ? native_load_tls+0x16/0x50
[  300.490897]  ? __sanitizer_cov_trace_const_cmp8+0x1c/0x30
[  300.491286]  ? __switch_to+0x81e/0x10b0
[  300.491563]  ? __pfx_kthread+0x10/0x10
[  300.491842]  ret_from_fork_asm+0x1a/0x30
[  300.492144]  </TASK>
[  300.492321] INFO: task auditd:237 blocked for more than 147 seconds.
[  300.492765]       Not tainted 6.19.0-bdbddf72a2ab+ #1
[  300.493115] "echo 0 > /proc/sys/kernel/hung_task_timeout_secs" disables this message.
[  300.493679] task:auditd          state:D stack:0     pid:237   tgid:237   ppid:1      task_flags:0x400140 flags:0x00080000
[  300.494495] Call Trace:
[  300.494702]  <TASK>
[  300.494875]  __schedule+0xfa2/0x40a0
[  300.495172]  ? __pfx___schedule+0x10/0x10
[  300.495490]  ? lock_release+0x14f/0x2a0
[  300.495791]  ? wait_transaction_locked+0x196/0x240
[  300.496148]  schedule+0xf6/0x3d0
[  300.496388]  wait_transaction_locked+0x1bb/0x240
[  300.496720]  ? wait_transaction_locked+0x196/0x240
[  300.497060]  ? __pfx_wait_transaction_locked+0x10/0x10
[  300.497426]  ? __pfx_autoremove_wake_function+0x10/0x10
[  300.497800]  ? jbd2__journal_start+0x19c/0x810
[  300.498123]  add_transaction_credits+0x121/0x1000
[  300.498466]  ? __pfx_add_transaction_credits+0x10/0x10
[  300.498834]  ? __this_cpu_preempt_check+0x21/0x30
[  300.499168]  ? lock_acquire+0x180/0x2f0
[  300.499474]  ? __kasan_check_write+0x18/0x20
[  300.499809]  start_this_handle+0x457/0x1550
[  300.500148]  ? __pfx_start_this_handle+0x10/0x10
[  300.500497]  ? debug_smp_processor_id+0x20/0x30
[  300.500814]  ? rcu_is_watching+0x19/0xc0
[  300.501100]  ? kmem_cache_alloc_noprof+0x4e2/0x780
[  300.501452]  jbd2__journal_start+0x397/0x810
[  300.501762]  __ext4_journal_start_sb+0x3fc/0x580
[  300.502089]  ? ext4_dirty_inode+0xb3/0x140
[  300.502387]  ? __pfx_ext4_dirty_inode+0x10/0x10
[  300.502723]  ext4_dirty_inode+0xb3/0x140
[  300.503008]  ? rcu_is_watching+0x19/0xc0
[  300.503293]  __mark_inode_dirty+0x1de/0x14c0
[  300.503609]  file_update_time_flags+0x482/0x510
[  300.503935]  file_modified+0x43/0x60
[  300.504195]  ext4_buffered_write_iter+0x101/0x460
[  300.504537]  ext4_file_write_iter+0xb2a/0x1ee0
[  300.504868]  ? __pfx_ext4_file_write_iter+0x10/0x10
[  300.505213]  ? __this_cpu_preempt_check+0x21/0x30
[  300.505552]  ? lock_is_held_type+0xef/0x150
[  300.505848]  vfs_write+0xc6d/0x11f0
[  300.506101]  ? __pfx_ext4_file_write_iter+0x10/0x10
[  300.506450]  ? __pfx_vfs_write+0x10/0x10
[  300.506765]  ? mutex_lock_nested+0x1f/0x30
[  300.507070]  ksys_write+0x14e/0x280
[  300.507331]  ? __pfx_ksys_write+0x10/0x10
[  300.507616]  ? entry_SYSCALL_64_after_hwframe+0x76/0x7e
[  300.507985]  __x64_sys_write+0x7b/0xc0
[  300.508263]  x64_sys_call+0x1704/0x21c0
[  300.508543]  do_syscall_64+0xc1/0x1180
[  300.508820]  entry_SYSCALL_64_after_hwframe+0x76/0x7e
[  300.509171] RIP: 0033:0x7f6c6bd3ebcf
[  300.509427] RSP: 002b:00007ffde40be9a0 EFLAGS: 00000293 ORIG_RAX: 0000000000000001
[  300.509956] RAX: ffffffffffffffda RBX: 00000000000000f0 RCX: 00007f6c6bd3ebcf
[  300.510445] RDX: 00000000000000f0 RSI: 000055935123f0a0 RDI: 0000000000000005
[  300.510946] RBP: 000055935123f0a0 R08: 0000000000000000 R09: 00007f6c6bdb14e0
[  300.511441] R10: 00007f6c6bdb13e0 R11: 0000000000000293 R12: 00000000000000f0
[  300.511931] R13: 00005593512352a0 R14: 00000000000000f0 R15: 00007f6c6bdf69e0
[  300.512441]  </TASK>
[  300.512606] INFO: task rs:main Q:Reg:312 blocked for more than 147 seconds.
[  300.513076]       Not tainted 6.19.0-bdbddf72a2ab+ #1
[  300.513427] "echo 0 > /proc/sys/kernel/hung_task_timeout_secs" disables this message.
[  300.513958] task:rs:main Q:Reg   state:D stack:0     pid:312   tgid:288   ppid:1      task_flags:0x400040 flags:0x00080000
[  300.514724] Call Trace:
[  300.514901]  <TASK>
[  300.515065]  __schedule+0xfa2/0x40a0
[  300.515343]  ? __pfx___schedule+0x10/0x10
[  300.515632]  ? lock_release+0x14f/0x2a0
[  300.515916]  ? wait_transaction_locked+0x196/0x240
[  300.516267]  schedule+0xf6/0x3d0
[  300.516508]  wait_transaction_locked+0x1bb/0x240
[  300.516839]  ? wait_transaction_locked+0x196/0x240
[  300.517187]  ? __pfx_wait_transaction_locked+0x10/0x10
[  300.517558]  ? __pfx_autoremove_wake_function+0x10/0x10
[  300.517935]  ? jbd2__journal_start+0x19c/0x810
[  300.518267]  add_transaction_credits+0x121/0x1000
[  300.518620]  ? __pfx_do_raw_spin_lock+0x10/0x10
[  300.518944]  ? __pfx_add_transaction_credits+0x10/0x10
[  300.519313]  ? __this_cpu_preempt_check+0x21/0x30
[  300.519644]  ? lock_acquire+0x180/0x2f0
[  300.519923]  ? __kasan_check_write+0x18/0x20
[  300.520241]  start_this_handle+0x457/0x1550
[  300.520544]  ? __pfx_start_this_handle+0x10/0x10
[  300.520873]  ? debug_smp_processor_id+0x20/0x30
[  300.521199]  ? rcu_is_watching+0x19/0xc0
[  300.521482]  ? kmem_cache_alloc_noprof+0x4e2/0x780
[  300.521831]  jbd2__journal_start+0x397/0x810
[  300.522136]  __ext4_journal_start_sb+0x3fc/0x580
[  300.522478]  ? ext4_dirty_inode+0xb3/0x140
[  300.522778]  ? __pfx_ext4_dirty_inode+0x10/0x10
[  300.523105]  ext4_dirty_inode+0xb3/0x140
[  300.523388]  ? rcu_is_watching+0x19/0xc0
[  300.523677]  __mark_inode_dirty+0x1de/0x14c0
[  300.523986]  file_update_time_flags+0x482/0x510
[  300.524317]  file_modified+0x43/0x60
[  300.524577]  ext4_buffered_write_iter+0x101/0x460
[  300.524916]  ext4_file_write_iter+0xb2a/0x1ee0
[  300.525255]  ? __pfx_ext4_file_write_iter+0x10/0x10
[  300.525604]  ? __this_cpu_preempt_check+0x21/0x30
[  300.525938]  ? lock_is_held_type+0xef/0x150
[  300.526245]  vfs_write+0xc6d/0x11f0
[  300.526501]  ? __pfx_ext4_file_write_iter+0x10/0x10
[  300.526860]  ? __pfx_vfs_write+0x10/0x10
[  300.527157]  ? mutex_lock_nested+0x1f/0x30
[  300.527474]  ksys_write+0x14e/0x280
[  300.527732]  ? __pfx_ksys_write+0x10/0x10
[  300.528022]  ? seqcount_lockdep_reader_access.constprop.0+0xc0/0xd0
[  300.528472]  ? ktime_get_coarse_real_ts64+0xad/0xf0
[  300.528823]  __x64_sys_write+0x7b/0xc0
[  300.529096]  x64_sys_call+0x1704/0x21c0
[  300.529377]  do_syscall_64+0xc1/0x1180
[  300.529657]  entry_SYSCALL_64_after_hwframe+0x76/0x7e
[  300.530014] RIP: 0033:0x7fcf25d3ebcf
[  300.530274] RSP: 002b:00007fcf24cda890 EFLAGS: 00000293 ORIG_RAX: 0000000000000001
[  300.530812] RAX: ffffffffffffffda RBX: 00007fcf180052e0 RCX: 00007fcf25d3ebcf
[  300.531309] RDX: 0000000000000056 RSI: 00007fcf18005580 RDI: 0000000000000005
[  300.531803] RBP: 00007fcf18005580 R08: 0000000000000000 R09: 0000000000000000
[  300.532290] R10: 000000000000000a R11: 0000000000000293 R12: 0000000000000000
[  300.532776] R13: 0000560475051e00 R14: 00007fcf180052e0 R15: 0000000000000056
[  300.533288]  </TASK>
[  300.533455] INFO: task repro:710 blocked for more than 147 seconds.
[  300.533881]       Not tainted 6.19.0-bdbddf72a2ab+ #1
[  300.534241] "echo 0 > /proc/sys/kernel/hung_task_timeout_secs" disables this message.
[  300.534796] task:repro           state:D stack:0     pid:710   tgid:710   ppid:709    task_flags:0x400140 flags:0x00080000
[  300.535569] Call Trace:
[  300.535743]  <TASK>
[  300.535905]  __schedule+0xfa2/0x40a0
[  300.536175]  ? __pfx___schedule+0x10/0x10
[  300.536466]  ? lock_release+0x14f/0x2a0
[  300.536743]  ? wait_transaction_locked+0x196/0x240
[  300.537079]  schedule+0xf6/0x3d0
[  300.537317]  wait_transaction_locked+0x1bb/0x240
[  300.537642]  ? wait_transaction_locked+0x196/0x240
[  300.537983]  ? __pfx_wait_transaction_locked+0x10/0x10
[  300.538354]  ? __pfx_autoremove_wake_function+0x10/0x10
[  300.538737]  ? __kasan_slab_alloc+0x62/0x80
[  300.539045]  add_transaction_credits+0x121/0x1000
[  300.539391]  ? __pfx_add_transaction_credits+0x10/0x10
[  300.539752]  ? __this_cpu_preempt_check+0x21/0x30
[  300.540093]  ? lock_acquire+0x180/0x2f0
[  300.540370]  ? look_up_lock_class+0x62/0x130
[  300.540677]  ? __kasan_check_write+0x18/0x20
[  300.540985]  start_this_handle+0x457/0x1550
[  300.541288]  ? lock_is_held_type+0xef/0x150
[  300.541591]  ? __pfx_start_this_handle+0x10/0x10
[  300.541916]  ? debug_smp_processor_id+0x20/0x30
[  300.542239]  ? rcu_is_watching+0x19/0xc0
[  300.542523]  ? kmem_cache_alloc_noprof+0x4e2/0x780
[  300.542884]  jbd2__journal_start+0x397/0x810
[  300.543198]  __ext4_journal_start_sb+0x3fc/0x580
[  300.543536]  ? ext4_dirty_inode+0xb3/0x140
[  300.543827]  ? __pfx_ext4_dirty_inode+0x10/0x10
[  300.544149]  ext4_dirty_inode+0xb3/0x140
[  300.544442]  ? rcu_is_watching+0x19/0xc0
[  300.544734]  __mark_inode_dirty+0x1de/0x14c0
[  300.545042]  ? mnt_get_write_access+0x203/0x2f0
[  300.545374]  touch_atime+0x63d/0x780
[  300.545648]  iterate_dir+0x879/0xb00
[  300.545921]  __x64_sys_getdents64+0x163/0x300
[  300.546244]  ? seqcount_lockdep_reader_access.constprop.0+0xb4/0xd0
[  300.546728]  ? __pfx___x64_sys_getdents64+0x10/0x10
[  300.547091]  ? __pfx_filldir64+0x10/0x10
[  300.547387]  ? __audit_syscall_entry+0x393/0x4f0
[  300.547735]  x64_sys_call+0x114f/0x21c0
[  300.548015]  do_syscall_64+0xc1/0x1180
[  300.548300]  entry_SYSCALL_64_after_hwframe+0x76/0x7e
[  300.548660] RIP: 0033:0x7f6050914577
[  300.548916] RSP: 002b:00007ffcfef469b8 EFLAGS: 00000293 ORIG_RAX: 00000000000000d9
[  300.549444] RAX: ffffffffffffffda RBX: 00000000153df2d0 RCX: 00007f6050914577
[  300.549941] RDX: 0000000000008000 RSI: 00000000153df2d0 RDI: 0000000000000003
[  300.550444] RBP: 00000000153df2a4 R08: 0000000000000003 R09: 0000000000000078
[  300.550958] R10: 000000000000009b R11: 0000000000000293 R12: fffffffffffffeb0
[  300.551457] R13: 0000000000000016 R14: 00000000153df2a0 R15: 00007f6050bfc000
[  300.551969]  </TASK>
[  300.552136] Future hung task reports are suppressed, see sysctl kernel.hung_task_warnings
[  300.552706] 
[  300.552706] Showing all locks held in the system:
[  300.553132] 3 locks held by systemd/743:
[  300.553419]  #0: ff11000010130408 (sb_writers#3){.+.+}-{0:0}, at: filename_rmdir+0x2e6/0x560
[  300.554026]  #1: ff1100001b4146d0 (&type->i_mutex_dir_key#3/1){+.+.}-{4:4}, at: filename_rmdir+0x332/0x560
[  300.554729]  #2: ff1100001b412a20 (&type->i_mutex_dir_key#3){++++}-{4:4}, at: vfs_rmdir+0xfc/0x880
[  300.555387] 3 locks held by systemd/744:
[  300.555665]  #0: ff11000010130408 (sb_writers#3){.+.+}-{0:0}, at: filename_rmdir+0x2e6/0x560
[  300.556266]  #1: ff1100001b4103e0 (&type->i_mutex_dir_key#3/1){+.+.}-{4:4}, at: filename_rmdir+0x332/0x560
[  300.556965]  #2: ff1100001b416380 (&type->i_mutex_dir_key#3){++++}-{4:4}, at: vfs_rmdir+0xfc/0x880
[  300.557616] 4 locks held by kworker/u8:0/12:
[  300.557917]  #0: ff1100000bd2a148 ((wq_completion)writeback){+.+.}-{0:0}, at: process_one_work+0x1260/0x1ad0
[  300.558633]  #1: ff1100000b96fce8 ((work_completion)(&(&wb->dwork)->work)){+.+.}-{0:0}, at: process_one_work+0x89f/0x1ad0
[  300.559417]  #2: ff110000101300e0 (&type->s_umount_key#39){++++}-{4:4}, at: super_trylock_shared+0x2b/0x110
[  300.560127]  #3: ff1100001011ab98 (&sbi->s_writepages_rwsem){++++}-{0:0}, at: do_writepages+0x255/0x5b0
[  300.560810] 1 lock held by khungtaskd/32:
[  300.561098]  #0: ffffffff87666c20 (rcu_read_lock){....}-{1:3}, at: debug_show_all_locks+0x3b/0x1f0
[  300.561741] 4 locks held by kworker/u8:1/34:
[  300.562049]  #0: ff1100000bd2a148 ((wq_completion)writeback){+.+.}-{0:0}, at: process_one_work+0x1260/0x1ad0
[  300.562756]  #1: ff1100000c247ce8 ((work_completion)(&(&wb->dwork)->work)){+.+.}-{0:0}, at: process_one_work+0x89f/0x1ad0
[  300.563537]  #2: ff110000101300e0 (&type->s_umount_key#39){++++}-{4:4}, at: super_trylock_shared+0x2b/0x110
[  300.564237]  #3: ff1100001011ab98 (&sbi->s_writepages_rwsem){++++}-{0:0}, at: do_writepages+0x255/0x5b0
[  300.564906] 4 locks held by kworker/u8:3/53:
[  300.565213]  #0: ff1100000bd2a148 ((wq_completion)writeback){+.+.}-{0:0}, at: process_one_work+0x1260/0x1ad0
[  300.565920]  #1: ff1100000c31fce8 ((work_completion)(&(&wb->dwork)->work)){+.+.}-{0:0}, at: process_one_work+0x89f/0x1ad0
[  300.566767]  #2: ff110000101300e0 (&type->s_umount_key#39){++++}-{4:4}, at: super_trylock_shared+0x2b/0x110
[  300.567530]  #3: ff1100001011ab98 (&sbi->s_writepages_rwsem){++++}-{0:0}, at: do_writepages+0x255/0x5b0
[  300.568273] 4 locks held by kworker/u8:4/160:
[  300.568607]  #0: ff1100000bd2a148 ((wq_completion)writeback){+.+.}-{0:0}, at: process_one_work+0x1260/0x1ad0
[  300.569345]  #1: ff1100000feb7ce8 ((work_completion)(&(&wb->dwork)->work)){+.+.}-{0:0}, at: process_one_work+0x89f/0x1ad0
[  300.570112]  #2: ff110000101300e0 (&type->s_umount_key#39){++++}-{4:4}, at: super_trylock_shared+0x2b/0x110
[  300.570836]  #3: ff1100001011ab98 (&sbi->s_writepages_rwsem){++++}-{0:0}, at: do_writepages+0x255/0x5b0
[  300.571520] 3 locks held by auditd/237:
[  300.571789]  #0: ff1100001583e0f8 (&f->f_pos_lock){+.+.}-{4:4}, at: fdget_pos+0x2b5/0x390
[  300.572381]  #1: ff11000010130408 (sb_writers#3){.+.+}-{0:0}, at: ksys_write+0x14e/0x280
[  300.572967]  #2: ff110000182d46d0 (&sb->s_type->i_mutex_key#10){++++}-{4:4}, at: ext4_buffered_write_iter+0xb8/0x460
[  300.573720] 2 locks held by in:imjournal/311:
[  300.574037]  #0: ff11000010130408 (sb_writers#3){.+.+}-{0:0}, at: path_openat+0x1939/0x2f70
[  300.574645]  #1: ff1100001d14c6d0 (&type->i_mutex_dir_key#3){++++}-{4:4}, at: path_openat+0xf5d/0x2f70
[  300.575322] 3 locks held by rs:main Q:Reg/312:
[  300.575634]  #0: ff110000156410b8 (&f->f_pos_lock){+.+.}-{4:4}, at: fdget_pos+0x2b5/0x390
[  300.576221]  #1: ff11000010130408 (sb_writers#3){.+.+}-{0:0}, at: ksys_write+0x14e/0x280
[  300.576807]  #2: ff1100001d1be380 (&sb->s_type->i_mutex_key#10){++++}-{4:4}, at: ext4_buffered_write_iter+0xb8/0x460
[  300.577565] 3 locks held by repro/710:
[  300.577845]  #0: ff110000152715f8 (&f->f_pos_lock){+.+.}-{4:4}, at: fdget_pos+0x2b5/0x390
[  300.578435]  #1: ff11000021a85060 (&type->i_mutex_dir_key#3){++++}-{4:4}, at: iterate_dir+0x1a0/0xb00
[  300.579116]  #2: ff11000010130408 (sb_writers#3){.+.+}-{0:0}, at: iterate_dir+0x879/0xb00
[  300.579721] 3 locks held by repro/711:
[  300.579989]  #0: ff11000015a727f8 (&f->f_pos_lock){+.+.}-{4:4}, at: fdget_pos+0x2b5/0x390
[  300.580576]  #1: ff11000021a96380 (&type->i_mutex_dir_key#3){++++}-{4:4}, at: iterate_dir+0x1a0/0xb00
[  300.581224]  #2: ff11000010130408 (sb_writers#3){.+.+}-{0:0}, at: iterate_dir+0x879/0xb00
[  300.581812] 3 locks held by repro/712:
[  300.582080]  #0: ff11000010130408 (sb_writers#3){.+.+}-{0:0}, at: filename_rmdir+0x2e6/0x560
[  300.582697]  #1: ff11000021a8c6d0 (&type->i_mutex_dir_key#3/1){+.+.}-{4:4}, at: filename_rmdir+0x332/0x560
[  300.583399]  #2: ff110000101305f8 (sb_internal){.+.+}-{0:0}, at: evict+0x371/0xae0
[  300.583944] 3 locks held by repro/715:
[  300.584215]  #0: ff11000010130408 (sb_writers#3){.+.+}-{0:0}, at: filename_rmdir+0x2e6/0x560
[  300.584816]  #1: ff11000021a803e0 (&type->i_mutex_dir_key#3/1){+.+.}-{4:4}, at: filename_rmdir+0x332/0x560
[  300.585501]  #2: ff110000101305f8 (sb_internal){.+.+}-{0:0}, at: evict+0x371/0xae0
[  300.586036] 3 locks held by repro/717:
[  300.586308]  #0: ff11000015270ef8 (&f->f_pos_lock){+.+.}-{4:4}, at: fdget_pos+0x2b5/0x390
[  300.586901]  #1: ff11000021a8d060 (&type->i_mutex_dir_key#3){++++}-{4:4}, at: iterate_dir+0x1a0/0xb00
[  300.587570]  #2: ff11000010130408 (sb_writers#3){.+.+}-{0:0}, at: iterate_dir+0x879/0xb00
[  300.588169] 3 locks held by repro/721:
[  300.588435]  #0: ff11000010130408 (sb_writers#3){.+.+}-{0:0}, at: filename_rmdir+0x2e6/0x560
[  300.589047]  #1: ff11000021a8a090 (&type->i_mutex_dir_key#3/1){+.+.}-{4:4}, at: filename_rmdir+0x332/0x560
[  300.589746]  #2: ff110000101305f8 (sb_internal){.+.+}-{0:0}, at: evict+0x371/0xae0
[  300.590296] 3 locks held by repro/722:
[  300.590575]  #0: ff110000159bf978 (&f->f_pos_lock){+.+.}-{4:4}, at: fdget_pos+0x2b5/0x390
[  300.591175]  #1: ff11000021a8d9f0 (&type->i_mutex_dir_key#3){++++}-{4:4}, at: iterate_dir+0x1a0/0xb00
[  300.591833]  #2: ff11000010130408 (sb_writers#3){.+.+}-{0:0}, at: iterate_dir+0x879/0xb00
[  300.592417] 3 locks held by repro/741:
[  300.592682]  #0: ff11000010130408 (sb_writers#3){.+.+}-{0:0}, at: filename_create+0x122/0x460
[  300.593294]  #1: ff11000021a90d70 (&type->i_mutex_dir_key#3/1){+.+.}-{4:4}, at: filename_create+0x1e6/0x460
[  300.593993]  #2: ff1100001011e950 (jbd2_handle){++++}-{0:0}, at: start_this_handle+0x1042/0x1550
[  300.594636] 4 locks held by kworker/u8:6/747:
[  300.594937]  #0: ff1100000bd2a148 ((wq_completion)writeback){+.+.}-{0:0}, at: process_one_work+0x1260/0x1ad0
[  300.595631]  #1: ff1100000da37ce8 ((work_completion)(&(&wb->dwork)->work)){+.+.}-{0:0}, at: process_one_work+0x89f/0x1ad0
[  300.596394]  #2: ff110000101300e0 (&type->s_umount_key#39){++++}-{4:4}, at: super_trylock_shared+0x2b/0x110
[  300.597091]  #3: ff1100001011ab98 (&sbi->s_writepages_rwsem){++++}-{0:0}, at: do_writepages+0x255/0x5b0
[  300.597761] 
[  300.597882] =============================================
[  300.597882] 
