c[?7l[2J[0mSeaBIOS (version rel-1.16.0-0-gd239552ce722-prebuilt.qemu.org)


iPXE (http://ipxe.org) 00:03.0 CA00 PCI2.10 PnP PMM+7FF91000+7FEF1000 CA00
Press Ctrl-B to configure iPXE (PCI 00:03.0)...                                                                               


Booting from ROM..c[?7l[2J[    0.000000] Linux version 6.16.0-be413ec746af+ (root@gnr-bkc) (gcc (GCC) 11.5.0 20240719 (Red Hat 11.5.0-14), GNU ld version 2.35.2-54.el9) #1 SMP PREEMPT_DYNAMIC Thu Mar 12 18:37:26 CST 2026
[    0.000000] Command line: console=ttyS0 root=/dev/sda earlyprintk=serial net.ifnames=0 thunderbolt.dyndbg
[    0.000000] KERNEL supported cpus:
[    0.000000]   Intel GenuineIntel
[    0.000000]   AMD AuthenticAMD
[    0.000000]   Hygon HygonGenuine
[    0.000000]   Centaur CentaurHauls
[    0.000000]   zhaoxin   Shanghai  
[    0.000000] x86/split lock detection: #DB: warning on user-space bus_locks
[    0.000000] BIOS-provided physical RAM map:
[    0.000000] BIOS-e820: [mem 0x0000000000000000-0x000000000009fbff] usable
[    0.000000] BIOS-e820: [mem 0x000000000009fc00-0x000000000009ffff] reserved
[    0.000000] BIOS-e820: [mem 0x00000000000f0000-0x00000000000fffff] reserved
[    0.000000] BIOS-e820: [mem 0x0000000000100000-0x000000007ffdffff] usable
[    0.000000] BIOS-e820: [mem 0x000000007ffe0000-0x000000007fffffff] reserved
[    0.000000] BIOS-e820: [mem 0x00000000feffc000-0x00000000feffffff] reserved
[    0.000000] BIOS-e820: [mem 0x00000000fffc0000-0x00000000ffffffff] reserved
[    0.000000] printk: legacy bootconsole [earlyser0] enabled
[    0.000000] NX (Execute Disable) protection: active
[    0.000000] APIC: Static calls initialized
[    0.000000] SMBIOS 2.8 present.
[    0.000000] DMI: QEMU Standard PC (i440FX + PIIX, 1996), BIOS rel-1.16.0-0-gd239552ce722-prebuilt.qemu.org 04/01/2014
[    0.000000] DMI: Memory slots populated: 1/1
[    0.000000] Hypervisor detected: KVM
[    0.000000] kvm-clock: Using msrs 4b564d01 and 4b564d00
[    0.000003] kvm-clock: using sched offset of 654997455 cycles
[    0.000519] clocksource: kvm-clock: mask: 0xffffffffffffffff max_cycles: 0x1cd42e4dffb, max_idle_ns: 881590591483 ns
[    0.002128] tsc: Detected 1700.000 MHz processor
[    0.010441] last_pfn = 0x7ffe0 max_arch_pfn = 0x10000000000
[    0.011035] MTRR map: 4 entries (3 fixed + 1 variable; max 19), built from 8 variable MTRRs
[    0.011869] x86/PAT: Configuration [0-7]: WB  WC  UC- UC  WB  WP  UC- WT  
[    0.017608] found SMP MP-table at [mem 0x000f5ba0-0x000f5baf]
[    0.018216] Using GB pages for direct mapping
[    0.020894] ACPI: Early table checksum verification disabled
[    0.021453] ACPI: RSDP 0x00000000000F59C0 000014 (v00 BOCHS )
[    0.022036] ACPI: RSDT 0x000000007FFE1951 000034 (v01 BOCHS  BXPC     00000001 BXPC 00000001)
[    0.022895] ACPI: FACP 0x000000007FFE17FD 000074 (v01 BOCHS  BXPC     00000001 BXPC 00000001)
[    0.023759] ACPI: DSDT 0x000000007FFE0040 0017BD (v01 BOCHS  BXPC     00000001 BXPC 00000001)
[    0.024611] ACPI: FACS 0x000000007FFE0000 000040
[    0.025083] ACPI: APIC 0x000000007FFE1871 000080 (v01 BOCHS  BXPC     00000001 BXPC 00000001)
[    0.025936] ACPI: HPET 0x000000007FFE18F1 000038 (v01 BOCHS  BXPC     00000001 BXPC 00000001)
[    0.026792] ACPI: WAET 0x000000007FFE1929 000028 (v01 BOCHS  BXPC     00000001 BXPC 00000001)
[    0.027638] ACPI: Reserving FACP table memory at [mem 0x7ffe17fd-0x7ffe1870]
[    0.028340] ACPI: Reserving DSDT table memory at [mem 0x7ffe0040-0x7ffe17fc]
[    0.029040] ACPI: Reserving FACS table memory at [mem 0x7ffe0000-0x7ffe003f]
[    0.029741] ACPI: Reserving APIC table memory at [mem 0x7ffe1871-0x7ffe18f0]
[    0.030436] ACPI: Reserving HPET table memory at [mem 0x7ffe18f1-0x7ffe1928]
[    0.031136] ACPI: Reserving WAET table memory at [mem 0x7ffe1929-0x7ffe1950]
[    0.032636] No NUMA configuration found
[    0.033029] Faking a node at [mem 0x0000000000000000-0x000000007ffdffff]
[    0.033748] NODE_DATA(0) allocated [mem 0x7ffb4e80-0x7ffdfc7f]
[    0.035348] Zone ranges:
[    0.035624]   DMA      [mem 0x0000000000001000-0x0000000000ffffff]
[    0.036242]   DMA32    [mem 0x0000000001000000-0x000000007ffdffff]
[    0.036860]   Normal   empty
[    0.037150]   Device   empty
[    0.037440] Movable zone start for each node
[    0.037881] Early memory node ranges
[    0.038230]   node   0: [mem 0x0000000000001000-0x000000000009efff]
[    0.038853]   node   0: [mem 0x0000000000100000-0x000000007ffdffff]
[    0.039472] Initmem setup node 0 [mem 0x0000000000001000-0x000000007ffdffff]
[    0.040467] On node 0, zone DMA: 1 pages in unavailable ranges
[    0.041225] On node 0, zone DMA: 97 pages in unavailable ranges
[    0.070448] On node 0, zone DMA32: 32 pages in unavailable ranges
[    0.123808] kasan: KernelAddressSanitizer initialized
[    0.124622] ACPI: PM-Timer IO Port: 0x608
[    0.125052] ACPI: LAPIC_NMI (acpi_id[0xff] dfl dfl lint[0x1])
[    0.125665] IOAPIC[0]: apic_id 0, version 17, address 0xfec00000, GSI 0-23
[    0.126358] ACPI: INT_SRC_OVR (bus 0 bus_irq 0 global_irq 2 dfl dfl)
[    0.126987] ACPI: INT_SRC_OVR (bus 0 bus_irq 5 global_irq 5 high level)
[    0.127633] ACPI: INT_SRC_OVR (bus 0 bus_irq 9 global_irq 9 high level)
[    0.128290] ACPI: INT_SRC_OVR (bus 0 bus_irq 10 global_irq 10 high level)
[    0.128958] ACPI: INT_SRC_OVR (bus 0 bus_irq 11 global_irq 11 high level)
[    0.129632] ACPI: Using ACPI (MADT) for SMP configuration information
[    0.130261] ACPI: HPET id: 0x8086a201 base: 0xfed00000
[    0.130776] TSC deadline timer available
[    0.131168] CPU topo: Max. logical packages:   1
[    0.131620] CPU topo: Max. logical dies:       1
[    0.132077] CPU topo: Max. dies per package:   1
[    0.132539] CPU topo: Max. threads per core:   1
[    0.132992] CPU topo: Num. cores per package:     2
[    0.133469] CPU topo: Num. threads per package:   2
[    0.133951] CPU topo: Allowing 2 present CPUs plus 0 hotplug CPUs
[    0.134605] kvm-guest: APIC: eoi() replaced with kvm_guest_apic_eoi_write()
[    0.135327] kvm-guest: KVM setup pv remote TLB flush
[    0.135821] kvm-guest: setup PV sched yield
[    0.136277] PM: hibernation: Registered nosave memory: [mem 0x00000000-0x00000fff]
[    0.137028] PM: hibernation: Registered nosave memory: [mem 0x0009f000-0x000fffff]
[    0.137781] [mem 0x80000000-0xfeffbfff] available for PCI devices
[    0.138382] Booting paravirtualized kernel on KVM
[    0.138855] clocksource: refined-jiffies: mask: 0xffffffff max_cycles: 0xffffffff, max_idle_ns: 7645519600211568 ns
[    0.139895] setup_percpu: NR_CPUS:8192 nr_cpumask_bits:2 nr_cpu_ids:2 nr_node_ids:1
[    0.141119] percpu: Embedded 80 pages/cpu s290816 r8192 d28672 u1048576
[    0.141963] kvm-guest: PV spinlocks enabled
[    0.142389] PV qspinlock hash table entries: 256 (order: 0, 4096 bytes, linear)
[    0.143127] Kernel command line: net.ifnames=0 console=ttyS0 root=/dev/sda earlyprintk=serial net.ifnames=0 thunderbolt.dyndbg
[    0.144523] random: crng init done
[    0.144868] printk: log buffer data + meta data: 262144 + 917504 = 1179648 bytes
[    0.146002] Dentry cache hash table entries: 262144 (order: 9, 2097152 bytes, linear)
[    0.146952] Inode-cache hash table entries: 131072 (order: 8, 1048576 bytes, linear)
[    0.147997] Fallback order for Node 0: 0 
[    0.148007] Built 1 zonelists, mobility grouping on.  Total pages: 524158
[    0.149049] Policy zone: DMA32
[    0.149349] mem auto-init: stack:off, heap alloc:off, heap free:off
[    0.149962] stackdepot: allocating hash table via alloc_large_system_hash
[    0.150617] stackdepot hash table entries: 1048576 (order: 12, 16777216 bytes, linear)
[    0.190048] SLUB: HWalign=64, Order=0-3, MinObjects=0, CPUs=2, Nodes=1
[    0.190678] kmemleak: Kernel memory leak detector disabled
[    0.225439] ftrace: allocating 74324 entries in 292 pages
[    0.225971] ftrace: allocated 292 pages with 3 groups
[    0.229956] Dynamic Preempt: voluntary
[    0.230687] Running RCU self tests
[    0.231017] Running RCU synchronous self tests
[    0.231439] rcu: Preemptible hierarchical RCU implementation.
[    0.231987] rcu: 	RCU lockdep checking is enabled.
[    0.232440] rcu: 	RCU restricting CPUs from NR_CPUS=8192 to nr_cpu_ids=2.
[    0.233088] 	Trampoline variant of Tasks RCU enabled.
[    0.233566] 	Rude variant of Tasks RCU enabled.
[    0.234000] 	Tracing variant of Tasks RCU enabled.
[    0.234454] rcu: RCU calculated value of scheduler-enlistment delay is 25 jiffies.
[    0.235174] rcu: Adjusting geometry for rcu_fanout_leaf=16, nr_cpu_ids=2
[    0.235861] Running RCU synchronous self tests
[    0.236283] RCU Tasks: Setting shift to 1 and lim to 1 rcu_task_cb_adjust=1 rcu_task_cpu_ids=2.
[    0.237119] RCU Tasks Rude: Setting shift to 1 and lim to 1 rcu_task_cb_adjust=1 rcu_task_cpu_ids=2.
[    0.237992] RCU Tasks Trace: Setting shift to 1 and lim to 1 rcu_task_cb_adjust=1 rcu_task_cpu_ids=2.
[    0.302477] NR_IRQS: 524544, nr_irqs: 440, preallocated irqs: 16
[    0.303555] rcu: srcu_init: Setting srcu_struct sizes based on contention.
[    0.313134] Console: colour VGA+ 80x25
[    0.313578] printk: legacy console [ttyS0] enabled
[    0.313578] printk: legacy console [ttyS0] enabled
[    0.314537] printk: legacy bootconsole [earlyser0] disabled
[    0.314537] printk: legacy bootconsole [earlyser0] disabled
[    0.315651] Lock dependency validator: Copyright (c) 2006 Red Hat, Inc., Ingo Molnar
[    0.316425] ... MAX_LOCKDEP_SUBCLASSES:  8
[    0.316848] ... MAX_LOCK_DEPTH:          48
[    0.317270] ... MAX_LOCKDEP_KEYS:        8192
[    0.317704] ... CLASSHASH_SIZE:          4096
[    0.318150] ... MAX_LOCKDEP_ENTRIES:     32768
[    0.318598] ... MAX_LOCKDEP_CHAINS:      65536
[    0.319039] ... CHAINHASH_SIZE:          32768
[    0.319479]  memory used by lock dependency info: 6429 kB
[    0.320014]  memory used for stack traces: 4224 kB
[    0.320485]  per task-struct memory footprint: 1920 bytes
[    0.321103] ACPI: Core revision 20250404
[    0.321874] clocksource: hpet: mask: 0xffffffff max_cycles: 0xffffffff, max_idle_ns: 19112604467 ns
[    0.322936] APIC: Switch to symmetric I/O mode setup
[    0.323615] x2apic enabled
[    0.324280] APIC: Switched APIC routing to: physical x2apic
[    0.324844] kvm-guest: APIC: send_IPI_mask() replaced with kvm_send_ipi_mask()
[    0.325564] kvm-guest: APIC: send_IPI_mask_allbutself() replaced with kvm_send_ipi_mask_allbutself()
[    0.326469] kvm-guest: setup PV IPIs
[    0.327952] ..TIMER: vector=0x30 apic1=0 pin1=2 apic2=-1 pin2=-1
[    0.328569] clocksource: tsc-early: mask: 0xffffffffffffffff max_cycles: 0x1881273ac8e, max_idle_ns: 440795257284 ns
[    0.329614] Calibrating delay loop (skipped) preset value.. 3400.00 BogoMIPS (lpj=6800000)
[    0.330580] x86/cpu: User Mode Instruction Prevention (UMIP) activated
[    0.333724] Last level iTLB entries: 4KB 0, 2MB 0, 4MB 0
[    0.334258] Last level dTLB entries: 4KB 0, 2MB 0, 4MB 0, 1GB 0
[    0.334860] mitigations: Enabled attack vectors: user_kernel, user_user, guest_host, guest_guest, SMT mitigations: auto
[    0.335958] Speculative Store Bypass: Mitigation: Speculative Store Bypass disabled via prctl
[    0.336790] Spectre V2 : Mitigation: Enhanced / Automatic IBRS
[    0.337607] ITS: Mitigation: Aligned branch/return thunks
[    0.338182] Spectre V1 : Mitigation: usercopy/swapgs barriers and __user pointer sanitization
[    0.339091] Spectre V2 : WARNING: Unprivileged eBPF is enabled with eIBRS on, data leaks possible via Spectre v2 BHB attacks!
[    0.340298] Spectre V2 : Spectre v2 / PBRSB-eIBRS: Retire a single CALL on VMEXIT
[    0.341114] Spectre V2 : mitigation: Enabling conditional Indirect Branch Prediction Barrier
[    0.341610] active return thunk: its_return_thunk
[    0.342155] Spectre V2 : Spectre BHI mitigation: SW BHB clearing on syscall and VM exit
[    0.343098] x86/fpu: Supporting XSAVE feature 0x001: 'x87 floating point registers'
[    0.344102] x86/fpu: Supporting XSAVE feature 0x002: 'SSE registers'
[    0.344950] x86/fpu: Supporting XSAVE feature 0x004: 'AVX registers'
[    0.345607] x86/fpu: Supporting XSAVE feature 0x020: 'AVX-512 opmask'
[    0.346466] x86/fpu: Supporting XSAVE feature 0x040: 'AVX-512 Hi256'
[    0.347314] x86/fpu: Supporting XSAVE feature 0x080: 'AVX-512 ZMM_Hi256'
[    0.348075] x86/fpu: Supporting XSAVE feature 0x200: 'Protection Keys User registers'
[    0.349606] x86/fpu: Supporting XSAVE feature 0x20000: 'AMX Tile config'
[    0.350338] x86/fpu: Supporting XSAVE feature 0x40000: 'AMX Tile data'
[    0.351044] x86/fpu: xstate_offset[2]:  576, xstate_sizes[2]:  256
[    0.351721] x86/fpu: xstate_offset[5]:  832, xstate_sizes[5]:   64
[    0.352348] x86/fpu: xstate_offset[6]:  896, xstate_sizes[6]:  512
[    0.352963] x86/fpu: xstate_offset[7]: 1408, xstate_sizes[7]: 1024
[    0.353606] x86/fpu: xstate_offset[9]: 2432, xstate_sizes[9]:    8
[    0.354223] x86/fpu: xstate_offset[17]: 2496, xstate_sizes[17]:   64
[    0.354861] x86/fpu: xstate_offset[18]: 2560, xstate_sizes[18]: 8192
[    0.355498] x86/fpu: Enabled xstate features 0x602e7, context size is 10752 bytes, using 'compacted' format.
[    0.519612] Freeing SMP alternatives memory: 60K
[    0.520137] pid_max: default: 32768 minimum: 301
[    0.520802] LSM: initializing lsm=capability,yama,ima,evm
[    0.521448] Yama: becoming mindful.
[    0.521998] Mount-cache hash table entries: 4096 (order: 3, 32768 bytes, linear)
[    0.522749] Mountpoint-cache hash table entries: 4096 (order: 3, 32768 bytes, linear)
[    0.524873] Running RCU synchronous self tests
[    0.525331] Running RCU synchronous self tests
[    0.525879] smpboot: CPU0: Intel(R) Xeon(R) Gold 6414TDX (family: 0x6, model: 0x8f, stepping: 0x6)
[    0.527491] Performance Events: PEBS fmt0-, Sapphire Rapids events, full-width counters, Intel PMU driver.
[    0.528559] ... version:                2
[    0.528956] ... bit width:              48
[    0.529371] ... generic registers:      8
[    0.529602] ... value mask:             0000ffffffffffff
[    0.529611] ... max period:             00007fffffffffff
[    0.530136] ... fixed-purpose events:   4
[    0.530536] ... event mask:             0000000f000000ff
[    0.531527] signal: max sigframe size: 11952
[    0.532098] rcu: Hierarchical SRCU implementation.
[    0.532586] rcu: 	Max phase no-delay instances is 1000.
[    0.533285] Timer migration: 1 hierarchy levels; 8 children per group; 1 crossnode level
[    0.546888] smp: Bringing up secondary CPUs ...
[    0.548200] smpboot: x86: Booting SMP configuration:
[    0.548728] .... node  #0, CPUs:      #1
[    0.549683] smp: Brought up 1 node, 2 CPUs
[    0.550507] smpboot: Total of 2 processors activated (6800.00 BogoMIPS)
[    0.551684] Memory: 1596552K/2096632K available (79396K kernel code, 15354K rwdata, 18404K rodata, 16136K init, 21448K bss, 488508K reserved, 0K cma-reserved)
[    0.553854] devtmpfs: initialized
[    0.554663] x86/mm: Memory block size: 128MB
[    0.565425] Running RCU synchronous self tests
[    0.565425] Running RCU synchronous self tests
[    0.566012] Running RCU Tasks wait API self tests
[    0.566159] Running RCU Tasks Rude wait API self tests
[    0.566159] Running RCU Tasks Trace wait API self tests
[    0.589616] clocksource: jiffies: mask: 0xffffffff max_cycles: 0xffffffff, max_idle_ns: 7645041785100000 ns
[    0.593648] posixtimers hash table entries: 1024 (order: 4, 73728 bytes, linear)
[    0.594459] futex hash table entries: 512 (65536 bytes on 1 NUMA nodes, total 64 KiB, linear).
[    0.595754] pinctrl core: initialized pinctrl subsystem
[    0.597501] 
[    0.597610] *************************************************************
[    0.598294] **     NOTICE NOTICE NOTICE NOTICE NOTICE NOTICE NOTICE    **
[    0.598965] **                                                         **
[    0.599639] **  IOMMU DebugFS SUPPORT HAS BEEN ENABLED IN THIS KERNEL  **
[    0.600318] **                                                         **
[    0.600993] ** This means that this kernel is built to expose internal **
[    0.601609] ** IOMMU data structures, which may compromise security on **
[    0.602295] ** your system.                                            **
[    0.602970] **                                                         **
[    0.603638] ** If you see this message and you are not debugging the   **
[    0.604312] ** kernel, report this immediately to your vendor!         **
[    0.604987] **                                                         **
[    0.605610] **     NOTICE NOTICE NOTICE NOTICE NOTICE NOTICE NOTICE    **
[    0.606295] *************************************************************
[    0.607055] PM: RTC time: 10:38:44, date: 2026-03-12
[    0.610218] NET: Registered PF_NETLINK/PF_ROUTE protocol family
[    0.612220] DMA: preallocated 256 KiB GFP_KERNEL pool for atomic allocations
[    0.612968] DMA: preallocated 256 KiB GFP_KERNEL|GFP_DMA pool for atomic allocations
[    0.613626] DMA: preallocated 256 KiB GFP_KERNEL|GFP_DMA32 pool for atomic allocations
[    0.614519] audit: initializing netlink subsys (disabled)
[    0.615102] audit: type=2000 audit(1773311924.539:1): state=initialized audit_enabled=0 res=1
[    0.615102] thermal_sys: Registered thermal governor 'fair_share'
[    0.615102] thermal_sys: Registered thermal governor 'bang_bang'
[    0.615102] thermal_sys: Registered thermal governor 'step_wise'
[    0.615660] thermal_sys: Registered thermal governor 'user_space'
[    0.617627] cpuidle: using governor ladder
[    0.618657] cpuidle: using governor menu
[    0.618657] acpiphp: ACPI Hot Plug PCI Controller Driver version: 0.5
[    0.620272] PCI: Using configuration type 1 for base access
[    0.621816] kprobes: kprobe jump-optimization is enabled. All kprobes are optimized if possible.
[    0.625617] Callback from call_rcu_tasks_trace() invoked.
[    0.626656] HugeTLB: allocation took 0ms with hugepage_allocation_threads=1
[    0.627388] HugeTLB: registered 1.00 GiB page size, pre-allocated 0 pages
[    0.628079] HugeTLB: 16380 KiB vmemmap can be freed for a 1.00 GiB page
[    0.628752] HugeTLB: registered 2.00 MiB page size, pre-allocated 0 pages
[    0.629432] HugeTLB: 28 KiB vmemmap can be freed for a 2.00 MiB page
[    0.815989] ACPI: Added _OSI(Module Device)
[    0.816420] ACPI: Added _OSI(Processor Device)
[    0.816862] ACPI: Added _OSI(Processor Aggregator Device)
[    0.829804] ACPI: 1 ACPI AML tables successfully acquired and loaded
[    0.845386] ACPI: Interpreter enabled
[    0.845386] ACPI: PM: (supports S0 S3 S4 S5)
[    0.845615] ACPI: Using IOAPIC for interrupt routing
[    0.846212] PCI: Using host bridge windows from ACPI; if necessary, use "pci=nocrs" and report a bug
[    0.847118] PCI: Using E820 reservations for host bridge windows
[    0.848770] ACPI: Enabled 2 GPEs in block 00 to 0F
[    0.883501] ACPI: PCI Root Bridge [PCI0] (domain 0000 [bus 00-ff])
[    0.884156] acpi PNP0A03:00: _OSC: OS supports [ASPM ClockPM Segments MSI EDR HPX-Type3]
[    0.884968] acpi PNP0A03:00: _OSC: not requesting OS control; OS requires [ExtendedConfig ASPM ClockPM MSI]
[    0.885738] acpi PNP0A03:00: fail to add MMCONFIG information, can't access extended configuration space under this bridge
[    0.891192] acpiphp: Slot [3] registered
[    0.891719] acpiphp: Slot [4] registered
[    0.892249] acpiphp: Slot [5] registered
[    0.892771] acpiphp: Slot [6] registered
[    0.893320] acpiphp: Slot [7] registered
[    0.893730] acpiphp: Slot [8] registered
[    0.894249] acpiphp: Slot [9] registered
[    0.894774] acpiphp: Slot [10] registered
[    0.895307] acpiphp: Slot [11] registered
[    0.895835] acpiphp: Slot [12] registered
[    0.896365] acpiphp: Slot [13] registered
[    0.896892] acpiphp: Slot [14] registered
[    0.897424] acpiphp: Slot [15] registered
[    0.897748] acpiphp: Slot [16] registered
[    0.898278] acpiphp: Slot [17] registered
[    0.898809] acpiphp: Slot [18] registered
[    0.899343] acpiphp: Slot [19] registered
[    0.899872] acpiphp: Slot [20] registered
[    0.900406] acpiphp: Slot [21] registered
[    0.900940] acpiphp: Slot [22] registered
[    0.901479] acpiphp: Slot [23] registered
[    0.901733] acpiphp: Slot [24] registered
[    0.902264] acpiphp: Slot [25] registered
[    0.902801] acpiphp: Slot [26] registered
[    0.903326] acpiphp: Slot [27] registered
[    0.903855] acpiphp: Slot [28] registered
[    0.904388] acpiphp: Slot [29] registered
[    0.904919] acpiphp: Slot [30] registered
[    0.905449] acpiphp: Slot [31] registered
[    0.909670] PCI host bridge to bus 0000:00
[    0.910127] pci_bus 0000:00: root bus resource [io  0x0000-0x0cf7 window]
[    0.910808] pci_bus 0000:00: root bus resource [io  0x0d00-0xffff window]
[    0.911485] pci_bus 0000:00: root bus resource [mem 0x000a0000-0x000bffff window]
[    0.912228] pci_bus 0000:00: root bus resource [mem 0x80000000-0xfebfffff window]
[    0.912972] pci_bus 0000:00: root bus resource [mem 0x100000000-0x17fffffff window]
[    0.913611] pci_bus 0000:00: root bus resource [bus 00-ff]
[    0.914259] pci 0000:00:00.0: [8086:1237] type 00 class 0x060000 conventional PCI endpoint
[    0.923143] pci 0000:00:01.0: [8086:7000] type 00 class 0x060100 conventional PCI endpoint
[    0.925259] pci 0000:00:01.1: [8086:7010] type 00 class 0x010180 conventional PCI endpoint
[    0.926185] pci 0000:00:01.1: BAR 4 [io  0xc040-0xc04f]
[    0.926748] pci 0000:00:01.1: BAR 0 [io  0x01f0-0x01f7]: legacy IDE quirk
[    0.927423] pci 0000:00:01.1: BAR 1 [io  0x03f6]: legacy IDE quirk
[    0.928039] pci 0000:00:01.1: BAR 2 [io  0x0170-0x0177]: legacy IDE quirk
[    0.928714] pci 0000:00:01.1: BAR 3 [io  0x0376]: legacy IDE quirk
[    0.929852] pci 0000:00:01.3: [8086:7113] type 00 class 0x068000 conventional PCI endpoint
[    0.931005] pci 0000:00:01.3: quirk: [io  0x0600-0x063f] claimed by PIIX4 ACPI
[    0.931732] pci 0000:00:01.3: quirk: [io  0x0700-0x070f] claimed by PIIX4 SMB
[    0.932971] pci 0000:00:02.0: [1234:1111] type 00 class 0x030000 conventional PCI endpoint
[    0.934671] pci 0000:00:02.0: BAR 0 [mem 0xfd000000-0xfdffffff pref]
[    0.935341] pci 0000:00:02.0: BAR 2 [mem 0xfebf0000-0xfebf0fff]
[    0.935961] pci 0000:00:02.0: ROM [mem 0xfebe0000-0xfebeffff pref]
[    0.936665] pci 0000:00:02.0: Video device with shadowed ROM at [mem 0x000c0000-0x000dffff]
[    0.944857] pci 0000:00:03.0: [8086:100e] type 00 class 0x020000 conventional PCI endpoint
[    0.946490] pci 0000:00:03.0: BAR 0 [mem 0xfebc0000-0xfebdffff]
[    0.947109] pci 0000:00:03.0: BAR 1 [io  0xc000-0xc03f]
[    0.947668] pci 0000:00:03.0: ROM [mem 0xfeb80000-0xfebbffff pref]
[    0.968382] ACPI: PCI: Interrupt link LNKA configured for IRQ 10
[    0.969817] ACPI: PCI: Interrupt link LNKB configured for IRQ 10
[    0.971181] ACPI: PCI: Interrupt link LNKC configured for IRQ 11
[    0.972557] ACPI: PCI: Interrupt link LNKD configured for IRQ 11
[    0.973492] ACPI: PCI: Interrupt link LNKS configured for IRQ 9
[    0.977602] iommu: Default domain type: Translated
[    0.977602] iommu: DMA domain TLB invalidation policy: lazy mode
[    0.979834] SCSI subsystem initialized
[    0.981683] ACPI: bus type USB registered
[    0.981802] usbcore: registered new interface driver usbfs
[    0.982448] usbcore: registered new interface driver hub
[    0.983039] usbcore: registered new device driver usb
[    0.983839] pps_core: LinuxPPS API ver. 1 registered
[    0.984342] pps_core: Software ver. 5.3.6 - Copyright 2005-2007 Rodolfo Giometti <giometti@linux.it>
[    0.985264] PTP clock support registered
[    0.986232] EDAC MC: Ver: 3.0.0
[    0.988989] NetLabel: Initializing
[    0.989354] NetLabel:  domain hash size = 128
[    0.989614] NetLabel:  protocols = UNLABELED CIPSOv4 CALIPSO
[    0.990300] NetLabel:  unlabeled traffic allowed by default
[    0.991310] PCI: Using ACPI for IRQ routing
[    0.992092] pci 0000:00:02.0: vgaarb: setting as boot VGA device
[    0.992708] pci 0000:00:02.0: vgaarb: bridge control possible
[    0.993279] pci 0000:00:02.0: vgaarb: VGA device added: decodes=io+mem,owns=io+mem,locks=none
[    0.993609] vgaarb: loaded
[    0.994617] hpet0: at MMIO 0xfed00000, IRQs 2, 8, 0
[    0.995141] hpet0: 3 comparators, 64-bit 100.000000 MHz counter
[    0.999461] clocksource: Switched to clocksource kvm-clock
[    3.467349] VFS: Disk quotas dquot_6.6.0
[    3.467823] VFS: Dquot-cache hash table entries: 512 (order 0, 4096 bytes)
[    3.469597] pnp: PnP ACPI init
[    3.473433] Callback from call_rcu_tasks() invoked.
[    3.473483] pnp: PnP ACPI: found 6 devices
[    3.494527] clocksource: acpi_pm: mask: 0xffffff max_cycles: 0xffffff, max_idle_ns: 2085701024 ns
[    3.495858] NET: Registered PF_INET protocol family
[    3.496483] IP idents hash table entries: 32768 (order: 6, 262144 bytes, linear)
[    3.498613] tcp_listen_portaddr_hash hash table entries: 1024 (order: 4, 73728 bytes, linear)
[    3.499497] Table-perturb hash table entries: 65536 (order: 6, 262144 bytes, linear)
[    3.500321] TCP established hash table entries: 16384 (order: 5, 131072 bytes, linear)
[    3.501738] TCP bind hash table entries: 16384 (order: 9, 2359296 bytes, linear)
[    3.503633] TCP: Hash tables configured (established 16384 bind 16384)
[    3.504401] UDP hash table entries: 1024 (order: 6, 262144 bytes, linear)
[    3.505179] UDP-Lite hash table entries: 1024 (order: 6, 262144 bytes, linear)
[    3.506282] NET: Registered PF_UNIX/PF_LOCAL protocol family
[    3.507614] RPC: Registered named UNIX socket transport module.
[    3.508226] RPC: Registered udp transport module.
[    3.508693] RPC: Registered tcp transport module.
[    3.509166] RPC: Registered tcp-with-tls transport module.
[    3.509732] RPC: Registered tcp NFSv4.1 backchannel transport module.
[    3.510393] pci_bus 0000:00: resource 4 [io  0x0000-0x0cf7 window]
[    3.511009] pci_bus 0000:00: resource 5 [io  0x0d00-0xffff window]
[    3.511630] pci_bus 0000:00: resource 6 [mem 0x000a0000-0x000bffff window]
[    3.512314] pci_bus 0000:00: resource 7 [mem 0x80000000-0xfebfffff window]
[    3.512994] pci_bus 0000:00: resource 8 [mem 0x100000000-0x17fffffff window]
[    3.514022] pci 0000:00:01.0: PIIX3: Enabling Passive Release
[    3.514610] pci 0000:00:00.0: Limiting direct PCI/PCI transfers
[    3.515298] PCI: CLS 0 bytes, default 64
[    3.515788] ACPI: bus type thunderbolt registered
[    3.516648] clocksource: tsc: mask: 0xffffffffffffffff max_cycles: 0x1881273ac8e, max_idle_ns: 440795257284 ns
[    3.517756] sgx: There are zero EPC sections.
[    3.524244] Initialise system trusted keyrings
[    3.524815] Key type blacklist registered
[    3.525452] workingset: timestamp_bits=36 max_order=19 bucket_order=0
[    3.527860] squashfs: version 4.0 (2009/01/31) Phillip Lougher
[    3.529767] NFS: Registering the id_resolver key type
[    3.530309] Key type id_resolver registered
[    3.530729] Key type id_legacy registered
[    3.531174] nfs4filelayout_init: NFSv4 File Layout Driver Registering...
[    3.531865] nfs4flexfilelayout_init: NFSv4 Flexfile Layout Driver Registering...
[    3.532866] fuse: init (API version 7.44)
[    3.533868] SGI XFS with ACLs, security attributes, realtime, quota, no debug enabled
[    3.535799] 9p: Installing v9fs 9p2000 file system support
[    3.551360] Key type asymmetric registered
[    3.551790] Asymmetric key parser 'x509' registered
[    3.552395] Block layer SCSI generic (bsg) driver version 0.4 loaded (major 241)
[    3.553309] io scheduler mq-deadline registered
[    3.553879] io scheduler bfq registered
[    3.554639] ledtrig-cpu: registered to indicate activity on CPUs
[    3.556541] IPMI message handler: version 39.2
[    3.557061] ipmi device interface
[    3.559279] input: Power Button as /devices/LNXSYSTM:00/LNXPWRBN:00/input/input0
[    3.560851] ACPI: button: Power Button [PWRF]
[    3.562948] ERST DBG: ERST support is disabled.
[    3.564677] Serial: 8250/16550 driver, 32 ports, IRQ sharing enabled
[    3.566424] 00:04: ttyS0 at I/O 0x3f8 (irq = 4, base_baud = 115200) is a 16550A
[    3.593610] Linux agpgart interface v0.103
[    3.596234] ACPI: bus type drm_connector registered
[    3.619253] brd: module loaded
[    3.631394] loop: module loaded
[    3.640492] scsi host0: ata_piix
[    3.641907] scsi host1: ata_piix
[    3.642697] ata1: PATA max MWDMA2 cmd 0x1f0 ctl 0x3f6 bmdma 0xc040 irq 14 lpm-pol 0
[    3.643479] ata2: PATA max MWDMA2 cmd 0x170 ctl 0x376 bmdma 0xc048 irq 15 lpm-pol 0
[    3.647095] tun: Universal TUN/TAP device driver, 1.6
[    3.647962] e100: Intel(R) PRO/100 Network Driver
[    3.648451] e100: Copyright(c) 1999-2006 Intel Corporation
[    3.649111] e1000: Intel(R) PRO/1000 Network Driver
[    3.649623] e1000: Copyright (c) 1999-2006 Intel Corporation.
[    3.797519] ata2: found unknown device (class 0)
[    3.798581] ata2.00: ATAPI: QEMU DVD-ROM, 2.5+, max UDMA/100
[    3.799875] ata1: found unknown device (class 0)
[    3.800875] ata1.00: ATA-7: QEMU HARDDISK, 2.5+, max UDMA/100
[    3.801490] ata1.00: 17196647 sectors, multi 16: LBA48 
[    3.803073] scsi 0:0:0:0: Direct-Access     ATA      QEMU HARDDISK    2.5+ PQ: 0 ANSI: 5
[    3.809655] sd 0:0:0:0: Attached scsi generic sg0 type 0
[    3.809918] sd 0:0:0:0: [sda] 17196647 512-byte logical blocks: (8.80 GB/8.20 GiB)
[    3.811160] sd 0:0:0:0: [sda] Write Protect is off
[    3.811206] scsi 1:0:0:0: CD-ROM            QEMU     QEMU DVD-ROM     2.5+ PQ: 0 ANSI: 5
[    3.812589] sd 0:0:0:0: [sda] Write cache: enabled, read cache: enabled, doesn't support DPO or FUA
[    3.813658] sd 0:0:0:0: [sda] Preferred minimum I/O size 512 bytes
[    3.835721] sd 0:0:0:0: [sda] Attached SCSI disk
[    3.836287] scsi 1:0:0:0: Attached scsi generic sg1 type 5
[    4.264791] ACPI: \_SB_.LNKC: Enabled at IRQ 11
[    4.581859] e1000 0000:00:03.0 eth0: (PCI:33MHz:32-bit) 52:54:00:12:34:56
[    4.582571] e1000 0000:00:03.0 eth0: Intel(R) PRO/1000 Network Connection
[    4.583427] e1000e: Intel(R) PRO/1000 Network Driver
[    4.583928] e1000e: Copyright(c) 1999 - 2015 Intel Corporation.
[    4.584659] igb: Intel(R) Gigabit Ethernet Network Driver
[    4.585205] igb: Copyright (c) 2007-2014 Intel Corporation.
[    4.586133] PPP generic driver version 2.4.2
[    4.587583] VFIO - User Level meta-driver version: 0.3
[    4.589179] usbcore: registered new interface driver uas
[    4.589870] usbcore: registered new interface driver usb-storage
[    4.590723] i8042: PNP: PS/2 Controller [PNP0303:KBD,PNP0f13:MOU] at 0x60,0x64 irq 1,12
[    4.592463] serio: i8042 KBD port at 0x60,0x64 irq 1
[    4.593020] serio: i8042 AUX port at 0x60,0x64 irq 12
[    4.594799] mousedev: PS/2 mouse device common for all mice
[    4.596508] input: AT Translated Set 2 keyboard as /devices/platform/i8042/serio0/input/input1
[    4.598247] rtc_cmos 00:05: RTC can wake from S4
[    4.599540] input: VirtualPS/2 VMware VMMouse as /devices/platform/i8042/serio1/input/input4
[    4.600565] rtc_cmos 00:05: registered as rtc0
[    4.601202] rtc_cmos 00:05: setting system clock to 2026-03-12T10:38:48 UTC (1773311928)
[    4.602527] rtc_cmos 00:05: alarms up to one day, y3k, 242 bytes nvram, hpet irqs
[    4.602622] input: VirtualPS/2 VMware VMMouse as /devices/platform/i8042/serio1/input/input3
[    4.603356] i2c_dev: i2c /dev entries driver
[    4.604662] device-mapper: core: CONFIG_IMA_DISABLE_HTABLE is disabled. Duplicate IMA measurements will not be recorded in the IMA log.
[    4.605939] device-mapper: uevent: version 1.0.3
[    4.606803] device-mapper: ioctl: 4.50.0-ioctl (2025-04-28) initialised: dm-devel@lists.linux.dev
[    4.607718] intel_pstate: CPU model not supported
[    4.608432] sdhci: Secure Digital Host Controller Interface driver
[    4.609056] sdhci: Copyright(c) Pierre Ossman
[    4.609688] sdhci-pltfm: SDHCI platform and OF driver helper
[    4.611136] drop_monitor: Initializing network drop monitor service
[    4.612156] NET: Registered PF_INET6 protocol family
[    4.614135] Segment Routing with IPv6
[    4.614571] In-situ OAM (IOAM) with IPv6
[    4.615093] NET: Registered PF_PACKET protocol family
[    4.615810] 9pnet: Installing 9P2000 support
[    4.616353] Key type dns_resolver registered
[    4.618324] IPI shorthand broadcast: enabled
[    4.670543] sched_clock: Marking stable (4648004332, 21354901)->(4671023373, -1664140)
[    4.672073] registered taskstats version 1
[    4.672833] Loading compiled-in X.509 certificates
[    4.745048] Demotion targets for Node 0: null
[    4.746555] Key type .fscrypt registered
[    4.746958] Key type fscrypt-provisioning registered
[    4.749338] Key type encrypted registered
[    4.749840] ima: No TPM chip found, activating TPM-bypass!
[    4.750425] ima: Allocated hash algorithm: sha1
[    4.750929] ima: No architecture policies found
[    4.751504] evm: Initialising EVM extended attributes:
[    4.752027] evm: security.selinux
[    4.752369] evm: security.SMACK64
[    4.752706] evm: security.SMACK64EXEC
[    4.753083] evm: security.SMACK64TRANSMUTE
[    4.753512] evm: security.SMACK64MMAP
[    4.753882] evm: security.apparmor
[    4.754231] evm: security.ima
[    4.754535] evm: security.capability
[    4.754899] evm: HMAC attrs: 0x1
[    4.756971] PM:   Magic number: 2:523:628
[    4.758132] RAS: Correctable Errors collector initialized.
[    4.758886] clk: Disabling unused clocks
[    4.760140] md: Waiting for all devices to be available before autodetect
[    4.760589] md: If you don't use raid, use raid=noautodetect
[    4.760964] md: Autodetecting RAID arrays.
[    4.761257] md: autorun ...
[    4.761501] md: ... autorun DONE.
[    4.766888] EXT4-fs (sda): INFO: recovery required on readonly filesystem
[    4.767370] EXT4-fs (sda): write access will be enabled during recovery
[    4.914919] EXT4-fs (sda): recovery complete
[    4.916407] EXT4-fs (sda): mounted filesystem 088740a9-c8b4-422c-999d-a804eb68a4da ro with ordered data mode. Quota mode: none.
[    4.917234] VFS: Mounted root (ext4 filesystem) readonly on device 8:0.
[    4.919139] devtmpfs: mounted
[    4.939042] Freeing unused decrypted memory: 2028K
[    4.944616] Freeing unused kernel image (initmem) memory: 16136K
[    4.945248] Write protecting the kernel read-only data: 98304k
[    4.947293] Freeing unused kernel image (text/rodata gap) memory: 472K
[    4.947819] Freeing unused kernel image (rodata/data gap) memory: 28K
[    6.030429] x86/mm: Checked W+X mappings: passed, no W+X pages found.
[    6.030924] Run /sbin/init as init process
[    6.136425] systemd[1]: systemd 252-15.el9 running in system mode (+PAM +AUDIT +SELINUX -APPARMOR +IMA +SMACK +SECCOMP +GCRYPT +GNUTLS +OPENSSL +ACL +BLKID +CURL +ELFUTILS -FIDO2 +IDN2 -IDN -IPTC +KMOD +LIBCRYPTSETUP +LIBFDISK +PCRE2 -PWQUALITY +P11KIT -QRENCODE +TPM2 +BZIP2 +LZ4 +XZ +ZLIB +ZSTD -BPF_FRAMEWORK +XKBCOMMON +UTMP +SYSVINIT default-hierarchy=unified)
[    6.138577] systemd[1]: Detected virtualization kvm.
[    6.138928] systemd[1]: Detected architecture x86-64.

Welcome to [0;31mCentOS Stream 9[0m!

[    6.143754] systemd[1]: Hostname set to <test>.
[    6.296169] systemd-rc-local-generator[115]: /etc/rc.d/rc.local is not marked executable, skipping.
[    6.594700] systemd[1]: Queued start job for default target Multi-User System.
[    6.619962] systemd[1]: Created slice Virtual Machine and Container Slice.
[[0;32m  OK  [0m] Created slice [0;1;39mVirtual Machine and Container Slice[0m.
[    6.625426] systemd[1]: Created slice Slice /system/getty.
[[0;32m  OK  [0m] Created slice [0;1;39mSlice /system/getty[0m.
[    6.628320] systemd[1]: Created slice Slice /system/modprobe.
[[0;32m  OK  [0m] Created slice [0;1;39mSlice /system/modprobe[0m.
[    6.631249] systemd[1]: Created slice Slice /system/serial-getty.
[[0;32m  OK  [0m] Created slice [0;1;39mSlice /system/serial-getty[0m.
[    6.634182] systemd[1]: Created slice Slice /system/sshd-keygen.
[[0;32m  OK  [0m] Created slice [0;1;39mSlice /system/sshd-keygen[0m.
[    6.636902] systemd[1]: Created slice User and Session Slice.
[[0;32m  OK  [0m] Created slice [0;1;39mUser and Session Slice[0m.
[    6.638388] systemd[1]: Started Forward Password Requests to Wall Directory Watch.
[[0;32m  OK  [0m] Started [0;1;39mForward Password R…uests to Wall Directory Watch[0m.
[    6.640566] systemd[1]: Set up automount Arbitrary Executable File Formats File System Automount Point.
[[0;32m  OK  [0m] Set up automount [0;1;39mArbitrary…s File System Automount Point[0m.
[    6.642176] systemd[1]: Reached target Local Integrity Protected Volumes.
[[0;32m  OK  [0m] Reached target [0;1;39mLocal Integrity Protected Volumes[0m.
[    6.643401] systemd[1]: Reached target Slice Units.
[[0;32m  OK  [0m] Reached target [0;1;39mSlice Units[0m.
[    6.644330] systemd[1]: Reached target Swaps.
[[0;32m  OK  [0m] Reached target [0;1;39mSwaps[0m.
[    6.645180] systemd[1]: Reached target Local Verity Protected Volumes.
[[0;32m  OK  [0m] Reached target [0;1;39mLocal Verity Protected Volumes[0m.
[    6.646658] systemd[1]: Listening on Device-mapper event daemon FIFOs.
[[0;32m  OK  [0m] Listening on [0;1;39mDevice-mapper event daemon FIFOs[0m.
[    6.648429] systemd[1]: Listening on LVM2 poll daemon socket.
[[0;32m  OK  [0m] Listening on [0;1;39mLVM2 poll daemon socket[0m.
[    6.649675] systemd[1]: multipathd control socket was skipped because of an unmet condition check (ConditionPathExists=/etc/multipath.conf).
[    6.677783] systemd[1]: Listening on RPCbind Server Activation Socket.
[[0;32m  OK  [0m] Listening on [0;1;39mRPCbind Server Activation Socket[0m.
[    6.679071] systemd[1]: Reached target RPC Port Mapper.
[[0;32m  OK  [0m] Reached target [0;1;39mRPC Port Mapper[0m.
[    6.682159] systemd[1]: Listening on Process Core Dump Socket.
[[0;32m  OK  [0m] Listening on [0;1;39mProcess Core Dump Socket[0m.
[    6.683643] systemd[1]: Listening on initctl Compatibility Named Pipe.
[[0;32m  OK  [0m] Listening on [0;1;39minitctl Compatibility Named Pipe[0m.
[    6.685447] systemd[1]: Listening on Journal Socket (/dev/log).
[[0;32m  OK  [0m] Listening on [0;1;39mJournal Socket (/dev/log)[0m.
[    6.687153] systemd[1]: Listening on Journal Socket.
[[0;32m  OK  [0m] Listening on [0;1;39mJournal Socket[0m.
[    6.688761] systemd[1]: Listening on udev Control Socket.
[[0;32m  OK  [0m] Listening on [0;1;39mudev Control Socket[0m.
[    6.690218] systemd[1]: Listening on udev Kernel Socket.
[[0;32m  OK  [0m] Listening on [0;1;39mudev Kernel Socket[0m.
[    6.696665] systemd[1]: Mounting Huge Pages File System...
         Mounting [0;1;39mHuge Pages File System[0m...
[    6.703405] systemd[1]: Mounting POSIX Message Queue File System...
         Mounting [0;1;39mPOSIX Message Queue File System[0m...
[    6.711307] systemd[1]: Mounting Kernel Debug File System...
         Mounting [0;1;39mKernel Debug File System[0m...
[    6.725937] systemd[1]: Mounting Kernel Trace File System...
         Mounting [0;1;39mKernel Trace File System[0m...
[    6.727192] systemd[1]: Kernel Module supporting RPCSEC_GSS was skipped because of an unmet condition check (ConditionPathExists=/etc/krb5.keytab).
[    6.728178] systemd[1]: Create List of Static Device Nodes was skipped because of an unmet condition check (ConditionFileNotEmpty=/lib/modules/6.16.0-be413ec746af+/modules.devname).
[    6.733903] systemd[1]: Starting Monitoring of LVM2 mirrors, snapshots etc. using dmeventd or progress polling...
         Starting [0;1;39mMonitoring of LVM…meventd or progress polling[0m...
[    6.741069] systemd[1]: Starting Load Kernel Module configfs...
         Starting [0;1;39mLoad Kernel Module configfs[0m...
[    6.765964] systemd[1]: Starting Load Kernel Module drm...
         Starting [0;1;39mLoad Kernel Module drm[0m...
[    6.773184] systemd[1]: Starting Load Kernel Module fuse...
         Starting [0;1;39mLoad Kernel Module fuse[0m...
[    6.786516] systemd[1]: Starting Read and set NIS domainname from /etc/sysconfig/network...
         Starting [0;1;39mRead and set NIS …from /etc/sysconfig/network[0m...
[    6.799003] systemd[1]: Starting Journal Service...
         Starting [0;1;39mJournal Service[0m...
[    6.829988] systemd[1]: Starting Load Kernel Modules...
         Starting [0;1;39mLoad Kernel Modules[0m...
[    6.848538] systemd[1]: Starting Generate network units from Kernel command line...
         Starting [0;1;39mGenerate network …ts from Kernel command line[0m...
[    6.881831] systemd[1]: Starting Remount Root and Kernel File Systems...
         Starting [0;1;39mRemount Root and Kernel File Systems[0m...
[    6.883594] systemd[1]: Repartition Root Disk was skipped because no trigger condition checks were met.
[    6.898299] systemd[1]: Starting Coldplug All udev Devices...
         Starting [0;1;39mColdplug All udev Devices[0m...
[    6.909343] systemd[1]: Mounted Huge Pages File System.
[[0;32m  OK  [0m] Mounted [0;1;39mHuge Pages File System[0m.
[    6.919015] systemd[1]: Mounted POSIX Message Queue File System.
[[0;32m  OK  [0m] Mounted [0;1;39mPOSIX Message Queue File System[0m.
[    6.930025] systemd[1]: Mounted Kernel Debug File System.
[[0;32m  OK  [0m] Mounted [0;1;39mKernel Debug File System[0m.
[    6.931548] systemd[1]: Mounted Kernel Trace File System.
[[0;32m  OK  [0m] Mounted [0;1;39mKernel Trace File System[0m.
[    6.934048] systemd[1]: Started Journal Service.
[[0;32m  OK  [0m] Started [0;1;39mJournal Service[0m.
[[0;32m  OK  [0m] Finished [0;1;39mMonitoring of LVM… dmeventd or progress polling[0m.
[[0;32m  OK  [0m] Finished [0;1;39mLoad Kernel Module configfs[0m.
[    6.956426] EXT4-fs (sda): re-mounted 088740a9-c8b4-422c-999d-a804eb68a4da r/w.
[[0;32m  OK  [0m] Finished [0;1;39mLoad Kernel Module drm[0m.
[[0;32m  OK  [0m] Finished [0;1;39mLoad Kernel Module fuse[0m.
[[0;32m  OK  [0m] Finished [0;1;39mRead and set NIS …e from /etc/sysconfig/network[0m.
[[0;1;31mFAILED[0m] Failed to start [0;1;39mLoad Kernel Modules[0m.
See 'systemctl status systemd-modules-load.service' for details.
[[0;32m  OK  [0m] Finished [0;1;39mGenerate network units from Kernel command line[0m.
[[0;32m  OK  [0m] Finished [0;1;39mRemount Root and Kernel File Systems[0m.
[[0;32m  OK  [0m] Reached target [0;1;39mPreparation for Network[0m.
         Mounting [0;1;39mFUSE Control File System[0m...
         Mounting [0;1;39mKernel Configuration File System[0m...
         Starting [0;1;39mFlush Journal to Persistent Storage[0m...
[    7.051559] systemd-journald[141]: Received client request to flush runtime journal.
         Starting [0;1;39mLoad/Save Random Seed[0m...
         Starting [0;1;39mApply Kernel Variables[0m...
         Starting [0;1;39mCreate Static Device Nodes in /dev[0m...
         Starting [0;1;39mSetup Virtual Console[0m...
[[0;32m  OK  [0m] Mounted [0;1;39mFUSE Control File System[0m.
[[0;32m  OK  [0m] Mounted [0;1;39mKernel Configuration File System[0m.
[[0;32m  OK  [0m] Finished [0;1;39mFlush Journal to Persistent Storage[0m.
[[0;32m  OK  [0m] Finished [0;1;39mLoad/Save Random Seed[0m.
[[0;32m  OK  [0m] Finished [0;1;39mApply Kernel Variables[0m.
[[0;32m  OK  [0m] Finished [0;1;39mCreate Static Device Nodes in /dev[0m.
         Starting [0;1;39mRule-based Manage…for Device Events and Files[0m...
[[0;32m  OK  [0m] Started [0;1;39mRule-based Manager for Device Events and Files[0m.
         Starting [0;1;39mAuto-connect to s…E devices found during boot[0m...
[[0;32m  OK  [0m] Finished [0;1;39mSetup Virtual Console[0m.
[[0;32m  OK  [0m] Finished [0;1;39mAuto-connect to s…VME devices found during boot[0m.
[[0;32m  OK  [0m] Finished [0;1;39mColdplug All udev Devices[0m.
         Starting [0;1;39mShow Plymouth Boot Screen[0m...
         Starting [0;1;39mWait for udev To …plete Device Initialization[0m...
[2J[3J[-1;-1f[[0;32m  OK  [0m] Started [0;1;39mShow Plymouth Boot Screen[0m.
[[0;32m  OK  [0m] Started [0;1;39mForward Password R…s to Plymouth Directory Watch[0m.
[[0;32m  OK  [0m] Reached target [0;1;39mLocal Encrypted Volumes[0m.
[[0;32m  OK  [0m] Reached target [0;1;39mPath Units[0m.
[[0;32m  OK  [0m] Found device [0;1;39m/dev/ttyS0[0m.
[[0;32m  OK  [0m] Listening on [0;1;39mLoad/Save RF …itch Status /dev/rfkill Watch[0m.
[[0;32m  OK  [0m] Finished [0;1;39mWait for udev To Complete Device Initialization[0m.
[[0;32m  OK  [0m] Reached target [0;1;39mPreparation for Local File Systems[0m.
[[0;32m  OK  [0m] Reached target [0;1;39mLocal File Systems[0m.
         Starting [0;1;39mTell Plymouth To Write Out Runtime Data[0m...
         Starting [0;1;39mAutomatic Boot Loader Update[0m...
         Starting [0;1;39mCreate Volatile Files and Directories[0m...
[[0;32m  OK  [0m] Finished [0;1;39mTell Plymouth To Write Out Runtime Data[0m.
[[0;32m  OK  [0m] Finished [0;1;39mAutomatic Boot Loader Update[0m.
[[0;32m  OK  [0m] Finished [0;1;39mCreate Volatile Files and Directories[0m.
         Mounting [0;1;39mRPC Pipe File System[0m...
         Starting [0;1;39mSecurity Auditing Service[0m...
         Starting [0;1;39mRPC Bind[0m...
[[0;32m  OK  [0m] Mounted [0;1;39mRPC Pipe File System[0m.
[[0;32m  OK  [0m] Reached target [0;1;39mrpc_pipefs.target[0m.
[[0;32m  OK  [0m] Started [0;1;39mRPC Bind[0m.
[[0;32m  OK  [0m] Started [0;1;39mSecurity Auditing Service[0m.
         Starting [0;1;39mRecord System Boot/Shutdown in UTMP[0m...
[[0;32m  OK  [0m] Finished [0;1;39mRecord System Boot/Shutdown in UTMP[0m.
[[0;32m  OK  [0m] Reached target [0;1;39mSystem Initialization[0m.
[[0;32m  OK  [0m] Started [0;1;39mDaily rotation of log files[0m.
[[0;32m  OK  [0m] Started [0;1;39mUpdates mlocate database every day[0m.
[[0;32m  OK  [0m] Started [0;1;39mDaily Cleanup of Temporary Directories[0m.
[[0;32m  OK  [0m] Started [0;1;39mdaily update of the root trust anchor for DNSSEC[0m.
[[0;32m  OK  [0m] Reached target [0;1;39mTimer Units[0m.
[[0;32m  OK  [0m] Listening on [0;1;39mD-Bus System Message Bus Socket[0m.
[[0;32m  OK  [0m] Listening on [0;1;39mOpen-iSCSI iscsid Socket[0m.
[[0;32m  OK  [0m] Listening on [0;1;39mOpen-iSCSI iscsiuio Socket[0m.
[[0;32m  OK  [0m] Listening on [0;1;39mSSSD Kerberos…ache Manager responder socket[0m.
[[0;32m  OK  [0m] Listening on [0;1;39mLibvirt interface local socket[0m.
[[0;32m  OK  [0m] Listening on [0;1;39mVirtual machine lock manager socket[0m.
[[0;32m  OK  [0m] Listening on [0;1;39mVirtual machine log manager socket[0m.
[[0;32m  OK  [0m] Listening on [0;1;39mLibvirt network local socket[0m.
[[0;32m  OK  [0m] Listening on [0;1;39mLibvirt nodedev local socket[0m.
[[0;32m  OK  [0m] Listening on [0;1;39mLibvirt nwfilter local socket[0m.
[[0;32m  OK  [0m] Listening on [0;1;39mLibvirt proxy local socket[0m.
[[0;32m  OK  [0m] Listening on [0;1;39mLibvirt qemu local socket[0m.
[[0;32m  OK  [0m] Listening on [0;1;39mLibvirt qemu admin socket[0m.
[[0;32m  OK  [0m] Listening on [0;1;39mLibvirt qemu local read-only socket[0m.
[[0;32m  OK  [0m] Listening on [0;1;39mLibvirt secret local socket[0m.
[[0;32m  OK  [0m] Listening on [0;1;39mLibvirt storage local socket[0m.
[[0;32m  OK  [0m] Reached target [0;1;39mSocket Units[0m.
         Starting [0;1;39mD-Bus System Message Bus[0m...
[[0;32m  OK  [0m] Started [0;1;39mD-Bus System Message Bus[0m.
[[0;32m  OK  [0m] Reached target [0;1;39mBasic System[0m.
         Starting [0;1;39mNetwork Manager[0m...
         Starting [0;1;39mNTP client/server[0m...
         Starting [0;1;39mRestore /run/initramfs on shutdown[0m...
[[0;32m  OK  [0m] Started [0;1;39mirqbalance daemon[0m.
[[0;32m  OK  [0m] Started [0;1;39mlibstoragemgmt plug-in server daemon[0m.
[[0;32m  OK  [0m] Started [0;1;39mMachine Check Exception Logging Daemon[0m.
[[0;32m  OK  [0m] Reached target [0;1;39msshd-keygen.target[0m.
[[0;32m  OK  [0m] Reached target [0;1;39mUser and Group Name Lookups[0m.
         Starting [0;1;39mUser Login Management[0m...
         Starting [0;1;39mVirtual Machine a…tainer Registration Service[0m...
[[0;32m  OK  [0m] Finished [0;1;39mRestore /run/initramfs on shutdown[0m.
         Starting [0;1;39mHostname Service[0m...
[[0;32m  OK  [0m] Started [0;1;39mVirtual Machine an…ontainer Registration Service[0m.
[[0;32m  OK  [0m] Started [0;1;39mNTP client/server[0m.
[[0;32m  OK  [0m] Started [0;1;39mUser Login Management[0m.
[[0;32m  OK  [0m] Started [0;1;39mHostname Service[0m.
         Starting [0;1;39mNetwork Manager Script Dispatcher Service[0m...
[[0;32m  OK  [0m] Started [0;1;39mNetwork Manager Script Dispatcher Service[0m.
[   10.293584] e1000: eth0 NIC Link is Up 1000 Mbps Full Duplex, Flow Control: RX
[[0;32m  OK  [0m] Started [0;1;39mNetwork Manager[0m.
[[0;32m  OK  [0m] Reached target [0;1;39mNetwork[0m.
[[0;32m  OK  [0m] Reached target [0;1;39mNetwork is Online[0m.
         Starting [0;1;39mGSSAPI Proxy Daemon[0m...
         Starting [0;1;39mNotify NFS peers of a restart[0m...
         Starting [0;1;39mSystem Logging Service[0m...
         Starting [0;1;39mOpenSSH server daemon[0m...
         Starting [0;1;39mDynamic System Tuning Daemon[0m...
[[0;32m  OK  [0m] Started [0;1;39mNotify NFS peers of a restart[0m.
[[0;32m  OK  [0m] Started [0;1;39mGSSAPI Proxy Daemon[0m.
[[0;32m  OK  [0m] Reached target [0;1;39mNFS client services[0m.
[[0;32m  OK  [0m] Reached target [0;1;39mPreparation for Remote File Systems[0m.
[[0;32m  OK  [0m] Reached target [0;1;39mRemote File Systems[0m.
         Starting [0;1;39mPermit User Sessions[0m...
         Starting [0;1;39mVirtualization qemu daemon[0m...
[[0;32m  OK  [0m] Started [0;1;39mOpenSSH server daemon[0m.
[[0;32m  OK  [0m] Finished [0;1;39mPermit User Sessions[0m.
[[0;32m  OK  [0m] Started [0;1;39mSystem Logging Service[0m.
[[0;32m  OK  [0m] Started [0;1;39mDeferred execution scheduler[0m.
[[0;32m  OK  [0m] Started [0;1;39mCommand Scheduler[0m.
         Starting [0;1;39mHold until boot process finishes up[0m...
         Starting [0;1;39mTerminate Plymouth Boot Screen[0m...

CentOS Stream 9
Kernel 6.16.0-be413ec746af+ on an x86_64

Activate the web console with: systemctl enable --now cockpit.socket

test login: 