c[?7l[2J[0mSeaBIOS (version rel-1.16.0-0-gd239552ce722-prebuilt.qemu.org)


iPXE (http://ipxe.org) 00:03.0 CA00 PCI2.10 PnP PMM+7FF91000+7FEF1000 CA00
Press Ctrl-B to configure iPXE (PCI 00:03.0)...                                                                               


Booting from ROM..c[?7l[2J[    0.000000] Linux version 6.6.0-rc2-e9cbc89067cc+ (root@gnr-bkc) (gcc (GCC) 11.5.0 20240719 (Red Hat 11.5.0-14), GNU ld version 2.35.2-54.el9) #1 SMP PREEMPT_DYNAMIC Thu Mar 12 17:11:43 CST 2026
[    0.000000] Command line: console=ttyS0 root=/dev/sda earlyprintk=serial net.ifnames=0 thunderbolt.dyndbg
[    0.000000] KERNEL supported cpus:
[    0.000000]   Intel GenuineIntel
[    0.000000]   AMD AuthenticAMD
[    0.000000]   Hygon HygonGenuine
[    0.000000]   Centaur CentaurHauls
[    0.000000]   zhaoxin   Shanghai  
[    0.000000] x86/split lock detection: #DB: warning on user-space bus_locks
[    0.000000] BIOS-provided physical RAM map:
[    0.000000] BIOS-e820: [mem 0x0000000000000000-0x000000000009fbff] usable
[    0.000000] BIOS-e820: [mem 0x000000000009fc00-0x000000000009ffff] reserved
[    0.000000] BIOS-e820: [mem 0x00000000000f0000-0x00000000000fffff] reserved
[    0.000000] BIOS-e820: [mem 0x0000000000100000-0x000000007ffdffff] usable
[    0.000000] BIOS-e820: [mem 0x000000007ffe0000-0x000000007fffffff] reserved
[    0.000000] BIOS-e820: [mem 0x00000000feffc000-0x00000000feffffff] reserved
[    0.000000] BIOS-e820: [mem 0x00000000fffc0000-0x00000000ffffffff] reserved
[    0.000000] printk: bootconsole [earlyser0] enabled
[    0.000000] NX (Execute Disable) protection: active
[    0.000000] APIC: Static calls initialized
[    0.000000] SMBIOS 2.8 present.
[    0.000000] DMI: QEMU Standard PC (i440FX + PIIX, 1996), BIOS rel-1.16.0-0-gd239552ce722-prebuilt.qemu.org 04/01/2014
[    0.000000] Hypervisor detected: KVM
[    0.000000] kvm-clock: Using msrs 4b564d01 and 4b564d00
[    0.000003] kvm-clock: using sched offset of 607866838 cycles
[    0.000515] clocksource: kvm-clock: mask: 0xffffffffffffffff max_cycles: 0x1cd42e4dffb, max_idle_ns: 881590591483 ns
[    0.002128] tsc: Detected 1700.000 MHz processor
[    0.008760] last_pfn = 0x7ffe0 max_arch_pfn = 0x10000000000
[    0.009346] MTRR map: 4 entries (3 fixed + 1 variable; max 19), built from 8 variable MTRRs
[    0.010174] x86/PAT: Configuration [0-7]: WB  WC  UC- UC  WB  WP  UC- WT  
[    0.015958] found SMP MP-table at [mem 0x000f5ba0-0x000f5baf]
[    0.016560] Using GB pages for direct mapping
[    0.019444] ACPI: Early table checksum verification disabled
[    0.020005] ACPI: RSDP 0x00000000000F59C0 000014 (v00 BOCHS )
[    0.020581] ACPI: RSDT 0x000000007FFE1951 000034 (v01 BOCHS  BXPC     00000001 BXPC 00000001)
[    0.021435] ACPI: FACP 0x000000007FFE17FD 000074 (v01 BOCHS  BXPC     00000001 BXPC 00000001)
[    0.022292] ACPI: DSDT 0x000000007FFE0040 0017BD (v01 BOCHS  BXPC     00000001 BXPC 00000001)
[    0.023141] ACPI: FACS 0x000000007FFE0000 000040
[    0.023606] ACPI: APIC 0x000000007FFE1871 000080 (v01 BOCHS  BXPC     00000001 BXPC 00000001)
[    0.024452] ACPI: HPET 0x000000007FFE18F1 000038 (v01 BOCHS  BXPC     00000001 BXPC 00000001)
[    0.025301] ACPI: WAET 0x000000007FFE1929 000028 (v01 BOCHS  BXPC     00000001 BXPC 00000001)
[    0.026148] ACPI: Reserving FACP table memory at [mem 0x7ffe17fd-0x7ffe1870]
[    0.026840] ACPI: Reserving DSDT table memory at [mem 0x7ffe0040-0x7ffe17fc]
[    0.027529] ACPI: Reserving FACS table memory at [mem 0x7ffe0000-0x7ffe003f]
[    0.028222] ACPI: Reserving APIC table memory at [mem 0x7ffe1871-0x7ffe18f0]
[    0.028910] ACPI: Reserving HPET table memory at [mem 0x7ffe18f1-0x7ffe1928]
[    0.029600] ACPI: Reserving WAET table memory at [mem 0x7ffe1929-0x7ffe1950]
[    0.031090] No NUMA configuration found
[    0.031469] Faking a node at [mem 0x0000000000000000-0x000000007ffdffff]
[    0.032178] NODE_DATA(0) allocated [mem 0x7ffb5000-0x7ffdffff]
[    0.035524] Zone ranges:
[    0.035798]   DMA      [mem 0x0000000000001000-0x0000000000ffffff]
[    0.036411]   DMA32    [mem 0x0000000001000000-0x000000007ffdffff]
[    0.037019]   Normal   empty
[    0.037307]   Device   empty
[    0.037596] Movable zone start for each node
[    0.038029] Early memory node ranges
[    0.038380]   node   0: [mem 0x0000000000001000-0x000000000009efff]
[    0.039001]   node   0: [mem 0x0000000000100000-0x000000007ffdffff]
[    0.039621] Initmem setup node 0 [mem 0x0000000000001000-0x000000007ffdffff]
[    0.040639] On node 0, zone DMA: 1 pages in unavailable ranges
[    0.040823] On node 0, zone DMA: 97 pages in unavailable ranges
[    0.067918] On node 0, zone DMA32: 32 pages in unavailable ranges
[    0.123527] kasan: KernelAddressSanitizer initialized
[    0.124938] ACPI: PM-Timer IO Port: 0x608
[    0.125360] ACPI: LAPIC_NMI (acpi_id[0xff] dfl dfl lint[0x1])
[    0.125999] IOAPIC[0]: apic_id 0, version 17, address 0xfec00000, GSI 0-23
[    0.126705] ACPI: INT_SRC_OVR (bus 0 bus_irq 0 global_irq 2 dfl dfl)
[    0.127335] ACPI: INT_SRC_OVR (bus 0 bus_irq 5 global_irq 5 high level)
[    0.127995] ACPI: INT_SRC_OVR (bus 0 bus_irq 9 global_irq 9 high level)
[    0.128654] ACPI: INT_SRC_OVR (bus 0 bus_irq 10 global_irq 10 high level)
[    0.129322] ACPI: INT_SRC_OVR (bus 0 bus_irq 11 global_irq 11 high level)
[    0.130006] ACPI: Using ACPI (MADT) for SMP configuration information
[    0.130642] ACPI: HPET id: 0x8086a201 base: 0xfed00000
[    0.131157] TSC deadline timer available
[    0.131541] smpboot: Allowing 2 CPUs, 0 hotplug CPUs
[    0.132082] kvm-guest: APIC: eoi() replaced with kvm_guest_apic_eoi_write()
[    0.132798] kvm-guest: KVM setup pv remote TLB flush
[    0.133287] kvm-guest: setup PV sched yield
[    0.133742] PM: hibernation: Registered nosave memory: [mem 0x00000000-0x00000fff]
[    0.134489] PM: hibernation: Registered nosave memory: [mem 0x0009f000-0x0009ffff]
[    0.135228] PM: hibernation: Registered nosave memory: [mem 0x000a0000-0x000effff]
[    0.135968] PM: hibernation: Registered nosave memory: [mem 0x000f0000-0x000fffff]
[    0.136715] [mem 0x80000000-0xfeffbfff] available for PCI devices
[    0.137314] Booting paravirtualized kernel on KVM
[    0.137784] clocksource: refined-jiffies: mask: 0xffffffff max_cycles: 0xffffffff, max_idle_ns: 7645519600211568 ns
[    0.138818] setup_percpu: NR_CPUS:8192 nr_cpumask_bits:2 nr_cpu_ids:2 nr_node_ids:1
[    0.140095] percpu: Embedded 82 pages/cpu s299008 r8192 d28672 u1048576
[    0.140910] kvm-guest: PV spinlocks enabled
[    0.141333] PV qspinlock hash table entries: 256 (order: 0, 4096 bytes, linear)
[    0.142070] Kernel command line: net.ifnames=0 console=ttyS0 root=/dev/sda earlyprintk=serial net.ifnames=0 thunderbolt.dyndbg
[    0.143518] random: crng init done
[    0.144275] Dentry cache hash table entries: 262144 (order: 9, 2097152 bytes, linear)
[    0.145435] Inode-cache hash table entries: 131072 (order: 8, 1048576 bytes, linear)
[    0.146440] Fallback order for Node 0: 0 
[    0.146451] Built 1 zonelists, mobility grouping on.  Total pages: 515808
[    0.147478] Policy zone: DMA32
[    0.147776] mem auto-init: stack:off, heap alloc:off, heap free:off
[    0.148372] stackdepot: allocating hash table via alloc_large_system_hash
[    0.150651] stackdepot hash table entries: 1048576 (order: 11, 8388608 bytes, linear)
[    0.190720] Memory: 1625256K/2096632K available (73728K kernel code, 14097K rwdata, 16488K rodata, 14712K init, 22104K bss, 471176K reserved, 0K cma-reserved)
[    0.193761] SLUB: HWalign=64, Order=0-3, MinObjects=0, CPUs=2, Nodes=1
[    0.194387] kmemleak: Kernel memory leak detector disabled
[    0.195098] ftrace: allocating 69708 entries in 273 pages
[    0.220354] ftrace: allocated 273 pages with 3 groups
[    0.224933] Dynamic Preempt: voluntary
[    0.225902] Running RCU self tests
[    0.226229] Running RCU synchronous self tests
[    0.226668] rcu: Preemptible hierarchical RCU implementation.
[    0.227211] rcu: 	RCU lockdep checking is enabled.
[    0.227670] rcu: 	RCU restricting CPUs from NR_CPUS=8192 to nr_cpu_ids=2.
[    0.228315] 	Trampoline variant of Tasks RCU enabled.
[    0.228796] 	Rude variant of Tasks RCU enabled.
[    0.229227] 	Tracing variant of Tasks RCU enabled.
[    0.229686] rcu: RCU calculated value of scheduler-enlistment delay is 25 jiffies.
[    0.230401] rcu: Adjusting geometry for rcu_fanout_leaf=16, nr_cpu_ids=2
[    0.231112] Running RCU synchronous self tests
[    0.280825] NR_IRQS: 524544, nr_irqs: 440, preallocated irqs: 16
[    0.282159] rcu: srcu_init: Setting srcu_struct sizes based on contention.
[    0.291635] Console: colour VGA+ 80x25
[    0.292080] printk: console [ttyS0] enabled
[    0.292080] printk: console [ttyS0] enabled
[    0.292906] printk: bootconsole [earlyser0] disabled
[    0.292906] printk: bootconsole [earlyser0] disabled
[    0.293898] Lock dependency validator: Copyright (c) 2006 Red Hat, Inc., Ingo Molnar
[    0.294657] ... MAX_LOCKDEP_SUBCLASSES:  8
[    0.295063] ... MAX_LOCK_DEPTH:          48
[    0.295476] ... MAX_LOCKDEP_KEYS:        8192
[    0.295910] ... CLASSHASH_SIZE:          4096
[    0.296341] ... MAX_LOCKDEP_ENTRIES:     32768
[    0.296783] ... MAX_LOCKDEP_CHAINS:      65536
[    0.297224] ... CHAINHASH_SIZE:          32768
[    0.297664]  memory used by lock dependency info: 6493 kB
[    0.298194]  memory used for stack traces: 4224 kB
[    0.298669]  per task-struct memory footprint: 1920 bytes
[    0.299314] ACPI: Core revision 20230628
[    0.300348] clocksource: hpet: mask: 0xffffffff max_cycles: 0xffffffff, max_idle_ns: 19112604467 ns
[    0.301500] APIC: Switch to symmetric I/O mode setup
[    0.302183] x2apic enabled
[    0.302891] APIC: Switched APIC routing to: physical x2apic
[    0.303443] kvm-guest: APIC: send_IPI_mask() replaced with kvm_send_ipi_mask()
[    0.304163] kvm-guest: APIC: send_IPI_mask_allbutself() replaced with kvm_send_ipi_mask_allbutself()
[    0.305058] kvm-guest: setup PV IPIs
[    0.306898] ..TIMER: vector=0x30 apic1=0 pin1=2 apic2=-1 pin2=-1
[    0.307510] clocksource: tsc-early: mask: 0xffffffffffffffff max_cycles: 0x1881273ac8e, max_idle_ns: 440795257284 ns
[    0.308558] Calibrating delay loop (skipped) preset value.. 3400.00 BogoMIPS (lpj=6800000)
[    0.312684] x86/cpu: User Mode Instruction Prevention (UMIP) activated
[    0.313448] Last level iTLB entries: 4KB 0, 2MB 0, 4MB 0
[    0.313975] Last level dTLB entries: 4KB 0, 2MB 0, 4MB 0, 1GB 0
[    0.314569] Spectre V1 : Mitigation: usercopy/swapgs barriers and __user pointer sanitization
[    0.315404] Spectre V2 : WARNING: Unprivileged eBPF is enabled with eIBRS on, data leaks possible via Spectre v2 BHB attacks!
[    0.316545] Spectre V2 : Mitigation: Enhanced / Automatic IBRS
[    0.317133] Spectre V2 : Spectre v2 / SpectreRSB mitigation: Filling RSB on context switch
[    0.317951] Spectre V2 : Spectre v2 / PBRSB-eIBRS: Retire a single CALL on VMEXIT
[    0.318691] Spectre V2 : mitigation: Enabling conditional Indirect Branch Prediction Barrier
[    0.319519] Speculative Store Bypass: Mitigation: Speculative Store Bypass disabled via prctl
[    0.320357] MMIO Stale Data: Unknown: No mitigations
[    0.320594] x86/fpu: Supporting XSAVE feature 0x001: 'x87 floating point registers'
[    0.321347] x86/fpu: Supporting XSAVE feature 0x002: 'SSE registers'
[    0.321981] x86/fpu: Supporting XSAVE feature 0x004: 'AVX registers'
[    0.322612] x86/fpu: Supporting XSAVE feature 0x020: 'AVX-512 opmask'
[    0.323252] x86/fpu: Supporting XSAVE feature 0x040: 'AVX-512 Hi256'
[    0.323883] x86/fpu: Supporting XSAVE feature 0x080: 'AVX-512 ZMM_Hi256'
[    0.324543] x86/fpu: Supporting XSAVE feature 0x200: 'Protection Keys User registers'
[    0.325307] x86/fpu: Supporting XSAVE feature 0x20000: 'AMX Tile config'
[    0.325969] x86/fpu: Supporting XSAVE feature 0x40000: 'AMX Tile data'
[    0.326616] x86/fpu: xstate_offset[2]:  576, xstate_sizes[2]:  256
[    0.327231] x86/fpu: xstate_offset[5]:  832, xstate_sizes[5]:   64
[    0.327843] x86/fpu: xstate_offset[6]:  896, xstate_sizes[6]:  512
[    0.328543] x86/fpu: xstate_offset[7]: 1408, xstate_sizes[7]: 1024
[    0.329153] x86/fpu: xstate_offset[9]: 2432, xstate_sizes[9]:    8
[    0.329767] x86/fpu: xstate_offset[17]: 2496, xstate_sizes[17]:   64
[    0.330395] x86/fpu: xstate_offset[18]: 2560, xstate_sizes[18]: 8192
[    0.331028] x86/fpu: Enabled xstate features 0x602e7, context size is 10752 bytes, using 'compacted' format.
[    0.466121] Freeing SMP alternatives memory: 56K
[    0.466637] pid_max: default: 32768 minimum: 301
[    0.467440] LSM: initializing lsm=capability,yama,integrity
[    0.468017] Yama: becoming mindful.
[    0.468826] Mount-cache hash table entries: 4096 (order: 3, 32768 bytes, linear)
[    0.469562] Mountpoint-cache hash table entries: 4096 (order: 3, 32768 bytes, linear)
[    0.472362] Running RCU synchronous self tests
[    0.472548] Running RCU synchronous self tests
[    0.473793] smpboot: CPU0: Intel(R) Xeon(R) Gold 6414TDX (family: 0x6, model: 0x8f, stepping: 0x6)
[    0.475554] RCU Tasks: Setting shift to 1 and lim to 1 rcu_task_cb_adjust=1.
[    0.476327] RCU Tasks Rude: Setting shift to 1 and lim to 1 rcu_task_cb_adjust=1.
[    0.476539] RCU Tasks Trace: Setting shift to 1 and lim to 1 rcu_task_cb_adjust=1.
[    0.476627] Running RCU-tasks wait API self tests
[    0.580863] Performance Events: PEBS fmt0-, Sapphire Rapids events, full-width counters, Intel PMU driver.
[    0.582019] ... version:                2
[    0.582422] ... bit width:              48
[    0.582834] ... generic registers:      8
[    0.583243] ... value mask:             0000ffffffffffff
[    0.583770] ... max period:             00007fffffffffff
[    0.584299] ... fixed-purpose events:   4
[    0.584547] ... event mask:             0000000f000000ff
[    0.585496] signal: max sigframe size: 11952
[    0.586140] rcu: Hierarchical SRCU implementation.
[    0.586618] rcu: 	Max phase no-delay instances is 1000.
[    0.588639] Callback from call_rcu_tasks_trace() invoked.
[    0.594550] smp: Bringing up secondary CPUs ...
[    0.595890] smpboot: x86: Booting SMP configuration:
[    0.596407] .... node  #0, CPUs:      #1
[    0.596822] smp: Brought up 1 node, 2 CPUs
[    0.597455] smpboot: Max logical packages: 1
[    0.597887] smpboot: Total of 2 processors activated (6800.00 BogoMIPS)
[    0.601172] devtmpfs: initialized
[    0.601716] x86/mm: Memory block size: 128MB
[    0.613262] Running RCU synchronous self tests
[    0.613733] Running RCU synchronous self tests
[    0.614279] clocksource: jiffies: mask: 0xffffffff max_cycles: 0xffffffff, max_idle_ns: 7645041785100000 ns
[    0.615246] futex hash table entries: 512 (order: 4, 65536 bytes, linear)
[    0.617127] pinctrl core: initialized pinctrl subsystem
[    0.618551] 
[    0.618719] *************************************************************
[    0.619391] **     NOTICE NOTICE NOTICE NOTICE NOTICE NOTICE NOTICE    **
[    0.620062] **                                                         **
[    0.620545] **  IOMMU DebugFS SUPPORT HAS BEEN ENABLED IN THIS KERNEL  **
[    0.621214] **                                                         **
[    0.621883] ** This means that this kernel is built to expose internal **
[    0.622556] ** IOMMU data structures, which may compromise security on **
[    0.623224] ** your system.                                            **
[    0.623897] **                                                         **
[    0.624544] ** If you see this message and you are not debugging the   **
[    0.625214] ** kernel, report this immediately to your vendor!         **
[    0.625884] **                                                         **
[    0.626554] **     NOTICE NOTICE NOTICE NOTICE NOTICE NOTICE NOTICE    **
[    0.627223] *************************************************************
[    0.627967] PM: RTC time: 09:12:59, date: 2026-03-12
[    0.631396] NET: Registered PF_NETLINK/PF_ROUTE protocol family
[    0.633628] DMA: preallocated 256 KiB GFP_KERNEL pool for atomic allocations
[    0.634354] DMA: preallocated 256 KiB GFP_KERNEL|GFP_DMA pool for atomic allocations
[    0.635145] DMA: preallocated 256 KiB GFP_KERNEL|GFP_DMA32 pool for atomic allocations
[    0.636064] audit: initializing netlink subsys (disabled)
[    0.636607] audit: type=2000 audit(1773306779.383:1): state=initialized audit_enabled=0 res=1
[    0.638421] thermal_sys: Registered thermal governor 'fair_share'
[    0.638430] thermal_sys: Registered thermal governor 'bang_bang'
[    0.639056] thermal_sys: Registered thermal governor 'step_wise'
[    0.639658] thermal_sys: Registered thermal governor 'user_space'
[    0.640576] cpuidle: using governor ladder
[    0.641655] cpuidle: using governor menu
[    0.642473] acpiphp: ACPI Hot Plug PCI Controller Driver version: 0.5
[    0.644085] PCI: Using configuration type 1 for base access
[    0.646107] kprobes: kprobe jump-optimization is enabled. All kprobes are optimized if possible.
[    0.647042] HugeTLB: registered 1.00 GiB page size, pre-allocated 0 pages
[    0.648549] HugeTLB: 16380 KiB vmemmap can be freed for a 1.00 GiB page
[    0.649215] HugeTLB: registered 2.00 MiB page size, pre-allocated 0 pages
[    0.649882] HugeTLB: 28 KiB vmemmap can be freed for a 2.00 MiB page
[    0.809067] ACPI: Added _OSI(Module Device)
[    0.809499] ACPI: Added _OSI(Processor Device)
[    0.809943] ACPI: Added _OSI(3.0 _SCP Extensions)
[    0.810416] ACPI: Added _OSI(Processor Aggregator Device)
[    0.843127] ACPI: 1 ACPI AML tables successfully acquired and loaded
[    2.708869] Callback from call_rcu_tasks_rude() invoked.
[    2.745115] ACPI: _OSC evaluation for CPUs failed, trying _PDC
[    2.748547] ACPI: Interpreter enabled
[    2.748547] ACPI: PM: (supports S0 S3 S4 S5)
[    2.748554] ACPI: Using IOAPIC for interrupt routing
[    2.749203] PCI: Using host bridge windows from ACPI; if necessary, use "pci=nocrs" and report a bug
[    2.750096] PCI: Using E820 reservations for host bridge windows
[    2.752808] ACPI: Enabled 2 GPEs in block 00 to 0F
[    2.812636] Callback from call_rcu_tasks() invoked.
[    2.817250] ACPI: PCI Root Bridge [PCI0] (domain 0000 [bus 00-ff])
[    2.817943] acpi PNP0A03:00: _OSC: OS supports [ASPM ClockPM Segments MSI EDR HPX-Type3]
[    2.818745] acpi PNP0A03:00: _OSC: not requesting OS control; OS requires [ExtendedConfig ASPM ClockPM MSI]
[    2.820020] acpi PNP0A03:00: fail to add MMCONFIG information, can't access extended configuration space under this bridge
[    2.833441] acpiphp: Slot [3] registered
[    2.834102] acpiphp: Slot [4] registered
[    2.834753] acpiphp: Slot [5] registered
[    2.835404] acpiphp: Slot [6] registered
[    2.836049] acpiphp: Slot [7] registered
[    2.836696] acpiphp: Slot [8] registered
[    2.837348] acpiphp: Slot [9] registered
[    2.838000] acpiphp: Slot [10] registered
[    2.838651] acpiphp: Slot [11] registered
[    2.839333] acpiphp: Slot [12] registered
[    2.839992] acpiphp: Slot [13] registered
[    2.840649] acpiphp: Slot [14] registered
[    2.841302] acpiphp: Slot [15] registered
[    2.841958] acpiphp: Slot [16] registered
[    2.842614] acpiphp: Slot [17] registered
[    2.843275] acpiphp: Slot [18] registered
[    2.843928] acpiphp: Slot [19] registered
[    2.844584] acpiphp: Slot [20] registered
[    2.845239] acpiphp: Slot [21] registered
[    2.845894] acpiphp: Slot [22] registered
[    2.846548] acpiphp: Slot [23] registered
[    2.847200] acpiphp: Slot [24] registered
[    2.847857] acpiphp: Slot [25] registered
[    2.848514] acpiphp: Slot [26] registered
[    2.848796] acpiphp: Slot [27] registered
[    2.849458] acpiphp: Slot [28] registered
[    2.850112] acpiphp: Slot [29] registered
[    2.850768] acpiphp: Slot [30] registered
[    2.851435] acpiphp: Slot [31] registered
[    2.851966] PCI host bridge to bus 0000:00
[    2.852382] pci_bus 0000:00: root bus resource [io  0x0000-0x0cf7 window]
[    2.852550] pci_bus 0000:00: root bus resource [io  0x0d00-0xffff window]
[    2.853230] pci_bus 0000:00: root bus resource [mem 0x000a0000-0x000bffff window]
[    2.853975] pci_bus 0000:00: root bus resource [mem 0x80000000-0xfebfffff window]
[    2.854718] pci_bus 0000:00: root bus resource [mem 0x100000000-0x17fffffff window]
[    2.855480] pci_bus 0000:00: root bus resource [bus 00-ff]
[    2.856284] pci 0000:00:00.0: [8086:1237] type 00 class 0x060000
[    2.877598] pci 0000:00:01.0: [8086:7000] type 00 class 0x060100
[    2.880392] pci 0000:00:01.1: [8086:7010] type 00 class 0x010180
[    2.882257] pci 0000:00:01.1: reg 0x20: [io  0xc040-0xc04f]
[    2.883486] pci 0000:00:01.1: legacy IDE quirk: reg 0x10: [io  0x01f0-0x01f7]
[    2.884194] pci 0000:00:01.1: legacy IDE quirk: reg 0x14: [io  0x03f6]
[    2.884555] pci 0000:00:01.1: legacy IDE quirk: reg 0x18: [io  0x0170-0x0177]
[    2.885258] pci 0000:00:01.1: legacy IDE quirk: reg 0x1c: [io  0x0376]
[    2.886610] pci 0000:00:01.3: [8086:7113] type 00 class 0x068000
[    2.887636] pci 0000:00:01.3: quirk: [io  0x0600-0x063f] claimed by PIIX4 ACPI
[    2.888356] pci 0000:00:01.3: quirk: [io  0x0700-0x070f] claimed by PIIX4 SMB
[    2.889204] pci 0000:00:02.0: [1234:1111] type 00 class 0x030000
[    2.890816] pci 0000:00:02.0: reg 0x10: [mem 0xfd000000-0xfdffffff pref]
[    2.892562] pci 0000:00:02.0: reg 0x18: [mem 0xfebf0000-0xfebf0fff]
[    2.895834] pci 0000:00:02.0: reg 0x30: [mem 0xfebe0000-0xfebeffff pref]
[    2.896650] pci 0000:00:02.0: Video device with shadowed ROM at [mem 0x000c0000-0x000dffff]
[    2.917880] pci 0000:00:03.0: [8086:100e] type 00 class 0x020000
[    2.919176] pci 0000:00:03.0: reg 0x10: [mem 0xfebc0000-0xfebdffff]
[    2.920547] pci 0000:00:03.0: reg 0x14: [io  0xc000-0xc03f]
[    2.932851] pci 0000:00:03.0: reg 0x30: [mem 0xfeb80000-0xfebbffff pref]
[    2.970847] ACPI: PCI: Interrupt link LNKA configured for IRQ 10
[    2.973515] ACPI: PCI: Interrupt link LNKB configured for IRQ 10
[    2.976096] ACPI: PCI: Interrupt link LNKC configured for IRQ 11
[    2.978524] ACPI: PCI: Interrupt link LNKD configured for IRQ 11
[    2.979917] ACPI: PCI: Interrupt link LNKS configured for IRQ 9
[    2.984655] iommu: Default domain type: Translated
[    2.985068] iommu: DMA domain TLB invalidation policy: lazy mode
[    2.991011] SCSI subsystem initialized
[    2.991458] ACPI: bus type USB registered
[    2.991458] usbcore: registered new interface driver usbfs
[    2.991458] usbcore: registered new interface driver hub
[    2.991458] usbcore: registered new device driver usb
[    2.992858] pps_core: LinuxPPS API ver. 1 registered
[    2.993383] pps_core: Software ver. 5.3.6 - Copyright 2005-2007 Rodolfo Giometti <giometti@linux.it>
[    2.994340] PTP clock support registered
[    2.996675] EDAC MC: Ver: 3.0.0
[    2.999023] NetLabel: Initializing
[    2.999380] NetLabel:  domain hash size = 128
[    2.999821] NetLabel:  protocols = UNLABELED CIPSOv4 CALIPSO
[    3.000745] NetLabel:  unlabeled traffic allowed by default
[    3.001609] PCI: Using ACPI for IRQ routing
[    3.004599] pci 0000:00:02.0: vgaarb: setting as boot VGA device
[    3.005216] pci 0000:00:02.0: vgaarb: bridge control possible
[    3.005790] pci 0000:00:02.0: vgaarb: VGA device added: decodes=io+mem,owns=io+mem,locks=none
[    3.005790] vgaarb: loaded
[    3.005790] hpet0: at MMIO 0xfed00000, IRQs 2, 8, 0
[    3.005808] hpet0: 3 comparators, 64-bit 100.000000 MHz counter
[    3.012828] clocksource: Switched to clocksource kvm-clock
[    3.016319] VFS: Disk quotas dquot_6.6.0
[    3.016860] VFS: Dquot-cache hash table entries: 512 (order 0, 4096 bytes)
[    3.018367] pnp: PnP ACPI init
[    3.025551] pnp: PnP ACPI: found 6 devices
[    3.047937] clocksource: acpi_pm: mask: 0xffffff max_cycles: 0xffffff, max_idle_ns: 2085701024 ns
[    3.049432] NET: Registered PF_INET protocol family
[    3.050108] IP idents hash table entries: 32768 (order: 6, 262144 bytes, linear)
[    3.052616] tcp_listen_portaddr_hash hash table entries: 1024 (order: 4, 73728 bytes, linear)
[    3.053518] Table-perturb hash table entries: 65536 (order: 6, 262144 bytes, linear)
[    3.054374] TCP established hash table entries: 16384 (order: 5, 131072 bytes, linear)
[    3.055514] TCP bind hash table entries: 16384 (order: 9, 2359296 bytes, linear)
[    3.057492] TCP: Hash tables configured (established 16384 bind 16384)
[    3.058326] UDP hash table entries: 1024 (order: 5, 163840 bytes, linear)
[    3.059377] UDP-Lite hash table entries: 1024 (order: 5, 163840 bytes, linear)
[    3.060488] NET: Registered PF_UNIX/PF_LOCAL protocol family
[    3.062013] RPC: Registered named UNIX socket transport module.
[    3.062630] RPC: Registered udp transport module.
[    3.063104] RPC: Registered tcp transport module.
[    3.063573] RPC: Registered tcp-with-tls transport module.
[    3.064121] RPC: Registered tcp NFSv4.1 backchannel transport module.
[    3.064774] pci_bus 0000:00: resource 4 [io  0x0000-0x0cf7 window]
[    3.065393] pci_bus 0000:00: resource 5 [io  0x0d00-0xffff window]
[    3.066028] pci_bus 0000:00: resource 6 [mem 0x000a0000-0x000bffff window]
[    3.066710] pci_bus 0000:00: resource 7 [mem 0x80000000-0xfebfffff window]
[    3.067393] pci_bus 0000:00: resource 8 [mem 0x100000000-0x17fffffff window]
[    3.068638] pci 0000:00:01.0: PIIX3: Enabling Passive Release
[    3.069228] pci 0000:00:00.0: Limiting direct PCI/PCI transfers
[    3.069920] PCI: CLS 0 bytes, default 64
[    3.070413] ACPI: bus type thunderbolt registered
[    3.071260] clocksource: tsc: mask: 0xffffffffffffffff max_cycles: 0x1881273ac8e, max_idle_ns: 440795257284 ns
[    3.072377] sgx: There are zero EPC sections.
[    3.158065] Initialise system trusted keyrings
[    3.158705] Key type blacklist registered
[    3.159431] workingset: timestamp_bits=36 max_order=19 bucket_order=0
[    3.160129] zbud: loaded
[    3.162578] squashfs: version 4.0 (2009/01/31) Phillip Lougher
[    3.164867] NFS: Registering the id_resolver key type
[    3.165394] Key type id_resolver registered
[    3.165840] Key type id_legacy registered
[    3.166295] nfs4filelayout_init: NFSv4 File Layout Driver Registering...
[    3.167011] nfs4flexfilelayout_init: NFSv4 Flexfile Layout Driver Registering...
[    3.168021] fuse: init (API version 7.39)
[    3.169040] SGI XFS with ACLs, security attributes, realtime, quota, no debug enabled
[    3.171422] 9p: Installing v9fs 9p2000 file system support
[    3.182320] Key type asymmetric registered
[    3.182749] Asymmetric key parser 'x509' registered
[    3.183373] Block layer SCSI generic (bsg) driver version 0.4 loaded (major 243)
[    3.184347] io scheduler mq-deadline registered
[    3.184918] io scheduler bfq registered
[    3.186374] shpchp: Standard Hot Plug PCI Controller Driver version: 0.4
[    3.188078] IPMI message handler: version 39.2
[    3.188638] ipmi device interface
[    3.191435] input: Power Button as /devices/LNXSYSTM:00/LNXPWRBN:00/input/input0
[    3.192954] ACPI: button: Power Button [PWRF]
[    3.195288] ERST DBG: ERST support is disabled.
[    3.197062] Serial: 8250/16550 driver, 32 ports, IRQ sharing enabled
[    3.199966] 00:04: ttyS0 at I/O 0x3f8 (irq = 4, base_baud = 115200) is a 16550A
[    3.234701] Linux agpgart interface v0.103
[    3.237401] ACPI: bus type drm_connector registered
[    3.264729] brd: module loaded
[    3.281161] loop: module loaded
[    3.292354] scsi host0: ata_piix
[    3.294177] scsi host1: ata_piix
[    3.295172] ata1: PATA max MWDMA2 cmd 0x1f0 ctl 0x3f6 bmdma 0xc040 irq 14
[    3.295848] ata2: PATA max MWDMA2 cmd 0x170 ctl 0x376 bmdma 0xc048 irq 15
[    3.299954] tun: Universal TUN/TAP device driver, 1.6
[    3.300886] e100: Intel(R) PRO/100 Network Driver
[    3.301355] e100: Copyright(c) 1999-2006 Intel Corporation
[    3.302006] e1000: Intel(R) PRO/1000 Network Driver
[    3.302488] e1000: Copyright (c) 1999-2006 Intel Corporation.
[    3.453924] ata1: found unknown device (class 0)
[    3.454769] ata2: found unknown device (class 0)
[    3.455827] ata2.00: ATAPI: QEMU DVD-ROM, 2.5+, max UDMA/100
[    3.456832] ata1.00: ATA-7: QEMU HARDDISK, 2.5+, max UDMA/100
[    3.457404] ata1.00: 17196647 sectors, multi 16: LBA48 
[    3.459451] scsi 0:0:0:0: Direct-Access     ATA      QEMU HARDDISK    2.5+ PQ: 0 ANSI: 5
[    3.463184] sd 0:0:0:0: [sda] 17196647 512-byte logical blocks: (8.80 GB/8.20 GiB)
[    3.464095] sd 0:0:0:0: Attached scsi generic sg0 type 0
[    3.465026] sd 0:0:0:0: [sda] Write Protect is off
[    3.465735] sd 0:0:0:0: [sda] Write cache: enabled, read cache: enabled, doesn't support DPO or FUA
[    3.466279] scsi 1:0:0:0: CD-ROM            QEMU     QEMU DVD-ROM     2.5+ PQ: 0 ANSI: 5
[    3.466869] sd 0:0:0:0: [sda] Preferred minimum I/O size 512 bytes
[    3.473682] sd 0:0:0:0: [sda] Attached SCSI disk
[    3.555309] scsi 1:0:0:0: Attached scsi generic sg1 type 5
[    5.300348] ACPI: \_SB_.LNKC: Enabled at IRQ 11
[    5.634634] e1000 0000:00:03.0 eth0: (PCI:33MHz:32-bit) 52:54:00:12:34:56
[    5.635403] e1000 0000:00:03.0 eth0: Intel(R) PRO/1000 Network Connection
[    5.636284] e1000e: Intel(R) PRO/1000 Network Driver
[    5.636774] e1000e: Copyright(c) 1999 - 2015 Intel Corporation.
[    5.637465] igb: Intel(R) Gigabit Ethernet Network Driver
[    5.638016] igb: Copyright (c) 2007-2014 Intel Corporation.
[    5.639150] PPP generic driver version 2.4.2
[    5.641055] VFIO - User Level meta-driver version: 0.3
[    5.642738] usbcore: registered new interface driver uas
[    5.643375] usbcore: registered new interface driver usb-storage
[    5.644293] i8042: PNP: PS/2 Controller [PNP0303:KBD,PNP0f13:MOU] at 0x60,0x64 irq 1,12
[    5.646224] serio: i8042 KBD port at 0x60,0x64 irq 1
[    5.646782] serio: i8042 AUX port at 0x60,0x64 irq 12
[    5.648860] mousedev: PS/2 mouse device common for all mice
[    5.651514] input: AT Translated Set 2 keyboard as /devices/platform/i8042/serio0/input/input1
[    5.654096] rtc_cmos 00:05: RTC can wake from S4
[    5.655976] input: VirtualPS/2 VMware VMMouse as /devices/platform/i8042/serio1/input/input4
[    5.657569] rtc_cmos 00:05: registered as rtc0
[    5.658202] rtc_cmos 00:05: setting system clock to 2026-03-12T09:13:04 UTC (1773306784)
[    5.659517] rtc_cmos 00:05: alarms up to one day, y3k, 242 bytes nvram, hpet irqs
[    5.659642] input: VirtualPS/2 VMware VMMouse as /devices/platform/i8042/serio1/input/input3
[    5.660342] i2c_dev: i2c /dev entries driver
[    5.662289] device-mapper: core: CONFIG_IMA_DISABLE_HTABLE is disabled. Duplicate IMA measurements will not be recorded in the IMA log.
[    5.663539] device-mapper: uevent: version 1.0.3
[    5.664507] device-mapper: ioctl: 4.48.0-ioctl (2023-03-01) initialised: dm-devel@redhat.com
[    5.665348] intel_pstate: CPU model not supported
[    5.666108] sdhci: Secure Digital Host Controller Interface driver
[    5.666717] sdhci: Copyright(c) Pierre Ossman
[    5.667313] sdhci-pltfm: SDHCI platform and OF driver helper
[    5.667979] ledtrig-cpu: registered to indicate activity on CPUs
[    5.668965] drop_monitor: Initializing network drop monitor service
[    5.670051] NET: Registered PF_INET6 protocol family
[    5.675309] Segment Routing with IPv6
[    5.675975] In-situ OAM (IOAM) with IPv6
[    5.676807] NET: Registered PF_PACKET protocol family
[    5.677984] 9pnet: Installing 9P2000 support
[    5.678916] Key type dns_resolver registered
[    5.681339] IPI shorthand broadcast: enabled
[    5.734916] sched_clock: Marking stable (5716004916, 17709696)->(5738454776, -4740164)
[    5.736526] registered taskstats version 1
[    5.738212] Loading compiled-in X.509 certificates
[    5.795579] Key type .fscrypt registered
[    5.796004] Key type fscrypt-provisioning registered
[    5.798265] Key type encrypted registered
[    5.798761] ima: No TPM chip found, activating TPM-bypass!
[    5.799352] ima: Allocated hash algorithm: sha1
[    5.799911] ima: No architecture policies found
[    5.800515] evm: Initialising EVM extended attributes:
[    5.801036] evm: security.selinux
[    5.801374] evm: security.SMACK64
[    5.801730] evm: security.SMACK64EXEC
[    5.802104] evm: security.SMACK64TRANSMUTE
[    5.802513] evm: security.SMACK64MMAP
[    5.802884] evm: security.apparmor
[    5.803225] evm: security.ima
[    5.803524] evm: security.capability
[    5.803885] evm: HMAC attrs: 0x1
[    5.807838] PM:   Magic number: 2:5:222
[    5.809154] RAS: Correctable Errors collector initialized.
[    5.810000] clk: Disabling unused clocks
[    5.811656] md: Waiting for all devices to be available before autodetect
[    5.812121] md: If you don't use raid, use raid=noautodetect
[    5.812502] md: Autodetecting RAID arrays.
[    5.812802] md: autorun ...
[    5.812997] md: ... autorun DONE.
[    5.819241] EXT4-fs (sda): INFO: recovery required on readonly filesystem
[    5.819740] EXT4-fs (sda): write access will be enabled during recovery
[    6.154101] EXT4-fs (sda): recovery complete
[    6.155369] EXT4-fs (sda): mounted filesystem 088740a9-c8b4-422c-999d-a804eb68a4da ro with ordered data mode. Quota mode: none.
[    6.156318] VFS: Mounted root (ext4 filesystem) readonly on device 8:0.
[    6.159192] devtmpfs: mounted
[    6.190913] Freeing unused decrypted memory: 2028K
[    6.194476] Freeing unused kernel image (initmem) memory: 14712K
[    6.194960] Write protecting the kernel read-only data: 92160k
[    6.197474] Freeing unused kernel image (rodata/data gap) memory: 1944K
[    7.288474] x86/mm: Checked W+X mappings: passed, no W+X pages found.
[    7.289006] Run /sbin/init as init process
[    7.427788] systemd[1]: systemd 252-15.el9 running in system mode (+PAM +AUDIT +SELINUX -APPARMOR +IMA +SMACK +SECCOMP +GCRYPT +GNUTLS +OPENSSL +ACL +BLKID +CURL +ELFUTILS -FIDO2 +IDN2 -IDN -IPTC +KMOD +LIBCRYPTSETUP +LIBFDISK +PCRE2 -PWQUALITY +P11KIT -QRENCODE +TPM2 +BZIP2 +LZ4 +XZ +ZLIB +ZSTD -BPF_FRAMEWORK +XKBCOMMON +UTMP +SYSVINIT default-hierarchy=unified)
[    7.429989] systemd[1]: Detected virtualization kvm.
[    7.430349] systemd[1]: Detected architecture x86-64.

Welcome to [0;31mCentOS Stream 9[0m!

[    7.435814] systemd[1]: Hostname set to <test>.
[    7.708769] systemd-rc-local-generator[118]: /etc/rc.d/rc.local is not marked executable, skipping.
[    8.020606] systemd[1]: Queued start job for default target Multi-User System.
[    8.041285] systemd[1]: Created slice Virtual Machine and Container Slice.
[[0;32m  OK  [0m] Created slice [0;1;39mVirtual Machine and Container Slice[0m.
[    8.047869] systemd[1]: Created slice Slice /system/getty.
[[0;32m  OK  [0m] Created slice [0;1;39mSlice /system/getty[0m.
[    8.051421] systemd[1]: Created slice Slice /system/modprobe.
[[0;32m  OK  [0m] Created slice [0;1;39mSlice /system/modprobe[0m.
[    8.055376] systemd[1]: Created slice Slice /system/serial-getty.
[[0;32m  OK  [0m] Created slice [0;1;39mSlice /system/serial-getty[0m.
[    8.059093] systemd[1]: Created slice Slice /system/sshd-keygen.
[[0;32m  OK  [0m] Created slice [0;1;39mSlice /system/sshd-keygen[0m.
[    8.062596] systemd[1]: Created slice User and Session Slice.
[[0;32m  OK  [0m] Created slice [0;1;39mUser and Session Slice[0m.
[    8.064139] systemd[1]: Started Forward Password Requests to Wall Directory Watch.
[[0;32m  OK  [0m] Started [0;1;39mForward Password R…uests to Wall Directory Watch[0m.
[    8.066811] systemd[1]: Set up automount Arbitrary Executable File Formats File System Automount Point.
[[0;32m  OK  [0m] Set up automount [0;1;39mArbitrary…s File System Automount Point[0m.
[    8.068380] systemd[1]: Reached target Local Integrity Protected Volumes.
[[0;32m  OK  [0m] Reached target [0;1;39mLocal Integrity Protected Volumes[0m.
[    8.069641] systemd[1]: Reached target Slice Units.
[[0;32m  OK  [0m] Reached target [0;1;39mSlice Units[0m.
[    8.070748] systemd[1]: Reached target Swaps.
[[0;32m  OK  [0m] Reached target [0;1;39mSwaps[0m.
[    8.071659] systemd[1]: Reached target Local Verity Protected Volumes.
[[0;32m  OK  [0m] Reached target [0;1;39mLocal Verity Protected Volumes[0m.
[    8.073417] systemd[1]: Listening on Device-mapper event daemon FIFOs.
[[0;32m  OK  [0m] Listening on [0;1;39mDevice-mapper event daemon FIFOs[0m.
[    8.075610] systemd[1]: Listening on LVM2 poll daemon socket.
[[0;32m  OK  [0m] Listening on [0;1;39mLVM2 poll daemon socket[0m.
[    8.077042] systemd[1]: multipathd control socket was skipped because of an unmet condition check (ConditionPathExists=/etc/multipath.conf).
[    8.139409] systemd[1]: Listening on RPCbind Server Activation Socket.
[[0;32m  OK  [0m] Listening on [0;1;39mRPCbind Server Activation Socket[0m.
[    8.140756] systemd[1]: Reached target RPC Port Mapper.
[[0;32m  OK  [0m] Reached target [0;1;39mRPC Port Mapper[0m.
[    8.144457] systemd[1]: Listening on Process Core Dump Socket.
[[0;32m  OK  [0m] Listening on [0;1;39mProcess Core Dump Socket[0m.
[    8.146051] systemd[1]: Listening on initctl Compatibility Named Pipe.
[[0;32m  OK  [0m] Listening on [0;1;39minitctl Compatibility Named Pipe[0m.
[    8.147974] systemd[1]: Listening on Journal Socket (/dev/log).
[[0;32m  OK  [0m] Listening on [0;1;39mJournal Socket (/dev/log)[0m.
[    8.149880] systemd[1]: Listening on Journal Socket.
[[0;32m  OK  [0m] Listening on [0;1;39mJournal Socket[0m.
[    8.151724] systemd[1]: Listening on udev Control Socket.
[[0;32m  OK  [0m] Listening on [0;1;39mudev Control Socket[0m.
[    8.153251] systemd[1]: Listening on udev Kernel Socket.
[[0;32m  OK  [0m] Listening on [0;1;39mudev Kernel Socket[0m.
[    8.163099] systemd[1]: Mounting Huge Pages File System...
         Mounting [0;1;39mHuge Pages File System[0m...
[    8.173829] systemd[1]: Mounting POSIX Message Queue File System...
         Mounting [0;1;39mPOSIX Message Queue File System[0m...
[    8.187589] systemd[1]: Mounting Kernel Debug File System...
         Mounting [0;1;39mKernel Debug File System[0m...
[    8.198636] systemd[1]: Mounting Kernel Trace File System...
         Mounting [0;1;39mKernel Trace File System[0m...
[    8.200064] systemd[1]: Kernel Module supporting RPCSEC_GSS was skipped because of an unmet condition check (ConditionPathExists=/etc/krb5.keytab).
[    8.201105] systemd[1]: Create List of Static Device Nodes was skipped because of an unmet condition check (ConditionFileNotEmpty=/lib/modules/6.6.0-rc2-e9cbc89067cc+/modules.devname).
[    8.212852] systemd[1]: Starting Monitoring of LVM2 mirrors, snapshots etc. using dmeventd or progress polling...
         Starting [0;1;39mMonitoring of LVM…meventd or progress polling[0m...
[    8.227676] systemd[1]: Starting Load Kernel Module configfs...
         Starting [0;1;39mLoad Kernel Module configfs[0m...
[    8.238359] systemd[1]: Starting Load Kernel Module drm...
         Starting [0;1;39mLoad Kernel Module drm[0m...
[    8.257405] systemd[1]: Starting Load Kernel Module fuse...
         Starting [0;1;39mLoad Kernel Module fuse[0m...
[    8.274551] systemd[1]: Starting Read and set NIS domainname from /etc/sysconfig/network...
         Starting [0;1;39mRead and set NIS …from /etc/sysconfig/network[0m...
[    8.322243] systemd[1]: Starting Journal Service...
         Starting [0;1;39mJournal Service[0m...
[    8.336646] systemd[1]: Starting Load Kernel Modules...
         Starting [0;1;39mLoad Kernel Modules[0m...
[    8.354117] systemd[1]: Starting Generate network units from Kernel command line...
         Starting [0;1;39mGenerate network …ts from Kernel command line[0m...
[    8.382166] systemd[1]: Starting Remount Root and Kernel File Systems...
         Starting [0;1;39mRemount Root and Kernel File Systems[0m...
[    8.390444] systemd[1]: Repartition Root Disk was skipped because no trigger condition checks were met.
[    8.418893] systemd[1]: Starting Coldplug All udev Devices...
         Starting [0;1;39mColdplug All udev Devices[0m...
[    8.452702] systemd[1]: Mounted Huge Pages File System.
[[0;32m  OK  [0m] Mounted [0;1;39mHuge Pages File System[0m.
[    8.456938] systemd[1]: Mounted POSIX Message Queue File System.
[[0;32m  OK  [0m] Mounted [0;1;39mPOSIX Messa[    8.457781] EXT4-fs (sda): re-mounted 088740a9-c8b4-422c-999d-a804eb68a4da r/w. Quota mode: none.
ge Queue File System[0m.
[    8.465536] systemd[1]: Mounted Kernel Debug File System.
[[0;32m  OK  [0m] Mounted [0;1;39mKernel Debug File System[0m.
[    8.471698] systemd[1]: Mounted Kernel Trace File System.
[[0;32m  OK  [0m] Mounted [0;1;39mKernel Trace File System[0m.
[    8.479187] systemd[1]: Finished Monitoring of LVM2 mirrors, snapshots etc. using dmeventd or progress polling.
[[0;32m  OK  [0m] Finished [0;1;39mMonitoring of LVM… dmeventd or progress polling[0m.
[    8.487991] systemd[1]: modprobe@configfs.service: Deactivated successfully.
[    8.490614] systemd[1]: Finished Load Kernel Module configfs.
[[0;32m  OK  [0m] Finished [0;1;39mLoad Kernel Module configfs[0m.
[    8.495440] systemd[1]: modprobe@drm.service: Deactivated successfully.
[    8.497129] systemd[1]: Finished Load Kernel Module drm.
[[0;32m  OK  [0m] Finished [0;1;39mLoad Kernel Module drm[0m.
[    8.503562] systemd[1]: modprobe@fuse.service: Deactivated successfully.
[    8.505266] systemd[1]: Finished Load Kernel Module fuse.
[[0;32m  OK  [0m] Finished [0;1;39mLoad Kernel Module fuse[0m.
[    8.519169] systemd[1]: Finished Read and set NIS domainname from /etc/sysconfig/network.
[[0;32m  OK  [0m] Finished [0;1;39mRead and set NIS …e from /etc/sysconfig/network[0m.
[    8.521521] systemd[1]: systemd-modules-load.service: Main process exited, code=exited, status=1/FAILURE
[    8.526661] systemd[1]: systemd-modules-load.service: Failed with result 'exit-code'.
[    8.528428] systemd[1]: Failed to start Load Kernel Modules.
[[0;1;31mFAILED[0m] Failed to start [0;1;39mLoad Kernel Modules[0m.
See 'systemctl status systemd-modules-load.service' for details.
[    8.536260] systemd[1]: Finished Generate network units from Kernel command line.
[[0;32m  OK  [0m] Finished [0;1;39mGenerate network units from Kernel command line[0m.
[    8.543425] systemd[1]: Finished Remount Root and Kernel File Systems.
[[0;32m  OK  [0m] Finished [0;1;39mRemount Root and Kernel File Systems[0m.
[    8.550336] systemd[1]: Started Journal Service.
[[0;32m  OK  [0m] Started [0;1;39mJournal Service[0m.
[[0;32m  OK  [0m] Reached target [0;1;39mPreparation for Network[0m.
         Mounting [0;1;39mFUSE Control File System[0m...
         Mounting [0;1;39mKernel Configuration File System[0m...
         Starting [0;1;39mFlush Journal to Persistent Storage[0m...
         Starting [0;1;39mLoad/Save Random Seed[0m...
         Starting [0;1;39mApply Kernel Variables[0m...
[    8.705555] systemd-journald[136]: Received client request to flush runtime journal.
         Starting [0;1;39mCreate Static Device Nodes in /dev[0m...
         Starting [0;1;39mSetup Virtual Console[0m...
[[0;32m  OK  [0m] Mounted [0;1;39mFUSE Control File System[0m.
[[0;32m  OK  [0m] Mounted [0;1;39mKernel Configuration File System[0m.
[[0;32m  OK  [0m] Finished [0;1;39mFlush Journal to Persistent Storage[0m.
[[0;32m  OK  [0m] Finished [0;1;39mLoad/Save Random Seed[0m.
[[0;32m  OK  [0m] Finished [0;1;39mApply Kernel Variables[0m.
[[0;32m  OK  [0m] Finished [0;1;39mCreate Static Device Nodes in /dev[0m.
         Starting [0;1;39mRule-based Manage…for Device Events and Files[0m...
[[0;32m  OK  [0m] Started [0;1;39mRule-based Manager for Device Events and Files[0m.
         Starting [0;1;39mAuto-connect to s…E devices found during boot[0m...
[[0;32m  OK  [0m] Finished [0;1;39mAuto-connect to s…VME devices found during boot[0m.
[[0;32m  OK  [0m] Finished [0;1;39mColdplug All udev Devices[0m.
         Starting [0;1;39mWait for udev To …plete Device Initialization[0m...
[[0;32m  OK  [0m] Finished [0;1;39mSetup Virtual Console[0m.
         Starting [0;1;39mShow Plymouth Boot Screen[0m...
[2J[3J[-1;-1f[[0;32m  OK  [0m] Started [0;1;39mShow Plymouth Boot Screen[0m.
[[0;32m  OK  [0m] Started [0;1;39mForward Password R…s to Plymouth Directory Watch[0m.
[[0;32m  OK  [0m] Reached target [0;1;39mLocal Encrypted Volumes[0m.
[[0;32m  OK  [0m] Reached target [0;1;39mPath Units[0m.
[[0;32m  OK  [0m] Found device [0;1;39m/dev/ttyS0[0m.
[[0;32m  OK  [0m] Listening on [0;1;39mLoad/Save RF …itch Status /dev/rfkill Watch[0m.
[[0;32m  OK  [0m] Finished [0;1;39mWait for udev To Complete Device Initialization[0m.
[[0;32m  OK  [0m] Reached target [0;1;39mPreparation for Local File Systems[0m.
[[0;32m  OK  [0m] Reached target [0;1;39mLocal File Systems[0m.
         Starting [0;1;39mTell Plymouth To Write Out Runtime Data[0m...
         Starting [0;1;39mAutomatic Boot Loader Update[0m...
         Starting [0;1;39mCreate Volatile Files and Directories[0m...
[[0;32m  OK  [0m] Finished [0;1;39mTell Plymouth To Write Out Runtime Data[0m.
[[0;32m  OK  [0m] Finished [0;1;39mAutomatic Boot Loader Update[0m.
[[0;32m  OK  [0m] Finished [0;1;39mCreate Volatile Files and Directories[0m.
         Mounting [0;1;39mRPC Pipe File System[0m...
         Starting [0;1;39mSecurity Auditing Service[0m...
         Starting [0;1;39mRPC Bind[0m...
[[0;32m  OK  [0m] Mounted [0;1;39mRPC Pipe File System[0m.
[[0;32m  OK  [0m] Reached target [0;1;39mrpc_pipefs.target[0m.
[[0;32m  OK  [0m] Started [0;1;39mRPC Bind[0m.
[[0;32m  OK  [0m] Started [0;1;39mSecurity Auditing Service[0m.
         Starting [0;1;39mRecord System Boot/Shutdown in UTMP[0m...
[[0;32m  OK  [0m] Finished [0;1;39mRecord System Boot/Shutdown in UTMP[0m.
[[0;32m  OK  [0m] Reached target [0;1;39mSystem Initialization[0m.
[[0;32m  OK  [0m] Started [0;1;39mDaily rotation of log files[0m.
[[0;32m  OK  [0m] Started [0;1;39mUpdates mlocate database every day[0m.
[[0;32m  OK  [0m] Started [0;1;39mDaily Cleanup of Temporary Directories[0m.
[[0;32m  OK  [0m] Started [0;1;39mdaily update of the root trust anchor for DNSSEC[0m.
[[0;32m  OK  [0m] Reached target [0;1;39mTimer Units[0m.
[[0;32m  OK  [0m] Listening on [0;1;39mD-Bus System Message Bus Socket[0m.
[[0;32m  OK  [0m] Listening on [0;1;39mOpen-iSCSI iscsid Socket[0m.
[[0;32m  OK  [0m] Listening on [0;1;39mOpen-iSCSI iscsiuio Socket[0m.
[[0;32m  OK  [0m] Listening on [0;1;39mSSSD Kerberos…ache Manager responder socket[0m.
[[0;32m  OK  [0m] Listening on [0;1;39mLibvirt interface local socket[0m.
[[0;32m  OK  [0m] Listening on [0;1;39mVirtual machine lock manager socket[0m.
[[0;32m  OK  [0m] Listening on [0;1;39mVirtual machine log manager socket[0m.
[[0;32m  OK  [0m] Listening on [0;1;39mLibvirt network local socket[0m.
[[0;32m  OK  [0m] Listening on [0;1;39mLibvirt nodedev local socket[0m.
[[0;32m  OK  [0m] Listening on [0;1;39mLibvirt nwfilter local socket[0m.
[[0;32m  OK  [0m] Listening on [0;1;39mLibvirt proxy local socket[0m.
[[0;32m  OK  [0m] Listening on [0;1;39mLibvirt qemu local socket[0m.
[[0;32m  OK  [0m] Listening on [0;1;39mLibvirt qemu admin socket[0m.
[[0;32m  OK  [0m] Listening on [0;1;39mLibvirt qemu local read-only socket[0m.
[[0;32m  OK  [0m] Listening on [0;1;39mLibvirt secret local socket[0m.
[[0;32m  OK  [0m] Listening on [0;1;39mLibvirt storage local socket[0m.
[[0;32m  OK  [0m] Reached target [0;1;39mSocket Units[0m.
         Starting [0;1;39mD-Bus System Message Bus[0m...
[[0;32m  OK  [0m] Started [0;1;39mD-Bus System Message Bus[0m.
[[0;32m  OK  [0m] Reached target [0;1;39mBasic System[0m.
[   12.115136] dbus-broker-lau[255]: memfd_create() called without MFD_EXEC or MFD_NOEXEC_SEAL set
         Starting [0;1;39mNetwork Manager[0m...
         Starting [0;1;39mNTP client/server[0m...
         Starting [0;1;39mRestore /run/initramfs on shutdown[0m...
[[0;32m  OK  [0m] Started [0;1;39mirqbalance daemon[0m.
[[0;32m  OK  [0m] Started [0;1;39mlibstoragemgmt plug-in server daemon[0m.
[[0;32m  OK  [0m] Started [0;1;39mMachine Check Exception Logging Daemon[0m.
[[0;32m  OK  [0m] Reached target [0;1;39msshd-keygen.target[0m.
[[0;32m  OK  [0m] Reached target [0;1;39mUser and Group Name Lookups[0m.
         Starting [0;1;39mUser Login Management[0m...
         Starting [0;1;39mVirtual Machine a…tainer Registration Service[0m...
[[0;32m  OK  [0m] Finished [0;1;39mRestore /run/initramfs on shutdown[0m.
[[0;32m  OK  [0m] Started [0;1;39mVirtual Machine an…ontainer Registration Service[0m.
[[0;32m  OK  [0m] Started [0;1;39mNTP client/server[0m.
         Starting [0;1;39mHostname Service[0m...
[[0;32m  OK  [0m] Started [0;1;39mUser Login Management[0m.
[[0;32m  OK  [0m] Started [0;1;39mHostname Service[0m.
         Starting [0;1;39mNetwork Manager Script Dispatcher Service[0m...
[[0;32m  OK  [0m] Started [0;1;39mNetwork Manager Script Dispatcher Service[0m.
[   12.837964] e1000: eth0 NIC Link is Up 1000 Mbps Full Duplex, Flow Control: RX
[[0;32m  OK  [0m] Started [0;1;39mNetwork Manager[0m.
[[0;32m  OK  [0m] Reached target [0;1;39mNetwork[0m.
[[0;32m  OK  [0m] Reached target [0;1;39mNetwork is Online[0m.
         Starting [0;1;39mGSSAPI Proxy Daemon[0m...
         Starting [0;1;39mNotify NFS peers of a restart[0m...
         Starting [0;1;39mSystem Logging Service[0m...
         Starting [0;1;39mOpenSSH server daemon[0m...
         Starting [0;1;39mDynamic System Tuning Daemon[0m...
[[0;32m  OK  [0m] Started [0;1;39mNotify NFS peers of a restart[0m.
[[0;32m  OK  [0m] Started [0;1;39mOpenSSH server daemon[0m.
[[0;32m  OK  [0m] Started [0;1;39mGSSAPI Proxy Daemon[0m.
[[0;32m  OK  [0m] Reached target [0;1;39mNFS client services[0m.
[[0;32m  OK  [0m] Reached target [0;1;39mPreparation for Remote File Systems[0m.
[[0;32m  OK  [0m] Reached target [0;1;39mRemote File Systems[0m.
         Starting [0;1;39mPermit User Sessions[0m...
         Starting [0;1;39mVirtualization qemu daemon[0m...
[[0;32m  OK  [0m] Started [0;1;39mSystem Logging Service[0m.
[[0;32m  OK  [0m] Finished [0;1;39mPermit User Sessions[0m.
[[0;32m  OK  [0m] Started [0;1;39mDeferred execution scheduler[0m.
[[0;32m  OK  [0m] Started [0;1;39mCommand Scheduler[0m.
         Starting [0;1;39mHold until boot process finishes up[0m...
         Starting [0;1;39mTerminate Plymouth Boot Screen[0m...
[[0;32m  OK  [0m] Started [0;1;39mVirtualization qemu daemon[0m.

CentOS Stream 9
Kernel 6.6.0-rc2-e9cbc89067cc+ on an x86_64

Activate the web console with: systemctl enable --now cockpit.socket

test login: 