c[?7l[2J[0mSeaBIOS (version rel-1.16.0-0-gd239552ce722-prebuilt.qemu.org)


iPXE (http://ipxe.org) 00:03.0 CA00 PCI2.10 PnP PMM+7FF91000+7FEF1000 CA00
Press Ctrl-B to configure iPXE (PCI 00:03.0)...                                                                               


Booting from ROM..c[?7l[2J[    0.000000] Linux version 6.18.0-edd2b9832d60+ (root@gnr-bkc) (gcc (GCC) 11.5.0 20240719 (Red Hat 11.5.0-14), GNU ld version 2.35.2-54.el9) #1 SMP PREEMPT_DYNAMIC Thu Mar 12 19:19:46 CST 2026
[    0.000000] Command line: console=ttyS0 root=/dev/sda earlyprintk=serial net.ifnames=0 thunderbolt.dyndbg
[    0.000000] KERNEL supported cpus:
[    0.000000]   Intel GenuineIntel
[    0.000000]   AMD AuthenticAMD
[    0.000000]   Hygon HygonGenuine
[    0.000000]   Centaur CentaurHauls
[    0.000000]   zhaoxin   Shanghai  
[    0.000000] x86/split lock detection: #DB: warning on user-space bus_locks
[    0.000000] BIOS-provided physical RAM map:
[    0.000000] BIOS-e820: [mem 0x0000000000000000-0x000000000009fbff] usable
[    0.000000] BIOS-e820: [mem 0x000000000009fc00-0x000000000009ffff] reserved
[    0.000000] BIOS-e820: [mem 0x00000000000f0000-0x00000000000fffff] reserved
[    0.000000] BIOS-e820: [mem 0x0000000000100000-0x000000007ffdffff] usable
[    0.000000] BIOS-e820: [mem 0x000000007ffe0000-0x000000007fffffff] reserved
[    0.000000] BIOS-e820: [mem 0x00000000feffc000-0x00000000feffffff] reserved
[    0.000000] BIOS-e820: [mem 0x00000000fffc0000-0x00000000ffffffff] reserved
[    0.000000] printk: legacy bootconsole [earlyser0] enabled
[    0.000000] NX (Execute Disable) protection: active
[    0.000000] APIC: Static calls initialized
[    0.000000] SMBIOS 2.8 present.
[    0.000000] DMI: QEMU Standard PC (i440FX + PIIX, 1996), BIOS rel-1.16.0-0-gd239552ce722-prebuilt.qemu.org 04/01/2014
[    0.000000] DMI: Memory slots populated: 1/1
[    0.000000] Hypervisor detected: KVM
[    0.000000] last_pfn = 0x7ffe0 max_arch_pfn = 0x10000000000
[    0.000000] kvm-clock: Using msrs 4b564d01 and 4b564d00
[    0.000003] kvm-clock: using sched offset of 679073407 cycles
[    0.000510] clocksource: kvm-clock: mask: 0xffffffffffffffff max_cycles: 0x1cd42e4dffb, max_idle_ns: 881590591483 ns
[    0.002078] tsc: Detected 1700.000 MHz processor
[    0.009541] last_pfn = 0x7ffe0 max_arch_pfn = 0x10000000000
[    0.010117] MTRR map: 4 entries (3 fixed + 1 variable; max 19), built from 8 variable MTRRs
[    0.010927] x86/PAT: Configuration [0-7]: WB  WC  UC- UC  WB  WP  UC- WT  
[    0.016633] found SMP MP-table at [mem 0x000f5ba0-0x000f5baf]
[    0.017219] Using GB pages for direct mapping
[    0.019792] ACPI: Early table checksum verification disabled
[    0.020340] ACPI: RSDP 0x00000000000F59C0 000014 (v00 BOCHS )
[    0.020910] ACPI: RSDT 0x000000007FFE1951 000034 (v01 BOCHS  BXPC     00000001 BXPC 00000001)
[    0.021749] ACPI: FACP 0x000000007FFE17FD 000074 (v01 BOCHS  BXPC     00000001 BXPC 00000001)
[    0.022587] ACPI: DSDT 0x000000007FFE0040 0017BD (v01 BOCHS  BXPC     00000001 BXPC 00000001)
[    0.023422] ACPI: FACS 0x000000007FFE0000 000040
[    0.023883] ACPI: APIC 0x000000007FFE1871 000080 (v01 BOCHS  BXPC     00000001 BXPC 00000001)
[    0.024715] ACPI: HPET 0x000000007FFE18F1 000038 (v01 BOCHS  BXPC     00000001 BXPC 00000001)
[    0.025549] ACPI: WAET 0x000000007FFE1929 000028 (v01 BOCHS  BXPC     00000001 BXPC 00000001)
[    0.026379] ACPI: Reserving FACP table memory at [mem 0x7ffe17fd-0x7ffe1870]
[    0.027059] ACPI: Reserving DSDT table memory at [mem 0x7ffe0040-0x7ffe17fc]
[    0.027737] ACPI: Reserving FACS table memory at [mem 0x7ffe0000-0x7ffe003f]
[    0.028416] ACPI: Reserving APIC table memory at [mem 0x7ffe1871-0x7ffe18f0]
[    0.029096] ACPI: Reserving HPET table memory at [mem 0x7ffe18f1-0x7ffe1928]
[    0.029777] ACPI: Reserving WAET table memory at [mem 0x7ffe1929-0x7ffe1950]
[    0.031260] No NUMA configuration found
[    0.031631] Faking a node at [mem 0x0000000000000000-0x000000007ffdffff]
[    0.032329] NODE_DATA(0) allocated [mem 0x7ffb4ec0-0x7ffdfcbf]
[    0.033985] Zone ranges:
[    0.034249]   DMA      [mem 0x0000000000001000-0x0000000000ffffff]
[    0.034858]   DMA32    [mem 0x0000000001000000-0x000000007ffdffff]
[    0.035459]   Normal   empty
[    0.035745]   Device   empty
[    0.036029] Movable zone start for each node
[    0.036453] Early memory node ranges
[    0.036803]   node   0: [mem 0x0000000000001000-0x000000000009efff]
[    0.037411]   node   0: [mem 0x0000000000100000-0x000000007ffdffff]
[    0.038021] Initmem setup node 0 [mem 0x0000000000001000-0x000000007ffdffff]
[    0.039074] On node 0, zone DMA: 1 pages in unavailable ranges
[    0.039832] On node 0, zone DMA: 97 pages in unavailable ranges
[    0.068096] On node 0, zone DMA32: 32 pages in unavailable ranges
[    0.132200] KernelAddressSanitizer initialized (generic)
[    0.133024] ACPI: PM-Timer IO Port: 0x608
[    0.133441] ACPI: LAPIC_NMI (acpi_id[0xff] dfl dfl lint[0x1])
[    0.134058] IOAPIC[0]: apic_id 0, version 17, address 0xfec00000, GSI 0-23
[    0.134737] ACPI: INT_SRC_OVR (bus 0 bus_irq 0 global_irq 2 dfl dfl)
[    0.135358] ACPI: INT_SRC_OVR (bus 0 bus_irq 5 global_irq 5 high level)
[    0.136008] ACPI: INT_SRC_OVR (bus 0 bus_irq 9 global_irq 9 high level)
[    0.136652] ACPI: INT_SRC_OVR (bus 0 bus_irq 10 global_irq 10 high level)
[    0.137312] ACPI: INT_SRC_OVR (bus 0 bus_irq 11 global_irq 11 high level)
[    0.137982] ACPI: Using ACPI (MADT) for SMP configuration information
[    0.138606] ACPI: HPET id: 0x8086a201 base: 0xfed00000
[    0.139114] TSC deadline timer available
[    0.139507] CPU topo: Max. logical packages:   1
[    0.139962] CPU topo: Max. logical dies:       1
[    0.140409] CPU topo: Max. dies per package:   1
[    0.140868] CPU topo: Max. threads per core:   1
[    0.141317] CPU topo: Num. cores per package:     2
[    0.141791] CPU topo: Num. threads per package:   2
[    0.142263] CPU topo: Allowing 2 present CPUs plus 0 hotplug CPUs
[    0.142914] kvm-guest: APIC: eoi() replaced with kvm_guest_apic_eoi_write()
[    0.143613] kvm-guest: KVM setup pv remote TLB flush
[    0.144100] kvm-guest: setup PV sched yield
[    0.144549] PM: hibernation: Registered nosave memory: [mem 0x00000000-0x00000fff]
[    0.145285] PM: hibernation: Registered nosave memory: [mem 0x0009f000-0x000fffff]
[    0.146022] [mem 0x80000000-0xfeffbfff] available for PCI devices
[    0.146613] Booting paravirtualized kernel on KVM
[    0.147072] clocksource: refined-jiffies: mask: 0xffffffff max_cycles: 0xffffffff, max_idle_ns: 7645519600211568 ns
[    0.148097] setup_percpu: NR_CPUS:8192 nr_cpumask_bits:2 nr_cpu_ids:2 nr_node_ids:1
[    0.149380] percpu: Embedded 81 pages/cpu s294912 r8192 d28672 u1048576
[    0.150204] kvm-guest: PV spinlocks enabled
[    0.150622] PV qspinlock hash table entries: 256 (order: 0, 4096 bytes, linear)
[    0.151350] Kernel command line: net.ifnames=0 console=ttyS0 root=/dev/sda earlyprintk=serial net.ifnames=0 thunderbolt.dyndbg
[    0.152740] random: crng init done
[    0.153076] printk: log buffer data + meta data: 262144 + 917504 = 1179648 bytes
[    0.154232] Dentry cache hash table entries: 262144 (order: 9, 2097152 bytes, linear)
[    0.155452] Inode-cache hash table entries: 131072 (order: 8, 1048576 bytes, linear)
[    0.156481] Fallback order for Node 0: 0 
[    0.156492] Built 1 zonelists, mobility grouping on.  Total pages: 524158
[    0.157512] Policy zone: DMA32
[    0.157805] mem auto-init: stack:off, heap alloc:off, heap free:off
[    0.158393] stackdepot: allocating hash table via alloc_large_system_hash
[    0.159038] stackdepot hash table entries: 1048576 (order: 12, 16777216 bytes, linear)
[    0.163461] stackdepot: allocating space for 8192 stack pools via memblock
[    0.200571] SLUB: HWalign=64, Order=0-3, MinObjects=0, CPUs=2, Nodes=1
[    0.201198] kmemleak: Kernel memory leak detector disabled
[    0.237165] ftrace: allocating 75045 entries in 296 pages
[    0.237672] ftrace: allocated 296 pages with 3 groups
[    0.242341] Dynamic Preempt: voluntary
[    0.243209] Running RCU self tests
[    0.243529] Running RCU synchronous self tests
[    0.243953] rcu: Preemptible hierarchical RCU implementation.
[    0.244488] rcu: 	RCU lockdep checking is enabled.
[    0.244940] rcu: 	RCU restricting CPUs from NR_CPUS=8192 to nr_cpu_ids=2.
[    0.245574] 	Trampoline variant of Tasks RCU enabled.
[    0.246046] 	Rude variant of Tasks RCU enabled.
[    0.246470] 	Tracing variant of Tasks RCU enabled.
[    0.246920] rcu: RCU calculated value of scheduler-enlistment delay is 25 jiffies.
[    0.247626] rcu: Adjusting geometry for rcu_fanout_leaf=16, nr_cpu_ids=2
[    0.248342] Running RCU synchronous self tests
[    0.248765] RCU Tasks: Setting shift to 1 and lim to 1 rcu_task_cb_adjust=1 rcu_task_cpu_ids=2.
[    0.249579] RCU Tasks Rude: Setting shift to 1 and lim to 1 rcu_task_cb_adjust=1 rcu_task_cpu_ids=2.
[    0.250435] RCU Tasks Trace: Setting shift to 1 and lim to 1 rcu_task_cb_adjust=1 rcu_task_cpu_ids=2.
[    0.320848] NR_IRQS: 524544, nr_irqs: 440, preallocated irqs: 16
[    0.321971] rcu: srcu_init: Setting srcu_struct sizes based on contention.
[    0.331364] Console: colour VGA+ 80x25
[    0.332220] printk: legacy console [ttyS0] enabled
[    0.332220] printk: legacy console [ttyS0] enabled
[    0.333146] printk: legacy bootconsole [earlyser0] disabled
[    0.333146] printk: legacy bootconsole [earlyser0] disabled
[    0.334224] Lock dependency validator: Copyright (c) 2006 Red Hat, Inc., Ingo Molnar
[    0.334968] ... MAX_LOCKDEP_SUBCLASSES:  8
[    0.335368] ... MAX_LOCK_DEPTH:          48
[    0.335777] ... MAX_LOCKDEP_KEYS:        8192
[    0.336204] ... CLASSHASH_SIZE:          4096
[    0.336629] ... MAX_LOCKDEP_ENTRIES:     32768
[    0.337069] ... MAX_LOCKDEP_CHAINS:      65536
[    0.337501] ... CHAINHASH_SIZE:          32768
[    0.337938]  memory used by lock dependency info: 6429 kB
[    0.338459]  memory used for stack traces: 4224 kB
[    0.338928]  per task-struct memory footprint: 1920 bytes
[    0.339553] ACPI: Core revision 20250807
[    0.340389] clocksource: hpet: mask: 0xffffffff max_cycles: 0xffffffff, max_idle_ns: 19112604467 ns
[    0.341441] APIC: Switch to symmetric I/O mode setup
[    0.342111] x2apic enabled
[    0.342785] APIC: Switched APIC routing to: physical x2apic
[    0.343330] kvm-guest: APIC: send_IPI_mask() replaced with kvm_send_ipi_mask()
[    0.344046] kvm-guest: APIC: send_IPI_mask_allbutself() replaced with kvm_send_ipi_mask_allbutself()
[    0.344930] kvm-guest: setup PV IPIs
[    0.346444] ..TIMER: vector=0x30 apic1=0 pin1=2 apic2=-1 pin2=-1
[    0.347053] clocksource: tsc-early: mask: 0xffffffffffffffff max_cycles: 0x1881273ac8e, max_idle_ns: 440795257284 ns
[    0.348080] Calibrating delay loop (skipped) preset value.. 3400.00 BogoMIPS (lpj=6800000)
[    0.349037] x86/cpu: User Mode Instruction Prevention (UMIP) activated
[    0.352199] Last level iTLB entries: 4KB 0, 2MB 0, 4MB 0
[    0.352718] Last level dTLB entries: 4KB 0, 2MB 0, 4MB 0, 1GB 0
[    0.353314] mitigations: Enabled attack vectors: user_kernel, user_user, guest_host, guest_guest, SMT mitigations: auto
[    0.354362] Speculative Store Bypass: Mitigation: Speculative Store Bypass disabled via prctl
[    0.355182] Spectre V2 : Mitigation: Enhanced / Automatic IBRS
[    0.356073] ITS: Mitigation: Aligned branch/return thunks
[    0.356602] Spectre V1 : Mitigation: usercopy/swapgs barriers and __user pointer sanitization
[    0.357417] Spectre V2 : WARNING: Unprivileged eBPF is enabled with eIBRS on, data leaks possible via Spectre v2 BHB attacks!
[    0.358498] Spectre V2 : Spectre v2 / PBRSB-eIBRS: Retire a single CALL on VMEXIT
[    0.359224] Spectre V2 : mitigation: Enabling conditional Indirect Branch Prediction Barrier
[    0.360043] active return thunk: its_return_thunk
[    0.360531] Spectre V2 : Spectre BHI mitigation: SW BHB clearing on syscall and VM exit
[    0.361347] x86/fpu: Supporting XSAVE feature 0x001: 'x87 floating point registers'
[    0.362091] x86/fpu: Supporting XSAVE feature 0x002: 'SSE registers'
[    0.362712] x86/fpu: Supporting XSAVE feature 0x004: 'AVX registers'
[    0.363333] x86/fpu: Supporting XSAVE feature 0x020: 'AVX-512 opmask'
[    0.363963] x86/fpu: Supporting XSAVE feature 0x040: 'AVX-512 Hi256'
[    0.364072] x86/fpu: Supporting XSAVE feature 0x080: 'AVX-512 ZMM_Hi256'
[    0.364725] x86/fpu: Supporting XSAVE feature 0x200: 'Protection Keys User registers'
[    0.365488] x86/fpu: Supporting XSAVE feature 0x20000: 'AMX Tile config'
[    0.366144] x86/fpu: Supporting XSAVE feature 0x40000: 'AMX Tile data'
[    0.366780] x86/fpu: xstate_offset[2]:  576, xstate_sizes[2]:  256
[    0.367385] x86/fpu: xstate_offset[5]:  832, xstate_sizes[5]:   64
[    0.368072] x86/fpu: xstate_offset[6]:  896, xstate_sizes[6]:  512
[    0.368675] x86/fpu: xstate_offset[7]: 1408, xstate_sizes[7]: 1024
[    0.369280] x86/fpu: xstate_offset[9]: 2432, xstate_sizes[9]:    8
[    0.369884] x86/fpu: xstate_offset[17]: 2496, xstate_sizes[17]:   64
[    0.370503] x86/fpu: xstate_offset[18]: 2560, xstate_sizes[18]: 8192
[    0.371130] x86/fpu: Enabled xstate features 0x602e7, context size is 10752 bytes, using 'compacted' format.
[    0.534168] Freeing SMP alternatives memory: 64K
[    0.534643] pid_max: default: 32768 minimum: 301
[    0.535446] Yama: becoming mindful.
[    0.536245] Mount-cache hash table entries: 4096 (order: 3, 32768 bytes, linear)
[    0.536974] Mountpoint-cache hash table entries: 4096 (order: 3, 32768 bytes, linear)
[    0.539347] Running RCU synchronous self tests
[    0.539798] Running RCU synchronous self tests
[    0.540386] smpboot: CPU0: Intel(R) Xeon(R) Gold 6414TDX (family: 0x6, model: 0x8f, stepping: 0x6)
[    0.542046] Performance Events: PEBS fmt0-, Sapphire Rapids events, full-width counters, Intel PMU driver.
[    0.543122] ... version:                   2
[    0.543553] ... bit width:                 48
[    0.543984] ... generic counters:          8
[    0.544075] ... generic bitmap:            00000000000000ff
[    0.544621] ... fixed-purpose counters:    4
[    0.545046] ... fixed-purpose bitmap:      000000000000000f
[    0.545590] ... value mask:                0000ffffffffffff
[    0.546140] ... max period:                00007fffffffffff
[    0.546686] ... global_ctrl mask:          0000000f000000ff
[    0.547764] signal: max sigframe size: 11952
[    0.548228] rcu: Hierarchical SRCU implementation.
[    0.548701] rcu: 	Max phase no-delay instances is 1000.
[    0.549430] Timer migration: 1 hierarchy levels; 8 children per group; 1 crossnode level
[    0.574666] smp: Bringing up secondary CPUs ...
[    0.575700] smpboot: x86: Booting SMP configuration:
[    0.576095] .... node  #0, CPUs:      #1
[    0.576332] smp: Brought up 1 node, 2 CPUs
[    0.576961] smpboot: Total of 2 processors activated (6800.00 BogoMIPS)
[    0.578406] Memory: 1591816K/2096632K available (80466K kernel code, 15525K rwdata, 18760K rodata, 16292K init, 21012K bss, 493188K reserved, 0K cma-reserved)
[    0.580775] devtmpfs: initialized
[    0.581149] x86/mm: Memory block size: 128MB
[    0.593306] Running RCU synchronous self tests
[    0.593805] Running RCU synchronous self tests
[    0.594271] Running RCU Tasks wait API self tests
[    0.596107] Running RCU Tasks Rude wait API self tests
[    0.596591] Running RCU Tasks Trace wait API self tests
[    0.616083] clocksource: jiffies: mask: 0xffffffff max_cycles: 0xffffffff, max_idle_ns: 7645041785100000 ns
[    0.620118] posixtimers hash table entries: 1024 (order: 5, 73728 bytes, linear)
[    0.620909] futex hash table entries: 512 (65536 bytes on 1 NUMA nodes, total 64 KiB, linear).
[    0.623210] pinctrl core: initialized pinctrl subsystem
[    0.625497] 
[    0.625676] *************************************************************
[    0.626343] **     NOTICE NOTICE NOTICE NOTICE NOTICE NOTICE NOTICE    **
[    0.627011] **                                                         **
[    0.627673] **  IOMMU DebugFS SUPPORT HAS BEEN ENABLED IN THIS KERNEL  **
[    0.628077] **                                                         **
[    0.628740] ** This means that this kernel is built to expose internal **
[    0.629401] ** IOMMU data structures, which may compromise security on **
[    0.630066] ** your system.                                            **
[    0.630732] **                                                         **
[    0.631392] ** If you see this message and you are not debugging the   **
[    0.632058] ** kernel, report this immediately to your vendor!         **
[    0.632076] **                                                         **
[    0.632735] **     NOTICE NOTICE NOTICE NOTICE NOTICE NOTICE NOTICE    **
[    0.633403] *************************************************************
[    0.634158] PM: RTC time: 11:21:07, date: 2026-03-12
[    0.637247] NET: Registered PF_NETLINK/PF_ROUTE protocol family
[    0.639499] DMA: preallocated 256 KiB GFP_KERNEL pool for atomic allocations
[    0.640097] DMA: preallocated 256 KiB GFP_KERNEL|GFP_DMA pool for atomic allocations
[    0.640870] DMA: preallocated 256 KiB GFP_KERNEL|GFP_DMA32 pool for atomic allocations
[    0.641723] audit: initializing netlink subsys (disabled)
[    0.642298] audit: type=2000 audit(1773314467.917:1): state=initialized audit_enabled=0 res=1
[    0.642298] thermal_sys: Registered thermal governor 'fair_share'
[    0.642298] thermal_sys: Registered thermal governor 'bang_bang'
[    0.642625] thermal_sys: Registered thermal governor 'step_wise'
[    0.643213] thermal_sys: Registered thermal governor 'user_space'
[    0.644148] cpuidle: using governor ladder
[    0.645106] cpuidle: using governor menu
[    0.645106] acpiphp: ACPI Hot Plug PCI Controller Driver version: 0.5
[    0.646437] PCI: Using configuration type 1 for base access
[    0.648415] kprobes: kprobe jump-optimization is enabled. All kprobes are optimized if possible.
[    0.652581] Callback from call_rcu_tasks_trace() invoked.
[    0.845219] HugeTLB: registered 1.00 GiB page size, pre-allocated 0 pages
[    0.845219] HugeTLB: 16380 KiB vmemmap can be freed for a 1.00 GiB page
[    0.845219] HugeTLB: registered 2.00 MiB page size, pre-allocated 0 pages
[    0.845219] HugeTLB: 28 KiB vmemmap can be freed for a 2.00 MiB page
[    0.854869] ACPI: Added _OSI(Module Device)
[    0.855320] ACPI: Added _OSI(Processor Device)
[    0.855764] ACPI: Added _OSI(Processor Aggregator Device)
[    0.873593] ACPI: 1 ACPI AML tables successfully acquired and loaded
[    0.890320] ACPI: Interpreter enabled
[    0.890856] ACPI: PM: (supports S0 S3 S4 S5)
[    0.891282] ACPI: Using IOAPIC for interrupt routing
[    0.891886] PCI: Using host bridge windows from ACPI; if necessary, use "pci=nocrs" and report a bug
[    0.892075] PCI: Using E820 reservations for host bridge windows
[    0.894027] ACPI: Enabled 2 GPEs in block 00 to 0F
[    0.939468] ACPI: PCI Root Bridge [PCI0] (domain 0000 [bus 00-ff])
[    0.940097] acpi PNP0A03:00: _OSC: OS supports [ASPM ClockPM Segments MSI EDR HPX-Type3]
[    0.940893] acpi PNP0A03:00: _OSC: not requesting OS control; OS requires [ExtendedConfig ASPM ClockPM MSI]
[    0.942004] acpi PNP0A03:00: fail to add MMCONFIG information, can't access extended configuration space under this bridge
[    0.948225] acpiphp: Slot [3] registered
[    0.948768] acpiphp: Slot [4] registered
[    0.949308] acpiphp: Slot [5] registered
[    0.949863] acpiphp: Slot [6] registered
[    0.950404] acpiphp: Slot [7] registered
[    0.950944] acpiphp: Slot [8] registered
[    0.951487] acpiphp: Slot [9] registered
[    0.952030] acpiphp: Slot [10] registered
[    0.952221] acpiphp: Slot [11] registered
[    0.952774] acpiphp: Slot [12] registered
[    0.953323] acpiphp: Slot [13] registered
[    0.953872] acpiphp: Slot [14] registered
[    0.954415] acpiphp: Slot [15] registered
[    0.954967] acpiphp: Slot [16] registered
[    0.955519] acpiphp: Slot [17] registered
[    0.956072] acpiphp: Slot [18] registered
[    0.956620] acpiphp: Slot [19] registered
[    0.957169] acpiphp: Slot [20] registered
[    0.957725] acpiphp: Slot [21] registered
[    0.958276] acpiphp: Slot [22] registered
[    0.958829] acpiphp: Slot [23] registered
[    0.959378] acpiphp: Slot [24] registered
[    0.959933] acpiphp: Slot [25] registered
[    0.964224] acpiphp: Slot [26] registered
[    0.964778] acpiphp: Slot [27] registered
[    0.965325] acpiphp: Slot [28] registered
[    0.965873] acpiphp: Slot [29] registered
[    0.966424] acpiphp: Slot [30] registered
[    0.966969] acpiphp: Slot [31] registered
[    0.967442] PCI host bridge to bus 0000:00
[    0.967906] pci_bus 0000:00: root bus resource [io  0x0000-0x0cf7 window]
[    0.968077] pci_bus 0000:00: root bus resource [io  0x0d00-0xffff window]
[    0.968748] pci_bus 0000:00: root bus resource [mem 0x000a0000-0x000bffff window]
[    0.969480] pci_bus 0000:00: root bus resource [mem 0x80000000-0xfebfffff window]
[    0.970214] pci_bus 0000:00: root bus resource [mem 0x100000000-0x17fffffff window]
[    0.970967] pci_bus 0000:00: root bus resource [bus 00-ff]
[    0.971614] pci 0000:00:00.0: [8086:1237] type 00 class 0x060000 conventional PCI endpoint
[    0.982931] pci 0000:00:01.0: [8086:7000] type 00 class 0x060100 conventional PCI endpoint
[    0.985438] pci 0000:00:01.1: [8086:7010] type 00 class 0x010180 conventional PCI endpoint
[    0.986923] pci 0000:00:01.1: BAR 4 [io  0xc040-0xc04f]
[    0.987539] pci 0000:00:01.1: BAR 0 [io  0x01f0-0x01f7]: legacy IDE quirk
[    0.988076] pci 0000:00:01.1: BAR 1 [io  0x03f6]: legacy IDE quirk
[    0.988763] pci 0000:00:01.1: BAR 2 [io  0x0170-0x0177]: legacy IDE quirk
[    0.989515] pci 0000:00:01.1: BAR 3 [io  0x0376]: legacy IDE quirk
[    0.990810] pci 0000:00:01.3: [8086:7113] type 00 class 0x068000 conventional PCI endpoint
[    0.992045] pci 0000:00:01.3: quirk: [io  0x0600-0x063f] claimed by PIIX4 ACPI
[    0.992083] pci 0000:00:01.3: quirk: [io  0x0700-0x070f] claimed by PIIX4 SMB
[    0.993492] pci 0000:00:02.0: [1234:1111] type 00 class 0x030000 conventional PCI endpoint
[    0.995468] pci 0000:00:02.0: BAR 0 [mem 0xfd000000-0xfdffffff pref]
[    0.996092] pci 0000:00:02.0: BAR 2 [mem 0xfebf0000-0xfebf0fff]
[    0.996702] pci 0000:00:02.0: ROM [mem 0xfebe0000-0xfebeffff pref]
[    0.997411] pci 0000:00:02.0: Video device with shadowed ROM at [mem 0x000c0000-0x000dffff]
[    1.007595] pci 0000:00:03.0: [8086:100e] type 00 class 0x020000 conventional PCI endpoint
[    1.008939] pci 0000:00:03.0: BAR 0 [mem 0xfebc0000-0xfebdffff]
[    1.009534] pci 0000:00:03.0: BAR 1 [io  0xc000-0xc03f]
[    1.010079] pci 0000:00:03.0: ROM [mem 0xfeb80000-0xfebbffff pref]
[    1.033628] ACPI: PCI: Interrupt link LNKA configured for IRQ 10
[    1.035290] ACPI: PCI: Interrupt link LNKB configured for IRQ 10
[    1.036899] ACPI: PCI: Interrupt link LNKC configured for IRQ 11
[    1.038609] ACPI: PCI: Interrupt link LNKD configured for IRQ 11
[    1.039637] ACPI: PCI: Interrupt link LNKS configured for IRQ 9
[    1.044110] iommu: Default domain type: Translated
[    1.044600] iommu: DMA domain TLB invalidation policy: lazy mode
[    1.048913] SCSI subsystem initialized
[    1.049808] ACPI: bus type USB registered
[    1.050431] usbcore: registered new interface driver usbfs
[    1.051078] usbcore: registered new interface driver hub
[    1.051663] usbcore: registered new device driver usb
[    1.052436] pps_core: LinuxPPS API ver. 1 registered
[    1.052931] pps_core: Software ver. 5.3.6 - Copyright 2005-2007 Rodolfo Giometti <giometti@linux.it>
[    1.053844] PTP clock support registered
[    1.056247] EDAC MC: Ver: 3.0.0
[    1.060068] NetLabel: Initializing
[    1.060079] NetLabel:  domain hash size = 128
[    1.060512] NetLabel:  protocols = UNLABELED CIPSOv4 CALIPSO
[    1.061198] NetLabel:  unlabeled traffic allowed by default
[    1.062266] PCI: Using ACPI for IRQ routing
[    1.063057] pci 0000:00:02.0: vgaarb: setting as boot VGA device
[    1.063666] pci 0000:00:02.0: vgaarb: bridge control possible
[    1.064068] pci 0000:00:02.0: vgaarb: VGA device added: decodes=io+mem,owns=io+mem,locks=none
[    1.064075] vgaarb: loaded
[    1.068513] hpet0: at MMIO 0xfed00000, IRQs 2, 8, 0
[    1.069044] hpet0: 3 comparators, 64-bit 100.000000 MHz counter
[    1.077369] clocksource: Switched to clocksource kvm-clock
[    3.931175] VFS: Disk quotas dquot_6.6.0
[    3.931642] VFS: Dquot-cache hash table entries: 512 (order 0, 4096 bytes)
[    3.934981] pnp: PnP ACPI init
[    3.939744] pnp: PnP ACPI: found 6 devices
[    3.961961] clocksource: acpi_pm: mask: 0xffffff max_cycles: 0xffffff, max_idle_ns: 2085701024 ns
[    3.963351] NET: Registered PF_INET protocol family
[    3.963983] IP idents hash table entries: 32768 (order: 6, 262144 bytes, linear)
[    3.966273] tcp_listen_portaddr_hash hash table entries: 1024 (order: 5, 73728 bytes, linear)
[    3.967174] Table-perturb hash table entries: 65536 (order: 6, 262144 bytes, linear)
[    3.967992] TCP established hash table entries: 16384 (order: 5, 131072 bytes, linear)
[    3.969425] TCP bind hash table entries: 16384 (order: 10, 2359296 bytes, linear)
[    3.971349] TCP: Hash tables configured (established 16384 bind 16384)
[    3.972126] UDP hash table entries: 1024 (order: 6, 262144 bytes, linear)
[    3.972867] UDP-Lite hash table entries: 1024 (order: 6, 262144 bytes, linear)
[    3.974043] NET: Registered PF_UNIX/PF_LOCAL protocol family
[    3.975475] RPC: Registered named UNIX socket transport module.
[    3.976084] RPC: Registered udp transport module.
[    3.976556] RPC: Registered tcp transport module.
[    3.977026] RPC: Registered tcp-with-tls transport module.
[    3.977587] RPC: Registered tcp NFSv4.1 backchannel transport module.
[    3.978244] pci_bus 0000:00: resource 4 [io  0x0000-0x0cf7 window]
[    3.978861] pci_bus 0000:00: resource 5 [io  0x0d00-0xffff window]
[    3.979474] pci_bus 0000:00: resource 6 [mem 0x000a0000-0x000bffff window]
[    3.980155] pci_bus 0000:00: resource 7 [mem 0x80000000-0xfebfffff window]
[    3.980837] pci_bus 0000:00: resource 8 [mem 0x100000000-0x17fffffff window]
[    3.981928] pci 0000:00:01.0: PIIX3: Enabling Passive Release
[    3.982509] pci 0000:00:00.0: Limiting direct PCI/PCI transfers
[    3.983195] PCI: CLS 0 bytes, default 64
[    3.983698] ACPI: bus type thunderbolt registered
[    3.984589] clocksource: tsc: mask: 0xffffffffffffffff max_cycles: 0x1881273ac8e, max_idle_ns: 440795257284 ns
[    3.985686] sgx: There are zero EPC sections.
[    3.992376] Initialise system trusted keyrings
[    3.992952] Key type blacklist registered
[    3.993597] workingset: timestamp_bits=36 max_order=19 bucket_order=0
[    3.996307] squashfs: version 4.0 (2009/01/31) Phillip Lougher
[    3.998630] NFS: Registering the id_resolver key type
[    3.999159] Key type id_resolver registered
[    3.999584] Key type id_legacy registered
[    4.000042] nfs4filelayout_init: NFSv4 File Layout Driver Registering...
[    4.000730] nfs4flexfilelayout_init: NFSv4 Flexfile Layout Driver Registering...
[    4.001865] fuse: init (API version 7.45)
[    4.002899] SGI XFS with ACLs, security attributes, realtime, quota, no debug enabled
[    4.005304] 9p: Installing v9fs 9p2000 file system support
[    4.021378] Key type asymmetric registered
[    4.021829] Asymmetric key parser 'x509' registered
[    4.022369] Callback from call_rcu_tasks() invoked.
[    4.022457] Block layer SCSI generic (bsg) driver version 0.4 loaded (major 241)
[    4.023874] io scheduler mq-deadline registered
[    4.024438] io scheduler bfq registered
[    4.025365] ledtrig-cpu: registered to indicate activity on CPUs
[    4.027467] IPMI message handler: version 39.2
[    4.027997] ipmi device interface
[    4.030435] input: Power Button as /devices/LNXSYSTM:00/LNXPWRBN:00/input/input0
[    4.031769] ACPI: button: Power Button [PWRF]
[    4.033794] ERST DBG: ERST support is disabled.
[    4.035678] Serial: 8250/16550 driver, 32 ports, IRQ sharing enabled
[    4.037534] 00:04: ttyS0 at I/O 0x3f8 (irq = 4, base_baud = 115200) is a 16550A
[    4.068120] Linux agpgart interface v0.103
[    4.071422] ACPI: bus type drm_connector registered
[    4.096421] brd: module loaded
[    4.112809] loop: module loaded
[    4.122937] scsi host0: ata_piix
[    4.124439] scsi host1: ata_piix
[    4.125317] ata1: PATA max MWDMA2 cmd 0x1f0 ctl 0x3f6 bmdma 0xc040 irq 14 lpm-pol 0
[    4.126094] ata2: PATA max MWDMA2 cmd 0x170 ctl 0x376 bmdma 0xc048 irq 15 lpm-pol 0
[    4.130073] tun: Universal TUN/TAP device driver, 1.6
[    4.130953] e100: Intel(R) PRO/100 Network Driver
[    4.131421] e100: Copyright(c) 1999-2006 Intel Corporation
[    4.132106] e1000: Intel(R) PRO/1000 Network Driver
[    4.132592] e1000: Copyright (c) 1999-2006 Intel Corporation.
[    4.281607] ata2: found unknown device (class 0)
[    4.282619] ata2.00: ATAPI: QEMU DVD-ROM, 2.5+, max UDMA/100
[    4.285583] ata1: found unknown device (class 0)
[    4.286473] ata1.00: ATA-7: QEMU HARDDISK, 2.5+, max UDMA/100
[    4.287042] ata1.00: 17196647 sectors, multi 16: LBA48 
[    4.288637] scsi 0:0:0:0: Direct-Access     ATA      QEMU HARDDISK    2.5+ PQ: 0 ANSI: 5
[    4.292088] sd 0:0:0:0: Attached scsi generic sg0 type 0
[    4.293013] sd 0:0:0:0: [sda] 17196647 512-byte logical blocks: (8.80 GB/8.20 GiB)
[    4.294254] sd 0:0:0:0: [sda] Write Protect is off
[    4.294894] sd 0:0:0:0: [sda] Write cache: enabled, read cache: enabled, doesn't support DPO or FUA
[    4.295821] scsi 1:0:0:0: CD-ROM            QEMU     QEMU DVD-ROM     2.5+ PQ: 0 ANSI: 5
[    4.296787] sd 0:0:0:0: [sda] Preferred minimum I/O size 512 bytes
[    4.325571] scsi 1:0:0:0: Attached scsi generic sg1 type 5
[    4.326712] sd 0:0:0:0: [sda] Attached SCSI disk
[    4.973230] ACPI: \_SB_.LNKC: Enabled at IRQ 11
[    5.289935] e1000 0000:00:03.0 eth0: (PCI:33MHz:32-bit) 52:54:00:12:34:56
[    5.290640] e1000 0000:00:03.0 eth0: Intel(R) PRO/1000 Network Connection
[    5.291493] e1000e: Intel(R) PRO/1000 Network Driver
[    5.292030] e1000e: Copyright(c) 1999 - 2015 Intel Corporation.
[    5.293154] igb: Intel(R) Gigabit Ethernet Network Driver
[    5.293773] igb: Copyright (c) 2007-2014 Intel Corporation.
[    5.294813] PPP generic driver version 2.4.2
[    5.296140] VFIO - User Level meta-driver version: 0.3
[    5.298011] usbcore: registered new interface driver uas
[    5.298700] usbcore: registered new interface driver usb-storage
[    5.299560] i8042: PNP: PS/2 Controller [PNP0303:KBD,PNP0f13:MOU] at 0x60,0x64 irq 1,12
[    5.301350] serio: i8042 KBD port at 0x60,0x64 irq 1
[    5.301938] serio: i8042 AUX port at 0x60,0x64 irq 12
[    5.303547] mousedev: PS/2 mouse device common for all mice
[    5.305353] input: AT Translated Set 2 keyboard as /devices/platform/i8042/serio0/input/input1
[    5.306020] rtc_cmos 00:05: RTC can wake from S4
[    5.308179] input: VirtualPS/2 VMware VMMouse as /devices/platform/i8042/serio1/input/input4
[    5.308926] rtc_cmos 00:05: registered as rtc0
[    5.309607] rtc_cmos 00:05: setting system clock to 2026-03-12T11:21:11 UTC (1773314471)
[    5.310861] rtc_cmos 00:05: alarms up to one day, y3k, 242 bytes nvram, hpet irqs
[    5.310964] input: VirtualPS/2 VMware VMMouse as /devices/platform/i8042/serio1/input/input3
[    5.311675] i2c_dev: i2c /dev entries driver
[    5.312986] device-mapper: core: CONFIG_IMA_DISABLE_HTABLE is disabled. Duplicate IMA measurements will not be recorded in the IMA log.
[    5.314207] device-mapper: uevent: version 1.0.3
[    5.315098] device-mapper: ioctl: 4.50.0-ioctl (2025-04-28) initialised: dm-devel@lists.linux.dev
[    5.315972] intel_pstate: CPU model not supported
[    5.316675] sdhci: Secure Digital Host Controller Interface driver
[    5.317277] sdhci: Copyright(c) Pierre Ossman
[    5.317930] sdhci-pltfm: SDHCI platform and OF driver helper
[    5.319035] drop_monitor: Initializing network drop monitor service
[    5.320011] NET: Registered PF_INET6 protocol family
[    5.322807] Segment Routing with IPv6
[    5.323307] In-situ OAM (IOAM) with IPv6
[    5.323771] NET: Registered PF_PACKET protocol family
[    5.324487] 9pnet: Installing 9P2000 support
[    5.325031] Key type dns_resolver registered
[    5.327018] IPI shorthand broadcast: enabled
[    5.388339] sched_clock: Marking stable (5364004038, 21446519)->(5388570229, -3119672)
[    5.390556] registered taskstats version 1
[    5.391384] Loading compiled-in X.509 certificates
[    5.475582] Demotion targets for Node 0: null
[    5.477423] Key type .fscrypt registered
[    5.477876] Key type fscrypt-provisioning registered
[    5.480312] Key type encrypted registered
[    5.480756] ima: No TPM chip found, activating TPM-bypass!
[    5.481316] ima: Allocated hash algorithm: sha1
[    5.481844] ima: No architecture policies found
[    5.482468] evm: Initialising EVM extended attributes:
[    5.482978] evm: security.selinux
[    5.483311] evm: security.SMACK64
[    5.483647] evm: security.SMACK64EXEC
[    5.484013] evm: security.SMACK64TRANSMUTE
[    5.484420] evm: security.SMACK64MMAP
[    5.484791] evm: security.apparmor
[    5.485131] evm: security.ima
[    5.485430] evm: security.capability
[    5.485804] evm: HMAC attrs: 0x1
[    5.488778] PM:   Magic number: 2:870:377
[    5.489297] acpi PNP0700:00: hash matches
[    5.490401] RAS: Correctable Errors collector initialized.
[    5.491165] clk: Disabling unused clocks
[    5.491604] PM: genpd: Disabling unused power domains
[    5.492773] check access for rdinit=/init failed: -2, ignoring
[    5.493167] md: Waiting for all devices to be available before autodetect
[    5.493670] md: If you don't use raid, use raid=noautodetect
[    5.494098] md: Autodetecting RAID arrays.
[    5.494386] md: autorun ...
[    5.494588] md: ... autorun DONE.
[    5.500251] EXT4-fs (sda): INFO: recovery required on readonly filesystem
[    5.500737] EXT4-fs (sda): write access will be enabled during recovery
[    6.058567] EXT4-fs (sda): recovery complete
[    6.060091] EXT4-fs (sda): mounted filesystem 088740a9-c8b4-422c-999d-a804eb68a4da ro with ordered data mode. Quota mode: none.
[    6.060932] VFS: Mounted root (ext4 filesystem) readonly on device 8:0.
[    6.062945] devtmpfs: mounted
[    6.084375] Freeing unused decrypted memory: 2036K
[    6.090184] Freeing unused kernel image (initmem) memory: 16292K
[    6.090862] Write protecting the kernel read-only data: 102400k
[    6.094133] Freeing unused kernel image (text/rodata gap) memory: 1452K
[    6.095944] Freeing unused kernel image (rodata/data gap) memory: 1720K
[    7.222854] x86/mm: Checked W+X mappings: passed, no W+X pages found.
[    7.223338] Run /sbin/init as init process
[    7.339066] systemd[1]: systemd 252-15.el9 running in system mode (+PAM +AUDIT +SELINUX -APPARMOR +IMA +SMACK +SECCOMP +GCRYPT +GNUTLS +OPENSSL +ACL +BLKID +CURL +ELFUTILS -FIDO2 +IDN2 -IDN -IPTC +KMOD +LIBCRYPTSETUP +LIBFDISK +PCRE2 -PWQUALITY +P11KIT -QRENCODE +TPM2 +BZIP2 +LZ4 +XZ +ZLIB +ZSTD -BPF_FRAMEWORK +XKBCOMMON +UTMP +SYSVINIT default-hierarchy=unified)
[    7.341206] systemd[1]: Detected virtualization kvm.
[    7.341586] systemd[1]: Detected architecture x86-64.

Welcome to [0;31mCentOS Stream 9[0m!

[    7.345764] systemd[1]: Hostname set to <test>.
[    7.590581] systemd-rc-local-generator[126]: /etc/rc.d/rc.local is not marked executable, skipping.
[    7.808216] systemd[1]: Queued start job for default target Multi-User System.
[    7.824028] systemd[1]: Created slice Virtual Machine and Container Slice.
[[0;32m  OK  [0m] Created slice [0;1;39mVirtual Machine and Container Slice[0m.
[    7.829174] systemd[1]: Created slice Slice /system/getty.
[[0;32m  OK  [0m] Created slice [0;1;39mSlice /system/getty[0m.
[    7.832153] systemd[1]: Created slice Slice /system/modprobe.
[[0;32m  OK  [0m] Created slice [0;1;39mSlice /system/modprobe[0m.
[    7.835209] systemd[1]: Created slice Slice /system/serial-getty.
[[0;32m  OK  [0m] Created slice [0;1;39mSlice /system/serial-getty[0m.
[    7.838280] systemd[1]: Created slice Slice /system/sshd-keygen.
[[0;32m  OK  [0m] Created slice [0;1;39mSlice /system/sshd-keygen[0m.
[    7.841033] systemd[1]: Created slice User and Session Slice.
[[0;32m  OK  [0m] Created slice [0;1;39mUser and Session Slice[0m.
[    7.842451] systemd[1]: Started Forward Password Requests to Wall Directory Watch.
[[0;32m  OK  [0m] Started [0;1;39mForward Password R…uests to Wall Directory Watch[0m.
[    7.844732] systemd[1]: Set up automount Arbitrary Executable File Formats File System Automount Point.
[[0;32m  OK  [0m] Set up automount [0;1;39mArbitrary…s File System Automount Point[0m.
[    7.846274] systemd[1]: Reached target Local Integrity Protected Volumes.
[[0;32m  OK  [0m] Reached target [0;1;39mLocal Integrity Protected Volumes[0m.
[    7.847484] systemd[1]: Reached target Slice Units.
[[0;32m  OK  [0m] Reached target [0;1;39mSlice Units[0m.
[    7.848395] systemd[1]: Reached target Swaps.
[[0;32m  OK  [0m] Reached target [0;1;39mSwaps[0m.
[    7.849226] systemd[1]: Reached target Local Verity Protected Volumes.
[[0;32m  OK  [0m] Reached target [0;1;39mLocal Verity Protected Volumes[0m.
[    7.850721] systemd[1]: Listening on Device-mapper event daemon FIFOs.
[[0;32m  OK  [0m] Listening on [0;1;39mDevice-mapper event daemon FIFOs[0m.
[    7.852399] systemd[1]: Listening on LVM2 poll daemon socket.
[[0;32m  OK  [0m] Listening on [0;1;39mLVM2 poll daemon socket[0m.
[    7.853701] systemd[1]: multipathd control socket was skipped because of an unmet condition check (ConditionPathExists=/etc/multipath.conf).
[    7.882970] systemd[1]: Listening on RPCbind Server Activation Socket.
[[0;32m  OK  [0m] Listening on [0;1;39mRPCbind Server Activation Socket[0m.
[    7.884245] systemd[1]: Reached target RPC Port Mapper.
[[0;32m  OK  [0m] Reached target [0;1;39mRPC Port Mapper[0m.
[    7.887367] systemd[1]: Listening on Process Core Dump Socket.
[[0;32m  OK  [0m] Listening on [0;1;39mProcess Core Dump Socket[0m.
[    7.888830] systemd[1]: Listening on initctl Compatibility Named Pipe.
[[0;32m  OK  [0m] Listening on [0;1;39minitctl Compatibility Named Pipe[0m.
[    7.891058] systemd[1]: Listening on Journal Socket (/dev/log).
[[0;32m  OK  [0m] Listening on [0;1;39mJournal Socket (/dev/log)[0m.
[    7.893140] systemd[1]: Listening on Journal Socket.
[[0;32m  OK  [0m] Listening on [0;1;39mJournal Socket[0m.
[    7.894787] systemd[1]: Listening on udev Control Socket.
[[0;32m  OK  [0m] Listening on [0;1;39mudev Control Socket[0m.
[    7.896162] systemd[1]: Listening on udev Kernel Socket.
[[0;32m  OK  [0m] Listening on [0;1;39mudev Kernel Socket[0m.
[    7.902390] systemd[1]: Mounting Huge Pages File System...
         Mounting [0;1;39mHuge Pages File System[0m...
[    7.908268] systemd[1]: Mounting POSIX Message Queue File System...
         Mounting [0;1;39mPOSIX Message Queue File System[0m...
[    7.917768] systemd[1]: Mounting Kernel Debug File System...
         Mounting [0;1;39mKernel Debug File System[0m...
[    7.928599] systemd[1]: Mounting Kernel Trace File System...
         Mounting [0;1;39mKernel Trace File System[0m...
[    7.930673] systemd[1]: Kernel Module supporting RPCSEC_GSS was skipped because of an unmet condition check (ConditionPathExists=/etc/krb5.keytab).
[    7.931695] systemd[1]: Create List of Static Device Nodes was skipped because of an unmet condition check (ConditionFileNotEmpty=/lib/modules/6.18.0-edd2b9832d60+/modules.devname).
[    7.940839] systemd[1]: Starting Monitoring of LVM2 mirrors, snapshots etc. using dmeventd or progress polling...
         Starting [0;1;39mMonitoring of LVM…meventd or progress polling[0m...
[    7.948209] systemd[1]: Starting Load Kernel Module configfs...
         Starting [0;1;39mLoad Kernel Module configfs[0m...
[    7.962008] systemd[1]: Starting Load Kernel Module drm...
         Starting [0;1;39mLoad Kernel Module drm[0m...
[    7.973735] systemd[1]: Starting Load Kernel Module fuse...
         Starting [0;1;39mLoad Kernel Module fuse[0m...
[    7.997641] systemd[1]: Starting Read and set NIS domainname from /etc/sysconfig/network...
         Starting [0;1;39mRead and set NIS …from /etc/sysconfig/network[0m...
[    8.015293] systemd[1]: Starting Journal Service...
         Starting [0;1;39mJournal Service[0m...
[    8.023526] systemd[1]: Starting Load Kernel Modules...
         Starting [0;1;39mLoad Kernel Modules[0m...
[    8.050128] systemd[1]: Starting Generate network units from Kernel command line...
         Starting [0;1;39mGenerate network …ts from Kernel command line[0m...
[    8.065377] systemd[1]: Starting Remount Root and Kernel File Systems...
         Starting [0;1;39mRemount Root and Kernel File Systems[0m...
[    8.069392] systemd[1]: Repartition Root Disk was skipped because no trigger condition checks were met.
[    8.079454] systemd[1]: Starting Coldplug All udev Devices...
         Starting [0;1;39mColdplug All udev Devices[0m...
[    8.106801] systemd[1]: Mounted Huge Pages File System.
[[0;32m  OK  [0m] Mounted [0;1;39mHuge Pages File System[0m.
[    8.109984] systemd[1]: Mounted POSIX Message Queue File System.
[[0;32m  OK  [0m] Mounted [0;1;39mPOSIX Message Queue File System[0m.
[    8.118188] systemd[1]: Mounted Kernel Debug File System.
[[0;32m  OK  [0m] Mounted [0;1;39mKernel Debug File System[0m.
[    8.122356] systemd[1]: Mounted Kernel Trace File System.
[[0;32m  OK  [0m] Mounted [0;1;39mKernel Trace File System[0m.
[    8.127132] systemd[1]: Finished Monitoring of LVM2 mirrors, snapshots etc. using dmeventd or progress polling.
[[0;32m  OK  [0m] Finished [0;1;39mMonitoring of LVM… dmeventd or progress polling[0m.
[    8.133649] EXT4-fs (sda): re-mounted 088740a9-c8b4-422c-999d-a804eb68a4da r/w.
[    8.138195] systemd[1]: modprobe@configfs.service: Deactivated successfully.
[    8.139809] systemd[1]: Finished Load Kernel Module configfs.
[[0;32m  OK  [0m] Finished [0;1;39mLoad Kernel Module configfs[0m.
[    8.148684] systemd[1]: modprobe@drm.service: Deactivated successfully.
[    8.154351] systemd[1]: Finished Load Kernel Module drm.
[[0;32m  OK  [0m] Finished [0;1;39mLoad Kernel Module drm[0m.
[    8.156751] systemd[1]: modprobe@fuse.service: Deactivated successfully.
[    8.162359] systemd[1]: Finished Load Kernel Module fuse.
[[0;32m  OK  [0m] Finished [0;1;39mLoad Kernel Module fuse[0m.
[    8.164782] systemd[1]: Finished Read and set NIS domainname from /etc/sysconfig/network.
[[0;32m  OK  [0m] Finished [0;1;39mRead and set NIS …e from /etc/sysconfig/network[0m.
[    8.170958] systemd[1]: Started Journal Service.
[[0;32m  OK  [0m] Started [0;1;39mJournal Service[0m.
[[0;1;31mFAILED[0m] Failed to start [0;1;39mLoad Kernel Modules[0m.
See 'systemctl status systemd-modules-load.service' for details.
[[0;32m  OK  [0m] Finished [0;1;39mGenerate network units from Kernel command line[0m.
[[0;32m  OK  [0m] Finished [0;1;39mRemount Root and Kernel File Systems[0m.
[[0;32m  OK  [0m] Reached target [0;1;39mPreparation for Network[0m.
         Mounting [0;1;39mFUSE Control File System[0m...
         Mounting [0;1;39mKernel Configuration File System[0m...
         Starting [0;1;39mFlush Journal to Persistent Storage[0m...
         Starting [0;1;39mLoad/Save Random Seed[0m...
         Starting [0;1;39mApply Kernel Variables[0m...
         Starting [0;1;39mCreate Static Device Nodes in /dev[0m...
[    8.290371] systemd-journald[144]: Received client request to flush runtime journal.
         Starting [0;1;39mSetup Virtual Console[0m...
[[0;32m  OK  [0m] Mounted [0;1;39mFUSE Control File System[0m.
[[0;32m  OK  [0m] Mounted [0;1;39mKernel Configuration File System[0m.
[[0;32m  OK  [0m] Finished [0;1;39mFlush Journal to Persistent Storage[0m.
[[0;32m  OK  [0m] Finished [0;1;39mLoad/Save Random Seed[0m.
[[0;32m  OK  [0m] Finished [0;1;39mApply Kernel Variables[0m.
[[0;32m  OK  [0m] Finished [0;1;39mCreate Static Device Nodes in /dev[0m.
         Starting [0;1;39mRule-based Manage…for Device Events and Files[0m...
[[0;32m  OK  [0m] Started [0;1;39mRule-based Manager for Device Events and Files[0m.
         Starting [0;1;39mAuto-connect to s…E devices found during boot[0m...
[[0;32m  OK  [0m] Finished [0;1;39mSetup Virtual Console[0m.
[[0;32m  OK  [0m] Finished [0;1;39mAuto-connect to s…VME devices found during boot[0m.
[[0;32m  OK  [0m] Finished [0;1;39mColdplug All udev Devices[0m.
         Starting [0;1;39mShow Plymouth Boot Screen[0m...
[2J[3J[-1;-1f         Starting [0;1;39mWait for udev To …plete Device Initialization[0m...
[[0;32m  OK  [0m] Started [0;1;39mShow Plymouth Boot Screen[0m.
[[0;32m  OK  [0m] Started [0;1;39mForward Password R…s to Plymouth Directory Watch[0m.
[[0;32m  OK  [0m] Reached target [0;1;39mLocal Encrypted Volumes[0m.
[[0;32m  OK  [0m] Reached target [0;1;39mPath Units[0m.
[[0;32m  OK  [0m] Found device [0;1;39m/dev/ttyS0[0m.
[[0;32m  OK  [0m] Listening on [0;1;39mLoad/Save RF …itch Status /dev/rfkill Watch[0m.
[[0;32m  OK  [0m] Finished [0;1;39mWait for udev To Complete Device Initialization[0m.
[[0;32m  OK  [0m] Reached target [0;1;39mPreparation for Local File Systems[0m.
[[0;32m  OK  [0m] Reached target [0;1;39mLocal File Systems[0m.
         Starting [0;1;39mTell Plymouth To Write Out Runtime Data[0m...
         Starting [0;1;39mAutomatic Boot Loader Update[0m...
         Starting [0;1;39mCreate Volatile Files and Directories[0m...
[[0;32m  OK  [0m] Finished [0;1;39mTell Plymouth To Write Out Runtime Data[0m.
[[0;32m  OK  [0m] Finished [0;1;39mAutomatic Boot Loader Update[0m.
[[0;32m  OK  [0m] Finished [0;1;39mCreate Volatile Files and Directories[0m.
         Mounting [0;1;39mRPC Pipe File System[0m...
         Starting [0;1;39mSecurity Auditing Service[0m...
         Starting [0;1;39mRPC Bind[0m...
[[0;32m  OK  [0m] Mounted [0;1;39mRPC Pipe File System[0m.
[[0;32m  OK  [0m] Reached target [0;1;39mrpc_pipefs.target[0m.
[[0;32m  OK  [0m] Started [0;1;39mRPC Bind[0m.
[[0;32m  OK  [0m] Started [0;1;39mSecurity Auditing Service[0m.
         Starting [0;1;39mRecord System Boot/Shutdown in UTMP[0m...
[[0;32m  OK  [0m] Finished [0;1;39mRecord System Boot/Shutdown in UTMP[0m.
[[0;32m  OK  [0m] Reached target [0;1;39mSystem Initialization[0m.
[[0;32m  OK  [0m] Started [0;1;39mDaily rotation of log files[0m.
[[0;32m  OK  [0m] Started [0;1;39mUpdates mlocate database every day[0m.
[[0;32m  OK  [0m] Started [0;1;39mDaily Cleanup of Temporary Directories[0m.
[[0;32m  OK  [0m] Started [0;1;39mdaily update of the root trust anchor for DNSSEC[0m.
[[0;32m  OK  [0m] Reached target [0;1;39mTimer Units[0m.
[[0;32m  OK  [0m] Listening on [0;1;39mD-Bus System Message Bus Socket[0m.
[[0;32m  OK  [0m] Listening on [0;1;39mOpen-iSCSI iscsid Socket[0m.
[[0;32m  OK  [0m] Listening on [0;1;39mOpen-iSCSI iscsiuio Socket[0m.
[[0;32m  OK  [0m] Listening on [0;1;39mSSSD Kerberos…ache Manager responder socket[0m.
[[0;32m  OK  [0m] Listening on [0;1;39mLibvirt interface local socket[0m.
[[0;32m  OK  [0m] Listening on [0;1;39mVirtual machine lock manager socket[0m.
[[0;32m  OK  [0m] Listening on [0;1;39mVirtual machine log manager socket[0m.
[[0;32m  OK  [0m] Listening on [0;1;39mLibvirt network local socket[0m.
[[0;32m  OK  [0m] Listening on [0;1;39mLibvirt nodedev local socket[0m.
[[0;32m  OK  [0m] Listening on [0;1;39mLibvirt nwfilter local socket[0m.
[[0;32m  OK  [0m] Listening on [0;1;39mLibvirt proxy local socket[0m.
[[0;32m  OK  [0m] Listening on [0;1;39mLibvirt qemu local socket[0m.
[[0;32m  OK  [0m] Listening on [0;1;39mLibvirt qemu admin socket[0m.
[[0;32m  OK  [0m] Listening on [0;1;39mLibvirt qemu local read-only socket[0m.
[[0;32m  OK  [0m] Listening on [0;1;39mLibvirt secret local socket[0m.
[[0;32m  OK  [0m] Listening on [0;1;39mLibvirt storage local socket[0m.
[[0;32m  OK  [0m] Reached target [0;1;39mSocket Units[0m.
         Starting [0;1;39mD-Bus System Message Bus[0m...
[[0;32m  OK  [0m] Started [0;1;39mD-Bus System Message Bus[0m.
[[0;32m  OK  [0m] Reached target [0;1;39mBasic System[0m.
         Starting [0;1;39mNetwork Manager[0m...
         Starting [0;1;39mNTP client/server[0m...
         Starting [0;1;39mRestore /run/initramfs on shutdown[0m...
[[0;32m  OK  [0m] Started [0;1;39mirqbalance daemon[0m.
[[0;32m  OK  [0m] Started [0;1;39mlibstoragemgmt plug-in server daemon[0m.
[[0;32m  OK  [0m] Started [0;1;39mMachine Check Exception Logging Daemon[0m.
[[0;32m  OK  [0m] Reached target [0;1;39msshd-keygen.target[0m.
[[0;32m  OK  [0m] Reached target [0;1;39mUser and Group Name Lookups[0m.
         Starting [0;1;39mUser Login Management[0m...
         Starting [0;1;39mVirtual Machine a…tainer Registration Service[0m...
[[0;32m  OK  [0m] Finished [0;1;39mRestore /run/initramfs on shutdown[0m.
         Starting [0;1;39mHostname Service[0m...
[[0;32m  OK  [0m] Started [0;1;39mVirtual Machine an…ontainer Registration Service[0m.
[[0;32m  OK  [0m] Started [0;1;39mNTP client/server[0m.
[[0;32m  OK  [0m] Started [0;1;39mUser Login Management[0m.
[[0;32m  OK  [0m] Started [0;1;39mHostname Service[0m.
         Starting [0;1;39mNetwork Manager Script Dispatcher Service[0m...
[[0;32m  OK  [0m] Started [0;1;39mNetwork Manager Script Dispatcher Service[0m.
[   11.574130] e1000: eth0 NIC Link is Up 1000 Mbps Full Duplex, Flow Control: RX
[[0;32m  OK  [0m] Started [0;1;39mNetwork Manager[0m.
[[0;32m  OK  [0m] Reached target [0;1;39mNetwork[0m.
[[0;32m  OK  [0m] Reached target [0;1;39mNetwork is Online[0m.
         Starting [0;1;39mGSSAPI Proxy Daemon[0m...
         Starting [0;1;39mNotify NFS peers of a restart[0m...
         Starting [0;1;39mSystem Logging Service[0m...
         Starting [0;1;39mOpenSSH server daemon[0m...
         Starting [0;1;39mDynamic System Tuning Daemon[0m...
[[0;32m  OK  [0m] Started [0;1;39mNotify NFS peers of a restart[0m.
[[0;32m  OK  [0m] Started [0;1;39mGSSAPI Proxy Daemon[0m.
[[0;32m  OK  [0m] Reached target [0;1;39mNFS client services[0m.
[[0;32m  OK  [0m] Reached target [0;1;39mPreparation for Remote File Systems[0m.
[[0;32m  OK  [0m] Reached target [0;1;39mRemote File Systems[0m.
         Starting [0;1;39mPermit User Sessions[0m...
         Starting [0;1;39mVirtualization qemu daemon[0m...
[[0;32m  OK  [0m] Started [0;1;39mOpenSSH server daemon[0m.
[[0;32m  OK  [0m] Finished [0;1;39mPermit User Sessions[0m.
[[0;32m  OK  [0m] Started [0;1;39mDeferred execution scheduler[0m.
[[0;32m  OK  [0m] Started [0;1;39mCommand Scheduler[0m.
         Starting [0;1;39mHold until boot process finishes up[0m...
         Starting [0;1;39mTerminate Plymouth Boot Screen[0m...
[[0;32m  OK  [0m] Started [0;1;39mVirtualization qemu daemon[0m.
[[0;32m  OK  [0m] Started [0;1;39mSystem Logging Service[0m.

CentOS Stream 9
Kernel 6.18.0-edd2b9832d60+ on an x86_64

Activate the web console with: systemctl enable --now cockpit.socket

test login: 