c[?7l[2J[0mSeaBIOS (version rel-1.16.3-0-ga6ed6b701f0a-prebuilt.qemu.org)


iPXE (http://ipxe.org) 00:03.0 CA00 PCI2.10 PnP PMM+7EFD0D60+7EF30D60 CA00
Press Ctrl-B to configure iPXE (PCI 00:03.0)...                                                                               


Booting from ROM..c[?7l[2J[    0.000000] Linux version 6.19.0-rc5-353c6f43ab69+ (root@gnr-800442) (gcc (GCC) 11.5.0 20240719 (Red Hat 11.5.0-14), GNU ld version 2.35.2-66.el9) #1 SMP PREEMPT_DYNAMIC Tue Jan 27 18:08:40 CST 2026
[    0.000000] Command line: console=ttyS0 root=/dev/sda earlyprintk=serial net.ifnames=0 thunderbolt.dyndbg
[    0.000000] KERNEL supported cpus:
[    0.000000]   Intel GenuineIntel
[    0.000000]   AMD AuthenticAMD
[    0.000000]   Hygon HygonGenuine
[    0.000000]   Centaur CentaurHauls
[    0.000000]   zhaoxin   Shanghai  
[    0.000000] x86/CPU: Model not found in latest microcode list
[    0.000000] x86/split lock detection: #DB: warning on user-space bus_locks
[    0.000000] BIOS-provided physical RAM map:
[    0.000000] BIOS-e820: [mem 0x0000000000000000-0x000000000009fbff] usable
[    0.000000] BIOS-e820: [mem 0x000000000009fc00-0x000000000009ffff] reserved
[    0.000000] BIOS-e820: [mem 0x00000000000f0000-0x00000000000fffff] reserved
[    0.000000] BIOS-e820: [mem 0x0000000000100000-0x000000007ffdffff] usable
[    0.000000] BIOS-e820: [mem 0x000000007ffe0000-0x000000007fffffff] reserved
[    0.000000] BIOS-e820: [mem 0x00000000feffc000-0x00000000feffffff] reserved
[    0.000000] BIOS-e820: [mem 0x00000000fffc0000-0x00000000ffffffff] reserved
[    0.000000] printk: legacy bootconsole [earlyser0] enabled
[    0.000000] NX (Execute Disable) protection: active
[    0.000000] APIC: Static calls initialized
[    0.000000] SMBIOS 3.0.0 present.
[    0.000000] DMI: QEMU Standard PC (i440FX + PIIX, 1996), BIOS rel-1.16.3-0-ga6ed6b701f0a-prebuilt.qemu.org 04/01/2014
[    0.000000] DMI: Memory slots populated: 1/1
[    0.000000] Hypervisor detected: KVM
[    0.000000] last_pfn = 0x7ffe0 max_arch_pfn = 0x10000000000
[    0.000000] kvm-clock: Using msrs 4b564d01 and 4b564d00
[    0.000002] kvm-clock: using sched offset of 735478820 cycles
[    0.000443] clocksource: kvm-clock: mask: 0xffffffffffffffff max_cycles: 0x1cd42e4dffb, max_idle_ns: 881590591483 ns
[    0.001819] tsc: Detected 2500.000 MHz processor
[    0.010093] last_pfn = 0x7ffe0 max_arch_pfn = 0x10000000000
[    0.010603] MTRR map: 4 entries (3 fixed + 1 variable; max 19), built from 8 variable MTRRs
[    0.011302] x86/PAT: Configuration [0-7]: WB  WC  UC- UC  WB  WP  UC- WT  
[    0.016873] found SMP MP-table at [mem 0x000f5480-0x000f548f]
[    0.017389] Using GB pages for direct mapping
[    0.019905] ACPI: Early table checksum verification disabled
[    0.020392] ACPI: RSDP 0x00000000000F52A0 000014 (v00 BOCHS )
[    0.020887] ACPI: RSDT 0x000000007FFE1C9B 000034 (v01 BOCHS  BXPC     00000001 BXPC 00000001)
[    0.021614] ACPI: FACP 0x000000007FFE1B47 000074 (v01 BOCHS  BXPC     00000001 BXPC 00000001)
[    0.022333] ACPI: DSDT 0x000000007FFE0040 001B07 (v01 BOCHS  BXPC     00000001 BXPC 00000001)
[    0.023062] ACPI: FACS 0x000000007FFE0000 000040
[    0.023454] ACPI: APIC 0x000000007FFE1BBB 000080 (v03 BOCHS  BXPC     00000001 BXPC 00000001)
[    0.024179] ACPI: HPET 0x000000007FFE1C3B 000038 (v01 BOCHS  BXPC     00000001 BXPC 00000001)
[    0.024897] ACPI: WAET 0x000000007FFE1C73 000028 (v01 BOCHS  BXPC     00000001 BXPC 00000001)
[    0.025613] ACPI: Reserving FACP table memory at [mem 0x7ffe1b47-0x7ffe1bba]
[    0.026207] ACPI: Reserving DSDT table memory at [mem 0x7ffe0040-0x7ffe1b46]
[    0.026812] ACPI: Reserving FACS table memory at [mem 0x7ffe0000-0x7ffe003f]
[    0.027407] ACPI: Reserving APIC table memory at [mem 0x7ffe1bbb-0x7ffe1c3a]
[    0.028007] ACPI: Reserving HPET table memory at [mem 0x7ffe1c3b-0x7ffe1c72]
[    0.028621] ACPI: Reserving WAET table memory at [mem 0x7ffe1c73-0x7ffe1c9a]
[    0.029742] No NUMA configuration found
[    0.030066] Faking a node at [mem 0x0000000000000000-0x000000007ffdffff]
[    0.030647] NODE_DATA(0) allocated [mem 0x7ffb4ec0-0x7ffdfcbf]
[    0.032106] Zone ranges:
[    0.032346]   DMA      [mem 0x0000000000001000-0x0000000000ffffff]
[    0.032871]   DMA32    [mem 0x0000000001000000-0x000000007ffdffff]
[    0.033384]   Normal   empty
[    0.033630]   Device   empty
[    0.033875] Movable zone start for each node
[    0.034232] Early memory node ranges
[    0.034536]   node   0: [mem 0x0000000000001000-0x000000000009efff]
[    0.035099]   node   0: [mem 0x0000000000100000-0x000000007ffdffff]
[    0.035664] Initmem setup node 0 [mem 0x0000000000001000-0x000000007ffdffff]
[    0.036553] On node 0, zone DMA: 1 pages in unavailable ranges
[    0.037275] On node 0, zone DMA: 97 pages in unavailable ranges
[    0.066071] On node 0, zone DMA32: 32 pages in unavailable ranges
[    0.119686] KernelAddressSanitizer initialized (generic)
[    0.120450] ACPI: PM-Timer IO Port: 0x608
[    0.120850] ACPI: LAPIC_NMI (acpi_id[0xff] dfl dfl lint[0x1])
[    0.121429] IOAPIC[0]: apic_id 0, version 17, address 0xfec00000, GSI 0-23
[    0.122071] ACPI: INT_SRC_OVR (bus 0 bus_irq 0 global_irq 2 dfl dfl)
[    0.122658] ACPI: INT_SRC_OVR (bus 0 bus_irq 5 global_irq 5 high level)
[    0.123251] ACPI: INT_SRC_OVR (bus 0 bus_irq 9 global_irq 9 high level)
[    0.123856] ACPI: INT_SRC_OVR (bus 0 bus_irq 10 global_irq 10 high level)
[    0.124470] ACPI: INT_SRC_OVR (bus 0 bus_irq 11 global_irq 11 high level)
[    0.125102] ACPI: Using ACPI (MADT) for SMP configuration information
[    0.125687] ACPI: HPET id: 0x8086a201 base: 0xfed00000
[    0.126115] TSC deadline timer available
[    0.126446] CPU topo: Max. logical packages:   1
[    0.126843] CPU topo: Max. logical dies:       1
[    0.127226] CPU topo: Max. dies per package:   1
[    0.127624] CPU topo: Max. threads per core:   1
[    0.128009] CPU topo: Num. cores per package:     2
[    0.128414] CPU topo: Num. threads per package:   2
[    0.128845] CPU topo: Allowing 2 present CPUs plus 0 hotplug CPUs
[    0.129385] kvm-guest: APIC: eoi() replaced with kvm_guest_apic_eoi_write()
[    0.130032] kvm-guest: KVM setup pv remote TLB flush
[    0.130489] kvm-guest: setup PV sched yield
[    0.130922] PM: hibernation: Registered nosave memory: [mem 0x00000000-0x00000fff]
[    0.131625] PM: hibernation: Registered nosave memory: [mem 0x0009f000-0x000fffff]
[    0.132311] [mem 0x80000000-0xfeffbfff] available for PCI devices
[    0.132861] Booting paravirtualized kernel on KVM
[    0.133284] clocksource: refined-jiffies: mask: 0xffffffff max_cycles: 0xffffffff, max_idle_ns: 7645519600211568 ns
[    0.134239] setup_percpu: NR_CPUS:8192 nr_cpumask_bits:2 nr_cpu_ids:2 nr_node_ids:1
[    0.135385] percpu: Embedded 81 pages/cpu s294912 r8192 d28672 u1048576
[    0.136191] kvm-guest: PV spinlocks enabled
[    0.136590] PV qspinlock hash table entries: 256 (order: 0, 4096 bytes, linear)
[    0.137265] Kernel command line: net.ifnames=0 console=ttyS0 root=/dev/sda earlyprintk=serial net.ifnames=0 thunderbolt.dyndbg
[    0.138595] random: crng init done
[    0.138913] printk: log buffer data + meta data: 262144 + 917504 = 1179648 bytes
[    0.139957] Dentry cache hash table entries: 262144 (order: 9, 2097152 bytes, linear)
[    0.141033] Inode-cache hash table entries: 131072 (order: 8, 1048576 bytes, linear)
[    0.142062] Fallback order for Node 0: 0 
[    0.142074] Built 1 zonelists, mobility grouping on.  Total pages: 524158
[    0.143030] Policy zone: DMA32
[    0.143302] mem auto-init: stack:off, heap alloc:off, heap free:off
[    0.143868] stackdepot: allocating hash table via alloc_large_system_hash
[    0.144476] stackdepot hash table entries: 1048576 (order: 12, 16777216 bytes, linear)
[    0.148081] stackdepot: allocating space for 8192 stack pools via memblock
[    0.183264] SLUB: HWalign=64, Order=0-3, MinObjects=0, CPUs=2, Nodes=1
[    0.183854] kmemleak: Kernel memory leak detector disabled
[    0.220863] ftrace: allocating 75288 entries in 296 pages
[    0.221342] ftrace: allocated 296 pages with 3 groups
[    0.226172] Dynamic Preempt: voluntary
[    0.227029] Running RCU self tests
[    0.227331] Running RCU synchronous self tests
[    0.227726] rcu: Preemptible hierarchical RCU implementation.
[    0.228219] rcu: 	RCU lockdep checking is enabled.
[    0.228653] rcu: 	RCU restricting CPUs from NR_CPUS=8192 to nr_cpu_ids=2.
[    0.229252] 	Trampoline variant of Tasks RCU enabled.
[    0.229690] 	Rude variant of Tasks RCU enabled.
[    0.230076] 	Tracing variant of Tasks RCU enabled.
[    0.230489] rcu: RCU calculated value of scheduler-enlistment delay is 25 jiffies.
[    0.231156] rcu: Adjusting geometry for rcu_fanout_leaf=16, nr_cpu_ids=2
[    0.231839] Running RCU synchronous self tests
[    0.232237] RCU Tasks: Setting shift to 1 and lim to 1 rcu_task_cb_adjust=1 rcu_task_cpu_ids=2.
[    0.233001] RCU Tasks Rude: Setting shift to 1 and lim to 1 rcu_task_cb_adjust=1 rcu_task_cpu_ids=2.
[    0.233794] RCU Tasks Trace: Setting shift to 1 and lim to 1 rcu_task_cb_adjust=1 rcu_task_cpu_ids=2.
[    0.314171] NR_IRQS: 524544, nr_irqs: 440, preallocated irqs: 16
[    0.315277] rcu: srcu_init: Setting srcu_struct sizes based on contention.
[    0.323518] Console: colour VGA+ 80x25
[    0.323894] printk: legacy console [ttyS0] enabled
[    0.323894] printk: legacy console [ttyS0] enabled
[    0.324704] printk: legacy bootconsole [earlyser0] disabled
[    0.324704] printk: legacy bootconsole [earlyser0] disabled
[    0.325645] Lock dependency validator: Copyright (c) 2006 Red Hat, Inc., Ingo Molnar
[    0.326294] ... MAX_LOCKDEP_SUBCLASSES:  8
[    0.326650] ... MAX_LOCK_DEPTH:          48
[    0.327006] ... MAX_LOCKDEP_KEYS:        8192
[    0.327373] ... CLASSHASH_SIZE:          4096
[    0.327749] ... MAX_LOCKDEP_ENTRIES:     32768
[    0.328121] ... MAX_LOCKDEP_CHAINS:      65536
[    0.328516] ... CHAINHASH_SIZE:          32768
[    0.328888]  memory used by lock dependency info: 6429 kB
[    0.329338]  memory used for stack traces: 4224 kB
[    0.329750]  per task-struct memory footprint: 1920 bytes
[    0.330276] ACPI: Core revision 20250807
[    0.331026] clocksource: hpet: mask: 0xffffffff max_cycles: 0xffffffff, max_idle_ns: 19112604467 ns
[    0.331942] APIC: Switch to symmetric I/O mode setup
[    0.332524] x2apic enabled
[    0.333116] APIC: Switched APIC routing to: physical x2apic
[    0.333636] kvm-guest: APIC: send_IPI_mask() replaced with kvm_send_ipi_mask()
[    0.334294] kvm-guest: APIC: send_IPI_mask_allbutself() replaced with kvm_send_ipi_mask_allbutself()
[    0.335119] kvm-guest: setup PV IPIs
[    0.336622] ..TIMER: vector=0x30 apic1=0 pin1=2 apic2=-1 pin2=-1
[    0.337195] clocksource: tsc-early: mask: 0xffffffffffffffff max_cycles: 0x240939f1bb2, max_idle_ns: 440795263295 ns
[    0.338150] Calibrating delay loop (skipped) preset value.. 5000.00 BogoMIPS (lpj=10000000)
[    0.339056] x86/cpu: User Mode Instruction Prevention (UMIP) activated
[    0.339741] Last level iTLB entries: 4KB 0, 2MB 0, 4MB 0
[    0.342168] Last level dTLB entries: 4KB 0, 2MB 0, 4MB 0, 1GB 0
[    0.342743] mitigations: Enabled attack vectors: user_kernel, user_user, guest_host, guest_guest, SMT mitigations: auto
[    0.343744] Speculative Store Bypass: Mitigation: Speculative Store Bypass disabled via prctl
[    0.344520] Spectre V2 : Mitigation: Enhanced / Automatic IBRS
[    0.345056] ITS: Mitigation: Aligned branch/return thunks
[    0.345557] Spectre V1 : Mitigation: usercopy/swapgs barriers and __user pointer sanitization
[    0.346145] Spectre V2 : WARNING: Unprivileged eBPF is enabled with eIBRS on, data leaks possible via Spectre v2 BHB attacks!
[    0.347169] Spectre V2 : Spectre v2 / PBRSB-eIBRS: Retire a single CALL on VMEXIT
[    0.347819] Spectre V2 : mitigation: Enabling conditional Indirect Branch Prediction Barrier
[    0.348558] active return thunk: its_return_thunk
[    0.348968] Spectre V2 : Spectre BHI mitigation: SW BHB clearing on syscall and VM exit
[    0.350202] x86/fpu: Supporting XSAVE feature 0x001: 'x87 floating point registers'
[    0.350826] x86/fpu: Supporting XSAVE feature 0x002: 'SSE registers'
[    0.351344] x86/fpu: Supporting XSAVE feature 0x004: 'AVX registers'
[    0.351863] x86/fpu: Supporting XSAVE feature 0x020: 'AVX-512 opmask'
[    0.352382] x86/fpu: Supporting XSAVE feature 0x040: 'AVX-512 Hi256'
[    0.352906] x86/fpu: Supporting XSAVE feature 0x080: 'AVX-512 ZMM_Hi256'
[    0.353454] x86/fpu: Supporting XSAVE feature 0x200: 'Protection Keys User registers'
[    0.354141] x86/fpu: Supporting XSAVE feature 0x20000: 'AMX Tile config'
[    0.354694] x86/fpu: Supporting XSAVE feature 0x40000: 'AMX Tile data'
[    0.355225] x86/fpu: xstate_offset[2]:  576, xstate_sizes[2]:  256
[    0.355727] x86/fpu: xstate_offset[5]:  832, xstate_sizes[5]:   64
[    0.356221] x86/fpu: xstate_offset[6]:  896, xstate_sizes[6]:  512
[    0.356721] x86/fpu: xstate_offset[7]: 1408, xstate_sizes[7]: 1024
[    0.357216] x86/fpu: xstate_offset[9]: 2432, xstate_sizes[9]:    8
[    0.357720] x86/fpu: xstate_offset[17]: 2496, xstate_sizes[17]:   64
[    0.358141] x86/fpu: xstate_offset[18]: 2560, xstate_sizes[18]: 8192
[    0.358668] x86/fpu: Enabled xstate features 0x602e7, context size is 10752 bytes, using 'compacted' format.
[    0.533480] Freeing SMP alternatives memory: 64K
[    0.533913] pid_max: default: 32768 minimum: 301
[    0.534495] Yama: becoming mindful.
[    0.535236] Mount-cache hash table entries: 4096 (order: 3, 32768 bytes, linear)
[    0.535896] Mountpoint-cache hash table entries: 4096 (order: 3, 32768 bytes, linear)
[    0.538549] Running RCU synchronous self tests
[    0.538955] Running RCU synchronous self tests
[    0.539644] smpboot: CPU0: Intel GENUINE INTEL(R) XEON(R) (family: 0x6, model: 0xad, stepping: 0x0)
[    0.541212] Performance Events: PEBS fmt0-, Granite Rapids events, 
[    0.541295] core: The event 0x400 is not supported as a normal event.
[    0.542138] core: The event 0x8000 is not supported as a normal event.
[    0.542138] core: The event 0x8100 is not supported as a normal event.
[    0.542147] core: The event 0x8200 is not supported as a normal event.
[    0.542726] core: The event 0x8300 is not supported as a normal event.
[    0.543312] core: The event 0x8400 is not supported as a normal event.
[    0.543889] core: The event 0x8500 is not supported as a normal event.
[    0.544473] core: The event 0x8600 is not supported as a normal event.
[    0.545049] core: The event 0x8700 is not supported as a normal event.
[    0.545653] full-width counters, Intel PMU driver.
[    0.546107] ... version:                   2
[    0.546142] ... bit width:                 48
[    0.546533] ... generic counters:          8
[    0.546923] ... generic bitmap:            00000000000000ff
[    0.547416] ... fixed-purpose counters:    3
[    0.547795] ... fixed-purpose bitmap:      0000000000000007
[    0.548296] ... value mask:                0000ffffffffffff
[    0.548789] ... max period:                00007fffffffffff
[    0.549285] ... global_ctrl mask:          00000007000000ff
[    0.550357] signal: max sigframe size: 11952
[    0.550896] rcu: Hierarchical SRCU implementation.
[    0.551324] rcu: 	Max phase no-delay instances is 1000.
[    0.552001] Timer migration: 1 hierarchy levels; 8 children per group; 1 crossnode level
[    0.576866] smp: Bringing up secondary CPUs ...
[    0.577778] smpboot: x86: Booting SMP configuration:
[    0.578164] .... node  #0, CPUs:      #1
[    0.578452] smp: Brought up 1 node, 2 CPUs
[    0.578944] smpboot: Total of 2 processors activated (10000.00 BogoMIPS)
[    0.579706] Memory: 1591816K/2096632K available (80938K kernel code, 15560K rwdata, 18824K rodata, 16420K init, 20848K bss, 493188K reserved, 0K cma-reserved)
[    0.582753] devtmpfs: initialized
[    0.583239] x86/mm: Memory block size: 128MB
[    0.595054] Running RCU synchronous self tests
[    0.595487] Running RCU synchronous self tests
[    0.595918] Running RCU Tasks wait API self tests
[    0.598181] Running RCU Tasks Rude wait API self tests
[    0.598655] Running RCU Tasks Trace wait API self tests
[    0.618189] clocksource: jiffies: mask: 0xffffffff max_cycles: 0xffffffff, max_idle_ns: 7645041785100000 ns
[    0.619201] posixtimers hash table entries: 1024 (order: 5, 73728 bytes, linear)
[    0.620233] futex hash table entries: 512 (65536 bytes on 1 NUMA nodes, total 64 KiB, linear).
[    0.620233] 
[    0.620279] *************************************************************
[    0.620973] **     NOTICE NOTICE NOTICE NOTICE NOTICE NOTICE NOTICE    **
[    0.621620] **                                                         **
[    0.622147] **  IOMMU DebugFS SUPPORT HAS BEEN ENABLED IN THIS KERNEL  **
[    0.622785] **                                                         **
[    0.623391] ** This means that this kernel is built to expose internal **
[    0.623980] ** IOMMU data structures, which may compromise security on **
[    0.624575] ** your system.                                            **
[    0.625142] **                                                         **
[    0.625696] ** If you see this message and you are not debugging the   **
[    0.626143] ** kernel, report this immediately to your vendor!         **
[    0.626696] **                                                         **
[    0.627255] **     NOTICE NOTICE NOTICE NOTICE NOTICE NOTICE NOTICE    **
[    0.627797] *************************************************************
[    0.630151] PM: RTC time: 10:10:18, date: 2026-01-27
[    0.631418] NET: Registered PF_NETLINK/PF_ROUTE protocol family
[    0.633672] DMA: preallocated 256 KiB GFP_KERNEL pool for atomic allocations
[    0.634171] DMA: preallocated 256 KiB GFP_KERNEL|GFP_DMA pool for atomic allocations
[    0.634892] DMA: preallocated 256 KiB GFP_KERNEL|GFP_DMA32 pool for atomic allocations
[    0.635678] audit: initializing netlink subsys (disabled)
[    0.638223] audit: type=2000 audit(1769508618.978:1): state=initialized audit_enabled=0 res=1
[    0.642297] thermal_sys: Registered thermal governor 'fair_share'
[    0.642308] thermal_sys: Registered thermal governor 'bang_bang'
[    0.642939] thermal_sys: Registered thermal governor 'step_wise'
[    0.643506] thermal_sys: Registered thermal governor 'user_space'
[    0.644126] cpuidle: using governor ladder
[    0.644126] cpuidle: using governor menu
[    0.646908] acpiphp: ACPI Hot Plug PCI Controller Driver version: 0.5
[    0.648473] PCI: Using configuration type 1 for base access
[    0.649315] kprobes: kprobe jump-optimization is enabled. All kprobes are optimized if possible.
[    0.650243] Callback from call_rcu_tasks_trace() invoked.
[    0.785708] HugeTLB: registered 1.00 GiB page size, pre-allocated 0 pages
[    0.786144] HugeTLB: 16380 KiB vmemmap can be freed for a 1.00 GiB page
[    0.786737] HugeTLB: registered 2.00 MiB page size, pre-allocated 0 pages
[    0.787338] HugeTLB: 28 KiB vmemmap can be freed for a 2.00 MiB page
[    0.796179] ACPI: Added _OSI(Module Device)
[    0.796556] ACPI: Added _OSI(Processor Device)
[    0.796928] ACPI: Added _OSI(Processor Aggregator Device)
[    0.815664] ACPI: 1 ACPI AML tables successfully acquired and loaded
[    0.823131] ACPI: Interpreter enabled
[    0.823631] ACPI: PM: (supports S0 S3 S4 S5)
[    0.824029] ACPI: Using IOAPIC for interrupt routing
[    0.824586] PCI: Using host bridge windows from ACPI; if necessary, use "pci=nocrs" and report a bug
[    0.825394] PCI: Using E820 reservations for host bridge windows
[    0.827403] ACPI: Enabled 2 GPEs in block 00 to 0F
[    0.872328] ACPI: PCI Root Bridge [PCI0] (domain 0000 [bus 00-ff])
[    0.872927] acpi PNP0A03:00: _OSC: OS supports [ASPM ClockPM Segments MSI EDR HPX-Type3]
[    0.873653] acpi PNP0A03:00: _OSC: not requesting OS control; OS requires [ExtendedConfig ASPM ClockPM MSI]
[    0.874320] acpi PNP0A03:00: fail to add MMCONFIG information, can't access extended configuration space under this bridge
[    0.881029] acpiphp: Slot [3] registered
[    0.881547] acpiphp: Slot [4] registered
[    0.882056] acpiphp: Slot [5] registered
[    0.882313] acpiphp: Slot [6] registered
[    0.882818] acpiphp: Slot [7] registered
[    0.883331] acpiphp: Slot [8] registered
[    0.883831] acpiphp: Slot [9] registered
[    0.884345] acpiphp: Slot [10] registered
[    0.884858] acpiphp: Slot [11] registered
[    0.885387] acpiphp: Slot [12] registered
[    0.885901] acpiphp: Slot [13] registered
[    0.886302] acpiphp: Slot [14] registered
[    0.886813] acpiphp: Slot [15] registered
[    0.887331] acpiphp: Slot [16] registered
[    0.887842] acpiphp: Slot [17] registered
[    0.888359] acpiphp: Slot [18] registered
[    0.888824] acpiphp: Slot [19] registered
[    0.889297] acpiphp: Slot [20] registered
[    0.889765] acpiphp: Slot [21] registered
[    0.890271] acpiphp: Slot [22] registered
[    0.890749] acpiphp: Slot [23] registered
[    0.891230] acpiphp: Slot [24] registered
[    0.891703] acpiphp: Slot [25] registered
[    0.892188] acpiphp: Slot [26] registered
[    0.892661] acpiphp: Slot [27] registered
[    0.893145] acpiphp: Slot [28] registered
[    0.893617] acpiphp: Slot [29] registered
[    0.894098] acpiphp: Slot [30] registered
[    0.894289] acpiphp: Slot [31] registered
[    0.894692] PCI host bridge to bus 0000:00
[    0.895085] pci_bus 0000:00: root bus resource [io  0x0000-0x0cf7 window]
[    0.895652] pci_bus 0000:00: root bus resource [io  0x0d00-0xffff window]
[    0.896206] pci_bus 0000:00: root bus resource [mem 0x000a0000-0x000bffff window]
[    0.896814] pci_bus 0000:00: root bus resource [mem 0x80000000-0xfebfffff window]
[    0.897417] pci_bus 0000:00: root bus resource [mem 0x100000000-0x17fffffff window]
[    0.898040] pci_bus 0000:00: root bus resource [bus 00-ff]
[    0.898249] pci 0000:00:00.0: [8086:1237] type 00 class 0x060000 conventional PCI endpoint
[    0.900474] pci 0000:00:01.0: [8086:7000] type 00 class 0x060100 conventional PCI endpoint
[    0.902584] pci 0000:00:01.1: [8086:7010] type 00 class 0x010180 conventional PCI endpoint
[    0.903843] pci 0000:00:01.1: BAR 4 [io  0xc040-0xc04f]
[    0.904345] pci 0000:00:01.1: BAR 0 [io  0x01f0-0x01f7]: legacy IDE quirk
[    0.904938] pci 0000:00:01.1: BAR 1 [io  0x03f6]: legacy IDE quirk
[    0.905487] pci 0000:00:01.1: BAR 2 [io  0x0170-0x0177]: legacy IDE quirk
[    0.906079] pci 0000:00:01.1: BAR 3 [io  0x0376]: legacy IDE quirk
[    0.907364] pci 0000:00:01.3: [8086:7113] type 00 class 0x068000 conventional PCI endpoint
[    0.908375] pci 0000:00:01.3: quirk: [io  0x0600-0x063f] claimed by PIIX4 ACPI
[    0.909014] pci 0000:00:01.3: quirk: [io  0x0700-0x070f] claimed by PIIX4 SMB
[    0.910868] pci 0000:00:02.0: [1234:1111] type 00 class 0x030000 conventional PCI endpoint
[    0.912701] pci 0000:00:02.0: BAR 0 [mem 0xfd000000-0xfdffffff pref]
[    0.913281] pci 0000:00:02.0: BAR 2 [mem 0xfebf0000-0xfebf0fff]
[    0.913830] pci 0000:00:02.0: ROM [mem 0xfebe0000-0xfebeffff pref]
[    0.914238] pci 0000:00:02.0: Video device with shadowed ROM at [mem 0x000c0000-0x000dffff]
[    0.916212] pci 0000:00:03.0: [8086:100e] type 00 class 0x020000 conventional PCI endpoint
[    0.917827] pci 0000:00:03.0: BAR 0 [mem 0xfebc0000-0xfebdffff]
[    0.918152] pci 0000:00:03.0: BAR 1 [io  0xc000-0xc03f]
[    0.918646] pci 0000:00:03.0: ROM [mem 0xfeb80000-0xfebbffff pref]
[    0.945903] ACPI: PCI: Interrupt link LNKA configured for IRQ 10
[    0.947175] ACPI: PCI: Interrupt link LNKB configured for IRQ 10
[    0.948668] ACPI: PCI: Interrupt link LNKC configured for IRQ 11
[    0.950258] ACPI: PCI: Interrupt link LNKD configured for IRQ 11
[    0.951259] ACPI: PCI: Interrupt link LNKS configured for IRQ 9
[    0.958210] iommu: Default domain type: Translated
[    0.958680] iommu: DMA domain TLB invalidation policy: lazy mode
[    0.962836] SCSI subsystem initialized
[    0.963304] ACPI: bus type USB registered
[    0.963476] usbcore: registered new interface driver usbfs
[    0.964086] usbcore: registered new interface driver hub
[    0.966221] usbcore: registered new device driver usb
[    0.967024] pps_core: LinuxPPS API ver. 1 registered
[    0.967471] pps_core: Software ver. 5.3.6 - Copyright 2005-2007 Rodolfo Giometti <giometti@linux.it>
[    0.968303] PTP clock support registered
[    0.968959] EDAC MC: Ver: 3.0.0
[    0.976979] NetLabel: Initializing
[    0.977330] NetLabel:  domain hash size = 128
[    0.977725] NetLabel:  protocols = UNLABELED CIPSOv4 CALIPSO
[    0.978286] NetLabel:  unlabeled traffic allowed by default
[    0.979270] PCI: Using ACPI for IRQ routing
[    0.980023] pci 0000:00:02.0: vgaarb: setting as boot VGA device
[    0.980570] pci 0000:00:02.0: vgaarb: bridge control possible
[    0.981090] pci 0000:00:02.0: vgaarb: VGA device added: decodes=io+mem,owns=io+mem,locks=none
[    0.981833] vgaarb: loaded
[    0.982521] hpet0: at MMIO 0xfed00000, IRQs 2, 8, 0
[    0.982971] hpet0: 3 comparators, 64-bit 100.000000 MHz counter
[    0.990046] clocksource: Switched to clocksource kvm-clock
[    4.151297] VFS: Disk quotas dquot_6.6.0
[    4.151745] VFS: Dquot-cache hash table entries: 512 (order 0, 4096 bytes)
[    4.154359] pnp: PnP ACPI init
[    4.159165] pnp: PnP ACPI: found 6 devices
[    4.180401] clocksource: acpi_pm: mask: 0xffffff max_cycles: 0xffffff, max_idle_ns: 2085701024 ns
[    4.181676] NET: Registered PF_INET protocol family
[    4.182227] IP idents hash table entries: 32768 (order: 6, 262144 bytes, linear)
[    4.184409] tcp_listen_portaddr_hash hash table entries: 1024 (order: 5, 73728 bytes, linear)
[    4.185198] Table-perturb hash table entries: 65536 (order: 6, 262144 bytes, linear)
[    4.185996] TCP established hash table entries: 16384 (order: 5, 131072 bytes, linear)
[    4.187066] TCP bind hash table entries: 16384 (order: 10, 2359296 bytes, linear)
[    4.188701] TCP: Hash tables configured (established 16384 bind 16384)
[    4.189401] UDP hash table entries: 1024 (order: 6, 262144 bytes, linear)
[    4.190081] UDP-Lite hash table entries: 1024 (order: 6, 262144 bytes, linear)
[    4.191165] NET: Registered PF_UNIX/PF_LOCAL protocol family
[    4.192952] RPC: Registered named UNIX socket transport module.
[    4.193528] RPC: Registered udp transport module.
[    4.193944] RPC: Registered tcp transport module.
[    4.194400] RPC: Registered tcp-with-tls transport module.
[    4.194884] RPC: Registered tcp NFSv4.1 backchannel transport module.
[    4.195483] pci_bus 0000:00: resource 4 [io  0x0000-0x0cf7 window]
[    4.195657] Callback from call_rcu_tasks() invoked.
[    4.196040] pci_bus 0000:00: resource 5 [io  0x0d00-0xffff window]
[    4.197066] pci_bus 0000:00: resource 6 [mem 0x000a0000-0x000bffff window]
[    4.197662] pci_bus 0000:00: resource 7 [mem 0x80000000-0xfebfffff window]
[    4.198255] pci_bus 0000:00: resource 8 [mem 0x100000000-0x17fffffff window]
[    4.199303] pci 0000:00:01.0: PIIX3: Enabling Passive Release
[    4.199827] pci 0000:00:00.0: Limiting direct PCI/PCI transfers
[    4.200441] PCI: CLS 0 bytes, default 64
[    4.200879] ACPI: bus type thunderbolt registered
[    4.201695] clocksource: tsc: mask: 0xffffffffffffffff max_cycles: 0x240939f1bb2, max_idle_ns: 440795263295 ns
[    4.210032] Initialise system trusted keyrings
[    4.210567] Key type blacklist registered
[    4.211673] workingset: timestamp_bits=36 max_order=19 bucket_order=0
[    4.214733] squashfs: version 4.0 (2009/01/31) Phillip Lougher
[    4.217737] NFS: Registering the id_resolver key type
[    4.218236] Key type id_resolver registered
[    4.218663] Key type id_legacy registered
[    4.219079] nfs4filelayout_init: NFSv4 File Layout Driver Registering...
[    4.219717] nfs4flexfilelayout_init: NFSv4 Flexfile Layout Driver Registering...
[    4.221060] fuse: init (API version 7.45)
[    4.222599] SGI XFS with ACLs, security attributes, realtime, quota, no debug enabled
[    4.225163] 9p: Installing v9fs 9p2000 file system support
[    4.241858] Key type asymmetric registered
[    4.242238] Asymmetric key parser 'x509' registered
[    4.242822] Block layer SCSI generic (bsg) driver version 0.4 loaded (major 241)
[    4.244398] io scheduler mq-deadline registered
[    4.244961] io scheduler bfq registered
[    4.246547] ledtrig-cpu: registered to indicate activity on CPUs
[    4.248675] IPMI message handler: version 39.2
[    4.249169] ipmi device interface
[    4.252232] input: Power Button as /devices/LNXSYSTM:00/LNXPWRBN:00/input/input0
[    4.253797] ACPI: button: Power Button [PWRF]
[    4.256737] ERST DBG: ERST support is disabled.
[    4.258993] Serial: 8250/16550 driver, 32 ports, IRQ sharing enabled
[    4.260931] 00:04: ttyS0 at I/O 0x3f8 (irq = 4, base_baud = 115200) is a 16550A
[    4.305949] Linux agpgart interface v0.103
[    4.310145] ACPI: bus type drm_connector registered
[    4.343312] brd: module loaded
[    4.363192] loop: module loaded
[    4.377433] scsi host0: ata_piix
[    4.379508] scsi host1: ata_piix
[    4.380417] ata1: PATA max MWDMA2 cmd 0x1f0 ctl 0x3f6 bmdma 0xc040 irq 14 lpm-pol 0
[    4.381103] ata2: PATA max MWDMA2 cmd 0x170 ctl 0x376 bmdma 0xc048 irq 15 lpm-pol 0
[    4.384857] tun: Universal TUN/TAP device driver, 1.6
[    4.386085] e100: Intel(R) PRO/100 Network Driver
[    4.386586] e100: Copyright(c) 1999-2006 Intel Corporation
[    4.387226] e1000: Intel(R) PRO/1000 Network Driver
[    4.387671] e1000: Copyright (c) 1999-2006 Intel Corporation.
[    4.538598] ata1: found unknown device (class 0)
[    4.539289] ata2: found unknown device (class 0)
[    4.540453] ata2.00: ATAPI: QEMU DVD-ROM, 2.5+, max UDMA/100
[    4.541091] ata1.00: ATA-7: QEMU HARDDISK, 2.5+, max UDMA/100
[    4.541605] ata1.00: 17196647 sectors, multi 16: LBA48 
[    4.543661] scsi 0:0:0:0: Direct-Access     ATA      QEMU HARDDISK    2.5+ PQ: 0 ANSI: 5
[    4.546736] sd 0:0:0:0: Attached scsi generic sg0 type 0
[    4.547513] sd 0:0:0:0: [sda] 17196647 512-byte logical blocks: (8.80 GB/8.20 GiB)
[    4.548711] sd 0:0:0:0: [sda] Write Protect is off
[    4.549301] sd 0:0:0:0: [sda] Write cache: enabled, read cache: enabled, doesn't support DPO or FUA
[    4.550123] scsi 1:0:0:0: CD-ROM            QEMU     QEMU DVD-ROM     2.5+ PQ: 0 ANSI: 5
[    4.550952] sd 0:0:0:0: [sda] Preferred minimum I/O size 512 bytes
[    4.573961] scsi 1:0:0:0: Attached scsi generic sg1 type 5
[    4.574667] sd 0:0:0:0: [sda] Attached SCSI disk
[    5.282010] ACPI: \_SB_.LNKC: Enabled at IRQ 11
[    5.598542] e1000 0000:00:03.0 eth0: (PCI:33MHz:32-bit) 52:54:00:12:34:56
[    5.599166] e1000 0000:00:03.0 eth0: Intel(R) PRO/1000 Network Connection
[    5.599950] e1000e: Intel(R) PRO/1000 Network Driver
[    5.600403] e1000e: Copyright(c) 1999 - 2015 Intel Corporation.
[    5.601081] igb: Intel(R) Gigabit Ethernet Network Driver
[    5.601574] igb: Copyright (c) 2007-2014 Intel Corporation.
[    5.602483] PPP generic driver version 2.4.2
[    5.604442] VFIO - User Level meta-driver version: 0.3
[    5.606409] usbcore: registered new interface driver uas
[    5.607032] usbcore: registered new interface driver usb-storage
[    5.607852] i8042: PNP: PS/2 Controller [PNP0303:KBD,PNP0f13:MOU] at 0x60,0x64 irq 1,12
[    5.609915] serio: i8042 KBD port at 0x60,0x64 irq 1
[    5.610476] serio: i8042 AUX port at 0x60,0x64 irq 12
[    5.612428] mousedev: PS/2 mouse device common for all mice
[    5.614730] input: AT Translated Set 2 keyboard as /devices/platform/i8042/serio0/input/input1
[    5.615083] rtc_cmos 00:05: RTC can wake from S4
[    5.618429] input: VirtualPS/2 VMware VMMouse as /devices/platform/i8042/serio1/input/input4
[    5.618547] rtc_cmos 00:05: registered as rtc0
[    5.619730] rtc_cmos 00:05: setting system clock to 2026-01-27T10:10:23 UTC (1769508623)
[    5.620886] rtc_cmos 00:05: alarms up to one day, y3k, 242 bytes nvram, hpet irqs
[    5.621174] input: VirtualPS/2 VMware VMMouse as /devices/platform/i8042/serio1/input/input3
[    5.621640] i2c_dev: i2c /dev entries driver
[    5.622839] device-mapper: core: CONFIG_IMA_DISABLE_HTABLE is disabled. Duplicate IMA measurements will not be recorded in the IMA log.
[    5.623969] device-mapper: uevent: version 1.0.3
[    5.625204] device-mapper: ioctl: 4.50.0-ioctl (2025-04-28) initialised: dm-devel@lists.linux.dev
[    5.626036] intel_pstate: CPU model not supported
[    5.626743] sdhci: Secure Digital Host Controller Interface driver
[    5.627291] sdhci: Copyright(c) Pierre Ossman
[    5.627897] sdhci-pltfm: SDHCI platform and OF driver helper
[    5.629027] drop_monitor: Initializing network drop monitor service
[    5.629959] NET: Registered PF_INET6 protocol family
[    5.632308] Segment Routing with IPv6
[    5.632767] In-situ OAM (IOAM) with IPv6
[    5.633184] NET: Registered PF_PACKET protocol family
[    5.634329] 9pnet: Installing 9P2000 support
[    5.634853] Key type dns_resolver registered
[    5.637532] IPI shorthand broadcast: enabled
[    5.703205] sched_clock: Marking stable (5684004284, 18278499)->(5714264466, -11981683)
[    5.705434] registered taskstats version 1
[    5.706574] Loading compiled-in X.509 certificates
[    5.791230] Demotion targets for Node 0: null
[    5.793341] Key type .fscrypt registered
[    5.793725] Key type fscrypt-provisioning registered
[    5.802408] Key type encrypted registered
[    5.802810] ima: No TPM chip found, activating TPM-bypass!
[    5.803329] ima: Allocated hash algorithm: sha1
[    5.803796] ima: No architecture policies found
[    5.804368] evm: Initialising EVM extended attributes:
[    5.804830] evm: security.selinux
[    5.805130] evm: security.SMACK64
[    5.805434] evm: security.SMACK64EXEC
[    5.805759] evm: security.SMACK64TRANSMUTE
[    5.806120] evm: security.SMACK64MMAP
[    5.806489] evm: security.apparmor
[    5.806800] evm: security.ima
[    5.807069] evm: security.capability
[    5.807396] evm: HMAC attrs: 0x1
[    5.810883] PM:   Magic number: 10:673:174
[    5.811376] acpi device:0a: hash matches
[    5.812855] RAS: Correctable Errors collector initialized.
[    5.813583] clk: Disabling unused clocks
[    5.813984] PM: genpd: Disabling unused power domains
[    5.815343] check access for rdinit=/init failed: -2, ignoring
[    5.815751] md: Waiting for all devices to be available before autodetect
[    5.816151] md: If you don't use raid, use raid=noautodetect
[    5.816498] md: Autodetecting RAID arrays.
[    5.816756] md: autorun ...
[    5.816931] md: ... autorun DONE.
[    5.829084] EXT4-fs (sda): INFO: recovery required on readonly filesystem
[    5.829556] EXT4-fs (sda): write access will be enabled during recovery
[    5.890977] EXT4-fs (sda): recovery complete
[    5.895173] EXT4-fs (sda): mounted filesystem 088740a9-c8b4-422c-999d-a804eb68a4da ro with ordered data mode. Quota mode: none.
[    5.895972] VFS: Mounted root (ext4 filesystem) readonly on device 8:0.
[    5.899715] devtmpfs: mounted
[    5.922015] Freeing unused decrypted memory: 2036K
[    5.927919] Freeing unused kernel image (initmem) memory: 16420K
[    5.928400] Write protecting the kernel read-only data: 102400k
[    5.931884] Freeing unused kernel image (text/rodata gap) memory: 980K
[    5.934001] Freeing unused kernel image (rodata/data gap) memory: 1656K
[    7.061584] x86/mm: Checked W+X mappings: passed, no W+X pages found.
[    7.062240] Run /sbin/init as init process
[    7.311326] systemd[1]: systemd 252-15.el9 running in system mode (+PAM +AUDIT +SELINUX -APPARMOR +IMA +SMACK +SECCOMP +GCRYPT +GNUTLS +OPENSSL +ACL +BLKID +CURL +ELFUTILS -FIDO2 +IDN2 -IDN -IPTC +KMOD +LIBCRYPTSETUP +LIBFDISK +PCRE2 -PWQUALITY +P11KIT -QRENCODE +TPM2 +BZIP2 +LZ4 +XZ +ZLIB +ZSTD -BPF_FRAMEWORK +XKBCOMMON +UTMP +SYSVINIT default-hierarchy=unified)
[    7.313106] systemd[1]: Detected virtualization kvm.
[    7.313414] systemd[1]: Detected architecture x86-64.

Welcome to [0;31mCentOS Stream 9[0m!

[    7.322878] systemd[1]: Hostname set to <test>.
[    7.604175] systemd-rc-local-generator[122]: /etc/rc.d/rc.local is not marked executable, skipping.
[    8.105694] systemd[1]: Queued start job for default target Multi-User System.
[    8.129644] systemd[1]: Created slice Virtual Machine and Container Slice.
[[0;32m  OK  [0m] Created slice [0;1;39mVirtual Machine and Container Slice[0m.
[    8.135363] systemd[1]: Created slice Slice /system/getty.
[[0;32m  OK  [0m] Created slice [0;1;39mSlice /system/getty[0m.
[    8.139021] systemd[1]: Created slice Slice /system/modprobe.
[[0;32m  OK  [0m] Created slice [0;1;39mSlice /system/modprobe[0m.
[    8.142846] systemd[1]: Created slice Slice /system/serial-getty.
[[0;32m  OK  [0m] Created slice [0;1;39mSlice /system/serial-getty[0m.
[    8.146440] systemd[1]: Created slice Slice /system/sshd-keygen.
[[0;32m  OK  [0m] Created slice [0;1;39mSlice /system/sshd-keygen[0m.
[    8.149774] systemd[1]: Created slice User and Session Slice.
[[0;32m  OK  [0m] Created slice [0;1;39mUser and Session Slice[0m.
[    8.151784] systemd[1]: Started Forward Password Requests to Wall Directory Watch.
[[0;32m  OK  [0m] Started [0;1;39mForward Password R…uests to Wall Directory Watch[0m.
[    8.154932] systemd[1]: Set up automount Arbitrary Executable File Formats File System Automount Point.
[[0;32m  OK  [0m] Set up automount [0;1;39mArbitrary…s File System Automount Point[0m.
[    8.156922] systemd[1]: Reached target Local Integrity Protected Volumes.
[[0;32m  OK  [0m] Reached target [0;1;39mLocal Integrity Protected Volumes[0m.
[    8.158569] systemd[1]: Reached target Slice Units.
[[0;32m  OK  [0m] Reached target [0;1;39mSlice Units[0m.
[    8.160092] systemd[1]: Reached target Swaps.
[[0;32m  OK  [0m] Reached target [0;1;39mSwaps[0m.
[    8.161376] systemd[1]: Reached target Local Verity Protected Volumes.
[[0;32m  OK  [0m] Reached target [0;1;39mLocal Verity Protected Volumes[0m.
[    8.163261] systemd[1]: Listening on Device-mapper event daemon FIFOs.
[[0;32m  OK  [0m] Listening on [0;1;39mDevice-mapper event daemon FIFOs[0m.
[    8.165304] systemd[1]: Listening on LVM2 poll daemon socket.
[[0;32m  OK  [0m] Listening on [0;1;39mLVM2 poll daemon socket[0m.
[    8.166738] systemd[1]: multipathd control socket was skipped because of an unmet condition check (ConditionPathExists=/etc/multipath.conf).
[    8.232557] systemd[1]: Listening on RPCbind Server Activation Socket.
[[0;32m  OK  [0m] Listening on [0;1;39mRPCbind Server Activation Socket[0m.
[    8.234010] systemd[1]: Reached target RPC Port Mapper.
[[0;32m  OK  [0m] Reached target [0;1;39mRPC Port Mapper[0m.
[    8.237870] systemd[1]: Listening on Process Core Dump Socket.
[[0;32m  OK  [0m] Listening on [0;1;39mProcess Core Dump Socket[0m.
[    8.239607] systemd[1]: Listening on initctl Compatibility Named Pipe.
[[0;32m  OK  [0m] Listening on [0;1;39minitctl Compatibility Named Pipe[0m.
[    8.241452] systemd[1]: Listening on Journal Socket (/dev/log).
[[0;32m  OK  [0m] Listening on [0;1;39mJournal Socket (/dev/log)[0m.
[    8.243159] systemd[1]: Listening on Journal Socket.
[[0;32m  OK  [0m] Listening on [0;1;39mJournal Socket[0m.
[    8.244891] systemd[1]: Listening on udev Control Socket.
[[0;32m  OK  [0m] Listening on [0;1;39mudev Control Socket[0m.
[    8.246756] systemd[1]: Listening on udev Kernel Socket.
[[0;32m  OK  [0m] Listening on [0;1;39mudev Kernel Socket[0m.
[    8.253664] systemd[1]: Mounting Huge Pages File System...
         Mounting [0;1;39mHuge Pages File System[0m...
[    8.262718] systemd[1]: Mounting POSIX Message Queue File System...
         Mounting [0;1;39mPOSIX Message Queue File System[0m...
[    8.274486] systemd[1]: Mounting Kernel Debug File System...
         Mounting [0;1;39mKernel Debug File System[0m...
[    8.282122] systemd[1]: Mounting Kernel Trace File System...
         Mounting [0;1;39mKernel Trace File System[0m...
[    8.284054] systemd[1]: Kernel Module supporting RPCSEC_GSS was skipped because of an unmet condition check (ConditionPathExists=/etc/krb5.keytab).
[    8.285058] systemd[1]: Create List of Static Device Nodes was skipped because of an unmet condition check (ConditionFileNotEmpty=/lib/modules/6.19.0-rc5-353c6f43ab69+/modules.devname).
[    8.311534] systemd[1]: Starting Monitoring of LVM2 mirrors, snapshots etc. using dmeventd or progress polling...
         Starting [0;1;39mMonitoring of LVM…meventd or progress polling[0m...
[    8.320080] systemd[1]: Starting Load Kernel Module configfs...
         Starting [0;1;39mLoad Kernel Module configfs[0m...
[    8.331267] systemd[1]: Starting Load Kernel Module drm...
         Starting [0;1;39mLoad Kernel Module drm[0m...
[    8.347017] systemd[1]: Starting Load Kernel Module fuse...
         Starting [0;1;39mLoad Kernel Module fuse[0m...
[    8.364131] systemd[1]: Starting Read and set NIS domainname from /etc/sysconfig/network...
         Starting [0;1;39mRead and set NIS …from /etc/sysconfig/network[0m...
[    8.377611] systemd[1]: Starting Journal Service...
         Starting [0;1;39mJournal Service[0m...
[    8.398748] systemd[1]: Starting Load Kernel Modules...
         Starting [0;1;39mLoad Kernel Modules[0m...
[    8.410655] systemd[1]: Starting Generate network units from Kernel command line...
         Starting [0;1;39mGenerate network …ts from Kernel command line[0m...
[    8.455543] systemd[1]: Starting Remount Root and Kernel File Systems...
         Starting [0;1;39mRemount Root and Kernel File Systems[0m...
[    8.461309] systemd[1]: Repartition Root Disk was skipped because no trigger condition checks were met.
[    8.483199] EXT4-fs (sda): re-mounted 088740a9-c8b4-422c-999d-a804eb68a4da r/w.
[    8.486884] systemd[1]: Starting Coldplug All udev Devices...
         Starting [0;1;39mColdplug All udev Devices[0m...
[    8.501045] systemd[1]: Mounted Huge Pages File System.
[[0;32m  OK  [0m] Mounted [0;1;39mHuge Pages File System[0m.
[    8.506981] systemd[1]: Mounted POSIX Message Queue File System.
[[0;32m  OK  [0m] Mounted [0;1;39mPOSIX Message Queue File System[0m.
[    8.508566] systemd[1]: Mounted Kernel Debug File System.
[[0;32m  OK  [0m] Mounted [0;1;39mKernel Debug File System[0m.
[    8.515254] systemd[1]: Mounted Kernel Trace File System.
[[0;32m  OK  [0m] Mounted [0;1;39mKernel Trace File System[0m.
[    8.519136] systemd[1]: Finished Monitoring of LVM2 mirrors, snapshots etc. using dmeventd or progress polling.
[[0;32m  OK  [0m] Finished [0;1;39mMonitoring of LVM… dmeventd or progress polling[0m.
[    8.525686] systemd[1]: modprobe@configfs.service: Deactivated successfully.
[    8.531724] systemd[1]: Finished Load Kernel Module configfs.
[[0;32m  OK  [0m] Finished [0;1;39mLoad Kernel Module configfs[0m.
[    8.538640] systemd[1]: modprobe@drm.service: Deactivated successfully.
[    8.540253] systemd[1]: Finished Load Kernel Module drm.
[[0;32m  OK  [0m] Finished [0;1;39mLoad Kernel Module drm[0m.
[    8.542685] systemd[1]: modprobe@fuse.service: Deactivated successfully.
[    8.550554] systemd[1]: Finished Load Kernel Module fuse.
[[0;32m  OK  [0m] Finished [0;1;39mLoad Kernel Module fuse[0m.
[    8.558770] systemd[1]: Finished Read and set NIS domainname from /etc/sysconfig/network.
[[0;32m  OK  [0m] Finished [0;1;39mRead and set NIS …e from /etc/sysconfig/network[0m.
[    8.560720] systemd[1]: systemd-modules-load.service: Main process exited, code=exited, status=1/FAILURE
[    8.562080] systemd[1]: systemd-modules-load.service: Failed with result 'exit-code'.
[    8.571689] systemd[1]: Failed to start Load Kernel Modules.
[[0;1;31mFAILED[0m] Failed to start [0;1;39mLoad Kernel Modules[0m.
See 'systemctl status systemd-modules-load.service' for details.
[    8.580046] systemd[1]: Started Journal Service.
[[0;32m  OK  [0m] Started [0;1;39mJournal Service[0m.
[[0;32m  OK  [0m] Finished [0;1;39mGenerate network units from Kernel command line[0m.
[[0;32m  OK  [0m] Finished [0;1;39mRemount Root and Kernel File Systems[0m.
[[0;32m  OK  [0m] Reached target [0;1;39mPreparation for Network[0m.
         Mounting [0;1;39mFUSE Control File System[0m...
         Mounting [0;1;39mKernel Configuration File System[0m...
         Starting [0;1;39mFlush Journal to Persistent Storage[0m...
         Starting [0;1;39mLoad/Save Random Seed[0m...
         Starting [0;1;39mApply Kernel Variables[0m...
         Starting [0;1;39mCreate Static Device Nodes in /dev[0m...
         Starting [0;1;39mSetup Virtual Console[0m...
[    8.711652] systemd-journald[144]: Received client request to flush runtime journal.
[[0;32m  OK  [0m] Mounted [0;1;39mFUSE Control File System[0m.
[[0;32m  OK  [0m] Mounted [0;1;39mKernel Configuration File System[0m.
[[0;32m  OK  [0m] Finished [0;1;39mFlush Journal to Persistent Storage[0m.
[[0;32m  OK  [0m] Finished [0;1;39mLoad/Save Random Seed[0m.
[[0;32m  OK  [0m] Finished [0;1;39mApply Kernel Variables[0m.
[[0;32m  OK  [0m] Finished [0;1;39mCreate Static Device Nodes in /dev[0m.
         Starting [0;1;39mRule-based Manage…for Device Events and Files[0m...
[[0;32m  OK  [0m] Finished [0;1;39mSetup Virtual Console[0m.
[[0;32m  OK  [0m] Started [0;1;39mRule-based Manager for Device Events and Files[0m.
         Starting [0;1;39mAuto-connect to s…E devices found during boot[0m...
[[0;32m  OK  [0m] Finished [0;1;39mAuto-connect to s…VME devices found during boot[0m.
[[0;32m  OK  [0m] Finished [0;1;39mColdplug All udev Devices[0m.
         Starting [0;1;39mShow Plymouth Boot Screen[0m...
         Starting [0;1;39mWait for udev To …plete Device Initialization[0m...
[2J[3J[-1;-1f[[0;32m  OK  [0m] Started [0;1;39mShow Plymouth Boot Screen[0m.
[[0;32m  OK  [0m] Started [0;1;39mForward Password R…s to Plymouth Directory Watch[0m.
[[0;32m  OK  [0m] Reached target [0;1;39mLocal Encrypted Volumes[0m.
[[0;32m  OK  [0m] Reached target [0;1;39mPath Units[0m.
[[0;32m  OK  [0m] Found device [0;1;39m/dev/ttyS0[0m.
[[0;32m  OK  [0m] Listening on [0;1;39mLoad/Save RF …itch Status /dev/rfkill Watch[0m.
[[0;32m  OK  [0m] Finished [0;1;39mWait for udev To Complete Device Initialization[0m.
[[0;32m  OK  [0m] Reached target [0;1;39mPreparation for Local File Systems[0m.
[[0;32m  OK  [0m] Reached target [0;1;39mLocal File Systems[0m.
         Starting [0;1;39mTell Plymouth To Write Out Runtime Data[0m...
         Starting [0;1;39mAutomatic Boot Loader Update[0m...
         Starting [0;1;39mCreate Volatile Files and Directories[0m...
[[0;32m  OK  [0m] Finished [0;1;39mTell Plymouth To Write Out Runtime Data[0m.
[[0;32m  OK  [0m] Finished [0;1;39mAutomatic Boot Loader Update[0m.
[[0;32m  OK  [0m] Finished [0;1;39mCreate Volatile Files and Directories[0m.
         Mounting [0;1;39mRPC Pipe File System[0m...
         Starting [0;1;39mSecurity Auditing Service[0m...
         Starting [0;1;39mRPC Bind[0m...
[[0;32m  OK  [0m] Mounted [0;1;39mRPC Pipe File System[0m.
[[0;32m  OK  [0m] Reached target [0;1;39mrpc_pipefs.target[0m.
[[0;32m  OK  [0m] Started [0;1;39mRPC Bind[0m.
[[0;32m  OK  [0m] Started [0;1;39mSecurity Auditing Service[0m.
         Starting [0;1;39mRecord System Boot/Shutdown in UTMP[0m...
[[0;32m  OK  [0m] Finished [0;1;39mRecord System Boot/Shutdown in UTMP[0m.
[[0;32m  OK  [0m] Reached target [0;1;39mSystem Initialization[0m.
[[0;32m  OK  [0m] Started [0;1;39mDaily rotation of log files[0m.
[[0;32m  OK  [0m] Started [0;1;39mUpdates mlocate database every day[0m.
[[0;32m  OK  [0m] Started [0;1;39mDaily Cleanup of Temporary Directories[0m.
[[0;32m  OK  [0m] Started [0;1;39mdaily update of the root trust anchor for DNSSEC[0m.
[[0;32m  OK  [0m] Reached target [0;1;39mTimer Units[0m.
[[0;32m  OK  [0m] Listening on [0;1;39mD-Bus System Message Bus Socket[0m.
[[0;32m  OK  [0m] Listening on [0;1;39mOpen-iSCSI iscsid Socket[0m.
[[0;32m  OK  [0m] Listening on [0;1;39mOpen-iSCSI iscsiuio Socket[0m.
[[0;32m  OK  [0m] Listening on [0;1;39mSSSD Kerberos…ache Manager responder socket[0m.
[[0;32m  OK  [0m] Listening on [0;1;39mLibvirt interface local socket[0m.
[[0;32m  OK  [0m] Listening on [0;1;39mVirtual machine lock manager socket[0m.
[[0;32m  OK  [0m] Listening on [0;1;39mVirtual machine log manager socket[0m.
[[0;32m  OK  [0m] Listening on [0;1;39mLibvirt network local socket[0m.
[[0;32m  OK  [0m] Listening on [0;1;39mLibvirt nodedev local socket[0m.
[[0;32m  OK  [0m] Listening on [0;1;39mLibvirt nwfilter local socket[0m.
[[0;32m  OK  [0m] Listening on [0;1;39mLibvirt proxy local socket[0m.
[[0;32m  OK  [0m] Listening on [0;1;39mLibvirt qemu local socket[0m.
[[0;32m  OK  [0m] Listening on [0;1;39mLibvirt qemu admin socket[0m.
[[0;32m  OK  [0m] Listening on [0;1;39mLibvirt qemu local read-only socket[0m.
[[0;32m  OK  [0m] Listening on [0;1;39mLibvirt secret local socket[0m.
[[0;32m  OK  [0m] Listening on [0;1;39mLibvirt storage local socket[0m.
[[0;32m  OK  [0m] Reached target [0;1;39mSocket Units[0m.
         Starting [0;1;39mD-Bus System Message Bus[0m...
[[0;32m  OK  [0m] Started [0;1;39mD-Bus System Message Bus[0m.
[[0;32m  OK  [0m] Reached target [0;1;39mBasic System[0m.
         Starting [0;1;39mNetwork Manager[0m...
         Starting [0;1;39mNTP client/server[0m...
         Starting [0;1;39mRestore /run/initramfs on shutdown[0m...
[[0;32m  OK  [0m] Started [0;1;39mirqbalance daemon[0m.
[[0;32m  OK  [0m] Started [0;1;39mlibstoragemgmt plug-in server daemon[0m.
[[0;32m  OK  [0m] Started [0;1;39mMachine Check Exception Logging Daemon[0m.
[[0;32m  OK  [0m] Reached target [0;1;39msshd-keygen.target[0m.
[[0;32m  OK  [0m] Reached target [0;1;39mUser and Group Name Lookups[0m.
         Starting [0;1;39mUser Login Management[0m...
         Starting [0;1;39mVirtual Machine a…tainer Registration Service[0m...
[[0;32m  OK  [0m] Finished [0;1;39mRestore /run/initramfs on shutdown[0m.
[[0;32m  OK  [0m] Started [0;1;39mVirtual Machine an…ontainer Registration Service[0m.
         Starting [0;1;39mHostname Service[0m...
[[0;32m  OK  [0m] Started [0;1;39mNTP client/server[0m.
[[0;32m  OK  [0m] Started [0;1;39mUser Login Management[0m.
[[0;32m  OK  [0m] Started [0;1;39mHostname Service[0m.
         Starting [0;1;39mNetwork Manager Script Dispatcher Service[0m...
[[0;32m  OK  [0m] Started [0;1;39mNetwork Manager Script Dispatcher Service[0m.
[   12.354975] e1000: eth0 NIC Link is Up 1000 Mbps Full Duplex, Flow Control: RX
[[0;32m  OK  [0m] Started [0;1;39mNetwork Manager[0m.
[[0;32m  OK  [0m] Reached target [0;1;39mNetwork[0m.
[[0;32m  OK  [0m] Reached target [0;1;39mNetwork is Online[0m.
         Starting [0;1;39mGSSAPI Proxy Daemon[0m...
         Starting [0;1;39mNotify NFS peers of a restart[0m...
         Starting [0;1;39mSystem Logging Service[0m...
         Starting [0;1;39mOpenSSH server daemon[0m...
         Starting [0;1;39mDynamic System Tuning Daemon[0m...
[[0;32m  OK  [0m] Started [0;1;39mNotify NFS peers of a restart[0m.
[[0;32m  OK  [0m] Started [0;1;39mGSSAPI Proxy Daemon[0m.
[[0;32m  OK  [0m] Reached target [0;1;39mNFS client services[0m.
[[0;32m  OK  [0m] Reached target [0;1;39mPreparation for Remote File Systems[0m.
[[0;32m  OK  [0m] Reached target [0;1;39mRemote File Systems[0m.
         Starting [0;1;39mPermit User Sessions[0m...
         Starting [0;1;39mVirtualization qemu daemon[0m...
[[0;32m  OK  [0m] Started [0;1;39mOpenSSH server daemon[0m.
[[0;32m  OK  [0m] Finished [0;1;39mPermit User Sessions[0m.
[[0;32m  OK  [0m] Started [0;1;39mDeferred execution scheduler[0m.
[[0;32m  OK  [0m] Started [0;1;39mCommand Scheduler[0m.
         Starting [0;1;39mHold until boot process finishes up[0m...
         Starting [0;1;39mTerminate Plymouth Boot Screen[0m...
[[0;32m  OK  [0m] Started [0;1;39mSystem Logging Service[0m.

CentOS Stream 9
Kernel 6.19.0-rc5-353c6f43ab69+ on an x86_64

Activate the web console with: systemctl enable --now cockpit.socket

test login: 