c[?7l[2J[0mSeaBIOS (version rel-1.16.3-0-ga6ed6b701f0a-prebuilt.qemu.org)


iPXE (http://ipxe.org) 00:03.0 CA00 PCI2.10 PnP PMM+7EFD0D60+7EF30D60 CA00
Press Ctrl-B to configure iPXE (PCI 00:03.0)...                                                                               


Booting from ROM..c[?7l[2J[    0.000000] Linux version 6.15.0-47cf96fbe393+ (root@gnr-800442) (gcc (GCC) 11.5.0 20240719 (Red Hat 11.5.0-14), GNU ld version 2.35.2-66.el9) #1 SMP PREEMPT_DYNAMIC Tue Jan 27 16:57:47 CST 2026
[    0.000000] Command line: console=ttyS0 root=/dev/sda earlyprintk=serial net.ifnames=0 thunderbolt.dyndbg
[    0.000000] KERNEL supported cpus:
[    0.000000]   Intel GenuineIntel
[    0.000000]   AMD AuthenticAMD
[    0.000000]   Hygon HygonGenuine
[    0.000000]   Centaur CentaurHauls
[    0.000000]   zhaoxin   Shanghai  
[    0.000000] x86/CPU: Model not found in latest microcode list
[    0.000000] x86/split lock detection: #DB: warning on user-space bus_locks
[    0.000000] BIOS-provided physical RAM map:
[    0.000000] BIOS-e820: [mem 0x0000000000000000-0x000000000009fbff] usable
[    0.000000] BIOS-e820: [mem 0x000000000009fc00-0x000000000009ffff] reserved
[    0.000000] BIOS-e820: [mem 0x00000000000f0000-0x00000000000fffff] reserved
[    0.000000] BIOS-e820: [mem 0x0000000000100000-0x000000007ffdffff] usable
[    0.000000] BIOS-e820: [mem 0x000000007ffe0000-0x000000007fffffff] reserved
[    0.000000] BIOS-e820: [mem 0x00000000feffc000-0x00000000feffffff] reserved
[    0.000000] BIOS-e820: [mem 0x00000000fffc0000-0x00000000ffffffff] reserved
[    0.000000] printk: legacy bootconsole [earlyser0] enabled
[    0.000000] NX (Execute Disable) protection: active
[    0.000000] APIC: Static calls initialized
[    0.000000] SMBIOS 3.0.0 present.
[    0.000000] DMI: QEMU Standard PC (i440FX + PIIX, 1996), BIOS rel-1.16.3-0-ga6ed6b701f0a-prebuilt.qemu.org 04/01/2014
[    0.000000] DMI: Memory slots populated: 1/1
[    0.000000] Hypervisor detected: KVM
[    0.000000] kvm-clock: Using msrs 4b564d01 and 4b564d00
[    0.000002] kvm-clock: using sched offset of 704484743 cycles
[    0.000475] clocksource: kvm-clock: mask: 0xffffffffffffffff max_cycles: 0x1cd42e4dffb, max_idle_ns: 881590591483 ns
[    0.001953] tsc: Detected 2500.000 MHz processor
[    0.011044] last_pfn = 0x7ffe0 max_arch_pfn = 0x10000000000
[    0.011589] MTRR map: 4 entries (3 fixed + 1 variable; max 19), built from 8 variable MTRRs
[    0.012344] x86/PAT: Configuration [0-7]: WB  WC  UC- UC  WB  WP  UC- WT  
[    0.018104] found SMP MP-table at [mem 0x000f5480-0x000f548f]
[    0.018659] Using GB pages for direct mapping
[    0.021337] ACPI: Early table checksum verification disabled
[    0.021856] ACPI: RSDP 0x00000000000F52A0 000014 (v00 BOCHS )
[    0.022385] ACPI: RSDT 0x000000007FFE1C9B 000034 (v01 BOCHS  BXPC     00000001 BXPC 00000001)
[    0.023179] ACPI: FACP 0x000000007FFE1B47 000074 (v01 BOCHS  BXPC     00000001 BXPC 00000001)
[    0.023932] ACPI: DSDT 0x000000007FFE0040 001B07 (v01 BOCHS  BXPC     00000001 BXPC 00000001)
[    0.024657] ACPI: FACS 0x000000007FFE0000 000040
[    0.025085] ACPI: APIC 0x000000007FFE1BBB 000080 (v03 BOCHS  BXPC     00000001 BXPC 00000001)
[    0.025866] ACPI: HPET 0x000000007FFE1C3B 000038 (v01 BOCHS  BXPC     00000001 BXPC 00000001)
[    0.026659] ACPI: WAET 0x000000007FFE1C73 000028 (v01 BOCHS  BXPC     00000001 BXPC 00000001)
[    0.027439] ACPI: Reserving FACP table memory at [mem 0x7ffe1b47-0x7ffe1bba]
[    0.028087] ACPI: Reserving DSDT table memory at [mem 0x7ffe0040-0x7ffe1b46]
[    0.028723] ACPI: Reserving FACS table memory at [mem 0x7ffe0000-0x7ffe003f]
[    0.029354] ACPI: Reserving APIC table memory at [mem 0x7ffe1bbb-0x7ffe1c3a]
[    0.029997] ACPI: Reserving HPET table memory at [mem 0x7ffe1c3b-0x7ffe1c72]
[    0.030635] ACPI: Reserving WAET table memory at [mem 0x7ffe1c73-0x7ffe1c9a]
[    0.031882] No NUMA configuration found
[    0.032235] Faking a node at [mem 0x0000000000000000-0x000000007ffdffff]
[    0.032881] NODE_DATA(0) allocated [mem 0x7ffb4e80-0x7ffdfc7f]
[    0.034444] Zone ranges:
[    0.034705]   DMA      [mem 0x0000000000001000-0x0000000000ffffff]
[    0.035272]   DMA32    [mem 0x0000000001000000-0x000000007ffdffff]
[    0.035839]   Normal   empty
[    0.036106]   Device   empty
[    0.036370] Movable zone start for each node
[    0.036782] Early memory node ranges
[    0.037107]   node   0: [mem 0x0000000000001000-0x000000000009efff]
[    0.037671]   node   0: [mem 0x0000000000100000-0x000000007ffdffff]
[    0.038232] Initmem setup node 0 [mem 0x0000000000001000-0x000000007ffdffff]
[    0.039106] On node 0, zone DMA: 1 pages in unavailable ranges
[    0.039868] On node 0, zone DMA: 97 pages in unavailable ranges
[    0.069424] On node 0, zone DMA32: 32 pages in unavailable ranges
[    0.121471] kasan: KernelAddressSanitizer initialized
[    0.122212] ACPI: PM-Timer IO Port: 0x608
[    0.122609] ACPI: LAPIC_NMI (acpi_id[0xff] dfl dfl lint[0x1])
[    0.123184] IOAPIC[0]: apic_id 0, version 17, address 0xfec00000, GSI 0-23
[    0.123823] ACPI: INT_SRC_OVR (bus 0 bus_irq 0 global_irq 2 dfl dfl)
[    0.124389] ACPI: INT_SRC_OVR (bus 0 bus_irq 5 global_irq 5 high level)
[    0.124993] ACPI: INT_SRC_OVR (bus 0 bus_irq 9 global_irq 9 high level)
[    0.125596] ACPI: INT_SRC_OVR (bus 0 bus_irq 10 global_irq 10 high level)
[    0.126200] ACPI: INT_SRC_OVR (bus 0 bus_irq 11 global_irq 11 high level)
[    0.126827] ACPI: Using ACPI (MADT) for SMP configuration information
[    0.127399] ACPI: HPET id: 0x8086a201 base: 0xfed00000
[    0.127874] TSC deadline timer available
[    0.128233] CPU topo: Max. logical packages:   1
[    0.128651] CPU topo: Max. logical dies:       1
[    0.129065] CPU topo: Max. dies per package:   1
[    0.129484] CPU topo: Max. threads per core:   1
[    0.129905] CPU topo: Num. cores per package:     2
[    0.130339] CPU topo: Num. threads per package:   2
[    0.130781] CPU topo: Allowing 2 present CPUs plus 0 hotplug CPUs
[    0.131375] kvm-guest: APIC: eoi() replaced with kvm_guest_apic_eoi_write()
[    0.132027] kvm-guest: KVM setup pv remote TLB flush
[    0.132477] kvm-guest: setup PV sched yield
[    0.132900] PM: hibernation: Registered nosave memory: [mem 0x00000000-0x00000fff]
[    0.133588] PM: hibernation: Registered nosave memory: [mem 0x0009f000-0x000fffff]
[    0.134281] [mem 0x80000000-0xfeffbfff] available for PCI devices
[    0.134838] Booting paravirtualized kernel on KVM
[    0.135264] clocksource: refined-jiffies: mask: 0xffffffff max_cycles: 0xffffffff, max_idle_ns: 7645519600211568 ns
[    0.136209] setup_percpu: NR_CPUS:8192 nr_cpumask_bits:2 nr_cpu_ids:2 nr_node_ids:1
[    0.137352] percpu: Embedded 80 pages/cpu s290816 r8192 d28672 u1048576
[    0.138134] kvm-guest: PV spinlocks enabled
[    0.138540] PV qspinlock hash table entries: 256 (order: 0, 4096 bytes, linear)
[    0.139223] Kernel command line: net.ifnames=0 console=ttyS0 root=/dev/sda earlyprintk=serial net.ifnames=0 thunderbolt.dyndbg
[    0.140558] random: crng init done
[    0.140874] printk: log buffer data + meta data: 262144 + 917504 = 1179648 bytes
[    0.141957] Dentry cache hash table entries: 262144 (order: 9, 2097152 bytes, linear)
[    0.142820] Inode-cache hash table entries: 131072 (order: 8, 1048576 bytes, linear)
[    0.143770] Fallback order for Node 0: 0 
[    0.143781] Built 1 zonelists, mobility grouping on.  Total pages: 524158
[    0.144722] Policy zone: DMA32
[    0.144993] mem auto-init: stack:off, heap alloc:off, heap free:off
[    0.145545] stackdepot: allocating hash table via alloc_large_system_hash
[    0.146142] stackdepot hash table entries: 1048576 (order: 12, 16777216 bytes, linear)
[    0.203786] SLUB: HWalign=64, Order=0-3, MinObjects=0, CPUs=2, Nodes=1
[    0.204367] kmemleak: Kernel memory leak detector disabled
[    0.240065] ftrace: allocating 73791 entries in 290 pages
[    0.240549] ftrace: allocated 290 pages with 3 groups
[    0.244678] Dynamic Preempt: voluntary
[    0.245386] Running RCU self tests
[    0.245699] Running RCU synchronous self tests
[    0.246084] rcu: Preemptible hierarchical RCU implementation.
[    0.246590] rcu: 	RCU lockdep checking is enabled.
[    0.247008] rcu: 	RCU restricting CPUs from NR_CPUS=8192 to nr_cpu_ids=2.
[    0.247613] 	Trampoline variant of Tasks RCU enabled.
[    0.248049] 	Rude variant of Tasks RCU enabled.
[    0.248442] 	Tracing variant of Tasks RCU enabled.
[    0.248873] rcu: RCU calculated value of scheduler-enlistment delay is 25 jiffies.
[    0.249535] rcu: Adjusting geometry for rcu_fanout_leaf=16, nr_cpu_ids=2
[    0.250155] Running RCU synchronous self tests
[    0.250557] RCU Tasks: Setting shift to 1 and lim to 1 rcu_task_cb_adjust=1 rcu_task_cpu_ids=2.
[    0.251308] RCU Tasks Rude: Setting shift to 1 and lim to 1 rcu_task_cb_adjust=1 rcu_task_cpu_ids=2.
[    0.252115] RCU Tasks Trace: Setting shift to 1 and lim to 1 rcu_task_cb_adjust=1 rcu_task_cpu_ids=2.
[    0.322340] NR_IRQS: 524544, nr_irqs: 440, preallocated irqs: 16
[    0.323387] rcu: srcu_init: Setting srcu_struct sizes based on contention.
[    0.332612] Console: colour VGA+ 80x25
[    0.333039] printk: legacy console [ttyS0] enabled
[    0.333039] printk: legacy console [ttyS0] enabled
[    0.333906] printk: legacy bootconsole [earlyser0] disabled
[    0.333906] printk: legacy bootconsole [earlyser0] disabled
[    0.334911] Lock dependency validator: Copyright (c) 2006 Red Hat, Inc., Ingo Molnar
[    0.335610] ... MAX_LOCKDEP_SUBCLASSES:  8
[    0.335983] ... MAX_LOCK_DEPTH:          48
[    0.336358] ... MAX_LOCKDEP_KEYS:        8192
[    0.336759] ... CLASSHASH_SIZE:          4096
[    0.337153] ... MAX_LOCKDEP_ENTRIES:     32768
[    0.337565] ... MAX_LOCKDEP_CHAINS:      65536
[    0.337963] ... CHAINHASH_SIZE:          32768
[    0.338361]  memory used by lock dependency info: 6429 kB
[    0.338854]  memory used for stack traces: 4224 kB
[    0.339287]  per task-struct memory footprint: 1920 bytes
[    0.339855] ACPI: Core revision 20250404
[    0.340617] clocksource: hpet: mask: 0xffffffff max_cycles: 0xffffffff, max_idle_ns: 19112604467 ns
[    0.341599] APIC: Switch to symmetric I/O mode setup
[    0.342331] x2apic enabled
[    0.343003] APIC: Switched APIC routing to: physical x2apic
[    0.343523] kvm-guest: APIC: send_IPI_mask() replaced with kvm_send_ipi_mask()
[    0.344180] kvm-guest: APIC: send_IPI_mask_allbutself() replaced with kvm_send_ipi_mask_allbutself()
[    0.345014] kvm-guest: setup PV IPIs
[    0.346464] ..TIMER: vector=0x30 apic1=0 pin1=2 apic2=-1 pin2=-1
[    0.347045] clocksource: tsc-early: mask: 0xffffffffffffffff max_cycles: 0x240939f1bb2, max_idle_ns: 440795263295 ns
[    0.348002] Calibrating delay loop (skipped) preset value.. 5000.00 BogoMIPS (lpj=10000000)
[    0.348901] x86/cpu: User Mode Instruction Prevention (UMIP) activated
[    0.349581] Last level iTLB entries: 4KB 0, 2MB 0, 4MB 0
[    0.352018] Last level dTLB entries: 4KB 0, 2MB 0, 4MB 0, 1GB 0
[    0.352601] Speculative Store Bypass: Mitigation: Speculative Store Bypass disabled via prctl
[    0.353358] Spectre V2 : Mitigation: Enhanced / Automatic IBRS
[    0.353888] ITS: Mitigation: Aligned branch/return thunks
[    0.354380] Spectre V1 : Mitigation: usercopy/swapgs barriers and __user pointer sanitization
[    0.355134] Spectre V2 : WARNING: Unprivileged eBPF is enabled with eIBRS on, data leaks possible via Spectre v2 BHB attacks!
[    0.356000] Spectre V2 : Spectre v2 / PBRSB-eIBRS: Retire a single CALL on VMEXIT
[    0.356655] Spectre V2 : mitigation: Enabling conditional Indirect Branch Prediction Barrier
[    0.357391] Spectre V2 : Spectre BHI mitigation: SW BHB clearing on syscall and VM exit
[    0.358130] x86/fpu: Supporting XSAVE feature 0x001: 'x87 floating point registers'
[    0.358799] x86/fpu: Supporting XSAVE feature 0x002: 'SSE registers'
[    0.359997] x86/fpu: Supporting XSAVE feature 0x004: 'AVX registers'
[    0.360554] x86/fpu: Supporting XSAVE feature 0x020: 'AVX-512 opmask'
[    0.361137] x86/fpu: Supporting XSAVE feature 0x040: 'AVX-512 Hi256'
[    0.361688] x86/fpu: Supporting XSAVE feature 0x080: 'AVX-512 ZMM_Hi256'
[    0.362268] x86/fpu: Supporting XSAVE feature 0x200: 'Protection Keys User registers'
[    0.362955] x86/fpu: Supporting XSAVE feature 0x20000: 'AMX Tile config'
[    0.363540] x86/fpu: Supporting XSAVE feature 0x40000: 'AMX Tile data'
[    0.364001] x86/fpu: xstate_offset[2]:  576, xstate_sizes[2]:  256
[    0.364575] x86/fpu: xstate_offset[5]:  832, xstate_sizes[5]:   64
[    0.365120] x86/fpu: xstate_offset[6]:  896, xstate_sizes[6]:  512
[    0.365672] x86/fpu: xstate_offset[7]: 1408, xstate_sizes[7]: 1024
[    0.366221] x86/fpu: xstate_offset[9]: 2432, xstate_sizes[9]:    8
[    0.366761] x86/fpu: xstate_offset[17]: 2496, xstate_sizes[17]:   64
[    0.367315] x86/fpu: xstate_offset[18]: 2560, xstate_sizes[18]: 8192
[    0.367997] x86/fpu: Enabled xstate features 0x602e7, context size is 10752 bytes, using 'compacted' format.
[    0.544941] Freeing SMP alternatives memory: 60K
[    0.545363] pid_max: default: 32768 minimum: 301
[    0.545966] LSM: initializing lsm=capability,yama,ima,evm
[    0.546548] Yama: becoming mindful.
[    0.547244] Mount-cache hash table entries: 4096 (order: 3, 32768 bytes, linear)
[    0.547901] Mountpoint-cache hash table entries: 4096 (order: 3, 32768 bytes, linear)
[    0.549356] Running RCU synchronous self tests
[    0.549751] Running RCU synchronous self tests
[    0.550408] smpboot: CPU0: Intel GENUINE INTEL(R) XEON(R) (family: 0x6, model: 0xad, stepping: 0x0)
[    0.551915] Performance Events: PEBS fmt0-, Granite Rapids events, full-width counters, Intel PMU driver.
[    0.551991] ... version:                2
[    0.551991] ... bit width:              48
[    0.551991] ... generic registers:      8
[    0.551991] ... value mask:             0000ffffffffffff
[    0.551999] ... max period:             00007fffffffffff
[    0.552463] ... fixed-purpose events:   3
[    0.552823] ... event mask:             00000007000000ff
[    0.553805] signal: max sigframe size: 11952
[    0.554296] rcu: Hierarchical SRCU implementation.
[    0.554721] rcu: 	Max phase no-delay instances is 1000.
[    0.555366] Timer migration: 1 hierarchy levels; 8 children per group; 1 crossnode level
[    0.569610] smp: Bringing up secondary CPUs ...
[    0.570752] smpboot: x86: Booting SMP configuration:
[    0.571230] .... node  #0, CPUs:      #1
[    0.572244] smp: Brought up 1 node, 2 CPUs
[    0.572948] smpboot: Total of 2 processors activated (10000.00 BogoMIPS)
[    0.574346] Memory: 1596308K/2096632K available (78855K kernel code, 15310K rwdata, 18280K rodata, 16056K init, 21576K bss, 488508K reserved, 0K cma-reserved)
[    0.576590] devtmpfs: initialized
[    0.577007] x86/mm: Memory block size: 128MB
[    0.587049] Running RCU synchronous self tests
[    0.587049] Running RCU synchronous self tests
[    0.588322] Running RCU Tasks wait API self tests
[    0.592011] Running RCU Tasks Rude wait API self tests
[    0.592473] Running RCU Tasks Trace wait API self tests
[    0.616016] clocksource: jiffies: mask: 0xffffffff max_cycles: 0xffffffff, max_idle_ns: 7645041785100000 ns
[    0.616944] posixtimers hash table entries: 1024 (order: 4, 73728 bytes, linear)
[    0.617638] futex hash table entries: 512 (65536 bytes on 1 NUMA nodes, total 64 KiB, linear).
[    0.618780] pinctrl core: initialized pinctrl subsystem
[    0.620313] 
[    0.620464] *************************************************************
[    0.621072] **     NOTICE NOTICE NOTICE NOTICE NOTICE NOTICE NOTICE    **
[    0.621663] **                                                         **
[    0.622269] **  IOMMU DebugFS SUPPORT HAS BEEN ENABLED IN THIS KERNEL  **
[    0.622869] **                                                         **
[    0.623458] ** This means that this kernel is built to expose internal **
[    0.623997] ** IOMMU data structures, which may compromise security on **
[    0.624584] ** your system.                                            **
[    0.625185] **                                                         **
[    0.625783] ** If you see this message and you are not debugging the   **
[    0.626365] ** kernel, report this immediately to your vendor!         **
[    0.626957] **                                                         **
[    0.627551] **     NOTICE NOTICE NOTICE NOTICE NOTICE NOTICE NOTICE    **
[    0.627995] *************************************************************
[    0.628669] PM: RTC time: 08:59:23, date: 2026-01-27
[    0.631521] NET: Registered PF_NETLINK/PF_ROUTE protocol family
[    0.633444] DMA: preallocated 256 KiB GFP_KERNEL pool for atomic allocations
[    0.634096] DMA: preallocated 256 KiB GFP_KERNEL|GFP_DMA pool for atomic allocations
[    0.634793] DMA: preallocated 256 KiB GFP_KERNEL|GFP_DMA32 pool for atomic allocations
[    0.635581] audit: initializing netlink subsys (disabled)
[    0.636075] audit: type=2000 audit(1769504364.198:1): state=initialized audit_enabled=0 res=1
[    0.637659] thermal_sys: Registered thermal governor 'fair_share'
[    0.637670] thermal_sys: Registered thermal governor 'bang_bang'
[    0.638260] thermal_sys: Registered thermal governor 'step_wise'
[    0.638799] thermal_sys: Registered thermal governor 'user_space'
[    0.638799] cpuidle: using governor ladder
[    0.640016] cpuidle: using governor menu
[    0.641085] acpiphp: ACPI Hot Plug PCI Controller Driver version: 0.5
[    0.641085] PCI: Using configuration type 1 for base access
[    0.644216] kprobes: kprobe jump-optimization is enabled. All kprobes are optimized if possible.
[    0.648027] Callback from call_rcu_tasks_trace() invoked.
[    0.767921] HugeTLB: allocation took 0ms with hugepage_allocation_threads=1
[    0.772007] HugeTLB: registered 1.00 GiB page size, pre-allocated 0 pages
[    0.772720] HugeTLB: 16380 KiB vmemmap can be freed for a 1.00 GiB page
[    0.773369] HugeTLB: registered 2.00 MiB page size, pre-allocated 0 pages
[    0.774014] HugeTLB: 28 KiB vmemmap can be freed for a 2.00 MiB page
[    0.779632] ACPI: Added _OSI(Module Device)
[    0.780008] ACPI: Added _OSI(Processor Device)
[    0.780414] ACPI: Added _OSI(Processor Aggregator Device)
[    0.794944] ACPI: 1 ACPI AML tables successfully acquired and loaded
[    0.806449] ACPI: Interpreter enabled
[    0.808129] ACPI: PM: (supports S0 S3 S4 S5)
[    0.808536] ACPI: Using IOAPIC for interrupt routing
[    0.809075] PCI: Using host bridge windows from ACPI; if necessary, use "pci=nocrs" and report a bug
[    0.809890] PCI: Using E820 reservations for host bridge windows
[    0.811586] ACPI: Enabled 2 GPEs in block 00 to 0F
[    0.849622] ACPI: PCI Root Bridge [PCI0] (domain 0000 [bus 00-ff])
[    0.850204] acpi PNP0A03:00: _OSC: OS supports [ASPM ClockPM Segments MSI EDR HPX-Type3]
[    0.850923] acpi PNP0A03:00: _OSC: not requesting OS control; OS requires [ExtendedConfig ASPM ClockPM MSI]
[    0.851901] acpi PNP0A03:00: fail to add MMCONFIG information, can't access extended configuration space under this bridge
[    0.856822] acpiphp: Slot [3] registered
[    0.857321] acpiphp: Slot [4] registered
[    0.857843] acpiphp: Slot [5] registered
[    0.858390] acpiphp: Slot [6] registered
[    0.858910] acpiphp: Slot [7] registered
[    0.859428] acpiphp: Slot [8] registered
[    0.859954] acpiphp: Slot [9] registered
[    0.860128] acpiphp: Slot [10] registered
[    0.860659] acpiphp: Slot [11] registered
[    0.861188] acpiphp: Slot [12] registered
[    0.861728] acpiphp: Slot [13] registered
[    0.862227] acpiphp: Slot [14] registered
[    0.862722] acpiphp: Slot [15] registered
[    0.863230] acpiphp: Slot [16] registered
[    0.863720] acpiphp: Slot [17] registered
[    0.864130] acpiphp: Slot [18] registered
[    0.864629] acpiphp: Slot [19] registered
[    0.865138] acpiphp: Slot [20] registered
[    0.865631] acpiphp: Slot [21] registered
[    0.866150] acpiphp: Slot [22] registered
[    0.866650] acpiphp: Slot [23] registered
[    0.867153] acpiphp: Slot [24] registered
[    0.867651] acpiphp: Slot [25] registered
[    0.868130] acpiphp: Slot [26] registered
[    0.868640] acpiphp: Slot [27] registered
[    0.869167] acpiphp: Slot [28] registered
[    0.869707] acpiphp: Slot [29] registered
[    0.870245] acpiphp: Slot [30] registered
[    0.870778] acpiphp: Slot [31] registered
[    0.871247] PCI host bridge to bus 0000:00
[    0.871691] pci_bus 0000:00: root bus resource [io  0x0000-0x0cf7 window]
[    0.872000] pci_bus 0000:00: root bus resource [io  0x0d00-0xffff window]
[    0.872698] pci_bus 0000:00: root bus resource [mem 0x000a0000-0x000bffff window]
[    0.873415] pci_bus 0000:00: root bus resource [mem 0x80000000-0xfebfffff window]
[    0.874172] pci_bus 0000:00: root bus resource [mem 0x100000000-0x17fffffff window]
[    0.874906] pci_bus 0000:00: root bus resource [bus 00-ff]
[    0.875542] pci 0000:00:00.0: [8086:1237] type 00 class 0x060000 conventional PCI endpoint
[    0.877509] pci 0000:00:01.0: [8086:7000] type 00 class 0x060100 conventional PCI endpoint
[    0.879615] pci 0000:00:01.1: [8086:7010] type 00 class 0x010180 conventional PCI endpoint
[    0.880538] pci 0000:00:01.1: BAR 4 [io  0xc040-0xc04f]
[    0.881066] pci 0000:00:01.1: BAR 0 [io  0x01f0-0x01f7]: legacy IDE quirk
[    0.881716] pci 0000:00:01.1: BAR 1 [io  0x03f6]: legacy IDE quirk
[    0.882306] pci 0000:00:01.1: BAR 2 [io  0x0170-0x0177]: legacy IDE quirk
[    0.882941] pci 0000:00:01.1: BAR 3 [io  0x0376]: legacy IDE quirk
[    0.884642] pci 0000:00:01.3: [8086:7113] type 00 class 0x068000 conventional PCI endpoint
[    0.885734] pci 0000:00:01.3: quirk: [io  0x0600-0x063f] claimed by PIIX4 ACPI
[    0.886424] pci 0000:00:01.3: quirk: [io  0x0700-0x070f] claimed by PIIX4 SMB
[    0.888198] pci 0000:00:02.0: [1234:1111] type 00 class 0x030000 conventional PCI endpoint
[    0.890139] pci 0000:00:02.0: BAR 0 [mem 0xfd000000-0xfdffffff pref]
[    0.890765] pci 0000:00:02.0: BAR 2 [mem 0xfebf0000-0xfebf0fff]
[    0.891374] pci 0000:00:02.0: ROM [mem 0xfebe0000-0xfebeffff pref]
[    0.892088] pci 0000:00:02.0: Video device with shadowed ROM at [mem 0x000c0000-0x000dffff]
[    0.894005] pci 0000:00:03.0: [8086:100e] type 00 class 0x020000 conventional PCI endpoint
[    0.895732] pci 0000:00:03.0: BAR 0 [mem 0xfebc0000-0xfebdffff]
[    0.896008] pci 0000:00:03.0: BAR 1 [io  0xc000-0xc03f]
[    0.896536] pci 0000:00:03.0: ROM [mem 0xfeb80000-0xfebbffff pref]
[    0.919546] ACPI: PCI: Interrupt link LNKA configured for IRQ 10
[    0.920880] ACPI: PCI: Interrupt link LNKB configured for IRQ 10
[    0.922329] ACPI: PCI: Interrupt link LNKC configured for IRQ 11
[    0.923781] ACPI: PCI: Interrupt link LNKD configured for IRQ 11
[    0.928347] ACPI: PCI: Interrupt link LNKS configured for IRQ 9
[    0.932164] iommu: Default domain type: Translated
[    0.932695] iommu: DMA domain TLB invalidation policy: lazy mode
[    0.938359] SCSI subsystem initialized
[    0.939190] ACPI: bus type USB registered
[    0.940198] usbcore: registered new interface driver usbfs
[    0.940780] usbcore: registered new interface driver hub
[    0.941387] usbcore: registered new device driver usb
[    0.942200] pps_core: LinuxPPS API ver. 1 registered
[    0.942651] pps_core: Software ver. 5.3.6 - Copyright 2005-2007 Rodolfo Giometti <giometti@linux.it>
[    0.943649] PTP clock support registered
[    0.944316] EDAC MC: Ver: 3.0.0
[    0.947213] NetLabel: Initializing
[    0.947576] NetLabel:  domain hash size = 128
[    0.948005] NetLabel:  protocols = UNLABELED CIPSOv4 CALIPSO
[    0.948675] NetLabel:  unlabeled traffic allowed by default
[    0.949668] PCI: Using ACPI for IRQ routing
[    0.950394] pci 0000:00:02.0: vgaarb: setting as boot VGA device
[    0.950969] pci 0000:00:02.0: vgaarb: bridge control possible
[    0.951498] pci 0000:00:02.0: vgaarb: VGA device added: decodes=io+mem,owns=io+mem,locks=none
[    0.951998] vgaarb: loaded
[    0.952657] hpet0: at MMIO 0xfed00000, IRQs 2, 8, 0
[    0.953153] hpet0: 3 comparators, 64-bit 100.000000 MHz counter
[    0.956818] clocksource: Switched to clocksource kvm-clock
[    3.745760] VFS: Disk quotas dquot_6.6.0
[    3.746182] VFS: Dquot-cache hash table entries: 512 (order 0, 4096 bytes)
[    3.748809] pnp: PnP ACPI init
[    3.752751] pnp: PnP ACPI: found 6 devices
[    3.771890] clocksource: acpi_pm: mask: 0xffffff max_cycles: 0xffffff, max_idle_ns: 2085701024 ns
[    3.773129] NET: Registered PF_INET protocol family
[    3.773927] IP idents hash table entries: 32768 (order: 6, 262144 bytes, linear)
[    3.776099] tcp_listen_portaddr_hash hash table entries: 1024 (order: 4, 73728 bytes, linear)
[    3.776954] Table-perturb hash table entries: 65536 (order: 6, 262144 bytes, linear)
[    3.777787] TCP established hash table entries: 16384 (order: 5, 131072 bytes, linear)
[    3.778821] TCP bind hash table entries: 16384 (order: 9, 2359296 bytes, linear)
[    3.780512] TCP: Hash tables configured (established 16384 bind 16384)
[    3.781189] UDP hash table entries: 1024 (order: 6, 262144 bytes, linear)
[    3.781837] UDP-Lite hash table entries: 1024 (order: 6, 262144 bytes, linear)
[    3.782711] NET: Registered PF_UNIX/PF_LOCAL protocol family
[    3.784158] RPC: Registered named UNIX socket transport module.
[    3.784713] RPC: Registered udp transport module.
[    3.785147] RPC: Registered tcp transport module.
[    3.785572] RPC: Registered tcp-with-tls transport module.
[    3.786073] RPC: Registered tcp NFSv4.1 backchannel transport module.
[    3.786663] pci_bus 0000:00: resource 4 [io  0x0000-0x0cf7 window]
[    3.787230] pci_bus 0000:00: resource 5 [io  0x0d00-0xffff window]
[    3.787787] pci_bus 0000:00: resource 6 [mem 0x000a0000-0x000bffff window]
[    3.788418] pci_bus 0000:00: resource 7 [mem 0x80000000-0xfebfffff window]
[    3.789042] pci_bus 0000:00: resource 8 [mem 0x100000000-0x17fffffff window]
[    3.790028] pci 0000:00:01.0: PIIX3: Enabling Passive Release
[    3.790558] pci 0000:00:00.0: Limiting direct PCI/PCI transfers
[    3.791191] PCI: CLS 0 bytes, default 64
[    3.792033] ACPI: bus type thunderbolt registered
[    3.792803] clocksource: tsc: mask: 0xffffffffffffffff max_cycles: 0x240939f1bb2, max_idle_ns: 440795263295 ns
[    3.800059] Callback from call_rcu_tasks() invoked.
[    3.801686] Initialise system trusted keyrings
[    3.802182] Key type blacklist registered
[    3.803114] workingset: timestamp_bits=36 max_order=19 bucket_order=0
[    3.805805] squashfs: version 4.0 (2009/01/31) Phillip Lougher
[    3.808273] NFS: Registering the id_resolver key type
[    3.808770] Key type id_resolver registered
[    3.809158] Key type id_legacy registered
[    3.809554] nfs4filelayout_init: NFSv4 File Layout Driver Registering...
[    3.810252] nfs4flexfilelayout_init: NFSv4 Flexfile Layout Driver Registering...
[    3.811262] fuse: init (API version 7.43)
[    3.812304] SGI XFS with ACLs, security attributes, realtime, quota, no debug enabled
[    3.814977] 9p: Installing v9fs 9p2000 file system support
[    3.831045] Key type asymmetric registered
[    3.831428] Asymmetric key parser 'x509' registered
[    3.832034] Block layer SCSI generic (bsg) driver version 0.4 loaded (major 242)
[    3.833088] io scheduler mq-deadline registered
[    3.833592] io scheduler bfq registered
[    3.834685] ledtrig-cpu: registered to indicate activity on CPUs
[    3.836563] IPMI message handler: version 39.2
[    3.837054] ipmi device interface
[    3.839631] input: Power Button as /devices/LNXSYSTM:00/LNXPWRBN:00/input/input0
[    3.841033] ACPI: button: Power Button [PWRF]
[    3.843579] ERST DBG: ERST support is disabled.
[    3.845397] Serial: 8250/16550 driver, 32 ports, IRQ sharing enabled
[    3.847231] 00:04: ttyS0 at I/O 0x3f8 (irq = 4, base_baud = 115200) is a 16550A
[    3.888168] Linux agpgart interface v0.103
[    3.891429] ACPI: bus type drm_connector registered
[    3.922240] brd: module loaded
[    3.938837] loop: module loaded
[    3.951667] scsi host0: ata_piix
[    3.953570] scsi host1: ata_piix
[    3.954390] ata1: PATA max MWDMA2 cmd 0x1f0 ctl 0x3f6 bmdma 0xc040 irq 14 lpm-pol 0
[    3.955079] ata2: PATA max MWDMA2 cmd 0x170 ctl 0x376 bmdma 0xc048 irq 15 lpm-pol 0
[    3.958987] tun: Universal TUN/TAP device driver, 1.6
[    3.960183] e100: Intel(R) PRO/100 Network Driver
[    3.960639] e100: Copyright(c) 1999-2006 Intel Corporation
[    3.961267] e1000: Intel(R) PRO/1000 Network Driver
[    3.961705] e1000: Copyright (c) 1999-2006 Intel Corporation.
[    4.112256] ata2: found unknown device (class 0)
[    4.113097] ata1: found unknown device (class 0)
[    4.114070] ata1.00: ATA-7: QEMU HARDDISK, 2.5+, max UDMA/100
[    4.114651] ata1.00: 17196647 sectors, multi 16: LBA48 
[    4.115424] ata2.00: ATAPI: QEMU DVD-ROM, 2.5+, max UDMA/100
[    4.117402] scsi 0:0:0:0: Direct-Access     ATA      QEMU HARDDISK    2.5+ PQ: 0 ANSI: 5
[    4.120368] sd 0:0:0:0: Attached scsi generic sg0 type 0
[    4.121246] sd 0:0:0:0: [sda] 17196647 512-byte logical blocks: (8.80 GB/8.20 GiB)
[    4.122591] scsi 1:0:0:0: CD-ROM            QEMU     QEMU DVD-ROM     2.5+ PQ: 0 ANSI: 5
[    4.123597] sd 0:0:0:0: [sda] Write Protect is off
[    4.125156] sd 0:0:0:0: [sda] Write cache: enabled, read cache: enabled, doesn't support DPO or FUA
[    4.126128] sd 0:0:0:0: [sda] Preferred minimum I/O size 512 bytes
[    4.141638] scsi 1:0:0:0: Attached scsi generic sg1 type 5
[    4.152263] sd 0:0:0:0: [sda] Attached SCSI disk
[    4.646197] ACPI: \_SB_.LNKC: Enabled at IRQ 11
[    4.960285] e1000 0000:00:03.0 eth0: (PCI:33MHz:32-bit) 52:54:00:12:34:56
[    4.960923] e1000 0000:00:03.0 eth0: Intel(R) PRO/1000 Network Connection
[    4.961917] e1000e: Intel(R) PRO/1000 Network Driver
[    4.962375] e1000e: Copyright(c) 1999 - 2015 Intel Corporation.
[    4.963034] igb: Intel(R) Gigabit Ethernet Network Driver
[    4.963516] igb: Copyright (c) 2007-2014 Intel Corporation.
[    4.964392] PPP generic driver version 2.4.2
[    4.966008] VFIO - User Level meta-driver version: 0.3
[    4.967700] usbcore: registered new interface driver uas
[    4.968358] usbcore: registered new interface driver usb-storage
[    4.969136] i8042: PNP: PS/2 Controller [PNP0303:KBD,PNP0f13:MOU] at 0x60,0x64 irq 1,12
[    4.970731] serio: i8042 KBD port at 0x60,0x64 irq 1
[    4.971257] serio: i8042 AUX port at 0x60,0x64 irq 12
[    4.973720] mousedev: PS/2 mouse device common for all mice
[    4.976295] input: AT Translated Set 2 keyboard as /devices/platform/i8042/serio0/input/input1
[    4.977715] rtc_cmos 00:05: RTC can wake from S4
[    4.979118] input: VirtualPS/2 VMware VMMouse as /devices/platform/i8042/serio1/input/input4
[    4.980279] rtc_cmos 00:05: registered as rtc0
[    4.980921] rtc_cmos 00:05: setting system clock to 2026-01-27T08:59:27 UTC (1769504367)
[    4.981166] input: VirtualPS/2 VMware VMMouse as /devices/platform/i8042/serio1/input/input3
[    4.982856] rtc_cmos 00:05: alarms up to one day, y3k, 242 bytes nvram, hpet irqs
[    4.983647] i2c_dev: i2c /dev entries driver
[    4.984173] device-mapper: core: CONFIG_IMA_DISABLE_HTABLE is disabled. Duplicate IMA measurements will not be recorded in the IMA log.
[    4.985504] device-mapper: uevent: version 1.0.3
[    4.986419] device-mapper: ioctl: 4.49.0-ioctl (2025-01-17) initialised: dm-devel@lists.linux.dev
[    4.987299] intel_pstate: CPU model not supported
[    4.987975] sdhci: Secure Digital Host Controller Interface driver
[    4.988542] sdhci: Copyright(c) Pierre Ossman
[    4.989152] sdhci-pltfm: SDHCI platform and OF driver helper
[    4.990234] drop_monitor: Initializing network drop monitor service
[    4.991176] NET: Registered PF_INET6 protocol family
[    4.996418] Segment Routing with IPv6
[    4.996878] In-situ OAM (IOAM) with IPv6
[    4.997388] NET: Registered PF_PACKET protocol family
[    4.998244] 9pnet: Installing 9P2000 support
[    4.998765] Key type dns_resolver registered
[    5.001375] IPI shorthand broadcast: enabled
[    5.055838] sched_clock: Marking stable (5032004608, 19987001)->(5056356928, -4365319)
[    5.058216] registered taskstats version 1
[    5.058983] Loading compiled-in X.509 certificates
[    5.134839] Demotion targets for Node 0: null
[    5.136271] Key type .fscrypt registered
[    5.136636] Key type fscrypt-provisioning registered
[    5.141191] Key type encrypted registered
[    5.141674] ima: No TPM chip found, activating TPM-bypass!
[    5.142215] ima: Allocated hash algorithm: sha1
[    5.142725] ima: No architecture policies found
[    5.143271] evm: Initialising EVM extended attributes:
[    5.143734] evm: security.selinux
[    5.144083] evm: security.SMACK64
[    5.144465] evm: security.SMACK64EXEC
[    5.144834] evm: security.SMACK64TRANSMUTE
[    5.145246] evm: security.SMACK64MMAP
[    5.145578] evm: security.apparmor
[    5.145890] evm: security.ima
[    5.146177] evm: security.capability
[    5.146536] evm: HMAC attrs: 0x1
[    5.148841] PM:   Magic number: 10:288:979
[    5.150144] RAS: Correctable Errors collector initialized.
[    5.151096] clk: Disabling unused clocks
[    5.151486] PM: genpd: Disabling unused power domains
[    5.152671] md: Waiting for all devices to be available before autodetect
[    5.153142] md: If you don't use raid, use raid=noautodetect
[    5.153502] md: Autodetecting RAID arrays.
[    5.153770] md: autorun ...
[    5.153945] md: ... autorun DONE.
[    5.165019] EXT4-fs (sda): INFO: recovery required on readonly filesystem
[    5.165456] EXT4-fs (sda): write access will be enabled during recovery
[    5.219967] EXT4-fs (sda): recovery complete
[    5.223611] EXT4-fs (sda): mounted filesystem 088740a9-c8b4-422c-999d-a804eb68a4da ro with ordered data mode. Quota mode: none.
[    5.224506] VFS: Mounted root (ext4 filesystem) readonly on device 8:0.
[    5.227926] devtmpfs: mounted
[    5.255171] Freeing unused decrypted memory: 2028K
[    5.260725] Freeing unused kernel image (initmem) memory: 16056K
[    5.261215] Write protecting the kernel read-only data: 98304k
[    5.266008] Freeing unused kernel image (text/rodata gap) memory: 1016K
[    5.266979] Freeing unused kernel image (rodata/data gap) memory: 152K
[    6.362972] x86/mm: Checked W+X mappings: passed, no W+X pages found.
[    6.363598] Run /sbin/init as init process
[    6.633447] systemd[1]: systemd 252-15.el9 running in system mode (+PAM +AUDIT +SELINUX -APPARMOR +IMA +SMACK +SECCOMP +GCRYPT +GNUTLS +OPENSSL +ACL +BLKID +CURL +ELFUTILS -FIDO2 +IDN2 -IDN -IPTC +KMOD +LIBCRYPTSETUP +LIBFDISK +PCRE2 -PWQUALITY +P11KIT -QRENCODE +TPM2 +BZIP2 +LZ4 +XZ +ZLIB +ZSTD -BPF_FRAMEWORK +XKBCOMMON +UTMP +SYSVINIT default-hierarchy=unified)
[    6.635600] systemd[1]: Detected virtualization kvm.
[    6.636280] systemd[1]: Detected architecture x86-64.

Welcome to [0;31mCentOS Stream 9[0m!

[    6.644759] systemd[1]: Hostname set to <test>.
[    6.869570] systemd-rc-local-generator[125]: /etc/rc.d/rc.local is not marked executable, skipping.
[    7.359904] systemd[1]: Queued start job for default target Multi-User System.
[    7.386896] systemd[1]: Created slice Virtual Machine and Container Slice.
[[0;32m  OK  [0m] Created slice [0;1;39mVirtual Machine and Container Slice[0m.
[    7.392222] systemd[1]: Created slice Slice /system/getty.
[[0;32m  OK  [0m] Created slice [0;1;39mSlice /system/getty[0m.
[    7.395759] systemd[1]: Created slice Slice /system/modprobe.
[[0;32m  OK  [0m] Created slice [0;1;39mSlice /system/modprobe[0m.
[    7.399148] systemd[1]: Created slice Slice /system/serial-getty.
[[0;32m  OK  [0m] Created slice [0;1;39mSlice /system/serial-getty[0m.
[    7.402801] systemd[1]: Created slice Slice /system/sshd-keygen.
[[0;32m  OK  [0m] Created slice [0;1;39mSlice /system/sshd-keygen[0m.
[    7.405828] systemd[1]: Created slice User and Session Slice.
[[0;32m  OK  [0m] Created slice [0;1;39mUser and Session Slice[0m.
[    7.407743] systemd[1]: Started Forward Password Requests to Wall Directory Watch.
[[0;32m  OK  [0m] Started [0;1;39mForward Password R…uests to Wall Directory Watch[0m.
[    7.410260] systemd[1]: Set up automount Arbitrary Executable File Formats File System Automount Point.
[[0;32m  OK  [0m] Set up automount [0;1;39mArbitrary…s File System Automount Point[0m.
[    7.411900] systemd[1]: Reached target Local Integrity Protected Volumes.
[[0;32m  OK  [0m] Reached target [0;1;39mLocal Integrity Protected Volumes[0m.
[    7.413288] systemd[1]: Reached target Slice Units.
[[0;32m  OK  [0m] Reached target [0;1;39mSlice Units[0m.
[    7.414420] systemd[1]: Reached target Swaps.
[[0;32m  OK  [0m] Reached target [0;1;39mSwaps[0m.
[    7.415788] systemd[1]: Reached target Local Verity Protected Volumes.
[[0;32m  OK  [0m] Reached target [0;1;39mLocal Verity Protected Volumes[0m.
[    7.417673] systemd[1]: Listening on Device-mapper event daemon FIFOs.
[[0;32m  OK  [0m] Listening on [0;1;39mDevice-mapper event daemon FIFOs[0m.
[    7.419713] systemd[1]: Listening on LVM2 poll daemon socket.
[[0;32m  OK  [0m] Listening on [0;1;39mLVM2 poll daemon socket[0m.
[    7.421104] systemd[1]: multipathd control socket was skipped because of an unmet condition check (ConditionPathExists=/etc/multipath.conf).
[    7.466852] systemd[1]: Listening on RPCbind Server Activation Socket.
[[0;32m  OK  [0m] Listening on [0;1;39mRPCbind Server Activation Socket[0m.
[    7.468088] systemd[1]: Reached target RPC Port Mapper.
[[0;32m  OK  [0m] Reached target [0;1;39mRPC Port Mapper[0m.
[    7.471438] systemd[1]: Listening on Process Core Dump Socket.
[[0;32m  OK  [0m] Listening on [0;1;39mProcess Core Dump Socket[0m.
[    7.473852] systemd[1]: Listening on initctl Compatibility Named Pipe.
[[0;32m  OK  [0m] Listening on [0;1;39minitctl Compatibility Named Pipe[0m.
[    7.475524] systemd[1]: Listening on Journal Socket (/dev/log).
[[0;32m  OK  [0m] Listening on [0;1;39mJournal Socket (/dev/log)[0m.
[    7.477224] systemd[1]: Listening on Journal Socket.
[[0;32m  OK  [0m] Listening on [0;1;39mJournal Socket[0m.
[    7.478771] systemd[1]: Listening on udev Control Socket.
[[0;32m  OK  [0m] Listening on [0;1;39mudev Control Socket[0m.
[    7.480138] systemd[1]: Listening on udev Kernel Socket.
[[0;32m  OK  [0m] Listening on [0;1;39mudev Kernel Socket[0m.
[    7.486528] systemd[1]: Mounting Huge Pages File System...
         Mounting [0;1;39mHuge Pages File System[0m...
[    7.493520] systemd[1]: Mounting POSIX Message Queue File System...
         Mounting [0;1;39mPOSIX Message Queue File System[0m...
[    7.501873] systemd[1]: Mounting Kernel Debug File System...
         Mounting [0;1;39mKernel Debug File System[0m...
[    7.509813] systemd[1]: Mounting Kernel Trace File System...
         Mounting [0;1;39mKernel Trace File System[0m...
[    7.512404] systemd[1]: Kernel Module supporting RPCSEC_GSS was skipped because of an unmet condition check (ConditionPathExists=/etc/krb5.keytab).
[    7.513335] systemd[1]: Create List of Static Device Nodes was skipped because of an unmet condition check (ConditionFileNotEmpty=/lib/modules/6.15.0-47cf96fbe393+/modules.devname).
[    7.520162] systemd[1]: Starting Monitoring of LVM2 mirrors, snapshots etc. using dmeventd or progress polling...
         Starting [0;1;39mMonitoring of LVM…meventd or progress polling[0m...
[    7.530636] systemd[1]: Starting Load Kernel Module configfs...
         Starting [0;1;39mLoad Kernel Module configfs[0m...
[    7.544618] systemd[1]: Starting Load Kernel Module drm...
         Starting [0;1;39mLoad Kernel Module drm[0m...
[    7.558007] systemd[1]: Starting Load Kernel Module fuse...
         Starting [0;1;39mLoad Kernel Module fuse[0m...
[    7.569128] systemd[1]: Starting Read and set NIS domainname from /etc/sysconfig/network...
         Starting [0;1;39mRead and set NIS …from /etc/sysconfig/network[0m...
[    7.582506] systemd[1]: Starting Journal Service...
         Starting [0;1;39mJournal Service[0m...
[    7.600962] systemd[1]: Starting Load Kernel Modules...
         Starting [0;1;39mLoad Kernel Modules[0m...
[    7.614983] systemd[1]: Starting Generate network units from Kernel command line...
         Starting [0;1;39mGenerate network …ts from Kernel command line[0m...
[    7.636585] systemd[1]: Starting Remount Root and Kernel File Systems...
         Starting [0;1;39mRemount Root and Kernel File Systems[0m...
[    7.637990] systemd[1]: Repartition Root Disk was skipped because no trigger condition checks were met.
[    7.660581] systemd[1]: Starting Coldplug All udev Devices...
         Starting [0;1;39mColdplug All udev Devices[0m...
[    7.681604] systemd[1]: Mounted Huge Pages File System.
[[0;32m  OK  [0m] Mounted [0;1;39mHuge Pages File System[0m.
[    7.683072] systemd[1]: Mounted POSIX Message Queue File System.
[[0;32m  OK  [0m] Mounted [0;1;39mPOSIX Message Queue File System[0m.
[    7.696660] systemd[1]: Mounted Kernel Debug File System.
[[0;32m  OK  [0m] Mounted [0;1;39mKernel Debug File System[0m.
[    7.698010] systemd[1]: Mounted Kernel Trace File System.
[[0;32m  OK  [0m] Mounted [0;1;39mKernel Trace File System[0m.
[    7.709557] systemd[1]: Finished Monitoring of LVM2 mirrors, snapshots etc. using dmeventd or progress polling.
[[0;32m  OK  [0m] Finished [0;1;39mMonitoring of LVM… dmeventd or progress polling[0m.
[    7.715182] systemd[1]: modprobe@configfs.service: Deactivated successfully.
[    7.724451] systemd[1]: Finished Load Kernel Module configfs.
[[0;32m  OK  [0m] Finished [0;1;39mLoad Kernel Module configfs[0m.
[    7.726863] systemd[1]: modprobe@drm.service: Deactivated successfully.
[    7.732535] systemd[1]: Finished Load Kernel Module drm.
[[0;32m  OK  [0m] Finished [0;1;39mLoad Kernel Module drm[0m.
[    7.735242] systemd[1]: modprobe@fuse.service: Deactivated successfully.
[    7.741116] systemd[1]: Finished Load Kernel Module fuse.
[[0;32m  OK  [0m] Finished [0;1;39mLoad Kernel Module fuse[0m.
[    7.743508] systemd[1]: Finished Read and set NIS domainname from /etc/sysconfig/network.
[[0;32m  OK  [0m] Finished [0;1;39mRead and set NIS …e from /etc/sysconfig/network[0m.
[    7.750085] systemd[1]: systemd-modules-load.service: Main process exited, code=exited, status=1/FAILURE
[    7.751474] systemd[1]: systemd-modules-load.service: Failed with result 'exit-code'.
[    7.757327] systemd[1]: Failed to start Load Kernel Modules.
[[0;1;31mFAILED[0m] Failed to start [0;1;39mLoad Kernel Modules[0m.
See 'systemctl status systemd-modules-load.service' for details.
[    7.759363] systemd[1]: Started Journal Service.
[[0;32m  OK  [0m] Started [0;1;39mJournal Service[0m.
[    7.764045] EXT4-fs (sda): re-mounted 088740a9-c8b4-422c-999d-a804eb68a4da r/w.
[[0;32m  OK  [0m] Finished [0;1;39mGenerate network units from Kernel command line[0m.
[[0;32m  OK  [0m] Finished [0;1;39mRemount Root and Kernel File Systems[0m.
[[0;32m  OK  [0m] Reached target [0;1;39mPreparation for Network[0m.
         Mounting [0;1;39mFUSE Control File System[0m...
         Mounting [0;1;39mKernel Configuration File System[0m...
         Starting [0;1;39mFlush Journal to Persistent Storage[0m...
         Starting [0;1;39mLoad/Save Random Seed[0m...
         Starting [0;1;39mApply Kernel Variables[0m...
         Starting [0;1;39mCreate Static Device Nodes in /dev[0m...
[    7.865137] systemd-journald[147]: Received client request to flush runtime journal.
         Starting [0;1;39mSetup Virtual Console[0m...
[[0;32m  OK  [0m] Mounted [0;1;39mFUSE Control File System[0m.
[[0;32m  OK  [0m] Mounted [0;1;39mKernel Configuration File System[0m.
[[0;32m  OK  [0m] Finished [0;1;39mFlush Journal to Persistent Storage[0m.
[[0;32m  OK  [0m] Finished [0;1;39mLoad/Save Random Seed[0m.
[[0;32m  OK  [0m] Finished [0;1;39mApply Kernel Variables[0m.
[[0;32m  OK  [0m] Finished [0;1;39mCreate Static Device Nodes in /dev[0m.
         Starting [0;1;39mRule-based Manage…for Device Events and Files[0m...
[[0;32m  OK  [0m] Started [0;1;39mRule-based Manager for Device Events and Files[0m.
         Starting [0;1;39mAuto-connect to s…E devices found during boot[0m...
[[0;32m  OK  [0m] Finished [0;1;39mAuto-connect to s…VME devices found during boot[0m.
[[0;32m  OK  [0m] Finished [0;1;39mSetup Virtual Console[0m.
[[0;32m  OK  [0m] Finished [0;1;39mColdplug All udev Devices[0m.
         Starting [0;1;39mShow Plymouth Boot Screen[0m...
         Starting [0;1;39mWait for udev To …plete Device Initialization[0m...
[2J[3J[-1;-1f[[0;32m  OK  [0m] Started [0;1;39mShow Plymouth Boot Screen[0m.
[[0;32m  OK  [0m] Started [0;1;39mForward Password R…s to Plymouth Directory Watch[0m.
[[0;32m  OK  [0m] Reached target [0;1;39mLocal Encrypted Volumes[0m.
[[0;32m  OK  [0m] Reached target [0;1;39mPath Units[0m.
[[0;32m  OK  [0m] Found device [0;1;39m/dev/ttyS0[0m.
[[0;32m  OK  [0m] Listening on [0;1;39mLoad/Save RF …itch Status /dev/rfkill Watch[0m.
[[0;32m  OK  [0m] Finished [0;1;39mWait for udev To Complete Device Initialization[0m.
[[0;32m  OK  [0m] Reached target [0;1;39mPreparation for Local File Systems[0m.
[[0;32m  OK  [0m] Reached target [0;1;39mLocal File Systems[0m.
         Starting [0;1;39mTell Plymouth To Write Out Runtime Data[0m...
         Starting [0;1;39mAutomatic Boot Loader Update[0m...
         Starting [0;1;39mCreate Volatile Files and Directories[0m...
[[0;32m  OK  [0m] Finished [0;1;39mTell Plymouth To Write Out Runtime Data[0m.
[[0;32m  OK  [0m] Finished [0;1;39mAutomatic Boot Loader Update[0m.
[[0;32m  OK  [0m] Finished [0;1;39mCreate Volatile Files and Directories[0m.
         Mounting [0;1;39mRPC Pipe File System[0m...
         Starting [0;1;39mSecurity Auditing Service[0m...
         Starting [0;1;39mRPC Bind[0m...
[[0;32m  OK  [0m] Mounted [0;1;39mRPC Pipe File System[0m.
[[0;32m  OK  [0m] Reached target [0;1;39mrpc_pipefs.target[0m.
[[0;32m  OK  [0m] Started [0;1;39mRPC Bind[0m.
[[0;32m  OK  [0m] Started [0;1;39mSecurity Auditing Service[0m.
         Starting [0;1;39mRecord System Boot/Shutdown in UTMP[0m...
[[0;32m  OK  [0m] Finished [0;1;39mRecord System Boot/Shutdown in UTMP[0m.
[[0;32m  OK  [0m] Reached target [0;1;39mSystem Initialization[0m.
[[0;32m  OK  [0m] Started [0;1;39mDaily rotation of log files[0m.
[[0;32m  OK  [0m] Started [0;1;39mUpdates mlocate database every day[0m.
[[0;32m  OK  [0m] Started [0;1;39mDaily Cleanup of Temporary Directories[0m.
[[0;32m  OK  [0m] Started [0;1;39mdaily update of the root trust anchor for DNSSEC[0m.
[[0;32m  OK  [0m] Reached target [0;1;39mTimer Units[0m.
[[0;32m  OK  [0m] Listening on [0;1;39mD-Bus System Message Bus Socket[0m.
[[0;32m  OK  [0m] Listening on [0;1;39mOpen-iSCSI iscsid Socket[0m.
[[0;32m  OK  [0m] Listening on [0;1;39mOpen-iSCSI iscsiuio Socket[0m.
[[0;32m  OK  [0m] Listening on [0;1;39mSSSD Kerberos…ache Manager responder socket[0m.
[[0;32m  OK  [0m] Listening on [0;1;39mLibvirt interface local socket[0m.
[[0;32m  OK  [0m] Listening on [0;1;39mVirtual machine lock manager socket[0m.
[[0;32m  OK  [0m] Listening on [0;1;39mVirtual machine log manager socket[0m.
[[0;32m  OK  [0m] Listening on [0;1;39mLibvirt network local socket[0m.
[[0;32m  OK  [0m] Listening on [0;1;39mLibvirt nodedev local socket[0m.
[[0;32m  OK  [0m] Listening on [0;1;39mLibvirt nwfilter local socket[0m.
[[0;32m  OK  [0m] Listening on [0;1;39mLibvirt proxy local socket[0m.
[[0;32m  OK  [0m] Listening on [0;1;39mLibvirt qemu local socket[0m.
[[0;32m  OK  [0m] Listening on [0;1;39mLibvirt qemu admin socket[0m.
[[0;32m  OK  [0m] Listening on [0;1;39mLibvirt qemu local read-only socket[0m.
[[0;32m  OK  [0m] Listening on [0;1;39mLibvirt secret local socket[0m.
[[0;32m  OK  [0m] Listening on [0;1;39mLibvirt storage local socket[0m.
[[0;32m  OK  [0m] Reached target [0;1;39mSocket Units[0m.
         Starting [0;1;39mD-Bus System Message Bus[0m...
[[0;32m  OK  [0m] Started [0;1;39mD-Bus System Message Bus[0m.
[[0;32m  OK  [0m] Reached target [0;1;39mBasic System[0m.
         Starting [0;1;39mNetwork Manager[0m...
         Starting [0;1;39mNTP client/server[0m...
         Starting [0;1;39mRestore /run/initramfs on shutdown[0m...
[[0;32m  OK  [0m] Started [0;1;39mirqbalance daemon[0m.
[[0;32m  OK  [0m] Started [0;1;39mlibstoragemgmt plug-in server daemon[0m.
[[0;32m  OK  [0m] Started [0;1;39mMachine Check Exception Logging Daemon[0m.
[[0;32m  OK  [0m] Reached target [0;1;39msshd-keygen.target[0m.
[[0;32m  OK  [0m] Reached target [0;1;39mUser and Group Name Lookups[0m.
         Starting [0;1;39mUser Login Management[0m...
         Starting [0;1;39mVirtual Machine a…tainer Registration Service[0m...
[[0;32m  OK  [0m] Finished [0;1;39mRestore /run/initramfs on shutdown[0m.
[[0;32m  OK  [0m] Started [0;1;39mVirtual Machine an…ontainer Registration Service[0m.
[[0;32m  OK  [0m] Started [0;1;39mNTP client/server[0m.
         Starting [0;1;39mHostname Service[0m...
[[0;32m  OK  [0m] Started [0;1;39mUser Login Management[0m.
[[0;32m  OK  [0m] Started [0;1;39mHostname Service[0m.
         Starting [0;1;39mNetwork Manager Script Dispatcher Service[0m...
[[0;32m  OK  [0m] Started [0;1;39mNetwork Manager Script Dispatcher Service[0m.
[   11.480322] e1000: eth0 NIC Link is Up 1000 Mbps Full Duplex, Flow Control: RX
[[0;32m  OK  [0m] Started [0;1;39mNetwork Manager[0m.
[[0;32m  OK  [0m] Reached target [0;1;39mNetwork[0m.
[[0;32m  OK  [0m] Reached target [0;1;39mNetwork is Online[0m.
         Starting [0;1;39mGSSAPI Proxy Daemon[0m...
         Starting [0;1;39mNotify NFS peers of a restart[0m...
         Starting [0;1;39mSystem Logging Service[0m...
         Starting [0;1;39mOpenSSH server daemon[0m...
         Starting [0;1;39mDynamic System Tuning Daemon[0m...
[[0;32m  OK  [0m] Started [0;1;39mNotify NFS peers of a restart[0m.
[[0;32m  OK  [0m] Started [0;1;39mOpenSSH server daemon[0m.
[[0;32m  OK  [0m] Started [0;1;39mGSSAPI Proxy Daemon[0m.
[[0;32m  OK  [0m] Reached target [0;1;39mNFS client services[0m.
[[0;32m  OK  [0m] Reached target [0;1;39mPreparation for Remote File Systems[0m.
[[0;32m  OK  [0m] Reached target [0;1;39mRemote File Systems[0m.
         Starting [0;1;39mPermit User Sessions[0m...
         Starting [0;1;39mVirtualization qemu daemon[0m...
[[0;32m  OK  [0m] Finished [0;1;39mPermit User Sessions[0m.
[[0;32m  OK  [0m] Started [0;1;39mDeferred execution scheduler[0m.
[[0;32m  OK  [0m] Started [0;1;39mCommand Scheduler[0m.
         Starting [0;1;39mHold until boot process finishes up[0m...
         Starting [0;1;39mTerminate Plymouth Boot Screen[0m...
[[0;32m  OK  [0m] Started [0;1;39mSystem Logging Service[0m.

CentOS Stream 9
Kernel 6.15.0-47cf96fbe393+ on an x86_64

Activate the web console with: systemctl enable --now cockpit.socket

test login: 