c[?7l[2J[0mSeaBIOS (version rel-1.16.3-0-ga6ed6b701f0a-prebuilt.qemu.org)


iPXE (http://ipxe.org) 00:03.0 CA00 PCI2.10 PnP PMM+7EFD0D60+7EF30D60 CA00
Press Ctrl-B to configure iPXE (PCI 00:03.0)...                                                                               


Booting from ROM..c[?7l[2J[    0.000000] Linux version 6.18.0-5797d10ea4fa+ (root@gnr-800442) (gcc (GCC) 11.5.0 20240719 (Red Hat 11.5.0-14), GNU ld version 2.35.2-66.el9) #1 SMP PREEMPT_DYNAMIC Tue Jan 27 17:19:09 CST 2026
[    0.000000] Command line: console=ttyS0 root=/dev/sda earlyprintk=serial net.ifnames=0 thunderbolt.dyndbg
[    0.000000] KERNEL supported cpus:
[    0.000000]   Intel GenuineIntel
[    0.000000]   AMD AuthenticAMD
[    0.000000]   Hygon HygonGenuine
[    0.000000]   Centaur CentaurHauls
[    0.000000]   zhaoxin   Shanghai  
[    0.000000] x86/CPU: Model not found in latest microcode list
[    0.000000] x86/split lock detection: #DB: warning on user-space bus_locks
[    0.000000] BIOS-provided physical RAM map:
[    0.000000] BIOS-e820: [mem 0x0000000000000000-0x000000000009fbff] usable
[    0.000000] BIOS-e820: [mem 0x000000000009fc00-0x000000000009ffff] reserved
[    0.000000] BIOS-e820: [mem 0x00000000000f0000-0x00000000000fffff] reserved
[    0.000000] BIOS-e820: [mem 0x0000000000100000-0x000000007ffdffff] usable
[    0.000000] BIOS-e820: [mem 0x000000007ffe0000-0x000000007fffffff] reserved
[    0.000000] BIOS-e820: [mem 0x00000000feffc000-0x00000000feffffff] reserved
[    0.000000] BIOS-e820: [mem 0x00000000fffc0000-0x00000000ffffffff] reserved
[    0.000000] printk: legacy bootconsole [earlyser0] enabled
[    0.000000] NX (Execute Disable) protection: active
[    0.000000] APIC: Static calls initialized
[    0.000000] SMBIOS 3.0.0 present.
[    0.000000] DMI: QEMU Standard PC (i440FX + PIIX, 1996), BIOS rel-1.16.3-0-ga6ed6b701f0a-prebuilt.qemu.org 04/01/2014
[    0.000000] DMI: Memory slots populated: 1/1
[    0.000000] Hypervisor detected: KVM
[    0.000000] last_pfn = 0x7ffe0 max_arch_pfn = 0x10000000000
[    0.000000] kvm-clock: Using msrs 4b564d01 and 4b564d00
[    0.000002] kvm-clock: using sched offset of 725289581 cycles
[    0.000477] clocksource: kvm-clock: mask: 0xffffffffffffffff max_cycles: 0x1cd42e4dffb, max_idle_ns: 881590591483 ns
[    0.001971] tsc: Detected 2500.000 MHz processor
[    0.011402] last_pfn = 0x7ffe0 max_arch_pfn = 0x10000000000
[    0.011940] MTRR map: 4 entries (3 fixed + 1 variable; max 19), built from 8 variable MTRRs
[    0.012718] x86/PAT: Configuration [0-7]: WB  WC  UC- UC  WB  WP  UC- WT  
[    0.018767] found SMP MP-table at [mem 0x000f5480-0x000f548f]
[    0.019327] Using GB pages for direct mapping
[    0.022145] ACPI: Early table checksum verification disabled
[    0.022688] ACPI: RSDP 0x00000000000F52A0 000014 (v00 BOCHS )
[    0.023235] ACPI: RSDT 0x000000007FFE1C9B 000034 (v01 BOCHS  BXPC     00000001 BXPC 00000001)
[    0.024029] ACPI: FACP 0x000000007FFE1B47 000074 (v01 BOCHS  BXPC     00000001 BXPC 00000001)
[    0.024825] ACPI: DSDT 0x000000007FFE0040 001B07 (v01 BOCHS  BXPC     00000001 BXPC 00000001)
[    0.025612] ACPI: FACS 0x000000007FFE0000 000040
[    0.026055] ACPI: APIC 0x000000007FFE1BBB 000080 (v03 BOCHS  BXPC     00000001 BXPC 00000001)
[    0.026842] ACPI: HPET 0x000000007FFE1C3B 000038 (v01 BOCHS  BXPC     00000001 BXPC 00000001)
[    0.027624] ACPI: WAET 0x000000007FFE1C73 000028 (v01 BOCHS  BXPC     00000001 BXPC 00000001)
[    0.028406] ACPI: Reserving FACP table memory at [mem 0x7ffe1b47-0x7ffe1bba]
[    0.029054] ACPI: Reserving DSDT table memory at [mem 0x7ffe0040-0x7ffe1b46]
[    0.029707] ACPI: Reserving FACS table memory at [mem 0x7ffe0000-0x7ffe003f]
[    0.030342] ACPI: Reserving APIC table memory at [mem 0x7ffe1bbb-0x7ffe1c3a]
[    0.030977] ACPI: Reserving HPET table memory at [mem 0x7ffe1c3b-0x7ffe1c72]
[    0.031608] ACPI: Reserving WAET table memory at [mem 0x7ffe1c73-0x7ffe1c9a]
[    0.032828] No NUMA configuration found
[    0.033180] Faking a node at [mem 0x0000000000000000-0x000000007ffdffff]
[    0.033816] NODE_DATA(0) allocated [mem 0x7ffb4ec0-0x7ffdfcbf]
[    0.035376] Zone ranges:
[    0.035622]   DMA      [mem 0x0000000000001000-0x0000000000ffffff]
[    0.036182]   DMA32    [mem 0x0000000001000000-0x000000007ffdffff]
[    0.036752]   Normal   empty
[    0.037025]   Device   empty
[    0.037292] Movable zone start for each node
[    0.037685] Early memory node ranges
[    0.038015]   node   0: [mem 0x0000000000001000-0x000000000009efff]
[    0.038581]   node   0: [mem 0x0000000000100000-0x000000007ffdffff]
[    0.039160] Initmem setup node 0 [mem 0x0000000000001000-0x000000007ffdffff]
[    0.040071] On node 0, zone DMA: 1 pages in unavailable ranges
[    0.040804] On node 0, zone DMA: 97 pages in unavailable ranges
[    0.070640] On node 0, zone DMA32: 32 pages in unavailable ranges
[    0.124444] KernelAddressSanitizer initialized (generic)
[    0.125234] ACPI: PM-Timer IO Port: 0x608
[    0.125631] ACPI: LAPIC_NMI (acpi_id[0xff] dfl dfl lint[0x1])
[    0.126217] IOAPIC[0]: apic_id 0, version 17, address 0xfec00000, GSI 0-23
[    0.126868] ACPI: INT_SRC_OVR (bus 0 bus_irq 0 global_irq 2 dfl dfl)
[    0.127409] ACPI: INT_SRC_OVR (bus 0 bus_irq 5 global_irq 5 high level)
[    0.127973] ACPI: INT_SRC_OVR (bus 0 bus_irq 9 global_irq 9 high level)
[    0.128547] ACPI: INT_SRC_OVR (bus 0 bus_irq 10 global_irq 10 high level)
[    0.129166] ACPI: INT_SRC_OVR (bus 0 bus_irq 11 global_irq 11 high level)
[    0.129798] ACPI: Using ACPI (MADT) for SMP configuration information
[    0.130380] ACPI: HPET id: 0x8086a201 base: 0xfed00000
[    0.130861] TSC deadline timer available
[    0.131220] CPU topo: Max. logical packages:   1
[    0.131636] CPU topo: Max. logical dies:       1
[    0.132067] CPU topo: Max. dies per package:   1
[    0.132490] CPU topo: Max. threads per core:   1
[    0.132914] CPU topo: Num. cores per package:     2
[    0.133356] CPU topo: Num. threads per package:   2
[    0.133805] CPU topo: Allowing 2 present CPUs plus 0 hotplug CPUs
[    0.134395] kvm-guest: APIC: eoi() replaced with kvm_guest_apic_eoi_write()
[    0.135051] kvm-guest: KVM setup pv remote TLB flush
[    0.135503] kvm-guest: setup PV sched yield
[    0.135935] PM: hibernation: Registered nosave memory: [mem 0x00000000-0x00000fff]
[    0.136628] PM: hibernation: Registered nosave memory: [mem 0x0009f000-0x000fffff]
[    0.137317] [mem 0x80000000-0xfeffbfff] available for PCI devices
[    0.137871] Booting paravirtualized kernel on KVM
[    0.138297] clocksource: refined-jiffies: mask: 0xffffffff max_cycles: 0xffffffff, max_idle_ns: 7645519600211568 ns
[    0.139266] setup_percpu: NR_CPUS:8192 nr_cpumask_bits:2 nr_cpu_ids:2 nr_node_ids:1
[    0.140459] percpu: Embedded 81 pages/cpu s294912 r8192 d28672 u1048576
[    0.141215] kvm-guest: PV spinlocks enabled
[    0.141584] PV qspinlock hash table entries: 256 (order: 0, 4096 bytes, linear)
[    0.142215] Kernel command line: net.ifnames=0 console=ttyS0 root=/dev/sda earlyprintk=serial net.ifnames=0 thunderbolt.dyndbg
[    0.143536] random: crng init done
[    0.143891] printk: log buffer data + meta data: 262144 + 917504 = 1179648 bytes
[    0.144941] Dentry cache hash table entries: 262144 (order: 9, 2097152 bytes, linear)
[    0.146006] Inode-cache hash table entries: 131072 (order: 8, 1048576 bytes, linear)
[    0.147031] Fallback order for Node 0: 0 
[    0.147043] Built 1 zonelists, mobility grouping on.  Total pages: 524158
[    0.148013] Policy zone: DMA32
[    0.148297] mem auto-init: stack:off, heap alloc:off, heap free:off
[    0.148858] stackdepot: allocating hash table via alloc_large_system_hash
[    0.149465] stackdepot hash table entries: 1048576 (order: 12, 16777216 bytes, linear)
[    0.153122] stackdepot: allocating space for 8192 stack pools via memblock
[    0.188011] SLUB: HWalign=64, Order=0-3, MinObjects=0, CPUs=2, Nodes=1
[    0.188605] kmemleak: Kernel memory leak detector disabled
[    0.227002] ftrace: allocating 75074 entries in 296 pages
[    0.227496] ftrace: allocated 296 pages with 3 groups
[    0.232280] Dynamic Preempt: voluntary
[    0.233139] Running RCU self tests
[    0.233451] Running RCU synchronous self tests
[    0.233860] rcu: Preemptible hierarchical RCU implementation.
[    0.234368] rcu: 	RCU lockdep checking is enabled.
[    0.234798] rcu: 	RCU restricting CPUs from NR_CPUS=8192 to nr_cpu_ids=2.
[    0.235405] 	Trampoline variant of Tasks RCU enabled.
[    0.235867] 	Rude variant of Tasks RCU enabled.
[    0.236271] 	Tracing variant of Tasks RCU enabled.
[    0.236707] rcu: RCU calculated value of scheduler-enlistment delay is 25 jiffies.
[    0.237378] rcu: Adjusting geometry for rcu_fanout_leaf=16, nr_cpu_ids=2
[    0.238066] Running RCU synchronous self tests
[    0.238470] RCU Tasks: Setting shift to 1 and lim to 1 rcu_task_cb_adjust=1 rcu_task_cpu_ids=2.
[    0.239264] RCU Tasks Rude: Setting shift to 1 and lim to 1 rcu_task_cb_adjust=1 rcu_task_cpu_ids=2.
[    0.240096] RCU Tasks Trace: Setting shift to 1 and lim to 1 rcu_task_cb_adjust=1 rcu_task_cpu_ids=2.
[    0.320751] NR_IRQS: 524544, nr_irqs: 440, preallocated irqs: 16
[    0.321902] rcu: srcu_init: Setting srcu_struct sizes based on contention.
[    0.330931] Console: colour VGA+ 80x25
[    0.331337] printk: legacy console [ttyS0] enabled
[    0.331337] printk: legacy console [ttyS0] enabled
[    0.332230] printk: legacy bootconsole [earlyser0] disabled
[    0.332230] printk: legacy bootconsole [earlyser0] disabled
[    0.333273] Lock dependency validator: Copyright (c) 2006 Red Hat, Inc., Ingo Molnar
[    0.333999] ... MAX_LOCKDEP_SUBCLASSES:  8
[    0.334387] ... MAX_LOCK_DEPTH:          48
[    0.334782] ... MAX_LOCKDEP_KEYS:        8192
[    0.335193] ... CLASSHASH_SIZE:          4096
[    0.335602] ... MAX_LOCKDEP_ENTRIES:     32768
[    0.336024] ... MAX_LOCKDEP_CHAINS:      65536
[    0.336438] ... CHAINHASH_SIZE:          32768
[    0.336860]  memory used by lock dependency info: 6429 kB
[    0.337359]  memory used for stack traces: 4224 kB
[    0.337810]  per task-struct memory footprint: 1920 bytes
[    0.338405] ACPI: Core revision 20250807
[    0.339229] clocksource: hpet: mask: 0xffffffff max_cycles: 0xffffffff, max_idle_ns: 19112604467 ns
[    0.340243] APIC: Switch to symmetric I/O mode setup
[    0.340990] x2apic enabled
[    0.341652] APIC: Switched APIC routing to: physical x2apic
[    0.342187] kvm-guest: APIC: send_IPI_mask() replaced with kvm_send_ipi_mask()
[    0.342871] kvm-guest: APIC: send_IPI_mask_allbutself() replaced with kvm_send_ipi_mask_allbutself()
[    0.343721] kvm-guest: setup PV IPIs
[    0.345244] ..TIMER: vector=0x30 apic1=0 pin1=2 apic2=-1 pin2=-1
[    0.345834] clocksource: tsc-early: mask: 0xffffffffffffffff max_cycles: 0x240939f1bb2, max_idle_ns: 440795263295 ns
[    0.346817] Calibrating delay loop (skipped) preset value.. 5000.00 BogoMIPS (lpj=10000000)
[    0.347742] x86/cpu: User Mode Instruction Prevention (UMIP) activated
[    0.350939] Last level iTLB entries: 4KB 0, 2MB 0, 4MB 0
[    0.351447] Last level dTLB entries: 4KB 0, 2MB 0, 4MB 0, 1GB 0
[    0.352012] mitigations: Enabled attack vectors: user_kernel, user_user, guest_host, guest_guest, SMT mitigations: auto
[    0.353020] Speculative Store Bypass: Mitigation: Speculative Store Bypass disabled via prctl
[    0.353811] Spectre V2 : Mitigation: Enhanced / Automatic IBRS
[    0.354354] ITS: Mitigation: Aligned branch/return thunks
[    0.354810] Spectre V1 : Mitigation: usercopy/swapgs barriers and __user pointer sanitization
[    0.355591] Spectre V2 : WARNING: Unprivileged eBPF is enabled with eIBRS on, data leaks possible via Spectre v2 BHB attacks!
[    0.356619] Spectre V2 : Spectre v2 / PBRSB-eIBRS: Retire a single CALL on VMEXIT
[    0.357281] Spectre V2 : mitigation: Enabling conditional Indirect Branch Prediction Barrier
[    0.358025] active return thunk: its_return_thunk
[    0.358453] Spectre V2 : Spectre BHI mitigation: SW BHB clearing on syscall and VM exit
[    0.358873] x86/fpu: Supporting XSAVE feature 0x001: 'x87 floating point registers'
[    0.359560] x86/fpu: Supporting XSAVE feature 0x002: 'SSE registers'
[    0.360143] x86/fpu: Supporting XSAVE feature 0x004: 'AVX registers'
[    0.360717] x86/fpu: Supporting XSAVE feature 0x020: 'AVX-512 opmask'
[    0.361293] x86/fpu: Supporting XSAVE feature 0x040: 'AVX-512 Hi256'
[    0.361870] x86/fpu: Supporting XSAVE feature 0x080: 'AVX-512 ZMM_Hi256'
[    0.362809] x86/fpu: Supporting XSAVE feature 0x200: 'Protection Keys User registers'
[    0.363518] x86/fpu: Supporting XSAVE feature 0x20000: 'AMX Tile config'
[    0.364128] x86/fpu: Supporting XSAVE feature 0x40000: 'AMX Tile data'
[    0.364711] x86/fpu: xstate_offset[2]:  576, xstate_sizes[2]:  256
[    0.365270] x86/fpu: xstate_offset[5]:  832, xstate_sizes[5]:   64
[    0.365810] x86/fpu: xstate_offset[6]:  896, xstate_sizes[6]:  512
[    0.366370] x86/fpu: xstate_offset[7]: 1408, xstate_sizes[7]: 1024
[    0.366812] x86/fpu: xstate_offset[9]: 2432, xstate_sizes[9]:    8
[    0.367372] x86/fpu: xstate_offset[17]: 2496, xstate_sizes[17]:   64
[    0.367952] x86/fpu: xstate_offset[18]: 2560, xstate_sizes[18]: 8192
[    0.368524] x86/fpu: Enabled xstate features 0x602e7, context size is 10752 bytes, using 'compacted' format.
[    0.535510] Freeing SMP alternatives memory: 64K
[    0.535943] pid_max: default: 32768 minimum: 301
[    0.536709] Yama: becoming mindful.
[    0.537452] Mount-cache hash table entries: 4096 (order: 3, 32768 bytes, linear)
[    0.538125] Mountpoint-cache hash table entries: 4096 (order: 3, 32768 bytes, linear)
[    0.540362] Running RCU synchronous self tests
[    0.540776] Running RCU synchronous self tests
[    0.541466] smpboot: CPU0: Intel GENUINE INTEL(R) XEON(R) (family: 0x6, model: 0xad, stepping: 0x0)
[    0.542805] Performance Events: PEBS fmt0-, Granite Rapids events, 
[    0.542805] core: The event 0x400 is not supported as a normal event.
[    0.542805] core: The event 0x8000 is not supported as a normal event.
[    0.542805] core: The event 0x8100 is not supported as a normal event.
[    0.542812] core: The event 0x8200 is not supported as a normal event.
[    0.543393] core: The event 0x8300 is not supported as a normal event.
[    0.543975] core: The event 0x8400 is not supported as a normal event.
[    0.544554] core: The event 0x8500 is not supported as a normal event.
[    0.545128] core: The event 0x8600 is not supported as a normal event.
[    0.545720] core: The event 0x8700 is not supported as a normal event.
[    0.546319] full-width counters, Intel PMU driver.
[    0.546775] ... version:                   2
[    0.546810] ... bit width:                 48
[    0.547210] ... generic counters:          8
[    0.547588] ... generic bitmap:            00000000000000ff
[    0.548077] ... fixed-purpose counters:    3
[    0.548465] ... fixed-purpose bitmap:      0000000000000007
[    0.548950] ... value mask:                0000ffffffffffff
[    0.549448] ... max period:                00007fffffffffff
[    0.549940] ... global_ctrl mask:          00000007000000ff
[    0.550953] signal: max sigframe size: 11952
[    0.551488] rcu: Hierarchical SRCU implementation.
[    0.551920] rcu: 	Max phase no-delay instances is 1000.
[    0.552597] Timer migration: 1 hierarchy levels; 8 children per group; 1 crossnode level
[    0.577369] smp: Bringing up secondary CPUs ...
[    0.578370] smpboot: x86: Booting SMP configuration:
[    0.578831] .... node  #0, CPUs:      #1
[    0.579154] smp: Brought up 1 node, 2 CPUs
[    0.579615] smpboot: Total of 2 processors activated (10000.00 BogoMIPS)
[    0.581238] Memory: 1591816K/2096632K available (80490K kernel code, 15532K rwdata, 18768K rodata, 16296K init, 21000K bss, 493188K reserved, 0K cma-reserved)
[    0.583431] devtmpfs: initialized
[    0.583923] x86/mm: Memory block size: 128MB
[    0.595649] Running RCU synchronous self tests
[    0.596087] Running RCU synchronous self tests
[    0.596522] Running RCU Tasks wait API self tests
[    0.596522] Running RCU Tasks Rude wait API self tests
[    0.596522] Running RCU Tasks Trace wait API self tests
[    0.618843] clocksource: jiffies: mask: 0xffffffff max_cycles: 0xffffffff, max_idle_ns: 7645041785100000 ns
[    0.619723] posixtimers hash table entries: 1024 (order: 5, 73728 bytes, linear)
[    0.620659] futex hash table entries: 512 (65536 bytes on 1 NUMA nodes, total 64 KiB, linear).
[    0.620659] pinctrl core: initialized pinctrl subsystem
[    0.620775] 
[    0.620924] *************************************************************
[    0.621485] **     NOTICE NOTICE NOTICE NOTICE NOTICE NOTICE NOTICE    **
[    0.622027] **                                                         **
[    0.622582] **  IOMMU DebugFS SUPPORT HAS BEEN ENABLED IN THIS KERNEL  **
[    0.622812] **                                                         **
[    0.623370] ** This means that this kernel is built to expose internal **
[    0.623936] ** IOMMU data structures, which may compromise security on **
[    0.624492] ** your system.                                            **
[    0.625032] **                                                         **
[    0.625587] ** If you see this message and you are not debugging the   **
[    0.626140] ** kernel, report this immediately to your vendor!         **
[    0.626690] **                                                         **
[    0.630810] **     NOTICE NOTICE NOTICE NOTICE NOTICE NOTICE NOTICE    **
[    0.631360] *************************************************************
[    0.631986] PM: RTC time: 09:20:49, date: 2026-01-27
[    0.635517] NET: Registered PF_NETLINK/PF_ROUTE protocol family
[    0.637702] DMA: preallocated 256 KiB GFP_KERNEL pool for atomic allocations
[    0.638371] DMA: preallocated 256 KiB GFP_KERNEL|GFP_DMA pool for atomic allocations
[    0.638831] DMA: preallocated 256 KiB GFP_KERNEL|GFP_DMA32 pool for atomic allocations
[    0.639617] audit: initializing netlink subsys (disabled)
[    0.640147] audit: type=2000 audit(1769505649.547:1): state=initialized audit_enabled=0 res=1
[    0.642869] thermal_sys: Registered thermal governor 'fair_share'
[    0.642880] thermal_sys: Registered thermal governor 'bang_bang'
[    0.643485] thermal_sys: Registered thermal governor 'step_wise'
[    0.644040] thermal_sys: Registered thermal governor 'user_space'
[    0.644648] cpuidle: using governor ladder
[    0.644648] cpuidle: using governor menu
[    0.646978] acpiphp: ACPI Hot Plug PCI Controller Driver version: 0.5
[    0.648517] PCI: Using configuration type 1 for base access
[    0.649370] kprobes: kprobe jump-optimization is enabled. All kprobes are optimized if possible.
[    0.650819] Callback from call_rcu_tasks_trace() invoked.
[    0.775465] HugeTLB: registered 1.00 GiB page size, pre-allocated 0 pages
[    0.776095] HugeTLB: 16380 KiB vmemmap can be freed for a 1.00 GiB page
[    0.776688] HugeTLB: registered 2.00 MiB page size, pre-allocated 0 pages
[    0.777280] HugeTLB: 28 KiB vmemmap can be freed for a 2.00 MiB page
[    0.788867] ACPI: Added _OSI(Module Device)
[    0.789280] ACPI: Added _OSI(Processor Device)
[    0.789686] ACPI: Added _OSI(Processor Aggregator Device)
[    0.808802] ACPI: 1 ACPI AML tables successfully acquired and loaded
[    0.816070] ACPI: Interpreter enabled
[    0.816568] ACPI: PM: (supports S0 S3 S4 S5)
[    0.816974] ACPI: Using IOAPIC for interrupt routing
[    0.817525] PCI: Using host bridge windows from ACPI; if necessary, use "pci=nocrs" and report a bug
[    0.818331] PCI: Using E820 reservations for host bridge windows
[    0.820208] ACPI: Enabled 2 GPEs in block 00 to 0F
[    0.866271] ACPI: PCI Root Bridge [PCI0] (domain 0000 [bus 00-ff])
[    0.866833] acpi PNP0A03:00: _OSC: OS supports [ASPM ClockPM Segments MSI EDR HPX-Type3]
[    0.867568] acpi PNP0A03:00: _OSC: not requesting OS control; OS requires [ExtendedConfig ASPM ClockPM MSI]
[    0.868589] acpi PNP0A03:00: fail to add MMCONFIG information, can't access extended configuration space under this bridge
[    0.875362] acpiphp: Slot [3] registered
[    0.875892] acpiphp: Slot [4] registered
[    0.876397] acpiphp: Slot [5] registered
[    0.876919] acpiphp: Slot [6] registered
[    0.877424] acpiphp: Slot [7] registered
[    0.877937] acpiphp: Slot [8] registered
[    0.878444] acpiphp: Slot [9] registered
[    0.878988] acpiphp: Slot [10] registered
[    0.879507] acpiphp: Slot [11] registered
[    0.880025] acpiphp: Slot [12] registered
[    0.880543] acpiphp: Slot [13] registered
[    0.881062] acpiphp: Slot [14] registered
[    0.881582] acpiphp: Slot [15] registered
[    0.882099] acpiphp: Slot [16] registered
[    0.882612] acpiphp: Slot [17] registered
[    0.882962] acpiphp: Slot [18] registered
[    0.883480] acpiphp: Slot [19] registered
[    0.883996] acpiphp: Slot [20] registered
[    0.884522] acpiphp: Slot [21] registered
[    0.885046] acpiphp: Slot [22] registered
[    0.885581] acpiphp: Slot [23] registered
[    0.886096] acpiphp: Slot [24] registered
[    0.886618] acpiphp: Slot [25] registered
[    0.886959] acpiphp: Slot [26] registered
[    0.887489] acpiphp: Slot [27] registered
[    0.888000] acpiphp: Slot [28] registered
[    0.888526] acpiphp: Slot [29] registered
[    0.889037] acpiphp: Slot [30] registered
[    0.889564] acpiphp: Slot [31] registered
[    0.889995] PCI host bridge to bus 0000:00
[    0.890438] pci_bus 0000:00: root bus resource [io  0x0000-0x0cf7 window]
[    0.890813] pci_bus 0000:00: root bus resource [io  0x0d00-0xffff window]
[    0.891439] pci_bus 0000:00: root bus resource [mem 0x000a0000-0x000bffff window]
[    0.892110] pci_bus 0000:00: root bus resource [mem 0x80000000-0xfebfffff window]
[    0.892780] pci_bus 0000:00: root bus resource [mem 0x100000000-0x17fffffff window]
[    0.893465] pci_bus 0000:00: root bus resource [bus 00-ff]
[    0.894068] pci 0000:00:00.0: [8086:1237] type 00 class 0x060000 conventional PCI endpoint
[    0.896456] pci 0000:00:01.0: [8086:7000] type 00 class 0x060100 conventional PCI endpoint
[    0.898661] pci 0000:00:01.1: [8086:7010] type 00 class 0x010180 conventional PCI endpoint
[    0.899341] pci 0000:00:01.1: BAR 4 [io  0xc040-0xc04f]
[    0.899846] pci 0000:00:01.1: BAR 0 [io  0x01f0-0x01f7]: legacy IDE quirk
[    0.900467] pci 0000:00:01.1: BAR 1 [io  0x03f6]: legacy IDE quirk
[    0.901018] pci 0000:00:01.1: BAR 2 [io  0x0170-0x0177]: legacy IDE quirk
[    0.901635] pci 0000:00:01.1: BAR 3 [io  0x0376]: legacy IDE quirk
[    0.903405] pci 0000:00:01.3: [8086:7113] type 00 class 0x068000 conventional PCI endpoint
[    0.904440] pci 0000:00:01.3: quirk: [io  0x0600-0x063f] claimed by PIIX4 ACPI
[    0.905087] pci 0000:00:01.3: quirk: [io  0x0700-0x070f] claimed by PIIX4 SMB
[    0.906952] pci 0000:00:02.0: [1234:1111] type 00 class 0x030000 conventional PCI endpoint
[    0.908818] pci 0000:00:02.0: BAR 0 [mem 0xfd000000-0xfdffffff pref]
[    0.909424] pci 0000:00:02.0: BAR 2 [mem 0xfebf0000-0xfebf0fff]
[    0.909983] pci 0000:00:02.0: ROM [mem 0xfebe0000-0xfebeffff pref]
[    0.910631] pci 0000:00:02.0: Video device with shadowed ROM at [mem 0x000c0000-0x000dffff]
[    0.912038] pci 0000:00:03.0: [8086:100e] type 00 class 0x020000 conventional PCI endpoint
[    0.913657] pci 0000:00:03.0: BAR 0 [mem 0xfebc0000-0xfebdffff]
[    0.914210] pci 0000:00:03.0: BAR 1 [io  0xc000-0xc03f]
[    0.914716] pci 0000:00:03.0: ROM [mem 0xfeb80000-0xfebbffff pref]
[    0.941081] ACPI: PCI: Interrupt link LNKA configured for IRQ 10
[    0.942733] ACPI: PCI: Interrupt link LNKB configured for IRQ 10
[    0.943851] ACPI: PCI: Interrupt link LNKC configured for IRQ 11
[    0.945438] ACPI: PCI: Interrupt link LNKD configured for IRQ 11
[    0.946434] ACPI: PCI: Interrupt link LNKS configured for IRQ 9
[    0.950856] iommu: Default domain type: Translated
[    0.951328] iommu: DMA domain TLB invalidation policy: lazy mode
[    0.954850] SCSI subsystem initialized
[    0.955723] ACPI: bus type USB registered
[    0.956333] usbcore: registered new interface driver usbfs
[    0.956948] usbcore: registered new interface driver hub
[    0.957510] usbcore: registered new device driver usb
[    0.958310] pps_core: LinuxPPS API ver. 1 registered
[    0.958776] pps_core: Software ver. 5.3.6 - Copyright 2005-2007 Rodolfo Giometti <giometti@linux.it>
[    0.958846] PTP clock support registered
[    0.963062] EDAC MC: Ver: 3.0.0
[    0.966620] NetLabel: Initializing
[    0.966817] NetLabel:  domain hash size = 128
[    0.967215] NetLabel:  protocols = UNLABELED CIPSOv4 CALIPSO
[    0.967870] NetLabel:  unlabeled traffic allowed by default
[    0.969116] PCI: Using ACPI for IRQ routing
[    0.969885] pci 0000:00:02.0: vgaarb: setting as boot VGA device
[    0.970440] pci 0000:00:02.0: vgaarb: bridge control possible
[    0.970805] pci 0000:00:02.0: vgaarb: VGA device added: decodes=io+mem,owns=io+mem,locks=none
[    0.970813] vgaarb: loaded
[    0.975235] hpet0: at MMIO 0xfed00000, IRQs 2, 8, 0
[    0.975735] hpet0: 3 comparators, 64-bit 100.000000 MHz counter
[    0.981228] clocksource: Switched to clocksource kvm-clock
[    3.961418] VFS: Disk quotas dquot_6.6.0
[    3.961845] VFS: Dquot-cache hash table entries: 512 (order 0, 4096 bytes)
[    3.964413] pnp: PnP ACPI init
[    3.969076] pnp: PnP ACPI: found 6 devices
[    3.988468] Callback from call_rcu_tasks() invoked.
[    3.989962] clocksource: acpi_pm: mask: 0xffffff max_cycles: 0xffffff, max_idle_ns: 2085701024 ns
[    3.991266] NET: Registered PF_INET protocol family
[    3.991830] IP idents hash table entries: 32768 (order: 6, 262144 bytes, linear)
[    3.994066] tcp_listen_portaddr_hash hash table entries: 1024 (order: 5, 73728 bytes, linear)
[    3.994873] Table-perturb hash table entries: 65536 (order: 6, 262144 bytes, linear)
[    3.995695] TCP established hash table entries: 16384 (order: 5, 131072 bytes, linear)
[    3.996794] TCP bind hash table entries: 16384 (order: 10, 2359296 bytes, linear)
[    3.998434] TCP: Hash tables configured (established 16384 bind 16384)
[    3.999133] UDP hash table entries: 1024 (order: 6, 262144 bytes, linear)
[    3.999824] UDP-Lite hash table entries: 1024 (order: 6, 262144 bytes, linear)
[    4.000822] NET: Registered PF_UNIX/PF_LOCAL protocol family
[    4.002533] RPC: Registered named UNIX socket transport module.
[    4.003109] RPC: Registered udp transport module.
[    4.003546] RPC: Registered tcp transport module.
[    4.003977] RPC: Registered tcp-with-tls transport module.
[    4.004487] RPC: Registered tcp NFSv4.1 backchannel transport module.
[    4.005086] pci_bus 0000:00: resource 4 [io  0x0000-0x0cf7 window]
[    4.005654] pci_bus 0000:00: resource 5 [io  0x0d00-0xffff window]
[    4.006222] pci_bus 0000:00: resource 6 [mem 0x000a0000-0x000bffff window]
[    4.006838] pci_bus 0000:00: resource 7 [mem 0x80000000-0xfebfffff window]
[    4.007464] pci_bus 0000:00: resource 8 [mem 0x100000000-0x17fffffff window]
[    4.008482] pci 0000:00:01.0: PIIX3: Enabling Passive Release
[    4.008956] pci 0000:00:00.0: Limiting direct PCI/PCI transfers
[    4.009522] PCI: CLS 0 bytes, default 64
[    4.009929] ACPI: bus type thunderbolt registered
[    4.010753] clocksource: tsc: mask: 0xffffffffffffffff max_cycles: 0x240939f1bb2, max_idle_ns: 440795263295 ns
[    4.020327] Initialise system trusted keyrings
[    4.020837] Key type blacklist registered
[    4.021828] workingset: timestamp_bits=36 max_order=19 bucket_order=0
[    4.024869] squashfs: version 4.0 (2009/01/31) Phillip Lougher
[    4.027929] NFS: Registering the id_resolver key type
[    4.028516] Key type id_resolver registered
[    4.028903] Key type id_legacy registered
[    4.029329] nfs4filelayout_init: NFSv4 File Layout Driver Registering...
[    4.029940] nfs4flexfilelayout_init: NFSv4 Flexfile Layout Driver Registering...
[    4.031274] fuse: init (API version 7.45)
[    4.032696] SGI XFS with ACLs, security attributes, realtime, quota, no debug enabled
[    4.035336] 9p: Installing v9fs 9p2000 file system support
[    4.051560] Key type asymmetric registered
[    4.051941] Asymmetric key parser 'x509' registered
[    4.052543] Block layer SCSI generic (bsg) driver version 0.4 loaded (major 241)
[    4.053894] io scheduler mq-deadline registered
[    4.054463] io scheduler bfq registered
[    4.055865] ledtrig-cpu: registered to indicate activity on CPUs
[    4.057984] IPMI message handler: version 39.2
[    4.058484] ipmi device interface
[    4.061407] input: Power Button as /devices/LNXSYSTM:00/LNXPWRBN:00/input/input0
[    4.062635] ACPI: button: Power Button [PWRF]
[    4.065630] ERST DBG: ERST support is disabled.
[    4.067767] Serial: 8250/16550 driver, 32 ports, IRQ sharing enabled
[    4.069522] 00:04: ttyS0 at I/O 0x3f8 (irq = 4, base_baud = 115200) is a 16550A
[    4.113225] Linux agpgart interface v0.103
[    4.117500] ACPI: bus type drm_connector registered
[    4.150570] brd: module loaded
[    4.173380] loop: module loaded
[    4.187594] scsi host0: ata_piix
[    4.190119] scsi host1: ata_piix
[    4.191008] ata1: PATA max MWDMA2 cmd 0x1f0 ctl 0x3f6 bmdma 0xc040 irq 14 lpm-pol 0
[    4.191711] ata2: PATA max MWDMA2 cmd 0x170 ctl 0x376 bmdma 0xc048 irq 15 lpm-pol 0
[    4.195642] tun: Universal TUN/TAP device driver, 1.6
[    4.196475] e100: Intel(R) PRO/100 Network Driver
[    4.196898] e100: Copyright(c) 1999-2006 Intel Corporation
[    4.197525] e1000: Intel(R) PRO/1000 Network Driver
[    4.197954] e1000: Copyright (c) 1999-2006 Intel Corporation.
[    4.348422] ata1: found unknown device (class 0)
[    4.349147] ata2: found unknown device (class 0)
[    4.350081] ata2.00: ATAPI: QEMU DVD-ROM, 2.5+, max UDMA/100
[    4.351604] ata1.00: ATA-7: QEMU HARDDISK, 2.5+, max UDMA/100
[    4.352122] ata1.00: 17196647 sectors, multi 16: LBA48 
[    4.356414] scsi 0:0:0:0: Direct-Access     ATA      QEMU HARDDISK    2.5+ PQ: 0 ANSI: 5
[    4.359455] sd 0:0:0:0: [sda] 17196647 512-byte logical blocks: (8.80 GB/8.20 GiB)
[    4.360222] sd 0:0:0:0: [sda] Write Protect is off
[    4.360352] sd 0:0:0:0: Attached scsi generic sg0 type 0
[    4.361212] sd 0:0:0:0: [sda] Write cache: enabled, read cache: enabled, doesn't support DPO or FUA
[    4.362217] sd 0:0:0:0: [sda] Preferred minimum I/O size 512 bytes
[    4.363949] scsi 1:0:0:0: CD-ROM            QEMU     QEMU DVD-ROM     2.5+ PQ: 0 ANSI: 5
[    4.386639] scsi 1:0:0:0: Attached scsi generic sg1 type 5
[    4.389247] sd 0:0:0:0: [sda] Attached SCSI disk
[    5.092200] ACPI: \_SB_.LNKC: Enabled at IRQ 11
[    5.408857] e1000 0000:00:03.0 eth0: (PCI:33MHz:32-bit) 52:54:00:12:34:56
[    5.409508] e1000 0000:00:03.0 eth0: Intel(R) PRO/1000 Network Connection
[    5.410299] e1000e: Intel(R) PRO/1000 Network Driver
[    5.410753] e1000e: Copyright(c) 1999 - 2015 Intel Corporation.
[    5.411442] igb: Intel(R) Gigabit Ethernet Network Driver
[    5.411928] igb: Copyright (c) 2007-2014 Intel Corporation.
[    5.412843] PPP generic driver version 2.4.2
[    5.414634] VFIO - User Level meta-driver version: 0.3
[    5.416777] usbcore: registered new interface driver uas
[    5.417438] usbcore: registered new interface driver usb-storage
[    5.418264] i8042: PNP: PS/2 Controller [PNP0303:KBD,PNP0f13:MOU] at 0x60,0x64 irq 1,12
[    5.419915] serio: i8042 KBD port at 0x60,0x64 irq 1
[    5.420474] serio: i8042 AUX port at 0x60,0x64 irq 12
[    5.422821] mousedev: PS/2 mouse device common for all mice
[    5.425375] rtc_cmos 00:05: RTC can wake from S4
[    5.426379] input: AT Translated Set 2 keyboard as /devices/platform/i8042/serio0/input/input1
[    5.429122] rtc_cmos 00:05: registered as rtc0
[    5.429617] rtc_cmos 00:05: setting system clock to 2026-01-27T09:20:54 UTC (1769505654)
[    5.430691] rtc_cmos 00:05: alarms up to one day, y3k, 242 bytes nvram, hpet irqs
[    5.431462] i2c_dev: i2c /dev entries driver
[    5.431966] device-mapper: core: CONFIG_IMA_DISABLE_HTABLE is disabled. Duplicate IMA measurements will not be recorded in the IMA log.
[    5.434122] input: VirtualPS/2 VMware VMMouse as /devices/platform/i8042/serio1/input/input4
[    5.435171] device-mapper: uevent: version 1.0.3
[    5.436526] input: VirtualPS/2 VMware VMMouse as /devices/platform/i8042/serio1/input/input3
[    5.438244] device-mapper: ioctl: 4.50.0-ioctl (2025-04-28) initialised: dm-devel@lists.linux.dev
[    5.439090] intel_pstate: CPU model not supported
[    5.439910] sdhci: Secure Digital Host Controller Interface driver
[    5.440481] sdhci: Copyright(c) Pierre Ossman
[    5.441076] sdhci-pltfm: SDHCI platform and OF driver helper
[    5.442160] drop_monitor: Initializing network drop monitor service
[    5.443079] NET: Registered PF_INET6 protocol family
[    5.445268] Segment Routing with IPv6
[    5.445695] In-situ OAM (IOAM) with IPv6
[    5.446118] NET: Registered PF_PACKET protocol family
[    5.447173] 9pnet: Installing 9P2000 support
[    5.447695] Key type dns_resolver registered
[    5.450276] IPI shorthand broadcast: enabled
[    5.514095] sched_clock: Marking stable (5492004335, 20270179)->(5524605289, -12330775)
[    5.516395] registered taskstats version 1
[    5.517546] Loading compiled-in X.509 certificates
[    5.602823] Demotion targets for Node 0: null
[    5.605007] Key type .fscrypt registered
[    5.605528] Key type fscrypt-provisioning registered
[    5.613505] Key type encrypted registered
[    5.613915] ima: No TPM chip found, activating TPM-bypass!
[    5.614452] ima: Allocated hash algorithm: sha1
[    5.614925] ima: No architecture policies found
[    5.615512] evm: Initialising EVM extended attributes:
[    5.615973] evm: security.selinux
[    5.616296] evm: security.SMACK64
[    5.616604] evm: security.SMACK64EXEC
[    5.616939] evm: security.SMACK64TRANSMUTE
[    5.617303] evm: security.SMACK64MMAP
[    5.617625] evm: security.apparmor
[    5.617923] evm: security.ima
[    5.618191] evm: security.capability
[    5.618508] evm: HMAC attrs: 0x1
[    5.621949] PM:   Magic number: 10:223:324
[    5.622437] tty tty49: hash matches
[    5.622820] acpi PNP0B00:00: hash matches
[    5.624347] RAS: Correctable Errors collector initialized.
[    5.625074] clk: Disabling unused clocks
[    5.625556] PM: genpd: Disabling unused power domains
[    5.626865] check access for rdinit=/init failed: -2, ignoring
[    5.627253] md: Waiting for all devices to be available before autodetect
[    5.627659] md: If you don't use raid, use raid=noautodetect
[    5.628009] md: Autodetecting RAID arrays.
[    5.628338] md: autorun ...
[    5.628516] md: ... autorun DONE.
[    5.639441] EXT4-fs (sda): INFO: recovery required on readonly filesystem
[    5.639880] EXT4-fs (sda): write access will be enabled during recovery
[    5.698761] EXT4-fs (sda): recovery complete
[    5.702307] EXT4-fs (sda): mounted filesystem 088740a9-c8b4-422c-999d-a804eb68a4da ro with ordered data mode. Quota mode: none.
[    5.703089] VFS: Mounted root (ext4 filesystem) readonly on device 8:0.
[    5.706600] devtmpfs: mounted
[    5.728338] Freeing unused decrypted memory: 2036K
[    5.734378] Freeing unused kernel image (initmem) memory: 16296K
[    5.734821] Write protecting the kernel read-only data: 102400k
[    5.738768] Freeing unused kernel image (text/rodata gap) memory: 1428K
[    5.740803] Freeing unused kernel image (rodata/data gap) memory: 1712K
[    6.915039] x86/mm: Checked W+X mappings: passed, no W+X pages found.
[    6.915765] Run /sbin/init as init process
[    7.146486] systemd[1]: systemd 252-15.el9 running in system mode (+PAM +AUDIT +SELINUX -APPARMOR +IMA +SMACK +SECCOMP +GCRYPT +GNUTLS +OPENSSL +ACL +BLKID +CURL +ELFUTILS -FIDO2 +IDN2 -IDN -IPTC +KMOD +LIBCRYPTSETUP +LIBFDISK +PCRE2 -PWQUALITY +P11KIT -QRENCODE +TPM2 +BZIP2 +LZ4 +XZ +ZLIB +ZSTD -BPF_FRAMEWORK +XKBCOMMON +UTMP +SYSVINIT default-hierarchy=unified)
[    7.148441] systemd[1]: Detected virtualization kvm.
[    7.148761] systemd[1]: Detected architecture x86-64.

Welcome to [0;31mCentOS Stream 9[0m!

[    7.156668] systemd[1]: Hostname set to <test>.
[    7.385747] systemd-rc-local-generator[121]: /etc/rc.d/rc.local is not marked executable, skipping.
[    7.821803] systemd[1]: Queued start job for default target Multi-User System.
[    7.847336] systemd[1]: Created slice Virtual Machine and Container Slice.
[[0;32m  OK  [0m] Created slice [0;1;39mVirtual Machine and Container Slice[0m.
[    7.852623] systemd[1]: Created slice Slice /system/getty.
[[0;32m  OK  [0m] Created slice [0;1;39mSlice /system/getty[0m.
[    7.855938] systemd[1]: Created slice Slice /system/modprobe.
[[0;32m  OK  [0m] Created slice [0;1;39mSlice /system/modprobe[0m.
[    7.859438] systemd[1]: Created slice Slice /system/serial-getty.
[[0;32m  OK  [0m] Created slice [0;1;39mSlice /system/serial-getty[0m.
[    7.862886] systemd[1]: Created slice Slice /system/sshd-keygen.
[[0;32m  OK  [0m] Created slice [0;1;39mSlice /system/sshd-keygen[0m.
[    7.865933] systemd[1]: Created slice User and Session Slice.
[[0;32m  OK  [0m] Created slice [0;1;39mUser and Session Slice[0m.
[    7.867483] systemd[1]: Started Forward Password Requests to Wall Directory Watch.
[[0;32m  OK  [0m] Started [0;1;39mForward Password R…uests to Wall Directory Watch[0m.
[    7.869817] systemd[1]: Set up automount Arbitrary Executable File Formats File System Automount Point.
[[0;32m  OK  [0m] Set up automount [0;1;39mArbitrary…s File System Automount Point[0m.
[    7.871658] systemd[1]: Reached target Local Integrity Protected Volumes.
[[0;32m  OK  [0m] Reached target [0;1;39mLocal Integrity Protected Volumes[0m.
[    7.873050] systemd[1]: Reached target Slice Units.
[[0;32m  OK  [0m] Reached target [0;1;39mSlice Units[0m.
[    7.874172] systemd[1]: Reached target Swaps.
[[0;32m  OK  [0m] Reached target [0;1;39mSwaps[0m.
[    7.875489] systemd[1]: Reached target Local Verity Protected Volumes.
[[0;32m  OK  [0m] Reached target [0;1;39mLocal Verity Protected Volumes[0m.
[    7.877187] systemd[1]: Listening on Device-mapper event daemon FIFOs.
[[0;32m  OK  [0m] Listening on [0;1;39mDevice-mapper event daemon FIFOs[0m.
[    7.879164] systemd[1]: Listening on LVM2 poll daemon socket.
[[0;32m  OK  [0m] Listening on [0;1;39mLVM2 poll daemon socket[0m.
[    7.880684] systemd[1]: multipathd control socket was skipped because of an unmet condition check (ConditionPathExists=/etc/multipath.conf).
[    7.933123] systemd[1]: Listening on RPCbind Server Activation Socket.
[[0;32m  OK  [0m] Listening on [0;1;39mRPCbind Server Activation Socket[0m.
[    7.934340] systemd[1]: Reached target RPC Port Mapper.
[[0;32m  OK  [0m] Reached target [0;1;39mRPC Port Mapper[0m.
[    7.937850] systemd[1]: Listening on Process Core Dump Socket.
[[0;32m  OK  [0m] Listening on [0;1;39mProcess Core Dump Socket[0m.
[    7.939233] systemd[1]: Listening on initctl Compatibility Named Pipe.
[[0;32m  OK  [0m] Listening on [0;1;39minitctl Compatibility Named Pipe[0m.
[    7.940898] systemd[1]: Listening on Journal Socket (/dev/log).
[[0;32m  OK  [0m] Listening on [0;1;39mJournal Socket (/dev/log)[0m.
[    7.942469] systemd[1]: Listening on Journal Socket.
[[0;32m  OK  [0m] Listening on [0;1;39mJournal Socket[0m.
[    7.944002] systemd[1]: Listening on udev Control Socket.
[[0;32m  OK  [0m] Listening on [0;1;39mudev Control Socket[0m.
[    7.945342] systemd[1]: Listening on udev Kernel Socket.
[[0;32m  OK  [0m] Listening on [0;1;39mudev Kernel Socket[0m.
[    7.951597] systemd[1]: Mounting Huge Pages File System...
         Mounting [0;1;39mHuge Pages File System[0m...
[    7.958593] systemd[1]: Mounting POSIX Message Queue File System...
         Mounting [0;1;39mPOSIX Message Queue File System[0m...
[    7.972996] systemd[1]: Mounting Kernel Debug File System...
         Mounting [0;1;39mKernel Debug File System[0m...
[    7.981045] systemd[1]: Mounting Kernel Trace File System...
         Mounting [0;1;39mKernel Trace File System[0m...
[    7.984512] systemd[1]: Kernel Module supporting RPCSEC_GSS was skipped because of an unmet condition check (ConditionPathExists=/etc/krb5.keytab).
[    7.985441] systemd[1]: Create List of Static Device Nodes was skipped because of an unmet condition check (ConditionFileNotEmpty=/lib/modules/6.18.0-5797d10ea4fa+/modules.devname).
[    7.992419] systemd[1]: Starting Monitoring of LVM2 mirrors, snapshots etc. using dmeventd or progress polling...
         Starting [0;1;39mMonitoring of LVM…meventd or progress polling[0m...
[    7.999501] systemd[1]: Starting Load Kernel Module configfs...
         Starting [0;1;39mLoad Kernel Module configfs[0m...
[    8.009788] systemd[1]: Starting Load Kernel Module drm...
         Starting [0;1;39mLoad Kernel Module drm[0m...
[    8.023039] systemd[1]: Starting Load Kernel Module fuse...
         Starting [0;1;39mLoad Kernel Module fuse[0m...
[    8.039590] systemd[1]: Starting Read and set NIS domainname from /etc/sysconfig/network...
         Starting [0;1;39mRead and set NIS …from /etc/sysconfig/network[0m...
[    8.055763] systemd[1]: Starting Journal Service...
         Starting [0;1;39mJournal Service[0m...
[    8.071925] systemd[1]: Starting Load Kernel Modules...
         Starting [0;1;39mLoad Kernel Modules[0m...
[    8.086206] systemd[1]: Starting Generate network units from Kernel command line...
         Starting [0;1;39mGenerate network …ts from Kernel command line[0m...
[    8.097356] systemd[1]: Starting Remount Root and Kernel File Systems...
         Starting [0;1;39mRemount Root and Kernel File Systems[0m...
[    8.100187] systemd[1]: Repartition Root Disk was skipped because no trigger condition checks were met.
[    8.124840] systemd[1]: Starting Coldplug All udev Devices...
         Starting [0;1;39mColdplug All udev Devices[0m...
[    8.144026] systemd[1]: Mounted Huge Pages File System.
[[0;32m  OK  [0m] Mounted [0;1;39mHuge Pages File System[0m.
[    8.149590] systemd[1]: Mounted POSIX Message Queue File System.
[[0;32m  OK  [0m] Mounted [0;1;39mPOSIX Message Queue File System[0m.
[    8.151058] systemd[1]: Mounted Kernel Debug File System.
[[0;32m  OK  [0m] Mounted [0;1;39mKernel Debug File System[0m.
[    8.156947] systemd[1]: Mounted Kernel Trace File System.
[[0;32m  OK  [0m] Mounted [0;1;39mKernel Trace File System[0m.
[    8.159416] systemd[1]: Finished Monitoring of LVM2 mirrors, snapshots etc. using dmeventd or progress polling.
[[0;32m  OK  [0m] Finished [0;1;39mMonitoring of LVM… dmeventd or progress polling[0m.
[    8.165635] systemd[1]: modprobe@configfs.service: Deactivated successfully.
[    8.172906] systemd[1]: Finished Load Kernel Module configfs.
[[0;32m  OK  [0m] Finished [0;1;39mLoad Kernel Module configfs[0m.
[    8.175306] systemd[1]: modprobe@drm.service: Deactivated successfully.
[    8.182613] systemd[1]: Finished Load Kernel Module drm.
[[0;32m  OK  [0m] Finished [0;1;39mLoad Kernel Module drm[0m.
[    8.184363] EXT4-fs (sda): re-mounted 088740a9-c8b4-422c-999d-a804eb68a4da r/w.
[    8.193205] systemd[1]: modprobe@fuse.service: Deactivated successfully.
[    8.194827] systemd[1]: Finished Load Kernel Module fuse.
[[0;32m  OK  [0m] Finished [0;1;39mLoad Kernel Module fuse[0m.
[    8.212338] systemd[1]: Finished Read and set NIS domainname from /etc/sysconfig/network.
[[0;32m  OK  [0m] Finished [0;1;39mRead and set NIS …e from /etc/sysconfig/network[0m.
[    8.216862] systemd[1]: systemd-modules-load.service: Main process exited, code=exited, status=1/FAILURE
[    8.218250] systemd[1]: systemd-modules-load.service: Failed with result 'exit-code'.
[    8.228708] systemd[1]: Failed to start Load Kernel Modules.
[[0;1;31mFAILED[0m] Failed to start [0;1;39mLoad Kernel Modules[0m.
See 'systemctl status systemd-modules-load.service' for details.
[    8.236320] systemd[1]: Finished Generate network units from Kernel command line.
[[0;32m  OK  [0m] Finished [0;1;39mGenerate network units from Kernel command line[0m.
[    8.244325] systemd[1]: Finished Remount Root and Kernel File Systems.
[[0;32m  OK  [0m] Finished [0;1;39mRemount Root and Kernel File Systems[0m.
[    8.250564] systemd[1]: Reached target Preparation for Network.
[[0;32m  OK  [0m] Reached target [0;1;39mPreparation for Network[0m.
[    8.272877] systemd[1]: Mounting FUSE Control File System...
         Mounting [0;1;39mFUSE Control File System[0m...
[    8.281665] systemd[1]: Mounting Kernel Configuration File System...
         Mounting [0;1;39mKernel Configuration File System[0m...
[    8.289126] systemd[1]: Special handling of early boot iSCSI sessions was skipped because of an unmet condition check (ConditionDirectoryNotEmpty=/sys/class/iscsi_session).
[    8.290152] systemd[1]: First Boot Wizard was skipped because of an unmet condition check (ConditionFirstBoot=yes).
[    8.300916] systemd[1]: Rebuild Hardware Database was skipped because of an unmet condition check (ConditionNeedsUpdate=/etc).
[    8.314467] systemd[1]: Starting Load/Save Random Seed...
         Starting [0;1;39mLoad/Save Random Seed[0m...
[    8.320771] systemd[1]: Starting Apply Kernel Variables...
         Starting [0;1;39mApply Kernel Variables[0m...
[    8.325063] systemd[1]: Create System Users was skipped because no trigger condition checks were met.
[    8.336092] systemd[1]: Starting Create Static Device Nodes in /dev...
         Starting [0;1;39mCreate Static Device Nodes in /dev[0m...
[    8.351790] systemd[1]: Starting Setup Virtual Console...
         Starting [0;1;39mSetup Virtual Console[0m...
[    8.360263] systemd[1]: Started Journal Service.
[[0;32m  OK  [0m] Started [0;1;39mJournal Service[0m.
[[0;32m  OK  [0m] Mounted [0;1;39mFUSE Control File System[0m.
[[0;32m  OK  [0m] Mounted [0;1;39mKernel Configuration File System[0m.
[[0;32m  OK  [0m] Finished [0;1;39mLoad/Save Random Seed[0m.
         Starting [0;1;39mFlush Journal to Persistent Storage[0m...
[[0;32m  OK  [0m] Finished [0;1;39mApply Kernel Variables[0m.
[    8.476017] systemd-journald[143]: Received client request to flush runtime journal.
[[0;32m  OK  [0m] Finished [0;1;39mFlush Journal to Persistent Storage[0m.
[[0;32m  OK  [0m] Finished [0;1;39mCreate Static Device Nodes in /dev[0m.
         Starting [0;1;39mRule-based Manage…for Device Events and Files[0m...
[[0;32m  OK  [0m] Started [0;1;39mRule-based Manager for Device Events and Files[0m.
[[0;32m  OK  [0m] Finished [0;1;39mColdplug All udev Devices[0m.
         Starting [0;1;39mAuto-connect to s…E devices found during boot[0m...
         Starting [0;1;39mWait for udev To …plete Device Initialization[0m...
[[0;32m  OK  [0m] Finished [0;1;39mSetup Virtual Console[0m.
         Starting [0;1;39mShow Plymouth Boot Screen[0m...
[[0;32m  OK  [0m] Finished [0;1;39mAuto-connect to s…VME devices found during boot[0m.
[2J[3J[-1;-1f[[0;32m  OK  [0m] Started [0;1;39mShow Plymouth Boot Screen[0m.
[[0;32m  OK  [0m] Started [0;1;39mForward Password R…s to Plymouth Directory Watch[0m.
[[0;32m  OK  [0m] Reached target [0;1;39mLocal Encrypted Volumes[0m.
[[0;32m  OK  [0m] Reached target [0;1;39mPath Units[0m.
[[0;32m  OK  [0m] Found device [0;1;39m/dev/ttyS0[0m.
[[0;32m  OK  [0m] Listening on [0;1;39mLoad/Save RF …itch Status /dev/rfkill Watch[0m.
[[0;32m  OK  [0m] Finished [0;1;39mWait for udev To Complete Device Initialization[0m.
[[0;32m  OK  [0m] Reached target [0;1;39mPreparation for Local File Systems[0m.
[[0;32m  OK  [0m] Reached target [0;1;39mLocal File Systems[0m.
         Starting [0;1;39mTell Plymouth To Write Out Runtime Data[0m...
         Starting [0;1;39mAutomatic Boot Loader Update[0m...
         Starting [0;1;39mCreate Volatile Files and Directories[0m...
[[0;32m  OK  [0m] Finished [0;1;39mTell Plymouth To Write Out Runtime Data[0m.
[[0;32m  OK  [0m] Finished [0;1;39mAutomatic Boot Loader Update[0m.
[[0;32m  OK  [0m] Finished [0;1;39mCreate Volatile Files and Directories[0m.
         Mounting [0;1;39mRPC Pipe File System[0m...
         Starting [0;1;39mSecurity Auditing Service[0m...
         Starting [0;1;39mRPC Bind[0m...
[[0;32m  OK  [0m] Mounted [0;1;39mRPC Pipe File System[0m.
[[0;32m  OK  [0m] Reached target [0;1;39mrpc_pipefs.target[0m.
[[0;32m  OK  [0m] Started [0;1;39mRPC Bind[0m.
[[0;32m  OK  [0m] Started [0;1;39mSecurity Auditing Service[0m.
         Starting [0;1;39mRecord System Boot/Shutdown in UTMP[0m...
[[0;32m  OK  [0m] Finished [0;1;39mRecord System Boot/Shutdown in UTMP[0m.
[[0;32m  OK  [0m] Reached target [0;1;39mSystem Initialization[0m.
[[0;32m  OK  [0m] Started [0;1;39mDaily rotation of log files[0m.
[[0;32m  OK  [0m] Started [0;1;39mUpdates mlocate database every day[0m.
[[0;32m  OK  [0m] Started [0;1;39mDaily Cleanup of Temporary Directories[0m.
[[0;32m  OK  [0m] Started [0;1;39mdaily update of the root trust anchor for DNSSEC[0m.
[[0;32m  OK  [0m] Reached target [0;1;39mTimer Units[0m.
[[0;32m  OK  [0m] Listening on [0;1;39mD-Bus System Message Bus Socket[0m.
[[0;32m  OK  [0m] Listening on [0;1;39mOpen-iSCSI iscsid Socket[0m.
[[0;32m  OK  [0m] Listening on [0;1;39mOpen-iSCSI iscsiuio Socket[0m.
[[0;32m  OK  [0m] Listening on [0;1;39mSSSD Kerberos…ache Manager responder socket[0m.
[[0;32m  OK  [0m] Listening on [0;1;39mLibvirt interface local socket[0m.
[[0;32m  OK  [0m] Listening on [0;1;39mVirtual machine lock manager socket[0m.
[[0;32m  OK  [0m] Listening on [0;1;39mVirtual machine log manager socket[0m.
[[0;32m  OK  [0m] Listening on [0;1;39mLibvirt network local socket[0m.
[[0;32m  OK  [0m] Listening on [0;1;39mLibvirt nodedev local socket[0m.
[[0;32m  OK  [0m] Listening on [0;1;39mLibvirt nwfilter local socket[0m.
[[0;32m  OK  [0m] Listening on [0;1;39mLibvirt proxy local socket[0m.
[[0;32m  OK  [0m] Listening on [0;1;39mLibvirt qemu local socket[0m.
[[0;32m  OK  [0m] Listening on [0;1;39mLibvirt qemu admin socket[0m.
[[0;32m  OK  [0m] Listening on [0;1;39mLibvirt qemu local read-only socket[0m.
[[0;32m  OK  [0m] Listening on [0;1;39mLibvirt secret local socket[0m.
[[0;32m  OK  [0m] Listening on [0;1;39mLibvirt storage local socket[0m.
[[0;32m  OK  [0m] Reached target [0;1;39mSocket Units[0m.
         Starting [0;1;39mD-Bus System Message Bus[0m...
[[0;32m  OK  [0m] Started [0;1;39mD-Bus System Message Bus[0m.
[[0;32m  OK  [0m] Reached target [0;1;39mBasic System[0m.
         Starting [0;1;39mNetwork Manager[0m...
         Starting [0;1;39mNTP client/server[0m...
         Starting [0;1;39mRestore /run/initramfs on shutdown[0m...
[[0;32m  OK  [0m] Started [0;1;39mirqbalance daemon[0m.
[[0;32m  OK  [0m] Started [0;1;39mlibstoragemgmt plug-in server daemon[0m.
[[0;32m  OK  [0m] Started [0;1;39mMachine Check Exception Logging Daemon[0m.
[[0;32m  OK  [0m] Reached target [0;1;39msshd-keygen.target[0m.
[[0;32m  OK  [0m] Reached target [0;1;39mUser and Group Name Lookups[0m.
         Starting [0;1;39mUser Login Management[0m...
         Starting [0;1;39mVirtual Machine a…tainer Registration Service[0m...
[[0;32m  OK  [0m] Finished [0;1;39mRestore /run/initramfs on shutdown[0m.
[[0;32m  OK  [0m] Started [0;1;39mVirtual Machine an…ontainer Registration Service[0m.
         Starting [0;1;39mHostname Service[0m...
[[0;32m  OK  [0m] Started [0;1;39mNTP client/server[0m.
[[0;32m  OK  [0m] Started [0;1;39mUser Login Management[0m.
[[0;32m  OK  [0m] Started [0;1;39mHostname Service[0m.
         Starting [0;1;39mNetwork Manager Script Dispatcher Service[0m...
[[0;32m  OK  [0m] Started [0;1;39mNetwork Manager Script Dispatcher Service[0m.
[   11.816720] e1000: eth0 NIC Link is Up 1000 Mbps Full Duplex, Flow Control: RX
[[0;32m  OK  [0m] Started [0;1;39mNetwork Manager[0m.
[[0;32m  OK  [0m] Reached target [0;1;39mNetwork[0m.
[[0;32m  OK  [0m] Reached target [0;1;39mNetwork is Online[0m.
         Starting [0;1;39mGSSAPI Proxy Daemon[0m...
         Starting [0;1;39mNotify NFS peers of a restart[0m...
         Starting [0;1;39mSystem Logging Service[0m...
         Starting [0;1;39mOpenSSH server daemon[0m...
         Starting [0;1;39mDynamic System Tuning Daemon[0m...
[[0;32m  OK  [0m] Started [0;1;39mNotify NFS peers of a restart[0m.
[[0;32m  OK  [0m] Started [0;1;39mOpenSSH server daemon[0m.
[[0;32m  OK  [0m] Started [0;1;39mGSSAPI Proxy Daemon[0m.
[[0;32m  OK  [0m] Reached target [0;1;39mNFS client services[0m.
[[0;32m  OK  [0m] Reached target [0;1;39mPreparation for Remote File Systems[0m.
[[0;32m  OK  [0m] Reached target [0;1;39mRemote File Systems[0m.
         Starting [0;1;39mPermit User Sessions[0m...
         Starting [0;1;39mVirtualization qemu daemon[0m...
[[0;32m  OK  [0m] Finished [0;1;39mPermit User Sessions[0m.
[[0;32m  OK  [0m] Started [0;1;39mDeferred execution scheduler[0m.
[[0;32m  OK  [0m] Started [0;1;39mCommand Scheduler[0m.
         Starting [0;1;39mHold until boot process finishes up[0m...
         Starting [0;1;39mTerminate Plymouth Boot Screen[0m...
[[0;32m  OK  [0m] Started [0;1;39mSystem Logging Service[0m.
[[0;32m  OK  [0m] Started [0;1;39mVirtualization qemu daemon[0m.

CentOS Stream 9
Kernel 6.18.0-5797d10ea4fa+ on an x86_64

Activate the web console with: systemctl enable --now cockpit.socket

test login: 