c[?7l[2J[0mSeaBIOS (version rel-1.16.3-0-ga6ed6b701f0a-prebuilt.qemu.org)


iPXE (http://ipxe.org) 00:03.0 CA00 PCI2.10 PnP PMM+7EFD0D60+7EF30D60 CA00
Press Ctrl-B to configure iPXE (PCI 00:03.0)...                                                                               


Booting from ROM..c[?7l[2J[    0.000000] Linux version 6.19.0-rc5-711673f8dd19+ (root@gnr-800442) (gcc (GCC) 11.5.0 20240719 (Red Hat 11.5.0-14), GNU ld version 2.35.2-66.el9) #1 SMP PREEMPT_DYNAMIC Tue Jan 27 18:22:41 CST 2026
[    0.000000] Command line: console=ttyS0 root=/dev/sda earlyprintk=serial net.ifnames=0 thunderbolt.dyndbg
[    0.000000] KERNEL supported cpus:
[    0.000000]   Intel GenuineIntel
[    0.000000]   AMD AuthenticAMD
[    0.000000]   Hygon HygonGenuine
[    0.000000]   Centaur CentaurHauls
[    0.000000]   zhaoxin   Shanghai  
[    0.000000] x86/CPU: Model not found in latest microcode list
[    0.000000] x86/split lock detection: #DB: warning on user-space bus_locks
[    0.000000] BIOS-provided physical RAM map:
[    0.000000] BIOS-e820: [mem 0x0000000000000000-0x000000000009fbff] usable
[    0.000000] BIOS-e820: [mem 0x000000000009fc00-0x000000000009ffff] reserved
[    0.000000] BIOS-e820: [mem 0x00000000000f0000-0x00000000000fffff] reserved
[    0.000000] BIOS-e820: [mem 0x0000000000100000-0x000000007ffdffff] usable
[    0.000000] BIOS-e820: [mem 0x000000007ffe0000-0x000000007fffffff] reserved
[    0.000000] BIOS-e820: [mem 0x00000000feffc000-0x00000000feffffff] reserved
[    0.000000] BIOS-e820: [mem 0x00000000fffc0000-0x00000000ffffffff] reserved
[    0.000000] printk: legacy bootconsole [earlyser0] enabled
[    0.000000] NX (Execute Disable) protection: active
[    0.000000] APIC: Static calls initialized
[    0.000000] SMBIOS 3.0.0 present.
[    0.000000] DMI: QEMU Standard PC (i440FX + PIIX, 1996), BIOS rel-1.16.3-0-ga6ed6b701f0a-prebuilt.qemu.org 04/01/2014
[    0.000000] DMI: Memory slots populated: 1/1
[    0.000000] Hypervisor detected: KVM
[    0.000000] last_pfn = 0x7ffe0 max_arch_pfn = 0x10000000000
[    0.000000] kvm-clock: Using msrs 4b564d01 and 4b564d00
[    0.000002] kvm-clock: using sched offset of 729950885 cycles
[    0.000482] clocksource: kvm-clock: mask: 0xffffffffffffffff max_cycles: 0x1cd42e4dffb, max_idle_ns: 881590591483 ns
[    0.001954] tsc: Detected 2500.000 MHz processor
[    0.010956] last_pfn = 0x7ffe0 max_arch_pfn = 0x10000000000
[    0.011495] MTRR map: 4 entries (3 fixed + 1 variable; max 19), built from 8 variable MTRRs
[    0.012265] x86/PAT: Configuration [0-7]: WB  WC  UC- UC  WB  WP  UC- WT  
[    0.018280] found SMP MP-table at [mem 0x000f5480-0x000f548f]
[    0.018827] Using GB pages for direct mapping
[    0.021629] ACPI: Early table checksum verification disabled
[    0.022170] ACPI: RSDP 0x00000000000F52A0 000014 (v00 BOCHS )
[    0.022722] ACPI: RSDT 0x000000007FFE1C9B 000034 (v01 BOCHS  BXPC     00000001 BXPC 00000001)
[    0.023534] ACPI: FACP 0x000000007FFE1B47 000074 (v01 BOCHS  BXPC     00000001 BXPC 00000001)
[    0.024342] ACPI: DSDT 0x000000007FFE0040 001B07 (v01 BOCHS  BXPC     00000001 BXPC 00000001)
[    0.025149] ACPI: FACS 0x000000007FFE0000 000040
[    0.025590] ACPI: APIC 0x000000007FFE1BBB 000080 (v03 BOCHS  BXPC     00000001 BXPC 00000001)
[    0.026375] ACPI: HPET 0x000000007FFE1C3B 000038 (v01 BOCHS  BXPC     00000001 BXPC 00000001)
[    0.027156] ACPI: WAET 0x000000007FFE1C73 000028 (v01 BOCHS  BXPC     00000001 BXPC 00000001)
[    0.027938] ACPI: Reserving FACP table memory at [mem 0x7ffe1b47-0x7ffe1bba]
[    0.028588] ACPI: Reserving DSDT table memory at [mem 0x7ffe0040-0x7ffe1b46]
[    0.029238] ACPI: Reserving FACS table memory at [mem 0x7ffe0000-0x7ffe003f]
[    0.029873] ACPI: Reserving APIC table memory at [mem 0x7ffe1bbb-0x7ffe1c3a]
[    0.030523] ACPI: Reserving HPET table memory at [mem 0x7ffe1c3b-0x7ffe1c72]
[    0.031162] ACPI: Reserving WAET table memory at [mem 0x7ffe1c73-0x7ffe1c9a]
[    0.032404] No NUMA configuration found
[    0.032757] Faking a node at [mem 0x0000000000000000-0x000000007ffdffff]
[    0.033397] NODE_DATA(0) allocated [mem 0x7ffb4ec0-0x7ffdfcbf]
[    0.034911] Zone ranges:
[    0.035172]   DMA      [mem 0x0000000000001000-0x0000000000ffffff]
[    0.035742]   DMA32    [mem 0x0000000001000000-0x000000007ffdffff]
[    0.036317]   Normal   empty
[    0.036585]   Device   empty
[    0.036850] Movable zone start for each node
[    0.037247] Early memory node ranges
[    0.037574]   node   0: [mem 0x0000000000001000-0x000000000009efff]
[    0.038155]   node   0: [mem 0x0000000000100000-0x000000007ffdffff]
[    0.038724] Initmem setup node 0 [mem 0x0000000000001000-0x000000007ffdffff]
[    0.039640] On node 0, zone DMA: 1 pages in unavailable ranges
[    0.040376] On node 0, zone DMA: 97 pages in unavailable ranges
[    0.069996] On node 0, zone DMA32: 32 pages in unavailable ranges
[    0.124582] KernelAddressSanitizer initialized (generic)
[    0.125370] ACPI: PM-Timer IO Port: 0x608
[    0.125773] ACPI: LAPIC_NMI (acpi_id[0xff] dfl dfl lint[0x1])
[    0.126365] IOAPIC[0]: apic_id 0, version 17, address 0xfec00000, GSI 0-23
[    0.127027] ACPI: INT_SRC_OVR (bus 0 bus_irq 0 global_irq 2 dfl dfl)
[    0.127613] ACPI: INT_SRC_OVR (bus 0 bus_irq 5 global_irq 5 high level)
[    0.128237] ACPI: INT_SRC_OVR (bus 0 bus_irq 9 global_irq 9 high level)
[    0.128848] ACPI: INT_SRC_OVR (bus 0 bus_irq 10 global_irq 10 high level)
[    0.129477] ACPI: INT_SRC_OVR (bus 0 bus_irq 11 global_irq 11 high level)
[    0.130103] ACPI: Using ACPI (MADT) for SMP configuration information
[    0.130681] ACPI: HPET id: 0x8086a201 base: 0xfed00000
[    0.131163] TSC deadline timer available
[    0.131529] CPU topo: Max. logical packages:   1
[    0.131947] CPU topo: Max. logical dies:       1
[    0.132374] CPU topo: Max. dies per package:   1
[    0.132801] CPU topo: Max. threads per core:   1
[    0.133227] CPU topo: Num. cores per package:     2
[    0.133678] CPU topo: Num. threads per package:   2
[    0.134124] CPU topo: Allowing 2 present CPUs plus 0 hotplug CPUs
[    0.134716] kvm-guest: APIC: eoi() replaced with kvm_guest_apic_eoi_write()
[    0.135371] kvm-guest: KVM setup pv remote TLB flush
[    0.135823] kvm-guest: setup PV sched yield
[    0.136257] PM: hibernation: Registered nosave memory: [mem 0x00000000-0x00000fff]
[    0.136944] PM: hibernation: Registered nosave memory: [mem 0x0009f000-0x000fffff]
[    0.137631] [mem 0x80000000-0xfeffbfff] available for PCI devices
[    0.138191] Booting paravirtualized kernel on KVM
[    0.138627] clocksource: refined-jiffies: mask: 0xffffffff max_cycles: 0xffffffff, max_idle_ns: 7645519600211568 ns
[    0.139578] setup_percpu: NR_CPUS:8192 nr_cpumask_bits:2 nr_cpu_ids:2 nr_node_ids:1
[    0.140746] percpu: Embedded 81 pages/cpu s294912 r8192 d28672 u1048576
[    0.141558] kvm-guest: PV spinlocks enabled
[    0.141954] PV qspinlock hash table entries: 256 (order: 0, 4096 bytes, linear)
[    0.142648] Kernel command line: net.ifnames=0 console=ttyS0 root=/dev/sda earlyprintk=serial net.ifnames=0 thunderbolt.dyndbg
[    0.143977] random: crng init done
[    0.144299] printk: log buffer data + meta data: 262144 + 917504 = 1179648 bytes
[    0.145365] Dentry cache hash table entries: 262144 (order: 9, 2097152 bytes, linear)
[    0.146444] Inode-cache hash table entries: 131072 (order: 8, 1048576 bytes, linear)
[    0.147479] Fallback order for Node 0: 0 
[    0.147491] Built 1 zonelists, mobility grouping on.  Total pages: 524158
[    0.148469] Policy zone: DMA32
[    0.148748] mem auto-init: stack:off, heap alloc:off, heap free:off
[    0.149307] stackdepot: allocating hash table via alloc_large_system_hash
[    0.149930] stackdepot hash table entries: 1048576 (order: 12, 16777216 bytes, linear)
[    0.153714] stackdepot: allocating space for 8192 stack pools via memblock
[    0.188760] SLUB: HWalign=64, Order=0-3, MinObjects=0, CPUs=2, Nodes=1
[    0.189356] kmemleak: Kernel memory leak detector disabled
[    0.227049] ftrace: allocating 75288 entries in 296 pages
[    0.227540] ftrace: allocated 296 pages with 3 groups
[    0.232442] Dynamic Preempt: voluntary
[    0.233306] Running RCU self tests
[    0.233616] Running RCU synchronous self tests
[    0.234022] rcu: Preemptible hierarchical RCU implementation.
[    0.234534] rcu: 	RCU lockdep checking is enabled.
[    0.234967] rcu: 	RCU restricting CPUs from NR_CPUS=8192 to nr_cpu_ids=2.
[    0.235569] 	Trampoline variant of Tasks RCU enabled.
[    0.236011] 	Rude variant of Tasks RCU enabled.
[    0.236421] 	Tracing variant of Tasks RCU enabled.
[    0.236847] rcu: RCU calculated value of scheduler-enlistment delay is 25 jiffies.
[    0.237526] rcu: Adjusting geometry for rcu_fanout_leaf=16, nr_cpu_ids=2
[    0.238217] Running RCU synchronous self tests
[    0.238615] RCU Tasks: Setting shift to 1 and lim to 1 rcu_task_cb_adjust=1 rcu_task_cpu_ids=2.
[    0.239387] RCU Tasks Rude: Setting shift to 1 and lim to 1 rcu_task_cb_adjust=1 rcu_task_cpu_ids=2.
[    0.240210] RCU Tasks Trace: Setting shift to 1 and lim to 1 rcu_task_cb_adjust=1 rcu_task_cpu_ids=2.
[    0.322825] NR_IRQS: 524544, nr_irqs: 440, preallocated irqs: 16
[    0.323977] rcu: srcu_init: Setting srcu_struct sizes based on contention.
[    0.333069] Console: colour VGA+ 80x25
[    0.333479] printk: legacy console [ttyS0] enabled
[    0.333479] printk: legacy console [ttyS0] enabled
[    0.334353] printk: legacy bootconsole [earlyser0] disabled
[    0.334353] printk: legacy bootconsole [earlyser0] disabled
[    0.335396] Lock dependency validator: Copyright (c) 2006 Red Hat, Inc., Ingo Molnar
[    0.336097] ... MAX_LOCKDEP_SUBCLASSES:  8
[    0.336470] ... MAX_LOCK_DEPTH:          48
[    0.336852] ... MAX_LOCKDEP_KEYS:        8192
[    0.337255] ... CLASSHASH_SIZE:          4096
[    0.337649] ... MAX_LOCKDEP_ENTRIES:     32768
[    0.338058] ... MAX_LOCKDEP_CHAINS:      65536
[    0.338462] ... CHAINHASH_SIZE:          32768
[    0.338865]  memory used by lock dependency info: 6429 kB
[    0.339353]  memory used for stack traces: 4224 kB
[    0.339788]  per task-struct memory footprint: 1920 bytes
[    0.340365] ACPI: Core revision 20250807
[    0.341165] clocksource: hpet: mask: 0xffffffff max_cycles: 0xffffffff, max_idle_ns: 19112604467 ns
[    0.342161] APIC: Switch to symmetric I/O mode setup
[    0.342894] x2apic enabled
[    0.343570] APIC: Switched APIC routing to: physical x2apic
[    0.344098] kvm-guest: APIC: send_IPI_mask() replaced with kvm_send_ipi_mask()
[    0.344773] kvm-guest: APIC: send_IPI_mask_allbutself() replaced with kvm_send_ipi_mask_allbutself()
[    0.345619] kvm-guest: setup PV IPIs
[    0.347128] ..TIMER: vector=0x30 apic1=0 pin1=2 apic2=-1 pin2=-1
[    0.347694] clocksource: tsc-early: mask: 0xffffffffffffffff max_cycles: 0x240939f1bb2, max_idle_ns: 440795263295 ns
[    0.348679] Calibrating delay loop (skipped) preset value.. 5000.00 BogoMIPS (lpj=10000000)
[    0.349604] x86/cpu: User Mode Instruction Prevention (UMIP) activated
[    0.352799] Last level iTLB entries: 4KB 0, 2MB 0, 4MB 0
[    0.353294] Last level dTLB entries: 4KB 0, 2MB 0, 4MB 0, 1GB 0
[    0.353868] mitigations: Enabled attack vectors: user_kernel, user_user, guest_host, guest_guest, SMT mitigations: auto
[    0.354875] Speculative Store Bypass: Mitigation: Speculative Store Bypass disabled via prctl
[    0.355677] Spectre V2 : Mitigation: Enhanced / Automatic IBRS
[    0.356215] ITS: Mitigation: Aligned branch/return thunks
[    0.356674] Spectre V1 : Mitigation: usercopy/swapgs barriers and __user pointer sanitization
[    0.357460] Spectre V2 : WARNING: Unprivileged eBPF is enabled with eIBRS on, data leaks possible via Spectre v2 BHB attacks!
[    0.358485] Spectre V2 : Spectre v2 / PBRSB-eIBRS: Retire a single CALL on VMEXIT
[    0.359139] Spectre V2 : mitigation: Enabling conditional Indirect Branch Prediction Barrier
[    0.359886] active return thunk: its_return_thunk
[    0.360312] Spectre V2 : Spectre BHI mitigation: SW BHB clearing on syscall and VM exit
[    0.360741] x86/fpu: Supporting XSAVE feature 0x001: 'x87 floating point registers'
[    0.361436] x86/fpu: Supporting XSAVE feature 0x002: 'SSE registers'
[    0.362020] x86/fpu: Supporting XSAVE feature 0x004: 'AVX registers'
[    0.362587] x86/fpu: Supporting XSAVE feature 0x020: 'AVX-512 opmask'
[    0.363165] x86/fpu: Supporting XSAVE feature 0x040: 'AVX-512 Hi256'
[    0.364672] x86/fpu: Supporting XSAVE feature 0x080: 'AVX-512 ZMM_Hi256'
[    0.365274] x86/fpu: Supporting XSAVE feature 0x200: 'Protection Keys User registers'
[    0.365980] x86/fpu: Supporting XSAVE feature 0x20000: 'AMX Tile config'
[    0.366587] x86/fpu: Supporting XSAVE feature 0x40000: 'AMX Tile data'
[    0.367178] x86/fpu: xstate_offset[2]:  576, xstate_sizes[2]:  256
[    0.367734] x86/fpu: xstate_offset[5]:  832, xstate_sizes[5]:   64
[    0.368292] x86/fpu: xstate_offset[6]:  896, xstate_sizes[6]:  512
[    0.368677] x86/fpu: xstate_offset[7]: 1408, xstate_sizes[7]: 1024
[    0.369259] x86/fpu: xstate_offset[9]: 2432, xstate_sizes[9]:    8
[    0.369817] x86/fpu: xstate_offset[17]: 2496, xstate_sizes[17]:   64
[    0.370392] x86/fpu: xstate_offset[18]: 2560, xstate_sizes[18]: 8192
[    0.370957] x86/fpu: Enabled xstate features 0x602e7, context size is 10752 bytes, using 'compacted' format.
[    0.545578] Freeing SMP alternatives memory: 64K
[    0.546012] pid_max: default: 32768 minimum: 301
[    0.546780] Yama: becoming mindful.
[    0.547527] Mount-cache hash table entries: 4096 (order: 3, 32768 bytes, linear)
[    0.548190] Mountpoint-cache hash table entries: 4096 (order: 3, 32768 bytes, linear)
[    0.550280] Running RCU synchronous self tests
[    0.550685] Running RCU synchronous self tests
[    0.551379] smpboot: CPU0: Intel GENUINE INTEL(R) XEON(R) (family: 0x6, model: 0xad, stepping: 0x0)
[    0.552666] Performance Events: PEBS fmt0-, Granite Rapids events, 
[    0.552666] core: The event 0x400 is not supported as a normal event.
[    0.552666] core: The event 0x8000 is not supported as a normal event.
[    0.552666] core: The event 0x8100 is not supported as a normal event.
[    0.552666] core: The event 0x8200 is not supported as a normal event.
[    0.552675] core: The event 0x8300 is not supported as a normal event.
[    0.553260] core: The event 0x8400 is not supported as a normal event.
[    0.553840] core: The event 0x8500 is not supported as a normal event.
[    0.554421] core: The event 0x8600 is not supported as a normal event.
[    0.555006] core: The event 0x8700 is not supported as a normal event.
[    0.555604] full-width counters, Intel PMU driver.
[    0.556076] ... version:                   2
[    0.556465] ... bit width:                 48
[    0.556671] ... generic counters:          8
[    0.557065] ... generic bitmap:            00000000000000ff
[    0.557560] ... fixed-purpose counters:    3
[    0.557951] ... fixed-purpose bitmap:      0000000000000007
[    0.558455] ... value mask:                0000ffffffffffff
[    0.558958] ... max period:                00007fffffffffff
[    0.559457] ... global_ctrl mask:          00000007000000ff
[    0.560544] signal: max sigframe size: 11952
[    0.560815] rcu: Hierarchical SRCU implementation.
[    0.561241] rcu: 	Max phase no-delay instances is 1000.
[    0.561919] Timer migration: 1 hierarchy levels; 8 children per group; 1 crossnode level
[    0.587393] smp: Bringing up secondary CPUs ...
[    0.588402] smpboot: x86: Booting SMP configuration:
[    0.588691] .... node  #0, CPUs:      #1
[    0.588908] smp: Brought up 1 node, 2 CPUs
[    0.589538] smpboot: Total of 2 processors activated (10000.00 BogoMIPS)
[    0.591185] Memory: 1591816K/2096632K available (80938K kernel code, 15560K rwdata, 18824K rodata, 16420K init, 20848K bss, 493188K reserved, 0K cma-reserved)
[    0.593353] devtmpfs: initialized
[    0.593775] x86/mm: Memory block size: 128MB
[    0.605859] Running RCU synchronous self tests
[    0.606302] Running RCU synchronous self tests
[    0.608752] Running RCU Tasks wait API self tests
[    0.609199] Running RCU Tasks Rude wait API self tests
[    0.609199] Running RCU Tasks Trace wait API self tests
[    0.628704] clocksource: jiffies: mask: 0xffffffff max_cycles: 0xffffffff, max_idle_ns: 7645041785100000 ns
[    0.629635] posixtimers hash table entries: 1024 (order: 5, 73728 bytes, linear)
[    0.630325] futex hash table entries: 512 (65536 bytes on 1 NUMA nodes, total 64 KiB, linear).
[    0.633850] 
[    0.634011] *************************************************************
[    0.634611] **     NOTICE NOTICE NOTICE NOTICE NOTICE NOTICE NOTICE    **
[    0.635225] **                                                         **
[    0.635822] **  IOMMU DebugFS SUPPORT HAS BEEN ENABLED IN THIS KERNEL  **
[    0.636425] **                                                         **
[    0.636672] ** This means that this kernel is built to expose internal **
[    0.637266] ** IOMMU data structures, which may compromise security on **
[    0.637864] ** your system.                                            **
[    0.638458] **                                                         **
[    0.639054] ** If you see this message and you are not debugging the   **
[    0.639662] ** kernel, report this immediately to your vendor!         **
[    0.640248] **                                                         **
[    0.640670] **     NOTICE NOTICE NOTICE NOTICE NOTICE NOTICE NOTICE    **
[    0.641262] *************************************************************
[    0.641930] PM: RTC time: 10:24:23, date: 2026-01-27
[    0.645091] NET: Registered PF_NETLINK/PF_ROUTE protocol family
[    0.647323] DMA: preallocated 256 KiB GFP_KERNEL pool for atomic allocations
[    0.647992] DMA: preallocated 256 KiB GFP_KERNEL|GFP_DMA pool for atomic allocations
[    0.648690] DMA: preallocated 256 KiB GFP_KERNEL|GFP_DMA32 pool for atomic allocations
[    0.649482] audit: initializing netlink subsys (disabled)
[    0.650015] audit: type=2000 audit(1769509463.601:1): state=initialized audit_enabled=0 res=1
[    0.650587] thermal_sys: Registered thermal governor 'fair_share'
[    0.650598] thermal_sys: Registered thermal governor 'bang_bang'
[    0.652688] thermal_sys: Registered thermal governor 'step_wise'
[    0.653230] thermal_sys: Registered thermal governor 'user_space'
[    0.653839] cpuidle: using governor ladder
[    0.653839] cpuidle: using governor menu
[    0.653839] acpiphp: ACPI Hot Plug PCI Controller Driver version: 0.5
[    0.657636] PCI: Using configuration type 1 for base access
[    0.658499] kprobes: kprobe jump-optimization is enabled. All kprobes are optimized if possible.
[    0.665742] Callback from call_rcu_tasks_trace() invoked.
[    0.795128] HugeTLB: registered 1.00 GiB page size, pre-allocated 0 pages
[    0.795128] HugeTLB: 16380 KiB vmemmap can be freed for a 1.00 GiB page
[    0.795718] HugeTLB: registered 2.00 MiB page size, pre-allocated 0 pages
[    0.796316] HugeTLB: 28 KiB vmemmap can be freed for a 2.00 MiB page
[    0.806836] ACPI: Added _OSI(Module Device)
[    0.807240] ACPI: Added _OSI(Processor Device)
[    0.807645] ACPI: Added _OSI(Processor Aggregator Device)
[    0.827288] ACPI: 1 ACPI AML tables successfully acquired and loaded
[    0.844881] ACPI: Interpreter enabled
[    0.845384] ACPI: PM: (supports S0 S3 S4 S5)
[    0.845788] ACPI: Using IOAPIC for interrupt routing
[    0.846335] PCI: Using host bridge windows from ACPI; if necessary, use "pci=nocrs" and report a bug
[    0.847126] PCI: Using E820 reservations for host bridge windows
[    0.849141] ACPI: Enabled 2 GPEs in block 00 to 0F
[    0.896734] ACPI: PCI Root Bridge [PCI0] (domain 0000 [bus 00-ff])
[    0.897317] acpi PNP0A03:00: _OSC: OS supports [ASPM ClockPM Segments MSI EDR HPX-Type3]
[    0.898027] acpi PNP0A03:00: _OSC: not requesting OS control; OS requires [ExtendedConfig ASPM ClockPM MSI]
[    0.899046] acpi PNP0A03:00: fail to add MMCONFIG information, can't access extended configuration space under this bridge
[    0.905694] acpiphp: Slot [3] registered
[    0.906215] acpiphp: Slot [4] registered
[    0.906724] acpiphp: Slot [5] registered
[    0.907234] acpiphp: Slot [6] registered
[    0.907745] acpiphp: Slot [7] registered
[    0.908254] acpiphp: Slot [8] registered
[    0.908767] acpiphp: Slot [9] registered
[    0.909278] acpiphp: Slot [10] registered
[    0.909797] acpiphp: Slot [11] registered
[    0.910318] acpiphp: Slot [12] registered
[    0.910836] acpiphp: Slot [13] registered
[    0.911340] acpiphp: Slot [14] registered
[    0.911854] acpiphp: Slot [15] registered
[    0.912363] acpiphp: Slot [16] registered
[    0.912825] acpiphp: Slot [17] registered
[    0.913339] acpiphp: Slot [18] registered
[    0.913861] acpiphp: Slot [19] registered
[    0.914377] acpiphp: Slot [20] registered
[    0.914897] acpiphp: Slot [21] registered
[    0.915403] acpiphp: Slot [22] registered
[    0.915921] acpiphp: Slot [23] registered
[    0.916441] acpiphp: Slot [24] registered
[    0.916825] acpiphp: Slot [25] registered
[    0.917334] acpiphp: Slot [26] registered
[    0.917847] acpiphp: Slot [27] registered
[    0.918362] acpiphp: Slot [28] registered
[    0.918875] acpiphp: Slot [29] registered
[    0.919381] acpiphp: Slot [30] registered
[    0.919898] acpiphp: Slot [31] registered
[    0.920321] PCI host bridge to bus 0000:00
[    0.920735] pci_bus 0000:00: root bus resource [io  0x0000-0x0cf7 window]
[    0.921345] pci_bus 0000:00: root bus resource [io  0x0d00-0xffff window]
[    0.921950] pci_bus 0000:00: root bus resource [mem 0x000a0000-0x000bffff window]
[    0.922621] pci_bus 0000:00: root bus resource [mem 0x80000000-0xfebfffff window]
[    0.923272] pci_bus 0000:00: root bus resource [mem 0x100000000-0x17fffffff window]
[    0.923947] pci_bus 0000:00: root bus resource [bus 00-ff]
[    0.924544] pci 0000:00:00.0: [8086:1237] type 00 class 0x060000 conventional PCI endpoint
[    0.926368] pci 0000:00:01.0: [8086:7000] type 00 class 0x060100 conventional PCI endpoint
[    0.928577] pci 0000:00:01.1: [8086:7010] type 00 class 0x010180 conventional PCI endpoint
[    0.929214] pci 0000:00:01.1: BAR 4 [io  0xc040-0xc04f]
[    0.929711] pci 0000:00:01.1: BAR 0 [io  0x01f0-0x01f7]: legacy IDE quirk
[    0.930318] pci 0000:00:01.1: BAR 1 [io  0x03f6]: legacy IDE quirk
[    0.930868] pci 0000:00:01.1: BAR 2 [io  0x0170-0x0177]: legacy IDE quirk
[    0.931469] pci 0000:00:01.1: BAR 3 [io  0x0376]: legacy IDE quirk
[    0.933244] pci 0000:00:01.3: [8086:7113] type 00 class 0x068000 conventional PCI endpoint
[    0.934257] pci 0000:00:01.3: quirk: [io  0x0600-0x063f] claimed by PIIX4 ACPI
[    0.934903] pci 0000:00:01.3: quirk: [io  0x0700-0x070f] claimed by PIIX4 SMB
[    0.936756] pci 0000:00:02.0: [1234:1111] type 00 class 0x030000 conventional PCI endpoint
[    0.938637] pci 0000:00:02.0: BAR 0 [mem 0xfd000000-0xfdffffff pref]
[    0.939228] pci 0000:00:02.0: BAR 2 [mem 0xfebf0000-0xfebf0fff]
[    0.939776] pci 0000:00:02.0: ROM [mem 0xfebe0000-0xfebeffff pref]
[    0.940416] pci 0000:00:02.0: Video device with shadowed ROM at [mem 0x000c0000-0x000dffff]
[    0.941920] pci 0000:00:03.0: [8086:100e] type 00 class 0x020000 conventional PCI endpoint
[    0.943571] pci 0000:00:03.0: BAR 0 [mem 0xfebc0000-0xfebdffff]
[    0.944108] pci 0000:00:03.0: BAR 1 [io  0xc000-0xc03f]
[    0.944592] pci 0000:00:03.0: ROM [mem 0xfeb80000-0xfebbffff pref]
[    0.971212] ACPI: PCI: Interrupt link LNKA configured for IRQ 10
[    0.972864] ACPI: PCI: Interrupt link LNKB configured for IRQ 10
[    0.974474] ACPI: PCI: Interrupt link LNKC configured for IRQ 11
[    0.976091] ACPI: PCI: Interrupt link LNKD configured for IRQ 11
[    0.977078] ACPI: PCI: Interrupt link LNKS configured for IRQ 9
[    0.984666] iommu: Default domain type: Translated
[    0.984666] iommu: DMA domain TLB invalidation policy: lazy mode
[    0.986331] SCSI subsystem initialized
[    0.989855] ACPI: bus type USB registered
[    0.989855] usbcore: registered new interface driver usbfs
[    0.990383] usbcore: registered new interface driver hub
[    0.990383] usbcore: registered new device driver usb
[    0.990383] pps_core: LinuxPPS API ver. 1 registered
[    0.990383] pps_core: Software ver. 5.3.6 - Copyright 2005-2007 Rodolfo Giometti <giometti@linux.it>
[    0.990774] PTP clock support registered
[    0.993387] EDAC MC: Ver: 3.0.0
[    0.994930] NetLabel: Initializing
[    0.995270] NetLabel:  domain hash size = 128
[    0.995652] NetLabel:  protocols = UNLABELED CIPSOv4 CALIPSO
[    0.996282] NetLabel:  unlabeled traffic allowed by default
[    0.997192] PCI: Using ACPI for IRQ routing
[    0.997902] pci 0000:00:02.0: vgaarb: setting as boot VGA device
[    0.998392] pci 0000:00:02.0: vgaarb: bridge control possible
[    0.998867] pci 0000:00:02.0: vgaarb: VGA device added: decodes=io+mem,owns=io+mem,locks=none
[    0.999563] vgaarb: loaded
[    1.000666] hpet0: at MMIO 0xfed00000, IRQs 2, 8, 0
[    1.000674] hpet0: 3 comparators, 64-bit 100.000000 MHz counter
[    1.004666] clocksource: Switched to clocksource kvm-clock
[    4.209330] VFS: Disk quotas dquot_6.6.0
[    4.209769] VFS: Dquot-cache hash table entries: 512 (order 0, 4096 bytes)
[    4.212126] pnp: PnP ACPI init
[    4.216916] pnp: PnP ACPI: found 6 devices
[    4.248997] clocksource: acpi_pm: mask: 0xffffff max_cycles: 0xffffff, max_idle_ns: 2085701024 ns
[    4.250300] NET: Registered PF_INET protocol family
[    4.250878] IP idents hash table entries: 32768 (order: 6, 262144 bytes, linear)
[    4.253071] tcp_listen_portaddr_hash hash table entries: 1024 (order: 5, 73728 bytes, linear)
[    4.253882] Table-perturb hash table entries: 65536 (order: 6, 262144 bytes, linear)
[    4.254687] TCP established hash table entries: 16384 (order: 5, 131072 bytes, linear)
[    4.255710] TCP bind hash table entries: 16384 (order: 10, 2359296 bytes, linear)
[    4.257388] TCP: Hash tables configured (established 16384 bind 16384)
[    4.258117] UDP hash table entries: 1024 (order: 6, 262144 bytes, linear)
[    4.258821] UDP-Lite hash table entries: 1024 (order: 6, 262144 bytes, linear)
[    4.259821] NET: Registered PF_UNIX/PF_LOCAL protocol family
[    4.261269] RPC: Registered named UNIX socket transport module.
[    4.261859] RPC: Registered udp transport module.
[    4.262283] RPC: Registered tcp transport module.
[    4.262712] RPC: Registered tcp-with-tls transport module.
[    4.263197] RPC: Registered tcp NFSv4.1 backchannel transport module.
[    4.263793] pci_bus 0000:00: resource 4 [io  0x0000-0x0cf7 window]
[    4.264356] pci_bus 0000:00: resource 5 [io  0x0d00-0xffff window]
[    4.264922] pci_bus 0000:00: resource 6 [mem 0x000a0000-0x000bffff window]
[    4.265547] pci_bus 0000:00: resource 7 [mem 0x80000000-0xfebfffff window]
[    4.266171] pci_bus 0000:00: resource 8 [mem 0x100000000-0x17fffffff window]
[    4.267225] pci 0000:00:01.0: PIIX3: Enabling Passive Release
[    4.267754] pci 0000:00:00.0: Limiting direct PCI/PCI transfers
[    4.268391] PCI: CLS 0 bytes, default 64
[    4.268844] ACPI: bus type thunderbolt registered
[    4.269670] clocksource: tsc: mask: 0xffffffffffffffff max_cycles: 0x240939f1bb2, max_idle_ns: 440795263295 ns
[    4.278073] Initialise system trusted keyrings
[    4.278598] Key type blacklist registered
[    4.279466] workingset: timestamp_bits=36 max_order=19 bucket_order=0
[    4.282179] squashfs: version 4.0 (2009/01/31) Phillip Lougher
[    4.284763] NFS: Registering the id_resolver key type
[    4.285270] Key type id_resolver registered
[    4.285660] Key type id_legacy registered
[    4.286076] nfs4filelayout_init: NFSv4 File Layout Driver Registering...
[    4.286710] nfs4flexfilelayout_init: NFSv4 Flexfile Layout Driver Registering...
[    4.287695] fuse: init (API version 7.45)
[    4.288757] SGI XFS with ACLs, security attributes, realtime, quota, no debug enabled
[    4.291073] 9p: Installing v9fs 9p2000 file system support
[    4.307647] Key type asymmetric registered
[    4.308036] Asymmetric key parser 'x509' registered
[    4.308632] Block layer SCSI generic (bsg) driver version 0.4 loaded (major 241)
[    4.309768] io scheduler mq-deadline registered
[    4.310338] io scheduler bfq registered
[    4.311820] ledtrig-cpu: registered to indicate activity on CPUs
[    4.313977] IPMI message handler: version 39.2
[    4.314471] ipmi device interface
[    4.317390] input: Power Button as /devices/LNXSYSTM:00/LNXPWRBN:00/input/input0
[    4.318975] ACPI: button: Power Button [PWRF]
[    4.321633] ERST DBG: ERST support is disabled.
[    4.323524] Serial: 8250/16550 driver, 32 ports, IRQ sharing enabled
[    4.325442] 00:04: ttyS0 at I/O 0x3f8 (irq = 4, base_baud = 115200) is a 16550A
[    4.370146] Linux agpgart interface v0.103
[    4.374097] ACPI: bus type drm_connector registered
[    4.396282] Callback from call_rcu_tasks() invoked.
[    4.407502] brd: module loaded
[    4.428385] loop: module loaded
[    4.442568] scsi host0: ata_piix
[    4.444609] scsi host1: ata_piix
[    4.445554] ata1: PATA max MWDMA2 cmd 0x1f0 ctl 0x3f6 bmdma 0xc040 irq 14 lpm-pol 0
[    4.446256] ata2: PATA max MWDMA2 cmd 0x170 ctl 0x376 bmdma 0xc048 irq 15 lpm-pol 0
[    4.450575] tun: Universal TUN/TAP device driver, 1.6
[    4.451745] e100: Intel(R) PRO/100 Network Driver
[    4.452238] e100: Copyright(c) 1999-2006 Intel Corporation
[    4.452897] e1000: Intel(R) PRO/1000 Network Driver
[    4.453337] e1000: Copyright (c) 1999-2006 Intel Corporation.
[    4.600205] ata2: found unknown device (class 0)
[    4.600951] ata1: found unknown device (class 0)
[    4.601920] ata1.00: ATA-7: QEMU HARDDISK, 2.5+, max UDMA/100
[    4.602463] ata1.00: 17196647 sectors, multi 16: LBA48 
[    4.604039] scsi 0:0:0:0: Direct-Access     ATA      QEMU HARDDISK    2.5+ PQ: 0 ANSI: 5
[    4.604748] ata2.00: ATAPI: QEMU DVD-ROM, 2.5+, max UDMA/100
[    4.607201] sd 0:0:0:0: Attached scsi generic sg0 type 0
[    4.607989] sd 0:0:0:0: [sda] 17196647 512-byte logical blocks: (8.80 GB/8.20 GiB)
[    4.609300] sd 0:0:0:0: [sda] Write Protect is off
[    4.609849] scsi 1:0:0:0: CD-ROM            QEMU     QEMU DVD-ROM     2.5+ PQ: 0 ANSI: 5
[    4.610778] sd 0:0:0:0: [sda] Write cache: enabled, read cache: enabled, doesn't support DPO or FUA
[    4.611851] sd 0:0:0:0: [sda] Preferred minimum I/O size 512 bytes
[    4.629651] scsi 1:0:0:0: Attached scsi generic sg1 type 5
[    4.636809] sd 0:0:0:0: [sda] Attached SCSI disk
[    5.343548] ACPI: \_SB_.LNKC: Enabled at IRQ 11
[    5.660320] e1000 0000:00:03.0 eth0: (PCI:33MHz:32-bit) 52:54:00:12:34:56
[    5.660967] e1000 0000:00:03.0 eth0: Intel(R) PRO/1000 Network Connection
[    5.661753] e1000e: Intel(R) PRO/1000 Network Driver
[    5.662197] e1000e: Copyright(c) 1999 - 2015 Intel Corporation.
[    5.662884] igb: Intel(R) Gigabit Ethernet Network Driver
[    5.663372] igb: Copyright (c) 2007-2014 Intel Corporation.
[    5.664518] PPP generic driver version 2.4.2
[    5.666656] VFIO - User Level meta-driver version: 0.3
[    5.668765] usbcore: registered new interface driver uas
[    5.669396] usbcore: registered new interface driver usb-storage
[    5.670219] i8042: PNP: PS/2 Controller [PNP0303:KBD,PNP0f13:MOU] at 0x60,0x64 irq 1,12
[    5.672252] serio: i8042 KBD port at 0x60,0x64 irq 1
[    5.672793] serio: i8042 AUX port at 0x60,0x64 irq 12
[    5.674855] mousedev: PS/2 mouse device common for all mice
[    5.677154] input: AT Translated Set 2 keyboard as /devices/platform/i8042/serio0/input/input1
[    5.679223] rtc_cmos 00:05: RTC can wake from S4
[    5.680774] input: VirtualPS/2 VMware VMMouse as /devices/platform/i8042/serio1/input/input4
[    5.681789] rtc_cmos 00:05: registered as rtc0
[    5.682344] rtc_cmos 00:05: setting system clock to 2026-01-27T10:24:28 UTC (1769509468)
[    5.683539] rtc_cmos 00:05: alarms up to one day, y3k, 242 bytes nvram, hpet irqs
[    5.683865] input: VirtualPS/2 VMware VMMouse as /devices/platform/i8042/serio1/input/input3
[    5.684320] i2c_dev: i2c /dev entries driver
[    5.685521] device-mapper: core: CONFIG_IMA_DISABLE_HTABLE is disabled. Duplicate IMA measurements will not be recorded in the IMA log.
[    5.686682] device-mapper: uevent: version 1.0.3
[    5.687841] device-mapper: ioctl: 4.50.0-ioctl (2025-04-28) initialised: dm-devel@lists.linux.dev
[    5.688712] intel_pstate: CPU model not supported
[    5.689410] sdhci: Secure Digital Host Controller Interface driver
[    5.689977] sdhci: Copyright(c) Pierre Ossman
[    5.690587] sdhci-pltfm: SDHCI platform and OF driver helper
[    5.691731] drop_monitor: Initializing network drop monitor service
[    5.692700] NET: Registered PF_INET6 protocol family
[    5.695180] Segment Routing with IPv6
[    5.695617] In-situ OAM (IOAM) with IPv6
[    5.696050] NET: Registered PF_PACKET protocol family
[    5.697338] 9pnet: Installing 9P2000 support
[    5.697883] Key type dns_resolver registered
[    5.700548] IPI shorthand broadcast: enabled
[    5.765490] sched_clock: Marking stable (5744004190, 20064465)->(5771356311, -7287656)
[    5.767619] registered taskstats version 1
[    5.768942] Loading compiled-in X.509 certificates
[    5.854809] Demotion targets for Node 0: null
[    5.856988] Key type .fscrypt registered
[    5.857381] Key type fscrypt-provisioning registered
[    5.866606] Key type encrypted registered
[    5.867008] ima: No TPM chip found, activating TPM-bypass!
[    5.867534] ima: Allocated hash algorithm: sha1
[    5.868016] ima: No architecture policies found
[    5.868649] evm: Initialising EVM extended attributes:
[    5.869115] evm: security.selinux
[    5.869415] evm: security.SMACK64
[    5.869728] evm: security.SMACK64EXEC
[    5.870054] evm: security.SMACK64TRANSMUTE
[    5.870417] evm: security.SMACK64MMAP
[    5.870746] evm: security.apparmor
[    5.871045] evm: security.ima
[    5.871310] evm: security.capability
[    5.871636] evm: HMAC attrs: 0x1
[    5.875118] PM:   Magic number: 10:432:427
[    5.876772] RAS: Correctable Errors collector initialized.
[    5.877495] clk: Disabling unused clocks
[    5.878148] PM: genpd: Disabling unused power domains
[    5.879190] check access for rdinit=/init failed: -2, ignoring
[    5.879588] md: Waiting for all devices to be available before autodetect
[    5.879992] md: If you don't use raid, use raid=noautodetect
[    5.880415] md: Autodetecting RAID arrays.
[    5.880698] md: autorun ...
[    5.880880] md: ... autorun DONE.
[    5.893188] EXT4-fs (sda): INFO: recovery required on readonly filesystem
[    5.893645] EXT4-fs (sda): write access will be enabled during recovery
[    5.954760] EXT4-fs (sda): recovery complete
[    5.958275] EXT4-fs (sda): mounted filesystem 088740a9-c8b4-422c-999d-a804eb68a4da ro with ordered data mode. Quota mode: none.
[    5.959060] VFS: Mounted root (ext4 filesystem) readonly on device 8:0.
[    5.963073] devtmpfs: mounted
[    5.985256] Freeing unused decrypted memory: 2036K
[    5.991092] Freeing unused kernel image (initmem) memory: 16420K
[    5.991593] Write protecting the kernel read-only data: 102400k
[    5.995149] Freeing unused kernel image (text/rodata gap) memory: 980K
[    5.997333] Freeing unused kernel image (rodata/data gap) memory: 1656K
[    7.192804] x86/mm: Checked W+X mappings: passed, no W+X pages found.
[    7.193412] Run /sbin/init as init process
[    7.411397] systemd[1]: systemd 252-15.el9 running in system mode (+PAM +AUDIT +SELINUX -APPARMOR +IMA +SMACK +SECCOMP +GCRYPT +GNUTLS +OPENSSL +ACL +BLKID +CURL +ELFUTILS -FIDO2 +IDN2 -IDN -IPTC +KMOD +LIBCRYPTSETUP +LIBFDISK +PCRE2 -PWQUALITY +P11KIT -QRENCODE +TPM2 +BZIP2 +LZ4 +XZ +ZLIB +ZSTD -BPF_FRAMEWORK +XKBCOMMON +UTMP +SYSVINIT default-hierarchy=unified)
[    7.413621] systemd[1]: Detected virtualization kvm.
[    7.413941] systemd[1]: Detected architecture x86-64.

Welcome to [0;31mCentOS Stream 9[0m!

[    7.422359] systemd[1]: Hostname set to <test>.
[    7.647810] systemd-rc-local-generator[116]: /etc/rc.d/rc.local is not marked executable, skipping.
[    8.114797] systemd[1]: Queued start job for default target Multi-User System.
[    8.139128] systemd[1]: Created slice Virtual Machine and Container Slice.
[[0;32m  OK  [0m] Created slice [0;1;39mVirtual Machine and Container Slice[0m.
[    8.144707] systemd[1]: Created slice Slice /system/getty.
[[0;32m  OK  [0m] Created slice [0;1;39mSlice /system/getty[0m.
[    8.147857] systemd[1]: Created slice Slice /system/modprobe.
[[0;32m  OK  [0m] Created slice [0;1;39mSlice /system/modprobe[0m.
[    8.151292] systemd[1]: Created slice Slice /system/serial-getty.
[[0;32m  OK  [0m] Created slice [0;1;39mSlice /system/serial-getty[0m.
[    8.154572] systemd[1]: Created slice Slice /system/sshd-keygen.
[[0;32m  OK  [0m] Created slice [0;1;39mSlice /system/sshd-keygen[0m.
[    8.157699] systemd[1]: Created slice User and Session Slice.
[[0;32m  OK  [0m] Created slice [0;1;39mUser and Session Slice[0m.
[    8.159610] systemd[1]: Started Forward Password Requests to Wall Directory Watch.
[[0;32m  OK  [0m] Started [0;1;39mForward Password R…uests to Wall Directory Watch[0m.
[    8.161979] systemd[1]: Set up automount Arbitrary Executable File Formats File System Automount Point.
[[0;32m  OK  [0m] Set up automount [0;1;39mArbitrary…s File System Automount Point[0m.
[    8.163666] systemd[1]: Reached target Local Integrity Protected Volumes.
[[0;32m  OK  [0m] Reached target [0;1;39mLocal Integrity Protected Volumes[0m.
[    8.165094] systemd[1]: Reached target Slice Units.
[[0;32m  OK  [0m] Reached target [0;1;39mSlice Units[0m.
[    8.166430] systemd[1]: Reached target Swaps.
[[0;32m  OK  [0m] Reached target [0;1;39mSwaps[0m.
[    8.167557] systemd[1]: Reached target Local Verity Protected Volumes.
[[0;32m  OK  [0m] Reached target [0;1;39mLocal Verity Protected Volumes[0m.
[    8.169221] systemd[1]: Listening on Device-mapper event daemon FIFOs.
[[0;32m  OK  [0m] Listening on [0;1;39mDevice-mapper event daemon FIFOs[0m.
[    8.171144] systemd[1]: Listening on LVM2 poll daemon socket.
[[0;32m  OK  [0m] Listening on [0;1;39mLVM2 poll daemon socket[0m.
[    8.172705] systemd[1]: multipathd control socket was skipped because of an unmet condition check (ConditionPathExists=/etc/multipath.conf).
[    8.236887] systemd[1]: Listening on RPCbind Server Activation Socket.
[[0;32m  OK  [0m] Listening on [0;1;39mRPCbind Server Activation Socket[0m.
[    8.238109] systemd[1]: Reached target RPC Port Mapper.
[[0;32m  OK  [0m] Reached target [0;1;39mRPC Port Mapper[0m.
[    8.241940] systemd[1]: Listening on Process Core Dump Socket.
[[0;32m  OK  [0m] Listening on [0;1;39mProcess Core Dump Socket[0m.
[    8.243326] systemd[1]: Listening on initctl Compatibility Named Pipe.
[[0;32m  OK  [0m] Listening on [0;1;39minitctl Compatibility Named Pipe[0m.
[    8.245100] systemd[1]: Listening on Journal Socket (/dev/log).
[[0;32m  OK  [0m] Listening on [0;1;39mJournal Socket (/dev/log)[0m.
[    8.246691] systemd[1]: Listening on Journal Socket.
[[0;32m  OK  [0m] Listening on [0;1;39mJournal Socket[0m.
[    8.248224] systemd[1]: Listening on udev Control Socket.
[[0;32m  OK  [0m] Listening on [0;1;39mudev Control Socket[0m.
[    8.249532] systemd[1]: Listening on udev Kernel Socket.
[[0;32m  OK  [0m] Listening on [0;1;39mudev Kernel Socket[0m.
[    8.255729] systemd[1]: Mounting Huge Pages File System...
         Mounting [0;1;39mHuge Pages File System[0m...
[    8.264238] systemd[1]: Mounting POSIX Message Queue File System...
         Mounting [0;1;39mPOSIX Message Queue File System[0m...
[    8.279496] systemd[1]: Mounting Kernel Debug File System...
         Mounting [0;1;39mKernel Debug File System[0m...
[    8.287186] systemd[1]: Mounting Kernel Trace File System...
         Mounting [0;1;39mKernel Trace File System[0m...
[    8.288377] systemd[1]: Kernel Module supporting RPCSEC_GSS was skipped because of an unmet condition check (ConditionPathExists=/etc/krb5.keytab).
[    8.289289] systemd[1]: Create List of Static Device Nodes was skipped because of an unmet condition check (ConditionFileNotEmpty=/lib/modules/6.19.0-rc5-711673f8dd19+/modules.devname).
[    8.312987] systemd[1]: Starting Monitoring of LVM2 mirrors, snapshots etc. using dmeventd or progress polling...
         Starting [0;1;39mMonitoring of LVM…meventd or progress polling[0m...
[    8.321436] systemd[1]: Starting Load Kernel Module configfs...
         Starting [0;1;39mLoad Kernel Module configfs[0m...
[    8.330356] systemd[1]: Starting Load Kernel Module drm...
         Starting [0;1;39mLoad Kernel Module drm[0m...
[    8.343012] systemd[1]: Starting Load Kernel Module fuse...
         Starting [0;1;39mLoad Kernel Module fuse[0m...
[    8.358519] systemd[1]: Starting Read and set NIS domainname from /etc/sysconfig/network...
         Starting [0;1;39mRead and set NIS …from /etc/sysconfig/network[0m...
[    8.371379] systemd[1]: Starting Journal Service...
         Starting [0;1;39mJournal Service[0m...
[    8.388545] systemd[1]: Starting Load Kernel Modules...
         Starting [0;1;39mLoad Kernel Modules[0m...
[    8.404406] systemd[1]: Starting Generate network units from Kernel command line...
         Starting [0;1;39mGenerate network …ts from Kernel command line[0m...
[    8.424555] systemd[1]: Starting Remount Root and Kernel File Systems...
         Starting [0;1;39mRemount Root and Kernel File Systems[0m...
[    8.429934] systemd[1]: Repartition Root Disk was skipped because no trigger condition checks were met.
[    8.452460] systemd[1]: Starting Coldplug All udev Devices...
         Starting [0;1;39mColdplug All udev Devices[0m...
[    8.475211] systemd[1]: Mounted Huge Pages File System.
[[0;32m  OK  [0m] Mounted [0;1;39mHuge Pages File System[0m.
[    8.480489] systemd[1]: Mounted POSIX Message Queue File System.
[[0;32m  OK  [0m] Mounted [0;1;39mPOSIX Message Queue File System[0m.
[    8.482112] systemd[1]: Mounted Kernel Debug File System.
[[0;32m  OK  [0m] Mounted [0;1;39mKernel Debug File System[0m.
[    8.484927] systemd[1]: Mounted Kernel Trace File System.
[[0;32m  OK  [0m] Mounted [0;1;39mKernel Trace File System[0m.
[    8.486072] EXT4-fs (sda): re-mounted 088740a9-c8b4-422c-999d-a804eb68a4da r/w.
[    8.493152] systemd[1]: Finished Monitoring of LVM2 mirrors, snapshots etc. using dmeventd or progress polling.
[[0;32m  OK  [0m] Finished [0;1;39mMonitoring of LVM… dmeventd or progress polling[0m.
[    8.499664] systemd[1]: modprobe@configfs.service: Deactivated successfully.
[    8.509024] systemd[1]: Finished Load Kernel Module configfs.
[[0;32m  OK  [0m] Finished [0;1;39mLoad Kernel Module configfs[0m.
[    8.511778] systemd[1]: modprobe@drm.service: Deactivated successfully.
[    8.517206] systemd[1]: Finished Load Kernel Module drm.
[[0;32m  OK  [0m] Finished [0;1;39mLoad Kernel Module drm[0m.
[    8.521982] systemd[1]: modprobe@fuse.service: Deactivated successfully.
[    8.528268] systemd[1]: Finished Load Kernel Module fuse.
[[0;32m  OK  [0m] Finished [0;1;39mLoad Kernel Module fuse[0m.
[    8.534074] systemd[1]: Finished Read and set NIS domainname from /etc/sysconfig/network.
[[0;32m  OK  [0m] Finished [0;1;39mRead and set NIS …e from /etc/sysconfig/network[0m.
[    8.535929] systemd[1]: systemd-modules-load.service: Main process exited, code=exited, status=1/FAILURE
[    8.540967] systemd[1]: systemd-modules-load.service: Failed with result 'exit-code'.
[    8.542537] systemd[1]: Failed to start Load Kernel Modules.
[[0;1;31mFAILED[0m] Failed to start [0;1;39mLoad Kernel Modules[0m.
See 'systemctl status systemd-modules-load.service' for details.
[    8.550215] systemd[1]: Finished Generate network units from Kernel command line.
[[0;32m  OK  [0m] Finished [0;1;39mGenerate network units from Kernel command line[0m.
[    8.556877] systemd[1]: Finished Remount Root and Kernel File Systems.
[[0;32m  OK  [0m] Finished [0;1;39mRemount Root and Kernel File Systems[0m.
[    8.558365] systemd[1]: Started Journal Service.
[[0;32m  OK  [0m] Started [0;1;39mJournal Service[0m.
[[0;32m  OK  [0m] Reached target [0;1;39mPreparation for Network[0m.
         Mounting [0;1;39mFUSE Control File System[0m...
         Mounting [0;1;39mKernel Configuration File System[0m...
         Starting [0;1;39mFlush Journal to Persistent Storage[0m...
         Starting [0;1;39mLoad/Save Random Seed[0m...
         Starting [0;1;39mApply Kernel Variables[0m...
[    8.668301] systemd-journald[142]: Received client request to flush runtime journal.
         Starting [0;1;39mCreate Static Device Nodes in /dev[0m...
         Starting [0;1;39mSetup Virtual Console[0m...
[[0;32m  OK  [0m] Mounted [0;1;39mFUSE Control File System[0m.
[[0;32m  OK  [0m] Mounted [0;1;39mKernel Configuration File System[0m.
[[0;32m  OK  [0m] Finished [0;1;39mFlush Journal to Persistent Storage[0m.
[[0;32m  OK  [0m] Finished [0;1;39mLoad/Save Random Seed[0m.
[[0;32m  OK  [0m] Finished [0;1;39mApply Kernel Variables[0m.
[[0;32m  OK  [0m] Finished [0;1;39mCreate Static Device Nodes in /dev[0m.
         Starting [0;1;39mRule-based Manage…for Device Events and Files[0m...
[[0;32m  OK  [0m] Started [0;1;39mRule-based Manager for Device Events and Files[0m.
         Starting [0;1;39mAuto-connect to s…E devices found during boot[0m...
[[0;32m  OK  [0m] Finished [0;1;39mSetup Virtual Console[0m.
[[0;32m  OK  [0m] Finished [0;1;39mAuto-connect to s…VME devices found during boot[0m.
[[0;32m  OK  [0m] Finished [0;1;39mColdplug All udev Devices[0m.
         Starting [0;1;39mShow Plymouth Boot Screen[0m...
         Starting [0;1;39mWait for udev To …plete Device Initialization[0m...
[2J[3J[-1;-1f[[0;32m  OK  [0m] Started [0;1;39mShow Plymouth Boot Screen[0m.
[[0;32m  OK  [0m] Started [0;1;39mForward Password R…s to Plymouth Directory Watch[0m.
[[0;32m  OK  [0m] Reached target [0;1;39mLocal Encrypted Volumes[0m.
[[0;32m  OK  [0m] Reached target [0;1;39mPath Units[0m.
[[0;32m  OK  [0m] Found device [0;1;39m/dev/ttyS0[0m.
[[0;32m  OK  [0m] Listening on [0;1;39mLoad/Save RF …itch Status /dev/rfkill Watch[0m.
[[0;32m  OK  [0m] Finished [0;1;39mWait for udev To Complete Device Initialization[0m.
[[0;32m  OK  [0m] Reached target [0;1;39mPreparation for Local File Systems[0m.
[[0;32m  OK  [0m] Reached target [0;1;39mLocal File Systems[0m.
         Starting [0;1;39mTell Plymouth To Write Out Runtime Data[0m...
         Starting [0;1;39mAutomatic Boot Loader Update[0m...
         Starting [0;1;39mCreate Volatile Files and Directories[0m...
[[0;32m  OK  [0m] Finished [0;1;39mTell Plymouth To Write Out Runtime Data[0m.
[[0;32m  OK  [0m] Finished [0;1;39mAutomatic Boot Loader Update[0m.
[[0;32m  OK  [0m] Finished [0;1;39mCreate Volatile Files and Directories[0m.
         Mounting [0;1;39mRPC Pipe File System[0m...
         Starting [0;1;39mSecurity Auditing Service[0m...
         Starting [0;1;39mRPC Bind[0m...
[[0;32m  OK  [0m] Mounted [0;1;39mRPC Pipe File System[0m.
[[0;32m  OK  [0m] Reached target [0;1;39mrpc_pipefs.target[0m.
[[0;32m  OK  [0m] Started [0;1;39mRPC Bind[0m.
[[0;32m  OK  [0m] Started [0;1;39mSecurity Auditing Service[0m.
         Starting [0;1;39mRecord System Boot/Shutdown in UTMP[0m...
[[0;32m  OK  [0m] Finished [0;1;39mRecord System Boot/Shutdown in UTMP[0m.
[[0;32m  OK  [0m] Reached target [0;1;39mSystem Initialization[0m.
[[0;32m  OK  [0m] Started [0;1;39mDaily rotation of log files[0m.
[[0;32m  OK  [0m] Started [0;1;39mUpdates mlocate database every day[0m.
[[0;32m  OK  [0m] Started [0;1;39mDaily Cleanup of Temporary Directories[0m.
[[0;32m  OK  [0m] Started [0;1;39mdaily update of the root trust anchor for DNSSEC[0m.
[[0;32m  OK  [0m] Reached target [0;1;39mTimer Units[0m.
[[0;32m  OK  [0m] Listening on [0;1;39mD-Bus System Message Bus Socket[0m.
[[0;32m  OK  [0m] Listening on [0;1;39mOpen-iSCSI iscsid Socket[0m.
[[0;32m  OK  [0m] Listening on [0;1;39mOpen-iSCSI iscsiuio Socket[0m.
[[0;32m  OK  [0m] Listening on [0;1;39mSSSD Kerberos…ache Manager responder socket[0m.
[[0;32m  OK  [0m] Listening on [0;1;39mLibvirt interface local socket[0m.
[[0;32m  OK  [0m] Listening on [0;1;39mVirtual machine lock manager socket[0m.
[[0;32m  OK  [0m] Listening on [0;1;39mVirtual machine log manager socket[0m.
[[0;32m  OK  [0m] Listening on [0;1;39mLibvirt network local socket[0m.
[[0;32m  OK  [0m] Listening on [0;1;39mLibvirt nodedev local socket[0m.
[[0;32m  OK  [0m] Listening on [0;1;39mLibvirt nwfilter local socket[0m.
[[0;32m  OK  [0m] Listening on [0;1;39mLibvirt proxy local socket[0m.
[[0;32m  OK  [0m] Listening on [0;1;39mLibvirt qemu local socket[0m.
[[0;32m  OK  [0m] Listening on [0;1;39mLibvirt qemu admin socket[0m.
[[0;32m  OK  [0m] Listening on [0;1;39mLibvirt qemu local read-only socket[0m.
[[0;32m  OK  [0m] Listening on [0;1;39mLibvirt secret local socket[0m.
[[0;32m  OK  [0m] Listening on [0;1;39mLibvirt storage local socket[0m.
[[0;32m  OK  [0m] Reached target [0;1;39mSocket Units[0m.
         Starting [0;1;39mD-Bus System Message Bus[0m...
[[0;32m  OK  [0m] Started [0;1;39mD-Bus System Message Bus[0m.
[[0;32m  OK  [0m] Reached target [0;1;39mBasic System[0m.
         Starting [0;1;39mNetwork Manager[0m...
         Starting [0;1;39mNTP client/server[0m...
         Starting [0;1;39mRestore /run/initramfs on shutdown[0m...
[[0;32m  OK  [0m] Started [0;1;39mirqbalance daemon[0m.
[[0;32m  OK  [0m] Started [0;1;39mlibstoragemgmt plug-in server daemon[0m.
[[0;32m  OK  [0m] Started [0;1;39mMachine Check Exception Logging Daemon[0m.
[[0;32m  OK  [0m] Reached target [0;1;39msshd-keygen.target[0m.
[[0;32m  OK  [0m] Reached target [0;1;39mUser and Group Name Lookups[0m.
         Starting [0;1;39mUser Login Management[0m...
         Starting [0;1;39mVirtual Machine a…tainer Registration Service[0m...
[[0;32m  OK  [0m] Finished [0;1;39mRestore /run/initramfs on shutdown[0m.
[[0;32m  OK  [0m] Started [0;1;39mVirtual Machine an…ontainer Registration Service[0m.
         Starting [0;1;39mHostname Service[0m...
[[0;32m  OK  [0m] Started [0;1;39mNTP client/server[0m.
[[0;32m  OK  [0m] Started [0;1;39mUser Login Management[0m.
[[0;32m  OK  [0m] Started [0;1;39mHostname Service[0m.
         Starting [0;1;39mNetwork Manager Script Dispatcher Service[0m...
[[0;32m  OK  [0m] Started [0;1;39mNetwork Manager Script Dispatcher Service[0m.
[   12.292328] e1000: eth0 NIC Link is Up 1000 Mbps Full Duplex, Flow Control: RX
[[0;32m  OK  [0m] Started [0;1;39mNetwork Manager[0m.
[[0;32m  OK  [0m] Reached target [0;1;39mNetwork[0m.
[[0;32m  OK  [0m] Reached target [0;1;39mNetwork is Online[0m.
         Starting [0;1;39mGSSAPI Proxy Daemon[0m...
         Starting [0;1;39mNotify NFS peers of a restart[0m...
         Starting [0;1;39mSystem Logging Service[0m...
         Starting [0;1;39mOpenSSH server daemon[0m...
         Starting [0;1;39mDynamic System Tuning Daemon[0m...
[[0;32m  OK  [0m] Started [0;1;39mNotify NFS peers of a restart[0m.
[[0;32m  OK  [0m] Started [0;1;39mOpenSSH server daemon[0m.
[[0;32m  OK  [0m] Started [0;1;39mGSSAPI Proxy Daemon[0m.
[[0;32m  OK  [0m] Reached target [0;1;39mNFS client services[0m.
[[0;32m  OK  [0m] Reached target [0;1;39mPreparation for Remote File Systems[0m.
[[0;32m  OK  [0m] Reached target [0;1;39mRemote File Systems[0m.
         Starting [0;1;39mPermit User Sessions[0m...
         Starting [0;1;39mVirtualization qemu daemon[0m...
[[0;32m  OK  [0m] Finished [0;1;39mPermit User Sessions[0m.
[[0;32m  OK  [0m] Started [0;1;39mDeferred execution scheduler[0m.
[[0;32m  OK  [0m] Started [0;1;39mCommand Scheduler[0m.
         Starting [0;1;39mHold until boot process finishes up[0m...
         Starting [0;1;39mTerminate Plymouth Boot Screen[0m...
[[0;32m  OK  [0m] Started [0;1;39mSystem Logging Service[0m.

CentOS Stream 9
Kernel 6.19.0-rc5-711673f8dd19+ on an x86_64

Activate the web console with: systemctl enable --now cockpit.socket

test login: 