c[?7l[2J[0mSeaBIOS (version rel-1.16.3-0-ga6ed6b701f0a-prebuilt.qemu.org)


iPXE (http://ipxe.org) 00:03.0 CA00 PCI2.10 PnP PMM+7EFD0D60+7EF30D60 CA00
Press Ctrl-B to configure iPXE (PCI 00:03.0)...                                                                               


Booting from ROM..c[?7l[2J[    0.000000] Linux version 6.19.0-rc4-d29b900cf412+ (root@gnr-800442) (gcc (GCC) 11.5.0 20240719 (Red Hat 11.5.0-14), GNU ld version 2.35.2-66.el9) #1 SMP PREEMPT_DYNAMIC Tue Jan 27 18:43:48 CST 2026
[    0.000000] Command line: console=ttyS0 root=/dev/sda earlyprintk=serial net.ifnames=0 thunderbolt.dyndbg
[    0.000000] KERNEL supported cpus:
[    0.000000]   Intel GenuineIntel
[    0.000000]   AMD AuthenticAMD
[    0.000000]   Hygon HygonGenuine
[    0.000000]   Centaur CentaurHauls
[    0.000000]   zhaoxin   Shanghai  
[    0.000000] x86/CPU: Model not found in latest microcode list
[    0.000000] x86/split lock detection: #DB: warning on user-space bus_locks
[    0.000000] BIOS-provided physical RAM map:
[    0.000000] BIOS-e820: [mem 0x0000000000000000-0x000000000009fbff] usable
[    0.000000] BIOS-e820: [mem 0x000000000009fc00-0x000000000009ffff] reserved
[    0.000000] BIOS-e820: [mem 0x00000000000f0000-0x00000000000fffff] reserved
[    0.000000] BIOS-e820: [mem 0x0000000000100000-0x000000007ffdffff] usable
[    0.000000] BIOS-e820: [mem 0x000000007ffe0000-0x000000007fffffff] reserved
[    0.000000] BIOS-e820: [mem 0x00000000feffc000-0x00000000feffffff] reserved
[    0.000000] BIOS-e820: [mem 0x00000000fffc0000-0x00000000ffffffff] reserved
[    0.000000] printk: legacy bootconsole [earlyser0] enabled
[    0.000000] NX (Execute Disable) protection: active
[    0.000000] APIC: Static calls initialized
[    0.000000] SMBIOS 3.0.0 present.
[    0.000000] DMI: QEMU Standard PC (i440FX + PIIX, 1996), BIOS rel-1.16.3-0-ga6ed6b701f0a-prebuilt.qemu.org 04/01/2014
[    0.000000] DMI: Memory slots populated: 1/1
[    0.000000] Hypervisor detected: KVM
[    0.000000] last_pfn = 0x7ffe0 max_arch_pfn = 0x10000000000
[    0.000000] kvm-clock: Using msrs 4b564d01 and 4b564d00
[    0.000003] kvm-clock: using sched offset of 897882799 cycles
[    0.000585] clocksource: kvm-clock: mask: 0xffffffffffffffff max_cycles: 0x1cd42e4dffb, max_idle_ns: 881590591483 ns
[    0.002521] tsc: Detected 2500.000 MHz processor
[    0.010687] last_pfn = 0x7ffe0 max_arch_pfn = 0x10000000000
[    0.011249] MTRR map: 4 entries (3 fixed + 1 variable; max 19), built from 8 variable MTRRs
[    0.012152] x86/PAT: Configuration [0-7]: WB  WC  UC- UC  WB  WP  UC- WT  
[    0.018058] found SMP MP-table at [mem 0x000f5480-0x000f548f]
[    0.018643] Using GB pages for direct mapping
[    0.021318] ACPI: Early table checksum verification disabled
[    0.021871] ACPI: RSDP 0x00000000000F52A0 000014 (v00 BOCHS )
[    0.022619] ACPI: RSDT 0x000000007FFE1C9B 000034 (v01 BOCHS  BXPC     00000001 BXPC 00000001)
[    0.023573] ACPI: FACP 0x000000007FFE1B47 000074 (v01 BOCHS  BXPC     00000001 BXPC 00000001)
[    0.024558] ACPI: DSDT 0x000000007FFE0040 001B07 (v01 BOCHS  BXPC     00000001 BXPC 00000001)
[    0.025478] ACPI: FACS 0x000000007FFE0000 000040
[    0.025967] ACPI: APIC 0x000000007FFE1BBB 000080 (v03 BOCHS  BXPC     00000001 BXPC 00000001)
[    0.026903] ACPI: HPET 0x000000007FFE1C3B 000038 (v01 BOCHS  BXPC     00000001 BXPC 00000001)
[    0.027823] ACPI: WAET 0x000000007FFE1C73 000028 (v01 BOCHS  BXPC     00000001 BXPC 00000001)
[    0.028697] ACPI: Reserving FACP table memory at [mem 0x7ffe1b47-0x7ffe1bba]
[    0.029421] ACPI: Reserving DSDT table memory at [mem 0x7ffe0040-0x7ffe1b46]
[    0.030069] ACPI: Reserving FACS table memory at [mem 0x7ffe0000-0x7ffe003f]
[    0.030873] ACPI: Reserving APIC table memory at [mem 0x7ffe1bbb-0x7ffe1c3a]
[    0.031663] ACPI: Reserving HPET table memory at [mem 0x7ffe1c3b-0x7ffe1c72]
[    0.032421] ACPI: Reserving WAET table memory at [mem 0x7ffe1c73-0x7ffe1c9a]
[    0.033758] No NUMA configuration found
[    0.034119] Faking a node at [mem 0x0000000000000000-0x000000007ffdffff]
[    0.034849] NODE_DATA(0) allocated [mem 0x7ffb4ec0-0x7ffdfcbf]
[    0.039965] Zone ranges:
[    0.040208]   DMA      [mem 0x0000000000001000-0x0000000000ffffff]
[    0.040756]   DMA32    [mem 0x0000000001000000-0x000000007ffdffff]
[    0.041350]   Normal   empty
[    0.041609]   Device   empty
[    0.041874] Movable zone start for each node
[    0.042402] Early memory node ranges
[    0.042734]   node   0: [mem 0x0000000000001000-0x000000000009efff]
[    0.043410]   node   0: [mem 0x0000000000100000-0x000000007ffdffff]
[    0.044026] Initmem setup node 0 [mem 0x0000000000001000-0x000000007ffdffff]
[    0.046670] On node 0, zone DMA: 1 pages in unavailable ranges
[    0.047502] On node 0, zone DMA: 97 pages in unavailable ranges
[    0.102974] On node 0, zone DMA32: 32 pages in unavailable ranges
[    0.377404] KernelAddressSanitizer initialized (generic)
[    0.378292] ACPI: PM-Timer IO Port: 0x608
[    0.378768] ACPI: LAPIC_NMI (acpi_id[0xff] dfl dfl lint[0x1])
[    0.379383] IOAPIC[0]: apic_id 0, version 17, address 0xfec00000, GSI 0-23
[    0.380217] ACPI: INT_SRC_OVR (bus 0 bus_irq 0 global_irq 2 dfl dfl)
[    0.380957] ACPI: INT_SRC_OVR (bus 0 bus_irq 5 global_irq 5 high level)
[    0.381570] ACPI: INT_SRC_OVR (bus 0 bus_irq 9 global_irq 9 high level)
[    0.382350] ACPI: INT_SRC_OVR (bus 0 bus_irq 10 global_irq 10 high level)
[    0.383030] ACPI: INT_SRC_OVR (bus 0 bus_irq 11 global_irq 11 high level)
[    0.383770] ACPI: Using ACPI (MADT) for SMP configuration information
[    0.384460] ACPI: HPET id: 0x8086a201 base: 0xfed00000
[    0.385024] TSC deadline timer available
[    0.385401] CPU topo: Max. logical packages:   1
[    0.385891] CPU topo: Max. logical dies:       1
[    0.386409] CPU topo: Max. dies per package:   1
[    0.386949] CPU topo: Max. threads per core:   1
[    0.387442] CPU topo: Num. cores per package:     2
[    0.388021] CPU topo: Num. threads per package:   2
[    0.388533] CPU topo: Allowing 2 present CPUs plus 0 hotplug CPUs
[    0.389244] kvm-guest: APIC: eoi() replaced with kvm_guest_apic_eoi_write()
[    0.389906] kvm-guest: KVM setup pv remote TLB flush
[    0.390374] kvm-guest: setup PV sched yield
[    0.390883] PM: hibernation: Registered nosave memory: [mem 0x00000000-0x00000fff]
[    0.391731] PM: hibernation: Registered nosave memory: [mem 0x0009f000-0x000fffff]
[    0.392610] [mem 0x80000000-0xfeffbfff] available for PCI devices
[    0.393243] Booting paravirtualized kernel on KVM
[    0.393744] clocksource: refined-jiffies: mask: 0xffffffff max_cycles: 0xffffffff, max_idle_ns: 7645519600211568 ns
[    0.394873] setup_percpu: NR_CPUS:8192 nr_cpumask_bits:2 nr_cpu_ids:2 nr_node_ids:1
[    0.397781] percpu: Embedded 81 pages/cpu s294912 r8192 d28672 u1048576
[    0.398701] kvm-guest: PV spinlocks enabled
[    0.399111] PV qspinlock hash table entries: 256 (order: 0, 4096 bytes, linear)
[    0.399933] Kernel command line: net.ifnames=0 console=ttyS0 root=/dev/sda earlyprintk=serial net.ifnames=0 thunderbolt.dyndbg
[    0.401501] random: crng init done
[    0.401889] printk: log buffer data + meta data: 262144 + 917504 = 1179648 bytes
[    0.404673] Dentry cache hash table entries: 262144 (order: 9, 2097152 bytes, linear)
[    0.407457] Inode-cache hash table entries: 131072 (order: 8, 1048576 bytes, linear)
[    0.408505] Fallback order for Node 0: 0 
[    0.408518] Built 1 zonelists, mobility grouping on.  Total pages: 524158
[    0.409691] Policy zone: DMA32
[    0.410005] mem auto-init: stack:off, heap alloc:off, heap free:off
[    0.410657] stackdepot: allocating hash table via alloc_large_system_hash
[    0.411268] stackdepot hash table entries: 1048576 (order: 12, 16777216 bytes, linear)
[    0.427790] stackdepot: allocating space for 8192 stack pools via memblock
[    0.466421] SLUB: HWalign=64, Order=0-3, MinObjects=0, CPUs=2, Nodes=1
[    0.467045] kmemleak: Kernel memory leak detector disabled
[    0.504414] ftrace: allocating 75274 entries in 296 pages
[    0.504899] ftrace: allocated 296 pages with 3 groups
[    0.509966] Dynamic Preempt: voluntary
[    0.510858] Running RCU self tests
[    0.511219] Running RCU synchronous self tests
[    0.511758] rcu: Preemptible hierarchical RCU implementation.
[    0.512323] rcu: 	RCU lockdep checking is enabled.
[    0.512874] rcu: 	RCU restricting CPUs from NR_CPUS=8192 to nr_cpu_ids=2.
[    0.513582] 	Trampoline variant of Tasks RCU enabled.
[    0.514147] 	Rude variant of Tasks RCU enabled.
[    0.514592] 	Tracing variant of Tasks RCU enabled.
[    0.515070] rcu: RCU calculated value of scheduler-enlistment delay is 25 jiffies.
[    0.515881] rcu: Adjusting geometry for rcu_fanout_leaf=16, nr_cpu_ids=2
[    0.516732] Running RCU synchronous self tests
[    0.517189] RCU Tasks: Setting shift to 1 and lim to 1 rcu_task_cb_adjust=1 rcu_task_cpu_ids=2.
[    0.518083] RCU Tasks Rude: Setting shift to 1 and lim to 1 rcu_task_cb_adjust=1 rcu_task_cpu_ids=2.
[    0.519003] RCU Tasks Trace: Setting shift to 1 and lim to 1 rcu_task_cb_adjust=1 rcu_task_cpu_ids=2.
[    0.596128] NR_IRQS: 524544, nr_irqs: 440, preallocated irqs: 16
[    0.597323] rcu: srcu_init: Setting srcu_struct sizes based on contention.
[    0.606473] Console: colour VGA+ 80x25
[    0.606848] printk: legacy console [ttyS0] enabled
[    0.606848] printk: legacy console [ttyS0] enabled
[    0.607749] printk: legacy bootconsole [earlyser0] disabled
[    0.607749] printk: legacy bootconsole [earlyser0] disabled
[    0.608980] Lock dependency validator: Copyright (c) 2006 Red Hat, Inc., Ingo Molnar
[    0.609807] ... MAX_LOCKDEP_SUBCLASSES:  8
[    0.610279] ... MAX_LOCK_DEPTH:          48
[    0.610761] ... MAX_LOCKDEP_KEYS:        8192
[    0.611254] ... CLASSHASH_SIZE:          4096
[    0.611692] ... MAX_LOCKDEP_ENTRIES:     32768
[    0.612077] ... MAX_LOCKDEP_CHAINS:      65536
[    0.612511] ... CHAINHASH_SIZE:          32768
[    0.612930]  memory used by lock dependency info: 6429 kB
[    0.613528]  memory used for stack traces: 4224 kB
[    0.614094]  per task-struct memory footprint: 1920 bytes
[    0.614757] ACPI: Core revision 20250807
[    0.615498] clocksource: hpet: mask: 0xffffffff max_cycles: 0xffffffff, max_idle_ns: 19112604467 ns
[    0.616491] APIC: Switch to symmetric I/O mode setup
[    0.617124] x2apic enabled
[    0.617732] APIC: Switched APIC routing to: physical x2apic
[    0.618358] kvm-guest: APIC: send_IPI_mask() replaced with kvm_send_ipi_mask()
[    0.619155] kvm-guest: APIC: send_IPI_mask_allbutself() replaced with kvm_send_ipi_mask_allbutself()
[    0.620080] kvm-guest: setup PV IPIs
[    0.621622] ..TIMER: vector=0x30 apic1=0 pin1=2 apic2=-1 pin2=-1
[    0.622196] clocksource: tsc-early: mask: 0xffffffffffffffff max_cycles: 0x240939f1bb2, max_idle_ns: 440795263295 ns
[    0.623226] Calibrating delay loop (skipped) preset value.. 5000.00 BogoMIPS (lpj=10000000)
[    0.624236] x86/cpu: User Mode Instruction Prevention (UMIP) activated
[    0.627343] Last level iTLB entries: 4KB 0, 2MB 0, 4MB 0
[    0.627852] Last level dTLB entries: 4KB 0, 2MB 0, 4MB 0, 1GB 0
[    0.628566] mitigations: Enabled attack vectors: user_kernel, user_user, guest_host, guest_guest, SMT mitigations: auto
[    0.629660] Speculative Store Bypass: Mitigation: Speculative Store Bypass disabled via prctl
[    0.630557] Spectre V2 : Mitigation: Enhanced / Automatic IBRS
[    0.631218] ITS: Mitigation: Aligned branch/return thunks
[    0.631854] Spectre V1 : Mitigation: usercopy/swapgs barriers and __user pointer sanitization
[    0.632762] Spectre V2 : WARNING: Unprivileged eBPF is enabled with eIBRS on, data leaks possible via Spectre v2 BHB attacks!
[    0.633952] Spectre V2 : Spectre v2 / PBRSB-eIBRS: Retire a single CALL on VMEXIT
[    0.634782] Spectre V2 : mitigation: Enabling conditional Indirect Branch Prediction Barrier
[    0.635231] active return thunk: its_return_thunk
[    0.635751] Spectre V2 : Spectre BHI mitigation: SW BHB clearing on syscall and VM exit
[    0.636602] x86/fpu: Supporting XSAVE feature 0x001: 'x87 floating point registers'
[    0.637484] x86/fpu: Supporting XSAVE feature 0x002: 'SSE registers'
[    0.638113] x86/fpu: Supporting XSAVE feature 0x004: 'AVX registers'
[    0.639217] x86/fpu: Supporting XSAVE feature 0x020: 'AVX-512 opmask'
[    0.639922] x86/fpu: Supporting XSAVE feature 0x040: 'AVX-512 Hi256'
[    0.640529] x86/fpu: Supporting XSAVE feature 0x080: 'AVX-512 ZMM_Hi256'
[    0.641095] x86/fpu: Supporting XSAVE feature 0x200: 'Protection Keys User registers'
[    0.641865] x86/fpu: Supporting XSAVE feature 0x20000: 'AMX Tile config'
[    0.642459] x86/fpu: Supporting XSAVE feature 0x40000: 'AMX Tile data'
[    0.643217] x86/fpu: xstate_offset[2]:  576, xstate_sizes[2]:  256
[    0.643864] x86/fpu: xstate_offset[5]:  832, xstate_sizes[5]:   64
[    0.644459] x86/fpu: xstate_offset[6]:  896, xstate_sizes[6]:  512
[    0.645047] x86/fpu: xstate_offset[7]: 1408, xstate_sizes[7]: 1024
[    0.645658] x86/fpu: xstate_offset[9]: 2432, xstate_sizes[9]:    8
[    0.646257] x86/fpu: xstate_offset[17]: 2496, xstate_sizes[17]:   64
[    0.646828] x86/fpu: xstate_offset[18]: 2560, xstate_sizes[18]: 8192
[    0.647217] x86/fpu: Enabled xstate features 0x602e7, context size is 10752 bytes, using 'compacted' format.
[    0.824984] Freeing SMP alternatives memory: 64K
[    0.825432] pid_max: default: 32768 minimum: 301
[    0.826256] Yama: becoming mindful.
[    0.827050] Mount-cache hash table entries: 4096 (order: 3, 32768 bytes, linear)
[    0.827223] Mountpoint-cache hash table entries: 4096 (order: 3, 32768 bytes, linear)
[    0.829548] Running RCU synchronous self tests
[    0.830006] Running RCU synchronous self tests
[    0.831451] smpboot: CPU0: Intel GENUINE INTEL(R) XEON(R) (family: 0x6, model: 0xad, stepping: 0x0)
[    0.833204] Performance Events: PEBS fmt0-, Granite Rapids events, 
[    0.833287] core: The event 0x400 is not supported as a normal event.
[    0.834704] core: The event 0x8000 is not supported as a normal event.
[    0.835220] core: The event 0x8100 is not supported as a normal event.
[    0.835903] core: The event 0x8200 is not supported as a normal event.
[    0.836495] core: The event 0x8300 is not supported as a normal event.
[    0.837078] core: The event 0x8400 is not supported as a normal event.
[    0.837744] core: The event 0x8500 is not supported as a normal event.
[    0.838397] core: The event 0x8600 is not supported as a normal event.
[    0.839079] core: The event 0x8700 is not supported as a normal event.
[    0.839243] full-width counters, Intel PMU driver.
[    0.839694] ... version:                   2
[    0.840165] ... bit width:                 48
[    0.840575] ... generic counters:          8
[    0.840991] ... generic bitmap:            00000000000000ff
[    0.841498] ... fixed-purpose counters:    3
[    0.841871] ... fixed-purpose bitmap:      0000000000000007
[    0.842371] ... value mask:                0000ffffffffffff
[    0.842859] ... max period:                00007fffffffffff
[    0.843220] ... global_ctrl mask:          00000007000000ff
[    0.844328] signal: max sigframe size: 11952
[    0.844923] rcu: Hierarchical SRCU implementation.
[    0.845358] rcu: 	Max phase no-delay instances is 1000.
[    0.846143] Timer migration: 1 hierarchy levels; 8 children per group; 1 crossnode level
[    0.871582] smp: Bringing up secondary CPUs ...
[    0.872641] smpboot: x86: Booting SMP configuration:
[    0.873160] .... node  #0, CPUs:      #1
[    0.873485] smp: Brought up 1 node, 2 CPUs
[    0.875240] smpboot: Total of 2 processors activated (10000.00 BogoMIPS)
[    0.876789] Memory: 1591816K/2096632K available (80926K kernel code, 15557K rwdata, 18816K rodata, 16416K init, 20856K bss, 493188K reserved, 0K cma-reserved)
[    0.879514] devtmpfs: initialized
[    0.880250] x86/mm: Memory block size: 128MB
[    0.891749] Running RCU synchronous self tests
[    0.892201] Running RCU synchronous self tests
[    0.895304] Running RCU Tasks wait API self tests
[    0.895770] Running RCU Tasks Rude wait API self tests
[    0.895770] Running RCU Tasks Trace wait API self tests
[    0.915261] clocksource: jiffies: mask: 0xffffffff max_cycles: 0xffffffff, max_idle_ns: 7645041785100000 ns
[    0.919285] posixtimers hash table entries: 1024 (order: 5, 73728 bytes, linear)
[    0.920179] futex hash table entries: 512 (65536 bytes on 1 NUMA nodes, total 64 KiB, linear).
[    0.925148] 
[    0.925325] *************************************************************
[    0.926049] **     NOTICE NOTICE NOTICE NOTICE NOTICE NOTICE NOTICE    **
[    0.926834] **                                                         **
[    0.927223] **  IOMMU DebugFS SUPPORT HAS BEEN ENABLED IN THIS KERNEL  **
[    0.927867] **                                                         **
[    0.928582] ** This means that this kernel is built to expose internal **
[    0.929379] ** IOMMU data structures, which may compromise security on **
[    0.930169] ** your system.                                            **
[    0.930831] **                                                         **
[    0.931218] ** If you see this message and you are not debugging the   **
[    0.931932] ** kernel, report this immediately to your vendor!         **
[    0.932668] **                                                         **
[    0.933347] **     NOTICE NOTICE NOTICE NOTICE NOTICE NOTICE NOTICE    **
[    0.933968] *************************************************************
[    0.934755] PM: RTC time: 10:45:29, date: 2026-01-27
[    0.939446] NET: Registered PF_NETLINK/PF_ROUTE protocol family
[    0.941704] DMA: preallocated 256 KiB GFP_KERNEL pool for atomic allocations
[    0.942458] DMA: preallocated 256 KiB GFP_KERNEL|GFP_DMA pool for atomic allocations
[    0.943181] DMA: preallocated 256 KiB GFP_KERNEL|GFP_DMA32 pool for atomic allocations
[    0.943311] audit: initializing netlink subsys (disabled)
[    0.943986] audit: type=2000 audit(1769510730.199:1): state=initialized audit_enabled=0 res=1
[    0.946239] thermal_sys: Registered thermal governor 'fair_share'
[    0.946255] thermal_sys: Registered thermal governor 'bang_bang'
[    0.946864] thermal_sys: Registered thermal governor 'step_wise'
[    0.947224] thermal_sys: Registered thermal governor 'user_space'
[    0.947832] cpuidle: using governor ladder
[    0.948200] cpuidle: using governor menu
[    0.948200] acpiphp: ACPI Hot Plug PCI Controller Driver version: 0.5
[    0.951229] Callback from call_rcu_tasks_trace() invoked.
[    0.951294] PCI: Using configuration type 1 for base access
[    0.952676] kprobes: kprobe jump-optimization is enabled. All kprobes are optimized if possible.
[    1.095633] HugeTLB: registered 1.00 GiB page size, pre-allocated 0 pages
[    1.095633] HugeTLB: 16380 KiB vmemmap can be freed for a 1.00 GiB page
[    1.095633] HugeTLB: registered 2.00 MiB page size, pre-allocated 0 pages
[    1.095820] HugeTLB: 28 KiB vmemmap can be freed for a 2.00 MiB page
[    1.102567] ACPI: Added _OSI(Module Device)
[    1.102965] ACPI: Added _OSI(Processor Device)
[    1.103230] ACPI: Added _OSI(Processor Aggregator Device)
[    1.125299] ACPI: 1 ACPI AML tables successfully acquired and loaded
[    1.140082] ACPI: Interpreter enabled
[    1.140593] ACPI: PM: (supports S0 S3 S4 S5)
[    1.140979] ACPI: Using IOAPIC for interrupt routing
[    1.141541] PCI: Using host bridge windows from ACPI; if necessary, use "pci=nocrs" and report a bug
[    1.142335] PCI: Using E820 reservations for host bridge windows
[    1.144278] ACPI: Enabled 2 GPEs in block 00 to 0F
[    1.193095] ACPI: PCI Root Bridge [PCI0] (domain 0000 [bus 00-ff])
[    1.193685] acpi PNP0A03:00: _OSC: OS supports [ASPM ClockPM Segments MSI EDR HPX-Type3]
[    1.194396] acpi PNP0A03:00: _OSC: not requesting OS control; OS requires [ExtendedConfig ASPM ClockPM MSI]
[    1.195385] acpi PNP0A03:00: fail to add MMCONFIG information, can't access extended configuration space under this bridge
[    1.201946] acpiphp: Slot [3] registered
[    1.202461] acpiphp: Slot [4] registered
[    1.202969] acpiphp: Slot [5] registered
[    1.203375] acpiphp: Slot [6] registered
[    1.203880] acpiphp: Slot [7] registered
[    1.204385] acpiphp: Slot [8] registered
[    1.204890] acpiphp: Slot [9] registered
[    1.205400] acpiphp: Slot [10] registered
[    1.205923] acpiphp: Slot [11] registered
[    1.206442] acpiphp: Slot [12] registered
[    1.206957] acpiphp: Slot [13] registered
[    1.207368] acpiphp: Slot [14] registered
[    1.207890] acpiphp: Slot [15] registered
[    1.208397] acpiphp: Slot [16] registered
[    1.208938] acpiphp: Slot [17] registered
[    1.209449] acpiphp: Slot [18] registered
[    1.209964] acpiphp: Slot [19] registered
[    1.210468] acpiphp: Slot [20] registered
[    1.210989] acpiphp: Slot [21] registered
[    1.211368] acpiphp: Slot [22] registered
[    1.211878] acpiphp: Slot [23] registered
[    1.212386] acpiphp: Slot [24] registered
[    1.212915] acpiphp: Slot [25] registered
[    1.213419] acpiphp: Slot [26] registered
[    1.213942] acpiphp: Slot [27] registered
[    1.214454] acpiphp: Slot [28] registered
[    1.214973] acpiphp: Slot [29] registered
[    1.215369] acpiphp: Slot [30] registered
[    1.215880] acpiphp: Slot [31] registered
[    1.216305] PCI host bridge to bus 0000:00
[    1.216736] pci_bus 0000:00: root bus resource [io  0x0000-0x0cf7 window]
[    1.217333] pci_bus 0000:00: root bus resource [io  0x0d00-0xffff window]
[    1.217930] pci_bus 0000:00: root bus resource [mem 0x000a0000-0x000bffff window]
[    1.218600] pci_bus 0000:00: root bus resource [mem 0x80000000-0xfebfffff window]
[    1.219229] pci_bus 0000:00: root bus resource [mem 0x100000000-0x17fffffff window]
[    1.219912] pci_bus 0000:00: root bus resource [bus 00-ff]
[    1.220540] pci 0000:00:00.0: [8086:1237] type 00 class 0x060000 conventional PCI endpoint
[    1.222926] pci 0000:00:01.0: [8086:7000] type 00 class 0x060100 conventional PCI endpoint
[    1.224665] pci 0000:00:01.1: [8086:7010] type 00 class 0x010180 conventional PCI endpoint
[    1.225939] pci 0000:00:01.1: BAR 4 [io  0xc040-0xc04f]
[    1.226438] pci 0000:00:01.1: BAR 0 [io  0x01f0-0x01f7]: legacy IDE quirk
[    1.227030] pci 0000:00:01.1: BAR 1 [io  0x03f6]: legacy IDE quirk
[    1.231221] pci 0000:00:01.1: BAR 2 [io  0x0170-0x0177]: legacy IDE quirk
[    1.231827] pci 0000:00:01.1: BAR 3 [io  0x0376]: legacy IDE quirk
[    1.233562] pci 0000:00:01.3: [8086:7113] type 00 class 0x068000 conventional PCI endpoint
[    1.234572] pci 0000:00:01.3: quirk: [io  0x0600-0x063f] claimed by PIIX4 ACPI
[    1.235213] pci 0000:00:01.3: quirk: [io  0x0700-0x070f] claimed by PIIX4 SMB
[    1.237040] pci 0000:00:02.0: [1234:1111] type 00 class 0x030000 conventional PCI endpoint
[    1.238955] pci 0000:00:02.0: BAR 0 [mem 0xfd000000-0xfdffffff pref]
[    1.239246] pci 0000:00:02.0: BAR 2 [mem 0xfebf0000-0xfebf0fff]
[    1.239795] pci 0000:00:02.0: ROM [mem 0xfebe0000-0xfebeffff pref]
[    1.240448] pci 0000:00:02.0: Video device with shadowed ROM at [mem 0x000c0000-0x000dffff]
[    1.242414] pci 0000:00:03.0: [8086:100e] type 00 class 0x020000 conventional PCI endpoint
[    1.243731] pci 0000:00:03.0: BAR 0 [mem 0xfebc0000-0xfebdffff]
[    1.244272] pci 0000:00:03.0: BAR 1 [io  0xc000-0xc03f]
[    1.244761] pci 0000:00:03.0: ROM [mem 0xfeb80000-0xfebbffff pref]
[    1.270964] ACPI: PCI: Interrupt link LNKA configured for IRQ 10
[    1.272287] ACPI: PCI: Interrupt link LNKB configured for IRQ 10
[    1.273855] ACPI: PCI: Interrupt link LNKC configured for IRQ 11
[    1.275436] ACPI: PCI: Interrupt link LNKD configured for IRQ 11
[    1.276400] ACPI: PCI: Interrupt link LNKS configured for IRQ 9
[    1.280744] iommu: Default domain type: Translated
[    1.281188] iommu: DMA domain TLB invalidation policy: lazy mode
[    1.287895] SCSI subsystem initialized
[    1.291704] ACPI: bus type USB registered
[    1.292330] usbcore: registered new interface driver usbfs
[    1.292929] usbcore: registered new interface driver hub
[    1.293481] usbcore: registered new device driver usb
[    1.293481] pps_core: LinuxPPS API ver. 1 registered
[    1.293481] pps_core: Software ver. 5.3.6 - Copyright 2005-2007 Rodolfo Giometti <giometti@linux.it>
[    1.293481] PTP clock support registered
[    1.295501] EDAC MC: Ver: 3.0.0
[    1.303012] NetLabel: Initializing
[    1.303012] NetLabel:  domain hash size = 128
[    1.303012] NetLabel:  protocols = UNLABELED CIPSOv4 CALIPSO
[    1.303371] NetLabel:  unlabeled traffic allowed by default
[    1.307220] PCI: Using ACPI for IRQ routing
[    1.307220] pci 0000:00:02.0: vgaarb: setting as boot VGA device
[    1.307220] pci 0000:00:02.0: vgaarb: bridge control possible
[    1.307220] pci 0000:00:02.0: vgaarb: VGA device added: decodes=io+mem,owns=io+mem,locks=none
[    1.307220] vgaarb: loaded
[    1.311680] hpet0: at MMIO 0xfed00000, IRQs 2, 8, 0
[    1.312150] hpet0: 3 comparators, 64-bit 100.000000 MHz counter
[    1.315213] clocksource: Switched to clocksource kvm-clock
[    1.316465] VFS: Disk quotas dquot_6.6.0
[    1.316465] VFS: Dquot-cache hash table entries: 512 (order 0, 4096 bytes)
[    1.319812] pnp: PnP ACPI init
[    1.326543] pnp: PnP ACPI: found 6 devices
[    1.349696] clocksource: acpi_pm: mask: 0xffffff max_cycles: 0xffffff, max_idle_ns: 2085701024 ns
[    1.351005] NET: Registered PF_INET protocol family
[    1.351601] IP idents hash table entries: 32768 (order: 6, 262144 bytes, linear)
[    1.353892] tcp_listen_portaddr_hash hash table entries: 1024 (order: 5, 73728 bytes, linear)
[    1.354677] Table-perturb hash table entries: 65536 (order: 6, 262144 bytes, linear)
[    1.355405] TCP established hash table entries: 16384 (order: 5, 131072 bytes, linear)
[    1.356475] TCP bind hash table entries: 16384 (order: 10, 2359296 bytes, linear)
[    1.361503] TCP: Hash tables configured (established 16384 bind 16384)
[    1.362289] UDP hash table entries: 1024 (order: 6, 262144 bytes, linear)
[    1.362982] UDP-Lite hash table entries: 1024 (order: 6, 262144 bytes, linear)
[    1.363968] NET: Registered PF_UNIX/PF_LOCAL protocol family
[    1.365824] RPC: Registered named UNIX socket transport module.
[    1.366368] RPC: Registered udp transport module.
[    1.366790] RPC: Registered tcp transport module.
[    1.367207] RPC: Registered tcp-with-tls transport module.
[    1.367693] RPC: Registered tcp NFSv4.1 backchannel transport module.
[    1.368266] pci_bus 0000:00: resource 4 [io  0x0000-0x0cf7 window]
[    1.368821] pci_bus 0000:00: resource 5 [io  0x0d00-0xffff window]
[    1.369384] pci_bus 0000:00: resource 6 [mem 0x000a0000-0x000bffff window]
[    1.369998] pci_bus 0000:00: resource 7 [mem 0x80000000-0xfebfffff window]
[    1.370630] pci_bus 0000:00: resource 8 [mem 0x100000000-0x17fffffff window]
[    1.371662] pci 0000:00:01.0: PIIX3: Enabling Passive Release
[    1.372183] pci 0000:00:00.0: Limiting direct PCI/PCI transfers
[    1.372803] PCI: CLS 0 bytes, default 64
[    1.373260] ACPI: bus type thunderbolt registered
[    1.374080] clocksource: tsc: mask: 0xffffffffffffffff max_cycles: 0x240939f1bb2, max_idle_ns: 440795263295 ns
[    4.070789] Initialise system trusted keyrings
[    4.071292] Key type blacklist registered
[    4.073027] workingset: timestamp_bits=36 max_order=19 bucket_order=0
[    4.075603] squashfs: version 4.0 (2009/01/31) Phillip Lougher
[    4.078242] NFS: Registering the id_resolver key type
[    4.078738] Key type id_resolver registered
[    4.079113] Key type id_legacy registered
[    4.079532] nfs4filelayout_init: NFSv4 File Layout Driver Registering...
[    4.080154] nfs4flexfilelayout_init: NFSv4 Flexfile Layout Driver Registering...
[    4.081116] fuse: init (API version 7.45)
[    4.082146] SGI XFS with ACLs, security attributes, realtime, quota, no debug enabled
[    4.084526] 9p: Installing v9fs 9p2000 file system support
[    4.100536] Key type asymmetric registered
[    4.100912] Asymmetric key parser 'x509' registered
[    4.101495] Block layer SCSI generic (bsg) driver version 0.4 loaded (major 241)
[    4.102739] io scheduler mq-deadline registered
[    4.103295] io scheduler bfq registered
[    4.104629] ledtrig-cpu: registered to indicate activity on CPUs
[    4.106735] IPMI message handler: version 39.2
[    4.107225] ipmi device interface
[    4.110041] input: Power Button as /devices/LNXSYSTM:00/LNXPWRBN:00/input/input0
[    4.111647] ACPI: button: Power Button [PWRF]
[    4.114177] ERST DBG: ERST support is disabled.
[    4.116058] Serial: 8250/16550 driver, 32 ports, IRQ sharing enabled
[    4.117934] 00:04: ttyS0 at I/O 0x3f8 (irq = 4, base_baud = 115200) is a 16550A
[    4.121328] Callback from call_rcu_tasks() invoked.
[    4.149731] Linux agpgart interface v0.103
[    4.152689] ACPI: bus type drm_connector registered
[    4.186019] brd: module loaded
[    4.209255] loop: module loaded
[    4.223594] scsi host0: ata_piix
[    4.226151] scsi host1: ata_piix
[    4.227058] ata1: PATA max MWDMA2 cmd 0x1f0 ctl 0x3f6 bmdma 0xc040 irq 14 lpm-pol 0
[    4.227754] ata2: PATA max MWDMA2 cmd 0x170 ctl 0x376 bmdma 0xc048 irq 15 lpm-pol 0
[    4.231478] tun: Universal TUN/TAP device driver, 1.6
[    4.232577] e100: Intel(R) PRO/100 Network Driver
[    4.233003] e100: Copyright(c) 1999-2006 Intel Corporation
[    4.233645] e1000: Intel(R) PRO/1000 Network Driver
[    4.234083] e1000: Copyright (c) 1999-2006 Intel Corporation.
[    4.381376] ata1: found unknown device (class 0)
[    4.382308] ata1.00: ATA-7: QEMU HARDDISK, 2.5+, max UDMA/100
[    4.382838] ata1.00: 17196647 sectors, multi 16: LBA48 
[    4.385381] ata2: found unknown device (class 0)
[    4.386748] scsi 0:0:0:0: Direct-Access     ATA      QEMU HARDDISK    2.5+ PQ: 0 ANSI: 5
[    4.387553] ata2.00: ATAPI: QEMU DVD-ROM, 2.5+, max UDMA/100
[    4.391223] sd 0:0:0:0: Attached scsi generic sg0 type 0
[    4.392017] sd 0:0:0:0: [sda] 17196647 512-byte logical blocks: (8.80 GB/8.20 GiB)
[    4.392881] sd 0:0:0:0: [sda] Write Protect is off
[    4.393452] sd 0:0:0:0: [sda] Write cache: enabled, read cache: enabled, doesn't support DPO or FUA
[    4.394536] scsi 1:0:0:0: CD-ROM            QEMU     QEMU DVD-ROM     2.5+ PQ: 0 ANSI: 5
[    4.394622] sd 0:0:0:0: [sda] Preferred minimum I/O size 512 bytes
[    4.423996] scsi 1:0:0:0: Attached scsi generic sg1 type 5
[    4.430459] sd 0:0:0:0: [sda] Attached SCSI disk
[    5.081886] ACPI: \_SB_.LNKC: Enabled at IRQ 11
[    5.397492] e1000 0000:00:03.0 eth0: (PCI:33MHz:32-bit) 52:54:00:12:34:56
[    5.398125] e1000 0000:00:03.0 eth0: Intel(R) PRO/1000 Network Connection
[    5.399136] e1000e: Intel(R) PRO/1000 Network Driver
[    5.399594] e1000e: Copyright(c) 1999 - 2015 Intel Corporation.
[    5.400269] igb: Intel(R) Gigabit Ethernet Network Driver
[    5.400762] igb: Copyright (c) 2007-2014 Intel Corporation.
[    5.401665] PPP generic driver version 2.4.2
[    5.403596] VFIO - User Level meta-driver version: 0.3
[    5.405622] usbcore: registered new interface driver uas
[    5.406273] usbcore: registered new interface driver usb-storage
[    5.407104] i8042: PNP: PS/2 Controller [PNP0303:KBD,PNP0f13:MOU] at 0x60,0x64 irq 1,12
[    5.409134] serio: i8042 KBD port at 0x60,0x64 irq 1
[    5.409681] serio: i8042 AUX port at 0x60,0x64 irq 12
[    5.411588] mousedev: PS/2 mouse device common for all mice
[    5.413795] input: AT Translated Set 2 keyboard as /devices/platform/i8042/serio0/input/input1
[    5.415789] rtc_cmos 00:05: RTC can wake from S4
[    5.417730] input: VirtualPS/2 VMware VMMouse as /devices/platform/i8042/serio1/input/input4
[    5.418992] rtc_cmos 00:05: registered as rtc0
[    5.419565] rtc_cmos 00:05: setting system clock to 2026-01-27T10:45:34 UTC (1769510734)
[    5.420750] rtc_cmos 00:05: alarms up to one day, y3k, 242 bytes nvram, hpet irqs
[    5.421003] input: VirtualPS/2 VMware VMMouse as /devices/platform/i8042/serio1/input/input3
[    5.421527] i2c_dev: i2c /dev entries driver
[    5.422751] device-mapper: core: CONFIG_IMA_DISABLE_HTABLE is disabled. Duplicate IMA measurements will not be recorded in the IMA log.
[    5.423898] device-mapper: uevent: version 1.0.3
[    5.425140] device-mapper: ioctl: 4.50.0-ioctl (2025-04-28) initialised: dm-devel@lists.linux.dev
[    5.425978] intel_pstate: CPU model not supported
[    5.426680] sdhci: Secure Digital Host Controller Interface driver
[    5.427231] sdhci: Copyright(c) Pierre Ossman
[    5.427834] sdhci-pltfm: SDHCI platform and OF driver helper
[    5.428961] drop_monitor: Initializing network drop monitor service
[    5.429928] NET: Registered PF_INET6 protocol family
[    5.432233] Segment Routing with IPv6
[    5.432677] In-situ OAM (IOAM) with IPv6
[    5.433093] NET: Registered PF_PACKET protocol family
[    5.434641] 9pnet: Installing 9P2000 support
[    5.435172] Key type dns_resolver registered
[    5.437870] IPI shorthand broadcast: enabled
[    5.501681] sched_clock: Marking stable (5480004278, 21108051)->(5507664582, -6552253)
[    5.503982] registered taskstats version 1
[    5.505089] Loading compiled-in X.509 certificates
[    5.589131] Demotion targets for Node 0: null
[    5.591204] Key type .fscrypt registered
[    5.591611] Key type fscrypt-provisioning registered
[    5.601080] Key type encrypted registered
[    5.601546] ima: No TPM chip found, activating TPM-bypass!
[    5.602057] ima: Allocated hash algorithm: sha1
[    5.602542] ima: No architecture policies found
[    5.603109] evm: Initialising EVM extended attributes:
[    5.603574] evm: security.selinux
[    5.603874] evm: security.SMACK64
[    5.604174] evm: security.SMACK64EXEC
[    5.604509] evm: security.SMACK64TRANSMUTE
[    5.604875] evm: security.SMACK64MMAP
[    5.605218] evm: security.apparmor
[    5.605531] evm: security.ima
[    5.605799] evm: security.capability
[    5.606120] evm: HMAC attrs: 0x1
[    5.609437] PM:   Magic number: 10:294:781
[    5.611111] RAS: Correctable Errors collector initialized.
[    5.611861] clk: Disabling unused clocks
[    5.612266] PM: genpd: Disabling unused power domains
[    5.613414] check access for rdinit=/init failed: -2, ignoring
[    5.614067] md: Waiting for all devices to be available before autodetect
[    5.614504] md: If you don't use raid, use raid=noautodetect
[    5.614856] md: Autodetecting RAID arrays.
[    5.615126] md: autorun ...
[    5.615319] md: ... autorun DONE.
[    5.626714] EXT4-fs (sda): INFO: recovery required on readonly filesystem
[    5.627146] EXT4-fs (sda): write access will be enabled during recovery
[    5.690637] EXT4-fs (sda): recovery complete
[    5.694504] EXT4-fs (sda): mounted filesystem 088740a9-c8b4-422c-999d-a804eb68a4da ro with ordered data mode. Quota mode: none.
[    5.695296] VFS: Mounted root (ext4 filesystem) readonly on device 8:0.
[    5.699324] devtmpfs: mounted
[    5.721144] Freeing unused decrypted memory: 2036K
[    5.727038] Freeing unused kernel image (initmem) memory: 16416K
[    5.727538] Write protecting the kernel read-only data: 102400k
[    5.730772] Freeing unused kernel image (text/rodata gap) memory: 992K
[    5.732661] Freeing unused kernel image (rodata/data gap) memory: 1664K
[    6.889038] x86/mm: Checked W+X mappings: passed, no W+X pages found.
[    6.889711] Run /sbin/init as init process
[    7.115863] systemd[1]: systemd 252-15.el9 running in system mode (+PAM +AUDIT +SELINUX -APPARMOR +IMA +SMACK +SECCOMP +GCRYPT +GNUTLS +OPENSSL +ACL +BLKID +CURL +ELFUTILS -FIDO2 +IDN2 -IDN -IPTC +KMOD +LIBCRYPTSETUP +LIBFDISK +PCRE2 -PWQUALITY +P11KIT -QRENCODE +TPM2 +BZIP2 +LZ4 +XZ +ZLIB +ZSTD -BPF_FRAMEWORK +XKBCOMMON +UTMP +SYSVINIT default-hierarchy=unified)
[    7.117793] systemd[1]: Detected virtualization kvm.
[    7.118108] systemd[1]: Detected architecture x86-64.

Welcome to [0;31mCentOS Stream 9[0m!

[    7.125932] systemd[1]: Hostname set to <test>.
[    7.374274] systemd-rc-local-generator[120]: /etc/rc.d/rc.local is not marked executable, skipping.
[    7.795966] systemd[1]: Queued start job for default target Multi-User System.
[    7.816016] systemd[1]: Created slice Virtual Machine and Container Slice.
[[0;32m  OK  [0m] Created slice [0;1;39mVirtual Machine and Container Slice[0m.
[    7.821092] systemd[1]: Created slice Slice /system/getty.
[[0;32m  OK  [0m] Created slice [0;1;39mSlice /system/getty[0m.
[    7.823974] systemd[1]: Created slice Slice /system/modprobe.
[[0;32m  OK  [0m] Created slice [0;1;39mSlice /system/modprobe[0m.
[    7.826836] systemd[1]: Created slice Slice /system/serial-getty.
[[0;32m  OK  [0m] Created slice [0;1;39mSlice /system/serial-getty[0m.
[    7.830103] systemd[1]: Created slice Slice /system/sshd-keygen.
[[0;32m  OK  [0m] Created slice [0;1;39mSlice /system/sshd-keygen[0m.
[    7.832942] systemd[1]: Created slice User and Session Slice.
[[0;32m  OK  [0m] Created slice [0;1;39mUser and Session Slice[0m.
[    7.834310] systemd[1]: Started Forward Password Requests to Wall Directory Watch.
[[0;32m  OK  [0m] Started [0;1;39mForward Password R…uests to Wall Directory Watch[0m.
[    7.836384] systemd[1]: Set up automount Arbitrary Executable File Formats File System Automount Point.
[[0;32m  OK  [0m] Set up automount [0;1;39mArbitrary…s File System Automount Point[0m.
[    7.837962] systemd[1]: Reached target Local Integrity Protected Volumes.
[[0;32m  OK  [0m] Reached target [0;1;39mLocal Integrity Protected Volumes[0m.
[    7.839110] systemd[1]: Reached target Slice Units.
[[0;32m  OK  [0m] Reached target [0;1;39mSlice Units[0m.
[    7.839978] systemd[1]: Reached target Swaps.
[[0;32m  OK  [0m] Reached target [0;1;39mSwaps[0m.
[    7.840788] systemd[1]: Reached target Local Verity Protected Volumes.
[[0;32m  OK  [0m] Reached target [0;1;39mLocal Verity Protected Volumes[0m.
[    7.842219] systemd[1]: Listening on Device-mapper event daemon FIFOs.
[[0;32m  OK  [0m] Listening on [0;1;39mDevice-mapper event daemon FIFOs[0m.
[    7.843818] systemd[1]: Listening on LVM2 poll daemon socket.
[[0;32m  OK  [0m] Listening on [0;1;39mLVM2 poll daemon socket[0m.
[    7.844947] systemd[1]: multipathd control socket was skipped because of an unmet condition check (ConditionPathExists=/etc/multipath.conf).
[    7.896410] systemd[1]: Listening on RPCbind Server Activation Socket.
[[0;32m  OK  [0m] Listening on [0;1;39mRPCbind Server Activation Socket[0m.
[    7.897960] systemd[1]: Reached target RPC Port Mapper.
[[0;32m  OK  [0m] Reached target [0;1;39mRPC Port Mapper[0m.
[    7.901942] systemd[1]: Listening on Process Core Dump Socket.
[[0;32m  OK  [0m] Listening on [0;1;39mProcess Core Dump Socket[0m.
[    7.903716] systemd[1]: Listening on initctl Compatibility Named Pipe.
[[0;32m  OK  [0m] Listening on [0;1;39minitctl Compatibility Named Pipe[0m.
[    7.905746] systemd[1]: Listening on Journal Socket (/dev/log).
[[0;32m  OK  [0m] Listening on [0;1;39mJournal Socket (/dev/log)[0m.
[    7.907733] systemd[1]: Listening on Journal Socket.
[[0;32m  OK  [0m] Listening on [0;1;39mJournal Socket[0m.
[    7.909527] systemd[1]: Listening on udev Control Socket.
[[0;32m  OK  [0m] Listening on [0;1;39mudev Control Socket[0m.
[    7.911246] systemd[1]: Listening on udev Kernel Socket.
[[0;32m  OK  [0m] Listening on [0;1;39mudev Kernel Socket[0m.
[    7.917753] systemd[1]: Mounting Huge Pages File System...
         Mounting [0;1;39mHuge Pages File System[0m...
[    7.925357] systemd[1]: Mounting POSIX Message Queue File System...
         Mounting [0;1;39mPOSIX Message Queue File System[0m...
[    7.933861] systemd[1]: Mounting Kernel Debug File System...
         Mounting [0;1;39mKernel Debug File System[0m...
[    7.941559] systemd[1]: Mounting Kernel Trace File System...
         Mounting [0;1;39mKernel Trace File System[0m...
[    7.942711] systemd[1]: Kernel Module supporting RPCSEC_GSS was skipped because of an unmet condition check (ConditionPathExists=/etc/krb5.keytab).
[    7.943649] systemd[1]: Create List of Static Device Nodes was skipped because of an unmet condition check (ConditionFileNotEmpty=/lib/modules/6.19.0-rc4-d29b900cf412+/modules.devname).
[    7.969910] systemd[1]: Starting Monitoring of LVM2 mirrors, snapshots etc. using dmeventd or progress polling...
         Starting [0;1;39mMonitoring of LVM…meventd or progress polling[0m...
[    7.977334] systemd[1]: Starting Load Kernel Module configfs...
         Starting [0;1;39mLoad Kernel Module configfs[0m...
[    7.988490] systemd[1]: Starting Load Kernel Module drm...
         Starting [0;1;39mLoad Kernel Module drm[0m...
[    7.999459] systemd[1]: Starting Load Kernel Module fuse...
         Starting [0;1;39mLoad Kernel Module fuse[0m...
[    8.015247] systemd[1]: Starting Read and set NIS domainname from /etc/sysconfig/network...
         Starting [0;1;39mRead and set NIS …from /etc/sysconfig/network[0m...
[    8.027669] systemd[1]: Starting Journal Service...
         Starting [0;1;39mJournal Service[0m...
[    8.045455] systemd[1]: Starting Load Kernel Modules...
         Starting [0;1;39mLoad Kernel Modules[0m...
[    8.058507] systemd[1]: Starting Generate network units from Kernel command line...
         Starting [0;1;39mGenerate network …ts from Kernel command line[0m...
[    8.081534] systemd[1]: Starting Remount Root and Kernel File Systems...
         Starting [0;1;39mRemount Root and Kernel File Systems[0m...
[    8.082880] systemd[1]: Repartition Root Disk was skipped because no trigger condition checks were met.
[    8.090253] systemd[1]: Starting Coldplug All udev Devices...
         Starting [0;1;39mColdplug All udev Devices[0m...
[    8.114885] systemd[1]: Mounted Huge Pages File System.
[[0;32m  OK  [0m] Mounted [0;1;39mHuge Pages File System[0m.
[    8.117691] systemd[1]: Mounted POSIX Message Queue File System.
[[0;32m  OK  [0m] Mounted [0;1;39mPOSIX Message Queue File System[0m.
[    8.123168] systemd[1]: Mounted Kernel Debug File System.
[[0;32m  OK  [0m] Mounted [0;1;39mKernel Debug File System[0m.
[    8.127003] systemd[1]: Mounted Kernel Trace File System.
[[0;32m  OK  [0m] Mounted [0;1;39mKernel Trace File System[0m.
[    8.134138] systemd[1]: Finished Monitoring of LVM2 mirrors, snapshots etc. using dmeventd or progress polling.
[[0;32m  OK  [0m] Finished [0;1;39mMonitoring of LVM… dmeventd or progress polling[0m.
[    8.137413] systemd[1]: modprobe@configfs.service: Deactivated successfully.
[    8.138911] systemd[1]: Finished Load Kernel Module configfs.
[[0;32m  OK  [0m] Finished [0;1;39mLoad Kernel Module configfs[0m.
[    8.146693] systemd[1]: modprobe@drm.service: Deactivated successfully.
[    8.148113] systemd[1]: Finished Load Kernel Module drm.
[[0;32m  OK  [0m] Finished [0;1;39mLoad Kernel Module drm[0m.
[    8.150823] systemd[1]: modprobe@fuse.service: Deactivated successfully.
[    8.152292] systemd[1]: Finished Load Kernel Module fuse.
[[0;32m  OK  [0m] Finished [0;1;39mLoad Kernel Module fuse[0m.
[    8.165238] systemd[1]: Finished Read and set NIS domainname from /etc/sysconfig/network.
[[0;32m  OK  [0m] Finished [0;1;39mRead and set NIS …e from /etc/sysconfig/network[0m.
[    8.167238] systemd[1]: systemd-modules-load.service: Main process exited, code=exited, status=1/FAILURE
[    8.168252] EXT4-fs (sda): re-mounted 088740a9-c8b4-422c-999d-a804eb68a4da r/w.
[    8.168767] systemd[1]: systemd-modules-load.service: Failed with result 'exit-code'.
[    8.174165] systemd[1]: Failed to start Load Kernel Modules.
[[0;1;31mFAILED[0m] Failed to start [0;1;39mLoad Kernel Modules[0m.
See 'systemctl status systemd-modules-load.service' for details.
[    8.182798] systemd[1]: Finished Generate network units from Kernel command line.
[[0;32m  OK  [0m] Finished [0;1;39mGenerate network units from Kernel command line[0m.
[    8.189213] systemd[1]: Finished Remount Root and Kernel File Systems.
[[0;32m  OK  [0m] Finished [0;1;39mRemount Root and Kernel File Systems[0m.
[    8.191368] systemd[1]: Reached target Preparation for Network.
[[0;32m  OK  [0m] Reached target [0;1;39mPreparation for Network[0m.
[    8.221495] systemd[1]: Mounting FUSE Control File System...
         Mounting [0;1;39mFUSE Control File System[0m...
[    8.249433] systemd[1]: Mounting Kernel Configuration File System...
         Mounting [0;1;39mKernel Configuration File System[0m...
[    8.253508] systemd[1]: Special handling of early boot iSCSI sessions was skipped because of an unmet condition check (ConditionDirectoryNotEmpty=/sys/class/iscsi_session).
[    8.254540] systemd[1]: First Boot Wizard was skipped because of an unmet condition check (ConditionFirstBoot=yes).
[    8.258410] systemd[1]: Rebuild Hardware Database was skipped because of an unmet condition check (ConditionNeedsUpdate=/etc).
[    8.274143] systemd[1]: Starting Load/Save Random Seed...
         Starting [0;1;39mLoad/Save Random Seed[0m...
[    8.282031] systemd[1]: Starting Apply Kernel Variables...
         Starting [0;1;39mApply Kernel Variables[0m...
[    8.285442] systemd[1]: Create System Users was skipped because no trigger condition checks were met.
[    8.300983] systemd[1]: Starting Create Static Device Nodes in /dev...
         Starting [0;1;39mCreate Static Device Nodes in /dev[0m...
[    8.321415] systemd[1]: Starting Setup Virtual Console...
         Starting [0;1;39mSetup Virtual Console[0m...
[    8.338949] systemd[1]: Started Journal Service.
[[0;32m  OK  [0m] Started [0;1;39mJournal Service[0m.
[[0;32m  OK  [0m] Mounted [0;1;39mFUSE Control File System[0m.
[[0;32m  OK  [0m] Mounted [0;1;39mKernel Configuration File System[0m.
         Starting [0;1;39mFlush Journal to Persistent Storage[0m...
[[0;32m  OK  [0m] Finished [0;1;39mLoad/Save Random Seed[0m.
[[0;32m  OK  [0m] Finished [0;1;39mApply Kernel Variables[0m.
[    8.426067] systemd-journald[142]: Received client request to flush runtime journal.
[[0;32m  OK  [0m] Finished [0;1;39mFlush Journal to Persistent Storage[0m.
[[0;32m  OK  [0m] Finished [0;1;39mCreate Static Device Nodes in /dev[0m.
         Starting [0;1;39mRule-based Manage…for Device Events and Files[0m...
[[0;32m  OK  [0m] Started [0;1;39mRule-based Manager for Device Events and Files[0m.
         Starting [0;1;39mAuto-connect to s…E devices found during boot[0m...
[[0;32m  OK  [0m] Finished [0;1;39mSetup Virtual Console[0m.
[[0;32m  OK  [0m] Finished [0;1;39mAuto-connect to s…VME devices found during boot[0m.
[[0;32m  OK  [0m] Finished [0;1;39mColdplug All udev Devices[0m.
         Starting [0;1;39mShow Plymouth Boot Screen[0m...
[2J[3J[-1;-1f         Starting [0;1;39mWait for udev To …plete Device Initialization[0m...
[[0;32m  OK  [0m] Started [0;1;39mShow Plymouth Boot Screen[0m.
[[0;32m  OK  [0m] Started [0;1;39mForward Password R…s to Plymouth Directory Watch[0m.
[[0;32m  OK  [0m] Reached target [0;1;39mLocal Encrypted Volumes[0m.
[[0;32m  OK  [0m] Reached target [0;1;39mPath Units[0m.
[[0;32m  OK  [0m] Found device [0;1;39m/dev/ttyS0[0m.
[[0;32m  OK  [0m] Listening on [0;1;39mLoad/Save RF …itch Status /dev/rfkill Watch[0m.
[[0;32m  OK  [0m] Finished [0;1;39mWait for udev To Complete Device Initialization[0m.
[[0;32m  OK  [0m] Reached target [0;1;39mPreparation for Local File Systems[0m.
[[0;32m  OK  [0m] Reached target [0;1;39mLocal File Systems[0m.
         Starting [0;1;39mTell Plymouth To Write Out Runtime Data[0m...
         Starting [0;1;39mAutomatic Boot Loader Update[0m...
         Starting [0;1;39mCreate Volatile Files and Directories[0m...
[[0;32m  OK  [0m] Finished [0;1;39mTell Plymouth To Write Out Runtime Data[0m.
[[0;32m  OK  [0m] Finished [0;1;39mAutomatic Boot Loader Update[0m.
[[0;32m  OK  [0m] Finished [0;1;39mCreate Volatile Files and Directories[0m.
         Mounting [0;1;39mRPC Pipe File System[0m...
         Starting [0;1;39mSecurity Auditing Service[0m...
         Starting [0;1;39mRPC Bind[0m...
[[0;32m  OK  [0m] Mounted [0;1;39mRPC Pipe File System[0m.
[[0;32m  OK  [0m] Reached target [0;1;39mrpc_pipefs.target[0m.
[[0;32m  OK  [0m] Started [0;1;39mRPC Bind[0m.
[[0;32m  OK  [0m] Started [0;1;39mSecurity Auditing Service[0m.
         Starting [0;1;39mRecord System Boot/Shutdown in UTMP[0m...
[[0;32m  OK  [0m] Finished [0;1;39mRecord System Boot/Shutdown in UTMP[0m.
[[0;32m  OK  [0m] Reached target [0;1;39mSystem Initialization[0m.
[[0;32m  OK  [0m] Started [0;1;39mDaily rotation of log files[0m.
[[0;32m  OK  [0m] Started [0;1;39mUpdates mlocate database every day[0m.
[[0;32m  OK  [0m] Started [0;1;39mDaily Cleanup of Temporary Directories[0m.
[[0;32m  OK  [0m] Started [0;1;39mdaily update of the root trust anchor for DNSSEC[0m.
[[0;32m  OK  [0m] Reached target [0;1;39mTimer Units[0m.
[[0;32m  OK  [0m] Listening on [0;1;39mD-Bus System Message Bus Socket[0m.
[[0;32m  OK  [0m] Listening on [0;1;39mOpen-iSCSI iscsid Socket[0m.
[[0;32m  OK  [0m] Listening on [0;1;39mOpen-iSCSI iscsiuio Socket[0m.
[[0;32m  OK  [0m] Listening on [0;1;39mSSSD Kerberos…ache Manager responder socket[0m.
[[0;32m  OK  [0m] Listening on [0;1;39mLibvirt interface local socket[0m.
[[0;32m  OK  [0m] Listening on [0;1;39mVirtual machine lock manager socket[0m.
[[0;32m  OK  [0m] Listening on [0;1;39mVirtual machine log manager socket[0m.
[[0;32m  OK  [0m] Listening on [0;1;39mLibvirt network local socket[0m.
[[0;32m  OK  [0m] Listening on [0;1;39mLibvirt nodedev local socket[0m.
[[0;32m  OK  [0m] Listening on [0;1;39mLibvirt nwfilter local socket[0m.
[[0;32m  OK  [0m] Listening on [0;1;39mLibvirt proxy local socket[0m.
[[0;32m  OK  [0m] Listening on [0;1;39mLibvirt qemu local socket[0m.
[[0;32m  OK  [0m] Listening on [0;1;39mLibvirt qemu admin socket[0m.
[[0;32m  OK  [0m] Listening on [0;1;39mLibvirt qemu local read-only socket[0m.
[[0;32m  OK  [0m] Listening on [0;1;39mLibvirt secret local socket[0m.
[[0;32m  OK  [0m] Listening on [0;1;39mLibvirt storage local socket[0m.
[[0;32m  OK  [0m] Reached target [0;1;39mSocket Units[0m.
         Starting [0;1;39mD-Bus System Message Bus[0m...
[[0;32m  OK  [0m] Started [0;1;39mD-Bus System Message Bus[0m.
[[0;32m  OK  [0m] Reached target [0;1;39mBasic System[0m.
         Starting [0;1;39mNetwork Manager[0m...
         Starting [0;1;39mNTP client/server[0m...
         Starting [0;1;39mRestore /run/initramfs on shutdown[0m...
[[0;32m  OK  [0m] Started [0;1;39mirqbalance daemon[0m.
[[0;32m  OK  [0m] Started [0;1;39mlibstoragemgmt plug-in server daemon[0m.
[[0;32m  OK  [0m] Started [0;1;39mMachine Check Exception Logging Daemon[0m.
[[0;32m  OK  [0m] Reached target [0;1;39msshd-keygen.target[0m.
[[0;32m  OK  [0m] Reached target [0;1;39mUser and Group Name Lookups[0m.
         Starting [0;1;39mUser Login Management[0m...
         Starting [0;1;39mVirtual Machine a…tainer Registration Service[0m...
[[0;32m  OK  [0m] Finished [0;1;39mRestore /run/initramfs on shutdown[0m.
[[0;32m  OK  [0m] Started [0;1;39mVirtual Machine an…ontainer Registration Service[0m.
         Starting [0;1;39mHostname Service[0m...
[[0;32m  OK  [0m] Started [0;1;39mUser Login Management[0m.
[[0;32m  OK  [0m] Started [0;1;39mNTP client/server[0m.
[[0;32m  OK  [0m] Started [0;1;39mHostname Service[0m.
         Starting [0;1;39mNetwork Manager Script Dispatcher Service[0m...
[[0;32m  OK  [0m] Started [0;1;39mNetwork Manager Script Dispatcher Service[0m.
[   11.805501] e1000: eth0 NIC Link is Up 1000 Mbps Full Duplex, Flow Control: RX
[[0;32m  OK  [0m] Started [0;1;39mNetwork Manager[0m.
[[0;32m  OK  [0m] Reached target [0;1;39mNetwork[0m.
[[0;32m  OK  [0m] Reached target [0;1;39mNetwork is Online[0m.
         Starting [0;1;39mGSSAPI Proxy Daemon[0m...
         Starting [0;1;39mNotify NFS peers of a restart[0m...
         Starting [0;1;39mSystem Logging Service[0m...
         Starting [0;1;39mOpenSSH server daemon[0m...
         Starting [0;1;39mDynamic System Tuning Daemon[0m...
[[0;32m  OK  [0m] Started [0;1;39mNotify NFS peers of a restart[0m.
[[0;32m  OK  [0m] Started [0;1;39mOpenSSH server daemon[0m.
[[0;32m  OK  [0m] Started [0;1;39mGSSAPI Proxy Daemon[0m.
[[0;32m  OK  [0m] Reached target [0;1;39mNFS client services[0m.
[[0;32m  OK  [0m] Reached target [0;1;39mPreparation for Remote File Systems[0m.
[[0;32m  OK  [0m] Reached target [0;1;39mRemote File Systems[0m.
         Starting [0;1;39mPermit User Sessions[0m...
         Starting [0;1;39mVirtualization qemu daemon[0m...
[[0;32m  OK  [0m] Finished [0;1;39mPermit User Sessions[0m.
[[0;32m  OK  [0m] Started [0;1;39mDeferred execution scheduler[0m.
[[0;32m  OK  [0m] Started [0;1;39mCommand Scheduler[0m.
         Starting [0;1;39mHold until boot process finishes up[0m...
         Starting [0;1;39mTerminate Plymouth Boot Screen[0m...
[[0;32m  OK  [0m] Started [0;1;39mSystem Logging Service[0m.
[[0;32m  OK  [0m] Started [0;1;39mVirtualization qemu daemon[0m.

CentOS Stream 9
Kernel 6.19.0-rc4-d29b900cf412+ on an x86_64

Activate the web console with: systemctl enable --now cockpit.socket

test login: 