c[?7l[2J[0mSeaBIOS (version rel-1.16.3-0-ga6ed6b701f0a-prebuilt.qemu.org)


iPXE (http://ipxe.org) 00:03.0 CA00 PCI2.10 PnP PMM+7EFD0D60+7EF30D60 CA00
Press Ctrl-B to configure iPXE (PCI 00:03.0)...                                                                               


Booting from ROM..c[?7l[2J[    0.000000] Linux version 6.18.0-edf602a17b03+ (root@gnr-800442) (gcc (GCC) 11.5.0 20240719 (Red Hat 11.5.0-14), GNU ld version 2.35.2-66.el9) #1 SMP PREEMPT_DYNAMIC Tue Jan 27 17:26:14 CST 2026
[    0.000000] Command line: console=ttyS0 root=/dev/sda earlyprintk=serial net.ifnames=0 thunderbolt.dyndbg
[    0.000000] KERNEL supported cpus:
[    0.000000]   Intel GenuineIntel
[    0.000000]   AMD AuthenticAMD
[    0.000000]   Hygon HygonGenuine
[    0.000000]   Centaur CentaurHauls
[    0.000000]   zhaoxin   Shanghai  
[    0.000000] x86/CPU: Model not found in latest microcode list
[    0.000000] x86/split lock detection: #DB: warning on user-space bus_locks
[    0.000000] BIOS-provided physical RAM map:
[    0.000000] BIOS-e820: [mem 0x0000000000000000-0x000000000009fbff] usable
[    0.000000] BIOS-e820: [mem 0x000000000009fc00-0x000000000009ffff] reserved
[    0.000000] BIOS-e820: [mem 0x00000000000f0000-0x00000000000fffff] reserved
[    0.000000] BIOS-e820: [mem 0x0000000000100000-0x000000007ffdffff] usable
[    0.000000] BIOS-e820: [mem 0x000000007ffe0000-0x000000007fffffff] reserved
[    0.000000] BIOS-e820: [mem 0x00000000feffc000-0x00000000feffffff] reserved
[    0.000000] BIOS-e820: [mem 0x00000000fffc0000-0x00000000ffffffff] reserved
[    0.000000] printk: legacy bootconsole [earlyser0] enabled
[    0.000000] NX (Execute Disable) protection: active
[    0.000000] APIC: Static calls initialized
[    0.000000] SMBIOS 3.0.0 present.
[    0.000000] DMI: QEMU Standard PC (i440FX + PIIX, 1996), BIOS rel-1.16.3-0-ga6ed6b701f0a-prebuilt.qemu.org 04/01/2014
[    0.000000] DMI: Memory slots populated: 1/1
[    0.000000] Hypervisor detected: KVM
[    0.000000] last_pfn = 0x7ffe0 max_arch_pfn = 0x10000000000
[    0.000000] kvm-clock: Using msrs 4b564d01 and 4b564d00
[    0.000003] kvm-clock: using sched offset of 695299666 cycles
[    0.000489] clocksource: kvm-clock: mask: 0xffffffffffffffff max_cycles: 0x1cd42e4dffb, max_idle_ns: 881590591483 ns
[    0.001948] tsc: Detected 2500.000 MHz processor
[    0.010756] last_pfn = 0x7ffe0 max_arch_pfn = 0x10000000000
[    0.011269] MTRR map: 4 entries (3 fixed + 1 variable; max 19), built from 8 variable MTRRs
[    0.012024] x86/PAT: Configuration [0-7]: WB  WC  UC- UC  WB  WP  UC- WT  
[    0.017484] found SMP MP-table at [mem 0x000f5480-0x000f548f]
[    0.018048] Using GB pages for direct mapping
[    0.020745] ACPI: Early table checksum verification disabled
[    0.021298] ACPI: RSDP 0x00000000000F52A0 000014 (v00 BOCHS )
[    0.021853] ACPI: RSDT 0x000000007FFE1C9B 000034 (v01 BOCHS  BXPC     00000001 BXPC 00000001)
[    0.022667] ACPI: FACP 0x000000007FFE1B47 000074 (v01 BOCHS  BXPC     00000001 BXPC 00000001)
[    0.023484] ACPI: DSDT 0x000000007FFE0040 001B07 (v01 BOCHS  BXPC     00000001 BXPC 00000001)
[    0.024287] ACPI: FACS 0x000000007FFE0000 000040
[    0.024739] ACPI: APIC 0x000000007FFE1BBB 000080 (v03 BOCHS  BXPC     00000001 BXPC 00000001)
[    0.025557] ACPI: HPET 0x000000007FFE1C3B 000038 (v01 BOCHS  BXPC     00000001 BXPC 00000001)
[    0.026359] ACPI: WAET 0x000000007FFE1C73 000028 (v01 BOCHS  BXPC     00000001 BXPC 00000001)
[    0.027170] ACPI: Reserving FACP table memory at [mem 0x7ffe1b47-0x7ffe1bba]
[    0.027823] ACPI: Reserving DSDT table memory at [mem 0x7ffe0040-0x7ffe1b46]
[    0.028471] ACPI: Reserving FACS table memory at [mem 0x7ffe0000-0x7ffe003f]
[    0.029119] ACPI: Reserving APIC table memory at [mem 0x7ffe1bbb-0x7ffe1c3a]
[    0.029768] ACPI: Reserving HPET table memory at [mem 0x7ffe1c3b-0x7ffe1c72]
[    0.030422] ACPI: Reserving WAET table memory at [mem 0x7ffe1c73-0x7ffe1c9a]
[    0.031947] No NUMA configuration found
[    0.032311] Faking a node at [mem 0x0000000000000000-0x000000007ffdffff]
[    0.032979] NODE_DATA(0) allocated [mem 0x7ffb4ec0-0x7ffdfcbf]
[    0.034851] Zone ranges:
[    0.035140]   DMA      [mem 0x0000000000001000-0x0000000000ffffff]
[    0.035732]   DMA32    [mem 0x0000000001000000-0x000000007ffdffff]
[    0.036306]   Normal   empty
[    0.036591]   Device   empty
[    0.036866] Movable zone start for each node
[    0.037272] Early memory node ranges
[    0.037612]   node   0: [mem 0x0000000000001000-0x000000000009efff]
[    0.038205]   node   0: [mem 0x0000000000100000-0x000000007ffdffff]
[    0.038793] Initmem setup node 0 [mem 0x0000000000001000-0x000000007ffdffff]
[    0.039842] On node 0, zone DMA: 1 pages in unavailable ranges
[    0.040600] On node 0, zone DMA: 97 pages in unavailable ranges
[    0.072312] On node 0, zone DMA32: 32 pages in unavailable ranges
[    0.151839] KernelAddressSanitizer initialized (generic)
[    0.152585] ACPI: PM-Timer IO Port: 0x608
[    0.152945] ACPI: LAPIC_NMI (acpi_id[0xff] dfl dfl lint[0x1])
[    0.153537] IOAPIC[0]: apic_id 0, version 17, address 0xfec00000, GSI 0-23
[    0.154163] ACPI: INT_SRC_OVR (bus 0 bus_irq 0 global_irq 2 dfl dfl)
[    0.154732] ACPI: INT_SRC_OVR (bus 0 bus_irq 5 global_irq 5 high level)
[    0.155316] ACPI: INT_SRC_OVR (bus 0 bus_irq 9 global_irq 9 high level)
[    0.155896] ACPI: INT_SRC_OVR (bus 0 bus_irq 10 global_irq 10 high level)
[    0.156495] ACPI: INT_SRC_OVR (bus 0 bus_irq 11 global_irq 11 high level)
[    0.157102] ACPI: Using ACPI (MADT) for SMP configuration information
[    0.157673] ACPI: HPET id: 0x8086a201 base: 0xfed00000
[    0.158131] TSC deadline timer available
[    0.158494] CPU topo: Max. logical packages:   1
[    0.158899] CPU topo: Max. logical dies:       1
[    0.159299] CPU topo: Max. dies per package:   1
[    0.159736] CPU topo: Max. threads per core:   1
[    0.160145] CPU topo: Num. cores per package:     2
[    0.160573] CPU topo: Num. threads per package:   2
[    0.160999] CPU topo: Allowing 2 present CPUs plus 0 hotplug CPUs
[    0.161590] kvm-guest: APIC: eoi() replaced with kvm_guest_apic_eoi_write()
[    0.162227] kvm-guest: KVM setup pv remote TLB flush
[    0.162685] kvm-guest: setup PV sched yield
[    0.163094] PM: hibernation: Registered nosave memory: [mem 0x00000000-0x00000fff]
[    0.163750] PM: hibernation: Registered nosave memory: [mem 0x0009f000-0x000fffff]
[    0.164407] [mem 0x80000000-0xfeffbfff] available for PCI devices
[    0.164943] Booting paravirtualized kernel on KVM
[    0.165352] clocksource: refined-jiffies: mask: 0xffffffff max_cycles: 0xffffffff, max_idle_ns: 7645519600211568 ns
[    0.166268] setup_percpu: NR_CPUS:8192 nr_cpumask_bits:2 nr_cpu_ids:2 nr_node_ids:1
[    0.167639] percpu: Embedded 81 pages/cpu s294912 r8192 d28672 u1048576
[    0.168443] kvm-guest: PV spinlocks enabled
[    0.168845] PV qspinlock hash table entries: 256 (order: 0, 4096 bytes, linear)
[    0.169503] Kernel command line: net.ifnames=0 console=ttyS0 root=/dev/sda earlyprintk=serial net.ifnames=0 thunderbolt.dyndbg
[    0.170806] random: crng init done
[    0.171113] printk: log buffer data + meta data: 262144 + 917504 = 1179648 bytes
[    0.172345] Dentry cache hash table entries: 262144 (order: 9, 2097152 bytes, linear)
[    0.173585] Inode-cache hash table entries: 131072 (order: 8, 1048576 bytes, linear)
[    0.174600] Fallback order for Node 0: 0 
[    0.174615] Built 1 zonelists, mobility grouping on.  Total pages: 524158
[    0.175555] Policy zone: DMA32
[    0.175823] mem auto-init: stack:off, heap alloc:off, heap free:off
[    0.176363] stackdepot: allocating hash table via alloc_large_system_hash
[    0.176974] stackdepot hash table entries: 1048576 (order: 12, 16777216 bytes, linear)
[    0.182123] stackdepot: allocating space for 8192 stack pools via memblock
[    0.227552] SLUB: HWalign=64, Order=0-3, MinObjects=0, CPUs=2, Nodes=1
[    0.228133] kmemleak: Kernel memory leak detector disabled
[    0.266594] ftrace: allocating 75240 entries in 296 pages
[    0.267078] ftrace: allocated 296 pages with 3 groups
[    0.272035] Dynamic Preempt: voluntary
[    0.272867] Running RCU self tests
[    0.273143] Running RCU synchronous self tests
[    0.273547] rcu: Preemptible hierarchical RCU implementation.
[    0.274042] rcu: 	RCU lockdep checking is enabled.
[    0.274461] rcu: 	RCU restricting CPUs from NR_CPUS=8192 to nr_cpu_ids=2.
[    0.275042] 	Trampoline variant of Tasks RCU enabled.
[    0.275484] 	Rude variant of Tasks RCU enabled.
[    0.275877] 	Tracing variant of Tasks RCU enabled.
[    0.276292] rcu: RCU calculated value of scheduler-enlistment delay is 25 jiffies.
[    0.276948] rcu: Adjusting geometry for rcu_fanout_leaf=16, nr_cpu_ids=2
[    0.277624] Running RCU synchronous self tests
[    0.278016] RCU Tasks: Setting shift to 1 and lim to 1 rcu_task_cb_adjust=1 rcu_task_cpu_ids=2.
[    0.278777] RCU Tasks Rude: Setting shift to 1 and lim to 1 rcu_task_cb_adjust=1 rcu_task_cpu_ids=2.
[    0.279579] RCU Tasks Trace: Setting shift to 1 and lim to 1 rcu_task_cb_adjust=1 rcu_task_cpu_ids=2.
[    0.353291] NR_IRQS: 524544, nr_irqs: 440, preallocated irqs: 16
[    0.354501] rcu: srcu_init: Setting srcu_struct sizes based on contention.
[    0.362931] Console: colour VGA+ 80x25
[    0.363327] printk: legacy console [ttyS0] enabled
[    0.363327] printk: legacy console [ttyS0] enabled
[    0.364199] printk: legacy bootconsole [earlyser0] disabled
[    0.364199] printk: legacy bootconsole [earlyser0] disabled
[    0.365217] Lock dependency validator: Copyright (c) 2006 Red Hat, Inc., Ingo Molnar
[    0.365914] ... MAX_LOCKDEP_SUBCLASSES:  8
[    0.366276] ... MAX_LOCK_DEPTH:          48
[    0.366657] ... MAX_LOCKDEP_KEYS:        8192
[    0.367048] ... CLASSHASH_SIZE:          4096
[    0.367429] ... MAX_LOCKDEP_ENTRIES:     32768
[    0.367834] ... MAX_LOCKDEP_CHAINS:      65536
[    0.368220] ... CHAINHASH_SIZE:          32768
[    0.368622]  memory used by lock dependency info: 6429 kB
[    0.369097]  memory used for stack traces: 4224 kB
[    0.369528]  per task-struct memory footprint: 1920 bytes
[    0.370114] ACPI: Core revision 20250807
[    0.370904] clocksource: hpet: mask: 0xffffffff max_cycles: 0xffffffff, max_idle_ns: 19112604467 ns
[    0.371915] APIC: Switch to symmetric I/O mode setup
[    0.372793] x2apic enabled
[    0.373460] APIC: Switched APIC routing to: physical x2apic
[    0.373978] kvm-guest: APIC: send_IPI_mask() replaced with kvm_send_ipi_mask()
[    0.374640] kvm-guest: APIC: send_IPI_mask_allbutself() replaced with kvm_send_ipi_mask_allbutself()
[    0.375460] kvm-guest: setup PV IPIs
[    0.376916] ..TIMER: vector=0x30 apic1=0 pin1=2 apic2=-1 pin2=-1
[    0.377496] clocksource: tsc-early: mask: 0xffffffffffffffff max_cycles: 0x240939f1bb2, max_idle_ns: 440795263295 ns
[    0.378432] Calibrating delay loop (skipped) preset value.. 5000.00 BogoMIPS (lpj=10000000)
[    0.379339] x86/cpu: User Mode Instruction Prevention (UMIP) activated
[    0.382479] Last level iTLB entries: 4KB 0, 2MB 0, 4MB 0
[    0.382970] Last level dTLB entries: 4KB 0, 2MB 0, 4MB 0, 1GB 0
[    0.383512] mitigations: Enabled attack vectors: user_kernel, user_user, guest_host, guest_guest, SMT mitigations: auto
[    0.384459] Speculative Store Bypass: Mitigation: Speculative Store Bypass disabled via prctl
[    0.385201] Spectre V2 : Mitigation: Enhanced / Automatic IBRS
[    0.385714] ITS: Mitigation: Aligned branch/return thunks
[    0.386205] Spectre V1 : Mitigation: usercopy/swapgs barriers and __user pointer sanitization
[    0.386428] Spectre V2 : WARNING: Unprivileged eBPF is enabled with eIBRS on, data leaks possible via Spectre v2 BHB attacks!
[    0.387424] Spectre V2 : Spectre v2 / PBRSB-eIBRS: Retire a single CALL on VMEXIT
[    0.388050] Spectre V2 : mitigation: Enabling conditional Indirect Branch Prediction Barrier
[    0.388760] active return thunk: its_return_thunk
[    0.389171] Spectre V2 : Spectre BHI mitigation: SW BHB clearing on syscall and VM exit
[    0.390536] x86/fpu: Supporting XSAVE feature 0x001: 'x87 floating point registers'
[    0.391224] x86/fpu: Supporting XSAVE feature 0x002: 'SSE registers'
[    0.391790] x86/fpu: Supporting XSAVE feature 0x004: 'AVX registers'
[    0.392345] x86/fpu: Supporting XSAVE feature 0x020: 'AVX-512 opmask'
[    0.392920] x86/fpu: Supporting XSAVE feature 0x040: 'AVX-512 Hi256'
[    0.393486] x86/fpu: Supporting XSAVE feature 0x080: 'AVX-512 ZMM_Hi256'
[    0.394428] x86/fpu: Supporting XSAVE feature 0x200: 'Protection Keys User registers'
[    0.395126] x86/fpu: Supporting XSAVE feature 0x20000: 'AMX Tile config'
[    0.395707] x86/fpu: Supporting XSAVE feature 0x40000: 'AMX Tile data'
[    0.396267] x86/fpu: xstate_offset[2]:  576, xstate_sizes[2]:  256
[    0.396811] x86/fpu: xstate_offset[5]:  832, xstate_sizes[5]:   64
[    0.397338] x86/fpu: xstate_offset[6]:  896, xstate_sizes[6]:  512
[    0.397874] x86/fpu: xstate_offset[7]: 1408, xstate_sizes[7]: 1024
[    0.398432] x86/fpu: xstate_offset[9]: 2432, xstate_sizes[9]:    8
[    0.398979] x86/fpu: xstate_offset[17]: 2496, xstate_sizes[17]:   64
[    0.399545] x86/fpu: xstate_offset[18]: 2560, xstate_sizes[18]: 8192
[    0.400093] x86/fpu: Enabled xstate features 0x602e7, context size is 10752 bytes, using 'compacted' format.
[    0.567047] Freeing SMP alternatives memory: 64K
[    0.567479] pid_max: default: 32768 minimum: 301
[    0.568252] Yama: becoming mindful.
[    0.568982] Mount-cache hash table entries: 4096 (order: 3, 32768 bytes, linear)
[    0.569635] Mountpoint-cache hash table entries: 4096 (order: 3, 32768 bytes, linear)
[    0.571809] Running RCU synchronous self tests
[    0.572203] Running RCU synchronous self tests
[    0.572934] smpboot: CPU0: Intel GENUINE INTEL(R) XEON(R) (family: 0x6, model: 0xad, stepping: 0x0)
[    0.574417] Performance Events: PEBS fmt0-, Granite Rapids events, 
[    0.574417] core: The event 0x400 is not supported as a normal event.
[    0.574417] core: The event 0x8000 is not supported as a normal event.
[    0.574417] core: The event 0x8100 is not supported as a normal event.
[    0.574417] core: The event 0x8200 is not supported as a normal event.
[    0.574429] core: The event 0x8300 is not supported as a normal event.
[    0.574983] core: The event 0x8400 is not supported as a normal event.
[    0.575527] core: The event 0x8500 is not supported as a normal event.
[    0.576079] core: The event 0x8600 is not supported as a normal event.
[    0.576618] core: The event 0x8700 is not supported as a normal event.
[    0.577191] full-width counters, Intel PMU driver.
[    0.577621] ... version:                   2
[    0.577997] ... bit width:                 48
[    0.578365] ... generic counters:          8
[    0.578422] ... generic bitmap:            00000000000000ff
[    0.578919] ... fixed-purpose counters:    3
[    0.579297] ... fixed-purpose bitmap:      0000000000000007
[    0.579785] ... value mask:                0000ffffffffffff
[    0.580254] ... max period:                00007fffffffffff
[    0.580735] ... global_ctrl mask:          00000007000000ff
[    0.581707] signal: max sigframe size: 11952
[    0.582224] rcu: Hierarchical SRCU implementation.
[    0.582425] rcu: 	Max phase no-delay instances is 1000.
[    0.583086] Timer migration: 1 hierarchy levels; 8 children per group; 1 crossnode level
[    0.606126] smp: Bringing up secondary CPUs ...
[    0.607007] smpboot: x86: Booting SMP configuration:
[    0.607481] .... node  #0, CPUs:      #1
[    0.607841] smp: Brought up 1 node, 2 CPUs
[    0.607841] smpboot: Total of 2 processors activated (10000.00 BogoMIPS)
[    0.611552] Memory: 1591816K/2096632K available (80898K kernel code, 15552K rwdata, 18808K rodata, 16412K init, 20864K bss, 493188K reserved, 0K cma-reserved)
[    0.613548] devtmpfs: initialized
[    0.615214] x86/mm: Memory block size: 128MB
[    0.625010] Running RCU synchronous self tests
[    0.626450] Running RCU synchronous self tests
[    0.626978] Running RCU Tasks wait API self tests
[    0.626978] Running RCU Tasks Rude wait API self tests
[    0.626978] Running RCU Tasks Trace wait API self tests
[    0.650484] clocksource: jiffies: mask: 0xffffffff max_cycles: 0xffffffff, max_idle_ns: 7645041785100000 ns
[    0.650507] posixtimers hash table entries: 1024 (order: 5, 73728 bytes, linear)
[    0.651194] futex hash table entries: 512 (65536 bytes on 1 NUMA nodes, total 64 KiB, linear).
[    0.653323] pinctrl core: initialized pinctrl subsystem
[    0.655077] 
[    0.655223] *************************************************************
[    0.655765] **     NOTICE NOTICE NOTICE NOTICE NOTICE NOTICE NOTICE    **
[    0.656336] **                                                         **
[    0.656904] **  IOMMU DebugFS SUPPORT HAS BEEN ENABLED IN THIS KERNEL  **
[    0.657471] **                                                         **
[    0.658076] ** This means that this kernel is built to expose internal **
[    0.658424] ** IOMMU data structures, which may compromise security on **
[    0.659002] ** your system.                                            **
[    0.659575] **                                                         **
[    0.660153] ** If you see this message and you are not debugging the   **
[    0.660713] ** kernel, report this immediately to your vendor!         **
[    0.661289] **                                                         **
[    0.661868] **     NOTICE NOTICE NOTICE NOTICE NOTICE NOTICE NOTICE    **
[    0.662422] *************************************************************
[    0.663079] PM: RTC time: 09:27:58, date: 2026-01-27
[    0.666235] NET: Registered PF_NETLINK/PF_ROUTE protocol family
[    0.667942] DMA: preallocated 256 KiB GFP_KERNEL pool for atomic allocations
[    0.668590] DMA: preallocated 256 KiB GFP_KERNEL|GFP_DMA pool for atomic allocations
[    0.669262] DMA: preallocated 256 KiB GFP_KERNEL|GFP_DMA32 pool for atomic allocations
[    0.670028] audit: initializing netlink subsys (disabled)
[    0.670539] audit: type=2000 audit(1769506079.067:1): state=initialized audit_enabled=0 res=1
[    0.672117] thermal_sys: Registered thermal governor 'fair_share'
[    0.672131] thermal_sys: Registered thermal governor 'bang_bang'
[    0.674437] thermal_sys: Registered thermal governor 'step_wise'
[    0.674983] thermal_sys: Registered thermal governor 'user_space'
[    0.675602] cpuidle: using governor ladder
[    0.675602] cpuidle: using governor menu
[    0.675680] acpiphp: ACPI Hot Plug PCI Controller Driver version: 0.5
[    0.679803] PCI: Using configuration type 1 for base access
[    0.680677] kprobes: kprobe jump-optimization is enabled. All kprobes are optimized if possible.
[    0.682617] Callback from call_rcu_tasks_trace() invoked.
[    0.804541] HugeTLB: registered 1.00 GiB page size, pre-allocated 0 pages
[    0.805216] HugeTLB: 16380 KiB vmemmap can be freed for a 1.00 GiB page
[    0.805791] HugeTLB: registered 2.00 MiB page size, pre-allocated 0 pages
[    0.806381] HugeTLB: 28 KiB vmemmap can be freed for a 2.00 MiB page
[    0.812395] ACPI: Added _OSI(Module Device)
[    0.812818] ACPI: Added _OSI(Processor Device)
[    0.813220] ACPI: Added _OSI(Processor Aggregator Device)
[    0.830116] ACPI: 1 ACPI AML tables successfully acquired and loaded
[    0.840333] ACPI: Interpreter enabled
[    0.840837] ACPI: PM: (supports S0 S3 S4 S5)
[    0.841195] ACPI: Using IOAPIC for interrupt routing
[    0.841764] PCI: Using host bridge windows from ACPI; if necessary, use "pci=nocrs" and report a bug
[    0.842425] PCI: Using E820 reservations for host bridge windows
[    0.844224] ACPI: Enabled 2 GPEs in block 00 to 0F
[    0.885569] ACPI: PCI Root Bridge [PCI0] (domain 0000 [bus 00-ff])
[    0.886167] acpi PNP0A03:00: _OSC: OS supports [ASPM ClockPM Segments MSI EDR HPX-Type3]
[    0.886496] acpi PNP0A03:00: _OSC: not requesting OS control; OS requires [ExtendedConfig ASPM ClockPM MSI]
[    0.887548] acpi PNP0A03:00: fail to add MMCONFIG information, can't access extended configuration space under this bridge
[    0.893495] acpiphp: Slot [3] registered
[    0.893988] acpiphp: Slot [4] registered
[    0.894462] acpiphp: Slot [5] registered
[    0.894942] acpiphp: Slot [6] registered
[    0.895422] acpiphp: Slot [7] registered
[    0.895904] acpiphp: Slot [8] registered
[    0.896395] acpiphp: Slot [9] registered
[    0.896916] acpiphp: Slot [10] registered
[    0.897412] acpiphp: Slot [11] registered
[    0.897915] acpiphp: Slot [12] registered
[    0.898403] acpiphp: Slot [13] registered
[    0.898555] acpiphp: Slot [14] registered
[    0.899044] acpiphp: Slot [15] registered
[    0.899529] acpiphp: Slot [16] registered
[    0.900021] acpiphp: Slot [17] registered
[    0.900515] acpiphp: Slot [18] registered
[    0.901009] acpiphp: Slot [19] registered
[    0.901500] acpiphp: Slot [20] registered
[    0.901982] acpiphp: Slot [21] registered
[    0.902482] acpiphp: Slot [22] registered
[    0.902963] acpiphp: Slot [23] registered
[    0.903450] acpiphp: Slot [24] registered
[    0.903930] acpiphp: Slot [25] registered
[    0.904422] acpiphp: Slot [26] registered
[    0.904907] acpiphp: Slot [27] registered
[    0.905410] acpiphp: Slot [28] registered
[    0.905898] acpiphp: Slot [29] registered
[    0.906391] acpiphp: Slot [30] registered
[    0.906591] acpiphp: Slot [31] registered
[    0.907014] PCI host bridge to bus 0000:00
[    0.907427] pci_bus 0000:00: root bus resource [io  0x0000-0x0cf7 window]
[    0.908024] pci_bus 0000:00: root bus resource [io  0x0d00-0xffff window]
[    0.908601] pci_bus 0000:00: root bus resource [mem 0x000a0000-0x000bffff window]
[    0.909249] pci_bus 0000:00: root bus resource [mem 0x80000000-0xfebfffff window]
[    0.909887] pci_bus 0000:00: root bus resource [mem 0x100000000-0x17fffffff window]
[    0.910426] pci_bus 0000:00: root bus resource [bus 00-ff]
[    0.911006] pci 0000:00:00.0: [8086:1237] type 00 class 0x060000 conventional PCI endpoint
[    0.913243] pci 0000:00:01.0: [8086:7000] type 00 class 0x060100 conventional PCI endpoint
[    0.915275] pci 0000:00:01.1: [8086:7010] type 00 class 0x010180 conventional PCI endpoint
[    0.916568] pci 0000:00:01.1: BAR 4 [io  0xc040-0xc04f]
[    0.917062] pci 0000:00:01.1: BAR 0 [io  0x01f0-0x01f7]: legacy IDE quirk
[    0.917651] pci 0000:00:01.1: BAR 1 [io  0x03f6]: legacy IDE quirk
[    0.918190] pci 0000:00:01.1: BAR 2 [io  0x0170-0x0177]: legacy IDE quirk
[    0.918430] pci 0000:00:01.1: BAR 3 [io  0x0376]: legacy IDE quirk
[    0.920042] pci 0000:00:01.3: [8086:7113] type 00 class 0x068000 conventional PCI endpoint
[    0.921015] pci 0000:00:01.3: quirk: [io  0x0600-0x063f] claimed by PIIX4 ACPI
[    0.921652] pci 0000:00:01.3: quirk: [io  0x0700-0x070f] claimed by PIIX4 SMB
[    0.923343] pci 0000:00:02.0: [1234:1111] type 00 class 0x030000 conventional PCI endpoint
[    0.925298] pci 0000:00:02.0: BAR 0 [mem 0xfd000000-0xfdffffff pref]
[    0.925916] pci 0000:00:02.0: BAR 2 [mem 0xfebf0000-0xfebf0fff]
[    0.926456] pci 0000:00:02.0: ROM [mem 0xfebe0000-0xfebeffff pref]
[    0.927081] pci 0000:00:02.0: Video device with shadowed ROM at [mem 0x000c0000-0x000dffff]
[    0.928948] pci 0000:00:03.0: [8086:100e] type 00 class 0x020000 conventional PCI endpoint
[    0.930434] pci 0000:00:03.0: BAR 0 [mem 0xfebc0000-0xfebdffff]
[    0.930957] pci 0000:00:03.0: BAR 1 [io  0xc000-0xc03f]
[    0.931448] pci 0000:00:03.0: ROM [mem 0xfeb80000-0xfebbffff pref]
[    0.955344] ACPI: PCI: Interrupt link LNKA configured for IRQ 10
[    0.956863] ACPI: PCI: Interrupt link LNKB configured for IRQ 10
[    0.958296] ACPI: PCI: Interrupt link LNKC configured for IRQ 11
[    0.959333] ACPI: PCI: Interrupt link LNKD configured for IRQ 11
[    0.960244] ACPI: PCI: Interrupt link LNKS configured for IRQ 9
[    0.964300] iommu: Default domain type: Translated
[    0.964774] iommu: DMA domain TLB invalidation policy: lazy mode
[    0.968307] SCSI subsystem initialized
[    0.970975] ACPI: bus type USB registered
[    0.971616] usbcore: registered new interface driver usbfs
[    0.972205] usbcore: registered new interface driver hub
[    0.972769] usbcore: registered new device driver usb
[    0.973956] pps_core: LinuxPPS API ver. 1 registered
[    0.974430] pps_core: Software ver. 5.3.6 - Copyright 2005-2007 Rodolfo Giometti <giometti@linux.it>
[    0.975258] PTP clock support registered
[    0.978693] EDAC MC: Ver: 3.0.0
[    0.984728] NetLabel: Initializing
[    0.985089] NetLabel:  domain hash size = 128
[    0.985487] NetLabel:  protocols = UNLABELED CIPSOv4 CALIPSO
[    0.986116] NetLabel:  unlabeled traffic allowed by default
[    0.986959] PCI: Using ACPI for IRQ routing
[    0.987688] pci 0000:00:02.0: vgaarb: setting as boot VGA device
[    0.988247] pci 0000:00:02.0: vgaarb: bridge control possible
[    0.988755] pci 0000:00:02.0: vgaarb: VGA device added: decodes=io+mem,owns=io+mem,locks=none
[    0.989505] vgaarb: loaded
[    0.990212] hpet0: at MMIO 0xfed00000, IRQs 2, 8, 0
[    0.990429] hpet0: 3 comparators, 64-bit 100.000000 MHz counter
[    0.994009] clocksource: Switched to clocksource kvm-clock
[    3.475127] VFS: Disk quotas dquot_6.6.0
[    3.475603] VFS: Dquot-cache hash table entries: 512 (order 0, 4096 bytes)
[    3.478755] pnp: PnP ACPI init
[    3.483102] pnp: PnP ACPI: found 6 devices
[    3.542545] clocksource: acpi_pm: mask: 0xffffff max_cycles: 0xffffff, max_idle_ns: 2085701024 ns
[    3.543824] NET: Registered PF_INET protocol family
[    3.544414] IP idents hash table entries: 32768 (order: 6, 262144 bytes, linear)
[    3.546508] tcp_listen_portaddr_hash hash table entries: 1024 (order: 5, 73728 bytes, linear)
[    3.547683] Table-perturb hash table entries: 65536 (order: 6, 262144 bytes, linear)
[    3.548555] TCP established hash table entries: 16384 (order: 5, 131072 bytes, linear)
[    3.549551] TCP bind hash table entries: 16384 (order: 10, 2359296 bytes, linear)
[    3.551512] TCP: Hash tables configured (established 16384 bind 16384)
[    3.552235] UDP hash table entries: 1024 (order: 6, 262144 bytes, linear)
[    3.552902] UDP-Lite hash table entries: 1024 (order: 6, 262144 bytes, linear)
[    3.553879] NET: Registered PF_UNIX/PF_LOCAL protocol family
[    3.555932] RPC: Registered named UNIX socket transport module.
[    3.556548] RPC: Registered udp transport module.
[    3.556977] RPC: Registered tcp transport module.
[    3.557384] RPC: Registered tcp-with-tls transport module.
[    3.557852] RPC: Registered tcp NFSv4.1 backchannel transport module.
[    3.558455] pci_bus 0000:00: resource 4 [io  0x0000-0x0cf7 window]
[    3.559046] pci_bus 0000:00: resource 5 [io  0x0d00-0xffff window]
[    3.559623] pci_bus 0000:00: resource 6 [mem 0x000a0000-0x000bffff window]
[    3.560236] pci_bus 0000:00: resource 7 [mem 0x80000000-0xfebfffff window]
[    3.560835] pci_bus 0000:00: resource 8 [mem 0x100000000-0x17fffffff window]
[    3.561827] pci 0000:00:01.0: PIIX3: Enabling Passive Release
[    3.562353] pci 0000:00:00.0: Limiting direct PCI/PCI transfers
[    3.562951] PCI: CLS 0 bytes, default 64
[    3.563405] ACPI: bus type thunderbolt registered
[    3.564223] clocksource: tsc: mask: 0xffffffffffffffff max_cycles: 0x240939f1bb2, max_idle_ns: 440795263295 ns
[    3.573655] Initialise system trusted keyrings
[    3.574182] Key type blacklist registered
[    3.575457] workingset: timestamp_bits=36 max_order=19 bucket_order=0
[    3.578589] squashfs: version 4.0 (2009/01/31) Phillip Lougher
[    3.581934] NFS: Registering the id_resolver key type
[    3.582478] Key type id_resolver registered
[    3.582834] Key type id_legacy registered
[    3.583262] nfs4filelayout_init: NFSv4 File Layout Driver Registering...
[    3.583900] nfs4flexfilelayout_init: NFSv4 Flexfile Layout Driver Registering...
[    3.585258] fuse: init (API version 7.45)
[    3.586766] SGI XFS with ACLs, security attributes, realtime, quota, no debug enabled
[    3.589567] 9p: Installing v9fs 9p2000 file system support
[    3.604354] Key type asymmetric registered
[    3.604719] Asymmetric key parser 'x509' registered
[    3.605288] Block layer SCSI generic (bsg) driver version 0.4 loaded (major 241)
[    3.606790] io scheduler mq-deadline registered
[    3.607463] io scheduler bfq registered
[    3.609047] ledtrig-cpu: registered to indicate activity on CPUs
[    3.611124] IPMI message handler: version 39.2
[    3.611637] ipmi device interface
[    3.614626] input: Power Button as /devices/LNXSYSTM:00/LNXPWRBN:00/input/input0
[    3.615925] ACPI: button: Power Button [PWRF]
[    3.618846] ERST DBG: ERST support is disabled.
[    3.621121] Serial: 8250/16550 driver, 32 ports, IRQ sharing enabled
[    3.622957] 00:04: ttyS0 at I/O 0x3f8 (irq = 4, base_baud = 115200) is a 16550A
[    3.643504] Callback from call_rcu_tasks() invoked.
[    3.668340] Linux agpgart interface v0.103
[    3.672492] ACPI: bus type drm_connector registered
[    3.706937] brd: module loaded
[    3.730419] loop: module loaded
[    3.746194] scsi host0: ata_piix
[    3.748486] scsi host1: ata_piix
[    3.749318] ata1: PATA max MWDMA2 cmd 0x1f0 ctl 0x3f6 bmdma 0xc040 irq 14 lpm-pol 0
[    3.749943] ata2: PATA max MWDMA2 cmd 0x170 ctl 0x376 bmdma 0xc048 irq 15 lpm-pol 0
[    3.754086] tun: Universal TUN/TAP device driver, 1.6
[    3.755260] e100: Intel(R) PRO/100 Network Driver
[    3.755738] e100: Copyright(c) 1999-2006 Intel Corporation
[    3.756341] e1000: Intel(R) PRO/1000 Network Driver
[    3.756756] e1000: Copyright (c) 1999-2006 Intel Corporation.
[    3.903614] ata1: found unknown device (class 0)
[    3.904633] ata1.00: ATA-7: QEMU HARDDISK, 2.5+, max UDMA/100
[    3.905173] ata1.00: 17196647 sectors, multi 16: LBA48 
[    3.907534] ata2: found unknown device (class 0)
[    3.909006] ata2.00: ATAPI: QEMU DVD-ROM, 2.5+, max UDMA/100
[    3.909770] scsi 0:0:0:0: Direct-Access     ATA      QEMU HARDDISK    2.5+ PQ: 0 ANSI: 5
[    3.913645] sd 0:0:0:0: Attached scsi generic sg0 type 0
[    3.915244] sd 0:0:0:0: [sda] 17196647 512-byte logical blocks: (8.80 GB/8.20 GiB)
[    3.916013] scsi 1:0:0:0: CD-ROM            QEMU     QEMU DVD-ROM     2.5+ PQ: 0 ANSI: 5
[    3.916922] sd 0:0:0:0: [sda] Write Protect is off
[    3.917586] sd 0:0:0:0: [sda] Write cache: enabled, read cache: enabled, doesn't support DPO or FUA
[    3.918608] sd 0:0:0:0: [sda] Preferred minimum I/O size 512 bytes
[    3.946529] scsi 1:0:0:0: Attached scsi generic sg1 type 5
[    3.949617] sd 0:0:0:0: [sda] Attached SCSI disk
[    4.495859] ACPI: \_SB_.LNKC: Enabled at IRQ 11
[    4.807516] e1000 0000:00:03.0 eth0: (PCI:33MHz:32-bit) 52:54:00:12:34:56
[    4.808133] e1000 0000:00:03.0 eth0: Intel(R) PRO/1000 Network Connection
[    4.808900] e1000e: Intel(R) PRO/1000 Network Driver
[    4.809340] e1000e: Copyright(c) 1999 - 2015 Intel Corporation.
[    4.809992] igb: Intel(R) Gigabit Ethernet Network Driver
[    4.810441] igb: Copyright (c) 2007-2014 Intel Corporation.
[    4.811261] PPP generic driver version 2.4.2
[    4.813767] VFIO - User Level meta-driver version: 0.3
[    4.815975] usbcore: registered new interface driver uas
[    4.816619] usbcore: registered new interface driver usb-storage
[    4.817425] i8042: PNP: PS/2 Controller [PNP0303:KBD,PNP0f13:MOU] at 0x60,0x64 irq 1,12
[    4.819601] serio: i8042 KBD port at 0x60,0x64 irq 1
[    4.820148] serio: i8042 AUX port at 0x60,0x64 irq 12
[    4.822538] mousedev: PS/2 mouse device common for all mice
[    4.824848] input: AT Translated Set 2 keyboard as /devices/platform/i8042/serio0/input/input1
[    4.827103] rtc_cmos 00:05: RTC can wake from S4
[    4.829467] input: VirtualPS/2 VMware VMMouse as /devices/platform/i8042/serio1/input/input4
[    4.829841] rtc_cmos 00:05: registered as rtc0
[    4.830769] rtc_cmos 00:05: setting system clock to 2026-01-27T09:28:02 UTC (1769506082)
[    4.831964] rtc_cmos 00:05: alarms up to one day, y3k, 242 bytes nvram, hpet irqs
[    4.832888] i2c_dev: i2c /dev entries driver
[    4.833577] device-mapper: core: CONFIG_IMA_DISABLE_HTABLE is disabled. Duplicate IMA measurements will not be recorded in the IMA log.
[    4.834023] input: VirtualPS/2 VMware VMMouse as /devices/platform/i8042/serio1/input/input3
[    4.834696] device-mapper: uevent: version 1.0.3
[    4.836542] device-mapper: ioctl: 4.50.0-ioctl (2025-04-28) initialised: dm-devel@lists.linux.dev
[    4.837402] intel_pstate: CPU model not supported
[    4.838106] sdhci: Secure Digital Host Controller Interface driver
[    4.838642] sdhci: Copyright(c) Pierre Ossman
[    4.839229] sdhci-pltfm: SDHCI platform and OF driver helper
[    4.840407] drop_monitor: Initializing network drop monitor service
[    4.841368] NET: Registered PF_INET6 protocol family
[    4.845122] Segment Routing with IPv6
[    4.845560] In-situ OAM (IOAM) with IPv6
[    4.845974] NET: Registered PF_PACKET protocol family
[    4.847357] 9pnet: Installing 9P2000 support
[    4.847984] Key type dns_resolver registered
[    4.850889] IPI shorthand broadcast: enabled
[    4.910451] sched_clock: Marking stable (4888009338, 19293692)->(4920667740, -13364710)
[    4.912878] registered taskstats version 1
[    4.914266] Loading compiled-in X.509 certificates
[    4.993098] Demotion targets for Node 0: null
[    4.995450] Key type .fscrypt registered
[    4.995841] Key type fscrypt-provisioning registered
[    5.006895] Key type encrypted registered
[    5.007363] ima: No TPM chip found, activating TPM-bypass!
[    5.007832] ima: Allocated hash algorithm: sha1
[    5.008320] ima: No architecture policies found
[    5.008862] evm: Initialising EVM extended attributes:
[    5.009315] evm: security.selinux
[    5.009607] evm: security.SMACK64
[    5.009896] evm: security.SMACK64EXEC
[    5.010212] evm: security.SMACK64TRANSMUTE
[    5.010557] evm: security.SMACK64MMAP
[    5.010865] evm: security.apparmor
[    5.011162] evm: security.ima
[    5.011444] evm: security.capability
[    5.011755] evm: HMAC attrs: 0x1
[    5.014930] PM:   Magic number: 10:876:475
[    5.016758] RAS: Correctable Errors collector initialized.
[    5.017601] clk: Disabling unused clocks
[    5.018039] PM: genpd: Disabling unused power domains
[    5.019533] check access for rdinit=/init failed: -2, ignoring
[    5.020058] md: Waiting for all devices to be available before autodetect
[    5.020465] md: If you don't use raid, use raid=noautodetect
[    5.020797] md: Autodetecting RAID arrays.
[    5.021082] md: autorun ...
[    5.021255] md: ... autorun DONE.
[    5.034289] EXT4-fs (sda): INFO: recovery required on readonly filesystem
[    5.034724] EXT4-fs (sda): write access will be enabled during recovery
[    5.104833] EXT4-fs (sda): recovery complete
[    5.108998] EXT4-fs (sda): mounted filesystem 088740a9-c8b4-422c-999d-a804eb68a4da ro with ordered data mode. Quota mode: none.
[    5.109778] VFS: Mounted root (ext4 filesystem) readonly on device 8:0.
[    5.113848] devtmpfs: mounted
[    5.134125] Freeing unused decrypted memory: 2036K
[    5.141175] Freeing unused kernel image (initmem) memory: 16412K
[    5.141647] Write protecting the kernel read-only data: 102400k
[    5.144836] Freeing unused kernel image (text/rodata gap) memory: 1020K
[    5.146953] Freeing unused kernel image (rodata/data gap) memory: 1672K
[    6.147774] x86/mm: Checked W+X mappings: passed, no W+X pages found.
[    6.148392] Run /sbin/init as init process
[    6.411759] systemd[1]: systemd 252-15.el9 running in system mode (+PAM +AUDIT +SELINUX -APPARMOR +IMA +SMACK +SECCOMP +GCRYPT +GNUTLS +OPENSSL +ACL +BLKID +CURL +ELFUTILS -FIDO2 +IDN2 -IDN -IPTC +KMOD +LIBCRYPTSETUP +LIBFDISK +PCRE2 -PWQUALITY +P11KIT -QRENCODE +TPM2 +BZIP2 +LZ4 +XZ +ZLIB +ZSTD -BPF_FRAMEWORK +XKBCOMMON +UTMP +SYSVINIT default-hierarchy=unified)
[    6.413632] systemd[1]: Detected virtualization kvm.
[    6.413949] systemd[1]: Detected architecture x86-64.

Welcome to [0;31mCentOS Stream 9[0m!

[    6.423347] systemd[1]: Hostname set to <test>.
[    6.595746] systemd-rc-local-generator[121]: /etc/rc.d/rc.local is not marked executable, skipping.
[    7.143136] systemd[1]: Queued start job for default target Multi-User System.
[    7.170536] systemd[1]: Created slice Virtual Machine and Container Slice.
[[0;32m  OK  [0m] Created slice [0;1;39mVirtual Machine and Container Slice[0m.
[    7.176402] systemd[1]: Created slice Slice /system/getty.
[[0;32m  OK  [0m] Created slice [0;1;39mSlice /system/getty[0m.
[    7.179820] systemd[1]: Created slice Slice /system/modprobe.
[[0;32m  OK  [0m] Created slice [0;1;39mSlice /system/modprobe[0m.
[    7.183555] systemd[1]: Created slice Slice /system/serial-getty.
[[0;32m  OK  [0m] Created slice [0;1;39mSlice /system/serial-getty[0m.
[    7.187264] systemd[1]: Created slice Slice /system/sshd-keygen.
[[0;32m  OK  [0m] Created slice [0;1;39mSlice /system/sshd-keygen[0m.
[    7.191006] systemd[1]: Created slice User and Session Slice.
[[0;32m  OK  [0m] Created slice [0;1;39mUser and Session Slice[0m.
[    7.192945] systemd[1]: Started Forward Password Requests to Wall Directory Watch.
[[0;32m  OK  [0m] Started [0;1;39mForward Password R…uests to Wall Directory Watch[0m.
[    7.195727] systemd[1]: Set up automount Arbitrary Executable File Formats File System Automount Point.
[[0;32m  OK  [0m] Set up automount [0;1;39mArbitrary…s File System Automount Point[0m.
[    7.197588] systemd[1]: Reached target Local Integrity Protected Volumes.
[[0;32m  OK  [0m] Reached target [0;1;39mLocal Integrity Protected Volumes[0m.
[    7.199232] systemd[1]: Reached target Slice Units.
[[0;32m  OK  [0m] Reached target [0;1;39mSlice Units[0m.
[    7.200746] systemd[1]: Reached target Swaps.
[[0;32m  OK  [0m] Reached target [0;1;39mSwaps[0m.
[    7.202128] systemd[1]: Reached target Local Verity Protected Volumes.
[[0;32m  OK  [0m] Reached target [0;1;39mLocal Verity Protected Volumes[0m.
[    7.204072] systemd[1]: Listening on Device-mapper event daemon FIFOs.
[[0;32m  OK  [0m] Listening on [0;1;39mDevice-mapper event daemon FIFOs[0m.
[    7.206404] systemd[1]: Listening on LVM2 poll daemon socket.
[[0;32m  OK  [0m] Listening on [0;1;39mLVM2 poll daemon socket[0m.
[    7.208120] systemd[1]: multipathd control socket was skipped because of an unmet condition check (ConditionPathExists=/etc/multipath.conf).
[    7.264307] systemd[1]: Listening on RPCbind Server Activation Socket.
[[0;32m  OK  [0m] Listening on [0;1;39mRPCbind Server Activation Socket[0m.
[    7.265569] systemd[1]: Reached target RPC Port Mapper.
[[0;32m  OK  [0m] Reached target [0;1;39mRPC Port Mapper[0m.
[    7.269815] systemd[1]: Listening on Process Core Dump Socket.
[[0;32m  OK  [0m] Listening on [0;1;39mProcess Core Dump Socket[0m.
[    7.271279] systemd[1]: Listening on initctl Compatibility Named Pipe.
[[0;32m  OK  [0m] Listening on [0;1;39minitctl Compatibility Named Pipe[0m.
[    7.272967] systemd[1]: Listening on Journal Socket (/dev/log).
[[0;32m  OK  [0m] Listening on [0;1;39mJournal Socket (/dev/log)[0m.
[    7.274493] systemd[1]: Listening on Journal Socket.
[[0;32m  OK  [0m] Listening on [0;1;39mJournal Socket[0m.
[    7.276050] systemd[1]: Listening on udev Control Socket.
[[0;32m  OK  [0m] Listening on [0;1;39mudev Control Socket[0m.
[    7.277545] systemd[1]: Listening on udev Kernel Socket.
[[0;32m  OK  [0m] Listening on [0;1;39mudev Kernel Socket[0m.
[    7.283652] systemd[1]: Mounting Huge Pages File System...
         Mounting [0;1;39mHuge Pages File System[0m...
[    7.291374] systemd[1]: Mounting POSIX Message Queue File System...
         Mounting [0;1;39mPOSIX Message Queue File System[0m...
[    7.299450] systemd[1]: Mounting Kernel Debug File System...
         Mounting [0;1;39mKernel Debug File System[0m...
[    7.328211] systemd[1]: Mounting Kernel Trace File System...
         Mounting [0;1;39mKernel Trace File System[0m...
[    7.329682] systemd[1]: Kernel Module supporting RPCSEC_GSS was skipped because of an unmet condition check (ConditionPathExists=/etc/krb5.keytab).
[    7.330681] systemd[1]: Create List of Static Device Nodes was skipped because of an unmet condition check (ConditionFileNotEmpty=/lib/modules/6.18.0-edf602a17b03+/modules.devname).
[    7.336923] systemd[1]: Starting Monitoring of LVM2 mirrors, snapshots etc. using dmeventd or progress polling...
         Starting [0;1;39mMonitoring of LVM…meventd or progress polling[0m...
[    7.344908] systemd[1]: Starting Load Kernel Module configfs...
         Starting [0;1;39mLoad Kernel Module configfs[0m...
[    7.357385] systemd[1]: Starting Load Kernel Module drm...
         Starting [0;1;39mLoad Kernel Module drm[0m...
[    7.369267] systemd[1]: Starting Load Kernel Module fuse...
         Starting [0;1;39mLoad Kernel Module fuse[0m...
[    7.397152] systemd[1]: Starting Read and set NIS domainname from /etc/sysconfig/network...
         Starting [0;1;39mRead and set NIS …from /etc/sysconfig/network[0m...
[    7.410460] systemd[1]: Starting Journal Service...
         Starting [0;1;39mJournal Service[0m...
[    7.432090] systemd[1]: Starting Load Kernel Modules...
         Starting [0;1;39mLoad Kernel Modules[0m...
[    7.442512] systemd[1]: Starting Generate network units from Kernel command line...
         Starting [0;1;39mGenerate network …ts from Kernel command line[0m...
[    7.472623] systemd[1]: Starting Remount Root and Kernel File Systems...
         Starting [0;1;39mRemount Root and Kernel File Systems[0m...
[    7.474412] systemd[1]: Repartition Root Disk was skipped because no trigger condition checks were met.
[    7.508678] systemd[1]: Starting Coldplug All udev Devices...
         Starting [0;1;39mColdplug All udev Devices[0m...
[    7.523282] systemd[1]: Mounted Huge Pages File System.
[[0;32m  OK  [0m] Mounted [0;1;39mHuge Pages File System[0m.
[    7.528665] systemd[1]: Mounted POSIX Message Queue File System.
[[0;32m  OK  [0m] Mounted [0;1;39mPOSIX Message Queue File System[0m.
[    7.531863] systemd[1]: Mounted Kernel Debug File System.
[[0;32m  OK  [0m] Mounted [0;1;39mKernel Debug File System[0m.
[    7.537130] systemd[1]: Mounted Kernel Trace File System.
[[0;32m  OK  [0m] Mounted [0;1;39mKernel Trace File System[0m.
[    7.538885] EXT4-fs (sda): re-mounted 088740a9-c8b4-422c-999d-a804eb68a4da r/w.
[    7.542848] systemd[1]: Finished Monitoring of LVM2 mirrors, snapshots etc. using dmeventd or progress polling.
[[0;32m  OK  [0m] Finished [0;1;39mMonitoring of LVM… dmeventd or progress polling[0m.
[    7.553656] systemd[1]: modprobe@configfs.service: Deactivated successfully.
[    7.555151] systemd[1]: Finished Load Kernel Module configfs.
[[0;32m  OK  [0m] Finished [0;1;39mLoad Kernel Module configfs[0m.
[    7.563627] systemd[1]: modprobe@drm.service: Deactivated successfully.
[    7.567496] systemd[1]: Finished Load Kernel Module drm.
[[0;32m  OK  [0m] Finished [0;1;39mLoad Kernel Module drm[0m.
[    7.569855] systemd[1]: modprobe@fuse.service: Deactivated successfully.
[    7.575538] systemd[1]: Finished Load Kernel Module fuse.
[[0;32m  OK  [0m] Finished [0;1;39mLoad Kernel Module fuse[0m.
[    7.578099] systemd[1]: Finished Read and set NIS domainname from /etc/sysconfig/network.
[[0;32m  OK  [0m] Finished [0;1;39mRead and set NIS …e from /etc/sysconfig/network[0m.
[    7.585682] systemd[1]: systemd-modules-load.service: Main process exited, code=exited, status=1/FAILURE
[    7.587033] systemd[1]: systemd-modules-load.service: Failed with result 'exit-code'.
[    7.592597] systemd[1]: Failed to start Load Kernel Modules.
[[0;1;31mFAILED[0m] Failed to start [0;1;39mLoad Kernel Modules[0m.
See 'systemctl status systemd-modules-load.service' for details.
[    7.594612] systemd[1]: Started Journal Service.
[[0;32m  OK  [0m] Started [0;1;39mJournal Service[0m.
[[0;32m  OK  [0m] Finished [0;1;39mGenerate network units from Kernel command line[0m.
[[0;32m  OK  [0m] Finished [0;1;39mRemount Root and Kernel File Systems[0m.
[[0;32m  OK  [0m] Reached target [0;1;39mPreparation for Network[0m.
         Mounting [0;1;39mFUSE Control File System[0m...
         Mounting [0;1;39mKernel Configuration File System[0m...
         Starting [0;1;39mFlush Journal to Persistent Storage[0m...
         Starting [0;1;39mLoad/Save Random Seed[0m...
         Starting [0;1;39mApply Kernel Variables[0m...
[    7.680209] systemd-journald[143]: Received client request to flush runtime journal.
         Starting [0;1;39mCreate Static Device Nodes in /dev[0m...
         Starting [0;1;39mSetup Virtual Console[0m...
[[0;32m  OK  [0m] Mounted [0;1;39mFUSE Control File System[0m.
[[0;32m  OK  [0m] Mounted [0;1;39mKernel Configuration File System[0m.
[[0;32m  OK  [0m] Finished [0;1;39mFlush Journal to Persistent Storage[0m.
[[0;32m  OK  [0m] Finished [0;1;39mLoad/Save Random Seed[0m.
[[0;32m  OK  [0m] Finished [0;1;39mApply Kernel Variables[0m.
[[0;32m  OK  [0m] Finished [0;1;39mCreate Static Device Nodes in /dev[0m.
         Starting [0;1;39mRule-based Manage…for Device Events and Files[0m...
[[0;32m  OK  [0m] Started [0;1;39mRule-based Manager for Device Events and Files[0m.
         Starting [0;1;39mAuto-connect to s…E devices found during boot[0m...
[[0;32m  OK  [0m] Finished [0;1;39mAuto-connect to s…VME devices found during boot[0m.
[[0;32m  OK  [0m] Finished [0;1;39mColdplug All udev Devices[0m.
         Starting [0;1;39mWait for udev To …plete Device Initialization[0m...
[[0;32m  OK  [0m] Finished [0;1;39mSetup Virtual Console[0m.
         Starting [0;1;39mShow Plymouth Boot Screen[0m...
[2J[3J[-1;-1f[[0;32m  OK  [0m] Started [0;1;39mShow Plymouth Boot Screen[0m.
[[0;32m  OK  [0m] Started [0;1;39mForward Password R…s to Plymouth Directory Watch[0m.
[[0;32m  OK  [0m] Reached target [0;1;39mLocal Encrypted Volumes[0m.
[[0;32m  OK  [0m] Reached target [0;1;39mPath Units[0m.
[[0;32m  OK  [0m] Found device [0;1;39m/dev/ttyS0[0m.
[[0;32m  OK  [0m] Listening on [0;1;39mLoad/Save RF …itch Status /dev/rfkill Watch[0m.
[[0;32m  OK  [0m] Finished [0;1;39mWait for udev To Complete Device Initialization[0m.
[[0;32m  OK  [0m] Reached target [0;1;39mPreparation for Local File Systems[0m.
[[0;32m  OK  [0m] Reached target [0;1;39mLocal File Systems[0m.
         Starting [0;1;39mTell Plymouth To Write Out Runtime Data[0m...
         Starting [0;1;39mAutomatic Boot Loader Update[0m...
         Starting [0;1;39mCreate Volatile Files and Directories[0m...
[[0;32m  OK  [0m] Finished [0;1;39mTell Plymouth To Write Out Runtime Data[0m.
[[0;32m  OK  [0m] Finished [0;1;39mAutomatic Boot Loader Update[0m.
[[0;32m  OK  [0m] Finished [0;1;39mCreate Volatile Files and Directories[0m.
         Mounting [0;1;39mRPC Pipe File System[0m...
         Starting [0;1;39mSecurity Auditing Service[0m...
         Starting [0;1;39mRPC Bind[0m...
[[0;32m  OK  [0m] Mounted [0;1;39mRPC Pipe File System[0m.
[[0;32m  OK  [0m] Reached target [0;1;39mrpc_pipefs.target[0m.
[[0;32m  OK  [0m] Started [0;1;39mRPC Bind[0m.
[[0;32m  OK  [0m] Started [0;1;39mSecurity Auditing Service[0m.
         Starting [0;1;39mRecord System Boot/Shutdown in UTMP[0m...
[[0;32m  OK  [0m] Finished [0;1;39mRecord System Boot/Shutdown in UTMP[0m.
[[0;32m  OK  [0m] Reached target [0;1;39mSystem Initialization[0m.
[[0;32m  OK  [0m] Started [0;1;39mDaily rotation of log files[0m.
[[0;32m  OK  [0m] Started [0;1;39mUpdates mlocate database every day[0m.
[[0;32m  OK  [0m] Started [0;1;39mDaily Cleanup of Temporary Directories[0m.
[[0;32m  OK  [0m] Started [0;1;39mdaily update of the root trust anchor for DNSSEC[0m.
[[0;32m  OK  [0m] Reached target [0;1;39mTimer Units[0m.
[[0;32m  OK  [0m] Listening on [0;1;39mD-Bus System Message Bus Socket[0m.
[[0;32m  OK  [0m] Listening on [0;1;39mOpen-iSCSI iscsid Socket[0m.
[[0;32m  OK  [0m] Listening on [0;1;39mOpen-iSCSI iscsiuio Socket[0m.
[[0;32m  OK  [0m] Listening on [0;1;39mSSSD Kerberos…ache Manager responder socket[0m.
[[0;32m  OK  [0m] Listening on [0;1;39mLibvirt interface local socket[0m.
[[0;32m  OK  [0m] Listening on [0;1;39mVirtual machine lock manager socket[0m.
[[0;32m  OK  [0m] Listening on [0;1;39mVirtual machine log manager socket[0m.
[[0;32m  OK  [0m] Listening on [0;1;39mLibvirt network local socket[0m.
[[0;32m  OK  [0m] Listening on [0;1;39mLibvirt nodedev local socket[0m.
[[0;32m  OK  [0m] Listening on [0;1;39mLibvirt nwfilter local socket[0m.
[[0;32m  OK  [0m] Listening on [0;1;39mLibvirt proxy local socket[0m.
[[0;32m  OK  [0m] Listening on [0;1;39mLibvirt qemu local socket[0m.
[[0;32m  OK  [0m] Listening on [0;1;39mLibvirt qemu admin socket[0m.
[[0;32m  OK  [0m] Listening on [0;1;39mLibvirt qemu local read-only socket[0m.
[[0;32m  OK  [0m] Listening on [0;1;39mLibvirt secret local socket[0m.
[[0;32m  OK  [0m] Listening on [0;1;39mLibvirt storage local socket[0m.
[[0;32m  OK  [0m] Reached target [0;1;39mSocket Units[0m.
         Starting [0;1;39mD-Bus System Message Bus[0m...
[[0;32m  OK  [0m] Started [0;1;39mD-Bus System Message Bus[0m.
[[0;32m  OK  [0m] Reached target [0;1;39mBasic System[0m.
         Starting [0;1;39mNetwork Manager[0m...
         Starting [0;1;39mNTP client/server[0m...
         Starting [0;1;39mRestore /run/initramfs on shutdown[0m...
[[0;32m  OK  [0m] Started [0;1;39mirqbalance daemon[0m.
[[0;32m  OK  [0m] Started [0;1;39mlibstoragemgmt plug-in server daemon[0m.
[[0;32m  OK  [0m] Started [0;1;39mMachine Check Exception Logging Daemon[0m.
[[0;32m  OK  [0m] Reached target [0;1;39msshd-keygen.target[0m.
[[0;32m  OK  [0m] Reached target [0;1;39mUser and Group Name Lookups[0m.
         Starting [0;1;39mUser Login Management[0m...
         Starting [0;1;39mVirtual Machine a…tainer Registration Service[0m...
[[0;32m  OK  [0m] Finished [0;1;39mRestore /run/initramfs on shutdown[0m.
[[0;32m  OK  [0m] Started [0;1;39mVirtual Machine an…ontainer Registration Service[0m.
         Starting [0;1;39mHostname Service[0m...
[[0;32m  OK  [0m] Started [0;1;39mNTP client/server[0m.
[[0;32m  OK  [0m] Started [0;1;39mUser Login Management[0m.
[[0;32m  OK  [0m] Started [0;1;39mHostname Service[0m.
         Starting [0;1;39mNetwork Manager Script Dispatcher Service[0m...
[[0;32m  OK  [0m] Started [0;1;39mNetwork Manager Script Dispatcher Service[0m.
[   11.131656] e1000: eth0 NIC Link is Up 1000 Mbps Full Duplex, Flow Control: RX
[[0;32m  OK  [0m] Started [0;1;39mNetwork Manager[0m.
[[0;32m  OK  [0m] Reached target [0;1;39mNetwork[0m.
[[0;32m  OK  [0m] Reached target [0;1;39mNetwork is Online[0m.
         Starting [0;1;39mGSSAPI Proxy Daemon[0m...
         Starting [0;1;39mNotify NFS peers of a restart[0m...
         Starting [0;1;39mSystem Logging Service[0m...
         Starting [0;1;39mOpenSSH server daemon[0m...
         Starting [0;1;39mDynamic System Tuning Daemon[0m...
[[0;32m  OK  [0m] Started [0;1;39mNotify NFS peers of a restart[0m.
[[0;32m  OK  [0m] Started [0;1;39mOpenSSH server daemon[0m.
[[0;32m  OK  [0m] Started [0;1;39mGSSAPI Proxy Daemon[0m.
[[0;32m  OK  [0m] Reached target [0;1;39mNFS client services[0m.
[[0;32m  OK  [0m] Reached target [0;1;39mPreparation for Remote File Systems[0m.
[[0;32m  OK  [0m] Reached target [0;1;39mRemote File Systems[0m.
         Starting [0;1;39mPermit User Sessions[0m...
         Starting [0;1;39mVirtualization qemu daemon[0m...
[[0;32m  OK  [0m] Finished [0;1;39mPermit User Sessions[0m.
[[0;32m  OK  [0m] Started [0;1;39mDeferred execution scheduler[0m.
[[0;32m  OK  [0m] Started [0;1;39mCommand Scheduler[0m.
         Starting [0;1;39mHold until boot process finishes up[0m...
         Starting [0;1;39mTerminate Plymouth Boot Screen[0m...
[[0;32m  OK  [0m] Started [0;1;39mSystem Logging Service[0m.

CentOS Stream 9
Kernel 6.18.0-edf602a17b03+ on an x86_64

Activate the web console with: systemctl enable --now cockpit.socket

test login: 