c[?7l[2J[0mSeaBIOS (version rel-1.16.3-0-ga6ed6b701f0a-prebuilt.qemu.org)


iPXE (http://ipxe.org) 00:03.0 CA00 PCI2.10 PnP PMM+7EFD0D60+7EF30D60 CA00
Press Ctrl-B to configure iPXE (PCI 00:03.0)...                                                                               


Booting from ROM..c[?7l[2J[    0.000000] Linux version 6.18.0-f2310b6271dc+ (root@gnr-800442) (gcc (GCC) 11.5.0 20240719 (Red Hat 11.5.0-14), GNU ld version 2.35.2-66.el9) #1 SMP PREEMPT_DYNAMIC Tue Jan 27 17:12:04 CST 2026
[    0.000000] Command line: console=ttyS0 root=/dev/sda earlyprintk=serial net.ifnames=0 thunderbolt.dyndbg
[    0.000000] KERNEL supported cpus:
[    0.000000]   Intel GenuineIntel
[    0.000000]   AMD AuthenticAMD
[    0.000000]   Hygon HygonGenuine
[    0.000000]   Centaur CentaurHauls
[    0.000000]   zhaoxin   Shanghai  
[    0.000000] x86/CPU: Model not found in latest microcode list
[    0.000000] x86/split lock detection: #DB: warning on user-space bus_locks
[    0.000000] BIOS-provided physical RAM map:
[    0.000000] BIOS-e820: [mem 0x0000000000000000-0x000000000009fbff] usable
[    0.000000] BIOS-e820: [mem 0x000000000009fc00-0x000000000009ffff] reserved
[    0.000000] BIOS-e820: [mem 0x00000000000f0000-0x00000000000fffff] reserved
[    0.000000] BIOS-e820: [mem 0x0000000000100000-0x000000007ffdffff] usable
[    0.000000] BIOS-e820: [mem 0x000000007ffe0000-0x000000007fffffff] reserved
[    0.000000] BIOS-e820: [mem 0x00000000feffc000-0x00000000feffffff] reserved
[    0.000000] BIOS-e820: [mem 0x00000000fffc0000-0x00000000ffffffff] reserved
[    0.000000] printk: legacy bootconsole [earlyser0] enabled
[    0.000000] NX (Execute Disable) protection: active
[    0.000000] APIC: Static calls initialized
[    0.000000] SMBIOS 3.0.0 present.
[    0.000000] DMI: QEMU Standard PC (i440FX + PIIX, 1996), BIOS rel-1.16.3-0-ga6ed6b701f0a-prebuilt.qemu.org 04/01/2014
[    0.000000] DMI: Memory slots populated: 1/1
[    0.000000] Hypervisor detected: KVM
[    0.000000] last_pfn = 0x7ffe0 max_arch_pfn = 0x10000000000
[    0.000000] kvm-clock: Using msrs 4b564d01 and 4b564d00
[    0.000003] kvm-clock: using sched offset of 715933447 cycles
[    0.000473] clocksource: kvm-clock: mask: 0xffffffffffffffff max_cycles: 0x1cd42e4dffb, max_idle_ns: 881590591483 ns
[    0.001939] tsc: Detected 2500.000 MHz processor
[    0.010548] last_pfn = 0x7ffe0 max_arch_pfn = 0x10000000000
[    0.011091] MTRR map: 4 entries (3 fixed + 1 variable; max 19), built from 8 variable MTRRs
[    0.011860] x86/PAT: Configuration [0-7]: WB  WC  UC- UC  WB  WP  UC- WT  
[    0.017796] found SMP MP-table at [mem 0x000f5480-0x000f548f]
[    0.018352] Using GB pages for direct mapping
[    0.021054] ACPI: Early table checksum verification disabled
[    0.021581] ACPI: RSDP 0x00000000000F52A0 000014 (v00 BOCHS )
[    0.022127] ACPI: RSDT 0x000000007FFE1C9B 000034 (v01 BOCHS  BXPC     00000001 BXPC 00000001)
[    0.022919] ACPI: FACP 0x000000007FFE1B47 000074 (v01 BOCHS  BXPC     00000001 BXPC 00000001)
[    0.023722] ACPI: DSDT 0x000000007FFE0040 001B07 (v01 BOCHS  BXPC     00000001 BXPC 00000001)
[    0.024510] ACPI: FACS 0x000000007FFE0000 000040
[    0.024961] ACPI: APIC 0x000000007FFE1BBB 000080 (v03 BOCHS  BXPC     00000001 BXPC 00000001)
[    0.025764] ACPI: HPET 0x000000007FFE1C3B 000038 (v01 BOCHS  BXPC     00000001 BXPC 00000001)
[    0.026556] ACPI: WAET 0x000000007FFE1C73 000028 (v01 BOCHS  BXPC     00000001 BXPC 00000001)
[    0.027347] ACPI: Reserving FACP table memory at [mem 0x7ffe1b47-0x7ffe1bba]
[    0.027991] ACPI: Reserving DSDT table memory at [mem 0x7ffe0040-0x7ffe1b46]
[    0.028642] ACPI: Reserving FACS table memory at [mem 0x7ffe0000-0x7ffe003f]
[    0.029291] ACPI: Reserving APIC table memory at [mem 0x7ffe1bbb-0x7ffe1c3a]
[    0.029946] ACPI: Reserving HPET table memory at [mem 0x7ffe1c3b-0x7ffe1c72]
[    0.030605] ACPI: Reserving WAET table memory at [mem 0x7ffe1c73-0x7ffe1c9a]
[    0.031821] No NUMA configuration found
[    0.032186] Faking a node at [mem 0x0000000000000000-0x000000007ffdffff]
[    0.032837] NODE_DATA(0) allocated [mem 0x7ffb4ec0-0x7ffdfcbf]
[    0.034393] Zone ranges:
[    0.034674]   DMA      [mem 0x0000000000001000-0x0000000000ffffff]
[    0.035222]   DMA32    [mem 0x0000000001000000-0x000000007ffdffff]
[    0.035787]   Normal   empty
[    0.036056]   Device   empty
[    0.036321] Movable zone start for each node
[    0.036730] Early memory node ranges
[    0.037058]   node   0: [mem 0x0000000000001000-0x000000000009efff]
[    0.037637]   node   0: [mem 0x0000000000100000-0x000000007ffdffff]
[    0.038200] Initmem setup node 0 [mem 0x0000000000001000-0x000000007ffdffff]
[    0.039080] On node 0, zone DMA: 1 pages in unavailable ranges
[    0.039802] On node 0, zone DMA: 97 pages in unavailable ranges
[    0.069023] On node 0, zone DMA32: 32 pages in unavailable ranges
[    0.129601] KernelAddressSanitizer initialized (generic)
[    0.130371] ACPI: PM-Timer IO Port: 0x608
[    0.130773] ACPI: LAPIC_NMI (acpi_id[0xff] dfl dfl lint[0x1])
[    0.131307] IOAPIC[0]: apic_id 0, version 17, address 0xfec00000, GSI 0-23
[    0.131906] ACPI: INT_SRC_OVR (bus 0 bus_irq 0 global_irq 2 dfl dfl)
[    0.132472] ACPI: INT_SRC_OVR (bus 0 bus_irq 5 global_irq 5 high level)
[    0.133087] ACPI: INT_SRC_OVR (bus 0 bus_irq 9 global_irq 9 high level)
[    0.133704] ACPI: INT_SRC_OVR (bus 0 bus_irq 10 global_irq 10 high level)
[    0.134325] ACPI: INT_SRC_OVR (bus 0 bus_irq 11 global_irq 11 high level)
[    0.134967] ACPI: Using ACPI (MADT) for SMP configuration information
[    0.135546] ACPI: HPET id: 0x8086a201 base: 0xfed00000
[    0.136037] TSC deadline timer available
[    0.136401] CPU topo: Max. logical packages:   1
[    0.136832] CPU topo: Max. logical dies:       1
[    0.137248] CPU topo: Max. dies per package:   1
[    0.137683] CPU topo: Max. threads per core:   1
[    0.138100] CPU topo: Num. cores per package:     2
[    0.138541] CPU topo: Num. threads per package:   2
[    0.138990] CPU topo: Allowing 2 present CPUs plus 0 hotplug CPUs
[    0.139600] kvm-guest: APIC: eoi() replaced with kvm_guest_apic_eoi_write()
[    0.140258] kvm-guest: KVM setup pv remote TLB flush
[    0.140721] kvm-guest: setup PV sched yield
[    0.141142] PM: hibernation: Registered nosave memory: [mem 0x00000000-0x00000fff]
[    0.141848] PM: hibernation: Registered nosave memory: [mem 0x0009f000-0x000fffff]
[    0.142523] [mem 0x80000000-0xfeffbfff] available for PCI devices
[    0.143075] Booting paravirtualized kernel on KVM
[    0.143505] clocksource: refined-jiffies: mask: 0xffffffff max_cycles: 0xffffffff, max_idle_ns: 7645519600211568 ns
[    0.144456] setup_percpu: NR_CPUS:8192 nr_cpumask_bits:2 nr_cpu_ids:2 nr_node_ids:1
[    0.145587] percpu: Embedded 81 pages/cpu s294912 r8192 d28672 u1048576
[    0.146362] kvm-guest: PV spinlocks enabled
[    0.146755] PV qspinlock hash table entries: 256 (order: 0, 4096 bytes, linear)
[    0.147424] Kernel command line: net.ifnames=0 console=ttyS0 root=/dev/sda earlyprintk=serial net.ifnames=0 thunderbolt.dyndbg
[    0.148755] random: crng init done
[    0.149069] printk: log buffer data + meta data: 262144 + 917504 = 1179648 bytes
[    0.150117] Dentry cache hash table entries: 262144 (order: 9, 2097152 bytes, linear)
[    0.151198] Inode-cache hash table entries: 131072 (order: 8, 1048576 bytes, linear)
[    0.152199] Fallback order for Node 0: 0 
[    0.152210] Built 1 zonelists, mobility grouping on.  Total pages: 524158
[    0.153164] Policy zone: DMA32
[    0.153441] mem auto-init: stack:off, heap alloc:off, heap free:off
[    0.153997] stackdepot: allocating hash table via alloc_large_system_hash
[    0.154620] stackdepot hash table entries: 1048576 (order: 12, 16777216 bytes, linear)
[    0.158607] stackdepot: allocating space for 8192 stack pools via memblock
[    0.196910] SLUB: HWalign=64, Order=0-3, MinObjects=0, CPUs=2, Nodes=1
[    0.197447] kmemleak: Kernel memory leak detector disabled
[    0.229479] ftrace: allocating 74796 entries in 294 pages
[    0.229971] ftrace: allocated 294 pages with 4 groups
[    0.234770] Dynamic Preempt: voluntary
[    0.235622] Running RCU self tests
[    0.235923] Running RCU synchronous self tests
[    0.236312] rcu: Preemptible hierarchical RCU implementation.
[    0.236813] rcu: 	RCU lockdep checking is enabled.
[    0.237230] rcu: 	RCU restricting CPUs from NR_CPUS=8192 to nr_cpu_ids=2.
[    0.237821] 	Trampoline variant of Tasks RCU enabled.
[    0.238255] 	Rude variant of Tasks RCU enabled.
[    0.238655] 	Tracing variant of Tasks RCU enabled.
[    0.239070] rcu: RCU calculated value of scheduler-enlistment delay is 25 jiffies.
[    0.239737] rcu: Adjusting geometry for rcu_fanout_leaf=16, nr_cpu_ids=2
[    0.240411] Running RCU synchronous self tests
[    0.240812] RCU Tasks: Setting shift to 1 and lim to 1 rcu_task_cb_adjust=1 rcu_task_cpu_ids=2.
[    0.241576] RCU Tasks Rude: Setting shift to 1 and lim to 1 rcu_task_cb_adjust=1 rcu_task_cpu_ids=2.
[    0.242370] RCU Tasks Trace: Setting shift to 1 and lim to 1 rcu_task_cb_adjust=1 rcu_task_cpu_ids=2.
[    0.318617] NR_IRQS: 524544, nr_irqs: 440, preallocated irqs: 16
[    0.319742] rcu: srcu_init: Setting srcu_struct sizes based on contention.
[    0.328784] Console: colour VGA+ 80x25
[    0.329176] printk: legacy console [ttyS0] enabled
[    0.329176] printk: legacy console [ttyS0] enabled
[    0.330055] printk: legacy bootconsole [earlyser0] disabled
[    0.330055] printk: legacy bootconsole [earlyser0] disabled
[    0.331052] Lock dependency validator: Copyright (c) 2006 Red Hat, Inc., Ingo Molnar
[    0.331753] ... MAX_LOCKDEP_SUBCLASSES:  8
[    0.332121] ... MAX_LOCK_DEPTH:          48
[    0.332515] ... MAX_LOCKDEP_KEYS:        8192
[    0.332950] ... CLASSHASH_SIZE:          4096
[    0.333370] ... MAX_LOCKDEP_ENTRIES:     32768
[    0.333808] ... MAX_LOCKDEP_CHAINS:      65536
[    0.334247] ... CHAINHASH_SIZE:          32768
[    0.334668]  memory used by lock dependency info: 6429 kB
[    0.335155]  memory used for stack traces: 4224 kB
[    0.335600]  per task-struct memory footprint: 1920 bytes
[    0.336179] ACPI: Core revision 20250807
[    0.336980] clocksource: hpet: mask: 0xffffffff max_cycles: 0xffffffff, max_idle_ns: 19112604467 ns
[    0.337976] APIC: Switch to symmetric I/O mode setup
[    0.338729] x2apic enabled
[    0.339394] APIC: Switched APIC routing to: physical x2apic
[    0.339927] kvm-guest: APIC: send_IPI_mask() replaced with kvm_send_ipi_mask()
[    0.340608] kvm-guest: APIC: send_IPI_mask_allbutself() replaced with kvm_send_ipi_mask_allbutself()
[    0.341433] kvm-guest: setup PV IPIs
[    0.342928] ..TIMER: vector=0x30 apic1=0 pin1=2 apic2=-1 pin2=-1
[    0.343499] clocksource: tsc-early: mask: 0xffffffffffffffff max_cycles: 0x240939f1bb2, max_idle_ns: 440795263295 ns
[    0.344468] Calibrating delay loop (skipped) preset value.. 5000.00 BogoMIPS (lpj=10000000)
[    0.345386] x86/cpu: User Mode Instruction Prevention (UMIP) activated
[    0.346068] Last level iTLB entries: 4KB 0, 2MB 0, 4MB 0
[    0.348485] Last level dTLB entries: 4KB 0, 2MB 0, 4MB 0, 1GB 0
[    0.349050] mitigations: Enabled attack vectors: user_kernel, user_user, guest_host, guest_guest, SMT mitigations: auto
[    0.350022] Speculative Store Bypass: Mitigation: Speculative Store Bypass disabled via prctl
[    0.350790] Spectre V2 : Mitigation: Enhanced / Automatic IBRS
[    0.351309] ITS: Mitigation: Aligned branch/return thunks
[    0.351807] Spectre V1 : Mitigation: usercopy/swapgs barriers and __user pointer sanitization
[    0.352465] Spectre V2 : WARNING: Unprivileged eBPF is enabled with eIBRS on, data leaks possible via Spectre v2 BHB attacks!
[    0.353508] Spectre V2 : Spectre v2 / PBRSB-eIBRS: Retire a single CALL on VMEXIT
[    0.354184] Spectre V2 : mitigation: Enabling conditional Indirect Branch Prediction Barrier
[    0.354919] active return thunk: its_return_thunk
[    0.355353] Spectre V2 : Spectre BHI mitigation: SW BHB clearing on syscall and VM exit
[    0.356530] x86/fpu: Supporting XSAVE feature 0x001: 'x87 floating point registers'
[    0.357233] x86/fpu: Supporting XSAVE feature 0x002: 'SSE registers'
[    0.357802] x86/fpu: Supporting XSAVE feature 0x004: 'AVX registers'
[    0.358371] x86/fpu: Supporting XSAVE feature 0x020: 'AVX-512 opmask'
[    0.358945] x86/fpu: Supporting XSAVE feature 0x040: 'AVX-512 Hi256'
[    0.359521] x86/fpu: Supporting XSAVE feature 0x080: 'AVX-512 ZMM_Hi256'
[    0.360465] x86/fpu: Supporting XSAVE feature 0x200: 'Protection Keys User registers'
[    0.361174] x86/fpu: Supporting XSAVE feature 0x20000: 'AMX Tile config'
[    0.361775] x86/fpu: Supporting XSAVE feature 0x40000: 'AMX Tile data'
[    0.362360] x86/fpu: xstate_offset[2]:  576, xstate_sizes[2]:  256
[    0.362906] x86/fpu: xstate_offset[5]:  832, xstate_sizes[5]:   64
[    0.363451] x86/fpu: xstate_offset[6]:  896, xstate_sizes[6]:  512
[    0.364462] x86/fpu: xstate_offset[7]: 1408, xstate_sizes[7]: 1024
[    0.365028] x86/fpu: xstate_offset[9]: 2432, xstate_sizes[9]:    8
[    0.365581] x86/fpu: xstate_offset[17]: 2496, xstate_sizes[17]:   64
[    0.366150] x86/fpu: xstate_offset[18]: 2560, xstate_sizes[18]: 8192
[    0.366719] x86/fpu: Enabled xstate features 0x602e7, context size is 10752 bytes, using 'compacted' format.
[    0.538820] Freeing SMP alternatives memory: 64K
[    0.539261] pid_max: default: 32768 minimum: 301
[    0.539918] LSM: initializing lsm=capability,yama,ima,evm
[    0.540482] Yama: becoming mindful.
[    0.541245] Mount-cache hash table entries: 4096 (order: 3, 32768 bytes, linear)
[    0.541918] Mountpoint-cache hash table entries: 4096 (order: 3, 32768 bytes, linear)
[    0.544181] Running RCU synchronous self tests
[    0.544464] Running RCU synchronous self tests
[    0.545157] smpboot: CPU0: Intel GENUINE INTEL(R) XEON(R) (family: 0x6, model: 0xad, stepping: 0x0)
[    0.546732] Performance Events: PEBS fmt0-, Granite Rapids events, 
[    0.546821] core: The event 0x400 is not supported as a normal event.
[    0.547965] core: The event 0x8000 is not supported as a normal event.
[    0.548455] core: The event 0x8100 is not supported as a normal event.
[    0.548464] core: The event 0x8200 is not supported as a normal event.
[    0.549045] core: The event 0x8300 is not supported as a normal event.
[    0.549622] core: The event 0x8400 is not supported as a normal event.
[    0.550213] core: The event 0x8500 is not supported as a normal event.
[    0.550795] core: The event 0x8600 is not supported as a normal event.
[    0.551378] core: The event 0x8700 is not supported as a normal event.
[    0.551984] full-width counters, Intel PMU driver.
[    0.552452] ... version:                   2
[    0.552831] ... bit width:                 48
[    0.553234] ... generic counters:          8
[    0.553620] ... generic bitmap:            00000000000000ff
[    0.554122] ... fixed-purpose counters:    3
[    0.554503] ... fixed-purpose bitmap:      0000000000000007
[    0.555000] ... value mask:                0000ffffffffffff
[    0.555491] ... max period:                00007fffffffffff
[    0.555979] ... global_ctrl mask:          00000007000000ff
[    0.557055] signal: max sigframe size: 11952
[    0.557593] rcu: Hierarchical SRCU implementation.
[    0.558030] rcu: 	Max phase no-delay instances is 1000.
[    0.558706] Timer migration: 1 hierarchy levels; 8 children per group; 1 crossnode level
[    0.584103] smp: Bringing up secondary CPUs ...
[    0.585013] smpboot: x86: Booting SMP configuration:
[    0.585434] .... node  #0, CPUs:      #1
[    0.585821] smp: Brought up 1 node, 2 CPUs
[    0.585821] smpboot: Total of 2 processors activated (10000.00 BogoMIPS)
[    0.589208] Memory: 1591828K/2096632K available (80202K kernel code, 15498K rwdata, 18696K rodata, 16236K init, 21096K bss, 493188K reserved, 0K cma-reserved)
[    0.591128] devtmpfs: initialized
[    0.593094] x86/mm: Memory block size: 128MB
[    0.602598] Running RCU synchronous self tests
[    0.602598] Running RCU synchronous self tests
[    0.604566] Running RCU Tasks wait API self tests
[    0.604987] Running RCU Tasks Rude wait API self tests
[    0.604987] Running RCU Tasks Trace wait API self tests
[    0.616529] clocksource: jiffies: mask: 0xffffffff max_cycles: 0xffffffff, max_idle_ns: 7645041785100000 ns
[    0.617474] posixtimers hash table entries: 1024 (order: 5, 73728 bytes, linear)
[    0.618190] futex hash table entries: 512 (65536 bytes on 1 NUMA nodes, total 64 KiB, linear).
[    0.620232] pinctrl core: initialized pinctrl subsystem
[    0.621698] 
[    0.621856] *************************************************************
[    0.622470] **     NOTICE NOTICE NOTICE NOTICE NOTICE NOTICE NOTICE    **
[    0.623073] **                                                         **
[    0.623683] **  IOMMU DebugFS SUPPORT HAS BEEN ENABLED IN THIS KERNEL  **
[    0.624291] **                                                         **
[    0.624462] ** This means that this kernel is built to expose internal **
[    0.625076] ** IOMMU data structures, which may compromise security on **
[    0.625672] ** your system.                                            **
[    0.626268] **                                                         **
[    0.626875] ** If you see this message and you are not debugging the   **
[    0.627463] ** kernel, report this immediately to your vendor!         **
[    0.628070] **                                                         **
[    0.628460] **     NOTICE NOTICE NOTICE NOTICE NOTICE NOTICE NOTICE    **
[    0.629052] *************************************************************
[    0.629739] PM: RTC time: 09:13:44, date: 2026-01-27
[    0.633272] NET: Registered PF_NETLINK/PF_ROUTE protocol family
[    0.635738] DMA: preallocated 256 KiB GFP_KERNEL pool for atomic allocations
[    0.636404] DMA: preallocated 256 KiB GFP_KERNEL|GFP_DMA pool for atomic allocations
[    0.636481] DMA: preallocated 256 KiB GFP_KERNEL|GFP_DMA32 pool for atomic allocations
[    0.637269] audit: initializing netlink subsys (disabled)
[    0.637805] audit: type=2000 audit(1769505224.458:1): state=initialized audit_enabled=0 res=1
[    0.638371] thermal_sys: Registered thermal governor 'fair_share'
[    0.638382] thermal_sys: Registered thermal governor 'bang_bang'
[    0.638969] thermal_sys: Registered thermal governor 'step_wise'
[    0.639514] thermal_sys: Registered thermal governor 'user_space'
[    0.640529] cpuidle: using governor ladder
[    0.641415] cpuidle: using governor menu
[    0.641546] acpiphp: ACPI Hot Plug PCI Controller Driver version: 0.5
[    0.644879] PCI: Using configuration type 1 for base access
[    0.645741] kprobes: kprobe jump-optimization is enabled. All kprobes are optimized if possible.
[    0.648789] Callback from call_rcu_tasks_trace() invoked.
[    0.796613] HugeTLB: registered 1.00 GiB page size, pre-allocated 0 pages
[    0.797245] HugeTLB: 16380 KiB vmemmap can be freed for a 1.00 GiB page
[    0.797861] HugeTLB: registered 2.00 MiB page size, pre-allocated 0 pages
[    0.798482] HugeTLB: 28 KiB vmemmap can be freed for a 2.00 MiB page
[    0.808232] ACPI: Added _OSI(Module Device)
[    0.808473] ACPI: Added _OSI(Processor Device)
[    0.808881] ACPI: Added _OSI(Processor Aggregator Device)
[    0.828372] ACPI: 1 ACPI AML tables successfully acquired and loaded
[    0.837664] ACPI: Interpreter enabled
[    0.838161] ACPI: PM: (supports S0 S3 S4 S5)
[    0.838568] ACPI: Using IOAPIC for interrupt routing
[    0.839113] PCI: Using host bridge windows from ACPI; if necessary, use "pci=nocrs" and report a bug
[    0.839913] PCI: Using E820 reservations for host bridge windows
[    0.841935] ACPI: Enabled 2 GPEs in block 00 to 0F
[    0.889367] ACPI: PCI Root Bridge [PCI0] (domain 0000 [bus 00-ff])
[    0.889959] acpi PNP0A03:00: _OSC: OS supports [ASPM ClockPM Segments MSI EDR HPX-Type3]
[    0.890688] acpi PNP0A03:00: _OSC: not requesting OS control; OS requires [ExtendedConfig ASPM ClockPM MSI]
[    0.891714] acpi PNP0A03:00: fail to add MMCONFIG information, can't access extended configuration space under this bridge
[    0.898162] acpiphp: Slot [3] registered
[    0.898664] acpiphp: Slot [4] registered
[    0.899177] acpiphp: Slot [5] registered
[    0.899701] acpiphp: Slot [6] registered
[    0.900222] acpiphp: Slot [7] registered
[    0.900618] acpiphp: Slot [8] registered
[    0.901138] acpiphp: Slot [9] registered
[    0.901652] acpiphp: Slot [10] registered
[    0.902178] acpiphp: Slot [11] registered
[    0.902699] acpiphp: Slot [12] registered
[    0.903223] acpiphp: Slot [13] registered
[    0.903745] acpiphp: Slot [14] registered
[    0.904270] acpiphp: Slot [15] registered
[    0.904614] acpiphp: Slot [16] registered
[    0.905142] acpiphp: Slot [17] registered
[    0.905656] acpiphp: Slot [18] registered
[    0.906176] acpiphp: Slot [19] registered
[    0.906698] acpiphp: Slot [20] registered
[    0.907216] acpiphp: Slot [21] registered
[    0.907731] acpiphp: Slot [22] registered
[    0.908264] acpiphp: Slot [23] registered
[    0.908619] acpiphp: Slot [24] registered
[    0.909136] acpiphp: Slot [25] registered
[    0.909659] acpiphp: Slot [26] registered
[    0.910180] acpiphp: Slot [27] registered
[    0.910699] acpiphp: Slot [28] registered
[    0.911209] acpiphp: Slot [29] registered
[    0.911733] acpiphp: Slot [30] registered
[    0.912252] acpiphp: Slot [31] registered
[    0.912528] PCI host bridge to bus 0000:00
[    0.912959] pci_bus 0000:00: root bus resource [io  0x0000-0x0cf7 window]
[    0.913569] pci_bus 0000:00: root bus resource [io  0x0d00-0xffff window]
[    0.914170] pci_bus 0000:00: root bus resource [mem 0x000a0000-0x000bffff window]
[    0.914830] pci_bus 0000:00: root bus resource [mem 0x80000000-0xfebfffff window]
[    0.915501] pci_bus 0000:00: root bus resource [mem 0x100000000-0x17fffffff window]
[    0.916176] pci_bus 0000:00: root bus resource [bus 00-ff]
[    0.916562] pci 0000:00:00.0: [8086:1237] type 00 class 0x060000 conventional PCI endpoint
[    0.918946] pci 0000:00:01.0: [8086:7000] type 00 class 0x060100 conventional PCI endpoint
[    0.921170] pci 0000:00:01.1: [8086:7010] type 00 class 0x010180 conventional PCI endpoint
[    0.922428] pci 0000:00:01.1: BAR 4 [io  0xc040-0xc04f]
[    0.922923] pci 0000:00:01.1: BAR 0 [io  0x01f0-0x01f7]: legacy IDE quirk
[    0.923531] pci 0000:00:01.1: BAR 1 [io  0x03f6]: legacy IDE quirk
[    0.924083] pci 0000:00:01.1: BAR 2 [io  0x0170-0x0177]: legacy IDE quirk
[    0.924462] pci 0000:00:01.1: BAR 3 [io  0x0376]: legacy IDE quirk
[    0.926229] pci 0000:00:01.3: [8086:7113] type 00 class 0x068000 conventional PCI endpoint
[    0.927253] pci 0000:00:01.3: quirk: [io  0x0600-0x063f] claimed by PIIX4 ACPI
[    0.927879] pci 0000:00:01.3: quirk: [io  0x0700-0x070f] claimed by PIIX4 SMB
[    0.929685] pci 0000:00:02.0: [1234:1111] type 00 class 0x030000 conventional PCI endpoint
[    0.931583] pci 0000:00:02.0: BAR 0 [mem 0xfd000000-0xfdffffff pref]
[    0.932180] pci 0000:00:02.0: BAR 2 [mem 0xfebf0000-0xfebf0fff]
[    0.932486] pci 0000:00:02.0: ROM [mem 0xfebe0000-0xfebeffff pref]
[    0.933139] pci 0000:00:02.0: Video device with shadowed ROM at [mem 0x000c0000-0x000dffff]
[    0.935145] pci 0000:00:03.0: [8086:100e] type 00 class 0x020000 conventional PCI endpoint
[    0.936469] pci 0000:00:03.0: BAR 0 [mem 0xfebc0000-0xfebdffff]
[    0.937010] pci 0000:00:03.0: BAR 1 [io  0xc000-0xc03f]
[    0.937509] pci 0000:00:03.0: ROM [mem 0xfeb80000-0xfebbffff pref]
[    0.964430] ACPI: PCI: Interrupt link LNKA configured for IRQ 10
[    0.965582] ACPI: PCI: Interrupt link LNKB configured for IRQ 10
[    0.967191] ACPI: PCI: Interrupt link LNKC configured for IRQ 11
[    0.968805] ACPI: PCI: Interrupt link LNKD configured for IRQ 11
[    0.969798] ACPI: PCI: Interrupt link LNKS configured for IRQ 9
[    0.974188] iommu: Default domain type: Translated
[    0.974644] iommu: DMA domain TLB invalidation policy: lazy mode
[    0.978516] SCSI subsystem initialized
[    0.979414] ACPI: bus type USB registered
[    0.980016] usbcore: registered new interface driver usbfs
[    0.980558] usbcore: registered new interface driver hub
[    0.981074] usbcore: registered new device driver usb
[    0.981816] pps_core: LinuxPPS API ver. 1 registered
[    0.982239] pps_core: Software ver. 5.3.6 - Copyright 2005-2007 Rodolfo Giometti <giometti@linux.it>
[    0.983038] PTP clock support registered
[    0.984726] EDAC MC: Ver: 3.0.0
[    0.989045] NetLabel: Initializing
[    0.989394] NetLabel:  domain hash size = 128
[    0.989793] NetLabel:  protocols = UNLABELED CIPSOv4 CALIPSO
[    0.990419] NetLabel:  unlabeled traffic allowed by default
[    0.991202] PCI: Using ACPI for IRQ routing
[    0.992779] pci 0000:00:02.0: vgaarb: setting as boot VGA device
[    0.993159] pci 0000:00:02.0: vgaarb: bridge control possible
[    0.993680] pci 0000:00:02.0: vgaarb: VGA device added: decodes=io+mem,owns=io+mem,locks=none
[    0.994438] vgaarb: loaded
[    0.995178] hpet0: at MMIO 0xfed00000, IRQs 2, 8, 0
[    0.996465] hpet0: 3 comparators, 64-bit 100.000000 MHz counter
[    1.004302] clocksource: Switched to clocksource kvm-clock
[    4.299536] VFS: Disk quotas dquot_6.6.0
[    4.299971] VFS: Dquot-cache hash table entries: 512 (order 0, 4096 bytes)
[    4.302413] pnp: PnP ACPI init
[    4.307265] pnp: PnP ACPI: found 6 devices
[    4.361203] clocksource: acpi_pm: mask: 0xffffff max_cycles: 0xffffff, max_idle_ns: 2085701024 ns
[    4.362532] NET: Registered PF_INET protocol family
[    4.363110] IP idents hash table entries: 32768 (order: 6, 262144 bytes, linear)
[    4.365642] tcp_listen_portaddr_hash hash table entries: 1024 (order: 5, 73728 bytes, linear)
[    4.366467] Table-perturb hash table entries: 65536 (order: 6, 262144 bytes, linear)
[    4.367294] TCP established hash table entries: 16384 (order: 5, 131072 bytes, linear)
[    4.368853] TCP bind hash table entries: 16384 (order: 10, 2359296 bytes, linear)
[    4.370526] TCP: Hash tables configured (established 16384 bind 16384)
[    4.371215] UDP hash table entries: 1024 (order: 6, 262144 bytes, linear)
[    4.371891] UDP-Lite hash table entries: 1024 (order: 6, 262144 bytes, linear)
[    4.372882] NET: Registered PF_UNIX/PF_LOCAL protocol family
[    4.374905] RPC: Registered named UNIX socket transport module.
[    4.375466] RPC: Registered udp transport module.
[    4.375896] RPC: Registered tcp transport module.
[    4.376350] RPC: Registered tcp-with-tls transport module.
[    4.376836] RPC: Registered tcp NFSv4.1 backchannel transport module.
[    4.377435] pci_bus 0000:00: resource 4 [io  0x0000-0x0cf7 window]
[    4.377998] pci_bus 0000:00: resource 5 [io  0x0d00-0xffff window]
[    4.378553] pci_bus 0000:00: resource 6 [mem 0x000a0000-0x000bffff window]
[    4.379173] pci_bus 0000:00: resource 7 [mem 0x80000000-0xfebfffff window]
[    4.379794] pci_bus 0000:00: resource 8 [mem 0x100000000-0x17fffffff window]
[    4.380835] pci 0000:00:01.0: PIIX3: Enabling Passive Release
[    4.381353] pci 0000:00:00.0: Limiting direct PCI/PCI transfers
[    4.381971] PCI: CLS 0 bytes, default 64
[    4.382409] ACPI: bus type thunderbolt registered
[    4.383244] clocksource: tsc: mask: 0xffffffffffffffff max_cycles: 0x240939f1bb2, max_idle_ns: 440795263295 ns
[    4.392389] Initialise system trusted keyrings
[    4.392911] Key type blacklist registered
[    4.393821] workingset: timestamp_bits=36 max_order=19 bucket_order=0
[    4.396309] Callback from call_rcu_tasks() invoked.
[    4.396906] squashfs: version 4.0 (2009/01/31) Phillip Lougher
[    4.400632] NFS: Registering the id_resolver key type
[    4.401155] Key type id_resolver registered
[    4.401542] Key type id_legacy registered
[    4.401965] nfs4filelayout_init: NFSv4 File Layout Driver Registering...
[    4.402588] nfs4flexfilelayout_init: NFSv4 Flexfile Layout Driver Registering...
[    4.403905] fuse: init (API version 7.45)
[    4.405488] SGI XFS with ACLs, security attributes, realtime, quota, no debug enabled
[    4.408171] 9p: Installing v9fs 9p2000 file system support
[    4.425114] Key type asymmetric registered
[    4.425480] Asymmetric key parser 'x509' registered
[    4.426050] Block layer SCSI generic (bsg) driver version 0.4 loaded (major 241)
[    4.427474] io scheduler mq-deadline registered
[    4.428066] io scheduler bfq registered
[    4.429266] ledtrig-cpu: registered to indicate activity on CPUs
[    4.431424] IPMI message handler: version 39.2
[    4.431906] ipmi device interface
[    4.434725] input: Power Button as /devices/LNXSYSTM:00/LNXPWRBN:00/input/input0
[    4.436604] ACPI: button: Power Button [PWRF]
[    4.439832] ERST DBG: ERST support is disabled.
[    4.441921] Serial: 8250/16550 driver, 32 ports, IRQ sharing enabled
[    4.443596] 00:04: ttyS0 at I/O 0x3f8 (irq = 4, base_baud = 115200) is a 16550A
[    4.488072] Linux agpgart interface v0.103
[    4.492687] ACPI: bus type drm_connector registered
[    4.527645] brd: module loaded
[    4.547467] loop: module loaded
[    4.561821] scsi host0: ata_piix
[    4.563895] scsi host1: ata_piix
[    4.564804] ata1: PATA max MWDMA2 cmd 0x1f0 ctl 0x3f6 bmdma 0xc040 irq 14 lpm-pol 0
[    4.565493] ata2: PATA max MWDMA2 cmd 0x170 ctl 0x376 bmdma 0xc048 irq 15 lpm-pol 0
[    4.569273] tun: Universal TUN/TAP device driver, 1.6
[    4.570478] e100: Intel(R) PRO/100 Network Driver
[    4.570957] e100: Copyright(c) 1999-2006 Intel Corporation
[    4.571597] e1000: Intel(R) PRO/1000 Network Driver
[    4.572045] e1000: Copyright (c) 1999-2006 Intel Corporation.
[    4.720222] ata2: found unknown device (class 0)
[    4.720912] ata1: found unknown device (class 0)
[    4.721797] ata1.00: ATA-7: QEMU HARDDISK, 2.5+, max UDMA/100
[    4.722276] ata1.00: 17196647 sectors, multi 16: LBA48 
[    4.723781] scsi 0:0:0:0: Direct-Access     ATA      QEMU HARDDISK    2.5+ PQ: 0 ANSI: 5
[    4.724622] ata2.00: ATAPI: QEMU DVD-ROM, 2.5+, max UDMA/100
[    4.726800] sd 0:0:0:0: Attached scsi generic sg0 type 0
[    4.727583] sd 0:0:0:0: [sda] 17196647 512-byte logical blocks: (8.80 GB/8.20 GiB)
[    4.728797] sd 0:0:0:0: [sda] Write Protect is off
[    4.729286] scsi 1:0:0:0: CD-ROM            QEMU     QEMU DVD-ROM     2.5+ PQ: 0 ANSI: 5
[    4.730215] sd 0:0:0:0: [sda] Write cache: enabled, read cache: enabled, doesn't support DPO or FUA
[    4.731111] sd 0:0:0:0: [sda] Preferred minimum I/O size 512 bytes
[    4.752547] sd 0:0:0:0: [sda] Attached SCSI disk
[    4.753296] scsi 1:0:0:0: Attached scsi generic sg1 type 5
[    5.459405] ACPI: \_SB_.LNKC: Enabled at IRQ 11
[    5.772451] e1000 0000:00:03.0 eth0: (PCI:33MHz:32-bit) 52:54:00:12:34:56
[    5.773100] e1000 0000:00:03.0 eth0: Intel(R) PRO/1000 Network Connection
[    5.773889] e1000e: Intel(R) PRO/1000 Network Driver
[    5.774335] e1000e: Copyright(c) 1999 - 2015 Intel Corporation.
[    5.775029] igb: Intel(R) Gigabit Ethernet Network Driver
[    5.775521] igb: Copyright (c) 2007-2014 Intel Corporation.
[    5.776445] PPP generic driver version 2.4.2
[    5.778389] VFIO - User Level meta-driver version: 0.3
[    5.780587] usbcore: registered new interface driver uas
[    5.781249] usbcore: registered new interface driver usb-storage
[    5.782077] i8042: PNP: PS/2 Controller [PNP0303:KBD,PNP0f13:MOU] at 0x60,0x64 irq 1,12
[    5.783919] serio: i8042 KBD port at 0x60,0x64 irq 1
[    5.784480] serio: i8042 AUX port at 0x60,0x64 irq 12
[    5.786375] mousedev: PS/2 mouse device common for all mice
[    5.788778] input: AT Translated Set 2 keyboard as /devices/platform/i8042/serio0/input/input1
[    5.790761] rtc_cmos 00:05: RTC can wake from S4
[    5.792329] input: VirtualPS/2 VMware VMMouse as /devices/platform/i8042/serio1/input/input4
[    5.793649] rtc_cmos 00:05: registered as rtc0
[    5.794213] rtc_cmos 00:05: setting system clock to 2026-01-27T09:13:49 UTC (1769505229)
[    5.795361] rtc_cmos 00:05: alarms up to one day, y3k, 242 bytes nvram, hpet irqs
[    5.795635] input: VirtualPS/2 VMware VMMouse as /devices/platform/i8042/serio1/input/input3
[    5.796140] i2c_dev: i2c /dev entries driver
[    5.797323] device-mapper: core: CONFIG_IMA_DISABLE_HTABLE is disabled. Duplicate IMA measurements will not be recorded in the IMA log.
[    5.798467] device-mapper: uevent: version 1.0.3
[    5.799608] device-mapper: ioctl: 4.50.0-ioctl (2025-04-28) initialised: dm-devel@lists.linux.dev
[    5.800491] intel_pstate: CPU model not supported
[    5.801203] sdhci: Secure Digital Host Controller Interface driver
[    5.801772] sdhci: Copyright(c) Pierre Ossman
[    5.802367] sdhci-pltfm: SDHCI platform and OF driver helper
[    5.803441] drop_monitor: Initializing network drop monitor service
[    5.804682] NET: Registered PF_INET6 protocol family
[    5.807081] Segment Routing with IPv6
[    5.807508] In-situ OAM (IOAM) with IPv6
[    5.808037] NET: Registered PF_PACKET protocol family
[    5.809151] 9pnet: Installing 9P2000 support
[    5.809712] Key type dns_resolver registered
[    5.812408] IPI shorthand broadcast: enabled
[    5.877838] sched_clock: Marking stable (5856004506, 20094652)->(5885788377, -9689219)
[    5.880219] registered taskstats version 1
[    5.881392] Loading compiled-in X.509 certificates
[    5.967600] Demotion targets for Node 0: null
[    5.969878] Key type .fscrypt registered
[    5.970266] Key type fscrypt-provisioning registered
[    5.979591] Key type encrypted registered
[    5.980059] ima: No TPM chip found, activating TPM-bypass!
[    5.980605] ima: Allocated hash algorithm: sha1
[    5.981097] ima: No architecture policies found
[    5.981640] evm: Initialising EVM extended attributes:
[    5.982109] evm: security.selinux
[    5.982407] evm: security.SMACK64
[    5.982719] evm: security.SMACK64EXEC
[    5.983046] evm: security.SMACK64TRANSMUTE
[    5.983408] evm: security.SMACK64MMAP
[    5.983741] evm: security.apparmor
[    5.984041] evm: security.ima
[    5.984355] evm: security.capability
[    5.984678] evm: HMAC attrs: 0x1
[    5.988014] PM:   Magic number: 10:120:223
[    5.989606] RAS: Correctable Errors collector initialized.
[    5.990370] clk: Disabling unused clocks
[    5.990838] PM: genpd: Disabling unused power domains
[    5.992234] check access for rdinit=/init failed: -2, ignoring
[    5.992668] md: Waiting for all devices to be available before autodetect
[    5.993080] md: If you don't use raid, use raid=noautodetect
[    5.993422] md: Autodetecting RAID arrays.
[    5.993688] md: autorun ...
[    5.993868] md: ... autorun DONE.
[    6.005561] EXT4-fs (sda): INFO: recovery required on readonly filesystem
[    6.006012] EXT4-fs (sda): write access will be enabled during recovery
[    6.070894] EXT4-fs (sda): recovery complete
[    6.074776] EXT4-fs (sda): mounted filesystem 088740a9-c8b4-422c-999d-a804eb68a4da ro with ordered data mode. Quota mode: none.
[    6.075552] VFS: Mounted root (ext4 filesystem) readonly on device 8:0.
[    6.079468] devtmpfs: mounted
[    6.102018] Freeing unused decrypted memory: 2036K
[    6.107463] Freeing unused kernel image (initmem) memory: 16236K
[    6.107961] Write protecting the kernel read-only data: 102400k
[    6.112393] Freeing unused kernel image (text/rodata gap) memory: 1716K
[    6.114582] Freeing unused kernel image (rodata/data gap) memory: 1784K
[    7.405187] x86/mm: Checked W+X mappings: passed, no W+X pages found.
[    7.405769] Run /sbin/init as init process
[    7.627465] systemd[1]: systemd 252-15.el9 running in system mode (+PAM +AUDIT +SELINUX -APPARMOR +IMA +SMACK +SECCOMP +GCRYPT +GNUTLS +OPENSSL +ACL +BLKID +CURL +ELFUTILS -FIDO2 +IDN2 -IDN -IPTC +KMOD +LIBCRYPTSETUP +LIBFDISK +PCRE2 -PWQUALITY +P11KIT -QRENCODE +TPM2 +BZIP2 +LZ4 +XZ +ZLIB +ZSTD -BPF_FRAMEWORK +XKBCOMMON +UTMP +SYSVINIT default-hierarchy=unified)
[    7.629514] systemd[1]: Detected virtualization kvm.
[    7.629848] systemd[1]: Detected architecture x86-64.

Welcome to [0;31mCentOS Stream 9[0m!

[    7.637690] systemd[1]: Hostname set to <test>.
[    7.872253] systemd-rc-local-generator[121]: /etc/rc.d/rc.local is not marked executable, skipping.
[    8.378319] systemd[1]: Queued start job for default target Multi-User System.
[    8.398909] systemd[1]: Created slice Virtual Machine and Container Slice.
[[0;32m  OK  [0m] Created slice [0;1;39mVirtual Machine and Container Slice[0m.
[    8.404216] systemd[1]: Created slice Slice /system/getty.
[[0;32m  OK  [0m] Created slice [0;1;39mSlice /system/getty[0m.
[    8.407165] systemd[1]: Created slice Slice /system/modprobe.
[[0;32m  OK  [0m] Created slice [0;1;39mSlice /system/modprobe[0m.
[    8.410241] systemd[1]: Created slice Slice /system/serial-getty.
[[0;32m  OK  [0m] Created slice [0;1;39mSlice /system/serial-getty[0m.
[    8.413275] systemd[1]: Created slice Slice /system/sshd-keygen.
[[0;32m  OK  [0m] Created slice [0;1;39mSlice /system/sshd-keygen[0m.
[    8.415960] systemd[1]: Created slice User and Session Slice.
[[0;32m  OK  [0m] Created slice [0;1;39mUser and Session Slice[0m.
[    8.417304] systemd[1]: Started Forward Password Requests to Wall Directory Watch.
[[0;32m  OK  [0m] Started [0;1;39mForward Password R…uests to Wall Directory Watch[0m.
[    8.419393] systemd[1]: Set up automount Arbitrary Executable File Formats File System Automount Point.
[[0;32m  OK  [0m] Set up automount [0;1;39mArbitrary…s File System Automount Point[0m.
[    8.420960] systemd[1]: Reached target Local Integrity Protected Volumes.
[[0;32m  OK  [0m] Reached target [0;1;39mLocal Integrity Protected Volumes[0m.
[    8.422407] systemd[1]: Reached target Slice Units.
[[0;32m  OK  [0m] Reached target [0;1;39mSlice Units[0m.
[    8.423270] systemd[1]: Reached target Swaps.
[[0;32m  OK  [0m] Reached target [0;1;39mSwaps[0m.
[    8.424064] systemd[1]: Reached target Local Verity Protected Volumes.
[[0;32m  OK  [0m] Reached target [0;1;39mLocal Verity Protected Volumes[0m.
[    8.425496] systemd[1]: Listening on Device-mapper event daemon FIFOs.
[[0;32m  OK  [0m] Listening on [0;1;39mDevice-mapper event daemon FIFOs[0m.
[    8.427153] systemd[1]: Listening on LVM2 poll daemon socket.
[[0;32m  OK  [0m] Listening on [0;1;39mLVM2 poll daemon socket[0m.
[    8.428299] systemd[1]: multipathd control socket was skipped because of an unmet condition check (ConditionPathExists=/etc/multipath.conf).
[    8.481113] systemd[1]: Listening on RPCbind Server Activation Socket.
[[0;32m  OK  [0m] Listening on [0;1;39mRPCbind Server Activation Socket[0m.
[    8.482642] systemd[1]: Reached target RPC Port Mapper.
[[0;32m  OK  [0m] Reached target [0;1;39mRPC Port Mapper[0m.
[    8.486673] systemd[1]: Listening on Process Core Dump Socket.
[[0;32m  OK  [0m] Listening on [0;1;39mProcess Core Dump Socket[0m.
[    8.488393] systemd[1]: Listening on initctl Compatibility Named Pipe.
[[0;32m  OK  [0m] Listening on [0;1;39minitctl Compatibility Named Pipe[0m.
[    8.490405] systemd[1]: Listening on Journal Socket (/dev/log).
[[0;32m  OK  [0m] Listening on [0;1;39mJournal Socket (/dev/log)[0m.
[    8.492469] systemd[1]: Listening on Journal Socket.
[[0;32m  OK  [0m] Listening on [0;1;39mJournal Socket[0m.
[    8.494266] systemd[1]: Listening on udev Control Socket.
[[0;32m  OK  [0m] Listening on [0;1;39mudev Control Socket[0m.
[    8.496049] systemd[1]: Listening on udev Kernel Socket.
[[0;32m  OK  [0m] Listening on [0;1;39mudev Kernel Socket[0m.
[    8.502507] systemd[1]: Mounting Huge Pages File System...
         Mounting [0;1;39mHuge Pages File System[0m...
[    8.510071] systemd[1]: Mounting POSIX Message Queue File System...
         Mounting [0;1;39mPOSIX Message Queue File System[0m...
[    8.522148] systemd[1]: Mounting Kernel Debug File System...
         Mounting [0;1;39mKernel Debug File System[0m...
[    8.528913] systemd[1]: Mounting Kernel Trace File System...
         Mounting [0;1;39mKernel Trace File System[0m...
[    8.532700] systemd[1]: Kernel Module supporting RPCSEC_GSS was skipped because of an unmet condition check (ConditionPathExists=/etc/krb5.keytab).
[    8.533679] systemd[1]: Create List of Static Device Nodes was skipped because of an unmet condition check (ConditionFileNotEmpty=/lib/modules/6.18.0-f2310b6271dc+/modules.devname).
[    8.565325] systemd[1]: Starting Monitoring of LVM2 mirrors, snapshots etc. using dmeventd or progress polling...
         Starting [0;1;39mMonitoring of LVM…meventd or progress polling[0m...
[    8.573546] systemd[1]: Starting Load Kernel Module configfs...
         Starting [0;1;39mLoad Kernel Module configfs[0m...
[    8.585896] systemd[1]: Starting Load Kernel Module drm...
         Starting [0;1;39mLoad Kernel Module drm[0m...
[    8.604367] systemd[1]: Starting Load Kernel Module fuse...
         Starting [0;1;39mLoad Kernel Module fuse[0m...
[    8.616251] systemd[1]: Starting Read and set NIS domainname from /etc/sysconfig/network...
         Starting [0;1;39mRead and set NIS …from /etc/sysconfig/network[0m...
[    8.636503] systemd[1]: Starting Journal Service...
         Starting [0;1;39mJournal Service[0m...
[    8.655398] systemd[1]: Starting Load Kernel Modules...
         Starting [0;1;39mLoad Kernel Modules[0m...
[    8.666358] systemd[1]: Starting Generate network units from Kernel command line...
         Starting [0;1;39mGenerate network …ts from Kernel command line[0m...
[    8.680970] systemd[1]: Starting Remount Root and Kernel File Systems...
         Starting [0;1;39mRemount Root and Kernel File Systems[0m...
[    8.688849] systemd[1]: Repartition Root Disk was skipped because no trigger condition checks were met.
[    8.721494] systemd[1]: Starting Coldplug All udev Devices...
         Starting [0;1;39mColdplug All udev Devices[0m...
[    8.740791] systemd[1]: Mounted Huge Pages File System.
[[0;32m  OK  [0m] Mounted [0;1;39mHuge Pages File System[0m.
[    8.742240] systemd[1]: Mounted POSIX Message Queue File System.
[[0;32m  OK  [0m] Mounted [0;1;39mPOSIX Message Queue File System[0m.
[    8.744655] systemd[1]: Mounted Kernel Debug File System.
[[0;32m  OK  [0m] Mounted [0;1;39mKernel Debug File System[0m.
[    8.748664] systemd[1]: Mounted Kernel Trace File System.
[[0;32m  OK  [0m] Mounted [0;1;39mKernel Trace File System[0m.
[    8.756419] systemd[1]: Finished Monitoring of LVM2 mirrors, snapshots etc. using dmeventd or progress polling.
[[0;32m  OK  [0m] Finished [0;1;39mMonitoring of LVM… dmeventd or progress polling[0m.
[    8.759497] EXT4-fs (sda): re-mounted 088740a9-c8b4-422c-999d-a804eb68a4da r/w.
[    8.763381] systemd[1]: modprobe@configfs.service: Deactivated successfully.
[    8.769032] systemd[1]: Finished Load Kernel Module configfs.
[[0;32m  OK  [0m] Finished [0;1;39mLoad Kernel Module configfs[0m.
[    8.773662] systemd[1]: modprobe@drm.service: Deactivated successfully.
[    8.776257] systemd[1]: Finished Load Kernel Module drm.
[[0;32m  OK  [0m] Finished [0;1;39mLoad Kernel Module drm[0m.
[    8.781603] systemd[1]: modprobe@fuse.service: Deactivated successfully.
[    8.783262] systemd[1]: Finished Load Kernel Module fuse.
[[0;32m  OK  [0m] Finished [0;1;39mLoad Kernel Module fuse[0m.
[    8.789738] systemd[1]: Finished Read and set NIS domainname from /etc/sysconfig/network.
[[0;32m  OK  [0m] Finished [0;1;39mRead and set NIS …e from /etc/sysconfig/network[0m.
[    8.792728] systemd[1]: systemd-modules-load.service: Main process exited, code=exited, status=1/FAILURE
[    8.794108] systemd[1]: systemd-modules-load.service: Failed with result 'exit-code'.
[    8.800239] systemd[1]: Failed to start Load Kernel Modules.
[[0;1;31mFAILED[0m] Failed to start [0;1;39mLoad Kernel Modules[0m.
See 'systemctl status systemd-modules-load.service' for details.
[    8.807358] systemd[1]: Finished Generate network units from Kernel command line.
[[0;32m  OK  [0m] Finished [0;1;39mGenerate network units from Kernel command line[0m.
[    8.817697] systemd[1]: Finished Remount Root and Kernel File Systems.
[[0;32m  OK  [0m] Finished [0;1;39mRemount Root and Kernel File Systems[0m.
[    8.824553] systemd[1]: Started Journal Service.
[[0;32m  OK  [0m] Started [0;1;39mJournal Service[0m.
[[0;32m  OK  [0m] Reached target [0;1;39mPreparation for Network[0m.
         Mounting [0;1;39mFUSE Control File System[0m...
         Mounting [0;1;39mKernel Configuration File System[0m...
         Starting [0;1;39mFlush Journal to Persistent Storage[0m...
         Starting [0;1;39mLoad/Save Random Seed[0m...
         Starting [0;1;39mApply Kernel Variables[0m...
         Starting [0;1;39mCreate Static Device Nodes in /dev[0m...
[    8.933303] systemd-journald[143]: Received client request to flush runtime journal.
         Starting [0;1;39mSetup Virtual Console[0m...
[[0;32m  OK  [0m] Mounted [0;1;39mFUSE Control File System[0m.
[[0;32m  OK  [0m] Mounted [0;1;39mKernel Configuration File System[0m.
[[0;32m  OK  [0m] Finished [0;1;39mFlush Journal to Persistent Storage[0m.
[[0;32m  OK  [0m] Finished [0;1;39mLoad/Save Random Seed[0m.
[[0;32m  OK  [0m] Finished [0;1;39mApply Kernel Variables[0m.
[[0;32m  OK  [0m] Finished [0;1;39mCreate Static Device Nodes in /dev[0m.
         Starting [0;1;39mRule-based Manage…for Device Events and Files[0m...
[[0;32m  OK  [0m] Started [0;1;39mRule-based Manager for Device Events and Files[0m.
         Starting [0;1;39mAuto-connect to s…E devices found during boot[0m...
[[0;32m  OK  [0m] Finished [0;1;39mAuto-connect to s…VME devices found during boot[0m.
[[0;32m  OK  [0m] Finished [0;1;39mSetup Virtual Console[0m.
[[0;32m  OK  [0m] Finished [0;1;39mColdplug All udev Devices[0m.
         Starting [0;1;39mShow Plymouth Boot Screen[0m...
         Starting [0;1;39mWait for udev To …plete Device Initialization[0m...
[2J[3J[-1;-1f[[0;32m  OK  [0m] Started [0;1;39mShow Plymouth Boot Screen[0m.
[[0;32m  OK  [0m] Started [0;1;39mForward Password R…s to Plymouth Directory Watch[0m.
[[0;32m  OK  [0m] Reached target [0;1;39mLocal Encrypted Volumes[0m.
[[0;32m  OK  [0m] Reached target [0;1;39mPath Units[0m.
[[0;32m  OK  [0m] Found device [0;1;39m/dev/ttyS0[0m.
[[0;32m  OK  [0m] Listening on [0;1;39mLoad/Save RF …itch Status /dev/rfkill Watch[0m.
[[0;32m  OK  [0m] Finished [0;1;39mWait for udev To Complete Device Initialization[0m.
[[0;32m  OK  [0m] Reached target [0;1;39mPreparation for Local File Systems[0m.
[[0;32m  OK  [0m] Reached target [0;1;39mLocal File Systems[0m.
         Starting [0;1;39mTell Plymouth To Write Out Runtime Data[0m...
         Starting [0;1;39mAutomatic Boot Loader Update[0m...
         Starting [0;1;39mCreate Volatile Files and Directories[0m...
[[0;32m  OK  [0m] Finished [0;1;39mTell Plymouth To Write Out Runtime Data[0m.
[[0;32m  OK  [0m] Finished [0;1;39mAutomatic Boot Loader Update[0m.
[[0;32m  OK  [0m] Finished [0;1;39mCreate Volatile Files and Directories[0m.
         Mounting [0;1;39mRPC Pipe File System[0m...
         Starting [0;1;39mSecurity Auditing Service[0m...
         Starting [0;1;39mRPC Bind[0m...
[[0;32m  OK  [0m] Mounted [0;1;39mRPC Pipe File System[0m.
[[0;32m  OK  [0m] Reached target [0;1;39mrpc_pipefs.target[0m.
[[0;32m  OK  [0m] Started [0;1;39mRPC Bind[0m.
[[0;32m  OK  [0m] Started [0;1;39mSecurity Auditing Service[0m.
         Starting [0;1;39mRecord System Boot/Shutdown in UTMP[0m...
[[0;32m  OK  [0m] Finished [0;1;39mRecord System Boot/Shutdown in UTMP[0m.
[[0;32m  OK  [0m] Reached target [0;1;39mSystem Initialization[0m.
[[0;32m  OK  [0m] Started [0;1;39mDaily rotation of log files[0m.
[[0;32m  OK  [0m] Started [0;1;39mUpdates mlocate database every day[0m.
[[0;32m  OK  [0m] Started [0;1;39mDaily Cleanup of Temporary Directories[0m.
[[0;32m  OK  [0m] Started [0;1;39mdaily update of the root trust anchor for DNSSEC[0m.
[[0;32m  OK  [0m] Reached target [0;1;39mTimer Units[0m.
[[0;32m  OK  [0m] Listening on [0;1;39mD-Bus System Message Bus Socket[0m.
[[0;32m  OK  [0m] Listening on [0;1;39mOpen-iSCSI iscsid Socket[0m.
[[0;32m  OK  [0m] Listening on [0;1;39mOpen-iSCSI iscsiuio Socket[0m.
[[0;32m  OK  [0m] Listening on [0;1;39mSSSD Kerberos…ache Manager responder socket[0m.
[[0;32m  OK  [0m] Listening on [0;1;39mLibvirt interface local socket[0m.
[[0;32m  OK  [0m] Listening on [0;1;39mVirtual machine lock manager socket[0m.
[[0;32m  OK  [0m] Listening on [0;1;39mVirtual machine log manager socket[0m.
[[0;32m  OK  [0m] Listening on [0;1;39mLibvirt network local socket[0m.
[[0;32m  OK  [0m] Listening on [0;1;39mLibvirt nodedev local socket[0m.
[[0;32m  OK  [0m] Listening on [0;1;39mLibvirt nwfilter local socket[0m.
[[0;32m  OK  [0m] Listening on [0;1;39mLibvirt proxy local socket[0m.
[[0;32m  OK  [0m] Listening on [0;1;39mLibvirt qemu local socket[0m.
[[0;32m  OK  [0m] Listening on [0;1;39mLibvirt qemu admin socket[0m.
[[0;32m  OK  [0m] Listening on [0;1;39mLibvirt qemu local read-only socket[0m.
[[0;32m  OK  [0m] Listening on [0;1;39mLibvirt secret local socket[0m.
[[0;32m  OK  [0m] Listening on [0;1;39mLibvirt storage local socket[0m.
[[0;32m  OK  [0m] Reached target [0;1;39mSocket Units[0m.
         Starting [0;1;39mD-Bus System Message Bus[0m...
[[0;32m  OK  [0m] Started [0;1;39mD-Bus System Message Bus[0m.
[[0;32m  OK  [0m] Reached target [0;1;39mBasic System[0m.
         Starting [0;1;39mNetwork Manager[0m...
         Starting [0;1;39mNTP client/server[0m...
         Starting [0;1;39mRestore /run/initramfs on shutdown[0m...
[[0;32m  OK  [0m] Started [0;1;39mirqbalance daemon[0m.
[[0;32m  OK  [0m] Started [0;1;39mlibstoragemgmt plug-in server daemon[0m.
[[0;32m  OK  [0m] Started [0;1;39mMachine Check Exception Logging Daemon[0m.
[[0;32m  OK  [0m] Reached target [0;1;39msshd-keygen.target[0m.
[[0;32m  OK  [0m] Reached target [0;1;39mUser and Group Name Lookups[0m.
         Starting [0;1;39mUser Login Management[0m...
         Starting [0;1;39mVirtual Machine a…tainer Registration Service[0m...
[[0;32m  OK  [0m] Finished [0;1;39mRestore /run/initramfs on shutdown[0m.
         Starting [0;1;39mHostname Service[0m...
[[0;32m  OK  [0m] Started [0;1;39mVirtual Machine an…ontainer Registration Service[0m.
[[0;32m  OK  [0m] Started [0;1;39mNTP client/server[0m.
[[0;32m  OK  [0m] Started [0;1;39mUser Login Management[0m.
[[0;32m  OK  [0m] Started [0;1;39mHostname Service[0m.
         Starting [0;1;39mNetwork Manager Script Dispatcher Service[0m...
[[0;32m  OK  [0m] Started [0;1;39mNetwork Manager Script Dispatcher Service[0m.
[   12.520315] e1000: eth0 NIC Link is Up 1000 Mbps Full Duplex, Flow Control: RX
[[0;32m  OK  [0m] Started [0;1;39mNetwork Manager[0m.
[[0;32m  OK  [0m] Reached target [0;1;39mNetwork[0m.
[[0;32m  OK  [0m] Reached target [0;1;39mNetwork is Online[0m.
         Starting [0;1;39mGSSAPI Proxy Daemon[0m...
         Starting [0;1;39mNotify NFS peers of a restart[0m...
         Starting [0;1;39mSystem Logging Service[0m...
         Starting [0;1;39mOpenSSH server daemon[0m...
         Starting [0;1;39mDynamic System Tuning Daemon[0m...
[[0;32m  OK  [0m] Started [0;1;39mNotify NFS peers of a restart[0m.
[[0;32m  OK  [0m] Started [0;1;39mGSSAPI Proxy Daemon[0m.
[[0;32m  OK  [0m] Started [0;1;39mOpenSSH server daemon[0m.
[[0;32m  OK  [0m] Reached target [0;1;39mNFS client services[0m.
[[0;32m  OK  [0m] Reached target [0;1;39mPreparation for Remote File Systems[0m.
[[0;32m  OK  [0m] Reached target [0;1;39mRemote File Systems[0m.
         Starting [0;1;39mPermit User Sessions[0m...
         Starting [0;1;39mVirtualization qemu daemon[0m...
[[0;32m  OK  [0m] Started [0;1;39mSystem Logging Service[0m.
[[0;32m  OK  [0m] Finished [0;1;39mPermit User Sessions[0m.
[[0;32m  OK  [0m] Started [0;1;39mDeferred execution scheduler[0m.
[[0;32m  OK  [0m] Started [0;1;39mCommand Scheduler[0m.
         Starting [0;1;39mHold until boot process finishes up[0m...
         Starting [0;1;39mTerminate Plymouth Boot Screen[0m...
[[0;32m  OK  [0m] Started [0;1;39mVirtualization qemu daemon[0m.

CentOS Stream 9
Kernel 6.18.0-f2310b6271dc+ on an x86_64

Activate the web console with: systemctl enable --now cockpit.socket

test login: 