c[?7l[2J[0mSeaBIOS (version rel-1.16.3-0-ga6ed6b701f0a-prebuilt.qemu.org)


iPXE (http://ipxe.org) 00:03.0 CA00 PCI2.10 PnP PMM+7EFD0D60+7EF30D60 CA00
Press Ctrl-B to configure iPXE (PCI 00:03.0)...                                                                               


Booting from ROM..c[?7l[2J[    0.000000] Linux version 6.19.0-rc1-fa084c35afa1+ (root@gnr-800442) (gcc (GCC) 11.5.0 20240719 (Red Hat 11.5.0-14), GNU ld version 2.35.2-66.el9) #1 SMP PREEMPT_DYNAMIC Tue Jan 27 17:33:18 CST 2026
[    0.000000] Command line: console=ttyS0 root=/dev/sda earlyprintk=serial net.ifnames=0 thunderbolt.dyndbg
[    0.000000] KERNEL supported cpus:
[    0.000000]   Intel GenuineIntel
[    0.000000]   AMD AuthenticAMD
[    0.000000]   Hygon HygonGenuine
[    0.000000]   Centaur CentaurHauls
[    0.000000]   zhaoxin   Shanghai  
[    0.000000] x86/CPU: Model not found in latest microcode list
[    0.000000] x86/split lock detection: #DB: warning on user-space bus_locks
[    0.000000] BIOS-provided physical RAM map:
[    0.000000] BIOS-e820: [mem 0x0000000000000000-0x000000000009fbff] usable
[    0.000000] BIOS-e820: [mem 0x000000000009fc00-0x000000000009ffff] reserved
[    0.000000] BIOS-e820: [mem 0x00000000000f0000-0x00000000000fffff] reserved
[    0.000000] BIOS-e820: [mem 0x0000000000100000-0x000000007ffdffff] usable
[    0.000000] BIOS-e820: [mem 0x000000007ffe0000-0x000000007fffffff] reserved
[    0.000000] BIOS-e820: [mem 0x00000000feffc000-0x00000000feffffff] reserved
[    0.000000] BIOS-e820: [mem 0x00000000fffc0000-0x00000000ffffffff] reserved
[    0.000000] printk: legacy bootconsole [earlyser0] enabled
[    0.000000] NX (Execute Disable) protection: active
[    0.000000] APIC: Static calls initialized
[    0.000000] SMBIOS 3.0.0 present.
[    0.000000] DMI: QEMU Standard PC (i440FX + PIIX, 1996), BIOS rel-1.16.3-0-ga6ed6b701f0a-prebuilt.qemu.org 04/01/2014
[    0.000000] DMI: Memory slots populated: 1/1
[    0.000000] Hypervisor detected: KVM
[    0.000000] last_pfn = 0x7ffe0 max_arch_pfn = 0x10000000000
[    0.000000] kvm-clock: Using msrs 4b564d01 and 4b564d00
[    0.000003] kvm-clock: using sched offset of 706378043 cycles
[    0.000466] clocksource: kvm-clock: mask: 0xffffffffffffffff max_cycles: 0x1cd42e4dffb, max_idle_ns: 881590591483 ns
[    0.001925] tsc: Detected 2500.000 MHz processor
[    0.010877] last_pfn = 0x7ffe0 max_arch_pfn = 0x10000000000
[    0.011374] MTRR map: 4 entries (3 fixed + 1 variable; max 19), built from 8 variable MTRRs
[    0.012123] x86/PAT: Configuration [0-7]: WB  WC  UC- UC  WB  WP  UC- WT  
[    0.017697] found SMP MP-table at [mem 0x000f5480-0x000f548f]
[    0.018248] Using GB pages for direct mapping
[    0.020814] ACPI: Early table checksum verification disabled
[    0.021332] ACPI: RSDP 0x00000000000F52A0 000014 (v00 BOCHS )
[    0.021878] ACPI: RSDT 0x000000007FFE1C9B 000034 (v01 BOCHS  BXPC     00000001 BXPC 00000001)
[    0.022681] ACPI: FACP 0x000000007FFE1B47 000074 (v01 BOCHS  BXPC     00000001 BXPC 00000001)
[    0.023469] ACPI: DSDT 0x000000007FFE0040 001B07 (v01 BOCHS  BXPC     00000001 BXPC 00000001)
[    0.024226] ACPI: FACS 0x000000007FFE0000 000040
[    0.024650] ACPI: APIC 0x000000007FFE1BBB 000080 (v03 BOCHS  BXPC     00000001 BXPC 00000001)
[    0.025404] ACPI: HPET 0x000000007FFE1C3B 000038 (v01 BOCHS  BXPC     00000001 BXPC 00000001)
[    0.026169] ACPI: WAET 0x000000007FFE1C73 000028 (v01 BOCHS  BXPC     00000001 BXPC 00000001)
[    0.026935] ACPI: Reserving FACP table memory at [mem 0x7ffe1b47-0x7ffe1bba]
[    0.027563] ACPI: Reserving DSDT table memory at [mem 0x7ffe0040-0x7ffe1b46]
[    0.028179] ACPI: Reserving FACS table memory at [mem 0x7ffe0000-0x7ffe003f]
[    0.028797] ACPI: Reserving APIC table memory at [mem 0x7ffe1bbb-0x7ffe1c3a]
[    0.029414] ACPI: Reserving HPET table memory at [mem 0x7ffe1c3b-0x7ffe1c72]
[    0.030029] ACPI: Reserving WAET table memory at [mem 0x7ffe1c73-0x7ffe1c9a]
[    0.031207] No NUMA configuration found
[    0.031562] Faking a node at [mem 0x0000000000000000-0x000000007ffdffff]
[    0.032155] NODE_DATA(0) allocated [mem 0x7ffb4ec0-0x7ffdfcbf]
[    0.033791] Zone ranges:
[    0.034053]   DMA      [mem 0x0000000000001000-0x0000000000ffffff]
[    0.034610]   DMA32    [mem 0x0000000001000000-0x000000007ffdffff]
[    0.035141]   Normal   empty
[    0.035395]   Device   empty
[    0.035665] Movable zone start for each node
[    0.036050] Early memory node ranges
[    0.036364]   node   0: [mem 0x0000000000001000-0x000000000009efff]
[    0.036918]   node   0: [mem 0x0000000000100000-0x000000007ffdffff]
[    0.037466] Initmem setup node 0 [mem 0x0000000000001000-0x000000007ffdffff]
[    0.038488] On node 0, zone DMA: 1 pages in unavailable ranges
[    0.039205] On node 0, zone DMA: 97 pages in unavailable ranges
[    0.072226] On node 0, zone DMA32: 32 pages in unavailable ranges
[    0.149715] KernelAddressSanitizer initialized (generic)
[    0.150476] ACPI: PM-Timer IO Port: 0x608
[    0.150839] ACPI: LAPIC_NMI (acpi_id[0xff] dfl dfl lint[0x1])
[    0.151423] IOAPIC[0]: apic_id 0, version 17, address 0xfec00000, GSI 0-23
[    0.152060] ACPI: INT_SRC_OVR (bus 0 bus_irq 0 global_irq 2 dfl dfl)
[    0.152655] ACPI: INT_SRC_OVR (bus 0 bus_irq 5 global_irq 5 high level)
[    0.153241] ACPI: INT_SRC_OVR (bus 0 bus_irq 9 global_irq 9 high level)
[    0.153826] ACPI: INT_SRC_OVR (bus 0 bus_irq 10 global_irq 10 high level)
[    0.154430] ACPI: INT_SRC_OVR (bus 0 bus_irq 11 global_irq 11 high level)
[    0.155047] ACPI: Using ACPI (MADT) for SMP configuration information
[    0.155620] ACPI: HPET id: 0x8086a201 base: 0xfed00000
[    0.156076] TSC deadline timer available
[    0.156429] CPU topo: Max. logical packages:   1
[    0.156843] CPU topo: Max. logical dies:       1
[    0.157244] CPU topo: Max. dies per package:   1
[    0.157658] CPU topo: Max. threads per core:   1
[    0.158062] CPU topo: Num. cores per package:     2
[    0.158485] CPU topo: Num. threads per package:   2
[    0.158915] CPU topo: Allowing 2 present CPUs plus 0 hotplug CPUs
[    0.159497] kvm-guest: APIC: eoi() replaced with kvm_guest_apic_eoi_write()
[    0.160131] kvm-guest: KVM setup pv remote TLB flush
[    0.160596] kvm-guest: setup PV sched yield
[    0.161004] PM: hibernation: Registered nosave memory: [mem 0x00000000-0x00000fff]
[    0.161660] PM: hibernation: Registered nosave memory: [mem 0x0009f000-0x000fffff]
[    0.162311] [mem 0x80000000-0xfeffbfff] available for PCI devices
[    0.162839] Booting paravirtualized kernel on KVM
[    0.163245] clocksource: refined-jiffies: mask: 0xffffffff max_cycles: 0xffffffff, max_idle_ns: 7645519600211568 ns
[    0.164160] setup_percpu: NR_CPUS:8192 nr_cpumask_bits:2 nr_cpu_ids:2 nr_node_ids:1
[    0.165541] percpu: Embedded 81 pages/cpu s294912 r8192 d28672 u1048576
[    0.166356] kvm-guest: PV spinlocks enabled
[    0.166748] PV qspinlock hash table entries: 256 (order: 0, 4096 bytes, linear)
[    0.167406] Kernel command line: net.ifnames=0 console=ttyS0 root=/dev/sda earlyprintk=serial net.ifnames=0 thunderbolt.dyndbg
[    0.168698] random: crng init done
[    0.169022] printk: log buffer data + meta data: 262144 + 917504 = 1179648 bytes
[    0.170170] Dentry cache hash table entries: 262144 (order: 9, 2097152 bytes, linear)
[    0.171326] Inode-cache hash table entries: 131072 (order: 8, 1048576 bytes, linear)
[    0.172305] Fallback order for Node 0: 0 
[    0.172317] Built 1 zonelists, mobility grouping on.  Total pages: 524158
[    0.173219] Policy zone: DMA32
[    0.173477] mem auto-init: stack:off, heap alloc:off, heap free:off
[    0.173999] stackdepot: allocating hash table via alloc_large_system_hash
[    0.174586] stackdepot hash table entries: 1048576 (order: 12, 16777216 bytes, linear)
[    0.179406] stackdepot: allocating space for 8192 stack pools via memblock
[    0.224517] SLUB: HWalign=64, Order=0-3, MinObjects=0, CPUs=2, Nodes=1
[    0.225087] kmemleak: Kernel memory leak detector disabled
[    0.263217] ftrace: allocating 75271 entries in 296 pages
[    0.263679] ftrace: allocated 296 pages with 3 groups
[    0.268389] Dynamic Preempt: voluntary
[    0.269203] Running RCU self tests
[    0.269494] Running RCU synchronous self tests
[    0.269881] rcu: Preemptible hierarchical RCU implementation.
[    0.270362] rcu: 	RCU lockdep checking is enabled.
[    0.270771] rcu: 	RCU restricting CPUs from NR_CPUS=8192 to nr_cpu_ids=2.
[    0.271338] 	Trampoline variant of Tasks RCU enabled.
[    0.271751] 	Rude variant of Tasks RCU enabled.
[    0.272117] 	Tracing variant of Tasks RCU enabled.
[    0.272520] rcu: RCU calculated value of scheduler-enlistment delay is 25 jiffies.
[    0.273139] rcu: Adjusting geometry for rcu_fanout_leaf=16, nr_cpu_ids=2
[    0.273768] Running RCU synchronous self tests
[    0.274144] RCU Tasks: Setting shift to 1 and lim to 1 rcu_task_cb_adjust=1 rcu_task_cpu_ids=2.
[    0.274866] RCU Tasks Rude: Setting shift to 1 and lim to 1 rcu_task_cb_adjust=1 rcu_task_cpu_ids=2.
[    0.275610] RCU Tasks Trace: Setting shift to 1 and lim to 1 rcu_task_cb_adjust=1 rcu_task_cpu_ids=2.
[    0.349727] NR_IRQS: 524544, nr_irqs: 440, preallocated irqs: 16
[    0.350871] rcu: srcu_init: Setting srcu_struct sizes based on contention.
[    0.359259] Console: colour VGA+ 80x25
[    0.359676] printk: legacy console [ttyS0] enabled
[    0.359676] printk: legacy console [ttyS0] enabled
[    0.360520] printk: legacy bootconsole [earlyser0] disabled
[    0.360520] printk: legacy bootconsole [earlyser0] disabled
[    0.361552] Lock dependency validator: Copyright (c) 2006 Red Hat, Inc., Ingo Molnar
[    0.362243] ... MAX_LOCKDEP_SUBCLASSES:  8
[    0.362612] ... MAX_LOCK_DEPTH:          48
[    0.362989] ... MAX_LOCKDEP_KEYS:        8192
[    0.363371] ... CLASSHASH_SIZE:          4096
[    0.363763] ... MAX_LOCKDEP_ENTRIES:     32768
[    0.364153] ... MAX_LOCKDEP_CHAINS:      65536
[    0.364556] ... CHAINHASH_SIZE:          32768
[    0.364949]  memory used by lock dependency info: 6429 kB
[    0.365423]  memory used for stack traces: 4224 kB
[    0.365859]  per task-struct memory footprint: 1920 bytes
[    0.366408] ACPI: Core revision 20250807
[    0.367203] clocksource: hpet: mask: 0xffffffff max_cycles: 0xffffffff, max_idle_ns: 19112604467 ns
[    0.368200] APIC: Switch to symmetric I/O mode setup
[    0.368819] x2apic enabled
[    0.369450] APIC: Switched APIC routing to: physical x2apic
[    0.369966] kvm-guest: APIC: send_IPI_mask() replaced with kvm_send_ipi_mask()
[    0.370617] kvm-guest: APIC: send_IPI_mask_allbutself() replaced with kvm_send_ipi_mask_allbutself()
[    0.371415] kvm-guest: setup PV IPIs
[    0.372858] ..TIMER: vector=0x30 apic1=0 pin1=2 apic2=-1 pin2=-1
[    0.373413] clocksource: tsc-early: mask: 0xffffffffffffffff max_cycles: 0x240939f1bb2, max_idle_ns: 440795263295 ns
[    0.374351] Calibrating delay loop (skipped) preset value.. 5000.00 BogoMIPS (lpj=10000000)
[    0.375251] x86/cpu: User Mode Instruction Prevention (UMIP) activated
[    0.375930] Last level iTLB entries: 4KB 0, 2MB 0, 4MB 0
[    0.378364] Last level dTLB entries: 4KB 0, 2MB 0, 4MB 0, 1GB 0
[    0.378908] mitigations: Enabled attack vectors: user_kernel, user_user, guest_host, guest_guest, SMT mitigations: auto
[    0.379864] Speculative Store Bypass: Mitigation: Speculative Store Bypass disabled via prctl
[    0.380609] Spectre V2 : Mitigation: Enhanced / Automatic IBRS
[    0.381114] ITS: Mitigation: Aligned branch/return thunks
[    0.381602] Spectre V1 : Mitigation: usercopy/swapgs barriers and __user pointer sanitization
[    0.382341] Spectre V2 : WARNING: Unprivileged eBPF is enabled with eIBRS on, data leaks possible via Spectre v2 BHB attacks!
[    0.383336] Spectre V2 : Spectre v2 / PBRSB-eIBRS: Retire a single CALL on VMEXIT
[    0.383972] Spectre V2 : mitigation: Enabling conditional Indirect Branch Prediction Barrier
[    0.384694] active return thunk: its_return_thunk
[    0.385108] Spectre V2 : Spectre BHI mitigation: SW BHB clearing on syscall and VM exit
[    0.385860] x86/fpu: Supporting XSAVE feature 0x001: 'x87 floating point registers'
[    0.386341] x86/fpu: Supporting XSAVE feature 0x002: 'SSE registers'
[    0.386879] x86/fpu: Supporting XSAVE feature 0x004: 'AVX registers'
[    0.387425] x86/fpu: Supporting XSAVE feature 0x020: 'AVX-512 opmask'
[    0.387973] x86/fpu: Supporting XSAVE feature 0x040: 'AVX-512 Hi256'
[    0.388517] x86/fpu: Supporting XSAVE feature 0x080: 'AVX-512 ZMM_Hi256'
[    0.389081] x86/fpu: Supporting XSAVE feature 0x200: 'Protection Keys User registers'
[    0.389745] x86/fpu: Supporting XSAVE feature 0x20000: 'AMX Tile config'
[    0.390341] x86/fpu: Supporting XSAVE feature 0x40000: 'AMX Tile data'
[    0.390885] x86/fpu: xstate_offset[2]:  576, xstate_sizes[2]:  256
[    0.391414] x86/fpu: xstate_offset[5]:  832, xstate_sizes[5]:   64
[    0.391933] x86/fpu: xstate_offset[6]:  896, xstate_sizes[6]:  512
[    0.392463] x86/fpu: xstate_offset[7]: 1408, xstate_sizes[7]: 1024
[    0.392977] x86/fpu: xstate_offset[9]: 2432, xstate_sizes[9]:    8
[    0.393495] x86/fpu: xstate_offset[17]: 2496, xstate_sizes[17]:   64
[    0.394349] x86/fpu: xstate_offset[18]: 2560, xstate_sizes[18]: 8192
[    0.394899] x86/fpu: Enabled xstate features 0x602e7, context size is 10752 bytes, using 'compacted' format.
[    0.564877] Freeing SMP alternatives memory: 64K
[    0.565308] pid_max: default: 32768 minimum: 301
[    0.566073] Yama: becoming mindful.
[    0.566812] Mount-cache hash table entries: 4096 (order: 3, 32768 bytes, linear)
[    0.567475] Mountpoint-cache hash table entries: 4096 (order: 3, 32768 bytes, linear)
[    0.569714] Running RCU synchronous self tests
[    0.570352] Running RCU synchronous self tests
[    0.571095] smpboot: CPU0: Intel GENUINE INTEL(R) XEON(R) (family: 0x6, model: 0xad, stepping: 0x0)
[    0.572678] Performance Events: PEBS fmt0-, Granite Rapids events, 
[    0.572757] core: The event 0x400 is not supported as a normal event.
[    0.573871] core: The event 0x8000 is not supported as a normal event.
[    0.574338] core: The event 0x8100 is not supported as a normal event.
[    0.574360] core: The event 0x8200 is not supported as a normal event.
[    0.574917] core: The event 0x8300 is not supported as a normal event.
[    0.575467] core: The event 0x8400 is not supported as a normal event.
[    0.576007] core: The event 0x8500 is not supported as a normal event.
[    0.576568] core: The event 0x8600 is not supported as a normal event.
[    0.577123] core: The event 0x8700 is not supported as a normal event.
[    0.577709] full-width counters, Intel PMU driver.
[    0.578146] ... version:                   2
[    0.578342] ... bit width:                 48
[    0.578714] ... generic counters:          8
[    0.579078] ... generic bitmap:            00000000000000ff
[    0.579555] ... fixed-purpose counters:    3
[    0.579915] ... fixed-purpose bitmap:      0000000000000007
[    0.580388] ... value mask:                0000ffffffffffff
[    0.580856] ... max period:                00007fffffffffff
[    0.581341] ... global_ctrl mask:          00000007000000ff
[    0.582323] signal: max sigframe size: 11952
[    0.582533] rcu: Hierarchical SRCU implementation.
[    0.582973] rcu: 	Max phase no-delay instances is 1000.
[    0.583632] Timer migration: 1 hierarchy levels; 8 children per group; 1 crossnode level
[    0.606732] smp: Bringing up secondary CPUs ...
[    0.607716] smpboot: x86: Booting SMP configuration:
[    0.608169] .... node  #0, CPUs:      #1
[    0.608510] smp: Brought up 1 node, 2 CPUs
[    0.610764] smpboot: Total of 2 processors activated (10000.00 BogoMIPS)
[    0.612486] Memory: 1591816K/2096632K available (80922K kernel code, 15557K rwdata, 18816K rodata, 16412K init, 20860K bss, 493188K reserved, 0K cma-reserved)
[    0.614637] devtmpfs: initialized
[    0.615493] x86/mm: Memory block size: 128MB
[    0.627181] Running RCU synchronous self tests
[    0.627630] Running RCU synchronous self tests
[    0.628121] Running RCU Tasks wait API self tests
[    0.630411] Running RCU Tasks Rude wait API self tests
[    0.630891] Running RCU Tasks Trace wait API self tests
[    0.650394] clocksource: jiffies: mask: 0xffffffff max_cycles: 0xffffffff, max_idle_ns: 7645041785100000 ns
[    0.654369] posixtimers hash table entries: 1024 (order: 5, 73728 bytes, linear)
[    0.655067] futex hash table entries: 512 (65536 bytes on 1 NUMA nodes, total 64 KiB, linear).
[    0.658487] 
[    0.658681] *************************************************************
[    0.659280] **     NOTICE NOTICE NOTICE NOTICE NOTICE NOTICE NOTICE    **
[    0.659882] **                                                         **
[    0.660459] **  IOMMU DebugFS SUPPORT HAS BEEN ENABLED IN THIS KERNEL  **
[    0.661071] **                                                         **
[    0.661658] ** This means that this kernel is built to expose internal **
[    0.662229] ** IOMMU data structures, which may compromise security on **
[    0.662344] ** your system.                                            **
[    0.662927] **                                                         **
[    0.663512] ** If you see this message and you are not debugging the   **
[    0.664080] ** kernel, report this immediately to your vendor!         **
[    0.664652] **                                                         **
[    0.665233] **     NOTICE NOTICE NOTICE NOTICE NOTICE NOTICE NOTICE    **
[    0.665808] *************************************************************
[    0.666431] PM: RTC time: 09:34:59, date: 2026-01-27
[    0.669476] NET: Registered PF_NETLINK/PF_ROUTE protocol family
[    0.671627] DMA: preallocated 256 KiB GFP_KERNEL pool for atomic allocations
[    0.672286] DMA: preallocated 256 KiB GFP_KERNEL|GFP_DMA pool for atomic allocations
[    0.672991] DMA: preallocated 256 KiB GFP_KERNEL|GFP_DMA32 pool for atomic allocations
[    0.673782] audit: initializing netlink subsys (disabled)
[    0.674504] audit: type=2000 audit(1769506500.260:1): state=initialized audit_enabled=0 res=1
[    0.676440] thermal_sys: Registered thermal governor 'fair_share'
[    0.676454] thermal_sys: Registered thermal governor 'bang_bang'
[    0.676454] thermal_sys: Registered thermal governor 'step_wise'
[    0.676454] thermal_sys: Registered thermal governor 'user_space'
[    0.678386] cpuidle: using governor ladder
[    0.679380] cpuidle: using governor menu
[    0.679380] acpiphp: ACPI Hot Plug PCI Controller Driver version: 0.5
[    0.680081] PCI: Using configuration type 1 for base access
[    0.682699] kprobes: kprobe jump-optimization is enabled. All kprobes are optimized if possible.
[    0.686380] Callback from call_rcu_tasks_trace() invoked.
[    0.803329] HugeTLB: registered 1.00 GiB page size, pre-allocated 0 pages
[    0.803329] HugeTLB: 16380 KiB vmemmap can be freed for a 1.00 GiB page
[    0.803329] HugeTLB: registered 2.00 MiB page size, pre-allocated 0 pages
[    0.803329] HugeTLB: 28 KiB vmemmap can be freed for a 2.00 MiB page
[    0.820603] ACPI: Added _OSI(Module Device)
[    0.821017] ACPI: Added _OSI(Processor Device)
[    0.821391] ACPI: Added _OSI(Processor Aggregator Device)
[    0.838412] ACPI: 1 ACPI AML tables successfully acquired and loaded
[    0.845888] ACPI: Interpreter enabled
[    0.846417] ACPI: PM: (supports S0 S3 S4 S5)
[    0.846800] ACPI: Using IOAPIC for interrupt routing
[    0.847354] PCI: Using host bridge windows from ACPI; if necessary, use "pci=nocrs" and report a bug
[    0.848157] PCI: Using E820 reservations for host bridge windows
[    0.849931] ACPI: Enabled 2 GPEs in block 00 to 0F
[    0.890976] ACPI: PCI Root Bridge [PCI0] (domain 0000 [bus 00-ff])
[    0.891554] acpi PNP0A03:00: _OSC: OS supports [ASPM ClockPM Segments MSI EDR HPX-Type3]
[    0.892267] acpi PNP0A03:00: _OSC: not requesting OS control; OS requires [ExtendedConfig ASPM ClockPM MSI]
[    0.893515] acpi PNP0A03:00: fail to add MMCONFIG information, can't access extended configuration space under this bridge
[    0.899333] acpiphp: Slot [3] registered
[    0.899816] acpiphp: Slot [4] registered
[    0.900286] acpiphp: Slot [5] registered
[    0.900785] acpiphp: Slot [6] registered
[    0.901256] acpiphp: Slot [7] registered
[    0.901728] acpiphp: Slot [8] registered
[    0.902208] acpiphp: Slot [9] registered
[    0.902492] acpiphp: Slot [10] registered
[    0.903035] acpiphp: Slot [11] registered
[    0.903534] acpiphp: Slot [12] registered
[    0.904016] acpiphp: Slot [13] registered
[    0.904889] acpiphp: Slot [14] registered
[    0.905424] acpiphp: Slot [15] registered
[    0.905918] acpiphp: Slot [16] registered
[    0.906414] acpiphp: Slot [17] registered
[    0.906908] acpiphp: Slot [18] registered
[    0.907387] acpiphp: Slot [19] registered
[    0.907876] acpiphp: Slot [20] registered
[    0.908351] acpiphp: Slot [21] registered
[    0.908837] acpiphp: Slot [22] registered
[    0.909312] acpiphp: Slot [23] registered
[    0.909792] acpiphp: Slot [24] registered
[    0.910267] acpiphp: Slot [25] registered
[    0.910482] acpiphp: Slot [26] registered
[    0.910965] acpiphp: Slot [27] registered
[    0.911449] acpiphp: Slot [28] registered
[    0.911921] acpiphp: Slot [29] registered
[    0.912414] acpiphp: Slot [30] registered
[    0.912891] acpiphp: Slot [31] registered
[    0.913316] PCI host bridge to bus 0000:00
[    0.913722] pci_bus 0000:00: root bus resource [io  0x0000-0x0cf7 window]
[    0.914305] pci_bus 0000:00: root bus resource [io  0x0d00-0xffff window]
[    0.914384] pci_bus 0000:00: root bus resource [mem 0x000a0000-0x000bffff window]
[    0.915019] pci_bus 0000:00: root bus resource [mem 0x80000000-0xfebfffff window]
[    0.915655] pci_bus 0000:00: root bus resource [mem 0x100000000-0x17fffffff window]
[    0.916302] pci_bus 0000:00: root bus resource [bus 00-ff]
[    0.916891] pci 0000:00:00.0: [8086:1237] type 00 class 0x060000 conventional PCI endpoint
[    0.919167] pci 0000:00:01.0: [8086:7000] type 00 class 0x060100 conventional PCI endpoint
[    0.921202] pci 0000:00:01.1: [8086:7010] type 00 class 0x010180 conventional PCI endpoint
[    0.922372] pci 0000:00:01.1: BAR 4 [io  0xc040-0xc04f]
[    0.922861] pci 0000:00:01.1: BAR 0 [io  0x01f0-0x01f7]: legacy IDE quirk
[    0.923438] pci 0000:00:01.1: BAR 1 [io  0x03f6]: legacy IDE quirk
[    0.923967] pci 0000:00:01.1: BAR 2 [io  0x0170-0x0177]: legacy IDE quirk
[    0.924549] pci 0000:00:01.1: BAR 3 [io  0x0376]: legacy IDE quirk
[    0.926153] pci 0000:00:01.3: [8086:7113] type 00 class 0x068000 conventional PCI endpoint
[    0.926613] pci 0000:00:01.3: quirk: [io  0x0600-0x063f] claimed by PIIX4 ACPI
[    0.927234] pci 0000:00:01.3: quirk: [io  0x0700-0x070f] claimed by PIIX4 SMB
[    0.928909] pci 0000:00:02.0: [1234:1111] type 00 class 0x030000 conventional PCI endpoint
[    0.930824] pci 0000:00:02.0: BAR 0 [mem 0xfd000000-0xfdffffff pref]
[    0.931418] pci 0000:00:02.0: BAR 2 [mem 0xfebf0000-0xfebf0fff]
[    0.931952] pci 0000:00:02.0: ROM [mem 0xfebe0000-0xfebeffff pref]
[    0.932572] pci 0000:00:02.0: Video device with shadowed ROM at [mem 0x000c0000-0x000dffff]
[    0.934457] pci 0000:00:03.0: [8086:100e] type 00 class 0x020000 conventional PCI endpoint
[    0.936080] pci 0000:00:03.0: BAR 0 [mem 0xfebc0000-0xfebdffff]
[    0.936589] pci 0000:00:03.0: BAR 1 [io  0xc000-0xc03f]
[    0.937071] pci 0000:00:03.0: ROM [mem 0xfeb80000-0xfebbffff pref]
[    0.961084] ACPI: PCI: Interrupt link LNKA configured for IRQ 10
[    0.962602] ACPI: PCI: Interrupt link LNKB configured for IRQ 10
[    0.964045] ACPI: PCI: Interrupt link LNKC configured for IRQ 11
[    0.965470] ACPI: PCI: Interrupt link LNKD configured for IRQ 11
[    0.966386] ACPI: PCI: Interrupt link LNKS configured for IRQ 9
[    0.970377] iommu: Default domain type: Translated
[    0.970836] iommu: DMA domain TLB invalidation policy: lazy mode
[    0.972706] SCSI subsystem initialized
[    0.974877] ACPI: bus type USB registered
[    0.975450] usbcore: registered new interface driver usbfs
[    0.976016] usbcore: registered new interface driver hub
[    0.976527] usbcore: registered new device driver usb
[    0.977274] pps_core: LinuxPPS API ver. 1 registered
[    0.977704] pps_core: Software ver. 5.3.6 - Copyright 2005-2007 Rodolfo Giometti <giometti@linux.it>
[    0.978379] PTP clock support registered
[    0.982624] EDAC MC: Ver: 3.0.0
[    0.986426] NetLabel: Initializing
[    0.986765] NetLabel:  domain hash size = 128
[    0.987139] NetLabel:  protocols = UNLABELED CIPSOv4 CALIPSO
[    0.987748] NetLabel:  unlabeled traffic allowed by default
[    0.988473] PCI: Using ACPI for IRQ routing
[    0.990568] pci 0000:00:02.0: vgaarb: setting as boot VGA device
[    0.991107] pci 0000:00:02.0: vgaarb: bridge control possible
[    0.991602] pci 0000:00:02.0: vgaarb: VGA device added: decodes=io+mem,owns=io+mem,locks=none
[    0.992322] vgaarb: loaded
[    0.994808] hpet0: at MMIO 0xfed00000, IRQs 2, 8, 0
[    0.995289] hpet0: 3 comparators, 64-bit 100.000000 MHz counter
[    0.999062] clocksource: Switched to clocksource kvm-clock
[    3.501571] VFS: Disk quotas dquot_6.6.0
[    3.502009] VFS: Dquot-cache hash table entries: 512 (order 0, 4096 bytes)
[    3.504788] pnp: PnP ACPI init
[    3.509129] pnp: PnP ACPI: found 6 devices
[    3.568624] clocksource: acpi_pm: mask: 0xffffff max_cycles: 0xffffff, max_idle_ns: 2085701024 ns
[    3.569900] NET: Registered PF_INET protocol family
[    3.570467] IP idents hash table entries: 32768 (order: 6, 262144 bytes, linear)
[    3.572579] tcp_listen_portaddr_hash hash table entries: 1024 (order: 5, 73728 bytes, linear)
[    3.573387] Table-perturb hash table entries: 65536 (order: 6, 262144 bytes, linear)
[    3.574181] TCP established hash table entries: 16384 (order: 5, 131072 bytes, linear)
[    3.575213] TCP bind hash table entries: 16384 (order: 10, 2359296 bytes, linear)
[    3.577252] TCP: Hash tables configured (established 16384 bind 16384)
[    3.577981] UDP hash table entries: 1024 (order: 6, 262144 bytes, linear)
[    3.578667] UDP-Lite hash table entries: 1024 (order: 6, 262144 bytes, linear)
[    3.579712] NET: Registered PF_UNIX/PF_LOCAL protocol family
[    3.581746] RPC: Registered named UNIX socket transport module.
[    3.582347] RPC: Registered udp transport module.
[    3.582767] RPC: Registered tcp transport module.
[    3.583202] RPC: Registered tcp-with-tls transport module.
[    3.583661] RPC: Registered tcp NFSv4.1 backchannel transport module.
[    3.584234] pci_bus 0000:00: resource 4 [io  0x0000-0x0cf7 window]
[    3.584770] pci_bus 0000:00: resource 5 [io  0x0d00-0xffff window]
[    3.585288] pci_bus 0000:00: resource 6 [mem 0x000a0000-0x000bffff window]
[    3.585876] pci_bus 0000:00: resource 7 [mem 0x80000000-0xfebfffff window]
[    3.586449] pci_bus 0000:00: resource 8 [mem 0x100000000-0x17fffffff window]
[    3.587418] pci 0000:00:01.0: PIIX3: Enabling Passive Release
[    3.587921] pci 0000:00:00.0: Limiting direct PCI/PCI transfers
[    3.588492] PCI: CLS 0 bytes, default 64
[    3.588924] ACPI: bus type thunderbolt registered
[    3.589736] clocksource: tsc: mask: 0xffffffffffffffff max_cycles: 0x240939f1bb2, max_idle_ns: 440795263295 ns
[    3.599484] Initialise system trusted keyrings
[    3.600005] Key type blacklist registered
[    3.601192] workingset: timestamp_bits=36 max_order=19 bucket_order=0
[    3.604336] squashfs: version 4.0 (2009/01/31) Phillip Lougher
[    3.607389] NFS: Registering the id_resolver key type
[    3.607918] Key type id_resolver registered
[    3.608294] Key type id_legacy registered
[    3.608720] nfs4filelayout_init: NFSv4 File Layout Driver Registering...
[    3.609332] nfs4flexfilelayout_init: NFSv4 Flexfile Layout Driver Registering...
[    3.610738] fuse: init (API version 7.45)
[    3.612367] SGI XFS with ACLs, security attributes, realtime, quota, no debug enabled
[    3.615151] 9p: Installing v9fs 9p2000 file system support
[    3.630891] Key type asymmetric registered
[    3.631251] Asymmetric key parser 'x509' registered
[    3.631784] Block layer SCSI generic (bsg) driver version 0.4 loaded (major 241)
[    3.633312] io scheduler mq-deadline registered
[    3.633946] io scheduler bfq registered
[    3.635204] Callback from call_rcu_tasks() invoked.
[    3.635981] ledtrig-cpu: registered to indicate activity on CPUs
[    3.638506] IPMI message handler: version 39.2
[    3.639057] ipmi device interface
[    3.642062] input: Power Button as /devices/LNXSYSTM:00/LNXPWRBN:00/input/input0
[    3.643349] ACPI: button: Power Button [PWRF]
[    3.646214] ERST DBG: ERST support is disabled.
[    3.648497] Serial: 8250/16550 driver, 32 ports, IRQ sharing enabled
[    3.650218] 00:04: ttyS0 at I/O 0x3f8 (irq = 4, base_baud = 115200) is a 16550A
[    3.697975] Linux agpgart interface v0.103
[    3.702920] ACPI: bus type drm_connector registered
[    3.738343] brd: module loaded
[    3.762847] loop: module loaded
[    3.778069] scsi host0: ata_piix
[    3.780316] scsi host1: ata_piix
[    3.781177] ata1: PATA max MWDMA2 cmd 0x1f0 ctl 0x3f6 bmdma 0xc040 irq 14 lpm-pol 0
[    3.781833] ata2: PATA max MWDMA2 cmd 0x170 ctl 0x376 bmdma 0xc048 irq 15 lpm-pol 0
[    3.785352] tun: Universal TUN/TAP device driver, 1.6
[    3.786471] e100: Intel(R) PRO/100 Network Driver
[    3.786964] e100: Copyright(c) 1999-2006 Intel Corporation
[    3.787565] e1000: Intel(R) PRO/1000 Network Driver
[    3.788001] e1000: Copyright (c) 1999-2006 Intel Corporation.
[    3.939170] ata1: found unknown device (class 0)
[    3.940044] ata2: found unknown device (class 0)
[    3.940882] ata2.00: ATAPI: QEMU DVD-ROM, 2.5+, max UDMA/100
[    3.941805] ata1.00: ATA-7: QEMU HARDDISK, 2.5+, max UDMA/100
[    3.942312] ata1.00: 17196647 sectors, multi 16: LBA48 
[    3.947655] scsi 0:0:0:0: Direct-Access     ATA      QEMU HARDDISK    2.5+ PQ: 0 ANSI: 5
[    3.950387] sd 0:0:0:0: Attached scsi generic sg0 type 0
[    3.951887] sd 0:0:0:0: [sda] 17196647 512-byte logical blocks: (8.80 GB/8.20 GiB)
[    3.952621] scsi 1:0:0:0: CD-ROM            QEMU     QEMU DVD-ROM     2.5+ PQ: 0 ANSI: 5
[    3.953544] sd 0:0:0:0: [sda] Write Protect is off
[    3.954050] sd 0:0:0:0: [sda] Write cache: enabled, read cache: enabled, doesn't support DPO or FUA
[    3.954965] sd 0:0:0:0: [sda] Preferred minimum I/O size 512 bytes
[    3.976922] scsi 1:0:0:0: Attached scsi generic sg1 type 5
[    3.989011] sd 0:0:0:0: [sda] Attached SCSI disk
[    4.536648] ACPI: \_SB_.LNKC: Enabled at IRQ 11
[    4.847526] e1000 0000:00:03.0 eth0: (PCI:33MHz:32-bit) 52:54:00:12:34:56
[    4.848180] e1000 0000:00:03.0 eth0: Intel(R) PRO/1000 Network Connection
[    4.848939] e1000e: Intel(R) PRO/1000 Network Driver
[    4.849367] e1000e: Copyright(c) 1999 - 2015 Intel Corporation.
[    4.850039] igb: Intel(R) Gigabit Ethernet Network Driver
[    4.850516] igb: Copyright (c) 2007-2014 Intel Corporation.
[    4.851784] PPP generic driver version 2.4.2
[    4.853552] VFIO - User Level meta-driver version: 0.3
[    4.855815] usbcore: registered new interface driver uas
[    4.856465] usbcore: registered new interface driver usb-storage
[    4.857282] i8042: PNP: PS/2 Controller [PNP0303:KBD,PNP0f13:MOU] at 0x60,0x64 irq 1,12
[    4.859176] serio: i8042 KBD port at 0x60,0x64 irq 1
[    4.859694] serio: i8042 AUX port at 0x60,0x64 irq 12
[    4.861994] mousedev: PS/2 mouse device common for all mice
[    4.864309] input: AT Translated Set 2 keyboard as /devices/platform/i8042/serio0/input/input1
[    4.866410] rtc_cmos 00:05: RTC can wake from S4
[    4.868431] input: VirtualPS/2 VMware VMMouse as /devices/platform/i8042/serio1/input/input4
[    4.869355] rtc_cmos 00:05: registered as rtc0
[    4.869934] rtc_cmos 00:05: setting system clock to 2026-01-27T09:35:03 UTC (1769506503)
[    4.871126] rtc_cmos 00:05: alarms up to one day, y3k, 242 bytes nvram, hpet irqs
[    4.871365] input: VirtualPS/2 VMware VMMouse as /devices/platform/i8042/serio1/input/input3
[    4.871861] i2c_dev: i2c /dev entries driver
[    4.873037] device-mapper: core: CONFIG_IMA_DISABLE_HTABLE is disabled. Duplicate IMA measurements will not be recorded in the IMA log.
[    4.874286] device-mapper: uevent: version 1.0.3
[    4.875556] device-mapper: ioctl: 4.50.0-ioctl (2025-04-28) initialised: dm-devel@lists.linux.dev
[    4.876384] intel_pstate: CPU model not supported
[    4.877075] sdhci: Secure Digital Host Controller Interface driver
[    4.877611] sdhci: Copyright(c) Pierre Ossman
[    4.878195] sdhci-pltfm: SDHCI platform and OF driver helper
[    4.879374] drop_monitor: Initializing network drop monitor service
[    4.880308] NET: Registered PF_INET6 protocol family
[    4.882690] Segment Routing with IPv6
[    4.883166] In-situ OAM (IOAM) with IPv6
[    4.883691] NET: Registered PF_PACKET protocol family
[    4.885062] 9pnet: Installing 9P2000 support
[    4.885629] Key type dns_resolver registered
[    4.888442] IPI shorthand broadcast: enabled
[    4.947465] sched_clock: Marking stable (4928009633, 18855338)->(4953561421, -6696450)
[    4.949863] registered taskstats version 1
[    4.952041] Loading compiled-in X.509 certificates
[    5.030897] Demotion targets for Node 0: null
[    5.033281] Key type .fscrypt registered
[    5.033690] Key type fscrypt-provisioning registered
[    5.044490] Key type encrypted registered
[    5.044937] ima: No TPM chip found, activating TPM-bypass!
[    5.045419] ima: Allocated hash algorithm: sha1
[    5.045896] ima: No architecture policies found
[    5.046449] evm: Initialising EVM extended attributes:
[    5.046944] evm: security.selinux
[    5.047234] evm: security.SMACK64
[    5.047523] evm: security.SMACK64EXEC
[    5.047848] evm: security.SMACK64TRANSMUTE
[    5.048189] evm: security.SMACK64MMAP
[    5.048494] evm: security.apparmor
[    5.048796] evm: security.ima
[    5.049049] evm: security.capability
[    5.049357] evm: HMAC attrs: 0x1
[    5.052721] PM:   Magic number: 10:979:576
[    5.054626] RAS: Correctable Errors collector initialized.
[    5.055526] clk: Disabling unused clocks
[    5.056210] PM: genpd: Disabling unused power domains
[    5.057690] check access for rdinit=/init failed: -2, ignoring
[    5.058110] md: Waiting for all devices to be available before autodetect
[    5.058478] md: If you don't use raid, use raid=noautodetect
[    5.058829] md: Autodetecting RAID arrays.
[    5.059151] md: autorun ...
[    5.059325] md: ... autorun DONE.
[    5.072042] EXT4-fs (sda): INFO: recovery required on readonly filesystem
[    5.072458] EXT4-fs (sda): write access will be enabled during recovery
[    5.146388] EXT4-fs (sda): recovery complete
[    5.151214] EXT4-fs (sda): mounted filesystem 088740a9-c8b4-422c-999d-a804eb68a4da ro with ordered data mode. Quota mode: none.
[    5.152028] VFS: Mounted root (ext4 filesystem) readonly on device 8:0.
[    5.156228] devtmpfs: mounted
[    5.176299] Freeing unused decrypted memory: 2036K
[    5.183993] Freeing unused kernel image (initmem) memory: 16412K
[    5.184482] Write protecting the kernel read-only data: 102400k
[    5.187905] Freeing unused kernel image (text/rodata gap) memory: 996K
[    5.190084] Freeing unused kernel image (rodata/data gap) memory: 1664K
[    6.240102] x86/mm: Checked W+X mappings: passed, no W+X pages found.
[    6.240738] Run /sbin/init as init process
[    6.479575] systemd[1]: systemd 252-15.el9 running in system mode (+PAM +AUDIT +SELINUX -APPARMOR +IMA +SMACK +SECCOMP +GCRYPT +GNUTLS +OPENSSL +ACL +BLKID +CURL +ELFUTILS -FIDO2 +IDN2 -IDN -IPTC +KMOD +LIBCRYPTSETUP +LIBFDISK +PCRE2 -PWQUALITY +P11KIT -QRENCODE +TPM2 +BZIP2 +LZ4 +XZ +ZLIB +ZSTD -BPF_FRAMEWORK +XKBCOMMON +UTMP +SYSVINIT default-hierarchy=unified)
[    6.481406] systemd[1]: Detected virtualization kvm.
[    6.481724] systemd[1]: Detected architecture x86-64.

Welcome to [0;31mCentOS Stream 9[0m!

[    6.489244] systemd[1]: Hostname set to <test>.
[    6.717837] systemd-rc-local-generator[120]: /etc/rc.d/rc.local is not marked executable, skipping.
[    7.251299] systemd[1]: Queued start job for default target Multi-User System.
[    7.282203] systemd[1]: Created slice Virtual Machine and Container Slice.
[[0;32m  OK  [0m] Created slice [0;1;39mVirtual Machine and Container Slice[0m.
[    7.287479] systemd[1]: Created slice Slice /system/getty.
[[0;32m  OK  [0m] Created slice [0;1;39mSlice /system/getty[0m.
[    7.290237] systemd[1]: Created slice Slice /system/modprobe.
[[0;32m  OK  [0m] Created slice [0;1;39mSlice /system/modprobe[0m.
[    7.293229] systemd[1]: Created slice Slice /system/serial-getty.
[[0;32m  OK  [0m] Created slice [0;1;39mSlice /system/serial-getty[0m.
[    7.296163] systemd[1]: Created slice Slice /system/sshd-keygen.
[[0;32m  OK  [0m] Created slice [0;1;39mSlice /system/sshd-keygen[0m.
[    7.298736] systemd[1]: Created slice User and Session Slice.
[[0;32m  OK  [0m] Created slice [0;1;39mUser and Session Slice[0m.
[    7.300143] systemd[1]: Started Forward Password Requests to Wall Directory Watch.
[[0;32m  OK  [0m] Started [0;1;39mForward Password R…uests to Wall Directory Watch[0m.
[    7.302251] systemd[1]: Set up automount Arbitrary Executable File Formats File System Automount Point.
[[0;32m  OK  [0m] Set up automount [0;1;39mArbitrary…s File System Automount Point[0m.
[    7.303737] systemd[1]: Reached target Local Integrity Protected Volumes.
[[0;32m  OK  [0m] Reached target [0;1;39mLocal Integrity Protected Volumes[0m.
[    7.304848] systemd[1]: Reached target Slice Units.
[[0;32m  OK  [0m] Reached target [0;1;39mSlice Units[0m.
[    7.305687] systemd[1]: Reached target Swaps.
[[0;32m  OK  [0m] Reached target [0;1;39mSwaps[0m.
[    7.306441] systemd[1]: Reached target Local Verity Protected Volumes.
[[0;32m  OK  [0m] Reached target [0;1;39mLocal Verity Protected Volumes[0m.
[    7.307876] systemd[1]: Listening on Device-mapper event daemon FIFOs.
[[0;32m  OK  [0m] Listening on [0;1;39mDevice-mapper event daemon FIFOs[0m.
[    7.309444] systemd[1]: Listening on LVM2 poll daemon socket.
[[0;32m  OK  [0m] Listening on [0;1;39mLVM2 poll daemon socket[0m.
[    7.310537] systemd[1]: multipathd control socket was skipped because of an unmet condition check (ConditionPathExists=/etc/multipath.conf).
[    7.354662] systemd[1]: Listening on RPCbind Server Activation Socket.
[[0;32m  OK  [0m] Listening on [0;1;39mRPCbind Server Activation Socket[0m.
[    7.356285] systemd[1]: Reached target RPC Port Mapper.
[[0;32m  OK  [0m] Reached target [0;1;39mRPC Port Mapper[0m.
[    7.360220] systemd[1]: Listening on Process Core Dump Socket.
[[0;32m  OK  [0m] Listening on [0;1;39mProcess Core Dump Socket[0m.
[    7.362491] systemd[1]: Listening on initctl Compatibility Named Pipe.
[[0;32m  OK  [0m] Listening on [0;1;39minitctl Compatibility Named Pipe[0m.
[    7.364815] systemd[1]: Listening on Journal Socket (/dev/log).
[[0;32m  OK  [0m] Listening on [0;1;39mJournal Socket (/dev/log)[0m.
[    7.367173] systemd[1]: Listening on Journal Socket.
[[0;32m  OK  [0m] Listening on [0;1;39mJournal Socket[0m.
[    7.369207] systemd[1]: Listening on udev Control Socket.
[[0;32m  OK  [0m] Listening on [0;1;39mudev Control Socket[0m.
[    7.370994] systemd[1]: Listening on udev Kernel Socket.
[[0;32m  OK  [0m] Listening on [0;1;39mudev Kernel Socket[0m.
[    7.377385] systemd[1]: Mounting Huge Pages File System...
         Mounting [0;1;39mHuge Pages File System[0m...
[    7.387338] systemd[1]: Mounting POSIX Message Queue File System...
         Mounting [0;1;39mPOSIX Message Queue File System[0m...
[    7.397865] systemd[1]: Mounting Kernel Debug File System...
         Mounting [0;1;39mKernel Debug File System[0m...
[    7.407044] systemd[1]: Mounting Kernel Trace File System...
         Mounting [0;1;39mKernel Trace File System[0m...
[    7.408182] systemd[1]: Kernel Module supporting RPCSEC_GSS was skipped because of an unmet condition check (ConditionPathExists=/etc/krb5.keytab).
[    7.409055] systemd[1]: Create List of Static Device Nodes was skipped because of an unmet condition check (ConditionFileNotEmpty=/lib/modules/6.19.0-rc1-fa084c35afa1+/modules.devname).
[    7.417528] systemd[1]: Starting Monitoring of LVM2 mirrors, snapshots etc. using dmeventd or progress polling...
         Starting [0;1;39mMonitoring of LVM…meventd or progress polling[0m...
[    7.425315] systemd[1]: Starting Load Kernel Module configfs...
         Starting [0;1;39mLoad Kernel Module configfs[0m...
[    7.437092] systemd[1]: Starting Load Kernel Module drm...
         Starting [0;1;39mLoad Kernel Module drm[0m...
[    7.449648] systemd[1]: Starting Load Kernel Module fuse...
         Starting [0;1;39mLoad Kernel Module fuse[0m...
[    7.464186] systemd[1]: Starting Read and set NIS domainname from /etc/sysconfig/network...
         Starting [0;1;39mRead and set NIS …from /etc/sysconfig/network[0m...
[    7.488165] systemd[1]: Starting Journal Service...
         Starting [0;1;39mJournal Service[0m...
[    7.500861] systemd[1]: Starting Load Kernel Modules...
         Starting [0;1;39mLoad Kernel Modules[0m...
[    7.507891] systemd[1]: Starting Generate network units from Kernel command line...
         Starting [0;1;39mGenerate network …ts from Kernel command line[0m...
[    7.527363] systemd[1]: Starting Remount Root and Kernel File Systems...
         Starting [0;1;39mRemount Root and Kernel File Systems[0m...
[    7.530004] systemd[1]: Repartition Root Disk was skipped because no trigger condition checks were met.
[    7.547253] systemd[1]: Starting Coldplug All udev Devices...
         Starting [0;1;39mColdplug All udev Devices[0m...
[    7.568646] systemd[1]: Mounted Huge Pages File System.
[[0;32m  OK  [0m] Mounted [0;1;39mHuge Pages File System[0m.
[    7.571905] systemd[1]: Mounted POSIX Message Queue File System.
[[0;32m  OK  [0m] Mounted [0;1;39mPOSIX Message Queue File System[0m.
[    7.575538] systemd[1]: Mounted Kernel Debug File System.
[[0;32m  OK  [0m] Mounted [0;1;39mKernel Debug File System[0m.
[    7.577012] systemd[1]: Mounted Kernel Trace File System.
[[0;32m  OK  [0m] Mounted [0;1;39mKernel Trace File System[0m.
[    7.584909] systemd[1]: Finished Monitoring of LVM2 mirrors, snapshots etc. using dmeventd or progress polling.
[[0;32m  OK  [0m] Finished [0;1;39mMonitoring of LVM… dmeventd or progress polling[0m.
[    7.588930] systemd[1]: modprobe@configfs.service: Deactivated successfully.
[    7.590672] systemd[1]: Finished Load Kernel Module configfs.
[[0;32m  OK  [0m] Finished [0;1;39mLoad Kernel Module configfs[0m.
[    7.600604] systemd[1]: modprobe@drm.service: Deactivated successfully.
[    7.601972] systemd[1]: Finished Load Kernel Module drm.
[[0;32m  OK  [0m] Finished [0;1;39mLoad Kernel Module drm[0m.
[    7.604991] systemd[1]: modprobe@fuse.service: Deactivated successfully.
[    7.606470] systemd[1]: Finished Load Kernel Module fuse.
[[0;32m  OK  [0m] Finished [0;1;39mLoad Kernel Module fuse[0m.
[    7.608907] systemd[1]: Finished Read and set NIS domainname from /etc/sysconfig/network.
[[0;32m  OK  [0m] Finished [0;1;39mRead and set NIS …e from /etc/sysconfig/network[0m.
[    7.610733] systemd[1]: systemd-modules-load.service: Main process exited, code=exited, status=1/FAILURE
[    7.612502] systemd[1]: systemd-modules-load.service: Failed with result 'exit-code'.
[    7.614607] systemd[1]: Failed to start Load Kernel Modules.
[    7.617592] EXT4-fs (sda): re-mounted 088740a9-c8b4-422c-999d-a804eb68a4da r/w.
[[0;1;31mFAILED[0m] Failed to start [0;1;39mLoad Kernel Modules[0m.
See 'systemctl status systemd-modules-load.service' for details.
[    7.628571] systemd[1]: Finished Generate network units from Kernel command line.
[[0;32m  OK  [0m] Finished [0;1;39mGenerate network units from Kernel command line[0m.
[    7.631506] systemd[1]: Finished Remount Root and Kernel File Systems.
[[0;32m  OK  [0m] Finished [0;1;39mRemount Root and Kernel File Systems[0m.
[    7.633695] systemd[1]: Reached target Preparation for Network.
[[0;32m  OK  [0m] Reached target [0;1;39mPreparation for Network[0m.
[    7.651381] systemd[1]: Mounting FUSE Control File System...
         Mounting [0;1;39mFUSE Control File System[0m...
[    7.664127] systemd[1]: Mounting Kernel Configuration File System...
         Mounting [0;1;39mKernel Configuration File System[0m...
[    7.670405] systemd[1]: Special handling of early boot iSCSI sessions was skipped because of an unmet condition check (ConditionDirectoryNotEmpty=/sys/class/iscsi_session).
[    7.679307] systemd[1]: First Boot Wizard was skipped because of an unmet condition check (ConditionFirstBoot=yes).
[    7.687092] systemd[1]: Rebuild Hardware Database was skipped because of an unmet condition check (ConditionNeedsUpdate=/etc).
[    7.708778] systemd[1]: Starting Load/Save Random Seed...
         Starting [0;1;39mLoad/Save Random Seed[0m...
[    7.719475] systemd[1]: Starting Apply Kernel Variables...
         Starting [0;1;39mApply Kernel Variables[0m...
[    7.722563] systemd[1]: Create System Users was skipped because no trigger condition checks were met.
[    7.736420] systemd[1]: Starting Create Static Device Nodes in /dev...
         Starting [0;1;39mCreate Static Device Nodes in /dev[0m...
[    7.763353] systemd[1]: Starting Setup Virtual Console...
         Starting [0;1;39mSetup Virtual Console[0m...
[    7.778165] systemd[1]: Started Journal Service.
[[0;32m  OK  [0m] Started [0;1;39mJournal Service[0m.
[[0;32m  OK  [0m] Mounted [0;1;39mFUSE Control File System[0m.
[[0;32m  OK  [0m] Mounted [0;1;39mKernel Configuration File System[0m.
         Starting [0;1;39mFlush Journal to Persistent Storage[0m...
[[0;32m  OK  [0m] Finished [0;1;39mLoad/Save Random Seed[0m.
[[0;32m  OK  [0m] Finished [0;1;39mApply Kernel Variables[0m.
[    7.875694] systemd-journald[144]: Received client request to flush runtime journal.
[[0;32m  OK  [0m] Finished [0;1;39mCreate Static Device Nodes in /dev[0m.
         Starting [0;1;39mRule-based Manage…for Device Events and Files[0m...
[[0;32m  OK  [0m] Finished [0;1;39mFlush Journal to Persistent Storage[0m.
[[0;32m  OK  [0m] Started [0;1;39mRule-based Manager for Device Events and Files[0m.
         Starting [0;1;39mAuto-connect to s…E devices found during boot[0m...
[[0;32m  OK  [0m] Finished [0;1;39mAuto-connect to s…VME devices found during boot[0m.
[[0;32m  OK  [0m] Finished [0;1;39mSetup Virtual Console[0m.
[[0;32m  OK  [0m] Finished [0;1;39mColdplug All udev Devices[0m.
         Starting [0;1;39mShow Plymouth Boot Screen[0m...
         Starting [0;1;39mWait for udev To …plete Device Initialization[0m...
[2J[3J[-1;-1f[[0;32m  OK  [0m] Started [0;1;39mShow Plymouth Boot Screen[0m.
[[0;32m  OK  [0m] Started [0;1;39mForward Password R…s to Plymouth Directory Watch[0m.
[[0;32m  OK  [0m] Reached target [0;1;39mLocal Encrypted Volumes[0m.
[[0;32m  OK  [0m] Reached target [0;1;39mPath Units[0m.
[[0;32m  OK  [0m] Found device [0;1;39m/dev/ttyS0[0m.
[[0;32m  OK  [0m] Listening on [0;1;39mLoad/Save RF …itch Status /dev/rfkill Watch[0m.
[[0;32m  OK  [0m] Finished [0;1;39mWait for udev To Complete Device Initialization[0m.
[[0;32m  OK  [0m] Reached target [0;1;39mPreparation for Local File Systems[0m.
[[0;32m  OK  [0m] Reached target [0;1;39mLocal File Systems[0m.
         Starting [0;1;39mTell Plymouth To Write Out Runtime Data[0m...
         Starting [0;1;39mAutomatic Boot Loader Update[0m...
         Starting [0;1;39mCreate Volatile Files and Directories[0m...
[[0;32m  OK  [0m] Finished [0;1;39mTell Plymouth To Write Out Runtime Data[0m.
[[0;32m  OK  [0m] Finished [0;1;39mAutomatic Boot Loader Update[0m.
[[0;32m  OK  [0m] Finished [0;1;39mCreate Volatile Files and Directories[0m.
         Mounting [0;1;39mRPC Pipe File System[0m...
         Starting [0;1;39mSecurity Auditing Service[0m...
         Starting [0;1;39mRPC Bind[0m...
[[0;32m  OK  [0m] Mounted [0;1;39mRPC Pipe File System[0m.
[[0;32m  OK  [0m] Reached target [0;1;39mrpc_pipefs.target[0m.
[[0;32m  OK  [0m] Started [0;1;39mRPC Bind[0m.
[[0;32m  OK  [0m] Started [0;1;39mSecurity Auditing Service[0m.
         Starting [0;1;39mRecord System Boot/Shutdown in UTMP[0m...
[[0;32m  OK  [0m] Finished [0;1;39mRecord System Boot/Shutdown in UTMP[0m.
[[0;32m  OK  [0m] Reached target [0;1;39mSystem Initialization[0m.
[[0;32m  OK  [0m] Started [0;1;39mDaily rotation of log files[0m.
[[0;32m  OK  [0m] Started [0;1;39mUpdates mlocate database every day[0m.
[[0;32m  OK  [0m] Started [0;1;39mDaily Cleanup of Temporary Directories[0m.
[[0;32m  OK  [0m] Started [0;1;39mdaily update of the root trust anchor for DNSSEC[0m.
[[0;32m  OK  [0m] Reached target [0;1;39mTimer Units[0m.
[[0;32m  OK  [0m] Listening on [0;1;39mD-Bus System Message Bus Socket[0m.
[[0;32m  OK  [0m] Listening on [0;1;39mOpen-iSCSI iscsid Socket[0m.
[[0;32m  OK  [0m] Listening on [0;1;39mOpen-iSCSI iscsiuio Socket[0m.
[[0;32m  OK  [0m] Listening on [0;1;39mSSSD Kerberos…ache Manager responder socket[0m.
[[0;32m  OK  [0m] Listening on [0;1;39mLibvirt interface local socket[0m.
[[0;32m  OK  [0m] Listening on [0;1;39mVirtual machine lock manager socket[0m.
[[0;32m  OK  [0m] Listening on [0;1;39mVirtual machine log manager socket[0m.
[[0;32m  OK  [0m] Listening on [0;1;39mLibvirt network local socket[0m.
[[0;32m  OK  [0m] Listening on [0;1;39mLibvirt nodedev local socket[0m.
[[0;32m  OK  [0m] Listening on [0;1;39mLibvirt nwfilter local socket[0m.
[[0;32m  OK  [0m] Listening on [0;1;39mLibvirt proxy local socket[0m.
[[0;32m  OK  [0m] Listening on [0;1;39mLibvirt qemu local socket[0m.
[[0;32m  OK  [0m] Listening on [0;1;39mLibvirt qemu admin socket[0m.
[[0;32m  OK  [0m] Listening on [0;1;39mLibvirt qemu local read-only socket[0m.
[[0;32m  OK  [0m] Listening on [0;1;39mLibvirt secret local socket[0m.
[[0;32m  OK  [0m] Listening on [0;1;39mLibvirt storage local socket[0m.
[[0;32m  OK  [0m] Reached target [0;1;39mSocket Units[0m.
         Starting [0;1;39mD-Bus System Message Bus[0m...
[[0;32m  OK  [0m] Started [0;1;39mD-Bus System Message Bus[0m.
[[0;32m  OK  [0m] Reached target [0;1;39mBasic System[0m.
         Starting [0;1;39mNetwork Manager[0m...
         Starting [0;1;39mNTP client/server[0m...
         Starting [0;1;39mRestore /run/initramfs on shutdown[0m...
[[0;32m  OK  [0m] Started [0;1;39mirqbalance daemon[0m.
[[0;32m  OK  [0m] Started [0;1;39mlibstoragemgmt plug-in server daemon[0m.
[[0;32m  OK  [0m] Started [0;1;39mMachine Check Exception Logging Daemon[0m.
[[0;32m  OK  [0m] Reached target [0;1;39msshd-keygen.target[0m.
[[0;32m  OK  [0m] Reached target [0;1;39mUser and Group Name Lookups[0m.
         Starting [0;1;39mUser Login Management[0m...
         Starting [0;1;39mVirtual Machine a…tainer Registration Service[0m...
[[0;32m  OK  [0m] Finished [0;1;39mRestore /run/initramfs on shutdown[0m.
[[0;32m  OK  [0m] Started [0;1;39mVirtual Machine an…ontainer Registration Service[0m.
         Starting [0;1;39mHostname Service[0m...
[[0;32m  OK  [0m] Started [0;1;39mNTP client/server[0m.
[[0;32m  OK  [0m] Started [0;1;39mUser Login Management[0m.
[[0;32m  OK  [0m] Started [0;1;39mHostname Service[0m.
         Starting [0;1;39mNetwork Manager Script Dispatcher Service[0m...
[[0;32m  OK  [0m] Started [0;1;39mNetwork Manager Script Dispatcher Service[0m.
[   11.195185] e1000: eth0 NIC Link is Up 1000 Mbps Full Duplex, Flow Control: RX
[[0;32m  OK  [0m] Started [0;1;39mNetwork Manager[0m.
[[0;32m  OK  [0m] Reached target [0;1;39mNetwork[0m.
[[0;32m  OK  [0m] Reached target [0;1;39mNetwork is Online[0m.
         Starting [0;1;39mGSSAPI Proxy Daemon[0m...
         Starting [0;1;39mNotify NFS peers of a restart[0m...
         Starting [0;1;39mSystem Logging Service[0m...
         Starting [0;1;39mOpenSSH server daemon[0m...
         Starting [0;1;39mDynamic System Tuning Daemon[0m...
[[0;32m  OK  [0m] Started [0;1;39mNotify NFS peers of a restart[0m.
[[0;32m  OK  [0m] Started [0;1;39mOpenSSH server daemon[0m.
[[0;32m  OK  [0m] Started [0;1;39mGSSAPI Proxy Daemon[0m.
[[0;32m  OK  [0m] Reached target [0;1;39mNFS client services[0m.
[[0;32m  OK  [0m] Reached target [0;1;39mPreparation for Remote File Systems[0m.
[[0;32m  OK  [0m] Reached target [0;1;39mRemote File Systems[0m.
         Starting [0;1;39mPermit User Sessions[0m...
         Starting [0;1;39mVirtualization qemu daemon[0m...
[[0;32m  OK  [0m] Finished [0;1;39mPermit User Sessions[0m.
[[0;32m  OK  [0m] Started [0;1;39mDeferred execution scheduler[0m.
[[0;32m  OK  [0m] Started [0;1;39mCommand Scheduler[0m.
         Starting [0;1;39mHold until boot process finishes up[0m...
         Starting [0;1;39mTerminate Plymouth Boot Screen[0m...

CentOS Stream 9
Kernel 6.19.0-rc1-fa084c35afa1+ on an x86_64

Activate the web console with: systemctl enable --now cockpit.socket

test login: 