c[?7l[2J[0mSeaBIOS (version rel-1.16.3-0-ga6ed6b701f0a-prebuilt.qemu.org)


iPXE (http://ipxe.org) 00:03.0 CA00 PCI2.10 PnP PMM+7EFD0D60+7EF30D60 CA00
Press Ctrl-B to configure iPXE (PCI 00:03.0)...                                                                               


Booting from ROM..c[?7l[2J[    0.000000] Linux version 6.19.0-rc7-v6.19-rc7 (root@gnr-800442) (gcc (GCC) 11.5.0 20240719 (Red Hat 11.5.0-14), GNU ld version 2.35.2-66.el9) #1 SMP PREEMPT_DYNAMIC Tue Jan 27 16:21:59 CST 2026
[    0.000000] Command line: console=ttyS0 root=/dev/sda earlyprintk=serial net.ifnames=0 thunderbolt.dyndbg
[    0.000000] KERNEL supported cpus:
[    0.000000]   Intel GenuineIntel
[    0.000000]   AMD AuthenticAMD
[    0.000000]   Hygon HygonGenuine
[    0.000000]   Centaur CentaurHauls
[    0.000000]   zhaoxin   Shanghai  
[    0.000000] x86/CPU: Model not found in latest microcode list
[    0.000000] x86/split lock detection: #DB: warning on user-space bus_locks
[    0.000000] BIOS-provided physical RAM map:
[    0.000000] BIOS-e820: [mem 0x0000000000000000-0x000000000009fbff] usable
[    0.000000] BIOS-e820: [mem 0x000000000009fc00-0x000000000009ffff] reserved
[    0.000000] BIOS-e820: [mem 0x00000000000f0000-0x00000000000fffff] reserved
[    0.000000] BIOS-e820: [mem 0x0000000000100000-0x000000007ffdffff] usable
[    0.000000] BIOS-e820: [mem 0x000000007ffe0000-0x000000007fffffff] reserved
[    0.000000] BIOS-e820: [mem 0x00000000feffc000-0x00000000feffffff] reserved
[    0.000000] BIOS-e820: [mem 0x00000000fffc0000-0x00000000ffffffff] reserved
[    0.000000] printk: legacy bootconsole [earlyser0] enabled
[    0.000000] NX (Execute Disable) protection: active
[    0.000000] APIC: Static calls initialized
[    0.000000] SMBIOS 3.0.0 present.
[    0.000000] DMI: QEMU Standard PC (i440FX + PIIX, 1996), BIOS rel-1.16.3-0-ga6ed6b701f0a-prebuilt.qemu.org 04/01/2014
[    0.000000] DMI: Memory slots populated: 1/1
[    0.000000] Hypervisor detected: KVM
[    0.000000] last_pfn = 0x7ffe0 max_arch_pfn = 0x10000000000
[    0.000000] kvm-clock: Using msrs 4b564d01 and 4b564d00
[    0.000004] kvm-clock: using sched offset of 767839438 cycles
[    0.000483] clocksource: kvm-clock: mask: 0xffffffffffffffff max_cycles: 0x1cd42e4dffb, max_idle_ns: 881590591483 ns
[    0.001946] tsc: Detected 2500.000 MHz processor
[    0.010149] last_pfn = 0x7ffe0 max_arch_pfn = 0x10000000000
[    0.010685] MTRR map: 4 entries (3 fixed + 1 variable; max 19), built from 8 variable MTRRs
[    0.011471] x86/PAT: Configuration [0-7]: WB  WC  UC- UC  WB  WP  UC- WT  
[    0.016897] found SMP MP-table at [mem 0x000f5480-0x000f548f]
[    0.017469] Using GB pages for direct mapping
[    0.020019] ACPI: Early table checksum verification disabled
[    0.020551] ACPI: RSDP 0x00000000000F52A0 000014 (v00 BOCHS )
[    0.021090] ACPI: RSDT 0x000000007FFE1C9B 000034 (v01 BOCHS  BXPC     00000001 BXPC 00000001)
[    0.021868] ACPI: FACP 0x000000007FFE1B47 000074 (v01 BOCHS  BXPC     00000001 BXPC 00000001)
[    0.022661] ACPI: DSDT 0x000000007FFE0040 001B07 (v01 BOCHS  BXPC     00000001 BXPC 00000001)
[    0.023431] ACPI: FACS 0x000000007FFE0000 000040
[    0.023848] ACPI: APIC 0x000000007FFE1BBB 000080 (v03 BOCHS  BXPC     00000001 BXPC 00000001)
[    0.024626] ACPI: HPET 0x000000007FFE1C3B 000038 (v01 BOCHS  BXPC     00000001 BXPC 00000001)
[    0.025401] ACPI: WAET 0x000000007FFE1C73 000028 (v01 BOCHS  BXPC     00000001 BXPC 00000001)
[    0.026169] ACPI: Reserving FACP table memory at [mem 0x7ffe1b47-0x7ffe1bba]
[    0.026787] ACPI: Reserving DSDT table memory at [mem 0x7ffe0040-0x7ffe1b46]
[    0.027413] ACPI: Reserving FACS table memory at [mem 0x7ffe0000-0x7ffe003f]
[    0.028040] ACPI: Reserving APIC table memory at [mem 0x7ffe1bbb-0x7ffe1c3a]
[    0.028659] ACPI: Reserving HPET table memory at [mem 0x7ffe1c3b-0x7ffe1c72]
[    0.029289] ACPI: Reserving WAET table memory at [mem 0x7ffe1c73-0x7ffe1c9a]
[    0.030508] No NUMA configuration found
[    0.030864] Faking a node at [mem 0x0000000000000000-0x000000007ffdffff]
[    0.031502] NODE_DATA(0) allocated [mem 0x7ffb4ec0-0x7ffdfcbf]
[    0.033382] Zone ranges:
[    0.033660]   DMA      [mem 0x0000000000001000-0x0000000000ffffff]
[    0.034246]   DMA32    [mem 0x0000000001000000-0x000000007ffdffff]
[    0.034797]   Normal   empty
[    0.035077]   Device   empty
[    0.035337] Movable zone start for each node
[    0.035726] Early memory node ranges
[    0.036054]   node   0: [mem 0x0000000000001000-0x000000000009efff]
[    0.036620]   node   0: [mem 0x0000000000100000-0x000000007ffdffff]
[    0.037188] Initmem setup node 0 [mem 0x0000000000001000-0x000000007ffdffff]
[    0.038218] On node 0, zone DMA: 1 pages in unavailable ranges
[    0.038925] On node 0, zone DMA: 97 pages in unavailable ranges
[    0.085600] On node 0, zone DMA32: 32 pages in unavailable ranges
[    0.241398] KernelAddressSanitizer initialized (generic)
[    0.242197] ACPI: PM-Timer IO Port: 0x608
[    0.242601] ACPI: LAPIC_NMI (acpi_id[0xff] dfl dfl lint[0x1])
[    0.243195] IOAPIC[0]: apic_id 0, version 17, address 0xfec00000, GSI 0-23
[    0.243817] ACPI: INT_SRC_OVR (bus 0 bus_irq 0 global_irq 2 dfl dfl)
[    0.244402] ACPI: INT_SRC_OVR (bus 0 bus_irq 5 global_irq 5 high level)
[    0.244998] ACPI: INT_SRC_OVR (bus 0 bus_irq 9 global_irq 9 high level)
[    0.245587] ACPI: INT_SRC_OVR (bus 0 bus_irq 10 global_irq 10 high level)
[    0.246199] ACPI: INT_SRC_OVR (bus 0 bus_irq 11 global_irq 11 high level)
[    0.246822] ACPI: Using ACPI (MADT) for SMP configuration information
[    0.247405] ACPI: HPET id: 0x8086a201 base: 0xfed00000
[    0.247878] TSC deadline timer available
[    0.248258] CPU topo: Max. logical packages:   1
[    0.248660] CPU topo: Max. logical dies:       1
[    0.249072] CPU topo: Max. dies per package:   1
[    0.249496] CPU topo: Max. threads per core:   1
[    0.249908] CPU topo: Num. cores per package:     2
[    0.250345] CPU topo: Num. threads per package:   2
[    0.250782] CPU topo: Allowing 2 present CPUs plus 0 hotplug CPUs
[    0.251390] kvm-guest: APIC: eoi() replaced with kvm_guest_apic_eoi_write()
[    0.252060] kvm-guest: KVM setup pv remote TLB flush
[    0.252500] kvm-guest: setup PV sched yield
[    0.252926] PM: hibernation: Registered nosave memory: [mem 0x00000000-0x00000fff]
[    0.253603] PM: hibernation: Registered nosave memory: [mem 0x0009f000-0x000fffff]
[    0.254293] [mem 0x80000000-0xfeffbfff] available for PCI devices
[    0.254828] Booting paravirtualized kernel on KVM
[    0.255257] clocksource: refined-jiffies: mask: 0xffffffff max_cycles: 0xffffffff, max_idle_ns: 7645519600211568 ns
[    0.256197] setup_percpu: NR_CPUS:8192 nr_cpumask_bits:2 nr_cpu_ids:2 nr_node_ids:1
[    0.258114] percpu: Embedded 81 pages/cpu s294912 r8192 d28672 u1048576
[    0.258963] kvm-guest: PV spinlocks enabled
[    0.259376] PV qspinlock hash table entries: 256 (order: 0, 4096 bytes, linear)
[    0.260059] Kernel command line: net.ifnames=0 console=ttyS0 root=/dev/sda earlyprintk=serial net.ifnames=0 thunderbolt.dyndbg
[    0.261405] random: crng init done
[    0.261710] printk: log buffer data + meta data: 262144 + 917504 = 1179648 bytes
[    0.263469] Dentry cache hash table entries: 262144 (order: 9, 2097152 bytes, linear)
[    0.265289] Inode-cache hash table entries: 131072 (order: 8, 1048576 bytes, linear)
[    0.266363] Fallback order for Node 0: 0 
[    0.266380] Built 1 zonelists, mobility grouping on.  Total pages: 524158
[    0.268138] Policy zone: DMA32
[    0.268426] mem auto-init: stack:off, heap alloc:off, heap free:off
[    0.268968] stackdepot: allocating hash table via alloc_large_system_hash
[    0.269599] stackdepot hash table entries: 1048576 (order: 12, 16777216 bytes, linear)
[    0.278986] stackdepot: allocating space for 8192 stack pools via memblock
[    0.334660] SLUB: HWalign=64, Order=0-3, MinObjects=0, CPUs=2, Nodes=1
[    0.335228] kmemleak: Kernel memory leak detector disabled
[    0.375068] ftrace: allocating 75296 entries in 296 pages
[    0.375573] ftrace: allocated 296 pages with 3 groups
[    0.380589] Dynamic Preempt: voluntary
[    0.381470] Running RCU self tests
[    0.381789] Running RCU synchronous self tests
[    0.382179] rcu: Preemptible hierarchical RCU implementation.
[    0.382649] rcu: 	RCU lockdep checking is enabled.
[    0.383048] rcu: 	RCU restricting CPUs from NR_CPUS=8192 to nr_cpu_ids=2.
[    0.383617] 	Trampoline variant of Tasks RCU enabled.
[    0.384037] 	Rude variant of Tasks RCU enabled.
[    0.384407] 	Tracing variant of Tasks RCU enabled.
[    0.384794] rcu: RCU calculated value of scheduler-enlistment delay is 25 jiffies.
[    0.385413] rcu: Adjusting geometry for rcu_fanout_leaf=16, nr_cpu_ids=2
[    0.386046] Running RCU synchronous self tests
[    0.386423] RCU Tasks: Setting shift to 1 and lim to 1 rcu_task_cb_adjust=1 rcu_task_cpu_ids=2.
[    0.387150] RCU Tasks Rude: Setting shift to 1 and lim to 1 rcu_task_cb_adjust=1 rcu_task_cpu_ids=2.
[    0.387890] RCU Tasks Trace: Setting shift to 1 and lim to 1 rcu_task_cb_adjust=1 rcu_task_cpu_ids=2.
[    0.463648] NR_IRQS: 524544, nr_irqs: 440, preallocated irqs: 16
[    0.464816] rcu: srcu_init: Setting srcu_struct sizes based on contention.
[    0.473342] Console: colour VGA+ 80x25
[    0.473752] printk: legacy console [ttyS0] enabled
[    0.473752] printk: legacy console [ttyS0] enabled
[    0.474601] printk: legacy bootconsole [earlyser0] disabled
[    0.474601] printk: legacy bootconsole [earlyser0] disabled
[    0.475618] Lock dependency validator: Copyright (c) 2006 Red Hat, Inc., Ingo Molnar
[    0.476315] ... MAX_LOCKDEP_SUBCLASSES:  8
[    0.476687] ... MAX_LOCK_DEPTH:          48
[    0.477081] ... MAX_LOCKDEP_KEYS:        8192
[    0.477474] ... CLASSHASH_SIZE:          4096
[    0.477867] ... MAX_LOCKDEP_ENTRIES:     32768
[    0.478286] ... MAX_LOCKDEP_CHAINS:      65536
[    0.478686] ... CHAINHASH_SIZE:          32768
[    0.479102]  memory used by lock dependency info: 6429 kB
[    0.479588]  memory used for stack traces: 4224 kB
[    0.480029]  per task-struct memory footprint: 1920 bytes
[    0.480601] ACPI: Core revision 20250807
[    0.481415] clocksource: hpet: mask: 0xffffffff max_cycles: 0xffffffff, max_idle_ns: 19112604467 ns
[    0.482436] APIC: Switch to symmetric I/O mode setup
[    0.483331] x2apic enabled
[    0.484026] APIC: Switched APIC routing to: physical x2apic
[    0.484531] kvm-guest: APIC: send_IPI_mask() replaced with kvm_send_ipi_mask()
[    0.485199] kvm-guest: APIC: send_IPI_mask_allbutself() replaced with kvm_send_ipi_mask_allbutself()
[    0.486023] kvm-guest: setup PV IPIs
[    0.487489] ..TIMER: vector=0x30 apic1=0 pin1=2 apic2=-1 pin2=-1
[    0.488080] clocksource: tsc-early: mask: 0xffffffffffffffff max_cycles: 0x240939f1bb2, max_idle_ns: 440795263295 ns
[    0.489051] Calibrating delay loop (skipped) preset value.. 5000.00 BogoMIPS (lpj=10000000)
[    0.489977] x86/cpu: User Mode Instruction Prevention (UMIP) activated
[    0.493224] Last level iTLB entries: 4KB 0, 2MB 0, 4MB 0
[    0.493742] Last level dTLB entries: 4KB 0, 2MB 0, 4MB 0, 1GB 0
[    0.494339] mitigations: Enabled attack vectors: user_kernel, user_user, guest_host, guest_guest, SMT mitigations: auto
[    0.495367] Speculative Store Bypass: Mitigation: Speculative Store Bypass disabled via prctl
[    0.496128] Spectre V2 : Mitigation: Enhanced / Automatic IBRS
[    0.496667] ITS: Mitigation: Aligned branch/return thunks
[    0.497067] Spectre V1 : Mitigation: usercopy/swapgs barriers and __user pointer sanitization
[    0.497846] Spectre V2 : WARNING: Unprivileged eBPF is enabled with eIBRS on, data leaks possible via Spectre v2 BHB attacks!
[    0.498849] Spectre V2 : Spectre v2 / PBRSB-eIBRS: Retire a single CALL on VMEXIT
[    0.499508] Spectre V2 : mitigation: Enabling conditional Indirect Branch Prediction Barrier
[    0.500232] active return thunk: its_return_thunk
[    0.501053] Spectre V2 : Spectre BHI mitigation: SW BHB clearing on syscall and VM exit
[    0.501905] x86/fpu: Supporting XSAVE feature 0x001: 'x87 floating point registers'
[    0.502593] x86/fpu: Supporting XSAVE feature 0x002: 'SSE registers'
[    0.503163] x86/fpu: Supporting XSAVE feature 0x004: 'AVX registers'
[    0.503729] x86/fpu: Supporting XSAVE feature 0x020: 'AVX-512 opmask'
[    0.504304] x86/fpu: Supporting XSAVE feature 0x040: 'AVX-512 Hi256'
[    0.505049] x86/fpu: Supporting XSAVE feature 0x080: 'AVX-512 ZMM_Hi256'
[    0.505660] x86/fpu: Supporting XSAVE feature 0x200: 'Protection Keys User registers'
[    0.506346] x86/fpu: Supporting XSAVE feature 0x20000: 'AMX Tile config'
[    0.506927] x86/fpu: Supporting XSAVE feature 0x40000: 'AMX Tile data'
[    0.507506] x86/fpu: xstate_offset[2]:  576, xstate_sizes[2]:  256
[    0.508034] x86/fpu: xstate_offset[5]:  832, xstate_sizes[5]:   64
[    0.508570] x86/fpu: xstate_offset[6]:  896, xstate_sizes[6]:  512
[    0.509054] x86/fpu: xstate_offset[7]: 1408, xstate_sizes[7]: 1024
[    0.509642] x86/fpu: xstate_offset[9]: 2432, xstate_sizes[9]:    8
[    0.510195] x86/fpu: xstate_offset[17]: 2496, xstate_sizes[17]:   64
[    0.510760] x86/fpu: xstate_offset[18]: 2560, xstate_sizes[18]: 8192
[    0.511320] x86/fpu: Enabled xstate features 0x602e7, context size is 10752 bytes, using 'compacted' format.
[    0.691272] Freeing SMP alternatives memory: 64K
[    0.691746] pid_max: default: 32768 minimum: 301
[    0.692568] Yama: becoming mindful.
[    0.693330] Mount-cache hash table entries: 4096 (order: 3, 32768 bytes, linear)
[    0.693987] Mountpoint-cache hash table entries: 4096 (order: 3, 32768 bytes, linear)
[    0.696352] Running RCU synchronous self tests
[    0.696772] Running RCU synchronous self tests
[    0.697485] smpboot: CPU0: Intel GENUINE INTEL(R) XEON(R) (family: 0x6, model: 0xad, stepping: 0x0)
[    0.699164] Performance Events: PEBS fmt0-, Granite Rapids events, 
[    0.699251] core: The event 0x400 is not supported as a normal event.
[    0.700392] core: The event 0x8000 is not supported as a normal event.
[    0.701032] core: The event 0x8100 is not supported as a normal event.
[    0.701048] core: The event 0x8200 is not supported as a normal event.
[    0.701625] core: The event 0x8300 is not supported as a normal event.
[    0.702186] core: The event 0x8400 is not supported as a normal event.
[    0.702748] core: The event 0x8500 is not supported as a normal event.
[    0.703307] core: The event 0x8600 is not supported as a normal event.
[    0.703866] core: The event 0x8700 is not supported as a normal event.
[    0.704465] full-width counters, Intel PMU driver.
[    0.704928] ... version:                   2
[    0.705036] ... bit width:                 48
[    0.705433] ... generic counters:          8
[    0.705802] ... generic bitmap:            00000000000000ff
[    0.706279] ... fixed-purpose counters:    3
[    0.706640] ... fixed-purpose bitmap:      0000000000000007
[    0.707119] ... value mask:                0000ffffffffffff
[    0.707600] ... max period:                00007fffffffffff
[    0.708078] ... global_ctrl mask:          00000007000000ff
[    0.709127] signal: max sigframe size: 11952
[    0.709743] rcu: Hierarchical SRCU implementation.
[    0.710175] rcu: 	Max phase no-delay instances is 1000.
[    0.710841] Timer migration: 1 hierarchy levels; 8 children per group; 1 crossnode level
[    0.737233] smp: Bringing up secondary CPUs ...
[    0.738286] smpboot: x86: Booting SMP configuration:
[    0.738749] .... node  #0, CPUs:      #1
[    0.739233] smp: Brought up 1 node, 2 CPUs
[    0.741441] smpboot: Total of 2 processors activated (10000.00 BogoMIPS)
[    0.743127] Memory: 1591816K/2096632K available (80953K kernel code, 15565K rwdata, 18824K rodata, 16420K init, 20844K bss, 493188K reserved, 0K cma-reserved)
[    0.745485] devtmpfs: initialized
[    0.746316] x86/mm: Memory block size: 128MB
[    0.758060] Running RCU synchronous self tests
[    0.758506] Running RCU synchronous self tests
[    0.761146] Running RCU Tasks wait API self tests
[    0.761690] Running RCU Tasks Rude wait API self tests
[    0.761690] Running RCU Tasks Trace wait API self tests
[    0.773175] clocksource: jiffies: mask: 0xffffffff max_cycles: 0xffffffff, max_idle_ns: 7645041785100000 ns
[    0.774186] posixtimers hash table entries: 1024 (order: 5, 73728 bytes, linear)
[    0.774896] futex hash table entries: 512 (65536 bytes on 1 NUMA nodes, total 64 KiB, linear).
[    0.778555] 
[    0.778749] *************************************************************
[    0.779320] **     NOTICE NOTICE NOTICE NOTICE NOTICE NOTICE NOTICE    **
[    0.779902] **                                                         **
[    0.780496] **  IOMMU DebugFS SUPPORT HAS BEEN ENABLED IN THIS KERNEL  **
[    0.781063] **                                                         **
[    0.781670] ** This means that this kernel is built to expose internal **
[    0.782258] ** IOMMU data structures, which may compromise security on **
[    0.782843] ** your system.                                            **
[    0.783425] **                                                         **
[    0.783995] ** If you see this message and you are not debugging the   **
[    0.784579] ** kernel, report this immediately to your vendor!         **
[    0.785037] **                                                         **
[    0.785627] **     NOTICE NOTICE NOTICE NOTICE NOTICE NOTICE NOTICE    **
[    0.786208] *************************************************************
[    0.786869] PM: RTC time: 08:28:20, date: 2026-01-27
[    0.790225] NET: Registered PF_NETLINK/PF_ROUTE protocol family
[    0.792451] DMA: preallocated 256 KiB GFP_KERNEL|GFP_DMA pool for atomic allocations
[    0.793067] DMA: preallocated 256 KiB GFP_KERNEL|GFP_DMA32 pool for atomic allocations
[    0.793859] audit: initializing netlink subsys (disabled)
[    0.794433] audit: type=2000 audit(1769502501.258:1): state=initialized audit_enabled=0 res=1
[    0.801137] thermal_sys: Registered thermal governor 'fair_share'
[    0.801160] thermal_sys: Registered thermal governor 'bang_bang'
[    0.801771] thermal_sys: Registered thermal governor 'step_wise'
[    0.802292] thermal_sys: Registered thermal governor 'user_space'
[    0.802898] cpuidle: using governor ladder
[    0.805099] Callback from call_rcu_tasks_trace() invoked.
[    0.806370] cpuidle: using governor menu
[    0.806370] acpiphp: ACPI Hot Plug PCI Controller Driver version: 0.5
[    0.809782] PCI: Using configuration type 1 for base access
[    0.810657] kprobes: kprobe jump-optimization is enabled. All kprobes are optimized if possible.
[    0.935464] HugeTLB: registered 1.00 GiB page size, pre-allocated 0 pages
[    0.936110] HugeTLB: 16380 KiB vmemmap can be freed for a 1.00 GiB page
[    0.936689] HugeTLB: registered 2.00 MiB page size, pre-allocated 0 pages
[    0.937038] HugeTLB: 28 KiB vmemmap can be freed for a 2.00 MiB page
[    0.943802] ACPI: Added _OSI(Module Device)
[    0.944253] ACPI: Added _OSI(Processor Device)
[    0.945068] ACPI: Added _OSI(Processor Aggregator Device)
[    0.962639] ACPI: 1 ACPI AML tables successfully acquired and loaded
[    0.979563] ACPI: Interpreter enabled
[    0.980123] ACPI: PM: (supports S0 S3 S4 S5)
[    0.980478] ACPI: Using IOAPIC for interrupt routing
[    0.981050] PCI: Using host bridge windows from ACPI; if necessary, use "pci=nocrs" and report a bug
[    0.981846] PCI: Using E820 reservations for host bridge windows
[    0.983723] ACPI: Enabled 2 GPEs in block 00 to 0F
[    1.027324] ACPI: PCI Root Bridge [PCI0] (domain 0000 [bus 00-ff])
[    1.027995] acpi PNP0A03:00: _OSC: OS supports [ASPM ClockPM Segments MSI EDR HPX-Type3]
[    1.028717] acpi PNP0A03:00: _OSC: not requesting OS control; OS requires [ExtendedConfig ASPM ClockPM MSI]
[    1.029221] acpi PNP0A03:00: fail to add MMCONFIG information, can't access extended configuration space under this bridge
[    1.035447] acpiphp: Slot [3] registered
[    1.035937] acpiphp: Slot [4] registered
[    1.036437] acpiphp: Slot [5] registered
[    1.036929] acpiphp: Slot [6] registered
[    1.037176] acpiphp: Slot [7] registered
[    1.037652] acpiphp: Slot [8] registered
[    1.038143] acpiphp: Slot [9] registered
[    1.038634] acpiphp: Slot [10] registered
[    1.039131] acpiphp: Slot [11] registered
[    1.045146] acpiphp: Slot [12] registered
[    1.045773] acpiphp: Slot [13] registered
[    1.046298] acpiphp: Slot [14] registered
[    1.046799] acpiphp: Slot [15] registered
[    1.047305] acpiphp: Slot [16] registered
[    1.047798] acpiphp: Slot [17] registered
[    1.048300] acpiphp: Slot [18] registered
[    1.048787] acpiphp: Slot [19] registered
[    1.049192] acpiphp: Slot [20] registered
[    1.049694] acpiphp: Slot [21] registered
[    1.050196] acpiphp: Slot [22] registered
[    1.050678] acpiphp: Slot [23] registered
[    1.051184] acpiphp: Slot [24] registered
[    1.051671] acpiphp: Slot [25] registered
[    1.052177] acpiphp: Slot [26] registered
[    1.052672] acpiphp: Slot [27] registered
[    1.053170] acpiphp: Slot [28] registered
[    1.053655] acpiphp: Slot [29] registered
[    1.054404] acpiphp: Slot [30] registered
[    1.054979] acpiphp: Slot [31] registered
[    1.055406] PCI host bridge to bus 0000:00
[    1.055791] pci_bus 0000:00: root bus resource [io  0x0000-0x0cf7 window]
[    1.056388] pci_bus 0000:00: root bus resource [io  0x0d00-0xffff window]
[    1.056919] pci_bus 0000:00: root bus resource [mem 0x000a0000-0x000bffff window]
[    1.057047] pci_bus 0000:00: root bus resource [mem 0x80000000-0xfebfffff window]
[    1.057736] pci_bus 0000:00: root bus resource [mem 0x100000000-0x17fffffff window]
[    1.058424] pci_bus 0000:00: root bus resource [bus 00-ff]
[    1.059066] pci 0000:00:00.0: [8086:1237] type 00 class 0x060000 conventional PCI endpoint
[    1.061434] pci 0000:00:01.0: [8086:7000] type 00 class 0x060100 conventional PCI endpoint
[    1.063567] pci 0000:00:01.1: [8086:7010] type 00 class 0x010180 conventional PCI endpoint
[    1.064953] pci 0000:00:01.1: BAR 4 [io  0xc040-0xc04f]
[    1.065067] pci 0000:00:01.1: BAR 0 [io  0x01f0-0x01f7]: legacy IDE quirk
[    1.065680] pci 0000:00:01.1: BAR 1 [io  0x03f6]: legacy IDE quirk
[    1.066250] pci 0000:00:01.1: BAR 2 [io  0x0170-0x0177]: legacy IDE quirk
[    1.066846] pci 0000:00:01.1: BAR 3 [io  0x0376]: legacy IDE quirk
[    1.068550] pci 0000:00:01.3: [8086:7113] type 00 class 0x068000 conventional PCI endpoint
[    1.069304] pci 0000:00:01.3: quirk: [io  0x0600-0x063f] claimed by PIIX4 ACPI
[    1.069952] pci 0000:00:01.3: quirk: [io  0x0700-0x070f] claimed by PIIX4 SMB
[    1.071690] pci 0000:00:02.0: [1234:1111] type 00 class 0x030000 conventional PCI endpoint
[    1.073685] pci 0000:00:02.0: BAR 0 [mem 0xfd000000-0xfdffffff pref]
[    1.074283] pci 0000:00:02.0: BAR 2 [mem 0xfebf0000-0xfebf0fff]
[    1.074845] pci 0000:00:02.0: ROM [mem 0xfebe0000-0xfebeffff pref]
[    1.075511] pci 0000:00:02.0: Video device with shadowed ROM at [mem 0x000c0000-0x000dffff]
[    1.077481] pci 0000:00:03.0: [8086:100e] type 00 class 0x020000 conventional PCI endpoint
[    1.079400] pci 0000:00:03.0: BAR 0 [mem 0xfebc0000-0xfebdffff]
[    1.079972] pci 0000:00:03.0: BAR 1 [io  0xc000-0xc03f]
[    1.080474] pci 0000:00:03.0: ROM [mem 0xfeb80000-0xfebbffff pref]
[    1.105637] ACPI: PCI: Interrupt link LNKA configured for IRQ 10
[    1.107236] ACPI: PCI: Interrupt link LNKB configured for IRQ 10
[    1.108782] ACPI: PCI: Interrupt link LNKC configured for IRQ 11
[    1.114034] ACPI: PCI: Interrupt link LNKD configured for IRQ 11
[    1.114994] ACPI: PCI: Interrupt link LNKS configured for IRQ 9
[    1.121140] iommu: Default domain type: Translated
[    1.121642] iommu: DMA domain TLB invalidation policy: lazy mode
[    1.127641] SCSI subsystem initialized
[    1.129573] ACPI: bus type USB registered
[    1.130168] usbcore: registered new interface driver usbfs
[    1.130754] usbcore: registered new interface driver hub
[    1.131306] usbcore: registered new device driver usb
[    1.132102] pps_core: LinuxPPS API ver. 1 registered
[    1.132550] pps_core: Software ver. 5.3.6 - Copyright 2005-2007 Rodolfo Giometti <giometti@linux.it>
[    1.133080] PTP clock support registered
[    1.138208] EDAC MC: Ver: 3.0.0
[    1.142744] NetLabel: Initializing
[    1.143110] NetLabel:  domain hash size = 128
[    1.143526] NetLabel:  protocols = UNLABELED CIPSOv4 CALIPSO
[    1.144145] NetLabel:  unlabeled traffic allowed by default
[    1.145206] PCI: Using ACPI for IRQ routing
[    1.145973] pci 0000:00:02.0: vgaarb: setting as boot VGA device
[    1.146534] pci 0000:00:02.0: vgaarb: bridge control possible
[    1.147043] pci 0000:00:02.0: vgaarb: VGA device added: decodes=io+mem,owns=io+mem,locks=none
[    1.147814] vgaarb: loaded
[    1.149035] hpet0: at MMIO 0xfed00000, IRQs 2, 8, 0
[    1.149042] hpet0: 3 comparators, 64-bit 100.000000 MHz counter
[    1.153718] clocksource: Switched to clocksource kvm-clock
[    1.155611] VFS: Disk quotas dquot_6.6.0
[    1.156024] VFS: Dquot-cache hash table entries: 512 (order 0, 4096 bytes)
[    1.162378] pnp: PnP ACPI init
[    1.166995] pnp: PnP ACPI: found 6 devices
[    1.187108] clocksource: acpi_pm: mask: 0xffffff max_cycles: 0xffffff, max_idle_ns: 2085701024 ns
[    1.188430] NET: Registered PF_INET protocol family
[    1.189149] IP idents hash table entries: 32768 (order: 6, 262144 bytes, linear)
[    1.191413] tcp_listen_portaddr_hash hash table entries: 1024 (order: 5, 73728 bytes, linear)
[    1.192260] Table-perturb hash table entries: 65536 (order: 6, 262144 bytes, linear)
[    1.193013] TCP established hash table entries: 16384 (order: 5, 131072 bytes, linear)
[    1.194013] TCP bind hash table entries: 16384 (order: 10, 2359296 bytes, linear)
[    1.196076] TCP: Hash tables configured (established 16384 bind 16384)
[    1.196856] UDP hash table entries: 1024 (order: 6, 262144 bytes, linear)
[    1.197565] UDP-Lite hash table entries: 1024 (order: 6, 262144 bytes, linear)
[    1.198616] NET: Registered PF_UNIX/PF_LOCAL protocol family
[    1.200630] RPC: Registered named UNIX socket transport module.
[    1.201283] RPC: Registered udp transport module.
[    1.201700] RPC: Registered tcp transport module.
[    1.202140] RPC: Registered tcp-with-tls transport module.
[    1.202633] RPC: Registered tcp NFSv4.1 backchannel transport module.
[    1.203233] pci_bus 0000:00: resource 4 [io  0x0000-0x0cf7 window]
[    1.203860] pci_bus 0000:00: resource 5 [io  0x0d00-0xffff window]
[    1.204403] pci_bus 0000:00: resource 6 [mem 0x000a0000-0x000bffff window]
[    1.205013] pci_bus 0000:00: resource 7 [mem 0x80000000-0xfebfffff window]
[    1.205608] pci_bus 0000:00: resource 8 [mem 0x100000000-0x17fffffff window]
[    1.206654] pci 0000:00:01.0: PIIX3: Enabling Passive Release
[    1.207171] pci 0000:00:00.0: Limiting direct PCI/PCI transfers
[    1.207799] PCI: CLS 0 bytes, default 64
[    1.208265] ACPI: bus type thunderbolt registered
[    1.209185] clocksource: tsc: mask: 0xffffffffffffffff max_cycles: 0x240939f1bb2, max_idle_ns: 440795263295 ns
[    4.090588] Initialise system trusted keyrings
[    4.091164] Key type blacklist registered
[    4.092280] workingset: timestamp_bits=36 max_order=19 bucket_order=0
[    4.095013] squashfs: version 4.0 (2009/01/31) Phillip Lougher
[    4.098345] NFS: Registering the id_resolver key type
[    4.098883] Key type id_resolver registered
[    4.099261] Key type id_legacy registered
[    4.099757] nfs4filelayout_init: NFSv4 File Layout Driver Registering...
[    4.100395] nfs4flexfilelayout_init: NFSv4 Flexfile Layout Driver Registering...
[    4.101411] fuse: init (API version 7.45)
[    4.102421] SGI XFS with ACLs, security attributes, realtime, quota, no debug enabled
[    4.105025] 9p: Installing v9fs 9p2000 file system support
[    4.120354] Key type asymmetric registered
[    4.120708] Asymmetric key parser 'x509' registered
[    4.121240] Block layer SCSI generic (bsg) driver version 0.4 loaded (major 241)
[    4.122465] io scheduler mq-deadline registered
[    4.123096] io scheduler bfq registered
[    4.124719] ledtrig-cpu: registered to indicate activity on CPUs
[    4.126777] IPMI message handler: version 39.2
[    4.127251] ipmi device interface
[    4.129765] input: Power Button as /devices/LNXSYSTM:00/LNXPWRBN:00/input/input0
[    4.131361] ACPI: button: Power Button [PWRF]
[    4.134327] ERST DBG: ERST support is disabled.
[    4.136311] Serial: 8250/16550 driver, 32 ports, IRQ sharing enabled
[    4.138153] 00:04: ttyS0 at I/O 0x3f8 (irq = 4, base_baud = 115200) is a 16550A
[    4.156026] Callback from call_rcu_tasks() invoked.
[    4.167932] Linux agpgart interface v0.103
[    4.171118] ACPI: bus type drm_connector registered
[    4.208025] brd: module loaded
[    4.229823] loop: module loaded
[    4.245586] scsi host0: ata_piix
[    4.247887] scsi host1: ata_piix
[    4.248770] ata1: PATA max MWDMA2 cmd 0x1f0 ctl 0x3f6 bmdma 0xc040 irq 14 lpm-pol 0
[    4.249398] ata2: PATA max MWDMA2 cmd 0x170 ctl 0x376 bmdma 0xc048 irq 15 lpm-pol 0
[    4.253527] tun: Universal TUN/TAP device driver, 1.6
[    4.254813] e100: Intel(R) PRO/100 Network Driver
[    4.255254] e100: Copyright(c) 1999-2006 Intel Corporation
[    4.255930] e1000: Intel(R) PRO/1000 Network Driver
[    4.256370] e1000: Copyright (c) 1999-2006 Intel Corporation.
[    4.403914] ata2: found unknown device (class 0)
[    4.405025] ata2.00: ATAPI: QEMU DVD-ROM, 2.5+, max UDMA/100
[    4.407898] ata1: found unknown device (class 0)
[    4.408838] ata1.00: ATA-7: QEMU HARDDISK, 2.5+, max UDMA/100
[    4.409376] ata1.00: 17196647 sectors, multi 16: LBA48 
[    4.411017] scsi 0:0:0:0: Direct-Access     ATA      QEMU HARDDISK    2.5+ PQ: 0 ANSI: 5
[    4.414143] sd 0:0:0:0: Attached scsi generic sg0 type 0
[    4.414947] sd 0:0:0:0: [sda] 17196647 512-byte logical blocks: (8.80 GB/8.20 GiB)
[    4.415890] sd 0:0:0:0: [sda] Write Protect is off
[    4.416408] sd 0:0:0:0: [sda] Write cache: enabled, read cache: enabled, doesn't support DPO or FUA
[    4.417313] sd 0:0:0:0: [sda] Preferred minimum I/O size 512 bytes
[    4.420372] scsi 1:0:0:0: CD-ROM            QEMU     QEMU DVD-ROM     2.5+ PQ: 0 ANSI: 5
[    4.446617] scsi 1:0:0:0: Attached scsi generic sg1 type 5
[    4.454478] sd 0:0:0:0: [sda] Attached SCSI disk
[    5.065294] ACPI: \_SB_.LNKC: Enabled at IRQ 11
[    5.375840] e1000 0000:00:03.0 eth0: (PCI:33MHz:32-bit) 52:54:00:12:34:56
[    5.376478] e1000 0000:00:03.0 eth0: Intel(R) PRO/1000 Network Connection
[    5.377250] e1000e: Intel(R) PRO/1000 Network Driver
[    5.377684] e1000e: Copyright(c) 1999 - 2015 Intel Corporation.
[    5.378358] igb: Intel(R) Gigabit Ethernet Network Driver
[    5.378847] igb: Copyright (c) 2007-2014 Intel Corporation.
[    5.379711] PPP generic driver version 2.4.2
[    5.382174] VFIO - User Level meta-driver version: 0.3
[    5.384659] usbcore: registered new interface driver uas
[    5.385334] usbcore: registered new interface driver usb-storage
[    5.386166] i8042: PNP: PS/2 Controller [PNP0303:KBD,PNP0f13:MOU] at 0x60,0x64 irq 1,12
[    5.387937] serio: i8042 KBD port at 0x60,0x64 irq 1
[    5.388480] serio: i8042 AUX port at 0x60,0x64 irq 12
[    5.391459] mousedev: PS/2 mouse device common for all mice
[    5.394830] input: AT Translated Set 2 keyboard as /devices/platform/i8042/serio0/input/input1
[    5.398040] input: VirtualPS/2 VMware VMMouse as /devices/platform/i8042/serio1/input/input4
[    5.399196] rtc_cmos 00:05: RTC can wake from S4
[    5.401630] input: VirtualPS/2 VMware VMMouse as /devices/platform/i8042/serio1/input/input3
[    5.403330] rtc_cmos 00:05: registered as rtc0
[    5.403887] rtc_cmos 00:05: setting system clock to 2026-01-27T08:28:25 UTC (1769502505)
[    5.404970] rtc_cmos 00:05: alarms up to one day, y3k, 242 bytes nvram, hpet irqs
[    5.405718] i2c_dev: i2c /dev entries driver
[    5.406227] device-mapper: core: CONFIG_IMA_DISABLE_HTABLE is disabled. Duplicate IMA measurements will not be recorded in the IMA log.
[    5.407371] device-mapper: uevent: version 1.0.3
[    5.408584] device-mapper: ioctl: 4.50.0-ioctl (2025-04-28) initialised: dm-devel@lists.linux.dev
[    5.409473] intel_pstate: CPU model not supported
[    5.410203] sdhci: Secure Digital Host Controller Interface driver
[    5.410757] sdhci: Copyright(c) Pierre Ossman
[    5.411354] sdhci-pltfm: SDHCI platform and OF driver helper
[    5.412554] drop_monitor: Initializing network drop monitor service
[    5.413515] NET: Registered PF_INET6 protocol family
[    5.415971] Segment Routing with IPv6
[    5.416595] In-situ OAM (IOAM) with IPv6
[    5.417065] NET: Registered PF_PACKET protocol family
[    5.418420] 9pnet: Installing 9P2000 support
[    5.419029] Key type dns_resolver registered
[    5.421774] IPI shorthand broadcast: enabled
[    5.483303] sched_clock: Marking stable (5460007332, 19569045)->(5482728581, -3152204)
[    5.485772] registered taskstats version 1
[    5.486974] Loading compiled-in X.509 certificates
[    5.565539] Demotion targets for Node 0: null
[    5.568065] Key type .fscrypt registered
[    5.568489] Key type fscrypt-provisioning registered
[    5.580575] Key type encrypted registered
[    5.581019] ima: No TPM chip found, activating TPM-bypass!
[    5.581486] ima: Allocated hash algorithm: sha1
[    5.581985] ima: No architecture policies found
[    5.582574] evm: Initialising EVM extended attributes:
[    5.583057] evm: security.selinux
[    5.583361] evm: security.SMACK64
[    5.583743] evm: security.SMACK64EXEC
[    5.584062] evm: security.SMACK64TRANSMUTE
[    5.584422] evm: security.SMACK64MMAP
[    5.584756] evm: security.apparmor
[    5.585061] evm: security.ima
[    5.585323] evm: security.capability
[    5.585649] evm: HMAC attrs: 0x1
[    5.589221] PM:   Magic number: 10:770:473
[    5.591136] RAS: Correctable Errors collector initialized.
[    5.592102] clk: Disabling unused clocks
[    5.592550] PM: genpd: Disabling unused power domains
[    5.593826] check access for rdinit=/init failed: -2, ignoring
[    5.594327] md: Waiting for all devices to be available before autodetect
[    5.594763] md: If you don't use raid, use raid=noautodetect
[    5.595113] md: Autodetecting RAID arrays.
[    5.595393] md: autorun ...
[    5.595611] md: ... autorun DONE.
[    5.608450] EXT4-fs (sda): INFO: recovery required on readonly filesystem
[    5.608934] EXT4-fs (sda): write access will be enabled during recovery
[    5.682397] EXT4-fs (sda): orphan cleanup on readonly fs
[    5.683301] EXT4-fs (sda): 1 orphan inode deleted
[    5.683683] EXT4-fs (sda): recovery complete
[    5.698953] EXT4-fs (sda): mounted filesystem 088740a9-c8b4-422c-999d-a804eb68a4da ro with ordered data mode. Quota mode: none.
[    5.699867] VFS: Mounted root (ext4 filesystem) readonly on device 8:0.
[    5.703905] devtmpfs: mounted
[    5.724248] Freeing unused decrypted memory: 2036K
[    5.730411] Freeing unused kernel image (initmem) memory: 16420K
[    5.730911] Write protecting the kernel read-only data: 102400k
[    5.734098] Freeing unused kernel image (text/rodata gap) memory: 964K
[    5.736267] Freeing unused kernel image (rodata/data gap) memory: 1656K
[    6.834447] x86/mm: Checked W+X mappings: passed, no W+X pages found.
[    6.835959] Run /sbin/init as init process
[    7.081871] systemd[1]: systemd 252-15.el9 running in system mode (+PAM +AUDIT +SELINUX -APPARMOR +IMA +SMACK +SECCOMP +GCRYPT +GNUTLS +OPENSSL +ACL +BLKID +CURL +ELFUTILS -FIDO2 +IDN2 -IDN -IPTC +KMOD +LIBCRYPTSETUP +LIBFDISK +PCRE2 -PWQUALITY +P11KIT -QRENCODE +TPM2 +BZIP2 +LZ4 +XZ +ZLIB +ZSTD -BPF_FRAMEWORK +XKBCOMMON +UTMP +SYSVINIT default-hierarchy=unified)
[    7.083890] systemd[1]: Detected virtualization kvm.
[    7.084218] systemd[1]: Detected architecture x86-64.

Welcome to [0;31mCentOS Stream 9[0m!

[    7.093196] systemd[1]: Hostname set to <test>.
[    7.273144] systemd-rc-local-generator[119]: /etc/rc.d/rc.local is not marked executable, skipping.
[    7.885498] systemd[1]: Queued start job for default target Multi-User System.
[    7.923013] systemd[1]: Created slice Virtual Machine and Container Slice.
[[0;32m  OK  [0m] Created slice [0;1;39mVirtual Machine and Container Slice[0m.
[    7.928882] systemd[1]: Created slice Slice /system/getty.
[[0;32m  OK  [0m] Created slice [0;1;39mSlice /system/getty[0m.
[    7.932483] systemd[1]: Created slice Slice /system/modprobe.
[[0;32m  OK  [0m] Created slice [0;1;39mSlice /system/modprobe[0m.
[    7.936383] systemd[1]: Created slice Slice /system/serial-getty.
[[0;32m  OK  [0m] Created slice [0;1;39mSlice /system/serial-getty[0m.
[    7.940285] systemd[1]: Created slice Slice /system/sshd-keygen.
[[0;32m  OK  [0m] Created slice [0;1;39mSlice /system/sshd-keygen[0m.
[    7.944091] systemd[1]: Created slice User and Session Slice.
[[0;32m  OK  [0m] Created slice [0;1;39mUser and Session Slice[0m.
[    7.946049] systemd[1]: Started Forward Password Requests to Wall Directory Watch.
[[0;32m  OK  [0m] Started [0;1;39mForward Password R…uests to Wall Directory Watch[0m.
[    7.949027] systemd[1]: Set up automount Arbitrary Executable File Formats File System Automount Point.
[[0;32m  OK  [0m] Set up automount [0;1;39mArbitrary…s File System Automount Point[0m.
[    7.951208] systemd[1]: Reached target Local Integrity Protected Volumes.
[[0;32m  OK  [0m] Reached target [0;1;39mLocal Integrity Protected Volumes[0m.
[    7.953240] systemd[1]: Reached target Slice Units.
[[0;32m  OK  [0m] Reached target [0;1;39mSlice Units[0m.
[    7.954634] systemd[1]: Reached target Swaps.
[[0;32m  OK  [0m] Reached target [0;1;39mSwaps[0m.
[    7.955808] systemd[1]: Reached target Local Verity Protected Volumes.
[[0;32m  OK  [0m] Reached target [0;1;39mLocal Verity Protected Volumes[0m.
[    7.957752] systemd[1]: Listening on Device-mapper event daemon FIFOs.
[[0;32m  OK  [0m] Listening on [0;1;39mDevice-mapper event daemon FIFOs[0m.
[    7.960040] systemd[1]: Listening on LVM2 poll daemon socket.
[[0;32m  OK  [0m] Listening on [0;1;39mLVM2 poll daemon socket[0m.
[    7.961667] systemd[1]: multipathd control socket was skipped because of an unmet condition check (ConditionPathExists=/etc/multipath.conf).
[    8.012755] systemd[1]: Listening on RPCbind Server Activation Socket.
[[0;32m  OK  [0m] Listening on [0;1;39mRPCbind Server Activation Socket[0m.
[    8.014600] systemd[1]: Reached target RPC Port Mapper.
[[0;32m  OK  [0m] Reached target [0;1;39mRPC Port Mapper[0m.
[    8.019059] systemd[1]: Listening on Process Core Dump Socket.
[[0;32m  OK  [0m] Listening on [0;1;39mProcess Core Dump Socket[0m.
[    8.021269] systemd[1]: Listening on initctl Compatibility Named Pipe.
[[0;32m  OK  [0m] Listening on [0;1;39minitctl Compatibility Named Pipe[0m.
[    8.024107] systemd[1]: Listening on Journal Socket (/dev/log).
[[0;32m  OK  [0m] Listening on [0;1;39mJournal Socket (/dev/log)[0m.
[    8.026338] systemd[1]: Listening on Journal Socket.
[[0;32m  OK  [0m] Listening on [0;1;39mJournal Socket[0m.
[    8.029095] systemd[1]: Listening on udev Control Socket.
[[0;32m  OK  [0m] Listening on [0;1;39mudev Control Socket[0m.
[    8.031314] systemd[1]: Listening on udev Kernel Socket.
[[0;32m  OK  [0m] Listening on [0;1;39mudev Kernel Socket[0m.
[    8.038874] systemd[1]: Mounting Huge Pages File System...
         Mounting [0;1;39mHuge Pages File System[0m...
[    8.047919] systemd[1]: Mounting POSIX Message Queue File System...
         Mounting [0;1;39mPOSIX Message Queue File System[0m...
[    8.059102] systemd[1]: Mounting Kernel Debug File System...
         Mounting [0;1;39mKernel Debug File System[0m...
[    8.069057] systemd[1]: Mounting Kernel Trace File System...
         Mounting [0;1;39mKernel Trace File System[0m...
[    8.070315] systemd[1]: Kernel Module supporting RPCSEC_GSS was skipped because of an unmet condition check (ConditionPathExists=/etc/krb5.keytab).
[    8.071326] systemd[1]: Create List of Static Device Nodes was skipped because of an unmet condition check (ConditionFileNotEmpty=/lib/modules/6.19.0-rc7-v6.19-rc7/modules.devname).
[    8.077747] systemd[1]: Starting Monitoring of LVM2 mirrors, snapshots etc. using dmeventd or progress polling...
         Starting [0;1;39mMonitoring of LVM…meventd or progress polling[0m...
[    8.086125] systemd[1]: Starting Load Kernel Module configfs...
         Starting [0;1;39mLoad Kernel Module configfs[0m...
[    8.092640] systemd[1]: Starting Load Kernel Module drm...
         Starting [0;1;39mLoad Kernel Module drm[0m...
[    8.099694] systemd[1]: Starting Load Kernel Module fuse...
         Starting [0;1;39mLoad Kernel Module fuse[0m...
[    8.114234] systemd[1]: Starting Read and set NIS domainname from /etc/sysconfig/network...
         Starting [0;1;39mRead and set NIS …from /etc/sysconfig/network[0m...
[    8.138510] systemd[1]: Starting Journal Service...
         Starting [0;1;39mJournal Service[0m...
[    8.155991] systemd[1]: Starting Load Kernel Modules...
         Starting [0;1;39mLoad Kernel Modules[0m...
[    8.170719] systemd[1]: Starting Generate network units from Kernel command line...
         Starting [0;1;39mGenerate network …ts from Kernel command line[0m...
[    8.204465] systemd[1]: Starting Remount Root and Kernel File Systems...
         Starting [0;1;39mRemount Root and Kernel File Systems[0m...
[    8.205760] systemd[1]: Repartition Root Disk was skipped because no trigger condition checks were met.
[    8.219655] systemd[1]: Starting Coldplug All udev Devices...
         Starting [0;1;39mColdplug All udev Devices[0m...
[    8.237404] systemd[1]: Mounted Huge Pages File System.
[[0;32m  OK  [0m] Mounted [0;1;39mHuge Pages File System[0m.
[    8.244316] systemd[1]: Mounted POSIX Message Queue File System.
[[0;32m  OK  [0m] Mounted [0;1;39mPOSIX Message Queue File System[0m.
[    8.246430] systemd[1]: Mounted Kernel Debug File System.
[[0;32m  OK  [0m] Mounted [0;1;39mKernel Debug File System[0m.
[    8.252385] systemd[1]: Mounted Kernel Trace File System.
[[0;32m  OK  [0m] Mounted [0;1;39mKernel Trace File System[0m.
[    8.256035] systemd[1]: Finished Monitoring of LVM2 mirrors, snapshots etc. using dmeventd or progress polling.
[[0;32m  OK  [0m] Finished [0;1;39mMonitoring of LVM… dmeventd or progress polling[0m.
[    8.268045] systemd[1]: modprobe@configfs.service: Deactivated successfully.
[    8.269831] systemd[1]: Finished Load Kernel Module configfs.
[[0;32m  OK  [0m] Finished [0;1;39mLoad Kernel Module configfs[0m.
[    8.276926] systemd[1]: modprobe@drm.service: Deactivated successfully.
[    8.278420] systemd[1]: Finished Load Kernel Module drm.
[[0;32m  OK  [0m] Finished [0;1;39mLoad Kernel Module drm[0m.
[    8.285846] systemd[1]: modprobe@fuse.service: Deactivated successfully.
[    8.290192] EXT4-fs (sda): re-mounted 088740a9-c8b4-422c-999d-a804eb68a4da r/w.
[    8.292627] systemd[1]: Finished Load Kernel Module fuse.
[[0;32m  OK  [0m] Finished [0;1;39mLoad Kernel Module fuse[0m.
[    8.299723] systemd[1]: Finished Read and set NIS domainname from /etc/sysconfig/network.
[[0;32m  OK  [0m] Finished [0;1;39mRead and set NIS …e from /etc/sysconfig/network[0m.
[    8.301748] systemd[1]: systemd-modules-load.service: Main process exited, code=exited, status=1/FAILURE
[    8.303124] systemd[1]: systemd-modules-load.service: Failed with result 'exit-code'.
[    8.309598] systemd[1]: Failed to start Load Kernel Modules.
[[0;1;31mFAILED[0m] Failed to start [0;1;39mLoad Kernel Modules[0m.
See 'systemctl status systemd-modules-load.service' for details.
[    8.317767] systemd[1]: Finished Generate network units from Kernel command line.
[[0;32m  OK  [0m] Finished [0;1;39mGenerate network units from Kernel command line[0m.
[    8.321550] systemd[1]: Finished Remount Root and Kernel File Systems.
[[0;32m  OK  [0m] Finished [0;1;39mRemount Root and Kernel File Systems[0m.
[    8.328795] systemd[1]: Reached target Preparation for Network.
[[0;32m  OK  [0m] Reached target [0;1;39mPreparation for Network[0m.
[    8.348143] systemd[1]: Mounting FUSE Control File System...
         Mounting [0;1;39mFUSE Control File System[0m...
[    8.357932] systemd[1]: Mounting Kernel Configuration File System...
         Mounting [0;1;39mKernel Configuration File System[0m...
[    8.360262] systemd[1]: Special handling of early boot iSCSI sessions was skipped because of an unmet condition check (ConditionDirectoryNotEmpty=/sys/class/iscsi_session).
[    8.361375] systemd[1]: First Boot Wizard was skipped because of an unmet condition check (ConditionFirstBoot=yes).
[    8.374087] systemd[1]: Rebuild Hardware Database was skipped because of an unmet condition check (ConditionNeedsUpdate=/etc).
[    8.389476] systemd[1]: Starting Load/Save Random Seed...
         Starting [0;1;39mLoad/Save Random Seed[0m...
[    8.395974] systemd[1]: Starting Apply Kernel Variables...
         Starting [0;1;39mApply Kernel Variables[0m...
[    8.400497] systemd[1]: Create System Users was skipped because no trigger condition checks were met.
[    8.410495] systemd[1]: Starting Create Static Device Nodes in /dev...
         Starting [0;1;39mCreate Static Device Nodes in /dev[0m...
[    8.429473] systemd[1]: Starting Setup Virtual Console...
         Starting [0;1;39mSetup Virtual Console[0m...
[    8.438942] systemd[1]: Started Journal Service.
[[0;32m  OK  [0m] Started [0;1;39mJournal Service[0m.
[[0;32m  OK  [0m] Mounted [0;1;39mFUSE Control File System[0m.
[[0;32m  OK  [0m] Mounted [0;1;39mKernel Configuration File System[0m.
         Starting [0;1;39mFlush Journal to Persistent Storage[0m...
[[0;32m  OK  [0m] Finished [0;1;39mLoad/Save Random Seed[0m.
[[0;32m  OK  [0m] Finished [0;1;39mApply Kernel Variables[0m.
[    8.553570] systemd-journald[141]: Received client request to flush runtime journal.
[[0;32m  OK  [0m] Finished [0;1;39mFlush Journal to Persistent Storage[0m.
[[0;32m  OK  [0m] Finished [0;1;39mCreate Static Device Nodes in /dev[0m.
         Starting [0;1;39mRule-based Manage…for Device Events and Files[0m...
[[0;32m  OK  [0m] Started [0;1;39mRule-based Manager for Device Events and Files[0m.
         Starting [0;1;39mAuto-connect to s…E devices found during boot[0m...
[[0;32m  OK  [0m] Finished [0;1;39mAuto-connect to s…VME devices found during boot[0m.
[[0;32m  OK  [0m] Finished [0;1;39mColdplug All udev Devices[0m.
         Starting [0;1;39mWait for udev To …plete Device Initialization[0m...
[[0;32m  OK  [0m] Finished [0;1;39mSetup Virtual Console[0m.
         Starting [0;1;39mShow Plymouth Boot Screen[0m...
[2J[3J[-1;-1f[[0;32m  OK  [0m] Started [0;1;39mShow Plymouth Boot Screen[0m.
[[0;32m  OK  [0m] Started [0;1;39mForward Password R…s to Plymouth Directory Watch[0m.
[[0;32m  OK  [0m] Reached target [0;1;39mLocal Encrypted Volumes[0m.
[[0;32m  OK  [0m] Reached target [0;1;39mPath Units[0m.
[[0;32m  OK  [0m] Found device [0;1;39m/dev/ttyS0[0m.
[[0;32m  OK  [0m] Listening on [0;1;39mLoad/Save RF …itch Status /dev/rfkill Watch[0m.
[[0;32m  OK  [0m] Finished [0;1;39mWait for udev To Complete Device Initialization[0m.
[[0;32m  OK  [0m] Reached target [0;1;39mPreparation for Local File Systems[0m.
[[0;32m  OK  [0m] Reached target [0;1;39mLocal File Systems[0m.
         Starting [0;1;39mTell Plymouth To Write Out Runtime Data[0m...
         Starting [0;1;39mAutomatic Boot Loader Update[0m...
         Starting [0;1;39mCreate Volatile Files and Directories[0m...
[[0;32m  OK  [0m] Finished [0;1;39mTell Plymouth To Write Out Runtime Data[0m.
[[0;32m  OK  [0m] Finished [0;1;39mAutomatic Boot Loader Update[0m.
[[0;32m  OK  [0m] Finished [0;1;39mCreate Volatile Files and Directories[0m.
         Mounting [0;1;39mRPC Pipe File System[0m...
         Starting [0;1;39mSecurity Auditing Service[0m...
         Starting [0;1;39mRPC Bind[0m...
[[0;32m  OK  [0m] Mounted [0;1;39mRPC Pipe File System[0m.
[[0;32m  OK  [0m] Reached target [0;1;39mrpc_pipefs.target[0m.
[[0;32m  OK  [0m] Started [0;1;39mRPC Bind[0m.
[[0;32m  OK  [0m] Started [0;1;39mSecurity Auditing Service[0m.
         Starting [0;1;39mRecord System Boot/Shutdown in UTMP[0m...
[[0;32m  OK  [0m] Finished [0;1;39mRecord System Boot/Shutdown in UTMP[0m.
[[0;32m  OK  [0m] Reached target [0;1;39mSystem Initialization[0m.
[[0;32m  OK  [0m] Started [0;1;39mDaily rotation of log files[0m.
[[0;32m  OK  [0m] Started [0;1;39mUpdates mlocate database every day[0m.
[[0;32m  OK  [0m] Started [0;1;39mDaily Cleanup of Temporary Directories[0m.
[[0;32m  OK  [0m] Started [0;1;39mdaily update of the root trust anchor for DNSSEC[0m.
[[0;32m  OK  [0m] Reached target [0;1;39mTimer Units[0m.
[[0;32m  OK  [0m] Listening on [0;1;39mD-Bus System Message Bus Socket[0m.
[[0;32m  OK  [0m] Listening on [0;1;39mOpen-iSCSI iscsid Socket[0m.
[[0;32m  OK  [0m] Listening on [0;1;39mOpen-iSCSI iscsiuio Socket[0m.
[[0;32m  OK  [0m] Listening on [0;1;39mSSSD Kerberos…ache Manager responder socket[0m.
[[0;32m  OK  [0m] Listening on [0;1;39mLibvirt interface local socket[0m.
[[0;32m  OK  [0m] Listening on [0;1;39mVirtual machine lock manager socket[0m.
[[0;32m  OK  [0m] Listening on [0;1;39mVirtual machine log manager socket[0m.
[[0;32m  OK  [0m] Listening on [0;1;39mLibvirt network local socket[0m.
[[0;32m  OK  [0m] Listening on [0;1;39mLibvirt nodedev local socket[0m.
[[0;32m  OK  [0m] Listening on [0;1;39mLibvirt nwfilter local socket[0m.
[[0;32m  OK  [0m] Listening on [0;1;39mLibvirt proxy local socket[0m.
[[0;32m  OK  [0m] Listening on [0;1;39mLibvirt qemu local socket[0m.
[[0;32m  OK  [0m] Listening on [0;1;39mLibvirt qemu admin socket[0m.
[[0;32m  OK  [0m] Listening on [0;1;39mLibvirt qemu local read-only socket[0m.
[[0;32m  OK  [0m] Listening on [0;1;39mLibvirt secret local socket[0m.
[[0;32m  OK  [0m] Listening on [0;1;39mLibvirt storage local socket[0m.
[[0;32m  OK  [0m] Reached target [0;1;39mSocket Units[0m.
         Starting [0;1;39mD-Bus System Message Bus[0m...
[[0;32m  OK  [0m] Started [0;1;39mD-Bus System Message Bus[0m.
[[0;32m  OK  [0m] Reached target [0;1;39mBasic System[0m.
         Starting [0;1;39mNetwork Manager[0m...
         Starting [0;1;39mNTP client/server[0m...
         Starting [0;1;39mRestore /run/initramfs on shutdown[0m...
[[0;32m  OK  [0m] Started [0;1;39mirqbalance daemon[0m.
[[0;32m  OK  [0m] Started [0;1;39mlibstoragemgmt plug-in server daemon[0m.
[[0;32m  OK  [0m] Started [0;1;39mMachine Check Exception Logging Daemon[0m.
[[0;32m  OK  [0m] Reached target [0;1;39msshd-keygen.target[0m.
[[0;32m  OK  [0m] Reached target [0;1;39mUser and Group Name Lookups[0m.
         Starting [0;1;39mUser Login Management[0m...
         Starting [0;1;39mVirtual Machine a…tainer Registration Service[0m...
[[0;32m  OK  [0m] Finished [0;1;39mRestore /run/initramfs on shutdown[0m.
[[0;32m  OK  [0m] Started [0;1;39mVirtual Machine an…ontainer Registration Service[0m.
         Starting [0;1;39mHostname Service[0m...
[[0;32m  OK  [0m] Started [0;1;39mUser Login Management[0m.
[[0;32m  OK  [0m] Started [0;1;39mNTP client/server[0m.
[[0;32m  OK  [0m] Started [0;1;39mHostname Service[0m.
         Starting [0;1;39mNetwork Manager Script Dispatcher Service[0m...
[[0;32m  OK  [0m] Started [0;1;39mNetwork Manager Script Dispatcher Service[0m.
[   12.043966] e1000: eth0 NIC Link is Up 1000 Mbps Full Duplex, Flow Control: RX
[[0;32m  OK  [0m] Started [0;1;39mNetwork Manager[0m.
[[0;32m  OK  [0m] Reached target [0;1;39mNetwork[0m.
[[0;32m  OK  [0m] Reached target [0;1;39mNetwork is Online[0m.
         Starting [0;1;39mGSSAPI Proxy Daemon[0m...
         Starting [0;1;39mNotify NFS peers of a restart[0m...
         Starting [0;1;39mSystem Logging Service[0m...
         Starting [0;1;39mOpenSSH server daemon[0m...
         Starting [0;1;39mDynamic System Tuning Daemon[0m...
[[0;32m  OK  [0m] Started [0;1;39mNotify NFS peers of a restart[0m.
[[0;32m  OK  [0m] Started [0;1;39mGSSAPI Proxy Daemon[0m.
[[0;32m  OK  [0m] Started [0;1;39mOpenSSH server daemon[0m.
[[0;32m  OK  [0m] Reached target [0;1;39mNFS client services[0m.
[[0;32m  OK  [0m] Reached target [0;1;39mPreparation for Remote File Systems[0m.
[[0;32m  OK  [0m] Reached target [0;1;39mRemote File Systems[0m.
         Starting [0;1;39mPermit User Sessions[0m...
         Starting [0;1;39mVirtualization qemu daemon[0m...
[[0;32m  OK  [0m] Finished [0;1;39mPermit User Sessions[0m.
[[0;32m  OK  [0m] Started [0;1;39mDeferred execution scheduler[0m.
[[0;32m  OK  [0m] Started [0;1;39mCommand Scheduler[0m.
         Starting [0;1;39mHold until boot process finishes up[0m...
         Starting [0;1;39mTerminate Plymouth Boot Screen[0m...
[[0;32m  OK  [0m] Started [0;1;39mSystem Logging Service[0m.

CentOS Stream 9
Kernel 6.19.0-rc7-v6.19-rc7 on an x86_64

Activate the web console with: systemctl enable --now cockpit.socket

test login: [   19.746792] Oops: general protection fault, probably for non-canonical address 0xdffffc0000000006: 0000 [#1] SMP KASAN NOPTI
[   19.747509] KASAN: null-ptr-deref in range [0x0000000000000030-0x0000000000000037]
[   19.747982] CPU: 0 UID: 0 PID: 710 Comm: repro Not tainted 6.19.0-rc7-v6.19-rc7 #1 PREEMPT(voluntary) 
[   19.748561] Hardware name: QEMU Standard PC (i440FX + PIIX, 1996), BIOS rel-1.16.3-0-ga6ed6b701f0a-prebuilt.qemu.org 04/01/2014
[   19.749261] RIP: 0010:__bitmap_weight+0xb9/0x110
[   19.749574] Code: 89 ee e8 3a cb 64 fe 45 85 ed 74 3e e8 30 d1 64 fe 48 8b 45 c8 48 8d 1c d8 48 b8 00 00 00 00 00 fc ff df 48 89 da 48 c1 ea 03 <80> 3c 02 00 75 42 8b 4d d4 48 c7 c7 ff ff ff ff f7 d9 48 d3 ef 48
[   19.750681] RSP: 0018:ff110000151ef488 EFLAGS: 00010206
[   19.750982] RAX: dffffc0000000000 RBX: 0000000000000030 RCX: ffffffff8324fe06
[   19.751388] RDX: 0000000000000006 RSI: ffffffff8324fe10 RDI: 0000000000000005
[   19.751779] RBP: ff110000151ef4c0 R08: 0000000000000001 R09: ffe21c0002a3de7b
[   19.752188] R10: 0000000000000002 R11: 0000000000000000 R12: 0000000000000000
[   19.752585] R13: 0000000000000002 R14: 0000000000000030 R15: ff1100001e531a00
[   19.752984] FS:  00007f0bbbba3740(0000) GS:ff110000e34b5000(0000) knlGS:0000000000000000
[   19.753441] CS:  0010 DS: 0000 ES: 0000 CR0: 0000000080050033
[   19.753779] CR2: 0000000020000b00 CR3: 000000001e6bd006 CR4: 0000000000771ef0
[   19.754194] PKRU: 55555554
[   19.754357] Call Trace:
[   19.754505]  <TASK>
[   19.754639]  dev_energymodel_nl_get_perf_domains_doit+0x140/0x4b0
[   19.754997]  genl_family_rcv_msg_doit+0x23d/0x330
[   19.755285]  ? __pfx_genl_family_rcv_msg_doit+0x10/0x10
[   19.755594]  ? genl_get_cmd+0x1c9/0x630
[   19.755832]  genl_rcv_msg+0x580/0x840
[   19.756058]  ? __pfx_genl_rcv_msg+0x10/0x10
[   19.756315]  ? __pfx_dev_energymodel_nl_get_perf_domains_doit+0x10/0x10
[   19.756698]  netlink_rcv_skb+0x174/0x450
[   19.756934]  ? __pfx_genl_rcv_msg+0x10/0x10
[   19.757192]  ? __pfx_netlink_rcv_skb+0x10/0x10
[   19.757460]  ? netlink_deliver_tap+0x1b9/0xca0
[   19.757734]  genl_rcv+0x32/0x50
[   19.757928]  netlink_unicast+0x7e2/0xc80
[   19.758179]  ? __pfx_netlink_unicast+0x10/0x10
[   19.758446]  ? __virt_addr_valid+0x10a/0x5f0
[   19.758707]  ? __check_object_size+0x3c/0x9b0
[   19.758973]  netlink_sendmsg+0x957/0xe80
[   19.759219]  ? __pfx_netlink_sendmsg+0x10/0x10
[   19.759481]  ? __import_iovec+0x1df/0x660
[   19.759729]  ? __might_fault+0xe0/0x1b0
[   19.759963]  ? __pfx_netlink_sendmsg+0x10/0x10
[   19.760236]  ____sys_sendmsg+0xaa3/0xc70
[   19.760479]  ? __pfx_____sys_sendmsg+0x10/0x10
[   19.760754]  ? __this_cpu_preempt_check+0x21/0x30
[   19.761032]  ? lock_release+0x14f/0x2a0
[   19.761283]  ___sys_sendmsg+0x121/0x1c0
[   19.761516]  ? do_anonymous_page+0x4c0/0x1a30
[   19.761784]  ? __pfx____sys_sendmsg+0x10/0x10
[   19.762051]  ? __handle_mm_fault+0x656/0x2d60
[   19.762334]  ? __lock_acquire+0x412/0x2210
[   19.762590]  __sys_sendmsg+0x177/0x220
[   19.762813]  ? __pfx___sys_sendmsg+0x10/0x10
[   19.763074]  ? lockdep_hardirqs_on+0x85/0x110
[   19.763346]  ? seqcount_lockdep_reader_access.constprop.0+0xb4/0xd0
[   19.763729]  ? __audit_syscall_entry+0x393/0x4f0
[   19.764023]  __x64_sys_sendmsg+0x80/0xc0
[   19.764274]  ? syscall_trace_enter+0x14d/0x240
[   19.764551]  x64_sys_call+0x1d98/0x21b0
[   19.764787]  do_syscall_64+0x6d/0x1180
[   19.765020]  entry_SYSCALL_64_after_hwframe+0x76/0x7e
[   19.765324] RIP: 0033:0x7f0bbb83ee5d
[   19.765546] Code: ff c3 66 2e 0f 1f 84 00 00 00 00 00 90 f3 0f 1e fa 48 89 f8 48 89 f7 48 89 d6 48 89 ca 4d 89 c2 4d 89 c8 4c 8b 4c 24 08 0f 05 <48> 3d 01 f0 ff ff 73 01 c3 48 8b 0d 93 af 1b 00 f7 d8 64 89 01 48
[   19.766615] RSP: 002b:00007ffdd5009908 EFLAGS: 00000246 ORIG_RAX: 000000000000002e
[   19.767059] RAX: ffffffffffffffda RBX: 0000000000000000 RCX: 00007f0bbb83ee5d
[   19.767485] RDX: 0000000000000004 RSI: 0000000020000b00 RDI: 0000000000000003
[   19.767897] RBP: 00007ffdd5009920 R08: 00007ffdd5009920 R09: 00007ffdd5009920
[   19.768322] R10: 00007ffdd5009390 R11: 0000000000000246 R12: 00007ffdd5009a78
[   19.768746] R13: 0000000000401829 R14: 0000000000403e08 R15: 00007f0bbbbf0000
[   19.769176]  </TASK>
[   19.769316] Modules linked in:
[   19.769547] ---[ end trace 0000000000000000 ]---
[   19.769825] RIP: 0010:__bitmap_weight+0xb9/0x110
[   19.770120] Code: 89 ee e8 3a cb 64 fe 45 85 ed 74 3e e8 30 d1 64 fe 48 8b 45 c8 48 8d 1c d8 48 b8 00 00 00 00 00 fc ff df 48 89 da 48 c1 ea 03 <80> 3c 02 00 75 42 8b 4d d4 48 c7 c7 ff ff ff ff f7 d9 48 d3 ef 48
[   19.771222] RSP: 0018:ff110000151ef488 EFLAGS: 00010206
[   19.771542] RAX: dffffc0000000000 RBX: 0000000000000030 RCX: ffffffff8324fe06
[   19.772324] RDX: 0000000000000006 RSI: ffffffff8324fe10 RDI: 0000000000000005
[   19.772768] RBP: ff110000151ef4c0 R08: 0000000000000001 R09: ffe21c0002a3de7b
[   19.773215] R10: 0000000000000002 R11: 0000000000000000 R12: 0000000000000000
[   19.773653] R13: 0000000000000002 R14: 0000000000000030 R15: ff1100001e531a00
[   19.774080] FS:  00007f0bbbba3740(0000) GS:ff110000e34b5000(0000) knlGS:0000000000000000
[   19.774583] CS:  0010 DS: 0000 ES: 0000 CR0: 0000000080050033
[   19.774943] CR2: 0000000020000b00 CR3: 000000001e6bd006 CR4: 0000000000771ef0
[   19.775385] PKRU: 55555554
[   19.777213] Oops: general protection fault, probably for non-canonical address 0xdffffc0000000006: 0000 [#2] SMP KASAN NOPTI
[   19.777974] KASAN: null-ptr-deref in range [0x0000000000000030-0x0000000000000037]
[   19.778460] CPU: 0 UID: 0 PID: 711 Comm: repro Tainted: G      D             6.19.0-rc7-v6.19-rc7 #1 PREEMPT(voluntary) 
[   19.779143] Tainted: [D]=DIE
[   19.779336] Hardware name: QEMU Standard PC (i440FX + PIIX, 1996), BIOS rel-1.16.3-0-ga6ed6b701f0a-prebuilt.qemu.org 04/01/2014
[   19.780043] RIP: 0010:__bitmap_weight+0xb9/0x110
[   19.780360] Code: 89 ee e8 3a cb 64 fe 45 85 ed 74 3e e8 30 d1 64 fe 48 8b 45 c8 48 8d 1c d8 48 b8 00 00 00 00 00 fc ff df 48 89 da 48 c1 ea 03 <80> 3c 02 00 75 42 8b 4d d4 48 c7 c7 ff ff ff ff f7 d9 48 d3 ef 48
[   19.781504] RSP: 0018:ff110000164a7488 EFLAGS: 00010206
[   19.781839] RAX: dffffc0000000000 RBX: 0000000000000030 RCX: ffffffff8324fe06
[   19.782287] RDX: 0000000000000006 RSI: ffffffff8324fe10 RDI: 0000000000000005
[   19.782725] RBP: ff110000164a74c0 R08: 0000000000000001 R09: ffe21c0002c94e7b
[   19.783183] R10: 0000000000000002 R11: 0000000000000000 R12: 0000000000000000
[   19.783611] R13: 0000000000000002 R14: 0000000000000030 R15: ff1100001e531140
[   19.784446] FS:  00007f0bbbba3740(0000) GS:ff110000e34b5000(0000) knlGS:0000000000000000
[   19.784968] CS:  0010 DS: 0000 ES: 0000 CR0: 0000000080050033
[   19.785364] CR2: 0000000020000b00 CR3: 000000000e5d8001 CR4: 0000000000771ef0
[   19.785809] PKRU: 55555554
[   19.785988] Call Trace:
[   19.786160]  <TASK>
[   19.786311]  dev_energymodel_nl_get_perf_domains_doit+0x140/0x4b0
[   19.786716]  genl_family_rcv_msg_doit+0x23d/0x330
[   19.787035]  ? __pfx_genl_family_rcv_msg_doit+0x10/0x10
[   19.787384]  ? genl_get_cmd+0x1c9/0x630
[   19.787647]  genl_rcv_msg+0x580/0x840
[   19.787895]  ? __pfx_genl_rcv_msg+0x10/0x10
[   19.788188]  ? __pfx_dev_energymodel_nl_get_perf_domains_doit+0x10/0x10
[   19.788618]  netlink_rcv_skb+0x174/0x450
[   19.788870]  ? __pfx_genl_rcv_msg+0x10/0x10
[   19.789156]  ? __pfx_netlink_rcv_skb+0x10/0x10
[   19.789456]  ? netlink_deliver_tap+0x1b9/0xca0
[   19.789758]  genl_rcv+0x32/0x50
[   19.789967]  netlink_unicast+0x7e2/0xc80
[   19.790242]  ? __pfx_netlink_unicast+0x10/0x10
[   19.790525]  ? __virt_addr_valid+0x10a/0x5f0
[   19.790804]  ? __check_object_size+0x3c/0x9b0
[   19.791093]  netlink_sendmsg+0x957/0xe80
[   19.791370]  ? __pfx_netlink_sendmsg+0x10/0x10
[   19.791655]  ? __import_iovec+0x1df/0x660
[   19.791923]  ? __might_fault+0xe0/0x1b0
[   19.792181]  ? __pfx_netlink_sendmsg+0x10/0x10
[   19.792483]  ____sys_sendmsg+0xaa3/0xc70
[   19.792739]  ? __pfx_____sys_sendmsg+0x10/0x10
[   19.793035]  ? __pfx_set_ptes.constprop.0+0x10/0x10
[   19.793356]  ? lock_release+0x1ea/0x2a0
[   19.793615]  ___sys_sendmsg+0x121/0x1c0
[   19.793871]  ? do_anonymous_page+0x4c0/0x1a30
[   19.794174]  ? __pfx____sys_sendmsg+0x10/0x10
[   19.794472]  ? __handle_mm_fault+0x656/0x2d60
[   19.794764]  ? __sanitizer_cov_trace_const_cmp4+0x1a/0x20
[   19.795105]  ? css_rstat_updated+0x1d8/0x5d0
[   19.795400]  ? __pfx_css_rstat_updated+0x10/0x10
[   19.795703]  ? debug_smp_processor_id+0x20/0x30
[   19.796004]  ? rcu_is_watching+0x19/0xc0
[   19.796283]  __sys_sendmsg+0x177/0x220
[   19.796538]  ? __pfx___sys_sendmsg+0x10/0x10
[   19.796821]  ? rcu_is_watching+0x19/0xc0
[   19.797074]  ? seqcount_lockdep_reader_access.constprop.0+0xb4/0xd0
[   19.797505]  ? __audit_syscall_entry+0x393/0x4f0
[   19.797812]  __x64_sys_sendmsg+0x80/0xc0
[   19.798060]  ? syscall_trace_enter+0x14d/0x240
[   19.798373]  x64_sys_call+0x1d98/0x21b0
[   19.798628]  do_syscall_64+0x6d/0x1180
[   19.798871]  entry_SYSCALL_64_after_hwframe+0x76/0x7e
[   19.799196] RIP: 0033:0x7f0bbb83ee5d
[   19.799435] Code: ff c3 66 2e 0f 1f 84 00 00 00 00 00 90 f3 0f 1e fa 48 89 f8 48 89 f7 48 89 d6 48 89 ca 4d 89 c2 4d 89 c8 4c 8b 4c 24 08 0f 05 <48> 3d 01 f0 ff ff 73 01 c3 48 8b 0d 93 af 1b 00 f7 d8 64 89 01 48
[   19.800585] RSP: 002b:00007ffdd5009908 EFLAGS: 00000246 ORIG_RAX: 000000000000002e
[   19.801062] RAX: ffffffffffffffda RBX: 0000000000000000 RCX: 00007f0bbb83ee5d
[   19.801518] RDX: 0000000000000004 RSI: 0000000020000b00 RDI: 0000000000000003
[   19.801960] RBP: 00007ffdd5009920 R08: 00007ffdd5009920 R09: 00007ffdd5009920
[   19.802430] R10: 00007ffdd5009390 R11: 0000000000000246 R12: 00007ffdd5009a78
[   19.802886] R13: 0000000000401829 R14: 0000000000403e08 R15: 00007f0bbbbf0000
[   19.803359]  </TASK>
[   19.803511] Modules linked in:
[   19.804094] ---[ end trace 0000000000000000 ]---
[   19.804414] RIP: 0010:__bitmap_weight+0xb9/0x110
[   19.804715] Code: 89 ee e8 3a cb 64 fe 45 85 ed 74 3e e8 30 d1 64 fe 48 8b 45 c8 48 8d 1c d8 48 b8 00 00 00 00 00 fc ff df 48 89 da 48 c1 ea 03 <80> 3c 02 00 75 42 8b 4d d4 48 c7 c7 ff ff ff ff f7 d9 48 d3 ef 48
[   19.805873] RSP: 0018:ff110000151ef488 EFLAGS: 00010206
[   19.806223] RAX: dffffc0000000000 RBX: 0000000000000030 RCX: ffffffff8324fe06
[   19.806671] RDX: 0000000000000006 RSI: ffffffff8324fe10 RDI: 0000000000000005
[   19.807121] RBP: ff110000151ef4c0 R08: 0000000000000001 R09: ffe21c0002a3de7b
[   19.807590] R10: 0000000000000002 R11: 0000000000000000 R12: 0000000000000000
[   19.808041] R13: 0000000000000002 R14: 0000000000000030 R15: ff1100001e531a00
[   19.808498] FS:  00007f0bbbba3740(0000) GS:ff110000e34b5000(0000) knlGS:0000000000000000
[   19.808996] CS:  0010 DS: 0000 ES: 0000 CR0: 0000000080050033
[   19.809374] CR2: 0000000020000b00 CR3: 000000000e5d8001 CR4: 0000000000771ef0
[   19.809811] PKRU: 55555554
[   19.812164] Oops: general protection fault, probably for non-canonical address 0xdffffc0000000006: 0000 [#3] SMP KASAN NOPTI
[   19.812927] KASAN: null-ptr-deref in range [0x0000000000000030-0x0000000000000037]
[   19.813410] CPU: 0 UID: 0 PID: 712 Comm: repro Tainted: G      D             6.19.0-rc7-v6.19-rc7 #1 PREEMPT(voluntary) 
[   19.814082] Tainted: [D]=DIE
[   19.814284] Hardware name: QEMU Standard PC (i440FX + PIIX, 1996), BIOS rel-1.16.3-0-ga6ed6b701f0a-prebuilt.qemu.org 04/01/2014
[   19.814981] RIP: 0010:__bitmap_weight+0xb9/0x110
[   19.815300] Code: 89 ee e8 3a cb 64 fe 45 85 ed 74 3e e8 30 d1 64 fe 48 8b 45 c8 48 8d 1c d8 48 b8 00 00 00 00 00 fc ff df 48 89 da 48 c1 ea 03 <80> 3c 02 00 75 42 8b 4d d4 48 c7 c7 ff ff ff ff f7 d9 48 d3 ef 48
[   19.816473] RSP: 0018:ff110000138c7488 EFLAGS: 00010206
[   19.816804] RAX: dffffc0000000000 RBX: 0000000000000030 RCX: ffffffff8324fe06
[   19.817264] RDX: 0000000000000006 RSI: ffffffff8324fe10 RDI: 0000000000000005
[   19.817711] RBP: ff110000138c74c0 R08: 0000000000000001 R09: ffe21c0002718e7b
[   19.818162] R10: 0000000000000002 R11: 0000000000000000 R12: 0000000000000000
[   19.818605] R13: 0000000000000002 R14: 0000000000000030 R15: ff1100001e531280
[   19.819058] FS:  00007f0bbbba3740(0000) GS:ff110000e34b5000(0000) knlGS:0000000000000000
[   19.819572] CS:  0010 DS: 0000 ES: 0000 CR0: 0000000080050033
[   19.819943] CR2: 0000000020000b00 CR3: 000000001bf61002 CR4: 0000000000771ef0
[   19.820407] PKRU: 55555554
[   19.820584] Call Trace:
[   19.820754]  <TASK>
[   19.820900]  dev_energymodel_nl_get_perf_domains_doit+0x140/0x4b0
[   19.821300]  genl_family_rcv_msg_doit+0x23d/0x330
[   19.821604]  ? __pfx_genl_family_rcv_msg_doit+0x10/0x10
[   19.821935]  ? genl_get_cmd+0x1c9/0x630
[   19.822206]  genl_rcv_msg+0x580/0x840
[   19.822445]  ? __pfx_genl_rcv_msg+0x10/0x10
[   19.822721]  ? __pfx_dev_energymodel_nl_get_perf_domains_doit+0x10/0x10
[   19.823145]  netlink_rcv_skb+0x174/0x450
[   19.823407]  ? __pfx_genl_rcv_msg+0x10/0x10
[   19.823679]  ? __pfx_netlink_rcv_skb+0x10/0x10
[   19.823969]  ? netlink_deliver_tap+0x1b9/0xca0
[   19.824278]  genl_rcv+0x32/0x50
[   19.824493]  netlink_unicast+0x7e2/0xc80
[   19.824764]  ? __pfx_netlink_unicast+0x10/0x10
[   19.825053]  ? __virt_addr_valid+0x10a/0x5f0
[   19.825348]  ? __check_object_size+0x3c/0x9b0
[   19.825636]  netlink_sendmsg+0x957/0xe80
[   19.825908]  ? __pfx_netlink_sendmsg+0x10/0x10
[   19.826215]  ? __import_iovec+0x1df/0x660
[   19.826481]  ? __might_fault+0xe0/0x1b0
[   19.826727]  ? __pfx_netlink_sendmsg+0x10/0x10
[   19.827025]  ____sys_sendmsg+0xaa3/0xc70
[   19.827282]  ? __pfx_____sys_sendmsg+0x10/0x10
[   19.827577]  ? __pfx_set_ptes.constprop.0+0x10/0x10
[   19.827893]  ? lock_release+0x1ea/0x2a0
[   19.828161]  ___sys_sendmsg+0x121/0x1c0
[   19.828422]  ? do_anonymous_page+0x4c0/0x1a30
[   19.828725]  ? __pfx____sys_sendmsg+0x10/0x10
[   19.829014]  ? __handle_mm_fault+0x656/0x2d60
[   19.829319]  ? __sanitizer_cov_trace_const_cmp4+0x1a/0x20
[   19.829663]  ? css_rstat_updated+0x1d8/0x5d0
[   19.829950]  ? __pfx_css_rstat_updated+0x10/0x10
[   19.830264]  ? debug_smp_processor_id+0x20/0x30
[   19.830562]  ? rcu_is_watching+0x19/0xc0
[   19.830827]  __sys_sendmsg+0x177/0x220
[   19.831078]  ? __pfx___sys_sendmsg+0x10/0x10
[   19.831391]  ? rcu_is_watching+0x19/0xc0
[   19.831649]  ? seqcount_lockdep_reader_access.constprop.0+0xb4/0xd0
[   19.832051]  ? __audit_syscall_entry+0x393/0x4f0
[   19.832361]  __x64_sys_sendmsg+0x80/0xc0
[   19.832618]  ? syscall_trace_enter+0x14d/0x240
[   19.832920]  x64_sys_call+0x1d98/0x21b0
[   19.833182]  do_syscall_64+0x6d/0x1180
[   19.833432]  entry_SYSCALL_64_after_hwframe+0x76/0x7e
[   19.833756] RIP: 0033:0x7f0bbb83ee5d
[   19.834001] Code: ff c3 66 2e 0f 1f 84 00 00 00 00 00 90 f3 0f 1e fa 48 89 f8 48 89 f7 48 89 d6 48 89 ca 4d 89 c2 4d 89 c8 4c 8b 4c 24 08 0f 05 <48> 3d 01 f0 ff ff 73 01 c3 48 8b 0d 93 af 1b 00 f7 d8 64 89 01 48
[   19.835130] RSP: 002b:00007ffdd5009908 EFLAGS: 00000246 ORIG_RAX: 000000000000002e
[   19.835604] RAX: ffffffffffffffda RBX: 0000000000000000 RCX: 00007f0bbb83ee5d
[   19.836044] RDX: 0000000000000004 RSI: 0000000020000b00 RDI: 0000000000000003
[   19.836492] RBP: 00007ffdd5009920 R08: 00007ffdd5009920 R09: 00007ffdd5009920
[   19.836929] R10: 00007ffdd5009390 R11: 0000000000000246 R12: 00007ffdd5009a78
[   19.837377] R13: 0000000000401829 R14: 0000000000403e08 R15: 00007f0bbbbf0000
[   19.837833]  </TASK>
[   19.837977] Modules linked in:
[   19.838220] ---[ end trace 0000000000000000 ]---
[   19.838509] RIP: 0010:__bitmap_weight+0xb9/0x110
[   19.838807] Code: 89 ee e8 3a cb 64 fe 45 85 ed 74 3e e8 30 d1 64 fe 48 8b 45 c8 48 8d 1c d8 48 b8 00 00 00 00 00 fc ff df 48 89 da 48 c1 ea 03 <80> 3c 02 00 75 42 8b 4d d4 48 c7 c7 ff ff ff ff f7 d9 48 d3 ef 48
[   19.839951] RSP: 0018:ff110000151ef488 EFLAGS: 00010206
[   19.840303] RAX: dffffc0000000000 RBX: 0000000000000030 RCX: ffffffff8324fe06
[   19.840740] RDX: 0000000000000006 RSI: ffffffff8324fe10 RDI: 0000000000000005
[   19.841188] RBP: ff110000151ef4c0 R08: 0000000000000001 R09: ffe21c0002a3de7b
[   19.841633] R10: 0000000000000002 R11: 0000000000000000 R12: 0000000000000000
[   19.842066] R13: 0000000000000002 R14: 0000000000000030 R15: ff1100001e531a00
[   19.842528] FS:  00007f0bbbba3740(0000) GS:ff110000e34b5000(0000) knlGS:0000000000000000
[   19.843028] CS:  0010 DS: 0000 ES: 0000 CR0: 0000000080050033
[   19.843392] CR2: 0000000020000b00 CR3: 000000001bf61002 CR4: 0000000000771ef0
[   19.843841] PKRU: 55555554
[   19.846551] Oops: general protection fault, probably for non-canonical address 0xdffffc0000000006: 0000 [#4] SMP KASAN NOPTI
[   19.847325] KASAN: null-ptr-deref in range [0x0000000000000030-0x0000000000000037]
[   19.847799] CPU: 0 UID: 0 PID: 713 Comm: repro Tainted: G      D             6.19.0-rc7-v6.19-rc7 #1 PREEMPT(voluntary) 
[   19.848482] Tainted: [D]=DIE
[   19.848667] Hardware name: QEMU Standard PC (i440FX + PIIX, 1996), BIOS rel-1.16.3-0-ga6ed6b701f0a-prebuilt.qemu.org 04/01/2014
[   19.849380] RIP: 0010:__bitmap_weight+0xb9/0x110
[   19.849690] Code: 89 ee e8 3a cb 64 fe 45 85 ed 74 3e e8 30 d1 64 fe 48 8b 45 c8 48 8d 1c d8 48 b8 00 00 00 00 00 fc ff df 48 89 da 48 c1 ea 03 <80> 3c 02 00 75 42 8b 4d d4 48 c7 c7 ff ff ff ff f7 d9 48 d3 ef 48
[   19.850811] RSP: 0018:ff110000189af488 EFLAGS: 00010206
[   19.851155] RAX: dffffc0000000000 RBX: 0000000000000030 RCX: ffffffff8324fe06
[   19.851597] RDX: 0000000000000006 RSI: ffffffff8324fe10 RDI: 0000000000000005
[   19.852053] RBP: ff110000189af4c0 R08: 0000000000000001 R09: ffe21c0003135e7b
[   19.852510] R10: 0000000000000002 R11: 0000000000000000 R12: 0000000000000000
[   19.852952] R13: 0000000000000002 R14: 0000000000000030 R15: ff1100001e531000
[   19.853397] FS:  00007f0bbbba3740(0000) GS:ff110000e34b5000(0000) knlGS:0000000000000000
[   19.853897] CS:  0010 DS: 0000 ES: 0000 CR0: 0000000080050033
[   19.854261] CR2: 0000000020000b00 CR3: 0000000022b2b003 CR4: 0000000000771ef0
[   19.854706] PKRU: 55555554
[   19.854889] Call Trace:
[   19.855047]  <TASK>
[   19.855203]  dev_energymodel_nl_get_perf_domains_doit+0x140/0x4b0
[   19.855592]  genl_family_rcv_msg_doit+0x23d/0x330
[   19.855905]  ? __pfx_genl_family_rcv_msg_doit+0x10/0x10
[   19.856246]  ? genl_get_cmd+0x1c9/0x630
[   19.856505]  genl_rcv_msg+0x580/0x840
[   19.856759]  ? __pfx_genl_rcv_msg+0x10/0x10
[   19.857040]  ? __pfx_dev_energymodel_nl_get_perf_domains_doit+0x10/0x10
[   19.857482]  netlink_rcv_skb+0x174/0x450
[   19.857737]  ? __pfx_genl_rcv_msg+0x10/0x10
[   19.858016]  ? __pfx_netlink_rcv_skb+0x10/0x10
[   19.858327]  ? netlink_deliver_tap+0x1b9/0xca0
[   19.858620]  genl_rcv+0x32/0x50
[   19.858841]  netlink_unicast+0x7e2/0xc80
[   19.859093]  ? __pfx_netlink_unicast+0x10/0x10
[   19.859387]  ? __virt_addr_valid+0x10a/0x5f0
[   19.859671]  ? __check_object_size+0x3c/0x9b0
[   19.859969]  netlink_sendmsg+0x957/0xe80
[   19.860231]  ? __pfx_netlink_sendmsg+0x10/0x10
[   19.860513]  ? __import_iovec+0x1df/0x660
[   19.860771]  ? __might_fault+0xe0/0x1b0
[   19.861026]  ? __pfx_netlink_sendmsg+0x10/0x10
[   19.861330]  ____sys_sendmsg+0xaa3/0xc70
[   19.861590]  ? __pfx_____sys_sendmsg+0x10/0x10
[   19.861880]  ? __pfx_set_ptes.constprop.0+0x10/0x10
[   19.862214]  ? lock_release+0x1ea/0x2a0
[   19.862476]  ___sys_sendmsg+0x121/0x1c0
[   19.862722]  ? do_anonymous_page+0x4c0/0x1a30
[   19.863002]  ? __pfx____sys_sendmsg+0x10/0x10
[   19.863293]  ? __handle_mm_fault+0x656/0x2d60
[   19.863575]  ? __sanitizer_cov_trace_const_cmp4+0x1a/0x20
[   19.863929]  ? css_rstat_updated+0x1d8/0x5d0
[   19.864218]  ? __pfx_css_rstat_updated+0x10/0x10
[   19.864518]  ? debug_smp_processor_id+0x20/0x30
[   19.864807]  ? rcu_is_watching+0x19/0xc0
[   19.865067]  __sys_sendmsg+0x177/0x220
[   19.865322]  ? __pfx___sys_sendmsg+0x10/0x10
[   19.865607]  ? rcu_is_watching+0x19/0xc0
[   19.865869]  ? seqcount_lockdep_reader_access.constprop.0+0xb4/0xd0
[   19.866279]  ? __audit_syscall_entry+0x393/0x4f0
[   19.866583]  __x64_sys_sendmsg+0x80/0xc0
[   19.866850]  ? syscall_trace_enter+0x14d/0x240
[   19.867159]  x64_sys_call+0x1d98/0x21b0
[   19.867413]  do_syscall_64+0x6d/0x1180
[   19.867660]  entry_SYSCALL_64_after_hwframe+0x76/0x7e
[   19.867985] RIP: 0033:0x7f0bbb83ee5d
[   19.868236] Code: ff c3 66 2e 0f 1f 84 00 00 00 00 00 90 f3 0f 1e fa 48 89 f8 48 89 f7 48 89 d6 48 89 ca 4d 89 c2 4d 89 c8 4c 8b 4c 24 08 0f 05 <48> 3d 01 f0 ff ff 73 01 c3 48 8b 0d 93 af 1b 00 f7 d8 64 89 01 48
[   19.869360] RSP: 002b:00007ffdd5009908 EFLAGS: 00000246 ORIG_RAX: 000000000000002e
[   19.869825] RAX: ffffffffffffffda RBX: 0000000000000000 RCX: 00007f0bbb83ee5d
[   19.870274] RDX: 0000000000000004 RSI: 0000000020000b00 RDI: 0000000000000003
[   19.870715] RBP: 00007ffdd5009920 R08: 00007ffdd5009920 R09: 00007ffdd5009920
[   19.871178] R10: 00007ffdd5009390 R11: 0000000000000246 R12: 00007ffdd5009a78
[   19.871633] R13: 0000000000401829 R14: 0000000000403e08 R15: 00007f0bbbbf0000
[   19.872077]  </TASK>
[   19.872235] Modules linked in:
[   19.872531] ---[ end trace 0000000000000000 ]---
[   19.872824] RIP: 0010:__bitmap_weight+0xb9/0x110
[   19.873127] Code: 89 ee e8 3a cb 64 fe 45 85 ed 74 3e e8 30 d1 64 fe 48 8b 45 c8 48 8d 1c d8 48 b8 00 00 00 00 00 fc ff df 48 89 da 48 c1 ea 03 <80> 3c 02 00 75 42 8b 4d d4 48 c7 c7 ff ff ff ff f7 d9 48 d3 ef 48
[   19.874268] RSP: 0018:ff110000151ef488 EFLAGS: 00010206
[   19.874606] RAX: dffffc0000000000 RBX: 0000000000000030 RCX: ffffffff8324fe06
[   19.875034] RDX: 0000000000000006 RSI: ffffffff8324fe10 RDI: 0000000000000005
[   19.875493] RBP: ff110000151ef4c0 R08: 0000000000000001 R09: ffe21c0002a3de7b
[   19.876013] R10: 0000000000000002 R11: 0000000000000000 R12: 0000000000000000
[   19.876454] R13: 0000000000000002 R14: 0000000000000030 R15: ff1100001e531a00
[   19.876889] FS:  00007f0bbbba3740(0000) GS:ff110000e34b5000(0000) knlGS:0000000000000000
[   19.877385] CS:  0010 DS: 0000 ES: 0000 CR0: 0000000080050033
[   19.877748] CR2: 0000000020000b00 CR3: 0000000022b2b003 CR4: 0000000000771ef0
[   19.878199] PKRU: 55555554
[   19.880388] Oops: general protection fault, probably for non-canonical address 0xdffffc0000000006: 0000 [#5] SMP KASAN NOPTI
[   19.881160] KASAN: null-ptr-deref in range [0x0000000000000030-0x0000000000000037]
[   19.881644] CPU: 1 UID: 0 PID: 714 Comm: repro Tainted: G      D             6.19.0-rc7-v6.19-rc7 #1 PREEMPT(voluntary) 
[   19.882300] Tainted: [D]=DIE
[   19.882483] Hardware name: QEMU Standard PC (i440FX + PIIX, 1996), BIOS rel-1.16.3-0-ga6ed6b701f0a-prebuilt.qemu.org 04/01/2014
[   19.883157] RIP: 0010:__bitmap_weight+0xb9/0x110
[   19.883444] Code: 89 ee e8 3a cb 64 fe 45 85 ed 74 3e e8 30 d1 64 fe 48 8b 45 c8 48 8d 1c d8 48 b8 00 00 00 00 00 fc ff df 48 89 da 48 c1 ea 03 <80> 3c 02 00 75 42 8b 4d d4 48 c7 c7 ff ff ff ff f7 d9 48 d3 ef 48
[   19.884549] RSP: 0018:ff11000014b4f488 EFLAGS: 00010206
[   19.884873] RAX: dffffc0000000000 RBX: 0000000000000030 RCX: ffffffff8324fe06
[   19.885311] RDX: 0000000000000006 RSI: ffffffff8324fe10 RDI: 0000000000000005
[   19.885746] RBP: ff11000014b4f4c0 R08: 0000000000000001 R09: ffe21c0002969e7b
[   19.886192] R10: 0000000000000002 R11: 0000000000000000 R12: 0000000000000000
[   19.886630] R13: 0000000000000002 R14: 0000000000000030 R15: ff110000229b1c80
[   19.887069] FS:  00007f0bbbba3740(0000) GS:ff110000e35b5000(0000) knlGS:0000000000000000
[   19.887573] CS:  0010 DS: 0000 ES: 0000 CR0: 0000000080050033
[   19.887932] CR2: 0000000020000b00 CR3: 00000000228c2003 CR4: 0000000000771ef0
[   19.888382] PKRU: 55555554
[   19.888561] Call Trace:
[   19.888723]  <TASK>
[   19.888868]  dev_energymodel_nl_get_perf_domains_doit+0x140/0x4b0
[   19.889265]  genl_family_rcv_msg_doit+0x23d/0x330
[   19.889578]  ? __pfx_genl_family_rcv_msg_doit+0x10/0x10
[   19.889914]  ? genl_get_cmd+0x1c9/0x630
[   19.890174]  genl_rcv_msg+0x580/0x840
[   19.890416]  ? __pfx_genl_rcv_msg+0x10/0x10
[   19.890689]  ? __pfx_dev_energymodel_nl_get_perf_domains_doit+0x10/0x10
[   19.891101]  netlink_rcv_skb+0x174/0x450
[   19.891370]  ? __pfx_genl_rcv_msg+0x10/0x10
[   19.891640]  ? __pfx_netlink_rcv_skb+0x10/0x10
[   19.891938]  ? netlink_deliver_tap+0x1b9/0xca0
[   19.892239]  genl_rcv+0x32/0x50
[   19.892458]  netlink_unicast+0x7e2/0xc80
[   19.892723]  ? __pfx_netlink_unicast+0x10/0x10
[   19.893017]  ? __virt_addr_valid+0x10a/0x5f0
[   19.893304]  ? __check_object_size+0x3c/0x9b0
[   19.893596]  netlink_sendmsg+0x957/0xe80
[   19.893850]  ? __pfx_netlink_sendmsg+0x10/0x10
[   19.894142]  ? __import_iovec+0x1df/0x660
[   19.894409]  ? __might_fault+0xe0/0x1b0
[   19.894660]  ? __pfx_netlink_sendmsg+0x10/0x10
[   19.894951]  ____sys_sendmsg+0xaa3/0xc70
[   19.895221]  ? __pfx_____sys_sendmsg+0x10/0x10
[   19.895512]  ? __pfx_set_ptes.constprop.0+0x10/0x10
[   19.895829]  ? lock_release+0x1ea/0x2a0
[   19.896090]  ___sys_sendmsg+0x121/0x1c0
[   19.896353]  ? do_anonymous_page+0x4c0/0x1a30
[   19.896641]  ? __pfx____sys_sendmsg+0x10/0x10
[   19.896930]  ? __handle_mm_fault+0x656/0x2d60
[   19.897226]  ? __sanitizer_cov_trace_const_cmp4+0x1a/0x20
[   19.897569]  ? css_rstat_updated+0x1d8/0x5d0
[   19.897852]  ? __pfx_css_rstat_updated+0x10/0x10
[   19.898167]  ? debug_smp_processor_id+0x20/0x30
[   19.898456]  ? rcu_is_watching+0x19/0xc0
[   19.898717]  __sys_sendmsg+0x177/0x220
[   19.898958]  ? __pfx___sys_sendmsg+0x10/0x10
[   19.899246]  ? rcu_is_watching+0x19/0xc0
[   19.899513]  ? seqcount_lockdep_reader_access.constprop.0+0xb4/0xd0
[   19.899929]  ? __audit_syscall_entry+0x393/0x4f0
[   19.900242]  __x64_sys_sendmsg+0x80/0xc0
[   19.900496]  ? syscall_trace_enter+0x14d/0x240
[   19.900785]  x64_sys_call+0x1d98/0x21b0
[   19.901043]  do_syscall_64+0x6d/0x1180
[   19.901299]  entry_SYSCALL_64_after_hwframe+0x76/0x7e
[   19.901620] RIP: 0033:0x7f0bbb83ee5d
[   19.901853] Code: ff c3 66 2e 0f 1f 84 00 00 00 00 00 90 f3 0f 1e fa 48 89 f8 48 89 f7 48 89 d6 48 89 ca 4d 89 c2 4d 89 c8 4c 8b 4c 24 08 0f 05 <48> 3d 01 f0 ff ff 73 01 c3 48 8b 0d 93 af 1b 00 f7 d8 64 89 01 48
[   19.902993] RSP: 002b:00007ffdd5009908 EFLAGS: 00000246 ORIG_RAX: 000000000000002e
[   19.903472] RAX: ffffffffffffffda RBX: 0000000000000000 RCX: 00007f0bbb83ee5d
[   19.903928] RDX: 0000000000000004 RSI: 0000000020000b00 RDI: 0000000000000003
[   19.904375] RBP: 00007ffdd5009920 R08: 00007ffdd5009920 R09: 00007ffdd5009920
[   19.904818] R10: 00007ffdd5009390 R11: 0000000000000246 R12: 00007ffdd5009a78
[   19.905264] R13: 0000000000401829 R14: 0000000000403e08 R15: 00007f0bbbbf0000
[   19.905715]  </TASK>
[   19.905858] Modules linked in:
[   19.906149] ---[ end trace 0000000000000000 ]---
[   19.906449] RIP: 0010:__bitmap_weight+0xb9/0x110
[   19.906741] Code: 89 ee e8 3a cb 64 fe 45 85 ed 74 3e e8 30 d1 64 fe 48 8b 45 c8 48 8d 1c d8 48 b8 00 00 00 00 00 fc ff df 48 89 da 48 c1 ea 03 <80> 3c 02 00 75 42 8b 4d d4 48 c7 c7 ff ff ff ff f7 d9 48 d3 ef 48
[   19.907899] RSP: 0018:ff110000151ef488 EFLAGS: 00010206
[   19.908228] RAX: dffffc0000000000 RBX: 0000000000000030 RCX: ffffffff8324fe06
[   19.908662] RDX: 0000000000000006 RSI: ffffffff8324fe10 RDI: 0000000000000005
[   19.909105] RBP: ff110000151ef4c0 R08: 0000000000000001 R09: ffe21c0002a3de7b
[   19.909545] R10: 0000000000000002 R11: 0000000000000000 R12: 0000000000000000
[   19.909988] R13: 0000000000000002 R14: 0000000000000030 R15: ff1100001e531a00
[   19.910429] FS:  00007f0bbbba3740(0000) GS:ff110000e35b5000(0000) knlGS:0000000000000000
[   19.910915] CS:  0010 DS: 0000 ES: 0000 CR0: 0000000080050033
[   19.911291] CR2: 0000000020000b00 CR3: 00000000228c2003 CR4: 0000000000771ef0
[   19.911746] PKRU: 55555554
[   19.914506] Oops: general protection fault, probably for non-canonical address 0xdffffc0000000006: 0000 [#6] SMP KASAN NOPTI
[   19.915277] KASAN: null-ptr-deref in range [0x0000000000000030-0x0000000000000037]
[   19.915773] CPU: 1 UID: 0 PID: 715 Comm: repro Tainted: G      D             6.19.0-rc7-v6.19-rc7 #1 PREEMPT(voluntary) 
[   19.916457] Tainted: [D]=DIE
[   19.916657] Hardware name: QEMU Standard PC (i440FX + PIIX, 1996), BIOS rel-1.16.3-0-ga6ed6b701f0a-prebuilt.qemu.org 04/01/2014
[   19.917363] RIP: 0010:__bitmap_weight+0xb9/0x110
[   19.917672] Code: 89 ee e8 3a cb 64 fe 45 85 ed 74 3e e8 30 d1 64 fe 48 8b 45 c8 48 8d 1c d8 48 b8 00 00 00 00 00 fc ff df 48 89 da 48 c1 ea 03 <80> 3c 02 00 75 42 8b 4d d4 48 c7 c7 ff ff ff ff f7 d9 48 d3 ef 48
[   19.918803] RSP: 0018:ff1100001217f488 EFLAGS: 00010206
[   19.919152] RAX: dffffc0000000000 RBX: 0000000000000030 RCX: ffffffff8324fe06
[   19.919598] RDX: 0000000000000006 RSI: ffffffff8324fe10 RDI: 0000000000000005
[   19.920044] RBP: ff1100001217f4c0 R08: 0000000000000001 R09: ffe21c000242fe7b
[   19.920511] R10: 0000000000000002 R11: 0000000000000000 R12: 0000000000000000
[   19.920956] R13: 0000000000000002 R14: 0000000000000030 R15: ff110000229b1b40
[   19.921416] FS:  00007f0bbbba3740(0000) GS:ff110000e35b5000(0000) knlGS:0000000000000000
[   19.921917] CS:  0010 DS: 0000 ES: 0000 CR0: 0000000080050033
[   19.922292] CR2: 0000000020000b00 CR3: 000000002065b005 CR4: 0000000000771ef0
[   19.922738] PKRU: 55555554
[   19.922917] Call Trace:
[   19.923079]  <TASK>
[   19.923231]  dev_energymodel_nl_get_perf_domains_doit+0x140/0x4b0
[   19.923625]  genl_family_rcv_msg_doit+0x23d/0x330
[   19.923927]  ? __pfx_genl_family_rcv_msg_doit+0x10/0x10
[   19.924265]  ? genl_get_cmd+0x1c9/0x630
[   19.924521]  genl_rcv_msg+0x580/0x840
[   19.924768]  ? __pfx_genl_rcv_msg+0x10/0x10
[   19.925040]  ? __pfx_dev_energymodel_nl_get_perf_domains_doit+0x10/0x10
[   19.925471]  netlink_rcv_skb+0x174/0x450
[   19.925727]  ? __pfx_genl_rcv_msg+0x10/0x10
[   19.926014]  ? __pfx_netlink_rcv_skb+0x10/0x10
[   19.926319]  ? netlink_deliver_tap+0x1b9/0xca0
[   19.926610]  genl_rcv+0x32/0x50
[   19.926816]  netlink_unicast+0x7e2/0xc80
[   19.927075]  ? __pfx_netlink_unicast+0x10/0x10
[   19.927370]  ? __virt_addr_valid+0x10a/0x5f0
[   19.927652]  ? __check_object_size+0x3c/0x9b0
[   19.927945]  netlink_sendmsg+0x957/0xe80
[   19.928215]  ? __pfx_netlink_sendmsg+0x10/0x10
[   19.928505]  ? __import_iovec+0x1df/0x660
[   19.928774]  ? __might_fault+0xe0/0x1b0
[   19.929031]  ? __pfx_netlink_sendmsg+0x10/0x10
[   19.929335]  ____sys_sendmsg+0xaa3/0xc70
[   19.929603]  ? __pfx_____sys_sendmsg+0x10/0x10
[   19.929897]  ? __pfx_set_ptes.constprop.0+0x10/0x10
[   19.930230]  ? lock_release+0x1ea/0x2a0
[   19.930491]  ___sys_sendmsg+0x121/0x1c0
[   19.930748]  ? do_anonymous_page+0x4c0/0x1a30
[   19.931036]  ? __pfx____sys_sendmsg+0x10/0x10
[   19.931341]  ? __handle_mm_fault+0x656/0x2d60
[   19.931631]  ? __sanitizer_cov_trace_const_cmp4+0x1a/0x20
[   19.931978]  ? css_rstat_updated+0x1d8/0x5d0
[   19.932307]  ? __pfx_css_rstat_updated+0x10/0x10
[   19.932616]  ? debug_smp_processor_id+0x20/0x30
[   19.932912]  ? rcu_is_watching+0x19/0xc0
[   19.933183]  __sys_sendmsg+0x177/0x220
[   19.933434]  ? __pfx___sys_sendmsg+0x10/0x10
[   19.933715]  ? rcu_is_watching+0x19/0xc0
[   19.933968]  ? seqcount_lockdep_reader_access.constprop.0+0xb4/0xd0
[   19.934390]  ? __audit_syscall_entry+0x393/0x4f0
[   19.934697]  __x64_sys_sendmsg+0x80/0xc0
[   19.934954]  ? syscall_trace_enter+0x14d/0x240
[   19.935263]  x64_sys_call+0x1d98/0x21b0
[   19.935520]  do_syscall_64+0x6d/0x1180
[   19.935773]  entry_SYSCALL_64_after_hwframe+0x76/0x7e
[   19.936099] RIP: 0033:0x7f0bbb83ee5d
[   19.936345] Code: ff c3 66 2e 0f 1f 84 00 00 00 00 00 90 f3 0f 1e fa 48 89 f8 48 89 f7 48 89 d6 48 89 ca 4d 89 c2 4d 89 c8 4c 8b 4c 24 08 0f 05 <48> 3d 01 f0 ff ff 73 01 c3 48 8b 0d 93 af 1b 00 f7 d8 64 89 01 48
[   19.937474] RSP: 002b:00007ffdd5009908 EFLAGS: 00000246 ORIG_RAX: 000000000000002e
[   19.937946] RAX: ffffffffffffffda RBX: 0000000000000000 RCX: 00007f0bbb83ee5d
[   19.938393] RDX: 0000000000000004 RSI: 0000000020000b00 RDI: 0000000000000003
[   19.938825] RBP: 00007ffdd5009920 R08: 00007ffdd5009920 R09: 00007ffdd5009920
[   19.939286] R10: 00007ffdd5009390 R11: 0000000000000246 R12: 00007ffdd5009a78
[   19.939726] R13: 0000000000401829 R14: 0000000000403e08 R15: 00007f0bbbbf0000
[   19.940201]  </TASK>
[   19.940351] Modules linked in:
[   19.940617] ---[ end trace 0000000000000000 ]---
[   19.940914] RIP: 0010:__bitmap_weight+0xb9/0x110
[   19.941216] Code: 89 ee e8 3a cb 64 fe 45 85 ed 74 3e e8 30 d1 64 fe 48 8b 45 c8 48 8d 1c d8 48 b8 00 00 00 00 00 fc ff df 48 89 da 48 c1 ea 03 <80> 3c 02 00 75 42 8b 4d d4 48 c7 c7 ff ff ff ff f7 d9 48 d3 ef 48
[   19.942347] RSP: 0018:ff110000151ef488 EFLAGS: 00010206
[   19.942683] RAX: dffffc0000000000 RBX: 0000000000000030 RCX: ffffffff8324fe06
[   19.943136] RDX: 0000000000000006 RSI: ffffffff8324fe10 RDI: 0000000000000005
[   19.943596] RBP: ff110000151ef4c0 R08: 0000000000000001 R09: ffe21c0002a3de7b
[   19.944057] R10: 0000000000000002 R11: 0000000000000000 R12: 0000000000000000
[   19.944511] R13: 0000000000000002 R14: 0000000000000030 R15: ff1100001e531a00
[   19.944945] FS:  00007f0bbbba3740(0000) GS:ff110000e35b5000(0000) knlGS:0000000000000000
[   19.945457] CS:  0010 DS: 0000 ES: 0000 CR0: 0000000080050033
[   19.945825] CR2: 0000000020000b00 CR3: 000000002065b005 CR4: 0000000000771ef0
[   19.946285] PKRU: 55555554
[   19.948314] Oops: general protection fault, probably for non-canonical address 0xdffffc0000000006: 0000 [#7] SMP KASAN NOPTI
[   19.949070] KASAN: null-ptr-deref in range [0x0000000000000030-0x0000000000000037]
[   19.949562] CPU: 0 UID: 0 PID: 716 Comm: repro Tainted: G      D             6.19.0-rc7-v6.19-rc7 #1 PREEMPT(voluntary) 
[   19.950245] Tainted: [D]=DIE
[   19.950430] Hardware name: QEMU Standard PC (i440FX + PIIX, 1996), BIOS rel-1.16.3-0-ga6ed6b701f0a-prebuilt.qemu.org 04/01/2014
[   19.951140] RIP: 0010:__bitmap_weight+0xb9/0x110
[   19.951443] Code: 89 ee e8 3a cb 64 fe 45 85 ed 74 3e e8 30 d1 64 fe 48 8b 45 c8 48 8d 1c d8 48 b8 00 00 00 00 00 fc ff df 48 89 da 48 c1 ea 03 <80> 3c 02 00 75 42 8b 4d d4 48 c7 c7 ff ff ff ff f7 d9 48 d3 ef 48
[   19.952592] RSP: 0018:ff1100001a2b7488 EFLAGS: 00010206
[   19.952919] RAX: dffffc0000000000 RBX: 0000000000000030 RCX: ffffffff8324fe06
[   19.953365] RDX: 0000000000000006 RSI: ffffffff8324fe10 RDI: 0000000000000005
[   19.953808] RBP: ff1100001a2b74c0 R08: 0000000000000001 R09: ffe21c0003456e7b
[   19.954266] R10: 0000000000000002 R11: 0000000000000000 R12: 0000000000000000
[   19.954706] R13: 0000000000000002 R14: 0000000000000030 R15: ff1100001e531b40
[   19.955163] FS:  00007f0bbbba3740(0000) GS:ff110000e34b5000(0000) knlGS:0000000000000000
[   19.955666] CS:  0010 DS: 0000 ES: 0000 CR0: 0000000080050033
[   19.956026] CR2: 0000000020000b00 CR3: 000000002289f006 CR4: 0000000000771ef0
[   19.956486] PKRU: 55555554
[   19.956664] Call Trace:
[   19.956824]  <TASK>
[   19.956968]  dev_energymodel_nl_get_perf_domains_doit+0x140/0x4b0
[   19.957373]  genl_family_rcv_msg_doit+0x23d/0x330
[   19.957683]  ? __pfx_genl_family_rcv_msg_doit+0x10/0x10
[   19.958013]  ? genl_get_cmd+0x1c9/0x630
[   19.958285]  genl_rcv_msg+0x580/0x840
[   19.958523]  ? __pfx_genl_rcv_msg+0x10/0x10
[   19.958795]  ? __pfx_dev_energymodel_nl_get_perf_domains_doit+0x10/0x10
[   19.959240]  netlink_rcv_skb+0x174/0x450
[   19.959494]  ? __pfx_genl_rcv_msg+0x10/0x10
[   19.959766]  ? __pfx_netlink_rcv_skb+0x10/0x10
[   19.960065]  ? netlink_deliver_tap+0x1b9/0xca0
[   19.960376]  genl_rcv+0x32/0x50
[   19.960591]  netlink_unicast+0x7e2/0xc80
[   19.960839]  ? __pfx_netlink_unicast+0x10/0x10
[   19.961137]  ? __virt_addr_valid+0x10a/0x5f0
[   19.961418]  ? __check_object_size+0x3c/0x9b0
[   19.961712]  netlink_sendmsg+0x957/0xe80
[   19.961967]  ? __pfx_netlink_sendmsg+0x10/0x10
[   19.962268]  ? __import_iovec+0x1df/0x660
[   19.962533]  ? __might_fault+0xe0/0x1b0
[   19.962795]  ? __pfx_netlink_sendmsg+0x10/0x10
[   19.963078]  ____sys_sendmsg+0xaa3/0xc70
[   19.963351]  ? __pfx_____sys_sendmsg+0x10/0x10
[   19.963655]  ? __pfx_set_ptes.constprop.0+0x10/0x10
[   19.963984]  ? lock_release+0x1ea/0x2a0
[   19.964248]  ___sys_sendmsg+0x121/0x1c0
[   19.964490]  ? do_anonymous_page+0x4c0/0x1a30
[   19.964785]  ? __pfx____sys_sendmsg+0x10/0x10
[   19.965080]  ? __handle_mm_fault+0x656/0x2d60
[   19.965384]  ? __sanitizer_cov_trace_const_cmp4+0x1a/0x20
[   19.965729]  ? css_rstat_updated+0x1d8/0x5d0
[   19.966016]  ? __pfx_css_rstat_updated+0x10/0x10
[   19.966325]  ? debug_smp_processor_id+0x20/0x30
[   19.966619]  ? rcu_is_watching+0x19/0xc0
[   19.966879]  __sys_sendmsg+0x177/0x220
[   19.967130]  ? __pfx___sys_sendmsg+0x10/0x10
[   19.967401]  ? rcu_is_watching+0x19/0xc0
[   19.967644]  ? seqcount_lockdep_reader_access.constprop.0+0xb4/0xd0
[   19.968052]  ? __audit_syscall_entry+0x393/0x4f0
[   19.968372]  __x64_sys_sendmsg+0x80/0xc0
[   19.968629]  ? syscall_trace_enter+0x14d/0x240
[   19.968923]  x64_sys_call+0x1d98/0x21b0
[   19.969188]  do_syscall_64+0x6d/0x1180
[   19.969441]  entry_SYSCALL_64_after_hwframe+0x76/0x7e
[   19.969770] RIP: 0033:0x7f0bbb83ee5d
[   19.970007] Code: ff c3 66 2e 0f 1f 84 00 00 00 00 00 90 f3 0f 1e fa 48 89 f8 48 89 f7 48 89 d6 48 89 ca 4d 89 c2 4d 89 c8 4c 8b 4c 24 08 0f 05 <48> 3d 01 f0 ff ff 73 01 c3 48 8b 0d 93 af 1b 00 f7 d8 64 89 01 48
[   19.971172] RSP: 002b:00007ffdd5009908 EFLAGS: 00000246 ORIG_RAX: 000000000000002e
[   19.971634] RAX: ffffffffffffffda RBX: 0000000000000000 RCX: 00007f0bbb83ee5d
[   19.972075] RDX: 0000000000000004 RSI: 0000000020000b00 RDI: 0000000000000003
[   19.972518] RBP: 00007ffdd5009920 R08: 00007ffdd5009920 R09: 00007ffdd5009920
[   19.972959] R10: 00007ffdd5009390 R11: 0000000000000246 R12: 00007ffdd5009a78
[   19.973400] R13: 0000000000401829 R14: 0000000000403e08 R15: 00007f0bbbbf0000
[   19.973846]  </TASK>
[   19.973995] Modules linked in:
[   19.974268] ---[ end trace 0000000000000000 ]---
[   19.974567] RIP: 0010:__bitmap_weight+0xb9/0x110
[   19.974875] Code: 89 ee e8 3a cb 64 fe 45 85 ed 74 3e e8 30 d1 64 fe 48 8b 45 c8 48 8d 1c d8 48 b8 00 00 00 00 00 fc ff df 48 89 da 48 c1 ea 03 <80> 3c 02 00 75 42 8b 4d d4 48 c7 c7 ff ff ff ff f7 d9 48 d3 ef 48
[   19.976054] RSP: 0018:ff110000151ef488 EFLAGS: 00010206
[   19.976402] RAX: dffffc0000000000 RBX: 0000000000000030 RCX: ffffffff8324fe06
[   19.976846] RDX: 0000000000000006 RSI: ffffffff8324fe10 RDI: 0000000000000005
[   19.977297] RBP: ff110000151ef4c0 R08: 0000000000000001 R09: ffe21c0002a3de7b
[   19.977742] R10: 0000000000000002 R11: 0000000000000000 R12: 0000000000000000
[   19.978199] R13: 0000000000000002 R14: 0000000000000030 R15: ff1100001e531a00
[   19.978646] FS:  00007f0bbbba3740(0000) GS:ff110000e34b5000(0000) knlGS:0000000000000000
[   19.979157] CS:  0010 DS: 0000 ES: 0000 CR0: 0000000080050033
[   19.979523] CR2: 0000000020000b00 CR3: 000000002289f006 CR4: 0000000000771ef0
[   19.979985] PKRU: 55555554
[   19.982252] Oops: general protection fault, probably for non-canonical address 0xdffffc0000000006: 0000 [#8] SMP KASAN NOPTI
[   19.983023] KASAN: null-ptr-deref in range [0x0000000000000030-0x0000000000000037]
[   19.983525] CPU: 0 UID: 0 PID: 717 Comm: repro Tainted: G      D             6.19.0-rc7-v6.19-rc7 #1 PREEMPT(voluntary) 
[   19.984216] Tainted: [D]=DIE
[   19.984411] Hardware name: QEMU Standard PC (i440FX + PIIX, 1996), BIOS rel-1.16.3-0-ga6ed6b701f0a-prebuilt.qemu.org 04/01/2014
[   19.985114] RIP: 0010:__bitmap_weight+0xb9/0x110
[   19.985416] Code: 89 ee e8 3a cb 64 fe 45 85 ed 74 3e e8 30 d1 64 fe 48 8b 45 c8 48 8d 1c d8 48 b8 00 00 00 00 00 fc ff df 48 89 da 48 c1 ea 03 <80> 3c 02 00 75 42 8b 4d d4 48 c7 c7 ff ff ff ff f7 d9 48 d3 ef 48
[   19.986555] RSP: 0018:ff110000150e7488 EFLAGS: 00010206
[   19.986888] RAX: dffffc0000000000 RBX: 0000000000000030 RCX: ffffffff8324fe06
[   19.987331] RDX: 0000000000000006 RSI: ffffffff8324fe10 RDI: 0000000000000005
[   19.987773] RBP: ff110000150e74c0 R08: 0000000000000001 R09: ffe21c0002a1ce7b
[   19.988221] R10: 0000000000000002 R11: 0000000000000000 R12: 0000000000000000
[   19.989069] R13: 0000000000000002 R14: 0000000000000030 R15: ff1100001e531c80
[   19.989550] FS:  00007f0bbbba3740(0000) GS:ff110000e34b5000(0000) knlGS:0000000000000000
[   19.990057] CS:  0010 DS: 0000 ES: 0000 CR0: 0000000080050033
[   19.990434] CR2: 0000000020000b00 CR3: 000000002065b002 CR4: 0000000000771ef0
[   19.990887] PKRU: 55555554
[   19.991065] Call Trace:
[   19.991238]  <TASK>
[   19.991388]  dev_energymodel_nl_get_perf_domains_doit+0x140/0x4b0
[   19.991791]  genl_family_rcv_msg_doit+0x23d/0x330
[   19.992102]  ? __pfx_genl_family_rcv_msg_doit+0x10/0x10
[   19.992456]  ? genl_get_cmd+0x1c9/0x630
[   19.992727]  genl_rcv_msg+0x580/0x840
[   19.992970]  ? __pfx_genl_rcv_msg+0x10/0x10
[   19.993260]  ? ___slab_alloc+0x2f5/0x16a0
[   19.993536]  ? __pfx_dev_energymodel_nl_get_perf_domains_doit+0x10/0x10
[   19.993961]  netlink_rcv_skb+0x174/0x450
[   19.994225]  ? __pfx_genl_rcv_msg+0x10/0x10
[   19.994499]  ? __pfx_netlink_rcv_skb+0x10/0x10
[   19.994802]  ? netlink_deliver_tap+0x1b9/0xca0
[   19.995101]  genl_rcv+0x32/0x50
[   19.995318]  netlink_unicast+0x7e2/0xc80
[   19.995589]  ? __pfx_netlink_unicast+0x10/0x10
[   19.995891]  ? __virt_addr_valid+0x10a/0x5f0
[   19.996186]  ? __check_object_size+0x3c/0x9b0
[   19.996485]  netlink_sendmsg+0x957/0xe80
[   19.996744]  ? __pfx_netlink_sendmsg+0x10/0x10
[   19.997023]  ? __import_iovec+0x1df/0x660
[   19.997300]  ? __might_fault+0xe0/0x1b0
[   19.997551]  ? __pfx_netlink_sendmsg+0x10/0x10
[   19.997841]  ____sys_sendmsg+0xaa3/0xc70
[   19.998101]  ? __pfx_____sys_sendmsg+0x10/0x10
[   19.998409]  ? __pfx_set_ptes.constprop.0+0x10/0x10
[   19.998727]  ? lock_release+0x1ea/0x2a0
[   19.998986]  ___sys_sendmsg+0x121/0x1c0
[   19.999250]  ? do_anonymous_page+0x4c0/0x1a30
[   19.999536]  ? __pfx____sys_sendmsg+0x10/0x10
[   19.999813]  ? __handle_mm_fault+0x656/0x2d60
[   20.000108]  ? __sanitizer_cov_trace_const_cmp4+0x1a/0x20
[   20.000470]  ? css_rstat_updated+0x1d8/0x5d0
[   20.000749]  ? __pfx_css_rstat_updated+0x10/0x10
[   20.001044]  ? debug_smp_processor_id+0x20/0x30
[   20.001348]  ? rcu_is_watching+0x19/0xc0
[   20.001610]  __sys_sendmsg+0x177/0x220
[   20.001858]  ? __pfx___sys_sendmsg+0x10/0x10
[   20.002154]  ? rcu_is_watching+0x19/0xc0
[   20.002415]  ? seqcount_lockdep_reader_access.constprop.0+0xb4/0xd0
[   20.002815]  ? __audit_syscall_entry+0x393/0x4f0
[   20.003129]  __x64_sys_sendmsg+0x80/0xc0
[   20.003393]  ? syscall_trace_enter+0x14d/0x240
[   20.003693]  x64_sys_call+0x1d98/0x21b0
[   20.003945]  do_syscall_64+0x6d/0x1180
[   20.004206]  entry_SYSCALL_64_after_hwframe+0x76/0x7e
[   20.004540] RIP: 0033:0x7f0bbb83ee5d
[   20.004777] Code: ff c3 66 2e 0f 1f 84 00 00 00 00 00 90 f3 0f 1e fa 48 89 f8 48 89 f7 48 89 d6 48 89 ca 4d 89 c2 4d 89 c8 4c 8b 4c 24 08 0f 05 <48> 3d 01 f0 ff ff 73 01 c3 48 8b 0d 93 af 1b 00 f7 d8 64 89 01 48
[   20.005939] RSP: 002b:00007ffdd5009908 EFLAGS: 00000246 ORIG_RAX: 000000000000002e
[   20.006426] RAX: ffffffffffffffda RBX: 0000000000000000 RCX: 00007f0bbb83ee5d
[   20.006864] RDX: 0000000000000004 RSI: 0000000020000b00 RDI: 0000000000000003
[   20.007311] RBP: 00007ffdd5009920 R08: 00007ffdd5009920 R09: 00007ffdd5009920
[   20.007763] R10: 00007ffdd5009390 R11: 0000000000000246 R12: 00007ffdd5009a78
[   20.008212] R13: 0000000000401829 R14: 0000000000403e08 R15: 00007f0bbbbf0000
[   20.008669]  </TASK>
[   20.008811] Modules linked in:
[   20.009136] ---[ end trace 0000000000000000 ]---
[   20.009441] RIP: 0010:__bitmap_weight+0xb9/0x110
[   20.009746] Code: 89 ee e8 3a cb 64 fe 45 85 ed 74 3e e8 30 d1 64 fe 48 8b 45 c8 48 8d 1c d8 48 b8 00 00 00 00 00 fc ff df 48 89 da 48 c1 ea 03 <80> 3c 02 00 75 42 8b 4d d4 48 c7 c7 ff ff ff ff f7 d9 48 d3 ef 48
[   20.010869] RSP: 0018:ff110000151ef488 EFLAGS: 00010206
[   20.011215] RAX: dffffc0000000000 RBX: 0000000000000030 RCX: ffffffff8324fe06
[   20.011679] RDX: 0000000000000006 RSI: ffffffff8324fe10 RDI: 0000000000000005
[   20.012135] RBP: ff110000151ef4c0 R08: 0000000000000001 R09: ffe21c0002a3de7b
[   20.012575] R10: 0000000000000002 R11: 0000000000000000 R12: 0000000000000000
[   20.013014] R13: 0000000000000002 R14: 0000000000000030 R15: ff1100001e531a00
[   20.013480] FS:  00007f0bbbba3740(0000) GS:ff110000e34b5000(0000) knlGS:0000000000000000
[   20.013967] CS:  0010 DS: 0000 ES: 0000 CR0: 0000000080050033
[   20.014345] CR2: 0000000020000b00 CR3: 000000002065b002 CR4: 0000000000771ef0
[   20.014797] PKRU: 55555554
[   20.017234] Oops: general protection fault, probably for non-canonical address 0xdffffc0000000006: 0000 [#9] SMP KASAN NOPTI
[   20.017996] KASAN: null-ptr-deref in range [0x0000000000000030-0x0000000000000037]
[   20.018495] CPU: 1 UID: 0 PID: 718 Comm: repro Tainted: G      D             6.19.0-rc7-v6.19-rc7 #1 PREEMPT(voluntary) 
[   20.019176] Tainted: [D]=DIE
[   20.019370] Hardware name: QEMU Standard PC (i440FX + PIIX, 1996), BIOS rel-1.16.3-0-ga6ed6b701f0a-prebuilt.qemu.org 04/01/2014
[   20.020079] RIP: 0010:__bitmap_weight+0xb9/0x110
