c[?7l[2J[0mSeaBIOS (version rel-1.16.3-0-ga6ed6b701f0a-prebuilt.qemu.org)


iPXE (http://ipxe.org) 00:03.0 CA00 PCI2.10 PnP PMM+7EFD0D60+7EF30D60 CA00
Press Ctrl-B to configure iPXE (PCI 00:03.0)...                                                                               


Booting from ROM..c[?7l[2J[    0.000000] Linux version 6.19.0-rc7-v6.19-rc7-380ff27af25e-r-dirty (root@gnr-800442) (gcc (GCC) 11.5.0 20240719 (Red Hat 11.5.0-14), GNU ld version 2.35.2-66.el9) #1 SMP PREEMPT_DYNAMIC Tue Jan 27 18:50:49 CST 2026
[    0.000000] Command line: console=ttyS0 root=/dev/sda earlyprintk=serial net.ifnames=0 thunderbolt.dyndbg
[    0.000000] KERNEL supported cpus:
[    0.000000]   Intel GenuineIntel
[    0.000000]   AMD AuthenticAMD
[    0.000000]   Hygon HygonGenuine
[    0.000000]   Centaur CentaurHauls
[    0.000000]   zhaoxin   Shanghai  
[    0.000000] x86/CPU: Model not found in latest microcode list
[    0.000000] x86/split lock detection: #DB: warning on user-space bus_locks
[    0.000000] BIOS-provided physical RAM map:
[    0.000000] BIOS-e820: [mem 0x0000000000000000-0x000000000009fbff] usable
[    0.000000] BIOS-e820: [mem 0x000000000009fc00-0x000000000009ffff] reserved
[    0.000000] BIOS-e820: [mem 0x00000000000f0000-0x00000000000fffff] reserved
[    0.000000] BIOS-e820: [mem 0x0000000000100000-0x000000007ffdffff] usable
[    0.000000] BIOS-e820: [mem 0x000000007ffe0000-0x000000007fffffff] reserved
[    0.000000] BIOS-e820: [mem 0x00000000feffc000-0x00000000feffffff] reserved
[    0.000000] BIOS-e820: [mem 0x00000000fffc0000-0x00000000ffffffff] reserved
[    0.000000] printk: legacy bootconsole [earlyser0] enabled
[    0.000000] NX (Execute Disable) protection: active
[    0.000000] APIC: Static calls initialized
[    0.000000] SMBIOS 3.0.0 present.
[    0.000000] DMI: QEMU Standard PC (i440FX + PIIX, 1996), BIOS rel-1.16.3-0-ga6ed6b701f0a-prebuilt.qemu.org 04/01/2014
[    0.000000] DMI: Memory slots populated: 1/1
[    0.000000] Hypervisor detected: KVM
[    0.000000] last_pfn = 0x7ffe0 max_arch_pfn = 0x10000000000
[    0.000000] kvm-clock: Using msrs 4b564d01 and 4b564d00
[    0.000003] kvm-clock: using sched offset of 707984224 cycles
[    0.000454] clocksource: kvm-clock: mask: 0xffffffffffffffff max_cycles: 0x1cd42e4dffb, max_idle_ns: 881590591483 ns
[    0.001870] tsc: Detected 2500.000 MHz processor
[    0.009786] last_pfn = 0x7ffe0 max_arch_pfn = 0x10000000000
[    0.010289] MTRR map: 4 entries (3 fixed + 1 variable; max 19), built from 8 variable MTRRs
[    0.011031] x86/PAT: Configuration [0-7]: WB  WC  UC- UC  WB  WP  UC- WT  
[    0.016459] found SMP MP-table at [mem 0x000f5480-0x000f548f]
[    0.017006] Using GB pages for direct mapping
[    0.019418] ACPI: Early table checksum verification disabled
[    0.019944] ACPI: RSDP 0x00000000000F52A0 000014 (v00 BOCHS )
[    0.020468] ACPI: RSDT 0x000000007FFE1C9B 000034 (v01 BOCHS  BXPC     00000001 BXPC 00000001)
[    0.021231] ACPI: FACP 0x000000007FFE1B47 000074 (v01 BOCHS  BXPC     00000001 BXPC 00000001)
[    0.022001] ACPI: DSDT 0x000000007FFE0040 001B07 (v01 BOCHS  BXPC     00000001 BXPC 00000001)
[    0.022766] ACPI: FACS 0x000000007FFE0000 000040
[    0.023186] ACPI: APIC 0x000000007FFE1BBB 000080 (v03 BOCHS  BXPC     00000001 BXPC 00000001)
[    0.023950] ACPI: HPET 0x000000007FFE1C3B 000038 (v01 BOCHS  BXPC     00000001 BXPC 00000001)
[    0.024698] ACPI: WAET 0x000000007FFE1C73 000028 (v01 BOCHS  BXPC     00000001 BXPC 00000001)
[    0.025448] ACPI: Reserving FACP table memory at [mem 0x7ffe1b47-0x7ffe1bba]
[    0.026078] ACPI: Reserving DSDT table memory at [mem 0x7ffe0040-0x7ffe1b46]
[    0.026699] ACPI: Reserving FACS table memory at [mem 0x7ffe0000-0x7ffe003f]
[    0.027331] ACPI: Reserving APIC table memory at [mem 0x7ffe1bbb-0x7ffe1c3a]
[    0.027959] ACPI: Reserving HPET table memory at [mem 0x7ffe1c3b-0x7ffe1c72]
[    0.028574] ACPI: Reserving WAET table memory at [mem 0x7ffe1c73-0x7ffe1c9a]
[    0.029783] No NUMA configuration found
[    0.030132] Faking a node at [mem 0x0000000000000000-0x000000007ffdffff]
[    0.030762] NODE_DATA(0) allocated [mem 0x7ffb4ec0-0x7ffdfcbf]
[    0.032514] Zone ranges:
[    0.032803]   DMA      [mem 0x0000000000001000-0x0000000000ffffff]
[    0.033351]   DMA32    [mem 0x0000000001000000-0x000000007ffdffff]
[    0.033892]   Normal   empty
[    0.034142]   Device   empty
[    0.034390] Movable zone start for each node
[    0.034778] Early memory node ranges
[    0.035085]   node   0: [mem 0x0000000000001000-0x000000000009efff]
[    0.035614]   node   0: [mem 0x0000000000100000-0x000000007ffdffff]
[    0.036157] Initmem setup node 0 [mem 0x0000000000001000-0x000000007ffdffff]
[    0.037173] On node 0, zone DMA: 1 pages in unavailable ranges
[    0.037882] On node 0, zone DMA: 97 pages in unavailable ranges
[    0.067410] On node 0, zone DMA32: 32 pages in unavailable ranges
[    0.145235] KernelAddressSanitizer initialized (generic)
[    0.145999] ACPI: PM-Timer IO Port: 0x608
[    0.146387] ACPI: LAPIC_NMI (acpi_id[0xff] dfl dfl lint[0x1])
[    0.146956] IOAPIC[0]: apic_id 0, version 17, address 0xfec00000, GSI 0-23
[    0.147566] ACPI: INT_SRC_OVR (bus 0 bus_irq 0 global_irq 2 dfl dfl)
[    0.148132] ACPI: INT_SRC_OVR (bus 0 bus_irq 5 global_irq 5 high level)
[    0.148742] ACPI: INT_SRC_OVR (bus 0 bus_irq 9 global_irq 9 high level)
[    0.149327] ACPI: INT_SRC_OVR (bus 0 bus_irq 10 global_irq 10 high level)
[    0.149922] ACPI: INT_SRC_OVR (bus 0 bus_irq 11 global_irq 11 high level)
[    0.150512] ACPI: Using ACPI (MADT) for SMP configuration information
[    0.151066] ACPI: HPET id: 0x8086a201 base: 0xfed00000
[    0.151517] TSC deadline timer available
[    0.151876] CPU topo: Max. logical packages:   1
[    0.152274] CPU topo: Max. logical dies:       1
[    0.152674] CPU topo: Max. dies per package:   1
[    0.153085] CPU topo: Max. threads per core:   1
[    0.153482] CPU topo: Num. cores per package:     2
[    0.153912] CPU topo: Num. threads per package:   2
[    0.154340] CPU topo: Allowing 2 present CPUs plus 0 hotplug CPUs
[    0.154919] kvm-guest: APIC: eoi() replaced with kvm_guest_apic_eoi_write()
[    0.155539] kvm-guest: KVM setup pv remote TLB flush
[    0.155979] kvm-guest: setup PV sched yield
[    0.156387] PM: hibernation: Registered nosave memory: [mem 0x00000000-0x00000fff]
[    0.157053] PM: hibernation: Registered nosave memory: [mem 0x0009f000-0x000fffff]
[    0.157697] [mem 0x80000000-0xfeffbfff] available for PCI devices
[    0.158226] Booting paravirtualized kernel on KVM
[    0.158647] clocksource: refined-jiffies: mask: 0xffffffff max_cycles: 0xffffffff, max_idle_ns: 7645519600211568 ns
[    0.159566] setup_percpu: NR_CPUS:8192 nr_cpumask_bits:2 nr_cpu_ids:2 nr_node_ids:1
[    0.160918] percpu: Embedded 81 pages/cpu s294912 r8192 d28672 u1048576
[    0.161735] kvm-guest: PV spinlocks enabled
[    0.162121] PV qspinlock hash table entries: 256 (order: 0, 4096 bytes, linear)
[    0.162777] Kernel command line: net.ifnames=0 console=ttyS0 root=/dev/sda earlyprintk=serial net.ifnames=0 thunderbolt.dyndbg
[    0.164072] random: crng init done
[    0.164379] printk: log buffer data + meta data: 262144 + 917504 = 1179648 bytes
[    0.165611] Dentry cache hash table entries: 262144 (order: 9, 2097152 bytes, linear)
[    0.166870] Inode-cache hash table entries: 131072 (order: 8, 1048576 bytes, linear)
[    0.167869] Fallback order for Node 0: 0 
[    0.167882] Built 1 zonelists, mobility grouping on.  Total pages: 524158
[    0.168831] Policy zone: DMA32
[    0.169095] mem auto-init: stack:off, heap alloc:off, heap free:off
[    0.169633] stackdepot: allocating hash table via alloc_large_system_hash
[    0.170226] stackdepot hash table entries: 1048576 (order: 12, 16777216 bytes, linear)
[    0.175334] stackdepot: allocating space for 8192 stack pools via memblock
[    0.221723] SLUB: HWalign=64, Order=0-3, MinObjects=0, CPUs=2, Nodes=1
[    0.222279] kmemleak: Kernel memory leak detector disabled
[    0.259248] ftrace: allocating 75295 entries in 296 pages
[    0.259718] ftrace: allocated 296 pages with 3 groups
[    0.264650] Dynamic Preempt: voluntary
[    0.265505] Running RCU self tests
[    0.265808] Running RCU synchronous self tests
[    0.266180] rcu: Preemptible hierarchical RCU implementation.
[    0.266670] rcu: 	RCU lockdep checking is enabled.
[    0.267100] rcu: 	RCU restricting CPUs from NR_CPUS=8192 to nr_cpu_ids=2.
[    0.267684] 	Trampoline variant of Tasks RCU enabled.
[    0.268125] 	Rude variant of Tasks RCU enabled.
[    0.268500] 	Tracing variant of Tasks RCU enabled.
[    0.268908] rcu: RCU calculated value of scheduler-enlistment delay is 25 jiffies.
[    0.269551] rcu: Adjusting geometry for rcu_fanout_leaf=16, nr_cpu_ids=2
[    0.270202] Running RCU synchronous self tests
[    0.270589] RCU Tasks: Setting shift to 1 and lim to 1 rcu_task_cb_adjust=1 rcu_task_cpu_ids=2.
[    0.271315] RCU Tasks Rude: Setting shift to 1 and lim to 1 rcu_task_cb_adjust=1 rcu_task_cpu_ids=2.
[    0.272090] RCU Tasks Trace: Setting shift to 1 and lim to 1 rcu_task_cb_adjust=1 rcu_task_cpu_ids=2.
[    0.344937] NR_IRQS: 524544, nr_irqs: 440, preallocated irqs: 16
[    0.346123] rcu: srcu_init: Setting srcu_struct sizes based on contention.
[    0.354596] Console: colour VGA+ 80x25
[    0.355020] printk: legacy console [ttyS0] enabled
[    0.355020] printk: legacy console [ttyS0] enabled
[    0.355862] printk: legacy bootconsole [earlyser0] disabled
[    0.355862] printk: legacy bootconsole [earlyser0] disabled
[    0.356836] Lock dependency validator: Copyright (c) 2006 Red Hat, Inc., Ingo Molnar
[    0.357514] ... MAX_LOCKDEP_SUBCLASSES:  8
[    0.357876] ... MAX_LOCK_DEPTH:          48
[    0.358250] ... MAX_LOCKDEP_KEYS:        8192
[    0.358636] ... CLASSHASH_SIZE:          4096
[    0.359024] ... MAX_LOCKDEP_ENTRIES:     32768
[    0.359417] ... MAX_LOCKDEP_CHAINS:      65536
[    0.359817] ... CHAINHASH_SIZE:          32768
[    0.360202]  memory used by lock dependency info: 6429 kB
[    0.360691]  memory used for stack traces: 4224 kB
[    0.361120]  per task-struct memory footprint: 1920 bytes
[    0.361679] ACPI: Core revision 20250807
[    0.362467] clocksource: hpet: mask: 0xffffffff max_cycles: 0xffffffff, max_idle_ns: 19112604467 ns
[    0.363462] APIC: Switch to symmetric I/O mode setup
[    0.364333] x2apic enabled
[    0.365001] APIC: Switched APIC routing to: physical x2apic
[    0.365509] kvm-guest: APIC: send_IPI_mask() replaced with kvm_send_ipi_mask()
[    0.366173] kvm-guest: APIC: send_IPI_mask_allbutself() replaced with kvm_send_ipi_mask_allbutself()
[    0.366998] kvm-guest: setup PV IPIs
[    0.368446] ..TIMER: vector=0x30 apic1=0 pin1=2 apic2=-1 pin2=-1
[    0.369016] clocksource: tsc-early: mask: 0xffffffffffffffff max_cycles: 0x240939f1bb2, max_idle_ns: 440795263295 ns
[    0.369962] Calibrating delay loop (skipped) preset value.. 5000.00 BogoMIPS (lpj=10000000)
[    0.370856] x86/cpu: User Mode Instruction Prevention (UMIP) activated
[    0.374027] Last level iTLB entries: 4KB 0, 2MB 0, 4MB 0
[    0.374516] Last level dTLB entries: 4KB 0, 2MB 0, 4MB 0, 1GB 0
[    0.375082] mitigations: Enabled attack vectors: user_kernel, user_user, guest_host, guest_guest, SMT mitigations: auto
[    0.376081] Speculative Store Bypass: Mitigation: Speculative Store Bypass disabled via prctl
[    0.376851] Spectre V2 : Mitigation: Enhanced / Automatic IBRS
[    0.377385] ITS: Mitigation: Aligned branch/return thunks
[    0.377868] Spectre V1 : Mitigation: usercopy/swapgs barriers and __user pointer sanitization
[    0.377959] Spectre V2 : WARNING: Unprivileged eBPF is enabled with eIBRS on, data leaks possible via Spectre v2 BHB attacks!
[    0.378978] Spectre V2 : Spectre v2 / PBRSB-eIBRS: Retire a single CALL on VMEXIT
[    0.379646] Spectre V2 : mitigation: Enabling conditional Indirect Branch Prediction Barrier
[    0.380390] active return thunk: its_return_thunk
[    0.380827] Spectre V2 : Spectre BHI mitigation: SW BHB clearing on syscall and VM exit
[    0.382029] x86/fpu: Supporting XSAVE feature 0x001: 'x87 floating point registers'
[    0.382715] x86/fpu: Supporting XSAVE feature 0x002: 'SSE registers'
[    0.383278] x86/fpu: Supporting XSAVE feature 0x004: 'AVX registers'
[    0.383832] x86/fpu: Supporting XSAVE feature 0x020: 'AVX-512 opmask'
[    0.384385] x86/fpu: Supporting XSAVE feature 0x040: 'AVX-512 Hi256'
[    0.384946] x86/fpu: Supporting XSAVE feature 0x080: 'AVX-512 ZMM_Hi256'
[    0.385958] x86/fpu: Supporting XSAVE feature 0x200: 'Protection Keys User registers'
[    0.386642] x86/fpu: Supporting XSAVE feature 0x20000: 'AMX Tile config'
[    0.387226] x86/fpu: Supporting XSAVE feature 0x40000: 'AMX Tile data'
[    0.387783] x86/fpu: xstate_offset[2]:  576, xstate_sizes[2]:  256
[    0.388306] x86/fpu: xstate_offset[5]:  832, xstate_sizes[5]:   64
[    0.388838] x86/fpu: xstate_offset[6]:  896, xstate_sizes[6]:  512
[    0.389374] x86/fpu: xstate_offset[7]: 1408, xstate_sizes[7]: 1024
[    0.389961] x86/fpu: xstate_offset[9]: 2432, xstate_sizes[9]:    8
[    0.390519] x86/fpu: xstate_offset[17]: 2496, xstate_sizes[17]:   64
[    0.391080] x86/fpu: xstate_offset[18]: 2560, xstate_sizes[18]: 8192
[    0.391623] x86/fpu: Enabled xstate features 0x602e7, context size is 10752 bytes, using 'compacted' format.
[    0.566401] Freeing SMP alternatives memory: 64K
[    0.566835] pid_max: default: 32768 minimum: 301
[    0.567633] Yama: becoming mindful.
[    0.568390] Mount-cache hash table entries: 4096 (order: 3, 32768 bytes, linear)
[    0.569024] Mountpoint-cache hash table entries: 4096 (order: 3, 32768 bytes, linear)
[    0.571421] Running RCU synchronous self tests
[    0.571816] Running RCU synchronous self tests
[    0.572556] smpboot: CPU0: Intel GENUINE INTEL(R) XEON(R) (family: 0x6, model: 0xad, stepping: 0x0)
[    0.573947] Performance Events: PEBS fmt0-, Granite Rapids events, 
[    0.573947] core: The event 0x400 is not supported as a normal event.
[    0.573947] core: The event 0x8000 is not supported as a normal event.
[    0.573947] core: The event 0x8100 is not supported as a normal event.
[    0.573947] core: The event 0x8200 is not supported as a normal event.
[    0.573959] core: The event 0x8300 is not supported as a normal event.
[    0.574512] core: The event 0x8400 is not supported as a normal event.
[    0.575055] core: The event 0x8500 is not supported as a normal event.
[    0.575610] core: The event 0x8600 is not supported as a normal event.
[    0.576164] core: The event 0x8700 is not supported as a normal event.
[    0.576730] full-width counters, Intel PMU driver.
[    0.577179] ... version:                   2
[    0.577543] ... bit width:                 48
[    0.577910] ... generic counters:          8
[    0.577952] ... generic bitmap:            00000000000000ff
[    0.578415] ... fixed-purpose counters:    3
[    0.578786] ... fixed-purpose bitmap:      0000000000000007
[    0.579244] ... value mask:                0000ffffffffffff
[    0.579706] ... max period:                00007fffffffffff
[    0.580177] ... global_ctrl mask:          00000007000000ff
[    0.581159] signal: max sigframe size: 11952
[    0.581683] rcu: Hierarchical SRCU implementation.
[    0.581956] rcu: 	Max phase no-delay instances is 1000.
[    0.582628] Timer migration: 1 hierarchy levels; 8 children per group; 1 crossnode level
[    0.608595] smp: Bringing up secondary CPUs ...
[    0.609605] smpboot: x86: Booting SMP configuration:
[    0.609977] .... node  #0, CPUs:      #1
[    0.610245] smp: Brought up 1 node, 2 CPUs
[    0.610848] smpboot: Total of 2 processors activated (10000.00 BogoMIPS)
[    0.612292] Memory: 1591816K/2096632K available (80953K kernel code, 15565K rwdata, 18824K rodata, 16420K init, 20844K bss, 493188K reserved, 0K cma-reserved)
[    0.614779] devtmpfs: initialized
[    0.615130] x86/mm: Memory block size: 128MB
[    0.627350] Running RCU synchronous self tests
[    0.627934] Running RCU synchronous self tests
[    0.630072] Running RCU Tasks wait API self tests
[    0.630500] Running RCU Tasks Rude wait API self tests
[    0.630500] Running RCU Tasks Trace wait API self tests
[    0.653980] clocksource: jiffies: mask: 0xffffffff max_cycles: 0xffffffff, max_idle_ns: 7645041785100000 ns
[    0.654904] posixtimers hash table entries: 1024 (order: 5, 73728 bytes, linear)
[    0.655572] futex hash table entries: 512 (65536 bytes on 1 NUMA nodes, total 64 KiB, linear).
[    0.658882] 
[    0.659048] *************************************************************
[    0.659610] **     NOTICE NOTICE NOTICE NOTICE NOTICE NOTICE NOTICE    **
[    0.660179] **                                                         **
[    0.660759] **  IOMMU DebugFS SUPPORT HAS BEEN ENABLED IN THIS KERNEL  **
[    0.661319] **                                                         **
[    0.661892] ** This means that this kernel is built to expose internal **
[    0.661955] ** IOMMU data structures, which may compromise security on **
[    0.662526] ** your system.                                            **
[    0.663110] **                                                         **
[    0.663680] ** If you see this message and you are not debugging the   **
[    0.664250] ** kernel, report this immediately to your vendor!         **
[    0.664815] **                                                         **
[    0.665395] **     NOTICE NOTICE NOTICE NOTICE NOTICE NOTICE NOTICE    **
[    0.665955] *************************************************************
[    0.666621] PM: RTC time: 10:52:31, date: 2026-01-27
[    0.669608] NET: Registered PF_NETLINK/PF_ROUTE protocol family
[    0.671621] DMA: preallocated 256 KiB GFP_KERNEL|GFP_DMA pool for atomic allocations
[    0.672345] DMA: preallocated 256 KiB GFP_KERNEL|GFP_DMA32 pool for atomic allocations
[    0.673134] audit: initializing netlink subsys (disabled)
[    0.673983] audit: type=2000 audit(1769511151.568:1): state=initialized audit_enabled=0 res=1
[    0.673661] thermal_sys: Registered thermal governor 'fair_share'
[    0.673661] thermal_sys: Registered thermal governor 'bang_bang'
[    0.673661] thermal_sys: Registered thermal governor 'step_wise'
[    0.674773] thermal_sys: Registered thermal governor 'user_space'
[    0.677977] cpuidle: using governor ladder
[    0.679121] cpuidle: using governor menu
[    0.679289] acpiphp: ACPI Hot Plug PCI Controller Driver version: 0.5
[    0.679289] PCI: Using configuration type 1 for base access
[    0.682268] kprobes: kprobe jump-optimization is enabled. All kprobes are optimized if possible.
[    0.686008] Callback from call_rcu_tasks_trace() invoked.
[    0.805133] HugeTLB: registered 1.00 GiB page size, pre-allocated 0 pages
[    0.805954] HugeTLB: 16380 KiB vmemmap can be freed for a 1.00 GiB page
[    0.806709] HugeTLB: registered 2.00 MiB page size, pre-allocated 0 pages
[    0.807482] HugeTLB: 28 KiB vmemmap can be freed for a 2.00 MiB page
[    0.816111] ACPI: Added _OSI(Module Device)
[    0.816638] ACPI: Added _OSI(Processor Device)
[    0.817150] ACPI: Added _OSI(Processor Aggregator Device)
[    0.835673] ACPI: 1 ACPI AML tables successfully acquired and loaded
[    0.852616] ACPI: Interpreter enabled
[    0.852616] ACPI: PM: (supports S0 S3 S4 S5)
[    0.852764] ACPI: Using IOAPIC for interrupt routing
[    0.853459] PCI: Using host bridge windows from ACPI; if necessary, use "pci=nocrs" and report a bug
[    0.857957] PCI: Using E820 reservations for host bridge windows
[    0.860015] ACPI: Enabled 2 GPEs in block 00 to 0F
[    0.904538] ACPI: PCI Root Bridge [PCI0] (domain 0000 [bus 00-ff])
[    0.905331] acpi PNP0A03:00: _OSC: OS supports [ASPM ClockPM Segments MSI EDR HPX-Type3]
[    0.905963] acpi PNP0A03:00: _OSC: not requesting OS control; OS requires [ExtendedConfig ASPM ClockPM MSI]
[    0.907260] acpi PNP0A03:00: fail to add MMCONFIG information, can't access extended configuration space under this bridge
[    0.913875] acpiphp: Slot [3] registered
[    0.914151] acpiphp: Slot [4] registered
[    0.914765] acpiphp: Slot [5] registered
[    0.915335] acpiphp: Slot [6] registered
[    0.915898] acpiphp: Slot [7] registered
[    0.916504] acpiphp: Slot [8] registered
[    0.917093] acpiphp: Slot [9] registered
[    0.917693] acpiphp: Slot [10] registered
[    0.918104] acpiphp: Slot [11] registered
[    0.918707] acpiphp: Slot [12] registered
[    0.919283] acpiphp: Slot [13] registered
[    0.919894] acpiphp: Slot [14] registered
[    0.920468] acpiphp: Slot [15] registered
[    0.921063] acpiphp: Slot [16] registered
[    0.921680] acpiphp: Slot [17] registered
[    0.922096] acpiphp: Slot [18] registered
[    0.922683] acpiphp: Slot [19] registered
[    0.923314] acpiphp: Slot [20] registered
[    0.923926] acpiphp: Slot [21] registered
[    0.924532] acpiphp: Slot [22] registered
[    0.925128] acpiphp: Slot [23] registered
[    0.925708] acpiphp: Slot [24] registered
[    0.926110] acpiphp: Slot [25] registered
[    0.926687] acpiphp: Slot [26] registered
[    0.927278] acpiphp: Slot [27] registered
[    0.927905] acpiphp: Slot [28] registered
[    0.928526] acpiphp: Slot [29] registered
[    0.929145] acpiphp: Slot [30] registered
[    0.929728] acpiphp: Slot [31] registered
[    0.930021] PCI host bridge to bus 0000:00
[    0.930541] pci_bus 0000:00: root bus resource [io  0x0000-0x0cf7 window]
[    0.931291] pci_bus 0000:00: root bus resource [io  0x0d00-0xffff window]
[    0.932056] pci_bus 0000:00: root bus resource [mem 0x000a0000-0x000bffff window]
[    0.932878] pci_bus 0000:00: root bus resource [mem 0x80000000-0xfebfffff window]
[    0.933691] pci_bus 0000:00: root bus resource [mem 0x100000000-0x17fffffff window]
[    0.933965] pci_bus 0000:00: root bus resource [bus 00-ff]
[    0.934686] pci 0000:00:00.0: [8086:1237] type 00 class 0x060000 conventional PCI endpoint
[    0.937226] pci 0000:00:01.0: [8086:7000] type 00 class 0x060100 conventional PCI endpoint
[    0.939324] pci 0000:00:01.1: [8086:7010] type 00 class 0x010180 conventional PCI endpoint
[    0.940874] pci 0000:00:01.1: BAR 4 [io  0xc040-0xc04f]
[    0.941500] pci 0000:00:01.1: BAR 0 [io  0x01f0-0x01f7]: legacy IDE quirk
[    0.941957] pci 0000:00:01.1: BAR 1 [io  0x03f6]: legacy IDE quirk
[    0.942677] pci 0000:00:01.1: BAR 2 [io  0x0170-0x0177]: legacy IDE quirk
[    0.943418] pci 0000:00:01.1: BAR 3 [io  0x0376]: legacy IDE quirk
[    0.945239] pci 0000:00:01.3: [8086:7113] type 00 class 0x068000 conventional PCI endpoint
[    0.946224] pci 0000:00:01.3: quirk: [io  0x0600-0x063f] claimed by PIIX4 ACPI
[    0.946997] pci 0000:00:01.3: quirk: [io  0x0700-0x070f] claimed by PIIX4 SMB
[    0.948877] pci 0000:00:02.0: [1234:1111] type 00 class 0x030000 conventional PCI endpoint
[    0.950494] pci 0000:00:02.0: BAR 0 [mem 0xfd000000-0xfdffffff pref]
[    0.951201] pci 0000:00:02.0: BAR 2 [mem 0xfebf0000-0xfebf0fff]
[    0.951901] pci 0000:00:02.0: ROM [mem 0xfebe0000-0xfebeffff pref]
[    0.952747] pci 0000:00:02.0: Video device with shadowed ROM at [mem 0x000c0000-0x000dffff]
[    0.954916] pci 0000:00:03.0: [8086:100e] type 00 class 0x020000 conventional PCI endpoint
[    0.956758] pci 0000:00:03.0: BAR 0 [mem 0xfebc0000-0xfebdffff]
[    0.957387] pci 0000:00:03.0: BAR 1 [io  0xc000-0xc03f]
[    0.957982] pci 0000:00:03.0: ROM [mem 0xfeb80000-0xfebbffff pref]
[    0.983339] ACPI: PCI: Interrupt link LNKA configured for IRQ 10
[    0.985106] ACPI: PCI: Interrupt link LNKB configured for IRQ 10
[    0.986748] ACPI: PCI: Interrupt link LNKC configured for IRQ 11
[    0.988429] ACPI: PCI: Interrupt link LNKD configured for IRQ 11
[    0.989538] ACPI: PCI: Interrupt link LNKS configured for IRQ 9
[    0.997742] iommu: Default domain type: Translated
[    0.997960] iommu: DMA domain TLB invalidation policy: lazy mode
[    1.004260] SCSI subsystem initialized
[    1.006368] ACPI: bus type USB registered
[    1.007053] usbcore: registered new interface driver usbfs
[    1.007771] usbcore: registered new interface driver hub
[    1.008435] usbcore: registered new device driver usb
[    1.009738] pps_core: LinuxPPS API ver. 1 registered
[    1.009960] pps_core: Software ver. 5.3.6 - Copyright 2005-2007 Rodolfo Giometti <giometti@linux.it>
[    1.010973] PTP clock support registered
[    1.014074] EDAC MC: Ver: 3.0.0
[    1.020207] NetLabel: Initializing
[    1.020635] NetLabel:  domain hash size = 128
[    1.021163] NetLabel:  protocols = UNLABELED CIPSOv4 CALIPSO
[    1.021941] NetLabel:  unlabeled traffic allowed by default
[    1.022541] PCI: Using ACPI for IRQ routing
[    1.023402] pci 0000:00:02.0: vgaarb: setting as boot VGA device
[    1.024086] pci 0000:00:02.0: vgaarb: bridge control possible
[    1.024753] pci 0000:00:02.0: vgaarb: VGA device added: decodes=io+mem,owns=io+mem,locks=none
[    1.025695] vgaarb: loaded
[    1.026467] hpet0: at MMIO 0xfed00000, IRQs 2, 8, 0
[    1.026994] hpet0: 3 comparators, 64-bit 100.000000 MHz counter
[    1.029972] clocksource: Switched to clocksource kvm-clock
[    1.031986] VFS: Disk quotas dquot_6.6.0
[    1.032467] VFS: Dquot-cache hash table entries: 512 (order 0, 4096 bytes)
[    1.040506] pnp: PnP ACPI init
[    1.045158] pnp: PnP ACPI: found 6 devices
[    1.065538] clocksource: acpi_pm: mask: 0xffffff max_cycles: 0xffffff, max_idle_ns: 2085701024 ns
[    1.066999] NET: Registered PF_INET protocol family
[    1.067975] IP idents hash table entries: 32768 (order: 6, 262144 bytes, linear)
[    1.070426] tcp_listen_portaddr_hash hash table entries: 1024 (order: 5, 73728 bytes, linear)
[    1.071409] Table-perturb hash table entries: 65536 (order: 6, 262144 bytes, linear)
[    1.072379] TCP established hash table entries: 16384 (order: 5, 131072 bytes, linear)
[    1.073578] TCP bind hash table entries: 16384 (order: 10, 2359296 bytes, linear)
[    1.075840] TCP: Hash tables configured (established 16384 bind 16384)
[    1.076761] UDP hash table entries: 1024 (order: 6, 262144 bytes, linear)
[    1.077610] UDP-Lite hash table entries: 1024 (order: 6, 262144 bytes, linear)
[    1.078796] NET: Registered PF_UNIX/PF_LOCAL protocol family
[    1.083858] RPC: Registered named UNIX socket transport module.
[    1.084609] RPC: Registered udp transport module.
[    1.085147] RPC: Registered tcp transport module.
[    1.085660] RPC: Registered tcp-with-tls transport module.
[    1.086231] RPC: Registered tcp NFSv4.1 backchannel transport module.
[    1.086952] pci_bus 0000:00: resource 4 [io  0x0000-0x0cf7 window]
[    1.087674] pci_bus 0000:00: resource 5 [io  0x0d00-0xffff window]
[    1.088304] pci_bus 0000:00: resource 6 [mem 0x000a0000-0x000bffff window]
[    1.089044] pci_bus 0000:00: resource 7 [mem 0x80000000-0xfebfffff window]
[    1.089792] pci_bus 0000:00: resource 8 [mem 0x100000000-0x17fffffff window]
[    1.090933] pci 0000:00:01.0: PIIX3: Enabling Passive Release
[    1.091575] pci 0000:00:00.0: Limiting direct PCI/PCI transfers
[    1.092310] PCI: CLS 0 bytes, default 64
[    1.093211] ACPI: bus type thunderbolt registered
[    1.094102] clocksource: tsc: mask: 0xffffffffffffffff max_cycles: 0x240939f1bb2, max_idle_ns: 440795263295 ns
[    4.150894] Initialise system trusted keyrings
[    4.151574] Key type blacklist registered
[    4.152466] workingset: timestamp_bits=36 max_order=19 bucket_order=0
[    4.155002] squashfs: version 4.0 (2009/01/31) Phillip Lougher
[    4.157727] NFS: Registering the id_resolver key type
[    4.158217] Key type id_resolver registered
[    4.158602] Key type id_legacy registered
[    4.158998] nfs4filelayout_init: NFSv4 File Layout Driver Registering...
[    4.159648] nfs4flexfilelayout_init: NFSv4 Flexfile Layout Driver Registering...
[    4.160580] fuse: init (API version 7.45)
[    4.161589] SGI XFS with ACLs, security attributes, realtime, quota, no debug enabled
[    4.164026] 9p: Installing v9fs 9p2000 file system support
[    4.179555] Key type asymmetric registered
[    4.179914] Asymmetric key parser 'x509' registered
[    4.180452] Block layer SCSI generic (bsg) driver version 0.4 loaded (major 241)
[    4.181489] io scheduler mq-deadline registered
[    4.181989] io scheduler bfq registered
[    4.183646] ledtrig-cpu: registered to indicate activity on CPUs
[    4.185837] IPMI message handler: version 39.2
[    4.186338] ipmi device interface
[    4.189281] input: Power Button as /devices/LNXSYSTM:00/LNXPWRBN:00/input/input0
[    4.190964] ACPI: button: Power Button [PWRF]
[    4.194077] ERST DBG: ERST support is disabled.
[    4.196080] Serial: 8250/16550 driver, 32 ports, IRQ sharing enabled
[    4.198101] 00:04: ttyS0 at I/O 0x3f8 (irq = 4, base_baud = 115200) is a 16550A
[    4.215440] Callback from call_rcu_tasks() invoked.
[    4.228455] Linux agpgart interface v0.103
[    4.231838] ACPI: bus type drm_connector registered
[    4.267242] brd: module loaded
[    4.288956] loop: module loaded
[    4.304596] scsi host0: ata_piix
[    4.307468] scsi host1: ata_piix
[    4.308426] ata1: PATA max MWDMA2 cmd 0x1f0 ctl 0x3f6 bmdma 0xc040 irq 14 lpm-pol 0
[    4.309046] ata2: PATA max MWDMA2 cmd 0x170 ctl 0x376 bmdma 0xc048 irq 15 lpm-pol 0
[    4.313117] tun: Universal TUN/TAP device driver, 1.6
[    4.314230] e100: Intel(R) PRO/100 Network Driver
[    4.314664] e100: Copyright(c) 1999-2006 Intel Corporation
[    4.315288] e1000: Intel(R) PRO/1000 Network Driver
[    4.315692] e1000: Copyright (c) 1999-2006 Intel Corporation.
[    4.463483] ata1: found unknown device (class 0)
[    4.464430] ata1.00: ATA-7: QEMU HARDDISK, 2.5+, max UDMA/100
[    4.464937] ata1.00: 17196647 sectors, multi 16: LBA48 
[    4.466506] scsi 0:0:0:0: Direct-Access     ATA      QEMU HARDDISK    2.5+ PQ: 0 ANSI: 5
[    4.467308] ata2: found unknown device (class 0)
[    4.468169] ata2.00: ATAPI: QEMU DVD-ROM, 2.5+, max UDMA/100
[    4.469545] sd 0:0:0:0: Attached scsi generic sg0 type 0
[    4.470418] sd 0:0:0:0: [sda] 17196647 512-byte logical blocks: (8.80 GB/8.20 GiB)
[    4.471600] sd 0:0:0:0: [sda] Write Protect is off
[    4.472106] scsi 1:0:0:0: CD-ROM            QEMU     QEMU DVD-ROM     2.5+ PQ: 0 ANSI: 5
[    4.472963] sd 0:0:0:0: [sda] Write cache: enabled, read cache: enabled, doesn't support DPO or FUA
[    4.473906] sd 0:0:0:0: [sda] Preferred minimum I/O size 512 bytes
[    4.497224] scsi 1:0:0:0: Attached scsi generic sg1 type 5
[    4.502482] sd 0:0:0:0: [sda] Attached SCSI disk
[    5.123840] ACPI: \_SB_.LNKC: Enabled at IRQ 11
[    5.435297] e1000 0000:00:03.0 eth0: (PCI:33MHz:32-bit) 52:54:00:12:34:56
[    5.435888] e1000 0000:00:03.0 eth0: Intel(R) PRO/1000 Network Connection
[    5.436616] e1000e: Intel(R) PRO/1000 Network Driver
[    5.437021] e1000e: Copyright(c) 1999 - 2015 Intel Corporation.
[    5.437672] igb: Intel(R) Gigabit Ethernet Network Driver
[    5.438119] igb: Copyright (c) 2007-2014 Intel Corporation.
[    5.438957] PPP generic driver version 2.4.2
[    5.440932] VFIO - User Level meta-driver version: 0.3
[    5.442969] usbcore: registered new interface driver uas
[    5.443652] usbcore: registered new interface driver usb-storage
[    5.444448] i8042: PNP: PS/2 Controller [PNP0303:KBD,PNP0f13:MOU] at 0x60,0x64 irq 1,12
[    5.446551] serio: i8042 KBD port at 0x60,0x64 irq 1
[    5.447085] serio: i8042 AUX port at 0x60,0x64 irq 12
[    5.449366] mousedev: PS/2 mouse device common for all mice
[    5.451863] input: AT Translated Set 2 keyboard as /devices/platform/i8042/serio0/input/input1
[    5.453983] rtc_cmos 00:05: RTC can wake from S4
[    5.457539] rtc_cmos 00:05: registered as rtc0
[    5.458017] rtc_cmos 00:05: setting system clock to 2026-01-27T10:52:36 UTC (1769511156)
[    5.459052] rtc_cmos 00:05: alarms up to one day, y3k, 242 bytes nvram, hpet irqs
[    5.460126] input: VirtualPS/2 VMware VMMouse as /devices/platform/i8042/serio1/input/input4
[    5.461187] i2c_dev: i2c /dev entries driver
[    5.461924] device-mapper: core: CONFIG_IMA_DISABLE_HTABLE is disabled. Duplicate IMA measurements will not be recorded in the IMA log.
[    5.463046] device-mapper: uevent: version 1.0.3
[    5.464283] device-mapper: ioctl: 4.50.0-ioctl (2025-04-28) initialised: dm-devel@lists.linux.dev
[    5.465184] intel_pstate: CPU model not supported
[    5.466029] sdhci: Secure Digital Host Controller Interface driver
[    5.466400] input: VirtualPS/2 VMware VMMouse as /devices/platform/i8042/serio1/input/input3
[    5.466597] sdhci: Copyright(c) Pierre Ossman
[    5.466817] sdhci-pltfm: SDHCI platform and OF driver helper
[    5.469015] drop_monitor: Initializing network drop monitor service
[    5.469973] NET: Registered PF_INET6 protocol family
[    5.472141] Segment Routing with IPv6
[    5.472584] In-situ OAM (IOAM) with IPv6
[    5.472995] NET: Registered PF_PACKET protocol family
[    5.474270] 9pnet: Installing 9P2000 support
[    5.474852] Key type dns_resolver registered
[    5.477636] IPI shorthand broadcast: enabled
[    5.537735] sched_clock: Marking stable (5516006393, 19178906)->(5541486304, -6301005)
[    5.540378] registered taskstats version 1
[    5.541233] Loading compiled-in X.509 certificates
[    5.620908] Demotion targets for Node 0: null
[    5.623458] Key type .fscrypt registered
[    5.623861] Key type fscrypt-provisioning registered
[    5.635805] Key type encrypted registered
[    5.636262] ima: No TPM chip found, activating TPM-bypass!
[    5.636770] ima: Allocated hash algorithm: sha1
[    5.637264] ima: No architecture policies found
[    5.637841] evm: Initialising EVM extended attributes:
[    5.638311] evm: security.selinux
[    5.638613] evm: security.SMACK64
[    5.638911] evm: security.SMACK64EXEC
[    5.639322] evm: security.SMACK64TRANSMUTE
[    5.639681] evm: security.SMACK64MMAP
[    5.640006] evm: security.apparmor
[    5.640314] evm: security.ima
[    5.640594] evm: security.capability
[    5.640911] evm: HMAC attrs: 0x1
[    5.644323] PM:   Magic number: 10:397:882
[    5.646237] RAS: Correctable Errors collector initialized.
[    5.646984] clk: Disabling unused clocks
[    5.647556] PM: genpd: Disabling unused power domains
[    5.648804] check access for rdinit=/init failed: -2, ignoring
[    5.649314] md: Waiting for all devices to be available before autodetect
[    5.649714] md: If you don't use raid, use raid=noautodetect
[    5.650046] md: Autodetecting RAID arrays.
[    5.650335] md: autorun ...
[    5.650502] md: ... autorun DONE.
[    5.665083] EXT4-fs (sda): INFO: recovery required on readonly filesystem
[    5.665543] EXT4-fs (sda): write access will be enabled during recovery
[    5.737882] EXT4-fs (sda): recovery complete
[    5.742119] EXT4-fs (sda): mounted filesystem 088740a9-c8b4-422c-999d-a804eb68a4da ro with ordered data mode. Quota mode: none.
[    5.742964] VFS: Mounted root (ext4 filesystem) readonly on device 8:0.
[    5.746932] devtmpfs: mounted
[    5.768011] Freeing unused decrypted memory: 2036K
[    5.775398] Freeing unused kernel image (initmem) memory: 16420K
[    5.775923] Write protecting the kernel read-only data: 102400k
[    5.779279] Freeing unused kernel image (text/rodata gap) memory: 964K
[    5.781384] Freeing unused kernel image (rodata/data gap) memory: 1656K
[    6.929659] x86/mm: Checked W+X mappings: passed, no W+X pages found.
[    6.930075] Run /sbin/init as init process
[    7.180870] systemd[1]: systemd 252-15.el9 running in system mode (+PAM +AUDIT +SELINUX -APPARMOR +IMA +SMACK +SECCOMP +GCRYPT +GNUTLS +OPENSSL +ACL +BLKID +CURL +ELFUTILS -FIDO2 +IDN2 -IDN -IPTC +KMOD +LIBCRYPTSETUP +LIBFDISK +PCRE2 -PWQUALITY +P11KIT -QRENCODE +TPM2 +BZIP2 +LZ4 +XZ +ZLIB +ZSTD -BPF_FRAMEWORK +XKBCOMMON +UTMP +SYSVINIT default-hierarchy=unified)
[    7.182748] systemd[1]: Detected virtualization kvm.
[    7.183063] systemd[1]: Detected architecture x86-64.

Welcome to [0;31mCentOS Stream 9[0m!

[    7.192296] systemd[1]: Hostname set to <test>.
[    7.385422] systemd-rc-local-generator[119]: /etc/rc.d/rc.local is not marked executable, skipping.
[    8.008676] systemd[1]: Queued start job for default target Multi-User System.
[    8.030176] systemd[1]: Created slice Virtual Machine and Container Slice.
[[0;32m  OK  [0m] Created slice [0;1;39mVirtual Machine and Container Slice[0m.
[    8.035440] systemd[1]: Created slice Slice /system/getty.
[[0;32m  OK  [0m] Created slice [0;1;39mSlice /system/getty[0m.
[    8.038240] systemd[1]: Created slice Slice /system/modprobe.
[[0;32m  OK  [0m] Created slice [0;1;39mSlice /system/modprobe[0m.
[    8.041285] systemd[1]: Created slice Slice /system/serial-getty.
[[0;32m  OK  [0m] Created slice [0;1;39mSlice /system/serial-getty[0m.
[    8.044547] systemd[1]: Created slice Slice /system/sshd-keygen.
[[0;32m  OK  [0m] Created slice [0;1;39mSlice /system/sshd-keygen[0m.
[    8.047229] systemd[1]: Created slice User and Session Slice.
[[0;32m  OK  [0m] Created slice [0;1;39mUser and Session Slice[0m.
[    8.048492] systemd[1]: Started Forward Password Requests to Wall Directory Watch.
[[0;32m  OK  [0m] Started [0;1;39mForward Password R…uests to Wall Directory Watch[0m.
[    8.050533] systemd[1]: Set up automount Arbitrary Executable File Formats File System Automount Point.
[[0;32m  OK  [0m] Set up automount [0;1;39mArbitrary…s File System Automount Point[0m.
[    8.052082] systemd[1]: Reached target Local Integrity Protected Volumes.
[[0;32m  OK  [0m] Reached target [0;1;39mLocal Integrity Protected Volumes[0m.
[    8.053164] systemd[1]: Reached target Slice Units.
[[0;32m  OK  [0m] Reached target [0;1;39mSlice Units[0m.
[    8.053971] systemd[1]: Reached target Swaps.
[[0;32m  OK  [0m] Reached target [0;1;39mSwaps[0m.
[    8.054741] systemd[1]: Reached target Local Verity Protected Volumes.
[[0;32m  OK  [0m] Reached target [0;1;39mLocal Verity Protected Volumes[0m.
[    8.056162] systemd[1]: Listening on Device-mapper event daemon FIFOs.
[[0;32m  OK  [0m] Listening on [0;1;39mDevice-mapper event daemon FIFOs[0m.
[    8.057789] systemd[1]: Listening on LVM2 poll daemon socket.
[[0;32m  OK  [0m] Listening on [0;1;39mLVM2 poll daemon socket[0m.
[    8.058924] systemd[1]: multipathd control socket was skipped because of an unmet condition check (ConditionPathExists=/etc/multipath.conf).
[    8.109581] systemd[1]: Listening on RPCbind Server Activation Socket.
[[0;32m  OK  [0m] Listening on [0;1;39mRPCbind Server Activation Socket[0m.
[    8.111355] systemd[1]: Reached target RPC Port Mapper.
[[0;32m  OK  [0m] Reached target [0;1;39mRPC Port Mapper[0m.
[    8.115813] systemd[1]: Listening on Process Core Dump Socket.
[[0;32m  OK  [0m] Listening on [0;1;39mProcess Core Dump Socket[0m.
[    8.117692] systemd[1]: Listening on initctl Compatibility Named Pipe.
[[0;32m  OK  [0m] Listening on [0;1;39minitctl Compatibility Named Pipe[0m.
[    8.119874] systemd[1]: Listening on Journal Socket (/dev/log).
[[0;32m  OK  [0m] Listening on [0;1;39mJournal Socket (/dev/log)[0m.
[    8.121971] systemd[1]: Listening on Journal Socket.
[[0;32m  OK  [0m] Listening on [0;1;39mJournal Socket[0m.
[    8.124054] systemd[1]: Listening on udev Control Socket.
[[0;32m  OK  [0m] Listening on [0;1;39mudev Control Socket[0m.
[    8.126190] systemd[1]: Listening on udev Kernel Socket.
[[0;32m  OK  [0m] Listening on [0;1;39mudev Kernel Socket[0m.
[    8.152181] systemd[1]: Mounting Huge Pages File System...
         Mounting [0;1;39mHuge Pages File System[0m...
[    8.158739] systemd[1]: Mounting POSIX Message Queue File System...
         Mounting [0;1;39mPOSIX Message Queue File System[0m...
[    8.167605] systemd[1]: Mounting Kernel Debug File System...
         Mounting [0;1;39mKernel Debug File System[0m...
[    8.187976] systemd[1]: Mounting Kernel Trace File System...
         Mounting [0;1;39mKernel Trace File System[0m...
[    8.189386] systemd[1]: Kernel Module supporting RPCSEC_GSS was skipped because of an unmet condition check (ConditionPathExists=/etc/krb5.keytab).
[    8.190354] systemd[1]: Create List of Static Device Nodes was skipped because of an unmet condition check (ConditionFileNotEmpty=/lib/modules/6.19.0-rc7-v6.19-rc7-380ff27af25e-r-dirty/modules.devname).
[    8.196861] systemd[1]: Starting Monitoring of LVM2 mirrors, snapshots etc. using dmeventd or progress polling...
         Starting [0;1;39mMonitoring of LVM…meventd or progress polling[0m...
[    8.204659] systemd[1]: Starting Load Kernel Module configfs...
         Starting [0;1;39mLoad Kernel Module configfs[0m...
[    8.213760] systemd[1]: Starting Load Kernel Module drm...
         Starting [0;1;39mLoad Kernel Module drm[0m...
[    8.227753] systemd[1]: Starting Load Kernel Module fuse...
         Starting [0;1;39mLoad Kernel Module fuse[0m...
[    8.242326] systemd[1]: Starting Read and set NIS domainname from /etc/sysconfig/network...
         Starting [0;1;39mRead and set NIS …from /etc/sysconfig/network[0m...
[    8.257550] systemd[1]: Starting Journal Service...
         Starting [0;1;39mJournal Service[0m...
[    8.275555] systemd[1]: Starting Load Kernel Modules...
         Starting [0;1;39mLoad Kernel Modules[0m...
[    8.289047] systemd[1]: Starting Generate network units from Kernel command line...
         Starting [0;1;39mGenerate network …ts from Kernel command line[0m...
[    8.307554] systemd[1]: Starting Remount Root and Kernel File Systems...
         Starting [0;1;39mRemount Root and Kernel File Systems[0m...
[    8.312427] systemd[1]: Repartition Root Disk was skipped because no trigger condition checks were met.
[    8.331546] systemd[1]: Starting Coldplug All udev Devices...
         Starting [0;1;39mColdplug All udev Devices[0m...
[    8.352138] systemd[1]: Mounted Huge Pages File System.
[[0;32m  OK  [0m] Mounted [0;1;39mHuge Pages File System[0m.
[    8.355921] systemd[1]: Mounted POSIX Message Queue File System.
[[0;32m  OK  [0m] Mounted [0;1;39mPOSIX Message Queue File System[0m.
[    8.357490] systemd[1]: Mounted Kernel Debug File System.
[[0;32m  OK  [0m] Mounted [0;1;39mKernel Debug File System[0m.
[    8.359846] systemd[1]: Mounted Kernel Trace File System.
[[0;32m  OK  [0m] Mounted [0;1;39mKernel Trace File System[0m.
[    8.365499] systemd[1]: Finished Monitoring of LVM2 mirrors, snapshots etc. using dmeventd or progress polling.
[[0;32m  OK  [0m] Finished [0;1;39mMonitoring of LVM… dmeventd or progress polling[0m.
[    8.374161] systemd[1]: modprobe@configfs.service: Deactivated successfully.
[    8.375751] systemd[1]: Finished Load Kernel Module configfs.
[[0;32m  OK  [0m] Finished [0;1;39mLoad Kernel Module configfs[0m.
[    8.380375] systemd[1]: modprobe@drm.service: Deactivated successfully.
[    8.381853] systemd[1]: Finished Load Kernel Module drm.
[[0;32m  OK  [0m] Finished [0;1;39mLoad Kernel Module drm[0m.
[    8.387480] systemd[1]: modprobe@fuse.service: Deactivated successfully.
[    8.389028] systemd[1]: Finished Load Kernel Module fuse.
[[0;32m  OK  [0m] Finished [0;1;39mLoad Kernel Module fuse[0m.
[    8.390027] EXT4-fs (sda): re-mounted 088740a9-c8b4-422c-999d-a804eb68a4da r/w.
[    8.404450] systemd[1]: Finished Read and set NIS domainname from /etc/sysconfig/network.
[[0;32m  OK  [0m] Finished [0;1;39mRead and set NIS …e from /etc/sysconfig/network[0m.
[    8.408376] systemd[1]: systemd-modules-load.service: Main process exited, code=exited, status=1/FAILURE
[    8.409743] systemd[1]: systemd-modules-load.service: Failed with result 'exit-code'.
[    8.419451] systemd[1]: Failed to start Load Kernel Modules.
[[0;1;31mFAILED[0m] Failed to start [0;1;39mLoad Kernel Modules[0m.
See 'systemctl status systemd-modules-load.service' for details.
[    8.427280] systemd[1]: Finished Generate network units from Kernel command line.
[[0;32m  OK  [0m] Finished [0;1;39mGenerate network units from Kernel command line[0m.
[    8.435317] systemd[1]: Finished Remount Root and Kernel File Systems.
[[0;32m  OK  [0m] Finished [0;1;39mRemount Root and Kernel File Systems[0m.
[    8.441253] systemd[1]: Reached target Preparation for Network.
[[0;32m  OK  [0m] Reached target [0;1;39mPreparation for Network[0m.
[    8.468062] systemd[1]: Mounting FUSE Control File System...
         Mounting [0;1;39mFUSE Control File System[0m...
[    8.477774] systemd[1]: Mounting Kernel Configuration File System...
         Mounting [0;1;39mKernel Configuration File System[0m...
[    8.483400] systemd[1]: Special handling of early boot iSCSI sessions was skipped because of an unmet condition check (ConditionDirectoryNotEmpty=/sys/class/iscsi_session).
[    8.484414] systemd[1]: First Boot Wizard was skipped because of an unmet condition check (ConditionFirstBoot=yes).
[    8.488506] systemd[1]: Rebuild Hardware Database was skipped because of an unmet condition check (ConditionNeedsUpdate=/etc).
[    8.513413] systemd[1]: Starting Load/Save Random Seed...
         Starting [0;1;39mLoad/Save Random Seed[0m...
[    8.521416] systemd[1]: Starting Apply Kernel Variables...
         Starting [0;1;39mApply Kernel Variables[0m...
[    8.526028] systemd[1]: Create System Users was skipped because no trigger condition checks were met.
[    8.537476] systemd[1]: Starting Create Static Device Nodes in /dev...
         Starting [0;1;39mCreate Static Device Nodes in /dev[0m...
[    8.564798] systemd[1]: Starting Setup Virtual Console...
         Starting [0;1;39mSetup Virtual Console[0m...
[    8.589044] systemd[1]: Started Journal Service.
[[0;32m  OK  [0m] Started [0;1;39mJournal Service[0m.
[[0;32m  OK  [0m] Mounted [0;1;39mFUSE Control File System[0m.
[[0;32m  OK  [0m] Mounted [0;1;39mKernel Configuration File System[0m.
[[0;32m  OK  [0m] Finished [0;1;39mLoad/Save Random Seed[0m.
         Starting [0;1;39mFlush Journal to Persistent Storage[0m...
[[0;32m  OK  [0m] Finished [0;1;39mApply Kernel Variables[0m.
[    8.691791] systemd-journald[141]: Received client request to flush runtime journal.
[[0;32m  OK  [0m] Finished [0;1;39mFlush Journal to Persistent Storage[0m.
[[0;32m  OK  [0m] Finished [0;1;39mCreate Static Device Nodes in /dev[0m.
         Starting [0;1;39mRule-based Manage…for Device Events and Files[0m...
[[0;32m  OK  [0m] Started [0;1;39mRule-based Manager for Device Events and Files[0m.
         Starting [0;1;39mAuto-connect to s…E devices found during boot[0m...
[[0;32m  OK  [0m] Finished [0;1;39mAuto-connect to s…VME devices found during boot[0m.
[[0;32m  OK  [0m] Finished [0;1;39mColdplug All udev Devices[0m.
[[0;32m  OK  [0m] Finished [0;1;39mSetup Virtual Console[0m.
         Starting [0;1;39mShow Plymouth Boot Screen[0m...
         Starting [0;1;39mWait for udev To …plete Device Initialization[0m...
[2J[3J[-1;-1f[[0;32m  OK  [0m] Started [0;1;39mShow Plymouth Boot Screen[0m.
[[0;32m  OK  [0m] Started [0;1;39mForward Password R…s to Plymouth Directory Watch[0m.
[[0;32m  OK  [0m] Reached target [0;1;39mLocal Encrypted Volumes[0m.
[[0;32m  OK  [0m] Reached target [0;1;39mPath Units[0m.
[[0;32m  OK  [0m] Found device [0;1;39m/dev/ttyS0[0m.
[[0;32m  OK  [0m] Listening on [0;1;39mLoad/Save RF …itch Status /dev/rfkill Watch[0m.
[[0;32m  OK  [0m] Finished [0;1;39mWait for udev To Complete Device Initialization[0m.
[[0;32m  OK  [0m] Reached target [0;1;39mPreparation for Local File Systems[0m.
[[0;32m  OK  [0m] Reached target [0;1;39mLocal File Systems[0m.
         Starting [0;1;39mTell Plymouth To Write Out Runtime Data[0m...
         Starting [0;1;39mAutomatic Boot Loader Update[0m...
         Starting [0;1;39mCreate Volatile Files and Directories[0m...
[[0;32m  OK  [0m] Finished [0;1;39mTell Plymouth To Write Out Runtime Data[0m.
[[0;32m  OK  [0m] Finished [0;1;39mAutomatic Boot Loader Update[0m.
[[0;32m  OK  [0m] Finished [0;1;39mCreate Volatile Files and Directories[0m.
         Mounting [0;1;39mRPC Pipe File System[0m...
         Starting [0;1;39mSecurity Auditing Service[0m...
         Starting [0;1;39mRPC Bind[0m...
[[0;32m  OK  [0m] Mounted [0;1;39mRPC Pipe File System[0m.
[[0;32m  OK  [0m] Reached target [0;1;39mrpc_pipefs.target[0m.
[[0;32m  OK  [0m] Started [0;1;39mRPC Bind[0m.
[[0;32m  OK  [0m] Started [0;1;39mSecurity Auditing Service[0m.
         Starting [0;1;39mRecord System Boot/Shutdown in UTMP[0m...
[[0;32m  OK  [0m] Finished [0;1;39mRecord System Boot/Shutdown in UTMP[0m.
[[0;32m  OK  [0m] Reached target [0;1;39mSystem Initialization[0m.
[[0;32m  OK  [0m] Started [0;1;39mDaily rotation of log files[0m.
[[0;32m  OK  [0m] Started [0;1;39mUpdates mlocate database every day[0m.
[[0;32m  OK  [0m] Started [0;1;39mDaily Cleanup of Temporary Directories[0m.
[[0;32m  OK  [0m] Started [0;1;39mdaily update of the root trust anchor for DNSSEC[0m.
[[0;32m  OK  [0m] Reached target [0;1;39mTimer Units[0m.
[[0;32m  OK  [0m] Listening on [0;1;39mD-Bus System Message Bus Socket[0m.
[[0;32m  OK  [0m] Listening on [0;1;39mOpen-iSCSI iscsid Socket[0m.
[[0;32m  OK  [0m] Listening on [0;1;39mOpen-iSCSI iscsiuio Socket[0m.
[[0;32m  OK  [0m] Listening on [0;1;39mSSSD Kerberos…ache Manager responder socket[0m.
[[0;32m  OK  [0m] Listening on [0;1;39mLibvirt interface local socket[0m.
[[0;32m  OK  [0m] Listening on [0;1;39mVirtual machine lock manager socket[0m.
[[0;32m  OK  [0m] Listening on [0;1;39mVirtual machine log manager socket[0m.
[[0;32m  OK  [0m] Listening on [0;1;39mLibvirt network local socket[0m.
[[0;32m  OK  [0m] Listening on [0;1;39mLibvirt nodedev local socket[0m.
[[0;32m  OK  [0m] Listening on [0;1;39mLibvirt nwfilter local socket[0m.
[[0;32m  OK  [0m] Listening on [0;1;39mLibvirt proxy local socket[0m.
[[0;32m  OK  [0m] Listening on [0;1;39mLibvirt qemu local socket[0m.
[[0;32m  OK  [0m] Listening on [0;1;39mLibvirt qemu admin socket[0m.
[[0;32m  OK  [0m] Listening on [0;1;39mLibvirt qemu local read-only socket[0m.
[[0;32m  OK  [0m] Listening on [0;1;39mLibvirt secret local socket[0m.
[[0;32m  OK  [0m] Listening on [0;1;39mLibvirt storage local socket[0m.
[[0;32m  OK  [0m] Reached target [0;1;39mSocket Units[0m.
         Starting [0;1;39mD-Bus System Message Bus[0m...
[[0;32m  OK  [0m] Started [0;1;39mD-Bus System Message Bus[0m.
[[0;32m  OK  [0m] Reached target [0;1;39mBasic System[0m.
         Starting [0;1;39mNetwork Manager[0m...
         Starting [0;1;39mNTP client/server[0m...
         Starting [0;1;39mRestore /run/initramfs on shutdown[0m...
[[0;32m  OK  [0m] Started [0;1;39mirqbalance daemon[0m.
[[0;32m  OK  [0m] Started [0;1;39mlibstoragemgmt plug-in server daemon[0m.
[[0;32m  OK  [0m] Started [0;1;39mMachine Check Exception Logging Daemon[0m.
[[0;32m  OK  [0m] Reached target [0;1;39msshd-keygen.target[0m.
[[0;32m  OK  [0m] Reached target [0;1;39mUser and Group Name Lookups[0m.
         Starting [0;1;39mUser Login Management[0m...
         Starting [0;1;39mVirtual Machine a…tainer Registration Service[0m...
[[0;32m  OK  [0m] Finished [0;1;39mRestore /run/initramfs on shutdown[0m.
[[0;32m  OK  [0m] Started [0;1;39mNTP client/server[0m.
[[0;32m  OK  [0m] Started [0;1;39mVirtual Machine an…ontainer Registration Service[0m.
         Starting [0;1;39mHostname Service[0m...
[[0;32m  OK  [0m] Started [0;1;39mUser Login Management[0m.
[[0;32m  OK  [0m] Started [0;1;39mHostname Service[0m.
         Starting [0;1;39mNetwork Manager Script Dispatcher Service[0m...
[[0;32m  OK  [0m] Started [0;1;39mNetwork Manager Script Dispatcher Service[0m.
[   12.251728] e1000: eth0 NIC Link is Up 1000 Mbps Full Duplex, Flow Control: RX
[[0;32m  OK  [0m] Started [0;1;39mNetwork Manager[0m.
[[0;32m  OK  [0m] Reached target [0;1;39mNetwork[0m.
[[0;32m  OK  [0m] Reached target [0;1;39mNetwork is Online[0m.
         Starting [0;1;39mGSSAPI Proxy Daemon[0m...
         Starting [0;1;39mNotify NFS peers of a restart[0m...
         Starting [0;1;39mSystem Logging Service[0m...
         Starting [0;1;39mOpenSSH server daemon[0m...
         Starting [0;1;39mDynamic System Tuning Daemon[0m...
[[0;32m  OK  [0m] Started [0;1;39mNotify NFS peers of a restart[0m.
[[0;32m  OK  [0m] Started [0;1;39mGSSAPI Proxy Daemon[0m.
[[0;32m  OK  [0m] Reached target [0;1;39mNFS client services[0m.
[[0;32m  OK  [0m] Reached target [0;1;39mPreparation for Remote File Systems[0m.
[[0;32m  OK  [0m] Reached target [0;1;39mRemote File Systems[0m.
         Starting [0;1;39mPermit User Sessions[0m...
         Starting [0;1;39mVirtualization qemu daemon[0m...
[[0;32m  OK  [0m] Started [0;1;39mOpenSSH server daemon[0m.
[[0;32m  OK  [0m] Finished [0;1;39mPermit User Sessions[0m.
[[0;32m  OK  [0m] Started [0;1;39mDeferred execution scheduler[0m.
[[0;32m  OK  [0m] Started [0;1;39mCommand Scheduler[0m.
         Starting [0;1;39mHold until boot process finishes up[0m...
         Starting [0;1;39mTerminate Plymouth Boot Screen[0m...
[[0;32m  OK  [0m] Started [0;1;39mSystem Logging Service[0m.
[[0;32m  OK  [0m] Started [0;1;39mVirtualization qemu daemon[0m.

CentOS Stream 9
Kernel 6.19.0-rc7-v6.19-rc7-380ff27af25e-r-dirty on an x86_64

Activate the web console with: systemctl enable --now cockpit.socket

test login: 