c[?7l[2J[0mSeaBIOS (version rel-1.16.0-0-gd239552ce722-prebuilt.qemu.org)


iPXE (http://ipxe.org) 00:03.0 CA00 PCI2.10 PnP PMM+7FF91000+7FEF1000 CA00
Press Ctrl-B to configure iPXE (PCI 00:03.0)...                                                                               


Booting from ROM...
c[?7l[2J[    0.000000] Linux version 6.18.0-1d85d446f170+ (root@p-arls02) (gcc (GCC) 11.5.0 20240719 (Red Hat 11.5.0-14), GNU ld version 2.35.2-68.el9) #1 SMP PREEMPT_DYNAMIC Thu Dec  4 12:56:32 CST 2025
[    0.000000] Command line: console=ttyS0 root=/dev/sda earlyprintk=serial net.ifnames=0 plymouth.enable=0
[    0.000000] KERNEL supported cpus:
[    0.000000]   Intel GenuineIntel
[    0.000000]   AMD AuthenticAMD
[    0.000000]   Hygon HygonGenuine
[    0.000000]   Centaur CentaurHauls
[    0.000000]   zhaoxin   Shanghai  
[    0.000000] x86/CPU: Model not found in latest microcode list
[    0.000000] x86/split lock detection: #DB: warning on user-space bus_locks
[    0.000000] BIOS-provided physical RAM map:
[    0.000000] BIOS-e820: [mem 0x0000000000000000-0x000000000009fbff] usable
[    0.000000] BIOS-e820: [mem 0x000000000009fc00-0x000000000009ffff] reserved
[    0.000000] BIOS-e820: [mem 0x00000000000f0000-0x00000000000fffff] reserved
[    0.000000] BIOS-e820: [mem 0x0000000000100000-0x000000007ffdffff] usable
[    0.000000] BIOS-e820: [mem 0x000000007ffe0000-0x000000007fffffff] reserved
[    0.000000] BIOS-e820: [mem 0x00000000feffc000-0x00000000feffffff] reserved
[    0.000000] BIOS-e820: [mem 0x00000000fffc0000-0x00000000ffffffff] reserved
[    0.000000] printk: legacy bootconsole [earlyser0] enabled
[    0.000000] NX (Execute Disable) protection: active
[    0.000000] APIC: Static calls initialized
[    0.000000] SMBIOS 2.8 present.
[    0.000000] DMI: QEMU Standard PC (i440FX + PIIX, 1996), BIOS rel-1.16.0-0-gd239552ce722-prebuilt.qemu.org 04/01/2014
[    0.000000] DMI: Memory slots populated: 1/1
[    0.000000] Hypervisor detected: KVM
[    0.000000] last_pfn = 0x7ffe0 max_arch_pfn = 0x400000000
[    0.000000] kvm-clock: Using msrs 4b564d01 and 4b564d00
[    0.000003] kvm-clock: using sched offset of 1024121345 cycles
[    0.000477] clocksource: kvm-clock: mask: 0xffffffffffffffff max_cycles: 0x1cd42e4dffb, max_idle_ns: 881590591483 ns
[    0.001967] tsc: Detected 1267.200 MHz processor
[    0.009570] last_pfn = 0x7ffe0 max_arch_pfn = 0x400000000
[    0.010090] MTRR map: 4 entries (3 fixed + 1 variable; max 19), built from 8 variable MTRRs
[    0.010789] x86/PAT: Configuration [0-7]: WB  WC  UC- UC  WB  WP  UC- WT  
[    0.022641] found SMP MP-table at [mem 0x000f5ba0-0x000f5baf]
[    0.023126] Using GB pages for direct mapping
[    0.025424] ACPI: Early table checksum verification disabled
[    0.025868] ACPI: RSDP 0x00000000000F59C0 000014 (v00 BOCHS )
[    0.026338] ACPI: RSDT 0x000000007FFE1951 000034 (v01 BOCHS  BXPC     00000001 BXPC 00000001)
[    0.027023] ACPI: FACP 0x000000007FFE17FD 000074 (v01 BOCHS  BXPC     00000001 BXPC 00000001)
[    0.027711] ACPI: DSDT 0x000000007FFE0040 0017BD (v01 BOCHS  BXPC     00000001 BXPC 00000001)
[    0.028389] ACPI: FACS 0x000000007FFE0000 000040
[    0.028761] ACPI: APIC 0x000000007FFE1871 000080 (v01 BOCHS  BXPC     00000001 BXPC 00000001)
[    0.029440] ACPI: HPET 0x000000007FFE18F1 000038 (v01 BOCHS  BXPC     00000001 BXPC 00000001)
[    0.030120] ACPI: WAET 0x000000007FFE1929 000028 (v01 BOCHS  BXPC     00000001 BXPC 00000001)
[    0.030798] ACPI: Reserving FACP table memory at [mem 0x7ffe17fd-0x7ffe1870]
[    0.031356] ACPI: Reserving DSDT table memory at [mem 0x7ffe0040-0x7ffe17fc]
[    0.031916] ACPI: Reserving FACS table memory at [mem 0x7ffe0000-0x7ffe003f]
[    0.032468] ACPI: Reserving APIC table memory at [mem 0x7ffe1871-0x7ffe18f0]
[    0.033025] ACPI: Reserving HPET table memory at [mem 0x7ffe18f1-0x7ffe1928]
[    0.033579] ACPI: Reserving WAET table memory at [mem 0x7ffe1929-0x7ffe1950]
[    0.034597] No NUMA configuration found
[    0.034906] Faking a node at [mem 0x0000000000000000-0x000000007ffdffff]
[    0.035458] NODE_DATA(0) allocated [mem 0x7ffb4ec0-0x7ffdfcbf]
[    0.036537] Zone ranges:
[    0.036744]   DMA      [mem 0x0000000000001000-0x0000000000ffffff]
[    0.037233]   DMA32    [mem 0x0000000001000000-0x000000007ffdffff]
[    0.037721]   Normal   empty
[    0.037954]   Device   empty
[    0.038185] Movable zone start for each node
[    0.038532] Early memory node ranges
[    0.038815]   node   0: [mem 0x0000000000001000-0x000000000009efff]
[    0.039309]   node   0: [mem 0x0000000000100000-0x000000007ffdffff]
[    0.039804] Initmem setup node 0 [mem 0x0000000000001000-0x000000007ffdffff]
[    0.041073] On node 0, zone DMA: 1 pages in unavailable ranges
[    0.041821] On node 0, zone DMA: 97 pages in unavailable ranges
[    0.098736] On node 0, zone DMA32: 32 pages in unavailable ranges
[    0.538996] KernelAddressSanitizer initialized (generic)
[    0.539712] ACPI: PM-Timer IO Port: 0x608
[    0.540062] ACPI: LAPIC_NMI (acpi_id[0xff] dfl dfl lint[0x1])
[    0.540567] IOAPIC[0]: apic_id 0, version 17, address 0xfec00000, GSI 0-23
[    0.541112] ACPI: INT_SRC_OVR (bus 0 bus_irq 0 global_irq 2 dfl dfl)
[    0.541600] ACPI: INT_SRC_OVR (bus 0 bus_irq 5 global_irq 5 high level)
[    0.542108] ACPI: INT_SRC_OVR (bus 0 bus_irq 9 global_irq 9 high level)
[    0.542616] ACPI: INT_SRC_OVR (bus 0 bus_irq 10 global_irq 10 high level)
[    0.543136] ACPI: INT_SRC_OVR (bus 0 bus_irq 11 global_irq 11 high level)
[    0.543664] ACPI: Using ACPI (MADT) for SMP configuration information
[    0.544158] ACPI: HPET id: 0x8086a201 base: 0xfed00000
[    0.544559] TSC deadline timer available
[    0.544862] CPU topo: Max. logical packages:   1
[    0.545216] CPU topo: Max. logical dies:       1
[    0.545567] CPU topo: Max. dies per package:   1
[    0.545926] CPU topo: Max. threads per core:   1
[    0.546280] CPU topo: Num. cores per package:     2
[    0.546651] CPU topo: Num. threads per package:   2
[    0.547024] CPU topo: Allowing 2 present CPUs plus 0 hotplug CPUs
[    0.547545] kvm-guest: APIC: eoi() replaced with kvm_guest_apic_eoi_write()
[    0.548109] kvm-guest: KVM setup pv remote TLB flush
[    0.548490] kvm-guest: setup PV sched yield
[    0.548852] PM: hibernation: Registered nosave memory: [mem 0x00000000-0x00000fff]
[    0.549434] PM: hibernation: Registered nosave memory: [mem 0x0009f000-0x000fffff]
[    0.550014] [mem 0x80000000-0xfeffbfff] available for PCI devices
[    0.550478] Booting paravirtualized kernel on KVM
[    0.550846] clocksource: refined-jiffies: mask: 0xffffffff max_cycles: 0xffffffff, max_idle_ns: 7645519600211568 ns
[    0.551657] setup_percpu: NR_CPUS:8192 nr_cpumask_bits:2 nr_cpu_ids:2 nr_node_ids:1
[    0.554410] percpu: Embedded 81 pages/cpu s294912 r8192 d28672 u1048576
[    0.555082] kvm-guest: PV spinlocks enabled
[    0.555414] PV qspinlock hash table entries: 256 (order: 0, 4096 bytes, linear)
[    0.555986] Kernel command line: net.ifnames=0 console=ttyS0 root=/dev/sda earlyprintk=serial net.ifnames=0 plymouth.enable=0
[    0.557142] random: crng init done
[    0.557395] printk: log buffer data + meta data: 262144 + 917504 = 1179648 bytes
[    0.560014] Dentry cache hash table entries: 262144 (order: 9, 2097152 bytes, linear)
[    0.561765] Inode-cache hash table entries: 131072 (order: 8, 1048576 bytes, linear)
[    0.562714] Fallback order for Node 0: 0 
[    0.562727] Built 1 zonelists, mobility grouping on.  Total pages: 524158
[    0.563553] Policy zone: DMA32
[    0.563783] mem auto-init: stack:off, heap alloc:off, heap free:off
[    0.564250] stackdepot: allocating hash table via alloc_large_system_hash
[    0.564759] stackdepot hash table entries: 1048576 (order: 12, 16777216 bytes, linear)
[    0.580490] stackdepot: allocating space for 8192 stack pools via memblock
[    0.615476] SLUB: HWalign=64, Order=0-3, MinObjects=0, CPUs=2, Nodes=1
[    0.616004] kmemleak: Kernel memory leak detector disabled
[    0.654746] ftrace: allocating 74853 entries in 294 pages
[    0.655165] ftrace: allocated 294 pages with 4 groups
[    0.660314] Dynamic Preempt: voluntary
[    0.661081] Running RCU self tests
[    0.661322] Running RCU synchronous self tests
[    0.661649] rcu: Preemptible hierarchical RCU implementation.
[    0.662072] rcu: 	RCU lockdep checking is enabled.
[    0.662424] rcu: 	RCU restricting CPUs from NR_CPUS=8192 to nr_cpu_ids=2.
[    0.662931] 	Trampoline variant of Tasks RCU enabled.
[    0.663302] 	Rude variant of Tasks RCU enabled.
[    0.663635] 	Tracing variant of Tasks RCU enabled.
[    0.663990] rcu: RCU calculated value of scheduler-enlistment delay is 25 jiffies.
[    0.664545] rcu: Adjusting geometry for rcu_fanout_leaf=16, nr_cpu_ids=2
[    0.665121] Running RCU synchronous self tests
[    0.665454] RCU Tasks: Setting shift to 1 and lim to 1 rcu_task_cb_adjust=1 rcu_task_cpu_ids=2.
[    0.666101] RCU Tasks Rude: Setting shift to 1 and lim to 1 rcu_task_cb_adjust=1 rcu_task_cpu_ids=2.
[    0.666777] RCU Tasks Trace: Setting shift to 1 and lim to 1 rcu_task_cb_adjust=1 rcu_task_cpu_ids=2.
[    0.730249] NR_IRQS: 524544, nr_irqs: 440, preallocated irqs: 16
[    0.731264] rcu: srcu_init: Setting srcu_struct sizes based on contention.
[    0.738049] Console: colour VGA+ 80x25
[    0.738405] printk: legacy console [ttyS0] enabled
[    0.738405] printk: legacy console [ttyS0] enabled
[    0.739135] printk: legacy bootconsole [earlyser0] disabled
[    0.739135] printk: legacy bootconsole [earlyser0] disabled
[    0.739979] Lock dependency validator: Copyright (c) 2006 Red Hat, Inc., Ingo Molnar
[    0.740567] ... MAX_LOCKDEP_SUBCLASSES:  8
[    0.740886] ... MAX_LOCK_DEPTH:          48
[    0.741207] ... MAX_LOCKDEP_KEYS:        8192
[    0.741539] ... CLASSHASH_SIZE:          4096
[    0.741876] ... MAX_LOCKDEP_ENTRIES:     524288
[    0.742222] ... MAX_LOCKDEP_CHAINS:      524288
[    0.742569] ... CHAINHASH_SIZE:          262144
[    0.742919]  memory used by lock dependency info: 54145 kB
[    0.743335]  memory used for stack traces: 4224 kB
[    0.743699]  per task-struct memory footprint: 1920 bytes
[    0.744199] ACPI: Core revision 20250807
[    0.744879] clocksource: hpet: mask: 0xffffffff max_cycles: 0xffffffff, max_idle_ns: 19112604467 ns
[    0.745708] APIC: Switch to symmetric I/O mode setup
[    0.746314] x2apic enabled
[    0.746863] APIC: Switched APIC routing to: physical x2apic
[    0.747298] kvm-guest: APIC: send_IPI_mask() replaced with kvm_send_ipi_mask()
[    0.747856] kvm-guest: APIC: send_IPI_mask_allbutself() replaced with kvm_send_ipi_mask_allbutself()
[    0.748558] kvm-guest: setup PV IPIs
[    0.749790] ..TIMER: vector=0x30 apic1=0 pin1=2 apic2=-1 pin2=-1
[    0.750270] clocksource: tsc-early: mask: 0xffffffffffffffff max_cycles: 0x12441513526, max_idle_ns: 440795239872 ns
[    0.751078] Calibrating delay loop (skipped) preset value.. 2534.40 BogoMIPS (lpj=5068800)
[    0.751848] CPU0: Thermal monitoring enabled (TM1)
[    0.752232] x86/cpu: User Mode Instruction Prevention (UMIP) activated
[    0.752839] Last level iTLB entries: 4KB 0, 2MB 0, 4MB 0
[    0.753248] Last level dTLB entries: 4KB 0, 2MB 0, 4MB 0, 1GB 0
[    0.755109] mitigations: Enabled attack vectors: user_kernel, user_user, guest_host, guest_guest, SMT mitigations: auto
[    0.755933] Speculative Store Bypass: Mitigation: Speculative Store Bypass disabled via prctl
[    0.756575] Spectre V2 : Mitigation: Enhanced / Automatic IBRS
[    0.757015] ITS: Mitigation: Aligned branch/return thunks
[    0.757428] Spectre V1 : Mitigation: usercopy/swapgs barriers and __user pointer sanitization
[    0.758065] Spectre V2 : WARNING: Unprivileged eBPF is enabled with eIBRS on, data leaks possible via Spectre v2 BHB attacks!
[    0.758911] Spectre V2 : Spectre v2 / PBRSB-eIBRS: Retire a single CALL on VMEXIT
[    0.759072] Spectre V2 : mitigation: Enabling conditional Indirect Branch Prediction Barrier
[    0.759682] active return thunk: its_return_thunk
[    0.760038] Spectre V2 : Spectre BHI mitigation: SW BHB clearing on syscall and VM exit
[    0.760649] x86/fpu: Supporting XSAVE feature 0x001: 'x87 floating point registers'
[    0.761226] x86/fpu: Supporting XSAVE feature 0x002: 'SSE registers'
[    0.761704] x86/fpu: Supporting XSAVE feature 0x004: 'AVX registers'
[    0.762190] x86/fpu: Supporting XSAVE feature 0x200: 'Protection Keys User registers'
[    0.763069] x86/fpu: xstate_offset[2]:  576, xstate_sizes[2]:  256
[    0.763543] x86/fpu: xstate_offset[9]:  832, xstate_sizes[9]:    8
[    0.764012] x86/fpu: Enabled xstate features 0x207, context size is 840 bytes, using 'compacted' format.
[    0.910398] Freeing SMP alternatives memory: 64K
[    0.910806] pid_max: default: 32768 minimum: 301
[    0.911359] LSM: initializing lsm=capability,yama,ima,evm
[    0.911885] Yama: becoming mindful.
[    0.912571] Mount-cache hash table entries: 4096 (order: 3, 32768 bytes, linear)
[    0.913227] Mountpoint-cache hash table entries: 4096 (order: 3, 32768 bytes, linear)
[    0.915517] Running RCU synchronous self tests
[    0.915873] Running RCU synchronous self tests
[    0.916639] smpboot: CPU0: Genuine Intel(R) 0000 @ (family: 0x6, model: 0xc6, stepping: 0x0)
[    0.918295] Performance Events: unsupported CPU family 6 model 198 no PMU driver, software events only.
[    0.919064] signal: max sigframe size: 3632
[    0.919064] rcu: Hierarchical SRCU implementation.
[    0.919064] rcu: 	Max phase no-delay instances is 1000.
[    0.919096] Timer migration: 1 hierarchy levels; 8 children per group; 1 crossnode level
[    0.939337] NMI watchdog: Perf NMI watchdog permanently disabled
[    0.940062] smp: Bringing up secondary CPUs ...
[    0.941786] smpboot: x86: Booting SMP configuration:
[    0.942182] .... node  #0, CPUs:      #1
[    0.943452] smp: Brought up 1 node, 2 CPUs
[    0.944019] smpboot: Total of 2 processors activated (5068.80 BogoMIPS)
[    0.945414] Memory: 1541056K/2096632K available (80458K kernel code, 15513K rwdata, 18716K rodata, 16308K init, 68116K bss, 544148K reserved, 0K cma-reserved)
[    0.947717] devtmpfs: initialized
[    0.948837] x86/mm: Memory block size: 128MB
[    0.964055] Running RCU synchronous self tests
[    0.964340] Running RCU synchronous self tests
[    0.967110] Running RCU Tasks wait API self tests
[    0.967948] Running RCU Tasks Rude wait API self tests
[    0.967948] Running RCU Tasks Trace wait API self tests
[    0.987120] clocksource: jiffies: mask: 0xffffffff max_cycles: 0xffffffff, max_idle_ns: 7645041785100000 ns
[    0.988882] posixtimers hash table entries: 1024 (order: 5, 73728 bytes, linear)
[    0.990906] futex hash table entries: 512 (65536 bytes on 1 NUMA nodes, total 64 KiB, linear).
[    0.991928] pinctrl core: initialized pinctrl subsystem
[    0.994987] 
[    0.995077] *************************************************************
[    0.996245] **     NOTICE NOTICE NOTICE NOTICE NOTICE NOTICE NOTICE    **
[    0.997409] **                                                         **
[    0.998573] **  IOMMU DebugFS SUPPORT HAS BEEN ENABLED IN THIS KERNEL  **
[    0.999078] **                                                         **
[    1.000247] ** This means that this kernel is built to expose internal **
[    1.001423] ** IOMMU data structures, which may compromise security on **
[    1.002588] ** your system.                                            **
[    1.003076] **                                                         **
[    1.004239] ** If you see this message and you are not debugging the   **
[    1.005396] ** kernel, report this immediately to your vendor!         **
[    1.006558] **                                                         **
[    1.007076] **     NOTICE NOTICE NOTICE NOTICE NOTICE NOTICE NOTICE    **
[    1.008233] *************************************************************
[    1.009536] PM: RTC time: 04:59:22, date: 2025-12-04
[    1.015104] Callback from call_rcu_tasks_trace() invoked.
[    1.015537] NET: Registered PF_NETLINK/PF_ROUTE protocol family
[    1.017553] DMA: preallocated 256 KiB GFP_KERNEL pool for atomic allocations
[    1.018095] DMA: preallocated 256 KiB GFP_KERNEL|GFP_DMA pool for atomic allocations
[    1.018695] DMA: preallocated 256 KiB GFP_KERNEL|GFP_DMA32 pool for atomic allocations
[    1.019147] audit: initializing netlink subsys (disabled)
[    1.023268] audit: type=2000 audit(1764824362.431:1): state=initialized audit_enabled=0 res=1
[    1.025157] thermal_sys: Registered thermal governor 'fair_share'
[    1.025167] thermal_sys: Registered thermal governor 'bang_bang'
[    1.025651] thermal_sys: Registered thermal governor 'step_wise'
[    1.026111] thermal_sys: Registered thermal governor 'user_space'
[    1.027124] cpuidle: using governor ladder
[    1.027870] cpuidle: using governor menu
[    1.027870] acpiphp: ACPI Hot Plug PCI Controller Driver version: 0.5
[    1.028983] PCI: Using configuration type 1 for base access
[    1.029706] kprobes: kprobe jump-optimization is enabled. All kprobes are optimized if possible.
[    1.190744] HugeTLB: registered 1.00 GiB page size, pre-allocated 0 pages
[    1.191078] HugeTLB: 16380 KiB vmemmap can be freed for a 1.00 GiB page
[    1.191613] HugeTLB: registered 2.00 MiB page size, pre-allocated 0 pages
[    1.192154] HugeTLB: 28 KiB vmemmap can be freed for a 2.00 MiB page
[    1.206563] ACPI: Added _OSI(Module Device)
[    1.206952] ACPI: Added _OSI(Processor Device)
[    1.207083] ACPI: Added _OSI(Processor Aggregator Device)
[    1.223459] ACPI: 1 ACPI AML tables successfully acquired and loaded
[    1.229973] ACPI: Interpreter enabled
[    1.230439] ACPI: PM: (supports S0 S3 S4 S5)
[    1.230799] ACPI: Using IOAPIC for interrupt routing
[    1.231193] PCI: Using host bridge windows from ACPI; if necessary, use "pci=nocrs" and report a bug
[    1.231938] PCI: Using E820 reservations for host bridge windows
[    1.233656] ACPI: Enabled 2 GPEs in block 00 to 0F
[    1.272626] ACPI: PCI Root Bridge [PCI0] (domain 0000 [bus 00-ff])
[    1.273189] acpi PNP0A03:00: _OSC: OS supports [ASPM ClockPM Segments MSI EDR HPX-Type3]
[    1.273850] acpi PNP0A03:00: _OSC: not requesting OS control; OS requires [ExtendedConfig ASPM ClockPM MSI]
[    1.274799] acpi PNP0A03:00: fail to add MMCONFIG information, can't access extended configuration space under this bridge
[    1.279693] acpiphp: Slot [3] registered
[    1.280172] acpiphp: Slot [4] registered
[    1.280625] acpiphp: Slot [5] registered
[    1.281091] acpiphp: Slot [6] registered
[    1.281570] acpiphp: Slot [7] registered
[    1.282028] acpiphp: Slot [8] registered
[    1.282491] acpiphp: Slot [9] registered
[    1.282959] acpiphp: Slot [10] registered
[    1.283224] acpiphp: Slot [11] registered
[    1.283686] acpiphp: Slot [12] registered
[    1.284155] acpiphp: Slot [13] registered
[    1.284617] acpiphp: Slot [14] registered
[    1.285754] acpiphp: Slot [15] registered
[    1.286228] acpiphp: Slot [16] registered
[    1.286725] acpiphp: Slot [17] registered
[    1.287194] acpiphp: Slot [18] registered
[    1.287688] acpiphp: Slot [19] registered
[    1.288130] acpiphp: Slot [20] registered
[    1.288582] acpiphp: Slot [21] registered
[    1.289042] acpiphp: Slot [22] registered
[    1.289523] acpiphp: Slot [23] registered
[    1.289985] acpiphp: Slot [24] registered
[    1.290445] acpiphp: Slot [25] registered
[    1.290923] acpiphp: Slot [26] registered
[    1.291249] acpiphp: Slot [27] registered
[    1.291716] acpiphp: Slot [28] registered
[    1.292178] acpiphp: Slot [29] registered
[    1.292656] acpiphp: Slot [30] registered
[    1.293139] acpiphp: Slot [31] registered
[    1.293547] PCI host bridge to bus 0000:00
[    1.293953] pci_bus 0000:00: root bus resource [io  0x0000-0x0cf7 window]
[    1.294518] pci_bus 0000:00: root bus resource [io  0x0d00-0xffff window]
[    1.295075] pci_bus 0000:00: root bus resource [mem 0x000a0000-0x000bffff window]
[    1.295690] pci_bus 0000:00: root bus resource [mem 0x80000000-0xfebfffff window]
[    1.296300] pci_bus 0000:00: root bus resource [mem 0x100000000-0x17fffffff window]
[    1.296927] pci_bus 0000:00: root bus resource [bus 00-ff]
[    1.297500] pci 0000:00:00.0: [8086:1237] type 00 class 0x060000 conventional PCI endpoint
[    1.307145] pci 0000:00:01.0: [8086:7000] type 00 class 0x060100 conventional PCI endpoint
[    1.309146] pci 0000:00:01.1: [8086:7010] type 00 class 0x010180 conventional PCI endpoint
[    1.310365] pci 0000:00:01.1: BAR 4 [io  0xc040-0xc04f]
[    1.310811] pci 0000:00:01.1: BAR 0 [io  0x01f0-0x01f7]: legacy IDE quirk
[    1.311079] pci 0000:00:01.1: BAR 1 [io  0x03f6]: legacy IDE quirk
[    1.311584] pci 0000:00:01.1: BAR 2 [io  0x0170-0x0177]: legacy IDE quirk
[    1.312140] pci 0000:00:01.1: BAR 3 [io  0x0376]: legacy IDE quirk
[    1.313193] pci 0000:00:01.3: [8086:7113] type 00 class 0x068000 conventional PCI endpoint
[    1.314135] pci 0000:00:01.3: quirk: [io  0x0600-0x063f] claimed by PIIX4 ACPI
[    1.314725] pci 0000:00:01.3: quirk: [io  0x0700-0x070f] claimed by PIIX4 SMB
[    1.315591] pci 0000:00:02.0: [1234:1111] type 00 class 0x030000 conventional PCI endpoint
[    1.319702] pci 0000:00:02.0: BAR 0 [mem 0xfd000000-0xfdffffff pref]
[    1.320331] pci 0000:00:02.0: BAR 2 [mem 0xfebf0000-0xfebf0fff]
[    1.320820] pci 0000:00:02.0: ROM [mem 0xfebe0000-0xfebeffff pref]
[    1.321692] pci 0000:00:02.0: Video device with shadowed ROM at [mem 0x000c0000-0x000dffff]
[    1.332457] pci 0000:00:03.0: [8086:100e] type 00 class 0x020000 conventional PCI endpoint
[    1.334060] pci 0000:00:03.0: BAR 0 [mem 0xfebc0000-0xfebdffff]
[    1.334546] pci 0000:00:03.0: BAR 1 [io  0xc000-0xc03f]
[    1.334995] pci 0000:00:03.0: ROM [mem 0xfeb80000-0xfebbffff pref]
[    1.356736] ACPI: PCI: Interrupt link LNKA configured for IRQ 10
[    1.358271] ACPI: PCI: Interrupt link LNKB configured for IRQ 10
[    1.359629] ACPI: PCI: Interrupt link LNKC configured for IRQ 11
[    1.360972] ACPI: PCI: Interrupt link LNKD configured for IRQ 11
[    1.361817] ACPI: PCI: Interrupt link LNKS configured for IRQ 9
[    1.366464] iommu: Default domain type: Translated
[    1.366878] iommu: DMA domain TLB invalidation policy: lazy mode
[    1.371286] SCSI subsystem initialized
[    1.371800] ACPI: bus type USB registered
[    1.372403] usbcore: registered new interface driver usbfs
[    1.372964] usbcore: registered new interface driver hub
[    1.373459] usbcore: registered new device driver usb
[    1.375549] pps_core: LinuxPPS API ver. 1 registered
[    1.375945] pps_core: Software ver. 5.3.6 - Copyright 2005-2007 Rodolfo Giometti <giometti@linux.it>
[    1.376691] PTP clock support registered
[    1.377494] EDAC MC: Ver: 3.0.0
[    1.386238] NetLabel: Initializing
[    1.386538] NetLabel:  domain hash size = 128
[    1.386892] NetLabel:  protocols = UNLABELED CIPSOv4 CALIPSO
[    1.387274] NetLabel:  unlabeled traffic allowed by default
[    1.388525] PCI: Using ACPI for IRQ routing
[    1.389362] pci 0000:00:02.0: vgaarb: setting as boot VGA device
[    1.389843] pci 0000:00:02.0: vgaarb: bridge control possible
[    1.390298] pci 0000:00:02.0: vgaarb: VGA device added: decodes=io+mem,owns=io+mem,locks=none
[    1.390967] vgaarb: loaded
[    1.395938] hpet0: at MMIO 0xfed00000, IRQs 2, 8, 0
[    1.396351] hpet0: 3 comparators, 64-bit 100.000000 MHz counter
[    1.399254] clocksource: Switched to clocksource kvm-clock
[    3.860187] VFS: Disk quotas dquot_6.6.0
[    3.860599] VFS: Dquot-cache hash table entries: 512 (order 0, 4096 bytes)
[    3.864259] pnp: PnP ACPI init
[    3.868217] pnp: PnP ACPI: found 6 devices
[    3.896719] clocksource: acpi_pm: mask: 0xffffff max_cycles: 0xffffff, max_idle_ns: 2085701024 ns
[    3.897910] NET: Registered PF_INET protocol family
[    3.898635] IP idents hash table entries: 32768 (order: 6, 262144 bytes, linear)
[    3.900868] tcp_listen_portaddr_hash hash table entries: 1024 (order: 5, 73728 bytes, linear)
[    3.901570] Table-perturb hash table entries: 65536 (order: 6, 262144 bytes, linear)
[    3.902240] TCP established hash table entries: 16384 (order: 5, 131072 bytes, linear)
[    3.903395] TCP bind hash table entries: 16384 (order: 10, 2359296 bytes, linear)
[    3.906388] TCP: Hash tables configured (established 16384 bind 16384)
[    3.907082] UDP hash table entries: 1024 (order: 6, 262144 bytes, linear)
[    3.907794] UDP-Lite hash table entries: 1024 (order: 6, 262144 bytes, linear)
[    3.908854] NET: Registered PF_UNIX/PF_LOCAL protocol family
[    3.911230] RPC: Registered named UNIX socket transport module.
[    3.911720] RPC: Registered udp transport module.
[    3.912066] RPC: Registered tcp transport module.
[    3.912412] RPC: Registered tcp-with-tls transport module.
[    3.912808] RPC: Registered tcp NFSv4.1 backchannel transport module.
[    3.913323] pci_bus 0000:00: resource 4 [io  0x0000-0x0cf7 window]
[    3.913777] pci_bus 0000:00: resource 5 [io  0x0d00-0xffff window]
[    3.914229] pci_bus 0000:00: resource 6 [mem 0x000a0000-0x000bffff window]
[    3.914726] pci_bus 0000:00: resource 7 [mem 0x80000000-0xfebfffff window]
[    3.915225] pci_bus 0000:00: resource 8 [mem 0x100000000-0x17fffffff window]
[    3.916073] pci 0000:00:01.0: PIIX3: Enabling Passive Release
[    3.916509] pci 0000:00:00.0: Limiting direct PCI/PCI transfers
[    3.917021] PCI: CLS 0 bytes, default 64
[    3.917460] ACPI: bus type thunderbolt registered
[    3.918412] clocksource: tsc: mask: 0xffffffffffffffff max_cycles: 0x12441513526, max_idle_ns: 440795239872 ns
[    3.926887] Initialise system trusted keyrings
[    3.927410] Key type blacklist registered
[    3.928183] workingset: timestamp_bits=36 max_order=19 bucket_order=0
[    3.931149] squashfs: version 4.0 (2009/01/31) Phillip Lougher
[    3.934166] NFS: Registering the id_resolver key type
[    3.934579] Key type id_resolver registered
[    3.934887] Key type id_legacy registered
[    3.935257] nfs4filelayout_init: NFSv4 File Layout Driver Registering...
[    3.935828] nfs4flexfilelayout_init: NFSv4 Flexfile Layout Driver Registering...
[    3.937031] fuse: init (API version 7.45)
[    3.938401] SGI XFS with ACLs, security attributes, realtime, quota, no debug enabled
[    3.941029] 9p: Installing v9fs 9p2000 file system support
[    3.952015] Key type asymmetric registered
[    3.952344] Asymmetric key parser 'x509' registered
[    3.952915] Block layer SCSI generic (bsg) driver version 0.4 loaded (major 241)
[    3.954979] io scheduler mq-deadline registered
[    3.955479] io scheduler bfq registered
[    3.956625] ledtrig-cpu: registered to indicate activity on CPUs
[    3.958712] IPMI message handler: version 39.2
[    3.959126] ipmi device interface
[    3.961752] input: Power Button as /devices/LNXSYSTM:00/LNXPWRBN:00/input/input0
[    3.963220] ACPI: button: Power Button [PWRF]
[    3.966168] ERST DBG: ERST support is disabled.
[    3.968369] Serial: 8250/16550 driver, 32 ports, IRQ sharing enabled
[    3.970254] 00:04: ttyS0 at I/O 0x3f8 (irq = 4, base_baud = 115200) is a 16550A
[    4.007564] Linux agpgart interface v0.103
[    4.011089] ACPI: bus type drm_connector registered
[    4.023531] Callback from call_rcu_tasks() invoked.
[    4.039270] brd: module loaded
[    4.055857] loop: module loaded
[    4.068626] scsi host0: ata_piix
[    4.071020] scsi host1: ata_piix
[    4.071740] ata1: PATA max MWDMA2 cmd 0x1f0 ctl 0x3f6 bmdma 0xc040 irq 14 lpm-pol 0
[    4.072300] ata2: PATA max MWDMA2 cmd 0x170 ctl 0x376 bmdma 0xc048 irq 15 lpm-pol 0
[    4.075704] tun: Universal TUN/TAP device driver, 1.6
[    4.076761] e100: Intel(R) PRO/100 Network Driver
[    4.077187] e100: Copyright(c) 1999-2006 Intel Corporation
[    4.077804] e1000: Intel(R) PRO/1000 Network Driver
[    4.078164] e1000: Copyright (c) 1999-2006 Intel Corporation.
[    4.227535] ata2: found unknown device (class 0)
[    4.228252] ata1: found unknown device (class 0)
[    4.229016] ata2.00: ATAPI: QEMU DVD-ROM, 2.5+, max UDMA/100
[    4.231668] ata1.00: ATA-7: QEMU HARDDISK, 2.5+, max UDMA/100
[    4.232173] ata1.00: 17196647 sectors, multi 16: LBA48 
[    4.233741] scsi 0:0:0:0: Direct-Access     ATA      QEMU HARDDISK    2.5+ PQ: 0 ANSI: 5
[    4.236108] sd 0:0:0:0: Attached scsi generic sg0 type 0
[    4.237333] scsi 1:0:0:0: CD-ROM            QEMU     QEMU DVD-ROM     2.5+ PQ: 0 ANSI: 5
[    4.239059] sd 0:0:0:0: [sda] 17196647 512-byte logical blocks: (8.80 GB/8.20 GiB)
[    4.239782] sd 0:0:0:0: [sda] Write Protect is off
[    4.240246] sd 0:0:0:0: [sda] Write cache: enabled, read cache: enabled, doesn't support DPO or FUA
[    4.240994] sd 0:0:0:0: [sda] Preferred minimum I/O size 512 bytes
[    4.256905] scsi 1:0:0:0: Attached scsi generic sg1 type 5
[    4.267038] sd 0:0:0:0: [sda] Attached SCSI disk
[    4.728712] ACPI: \_SB_.LNKC: Enabled at IRQ 11
[    5.035006] e1000 0000:00:03.0 eth0: (PCI:33MHz:32-bit) 52:54:00:12:34:56
[    5.035601] e1000 0000:00:03.0 eth0: Intel(R) PRO/1000 Network Connection
[    5.036313] e1000e: Intel(R) PRO/1000 Network Driver
[    5.036682] e1000e: Copyright(c) 1999 - 2015 Intel Corporation.
[    5.037286] igb: Intel(R) Gigabit Ethernet Network Driver
[    5.037704] igb: Copyright (c) 2007-2014 Intel Corporation.
[    5.038514] PPP generic driver version 2.4.2
[    5.041522] VFIO - User Level meta-driver version: 0.3
[    5.043589] usbcore: registered new interface driver uas
[    5.044139] usbcore: registered new interface driver usb-storage
[    5.044874] i8042: PNP: PS/2 Controller [PNP0303:KBD,PNP0f13:MOU] at 0x60,0x64 irq 1,12
[    5.046365] serio: i8042 KBD port at 0x60,0x64 irq 1
[    5.046795] serio: i8042 AUX port at 0x60,0x64 irq 12
[    5.048053] mousedev: PS/2 mouse device common for all mice
[    5.049916] input: AT Translated Set 2 keyboard as /devices/platform/i8042/serio0/input/input1
[    5.051479] rtc_cmos 00:05: RTC can wake from S4
[    5.053744] input: VirtualPS/2 VMware VMMouse as /devices/platform/i8042/serio1/input/input4
[    5.054190] rtc_cmos 00:05: registered as rtc0
[    5.054817] rtc_cmos 00:05: setting system clock to 2025-12-04T04:59:26 UTC (1764824366)
[    5.055858] rtc_cmos 00:05: alarms up to one day, y3k, 242 bytes nvram, hpet irqs
[    5.056152] input: VirtualPS/2 VMware VMMouse as /devices/platform/i8042/serio1/input/input3
[    5.056511] i2c_dev: i2c /dev entries driver
[    5.057890] device-mapper: core: CONFIG_IMA_DISABLE_HTABLE is disabled. Duplicate IMA measurements will not be recorded in the IMA log.
[    5.058938] device-mapper: uevent: version 1.0.3
[    5.060197] device-mapper: ioctl: 4.50.0-ioctl (2025-04-28) initialised: dm-devel@lists.linux.dev
[    5.060984] intel_pstate: CPU model not supported
[    5.061616] sdhci: Secure Digital Host Controller Interface driver
[    5.062080] sdhci: Copyright(c) Pierre Ossman
[    5.062641] sdhci-pltfm: SDHCI platform and OF driver helper
[    5.063646] drop_monitor: Initializing network drop monitor service
[    5.064494] NET: Registered PF_INET6 protocol family
[    5.066785] Segment Routing with IPv6
[    5.067168] In-situ OAM (IOAM) with IPv6
[    5.067544] NET: Registered PF_PACKET protocol family
[    5.068802] 9pnet: Installing 9P2000 support
[    5.069337] Key type dns_resolver registered
[    5.071575] IPI shorthand broadcast: enabled
[    5.123776] sched_clock: Marking stable (5108005508, 15294172)->(5172974901, -49675221)
[    5.125496] registered taskstats version 1
[    5.126279] Loading compiled-in X.509 certificates
[    5.194927] Demotion targets for Node 0: null
[    5.196681] Key type .fscrypt registered
[    5.196975] Key type fscrypt-provisioning registered
[    5.202716] Key type encrypted registered
[    5.203149] ima: No TPM chip found, activating TPM-bypass!
[    5.203660] ima: Allocated hash algorithm: sha1
[    5.204073] ima: No architecture policies found
[    5.204530] evm: Initialising EVM extended attributes:
[    5.204895] evm: security.selinux
[    5.205136] evm: security.SMACK64
[    5.205380] evm: security.SMACK64EXEC
[    5.205644] evm: security.SMACK64TRANSMUTE
[    5.205939] evm: security.SMACK64MMAP
[    5.206206] evm: security.apparmor
[    5.206450] evm: security.ima
[    5.206665] evm: security.capability
[    5.206922] evm: HMAC attrs: 0x1
[    5.209881] PM:   Magic number: 5:202:969
[    5.211683] RAS: Correctable Errors collector initialized.
[    5.212960] clk: Disabling unused clocks
[    5.213672] PM: genpd: Disabling unused power domains
[    5.214759] check access for rdinit=/init failed: -2, ignoring
[    5.215061] md: Waiting for all devices to be available before autodetect
[    5.215431] md: If you don't use raid, use raid=noautodetect
[    5.215735] md: Autodetecting RAID arrays.
[    5.215968] md: autorun ...
[    5.216110] md: ... autorun DONE.
[    5.232152] EXT4-fs (sda): mounted filesystem 088740a9-c8b4-422c-999d-a804eb68a4da ro with ordered data mode. Quota mode: none.
[    5.232786] VFS: Mounted root (ext4 filesystem) readonly on device 8:0.
[    5.236718] devtmpfs: mounted
[    5.255290] Freeing unused decrypted memory: 2036K
[    5.267178] Freeing unused kernel image (initmem) memory: 16308K
[    5.267648] Write protecting the kernel read-only data: 102400k
[    5.271246] Freeing unused kernel image (text/rodata gap) memory: 1460K
[    5.272729] Freeing unused kernel image (rodata/data gap) memory: 1764K
[    5.338788] x86/mm: Checked W+X mappings: passed, no W+X pages found.
[    5.339155] Run /sbin/init as init process
[    5.613502] systemd[1]: systemd 252-15.el9 running in system mode (+PAM +AUDIT +SELINUX -APPARMOR +IMA +SMACK +SECCOMP +GCRYPT +GNUTLS +OPENSSL +ACL +BLKID +CURL +ELFUTILS -FIDO2 +IDN2 -IDN -IPTC +KMOD +LIBCRYPTSETUP +LIBFDISK +PCRE2 -PWQUALITY +P11KIT -QRENCODE +TPM2 +BZIP2 +LZ4 +XZ +ZLIB +ZSTD -BPF_FRAMEWORK +XKBCOMMON +UTMP +SYSVINIT default-hierarchy=unified)
[    5.614941] systemd[1]: Detected virtualization kvm.
[    5.615186] systemd[1]: Detected architecture x86-64.

Welcome to [0;31mCentOS Stream 9[0m!

[    5.622498] systemd[1]: Hostname set to <test>.
[    5.832239] systemd-rc-local-generator[121]: /etc/rc.d/rc.local is not marked executable, skipping.
[    6.187506] systemd[1]: Queued start job for default target Multi-User System.
[    6.210355] systemd[1]: Created slice Virtual Machine and Container Slice.
[[0;32m  OK  [0m] Created slice [0;1;39mVirtual Machine and Container Slice[0m.
[    6.215598] systemd[1]: Created slice Slice /system/getty.
[[0;32m  OK  [0m] Created slice [0;1;39mSlice /system/getty[0m.
[    6.218905] systemd[1]: Created slice Slice /system/modprobe.
[[0;32m  OK  [0m] Created slice [0;1;39mSlice /system/modprobe[0m.
[    6.222307] systemd[1]: Created slice Slice /system/serial-getty.
[[0;32m  OK  [0m] Created slice [0;1;39mSlice /system/serial-getty[0m.
[    6.225377] systemd[1]: Created slice Slice /system/sshd-keygen.
[[0;32m  OK  [0m] Created slice [0;1;39mSlice /system/sshd-keygen[0m.
[    6.228302] systemd[1]: Created slice User and Session Slice.
[[0;32m  OK  [0m] Created slice [0;1;39mUser and Session Slice[0m.
[    6.230005] systemd[1]: Started Forward Password Requests to Wall Directory Watch.
[[0;32m  OK  [0m] Started [0;1;39mForward Password R…uests to Wall Directory Watch[0m.
[    6.232839] systemd[1]: Set up automount Arbitrary Executable File Formats File System Automount Point.
[[0;32m  OK  [0m] Set up automount [0;1;39mArbitrary…s File System Automount Point[0m.
[    6.234620] systemd[1]: Reached target Local Integrity Protected Volumes.
[[0;32m  OK  [0m] Reached target [0;1;39mLocal Integrity Protected Volumes[0m.
[    6.236277] systemd[1]: Reached target Slice Units.
[[0;32m  OK  [0m] Reached target [0;1;39mSlice Units[0m.
[    6.237582] systemd[1]: Reached target Swaps.
[[0;32m  OK  [0m] Reached target [0;1;39mSwaps[0m.
[    6.238741] systemd[1]: Reached target Local Verity Protected Volumes.
[[0;32m  OK  [0m] Reached target [0;1;39mLocal Verity Protected Volumes[0m.
[    6.240497] systemd[1]: Listening on Device-mapper event daemon FIFOs.
[[0;32m  OK  [0m] Listening on [0;1;39mDevice-mapper event daemon FIFOs[0m.
[    6.242784] systemd[1]: Listening on LVM2 poll daemon socket.
[[0;32m  OK  [0m] Listening on [0;1;39mLVM2 poll daemon socket[0m.
[    6.244274] systemd[1]: multipathd control socket was skipped because of an unmet condition check (ConditionPathExists=/etc/multipath.conf).
[    6.297146] systemd[1]: Listening on RPCbind Server Activation Socket.
[[0;32m  OK  [0m] Listening on [0;1;39mRPCbind Server Activation Socket[0m.
[    6.299354] systemd[1]: Reached target RPC Port Mapper.
[[0;32m  OK  [0m] Reached target [0;1;39mRPC Port Mapper[0m.
[    6.304275] systemd[1]: Listening on Process Core Dump Socket.
[[0;32m  OK  [0m] Listening on [0;1;39mProcess Core Dump Socket[0m.
[    6.305418] systemd[1]: Listening on initctl Compatibility Named Pipe.
[[0;32m  OK  [0m] Listening on [0;1;39minitctl Compatibility Named Pipe[0m.
[    6.306765] systemd[1]: Listening on Journal Socket (/dev/log).
[[0;32m  OK  [0m] Listening on [0;1;39mJournal Socket (/dev/log)[0m.
[    6.308096] systemd[1]: Listening on Journal Socket.
[[0;32m  OK  [0m] Listening on [0;1;39mJournal Socket[0m.
[    6.309380] systemd[1]: Listening on udev Control Socket.
[[0;32m  OK  [0m] Listening on [0;1;39mudev Control Socket[0m.
[    6.310441] systemd[1]: Listening on udev Kernel Socket.
[[0;32m  OK  [0m] Listening on [0;1;39mudev Kernel Socket[0m.
[    6.315458] systemd[1]: Mounting Huge Pages File System...
         Mounting [0;1;39mHuge Pages File System[0m...
[    6.320872] systemd[1]: Mounting POSIX Message Queue File System...
         Mounting [0;1;39mPOSIX Message Queue File System[0m...
[    6.332178] systemd[1]: Mounting Kernel Debug File System...
         Mounting [0;1;39mKernel Debug File System[0m...
[    6.356249] systemd[1]: Mounting Kernel Trace File System...
         Mounting [0;1;39mKernel Trace File System[0m...
[    6.357304] systemd[1]: Kernel Module supporting RPCSEC_GSS was skipped because of an unmet condition check (ConditionPathExists=/etc/krb5.keytab).
[    6.358105] systemd[1]: Create List of Static Device Nodes was skipped because of an unmet condition check (ConditionFileNotEmpty=/lib/modules/6.18.0-1d85d446f170+/modules.devname).
[    6.365376] systemd[1]: Starting Monitoring of LVM2 mirrors, snapshots etc. using dmeventd or progress polling...
         Starting [0;1;39mMonitoring of LVM…meventd or progress polling[0m...
[    6.372561] systemd[1]: Starting Load Kernel Module configfs...
         Starting [0;1;39mLoad Kernel Module configfs[0m...
[    6.383115] systemd[1]: Starting Load Kernel Module drm...
         Starting [0;1;39mLoad Kernel Module drm[0m...
[    6.392971] systemd[1]: Starting Load Kernel Module fuse...
         Starting [0;1;39mLoad Kernel Module fuse[0m...
[    6.406584] systemd[1]: Starting Read and set NIS domainname from /etc/sysconfig/network...
         Starting [0;1;39mRead and set NIS …from /etc/sysconfig/network[0m...
[    6.416312] systemd[1]: Starting Journal Service...
         Starting [0;1;39mJournal Service[0m...
[    6.455970] systemd[1]: Starting Load Kernel Modules...
         Starting [0;1;39mLoad Kernel Modules[0m...
[    6.462369] systemd[1]: Starting Generate network units from Kernel command line...
         Starting [0;1;39mGenerate network …ts from Kernel command line[0m...
[    6.475677] systemd[1]: Starting Remount Root and Kernel File Systems...
         Starting [0;1;39mRemount Root and Kernel File Systems[0m...
[    6.477173] systemd[1]: Repartition Root Disk was skipped because no trigger condition checks were met.
[    6.494321] systemd[1]: Starting Coldplug All udev Devices...
         Starting [0;1;39mColdplug All udev Devices[0m...
[    6.513686] systemd[1]: Mounted Huge Pages File System.
[[0;32m  OK  [0m] Mounted [0;1;39mHuge Pages File System[0m.
[    6.518878] systemd[1]: Mounted POSIX Message Queue File System.
[[0;32m  OK  [0m] Mounted [0;1;39mPOSIX Message Queue File System[0m.
[    6.524436] systemd[1]: Mounted Kernel Debug File System.
[[0;32m  OK  [0m] Mounted [0;1;39mKernel Debug File System[0m.
[    6.525735] systemd[1]: Mounted Kernel Trace File System.
[[0;32m  OK  [0m] Mounted [0;1;39mKernel Trace File System[0m.
[    6.527840] systemd[1]: Finished Monitoring of LVM2 mirrors, snapshots etc. using dmeventd or progress polling.
[[0;32m  OK  [0m] Finished [0;1;39mMonitoring of LVM… dmeventd or progress polling[0m.
[    6.533508] systemd[1]: modprobe@configfs.service: Deactivated successfully.
[    6.535070] systemd[1]: Finished Load Kernel Module configfs.
[[0;32m  OK  [0m] Finished [0;1;39mLoad Kernel Module configfs[0m.
[    6.539112] systemd[1]: modprobe@drm.service: Deactivated successfully.
[    6.542831] systemd[1]: Finished Load Kernel Module drm.
[[0;32m  OK  [0m] Finished [0;1;39mLoad Kernel Module drm[0m.
[    6.544806] systemd[1]: modprobe@fuse.service: Deactivated successfully.
[    6.546067] systemd[1]: Finished Load Kernel Module fuse.
[[0;32m  OK  [0m] Finished [0;1;39mLoad Kernel Module fuse[0m.
[    6.548035] systemd[1]: Finished Read and set NIS domainname from /etc/sysconfig/network.
[[0;32m  OK  [0m] Finished [0;1;39mRead and set NIS …e from /etc/sysconfig/network[0m.
[    6.549498] systemd[1]: systemd-modules-load.service: Main process exited, code=exited, status=1/FAILURE
[    6.550576] systemd[1]: systemd-modules-load.service: Failed with result 'exit-code'.
[    6.552037] systemd[1]: Failed to start Load Kernel Modules.
[[0;1;31mFAILED[0m] Failed to start [0;1;39mLoad Kernel Modules[0m.
See 'systemctl status systemd-modules-load.service' for details.
[    6.553702] systemd[1]: Started Journal Service.
[[0;32m  OK  [0m] Started [0;1;39mJournal Service[0m.
[    6.556806] EXT4-fs (sda): re-mounted 088740a9-c8b4-422c-999d-a804eb68a4da r/w.
[[0;32m  OK  [0m] Finished [0;1;39mGenerate network units from Kernel command line[0m.
[[0;32m  OK  [0m] Finished [0;1;39mRemount Root and Kernel File Systems[0m.
[[0;32m  OK  [0m] Reached target [0;1;39mPreparation for Network[0m.
         Mounting [0;1;39mFUSE Control File System[0m...
         Mounting [0;1;39mKernel Configuration File System[0m...
         Starting [0;1;39mFlush Journal to Persistent Storage[0m...
         Starting [0;1;39mLoad/Save Random Seed[0m...
         Starting [0;1;39mApply Kernel Variables[0m...
[    6.642404] systemd-journald[143]: Received client request to flush runtime journal.
         Starting [0;1;39mCreate Static Device Nodes in /dev[0m...
         Starting [0;1;39mSetup Virtual Console[0m...
[[0;32m  OK  [0m] Mounted [0;1;39mFUSE Control File System[0m.
[[0;32m  OK  [0m] Mounted [0;1;39mKernel Configuration File System[0m.
[[0;32m  OK  [0m] Finished [0;1;39mFlush Journal to Persistent Storage[0m.
[[0;32m  OK  [0m] Finished [0;1;39mLoad/Save Random Seed[0m.
[[0;32m  OK  [0m] Finished [0;1;39mApply Kernel Variables[0m.
[[0;32m  OK  [0m] Finished [0;1;39mCreate Static Device Nodes in /dev[0m.
         Starting [0;1;39mRule-based Manage…for Device Events and Files[0m...
[[0;32m  OK  [0m] Started [0;1;39mRule-based Manager for Device Events and Files[0m.
[[0;32m  OK  [0m] Finished [0;1;39mColdplug All udev Devices[0m.
         Starting [0;1;39mAuto-connect to s…E devices found during boot[0m...
         Starting [0;1;39mWait for udev To …plete Device Initialization[0m...
[[0;32m  OK  [0m] Finished [0;1;39mSetup Virtual Console[0m.
[[0;32m  OK  [0m] Finished [0;1;39mAuto-connect to s…VME devices found during boot[0m.
[[0;32m  OK  [0m] Started [0;1;39mDispatch Password …ts to Console Directory Watch[0m.
[[0;32m  OK  [0m] Reached target [0;1;39mLocal Encrypted Volumes[0m.
[[0;32m  OK  [0m] Reached target [0;1;39mPath Units[0m.
[[0;32m  OK  [0m] Found device [0;1;39m/dev/ttyS0[0m.
[[0;32m  OK  [0m] Listening on [0;1;39mLoad/Save RF …itch Status /dev/rfkill Watch[0m.
[[0;32m  OK  [0m] Finished [0;1;39mWait for udev To Complete Device Initialization[0m.
[[0;32m  OK  [0m] Reached target [0;1;39mPreparation for Local File Systems[0m.
[[0;32m  OK  [0m] Reached target [0;1;39mLocal File Systems[0m.
         Starting [0;1;39mTell Plymouth To Write Out Runtime Data[0m...
         Starting [0;1;39mAutomatic Boot Loader Update[0m...
         Starting [0;1;39mCreate Volatile Files and Directories[0m...
[[0;32m  OK  [0m] Finished [0;1;39mTell Plymouth To Write Out Runtime Data[0m.
[[0;32m  OK  [0m] Finished [0;1;39mAutomatic Boot Loader Update[0m.
[[0;32m  OK  [0m] Finished [0;1;39mCreate Volatile Files and Directories[0m.
         Mounting [0;1;39mRPC Pipe File System[0m...
         Starting [0;1;39mSecurity Auditing Service[0m...
         Starting [0;1;39mRPC Bind[0m...
[[0;32m  OK  [0m] Mounted [0;1;39mRPC Pipe File System[0m.
[[0;32m  OK  [0m] Reached target [0;1;39mrpc_pipefs.target[0m.
[[0;32m  OK  [0m] Started [0;1;39mRPC Bind[0m.
[[0;32m  OK  [0m] Started [0;1;39mSecurity Auditing Service[0m.
         Starting [0;1;39mRecord System Boot/Shutdown in UTMP[0m...
[[0;32m  OK  [0m] Finished [0;1;39mRecord System Boot/Shutdown in UTMP[0m.
[[0;32m  OK  [0m] Reached target [0;1;39mSystem Initialization[0m.
[[0;32m  OK  [0m] Started [0;1;39mDaily rotation of log files[0m.
[[0;32m  OK  [0m] Started [0;1;39mUpdates mlocate database every day[0m.
[[0;32m  OK  [0m] Started [0;1;39mDaily Cleanup of Temporary Directories[0m.
[[0;32m  OK  [0m] Started [0;1;39mdaily update of the root trust anchor for DNSSEC[0m.
[[0;32m  OK  [0m] Reached target [0;1;39mTimer Units[0m.
[[0;32m  OK  [0m] Listening on [0;1;39mD-Bus System Message Bus Socket[0m.
[[0;32m  OK  [0m] Listening on [0;1;39mOpen-iSCSI iscsid Socket[0m.
[[0;32m  OK  [0m] Listening on [0;1;39mOpen-iSCSI iscsiuio Socket[0m.
[[0;32m  OK  [0m] Listening on [0;1;39mSSSD Kerberos…ache Manager responder socket[0m.
[[0;32m  OK  [0m] Listening on [0;1;39mLibvirt interface local socket[0m.
[[0;32m  OK  [0m] Listening on [0;1;39mVirtual machine lock manager socket[0m.
[[0;32m  OK  [0m] Listening on [0;1;39mVirtual machine log manager socket[0m.
[[0;32m  OK  [0m] Listening on [0;1;39mLibvirt network local socket[0m.
[[0;32m  OK  [0m] Listening on [0;1;39mLibvirt nodedev local socket[0m.
[[0;32m  OK  [0m] Listening on [0;1;39mLibvirt nwfilter local socket[0m.
[[0;32m  OK  [0m] Listening on [0;1;39mLibvirt proxy local socket[0m.
[[0;32m  OK  [0m] Listening on [0;1;39mLibvirt qemu local socket[0m.
[[0;32m  OK  [0m] Listening on [0;1;39mLibvirt qemu admin socket[0m.
[[0;32m  OK  [0m] Listening on [0;1;39mLibvirt qemu local read-only socket[0m.
[[0;32m  OK  [0m] Listening on [0;1;39mLibvirt secret local socket[0m.
[[0;32m  OK  [0m] Listening on [0;1;39mLibvirt storage local socket[0m.
[[0;32m  OK  [0m] Reached target [0;1;39mSocket Units[0m.
         Starting [0;1;39mD-Bus System Message Bus[0m...
[[0;32m  OK  [0m] Started [0;1;39mD-Bus System Message Bus[0m.
[[0;32m  OK  [0m] Reached target [0;1;39mBasic System[0m.
         Starting [0;1;39mNetwork Manager[0m...
         Starting [0;1;39mNTP client/server[0m...
         Starting [0;1;39mRestore /run/initramfs on shutdown[0m...
[[0;32m  OK  [0m] Started [0;1;39mirqbalance daemon[0m.
[[0;32m  OK  [0m] Started [0;1;39mlibstoragemgmt plug-in server daemon[0m.
[[0;32m  OK  [0m] Started [0;1;39mMachine Check Exception Logging Daemon[0m.
[[0;32m  OK  [0m] Reached target [0;1;39msshd-keygen.target[0m.
[[0;32m  OK  [0m] Reached target [0;1;39mUser and Group Name Lookups[0m.
         Starting [0;1;39mUser Login Management[0m...
         Starting [0;1;39mVirtual Machine a…tainer Registration Service[0m...
         Starting [0;1;39mupdate of the roo…NSSEC validation in unbound[0m...
         Starting [0;1;39mRotate log files[0m...
[[0;32m  OK  [0m] Started [0;1;39mUpdate a database for mlocate[0m.
[[0;32m  OK  [0m] Started [0;1;39mNTP client/server[0m.
[[0;32m  OK  [0m] Finished [0;1;39mRestore /run/initramfs on shutdown[0m.
[[0;32m  OK  [0m] Started [0;1;39mVirtual Machine an…ontainer Registration Service[0m.
         Starting [0;1;39mHostname Service[0m...
[[0;32m  OK  [0m] Started [0;1;39mUser Login Management[0m.
[[0;32m  OK  [0m] Finished [0;1;39mupdate of the roo… DNSSEC validation in unbound[0m.
[[0;32m  OK  [0m] Started [0;1;39mHostname Service[0m.
[[0;32m  OK  [0m] Finished [0;1;39mRotate log files[0m.
         Starting [0;1;39mNetwork Manager Script Dispatcher Service[0m...
[[0;32m  OK  [0m] Started [0;1;39mNetwork Manager Script Dispatcher Service[0m.
[   10.087537] e1000: eth0 NIC Link is Up 1000 Mbps Full Duplex, Flow Control: RX
[[0;32m  OK  [0m] Started [0;1;39mNetwork Manager[0m.
[[0;32m  OK  [0m] Reached target [0;1;39mNetwork[0m.
[[0;32m  OK  [0m] Reached target [0;1;39mNetwork is Online[0m.
         Starting [0;1;39mGSSAPI Proxy Daemon[0m...
         Starting [0;1;39mNotify NFS peers of a restart[0m...
         Starting [0;1;39mSystem Logging Service[0m...
         Starting [0;1;39mOpenSSH server daemon[0m...
         Starting [0;1;39mDynamic System Tuning Daemon[0m...
[[0;32m  OK  [0m] Started [0;1;39mNotify NFS peers of a restart[0m.
[[0;32m  OK  [0m] Started [0;1;39mGSSAPI Proxy Daemon[0m.
[[0;32m  OK  [0m] Reached target [0;1;39mNFS client services[0m.
[[0;32m  OK  [0m] Reached target [0;1;39mPreparation for Remote File Systems[0m.
[[0;32m  OK  [0m] Reached target [0;1;39mRemote File Systems[0m.
         Starting [0;1;39mPermit User Sessions[0m...
         Starting [0;1;39mVirtualization qemu daemon[0m...
[[0;32m  OK  [0m] Started [0;1;39mOpenSSH server daemon[0m.
[[0;32m  OK  [0m] Finished [0;1;39mPermit User Sessions[0m.
[[0;32m  OK  [0m] Started [0;1;39mDeferred execution scheduler[0m.
[[0;32m  OK  [0m] Started [0;1;39mCommand Scheduler[0m.
         Starting [0;1;39mHold until boot process finishes up[0m...
         Starting [0;1;39mTerminate Plymouth Boot Screen[0m...
[[0;32m  OK  [0m] Started [0;1;39mSystem Logging Service[0m.
[[0;32m  OK  [0m] Finished [0;1;39mHold until boot process finishes up[0m.
[[0;32m  OK  [0m] Started [0;1;39mGetty on tty1[0m.
[[0;32m  OK  [0m] Started [0;1;39mSerial Getty on ttyS0[0m.
[[0;32m  OK  [0m] Reached target [0;1;39mLogin Prompts[0m.
[[0;32m  OK  [0m] Finished [0;1;39mTerminate Plymouth Boot Screen[0m.
[[0;32m  OK  [0m] Started [0;1;39mVirtualization qemu daemon[0m.
         Starting [0;1;39mAuthorization Manager[0m...
[[0;32m  OK  [0m] Started [0;1;39mAuthorization Manager[0m.
[[0;32m  OK  [0m] Started [0;1;39mDynamic System Tuning Daemon[0m.
[[0;32m  OK  [0m] Reached target [0;1;39mMulti-User System[0m.
         Starting [0;1;39mRecord Runlevel Change in UTMP[0m...
[[0;32m  OK  [0m] Finished [0;1;39mRecord Runlevel Change in UTMP[0m.

CentOS Stream 9
Kernel 6.18.0-1d85d446f170+ on an x86_64

Activate the web console with: systemctl enable --now cockpit.socket

test login: [   19.504294] iommufd_mock iommufd_mock0: Adding to iommu group 0
[   19.512875] iommufd_mock iommufd_mock0: Adding to iommu group 0
[   19.522672] iommufd_mock iommufd_mock0: Adding to iommu group 0
[   19.533261] iommufd_mock iommufd_mock0: Adding to iommu group 0
[   19.543803] iommufd_mock iommufd_mock0: Adding to iommu group 0
[   19.554652] iommufd_mock iommufd_mock0: Adding to iommu group 0
[   19.565425] iommufd_mock iommufd_mock0: Adding to iommu group 0
[   19.580997] iommufd_mock iommufd_mock0: Adding to iommu group 0
[   19.590173] iommufd_mock iommufd_mock0: Adding to iommu group 0
[   19.600313] iommufd_mock iommufd_mock0: Adding to iommu group 0
[   19.611833] iommufd_mock iommufd_mock0: Adding to iommu group 0
[   19.622327] iommufd_mock iommufd_mock0: Adding to iommu group 0
[   19.632500] iommufd_mock iommufd_mock0: Adding to iommu group 0
[   19.643332] iommufd_mock iommufd_mock0: Adding to iommu group 0
[   19.654514] iommufd_mock iommufd_mock0: Adding to iommu group 0
[   19.665018] iommufd_mock iommufd_mock0: Adding to iommu group 0
[   19.675879] iommufd_mock iommufd_mock0: Adding to iommu group 0
[   19.686300] iommufd_mock iommufd_mock0: Adding to iommu group 0
[   19.696987] iommufd_mock iommufd_mock0: Adding to iommu group 0
[   19.707816] iommufd_mock iommufd_mock0: Adding to iommu group 0
[   19.718522] iommufd_mock iommufd_mock0: Adding to iommu group 0
[   19.729193] iommufd_mock iommufd_mock0: Adding to iommu group 0
[   19.739824] iommufd_mock iommufd_mock0: Adding to iommu group 0
[   19.750522] iommufd_mock iommufd_mock0: Adding to iommu group 0
[   19.761736] iommufd_mock iommufd_mock0: Adding to iommu group 0
[   19.771997] iommufd_mock iommufd_mock0: Adding to iommu group 0
[   19.782480] iommufd_mock iommufd_mock0: Adding to iommu group 0
[   19.793355] iommufd_mock iommufd_mock0: Adding to iommu group 0
[   19.804172] iommufd_mock iommufd_mock0: Adding to iommu group 0
[   19.814818] iommufd_mock iommufd_mock0: Adding to iommu group 0
[   19.825605] iommufd_mock iommufd_mock0: Adding to iommu group 0
[   19.836389] iommufd_mock iommufd_mock0: Adding to iommu group 0
[   19.846877] iommufd_mock iommufd_mock0: Adding to iommu group 0
[   19.857624] iommufd_mock iommufd_mock0: Adding to iommu group 0
[   19.868095] iommufd_mock iommufd_mock0: Adding to iommu group 0
[   19.878681] iommufd_mock iommufd_mock0: Adding to iommu group 0
[   19.889281] iommufd_mock iommufd_mock0: Adding to iommu group 0
[   19.900138] iommufd_mock iommufd_mock0: Adding to iommu group 0
[   19.910699] iommufd_mock iommufd_mock0: Adding to iommu group 0
[   19.921060] iommufd_mock iommufd_mock0: Adding to iommu group 0
[   19.932140] iommufd_mock iommufd_mock0: Adding to iommu group 0
[   19.943833] iommufd_mock iommufd_mock0: Adding to iommu group 0
[   19.953123] iommufd_mock iommufd_mock0: Adding to iommu group 0
[   19.963779] iommufd_mock iommufd_mock0: Adding to iommu group 0
[   19.974359] iommufd_mock iommufd_mock0: Adding to iommu group 0
[   19.984881] iommufd_mock iommufd_mock0: Adding to iommu group 0
[   19.995943] iommufd_mock iommufd_mock0: Adding to iommu group 0
[   20.006268] iommufd_mock iommufd_mock0: Adding to iommu group 0
[   20.017151] iommufd_mock iommufd_mock0: Adding to iommu group 0
[   20.027776] iommufd_mock iommufd_mock0: Adding to iommu group 0
[   20.038767] iommufd_mock iommufd_mock0: Adding to iommu group 0
[   20.049423] iommufd_mock iommufd_mock0: Adding to iommu group 0
[   20.059703] iommufd_mock iommufd_mock0: Adding to iommu group 0
[   20.070240] iommufd_mock iommufd_mock0: Adding to iommu group 0
[   20.081502] iommufd_mock iommufd_mock0: Adding to iommu group 0
[   20.092406] iommufd_mock iommufd_mock0: Adding to iommu group 0
[   20.103877] iommufd_mock iommufd_mock0: Adding to iommu group 0
[   20.115485] iommufd_mock iommufd_mock0: Adding to iommu group 0
[   20.124814] iommufd_mock iommufd_mock0: Adding to iommu group 0
[   20.135282] iommufd_mock iommufd_mock0: Adding to iommu group 0
[   20.145264] iommufd_mock iommufd_mock0: Adding to iommu group 0
[   20.155912] iommufd_mock iommufd_mock0: Adding to iommu group 0
[   20.166633] iommufd_mock iommufd_mock0: Adding to iommu group 0
[   20.177455] iommufd_mock iommufd_mock0: Adding to iommu group 0
[   20.188126] iommufd_mock iommufd_mock0: Adding to iommu group 0
[   20.198943] iommufd_mock iommufd_mock0: Adding to iommu group 0
[   20.209470] iommufd_mock iommufd_mock0: Adding to iommu group 0
[   20.220308] iommufd_mock iommufd_mock0: Adding to iommu group 0
[   20.231101] iommufd_mock iommufd_mock0: Adding to iommu group 0
[   20.241184] iommufd_mock iommufd_mock0: Adding to iommu group 0
[   20.251971] iommufd_mock iommufd_mock0: Adding to iommu group 0
[   20.262614] iommufd_mock iommufd_mock0: Adding to iommu group 0
[   20.273326] iommufd_mock iommufd_mock0: Adding to iommu group 0
[   20.284005] iommufd_mock iommufd_mock0: Adding to iommu group 0
[   20.295045] iommufd_mock iommufd_mock0: Adding to iommu group 0
[   20.305295] iommufd_mock iommufd_mock0: Adding to iommu group 0
[   20.316054] iommufd_mock iommufd_mock0: Adding to iommu group 0
[   20.326099] iommufd_mock iommufd_mock0: Adding to iommu group 0
[   20.337649] iommufd_mock iommufd_mock0: Adding to iommu group 0
[   20.348235] iommufd_mock iommufd_mock0: Adding to iommu group 0
[   20.358895] iommufd_mock iommufd_mock0: Adding to iommu group 0
[   20.369524] iommufd_mock iommufd_mock0: Adding to iommu group 0
[   20.380307] iommufd_mock iommufd_mock0: Adding to iommu group 0
[   20.390933] iommufd_mock iommufd_mock0: Adding to iommu group 0
[   20.401571] iommufd_mock iommufd_mock0: Adding to iommu group 0
[   20.412278] iommufd_mock iommufd_mock0: Adding to iommu group 0
[   20.423233] iommufd_mock iommufd_mock0: Adding to iommu group 0
[   20.433837] iommufd_mock iommufd_mock0: Adding to iommu group 0
[   20.444905] iommufd_mock iommufd_mock0: Adding to iommu group 0
[   20.455665] iommufd_mock iommufd_mock0: Adding to iommu group 0
[   20.466192] iommufd_mock iommufd_mock0: Adding to iommu group 0
[   20.477064] iommufd_mock iommufd_mock0: Adding to iommu group 0
[   20.487746] iommufd_mock iommufd_mock0: Adding to iommu group 0
[   20.498293] iommufd_mock iommufd_mock0: Adding to iommu group 0
[   20.509140] iommufd_mock iommufd_mock0: Adding to iommu group 0
[   20.520239] iommufd_mock iommufd_mock0: Adding to iommu group 0
[   20.530729] iommufd_mock iommufd_mock0: Adding to iommu group 0
[   20.541403] iommufd_mock iommufd_mock0: Adding to iommu group 0
[   20.552083] iommufd_mock iommufd_mock0: Adding to iommu group 0
[   20.562898] iommufd_mock iommufd_mock0: Adding to iommu group 0
[   20.573569] iommufd_mock iommufd_mock0: Adding to iommu group 0
[   20.584348] iommufd_mock iommufd_mock0: Adding to iommu group 0
[   20.595024] iommufd_mock iommufd_mock0: Adding to iommu group 0
[   20.605739] iommufd_mock iommufd_mock0: Adding to iommu group 0
[   20.616157] iommufd_mock iommufd_mock0: Adding to iommu group 0
[   20.628239] iommufd_mock iommufd_mock0: Adding to iommu group 0
[   20.637516] iommufd_mock iommufd_mock0: Adding to iommu group 0
[   20.648379] iommufd_mock iommufd_mock0: Adding to iommu group 0
[   20.658982] iommufd_mock iommufd_mock0: Adding to iommu group 0
[   20.669944] iommufd_mock iommufd_mock0: Adding to iommu group 0
[   20.680591] iommufd_mock iommufd_mock0: Adding to iommu group 0
[   20.691185] iommufd_mock iommufd_mock0: Adding to iommu group 0
[   20.701885] iommufd_mock iommufd_mock0: Adding to iommu group 0
[   20.712677] iommufd_mock iommufd_mock0: Adding to iommu group 0
[   20.723175] iommufd_mock iommufd_mock0: Adding to iommu group 0
[   20.733798] iommufd_mock iommufd_mock0: Adding to iommu group 0
[   20.744337] iommufd_mock iommufd_mock0: Adding to iommu group 0
[   20.755566] iommufd_mock iommufd_mock0: Adding to iommu group 0
[   20.766013] iommufd_mock iommufd_mock0: Adding to iommu group 0
[   20.776380] iommufd_mock iommufd_mock0: Adding to iommu group 0
[   20.787138] iommufd_mock iommufd_mock0: Adding to iommu group 0
[   20.797823] iommufd_mock iommufd_mock0: Adding to iommu group 0
[   20.808399] iommufd_mock iommufd_mock0: Adding to iommu group 0
[   20.818938] iommufd_mock iommufd_mock0: Adding to iommu group 0
[   20.829446] iommufd_mock iommufd_mock0: Adding to iommu group 0
[   20.840406] iommufd_mock iommufd_mock0: Adding to iommu group 0
[   20.850900] iommufd_mock iommufd_mock0: Adding to iommu group 0
[   20.861554] iommufd_mock iommufd_mock0: Adding to iommu group 0
[   20.872034] iommufd_mock iommufd_mock0: Adding to iommu group 0
[   20.882691] iommufd_mock iommufd_mock0: Adding to iommu group 0
[   20.893260] iommufd_mock iommufd_mock0: Adding to iommu group 0
[   20.903987] iommufd_mock iommufd_mock0: Adding to iommu group 0
[   20.914567] iommufd_mock iommufd_mock0: Adding to iommu group 0
[   20.925089] iommufd_mock iommufd_mock0: Adding to iommu group 0
[   20.935935] iommufd_mock iommufd_mock0: Adding to iommu group 0
[   20.946844] iommufd_mock iommufd_mock0: Adding to iommu group 0
[   20.957383] iommufd_mock iommufd_mock0: Adding to iommu group 0
[   20.968291] iommufd_mock iommufd_mock0: Adding to iommu group 0
[   20.979074] iommufd_mock iommufd_mock0: Adding to iommu group 0
[   20.989378] iommufd_mock iommufd_mock0: Adding to iommu group 0
[   21.000273] iommufd_mock iommufd_mock0: Adding to iommu group 0
[   21.010792] iommufd_mock iommufd_mock0: Adding to iommu group 0
[   21.021379] iommufd_mock iommufd_mock0: Adding to iommu group 0
[   21.032513] iommufd_mock iommufd_mock0: Adding to iommu group 0
[   21.042857] iommufd_mock iommufd_mock0: Adding to iommu group 0
[   21.053457] iommufd_mock iommufd_mock0: Adding to iommu group 0
[   21.064172] iommufd_mock iommufd_mock0: Adding to iommu group 0
[   21.074800] iommufd_mock iommufd_mock0: Adding to iommu group 0
[   21.085483] iommufd_mock iommufd_mock0: Adding to iommu group 0
[   21.096350] iommufd_mock iommufd_mock0: Adding to iommu group 0
[   21.106812] iommufd_mock iommufd_mock0: Adding to iommu group 0
[   21.117239] iommufd_mock iommufd_mock0: Adding to iommu group 0
[   21.128142] iommufd_mock iommufd_mock0: Adding to iommu group 0
[   21.138777] iommufd_mock iommufd_mock0: Adding to iommu group 0
[   21.149358] iommufd_mock iommufd_mock0: Adding to iommu group 0
[   21.160092] iommufd_mock iommufd_mock0: Adding to iommu group 0
[   21.170648] iommufd_mock iommufd_mock0: Adding to iommu group 0
[   21.181253] iommufd_mock iommufd_mock0: Adding to iommu group 0
[   21.192473] iommufd_mock iommufd_mock0: Adding to iommu group 0
[   21.202615] iommufd_mock iommufd_mock0: Adding to iommu group 0
[   21.213155] iommufd_mock iommufd_mock0: Adding to iommu group 0
[   21.223703] iommufd_mock iommufd_mock0: Adding to iommu group 0
[   21.234603] iommufd_mock iommufd_mock0: Adding to iommu group 0
[   21.245027] iommufd_mock iommufd_mock0: Adding to iommu group 0
[   21.255824] iommufd_mock iommufd_mock0: Adding to iommu group 0
[   21.266875] iommufd_mock iommufd_mock0: Adding to iommu group 0
[   21.277079] iommufd_mock iommufd_mock0: Adding to iommu group 0
[   21.287780] iommufd_mock iommufd_mock0: Adding to iommu group 0
[   21.298593] iommufd_mock iommufd_mock0: Adding to iommu group 0
[   21.309448] iommufd_mock iommufd_mock0: Adding to iommu group 0
[   21.320049] iommufd_mock iommufd_mock0: Adding to iommu group 0
[   21.330781] iommufd_mock iommufd_mock0: Adding to iommu group 0
[   21.341195] iommufd_mock iommufd_mock0: Adding to iommu group 0
[   21.352001] iommufd_mock iommufd_mock0: Adding to iommu group 0
[   21.362581] iommufd_mock iommufd_mock0: Adding to iommu group 0
[   21.373387] iommufd_mock iommufd_mock0: Adding to iommu group 0
[   21.384237] iommufd_mock iommufd_mock0: Adding to iommu group 0
[   21.394731] iommufd_mock iommufd_mock0: Adding to iommu group 0
[   21.405832] iommufd_mock iommufd_mock0: Adding to iommu group 0
[   21.416565] iommufd_mock iommufd_mock0: Adding to iommu group 0
[   21.427255] iommufd_mock iommufd_mock0: Adding to iommu group 0
[   21.438037] iommufd_mock iommufd_mock0: Adding to iommu group 0
[   21.448833] iommufd_mock iommufd_mock0: Adding to iommu group 0
[   21.459962] iommufd_mock iommufd_mock0: Adding to iommu group 0
[   21.470681] iommufd_mock iommufd_mock0: Adding to iommu group 0
[   21.481598] iommufd_mock iommufd_mock0: Adding to iommu group 0
[   21.492280] iommufd_mock iommufd_mock0: Adding to iommu group 0
[   21.503047] iommufd_mock iommufd_mock0: Adding to iommu group 0
[   21.513500] iommufd_mock iommufd_mock0: Adding to iommu group 0
[   21.524330] iommufd_mock iommufd_mock0: Adding to iommu group 0
[   21.534844] iommufd_mock iommufd_mock0: Adding to iommu group 0
[   21.545380] iommufd_mock iommufd_mock0: Adding to iommu group 0
[   21.556123] iommufd_mock iommufd_mock0: Adding to iommu group 0
[   21.566871] iommufd_mock iommufd_mock0: Adding to iommu group 0
[   21.577313] iommufd_mock iommufd_mock0: Adding to iommu group 0
[   21.587881] iommufd_mock iommufd_mock0: Adding to iommu group 0
[   21.598545] iommufd_mock iommufd_mock0: Adding to iommu group 0
[   21.609304] iommufd_mock iommufd_mock0: Adding to iommu group 0
[   21.620257] iommufd_mock iommufd_mock0: Adding to iommu group 0
[   21.631010] iommufd_mock iommufd_mock0: Adding to iommu group 0
[   21.641673] iommufd_mock iommufd_mock0: Adding to iommu group 0
[   21.652347] iommufd_mock iommufd_mock0: Adding to iommu group 0
[   21.662972] iommufd_mock iommufd_mock0: Adding to iommu group 0
[   21.673566] iommufd_mock iommufd_mock0: Adding to iommu group 0
[   21.684396] iommufd_mock iommufd_mock0: Adding to iommu group 0
[   21.694981] iommufd_mock iommufd_mock0: Adding to iommu group 0
[   21.705639] iommufd_mock iommufd_mock0: Adding to iommu group 0
[   21.716293] iommufd_mock iommufd_mock0: Adding to iommu group 0
[   21.727117] iommufd_mock iommufd_mock0: Adding to iommu group 0
[   21.737794] iommufd_mock iommufd_mock0: Adding to iommu group 0
[   21.748903] iommufd_mock iommufd_mock0: Adding to iommu group 0
[   21.759538] iommufd_mock iommufd_mock0: Adding to iommu group 0
[   21.770018] iommufd_mock iommufd_mock0: Adding to iommu group 0
[   21.780999] iommufd_mock iommufd_mock0: Adding to iommu group 0
[   21.791716] iommufd_mock iommufd_mock0: Adding to iommu group 0
[   21.802348] iommufd_mock iommufd_mock0: Adding to iommu group 0
[   21.813028] iommufd_mock iommufd_mock0: Adding to iommu group 0
[   21.823875] iommufd_mock iommufd_mock0: Adding to iommu group 0
[   21.834540] iommufd_mock iommufd_mock0: Adding to iommu group 0
[   21.845113] iommufd_mock iommufd_mock0: Adding to iommu group 0
[   21.856164] iommufd_mock iommufd_mock0: Adding to iommu group 0
[   21.866764] iommufd_mock iommufd_mock0: Adding to iommu group 0
[   21.877173] iommufd_mock iommufd_mock0: Adding to iommu group 0
[   21.888179] iommufd_mock iommufd_mock0: Adding to iommu group 0
[   21.898889] iommufd_mock iommufd_mock0: Adding to iommu group 0
[   21.909637] iommufd_mock iommufd_mock0: Adding to iommu group 0
[   21.920576] iommufd_mock iommufd_mock0: Adding to iommu group 0
[   21.931148] iommufd_mock iommufd_mock0: Adding to iommu group 0
[   21.941902] iommufd_mock iommufd_mock0: Adding to iommu group 0
[   21.952567] iommufd_mock iommufd_mock0: Adding to iommu group 0
[   21.963385] iommufd_mock iommufd_mock0: Adding to iommu group 0
[   21.974746] iommufd_mock iommufd_mock0: Adding to iommu group 0
[   21.985310] iommufd_mock iommufd_mock0: Adding to iommu group 0
[   21.996131] iommufd_mock iommufd_mock0: Adding to iommu group 0
[   22.006792] iommufd_mock iommufd_mock0: Adding to iommu group 0
[   22.017498] iommufd_mock iommufd_mock0: Adding to iommu group 0
[   22.028098] iommufd_mock iommufd_mock0: Adding to iommu group 0
[   22.038690] iommufd_mock iommufd_mock0: Adding to iommu group 0
[   22.049543] iommufd_mock iommufd_mock0: Adding to iommu group 0
[   22.060031] iommufd_mock iommufd_mock0: Adding to iommu group 0
[   22.070756] iommufd_mock iommufd_mock0: Adding to iommu group 0
[   22.081337] iommufd_mock iommufd_mock0: Adding to iommu group 0
[   22.092012] iommufd_mock iommufd_mock0: Adding to iommu group 0
[   22.102876] iommufd_mock iommufd_mock0: Adding to iommu group 0
[   22.113458] iommufd_mock iommufd_mock0: Adding to iommu group 0
[   22.124176] iommufd_mock iommufd_mock0: Adding to iommu group 0
[   22.134744] iommufd_mock iommufd_mock0: Adding to iommu group 0
[   22.145306] iommufd_mock iommufd_mock0: Adding to iommu group 0
[   22.156040] iommufd_mock iommufd_mock0: Adding to iommu group 0
[   22.166656] iommufd_mock iommufd_mock0: Adding to iommu group 0
[   22.177363] iommufd_mock iommufd_mock0: Adding to iommu group 0
[   22.188029] iommufd_mock iommufd_mock0: Adding to iommu group 0
[   22.199250] iommufd_mock iommufd_mock0: Adding to iommu group 0
[   22.209120] iommufd_mock iommufd_mock0: Adding to iommu group 0
[   22.219877] iommufd_mock iommufd_mock0: Adding to iommu group 0
[   22.230576] iommufd_mock iommufd_mock0: Adding to iommu group 0
[   22.241295] iommufd_mock iommufd_mock0: Adding to iommu group 0
[   22.251905] iommufd_mock iommufd_mock0: Adding to iommu group 0
[   22.262584] iommufd_mock iommufd_mock0: Adding to iommu group 0
[   22.273057] iommufd_mock iommufd_mock0: Adding to iommu group 0
[   22.284008] iommufd_mock iommufd_mock0: Adding to iommu group 0
[   22.294581] iommufd_mock iommufd_mock0: Adding to iommu group 0
[   22.305374] iommufd_mock iommufd_mock0: Adding to iommu group 0
[   22.316460] iommufd_mock iommufd_mock0: Adding to iommu group 0
[   22.326618] iommufd_mock iommufd_mock0: Adding to iommu group 0
[   22.337476] iommufd_mock iommufd_mock0: Adding to iommu group 0
[   22.348101] iommufd_mock iommufd_mock0: Adding to iommu group 0
[   22.358969] iommufd_mock iommufd_mock0: Adding to iommu group 0
[   22.369661] iommufd_mock iommufd_mock0: Adding to iommu group 0
[   22.381126] iommufd_mock iommufd_mock0: Adding to iommu group 0
[   22.391018] iommufd_mock iommufd_mock0: Adding to iommu group 0
[   22.401684] iommufd_mock iommufd_mock0: Adding to iommu group 0
[   22.412278] iommufd_mock iommufd_mock0: Adding to iommu group 0
[   22.423047] iommufd_mock iommufd_mock0: Adding to iommu group 0
[   22.433603] iommufd_mock iommufd_mock0: Adding to iommu group 0
[   22.444392] iommufd_mock iommufd_mock0: Adding to iommu group 0
[   22.455185] iommufd_mock iommufd_mock0: Adding to iommu group 0
[   22.465823] iommufd_mock iommufd_mock0: Adding to iommu group 0
[   22.476611] iommufd_mock iommufd_mock0: Adding to iommu group 0
[   22.487275] iommufd_mock iommufd_mock0: Adding to iommu group 0
[   22.497929] iommufd_mock iommufd_mock0: Adding to iommu group 0
[   22.508639] iommufd_mock iommufd_mock0: Adding to iommu group 0
[   22.520232] iommufd_mock iommufd_mock0: Adding to iommu group 0
[   22.530917] iommufd_mock iommufd_mock0: Adding to iommu group 0
[   22.541596] iommufd_mock iommufd_mock0: Adding to iommu group 0
[   22.552235] iommufd_mock iommufd_mock0: Adding to iommu group 0
[   22.563028] iommufd_mock iommufd_mock0: Adding to iommu group 0
[   22.573500] iommufd_mock iommufd_mock0: Adding to iommu group 0
[   22.584399] iommufd_mock iommufd_mock0: Adding to iommu group 0
[   22.594907] iommufd_mock iommufd_mock0: Adding to iommu group 0
[   22.605436] iommufd_mock iommufd_mock0: Adding to iommu group 0
[   22.616050] iommufd_mock iommufd_mock0: Adding to iommu group 0
[   22.626789] iommufd_mock iommufd_mock0: Adding to iommu group 0
[   22.637481] iommufd_mock iommufd_mock0: Adding to iommu group 0
[   22.648218] iommufd_mock iommufd_mock0: Adding to iommu group 0
[   22.659047] iommufd_mock iommufd_mock0: Adding to iommu group 0
[   22.669542] iommufd_mock iommufd_mock0: Adding to iommu group 0
[   22.680469] iommufd_mock iommufd_mock0: Adding to iommu group 0
[   22.690919] iommufd_mock iommufd_mock0: Adding to iommu group 0
[   22.701622] iommufd_mock iommufd_mock0: Adding to iommu group 0
[   22.712172] iommufd_mock iommufd_mock0: Adding to iommu group 0
[   22.723455] iommufd_mock iommufd_mock0: Adding to iommu group 0
[   22.733449] iommufd_mock iommufd_mock0: Adding to iommu group 0
[   22.744365] iommufd_mock iommufd_mock0: Adding to iommu group 0
[   22.754689] iommufd_mock iommufd_mock0: Adding to iommu group 0
[   22.765213] iommufd_mock iommufd_mock0: Adding to iommu group 0
[   22.776207] iommufd_mock iommufd_mock0: Adding to iommu group 0
[   22.786774] iommufd_mock iommufd_mock0: Adding to iommu group 0
[   22.797347] iommufd_mock iommufd_mock0: Adding to iommu group 0
[   22.808007] iommufd_mock iommufd_mock0: Adding to iommu group 0
[   22.818840] iommufd_mock iommufd_mock0: Adding to iommu group 0
[   22.829159] iommufd_mock iommufd_mock0: Adding to iommu group 0
[   22.839802] iommufd_mock iommufd_mock0: Adding to iommu group 0
[   22.850505] iommufd_mock iommufd_mock0: Adding to iommu group 0
[   22.861065] iommufd_mock iommufd_mock0: Adding to iommu group 0
[   22.871891] iommufd_mock iommufd_mock0: Adding to iommu group 0
[   22.882573] iommufd_mock iommufd_mock0: Adding to iommu group 0
[   22.893370] iommufd_mock iommufd_mock0: Adding to iommu group 0
[   22.904017] iommufd_mock iommufd_mock0: Adding to iommu group 0
[   22.914615] iommufd_mock iommufd_mock0: Adding to iommu group 0
[   22.925256] iommufd_mock iommufd_mock0: Adding to iommu group 0
[   22.935771] iommufd_mock iommufd_mock0: Adding to iommu group 0
[   22.946580] iommufd_mock iommufd_mock0: Adding to iommu group 0
[   22.957191] iommufd_mock iommufd_mock0: Adding to iommu group 0
[   22.967939] iommufd_mock iommufd_mock0: Adding to iommu group 0
[   22.978686] iommufd_mock iommufd_mock0: Adding to iommu group 0
[   22.989331] iommufd_mock iommufd_mock0: Adding to iommu group 0
[   23.000348] iommufd_mock iommufd_mock0: Adding to iommu group 0
[   23.010508] iommufd_mock iommufd_mock0: Adding to iommu group 0
[   23.021083] iommufd_mock iommufd_mock0: Adding to iommu group 0
[   23.031815] iommufd_mock iommufd_mock0: Adding to iommu group 0
[   23.042535] iommufd_mock iommufd_mock0: Adding to iommu group 0
[   23.053354] iommufd_mock iommufd_mock0: Adding to iommu group 0
[   23.063985] iommufd_mock iommufd_mock0: Adding to iommu group 0
[   23.074443] iommufd_mock iommufd_mock0: Adding to iommu group 0
[   23.085447] iommufd_mock iommufd_mock0: Adding to iommu group 0
[   23.096260] iommufd_mock iommufd_mock0: Adding to iommu group 0
[   23.106699] iommufd_mock iommufd_mock0: Adding to iommu group 0
[   23.117529] iommufd_mock iommufd_mock0: Adding to iommu group 0
[   23.128501] iommufd_mock iommufd_mock0: Adding to iommu group 0
[   23.139066] iommufd_mock iommufd_mock0: Adding to iommu group 0
[   23.149720] iommufd_mock iommufd_mock0: Adding to iommu group 0
[   23.160681] iommufd_mock iommufd_mock0: Adding to iommu group 0
[   23.170979] iommufd_mock iommufd_mock0: Adding to iommu group 0
[   23.181596] iommufd_mock iommufd_mock0: Adding to iommu group 0
[   23.192479] iommufd_mock iommufd_mock0: Adding to iommu group 0
[   23.202916] iommufd_mock iommufd_mock0: Adding to iommu group 0
[   23.213501] iommufd_mock iommufd_mock0: Adding to iommu group 0
[   23.224183] iommufd_mock iommufd_mock0: Adding to iommu group 0
[   23.234983] iommufd_mock iommufd_mock0: Adding to iommu group 0
[   23.245616] iommufd_mock iommufd_mock0: Adding to iommu group 0
[   23.256272] iommufd_mock iommufd_mock0: Adding to iommu group 0
[   23.267133] iommufd_mock iommufd_mock0: Adding to iommu group 0
[   23.277987] iommufd_mock iommufd_mock0: Adding to iommu group 0
[   23.288899] iommufd_mock iommufd_mock0: Adding to iommu group 0
[   23.299277] iommufd_mock iommufd_mock0: Adding to iommu group 0
[   23.309871] iommufd_mock iommufd_mock0: Adding to iommu group 0
[   23.320859] iommufd_mock iommufd_mock0: Adding to iommu group 0
[   23.331718] iommufd_mock iommufd_mock0: Adding to iommu group 0
[   23.342634] iommufd_mock iommufd_mock0: Adding to iommu group 0
[   23.353415] iommufd_mock iommufd_mock0: Adding to iommu group 0
[   23.364826] iommufd_mock iommufd_mock0: Adding to iommu group 0
[   23.375807] iommufd_mock iommufd_mock0: Adding to iommu group 0
[   23.386521] iommufd_mock iommufd_mock0: Adding to iommu group 0
[   23.397243] iommufd_mock iommufd_mock0: Adding to iommu group 0
[   23.408392] iommufd_mock iommufd_mock0: Adding to iommu group 0
[   23.418335] iommufd_mock iommufd_mock0: Adding to iommu group 0
[   23.428837] iommufd_mock iommufd_mock0: Adding to iommu group 0
[   23.439680] iommufd_mock iommufd_mock0: Adding to iommu group 0
[   23.450703] iommufd_mock iommufd_mock0: Adding to iommu group 0
[   23.461266] iommufd_mock iommufd_mock0: Adding to iommu group 0
[   23.472134] iommufd_mock iommufd_mock0: Adding to iommu group 0
[   23.482650] iommufd_mock iommufd_mock0: Adding to iommu group 0
[   23.493380] iommufd_mock iommufd_mock0: Adding to iommu group 0
[   23.504183] iommufd_mock iommufd_mock0: Adding to iommu group 0
[   23.514548] iommufd_mock iommufd_mock0: Adding to iommu group 0
[   23.525739] iommufd_mock iommufd_mock0: Adding to iommu group 0
[   23.536610] iommufd_mock iommufd_mock0: Adding to iommu group 0
[   23.547662] iommufd_mock iommufd_mock0: Adding to iommu group 0
[   23.558591] iommufd_mock iommufd_mock0: Adding to iommu group 0
[   23.569377] iommufd_mock iommufd_mock0: Adding to iommu group 0
[   23.580761] iommufd_mock iommufd_mock0: Adding to iommu group 0
[   23.590854] iommufd_mock iommufd_mock0: Adding to iommu group 0
[   23.601587] iommufd_mock iommufd_mock0: Adding to iommu group 0
[   23.612314] iommufd_mock iommufd_mock0: Adding to iommu group 0
[   23.624034] iommufd_mock iommufd_mock0: Adding to iommu group 0
[   23.634753] iommufd_mock iommufd_mock0: Adding to iommu group 0
[   23.645329] iommufd_mock iommufd_mock0: Adding to iommu group 0
[   23.655942] iommufd_mock iommufd_mock0: Adding to iommu group 0
[   23.666831] iommufd_mock iommufd_mock0: Adding to iommu group 0
[   23.677543] iommufd_mock iommufd_mock0: Adding to iommu group 0
[   23.687972] iommufd_mock iommufd_mock0: Adding to iommu group 0
[   23.698713] iommufd_mock iommufd_mock0: Adding to iommu group 0
[   23.709572] iommufd_mock iommufd_mock0: Adding to iommu group 0
[   23.720242] iommufd_mock iommufd_mock0: Adding to iommu group 0
[   23.731447] iommufd_mock iommufd_mock0: Adding to iommu group 0
[   23.742551] iommufd_mock iommufd_mock0: Adding to iommu group 0
[   23.752868] iommufd_mock iommufd_mock0: Adding to iommu group 0
[   23.765377] iommufd_mock iommufd_mock0: Adding to iommu group 0
[   23.774372] iommufd_mock iommufd_mock0: Adding to iommu group 0
[   23.785035] iommufd_mock iommufd_mock0: Adding to iommu group 0
[   23.795902] iommufd_mock iommufd_mock0: Adding to iommu group 0
[   23.806205] iommufd_mock iommufd_mock0: Adding to iommu group 0
[   23.816902] iommufd_mock iommufd_mock0: Adding to iommu group 0
[   23.828409] iommufd_mock iommufd_mock0: Adding to iommu group 0
[   23.839087] iommufd_mock iommufd_mock0: Adding to iommu group 0
[   23.850078] iommufd_mock iommufd_mock0: Adding to iommu group 0
[   23.860566] iommufd_mock iommufd_mock0: Adding to iommu group 0
[   23.871643] iommufd_mock iommufd_mock0: Adding to iommu group 0
[   23.882438] iommufd_mock iommufd_mock0: Adding to iommu group 0
[   23.893536] iommufd_mock iommufd_mock0: Adding to iommu group 0
[   23.903765] iommufd_mock iommufd_mock0: Adding to iommu group 0
[   23.914929] iommufd_mock iommufd_mock0: Adding to iommu group 0
[   23.925831] iommufd_mock iommufd_mock0: Adding to iommu group 0
[   23.937243] iommufd_mock iommufd_mock0: Adding to iommu group 0
[   23.948002] iommufd_mock iommufd_mock0: Adding to iommu group 0
[   23.958729] iommufd_mock iommufd_mock0: Adding to iommu group 0
[   23.969495] iommufd_mock iommufd_mock0: Adding to iommu group 0
[   23.980451] iommufd_mock iommufd_mock0: Adding to iommu group 0
[   23.991035] iommufd_mock iommufd_mock0: Adding to iommu group 0
[   24.001869] iommufd_mock iommufd_mock0: Adding to iommu group 0
[   24.013031] iommufd_mock iommufd_mock0: Adding to iommu group 0
[   24.024261] iommufd_mock iommufd_mock0: Adding to iommu group 0
[   24.034653] iommufd_mock iommufd_mock0: Adding to iommu group 0
[   24.045497] iommufd_mock iommufd_mock0: Adding to iommu group 0
[   24.056445] iommufd_mock iommufd_mock0: Adding to iommu group 0
[   24.067045] iommufd_mock iommufd_mock0: Adding to iommu group 0
[   24.078022] iommufd_mock iommufd_mock0: Adding to iommu group 0
[   24.088608] iommufd_mock iommufd_mock0: Adding to iommu group 0
[   24.099157] iommufd_mock iommufd_mock0: Adding to iommu group 0
[   24.109641] iommufd_mock iommufd_mock0: Adding to iommu group 0
[   24.120714] iommufd_mock iommufd_mock0: Adding to iommu group 0
[   24.131123] iommufd_mock iommufd_mock0: Adding to iommu group 0
[   24.142409] iommufd_mock iommufd_mock0: Adding to iommu group 0
[   24.152862] iommufd_mock iommufd_mock0: Adding to iommu group 0
[   24.163551] iommufd_mock iommufd_mock0: Adding to iommu group 0
[   24.174178] iommufd_mock iommufd_mock0: Adding to iommu group 0
[   24.184893] iommufd_mock iommufd_mock0: Adding to iommu group 0
[   24.195662] iommufd_mock iommufd_mock0: Adding to iommu group 0
[   24.206418] iommufd_mock iommufd_mock0: Adding to iommu group 0
[   24.217211] iommufd_mock iommufd_mock0: Adding to iommu group 0
[   24.227885] iommufd_mock iommufd_mock0: Adding to iommu group 0
[   24.238722] iommufd_mock iommufd_mock0: Adding to iommu group 0
[   24.249272] iommufd_mock iommufd_mock0: Adding to iommu group 0
[   24.260466] iommufd_mock iommufd_mock0: Adding to iommu group 0
[   24.271117] iommufd_mock iommufd_mock0: Adding to iommu group 0
[   24.281633] iommufd_mock iommufd_mock0: Adding to iommu group 0
[   24.292473] iommufd_mock iommufd_mock0: Adding to iommu group 0
[   24.303065] iommufd_mock iommufd_mock0: Adding to iommu group 0
[   24.313976] iommufd_mock iommufd_mock0: Adding to iommu group 0
[   24.324826] iommufd_mock iommufd_mock0: Adding to iommu group 0
[   24.335715] iommufd_mock iommufd_mock0: Adding to iommu group 0
[   24.346229] iommufd_mock iommufd_mock0: Adding to iommu group 0
[   24.357000] iommufd_mock iommufd_mock0: Adding to iommu group 0
[   24.367627] iommufd_mock iommufd_mock0: Adding to iommu group 0
[   24.378092] iommufd_mock iommufd_mock0: Adding to iommu group 0
[   24.389004] iommufd_mock iommufd_mock0: Adding to iommu group 0
[   24.399993] iommufd_mock iommufd_mock0: Adding to iommu group 0
[   24.410650] iommufd_mock iommufd_mock0: Adding to iommu group 0
[   24.421157] iommufd_mock iommufd_mock0: Adding to iommu group 0
[   24.432031] iommufd_mock iommufd_mock0: Adding to iommu group 0
[   24.442664] iommufd_mock iommufd_mock0: Adding to iommu group 0
[   24.453176] iommufd_mock iommufd_mock0: Adding to iommu group 0
[   24.463787] iommufd_mock iommufd_mock0: Adding to iommu group 0
[   24.474538] iommufd_mock iommufd_mock0: Adding to iommu group 0
[   24.485139] iommufd_mock iommufd_mock0: Adding to iommu group 0
[   24.495796] iommufd_mock iommufd_mock0: Adding to iommu group 0
[   24.506835] iommufd_mock iommufd_mock0: Adding to iommu group 0
[   24.517396] iommufd_mock iommufd_mock0: Adding to iommu group 0
[   24.528180] iommufd_mock iommufd_mock0: Adding to iommu group 0
[   24.539193] iommufd_mock iommufd_mock0: Adding to iommu group 0
[   24.550147] iommufd_mock iommufd_mock0: Adding to iommu group 0
[   24.561365] iommufd_mock iommufd_mock0: Adding to iommu group 0
[   24.571793] iommufd_mock iommufd_mock0: Adding to iommu group 0
[   24.583765] iommufd_mock iommufd_mock0: Adding to iommu group 0
[   24.594984] iommufd_mock iommufd_mock0: Adding to iommu group 0
[   24.604038] iommufd_mock iommufd_mock0: Adding to iommu group 0
[   24.615148] iommufd_mock iommufd_mock0: Adding to iommu group 0
[   24.625588] iommufd_mock iommufd_mock0: Adding to iommu group 0
[   24.636314] iommufd_mock iommufd_mock0: Adding to iommu group 0
[   24.647075] iommufd_mock iommufd_mock0: Adding to iommu group 0
[   24.657629] iommufd_mock iommufd_mock0: Adding to iommu group 0
[   24.668350] iommufd_mock iommufd_mock0: Adding to iommu group 0
[   24.678712] iommufd_mock iommufd_mock0: Adding to iommu group 0
[   24.689623] iommufd_mock iommufd_mock0: Adding to iommu group 0
[   24.701209] iommufd_mock iommufd_mock0: Adding to iommu group 0
[   24.711372] iommufd_mock iommufd_mock0: Adding to iommu group 0
[   24.722198] iommufd_mock iommufd_mock0: Adding to iommu group 0
[   24.732635] iommufd_mock iommufd_mock0: Adding to iommu group 0
[   24.743836] iommufd_mock iommufd_mock0: Adding to iommu group 0
[   24.755476] iommufd_mock iommufd_mock0: Adding to iommu group 0
[   24.765254] iommufd_mock iommufd_mock0: Adding to iommu group 0
[   24.775810] iommufd_mock iommufd_mock0: Adding to iommu group 0
[   24.786430] iommufd_mock iommufd_mock0: Adding to iommu group 0
[   24.797078] iommufd_mock iommufd_mock0: Adding to iommu group 0
[   24.807709] iommufd_mock iommufd_mock0: Adding to iommu group 0
[   24.818181] iommufd_mock iommufd_mock0: Adding to iommu group 0
[   24.828924] iommufd_mock iommufd_mock0: Adding to iommu group 0
[   24.839652] iommufd_mock iommufd_mock0: Adding to iommu group 0
[   24.850246] iommufd_mock iommufd_mock0: Adding to iommu group 0
[   24.861099] iommufd_mock iommufd_mock0: Adding to iommu group 0
[   24.871845] iommufd_mock iommufd_mock0: Adding to iommu group 0
[   24.882426] iommufd_mock iommufd_mock0: Adding to iommu group 0
[   24.892960] iommufd_mock iommufd_mock0: Adding to iommu group 0
[   24.903944] iommufd_mock iommufd_mock0: Adding to iommu group 0
[   24.914163] iommufd_mock iommufd_mock0: Adding to iommu group 0
[   24.925412] iommufd_mock iommufd_mock0: Adding to iommu group 0
[   24.935978] iommufd_mock iommufd_mock0: Adding to iommu group 0
[   24.946557] iommufd_mock iommufd_mock0: Adding to iommu group 0
[   24.956959] iommufd_mock iommufd_mock0: Adding to iommu group 0
[   24.968387] iommufd_mock iommufd_mock0: Adding to iommu group 0
[   24.978296] iommufd_mock iommufd_mock0: Adding to iommu group 0
[   24.989193] iommufd_mock iommufd_mock0: Adding to iommu group 0
[   24.999881] iommufd_mock iommufd_mock0: Adding to iommu group 0
[   25.010358] iommufd_mock iommufd_mock0: Adding to iommu group 0
[   25.021271] iommufd_mock iommufd_mock0: Adding to iommu group 0
[   25.032330] iommufd_mock iommufd_mock0: Adding to iommu group 0
[   25.043695] iommufd_mock iommufd_mock0: Adding to iommu group 0
[   25.052926] iommufd_mock iommufd_mock0: Adding to iommu group 0
[   25.064495] iommufd_mock iommufd_mock0: Adding to iommu group 0
[   25.074195] iommufd_mock iommufd_mock0: Adding to iommu group 0
[   25.084998] iommufd_mock iommufd_mock0: Adding to iommu group 0
[   25.096139] iommufd_mock iommufd_mock0: Adding to iommu group 0
[   25.106840] iommufd_mock iommufd_mock0: Adding to iommu group 0
[   25.117512] iommufd_mock iommufd_mock0: Adding to iommu group 0
[   25.127505] iommufd_mock iommufd_mock0: Adding to iommu group 0
[   25.138622] iommufd_mock iommufd_mock0: Adding to iommu group 0
[   25.148888] iommufd_mock iommufd_mock0: Adding to iommu group 0
[   25.160211] iommufd_mock iommufd_mock0: Adding to iommu group 0
[   25.170059] iommufd_mock iommufd_mock0: Adding to iommu group 0
[   25.180121] iommufd_mock iommufd_mock0: Adding to iommu group 0
[   25.190773] iommufd_mock iommufd_mock0: Adding to iommu group 0
[   25.201484] iommufd_mock iommufd_mock0: Adding to iommu group 0
[   25.211901] iommufd_mock iommufd_mock0: Adding to iommu group 0
[   25.222598] iommufd_mock iommufd_mock0: Adding to iommu group 0
[   25.233131] iommufd_mock iommufd_mock0: Adding to iommu group 0
[   25.243847] iommufd_mock iommufd_mock0: Adding to iommu group 0
[   25.254290] iommufd_mock iommufd_mock0: Adding to iommu group 0
[   25.264982] iommufd_mock iommufd_mock0: Adding to iommu group 0
[   25.275567] iommufd_mock iommufd_mock0: Adding to iommu group 0
[   25.286146] iommufd_mock iommufd_mock0: Adding to iommu group 0
[   25.297504] iommufd_mock iommufd_mock0: Adding to iommu group 0
[   25.307323] iommufd_mock iommufd_mock0: Adding to iommu group 0
[   25.318674] iommufd_mock iommufd_mock0: Adding to iommu group 0
[   25.328651] iommufd_mock iommufd_mock0: Adding to iommu group 0
[   25.339102] iommufd_mock iommufd_mock0: Adding to iommu group 0
[   25.349749] iommufd_mock iommufd_mock0: Adding to iommu group 0
[   25.360422] iommufd_mock iommufd_mock0: Adding to iommu group 0
[   25.370924] iommufd_mock iommufd_mock0: Adding to iommu group 0
[   25.381856] iommufd_mock iommufd_mock0: Adding to iommu group 0
[   25.392041] iommufd_mock iommufd_mock0: Adding to iommu group 0
[   25.402822] iommufd_mock iommufd_mock0: Adding to iommu group 0
[   25.413739] iommufd_mock iommufd_mock0: Adding to iommu group 0
[   25.424303] iommufd_mock iommufd_mock0: Adding to iommu group 0
[   25.434864] iommufd_mock iommufd_mock0: Adding to iommu group 0
[   25.445333] iommufd_mock iommufd_mock0: Adding to iommu group 0
[   25.456247] iommufd_mock iommufd_mock0: Adding to iommu group 0
[   25.466213] iommufd_mock iommufd_mock0: Adding to iommu group 0
[   25.477303] iommufd_mock iommufd_mock0: Adding to iommu group 0
[   25.487951] iommufd_mock iommufd_mock0: Adding to iommu group 0
[   25.498294] iommufd_mock iommufd_mock0: Adding to iommu group 0
[   25.509045] iommufd_mock iommufd_mock0: Adding to iommu group 0
[   25.520245] iommufd_mock iommufd_mock0: Adding to iommu group 0
[   25.531017] iommufd_mock iommufd_mock0: Adding to iommu group 0
[   25.540697] iommufd_mock iommufd_mock0: Adding to iommu group 0
[   25.551663] iommufd_mock iommufd_mock0: Adding to iommu group 0
[   25.562905] iommufd_mock iommufd_mock0: Adding to iommu group 0
[   25.572726] iommufd_mock iommufd_mock0: Adding to iommu group 0
[   25.583563] iommufd_mock iommufd_mock0: Adding to iommu group 0
[   25.593780] iommufd_mock iommufd_mock0: Adding to iommu group 0
[   25.604983] iommufd_mock iommufd_mock0: Adding to iommu group 0
[   25.615157] iommufd_mock iommufd_mock0: Adding to iommu group 0
[   25.625598] iommufd_mock iommufd_mock0: Adding to iommu group 0
[   25.636994] iommufd_mock iommufd_mock0: Adding to iommu group 0
[   25.646862] iommufd_mock iommufd_mock0: Adding to iommu group 0
[   25.657642] iommufd_mock iommufd_mock0: Adding to iommu group 0
[   25.668113] iommufd_mock iommufd_mock0: Adding to iommu group 0
[   25.679290] iommufd_mock iommufd_mock0: Adding to iommu group 0
[   25.689147] iommufd_mock iommufd_mock0: Adding to iommu group 0
[   25.699938] iommufd_mock iommufd_mock0: Adding to iommu group 0
[   25.710294] iommufd_mock iommufd_mock0: Adding to iommu group 0
[   25.720971] iommufd_mock iommufd_mock0: Adding to iommu group 0
[   25.731695] iommufd_mock iommufd_mock0: Adding to iommu group 0
[   25.741817] iommufd_mock iommufd_mock0: Adding to iommu group 0
[   25.752886] iommufd_mock iommufd_mock0: Adding to iommu group 0
[   25.764333] iommufd_mock iommufd_mock0: Adding to iommu group 0
[   25.773998] iommufd_mock iommufd_mock0: Adding to iommu group 0
[   25.784719] iommufd_mock iommufd_mock0: Adding to iommu group 0
[   25.795693] iommufd_mock iommufd_mock0: Adding to iommu group 0
[   25.806259] iommufd_mock iommufd_mock0: Adding to iommu group 0
[   25.816805] iommufd_mock iommufd_mock0: Adding to iommu group 0
[   25.827572] iommufd_mock iommufd_mock0: Adding to iommu group 0
[   25.837960] iommufd_mock iommufd_mock0: Adding to iommu group 0
[   25.848773] iommufd_mock iommufd_mock0: Adding to iommu group 0
[   25.860353] iommufd_mock iommufd_mock0: Adding to iommu group 0
[   25.870737] iommufd_mock iommufd_mock0: Adding to iommu group 0
[   25.880554] iommufd_mock iommufd_mock0: Adding to iommu group 0
[   25.891438] iommufd_mock iommufd_mock0: Adding to iommu group 0
[   25.902013] iommufd_mock iommufd_mock0: Adding to iommu group 0
[   25.912918] iommufd_mock iommufd_mock0: Adding to iommu group 0
[   25.923519] iommufd_mock iommufd_mock0: Adding to iommu group 0
[   25.933970] iommufd_mock iommufd_mock0: Adding to iommu group 0
[   25.944783] iommufd_mock iommufd_mock0: Adding to iommu group 0
[   25.955560] iommufd_mock iommufd_mock0: Adding to iommu group 0
[   25.965833] iommufd_mock iommufd_mock0: Adding to iommu group 0
[   25.976414] iommufd_mock iommufd_mock0: Adding to iommu group 0
[   25.987114] iommufd_mock iommufd_mock0: Adding to iommu group 0
[   25.997743] iommufd_mock iommufd_mock0: Adding to iommu group 0
[   26.008392] iommufd_mock iommufd_mock0: Adding to iommu group 0
[   26.019984] iommufd_mock iommufd_mock0: Adding to iommu group 0
[   26.029566] iommufd_mock iommufd_mock0: Adding to iommu group 0
[   26.041096] iommufd_mock iommufd_mock0: Adding to iommu group 0
[   26.050829] iommufd_mock iommufd_mock0: Adding to iommu group 0
[   26.061378] iommufd_mock iommufd_mock0: Adding to iommu group 0
[   26.072467] iommufd_mock iommufd_mock0: Adding to iommu group 0
[   26.082576] iommufd_mock iommufd_mock0: Adding to iommu group 0
[   26.092939] iommufd_mock iommufd_mock0: Adding to iommu group 0
[   26.104260] iommufd_mock iommufd_mock0: Adding to iommu group 0
[   26.114817] iommufd_mock iommufd_mock0: Adding to iommu group 0
[   26.124712] iommufd_mock iommufd_mock0: Adding to iommu group 0
[   26.135529] iommufd_mock iommufd_mock0: Adding to iommu group 0
[   26.146012] iommufd_mock iommufd_mock0: Adding to iommu group 0
[   26.156646] iommufd_mock iommufd_mock0: Adding to iommu group 0
[   26.167725] iommufd_mock iommufd_mock0: Adding to iommu group 0
[   26.178237] iommufd_mock iommufd_mock0: Adding to iommu group 0
[   26.188663] iommufd_mock iommufd_mock0: Adding to iommu group 0
[   26.199245] iommufd_mock iommufd_mock0: Adding to iommu group 0
[   26.209678] iommufd_mock iommufd_mock0: Adding to iommu group 0
[   26.220557] iommufd_mock iommufd_mock0: Adding to iommu group 0
[   26.231209] iommufd_mock iommufd_mock0: Adding to iommu group 0
[   26.241776] iommufd_mock iommufd_mock0: Adding to iommu group 0
[   26.252342] iommufd_mock iommufd_mock0: Adding to iommu group 0
[   26.263162] iommufd_mock iommufd_mock0: Adding to iommu group 0
[   26.273770] iommufd_mock iommufd_mock0: Adding to iommu group 0
[   26.284270] iommufd_mock iommufd_mock0: Adding to iommu group 0
[   26.294640] iommufd_mock iommufd_mock0: Adding to iommu group 0
[   26.305150] iommufd_mock iommufd_mock0: Adding to iommu group 0
[   26.315911] iommufd_mock iommufd_mock0: Adding to iommu group 0
[   26.326281] iommufd_mock iommufd_mock0: Adding to iommu group 0
[   26.336997] iommufd_mock iommufd_mock0: Adding to iommu group 0
[   26.348107] iommufd_mock iommufd_mock0: Adding to iommu group 0
[   26.358022] iommufd_mock iommufd_mock0: Adding to iommu group 0
[   26.368863] iommufd_mock iommufd_mock0: Adding to iommu group 0
[   26.379651] iommufd_mock iommufd_mock0: Adding to iommu group 0
[   26.389760] iommufd_mock iommufd_mock0: Adding to iommu group 0
[   26.400592] iommufd_mock iommufd_mock0: Adding to iommu group 0
[   26.411031] iommufd_mock iommufd_mock0: Adding to iommu group 0
[   26.421716] iommufd_mock iommufd_mock0: Adding to iommu group 0
[   26.432413] iommufd_mock iommufd_mock0: Adding to iommu group 0
[   26.443042] iommufd_mock iommufd_mock0: Adding to iommu group 0
[   26.453552] iommufd_mock iommufd_mock0: Adding to iommu group 0
[   26.464126] iommufd_mock iommufd_mock0: Adding to iommu group 0
[   26.474679] iommufd_mock iommufd_mock0: Adding to iommu group 0
[   26.485098] iommufd_mock iommufd_mock0: Adding to iommu group 0
[   26.495890] iommufd_mock iommufd_mock0: Adding to iommu group 0
[   26.506154] iommufd_mock iommufd_mock0: Adding to iommu group 0
[   26.516704] iommufd_mock iommufd_mock0: Adding to iommu group 0
[   26.527501] iommufd_mock iommufd_mock0: Adding to iommu group 0
[   26.537910] iommufd_mock iommufd_mock0: Adding to iommu group 0
[   26.548558] iommufd_mock iommufd_mock0: Adding to iommu group 0
[   26.558946] iommufd_mock iommufd_mock0: Adding to iommu group 0
[   26.569451] iommufd_mock iommufd_mock0: Adding to iommu group 0
[   26.579939] iommufd_mock iommufd_mock0: Adding to iommu group 0
[   26.590557] iommufd_mock iommufd_mock0: Adding to iommu group 0
[   26.601052] iommufd_mock iommufd_mock0: Adding to iommu group 0
[   26.611574] iommufd_mock iommufd_mock0: Adding to iommu group 0
[   26.622170] iommufd_mock iommufd_mock0: Adding to iommu group 0
[   26.632897] iommufd_mock iommufd_mock0: Adding to iommu group 0
[   26.643580] iommufd_mock iommufd_mock0: Adding to iommu group 0
[   26.654131] iommufd_mock iommufd_mock0: Adding to iommu group 0
[   26.664990] iommufd_mock iommufd_mock0: Adding to iommu group 0
[   26.675752] iommufd_mock iommufd_mock0: Adding to iommu group 0
[   26.686280] iommufd_mock iommufd_mock0: Adding to iommu group 0
[   26.696964] iommufd_mock iommufd_mock0: Adding to iommu group 0
[   26.707864] iommufd_mock iommufd_mock0: Adding to iommu group 0
[   26.718385] iommufd_mock iommufd_mock0: Adding to iommu group 0
[   26.729029] iommufd_mock iommufd_mock0: Adding to iommu group 0
[   26.739678] iommufd_mock iommufd_mock0: Adding to iommu group 0
[   26.750252] iommufd_mock iommufd_mock0: Adding to iommu group 0
[   26.760673] iommufd_mock iommufd_mock0: Adding to iommu group 0
[   26.771271] iommufd_mock iommufd_mock0: Adding to iommu group 0
[   26.781786] iommufd_mock iommufd_mock0: Adding to iommu group 0
[   26.792303] iommufd_mock iommufd_mock0: Adding to iommu group 0
[   26.802867] iommufd_mock iommufd_mock0: Adding to iommu group 0
[   26.813307] iommufd_mock iommufd_mock0: Adding to iommu group 0
[   26.823853] iommufd_mock iommufd_mock0: Adding to iommu group 0
[   26.834310] iommufd_mock iommufd_mock0: Adding to iommu group 0
[   26.844745] iommufd_mock iommufd_mock0: Adding to iommu group 0
[   26.855591] iommufd_mock iommufd_mock0: Adding to iommu group 0
[   26.866062] iommufd_mock iommufd_mock0: Adding to iommu group 0
[   26.876818] iommufd_mock iommufd_mock0: Adding to iommu group 0
[   26.887501] iommufd_mock iommufd_mock0: Adding to iommu group 0
[   26.898403] iommufd_mock iommufd_mock0: Adding to iommu group 0
[   26.909048] iommufd_mock iommufd_mock0: Adding to iommu group 0
[   26.919744] iommufd_mock iommufd_mock0: Adding to iommu group 0
[   26.930457] iommufd_mock iommufd_mock0: Adding to iommu group 0
[   26.941037] iommufd_mock iommufd_mock0: Adding to iommu group 0
[   26.951568] iommufd_mock iommufd_mock0: Adding to iommu group 0
[   26.962291] iommufd_mock iommufd_mock0: Adding to iommu group 0
[   26.972978] iommufd_mock iommufd_mock0: Adding to iommu group 0
[   26.983702] iommufd_mock iommufd_mock0: Adding to iommu group 0
[   26.994290] iommufd_mock iommufd_mock0: Adding to iommu group 0
[   27.004963] iommufd_mock iommufd_mock0: Adding to iommu group 0
[   27.015569] iommufd_mock iommufd_mock0: Adding to iommu group 0
