c[?7l[2J[0mSeaBIOS (version rel-1.16.0-0-gd239552ce722-prebuilt.qemu.org)


iPXE (http://ipxe.org) 00:03.0 CA00 PCI2.10 PnP PMM+7FF91000+7FEF1000 CA00
Press Ctrl-B to configure iPXE (PCI 00:03.0)...                                                                               


Booting from ROM...
c[?7l[2J[    0.000000] Linux version 6.18.0-rc3-4a00f9434891+ (root@p-arls02) (gcc (GCC) 11.5.0 20240719 (Red Hat 11.5.0-14), GNU ld version 2.35.2-68.el9) #1 SMP PREEMPT_DYNAMIC Thu Dec  4 17:26:10 CST 2025
[    0.000000] Command line: console=ttyS0 root=/dev/sda earlyprintk=serial net.ifnames=0 plymouth.enable=0
[    0.000000] KERNEL supported cpus:
[    0.000000]   Intel GenuineIntel
[    0.000000]   AMD AuthenticAMD
[    0.000000]   Hygon HygonGenuine
[    0.000000]   Centaur CentaurHauls
[    0.000000]   zhaoxin   Shanghai  
[    0.000000] x86/CPU: Model not found in latest microcode list
[    0.000000] x86/split lock detection: #DB: warning on user-space bus_locks
[    0.000000] BIOS-provided physical RAM map:
[    0.000000] BIOS-e820: [mem 0x0000000000000000-0x000000000009fbff] usable
[    0.000000] BIOS-e820: [mem 0x000000000009fc00-0x000000000009ffff] reserved
[    0.000000] BIOS-e820: [mem 0x00000000000f0000-0x00000000000fffff] reserved
[    0.000000] BIOS-e820: [mem 0x0000000000100000-0x000000007ffdffff] usable
[    0.000000] BIOS-e820: [mem 0x000000007ffe0000-0x000000007fffffff] reserved
[    0.000000] BIOS-e820: [mem 0x00000000feffc000-0x00000000feffffff] reserved
[    0.000000] BIOS-e820: [mem 0x00000000fffc0000-0x00000000ffffffff] reserved
[    0.000000] printk: legacy bootconsole [earlyser0] enabled
[    0.000000] NX (Execute Disable) protection: active
[    0.000000] APIC: Static calls initialized
[    0.000000] SMBIOS 2.8 present.
[    0.000000] DMI: QEMU Standard PC (i440FX + PIIX, 1996), BIOS rel-1.16.0-0-gd239552ce722-prebuilt.qemu.org 04/01/2014
[    0.000000] DMI: Memory slots populated: 1/1
[    0.000000] Hypervisor detected: KVM
[    0.000000] last_pfn = 0x7ffe0 max_arch_pfn = 0x400000000
[    0.000000] kvm-clock: Using msrs 4b564d01 and 4b564d00
[    0.000002] kvm-clock: using sched offset of 949860988 cycles
[    0.000433] clocksource: kvm-clock: mask: 0xffffffffffffffff max_cycles: 0x1cd42e4dffb, max_idle_ns: 881590591483 ns
[    0.001747] tsc: Detected 1267.200 MHz processor
[    0.008302] last_pfn = 0x7ffe0 max_arch_pfn = 0x400000000
[    0.008760] MTRR map: 4 entries (3 fixed + 1 variable; max 19), built from 8 variable MTRRs
[    0.009418] x86/PAT: Configuration [0-7]: WB  WC  UC- UC  WB  WP  UC- WT  
[    0.018246] found SMP MP-table at [mem 0x000f5ba0-0x000f5baf]
[    0.018736] Using GB pages for direct mapping
[    0.020894] ACPI: Early table checksum verification disabled
[    0.021352] ACPI: RSDP 0x00000000000F59C0 000014 (v00 BOCHS )
[    0.021825] ACPI: RSDT 0x000000007FFE1951 000034 (v01 BOCHS  BXPC     00000001 BXPC 00000001)
[    0.022519] ACPI: FACP 0x000000007FFE17FD 000074 (v01 BOCHS  BXPC     00000001 BXPC 00000001)
[    0.023202] ACPI: DSDT 0x000000007FFE0040 0017BD (v01 BOCHS  BXPC     00000001 BXPC 00000001)
[    0.023882] ACPI: FACS 0x000000007FFE0000 000040
[    0.024260] ACPI: APIC 0x000000007FFE1871 000080 (v01 BOCHS  BXPC     00000001 BXPC 00000001)
[    0.024937] ACPI: HPET 0x000000007FFE18F1 000038 (v01 BOCHS  BXPC     00000001 BXPC 00000001)
[    0.025617] ACPI: WAET 0x000000007FFE1929 000028 (v01 BOCHS  BXPC     00000001 BXPC 00000001)
[    0.026298] ACPI: Reserving FACP table memory at [mem 0x7ffe17fd-0x7ffe1870]
[    0.026852] ACPI: Reserving DSDT table memory at [mem 0x7ffe0040-0x7ffe17fc]
[    0.027413] ACPI: Reserving FACS table memory at [mem 0x7ffe0000-0x7ffe003f]
[    0.027967] ACPI: Reserving APIC table memory at [mem 0x7ffe1871-0x7ffe18f0]
[    0.028522] ACPI: Reserving HPET table memory at [mem 0x7ffe18f1-0x7ffe1928]
[    0.029072] ACPI: Reserving WAET table memory at [mem 0x7ffe1929-0x7ffe1950]
[    0.030102] No NUMA configuration found
[    0.030399] Faking a node at [mem 0x0000000000000000-0x000000007ffdffff]
[    0.031025] NODE_DATA(0) allocated [mem 0x7ffb4ec0-0x7ffdfcbf]
[    0.032102] Zone ranges:
[    0.032415]   DMA      [mem 0x0000000000001000-0x0000000000ffffff]
[    0.032944]   DMA32    [mem 0x0000000001000000-0x000000007ffdffff]
[    0.033468]   Normal   empty
[    0.033698]   Device   empty
[    0.033931] Movable zone start for each node
[    0.034825] Early memory node ranges
[    0.035477]   node   0: [mem 0x0000000000001000-0x000000000009efff]
[    0.036068]   node   0: [mem 0x0000000000100000-0x000000007ffdffff]
[    0.036950] Initmem setup node 0 [mem 0x0000000000001000-0x000000007ffdffff]
[    0.038311] On node 0, zone DMA: 1 pages in unavailable ranges
[    0.039099] On node 0, zone DMA: 97 pages in unavailable ranges
[    0.084048] On node 0, zone DMA32: 32 pages in unavailable ranges
[    0.575396] KernelAddressSanitizer initialized (generic)
[    0.576128] ACPI: PM-Timer IO Port: 0x608
[    0.576485] ACPI: LAPIC_NMI (acpi_id[0xff] dfl dfl lint[0x1])
[    0.577058] IOAPIC[0]: apic_id 0, version 17, address 0xfec00000, GSI 0-23
[    0.577626] ACPI: INT_SRC_OVR (bus 0 bus_irq 0 global_irq 2 dfl dfl)
[    0.578145] ACPI: INT_SRC_OVR (bus 0 bus_irq 5 global_irq 5 high level)
[    0.578686] ACPI: INT_SRC_OVR (bus 0 bus_irq 9 global_irq 9 high level)
[    0.579219] ACPI: INT_SRC_OVR (bus 0 bus_irq 10 global_irq 10 high level)
[    0.579782] ACPI: INT_SRC_OVR (bus 0 bus_irq 11 global_irq 11 high level)
[    0.580347] ACPI: Using ACPI (MADT) for SMP configuration information
[    0.580862] ACPI: HPET id: 0x8086a201 base: 0xfed00000
[    0.581287] TSC deadline timer available
[    0.581606] CPU topo: Max. logical packages:   1
[    0.581977] CPU topo: Max. logical dies:       1
[    0.582347] CPU topo: Max. dies per package:   1
[    0.582751] CPU topo: Max. threads per core:   1
[    0.583123] CPU topo: Num. cores per package:     2
[    0.583517] CPU topo: Num. threads per package:   2
[    0.583907] CPU topo: Allowing 2 present CPUs plus 0 hotplug CPUs
[    0.584474] kvm-guest: APIC: eoi() replaced with kvm_guest_apic_eoi_write()
[    0.585087] kvm-guest: KVM setup pv remote TLB flush
[    0.585496] kvm-guest: setup PV sched yield
[    0.585887] PM: hibernation: Registered nosave memory: [mem 0x00000000-0x00000fff]
[    0.586514] PM: hibernation: Registered nosave memory: [mem 0x0009f000-0x000fffff]
[    0.587153] [mem 0x80000000-0xfeffbfff] available for PCI devices
[    0.587651] Booting paravirtualized kernel on KVM
[    0.588073] clocksource: refined-jiffies: mask: 0xffffffff max_cycles: 0xffffffff, max_idle_ns: 7645519600211568 ns
[    0.588931] setup_percpu: NR_CPUS:8192 nr_cpumask_bits:2 nr_cpu_ids:2 nr_node_ids:1
[    0.592079] percpu: Embedded 80 pages/cpu s290816 r8192 d28672 u1048576
[    0.592797] kvm-guest: PV spinlocks enabled
[    0.593150] PV qspinlock hash table entries: 256 (order: 0, 4096 bytes, linear)
[    0.593756] Kernel command line: net.ifnames=0 console=ttyS0 root=/dev/sda earlyprintk=serial net.ifnames=0 plymouth.enable=0
[    0.594974] random: crng init done
[    0.595265] printk: log buffer data + meta data: 262144 + 917504 = 1179648 bytes
[    0.598508] Dentry cache hash table entries: 262144 (order: 9, 2097152 bytes, linear)
[    0.600672] Inode-cache hash table entries: 131072 (order: 8, 1048576 bytes, linear)
[    0.601664] Fallback order for Node 0: 0 
[    0.601674] Built 1 zonelists, mobility grouping on.  Total pages: 524158
[    0.602512] Policy zone: DMA32
[    0.602763] mem auto-init: stack:off, heap alloc:off, heap free:off
[    0.603241] stackdepot: allocating hash table via alloc_large_system_hash
[    0.603768] stackdepot hash table entries: 1048576 (order: 12, 16777216 bytes, linear)
[    0.667612] stackdepot: allocating space for 8192 stack pools via memblock
[    0.708072] SLUB: HWalign=64, Order=0-3, MinObjects=0, CPUs=2, Nodes=1
[    0.708612] kmemleak: Kernel memory leak detector disabled
[    0.747329] ftrace: allocating 74644 entries in 292 pages
[    0.747782] ftrace: allocated 292 pages with 3 groups
[    0.752793] Dynamic Preempt: voluntary
[    0.753590] Running RCU self tests
[    0.753845] Running RCU synchronous self tests
[    0.754189] rcu: Preemptible hierarchical RCU implementation.
[    0.754662] rcu: 	RCU lockdep checking is enabled.
[    0.755033] rcu: 	RCU restricting CPUs from NR_CPUS=8192 to nr_cpu_ids=2.
[    0.755562] 	Trampoline variant of Tasks RCU enabled.
[    0.755958] 	Rude variant of Tasks RCU enabled.
[    0.756308] 	Tracing variant of Tasks RCU enabled.
[    0.756702] rcu: RCU calculated value of scheduler-enlistment delay is 25 jiffies.
[    0.757295] rcu: Adjusting geometry for rcu_fanout_leaf=16, nr_cpu_ids=2
[    0.757904] Running RCU synchronous self tests
[    0.758259] RCU Tasks: Setting shift to 1 and lim to 1 rcu_task_cb_adjust=1 rcu_task_cpu_ids=2.
[    0.758935] RCU Tasks Rude: Setting shift to 1 and lim to 1 rcu_task_cb_adjust=1 rcu_task_cpu_ids=2.
[    0.759644] RCU Tasks Trace: Setting shift to 1 and lim to 1 rcu_task_cb_adjust=1 rcu_task_cpu_ids=2.
[    0.824889] NR_IRQS: 524544, nr_irqs: 440, preallocated irqs: 16
[    0.825926] rcu: srcu_init: Setting srcu_struct sizes based on contention.
[    0.833159] Console: colour VGA+ 80x25
[    0.833532] printk: legacy console [ttyS0] enabled
[    0.833532] printk: legacy console [ttyS0] enabled
[    0.834298] printk: legacy bootconsole [earlyser0] disabled
[    0.834298] printk: legacy bootconsole [earlyser0] disabled
[    0.835189] Lock dependency validator: Copyright (c) 2006 Red Hat, Inc., Ingo Molnar
[    0.835813] ... MAX_LOCKDEP_SUBCLASSES:  8
[    0.836147] ... MAX_LOCK_DEPTH:          48
[    0.836491] ... MAX_LOCKDEP_KEYS:        8192
[    0.836872] ... CLASSHASH_SIZE:          4096
[    0.837231] ... MAX_LOCKDEP_ENTRIES:     524288
[    0.837599] ... MAX_LOCKDEP_CHAINS:      524288
[    0.837965] ... CHAINHASH_SIZE:          262144
[    0.838332]  memory used by lock dependency info: 54145 kB
[    0.838769]  memory used for stack traces: 4224 kB
[    0.839153]  per task-struct memory footprint: 1920 bytes
[    0.839670] ACPI: Core revision 20250807
[    0.840386] clocksource: hpet: mask: 0xffffffff max_cycles: 0xffffffff, max_idle_ns: 19112604467 ns
[    0.841286] APIC: Switch to symmetric I/O mode setup
[    0.841900] x2apic enabled
[    0.842485] APIC: Switched APIC routing to: physical x2apic
[    0.842946] kvm-guest: APIC: send_IPI_mask() replaced with kvm_send_ipi_mask()
[    0.843532] kvm-guest: APIC: send_IPI_mask_allbutself() replaced with kvm_send_ipi_mask_allbutself()
[    0.844260] kvm-guest: setup PV IPIs
[    0.845545] ..TIMER: vector=0x30 apic1=0 pin1=2 apic2=-1 pin2=-1
[    0.846035] clocksource: tsc-early: mask: 0xffffffffffffffff max_cycles: 0x12441513526, max_idle_ns: 440795239872 ns
[    0.846884] Calibrating delay loop (skipped) preset value.. 2534.40 BogoMIPS (lpj=5068800)
[    0.847691] CPU0: Thermal monitoring enabled (TM1)
[    0.848091] x86/cpu: User Mode Instruction Prevention (UMIP) activated
[    0.848722] Last level iTLB entries: 4KB 0, 2MB 0, 4MB 0
[    0.849155] Last level dTLB entries: 4KB 0, 2MB 0, 4MB 0, 1GB 0
[    0.850914] mitigations: Enabled attack vectors: user_kernel, user_user, guest_host, guest_guest, SMT mitigations: auto
[    0.851786] Speculative Store Bypass: Mitigation: Speculative Store Bypass disabled via prctl
[    0.852467] Spectre V2 : Mitigation: Enhanced / Automatic IBRS
[    0.852931] ITS: Mitigation: Aligned branch/return thunks
[    0.853365] Spectre V1 : Mitigation: usercopy/swapgs barriers and __user pointer sanitization
[    0.854062] Spectre V2 : WARNING: Unprivileged eBPF is enabled with eIBRS on, data leaks possible via Spectre v2 BHB attacks!
[    0.854874] Spectre V2 : Spectre v2 / PBRSB-eIBRS: Retire a single CALL on VMEXIT
[    0.855451] Spectre V2 : mitigation: Enabling conditional Indirect Branch Prediction Barrier
[    0.856094] active return thunk: its_return_thunk
[    0.856471] Spectre V2 : Spectre BHI mitigation: SW BHB clearing on syscall and VM exit
[    0.857122] x86/fpu: Supporting XSAVE feature 0x001: 'x87 floating point registers'
[    0.857732] x86/fpu: Supporting XSAVE feature 0x002: 'SSE registers'
[    0.858258] x86/fpu: Supporting XSAVE feature 0x004: 'AVX registers'
[    0.858872] x86/fpu: Supporting XSAVE feature 0x200: 'Protection Keys User registers'
[    0.859487] x86/fpu: xstate_offset[2]:  576, xstate_sizes[2]:  256
[    0.859980] x86/fpu: xstate_offset[9]:  832, xstate_sizes[9]:    8
[    0.860487] x86/fpu: Enabled xstate features 0x207, context size is 840 bytes, using 'compacted' format.
[    0.993785] Freeing SMP alternatives memory: 64K
[    0.994206] pid_max: default: 32768 minimum: 301
[    0.994999] LSM: initializing lsm=capability,yama,ima,evm
[    0.995568] Yama: becoming mindful.
[    0.996274] Mount-cache hash table entries: 4096 (order: 3, 32768 bytes, linear)
[    0.996878] Mountpoint-cache hash table entries: 4096 (order: 3, 32768 bytes, linear)
[    0.999116] Running RCU synchronous self tests
[    0.999491] Running RCU synchronous self tests
[    1.000302] smpboot: CPU0: Genuine Intel(R) 0000 @ (family: 0x6, model: 0xc6, stepping: 0x0)
[    1.002004] Performance Events: unsupported CPU family 6 model 198 no PMU driver, software events only.
[    1.002868] signal: max sigframe size: 3632
[    1.002868] rcu: Hierarchical SRCU implementation.
[    1.002868] rcu: 	Max phase no-delay instances is 1000.
[    1.003107] Timer migration: 1 hierarchy levels; 8 children per group; 1 crossnode level
[    1.016035] NMI watchdog: Perf NMI watchdog permanently disabled
[    1.016784] smp: Bringing up secondary CPUs ...
[    1.017894] smpboot: x86: Booting SMP configuration:
[    1.018313] .... node  #0, CPUs:      #1
[    1.019249] smp: Brought up 1 node, 2 CPUs
[    1.019629] smpboot: Total of 2 processors activated (5068.80 BogoMIPS)
[    1.020414] Memory: 1541060K/2096632K available (79905K kernel code, 15394K rwdata, 18468K rodata, 16236K init, 68400K bss, 544140K reserved, 0K cma-reserved)
[    1.024759] devtmpfs: initialized
[    1.027051] x86/mm: Memory block size: 128MB
[    1.039349] Running RCU synchronous self tests
[    1.040228] Running RCU synchronous self tests
[    1.041093] Running RCU Tasks wait API self tests
[    1.041093] Running RCU Tasks Rude wait API self tests
[    1.041093] Running RCU Tasks Trace wait API self tests
[    1.062954] clocksource: jiffies: mask: 0xffffffff max_cycles: 0xffffffff, max_idle_ns: 7645041785100000 ns
[    1.062983] posixtimers hash table entries: 1024 (order: 4, 73728 bytes, linear)
[    1.064418] futex hash table entries: 512 (65536 bytes on 1 NUMA nodes, total 64 KiB, linear).
[    1.065606] pinctrl core: initialized pinctrl subsystem
[    1.067383] 
[    1.067534] *************************************************************
[    1.068054] **     NOTICE NOTICE NOTICE NOTICE NOTICE NOTICE NOTICE    **
[    1.068593] **                                                         **
[    1.069130] **  IOMMU DebugFS SUPPORT HAS BEEN ENABLED IN THIS KERNEL  **
[    1.069668] **                                                         **
[    1.070208] ** This means that this kernel is built to expose internal **
[    1.070746] ** IOMMU data structures, which may compromise security on **
[    1.070881] ** your system.                                            **
[    1.071416] **                                                         **
[    1.071945] ** If you see this message and you are not debugging the   **
[    1.072499] ** kernel, report this immediately to your vendor!         **
[    1.073033] **                                                         **
[    1.073569] **     NOTICE NOTICE NOTICE NOTICE NOTICE NOTICE NOTICE    **
[    1.074105] *************************************************************
[    1.074887] PM: RTC time: 09:29:08, date: 2025-12-04
[    1.079454] NET: Registered PF_NETLINK/PF_ROUTE protocol family
[    1.081352] DMA: preallocated 256 KiB GFP_KERNEL pool for atomic allocations
[    1.081976] DMA: preallocated 256 KiB GFP_KERNEL|GFP_DMA pool for atomic allocations
[    1.082607] DMA: preallocated 256 KiB GFP_KERNEL|GFP_DMA32 pool for atomic allocations
[    1.082973] audit: initializing netlink subsys (disabled)
[    1.083462] audit: type=2000 audit(1764840548.729:1): state=initialized audit_enabled=0 res=1
[    1.089437] thermal_sys: Registered thermal governor 'fair_share'
[    1.089448] thermal_sys: Registered thermal governor 'bang_bang'
[    1.089960] thermal_sys: Registered thermal governor 'step_wise'
[    1.090437] thermal_sys: Registered thermal governor 'user_space'
[    1.090998] cpuidle: using governor ladder
[    1.091766] cpuidle: using governor menu
[    1.091766] acpiphp: ACPI Hot Plug PCI Controller Driver version: 0.5
[    1.092896] PCI: Using configuration type 1 for base access
[    1.094931] Callback from call_rcu_tasks_trace() invoked.
[    1.095372] kprobes: kprobe jump-optimization is enabled. All kprobes are optimized if possible.
[    1.096110] HugeTLB: registered 1.00 GiB page size, pre-allocated 0 pages
[    1.098879] HugeTLB: 16380 KiB vmemmap can be freed for a 1.00 GiB page
[    1.099429] HugeTLB: registered 2.00 MiB page size, pre-allocated 0 pages
[    1.099968] HugeTLB: 28 KiB vmemmap can be freed for a 2.00 MiB page
[    1.229020] ACPI: Added _OSI(Module Device)
[    1.229406] ACPI: Added _OSI(Processor Device)
[    1.229766] ACPI: Added _OSI(Processor Aggregator Device)
[    1.244660] ACPI: 1 ACPI AML tables successfully acquired and loaded
[    1.264515] ACPI: Interpreter enabled
[    1.265007] ACPI: PM: (supports S0 S3 S4 S5)
[    1.265371] ACPI: Using IOAPIC for interrupt routing
[    1.265908] PCI: Using host bridge windows from ACPI; if necessary, use "pci=nocrs" and report a bug
[    1.266889] PCI: Using E820 reservations for host bridge windows
[    1.269859] ACPI: Enabled 2 GPEs in block 00 to 0F
[    1.323846] ACPI: PCI Root Bridge [PCI0] (domain 0000 [bus 00-ff])
[    1.324468] acpi PNP0A03:00: _OSC: OS supports [ASPM ClockPM Segments MSI EDR HPX-Type3]
[    1.325153] acpi PNP0A03:00: _OSC: not requesting OS control; OS requires [ExtendedConfig ASPM ClockPM MSI]
[    1.326129] acpi PNP0A03:00: fail to add MMCONFIG information, can't access extended configuration space under this bridge
[    1.331366] acpiphp: Slot [3] registered
[    1.331842] acpiphp: Slot [4] registered
[    1.332312] acpiphp: Slot [5] registered
[    1.332827] acpiphp: Slot [6] registered
[    1.333291] acpiphp: Slot [7] registered
[    1.333745] acpiphp: Slot [8] registered
[    1.334211] acpiphp: Slot [9] registered
[    1.334698] acpiphp: Slot [10] registered
[    1.334999] acpiphp: Slot [11] registered
[    1.335471] acpiphp: Slot [12] registered
[    1.335943] acpiphp: Slot [13] registered
[    1.336439] acpiphp: Slot [14] registered
[    1.336908] acpiphp: Slot [15] registered
[    1.337372] acpiphp: Slot [16] registered
[    1.337852] acpiphp: Slot [17] registered
[    1.338351] acpiphp: Slot [18] registered
[    1.338819] acpiphp: Slot [19] registered
[    1.339000] acpiphp: Slot [20] registered
[    1.339466] acpiphp: Slot [21] registered
[    1.339966] acpiphp: Slot [22] registered
[    1.340445] acpiphp: Slot [23] registered
[    1.340915] acpiphp: Slot [24] registered
[    1.341381] acpiphp: Slot [25] registered
[    1.341886] acpiphp: Slot [26] registered
[    1.342373] acpiphp: Slot [27] registered
[    1.342841] acpiphp: Slot [28] registered
[    1.343004] acpiphp: Slot [29] registered
[    1.343505] acpiphp: Slot [30] registered
[    1.343970] acpiphp: Slot [31] registered
[    1.344387] PCI host bridge to bus 0000:00
[    1.344795] pci_bus 0000:00: root bus resource [io  0x0000-0x0cf7 window]
[    1.345383] pci_bus 0000:00: root bus resource [io  0x0d00-0xffff window]
[    1.345958] pci_bus 0000:00: root bus resource [mem 0x000a0000-0x000bffff window]
[    1.346597] pci_bus 0000:00: root bus resource [mem 0x80000000-0xfebfffff window]
[    1.346891] pci_bus 0000:00: root bus resource [mem 0x100000000-0x17fffffff window]
[    1.347545] pci_bus 0000:00: root bus resource [bus 00-ff]
[    1.348137] pci 0000:00:00.0: [8086:1237] type 00 class 0x060000 conventional PCI endpoint
[    1.361337] pci 0000:00:01.0: [8086:7000] type 00 class 0x060100 conventional PCI endpoint
[    1.363438] pci 0000:00:01.1: [8086:7010] type 00 class 0x010180 conventional PCI endpoint
[    1.364814] pci 0000:00:01.1: BAR 4 [io  0xc040-0xc04f]
[    1.365294] pci 0000:00:01.1: BAR 0 [io  0x01f0-0x01f7]: legacy IDE quirk
[    1.365870] pci 0000:00:01.1: BAR 1 [io  0x03f6]: legacy IDE quirk
[    1.366398] pci 0000:00:01.1: BAR 2 [io  0x0170-0x0177]: legacy IDE quirk
[    1.366878] pci 0000:00:01.1: BAR 3 [io  0x0376]: legacy IDE quirk
[    1.367955] pci 0000:00:01.3: [8086:7113] type 00 class 0x068000 conventional PCI endpoint
[    1.368942] pci 0000:00:01.3: quirk: [io  0x0600-0x063f] claimed by PIIX4 ACPI
[    1.369538] pci 0000:00:01.3: quirk: [io  0x0700-0x070f] claimed by PIIX4 SMB
[    1.370704] pci 0000:00:02.0: [1234:1111] type 00 class 0x030000 conventional PCI endpoint
[    1.387516] pci 0000:00:02.0: BAR 0 [mem 0xfd000000-0xfdffffff pref]
[    1.388203] pci 0000:00:02.0: BAR 2 [mem 0xfebf0000-0xfebf0fff]
[    1.388718] pci 0000:00:02.0: ROM [mem 0xfebe0000-0xfebeffff pref]
[    1.389636] pci 0000:00:02.0: Video device with shadowed ROM at [mem 0x000c0000-0x000dffff]
[    1.400507] pci 0000:00:03.0: [8086:100e] type 00 class 0x020000 conventional PCI endpoint
[    1.402466] pci 0000:00:03.0: BAR 0 [mem 0xfebc0000-0xfebdffff]
[    1.402884] pci 0000:00:03.0: BAR 1 [io  0xc000-0xc03f]
[    1.403371] pci 0000:00:03.0: ROM [mem 0xfeb80000-0xfebbffff pref]
[    1.424725] ACPI: PCI: Interrupt link LNKA configured for IRQ 10
[    1.426365] ACPI: PCI: Interrupt link LNKB configured for IRQ 10
[    1.427728] ACPI: PCI: Interrupt link LNKC configured for IRQ 11
[    1.429089] ACPI: PCI: Interrupt link LNKD configured for IRQ 11
[    1.429985] ACPI: PCI: Interrupt link LNKS configured for IRQ 9
[    1.434869] iommu: Default domain type: Translated
[    1.435315] iommu: DMA domain TLB invalidation policy: lazy mode
[    1.439956] SCSI subsystem initialized
[    1.441118] ACPI: bus type USB registered
[    1.441849] usbcore: registered new interface driver usbfs
[    1.442463] usbcore: registered new interface driver hub
[    1.442971] usbcore: registered new device driver usb
[    1.443899] pps_core: LinuxPPS API ver. 1 registered
[    1.444315] pps_core: Software ver. 5.3.6 - Copyright 2005-2007 Rodolfo Giometti <giometti@linux.it>
[    1.445108] PTP clock support registered
[    1.445952] EDAC MC: Ver: 3.0.0
[    1.450684] NetLabel: Initializing
[    1.450885] NetLabel:  domain hash size = 128
[    1.451251] NetLabel:  protocols = UNLABELED CIPSOv4 CALIPSO
[    1.451946] NetLabel:  unlabeled traffic allowed by default
[    1.454019] PCI: Using ACPI for IRQ routing
[    1.454865] pci 0000:00:02.0: vgaarb: setting as boot VGA device
[    1.454868] pci 0000:00:02.0: vgaarb: bridge control possible
[    1.454868] pci 0000:00:02.0: vgaarb: VGA device added: decodes=io+mem,owns=io+mem,locks=none
[    1.454881] vgaarb: loaded
[    1.456262] hpet0: at MMIO 0xfed00000, IRQs 2, 8, 0
[    1.456684] hpet0: 3 comparators, 64-bit 100.000000 MHz counter
[    1.462868] clocksource: Switched to clocksource kvm-clock
[    3.480683] VFS: Disk quotas dquot_6.6.0
[    3.481488] VFS: Dquot-cache hash table entries: 512 (order 0, 4096 bytes)
[    3.486269] pnp: PnP ACPI init
[    3.491058] pnp: PnP ACPI: found 6 devices
[    3.541527] clocksource: acpi_pm: mask: 0xffffff max_cycles: 0xffffff, max_idle_ns: 2085701024 ns
[    3.542799] NET: Registered PF_INET protocol family
[    3.543590] IP idents hash table entries: 32768 (order: 6, 262144 bytes, linear)
[    3.545877] tcp_listen_portaddr_hash hash table entries: 1024 (order: 4, 73728 bytes, linear)
[    3.546609] Table-perturb hash table entries: 65536 (order: 6, 262144 bytes, linear)
[    3.547387] TCP established hash table entries: 16384 (order: 5, 131072 bytes, linear)
[    3.549477] TCP bind hash table entries: 16384 (order: 9, 2359296 bytes, linear)
[    3.552464] TCP: Hash tables configured (established 16384 bind 16384)
[    3.553255] UDP hash table entries: 1024 (order: 6, 262144 bytes, linear)
[    3.553974] UDP-Lite hash table entries: 1024 (order: 6, 262144 bytes, linear)
[    3.554988] NET: Registered PF_UNIX/PF_LOCAL protocol family
[    3.557570] RPC: Registered named UNIX socket transport module.
[    3.558068] RPC: Registered udp transport module.
[    3.558444] RPC: Registered tcp transport module.
[    3.558808] RPC: Registered tcp-with-tls transport module.
[    3.559231] RPC: Registered tcp NFSv4.1 backchannel transport module.
[    3.559774] pci_bus 0000:00: resource 4 [io  0x0000-0x0cf7 window]
[    3.560258] pci_bus 0000:00: resource 5 [io  0x0d00-0xffff window]
[    3.560762] pci_bus 0000:00: resource 6 [mem 0x000a0000-0x000bffff window]
[    3.561292] pci_bus 0000:00: resource 7 [mem 0x80000000-0xfebfffff window]
[    3.561819] pci_bus 0000:00: resource 8 [mem 0x100000000-0x17fffffff window]
[    3.562697] pci 0000:00:01.0: PIIX3: Enabling Passive Release
[    3.563165] pci 0000:00:00.0: Limiting direct PCI/PCI transfers
[    3.563712] PCI: CLS 0 bytes, default 64
[    3.564182] ACPI: bus type thunderbolt registered
[    3.565050] clocksource: tsc: mask: 0xffffffffffffffff max_cycles: 0x12441513526, max_idle_ns: 440795239872 ns
[    3.574652] Initialise system trusted keyrings
[    3.575204] Key type blacklist registered
[    3.576038] workingset: timestamp_bits=36 max_order=19 bucket_order=0
[    3.578721] squashfs: version 4.0 (2009/01/31) Phillip Lougher
[    3.581758] NFS: Registering the id_resolver key type
[    3.582202] Key type id_resolver registered
[    3.582521] Key type id_legacy registered
[    3.582879] nfs4filelayout_init: NFSv4 File Layout Driver Registering...
[    3.583427] nfs4flexfilelayout_init: NFSv4 Flexfile Layout Driver Registering...
[    3.584701] fuse: init (API version 7.45)
[    3.586160] SGI XFS with ACLs, security attributes, realtime, quota, no debug enabled
[    3.588682] 9p: Installing v9fs 9p2000 file system support
[    3.602047] Key type asymmetric registered
[    3.602420] Asymmetric key parser 'x509' registered
[    3.603060] Block layer SCSI generic (bsg) driver version 0.4 loaded (major 241)
[    3.604160] io scheduler mq-deadline registered
[    3.604731] io scheduler bfq registered
[    3.605764] ledtrig-cpu: registered to indicate activity on CPUs
[    3.607895] IPMI message handler: version 39.2
[    3.608327] ipmi device interface
[    3.610686] input: Power Button as /devices/LNXSYSTM:00/LNXPWRBN:00/input/input0
[    3.612005] ACPI: button: Power Button [PWRF]
[    3.614721] ERST DBG: ERST support is disabled.
[    3.616885] Serial: 8250/16550 driver, 32 ports, IRQ sharing enabled
[    3.618683] 00:04: ttyS0 at I/O 0x3f8 (irq = 4, base_baud = 115200) is a 16550A
[    3.636592] Callback from call_rcu_tasks() invoked.
[    3.674221] Linux agpgart interface v0.103
[    3.678364] ACPI: bus type drm_connector registered
[    3.748793] brd: module loaded
[    3.766017] loop: module loaded
[    3.781642] scsi host0: ata_piix
[    3.783695] scsi host1: ata_piix
[    3.784474] ata1: PATA max MWDMA2 cmd 0x1f0 ctl 0x3f6 bmdma 0xc040 irq 14 lpm-pol 0
[    3.785033] ata2: PATA max MWDMA2 cmd 0x170 ctl 0x376 bmdma 0xc048 irq 15 lpm-pol 0
[    3.788741] tun: Universal TUN/TAP device driver, 1.6
[    3.790009] e100: Intel(R) PRO/100 Network Driver
[    3.790398] e100: Copyright(c) 1999-2006 Intel Corporation
[    3.790947] e1000: Intel(R) PRO/1000 Network Driver
[    3.791319] e1000: Copyright (c) 1999-2006 Intel Corporation.
[    3.940820] ata1: found unknown device (class 0)
[    3.942713] ata1.00: ATA-7: QEMU HARDDISK, 2.5+, max UDMA/100
[    3.943703] ata1.00: 17196647 sectors, multi 16: LBA48 
[    3.944990] ata2: found unknown device (class 0)
[    3.946201] ata2.00: ATAPI: QEMU DVD-ROM, 2.5+, max UDMA/100
[    3.947652] scsi 0:0:0:0: Direct-Access     ATA      QEMU HARDDISK    2.5+ PQ: 0 ANSI: 5
[    3.952767] sd 0:0:0:0: Attached scsi generic sg0 type 0
[    3.955068] sd 0:0:0:0: [sda] 17196647 512-byte logical blocks: (8.80 GB/8.20 GiB)
[    3.955984] sd 0:0:0:0: [sda] Write Protect is off
[    3.956507] sd 0:0:0:0: [sda] Write cache: enabled, read cache: enabled, doesn't support DPO or FUA
[    3.957339] scsi 1:0:0:0: CD-ROM            QEMU     QEMU DVD-ROM     2.5+ PQ: 0 ANSI: 5
[    3.957391] sd 0:0:0:0: [sda] Preferred minimum I/O size 512 bytes
[    3.982541] scsi 1:0:0:0: Attached scsi generic sg1 type 5
[    3.986332] sd 0:0:0:0: [sda] Attached SCSI disk
[    4.420360] ACPI: \_SB_.LNKC: Enabled at IRQ 11
[    4.733504] e1000 0000:00:03.0 eth0: (PCI:33MHz:32-bit) 52:54:00:12:34:56
[    4.734799] e1000 0000:00:03.0 eth0: Intel(R) PRO/1000 Network Connection
[    4.736300] e1000e: Intel(R) PRO/1000 Network Driver
[    4.737198] e1000e: Copyright(c) 1999 - 2015 Intel Corporation.
[    4.738678] igb: Intel(R) Gigabit Ethernet Network Driver
[    4.739100] igb: Copyright (c) 2007-2014 Intel Corporation.
[    4.739925] PPP generic driver version 2.4.2
[    4.742145] VFIO - User Level meta-driver version: 0.3
[    4.745486] usbcore: registered new interface driver uas
[    4.746029] usbcore: registered new interface driver usb-storage
[    4.746795] i8042: PNP: PS/2 Controller [PNP0303:KBD,PNP0f13:MOU] at 0x60,0x64 irq 1,12
[    4.748319] serio: i8042 KBD port at 0x60,0x64 irq 1
[    4.748805] serio: i8042 AUX port at 0x60,0x64 irq 12
[    4.750694] mousedev: PS/2 mouse device common for all mice
[    4.753494] input: AT Translated Set 2 keyboard as /devices/platform/i8042/serio0/input/input1
[    4.754492] rtc_cmos 00:05: RTC can wake from S4
[    4.757176] rtc_cmos 00:05: registered as rtc0
[    4.757604] rtc_cmos 00:05: setting system clock to 2025-12-04T09:29:11 UTC (1764840551)
[    4.758595] rtc_cmos 00:05: alarms up to one day, y3k, 242 bytes nvram, hpet irqs
[    4.759244] i2c_dev: i2c /dev entries driver
[    4.760453] input: VirtualPS/2 VMware VMMouse as /devices/platform/i8042/serio1/input/input4
[    4.761756] device-mapper: core: CONFIG_IMA_DISABLE_HTABLE is disabled. Duplicate IMA measurements will not be recorded in the IMA log.
[    4.764012] device-mapper: uevent: version 1.0.3
[    4.764712] input: VirtualPS/2 VMware VMMouse as /devices/platform/i8042/serio1/input/input3
[    4.765610] device-mapper: ioctl: 4.50.0-ioctl (2025-04-28) initialised: dm-devel@lists.linux.dev
[    4.767198] intel_pstate: CPU model not supported
[    4.768665] sdhci: Secure Digital Host Controller Interface driver
[    4.769757] sdhci: Copyright(c) Pierre Ossman
[    4.770953] sdhci-pltfm: SDHCI platform and OF driver helper
[    4.773360] drop_monitor: Initializing network drop monitor service
[    4.775144] NET: Registered PF_INET6 protocol family
[    4.780519] Segment Routing with IPv6
[    4.780918] In-situ OAM (IOAM) with IPv6
[    4.781302] NET: Registered PF_PACKET protocol family
[    4.782033] 9pnet: Installing 9P2000 support
[    4.782547] Key type dns_resolver registered
[    4.785703] IPI shorthand broadcast: enabled
[    4.841881] sched_clock: Marking stable (4824011566, 16392467)->(4846525201, -6121168)
[    4.844088] registered taskstats version 1
[    4.845392] Loading compiled-in X.509 certificates
[    4.919414] Demotion targets for Node 0: null
[    4.921773] Key type .fscrypt registered
[    4.922117] Key type fscrypt-provisioning registered
[    4.928069] Key type encrypted registered
[    4.928967] ima: No TPM chip found, activating TPM-bypass!
[    4.929965] ima: Allocated hash algorithm: sha1
[    4.930950] ima: No architecture policies found
[    4.932086] evm: Initialising EVM extended attributes:
[    4.933006] evm: security.selinux
[    4.933598] evm: security.SMACK64
[    4.934194] evm: security.SMACK64EXEC
[    4.934842] evm: security.SMACK64TRANSMUTE
[    4.935562] evm: security.SMACK64MMAP
[    4.936212] evm: security.apparmor
[    4.936858] evm: security.ima
[    4.937396] evm: security.capability
[    4.938033] evm: HMAC attrs: 0x1
[    4.943345] PM:   Magic number: 5:217:474
[    4.945211] RAS: Correctable Errors collector initialized.
[    4.946582] clk: Disabling unused clocks
[    4.947346] PM: genpd: Disabling unused power domains
[    4.949501] check access for rdinit=/init failed: -2, ignoring
[    4.950192] md: Waiting for all devices to be available before autodetect
[    4.950952] md: If you don't use raid, use raid=noautodetect
[    4.951614] md: Autodetecting RAID arrays.
[    4.952145] md: autorun ...
[    4.952643] md: ... autorun DONE.
[    4.968929] EXT4-fs (sda): mounted filesystem 088740a9-c8b4-422c-999d-a804eb68a4da ro with ordered data mode. Quota mode: none.
[    4.970494] VFS: Mounted root (ext4 filesystem) readonly on device 8:0.
[    4.974017] devtmpfs: mounted
[    4.995169] Freeing unused decrypted memory: 2036K
[    5.003211] Freeing unused kernel image (initmem) memory: 16236K
[    5.003760] Write protecting the kernel read-only data: 102400k
[    5.008254] Freeing unused kernel image (text/rodata gap) memory: 2012K
[    5.011285] Freeing unused kernel image (rodata/data gap) memory: 2012K
[    5.075935] x86/mm: Checked W+X mappings: passed, no W+X pages found.
[    5.076637] Run /sbin/init as init process
[    5.381014] systemd[1]: systemd 252-15.el9 running in system mode (+PAM +AUDIT +SELINUX -APPARMOR +IMA +SMACK +SECCOMP +GCRYPT +GNUTLS +OPENSSL +ACL +BLKID +CURL +ELFUTILS -FIDO2 +IDN2 -IDN -IPTC +KMOD +LIBCRYPTSETUP +LIBFDISK +PCRE2 -PWQUALITY +P11KIT -QRENCODE +TPM2 +BZIP2 +LZ4 +XZ +ZLIB +ZSTD -BPF_FRAMEWORK +XKBCOMMON +UTMP +SYSVINIT default-hierarchy=unified)
[    5.382553] systemd[1]: Detected virtualization kvm.
[    5.382818] systemd[1]: Detected architecture x86-64.

Welcome to [0;31mCentOS Stream 9[0m!

[    5.391581] systemd[1]: Hostname set to <test>.
[    5.580554] systemd-rc-local-generator[120]: /etc/rc.d/rc.local is not marked executable, skipping.
[    6.047170] systemd[1]: Queued start job for default target Multi-User System.
[    6.067242] systemd[1]: Created slice Virtual Machine and Container Slice.
[[0;32m  OK  [0m] Created slice [0;1;39mVirtual Machine and Container Slice[0m.
[    6.071911] systemd[1]: Created slice Slice /system/getty.
[[0;32m  OK  [0m] Created slice [0;1;39mSlice /system/getty[0m.
[    6.074333] systemd[1]: Created slice Slice /system/modprobe.
[[0;32m  OK  [0m] Created slice [0;1;39mSlice /system/modprobe[0m.
[    6.076852] systemd[1]: Created slice Slice /system/serial-getty.
[[0;32m  OK  [0m] Created slice [0;1;39mSlice /system/serial-getty[0m.
[    6.079236] systemd[1]: Created slice Slice /system/sshd-keygen.
[[0;32m  OK  [0m] Created slice [0;1;39mSlice /system/sshd-keygen[0m.
[    6.081578] systemd[1]: Created slice User and Session Slice.
[[0;32m  OK  [0m] Created slice [0;1;39mUser and Session Slice[0m.
[    6.082733] systemd[1]: Started Forward Password Requests to Wall Directory Watch.
[[0;32m  OK  [0m] Started [0;1;39mForward Password R…uests to Wall Directory Watch[0m.
[    6.084666] systemd[1]: Set up automount Arbitrary Executable File Formats File System Automount Point.
[[0;32m  OK  [0m] Set up automount [0;1;39mArbitrary…s File System Automount Point[0m.
[    6.085855] systemd[1]: Reached target Local Integrity Protected Volumes.
[[0;32m  OK  [0m] Reached target [0;1;39mLocal Integrity Protected Volumes[0m.
[    6.086811] systemd[1]: Reached target Slice Units.
[[0;32m  OK  [0m] Reached target [0;1;39mSlice Units[0m.
[    6.087565] systemd[1]: Reached target Swaps.
[[0;32m  OK  [0m] Reached target [0;1;39mSwaps[0m.
[    6.088258] systemd[1]: Reached target Local Verity Protected Volumes.
[[0;32m  OK  [0m] Reached target [0;1;39mLocal Verity Protected Volumes[0m.
[    6.089704] systemd[1]: Listening on Device-mapper event daemon FIFOs.
[[0;32m  OK  [0m] Listening on [0;1;39mDevice-mapper event daemon FIFOs[0m.
[    6.091210] systemd[1]: Listening on LVM2 poll daemon socket.
[[0;32m  OK  [0m] Listening on [0;1;39mLVM2 poll daemon socket[0m.
[    6.092221] systemd[1]: multipathd control socket was skipped because of an unmet condition check (ConditionPathExists=/etc/multipath.conf).
[    6.136175] systemd[1]: Listening on RPCbind Server Activation Socket.
[[0;32m  OK  [0m] Listening on [0;1;39mRPCbind Server Activation Socket[0m.
[    6.137457] systemd[1]: Reached target RPC Port Mapper.
[[0;32m  OK  [0m] Reached target [0;1;39mRPC Port Mapper[0m.
[    6.140786] systemd[1]: Listening on Process Core Dump Socket.
[[0;32m  OK  [0m] Listening on [0;1;39mProcess Core Dump Socket[0m.
[    6.142102] systemd[1]: Listening on initctl Compatibility Named Pipe.
[[0;32m  OK  [0m] Listening on [0;1;39minitctl Compatibility Named Pipe[0m.
[    6.143644] systemd[1]: Listening on Journal Socket (/dev/log).
[[0;32m  OK  [0m] Listening on [0;1;39mJournal Socket (/dev/log)[0m.
[    6.145199] systemd[1]: Listening on Journal Socket.
[[0;32m  OK  [0m] Listening on [0;1;39mJournal Socket[0m.
[    6.147420] systemd[1]: Listening on udev Control Socket.
[[0;32m  OK  [0m] Listening on [0;1;39mudev Control Socket[0m.
[    6.148734] systemd[1]: Listening on udev Kernel Socket.
[[0;32m  OK  [0m] Listening on [0;1;39mudev Kernel Socket[0m.
[    6.155615] systemd[1]: Mounting Huge Pages File System...
         Mounting [0;1;39mHuge Pages File System[0m...
[    6.161803] systemd[1]: Mounting POSIX Message Queue File System...
         Mounting [0;1;39mPOSIX Message Queue File System[0m...
[    6.170262] systemd[1]: Mounting Kernel Debug File System...
         Mounting [0;1;39mKernel Debug File System[0m...
[    6.177879] systemd[1]: Mounting Kernel Trace File System...
         Mounting [0;1;39mKernel Trace File System[0m...
[    6.181142] systemd[1]: Kernel Module supporting RPCSEC_GSS was skipped because of an unmet condition check (ConditionPathExists=/etc/krb5.keytab).
[    6.181951] systemd[1]: Create List of Static Device Nodes was skipped because of an unmet condition check (ConditionFileNotEmpty=/lib/modules/6.18.0-rc3-4a00f9434891+/modules.devname).
[    6.188996] systemd[1]: Starting Monitoring of LVM2 mirrors, snapshots etc. using dmeventd or progress polling...
         Starting [0;1;39mMonitoring of LVM…meventd or progress polling[0m...
[    6.205997] systemd[1]: Starting Load Kernel Module configfs...
         Starting [0;1;39mLoad Kernel Module configfs[0m...
[    6.212229] systemd[1]: Starting Load Kernel Module drm...
         Starting [0;1;39mLoad Kernel Module drm[0m...
[    6.220109] systemd[1]: Starting Load Kernel Module fuse...
         Starting [0;1;39mLoad Kernel Module fuse[0m...
[    6.233548] systemd[1]: Starting Read and set NIS domainname from /etc/sysconfig/network...
         Starting [0;1;39mRead and set NIS …from /etc/sysconfig/network[0m...
[    6.248922] systemd[1]: Starting Journal Service...
         Starting [0;1;39mJournal Service[0m...
[    6.274753] systemd[1]: Starting Load Kernel Modules...
         Starting [0;1;39mLoad Kernel Modules[0m...
[    6.289771] systemd[1]: Starting Generate network units from Kernel command line...
         Starting [0;1;39mGenerate network …ts from Kernel command line[0m...
[    6.305562] systemd[1]: Starting Remount Root and Kernel File Systems...
         Starting [0;1;39mRemount Root and Kernel File Systems[0m...
[    6.311799] systemd[1]: Repartition Root Disk was skipped because no trigger condition checks were met.
[    6.332871] systemd[1]: Starting Coldplug All udev Devices...
         Starting [0;1;39mColdplug All udev Devices[0m...
[    6.352596] systemd[1]: Mounted Huge Pages File System.
[[0;32m  OK  [0m] Mounted [0;1;39mHuge Pages File System[0m.
[    6.357368] systemd[1]: Mounted POSIX Message Queue File System.
[[0;32m  OK  [0m] Mounted [0;1;39mPOSIX Message Queue File System[0m.
[    6.358807] systemd[1]: Mounted Kernel Debug File System.
[[0;32m  OK  [0m] Mounted [0;1;39mKernel Debug File System[0m.
[    6.363793] systemd[1]: Mounted Kernel Trace File System.
[[0;32m  OK  [0m] Mounted [0;1;39mKernel Trace File System[0m.
[    6.366541] systemd[1]: Finished Monitoring of LVM2 mirrors, snapshots etc. using dmeventd or progress polling.
[[0;32m  OK  [0m] Finished [0;1;39mMonitoring of LVM… dmeventd or progress polling[0m.
[    6.375150] systemd[1]: modprobe@configfs.service: Deactivated successfully.
[    6.376884] systemd[1]: Finished Load Kernel Module configfs.
[[0;32m  OK  [0m] Finished [0;1;39mLoad Kernel Module configfs[0m.
[    6.382195] systemd[1]: modprobe@drm.service: Deactivated successfully.
[    6.383458] EXT4-fs (sda): re-mounted 088740a9-c8b4-422c-999d-a804eb68a4da r/w.
[    6.388535] systemd[1]: Finished Load Kernel Module drm.
[[0;32m  OK  [0m] Finished [0;1;39mLoad Kernel Module drm[0m.
[    6.400515] systemd[1]: modprobe@fuse.service: Deactivated successfully.
[    6.401992] systemd[1]: Finished Load Kernel Module fuse.
[[0;32m  OK  [0m] Finished [0;1;39mLoad Kernel Module fuse[0m.
[    6.408546] systemd[1]: Finished Read and set NIS domainname from /etc/sysconfig/network.
[[0;32m  OK  [0m] Finished [0;1;39mRead and set NIS …e from /etc/sysconfig/network[0m.
[    6.413399] systemd[1]: systemd-modules-load.service: Main process exited, code=exited, status=1/FAILURE
[    6.414606] systemd[1]: systemd-modules-load.service: Failed with result 'exit-code'.
[    6.420986] systemd[1]: Failed to start Load Kernel Modules.
[[0;1;31mFAILED[0m] Failed to start [0;1;39mLoad Kernel Modules[0m.
See 'systemctl status systemd-modules-load.service' for details.
[    6.422879] systemd[1]: Started Journal Service.
[[0;32m  OK  [0m] Started [0;1;39mJournal Service[0m.
[[0;32m  OK  [0m] Finished [0;1;39mGenerate network units from Kernel command line[0m.
[[0;32m  OK  [0m] Finished [0;1;39mRemount Root and Kernel File Systems[0m.
[[0;32m  OK  [0m] Reached target [0;1;39mPreparation for Network[0m.
         Mounting [0;1;39mFUSE Control File System[0m...
         Mounting [0;1;39mKernel Configuration File System[0m...
         Starting [0;1;39mFlush Journal to Persistent Storage[0m...
         Starting [0;1;39mLoad/Save Random Seed[0m...
         Starting [0;1;39mApply Kernel Variables[0m...
[    6.543325] systemd-journald[142]: Received client request to flush runtime journal.
         Starting [0;1;39mCreate Static Device Nodes in /dev[0m...
         Starting [0;1;39mSetup Virtual Console[0m...
[[0;32m  OK  [0m] Mounted [0;1;39mFUSE Control File System[0m.
[[0;32m  OK  [0m] Mounted [0;1;39mKernel Configuration File System[0m.
[[0;32m  OK  [0m] Finished [0;1;39mFlush Journal to Persistent Storage[0m.
[[0;32m  OK  [0m] Finished [0;1;39mLoad/Save Random Seed[0m.
[[0;32m  OK  [0m] Finished [0;1;39mApply Kernel Variables[0m.
[[0;32m  OK  [0m] Finished [0;1;39mCreate Static Device Nodes in /dev[0m.
         Starting [0;1;39mRule-based Manage…for Device Events and Files[0m...
[[0;32m  OK  [0m] Finished [0;1;39mColdplug All udev Devices[0m.
         Starting [0;1;39mWait for udev To …plete Device Initialization[0m...
[[0;32m  OK  [0m] Started [0;1;39mRule-based Manager for Device Events and Files[0m.
[[0;32m  OK  [0m] Finished [0;1;39mSetup Virtual Console[0m.
         Starting [0;1;39mAuto-connect to s…E devices found during boot[0m...
[[0;32m  OK  [0m] Started [0;1;39mDispatch Password …ts to Console Directory Watch[0m.
[[0;32m  OK  [0m] Reached target [0;1;39mLocal Encrypted Volumes[0m.
[[0;32m  OK  [0m] Reached target [0;1;39mPath Units[0m.
[[0;32m  OK  [0m] Finished [0;1;39mAuto-connect to s…VME devices found during boot[0m.
[[0;32m  OK  [0m] Found device [0;1;39m/dev/ttyS0[0m.
[[0;32m  OK  [0m] Listening on [0;1;39mLoad/Save RF …itch Status /dev/rfkill Watch[0m.
[[0;32m  OK  [0m] Finished [0;1;39mWait for udev To Complete Device Initialization[0m.
[[0;32m  OK  [0m] Reached target [0;1;39mPreparation for Local File Systems[0m.
[[0;32m  OK  [0m] Reached target [0;1;39mLocal File Systems[0m.
         Starting [0;1;39mTell Plymouth To Write Out Runtime Data[0m...
         Starting [0;1;39mAutomatic Boot Loader Update[0m...
         Starting [0;1;39mCreate Volatile Files and Directories[0m...
[[0;32m  OK  [0m] Finished [0;1;39mTell Plymouth To Write Out Runtime Data[0m.
[[0;32m  OK  [0m] Finished [0;1;39mAutomatic Boot Loader Update[0m.
[[0;32m  OK  [0m] Finished [0;1;39mCreate Volatile Files and Directories[0m.
         Mounting [0;1;39mRPC Pipe File System[0m...
         Starting [0;1;39mSecurity Auditing Service[0m...
         Starting [0;1;39mRPC Bind[0m...
[[0;32m  OK  [0m] Mounted [0;1;39mRPC Pipe File System[0m.
[[0;32m  OK  [0m] Reached target [0;1;39mrpc_pipefs.target[0m.
[[0;32m  OK  [0m] Started [0;1;39mRPC Bind[0m.
[[0;32m  OK  [0m] Started [0;1;39mSecurity Auditing Service[0m.
         Starting [0;1;39mRecord System Boot/Shutdown in UTMP[0m...
[[0;32m  OK  [0m] Finished [0;1;39mRecord System Boot/Shutdown in UTMP[0m.
[[0;32m  OK  [0m] Reached target [0;1;39mSystem Initialization[0m.
[[0;32m  OK  [0m] Started [0;1;39mDaily rotation of log files[0m.
[[0;32m  OK  [0m] Started [0;1;39mUpdates mlocate database every day[0m.
[[0;32m  OK  [0m] Started [0;1;39mDaily Cleanup of Temporary Directories[0m.
[[0;32m  OK  [0m] Started [0;1;39mdaily update of the root trust anchor for DNSSEC[0m.
[[0;32m  OK  [0m] Reached target [0;1;39mTimer Units[0m.
[[0;32m  OK  [0m] Listening on [0;1;39mD-Bus System Message Bus Socket[0m.
[[0;32m  OK  [0m] Listening on [0;1;39mOpen-iSCSI iscsid Socket[0m.
[[0;32m  OK  [0m] Listening on [0;1;39mOpen-iSCSI iscsiuio Socket[0m.
[[0;32m  OK  [0m] Listening on [0;1;39mSSSD Kerberos…ache Manager responder socket[0m.
[[0;32m  OK  [0m] Listening on [0;1;39mLibvirt interface local socket[0m.
[[0;32m  OK  [0m] Listening on [0;1;39mVirtual machine lock manager socket[0m.
[[0;32m  OK  [0m] Listening on [0;1;39mVirtual machine log manager socket[0m.
[[0;32m  OK  [0m] Listening on [0;1;39mLibvirt network local socket[0m.
[[0;32m  OK  [0m] Listening on [0;1;39mLibvirt nodedev local socket[0m.
[[0;32m  OK  [0m] Listening on [0;1;39mLibvirt nwfilter local socket[0m.
[[0;32m  OK  [0m] Listening on [0;1;39mLibvirt proxy local socket[0m.
[[0;32m  OK  [0m] Listening on [0;1;39mLibvirt qemu local socket[0m.
[[0;32m  OK  [0m] Listening on [0;1;39mLibvirt qemu admin socket[0m.
[[0;32m  OK  [0m] Listening on [0;1;39mLibvirt qemu local read-only socket[0m.
[[0;32m  OK  [0m] Listening on [0;1;39mLibvirt secret local socket[0m.
[[0;32m  OK  [0m] Listening on [0;1;39mLibvirt storage local socket[0m.
[[0;32m  OK  [0m] Reached target [0;1;39mSocket Units[0m.
         Starting [0;1;39mD-Bus System Message Bus[0m...
[[0;32m  OK  [0m] Started [0;1;39mD-Bus System Message Bus[0m.
[[0;32m  OK  [0m] Reached target [0;1;39mBasic System[0m.
         Starting [0;1;39mNetwork Manager[0m...
         Starting [0;1;39mNTP client/server[0m...
         Starting [0;1;39mRestore /run/initramfs on shutdown[0m...
[[0;32m  OK  [0m] Started [0;1;39mirqbalance daemon[0m.
[[0;32m  OK  [0m] Started [0;1;39mlibstoragemgmt plug-in server daemon[0m.
[[0;32m  OK  [0m] Started [0;1;39mMachine Check Exception Logging Daemon[0m.
[[0;32m  OK  [0m] Reached target [0;1;39msshd-keygen.target[0m.
[[0;32m  OK  [0m] Reached target [0;1;39mUser and Group Name Lookups[0m.
         Starting [0;1;39mUser Login Management[0m...
         Starting [0;1;39mVirtual Machine a…tainer Registration Service[0m...
         Starting [0;1;39mupdate of the roo…NSSEC validation in unbound[0m...
         Starting [0;1;39mRotate log files[0m...
[[0;32m  OK  [0m] Started [0;1;39mUpdate a database for mlocate[0m.
[[0;32m  OK  [0m] Started [0;1;39mNTP client/server[0m.
[[0;32m  OK  [0m] Finished [0;1;39mRestore /run/initramfs on shutdown[0m.
[[0;32m  OK  [0m] Started [0;1;39mVirtual Machine an…ontainer Registration Service[0m.
         Starting [0;1;39mHostname Service[0m...
[[0;32m  OK  [0m] Finished [0;1;39mupdate of the roo… DNSSEC validation in unbound[0m.
[[0;32m  OK  [0m] Started [0;1;39mUser Login Management[0m.
[[0;32m  OK  [0m] Finished [0;1;39mRotate log files[0m.
[[0;32m  OK  [0m] Started [0;1;39mHostname Service[0m.
         Starting [0;1;39mNetwork Manager Script Dispatcher Service[0m...
[[0;32m  OK  [0m] Started [0;1;39mNetwork Manager Script Dispatcher Service[0m.
[   10.172859] e1000: eth0 NIC Link is Up 1000 Mbps Full Duplex, Flow Control: RX
[[0;32m  OK  [0m] Started [0;1;39mNetwork Manager[0m.
[[0;32m  OK  [0m] Reached target [0;1;39mNetwork[0m.
[[0;32m  OK  [0m] Reached target [0;1;39mNetwork is Online[0m.
         Starting [0;1;39mGSSAPI Proxy Daemon[0m...
         Starting [0;1;39mNotify NFS peers of a restart[0m...
         Starting [0;1;39mSystem Logging Service[0m...
         Starting [0;1;39mOpenSSH server daemon[0m...
         Starting [0;1;39mDynamic System Tuning Daemon[0m...
[[0;32m  OK  [0m] Started [0;1;39mNotify NFS peers of a restart[0m.
[[0;32m  OK  [0m] Started [0;1;39mOpenSSH server daemon[0m.
[[0;32m  OK  [0m] Started [0;1;39mGSSAPI Proxy Daemon[0m.
[[0;32m  OK  [0m] Reached target [0;1;39mNFS client services[0m.
[[0;32m  OK  [0m] Reached target [0;1;39mPreparation for Remote File Systems[0m.
[[0;32m  OK  [0m] Reached target [0;1;39mRemote File Systems[0m.
         Starting [0;1;39mPermit User Sessions[0m...
         Starting [0;1;39mVirtualization qemu daemon[0m...
[[0;32m  OK  [0m] Finished [0;1;39mPermit User Sessions[0m.
[[0;32m  OK  [0m] Started [0;1;39mDeferred execution scheduler[0m.
[[0;32m  OK  [0m] Started [0;1;39mCommand Scheduler[0m.
         Starting [0;1;39mHold until boot process finishes up[0m...
         Starting [0;1;39mTerminate Plymouth Boot Screen[0m...
[[0;32m  OK  [0m] Started [0;1;39mSystem Logging Service[0m.
[[0;32m  OK  [0m] Finished [0;1;39mHold until boot process finishes up[0m.
[[0;32m  OK  [0m] Started [0;1;39mGetty on tty1[0m.
[[0;32m  OK  [0m] Started [0;1;39mSerial Getty on ttyS0[0m.
[[0;32m  OK  [0m] Reached target [0;1;39mLogin Prompts[0m.
[[0;32m  OK  [0m] Started [0;1;39mVirtualization qemu daemon[0m.
[[0;32m  OK  [0m] Finished [0;1;39mTerminate Plymouth Boot Screen[0m.
         Starting [0;1;39mAuthorization Manager[0m...
[[0;32m  OK  [0m] Started [0;1;39mAuthorization Manager[0m.
[[0;32m  OK  [0m] Started [0;1;39mDynamic System Tuning Daemon[0m.
[[0;32m  OK  [0m] Reached target [0;1;39mMulti-User System[0m.
         Starting [0;1;39mRecord Runlevel Change in UTMP[0m...
[[0;32m  OK  [0m] Finished [0;1;39mRecord Runlevel Change in UTMP[0m.

CentOS Stream 9
Kernel 6.18.0-rc3-4a00f9434891+ on an x86_64

Activate the web console with: systemctl enable --now cockpit.socket

test login: [   19.747091] iommufd_mock iommufd_mock0: Adding to iommu group 0
[   19.758319] iommufd_mock iommufd_mock0: Adding to iommu group 0
[   19.767892] iommufd_mock iommufd_mock0: Adding to iommu group 0
[   19.778640] iommufd_mock iommufd_mock0: Adding to iommu group 0
[   19.789416] iommufd_mock iommufd_mock0: Adding to iommu group 0
[   19.799931] iommufd_mock iommufd_mock0: Adding to iommu group 0
[   19.810736] iommufd_mock iommufd_mock0: Adding to iommu group 0
[   19.821350] iommufd_mock iommufd_mock0: Adding to iommu group 0
[   19.832025] iommufd_mock iommufd_mock0: Adding to iommu group 0
[   19.842695] iommufd_mock iommufd_mock0: Adding to iommu group 0
[   19.853439] iommufd_mock iommufd_mock0: Adding to iommu group 0
[   19.864576] iommufd_mock iommufd_mock0: Adding to iommu group 0
[   19.874948] iommufd_mock iommufd_mock0: Adding to iommu group 0
[   19.886157] iommufd_mock iommufd_mock0: Adding to iommu group 0
[   19.896765] iommufd_mock iommufd_mock0: Adding to iommu group 0
[   19.907154] iommufd_mock iommufd_mock0: Adding to iommu group 0
[   19.917792] iommufd_mock iommufd_mock0: Adding to iommu group 0
[   19.929097] iommufd_mock iommufd_mock0: Adding to iommu group 0
[   19.939634] iommufd_mock iommufd_mock0: Adding to iommu group 0
[   19.950260] iommufd_mock iommufd_mock0: Adding to iommu group 0
[   19.960901] iommufd_mock iommufd_mock0: Adding to iommu group 0
[   19.971586] iommufd_mock iommufd_mock0: Adding to iommu group 0
[   19.982104] iommufd_mock iommufd_mock0: Adding to iommu group 0
[   19.992844] iommufd_mock iommufd_mock0: Adding to iommu group 0
[   20.003596] iommufd_mock iommufd_mock0: Adding to iommu group 0
[   20.014579] iommufd_mock iommufd_mock0: Adding to iommu group 0
[   20.026318] iommufd_mock iommufd_mock0: Adding to iommu group 0
[   20.036115] iommufd_mock iommufd_mock0: Adding to iommu group 0
[   20.046871] iommufd_mock iommufd_mock0: Adding to iommu group 0
[   20.057538] iommufd_mock iommufd_mock0: Adding to iommu group 0
[   20.068286] iommufd_mock iommufd_mock0: Adding to iommu group 0
[   20.079010] iommufd_mock iommufd_mock0: Adding to iommu group 0
[   20.089165] iommufd_mock iommufd_mock0: Adding to iommu group 0
[   20.099953] iommufd_mock iommufd_mock0: Adding to iommu group 0
[   20.110588] iommufd_mock iommufd_mock0: Adding to iommu group 0
[   20.121226] iommufd_mock iommufd_mock0: Adding to iommu group 0
[   20.131934] iommufd_mock iommufd_mock0: Adding to iommu group 0
[   20.142780] iommufd_mock iommufd_mock0: Adding to iommu group 0
[   20.153227] iommufd_mock iommufd_mock0: Adding to iommu group 0
[   20.163661] iommufd_mock iommufd_mock0: Adding to iommu group 0
[   20.174377] iommufd_mock iommufd_mock0: Adding to iommu group 0
[   20.185453] iommufd_mock iommufd_mock0: Adding to iommu group 0
[   20.195674] iommufd_mock iommufd_mock0: Adding to iommu group 0
[   20.207026] iommufd_mock iommufd_mock0: Adding to iommu group 0
[   20.217495] iommufd_mock iommufd_mock0: Adding to iommu group 0
[   20.228073] iommufd_mock iommufd_mock0: Adding to iommu group 0
[   20.238763] iommufd_mock iommufd_mock0: Adding to iommu group 0
[   20.249508] iommufd_mock iommufd_mock0: Adding to iommu group 0
[   20.260211] iommufd_mock iommufd_mock0: Adding to iommu group 0
[   20.270536] iommufd_mock iommufd_mock0: Adding to iommu group 0
[   20.282476] iommufd_mock iommufd_mock0: Adding to iommu group 0
[   20.291870] iommufd_mock iommufd_mock0: Adding to iommu group 0
[   20.302961] iommufd_mock iommufd_mock0: Adding to iommu group 0
[   20.313250] iommufd_mock iommufd_mock0: Adding to iommu group 0
[   20.323951] iommufd_mock iommufd_mock0: Adding to iommu group 0
[   20.334875] iommufd_mock iommufd_mock0: Adding to iommu group 0
[   20.345606] iommufd_mock iommufd_mock0: Adding to iommu group 0
[   20.356463] iommufd_mock iommufd_mock0: Adding to iommu group 0
[   20.366935] iommufd_mock iommufd_mock0: Adding to iommu group 0
[   20.377558] iommufd_mock iommufd_mock0: Adding to iommu group 0
[   20.388380] iommufd_mock iommufd_mock0: Adding to iommu group 0
[   20.399146] iommufd_mock iommufd_mock0: Adding to iommu group 0
[   20.409732] iommufd_mock iommufd_mock0: Adding to iommu group 0
[   20.420610] iommufd_mock iommufd_mock0: Adding to iommu group 0
[   20.431153] iommufd_mock iommufd_mock0: Adding to iommu group 0
[   20.442133] iommufd_mock iommufd_mock0: Adding to iommu group 0
[   20.452820] iommufd_mock iommufd_mock0: Adding to iommu group 0
[   20.463317] iommufd_mock iommufd_mock0: Adding to iommu group 0
[   20.474236] iommufd_mock iommufd_mock0: Adding to iommu group 0
[   20.484845] iommufd_mock iommufd_mock0: Adding to iommu group 0
[   20.495375] iommufd_mock iommufd_mock0: Adding to iommu group 0
[   20.506218] iommufd_mock iommufd_mock0: Adding to iommu group 0
[   20.517275] iommufd_mock iommufd_mock0: Adding to iommu group 0
[   20.527831] iommufd_mock iommufd_mock0: Adding to iommu group 0
[   20.538003] iommufd_mock iommufd_mock0: Adding to iommu group 0
[   20.549889] iommufd_mock iommufd_mock0: Adding to iommu group 0
[   20.560359] iommufd_mock iommufd_mock0: Adding to iommu group 0
[   20.570511] iommufd_mock iommufd_mock0: Adding to iommu group 0
[   20.581753] iommufd_mock iommufd_mock0: Adding to iommu group 0
[   20.592101] iommufd_mock iommufd_mock0: Adding to iommu group 0
[   20.603044] iommufd_mock iommufd_mock0: Adding to iommu group 0
[   20.613552] iommufd_mock iommufd_mock0: Adding to iommu group 0
[   20.624159] iommufd_mock iommufd_mock0: Adding to iommu group 0
[   20.634854] iommufd_mock iommufd_mock0: Adding to iommu group 0
[   20.645757] iommufd_mock iommufd_mock0: Adding to iommu group 0
[   20.656266] iommufd_mock iommufd_mock0: Adding to iommu group 0
[   20.666700] iommufd_mock iommufd_mock0: Adding to iommu group 0
[   20.677576] iommufd_mock iommufd_mock0: Adding to iommu group 0
[   20.688211] iommufd_mock iommufd_mock0: Adding to iommu group 0
[   20.699150] iommufd_mock iommufd_mock0: Adding to iommu group 0
[   20.709634] iommufd_mock iommufd_mock0: Adding to iommu group 0
[   20.720868] iommufd_mock iommufd_mock0: Adding to iommu group 0
[   20.732084] iommufd_mock iommufd_mock0: Adding to iommu group 0
[   20.742229] iommufd_mock iommufd_mock0: Adding to iommu group 0
[   20.753335] iommufd_mock iommufd_mock0: Adding to iommu group 0
[   20.764021] iommufd_mock iommufd_mock0: Adding to iommu group 0
[   20.774771] iommufd_mock iommufd_mock0: Adding to iommu group 0
[   20.785546] iommufd_mock iommufd_mock0: Adding to iommu group 0
[   20.796734] iommufd_mock iommufd_mock0: Adding to iommu group 0
[   20.806987] iommufd_mock iommufd_mock0: Adding to iommu group 0
[   20.817410] iommufd_mock iommufd_mock0: Adding to iommu group 0
[   20.828643] iommufd_mock iommufd_mock0: Adding to iommu group 0
[   20.838853] iommufd_mock iommufd_mock0: Adding to iommu group 0
[   20.849739] iommufd_mock iommufd_mock0: Adding to iommu group 0
[   20.860843] iommufd_mock iommufd_mock0: Adding to iommu group 0
[   20.871317] iommufd_mock iommufd_mock0: Adding to iommu group 0
[   20.882058] iommufd_mock iommufd_mock0: Adding to iommu group 0
[   20.892980] iommufd_mock iommufd_mock0: Adding to iommu group 0
[   20.904006] iommufd_mock iommufd_mock0: Adding to iommu group 0
[   20.914343] iommufd_mock iommufd_mock0: Adding to iommu group 0
[   20.924922] iommufd_mock iommufd_mock0: Adding to iommu group 0
[   20.935865] iommufd_mock iommufd_mock0: Adding to iommu group 0
[   20.946848] iommufd_mock iommufd_mock0: Adding to iommu group 0
[   20.957502] iommufd_mock iommufd_mock0: Adding to iommu group 0
[   20.968209] iommufd_mock iommufd_mock0: Adding to iommu group 0
[   20.978966] iommufd_mock iommufd_mock0: Adding to iommu group 0
[   20.989389] iommufd_mock iommufd_mock0: Adding to iommu group 0
[   21.000347] iommufd_mock iommufd_mock0: Adding to iommu group 0
[   21.010981] iommufd_mock iommufd_mock0: Adding to iommu group 0
[   21.022218] iommufd_mock iommufd_mock0: Adding to iommu group 0
[   21.033531] iommufd_mock iommufd_mock0: Adding to iommu group 0
[   21.043874] iommufd_mock iommufd_mock0: Adding to iommu group 0
[   21.054704] iommufd_mock iommufd_mock0: Adding to iommu group 0
[   21.065544] iommufd_mock iommufd_mock0: Adding to iommu group 0
[   21.076362] iommufd_mock iommufd_mock0: Adding to iommu group 0
[   21.087169] iommufd_mock iommufd_mock0: Adding to iommu group 0
[   21.097895] iommufd_mock iommufd_mock0: Adding to iommu group 0
[   21.108678] iommufd_mock iommufd_mock0: Adding to iommu group 0
[   21.119425] iommufd_mock iommufd_mock0: Adding to iommu group 0
[   21.130291] iommufd_mock iommufd_mock0: Adding to iommu group 0
[   21.141027] iommufd_mock iommufd_mock0: Adding to iommu group 0
[   21.151532] iommufd_mock iommufd_mock0: Adding to iommu group 0
[   21.162505] iommufd_mock iommufd_mock0: Adding to iommu group 0
[   21.173745] iommufd_mock iommufd_mock0: Adding to iommu group 0
[   21.184065] iommufd_mock iommufd_mock0: Adding to iommu group 0
[   21.194467] iommufd_mock iommufd_mock0: Adding to iommu group 0
[   21.205922] iommufd_mock iommufd_mock0: Adding to iommu group 0
[   21.216305] iommufd_mock iommufd_mock0: Adding to iommu group 0
[   21.226948] iommufd_mock iommufd_mock0: Adding to iommu group 0
[   21.237767] iommufd_mock iommufd_mock0: Adding to iommu group 0
[   21.248480] iommufd_mock iommufd_mock0: Adding to iommu group 0
[   21.259158] iommufd_mock iommufd_mock0: Adding to iommu group 0
[   21.269827] iommufd_mock iommufd_mock0: Adding to iommu group 0
[   21.280740] iommufd_mock iommufd_mock0: Adding to iommu group 0
[   21.291326] iommufd_mock iommufd_mock0: Adding to iommu group 0
[   21.302105] iommufd_mock iommufd_mock0: Adding to iommu group 0
[   21.313164] iommufd_mock iommufd_mock0: Adding to iommu group 0
[   21.323918] iommufd_mock iommufd_mock0: Adding to iommu group 0
[   21.334219] iommufd_mock iommufd_mock0: Adding to iommu group 0
[   21.345273] iommufd_mock iommufd_mock0: Adding to iommu group 0
[   21.355909] iommufd_mock iommufd_mock0: Adding to iommu group 0
[   21.366889] iommufd_mock iommufd_mock0: Adding to iommu group 0
[   21.377836] iommufd_mock iommufd_mock0: Adding to iommu group 0
[   21.389858] iommufd_mock iommufd_mock0: Adding to iommu group 0
[   21.399541] iommufd_mock iommufd_mock0: Adding to iommu group 0
[   21.410345] iommufd_mock iommufd_mock0: Adding to iommu group 0
[   21.421117] iommufd_mock iommufd_mock0: Adding to iommu group 0
[   21.431888] iommufd_mock iommufd_mock0: Adding to iommu group 0
[   21.442530] iommufd_mock iommufd_mock0: Adding to iommu group 0
[   21.453243] iommufd_mock iommufd_mock0: Adding to iommu group 0
[   21.463929] iommufd_mock iommufd_mock0: Adding to iommu group 0
[   21.474544] iommufd_mock iommufd_mock0: Adding to iommu group 0
[   21.485547] iommufd_mock iommufd_mock0: Adding to iommu group 0
[   21.496114] iommufd_mock iommufd_mock0: Adding to iommu group 0
[   21.506710] iommufd_mock iommufd_mock0: Adding to iommu group 0
[   21.517442] iommufd_mock iommufd_mock0: Adding to iommu group 0
[   21.528060] iommufd_mock iommufd_mock0: Adding to iommu group 0
[   21.538671] iommufd_mock iommufd_mock0: Adding to iommu group 0
[   21.549412] iommufd_mock iommufd_mock0: Adding to iommu group 0
[   21.560320] iommufd_mock iommufd_mock0: Adding to iommu group 0
[   21.570873] iommufd_mock iommufd_mock0: Adding to iommu group 0
[   21.581406] iommufd_mock iommufd_mock0: Adding to iommu group 0
[   21.592044] iommufd_mock iommufd_mock0: Adding to iommu group 0
[   21.603350] iommufd_mock iommufd_mock0: Adding to iommu group 0
[   21.614213] iommufd_mock iommufd_mock0: Adding to iommu group 0
[   21.625293] iommufd_mock iommufd_mock0: Adding to iommu group 0
[   21.635786] iommufd_mock iommufd_mock0: Adding to iommu group 0
[   21.646287] iommufd_mock iommufd_mock0: Adding to iommu group 0
[   21.657101] iommufd_mock iommufd_mock0: Adding to iommu group 0
[   21.667489] iommufd_mock iommufd_mock0: Adding to iommu group 0
[   21.678404] iommufd_mock iommufd_mock0: Adding to iommu group 0
[   21.689426] iommufd_mock iommufd_mock0: Adding to iommu group 0
[   21.699973] iommufd_mock iommufd_mock0: Adding to iommu group 0
[   21.710756] iommufd_mock iommufd_mock0: Adding to iommu group 0
[   21.721708] iommufd_mock iommufd_mock0: Adding to iommu group 0
[   21.732657] iommufd_mock iommufd_mock0: Adding to iommu group 0
[   21.743468] iommufd_mock iommufd_mock0: Adding to iommu group 0
[   21.754346] iommufd_mock iommufd_mock0: Adding to iommu group 0
[   21.765414] iommufd_mock iommufd_mock0: Adding to iommu group 0
[   21.776275] iommufd_mock iommufd_mock0: Adding to iommu group 0
[   21.786932] iommufd_mock iommufd_mock0: Adding to iommu group 0
[   21.797841] iommufd_mock iommufd_mock0: Adding to iommu group 0
[   21.808692] iommufd_mock iommufd_mock0: Adding to iommu group 0
[   21.818743] iommufd_mock iommufd_mock0: Adding to iommu group 0
[   21.829828] iommufd_mock iommufd_mock0: Adding to iommu group 0
[   21.840718] iommufd_mock iommufd_mock0: Adding to iommu group 0
[   21.851064] iommufd_mock iommufd_mock0: Adding to iommu group 0
[   21.863013] iommufd_mock iommufd_mock0: Adding to iommu group 0
[   21.872673] iommufd_mock iommufd_mock0: Adding to iommu group 0
[   21.883385] iommufd_mock iommufd_mock0: Adding to iommu group 0
[   21.894082] iommufd_mock iommufd_mock0: Adding to iommu group 0
[   21.905257] iommufd_mock iommufd_mock0: Adding to iommu group 0
[   21.915665] iommufd_mock iommufd_mock0: Adding to iommu group 0
[   21.926261] iommufd_mock iommufd_mock0: Adding to iommu group 0
[   21.937754] iommufd_mock iommufd_mock0: Adding to iommu group 0
[   21.947853] iommufd_mock iommufd_mock0: Adding to iommu group 0
[   21.958409] iommufd_mock iommufd_mock0: Adding to iommu group 0
[   21.969083] iommufd_mock iommufd_mock0: Adding to iommu group 0
[   21.980168] iommufd_mock iommufd_mock0: Adding to iommu group 0
[   21.990758] iommufd_mock iommufd_mock0: Adding to iommu group 0
[   22.001237] iommufd_mock iommufd_mock0: Adding to iommu group 0
[   22.011861] iommufd_mock iommufd_mock0: Adding to iommu group 0
[   22.022581] iommufd_mock iommufd_mock0: Adding to iommu group 0
[   22.033237] iommufd_mock iommufd_mock0: Adding to iommu group 0
[   22.043874] iommufd_mock iommufd_mock0: Adding to iommu group 0
[   22.054591] iommufd_mock iommufd_mock0: Adding to iommu group 0
[   22.065556] iommufd_mock iommufd_mock0: Adding to iommu group 0
[   22.076124] iommufd_mock iommufd_mock0: Adding to iommu group 0
[   22.086686] iommufd_mock iommufd_mock0: Adding to iommu group 0
[   22.097771] iommufd_mock iommufd_mock0: Adding to iommu group 0
[   22.108105] iommufd_mock iommufd_mock0: Adding to iommu group 0
[   22.118748] iommufd_mock iommufd_mock0: Adding to iommu group 0
[   22.129836] iommufd_mock iommufd_mock0: Adding to iommu group 0
[   22.140426] iommufd_mock iommufd_mock0: Adding to iommu group 0
[   22.151109] iommufd_mock iommufd_mock0: Adding to iommu group 0
[   22.161638] iommufd_mock iommufd_mock0: Adding to iommu group 0
[   22.172334] iommufd_mock iommufd_mock0: Adding to iommu group 0
[   22.183132] iommufd_mock iommufd_mock0: Adding to iommu group 0
[   22.193947] iommufd_mock iommufd_mock0: Adding to iommu group 0
[   22.204773] iommufd_mock iommufd_mock0: Adding to iommu group 0
[   22.215241] iommufd_mock iommufd_mock0: Adding to iommu group 0
[   22.226070] iommufd_mock iommufd_mock0: Adding to iommu group 0
[   22.236811] iommufd_mock iommufd_mock0: Adding to iommu group 0
[   22.247409] iommufd_mock iommufd_mock0: Adding to iommu group 0
[   22.258510] iommufd_mock iommufd_mock0: Adding to iommu group 0
[   22.269429] iommufd_mock iommufd_mock0: Adding to iommu group 0
[   22.279770] iommufd_mock iommufd_mock0: Adding to iommu group 0
[   22.290582] iommufd_mock iommufd_mock0: Adding to iommu group 0
[   22.301467] iommufd_mock iommufd_mock0: Adding to iommu group 0
[   22.311845] iommufd_mock iommufd_mock0: Adding to iommu group 0
[   22.322570] iommufd_mock iommufd_mock0: Adding to iommu group 0
[   22.333496] iommufd_mock iommufd_mock0: Adding to iommu group 0
[   22.344011] iommufd_mock iommufd_mock0: Adding to iommu group 0
[   22.354986] iommufd_mock iommufd_mock0: Adding to iommu group 0
[   22.365387] iommufd_mock iommufd_mock0: Adding to iommu group 0
[   22.376995] iommufd_mock iommufd_mock0: Adding to iommu group 0
[   22.387067] iommufd_mock iommufd_mock0: Adding to iommu group 0
[   22.397824] iommufd_mock iommufd_mock0: Adding to iommu group 0
[   22.409253] iommufd_mock iommufd_mock0: Adding to iommu group 0
[   22.419956] iommufd_mock iommufd_mock0: Adding to iommu group 0
[   22.430576] iommufd_mock iommufd_mock0: Adding to iommu group 0
[   22.441607] iommufd_mock iommufd_mock0: Adding to iommu group 0
[   22.452313] iommufd_mock iommufd_mock0: Adding to iommu group 0
[   22.463032] iommufd_mock iommufd_mock0: Adding to iommu group 0
[   22.473888] iommufd_mock iommufd_mock0: Adding to iommu group 0
[   22.484601] iommufd_mock iommufd_mock0: Adding to iommu group 0
[   22.495305] iommufd_mock iommufd_mock0: Adding to iommu group 0
[   22.505983] iommufd_mock iommufd_mock0: Adding to iommu group 0
[   22.517159] iommufd_mock iommufd_mock0: Adding to iommu group 0
[   22.527532] iommufd_mock iommufd_mock0: Adding to iommu group 0
[   22.538040] iommufd_mock iommufd_mock0: Adding to iommu group 0
[   22.548933] iommufd_mock iommufd_mock0: Adding to iommu group 0
[   22.559598] iommufd_mock iommufd_mock0: Adding to iommu group 0
[   22.570087] iommufd_mock iommufd_mock0: Adding to iommu group 0
[   22.581217] iommufd_mock iommufd_mock0: Adding to iommu group 0
[   22.591786] iommufd_mock iommufd_mock0: Adding to iommu group 0
[   22.602593] iommufd_mock iommufd_mock0: Adding to iommu group 0
[   22.613650] iommufd_mock iommufd_mock0: Adding to iommu group 0
[   22.624230] iommufd_mock iommufd_mock0: Adding to iommu group 0
[   22.634911] iommufd_mock iommufd_mock0: Adding to iommu group 0
[   22.645618] iommufd_mock iommufd_mock0: Adding to iommu group 0
[   22.656307] iommufd_mock iommufd_mock0: Adding to iommu group 0
[   22.666896] iommufd_mock iommufd_mock0: Adding to iommu group 0
[   22.677780] iommufd_mock iommufd_mock0: Adding to iommu group 0
[   22.688990] iommufd_mock iommufd_mock0: Adding to iommu group 0
[   22.699630] iommufd_mock iommufd_mock0: Adding to iommu group 0
[   22.710969] iommufd_mock iommufd_mock0: Adding to iommu group 0
[   22.722872] iommufd_mock iommufd_mock0: Adding to iommu group 0
[   22.733206] iommufd_mock iommufd_mock0: Adding to iommu group 0
[   22.743955] iommufd_mock iommufd_mock0: Adding to iommu group 0
[   22.755122] iommufd_mock iommufd_mock0: Adding to iommu group 0
[   22.765685] iommufd_mock iommufd_mock0: Adding to iommu group 0
[   22.776699] iommufd_mock iommufd_mock0: Adding to iommu group 0
[   22.786866] iommufd_mock iommufd_mock0: Adding to iommu group 0
[   22.798005] iommufd_mock iommufd_mock0: Adding to iommu group 0
[   22.809121] iommufd_mock iommufd_mock0: Adding to iommu group 0
[   22.820008] iommufd_mock iommufd_mock0: Adding to iommu group 0
[   22.830932] iommufd_mock iommufd_mock0: Adding to iommu group 0
[   22.841980] iommufd_mock iommufd_mock0: Adding to iommu group 0
[   22.853088] iommufd_mock iommufd_mock0: Adding to iommu group 0
[   22.863792] iommufd_mock iommufd_mock0: Adding to iommu group 0
[   22.874707] iommufd_mock iommufd_mock0: Adding to iommu group 0
[   22.885500] iommufd_mock iommufd_mock0: Adding to iommu group 0
[   22.896782] iommufd_mock iommufd_mock0: Adding to iommu group 0
[   22.907276] iommufd_mock iommufd_mock0: Adding to iommu group 0
[   22.918337] iommufd_mock iommufd_mock0: Adding to iommu group 0
[   22.929359] iommufd_mock iommufd_mock0: Adding to iommu group 0
[   22.940377] iommufd_mock iommufd_mock0: Adding to iommu group 0
[   22.951155] iommufd_mock iommufd_mock0: Adding to iommu group 0
[   22.962246] iommufd_mock iommufd_mock0: Adding to iommu group 0
[   22.973590] iommufd_mock iommufd_mock0: Adding to iommu group 0
[   22.984632] iommufd_mock iommufd_mock0: Adding to iommu group 0
[   22.995186] iommufd_mock iommufd_mock0: Adding to iommu group 0
[   23.005753] iommufd_mock iommufd_mock0: Adding to iommu group 0
[   23.017254] iommufd_mock iommufd_mock0: Adding to iommu group 0
[   23.027304] iommufd_mock iommufd_mock0: Adding to iommu group 0
[   23.037945] iommufd_mock iommufd_mock0: Adding to iommu group 0
[   23.048941] iommufd_mock iommufd_mock0: Adding to iommu group 0
[   23.059066] iommufd_mock iommufd_mock0: Adding to iommu group 0
[   23.070166] iommufd_mock iommufd_mock0: Adding to iommu group 0
[   23.080518] iommufd_mock iommufd_mock0: Adding to iommu group 0
[   23.091037] iommufd_mock iommufd_mock0: Adding to iommu group 0
[   23.101277] iommufd_mock iommufd_mock0: Adding to iommu group 0
[   23.113335] iommufd_mock iommufd_mock0: Adding to iommu group 0
[   23.122877] iommufd_mock iommufd_mock0: Adding to iommu group 0
[   23.133680] iommufd_mock iommufd_mock0: Adding to iommu group 0
[   23.144268] iommufd_mock iommufd_mock0: Adding to iommu group 0
[   23.154816] iommufd_mock iommufd_mock0: Adding to iommu group 0
[   23.165972] iommufd_mock iommufd_mock0: Adding to iommu group 0
[   23.176270] iommufd_mock iommufd_mock0: Adding to iommu group 0
[   23.187514] iommufd_mock iommufd_mock0: Adding to iommu group 0
[   23.197687] iommufd_mock iommufd_mock0: Adding to iommu group 0
[   23.209243] iommufd_mock iommufd_mock0: Adding to iommu group 0
[   23.219054] iommufd_mock iommufd_mock0: Adding to iommu group 0
[   23.229707] iommufd_mock iommufd_mock0: Adding to iommu group 0
[   23.240936] iommufd_mock iommufd_mock0: Adding to iommu group 0
[   23.250898] iommufd_mock iommufd_mock0: Adding to iommu group 0
[   23.262046] iommufd_mock iommufd_mock0: Adding to iommu group 0
[   23.272607] iommufd_mock iommufd_mock0: Adding to iommu group 0
[   23.282539] iommufd_mock iommufd_mock0: Adding to iommu group 0
[   23.293235] iommufd_mock iommufd_mock0: Adding to iommu group 0
[   23.304719] iommufd_mock iommufd_mock0: Adding to iommu group 0
[   23.314904] iommufd_mock iommufd_mock0: Adding to iommu group 0
[   23.325741] iommufd_mock iommufd_mock0: Adding to iommu group 0
[   23.336203] iommufd_mock iommufd_mock0: Adding to iommu group 0
[   23.346775] iommufd_mock iommufd_mock0: Adding to iommu group 0
[   23.357593] iommufd_mock iommufd_mock0: Adding to iommu group 0
[   23.368252] iommufd_mock iommufd_mock0: Adding to iommu group 0
[   23.378904] iommufd_mock iommufd_mock0: Adding to iommu group 0
[   23.389369] iommufd_mock iommufd_mock0: Adding to iommu group 0
[   23.400166] iommufd_mock iommufd_mock0: Adding to iommu group 0
[   23.410778] iommufd_mock iommufd_mock0: Adding to iommu group 0
[   23.421517] iommufd_mock iommufd_mock0: Adding to iommu group 0
[   23.432135] iommufd_mock iommufd_mock0: Adding to iommu group 0
[   23.442928] iommufd_mock iommufd_mock0: Adding to iommu group 0
[   23.453348] iommufd_mock iommufd_mock0: Adding to iommu group 0
[   23.464318] iommufd_mock iommufd_mock0: Adding to iommu group 0
[   23.474691] iommufd_mock iommufd_mock0: Adding to iommu group 0
[   23.485460] iommufd_mock iommufd_mock0: Adding to iommu group 0
[   23.496334] iommufd_mock iommufd_mock0: Adding to iommu group 0
[   23.506923] iommufd_mock iommufd_mock0: Adding to iommu group 0
[   23.517741] iommufd_mock iommufd_mock0: Adding to iommu group 0
[   23.528266] iommufd_mock iommufd_mock0: Adding to iommu group 0
[   23.538947] iommufd_mock iommufd_mock0: Adding to iommu group 0
[   23.549576] iommufd_mock iommufd_mock0: Adding to iommu group 0
[   23.560205] iommufd_mock iommufd_mock0: Adding to iommu group 0
[   23.570978] iommufd_mock iommufd_mock0: Adding to iommu group 0
[   23.581657] iommufd_mock iommufd_mock0: Adding to iommu group 0
[   23.592027] iommufd_mock iommufd_mock0: Adding to iommu group 0
[   23.603608] iommufd_mock iommufd_mock0: Adding to iommu group 0
[   23.613300] iommufd_mock iommufd_mock0: Adding to iommu group 0
[   23.624356] iommufd_mock iommufd_mock0: Adding to iommu group 0
[   23.635005] iommufd_mock iommufd_mock0: Adding to iommu group 0
[   23.645709] iommufd_mock iommufd_mock0: Adding to iommu group 0
[   23.656937] iommufd_mock iommufd_mock0: Adding to iommu group 0
[   23.667810] iommufd_mock iommufd_mock0: Adding to iommu group 0
[   23.678815] iommufd_mock iommufd_mock0: Adding to iommu group 0
[   23.689386] iommufd_mock iommufd_mock0: Adding to iommu group 0
[   23.699775] iommufd_mock iommufd_mock0: Adding to iommu group 0
[   23.710784] iommufd_mock iommufd_mock0: Adding to iommu group 0
[   23.721559] iommufd_mock iommufd_mock0: Adding to iommu group 0
[   23.732356] iommufd_mock iommufd_mock0: Adding to iommu group 0
[   23.742992] iommufd_mock iommufd_mock0: Adding to iommu group 0
[   23.753676] iommufd_mock iommufd_mock0: Adding to iommu group 0
[   23.764858] iommufd_mock iommufd_mock0: Adding to iommu group 0
[   23.774522] iommufd_mock iommufd_mock0: Adding to iommu group 0
[   23.785281] iommufd_mock iommufd_mock0: Adding to iommu group 0
[   23.796064] iommufd_mock iommufd_mock0: Adding to iommu group 0
[   23.806931] iommufd_mock iommufd_mock0: Adding to iommu group 0
[   23.817578] iommufd_mock iommufd_mock0: Adding to iommu group 0
[   23.829377] iommufd_mock iommufd_mock0: Adding to iommu group 0
[   23.838925] iommufd_mock iommufd_mock0: Adding to iommu group 0
[   23.849391] iommufd_mock iommufd_mock0: Adding to iommu group 0
[   23.860278] iommufd_mock iommufd_mock0: Adding to iommu group 0
[   23.870815] iommufd_mock iommufd_mock0: Adding to iommu group 0
[   23.881578] iommufd_mock iommufd_mock0: Adding to iommu group 0
[   23.892598] iommufd_mock iommufd_mock0: Adding to iommu group 0
[   23.902989] iommufd_mock iommufd_mock0: Adding to iommu group 0
[   23.913573] iommufd_mock iommufd_mock0: Adding to iommu group 0
[   23.926135] iommufd_mock iommufd_mock0: Adding to iommu group 0
[   23.935632] iommufd_mock iommufd_mock0: Adding to iommu group 0
[   23.946108] iommufd_mock iommufd_mock0: Adding to iommu group 0
[   23.956864] iommufd_mock iommufd_mock0: Adding to iommu group 0
[   23.967535] iommufd_mock iommufd_mock0: Adding to iommu group 0
[   23.977717] iommufd_mock iommufd_mock0: Adding to iommu group 0
[   23.988957] iommufd_mock iommufd_mock0: Adding to iommu group 0
[   23.999668] iommufd_mock iommufd_mock0: Adding to iommu group 0
[   24.010403] iommufd_mock iommufd_mock0: Adding to iommu group 0
[   24.021221] iommufd_mock iommufd_mock0: Adding to iommu group 0
[   24.031634] iommufd_mock iommufd_mock0: Adding to iommu group 0
[   24.042337] iommufd_mock iommufd_mock0: Adding to iommu group 0
[   24.053445] iommufd_mock iommufd_mock0: Adding to iommu group 0
[   24.064055] iommufd_mock iommufd_mock0: Adding to iommu group 0
[   24.074343] iommufd_mock iommufd_mock0: Adding to iommu group 0
[   24.085019] iommufd_mock iommufd_mock0: Adding to iommu group 0
[   24.096089] iommufd_mock iommufd_mock0: Adding to iommu group 0
[   24.106843] iommufd_mock iommufd_mock0: Adding to iommu group 0
[   24.117958] iommufd_mock iommufd_mock0: Adding to iommu group 0
[   24.128055] iommufd_mock iommufd_mock0: Adding to iommu group 0
[   24.138570] iommufd_mock iommufd_mock0: Adding to iommu group 0
[   24.149591] iommufd_mock iommufd_mock0: Adding to iommu group 0
[   24.160082] iommufd_mock iommufd_mock0: Adding to iommu group 0
[   24.170750] iommufd_mock iommufd_mock0: Adding to iommu group 0
[   24.181754] iommufd_mock iommufd_mock0: Adding to iommu group 0
[   24.192643] iommufd_mock iommufd_mock0: Adding to iommu group 0
[   24.203076] iommufd_mock iommufd_mock0: Adding to iommu group 0
[   24.213665] iommufd_mock iommufd_mock0: Adding to iommu group 0
[   24.224979] iommufd_mock iommufd_mock0: Adding to iommu group 0
[   24.235223] iommufd_mock iommufd_mock0: Adding to iommu group 0
[   24.245219] iommufd_mock iommufd_mock0: Adding to iommu group 0
[   24.255940] iommufd_mock iommufd_mock0: Adding to iommu group 0
[   24.266870] iommufd_mock iommufd_mock0: Adding to iommu group 0
[   24.277541] iommufd_mock iommufd_mock0: Adding to iommu group 0
[   24.288032] iommufd_mock iommufd_mock0: Adding to iommu group 0
[   24.298646] iommufd_mock iommufd_mock0: Adding to iommu group 0
[   24.309937] iommufd_mock iommufd_mock0: Adding to iommu group 0
[   24.320878] iommufd_mock iommufd_mock0: Adding to iommu group 0
[   24.331213] iommufd_mock iommufd_mock0: Adding to iommu group 0
[   24.342185] iommufd_mock iommufd_mock0: Adding to iommu group 0
[   24.353020] iommufd_mock iommufd_mock0: Adding to iommu group 0
[   24.363852] iommufd_mock iommufd_mock0: Adding to iommu group 0
[   24.374439] iommufd_mock iommufd_mock0: Adding to iommu group 0
[   24.384970] iommufd_mock iommufd_mock0: Adding to iommu group 0
[   24.395699] iommufd_mock iommufd_mock0: Adding to iommu group 0
[   24.406483] iommufd_mock iommufd_mock0: Adding to iommu group 0
[   24.417040] iommufd_mock iommufd_mock0: Adding to iommu group 0
[   24.427637] iommufd_mock iommufd_mock0: Adding to iommu group 0
[   24.438454] iommufd_mock iommufd_mock0: Adding to iommu group 0
[   24.449382] iommufd_mock iommufd_mock0: Adding to iommu group 0
[   24.460109] iommufd_mock iommufd_mock0: Adding to iommu group 0
[   24.470922] iommufd_mock iommufd_mock0: Adding to iommu group 0
[   24.481985] iommufd_mock iommufd_mock0: Adding to iommu group 0
[   24.494308] iommufd_mock iommufd_mock0: Adding to iommu group 0
[   24.503688] iommufd_mock iommufd_mock0: Adding to iommu group 0
[   24.514544] iommufd_mock iommufd_mock0: Adding to iommu group 0
[   24.525220] iommufd_mock iommufd_mock0: Adding to iommu group 0
[   24.535816] iommufd_mock iommufd_mock0: Adding to iommu group 0
[   24.546326] iommufd_mock iommufd_mock0: Adding to iommu group 0
[   24.557077] iommufd_mock iommufd_mock0: Adding to iommu group 0
[   24.567613] iommufd_mock iommufd_mock0: Adding to iommu group 0
[   24.578638] iommufd_mock iommufd_mock0: Adding to iommu group 0
[   24.589230] iommufd_mock iommufd_mock0: Adding to iommu group 0
[   24.599727] iommufd_mock iommufd_mock0: Adding to iommu group 0
[   24.610429] iommufd_mock iommufd_mock0: Adding to iommu group 0
[   24.621578] iommufd_mock iommufd_mock0: Adding to iommu group 0
[   24.632004] iommufd_mock iommufd_mock0: Adding to iommu group 0
[   24.644224] iommufd_mock iommufd_mock0: Adding to iommu group 0
[   24.654051] iommufd_mock iommufd_mock0: Adding to iommu group 0
[   24.664929] iommufd_mock iommufd_mock0: Adding to iommu group 0
[   24.675760] iommufd_mock iommufd_mock0: Adding to iommu group 0
[   24.686696] iommufd_mock iommufd_mock0: Adding to iommu group 0
[   24.697389] iommufd_mock iommufd_mock0: Adding to iommu group 0
[   24.708152] iommufd_mock iommufd_mock0: Adding to iommu group 0
[   24.718918] iommufd_mock iommufd_mock0: Adding to iommu group 0
[   24.730008] iommufd_mock iommufd_mock0: Adding to iommu group 0
[   24.740527] iommufd_mock iommufd_mock0: Adding to iommu group 0
[   24.750897] iommufd_mock iommufd_mock0: Adding to iommu group 0
[   24.761491] iommufd_mock iommufd_mock0: Adding to iommu group 0
[   24.772530] iommufd_mock iommufd_mock0: Adding to iommu group 0
[   24.783241] iommufd_mock iommufd_mock0: Adding to iommu group 0
[   24.794010] iommufd_mock iommufd_mock0: Adding to iommu group 0
[   24.805272] iommufd_mock iommufd_mock0: Adding to iommu group 0
[   24.816205] iommufd_mock iommufd_mock0: Adding to iommu group 0
[   24.827348] iommufd_mock iommufd_mock0: Adding to iommu group 0
[   24.837824] iommufd_mock iommufd_mock0: Adding to iommu group 0
[   24.849454] iommufd_mock iommufd_mock0: Adding to iommu group 0
[   24.860213] iommufd_mock iommufd_mock0: Adding to iommu group 0
[   24.870959] iommufd_mock iommufd_mock0: Adding to iommu group 0
[   24.881919] iommufd_mock iommufd_mock0: Adding to iommu group 0
[   24.893571] iommufd_mock iommufd_mock0: Adding to iommu group 0
[   24.903610] iommufd_mock iommufd_mock0: Adding to iommu group 0
[   24.914436] iommufd_mock iommufd_mock0: Adding to iommu group 0
[   24.924901] iommufd_mock iommufd_mock0: Adding to iommu group 0
[   24.935507] iommufd_mock iommufd_mock0: Adding to iommu group 0
[   24.946364] iommufd_mock iommufd_mock0: Adding to iommu group 0
[   24.956985] iommufd_mock iommufd_mock0: Adding to iommu group 0
[   24.967884] iommufd_mock iommufd_mock0: Adding to iommu group 0
[   24.978241] iommufd_mock iommufd_mock0: Adding to iommu group 0
[   24.989108] iommufd_mock iommufd_mock0: Adding to iommu group 0
[   24.999667] iommufd_mock iommufd_mock0: Adding to iommu group 0
[   25.010788] iommufd_mock iommufd_mock0: Adding to iommu group 0
[   25.021520] iommufd_mock iommufd_mock0: Adding to iommu group 0
[   25.032290] iommufd_mock iommufd_mock0: Adding to iommu group 0
[   25.042947] iommufd_mock iommufd_mock0: Adding to iommu group 0
[   25.053884] iommufd_mock iommufd_mock0: Adding to iommu group 0
[   25.064515] iommufd_mock iommufd_mock0: Adding to iommu group 0
[   25.074925] iommufd_mock iommufd_mock0: Adding to iommu group 0
[   25.085647] iommufd_mock iommufd_mock0: Adding to iommu group 0
[   25.096433] iommufd_mock iommufd_mock0: Adding to iommu group 0
[   25.107101] iommufd_mock iommufd_mock0: Adding to iommu group 0
[   25.117719] iommufd_mock iommufd_mock0: Adding to iommu group 0
[   25.128236] iommufd_mock iommufd_mock0: Adding to iommu group 0
[   25.139020] iommufd_mock iommufd_mock0: Adding to iommu group 0
[   25.149474] iommufd_mock iommufd_mock0: Adding to iommu group 0
[   25.160232] iommufd_mock iommufd_mock0: Adding to iommu group 0
[   25.171464] iommufd_mock iommufd_mock0: Adding to iommu group 0
[   25.181523] iommufd_mock iommufd_mock0: Adding to iommu group 0
[   25.192576] iommufd_mock iommufd_mock0: Adding to iommu group 0
[   25.202714] iommufd_mock iommufd_mock0: Adding to iommu group 0
[   25.213549] iommufd_mock iommufd_mock0: Adding to iommu group 0
[   25.224922] iommufd_mock iommufd_mock0: Adding to iommu group 0
[   25.235252] iommufd_mock iommufd_mock0: Adding to iommu group 0
[   25.245956] iommufd_mock iommufd_mock0: Adding to iommu group 0
[   25.256685] iommufd_mock iommufd_mock0: Adding to iommu group 0
[   25.267111] iommufd_mock iommufd_mock0: Adding to iommu group 0
[   25.277875] iommufd_mock iommufd_mock0: Adding to iommu group 0
[   25.289073] iommufd_mock iommufd_mock0: Adding to iommu group 0
[   25.299865] iommufd_mock iommufd_mock0: Adding to iommu group 0
[   25.310007] iommufd_mock iommufd_mock0: Adding to iommu group 0
[   25.320875] iommufd_mock iommufd_mock0: Adding to iommu group 0
[   25.331806] iommufd_mock iommufd_mock0: Adding to iommu group 0
[   25.342530] iommufd_mock iommufd_mock0: Adding to iommu group 0
[   25.353276] iommufd_mock iommufd_mock0: Adding to iommu group 0
[   25.363670] iommufd_mock iommufd_mock0: Adding to iommu group 0
[   25.374370] iommufd_mock iommufd_mock0: Adding to iommu group 0
[   25.385157] iommufd_mock iommufd_mock0: Adding to iommu group 0
[   25.395921] iommufd_mock iommufd_mock0: Adding to iommu group 0
[   25.406827] iommufd_mock iommufd_mock0: Adding to iommu group 0
[   25.417770] iommufd_mock iommufd_mock0: Adding to iommu group 0
[   25.428242] iommufd_mock iommufd_mock0: Adding to iommu group 0
[   25.438932] iommufd_mock iommufd_mock0: Adding to iommu group 0
[   25.449538] iommufd_mock iommufd_mock0: Adding to iommu group 0
[   25.460431] iommufd_mock iommufd_mock0: Adding to iommu group 0
[   25.471334] iommufd_mock iommufd_mock0: Adding to iommu group 0
[   25.481509] iommufd_mock iommufd_mock0: Adding to iommu group 0
[   25.492532] iommufd_mock iommufd_mock0: Adding to iommu group 0
[   25.503262] iommufd_mock iommufd_mock0: Adding to iommu group 0
[   25.514088] iommufd_mock iommufd_mock0: Adding to iommu group 0
[   25.525214] iommufd_mock iommufd_mock0: Adding to iommu group 0
[   25.535379] iommufd_mock iommufd_mock0: Adding to iommu group 0
[   25.546238] iommufd_mock iommufd_mock0: Adding to iommu group 0
[   25.557404] iommufd_mock iommufd_mock0: Adding to iommu group 0
[   25.568007] iommufd_mock iommufd_mock0: Adding to iommu group 0
[   25.578674] iommufd_mock iommufd_mock0: Adding to iommu group 0
[   25.589686] iommufd_mock iommufd_mock0: Adding to iommu group 0
[   25.599884] iommufd_mock iommufd_mock0: Adding to iommu group 0
[   25.610470] iommufd_mock iommufd_mock0: Adding to iommu group 0
[   25.621249] iommufd_mock iommufd_mock0: Adding to iommu group 0
[   25.632131] iommufd_mock iommufd_mock0: Adding to iommu group 0
[   25.642799] iommufd_mock iommufd_mock0: Adding to iommu group 0
[   25.653386] iommufd_mock iommufd_mock0: Adding to iommu group 0
[   25.663939] iommufd_mock iommufd_mock0: Adding to iommu group 0
[   25.674634] iommufd_mock iommufd_mock0: Adding to iommu group 0
[   25.685160] iommufd_mock iommufd_mock0: Adding to iommu group 0
[   25.695995] iommufd_mock iommufd_mock0: Adding to iommu group 0
[   25.706693] iommufd_mock iommufd_mock0: Adding to iommu group 0
[   25.717231] iommufd_mock iommufd_mock0: Adding to iommu group 0
[   25.728624] iommufd_mock iommufd_mock0: Adding to iommu group 0
[   25.738595] iommufd_mock iommufd_mock0: Adding to iommu group 0
[   25.749716] iommufd_mock iommufd_mock0: Adding to iommu group 0
[   25.760259] iommufd_mock iommufd_mock0: Adding to iommu group 0
[   25.770871] iommufd_mock iommufd_mock0: Adding to iommu group 0
[   25.782095] iommufd_mock iommufd_mock0: Adding to iommu group 0
[   25.792731] iommufd_mock iommufd_mock0: Adding to iommu group 0
[   25.803681] iommufd_mock iommufd_mock0: Adding to iommu group 0
[   25.815022] iommufd_mock iommufd_mock0: Adding to iommu group 0
[   25.825276] iommufd_mock iommufd_mock0: Adding to iommu group 0
[   25.836032] iommufd_mock iommufd_mock0: Adding to iommu group 0
[   25.847190] iommufd_mock iommufd_mock0: Adding to iommu group 0
[   25.857807] iommufd_mock iommufd_mock0: Adding to iommu group 0
[   25.869215] iommufd_mock iommufd_mock0: Adding to iommu group 0
[   25.879387] iommufd_mock iommufd_mock0: Adding to iommu group 0
[   25.890150] iommufd_mock iommufd_mock0: Adding to iommu group 0
[   25.901417] iommufd_mock iommufd_mock0: Adding to iommu group 0
[   25.911916] iommufd_mock iommufd_mock0: Adding to iommu group 0
[   25.922280] iommufd_mock iommufd_mock0: Adding to iommu group 0
[   25.933497] iommufd_mock iommufd_mock0: Adding to iommu group 0
[   25.944069] iommufd_mock iommufd_mock0: Adding to iommu group 0
[   25.954572] iommufd_mock iommufd_mock0: Adding to iommu group 0
[   25.965283] iommufd_mock iommufd_mock0: Adding to iommu group 0
[   25.975892] iommufd_mock iommufd_mock0: Adding to iommu group 0
[   25.986712] iommufd_mock iommufd_mock0: Adding to iommu group 0
[   25.997500] iommufd_mock iommufd_mock0: Adding to iommu group 0
[   26.008116] iommufd_mock iommufd_mock0: Adding to iommu group 0
[   26.019033] iommufd_mock iommufd_mock0: Adding to iommu group 0
[   26.029686] iommufd_mock iommufd_mock0: Adding to iommu group 0
[   26.040732] iommufd_mock iommufd_mock0: Adding to iommu group 0
[   26.051453] iommufd_mock iommufd_mock0: Adding to iommu group 0
[   26.061964] iommufd_mock iommufd_mock0: Adding to iommu group 0
[   26.073939] iommufd_mock iommufd_mock0: Adding to iommu group 0
[   26.084503] iommufd_mock iommufd_mock0: Adding to iommu group 0
[   26.094946] iommufd_mock iommufd_mock0: Adding to iommu group 0
[   26.105014] iommufd_mock iommufd_mock0: Adding to iommu group 0
[   26.115647] iommufd_mock iommufd_mock0: Adding to iommu group 0
[   26.126385] iommufd_mock iommufd_mock0: Adding to iommu group 0
[   26.137530] iommufd_mock iommufd_mock0: Adding to iommu group 0
[   26.147668] iommufd_mock iommufd_mock0: Adding to iommu group 0
[   26.158590] iommufd_mock iommufd_mock0: Adding to iommu group 0
[   26.169500] iommufd_mock iommufd_mock0: Adding to iommu group 0
[   26.180222] iommufd_mock iommufd_mock0: Adding to iommu group 0
[   26.190815] iommufd_mock iommufd_mock0: Adding to iommu group 0
[   26.201545] iommufd_mock iommufd_mock0: Adding to iommu group 0
[   26.212342] iommufd_mock iommufd_mock0: Adding to iommu group 0
[   26.223271] iommufd_mock iommufd_mock0: Adding to iommu group 0
[   26.233838] iommufd_mock iommufd_mock0: Adding to iommu group 0
[   26.244704] iommufd_mock iommufd_mock0: Adding to iommu group 0
[   26.255434] iommufd_mock iommufd_mock0: Adding to iommu group 0
[   26.266226] iommufd_mock iommufd_mock0: Adding to iommu group 0
[   26.276870] iommufd_mock iommufd_mock0: Adding to iommu group 0
[   26.287555] iommufd_mock iommufd_mock0: Adding to iommu group 0
[   26.298423] iommufd_mock iommufd_mock0: Adding to iommu group 0
[   26.309581] iommufd_mock iommufd_mock0: Adding to iommu group 0
[   26.319738] iommufd_mock iommufd_mock0: Adding to iommu group 0
[   26.330666] iommufd_mock iommufd_mock0: Adding to iommu group 0
[   26.341889] iommufd_mock iommufd_mock0: Adding to iommu group 0
[   26.352568] iommufd_mock iommufd_mock0: Adding to iommu group 0
[   26.363601] iommufd_mock iommufd_mock0: Adding to iommu group 0
[   26.374594] iommufd_mock iommufd_mock0: Adding to iommu group 0
[   26.385650] iommufd_mock iommufd_mock0: Adding to iommu group 0
[   26.396333] iommufd_mock iommufd_mock0: Adding to iommu group 0
[   26.407236] iommufd_mock iommufd_mock0: Adding to iommu group 0
[   26.417648] iommufd_mock iommufd_mock0: Adding to iommu group 0
[   26.428518] iommufd_mock iommufd_mock0: Adding to iommu group 0
[   26.439820] iommufd_mock iommufd_mock0: Adding to iommu group 0
[   26.450563] iommufd_mock iommufd_mock0: Adding to iommu group 0
[   26.461273] iommufd_mock iommufd_mock0: Adding to iommu group 0
[   26.471540] iommufd_mock iommufd_mock0: Adding to iommu group 0
[   26.482455] iommufd_mock iommufd_mock0: Adding to iommu group 0
[   26.493327] iommufd_mock iommufd_mock0: Adding to iommu group 0
[   26.503659] iommufd_mock iommufd_mock0: Adding to iommu group 0
[   26.514764] iommufd_mock iommufd_mock0: Adding to iommu group 0
[   26.525493] iommufd_mock iommufd_mock0: Adding to iommu group 0
[   26.536164] iommufd_mock iommufd_mock0: Adding to iommu group 0
[   26.546881] iommufd_mock iommufd_mock0: Adding to iommu group 0
[   26.557576] iommufd_mock iommufd_mock0: Adding to iommu group 0
[   26.569109] iommufd_mock iommufd_mock0: Adding to iommu group 0
[   26.579693] iommufd_mock iommufd_mock0: Adding to iommu group 0
[   26.590112] iommufd_mock iommufd_mock0: Adding to iommu group 0
[   26.601041] iommufd_mock iommufd_mock0: Adding to iommu group 0
[   26.611896] iommufd_mock iommufd_mock0: Adding to iommu group 0
[   26.622219] iommufd_mock iommufd_mock0: Adding to iommu group 0
[   26.633667] iommufd_mock iommufd_mock0: Adding to iommu group 0
[   26.644351] iommufd_mock iommufd_mock0: Adding to iommu group 0
[   26.655159] iommufd_mock iommufd_mock0: Adding to iommu group 0
[   26.666405] iommufd_mock iommufd_mock0: Adding to iommu group 0
[   26.677147] iommufd_mock iommufd_mock0: Adding to iommu group 0
[   26.688560] iommufd_mock iommufd_mock0: Adding to iommu group 0
[   26.699547] iommufd_mock iommufd_mock0: Adding to iommu group 0
[   26.710114] iommufd_mock iommufd_mock0: Adding to iommu group 0
[   26.720958] iommufd_mock iommufd_mock0: Adding to iommu group 0
[   26.731808] iommufd_mock iommufd_mock0: Adding to iommu group 0
[   26.742461] iommufd_mock iommufd_mock0: Adding to iommu group 0
[   26.753488] iommufd_mock iommufd_mock0: Adding to iommu group 0
[   26.764158] iommufd_mock iommufd_mock0: Adding to iommu group 0
[   26.774718] iommufd_mock iommufd_mock0: Adding to iommu group 0
[   26.785530] iommufd_mock iommufd_mock0: Adding to iommu group 0
[   26.797267] iommufd_mock iommufd_mock0: Adding to iommu group 0
[   26.806928] iommufd_mock iommufd_mock0: Adding to iommu group 0
[   26.817682] iommufd_mock iommufd_mock0: Adding to iommu group 0
[   26.829075] iommufd_mock iommufd_mock0: Adding to iommu group 0
[   26.839066] iommufd_mock iommufd_mock0: Adding to iommu group 0
[   26.849303] iommufd_mock iommufd_mock0: Adding to iommu group 0
[   26.860186] iommufd_mock iommufd_mock0: Adding to iommu group 0
[   26.870859] iommufd_mock iommufd_mock0: Adding to iommu group 0
[   26.881582] iommufd_mock iommufd_mock0: Adding to iommu group 0
[   26.892642] iommufd_mock iommufd_mock0: Adding to iommu group 0
[   26.903411] iommufd_mock iommufd_mock0: Adding to iommu group 0
[   26.914818] iommufd_mock iommufd_mock0: Adding to iommu group 0
[   26.925746] iommufd_mock iommufd_mock0: Adding to iommu group 0
[   26.936430] iommufd_mock iommufd_mock0: Adding to iommu group 0
[   26.947235] iommufd_mock iommufd_mock0: Adding to iommu group 0
[   26.958067] iommufd_mock iommufd_mock0: Adding to iommu group 0
[   26.969092] iommufd_mock iommufd_mock0: Adding to iommu group 0
[   26.979795] iommufd_mock iommufd_mock0: Adding to iommu group 0
[   26.990840] iommufd_mock iommufd_mock0: Adding to iommu group 0
[   27.001472] iommufd_mock iommufd_mock0: Adding to iommu group 0
[   27.012732] iommufd_mock iommufd_mock0: Adding to iommu group 0
[   27.023600] iommufd_mock iommufd_mock0: Adding to iommu group 0
[   27.034690] iommufd_mock iommufd_mock0: Adding to iommu group 0
[   27.045605] iommufd_mock iommufd_mock0: Adding to iommu group 0
[   27.056075] iommufd_mock iommufd_mock0: Adding to iommu group 0
[   27.066960] iommufd_mock iommufd_mock0: Adding to iommu group 0
[   27.078101] iommufd_mock iommufd_mock0: Adding to iommu group 0
[   27.089386] iommufd_mock iommufd_mock0: Adding to iommu group 0
[   27.100019] iommufd_mock iommufd_mock0: Adding to iommu group 0
[   27.110748] iommufd_mock iommufd_mock0: Adding to iommu group 0
[   27.121309] iommufd_mock iommufd_mock0: Adding to iommu group 0
[   27.132175] iommufd_mock iommufd_mock0: Adding to iommu group 0
[   27.144138] iommufd_mock iommufd_mock0: Adding to iommu group 0
[   27.153665] iommufd_mock iommufd_mock0: Adding to iommu group 0
[   27.164035] iommufd_mock iommufd_mock0: Adding to iommu group 0
[   27.174773] iommufd_mock iommufd_mock0: Adding to iommu group 0
[   27.185916] iommufd_mock iommufd_mock0: Adding to iommu group 0
[   27.196189] iommufd_mock iommufd_mock0: Adding to iommu group 0
[   27.207098] iommufd_mock iommufd_mock0: Adding to iommu group 0
[   27.217766] iommufd_mock iommufd_mock0: Adding to iommu group 0
[   27.228623] iommufd_mock iommufd_mock0: Adding to iommu group 0
[   27.239065] iommufd_mock iommufd_mock0: Adding to iommu group 0
[   27.249638] iommufd_mock iommufd_mock0: Adding to iommu group 0
[   27.260161] iommufd_mock iommufd_mock0: Adding to iommu group 0
[   27.270708] iommufd_mock iommufd_mock0: Adding to iommu group 0
[   27.281480] iommufd_mock iommufd_mock0: Adding to iommu group 0
[   27.292643] iommufd_mock iommufd_mock0: Adding to iommu group 0
[   27.303117] iommufd_mock iommufd_mock0: Adding to iommu group 0
