c[?7l[2J[0mSeaBIOS (version rel-1.16.0-0-gd239552ce722-prebuilt.qemu.org)


iPXE (http://ipxe.org) 00:03.0 CA00 PCI2.10 PnP PMM+7FF91000+7FEF1000 CA00
Press Ctrl-B to configure iPXE (PCI 00:03.0)...                                                                               


Booting from ROM...
c[?7l[2J[    0.000000] Linux version 6.18.0-7d0a66e4bb90 (root@p-arls02) (gcc (GCC) 11.5.0 20240719 (Red Hat 11.5.0-14), GNU ld version 2.35.2-68.el9) #1 SMP PREEMPT_DYNAMIC Thu Dec  4 12:29:21 CST 2025
[    0.000000] Command line: console=ttyS0 root=/dev/sda earlyprintk=serial net.ifnames=0 plymouth.enable=0
[    0.000000] KERNEL supported cpus:
[    0.000000]   Intel GenuineIntel
[    0.000000]   AMD AuthenticAMD
[    0.000000]   Hygon HygonGenuine
[    0.000000]   Centaur CentaurHauls
[    0.000000]   zhaoxin   Shanghai  
[    0.000000] x86/CPU: Model not found in latest microcode list
[    0.000000] x86/split lock detection: #DB: warning on user-space bus_locks
[    0.000000] BIOS-provided physical RAM map:
[    0.000000] BIOS-e820: [mem 0x0000000000000000-0x000000000009fbff] usable
[    0.000000] BIOS-e820: [mem 0x000000000009fc00-0x000000000009ffff] reserved
[    0.000000] BIOS-e820: [mem 0x00000000000f0000-0x00000000000fffff] reserved
[    0.000000] BIOS-e820: [mem 0x0000000000100000-0x000000007ffdffff] usable
[    0.000000] BIOS-e820: [mem 0x000000007ffe0000-0x000000007fffffff] reserved
[    0.000000] BIOS-e820: [mem 0x00000000feffc000-0x00000000feffffff] reserved
[    0.000000] BIOS-e820: [mem 0x00000000fffc0000-0x00000000ffffffff] reserved
[    0.000000] printk: legacy bootconsole [earlyser0] enabled
[    0.000000] NX (Execute Disable) protection: active
[    0.000000] APIC: Static calls initialized
[    0.000000] SMBIOS 2.8 present.
[    0.000000] DMI: QEMU Standard PC (i440FX + PIIX, 1996), BIOS rel-1.16.0-0-gd239552ce722-prebuilt.qemu.org 04/01/2014
[    0.000000] DMI: Memory slots populated: 1/1
[    0.000000] Hypervisor detected: KVM
[    0.000000] last_pfn = 0x7ffe0 max_arch_pfn = 0x400000000
[    0.000000] kvm-clock: Using msrs 4b564d01 and 4b564d00
[    0.000003] kvm-clock: using sched offset of 991682856 cycles
[    0.000426] clocksource: kvm-clock: mask: 0xffffffffffffffff max_cycles: 0x1cd42e4dffb, max_idle_ns: 881590591483 ns
[    0.001740] tsc: Detected 1267.200 MHz processor
[    0.008194] last_pfn = 0x7ffe0 max_arch_pfn = 0x400000000
[    0.008658] MTRR map: 4 entries (3 fixed + 1 variable; max 19), built from 8 variable MTRRs
[    0.009333] x86/PAT: Configuration [0-7]: WB  WC  UC- UC  WB  WP  UC- WT  
[    0.019292] found SMP MP-table at [mem 0x000f5ba0-0x000f5baf]
[    0.019784] Using GB pages for direct mapping
[    0.021994] ACPI: Early table checksum verification disabled
[    0.022568] ACPI: RSDP 0x00000000000F59C0 000014 (v00 BOCHS )
[    0.023045] ACPI: RSDT 0x000000007FFE1951 000034 (v01 BOCHS  BXPC     00000001 BXPC 00000001)
[    0.023745] ACPI: FACP 0x000000007FFE17FD 000074 (v01 BOCHS  BXPC     00000001 BXPC 00000001)
[    0.024448] ACPI: DSDT 0x000000007FFE0040 0017BD (v01 BOCHS  BXPC     00000001 BXPC 00000001)
[    0.025140] ACPI: FACS 0x000000007FFE0000 000040
[    0.025512] ACPI: APIC 0x000000007FFE1871 000080 (v01 BOCHS  BXPC     00000001 BXPC 00000001)
[    0.026190] ACPI: HPET 0x000000007FFE18F1 000038 (v01 BOCHS  BXPC     00000001 BXPC 00000001)
[    0.026864] ACPI: WAET 0x000000007FFE1929 000028 (v01 BOCHS  BXPC     00000001 BXPC 00000001)
[    0.027541] ACPI: Reserving FACP table memory at [mem 0x7ffe17fd-0x7ffe1870]
[    0.028091] ACPI: Reserving DSDT table memory at [mem 0x7ffe0040-0x7ffe17fc]
[    0.028638] ACPI: Reserving FACS table memory at [mem 0x7ffe0000-0x7ffe003f]
[    0.029189] ACPI: Reserving APIC table memory at [mem 0x7ffe1871-0x7ffe18f0]
[    0.029736] ACPI: Reserving HPET table memory at [mem 0x7ffe18f1-0x7ffe1928]
[    0.030288] ACPI: Reserving WAET table memory at [mem 0x7ffe1929-0x7ffe1950]
[    0.031303] No NUMA configuration found
[    0.031596] Faking a node at [mem 0x0000000000000000-0x000000007ffdffff]
[    0.032149] NODE_DATA(0) allocated [mem 0x7ffb4ec0-0x7ffdfcbf]
[    0.033182] Zone ranges:
[    0.033385]   DMA      [mem 0x0000000000001000-0x0000000000ffffff]
[    0.033871]   DMA32    [mem 0x0000000001000000-0x000000007ffdffff]
[    0.034359]   Normal   empty
[    0.034588]   Device   empty
[    0.034819] Movable zone start for each node
[    0.035167] Early memory node ranges
[    0.035449]   node   0: [mem 0x0000000000001000-0x000000000009efff]
[    0.035937]   node   0: [mem 0x0000000000100000-0x000000007ffdffff]
[    0.036430] Initmem setup node 0 [mem 0x0000000000001000-0x000000007ffdffff]
[    0.037705] On node 0, zone DMA: 1 pages in unavailable ranges
[    0.038426] On node 0, zone DMA: 97 pages in unavailable ranges
[    0.080543] On node 0, zone DMA32: 32 pages in unavailable ranges
[    0.607715] KernelAddressSanitizer initialized (generic)
[    0.608509] ACPI: PM-Timer IO Port: 0x608
[    0.608876] ACPI: LAPIC_NMI (acpi_id[0xff] dfl dfl lint[0x1])
[    0.609416] IOAPIC[0]: apic_id 0, version 17, address 0xfec00000, GSI 0-23
[    0.609974] ACPI: INT_SRC_OVR (bus 0 bus_irq 0 global_irq 2 dfl dfl)
[    0.610479] ACPI: INT_SRC_OVR (bus 0 bus_irq 5 global_irq 5 high level)
[    0.610995] ACPI: INT_SRC_OVR (bus 0 bus_irq 9 global_irq 9 high level)
[    0.611516] ACPI: INT_SRC_OVR (bus 0 bus_irq 10 global_irq 10 high level)
[    0.612050] ACPI: INT_SRC_OVR (bus 0 bus_irq 11 global_irq 11 high level)
[    0.612594] ACPI: Using ACPI (MADT) for SMP configuration information
[    0.613097] ACPI: HPET id: 0x8086a201 base: 0xfed00000
[    0.613521] TSC deadline timer available
[    0.613835] CPU topo: Max. logical packages:   1
[    0.614200] CPU topo: Max. logical dies:       1
[    0.614561] CPU topo: Max. dies per package:   1
[    0.614925] CPU topo: Max. threads per core:   1
[    0.615287] CPU topo: Num. cores per package:     2
[    0.615669] CPU topo: Num. threads per package:   2
[    0.616051] CPU topo: Allowing 2 present CPUs plus 0 hotplug CPUs
[    0.616601] kvm-guest: APIC: eoi() replaced with kvm_guest_apic_eoi_write()
[    0.617210] kvm-guest: KVM setup pv remote TLB flush
[    0.617605] kvm-guest: setup PV sched yield
[    0.617991] PM: hibernation: Registered nosave memory: [mem 0x00000000-0x00000fff]
[    0.618589] PM: hibernation: Registered nosave memory: [mem 0x0009f000-0x000fffff]
[    0.619189] [mem 0x80000000-0xfeffbfff] available for PCI devices
[    0.619672] Booting paravirtualized kernel on KVM
[    0.620066] clocksource: refined-jiffies: mask: 0xffffffff max_cycles: 0xffffffff, max_idle_ns: 7645519600211568 ns
[    0.620908] setup_percpu: NR_CPUS:8192 nr_cpumask_bits:2 nr_cpu_ids:2 nr_node_ids:1
[    0.623704] percpu: Embedded 80 pages/cpu s290816 r8192 d28672 u1048576
[    0.624376] kvm-guest: PV spinlocks enabled
[    0.624723] PV qspinlock hash table entries: 256 (order: 0, 4096 bytes, linear)
[    0.625316] Kernel command line: net.ifnames=0 console=ttyS0 root=/dev/sda earlyprintk=serial net.ifnames=0 plymouth.enable=0
[    0.626543] random: crng init done
[    0.626820] printk: log buffer data + meta data: 262144 + 917504 = 1179648 bytes
[    0.629382] Dentry cache hash table entries: 262144 (order: 9, 2097152 bytes, linear)
[    0.631082] Inode-cache hash table entries: 131072 (order: 8, 1048576 bytes, linear)
[    0.631988] Fallback order for Node 0: 0 
[    0.631998] Built 1 zonelists, mobility grouping on.  Total pages: 524158
[    0.632810] Policy zone: DMA32
[    0.633039] mem auto-init: stack:off, heap alloc:off, heap free:off
[    0.633521] stackdepot: allocating hash table via alloc_large_system_hash
[    0.634039] stackdepot hash table entries: 1048576 (order: 12, 16777216 bytes, linear)
[    0.649532] stackdepot: allocating space for 8192 stack pools via memblock
[    0.698741] SLUB: HWalign=64, Order=0-3, MinObjects=0, CPUs=2, Nodes=1
[    0.699292] kmemleak: Kernel memory leak detector disabled
[    0.737125] ftrace: allocating 74644 entries in 292 pages
[    0.737585] ftrace: allocated 292 pages with 3 groups
[    0.742586] Dynamic Preempt: voluntary
[    0.743421] Running RCU self tests
[    0.743695] Running RCU synchronous self tests
[    0.744039] rcu: Preemptible hierarchical RCU implementation.
[    0.744488] rcu: 	RCU lockdep checking is enabled.
[    0.744862] rcu: 	RCU restricting CPUs from NR_CPUS=8192 to nr_cpu_ids=2.
[    0.745395] 	Trampoline variant of Tasks RCU enabled.
[    0.745788] 	Rude variant of Tasks RCU enabled.
[    0.746141] 	Tracing variant of Tasks RCU enabled.
[    0.746513] rcu: RCU calculated value of scheduler-enlistment delay is 25 jiffies.
[    0.747100] rcu: Adjusting geometry for rcu_fanout_leaf=16, nr_cpu_ids=2
[    0.747719] Running RCU synchronous self tests
[    0.748076] RCU Tasks: Setting shift to 1 and lim to 1 rcu_task_cb_adjust=1 rcu_task_cpu_ids=2.
[    0.748759] RCU Tasks Rude: Setting shift to 1 and lim to 1 rcu_task_cb_adjust=1 rcu_task_cpu_ids=2.
[    0.749473] RCU Tasks Trace: Setting shift to 1 and lim to 1 rcu_task_cb_adjust=1 rcu_task_cpu_ids=2.
[    0.814445] NR_IRQS: 524544, nr_irqs: 440, preallocated irqs: 16
[    0.815513] rcu: srcu_init: Setting srcu_struct sizes based on contention.
[    0.822758] Console: colour VGA+ 80x25
[    0.823142] printk: legacy console [ttyS0] enabled
[    0.823142] printk: legacy console [ttyS0] enabled
[    0.823903] printk: legacy bootconsole [earlyser0] disabled
[    0.823903] printk: legacy bootconsole [earlyser0] disabled
[    0.824801] Lock dependency validator: Copyright (c) 2006 Red Hat, Inc., Ingo Molnar
[    0.825423] ... MAX_LOCKDEP_SUBCLASSES:  8
[    0.825753] ... MAX_LOCK_DEPTH:          48
[    0.826093] ... MAX_LOCKDEP_KEYS:        8192
[    0.826444] ... CLASSHASH_SIZE:          4096
[    0.826795] ... MAX_LOCKDEP_ENTRIES:     524288
[    0.827175] ... MAX_LOCKDEP_CHAINS:      524288
[    0.827538] ... CHAINHASH_SIZE:          262144
[    0.827901]  memory used by lock dependency info: 54145 kB
[    0.828354]  memory used for stack traces: 4224 kB
[    0.828737]  per task-struct memory footprint: 1920 bytes
[    0.829259] ACPI: Core revision 20250807
[    0.829972] clocksource: hpet: mask: 0xffffffff max_cycles: 0xffffffff, max_idle_ns: 19112604467 ns
[    0.830889] APIC: Switch to symmetric I/O mode setup
[    0.831457] x2apic enabled
[    0.832044] APIC: Switched APIC routing to: physical x2apic
[    0.832505] kvm-guest: APIC: send_IPI_mask() replaced with kvm_send_ipi_mask()
[    0.833096] kvm-guest: APIC: send_IPI_mask_allbutself() replaced with kvm_send_ipi_mask_allbutself()
[    0.833823] kvm-guest: setup PV IPIs
[    0.835110] ..TIMER: vector=0x30 apic1=0 pin1=2 apic2=-1 pin2=-1
[    0.835613] clocksource: tsc-early: mask: 0xffffffffffffffff max_cycles: 0x12441513526, max_idle_ns: 440795239872 ns
[    0.836462] Calibrating delay loop (skipped) preset value.. 2534.40 BogoMIPS (lpj=5068800)
[    0.837281] CPU0: Thermal monitoring enabled (TM1)
[    0.837680] x86/cpu: User Mode Instruction Prevention (UMIP) activated
[    0.838311] Last level iTLB entries: 4KB 0, 2MB 0, 4MB 0
[    0.838737] Last level dTLB entries: 4KB 0, 2MB 0, 4MB 0, 1GB 0
[    0.840494] mitigations: Enabled attack vectors: user_kernel, user_user, guest_host, guest_guest, SMT mitigations: auto
[    0.841369] Speculative Store Bypass: Mitigation: Speculative Store Bypass disabled via prctl
[    0.842041] Spectre V2 : Mitigation: Enhanced / Automatic IBRS
[    0.842511] ITS: Mitigation: Aligned branch/return thunks
[    0.842946] Spectre V1 : Mitigation: usercopy/swapgs barriers and __user pointer sanitization
[    0.843626] Spectre V2 : WARNING: Unprivileged eBPF is enabled with eIBRS on, data leaks possible via Spectre v2 BHB attacks!
[    0.844452] Spectre V2 : Spectre v2 / PBRSB-eIBRS: Retire a single CALL on VMEXIT
[    0.845026] Spectre V2 : mitigation: Enabling conditional Indirect Branch Prediction Barrier
[    0.845672] active return thunk: its_return_thunk
[    0.846047] Spectre V2 : Spectre BHI mitigation: SW BHB clearing on syscall and VM exit
[    0.846695] x86/fpu: Supporting XSAVE feature 0x001: 'x87 floating point registers'
[    0.847300] x86/fpu: Supporting XSAVE feature 0x002: 'SSE registers'
[    0.847805] x86/fpu: Supporting XSAVE feature 0x004: 'AVX registers'
[    0.848452] x86/fpu: Supporting XSAVE feature 0x200: 'Protection Keys User registers'
[    0.849072] x86/fpu: xstate_offset[2]:  576, xstate_sizes[2]:  256
[    0.849565] x86/fpu: xstate_offset[9]:  832, xstate_sizes[9]:    8
[    0.850055] x86/fpu: Enabled xstate features 0x207, context size is 840 bytes, using 'compacted' format.
[    0.981853] Freeing SMP alternatives memory: 64K
[    0.982277] pid_max: default: 32768 minimum: 301
[    0.982937] LSM: initializing lsm=capability,yama,ima,evm
[    0.983465] Yama: becoming mindful.
[    0.984158] Mount-cache hash table entries: 4096 (order: 3, 32768 bytes, linear)
[    0.984457] Mountpoint-cache hash table entries: 4096 (order: 3, 32768 bytes, linear)
[    0.986812] Running RCU synchronous self tests
[    0.987170] Running RCU synchronous self tests
[    0.987958] smpboot: CPU0: Genuine Intel(R) 0000 @ (family: 0x6, model: 0xc6, stepping: 0x0)
[    0.988447] Performance Events: unsupported CPU family 6 model 198 no PMU driver, software events only.
[    0.988447] signal: max sigframe size: 3632
[    0.988447] rcu: Hierarchical SRCU implementation.
[    0.988447] rcu: 	Max phase no-delay instances is 1000.
[    0.988678] Timer migration: 1 hierarchy levels; 8 children per group; 1 crossnode level
[    1.001053] NMI watchdog: Perf NMI watchdog permanently disabled
[    1.001813] smp: Bringing up secondary CPUs ...
[    1.002929] smpboot: x86: Booting SMP configuration:
[    1.003355] .... node  #0, CPUs:      #1
[    1.004698] smp: Brought up 1 node, 2 CPUs
[    1.005349] smpboot: Total of 2 processors activated (5068.80 BogoMIPS)
[    1.006183] Memory: 1541060K/2096632K available (79917K kernel code, 15397K rwdata, 18468K rodata, 16244K init, 68388K bss, 544140K reserved, 0K cma-reserved)
[    1.009834] devtmpfs: initialized
[    1.009834] x86/mm: Memory block size: 128MB
[    1.022262] Running RCU synchronous self tests
[    1.022262] Running RCU synchronous self tests
[    1.024545] Running RCU Tasks wait API self tests
[    1.024883] Running RCU Tasks Rude wait API self tests
[    1.024883] Running RCU Tasks Trace wait API self tests
[    1.044540] clocksource: jiffies: mask: 0xffffffff max_cycles: 0xffffffff, max_idle_ns: 7645041785100000 ns
[    1.048522] posixtimers hash table entries: 1024 (order: 5, 73728 bytes, linear)
[    1.049240] futex hash table entries: 512 (65536 bytes on 1 NUMA nodes, total 64 KiB, linear).
[    1.050442] pinctrl core: initialized pinctrl subsystem
[    1.052175] 
[    1.052304] *************************************************************
[    1.052455] **     NOTICE NOTICE NOTICE NOTICE NOTICE NOTICE NOTICE    **
[    1.052989] **                                                         **
[    1.053520] **  IOMMU DebugFS SUPPORT HAS BEEN ENABLED IN THIS KERNEL  **
[    1.054052] **                                                         **
[    1.054581] ** This means that this kernel is built to expose internal **
[    1.055114] ** IOMMU data structures, which may compromise security on **
[    1.055653] ** your system.                                            **
[    1.056187] **                                                         **
[    1.056451] ** If you see this message and you are not debugging the   **
[    1.056990] ** kernel, report this immediately to your vendor!         **
[    1.057522] **                                                         **
[    1.058054] **     NOTICE NOTICE NOTICE NOTICE NOTICE NOTICE NOTICE    **
[    1.058585] *************************************************************
[    1.059201] PM: RTC time: 04:32:13, date: 2025-12-04
[    1.064548] NET: Registered PF_NETLINK/PF_ROUTE protocol family
[    1.066480] DMA: preallocated 256 KiB GFP_KERNEL pool for atomic allocations
[    1.067073] DMA: preallocated 256 KiB GFP_KERNEL|GFP_DMA pool for atomic allocations
[    1.067714] DMA: preallocated 256 KiB GFP_KERNEL|GFP_DMA32 pool for atomic allocations
[    1.068417] audit: initializing netlink subsys (disabled)
[    1.068624] audit: type=2000 audit(1764822733.141:1): state=initialized audit_enabled=0 res=1
[    1.068624] thermal_sys: Registered thermal governor 'fair_share'
[    1.068624] thermal_sys: Registered thermal governor 'bang_bang'
[    1.069011] thermal_sys: Registered thermal governor 'step_wise'
[    1.069490] thermal_sys: Registered thermal governor 'user_space'
[    1.070031] cpuidle: using governor ladder
[    1.072477] cpuidle: using governor menu
[    1.073169] acpiphp: ACPI Hot Plug PCI Controller Driver version: 0.5
[    1.073273] PCI: Using configuration type 1 for base access
[    1.074001] kprobes: kprobe jump-optimization is enabled. All kprobes are optimized if possible.
[    1.077181] Callback from call_rcu_tasks_trace() invoked.
[    1.213882] HugeTLB: registered 1.00 GiB page size, pre-allocated 0 pages
[    1.213882] HugeTLB: 16380 KiB vmemmap can be freed for a 1.00 GiB page
[    1.213882] HugeTLB: registered 2.00 MiB page size, pre-allocated 0 pages
[    1.213882] HugeTLB: 28 KiB vmemmap can be freed for a 2.00 MiB page
[    1.224458] ACPI: Added _OSI(Module Device)
[    1.224458] ACPI: Added _OSI(Processor Device)
[    1.224458] ACPI: Added _OSI(Processor Aggregator Device)
[    1.238478] ACPI: 1 ACPI AML tables successfully acquired and loaded
[    1.253865] ACPI: Interpreter enabled
[    1.253865] ACPI: PM: (supports S0 S3 S4 S5)
[    1.254120] ACPI: Using IOAPIC for interrupt routing
[    1.254684] PCI: Using host bridge windows from ACPI; if necessary, use "pci=nocrs" and report a bug
[    1.255438] PCI: Using E820 reservations for host bridge windows
[    1.257135] ACPI: Enabled 2 GPEs in block 00 to 0F
[    1.304475] ACPI: PCI Root Bridge [PCI0] (domain 0000 [bus 00-ff])
[    1.305073] acpi PNP0A03:00: _OSC: OS supports [ASPM ClockPM Segments MSI EDR HPX-Type3]
[    1.305743] acpi PNP0A03:00: _OSC: not requesting OS control; OS requires [ExtendedConfig ASPM ClockPM MSI]
[    1.306724] acpi PNP0A03:00: fail to add MMCONFIG information, can't access extended configuration space under this bridge
[    1.315486] acpiphp: Slot [3] registered
[    1.316183] acpiphp: Slot [4] registered
[    1.316757] acpiphp: Slot [5] registered
[    1.317427] acpiphp: Slot [6] registered
[    1.317886] acpiphp: Slot [7] registered
[    1.318354] acpiphp: Slot [8] registered
[    1.318818] acpiphp: Slot [9] registered
[    1.319273] acpiphp: Slot [10] registered
[    1.319740] acpiphp: Slot [11] registered
[    1.320207] acpiphp: Slot [12] registered
[    1.320595] acpiphp: Slot [13] registered
[    1.321083] acpiphp: Slot [14] registered
[    1.321560] acpiphp: Slot [15] registered
[    1.322095] acpiphp: Slot [16] registered
[    1.322576] acpiphp: Slot [17] registered
[    1.323040] acpiphp: Slot [18] registered
[    1.323535] acpiphp: Slot [19] registered
[    1.324004] acpiphp: Slot [20] registered
[    1.324500] acpiphp: Slot [21] registered
[    1.324963] acpiphp: Slot [22] registered
[    1.325426] acpiphp: Slot [23] registered
[    1.325889] acpiphp: Slot [24] registered
[    1.326362] acpiphp: Slot [25] registered
[    1.326831] acpiphp: Slot [26] registered
[    1.327293] acpiphp: Slot [27] registered
[    1.327756] acpiphp: Slot [28] registered
[    1.328220] acpiphp: Slot [29] registered
[    1.328590] acpiphp: Slot [30] registered
[    1.329058] acpiphp: Slot [31] registered
[    1.329491] PCI host bridge to bus 0000:00
[    1.329905] pci_bus 0000:00: root bus resource [io  0x0000-0x0cf7 window]
[    1.330492] pci_bus 0000:00: root bus resource [io  0x0d00-0xffff window]
[    1.331067] pci_bus 0000:00: root bus resource [mem 0x000a0000-0x000bffff window]
[    1.331699] pci_bus 0000:00: root bus resource [mem 0x80000000-0xfebfffff window]
[    1.332329] pci_bus 0000:00: root bus resource [mem 0x100000000-0x17fffffff window]
[    1.332469] pci_bus 0000:00: root bus resource [bus 00-ff]
[    1.333055] pci 0000:00:00.0: [8086:1237] type 00 class 0x060000 conventional PCI endpoint
[    1.342611] pci 0000:00:01.0: [8086:7000] type 00 class 0x060100 conventional PCI endpoint
[    1.344647] pci 0000:00:01.1: [8086:7010] type 00 class 0x010180 conventional PCI endpoint
[    1.345927] pci 0000:00:01.1: BAR 4 [io  0xc040-0xc04f]
[    1.346391] pci 0000:00:01.1: BAR 0 [io  0x01f0-0x01f7]: legacy IDE quirk
[    1.346959] pci 0000:00:01.1: BAR 1 [io  0x03f6]: legacy IDE quirk
[    1.347476] pci 0000:00:01.1: BAR 2 [io  0x0170-0x0177]: legacy IDE quirk
[    1.348045] pci 0000:00:01.1: BAR 3 [io  0x0376]: legacy IDE quirk
[    1.348976] pci 0000:00:01.3: [8086:7113] type 00 class 0x068000 conventional PCI endpoint
[    1.349931] pci 0000:00:01.3: quirk: [io  0x0600-0x063f] claimed by PIIX4 ACPI
[    1.350537] pci 0000:00:01.3: quirk: [io  0x0700-0x070f] claimed by PIIX4 SMB
[    1.351652] pci 0000:00:02.0: [1234:1111] type 00 class 0x030000 conventional PCI endpoint
[    1.369797] pci 0000:00:02.0: BAR 0 [mem 0xfd000000-0xfdffffff pref]
[    1.371243] pci 0000:00:02.0: BAR 2 [mem 0xfebf0000-0xfebf0fff]
[    1.372421] pci 0000:00:02.0: ROM [mem 0xfebe0000-0xfebeffff pref]
[    1.373240] pci 0000:00:02.0: Video device with shadowed ROM at [mem 0x000c0000-0x000dffff]
[    1.393077] pci 0000:00:03.0: [8086:100e] type 00 class 0x020000 conventional PCI endpoint
[    1.395869] pci 0000:00:03.0: BAR 0 [mem 0xfebc0000-0xfebdffff]
[    1.396508] pci 0000:00:03.0: BAR 1 [io  0xc000-0xc03f]
[    1.397593] pci 0000:00:03.0: ROM [mem 0xfeb80000-0xfebbffff pref]
[    1.431202] ACPI: PCI: Interrupt link LNKA configured for IRQ 10
[    1.432782] ACPI: PCI: Interrupt link LNKB configured for IRQ 10
[    1.434167] ACPI: PCI: Interrupt link LNKC configured for IRQ 11
[    1.435538] ACPI: PCI: Interrupt link LNKD configured for IRQ 11
[    1.436415] ACPI: PCI: Interrupt link LNKS configured for IRQ 9
[    1.440517] iommu: Default domain type: Translated
[    1.440949] iommu: DMA domain TLB invalidation policy: lazy mode
[    1.448998] SCSI subsystem initialized
[    1.450203] ACPI: bus type USB registered
[    1.450867] usbcore: registered new interface driver usbfs
[    1.451481] usbcore: registered new interface driver hub
[    1.452031] usbcore: registered new device driver usb
[    1.452984] pps_core: LinuxPPS API ver. 1 registered
[    1.453394] pps_core: Software ver. 5.3.6 - Copyright 2005-2007 Rodolfo Giometti <giometti@linux.it>
[    1.454226] PTP clock support registered
[    1.455137] EDAC MC: Ver: 3.0.0
[    1.460025] NetLabel: Initializing
[    1.460335] NetLabel:  domain hash size = 128
[    1.460459] NetLabel:  protocols = UNLABELED CIPSOv4 CALIPSO
[    1.461181] NetLabel:  unlabeled traffic allowed by default
[    1.462560] PCI: Using ACPI for IRQ routing
[    1.463465] pci 0000:00:02.0: vgaarb: setting as boot VGA device
[    1.463999] pci 0000:00:02.0: vgaarb: bridge control possible
[    1.464447] pci 0000:00:02.0: vgaarb: VGA device added: decodes=io+mem,owns=io+mem,locks=none
[    1.464455] vgaarb: loaded
[    1.465789] hpet0: at MMIO 0xfed00000, IRQs 2, 8, 0
[    1.466230] hpet0: 3 comparators, 64-bit 100.000000 MHz counter
[    1.469937] clocksource: Switched to clocksource kvm-clock
[    3.597401] VFS: Disk quotas dquot_6.6.0
[    3.597844] VFS: Dquot-cache hash table entries: 512 (order 0, 4096 bytes)
[    3.600569] pnp: PnP ACPI init
[    3.604898] pnp: PnP ACPI: found 6 devices
[    3.625764] clocksource: acpi_pm: mask: 0xffffff max_cycles: 0xffffff, max_idle_ns: 2085701024 ns
[    3.627093] NET: Registered PF_INET protocol family
[    3.627907] IP idents hash table entries: 32768 (order: 6, 262144 bytes, linear)
[    3.630387] tcp_listen_portaddr_hash hash table entries: 1024 (order: 5, 73728 bytes, linear)
[    3.631172] Table-perturb hash table entries: 65536 (order: 6, 262144 bytes, linear)
[    3.631866] TCP established hash table entries: 16384 (order: 5, 131072 bytes, linear)
[    3.633157] TCP bind hash table entries: 16384 (order: 10, 2359296 bytes, linear)
[    3.636331] TCP: Hash tables configured (established 16384 bind 16384)
[    3.637139] UDP hash table entries: 1024 (order: 6, 262144 bytes, linear)
[    3.637889] UDP-Lite hash table entries: 1024 (order: 6, 262144 bytes, linear)
[    3.639042] NET: Registered PF_UNIX/PF_LOCAL protocol family
[    3.641375] RPC: Registered named UNIX socket transport module.
[    3.641880] RPC: Registered udp transport module.
[    3.642267] RPC: Registered tcp transport module.
[    3.642651] RPC: Registered tcp-with-tls transport module.
[    3.643096] RPC: Registered tcp NFSv4.1 backchannel transport module.
[    3.643672] pci_bus 0000:00: resource 4 [io  0x0000-0x0cf7 window]
[    3.644185] pci_bus 0000:00: resource 5 [io  0x0d00-0xffff window]
[    3.644717] pci_bus 0000:00: resource 6 [mem 0x000a0000-0x000bffff window]
[    3.645267] pci_bus 0000:00: resource 7 [mem 0x80000000-0xfebfffff window]
[    3.645827] pci_bus 0000:00: resource 8 [mem 0x100000000-0x17fffffff window]
[    3.646745] pci 0000:00:01.0: PIIX3: Enabling Passive Release
[    3.647236] pci 0000:00:00.0: Limiting direct PCI/PCI transfers
[    3.647810] PCI: CLS 0 bytes, default 64
[    3.648313] ACPI: bus type thunderbolt registered
[    3.649204] clocksource: tsc: mask: 0xffffffffffffffff max_cycles: 0x12441513526, max_idle_ns: 440795239872 ns
[    3.658016] Initialise system trusted keyrings
[    3.658563] Key type blacklist registered
[    3.659338] workingset: timestamp_bits=36 max_order=19 bucket_order=0
[    3.662052] squashfs: version 4.0 (2009/01/31) Phillip Lougher
[    3.664886] NFS: Registering the id_resolver key type
[    3.665375] Key type id_resolver registered
[    3.665722] Key type id_legacy registered
[    3.666111] nfs4filelayout_init: NFSv4 File Layout Driver Registering...
[    3.666706] nfs4flexfilelayout_init: NFSv4 Flexfile Layout Driver Registering...
[    3.667918] fuse: init (API version 7.45)
[    3.669279] SGI XFS with ACLs, security attributes, realtime, quota, no debug enabled
[    3.672049] 9p: Installing v9fs 9p2000 file system support
[    3.684093] Key type asymmetric registered
[    3.684509] Asymmetric key parser 'x509' registered
[    3.685133] Block layer SCSI generic (bsg) driver version 0.4 loaded (major 241)
[    3.686506] io scheduler mq-deadline registered
[    3.687021] io scheduler bfq registered
[    3.688626] ledtrig-cpu: registered to indicate activity on CPUs
[    3.691053] IPMI message handler: version 39.2
[    3.691517] ipmi device interface
[    3.694471] input: Power Button as /devices/LNXSYSTM:00/LNXPWRBN:00/input/input0
[    3.695912] ACPI: button: Power Button [PWRF]
[    3.699193] ERST DBG: ERST support is disabled.
[    3.701829] Serial: 8250/16550 driver, 32 ports, IRQ sharing enabled
[    3.703857] 00:04: ttyS0 at I/O 0x3f8 (irq = 4, base_baud = 115200) is a 16550A
[    3.704882] Callback from call_rcu_tasks() invoked.
[    3.744206] Linux agpgart interface v0.103
[    3.748980] ACPI: bus type drm_connector registered
[    3.779634] brd: module loaded
[    3.797939] loop: module loaded
[    3.811947] scsi host0: ata_piix
[    3.814523] scsi host1: ata_piix
[    3.815381] ata1: PATA max MWDMA2 cmd 0x1f0 ctl 0x3f6 bmdma 0xc040 irq 14 lpm-pol 0
[    3.815991] ata2: PATA max MWDMA2 cmd 0x170 ctl 0x376 bmdma 0xc048 irq 15 lpm-pol 0
[    3.819413] tun: Universal TUN/TAP device driver, 1.6
[    3.820562] e100: Intel(R) PRO/100 Network Driver
[    3.820957] e100: Copyright(c) 1999-2006 Intel Corporation
[    3.821552] e1000: Intel(R) PRO/1000 Network Driver
[    3.821944] e1000: Copyright (c) 1999-2006 Intel Corporation.
[    3.972737] ata2: found unknown device (class 0)
[    3.973923] ata2.00: ATAPI: QEMU DVD-ROM, 2.5+, max UDMA/100
[    3.974981] ata1: found unknown device (class 0)
[    3.975757] ata1.00: ATA-7: QEMU HARDDISK, 2.5+, max UDMA/100
[    3.976215] ata1.00: 17196647 sectors, multi 16: LBA48 
[    3.978730] scsi 0:0:0:0: Direct-Access     ATA      QEMU HARDDISK    2.5+ PQ: 0 ANSI: 5
[    3.981770] sd 0:0:0:0: Attached scsi generic sg0 type 0
[    3.982661] sd 0:0:0:0: [sda] 17196647 512-byte logical blocks: (8.80 GB/8.20 GiB)
[    3.983777] sd 0:0:0:0: [sda] Write Protect is off
[    3.984379] sd 0:0:0:0: [sda] Write cache: enabled, read cache: enabled, doesn't support DPO or FUA
[    3.985186] scsi 1:0:0:0: CD-ROM            QEMU     QEMU DVD-ROM     2.5+ PQ: 0 ANSI: 5
[    3.986197] sd 0:0:0:0: [sda] Preferred minimum I/O size 512 bytes
[    4.006385] scsi 1:0:0:0: Attached scsi generic sg1 type 5
[    4.020848] sd 0:0:0:0: [sda] Attached SCSI disk
[    4.519094] ACPI: \_SB_.LNKC: Enabled at IRQ 11
[    4.828300] e1000 0000:00:03.0 eth0: (PCI:33MHz:32-bit) 52:54:00:12:34:56
[    4.828924] e1000 0000:00:03.0 eth0: Intel(R) PRO/1000 Network Connection
[    4.829660] e1000e: Intel(R) PRO/1000 Network Driver
[    4.830061] e1000e: Copyright(c) 1999 - 2015 Intel Corporation.
[    4.830686] igb: Intel(R) Gigabit Ethernet Network Driver
[    4.831114] igb: Copyright (c) 2007-2014 Intel Corporation.
[    4.831960] PPP generic driver version 2.4.2
[    4.834776] VFIO - User Level meta-driver version: 0.3
[    4.838043] usbcore: registered new interface driver uas
[    4.838649] usbcore: registered new interface driver usb-storage
[    4.839457] i8042: PNP: PS/2 Controller [PNP0303:KBD,PNP0f13:MOU] at 0x60,0x64 irq 1,12
[    4.841313] serio: i8042 KBD port at 0x60,0x64 irq 1
[    4.841784] serio: i8042 AUX port at 0x60,0x64 irq 12
[    4.843913] mousedev: PS/2 mouse device common for all mice
[    4.846147] input: AT Translated Set 2 keyboard as /devices/platform/i8042/serio0/input/input1
[    4.848477] rtc_cmos 00:05: RTC can wake from S4
[    4.848799] input: VirtualPS/2 VMware VMMouse as /devices/platform/i8042/serio1/input/input4
[    4.851462] input: VirtualPS/2 VMware VMMouse as /devices/platform/i8042/serio1/input/input3
[    4.852706] rtc_cmos 00:05: registered as rtc0
[    4.853691] rtc_cmos 00:05: setting system clock to 2025-12-04T04:32:16 UTC (1764822736)
[    4.855756] rtc_cmos 00:05: alarms up to one day, y3k, 242 bytes nvram, hpet irqs
[    4.857287] i2c_dev: i2c /dev entries driver
[    4.858701] device-mapper: core: CONFIG_IMA_DISABLE_HTABLE is disabled. Duplicate IMA measurements will not be recorded in the IMA log.
[    4.861000] device-mapper: uevent: version 1.0.3
[    4.862934] device-mapper: ioctl: 4.50.0-ioctl (2025-04-28) initialised: dm-devel@lists.linux.dev
[    4.863823] intel_pstate: CPU model not supported
[    4.864536] sdhci: Secure Digital Host Controller Interface driver
[    4.865010] sdhci: Copyright(c) Pierre Ossman
[    4.865561] sdhci-pltfm: SDHCI platform and OF driver helper
[    4.866692] drop_monitor: Initializing network drop monitor service
[    4.867646] NET: Registered PF_INET6 protocol family
[    4.870498] Segment Routing with IPv6
[    4.870886] In-situ OAM (IOAM) with IPv6
[    4.871278] NET: Registered PF_PACKET protocol family
[    4.872088] 9pnet: Installing 9P2000 support
[    4.872621] Key type dns_resolver registered
[    4.875078] IPI shorthand broadcast: enabled
[    4.931924] sched_clock: Marking stable (4912005880, 16387840)->(4938428965, -10035245)
[    4.933959] registered taskstats version 1
[    4.934948] Loading compiled-in X.509 certificates
[    5.011030] Demotion targets for Node 0: null
[    5.013120] Key type .fscrypt registered
[    5.013452] Key type fscrypt-provisioning registered
[    5.017565] Key type encrypted registered
[    5.017967] ima: No TPM chip found, activating TPM-bypass!
[    5.018425] ima: Allocated hash algorithm: sha1
[    5.018886] ima: No architecture policies found
[    5.019429] evm: Initialising EVM extended attributes:
[    5.019825] evm: security.selinux
[    5.020087] evm: security.SMACK64
[    5.020348] evm: security.SMACK64EXEC
[    5.020652] evm: security.SMACK64TRANSMUTE
[    5.020974] evm: security.SMACK64MMAP
[    5.021263] evm: security.apparmor
[    5.021530] evm: security.ima
[    5.021764] evm: security.capability
[    5.022048] evm: HMAC attrs: 0x1
[    5.024758] PM:   Magic number: 5:237:514
[    5.026267] RAS: Correctable Errors collector initialized.
[    5.026986] clk: Disabling unused clocks
[    5.027635] PM: genpd: Disabling unused power domains
[    5.029188] check access for rdinit=/init failed: -2, ignoring
[    5.029506] md: Waiting for all devices to be available before autodetect
[    5.029859] md: If you don't use raid, use raid=noautodetect
[    5.030162] md: Autodetecting RAID arrays.
[    5.030392] md: autorun ...
[    5.030550] md: ... autorun DONE.
[    5.046361] EXT4-fs (sda): mounted filesystem 088740a9-c8b4-422c-999d-a804eb68a4da ro with ordered data mode. Quota mode: none.
[    5.047089] VFS: Mounted root (ext4 filesystem) readonly on device 8:0.
[    5.050873] devtmpfs: mounted
[    5.072296] Freeing unused decrypted memory: 2036K
[    5.086489] Freeing unused kernel image (initmem) memory: 16244K
[    5.087045] Write protecting the kernel read-only data: 102400k
[    5.091373] Freeing unused kernel image (text/rodata gap) memory: 2000K
[    5.094082] Freeing unused kernel image (rodata/data gap) memory: 2012K
[    5.160532] x86/mm: Checked W+X mappings: passed, no W+X pages found.
[    5.160936] Run /sbin/init as init process
[    5.400605] systemd[1]: systemd 252-15.el9 running in system mode (+PAM +AUDIT +SELINUX -APPARMOR +IMA +SMACK +SECCOMP +GCRYPT +GNUTLS +OPENSSL +ACL +BLKID +CURL +ELFUTILS -FIDO2 +IDN2 -IDN -IPTC +KMOD +LIBCRYPTSETUP +LIBFDISK +PCRE2 -PWQUALITY +P11KIT -QRENCODE +TPM2 +BZIP2 +LZ4 +XZ +ZLIB +ZSTD -BPF_FRAMEWORK +XKBCOMMON +UTMP +SYSVINIT default-hierarchy=unified)
[    5.402213] systemd[1]: Detected virtualization kvm.
[    5.402485] systemd[1]: Detected architecture x86-64.

Welcome to [0;31mCentOS Stream 9[0m!

[    5.410993] systemd[1]: Hostname set to <test>.
[    5.591664] systemd-rc-local-generator[120]: /etc/rc.d/rc.local is not marked executable, skipping.
[    6.034637] systemd[1]: Queued start job for default target Multi-User System.
[    6.071512] systemd[1]: Created slice Virtual Machine and Container Slice.
[[0;32m  OK  [0m] Created slice [0;1;39mVirtual Machine and Container Slice[0m.
[    6.076976] systemd[1]: Created slice Slice /system/getty.
[[0;32m  OK  [0m] Created slice [0;1;39mSlice /system/getty[0m.
[    6.080247] systemd[1]: Created slice Slice /system/modprobe.
[[0;32m  OK  [0m] Created slice [0;1;39mSlice /system/modprobe[0m.
[    6.083682] systemd[1]: Created slice Slice /system/serial-getty.
[[0;32m  OK  [0m] Created slice [0;1;39mSlice /system/serial-getty[0m.
[    6.086986] systemd[1]: Created slice Slice /system/sshd-keygen.
[[0;32m  OK  [0m] Created slice [0;1;39mSlice /system/sshd-keygen[0m.
[    6.089984] systemd[1]: Created slice User and Session Slice.
[[0;32m  OK  [0m] Created slice [0;1;39mUser and Session Slice[0m.
[    6.091716] systemd[1]: Started Forward Password Requests to Wall Directory Watch.
[[0;32m  OK  [0m] Started [0;1;39mForward Password R…uests to Wall Directory Watch[0m.
[    6.095020] systemd[1]: Set up automount Arbitrary Executable File Formats File System Automount Point.
[[0;32m  OK  [0m] Set up automount [0;1;39mArbitrary…s File System Automount Point[0m.
[    6.097002] systemd[1]: Reached target Local Integrity Protected Volumes.
[[0;32m  OK  [0m] Reached target [0;1;39mLocal Integrity Protected Volumes[0m.
[    6.098784] systemd[1]: Reached target Slice Units.
[[0;32m  OK  [0m] Reached target [0;1;39mSlice Units[0m.
[    6.100142] systemd[1]: Reached target Swaps.
[[0;32m  OK  [0m] Reached target [0;1;39mSwaps[0m.
[    6.101771] systemd[1]: Reached target Local Verity Protected Volumes.
[[0;32m  OK  [0m] Reached target [0;1;39mLocal Verity Protected Volumes[0m.
[    6.104056] systemd[1]: Listening on Device-mapper event daemon FIFOs.
[[0;32m  OK  [0m] Listening on [0;1;39mDevice-mapper event daemon FIFOs[0m.
[    6.106579] systemd[1]: Listening on LVM2 poll daemon socket.
[[0;32m  OK  [0m] Listening on [0;1;39mLVM2 poll daemon socket[0m.
[    6.108359] systemd[1]: multipathd control socket was skipped because of an unmet condition check (ConditionPathExists=/etc/multipath.conf).
[    6.175394] systemd[1]: Listening on RPCbind Server Activation Socket.
[[0;32m  OK  [0m] Listening on [0;1;39mRPCbind Server Activation Socket[0m.
[    6.177325] systemd[1]: Reached target RPC Port Mapper.
[[0;32m  OK  [0m] Reached target [0;1;39mRPC Port Mapper[0m.
[    6.180675] systemd[1]: Listening on Process Core Dump Socket.
[[0;32m  OK  [0m] Listening on [0;1;39mProcess Core Dump Socket[0m.
[    6.181970] systemd[1]: Listening on initctl Compatibility Named Pipe.
[[0;32m  OK  [0m] Listening on [0;1;39minitctl Compatibility Named Pipe[0m.
[    6.183650] systemd[1]: Listening on Journal Socket (/dev/log).
[[0;32m  OK  [0m] Listening on [0;1;39mJournal Socket (/dev/log)[0m.
[    6.185317] systemd[1]: Listening on Journal Socket.
[[0;32m  OK  [0m] Listening on [0;1;39mJournal Socket[0m.
[    6.186755] systemd[1]: Listening on udev Control Socket.
[[0;32m  OK  [0m] Listening on [0;1;39mudev Control Socket[0m.
[    6.187913] systemd[1]: Listening on udev Kernel Socket.
[[0;32m  OK  [0m] Listening on [0;1;39mudev Kernel Socket[0m.
[    6.213255] systemd[1]: Mounting Huge Pages File System...
         Mounting [0;1;39mHuge Pages File System[0m...
[    6.219357] systemd[1]: Mounting POSIX Message Queue File System...
         Mounting [0;1;39mPOSIX Message Queue File System[0m...
[    6.229314] systemd[1]: Mounting Kernel Debug File System...
         Mounting [0;1;39mKernel Debug File System[0m...
[    6.235317] systemd[1]: Mounting Kernel Trace File System...
         Mounting [0;1;39mKernel Trace File System[0m...
[    6.237410] systemd[1]: Kernel Module supporting RPCSEC_GSS was skipped because of an unmet condition check (ConditionPathExists=/etc/krb5.keytab).
[    6.238240] systemd[1]: Create List of Static Device Nodes was skipped because of an unmet condition check (ConditionFileNotEmpty=/lib/modules/6.18.0-7d0a66e4bb90/modules.devname).
[    6.245427] systemd[1]: Starting Monitoring of LVM2 mirrors, snapshots etc. using dmeventd or progress polling...
         Starting [0;1;39mMonitoring of LVM…meventd or progress polling[0m...
[    6.254602] systemd[1]: Starting Load Kernel Module configfs...
         Starting [0;1;39mLoad Kernel Module configfs[0m...
[    6.263224] systemd[1]: Starting Load Kernel Module drm...
         Starting [0;1;39mLoad Kernel Module drm[0m...
[    6.275989] systemd[1]: Starting Load Kernel Module fuse...
         Starting [0;1;39mLoad Kernel Module fuse[0m...
[    6.287516] systemd[1]: Starting Read and set NIS domainname from /etc/sysconfig/network...
         Starting [0;1;39mRead and set NIS …from /etc/sysconfig/network[0m...
[    6.302952] systemd[1]: Starting Journal Service...
         Starting [0;1;39mJournal Service[0m...
[    6.330097] systemd[1]: Starting Load Kernel Modules...
         Starting [0;1;39mLoad Kernel Modules[0m...
[    6.346044] systemd[1]: Starting Generate network units from Kernel command line...
         Starting [0;1;39mGenerate network …ts from Kernel command line[0m...
[    6.359052] systemd[1]: Starting Remount Root and Kernel File Systems...
         Starting [0;1;39mRemount Root and Kernel File Systems[0m...
[    6.364993] systemd[1]: Repartition Root Disk was skipped because no trigger condition checks were met.
[    6.426562] systemd[1]: Starting Coldplug All udev Devices...
         Starting [0;1;39mColdplug All udev Devices[0m...
[    6.440265] systemd[1]: Mounted Huge Pages File System.
[[0;32m  OK  [0m] Mounted [0;1;39mHuge Pages File System[0m.
[    6.442158] systemd[1]: Mounted POSIX Message Queue File System.
[[0;32m  OK  [0m] Mounted [0;1;39mPOSIX Message Queue File System[0m.
[    6.443611] systemd[1]: Mounted Kernel Debug File System.
[[0;32m  OK  [0m] Mounted [0;1;39mKernel Debug File System[0m.
[    6.444987] systemd[1]: Mounted Kernel Trace File System.
[[0;32m  OK  [0m] Mounted [0;1;39mKernel Trace File System[0m.
[    6.447403] systemd[1]: Finished Monitoring of LVM2 mirrors, snapshots etc. using dmeventd or progress polling.
[[0;32m  OK  [0m] Finished [0;1;39mMonitoring of LVM… dmeventd or progress polling[0m.
[    6.451002] systemd[1]: modprobe@configfs.service: Deactivated successfully.
[    6.452451] systemd[1]: Finished Load Kernel Module configfs.
[[0;32m  OK  [0m] Finished [0;1;39mLoad Kernel Module configfs[0m.
[    6.455142] systemd[1]: modprobe@drm.service: Deactivated successfully.
[    6.457474] systemd[1]: Finished Load Kernel Module drm.
[[0;32m  OK  [0m] Finished [0;1;39mLoad Kernel Module drm[0m.
[    6.458476] EXT4-fs (sda): re-mounted 088740a9-c8b4-422c-999d-a804eb68a4da r/w.
[    6.464474] systemd[1]: modprobe@fuse.service: Deactivated successfully.
[    6.465964] systemd[1]: Finished Load Kernel Module fuse.
[[0;32m  OK  [0m] Finished [0;1;39mLoad Kernel Module fuse[0m.
[    6.469248] systemd[1]: Finished Read and set NIS domainname from /etc/sysconfig/network.
[[0;32m  OK  [0m] Finished [0;1;39mRead and set NIS …e from /etc/sysconfig/network[0m.
[    6.471850] systemd[1]: systemd-modules-load.service: Main process exited, code=exited, status=1/FAILURE
[    6.473620] systemd[1]: systemd-modules-load.service: Failed with result 'exit-code'.
[    6.475083] systemd[1]: Failed to start Load Kernel Modules.
[[0;1;31mFAILED[0m] Failed to start [0;1;39mLoad Kernel Modules[0m.
See 'systemctl status systemd-modules-load.service' for details.
[    6.478881] systemd[1]: Finished Generate network units from Kernel command line.
[[0;32m  OK  [0m] Finished [0;1;39mGenerate network units from Kernel command line[0m.
[    6.481502] systemd[1]: Finished Remount Root and Kernel File Systems.
[[0;32m  OK  [0m] Finished [0;1;39mRemount Root and Kernel File Systems[0m.
[    6.483642] systemd[1]: Reached target Preparation for Network.
[[0;32m  OK  [0m] Reached target [0;1;39mPreparation for Network[0m.
[    6.505039] systemd[1]: Mounting FUSE Control File System...
         Mounting [0;1;39mFUSE Control File System[0m...
[    6.521698] systemd[1]: Mounting Kernel Configuration File System...
         Mounting [0;1;39mKernel Configuration File System[0m...
[    6.529492] systemd[1]: Special handling of early boot iSCSI sessions was skipped because of an unmet condition check (ConditionDirectoryNotEmpty=/sys/class/iscsi_session).
[    6.530475] systemd[1]: First Boot Wizard was skipped because of an unmet condition check (ConditionFirstBoot=yes).
[    6.539074] systemd[1]: Rebuild Hardware Database was skipped because of an unmet condition check (ConditionNeedsUpdate=/etc).
[    6.569152] systemd[1]: Starting Load/Save Random Seed...
         Starting [0;1;39mLoad/Save Random Seed[0m...
[    6.585197] systemd[1]: Starting Apply Kernel Variables...
         Starting [0;1;39mApply Kernel Variables[0m...
[    6.586403] systemd[1]: Create System Users was skipped because no trigger condition checks were met.
[    6.607773] systemd[1]: Starting Create Static Device Nodes in /dev...
         Starting [0;1;39mCreate Static Device Nodes in /dev[0m...
[    6.622919] systemd[1]: Starting Setup Virtual Console...
         Starting [0;1;39mSetup Virtual Console[0m...
[    6.628741] systemd[1]: Started Journal Service.
[[0;32m  OK  [0m] Started [0;1;39mJournal Service[0m.
[[0;32m  OK  [0m] Mounted [0;1;39mFUSE Control File System[0m.
[[0;32m  OK  [0m] Mounted [0;1;39mKernel Configuration File System[0m.
         Starting [0;1;39mFlush Journal to Persistent Storage[0m...
[[0;32m  OK  [0m] Finished [0;1;39mLoad/Save Random Seed[0m.
[[0;32m  OK  [0m] Finished [0;1;39mApply Kernel Variables[0m.
[    6.752915] systemd-journald[142]: Received client request to flush runtime journal.
[[0;32m  OK  [0m] Finished [0;1;39mFlush Journal to Persistent Storage[0m.
[[0;32m  OK  [0m] Finished [0;1;39mCreate Static Device Nodes in /dev[0m.
         Starting [0;1;39mRule-based Manage…for Device Events and Files[0m...
[[0;32m  OK  [0m] Started [0;1;39mRule-based Manager for Device Events and Files[0m.
         Starting [0;1;39mAuto-connect to s…E devices found during boot[0m...
[[0;32m  OK  [0m] Finished [0;1;39mAuto-connect to s…VME devices found during boot[0m.
[[0;32m  OK  [0m] Finished [0;1;39mColdplug All udev Devices[0m.
         Starting [0;1;39mWait for udev To …plete Device Initialization[0m...
[[0;32m  OK  [0m] Finished [0;1;39mSetup Virtual Console[0m.
[[0;32m  OK  [0m] Started [0;1;39mDispatch Password …ts to Console Directory Watch[0m.
[[0;32m  OK  [0m] Reached target [0;1;39mLocal Encrypted Volumes[0m.
[[0;32m  OK  [0m] Reached target [0;1;39mPath Units[0m.
[[0;32m  OK  [0m] Found device [0;1;39m/dev/ttyS0[0m.
[[0;32m  OK  [0m] Listening on [0;1;39mLoad/Save RF …itch Status /dev/rfkill Watch[0m.
[[0;32m  OK  [0m] Finished [0;1;39mWait for udev To Complete Device Initialization[0m.
[[0;32m  OK  [0m] Reached target [0;1;39mPreparation for Local File Systems[0m.
[[0;32m  OK  [0m] Reached target [0;1;39mLocal File Systems[0m.
         Starting [0;1;39mTell Plymouth To Write Out Runtime Data[0m...
         Starting [0;1;39mAutomatic Boot Loader Update[0m...
         Starting [0;1;39mCreate Volatile Files and Directories[0m...
[[0;32m  OK  [0m] Finished [0;1;39mTell Plymouth To Write Out Runtime Data[0m.
[[0;32m  OK  [0m] Finished [0;1;39mAutomatic Boot Loader Update[0m.
[[0;32m  OK  [0m] Finished [0;1;39mCreate Volatile Files and Directories[0m.
         Mounting [0;1;39mRPC Pipe File System[0m...
         Starting [0;1;39mSecurity Auditing Service[0m...
         Starting [0;1;39mRPC Bind[0m...
[[0;32m  OK  [0m] Mounted [0;1;39mRPC Pipe File System[0m.
[[0;32m  OK  [0m] Reached target [0;1;39mrpc_pipefs.target[0m.
[[0;32m  OK  [0m] Started [0;1;39mRPC Bind[0m.
[[0;32m  OK  [0m] Started [0;1;39mSecurity Auditing Service[0m.
         Starting [0;1;39mRecord System Boot/Shutdown in UTMP[0m...
[[0;32m  OK  [0m] Finished [0;1;39mRecord System Boot/Shutdown in UTMP[0m.
[[0;32m  OK  [0m] Reached target [0;1;39mSystem Initialization[0m.
[[0;32m  OK  [0m] Started [0;1;39mDaily rotation of log files[0m.
[[0;32m  OK  [0m] Started [0;1;39mUpdates mlocate database every day[0m.
[[0;32m  OK  [0m] Started [0;1;39mDaily Cleanup of Temporary Directories[0m.
[[0;32m  OK  [0m] Started [0;1;39mdaily update of the root trust anchor for DNSSEC[0m.
[[0;32m  OK  [0m] Reached target [0;1;39mTimer Units[0m.
[[0;32m  OK  [0m] Listening on [0;1;39mD-Bus System Message Bus Socket[0m.
[[0;32m  OK  [0m] Listening on [0;1;39mOpen-iSCSI iscsid Socket[0m.
[[0;32m  OK  [0m] Listening on [0;1;39mOpen-iSCSI iscsiuio Socket[0m.
[[0;32m  OK  [0m] Listening on [0;1;39mSSSD Kerberos…ache Manager responder socket[0m.
[[0;32m  OK  [0m] Listening on [0;1;39mLibvirt interface local socket[0m.
[[0;32m  OK  [0m] Listening on [0;1;39mVirtual machine lock manager socket[0m.
[[0;32m  OK  [0m] Listening on [0;1;39mVirtual machine log manager socket[0m.
[[0;32m  OK  [0m] Listening on [0;1;39mLibvirt network local socket[0m.
[[0;32m  OK  [0m] Listening on [0;1;39mLibvirt nodedev local socket[0m.
[[0;32m  OK  [0m] Listening on [0;1;39mLibvirt nwfilter local socket[0m.
[[0;32m  OK  [0m] Listening on [0;1;39mLibvirt proxy local socket[0m.
[[0;32m  OK  [0m] Listening on [0;1;39mLibvirt qemu local socket[0m.
[[0;32m  OK  [0m] Listening on [0;1;39mLibvirt qemu admin socket[0m.
[[0;32m  OK  [0m] Listening on [0;1;39mLibvirt qemu local read-only socket[0m.
[[0;32m  OK  [0m] Listening on [0;1;39mLibvirt secret local socket[0m.
[[0;32m  OK  [0m] Listening on [0;1;39mLibvirt storage local socket[0m.
[[0;32m  OK  [0m] Reached target [0;1;39mSocket Units[0m.
         Starting [0;1;39mD-Bus System Message Bus[0m...
[[0;32m  OK  [0m] Started [0;1;39mD-Bus System Message Bus[0m.
[[0;32m  OK  [0m] Reached target [0;1;39mBasic System[0m.
         Starting [0;1;39mNetwork Manager[0m...
         Starting [0;1;39mNTP client/server[0m...
         Starting [0;1;39mRestore /run/initramfs on shutdown[0m...
[[0;32m  OK  [0m] Started [0;1;39mirqbalance daemon[0m.
[[0;32m  OK  [0m] Started [0;1;39mlibstoragemgmt plug-in server daemon[0m.
[[0;32m  OK  [0m] Started [0;1;39mMachine Check Exception Logging Daemon[0m.
[[0;32m  OK  [0m] Reached target [0;1;39msshd-keygen.target[0m.
[[0;32m  OK  [0m] Reached target [0;1;39mUser and Group Name Lookups[0m.
         Starting [0;1;39mUser Login Management[0m...
         Starting [0;1;39mVirtual Machine a…tainer Registration Service[0m...
         Starting [0;1;39mupdate of the roo…NSSEC validation in unbound[0m...
         Starting [0;1;39mRotate log files[0m...
[[0;32m  OK  [0m] Started [0;1;39mUpdate a database for mlocate[0m.
[[0;32m  OK  [0m] Started [0;1;39mNTP client/server[0m.
[[0;32m  OK  [0m] Finished [0;1;39mRestore /run/initramfs on shutdown[0m.
[[0;32m  OK  [0m] Started [0;1;39mVirtual Machine an…ontainer Registration Service[0m.
         Starting [0;1;39mHostname Service[0m...
[[0;32m  OK  [0m] Finished [0;1;39mupdate of the roo… DNSSEC validation in unbound[0m.
[[0;32m  OK  [0m] Started [0;1;39mUser Login Management[0m.
[[0;32m  OK  [0m] Finished [0;1;39mRotate log files[0m.
[[0;32m  OK  [0m] Started [0;1;39mHostname Service[0m.
         Starting [0;1;39mNetwork Manager Script Dispatcher Service[0m...
[[0;32m  OK  [0m] Started [0;1;39mNetwork Manager Script Dispatcher Service[0m.
[   10.392730] e1000: eth0 NIC Link is Up 1000 Mbps Full Duplex, Flow Control: RX
[[0;32m  OK  [0m] Started [0;1;39mNetwork Manager[0m.
[[0;32m  OK  [0m] Reached target [0;1;39mNetwork[0m.
[[0;32m  OK  [0m] Reached target [0;1;39mNetwork is Online[0m.
         Starting [0;1;39mGSSAPI Proxy Daemon[0m...
         Starting [0;1;39mNotify NFS peers of a restart[0m...
         Starting [0;1;39mSystem Logging Service[0m...
         Starting [0;1;39mOpenSSH server daemon[0m...
         Starting [0;1;39mDynamic System Tuning Daemon[0m...
[[0;32m  OK  [0m] Started [0;1;39mNotify NFS peers of a restart[0m.
[[0;32m  OK  [0m] Started [0;1;39mOpenSSH server daemon[0m.
[[0;32m  OK  [0m] Started [0;1;39mGSSAPI Proxy Daemon[0m.
[[0;32m  OK  [0m] Reached target [0;1;39mNFS client services[0m.
[[0;32m  OK  [0m] Reached target [0;1;39mPreparation for Remote File Systems[0m.
[[0;32m  OK  [0m] Reached target [0;1;39mRemote File Systems[0m.
         Starting [0;1;39mPermit User Sessions[0m...
         Starting [0;1;39mVirtualization qemu daemon[0m...
[[0;32m  OK  [0m] Finished [0;1;39mPermit User Sessions[0m.
[[0;32m  OK  [0m] Started [0;1;39mDeferred execution scheduler[0m.
[[0;32m  OK  [0m] Started [0;1;39mCommand Scheduler[0m.
         Starting [0;1;39mHold until boot process finishes up[0m...
         Starting [0;1;39mTerminate Plymouth Boot Screen[0m...
[[0;32m  OK  [0m] Started [0;1;39mSystem Logging Service[0m.
[[0;32m  OK  [0m] Finished [0;1;39mHold until boot process finishes up[0m.
[[0;32m  OK  [0m] Finished [0;1;39mTerminate Plymouth Boot Screen[0m.
[[0;32m  OK  [0m] Started [0;1;39mGetty on tty1[0m.
[[0;32m  OK  [0m] Started [0;1;39mSerial Getty on ttyS0[0m.
[[0;32m  OK  [0m] Reached target [0;1;39mLogin Prompts[0m.
[[0;32m  OK  [0m] Started [0;1;39mVirtualization qemu daemon[0m.
         Starting [0;1;39mAuthorization Manager[0m...
[[0;32m  OK  [0m] Started [0;1;39mAuthorization Manager[0m.
[[0;32m  OK  [0m] Started [0;1;39mDynamic System Tuning Daemon[0m.
[[0;32m  OK  [0m] Reached target [0;1;39mMulti-User System[0m.
         Starting [0;1;39mRecord Runlevel Change in UTMP[0m...
[[0;32m  OK  [0m] Finished [0;1;39mRecord Runlevel Change in UTMP[0m.

CentOS Stream 9
Kernel 6.18.0-7d0a66e4bb90 on an x86_64

Activate the web console with: systemctl enable --now cockpit.socket

test login: [   20.003197] iommufd_mock iommufd_mock0: Adding to iommu group 0
[   20.013377] iommufd_mock iommufd_mock0: Adding to iommu group 0
[   20.024010] iommufd_mock iommufd_mock0: Adding to iommu group 0
[   20.034677] iommufd_mock iommufd_mock0: Adding to iommu group 0
[   20.045596] iommufd_mock iommufd_mock0: Adding to iommu group 0
[   20.056237] iommufd_mock iommufd_mock0: Adding to iommu group 0
[   20.066699] iommufd_mock iommufd_mock0: Adding to iommu group 0
[   20.077376] iommufd_mock iommufd_mock0: Adding to iommu group 0
[   20.088097] iommufd_mock iommufd_mock0: Adding to iommu group 0
[   20.098804] iommufd_mock iommufd_mock0: Adding to iommu group 0
[   20.109568] iommufd_mock iommufd_mock0: Adding to iommu group 0
[   20.120855] iommufd_mock iommufd_mock0: Adding to iommu group 0
[   20.131868] iommufd_mock iommufd_mock0: Adding to iommu group 0
[   20.141871] iommufd_mock iommufd_mock0: Adding to iommu group 0
[   20.152721] iommufd_mock iommufd_mock0: Adding to iommu group 0
[   20.163147] iommufd_mock iommufd_mock0: Adding to iommu group 0
[   20.173639] iommufd_mock iommufd_mock0: Adding to iommu group 0
[   20.184539] iommufd_mock iommufd_mock0: Adding to iommu group 0
[   20.195044] iommufd_mock iommufd_mock0: Adding to iommu group 0
[   20.205891] iommufd_mock iommufd_mock0: Adding to iommu group 0
[   20.216606] iommufd_mock iommufd_mock0: Adding to iommu group 0
[   20.227045] iommufd_mock iommufd_mock0: Adding to iommu group 0
[   20.237737] iommufd_mock iommufd_mock0: Adding to iommu group 0
[   20.248374] iommufd_mock iommufd_mock0: Adding to iommu group 0
[   20.258852] iommufd_mock iommufd_mock0: Adding to iommu group 0
[   20.269853] iommufd_mock iommufd_mock0: Adding to iommu group 0
[   20.280240] iommufd_mock iommufd_mock0: Adding to iommu group 0
[   20.290856] iommufd_mock iommufd_mock0: Adding to iommu group 0
[   20.302176] iommufd_mock iommufd_mock0: Adding to iommu group 0
[   20.312808] iommufd_mock iommufd_mock0: Adding to iommu group 0
[   20.323513] iommufd_mock iommufd_mock0: Adding to iommu group 0
[   20.334341] iommufd_mock iommufd_mock0: Adding to iommu group 0
[   20.344927] iommufd_mock iommufd_mock0: Adding to iommu group 0
[   20.355368] iommufd_mock iommufd_mock0: Adding to iommu group 0
[   20.365916] iommufd_mock iommufd_mock0: Adding to iommu group 0
[   20.377160] iommufd_mock iommufd_mock0: Adding to iommu group 0
[   20.387659] iommufd_mock iommufd_mock0: Adding to iommu group 0
[   20.398732] iommufd_mock iommufd_mock0: Adding to iommu group 0
[   20.409565] iommufd_mock iommufd_mock0: Adding to iommu group 0
[   20.420596] iommufd_mock iommufd_mock0: Adding to iommu group 0
[   20.431087] iommufd_mock iommufd_mock0: Adding to iommu group 0
[   20.441810] iommufd_mock iommufd_mock0: Adding to iommu group 0
[   20.452254] iommufd_mock iommufd_mock0: Adding to iommu group 0
[   20.463220] iommufd_mock iommufd_mock0: Adding to iommu group 0
[   20.474326] iommufd_mock iommufd_mock0: Adding to iommu group 0
[   20.485334] iommufd_mock iommufd_mock0: Adding to iommu group 0
[   20.495166] iommufd_mock iommufd_mock0: Adding to iommu group 0
[   20.505944] iommufd_mock iommufd_mock0: Adding to iommu group 0
[   20.516845] iommufd_mock iommufd_mock0: Adding to iommu group 0
[   20.527564] iommufd_mock iommufd_mock0: Adding to iommu group 0
[   20.538761] iommufd_mock iommufd_mock0: Adding to iommu group 0
[   20.549744] iommufd_mock iommufd_mock0: Adding to iommu group 0
[   20.560037] iommufd_mock iommufd_mock0: Adding to iommu group 0
[   20.570625] iommufd_mock iommufd_mock0: Adding to iommu group 0
[   20.581493] iommufd_mock iommufd_mock0: Adding to iommu group 0
[   20.591742] iommufd_mock iommufd_mock0: Adding to iommu group 0
[   20.603038] iommufd_mock iommufd_mock0: Adding to iommu group 0
[   20.613835] iommufd_mock iommufd_mock0: Adding to iommu group 0
[   20.624275] iommufd_mock iommufd_mock0: Adding to iommu group 0
[   20.635113] iommufd_mock iommufd_mock0: Adding to iommu group 0
[   20.645994] iommufd_mock iommufd_mock0: Adding to iommu group 0
[   20.656899] iommufd_mock iommufd_mock0: Adding to iommu group 0
[   20.666997] iommufd_mock iommufd_mock0: Adding to iommu group 0
[   20.678030] iommufd_mock iommufd_mock0: Adding to iommu group 0
[   20.689866] iommufd_mock iommufd_mock0: Adding to iommu group 0
[   20.699214] iommufd_mock iommufd_mock0: Adding to iommu group 0
[   20.710011] iommufd_mock iommufd_mock0: Adding to iommu group 0
[   20.720375] iommufd_mock iommufd_mock0: Adding to iommu group 0
[   20.731378] iommufd_mock iommufd_mock0: Adding to iommu group 0
[   20.742117] iommufd_mock iommufd_mock0: Adding to iommu group 0
[   20.752911] iommufd_mock iommufd_mock0: Adding to iommu group 0
[   20.763361] iommufd_mock iommufd_mock0: Adding to iommu group 0
[   20.773477] iommufd_mock iommufd_mock0: Adding to iommu group 0
[   20.784416] iommufd_mock iommufd_mock0: Adding to iommu group 0
[   20.794980] iommufd_mock iommufd_mock0: Adding to iommu group 0
[   20.805488] iommufd_mock iommufd_mock0: Adding to iommu group 0
[   20.816246] iommufd_mock iommufd_mock0: Adding to iommu group 0
[   20.826898] iommufd_mock iommufd_mock0: Adding to iommu group 0
[   20.837606] iommufd_mock iommufd_mock0: Adding to iommu group 0
[   20.848568] iommufd_mock iommufd_mock0: Adding to iommu group 0
[   20.858996] iommufd_mock iommufd_mock0: Adding to iommu group 0
[   20.869547] iommufd_mock iommufd_mock0: Adding to iommu group 0
[   20.880278] iommufd_mock iommufd_mock0: Adding to iommu group 0
[   20.890913] iommufd_mock iommufd_mock0: Adding to iommu group 0
[   20.901872] iommufd_mock iommufd_mock0: Adding to iommu group 0
[   20.912321] iommufd_mock iommufd_mock0: Adding to iommu group 0
[   20.922985] iommufd_mock iommufd_mock0: Adding to iommu group 0
[   20.934604] iommufd_mock iommufd_mock0: Adding to iommu group 0
[   20.944191] iommufd_mock iommufd_mock0: Adding to iommu group 0
[   20.954843] iommufd_mock iommufd_mock0: Adding to iommu group 0
[   20.965546] iommufd_mock iommufd_mock0: Adding to iommu group 0
[   20.976437] iommufd_mock iommufd_mock0: Adding to iommu group 0
[   20.986787] iommufd_mock iommufd_mock0: Adding to iommu group 0
[   20.997558] iommufd_mock iommufd_mock0: Adding to iommu group 0
[   21.008965] iommufd_mock iommufd_mock0: Adding to iommu group 0
[   21.018739] iommufd_mock iommufd_mock0: Adding to iommu group 0
[   21.029976] iommufd_mock iommufd_mock0: Adding to iommu group 0
[   21.040700] iommufd_mock iommufd_mock0: Adding to iommu group 0
[   21.051204] iommufd_mock iommufd_mock0: Adding to iommu group 0
[   21.062115] iommufd_mock iommufd_mock0: Adding to iommu group 0
[   21.073122] iommufd_mock iommufd_mock0: Adding to iommu group 0
[   21.083229] iommufd_mock iommufd_mock0: Adding to iommu group 0
[   21.093798] iommufd_mock iommufd_mock0: Adding to iommu group 0
[   21.105112] iommufd_mock iommufd_mock0: Adding to iommu group 0
[   21.115229] iommufd_mock iommufd_mock0: Adding to iommu group 0
[   21.125565] iommufd_mock iommufd_mock0: Adding to iommu group 0
[   21.136352] iommufd_mock iommufd_mock0: Adding to iommu group 0
[   21.147150] iommufd_mock iommufd_mock0: Adding to iommu group 0
[   21.158255] iommufd_mock iommufd_mock0: Adding to iommu group 0
[   21.169008] iommufd_mock iommufd_mock0: Adding to iommu group 0
[   21.179919] iommufd_mock iommufd_mock0: Adding to iommu group 0
[   21.190284] iommufd_mock iommufd_mock0: Adding to iommu group 0
[   21.201045] iommufd_mock iommufd_mock0: Adding to iommu group 0
[   21.211625] iommufd_mock iommufd_mock0: Adding to iommu group 0
[   21.222648] iommufd_mock iommufd_mock0: Adding to iommu group 0
[   21.233179] iommufd_mock iommufd_mock0: Adding to iommu group 0
[   21.243308] iommufd_mock iommufd_mock0: Adding to iommu group 0
[   21.254480] iommufd_mock iommufd_mock0: Adding to iommu group 0
[   21.265356] iommufd_mock iommufd_mock0: Adding to iommu group 0
[   21.276319] iommufd_mock iommufd_mock0: Adding to iommu group 0
[   21.286818] iommufd_mock iommufd_mock0: Adding to iommu group 0
[   21.297707] iommufd_mock iommufd_mock0: Adding to iommu group 0
[   21.309053] iommufd_mock iommufd_mock0: Adding to iommu group 0
[   21.319284] iommufd_mock iommufd_mock0: Adding to iommu group 0
[   21.330429] iommufd_mock iommufd_mock0: Adding to iommu group 0
[   21.341327] iommufd_mock iommufd_mock0: Adding to iommu group 0
[   21.352436] iommufd_mock iommufd_mock0: Adding to iommu group 0
[   21.362579] iommufd_mock iommufd_mock0: Adding to iommu group 0
[   21.373566] iommufd_mock iommufd_mock0: Adding to iommu group 0
[   21.384455] iommufd_mock iommufd_mock0: Adding to iommu group 0
[   21.394991] iommufd_mock iommufd_mock0: Adding to iommu group 0
[   21.405534] iommufd_mock iommufd_mock0: Adding to iommu group 0
[   21.416807] iommufd_mock iommufd_mock0: Adding to iommu group 0
[   21.427407] iommufd_mock iommufd_mock0: Adding to iommu group 0
[   21.438362] iommufd_mock iommufd_mock0: Adding to iommu group 0
[   21.449081] iommufd_mock iommufd_mock0: Adding to iommu group 0
[   21.459974] iommufd_mock iommufd_mock0: Adding to iommu group 0
[   21.470852] iommufd_mock iommufd_mock0: Adding to iommu group 0
[   21.481268] iommufd_mock iommufd_mock0: Adding to iommu group 0
[   21.492059] iommufd_mock iommufd_mock0: Adding to iommu group 0
[   21.502990] iommufd_mock iommufd_mock0: Adding to iommu group 0
[   21.513410] iommufd_mock iommufd_mock0: Adding to iommu group 0
[   21.525508] iommufd_mock iommufd_mock0: Adding to iommu group 0
[   21.534904] iommufd_mock iommufd_mock0: Adding to iommu group 0
[   21.546062] iommufd_mock iommufd_mock0: Adding to iommu group 0
[   21.556736] iommufd_mock iommufd_mock0: Adding to iommu group 0
[   21.567305] iommufd_mock iommufd_mock0: Adding to iommu group 0
[   21.578476] iommufd_mock iommufd_mock0: Adding to iommu group 0
[   21.589221] iommufd_mock iommufd_mock0: Adding to iommu group 0
[   21.600067] iommufd_mock iommufd_mock0: Adding to iommu group 0
[   21.610625] iommufd_mock iommufd_mock0: Adding to iommu group 0
[   21.621358] iommufd_mock iommufd_mock0: Adding to iommu group 0
[   21.632750] iommufd_mock iommufd_mock0: Adding to iommu group 0
[   21.642865] iommufd_mock iommufd_mock0: Adding to iommu group 0
[   21.653325] iommufd_mock iommufd_mock0: Adding to iommu group 0
[   21.664126] iommufd_mock iommufd_mock0: Adding to iommu group 0
[   21.674715] iommufd_mock iommufd_mock0: Adding to iommu group 0
[   21.685479] iommufd_mock iommufd_mock0: Adding to iommu group 0
[   21.696265] iommufd_mock iommufd_mock0: Adding to iommu group 0
[   21.706959] iommufd_mock iommufd_mock0: Adding to iommu group 0
[   21.717365] iommufd_mock iommufd_mock0: Adding to iommu group 0
[   21.765905] iommufd_mock iommufd_mock0: Adding to iommu group 0
[   21.775946] iommufd_mock iommufd_mock0: Adding to iommu group 0
[   21.787008] iommufd_mock iommufd_mock0: Adding to iommu group 0
[   21.797817] iommufd_mock iommufd_mock0: Adding to iommu group 0
[   21.808079] iommufd_mock iommufd_mock0: Adding to iommu group 0
[   21.818836] iommufd_mock iommufd_mock0: Adding to iommu group 0
[   21.829443] iommufd_mock iommufd_mock0: Adding to iommu group 0
[   21.840739] iommufd_mock iommufd_mock0: Adding to iommu group 0
[   21.851008] iommufd_mock iommufd_mock0: Adding to iommu group 0
[   21.862116] iommufd_mock iommufd_mock0: Adding to iommu group 0
[   21.873236] iommufd_mock iommufd_mock0: Adding to iommu group 0
[   21.883970] iommufd_mock iommufd_mock0: Adding to iommu group 0
[   21.894577] iommufd_mock iommufd_mock0: Adding to iommu group 0
[   21.905331] iommufd_mock iommufd_mock0: Adding to iommu group 0
[   21.916075] iommufd_mock iommufd_mock0: Adding to iommu group 0
[   21.927008] iommufd_mock iommufd_mock0: Adding to iommu group 0
[   21.937288] iommufd_mock iommufd_mock0: Adding to iommu group 0
[   21.948134] iommufd_mock iommufd_mock0: Adding to iommu group 0
[   21.958948] iommufd_mock iommufd_mock0: Adding to iommu group 0
[   21.969636] iommufd_mock iommufd_mock0: Adding to iommu group 0
[   21.980219] iommufd_mock iommufd_mock0: Adding to iommu group 0
[   21.990990] iommufd_mock iommufd_mock0: Adding to iommu group 0
[   22.002132] iommufd_mock iommufd_mock0: Adding to iommu group 0
[   22.012850] iommufd_mock iommufd_mock0: Adding to iommu group 0
[   22.023259] iommufd_mock iommufd_mock0: Adding to iommu group 0
[   22.034363] iommufd_mock iommufd_mock0: Adding to iommu group 0
[   22.045145] iommufd_mock iommufd_mock0: Adding to iommu group 0
[   22.055543] iommufd_mock iommufd_mock0: Adding to iommu group 0
[   22.066838] iommufd_mock iommufd_mock0: Adding to iommu group 0
[   22.077887] iommufd_mock iommufd_mock0: Adding to iommu group 0
[   22.088843] iommufd_mock iommufd_mock0: Adding to iommu group 0
[   22.100040] iommufd_mock iommufd_mock0: Adding to iommu group 0
[   22.110779] iommufd_mock iommufd_mock0: Adding to iommu group 0
[   22.121268] iommufd_mock iommufd_mock0: Adding to iommu group 0
[   22.131654] iommufd_mock iommufd_mock0: Adding to iommu group 0
[   22.142538] iommufd_mock iommufd_mock0: Adding to iommu group 0
[   22.153505] iommufd_mock iommufd_mock0: Adding to iommu group 0
[   22.163890] iommufd_mock iommufd_mock0: Adding to iommu group 0
[   22.174592] iommufd_mock iommufd_mock0: Adding to iommu group 0
[   22.185187] iommufd_mock iommufd_mock0: Adding to iommu group 0
[   22.195818] iommufd_mock iommufd_mock0: Adding to iommu group 0
[   22.206710] iommufd_mock iommufd_mock0: Adding to iommu group 0
[   22.218346] iommufd_mock iommufd_mock0: Adding to iommu group 0
[   22.228314] iommufd_mock iommufd_mock0: Adding to iommu group 0
[   22.238944] iommufd_mock iommufd_mock0: Adding to iommu group 0
[   22.250682] iommufd_mock iommufd_mock0: Adding to iommu group 0
[   22.260707] iommufd_mock iommufd_mock0: Adding to iommu group 0
[   22.271277] iommufd_mock iommufd_mock0: Adding to iommu group 0
[   22.282052] iommufd_mock iommufd_mock0: Adding to iommu group 0
[   22.292973] iommufd_mock iommufd_mock0: Adding to iommu group 0
[   22.303930] iommufd_mock iommufd_mock0: Adding to iommu group 0
[   22.314642] iommufd_mock iommufd_mock0: Adding to iommu group 0
[   22.325138] iommufd_mock iommufd_mock0: Adding to iommu group 0
[   22.336143] iommufd_mock iommufd_mock0: Adding to iommu group 0
[   22.346897] iommufd_mock iommufd_mock0: Adding to iommu group 0
[   22.357620] iommufd_mock iommufd_mock0: Adding to iommu group 0
[   22.368375] iommufd_mock iommufd_mock0: Adding to iommu group 0
[   22.379036] iommufd_mock iommufd_mock0: Adding to iommu group 0
[   22.389701] iommufd_mock iommufd_mock0: Adding to iommu group 0
[   22.400802] iommufd_mock iommufd_mock0: Adding to iommu group 0
[   22.411042] iommufd_mock iommufd_mock0: Adding to iommu group 0
[   22.421886] iommufd_mock iommufd_mock0: Adding to iommu group 0
[   22.432632] iommufd_mock iommufd_mock0: Adding to iommu group 0
[   22.443310] iommufd_mock iommufd_mock0: Adding to iommu group 0
[   22.454080] iommufd_mock iommufd_mock0: Adding to iommu group 0
[   22.464815] iommufd_mock iommufd_mock0: Adding to iommu group 0
[   22.475684] iommufd_mock iommufd_mock0: Adding to iommu group 0
[   22.486745] iommufd_mock iommufd_mock0: Adding to iommu group 0
[   22.497075] iommufd_mock iommufd_mock0: Adding to iommu group 0
[   22.508159] iommufd_mock iommufd_mock0: Adding to iommu group 0
[   22.518335] iommufd_mock iommufd_mock0: Adding to iommu group 0
[   22.529224] iommufd_mock iommufd_mock0: Adding to iommu group 0
[   22.539870] iommufd_mock iommufd_mock0: Adding to iommu group 0
[   22.550540] iommufd_mock iommufd_mock0: Adding to iommu group 0
[   22.561347] iommufd_mock iommufd_mock0: Adding to iommu group 0
[   22.571982] iommufd_mock iommufd_mock0: Adding to iommu group 0
[   22.582537] iommufd_mock iommufd_mock0: Adding to iommu group 0
[   22.593211] iommufd_mock iommufd_mock0: Adding to iommu group 0
[   22.604080] iommufd_mock iommufd_mock0: Adding to iommu group 0
[   22.614531] iommufd_mock iommufd_mock0: Adding to iommu group 0
[   22.625514] iommufd_mock iommufd_mock0: Adding to iommu group 0
[   22.635880] iommufd_mock iommufd_mock0: Adding to iommu group 0
[   22.646524] iommufd_mock iommufd_mock0: Adding to iommu group 0
[   22.657134] iommufd_mock iommufd_mock0: Adding to iommu group 0
[   22.668071] iommufd_mock iommufd_mock0: Adding to iommu group 0
[   22.678411] iommufd_mock iommufd_mock0: Adding to iommu group 0
[   22.689242] iommufd_mock iommufd_mock0: Adding to iommu group 0
[   22.700128] iommufd_mock iommufd_mock0: Adding to iommu group 0
[   22.710625] iommufd_mock iommufd_mock0: Adding to iommu group 0
[   22.721309] iommufd_mock iommufd_mock0: Adding to iommu group 0
[   22.731925] iommufd_mock iommufd_mock0: Adding to iommu group 0
[   22.742445] iommufd_mock iommufd_mock0: Adding to iommu group 0
[   22.753311] iommufd_mock iommufd_mock0: Adding to iommu group 0
[   22.763855] iommufd_mock iommufd_mock0: Adding to iommu group 0
[   22.774300] iommufd_mock iommufd_mock0: Adding to iommu group 0
[   22.785166] iommufd_mock iommufd_mock0: Adding to iommu group 0
[   22.795693] iommufd_mock iommufd_mock0: Adding to iommu group 0
[   22.806289] iommufd_mock iommufd_mock0: Adding to iommu group 0
[   22.817255] iommufd_mock iommufd_mock0: Adding to iommu group 0
[   22.827674] iommufd_mock iommufd_mock0: Adding to iommu group 0
[   22.838256] iommufd_mock iommufd_mock0: Adding to iommu group 0
[   22.849331] iommufd_mock iommufd_mock0: Adding to iommu group 0
[   22.859522] iommufd_mock iommufd_mock0: Adding to iommu group 0
[   22.869942] iommufd_mock iommufd_mock0: Adding to iommu group 0
[   22.880849] iommufd_mock iommufd_mock0: Adding to iommu group 0
[   22.891264] iommufd_mock iommufd_mock0: Adding to iommu group 0
[   22.901970] iommufd_mock iommufd_mock0: Adding to iommu group 0
[   22.912672] iommufd_mock iommufd_mock0: Adding to iommu group 0
[   22.923307] iommufd_mock iommufd_mock0: Adding to iommu group 0
[   22.934069] iommufd_mock iommufd_mock0: Adding to iommu group 0
[   22.945137] iommufd_mock iommufd_mock0: Adding to iommu group 0
[   22.955255] iommufd_mock iommufd_mock0: Adding to iommu group 0
[   22.966761] iommufd_mock iommufd_mock0: Adding to iommu group 0
[   22.976555] iommufd_mock iommufd_mock0: Adding to iommu group 0
[   22.987308] iommufd_mock iommufd_mock0: Adding to iommu group 0
[   22.998065] iommufd_mock iommufd_mock0: Adding to iommu group 0
[   23.008658] iommufd_mock iommufd_mock0: Adding to iommu group 0
[   23.019393] iommufd_mock iommufd_mock0: Adding to iommu group 0
[   23.030026] iommufd_mock iommufd_mock0: Adding to iommu group 0
[   23.041025] iommufd_mock iommufd_mock0: Adding to iommu group 0
[   23.051748] iommufd_mock iommufd_mock0: Adding to iommu group 0
[   23.062229] iommufd_mock iommufd_mock0: Adding to iommu group 0
[   23.072930] iommufd_mock iommufd_mock0: Adding to iommu group 0
[   23.083844] iommufd_mock iommufd_mock0: Adding to iommu group 0
[   23.094439] iommufd_mock iommufd_mock0: Adding to iommu group 0
[   23.105271] iommufd_mock iommufd_mock0: Adding to iommu group 0
[   23.115990] iommufd_mock iommufd_mock0: Adding to iommu group 0
[   23.126695] iommufd_mock iommufd_mock0: Adding to iommu group 0
[   23.137804] iommufd_mock iommufd_mock0: Adding to iommu group 0
[   23.148881] iommufd_mock iommufd_mock0: Adding to iommu group 0
[   23.159409] iommufd_mock iommufd_mock0: Adding to iommu group 0
[   23.170322] iommufd_mock iommufd_mock0: Adding to iommu group 0
[   23.181223] iommufd_mock iommufd_mock0: Adding to iommu group 0
[   23.191976] iommufd_mock iommufd_mock0: Adding to iommu group 0
[   23.202557] iommufd_mock iommufd_mock0: Adding to iommu group 0
[   23.213385] iommufd_mock iommufd_mock0: Adding to iommu group 0
[   23.224004] iommufd_mock iommufd_mock0: Adding to iommu group 0
[   23.234638] iommufd_mock iommufd_mock0: Adding to iommu group 0
[   23.245253] iommufd_mock iommufd_mock0: Adding to iommu group 0
[   23.255844] iommufd_mock iommufd_mock0: Adding to iommu group 0
[   23.266492] iommufd_mock iommufd_mock0: Adding to iommu group 0
[   23.277275] iommufd_mock iommufd_mock0: Adding to iommu group 0
[   23.287895] iommufd_mock iommufd_mock0: Adding to iommu group 0
[   23.298602] iommufd_mock iommufd_mock0: Adding to iommu group 0
[   23.309167] iommufd_mock iommufd_mock0: Adding to iommu group 0
[   23.319866] iommufd_mock iommufd_mock0: Adding to iommu group 0
[   23.330266] iommufd_mock iommufd_mock0: Adding to iommu group 0
[   23.341061] iommufd_mock iommufd_mock0: Adding to iommu group 0
[   23.351942] iommufd_mock iommufd_mock0: Adding to iommu group 0
[   23.362397] iommufd_mock iommufd_mock0: Adding to iommu group 0
[   23.373159] iommufd_mock iommufd_mock0: Adding to iommu group 0
[   23.384074] iommufd_mock iommufd_mock0: Adding to iommu group 0
[   23.394360] iommufd_mock iommufd_mock0: Adding to iommu group 0
[   23.405044] iommufd_mock iommufd_mock0: Adding to iommu group 0
[   23.415765] iommufd_mock iommufd_mock0: Adding to iommu group 0
[   23.426427] iommufd_mock iommufd_mock0: Adding to iommu group 0
[   23.437193] iommufd_mock iommufd_mock0: Adding to iommu group 0
[   23.447880] iommufd_mock iommufd_mock0: Adding to iommu group 0
[   23.458637] iommufd_mock iommufd_mock0: Adding to iommu group 0
[   23.469418] iommufd_mock iommufd_mock0: Adding to iommu group 0
[   23.480099] iommufd_mock iommufd_mock0: Adding to iommu group 0
[   23.490693] iommufd_mock iommufd_mock0: Adding to iommu group 0
[   23.501475] iommufd_mock iommufd_mock0: Adding to iommu group 0
[   23.512084] iommufd_mock iommufd_mock0: Adding to iommu group 0
[   23.522837] iommufd_mock iommufd_mock0: Adding to iommu group 0
[   23.533533] iommufd_mock iommufd_mock0: Adding to iommu group 0
[   23.544324] iommufd_mock iommufd_mock0: Adding to iommu group 0
[   23.555175] iommufd_mock iommufd_mock0: Adding to iommu group 0
[   23.566175] iommufd_mock iommufd_mock0: Adding to iommu group 0
[   23.576866] iommufd_mock iommufd_mock0: Adding to iommu group 0
[   23.587506] iommufd_mock iommufd_mock0: Adding to iommu group 0
[   23.598293] iommufd_mock iommufd_mock0: Adding to iommu group 0
[   23.609346] iommufd_mock iommufd_mock0: Adding to iommu group 0
[   23.620051] iommufd_mock iommufd_mock0: Adding to iommu group 0
[   23.630734] iommufd_mock iommufd_mock0: Adding to iommu group 0
[   23.641542] iommufd_mock iommufd_mock0: Adding to iommu group 0
[   23.652162] iommufd_mock iommufd_mock0: Adding to iommu group 0
[   23.663033] iommufd_mock iommufd_mock0: Adding to iommu group 0
[   23.673843] iommufd_mock iommufd_mock0: Adding to iommu group 0
[   23.684862] iommufd_mock iommufd_mock0: Adding to iommu group 0
[   23.695340] iommufd_mock iommufd_mock0: Adding to iommu group 0
[   23.706006] iommufd_mock iommufd_mock0: Adding to iommu group 0
[   23.717185] iommufd_mock iommufd_mock0: Adding to iommu group 0
[   23.727662] iommufd_mock iommufd_mock0: Adding to iommu group 0
[   23.738307] iommufd_mock iommufd_mock0: Adding to iommu group 0
[   23.749017] iommufd_mock iommufd_mock0: Adding to iommu group 0
[   23.759615] iommufd_mock iommufd_mock0: Adding to iommu group 0
[   23.770352] iommufd_mock iommufd_mock0: Adding to iommu group 0
[   23.782424] iommufd_mock iommufd_mock0: Adding to iommu group 0
[   23.791713] iommufd_mock iommufd_mock0: Adding to iommu group 0
[   23.802606] iommufd_mock iommufd_mock0: Adding to iommu group 0
[   23.814315] iommufd_mock iommufd_mock0: Adding to iommu group 0
[   23.824897] iommufd_mock iommufd_mock0: Adding to iommu group 0
[   23.835440] iommufd_mock iommufd_mock0: Adding to iommu group 0
[   23.845905] iommufd_mock iommufd_mock0: Adding to iommu group 0
[   23.857219] iommufd_mock iommufd_mock0: Adding to iommu group 0
[   23.867859] iommufd_mock iommufd_mock0: Adding to iommu group 0
[   23.878424] iommufd_mock iommufd_mock0: Adding to iommu group 0
[   23.889863] iommufd_mock iommufd_mock0: Adding to iommu group 0
[   23.900013] iommufd_mock iommufd_mock0: Adding to iommu group 0
[   23.911135] iommufd_mock iommufd_mock0: Adding to iommu group 0
[   23.921578] iommufd_mock iommufd_mock0: Adding to iommu group 0
[   23.932418] iommufd_mock iommufd_mock0: Adding to iommu group 0
[   23.943190] iommufd_mock iommufd_mock0: Adding to iommu group 0
[   23.954186] iommufd_mock iommufd_mock0: Adding to iommu group 0
[   23.965147] iommufd_mock iommufd_mock0: Adding to iommu group 0
[   23.976040] iommufd_mock iommufd_mock0: Adding to iommu group 0
[   23.987053] iommufd_mock iommufd_mock0: Adding to iommu group 0
[   23.998216] iommufd_mock iommufd_mock0: Adding to iommu group 0
[   24.009112] iommufd_mock iommufd_mock0: Adding to iommu group 0
[   24.019882] iommufd_mock iommufd_mock0: Adding to iommu group 0
[   24.030823] iommufd_mock iommufd_mock0: Adding to iommu group 0
[   24.041539] iommufd_mock iommufd_mock0: Adding to iommu group 0
[   24.052670] iommufd_mock iommufd_mock0: Adding to iommu group 0
[   24.063766] iommufd_mock iommufd_mock0: Adding to iommu group 0
[   24.074981] iommufd_mock iommufd_mock0: Adding to iommu group 0
[   24.085685] iommufd_mock iommufd_mock0: Adding to iommu group 0
[   24.096818] iommufd_mock iommufd_mock0: Adding to iommu group 0
[   24.107781] iommufd_mock iommufd_mock0: Adding to iommu group 0
[   24.118877] iommufd_mock iommufd_mock0: Adding to iommu group 0
[   24.129609] iommufd_mock iommufd_mock0: Adding to iommu group 0
[   24.140411] iommufd_mock iommufd_mock0: Adding to iommu group 0
[   24.151290] iommufd_mock iommufd_mock0: Adding to iommu group 0
[   24.162177] iommufd_mock iommufd_mock0: Adding to iommu group 0
[   24.173193] iommufd_mock iommufd_mock0: Adding to iommu group 0
[   24.184062] iommufd_mock iommufd_mock0: Adding to iommu group 0
[   24.195066] iommufd_mock iommufd_mock0: Adding to iommu group 0
[   24.206169] iommufd_mock iommufd_mock0: Adding to iommu group 0
[   24.217204] iommufd_mock iommufd_mock0: Adding to iommu group 0
[   24.227737] iommufd_mock iommufd_mock0: Adding to iommu group 0
[   24.238418] iommufd_mock iommufd_mock0: Adding to iommu group 0
[   24.249281] iommufd_mock iommufd_mock0: Adding to iommu group 0
[   24.259971] iommufd_mock iommufd_mock0: Adding to iommu group 0
[   24.270702] iommufd_mock iommufd_mock0: Adding to iommu group 0
[   24.282001] iommufd_mock iommufd_mock0: Adding to iommu group 0
[   24.291988] iommufd_mock iommufd_mock0: Adding to iommu group 0
[   24.302753] iommufd_mock iommufd_mock0: Adding to iommu group 0
[   24.313395] iommufd_mock iommufd_mock0: Adding to iommu group 0
[   24.324851] iommufd_mock iommufd_mock0: Adding to iommu group 0
[   24.335440] iommufd_mock iommufd_mock0: Adding to iommu group 0
[   24.346348] iommufd_mock iommufd_mock0: Adding to iommu group 0
[   24.358013] iommufd_mock iommufd_mock0: Adding to iommu group 0
[   24.368186] iommufd_mock iommufd_mock0: Adding to iommu group 0
[   24.379132] iommufd_mock iommufd_mock0: Adding to iommu group 0
[   24.390070] iommufd_mock iommufd_mock0: Adding to iommu group 0
[   24.401164] iommufd_mock iommufd_mock0: Adding to iommu group 0
[   24.412050] iommufd_mock iommufd_mock0: Adding to iommu group 0
[   24.423062] iommufd_mock iommufd_mock0: Adding to iommu group 0
[   24.434097] iommufd_mock iommufd_mock0: Adding to iommu group 0
[   24.445061] iommufd_mock iommufd_mock0: Adding to iommu group 0
[   24.456005] iommufd_mock iommufd_mock0: Adding to iommu group 0
[   24.466848] iommufd_mock iommufd_mock0: Adding to iommu group 0
[   24.478645] iommufd_mock iommufd_mock0: Adding to iommu group 0
[   24.489276] iommufd_mock iommufd_mock0: Adding to iommu group 0
[   24.500137] iommufd_mock iommufd_mock0: Adding to iommu group 0
[   24.510838] iommufd_mock iommufd_mock0: Adding to iommu group 0
[   24.522114] iommufd_mock iommufd_mock0: Adding to iommu group 0
[   24.533351] iommufd_mock iommufd_mock0: Adding to iommu group 0
[   24.544139] iommufd_mock iommufd_mock0: Adding to iommu group 0
[   24.555010] iommufd_mock iommufd_mock0: Adding to iommu group 0
[   24.565920] iommufd_mock iommufd_mock0: Adding to iommu group 0
[   24.576907] iommufd_mock iommufd_mock0: Adding to iommu group 0
[   24.587808] iommufd_mock iommufd_mock0: Adding to iommu group 0
[   24.598610] iommufd_mock iommufd_mock0: Adding to iommu group 0
[   24.610521] iommufd_mock iommufd_mock0: Adding to iommu group 0
[   24.620905] iommufd_mock iommufd_mock0: Adding to iommu group 0
[   24.631858] iommufd_mock iommufd_mock0: Adding to iommu group 0
[   24.642543] iommufd_mock iommufd_mock0: Adding to iommu group 0
[   24.653955] iommufd_mock iommufd_mock0: Adding to iommu group 0
[   24.664865] iommufd_mock iommufd_mock0: Adding to iommu group 0
[   24.675683] iommufd_mock iommufd_mock0: Adding to iommu group 0
[   24.686621] iommufd_mock iommufd_mock0: Adding to iommu group 0
[   24.697933] iommufd_mock iommufd_mock0: Adding to iommu group 0
[   24.708996] iommufd_mock iommufd_mock0: Adding to iommu group 0
[   24.719849] iommufd_mock iommufd_mock0: Adding to iommu group 0
[   24.730547] iommufd_mock iommufd_mock0: Adding to iommu group 0
[   24.741645] iommufd_mock iommufd_mock0: Adding to iommu group 0
[   24.752113] iommufd_mock iommufd_mock0: Adding to iommu group 0
[   24.763167] iommufd_mock iommufd_mock0: Adding to iommu group 0
[   24.774224] iommufd_mock iommufd_mock0: Adding to iommu group 0
[   24.785342] iommufd_mock iommufd_mock0: Adding to iommu group 0
[   24.796085] iommufd_mock iommufd_mock0: Adding to iommu group 0
[   24.806919] iommufd_mock iommufd_mock0: Adding to iommu group 0
[   24.817950] iommufd_mock iommufd_mock0: Adding to iommu group 0
[   24.828734] iommufd_mock iommufd_mock0: Adding to iommu group 0
[   24.839677] iommufd_mock iommufd_mock0: Adding to iommu group 0
[   24.850496] iommufd_mock iommufd_mock0: Adding to iommu group 0
[   24.861384] iommufd_mock iommufd_mock0: Adding to iommu group 0
[   24.872264] iommufd_mock iommufd_mock0: Adding to iommu group 0
[   24.883115] iommufd_mock iommufd_mock0: Adding to iommu group 0
[   24.898132] iommufd_mock iommufd_mock0: Adding to iommu group 0
[   24.908912] iommufd_mock iommufd_mock0: Adding to iommu group 0
[   24.919896] iommufd_mock iommufd_mock0: Adding to iommu group 0
[   24.930491] iommufd_mock iommufd_mock0: Adding to iommu group 0
[   24.941455] iommufd_mock iommufd_mock0: Adding to iommu group 0
[   24.951840] iommufd_mock iommufd_mock0: Adding to iommu group 0
[   24.962487] iommufd_mock iommufd_mock0: Adding to iommu group 0
[   24.973259] iommufd_mock iommufd_mock0: Adding to iommu group 0
[   24.983958] iommufd_mock iommufd_mock0: Adding to iommu group 0
[   24.994675] iommufd_mock iommufd_mock0: Adding to iommu group 0
[   25.005191] iommufd_mock iommufd_mock0: Adding to iommu group 0
[   25.016352] iommufd_mock iommufd_mock0: Adding to iommu group 0
[   25.026681] iommufd_mock iommufd_mock0: Adding to iommu group 0
[   25.037374] iommufd_mock iommufd_mock0: Adding to iommu group 0
[   25.048364] iommufd_mock iommufd_mock0: Adding to iommu group 0
[   25.059189] iommufd_mock iommufd_mock0: Adding to iommu group 0
[   25.069599] iommufd_mock iommufd_mock0: Adding to iommu group 0
[   25.080100] iommufd_mock iommufd_mock0: Adding to iommu group 0
[   25.090913] iommufd_mock iommufd_mock0: Adding to iommu group 0
[   25.101627] iommufd_mock iommufd_mock0: Adding to iommu group 0
[   25.112927] iommufd_mock iommufd_mock0: Adding to iommu group 0
[   25.123396] iommufd_mock iommufd_mock0: Adding to iommu group 0
[   25.133996] iommufd_mock iommufd_mock0: Adding to iommu group 0
[   25.145260] iommufd_mock iommufd_mock0: Adding to iommu group 0
[   25.155938] iommufd_mock iommufd_mock0: Adding to iommu group 0
[   25.166386] iommufd_mock iommufd_mock0: Adding to iommu group 0
[   25.176962] iommufd_mock iommufd_mock0: Adding to iommu group 0
[   25.187806] iommufd_mock iommufd_mock0: Adding to iommu group 0
[   25.198326] iommufd_mock iommufd_mock0: Adding to iommu group 0
[   25.208993] iommufd_mock iommufd_mock0: Adding to iommu group 0
[   25.219680] iommufd_mock iommufd_mock0: Adding to iommu group 0
[   25.230397] iommufd_mock iommufd_mock0: Adding to iommu group 0
[   25.241119] iommufd_mock iommufd_mock0: Adding to iommu group 0
[   25.251784] iommufd_mock iommufd_mock0: Adding to iommu group 0
[   25.262253] iommufd_mock iommufd_mock0: Adding to iommu group 0
[   25.273011] iommufd_mock iommufd_mock0: Adding to iommu group 0
[   25.283763] iommufd_mock iommufd_mock0: Adding to iommu group 0
[   25.294445] iommufd_mock iommufd_mock0: Adding to iommu group 0
[   25.305167] iommufd_mock iommufd_mock0: Adding to iommu group 0
[   25.315783] iommufd_mock iommufd_mock0: Adding to iommu group 0
[   25.326401] iommufd_mock iommufd_mock0: Adding to iommu group 0
[   25.337029] iommufd_mock iommufd_mock0: Adding to iommu group 0
[   25.347915] iommufd_mock iommufd_mock0: Adding to iommu group 0
[   25.358434] iommufd_mock iommufd_mock0: Adding to iommu group 0
[   25.369569] iommufd_mock iommufd_mock0: Adding to iommu group 0
[   25.380088] iommufd_mock iommufd_mock0: Adding to iommu group 0
[   25.390760] iommufd_mock iommufd_mock0: Adding to iommu group 0
[   25.401573] iommufd_mock iommufd_mock0: Adding to iommu group 0
[   25.412263] iommufd_mock iommufd_mock0: Adding to iommu group 0
[   25.422654] iommufd_mock iommufd_mock0: Adding to iommu group 0
[   25.433097] iommufd_mock iommufd_mock0: Adding to iommu group 0
[   25.443787] iommufd_mock iommufd_mock0: Adding to iommu group 0
[   25.454585] iommufd_mock iommufd_mock0: Adding to iommu group 0
[   25.465165] iommufd_mock iommufd_mock0: Adding to iommu group 0
[   25.475864] iommufd_mock iommufd_mock0: Adding to iommu group 0
[   25.486846] iommufd_mock iommufd_mock0: Adding to iommu group 0
[   25.497594] iommufd_mock iommufd_mock0: Adding to iommu group 0
[   25.508132] iommufd_mock iommufd_mock0: Adding to iommu group 0
[   25.518945] iommufd_mock iommufd_mock0: Adding to iommu group 0
[   25.529602] iommufd_mock iommufd_mock0: Adding to iommu group 0
[   25.540524] iommufd_mock iommufd_mock0: Adding to iommu group 0
[   25.551376] iommufd_mock iommufd_mock0: Adding to iommu group 0
[   25.562033] iommufd_mock iommufd_mock0: Adding to iommu group 0
[   25.573280] iommufd_mock iommufd_mock0: Adding to iommu group 0
[   25.583574] iommufd_mock iommufd_mock0: Adding to iommu group 0
[   25.594360] iommufd_mock iommufd_mock0: Adding to iommu group 0
[   25.605084] iommufd_mock iommufd_mock0: Adding to iommu group 0
[   25.615897] iommufd_mock iommufd_mock0: Adding to iommu group 0
[   25.626521] iommufd_mock iommufd_mock0: Adding to iommu group 0
[   25.637445] iommufd_mock iommufd_mock0: Adding to iommu group 0
[   25.647958] iommufd_mock iommufd_mock0: Adding to iommu group 0
[   25.658497] iommufd_mock iommufd_mock0: Adding to iommu group 0
[   25.669255] iommufd_mock iommufd_mock0: Adding to iommu group 0
[   25.679921] iommufd_mock iommufd_mock0: Adding to iommu group 0
[   25.690521] iommufd_mock iommufd_mock0: Adding to iommu group 0
[   25.701307] iommufd_mock iommufd_mock0: Adding to iommu group 0
[   25.711922] iommufd_mock iommufd_mock0: Adding to iommu group 0
[   25.722538] iommufd_mock iommufd_mock0: Adding to iommu group 0
[   25.733295] iommufd_mock iommufd_mock0: Adding to iommu group 0
[   25.744345] iommufd_mock iommufd_mock0: Adding to iommu group 0
[   25.754582] iommufd_mock iommufd_mock0: Adding to iommu group 0
[   25.765141] iommufd_mock iommufd_mock0: Adding to iommu group 0
[   25.775904] iommufd_mock iommufd_mock0: Adding to iommu group 0
[   25.786303] iommufd_mock iommufd_mock0: Adding to iommu group 0
[   25.797169] iommufd_mock iommufd_mock0: Adding to iommu group 0
[   25.807962] iommufd_mock iommufd_mock0: Adding to iommu group 0
[   25.818407] iommufd_mock iommufd_mock0: Adding to iommu group 0
[   25.829122] iommufd_mock iommufd_mock0: Adding to iommu group 0
[   25.839897] iommufd_mock iommufd_mock0: Adding to iommu group 0
[   25.850481] iommufd_mock iommufd_mock0: Adding to iommu group 0
[   25.861188] iommufd_mock iommufd_mock0: Adding to iommu group 0
[   25.871872] iommufd_mock iommufd_mock0: Adding to iommu group 0
[   25.882557] iommufd_mock iommufd_mock0: Adding to iommu group 0
[   25.894203] iommufd_mock iommufd_mock0: Adding to iommu group 0
[   25.904335] iommufd_mock iommufd_mock0: Adding to iommu group 0
[   25.914884] iommufd_mock iommufd_mock0: Adding to iommu group 0
[   25.926163] iommufd_mock iommufd_mock0: Adding to iommu group 0
[   25.936337] iommufd_mock iommufd_mock0: Adding to iommu group 0
[   25.947030] iommufd_mock iommufd_mock0: Adding to iommu group 0
[   25.958051] iommufd_mock iommufd_mock0: Adding to iommu group 0
[   25.968461] iommufd_mock iommufd_mock0: Adding to iommu group 0
[   25.978921] iommufd_mock iommufd_mock0: Adding to iommu group 0
[   25.989652] iommufd_mock iommufd_mock0: Adding to iommu group 0
[   26.000893] iommufd_mock iommufd_mock0: Adding to iommu group 0
[   26.011300] iommufd_mock iommufd_mock0: Adding to iommu group 0
[   26.022170] iommufd_mock iommufd_mock0: Adding to iommu group 0
[   26.032873] iommufd_mock iommufd_mock0: Adding to iommu group 0
[   26.043577] iommufd_mock iommufd_mock0: Adding to iommu group 0
[   26.054257] iommufd_mock iommufd_mock0: Adding to iommu group 0
[   26.064891] iommufd_mock iommufd_mock0: Adding to iommu group 0
[   26.075616] iommufd_mock iommufd_mock0: Adding to iommu group 0
[   26.085958] iommufd_mock iommufd_mock0: Adding to iommu group 0
[   26.096935] iommufd_mock iommufd_mock0: Adding to iommu group 0
[   26.107822] iommufd_mock iommufd_mock0: Adding to iommu group 0
[   26.118404] iommufd_mock iommufd_mock0: Adding to iommu group 0
[   26.129221] iommufd_mock iommufd_mock0: Adding to iommu group 0
[   26.139874] iommufd_mock iommufd_mock0: Adding to iommu group 0
[   26.150686] iommufd_mock iommufd_mock0: Adding to iommu group 0
[   26.161181] iommufd_mock iommufd_mock0: Adding to iommu group 0
[   26.171724] iommufd_mock iommufd_mock0: Adding to iommu group 0
[   26.182489] iommufd_mock iommufd_mock0: Adding to iommu group 0
[   26.193781] iommufd_mock iommufd_mock0: Adding to iommu group 0
[   26.203947] iommufd_mock iommufd_mock0: Adding to iommu group 0
[   26.215192] iommufd_mock iommufd_mock0: Adding to iommu group 0
[   26.225668] iommufd_mock iommufd_mock0: Adding to iommu group 0
[   26.236159] iommufd_mock iommufd_mock0: Adding to iommu group 0
[   26.246661] iommufd_mock iommufd_mock0: Adding to iommu group 0
[   26.257367] iommufd_mock iommufd_mock0: Adding to iommu group 0
[   26.268196] iommufd_mock iommufd_mock0: Adding to iommu group 0
[   26.278711] iommufd_mock iommufd_mock0: Adding to iommu group 0
[   26.289662] iommufd_mock iommufd_mock0: Adding to iommu group 0
[   26.300293] iommufd_mock iommufd_mock0: Adding to iommu group 0
[   26.310505] iommufd_mock iommufd_mock0: Adding to iommu group 0
[   26.321871] iommufd_mock iommufd_mock0: Adding to iommu group 0
[   26.332235] iommufd_mock iommufd_mock0: Adding to iommu group 0
[   26.342929] iommufd_mock iommufd_mock0: Adding to iommu group 0
[   26.353472] iommufd_mock iommufd_mock0: Adding to iommu group 0
[   26.364268] iommufd_mock iommufd_mock0: Adding to iommu group 0
[   26.374752] iommufd_mock iommufd_mock0: Adding to iommu group 0
[   26.385611] iommufd_mock iommufd_mock0: Adding to iommu group 0
[   26.396229] iommufd_mock iommufd_mock0: Adding to iommu group 0
[   26.406485] iommufd_mock iommufd_mock0: Adding to iommu group 0
[   26.417997] iommufd_mock iommufd_mock0: Adding to iommu group 0
[   26.427812] iommufd_mock iommufd_mock0: Adding to iommu group 0
[   26.438728] iommufd_mock iommufd_mock0: Adding to iommu group 0
[   26.449134] iommufd_mock iommufd_mock0: Adding to iommu group 0
[   26.459885] iommufd_mock iommufd_mock0: Adding to iommu group 0
[   26.470588] iommufd_mock iommufd_mock0: Adding to iommu group 0
[   26.481145] iommufd_mock iommufd_mock0: Adding to iommu group 0
[   26.491755] iommufd_mock iommufd_mock0: Adding to iommu group 0
[   26.502466] iommufd_mock iommufd_mock0: Adding to iommu group 0
[   26.513290] iommufd_mock iommufd_mock0: Adding to iommu group 0
[   26.523919] iommufd_mock iommufd_mock0: Adding to iommu group 0
[   26.534909] iommufd_mock iommufd_mock0: Adding to iommu group 0
[   26.545708] iommufd_mock iommufd_mock0: Adding to iommu group 0
[   26.556985] iommufd_mock iommufd_mock0: Adding to iommu group 0
[   26.567292] iommufd_mock iommufd_mock0: Adding to iommu group 0
[   26.578365] iommufd_mock iommufd_mock0: Adding to iommu group 0
[   26.589738] iommufd_mock iommufd_mock0: Adding to iommu group 0
[   26.600424] iommufd_mock iommufd_mock0: Adding to iommu group 0
[   26.611190] iommufd_mock iommufd_mock0: Adding to iommu group 0
[   26.621922] iommufd_mock iommufd_mock0: Adding to iommu group 0
[   26.632967] iommufd_mock iommufd_mock0: Adding to iommu group 0
[   26.643667] iommufd_mock iommufd_mock0: Adding to iommu group 0
[   26.654505] iommufd_mock iommufd_mock0: Adding to iommu group 0
[   26.665787] iommufd_mock iommufd_mock0: Adding to iommu group 0
[   26.676222] iommufd_mock iommufd_mock0: Adding to iommu group 0
[   26.686705] iommufd_mock iommufd_mock0: Adding to iommu group 0
[   26.697795] iommufd_mock iommufd_mock0: Adding to iommu group 0
[   26.708338] iommufd_mock iommufd_mock0: Adding to iommu group 0
[   26.718954] iommufd_mock iommufd_mock0: Adding to iommu group 0
[   26.729540] iommufd_mock iommufd_mock0: Adding to iommu group 0
[   26.740227] iommufd_mock iommufd_mock0: Adding to iommu group 0
[   26.750888] iommufd_mock iommufd_mock0: Adding to iommu group 0
[   26.761941] iommufd_mock iommufd_mock0: Adding to iommu group 0
[   26.772261] iommufd_mock iommufd_mock0: Adding to iommu group 0
[   26.782895] iommufd_mock iommufd_mock0: Adding to iommu group 0
[   26.794042] iommufd_mock iommufd_mock0: Adding to iommu group 0
[   26.804243] iommufd_mock iommufd_mock0: Adding to iommu group 0
[   26.814500] iommufd_mock iommufd_mock0: Adding to iommu group 0
[   26.825175] iommufd_mock iommufd_mock0: Adding to iommu group 0
[   26.835881] iommufd_mock iommufd_mock0: Adding to iommu group 0
[   26.846523] iommufd_mock iommufd_mock0: Adding to iommu group 0
[   26.857581] iommufd_mock iommufd_mock0: Adding to iommu group 0
[   26.868251] iommufd_mock iommufd_mock0: Adding to iommu group 0
[   26.878913] iommufd_mock iommufd_mock0: Adding to iommu group 0
[   26.889469] iommufd_mock iommufd_mock0: Adding to iommu group 0
[   26.900338] iommufd_mock iommufd_mock0: Adding to iommu group 0
[   26.910888] iommufd_mock iommufd_mock0: Adding to iommu group 0
[   26.922002] iommufd_mock iommufd_mock0: Adding to iommu group 0
[   26.932312] iommufd_mock iommufd_mock0: Adding to iommu group 0
[   26.942874] iommufd_mock iommufd_mock0: Adding to iommu group 0
[   26.953835] iommufd_mock iommufd_mock0: Adding to iommu group 0
[   26.964497] iommufd_mock iommufd_mock0: Adding to iommu group 0
[   26.974988] iommufd_mock iommufd_mock0: Adding to iommu group 0
[   26.985273] iommufd_mock iommufd_mock0: Adding to iommu group 0
[   26.996230] iommufd_mock iommufd_mock0: Adding to iommu group 0
[   27.006687] iommufd_mock iommufd_mock0: Adding to iommu group 0
[   27.017276] iommufd_mock iommufd_mock0: Adding to iommu group 0
[   27.027964] iommufd_mock iommufd_mock0: Adding to iommu group 0
[   27.038575] iommufd_mock iommufd_mock0: Adding to iommu group 0
[   27.049336] iommufd_mock iommufd_mock0: Adding to iommu group 0
[   27.060076] iommufd_mock iommufd_mock0: Adding to iommu group 0
[   27.070698] iommufd_mock iommufd_mock0: Adding to iommu group 0
[   27.081238] iommufd_mock iommufd_mock0: Adding to iommu group 0
[   27.091800] iommufd_mock iommufd_mock0: Adding to iommu group 0
[   27.102648] iommufd_mock iommufd_mock0: Adding to iommu group 0
[   27.113355] iommufd_mock iommufd_mock0: Adding to iommu group 0
[   27.123913] iommufd_mock iommufd_mock0: Adding to iommu group 0
[   27.134751] iommufd_mock iommufd_mock0: Adding to iommu group 0
[   27.145233] iommufd_mock iommufd_mock0: Adding to iommu group 0
[   27.156207] iommufd_mock iommufd_mock0: Adding to iommu group 0
[   27.166784] iommufd_mock iommufd_mock0: Adding to iommu group 0
[   27.177339] iommufd_mock iommufd_mock0: Adding to iommu group 0
[   27.188148] iommufd_mock iommufd_mock0: Adding to iommu group 0
[   27.198992] iommufd_mock iommufd_mock0: Adding to iommu group 0
[   27.209773] iommufd_mock iommufd_mock0: Adding to iommu group 0
[   27.220653] iommufd_mock iommufd_mock0: Adding to iommu group 0
[   27.231145] iommufd_mock iommufd_mock0: Adding to iommu group 0
[   27.242365] iommufd_mock iommufd_mock0: Adding to iommu group 0
[   27.253075] iommufd_mock iommufd_mock0: Adding to iommu group 0
[   27.263962] iommufd_mock iommufd_mock0: Adding to iommu group 0
[   27.275062] iommufd_mock iommufd_mock0: Adding to iommu group 0
[   27.285479] iommufd_mock iommufd_mock0: Adding to iommu group 0
[   27.295761] iommufd_mock iommufd_mock0: Adding to iommu group 0
[   27.306629] iommufd_mock iommufd_mock0: Adding to iommu group 0
[   27.317246] iommufd_mock iommufd_mock0: Adding to iommu group 0
[   27.328140] iommufd_mock iommufd_mock0: Adding to iommu group 0
[   27.338533] iommufd_mock iommufd_mock0: Adding to iommu group 0
[   27.349238] iommufd_mock iommufd_mock0: Adding to iommu group 0
[   27.359968] iommufd_mock iommufd_mock0: Adding to iommu group 0
[   27.370427] iommufd_mock iommufd_mock0: Adding to iommu group 0
[   27.381446] iommufd_mock iommufd_mock0: Adding to iommu group 0
[   27.391880] iommufd_mock iommufd_mock0: Adding to iommu group 0
[   27.402670] iommufd_mock iommufd_mock0: Adding to iommu group 0
[   27.413298] iommufd_mock iommufd_mock0: Adding to iommu group 0
