c[?7l[2J[0mSeaBIOS (version rel-1.16.0-0-gd239552ce722-prebuilt.qemu.org)


iPXE (http://ipxe.org) 00:03.0 CA00 PCI2.10 PnP PMM+7FF91000+7FEF1000 CA00
Press Ctrl-B to configure iPXE (PCI 00:03.0)...                                                                               


Booting from ROM...
c[?7l[2J[    0.000000] Linux version 6.18.0-rc3-aef5de756ea8+ (root@p-arls02) (gcc (GCC) 11.5.0 20240719 (Red Hat 11.5.0-14), GNU ld version 2.35.2-68.el9) #1 SMP PREEMPT_DYNAMIC Thu Dec  4 18:48:00 CST 2025
[    0.000000] Command line: console=ttyS0 root=/dev/sda earlyprintk=serial net.ifnames=0 plymouth.enable=0
[    0.000000] KERNEL supported cpus:
[    0.000000]   Intel GenuineIntel
[    0.000000]   AMD AuthenticAMD
[    0.000000]   Hygon HygonGenuine
[    0.000000]   Centaur CentaurHauls
[    0.000000]   zhaoxin   Shanghai  
[    0.000000] x86/CPU: Model not found in latest microcode list
[    0.000000] x86/split lock detection: #DB: warning on user-space bus_locks
[    0.000000] BIOS-provided physical RAM map:
[    0.000000] BIOS-e820: [mem 0x0000000000000000-0x000000000009fbff] usable
[    0.000000] BIOS-e820: [mem 0x000000000009fc00-0x000000000009ffff] reserved
[    0.000000] BIOS-e820: [mem 0x00000000000f0000-0x00000000000fffff] reserved
[    0.000000] BIOS-e820: [mem 0x0000000000100000-0x000000007ffdffff] usable
[    0.000000] BIOS-e820: [mem 0x000000007ffe0000-0x000000007fffffff] reserved
[    0.000000] BIOS-e820: [mem 0x00000000feffc000-0x00000000feffffff] reserved
[    0.000000] BIOS-e820: [mem 0x00000000fffc0000-0x00000000ffffffff] reserved
[    0.000000] printk: legacy bootconsole [earlyser0] enabled
[    0.000000] NX (Execute Disable) protection: active
[    0.000000] APIC: Static calls initialized
[    0.000000] SMBIOS 2.8 present.
[    0.000000] DMI: QEMU Standard PC (i440FX + PIIX, 1996), BIOS rel-1.16.0-0-gd239552ce722-prebuilt.qemu.org 04/01/2014
[    0.000000] DMI: Memory slots populated: 1/1
[    0.000000] Hypervisor detected: KVM
[    0.000000] last_pfn = 0x7ffe0 max_arch_pfn = 0x400000000
[    0.000000] kvm-clock: Using msrs 4b564d01 and 4b564d00
[    0.000003] kvm-clock: using sched offset of 997329301 cycles
[    0.000410] clocksource: kvm-clock: mask: 0xffffffffffffffff max_cycles: 0x1cd42e4dffb, max_idle_ns: 881590591483 ns
[    0.001662] tsc: Detected 1267.200 MHz processor
[    0.008012] last_pfn = 0x7ffe0 max_arch_pfn = 0x400000000
[    0.008464] MTRR map: 4 entries (3 fixed + 1 variable; max 19), built from 8 variable MTRRs
[    0.009111] x86/PAT: Configuration [0-7]: WB  WC  UC- UC  WB  WP  UC- WT  
[    0.018512] found SMP MP-table at [mem 0x000f5ba0-0x000f5baf]
[    0.018984] Using GB pages for direct mapping
[    0.021143] ACPI: Early table checksum verification disabled
[    0.021576] ACPI: RSDP 0x00000000000F59C0 000014 (v00 BOCHS )
[    0.022035] ACPI: RSDT 0x000000007FFE1951 000034 (v01 BOCHS  BXPC     00000001 BXPC 00000001)
[    0.022709] ACPI: FACP 0x000000007FFE17FD 000074 (v01 BOCHS  BXPC     00000001 BXPC 00000001)
[    0.023386] ACPI: DSDT 0x000000007FFE0040 0017BD (v01 BOCHS  BXPC     00000001 BXPC 00000001)
[    0.024053] ACPI: FACS 0x000000007FFE0000 000040
[    0.024422] ACPI: APIC 0x000000007FFE1871 000080 (v01 BOCHS  BXPC     00000001 BXPC 00000001)
[    0.025088] ACPI: HPET 0x000000007FFE18F1 000038 (v01 BOCHS  BXPC     00000001 BXPC 00000001)
[    0.025758] ACPI: WAET 0x000000007FFE1929 000028 (v01 BOCHS  BXPC     00000001 BXPC 00000001)
[    0.026422] ACPI: Reserving FACP table memory at [mem 0x7ffe17fd-0x7ffe1870]
[    0.026963] ACPI: Reserving DSDT table memory at [mem 0x7ffe0040-0x7ffe17fc]
[    0.027511] ACPI: Reserving FACS table memory at [mem 0x7ffe0000-0x7ffe003f]
[    0.028054] ACPI: Reserving APIC table memory at [mem 0x7ffe1871-0x7ffe18f0]
[    0.028599] ACPI: Reserving HPET table memory at [mem 0x7ffe18f1-0x7ffe1928]
[    0.029145] ACPI: Reserving WAET table memory at [mem 0x7ffe1929-0x7ffe1950]
[    0.030140] No NUMA configuration found
[    0.030439] Faking a node at [mem 0x0000000000000000-0x000000007ffdffff]
[    0.030986] NODE_DATA(0) allocated [mem 0x7ffb4ec0-0x7ffdfcbf]
[    0.032012] Zone ranges:
[    0.032214]   DMA      [mem 0x0000000000001000-0x0000000000ffffff]
[    0.032692]   DMA32    [mem 0x0000000001000000-0x000000007ffdffff]
[    0.033172]   Normal   empty
[    0.033399]   Device   empty
[    0.033627] Movable zone start for each node
[    0.033967] Early memory node ranges
[    0.034245]   node   0: [mem 0x0000000000001000-0x000000000009efff]
[    0.034730]   node   0: [mem 0x0000000000100000-0x000000007ffdffff]
[    0.035218] Initmem setup node 0 [mem 0x0000000000001000-0x000000007ffdffff]
[    0.036686] On node 0, zone DMA: 1 pages in unavailable ranges
[    0.037429] On node 0, zone DMA: 97 pages in unavailable ranges
[    0.126820] On node 0, zone DMA32: 32 pages in unavailable ranges
[    0.646697] KernelAddressSanitizer initialized (generic)
[    0.647452] ACPI: PM-Timer IO Port: 0x608
[    0.647802] ACPI: LAPIC_NMI (acpi_id[0xff] dfl dfl lint[0x1])
[    0.648315] IOAPIC[0]: apic_id 0, version 17, address 0xfec00000, GSI 0-23
[    0.648865] ACPI: INT_SRC_OVR (bus 0 bus_irq 0 global_irq 2 dfl dfl)
[    0.649363] ACPI: INT_SRC_OVR (bus 0 bus_irq 5 global_irq 5 high level)
[    0.649873] ACPI: INT_SRC_OVR (bus 0 bus_irq 9 global_irq 9 high level)
[    0.650389] ACPI: INT_SRC_OVR (bus 0 bus_irq 10 global_irq 10 high level)
[    0.650912] ACPI: INT_SRC_OVR (bus 0 bus_irq 11 global_irq 11 high level)
[    0.651451] ACPI: Using ACPI (MADT) for SMP configuration information
[    0.651950] ACPI: HPET id: 0x8086a201 base: 0xfed00000
[    0.652367] TSC deadline timer available
[    0.652676] CPU topo: Max. logical packages:   1
[    0.653033] CPU topo: Max. logical dies:       1
[    0.653392] CPU topo: Max. dies per package:   1
[    0.653751] CPU topo: Max. threads per core:   1
[    0.654108] CPU topo: Num. cores per package:     2
[    0.654487] CPU topo: Num. threads per package:   2
[    0.654863] CPU topo: Allowing 2 present CPUs plus 0 hotplug CPUs
[    0.655394] kvm-guest: APIC: eoi() replaced with kvm_guest_apic_eoi_write()
[    0.655979] kvm-guest: KVM setup pv remote TLB flush
[    0.656367] kvm-guest: setup PV sched yield
[    0.656734] PM: hibernation: Registered nosave memory: [mem 0x00000000-0x00000fff]
[    0.657329] PM: hibernation: Registered nosave memory: [mem 0x0009f000-0x000fffff]
[    0.657910] [mem 0x80000000-0xfeffbfff] available for PCI devices
[    0.658382] Booting paravirtualized kernel on KVM
[    0.658761] clocksource: refined-jiffies: mask: 0xffffffff max_cycles: 0xffffffff, max_idle_ns: 7645519600211568 ns
[    0.659580] setup_percpu: NR_CPUS:8192 nr_cpumask_bits:2 nr_cpu_ids:2 nr_node_ids:1
[    0.662406] percpu: Embedded 80 pages/cpu s290816 r8192 d28672 u1048576
[    0.663085] kvm-guest: PV spinlocks enabled
[    0.663424] PV qspinlock hash table entries: 256 (order: 0, 4096 bytes, linear)
[    0.664006] Kernel command line: net.ifnames=0 console=ttyS0 root=/dev/sda earlyprintk=serial net.ifnames=0 plymouth.enable=0
[    0.665227] random: crng init done
[    0.665503] printk: log buffer data + meta data: 262144 + 917504 = 1179648 bytes
[    0.668161] Dentry cache hash table entries: 262144 (order: 9, 2097152 bytes, linear)
[    0.669596] Inode-cache hash table entries: 131072 (order: 8, 1048576 bytes, linear)
[    0.670552] Fallback order for Node 0: 0 
[    0.670564] Built 1 zonelists, mobility grouping on.  Total pages: 524158
[    0.671365] Policy zone: DMA32
[    0.671597] mem auto-init: stack:off, heap alloc:off, heap free:off
[    0.672059] stackdepot: allocating hash table via alloc_large_system_hash
[    0.672569] stackdepot hash table entries: 1048576 (order: 12, 16777216 bytes, linear)
[    0.688424] stackdepot: allocating space for 8192 stack pools via memblock
[    0.732844] SLUB: HWalign=64, Order=0-3, MinObjects=0, CPUs=2, Nodes=1
[    0.733359] kmemleak: Kernel memory leak detector disabled
[    0.772975] ftrace: allocating 74601 entries in 292 pages
[    0.773415] ftrace: allocated 292 pages with 3 groups
[    0.778312] Dynamic Preempt: voluntary
[    0.779142] Running RCU self tests
[    0.779395] Running RCU synchronous self tests
[    0.779712] rcu: Preemptible hierarchical RCU implementation.
[    0.780151] rcu: 	RCU lockdep checking is enabled.
[    0.780517] rcu: 	RCU restricting CPUs from NR_CPUS=8192 to nr_cpu_ids=2.
[    0.781038] 	Trampoline variant of Tasks RCU enabled.
[    0.781425] 	Rude variant of Tasks RCU enabled.
[    0.781770] 	Tracing variant of Tasks RCU enabled.
[    0.782139] rcu: RCU calculated value of scheduler-enlistment delay is 25 jiffies.
[    0.782724] rcu: Adjusting geometry for rcu_fanout_leaf=16, nr_cpu_ids=2
[    0.783331] Running RCU synchronous self tests
[    0.783678] RCU Tasks: Setting shift to 1 and lim to 1 rcu_task_cb_adjust=1 rcu_task_cpu_ids=2.
[    0.784348] RCU Tasks Rude: Setting shift to 1 and lim to 1 rcu_task_cb_adjust=1 rcu_task_cpu_ids=2.
[    0.785051] RCU Tasks Trace: Setting shift to 1 and lim to 1 rcu_task_cb_adjust=1 rcu_task_cpu_ids=2.
[    0.848798] NR_IRQS: 524544, nr_irqs: 440, preallocated irqs: 16
[    0.849809] rcu: srcu_init: Setting srcu_struct sizes based on contention.
[    0.856826] Console: colour VGA+ 80x25
[    0.857210] printk: legacy console [ttyS0] enabled
[    0.857210] printk: legacy console [ttyS0] enabled
[    0.857961] printk: legacy bootconsole [earlyser0] disabled
[    0.857961] printk: legacy bootconsole [earlyser0] disabled
[    0.858840] Lock dependency validator: Copyright (c) 2006 Red Hat, Inc., Ingo Molnar
[    0.859450] ... MAX_LOCKDEP_SUBCLASSES:  8
[    0.859777] ... MAX_LOCK_DEPTH:          48
[    0.860112] ... MAX_LOCKDEP_KEYS:        8192
[    0.860463] ... CLASSHASH_SIZE:          4096
[    0.860807] ... MAX_LOCKDEP_ENTRIES:     524288
[    0.861172] ... MAX_LOCKDEP_CHAINS:      524288
[    0.861531] ... CHAINHASH_SIZE:          262144
[    0.861900]  memory used by lock dependency info: 54145 kB
[    0.862338]  memory used for stack traces: 4224 kB
[    0.862718]  per task-struct memory footprint: 1920 bytes
[    0.863242] ACPI: Core revision 20250807
[    0.863943] clocksource: hpet: mask: 0xffffffff max_cycles: 0xffffffff, max_idle_ns: 19112604467 ns
[    0.864832] APIC: Switch to symmetric I/O mode setup
[    0.865392] x2apic enabled
[    0.865951] APIC: Switched APIC routing to: physical x2apic
[    0.866411] kvm-guest: APIC: send_IPI_mask() replaced with kvm_send_ipi_mask()
[    0.866993] kvm-guest: APIC: send_IPI_mask_allbutself() replaced with kvm_send_ipi_mask_allbutself()
[    0.867719] kvm-guest: setup PV IPIs
[    0.868971] ..TIMER: vector=0x30 apic1=0 pin1=2 apic2=-1 pin2=-1
[    0.869469] clocksource: tsc-early: mask: 0xffffffffffffffff max_cycles: 0x12441513526, max_idle_ns: 440795239872 ns
[    0.870306] Calibrating delay loop (skipped) preset value.. 2534.40 BogoMIPS (lpj=5068800)
[    0.871101] CPU0: Thermal monitoring enabled (TM1)
[    0.871500] x86/cpu: User Mode Instruction Prevention (UMIP) activated
[    0.872122] Last level iTLB entries: 4KB 0, 2MB 0, 4MB 0
[    0.872542] Last level dTLB entries: 4KB 0, 2MB 0, 4MB 0, 1GB 0
[    0.874337] mitigations: Enabled attack vectors: user_kernel, user_user, guest_host, guest_guest, SMT mitigations: auto
[    0.875185] Speculative Store Bypass: Mitigation: Speculative Store Bypass disabled via prctl
[    0.875852] Spectre V2 : Mitigation: Enhanced / Automatic IBRS
[    0.876308] ITS: Mitigation: Aligned branch/return thunks
[    0.876741] Spectre V1 : Mitigation: usercopy/swapgs barriers and __user pointer sanitization
[    0.877406] Spectre V2 : WARNING: Unprivileged eBPF is enabled with eIBRS on, data leaks possible via Spectre v2 BHB attacks!
[    0.878300] Spectre V2 : Spectre v2 / PBRSB-eIBRS: Retire a single CALL on VMEXIT
[    0.878866] Spectre V2 : mitigation: Enabling conditional Indirect Branch Prediction Barrier
[    0.879501] active return thunk: its_return_thunk
[    0.879867] Spectre V2 : Spectre BHI mitigation: SW BHB clearing on syscall and VM exit
[    0.880498] x86/fpu: Supporting XSAVE feature 0x001: 'x87 floating point registers'
[    0.881095] x86/fpu: Supporting XSAVE feature 0x002: 'SSE registers'
[    0.881592] x86/fpu: Supporting XSAVE feature 0x004: 'AVX registers'
[    0.882295] x86/fpu: Supporting XSAVE feature 0x200: 'Protection Keys User registers'
[    0.882903] x86/fpu: xstate_offset[2]:  576, xstate_sizes[2]:  256
[    0.883387] x86/fpu: xstate_offset[9]:  832, xstate_sizes[9]:    8
[    0.883874] x86/fpu: Enabled xstate features 0x207, context size is 840 bytes, using 'compacted' format.
[    1.011093] Freeing SMP alternatives memory: 64K
[    1.011500] pid_max: default: 32768 minimum: 301
[    1.012140] LSM: initializing lsm=capability,yama,ima,evm
[    1.012667] Yama: becoming mindful.
[    1.013346] Mount-cache hash table entries: 4096 (order: 3, 32768 bytes, linear)
[    1.013913] Mountpoint-cache hash table entries: 4096 (order: 3, 32768 bytes, linear)
[    1.015947] Running RCU synchronous self tests
[    1.016281] Running RCU synchronous self tests
[    1.017033] smpboot: CPU0: Genuine Intel(R) 0000 @ (family: 0x6, model: 0xc6, stepping: 0x0)
[    1.018291] Performance Events: unsupported CPU family 6 model 198 no PMU driver, software events only.
[    1.018291] signal: max sigframe size: 3632
[    1.018291] rcu: Hierarchical SRCU implementation.
[    1.018291] rcu: 	Max phase no-delay instances is 1000.
[    1.018312] Timer migration: 1 hierarchy levels; 8 children per group; 1 crossnode level
[    1.030587] NMI watchdog: Perf NMI watchdog permanently disabled
[    1.031325] smp: Bringing up secondary CPUs ...
[    1.032421] smpboot: x86: Booting SMP configuration:
[    1.032827] .... node  #0, CPUs:      #1
[    1.034416] smp: Brought up 1 node, 2 CPUs
[    1.035172] smpboot: Total of 2 processors activated (5068.80 BogoMIPS)
[    1.035961] Memory: 1543364K/2096632K available (79857K kernel code, 15390K rwdata, 18460K rodata, 16232K init, 68408K bss, 541836K reserved, 0K cma-reserved)
[    1.038762] devtmpfs: initialized
[    1.039360] x86/mm: Memory block size: 128MB
[    1.051521] Running RCU synchronous self tests
[    1.051521] Running RCU synchronous self tests
[    1.054436] Running RCU Tasks wait API self tests
[    1.054703] Running RCU Tasks Rude wait API self tests
[    1.054814] Running RCU Tasks Trace wait API self tests
[    1.074369] clocksource: jiffies: mask: 0xffffffff max_cycles: 0xffffffff, max_idle_ns: 7645041785100000 ns
[    1.078371] posixtimers hash table entries: 1024 (order: 4, 73728 bytes, linear)
[    1.079077] futex hash table entries: 512 (65536 bytes on 1 NUMA nodes, total 64 KiB, linear).
[    1.080214] pinctrl core: initialized pinctrl subsystem
[    1.081850] 
[    1.081975] *************************************************************
[    1.082299] **     NOTICE NOTICE NOTICE NOTICE NOTICE NOTICE NOTICE    **
[    1.082810] **                                                         **
[    1.083320] **  IOMMU DebugFS SUPPORT HAS BEEN ENABLED IN THIS KERNEL  **
[    1.083832] **                                                         **
[    1.084345] ** This means that this kernel is built to expose internal **
[    1.084854] ** IOMMU data structures, which may compromise security on **
[    1.085384] ** your system.                                            **
[    1.085894] **                                                         **
[    1.086305] ** If you see this message and you are not debugging the   **
[    1.086817] ** kernel, report this immediately to your vendor!         **
[    1.087327] **                                                         **
[    1.087837] **     NOTICE NOTICE NOTICE NOTICE NOTICE NOTICE NOTICE    **
[    1.088347] *************************************************************
[    1.088952] PM: RTC time: 10:50:54, date: 2025-12-04
[    1.093670] NET: Registered PF_NETLINK/PF_ROUTE protocol family
[    1.095525] DMA: preallocated 256 KiB GFP_KERNEL pool for atomic allocations
[    1.096076] DMA: preallocated 256 KiB GFP_KERNEL|GFP_DMA pool for atomic allocations
[    1.096685] DMA: preallocated 256 KiB GFP_KERNEL|GFP_DMA32 pool for atomic allocations
[    1.097368] audit: initializing netlink subsys (disabled)
[    1.097827] audit: type=2000 audit(1764845454.660:1): state=initialized audit_enabled=0 res=1
[    1.097827] thermal_sys: Registered thermal governor 'fair_share'
[    1.097827] thermal_sys: Registered thermal governor 'bang_bang'
[    1.097827] thermal_sys: Registered thermal governor 'step_wise'
[    1.098303] thermal_sys: Registered thermal governor 'user_space'
[    1.098819] cpuidle: using governor ladder
[    1.099219] cpuidle: using governor menu
[    1.099219] acpiphp: ACPI Hot Plug PCI Controller Driver version: 0.5
[    1.100407] PCI: Using configuration type 1 for base access
[    1.102592] kprobes: kprobe jump-optimization is enabled. All kprobes are optimized if possible.
[    1.106881] Callback from call_rcu_tasks_trace() invoked.
[    1.226575] HugeTLB: registered 1.00 GiB page size, pre-allocated 0 pages
[    1.227120] HugeTLB: 16380 KiB vmemmap can be freed for a 1.00 GiB page
[    1.227660] HugeTLB: registered 2.00 MiB page size, pre-allocated 0 pages
[    1.228177] HugeTLB: 28 KiB vmemmap can be freed for a 2.00 MiB page
[    1.236851] ACPI: Added _OSI(Module Device)
[    1.237220] ACPI: Added _OSI(Processor Device)
[    1.237569] ACPI: Added _OSI(Processor Aggregator Device)
[    1.251521] ACPI: 1 ACPI AML tables successfully acquired and loaded
[    1.271540] ACPI: Interpreter enabled
[    1.272023] ACPI: PM: (supports S0 S3 S4 S5)
[    1.272377] ACPI: Using IOAPIC for interrupt routing
[    1.272881] PCI: Using host bridge windows from ACPI; if necessary, use "pci=nocrs" and report a bug
[    1.273612] PCI: Using E820 reservations for host bridge windows
[    1.275239] ACPI: Enabled 2 GPEs in block 00 to 0F
[    1.311599] ACPI: PCI Root Bridge [PCI0] (domain 0000 [bus 00-ff])
[    1.312181] acpi PNP0A03:00: _OSC: OS supports [ASPM ClockPM Segments MSI EDR HPX-Type3]
[    1.312822] acpi PNP0A03:00: _OSC: not requesting OS control; OS requires [ExtendedConfig ASPM ClockPM MSI]
[    1.313737] acpi PNP0A03:00: fail to add MMCONFIG information, can't access extended configuration space under this bridge
[    1.318537] acpiphp: Slot [3] registered
[    1.318977] acpiphp: Slot [4] registered
[    1.319453] acpiphp: Slot [5] registered
[    1.319893] acpiphp: Slot [6] registered
[    1.320319] acpiphp: Slot [7] registered
[    1.320752] acpiphp: Slot [8] registered
[    1.321210] acpiphp: Slot [9] registered
[    1.321639] acpiphp: Slot [10] registered
[    1.322076] acpiphp: Slot [11] registered
[    1.322418] acpiphp: Slot [12] registered
[    1.322881] acpiphp: Slot [13] registered
[    1.323329] acpiphp: Slot [14] registered
[    1.323769] acpiphp: Slot [15] registered
[    1.324210] acpiphp: Slot [16] registered
[    1.324688] acpiphp: Slot [17] registered
[    1.325125] acpiphp: Slot [18] registered
[    1.325557] acpiphp: Slot [19] registered
[    1.325993] acpiphp: Slot [20] registered
[    1.326448] acpiphp: Slot [21] registered
[    1.326886] acpiphp: Slot [22] registered
[    1.327320] acpiphp: Slot [23] registered
[    1.327754] acpiphp: Slot [24] registered
[    1.328213] acpiphp: Slot [25] registered
[    1.328659] acpiphp: Slot [26] registered
[    1.329090] acpiphp: Slot [27] registered
[    1.329543] acpiphp: Slot [28] registered
[    1.330003] acpiphp: Slot [29] registered
[    1.330452] acpiphp: Slot [30] registered
[    1.330892] acpiphp: Slot [31] registered
[    1.331283] PCI host bridge to bus 0000:00
[    1.331669] pci_bus 0000:00: root bus resource [io  0x0000-0x0cf7 window]
[    1.332217] pci_bus 0000:00: root bus resource [io  0x0d00-0xffff window]
[    1.332769] pci_bus 0000:00: root bus resource [mem 0x000a0000-0x000bffff window]
[    1.333367] pci_bus 0000:00: root bus resource [mem 0x80000000-0xfebfffff window]
[    1.333975] pci_bus 0000:00: root bus resource [mem 0x100000000-0x17fffffff window]
[    1.334346] pci_bus 0000:00: root bus resource [bus 00-ff]
[    1.334904] pci 0000:00:00.0: [8086:1237] type 00 class 0x060000 conventional PCI endpoint
[    1.343638] pci 0000:00:01.0: [8086:7000] type 00 class 0x060100 conventional PCI endpoint
[    1.345593] pci 0000:00:01.1: [8086:7010] type 00 class 0x010180 conventional PCI endpoint
[    1.346638] pci 0000:00:01.1: BAR 4 [io  0xc040-0xc04f]
[    1.347095] pci 0000:00:01.1: BAR 0 [io  0x01f0-0x01f7]: legacy IDE quirk
[    1.347636] pci 0000:00:01.1: BAR 1 [io  0x03f6]: legacy IDE quirk
[    1.348130] pci 0000:00:01.1: BAR 2 [io  0x0170-0x0177]: legacy IDE quirk
[    1.348668] pci 0000:00:01.1: BAR 3 [io  0x0376]: legacy IDE quirk
[    1.349698] pci 0000:00:01.3: [8086:7113] type 00 class 0x068000 conventional PCI endpoint
[    1.350571] pci 0000:00:01.3: quirk: [io  0x0600-0x063f] claimed by PIIX4 ACPI
[    1.351154] pci 0000:00:01.3: quirk: [io  0x0700-0x070f] claimed by PIIX4 SMB
[    1.352236] pci 0000:00:02.0: [1234:1111] type 00 class 0x030000 conventional PCI endpoint
[    1.371145] pci 0000:00:02.0: BAR 0 [mem 0xfd000000-0xfdffffff pref]
[    1.371793] pci 0000:00:02.0: BAR 2 [mem 0xfebf0000-0xfebf0fff]
[    1.372290] pci 0000:00:02.0: ROM [mem 0xfebe0000-0xfebeffff pref]
[    1.373177] pci 0000:00:02.0: Video device with shadowed ROM at [mem 0x000c0000-0x000dffff]
[    1.383707] pci 0000:00:03.0: [8086:100e] type 00 class 0x020000 conventional PCI endpoint
[    1.385917] pci 0000:00:03.0: BAR 0 [mem 0xfebc0000-0xfebdffff]
[    1.386312] pci 0000:00:03.0: BAR 1 [io  0xc000-0xc03f]
[    1.386750] pci 0000:00:03.0: ROM [mem 0xfeb80000-0xfebbffff pref]
[    1.407320] ACPI: PCI: Interrupt link LNKA configured for IRQ 10
[    1.408813] ACPI: PCI: Interrupt link LNKB configured for IRQ 10
[    1.410128] ACPI: PCI: Interrupt link LNKC configured for IRQ 11
[    1.411141] ACPI: PCI: Interrupt link LNKD configured for IRQ 11
[    1.411986] ACPI: PCI: Interrupt link LNKS configured for IRQ 9
[    1.418292] iommu: Default domain type: Translated
[    1.418292] iommu: DMA domain TLB invalidation policy: lazy mode
[    1.422599] SCSI subsystem initialized
[    1.423807] ACPI: bus type USB registered
[    1.424501] usbcore: registered new interface driver usbfs
[    1.425100] usbcore: registered new interface driver hub
[    1.425646] usbcore: registered new device driver usb
[    1.426650] pps_core: LinuxPPS API ver. 1 registered
[    1.427064] pps_core: Software ver. 5.3.6 - Copyright 2005-2007 Rodolfo Giometti <giometti@linux.it>
[    1.427859] PTP clock support registered
[    1.430292] EDAC MC: Ver: 3.0.0
[    1.433660] NetLabel: Initializing
[    1.433965] NetLabel:  domain hash size = 128
[    1.434306] NetLabel:  protocols = UNLABELED CIPSOv4 CALIPSO
[    1.435035] NetLabel:  unlabeled traffic allowed by default
[    1.439037] PCI: Using ACPI for IRQ routing
[    1.440193] pci 0000:00:02.0: vgaarb: setting as boot VGA device
[    1.440709] pci 0000:00:02.0: vgaarb: bridge control possible
[    1.441182] pci 0000:00:02.0: vgaarb: VGA device added: decodes=io+mem,owns=io+mem,locks=none
[    1.441864] vgaarb: loaded
[    1.443252] hpet0: at MMIO 0xfed00000, IRQs 2, 8, 0
[    1.443676] hpet0: 3 comparators, 64-bit 100.000000 MHz counter
[    1.446672] clocksource: Switched to clocksource kvm-clock
[    1.449069] VFS: Disk quotas dquot_6.6.0
[    1.449475] VFS: Dquot-cache hash table entries: 512 (order 0, 4096 bytes)
[    1.451938] pnp: PnP ACPI init
[    1.456390] pnp: PnP ACPI: found 6 devices
[    1.533582] clocksource: acpi_pm: mask: 0xffffff max_cycles: 0xffffff, max_idle_ns: 2085701024 ns
[    1.534947] NET: Registered PF_INET protocol family
[    1.536094] IP idents hash table entries: 32768 (order: 6, 262144 bytes, linear)
[    1.538772] tcp_listen_portaddr_hash hash table entries: 1024 (order: 4, 73728 bytes, linear)
[    1.539583] Table-perturb hash table entries: 65536 (order: 6, 262144 bytes, linear)
[    1.540305] TCP established hash table entries: 16384 (order: 5, 131072 bytes, linear)
[    1.541607] TCP bind hash table entries: 16384 (order: 9, 2359296 bytes, linear)
[    1.545023] TCP: Hash tables configured (established 16384 bind 16384)
[    1.545809] UDP hash table entries: 1024 (order: 6, 262144 bytes, linear)
[    1.546643] UDP-Lite hash table entries: 1024 (order: 6, 262144 bytes, linear)
[    1.547854] NET: Registered PF_UNIX/PF_LOCAL protocol family
[    1.549846] RPC: Registered named UNIX socket transport module.
[    1.550357] RPC: Registered udp transport module.
[    1.550771] RPC: Registered tcp transport module.
[    1.551164] RPC: Registered tcp-with-tls transport module.
[    1.551614] RPC: Registered tcp NFSv4.1 backchannel transport module.
[    1.552272] pci_bus 0000:00: resource 4 [io  0x0000-0x0cf7 window]
[    1.552788] pci_bus 0000:00: resource 5 [io  0x0d00-0xffff window]
[    1.553300] pci_bus 0000:00: resource 6 [mem 0x000a0000-0x000bffff window]
[    1.553861] pci_bus 0000:00: resource 7 [mem 0x80000000-0xfebfffff window]
[    1.554432] pci_bus 0000:00: resource 8 [mem 0x100000000-0x17fffffff window]
[    1.555415] pci 0000:00:01.0: PIIX3: Enabling Passive Release
[    1.555904] pci 0000:00:00.0: Limiting direct PCI/PCI transfers
[    1.556517] PCI: CLS 0 bytes, default 64
[    1.557634] ACPI: bus type thunderbolt registered
[    1.558611] clocksource: tsc: mask: 0xffffffffffffffff max_cycles: 0x12441513526, max_idle_ns: 440795239872 ns
[    3.528245] Initialise system trusted keyrings
[    3.528803] Key type blacklist registered
[    3.529597] workingset: timestamp_bits=36 max_order=19 bucket_order=0
[    3.533678] squashfs: version 4.0 (2009/01/31) Phillip Lougher
[    3.536275] NFS: Registering the id_resolver key type
[    3.536712] Key type id_resolver registered
[    3.537055] Key type id_legacy registered
[    3.537439] nfs4filelayout_init: NFSv4 File Layout Driver Registering...
[    3.538022] nfs4flexfilelayout_init: NFSv4 Flexfile Layout Driver Registering...
[    3.539059] fuse: init (API version 7.45)
[    3.540086] SGI XFS with ACLs, security attributes, realtime, quota, no debug enabled
[    3.542881] 9p: Installing v9fs 9p2000 file system support
[    3.552182] Callback from call_rcu_tasks() invoked.
[    3.557618] Key type asymmetric registered
[    3.557986] Asymmetric key parser 'x509' registered
[    3.558651] Block layer SCSI generic (bsg) driver version 0.4 loaded (major 241)
[    3.559852] io scheduler mq-deadline registered
[    3.560410] io scheduler bfq registered
[    3.561920] ledtrig-cpu: registered to indicate activity on CPUs
[    3.564430] IPMI message handler: version 39.2
[    3.564907] ipmi device interface
[    3.567913] input: Power Button as /devices/LNXSYSTM:00/LNXPWRBN:00/input/input0
[    3.569481] ACPI: button: Power Button [PWRF]
[    3.572411] ERST DBG: ERST support is disabled.
[    3.574543] Serial: 8250/16550 driver, 32 ports, IRQ sharing enabled
[    3.576461] 00:04: ttyS0 at I/O 0x3f8 (irq = 4, base_baud = 115200) is a 16550A
[    3.607455] Linux agpgart interface v0.103
[    3.610557] ACPI: bus type drm_connector registered
[    3.637685] brd: module loaded
[    3.655137] loop: module loaded
[    3.674346] scsi host0: ata_piix
[    3.677356] scsi host1: ata_piix
[    3.678186] ata1: PATA max MWDMA2 cmd 0x1f0 ctl 0x3f6 bmdma 0xc040 irq 14 lpm-pol 0
[    3.678806] ata2: PATA max MWDMA2 cmd 0x170 ctl 0x376 bmdma 0xc048 irq 15 lpm-pol 0
[    3.682875] tun: Universal TUN/TAP device driver, 1.6
[    3.684275] e100: Intel(R) PRO/100 Network Driver
[    3.684760] e100: Copyright(c) 1999-2006 Intel Corporation
[    3.685354] e1000: Intel(R) PRO/1000 Network Driver
[    3.685757] e1000: Copyright (c) 1999-2006 Intel Corporation.
[    3.836469] ata1: found unknown device (class 0)
[    3.837902] ata2: found unknown device (class 0)
[    3.840210] ata2.00: ATAPI: QEMU DVD-ROM, 2.5+, max UDMA/100
[    3.841610] ata1.00: ATA-7: QEMU HARDDISK, 2.5+, max UDMA/100
[    3.842667] ata1.00: 17196647 sectors, multi 16: LBA48 
[    3.846401] scsi 0:0:0:0: Direct-Access     ATA      QEMU HARDDISK    2.5+ PQ: 0 ANSI: 5
[    3.851976] sd 0:0:0:0: Attached scsi generic sg0 type 0
[    3.853547] sd 0:0:0:0: [sda] 17196647 512-byte logical blocks: (8.80 GB/8.20 GiB)
[    3.856553] sd 0:0:0:0: [sda] Write Protect is off
[    3.857723] sd 0:0:0:0: [sda] Write cache: enabled, read cache: enabled, doesn't support DPO or FUA
[    3.859406] scsi 1:0:0:0: CD-ROM            QEMU     QEMU DVD-ROM     2.5+ PQ: 0 ANSI: 5
[    3.861086] sd 0:0:0:0: [sda] Preferred minimum I/O size 512 bytes
[    3.888169] sd 0:0:0:0: [sda] Attached SCSI disk
[    3.897902] scsi 1:0:0:0: Attached scsi generic sg1 type 5
[    4.318536] ACPI: \_SB_.LNKC: Enabled at IRQ 11
[    4.627849] e1000 0000:00:03.0 eth0: (PCI:33MHz:32-bit) 52:54:00:12:34:56
[    4.628420] e1000 0000:00:03.0 eth0: Intel(R) PRO/1000 Network Connection
[    4.629165] e1000e: Intel(R) PRO/1000 Network Driver
[    4.629549] e1000e: Copyright(c) 1999 - 2015 Intel Corporation.
[    4.630144] igb: Intel(R) Gigabit Ethernet Network Driver
[    4.630559] igb: Copyright (c) 2007-2014 Intel Corporation.
[    4.631364] PPP generic driver version 2.4.2
[    4.634017] VFIO - User Level meta-driver version: 0.3
[    4.635732] usbcore: registered new interface driver uas
[    4.636343] usbcore: registered new interface driver usb-storage
[    4.637111] i8042: PNP: PS/2 Controller [PNP0303:KBD,PNP0f13:MOU] at 0x60,0x64 irq 1,12
[    4.639062] serio: i8042 KBD port at 0x60,0x64 irq 1
[    4.639592] serio: i8042 AUX port at 0x60,0x64 irq 12
[    4.641891] mousedev: PS/2 mouse device common for all mice
[    4.643738] input: AT Translated Set 2 keyboard as /devices/platform/i8042/serio0/input/input1
[    4.645095] rtc_cmos 00:05: RTC can wake from S4
[    4.646548] input: VirtualPS/2 VMware VMMouse as /devices/platform/i8042/serio1/input/input4
[    4.647568] rtc_cmos 00:05: registered as rtc0
[    4.648066] rtc_cmos 00:05: setting system clock to 2025-12-04T10:50:57 UTC (1764845457)
[    4.649088] rtc_cmos 00:05: alarms up to one day, y3k, 242 bytes nvram, hpet irqs
[    4.649357] input: VirtualPS/2 VMware VMMouse as /devices/platform/i8042/serio1/input/input3
[    4.649754] i2c_dev: i2c /dev entries driver
[    4.651055] device-mapper: core: CONFIG_IMA_DISABLE_HTABLE is disabled. Duplicate IMA measurements will not be recorded in the IMA log.
[    4.652056] device-mapper: uevent: version 1.0.3
[    4.653208] device-mapper: ioctl: 4.50.0-ioctl (2025-04-28) initialised: dm-devel@lists.linux.dev
[    4.653997] intel_pstate: CPU model not supported
[    4.654636] sdhci: Secure Digital Host Controller Interface driver
[    4.655118] sdhci: Copyright(c) Pierre Ossman
[    4.655692] sdhci-pltfm: SDHCI platform and OF driver helper
[    4.656781] drop_monitor: Initializing network drop monitor service
[    4.657710] NET: Registered PF_INET6 protocol family
[    4.660256] Segment Routing with IPv6
[    4.660631] In-situ OAM (IOAM) with IPv6
[    4.661028] NET: Registered PF_PACKET protocol family
[    4.662265] 9pnet: Installing 9P2000 support
[    4.662808] Key type dns_resolver registered
[    4.665346] IPI shorthand broadcast: enabled
[    4.749785] sched_clock: Marking stable (4732006612, 15945335)->(4753966710, -6014763)
[    4.751648] registered taskstats version 1
[    4.753535] Loading compiled-in X.509 certificates
[    4.824531] Demotion targets for Node 0: null
[    4.827178] Key type .fscrypt registered
[    4.827501] Key type fscrypt-provisioning registered
[    4.831631] Key type encrypted registered
[    4.832075] ima: No TPM chip found, activating TPM-bypass!
[    4.832518] ima: Allocated hash algorithm: sha1
[    4.832964] ima: No architecture policies found
[    4.833492] evm: Initialising EVM extended attributes:
[    4.833884] evm: security.selinux
[    4.834144] evm: security.SMACK64
[    4.834404] evm: security.SMACK64EXEC
[    4.834686] evm: security.SMACK64TRANSMUTE
[    4.834998] evm: security.SMACK64MMAP
[    4.835281] evm: security.apparmor
[    4.835534] evm: security.ima
[    4.835745] evm: security.capability
[    4.836025] evm: HMAC attrs: 0x1
[    4.838709] PM:   Magic number: 5:185:830
[    4.840229] RAS: Correctable Errors collector initialized.
[    4.840957] clk: Disabling unused clocks
[    4.841665] PM: genpd: Disabling unused power domains
[    4.843228] check access for rdinit=/init failed: -2, ignoring
[    4.843524] md: Waiting for all devices to be available before autodetect
[    4.843843] md: If you don't use raid, use raid=noautodetect
[    4.844264] md: Autodetecting RAID arrays.
[    4.844498] md: autorun ...
[    4.844649] md: ... autorun DONE.
[    4.859410] EXT4-fs (sda): mounted filesystem 088740a9-c8b4-422c-999d-a804eb68a4da ro with ordered data mode. Quota mode: none.
[    4.860162] VFS: Mounted root (ext4 filesystem) readonly on device 8:0.
[    4.864195] devtmpfs: mounted
[    4.884111] Freeing unused decrypted memory: 2036K
[    4.897866] Freeing unused kernel image (initmem) memory: 16232K
[    4.898424] Write protecting the kernel read-only data: 100352k
[    4.900154] Freeing unused kernel image (text/rodata gap) memory: 12K
[    4.903036] Freeing unused kernel image (rodata/data gap) memory: 2020K
[    4.964409] x86/mm: Checked W+X mappings: passed, no W+X pages found.
[    4.964811] Run /sbin/init as init process
[    5.205923] systemd[1]: systemd 252-15.el9 running in system mode (+PAM +AUDIT +SELINUX -APPARMOR +IMA +SMACK +SECCOMP +GCRYPT +GNUTLS +OPENSSL +ACL +BLKID +CURL +ELFUTILS -FIDO2 +IDN2 -IDN -IPTC +KMOD +LIBCRYPTSETUP +LIBFDISK +PCRE2 -PWQUALITY +P11KIT -QRENCODE +TPM2 +BZIP2 +LZ4 +XZ +ZLIB +ZSTD -BPF_FRAMEWORK +XKBCOMMON +UTMP +SYSVINIT default-hierarchy=unified)
[    5.207480] systemd[1]: Detected virtualization kvm.
[    5.207748] systemd[1]: Detected architecture x86-64.

Welcome to [0;31mCentOS Stream 9[0m!

[    5.216057] systemd[1]: Hostname set to <test>.
[    5.426556] systemd-rc-local-generator[119]: /etc/rc.d/rc.local is not marked executable, skipping.
[    5.858636] systemd[1]: Queued start job for default target Multi-User System.
[    5.883115] systemd[1]: Created slice Virtual Machine and Container Slice.
[[0;32m  OK  [0m] Created slice [0;1;39mVirtual Machine and Container Slice[0m.
[    5.888321] systemd[1]: Created slice Slice /system/getty.
[[0;32m  OK  [0m] Created slice [0;1;39mSlice /system/getty[0m.
[    5.890946] systemd[1]: Created slice Slice /system/modprobe.
[[0;32m  OK  [0m] Created slice [0;1;39mSlice /system/modprobe[0m.
[    5.893601] systemd[1]: Created slice Slice /system/serial-getty.
[[0;32m  OK  [0m] Created slice [0;1;39mSlice /system/serial-getty[0m.
[    5.896249] systemd[1]: Created slice Slice /system/sshd-keygen.
[[0;32m  OK  [0m] Created slice [0;1;39mSlice /system/sshd-keygen[0m.
[    5.899181] systemd[1]: Created slice User and Session Slice.
[[0;32m  OK  [0m] Created slice [0;1;39mUser and Session Slice[0m.
[    5.900843] systemd[1]: Started Forward Password Requests to Wall Directory Watch.
[[0;32m  OK  [0m] Started [0;1;39mForward Password R…uests to Wall Directory Watch[0m.
[    5.903136] systemd[1]: Set up automount Arbitrary Executable File Formats File System Automount Point.
[[0;32m  OK  [0m] Set up automount [0;1;39mArbitrary…s File System Automount Point[0m.
[    5.904638] systemd[1]: Reached target Local Integrity Protected Volumes.
[[0;32m  OK  [0m] Reached target [0;1;39mLocal Integrity Protected Volumes[0m.
[    5.905895] systemd[1]: Reached target Slice Units.
[[0;32m  OK  [0m] Reached target [0;1;39mSlice Units[0m.
[    5.906784] systemd[1]: Reached target Swaps.
[[0;32m  OK  [0m] Reached target [0;1;39mSwaps[0m.
[    5.907734] systemd[1]: Reached target Local Verity Protected Volumes.
[[0;32m  OK  [0m] Reached target [0;1;39mLocal Verity Protected Volumes[0m.
[    5.909191] systemd[1]: Listening on Device-mapper event daemon FIFOs.
[[0;32m  OK  [0m] Listening on [0;1;39mDevice-mapper event daemon FIFOs[0m.
[    5.911238] systemd[1]: Listening on LVM2 poll daemon socket.
[[0;32m  OK  [0m] Listening on [0;1;39mLVM2 poll daemon socket[0m.
[    5.912431] systemd[1]: multipathd control socket was skipped because of an unmet condition check (ConditionPathExists=/etc/multipath.conf).
[    5.955431] systemd[1]: Listening on RPCbind Server Activation Socket.
[[0;32m  OK  [0m] Listening on [0;1;39mRPCbind Server Activation Socket[0m.
[    5.956802] systemd[1]: Reached target RPC Port Mapper.
[[0;32m  OK  [0m] Reached target [0;1;39mRPC Port Mapper[0m.
[    5.960157] systemd[1]: Listening on Process Core Dump Socket.
[[0;32m  OK  [0m] Listening on [0;1;39mProcess Core Dump Socket[0m.
[    5.962173] systemd[1]: Listening on initctl Compatibility Named Pipe.
[[0;32m  OK  [0m] Listening on [0;1;39minitctl Compatibility Named Pipe[0m.
[    5.964116] systemd[1]: Listening on Journal Socket (/dev/log).
[[0;32m  OK  [0m] Listening on [0;1;39mJournal Socket (/dev/log)[0m.
[    5.966176] systemd[1]: Listening on Journal Socket.
[[0;32m  OK  [0m] Listening on [0;1;39mJournal Socket[0m.
[    5.968069] systemd[1]: Listening on udev Control Socket.
[[0;32m  OK  [0m] Listening on [0;1;39mudev Control Socket[0m.
[    5.969733] systemd[1]: Listening on udev Kernel Socket.
[[0;32m  OK  [0m] Listening on [0;1;39mudev Kernel Socket[0m.
[    5.975680] systemd[1]: Mounting Huge Pages File System...
         Mounting [0;1;39mHuge Pages File System[0m...
[    5.981559] systemd[1]: Mounting POSIX Message Queue File System...
         Mounting [0;1;39mPOSIX Message Queue File System[0m...
[    5.991646] systemd[1]: Mounting Kernel Debug File System...
         Mounting [0;1;39mKernel Debug File System[0m...
[    6.000960] systemd[1]: Mounting Kernel Trace File System...
         Mounting [0;1;39mKernel Trace File System[0m...
[    6.002067] systemd[1]: Kernel Module supporting RPCSEC_GSS was skipped because of an unmet condition check (ConditionPathExists=/etc/krb5.keytab).
[    6.002825] systemd[1]: Create List of Static Device Nodes was skipped because of an unmet condition check (ConditionFileNotEmpty=/lib/modules/6.18.0-rc3-aef5de756ea8+/modules.devname).
[    6.009736] systemd[1]: Starting Monitoring of LVM2 mirrors, snapshots etc. using dmeventd or progress polling...
         Starting [0;1;39mMonitoring of LVM…meventd or progress polling[0m...
[    6.017249] systemd[1]: Starting Load Kernel Module configfs...
         Starting [0;1;39mLoad Kernel Module configfs[0m...
[    6.024633] systemd[1]: Starting Load Kernel Module drm...
         Starting [0;1;39mLoad Kernel Module drm[0m...
[    6.036871] systemd[1]: Starting Load Kernel Module fuse...
         Starting [0;1;39mLoad Kernel Module fuse[0m...
[    6.045369] systemd[1]: Starting Read and set NIS domainname from /etc/sysconfig/network...
         Starting [0;1;39mRead and set NIS …from /etc/sysconfig/network[0m...
[    6.061340] systemd[1]: Starting Journal Service...
         Starting [0;1;39mJournal Service[0m...
[    6.086869] systemd[1]: Starting Load Kernel Modules...
         Starting [0;1;39mLoad Kernel Modules[0m...
[    6.111038] systemd[1]: Starting Generate network units from Kernel command line...
         Starting [0;1;39mGenerate network …ts from Kernel command line[0m...
[    6.120696] systemd[1]: Starting Remount Root and Kernel File Systems...
         Starting [0;1;39mRemount Root and Kernel File Systems[0m...
[    6.124157] systemd[1]: Repartition Root Disk was skipped because no trigger condition checks were met.
[    6.137290] systemd[1]: Starting Coldplug All udev Devices...
         Starting [0;1;39mColdplug All udev Devices[0m...
[    6.165062] systemd[1]: Mounted Huge Pages File System.
[[0;32m  OK  [0m] Mounted [0;1;39mHuge Pages File System[0m.
[    6.168555] systemd[1]: Mounted POSIX Message Queue File System.
[[0;32m  OK  [0m] Mounted [0;1;39mPOSIX Message Queue File System[0m.
[    6.169868] systemd[1]: Mounted Kernel Debug File System.
[[0;32m  OK  [0m] Mounted [0;1;39mKernel Debug File System[0m.
[    6.176666] systemd[1]: Mounted Kernel Trace File System.
[[0;32m  OK  [0m] Mounted [0;1;39mKernel Trace File System[0m.
[    6.179157] systemd[1]: Finished Monitoring of LVM2 mirrors, snapshots etc. using dmeventd or progress polling.
[[0;32m  OK  [0m] Finished [0;1;39mMonitoring of LVM… dmeventd or progress polling[0m.
[    6.219322] systemd[1]: Started Journal Service.
[[0;32m  OK  [0m] Started [0;1;39mJournal Service[0m.
[    6.222876] EXT4-fs (sda): re-mounted 088740a9-c8b4-422c-999d-a804eb68a4da r/w.
[[0;32m  OK  [0m] Finished [0;1;39mLoad Kernel Module configfs[0m.
[[0;32m  OK  [0m] Finished [0;1;39mLoad Kernel Module drm[0m.
[[0;32m  OK  [0m] Finished [0;1;39mLoad Kernel Module fuse[0m.
[[0;32m  OK  [0m] Finished [0;1;39mRead and set NIS …e from /etc/sysconfig/network[0m.
[[0;1;31mFAILED[0m] Failed to start [0;1;39mLoad Kernel Modules[0m.
See 'systemctl status systemd-modules-load.service' for details.
[[0;32m  OK  [0m] Finished [0;1;39mGenerate network units from Kernel command line[0m.
[[0;32m  OK  [0m] Finished [0;1;39mRemount Root and Kernel File Systems[0m.
[[0;32m  OK  [0m] Reached target [0;1;39mPreparation for Network[0m.
         Mounting [0;1;39mFUSE Control File System[0m...
         Mounting [0;1;39mKernel Configuration File System[0m...
         Starting [0;1;39mFlush Journal to Persistent Storage[0m...
         Starting [0;1;39mLoad/Save Random Seed[0m...
         Starting [0;1;39mApply Kernel Variables[0m...
[    6.350765] systemd-journald[141]: Received client request to flush runtime journal.
         Starting [0;1;39mCreate Static Device Nodes in /dev[0m...
         Starting [0;1;39mSetup Virtual Console[0m...
[[0;32m  OK  [0m] Mounted [0;1;39mFUSE Control File System[0m.
[[0;32m  OK  [0m] Mounted [0;1;39mKernel Configuration File System[0m.
[[0;32m  OK  [0m] Finished [0;1;39mFlush Journal to Persistent Storage[0m.
[[0;32m  OK  [0m] Finished [0;1;39mApply Kernel Variables[0m.
[[0;32m  OK  [0m] Finished [0;1;39mLoad/Save Random Seed[0m.
[[0;32m  OK  [0m] Finished [0;1;39mCreate Static Device Nodes in /dev[0m.
         Starting [0;1;39mRule-based Manage…for Device Events and Files[0m...
[[0;32m  OK  [0m] Started [0;1;39mRule-based Manager for Device Events and Files[0m.
         Starting [0;1;39mAuto-connect to s…E devices found during boot[0m...
[[0;32m  OK  [0m] Finished [0;1;39mColdplug All udev Devices[0m.
         Starting [0;1;39mWait for udev To …plete Device Initialization[0m...
[[0;32m  OK  [0m] Finished [0;1;39mAuto-connect to s…VME devices found during boot[0m.
[[0;32m  OK  [0m] Finished [0;1;39mSetup Virtual Console[0m.
[[0;32m  OK  [0m] Started [0;1;39mDispatch Password …ts to Console Directory Watch[0m.
[[0;32m  OK  [0m] Reached target [0;1;39mLocal Encrypted Volumes[0m.
[[0;32m  OK  [0m] Reached target [0;1;39mPath Units[0m.
[[0;32m  OK  [0m] Found device [0;1;39m/dev/ttyS0[0m.
[[0;32m  OK  [0m] Listening on [0;1;39mLoad/Save RF …itch Status /dev/rfkill Watch[0m.
[[0;32m  OK  [0m] Finished [0;1;39mWait for udev To Complete Device Initialization[0m.
[[0;32m  OK  [0m] Reached target [0;1;39mPreparation for Local File Systems[0m.
[[0;32m  OK  [0m] Reached target [0;1;39mLocal File Systems[0m.
         Starting [0;1;39mTell Plymouth To Write Out Runtime Data[0m...
         Starting [0;1;39mAutomatic Boot Loader Update[0m...
         Starting [0;1;39mCreate Volatile Files and Directories[0m...
[[0;32m  OK  [0m] Finished [0;1;39mTell Plymouth To Write Out Runtime Data[0m.
[[0;32m  OK  [0m] Finished [0;1;39mAutomatic Boot Loader Update[0m.
[[0;32m  OK  [0m] Finished [0;1;39mCreate Volatile Files and Directories[0m.
         Mounting [0;1;39mRPC Pipe File System[0m...
         Starting [0;1;39mSecurity Auditing Service[0m...
         Starting [0;1;39mRPC Bind[0m...
[[0;32m  OK  [0m] Mounted [0;1;39mRPC Pipe File System[0m.
[[0;32m  OK  [0m] Reached target [0;1;39mrpc_pipefs.target[0m.
[[0;32m  OK  [0m] Started [0;1;39mRPC Bind[0m.
[[0;32m  OK  [0m] Started [0;1;39mSecurity Auditing Service[0m.
         Starting [0;1;39mRecord System Boot/Shutdown in UTMP[0m...
[[0;32m  OK  [0m] Finished [0;1;39mRecord System Boot/Shutdown in UTMP[0m.
[[0;32m  OK  [0m] Reached target [0;1;39mSystem Initialization[0m.
[[0;32m  OK  [0m] Started [0;1;39mDaily rotation of log files[0m.
[[0;32m  OK  [0m] Started [0;1;39mUpdates mlocate database every day[0m.
[[0;32m  OK  [0m] Started [0;1;39mDaily Cleanup of Temporary Directories[0m.
[[0;32m  OK  [0m] Started [0;1;39mdaily update of the root trust anchor for DNSSEC[0m.
[[0;32m  OK  [0m] Reached target [0;1;39mTimer Units[0m.
[[0;32m  OK  [0m] Listening on [0;1;39mD-Bus System Message Bus Socket[0m.
[[0;32m  OK  [0m] Listening on [0;1;39mOpen-iSCSI iscsid Socket[0m.
[[0;32m  OK  [0m] Listening on [0;1;39mOpen-iSCSI iscsiuio Socket[0m.
[[0;32m  OK  [0m] Listening on [0;1;39mSSSD Kerberos…ache Manager responder socket[0m.
[[0;32m  OK  [0m] Listening on [0;1;39mLibvirt interface local socket[0m.
[[0;32m  OK  [0m] Listening on [0;1;39mVirtual machine lock manager socket[0m.
[[0;32m  OK  [0m] Listening on [0;1;39mVirtual machine log manager socket[0m.
[[0;32m  OK  [0m] Listening on [0;1;39mLibvirt network local socket[0m.
[[0;32m  OK  [0m] Listening on [0;1;39mLibvirt nodedev local socket[0m.
[[0;32m  OK  [0m] Listening on [0;1;39mLibvirt nwfilter local socket[0m.
[[0;32m  OK  [0m] Listening on [0;1;39mLibvirt proxy local socket[0m.
[[0;32m  OK  [0m] Listening on [0;1;39mLibvirt qemu local socket[0m.
[[0;32m  OK  [0m] Listening on [0;1;39mLibvirt qemu admin socket[0m.
[[0;32m  OK  [0m] Listening on [0;1;39mLibvirt qemu local read-only socket[0m.
[[0;32m  OK  [0m] Listening on [0;1;39mLibvirt secret local socket[0m.
[[0;32m  OK  [0m] Listening on [0;1;39mLibvirt storage local socket[0m.
[[0;32m  OK  [0m] Reached target [0;1;39mSocket Units[0m.
         Starting [0;1;39mD-Bus System Message Bus[0m...
[[0;32m  OK  [0m] Started [0;1;39mD-Bus System Message Bus[0m.
[[0;32m  OK  [0m] Reached target [0;1;39mBasic System[0m.
         Starting [0;1;39mNetwork Manager[0m...
         Starting [0;1;39mNTP client/server[0m...
         Starting [0;1;39mRestore /run/initramfs on shutdown[0m...
[[0;32m  OK  [0m] Started [0;1;39mirqbalance daemon[0m.
[[0;32m  OK  [0m] Started [0;1;39mlibstoragemgmt plug-in server daemon[0m.
[[0;32m  OK  [0m] Started [0;1;39mMachine Check Exception Logging Daemon[0m.
[[0;32m  OK  [0m] Reached target [0;1;39msshd-keygen.target[0m.
[[0;32m  OK  [0m] Reached target [0;1;39mUser and Group Name Lookups[0m.
         Starting [0;1;39mUser Login Management[0m...
         Starting [0;1;39mVirtual Machine a…tainer Registration Service[0m...
         Starting [0;1;39mupdate of the roo…NSSEC validation in unbound[0m...
         Starting [0;1;39mRotate log files[0m...
[[0;32m  OK  [0m] Started [0;1;39mUpdate a database for mlocate[0m.
[[0;32m  OK  [0m] Started [0;1;39mNTP client/server[0m.
[[0;32m  OK  [0m] Finished [0;1;39mRestore /run/initramfs on shutdown[0m.
[[0;32m  OK  [0m] Started [0;1;39mVirtual Machine an…ontainer Registration Service[0m.
         Starting [0;1;39mHostname Service[0m...
[[0;32m  OK  [0m] Started [0;1;39mUser Login Management[0m.
[[0;32m  OK  [0m] Finished [0;1;39mupdate of the roo… DNSSEC validation in unbound[0m.
[[0;32m  OK  [0m] Started [0;1;39mHostname Service[0m.
         Starting [0;1;39mNetwork Manager Script Dispatcher Service[0m...
[[0;32m  OK  [0m] Started [0;1;39mNetwork Manager Script Dispatcher Service[0m.
[[0;32m  OK  [0m] Finished [0;1;39mRotate log files[0m.
[    9.876189] e1000: eth0 NIC Link is Up 1000 Mbps Full Duplex, Flow Control: RX
[[0;32m  OK  [0m] Started [0;1;39mNetwork Manager[0m.
[[0;32m  OK  [0m] Reached target [0;1;39mNetwork[0m.
[[0;32m  OK  [0m] Reached target [0;1;39mNetwork is Online[0m.
         Starting [0;1;39mGSSAPI Proxy Daemon[0m...
         Starting [0;1;39mNotify NFS peers of a restart[0m...
         Starting [0;1;39mSystem Logging Service[0m...
         Starting [0;1;39mOpenSSH server daemon[0m...
         Starting [0;1;39mDynamic System Tuning Daemon[0m...
[[0;32m  OK  [0m] Started [0;1;39mNotify NFS peers of a restart[0m.
[[0;32m  OK  [0m] Started [0;1;39mGSSAPI Proxy Daemon[0m.
[[0;32m  OK  [0m] Reached target [0;1;39mNFS client services[0m.
[[0;32m  OK  [0m] Reached target [0;1;39mPreparation for Remote File Systems[0m.
[[0;32m  OK  [0m] Reached target [0;1;39mRemote File Systems[0m.
         Starting [0;1;39mPermit User Sessions[0m...
         Starting [0;1;39mVirtualization qemu daemon[0m...
[[0;32m  OK  [0m] Started [0;1;39mOpenSSH server daemon[0m.
[[0;32m  OK  [0m] Finished [0;1;39mPermit User Sessions[0m.
[[0;32m  OK  [0m] Started [0;1;39mDeferred execution scheduler[0m.
[[0;32m  OK  [0m] Started [0;1;39mCommand Scheduler[0m.
         Starting [0;1;39mHold until boot process finishes up[0m...
         Starting [0;1;39mTerminate Plymouth Boot Screen[0m...
[[0;32m  OK  [0m] Started [0;1;39mSystem Logging Service[0m.
[[0;32m  OK  [0m] Finished [0;1;39mHold until boot process finishes up[0m.
[[0;32m  OK  [0m] Started [0;1;39mGetty on tty1[0m.
[[0;32m  OK  [0m] Started [0;1;39mSerial Getty on ttyS0[0m.
[[0;32m  OK  [0m] Reached target [0;1;39mLogin Prompts[0m.
[[0;32m  OK  [0m] Started [0;1;39mVirtualization qemu daemon[0m.
[[0;32m  OK  [0m] Finished [0;1;39mTerminate Plymouth Boot Screen[0m.
         Starting [0;1;39mAuthorization Manager[0m...
[[0;32m  OK  [0m] Started [0;1;39mAuthorization Manager[0m.
[[0;32m  OK  [0m] Started [0;1;39mDynamic System Tuning Daemon[0m.
[[0;32m  OK  [0m] Reached target [0;1;39mMulti-User System[0m.
         Starting [0;1;39mRecord Runlevel Change in UTMP[0m...
[[0;32m  OK  [0m] Finished [0;1;39mRecord Runlevel Change in UTMP[0m.

CentOS Stream 9
Kernel 6.18.0-rc3-aef5de756ea8+ on an x86_64

Activate the web console with: systemctl enable --now cockpit.socket

test login: 