c[?7l[2J[0mSeaBIOS (version rel-1.16.0-0-gd239552ce722-prebuilt.qemu.org)


iPXE (http://ipxe.org) 00:03.0 CA00 PCI2.10 PnP PMM+7FF91000+7FEF1000 CA00
Press Ctrl-B to configure iPXE (PCI 00:03.0)...                                                                               


Booting from ROM...
c[?7l[2J[    0.000000] Linux version 6.18.0-next-20251203-b2c27842ba85 (root@p-arls02) (gcc (GCC) 11.5.0 20240719 (Red Hat 11.5.0-14), GNU ld version 2.35.2-68.el9) #1 SMP PREEMPT_DYNAMIC Thu Dec  4 10:25:26 CST 2025
[    0.000000] Command line: console=ttyS0 root=/dev/sda earlyprintk=serial net.ifnames=0 plymouth.enable=0
[    0.000000] KERNEL supported cpus:
[    0.000000]   Intel GenuineIntel
[    0.000000]   AMD AuthenticAMD
[    0.000000]   Hygon HygonGenuine
[    0.000000]   Centaur CentaurHauls
[    0.000000]   zhaoxin   Shanghai  
[    0.000000] x86/CPU: Model not found in latest microcode list
[    0.000000] x86/split lock detection: #DB: warning on user-space bus_locks
[    0.000000] BIOS-provided physical RAM map:
[    0.000000] BIOS-e820: [mem 0x0000000000000000-0x000000000009fbff] usable
[    0.000000] BIOS-e820: [mem 0x000000000009fc00-0x000000000009ffff] reserved
[    0.000000] BIOS-e820: [mem 0x00000000000f0000-0x00000000000fffff] reserved
[    0.000000] BIOS-e820: [mem 0x0000000000100000-0x000000007ffdffff] usable
[    0.000000] BIOS-e820: [mem 0x000000007ffe0000-0x000000007fffffff] reserved
[    0.000000] BIOS-e820: [mem 0x00000000feffc000-0x00000000feffffff] reserved
[    0.000000] BIOS-e820: [mem 0x00000000fffc0000-0x00000000ffffffff] reserved
[    0.000000] printk: legacy bootconsole [earlyser0] enabled
[    0.000000] NX (Execute Disable) protection: active
[    0.000000] APIC: Static calls initialized
[    0.000000] SMBIOS 2.8 present.
[    0.000000] DMI: QEMU Standard PC (i440FX + PIIX, 1996), BIOS rel-1.16.0-0-gd239552ce722-prebuilt.qemu.org 04/01/2014
[    0.000000] DMI: Memory slots populated: 1/1
[    0.000000] Hypervisor detected: KVM
[    0.000000] last_pfn = 0x7ffe0 max_arch_pfn = 0x400000000
[    0.000000] kvm-clock: Using msrs 4b564d01 and 4b564d00
[    0.000003] kvm-clock: using sched offset of 1637150885 cycles
[    0.000469] clocksource: kvm-clock: mask: 0xffffffffffffffff max_cycles: 0x1cd42e4dffb, max_idle_ns: 881590591483 ns
[    0.001930] tsc: Detected 1267.200 MHz processor
[    0.009294] last_pfn = 0x7ffe0 max_arch_pfn = 0x400000000
[    0.009814] MTRR map: 4 entries (3 fixed + 1 variable; max 19), built from 8 variable MTRRs
[    0.010568] x86/PAT: Configuration [0-7]: WB  WC  UC- UC  WB  WP  UC- WT  
[    0.021721] found SMP MP-table at [mem 0x000f5ba0-0x000f5baf]
[    0.022269] Using GB pages for direct mapping
[    0.024777] ACPI: Early table checksum verification disabled
[    0.025296] ACPI: RSDP 0x00000000000F59C0 000014 (v00 BOCHS )
[    0.025831] ACPI: RSDT 0x000000007FFE1951 000034 (v01 BOCHS  BXPC     00000001 BXPC 00000001)
[    0.026615] ACPI: FACP 0x000000007FFE17FD 000074 (v01 BOCHS  BXPC     00000001 BXPC 00000001)
[    0.027407] ACPI: DSDT 0x000000007FFE0040 0017BD (v01 BOCHS  BXPC     00000001 BXPC 00000001)
[    0.028188] ACPI: FACS 0x000000007FFE0000 000040
[    0.028617] ACPI: APIC 0x000000007FFE1871 000080 (v01 BOCHS  BXPC     00000001 BXPC 00000001)
[    0.029397] ACPI: HPET 0x000000007FFE18F1 000038 (v01 BOCHS  BXPC     00000001 BXPC 00000001)
[    0.030174] ACPI: WAET 0x000000007FFE1929 000028 (v01 BOCHS  BXPC     00000001 BXPC 00000001)
[    0.030947] ACPI: Reserving FACP table memory at [mem 0x7ffe17fd-0x7ffe1870]
[    0.031582] ACPI: Reserving DSDT table memory at [mem 0x7ffe0040-0x7ffe17fc]
[    0.032219] ACPI: Reserving FACS table memory at [mem 0x7ffe0000-0x7ffe003f]
[    0.032851] ACPI: Reserving APIC table memory at [mem 0x7ffe1871-0x7ffe18f0]
[    0.033522] ACPI: Reserving HPET table memory at [mem 0x7ffe18f1-0x7ffe1928]
[    0.034156] ACPI: Reserving WAET table memory at [mem 0x7ffe1929-0x7ffe1950]
[    0.035324] No NUMA configuration found
[    0.035661] Faking a node at [mem 0x0000000000000000-0x000000007ffdffff]
[    0.036303] NODE_DATA(0) allocated [mem 0x7ffb4ec0-0x7ffdfcbf]
[    0.037489] Zone ranges:
[    0.037710]   DMA      [mem 0x0000000000001000-0x0000000000ffffff]
[    0.038269]   DMA32    [mem 0x0000000001000000-0x000000007ffdffff]
[    0.038826]   Normal   empty
[    0.039096]   Device   empty
[    0.039359] Movable zone start for each node
[    0.039754] Early memory node ranges
[    0.040078]   node   0: [mem 0x0000000000001000-0x000000000009efff]
[    0.040641]   node   0: [mem 0x0000000000100000-0x000000007ffdffff]
[    0.041205] Initmem setup node 0 [mem 0x0000000000001000-0x000000007ffdffff]
[    0.042271] On node 0, zone DMA: 1 pages in unavailable ranges
[    0.043118] On node 0, zone DMA: 97 pages in unavailable ranges
[    0.141806] On node 0, zone DMA32: 32 pages in unavailable ranges
[    0.795629] KernelAddressSanitizer initialized (generic)
[    0.796444] ACPI: PM-Timer IO Port: 0x608
[    0.796834] ACPI: LAPIC_NMI (acpi_id[0xff] dfl dfl lint[0x1])
[    0.797421] IOAPIC[0]: apic_id 0, version 17, address 0xfec00000, GSI 0-23
[    0.798051] ACPI: INT_SRC_OVR (bus 0 bus_irq 0 global_irq 2 dfl dfl)
[    0.798605] ACPI: INT_SRC_OVR (bus 0 bus_irq 5 global_irq 5 high level)
[    0.799180] ACPI: INT_SRC_OVR (bus 0 bus_irq 9 global_irq 9 high level)
[    0.799754] ACPI: INT_SRC_OVR (bus 0 bus_irq 10 global_irq 10 high level)
[    0.800344] ACPI: INT_SRC_OVR (bus 0 bus_irq 11 global_irq 11 high level)
[    0.800943] ACPI: Using ACPI (MADT) for SMP configuration information
[    0.801504] ACPI: HPET id: 0x8086a201 base: 0xfed00000
[    0.801964] TSC deadline timer available
[    0.802313] CPU topo: Max. logical packages:   1
[    0.802712] CPU topo: Max. logical dies:       1
[    0.803112] CPU topo: Max. dies per package:   1
[    0.803516] CPU topo: Max. threads per core:   1
[    0.803915] CPU topo: Num. cores per package:     2
[    0.804339] CPU topo: Num. threads per package:   2
[    0.804759] CPU topo: Allowing 2 present CPUs plus 0 hotplug CPUs
[    0.805369] kvm-guest: APIC: eoi() replaced with kvm_guest_apic_eoi_write()
[    0.806013] kvm-guest: KVM setup pv remote TLB flush
[    0.806446] kvm-guest: setup PV sched yield
[    0.806866] PM: hibernation: Registered nosave memory: [mem 0x00000000-0x00000fff]
[    0.807526] PM: hibernation: Registered nosave memory: [mem 0x0009f000-0x000fffff]
[    0.808184] [mem 0x80000000-0xfeffbfff] available for PCI devices
[    0.808711] Booting paravirtualized kernel on KVM
[    0.809136] clocksource: refined-jiffies: mask: 0xffffffff max_cycles: 0xffffffff, max_idle_ns: 7645519600211568 ns
[    0.810057] setup_percpu: NR_CPUS:8192 nr_cpumask_bits:2 nr_cpu_ids:2 nr_node_ids:1
[    0.813361] percpu: Embedded 81 pages/cpu s294912 r8192 d28672 u1048576
[    0.814140] kvm-guest: PV spinlocks enabled
[    0.814506] PV qspinlock hash table entries: 256 (order: 0, 4096 bytes, linear)
[    0.815159] Kernel command line: net.ifnames=0 console=ttyS0 root=/dev/sda earlyprintk=serial net.ifnames=0 plymouth.enable=0
[    0.816523] random: crng init done
[    0.816832] printk: log buffer data + meta data: 262144 + 917504 = 1179648 bytes
[    0.819575] Dentry cache hash table entries: 262144 (order: 9, 2097152 bytes, linear)
[    0.821405] Inode-cache hash table entries: 131072 (order: 8, 1048576 bytes, linear)
[    0.822487] Fallback order for Node 0: 0 
[    0.822500] Built 1 zonelists, mobility grouping on.  Total pages: 524158
[    0.823404] Policy zone: DMA32
[    0.823663] mem auto-init: stack:off, heap alloc:off, heap free:off
[    0.824189] stackdepot: allocating hash table via alloc_large_system_hash
[    0.824764] stackdepot hash table entries: 1048576 (order: 12, 16777216 bytes, linear)
[    0.841658] stackdepot: allocating space for 8192 stack pools via memblock
[    0.971237] SLUB: HWalign=64, Order=0-3, MinObjects=0, CPUs=2, Nodes=1
[    0.971830] kmemleak: Kernel memory leak detector disabled
[    1.015760] ftrace: allocating 75232 entries in 296 pages
[    1.016257] ftrace: allocated 296 pages with 3 groups
[    1.022788] Dynamic Preempt: voluntary
[    1.023722] Running RCU self tests
[    1.024029] Running RCU synchronous self tests
[    1.024416] rcu: Preemptible hierarchical RCU implementation.
[    1.024911] rcu: 	RCU lockdep checking is enabled.
[    1.025330] rcu: 	RCU restricting CPUs from NR_CPUS=8192 to nr_cpu_ids=2.
[    1.025911] 	Trampoline variant of Tasks RCU enabled.
[    1.026353] 	Rude variant of Tasks RCU enabled.
[    1.026745] 	Tracing variant of Tasks RCU enabled.
[    1.027160] rcu: RCU calculated value of scheduler-enlistment delay is 25 jiffies.
[    1.027811] rcu: Adjusting geometry for rcu_fanout_leaf=16, nr_cpu_ids=2
[    1.028489] Running RCU synchronous self tests
[    1.028879] RCU Tasks: Setting shift to 1 and lim to 1 rcu_task_cb_adjust=1 rcu_task_cpu_ids=2.
[    1.029619] RCU Tasks Rude: Setting shift to 1 and lim to 1 rcu_task_cb_adjust=1 rcu_task_cpu_ids=2.
[    1.030410] RCU Tasks Trace: Setting shift to 1 and lim to 1 rcu_task_cb_adjust=1 rcu_task_cpu_ids=2.
[    1.105139] NR_IRQS: 524544, nr_irqs: 440, preallocated irqs: 16
[    1.106287] rcu: srcu_init: Setting srcu_struct sizes based on contention.
[    1.114276] Console: colour VGA+ 80x25
[    1.114713] printk: legacy console [ttyS0] enabled
[    1.114713] printk: legacy console [ttyS0] enabled
[    1.115566] printk: legacy bootconsole [earlyser0] disabled
[    1.115566] printk: legacy bootconsole [earlyser0] disabled
[    1.116573] Lock dependency validator: Copyright (c) 2006 Red Hat, Inc., Ingo Molnar
[    1.117279] ... MAX_LOCKDEP_SUBCLASSES:  8
[    1.117650] ... MAX_LOCK_DEPTH:          48
[    1.118029] ... MAX_LOCKDEP_KEYS:        8192
[    1.118420] ... CLASSHASH_SIZE:          4096
[    1.118813] ... MAX_LOCKDEP_ENTRIES:     524288
[    1.119223] ... MAX_LOCKDEP_CHAINS:      524288
[    1.119627] ... CHAINHASH_SIZE:          262144
[    1.120040]  memory used by lock dependency info: 54145 kB
[    1.120527]  memory used for stack traces: 4224 kB
[    1.120956]  per task-struct memory footprint: 1920 bytes
[    1.121523] ACPI: Core revision 20250807
[    1.122310] clocksource: hpet: mask: 0xffffffff max_cycles: 0xffffffff, max_idle_ns: 19112604467 ns
[    1.123309] APIC: Switch to symmetric I/O mode setup
[    1.124045] x2apic enabled
[    1.124676] APIC: Switched APIC routing to: physical x2apic
[    1.125183] kvm-guest: APIC: send_IPI_mask() replaced with kvm_send_ipi_mask()
[    1.125832] kvm-guest: APIC: send_IPI_mask_allbutself() replaced with kvm_send_ipi_mask_allbutself()
[    1.126643] kvm-guest: setup PV IPIs
[    1.128068] ..TIMER: vector=0x30 apic1=0 pin1=2 apic2=-1 pin2=-1
[    1.128638] clocksource: tsc-early: mask: 0xffffffffffffffff max_cycles: 0x12441513526, max_idle_ns: 440795239872 ns
[    1.129584] Calibrating delay loop (skipped) preset value.. 2534.40 BogoMIPS (lpj=5068800)
[    1.130492] CPU0: Thermal monitoring enabled (TM1)
[    1.130938] x86/cpu: User Mode Instruction Prevention (UMIP) activated
[    1.133744] Last level iTLB entries: 4KB 0, 2MB 0, 4MB 0
[    1.134330] Last level dTLB entries: 4KB 0, 2MB 0, 4MB 0, 1GB 0
[    1.134875] mitigations: Enabled attack vectors: user_kernel, user_user, guest_host, guest_guest, SMT mitigations: auto
[    1.135834] Speculative Store Bypass: Mitigation: Speculative Store Bypass disabled via prctl
[    1.136579] Spectre V2 : Mitigation: Enhanced / Automatic IBRS
[    1.137092] ITS: Mitigation: Aligned branch/return thunks
[    1.137575] Spectre V1 : Mitigation: usercopy/swapgs barriers and __user pointer sanitization
[    1.138326] Spectre V2 : WARNING: Unprivileged eBPF is enabled with eIBRS on, data leaks possible via Spectre v2 BHB attacks!
[    1.139314] Spectre V2 : Spectre v2 / PBRSB-eIBRS: Retire a single CALL on VMEXIT
[    1.139964] Spectre V2 : mitigation: Enabling conditional Indirect Branch Prediction Barrier
[    1.140685] active return thunk: its_return_thunk
[    1.141114] Spectre V2 : Spectre BHI mitigation: SW BHB clearing on syscall and VM exit
[    1.141612] x86/fpu: Supporting XSAVE feature 0x001: 'x87 floating point registers'
[    1.142299] x86/fpu: Supporting XSAVE feature 0x002: 'SSE registers'
[    1.142858] x86/fpu: Supporting XSAVE feature 0x004: 'AVX registers'
[    1.143416] x86/fpu: Supporting XSAVE feature 0x200: 'Protection Keys User registers'
[    1.144109] x86/fpu: xstate_offset[2]:  576, xstate_sizes[2]:  256
[    1.144662] x86/fpu: xstate_offset[9]:  832, xstate_sizes[9]:    8
[    1.145579] x86/fpu: Enabled xstate features 0x207, context size is 840 bytes, using 'compacted' format.
[    1.301958] Freeing SMP alternatives memory: 64K
[    1.302409] pid_max: default: 32768 minimum: 301
[    1.303218] Yama: becoming mindful.
[    1.303965] Mount-cache hash table entries: 4096 (order: 3, 32768 bytes, linear)
[    1.304621] Mountpoint-cache hash table entries: 4096 (order: 3, 32768 bytes, linear)
[    1.307263] Running RCU synchronous self tests
[    1.307666] Running RCU synchronous self tests
[    1.308564] smpboot: CPU0: Genuine Intel(R) 0000 @ (family: 0x6, model: 0xc6, stepping: 0x0)
[    1.309569] Performance Events: unsupported CPU family 6 model 198 no PMU driver, software events only.
[    1.309569] signal: max sigframe size: 3632
[    1.309569] rcu: Hierarchical SRCU implementation.
[    1.309569] rcu: 	Max phase no-delay instances is 1000.
[    1.309887] Timer migration: 1 hierarchy levels; 8 children per group; 1 crossnode level
[    1.333095] NMI watchdog: Perf NMI watchdog permanently disabled
[    1.333863] smp: Bringing up secondary CPUs ...
[    1.338444] smpboot: x86: Booting SMP configuration:
[    1.338960] .... node  #0, CPUs:      #1
[    1.339340] smp: Brought up 1 node, 2 CPUs
[    1.341601] smpboot: Total of 2 processors activated (5068.80 BogoMIPS)
[    1.343290] Memory: 1538728K/2096632K available (80898K kernel code, 15552K rwdata, 18808K rodata, 16388K init, 70040K bss, 546452K reserved, 0K cma-reserved)
[    1.346231] devtmpfs: initialized
[    1.346973] x86/mm: Memory block size: 128MB
[    1.361640] Running RCU synchronous self tests
[    1.362567] Running RCU synchronous self tests
[    1.365718] Running RCU Tasks wait API self tests
[    1.366055] Running RCU Tasks Rude wait API self tests
[    1.366055] Running RCU Tasks Trace wait API self tests
[    1.385666] clocksource: jiffies: mask: 0xffffffff max_cycles: 0xffffffff, max_idle_ns: 7645041785100000 ns
[    1.389757] posixtimers hash table entries: 1024 (order: 5, 73728 bytes, linear)
[    1.391440] futex hash table entries: 512 (65536 bytes on 1 NUMA nodes, total 64 KiB, linear).
[    1.397494] 
[    1.397584] *************************************************************
[    1.398876] **     NOTICE NOTICE NOTICE NOTICE NOTICE NOTICE NOTICE    **
[    1.400176] **                                                         **
[    1.401490] **  IOMMU DebugFS SUPPORT HAS BEEN ENABLED IN THIS KERNEL  **
[    1.401581] **                                                         **
[    1.402200] ** This means that this kernel is built to expose internal **
[    1.402814] ** IOMMU data structures, which may compromise security on **
[    1.403419] ** your system.                                            **
[    1.404029] **                                                         **
[    1.404638] ** If you see this message and you are not debugging the   **
[    1.405243] ** kernel, report this immediately to your vendor!         **
[    1.405573] **                                                         **
[    1.406180] **     NOTICE NOTICE NOTICE NOTICE NOTICE NOTICE NOTICE    **
[    1.406788] *************************************************************
[    1.407514] PM: RTC time: 04:08:10, date: 2025-12-04
[    1.412866] NET: Registered PF_NETLINK/PF_ROUTE protocol family
[    1.413624] Callback from call_rcu_tasks_trace() invoked.
[    1.415250] DMA: preallocated 256 KiB GFP_KERNEL pool for atomic allocations
[    1.415929] DMA: preallocated 256 KiB GFP_KERNEL|GFP_DMA pool for atomic allocations
[    1.416647] DMA: preallocated 256 KiB GFP_KERNEL|GFP_DMA32 pool for atomic allocations
[    1.417483] audit: initializing netlink subsys (disabled)
[    1.417787] audit: type=2000 audit(1764821290.464:1): state=initialized audit_enabled=0 res=1
[    1.422060] thermal_sys: Registered thermal governor 'fair_share'
[    1.422080] thermal_sys: Registered thermal governor 'bang_bang'
[    1.423257] thermal_sys: Registered thermal governor 'step_wise'
[    1.423864] thermal_sys: Registered thermal governor 'user_space'
[    1.424527] cpuidle: using governor ladder
[    1.425600] cpuidle: using governor menu
[    1.426514] acpiphp: ACPI Hot Plug PCI Controller Driver version: 0.5
[    1.428091] PCI: Using configuration type 1 for base access
[    1.428969] kprobes: kprobe jump-optimization is enabled. All kprobes are optimized if possible.
[    1.606724] HugeTLB: registered 1.00 GiB page size, pre-allocated 0 pages
[    1.607375] HugeTLB: 16380 KiB vmemmap can be freed for a 1.00 GiB page
[    1.607952] HugeTLB: registered 2.00 MiB page size, pre-allocated 0 pages
[    1.608539] HugeTLB: 28 KiB vmemmap can be freed for a 2.00 MiB page
[    1.619604] ACPI: Added _OSI(Module Device)
[    1.620029] ACPI: Added _OSI(Processor Device)
[    1.620424] ACPI: Added _OSI(Processor Aggregator Device)
[    1.637177] ACPI: 1 ACPI AML tables successfully acquired and loaded
[    1.643957] ACPI: Interpreter enabled
[    1.644482] ACPI: PM: (supports S0 S3 S4 S5)
[    1.644868] ACPI: Using IOAPIC for interrupt routing
[    1.645479] PCI: Using host bridge windows from ACPI; if necessary, use "pci=nocrs" and report a bug
[    1.645577] PCI: Using E820 reservations for host bridge windows
[    1.647439] ACPI: Enabled 2 GPEs in block 00 to 0F
[    1.688754] ACPI: PCI Root Bridge [PCI0] (domain 0000 [bus 00-ff])
[    1.689371] acpi PNP0A03:00: _OSC: OS supports [ASPM ClockPM Segments MSI EDR HPX-Type3]
[    1.689582] acpi PNP0A03:00: _OSC: not requesting OS control; OS requires [ExtendedConfig ASPM ClockPM MSI]
[    1.690930] acpi PNP0A03:00: fail to add MMCONFIG information, can't access extended configuration space under this bridge
[    1.696785] acpiphp: Slot [3] registered
[    1.697301] acpiphp: Slot [4] registered
[    1.697708] acpiphp: Slot [5] registered
[    1.698229] acpiphp: Slot [6] registered
[    1.698711] acpiphp: Slot [7] registered
[    1.699220] acpiphp: Slot [8] registered
[    1.699700] acpiphp: Slot [9] registered
[    1.700227] acpiphp: Slot [10] registered
[    1.700720] acpiphp: Slot [11] registered
[    1.701238] acpiphp: Slot [12] registered
[    1.701721] acpiphp: Slot [13] registered
[    1.702228] acpiphp: Slot [14] registered
[    1.702714] acpiphp: Slot [15] registered
[    1.703236] acpiphp: Slot [16] registered
[    1.703724] acpiphp: Slot [17] registered
[    1.704223] acpiphp: Slot [18] registered
[    1.704709] acpiphp: Slot [19] registered
[    1.705226] acpiphp: Slot [20] registered
[    1.705718] acpiphp: Slot [21] registered
[    1.706211] acpiphp: Slot [22] registered
[    1.706703] acpiphp: Slot [23] registered
[    1.707223] acpiphp: Slot [24] registered
[    1.707711] acpiphp: Slot [25] registered
[    1.708206] acpiphp: Slot [26] registered
[    1.708700] acpiphp: Slot [27] registered
[    1.709226] acpiphp: Slot [28] registered
[    1.709716] acpiphp: Slot [29] registered
[    1.710205] acpiphp: Slot [30] registered
[    1.710705] acpiphp: Slot [31] registered
[    1.711158] PCI host bridge to bus 0000:00
[    1.711590] pci_bus 0000:00: root bus resource [io  0x0000-0x0cf7 window]
[    1.712195] pci_bus 0000:00: root bus resource [io  0x0d00-0xffff window]
[    1.712790] pci_bus 0000:00: root bus resource [mem 0x000a0000-0x000bffff window]
[    1.713448] pci_bus 0000:00: root bus resource [mem 0x80000000-0xfebfffff window]
[    1.713579] pci_bus 0000:00: root bus resource [mem 0x100000000-0x17fffffff window]
[    1.714254] pci_bus 0000:00: root bus resource [bus 00-ff]
[    1.714902] pci 0000:00:00.0: [8086:1237] type 00 class 0x060000 conventional PCI endpoint
[    1.725318] pci 0000:00:01.0: [8086:7000] type 00 class 0x060100 conventional PCI endpoint
[    1.727042] pci 0000:00:01.1: [8086:7010] type 00 class 0x010180 conventional PCI endpoint
[    1.728354] pci 0000:00:01.1: BAR 4 [io  0xc040-0xc04f]
[    1.728850] pci 0000:00:01.1: BAR 0 [io  0x01f0-0x01f7]: legacy IDE quirk
[    1.729445] pci 0000:00:01.1: BAR 1 [io  0x03f6]: legacy IDE quirk
[    1.729579] pci 0000:00:01.1: BAR 2 [io  0x0170-0x0177]: legacy IDE quirk
[    1.730172] pci 0000:00:01.1: BAR 3 [io  0x0376]: legacy IDE quirk
[    1.731300] pci 0000:00:01.3: [8086:7113] type 00 class 0x068000 conventional PCI endpoint
[    1.732326] pci 0000:00:01.3: quirk: [io  0x0600-0x063f] claimed by PIIX4 ACPI
[    1.732962] pci 0000:00:01.3: quirk: [io  0x0700-0x070f] claimed by PIIX4 SMB
[    1.734140] pci 0000:00:02.0: [1234:1111] type 00 class 0x030000 conventional PCI endpoint
[    1.739054] pci 0000:00:02.0: BAR 0 [mem 0xfd000000-0xfdffffff pref]
[    1.739949] pci 0000:00:02.0: BAR 2 [mem 0xfebf0000-0xfebf0fff]
[    1.740492] pci 0000:00:02.0: ROM [mem 0xfebe0000-0xfebeffff pref]
[    1.741500] pci 0000:00:02.0: Video device with shadowed ROM at [mem 0x000c0000-0x000dffff]
[    1.753243] pci 0000:00:03.0: [8086:100e] type 00 class 0x020000 conventional PCI endpoint
[    1.754467] pci 0000:00:03.0: BAR 0 [mem 0xfebc0000-0xfebdffff]
[    1.754986] pci 0000:00:03.0: BAR 1 [io  0xc000-0xc03f]
[    1.755468] pci 0000:00:03.0: ROM [mem 0xfeb80000-0xfebbffff pref]
[    1.778999] ACPI: PCI: Interrupt link LNKA configured for IRQ 10
[    1.780612] ACPI: PCI: Interrupt link LNKB configured for IRQ 10
[    1.782088] ACPI: PCI: Interrupt link LNKC configured for IRQ 11
[    1.783537] ACPI: PCI: Interrupt link LNKD configured for IRQ 11
[    1.784434] ACPI: PCI: Interrupt link LNKS configured for IRQ 9
[    1.789455] iommu: Default domain type: Translated
[    1.789582] iommu: DMA domain TLB invalidation policy: lazy mode
[    1.794891] SCSI subsystem initialized
[    1.796754] ACPI: bus type USB registered
[    1.797481] usbcore: registered new interface driver usbfs
[    1.797770] usbcore: registered new interface driver hub
[    1.798339] usbcore: registered new device driver usb
[    1.799300] pps_core: LinuxPPS API ver. 1 registered
[    1.799731] pps_core: Software ver. 5.3.6 - Copyright 2005-2007 Rodolfo Giometti <giometti@linux.it>
[    1.800550] PTP clock support registered
[    1.801910] EDAC MC: Ver: 3.0.0
[    1.810010] NetLabel: Initializing
[    1.810357] NetLabel:  domain hash size = 128
[    1.810699] NetLabel:  protocols = UNLABELED CIPSOv4 CALIPSO
[    1.811372] NetLabel:  unlabeled traffic allowed by default
[    1.812870] PCI: Using ACPI for IRQ routing
[    1.813829] pci 0000:00:02.0: vgaarb: setting as boot VGA device
[    1.814359] pci 0000:00:02.0: vgaarb: bridge control possible
[    1.814854] pci 0000:00:02.0: vgaarb: VGA device added: decodes=io+mem,owns=io+mem,locks=none
[    1.815587] vgaarb: loaded
[    1.818796] hpet0: at MMIO 0xfed00000, IRQs 2, 8, 0
[    1.819251] hpet0: 3 comparators, 64-bit 100.000000 MHz counter
[    1.823280] clocksource: Switched to clocksource kvm-clock
[    4.661880] VFS: Disk quotas dquot_6.6.0
[    4.662380] VFS: Dquot-cache hash table entries: 512 (order 0, 4096 bytes)
[    4.666930] pnp: PnP ACPI init
[    4.671862] pnp: PnP ACPI: found 6 devices
[    4.712013] clocksource: acpi_pm: mask: 0xffffff max_cycles: 0xffffff, max_idle_ns: 2085701024 ns
[    4.713453] NET: Registered PF_INET protocol family
[    4.714309] IP idents hash table entries: 32768 (order: 6, 262144 bytes, linear)
[    4.716847] tcp_listen_portaddr_hash hash table entries: 1024 (order: 5, 73728 bytes, linear)
[    4.717709] Table-perturb hash table entries: 65536 (order: 6, 262144 bytes, linear)
[    4.718527] TCP established hash table entries: 16384 (order: 5, 131072 bytes, linear)
[    4.719885] TCP bind hash table entries: 16384 (order: 10, 2359296 bytes, linear)
[    4.723032] TCP: Hash tables configured (established 16384 bind 16384)
[    4.723849] UDP hash table entries: 1024 (order: 6, 262144 bytes, linear)
[    4.724620] UDP-Lite hash table entries: 1024 (order: 6, 262144 bytes, linear)
[    4.725858] NET: Registered PF_UNIX/PF_LOCAL protocol family
[    4.729074] RPC: Registered named UNIX socket transport module.
[    4.730288] RPC: Registered udp transport module.
[    4.731240] RPC: Registered tcp transport module.
[    4.732178] RPC: Registered tcp-with-tls transport module.
[    4.733252] RPC: Registered tcp NFSv4.1 backchannel transport module.
[    4.734587] pci_bus 0000:00: resource 4 [io  0x0000-0x0cf7 window]
[    4.735827] pci_bus 0000:00: resource 5 [io  0x0d00-0xffff window]
[    4.737042] pci_bus 0000:00: resource 6 [mem 0x000a0000-0x000bffff window]
[    4.738382] pci_bus 0000:00: resource 7 [mem 0x80000000-0xfebfffff window]
[    4.739747] pci_bus 0000:00: resource 8 [mem 0x100000000-0x17fffffff window]
[    4.741743] pci 0000:00:01.0: PIIX3: Enabling Passive Release
[    4.742936] pci 0000:00:00.0: Limiting direct PCI/PCI transfers
[    4.744315] PCI: CLS 0 bytes, default 64
[    4.745447] ACPI: bus type thunderbolt registered
[    4.747366] clocksource: tsc: mask: 0xffffffffffffffff max_cycles: 0x12441513526, max_idle_ns: 440795239872 ns
[    4.759107] Initialise system trusted keyrings
[    4.759712] Key type blacklist registered
[    4.760804] workingset: timestamp_bits=36 max_order=19 bucket_order=0
[    4.766011] squashfs: version 4.0 (2009/01/31) Phillip Lougher
[    4.767385] Callback from call_rcu_tasks() invoked.
[    4.770715] NFS: Registering the id_resolver key type
[    4.771207] Key type id_resolver registered
[    4.771597] Key type id_legacy registered
[    4.772013] nfs4filelayout_init: NFSv4 File Layout Driver Registering...
[    4.772644] nfs4flexfilelayout_init: NFSv4 Flexfile Layout Driver Registering...
[    4.773763] fuse: init (API version 7.45)
[    4.775043] SGI XFS with ACLs, security attributes, realtime, quota, no debug enabled
[    4.778650] 9p: Installing v9fs 9p2000 file system support
[    4.793775] Key type asymmetric registered
[    4.794204] Asymmetric key parser 'x509' registered
[    4.794897] Block layer SCSI generic (bsg) driver version 0.4 loaded (major 241)
[    4.796359] io scheduler mq-deadline registered
[    4.797581] io scheduler bfq registered
[    4.799667] ledtrig-cpu: registered to indicate activity on CPUs
[    4.802171] IPMI message handler: version 39.2
[    4.802649] ipmi device interface
[    4.806539] input: Power Button as /devices/LNXSYSTM:00/LNXPWRBN:00/input/input0
[    4.809128] ACPI: button: Power Button [PWRF]
[    4.813377] ERST DBG: ERST support is disabled.
[    4.816018] Serial: 8250/16550 driver, 32 ports, IRQ sharing enabled
[    4.818047] 00:04: ttyS0 at I/O 0x3f8 (irq = 4, base_baud = 115200) is a 16550A
[    4.861035] Linux agpgart interface v0.103
[    4.865469] ACPI: bus type drm_connector registered
[    4.897141] brd: module loaded
[    4.918759] loop: module loaded
[    4.937901] scsi host0: ata_piix
[    4.940591] scsi host1: ata_piix
[    4.942208] ata1: PATA max MWDMA2 cmd 0x1f0 ctl 0x3f6 bmdma 0xc040 irq 14 lpm-pol 0
[    4.943705] ata2: PATA max MWDMA2 cmd 0x170 ctl 0x376 bmdma 0xc048 irq 15 lpm-pol 0
[    4.950583] tun: Universal TUN/TAP device driver, 1.6
[    4.952693] e100: Intel(R) PRO/100 Network Driver
[    4.953647] e100: Copyright(c) 1999-2006 Intel Corporation
[    4.955089] e1000: Intel(R) PRO/1000 Network Driver
[    4.956062] e1000: Copyright (c) 1999-2006 Intel Corporation.
[    5.103194] ata1: found unknown device (class 0)
[    5.104692] ata2: found unknown device (class 0)
[    5.107037] ata1.00: ATA-7: QEMU HARDDISK, 2.5+, max UDMA/100
[    5.108138] ata1.00: 17196647 sectors, multi 16: LBA48 
[    5.109428] ata2.00: ATAPI: QEMU DVD-ROM, 2.5+, max UDMA/100
[    5.113765] scsi 0:0:0:0: Direct-Access     ATA      QEMU HARDDISK    2.5+ PQ: 0 ANSI: 5
[    5.119234] sd 0:0:0:0: Attached scsi generic sg0 type 0
[    5.120870] sd 0:0:0:0: [sda] 17196647 512-byte logical blocks: (8.80 GB/8.20 GiB)
[    5.122910] sd 0:0:0:0: [sda] Write Protect is off
[    5.123876] scsi 1:0:0:0: CD-ROM            QEMU     QEMU DVD-ROM     2.5+ PQ: 0 ANSI: 5
[    5.124728] sd 0:0:0:0: [sda] Write cache: enabled, read cache: enabled, doesn't support DPO or FUA
[    5.126252] sd 0:0:0:0: [sda] Preferred minimum I/O size 512 bytes
[    5.182127] scsi 1:0:0:0: Attached scsi generic sg1 type 5
[    5.187846] sd 0:0:0:0: [sda] Attached SCSI disk
[    5.892026] ACPI: \_SB_.LNKC: Enabled at IRQ 11
[    6.235806] e1000 0000:00:03.0 eth0: (PCI:33MHz:32-bit) 52:54:00:12:34:56
[    6.237266] e1000 0000:00:03.0 eth0: Intel(R) PRO/1000 Network Connection
[    6.239074] e1000e: Intel(R) PRO/1000 Network Driver
[    6.240065] e1000e: Copyright(c) 1999 - 2015 Intel Corporation.
[    6.241630] igb: Intel(R) Gigabit Ethernet Network Driver
[    6.242720] igb: Copyright (c) 2007-2014 Intel Corporation.
[    6.244645] PPP generic driver version 2.4.2
[    6.247675] VFIO - User Level meta-driver version: 0.3
[    6.251719] usbcore: registered new interface driver uas
[    6.253035] usbcore: registered new interface driver usb-storage
[    6.254969] i8042: PNP: PS/2 Controller [PNP0303:KBD,PNP0f13:MOU] at 0x60,0x64 irq 1,12
[    6.258493] serio: i8042 KBD port at 0x60,0x64 irq 1
[    6.259672] serio: i8042 AUX port at 0x60,0x64 irq 12
[    6.262941] mousedev: PS/2 mouse device common for all mice
[    6.267375] input: AT Translated Set 2 keyboard as /devices/platform/i8042/serio0/input/input1
[    6.270269] rtc_cmos 00:05: RTC can wake from S4
[    6.276591] rtc_cmos 00:05: registered as rtc0
[    6.277658] rtc_cmos 00:05: setting system clock to 2025-12-04T04:08:15 UTC (1764821295)
[    6.279721] input: VirtualPS/2 VMware VMMouse as /devices/platform/i8042/serio1/input/input4
[    6.283441] rtc_cmos 00:05: alarms up to one day, y3k, 242 bytes nvram, hpet irqs
[    6.283530] input: VirtualPS/2 VMware VMMouse as /devices/platform/i8042/serio1/input/input3
[    6.285124] i2c_dev: i2c /dev entries driver
[    6.288101] device-mapper: core: CONFIG_IMA_DISABLE_HTABLE is disabled. Duplicate IMA measurements will not be recorded in the IMA log.
[    6.290610] device-mapper: uevent: version 1.0.3
[    6.292565] device-mapper: ioctl: 4.50.0-ioctl (2025-04-28) initialised: dm-devel@lists.linux.dev
[    6.294298] intel_pstate: CPU model not supported
[    6.295853] sdhci: Secure Digital Host Controller Interface driver
[    6.297069] sdhci: Copyright(c) Pierre Ossman
[    6.298410] sdhci-pltfm: SDHCI platform and OF driver helper
[    6.301884] drop_monitor: Initializing network drop monitor service
[    6.304058] NET: Registered PF_INET6 protocol family
[    6.309256] Segment Routing with IPv6
[    6.310505] In-situ OAM (IOAM) with IPv6
[    6.311362] NET: Registered PF_PACKET protocol family
[    6.312535] 9pnet: Installing 9P2000 support
[    6.313660] Key type dns_resolver registered
[    6.318430] IPI shorthand broadcast: enabled
[    6.409772] sched_clock: Marking stable (6388009313, 18689485)->(6494445822, -87747024)
[    6.413864] registered taskstats version 1
[    6.414944] Loading compiled-in X.509 certificates
[    6.496126] Demotion targets for Node 0: null
[    6.499029] Key type .fscrypt registered
[    6.499841] Key type fscrypt-provisioning registered
[    6.507183] Key type encrypted registered
[    6.508116] ima: No TPM chip found, activating TPM-bypass!
[    6.509237] ima: Allocated hash algorithm: sha1
[    6.510399] ima: No architecture policies found
[    6.511714] evm: Initialising EVM extended attributes:
[    6.512709] evm: security.selinux
[    6.513358] evm: security.SMACK64
[    6.514006] evm: security.SMACK64EXEC
[    6.514801] evm: security.SMACK64TRANSMUTE
[    6.515615] evm: security.SMACK64MMAP
[    6.516344] evm: security.apparmor
[    6.517020] evm: security.ima
[    6.517623] evm: security.capability
[    6.518337] evm: HMAC attrs: 0x1
[    6.523781] PM:   Magic number: 5:822:109
[    6.527504] RAS: Correctable Errors collector initialized.
[    6.529866] clk: Disabling unused clocks
[    6.530744] PM: genpd: Disabling unused power domains
[    6.533202] check access for rdinit=/init failed: -2, ignoring
[    6.533987] md: Waiting for all devices to be available before autodetect
[    6.534880] md: If you don't use raid, use raid=noautodetect
[    6.535619] md: Autodetecting RAID arrays.
[    6.536184] md: autorun ...
[    6.536578] md: ... autorun DONE.
[    6.560788] EXT4-fs (sda): mounted filesystem 088740a9-c8b4-422c-999d-a804eb68a4da ro with ordered data mode. Quota mode: none.
[    6.561648] VFS: Mounted root (ext4 filesystem) readonly on device 8:0.
[    6.566581] devtmpfs: mounted
[    6.592122] Freeing unused decrypted memory: 2036K
[    6.619277] Freeing unused kernel image (initmem) memory: 16388K
[    6.620571] Write protecting the kernel read-only data: 102400k
[    6.624351] Freeing unused kernel image (text/rodata gap) memory: 1020K
[    6.627087] Freeing unused kernel image (rodata/data gap) memory: 1672K
[    6.705918] x86/mm: Checked W+X mappings: passed, no W+X pages found.
[    6.706360] Run /sbin/init as init process
[    6.961520] systemd[1]: systemd 252-15.el9 running in system mode (+PAM +AUDIT +SELINUX -APPARMOR +IMA +SMACK +SECCOMP +GCRYPT +GNUTLS +OPENSSL +ACL +BLKID +CURL +ELFUTILS -FIDO2 +IDN2 -IDN -IPTC +KMOD +LIBCRYPTSETUP +LIBFDISK +PCRE2 -PWQUALITY +P11KIT -QRENCODE +TPM2 +BZIP2 +LZ4 +XZ +ZLIB +ZSTD -BPF_FRAMEWORK +XKBCOMMON +UTMP +SYSVINIT default-hierarchy=unified)
[    6.963459] systemd[1]: Detected virtualization kvm.
[    6.963758] systemd[1]: Detected architecture x86-64.

Welcome to [0;31mCentOS Stream 9[0m!

[    6.972377] systemd[1]: Hostname set to <test>.
[    7.291677] systemd-rc-local-generator[118]: /etc/rc.d/rc.local is not marked executable, skipping.
[    7.783448] systemd[1]: Queued start job for default target Multi-User System.
[    7.806232] systemd[1]: Created slice Virtual Machine and Container Slice.
[[0;32m  OK  [0m] Created slice [0;1;39mVirtual Machine and Container Slice[0m.
[    7.811064] systemd[1]: Created slice Slice /system/getty.
[[0;32m  OK  [0m] Created slice [0;1;39mSlice /system/getty[0m.
[    7.813636] systemd[1]: Created slice Slice /system/modprobe.
[[0;32m  OK  [0m] Created slice [0;1;39mSlice /system/modprobe[0m.
[    7.816400] systemd[1]: Created slice Slice /system/serial-getty.
[[0;32m  OK  [0m] Created slice [0;1;39mSlice /system/serial-getty[0m.
[    7.818968] systemd[1]: Created slice Slice /system/sshd-keygen.
[[0;32m  OK  [0m] Created slice [0;1;39mSlice /system/sshd-keygen[0m.
[    7.821337] systemd[1]: Created slice User and Session Slice.
[[0;32m  OK  [0m] Created slice [0;1;39mUser and Session Slice[0m.
[    7.822530] systemd[1]: Started Forward Password Requests to Wall Directory Watch.
[[0;32m  OK  [0m] Started [0;1;39mForward Password R…uests to Wall Directory Watch[0m.
[    7.824536] systemd[1]: Set up automount Arbitrary Executable File Formats File System Automount Point.
[[0;32m  OK  [0m] Set up automount [0;1;39mArbitrary…s File System Automount Point[0m.
[    7.825779] systemd[1]: Reached target Local Integrity Protected Volumes.
[[0;32m  OK  [0m] Reached target [0;1;39mLocal Integrity Protected Volumes[0m.
[    7.827902] systemd[1]: Reached target Slice Units.
[[0;32m  OK  [0m] Reached target [0;1;39mSlice Units[0m.
[    7.829678] systemd[1]: Reached target Swaps.
[[0;32m  OK  [0m] Reached target [0;1;39mSwaps[0m.
[    7.831380] systemd[1]: Reached target Local Verity Protected Volumes.
[[0;32m  OK  [0m] Reached target [0;1;39mLocal Verity Protected Volumes[0m.
[    7.834215] systemd[1]: Listening on Device-mapper event daemon FIFOs.
[[0;32m  OK  [0m] Listening on [0;1;39mDevice-mapper event daemon FIFOs[0m.
[    7.838212] systemd[1]: Listening on LVM2 poll daemon socket.
[[0;32m  OK  [0m] Listening on [0;1;39mLVM2 poll daemon socket[0m.
[    7.840473] systemd[1]: multipathd control socket was skipped because of an unmet condition check (ConditionPathExists=/etc/multipath.conf).
[    7.916772] systemd[1]: Listening on RPCbind Server Activation Socket.
[[0;32m  OK  [0m] Listening on [0;1;39mRPCbind Server Activation Socket[0m.
[    7.919227] systemd[1]: Reached target RPC Port Mapper.
[[0;32m  OK  [0m] Reached target [0;1;39mRPC Port Mapper[0m.
[    7.924963] systemd[1]: Listening on Process Core Dump Socket.
[[0;32m  OK  [0m] Listening on [0;1;39mProcess Core Dump Socket[0m.
[    7.926846] systemd[1]: Listening on initctl Compatibility Named Pipe.
[[0;32m  OK  [0m] Listening on [0;1;39minitctl Compatibility Named Pipe[0m.
[    7.929045] systemd[1]: Listening on Journal Socket (/dev/log).
[[0;32m  OK  [0m] Listening on [0;1;39mJournal Socket (/dev/log)[0m.
[    7.930918] systemd[1]: Listening on Journal Socket.
[[0;32m  OK  [0m] Listening on [0;1;39mJournal Socket[0m.
[    7.932956] systemd[1]: Listening on udev Control Socket.
[[0;32m  OK  [0m] Listening on [0;1;39mudev Control Socket[0m.
[    7.934569] systemd[1]: Listening on udev Kernel Socket.
[[0;32m  OK  [0m] Listening on [0;1;39mudev Kernel Socket[0m.
[    7.941501] systemd[1]: Mounting Huge Pages File System...
         Mounting [0;1;39mHuge Pages File System[0m...
[    7.951064] systemd[1]: Mounting POSIX Message Queue File System...
         Mounting [0;1;39mPOSIX Message Queue File System[0m...
[    7.963932] systemd[1]: Mounting Kernel Debug File System...
         Mounting [0;1;39mKernel Debug File System[0m...
[    7.971314] systemd[1]: Mounting Kernel Trace File System...
         Mounting [0;1;39mKernel Trace File System[0m...
[    7.975002] systemd[1]: Kernel Module supporting RPCSEC_GSS was skipped because of an unmet condition check (ConditionPathExists=/etc/krb5.keytab).
[    7.975897] systemd[1]: Create List of Static Device Nodes was skipped because of an unmet condition check (ConditionFileNotEmpty=/lib/modules/6.18.0-next-20251203-b2c27842ba85/modules.devname).
[    7.988794] systemd[1]: Starting Monitoring of LVM2 mirrors, snapshots etc. using dmeventd or progress polling...
         Starting [0;1;39mMonitoring of LVM…meventd or progress polling[0m...
[    7.996565] systemd[1]: Starting Load Kernel Module configfs...
         Starting [0;1;39mLoad Kernel Module configfs[0m...
[    8.004053] systemd[1]: Starting Load Kernel Module drm...
         Starting [0;1;39mLoad Kernel Module drm[0m...
[    8.019805] systemd[1]: Starting Load Kernel Module fuse...
         Starting [0;1;39mLoad Kernel Module fuse[0m...
[    8.039850] systemd[1]: Starting Read and set NIS domainname from /etc/sysconfig/network...
         Starting [0;1;39mRead and set NIS …from /etc/sysconfig/network[0m...
[    8.064252] systemd[1]: Starting Journal Service...
         Starting [0;1;39mJournal Service[0m...
[    8.111421] systemd[1]: Starting Load Kernel Modules...
         Starting [0;1;39mLoad Kernel Modules[0m...
[    8.136204] systemd[1]: Starting Generate network units from Kernel command line...
         Starting [0;1;39mGenerate network …ts from Kernel command line[0m...
[    8.163583] systemd[1]: Starting Remount Root and Kernel File Systems...
         Starting [0;1;39mRemount Root and Kernel File Systems[0m...
[    8.171308] systemd[1]: Repartition Root Disk was skipped because no trigger condition checks were met.
[    8.203194] systemd[1]: Starting Coldplug All udev Devices...
         Starting [0;1;39mColdplug All udev Devices[0m...
[    8.244838] systemd[1]: Mounted Huge Pages File System.
[[0;32m  OK  [0m] Mounted [0;1;39mHuge Pages File System[0m.
[    8.252019] systemd[1]: Mounted POSIX Message Queue File System.
[[0;32m  OK  [0m] Mounted [0;1;39mPOSIX Message Queue File System[0m.
[    8.259342] systemd[1]: Started Journal Service.
[[0;32m  OK  [0m] Started [0;1;39mJournal Service[0m.
[    8.261201] EXT4-fs (sda): re-mounted 088740a9-c8b4-422c-999d-a804eb68a4da r/w.
[[0;32m  OK  [0m] Mounted [0;1;39mKernel Debug File System[0m.
[[0;32m  OK  [0m] Mounted [0;1;39mKernel Trace File System[0m.
[[0;32m  OK  [0m] Finished [0;1;39mMonitoring of LVM… dmeventd or progress polling[0m.
[[0;32m  OK  [0m] Finished [0;1;39mLoad Kernel Module configfs[0m.
[[0;32m  OK  [0m] Finished [0;1;39mLoad Kernel Module drm[0m.
[[0;32m  OK  [0m] Finished [0;1;39mLoad Kernel Module fuse[0m.
[[0;32m  OK  [0m] Finished [0;1;39mRead and set NIS …e from /etc/sysconfig/network[0m.
[[0;1;31mFAILED[0m] Failed to start [0;1;39mLoad Kernel Modules[0m.
See 'systemctl status systemd-modules-load.service' for details.
[[0;32m  OK  [0m] Finished [0;1;39mGenerate network units from Kernel command line[0m.
[[0;32m  OK  [0m] Finished [0;1;39mRemount Root and Kernel File Systems[0m.
[[0;32m  OK  [0m] Reached target [0;1;39mPreparation for Network[0m.
         Mounting [0;1;39mFUSE Control File System[0m...
         Mounting [0;1;39mKernel Configuration File System[0m...
         Starting [0;1;39mFlush Journal to Persistent Storage[0m...
         Starting [0;1;39mLoad/Save Random Seed[0m...
         Starting [0;1;39mApply Kernel Variables[0m...
[    8.520299] systemd-journald[144]: Received client request to flush runtime journal.
         Starting [0;1;39mCreate Static Device Nodes in /dev[0m...
         Starting [0;1;39mSetup Virtual Console[0m...
[[0;32m  OK  [0m] Mounted [0;1;39mFUSE Control File System[0m.
[[0;32m  OK  [0m] Mounted [0;1;39mKernel Configuration File System[0m.
[[0;32m  OK  [0m] Finished [0;1;39mFlush Journal to Persistent Storage[0m.
[[0;32m  OK  [0m] Finished [0;1;39mLoad/Save Random Seed[0m.
[[0;32m  OK  [0m] Finished [0;1;39mApply Kernel Variables[0m.
[[0;32m  OK  [0m] Finished [0;1;39mCreate Static Device Nodes in /dev[0m.
         Starting [0;1;39mRule-based Manage…for Device Events and Files[0m...
[[0;32m  OK  [0m] Finished [0;1;39mColdplug All udev Devices[0m.
         Starting [0;1;39mWait for udev To …plete Device Initialization[0m...
[[0;32m  OK  [0m] Started [0;1;39mRule-based Manager for Device Events and Files[0m.
         Starting [0;1;39mAuto-connect to s…E devices found during boot[0m...
[[0;32m  OK  [0m] Finished [0;1;39mAuto-connect to s…VME devices found during boot[0m.
[[0;32m  OK  [0m] Finished [0;1;39mSetup Virtual Console[0m.
[[0;32m  OK  [0m] Started [0;1;39mDispatch Password …ts to Console Directory Watch[0m.
[[0;32m  OK  [0m] Reached target [0;1;39mLocal Encrypted Volumes[0m.
[[0;32m  OK  [0m] Reached target [0;1;39mPath Units[0m.
[[0;32m  OK  [0m] Found device [0;1;39m/dev/ttyS0[0m.
[[0;32m  OK  [0m] Listening on [0;1;39mLoad/Save RF …itch Status /dev/rfkill Watch[0m.
[[0;32m  OK  [0m] Finished [0;1;39mWait for udev To Complete Device Initialization[0m.
[[0;32m  OK  [0m] Reached target [0;1;39mPreparation for Local File Systems[0m.
[[0;32m  OK  [0m] Reached target [0;1;39mLocal File Systems[0m.
         Starting [0;1;39mTell Plymouth To Write Out Runtime Data[0m...
         Starting [0;1;39mAutomatic Boot Loader Update[0m...
         Starting [0;1;39mCreate Volatile Files and Directories[0m...
[[0;32m  OK  [0m] Finished [0;1;39mTell Plymouth To Write Out Runtime Data[0m.
[[0;32m  OK  [0m] Finished [0;1;39mAutomatic Boot Loader Update[0m.
[[0;32m  OK  [0m] Finished [0;1;39mCreate Volatile Files and Directories[0m.
         Mounting [0;1;39mRPC Pipe File System[0m...
         Starting [0;1;39mSecurity Auditing Service[0m...
         Starting [0;1;39mRPC Bind[0m...
[[0;32m  OK  [0m] Mounted [0;1;39mRPC Pipe File System[0m.
[[0;32m  OK  [0m] Reached target [0;1;39mrpc_pipefs.target[0m.
[[0;32m  OK  [0m] Started [0;1;39mRPC Bind[0m.
[[0;32m  OK  [0m] Started [0;1;39mSecurity Auditing Service[0m.
         Starting [0;1;39mRecord System Boot/Shutdown in UTMP[0m...
[[0;32m  OK  [0m] Finished [0;1;39mRecord System Boot/Shutdown in UTMP[0m.
[[0;32m  OK  [0m] Reached target [0;1;39mSystem Initialization[0m.
[[0;32m  OK  [0m] Started [0;1;39mDaily rotation of log files[0m.
[[0;32m  OK  [0m] Started [0;1;39mUpdates mlocate database every day[0m.
[[0;32m  OK  [0m] Started [0;1;39mDaily Cleanup of Temporary Directories[0m.
[[0;32m  OK  [0m] Started [0;1;39mdaily update of the root trust anchor for DNSSEC[0m.
[[0;32m  OK  [0m] Reached target [0;1;39mTimer Units[0m.
[[0;32m  OK  [0m] Listening on [0;1;39mD-Bus System Message Bus Socket[0m.
[[0;32m  OK  [0m] Listening on [0;1;39mOpen-iSCSI iscsid Socket[0m.
[[0;32m  OK  [0m] Listening on [0;1;39mOpen-iSCSI iscsiuio Socket[0m.
[[0;32m  OK  [0m] Listening on [0;1;39mSSSD Kerberos…ache Manager responder socket[0m.
[[0;32m  OK  [0m] Listening on [0;1;39mLibvirt interface local socket[0m.
[[0;32m  OK  [0m] Listening on [0;1;39mVirtual machine lock manager socket[0m.
[[0;32m  OK  [0m] Listening on [0;1;39mVirtual machine log manager socket[0m.
[[0;32m  OK  [0m] Listening on [0;1;39mLibvirt network local socket[0m.
[[0;32m  OK  [0m] Listening on [0;1;39mLibvirt nodedev local socket[0m.
[[0;32m  OK  [0m] Listening on [0;1;39mLibvirt nwfilter local socket[0m.
[[0;32m  OK  [0m] Listening on [0;1;39mLibvirt proxy local socket[0m.
[[0;32m  OK  [0m] Listening on [0;1;39mLibvirt qemu local socket[0m.
[[0;32m  OK  [0m] Listening on [0;1;39mLibvirt qemu admin socket[0m.
[[0;32m  OK  [0m] Listening on [0;1;39mLibvirt qemu local read-only socket[0m.
[[0;32m  OK  [0m] Listening on [0;1;39mLibvirt secret local socket[0m.
[[0;32m  OK  [0m] Listening on [0;1;39mLibvirt storage local socket[0m.
[[0;32m  OK  [0m] Reached target [0;1;39mSocket Units[0m.
         Starting [0;1;39mD-Bus System Message Bus[0m...
[[0;32m  OK  [0m] Started [0;1;39mD-Bus System Message Bus[0m.
[[0;32m  OK  [0m] Reached target [0;1;39mBasic System[0m.
         Starting [0;1;39mNetwork Manager[0m...
         Starting [0;1;39mNTP client/server[0m...
         Starting [0;1;39mRestore /run/initramfs on shutdown[0m...
[[0;32m  OK  [0m] Started [0;1;39mirqbalance daemon[0m.
[[0;32m  OK  [0m] Started [0;1;39mlibstoragemgmt plug-in server daemon[0m.
[[0;32m  OK  [0m] Started [0;1;39mMachine Check Exception Logging Daemon[0m.
[[0;32m  OK  [0m] Reached target [0;1;39msshd-keygen.target[0m.
[[0;32m  OK  [0m] Reached target [0;1;39mUser and Group Name Lookups[0m.
         Starting [0;1;39mUser Login Management[0m...
         Starting [0;1;39mVirtual Machine a…tainer Registration Service[0m...
         Starting [0;1;39mupdate of the roo…NSSEC validation in unbound[0m...
         Starting [0;1;39mRotate log files[0m...
[[0;32m  OK  [0m] Started [0;1;39mUpdate a database for mlocate[0m.
[[0;32m  OK  [0m] Finished [0;1;39mRestore /run/initramfs on shutdown[0m.
[[0;32m  OK  [0m] Started [0;1;39mVirtual Machine an…ontainer Registration Service[0m.
         Starting [0;1;39mHostname Service[0m...
[[0;32m  OK  [0m] Finished [0;1;39mupdate of the roo… DNSSEC validation in unbound[0m.
[[0;32m  OK  [0m] Started [0;1;39mNTP client/server[0m.
[[0;32m  OK  [0m] Started [0;1;39mUser Login Management[0m.
[[0;32m  OK  [0m] Started [0;1;39mHostname Service[0m.
         Starting [0;1;39mNetwork Manager Script Dispatcher Service[0m...
[[0;32m  OK  [0m] Started [0;1;39mNetwork Manager Script Dispatcher Service[0m.
[[0;32m  OK  [0m] Finished [0;1;39mRotate log files[0m.
[   13.851535] e1000: eth0 NIC Link is Up 1000 Mbps Full Duplex, Flow Control: RX
[[0;32m  OK  [0m] Started [0;1;39mNetwork Manager[0m.
[[0;32m  OK  [0m] Reached target [0;1;39mNetwork[0m.
[[0;32m  OK  [0m] Reached target [0;1;39mNetwork is Online[0m.
         Starting [0;1;39mGSSAPI Proxy Daemon[0m...
         Starting [0;1;39mNotify NFS peers of a restart[0m...
         Starting [0;1;39mSystem Logging Service[0m...
         Starting [0;1;39mOpenSSH server daemon[0m...
         Starting [0;1;39mDynamic System Tuning Daemon[0m...
[[0;32m  OK  [0m] Started [0;1;39mNotify NFS peers of a restart[0m.
[[0;32m  OK  [0m] Started [0;1;39mGSSAPI Proxy Daemon[0m.
[[0;32m  OK  [0m] Reached target [0;1;39mNFS client services[0m.
[[0;32m  OK  [0m] Reached target [0;1;39mPreparation for Remote File Systems[0m.
[[0;32m  OK  [0m] Reached target [0;1;39mRemote File Systems[0m.
         Starting [0;1;39mPermit User Sessions[0m...
         Starting [0;1;39mVirtualization qemu daemon[0m...
[[0;32m  OK  [0m] Started [0;1;39mOpenSSH server daemon[0m.
[[0;32m  OK  [0m] Finished [0;1;39mPermit User Sessions[0m.
[[0;32m  OK  [0m] Started [0;1;39mDeferred execution scheduler[0m.
[[0;32m  OK  [0m] Started [0;1;39mCommand Scheduler[0m.
         Starting [0;1;39mHold until boot process finishes up[0m...
         Starting [0;1;39mTerminate Plymouth Boot Screen[0m...
[[0;32m  OK  [0m] Started [0;1;39mSystem Logging Service[0m.
[[0;32m  OK  [0m] Finished [0;1;39mTerminate Plymouth Boot Screen[0m.
[[0;32m  OK  [0m] Finished [0;1;39mHold until boot process finishes up[0m.
[[0;32m  OK  [0m] Started [0;1;39mVirtualization qemu daemon[0m.
[[0;32m  OK  [0m] Started [0;1;39mGetty on tty1[0m.
[[0;32m  OK  [0m] Started [0;1;39mSerial Getty on ttyS0[0m.
[[0;32m  OK  [0m] Reached target [0;1;39mLogin Prompts[0m.
         Starting [0;1;39mAuthorization Manager[0m...
[[0;32m  OK  [0m] Started [0;1;39mAuthorization Manager[0m.
[[0;32m  OK  [0m] Started [0;1;39mDynamic System Tuning Daemon[0m.
[[0;32m  OK  [0m] Reached target [0;1;39mMulti-User System[0m.
         Starting [0;1;39mRecord Runlevel Change in UTMP[0m...
[[0;32m  OK  [0m] Finished [0;1;39mRecord Runlevel Change in UTMP[0m.

CentOS Stream 9
Kernel 6.18.0-next-20251203-b2c27842ba85 on an x86_64

Activate the web console with: systemctl enable --now cockpit.socket

test login: [   26.273669] iommufd_mock iommufd_mock0: Adding to iommu group 0
[   26.277988] ------------[ cut here ]------------
[   26.278641] WARNING: drivers/iommu/iommufd/main.c:369 at iommufd_fops_release+0x385/0x430, CPU#1: repro/724
[   26.280106] Modules linked in:
[   26.280581] CPU: 1 UID: 0 PID: 724 Comm: repro Not tainted 6.18.0-next-20251203-b2c27842ba85 #1 PREEMPT(voluntary) 
[   26.281901] Hardware name: QEMU Standard PC (i440FX + PIIX, 1996), BIOS rel-1.16.0-0-gd239552ce722-prebuilt.qemu.org 04/01/2014
[   26.283453] RIP: 0010:iommufd_fops_release+0x385/0x430
[   26.284150] Code: 8b 45 d0 65 48 2b 05 82 16 78 05 75 7b 48 81 c4 88 00 00 00 31 c0 5b 41 5c 41 5d 41 5e 41 5f 5d e9 40 19 31 02 e8 0b 52 cb fd <0f> 0b e8 04 52 cb fd e9 b0 fe ff ff e8 fa 51 cb fd 0f 0b e9 ef fe
[   26.286461] RSP: 0018:ffff8880202efba8 EFLAGS: 00010293
[   26.287290] RAX: 0000000000000000 RBX: 0000000000000000 RCX: ffffffff83be6832
[   26.288207] RDX: ffff888019104b00 RSI: ffffffff83be69a5 RDI: 0000000000000005
[   26.289136] RBP: ffff8880202efc58 R08: 0000000000000001 R09: 0000000000000001
[   26.290045] R10: 0000000000000000 R11: ffff888019105998 R12: 0000000000000000
[   26.291071] R13: ffff888022d49008 R14: ffff8880202efbf0 R15: 0000000000000000
[   26.292002] FS:  0000000000000000(0000) GS:ffff8880e31c0000(0000) knlGS:0000000000000000
[   26.293036] CS:  0010 DS: 0000 ES: 0000 CR0: 0000000080050033
[   26.293787] CR2: 00007fa6ab957000 CR3: 00000000138bb001 CR4: 0000000000770ef0
[   26.294815] PKRU: 55555554
[   26.295192] Call Trace:
[   26.295539]  <TASK>
[   26.295843]  ? locks_remove_file+0x3b4/0x5d0
[   26.296451]  ? __pfx_iommufd_fops_release+0x10/0x10
[   26.297104]  ? __sanitizer_cov_trace_const_cmp2+0x1c/0x30
[   26.297841]  ? evm_file_release+0x140/0x220
[   26.298439]  ? __pfx_iommufd_fops_release+0x10/0x10
[   26.299193]  __fput+0x41f/0xb70
[   26.299670]  ____fput+0x22/0x30
[   26.300113]  task_work_run+0x19e/0x2b0
[   26.300644]  ? __pfx_task_work_run+0x10/0x10
[   26.301229]  ? __sanitizer_cov_trace_const_cmp4+0x1a/0x20
[   26.301938]  ? switch_task_namespaces+0xdd/0x130
[   26.302579]  do_exit+0x8a3/0x28a0
[   26.303205]  ? do_group_exit+0x1d8/0x2c0
[   26.303745]  ? __pfx_do_exit+0x10/0x10
[   26.304256]  ? __this_cpu_preempt_check+0x21/0x30
[   26.304915]  ? _raw_spin_unlock_irq+0x2c/0x60
[   26.305515]  ? lockdep_hardirqs_on+0x85/0x110
[   26.306099]  ? _raw_spin_unlock_irq+0x2c/0x60
[   26.306796]  ? trace_hardirqs_on+0x26/0x130
[   26.307388]  do_group_exit+0xe4/0x2c0
[   26.307892]  __x64_sys_exit_group+0x4d/0x60
[   26.308460]  x64_sys_call+0x21a2/0x21b0
[   26.308993]  do_syscall_64+0x6d/0x1180
[   26.309509]  entry_SYSCALL_64_after_hwframe+0x76/0x7e
[   26.310174] RIP: 0033:0x7fa6ab718a4d
[   26.310680] Code: Unable to access opcode bytes at 0x7fa6ab718a23.
[   26.311595] RSP: 002b:00007ffdeee343f8 EFLAGS: 00000246 ORIG_RAX: 00000000000000e7
[   26.312569] RAX: ffffffffffffffda RBX: 00007fa6ab7f69e0 RCX: 00007fa6ab718a4d
[   26.313498] RDX: 00000000000000e7 RSI: ffffffffffffff80 RDI: 0000000000000000
[   26.314442] RBP: 0000000000000000 R08: 0000000000000000 R09: 0000000000000020
[   26.315466] R10: 00007ffdeee342a0 R11: 0000000000000246 R12: 00007fa6ab7f69e0
[   26.316385] R13: 00007fa6ab7fbf00 R14: 0000000000000001 R15: 00007fa6ab7fbee8
[   26.317323]  </TASK>
[   26.317642] irq event stamp: 2083
[   26.318092] hardirqs last  enabled at (2091): [<ffffffff81666d75>] __up_console_sem+0x95/0xb0
[   26.319467] hardirqs last disabled at (2214): [<ffffffff81666d5a>] __up_console_sem+0x7a/0xb0
[   26.320566] softirqs last  enabled at (2212): [<ffffffff8148a2fe>] __irq_exit_rcu+0x10e/0x170
[   26.321679] softirqs last disabled at (2099): [<ffffffff8148a2fe>] __irq_exit_rcu+0x10e/0x170
[   26.322880] ---[ end trace 0000000000000000 ]---
[   26.332142] iommufd_mock iommufd_mock0: Adding to iommu group 0
[   26.336162] ------------[ cut here ]------------
[   26.336818] WARNING: drivers/iommu/iommufd/main.c:369 at iommufd_fops_release+0x385/0x430, CPU#1: repro/727
[   26.338060] Modules linked in:
[   26.338505] CPU: 1 UID: 0 PID: 727 Comm: repro Tainted: G        W           6.18.0-next-20251203-b2c27842ba85 #1 PREEMPT(voluntary) 
[   26.340132] Tainted: [W]=WARN
[   26.340558] Hardware name: QEMU Standard PC (i440FX + PIIX, 1996), BIOS rel-1.16.0-0-gd239552ce722-prebuilt.qemu.org 04/01/2014
[   26.341993] RIP: 0010:iommufd_fops_release+0x385/0x430
[   26.342732] Code: 8b 45 d0 65 48 2b 05 82 16 78 05 75 7b 48 81 c4 88 00 00 00 31 c0 5b 41 5c 41 5d 41 5e 41 5f 5d e9 40 19 31 02 e8 0b 52 cb fd <0f> 0b e8 04 52 cb fd e9 b0 fe ff ff e8 fa 51 cb fd 0f 0b e9 ef fe
[   26.345052] RSP: 0018:ffff888015ca7ba8 EFLAGS: 00010293
[   26.345745] RAX: 0000000000000000 RBX: 0000000000000000 RCX: ffffffff83be6832
[   26.346663] RDX: ffff8880181c8000 RSI: ffffffff83be69a5 RDI: 0000000000000005
[   26.347608] RBP: ffff888015ca7c58 R08: 0000000000000001 R09: 0000000000000001
[   26.348529] R10: 0000000000000000 R11: ffff8880181c8e98 R12: 0000000000000000
[   26.349440] R13: ffff888017e49808 R14: ffff888015ca7bf0 R15: 0000000000000000
[   26.350343] FS:  0000000000000000(0000) GS:ffff8880e31c0000(0000) knlGS:0000000000000000
[   26.351408] CS:  0010 DS: 0000 ES: 0000 CR0: 0000000080050033
[   26.352157] CR2: 00007fa6ab7fca50 CR3: 00000000138bb001 CR4: 0000000000770ef0
[   26.353088] PKRU: 55555554
[   26.353467] Call Trace:
[   26.353810]  <TASK>
[   26.354111]  ? locks_remove_file+0x3b4/0x5d0
[   26.354757]  ? __pfx_iommufd_fops_release+0x10/0x10
[   26.355419]  ? __sanitizer_cov_trace_const_cmp2+0x1c/0x30
[   26.356134]  ? evm_file_release+0x140/0x220
[   26.356706]  ? __pfx_iommufd_fops_release+0x10/0x10
[   26.357355]  __fput+0x41f/0xb70
[   26.357807]  ____fput+0x22/0x30
[   26.358253]  task_work_run+0x19e/0x2b0
[   26.358801]  ? __pfx_task_work_run+0x10/0x10
[   26.359385]  ? __sanitizer_cov_trace_const_cmp4+0x1a/0x20
[   26.360096]  ? switch_task_namespaces+0xdd/0x130
[   26.360726]  do_exit+0x8a3/0x28a0
[   26.361191]  ? do_group_exit+0x1d8/0x2c0
[   26.361728]  ? __pfx_do_exit+0x10/0x10
[   26.362239]  ? __this_cpu_preempt_check+0x21/0x30
[   26.362896]  ? _raw_spin_unlock_irq+0x2c/0x60
[   26.363490]  ? lockdep_hardirqs_on+0x85/0x110
[   26.364077]  ? _raw_spin_unlock_irq+0x2c/0x60
[   26.364667]  ? trace_hardirqs_on+0x26/0x130
[   26.365245]  do_group_exit+0xe4/0x2c0
[   26.365753]  __x64_sys_exit_group+0x4d/0x60
[   26.366318]  x64_sys_call+0x21a2/0x21b0
[   26.366881]  do_syscall_64+0x6d/0x1180
[   26.367412]  entry_SYSCALL_64_after_hwframe+0x76/0x7e
[   26.368073] RIP: 0033:0x7fa6ab718a4d
[   26.368570] Code: Unable to access opcode bytes at 0x7fa6ab718a23.
[   26.369366] RSP: 002b:00007ffdeee343f8 EFLAGS: 00000246 ORIG_RAX: 00000000000000e7
[   26.370341] RAX: ffffffffffffffda RBX: 00007fa6ab7f69e0 RCX: 00007fa6ab718a4d
[   26.371297] RDX: 00000000000000e7 RSI: ffffffffffffff80 RDI: 0000000000000000
[   26.372208] RBP: 0000000000000000 R08: 0000000000000000 R09: 0000000000000020
[   26.373122] R10: 00007ffdeee342a0 R11: 0000000000000246 R12: 00007fa6ab7f69e0
[   26.374025] R13: 00007fa6ab7fbf00 R14: 0000000000000001 R15: 00007fa6ab7fbee8
[   26.374997]  </TASK>
[   26.375326] irq event stamp: 1659
[   26.375761] hardirqs last  enabled at (1667): [<ffffffff81666d75>] __up_console_sem+0x95/0xb0
[   26.376857] hardirqs last disabled at (1674): [<ffffffff81666d5a>] __up_console_sem+0x7a/0xb0
[   26.377945] softirqs last  enabled at (1384): [<ffffffff8148a2fe>] __irq_exit_rcu+0x10e/0x170
[   26.379075] softirqs last disabled at (1379): [<ffffffff8148a2fe>] __irq_exit_rcu+0x10e/0x170
[   26.380178] ---[ end trace 0000000000000000 ]---
[   26.393750] iommufd_mock iommufd_mock0: Adding to iommu group 0
[   26.398402] ------------[ cut here ]------------
[   26.399070] WARNING: drivers/iommu/iommufd/main.c:369 at iommufd_fops_release+0x385/0x430, CPU#1: repro/728
[   26.400316] Modules linked in:
[   26.400752] CPU: 1 UID: 0 PID: 728 Comm: repro Tainted: G        W           6.18.0-next-20251203-b2c27842ba85 #1 PREEMPT(voluntary) 
[   26.402283] Tainted: [W]=WARN
[   26.402725] Hardware name: QEMU Standard PC (i440FX + PIIX, 1996), BIOS rel-1.16.0-0-gd239552ce722-prebuilt.qemu.org 04/01/2014
[   26.404159] RIP: 0010:iommufd_fops_release+0x385/0x430
[   26.404848] Code: 8b 45 d0 65 48 2b 05 82 16 78 05 75 7b 48 81 c4 88 00 00 00 31 c0 5b 41 5c 41 5d 41 5e 41 5f 5d e9 40 19 31 02 e8 0b 52 cb fd <0f> 0b e8 04 52 cb fd e9 b0 fe ff ff e8 fa 51 cb fd 0f 0b e9 ef fe
[   26.407152] RSP: 0018:ffff88800f8ffba8 EFLAGS: 00010293
[   26.407844] RAX: 0000000000000000 RBX: 0000000000000000 RCX: ffffffff83be6832
[   26.408752] RDX: ffff888010c1cb00 RSI: ffffffff83be69a5 RDI: 0000000000000005
[   26.409662] RBP: ffff88800f8ffc58 R08: 0000000000000001 R09: 0000000000000001
[   26.410573] R10: 0000000000000000 R11: ffff888010c1d998 R12: 0000000000000000
[   26.411503] R13: ffff888017e4a808 R14: ffff88800f8ffbf0 R15: 0000000000000000
[   26.412416] FS:  0000000000000000(0000) GS:ffff8880e31c0000(0000) knlGS:0000000000000000
[   26.413444] CS:  0010 DS: 0000 ES: 0000 CR0: 0000000080050033
[   26.414185] CR2: 00007fa6ab7fca50 CR3: 0000000007486003 CR4: 0000000000770ef0
[   26.415128] PKRU: 55555554
[   26.415508] Call Trace:
[   26.415846]  <TASK>
[   26.416147]  ? locks_remove_file+0x3b4/0x5d0
[   26.416736]  ? __pfx_iommufd_fops_release+0x10/0x10
[   26.417391]  ? __sanitizer_cov_trace_const_cmp2+0x1c/0x30
[   26.418097]  ? evm_file_release+0x140/0x220
[   26.418666]  ? __pfx_iommufd_fops_release+0x10/0x10
[   26.419342]  __fput+0x41f/0xb70
[   26.419797]  ____fput+0x22/0x30
[   26.420244]  task_work_run+0x19e/0x2b0
[   26.420757]  ? __pfx_task_work_run+0x10/0x10
[   26.421333]  ? __sanitizer_cov_trace_const_cmp4+0x1a/0x20
[   26.422027]  ? switch_task_namespaces+0xdd/0x130
[   26.422653]  do_exit+0x8a3/0x28a0
[   26.423143]  ? do_group_exit+0x1d8/0x2c0
[   26.423678]  ? __pfx_do_exit+0x10/0x10
[   26.424181]  ? __this_cpu_preempt_check+0x21/0x30
[   26.424807]  ? _raw_spin_unlock_irq+0x2c/0x60
[   26.425391]  ? lockdep_hardirqs_on+0x85/0x110
[   26.425970]  ? _raw_spin_unlock_irq+0x2c/0x60
[   26.426551]  ? trace_hardirqs_on+0x26/0x130
[   26.427142]  do_group_exit+0xe4/0x2c0
[   26.427651]  __x64_sys_exit_group+0x4d/0x60
[   26.428207]  x64_sys_call+0x21a2/0x21b0
[   26.428731]  do_syscall_64+0x6d/0x1180
[   26.429239]  entry_SYSCALL_64_after_hwframe+0x76/0x7e
[   26.429893] RIP: 0033:0x7fa6ab718a4d
[   26.430381] Code: Unable to access opcode bytes at 0x7fa6ab718a23.
[   26.431191] RSP: 002b:00007ffdeee343f8 EFLAGS: 00000246 ORIG_RAX: 00000000000000e7
[   26.432147] RAX: ffffffffffffffda RBX: 00007fa6ab7f69e0 RCX: 00007fa6ab718a4d
[   26.433045] RDX: 00000000000000e7 RSI: ffffffffffffff80 RDI: 0000000000000000
[   26.433969] RBP: 0000000000000000 R08: 0000000000000000 R09: 0000000000000020
[   26.434908] R10: 00007ffdeee342a0 R11: 0000000000000246 R12: 00007fa6ab7f69e0
[   26.435817] R13: 00007fa6ab7fbf00 R14: 0000000000000001 R15: 00007fa6ab7fbee8
[   26.436746]  </TASK>
[   26.437062] irq event stamp: 1377
[   26.437515] hardirqs last  enabled at (1385): [<ffffffff81666d75>] __up_console_sem+0x95/0xb0
[   26.438601] hardirqs last disabled at (1392): [<ffffffff81666d5a>] __up_console_sem+0x7a/0xb0
[   26.439754] softirqs last  enabled at (1406): [<ffffffff8148a2fe>] __irq_exit_rcu+0x10e/0x170
[   26.440857] softirqs last disabled at (1401): [<ffffffff8148a2fe>] __irq_exit_rcu+0x10e/0x170
[   26.441940] ---[ end trace 0000000000000000 ]---
[   26.455394] iommufd_mock iommufd_mock0: Adding to iommu group 0
[   26.458371] ------------[ cut here ]------------
[   26.459023] WARNING: drivers/iommu/iommufd/main.c:369 at iommufd_fops_release+0x385/0x430, CPU#1: repro/729
[   26.460267] Modules linked in:
[   26.460701] CPU: 1 UID: 0 PID: 729 Comm: repro Tainted: G        W           6.18.0-next-20251203-b2c27842ba85 #1 PREEMPT(voluntary) 
[   26.462207] Tainted: [W]=WARN
[   26.462619] Hardware name: QEMU Standard PC (i440FX + PIIX, 1996), BIOS rel-1.16.0-0-gd239552ce722-prebuilt.qemu.org 04/01/2014
[   26.464069] RIP: 0010:iommufd_fops_release+0x385/0x430
[   26.464762] Code: 8b 45 d0 65 48 2b 05 82 16 78 05 75 7b 48 81 c4 88 00 00 00 31 c0 5b 41 5c 41 5d 41 5e 41 5f 5d e9 40 19 31 02 e8 0b 52 cb fd <0f> 0b e8 04 52 cb fd e9 b0 fe ff ff e8 fa 51 cb fd 0f 0b e9 ef fe
[   26.467098] RSP: 0018:ffff8880157d7ba8 EFLAGS: 00010293
[   26.467789] RAX: 0000000000000000 RBX: 0000000000000000 RCX: ffffffff83be6832
[   26.468704] RDX: ffff888015f8cb00 RSI: ffffffff83be69a5 RDI: 0000000000000005
[   26.469617] RBP: ffff8880157d7c58 R08: 0000000000000001 R09: 0000000000000001
[   26.470526] R10: 0000000000000000 R11: ffff888015f8d998 R12: 0000000000000000
[   26.471465] R13: ffff888017e4f008 R14: ffff8880157d7bf0 R15: 0000000000000000
[   26.472384] FS:  0000000000000000(0000) GS:ffff8880e31c0000(0000) knlGS:0000000000000000
[   26.473413] CS:  0010 DS: 0000 ES: 0000 CR0: 0000000080050033
[   26.474153] CR2: 00007fa6ab7fca50 CR3: 0000000007486003 CR4: 0000000000770ef0
[   26.475090] PKRU: 55555554
[   26.475468] Call Trace:
[   26.475808]  <TASK>
[   26.476109]  ? locks_remove_file+0x3b4/0x5d0
[   26.476702]  ? __pfx_iommufd_fops_release+0x10/0x10
[   26.477356]  ? __sanitizer_cov_trace_const_cmp2+0x1c/0x30
[   26.478064]  ? evm_file_release+0x140/0x220
[   26.478633]  ? __pfx_iommufd_fops_release+0x10/0x10
[   26.479304]  __fput+0x41f/0xb70
[   26.479755]  ____fput+0x22/0x30
[   26.480193]  task_work_run+0x19e/0x2b0
[   26.480716]  ? __pfx_task_work_run+0x10/0x10
[   26.481293]  ? __sanitizer_cov_trace_const_cmp4+0x1a/0x20
[   26.481999]  ? switch_task_namespaces+0xdd/0x130
[   26.482625]  do_exit+0x8a3/0x28a0
[   26.483113]  ? do_group_exit+0x1d8/0x2c0
[   26.483641]  ? __pfx_do_exit+0x10/0x10
[   26.484147]  ? __this_cpu_preempt_check+0x21/0x30
[   26.484773]  ? _raw_spin_unlock_irq+0x2c/0x60
[   26.485359]  ? lockdep_hardirqs_on+0x85/0x110
[   26.485952]  ? _raw_spin_unlock_irq+0x2c/0x60
[   26.486536]  ? trace_hardirqs_on+0x26/0x130
[   26.487132]  do_group_exit+0xe4/0x2c0
[   26.487640]  __x64_sys_exit_group+0x4d/0x60
[   26.488197]  x64_sys_call+0x21a2/0x21b0
[   26.488724]  do_syscall_64+0x6d/0x1180
[   26.489234]  entry_SYSCALL_64_after_hwframe+0x76/0x7e
[   26.489896] RIP: 0033:0x7fa6ab718a4d
[   26.490389] Code: Unable to access opcode bytes at 0x7fa6ab718a23.
[   26.491199] RSP: 002b:00007ffdeee343f8 EFLAGS: 00000246 ORIG_RAX: 00000000000000e7
[   26.492169] RAX: ffffffffffffffda RBX: 00007fa6ab7f69e0 RCX: 00007fa6ab718a4d
[   26.493075] RDX: 00000000000000e7 RSI: ffffffffffffff80 RDI: 0000000000000000
[   26.493982] RBP: 0000000000000000 R08: 0000000000000000 R09: 0000000000000020
[   26.494912] R10: 00007ffdeee342a0 R11: 0000000000000246 R12: 00007fa6ab7f69e0
[   26.495820] R13: 00007fa6ab7fbf00 R14: 0000000000000001 R15: 00007fa6ab7fbee8
[   26.496751]  </TASK>
[   26.497065] irq event stamp: 1279
[   26.497515] hardirqs last  enabled at (1287): [<ffffffff81666d75>] __up_console_sem+0x95/0xb0
[   26.498605] hardirqs last disabled at (1294): [<ffffffff81666d5a>] __up_console_sem+0x7a/0xb0
[   26.499715] softirqs last  enabled at (824): [<ffffffff8148a2fe>] __irq_exit_rcu+0x10e/0x170
[   26.500788] softirqs last disabled at (815): [<ffffffff8148a2fe>] __irq_exit_rcu+0x10e/0x170
[   26.501863] ---[ end trace 0000000000000000 ]---
[   26.506625] iommufd_mock iommufd_mock0: Adding to iommu group 0
[   26.510090] ------------[ cut here ]------------
[   26.510777] WARNING: drivers/iommu/iommufd/main.c:369 at iommufd_fops_release+0x385/0x430, CPU#1: repro/730
[   26.512045] Modules linked in:
[   26.512491] CPU: 1 UID: 0 PID: 730 Comm: repro Tainted: G        W           6.18.0-next-20251203-b2c27842ba85 #1 PREEMPT(voluntary) 
[   26.513991] Tainted: [W]=WARN
[   26.514404] Hardware name: QEMU Standard PC (i440FX + PIIX, 1996), BIOS rel-1.16.0-0-gd239552ce722-prebuilt.qemu.org 04/01/2014
[   26.516356] RIP: 0010:iommufd_fops_release+0x385/0x430
[   26.517045] Code: 8b 45 d0 65 48 2b 05 82 16 78 05 75 7b 48 81 c4 88 00 00 00 31 c0 5b 41 5c 41 5d 41 5e 41 5f 5d e9 40 19 31 02 e8 0b 52 cb fd <0f> 0b e8 04 52 cb fd e9 b0 fe ff ff e8 fa 51 cb fd 0f 0b e9 ef fe
[   26.519396] RSP: 0018:ffff8880185a7ba8 EFLAGS: 00010293
[   26.520092] RAX: 0000000000000000 RBX: 0000000000000000 RCX: ffffffff83be6832
[   26.520996] RDX: ffff888015f8a580 RSI: ffffffff83be69a5 RDI: 0000000000000005
[   26.521911] RBP: ffff8880185a7c58 R08: 0000000000000001 R09: 0000000000000001
[   26.522859] R10: 0000000000000000 R11: ffff888015f8b418 R12: 0000000000000000
[   26.523752] R13: ffff888017e4d008 R14: ffff8880185a7bf0 R15: 0000000000000000
[   26.524665] FS:  0000000000000000(0000) GS:ffff8880e31c0000(0000) knlGS:0000000000000000
[   26.525690] CS:  0010 DS: 0000 ES: 0000 CR0: 0000000080050033
[   26.526442] CR2: 00007fa6ab7fca50 CR3: 0000000007486003 CR4: 0000000000770ef0
[   26.527384] PKRU: 55555554
[   26.527760] Call Trace:
[   26.528099]  <TASK>
[   26.528407]  ? locks_remove_file+0x3b4/0x5d0
[   26.529441]  ? __pfx_iommufd_fops_release+0x10/0x10
[   26.530094]  ? __sanitizer_cov_trace_const_cmp2+0x1c/0x30
[   26.531147]  ? evm_file_release+0x140/0x220
[   26.531745]  ? __pfx_iommufd_fops_release+0x10/0x10
[   26.532433]  __fput+0x41f/0xb70
[   26.532891]  ____fput+0x22/0x30
[   26.533533]  task_work_run+0x19e/0x2b0
[   26.534058]  ? __pfx_task_work_run+0x10/0x10
[   26.534679]  ? __sanitizer_cov_trace_const_cmp4+0x1a/0x20
[   26.535588]  ? switch_task_namespaces+0xdd/0x130
[   26.536261]  do_exit+0x8a3/0x28a0
[   26.536779]  ? do_group_exit+0x1d8/0x2c0
[   26.537485]  ? __pfx_do_exit+0x10/0x10
[   26.538021]  ? __this_cpu_preempt_check+0x21/0x30
[   26.538910]  ? _raw_spin_unlock_irq+0x2c/0x60
[   26.539523]  ? lockdep_hardirqs_on+0x85/0x110
[   26.540341]  ? _raw_spin_unlock_irq+0x2c/0x60
[   26.540949]  ? trace_hardirqs_on+0x26/0x130
[   26.541695]  do_group_exit+0xe4/0x2c0
[   26.542215]  __x64_sys_exit_group+0x4d/0x60
[   26.543038]  x64_sys_call+0x21a2/0x21b0
[   26.543579]  do_syscall_64+0x6d/0x1180
[   26.544539]  entry_SYSCALL_64_after_hwframe+0x76/0x7e
[   26.545244] RIP: 0033:0x7fa6ab718a4d
[   26.545892] Code: Unable to access opcode bytes at 0x7fa6ab718a23.
[   26.547063] RSP: 002b:00007ffdeee343f8 EFLAGS: 00000246 ORIG_RAX: 00000000000000e7
[   26.548143] RAX: ffffffffffffffda RBX: 00007fa6ab7f69e0 RCX: 00007fa6ab718a4d
[   26.549279] RDX: 00000000000000e7 RSI: ffffffffffffff80 RDI: 0000000000000000
[   26.550359] RBP: 0000000000000000 R08: 0000000000000000 R09: 0000000000000020
[   26.551525] R10: 00007ffdeee342a0 R11: 0000000000000246 R12: 00007fa6ab7f69e0
[   26.552443] R13: 00007fa6ab7fbf00 R14: 0000000000000001 R15: 00007fa6ab7fbee8
[   26.553451]  </TASK>
[   26.553801] irq event stamp: 1575
[   26.554247] hardirqs last  enabled at (1583): [<ffffffff81666d75>] __up_console_sem+0x95/0xb0
[   26.555451] hardirqs last disabled at (1592): [<ffffffff81666d5a>] __up_console_sem+0x7a/0xb0
[   26.556599] softirqs last  enabled at (1166): [<ffffffff8148a2fe>] __irq_exit_rcu+0x10e/0x170
[   26.557742] softirqs last disabled at (869): [<ffffffff8148a2fe>] __irq_exit_rcu+0x10e/0x170
[   26.558891] ---[ end trace 0000000000000000 ]---
[   26.568570] iommufd_mock iommufd_mock0: Adding to iommu group 0
[   26.572318] ------------[ cut here ]------------
[   26.572942] WARNING: drivers/iommu/iommufd/main.c:369 at iommufd_fops_release+0x385/0x430, CPU#1: repro/731
[   26.574187] Modules linked in:
[   26.574630] CPU: 1 UID: 0 PID: 731 Comm: repro Tainted: G        W           6.18.0-next-20251203-b2c27842ba85 #1 PREEMPT(voluntary) 
[   26.576179] Tainted: [W]=WARN
[   26.576583] Hardware name: QEMU Standard PC (i440FX + PIIX, 1996), BIOS rel-1.16.0-0-gd239552ce722-prebuilt.qemu.org 04/01/2014
[   26.578025] RIP: 0010:iommufd_fops_release+0x385/0x430
[   26.578766] Code: 8b 45 d0 65 48 2b 05 82 16 78 05 75 7b 48 81 c4 88 00 00 00 31 c0 5b 41 5c 41 5d 41 5e 41 5f 5d e9 40 19 31 02 e8 0b 52 cb fd <0f> 0b e8 04 52 cb fd e9 b0 fe ff ff e8 fa 51 cb fd 0f 0b e9 ef fe
[   26.581086] RSP: 0018:ffff8880155dfba8 EFLAGS: 00010293
[   26.581776] RAX: 0000000000000000 RBX: 0000000000000000 RCX: ffffffff83be6832
[   26.582775] RDX: ffff888024864b00 RSI: ffffffff83be69a5 RDI: 0000000000000005
[   26.583693] RBP: ffff8880155dfc58 R08: 0000000000000001 R09: 0000000000000001
[   26.584611] R10: 0000000000000000 R11: ffff888024865998 R12: 0000000000000000
[   26.585524] R13: ffff888015cb3008 R14: ffff8880155dfbf0 R15: 0000000000000000
[   26.586440] FS:  0000000000000000(0000) GS:ffff8880e31c0000(0000) knlGS:0000000000000000
[   26.587497] CS:  0010 DS: 0000 ES: 0000 CR0: 0000000080050033
[   26.588251] CR2: 00007fa6ab7fca50 CR3: 00000000132f3003 CR4: 0000000000770ef0
[   26.589167] PKRU: 55555554
[   26.589546] Call Trace:
[   26.589890]  <TASK>
[   26.590194]  ? locks_remove_file+0x3b4/0x5d0
[   26.590830]  ? __pfx_iommufd_fops_release+0x10/0x10
[   26.591491]  ? __sanitizer_cov_trace_const_cmp2+0x1c/0x30
[   26.592206]  ? evm_file_release+0x140/0x220
[   26.592786]  ? __pfx_iommufd_fops_release+0x10/0x10
[   26.593441]  __fput+0x41f/0xb70
[   26.593895]  ____fput+0x22/0x30
[   26.594343]  task_work_run+0x19e/0x2b0
[   26.594889]  ? __pfx_task_work_run+0x10/0x10
[   26.595473]  ? __sanitizer_cov_trace_const_cmp4+0x1a/0x20
[   26.596188]  ? switch_task_namespaces+0xdd/0x130
[   26.596820]  do_exit+0x8a3/0x28a0
[   26.597292]  ? do_group_exit+0x1d8/0x2c0
[   26.597830]  ? __pfx_do_exit+0x10/0x10
[   26.598346]  ? __this_cpu_preempt_check+0x21/0x30
[   26.599007]  ? _raw_spin_unlock_irq+0x2c/0x60
[   26.599603]  ? lockdep_hardirqs_on+0x85/0x110
[   26.600193]  ? _raw_spin_unlock_irq+0x2c/0x60
[   26.600790]  ? trace_hardirqs_on+0x26/0x130
[   26.601362]  do_group_exit+0xe4/0x2c0
[   26.601869]  __x64_sys_exit_group+0x4d/0x60
[   26.602439]  x64_sys_call+0x21a2/0x21b0
[   26.602997]  do_syscall_64+0x6d/0x1180
[   26.603522]  entry_SYSCALL_64_after_hwframe+0x76/0x7e
[   26.604187] RIP: 0033:0x7fa6ab718a4d
[   26.604680] Code: Unable to access opcode bytes at 0x7fa6ab718a23.
[   26.605477] RSP: 002b:00007ffdeee343f8 EFLAGS: 00000246 ORIG_RAX: 00000000000000e7
[   26.606461] RAX: ffffffffffffffda RBX: 00007fa6ab7f69e0 RCX: 00007fa6ab718a4d
[   26.607411] RDX: 00000000000000e7 RSI: ffffffffffffff80 RDI: 0000000000000000
[   26.608351] RBP: 0000000000000000 R08: 0000000000000000 R09: 0000000000000020
[   26.609272] R10: 00007ffdeee342a0 R11: 0000000000000246 R12: 00007fa6ab7f69e0
[   26.610186] R13: 00007fa6ab7fbf00 R14: 0000000000000001 R15: 00007fa6ab7fbee8
[   26.611155]  </TASK>
[   26.611482] irq event stamp: 1621
[   26.611934] hardirqs last  enabled at (1629): [<ffffffff81666d75>] __up_console_sem+0x95/0xb0
[   26.613048] hardirqs last disabled at (1636): [<ffffffff81666d5a>] __up_console_sem+0x7a/0xb0
[   26.614140] softirqs last  enabled at (1222): [<ffffffff8148a2fe>] __irq_exit_rcu+0x10e/0x170
[   26.615271] softirqs last disabled at (1209): [<ffffffff8148a2fe>] __irq_exit_rcu+0x10e/0x170
[   26.616371] ---[ end trace 0000000000000000 ]---
[   26.629776] iommufd_mock iommufd_mock0: Adding to iommu group 0
[   26.633414] ------------[ cut here ]------------
[   26.634037] WARNING: drivers/iommu/iommufd/main.c:369 at iommufd_fops_release+0x385/0x430, CPU#1: repro/732
[   26.635357] Modules linked in:
[   26.635796] CPU: 1 UID: 0 PID: 732 Comm: repro Tainted: G        W           6.18.0-next-20251203-b2c27842ba85 #1 PREEMPT(voluntary) 
[   26.637306] Tainted: [W]=WARN
[   26.637716] Hardware name: QEMU Standard PC (i440FX + PIIX, 1996), BIOS rel-1.16.0-0-gd239552ce722-prebuilt.qemu.org 04/01/2014
[   26.639180] RIP: 0010:iommufd_fops_release+0x385/0x430
[   26.639862] Code: 8b 45 d0 65 48 2b 05 82 16 78 05 75 7b 48 81 c4 88 00 00 00 31 c0 5b 41 5c 41 5d 41 5e 41 5f 5d e9 40 19 31 02 e8 0b 52 cb fd <0f> 0b e8 04 52 cb fd e9 b0 fe ff ff e8 fa 51 cb fd 0f 0b e9 ef fe
[   26.642181] RSP: 0018:ffff8880170afba8 EFLAGS: 00010293
[   26.642872] RAX: 0000000000000000 RBX: 0000000000000000 RCX: ffffffff83be6832
[   26.643796] RDX: ffff888024862580 RSI: ffffffff83be69a5 RDI: 0000000000000005
[   26.644716] RBP: ffff8880170afc58 R08: 0000000000000001 R09: 0000000000000001
[   26.645629] R10: 0000000000000000 R11: ffff888024863418 R12: 0000000000000000
[   26.646545] R13: ffff888015cb3808 R14: ffff8880170afbf0 R15: 0000000000000000
[   26.647487] FS:  0000000000000000(0000) GS:ffff8880e31c0000(0000) knlGS:0000000000000000
[   26.648519] CS:  0010 DS: 0000 ES: 0000 CR0: 0000000080050033
[   26.649268] CR2: 00007fa6ab7fca50 CR3: 000000002966a006 CR4: 0000000000770ef0
[   26.650183] PKRU: 55555554
[   26.650564] Call Trace:
[   26.650932]  <TASK>
[   26.651246]  ? locks_remove_file+0x3b4/0x5d0
[   26.651839]  ? __pfx_iommufd_fops_release+0x10/0x10
[   26.652498]  ? __sanitizer_cov_trace_const_cmp2+0x1c/0x30
[   26.653201]  ? evm_file_release+0x140/0x220
[   26.653776]  ? __pfx_iommufd_fops_release+0x10/0x10
[   26.654424]  __fput+0x41f/0xb70
[   26.654913]  ____fput+0x22/0x30
[   26.655362]  task_work_run+0x19e/0x2b0
[   26.655879]  ? __pfx_task_work_run+0x10/0x10
[   26.656456]  ? __sanitizer_cov_trace_const_cmp4+0x1a/0x20
[   26.657157]  ? switch_task_namespaces+0xdd/0x130
[   26.657785]  do_exit+0x8a3/0x28a0
[   26.658256]  ? do_group_exit+0x1d8/0x2c0
[   26.658819]  ? __pfx_do_exit+0x10/0x10
[   26.659333]  ? __this_cpu_preempt_check+0x21/0x30
[   26.659960]  ? _raw_spin_unlock_irq+0x2c/0x60
[   26.660549]  ? lockdep_hardirqs_on+0x85/0x110
[   26.661133]  ? _raw_spin_unlock_irq+0x2c/0x60
[   26.661717]  ? trace_hardirqs_on+0x26/0x130
[   26.662288]  do_group_exit+0xe4/0x2c0
[   26.662816]  __x64_sys_exit_group+0x4d/0x60
[   26.663375]  x64_sys_call+0x21a2/0x21b0
[   26.663878]  do_syscall_64+0x6d/0x1180
[   26.664401]  entry_SYSCALL_64_after_hwframe+0x76/0x7e
[   26.665070] RIP: 0033:0x7fa6ab718a4d
[   26.665563] Code: Unable to access opcode bytes at 0x7fa6ab718a23.
[   26.666357] RSP: 002b:00007ffdeee343f8 EFLAGS: 00000246 ORIG_RAX: 00000000000000e7
[   26.667349] RAX: ffffffffffffffda RBX: 00007fa6ab7f69e0 RCX: 00007fa6ab718a4d
[   26.668241] RDX: 00000000000000e7 RSI: ffffffffffffff80 RDI: 0000000000000000
[   26.669147] RBP: 0000000000000000 R08: 0000000000000000 R09: 0000000000000020
[   26.670057] R10: 00007ffdeee342a0 R11: 0000000000000246 R12: 00007fa6ab7f69e0
[   26.670988] R13: 00007fa6ab7fbf00 R14: 0000000000000001 R15: 00007fa6ab7fbee8
[   26.671923]  </TASK>
[   26.672243] irq event stamp: 1273
[   26.672693] hardirqs last  enabled at (1281): [<ffffffff81666d75>] __up_console_sem+0x95/0xb0
[   26.673781] hardirqs last disabled at (1288): [<ffffffff81666d5a>] __up_console_sem+0x7a/0xb0
[   26.674883] softirqs last  enabled at (1040): [<ffffffff8148a2fe>] __irq_exit_rcu+0x10e/0x170
[   26.675973] softirqs last disabled at (1035): [<ffffffff8148a2fe>] __irq_exit_rcu+0x10e/0x170
[   26.677061] ---[ end trace 0000000000000000 ]---
[   26.681266] iommufd_mock iommufd_mock0: Adding to iommu group 0
[   26.686217] ------------[ cut here ]------------
[   26.686918] WARNING: drivers/iommu/iommufd/main.c:369 at iommufd_fops_release+0x385/0x430, CPU#1: repro/733
[   26.688178] Modules linked in:
[   26.688618] CPU: 1 UID: 0 PID: 733 Comm: repro Tainted: G        W           6.18.0-next-20251203-b2c27842ba85 #1 PREEMPT(voluntary) 
[   26.690121] Tainted: [W]=WARN
[   26.690535] Hardware name: QEMU Standard PC (i440FX + PIIX, 1996), BIOS rel-1.16.0-0-gd239552ce722-prebuilt.qemu.org 04/01/2014
[   26.692083] RIP: 0010:iommufd_fops_release+0x385/0x430
[   26.692774] Code: 8b 45 d0 65 48 2b 05 82 16 78 05 75 7b 48 81 c4 88 00 00 00 31 c0 5b 41 5c 41 5d 41 5e 41 5f 5d e9 40 19 31 02 e8 0b 52 cb fd <0f> 0b e8 04 52 cb fd e9 b0 fe ff ff e8 fa 51 cb fd 0f 0b e9 ef fe
[   26.695241] RSP: 0018:ffff8880181afba8 EFLAGS: 00010293
[   26.695929] RAX: 0000000000000000 RBX: 0000000000000000 RCX: ffffffff83be6832
[   26.696843] RDX: ffff888018062580 RSI: ffffffff83be69a5 RDI: 0000000000000005
[   26.697760] RBP: ffff8880181afc58 R08: 0000000000000001 R09: 0000000000000001
[   26.698676] R10: 0000000000000000 R11: ffff888018063418 R12: 0000000000000000
[   26.699709] R13: ffff888015cb4008 R14: ffff8880181afbf0 R15: 0000000000000000
[   26.700627] FS:  0000000000000000(0000) GS:ffff8880e31c0000(0000) knlGS:0000000000000000
[   26.701654] CS:  0010 DS: 0000 ES: 0000 CR0: 0000000080050033
[   26.702404] CR2: 00007fa6ab7fca50 CR3: 00000000132f3003 CR4: 0000000000770ef0
[   26.703414] PKRU: 55555554
[   26.703792] Call Trace:
[   26.704135]  <TASK>
[   26.704442]  ? locks_remove_file+0x3b4/0x5d0
[   26.705029]  ? __pfx_iommufd_fops_release+0x10/0x10
[   26.705683]  ? __sanitizer_cov_trace_const_cmp2+0x1c/0x30
[   26.706400]  ? evm_file_release+0x140/0x220
[   26.707039]  ? __pfx_iommufd_fops_release+0x10/0x10
[   26.707692]  __fput+0x41f/0xb70
[   26.708145]  ____fput+0x22/0x30
[   26.708592]  task_work_run+0x19e/0x2b0
[   26.709107]  ? __pfx_task_work_run+0x10/0x10
[   26.709693]  ? __sanitizer_cov_trace_const_cmp4+0x1a/0x20
[   26.710418]  ? switch_task_namespaces+0xdd/0x130
[   26.711126]  do_exit+0x8a3/0x28a0
[   26.711600]  ? do_group_exit+0x1d8/0x2c0
[   26.712136]  ? __pfx_do_exit+0x10/0x10
[   26.712658]  ? __this_cpu_preempt_check+0x21/0x30
[   26.713291]  ? _raw_spin_unlock_irq+0x2c/0x60
[   26.713876]  ? lockdep_hardirqs_on+0x85/0x110
[   26.714467]  ? _raw_spin_unlock_irq+0x2c/0x60
[   26.715129]  ? trace_hardirqs_on+0x26/0x130
[   26.715690]  do_group_exit+0xe4/0x2c0
[   26.716193]  __x64_sys_exit_group+0x4d/0x60
[   26.716764]  x64_sys_call+0x21a2/0x21b0
[   26.717290]  do_syscall_64+0x6d/0x1180
[   26.717800]  entry_SYSCALL_64_after_hwframe+0x76/0x7e
[   26.718470] RIP: 0033:0x7fa6ab718a4d
[   26.718983] Code: Unable to access opcode bytes at 0x7fa6ab718a23.
[   26.719785] RSP: 002b:00007ffdeee343f8 EFLAGS: 00000246 ORIG_RAX: 00000000000000e7
[   26.720760] RAX: ffffffffffffffda RBX: 00007fa6ab7f69e0 RCX: 00007fa6ab718a4d
[   26.721673] RDX: 00000000000000e7 RSI: ffffffffffffff80 RDI: 0000000000000000
[   26.722581] RBP: 0000000000000000 R08: 0000000000000000 R09: 0000000000000020
[   26.723521] R10: 00007ffdeee342a0 R11: 0000000000000246 R12: 00007fa6ab7f69e0
[   26.724440] R13: 00007fa6ab7fbf00 R14: 0000000000000001 R15: 00007fa6ab7fbee8
[   26.725375]  </TASK>
[   26.725689] irq event stamp: 1655
[   26.726139] hardirqs last  enabled at (1663): [<ffffffff81666d75>] __up_console_sem+0x95/0xb0
[   26.727270] hardirqs last disabled at (1672): [<ffffffff81666d5a>] __up_console_sem+0x7a/0xb0
[   26.728367] softirqs last  enabled at (1522): [<ffffffff8148a2fe>] __irq_exit_rcu+0x10e/0x170
[   26.729458] softirqs last disabled at (1499): [<ffffffff8148a2fe>] __irq_exit_rcu+0x10e/0x170
[   26.730572] ---[ end trace 0000000000000000 ]---
[   26.743093] iommufd_mock iommufd_mock0: Adding to iommu group 0
[   26.746268] ------------[ cut here ]------------
[   26.747511] WARNING: drivers/iommu/iommufd/main.c:369 at iommufd_fops_release+0x385/0x430, CPU#1: repro/734
[   26.748766] Modules linked in:
[   26.749197] CPU: 1 UID: 0 PID: 734 Comm: repro Tainted: G        W           6.18.0-next-20251203-b2c27842ba85 #1 PREEMPT(voluntary) 
[   26.750759] Tainted: [W]=WARN
[   26.751172] Hardware name: QEMU Standard PC (i440FX + PIIX, 1996), BIOS rel-1.16.0-0-gd239552ce722-prebuilt.qemu.org 04/01/2014
[   26.752609] RIP: 0010:iommufd_fops_release+0x385/0x430
[   26.753298] Code: 8b 45 d0 65 48 2b 05 82 16 78 05 75 7b 48 81 c4 88 00 00 00 31 c0 5b 41 5c 41 5d 41 5e 41 5f 5d e9 40 19 31 02 e8 0b 52 cb fd <0f> 0b e8 04 52 cb fd e9 b0 fe ff ff e8 fa 51 cb fd 0f 0b e9 ef fe
[   26.755647] RSP: 0018:ffff888014447ba8 EFLAGS: 00010293
[   26.756353] RAX: 0000000000000000 RBX: 0000000000000000 RCX: ffffffff83be6832
[   26.757282] RDX: ffff888017d24b00 RSI: ffffffff83be69a5 RDI: 0000000000000005
[   26.758193] RBP: ffff888014447c58 R08: 0000000000000001 R09: 0000000000000001
[   26.759153] R10: 0000000000000000 R11: ffff888017d25998 R12: 0000000000000000
[   26.760068] R13: ffff888015cb7008 R14: ffff888014447bf0 R15: 0000000000000000
[   26.760979] FS:  0000000000000000(0000) GS:ffff8880e31c0000(0000) knlGS:0000000000000000
[   26.762005] CS:  0010 DS: 0000 ES: 0000 CR0: 0000000080050033
[   26.762796] CR2: 00007fa6ab7fca50 CR3: 0000000007486005 CR4: 0000000000770ef0
[   26.763729] PKRU: 55555554
[   26.764100] Call Trace:
[   26.764447]  <TASK>
[   26.764750]  ? locks_remove_file+0x3b4/0x5d0
[   26.765343]  ? __pfx_iommufd_fops_release+0x10/0x10
[   26.765991]  ? __sanitizer_cov_trace_const_cmp2+0x1c/0x30
[   26.766733]  ? evm_file_release+0x140/0x220
[   26.767312]  ? __pfx_iommufd_fops_release+0x10/0x10
[   26.767961]  __fput+0x41f/0xb70
[   26.768419]  ____fput+0x22/0x30
[   26.768854]  task_work_run+0x19e/0x2b0
[   26.769377]  ? __pfx_task_work_run+0x10/0x10
[   26.769953]  ? __sanitizer_cov_trace_const_cmp4+0x1a/0x20
[   26.770665]  ? switch_task_namespaces+0xdd/0x130
[   26.771334]  do_exit+0x8a3/0x28a0
[   26.771801]  ? do_group_exit+0x1d8/0x2c0
[   26.772340]  ? __pfx_do_exit+0x10/0x10
[   26.772846]  ? __this_cpu_preempt_check+0x21/0x30
[   26.773481]  ? _raw_spin_unlock_irq+0x2c/0x60
[   26.774067]  ? lockdep_hardirqs_on+0x85/0x110
[   26.774652]  ? _raw_spin_unlock_irq+0x2c/0x60
[   26.775266]  ? trace_hardirqs_on+0x26/0x130
[   26.775839]  do_group_exit+0xe4/0x2c0
[   26.776347]  __x64_sys_exit_group+0x4d/0x60
[   26.776910]  x64_sys_call+0x21a2/0x21b0
[   26.777434]  do_syscall_64+0x6d/0x1180
[   26.777945]  entry_SYSCALL_64_after_hwframe+0x76/0x7e
[   26.778613] RIP: 0033:0x7fa6ab718a4d
[   26.779120] Code: Unable to access opcode bytes at 0x7fa6ab718a23.
[   26.779938] RSP: 002b:00007ffdeee343f8 EFLAGS: 00000246 ORIG_RAX: 00000000000000e7
[   26.780906] RAX: ffffffffffffffda RBX: 00007fa6ab7f69e0 RCX: 00007fa6ab718a4d
[   26.781818] RDX: 00000000000000e7 RSI: ffffffffffffff80 RDI: 0000000000000000
[   26.782752] RBP: 0000000000000000 R08: 0000000000000000 R09: 0000000000000020
[   26.783667] R10: 00007ffdeee342a0 R11: 0000000000000246 R12: 00007fa6ab7f69e0
[   26.784865] R13: 00007fa6ab7fbf00 R14: 0000000000000001 R15: 00007fa6ab7fbee8
[   26.785818]  </TASK>
[   26.786154] irq event stamp: 1693
[   26.786830] hardirqs last  enabled at (1703): [<ffffffff81666d75>] __up_console_sem+0x95/0xb0
[   26.787959] hardirqs last disabled at (1710): [<ffffffff81666d5a>] __up_console_sem+0x7a/0xb0
[   26.789156] softirqs last  enabled at (1344): [<ffffffff8148a2fe>] __irq_exit_rcu+0x10e/0x170
[   26.790334] softirqs last disabled at (1335): [<ffffffff8148a2fe>] __irq_exit_rcu+0x10e/0x170
[   26.791522] ---[ end trace 0000000000000000 ]---
[   26.797157] iommufd_mock iommufd_mock0: Adding to iommu group 0
[   26.803731] ------------[ cut here ]------------
[   26.804399] WARNING: drivers/iommu/iommufd/main.c:369 at iommufd_fops_release+0x385/0x430, CPU#1: repro/735
[   26.805703] Modules linked in:
[   26.806168] CPU: 1 UID: 0 PID: 735 Comm: repro Tainted: G        W           6.18.0-next-20251203-b2c27842ba85 #1 PREEMPT(voluntary) 
[   26.807788] Tainted: [W]=WARN
[   26.808246] Hardware name: QEMU Standard PC (i440FX + PIIX, 1996), BIOS rel-1.16.0-0-gd239552ce722-prebuilt.qemu.org 04/01/2014
[   26.809734] RIP: 0010:iommufd_fops_release+0x385/0x430
[   26.810425] Code: 8b 45 d0 65 48 2b 05 82 16 78 05 75 7b 48 81 c4 88 00 00 00 31 c0 5b 41 5c 41 5d 41 5e 41 5f 5d e9 40 19 31 02 e8 0b 52 cb fd <0f> 0b e8 04 52 cb fd e9 b0 fe ff ff e8 fa 51 cb fd 0f 0b e9 ef fe
[   26.812868] RSP: 0018:ffff8880181afba8 EFLAGS: 00010293
[   26.813568] RAX: 0000000000000000 RBX: 0000000000000000 RCX: ffffffff83be6832
[   26.814534] RDX: ffff888014190000 RSI: ffffffff83be69a5 RDI: 0000000000000005
[   26.815486] RBP: ffff8880181afc58 R08: 0000000000000001 R09: 0000000000000001
[   26.816405] R10: 0000000000000000 R11: ffff888014190e98 R12: 0000000000000000
[   26.817374] R13: ffff888015cb2008 R14: ffff8880181afbf0 R15: 0000000000000000
[   26.818291] FS:  0000000000000000(0000) GS:ffff8880e31c0000(0000) knlGS:0000000000000000
[   26.819416] CS:  0010 DS: 0000 ES: 0000 CR0: 0000000080050033
[   26.820162] CR2: 00007fa6ab7fca50 CR3: 000000002966a004 CR4: 0000000000770ef0
[   26.821132] PKRU: 55555554
[   26.821512] Call Trace:
[   26.821855]  <TASK>
[   26.822158]  ? locks_remove_file+0x3b4/0x5d0
[   26.822831]  ? __pfx_iommufd_fops_release+0x10/0x10
[   26.823493]  ? __sanitizer_cov_trace_const_cmp2+0x1c/0x30
[   26.824207]  ? evm_file_release+0x140/0x220
[   26.824807]  ? __pfx_iommufd_fops_release+0x10/0x10
[   26.825496]  __fput+0x41f/0xb70
[   26.825950]  ____fput+0x22/0x30
[   26.826447]  task_work_run+0x19e/0x2b0
[   26.827015]  ? __pfx_task_work_run+0x10/0x10
[   26.827643]  ? __sanitizer_cov_trace_const_cmp4+0x1a/0x20
[   26.828374]  ? switch_task_namespaces+0xdd/0x130
[   26.829052]  do_exit+0x8a3/0x28a0
[   26.829529]  ? do_group_exit+0x1d8/0x2c0
[   26.830072]  ? __pfx_do_exit+0x10/0x10
[   26.830643]  ? __this_cpu_preempt_check+0x21/0x30
[   26.831323]  ? _raw_spin_unlock_irq+0x2c/0x60
[   26.831923]  ? lockdep_hardirqs_on+0x85/0x110
[   26.832581]  ? _raw_spin_unlock_irq+0x2c/0x60
[   26.833176]  ? trace_hardirqs_on+0x26/0x130
[   26.833759]  do_group_exit+0xe4/0x2c0
[   26.834319]  __x64_sys_exit_group+0x4d/0x60
[   26.834916]  x64_sys_call+0x21a2/0x21b0
[   26.835452]  do_syscall_64+0x6d/0x1180
[   26.835973]  entry_SYSCALL_64_after_hwframe+0x76/0x7e
[   26.836693] RIP: 0033:0x7fa6ab718a4d
[   26.837188] Code: Unable to access opcode bytes at 0x7fa6ab718a23.
[   26.837993] RSP: 002b:00007ffdeee343f8 EFLAGS: 00000246 ORIG_RAX: 00000000000000e7
[   26.839008] RAX: ffffffffffffffda RBX: 00007fa6ab7f69e0 RCX: 00007fa6ab718a4d
[   26.839938] RDX: 00000000000000e7 RSI: ffffffffffffff80 RDI: 0000000000000000
[   26.840874] RBP: 0000000000000000 R08: 0000000000000000 R09: 0000000000000020
[   26.841796] R10: 00007ffdeee342a0 R11: 0000000000000246 R12: 00007fa6ab7f69e0
[   26.842749] R13: 00007fa6ab7fbf00 R14: 0000000000000001 R15: 00007fa6ab7fbee8
[   26.843692]  </TASK>
[   26.844009] irq event stamp: 1257
[   26.844470] hardirqs last  enabled at (1265): [<ffffffff81666d75>] __up_console_sem+0x95/0xb0
[   26.845578] hardirqs last disabled at (1272): [<ffffffff81666d5a>] __up_console_sem+0x7a/0xb0
[   26.846683] softirqs last  enabled at (1238): [<ffffffff8148a2fe>] __irq_exit_rcu+0x10e/0x170
[   26.847832] softirqs last disabled at (1233): [<ffffffff8148a2fe>] __irq_exit_rcu+0x10e/0x170
[   26.848937] ---[ end trace 0000000000000000 ]---
[   26.862356] iommufd_mock iommufd_mock0: Adding to iommu group 0
[   26.866498] ------------[ cut here ]------------
[   26.867179] WARNING: drivers/iommu/iommufd/main.c:369 at iommufd_fops_release+0x385/0x430, CPU#1: repro/736
[   26.868427] Modules linked in:
[   26.868864] CPU: 1 UID: 0 PID: 736 Comm: repro Tainted: G        W           6.18.0-next-20251203-b2c27842ba85 #1 PREEMPT(voluntary) 
[   26.870370] Tainted: [W]=WARN
[   26.870831] Hardware name: QEMU Standard PC (i440FX + PIIX, 1996), BIOS rel-1.16.0-0-gd239552ce722-prebuilt.qemu.org 04/01/2014
[   26.872278] RIP: 0010:iommufd_fops_release+0x385/0x430
[   26.872955] Code: 8b 45 d0 65 48 2b 05 82 16 78 05 75 7b 48 81 c4 88 00 00 00 31 c0 5b 41 5c 41 5d 41 5e 41 5f 5d e9 40 19 31 02 e8 0b 52 cb fd <0f> 0b e8 04 52 cb fd e9 b0 fe ff ff e8 fa 51 cb fd 0f 0b e9 ef fe
[   26.875254] RSP: 0018:ffff88800ff17ba8 EFLAGS: 00010293
[   26.875946] RAX: 0000000000000000 RBX: 0000000000000000 RCX: ffffffff83be6832
[   26.876863] RDX: ffff888017d22580 RSI: ffffffff83be69a5 RDI: 0000000000000005
[   26.877782] RBP: ffff88800ff17c58 R08: 0000000000000001 R09: 0000000000000001
[   26.878724] R10: 0000000000000000 R11: ffff888017d23418 R12: 0000000000000000
[   26.879659] R13: ffff888015cb6808 R14: ffff88800ff17bf0 R15: 0000000000000000
[   26.880576] FS:  0000000000000000(0000) GS:ffff8880e31c0000(0000) knlGS:0000000000000000
[   26.881610] CS:  0010 DS: 0000 ES: 0000 CR0: 0000000080050033
[   26.882363] CR2: 00007fa6ab7fca50 CR3: 0000000020011003 CR4: 0000000000770ef0
[   26.883333] PKRU: 55555554
[   26.883716] Call Trace:
[   26.884062]  <TASK>
[   26.884372]  ? locks_remove_file+0x3b4/0x5d0
[   26.884964]  ? __pfx_iommufd_fops_release+0x10/0x10
[   26.885619]  ? __sanitizer_cov_trace_const_cmp2+0x1c/0x30
[   26.886340]  ? evm_file_release+0x140/0x220
[   26.886941]  ? __pfx_iommufd_fops_release+0x10/0x10
[   26.887604]  __fput+0x41f/0xb70
[   26.888055]  ____fput+0x22/0x30
[   26.888501]  task_work_run+0x19e/0x2b0
[   26.889017]  ? __pfx_task_work_run+0x10/0x10
[   26.889599]  ? __sanitizer_cov_trace_const_cmp4+0x1a/0x20
[   26.890314]  ? switch_task_namespaces+0xdd/0x130
[   26.890962]  do_exit+0x8a3/0x28a0
[   26.891437]  ? do_group_exit+0x1d8/0x2c0
[   26.891980]  ? __pfx_do_exit+0x10/0x10
[   26.892490]  ? __this_cpu_preempt_check+0x21/0x30
[   26.893119]  ? _raw_spin_unlock_irq+0x2c/0x60
[   26.893716]  ? lockdep_hardirqs_on+0x85/0x110
[   26.894306]  ? _raw_spin_unlock_irq+0x2c/0x60
[   26.894910]  ? trace_hardirqs_on+0x26/0x130
[   26.895486]  do_group_exit+0xe4/0x2c0
[   26.895989]  __x64_sys_exit_group+0x4d/0x60
[   26.896556]  x64_sys_call+0x21a2/0x21b0
[   26.897074]  do_syscall_64+0x6d/0x1180
[   26.897586]  entry_SYSCALL_64_after_hwframe+0x76/0x7e
[   26.898256] RIP: 0033:0x7fa6ab718a4d
[   26.898770] Code: Unable to access opcode bytes at 0x7fa6ab718a23.
[   26.899570] RSP: 002b:00007ffdeee343f8 EFLAGS: 00000246 ORIG_RAX: 00000000000000e7
[   26.900543] RAX: ffffffffffffffda RBX: 00007fa6ab7f69e0 RCX: 00007fa6ab718a4d
[   26.901458] RDX: 00000000000000e7 RSI: ffffffffffffff80 RDI: 0000000000000000
[   26.902369] RBP: 0000000000000000 R08: 0000000000000000 R09: 0000000000000020
[   26.903305] R10: 00007ffdeee342a0 R11: 0000000000000246 R12: 00007fa6ab7f69e0
[   26.904227] R13: 00007fa6ab7fbf00 R14: 0000000000000001 R15: 00007fa6ab7fbee8
[   26.905161]  </TASK>
[   26.905480] irq event stamp: 1299
[   26.905929] hardirqs last  enabled at (1307): [<ffffffff81666d75>] __up_console_sem+0x95/0xb0
[   26.907049] hardirqs last disabled at (1316): [<ffffffff81666d5a>] __up_console_sem+0x7a/0xb0
[   26.908146] softirqs last  enabled at (884): [<ffffffff8148a2fe>] __irq_exit_rcu+0x10e/0x170
[   26.909233] softirqs last disabled at (867): [<ffffffff8148a2fe>] __irq_exit_rcu+0x10e/0x170
[   26.910318] ---[ end trace 0000000000000000 ]---
[   26.923627] iommufd_mock iommufd_mock0: Adding to iommu group 0
[   26.926843] ------------[ cut here ]------------
[   26.927477] WARNING: drivers/iommu/iommufd/main.c:369 at iommufd_fops_release+0x385/0x430, CPU#1: repro/737
[   26.928727] Modules linked in:
[   26.929164] CPU: 1 UID: 0 PID: 737 Comm: repro Tainted: G        W           6.18.0-next-20251203-b2c27842ba85 #1 PREEMPT(voluntary) 
[   26.930671] Tainted: [W]=WARN
[   26.931119] Hardware name: QEMU Standard PC (i440FX + PIIX, 1996), BIOS rel-1.16.0-0-gd239552ce722-prebuilt.qemu.org 04/01/2014
[   26.932558] RIP: 0010:iommufd_fops_release+0x385/0x430
[   26.933242] Code: 8b 45 d0 65 48 2b 05 82 16 78 05 75 7b 48 81 c4 88 00 00 00 31 c0 5b 41 5c 41 5d 41 5e 41 5f 5d e9 40 19 31 02 e8 0b 52 cb fd <0f> 0b e8 04 52 cb fd e9 b0 fe ff ff e8 fa 51 cb fd 0f 0b e9 ef fe
[   26.935579] RSP: 0018:ffff88801348fba8 EFLAGS: 00010293
[   26.936269] RAX: 0000000000000000 RBX: 0000000000000000 RCX: ffffffff83be6832
[   26.937180] RDX: ffff88801873a580 RSI: ffffffff83be69a5 RDI: 0000000000000005
[   26.938093] RBP: ffff88801348fc58 R08: 0000000000000001 R09: 0000000000000001
[   26.939032] R10: 0000000000000000 R11: ffff88801873b418 R12: 0000000000000000
[   26.939948] R13: ffff888015cb5008 R14: ffff88801348fbf0 R15: 0000000000000000
[   26.940862] FS:  0000000000000000(0000) GS:ffff8880e31c0000(0000) knlGS:0000000000000000
[   26.941895] CS:  0010 DS: 0000 ES: 0000 CR0: 0000000080050033
[   26.942647] CR2: 00007fa6ab7fca50 CR3: 0000000007486006 CR4: 0000000000770ef0
[   26.943590] PKRU: 55555554
[   26.943968] Call Trace:
[   26.944315]  <TASK>
[   26.944618]  ? locks_remove_file+0x3b4/0x5d0
[   26.945206]  ? __pfx_iommufd_fops_release+0x10/0x10
[   26.945868]  ? __sanitizer_cov_trace_const_cmp2+0x1c/0x30
[   26.946586]  ? evm_file_release+0x140/0x220
[   26.947179]  ? __pfx_iommufd_fops_release+0x10/0x10
[   26.947830]  __fput+0x41f/0xb70
[   26.948287]  ____fput+0x22/0x30
[   26.948728]  task_work_run+0x19e/0x2b0
[   26.949246]  ? __pfx_task_work_run+0x10/0x10
[   26.949822]  ? __sanitizer_cov_trace_const_cmp4+0x1a/0x20
[   26.950532]  ? switch_task_namespaces+0xdd/0x130
[   26.951202]  do_exit+0x8a3/0x28a0
[   26.951683]  ? do_group_exit+0x1d8/0x2c0
[   26.952226]  ? __pfx_do_exit+0x10/0x10
[   26.952738]  ? __this_cpu_preempt_check+0x21/0x30
[   26.953372]  ? _raw_spin_unlock_irq+0x2c/0x60
[   26.953961]  ? lockdep_hardirqs_on+0x85/0x110
[   26.954555]  ? _raw_spin_unlock_irq+0x2c/0x60
[   26.955168]  ? trace_hardirqs_on+0x26/0x130
[   26.955746]  do_group_exit+0xe4/0x2c0
[   26.956262]  __x64_sys_exit_group+0x4d/0x60
[   26.956823]  x64_sys_call+0x21a2/0x21b0
[   26.957348]  do_syscall_64+0x6d/0x1180
[   26.957859]  entry_SYSCALL_64_after_hwframe+0x76/0x7e
[   26.958527] RIP: 0033:0x7fa6ab718a4d
[   26.959040] Code: Unable to access opcode bytes at 0x7fa6ab718a23.
[   26.959842] RSP: 002b:00007ffdeee343f8 EFLAGS: 00000246 ORIG_RAX: 00000000000000e7
[   26.960815] RAX: ffffffffffffffda RBX: 00007fa6ab7f69e0 RCX: 00007fa6ab718a4d
[   26.961732] RDX: 00000000000000e7 RSI: ffffffffffffff80 RDI: 0000000000000000
[   26.962647] RBP: 0000000000000000 R08: 0000000000000000 R09: 0000000000000020
[   26.963586] R10: 00007ffdeee342a0 R11: 0000000000000246 R12: 00007fa6ab7f69e0
[   26.964505] R13: 00007fa6ab7fbf00 R14: 0000000000000001 R15: 00007fa6ab7fbee8
[   26.965442]  </TASK>
[   26.965759] irq event stamp: 1235
[   26.966210] hardirqs last  enabled at (1243): [<ffffffff81666d75>] __up_console_sem+0x95/0xb0
[   26.967348] hardirqs last disabled at (1252): [<ffffffff81666d5a>] __up_console_sem+0x7a/0xb0
[   26.968450] softirqs last  enabled at (1044): [<ffffffff8148a2fe>] __irq_exit_rcu+0x10e/0x170
[   26.969543] softirqs last disabled at (1039): [<ffffffff8148a2fe>] __irq_exit_rcu+0x10e/0x170
[   26.970633] ---[ end trace 0000000000000000 ]---
[   26.975776] iommufd_mock iommufd_mock0: Adding to iommu group 0
[   26.979376] ------------[ cut here ]------------
[   26.980004] WARNING: drivers/iommu/iommufd/main.c:369 at iommufd_fops_release+0x385/0x430, CPU#1: repro/738
[   26.981261] Modules linked in:
[   26.981697] CPU: 1 UID: 0 PID: 738 Comm: repro Tainted: G        W           6.18.0-next-20251203-b2c27842ba85 #1 PREEMPT(voluntary) 
[   26.983266] Tainted: [W]=WARN
[   26.983681] Hardware name: QEMU Standard PC (i440FX + PIIX, 1996), BIOS rel-1.16.0-0-gd239552ce722-prebuilt.qemu.org 04/01/2014
[   26.985120] RIP: 0010:iommufd_fops_release+0x385/0x430
[   26.985807] Code: 8b 45 d0 65 48 2b 05 82 16 78 05 75 7b 48 81 c4 88 00 00 00 31 c0 5b 41 5c 41 5d 41 5e 41 5f 5d e9 40 19 31 02 e8 0b 52 cb fd <0f> 0b e8 04 52 cb fd e9 b0 fe ff ff e8 fa 51 cb fd 0f 0b e9 ef fe
[   26.988650] RSP: 0018:ffff88800ee9fba8 EFLAGS: 00010293
[   26.989368] RAX: 0000000000000000 RBX: 0000000000000000 RCX: ffffffff83be6832
[   26.990300] RDX: ffff88801873cb00 RSI: ffffffff83be69a5 RDI: 0000000000000005
[   26.991255] RBP: ffff88800ee9fc58 R08: 0000000000000001 R09: 0000000000000001
[   26.992171] R10: 0000000000000000 R11: ffff88801873d998 R12: 0000000000000000
[   26.993088] R13: ffff888015cb1808 R14: ffff88800ee9fbf0 R15: 0000000000000000
[   26.994005] FS:  0000000000000000(0000) GS:ffff8880e31c0000(0000) knlGS:0000000000000000
[   26.995062] CS:  0010 DS: 0000 ES: 0000 CR0: 0000000080050033
[   26.995816] CR2: 00007fa6ab7fca50 CR3: 00000000132f3001 CR4: 0000000000770ef0
[   26.996739] PKRU: 55555554
[   26.997116] Call Trace:
[   26.997464]  <TASK>
[   26.997768]  ? locks_remove_file+0x3b4/0x5d0
[   26.998365]  ? __pfx_iommufd_fops_release+0x10/0x10
[   26.999045]  ? __sanitizer_cov_trace_const_cmp2+0x1c/0x30
[   26.999767]  ? evm_file_release+0x140/0x220
[   27.000342]  ? __pfx_iommufd_fops_release+0x10/0x10
[   27.000991]  __fput+0x41f/0xb70
[   27.001449]  ____fput+0x22/0x30
