c[?7l[2J[0mSeaBIOS (version rel-1.16.0-0-gd239552ce722-prebuilt.qemu.org)


iPXE (http://ipxe.org) 00:03.0 CA00 PCI2.10 PnP PMM+7FF91000+7FEF1000 CA00
Press Ctrl-B to configure iPXE (PCI 00:03.0)...                                                                               


Booting from ROM...
c[?7l[2J[    0.000000] Linux version 6.18.0-c668486eb83c+ (root@p-arls02) (gcc (GCC) 11.5.0 20240719 (Red Hat 11.5.0-14), GNU ld version 2.35.2-68.el9) #1 SMP PREEMPT_DYNAMIC Thu Dec  4 13:21:27 CST 2025
[    0.000000] Command line: console=ttyS0 root=/dev/sda earlyprintk=serial net.ifnames=0 plymouth.enable=0
[    0.000000] KERNEL supported cpus:
[    0.000000]   Intel GenuineIntel
[    0.000000]   AMD AuthenticAMD
[    0.000000]   Hygon HygonGenuine
[    0.000000]   Centaur CentaurHauls
[    0.000000]   zhaoxin   Shanghai  
[    0.000000] x86/CPU: Model not found in latest microcode list
[    0.000000] x86/split lock detection: #DB: warning on user-space bus_locks
[    0.000000] BIOS-provided physical RAM map:
[    0.000000] BIOS-e820: [mem 0x0000000000000000-0x000000000009fbff] usable
[    0.000000] BIOS-e820: [mem 0x000000000009fc00-0x000000000009ffff] reserved
[    0.000000] BIOS-e820: [mem 0x00000000000f0000-0x00000000000fffff] reserved
[    0.000000] BIOS-e820: [mem 0x0000000000100000-0x000000007ffdffff] usable
[    0.000000] BIOS-e820: [mem 0x000000007ffe0000-0x000000007fffffff] reserved
[    0.000000] BIOS-e820: [mem 0x00000000feffc000-0x00000000feffffff] reserved
[    0.000000] BIOS-e820: [mem 0x00000000fffc0000-0x00000000ffffffff] reserved
[    0.000000] printk: legacy bootconsole [earlyser0] enabled
[    0.000000] NX (Execute Disable) protection: active
[    0.000000] APIC: Static calls initialized
[    0.000000] SMBIOS 2.8 present.
[    0.000000] DMI: QEMU Standard PC (i440FX + PIIX, 1996), BIOS rel-1.16.0-0-gd239552ce722-prebuilt.qemu.org 04/01/2014
[    0.000000] DMI: Memory slots populated: 1/1
[    0.000000] Hypervisor detected: KVM
[    0.000000] last_pfn = 0x7ffe0 max_arch_pfn = 0x400000000
[    0.000000] kvm-clock: Using msrs 4b564d01 and 4b564d00
[    0.000004] kvm-clock: using sched offset of 1289265794 cycles
[    0.000452] clocksource: kvm-clock: mask: 0xffffffffffffffff max_cycles: 0x1cd42e4dffb, max_idle_ns: 881590591483 ns
[    0.001852] tsc: Detected 1267.200 MHz processor
[    0.008721] last_pfn = 0x7ffe0 max_arch_pfn = 0x400000000
[    0.009226] MTRR map: 4 entries (3 fixed + 1 variable; max 19), built from 8 variable MTRRs
[    0.009939] x86/PAT: Configuration [0-7]: WB  WC  UC- UC  WB  WP  UC- WT  
[    0.020453] found SMP MP-table at [mem 0x000f5ba0-0x000f5baf]
[    0.020972] Using GB pages for direct mapping
[    0.023348] ACPI: Early table checksum verification disabled
[    0.023856] ACPI: RSDP 0x00000000000F59C0 000014 (v00 BOCHS )
[    0.024402] ACPI: RSDT 0x000000007FFE1951 000034 (v01 BOCHS  BXPC     00000001 BXPC 00000001)
[    0.025146] ACPI: FACP 0x000000007FFE17FD 000074 (v01 BOCHS  BXPC     00000001 BXPC 00000001)
[    0.025898] ACPI: DSDT 0x000000007FFE0040 0017BD (v01 BOCHS  BXPC     00000001 BXPC 00000001)
[    0.026645] ACPI: FACS 0x000000007FFE0000 000040
[    0.027053] ACPI: APIC 0x000000007FFE1871 000080 (v01 BOCHS  BXPC     00000001 BXPC 00000001)
[    0.027810] ACPI: HPET 0x000000007FFE18F1 000038 (v01 BOCHS  BXPC     00000001 BXPC 00000001)
[    0.028545] ACPI: WAET 0x000000007FFE1929 000028 (v01 BOCHS  BXPC     00000001 BXPC 00000001)
[    0.029283] ACPI: Reserving FACP table memory at [mem 0x7ffe17fd-0x7ffe1870]
[    0.029888] ACPI: Reserving DSDT table memory at [mem 0x7ffe0040-0x7ffe17fc]
[    0.030493] ACPI: Reserving FACS table memory at [mem 0x7ffe0000-0x7ffe003f]
[    0.031098] ACPI: Reserving APIC table memory at [mem 0x7ffe1871-0x7ffe18f0]
[    0.031703] ACPI: Reserving HPET table memory at [mem 0x7ffe18f1-0x7ffe1928]
[    0.032311] ACPI: Reserving WAET table memory at [mem 0x7ffe1929-0x7ffe1950]
[    0.033414] No NUMA configuration found
[    0.033750] Faking a node at [mem 0x0000000000000000-0x000000007ffdffff]
[    0.034346] NODE_DATA(0) allocated [mem 0x7ffb4ec0-0x7ffdfcbf]
[    0.035455] Zone ranges:
[    0.035679]   DMA      [mem 0x0000000000001000-0x0000000000ffffff]
[    0.036208]   DMA32    [mem 0x0000000001000000-0x000000007ffdffff]
[    0.036738]   Normal   empty
[    0.036988]   Device   empty
[    0.037237] Movable zone start for each node
[    0.037613] Early memory node ranges
[    0.037917]   node   0: [mem 0x0000000000001000-0x000000000009efff]
[    0.038453]   node   0: [mem 0x0000000000100000-0x000000007ffdffff]
[    0.038987] Initmem setup node 0 [mem 0x0000000000001000-0x000000007ffdffff]
[    0.040007] On node 0, zone DMA: 1 pages in unavailable ranges
[    0.040819] On node 0, zone DMA: 97 pages in unavailable ranges
[    0.147774] On node 0, zone DMA32: 32 pages in unavailable ranges
[    0.828572] KernelAddressSanitizer initialized (generic)
[    0.829370] ACPI: PM-Timer IO Port: 0x608
[    0.829763] ACPI: LAPIC_NMI (acpi_id[0xff] dfl dfl lint[0x1])
[    0.830372] IOAPIC[0]: apic_id 0, version 17, address 0xfec00000, GSI 0-23
[    0.830990] ACPI: INT_SRC_OVR (bus 0 bus_irq 0 global_irq 2 dfl dfl)
[    0.831544] ACPI: INT_SRC_OVR (bus 0 bus_irq 5 global_irq 5 high level)
[    0.832109] ACPI: INT_SRC_OVR (bus 0 bus_irq 9 global_irq 9 high level)
[    0.832680] ACPI: INT_SRC_OVR (bus 0 bus_irq 10 global_irq 10 high level)
[    0.833260] ACPI: INT_SRC_OVR (bus 0 bus_irq 11 global_irq 11 high level)
[    0.833855] ACPI: Using ACPI (MADT) for SMP configuration information
[    0.834418] ACPI: HPET id: 0x8086a201 base: 0xfed00000
[    0.834883] TSC deadline timer available
[    0.835226] CPU topo: Max. logical packages:   1
[    0.835624] CPU topo: Max. logical dies:       1
[    0.836018] CPU topo: Max. dies per package:   1
[    0.836421] CPU topo: Max. threads per core:   1
[    0.836816] CPU topo: Num. cores per package:     2
[    0.837237] CPU topo: Num. threads per package:   2
[    0.837654] CPU topo: Allowing 2 present CPUs plus 0 hotplug CPUs
[    0.838247] kvm-guest: APIC: eoi() replaced with kvm_guest_apic_eoi_write()
[    0.838925] kvm-guest: KVM setup pv remote TLB flush
[    0.839355] kvm-guest: setup PV sched yield
[    0.839775] PM: hibernation: Registered nosave memory: [mem 0x00000000-0x00000fff]
[    0.840431] PM: hibernation: Registered nosave memory: [mem 0x0009f000-0x000fffff]
[    0.841083] [mem 0x80000000-0xfeffbfff] available for PCI devices
[    0.841606] Booting paravirtualized kernel on KVM
[    0.842038] clocksource: refined-jiffies: mask: 0xffffffff max_cycles: 0xffffffff, max_idle_ns: 7645519600211568 ns
[    0.842977] setup_percpu: NR_CPUS:8192 nr_cpumask_bits:2 nr_cpu_ids:2 nr_node_ids:1
[    0.846334] percpu: Embedded 81 pages/cpu s294912 r8192 d28672 u1048576
[    0.847107] kvm-guest: PV spinlocks enabled
[    0.847486] PV qspinlock hash table entries: 256 (order: 0, 4096 bytes, linear)
[    0.848132] Kernel command line: net.ifnames=0 console=ttyS0 root=/dev/sda earlyprintk=serial net.ifnames=0 plymouth.enable=0
[    0.849459] random: crng init done
[    0.849750] printk: log buffer data + meta data: 262144 + 917504 = 1179648 bytes
[    0.852539] Dentry cache hash table entries: 262144 (order: 9, 2097152 bytes, linear)
[    0.854412] Inode-cache hash table entries: 131072 (order: 8, 1048576 bytes, linear)
[    0.855491] Fallback order for Node 0: 0 
[    0.855501] Built 1 zonelists, mobility grouping on.  Total pages: 524158
[    0.856421] Policy zone: DMA32
[    0.856678] mem auto-init: stack:off, heap alloc:off, heap free:off
[    0.857199] stackdepot: allocating hash table via alloc_large_system_hash
[    0.857767] stackdepot hash table entries: 1048576 (order: 12, 16777216 bytes, linear)
[    0.941300] stackdepot: allocating space for 8192 stack pools via memblock
[    1.087035] SLUB: HWalign=64, Order=0-3, MinObjects=0, CPUs=2, Nodes=1
[    1.087621] kmemleak: Kernel memory leak detector disabled
[    1.128039] ftrace: allocating 75050 entries in 296 pages
[    1.128513] ftrace: allocated 296 pages with 3 groups
[    1.135746] Dynamic Preempt: voluntary
[    1.136716] Running RCU self tests
[    1.137002] Running RCU synchronous self tests
[    1.137375] rcu: Preemptible hierarchical RCU implementation.
[    1.137848] rcu: 	RCU lockdep checking is enabled.
[    1.138240] rcu: 	RCU restricting CPUs from NR_CPUS=8192 to nr_cpu_ids=2.
[    1.138821] 	Trampoline variant of Tasks RCU enabled.
[    1.139236] 	Rude variant of Tasks RCU enabled.
[    1.139616] 	Tracing variant of Tasks RCU enabled.
[    1.140011] rcu: RCU calculated value of scheduler-enlistment delay is 25 jiffies.
[    1.140635] rcu: Adjusting geometry for rcu_fanout_leaf=16, nr_cpu_ids=2
[    1.141307] Running RCU synchronous self tests
[    1.141681] RCU Tasks: Setting shift to 1 and lim to 1 rcu_task_cb_adjust=1 rcu_task_cpu_ids=2.
[    1.142401] RCU Tasks Rude: Setting shift to 1 and lim to 1 rcu_task_cb_adjust=1 rcu_task_cpu_ids=2.
[    1.143155] RCU Tasks Trace: Setting shift to 1 and lim to 1 rcu_task_cb_adjust=1 rcu_task_cpu_ids=2.
[    1.213169] NR_IRQS: 524544, nr_irqs: 440, preallocated irqs: 16
[    1.214346] rcu: srcu_init: Setting srcu_struct sizes based on contention.
[    1.222125] Console: colour VGA+ 80x25
[    1.222537] printk: legacy console [ttyS0] enabled
[    1.222537] printk: legacy console [ttyS0] enabled
[    1.223353] printk: legacy bootconsole [earlyser0] disabled
[    1.223353] printk: legacy bootconsole [earlyser0] disabled
[    1.224307] Lock dependency validator: Copyright (c) 2006 Red Hat, Inc., Ingo Molnar
[    1.224963] ... MAX_LOCKDEP_SUBCLASSES:  8
[    1.225320] ... MAX_LOCK_DEPTH:          48
[    1.225678] ... MAX_LOCKDEP_KEYS:        8192
[    1.226051] ... CLASSHASH_SIZE:          4096
[    1.226425] ... MAX_LOCKDEP_ENTRIES:     524288
[    1.226810] ... MAX_LOCKDEP_CHAINS:      524288
[    1.227201] ... CHAINHASH_SIZE:          262144
[    1.227611]  memory used by lock dependency info: 54145 kB
[    1.228075]  memory used for stack traces: 4224 kB
[    1.228503]  per task-struct memory footprint: 1920 bytes
[    1.229066] ACPI: Core revision 20250807
[    1.229867] clocksource: hpet: mask: 0xffffffff max_cycles: 0xffffffff, max_idle_ns: 19112604467 ns
[    1.230835] APIC: Switch to symmetric I/O mode setup
[    1.231444] x2apic enabled
[    1.232040] APIC: Switched APIC routing to: physical x2apic
[    1.232521] kvm-guest: APIC: send_IPI_mask() replaced with kvm_send_ipi_mask()
[    1.233140] kvm-guest: APIC: send_IPI_mask_allbutself() replaced with kvm_send_ipi_mask_allbutself()
[    1.233915] kvm-guest: setup PV IPIs
[    1.235280] ..TIMER: vector=0x30 apic1=0 pin1=2 apic2=-1 pin2=-1
[    1.235814] clocksource: tsc-early: mask: 0xffffffffffffffff max_cycles: 0x12441513526, max_idle_ns: 440795239872 ns
[    1.236719] Calibrating delay loop (skipped) preset value.. 2534.40 BogoMIPS (lpj=5068800)
[    1.237591] CPU0: Thermal monitoring enabled (TM1)
[    1.238022] x86/cpu: User Mode Instruction Prevention (UMIP) activated
[    1.238697] Last level iTLB entries: 4KB 0, 2MB 0, 4MB 0
[    1.240731] Last level dTLB entries: 4KB 0, 2MB 0, 4MB 0, 1GB 0
[    1.241268] mitigations: Enabled attack vectors: user_kernel, user_user, guest_host, guest_guest, SMT mitigations: auto
[    1.242213] Speculative Store Bypass: Mitigation: Speculative Store Bypass disabled via prctl
[    1.242975] Spectre V2 : Mitigation: Enhanced / Automatic IBRS
[    1.243469] ITS: Mitigation: Aligned branch/return thunks
[    1.243933] Spectre V1 : Mitigation: usercopy/swapgs barriers and __user pointer sanitization
[    1.244706] Spectre V2 : WARNING: Unprivileged eBPF is enabled with eIBRS on, data leaks possible via Spectre v2 BHB attacks!
[    1.245656] Spectre V2 : Spectre v2 / PBRSB-eIBRS: Retire a single CALL on VMEXIT
[    1.246272] Spectre V2 : mitigation: Enabling conditional Indirect Branch Prediction Barrier
[    1.246962] active return thunk: its_return_thunk
[    1.247374] Spectre V2 : Spectre BHI mitigation: SW BHB clearing on syscall and VM exit
[    1.248071] x86/fpu: Supporting XSAVE feature 0x001: 'x87 floating point registers'
[    1.248706] x86/fpu: Supporting XSAVE feature 0x002: 'SSE registers'
[    1.249246] x86/fpu: Supporting XSAVE feature 0x004: 'AVX registers'
[    1.249784] x86/fpu: Supporting XSAVE feature 0x200: 'Protection Keys User registers'
[    1.250441] x86/fpu: xstate_offset[2]:  576, xstate_sizes[2]:  256
[    1.250974] x86/fpu: xstate_offset[9]:  832, xstate_sizes[9]:    8
[    1.251500] x86/fpu: Enabled xstate features 0x207, context size is 840 bytes, using 'compacted' format.
[    1.391128] Freeing SMP alternatives memory: 64K
[    1.391607] pid_max: default: 32768 minimum: 301
[    1.392330] LSM: initializing lsm=capability,yama,ima,evm
[    1.392827] Yama: becoming mindful.
[    1.393622] Mount-cache hash table entries: 4096 (order: 3, 32768 bytes, linear)
[    1.394311] Mountpoint-cache hash table entries: 4096 (order: 3, 32768 bytes, linear)
[    1.397105] Running RCU synchronous self tests
[    1.397496] Running RCU synchronous self tests
[    1.398381] smpboot: CPU0: Genuine Intel(R) 0000 @ (family: 0x6, model: 0xc6, stepping: 0x0)
[    1.400212] Performance Events: unsupported CPU family 6 model 198 no PMU driver, software events only.
[    1.400702] signal: max sigframe size: 3632
[    1.400702] rcu: Hierarchical SRCU implementation.
[    1.400702] rcu: 	Max phase no-delay instances is 1000.
[    1.401033] Timer migration: 1 hierarchy levels; 8 children per group; 1 crossnode level
[    1.420603] NMI watchdog: Perf NMI watchdog permanently disabled
[    1.421024] smp: Bringing up secondary CPUs ...
[    1.422838] smpboot: x86: Booting SMP configuration:
[    1.423290] .... node  #0, CPUs:      #1
[    1.424942] smp: Brought up 1 node, 2 CPUs
[    1.425711] smpboot: Total of 2 processors activated (5068.80 BogoMIPS)
[    1.426606] Memory: 1538744K/2096632K available (80614K kernel code, 15525K rwdata, 18760K rodata, 16332K init, 70124K bss, 546452K reserved, 0K cma-reserved)
[    1.429620] devtmpfs: initialized
[    1.429883] x86/mm: Memory block size: 128MB
[    1.446270] Running RCU synchronous self tests
[    1.447192] Running RCU synchronous self tests
[    1.448875] Running RCU Tasks wait API self tests
[    1.449175] Running RCU Tasks Rude wait API self tests
[    1.449175] Running RCU Tasks Trace wait API self tests
[    1.468778] clocksource: jiffies: mask: 0xffffffff max_cycles: 0xffffffff, max_idle_ns: 7645041785100000 ns
[    1.469844] posixtimers hash table entries: 1024 (order: 5, 73728 bytes, linear)
[    1.470622] futex hash table entries: 512 (65536 bytes on 1 NUMA nodes, total 64 KiB, linear).
[    1.472001] pinctrl core: initialized pinctrl subsystem
[    1.474226] 
[    1.474377] *************************************************************
[    1.474960] **     NOTICE NOTICE NOTICE NOTICE NOTICE NOTICE NOTICE    **
[    1.475546] **                                                         **
[    1.476124] **  IOMMU DebugFS SUPPORT HAS BEEN ENABLED IN THIS KERNEL  **
[    1.476719] **                                                         **
[    1.477322] ** This means that this kernel is built to expose internal **
[    1.477925] ** IOMMU data structures, which may compromise security on **
[    1.478510] ** your system.                                            **
[    1.479123] **                                                         **
[    1.479713] ** If you see this message and you are not debugging the   **
[    1.480300] ** kernel, report this immediately to your vendor!         **
[    1.480715] **                                                         **
[    1.481303] **     NOTICE NOTICE NOTICE NOTICE NOTICE NOTICE NOTICE    **
[    1.481884] *************************************************************
[    1.482568] PM: RTC time: 05:22:11, date: 2025-12-04
[    1.487725] NET: Registered PF_NETLINK/PF_ROUTE protocol family
[    1.489879] DMA: preallocated 256 KiB GFP_KERNEL pool for atomic allocations
[    1.490533] DMA: preallocated 256 KiB GFP_KERNEL|GFP_DMA pool for atomic allocations
[    1.491224] DMA: preallocated 256 KiB GFP_KERNEL|GFP_DMA32 pool for atomic allocations
[    1.492022] audit: initializing netlink subsys (disabled)
[    1.492770] audit: type=2000 audit(1764825731.900:1): state=initialized audit_enabled=0 res=1
[    1.495869] thermal_sys: Registered thermal governor 'fair_share'
[    1.495882] thermal_sys: Registered thermal governor 'bang_bang'
[    1.496720] thermal_sys: Registered thermal governor 'step_wise'
[    1.497832] thermal_sys: Registered thermal governor 'user_space'
[    1.498974] cpuidle: using governor ladder
[    1.498974] cpuidle: using governor menu
[    1.500726] Callback from call_rcu_tasks_trace() invoked.
[    1.500787] acpiphp: ACPI Hot Plug PCI Controller Driver version: 0.5
[    1.503294] PCI: Using configuration type 1 for base access
[    1.505001] kprobes: kprobe jump-optimization is enabled. All kprobes are optimized if possible.
[    1.673493] HugeTLB: registered 1.00 GiB page size, pre-allocated 0 pages
[    1.674161] HugeTLB: 16380 KiB vmemmap can be freed for a 1.00 GiB page
[    1.674742] HugeTLB: registered 2.00 MiB page size, pre-allocated 0 pages
[    1.675330] HugeTLB: 28 KiB vmemmap can be freed for a 2.00 MiB page
[    1.684173] ACPI: Added _OSI(Module Device)
[    1.684596] ACPI: Added _OSI(Processor Device)
[    1.684722] ACPI: Added _OSI(Processor Aggregator Device)
[    1.700253] ACPI: 1 ACPI AML tables successfully acquired and loaded
[    1.706644] ACPI: Interpreter enabled
[    1.707183] ACPI: PM: (supports S0 S3 S4 S5)
[    1.707566] ACPI: Using IOAPIC for interrupt routing
[    1.708150] PCI: Using host bridge windows from ACPI; if necessary, use "pci=nocrs" and report a bug
[    1.708711] PCI: Using E820 reservations for host bridge windows
[    1.710475] ACPI: Enabled 2 GPEs in block 00 to 0F
[    1.749862] ACPI: PCI Root Bridge [PCI0] (domain 0000 [bus 00-ff])
[    1.750508] acpi PNP0A03:00: _OSC: OS supports [ASPM ClockPM Segments MSI EDR HPX-Type3]
[    1.751235] acpi PNP0A03:00: _OSC: not requesting OS control; OS requires [ExtendedConfig ASPM ClockPM MSI]
[    1.752281] acpi PNP0A03:00: fail to add MMCONFIG information, can't access extended configuration space under this bridge
[    1.757412] acpiphp: Slot [3] registered
[    1.757947] acpiphp: Slot [4] registered
[    1.758446] acpiphp: Slot [5] registered
[    1.758938] acpiphp: Slot [6] registered
[    1.759426] acpiphp: Slot [7] registered
[    1.759935] acpiphp: Slot [8] registered
[    1.760415] acpiphp: Slot [9] registered
[    1.760846] acpiphp: Slot [10] registered
[    1.761330] acpiphp: Slot [11] registered
[    1.761856] acpiphp: Slot [12] registered
[    1.762345] acpiphp: Slot [13] registered
[    1.762893] acpiphp: Slot [14] registered
[    1.763394] acpiphp: Slot [15] registered
[    1.763918] acpiphp: Slot [16] registered
[    1.764410] acpiphp: Slot [17] registered
[    1.764839] acpiphp: Slot [18] registered
[    1.765336] acpiphp: Slot [19] registered
[    1.765860] acpiphp: Slot [20] registered
[    1.766350] acpiphp: Slot [21] registered
[    1.766841] acpiphp: Slot [22] registered
[    1.767345] acpiphp: Slot [23] registered
[    1.767871] acpiphp: Slot [24] registered
[    1.768373] acpiphp: Slot [25] registered
[    1.768836] acpiphp: Slot [26] registered
[    1.769333] acpiphp: Slot [27] registered
[    1.769849] acpiphp: Slot [28] registered
[    1.770337] acpiphp: Slot [29] registered
[    1.770830] acpiphp: Slot [30] registered
[    1.771331] acpiphp: Slot [31] registered
[    1.771789] PCI host bridge to bus 0000:00
[    1.772222] pci_bus 0000:00: root bus resource [io  0x0000-0x0cf7 window]
[    1.772712] pci_bus 0000:00: root bus resource [io  0x0d00-0xffff window]
[    1.773333] pci_bus 0000:00: root bus resource [mem 0x000a0000-0x000bffff window]
[    1.774006] pci_bus 0000:00: root bus resource [mem 0x80000000-0xfebfffff window]
[    1.774676] pci_bus 0000:00: root bus resource [mem 0x100000000-0x17fffffff window]
[    1.775370] pci_bus 0000:00: root bus resource [bus 00-ff]
[    1.776025] pci 0000:00:00.0: [8086:1237] type 00 class 0x060000 conventional PCI endpoint
[    1.786000] pci 0000:00:01.0: [8086:7000] type 00 class 0x060100 conventional PCI endpoint
[    1.788245] pci 0000:00:01.1: [8086:7010] type 00 class 0x010180 conventional PCI endpoint
[    1.789359] pci 0000:00:01.1: BAR 4 [io  0xc040-0xc04f]
[    1.789867] pci 0000:00:01.1: BAR 0 [io  0x01f0-0x01f7]: legacy IDE quirk
[    1.790473] pci 0000:00:01.1: BAR 1 [io  0x03f6]: legacy IDE quirk
[    1.791031] pci 0000:00:01.1: BAR 2 [io  0x0170-0x0177]: legacy IDE quirk
[    1.791656] pci 0000:00:01.1: BAR 3 [io  0x0376]: legacy IDE quirk
[    1.792869] pci 0000:00:01.3: [8086:7113] type 00 class 0x068000 conventional PCI endpoint
[    1.793934] pci 0000:00:01.3: quirk: [io  0x0600-0x063f] claimed by PIIX4 ACPI
[    1.794632] pci 0000:00:01.3: quirk: [io  0x0700-0x070f] claimed by PIIX4 SMB
[    1.795844] pci 0000:00:02.0: [1234:1111] type 00 class 0x030000 conventional PCI endpoint
[    1.797456] pci 0000:00:02.0: BAR 0 [mem 0xfd000000-0xfdffffff pref]
[    1.798176] pci 0000:00:02.0: BAR 2 [mem 0xfebf0000-0xfebf0fff]
[    1.798732] pci 0000:00:02.0: ROM [mem 0xfebe0000-0xfebeffff pref]
[    1.799859] pci 0000:00:02.0: Video device with shadowed ROM at [mem 0x000c0000-0x000dffff]
[    1.812145] pci 0000:00:03.0: [8086:100e] type 00 class 0x020000 conventional PCI endpoint
[    1.814658] pci 0000:00:03.0: BAR 0 [mem 0xfebc0000-0xfebdffff]
[    1.815864] pci 0000:00:03.0: BAR 1 [io  0xc000-0xc03f]
[    1.816804] pci 0000:00:03.0: ROM [mem 0xfeb80000-0xfebbffff pref]
[    1.841815] ACPI: PCI: Interrupt link LNKA configured for IRQ 10
[    1.843457] ACPI: PCI: Interrupt link LNKB configured for IRQ 10
[    1.844949] ACPI: PCI: Interrupt link LNKC configured for IRQ 11
[    1.846441] ACPI: PCI: Interrupt link LNKD configured for IRQ 11
[    1.847373] ACPI: PCI: Interrupt link LNKS configured for IRQ 9
[    1.852852] iommu: Default domain type: Translated
[    1.853394] iommu: DMA domain TLB invalidation policy: lazy mode
[    1.858252] SCSI subsystem initialized
[    1.859432] ACPI: bus type USB registered
[    1.860080] usbcore: registered new interface driver usbfs
[    1.860734] usbcore: registered new interface driver hub
[    1.861283] usbcore: registered new device driver usb
[    1.862333] pps_core: LinuxPPS API ver. 1 registered
[    1.862772] pps_core: Software ver. 5.3.6 - Copyright 2005-2007 Rodolfo Giometti <giometti@linux.it>
[    1.863596] PTP clock support registered
[    1.869382] EDAC MC: Ver: 3.0.0
[    1.882816] NetLabel: Initializing
[    1.883549] NetLabel:  domain hash size = 128
[    1.884405] NetLabel:  protocols = UNLABELED CIPSOv4 CALIPSO
[    1.885280] NetLabel:  unlabeled traffic allowed by default
[    1.888256] PCI: Using ACPI for IRQ routing
[    1.889715] pci 0000:00:02.0: vgaarb: setting as boot VGA device
[    1.890262] pci 0000:00:02.0: vgaarb: bridge control possible
[    1.890768] pci 0000:00:02.0: vgaarb: VGA device added: decodes=io+mem,owns=io+mem,locks=none
[    1.891501] vgaarb: loaded
[    1.893864] hpet0: at MMIO 0xfed00000, IRQs 2, 8, 0
[    1.894309] hpet0: 3 comparators, 64-bit 100.000000 MHz counter
[    1.900492] clocksource: Switched to clocksource kvm-clock
[    3.961519] VFS: Disk quotas dquot_6.6.0
[    3.961994] VFS: Dquot-cache hash table entries: 512 (order 0, 4096 bytes)
[    3.966094] pnp: PnP ACPI init
[    3.970393] pnp: PnP ACPI: found 6 devices
[    3.985965] Callback from call_rcu_tasks() invoked.
[    3.991046] clocksource: acpi_pm: mask: 0xffffff max_cycles: 0xffffff, max_idle_ns: 2085701024 ns
[    3.992402] NET: Registered PF_INET protocol family
[    3.993219] IP idents hash table entries: 32768 (order: 6, 262144 bytes, linear)
[    3.995619] tcp_listen_portaddr_hash hash table entries: 1024 (order: 5, 73728 bytes, linear)
[    3.996406] Table-perturb hash table entries: 65536 (order: 6, 262144 bytes, linear)
[    3.997201] TCP established hash table entries: 16384 (order: 5, 131072 bytes, linear)
[    3.998509] TCP bind hash table entries: 16384 (order: 10, 2359296 bytes, linear)
[    4.001370] TCP: Hash tables configured (established 16384 bind 16384)
[    4.002237] UDP hash table entries: 1024 (order: 6, 262144 bytes, linear)
[    4.003023] UDP-Lite hash table entries: 1024 (order: 6, 262144 bytes, linear)
[    4.004155] NET: Registered PF_UNIX/PF_LOCAL protocol family
[    4.006551] RPC: Registered named UNIX socket transport module.
[    4.007069] RPC: Registered udp transport module.
[    4.007461] RPC: Registered tcp transport module.
[    4.007849] RPC: Registered tcp-with-tls transport module.
[    4.008298] RPC: Registered tcp NFSv4.1 backchannel transport module.
[    4.008905] pci_bus 0000:00: resource 4 [io  0x0000-0x0cf7 window]
[    4.009419] pci_bus 0000:00: resource 5 [io  0x0d00-0xffff window]
[    4.009947] pci_bus 0000:00: resource 6 [mem 0x000a0000-0x000bffff window]
[    4.010513] pci_bus 0000:00: resource 7 [mem 0x80000000-0xfebfffff window]
[    4.011074] pci_bus 0000:00: resource 8 [mem 0x100000000-0x17fffffff window]
[    4.011994] pci 0000:00:01.0: PIIX3: Enabling Passive Release
[    4.012481] pci 0000:00:00.0: Limiting direct PCI/PCI transfers
[    4.013049] PCI: CLS 0 bytes, default 64
[    4.013541] ACPI: bus type thunderbolt registered
[    4.014452] clocksource: tsc: mask: 0xffffffffffffffff max_cycles: 0x12441513526, max_idle_ns: 440795239872 ns
[    4.022338] Initialise system trusted keyrings
[    4.022921] Key type blacklist registered
[    4.024272] workingset: timestamp_bits=36 max_order=19 bucket_order=0
[    4.026953] squashfs: version 4.0 (2009/01/31) Phillip Lougher
[    4.029745] NFS: Registering the id_resolver key type
[    4.030255] Key type id_resolver registered
[    4.030607] Key type id_legacy registered
[    4.030999] nfs4filelayout_init: NFSv4 File Layout Driver Registering...
[    4.031595] nfs4flexfilelayout_init: NFSv4 Flexfile Layout Driver Registering...
[    4.032888] fuse: init (API version 7.45)
[    4.034289] SGI XFS with ACLs, security attributes, realtime, quota, no debug enabled
[    4.036747] 9p: Installing v9fs 9p2000 file system support
[    4.048645] Key type asymmetric registered
[    4.049043] Asymmetric key parser 'x509' registered
[    4.049657] Block layer SCSI generic (bsg) driver version 0.4 loaded (major 241)
[    4.051027] io scheduler mq-deadline registered
[    4.051578] io scheduler bfq registered
[    4.052948] ledtrig-cpu: registered to indicate activity on CPUs
[    4.055273] IPMI message handler: version 39.2
[    4.055741] ipmi device interface
[    4.058265] input: Power Button as /devices/LNXSYSTM:00/LNXPWRBN:00/input/input0
[    4.059513] ACPI: button: Power Button [PWRF]
[    4.062373] ERST DBG: ERST support is disabled.
[    4.064661] Serial: 8250/16550 driver, 32 ports, IRQ sharing enabled
[    4.066591] 00:04: ttyS0 at I/O 0x3f8 (irq = 4, base_baud = 115200) is a 16550A
[    4.174445] Linux agpgart interface v0.103
[    4.178277] ACPI: bus type drm_connector registered
[    4.208873] brd: module loaded
[    4.227863] loop: module loaded
[    4.243815] scsi host0: ata_piix
[    4.246006] scsi host1: ata_piix
[    4.246849] ata1: PATA max MWDMA2 cmd 0x1f0 ctl 0x3f6 bmdma 0xc040 irq 14 lpm-pol 0
[    4.247467] ata2: PATA max MWDMA2 cmd 0x170 ctl 0x376 bmdma 0xc048 irq 15 lpm-pol 0
[    4.251304] tun: Universal TUN/TAP device driver, 1.6
[    4.252359] e100: Intel(R) PRO/100 Network Driver
[    4.252843] e100: Copyright(c) 1999-2006 Intel Corporation
[    4.253543] e1000: Intel(R) PRO/1000 Network Driver
[    4.253985] e1000: Copyright (c) 1999-2006 Intel Corporation.
[    4.402035] ata2: found unknown device (class 0)
[    4.402918] ata1: found unknown device (class 0)
[    4.404839] ata1.00: ATA-7: QEMU HARDDISK, 2.5+, max UDMA/100
[    4.405983] ata1.00: 17196647 sectors, multi 16: LBA48 
[    4.407745] ata2.00: ATAPI: QEMU DVD-ROM, 2.5+, max UDMA/100
[    4.410125] scsi 0:0:0:0: Direct-Access     ATA      QEMU HARDDISK    2.5+ PQ: 0 ANSI: 5
[    4.415792] sd 0:0:0:0: [sda] 17196647 512-byte logical blocks: (8.80 GB/8.20 GiB)
[    4.417538] sd 0:0:0:0: Attached scsi generic sg0 type 0
[    4.419144] sd 0:0:0:0: [sda] Write Protect is off
[    4.421714] sd 0:0:0:0: [sda] Write cache: enabled, read cache: enabled, doesn't support DPO or FUA
[    4.423519] scsi 1:0:0:0: CD-ROM            QEMU     QEMU DVD-ROM     2.5+ PQ: 0 ANSI: 5
[    4.425490] sd 0:0:0:0: [sda] Preferred minimum I/O size 512 bytes
[    4.455678] scsi 1:0:0:0: Attached scsi generic sg1 type 5
[    4.466549] sd 0:0:0:0: [sda] Attached SCSI disk
[    4.911543] ACPI: \_SB_.LNKC: Enabled at IRQ 11
[    5.223337] e1000 0000:00:03.0 eth0: (PCI:33MHz:32-bit) 52:54:00:12:34:56
[    5.223977] e1000 0000:00:03.0 eth0: Intel(R) PRO/1000 Network Connection
[    5.224822] e1000e: Intel(R) PRO/1000 Network Driver
[    5.225230] e1000e: Copyright(c) 1999 - 2015 Intel Corporation.
[    5.225929] igb: Intel(R) Gigabit Ethernet Network Driver
[    5.226382] igb: Copyright (c) 2007-2014 Intel Corporation.
[    5.227308] PPP generic driver version 2.4.2
[    5.229566] VFIO - User Level meta-driver version: 0.3
[    5.232980] usbcore: registered new interface driver uas
[    5.234280] usbcore: registered new interface driver usb-storage
[    5.236003] i8042: PNP: PS/2 Controller [PNP0303:KBD,PNP0f13:MOU] at 0x60,0x64 irq 1,12
[    5.240089] serio: i8042 KBD port at 0x60,0x64 irq 1
[    5.241193] serio: i8042 AUX port at 0x60,0x64 irq 12
[    5.245036] mousedev: PS/2 mouse device common for all mice
[    5.248779] input: AT Translated Set 2 keyboard as /devices/platform/i8042/serio0/input/input1
[    5.250756] rtc_cmos 00:05: RTC can wake from S4
[    5.253601] rtc_cmos 00:05: registered as rtc0
[    5.253946] input: VirtualPS/2 VMware VMMouse as /devices/platform/i8042/serio1/input/input4
[    5.254186] rtc_cmos 00:05: setting system clock to 2025-12-04T05:22:15 UTC (1764825735)
[    5.256686] rtc_cmos 00:05: alarms up to one day, y3k, 242 bytes nvram, hpet irqs
[    5.257429] i2c_dev: i2c /dev entries driver
[    5.258725] input: VirtualPS/2 VMware VMMouse as /devices/platform/i8042/serio1/input/input3
[    5.260968] device-mapper: core: CONFIG_IMA_DISABLE_HTABLE is disabled. Duplicate IMA measurements will not be recorded in the IMA log.
[    5.262243] device-mapper: uevent: version 1.0.3
[    5.263460] device-mapper: ioctl: 4.50.0-ioctl (2025-04-28) initialised: dm-devel@lists.linux.dev
[    5.264315] intel_pstate: CPU model not supported
[    5.265017] sdhci: Secure Digital Host Controller Interface driver
[    5.265550] sdhci: Copyright(c) Pierre Ossman
[    5.266187] sdhci-pltfm: SDHCI platform and OF driver helper
[    5.267394] drop_monitor: Initializing network drop monitor service
[    5.268522] NET: Registered PF_INET6 protocol family
[    5.271979] Segment Routing with IPv6
[    5.272898] In-situ OAM (IOAM) with IPv6
[    5.273824] NET: Registered PF_PACKET protocol family
[    5.275675] 9pnet: Installing 9P2000 support
[    5.276235] Key type dns_resolver registered
[    5.279265] IPI shorthand broadcast: enabled
[    5.335649] sched_clock: Marking stable (5316007381, 17780330)->(5359612438, -25824727)
[    5.337994] registered taskstats version 1
[    5.339079] Loading compiled-in X.509 certificates
[    5.415519] Demotion targets for Node 0: null
[    5.417925] Key type .fscrypt registered
[    5.418690] Key type fscrypt-provisioning registered
[    5.424990] Key type encrypted registered
[    5.425494] ima: No TPM chip found, activating TPM-bypass!
[    5.426034] ima: Allocated hash algorithm: sha1
[    5.426536] ima: No architecture policies found
[    5.427136] evm: Initialising EVM extended attributes:
[    5.427594] evm: security.selinux
[    5.427889] evm: security.SMACK64
[    5.428183] evm: security.SMACK64EXEC
[    5.428512] evm: security.SMACK64TRANSMUTE
[    5.428874] evm: security.SMACK64MMAP
[    5.429198] evm: security.apparmor
[    5.429503] evm: security.ima
[    5.429770] evm: security.capability
[    5.430138] evm: HMAC attrs: 0x1
[    5.433309] PM:   Magic number: 5:687:364
[    5.435236] RAS: Correctable Errors collector initialized.
[    5.437240] clk: Disabling unused clocks
[    5.438601] PM: genpd: Disabling unused power domains
[    5.441176] check access for rdinit=/init failed: -2, ignoring
[    5.441988] md: Waiting for all devices to be available before autodetect
[    5.442816] md: If you don't use raid, use raid=noautodetect
[    5.443524] md: Autodetecting RAID arrays.
[    5.444084] md: autorun ...
[    5.444479] md: ... autorun DONE.
[    5.471919] EXT4-fs (sda): mounted filesystem 088740a9-c8b4-422c-999d-a804eb68a4da ro with ordered data mode. Quota mode: none.
[    5.473605] VFS: Mounted root (ext4 filesystem) readonly on device 8:0.
[    5.479207] devtmpfs: mounted
[    5.502974] Freeing unused decrypted memory: 2036K
[    5.528862] Freeing unused kernel image (initmem) memory: 16332K
[    5.530016] Write protecting the kernel read-only data: 102400k
[    5.535785] Freeing unused kernel image (text/rodata gap) memory: 1304K
[    5.540287] Freeing unused kernel image (rodata/data gap) memory: 1720K
[    5.602564] x86/mm: Checked W+X mappings: passed, no W+X pages found.
[    5.603024] Run /sbin/init as init process
[    5.937947] systemd[1]: systemd 252-15.el9 running in system mode (+PAM +AUDIT +SELINUX -APPARMOR +IMA +SMACK +SECCOMP +GCRYPT +GNUTLS +OPENSSL +ACL +BLKID +CURL +ELFUTILS -FIDO2 +IDN2 -IDN -IPTC +KMOD +LIBCRYPTSETUP +LIBFDISK +PCRE2 -PWQUALITY +P11KIT -QRENCODE +TPM2 +BZIP2 +LZ4 +XZ +ZLIB +ZSTD -BPF_FRAMEWORK +XKBCOMMON +UTMP +SYSVINIT default-hierarchy=unified)
[    5.939777] systemd[1]: Detected virtualization kvm.
[    5.940079] systemd[1]: Detected architecture x86-64.

Welcome to [0;31mCentOS Stream 9[0m!

[    5.949010] systemd[1]: Hostname set to <test>.
[    6.145930] systemd-rc-local-generator[121]: /etc/rc.d/rc.local is not marked executable, skipping.
[    6.656245] systemd[1]: Queued start job for default target Multi-User System.
[    6.681384] systemd[1]: Created slice Virtual Machine and Container Slice.
[[0;32m  OK  [0m] Created slice [0;1;39mVirtual Machine and Container Slice[0m.
[    6.688667] systemd[1]: Created slice Slice /system/getty.
[[0;32m  OK  [0m] Created slice [0;1;39mSlice /system/getty[0m.
[    6.693013] systemd[1]: Created slice Slice /system/modprobe.
[[0;32m  OK  [0m] Created slice [0;1;39mSlice /system/modprobe[0m.
[    6.698068] systemd[1]: Created slice Slice /system/serial-getty.
[[0;32m  OK  [0m] Created slice [0;1;39mSlice /system/serial-getty[0m.
[    6.702977] systemd[1]: Created slice Slice /system/sshd-keygen.
[[0;32m  OK  [0m] Created slice [0;1;39mSlice /system/sshd-keygen[0m.
[    6.707280] systemd[1]: Created slice User and Session Slice.
[[0;32m  OK  [0m] Created slice [0;1;39mUser and Session Slice[0m.
[    6.709510] systemd[1]: Started Forward Password Requests to Wall Directory Watch.
[[0;32m  OK  [0m] Started [0;1;39mForward Password R…uests to Wall Directory Watch[0m.
[    6.713302] systemd[1]: Set up automount Arbitrary Executable File Formats File System Automount Point.
[[0;32m  OK  [0m] Set up automount [0;1;39mArbitrary…s File System Automount Point[0m.
[    6.715414] systemd[1]: Reached target Local Integrity Protected Volumes.
[[0;32m  OK  [0m] Reached target [0;1;39mLocal Integrity Protected Volumes[0m.
[    6.717202] systemd[1]: Reached target Slice Units.
[[0;32m  OK  [0m] Reached target [0;1;39mSlice Units[0m.
[    6.719310] systemd[1]: Reached target Swaps.
[[0;32m  OK  [0m] Reached target [0;1;39mSwaps[0m.
[    6.720886] systemd[1]: Reached target Local Verity Protected Volumes.
[[0;32m  OK  [0m] Reached target [0;1;39mLocal Verity Protected Volumes[0m.
[    6.723278] systemd[1]: Listening on Device-mapper event daemon FIFOs.
[[0;32m  OK  [0m] Listening on [0;1;39mDevice-mapper event daemon FIFOs[0m.
[    6.726201] systemd[1]: Listening on LVM2 poll daemon socket.
[[0;32m  OK  [0m] Listening on [0;1;39mLVM2 poll daemon socket[0m.
[    6.728104] systemd[1]: multipathd control socket was skipped because of an unmet condition check (ConditionPathExists=/etc/multipath.conf).
[    6.795070] systemd[1]: Listening on RPCbind Server Activation Socket.
[[0;32m  OK  [0m] Listening on [0;1;39mRPCbind Server Activation Socket[0m.
[    6.796322] systemd[1]: Reached target RPC Port Mapper.
[[0;32m  OK  [0m] Reached target [0;1;39mRPC Port Mapper[0m.
[    6.801052] systemd[1]: Listening on Process Core Dump Socket.
[[0;32m  OK  [0m] Listening on [0;1;39mProcess Core Dump Socket[0m.
[    6.802507] systemd[1]: Listening on initctl Compatibility Named Pipe.
[[0;32m  OK  [0m] Listening on [0;1;39minitctl Compatibility Named Pipe[0m.
[    6.804117] systemd[1]: Listening on Journal Socket (/dev/log).
[[0;32m  OK  [0m] Listening on [0;1;39mJournal Socket (/dev/log)[0m.
[    6.805638] systemd[1]: Listening on Journal Socket.
[[0;32m  OK  [0m] Listening on [0;1;39mJournal Socket[0m.
[    6.807345] systemd[1]: Listening on udev Control Socket.
[[0;32m  OK  [0m] Listening on [0;1;39mudev Control Socket[0m.
[    6.808567] systemd[1]: Listening on udev Kernel Socket.
[[0;32m  OK  [0m] Listening on [0;1;39mudev Kernel Socket[0m.
[    6.814426] systemd[1]: Mounting Huge Pages File System...
         Mounting [0;1;39mHuge Pages File System[0m...
[    6.820404] systemd[1]: Mounting POSIX Message Queue File System...
         Mounting [0;1;39mPOSIX Message Queue File System[0m...
[    6.834351] systemd[1]: Mounting Kernel Debug File System...
         Mounting [0;1;39mKernel Debug File System[0m...
[    6.841633] systemd[1]: Mounting Kernel Trace File System...
         Mounting [0;1;39mKernel Trace File System[0m...
[    6.842816] systemd[1]: Kernel Module supporting RPCSEC_GSS was skipped because of an unmet condition check (ConditionPathExists=/etc/krb5.keytab).
[    6.843729] systemd[1]: Create List of Static Device Nodes was skipped because of an unmet condition check (ConditionFileNotEmpty=/lib/modules/6.18.0-c668486eb83c+/modules.devname).
[    6.850087] systemd[1]: Starting Monitoring of LVM2 mirrors, snapshots etc. using dmeventd or progress polling...
         Starting [0;1;39mMonitoring of LVM…meventd or progress polling[0m...
[    6.857465] systemd[1]: Starting Load Kernel Module configfs...
         Starting [0;1;39mLoad Kernel Module configfs[0m...
[    6.863562] systemd[1]: Starting Load Kernel Module drm...
         Starting [0;1;39mLoad Kernel Module drm[0m...
[    6.877875] systemd[1]: Starting Load Kernel Module fuse...
         Starting [0;1;39mLoad Kernel Module fuse[0m...
[    6.894510] systemd[1]: Starting Read and set NIS domainname from /etc/sysconfig/network...
         Starting [0;1;39mRead and set NIS …from /etc/sysconfig/network[0m...
[    6.913935] systemd[1]: Starting Journal Service...
         Starting [0;1;39mJournal Service[0m...
[    6.930263] systemd[1]: Starting Load Kernel Modules...
         Starting [0;1;39mLoad Kernel Modules[0m...
[    6.942738] systemd[1]: Starting Generate network units from Kernel command line...
         Starting [0;1;39mGenerate network …ts from Kernel command line[0m...
[    6.973979] systemd[1]: Starting Remount Root and Kernel File Systems...
         Starting [0;1;39mRemount Root and Kernel File Systems[0m...
[    6.983924] systemd[1]: Repartition Root Disk was skipped because no trigger condition checks were met.
[    7.004728] systemd[1]: Starting Coldplug All udev Devices...
         Starting [0;1;39mColdplug All udev Devices[0m...
[    7.029358] systemd[1]: Mounted Huge Pages File System.
[[0;32m  OK  [0m] Mounted [0;1;39mHuge Pages File System[0m.
[    7.038365] systemd[1]: Mounted POSIX Message Queue File System.
[[0;32m  OK  [0m] Mounted [0;1;39mPOSIX Message Queue File System[0m.
[    7.042339] systemd[1]: Mounted Kernel Debug File System.
[[0;32m  OK  [0m] Mounted [0;1;39mKernel Debug File System[0m.
[    7.045257] systemd[1]: Mounted Kernel Trace File System.
[[0;32m  OK  [0m] Mounted [0;1;39mKernel Trace File System[0m.
[    7.052037] systemd[1]: Finished Monitoring of LVM2 mirrors, snapshots etc. using dmeventd or progress polling.
[[0;32m  OK  [0m] Finished [0;1;39mMonitoring of LVM… dmeventd or progress polling[0m.
[    7.057306] systemd[1]: modprobe@configfs.service: Deactivated successfully.
[    7.062509] systemd[1]: Finished Load Kernel Module configfs.
[[0;32m  OK  [0m] Finished [0;1;39mLoad Kernel Module configfs[0m.
[    7.064952] systemd[1]: modprobe@drm.service: Deactivated successfully.
[    7.066514] systemd[1]: Finished Load Kernel Module drm.
[[0;32m  OK  [0m] Finished [0;1;39mLoad Kernel Module drm[0m.
[    7.068700] systemd[1]: modprobe@fuse.service: Deactivated successfully.
[    7.070623] systemd[1]: Finished Load Kernel Module fuse.
[[0;32m  OK  [0m] Finished [0;1;39mLoad Kernel Module fuse[0m.
[    7.073035] systemd[1]: Finished Read and set NIS domainname from /etc/sysconfig/network.
[[0;32m  OK  [0m] Finished [0;1;39mRead and set NIS …e from /etc/sysconfig/network[0m.
[    7.077098] systemd[1]: systemd-modules-load.service: Main process exited, code=exited, status=1/FAILURE
[    7.078365] systemd[1]: systemd-modules-load.service: Failed with result 'exit-code'.
[    7.079842] systemd[1]: Failed to start Load Kernel Modules.
[[0;1;31mFAILED[0m] Failed to start [0;1;39mLoad Kernel Modules[0m.
See 'systemctl status systemd-modules-load.service' for details.
[    7.082785] systemd[1]: Finished Generate network units from Kernel command line.
[[0;32m  OK  [0m] Finished [0;1;39mGenerate network units from Kernel command line[0m.
[    7.085305] systemd[1]: Reached target Preparation for Network.
[    7.085946] EXT4-fs (sda): re-mounted 088740a9-c8b4-422c-999d-a804eb68a4da r/w.
[[0;32m  OK  [0m] Reached target [0;1;39mPreparation for Network[0m.
[    7.107290] systemd[1]: Mounting FUSE Control File System...
         Mounting [0;1;39mFUSE Control File System[0m...
[    7.116298] systemd[1]: Mounting Kernel Configuration File System...
         Mounting [0;1;39mKernel Configuration File System[0m...
[    7.139008] systemd[1]: Starting Apply Kernel Variables...
         Starting [0;1;39mApply Kernel Variables[0m...
[    7.147899] systemd[1]: Started Journal Service.
[[0;32m  OK  [0m] Started [0;1;39mJournal Service[0m.
[[0;32m  OK  [0m] Finished [0;1;39mRemount Root and Kernel File Systems[0m.
[[0;32m  OK  [0m] Mounted [0;1;39mFUSE Control File System[0m.
[[0;32m  OK  [0m] Mounted [0;1;39mKernel Configuration File System[0m.
         Starting [0;1;39mFlush Journal to Persistent Storage[0m...
         Starting [0;1;39mLoad/Save Random Seed[0m...
         Starting [0;1;39mCreate Static Device Nodes in /dev[0m...
[    7.239969] systemd-journald[143]: Received client request to flush runtime journal.
         Starting [0;1;39mSetup Virtual Console[0m...
[[0;32m  OK  [0m] Finished [0;1;39mApply Kernel Variables[0m.
[[0;32m  OK  [0m] Finished [0;1;39mFlush Journal to Persistent Storage[0m.
[[0;32m  OK  [0m] Finished [0;1;39mLoad/Save Random Seed[0m.
[[0;32m  OK  [0m] Finished [0;1;39mCreate Static Device Nodes in /dev[0m.
         Starting [0;1;39mRule-based Manage…for Device Events and Files[0m...
[[0;32m  OK  [0m] Started [0;1;39mRule-based Manager for Device Events and Files[0m.
         Starting [0;1;39mAuto-connect to s…E devices found during boot[0m...
[[0;32m  OK  [0m] Finished [0;1;39mColdplug All udev Devices[0m.
[[0;32m  OK  [0m] Finished [0;1;39mAuto-connect to s…VME devices found during boot[0m.
         Starting [0;1;39mWait for udev To …plete Device Initialization[0m...
[[0;32m  OK  [0m] Finished [0;1;39mSetup Virtual Console[0m.
[[0;32m  OK  [0m] Started [0;1;39mDispatch Password …ts to Console Directory Watch[0m.
[[0;32m  OK  [0m] Reached target [0;1;39mLocal Encrypted Volumes[0m.
[[0;32m  OK  [0m] Reached target [0;1;39mPath Units[0m.
[[0;32m  OK  [0m] Found device [0;1;39m/dev/ttyS0[0m.
[[0;32m  OK  [0m] Listening on [0;1;39mLoad/Save RF …itch Status /dev/rfkill Watch[0m.
[[0;32m  OK  [0m] Finished [0;1;39mWait for udev To Complete Device Initialization[0m.
[[0;32m  OK  [0m] Reached target [0;1;39mPreparation for Local File Systems[0m.
[[0;32m  OK  [0m] Reached target [0;1;39mLocal File Systems[0m.
         Starting [0;1;39mTell Plymouth To Write Out Runtime Data[0m...
         Starting [0;1;39mAutomatic Boot Loader Update[0m...
         Starting [0;1;39mCreate Volatile Files and Directories[0m...
[[0;32m  OK  [0m] Finished [0;1;39mTell Plymouth To Write Out Runtime Data[0m.
[[0;32m  OK  [0m] Finished [0;1;39mAutomatic Boot Loader Update[0m.
[[0;32m  OK  [0m] Finished [0;1;39mCreate Volatile Files and Directories[0m.
         Mounting [0;1;39mRPC Pipe File System[0m...
         Starting [0;1;39mSecurity Auditing Service[0m...
         Starting [0;1;39mRPC Bind[0m...
[[0;32m  OK  [0m] Mounted [0;1;39mRPC Pipe File System[0m.
[[0;32m  OK  [0m] Reached target [0;1;39mrpc_pipefs.target[0m.
[[0;32m  OK  [0m] Started [0;1;39mRPC Bind[0m.
[[0;32m  OK  [0m] Started [0;1;39mSecurity Auditing Service[0m.
         Starting [0;1;39mRecord System Boot/Shutdown in UTMP[0m...
[[0;32m  OK  [0m] Finished [0;1;39mRecord System Boot/Shutdown in UTMP[0m.
[[0;32m  OK  [0m] Reached target [0;1;39mSystem Initialization[0m.
[[0;32m  OK  [0m] Started [0;1;39mDaily rotation of log files[0m.
[[0;32m  OK  [0m] Started [0;1;39mUpdates mlocate database every day[0m.
[[0;32m  OK  [0m] Started [0;1;39mDaily Cleanup of Temporary Directories[0m.
[[0;32m  OK  [0m] Started [0;1;39mdaily update of the root trust anchor for DNSSEC[0m.
[[0;32m  OK  [0m] Reached target [0;1;39mTimer Units[0m.
[[0;32m  OK  [0m] Listening on [0;1;39mD-Bus System Message Bus Socket[0m.
[[0;32m  OK  [0m] Listening on [0;1;39mOpen-iSCSI iscsid Socket[0m.
[[0;32m  OK  [0m] Listening on [0;1;39mOpen-iSCSI iscsiuio Socket[0m.
[[0;32m  OK  [0m] Listening on [0;1;39mSSSD Kerberos…ache Manager responder socket[0m.
[[0;32m  OK  [0m] Listening on [0;1;39mLibvirt interface local socket[0m.
[[0;32m  OK  [0m] Listening on [0;1;39mVirtual machine lock manager socket[0m.
[[0;32m  OK  [0m] Listening on [0;1;39mVirtual machine log manager socket[0m.
[[0;32m  OK  [0m] Listening on [0;1;39mLibvirt network local socket[0m.
[[0;32m  OK  [0m] Listening on [0;1;39mLibvirt nodedev local socket[0m.
[[0;32m  OK  [0m] Listening on [0;1;39mLibvirt nwfilter local socket[0m.
[[0;32m  OK  [0m] Listening on [0;1;39mLibvirt proxy local socket[0m.
[[0;32m  OK  [0m] Listening on [0;1;39mLibvirt qemu local socket[0m.
[[0;32m  OK  [0m] Listening on [0;1;39mLibvirt qemu admin socket[0m.
[[0;32m  OK  [0m] Listening on [0;1;39mLibvirt qemu local read-only socket[0m.
[[0;32m  OK  [0m] Listening on [0;1;39mLibvirt secret local socket[0m.
[[0;32m  OK  [0m] Listening on [0;1;39mLibvirt storage local socket[0m.
[[0;32m  OK  [0m] Reached target [0;1;39mSocket Units[0m.
         Starting [0;1;39mD-Bus System Message Bus[0m...
[[0;32m  OK  [0m] Started [0;1;39mD-Bus System Message Bus[0m.
[[0;32m  OK  [0m] Reached target [0;1;39mBasic System[0m.
         Starting [0;1;39mNetwork Manager[0m...
         Starting [0;1;39mNTP client/server[0m...
         Starting [0;1;39mRestore /run/initramfs on shutdown[0m...
[[0;32m  OK  [0m] Started [0;1;39mirqbalance daemon[0m.
[[0;32m  OK  [0m] Started [0;1;39mlibstoragemgmt plug-in server daemon[0m.
[[0;32m  OK  [0m] Started [0;1;39mMachine Check Exception Logging Daemon[0m.
[[0;32m  OK  [0m] Reached target [0;1;39msshd-keygen.target[0m.
[[0;32m  OK  [0m] Reached target [0;1;39mUser and Group Name Lookups[0m.
         Starting [0;1;39mUser Login Management[0m...
         Starting [0;1;39mVirtual Machine a…tainer Registration Service[0m...
         Starting [0;1;39mupdate of the roo…NSSEC validation in unbound[0m...
         Starting [0;1;39mRotate log files[0m...
[[0;32m  OK  [0m] Started [0;1;39mUpdate a database for mlocate[0m.
[[0;32m  OK  [0m] Finished [0;1;39mRestore /run/initramfs on shutdown[0m.
[[0;32m  OK  [0m] Started [0;1;39mVirtual Machine an…ontainer Registration Service[0m.
         Starting [0;1;39mHostname Service[0m...
[[0;32m  OK  [0m] Started [0;1;39mNTP client/server[0m.
[[0;32m  OK  [0m] Finished [0;1;39mupdate of the roo… DNSSEC validation in unbound[0m.
[[0;32m  OK  [0m] Started [0;1;39mUser Login Management[0m.
[[0;32m  OK  [0m] Started [0;1;39mHostname Service[0m.
[[0;32m  OK  [0m] Finished [0;1;39mRotate log files[0m.
         Starting [0;1;39mNetwork Manager Script Dispatcher Service[0m...
[[0;32m  OK  [0m] Started [0;1;39mNetwork Manager Script Dispatcher Service[0m.
[   11.038725] e1000: eth0 NIC Link is Up 1000 Mbps Full Duplex, Flow Control: RX
[[0;32m  OK  [0m] Started [0;1;39mNetwork Manager[0m.
[[0;32m  OK  [0m] Reached target [0;1;39mNetwork[0m.
[[0;32m  OK  [0m] Reached target [0;1;39mNetwork is Online[0m.
         Starting [0;1;39mGSSAPI Proxy Daemon[0m...
         Starting [0;1;39mNotify NFS peers of a restart[0m...
         Starting [0;1;39mSystem Logging Service[0m...
         Starting [0;1;39mOpenSSH server daemon[0m...
         Starting [0;1;39mDynamic System Tuning Daemon[0m...
[[0;32m  OK  [0m] Started [0;1;39mNotify NFS peers of a restart[0m.
[[0;32m  OK  [0m] Started [0;1;39mOpenSSH server daemon[0m.
[[0;32m  OK  [0m] Started [0;1;39mGSSAPI Proxy Daemon[0m.
[[0;32m  OK  [0m] Reached target [0;1;39mNFS client services[0m.
[[0;32m  OK  [0m] Reached target [0;1;39mPreparation for Remote File Systems[0m.
[[0;32m  OK  [0m] Reached target [0;1;39mRemote File Systems[0m.
         Starting [0;1;39mPermit User Sessions[0m...
         Starting [0;1;39mVirtualization qemu daemon[0m...
[[0;32m  OK  [0m] Finished [0;1;39mPermit User Sessions[0m.
[[0;32m  OK  [0m] Started [0;1;39mDeferred execution scheduler[0m.
[[0;32m  OK  [0m] Started [0;1;39mCommand Scheduler[0m.
         Starting [0;1;39mHold until boot process finishes up[0m...
         Starting [0;1;39mTerminate Plymouth Boot Screen[0m...
[[0;32m  OK  [0m] Started [0;1;39mSystem Logging Service[0m.
[[0;32m  OK  [0m] Finished [0;1;39mHold until boot process finishes up[0m.
[[0;32m  OK  [0m] Started [0;1;39mGetty on tty1[0m.
[[0;32m  OK  [0m] Started [0;1;39mSerial Getty on ttyS0[0m.
[[0;32m  OK  [0m] Reached target [0;1;39mLogin Prompts[0m.
[[0;32m  OK  [0m] Finished [0;1;39mTerminate Plymouth Boot Screen[0m.
[[0;32m  OK  [0m] Started [0;1;39mVirtualization qemu daemon[0m.
         Starting [0;1;39mAuthorization Manager[0m...
[[0;32m  OK  [0m] Started [0;1;39mAuthorization Manager[0m.
[[0;32m  OK  [0m] Started [0;1;39mDynamic System Tuning Daemon[0m.
[[0;32m  OK  [0m] Reached target [0;1;39mMulti-User System[0m.
         Starting [0;1;39mRecord Runlevel Change in UTMP[0m...
[[0;32m  OK  [0m] Finished [0;1;39mRecord Runlevel Change in UTMP[0m.

CentOS Stream 9
Kernel 6.18.0-c668486eb83c+ on an x86_64

Activate the web console with: systemctl enable --now cockpit.socket

test login: [   21.428040] iommufd_mock iommufd_mock0: Adding to iommu group 0
[   21.438264] iommufd_mock iommufd_mock0: Adding to iommu group 0
[   21.448945] iommufd_mock iommufd_mock0: Adding to iommu group 0
[   21.460077] iommufd_mock iommufd_mock0: Adding to iommu group 0
[   21.470726] iommufd_mock iommufd_mock0: Adding to iommu group 0
[   21.481657] iommufd_mock iommufd_mock0: Adding to iommu group 0
[   21.492732] iommufd_mock iommufd_mock0: Adding to iommu group 0
[   21.503209] iommufd_mock iommufd_mock0: Adding to iommu group 0
[   21.514003] iommufd_mock iommufd_mock0: Adding to iommu group 0
[   21.524820] iommufd_mock iommufd_mock0: Adding to iommu group 0
[   21.535811] iommufd_mock iommufd_mock0: Adding to iommu group 0
[   21.546750] iommufd_mock iommufd_mock0: Adding to iommu group 0
[   21.557596] iommufd_mock iommufd_mock0: Adding to iommu group 0
[   21.568498] iommufd_mock iommufd_mock0: Adding to iommu group 0
[   21.579526] iommufd_mock iommufd_mock0: Adding to iommu group 0
[   21.590398] iommufd_mock iommufd_mock0: Adding to iommu group 0
[   21.601295] iommufd_mock iommufd_mock0: Adding to iommu group 0
[   21.612044] iommufd_mock iommufd_mock0: Adding to iommu group 0
[   21.625485] iommufd_mock iommufd_mock0: Adding to iommu group 0
[   21.634102] iommufd_mock iommufd_mock0: Adding to iommu group 0
[   21.645138] iommufd_mock iommufd_mock0: Adding to iommu group 0
[   21.656170] iommufd_mock iommufd_mock0: Adding to iommu group 0
[   21.667175] iommufd_mock iommufd_mock0: Adding to iommu group 0
[   21.678226] iommufd_mock iommufd_mock0: Adding to iommu group 0
[   21.688844] iommufd_mock iommufd_mock0: Adding to iommu group 0
[   21.699766] iommufd_mock iommufd_mock0: Adding to iommu group 0
[   21.710767] iommufd_mock iommufd_mock0: Adding to iommu group 0
[   21.721484] iommufd_mock iommufd_mock0: Adding to iommu group 0
[   21.732430] iommufd_mock iommufd_mock0: Adding to iommu group 0
[   21.743242] iommufd_mock iommufd_mock0: Adding to iommu group 0
[   21.754524] iommufd_mock iommufd_mock0: Adding to iommu group 0
[   21.765337] iommufd_mock iommufd_mock0: Adding to iommu group 0
[   21.776395] iommufd_mock iommufd_mock0: Adding to iommu group 0
[   21.787882] iommufd_mock iommufd_mock0: Adding to iommu group 0
[   21.797971] iommufd_mock iommufd_mock0: Adding to iommu group 0
[   21.808693] iommufd_mock iommufd_mock0: Adding to iommu group 0
[   21.819545] iommufd_mock iommufd_mock0: Adding to iommu group 0
[   21.830767] iommufd_mock iommufd_mock0: Adding to iommu group 0
[   21.841238] iommufd_mock iommufd_mock0: Adding to iommu group 0
[   21.851811] iommufd_mock iommufd_mock0: Adding to iommu group 0
[   21.862909] iommufd_mock iommufd_mock0: Adding to iommu group 0
[   21.873383] iommufd_mock iommufd_mock0: Adding to iommu group 0
[   21.884364] iommufd_mock iommufd_mock0: Adding to iommu group 0
[   21.895210] iommufd_mock iommufd_mock0: Adding to iommu group 0
[   21.906109] iommufd_mock iommufd_mock0: Adding to iommu group 0
[   21.917078] iommufd_mock iommufd_mock0: Adding to iommu group 0
[   21.927925] iommufd_mock iommufd_mock0: Adding to iommu group 0
[   21.938772] iommufd_mock iommufd_mock0: Adding to iommu group 0
[   21.950255] iommufd_mock iommufd_mock0: Adding to iommu group 0
[   21.960831] iommufd_mock iommufd_mock0: Adding to iommu group 0
[   21.971832] iommufd_mock iommufd_mock0: Adding to iommu group 0
[   21.982712] iommufd_mock iommufd_mock0: Adding to iommu group 0
[   21.993630] iommufd_mock iommufd_mock0: Adding to iommu group 0
[   22.004653] iommufd_mock iommufd_mock0: Adding to iommu group 0
[   22.016263] iommufd_mock iommufd_mock0: Adding to iommu group 0
[   22.026858] iommufd_mock iommufd_mock0: Adding to iommu group 0
[   22.037835] iommufd_mock iommufd_mock0: Adding to iommu group 0
[   22.048932] iommufd_mock iommufd_mock0: Adding to iommu group 0
[   22.059723] iommufd_mock iommufd_mock0: Adding to iommu group 0
[   22.071323] iommufd_mock iommufd_mock0: Adding to iommu group 0
[   22.081260] iommufd_mock iommufd_mock0: Adding to iommu group 0
[   22.092204] iommufd_mock iommufd_mock0: Adding to iommu group 0
[   22.102975] iommufd_mock iommufd_mock0: Adding to iommu group 0
[   22.113743] iommufd_mock iommufd_mock0: Adding to iommu group 0
[   22.124599] iommufd_mock iommufd_mock0: Adding to iommu group 0
[   22.135368] iommufd_mock iommufd_mock0: Adding to iommu group 0
[   22.146529] iommufd_mock iommufd_mock0: Adding to iommu group 0
[   22.156877] iommufd_mock iommufd_mock0: Adding to iommu group 0
[   22.167839] iommufd_mock iommufd_mock0: Adding to iommu group 0
[   22.178954] iommufd_mock iommufd_mock0: Adding to iommu group 0
[   22.189404] iommufd_mock iommufd_mock0: Adding to iommu group 0
[   22.200101] iommufd_mock iommufd_mock0: Adding to iommu group 0
[   22.211310] iommufd_mock iommufd_mock0: Adding to iommu group 0
[   22.221722] iommufd_mock iommufd_mock0: Adding to iommu group 0
[   22.233191] iommufd_mock iommufd_mock0: Adding to iommu group 0
[   22.243993] iommufd_mock iommufd_mock0: Adding to iommu group 0
[   22.254868] iommufd_mock iommufd_mock0: Adding to iommu group 0
[   22.265601] iommufd_mock iommufd_mock0: Adding to iommu group 0
[   22.276406] iommufd_mock iommufd_mock0: Adding to iommu group 0
[   22.287267] iommufd_mock iommufd_mock0: Adding to iommu group 0
[   22.298313] iommufd_mock iommufd_mock0: Adding to iommu group 0
[   22.308890] iommufd_mock iommufd_mock0: Adding to iommu group 0
[   22.319701] iommufd_mock iommufd_mock0: Adding to iommu group 0
[   22.330595] iommufd_mock iommufd_mock0: Adding to iommu group 0
[   22.341260] iommufd_mock iommufd_mock0: Adding to iommu group 0
[   22.351913] iommufd_mock iommufd_mock0: Adding to iommu group 0
[   22.362800] iommufd_mock iommufd_mock0: Adding to iommu group 0
[   22.373448] iommufd_mock iommufd_mock0: Adding to iommu group 0
[   22.384277] iommufd_mock iommufd_mock0: Adding to iommu group 0
[   22.395419] iommufd_mock iommufd_mock0: Adding to iommu group 0
[   22.405897] iommufd_mock iommufd_mock0: Adding to iommu group 0
[   22.416671] iommufd_mock iommufd_mock0: Adding to iommu group 0
[   22.427419] iommufd_mock iommufd_mock0: Adding to iommu group 0
[   22.438659] iommufd_mock iommufd_mock0: Adding to iommu group 0
[   22.449273] iommufd_mock iommufd_mock0: Adding to iommu group 0
[   22.460534] iommufd_mock iommufd_mock0: Adding to iommu group 0
[   22.470891] iommufd_mock iommufd_mock0: Adding to iommu group 0
[   22.481591] iommufd_mock iommufd_mock0: Adding to iommu group 0
[   22.492214] iommufd_mock iommufd_mock0: Adding to iommu group 0
[   22.502994] iommufd_mock iommufd_mock0: Adding to iommu group 0
[   22.513607] iommufd_mock iommufd_mock0: Adding to iommu group 0
[   22.524562] iommufd_mock iommufd_mock0: Adding to iommu group 0
[   22.535395] iommufd_mock iommufd_mock0: Adding to iommu group 0
[   22.546868] iommufd_mock iommufd_mock0: Adding to iommu group 0
[   22.556621] iommufd_mock iommufd_mock0: Adding to iommu group 0
[   22.567563] iommufd_mock iommufd_mock0: Adding to iommu group 0
[   22.578353] iommufd_mock iommufd_mock0: Adding to iommu group 0
[   22.589143] iommufd_mock iommufd_mock0: Adding to iommu group 0
[   22.600075] iommufd_mock iommufd_mock0: Adding to iommu group 0
[   22.610739] iommufd_mock iommufd_mock0: Adding to iommu group 0
[   22.621617] iommufd_mock iommufd_mock0: Adding to iommu group 0
[   22.632775] iommufd_mock iommufd_mock0: Adding to iommu group 0
[   22.643211] iommufd_mock iommufd_mock0: Adding to iommu group 0
[   22.654317] iommufd_mock iommufd_mock0: Adding to iommu group 0
[   22.664244] iommufd_mock iommufd_mock0: Adding to iommu group 0
[   22.675156] iommufd_mock iommufd_mock0: Adding to iommu group 0
[   22.685837] iommufd_mock iommufd_mock0: Adding to iommu group 0
[   22.696593] iommufd_mock iommufd_mock0: Adding to iommu group 0
[   22.707400] iommufd_mock iommufd_mock0: Adding to iommu group 0
[   22.718348] iommufd_mock iommufd_mock0: Adding to iommu group 0
[   22.729155] iommufd_mock iommufd_mock0: Adding to iommu group 0
[   22.739907] iommufd_mock iommufd_mock0: Adding to iommu group 0
[   22.750703] iommufd_mock iommufd_mock0: Adding to iommu group 0
[   22.761683] iommufd_mock iommufd_mock0: Adding to iommu group 0
[   22.772491] iommufd_mock iommufd_mock0: Adding to iommu group 0
[   22.783339] iommufd_mock iommufd_mock0: Adding to iommu group 0
[   22.794328] iommufd_mock iommufd_mock0: Adding to iommu group 0
[   22.805070] iommufd_mock iommufd_mock0: Adding to iommu group 0
[   22.815993] iommufd_mock iommufd_mock0: Adding to iommu group 0
[   22.827243] iommufd_mock iommufd_mock0: Adding to iommu group 0
[   22.837467] iommufd_mock iommufd_mock0: Adding to iommu group 0
[   22.848247] iommufd_mock iommufd_mock0: Adding to iommu group 0
[   22.858805] iommufd_mock iommufd_mock0: Adding to iommu group 0
[   22.870188] iommufd_mock iommufd_mock0: Adding to iommu group 0
[   22.880587] iommufd_mock iommufd_mock0: Adding to iommu group 0
[   22.891135] iommufd_mock iommufd_mock0: Adding to iommu group 0
[   22.902421] iommufd_mock iommufd_mock0: Adding to iommu group 0
[   22.913067] iommufd_mock iommufd_mock0: Adding to iommu group 0
[   22.923800] iommufd_mock iommufd_mock0: Adding to iommu group 0
[   22.934440] iommufd_mock iommufd_mock0: Adding to iommu group 0
[   22.945193] iommufd_mock iommufd_mock0: Adding to iommu group 0
[   22.956025] iommufd_mock iommufd_mock0: Adding to iommu group 0
[   22.966780] iommufd_mock iommufd_mock0: Adding to iommu group 0
[   22.977361] iommufd_mock iommufd_mock0: Adding to iommu group 0
[   22.988393] iommufd_mock iommufd_mock0: Adding to iommu group 0
[   22.999800] iommufd_mock iommufd_mock0: Adding to iommu group 0
[   23.010185] iommufd_mock iommufd_mock0: Adding to iommu group 0
[   23.020825] iommufd_mock iommufd_mock0: Adding to iommu group 0
[   23.031507] iommufd_mock iommufd_mock0: Adding to iommu group 0
[   23.042319] iommufd_mock iommufd_mock0: Adding to iommu group 0
[   23.052770] iommufd_mock iommufd_mock0: Adding to iommu group 0
[   23.063880] iommufd_mock iommufd_mock0: Adding to iommu group 0
[   23.074602] iommufd_mock iommufd_mock0: Adding to iommu group 0
[   23.084715] iommufd_mock iommufd_mock0: Adding to iommu group 0
[   23.095716] iommufd_mock iommufd_mock0: Adding to iommu group 0
[   23.106641] iommufd_mock iommufd_mock0: Adding to iommu group 0
[   23.117231] iommufd_mock iommufd_mock0: Adding to iommu group 0
[   23.128029] iommufd_mock iommufd_mock0: Adding to iommu group 0
[   23.138626] iommufd_mock iommufd_mock0: Adding to iommu group 0
[   23.148917] iommufd_mock iommufd_mock0: Adding to iommu group 0
[   23.160190] iommufd_mock iommufd_mock0: Adding to iommu group 0
[   23.170897] iommufd_mock iommufd_mock0: Adding to iommu group 0
[   23.181702] iommufd_mock iommufd_mock0: Adding to iommu group 0
[   23.192300] iommufd_mock iommufd_mock0: Adding to iommu group 0
[   23.202818] iommufd_mock iommufd_mock0: Adding to iommu group 0
[   23.213610] iommufd_mock iommufd_mock0: Adding to iommu group 0
[   23.224579] iommufd_mock iommufd_mock0: Adding to iommu group 0
[   23.235514] iommufd_mock iommufd_mock0: Adding to iommu group 0
[   23.246389] iommufd_mock iommufd_mock0: Adding to iommu group 0
[   23.257530] iommufd_mock iommufd_mock0: Adding to iommu group 0
[   23.268246] iommufd_mock iommufd_mock0: Adding to iommu group 0
[   23.279116] iommufd_mock iommufd_mock0: Adding to iommu group 0
[   23.290249] iommufd_mock iommufd_mock0: Adding to iommu group 0
[   23.300755] iommufd_mock iommufd_mock0: Adding to iommu group 0
[   23.311611] iommufd_mock iommufd_mock0: Adding to iommu group 0
[   23.322322] iommufd_mock iommufd_mock0: Adding to iommu group 0
[   23.333021] iommufd_mock iommufd_mock0: Adding to iommu group 0
[   23.343632] iommufd_mock iommufd_mock0: Adding to iommu group 0
[   23.354750] iommufd_mock iommufd_mock0: Adding to iommu group 0
[   23.365281] iommufd_mock iommufd_mock0: Adding to iommu group 0
[   23.375951] iommufd_mock iommufd_mock0: Adding to iommu group 0
[   23.386616] iommufd_mock iommufd_mock0: Adding to iommu group 0
[   23.397519] iommufd_mock iommufd_mock0: Adding to iommu group 0
[   23.408117] iommufd_mock iommufd_mock0: Adding to iommu group 0
[   23.418756] iommufd_mock iommufd_mock0: Adding to iommu group 0
[   23.429536] iommufd_mock iommufd_mock0: Adding to iommu group 0
[   23.440333] iommufd_mock iommufd_mock0: Adding to iommu group 0
[   23.451312] iommufd_mock iommufd_mock0: Adding to iommu group 0
[   23.462264] iommufd_mock iommufd_mock0: Adding to iommu group 0
[   23.473301] iommufd_mock iommufd_mock0: Adding to iommu group 0
[   23.484189] iommufd_mock iommufd_mock0: Adding to iommu group 0
[   23.497379] iommufd_mock iommufd_mock0: Adding to iommu group 0
[   23.505836] iommufd_mock iommufd_mock0: Adding to iommu group 0
[   23.516599] iommufd_mock iommufd_mock0: Adding to iommu group 0
[   23.527182] iommufd_mock iommufd_mock0: Adding to iommu group 0
[   23.537831] iommufd_mock iommufd_mock0: Adding to iommu group 0
[   23.548537] iommufd_mock iommufd_mock0: Adding to iommu group 0
[   23.559588] iommufd_mock iommufd_mock0: Adding to iommu group 0
[   23.570511] iommufd_mock iommufd_mock0: Adding to iommu group 0
[   23.581409] iommufd_mock iommufd_mock0: Adding to iommu group 0
[   23.592299] iommufd_mock iommufd_mock0: Adding to iommu group 0
[   23.603194] iommufd_mock iommufd_mock0: Adding to iommu group 0
[   23.614516] iommufd_mock iommufd_mock0: Adding to iommu group 0
[   23.625389] iommufd_mock iommufd_mock0: Adding to iommu group 0
[   23.636122] iommufd_mock iommufd_mock0: Adding to iommu group 0
[   23.647289] iommufd_mock iommufd_mock0: Adding to iommu group 0
[   23.658077] iommufd_mock iommufd_mock0: Adding to iommu group 0
[   23.668595] iommufd_mock iommufd_mock0: Adding to iommu group 0
[   23.679719] iommufd_mock iommufd_mock0: Adding to iommu group 0
[   23.690484] iommufd_mock iommufd_mock0: Adding to iommu group 0
[   23.701256] iommufd_mock iommufd_mock0: Adding to iommu group 0
[   23.712161] iommufd_mock iommufd_mock0: Adding to iommu group 0
[   23.722845] iommufd_mock iommufd_mock0: Adding to iommu group 0
[   23.733953] iommufd_mock iommufd_mock0: Adding to iommu group 0
[   23.745110] iommufd_mock iommufd_mock0: Adding to iommu group 0
[   23.756574] iommufd_mock iommufd_mock0: Adding to iommu group 0
[   23.767614] iommufd_mock iommufd_mock0: Adding to iommu group 0
[   23.777719] iommufd_mock iommufd_mock0: Adding to iommu group 0
[   23.788447] iommufd_mock iommufd_mock0: Adding to iommu group 0
[   23.798551] iommufd_mock iommufd_mock0: Adding to iommu group 0
[   23.809406] iommufd_mock iommufd_mock0: Adding to iommu group 0
[   23.820224] iommufd_mock iommufd_mock0: Adding to iommu group 0
[   23.830910] iommufd_mock iommufd_mock0: Adding to iommu group 0
[   23.841735] iommufd_mock iommufd_mock0: Adding to iommu group 0
[   23.853079] iommufd_mock iommufd_mock0: Adding to iommu group 0
[   23.863329] iommufd_mock iommufd_mock0: Adding to iommu group 0
[   23.874620] iommufd_mock iommufd_mock0: Adding to iommu group 0
[   23.885238] iommufd_mock iommufd_mock0: Adding to iommu group 0
[   23.895539] iommufd_mock iommufd_mock0: Adding to iommu group 0
[   23.906630] iommufd_mock iommufd_mock0: Adding to iommu group 0
[   23.916785] iommufd_mock iommufd_mock0: Adding to iommu group 0
[   23.928264] iommufd_mock iommufd_mock0: Adding to iommu group 0
[   23.938649] iommufd_mock iommufd_mock0: Adding to iommu group 0
[   23.950168] iommufd_mock iommufd_mock0: Adding to iommu group 0
[   23.961539] iommufd_mock iommufd_mock0: Adding to iommu group 0
[   23.972202] iommufd_mock iommufd_mock0: Adding to iommu group 0
[   23.981631] iommufd_mock iommufd_mock0: Adding to iommu group 0
[   23.992378] iommufd_mock iommufd_mock0: Adding to iommu group 0
[   24.003231] iommufd_mock iommufd_mock0: Adding to iommu group 0
[   24.014260] iommufd_mock iommufd_mock0: Adding to iommu group 0
[   24.024508] iommufd_mock iommufd_mock0: Adding to iommu group 0
[   24.035105] iommufd_mock iommufd_mock0: Adding to iommu group 0
[   24.045747] iommufd_mock iommufd_mock0: Adding to iommu group 0
[   24.056472] iommufd_mock iommufd_mock0: Adding to iommu group 0
[   24.067144] iommufd_mock iommufd_mock0: Adding to iommu group 0
[   24.078382] iommufd_mock iommufd_mock0: Adding to iommu group 0
[   24.088250] iommufd_mock iommufd_mock0: Adding to iommu group 0
[   24.098858] iommufd_mock iommufd_mock0: Adding to iommu group 0
[   24.109395] iommufd_mock iommufd_mock0: Adding to iommu group 0
[   24.120145] iommufd_mock iommufd_mock0: Adding to iommu group 0
[   24.130609] iommufd_mock iommufd_mock0: Adding to iommu group 0
[   24.141418] iommufd_mock iommufd_mock0: Adding to iommu group 0
[   24.152597] iommufd_mock iommufd_mock0: Adding to iommu group 0
[   24.162911] iommufd_mock iommufd_mock0: Adding to iommu group 0
[   24.173591] iommufd_mock iommufd_mock0: Adding to iommu group 0
[   24.184179] iommufd_mock iommufd_mock0: Adding to iommu group 0
[   24.195357] iommufd_mock iommufd_mock0: Adding to iommu group 0
[   24.206272] iommufd_mock iommufd_mock0: Adding to iommu group 0
[   24.216711] iommufd_mock iommufd_mock0: Adding to iommu group 0
[   24.226729] iommufd_mock iommufd_mock0: Adding to iommu group 0
[   24.238884] iommufd_mock iommufd_mock0: Adding to iommu group 0
[   24.248859] iommufd_mock iommufd_mock0: Adding to iommu group 0
[   24.259599] iommufd_mock iommufd_mock0: Adding to iommu group 0
[   24.270203] iommufd_mock iommufd_mock0: Adding to iommu group 0
[   24.280697] iommufd_mock iommufd_mock0: Adding to iommu group 0
[   24.290695] iommufd_mock iommufd_mock0: Adding to iommu group 0
[   24.302311] iommufd_mock iommufd_mock0: Adding to iommu group 0
[   24.312737] iommufd_mock iommufd_mock0: Adding to iommu group 0
[   24.322702] iommufd_mock iommufd_mock0: Adding to iommu group 0
[   24.334063] iommufd_mock iommufd_mock0: Adding to iommu group 0
[   24.344410] iommufd_mock iommufd_mock0: Adding to iommu group 0
[   24.355013] iommufd_mock iommufd_mock0: Adding to iommu group 0
[   24.366837] iommufd_mock iommufd_mock0: Adding to iommu group 0
[   24.376446] iommufd_mock iommufd_mock0: Adding to iommu group 0
[   24.387675] iommufd_mock iommufd_mock0: Adding to iommu group 0
[   24.398372] iommufd_mock iommufd_mock0: Adding to iommu group 0
[   24.409709] iommufd_mock iommufd_mock0: Adding to iommu group 0
[   24.420139] iommufd_mock iommufd_mock0: Adding to iommu group 0
[   24.430736] iommufd_mock iommufd_mock0: Adding to iommu group 0
[   24.441715] iommufd_mock iommufd_mock0: Adding to iommu group 0
[   24.452186] iommufd_mock iommufd_mock0: Adding to iommu group 0
[   24.462688] iommufd_mock iommufd_mock0: Adding to iommu group 0
[   24.474220] iommufd_mock iommufd_mock0: Adding to iommu group 0
[   24.484757] iommufd_mock iommufd_mock0: Adding to iommu group 0
[   24.495940] iommufd_mock iommufd_mock0: Adding to iommu group 0
[   24.506756] iommufd_mock iommufd_mock0: Adding to iommu group 0
[   24.516638] iommufd_mock iommufd_mock0: Adding to iommu group 0
[   24.527275] iommufd_mock iommufd_mock0: Adding to iommu group 0
[   24.539125] iommufd_mock iommufd_mock0: Adding to iommu group 0
[   24.548997] iommufd_mock iommufd_mock0: Adding to iommu group 0
[   24.560024] iommufd_mock iommufd_mock0: Adding to iommu group 0
[   24.570793] iommufd_mock iommufd_mock0: Adding to iommu group 0
[   24.581534] iommufd_mock iommufd_mock0: Adding to iommu group 0
[   24.591339] iommufd_mock iommufd_mock0: Adding to iommu group 0
[   24.602600] iommufd_mock iommufd_mock0: Adding to iommu group 0
[   24.613419] iommufd_mock iommufd_mock0: Adding to iommu group 0
[   24.624041] iommufd_mock iommufd_mock0: Adding to iommu group 0
[   24.635864] iommufd_mock iommufd_mock0: Adding to iommu group 0
[   24.645043] iommufd_mock iommufd_mock0: Adding to iommu group 0
[   24.655516] iommufd_mock iommufd_mock0: Adding to iommu group 0
[   24.667320] iommufd_mock iommufd_mock0: Adding to iommu group 0
[   24.677463] iommufd_mock iommufd_mock0: Adding to iommu group 0
[   24.688112] iommufd_mock iommufd_mock0: Adding to iommu group 0
[   24.698732] iommufd_mock iommufd_mock0: Adding to iommu group 0
[   24.709108] iommufd_mock iommufd_mock0: Adding to iommu group 0
[   24.719565] iommufd_mock iommufd_mock0: Adding to iommu group 0
[   24.730441] iommufd_mock iommufd_mock0: Adding to iommu group 0
[   24.741241] iommufd_mock iommufd_mock0: Adding to iommu group 0
[   24.751662] iommufd_mock iommufd_mock0: Adding to iommu group 0
[   24.762334] iommufd_mock iommufd_mock0: Adding to iommu group 0
[   24.773663] iommufd_mock iommufd_mock0: Adding to iommu group 0
[   24.784174] iommufd_mock iommufd_mock0: Adding to iommu group 0
[   24.795127] iommufd_mock iommufd_mock0: Adding to iommu group 0
[   24.805940] iommufd_mock iommufd_mock0: Adding to iommu group 0
[   24.816867] iommufd_mock iommufd_mock0: Adding to iommu group 0
[   24.826569] iommufd_mock iommufd_mock0: Adding to iommu group 0
[   24.837369] iommufd_mock iommufd_mock0: Adding to iommu group 0
[   24.848139] iommufd_mock iommufd_mock0: Adding to iommu group 0
[   24.858994] iommufd_mock iommufd_mock0: Adding to iommu group 0
[   24.869594] iommufd_mock iommufd_mock0: Adding to iommu group 0
[   24.880315] iommufd_mock iommufd_mock0: Adding to iommu group 0
[   24.891349] iommufd_mock iommufd_mock0: Adding to iommu group 0
[   24.902176] iommufd_mock iommufd_mock0: Adding to iommu group 0
[   24.912461] iommufd_mock iommufd_mock0: Adding to iommu group 0
[   24.923273] iommufd_mock iommufd_mock0: Adding to iommu group 0
[   24.934340] iommufd_mock iommufd_mock0: Adding to iommu group 0
[   24.944638] iommufd_mock iommufd_mock0: Adding to iommu group 0
[   24.955964] iommufd_mock iommufd_mock0: Adding to iommu group 0
[   24.966762] iommufd_mock iommufd_mock0: Adding to iommu group 0
[   24.977570] iommufd_mock iommufd_mock0: Adding to iommu group 0
[   24.988015] iommufd_mock iommufd_mock0: Adding to iommu group 0
[   24.998916] iommufd_mock iommufd_mock0: Adding to iommu group 0
[   25.009692] iommufd_mock iommufd_mock0: Adding to iommu group 0
[   25.019705] iommufd_mock iommufd_mock0: Adding to iommu group 0
[   25.031005] iommufd_mock iommufd_mock0: Adding to iommu group 0
[   25.040971] iommufd_mock iommufd_mock0: Adding to iommu group 0
[   25.051423] iommufd_mock iommufd_mock0: Adding to iommu group 0
[   25.062769] iommufd_mock iommufd_mock0: Adding to iommu group 0
[   25.073347] iommufd_mock iommufd_mock0: Adding to iommu group 0
[   25.084277] iommufd_mock iommufd_mock0: Adding to iommu group 0
[   25.094421] iommufd_mock iommufd_mock0: Adding to iommu group 0
[   25.107225] iommufd_mock iommufd_mock0: Adding to iommu group 0
[   25.116306] iommufd_mock iommufd_mock0: Adding to iommu group 0
[   25.127408] iommufd_mock iommufd_mock0: Adding to iommu group 0
[   25.137675] iommufd_mock iommufd_mock0: Adding to iommu group 0
[   25.148288] iommufd_mock iommufd_mock0: Adding to iommu group 0
[   25.159046] iommufd_mock iommufd_mock0: Adding to iommu group 0
[   25.170397] iommufd_mock iommufd_mock0: Adding to iommu group 0
[   25.180640] iommufd_mock iommufd_mock0: Adding to iommu group 0
[   25.191281] iommufd_mock iommufd_mock0: Adding to iommu group 0
[   25.202549] iommufd_mock iommufd_mock0: Adding to iommu group 0
[   25.212568] iommufd_mock iommufd_mock0: Adding to iommu group 0
[   25.225107] iommufd_mock iommufd_mock0: Adding to iommu group 0
[   25.234114] iommufd_mock iommufd_mock0: Adding to iommu group 0
[   25.244595] iommufd_mock iommufd_mock0: Adding to iommu group 0
[   25.255236] iommufd_mock iommufd_mock0: Adding to iommu group 0
[   25.266811] iommufd_mock iommufd_mock0: Adding to iommu group 0
[   25.276907] iommufd_mock iommufd_mock0: Adding to iommu group 0
[   25.287517] iommufd_mock iommufd_mock0: Adding to iommu group 0
[   25.298613] iommufd_mock iommufd_mock0: Adding to iommu group 0
[   25.309288] iommufd_mock iommufd_mock0: Adding to iommu group 0
[   25.319789] iommufd_mock iommufd_mock0: Adding to iommu group 0
[   25.330630] iommufd_mock iommufd_mock0: Adding to iommu group 0
[   25.341253] iommufd_mock iommufd_mock0: Adding to iommu group 0
[   25.352192] iommufd_mock iommufd_mock0: Adding to iommu group 0
[   25.362907] iommufd_mock iommufd_mock0: Adding to iommu group 0
[   25.373408] iommufd_mock iommufd_mock0: Adding to iommu group 0
[   25.384500] iommufd_mock iommufd_mock0: Adding to iommu group 0
[   25.395349] iommufd_mock iommufd_mock0: Adding to iommu group 0
[   25.406057] iommufd_mock iommufd_mock0: Adding to iommu group 0
[   25.416715] iommufd_mock iommufd_mock0: Adding to iommu group 0
[   25.427144] iommufd_mock iommufd_mock0: Adding to iommu group 0
[   25.438110] iommufd_mock iommufd_mock0: Adding to iommu group 0
[   25.449056] iommufd_mock iommufd_mock0: Adding to iommu group 0
[   25.459963] iommufd_mock iommufd_mock0: Adding to iommu group 0
[   25.470939] iommufd_mock iommufd_mock0: Adding to iommu group 0
[   25.481930] iommufd_mock iommufd_mock0: Adding to iommu group 0
[   25.492635] iommufd_mock iommufd_mock0: Adding to iommu group 0
[   25.503553] iommufd_mock iommufd_mock0: Adding to iommu group 0
[   25.514507] iommufd_mock iommufd_mock0: Adding to iommu group 0
[   25.525352] iommufd_mock iommufd_mock0: Adding to iommu group 0
[   25.536245] iommufd_mock iommufd_mock0: Adding to iommu group 0
[   25.547268] iommufd_mock iommufd_mock0: Adding to iommu group 0
[   25.558618] iommufd_mock iommufd_mock0: Adding to iommu group 0
[   25.569391] iommufd_mock iommufd_mock0: Adding to iommu group 0
[   25.580186] iommufd_mock iommufd_mock0: Adding to iommu group 0
[   25.591405] iommufd_mock iommufd_mock0: Adding to iommu group 0
[   25.602404] iommufd_mock iommufd_mock0: Adding to iommu group 0
[   25.612859] iommufd_mock iommufd_mock0: Adding to iommu group 0
[   25.623944] iommufd_mock iommufd_mock0: Adding to iommu group 0
[   25.634719] iommufd_mock iommufd_mock0: Adding to iommu group 0
[   25.645282] iommufd_mock iommufd_mock0: Adding to iommu group 0
[   25.655885] iommufd_mock iommufd_mock0: Adding to iommu group 0
[   25.666488] iommufd_mock iommufd_mock0: Adding to iommu group 0
[   25.677250] iommufd_mock iommufd_mock0: Adding to iommu group 0
[   25.687851] iommufd_mock iommufd_mock0: Adding to iommu group 0
[   25.698950] iommufd_mock iommufd_mock0: Adding to iommu group 0
[   25.709350] iommufd_mock iommufd_mock0: Adding to iommu group 0
[   25.719904] iommufd_mock iommufd_mock0: Adding to iommu group 0
[   25.730591] iommufd_mock iommufd_mock0: Adding to iommu group 0
[   25.741329] iommufd_mock iommufd_mock0: Adding to iommu group 0
[   25.751880] iommufd_mock iommufd_mock0: Adding to iommu group 0
[   25.763121] iommufd_mock iommufd_mock0: Adding to iommu group 0
[   25.773763] iommufd_mock iommufd_mock0: Adding to iommu group 0
[   25.784369] iommufd_mock iommufd_mock0: Adding to iommu group 0
[   25.795081] iommufd_mock iommufd_mock0: Adding to iommu group 0
[   25.806121] iommufd_mock iommufd_mock0: Adding to iommu group 0
[   25.816668] iommufd_mock iommufd_mock0: Adding to iommu group 0
[   25.827304] iommufd_mock iommufd_mock0: Adding to iommu group 0
[   25.838507] iommufd_mock iommufd_mock0: Adding to iommu group 0
[   25.849376] iommufd_mock iommufd_mock0: Adding to iommu group 0
[   25.859683] iommufd_mock iommufd_mock0: Adding to iommu group 0
[   25.872047] iommufd_mock iommufd_mock0: Adding to iommu group 0
[   25.881282] iommufd_mock iommufd_mock0: Adding to iommu group 0
[   25.892068] iommufd_mock iommufd_mock0: Adding to iommu group 0
[   25.903582] iommufd_mock iommufd_mock0: Adding to iommu group 0
[   25.913421] iommufd_mock iommufd_mock0: Adding to iommu group 0
[   25.924214] iommufd_mock iommufd_mock0: Adding to iommu group 0
[   25.935047] iommufd_mock iommufd_mock0: Adding to iommu group 0
[   25.945692] iommufd_mock iommufd_mock0: Adding to iommu group 0
[   25.956366] iommufd_mock iommufd_mock0: Adding to iommu group 0
[   25.967084] iommufd_mock iommufd_mock0: Adding to iommu group 0
[   25.978123] iommufd_mock iommufd_mock0: Adding to iommu group 0
[   25.988442] iommufd_mock iommufd_mock0: Adding to iommu group 0
[   25.999609] iommufd_mock iommufd_mock0: Adding to iommu group 0
[   26.010444] iommufd_mock iommufd_mock0: Adding to iommu group 0
[   26.021218] iommufd_mock iommufd_mock0: Adding to iommu group 0
[   26.032022] iommufd_mock iommufd_mock0: Adding to iommu group 0
[   26.043239] iommufd_mock iommufd_mock0: Adding to iommu group 0
[   26.054264] iommufd_mock iommufd_mock0: Adding to iommu group 0
[   26.065217] iommufd_mock iommufd_mock0: Adding to iommu group 0
[   26.075942] iommufd_mock iommufd_mock0: Adding to iommu group 0
[   26.086894] iommufd_mock iommufd_mock0: Adding to iommu group 0
[   26.097739] iommufd_mock iommufd_mock0: Adding to iommu group 0
[   26.108475] iommufd_mock iommufd_mock0: Adding to iommu group 0
[   26.119489] iommufd_mock iommufd_mock0: Adding to iommu group 0
[   26.130242] iommufd_mock iommufd_mock0: Adding to iommu group 0
[   26.140994] iommufd_mock iommufd_mock0: Adding to iommu group 0
[   26.151744] iommufd_mock iommufd_mock0: Adding to iommu group 0
[   26.162793] iommufd_mock iommufd_mock0: Adding to iommu group 0
[   26.173298] iommufd_mock iommufd_mock0: Adding to iommu group 0
[   26.184859] iommufd_mock iommufd_mock0: Adding to iommu group 0
[   26.197206] iommufd_mock iommufd_mock0: Adding to iommu group 0
[   26.206499] iommufd_mock iommufd_mock0: Adding to iommu group 0
[   26.217187] iommufd_mock iommufd_mock0: Adding to iommu group 0
[   26.227826] iommufd_mock iommufd_mock0: Adding to iommu group 0
[   26.238712] iommufd_mock iommufd_mock0: Adding to iommu group 0
[   26.249230] iommufd_mock iommufd_mock0: Adding to iommu group 0
[   26.260165] iommufd_mock iommufd_mock0: Adding to iommu group 0
[   26.271065] iommufd_mock iommufd_mock0: Adding to iommu group 0
[   26.281542] iommufd_mock iommufd_mock0: Adding to iommu group 0
[   26.292055] iommufd_mock iommufd_mock0: Adding to iommu group 0
[   26.303127] iommufd_mock iommufd_mock0: Adding to iommu group 0
[   26.314216] iommufd_mock iommufd_mock0: Adding to iommu group 0
[   26.324012] iommufd_mock iommufd_mock0: Adding to iommu group 0
[   26.334612] iommufd_mock iommufd_mock0: Adding to iommu group 0
[   26.346342] iommufd_mock iommufd_mock0: Adding to iommu group 0
[   26.356444] iommufd_mock iommufd_mock0: Adding to iommu group 0
[   26.366402] iommufd_mock iommufd_mock0: Adding to iommu group 0
[   26.377312] iommufd_mock iommufd_mock0: Adding to iommu group 0
[   26.387985] iommufd_mock iommufd_mock0: Adding to iommu group 0
[   26.398563] iommufd_mock iommufd_mock0: Adding to iommu group 0
[   26.409305] iommufd_mock iommufd_mock0: Adding to iommu group 0
[   26.420114] iommufd_mock iommufd_mock0: Adding to iommu group 0
[   26.430812] iommufd_mock iommufd_mock0: Adding to iommu group 0
[   26.442361] iommufd_mock iommufd_mock0: Adding to iommu group 0
[   26.452479] iommufd_mock iommufd_mock0: Adding to iommu group 0
[   26.462702] iommufd_mock iommufd_mock0: Adding to iommu group 0
[   26.474589] iommufd_mock iommufd_mock0: Adding to iommu group 0
[   26.484399] iommufd_mock iommufd_mock0: Adding to iommu group 0
[   26.495258] iommufd_mock iommufd_mock0: Adding to iommu group 0
[   26.506632] iommufd_mock iommufd_mock0: Adding to iommu group 0
[   26.516206] iommufd_mock iommufd_mock0: Adding to iommu group 0
[   26.527515] iommufd_mock iommufd_mock0: Adding to iommu group 0
[   26.538152] iommufd_mock iommufd_mock0: Adding to iommu group 0
[   26.549039] iommufd_mock iommufd_mock0: Adding to iommu group 0
[   26.559472] iommufd_mock iommufd_mock0: Adding to iommu group 0
[   26.569932] iommufd_mock iommufd_mock0: Adding to iommu group 0
[   26.580496] iommufd_mock iommufd_mock0: Adding to iommu group 0
[   26.592112] iommufd_mock iommufd_mock0: Adding to iommu group 0
[   26.603341] iommufd_mock iommufd_mock0: Adding to iommu group 0
[   26.613293] iommufd_mock iommufd_mock0: Adding to iommu group 0
[   26.624023] iommufd_mock iommufd_mock0: Adding to iommu group 0
[   26.634870] iommufd_mock iommufd_mock0: Adding to iommu group 0
[   26.645747] iommufd_mock iommufd_mock0: Adding to iommu group 0
[   26.656182] iommufd_mock iommufd_mock0: Adding to iommu group 0
[   26.666776] iommufd_mock iommufd_mock0: Adding to iommu group 0
[   26.677914] iommufd_mock iommufd_mock0: Adding to iommu group 0
[   26.688100] iommufd_mock iommufd_mock0: Adding to iommu group 0
[   26.698781] iommufd_mock iommufd_mock0: Adding to iommu group 0
[   26.709754] iommufd_mock iommufd_mock0: Adding to iommu group 0
[   26.720438] iommufd_mock iommufd_mock0: Adding to iommu group 0
[   26.731162] iommufd_mock iommufd_mock0: Adding to iommu group 0
[   26.741727] iommufd_mock iommufd_mock0: Adding to iommu group 0
[   26.751945] iommufd_mock iommufd_mock0: Adding to iommu group 0
[   26.763797] iommufd_mock iommufd_mock0: Adding to iommu group 0
[   26.774032] iommufd_mock iommufd_mock0: Adding to iommu group 0
[   26.784737] iommufd_mock iommufd_mock0: Adding to iommu group 0
[   26.795328] iommufd_mock iommufd_mock0: Adding to iommu group 0
[   26.806246] iommufd_mock iommufd_mock0: Adding to iommu group 0
[   26.816873] iommufd_mock iommufd_mock0: Adding to iommu group 0
[   26.827497] iommufd_mock iommufd_mock0: Adding to iommu group 0
[   26.838428] iommufd_mock iommufd_mock0: Adding to iommu group 0
[   26.849128] iommufd_mock iommufd_mock0: Adding to iommu group 0
[   26.859664] iommufd_mock iommufd_mock0: Adding to iommu group 0
[   26.870742] iommufd_mock iommufd_mock0: Adding to iommu group 0
[   26.881051] iommufd_mock iommufd_mock0: Adding to iommu group 0
[   26.891697] iommufd_mock iommufd_mock0: Adding to iommu group 0
[   26.902556] iommufd_mock iommufd_mock0: Adding to iommu group 0
[   26.913151] iommufd_mock iommufd_mock0: Adding to iommu group 0
[   26.924076] iommufd_mock iommufd_mock0: Adding to iommu group 0
[   26.936870] iommufd_mock iommufd_mock0: Adding to iommu group 0
[   26.945746] iommufd_mock iommufd_mock0: Adding to iommu group 0
[   26.956512] iommufd_mock iommufd_mock0: Adding to iommu group 0
[   26.967495] iommufd_mock iommufd_mock0: Adding to iommu group 0
[   26.978347] iommufd_mock iommufd_mock0: Adding to iommu group 0
[   26.989224] iommufd_mock iommufd_mock0: Adding to iommu group 0
[   27.000027] iommufd_mock iommufd_mock0: Adding to iommu group 0
[   27.011345] iommufd_mock iommufd_mock0: Adding to iommu group 0
[   27.022174] iommufd_mock iommufd_mock0: Adding to iommu group 0
[   27.032963] iommufd_mock iommufd_mock0: Adding to iommu group 0
[   27.044034] iommufd_mock iommufd_mock0: Adding to iommu group 0
[   27.054621] iommufd_mock iommufd_mock0: Adding to iommu group 0
[   27.065305] iommufd_mock iommufd_mock0: Adding to iommu group 0
[   27.076125] iommufd_mock iommufd_mock0: Adding to iommu group 0
[   27.086831] iommufd_mock iommufd_mock0: Adding to iommu group 0
[   27.097640] iommufd_mock iommufd_mock0: Adding to iommu group 0
[   27.108233] iommufd_mock iommufd_mock0: Adding to iommu group 0
[   27.118925] iommufd_mock iommufd_mock0: Adding to iommu group 0
[   27.130108] iommufd_mock iommufd_mock0: Adding to iommu group 0
[   27.141005] iommufd_mock iommufd_mock0: Adding to iommu group 0
[   27.151876] iommufd_mock iommufd_mock0: Adding to iommu group 0
[   27.162493] iommufd_mock iommufd_mock0: Adding to iommu group 0
[   27.173399] iommufd_mock iommufd_mock0: Adding to iommu group 0
[   27.184051] iommufd_mock iommufd_mock0: Adding to iommu group 0
[   27.194800] iommufd_mock iommufd_mock0: Adding to iommu group 0
[   27.205463] iommufd_mock iommufd_mock0: Adding to iommu group 0
[   27.216288] iommufd_mock iommufd_mock0: Adding to iommu group 0
[   27.227140] iommufd_mock iommufd_mock0: Adding to iommu group 0
[   27.238407] iommufd_mock iommufd_mock0: Adding to iommu group 0
[   27.248449] iommufd_mock iommufd_mock0: Adding to iommu group 0
[   27.259236] iommufd_mock iommufd_mock0: Adding to iommu group 0
[   27.270224] iommufd_mock iommufd_mock0: Adding to iommu group 0
[   27.280851] iommufd_mock iommufd_mock0: Adding to iommu group 0
[   27.291604] iommufd_mock iommufd_mock0: Adding to iommu group 0
[   27.302556] iommufd_mock iommufd_mock0: Adding to iommu group 0
[   27.313511] iommufd_mock iommufd_mock0: Adding to iommu group 0
[   27.324297] iommufd_mock iommufd_mock0: Adding to iommu group 0
[   27.335363] iommufd_mock iommufd_mock0: Adding to iommu group 0
[   27.346147] iommufd_mock iommufd_mock0: Adding to iommu group 0
[   27.357014] iommufd_mock iommufd_mock0: Adding to iommu group 0
[   27.367961] iommufd_mock iommufd_mock0: Adding to iommu group 0
[   27.380752] iommufd_mock iommufd_mock0: Adding to iommu group 0
[   27.390065] iommufd_mock iommufd_mock0: Adding to iommu group 0
[   27.400812] iommufd_mock iommufd_mock0: Adding to iommu group 0
[   27.411796] iommufd_mock iommufd_mock0: Adding to iommu group 0
[   27.422652] iommufd_mock iommufd_mock0: Adding to iommu group 0
[   27.433492] iommufd_mock iommufd_mock0: Adding to iommu group 0
[   27.444262] iommufd_mock iommufd_mock0: Adding to iommu group 0
[   27.455861] iommufd_mock iommufd_mock0: Adding to iommu group 0
[   27.466354] iommufd_mock iommufd_mock0: Adding to iommu group 0
[   27.477260] iommufd_mock iommufd_mock0: Adding to iommu group 0
[   27.487825] iommufd_mock iommufd_mock0: Adding to iommu group 0
[   27.498995] iommufd_mock iommufd_mock0: Adding to iommu group 0
[   27.509365] iommufd_mock iommufd_mock0: Adding to iommu group 0
[   27.519820] iommufd_mock iommufd_mock0: Adding to iommu group 0
[   27.530821] iommufd_mock iommufd_mock0: Adding to iommu group 0
[   27.541561] iommufd_mock iommufd_mock0: Adding to iommu group 0
[   27.551975] iommufd_mock iommufd_mock0: Adding to iommu group 0
[   27.562708] iommufd_mock iommufd_mock0: Adding to iommu group 0
[   27.573115] iommufd_mock iommufd_mock0: Adding to iommu group 0
[   27.583731] iommufd_mock iommufd_mock0: Adding to iommu group 0
[   27.594902] iommufd_mock iommufd_mock0: Adding to iommu group 0
[   27.605227] iommufd_mock iommufd_mock0: Adding to iommu group 0
[   27.615973] iommufd_mock iommufd_mock0: Adding to iommu group 0
[   27.626828] iommufd_mock iommufd_mock0: Adding to iommu group 0
[   27.637829] iommufd_mock iommufd_mock0: Adding to iommu group 0
[   27.648548] iommufd_mock iommufd_mock0: Adding to iommu group 0
[   27.659461] iommufd_mock iommufd_mock0: Adding to iommu group 0
[   27.670144] iommufd_mock iommufd_mock0: Adding to iommu group 0
[   27.680540] iommufd_mock iommufd_mock0: Adding to iommu group 0
[   27.691320] iommufd_mock iommufd_mock0: Adding to iommu group 0
[   27.702491] iommufd_mock iommufd_mock0: Adding to iommu group 0
[   27.713179] iommufd_mock iommufd_mock0: Adding to iommu group 0
[   27.724102] iommufd_mock iommufd_mock0: Adding to iommu group 0
[   27.735224] iommufd_mock iommufd_mock0: Adding to iommu group 0
[   27.745922] iommufd_mock iommufd_mock0: Adding to iommu group 0
[   27.756303] iommufd_mock iommufd_mock0: Adding to iommu group 0
[   27.767316] iommufd_mock iommufd_mock0: Adding to iommu group 0
[   27.778243] iommufd_mock iommufd_mock0: Adding to iommu group 0
[   27.788798] iommufd_mock iommufd_mock0: Adding to iommu group 0
[   27.799722] iommufd_mock iommufd_mock0: Adding to iommu group 0
[   27.810271] iommufd_mock iommufd_mock0: Adding to iommu group 0
[   27.820599] iommufd_mock iommufd_mock0: Adding to iommu group 0
[   27.831335] iommufd_mock iommufd_mock0: Adding to iommu group 0
[   27.842276] iommufd_mock iommufd_mock0: Adding to iommu group 0
[   27.852698] iommufd_mock iommufd_mock0: Adding to iommu group 0
[   27.863498] iommufd_mock iommufd_mock0: Adding to iommu group 0
[   27.874613] iommufd_mock iommufd_mock0: Adding to iommu group 0
[   27.885316] iommufd_mock iommufd_mock0: Adding to iommu group 0
[   27.895721] iommufd_mock iommufd_mock0: Adding to iommu group 0
[   27.906801] iommufd_mock iommufd_mock0: Adding to iommu group 0
[   27.917359] iommufd_mock iommufd_mock0: Adding to iommu group 0
[   27.927843] iommufd_mock iommufd_mock0: Adding to iommu group 0
[   27.939222] iommufd_mock iommufd_mock0: Adding to iommu group 0
[   27.949504] iommufd_mock iommufd_mock0: Adding to iommu group 0
[   27.960145] iommufd_mock iommufd_mock0: Adding to iommu group 0
[   27.971353] iommufd_mock iommufd_mock0: Adding to iommu group 0
[   27.981920] iommufd_mock iommufd_mock0: Adding to iommu group 0
[   27.992593] iommufd_mock iommufd_mock0: Adding to iommu group 0
[   28.003202] iommufd_mock iommufd_mock0: Adding to iommu group 0
[   28.013755] iommufd_mock iommufd_mock0: Adding to iommu group 0
[   28.024483] iommufd_mock iommufd_mock0: Adding to iommu group 0
[   28.035085] iommufd_mock iommufd_mock0: Adding to iommu group 0
[   28.046155] iommufd_mock iommufd_mock0: Adding to iommu group 0
[   28.056522] iommufd_mock iommufd_mock0: Adding to iommu group 0
[   28.067324] iommufd_mock iommufd_mock0: Adding to iommu group 0
[   28.077635] iommufd_mock iommufd_mock0: Adding to iommu group 0
[   28.088235] iommufd_mock iommufd_mock0: Adding to iommu group 0
[   28.098634] iommufd_mock iommufd_mock0: Adding to iommu group 0
[   28.109774] iommufd_mock iommufd_mock0: Adding to iommu group 0
[   28.120395] iommufd_mock iommufd_mock0: Adding to iommu group 0
[   28.131556] iommufd_mock iommufd_mock0: Adding to iommu group 0
[   28.141929] iommufd_mock iommufd_mock0: Adding to iommu group 0
[   28.152489] iommufd_mock iommufd_mock0: Adding to iommu group 0
[   28.162663] iommufd_mock iommufd_mock0: Adding to iommu group 0
[   28.173351] iommufd_mock iommufd_mock0: Adding to iommu group 0
[   28.183927] iommufd_mock iommufd_mock0: Adding to iommu group 0
[   28.194568] iommufd_mock iommufd_mock0: Adding to iommu group 0
[   28.205343] iommufd_mock iommufd_mock0: Adding to iommu group 0
[   28.215947] iommufd_mock iommufd_mock0: Adding to iommu group 0
[   28.226841] iommufd_mock iommufd_mock0: Adding to iommu group 0
[   28.237580] iommufd_mock iommufd_mock0: Adding to iommu group 0
[   28.247974] iommufd_mock iommufd_mock0: Adding to iommu group 0
[   28.258906] iommufd_mock iommufd_mock0: Adding to iommu group 0
[   28.269311] iommufd_mock iommufd_mock0: Adding to iommu group 0
[   28.282109] iommufd_mock iommufd_mock0: Adding to iommu group 0
[   28.291155] iommufd_mock iommufd_mock0: Adding to iommu group 0
[   28.301720] iommufd_mock iommufd_mock0: Adding to iommu group 0
[   28.312284] iommufd_mock iommufd_mock0: Adding to iommu group 0
[   28.323006] iommufd_mock iommufd_mock0: Adding to iommu group 0
[   28.333595] iommufd_mock iommufd_mock0: Adding to iommu group 0
[   28.344341] iommufd_mock iommufd_mock0: Adding to iommu group 0
[   28.354876] iommufd_mock iommufd_mock0: Adding to iommu group 0
[   28.365593] iommufd_mock iommufd_mock0: Adding to iommu group 0
[   28.376247] iommufd_mock iommufd_mock0: Adding to iommu group 0
[   28.386809] iommufd_mock iommufd_mock0: Adding to iommu group 0
[   28.397498] iommufd_mock iommufd_mock0: Adding to iommu group 0
[   28.408172] iommufd_mock iommufd_mock0: Adding to iommu group 0
[   28.418577] iommufd_mock iommufd_mock0: Adding to iommu group 0
[   28.429604] iommufd_mock iommufd_mock0: Adding to iommu group 0
[   28.440339] iommufd_mock iommufd_mock0: Adding to iommu group 0
[   28.450697] iommufd_mock iommufd_mock0: Adding to iommu group 0
[   28.461260] iommufd_mock iommufd_mock0: Adding to iommu group 0
[   28.471848] iommufd_mock iommufd_mock0: Adding to iommu group 0
[   28.482976] iommufd_mock iommufd_mock0: Adding to iommu group 0
[   28.493109] iommufd_mock iommufd_mock0: Adding to iommu group 0
[   28.503850] iommufd_mock iommufd_mock0: Adding to iommu group 0
[   28.514667] iommufd_mock iommufd_mock0: Adding to iommu group 0
[   28.525326] iommufd_mock iommufd_mock0: Adding to iommu group 0
[   28.535891] iommufd_mock iommufd_mock0: Adding to iommu group 0
[   28.546817] iommufd_mock iommufd_mock0: Adding to iommu group 0
[   28.557383] iommufd_mock iommufd_mock0: Adding to iommu group 0
[   28.568322] iommufd_mock iommufd_mock0: Adding to iommu group 0
[   28.578662] iommufd_mock iommufd_mock0: Adding to iommu group 0
[   28.589232] iommufd_mock iommufd_mock0: Adding to iommu group 0
[   28.599935] iommufd_mock iommufd_mock0: Adding to iommu group 0
[   28.610728] iommufd_mock iommufd_mock0: Adding to iommu group 0
[   28.621439] iommufd_mock iommufd_mock0: Adding to iommu group 0
[   28.632025] iommufd_mock iommufd_mock0: Adding to iommu group 0
[   28.642695] iommufd_mock iommufd_mock0: Adding to iommu group 0
[   28.653246] iommufd_mock iommufd_mock0: Adding to iommu group 0
[   28.664145] iommufd_mock iommufd_mock0: Adding to iommu group 0
[   28.674721] iommufd_mock iommufd_mock0: Adding to iommu group 0
[   28.685574] iommufd_mock iommufd_mock0: Adding to iommu group 0
[   28.696242] iommufd_mock iommufd_mock0: Adding to iommu group 0
[   28.706837] iommufd_mock iommufd_mock0: Adding to iommu group 0
[   28.717686] iommufd_mock iommufd_mock0: Adding to iommu group 0
[   28.728261] iommufd_mock iommufd_mock0: Adding to iommu group 0
[   28.739013] iommufd_mock iommufd_mock0: Adding to iommu group 0
[   28.750039] iommufd_mock iommufd_mock0: Adding to iommu group 0
[   28.760619] iommufd_mock iommufd_mock0: Adding to iommu group 0
[   28.771300] iommufd_mock iommufd_mock0: Adding to iommu group 0
[   28.782059] iommufd_mock iommufd_mock0: Adding to iommu group 0
[   28.792584] iommufd_mock iommufd_mock0: Adding to iommu group 0
[   28.803773] iommufd_mock iommufd_mock0: Adding to iommu group 0
[   28.814470] iommufd_mock iommufd_mock0: Adding to iommu group 0
[   28.825069] iommufd_mock iommufd_mock0: Adding to iommu group 0
[   28.835359] iommufd_mock iommufd_mock0: Adding to iommu group 0
[   28.846264] iommufd_mock iommufd_mock0: Adding to iommu group 0
[   28.856952] iommufd_mock iommufd_mock0: Adding to iommu group 0
[   28.867910] iommufd_mock iommufd_mock0: Adding to iommu group 0
[   28.878560] iommufd_mock iommufd_mock0: Adding to iommu group 0
[   28.889387] iommufd_mock iommufd_mock0: Adding to iommu group 0
[   28.899787] iommufd_mock iommufd_mock0: Adding to iommu group 0
[   28.910627] iommufd_mock iommufd_mock0: Adding to iommu group 0
[   28.921451] iommufd_mock iommufd_mock0: Adding to iommu group 0
[   28.931728] iommufd_mock iommufd_mock0: Adding to iommu group 0
[   28.943428] iommufd_mock iommufd_mock0: Adding to iommu group 0
