c[?7l[2J[0mSeaBIOS (version rel-1.16.0-0-gd239552ce722-prebuilt.qemu.org)


iPXE (http://ipxe.org) 00:03.0 CA00 PCI2.10 PnP PMM+7FF91000+7FEF1000 CA00
Press Ctrl-B to configure iPXE (PCI 00:03.0)...                                                                               


Booting from ROM...
c[?7l[2J[    0.000000] Linux version 6.18.0-rc3-cdb39d918579+ (root@p-arls02) (gcc (GCC) 11.5.0 20240719 (Red Hat 11.5.0-14), GNU ld version 2.35.2-68.el9) #1 SMP PREEMPT_DYNAMIC Thu Dec  4 16:59:07 CST 2025
[    0.000000] Command line: console=ttyS0 root=/dev/sda earlyprintk=serial net.ifnames=0 plymouth.enable=0
[    0.000000] KERNEL supported cpus:
[    0.000000]   Intel GenuineIntel
[    0.000000]   AMD AuthenticAMD
[    0.000000]   Hygon HygonGenuine
[    0.000000]   Centaur CentaurHauls
[    0.000000]   zhaoxin   Shanghai  
[    0.000000] x86/CPU: Model not found in latest microcode list
[    0.000000] x86/split lock detection: #DB: warning on user-space bus_locks
[    0.000000] BIOS-provided physical RAM map:
[    0.000000] BIOS-e820: [mem 0x0000000000000000-0x000000000009fbff] usable
[    0.000000] BIOS-e820: [mem 0x000000000009fc00-0x000000000009ffff] reserved
[    0.000000] BIOS-e820: [mem 0x00000000000f0000-0x00000000000fffff] reserved
[    0.000000] BIOS-e820: [mem 0x0000000000100000-0x000000007ffdffff] usable
[    0.000000] BIOS-e820: [mem 0x000000007ffe0000-0x000000007fffffff] reserved
[    0.000000] BIOS-e820: [mem 0x00000000feffc000-0x00000000feffffff] reserved
[    0.000000] BIOS-e820: [mem 0x00000000fffc0000-0x00000000ffffffff] reserved
[    0.000000] printk: legacy bootconsole [earlyser0] enabled
[    0.000000] NX (Execute Disable) protection: active
[    0.000000] APIC: Static calls initialized
[    0.000000] SMBIOS 2.8 present.
[    0.000000] DMI: QEMU Standard PC (i440FX + PIIX, 1996), BIOS rel-1.16.0-0-gd239552ce722-prebuilt.qemu.org 04/01/2014
[    0.000000] DMI: Memory slots populated: 1/1
[    0.000000] Hypervisor detected: KVM
[    0.000000] last_pfn = 0x7ffe0 max_arch_pfn = 0x400000000
[    0.000000] kvm-clock: Using msrs 4b564d01 and 4b564d00
[    0.000003] kvm-clock: using sched offset of 1021546739 cycles
[    0.000470] clocksource: kvm-clock: mask: 0xffffffffffffffff max_cycles: 0x1cd42e4dffb, max_idle_ns: 881590591483 ns
[    0.001825] tsc: Detected 1267.200 MHz processor
[    0.008960] last_pfn = 0x7ffe0 max_arch_pfn = 0x400000000
[    0.009463] MTRR map: 4 entries (3 fixed + 1 variable; max 19), built from 8 variable MTRRs
[    0.010157] x86/PAT: Configuration [0-7]: WB  WC  UC- UC  WB  WP  UC- WT  
[    0.020642] found SMP MP-table at [mem 0x000f5ba0-0x000f5baf]
[    0.021149] Using GB pages for direct mapping
[    0.023540] ACPI: Early table checksum verification disabled
[    0.024014] ACPI: RSDP 0x00000000000F59C0 000014 (v00 BOCHS )
[    0.024508] ACPI: RSDT 0x000000007FFE1951 000034 (v01 BOCHS  BXPC     00000001 BXPC 00000001)
[    0.025243] ACPI: FACP 0x000000007FFE17FD 000074 (v01 BOCHS  BXPC     00000001 BXPC 00000001)
[    0.025964] ACPI: DSDT 0x000000007FFE0040 0017BD (v01 BOCHS  BXPC     00000001 BXPC 00000001)
[    0.026684] ACPI: FACS 0x000000007FFE0000 000040
[    0.027080] ACPI: APIC 0x000000007FFE1871 000080 (v01 BOCHS  BXPC     00000001 BXPC 00000001)
[    0.027806] ACPI: HPET 0x000000007FFE18F1 000038 (v01 BOCHS  BXPC     00000001 BXPC 00000001)
[    0.028529] ACPI: WAET 0x000000007FFE1929 000028 (v01 BOCHS  BXPC     00000001 BXPC 00000001)
[    0.029249] ACPI: Reserving FACP table memory at [mem 0x7ffe17fd-0x7ffe1870]
[    0.029839] ACPI: Reserving DSDT table memory at [mem 0x7ffe0040-0x7ffe17fc]
[    0.030428] ACPI: Reserving FACS table memory at [mem 0x7ffe0000-0x7ffe003f]
[    0.031012] ACPI: Reserving APIC table memory at [mem 0x7ffe1871-0x7ffe18f0]
[    0.031601] ACPI: Reserving HPET table memory at [mem 0x7ffe18f1-0x7ffe1928]
[    0.032185] ACPI: Reserving WAET table memory at [mem 0x7ffe1929-0x7ffe1950]
[    0.033315] No NUMA configuration found
[    0.033623] Faking a node at [mem 0x0000000000000000-0x000000007ffdffff]
[    0.034219] NODE_DATA(0) allocated [mem 0x7ffb4ec0-0x7ffdfcbf]
[    0.035343] Zone ranges:
[    0.035558]   DMA      [mem 0x0000000000001000-0x0000000000ffffff]
[    0.036072]   DMA32    [mem 0x0000000001000000-0x000000007ffdffff]
[    0.036588]   Normal   empty
[    0.036832]   Device   empty
[    0.037075] Movable zone start for each node
[    0.037437] Early memory node ranges
[    0.037735]   node   0: [mem 0x0000000000001000-0x000000000009efff]
[    0.038255]   node   0: [mem 0x0000000000100000-0x000000007ffdffff]
[    0.038778] Initmem setup node 0 [mem 0x0000000000001000-0x000000007ffdffff]
[    0.040170] On node 0, zone DMA: 1 pages in unavailable ranges
[    0.040938] On node 0, zone DMA: 97 pages in unavailable ranges
[    0.117245] On node 0, zone DMA32: 32 pages in unavailable ranges
[    0.584020] KernelAddressSanitizer initialized (generic)
[    0.584800] ACPI: PM-Timer IO Port: 0x608
[    0.585179] ACPI: LAPIC_NMI (acpi_id[0xff] dfl dfl lint[0x1])
[    0.585760] IOAPIC[0]: apic_id 0, version 17, address 0xfec00000, GSI 0-23
[    0.586354] ACPI: INT_SRC_OVR (bus 0 bus_irq 0 global_irq 2 dfl dfl)
[    0.586894] ACPI: INT_SRC_OVR (bus 0 bus_irq 5 global_irq 5 high level)
[    0.587460] ACPI: INT_SRC_OVR (bus 0 bus_irq 9 global_irq 9 high level)
[    0.588034] ACPI: INT_SRC_OVR (bus 0 bus_irq 10 global_irq 10 high level)
[    0.588611] ACPI: INT_SRC_OVR (bus 0 bus_irq 11 global_irq 11 high level)
[    0.589196] ACPI: Using ACPI (MADT) for SMP configuration information
[    0.589744] ACPI: HPET id: 0x8086a201 base: 0xfed00000
[    0.590187] TSC deadline timer available
[    0.590524] CPU topo: Max. logical packages:   1
[    0.590912] CPU topo: Max. logical dies:       1
[    0.591302] CPU topo: Max. dies per package:   1
[    0.591694] CPU topo: Max. threads per core:   1
[    0.592080] CPU topo: Num. cores per package:     2
[    0.592490] CPU topo: Num. threads per package:   2
[    0.592902] CPU topo: Allowing 2 present CPUs plus 0 hotplug CPUs
[    0.593493] kvm-guest: APIC: eoi() replaced with kvm_guest_apic_eoi_write()
[    0.594131] kvm-guest: KVM setup pv remote TLB flush
[    0.594555] kvm-guest: setup PV sched yield
[    0.594951] PM: hibernation: Registered nosave memory: [mem 0x00000000-0x00000fff]
[    0.595592] PM: hibernation: Registered nosave memory: [mem 0x0009f000-0x000fffff]
[    0.596235] [mem 0x80000000-0xfeffbfff] available for PCI devices
[    0.596745] Booting paravirtualized kernel on KVM
[    0.597153] clocksource: refined-jiffies: mask: 0xffffffff max_cycles: 0xffffffff, max_idle_ns: 7645519600211568 ns
[    0.598069] setup_percpu: NR_CPUS:8192 nr_cpumask_bits:2 nr_cpu_ids:2 nr_node_ids:1
[    0.601177] percpu: Embedded 80 pages/cpu s290816 r8192 d28672 u1048576
[    0.601917] kvm-guest: PV spinlocks enabled
[    0.602285] PV qspinlock hash table entries: 256 (order: 0, 4096 bytes, linear)
[    0.602913] Kernel command line: net.ifnames=0 console=ttyS0 root=/dev/sda earlyprintk=serial net.ifnames=0 plymouth.enable=0
[    0.604228] random: crng init done
[    0.604532] printk: log buffer data + meta data: 262144 + 917504 = 1179648 bytes
[    0.607402] Dentry cache hash table entries: 262144 (order: 9, 2097152 bytes, linear)
[    0.609360] Inode-cache hash table entries: 131072 (order: 8, 1048576 bytes, linear)
[    0.610395] Fallback order for Node 0: 0 
[    0.610406] Built 1 zonelists, mobility grouping on.  Total pages: 524158
[    0.611277] Policy zone: DMA32
[    0.611528] mem auto-init: stack:off, heap alloc:off, heap free:off
[    0.612034] stackdepot: allocating hash table via alloc_large_system_hash
[    0.612587] stackdepot hash table entries: 1048576 (order: 12, 16777216 bytes, linear)
[    0.645117] stackdepot: allocating space for 8192 stack pools via memblock
[    0.694692] SLUB: HWalign=64, Order=0-3, MinObjects=0, CPUs=2, Nodes=1
[    0.695277] kmemleak: Kernel memory leak detector disabled
[    0.734227] ftrace: allocating 74644 entries in 292 pages
[    0.734691] ftrace: allocated 292 pages with 3 groups
[    0.740354] Dynamic Preempt: voluntary
[    0.741137] Running RCU self tests
[    0.741404] Running RCU synchronous self tests
[    0.741749] rcu: Preemptible hierarchical RCU implementation.
[    0.742192] rcu: 	RCU lockdep checking is enabled.
[    0.742568] rcu: 	RCU restricting CPUs from NR_CPUS=8192 to nr_cpu_ids=2.
[    0.743096] 	Trampoline variant of Tasks RCU enabled.
[    0.743490] 	Rude variant of Tasks RCU enabled.
[    0.743841] 	Tracing variant of Tasks RCU enabled.
[    0.744214] rcu: RCU calculated value of scheduler-enlistment delay is 25 jiffies.
[    0.744801] rcu: Adjusting geometry for rcu_fanout_leaf=16, nr_cpu_ids=2
[    0.745415] Running RCU synchronous self tests
[    0.745765] RCU Tasks: Setting shift to 1 and lim to 1 rcu_task_cb_adjust=1 rcu_task_cpu_ids=2.
[    0.746447] RCU Tasks Rude: Setting shift to 1 and lim to 1 rcu_task_cb_adjust=1 rcu_task_cpu_ids=2.
[    0.747154] RCU Tasks Trace: Setting shift to 1 and lim to 1 rcu_task_cb_adjust=1 rcu_task_cpu_ids=2.
[    0.814390] NR_IRQS: 524544, nr_irqs: 440, preallocated irqs: 16
[    0.815422] rcu: srcu_init: Setting srcu_struct sizes based on contention.
[    0.822630] Console: colour VGA+ 80x25
[    0.822987] printk: legacy console [ttyS0] enabled
[    0.822987] printk: legacy console [ttyS0] enabled
[    0.823749] printk: legacy bootconsole [earlyser0] disabled
[    0.823749] printk: legacy bootconsole [earlyser0] disabled
[    0.824648] Lock dependency validator: Copyright (c) 2006 Red Hat, Inc., Ingo Molnar
[    0.825267] ... MAX_LOCKDEP_SUBCLASSES:  8
[    0.825600] ... MAX_LOCK_DEPTH:          48
[    0.825939] ... MAX_LOCKDEP_KEYS:        8192
[    0.826294] ... CLASSHASH_SIZE:          4096
[    0.826647] ... MAX_LOCKDEP_ENTRIES:     524288
[    0.827013] ... MAX_LOCKDEP_CHAINS:      524288
[    0.827382] ... CHAINHASH_SIZE:          262144
[    0.827749]  memory used by lock dependency info: 54145 kB
[    0.828189]  memory used for stack traces: 4224 kB
[    0.828577]  per task-struct memory footprint: 1920 bytes
[    0.829100] ACPI: Core revision 20250807
[    0.829802] clocksource: hpet: mask: 0xffffffff max_cycles: 0xffffffff, max_idle_ns: 19112604467 ns
[    0.830707] APIC: Switch to symmetric I/O mode setup
[    0.831360] x2apic enabled
[    0.831946] APIC: Switched APIC routing to: physical x2apic
[    0.832405] kvm-guest: APIC: send_IPI_mask() replaced with kvm_send_ipi_mask()
[    0.832990] kvm-guest: APIC: send_IPI_mask_allbutself() replaced with kvm_send_ipi_mask_allbutself()
[    0.833723] kvm-guest: setup PV IPIs
[    0.835030] ..TIMER: vector=0x30 apic1=0 pin1=2 apic2=-1 pin2=-1
[    0.835534] clocksource: tsc-early: mask: 0xffffffffffffffff max_cycles: 0x12441513526, max_idle_ns: 440795239872 ns
[    0.836386] Calibrating delay loop (skipped) preset value.. 2534.40 BogoMIPS (lpj=5068800)
[    0.837196] CPU0: Thermal monitoring enabled (TM1)
[    0.837604] x86/cpu: User Mode Instruction Prevention (UMIP) activated
[    0.838232] Last level iTLB entries: 4KB 0, 2MB 0, 4MB 0
[    0.840398] Last level dTLB entries: 4KB 0, 2MB 0, 4MB 0, 1GB 0
[    0.840898] mitigations: Enabled attack vectors: user_kernel, user_user, guest_host, guest_guest, SMT mitigations: auto
[    0.841762] Speculative Store Bypass: Mitigation: Speculative Store Bypass disabled via prctl
[    0.842440] Spectre V2 : Mitigation: Enhanced / Automatic IBRS
[    0.842913] ITS: Mitigation: Aligned branch/return thunks
[    0.843345] Spectre V1 : Mitigation: usercopy/swapgs barriers and __user pointer sanitization
[    0.844023] Spectre V2 : WARNING: Unprivileged eBPF is enabled with eIBRS on, data leaks possible via Spectre v2 BHB attacks!
[    0.844377] Spectre V2 : Spectre v2 / PBRSB-eIBRS: Retire a single CALL on VMEXIT
[    0.844951] Spectre V2 : mitigation: Enabling conditional Indirect Branch Prediction Barrier
[    0.845599] active return thunk: its_return_thunk
[    0.845973] Spectre V2 : Spectre BHI mitigation: SW BHB clearing on syscall and VM exit
[    0.846615] x86/fpu: Supporting XSAVE feature 0x001: 'x87 floating point registers'
[    0.847220] x86/fpu: Supporting XSAVE feature 0x002: 'SSE registers'
[    0.847736] x86/fpu: Supporting XSAVE feature 0x004: 'AVX registers'
[    0.848374] x86/fpu: Supporting XSAVE feature 0x200: 'Protection Keys User registers'
[    0.849017] x86/fpu: xstate_offset[2]:  576, xstate_sizes[2]:  256
[    0.849516] x86/fpu: xstate_offset[9]:  832, xstate_sizes[9]:    8
[    0.850009] x86/fpu: Enabled xstate features 0x207, context size is 840 bytes, using 'compacted' format.
[    0.985177] Freeing SMP alternatives memory: 64K
[    0.985596] pid_max: default: 32768 minimum: 301
[    0.986259] LSM: initializing lsm=capability,yama,ima,evm
[    0.986800] Yama: becoming mindful.
[    0.987536] Mount-cache hash table entries: 4096 (order: 3, 32768 bytes, linear)
[    0.988133] Mountpoint-cache hash table entries: 4096 (order: 3, 32768 bytes, linear)
[    0.990072] Running RCU synchronous self tests
[    0.990428] Running RCU synchronous self tests
[    0.991228] smpboot: CPU0: Genuine Intel(R) 0000 @ (family: 0x6, model: 0xc6, stepping: 0x0)
[    0.992371] Performance Events: unsupported CPU family 6 model 198 no PMU driver, software events only.
[    0.992371] signal: max sigframe size: 3632
[    0.992371] rcu: Hierarchical SRCU implementation.
[    0.992371] rcu: 	Max phase no-delay instances is 1000.
[    0.992617] Timer migration: 1 hierarchy levels; 8 children per group; 1 crossnode level
[    1.005496] NMI watchdog: Perf NMI watchdog permanently disabled
[    1.006289] smp: Bringing up secondary CPUs ...
[    1.007437] smpboot: x86: Booting SMP configuration:
[    1.007858] .... node  #0, CPUs:      #1
[    1.008770] smp: Brought up 1 node, 2 CPUs
[    1.009260] smpboot: Total of 2 processors activated (5068.80 BogoMIPS)
[    1.010134] Memory: 1541060K/2096632K available (79905K kernel code, 15394K rwdata, 18468K rodata, 16236K init, 68400K bss, 544140K reserved, 0K cma-reserved)
[    1.014325] devtmpfs: initialized
[    1.016580] x86/mm: Memory block size: 128MB
[    1.029164] Running RCU synchronous self tests
[    1.030057] Running RCU synchronous self tests
[    1.030893] Running RCU Tasks wait API self tests
[    1.032439] Running RCU Tasks Rude wait API self tests
[    1.032951] Running RCU Tasks Trace wait API self tests
[    1.056455] clocksource: jiffies: mask: 0xffffffff max_cycles: 0xffffffff, max_idle_ns: 7645041785100000 ns
[    1.057326] posixtimers hash table entries: 1024 (order: 4, 73728 bytes, linear)
[    1.058074] futex hash table entries: 512 (65536 bytes on 1 NUMA nodes, total 64 KiB, linear).
[    1.059286] pinctrl core: initialized pinctrl subsystem
[    1.061519] 
[    1.061657] *************************************************************
[    1.062168] **     NOTICE NOTICE NOTICE NOTICE NOTICE NOTICE NOTICE    **
[    1.062704] **                                                         **
[    1.063234] **  IOMMU DebugFS SUPPORT HAS BEEN ENABLED IN THIS KERNEL  **
[    1.063772] **                                                         **
[    1.064300] ** This means that this kernel is built to expose internal **
[    1.064386] ** IOMMU data structures, which may compromise security on **
[    1.064924] ** your system.                                            **
[    1.065456] **                                                         **
[    1.065993] ** If you see this message and you are not debugging the   **
[    1.066521] ** kernel, report this immediately to your vendor!         **
[    1.067054] **                                                         **
[    1.067583] **     NOTICE NOTICE NOTICE NOTICE NOTICE NOTICE NOTICE    **
[    1.068112] *************************************************************
[    1.068493] PM: RTC time: 09:01:54, date: 2025-12-04
[    1.075566] NET: Registered PF_NETLINK/PF_ROUTE protocol family
[    1.077562] DMA: preallocated 256 KiB GFP_KERNEL pool for atomic allocations
[    1.078153] DMA: preallocated 256 KiB GFP_KERNEL|GFP_DMA pool for atomic allocations
[    1.078794] DMA: preallocated 256 KiB GFP_KERNEL|GFP_DMA32 pool for atomic allocations
[    1.079492] audit: initializing netlink subsys (disabled)
[    1.080421] thermal_sys: Registered thermal governor 'fair_share'
[    1.080421] thermal_sys: Registered thermal governor 'bang_bang'
[    1.080421] thermal_sys: Registered thermal governor 'step_wise'
[    1.084459] audit: type=2000 audit(1764838914.599:1): state=initialized audit_enabled=0 res=1
[    1.084402] thermal_sys: Registered thermal governor 'user_space'
[    1.085956] cpuidle: using governor ladder
[    1.088381] cpuidle: using governor menu
[    1.089221] acpiphp: ACPI Hot Plug PCI Controller Driver version: 0.5
[    1.090621] PCI: Using configuration type 1 for base access
[    1.091384] kprobes: kprobe jump-optimization is enabled. All kprobes are optimized if possible.
[    1.092441] Callback from call_rcu_tasks_trace() invoked.
[    1.183306] HugeTLB: registered 1.00 GiB page size, pre-allocated 0 pages
[    1.183915] HugeTLB: 16380 KiB vmemmap can be freed for a 1.00 GiB page
[    1.184382] HugeTLB: registered 2.00 MiB page size, pre-allocated 0 pages
[    1.184935] HugeTLB: 28 KiB vmemmap can be freed for a 2.00 MiB page
[    1.231906] ACPI: Added _OSI(Module Device)
[    1.232299] ACPI: Added _OSI(Processor Device)
[    1.232397] ACPI: Added _OSI(Processor Aggregator Device)
[    1.247529] ACPI: 1 ACPI AML tables successfully acquired and loaded
[    1.254139] ACPI: Interpreter enabled
[    1.254601] ACPI: PM: (supports S0 S3 S4 S5)
[    1.254959] ACPI: Using IOAPIC for interrupt routing
[    1.255476] PCI: Using host bridge windows from ACPI; if necessary, use "pci=nocrs" and report a bug
[    1.256220] PCI: Using E820 reservations for host bridge windows
[    1.257573] ACPI: Enabled 2 GPEs in block 00 to 0F
[    1.296196] ACPI: PCI Root Bridge [PCI0] (domain 0000 [bus 00-ff])
[    1.296403] acpi PNP0A03:00: _OSC: OS supports [ASPM ClockPM Segments MSI EDR HPX-Type3]
[    1.297077] acpi PNP0A03:00: _OSC: not requesting OS control; OS requires [ExtendedConfig ASPM ClockPM MSI]
[    1.298034] acpi PNP0A03:00: fail to add MMCONFIG information, can't access extended configuration space under this bridge
[    1.303373] acpiphp: Slot [3] registered
[    1.303823] acpiphp: Slot [4] registered
[    1.304279] acpiphp: Slot [5] registered
[    1.304515] acpiphp: Slot [6] registered
[    1.304985] acpiphp: Slot [7] registered
[    1.305416] acpiphp: Slot [8] registered
[    1.305862] acpiphp: Slot [9] registered
[    1.306316] acpiphp: Slot [10] registered
[    1.306790] acpiphp: Slot [11] registered
[    1.307263] acpiphp: Slot [12] registered
[    1.307715] acpiphp: Slot [13] registered
[    1.308179] acpiphp: Slot [14] registered
[    1.308546] acpiphp: Slot [15] registered
[    1.309004] acpiphp: Slot [16] registered
[    1.309462] acpiphp: Slot [17] registered
[    1.309918] acpiphp: Slot [18] registered
[    1.310413] acpiphp: Slot [19] registered
[    1.310897] acpiphp: Slot [20] registered
[    1.311364] acpiphp: Slot [21] registered
[    1.311825] acpiphp: Slot [22] registered
[    1.312325] acpiphp: Slot [23] registered
[    1.312543] acpiphp: Slot [24] registered
[    1.313000] acpiphp: Slot [25] registered
[    1.313460] acpiphp: Slot [26] registered
[    1.313960] acpiphp: Slot [27] registered
[    1.314415] acpiphp: Slot [28] registered
[    1.314875] acpiphp: Slot [29] registered
[    1.315337] acpiphp: Slot [30] registered
[    1.315837] acpiphp: Slot [31] registered
[    1.316245] PCI host bridge to bus 0000:00
[    1.316448] pci_bus 0000:00: root bus resource [io  0x0000-0x0cf7 window]
[    1.317021] pci_bus 0000:00: root bus resource [io  0x0d00-0xffff window]
[    1.317587] pci_bus 0000:00: root bus resource [mem 0x000a0000-0x000bffff window]
[    1.318203] pci_bus 0000:00: root bus resource [mem 0x80000000-0xfebfffff window]
[    1.318823] pci_bus 0000:00: root bus resource [mem 0x100000000-0x17fffffff window]
[    1.319460] pci_bus 0000:00: root bus resource [bus 00-ff]
[    1.320041] pci 0000:00:00.0: [8086:1237] type 00 class 0x060000 conventional PCI endpoint
[    1.328873] pci 0000:00:01.0: [8086:7000] type 00 class 0x060100 conventional PCI endpoint
[    1.330933] pci 0000:00:01.1: [8086:7010] type 00 class 0x010180 conventional PCI endpoint
[    1.332200] pci 0000:00:01.1: BAR 4 [io  0xc040-0xc04f]
[    1.332412] pci 0000:00:01.1: BAR 0 [io  0x01f0-0x01f7]: legacy IDE quirk
[    1.332974] pci 0000:00:01.1: BAR 1 [io  0x03f6]: legacy IDE quirk
[    1.333484] pci 0000:00:01.1: BAR 2 [io  0x0170-0x0177]: legacy IDE quirk
[    1.334049] pci 0000:00:01.1: BAR 3 [io  0x0376]: legacy IDE quirk
[    1.335154] pci 0000:00:01.3: [8086:7113] type 00 class 0x068000 conventional PCI endpoint
[    1.336114] pci 0000:00:01.3: quirk: [io  0x0600-0x063f] claimed by PIIX4 ACPI
[    1.336386] pci 0000:00:01.3: quirk: [io  0x0700-0x070f] claimed by PIIX4 SMB
[    1.337505] pci 0000:00:02.0: [1234:1111] type 00 class 0x030000 conventional PCI endpoint
[    1.341088] pci 0000:00:02.0: BAR 0 [mem 0xfd000000-0xfdffffff pref]
[    1.341756] pci 0000:00:02.0: BAR 2 [mem 0xfebf0000-0xfebf0fff]
[    1.342267] pci 0000:00:02.0: ROM [mem 0xfebe0000-0xfebeffff pref]
[    1.343169] pci 0000:00:02.0: Video device with shadowed ROM at [mem 0x000c0000-0x000dffff]
[    1.354647] pci 0000:00:03.0: [8086:100e] type 00 class 0x020000 conventional PCI endpoint
[    1.356180] pci 0000:00:03.0: BAR 0 [mem 0xfebc0000-0xfebdffff]
[    1.356390] pci 0000:00:03.0: BAR 1 [io  0xc000-0xc03f]
[    1.356850] pci 0000:00:03.0: ROM [mem 0xfeb80000-0xfebbffff pref]
[    1.378739] ACPI: PCI: Interrupt link LNKA configured for IRQ 10
[    1.380252] ACPI: PCI: Interrupt link LNKB configured for IRQ 10
[    1.381262] ACPI: PCI: Interrupt link LNKC configured for IRQ 11
[    1.382619] ACPI: PCI: Interrupt link LNKD configured for IRQ 11
[    1.383489] ACPI: PCI: Interrupt link LNKS configured for IRQ 9
[    1.388358] iommu: Default domain type: Translated
[    1.388384] iommu: DMA domain TLB invalidation policy: lazy mode
[    1.396807] SCSI subsystem initialized
[    1.398073] ACPI: bus type USB registered
[    1.398777] usbcore: registered new interface driver usbfs
[    1.399404] usbcore: registered new interface driver hub
[    1.399929] usbcore: registered new device driver usb
[    1.400952] pps_core: LinuxPPS API ver. 1 registered
[    1.401378] pps_core: Software ver. 5.3.6 - Copyright 2005-2007 Rodolfo Giometti <giometti@linux.it>
[    1.402180] PTP clock support registered
[    1.403279] EDAC MC: Ver: 3.0.0
[    1.408848] NetLabel: Initializing
[    1.409179] NetLabel:  domain hash size = 128
[    1.409552] NetLabel:  protocols = UNLABELED CIPSOv4 CALIPSO
[    1.410263] NetLabel:  unlabeled traffic allowed by default
[    1.411720] PCI: Using ACPI for IRQ routing
[    1.412599] pci 0000:00:02.0: vgaarb: setting as boot VGA device
[    1.413138] pci 0000:00:02.0: vgaarb: bridge control possible
[    1.413627] pci 0000:00:02.0: vgaarb: VGA device added: decodes=io+mem,owns=io+mem,locks=none
[    1.414347] vgaarb: loaded
[    1.415820] hpet0: at MMIO 0xfed00000, IRQs 2, 8, 0
[    1.416268] hpet0: 3 comparators, 64-bit 100.000000 MHz counter
[    1.419020] clocksource: Switched to clocksource kvm-clock
[    1.425725] VFS: Disk quotas dquot_6.6.0
[    1.426136] VFS: Dquot-cache hash table entries: 512 (order 0, 4096 bytes)
[    1.428626] pnp: PnP ACPI init
[    1.433314] pnp: PnP ACPI: found 6 devices
[    1.455218] clocksource: acpi_pm: mask: 0xffffff max_cycles: 0xffffff, max_idle_ns: 2085701024 ns
[    1.456621] NET: Registered PF_INET protocol family
[    1.457484] IP idents hash table entries: 32768 (order: 6, 262144 bytes, linear)
[    1.460635] tcp_listen_portaddr_hash hash table entries: 1024 (order: 4, 73728 bytes, linear)
[    1.461475] Table-perturb hash table entries: 65536 (order: 6, 262144 bytes, linear)
[    1.462212] TCP established hash table entries: 16384 (order: 5, 131072 bytes, linear)
[    1.463573] TCP bind hash table entries: 16384 (order: 9, 2359296 bytes, linear)
[    1.477856] TCP: Hash tables configured (established 16384 bind 16384)
[    1.478775] UDP hash table entries: 1024 (order: 6, 262144 bytes, linear)
[    1.479581] UDP-Lite hash table entries: 1024 (order: 6, 262144 bytes, linear)
[    1.480874] NET: Registered PF_UNIX/PF_LOCAL protocol family
[    1.482649] RPC: Registered named UNIX socket transport module.
[    1.483177] RPC: Registered udp transport module.
[    1.483576] RPC: Registered tcp transport module.
[    1.483978] RPC: Registered tcp-with-tls transport module.
[    1.484466] RPC: Registered tcp NFSv4.1 backchannel transport module.
[    1.485074] pci_bus 0000:00: resource 4 [io  0x0000-0x0cf7 window]
[    1.485605] pci_bus 0000:00: resource 5 [io  0x0d00-0xffff window]
[    1.486129] pci_bus 0000:00: resource 6 [mem 0x000a0000-0x000bffff window]
[    1.486737] pci_bus 0000:00: resource 7 [mem 0x80000000-0xfebfffff window]
[    1.487326] pci_bus 0000:00: resource 8 [mem 0x100000000-0x17fffffff window]
[    1.488312] pci 0000:00:01.0: PIIX3: Enabling Passive Release
[    1.488845] pci 0000:00:00.0: Limiting direct PCI/PCI transfers
[    1.489454] PCI: CLS 0 bytes, default 64
[    1.490646] ACPI: bus type thunderbolt registered
[    1.491657] clocksource: tsc: mask: 0xffffffffffffffff max_cycles: 0x12441513526, max_idle_ns: 440795239872 ns
[    3.658919] Initialise system trusted keyrings
[    3.659453] Key type blacklist registered
[    3.660130] workingset: timestamp_bits=36 max_order=19 bucket_order=0
[    3.662996] squashfs: version 4.0 (2009/01/31) Phillip Lougher
[    3.665392] NFS: Registering the id_resolver key type
[    3.665880] Key type id_resolver registered
[    3.666228] Key type id_legacy registered
[    3.666621] nfs4filelayout_init: NFSv4 File Layout Driver Registering...
[    3.667205] nfs4flexfilelayout_init: NFSv4 Flexfile Layout Driver Registering...
[    3.668186] fuse: init (API version 7.45)
[    3.669199] SGI XFS with ACLs, security attributes, realtime, quota, no debug enabled
[    3.672804] 9p: Installing v9fs 9p2000 file system support
[    3.687190] Key type asymmetric registered
[    3.687580] Asymmetric key parser 'x509' registered
[    3.688191] Block layer SCSI generic (bsg) driver version 0.4 loaded (major 241)
[    3.689534] io scheduler mq-deadline registered
[    3.690189] io scheduler bfq registered
[    3.691231] ledtrig-cpu: registered to indicate activity on CPUs
[    3.693644] IPMI message handler: version 39.2
[    3.694119] ipmi device interface
[    3.696487] input: Power Button as /devices/LNXSYSTM:00/LNXPWRBN:00/input/input0
[    3.697750] ACPI: button: Power Button [PWRF]
[    3.700403] ERST DBG: ERST support is disabled.
[    3.702485] Serial: 8250/16550 driver, 32 ports, IRQ sharing enabled
[    3.704292] 00:04: ttyS0 at I/O 0x3f8 (irq = 4, base_baud = 115200) is a 16550A
[    3.733314] Linux agpgart interface v0.103
[    3.736733] ACPI: bus type drm_connector registered
[    3.763660] brd: module loaded
[    3.783708] loop: module loaded
[    3.799936] scsi host0: ata_piix
[    3.802515] scsi host1: ata_piix
[    3.803294] ata1: PATA max MWDMA2 cmd 0x1f0 ctl 0x3f6 bmdma 0xc040 irq 14 lpm-pol 0
[    3.803911] ata2: PATA max MWDMA2 cmd 0x170 ctl 0x376 bmdma 0xc048 irq 15 lpm-pol 0
[    3.808399] tun: Universal TUN/TAP device driver, 1.6
[    3.809911] e100: Intel(R) PRO/100 Network Driver
[    3.810411] e100: Copyright(c) 1999-2006 Intel Corporation
[    3.810988] e1000: Intel(R) PRO/1000 Network Driver
[    3.811387] e1000: Copyright (c) 1999-2006 Intel Corporation.
[    3.816577] Callback from call_rcu_tasks() invoked.
[    3.960777] ata2: found unknown device (class 0)
[    3.961934] ata2.00: ATAPI: QEMU DVD-ROM, 2.5+, max UDMA/100
[    3.963016] ata1: found unknown device (class 0)
[    3.963778] ata1.00: ATA-7: QEMU HARDDISK, 2.5+, max UDMA/100
[    3.964256] ata1.00: 17196647 sectors, multi 16: LBA48 
[    3.965953] scsi 0:0:0:0: Direct-Access     ATA      QEMU HARDDISK    2.5+ PQ: 0 ANSI: 5
[    3.968948] sd 0:0:0:0: Attached scsi generic sg0 type 0
[    3.969780] sd 0:0:0:0: [sda] 17196647 512-byte logical blocks: (8.80 GB/8.20 GiB)
[    3.970635] sd 0:0:0:0: [sda] Write Protect is off
[    3.971216] sd 0:0:0:0: [sda] Write cache: enabled, read cache: enabled, doesn't support DPO or FUA
[    3.972073] sd 0:0:0:0: [sda] Preferred minimum I/O size 512 bytes
[    3.975387] scsi 1:0:0:0: CD-ROM            QEMU     QEMU DVD-ROM     2.5+ PQ: 0 ANSI: 5
[    3.995044] scsi 1:0:0:0: Attached scsi generic sg1 type 5
[    3.997634] sd 0:0:0:0: [sda] Attached SCSI disk
[    4.464934] ACPI: \_SB_.LNKC: Enabled at IRQ 11
[    4.776530] e1000 0000:00:03.0 eth0: (PCI:33MHz:32-bit) 52:54:00:12:34:56
[    4.777155] e1000 0000:00:03.0 eth0: Intel(R) PRO/1000 Network Connection
[    4.777891] e1000e: Intel(R) PRO/1000 Network Driver
[    4.778290] e1000e: Copyright(c) 1999 - 2015 Intel Corporation.
[    4.778918] igb: Intel(R) Gigabit Ethernet Network Driver
[    4.779349] igb: Copyright (c) 2007-2014 Intel Corporation.
[    4.780199] PPP generic driver version 2.4.2
[    4.781997] VFIO - User Level meta-driver version: 0.3
[    4.784039] usbcore: registered new interface driver uas
[    4.784648] usbcore: registered new interface driver usb-storage
[    4.785458] i8042: PNP: PS/2 Controller [PNP0303:KBD,PNP0f13:MOU] at 0x60,0x64 irq 1,12
[    4.787196] serio: i8042 KBD port at 0x60,0x64 irq 1
[    4.787675] serio: i8042 AUX port at 0x60,0x64 irq 12
[    4.789571] mousedev: PS/2 mouse device common for all mice
[    4.792272] input: AT Translated Set 2 keyboard as /devices/platform/i8042/serio0/input/input1
[    4.793117] rtc_cmos 00:05: RTC can wake from S4
[    4.796302] rtc_cmos 00:05: registered as rtc0
[    4.796782] rtc_cmos 00:05: setting system clock to 2025-12-04T09:01:57 UTC (1764838917)
[    4.797803] rtc_cmos 00:05: alarms up to one day, y3k, 242 bytes nvram, hpet irqs
[    4.798495] i2c_dev: i2c /dev entries driver
[    4.799554] input: VirtualPS/2 VMware VMMouse as /devices/platform/i8042/serio1/input/input4
[    4.800571] device-mapper: core: CONFIG_IMA_DISABLE_HTABLE is disabled. Duplicate IMA measurements will not be recorded in the IMA log.
[    4.801845] device-mapper: uevent: version 1.0.3
[    4.803129] input: VirtualPS/2 VMware VMMouse as /devices/platform/i8042/serio1/input/input3
[    4.804485] device-mapper: ioctl: 4.50.0-ioctl (2025-04-28) initialised: dm-devel@lists.linux.dev
[    4.805234] intel_pstate: CPU model not supported
[    4.805913] sdhci: Secure Digital Host Controller Interface driver
[    4.806416] sdhci: Copyright(c) Pierre Ossman
[    4.807017] sdhci-pltfm: SDHCI platform and OF driver helper
[    4.808148] drop_monitor: Initializing network drop monitor service
[    4.809537] NET: Registered PF_INET6 protocol family
[    4.812720] Segment Routing with IPv6
[    4.813540] In-situ OAM (IOAM) with IPv6
[    4.814433] NET: Registered PF_PACKET protocol family
[    4.815943] 9pnet: Installing 9P2000 support
[    4.816519] Key type dns_resolver registered
[    4.819643] IPI shorthand broadcast: enabled
[    4.888390] sched_clock: Marking stable (4868009645, 16415168)->(4912660539, -28235726)
[    4.890617] registered taskstats version 1
[    4.891910] Loading compiled-in X.509 certificates
[    4.967704] Demotion targets for Node 0: null
[    4.970176] Key type .fscrypt registered
[    4.970900] Key type fscrypt-provisioning registered
[    4.976332] Key type encrypted registered
[    4.976843] ima: No TPM chip found, activating TPM-bypass!
[    4.977322] ima: Allocated hash algorithm: sha1
[    4.977791] ima: No architecture policies found
[    4.978338] evm: Initialising EVM extended attributes:
[    4.978760] evm: security.selinux
[    4.979037] evm: security.SMACK64
[    4.979315] evm: security.SMACK64EXEC
[    4.979615] evm: security.SMACK64TRANSMUTE
[    4.979949] evm: security.SMACK64MMAP
[    4.980254] evm: security.apparmor
[    4.980545] evm: security.ima
[    4.980791] evm: security.capability
[    4.981088] evm: HMAC attrs: 0x1
[    4.984504] PM:   Magic number: 5:252:19
[    4.985981] RAS: Correctable Errors collector initialized.
[    4.986822] clk: Disabling unused clocks
[    4.987486] PM: genpd: Disabling unused power domains
[    4.989125] check access for rdinit=/init failed: -2, ignoring
[    4.989476] md: Waiting for all devices to be available before autodetect
[    4.989855] md: If you don't use raid, use raid=noautodetect
[    4.990173] md: Autodetecting RAID arrays.
[    4.990419] md: autorun ...
[    4.990589] md: ... autorun DONE.
[    5.007839] EXT4-fs (sda): mounted filesystem 088740a9-c8b4-422c-999d-a804eb68a4da ro with ordered data mode. Quota mode: none.
[    5.008785] VFS: Mounted root (ext4 filesystem) readonly on device 8:0.
[    5.013478] devtmpfs: mounted
[    5.034653] Freeing unused decrypted memory: 2036K
[    5.049610] Freeing unused kernel image (initmem) memory: 16236K
[    5.050172] Write protecting the kernel read-only data: 102400k
[    5.055064] Freeing unused kernel image (text/rodata gap) memory: 2012K
[    5.058136] Freeing unused kernel image (rodata/data gap) memory: 2012K
[    5.124706] x86/mm: Checked W+X mappings: passed, no W+X pages found.
[    5.125098] Run /sbin/init as init process
[    5.369685] systemd[1]: systemd 252-15.el9 running in system mode (+PAM +AUDIT +SELINUX -APPARMOR +IMA +SMACK +SECCOMP +GCRYPT +GNUTLS +OPENSSL +ACL +BLKID +CURL +ELFUTILS -FIDO2 +IDN2 -IDN -IPTC +KMOD +LIBCRYPTSETUP +LIBFDISK +PCRE2 -PWQUALITY +P11KIT -QRENCODE +TPM2 +BZIP2 +LZ4 +XZ +ZLIB +ZSTD -BPF_FRAMEWORK +XKBCOMMON +UTMP +SYSVINIT default-hierarchy=unified)
[    5.371394] systemd[1]: Detected virtualization kvm.
[    5.371687] systemd[1]: Detected architecture x86-64.

Welcome to [0;31mCentOS Stream 9[0m!

[    5.378535] systemd[1]: Hostname set to <test>.
[    5.615299] systemd-rc-local-generator[118]: /etc/rc.d/rc.local is not marked executable, skipping.
[    6.068842] systemd[1]: Queued start job for default target Multi-User System.
[    6.087598] systemd[1]: Created slice Virtual Machine and Container Slice.
[[0;32m  OK  [0m] Created slice [0;1;39mVirtual Machine and Container Slice[0m.
[    6.092713] systemd[1]: Created slice Slice /system/getty.
[[0;32m  OK  [0m] Created slice [0;1;39mSlice /system/getty[0m.
[    6.095536] systemd[1]: Created slice Slice /system/modprobe.
[[0;32m  OK  [0m] Created slice [0;1;39mSlice /system/modprobe[0m.
[    6.099389] systemd[1]: Created slice Slice /system/serial-getty.
[[0;32m  OK  [0m] Created slice [0;1;39mSlice /system/serial-getty[0m.
[    6.102405] systemd[1]: Created slice Slice /system/sshd-keygen.
[[0;32m  OK  [0m] Created slice [0;1;39mSlice /system/sshd-keygen[0m.
[    6.105015] systemd[1]: Created slice User and Session Slice.
[[0;32m  OK  [0m] Created slice [0;1;39mUser and Session Slice[0m.
[    6.106346] systemd[1]: Started Forward Password Requests to Wall Directory Watch.
[[0;32m  OK  [0m] Started [0;1;39mForward Password R…uests to Wall Directory Watch[0m.
[    6.108936] systemd[1]: Set up automount Arbitrary Executable File Formats File System Automount Point.
[[0;32m  OK  [0m] Set up automount [0;1;39mArbitrary…s File System Automount Point[0m.
[    6.110305] systemd[1]: Reached target Local Integrity Protected Volumes.
[[0;32m  OK  [0m] Reached target [0;1;39mLocal Integrity Protected Volumes[0m.
[    6.111382] systemd[1]: Reached target Slice Units.
[[0;32m  OK  [0m] Reached target [0;1;39mSlice Units[0m.
[    6.112193] systemd[1]: Reached target Swaps.
[[0;32m  OK  [0m] Reached target [0;1;39mSwaps[0m.
[    6.113015] systemd[1]: Reached target Local Verity Protected Volumes.
[[0;32m  OK  [0m] Reached target [0;1;39mLocal Verity Protected Volumes[0m.
[    6.114365] systemd[1]: Listening on Device-mapper event daemon FIFOs.
[[0;32m  OK  [0m] Listening on [0;1;39mDevice-mapper event daemon FIFOs[0m.
[    6.115992] systemd[1]: Listening on LVM2 poll daemon socket.
[[0;32m  OK  [0m] Listening on [0;1;39mLVM2 poll daemon socket[0m.
[    6.117230] systemd[1]: multipathd control socket was skipped because of an unmet condition check (ConditionPathExists=/etc/multipath.conf).
[    6.169768] systemd[1]: Listening on RPCbind Server Activation Socket.
[[0;32m  OK  [0m] Listening on [0;1;39mRPCbind Server Activation Socket[0m.
[    6.172242] systemd[1]: Reached target RPC Port Mapper.
[[0;32m  OK  [0m] Reached target [0;1;39mRPC Port Mapper[0m.
[    6.178279] systemd[1]: Listening on Process Core Dump Socket.
[[0;32m  OK  [0m] Listening on [0;1;39mProcess Core Dump Socket[0m.
[    6.181118] systemd[1]: Listening on initctl Compatibility Named Pipe.
[[0;32m  OK  [0m] Listening on [0;1;39minitctl Compatibility Named Pipe[0m.
[    6.182946] systemd[1]: Listening on Journal Socket (/dev/log).
[[0;32m  OK  [0m] Listening on [0;1;39mJournal Socket (/dev/log)[0m.
[    6.185024] systemd[1]: Listening on Journal Socket.
[[0;32m  OK  [0m] Listening on [0;1;39mJournal Socket[0m.
[    6.186649] systemd[1]: Listening on udev Control Socket.
[[0;32m  OK  [0m] Listening on [0;1;39mudev Control Socket[0m.
[    6.187997] systemd[1]: Listening on udev Kernel Socket.
[[0;32m  OK  [0m] Listening on [0;1;39mudev Kernel Socket[0m.
[    6.213318] systemd[1]: Mounting Huge Pages File System...
         Mounting [0;1;39mHuge Pages File System[0m...
[    6.220219] systemd[1]: Mounting POSIX Message Queue File System...
         Mounting [0;1;39mPOSIX Message Queue File System[0m...
[    6.227887] systemd[1]: Mounting Kernel Debug File System...
         Mounting [0;1;39mKernel Debug File System[0m...
[    6.241704] systemd[1]: Mounting Kernel Trace File System...
         Mounting [0;1;39mKernel Trace File System[0m...
[    6.245238] systemd[1]: Kernel Module supporting RPCSEC_GSS was skipped because of an unmet condition check (ConditionPathExists=/etc/krb5.keytab).
[    6.246150] systemd[1]: Create List of Static Device Nodes was skipped because of an unmet condition check (ConditionFileNotEmpty=/lib/modules/6.18.0-rc3-cdb39d918579+/modules.devname).
[    6.253943] systemd[1]: Starting Monitoring of LVM2 mirrors, snapshots etc. using dmeventd or progress polling...
         Starting [0;1;39mMonitoring of LVM…meventd or progress polling[0m...
[    6.262730] systemd[1]: Starting Load Kernel Module configfs...
         Starting [0;1;39mLoad Kernel Module configfs[0m...
[    6.285226] systemd[1]: Starting Load Kernel Module drm...
         Starting [0;1;39mLoad Kernel Module drm[0m...
[    6.297800] systemd[1]: Starting Load Kernel Module fuse...
         Starting [0;1;39mLoad Kernel Module fuse[0m...
[    6.326222] systemd[1]: Starting Read and set NIS domainname from /etc/sysconfig/network...
         Starting [0;1;39mRead and set NIS …from /etc/sysconfig/network[0m...
[    6.343170] systemd[1]: Starting Journal Service...
         Starting [0;1;39mJournal Service[0m...
[    6.353276] systemd[1]: Starting Load Kernel Modules...
         Starting [0;1;39mLoad Kernel Modules[0m...
[    6.363835] systemd[1]: Starting Generate network units from Kernel command line...
         Starting [0;1;39mGenerate network …ts from Kernel command line[0m...
[    6.381819] systemd[1]: Starting Remount Root and Kernel File Systems...
         Starting [0;1;39mRemount Root and Kernel File Systems[0m...
[    6.388890] systemd[1]: Repartition Root Disk was skipped because no trigger condition checks were met.
[    6.406733] systemd[1]: Starting Coldplug All udev Devices...
         Starting [0;1;39mColdplug All udev Devices[0m...
[    6.428392] systemd[1]: Mounted Huge Pages File System.
[[0;32m  OK  [0m] Mounted [0;1;39mHuge Pages File System[0m.
[    6.432230] systemd[1]: Mounted POSIX Message Queue File System.
[[0;32m  OK  [0m] Mounted [0;1;39mPOSIX Message Queue File System[0m.
[    6.437946] systemd[1]: Mounted Kernel Debug File System.
[[0;32m  OK  [0m] Mounted [0;1;39mKernel Debug File System[0m.
[    6.439687] systemd[1]: Mounted Kernel Trace File System.
[[0;32m  OK  [0m] Mounted [0;1;39mKernel Trace File System[0m.
[    6.443641] systemd[1]: Finished Monitoring of LVM2 mirrors, snapshots etc. using dmeventd or progress polling.
[[0;32m  OK  [0m] Finished [0;1;39mMonitoring of LVM… dmeventd or progress polling[0m.
[    6.447195] systemd[1]: modprobe@configfs.service: Deactivated successfully.
[    6.448707] systemd[1]: Finished Load Kernel Module configfs.
[[0;32m  OK  [0m] Finished [0;1;39mLoad Kernel Module configfs[0m.
[    6.451059] systemd[1]: modprobe@drm.service: Deactivated successfully.
[    6.453194] systemd[1]: Finished Load Kernel Module drm.
[    6.454092] EXT4-fs (sda): re-mounted 088740a9-c8b4-422c-999d-a804eb68a4da r/w.
[[0;32m  OK  [0m] Finished [0;1;39mLoad Kernel Module drm[0m.
[    6.459755] systemd[1]: modprobe@fuse.service: Deactivated successfully.
[    6.465322] systemd[1]: Finished Load Kernel Module fuse.
[[0;32m  OK  [0m] Finished [0;1;39mLoad Kernel Module fuse[0m.
[    6.473057] systemd[1]: Finished Read and set NIS domainname from /etc/sysconfig/network.
[[0;32m  OK  [0m] Finished [0;1;39mRead and set NIS …e from /etc/sysconfig/network[0m.
[    6.477136] systemd[1]: systemd-modules-load.service: Main process exited, code=exited, status=1/FAILURE
[    6.478377] systemd[1]: systemd-modules-load.service: Failed with result 'exit-code'.
[    6.488864] systemd[1]: Failed to start Load Kernel Modules.
[[0;1;31mFAILED[0m] Failed to start [0;1;39mLoad Kernel Modules[0m.
See 'systemctl status systemd-modules-load.service' for details.
[    6.496598] systemd[1]: Finished Generate network units from Kernel command line.
[[0;32m  OK  [0m] Finished [0;1;39mGenerate network units from Kernel command line[0m.
[    6.508763] systemd[1]: Finished Remount Root and Kernel File Systems.
[[0;32m  OK  [0m] Finished [0;1;39mRemount Root and Kernel File Systems[0m.
[    6.511123] systemd[1]: Reached target Preparation for Network.
[[0;32m  OK  [0m] Reached target [0;1;39mPreparation for Network[0m.
[    6.533450] systemd[1]: Mounting FUSE Control File System...
         Mounting [0;1;39mFUSE Control File System[0m...
[    6.540913] systemd[1]: Mounting Kernel Configuration File System...
         Mounting [0;1;39mKernel Configuration File System[0m...
[    6.544799] systemd[1]: Special handling of early boot iSCSI sessions was skipped because of an unmet condition check (ConditionDirectoryNotEmpty=/sys/class/iscsi_session).
[    6.545779] systemd[1]: First Boot Wizard was skipped because of an unmet condition check (ConditionFirstBoot=yes).
[    6.560203] systemd[1]: Rebuild Hardware Database was skipped because of an unmet condition check (ConditionNeedsUpdate=/etc).
[    6.573733] systemd[1]: Starting Load/Save Random Seed...
         Starting [0;1;39mLoad/Save Random Seed[0m...
[    6.580787] systemd[1]: Starting Apply Kernel Variables...
         Starting [0;1;39mApply Kernel Variables[0m...
[    6.585122] systemd[1]: Create System Users was skipped because no trigger condition checks were met.
[    6.612781] systemd[1]: Starting Create Static Device Nodes in /dev...
         Starting [0;1;39mCreate Static Device Nodes in /dev[0m...
[    6.643431] systemd[1]: Starting Setup Virtual Console...
         Starting [0;1;39mSetup Virtual Console[0m...
[    6.649719] systemd[1]: Started Journal Service.
[[0;32m  OK  [0m] Started [0;1;39mJournal Service[0m.
[[0;32m  OK  [0m] Mounted [0;1;39mFUSE Control File System[0m.
[[0;32m  OK  [0m] Mounted [0;1;39mKernel Configuration File System[0m.
         Starting [0;1;39mFlush Journal to Persistent Storage[0m...
[[0;32m  OK  [0m] Finished [0;1;39mApply Kernel Variables[0m.
[[0;32m  OK  [0m] Finished [0;1;39mLoad/Save Random Seed[0m.
[    6.751240] systemd-journald[140]: Received client request to flush runtime journal.
[[0;32m  OK  [0m] Finished [0;1;39mFlush Journal to Persistent Storage[0m.
[[0;32m  OK  [0m] Finished [0;1;39mCreate Static Device Nodes in /dev[0m.
         Starting [0;1;39mRule-based Manage…for Device Events and Files[0m...
[[0;32m  OK  [0m] Started [0;1;39mRule-based Manager for Device Events and Files[0m.
         Starting [0;1;39mAuto-connect to s…E devices found during boot[0m...
[[0;32m  OK  [0m] Finished [0;1;39mAuto-connect to s…VME devices found during boot[0m.
[[0;32m  OK  [0m] Finished [0;1;39mColdplug All udev Devices[0m.
         Starting [0;1;39mWait for udev To …plete Device Initialization[0m...
[[0;32m  OK  [0m] Finished [0;1;39mSetup Virtual Console[0m.
[[0;32m  OK  [0m] Started [0;1;39mDispatch Password …ts to Console Directory Watch[0m.
[[0;32m  OK  [0m] Reached target [0;1;39mLocal Encrypted Volumes[0m.
[[0;32m  OK  [0m] Reached target [0;1;39mPath Units[0m.
[[0;32m  OK  [0m] Found device [0;1;39m/dev/ttyS0[0m.
[[0;32m  OK  [0m] Listening on [0;1;39mLoad/Save RF …itch Status /dev/rfkill Watch[0m.
[[0;32m  OK  [0m] Finished [0;1;39mWait for udev To Complete Device Initialization[0m.
[[0;32m  OK  [0m] Reached target [0;1;39mPreparation for Local File Systems[0m.
[[0;32m  OK  [0m] Reached target [0;1;39mLocal File Systems[0m.
         Starting [0;1;39mTell Plymouth To Write Out Runtime Data[0m...
         Starting [0;1;39mAutomatic Boot Loader Update[0m...
         Starting [0;1;39mCreate Volatile Files and Directories[0m...
[[0;32m  OK  [0m] Finished [0;1;39mTell Plymouth To Write Out Runtime Data[0m.
[[0;32m  OK  [0m] Finished [0;1;39mAutomatic Boot Loader Update[0m.
[[0;32m  OK  [0m] Finished [0;1;39mCreate Volatile Files and Directories[0m.
         Mounting [0;1;39mRPC Pipe File System[0m...
         Starting [0;1;39mSecurity Auditing Service[0m...
         Starting [0;1;39mRPC Bind[0m...
[[0;32m  OK  [0m] Mounted [0;1;39mRPC Pipe File System[0m.
[[0;32m  OK  [0m] Reached target [0;1;39mrpc_pipefs.target[0m.
[[0;32m  OK  [0m] Started [0;1;39mRPC Bind[0m.
[[0;32m  OK  [0m] Started [0;1;39mSecurity Auditing Service[0m.
         Starting [0;1;39mRecord System Boot/Shutdown in UTMP[0m...
[[0;32m  OK  [0m] Finished [0;1;39mRecord System Boot/Shutdown in UTMP[0m.
[[0;32m  OK  [0m] Reached target [0;1;39mSystem Initialization[0m.
[[0;32m  OK  [0m] Started [0;1;39mDaily rotation of log files[0m.
[[0;32m  OK  [0m] Started [0;1;39mUpdates mlocate database every day[0m.
[[0;32m  OK  [0m] Started [0;1;39mDaily Cleanup of Temporary Directories[0m.
[[0;32m  OK  [0m] Started [0;1;39mdaily update of the root trust anchor for DNSSEC[0m.
[[0;32m  OK  [0m] Reached target [0;1;39mTimer Units[0m.
[[0;32m  OK  [0m] Listening on [0;1;39mD-Bus System Message Bus Socket[0m.
[[0;32m  OK  [0m] Listening on [0;1;39mOpen-iSCSI iscsid Socket[0m.
[[0;32m  OK  [0m] Listening on [0;1;39mOpen-iSCSI iscsiuio Socket[0m.
[[0;32m  OK  [0m] Listening on [0;1;39mSSSD Kerberos…ache Manager responder socket[0m.
[[0;32m  OK  [0m] Listening on [0;1;39mLibvirt interface local socket[0m.
[[0;32m  OK  [0m] Listening on [0;1;39mVirtual machine lock manager socket[0m.
[[0;32m  OK  [0m] Listening on [0;1;39mVirtual machine log manager socket[0m.
[[0;32m  OK  [0m] Listening on [0;1;39mLibvirt network local socket[0m.
[[0;32m  OK  [0m] Listening on [0;1;39mLibvirt nodedev local socket[0m.
[[0;32m  OK  [0m] Listening on [0;1;39mLibvirt nwfilter local socket[0m.
[[0;32m  OK  [0m] Listening on [0;1;39mLibvirt proxy local socket[0m.
[[0;32m  OK  [0m] Listening on [0;1;39mLibvirt qemu local socket[0m.
[[0;32m  OK  [0m] Listening on [0;1;39mLibvirt qemu admin socket[0m.
[[0;32m  OK  [0m] Listening on [0;1;39mLibvirt qemu local read-only socket[0m.
[[0;32m  OK  [0m] Listening on [0;1;39mLibvirt secret local socket[0m.
[[0;32m  OK  [0m] Listening on [0;1;39mLibvirt storage local socket[0m.
[[0;32m  OK  [0m] Reached target [0;1;39mSocket Units[0m.
         Starting [0;1;39mD-Bus System Message Bus[0m...
[[0;32m  OK  [0m] Started [0;1;39mD-Bus System Message Bus[0m.
[[0;32m  OK  [0m] Reached target [0;1;39mBasic System[0m.
         Starting [0;1;39mNetwork Manager[0m...
         Starting [0;1;39mNTP client/server[0m...
         Starting [0;1;39mRestore /run/initramfs on shutdown[0m...
[[0;32m  OK  [0m] Started [0;1;39mirqbalance daemon[0m.
[[0;32m  OK  [0m] Started [0;1;39mlibstoragemgmt plug-in server daemon[0m.
[[0;32m  OK  [0m] Started [0;1;39mMachine Check Exception Logging Daemon[0m.
[[0;32m  OK  [0m] Reached target [0;1;39msshd-keygen.target[0m.
[[0;32m  OK  [0m] Reached target [0;1;39mUser and Group Name Lookups[0m.
         Starting [0;1;39mUser Login Management[0m...
         Starting [0;1;39mVirtual Machine a…tainer Registration Service[0m...
         Starting [0;1;39mupdate of the roo…NSSEC validation in unbound[0m...
         Starting [0;1;39mRotate log files[0m...
[[0;32m  OK  [0m] Started [0;1;39mUpdate a database for mlocate[0m.
[[0;32m  OK  [0m] Started [0;1;39mNTP client/server[0m.
[[0;32m  OK  [0m] Finished [0;1;39mRestore /run/initramfs on shutdown[0m.
[[0;32m  OK  [0m] Started [0;1;39mVirtual Machine an…ontainer Registration Service[0m.
         Starting [0;1;39mHostname Service[0m...
[[0;32m  OK  [0m] Finished [0;1;39mupdate of the roo… DNSSEC validation in unbound[0m.
[[0;32m  OK  [0m] Started [0;1;39mUser Login Management[0m.
[[0;32m  OK  [0m] Started [0;1;39mHostname Service[0m.
[[0;32m  OK  [0m] Finished [0;1;39mRotate log files[0m.
         Starting [0;1;39mNetwork Manager Script Dispatcher Service[0m...
[[0;32m  OK  [0m] Started [0;1;39mNetwork Manager Script Dispatcher Service[0m.
[   10.388752] e1000: eth0 NIC Link is Up 1000 Mbps Full Duplex, Flow Control: RX
[[0;32m  OK  [0m] Started [0;1;39mNetwork Manager[0m.
[[0;32m  OK  [0m] Reached target [0;1;39mNetwork[0m.
[[0;32m  OK  [0m] Reached target [0;1;39mNetwork is Online[0m.
         Starting [0;1;39mGSSAPI Proxy Daemon[0m...
         Starting [0;1;39mNotify NFS peers of a restart[0m...
         Starting [0;1;39mSystem Logging Service[0m...
         Starting [0;1;39mOpenSSH server daemon[0m...
         Starting [0;1;39mDynamic System Tuning Daemon[0m...
[[0;32m  OK  [0m] Started [0;1;39mNotify NFS peers of a restart[0m.
[[0;32m  OK  [0m] Started [0;1;39mGSSAPI Proxy Daemon[0m.
[[0;32m  OK  [0m] Reached target [0;1;39mNFS client services[0m.
[[0;32m  OK  [0m] Reached target [0;1;39mPreparation for Remote File Systems[0m.
[[0;32m  OK  [0m] Reached target [0;1;39mRemote File Systems[0m.
         Starting [0;1;39mPermit User Sessions[0m...
         Starting [0;1;39mVirtualization qemu daemon[0m...
[[0;32m  OK  [0m] Started [0;1;39mOpenSSH server daemon[0m.
[[0;32m  OK  [0m] Finished [0;1;39mPermit User Sessions[0m.
[[0;32m  OK  [0m] Started [0;1;39mDeferred execution scheduler[0m.
[[0;32m  OK  [0m] Started [0;1;39mCommand Scheduler[0m.
         Starting [0;1;39mHold until boot process finishes up[0m...
         Starting [0;1;39mTerminate Plymouth Boot Screen[0m...
[[0;32m  OK  [0m] Started [0;1;39mVirtualization qemu daemon[0m.
[[0;32m  OK  [0m] Started [0;1;39mSystem Logging Service[0m.
[[0;32m  OK  [0m] Finished [0;1;39mHold until boot process finishes up[0m.
[[0;32m  OK  [0m] Finished [0;1;39mTerminate Plymouth Boot Screen[0m.
[[0;32m  OK  [0m] Started [0;1;39mGetty on tty1[0m.
[[0;32m  OK  [0m] Started [0;1;39mSerial Getty on ttyS0[0m.
[[0;32m  OK  [0m] Reached target [0;1;39mLogin Prompts[0m.
         Starting [0;1;39mAuthorization Manager[0m...
[[0;32m  OK  [0m] Started [0;1;39mAuthorization Manager[0m.
[[0;32m  OK  [0m] Started [0;1;39mDynamic System Tuning Daemon[0m.
[[0;32m  OK  [0m] Reached target [0;1;39mMulti-User System[0m.
         Starting [0;1;39mRecord Runlevel Change in UTMP[0m...
[[0;32m  OK  [0m] Finished [0;1;39mRecord Runlevel Change in UTMP[0m.

CentOS Stream 9
Kernel 6.18.0-rc3-cdb39d918579+ on an x86_64

Activate the web console with: systemctl enable --now cockpit.socket

test login: [   19.645306] iommufd_mock iommufd_mock0: Adding to iommu group 0
[   19.650519] iommufd_mock iommufd_mock0: Adding to iommu group 0
[   19.662213] iommufd_mock iommufd_mock0: Adding to iommu group 0
[   19.672658] iommufd_mock iommufd_mock0: Adding to iommu group 0
[   19.683261] iommufd_mock iommufd_mock0: Adding to iommu group 0
[   19.694219] iommufd_mock iommufd_mock0: Adding to iommu group 0
[   19.704965] iommufd_mock iommufd_mock0: Adding to iommu group 0
[   19.715219] iommufd_mock iommufd_mock0: Adding to iommu group 0
[   19.725917] iommufd_mock iommufd_mock0: Adding to iommu group 0
[   19.736890] iommufd_mock iommufd_mock0: Adding to iommu group 0
[   19.747569] iommufd_mock iommufd_mock0: Adding to iommu group 0
[   19.758665] iommufd_mock iommufd_mock0: Adding to iommu group 0
[   19.769241] iommufd_mock iommufd_mock0: Adding to iommu group 0
[   19.780152] iommufd_mock iommufd_mock0: Adding to iommu group 0
[   19.790718] iommufd_mock iommufd_mock0: Adding to iommu group 0
[   19.801478] iommufd_mock iommufd_mock0: Adding to iommu group 0
[   19.812299] iommufd_mock iommufd_mock0: Adding to iommu group 0
[   19.822932] iommufd_mock iommufd_mock0: Adding to iommu group 0
[   19.834032] iommufd_mock iommufd_mock0: Adding to iommu group 0
[   19.845139] iommufd_mock iommufd_mock0: Adding to iommu group 0
[   19.855427] iommufd_mock iommufd_mock0: Adding to iommu group 0
[   19.866392] iommufd_mock iommufd_mock0: Adding to iommu group 0
[   19.877071] iommufd_mock iommufd_mock0: Adding to iommu group 0
[   19.887838] iommufd_mock iommufd_mock0: Adding to iommu group 0
[   19.898957] iommufd_mock iommufd_mock0: Adding to iommu group 0
[   19.910448] iommufd_mock iommufd_mock0: Adding to iommu group 0
[   19.920452] iommufd_mock iommufd_mock0: Adding to iommu group 0
[   19.931853] iommufd_mock iommufd_mock0: Adding to iommu group 0
[   19.942497] iommufd_mock iommufd_mock0: Adding to iommu group 0
[   19.954012] iommufd_mock iommufd_mock0: Adding to iommu group 0
[   19.964747] iommufd_mock iommufd_mock0: Adding to iommu group 0
[   19.975279] iommufd_mock iommufd_mock0: Adding to iommu group 0
[   19.985863] iommufd_mock iommufd_mock0: Adding to iommu group 0
[   19.997370] iommufd_mock iommufd_mock0: Adding to iommu group 0
[   20.008128] iommufd_mock iommufd_mock0: Adding to iommu group 0
[   20.018678] iommufd_mock iommufd_mock0: Adding to iommu group 0
[   20.029391] iommufd_mock iommufd_mock0: Adding to iommu group 0
[   20.039921] iommufd_mock iommufd_mock0: Adding to iommu group 0
[   20.050826] iommufd_mock iommufd_mock0: Adding to iommu group 0
[   20.061227] iommufd_mock iommufd_mock0: Adding to iommu group 0
[   20.071899] iommufd_mock iommufd_mock0: Adding to iommu group 0
[   20.082461] iommufd_mock iommufd_mock0: Adding to iommu group 0
[   20.093196] iommufd_mock iommufd_mock0: Adding to iommu group 0
[   20.103803] iommufd_mock iommufd_mock0: Adding to iommu group 0
[   20.114954] iommufd_mock iommufd_mock0: Adding to iommu group 0
[   20.125703] iommufd_mock iommufd_mock0: Adding to iommu group 0
[   20.136203] iommufd_mock iommufd_mock0: Adding to iommu group 0
[   20.147003] iommufd_mock iommufd_mock0: Adding to iommu group 0
[   20.157510] iommufd_mock iommufd_mock0: Adding to iommu group 0
[   20.168362] iommufd_mock iommufd_mock0: Adding to iommu group 0
[   20.178831] iommufd_mock iommufd_mock0: Adding to iommu group 0
[   20.189757] iommufd_mock iommufd_mock0: Adding to iommu group 0
[   20.201270] iommufd_mock iommufd_mock0: Adding to iommu group 0
[   20.211425] iommufd_mock iommufd_mock0: Adding to iommu group 0
[   20.222045] iommufd_mock iommufd_mock0: Adding to iommu group 0
[   20.232840] iommufd_mock iommufd_mock0: Adding to iommu group 0
[   20.243384] iommufd_mock iommufd_mock0: Adding to iommu group 0
[   20.254288] iommufd_mock iommufd_mock0: Adding to iommu group 0
[   20.265189] iommufd_mock iommufd_mock0: Adding to iommu group 0
[   20.275637] iommufd_mock iommufd_mock0: Adding to iommu group 0
[   20.287026] iommufd_mock iommufd_mock0: Adding to iommu group 0
[   20.298026] iommufd_mock iommufd_mock0: Adding to iommu group 0
[   20.309179] iommufd_mock iommufd_mock0: Adding to iommu group 0
[   20.320124] iommufd_mock iommufd_mock0: Adding to iommu group 0
[   20.330908] iommufd_mock iommufd_mock0: Adding to iommu group 0
[   20.341590] iommufd_mock iommufd_mock0: Adding to iommu group 0
[   20.352772] iommufd_mock iommufd_mock0: Adding to iommu group 0
[   20.363470] iommufd_mock iommufd_mock0: Adding to iommu group 0
[   20.374371] iommufd_mock iommufd_mock0: Adding to iommu group 0
[   20.385580] iommufd_mock iommufd_mock0: Adding to iommu group 0
[   20.396725] iommufd_mock iommufd_mock0: Adding to iommu group 0
[   20.407348] iommufd_mock iommufd_mock0: Adding to iommu group 0
[   20.418670] iommufd_mock iommufd_mock0: Adding to iommu group 0
[   20.429527] iommufd_mock iommufd_mock0: Adding to iommu group 0
[   20.440298] iommufd_mock iommufd_mock0: Adding to iommu group 0
[   20.451204] iommufd_mock iommufd_mock0: Adding to iommu group 0
[   20.462516] iommufd_mock iommufd_mock0: Adding to iommu group 0
[   20.473490] iommufd_mock iommufd_mock0: Adding to iommu group 0
[   20.484369] iommufd_mock iommufd_mock0: Adding to iommu group 0
[   20.495308] iommufd_mock iommufd_mock0: Adding to iommu group 0
[   20.506326] iommufd_mock iommufd_mock0: Adding to iommu group 0
[   20.517477] iommufd_mock iommufd_mock0: Adding to iommu group 0
[   20.528241] iommufd_mock iommufd_mock0: Adding to iommu group 0
[   20.539030] iommufd_mock iommufd_mock0: Adding to iommu group 0
[   20.550088] iommufd_mock iommufd_mock0: Adding to iommu group 0
[   20.561052] iommufd_mock iommufd_mock0: Adding to iommu group 0
[   20.571621] iommufd_mock iommufd_mock0: Adding to iommu group 0
[   20.582840] iommufd_mock iommufd_mock0: Adding to iommu group 0
[   20.594385] iommufd_mock iommufd_mock0: Adding to iommu group 0
[   20.605481] iommufd_mock iommufd_mock0: Adding to iommu group 0
[   20.616168] iommufd_mock iommufd_mock0: Adding to iommu group 0
[   20.627199] iommufd_mock iommufd_mock0: Adding to iommu group 0
[   20.638269] iommufd_mock iommufd_mock0: Adding to iommu group 0
[   20.649753] iommufd_mock iommufd_mock0: Adding to iommu group 0
[   20.660156] iommufd_mock iommufd_mock0: Adding to iommu group 0
[   20.670803] iommufd_mock iommufd_mock0: Adding to iommu group 0
[   20.681833] iommufd_mock iommufd_mock0: Adding to iommu group 0
[   20.693784] iommufd_mock iommufd_mock0: Adding to iommu group 0
[   20.703434] iommufd_mock iommufd_mock0: Adding to iommu group 0
[   20.714801] iommufd_mock iommufd_mock0: Adding to iommu group 0
[   20.725652] iommufd_mock iommufd_mock0: Adding to iommu group 0
[   20.736594] iommufd_mock iommufd_mock0: Adding to iommu group 0
[   20.747487] iommufd_mock iommufd_mock0: Adding to iommu group 0
[   20.758149] iommufd_mock iommufd_mock0: Adding to iommu group 0
[   20.769186] iommufd_mock iommufd_mock0: Adding to iommu group 0
[   20.780016] iommufd_mock iommufd_mock0: Adding to iommu group 0
[   20.790489] iommufd_mock iommufd_mock0: Adding to iommu group 0
[   20.801505] iommufd_mock iommufd_mock0: Adding to iommu group 0
[   20.812251] iommufd_mock iommufd_mock0: Adding to iommu group 0
[   20.823173] iommufd_mock iommufd_mock0: Adding to iommu group 0
[   20.833743] iommufd_mock iommufd_mock0: Adding to iommu group 0
[   20.844461] iommufd_mock iommufd_mock0: Adding to iommu group 0
[   20.855363] iommufd_mock iommufd_mock0: Adding to iommu group 0
[   20.866052] iommufd_mock iommufd_mock0: Adding to iommu group 0
[   20.876851] iommufd_mock iommufd_mock0: Adding to iommu group 0
[   20.887759] iommufd_mock iommufd_mock0: Adding to iommu group 0
[   20.898433] iommufd_mock iommufd_mock0: Adding to iommu group 0
[   20.909394] iommufd_mock iommufd_mock0: Adding to iommu group 0
[   20.919778] iommufd_mock iommufd_mock0: Adding to iommu group 0
[   20.930675] iommufd_mock iommufd_mock0: Adding to iommu group 0
[   20.941275] iommufd_mock iommufd_mock0: Adding to iommu group 0
[   20.952187] iommufd_mock iommufd_mock0: Adding to iommu group 0
[   20.962602] iommufd_mock iommufd_mock0: Adding to iommu group 0
[   20.973510] iommufd_mock iommufd_mock0: Adding to iommu group 0
[   20.984530] iommufd_mock iommufd_mock0: Adding to iommu group 0
[   20.995324] iommufd_mock iommufd_mock0: Adding to iommu group 0
[   21.006268] iommufd_mock iommufd_mock0: Adding to iommu group 0
[   21.017275] iommufd_mock iommufd_mock0: Adding to iommu group 0
[   21.027944] iommufd_mock iommufd_mock0: Adding to iommu group 0
[   21.038811] iommufd_mock iommufd_mock0: Adding to iommu group 0
[   21.049746] iommufd_mock iommufd_mock0: Adding to iommu group 0
[   21.060031] iommufd_mock iommufd_mock0: Adding to iommu group 0
[   21.070945] iommufd_mock iommufd_mock0: Adding to iommu group 0
[   21.082276] iommufd_mock iommufd_mock0: Adding to iommu group 0
[   21.092369] iommufd_mock iommufd_mock0: Adding to iommu group 0
[   21.102949] iommufd_mock iommufd_mock0: Adding to iommu group 0
[   21.113704] iommufd_mock iommufd_mock0: Adding to iommu group 0
[   21.124511] iommufd_mock iommufd_mock0: Adding to iommu group 0
[   21.135119] iommufd_mock iommufd_mock0: Adding to iommu group 0
[   21.146066] iommufd_mock iommufd_mock0: Adding to iommu group 0
[   21.156974] iommufd_mock iommufd_mock0: Adding to iommu group 0
[   21.167247] iommufd_mock iommufd_mock0: Adding to iommu group 0
[   21.178250] iommufd_mock iommufd_mock0: Adding to iommu group 0
[   21.189148] iommufd_mock iommufd_mock0: Adding to iommu group 0
[   21.199887] iommufd_mock iommufd_mock0: Adding to iommu group 0
[   21.210768] iommufd_mock iommufd_mock0: Adding to iommu group 0
[   21.222385] iommufd_mock iommufd_mock0: Adding to iommu group 0
[   21.233222] iommufd_mock iommufd_mock0: Adding to iommu group 0
[   21.243830] iommufd_mock iommufd_mock0: Adding to iommu group 0
[   21.254625] iommufd_mock iommufd_mock0: Adding to iommu group 0
[   21.266510] iommufd_mock iommufd_mock0: Adding to iommu group 0
[   21.276894] iommufd_mock iommufd_mock0: Adding to iommu group 0
[   21.287733] iommufd_mock iommufd_mock0: Adding to iommu group 0
[   21.298636] iommufd_mock iommufd_mock0: Adding to iommu group 0
[   21.309687] iommufd_mock iommufd_mock0: Adding to iommu group 0
[   21.321062] iommufd_mock iommufd_mock0: Adding to iommu group 0
[   21.331657] iommufd_mock iommufd_mock0: Adding to iommu group 0
[   21.343057] iommufd_mock iommufd_mock0: Adding to iommu group 0
[   21.354147] iommufd_mock iommufd_mock0: Adding to iommu group 0
[   21.364565] iommufd_mock iommufd_mock0: Adding to iommu group 0
[   21.375223] iommufd_mock iommufd_mock0: Adding to iommu group 0
[   21.385970] iommufd_mock iommufd_mock0: Adding to iommu group 0
[   21.396797] iommufd_mock iommufd_mock0: Adding to iommu group 0
[   21.407578] iommufd_mock iommufd_mock0: Adding to iommu group 0
[   21.418254] iommufd_mock iommufd_mock0: Adding to iommu group 0
[   21.429365] iommufd_mock iommufd_mock0: Adding to iommu group 0
[   21.439767] iommufd_mock iommufd_mock0: Adding to iommu group 0
[   21.450667] iommufd_mock iommufd_mock0: Adding to iommu group 0
[   21.461386] iommufd_mock iommufd_mock0: Adding to iommu group 0
[   21.471903] iommufd_mock iommufd_mock0: Adding to iommu group 0
[   21.483689] iommufd_mock iommufd_mock0: Adding to iommu group 0
[   21.493790] iommufd_mock iommufd_mock0: Adding to iommu group 0
[   21.504282] iommufd_mock iommufd_mock0: Adding to iommu group 0
[   21.514943] iommufd_mock iommufd_mock0: Adding to iommu group 0
[   21.525615] iommufd_mock iommufd_mock0: Adding to iommu group 0
[   21.536303] iommufd_mock iommufd_mock0: Adding to iommu group 0
[   21.547147] iommufd_mock iommufd_mock0: Adding to iommu group 0
[   21.557831] iommufd_mock iommufd_mock0: Adding to iommu group 0
[   21.568736] iommufd_mock iommufd_mock0: Adding to iommu group 0
[   21.579808] iommufd_mock iommufd_mock0: Adding to iommu group 0
[   21.590334] iommufd_mock iommufd_mock0: Adding to iommu group 0
[   21.601155] iommufd_mock iommufd_mock0: Adding to iommu group 0
[   21.611968] iommufd_mock iommufd_mock0: Adding to iommu group 0
[   21.622718] iommufd_mock iommufd_mock0: Adding to iommu group 0
[   21.633562] iommufd_mock iommufd_mock0: Adding to iommu group 0
[   21.644031] iommufd_mock iommufd_mock0: Adding to iommu group 0
[   21.654753] iommufd_mock iommufd_mock0: Adding to iommu group 0
[   21.665553] iommufd_mock iommufd_mock0: Adding to iommu group 0
[   21.676057] iommufd_mock iommufd_mock0: Adding to iommu group 0
[   21.686568] iommufd_mock iommufd_mock0: Adding to iommu group 0
[   21.697793] iommufd_mock iommufd_mock0: Adding to iommu group 0
[   21.708400] iommufd_mock iommufd_mock0: Adding to iommu group 0
[   21.718640] iommufd_mock iommufd_mock0: Adding to iommu group 0
[   21.729422] iommufd_mock iommufd_mock0: Adding to iommu group 0
[   21.741432] iommufd_mock iommufd_mock0: Adding to iommu group 0
[   21.750938] iommufd_mock iommufd_mock0: Adding to iommu group 0
[   21.761702] iommufd_mock iommufd_mock0: Adding to iommu group 0
[   21.773233] iommufd_mock iommufd_mock0: Adding to iommu group 0
[   21.784003] iommufd_mock iommufd_mock0: Adding to iommu group 0
[   21.794561] iommufd_mock iommufd_mock0: Adding to iommu group 0
[   21.805941] iommufd_mock iommufd_mock0: Adding to iommu group 0
[   21.815252] iommufd_mock iommufd_mock0: Adding to iommu group 0
[   21.826816] iommufd_mock iommufd_mock0: Adding to iommu group 0
[   21.836863] iommufd_mock iommufd_mock0: Adding to iommu group 0
[   21.847628] iommufd_mock iommufd_mock0: Adding to iommu group 0
[   21.858698] iommufd_mock iommufd_mock0: Adding to iommu group 0
[   21.869797] iommufd_mock iommufd_mock0: Adding to iommu group 0
[   21.879792] iommufd_mock iommufd_mock0: Adding to iommu group 0
[   21.890608] iommufd_mock iommufd_mock0: Adding to iommu group 0
[   21.901271] iommufd_mock iommufd_mock0: Adding to iommu group 0
[   21.911845] iommufd_mock iommufd_mock0: Adding to iommu group 0
[   21.922741] iommufd_mock iommufd_mock0: Adding to iommu group 0
[   21.933408] iommufd_mock iommufd_mock0: Adding to iommu group 0
[   21.944212] iommufd_mock iommufd_mock0: Adding to iommu group 0
[   21.955090] iommufd_mock iommufd_mock0: Adding to iommu group 0
[   21.965430] iommufd_mock iommufd_mock0: Adding to iommu group 0
[   21.976288] iommufd_mock iommufd_mock0: Adding to iommu group 0
[   21.986906] iommufd_mock iommufd_mock0: Adding to iommu group 0
[   21.997937] iommufd_mock iommufd_mock0: Adding to iommu group 0
[   22.008932] iommufd_mock iommufd_mock0: Adding to iommu group 0
[   22.019631] iommufd_mock iommufd_mock0: Adding to iommu group 0
[   22.030361] iommufd_mock iommufd_mock0: Adding to iommu group 0
[   22.041354] iommufd_mock iommufd_mock0: Adding to iommu group 0
[   22.052239] iommufd_mock iommufd_mock0: Adding to iommu group 0
[   22.063104] iommufd_mock iommufd_mock0: Adding to iommu group 0
[   22.074362] iommufd_mock iommufd_mock0: Adding to iommu group 0
[   22.085298] iommufd_mock iommufd_mock0: Adding to iommu group 0
[   22.096302] iommufd_mock iommufd_mock0: Adding to iommu group 0
[   22.107240] iommufd_mock iommufd_mock0: Adding to iommu group 0
[   22.118895] iommufd_mock iommufd_mock0: Adding to iommu group 0
[   22.129487] iommufd_mock iommufd_mock0: Adding to iommu group 0
[   22.140964] iommufd_mock iommufd_mock0: Adding to iommu group 0
[   22.151006] iommufd_mock iommufd_mock0: Adding to iommu group 0
[   22.161674] iommufd_mock iommufd_mock0: Adding to iommu group 0
[   22.172965] iommufd_mock iommufd_mock0: Adding to iommu group 0
[   22.183601] iommufd_mock iommufd_mock0: Adding to iommu group 0
[   22.195340] iommufd_mock iommufd_mock0: Adding to iommu group 0
[   22.206710] iommufd_mock iommufd_mock0: Adding to iommu group 0
[   22.217808] iommufd_mock iommufd_mock0: Adding to iommu group 0
[   22.228264] iommufd_mock iommufd_mock0: Adding to iommu group 0
[   22.239164] iommufd_mock iommufd_mock0: Adding to iommu group 0
[   22.249781] iommufd_mock iommufd_mock0: Adding to iommu group 0
[   22.260872] iommufd_mock iommufd_mock0: Adding to iommu group 0
[   22.271550] iommufd_mock iommufd_mock0: Adding to iommu group 0
[   22.282506] iommufd_mock iommufd_mock0: Adding to iommu group 0
[   22.326119] iommufd_mock iommufd_mock0: Adding to iommu group 0
[   22.336833] iommufd_mock iommufd_mock0: Adding to iommu group 0
[   22.347358] iommufd_mock iommufd_mock0: Adding to iommu group 0
[   22.357816] iommufd_mock iommufd_mock0: Adding to iommu group 0
[   22.368787] iommufd_mock iommufd_mock0: Adding to iommu group 0
[   22.379013] iommufd_mock iommufd_mock0: Adding to iommu group 0
[   22.389554] iommufd_mock iommufd_mock0: Adding to iommu group 0
[   22.400838] iommufd_mock iommufd_mock0: Adding to iommu group 0
[   22.411305] iommufd_mock iommufd_mock0: Adding to iommu group 0
[   22.422187] iommufd_mock iommufd_mock0: Adding to iommu group 0
[   22.433316] iommufd_mock iommufd_mock0: Adding to iommu group 0
[   22.444661] iommufd_mock iommufd_mock0: Adding to iommu group 0
[   22.454825] iommufd_mock iommufd_mock0: Adding to iommu group 0
[   22.465975] iommufd_mock iommufd_mock0: Adding to iommu group 0
[   22.477292] iommufd_mock iommufd_mock0: Adding to iommu group 0
[   22.487921] iommufd_mock iommufd_mock0: Adding to iommu group 0
[   22.499211] iommufd_mock iommufd_mock0: Adding to iommu group 0
[   22.509819] iommufd_mock iommufd_mock0: Adding to iommu group 0
[   22.520882] iommufd_mock iommufd_mock0: Adding to iommu group 0
[   22.531446] iommufd_mock iommufd_mock0: Adding to iommu group 0
[   22.542131] iommufd_mock iommufd_mock0: Adding to iommu group 0
[   22.553223] iommufd_mock iommufd_mock0: Adding to iommu group 0
[   22.563582] iommufd_mock iommufd_mock0: Adding to iommu group 0
[   22.574392] iommufd_mock iommufd_mock0: Adding to iommu group 0
[   22.585331] iommufd_mock iommufd_mock0: Adding to iommu group 0
[   22.595872] iommufd_mock iommufd_mock0: Adding to iommu group 0
[   22.606819] iommufd_mock iommufd_mock0: Adding to iommu group 0
[   22.618121] iommufd_mock iommufd_mock0: Adding to iommu group 0
[   22.629220] iommufd_mock iommufd_mock0: Adding to iommu group 0
[   22.640313] iommufd_mock iommufd_mock0: Adding to iommu group 0
[   22.650780] iommufd_mock iommufd_mock0: Adding to iommu group 0
[   22.661450] iommufd_mock iommufd_mock0: Adding to iommu group 0
[   22.672777] iommufd_mock iommufd_mock0: Adding to iommu group 0
[   22.683197] iommufd_mock iommufd_mock0: Adding to iommu group 0
[   22.693867] iommufd_mock iommufd_mock0: Adding to iommu group 0
[   22.704663] iommufd_mock iommufd_mock0: Adding to iommu group 0
[   22.715297] iommufd_mock iommufd_mock0: Adding to iommu group 0
[   22.726769] iommufd_mock iommufd_mock0: Adding to iommu group 0
[   22.737703] iommufd_mock iommufd_mock0: Adding to iommu group 0
[   22.748694] iommufd_mock iommufd_mock0: Adding to iommu group 0
[   22.759736] iommufd_mock iommufd_mock0: Adding to iommu group 0
[   22.770514] iommufd_mock iommufd_mock0: Adding to iommu group 0
[   22.781335] iommufd_mock iommufd_mock0: Adding to iommu group 0
[   22.791939] iommufd_mock iommufd_mock0: Adding to iommu group 0
[   22.802724] iommufd_mock iommufd_mock0: Adding to iommu group 0
[   22.813392] iommufd_mock iommufd_mock0: Adding to iommu group 0
[   22.824026] iommufd_mock iommufd_mock0: Adding to iommu group 0
[   22.835215] iommufd_mock iommufd_mock0: Adding to iommu group 0
[   22.845865] iommufd_mock iommufd_mock0: Adding to iommu group 0
[   22.856838] iommufd_mock iommufd_mock0: Adding to iommu group 0
[   22.867139] iommufd_mock iommufd_mock0: Adding to iommu group 0
[   22.877326] iommufd_mock iommufd_mock0: Adding to iommu group 0
[   22.888868] iommufd_mock iommufd_mock0: Adding to iommu group 0
[   22.899293] iommufd_mock iommufd_mock0: Adding to iommu group 0
[   22.910096] iommufd_mock iommufd_mock0: Adding to iommu group 0
[   22.921167] iommufd_mock iommufd_mock0: Adding to iommu group 0
[   22.931799] iommufd_mock iommufd_mock0: Adding to iommu group 0
[   22.942351] iommufd_mock iommufd_mock0: Adding to iommu group 0
[   22.953158] iommufd_mock iommufd_mock0: Adding to iommu group 0
[   22.963603] iommufd_mock iommufd_mock0: Adding to iommu group 0
[   22.975094] iommufd_mock iommufd_mock0: Adding to iommu group 0
[   22.985860] iommufd_mock iommufd_mock0: Adding to iommu group 0
[   22.997202] iommufd_mock iommufd_mock0: Adding to iommu group 0
[   23.007522] iommufd_mock iommufd_mock0: Adding to iommu group 0
[   23.018817] iommufd_mock iommufd_mock0: Adding to iommu group 0
[   23.029135] iommufd_mock iommufd_mock0: Adding to iommu group 0
[   23.040399] iommufd_mock iommufd_mock0: Adding to iommu group 0
[   23.050519] iommufd_mock iommufd_mock0: Adding to iommu group 0
[   23.061312] iommufd_mock iommufd_mock0: Adding to iommu group 0
[   23.072069] iommufd_mock iommufd_mock0: Adding to iommu group 0
[   23.083119] iommufd_mock iommufd_mock0: Adding to iommu group 0
[   23.093751] iommufd_mock iommufd_mock0: Adding to iommu group 0
[   23.104369] iommufd_mock iommufd_mock0: Adding to iommu group 0
[   23.114746] iommufd_mock iommufd_mock0: Adding to iommu group 0
[   23.125666] iommufd_mock iommufd_mock0: Adding to iommu group 0
[   23.136871] iommufd_mock iommufd_mock0: Adding to iommu group 0
[   23.147558] iommufd_mock iommufd_mock0: Adding to iommu group 0
[   23.158706] iommufd_mock iommufd_mock0: Adding to iommu group 0
[   23.169373] iommufd_mock iommufd_mock0: Adding to iommu group 0
[   23.180552] iommufd_mock iommufd_mock0: Adding to iommu group 0
[   23.191666] iommufd_mock iommufd_mock0: Adding to iommu group 0
[   23.202968] iommufd_mock iommufd_mock0: Adding to iommu group 0
[   23.213310] iommufd_mock iommufd_mock0: Adding to iommu group 0
[   23.224036] iommufd_mock iommufd_mock0: Adding to iommu group 0
[   23.234944] iommufd_mock iommufd_mock0: Adding to iommu group 0
[   23.246273] iommufd_mock iommufd_mock0: Adding to iommu group 0
[   23.257013] iommufd_mock iommufd_mock0: Adding to iommu group 0
[   23.267956] iommufd_mock iommufd_mock0: Adding to iommu group 0
[   23.278881] iommufd_mock iommufd_mock0: Adding to iommu group 0
[   23.289970] iommufd_mock iommufd_mock0: Adding to iommu group 0
[   23.300931] iommufd_mock iommufd_mock0: Adding to iommu group 0
[   23.311639] iommufd_mock iommufd_mock0: Adding to iommu group 0
[   23.322702] iommufd_mock iommufd_mock0: Adding to iommu group 0
[   23.333629] iommufd_mock iommufd_mock0: Adding to iommu group 0
[   23.344371] iommufd_mock iommufd_mock0: Adding to iommu group 0
[   23.355066] iommufd_mock iommufd_mock0: Adding to iommu group 0
[   23.366377] iommufd_mock iommufd_mock0: Adding to iommu group 0
[   23.377115] iommufd_mock iommufd_mock0: Adding to iommu group 0
[   23.387875] iommufd_mock iommufd_mock0: Adding to iommu group 0
[   23.398515] iommufd_mock iommufd_mock0: Adding to iommu group 0
[   23.409337] iommufd_mock iommufd_mock0: Adding to iommu group 0
[   23.419934] iommufd_mock iommufd_mock0: Adding to iommu group 0
[   23.430719] iommufd_mock iommufd_mock0: Adding to iommu group 0
[   23.441385] iommufd_mock iommufd_mock0: Adding to iommu group 0
[   23.451915] iommufd_mock iommufd_mock0: Adding to iommu group 0
[   23.462852] iommufd_mock iommufd_mock0: Adding to iommu group 0
[   23.473613] iommufd_mock iommufd_mock0: Adding to iommu group 0
[   23.484463] iommufd_mock iommufd_mock0: Adding to iommu group 0
[   23.495236] iommufd_mock iommufd_mock0: Adding to iommu group 0
[   23.506351] iommufd_mock iommufd_mock0: Adding to iommu group 0
[   23.517005] iommufd_mock iommufd_mock0: Adding to iommu group 0
[   23.527535] iommufd_mock iommufd_mock0: Adding to iommu group 0
[   23.538484] iommufd_mock iommufd_mock0: Adding to iommu group 0
[   23.550644] iommufd_mock iommufd_mock0: Adding to iommu group 0
[   23.561373] iommufd_mock iommufd_mock0: Adding to iommu group 0
[   23.571215] iommufd_mock iommufd_mock0: Adding to iommu group 0
[   23.582101] iommufd_mock iommufd_mock0: Adding to iommu group 0
[   23.592788] iommufd_mock iommufd_mock0: Adding to iommu group 0
[   23.603955] iommufd_mock iommufd_mock0: Adding to iommu group 0
[   23.613538] iommufd_mock iommufd_mock0: Adding to iommu group 0
[   23.624454] iommufd_mock iommufd_mock0: Adding to iommu group 0
[   23.635415] iommufd_mock iommufd_mock0: Adding to iommu group 0
[   23.646228] iommufd_mock iommufd_mock0: Adding to iommu group 0
[   23.657252] iommufd_mock iommufd_mock0: Adding to iommu group 0
[   23.667719] iommufd_mock iommufd_mock0: Adding to iommu group 0
[   23.678486] iommufd_mock iommufd_mock0: Adding to iommu group 0
[   23.689233] iommufd_mock iommufd_mock0: Adding to iommu group 0
[   23.699961] iommufd_mock iommufd_mock0: Adding to iommu group 0
[   23.710690] iommufd_mock iommufd_mock0: Adding to iommu group 0
[   23.721196] iommufd_mock iommufd_mock0: Adding to iommu group 0
[   23.732248] iommufd_mock iommufd_mock0: Adding to iommu group 0
[   23.743913] iommufd_mock iommufd_mock0: Adding to iommu group 0
[   23.754011] iommufd_mock iommufd_mock0: Adding to iommu group 0
[   23.766111] iommufd_mock iommufd_mock0: Adding to iommu group 0
[   23.775758] iommufd_mock iommufd_mock0: Adding to iommu group 0
[   23.786352] iommufd_mock iommufd_mock0: Adding to iommu group 0
[   23.797228] iommufd_mock iommufd_mock0: Adding to iommu group 0
[   23.809023] iommufd_mock iommufd_mock0: Adding to iommu group 0
[   23.818765] iommufd_mock iommufd_mock0: Adding to iommu group 0
[   23.829366] iommufd_mock iommufd_mock0: Adding to iommu group 0
[   23.840190] iommufd_mock iommufd_mock0: Adding to iommu group 0
[   23.851003] iommufd_mock iommufd_mock0: Adding to iommu group 0
[   23.861607] iommufd_mock iommufd_mock0: Adding to iommu group 0
[   23.872383] iommufd_mock iommufd_mock0: Adding to iommu group 0
[   23.883138] iommufd_mock iommufd_mock0: Adding to iommu group 0
[   23.894058] iommufd_mock iommufd_mock0: Adding to iommu group 0
[   23.905312] iommufd_mock iommufd_mock0: Adding to iommu group 0
[   23.915717] iommufd_mock iommufd_mock0: Adding to iommu group 0
[   23.927198] iommufd_mock iommufd_mock0: Adding to iommu group 0
[   23.937836] iommufd_mock iommufd_mock0: Adding to iommu group 0
[   23.949038] iommufd_mock iommufd_mock0: Adding to iommu group 0
[   23.959453] iommufd_mock iommufd_mock0: Adding to iommu group 0
[   23.970221] iommufd_mock iommufd_mock0: Adding to iommu group 0
[   23.980871] iommufd_mock iommufd_mock0: Adding to iommu group 0
[   23.991418] iommufd_mock iommufd_mock0: Adding to iommu group 0
[   24.002299] iommufd_mock iommufd_mock0: Adding to iommu group 0
[   24.012853] iommufd_mock iommufd_mock0: Adding to iommu group 0
[   24.023569] iommufd_mock iommufd_mock0: Adding to iommu group 0
[   24.034400] iommufd_mock iommufd_mock0: Adding to iommu group 0
[   24.044862] iommufd_mock iommufd_mock0: Adding to iommu group 0
[   24.055543] iommufd_mock iommufd_mock0: Adding to iommu group 0
[   24.066237] iommufd_mock iommufd_mock0: Adding to iommu group 0
[   24.077404] iommufd_mock iommufd_mock0: Adding to iommu group 0
[   24.087543] iommufd_mock iommufd_mock0: Adding to iommu group 0
[   24.098223] iommufd_mock iommufd_mock0: Adding to iommu group 0
[   24.109205] iommufd_mock iommufd_mock0: Adding to iommu group 0
[   24.120138] iommufd_mock iommufd_mock0: Adding to iommu group 0
[   24.131187] iommufd_mock iommufd_mock0: Adding to iommu group 0
[   24.141713] iommufd_mock iommufd_mock0: Adding to iommu group 0
[   24.152838] iommufd_mock iommufd_mock0: Adding to iommu group 0
[   24.163411] iommufd_mock iommufd_mock0: Adding to iommu group 0
[   24.174475] iommufd_mock iommufd_mock0: Adding to iommu group 0
[   24.185421] iommufd_mock iommufd_mock0: Adding to iommu group 0
[   24.196485] iommufd_mock iommufd_mock0: Adding to iommu group 0
[   24.207354] iommufd_mock iommufd_mock0: Adding to iommu group 0
[   24.218233] iommufd_mock iommufd_mock0: Adding to iommu group 0
[   24.230230] iommufd_mock iommufd_mock0: Adding to iommu group 0
[   24.240816] iommufd_mock iommufd_mock0: Adding to iommu group 0
[   24.251760] iommufd_mock iommufd_mock0: Adding to iommu group 0
[   24.262629] iommufd_mock iommufd_mock0: Adding to iommu group 0
[   24.273383] iommufd_mock iommufd_mock0: Adding to iommu group 0
[   24.284363] iommufd_mock iommufd_mock0: Adding to iommu group 0
[   24.295141] iommufd_mock iommufd_mock0: Adding to iommu group 0
[   24.306459] iommufd_mock iommufd_mock0: Adding to iommu group 0
[   24.318150] iommufd_mock iommufd_mock0: Adding to iommu group 0
[   24.328895] iommufd_mock iommufd_mock0: Adding to iommu group 0
[   24.339460] iommufd_mock iommufd_mock0: Adding to iommu group 0
[   24.350411] iommufd_mock iommufd_mock0: Adding to iommu group 0
[   24.361370] iommufd_mock iommufd_mock0: Adding to iommu group 0
[   24.372153] iommufd_mock iommufd_mock0: Adding to iommu group 0
[   24.382888] iommufd_mock iommufd_mock0: Adding to iommu group 0
[   24.394439] iommufd_mock iommufd_mock0: Adding to iommu group 0
[   24.405055] iommufd_mock iommufd_mock0: Adding to iommu group 0
[   24.416038] iommufd_mock iommufd_mock0: Adding to iommu group 0
[   24.426735] iommufd_mock iommufd_mock0: Adding to iommu group 0
[   24.438147] iommufd_mock iommufd_mock0: Adding to iommu group 0
[   24.448899] iommufd_mock iommufd_mock0: Adding to iommu group 0
[   24.459644] iommufd_mock iommufd_mock0: Adding to iommu group 0
[   24.470742] iommufd_mock iommufd_mock0: Adding to iommu group 0
[   24.481463] iommufd_mock iommufd_mock0: Adding to iommu group 0
[   24.492841] iommufd_mock iommufd_mock0: Adding to iommu group 0
[   24.503454] iommufd_mock iommufd_mock0: Adding to iommu group 0
[   24.514639] iommufd_mock iommufd_mock0: Adding to iommu group 0
[   24.525350] iommufd_mock iommufd_mock0: Adding to iommu group 0
[   24.536366] iommufd_mock iommufd_mock0: Adding to iommu group 0
[   24.547487] iommufd_mock iommufd_mock0: Adding to iommu group 0
[   24.558122] iommufd_mock iommufd_mock0: Adding to iommu group 0
[   24.569562] iommufd_mock iommufd_mock0: Adding to iommu group 0
[   24.579958] iommufd_mock iommufd_mock0: Adding to iommu group 0
[   24.591018] iommufd_mock iommufd_mock0: Adding to iommu group 0
[   24.601888] iommufd_mock iommufd_mock0: Adding to iommu group 0
[   24.611929] iommufd_mock iommufd_mock0: Adding to iommu group 0
[   24.622501] iommufd_mock iommufd_mock0: Adding to iommu group 0
[   24.633407] iommufd_mock iommufd_mock0: Adding to iommu group 0
[   24.644274] iommufd_mock iommufd_mock0: Adding to iommu group 0
[   24.655001] iommufd_mock iommufd_mock0: Adding to iommu group 0
[   24.665749] iommufd_mock iommufd_mock0: Adding to iommu group 0
[   24.676346] iommufd_mock iommufd_mock0: Adding to iommu group 0
[   24.687064] iommufd_mock iommufd_mock0: Adding to iommu group 0
[   24.698320] iommufd_mock iommufd_mock0: Adding to iommu group 0
[   24.709227] iommufd_mock iommufd_mock0: Adding to iommu group 0
[   24.719855] iommufd_mock iommufd_mock0: Adding to iommu group 0
[   24.731083] iommufd_mock iommufd_mock0: Adding to iommu group 0
[   24.741439] iommufd_mock iommufd_mock0: Adding to iommu group 0
[   24.752264] iommufd_mock iommufd_mock0: Adding to iommu group 0
[   24.763341] iommufd_mock iommufd_mock0: Adding to iommu group 0
[   24.774385] iommufd_mock iommufd_mock0: Adding to iommu group 0
[   24.784114] iommufd_mock iommufd_mock0: Adding to iommu group 0
[   24.794987] iommufd_mock iommufd_mock0: Adding to iommu group 0
[   24.805698] iommufd_mock iommufd_mock0: Adding to iommu group 0
[   24.816400] iommufd_mock iommufd_mock0: Adding to iommu group 0
[   24.827105] iommufd_mock iommufd_mock0: Adding to iommu group 0
[   24.838127] iommufd_mock iommufd_mock0: Adding to iommu group 0
[   24.848778] iommufd_mock iommufd_mock0: Adding to iommu group 0
[   24.859401] iommufd_mock iommufd_mock0: Adding to iommu group 0
[   24.870052] iommufd_mock iommufd_mock0: Adding to iommu group 0
[   24.881142] iommufd_mock iommufd_mock0: Adding to iommu group 0
[   24.891670] iommufd_mock iommufd_mock0: Adding to iommu group 0
[   24.902243] iommufd_mock iommufd_mock0: Adding to iommu group 0
[   24.913492] iommufd_mock iommufd_mock0: Adding to iommu group 0
[   24.923743] iommufd_mock iommufd_mock0: Adding to iommu group 0
[   24.934458] iommufd_mock iommufd_mock0: Adding to iommu group 0
[   24.945881] iommufd_mock iommufd_mock0: Adding to iommu group 0
[   24.956027] iommufd_mock iommufd_mock0: Adding to iommu group 0
[   24.967280] iommufd_mock iommufd_mock0: Adding to iommu group 0
[   24.977837] iommufd_mock iommufd_mock0: Adding to iommu group 0
[   24.988517] iommufd_mock iommufd_mock0: Adding to iommu group 0
[   24.999082] iommufd_mock iommufd_mock0: Adding to iommu group 0
[   25.010217] iommufd_mock iommufd_mock0: Adding to iommu group 0
[   25.020779] iommufd_mock iommufd_mock0: Adding to iommu group 0
[   25.031344] iommufd_mock iommufd_mock0: Adding to iommu group 0
[   25.042078] iommufd_mock iommufd_mock0: Adding to iommu group 0
[   25.052923] iommufd_mock iommufd_mock0: Adding to iommu group 0
[   25.063497] iommufd_mock iommufd_mock0: Adding to iommu group 0
[   25.074278] iommufd_mock iommufd_mock0: Adding to iommu group 0
[   25.085072] iommufd_mock iommufd_mock0: Adding to iommu group 0
[   25.095938] iommufd_mock iommufd_mock0: Adding to iommu group 0
[   25.106531] iommufd_mock iommufd_mock0: Adding to iommu group 0
[   25.117068] iommufd_mock iommufd_mock0: Adding to iommu group 0
[   25.128742] iommufd_mock iommufd_mock0: Adding to iommu group 0
[   25.138642] iommufd_mock iommufd_mock0: Adding to iommu group 0
[   25.149204] iommufd_mock iommufd_mock0: Adding to iommu group 0
[   25.160206] iommufd_mock iommufd_mock0: Adding to iommu group 0
[   25.171143] iommufd_mock iommufd_mock0: Adding to iommu group 0
[   25.181666] iommufd_mock iommufd_mock0: Adding to iommu group 0
[   25.192399] iommufd_mock iommufd_mock0: Adding to iommu group 0
[   25.203779] iommufd_mock iommufd_mock0: Adding to iommu group 0
[   25.213958] iommufd_mock iommufd_mock0: Adding to iommu group 0
[   25.225093] iommufd_mock iommufd_mock0: Adding to iommu group 0
[   25.235218] iommufd_mock iommufd_mock0: Adding to iommu group 0
[   25.246072] iommufd_mock iommufd_mock0: Adding to iommu group 0
[   25.257010] iommufd_mock iommufd_mock0: Adding to iommu group 0
[   25.267783] iommufd_mock iommufd_mock0: Adding to iommu group 0
[   25.278625] iommufd_mock iommufd_mock0: Adding to iommu group 0
[   25.289322] iommufd_mock iommufd_mock0: Adding to iommu group 0
[   25.299971] iommufd_mock iommufd_mock0: Adding to iommu group 0
[   25.310647] iommufd_mock iommufd_mock0: Adding to iommu group 0
[   25.322111] iommufd_mock iommufd_mock0: Adding to iommu group 0
[   25.332604] iommufd_mock iommufd_mock0: Adding to iommu group 0
[   25.343292] iommufd_mock iommufd_mock0: Adding to iommu group 0
[   25.353884] iommufd_mock iommufd_mock0: Adding to iommu group 0
[   25.364119] iommufd_mock iommufd_mock0: Adding to iommu group 0
[   25.374860] iommufd_mock iommufd_mock0: Adding to iommu group 0
[   25.385988] iommufd_mock iommufd_mock0: Adding to iommu group 0
[   25.396534] iommufd_mock iommufd_mock0: Adding to iommu group 0
[   25.407409] iommufd_mock iommufd_mock0: Adding to iommu group 0
[   25.418107] iommufd_mock iommufd_mock0: Adding to iommu group 0
[   25.428904] iommufd_mock iommufd_mock0: Adding to iommu group 0
[   25.439999] iommufd_mock iommufd_mock0: Adding to iommu group 0
[   25.450434] iommufd_mock iommufd_mock0: Adding to iommu group 0
[   25.461009] iommufd_mock iommufd_mock0: Adding to iommu group 0
[   25.471546] iommufd_mock iommufd_mock0: Adding to iommu group 0
[   25.482553] iommufd_mock iommufd_mock0: Adding to iommu group 0
[   25.493587] iommufd_mock iommufd_mock0: Adding to iommu group 0
[   25.504360] iommufd_mock iommufd_mock0: Adding to iommu group 0
[   25.515098] iommufd_mock iommufd_mock0: Adding to iommu group 0
[   25.526147] iommufd_mock iommufd_mock0: Adding to iommu group 0
[   25.537128] iommufd_mock iommufd_mock0: Adding to iommu group 0
[   25.548025] iommufd_mock iommufd_mock0: Adding to iommu group 0
[   25.558642] iommufd_mock iommufd_mock0: Adding to iommu group 0
[   25.569536] iommufd_mock iommufd_mock0: Adding to iommu group 0
[   25.580178] iommufd_mock iommufd_mock0: Adding to iommu group 0
[   25.590813] iommufd_mock iommufd_mock0: Adding to iommu group 0
[   25.601610] iommufd_mock iommufd_mock0: Adding to iommu group 0
[   25.612747] iommufd_mock iommufd_mock0: Adding to iommu group 0
[   25.623779] iommufd_mock iommufd_mock0: Adding to iommu group 0
[   25.634585] iommufd_mock iommufd_mock0: Adding to iommu group 0
[   25.645620] iommufd_mock iommufd_mock0: Adding to iommu group 0
[   25.656239] iommufd_mock iommufd_mock0: Adding to iommu group 0
[   25.667011] iommufd_mock iommufd_mock0: Adding to iommu group 0
[   25.678912] iommufd_mock iommufd_mock0: Adding to iommu group 0
[   25.689023] iommufd_mock iommufd_mock0: Adding to iommu group 0
[   25.699698] iommufd_mock iommufd_mock0: Adding to iommu group 0
[   25.710672] iommufd_mock iommufd_mock0: Adding to iommu group 0
[   25.721080] iommufd_mock iommufd_mock0: Adding to iommu group 0
[   25.731924] iommufd_mock iommufd_mock0: Adding to iommu group 0
[   25.742553] iommufd_mock iommufd_mock0: Adding to iommu group 0
[   25.753452] iommufd_mock iommufd_mock0: Adding to iommu group 0
[   25.764265] iommufd_mock iommufd_mock0: Adding to iommu group 0
[   25.774845] iommufd_mock iommufd_mock0: Adding to iommu group 0
[   25.786245] iommufd_mock iommufd_mock0: Adding to iommu group 0
[   25.796134] iommufd_mock iommufd_mock0: Adding to iommu group 0
[   25.806749] iommufd_mock iommufd_mock0: Adding to iommu group 0
[   25.817381] iommufd_mock iommufd_mock0: Adding to iommu group 0
[   25.828203] iommufd_mock iommufd_mock0: Adding to iommu group 0
[   25.839073] iommufd_mock iommufd_mock0: Adding to iommu group 0
[   25.849808] iommufd_mock iommufd_mock0: Adding to iommu group 0
[   25.860463] iommufd_mock iommufd_mock0: Adding to iommu group 0
[   25.871321] iommufd_mock iommufd_mock0: Adding to iommu group 0
[   25.882294] iommufd_mock iommufd_mock0: Adding to iommu group 0
[   25.893153] iommufd_mock iommufd_mock0: Adding to iommu group 0
[   25.903958] iommufd_mock iommufd_mock0: Adding to iommu group 0
[   25.914576] iommufd_mock iommufd_mock0: Adding to iommu group 0
[   25.925367] iommufd_mock iommufd_mock0: Adding to iommu group 0
[   25.936153] iommufd_mock iommufd_mock0: Adding to iommu group 0
[   25.946676] iommufd_mock iommufd_mock0: Adding to iommu group 0
[   25.957175] iommufd_mock iommufd_mock0: Adding to iommu group 0
[   25.968202] iommufd_mock iommufd_mock0: Adding to iommu group 0
[   25.978830] iommufd_mock iommufd_mock0: Adding to iommu group 0
[   25.989455] iommufd_mock iommufd_mock0: Adding to iommu group 0
[   26.000308] iommufd_mock iommufd_mock0: Adding to iommu group 0
[   26.011004] iommufd_mock iommufd_mock0: Adding to iommu group 0
[   26.022077] iommufd_mock iommufd_mock0: Adding to iommu group 0
[   26.032831] iommufd_mock iommufd_mock0: Adding to iommu group 0
[   26.043155] iommufd_mock iommufd_mock0: Adding to iommu group 0
[   26.053811] iommufd_mock iommufd_mock0: Adding to iommu group 0
[   26.064814] iommufd_mock iommufd_mock0: Adding to iommu group 0
[   26.075447] iommufd_mock iommufd_mock0: Adding to iommu group 0
[   26.086252] iommufd_mock iommufd_mock0: Adding to iommu group 0
[   26.097494] iommufd_mock iommufd_mock0: Adding to iommu group 0
[   26.107658] iommufd_mock iommufd_mock0: Adding to iommu group 0
[   26.118555] iommufd_mock iommufd_mock0: Adding to iommu group 0
[   26.129223] iommufd_mock iommufd_mock0: Adding to iommu group 0
[   26.139907] iommufd_mock iommufd_mock0: Adding to iommu group 0
[   26.150607] iommufd_mock iommufd_mock0: Adding to iommu group 0
[   26.161324] iommufd_mock iommufd_mock0: Adding to iommu group 0
[   26.172031] iommufd_mock iommufd_mock0: Adding to iommu group 0
[   26.182868] iommufd_mock iommufd_mock0: Adding to iommu group 0
[   26.193920] iommufd_mock iommufd_mock0: Adding to iommu group 0
[   26.204834] iommufd_mock iommufd_mock0: Adding to iommu group 0
[   26.215129] iommufd_mock iommufd_mock0: Adding to iommu group 0
[   26.225954] iommufd_mock iommufd_mock0: Adding to iommu group 0
[   26.237048] iommufd_mock iommufd_mock0: Adding to iommu group 0
[   26.248240] iommufd_mock iommufd_mock0: Adding to iommu group 0
[   26.259107] iommufd_mock iommufd_mock0: Adding to iommu group 0
[   26.270074] iommufd_mock iommufd_mock0: Adding to iommu group 0
[   26.280992] iommufd_mock iommufd_mock0: Adding to iommu group 0
[   26.292203] iommufd_mock iommufd_mock0: Adding to iommu group 0
[   26.303211] iommufd_mock iommufd_mock0: Adding to iommu group 0
[   26.314019] iommufd_mock iommufd_mock0: Adding to iommu group 0
[   26.324805] iommufd_mock iommufd_mock0: Adding to iommu group 0
[   26.335471] iommufd_mock iommufd_mock0: Adding to iommu group 0
[   26.346095] iommufd_mock iommufd_mock0: Adding to iommu group 0
[   26.356911] iommufd_mock iommufd_mock0: Adding to iommu group 0
[   26.367919] iommufd_mock iommufd_mock0: Adding to iommu group 0
[   26.378626] iommufd_mock iommufd_mock0: Adding to iommu group 0
[   26.389476] iommufd_mock iommufd_mock0: Adding to iommu group 0
[   26.400195] iommufd_mock iommufd_mock0: Adding to iommu group 0
[   26.410683] iommufd_mock iommufd_mock0: Adding to iommu group 0
[   26.421574] iommufd_mock iommufd_mock0: Adding to iommu group 0
[   26.432344] iommufd_mock iommufd_mock0: Adding to iommu group 0
[   26.443208] iommufd_mock iommufd_mock0: Adding to iommu group 0
[   26.453539] iommufd_mock iommufd_mock0: Adding to iommu group 0
[   26.464887] iommufd_mock iommufd_mock0: Adding to iommu group 0
[   26.475573] iommufd_mock iommufd_mock0: Adding to iommu group 0
[   26.486685] iommufd_mock iommufd_mock0: Adding to iommu group 0
[   26.497222] iommufd_mock iommufd_mock0: Adding to iommu group 0
[   26.508251] iommufd_mock iommufd_mock0: Adding to iommu group 0
[   26.518969] iommufd_mock iommufd_mock0: Adding to iommu group 0
[   26.530379] iommufd_mock iommufd_mock0: Adding to iommu group 0
[   26.541062] iommufd_mock iommufd_mock0: Adding to iommu group 0
[   26.551794] iommufd_mock iommufd_mock0: Adding to iommu group 0
[   26.562771] iommufd_mock iommufd_mock0: Adding to iommu group 0
[   26.573899] iommufd_mock iommufd_mock0: Adding to iommu group 0
[   26.584787] iommufd_mock iommufd_mock0: Adding to iommu group 0
[   26.595745] iommufd_mock iommufd_mock0: Adding to iommu group 0
[   26.607103] iommufd_mock iommufd_mock0: Adding to iommu group 0
[   26.618024] iommufd_mock iommufd_mock0: Adding to iommu group 0
[   26.629487] iommufd_mock iommufd_mock0: Adding to iommu group 0
[   26.639336] iommufd_mock iommufd_mock0: Adding to iommu group 0
[   26.649437] iommufd_mock iommufd_mock0: Adding to iommu group 0
[   26.661499] iommufd_mock iommufd_mock0: Adding to iommu group 0
[   26.671637] iommufd_mock iommufd_mock0: Adding to iommu group 0
[   26.682661] iommufd_mock iommufd_mock0: Adding to iommu group 0
[   26.693343] iommufd_mock iommufd_mock0: Adding to iommu group 0
[   26.704095] iommufd_mock iommufd_mock0: Adding to iommu group 0
[   26.714947] iommufd_mock iommufd_mock0: Adding to iommu group 0
[   26.725742] iommufd_mock iommufd_mock0: Adding to iommu group 0
[   26.736893] iommufd_mock iommufd_mock0: Adding to iommu group 0
[   26.747097] iommufd_mock iommufd_mock0: Adding to iommu group 0
[   26.757977] iommufd_mock iommufd_mock0: Adding to iommu group 0
[   26.768926] iommufd_mock iommufd_mock0: Adding to iommu group 0
[   26.778871] iommufd_mock iommufd_mock0: Adding to iommu group 0
[   26.789739] iommufd_mock iommufd_mock0: Adding to iommu group 0
[   26.800314] iommufd_mock iommufd_mock0: Adding to iommu group 0
[   26.811222] iommufd_mock iommufd_mock0: Adding to iommu group 0
[   26.821810] iommufd_mock iommufd_mock0: Adding to iommu group 0
[   26.833336] iommufd_mock iommufd_mock0: Adding to iommu group 0
[   26.844023] iommufd_mock iommufd_mock0: Adding to iommu group 0
[   26.854028] iommufd_mock iommufd_mock0: Adding to iommu group 0
[   26.864961] iommufd_mock iommufd_mock0: Adding to iommu group 0
[   26.875841] iommufd_mock iommufd_mock0: Adding to iommu group 0
[   26.886734] iommufd_mock iommufd_mock0: Adding to iommu group 0
[   26.897688] iommufd_mock iommufd_mock0: Adding to iommu group 0
[   26.908998] iommufd_mock iommufd_mock0: Adding to iommu group 0
[   26.918784] iommufd_mock iommufd_mock0: Adding to iommu group 0
[   26.929808] iommufd_mock iommufd_mock0: Adding to iommu group 0
[   26.940186] iommufd_mock iommufd_mock0: Adding to iommu group 0
[   26.950574] iommufd_mock iommufd_mock0: Adding to iommu group 0
[   26.961918] iommufd_mock iommufd_mock0: Adding to iommu group 0
[   26.972759] iommufd_mock iommufd_mock0: Adding to iommu group 0
[   26.983378] iommufd_mock iommufd_mock0: Adding to iommu group 0
[   26.994148] iommufd_mock iommufd_mock0: Adding to iommu group 0
[   27.004836] iommufd_mock iommufd_mock0: Adding to iommu group 0
[   27.015330] iommufd_mock iommufd_mock0: Adding to iommu group 0
[   27.026131] iommufd_mock iommufd_mock0: Adding to iommu group 0
[   27.037418] iommufd_mock iommufd_mock0: Adding to iommu group 0
[   27.048154] iommufd_mock iommufd_mock0: Adding to iommu group 0
[   27.059599] iommufd_mock iommufd_mock0: Adding to iommu group 0
[   27.069811] iommufd_mock iommufd_mock0: Adding to iommu group 0
[   27.080595] iommufd_mock iommufd_mock0: Adding to iommu group 0
[   27.091200] iommufd_mock iommufd_mock0: Adding to iommu group 0
