c[?7l[2J[0mSeaBIOS (version rel-1.16.0-0-gd239552ce722-prebuilt.qemu.org)


iPXE (http://ipxe.org) 00:03.0 CA00 PCI2.10 PnP PMM+7FF91000+7FEF1000 CA00
Press Ctrl-B to configure iPXE (PCI 00:03.0)...                                                                               


Booting from ROM...
c[?7l[2J[    0.000000] Linux version 6.18.0-d03ad12f9225+ (root@p-arls02) (gcc (GCC) 11.5.0 20240719 (Red Hat 11.5.0-14), GNU ld version 2.35.2-68.el9) #1 SMP PREEMPT_DYNAMIC Thu Dec  4 14:15:02 CST 2025
[    0.000000] Command line: console=ttyS0 root=/dev/sda earlyprintk=serial net.ifnames=0 plymouth.enable=0
[    0.000000] KERNEL supported cpus:
[    0.000000]   Intel GenuineIntel
[    0.000000]   AMD AuthenticAMD
[    0.000000]   Hygon HygonGenuine
[    0.000000]   Centaur CentaurHauls
[    0.000000]   zhaoxin   Shanghai  
[    0.000000] x86/CPU: Model not found in latest microcode list
[    0.000000] x86/split lock detection: #DB: warning on user-space bus_locks
[    0.000000] BIOS-provided physical RAM map:
[    0.000000] BIOS-e820: [mem 0x0000000000000000-0x000000000009fbff] usable
[    0.000000] BIOS-e820: [mem 0x000000000009fc00-0x000000000009ffff] reserved
[    0.000000] BIOS-e820: [mem 0x00000000000f0000-0x00000000000fffff] reserved
[    0.000000] BIOS-e820: [mem 0x0000000000100000-0x000000007ffdffff] usable
[    0.000000] BIOS-e820: [mem 0x000000007ffe0000-0x000000007fffffff] reserved
[    0.000000] BIOS-e820: [mem 0x00000000feffc000-0x00000000feffffff] reserved
[    0.000000] BIOS-e820: [mem 0x00000000fffc0000-0x00000000ffffffff] reserved
[    0.000000] printk: legacy bootconsole [earlyser0] enabled
[    0.000000] NX (Execute Disable) protection: active
[    0.000000] APIC: Static calls initialized
[    0.000000] SMBIOS 2.8 present.
[    0.000000] DMI: QEMU Standard PC (i440FX + PIIX, 1996), BIOS rel-1.16.0-0-gd239552ce722-prebuilt.qemu.org 04/01/2014
[    0.000000] DMI: Memory slots populated: 1/1
[    0.000000] Hypervisor detected: KVM
[    0.000000] last_pfn = 0x7ffe0 max_arch_pfn = 0x400000000
[    0.000000] kvm-clock: Using msrs 4b564d01 and 4b564d00
[    0.000003] kvm-clock: using sched offset of 1100035825 cycles
[    0.000435] clocksource: kvm-clock: mask: 0xffffffffffffffff max_cycles: 0x1cd42e4dffb, max_idle_ns: 881590591483 ns
[    0.001793] tsc: Detected 1267.200 MHz processor
[    0.008650] last_pfn = 0x7ffe0 max_arch_pfn = 0x400000000
[    0.009132] MTRR map: 4 entries (3 fixed + 1 variable; max 19), built from 8 variable MTRRs
[    0.009835] x86/PAT: Configuration [0-7]: WB  WC  UC- UC  WB  WP  UC- WT  
[    0.020209] found SMP MP-table at [mem 0x000f5ba0-0x000f5baf]
[    0.020725] Using GB pages for direct mapping
[    0.023071] ACPI: Early table checksum verification disabled
[    0.023548] ACPI: RSDP 0x00000000000F59C0 000014 (v00 BOCHS )
[    0.024059] ACPI: RSDT 0x000000007FFE1951 000034 (v01 BOCHS  BXPC     00000001 BXPC 00000001)
[    0.024798] ACPI: FACP 0x000000007FFE17FD 000074 (v01 BOCHS  BXPC     00000001 BXPC 00000001)
[    0.025516] ACPI: DSDT 0x000000007FFE0040 0017BD (v01 BOCHS  BXPC     00000001 BXPC 00000001)
[    0.026226] ACPI: FACS 0x000000007FFE0000 000040
[    0.026625] ACPI: APIC 0x000000007FFE1871 000080 (v01 BOCHS  BXPC     00000001 BXPC 00000001)
[    0.027335] ACPI: HPET 0x000000007FFE18F1 000038 (v01 BOCHS  BXPC     00000001 BXPC 00000001)
[    0.028053] ACPI: WAET 0x000000007FFE1929 000028 (v01 BOCHS  BXPC     00000001 BXPC 00000001)
[    0.028762] ACPI: Reserving FACP table memory at [mem 0x7ffe17fd-0x7ffe1870]
[    0.029339] ACPI: Reserving DSDT table memory at [mem 0x7ffe0040-0x7ffe17fc]
[    0.029916] ACPI: Reserving FACS table memory at [mem 0x7ffe0000-0x7ffe003f]
[    0.030494] ACPI: Reserving APIC table memory at [mem 0x7ffe1871-0x7ffe18f0]
[    0.031073] ACPI: Reserving HPET table memory at [mem 0x7ffe18f1-0x7ffe1928]
[    0.031650] ACPI: Reserving WAET table memory at [mem 0x7ffe1929-0x7ffe1950]
[    0.032738] No NUMA configuration found
[    0.033054] Faking a node at [mem 0x0000000000000000-0x000000007ffdffff]
[    0.033638] NODE_DATA(0) allocated [mem 0x7ffb4ec0-0x7ffdfcbf]
[    0.034743] Zone ranges:
[    0.034942]   DMA      [mem 0x0000000000001000-0x0000000000ffffff]
[    0.035436]   DMA32    [mem 0x0000000001000000-0x000000007ffdffff]
[    0.035946]   Normal   empty
[    0.036187]   Device   empty
[    0.036428] Movable zone start for each node
[    0.036790] Early memory node ranges
[    0.037083]   node   0: [mem 0x0000000000001000-0x000000000009efff]
[    0.037596]   node   0: [mem 0x0000000000100000-0x000000007ffdffff]
[    0.038109] Initmem setup node 0 [mem 0x0000000000001000-0x000000007ffdffff]
[    0.039347] On node 0, zone DMA: 1 pages in unavailable ranges
[    0.040142] On node 0, zone DMA: 97 pages in unavailable ranges
[    0.085242] On node 0, zone DMA32: 32 pages in unavailable ranges
[    0.641299] KernelAddressSanitizer initialized (generic)
[    0.642081] ACPI: PM-Timer IO Port: 0x608
[    0.642457] ACPI: LAPIC_NMI (acpi_id[0xff] dfl dfl lint[0x1])
[    0.643009] IOAPIC[0]: apic_id 0, version 17, address 0xfec00000, GSI 0-23
[    0.643598] ACPI: INT_SRC_OVR (bus 0 bus_irq 0 global_irq 2 dfl dfl)
[    0.644117] ACPI: INT_SRC_OVR (bus 0 bus_irq 5 global_irq 5 high level)
[    0.644657] ACPI: INT_SRC_OVR (bus 0 bus_irq 9 global_irq 9 high level)
[    0.645197] ACPI: INT_SRC_OVR (bus 0 bus_irq 10 global_irq 10 high level)
[    0.645748] ACPI: INT_SRC_OVR (bus 0 bus_irq 11 global_irq 11 high level)
[    0.646312] ACPI: Using ACPI (MADT) for SMP configuration information
[    0.646842] ACPI: HPET id: 0x8086a201 base: 0xfed00000
[    0.647279] TSC deadline timer available
[    0.647606] CPU topo: Max. logical packages:   1
[    0.647986] CPU topo: Max. logical dies:       1
[    0.648362] CPU topo: Max. dies per package:   1
[    0.648745] CPU topo: Max. threads per core:   1
[    0.649123] CPU topo: Num. cores per package:     2
[    0.649524] CPU topo: Num. threads per package:   2
[    0.649927] CPU topo: Allowing 2 present CPUs plus 0 hotplug CPUs
[    0.650490] kvm-guest: APIC: eoi() replaced with kvm_guest_apic_eoi_write()
[    0.651094] kvm-guest: KVM setup pv remote TLB flush
[    0.651503] kvm-guest: setup PV sched yield
[    0.651893] PM: hibernation: Registered nosave memory: [mem 0x00000000-0x00000fff]
[    0.652512] PM: hibernation: Registered nosave memory: [mem 0x0009f000-0x000fffff]
[    0.653132] [mem 0x80000000-0xfeffbfff] available for PCI devices
[    0.653631] Booting paravirtualized kernel on KVM
[    0.654028] clocksource: refined-jiffies: mask: 0xffffffff max_cycles: 0xffffffff, max_idle_ns: 7645519600211568 ns
[    0.654911] setup_percpu: NR_CPUS:8192 nr_cpumask_bits:2 nr_cpu_ids:2 nr_node_ids:1
[    0.657881] percpu: Embedded 81 pages/cpu s294912 r8192 d28672 u1048576
[    0.658606] kvm-guest: PV spinlocks enabled
[    0.658964] PV qspinlock hash table entries: 256 (order: 0, 4096 bytes, linear)
[    0.659616] Kernel command line: net.ifnames=0 console=ttyS0 root=/dev/sda earlyprintk=serial net.ifnames=0 plymouth.enable=0
[    0.660843] random: crng init done
[    0.661120] printk: log buffer data + meta data: 262144 + 917504 = 1179648 bytes
[    0.664037] Dentry cache hash table entries: 262144 (order: 9, 2097152 bytes, linear)
[    0.666015] Inode-cache hash table entries: 131072 (order: 8, 1048576 bytes, linear)
[    0.667062] Fallback order for Node 0: 0 
[    0.667072] Built 1 zonelists, mobility grouping on.  Total pages: 524158
[    0.667939] Policy zone: DMA32
[    0.668185] mem auto-init: stack:off, heap alloc:off, heap free:off
[    0.668691] stackdepot: allocating hash table via alloc_large_system_hash
[    0.669239] stackdepot hash table entries: 1048576 (order: 12, 16777216 bytes, linear)
[    0.686761] stackdepot: allocating space for 8192 stack pools via memblock
[    0.720920] SLUB: HWalign=64, Order=0-3, MinObjects=0, CPUs=2, Nodes=1
[    0.721468] kmemleak: Kernel memory leak detector disabled
[    0.761531] ftrace: allocating 75089 entries in 296 pages
[    0.761994] ftrace: allocated 296 pages with 3 groups
[    0.767168] Dynamic Preempt: voluntary
[    0.767999] Running RCU self tests
[    0.768266] Running RCU synchronous self tests
[    0.768623] rcu: Preemptible hierarchical RCU implementation.
[    0.769076] rcu: 	RCU lockdep checking is enabled.
[    0.769456] rcu: 	RCU restricting CPUs from NR_CPUS=8192 to nr_cpu_ids=2.
[    0.769994] 	Trampoline variant of Tasks RCU enabled.
[    0.770392] 	Rude variant of Tasks RCU enabled.
[    0.770751] 	Tracing variant of Tasks RCU enabled.
[    0.771130] rcu: RCU calculated value of scheduler-enlistment delay is 25 jiffies.
[    0.771730] rcu: Adjusting geometry for rcu_fanout_leaf=16, nr_cpu_ids=2
[    0.772347] Running RCU synchronous self tests
[    0.772708] RCU Tasks: Setting shift to 1 and lim to 1 rcu_task_cb_adjust=1 rcu_task_cpu_ids=2.
[    0.773398] RCU Tasks Rude: Setting shift to 1 and lim to 1 rcu_task_cb_adjust=1 rcu_task_cpu_ids=2.
[    0.774124] RCU Tasks Trace: Setting shift to 1 and lim to 1 rcu_task_cb_adjust=1 rcu_task_cpu_ids=2.
[    0.843301] NR_IRQS: 524544, nr_irqs: 440, preallocated irqs: 16
[    0.844359] rcu: srcu_init: Setting srcu_struct sizes based on contention.
[    0.851639] Console: colour VGA+ 80x25
[    0.852010] printk: legacy console [ttyS0] enabled
[    0.852010] printk: legacy console [ttyS0] enabled
[    0.852782] printk: legacy bootconsole [earlyser0] disabled
[    0.852782] printk: legacy bootconsole [earlyser0] disabled
[    0.853695] Lock dependency validator: Copyright (c) 2006 Red Hat, Inc., Ingo Molnar
[    0.854320] ... MAX_LOCKDEP_SUBCLASSES:  8
[    0.854658] ... MAX_LOCK_DEPTH:          48
[    0.855003] ... MAX_LOCKDEP_KEYS:        8192
[    0.855362] ... CLASSHASH_SIZE:          4096
[    0.855723] ... MAX_LOCKDEP_ENTRIES:     524288
[    0.856097] ... MAX_LOCKDEP_CHAINS:      524288
[    0.856468] ... CHAINHASH_SIZE:          262144
[    0.856842]  memory used by lock dependency info: 54145 kB
[    0.857293]  memory used for stack traces: 4224 kB
[    0.857696]  per task-struct memory footprint: 1920 bytes
[    0.858221] ACPI: Core revision 20250807
[    0.858941] clocksource: hpet: mask: 0xffffffff max_cycles: 0xffffffff, max_idle_ns: 19112604467 ns
[    0.859851] APIC: Switch to symmetric I/O mode setup
[    0.860540] x2apic enabled
[    0.861130] APIC: Switched APIC routing to: physical x2apic
[    0.861589] kvm-guest: APIC: send_IPI_mask() replaced with kvm_send_ipi_mask()
[    0.862187] kvm-guest: APIC: send_IPI_mask_allbutself() replaced with kvm_send_ipi_mask_allbutself()
[    0.862929] kvm-guest: setup PV IPIs
[    0.864265] ..TIMER: vector=0x30 apic1=0 pin1=2 apic2=-1 pin2=-1
[    0.864765] clocksource: tsc-early: mask: 0xffffffffffffffff max_cycles: 0x12441513526, max_idle_ns: 440795239872 ns
[    0.865624] Calibrating delay loop (skipped) preset value.. 2534.40 BogoMIPS (lpj=5068800)
[    0.866449] CPU0: Thermal monitoring enabled (TM1)
[    0.866862] x86/cpu: User Mode Instruction Prevention (UMIP) activated
[    0.867510] Last level iTLB entries: 4KB 0, 2MB 0, 4MB 0
[    0.869641] Last level dTLB entries: 4KB 0, 2MB 0, 4MB 0, 1GB 0
[    0.870225] mitigations: Enabled attack vectors: user_kernel, user_user, guest_host, guest_guest, SMT mitigations: auto
[    0.871097] Speculative Store Bypass: Mitigation: Speculative Store Bypass disabled via prctl
[    0.871776] Spectre V2 : Mitigation: Enhanced / Automatic IBRS
[    0.872242] ITS: Mitigation: Aligned branch/return thunks
[    0.872676] Spectre V1 : Mitigation: usercopy/swapgs barriers and __user pointer sanitization
[    0.873351] Spectre V2 : WARNING: Unprivileged eBPF is enabled with eIBRS on, data leaks possible via Spectre v2 BHB attacks!
[    0.873617] Spectre V2 : Spectre v2 / PBRSB-eIBRS: Retire a single CALL on VMEXIT
[    0.874191] Spectre V2 : mitigation: Enabling conditional Indirect Branch Prediction Barrier
[    0.874834] active return thunk: its_return_thunk
[    0.875204] Spectre V2 : Spectre BHI mitigation: SW BHB clearing on syscall and VM exit
[    0.875850] x86/fpu: Supporting XSAVE feature 0x001: 'x87 floating point registers'
[    0.876451] x86/fpu: Supporting XSAVE feature 0x002: 'SSE registers'
[    0.877614] x86/fpu: Supporting XSAVE feature 0x004: 'AVX registers'
[    0.878117] x86/fpu: Supporting XSAVE feature 0x200: 'Protection Keys User registers'
[    0.878727] x86/fpu: xstate_offset[2]:  576, xstate_sizes[2]:  256
[    0.879217] x86/fpu: xstate_offset[9]:  832, xstate_sizes[9]:    8
[    0.879703] x86/fpu: Enabled xstate features 0x207, context size is 840 bytes, using 'compacted' format.
[    1.016808] Freeing SMP alternatives memory: 64K
[    1.017218] pid_max: default: 32768 minimum: 301
[    1.017881] Yama: becoming mindful.
[    1.018551] Mount-cache hash table entries: 4096 (order: 3, 32768 bytes, linear)
[    1.019164] Mountpoint-cache hash table entries: 4096 (order: 3, 32768 bytes, linear)
[    1.021249] Running RCU synchronous self tests
[    1.021620] Running RCU synchronous self tests
[    1.022396] smpboot: CPU0: Genuine Intel(R) 0000 @ (family: 0x6, model: 0xc6, stepping: 0x0)
[    1.024065] Performance Events: unsupported CPU family 6 model 198 no PMU driver, software events only.
[    1.024894] signal: max sigframe size: 3632
[    1.025428] rcu: Hierarchical SRCU implementation.
[    1.025610] rcu: 	Max phase no-delay instances is 1000.
[    1.025756] Timer migration: 1 hierarchy levels; 8 children per group; 1 crossnode level
[    1.044975] NMI watchdog: Perf NMI watchdog permanently disabled
[    1.045746] smp: Bringing up secondary CPUs ...
[    1.047647] smpboot: x86: Booting SMP configuration:
[    1.048050] .... node  #0, CPUs:      #1
[    1.049651] smp: Brought up 1 node, 2 CPUs
[    1.050282] smpboot: Total of 2 processors activated (5068.80 BogoMIPS)
[    1.051107] Memory: 1538744K/2096632K available (80690K kernel code, 15531K rwdata, 18772K rodata, 16348K init, 70104K bss, 546452K reserved, 0K cma-reserved)
[    1.054139] devtmpfs: initialized
[    1.054690] x86/mm: Memory block size: 128MB
[    1.070466] Running RCU synchronous self tests
[    1.070882] Running RCU synchronous self tests
[    1.071392] Running RCU Tasks wait API self tests
[    1.073653] Running RCU Tasks Rude wait API self tests
[    1.074171] Running RCU Tasks Trace wait API self tests
[    1.093673] clocksource: jiffies: mask: 0xffffffff max_cycles: 0xffffffff, max_idle_ns: 7645041785100000 ns
[    1.094644] posixtimers hash table entries: 1024 (order: 5, 73728 bytes, linear)
[    1.095359] futex hash table entries: 512 (65536 bytes on 1 NUMA nodes, total 64 KiB, linear).
[    1.098155] pinctrl core: initialized pinctrl subsystem
[    1.099861] 
[    1.099994] *************************************************************
[    1.100517] **     NOTICE NOTICE NOTICE NOTICE NOTICE NOTICE NOTICE    **
[    1.101040] **                                                         **
[    1.101567] **  IOMMU DebugFS SUPPORT HAS BEEN ENABLED IN THIS KERNEL  **
[    1.101618] **                                                         **
[    1.102149] ** This means that this kernel is built to expose internal **
[    1.102671] ** IOMMU data structures, which may compromise security on **
[    1.103203] ** your system.                                            **
[    1.103723] **                                                         **
[    1.104274] ** If you see this message and you are not debugging the   **
[    1.104796] ** kernel, report this immediately to your vendor!         **
[    1.105328] **                                                         **
[    1.105620] **     NOTICE NOTICE NOTICE NOTICE NOTICE NOTICE NOTICE    **
[    1.106145] *************************************************************
[    1.106779] PM: RTC time: 06:18:06, date: 2025-12-04
[    1.111724] NET: Registered PF_NETLINK/PF_ROUTE protocol family
[    1.113748] DMA: preallocated 256 KiB GFP_KERNEL pool for atomic allocations
[    1.114318] DMA: preallocated 256 KiB GFP_KERNEL|GFP_DMA pool for atomic allocations
[    1.114940] DMA: preallocated 256 KiB GFP_KERNEL|GFP_DMA32 pool for atomic allocations
[    1.115654] audit: initializing netlink subsys (disabled)
[    1.116123] audit: type=2000 audit(1764829086.746:1): state=initialized audit_enabled=0 res=1
[    1.117726] thermal_sys: Registered thermal governor 'fair_share'
[    1.117735] thermal_sys: Registered thermal governor 'bang_bang'
[    1.118243] thermal_sys: Registered thermal governor 'step_wise'
[    1.118721] thermal_sys: Registered thermal governor 'user_space'
[    1.119266] cpuidle: using governor ladder
[    1.119266] cpuidle: using governor menu
[    1.119266] acpiphp: ACPI Hot Plug PCI Controller Driver version: 0.5
[    1.122503] PCI: Using configuration type 1 for base access
[    1.123267] kprobes: kprobe jump-optimization is enabled. All kprobes are optimized if possible.
[    1.125805] Callback from call_rcu_tasks_trace() invoked.
[    1.265354] HugeTLB: registered 1.00 GiB page size, pre-allocated 0 pages
[    1.265619] HugeTLB: 16380 KiB vmemmap can be freed for a 1.00 GiB page
[    1.266158] HugeTLB: registered 2.00 MiB page size, pre-allocated 0 pages
[    1.266711] HugeTLB: 28 KiB vmemmap can be freed for a 2.00 MiB page
[    1.276073] ACPI: Added _OSI(Module Device)
[    1.276479] ACPI: Added _OSI(Processor Device)
[    1.276859] ACPI: Added _OSI(Processor Aggregator Device)
[    1.292525] ACPI: 1 ACPI AML tables successfully acquired and loaded
[    1.312091] ACPI: Interpreter enabled
[    1.312590] ACPI: PM: (supports S0 S3 S4 S5)
[    1.312964] ACPI: Using IOAPIC for interrupt routing
[    1.313513] PCI: Using host bridge windows from ACPI; if necessary, use "pci=nocrs" and report a bug
[    1.313621] PCI: Using E820 reservations for host bridge windows
[    1.315345] ACPI: Enabled 2 GPEs in block 00 to 0F
[    1.365278] ACPI: PCI Root Bridge [PCI0] (domain 0000 [bus 00-ff])
[    1.365651] acpi PNP0A03:00: _OSC: OS supports [ASPM ClockPM Segments MSI EDR HPX-Type3]
[    1.366347] acpi PNP0A03:00: _OSC: not requesting OS control; OS requires [ExtendedConfig ASPM ClockPM MSI]
[    1.367336] acpi PNP0A03:00: fail to add MMCONFIG information, can't access extended configuration space under this bridge
[    1.372892] acpiphp: Slot [3] registered
[    1.373382] acpiphp: Slot [4] registered
[    1.373753] acpiphp: Slot [5] registered
[    1.374250] acpiphp: Slot [6] registered
[    1.374724] acpiphp: Slot [7] registered
[    1.375197] acpiphp: Slot [8] registered
[    1.375667] acpiphp: Slot [9] registered
[    1.376164] acpiphp: Slot [10] registered
[    1.376646] acpiphp: Slot [11] registered
[    1.377128] acpiphp: Slot [12] registered
[    1.377603] acpiphp: Slot [13] registered
[    1.377782] acpiphp: Slot [14] registered
[    1.378268] acpiphp: Slot [15] registered
[    1.378768] acpiphp: Slot [16] registered
[    1.379244] acpiphp: Slot [17] registered
[    1.379767] acpiphp: Slot [18] registered
[    1.380249] acpiphp: Slot [19] registered
[    1.380727] acpiphp: Slot [20] registered
[    1.381203] acpiphp: Slot [21] registered
[    1.381718] acpiphp: Slot [22] registered
[    1.382192] acpiphp: Slot [23] registered
[    1.382678] acpiphp: Slot [24] registered
[    1.383151] acpiphp: Slot [25] registered
[    1.384346] acpiphp: Slot [26] registered
[    1.384860] acpiphp: Slot [27] registered
[    1.385342] acpiphp: Slot [28] registered
[    1.385749] acpiphp: Slot [29] registered
[    1.386258] acpiphp: Slot [30] registered
[    1.386733] acpiphp: Slot [31] registered
[    1.387160] PCI host bridge to bus 0000:00
[    1.387599] pci_bus 0000:00: root bus resource [io  0x0000-0x0cf7 window]
[    1.388186] pci_bus 0000:00: root bus resource [io  0x0d00-0xffff window]
[    1.388770] pci_bus 0000:00: root bus resource [mem 0x000a0000-0x000bffff window]
[    1.389414] pci_bus 0000:00: root bus resource [mem 0x80000000-0xfebfffff window]
[    1.389622] pci_bus 0000:00: root bus resource [mem 0x100000000-0x17fffffff window]
[    1.390281] pci_bus 0000:00: root bus resource [bus 00-ff]
[    1.390885] pci 0000:00:00.0: [8086:1237] type 00 class 0x060000 conventional PCI endpoint
[    1.400467] pci 0000:00:01.0: [8086:7000] type 00 class 0x060100 conventional PCI endpoint
[    1.402550] pci 0000:00:01.1: [8086:7010] type 00 class 0x010180 conventional PCI endpoint
[    1.403834] pci 0000:00:01.1: BAR 4 [io  0xc040-0xc04f]
[    1.404312] pci 0000:00:01.1: BAR 0 [io  0x01f0-0x01f7]: legacy IDE quirk
[    1.404879] pci 0000:00:01.1: BAR 1 [io  0x03f6]: legacy IDE quirk
[    1.405400] pci 0000:00:01.1: BAR 2 [io  0x0170-0x0177]: legacy IDE quirk
[    1.405621] pci 0000:00:01.1: BAR 3 [io  0x0376]: legacy IDE quirk
[    1.406661] pci 0000:00:01.3: [8086:7113] type 00 class 0x068000 conventional PCI endpoint
[    1.407626] pci 0000:00:01.3: quirk: [io  0x0600-0x063f] claimed by PIIX4 ACPI
[    1.408243] pci 0000:00:01.3: quirk: [io  0x0700-0x070f] claimed by PIIX4 SMB
[    1.409412] pci 0000:00:02.0: [1234:1111] type 00 class 0x030000 conventional PCI endpoint
[    1.430960] pci 0000:00:02.0: BAR 0 [mem 0xfd000000-0xfdffffff pref]
[    1.431684] pci 0000:00:02.0: BAR 2 [mem 0xfebf0000-0xfebf0fff]
[    1.432221] pci 0000:00:02.0: ROM [mem 0xfebe0000-0xfebeffff pref]
[    1.433215] pci 0000:00:02.0: Video device with shadowed ROM at [mem 0x000c0000-0x000dffff]
[    1.444130] pci 0000:00:03.0: [8086:100e] type 00 class 0x020000 conventional PCI endpoint
[    1.446242] pci 0000:00:03.0: BAR 0 [mem 0xfebc0000-0xfebdffff]
[    1.446778] pci 0000:00:03.0: BAR 1 [io  0xc000-0xc03f]
[    1.447266] pci 0000:00:03.0: ROM [mem 0xfeb80000-0xfebbffff pref]
[    1.470788] ACPI: PCI: Interrupt link LNKA configured for IRQ 10
[    1.472426] ACPI: PCI: Interrupt link LNKB configured for IRQ 10
[    1.473853] ACPI: PCI: Interrupt link LNKC configured for IRQ 11
[    1.475273] ACPI: PCI: Interrupt link LNKD configured for IRQ 11
[    1.476188] ACPI: PCI: Interrupt link LNKS configured for IRQ 9
[    1.481840] iommu: Default domain type: Translated
[    1.481840] iommu: DMA domain TLB invalidation policy: lazy mode
[    1.490865] SCSI subsystem initialized
[    1.493611] ACPI: bus type USB registered
[    1.493611] usbcore: registered new interface driver usbfs
[    1.493611] usbcore: registered new interface driver hub
[    1.493728] usbcore: registered new device driver usb
[    1.495691] pps_core: LinuxPPS API ver. 1 registered
[    1.496156] pps_core: Software ver. 5.3.6 - Copyright 2005-2007 Rodolfo Giometti <giometti@linux.it>
[    1.496988] PTP clock support registered
[    1.503849] EDAC MC: Ver: 3.0.0
[    1.507368] NetLabel: Initializing
[    1.507704] NetLabel:  domain hash size = 128
[    1.508084] NetLabel:  protocols = UNLABELED CIPSOv4 CALIPSO
[    1.508806] NetLabel:  unlabeled traffic allowed by default
[    1.510235] PCI: Using ACPI for IRQ routing
[    1.511142] pci 0000:00:02.0: vgaarb: setting as boot VGA device
[    1.511658] pci 0000:00:02.0: vgaarb: bridge control possible
[    1.512146] pci 0000:00:02.0: vgaarb: VGA device added: decodes=io+mem,owns=io+mem,locks=none
[    1.512862] vgaarb: loaded
[    1.514276] hpet0: at MMIO 0xfed00000, IRQs 2, 8, 0
[    1.514718] hpet0: 3 comparators, 64-bit 100.000000 MHz counter
[    1.522209] clocksource: Switched to clocksource kvm-clock
[    3.975019] VFS: Disk quotas dquot_6.6.0
[    3.975925] VFS: Dquot-cache hash table entries: 512 (order 0, 4096 bytes)
[    3.982210] pnp: PnP ACPI init
[    3.986538] pnp: PnP ACPI: found 6 devices
[    4.007809] clocksource: acpi_pm: mask: 0xffffff max_cycles: 0xffffff, max_idle_ns: 2085701024 ns
[    4.009184] NET: Registered PF_INET protocol family
[    4.010029] IP idents hash table entries: 32768 (order: 6, 262144 bytes, linear)
[    4.012575] tcp_listen_portaddr_hash hash table entries: 1024 (order: 5, 73728 bytes, linear)
[    4.013424] Table-perturb hash table entries: 65536 (order: 6, 262144 bytes, linear)
[    4.014140] TCP established hash table entries: 16384 (order: 5, 131072 bytes, linear)
[    4.015469] TCP bind hash table entries: 16384 (order: 10, 2359296 bytes, linear)
[    4.018846] TCP: Hash tables configured (established 16384 bind 16384)
[    4.019657] UDP hash table entries: 1024 (order: 6, 262144 bytes, linear)
[    4.020421] UDP-Lite hash table entries: 1024 (order: 6, 262144 bytes, linear)
[    4.021656] NET: Registered PF_UNIX/PF_LOCAL protocol family
[    4.023557] RPC: Registered named UNIX socket transport module.
[    4.024078] RPC: Registered udp transport module.
[    4.024466] RPC: Registered tcp transport module.
[    4.024880] RPC: Registered tcp-with-tls transport module.
[    4.025317] RPC: Registered tcp NFSv4.1 backchannel transport module.
[    4.025893] pci_bus 0000:00: resource 4 [io  0x0000-0x0cf7 window]
[    4.026408] pci_bus 0000:00: resource 5 [io  0x0d00-0xffff window]
[    4.026919] pci_bus 0000:00: resource 6 [mem 0x000a0000-0x000bffff window]
[    4.027483] pci_bus 0000:00: resource 7 [mem 0x80000000-0xfebfffff window]
[    4.028056] pci_bus 0000:00: resource 8 [mem 0x100000000-0x17fffffff window]
[    4.029021] pci 0000:00:01.0: PIIX3: Enabling Passive Release
[    4.029516] pci 0000:00:00.0: Limiting direct PCI/PCI transfers
[    4.030095] PCI: CLS 0 bytes, default 64
[    4.030615] ACPI: bus type thunderbolt registered
[    4.031521] clocksource: tsc: mask: 0xffffffffffffffff max_cycles: 0x12441513526, max_idle_ns: 440795239872 ns
[    4.039532] Initialise system trusted keyrings
[    4.040088] Key type blacklist registered
[    4.040968] workingset: timestamp_bits=36 max_order=19 bucket_order=0
[    4.043836] squashfs: version 4.0 (2009/01/31) Phillip Lougher
[    4.047263] NFS: Registering the id_resolver key type
[    4.047737] Key type id_resolver registered
[    4.048084] Key type id_legacy registered
[    4.048479] nfs4filelayout_init: NFSv4 File Layout Driver Registering...
[    4.049120] nfs4flexfilelayout_init: NFSv4 Flexfile Layout Driver Registering...
[    4.050341] fuse: init (API version 7.45)
[    4.051677] SGI XFS with ACLs, security attributes, realtime, quota, no debug enabled
[    4.055729] 9p: Installing v9fs 9p2000 file system support
[    4.068042] Key type asymmetric registered
[    4.068438] Asymmetric key parser 'x509' registered
[    4.069128] Block layer SCSI generic (bsg) driver version 0.4 loaded (major 241)
[    4.070652] io scheduler mq-deadline registered
[    4.071734] io scheduler bfq registered
[    4.073927] ledtrig-cpu: registered to indicate activity on CPUs
[    4.078380] IPMI message handler: version 39.2
[    4.079397] ipmi device interface
[    4.082789] input: Power Button as /devices/LNXSYSTM:00/LNXPWRBN:00/input/input0
[    4.084383] ACPI: button: Power Button [PWRF]
[    4.087932] ERST DBG: ERST support is disabled.
[    4.092102] Serial: 8250/16550 driver, 32 ports, IRQ sharing enabled
[    4.095652] 00:04: ttyS0 at I/O 0x3f8 (irq = 4, base_baud = 115200) is a 16550A
[    4.108850] Callback from call_rcu_tasks() invoked.
[    4.143445] Linux agpgart interface v0.103
[    4.147612] ACPI: bus type drm_connector registered
[    4.178924] brd: module loaded
[    4.198887] loop: module loaded
[    4.214654] scsi host0: ata_piix
[    4.216781] scsi host1: ata_piix
[    4.217593] ata1: PATA max MWDMA2 cmd 0x1f0 ctl 0x3f6 bmdma 0xc040 irq 14 lpm-pol 0
[    4.218211] ata2: PATA max MWDMA2 cmd 0x170 ctl 0x376 bmdma 0xc048 irq 15 lpm-pol 0
[    4.222157] tun: Universal TUN/TAP device driver, 1.6
[    4.223253] e100: Intel(R) PRO/100 Network Driver
[    4.223652] e100: Copyright(c) 1999-2006 Intel Corporation
[    4.224254] e1000: Intel(R) PRO/1000 Network Driver
[    4.224650] e1000: Copyright (c) 1999-2006 Intel Corporation.
[    4.377187] ata2: found unknown device (class 0)
[    4.378636] ata1: found unknown device (class 0)
[    4.380894] ata1.00: ATA-7: QEMU HARDDISK, 2.5+, max UDMA/100
[    4.381929] ata1.00: 17196647 sectors, multi 16: LBA48 
[    4.383148] ata2.00: ATAPI: QEMU DVD-ROM, 2.5+, max UDMA/100
[    4.386929] scsi 0:0:0:0: Direct-Access     ATA      QEMU HARDDISK    2.5+ PQ: 0 ANSI: 5
[    4.390885] sd 0:0:0:0: [sda] 17196647 512-byte logical blocks: (8.80 GB/8.20 GiB)
[    4.391623] sd 0:0:0:0: Attached scsi generic sg0 type 0
[    4.392401] sd 0:0:0:0: [sda] Write Protect is off
[    4.393457] sd 0:0:0:0: [sda] Write cache: enabled, read cache: enabled, doesn't support DPO or FUA
[    4.394253] scsi 1:0:0:0: CD-ROM            QEMU     QEMU DVD-ROM     2.5+ PQ: 0 ANSI: 5
[    4.395211] sd 0:0:0:0: [sda] Preferred minimum I/O size 512 bytes
[    4.410936] scsi 1:0:0:0: Attached scsi generic sg1 type 5
[    4.421299] sd 0:0:0:0: [sda] Attached SCSI disk
[    4.910052] ACPI: \_SB_.LNKC: Enabled at IRQ 11
[    5.220621] e1000 0000:00:03.0 eth0: (PCI:33MHz:32-bit) 52:54:00:12:34:56
[    5.221287] e1000 0000:00:03.0 eth0: Intel(R) PRO/1000 Network Connection
[    5.222022] e1000e: Intel(R) PRO/1000 Network Driver
[    5.222419] e1000e: Copyright(c) 1999 - 2015 Intel Corporation.
[    5.223041] igb: Intel(R) Gigabit Ethernet Network Driver
[    5.223466] igb: Copyright (c) 2007-2014 Intel Corporation.
[    5.224307] PPP generic driver version 2.4.2
[    5.226555] VFIO - User Level meta-driver version: 0.3
[    5.228838] usbcore: registered new interface driver uas
[    5.229401] usbcore: registered new interface driver usb-storage
[    5.230191] i8042: PNP: PS/2 Controller [PNP0303:KBD,PNP0f13:MOU] at 0x60,0x64 irq 1,12
[    5.231777] serio: i8042 KBD port at 0x60,0x64 irq 1
[    5.232273] serio: i8042 AUX port at 0x60,0x64 irq 12
[    5.234263] mousedev: PS/2 mouse device common for all mice
[    5.236326] rtc_cmos 00:05: RTC can wake from S4
[    5.237924] input: AT Translated Set 2 keyboard as /devices/platform/i8042/serio0/input/input1
[    5.240230] input: VirtualPS/2 VMware VMMouse as /devices/platform/i8042/serio1/input/input4
[    5.241399] rtc_cmos 00:05: registered as rtc0
[    5.241847] rtc_cmos 00:05: setting system clock to 2025-12-04T06:18:10 UTC (1764829090)
[    5.242827] rtc_cmos 00:05: alarms up to one day, y3k, 242 bytes nvram, hpet irqs
[    5.243478] i2c_dev: i2c /dev entries driver
[    5.245419] device-mapper: core: CONFIG_IMA_DISABLE_HTABLE is disabled. Duplicate IMA measurements will not be recorded in the IMA log.
[    5.246090] input: VirtualPS/2 VMware VMMouse as /devices/platform/i8042/serio1/input/input3
[    5.247720] device-mapper: uevent: version 1.0.3
[    5.249997] device-mapper: ioctl: 4.50.0-ioctl (2025-04-28) initialised: dm-devel@lists.linux.dev
[    5.251689] intel_pstate: CPU model not supported
[    5.253129] sdhci: Secure Digital Host Controller Interface driver
[    5.254228] sdhci: Copyright(c) Pierre Ossman
[    5.254850] sdhci-pltfm: SDHCI platform and OF driver helper
[    5.255956] drop_monitor: Initializing network drop monitor service
[    5.256959] NET: Registered PF_INET6 protocol family
[    5.260143] Segment Routing with IPv6
[    5.260555] In-situ OAM (IOAM) with IPv6
[    5.260975] NET: Registered PF_PACKET protocol family
[    5.262044] 9pnet: Installing 9P2000 support
[    5.263046] Key type dns_resolver registered
[    5.267182] IPI shorthand broadcast: enabled
[    5.333174] sched_clock: Marking stable (5316006827, 16696620)->(5358673062, -25969615)
[    5.335146] registered taskstats version 1
[    5.335951] Loading compiled-in X.509 certificates
[    5.411494] Demotion targets for Node 0: null
[    5.413859] Key type .fscrypt registered
[    5.414253] Key type fscrypt-provisioning registered
[    5.418583] Key type encrypted registered
[    5.419081] ima: No TPM chip found, activating TPM-bypass!
[    5.419561] ima: Allocated hash algorithm: sha1
[    5.420048] ima: No architecture policies found
[    5.420613] evm: Initialising EVM extended attributes:
[    5.421061] evm: security.selinux
[    5.421343] evm: security.SMACK64
[    5.421626] evm: security.SMACK64EXEC
[    5.421933] evm: security.SMACK64TRANSMUTE
[    5.422275] evm: security.SMACK64MMAP
[    5.422582] evm: security.apparmor
[    5.422877] evm: security.ima
[    5.423132] evm: security.capability
[    5.423432] evm: HMAC attrs: 0x1
[    5.426505] PM:   Magic number: 5:243:316
[    5.426986] tty tty41: hash matches
[    5.428469] RAS: Correctable Errors collector initialized.
[    5.429855] clk: Disabling unused clocks
[    5.430210] PM: genpd: Disabling unused power domains
[    5.431444] check access for rdinit=/init failed: -2, ignoring
[    5.431769] md: Waiting for all devices to be available before autodetect
[    5.432123] md: If you don't use raid, use raid=noautodetect
[    5.432427] md: Autodetecting RAID arrays.
[    5.432669] md: autorun ...
[    5.432873] md: ... autorun DONE.
[    5.445786] EXT4-fs (sda): mounted filesystem 088740a9-c8b4-422c-999d-a804eb68a4da ro with ordered data mode. Quota mode: none.
[    5.446592] VFS: Mounted root (ext4 filesystem) readonly on device 8:0.
[    5.450269] devtmpfs: mounted
[    5.471553] Freeing unused decrypted memory: 2036K
[    5.486838] Freeing unused kernel image (initmem) memory: 16348K
[    5.487458] Write protecting the kernel read-only data: 102400k
[    5.491238] Freeing unused kernel image (text/rodata gap) memory: 1228K
[    5.493983] Freeing unused kernel image (rodata/data gap) memory: 1708K
[    5.562683] x86/mm: Checked W+X mappings: passed, no W+X pages found.
[    5.563095] Run /sbin/init as init process
[    5.794466] systemd[1]: systemd 252-15.el9 running in system mode (+PAM +AUDIT +SELINUX -APPARMOR +IMA +SMACK +SECCOMP +GCRYPT +GNUTLS +OPENSSL +ACL +BLKID +CURL +ELFUTILS -FIDO2 +IDN2 -IDN -IPTC +KMOD +LIBCRYPTSETUP +LIBFDISK +PCRE2 -PWQUALITY +P11KIT -QRENCODE +TPM2 +BZIP2 +LZ4 +XZ +ZLIB +ZSTD -BPF_FRAMEWORK +XKBCOMMON +UTMP +SYSVINIT default-hierarchy=unified)
[    5.796118] systemd[1]: Detected virtualization kvm.
[    5.796398] systemd[1]: Detected architecture x86-64.

Welcome to [0;31mCentOS Stream 9[0m!

[    5.804511] systemd[1]: Hostname set to <test>.
[    5.965902] systemd-rc-local-generator[122]: /etc/rc.d/rc.local is not marked executable, skipping.
[    6.503664] systemd[1]: Queued start job for default target Multi-User System.
[    6.523928] systemd[1]: Created slice Virtual Machine and Container Slice.
[[0;32m  OK  [0m] Created slice [0;1;39mVirtual Machine and Container Slice[0m.
[    6.528779] systemd[1]: Created slice Slice /system/getty.
[[0;32m  OK  [0m] Created slice [0;1;39mSlice /system/getty[0m.
[    6.531392] systemd[1]: Created slice Slice /system/modprobe.
[[0;32m  OK  [0m] Created slice [0;1;39mSlice /system/modprobe[0m.
[    6.534220] systemd[1]: Created slice Slice /system/serial-getty.
[[0;32m  OK  [0m] Created slice [0;1;39mSlice /system/serial-getty[0m.
[    6.536967] systemd[1]: Created slice Slice /system/sshd-keygen.
[[0;32m  OK  [0m] Created slice [0;1;39mSlice /system/sshd-keygen[0m.
[    6.539359] systemd[1]: Created slice User and Session Slice.
[[0;32m  OK  [0m] Created slice [0;1;39mUser and Session Slice[0m.
[    6.540580] systemd[1]: Started Forward Password Requests to Wall Directory Watch.
[[0;32m  OK  [0m] Started [0;1;39mForward Password R…uests to Wall Directory Watch[0m.
[    6.542667] systemd[1]: Set up automount Arbitrary Executable File Formats File System Automount Point.
[[0;32m  OK  [0m] Set up automount [0;1;39mArbitrary…s File System Automount Point[0m.
[    6.543942] systemd[1]: Reached target Local Integrity Protected Volumes.
[[0;32m  OK  [0m] Reached target [0;1;39mLocal Integrity Protected Volumes[0m.
[    6.545104] systemd[1]: Reached target Slice Units.
[[0;32m  OK  [0m] Reached target [0;1;39mSlice Units[0m.
[    6.545885] systemd[1]: Reached target Swaps.
[[0;32m  OK  [0m] Reached target [0;1;39mSwaps[0m.
[    6.546597] systemd[1]: Reached target Local Verity Protected Volumes.
[[0;32m  OK  [0m] Reached target [0;1;39mLocal Verity Protected Volumes[0m.
[    6.547857] systemd[1]: Listening on Device-mapper event daemon FIFOs.
[[0;32m  OK  [0m] Listening on [0;1;39mDevice-mapper event daemon FIFOs[0m.
[    6.549479] systemd[1]: Listening on LVM2 poll daemon socket.
[[0;32m  OK  [0m] Listening on [0;1;39mLVM2 poll daemon socket[0m.
[    6.550520] systemd[1]: multipathd control socket was skipped because of an unmet condition check (ConditionPathExists=/etc/multipath.conf).
[    6.583247] systemd[1]: Listening on RPCbind Server Activation Socket.
[[0;32m  OK  [0m] Listening on [0;1;39mRPCbind Server Activation Socket[0m.
[    6.584470] systemd[1]: Reached target RPC Port Mapper.
[[0;32m  OK  [0m] Reached target [0;1;39mRPC Port Mapper[0m.
[    6.588142] systemd[1]: Listening on Process Core Dump Socket.
[[0;32m  OK  [0m] Listening on [0;1;39mProcess Core Dump Socket[0m.
[    6.589499] systemd[1]: Listening on initctl Compatibility Named Pipe.
[[0;32m  OK  [0m] Listening on [0;1;39minitctl Compatibility Named Pipe[0m.
[    6.590988] systemd[1]: Listening on Journal Socket (/dev/log).
[[0;32m  OK  [0m] Listening on [0;1;39mJournal Socket (/dev/log)[0m.
[    6.592454] systemd[1]: Listening on Journal Socket.
[[0;32m  OK  [0m] Listening on [0;1;39mJournal Socket[0m.
[    6.593917] systemd[1]: Listening on udev Control Socket.
[[0;32m  OK  [0m] Listening on [0;1;39mudev Control Socket[0m.
[    6.595097] systemd[1]: Listening on udev Kernel Socket.
[[0;32m  OK  [0m] Listening on [0;1;39mudev Kernel Socket[0m.
[    6.601098] systemd[1]: Mounting Huge Pages File System...
         Mounting [0;1;39mHuge Pages File System[0m...
[    6.608871] systemd[1]: Mounting POSIX Message Queue File System...
         Mounting [0;1;39mPOSIX Message Queue File System[0m...
[    6.616878] systemd[1]: Mounting Kernel Debug File System...
         Mounting [0;1;39mKernel Debug File System[0m...
[    6.626522] systemd[1]: Mounting Kernel Trace File System...
         Mounting [0;1;39mKernel Trace File System[0m...
[    6.631884] systemd[1]: Kernel Module supporting RPCSEC_GSS was skipped because of an unmet condition check (ConditionPathExists=/etc/krb5.keytab).
[    6.633577] systemd[1]: Create List of Static Device Nodes was skipped because of an unmet condition check (ConditionFileNotEmpty=/lib/modules/6.18.0-d03ad12f9225+/modules.devname).
[    6.638981] systemd[1]: Starting Monitoring of LVM2 mirrors, snapshots etc. using dmeventd or progress polling...
         Starting [0;1;39mMonitoring of LVM…meventd or progress polling[0m...
[    6.646073] systemd[1]: Starting Load Kernel Module configfs...
         Starting [0;1;39mLoad Kernel Module configfs[0m...
[    6.653711] systemd[1]: Starting Load Kernel Module drm...
         Starting [0;1;39mLoad Kernel Module drm[0m...
[    6.665592] systemd[1]: Starting Load Kernel Module fuse...
         Starting [0;1;39mLoad Kernel Module fuse[0m...
[    6.676169] systemd[1]: Starting Read and set NIS domainname from /etc/sysconfig/network...
         Starting [0;1;39mRead and set NIS …from /etc/sysconfig/network[0m...
[    6.709131] systemd[1]: Starting Journal Service...
         Starting [0;1;39mJournal Service[0m...
[    6.725034] systemd[1]: Starting Load Kernel Modules...
         Starting [0;1;39mLoad Kernel Modules[0m...
[    6.737050] systemd[1]: Starting Generate network units from Kernel command line...
         Starting [0;1;39mGenerate network …ts from Kernel command line[0m...
[    6.766776] systemd[1]: Starting Remount Root and Kernel File Systems...
         Starting [0;1;39mRemount Root and Kernel File Systems[0m...
[    6.769825] systemd[1]: Repartition Root Disk was skipped because no trigger condition checks were met.
[    6.789787] systemd[1]: Starting Coldplug All udev Devices...
         Starting [0;1;39mColdplug All udev Devices[0m...
[    6.809667] systemd[1]: Mounted Huge Pages File System.
[[0;32m  OK  [0m] Mounted [0;1;39mHuge Pages File System[0m.
[    6.811290] systemd[1]: Mounted POSIX Message Queue File System.
[[0;32m  OK  [0m] Mounted [0;1;39mPOSIX Message Queue File System[0m.
[    6.813789] systemd[1]: Mounted Kernel Debug File System.
[[0;32m  OK  [0m] Mounted [0;1;39mKernel Debug File System[0m.
[    6.817217] systemd[1]: Mounted Kernel Trace File System.
[[0;32m  OK  [0m] Mounted [0;1;39mKernel Trace File System[0m.
[    6.824819] systemd[1]: Finished Monitoring of LVM2 mirrors, snapshots etc. using dmeventd or progress polling.
[[0;32m  OK  [0m] Finished [0;1;39mMonitoring of LVM… dmeventd or progress polling[0m.
[    6.828008] systemd[1]: modprobe@configfs.service: Deactivated successfully.
[    6.830098] systemd[1]: Finished Load Kernel Module configfs.
[[0;32m  OK  [0m] Finished [0;1;39mLoad Kernel Module configfs[0m.
[    6.839180] systemd[1]: modprobe@drm.service: Deactivated successfully.
[    6.846164] systemd[1]: Finished Load Kernel Module drm.
[[0;32m  OK  [0m] Finished [0;1;39mLoad Kernel Module drm[0m.
[    6.852065] systemd[1]: modprobe@fuse.service: Deactivated successfully.
[    6.860912] systemd[1]: Finished Load Kernel Module fuse.
[[0;32m  OK  [0m] Finished [0;1;39mLoad Kernel Module fuse[0m.
[    6.863384] systemd[1]: Finished Read and set NIS domainname from /etc/sysconfig/network.
[[0;32m  OK  [0m] Finished [0;1;39mRead and set NIS …e from /etc/sysconfig/network[0m.
[    6.869410] EXT4-fs (sda): re-mounted 088740a9-c8b4-422c-999d-a804eb68a4da r/w.
[    6.872458] systemd[1]: systemd-modules-load.service: Main process exited, code=exited, status=1/FAILURE
[    6.877761] systemd[1]: systemd-modules-load.service: Failed with result 'exit-code'.
[    6.879416] systemd[1]: Failed to start Load Kernel Modules.
[[0;1;31mFAILED[0m] Failed to start [0;1;39mLoad Kernel Modules[0m.
See 'systemctl status systemd-modules-load.service' for details.
[    6.886549] systemd[1]: Finished Generate network units from Kernel command line.
[[0;32m  OK  [0m] Finished [0;1;39mGenerate network units from Kernel command line[0m.
[    6.892866] systemd[1]: Finished Remount Root and Kernel File Systems.
[[0;32m  OK  [0m] Finished [0;1;39mRemount Root and Kernel File Systems[0m.
[    6.894995] systemd[1]: Reached target Preparation for Network.
[[0;32m  OK  [0m] Reached target [0;1;39mPreparation for Network[0m.
[    6.913091] systemd[1]: Mounting FUSE Control File System...
         Mounting [0;1;39mFUSE Control File System[0m...
[    6.920856] systemd[1]: Mounting Kernel Configuration File System...
         Mounting [0;1;39mKernel Configuration File System[0m...
[    6.925655] systemd[1]: Special handling of early boot iSCSI sessions was skipped because of an unmet condition check (ConditionDirectoryNotEmpty=/sys/class/iscsi_session).
[    6.926591] systemd[1]: First Boot Wizard was skipped because of an unmet condition check (ConditionFirstBoot=yes).
[    6.933875] systemd[1]: Rebuild Hardware Database was skipped because of an unmet condition check (ConditionNeedsUpdate=/etc).
[    6.973994] systemd[1]: Starting Load/Save Random Seed...
         Starting [0;1;39mLoad/Save Random Seed[0m...
[    6.981939] systemd[1]: Starting Apply Kernel Variables...
         Starting [0;1;39mApply Kernel Variables[0m...
[    6.986815] systemd[1]: Create System Users was skipped because no trigger condition checks were met.
[    6.992831] systemd[1]: Starting Create Static Device Nodes in /dev...
         Starting [0;1;39mCreate Static Device Nodes in /dev[0m...
[    7.029577] systemd[1]: Starting Setup Virtual Console...
         Starting [0;1;39mSetup Virtual Console[0m...
[    7.039943] systemd[1]: Started Journal Service.
[[0;32m  OK  [0m] Started [0;1;39mJournal Service[0m.
[[0;32m  OK  [0m] Mounted [0;1;39mFUSE Control File System[0m.
[[0;32m  OK  [0m] Mounted [0;1;39mKernel Configuration File System[0m.
         Starting [0;1;39mFlush Journal to Persistent Storage[0m...
[[0;32m  OK  [0m] Finished [0;1;39mLoad/Save Random Seed[0m.
[[0;32m  OK  [0m] Finished [0;1;39mApply Kernel Variables[0m.
[    7.165057] systemd-journald[144]: Received client request to flush runtime journal.
[[0;32m  OK  [0m] Finished [0;1;39mCreate Static Device Nodes in /dev[0m.
[[0;32m  OK  [0m] Finished [0;1;39mFlush Journal to Persistent Storage[0m.
         Starting [0;1;39mRule-based Manage…for Device Events and Files[0m...
[[0;32m  OK  [0m] Started [0;1;39mRule-based Manager for Device Events and Files[0m.
         Starting [0;1;39mAuto-connect to s…E devices found during boot[0m...
[[0;32m  OK  [0m] Finished [0;1;39mAuto-connect to s…VME devices found during boot[0m.
[[0;32m  OK  [0m] Finished [0;1;39mColdplug All udev Devices[0m.
         Starting [0;1;39mWait for udev To …plete Device Initialization[0m...
[[0;32m  OK  [0m] Finished [0;1;39mSetup Virtual Console[0m.
[[0;32m  OK  [0m] Started [0;1;39mDispatch Password …ts to Console Directory Watch[0m.
[[0;32m  OK  [0m] Reached target [0;1;39mLocal Encrypted Volumes[0m.
[[0;32m  OK  [0m] Reached target [0;1;39mPath Units[0m.
[[0;32m  OK  [0m] Found device [0;1;39m/dev/ttyS0[0m.
[[0;32m  OK  [0m] Listening on [0;1;39mLoad/Save RF …itch Status /dev/rfkill Watch[0m.
[[0;32m  OK  [0m] Finished [0;1;39mWait for udev To Complete Device Initialization[0m.
[[0;32m  OK  [0m] Reached target [0;1;39mPreparation for Local File Systems[0m.
[[0;32m  OK  [0m] Reached target [0;1;39mLocal File Systems[0m.
         Starting [0;1;39mTell Plymouth To Write Out Runtime Data[0m...
         Starting [0;1;39mAutomatic Boot Loader Update[0m...
         Starting [0;1;39mCreate Volatile Files and Directories[0m...
[[0;32m  OK  [0m] Finished [0;1;39mTell Plymouth To Write Out Runtime Data[0m.
[[0;32m  OK  [0m] Finished [0;1;39mAutomatic Boot Loader Update[0m.
[[0;32m  OK  [0m] Finished [0;1;39mCreate Volatile Files and Directories[0m.
         Mounting [0;1;39mRPC Pipe File System[0m...
         Starting [0;1;39mSecurity Auditing Service[0m...
         Starting [0;1;39mRPC Bind[0m...
[[0;32m  OK  [0m] Mounted [0;1;39mRPC Pipe File System[0m.
[[0;32m  OK  [0m] Reached target [0;1;39mrpc_pipefs.target[0m.
[[0;32m  OK  [0m] Started [0;1;39mRPC Bind[0m.
[[0;32m  OK  [0m] Started [0;1;39mSecurity Auditing Service[0m.
         Starting [0;1;39mRecord System Boot/Shutdown in UTMP[0m...
[[0;32m  OK  [0m] Finished [0;1;39mRecord System Boot/Shutdown in UTMP[0m.
[[0;32m  OK  [0m] Reached target [0;1;39mSystem Initialization[0m.
[[0;32m  OK  [0m] Started [0;1;39mDaily rotation of log files[0m.
[[0;32m  OK  [0m] Started [0;1;39mUpdates mlocate database every day[0m.
[[0;32m  OK  [0m] Started [0;1;39mDaily Cleanup of Temporary Directories[0m.
[[0;32m  OK  [0m] Started [0;1;39mdaily update of the root trust anchor for DNSSEC[0m.
[[0;32m  OK  [0m] Reached target [0;1;39mTimer Units[0m.
[[0;32m  OK  [0m] Listening on [0;1;39mD-Bus System Message Bus Socket[0m.
[[0;32m  OK  [0m] Listening on [0;1;39mOpen-iSCSI iscsid Socket[0m.
[[0;32m  OK  [0m] Listening on [0;1;39mOpen-iSCSI iscsiuio Socket[0m.
[[0;32m  OK  [0m] Listening on [0;1;39mSSSD Kerberos…ache Manager responder socket[0m.
[[0;32m  OK  [0m] Listening on [0;1;39mLibvirt interface local socket[0m.
[[0;32m  OK  [0m] Listening on [0;1;39mVirtual machine lock manager socket[0m.
[[0;32m  OK  [0m] Listening on [0;1;39mVirtual machine log manager socket[0m.
[[0;32m  OK  [0m] Listening on [0;1;39mLibvirt network local socket[0m.
[[0;32m  OK  [0m] Listening on [0;1;39mLibvirt nodedev local socket[0m.
[[0;32m  OK  [0m] Listening on [0;1;39mLibvirt nwfilter local socket[0m.
[[0;32m  OK  [0m] Listening on [0;1;39mLibvirt proxy local socket[0m.
[[0;32m  OK  [0m] Listening on [0;1;39mLibvirt qemu local socket[0m.
[[0;32m  OK  [0m] Listening on [0;1;39mLibvirt qemu admin socket[0m.
[[0;32m  OK  [0m] Listening on [0;1;39mLibvirt qemu local read-only socket[0m.
[[0;32m  OK  [0m] Listening on [0;1;39mLibvirt secret local socket[0m.
[[0;32m  OK  [0m] Listening on [0;1;39mLibvirt storage local socket[0m.
[[0;32m  OK  [0m] Reached target [0;1;39mSocket Units[0m.
         Starting [0;1;39mD-Bus System Message Bus[0m...
[[0;32m  OK  [0m] Started [0;1;39mD-Bus System Message Bus[0m.
[[0;32m  OK  [0m] Reached target [0;1;39mBasic System[0m.
         Starting [0;1;39mNetwork Manager[0m...
         Starting [0;1;39mNTP client/server[0m...
         Starting [0;1;39mRestore /run/initramfs on shutdown[0m...
[[0;32m  OK  [0m] Started [0;1;39mirqbalance daemon[0m.
[[0;32m  OK  [0m] Started [0;1;39mlibstoragemgmt plug-in server daemon[0m.
[[0;32m  OK  [0m] Started [0;1;39mMachine Check Exception Logging Daemon[0m.
[[0;32m  OK  [0m] Reached target [0;1;39msshd-keygen.target[0m.
[[0;32m  OK  [0m] Reached target [0;1;39mUser and Group Name Lookups[0m.
         Starting [0;1;39mUser Login Management[0m...
         Starting [0;1;39mVirtual Machine a…tainer Registration Service[0m...
         Starting [0;1;39mupdate of the roo…NSSEC validation in unbound[0m...
         Starting [0;1;39mRotate log files[0m...
[[0;32m  OK  [0m] Started [0;1;39mUpdate a database for mlocate[0m.
[[0;32m  OK  [0m] Started [0;1;39mNTP client/server[0m.
[[0;32m  OK  [0m] Finished [0;1;39mRestore /run/initramfs on shutdown[0m.
[[0;32m  OK  [0m] Started [0;1;39mVirtual Machine an…ontainer Registration Service[0m.
         Starting [0;1;39mHostname Service[0m...
[[0;32m  OK  [0m] Finished [0;1;39mupdate of the roo… DNSSEC validation in unbound[0m.
[[0;32m  OK  [0m] Started [0;1;39mUser Login Management[0m.
[[0;32m  OK  [0m] Started [0;1;39mHostname Service[0m.
[[0;32m  OK  [0m] Finished [0;1;39mRotate log files[0m.
         Starting [0;1;39mNetwork Manager Script Dispatcher Service[0m...
[[0;32m  OK  [0m] Started [0;1;39mNetwork Manager Script Dispatcher Service[0m.
[   10.761317] e1000: eth0 NIC Link is Up 1000 Mbps Full Duplex, Flow Control: RX
[[0;32m  OK  [0m] Started [0;1;39mNetwork Manager[0m.
[[0;32m  OK  [0m] Reached target [0;1;39mNetwork[0m.
[[0;32m  OK  [0m] Reached target [0;1;39mNetwork is Online[0m.
         Starting [0;1;39mGSSAPI Proxy Daemon[0m...
         Starting [0;1;39mNotify NFS peers of a restart[0m...
         Starting [0;1;39mSystem Logging Service[0m...
         Starting [0;1;39mOpenSSH server daemon[0m...
         Starting [0;1;39mDynamic System Tuning Daemon[0m...
[[0;32m  OK  [0m] Started [0;1;39mNotify NFS peers of a restart[0m.
[[0;32m  OK  [0m] Started [0;1;39mGSSAPI Proxy Daemon[0m.
[[0;32m  OK  [0m] Reached target [0;1;39mNFS client services[0m.
[[0;32m  OK  [0m] Reached target [0;1;39mPreparation for Remote File Systems[0m.
[[0;32m  OK  [0m] Reached target [0;1;39mRemote File Systems[0m.
         Starting [0;1;39mPermit User Sessions[0m...
         Starting [0;1;39mVirtualization qemu daemon[0m...
[[0;32m  OK  [0m] Started [0;1;39mOpenSSH server daemon[0m.
[[0;32m  OK  [0m] Started [0;1;39mSystem Logging Service[0m.
[[0;32m  OK  [0m] Finished [0;1;39mPermit User Sessions[0m.
[[0;32m  OK  [0m] Started [0;1;39mDeferred execution scheduler[0m.
[[0;32m  OK  [0m] Started [0;1;39mCommand Scheduler[0m.
         Starting [0;1;39mHold until boot process finishes up[0m...
         Starting [0;1;39mTerminate Plymouth Boot Screen[0m...
[[0;32m  OK  [0m] Started [0;1;39mVirtualization qemu daemon[0m.
[[0;32m  OK  [0m] Finished [0;1;39mHold until boot process finishes up[0m.
[[0;32m  OK  [0m] Finished [0;1;39mTerminate Plymouth Boot Screen[0m.
[[0;32m  OK  [0m] Started [0;1;39mGetty on tty1[0m.
[[0;32m  OK  [0m] Started [0;1;39mSerial Getty on ttyS0[0m.
[[0;32m  OK  [0m] Reached target [0;1;39mLogin Prompts[0m.
         Starting [0;1;39mAuthorization Manager[0m...
[[0;32m  OK  [0m] Started [0;1;39mAuthorization Manager[0m.
[[0;32m  OK  [0m] Started [0;1;39mDynamic System Tuning Daemon[0m.
[[0;32m  OK  [0m] Reached target [0;1;39mMulti-User System[0m.
         Starting [0;1;39mRecord Runlevel Change in UTMP[0m...
[[0;32m  OK  [0m] Finished [0;1;39mRecord Runlevel Change in UTMP[0m.

CentOS Stream 9
Kernel 6.18.0-d03ad12f9225+ on an x86_64

Activate the web console with: systemctl enable --now cockpit.socket

test login: [   19.476058] iommufd_mock iommufd_mock0: Adding to iommu group 0
[   19.486379] iommufd_mock iommufd_mock0: Adding to iommu group 0
[   19.497178] iommufd_mock iommufd_mock0: Adding to iommu group 0
[   19.507569] iommufd_mock iommufd_mock0: Adding to iommu group 0
[   19.518496] iommufd_mock iommufd_mock0: Adding to iommu group 0
[   19.529129] iommufd_mock iommufd_mock0: Adding to iommu group 0
[   19.539961] iommufd_mock iommufd_mock0: Adding to iommu group 0
[   19.550520] iommufd_mock iommufd_mock0: Adding to iommu group 0
[   19.561889] iommufd_mock iommufd_mock0: Adding to iommu group 0
[   19.571945] iommufd_mock iommufd_mock0: Adding to iommu group 0
[   19.582745] iommufd_mock iommufd_mock0: Adding to iommu group 0
[   19.593835] iommufd_mock iommufd_mock0: Adding to iommu group 0
[   19.604111] iommufd_mock iommufd_mock0: Adding to iommu group 0
[   19.614717] iommufd_mock iommufd_mock0: Adding to iommu group 0
[   19.625587] iommufd_mock iommufd_mock0: Adding to iommu group 0
[   19.636055] iommufd_mock iommufd_mock0: Adding to iommu group 0
[   19.646820] iommufd_mock iommufd_mock0: Adding to iommu group 0
[   19.657634] iommufd_mock iommufd_mock0: Adding to iommu group 0
[   19.668690] iommufd_mock iommufd_mock0: Adding to iommu group 0
[   19.679371] iommufd_mock iommufd_mock0: Adding to iommu group 0
[   19.689844] iommufd_mock iommufd_mock0: Adding to iommu group 0
[   19.700910] iommufd_mock iommufd_mock0: Adding to iommu group 0
[   19.711585] iommufd_mock iommufd_mock0: Adding to iommu group 0
[   19.722207] iommufd_mock iommufd_mock0: Adding to iommu group 0
[   19.733110] iommufd_mock iommufd_mock0: Adding to iommu group 0
[   19.743902] iommufd_mock iommufd_mock0: Adding to iommu group 0
[   19.754698] iommufd_mock iommufd_mock0: Adding to iommu group 0
[   19.765950] iommufd_mock iommufd_mock0: Adding to iommu group 0
[   19.776476] iommufd_mock iommufd_mock0: Adding to iommu group 0
[   19.787350] iommufd_mock iommufd_mock0: Adding to iommu group 0
[   19.798233] iommufd_mock iommufd_mock0: Adding to iommu group 0
[   19.809138] iommufd_mock iommufd_mock0: Adding to iommu group 0
[   19.819902] iommufd_mock iommufd_mock0: Adding to iommu group 0
[   19.830575] iommufd_mock iommufd_mock0: Adding to iommu group 0
[   19.841443] iommufd_mock iommufd_mock0: Adding to iommu group 0
[   19.852034] iommufd_mock iommufd_mock0: Adding to iommu group 0
[   19.863167] iommufd_mock iommufd_mock0: Adding to iommu group 0
[   19.873643] iommufd_mock iommufd_mock0: Adding to iommu group 0
[   19.884318] iommufd_mock iommufd_mock0: Adding to iommu group 0
[   19.894897] iommufd_mock iommufd_mock0: Adding to iommu group 0
[   19.905856] iommufd_mock iommufd_mock0: Adding to iommu group 0
[   19.917020] iommufd_mock iommufd_mock0: Adding to iommu group 0
[   19.927394] iommufd_mock iommufd_mock0: Adding to iommu group 0
[   19.937985] iommufd_mock iommufd_mock0: Adding to iommu group 0
[   19.949016] iommufd_mock iommufd_mock0: Adding to iommu group 0
[   19.959572] iommufd_mock iommufd_mock0: Adding to iommu group 0
[   19.970495] iommufd_mock iommufd_mock0: Adding to iommu group 0
[   19.980985] iommufd_mock iommufd_mock0: Adding to iommu group 0
[   19.991805] iommufd_mock iommufd_mock0: Adding to iommu group 0
[   20.002532] iommufd_mock iommufd_mock0: Adding to iommu group 0
[   20.013765] iommufd_mock iommufd_mock0: Adding to iommu group 0
[   20.025237] iommufd_mock iommufd_mock0: Adding to iommu group 0
[   20.035208] iommufd_mock iommufd_mock0: Adding to iommu group 0
[   20.046131] iommufd_mock iommufd_mock0: Adding to iommu group 0
[   20.057146] iommufd_mock iommufd_mock0: Adding to iommu group 0
[   20.067655] iommufd_mock iommufd_mock0: Adding to iommu group 0
[   20.077868] iommufd_mock iommufd_mock0: Adding to iommu group 0
[   20.088990] iommufd_mock iommufd_mock0: Adding to iommu group 0
[   20.099294] iommufd_mock iommufd_mock0: Adding to iommu group 0
[   20.110206] iommufd_mock iommufd_mock0: Adding to iommu group 0
[   20.121274] iommufd_mock iommufd_mock0: Adding to iommu group 0
[   20.132140] iommufd_mock iommufd_mock0: Adding to iommu group 0
[   20.142949] iommufd_mock iommufd_mock0: Adding to iommu group 0
[   20.153546] iommufd_mock iommufd_mock0: Adding to iommu group 0
[   20.164200] iommufd_mock iommufd_mock0: Adding to iommu group 0
[   20.174957] iommufd_mock iommufd_mock0: Adding to iommu group 0
[   20.185734] iommufd_mock iommufd_mock0: Adding to iommu group 0
[   20.196794] iommufd_mock iommufd_mock0: Adding to iommu group 0
[   20.207271] iommufd_mock iommufd_mock0: Adding to iommu group 0
[   20.218096] iommufd_mock iommufd_mock0: Adding to iommu group 0
[   20.228650] iommufd_mock iommufd_mock0: Adding to iommu group 0
[   20.239166] iommufd_mock iommufd_mock0: Adding to iommu group 0
[   20.250963] iommufd_mock iommufd_mock0: Adding to iommu group 0
[   20.261951] iommufd_mock iommufd_mock0: Adding to iommu group 0
[   20.272634] iommufd_mock iommufd_mock0: Adding to iommu group 0
[   20.283426] iommufd_mock iommufd_mock0: Adding to iommu group 0
[   20.294099] iommufd_mock iommufd_mock0: Adding to iommu group 0
[   20.304587] iommufd_mock iommufd_mock0: Adding to iommu group 0
[   20.315391] iommufd_mock iommufd_mock0: Adding to iommu group 0
[   20.326094] iommufd_mock iommufd_mock0: Adding to iommu group 0
[   20.337198] iommufd_mock iommufd_mock0: Adding to iommu group 0
[   20.348175] iommufd_mock iommufd_mock0: Adding to iommu group 0
[   20.359293] iommufd_mock iommufd_mock0: Adding to iommu group 0
[   20.370004] iommufd_mock iommufd_mock0: Adding to iommu group 0
[   20.380584] iommufd_mock iommufd_mock0: Adding to iommu group 0
[   20.391527] iommufd_mock iommufd_mock0: Adding to iommu group 0
[   20.402827] iommufd_mock iommufd_mock0: Adding to iommu group 0
[   20.413737] iommufd_mock iommufd_mock0: Adding to iommu group 0
[   20.424822] iommufd_mock iommufd_mock0: Adding to iommu group 0
[   20.435732] iommufd_mock iommufd_mock0: Adding to iommu group 0
[   20.446785] iommufd_mock iommufd_mock0: Adding to iommu group 0
[   20.457751] iommufd_mock iommufd_mock0: Adding to iommu group 0
[   20.468809] iommufd_mock iommufd_mock0: Adding to iommu group 0
[   20.479670] iommufd_mock iommufd_mock0: Adding to iommu group 0
[   20.490866] iommufd_mock iommufd_mock0: Adding to iommu group 0
[   20.501598] iommufd_mock iommufd_mock0: Adding to iommu group 0
[   20.512305] iommufd_mock iommufd_mock0: Adding to iommu group 0
[   20.523270] iommufd_mock iommufd_mock0: Adding to iommu group 0
[   20.534269] iommufd_mock iommufd_mock0: Adding to iommu group 0
[   20.545320] iommufd_mock iommufd_mock0: Adding to iommu group 0
[   20.556124] iommufd_mock iommufd_mock0: Adding to iommu group 0
[   20.566983] iommufd_mock iommufd_mock0: Adding to iommu group 0
[   20.577678] iommufd_mock iommufd_mock0: Adding to iommu group 0
[   20.588332] iommufd_mock iommufd_mock0: Adding to iommu group 0
[   20.599414] iommufd_mock iommufd_mock0: Adding to iommu group 0
[   20.609698] iommufd_mock iommufd_mock0: Adding to iommu group 0
[   20.620815] iommufd_mock iommufd_mock0: Adding to iommu group 0
[   20.631231] iommufd_mock iommufd_mock0: Adding to iommu group 0
[   20.642270] iommufd_mock iommufd_mock0: Adding to iommu group 0
[   20.652876] iommufd_mock iommufd_mock0: Adding to iommu group 0
[   20.663599] iommufd_mock iommufd_mock0: Adding to iommu group 0
[   20.674442] iommufd_mock iommufd_mock0: Adding to iommu group 0
[   20.685249] iommufd_mock iommufd_mock0: Adding to iommu group 0
[   20.697377] iommufd_mock iommufd_mock0: Adding to iommu group 0
[   20.707483] iommufd_mock iommufd_mock0: Adding to iommu group 0
[   20.718367] iommufd_mock iommufd_mock0: Adding to iommu group 0
[   20.729022] iommufd_mock iommufd_mock0: Adding to iommu group 0
[   20.739824] iommufd_mock iommufd_mock0: Adding to iommu group 0
[   20.750665] iommufd_mock iommufd_mock0: Adding to iommu group 0
[   20.761695] iommufd_mock iommufd_mock0: Adding to iommu group 0
[   20.772083] iommufd_mock iommufd_mock0: Adding to iommu group 0
[   20.783416] iommufd_mock iommufd_mock0: Adding to iommu group 0
[   20.794081] iommufd_mock iommufd_mock0: Adding to iommu group 0
[   20.805103] iommufd_mock iommufd_mock0: Adding to iommu group 0
[   20.815188] iommufd_mock iommufd_mock0: Adding to iommu group 0
[   20.825631] iommufd_mock iommufd_mock0: Adding to iommu group 0
[   20.837183] iommufd_mock iommufd_mock0: Adding to iommu group 0
[   20.847964] iommufd_mock iommufd_mock0: Adding to iommu group 0
[   20.859142] iommufd_mock iommufd_mock0: Adding to iommu group 0
[   20.869024] iommufd_mock iommufd_mock0: Adding to iommu group 0
[   20.879627] iommufd_mock iommufd_mock0: Adding to iommu group 0
[   20.890362] iommufd_mock iommufd_mock0: Adding to iommu group 0
[   20.901052] iommufd_mock iommufd_mock0: Adding to iommu group 0
[   20.911800] iommufd_mock iommufd_mock0: Adding to iommu group 0
[   20.922503] iommufd_mock iommufd_mock0: Adding to iommu group 0
[   20.933268] iommufd_mock iommufd_mock0: Adding to iommu group 0
[   20.943722] iommufd_mock iommufd_mock0: Adding to iommu group 0
[   20.954569] iommufd_mock iommufd_mock0: Adding to iommu group 0
[   20.965409] iommufd_mock iommufd_mock0: Adding to iommu group 0
[   20.975972] iommufd_mock iommufd_mock0: Adding to iommu group 0
[   20.986891] iommufd_mock iommufd_mock0: Adding to iommu group 0
[   20.997575] iommufd_mock iommufd_mock0: Adding to iommu group 0
[   21.008357] iommufd_mock iommufd_mock0: Adding to iommu group 0
[   21.019618] iommufd_mock iommufd_mock0: Adding to iommu group 0
[   21.029508] iommufd_mock iommufd_mock0: Adding to iommu group 0
[   21.040476] iommufd_mock iommufd_mock0: Adding to iommu group 0
[   21.051109] iommufd_mock iommufd_mock0: Adding to iommu group 0
[   21.061829] iommufd_mock iommufd_mock0: Adding to iommu group 0
[   21.072357] iommufd_mock iommufd_mock0: Adding to iommu group 0
[   21.083134] iommufd_mock iommufd_mock0: Adding to iommu group 0
[   21.093722] iommufd_mock iommufd_mock0: Adding to iommu group 0
[   21.104629] iommufd_mock iommufd_mock0: Adding to iommu group 0
[   21.115515] iommufd_mock iommufd_mock0: Adding to iommu group 0
[   21.126519] iommufd_mock iommufd_mock0: Adding to iommu group 0
[   21.136905] iommufd_mock iommufd_mock0: Adding to iommu group 0
[   21.147505] iommufd_mock iommufd_mock0: Adding to iommu group 0
[   21.158338] iommufd_mock iommufd_mock0: Adding to iommu group 0
[   21.168958] iommufd_mock iommufd_mock0: Adding to iommu group 0
[   21.179674] iommufd_mock iommufd_mock0: Adding to iommu group 0
[   21.190631] iommufd_mock iommufd_mock0: Adding to iommu group 0
[   21.201524] iommufd_mock iommufd_mock0: Adding to iommu group 0
[   21.211820] iommufd_mock iommufd_mock0: Adding to iommu group 0
[   21.222628] iommufd_mock iommufd_mock0: Adding to iommu group 0
[   21.233500] iommufd_mock iommufd_mock0: Adding to iommu group 0
[   21.243994] iommufd_mock iommufd_mock0: Adding to iommu group 0
[   21.254522] iommufd_mock iommufd_mock0: Adding to iommu group 0
[   21.265467] iommufd_mock iommufd_mock0: Adding to iommu group 0
[   21.276155] iommufd_mock iommufd_mock0: Adding to iommu group 0
[   21.287014] iommufd_mock iommufd_mock0: Adding to iommu group 0
[   21.298702] iommufd_mock iommufd_mock0: Adding to iommu group 0
[   21.308532] iommufd_mock iommufd_mock0: Adding to iommu group 0
[   21.319132] iommufd_mock iommufd_mock0: Adding to iommu group 0
[   21.330445] iommufd_mock iommufd_mock0: Adding to iommu group 0
[   21.341395] iommufd_mock iommufd_mock0: Adding to iommu group 0
[   21.351895] iommufd_mock iommufd_mock0: Adding to iommu group 0
[   21.363347] iommufd_mock iommufd_mock0: Adding to iommu group 0
[   21.374008] iommufd_mock iommufd_mock0: Adding to iommu group 0
[   21.385072] iommufd_mock iommufd_mock0: Adding to iommu group 0
[   21.395421] iommufd_mock iommufd_mock0: Adding to iommu group 0
[   21.406928] iommufd_mock iommufd_mock0: Adding to iommu group 0
[   21.417661] iommufd_mock iommufd_mock0: Adding to iommu group 0
[   21.428410] iommufd_mock iommufd_mock0: Adding to iommu group 0
[   21.439184] iommufd_mock iommufd_mock0: Adding to iommu group 0
[   21.450177] iommufd_mock iommufd_mock0: Adding to iommu group 0
[   21.461171] iommufd_mock iommufd_mock0: Adding to iommu group 0
[   21.471907] iommufd_mock iommufd_mock0: Adding to iommu group 0
[   21.483452] iommufd_mock iommufd_mock0: Adding to iommu group 0
[   21.494125] iommufd_mock iommufd_mock0: Adding to iommu group 0
[   21.504405] iommufd_mock iommufd_mock0: Adding to iommu group 0
[   21.514962] iommufd_mock iommufd_mock0: Adding to iommu group 0
[   21.525641] iommufd_mock iommufd_mock0: Adding to iommu group 0
[   21.536345] iommufd_mock iommufd_mock0: Adding to iommu group 0
[   21.546895] iommufd_mock iommufd_mock0: Adding to iommu group 0
[   21.558168] iommufd_mock iommufd_mock0: Adding to iommu group 0
[   21.568599] iommufd_mock iommufd_mock0: Adding to iommu group 0
[   21.579331] iommufd_mock iommufd_mock0: Adding to iommu group 0
[   21.589950] iommufd_mock iommufd_mock0: Adding to iommu group 0
[   21.600534] iommufd_mock iommufd_mock0: Adding to iommu group 0
[   21.611098] iommufd_mock iommufd_mock0: Adding to iommu group 0
[   21.622135] iommufd_mock iommufd_mock0: Adding to iommu group 0
[   21.632453] iommufd_mock iommufd_mock0: Adding to iommu group 0
[   21.642974] iommufd_mock iommufd_mock0: Adding to iommu group 0
[   21.653791] iommufd_mock iommufd_mock0: Adding to iommu group 0
[   21.664582] iommufd_mock iommufd_mock0: Adding to iommu group 0
[   21.674953] iommufd_mock iommufd_mock0: Adding to iommu group 0
[   21.685722] iommufd_mock iommufd_mock0: Adding to iommu group 0
[   21.696533] iommufd_mock iommufd_mock0: Adding to iommu group 0
[   21.707391] iommufd_mock iommufd_mock0: Adding to iommu group 0
[   21.718149] iommufd_mock iommufd_mock0: Adding to iommu group 0
[   21.728364] iommufd_mock iommufd_mock0: Adding to iommu group 0
[   21.739534] iommufd_mock iommufd_mock0: Adding to iommu group 0
[   21.750208] iommufd_mock iommufd_mock0: Adding to iommu group 0
[   21.761079] iommufd_mock iommufd_mock0: Adding to iommu group 0
[   21.771618] iommufd_mock iommufd_mock0: Adding to iommu group 0
[   21.782327] iommufd_mock iommufd_mock0: Adding to iommu group 0
[   21.793185] iommufd_mock iommufd_mock0: Adding to iommu group 0
[   21.804003] iommufd_mock iommufd_mock0: Adding to iommu group 0
[   21.814938] iommufd_mock iommufd_mock0: Adding to iommu group 0
[   21.826227] iommufd_mock iommufd_mock0: Adding to iommu group 0
[   21.836561] iommufd_mock iommufd_mock0: Adding to iommu group 0
[   21.847370] iommufd_mock iommufd_mock0: Adding to iommu group 0
[   21.857893] iommufd_mock iommufd_mock0: Adding to iommu group 0
[   21.869078] iommufd_mock iommufd_mock0: Adding to iommu group 0
[   21.880038] iommufd_mock iommufd_mock0: Adding to iommu group 0
[   21.890527] iommufd_mock iommufd_mock0: Adding to iommu group 0
[   21.901850] iommufd_mock iommufd_mock0: Adding to iommu group 0
[   21.912563] iommufd_mock iommufd_mock0: Adding to iommu group 0
[   21.923702] iommufd_mock iommufd_mock0: Adding to iommu group 0
[   21.934225] iommufd_mock iommufd_mock0: Adding to iommu group 0
[   21.945575] iommufd_mock iommufd_mock0: Adding to iommu group 0
[   21.955991] iommufd_mock iommufd_mock0: Adding to iommu group 0
[   21.966760] iommufd_mock iommufd_mock0: Adding to iommu group 0
[   21.977563] iommufd_mock iommufd_mock0: Adding to iommu group 0
[   21.988283] iommufd_mock iommufd_mock0: Adding to iommu group 0
[   21.999031] iommufd_mock iommufd_mock0: Adding to iommu group 0
[   22.009748] iommufd_mock iommufd_mock0: Adding to iommu group 0
[   22.021063] iommufd_mock iommufd_mock0: Adding to iommu group 0
[   22.031411] iommufd_mock iommufd_mock0: Adding to iommu group 0
[   22.042598] iommufd_mock iommufd_mock0: Adding to iommu group 0
[   22.053000] iommufd_mock iommufd_mock0: Adding to iommu group 0
[   22.064067] iommufd_mock iommufd_mock0: Adding to iommu group 0
[   22.075273] iommufd_mock iommufd_mock0: Adding to iommu group 0
[   22.085943] iommufd_mock iommufd_mock0: Adding to iommu group 0
[   22.097057] iommufd_mock iommufd_mock0: Adding to iommu group 0
[   22.107763] iommufd_mock iommufd_mock0: Adding to iommu group 0
[   22.118595] iommufd_mock iommufd_mock0: Adding to iommu group 0
[   22.129517] iommufd_mock iommufd_mock0: Adding to iommu group 0
[   22.139902] iommufd_mock iommufd_mock0: Adding to iommu group 0
[   22.150827] iommufd_mock iommufd_mock0: Adding to iommu group 0
[   22.161897] iommufd_mock iommufd_mock0: Adding to iommu group 0
[   22.172436] iommufd_mock iommufd_mock0: Adding to iommu group 0
[   22.183361] iommufd_mock iommufd_mock0: Adding to iommu group 0
[   22.194124] iommufd_mock iommufd_mock0: Adding to iommu group 0
[   22.204432] iommufd_mock iommufd_mock0: Adding to iommu group 0
[   22.215342] iommufd_mock iommufd_mock0: Adding to iommu group 0
[   22.226140] iommufd_mock iommufd_mock0: Adding to iommu group 0
[   22.237145] iommufd_mock iommufd_mock0: Adding to iommu group 0
[   22.247362] iommufd_mock iommufd_mock0: Adding to iommu group 0
[   22.258589] iommufd_mock iommufd_mock0: Adding to iommu group 0
[   22.269545] iommufd_mock iommufd_mock0: Adding to iommu group 0
[   22.280048] iommufd_mock iommufd_mock0: Adding to iommu group 0
[   22.290838] iommufd_mock iommufd_mock0: Adding to iommu group 0
[   22.301759] iommufd_mock iommufd_mock0: Adding to iommu group 0
[   22.312334] iommufd_mock iommufd_mock0: Adding to iommu group 0
[   22.322941] iommufd_mock iommufd_mock0: Adding to iommu group 0
[   22.334131] iommufd_mock iommufd_mock0: Adding to iommu group 0
[   22.344813] iommufd_mock iommufd_mock0: Adding to iommu group 0
[   22.355464] iommufd_mock iommufd_mock0: Adding to iommu group 0
[   22.366661] iommufd_mock iommufd_mock0: Adding to iommu group 0
[   22.376575] iommufd_mock iommufd_mock0: Adding to iommu group 0
[   22.387599] iommufd_mock iommufd_mock0: Adding to iommu group 0
[   22.398236] iommufd_mock iommufd_mock0: Adding to iommu group 0
[   22.410269] iommufd_mock iommufd_mock0: Adding to iommu group 0
[   22.420952] iommufd_mock iommufd_mock0: Adding to iommu group 0
[   22.431583] iommufd_mock iommufd_mock0: Adding to iommu group 0
[   22.442317] iommufd_mock iommufd_mock0: Adding to iommu group 0
[   22.453838] iommufd_mock iommufd_mock0: Adding to iommu group 0
[   22.464255] iommufd_mock iommufd_mock0: Adding to iommu group 0
[   22.475130] iommufd_mock iommufd_mock0: Adding to iommu group 0
[   22.487229] iommufd_mock iommufd_mock0: Adding to iommu group 0
[   22.496471] iommufd_mock iommufd_mock0: Adding to iommu group 0
[   22.507048] iommufd_mock iommufd_mock0: Adding to iommu group 0
[   22.517936] iommufd_mock iommufd_mock0: Adding to iommu group 0
[   22.529195] iommufd_mock iommufd_mock0: Adding to iommu group 0
[   22.539991] iommufd_mock iommufd_mock0: Adding to iommu group 0
[   22.550431] iommufd_mock iommufd_mock0: Adding to iommu group 0
[   22.561751] iommufd_mock iommufd_mock0: Adding to iommu group 0
[   22.571807] iommufd_mock iommufd_mock0: Adding to iommu group 0
[   22.582798] iommufd_mock iommufd_mock0: Adding to iommu group 0
[   22.594189] iommufd_mock iommufd_mock0: Adding to iommu group 0
[   22.604886] iommufd_mock iommufd_mock0: Adding to iommu group 0
[   22.615624] iommufd_mock iommufd_mock0: Adding to iommu group 0
[   22.626521] iommufd_mock iommufd_mock0: Adding to iommu group 0
[   22.637085] iommufd_mock iommufd_mock0: Adding to iommu group 0
[   22.647801] iommufd_mock iommufd_mock0: Adding to iommu group 0
[   22.658535] iommufd_mock iommufd_mock0: Adding to iommu group 0
[   22.669640] iommufd_mock iommufd_mock0: Adding to iommu group 0
[   22.680520] iommufd_mock iommufd_mock0: Adding to iommu group 0
[   22.691163] iommufd_mock iommufd_mock0: Adding to iommu group 0
[   22.702367] iommufd_mock iommufd_mock0: Adding to iommu group 0
[   22.713628] iommufd_mock iommufd_mock0: Adding to iommu group 0
[   22.724361] iommufd_mock iommufd_mock0: Adding to iommu group 0
[   22.734993] iommufd_mock iommufd_mock0: Adding to iommu group 0
[   22.745864] iommufd_mock iommufd_mock0: Adding to iommu group 0
[   22.756455] iommufd_mock iommufd_mock0: Adding to iommu group 0
[   22.767215] iommufd_mock iommufd_mock0: Adding to iommu group 0
[   22.778100] iommufd_mock iommufd_mock0: Adding to iommu group 0
[   22.789342] iommufd_mock iommufd_mock0: Adding to iommu group 0
[   22.800148] iommufd_mock iommufd_mock0: Adding to iommu group 0
[   22.810945] iommufd_mock iommufd_mock0: Adding to iommu group 0
[   22.821891] iommufd_mock iommufd_mock0: Adding to iommu group 0
[   22.832382] iommufd_mock iommufd_mock0: Adding to iommu group 0
[   22.843237] iommufd_mock iommufd_mock0: Adding to iommu group 0
[   22.855146] iommufd_mock iommufd_mock0: Adding to iommu group 0
[   22.865441] iommufd_mock iommufd_mock0: Adding to iommu group 0
[   22.875973] iommufd_mock iommufd_mock0: Adding to iommu group 0
[   22.886995] iommufd_mock iommufd_mock0: Adding to iommu group 0
[   22.897812] iommufd_mock iommufd_mock0: Adding to iommu group 0
[   22.908358] iommufd_mock iommufd_mock0: Adding to iommu group 0
[   22.919230] iommufd_mock iommufd_mock0: Adding to iommu group 0
[   22.930517] iommufd_mock iommufd_mock0: Adding to iommu group 0
[   22.940924] iommufd_mock iommufd_mock0: Adding to iommu group 0
[   22.952867] iommufd_mock iommufd_mock0: Adding to iommu group 0
[   22.962246] iommufd_mock iommufd_mock0: Adding to iommu group 0
[   22.973588] iommufd_mock iommufd_mock0: Adding to iommu group 0
[   22.983974] iommufd_mock iommufd_mock0: Adding to iommu group 0
[   22.994850] iommufd_mock iommufd_mock0: Adding to iommu group 0
[   23.005760] iommufd_mock iommufd_mock0: Adding to iommu group 0
[   23.017072] iommufd_mock iommufd_mock0: Adding to iommu group 0
[   23.027467] iommufd_mock iommufd_mock0: Adding to iommu group 0
[   23.038261] iommufd_mock iommufd_mock0: Adding to iommu group 0
[   23.048993] iommufd_mock iommufd_mock0: Adding to iommu group 0
[   23.059780] iommufd_mock iommufd_mock0: Adding to iommu group 0
[   23.070381] iommufd_mock iommufd_mock0: Adding to iommu group 0
[   23.081266] iommufd_mock iommufd_mock0: Adding to iommu group 0
[   23.091908] iommufd_mock iommufd_mock0: Adding to iommu group 0
[   23.102272] iommufd_mock iommufd_mock0: Adding to iommu group 0
[   23.113938] iommufd_mock iommufd_mock0: Adding to iommu group 0
[   23.124345] iommufd_mock iommufd_mock0: Adding to iommu group 0
[   23.134721] iommufd_mock iommufd_mock0: Adding to iommu group 0
[   23.145627] iommufd_mock iommufd_mock0: Adding to iommu group 0
[   23.157202] iommufd_mock iommufd_mock0: Adding to iommu group 0
[   23.167419] iommufd_mock iommufd_mock0: Adding to iommu group 0
[   23.178146] iommufd_mock iommufd_mock0: Adding to iommu group 0
[   23.188950] iommufd_mock iommufd_mock0: Adding to iommu group 0
[   23.199664] iommufd_mock iommufd_mock0: Adding to iommu group 0
[   23.210175] iommufd_mock iommufd_mock0: Adding to iommu group 0
[   23.220941] iommufd_mock iommufd_mock0: Adding to iommu group 0
[   23.231440] iommufd_mock iommufd_mock0: Adding to iommu group 0
[   23.242088] iommufd_mock iommufd_mock0: Adding to iommu group 0
[   23.252570] iommufd_mock iommufd_mock0: Adding to iommu group 0
[   23.263362] iommufd_mock iommufd_mock0: Adding to iommu group 0
[   23.274443] iommufd_mock iommufd_mock0: Adding to iommu group 0
[   23.285350] iommufd_mock iommufd_mock0: Adding to iommu group 0
[   23.296072] iommufd_mock iommufd_mock0: Adding to iommu group 0
[   23.306747] iommufd_mock iommufd_mock0: Adding to iommu group 0
[   23.317822] iommufd_mock iommufd_mock0: Adding to iommu group 0
[   23.329104] iommufd_mock iommufd_mock0: Adding to iommu group 0
[   23.339761] iommufd_mock iommufd_mock0: Adding to iommu group 0
[   23.350689] iommufd_mock iommufd_mock0: Adding to iommu group 0
[   23.361667] iommufd_mock iommufd_mock0: Adding to iommu group 0
[   23.372355] iommufd_mock iommufd_mock0: Adding to iommu group 0
[   23.383146] iommufd_mock iommufd_mock0: Adding to iommu group 0
[   23.393804] iommufd_mock iommufd_mock0: Adding to iommu group 0
[   23.404653] iommufd_mock iommufd_mock0: Adding to iommu group 0
[   23.415164] iommufd_mock iommufd_mock0: Adding to iommu group 0
[   23.425777] iommufd_mock iommufd_mock0: Adding to iommu group 0
[   23.436987] iommufd_mock iommufd_mock0: Adding to iommu group 0
[   23.447359] iommufd_mock iommufd_mock0: Adding to iommu group 0
[   23.458257] iommufd_mock iommufd_mock0: Adding to iommu group 0
[   23.468996] iommufd_mock iommufd_mock0: Adding to iommu group 0
[   23.479689] iommufd_mock iommufd_mock0: Adding to iommu group 0
[   23.490275] iommufd_mock iommufd_mock0: Adding to iommu group 0
[   23.501346] iommufd_mock iommufd_mock0: Adding to iommu group 0
[   23.511903] iommufd_mock iommufd_mock0: Adding to iommu group 0
[   23.522514] iommufd_mock iommufd_mock0: Adding to iommu group 0
[   23.533485] iommufd_mock iommufd_mock0: Adding to iommu group 0
[   23.544154] iommufd_mock iommufd_mock0: Adding to iommu group 0
[   23.554988] iommufd_mock iommufd_mock0: Adding to iommu group 0
[   23.565681] iommufd_mock iommufd_mock0: Adding to iommu group 0
[   23.576659] iommufd_mock iommufd_mock0: Adding to iommu group 0
[   23.587643] iommufd_mock iommufd_mock0: Adding to iommu group 0
[   23.598548] iommufd_mock iommufd_mock0: Adding to iommu group 0
[   23.609556] iommufd_mock iommufd_mock0: Adding to iommu group 0
[   23.620256] iommufd_mock iommufd_mock0: Adding to iommu group 0
[   23.630951] iommufd_mock iommufd_mock0: Adding to iommu group 0
[   23.642031] iommufd_mock iommufd_mock0: Adding to iommu group 0
[   23.652877] iommufd_mock iommufd_mock0: Adding to iommu group 0
[   23.663688] iommufd_mock iommufd_mock0: Adding to iommu group 0
[   23.674625] iommufd_mock iommufd_mock0: Adding to iommu group 0
[   23.685572] iommufd_mock iommufd_mock0: Adding to iommu group 0
[   23.696269] iommufd_mock iommufd_mock0: Adding to iommu group 0
[   23.707323] iommufd_mock iommufd_mock0: Adding to iommu group 0
[   23.718232] iommufd_mock iommufd_mock0: Adding to iommu group 0
[   23.728914] iommufd_mock iommufd_mock0: Adding to iommu group 0
[   23.739683] iommufd_mock iommufd_mock0: Adding to iommu group 0
[   23.750533] iommufd_mock iommufd_mock0: Adding to iommu group 0
[   23.761443] iommufd_mock iommufd_mock0: Adding to iommu group 0
[   23.772176] iommufd_mock iommufd_mock0: Adding to iommu group 0
[   23.783133] iommufd_mock iommufd_mock0: Adding to iommu group 0
[   23.793408] iommufd_mock iommufd_mock0: Adding to iommu group 0
[   23.803987] iommufd_mock iommufd_mock0: Adding to iommu group 0
[   23.814586] iommufd_mock iommufd_mock0: Adding to iommu group 0
[   23.826801] iommufd_mock iommufd_mock0: Adding to iommu group 0
[   23.836499] iommufd_mock iommufd_mock0: Adding to iommu group 0
[   23.847138] iommufd_mock iommufd_mock0: Adding to iommu group 0
[   23.858132] iommufd_mock iommufd_mock0: Adding to iommu group 0
[   23.868886] iommufd_mock iommufd_mock0: Adding to iommu group 0
[   23.879102] iommufd_mock iommufd_mock0: Adding to iommu group 0
[   23.889924] iommufd_mock iommufd_mock0: Adding to iommu group 0
[   23.901089] iommufd_mock iommufd_mock0: Adding to iommu group 0
[   23.911868] iommufd_mock iommufd_mock0: Adding to iommu group 0
[   23.922947] iommufd_mock iommufd_mock0: Adding to iommu group 0
[   23.934169] iommufd_mock iommufd_mock0: Adding to iommu group 0
[   23.944244] iommufd_mock iommufd_mock0: Adding to iommu group 0
[   23.954953] iommufd_mock iommufd_mock0: Adding to iommu group 0
[   23.966006] iommufd_mock iommufd_mock0: Adding to iommu group 0
[   23.977044] iommufd_mock iommufd_mock0: Adding to iommu group 0
[   23.988020] iommufd_mock iommufd_mock0: Adding to iommu group 0
[   23.999341] iommufd_mock iommufd_mock0: Adding to iommu group 0
[   24.010995] iommufd_mock iommufd_mock0: Adding to iommu group 0
[   24.021095] iommufd_mock iommufd_mock0: Adding to iommu group 0
[   24.031621] iommufd_mock iommufd_mock0: Adding to iommu group 0
[   24.042657] iommufd_mock iommufd_mock0: Adding to iommu group 0
[   24.053445] iommufd_mock iommufd_mock0: Adding to iommu group 0
[   24.064480] iommufd_mock iommufd_mock0: Adding to iommu group 0
[   24.074977] iommufd_mock iommufd_mock0: Adding to iommu group 0
[   24.086943] iommufd_mock iommufd_mock0: Adding to iommu group 0
[   24.096930] iommufd_mock iommufd_mock0: Adding to iommu group 0
[   24.107445] iommufd_mock iommufd_mock0: Adding to iommu group 0
[   24.118546] iommufd_mock iommufd_mock0: Adding to iommu group 0
[   24.129989] iommufd_mock iommufd_mock0: Adding to iommu group 0
[   24.140057] iommufd_mock iommufd_mock0: Adding to iommu group 0
[   24.150728] iommufd_mock iommufd_mock0: Adding to iommu group 0
[   24.161509] iommufd_mock iommufd_mock0: Adding to iommu group 0
[   24.172299] iommufd_mock iommufd_mock0: Adding to iommu group 0
[   24.183704] iommufd_mock iommufd_mock0: Adding to iommu group 0
[   24.194501] iommufd_mock iommufd_mock0: Adding to iommu group 0
[   24.205068] iommufd_mock iommufd_mock0: Adding to iommu group 0
[   24.215966] iommufd_mock iommufd_mock0: Adding to iommu group 0
[   24.227021] iommufd_mock iommufd_mock0: Adding to iommu group 0
[   24.238003] iommufd_mock iommufd_mock0: Adding to iommu group 0
[   24.248461] iommufd_mock iommufd_mock0: Adding to iommu group 0
[   24.259041] iommufd_mock iommufd_mock0: Adding to iommu group 0
[   24.270017] iommufd_mock iommufd_mock0: Adding to iommu group 0
[   24.280556] iommufd_mock iommufd_mock0: Adding to iommu group 0
[   24.291376] iommufd_mock iommufd_mock0: Adding to iommu group 0
[   24.301934] iommufd_mock iommufd_mock0: Adding to iommu group 0
[   24.312556] iommufd_mock iommufd_mock0: Adding to iommu group 0
[   24.322982] iommufd_mock iommufd_mock0: Adding to iommu group 0
[   24.333720] iommufd_mock iommufd_mock0: Adding to iommu group 0
[   24.344882] iommufd_mock iommufd_mock0: Adding to iommu group 0
[   24.355469] iommufd_mock iommufd_mock0: Adding to iommu group 0
[   24.366387] iommufd_mock iommufd_mock0: Adding to iommu group 0
[   24.377297] iommufd_mock iommufd_mock0: Adding to iommu group 0
[   24.388015] iommufd_mock iommufd_mock0: Adding to iommu group 0
[   24.398837] iommufd_mock iommufd_mock0: Adding to iommu group 0
[   24.409803] iommufd_mock iommufd_mock0: Adding to iommu group 0
[   24.420530] iommufd_mock iommufd_mock0: Adding to iommu group 0
[   24.431217] iommufd_mock iommufd_mock0: Adding to iommu group 0
[   24.442018] iommufd_mock iommufd_mock0: Adding to iommu group 0
[   24.452575] iommufd_mock iommufd_mock0: Adding to iommu group 0
[   24.463228] iommufd_mock iommufd_mock0: Adding to iommu group 0
[   24.473893] iommufd_mock iommufd_mock0: Adding to iommu group 0
[   24.485447] iommufd_mock iommufd_mock0: Adding to iommu group 0
[   24.495886] iommufd_mock iommufd_mock0: Adding to iommu group 0
[   24.506447] iommufd_mock iommufd_mock0: Adding to iommu group 0
[   24.517256] iommufd_mock iommufd_mock0: Adding to iommu group 0
[   24.527830] iommufd_mock iommufd_mock0: Adding to iommu group 0
[   24.540420] iommufd_mock iommufd_mock0: Adding to iommu group 0
[   24.549194] iommufd_mock iommufd_mock0: Adding to iommu group 0
[   24.559911] iommufd_mock iommufd_mock0: Adding to iommu group 0
[   24.570641] iommufd_mock iommufd_mock0: Adding to iommu group 0
[   24.581513] iommufd_mock iommufd_mock0: Adding to iommu group 0
[   24.592380] iommufd_mock iommufd_mock0: Adding to iommu group 0
[   24.602675] iommufd_mock iommufd_mock0: Adding to iommu group 0
[   24.613401] iommufd_mock iommufd_mock0: Adding to iommu group 0
[   24.624069] iommufd_mock iommufd_mock0: Adding to iommu group 0
[   24.634970] iommufd_mock iommufd_mock0: Adding to iommu group 0
[   24.645880] iommufd_mock iommufd_mock0: Adding to iommu group 0
[   24.656389] iommufd_mock iommufd_mock0: Adding to iommu group 0
[   24.666807] iommufd_mock iommufd_mock0: Adding to iommu group 0
[   24.678055] iommufd_mock iommufd_mock0: Adding to iommu group 0
[   24.688298] iommufd_mock iommufd_mock0: Adding to iommu group 0
[   24.699061] iommufd_mock iommufd_mock0: Adding to iommu group 0
[   24.710021] iommufd_mock iommufd_mock0: Adding to iommu group 0
[   24.720480] iommufd_mock iommufd_mock0: Adding to iommu group 0
[   24.731333] iommufd_mock iommufd_mock0: Adding to iommu group 0
[   24.741619] iommufd_mock iommufd_mock0: Adding to iommu group 0
[   24.753180] iommufd_mock iommufd_mock0: Adding to iommu group 0
[   24.763090] iommufd_mock iommufd_mock0: Adding to iommu group 0
[   24.773726] iommufd_mock iommufd_mock0: Adding to iommu group 0
[   24.784492] iommufd_mock iommufd_mock0: Adding to iommu group 0
[   24.795189] iommufd_mock iommufd_mock0: Adding to iommu group 0
[   24.806167] iommufd_mock iommufd_mock0: Adding to iommu group 0
[   24.817006] iommufd_mock iommufd_mock0: Adding to iommu group 0
[   24.827746] iommufd_mock iommufd_mock0: Adding to iommu group 0
[   24.838491] iommufd_mock iommufd_mock0: Adding to iommu group 0
[   24.849554] iommufd_mock iommufd_mock0: Adding to iommu group 0
[   24.859892] iommufd_mock iommufd_mock0: Adding to iommu group 0
[   24.870592] iommufd_mock iommufd_mock0: Adding to iommu group 0
[   24.881278] iommufd_mock iommufd_mock0: Adding to iommu group 0
[   24.892019] iommufd_mock iommufd_mock0: Adding to iommu group 0
[   24.902581] iommufd_mock iommufd_mock0: Adding to iommu group 0
[   24.913519] iommufd_mock iommufd_mock0: Adding to iommu group 0
[   24.924134] iommufd_mock iommufd_mock0: Adding to iommu group 0
[   24.934704] iommufd_mock iommufd_mock0: Adding to iommu group 0
[   24.945423] iommufd_mock iommufd_mock0: Adding to iommu group 0
[   24.955952] iommufd_mock iommufd_mock0: Adding to iommu group 0
[   24.967046] iommufd_mock iommufd_mock0: Adding to iommu group 0
[   24.977961] iommufd_mock iommufd_mock0: Adding to iommu group 0
[   24.988584] iommufd_mock iommufd_mock0: Adding to iommu group 0
[   24.999151] iommufd_mock iommufd_mock0: Adding to iommu group 0
[   25.009799] iommufd_mock iommufd_mock0: Adding to iommu group 0
[   25.020492] iommufd_mock iommufd_mock0: Adding to iommu group 0
[   25.031252] iommufd_mock iommufd_mock0: Adding to iommu group 0
[   25.042143] iommufd_mock iommufd_mock0: Adding to iommu group 0
[   25.053057] iommufd_mock iommufd_mock0: Adding to iommu group 0
[   25.063680] iommufd_mock iommufd_mock0: Adding to iommu group 0
[   25.074832] iommufd_mock iommufd_mock0: Adding to iommu group 0
[   25.085631] iommufd_mock iommufd_mock0: Adding to iommu group 0
[   25.095466] iommufd_mock iommufd_mock0: Adding to iommu group 0
[   25.108247] iommufd_mock iommufd_mock0: Adding to iommu group 0
[   25.117745] iommufd_mock iommufd_mock0: Adding to iommu group 0
[   25.128463] iommufd_mock iommufd_mock0: Adding to iommu group 0
[   25.139056] iommufd_mock iommufd_mock0: Adding to iommu group 0
[   25.149548] iommufd_mock iommufd_mock0: Adding to iommu group 0
[   25.160509] iommufd_mock iommufd_mock0: Adding to iommu group 0
[   25.170904] iommufd_mock iommufd_mock0: Adding to iommu group 0
[   25.181714] iommufd_mock iommufd_mock0: Adding to iommu group 0
[   25.192547] iommufd_mock iommufd_mock0: Adding to iommu group 0
[   25.203499] iommufd_mock iommufd_mock0: Adding to iommu group 0
[   25.214889] iommufd_mock iommufd_mock0: Adding to iommu group 0
[   25.225761] iommufd_mock iommufd_mock0: Adding to iommu group 0
[   25.236113] iommufd_mock iommufd_mock0: Adding to iommu group 0
[   25.246820] iommufd_mock iommufd_mock0: Adding to iommu group 0
[   25.257733] iommufd_mock iommufd_mock0: Adding to iommu group 0
[   25.268606] iommufd_mock iommufd_mock0: Adding to iommu group 0
[   25.279281] iommufd_mock iommufd_mock0: Adding to iommu group 0
[   25.290478] iommufd_mock iommufd_mock0: Adding to iommu group 0
[   25.301625] iommufd_mock iommufd_mock0: Adding to iommu group 0
[   25.312442] iommufd_mock iommufd_mock0: Adding to iommu group 0
[   25.323398] iommufd_mock iommufd_mock0: Adding to iommu group 0
[   25.334452] iommufd_mock iommufd_mock0: Adding to iommu group 0
[   25.345296] iommufd_mock iommufd_mock0: Adding to iommu group 0
[   25.356247] iommufd_mock iommufd_mock0: Adding to iommu group 0
[   25.366716] iommufd_mock iommufd_mock0: Adding to iommu group 0
[   25.377487] iommufd_mock iommufd_mock0: Adding to iommu group 0
[   25.388091] iommufd_mock iommufd_mock0: Adding to iommu group 0
[   25.398945] iommufd_mock iommufd_mock0: Adding to iommu group 0
[   25.409471] iommufd_mock iommufd_mock0: Adding to iommu group 0
[   25.419784] iommufd_mock iommufd_mock0: Adding to iommu group 0
[   25.430759] iommufd_mock iommufd_mock0: Adding to iommu group 0
[   25.441649] iommufd_mock iommufd_mock0: Adding to iommu group 0
[   25.452409] iommufd_mock iommufd_mock0: Adding to iommu group 0
[   25.463322] iommufd_mock iommufd_mock0: Adding to iommu group 0
[   25.474146] iommufd_mock iommufd_mock0: Adding to iommu group 0
[   25.484952] iommufd_mock iommufd_mock0: Adding to iommu group 0
[   25.495626] iommufd_mock iommufd_mock0: Adding to iommu group 0
[   25.506923] iommufd_mock iommufd_mock0: Adding to iommu group 0
[   25.517841] iommufd_mock iommufd_mock0: Adding to iommu group 0
[   25.528473] iommufd_mock iommufd_mock0: Adding to iommu group 0
[   25.539289] iommufd_mock iommufd_mock0: Adding to iommu group 0
[   25.550123] iommufd_mock iommufd_mock0: Adding to iommu group 0
[   25.561266] iommufd_mock iommufd_mock0: Adding to iommu group 0
[   25.571892] iommufd_mock iommufd_mock0: Adding to iommu group 0
[   25.582428] iommufd_mock iommufd_mock0: Adding to iommu group 0
[   25.593325] iommufd_mock iommufd_mock0: Adding to iommu group 0
[   25.604286] iommufd_mock iommufd_mock0: Adding to iommu group 0
[   25.615305] iommufd_mock iommufd_mock0: Adding to iommu group 0
[   25.625751] iommufd_mock iommufd_mock0: Adding to iommu group 0
[   25.636629] iommufd_mock iommufd_mock0: Adding to iommu group 0
[   25.647864] iommufd_mock iommufd_mock0: Adding to iommu group 0
[   25.658759] iommufd_mock iommufd_mock0: Adding to iommu group 0
[   25.669333] iommufd_mock iommufd_mock0: Adding to iommu group 0
[   25.680196] iommufd_mock iommufd_mock0: Adding to iommu group 0
[   25.690787] iommufd_mock iommufd_mock0: Adding to iommu group 0
[   25.701521] iommufd_mock iommufd_mock0: Adding to iommu group 0
[   25.712477] iommufd_mock iommufd_mock0: Adding to iommu group 0
[   25.722862] iommufd_mock iommufd_mock0: Adding to iommu group 0
[   25.733630] iommufd_mock iommufd_mock0: Adding to iommu group 0
[   25.744139] iommufd_mock iommufd_mock0: Adding to iommu group 0
[   25.754899] iommufd_mock iommufd_mock0: Adding to iommu group 0
[   25.766257] iommufd_mock iommufd_mock0: Adding to iommu group 0
[   25.776658] iommufd_mock iommufd_mock0: Adding to iommu group 0
[   25.787534] iommufd_mock iommufd_mock0: Adding to iommu group 0
[   25.798403] iommufd_mock iommufd_mock0: Adding to iommu group 0
[   25.809004] iommufd_mock iommufd_mock0: Adding to iommu group 0
[   25.819593] iommufd_mock iommufd_mock0: Adding to iommu group 0
[   25.830254] iommufd_mock iommufd_mock0: Adding to iommu group 0
[   25.841254] iommufd_mock iommufd_mock0: Adding to iommu group 0
[   25.851758] iommufd_mock iommufd_mock0: Adding to iommu group 0
[   25.862666] iommufd_mock iommufd_mock0: Adding to iommu group 0
[   25.874439] iommufd_mock iommufd_mock0: Adding to iommu group 0
[   25.883894] iommufd_mock iommufd_mock0: Adding to iommu group 0
[   25.894667] iommufd_mock iommufd_mock0: Adding to iommu group 0
[   25.906112] iommufd_mock iommufd_mock0: Adding to iommu group 0
[   25.918635] iommufd_mock iommufd_mock0: Adding to iommu group 0
[   25.929280] iommufd_mock iommufd_mock0: Adding to iommu group 0
[   25.940192] iommufd_mock iommufd_mock0: Adding to iommu group 0
[   25.950964] iommufd_mock iommufd_mock0: Adding to iommu group 0
[   25.961711] iommufd_mock iommufd_mock0: Adding to iommu group 0
[   25.972668] iommufd_mock iommufd_mock0: Adding to iommu group 0
[   25.983518] iommufd_mock iommufd_mock0: Adding to iommu group 0
[   25.994375] iommufd_mock iommufd_mock0: Adding to iommu group 0
[   26.005358] iommufd_mock iommufd_mock0: Adding to iommu group 0
[   26.016089] iommufd_mock iommufd_mock0: Adding to iommu group 0
[   26.027053] iommufd_mock iommufd_mock0: Adding to iommu group 0
[   26.037823] iommufd_mock iommufd_mock0: Adding to iommu group 0
[   26.048262] iommufd_mock iommufd_mock0: Adding to iommu group 0
[   26.060930] iommufd_mock iommufd_mock0: Adding to iommu group 0
[   26.069649] iommufd_mock iommufd_mock0: Adding to iommu group 0
[   26.080896] iommufd_mock iommufd_mock0: Adding to iommu group 0
[   26.091434] iommufd_mock iommufd_mock0: Adding to iommu group 0
[   26.102519] iommufd_mock iommufd_mock0: Adding to iommu group 0
[   26.112515] iommufd_mock iommufd_mock0: Adding to iommu group 0
[   26.124425] iommufd_mock iommufd_mock0: Adding to iommu group 0
[   26.134157] iommufd_mock iommufd_mock0: Adding to iommu group 0
[   26.144680] iommufd_mock iommufd_mock0: Adding to iommu group 0
[   26.155207] iommufd_mock iommufd_mock0: Adding to iommu group 0
[   26.166772] iommufd_mock iommufd_mock0: Adding to iommu group 0
[   26.177110] iommufd_mock iommufd_mock0: Adding to iommu group 0
[   26.187849] iommufd_mock iommufd_mock0: Adding to iommu group 0
[   26.198669] iommufd_mock iommufd_mock0: Adding to iommu group 0
[   26.211224] iommufd_mock iommufd_mock0: Adding to iommu group 0
[   26.219784] iommufd_mock iommufd_mock0: Adding to iommu group 0
[   26.230537] iommufd_mock iommufd_mock0: Adding to iommu group 0
[   26.241076] iommufd_mock iommufd_mock0: Adding to iommu group 0
[   26.251418] iommufd_mock iommufd_mock0: Adding to iommu group 0
[   26.262122] iommufd_mock iommufd_mock0: Adding to iommu group 0
[   26.272933] iommufd_mock iommufd_mock0: Adding to iommu group 0
[   26.283254] iommufd_mock iommufd_mock0: Adding to iommu group 0
[   26.293977] iommufd_mock iommufd_mock0: Adding to iommu group 0
[   26.304971] iommufd_mock iommufd_mock0: Adding to iommu group 0
[   26.315481] iommufd_mock iommufd_mock0: Adding to iommu group 0
[   26.326546] iommufd_mock iommufd_mock0: Adding to iommu group 0
[   26.337333] iommufd_mock iommufd_mock0: Adding to iommu group 0
[   26.347491] iommufd_mock iommufd_mock0: Adding to iommu group 0
[   26.358134] iommufd_mock iommufd_mock0: Adding to iommu group 0
[   26.368983] iommufd_mock iommufd_mock0: Adding to iommu group 0
[   26.379329] iommufd_mock iommufd_mock0: Adding to iommu group 0
[   26.390126] iommufd_mock iommufd_mock0: Adding to iommu group 0
[   26.401055] iommufd_mock iommufd_mock0: Adding to iommu group 0
[   26.411804] iommufd_mock iommufd_mock0: Adding to iommu group 0
[   26.422309] iommufd_mock iommufd_mock0: Adding to iommu group 0
[   26.433541] iommufd_mock iommufd_mock0: Adding to iommu group 0
[   26.443722] iommufd_mock iommufd_mock0: Adding to iommu group 0
[   26.454494] iommufd_mock iommufd_mock0: Adding to iommu group 0
[   26.465403] iommufd_mock iommufd_mock0: Adding to iommu group 0
[   26.476333] iommufd_mock iommufd_mock0: Adding to iommu group 0
[   26.487083] iommufd_mock iommufd_mock0: Adding to iommu group 0
[   26.498159] iommufd_mock iommufd_mock0: Adding to iommu group 0
[   26.508986] iommufd_mock iommufd_mock0: Adding to iommu group 0
[   26.520184] iommufd_mock iommufd_mock0: Adding to iommu group 0
[   26.530684] iommufd_mock iommufd_mock0: Adding to iommu group 0
[   26.541522] iommufd_mock iommufd_mock0: Adding to iommu group 0
[   26.552357] iommufd_mock iommufd_mock0: Adding to iommu group 0
[   26.563167] iommufd_mock iommufd_mock0: Adding to iommu group 0
[   26.574133] iommufd_mock iommufd_mock0: Adding to iommu group 0
[   26.584980] iommufd_mock iommufd_mock0: Adding to iommu group 0
[   26.595599] iommufd_mock iommufd_mock0: Adding to iommu group 0
[   26.607013] iommufd_mock iommufd_mock0: Adding to iommu group 0
[   26.618459] iommufd_mock iommufd_mock0: Adding to iommu group 0
[   26.630089] iommufd_mock iommufd_mock0: Adding to iommu group 0
[   26.638951] iommufd_mock iommufd_mock0: Adding to iommu group 0
[   26.649965] iommufd_mock iommufd_mock0: Adding to iommu group 0
[   26.660574] iommufd_mock iommufd_mock0: Adding to iommu group 0
[   26.671604] iommufd_mock iommufd_mock0: Adding to iommu group 0
[   26.683076] iommufd_mock iommufd_mock0: Adding to iommu group 0
[   26.693436] iommufd_mock iommufd_mock0: Adding to iommu group 0
[   26.704412] iommufd_mock iommufd_mock0: Adding to iommu group 0
[   26.715430] iommufd_mock iommufd_mock0: Adding to iommu group 0
[   26.726212] iommufd_mock iommufd_mock0: Adding to iommu group 0
[   26.736980] iommufd_mock iommufd_mock0: Adding to iommu group 0
[   26.748089] iommufd_mock iommufd_mock0: Adding to iommu group 0
[   26.758828] iommufd_mock iommufd_mock0: Adding to iommu group 0
[   26.769942] iommufd_mock iommufd_mock0: Adding to iommu group 0
[   26.780524] iommufd_mock iommufd_mock0: Adding to iommu group 0
[   26.791566] iommufd_mock iommufd_mock0: Adding to iommu group 0
[   26.802527] iommufd_mock iommufd_mock0: Adding to iommu group 0
[   26.813621] iommufd_mock iommufd_mock0: Adding to iommu group 0
[   26.824384] iommufd_mock iommufd_mock0: Adding to iommu group 0
[   26.835395] iommufd_mock iommufd_mock0: Adding to iommu group 0
[   26.846169] iommufd_mock iommufd_mock0: Adding to iommu group 0
[   26.857374] iommufd_mock iommufd_mock0: Adding to iommu group 0
[   26.867944] iommufd_mock iommufd_mock0: Adding to iommu group 0
[   26.878685] iommufd_mock iommufd_mock0: Adding to iommu group 0
