c[?7l[2J[0mSeaBIOS (version rel-1.16.0-0-gd239552ce722-prebuilt.qemu.org)


iPXE (http://ipxe.org) 00:03.0 CA00 PCI2.10 PnP PMM+7FF91000+7FEF1000 CA00
Press Ctrl-B to configure iPXE (PCI 00:03.0)...                                                                               


Booting from ROM...
c[?7l[2J[    0.000000] Linux version 6.18.0-rc3-e93d5945ed5b+ (root@p-arls02) (gcc (GCC) 11.5.0 20240719 (Red Hat 11.5.0-14), GNU ld version 2.35.2-68.el9) #1 SMP PREEMPT_DYNAMIC Thu Dec  4 17:53:24 CST 2025
[    0.000000] Command line: console=ttyS0 root=/dev/sda earlyprintk=serial net.ifnames=0 plymouth.enable=0
[    0.000000] KERNEL supported cpus:
[    0.000000]   Intel GenuineIntel
[    0.000000]   AMD AuthenticAMD
[    0.000000]   Hygon HygonGenuine
[    0.000000]   Centaur CentaurHauls
[    0.000000]   zhaoxin   Shanghai  
[    0.000000] x86/CPU: Model not found in latest microcode list
[    0.000000] x86/split lock detection: #DB: warning on user-space bus_locks
[    0.000000] BIOS-provided physical RAM map:
[    0.000000] BIOS-e820: [mem 0x0000000000000000-0x000000000009fbff] usable
[    0.000000] BIOS-e820: [mem 0x000000000009fc00-0x000000000009ffff] reserved
[    0.000000] BIOS-e820: [mem 0x00000000000f0000-0x00000000000fffff] reserved
[    0.000000] BIOS-e820: [mem 0x0000000000100000-0x000000007ffdffff] usable
[    0.000000] BIOS-e820: [mem 0x000000007ffe0000-0x000000007fffffff] reserved
[    0.000000] BIOS-e820: [mem 0x00000000feffc000-0x00000000feffffff] reserved
[    0.000000] BIOS-e820: [mem 0x00000000fffc0000-0x00000000ffffffff] reserved
[    0.000000] printk: legacy bootconsole [earlyser0] enabled
[    0.000000] NX (Execute Disable) protection: active
[    0.000000] APIC: Static calls initialized
[    0.000000] SMBIOS 2.8 present.
[    0.000000] DMI: QEMU Standard PC (i440FX + PIIX, 1996), BIOS rel-1.16.0-0-gd239552ce722-prebuilt.qemu.org 04/01/2014
[    0.000000] DMI: Memory slots populated: 1/1
[    0.000000] Hypervisor detected: KVM
[    0.000000] last_pfn = 0x7ffe0 max_arch_pfn = 0x400000000
[    0.000000] kvm-clock: Using msrs 4b564d01 and 4b564d00
[    0.000002] kvm-clock: using sched offset of 1091025165 cycles
[    0.000428] clocksource: kvm-clock: mask: 0xffffffffffffffff max_cycles: 0x1cd42e4dffb, max_idle_ns: 881590591483 ns
[    0.001780] tsc: Detected 1267.200 MHz processor
[    0.008680] last_pfn = 0x7ffe0 max_arch_pfn = 0x400000000
[    0.009149] MTRR map: 4 entries (3 fixed + 1 variable; max 19), built from 8 variable MTRRs
[    0.009837] x86/PAT: Configuration [0-7]: WB  WC  UC- UC  WB  WP  UC- WT  
[    0.020197] found SMP MP-table at [mem 0x000f5ba0-0x000f5baf]
[    0.020707] Using GB pages for direct mapping
[    0.023009] ACPI: Early table checksum verification disabled
[    0.023481] ACPI: RSDP 0x00000000000F59C0 000014 (v00 BOCHS )
[    0.023974] ACPI: RSDT 0x000000007FFE1951 000034 (v01 BOCHS  BXPC     00000001 BXPC 00000001)
[    0.024687] ACPI: FACP 0x000000007FFE17FD 000074 (v01 BOCHS  BXPC     00000001 BXPC 00000001)
[    0.025410] ACPI: DSDT 0x000000007FFE0040 0017BD (v01 BOCHS  BXPC     00000001 BXPC 00000001)
[    0.026117] ACPI: FACS 0x000000007FFE0000 000040
[    0.026503] ACPI: APIC 0x000000007FFE1871 000080 (v01 BOCHS  BXPC     00000001 BXPC 00000001)
[    0.027215] ACPI: HPET 0x000000007FFE18F1 000038 (v01 BOCHS  BXPC     00000001 BXPC 00000001)
[    0.027919] ACPI: WAET 0x000000007FFE1929 000028 (v01 BOCHS  BXPC     00000001 BXPC 00000001)
[    0.028624] ACPI: Reserving FACP table memory at [mem 0x7ffe17fd-0x7ffe1870]
[    0.029202] ACPI: Reserving DSDT table memory at [mem 0x7ffe0040-0x7ffe17fc]
[    0.029778] ACPI: Reserving FACS table memory at [mem 0x7ffe0000-0x7ffe003f]
[    0.030358] ACPI: Reserving APIC table memory at [mem 0x7ffe1871-0x7ffe18f0]
[    0.030934] ACPI: Reserving HPET table memory at [mem 0x7ffe18f1-0x7ffe1928]
[    0.031514] ACPI: Reserving WAET table memory at [mem 0x7ffe1929-0x7ffe1950]
[    0.032620] No NUMA configuration found
[    0.032947] Faking a node at [mem 0x0000000000000000-0x000000007ffdffff]
[    0.033527] NODE_DATA(0) allocated [mem 0x7ffb4ec0-0x7ffdfcbf]
[    0.034629] Zone ranges:
[    0.034842]   DMA      [mem 0x0000000000001000-0x0000000000ffffff]
[    0.035356]   DMA32    [mem 0x0000000001000000-0x000000007ffdffff]
[    0.035862]   Normal   empty
[    0.036104]   Device   empty
[    0.036345] Movable zone start for each node
[    0.036701] Early memory node ranges
[    0.036994]   node   0: [mem 0x0000000000001000-0x000000000009efff]
[    0.037503]   node   0: [mem 0x0000000000100000-0x000000007ffdffff]
[    0.038020] Initmem setup node 0 [mem 0x0000000000001000-0x000000007ffdffff]
[    0.039209] On node 0, zone DMA: 1 pages in unavailable ranges
[    0.039993] On node 0, zone DMA: 97 pages in unavailable ranges
[    0.084504] On node 0, zone DMA32: 32 pages in unavailable ranges
[    0.656229] KernelAddressSanitizer initialized (generic)
[    0.656993] ACPI: PM-Timer IO Port: 0x608
[    0.657374] ACPI: LAPIC_NMI (acpi_id[0xff] dfl dfl lint[0x1])
[    0.657923] IOAPIC[0]: apic_id 0, version 17, address 0xfec00000, GSI 0-23
[    0.658515] ACPI: INT_SRC_OVR (bus 0 bus_irq 0 global_irq 2 dfl dfl)
[    0.659035] ACPI: INT_SRC_OVR (bus 0 bus_irq 5 global_irq 5 high level)
[    0.659570] ACPI: INT_SRC_OVR (bus 0 bus_irq 9 global_irq 9 high level)
[    0.660109] ACPI: INT_SRC_OVR (bus 0 bus_irq 10 global_irq 10 high level)
[    0.660659] ACPI: INT_SRC_OVR (bus 0 bus_irq 11 global_irq 11 high level)
[    0.661226] ACPI: Using ACPI (MADT) for SMP configuration information
[    0.661748] ACPI: HPET id: 0x8086a201 base: 0xfed00000
[    0.662190] TSC deadline timer available
[    0.662516] CPU topo: Max. logical packages:   1
[    0.662891] CPU topo: Max. logical dies:       1
[    0.663270] CPU topo: Max. dies per package:   1
[    0.663648] CPU topo: Max. threads per core:   1
[    0.664028] CPU topo: Num. cores per package:     2
[    0.664428] CPU topo: Num. threads per package:   2
[    0.664824] CPU topo: Allowing 2 present CPUs plus 0 hotplug CPUs
[    0.665398] kvm-guest: APIC: eoi() replaced with kvm_guest_apic_eoi_write()
[    0.666013] kvm-guest: KVM setup pv remote TLB flush
[    0.666423] kvm-guest: setup PV sched yield
[    0.666828] PM: hibernation: Registered nosave memory: [mem 0x00000000-0x00000fff]
[    0.667456] PM: hibernation: Registered nosave memory: [mem 0x0009f000-0x000fffff]
[    0.668098] [mem 0x80000000-0xfeffbfff] available for PCI devices
[    0.668603] Booting paravirtualized kernel on KVM
[    0.669010] clocksource: refined-jiffies: mask: 0xffffffff max_cycles: 0xffffffff, max_idle_ns: 7645519600211568 ns
[    0.669883] setup_percpu: NR_CPUS:8192 nr_cpumask_bits:2 nr_cpu_ids:2 nr_node_ids:1
[    0.672899] percpu: Embedded 80 pages/cpu s290816 r8192 d28672 u1048576
[    0.673636] kvm-guest: PV spinlocks enabled
[    0.673999] PV qspinlock hash table entries: 256 (order: 0, 4096 bytes, linear)
[    0.674613] Kernel command line: net.ifnames=0 console=ttyS0 root=/dev/sda earlyprintk=serial net.ifnames=0 plymouth.enable=0
[    0.675863] random: crng init done
[    0.676155] printk: log buffer data + meta data: 262144 + 917504 = 1179648 bytes
[    0.678964] Dentry cache hash table entries: 262144 (order: 9, 2097152 bytes, linear)
[    0.680513] Inode-cache hash table entries: 131072 (order: 8, 1048576 bytes, linear)
[    0.681590] Fallback order for Node 0: 0 
[    0.681603] Built 1 zonelists, mobility grouping on.  Total pages: 524158
[    0.682446] Policy zone: DMA32
[    0.682697] mem auto-init: stack:off, heap alloc:off, heap free:off
[    0.683206] stackdepot: allocating hash table via alloc_large_system_hash
[    0.683745] stackdepot hash table entries: 1048576 (order: 12, 16777216 bytes, linear)
[    0.700844] stackdepot: allocating space for 8192 stack pools via memblock
[    0.734574] SLUB: HWalign=64, Order=0-3, MinObjects=0, CPUs=2, Nodes=1
[    0.735120] kmemleak: Kernel memory leak detector disabled
[    0.774759] ftrace: allocating 74601 entries in 292 pages
[    0.775223] ftrace: allocated 292 pages with 3 groups
[    0.780171] Dynamic Preempt: voluntary
[    0.781018] Running RCU self tests
[    0.781281] Running RCU synchronous self tests
[    0.781630] rcu: Preemptible hierarchical RCU implementation.
[    0.782084] rcu: 	RCU lockdep checking is enabled.
[    0.782460] rcu: 	RCU restricting CPUs from NR_CPUS=8192 to nr_cpu_ids=2.
[    0.782997] 	Trampoline variant of Tasks RCU enabled.
[    0.783391] 	Rude variant of Tasks RCU enabled.
[    0.783747] 	Tracing variant of Tasks RCU enabled.
[    0.784146] rcu: RCU calculated value of scheduler-enlistment delay is 25 jiffies.
[    0.784741] rcu: Adjusting geometry for rcu_fanout_leaf=16, nr_cpu_ids=2
[    0.785369] Running RCU synchronous self tests
[    0.785726] RCU Tasks: Setting shift to 1 and lim to 1 rcu_task_cb_adjust=1 rcu_task_cpu_ids=2.
[    0.786423] RCU Tasks Rude: Setting shift to 1 and lim to 1 rcu_task_cb_adjust=1 rcu_task_cpu_ids=2.
[    0.787148] RCU Tasks Trace: Setting shift to 1 and lim to 1 rcu_task_cb_adjust=1 rcu_task_cpu_ids=2.
[    0.854199] NR_IRQS: 524544, nr_irqs: 440, preallocated irqs: 16
[    0.855307] rcu: srcu_init: Setting srcu_struct sizes based on contention.
[    0.862539] Console: colour VGA+ 80x25
[    0.862922] printk: legacy console [ttyS0] enabled
[    0.862922] printk: legacy console [ttyS0] enabled
[    0.863690] printk: legacy bootconsole [earlyser0] disabled
[    0.863690] printk: legacy bootconsole [earlyser0] disabled
[    0.864595] Lock dependency validator: Copyright (c) 2006 Red Hat, Inc., Ingo Molnar
[    0.865223] ... MAX_LOCKDEP_SUBCLASSES:  8
[    0.865556] ... MAX_LOCK_DEPTH:          48
[    0.865899] ... MAX_LOCKDEP_KEYS:        8192
[    0.866257] ... CLASSHASH_SIZE:          4096
[    0.866615] ... MAX_LOCKDEP_ENTRIES:     524288
[    0.866986] ... MAX_LOCKDEP_CHAINS:      524288
[    0.867355] ... CHAINHASH_SIZE:          262144
[    0.867722]  memory used by lock dependency info: 54145 kB
[    0.868169]  memory used for stack traces: 4224 kB
[    0.868563]  per task-struct memory footprint: 1920 bytes
[    0.869101] ACPI: Core revision 20250807
[    0.869812] clocksource: hpet: mask: 0xffffffff max_cycles: 0xffffffff, max_idle_ns: 19112604467 ns
[    0.870734] APIC: Switch to symmetric I/O mode setup
[    0.871412] x2apic enabled
[    0.871994] APIC: Switched APIC routing to: physical x2apic
[    0.872454] kvm-guest: APIC: send_IPI_mask() replaced with kvm_send_ipi_mask()
[    0.873050] kvm-guest: APIC: send_IPI_mask_allbutself() replaced with kvm_send_ipi_mask_allbutself()
[    0.873787] kvm-guest: setup PV IPIs
[    0.875111] ..TIMER: vector=0x30 apic1=0 pin1=2 apic2=-1 pin2=-1
[    0.875627] clocksource: tsc-early: mask: 0xffffffffffffffff max_cycles: 0x12441513526, max_idle_ns: 440795239872 ns
[    0.876467] Calibrating delay loop (skipped) preset value.. 2534.40 BogoMIPS (lpj=5068800)
[    0.877277] CPU0: Thermal monitoring enabled (TM1)
[    0.877686] x86/cpu: User Mode Instruction Prevention (UMIP) activated
[    0.878336] Last level iTLB entries: 4KB 0, 2MB 0, 4MB 0
[    0.880481] Last level dTLB entries: 4KB 0, 2MB 0, 4MB 0, 1GB 0
[    0.880986] mitigations: Enabled attack vectors: user_kernel, user_user, guest_host, guest_guest, SMT mitigations: auto
[    0.881877] Speculative Store Bypass: Mitigation: Speculative Store Bypass disabled via prctl
[    0.882565] Spectre V2 : Mitigation: Enhanced / Automatic IBRS
[    0.883036] ITS: Mitigation: Aligned branch/return thunks
[    0.883473] Spectre V1 : Mitigation: usercopy/swapgs barriers and __user pointer sanitization
[    0.884159] Spectre V2 : WARNING: Unprivileged eBPF is enabled with eIBRS on, data leaks possible via Spectre v2 BHB attacks!
[    0.884459] Spectre V2 : Spectre v2 / PBRSB-eIBRS: Retire a single CALL on VMEXIT
[    0.885043] Spectre V2 : mitigation: Enabling conditional Indirect Branch Prediction Barrier
[    0.885692] active return thunk: its_return_thunk
[    0.886070] Spectre V2 : Spectre BHI mitigation: SW BHB clearing on syscall and VM exit
[    0.886727] x86/fpu: Supporting XSAVE feature 0x001: 'x87 floating point registers'
[    0.887344] x86/fpu: Supporting XSAVE feature 0x002: 'SSE registers'
[    0.888462] x86/fpu: Supporting XSAVE feature 0x004: 'AVX registers'
[    0.889045] x86/fpu: Supporting XSAVE feature 0x200: 'Protection Keys User registers'
[    0.889670] x86/fpu: xstate_offset[2]:  576, xstate_sizes[2]:  256
[    0.890167] x86/fpu: xstate_offset[9]:  832, xstate_sizes[9]:    8
[    0.890670] x86/fpu: Enabled xstate features 0x207, context size is 840 bytes, using 'compacted' format.
[    1.025640] Freeing SMP alternatives memory: 64K
[    1.026076] pid_max: default: 32768 minimum: 301
[    1.026725] LSM: initializing lsm=capability,yama,ima,evm
[    1.027242] Yama: becoming mindful.
[    1.027921] Mount-cache hash table entries: 4096 (order: 3, 32768 bytes, linear)
[    1.028462] Mountpoint-cache hash table entries: 4096 (order: 3, 32768 bytes, linear)
[    1.030781] Running RCU synchronous self tests
[    1.031142] Running RCU synchronous self tests
[    1.031954] smpboot: CPU0: Genuine Intel(R) 0000 @ (family: 0x6, model: 0xc6, stepping: 0x0)
[    1.032450] Performance Events: unsupported CPU family 6 model 198 no PMU driver, software events only.
[    1.032450] signal: max sigframe size: 3632
[    1.032450] rcu: Hierarchical SRCU implementation.
[    1.032450] rcu: 	Max phase no-delay instances is 1000.
[    1.032712] Timer migration: 1 hierarchy levels; 8 children per group; 1 crossnode level
[    1.045472] NMI watchdog: Perf NMI watchdog permanently disabled
[    1.046213] smp: Bringing up secondary CPUs ...
[    1.047349] smpboot: x86: Booting SMP configuration:
[    1.047749] .... node  #0, CPUs:      #1
[    1.048720] smp: Brought up 1 node, 2 CPUs
[    1.049195] smpboot: Total of 2 processors activated (5068.80 BogoMIPS)
[    1.050481] Memory: 1543364K/2096632K available (79857K kernel code, 15390K rwdata, 18460K rodata, 16232K init, 68408K bss, 541836K reserved, 0K cma-reserved)
[    1.053269] devtmpfs: initialized
[    1.053632] x86/mm: Memory block size: 128MB
[    1.066193] Running RCU synchronous self tests
[    1.066193] Running RCU synchronous self tests
[    1.068550] Running RCU Tasks wait API self tests
[    1.068880] Running RCU Tasks Rude wait API self tests
[    1.068880] Running RCU Tasks Trace wait API self tests
[    1.092547] clocksource: jiffies: mask: 0xffffffff max_cycles: 0xffffffff, max_idle_ns: 7645041785100000 ns
[    1.093434] posixtimers hash table entries: 1024 (order: 4, 73728 bytes, linear)
[    1.094151] futex hash table entries: 512 (65536 bytes on 1 NUMA nodes, total 64 KiB, linear).
[    1.095334] pinctrl core: initialized pinctrl subsystem
[    1.097455] 
[    1.097579] *************************************************************
[    1.098094] **     NOTICE NOTICE NOTICE NOTICE NOTICE NOTICE NOTICE    **
[    1.098623] **                                                         **
[    1.099140] **  IOMMU DebugFS SUPPORT HAS BEEN ENABLED IN THIS KERNEL  **
[    1.099669] **                                                         **
[    1.100192] ** This means that this kernel is built to expose internal **
[    1.100460] ** IOMMU data structures, which may compromise security on **
[    1.100983] ** your system.                                            **
[    1.101517] **                                                         **
[    1.102039] ** If you see this message and you are not debugging the   **
[    1.102567] ** kernel, report this immediately to your vendor!         **
[    1.103090] **                                                         **
[    1.103616] **     NOTICE NOTICE NOTICE NOTICE NOTICE NOTICE NOTICE    **
[    1.104137] *************************************************************
[    1.104556] PM: RTC time: 09:56:27, date: 2025-12-04
[    1.109747] NET: Registered PF_NETLINK/PF_ROUTE protocol family
[    1.111667] DMA: preallocated 256 KiB GFP_KERNEL pool for atomic allocations
[    1.112229] DMA: preallocated 256 KiB GFP_KERNEL|GFP_DMA pool for atomic allocations
[    1.112485] DMA: preallocated 256 KiB GFP_KERNEL|GFP_DMA32 pool for atomic allocations
[    1.113190] audit: initializing netlink subsys (disabled)
[    1.113664] audit: type=2000 audit(1764842187.407:1): state=initialized audit_enabled=0 res=1
[    1.113664] thermal_sys: Registered thermal governor 'fair_share'
[    1.113664] thermal_sys: Registered thermal governor 'bang_bang'
[    1.113928] thermal_sys: Registered thermal governor 'step_wise'
[    1.114426] thermal_sys: Registered thermal governor 'user_space'
[    1.116486] cpuidle: using governor ladder
[    1.117406] cpuidle: using governor menu
[    1.117406] acpiphp: ACPI Hot Plug PCI Controller Driver version: 0.5
[    1.118260] PCI: Using configuration type 1 for base access
[    1.120737] kprobes: kprobe jump-optimization is enabled. All kprobes are optimized if possible.
[    1.128763] Callback from call_rcu_tasks_trace() invoked.
[    1.255047] HugeTLB: registered 1.00 GiB page size, pre-allocated 0 pages
[    1.255047] HugeTLB: 16380 KiB vmemmap can be freed for a 1.00 GiB page
[    1.255047] HugeTLB: registered 2.00 MiB page size, pre-allocated 0 pages
[    1.255047] HugeTLB: 28 KiB vmemmap can be freed for a 2.00 MiB page
[    1.311224] ACPI: Added _OSI(Module Device)
[    1.311660] ACPI: Added _OSI(Processor Device)
[    1.312041] ACPI: Added _OSI(Processor Aggregator Device)
[    1.327334] ACPI: 1 ACPI AML tables successfully acquired and loaded
[    1.340623] ACPI: Interpreter enabled
[    1.341143] ACPI: PM: (supports S0 S3 S4 S5)
[    1.341509] ACPI: Using IOAPIC for interrupt routing
[    1.342071] PCI: Using host bridge windows from ACPI; if necessary, use "pci=nocrs" and report a bug
[    1.342828] PCI: Using E820 reservations for host bridge windows
[    1.344544] ACPI: Enabled 2 GPEs in block 00 to 0F
[    1.387291] ACPI: PCI Root Bridge [PCI0] (domain 0000 [bus 00-ff])
[    1.387905] acpi PNP0A03:00: _OSC: OS supports [ASPM ClockPM Segments MSI EDR HPX-Type3]
[    1.388466] acpi PNP0A03:00: _OSC: not requesting OS control; OS requires [ExtendedConfig ASPM ClockPM MSI]
[    1.389482] acpi PNP0A03:00: fail to add MMCONFIG information, can't access extended configuration space under this bridge
[    1.395115] acpiphp: Slot [3] registered
[    1.395602] acpiphp: Slot [4] registered
[    1.396101] acpiphp: Slot [5] registered
[    1.396591] acpiphp: Slot [6] registered
[    1.397051] acpiphp: Slot [7] registered
[    1.397522] acpiphp: Slot [8] registered
[    1.398019] acpiphp: Slot [9] registered
[    1.398483] acpiphp: Slot [10] registered
[    1.398956] acpiphp: Slot [11] registered
[    1.399421] acpiphp: Slot [12] registered
[    1.399926] acpiphp: Slot [13] registered
[    1.400408] acpiphp: Slot [14] registered
[    1.400590] acpiphp: Slot [15] registered
[    1.401070] acpiphp: Slot [16] registered
[    1.401579] acpiphp: Slot [17] registered
[    1.402034] acpiphp: Slot [18] registered
[    1.402503] acpiphp: Slot [19] registered
[    1.402967] acpiphp: Slot [20] registered
[    1.403472] acpiphp: Slot [21] registered
[    1.403942] acpiphp: Slot [22] registered
[    1.404419] acpiphp: Slot [23] registered
[    1.404582] acpiphp: Slot [24] registered
[    1.405092] acpiphp: Slot [25] registered
[    1.405570] acpiphp: Slot [26] registered
[    1.406037] acpiphp: Slot [27] registered
[    1.406509] acpiphp: Slot [28] registered
[    1.406997] acpiphp: Slot [29] registered
[    1.407476] acpiphp: Slot [30] registered
[    1.407979] acpiphp: Slot [31] registered
[    1.408412] PCI host bridge to bus 0000:00
[    1.408518] pci_bus 0000:00: root bus resource [io  0x0000-0x0cf7 window]
[    1.409106] pci_bus 0000:00: root bus resource [io  0x0d00-0xffff window]
[    1.409690] pci_bus 0000:00: root bus resource [mem 0x000a0000-0x000bffff window]
[    1.410330] pci_bus 0000:00: root bus resource [mem 0x80000000-0xfebfffff window]
[    1.410968] pci_bus 0000:00: root bus resource [mem 0x100000000-0x17fffffff window]
[    1.411625] pci_bus 0000:00: root bus resource [bus 00-ff]
[    1.412206] pci 0000:00:00.0: [8086:1237] type 00 class 0x060000 conventional PCI endpoint
[    1.421152] pci 0000:00:01.0: [8086:7000] type 00 class 0x060100 conventional PCI endpoint
[    1.423279] pci 0000:00:01.1: [8086:7010] type 00 class 0x010180 conventional PCI endpoint
[    1.424491] pci 0000:00:01.1: BAR 4 [io  0xc040-0xc04f]
[    1.424960] pci 0000:00:01.1: BAR 0 [io  0x01f0-0x01f7]: legacy IDE quirk
[    1.425566] pci 0000:00:01.1: BAR 1 [io  0x03f6]: legacy IDE quirk
[    1.426088] pci 0000:00:01.1: BAR 2 [io  0x0170-0x0177]: legacy IDE quirk
[    1.426663] pci 0000:00:01.1: BAR 3 [io  0x0376]: legacy IDE quirk
[    1.427729] pci 0000:00:01.3: [8086:7113] type 00 class 0x068000 conventional PCI endpoint
[    1.428711] pci 0000:00:01.3: quirk: [io  0x0600-0x063f] claimed by PIIX4 ACPI
[    1.429327] pci 0000:00:01.3: quirk: [io  0x0700-0x070f] claimed by PIIX4 SMB
[    1.430479] pci 0000:00:02.0: [1234:1111] type 00 class 0x030000 conventional PCI endpoint
[    1.449169] pci 0000:00:02.0: BAR 0 [mem 0xfd000000-0xfdffffff pref]
[    1.449843] pci 0000:00:02.0: BAR 2 [mem 0xfebf0000-0xfebf0fff]
[    1.450395] pci 0000:00:02.0: ROM [mem 0xfebe0000-0xfebeffff pref]
[    1.451437] pci 0000:00:02.0: Video device with shadowed ROM at [mem 0x000c0000-0x000dffff]
[    1.462962] pci 0000:00:03.0: [8086:100e] type 00 class 0x020000 conventional PCI endpoint
[    1.464732] pci 0000:00:03.0: BAR 0 [mem 0xfebc0000-0xfebdffff]
[    1.465889] pci 0000:00:03.0: BAR 1 [io  0xc000-0xc03f]
[    1.466963] pci 0000:00:03.0: ROM [mem 0xfeb80000-0xfebbffff pref]
[    1.492814] ACPI: PCI: Interrupt link LNKA configured for IRQ 10
[    1.494443] ACPI: PCI: Interrupt link LNKB configured for IRQ 10
[    1.495842] ACPI: PCI: Interrupt link LNKC configured for IRQ 11
[    1.497319] ACPI: PCI: Interrupt link LNKD configured for IRQ 11
[    1.498252] ACPI: PCI: Interrupt link LNKS configured for IRQ 9
[    1.504456] iommu: Default domain type: Translated
[    1.504456] iommu: DMA domain TLB invalidation policy: lazy mode
[    1.510503] SCSI subsystem initialized
[    1.512451] ACPI: bus type USB registered
[    1.512451] usbcore: registered new interface driver usbfs
[    1.513110] usbcore: registered new interface driver hub
[    1.513687] usbcore: registered new device driver usb
[    1.514760] pps_core: LinuxPPS API ver. 1 registered
[    1.515207] pps_core: Software ver. 5.3.6 - Copyright 2005-2007 Rodolfo Giometti <giometti@linux.it>
[    1.516076] PTP clock support registered
[    1.517069] EDAC MC: Ver: 3.0.0
[    1.522269] NetLabel: Initializing
[    1.522606] NetLabel:  domain hash size = 128
[    1.522994] NetLabel:  protocols = UNLABELED CIPSOv4 CALIPSO
[    1.523745] NetLabel:  unlabeled traffic allowed by default
[    1.525233] PCI: Using ACPI for IRQ routing
[    1.526196] pci 0000:00:02.0: vgaarb: setting as boot VGA device
[    1.526747] pci 0000:00:02.0: vgaarb: bridge control possible
[    1.527249] pci 0000:00:02.0: vgaarb: VGA device added: decodes=io+mem,owns=io+mem,locks=none
[    1.527993] vgaarb: loaded
[    1.529381] hpet0: at MMIO 0xfed00000, IRQs 2, 8, 0
[    1.529839] hpet0: 3 comparators, 64-bit 100.000000 MHz counter
[    1.538419] clocksource: Switched to clocksource kvm-clock
[    3.663866] VFS: Disk quotas dquot_6.6.0
[    3.664321] VFS: Dquot-cache hash table entries: 512 (order 0, 4096 bytes)
[    3.668865] pnp: PnP ACPI init
[    3.673313] pnp: PnP ACPI: found 6 devices
[    3.695251] clocksource: acpi_pm: mask: 0xffffff max_cycles: 0xffffff, max_idle_ns: 2085701024 ns
[    3.696683] NET: Registered PF_INET protocol family
[    3.697539] IP idents hash table entries: 32768 (order: 6, 262144 bytes, linear)
[    3.700186] tcp_listen_portaddr_hash hash table entries: 1024 (order: 4, 73728 bytes, linear)
[    3.701665] Table-perturb hash table entries: 65536 (order: 6, 262144 bytes, linear)
[    3.702389] TCP established hash table entries: 16384 (order: 5, 131072 bytes, linear)
[    3.703669] TCP bind hash table entries: 16384 (order: 9, 2359296 bytes, linear)
[    3.706865] TCP: Hash tables configured (established 16384 bind 16384)
[    3.707751] UDP hash table entries: 1024 (order: 6, 262144 bytes, linear)
[    3.708505] UDP-Lite hash table entries: 1024 (order: 6, 262144 bytes, linear)
[    3.709784] NET: Registered PF_UNIX/PF_LOCAL protocol family
[    3.711969] RPC: Registered named UNIX socket transport module.
[    3.712492] RPC: Registered udp transport module.
[    3.712910] RPC: Registered tcp transport module.
[    3.713286] RPC: Registered tcp-with-tls transport module.
[    3.713739] RPC: Registered tcp NFSv4.1 backchannel transport module.
[    3.714317] pci_bus 0000:00: resource 4 [io  0x0000-0x0cf7 window]
[    3.714836] pci_bus 0000:00: resource 5 [io  0x0d00-0xffff window]
[    3.715348] pci_bus 0000:00: resource 6 [mem 0x000a0000-0x000bffff window]
[    3.715932] pci_bus 0000:00: resource 7 [mem 0x80000000-0xfebfffff window]
[    3.716503] pci_bus 0000:00: resource 8 [mem 0x100000000-0x17fffffff window]
[    3.717482] pci 0000:00:01.0: PIIX3: Enabling Passive Release
[    3.717982] pci 0000:00:00.0: Limiting direct PCI/PCI transfers
[    3.718569] PCI: CLS 0 bytes, default 64
[    3.719641] ACPI: bus type thunderbolt registered
[    3.720578] clocksource: tsc: mask: 0xffffffffffffffff max_cycles: 0x12441513526, max_idle_ns: 440795239872 ns
[    3.729876] Initialise system trusted keyrings
[    3.730405] Key type blacklist registered
[    3.732027] workingset: timestamp_bits=36 max_order=19 bucket_order=0
[    3.734991] squashfs: version 4.0 (2009/01/31) Phillip Lougher
[    3.737681] NFS: Registering the id_resolver key type
[    3.738165] Key type id_resolver registered
[    3.738517] Key type id_legacy registered
[    3.738914] nfs4filelayout_init: NFSv4 File Layout Driver Registering...
[    3.739511] nfs4flexfilelayout_init: NFSv4 Flexfile Layout Driver Registering...
[    3.740675] fuse: init (API version 7.45)
[    3.740722] Callback from call_rcu_tasks() invoked.
[    3.741647] SGI XFS with ACLs, security attributes, realtime, quota, no debug enabled
[    3.744006] 9p: Installing v9fs 9p2000 file system support
[    3.758390] Key type asymmetric registered
[    3.758800] Asymmetric key parser 'x509' registered
[    3.759497] Block layer SCSI generic (bsg) driver version 0.4 loaded (major 241)
[    3.760991] io scheduler mq-deadline registered
[    3.762081] io scheduler bfq registered
[    3.764307] ledtrig-cpu: registered to indicate activity on CPUs
[    3.768915] IPMI message handler: version 39.2
[    3.769965] ipmi device interface
[    3.773528] input: Power Button as /devices/LNXSYSTM:00/LNXPWRBN:00/input/input0
[    3.775183] ACPI: button: Power Button [PWRF]
[    3.778779] ERST DBG: ERST support is disabled.
[    3.782439] Serial: 8250/16550 driver, 32 ports, IRQ sharing enabled
[    3.784391] 00:04: ttyS0 at I/O 0x3f8 (irq = 4, base_baud = 115200) is a 16550A
[    3.827116] Linux agpgart interface v0.103
[    3.830977] ACPI: bus type drm_connector registered
[    3.868357] brd: module loaded
[    3.888677] loop: module loaded
[    3.908468] scsi host0: ata_piix
[    3.911384] scsi host1: ata_piix
[    3.912330] ata1: PATA max MWDMA2 cmd 0x1f0 ctl 0x3f6 bmdma 0xc040 irq 14 lpm-pol 0
[    3.913021] ata2: PATA max MWDMA2 cmd 0x170 ctl 0x376 bmdma 0xc048 irq 15 lpm-pol 0
[    3.917426] tun: Universal TUN/TAP device driver, 1.6
[    3.918870] e100: Intel(R) PRO/100 Network Driver
[    3.919294] e100: Copyright(c) 1999-2006 Intel Corporation
[    3.919967] e1000: Intel(R) PRO/1000 Network Driver
[    3.920380] e1000: Copyright (c) 1999-2006 Intel Corporation.
[    4.069099] ata2: found unknown device (class 0)
[    4.071171] ata2.00: ATAPI: QEMU DVD-ROM, 2.5+, max UDMA/100
[    4.072728] ata1: found unknown device (class 0)
[    4.074053] ata1.00: ATA-7: QEMU HARDDISK, 2.5+, max UDMA/100
[    4.074633] ata1.00: 17196647 sectors, multi 16: LBA48 
[    4.076392] scsi 0:0:0:0: Direct-Access     ATA      QEMU HARDDISK    2.5+ PQ: 0 ANSI: 5
[    4.079546] sd 0:0:0:0: Attached scsi generic sg0 type 0
[    4.080476] sd 0:0:0:0: [sda] 17196647 512-byte logical blocks: (8.80 GB/8.20 GiB)
[    4.081676] sd 0:0:0:0: [sda] Write Protect is off
[    4.082347] sd 0:0:0:0: [sda] Write cache: enabled, read cache: enabled, doesn't support DPO or FUA
[    4.083157] scsi 1:0:0:0: CD-ROM            QEMU     QEMU DVD-ROM     2.5+ PQ: 0 ANSI: 5
[    4.084051] sd 0:0:0:0: [sda] Preferred minimum I/O size 512 bytes
[    4.109385] sd 0:0:0:0: [sda] Attached SCSI disk
[    4.118878] scsi 1:0:0:0: Attached scsi generic sg1 type 5
[    4.643890] ACPI: \_SB_.LNKC: Enabled at IRQ 11
[    4.956778] e1000 0000:00:03.0 eth0: (PCI:33MHz:32-bit) 52:54:00:12:34:56
[    4.957408] e1000 0000:00:03.0 eth0: Intel(R) PRO/1000 Network Connection
[    4.958211] e1000e: Intel(R) PRO/1000 Network Driver
[    4.958618] e1000e: Copyright(c) 1999 - 2015 Intel Corporation.
[    4.959255] igb: Intel(R) Gigabit Ethernet Network Driver
[    4.959694] igb: Copyright (c) 2007-2014 Intel Corporation.
[    4.960569] PPP generic driver version 2.4.2
[    4.962796] VFIO - User Level meta-driver version: 0.3
[    4.966374] usbcore: registered new interface driver uas
[    4.967071] usbcore: registered new interface driver usb-storage
[    4.967891] i8042: PNP: PS/2 Controller [PNP0303:KBD,PNP0f13:MOU] at 0x60,0x64 irq 1,12
[    4.969822] serio: i8042 KBD port at 0x60,0x64 irq 1
[    4.970304] serio: i8042 AUX port at 0x60,0x64 irq 12
[    4.972390] mousedev: PS/2 mouse device common for all mice
[    4.974335] input: AT Translated Set 2 keyboard as /devices/platform/i8042/serio0/input/input1
[    4.976983] rtc_cmos 00:05: RTC can wake from S4
[    4.977242] input: VirtualPS/2 VMware VMMouse as /devices/platform/i8042/serio1/input/input4
[    4.980362] input: VirtualPS/2 VMware VMMouse as /devices/platform/i8042/serio1/input/input3
[    4.981309] rtc_cmos 00:05: registered as rtc0
[    4.982328] rtc_cmos 00:05: setting system clock to 2025-12-04T09:56:31 UTC (1764842191)
[    4.984517] rtc_cmos 00:05: alarms up to one day, y3k, 242 bytes nvram, hpet irqs
[    4.986042] i2c_dev: i2c /dev entries driver
[    4.987563] device-mapper: core: CONFIG_IMA_DISABLE_HTABLE is disabled. Duplicate IMA measurements will not be recorded in the IMA log.
[    4.989495] device-mapper: uevent: version 1.0.3
[    4.990624] device-mapper: ioctl: 4.50.0-ioctl (2025-04-28) initialised: dm-devel@lists.linux.dev
[    4.991365] intel_pstate: CPU model not supported
[    4.992059] sdhci: Secure Digital Host Controller Interface driver
[    4.992569] sdhci: Copyright(c) Pierre Ossman
[    4.993202] sdhci-pltfm: SDHCI platform and OF driver helper
[    4.994474] drop_monitor: Initializing network drop monitor service
[    4.995499] NET: Registered PF_INET6 protocol family
[    4.999194] Segment Routing with IPv6
[    4.999597] In-situ OAM (IOAM) with IPv6
[    5.000017] NET: Registered PF_PACKET protocol family
[    5.000891] 9pnet: Installing 9P2000 support
[    5.001402] Key type dns_resolver registered
[    5.004111] IPI shorthand broadcast: enabled
[    5.061545] sched_clock: Marking stable (5044009015, 16591576)->(5068021047, -7420456)
[    5.063533] registered taskstats version 1
[    5.064704] Loading compiled-in X.509 certificates
[    5.140626] Demotion targets for Node 0: null
[    5.143013] Key type .fscrypt registered
[    5.143391] Key type fscrypt-provisioning registered
[    5.148862] Key type encrypted registered
[    5.149311] ima: No TPM chip found, activating TPM-bypass!
[    5.149776] ima: Allocated hash algorithm: sha1
[    5.150247] ima: No architecture policies found
[    5.150785] evm: Initialising EVM extended attributes:
[    5.151208] evm: security.selinux
[    5.151484] evm: security.SMACK64
[    5.151763] evm: security.SMACK64EXEC
[    5.152065] evm: security.SMACK64TRANSMUTE
[    5.152401] evm: security.SMACK64MMAP
[    5.152730] evm: security.apparmor
[    5.153016] evm: security.ima
[    5.153264] evm: security.capability
[    5.153566] evm: HMAC attrs: 0x1
[    5.156574] PM:   Magic number: 5:182:929
[    5.158485] RAS: Correctable Errors collector initialized.
[    5.159911] clk: Disabling unused clocks
[    5.160300] PM: genpd: Disabling unused power domains
[    5.161541] check access for rdinit=/init failed: -2, ignoring
[    5.161988] md: Waiting for all devices to be available before autodetect
[    5.162372] md: If you don't use raid, use raid=noautodetect
[    5.162684] md: Autodetecting RAID arrays.
[    5.162929] md: autorun ...
[    5.163088] md: ... autorun DONE.
[    5.177973] EXT4-fs (sda): mounted filesystem 088740a9-c8b4-422c-999d-a804eb68a4da ro with ordered data mode. Quota mode: none.
[    5.178780] VFS: Mounted root (ext4 filesystem) readonly on device 8:0.
[    5.182383] devtmpfs: mounted
[    5.204672] Freeing unused decrypted memory: 2036K
[    5.218407] Freeing unused kernel image (initmem) memory: 16232K
[    5.219015] Write protecting the kernel read-only data: 100352k
[    5.220845] Freeing unused kernel image (text/rodata gap) memory: 12K
[    5.223840] Freeing unused kernel image (rodata/data gap) memory: 2020K
[    5.290585] x86/mm: Checked W+X mappings: passed, no W+X pages found.
[    5.290990] Run /sbin/init as init process
[    5.512398] systemd[1]: systemd 252-15.el9 running in system mode (+PAM +AUDIT +SELINUX -APPARMOR +IMA +SMACK +SECCOMP +GCRYPT +GNUTLS +OPENSSL +ACL +BLKID +CURL +ELFUTILS -FIDO2 +IDN2 -IDN -IPTC +KMOD +LIBCRYPTSETUP +LIBFDISK +PCRE2 -PWQUALITY +P11KIT -QRENCODE +TPM2 +BZIP2 +LZ4 +XZ +ZLIB +ZSTD -BPF_FRAMEWORK +XKBCOMMON +UTMP +SYSVINIT default-hierarchy=unified)
[    5.514166] systemd[1]: Detected virtualization kvm.
[    5.514439] systemd[1]: Detected architecture x86-64.

Welcome to [0;31mCentOS Stream 9[0m!

[    5.521717] systemd[1]: Hostname set to <test>.
[    5.764752] systemd-rc-local-generator[117]: /etc/rc.d/rc.local is not marked executable, skipping.
[    6.295727] systemd[1]: Queued start job for default target Multi-User System.
[    6.316058] systemd[1]: Created slice Virtual Machine and Container Slice.
[[0;32m  OK  [0m] Created slice [0;1;39mVirtual Machine and Container Slice[0m.
[    6.320887] systemd[1]: Created slice Slice /system/getty.
[[0;32m  OK  [0m] Created slice [0;1;39mSlice /system/getty[0m.
[    6.323599] systemd[1]: Created slice Slice /system/modprobe.
[[0;32m  OK  [0m] Created slice [0;1;39mSlice /system/modprobe[0m.
[    6.326460] systemd[1]: Created slice Slice /system/serial-getty.
[[0;32m  OK  [0m] Created slice [0;1;39mSlice /system/serial-getty[0m.
[    6.329299] systemd[1]: Created slice Slice /system/sshd-keygen.
[[0;32m  OK  [0m] Created slice [0;1;39mSlice /system/sshd-keygen[0m.
[    6.332007] systemd[1]: Created slice User and Session Slice.
[[0;32m  OK  [0m] Created slice [0;1;39mUser and Session Slice[0m.
[    6.333300] systemd[1]: Started Forward Password Requests to Wall Directory Watch.
[[0;32m  OK  [0m] Started [0;1;39mForward Password RŌĆ”uests to Wall Directory Watch[0m.
[    6.335338] systemd[1]: Set up automount Arbitrary Executable File Formats File System Automount Point.
[[0;32m  OK  [0m] Set up automount [0;1;39mArbitraryŌĆ”s File System Automount Point[0m.
[    6.336785] systemd[1]: Reached target Local Integrity Protected Volumes.
[[0;32m  OK  [0m] Reached target [0;1;39mLocal Integrity Protected Volumes[0m.
[    6.337857] systemd[1]: Reached target Slice Units.
[[0;32m  OK  [0m] Reached target [0;1;39mSlice Units[0m.
[    6.338644] systemd[1]: Reached target Swaps.
[[0;32m  OK  [0m] Reached target [0;1;39mSwaps[0m.
[    6.339375] systemd[1]: Reached target Local Verity Protected Volumes.
[[0;32m  OK  [0m] Reached target [0;1;39mLocal Verity Protected Volumes[0m.
[    6.340762] systemd[1]: Listening on Device-mapper event daemon FIFOs.
[[0;32m  OK  [0m] Listening on [0;1;39mDevice-mapper event daemon FIFOs[0m.
[    6.342351] systemd[1]: Listening on LVM2 poll daemon socket.
[[0;32m  OK  [0m] Listening on [0;1;39mLVM2 poll daemon socket[0m.
[    6.343413] systemd[1]: multipathd control socket was skipped because of an unmet condition check (ConditionPathExists=/etc/multipath.conf).
[    6.372485] systemd[1]: Listening on RPCbind Server Activation Socket.
[[0;32m  OK  [0m] Listening on [0;1;39mRPCbind Server Activation Socket[0m.
[    6.374302] systemd[1]: Reached target RPC Port Mapper.
[[0;32m  OK  [0m] Reached target [0;1;39mRPC Port Mapper[0m.
[    6.377678] systemd[1]: Listening on Process Core Dump Socket.
[[0;32m  OK  [0m] Listening on [0;1;39mProcess Core Dump Socket[0m.
[    6.379063] systemd[1]: Listening on initctl Compatibility Named Pipe.
[[0;32m  OK  [0m] Listening on [0;1;39minitctl Compatibility Named Pipe[0m.
[    6.380901] systemd[1]: Listening on Journal Socket (/dev/log).
[[0;32m  OK  [0m] Listening on [0;1;39mJournal Socket (/dev/log)[0m.
[    6.382390] systemd[1]: Listening on Journal Socket.
[[0;32m  OK  [0m] Listening on [0;1;39mJournal Socket[0m.
[    6.384439] systemd[1]: Listening on udev Control Socket.
[[0;32m  OK  [0m] Listening on [0;1;39mudev Control Socket[0m.
[    6.386707] systemd[1]: Listening on udev Kernel Socket.
[[0;32m  OK  [0m] Listening on [0;1;39mudev Kernel Socket[0m.
[    6.393158] systemd[1]: Mounting Huge Pages File System...
         Mounting [0;1;39mHuge Pages File System[0m...
[    6.399541] systemd[1]: Mounting POSIX Message Queue File System...
         Mounting [0;1;39mPOSIX Message Queue File System[0m...
[    6.411451] systemd[1]: Mounting Kernel Debug File System...
         Mounting [0;1;39mKernel Debug File System[0m...
[    6.417885] systemd[1]: Mounting Kernel Trace File System...
         Mounting [0;1;39mKernel Trace File System[0m...
[    6.419106] systemd[1]: Kernel Module supporting RPCSEC_GSS was skipped because of an unmet condition check (ConditionPathExists=/etc/krb5.keytab).
[    6.419979] systemd[1]: Create List of Static Device Nodes was skipped because of an unmet condition check (ConditionFileNotEmpty=/lib/modules/6.18.0-rc3-e93d5945ed5b+/modules.devname).
[    6.458126] systemd[1]: Starting Monitoring of LVM2 mirrors, snapshots etc. using dmeventd or progress polling...
         Starting [0;1;39mMonitoring of LVMŌĆ”meventd or progress polling[0m...
[    6.466406] systemd[1]: Starting Load Kernel Module configfs...
         Starting [0;1;39mLoad Kernel Module configfs[0m...
[    6.478700] systemd[1]: Starting Load Kernel Module drm...
         Starting [0;1;39mLoad Kernel Module drm[0m...
[    6.488532] systemd[1]: Starting Load Kernel Module fuse...
         Starting [0;1;39mLoad Kernel Module fuse[0m...
[    6.501824] systemd[1]: Starting Read and set NIS domainname from /etc/sysconfig/network...
         Starting [0;1;39mRead and set NIS ŌĆ”from /etc/sysconfig/network[0m...
[    6.514326] systemd[1]: Starting Journal Service...
         Starting [0;1;39mJournal Service[0m...
[    6.529151] systemd[1]: Starting Load Kernel Modules...
         Starting [0;1;39mLoad Kernel Modules[0m...
[    6.545436] systemd[1]: Starting Generate network units from Kernel command line...
         Starting [0;1;39mGenerate network ŌĆ”ts from Kernel command line[0m...
[    6.622573] systemd[1]: Starting Remount Root and Kernel File Systems...
         Starting [0;1;39mRemount Root and Kernel File Systems[0m...
[    6.623973] systemd[1]: Repartition Root Disk was skipped because no trigger condition checks were met.
[    6.632588] systemd[1]: Starting Coldplug All udev Devices...
         Starting [0;1;39mColdplug All udev Devices[0m...
[    6.657854] systemd[1]: Mounted Huge Pages File System.
[[0;32m  OK  [0m] Mounted [0;1;39mHuge Pages File System[0m.
[    6.665314] systemd[1]: Mounted POSIX Message Queue File System.
[[0;32m  OK  [0m] Mounted [0;1;39mPOSIX Message Queue File System[0m.
[    6.669125] systemd[1]: Mounted Kernel Debug File System.
[[0;32m  OK  [0m] Mounted [0;1;39mKernel Debug File System[0m.
[    6.673161] systemd[1]: Mounted Kernel Trace File System.
[[0;32m  OK  [0m] Mounted [0;1;39mKernel Trace File System[0m.
[    6.675884] systemd[1]: Finished Monitoring of LVM2 mirrors, snapshots etc. using dmeventd or progress polling.
[[0;32m  OK  [0m] Finished [0;1;39mMonitoring of LVMŌĆ” dmeventd or progress polling[0m.
[    6.683784] systemd[1]: modprobe@configfs.service: Deactivated successfully.
[    6.689402] systemd[1]: Finished Load Kernel Module configfs.
[[0;32m  OK  [0m] Finished [0;1;39mLoad Kernel Module configfs[0m.
[    6.692560] systemd[1]: modprobe@drm.service: Deactivated successfully.
[    6.697846] systemd[1]: Finished Load Kernel Module drm.
[[0;32m  OK  [0m] Finished [0;1;39mLoad Kernel Module drm[0m.
[    6.700170] systemd[1]: modprobe@fuse.service: Deactivated successfully.
[    6.706171] systemd[1]: Finished Load Kernel Module fuse.
[[0;32m  OK  [0m] Finished [0;1;39mLoad Kernel Module fuse[0m.
[    6.714099] systemd[1]: Finished Read and set NIS domainname from /etc/sysconfig/network.
[[0;32m  OK  [0m] Finished [0;1;39mRead and set NIS ŌĆ”e from /etc/sysconfig/network[0m.
[    6.717361] systemd[1]: systemd-modules-load.service: Main process exited, code=exited, status=1/FAILURE
[    6.718732] systemd[1]: systemd-modules-load.service: Failed with result 'exit-code'.
[    6.724743] systemd[1]: Failed to start Load Kernel Modules.
[[0;1;31mFAILED[0m] Failed to start [0;1;39mLoad Kernel Modules[0m.
See 'systemctl status systemd-modules-load.service' for details.
[    6.730400] systemd[1]: Started Journal Service.
[[0;32m  OK  [0m] Started [0;1;39mJournal Service[0m.
[    6.731939] EXT4-fs (sda): re-mounted 088740a9-c8b4-422c-999d-a804eb68a4da r/w.
[[0;32m  OK  [0m] Finished [0;1;39mGenerate network units from Kernel command line[0m.
[[0;32m  OK  [0m] Reached target [0;1;39mPreparation for Network[0m.
         Mounting [0;1;39mFUSE Control File System[0m...
         Mounting [0;1;39mKernel Configuration File System[0m...
         Starting [0;1;39mApply Kernel Variables[0m...
[[0;32m  OK  [0m] Finished [0;1;39mRemount Root and Kernel File Systems[0m.
[[0;32m  OK  [0m] Mounted [0;1;39mFUSE Control File System[0m.
[[0;32m  OK  [0m] Mounted [0;1;39mKernel Configuration File System[0m.
         Starting [0;1;39mFlush Journal to Persistent Storage[0m...
         Starting [0;1;39mLoad/Save Random Seed[0m...
[    6.885303] systemd-journald[142]: Received client request to flush runtime journal.
         Starting [0;1;39mCreate Static Device Nodes in /dev[0m...
         Starting [0;1;39mSetup Virtual Console[0m...
[[0;32m  OK  [0m] Finished [0;1;39mApply Kernel Variables[0m.
[[0;32m  OK  [0m] Finished [0;1;39mFlush Journal to Persistent Storage[0m.
[[0;32m  OK  [0m] Finished [0;1;39mLoad/Save Random Seed[0m.
[[0;32m  OK  [0m] Finished [0;1;39mCreate Static Device Nodes in /dev[0m.
         Starting [0;1;39mRule-based ManageŌĆ”for Device Events and Files[0m...
[[0;32m  OK  [0m] Started [0;1;39mRule-based Manager for Device Events and Files[0m.
         Starting [0;1;39mAuto-connect to sŌĆ”E devices found during boot[0m...
[[0;32m  OK  [0m] Finished [0;1;39mAuto-connect to sŌĆ”VME devices found during boot[0m.
[[0;32m  OK  [0m] Finished [0;1;39mColdplug All udev Devices[0m.
         Starting [0;1;39mWait for udev To ŌĆ”plete Device Initialization[0m...
[[0;32m  OK  [0m] Finished [0;1;39mSetup Virtual Console[0m.
[[0;32m  OK  [0m] Started [0;1;39mDispatch Password ŌĆ”ts to Console Directory Watch[0m.
[[0;32m  OK  [0m] Reached target [0;1;39mLocal Encrypted Volumes[0m.
[[0;32m  OK  [0m] Reached target [0;1;39mPath Units[0m.
[[0;32m  OK  [0m] Found device [0;1;39m/dev/ttyS0[0m.
[[0;32m  OK  [0m] Listening on [0;1;39mLoad/Save RF ŌĆ”itch Status /dev/rfkill Watch[0m.
[[0;32m  OK  [0m] Finished [0;1;39mWait for udev To Complete Device Initialization[0m.
[[0;32m  OK  [0m] Reached target [0;1;39mPreparation for Local File Systems[0m.
[[0;32m  OK  [0m] Reached target [0;1;39mLocal File Systems[0m.
         Starting [0;1;39mTell Plymouth To Write Out Runtime Data[0m...
         Starting [0;1;39mAutomatic Boot Loader Update[0m...
         Starting [0;1;39mCreate Volatile Files and Directories[0m...
[[0;32m  OK  [0m] Finished [0;1;39mTell Plymouth To Write Out Runtime Data[0m.
[[0;32m  OK  [0m] Finished [0;1;39mAutomatic Boot Loader Update[0m.
[[0;32m  OK  [0m] Finished [0;1;39mCreate Volatile Files and Directories[0m.
         Mounting [0;1;39mRPC Pipe File System[0m...
         Starting [0;1;39mSecurity Auditing Service[0m...
         Starting [0;1;39mRPC Bind[0m...
[[0;32m  OK  [0m] Mounted [0;1;39mRPC Pipe File System[0m.
[[0;32m  OK  [0m] Reached target [0;1;39mrpc_pipefs.target[0m.
[[0;32m  OK  [0m] Started [0;1;39mRPC Bind[0m.
[[0;32m  OK  [0m] Started [0;1;39mSecurity Auditing Service[0m.
         Starting [0;1;39mRecord System Boot/Shutdown in UTMP[0m...
[[0;32m  OK  [0m] Finished [0;1;39mRecord System Boot/Shutdown in UTMP[0m.
[[0;32m  OK  [0m] Reached target [0;1;39mSystem Initialization[0m.
[[0;32m  OK  [0m] Started [0;1;39mDaily rotation of log files[0m.
[[0;32m  OK  [0m] Started [0;1;39mUpdates mlocate database every day[0m.
[[0;32m  OK  [0m] Started [0;1;39mDaily Cleanup of Temporary Directories[0m.
[[0;32m  OK  [0m] Started [0;1;39mdaily update of the root trust anchor for DNSSEC[0m.
[[0;32m  OK  [0m] Reached target [0;1;39mTimer Units[0m.
[[0;32m  OK  [0m] Listening on [0;1;39mD-Bus System Message Bus Socket[0m.
[[0;32m  OK  [0m] Listening on [0;1;39mOpen-iSCSI iscsid Socket[0m.
[[0;32m  OK  [0m] Listening on [0;1;39mOpen-iSCSI iscsiuio Socket[0m.
[[0;32m  OK  [0m] Listening on [0;1;39mSSSD KerberosŌĆ”ache Manager responder socket[0m.
[[0;32m  OK  [0m] Listening on [0;1;39mLibvirt interface local socket[0m.
[[0;32m  OK  [0m] Listening on [0;1;39mVirtual machine lock manager socket[0m.
[[0;32m  OK  [0m] Listening on [0;1;39mVirtual machine log manager socket[0m.
[[0;32m  OK  [0m] Listening on [0;1;39mLibvirt network local socket[0m.
[[0;32m  OK  [0m] Listening on [0;1;39mLibvirt nodedev local socket[0m.
[[0;32m  OK  [0m] Listening on [0;1;39mLibvirt nwfilter local socket[0m.
[[0;32m  OK  [0m] Listening on [0;1;39mLibvirt proxy local socket[0m.
[[0;32m  OK  [0m] Listening on [0;1;39mLibvirt qemu local socket[0m.
[[0;32m  OK  [0m] Listening on [0;1;39mLibvirt qemu admin socket[0m.
[[0;32m  OK  [0m] Listening on [0;1;39mLibvirt qemu local read-only socket[0m.
[[0;32m  OK  [0m] Listening on [0;1;39mLibvirt secret local socket[0m.
[[0;32m  OK  [0m] Listening on [0;1;39mLibvirt storage local socket[0m.
[[0;32m  OK  [0m] Reached target [0;1;39mSocket Units[0m.
         Starting [0;1;39mD-Bus System Message Bus[0m...
[[0;32m  OK  [0m] Started [0;1;39mD-Bus System Message Bus[0m.
[[0;32m  OK  [0m] Reached target [0;1;39mBasic System[0m.
         Starting [0;1;39mNetwork Manager[0m...
         Starting [0;1;39mNTP client/server[0m...
         Starting [0;1;39mRestore /run/initramfs on shutdown[0m...
[[0;32m  OK  [0m] Started [0;1;39mirqbalance daemon[0m.
[[0;32m  OK  [0m] Started [0;1;39mlibstoragemgmt plug-in server daemon[0m.
[[0;32m  OK  [0m] Started [0;1;39mMachine Check Exception Logging Daemon[0m.
[[0;32m  OK  [0m] Reached target [0;1;39msshd-keygen.target[0m.
[[0;32m  OK  [0m] Reached target [0;1;39mUser and Group Name Lookups[0m.
         Starting [0;1;39mUser Login Management[0m...
         Starting [0;1;39mVirtual Machine aŌĆ”tainer Registration Service[0m...
         Starting [0;1;39mupdate of the rooŌĆ”NSSEC validation in unbound[0m...
         Starting [0;1;39mRotate log files[0m...
[[0;32m  OK  [0m] Started [0;1;39mUpdate a database for mlocate[0m.
[[0;32m  OK  [0m] Finished [0;1;39mRestore /run/initramfs on shutdown[0m.
[[0;32m  OK  [0m] Started [0;1;39mVirtual Machine anŌĆ”ontainer Registration Service[0m.
         Starting [0;1;39mHostname Service[0m...
[[0;32m  OK  [0m] Finished [0;1;39mupdate of the rooŌĆ” DNSSEC validation in unbound[0m.
[[0;32m  OK  [0m] Started [0;1;39mNTP client/server[0m.
[[0;32m  OK  [0m] Started [0;1;39mUser Login Management[0m.
[[0;32m  OK  [0m] Started [0;1;39mHostname Service[0m.
[[0;32m  OK  [0m] Finished [0;1;39mRotate log files[0m.
         Starting [0;1;39mNetwork Manager Script Dispatcher Service[0m...
[[0;32m  OK  [0m] Started [0;1;39mNetwork Manager Script Dispatcher Service[0m.
[   10.713015] e1000: eth0 NIC Link is Up 1000 Mbps Full Duplex, Flow Control: RX
[[0;32m  OK  [0m] Started [0;1;39mNetwork Manager[0m.
[[0;32m  OK  [0m] Reached target [0;1;39mNetwork[0m.
[[0;32m  OK  [0m] Reached target [0;1;39mNetwork is Online[0m.
         Starting [0;1;39mGSSAPI Proxy Daemon[0m...
         Starting [0;1;39mNotify NFS peers of a restart[0m...
         Starting [0;1;39mSystem Logging Service[0m...
         Starting [0;1;39mOpenSSH server daemon[0m...
         Starting [0;1;39mDynamic System Tuning Daemon[0m...
[[0;32m  OK  [0m] Started [0;1;39mNotify NFS peers of a restart[0m.
[[0;32m  OK  [0m] Started [0;1;39mOpenSSH server daemon[0m.
[[0;32m  OK  [0m] Started [0;1;39mGSSAPI Proxy Daemon[0m.
[[0;32m  OK  [0m] Reached target [0;1;39mNFS client services[0m.
[[0;32m  OK  [0m] Reached target [0;1;39mPreparation for Remote File Systems[0m.
[[0;32m  OK  [0m] Reached target [0;1;39mRemote File Systems[0m.
         Starting [0;1;39mPermit User Sessions[0m...
         Starting [0;1;39mVirtualization qemu daemon[0m...
[[0;32m  OK  [0m] Finished [0;1;39mPermit User Sessions[0m.
[[0;32m  OK  [0m] Started [0;1;39mDeferred execution scheduler[0m.
[[0;32m  OK  [0m] Started [0;1;39mCommand Scheduler[0m.
         Starting [0;1;39mHold until boot process finishes up[0m...
         Starting [0;1;39mTerminate Plymouth Boot Screen[0m...
[[0;32m  OK  [0m] Started [0;1;39mSystem Logging Service[0m.
[[0;32m  OK  [0m] Started [0;1;39mVirtualization qemu daemon[0m.
[[0;32m  OK  [0m] Finished [0;1;39mHold until boot process finishes up[0m.
[[0;32m  OK  [0m] Finished [0;1;39mTerminate Plymouth Boot Screen[0m.
[[0;32m  OK  [0m] Started [0;1;39mGetty on tty1[0m.
[[0;32m  OK  [0m] Started [0;1;39mSerial Getty on ttyS0[0m.
[[0;32m  OK  [0m] Reached target [0;1;39mLogin Prompts[0m.
         Starting [0;1;39mAuthorization Manager[0m...
[[0;32m  OK  [0m] Started [0;1;39mAuthorization Manager[0m.
[[0;32m  OK  [0m] Started [0;1;39mDynamic System Tuning Daemon[0m.
[[0;32m  OK  [0m] Reached target [0;1;39mMulti-User System[0m.
         Starting [0;1;39mRecord Runlevel Change in UTMP[0m...
[[0;32m  OK  [0m] Finished [0;1;39mRecord Runlevel Change in UTMP[0m.

CentOS Stream 9
Kernel 6.18.0-rc3-e93d5945ed5b+ on an x86_64

Activate the web console with: systemctl enable --now cockpit.socket

test login: 