c[?7l[2J[0mSeaBIOS (version rel-1.16.0-0-gd239552ce722-prebuilt.qemu.org)


iPXE (http://ipxe.org) 00:03.0 CA00 PCI2.10 PnP PMM+7FF91000+7FEF1000 CA00
Press Ctrl-B to configure iPXE (PCI 00:03.0)...                                                                               


Booting from ROM..c[?7l[2J[    0.000000] Linux version 6.19.0-rc5-0f61b1860cc3 (root@p-arls02) (gcc (GCC) 11.5.0 20240719 (Red Hat 11.5.0-14), GNU ld version 2.35.2-69.el9) #1 SMP PREEMPT_DYNAMIC Tue Jan 13 18:27:08 CST 2026
[    0.000000] Command line: console=ttyS0 root=/dev/sda earlyprintk=serial net.ifnames=0 plymouth.enable=0
[    0.000000] KERNEL supported cpus:
[    0.000000]   Intel GenuineIntel
[    0.000000]   AMD AuthenticAMD
[    0.000000]   Hygon HygonGenuine
[    0.000000]   Centaur CentaurHauls
[    0.000000]   zhaoxin   Shanghai  
[    0.000000] x86/CPU: Model not found in latest microcode list
[    0.000000] x86/split lock detection: #DB: warning on user-space bus_locks
[    0.000000] BIOS-provided physical RAM map:
[    0.000000] BIOS-e820: [mem 0x0000000000000000-0x000000000009fbff] usable
[    0.000000] BIOS-e820: [mem 0x000000000009fc00-0x000000000009ffff] reserved
[    0.000000] BIOS-e820: [mem 0x00000000000f0000-0x00000000000fffff] reserved
[    0.000000] BIOS-e820: [mem 0x0000000000100000-0x000000007ffdffff] usable
[    0.000000] BIOS-e820: [mem 0x000000007ffe0000-0x000000007fffffff] reserved
[    0.000000] BIOS-e820: [mem 0x00000000feffc000-0x00000000feffffff] reserved
[    0.000000] BIOS-e820: [mem 0x00000000fffc0000-0x00000000ffffffff] reserved
[    0.000000] printk: legacy bootconsole [earlyser0] enabled
[    0.000000] NX (Execute Disable) protection: active
[    0.000000] APIC: Static calls initialized
[    0.000000] SMBIOS 2.8 present.
[    0.000000] DMI: QEMU Standard PC (i440FX + PIIX, 1996), BIOS rel-1.16.0-0-gd239552ce722-prebuilt.qemu.org 04/01/2014
[    0.000000] DMI: Memory slots populated: 1/1
[    0.000000] Hypervisor detected: KVM
[    0.000000] last_pfn = 0x7ffe0 max_arch_pfn = 0x400000000
[    0.000000] kvm-clock: Using msrs 4b564d01 and 4b564d00
[    0.000003] kvm-clock: using sched offset of 699356001 cycles
[    0.000456] clocksource: kvm-clock: mask: 0xffffffffffffffff max_cycles: 0x1cd42e4dffb, max_idle_ns: 881590591483 ns
[    0.001860] tsc: Detected 1267.200 MHz processor
[    0.008910] last_pfn = 0x7ffe0 max_arch_pfn = 0x400000000
[    0.009421] MTRR map: 4 entries (3 fixed + 1 variable; max 19), built from 8 variable MTRRs
[    0.010156] x86/PAT: Configuration [0-7]: WB  WC  UC- UC  WB  WP  UC- WT  
[    0.017327] found SMP MP-table at [mem 0x000f5ba0-0x000f5baf]
[    0.017875] Using GB pages for direct mapping
[    0.020256] ACPI: Early table checksum verification disabled
[    0.020754] ACPI: RSDP 0x00000000000F59C0 000014 (v00 BOCHS )
[    0.021256] ACPI: RSDT 0x000000007FFE1951 000034 (v01 BOCHS  BXPC     00000001 BXPC 00000001)
[    0.022010] ACPI: FACP 0x000000007FFE17FD 000074 (v01 BOCHS  BXPC     00000001 BXPC 00000001)
[    0.022764] ACPI: DSDT 0x000000007FFE0040 0017BD (v01 BOCHS  BXPC     00000001 BXPC 00000001)
[    0.023516] ACPI: FACS 0x000000007FFE0000 000040
[    0.023928] ACPI: APIC 0x000000007FFE1871 000080 (v01 BOCHS  BXPC     00000001 BXPC 00000001)
[    0.024675] ACPI: HPET 0x000000007FFE18F1 000038 (v01 BOCHS  BXPC     00000001 BXPC 00000001)
[    0.025428] ACPI: WAET 0x000000007FFE1929 000028 (v01 BOCHS  BXPC     00000001 BXPC 00000001)
[    0.026179] ACPI: Reserving FACP table memory at [mem 0x7ffe17fd-0x7ffe1870]
[    0.026789] ACPI: Reserving DSDT table memory at [mem 0x7ffe0040-0x7ffe17fc]
[    0.027400] ACPI: Reserving FACS table memory at [mem 0x7ffe0000-0x7ffe003f]
[    0.028009] ACPI: Reserving APIC table memory at [mem 0x7ffe1871-0x7ffe18f0]
[    0.028618] ACPI: Reserving HPET table memory at [mem 0x7ffe18f1-0x7ffe1928]
[    0.029228] ACPI: Reserving WAET table memory at [mem 0x7ffe1929-0x7ffe1950]
[    0.030328] No NUMA configuration found
[    0.030663] Faking a node at [mem 0x0000000000000000-0x000000007ffdffff]
[    0.031278] NODE_DATA(0) allocated [mem 0x7ffb4ec0-0x7ffdfcbf]
[    0.032273] Zone ranges:
[    0.032486]   DMA      [mem 0x0000000000001000-0x0000000000ffffff]
[    0.033027]   DMA32    [mem 0x0000000001000000-0x000000007ffdffff]
[    0.033568]   Normal   empty
[    0.033825]   Device   empty
[    0.034084] Movable zone start for each node
[    0.034465] Early memory node ranges
[    0.034776]   node   0: [mem 0x0000000000001000-0x000000000009efff]
[    0.035317]   node   0: [mem 0x0000000000100000-0x000000007ffdffff]
[    0.035849] Initmem setup node 0 [mem 0x0000000000001000-0x000000007ffdffff]
[    0.036728] On node 0, zone DMA: 1 pages in unavailable ranges
[    0.037410] On node 0, zone DMA: 97 pages in unavailable ranges
[    0.062813] On node 0, zone DMA32: 32 pages in unavailable ranges
[    1.135608] KernelAddressSanitizer initialized (generic)
[    1.136396] ACPI: PM-Timer IO Port: 0x608
[    1.136776] ACPI: LAPIC_NMI (acpi_id[0xff] dfl dfl lint[0x1])
[    1.137340] IOAPIC[0]: apic_id 0, version 17, address 0xfec00000, GSI 0-23
[    1.137941] ACPI: INT_SRC_OVR (bus 0 bus_irq 0 global_irq 2 dfl dfl)
[    1.138480] ACPI: INT_SRC_OVR (bus 0 bus_irq 5 global_irq 5 high level)
[    1.139040] ACPI: INT_SRC_OVR (bus 0 bus_irq 9 global_irq 9 high level)
[    1.139596] ACPI: INT_SRC_OVR (bus 0 bus_irq 10 global_irq 10 high level)
[    1.140168] ACPI: INT_SRC_OVR (bus 0 bus_irq 11 global_irq 11 high level)
[    1.140749] ACPI: Using ACPI (MADT) for SMP configuration information
[    1.141293] ACPI: HPET id: 0x8086a201 base: 0xfed00000
[    1.141740] TSC deadline timer available
[    1.142079] CPU topo: Max. logical packages:   1
[    1.142466] CPU topo: Max. logical dies:       1
[    1.142852] CPU topo: Max. dies per package:   1
[    1.143245] CPU topo: Max. threads per core:   1
[    1.143633] CPU topo: Num. cores per package:     2
[    1.144045] CPU topo: Num. threads per package:   2
[    1.144453] CPU topo: Allowing 2 present CPUs plus 0 hotplug CPUs
[    1.145039] kvm-guest: APIC: eoi() replaced with kvm_guest_apic_eoi_write()
[    1.145670] kvm-guest: KVM setup pv remote TLB flush
[    1.146091] kvm-guest: setup PV sched yield
[    1.146486] PM: hibernation: Registered nosave memory: [mem 0x00000000-0x00000fff]
[    1.147126] PM: hibernation: Registered nosave memory: [mem 0x0009f000-0x000fffff]
[    1.147756] [mem 0x80000000-0xfeffbfff] available for PCI devices
[    1.148266] Booting paravirtualized kernel on KVM
[    1.148667] clocksource: refined-jiffies: mask: 0xffffffff max_cycles: 0xffffffff, max_idle_ns: 7645519600211568 ns
[    1.149560] setup_percpu: NR_CPUS:8192 nr_cpumask_bits:2 nr_cpu_ids:2 nr_node_ids:1
[    1.152729] percpu: Embedded 81 pages/cpu s294912 r8192 d28672 u1048576
[    1.153470] kvm-guest: PV spinlocks enabled
[    1.153837] PV qspinlock hash table entries: 256 (order: 0, 4096 bytes, linear)
[    1.154473] Kernel command line: net.ifnames=0 console=ttyS0 root=/dev/sda earlyprintk=serial net.ifnames=0 plymouth.enable=0
[    1.155912] random: crng init done
[    1.156208] printk: log buffer data + meta data: 262144 + 917504 = 1179648 bytes
[    1.158941] Dentry cache hash table entries: 262144 (order: 9, 2097152 bytes, linear)
[    1.160741] Inode-cache hash table entries: 131072 (order: 8, 1048576 bytes, linear)
[    1.161762] Fallback order for Node 0: 0 
[    1.161775] Built 1 zonelists, mobility grouping on.  Total pages: 524158
[    1.162657] Policy zone: DMA32
[    1.162915] mem auto-init: stack:off, heap alloc:off, heap free:off
[    1.163429] stackdepot: allocating hash table via alloc_large_system_hash
[    1.163995] stackdepot hash table entries: 1048576 (order: 12, 16777216 bytes, linear)
[    1.182199] stackdepot: allocating space for 8192 stack pools via memblock
[    1.223593] SLUB: HWalign=64, Order=0-3, MinObjects=0, CPUs=2, Nodes=1
[    1.224150] kmemleak: Kernel memory leak detector disabled
[    1.263153] ftrace: allocating 75282 entries in 296 pages
[    1.263608] ftrace: allocated 296 pages with 3 groups
[    1.269468] Dynamic Preempt: voluntary
[    1.270322] Running RCU self tests
[    1.270608] Running RCU synchronous self tests
[    1.270969] rcu: Preemptible hierarchical RCU implementation.
[    1.271432] rcu: 	RCU lockdep checking is enabled.
[    1.271820] rcu: 	RCU restricting CPUs from NR_CPUS=8192 to nr_cpu_ids=2.
[    1.272370] 	Trampoline variant of Tasks RCU enabled.
[    1.272778] 	Rude variant of Tasks RCU enabled.
[    1.273145] 	Tracing variant of Tasks RCU enabled.
[    1.273532] rcu: RCU calculated value of scheduler-enlistment delay is 25 jiffies.
[    1.274143] rcu: Adjusting geometry for rcu_fanout_leaf=16, nr_cpu_ids=2
[    1.274774] Running RCU synchronous self tests
[    1.275139] RCU Tasks: Setting shift to 1 and lim to 1 rcu_task_cb_adjust=1 rcu_task_cpu_ids=2.
[    1.275846] RCU Tasks Rude: Setting shift to 1 and lim to 1 rcu_task_cb_adjust=1 rcu_task_cpu_ids=2.
[    1.276586] RCU Tasks Trace: Setting shift to 1 and lim to 1 rcu_task_cb_adjust=1 rcu_task_cpu_ids=2.
[    1.346913] NR_IRQS: 524544, nr_irqs: 440, preallocated irqs: 16
[    1.347968] rcu: srcu_init: Setting srcu_struct sizes based on contention.
[    1.355383] Console: colour VGA+ 80x25
[    1.355761] printk: legacy console [ttyS0] enabled
[    1.355761] printk: legacy console [ttyS0] enabled
[    1.356553] printk: legacy bootconsole [earlyser0] disabled
[    1.356553] printk: legacy bootconsole [earlyser0] disabled
[    1.357477] Lock dependency validator: Copyright (c) 2006 Red Hat, Inc., Ingo Molnar
[    1.358118] ... MAX_LOCKDEP_SUBCLASSES:  8
[    1.358464] ... MAX_LOCK_DEPTH:          48
[    1.358815] ... MAX_LOCKDEP_KEYS:        8192
[    1.359186] ... CLASSHASH_SIZE:          4096
[    1.359553] ... MAX_LOCKDEP_ENTRIES:     524288
[    1.359937] ... MAX_LOCKDEP_CHAINS:      524288
[    1.360317] ... CHAINHASH_SIZE:          262144
[    1.360703]  memory used by lock dependency info: 54145 kB
[    1.361160]  memory used for stack traces: 4224 kB
[    1.361565]  per task-struct memory footprint: 1920 bytes
[    1.362099] ACPI: Core revision 20250807
[    1.362825] clocksource: hpet: mask: 0xffffffff max_cycles: 0xffffffff, max_idle_ns: 19112604467 ns
[    1.363752] APIC: Switch to symmetric I/O mode setup
[    1.364340] x2apic enabled
[    1.364954] APIC: Switched APIC routing to: physical x2apic
[    1.365406] kvm-guest: APIC: send_IPI_mask() replaced with kvm_send_ipi_mask()
[    1.366020] kvm-guest: APIC: send_IPI_mask_allbutself() replaced with kvm_send_ipi_mask_allbutself()
[    1.366782] kvm-guest: setup PV IPIs
[    1.368128] ..TIMER: vector=0x30 apic1=0 pin1=2 apic2=-1 pin2=-1
[    1.368647] clocksource: tsc-early: mask: 0xffffffffffffffff max_cycles: 0x12441513526, max_idle_ns: 440795239872 ns
[    1.369521] Calibrating delay loop (skipped) preset value.. 2534.40 BogoMIPS (lpj=5068800)
[    1.370376] CPU0: Thermal monitoring enabled (TM1)
[    1.370790] x86/cpu: User Mode Instruction Prevention (UMIP) activated
[    1.371434] Last level iTLB entries: 4KB 0, 2MB 0, 4MB 0
[    1.373532] Last level dTLB entries: 4KB 0, 2MB 0, 4MB 0, 1GB 0
[    1.374041] mitigations: Enabled attack vectors: user_kernel, user_user, guest_host, guest_guest, SMT mitigations: auto
[    1.374936] Speculative Store Bypass: Mitigation: Speculative Store Bypass disabled via prctl
[    1.375633] Spectre V2 : Mitigation: Enhanced / Automatic IBRS
[    1.376110] ITS: Mitigation: Aligned branch/return thunks
[    1.376562] Spectre V1 : Mitigation: usercopy/swapgs barriers and __user pointer sanitization
[    1.377511] Spectre V2 : WARNING: Unprivileged eBPF is enabled with eIBRS on, data leaks possible via Spectre v2 BHB attacks!
[    1.378474] Spectre V2 : Spectre v2 / PBRSB-eIBRS: Retire a single CALL on VMEXIT
[    1.379070] Spectre V2 : mitigation: Enabling conditional Indirect Branch Prediction Barrier
[    1.379738] active return thunk: its_return_thunk
[    1.380124] Spectre V2 : Spectre BHI mitigation: SW BHB clearing on syscall and VM exit
[    1.380793] x86/fpu: Supporting XSAVE feature 0x001: 'x87 floating point registers'
[    1.381419] x86/fpu: Supporting XSAVE feature 0x002: 'SSE registers'
[    1.381510] x86/fpu: Supporting XSAVE feature 0x004: 'AVX registers'
[    1.382033] x86/fpu: Supporting XSAVE feature 0x200: 'Protection Keys User registers'
[    1.382681] x86/fpu: xstate_offset[2]:  576, xstate_sizes[2]:  256
[    1.383189] x86/fpu: xstate_offset[9]:  832, xstate_sizes[9]:    8
[    1.383706] x86/fpu: Enabled xstate features 0x207, context size is 840 bytes, using 'compacted' format.
[    1.526412] Freeing SMP alternatives memory: 64K
[    1.526835] pid_max: default: 32768 minimum: 301
[    1.527547] Yama: becoming mindful.
[    1.528252] Mount-cache hash table entries: 4096 (order: 3, 32768 bytes, linear)
[    1.528865] Mountpoint-cache hash table entries: 4096 (order: 3, 32768 bytes, linear)
[    1.531220] Running RCU synchronous self tests
[    1.531601] Running RCU synchronous self tests
[    1.532394] smpboot: CPU0: Genuine Intel(R) 0000 @ (family: 0x6, model: 0xc6, stepping: 0x0)
[    1.533507] Performance Events: unsupported CPU family 6 model 198 no PMU driver, software events only.
[    1.533507] signal: max sigframe size: 3632
[    1.533507] rcu: Hierarchical SRCU implementation.
[    1.533507] rcu: 	Max phase no-delay instances is 1000.
[    1.533687] Timer migration: 1 hierarchy levels; 8 children per group; 1 crossnode level
[    1.554649] NMI watchdog: Perf NMI watchdog permanently disabled
[    1.555388] smp: Bringing up secondary CPUs ...
[    1.557333] smpboot: x86: Booting SMP configuration:
[    1.557531] .... node  #0, CPUs:      #1
[    1.557911] smp: Brought up 1 node, 2 CPUs
[    1.558402] smpboot: Total of 2 processors activated (5068.80 BogoMIPS)
[    1.559235] Memory: 1538728K/2096632K available (80934K kernel code, 15558K rwdata, 18816K rodata, 16416K init, 70008K bss, 546452K reserved, 0K cma-reserved)
[    1.562360] devtmpfs: initialized
[    1.562707] x86/mm: Memory block size: 128MB
[    1.575095] Running RCU synchronous self tests
[    1.575095] Running RCU synchronous self tests
[    1.577648] Running RCU Tasks wait API self tests
[    1.578030] Running RCU Tasks Rude wait API self tests
[    1.578030] Running RCU Tasks Trace wait API self tests
[    1.597560] clocksource: jiffies: mask: 0xffffffff max_cycles: 0xffffffff, max_idle_ns: 7645041785100000 ns
[    1.601576] posixtimers hash table entries: 1024 (order: 5, 73728 bytes, linear)
[    1.602309] futex hash table entries: 512 (65536 bytes on 1 NUMA nodes, total 64 KiB, linear).
[    1.604839] 
[    1.604983] *************************************************************
[    1.605515] **     NOTICE NOTICE NOTICE NOTICE NOTICE NOTICE NOTICE    **
[    1.606068] **                                                         **
[    1.606621] **  IOMMU DebugFS SUPPORT HAS BEEN ENABLED IN THIS KERNEL  **
[    1.607171] **                                                         **
[    1.607724] ** This means that this kernel is built to expose internal **
[    1.608274] ** IOMMU data structures, which may compromise security on **
[    1.608832] ** your system.                                            **
[    1.609384] **                                                         **
[    1.609512] ** If you see this message and you are not debugging the   **
[    1.610063] ** kernel, report this immediately to your vendor!         **
[    1.610614] **                                                         **
[    1.611167] **     NOTICE NOTICE NOTICE NOTICE NOTICE NOTICE NOTICE    **
[    1.611716] *************************************************************
[    1.612348] PM: RTC time: 02:29:43, date: 2026-01-14
[    1.617690] NET: Registered PF_NETLINK/PF_ROUTE protocol family
[    1.619803] DMA: preallocated 256 KiB GFP_KERNEL pool for atomic allocations
[    1.620405] DMA: preallocated 256 KiB GFP_KERNEL|GFP_DMA pool for atomic allocations
[    1.621054] DMA: preallocated 256 KiB GFP_KERNEL|GFP_DMA32 pool for atomic allocations
[    1.621602] audit: initializing netlink subsys (disabled)
[    1.622094] audit: type=2000 audit(1768357783.984:1): state=initialized audit_enabled=0 res=1
[    1.622776] thermal_sys: Registered thermal governor 'fair_share'
[    1.622790] thermal_sys: Registered thermal governor 'bang_bang'
[    1.623912] thermal_sys: Registered thermal governor 'step_wise'
[    1.624825] thermal_sys: Registered thermal governor 'user_space'
[    1.625557] cpuidle: using governor ladder
[    1.626418] cpuidle: using governor menu
[    1.626418] acpiphp: ACPI Hot Plug PCI Controller Driver version: 0.5
[    1.627605] PCI: Using configuration type 1 for base access
[    1.629536] Callback from call_rcu_tasks_trace() invoked.
[    1.629717] kprobes: kprobe jump-optimization is enabled. All kprobes are optimized if possible.
[    1.819678] HugeTLB: registered 1.00 GiB page size, pre-allocated 0 pages
[    1.820334] HugeTLB: 16380 KiB vmemmap can be freed for a 1.00 GiB page
[    1.820914] HugeTLB: registered 2.00 MiB page size, pre-allocated 0 pages
[    1.821493] HugeTLB: 28 KiB vmemmap can be freed for a 2.00 MiB page
[    1.843963] ACPI: Added _OSI(Module Device)
[    1.844385] ACPI: Added _OSI(Processor Device)
[    1.844777] ACPI: Added _OSI(Processor Aggregator Device)
[    1.862424] ACPI: 1 ACPI AML tables successfully acquired and loaded
[    1.871206] ACPI: Interpreter enabled
[    1.871721] ACPI: PM: (supports S0 S3 S4 S5)
[    1.872119] ACPI: Using IOAPIC for interrupt routing
[    1.872727] PCI: Using host bridge windows from ACPI; if necessary, use "pci=nocrs" and report a bug
[    1.873521] PCI: Using E820 reservations for host bridge windows
[    1.875392] ACPI: Enabled 2 GPEs in block 00 to 0F
[    1.916419] ACPI: PCI Root Bridge [PCI0] (domain 0000 [bus 00-ff])
[    1.917044] acpi PNP0A03:00: _OSC: OS supports [ASPM ClockPM Segments MSI EDR HPX-Type3]
[    1.917521] acpi PNP0A03:00: _OSC: not requesting OS control; OS requires [ExtendedConfig ASPM ClockPM MSI]
[    1.918574] acpi PNP0A03:00: fail to add MMCONFIG information, can't access extended configuration space under this bridge
[    1.924443] acpiphp: Slot [3] registered
[    1.924937] acpiphp: Slot [4] registered
[    1.925449] acpiphp: Slot [5] registered
[    1.925661] acpiphp: Slot [6] registered
[    1.926149] acpiphp: Slot [7] registered
[    1.926659] acpiphp: Slot [8] registered
[    1.927176] acpiphp: Slot [9] registered
[    1.927670] acpiphp: Slot [10] registered
[    1.928171] acpiphp: Slot [11] registered
[    1.928665] acpiphp: Slot [12] registered
[    1.929183] acpiphp: Slot [13] registered
[    1.929645] acpiphp: Slot [14] registered
[    1.930154] acpiphp: Slot [15] registered
[    1.930647] acpiphp: Slot [16] registered
[    1.931163] acpiphp: Slot [17] registered
[    1.931657] acpiphp: Slot [18] registered
[    1.932156] acpiphp: Slot [19] registered
[    1.932653] acpiphp: Slot [20] registered
[    1.933176] acpiphp: Slot [21] registered
[    1.933647] acpiphp: Slot [22] registered
[    1.934148] acpiphp: Slot [23] registered
[    1.934639] acpiphp: Slot [24] registered
[    1.935164] acpiphp: Slot [25] registered
[    1.935659] acpiphp: Slot [26] registered
[    1.936155] acpiphp: Slot [27] registered
[    1.936653] acpiphp: Slot [28] registered
[    1.937171] acpiphp: Slot [29] registered
[    1.937643] acpiphp: Slot [30] registered
[    1.938149] acpiphp: Slot [31] registered
[    1.938611] PCI host bridge to bus 0000:00
[    1.939058] pci_bus 0000:00: root bus resource [io  0x0000-0x0cf7 window]
[    1.939672] pci_bus 0000:00: root bus resource [io  0x0d00-0xffff window]
[    1.940282] pci_bus 0000:00: root bus resource [mem 0x000a0000-0x000bffff window]
[    1.940978] pci_bus 0000:00: root bus resource [mem 0x80000000-0xfebfffff window]
[    1.941517] pci_bus 0000:00: root bus resource [mem 0x100000000-0x17fffffff window]
[    1.942212] pci_bus 0000:00: root bus resource [bus 00-ff]
[    1.943003] pci 0000:00:00.0: [8086:1237] type 00 class 0x060000 conventional PCI endpoint
[    1.953399] pci 0000:00:01.0: [8086:7000] type 00 class 0x060100 conventional PCI endpoint
[    1.954962] pci 0000:00:01.1: [8086:7010] type 00 class 0x010180 conventional PCI endpoint
[    1.956715] pci 0000:00:01.1: BAR 4 [io  0xc040-0xc04f]
[    1.957215] pci 0000:00:01.1: BAR 0 [io  0x01f0-0x01f7]: legacy IDE quirk
[    1.957516] pci 0000:00:01.1: BAR 1 [io  0x03f6]: legacy IDE quirk
[    1.958071] pci 0000:00:01.1: BAR 2 [io  0x0170-0x0177]: legacy IDE quirk
[    1.958704] pci 0000:00:01.1: BAR 3 [io  0x0376]: legacy IDE quirk
[    1.959941] pci 0000:00:01.3: [8086:7113] type 00 class 0x068000 conventional PCI endpoint
[    1.961080] pci 0000:00:01.3: quirk: [io  0x0600-0x063f] claimed by PIIX4 ACPI
[    1.961524] pci 0000:00:01.3: quirk: [io  0x0700-0x070f] claimed by PIIX4 SMB
[    1.963056] pci 0000:00:02.0: [1234:1111] type 00 class 0x030000 conventional PCI endpoint
[    1.967266] pci 0000:00:02.0: BAR 0 [mem 0xfd000000-0xfdffffff pref]
[    1.968624] pci 0000:00:02.0: BAR 2 [mem 0xfebf0000-0xfebf0fff]
[    1.969552] pci 0000:00:02.0: ROM [mem 0xfebe0000-0xfebeffff pref]
[    1.970353] pci 0000:00:02.0: Video device with shadowed ROM at [mem 0x000c0000-0x000dffff]
[    1.981363] pci 0000:00:03.0: [8086:100e] type 00 class 0x020000 conventional PCI endpoint
[    1.983732] pci 0000:00:03.0: BAR 0 [mem 0xfebc0000-0xfebdffff]
[    1.984903] pci 0000:00:03.0: BAR 1 [io  0xc000-0xc03f]
[    1.985595] pci 0000:00:03.0: ROM [mem 0xfeb80000-0xfebbffff pref]
[    2.010295] ACPI: PCI: Interrupt link LNKA configured for IRQ 10
[    2.011914] ACPI: PCI: Interrupt link LNKB configured for IRQ 10
[    2.013388] ACPI: PCI: Interrupt link LNKC configured for IRQ 11
[    2.014687] ACPI: PCI: Interrupt link LNKD configured for IRQ 11
[    2.015617] ACPI: PCI: Interrupt link LNKS configured for IRQ 9
[    2.019708] iommu: Default domain type: Translated
[    2.020160] iommu: DMA domain TLB invalidation policy: lazy mode
[    2.024167] SCSI subsystem initialized
[    2.024707] ACPI: bus type USB registered
[    2.025818] usbcore: registered new interface driver usbfs
[    2.026464] usbcore: registered new interface driver hub
[    2.027053] usbcore: registered new device driver usb
[    2.029961] pps_core: LinuxPPS API ver. 1 registered
[    2.030448] pps_core: Software ver. 5.3.6 - Copyright 2005-2007 Rodolfo Giometti <giometti@linux.it>
[    2.031341] PTP clock support registered
[    2.033906] EDAC MC: Ver: 3.0.0
[    2.041162] NetLabel: Initializing
[    2.041489] NetLabel:  domain hash size = 128
[    2.041519] NetLabel:  protocols = UNLABELED CIPSOv4 CALIPSO
[    2.042208] NetLabel:  unlabeled traffic allowed by default
[    2.045769] PCI: Using ACPI for IRQ routing
[    2.049786] pci 0000:00:02.0: vgaarb: setting as boot VGA device
[    2.050352] pci 0000:00:02.0: vgaarb: bridge control possible
[    2.050844] pci 0000:00:02.0: vgaarb: VGA device added: decodes=io+mem,owns=io+mem,locks=none
[    2.051569] vgaarb: loaded
[    2.054270] hpet0: at MMIO 0xfed00000, IRQs 2, 8, 0
[    2.054722] hpet0: 3 comparators, 64-bit 100.000000 MHz counter
[    2.061996] clocksource: Switched to clocksource kvm-clock
[    4.267339] VFS: Disk quotas dquot_6.6.0
[    4.267800] VFS: Dquot-cache hash table entries: 512 (order 0, 4096 bytes)
[    4.270393] pnp: PnP ACPI init
[    4.274854] pnp: PnP ACPI: found 6 devices
[    4.301059] Callback from call_rcu_tasks() invoked.
[    4.321738] clocksource: acpi_pm: mask: 0xffffff max_cycles: 0xffffff, max_idle_ns: 2085701024 ns
[    4.323082] NET: Registered PF_INET protocol family
[    4.323864] IP idents hash table entries: 32768 (order: 6, 262144 bytes, linear)
[    4.326112] tcp_listen_portaddr_hash hash table entries: 1024 (order: 5, 73728 bytes, linear)
[    4.326921] Table-perturb hash table entries: 65536 (order: 6, 262144 bytes, linear)
[    4.327707] TCP established hash table entries: 16384 (order: 5, 131072 bytes, linear)
[    4.328689] TCP bind hash table entries: 16384 (order: 10, 2359296 bytes, linear)
[    4.332356] TCP: Hash tables configured (established 16384 bind 16384)
[    4.333182] UDP hash table entries: 1024 (order: 6, 262144 bytes, linear)
[    4.333993] UDP-Lite hash table entries: 1024 (order: 6, 262144 bytes, linear)
[    4.335159] NET: Registered PF_UNIX/PF_LOCAL protocol family
[    4.337943] RPC: Registered named UNIX socket transport module.
[    4.339083] RPC: Registered udp transport module.
[    4.339953] RPC: Registered tcp transport module.
[    4.340820] RPC: Registered tcp-with-tls transport module.
[    4.341863] RPC: Registered tcp NFSv4.1 backchannel transport module.
[    4.343079] pci_bus 0000:00: resource 4 [io  0x0000-0x0cf7 window]
[    4.344225] pci_bus 0000:00: resource 5 [io  0x0d00-0xffff window]
[    4.345387] pci_bus 0000:00: resource 6 [mem 0x000a0000-0x000bffff window]
[    4.346655] pci_bus 0000:00: resource 7 [mem 0x80000000-0xfebfffff window]
[    4.347917] pci_bus 0000:00: resource 8 [mem 0x100000000-0x17fffffff window]
[    4.349757] pci 0000:00:01.0: PIIX3: Enabling Passive Release
[    4.350849] pci 0000:00:00.0: Limiting direct PCI/PCI transfers
[    4.352111] PCI: CLS 0 bytes, default 64
[    4.353115] ACPI: bus type thunderbolt registered
[    4.354782] clocksource: tsc: mask: 0xffffffffffffffff max_cycles: 0x12441513526, max_idle_ns: 440795239872 ns
[    4.364286] Initialise system trusted keyrings
[    4.364806] Key type blacklist registered
[    4.365794] workingset: timestamp_bits=36 max_order=19 bucket_order=0
[    4.370530] squashfs: version 4.0 (2009/01/31) Phillip Lougher
[    4.374470] NFS: Registering the id_resolver key type
[    4.375485] Key type id_resolver registered
[    4.376274] Key type id_legacy registered
[    4.377170] nfs4filelayout_init: NFSv4 File Layout Driver Registering...
[    4.378499] nfs4flexfilelayout_init: NFSv4 Flexfile Layout Driver Registering...
[    4.380684] fuse: init (API version 7.45)
[    4.382826] SGI XFS with ACLs, security attributes, realtime, quota, no debug enabled
[    4.387314] 9p: Installing v9fs 9p2000 file system support
[    4.400151] Key type asymmetric registered
[    4.400551] Asymmetric key parser 'x509' registered
[    4.401244] Block layer SCSI generic (bsg) driver version 0.4 loaded (major 241)
[    4.403781] io scheduler mq-deadline registered
[    4.404350] io scheduler bfq registered
[    4.405611] ledtrig-cpu: registered to indicate activity on CPUs
[    4.408047] IPMI message handler: version 39.2
[    4.408494] ipmi device interface
[    4.412124] input: Power Button as /devices/LNXSYSTM:00/LNXPWRBN:00/input/input0
[    4.414901] ACPI: button: Power Button [PWRF]
[    4.418795] ERST DBG: ERST support is disabled.
[    4.421162] Serial: 8250/16550 driver, 32 ports, IRQ sharing enabled
[    4.423088] 00:04: ttyS0 at I/O 0x3f8 (irq = 4, base_baud = 115200) is a 16550A
[    4.464466] Linux agpgart interface v0.103
[    4.469837] ACPI: bus type drm_connector registered
[    4.567024] brd: module loaded
[    4.587878] loop: module loaded
[    4.607173] scsi host0: ata_piix
[    4.610010] scsi host1: ata_piix
[    4.611406] ata1: PATA max MWDMA2 cmd 0x1f0 ctl 0x3f6 bmdma 0xc040 irq 14 lpm-pol 0
[    4.612818] ata2: PATA max MWDMA2 cmd 0x170 ctl 0x376 bmdma 0xc048 irq 15 lpm-pol 0
[    4.619478] tun: Universal TUN/TAP device driver, 1.6
[    4.621327] e100: Intel(R) PRO/100 Network Driver
[    4.622220] e100: Copyright(c) 1999-2006 Intel Corporation
[    4.623452] e1000: Intel(R) PRO/1000 Network Driver
[    4.624359] e1000: Copyright (c) 1999-2006 Intel Corporation.
[    4.773200] ata2: found unknown device (class 0)
[    4.774079] ata1: found unknown device (class 0)
[    4.775809] ata1.00: ATA-7: QEMU HARDDISK, 2.5+, max UDMA/100
[    4.776873] ata1.00: 17196647 sectors, multi 16: LBA48 
[    4.778629] ata2.00: ATAPI: QEMU DVD-ROM, 2.5+, max UDMA/100
[    4.780625] scsi 0:0:0:0: Direct-Access     ATA      QEMU HARDDISK    2.5+ PQ: 0 ANSI: 5
[    4.785857] sd 0:0:0:0: Attached scsi generic sg0 type 0
[    4.787330] sd 0:0:0:0: [sda] 17196647 512-byte logical blocks: (8.80 GB/8.20 GiB)
[    4.789646] sd 0:0:0:0: [sda] Write Protect is off
[    4.790361] sd 0:0:0:0: [sda] Write cache: enabled, read cache: enabled, doesn't support DPO or FUA
[    4.790402] scsi 1:0:0:0: CD-ROM            QEMU     QEMU DVD-ROM     2.5+ PQ: 0 ANSI: 5
[    4.791237] sd 0:0:0:0: [sda] Preferred minimum I/O size 512 bytes
[    4.831244] scsi 1:0:0:0: Attached scsi generic sg1 type 5
[    4.834090] sd 0:0:0:0: [sda] Attached SCSI disk
[    5.365273] ACPI: \_SB_.LNKC: Enabled at IRQ 11
[    5.677531] e1000 0000:00:03.0 eth0: (PCI:33MHz:32-bit) 52:54:00:12:34:56
[    5.678151] e1000 0000:00:03.0 eth0: Intel(R) PRO/1000 Network Connection
[    5.678970] e1000e: Intel(R) PRO/1000 Network Driver
[    5.679362] e1000e: Copyright(c) 1999 - 2015 Intel Corporation.
[    5.680006] igb: Intel(R) Gigabit Ethernet Network Driver
[    5.680451] igb: Copyright (c) 2007-2014 Intel Corporation.
[    5.681314] PPP generic driver version 2.4.2
[    5.683787] VFIO - User Level meta-driver version: 0.3
[    5.686803] usbcore: registered new interface driver uas
[    5.687408] usbcore: registered new interface driver usb-storage
[    5.688231] i8042: PNP: PS/2 Controller [PNP0303:KBD,PNP0f13:MOU] at 0x60,0x64 irq 1,12
[    5.690740] serio: i8042 KBD port at 0x60,0x64 irq 1
[    5.691291] serio: i8042 AUX port at 0x60,0x64 irq 12
[    5.693059] mousedev: PS/2 mouse device common for all mice
[    5.694939] input: AT Translated Set 2 keyboard as /devices/platform/i8042/serio0/input/input1
[    5.696851] rtc_cmos 00:05: RTC can wake from S4
[    5.699204] rtc_cmos 00:05: registered as rtc0
[    5.699644] rtc_cmos 00:05: setting system clock to 2026-01-14T02:29:47 UTC (1768357787)
[    5.700630] rtc_cmos 00:05: alarms up to one day, y3k, 242 bytes nvram, hpet irqs
[    5.701408] i2c_dev: i2c /dev entries driver
[    5.702306] input: VirtualPS/2 VMware VMMouse as /devices/platform/i8042/serio1/input/input4
[    5.703773] device-mapper: core: CONFIG_IMA_DISABLE_HTABLE is disabled. Duplicate IMA measurements will not be recorded in the IMA log.
[    5.704839] device-mapper: uevent: version 1.0.3
[    5.705890] device-mapper: ioctl: 4.50.0-ioctl (2025-04-28) initialised: dm-devel@lists.linux.dev
[    5.706628] intel_pstate: CPU model not supported
[    5.707293] sdhci: Secure Digital Host Controller Interface driver
[    5.707803] sdhci: Copyright(c) Pierre Ossman
[    5.708392] sdhci-pltfm: SDHCI platform and OF driver helper
[    5.709259] input: VirtualPS/2 VMware VMMouse as /devices/platform/i8042/serio1/input/input3
[    5.710027] drop_monitor: Initializing network drop monitor service
[    5.711735] NET: Registered PF_INET6 protocol family
[    5.714246] Segment Routing with IPv6
[    5.714634] In-situ OAM (IOAM) with IPv6
[    5.715049] NET: Registered PF_PACKET protocol family
[    5.715935] 9pnet: Installing 9P2000 support
[    5.716527] Key type dns_resolver registered
[    5.718839] IPI shorthand broadcast: enabled
[    5.775193] sched_clock: Marking stable (5756005337, 16965237)->(5920952569, -147981995)
[    5.777003] registered taskstats version 1
[    5.778044] Loading compiled-in X.509 certificates
[    5.891971] Demotion targets for Node 0: null
[    5.894411] Key type .fscrypt registered
[    5.895130] Key type fscrypt-provisioning registered
[    5.944439] Key type encrypted registered
[    5.945337] ima: No TPM chip found, activating TPM-bypass!
[    5.946343] ima: Allocated hash algorithm: sha1
[    5.947242] ima: No architecture policies found
[    5.948276] evm: Initialising EVM extended attributes:
[    5.949201] evm: security.selinux
[    5.949798] evm: security.SMACK64
[    5.950398] evm: security.SMACK64EXEC
[    5.951053] evm: security.SMACK64TRANSMUTE
[    5.951779] evm: security.SMACK64MMAP
[    5.952436] evm: security.apparmor
[    5.953066] evm: security.ima
[    5.953595] evm: security.capability
[    5.954232] evm: HMAC attrs: 0x1
[    5.958450] PM:   Magic number: 10:156:460
[    5.960247] RAS: Correctable Errors collector initialized.
[    5.961625] clk: Disabling unused clocks
[    5.961981] PM: genpd: Disabling unused power domains
[    5.963035] check access for rdinit=/init failed: -2, ignoring
[    5.963368] md: Waiting for all devices to be available before autodetect
[    5.963737] md: If you don't use raid, use raid=noautodetect
[    5.964054] md: Autodetecting RAID arrays.
[    5.964293] md: autorun ...
[    5.964461] md: ... autorun DONE.
[    5.989525] EXT4-fs (sda): mounted filesystem 088740a9-c8b4-422c-999d-a804eb68a4da ro with ordered data mode. Quota mode: none.
[    5.990993] VFS: Mounted root (ext4 filesystem) readonly on device 8:0.
[    5.996223] devtmpfs: mounted
[    6.013991] Freeing unused decrypted memory: 2036K
[    6.018809] Freeing unused kernel image (initmem) memory: 16416K
[    6.019319] Write protecting the kernel read-only data: 102400k
[    6.021663] Freeing unused kernel image (text/rodata gap) memory: 984K
[    6.023002] Freeing unused kernel image (rodata/data gap) memory: 1664K
[    6.090912] x86/mm: Checked W+X mappings: passed, no W+X pages found.
[    6.091318] Run /sbin/init as init process
[    6.336402] systemd[1]: systemd 252-15.el9 running in system mode (+PAM +AUDIT +SELINUX -APPARMOR +IMA +SMACK +SECCOMP +GCRYPT +GNUTLS +OPENSSL +ACL +BLKID +CURL +ELFUTILS -FIDO2 +IDN2 -IDN -IPTC +KMOD +LIBCRYPTSETUP +LIBFDISK +PCRE2 -PWQUALITY +P11KIT -QRENCODE +TPM2 +BZIP2 +LZ4 +XZ +ZLIB +ZSTD -BPF_FRAMEWORK +XKBCOMMON +UTMP +SYSVINIT default-hierarchy=unified)
[    6.338291] systemd[1]: Detected virtualization kvm.
[    6.338583] systemd[1]: Detected architecture x86-64.

Welcome to [0;31mCentOS Stream 9[0m!

[    6.346401] systemd[1]: Hostname set to <test>.
[    6.627142] systemd-rc-local-generator[121]: /etc/rc.d/rc.local is not marked executable, skipping.
[    7.059016] systemd[1]: Queued start job for default target Multi-User System.
[    7.076190] systemd[1]: Created slice Virtual Machine and Container Slice.
[[0;32m  OK  [0m] Created slice [0;1;39mVirtual Machine and Container Slice[0m.
[    7.081200] systemd[1]: Created slice Slice /system/getty.
[[0;32m  OK  [0m] Created slice [0;1;39mSlice /system/getty[0m.
[    7.084715] systemd[1]: Created slice Slice /system/modprobe.
[[0;32m  OK  [0m] Created slice [0;1;39mSlice /system/modprobe[0m.
[    7.087616] systemd[1]: Created slice Slice /system/serial-getty.
[[0;32m  OK  [0m] Created slice [0;1;39mSlice /system/serial-getty[0m.
[    7.090407] systemd[1]: Created slice Slice /system/sshd-keygen.
[[0;32m  OK  [0m] Created slice [0;1;39mSlice /system/sshd-keygen[0m.
[    7.093015] systemd[1]: Created slice User and Session Slice.
[[0;32m  OK  [0m] Created slice [0;1;39mUser and Session Slice[0m.
[    7.094351] systemd[1]: Started Forward Password Requests to Wall Directory Watch.
[[0;32m  OK  [0m] Started [0;1;39mForward Password R…uests to Wall Directory Watch[0m.
[    7.096333] systemd[1]: Set up automount Arbitrary Executable File Formats File System Automount Point.
[[0;32m  OK  [0m] Set up automount [0;1;39mArbitrary…s File System Automount Point[0m.
[    7.097698] systemd[1]: Reached target Local Integrity Protected Volumes.
[[0;32m  OK  [0m] Reached target [0;1;39mLocal Integrity Protected Volumes[0m.
[    7.098784] systemd[1]: Reached target Slice Units.
[[0;32m  OK  [0m] Reached target [0;1;39mSlice Units[0m.
[    7.099612] systemd[1]: Reached target Swaps.
[[0;32m  OK  [0m] Reached target [0;1;39mSwaps[0m.
[    7.100395] systemd[1]: Reached target Local Verity Protected Volumes.
[[0;32m  OK  [0m] Reached target [0;1;39mLocal Verity Protected Volumes[0m.
[    7.101775] systemd[1]: Listening on Device-mapper event daemon FIFOs.
[[0;32m  OK  [0m] Listening on [0;1;39mDevice-mapper event daemon FIFOs[0m.
[    7.103408] systemd[1]: Listening on LVM2 poll daemon socket.
[[0;32m  OK  [0m] Listening on [0;1;39mLVM2 poll daemon socket[0m.
[    7.104519] systemd[1]: multipathd control socket was skipped because of an unmet condition check (ConditionPathExists=/etc/multipath.conf).
[    7.152570] systemd[1]: Listening on RPCbind Server Activation Socket.
[[0;32m  OK  [0m] Listening on [0;1;39mRPCbind Server Activation Socket[0m.
[    7.154201] systemd[1]: Reached target RPC Port Mapper.
[[0;32m  OK  [0m] Reached target [0;1;39mRPC Port Mapper[0m.
[    7.157645] systemd[1]: Listening on Process Core Dump Socket.
[[0;32m  OK  [0m] Listening on [0;1;39mProcess Core Dump Socket[0m.
[    7.159520] systemd[1]: Listening on initctl Compatibility Named Pipe.
[[0;32m  OK  [0m] Listening on [0;1;39minitctl Compatibility Named Pipe[0m.
[    7.162325] systemd[1]: Listening on Journal Socket (/dev/log).
[[0;32m  OK  [0m] Listening on [0;1;39mJournal Socket (/dev/log)[0m.
[    7.164831] systemd[1]: Listening on Journal Socket.
[[0;32m  OK  [0m] Listening on [0;1;39mJournal Socket[0m.
[    7.167480] systemd[1]: Listening on udev Control Socket.
[[0;32m  OK  [0m] Listening on [0;1;39mudev Control Socket[0m.
[    7.169688] systemd[1]: Listening on udev Kernel Socket.
[[0;32m  OK  [0m] Listening on [0;1;39mudev Kernel Socket[0m.
[    7.179233] systemd[1]: Mounting Huge Pages File System...
         Mounting [0;1;39mHuge Pages File System[0m...
[    7.189271] systemd[1]: Mounting POSIX Message Queue File System...
         Mounting [0;1;39mPOSIX Message Queue File System[0m...
[    7.209762] systemd[1]: Mounting Kernel Debug File System...
         Mounting [0;1;39mKernel Debug File System[0m...
[    7.217088] systemd[1]: Mounting Kernel Trace File System...
         Mounting [0;1;39mKernel Trace File System[0m...
[    7.219635] systemd[1]: Kernel Module supporting RPCSEC_GSS was skipped because of an unmet condition check (ConditionPathExists=/etc/krb5.keytab).
[    7.220478] systemd[1]: Create List of Static Device Nodes was skipped because of an unmet condition check (ConditionFileNotEmpty=/lib/modules/6.19.0-rc5-0f61b1860cc3/modules.devname).
[    7.226315] systemd[1]: Starting Monitoring of LVM2 mirrors, snapshots etc. using dmeventd or progress polling...
         Starting [0;1;39mMonitoring of LVM…meventd or progress polling[0m...
[    7.232883] systemd[1]: Starting Load Kernel Module configfs...
         Starting [0;1;39mLoad Kernel Module configfs[0m...
[    7.240575] systemd[1]: Starting Load Kernel Module drm...
         Starting [0;1;39mLoad Kernel Module drm[0m...
[    7.250667] systemd[1]: Starting Load Kernel Module fuse...
         Starting [0;1;39mLoad Kernel Module fuse[0m...
[    7.265417] systemd[1]: Starting Read and set NIS domainname from /etc/sysconfig/network...
         Starting [0;1;39mRead and set NIS …from /etc/sysconfig/network[0m...
[    7.276646] systemd[1]: Starting Journal Service...
         Starting [0;1;39mJournal Service[0m...
[    7.313320] systemd[1]: Starting Load Kernel Modules...
         Starting [0;1;39mLoad Kernel Modules[0m...
[    7.330465] systemd[1]: Starting Generate network units from Kernel command line...
         Starting [0;1;39mGenerate network …ts from Kernel command line[0m...
[    7.345364] systemd[1]: Starting Remount Root and Kernel File Systems...
         Starting [0;1;39mRemount Root and Kernel File Systems[0m...
[    7.347997] systemd[1]: Repartition Root Disk was skipped because no trigger condition checks were met.
[    7.369316] systemd[1]: Starting Coldplug All udev Devices...
         Starting [0;1;39mColdplug All udev Devices[0m...
[    7.407042] systemd[1]: Mounted Huge Pages File System.
[[0;32m  OK  [0m] Mounted [0;1;39mHuge Pages File System[0m.
[    7.409782] systemd[1]: Mounted POSIX Message Queue File System.
[[0;32m  OK  [0m] Mounted [0;1;39mPOSIX Message Queue File System[0m.
[    7.413564] systemd[1]: Mounted Kernel Debug File System.
[[0;32m  OK  [0m] Mounted [0;1;39mKernel Debug File System[0m.
[    7.415235] systemd[1]: Mounted Kernel Trace File System.
[[0;32m  OK  [0m] Mounted [0;1;39mKernel Trace File System[0m.
[    7.422890] systemd[1]: Finished Monitoring of LVM2 mirrors, snapshots etc. using dmeventd or progress polling.
[[0;32m  OK  [0m] Finished [0;1;39mMonitoring of LVM… dmeventd or progress polling[0m.
[    7.425925] systemd[1]: modprobe@configfs.service: Deactivated successfully.
[    7.429152] systemd[1]: Finished Load Kernel Module configfs.
[[0;32m  OK  [0m] Finished [0;1;39mLoad Kernel Module configfs[0m.
[    7.431423] systemd[1]: modprobe@drm.service: Deactivated successfully.
[    7.437139] systemd[1]: Finished Load Kernel Module drm.
[[0;32m  OK  [0m] Finished [0;1;39mLoad Kernel Module drm[0m.
[    7.438478] systemd[1]: Started Journal Service.
[[0;32m  OK  [0m] Started [0;1;39mJournal Service[0m.
[[0;32m  OK  [0m] Finished [0;1;39mLoad Kernel Module fuse[0m.
[[0;32m  OK  [0m] Finished [0;1;39mRead and set NIS …e from /etc/sysconfig/network[0m.
[[0;1;31mFAILED[0m] Failed to start [0;1;39mLoad Kernel Modules[0m.
See 'systemctl status systemd-modules-load.service' for details.
[[0;32m  OK  [0m] Finished [0;1;39mGenerate network units from Kernel command line[0m.
[    7.461037] EXT4-fs (sda): re-mounted 088740a9-c8b4-422c-999d-a804eb68a4da r/w.
[[0;32m  OK  [0m] Reached target [0;1;39mPreparation for Network[0m.
         Mounting [0;1;39mFUSE Control File System[0m...
         Mounting [0;1;39mKernel Configuration File System[0m...
         Starting [0;1;39mApply Kernel Variables[0m...
[[0;32m  OK  [0m] Finished [0;1;39mRemount Root and Kernel File Systems[0m.
[[0;32m  OK  [0m] Mounted [0;1;39mFUSE Control File System[0m.
[[0;32m  OK  [0m] Mounted [0;1;39mKernel Configuration File System[0m.
         Starting [0;1;39mFlush Journal to Persistent Storage[0m...
         Starting [0;1;39mLoad/Save Random Seed[0m...
[    7.625587] systemd-journald[143]: Received client request to flush runtime journal.
         Starting [0;1;39mCreate Static Device Nodes in /dev[0m...
         Starting [0;1;39mSetup Virtual Console[0m...
[[0;32m  OK  [0m] Finished [0;1;39mApply Kernel Variables[0m.
[[0;32m  OK  [0m] Finished [0;1;39mFlush Journal to Persistent Storage[0m.
[[0;32m  OK  [0m] Finished [0;1;39mLoad/Save Random Seed[0m.
[[0;32m  OK  [0m] Finished [0;1;39mCreate Static Device Nodes in /dev[0m.
         Starting [0;1;39mRule-based Manage…for Device Events and Files[0m...
[[0;32m  OK  [0m] Started [0;1;39mRule-based Manager for Device Events and Files[0m.
         Starting [0;1;39mAuto-connect to s…E devices found during boot[0m...
[[0;32m  OK  [0m] Finished [0;1;39mColdplug All udev Devices[0m.
[[0;32m  OK  [0m] Finished [0;1;39mAuto-connect to s…VME devices found during boot[0m.
[[0;32m  OK  [0m] Finished [0;1;39mSetup Virtual Console[0m.
[[0;32m  OK  [0m] Started [0;1;39mDispatch Password …ts to Console Directory Watch[0m.
[[0;32m  OK  [0m] Reached target [0;1;39mLocal Encrypted Volumes[0m.
[[0;32m  OK  [0m] Reached target [0;1;39mPath Units[0m.
         Starting [0;1;39mWait for udev To …plete Device Initialization[0m...
[[0;32m  OK  [0m] Found device [0;1;39m/dev/ttyS0[0m.
[[0;32m  OK  [0m] Listening on [0;1;39mLoad/Save RF …itch Status /dev/rfkill Watch[0m.
[[0;32m  OK  [0m] Finished [0;1;39mWait for udev To Complete Device Initialization[0m.
[[0;32m  OK  [0m] Reached target [0;1;39mPreparation for Local File Systems[0m.
[[0;32m  OK  [0m] Reached target [0;1;39mLocal File Systems[0m.
         Starting [0;1;39mTell Plymouth To Write Out Runtime Data[0m...
         Starting [0;1;39mAutomatic Boot Loader Update[0m...
         Starting [0;1;39mCreate Volatile Files and Directories[0m...
[[0;32m  OK  [0m] Finished [0;1;39mTell Plymouth To Write Out Runtime Data[0m.
[[0;32m  OK  [0m] Finished [0;1;39mAutomatic Boot Loader Update[0m.
[[0;32m  OK  [0m] Finished [0;1;39mCreate Volatile Files and Directories[0m.
         Mounting [0;1;39mRPC Pipe File System[0m...
         Starting [0;1;39mSecurity Auditing Service[0m...
         Starting [0;1;39mRPC Bind[0m...
[[0;32m  OK  [0m] Mounted [0;1;39mRPC Pipe File System[0m.
[[0;32m  OK  [0m] Reached target [0;1;39mrpc_pipefs.target[0m.
[[0;32m  OK  [0m] Started [0;1;39mRPC Bind[0m.
[[0;32m  OK  [0m] Started [0;1;39mSecurity Auditing Service[0m.
         Starting [0;1;39mRecord System Boot/Shutdown in UTMP[0m...
[[0;32m  OK  [0m] Finished [0;1;39mRecord System Boot/Shutdown in UTMP[0m.
[[0;32m  OK  [0m] Reached target [0;1;39mSystem Initialization[0m.
[[0;32m  OK  [0m] Started [0;1;39mDaily rotation of log files[0m.
[[0;32m  OK  [0m] Started [0;1;39mUpdates mlocate database every day[0m.
[[0;32m  OK  [0m] Started [0;1;39mDaily Cleanup of Temporary Directories[0m.
[[0;32m  OK  [0m] Started [0;1;39mdaily update of the root trust anchor for DNSSEC[0m.
[[0;32m  OK  [0m] Reached target [0;1;39mTimer Units[0m.
[[0;32m  OK  [0m] Listening on [0;1;39mD-Bus System Message Bus Socket[0m.
[[0;32m  OK  [0m] Listening on [0;1;39mOpen-iSCSI iscsid Socket[0m.
[[0;32m  OK  [0m] Listening on [0;1;39mOpen-iSCSI iscsiuio Socket[0m.
[[0;32m  OK  [0m] Listening on [0;1;39mSSSD Kerberos…ache Manager responder socket[0m.
[[0;32m  OK  [0m] Listening on [0;1;39mLibvirt interface local socket[0m.
[[0;32m  OK  [0m] Listening on [0;1;39mVirtual machine lock manager socket[0m.
[[0;32m  OK  [0m] Listening on [0;1;39mVirtual machine log manager socket[0m.
[[0;32m  OK  [0m] Listening on [0;1;39mLibvirt network local socket[0m.
[[0;32m  OK  [0m] Listening on [0;1;39mLibvirt nodedev local socket[0m.
[[0;32m  OK  [0m] Listening on [0;1;39mLibvirt nwfilter local socket[0m.
[[0;32m  OK  [0m] Listening on [0;1;39mLibvirt proxy local socket[0m.
[[0;32m  OK  [0m] Listening on [0;1;39mLibvirt qemu local socket[0m.
[[0;32m  OK  [0m] Listening on [0;1;39mLibvirt qemu admin socket[0m.
[[0;32m  OK  [0m] Listening on [0;1;39mLibvirt qemu local read-only socket[0m.
[[0;32m  OK  [0m] Listening on [0;1;39mLibvirt secret local socket[0m.
[[0;32m  OK  [0m] Listening on [0;1;39mLibvirt storage local socket[0m.
[[0;32m  OK  [0m] Reached target [0;1;39mSocket Units[0m.
         Starting [0;1;39mD-Bus System Message Bus[0m...
[[0;32m  OK  [0m] Started [0;1;39mD-Bus System Message Bus[0m.
[[0;32m  OK  [0m] Reached target [0;1;39mBasic System[0m.
         Starting [0;1;39mNetwork Manager[0m...
         Starting [0;1;39mNTP client/server[0m...
         Starting [0;1;39mRestore /run/initramfs on shutdown[0m...
[[0;32m  OK  [0m] Started [0;1;39mirqbalance daemon[0m.
[[0;32m  OK  [0m] Started [0;1;39mlibstoragemgmt plug-in server daemon[0m.
[[0;32m  OK  [0m] Started [0;1;39mMachine Check Exception Logging Daemon[0m.
[[0;32m  OK  [0m] Reached target [0;1;39msshd-keygen.target[0m.
[[0;32m  OK  [0m] Reached target [0;1;39mUser and Group Name Lookups[0m.
         Starting [0;1;39mUser Login Management[0m...
         Starting [0;1;39mVirtual Machine a…tainer Registration Service[0m...
         Starting [0;1;39mupdate of the roo…NSSEC validation in unbound[0m...
         Starting [0;1;39mRotate log files[0m...
[[0;32m  OK  [0m] Started [0;1;39mUpdate a database for mlocate[0m.
[[0;32m  OK  [0m] Started [0;1;39mNTP client/server[0m.
[[0;32m  OK  [0m] Finished [0;1;39mRestore /run/initramfs on shutdown[0m.
[[0;32m  OK  [0m] Started [0;1;39mVirtual Machine an…ontainer Registration Service[0m.
         Starting [0;1;39mHostname Service[0m...
[[0;32m  OK  [0m] Started [0;1;39mUser Login Management[0m.
[[0;32m  OK  [0m] Finished [0;1;39mupdate of the roo… DNSSEC validation in unbound[0m.
[[0;32m  OK  [0m] Finished [0;1;39mRotate log files[0m.
[[0;32m  OK  [0m] Started [0;1;39mHostname Service[0m.
         Starting [0;1;39mNetwork Manager Script Dispatcher Service[0m...
[[0;32m  OK  [0m] Started [0;1;39mNetwork Manager Script Dispatcher Service[0m.
[   11.393241] e1000: eth0 NIC Link is Up 1000 Mbps Full Duplex, Flow Control: RX
[[0;32m  OK  [0m] Started [0;1;39mNetwork Manager[0m.
[[0;32m  OK  [0m] Reached target [0;1;39mNetwork[0m.
[[0;32m  OK  [0m] Reached target [0;1;39mNetwork is Online[0m.
         Starting [0;1;39mGSSAPI Proxy Daemon[0m...
         Starting [0;1;39mNotify NFS peers of a restart[0m...
         Starting [0;1;39mSystem Logging Service[0m...
         Starting [0;1;39mOpenSSH server daemon[0m...
         Starting [0;1;39mDynamic System Tuning Daemon[0m...
[[0;32m  OK  [0m] Started [0;1;39mNotify NFS peers of a restart[0m.
[[0;32m  OK  [0m] Started [0;1;39mGSSAPI Proxy Daemon[0m.
[[0;32m  OK  [0m] Started [0;1;39mOpenSSH server daemon[0m.
[[0;32m  OK  [0m] Reached target [0;1;39mNFS client services[0m.
[[0;32m  OK  [0m] Reached target [0;1;39mPreparation for Remote File Systems[0m.
[[0;32m  OK  [0m] Reached target [0;1;39mRemote File Systems[0m.
         Starting [0;1;39mPermit User Sessions[0m...
         Starting [0;1;39mVirtualization qemu daemon[0m...
[[0;32m  OK  [0m] Finished [0;1;39mPermit User Sessions[0m.
[[0;32m  OK  [0m] Started [0;1;39mDeferred execution scheduler[0m.
[[0;32m  OK  [0m] Started [0;1;39mCommand Scheduler[0m.
         Starting [0;1;39mHold until boot process finishes up[0m...
         Starting [0;1;39mTerminate Plymouth Boot Screen[0m...
[[0;32m  OK  [0m] Started [0;1;39mSystem Logging Service[0m.
[[0;32m  OK  [0m] Started [0;1;39mVirtualization qemu daemon[0m.
[[0;32m  OK  [0m] Finished [0;1;39mHold until boot process finishes up[0m.
[[0;32m  OK  [0m] Started [0;1;39mGetty on tty1[0m.
[[0;32m  OK  [0m] Started [0;1;39mSerial Getty on ttyS0[0m.
[[0;32m  OK  [0m] Reached target [0;1;39mLogin Prompts[0m.
[[0;32m  OK  [0m] Finished [0;1;39mTerminate Plymouth Boot Screen[0m.
         Starting [0;1;39mAuthorization Manager[0m...
[[0;32m  OK  [0m] Started [0;1;39mAuthorization Manager[0m.
[[0;32m  OK  [0m] Started [0;1;39mDynamic System Tuning Daemon[0m.
[[0;32m  OK  [0m] Reached target [0;1;39mMulti-User System[0m.
         Starting [0;1;39mRecord Runlevel Change in UTMP[0m...
[[0;32m  OK  [0m] Finished [0;1;39mRecord Runlevel Change in UTMP[0m.

CentOS Stream 9
Kernel 6.19.0-rc5-0f61b1860cc3 on an x86_64

Activate the web console with: systemctl enable --now cockpit.socket

test login: [   20.965956] Adding 124996k swap on ./swap-file.  Priority:0 extents:1 across:124996k 
[   21.046697] Adding 124996k swap on ./swap-file.  Priority:0 extents:1 across:124996k 
[   21.113498] Adding 124996k swap on ./swap-file.  Priority:0 extents:1 across:124996k 
[   21.178358] Adding 124996k swap on ./swap-file.  Priority:0 extents:1 across:124996k 
[   21.242848] Adding 124996k swap on ./swap-file.  Priority:0 extents:1 across:124996k 
[   21.307372] Adding 124996k swap on ./swap-file.  Priority:0 extents:1 across:124996k 
[   21.366968] Adding 124996k swap on ./swap-file.  Priority:0 extents:1 across:124996k 
[   21.428457] Adding 124996k swap on ./swap-file.  Priority:0 extents:1 across:124996k 
[   21.491774] Adding 124996k swap on ./swap-file.  Priority:0 extents:1 across:124996k 
[   21.556639] Adding 124996k swap on ./swap-file.  Priority:0 extents:1 across:124996k 
[   21.615395] Adding 124996k swap on ./swap-file.  Priority:0 extents:1 across:124996k 
[   21.684576] Adding 124996k swap on ./swap-file.  Priority:0 extents:1 across:124996k 
[   21.745843] Adding 124996k swap on ./swap-file.  Priority:0 extents:1 across:124996k 
[   21.806089] Adding 124996k swap on ./swap-file.  Priority:0 extents:1 across:124996k 
[   21.872749] Adding 124996k swap on ./swap-file.  Priority:0 extents:1 across:124996k 
[   21.931722] Adding 124996k swap on ./swap-file.  Priority:0 extents:1 across:124996k 
[   21.989165] Adding 124996k swap on ./swap-file.  Priority:0 extents:1 across:124996k 
[   22.056732] Adding 124996k swap on ./swap-file.  Priority:0 extents:1 across:124996k 
[   22.119457] Adding 124996k swap on ./swap-file.  Priority:0 extents:1 across:124996k 
[   22.183601] Adding 124996k swap on ./swap-file.  Priority:0 extents:1 across:124996k 
[   22.246521] Adding 124996k swap on ./swap-file.  Priority:0 extents:1 across:124996k 
[   22.309118] Adding 124996k swap on ./swap-file.  Priority:0 extents:1 across:124996k 
[   22.363980] Adding 124996k swap on ./swap-file.  Priority:0 extents:1 across:124996k 
[   22.432470] Adding 124996k swap on ./swap-file.  Priority:0 extents:1 across:124996k 
[   22.501793] Adding 124996k swap on ./swap-file.  Priority:0 extents:1 across:124996k 
[   22.568379] Adding 124996k swap on ./swap-file.  Priority:0 extents:1 across:124996k 
[   22.633322] Adding 124996k swap on ./swap-file.  Priority:0 extents:1 across:124996k 
[   22.706686] Adding 124996k swap on ./swap-file.  Priority:0 extents:1 across:124996k 
[   22.779685] Adding 124996k swap on ./swap-file.  Priority:0 extents:1 across:124996k 
[   22.844805] Adding 124996k swap on ./swap-file.  Priority:0 extents:1 across:124996k 
[   22.938025] Adding 124996k swap on ./swap-file.  Priority:0 extents:1 across:124996k 
[   22.996397] Adding 124996k swap on ./swap-file.  Priority:0 extents:1 across:124996k 
[   23.055749] Adding 124996k swap on ./swap-file.  Priority:0 extents:1 across:124996k 
[   23.128418] Adding 124996k swap on ./swap-file.  Priority:0 extents:1 across:124996k 
[   23.188404] Adding 124996k swap on ./swap-file.  Priority:0 extents:1 across:124996k 
[   23.251390] Adding 124996k swap on ./swap-file.  Priority:0 extents:1 across:124996k 
[   23.310829] Adding 124996k swap on ./swap-file.  Priority:0 extents:1 across:124996k 
[   23.375799] Adding 124996k swap on ./swap-file.  Priority:0 extents:1 across:124996k 
[   23.434947] Adding 124996k swap on ./swap-file.  Priority:0 extents:1 across:124996k 
[   23.497597] Adding 124996k swap on ./swap-file.  Priority:0 extents:1 across:124996k 
[   23.556467] Adding 124996k swap on ./swap-file.  Priority:0 extents:1 across:124996k 
[   23.620673] Adding 124996k swap on ./swap-file.  Priority:0 extents:1 across:124996k 
[   23.690760] Adding 124996k swap on ./swap-file.  Priority:0 extents:1 across:124996k 
[   23.760095] Adding 124996k swap on ./swap-file.  Priority:0 extents:1 across:124996k 
[   23.820828] Adding 124996k swap on ./swap-file.  Priority:0 extents:1 across:124996k 
[   23.889455] Adding 124996k swap on ./swap-file.  Priority:0 extents:1 across:124996k 
[   23.959443] Adding 124996k swap on ./swap-file.  Priority:0 extents:1 across:124996k 
[   24.022518] Adding 124996k swap on ./swap-file.  Priority:0 extents:1 across:124996k 
[   24.083083] Adding 124996k swap on ./swap-file.  Priority:0 extents:1 across:124996k 
[   24.158774] Adding 124996k swap on ./swap-file.  Priority:0 extents:1 across:124996k 
[   24.225543] Adding 124996k swap on ./swap-file.  Priority:0 extents:1 across:124996k 
[   24.287441] Adding 124996k swap on ./swap-file.  Priority:0 extents:1 across:124996k 
[   24.347659] Adding 124996k swap on ./swap-file.  Priority:0 extents:1 across:124996k 
[   24.426061] Adding 124996k swap on ./swap-file.  Priority:0 extents:1 across:124996k 
[   24.507790] Adding 124996k swap on ./swap-file.  Priority:0 extents:1 across:124996k 
[   24.574968] Adding 124996k swap on ./swap-file.  Priority:0 extents:1 across:124996k 
[   24.639760] Adding 124996k swap on ./swap-file.  Priority:0 extents:1 across:124996k 
[   24.708617] Adding 124996k swap on ./swap-file.  Priority:0 extents:1 across:124996k 
[   24.768639] Adding 124996k swap on ./swap-file.  Priority:0 extents:1 across:124996k 
[   24.836216] Adding 124996k swap on ./swap-file.  Priority:0 extents:1 across:124996k 
[   24.895446] Adding 124996k swap on ./swap-file.  Priority:0 extents:1 across:124996k 
[   24.957251] Adding 124996k swap on ./swap-file.  Priority:0 extents:1 across:124996k 
[   25.041281] Adding 124996k swap on ./swap-file.  Priority:0 extents:1 across:124996k 
[   25.104351] Adding 124996k swap on ./swap-file.  Priority:0 extents:1 across:124996k 
[   25.176017] Adding 124996k swap on ./swap-file.  Priority:0 extents:1 across:124996k 
[   25.242077] Adding 124996k swap on ./swap-file.  Priority:0 extents:1 across:124996k 
[   25.310875] Adding 124996k swap on ./swap-file.  Priority:0 extents:1 across:124996k 
[   25.369330] Adding 124996k swap on ./swap-file.  Priority:0 extents:1 across:124996k 
[   25.435990] Adding 124996k swap on ./swap-file.  Priority:0 extents:1 across:124996k 
[   25.508267] Adding 124996k swap on ./swap-file.  Priority:0 extents:1 across:124996k 
[   25.573267] Adding 124996k swap on ./swap-file.  Priority:0 extents:1 across:124996k 
[   25.631846] Adding 124996k swap on ./swap-file.  Priority:0 extents:1 across:124996k 
[   25.691725] Adding 124996k swap on ./swap-file.  Priority:0 extents:1 across:124996k 
[   25.764131] Adding 124996k swap on ./swap-file.  Priority:0 extents:1 across:124996k 
[   25.828613] Adding 124996k swap on ./swap-file.  Priority:0 extents:1 across:124996k 
[   25.898377] Adding 124996k swap on ./swap-file.  Priority:0 extents:1 across:124996k 
[   25.964647] Adding 124996k swap on ./swap-file.  Priority:0 extents:1 across:124996k 
[   26.023647] Adding 124996k swap on ./swap-file.  Priority:0 extents:1 across:124996k 
[   26.084047] Adding 124996k swap on ./swap-file.  Priority:0 extents:1 across:124996k 
[   26.158431] Adding 124996k swap on ./swap-file.  Priority:0 extents:1 across:124996k 
[   26.220277] Adding 124996k swap on ./swap-file.  Priority:0 extents:1 across:124996k 
[   26.288025] Adding 124996k swap on ./swap-file.  Priority:0 extents:1 across:124996k 
[   26.350507] Adding 124996k swap on ./swap-file.  Priority:0 extents:1 across:124996k 
[   26.412519] Adding 124996k swap on ./swap-file.  Priority:0 extents:1 across:124996k 
[   26.471390] Adding 124996k swap on ./swap-file.  Priority:0 extents:1 across:124996k 
[   26.530843] Adding 124996k swap on ./swap-file.  Priority:0 extents:1 across:124996k 
[   26.588068] Adding 124996k swap on ./swap-file.  Priority:0 extents:1 across:124996k 
[   26.650981] Adding 124996k swap on ./swap-file.  Priority:0 extents:1 across:124996k 
[   26.726473] Adding 124996k swap on ./swap-file.  Priority:0 extents:1 across:124996k 
[   26.792471] Adding 124996k swap on ./swap-file.  Priority:0 extents:1 across:124996k 
[   26.867847] Adding 124996k swap on ./swap-file.  Priority:0 extents:1 across:124996k 
[   26.939047] Adding 124996k swap on ./swap-file.  Priority:0 extents:1 across:124996k 
[   26.996205] Adding 124996k swap on ./swap-file.  Priority:0 extents:1 across:124996k 
[   27.059084] Adding 124996k swap on ./swap-file.  Priority:0 extents:1 across:124996k 
[   27.126686] Adding 124996k swap on ./swap-file.  Priority:0 extents:1 across:124996k 
[   27.209506] Adding 124996k swap on ./swap-file.  Priority:0 extents:1 across:124996k 
[   27.267142] Adding 124996k swap on ./swap-file.  Priority:0 extents:1 across:124996k 
[   27.329627] Adding 124996k swap on ./swap-file.  Priority:0 extents:1 across:124996k 
[   27.406578] Adding 124996k swap on ./swap-file.  Priority:0 extents:1 across:124996k 
[   27.469386] Adding 124996k swap on ./swap-file.  Priority:0 extents:1 across:124996k 
[   27.526967] Adding 124996k swap on ./swap-file.  Priority:0 extents:1 across:124996k 
[   27.587745] Adding 124996k swap on ./swap-file.  Priority:0 extents:1 across:124996k 
[   27.649698] Adding 124996k swap on ./swap-file.  Priority:0 extents:1 across:124996k 
[   27.711527] Adding 124996k swap on ./swap-file.  Priority:0 extents:1 across:124996k 
[   27.769177] Adding 124996k swap on ./swap-file.  Priority:0 extents:1 across:124996k 
[   27.839497] Adding 124996k swap on ./swap-file.  Priority:0 extents:1 across:124996k 
[   27.908326] Adding 124996k swap on ./swap-file.  Priority:0 extents:1 across:124996k 
[   27.970135] Adding 124996k swap on ./swap-file.  Priority:0 extents:1 across:124996k 
[   28.034654] Adding 124996k swap on ./swap-file.  Priority:0 extents:1 across:124996k 
[   28.096583] Adding 124996k swap on ./swap-file.  Priority:0 extents:1 across:124996k 
[   28.155122] Adding 124996k swap on ./swap-file.  Priority:0 extents:1 across:124996k 
[   28.215803] Adding 124996k swap on ./swap-file.  Priority:0 extents:1 across:124996k 
[   28.274988] Adding 124996k swap on ./swap-file.  Priority:0 extents:1 across:124996k 
[   28.336250] Adding 124996k swap on ./swap-file.  Priority:0 extents:1 across:124996k 
[   28.395780] Adding 124996k swap on ./swap-file.  Priority:0 extents:1 across:124996k 
[   28.456402] Adding 124996k swap on ./swap-file.  Priority:0 extents:1 across:124996k 
[   28.521793] Adding 124996k swap on ./swap-file.  Priority:0 extents:1 across:124996k 
[   28.591121] Adding 124996k swap on ./swap-file.  Priority:0 extents:1 across:124996k 
[   28.655647] Adding 124996k swap on ./swap-file.  Priority:0 extents:1 across:124996k 
[   28.741078] Adding 124996k swap on ./swap-file.  Priority:0 extents:1 across:124996k 
[   28.799459] Adding 124996k swap on ./swap-file.  Priority:0 extents:1 across:124996k 
[   28.862121] Adding 124996k swap on ./swap-file.  Priority:0 extents:1 across:124996k 
[   28.931737] Adding 124996k swap on ./swap-file.  Priority:0 extents:1 across:124996k 
[   28.999883] Adding 124996k swap on ./swap-file.  Priority:0 extents:1 across:124996k 
[   29.063989] Adding 124996k swap on ./swap-file.  Priority:0 extents:1 across:124996k 
[   29.134217] Adding 124996k swap on ./swap-file.  Priority:0 extents:1 across:124996k 
[   29.187629] Adding 124996k swap on ./swap-file.  Priority:0 extents:1 across:124996k 
[   29.243688] Adding 124996k swap on ./swap-file.  Priority:0 extents:1 across:124996k 
[   29.306137] Adding 124996k swap on ./swap-file.  Priority:0 extents:1 across:124996k 
[   29.368893] Adding 124996k swap on ./swap-file.  Priority:0 extents:1 across:124996k 
[   29.427621] Adding 124996k swap on ./swap-file.  Priority:0 extents:1 across:124996k 
[   29.491869] Adding 124996k swap on ./swap-file.  Priority:0 extents:1 across:124996k 
[   29.551979] Adding 124996k swap on ./swap-file.  Priority:0 extents:1 across:124996k 
[   29.615519] Adding 124996k swap on ./swap-file.  Priority:0 extents:1 across:124996k 
[   29.685539] Adding 124996k swap on ./swap-file.  Priority:0 extents:1 across:124996k 
[   29.750739] Adding 124996k swap on ./swap-file.  Priority:0 extents:1 across:124996k 
[   29.812762] Adding 124996k swap on ./swap-file.  Priority:0 extents:1 across:124996k 
[   29.883795] Adding 124996k swap on ./swap-file.  Priority:0 extents:1 across:124996k 
[   29.947715] Adding 124996k swap on ./swap-file.  Priority:0 extents:1 across:124996k 
[   30.007711] Adding 124996k swap on ./swap-file.  Priority:0 extents:1 across:124996k 
[   30.071483] Adding 124996k swap on ./swap-file.  Priority:0 extents:1 across:124996k 
[   30.139495] Adding 124996k swap on ./swap-file.  Priority:0 extents:1 across:124996k 
[   30.213224] Adding 124996k swap on ./swap-file.  Priority:0 extents:1 across:124996k 
[   30.287738] Adding 124996k swap on ./swap-file.  Priority:0 extents:1 across:124996k 
[   30.346638] Adding 124996k swap on ./swap-file.  Priority:0 extents:1 across:124996k 
[   30.411559] Adding 124996k swap on ./swap-file.  Priority:0 extents:1 across:124996k 
[   30.472785] Adding 124996k swap on ./swap-file.  Priority:0 extents:1 across:124996k 
[   30.539833] Adding 124996k swap on ./swap-file.  Priority:0 extents:1 across:124996k 
[   30.604395] Adding 124996k swap on ./swap-file.  Priority:0 extents:1 across:124996k 
[   30.663188] Adding 124996k swap on ./swap-file.  Priority:0 extents:1 across:124996k 
[   30.728422] Adding 124996k swap on ./swap-file.  Priority:0 extents:1 across:124996k 
[   30.788747] Adding 124996k swap on ./swap-file.  Priority:0 extents:1 across:124996k 
[   30.856366] Adding 124996k swap on ./swap-file.  Priority:0 extents:1 across:124996k 
[   30.925742] Adding 124996k swap on ./swap-file.  Priority:0 extents:1 across:124996k 
[   30.983142] Adding 124996k swap on ./swap-file.  Priority:0 extents:1 across:124996k 
[   31.053229] Adding 124996k swap on ./swap-file.  Priority:0 extents:1 across:124996k 
[   31.110989] Adding 124996k swap on ./swap-file.  Priority:0 extents:1 across:124996k 
[   31.171509] Adding 124996k swap on ./swap-file.  Priority:0 extents:1 across:124996k 
[   31.232177] Adding 124996k swap on ./swap-file.  Priority:0 extents:1 across:124996k 
[   31.300613] Adding 124996k swap on ./swap-file.  Priority:0 extents:1 across:124996k 
[   31.370810] Adding 124996k swap on ./swap-file.  Priority:0 extents:1 across:124996k 
[   31.435771] Adding 124996k swap on ./swap-file.  Priority:0 extents:1 across:124996k 
[   31.492416] Adding 124996k swap on ./swap-file.  Priority:0 extents:1 across:124996k 
[   31.553768] Adding 124996k swap on ./swap-file.  Priority:0 extents:1 across:124996k 
[   31.623533] Adding 124996k swap on ./swap-file.  Priority:0 extents:1 across:124996k 
[   31.679523] Adding 124996k swap on ./swap-file.  Priority:0 extents:1 across:124996k 
[   31.748089] Adding 124996k swap on ./swap-file.  Priority:0 extents:1 across:124996k 
[   31.824581] Adding 124996k swap on ./swap-file.  Priority:0 extents:1 across:124996k 
[   31.892725] Adding 124996k swap on ./swap-file.  Priority:0 extents:1 across:124996k 
[   31.954951] Adding 124996k swap on ./swap-file.  Priority:0 extents:1 across:124996k 
[   32.017270] Adding 124996k swap on ./swap-file.  Priority:0 extents:1 across:124996k 
[   32.093283] Adding 124996k swap on ./swap-file.  Priority:0 extents:1 across:124996k 
[   32.159652] Adding 124996k swap on ./swap-file.  Priority:0 extents:1 across:124996k 
[   32.224840] Adding 124996k swap on ./swap-file.  Priority:0 extents:1 across:124996k 
[   32.292371] Adding 124996k swap on ./swap-file.  Priority:0 extents:1 across:124996k 
[   32.357310] Adding 124996k swap on ./swap-file.  Priority:0 extents:1 across:124996k 
[   32.425011] Adding 124996k swap on ./swap-file.  Priority:0 extents:1 across:124996k 
[   32.484354] Adding 124996k swap on ./swap-file.  Priority:0 extents:1 across:124996k 
[   32.542064] Adding 124996k swap on ./swap-file.  Priority:0 extents:1 across:124996k 
[   32.599596] Adding 124996k swap on ./swap-file.  Priority:0 extents:1 across:124996k 
[   32.660678] Adding 124996k swap on ./swap-file.  Priority:0 extents:1 across:124996k 
[   32.728433] Adding 124996k swap on ./swap-file.  Priority:0 extents:1 across:124996k 
[   32.787929] Adding 124996k swap on ./swap-file.  Priority:0 extents:1 across:124996k 
[   32.848822] Adding 124996k swap on ./swap-file.  Priority:0 extents:1 across:124996k 
[   32.905303] Adding 124996k swap on ./swap-file.  Priority:0 extents:1 across:124996k 
[   32.968602] Adding 124996k swap on ./swap-file.  Priority:0 extents:1 across:124996k 
[   33.028439] Adding 124996k swap on ./swap-file.  Priority:0 extents:1 across:124996k 
[   33.095440] Adding 124996k swap on ./swap-file.  Priority:0 extents:1 across:124996k 
[   33.152896] Adding 124996k swap on ./swap-file.  Priority:0 extents:1 across:124996k 
[   33.213450] Adding 124996k swap on ./swap-file.  Priority:0 extents:1 across:124996k 
[   33.284549] Adding 124996k swap on ./swap-file.  Priority:0 extents:1 across:124996k 
[   33.353846] Adding 124996k swap on ./swap-file.  Priority:0 extents:1 across:124996k 
[   33.411592] Adding 124996k swap on ./swap-file.  Priority:0 extents:1 across:124996k 
[   33.486668] Adding 124996k swap on ./swap-file.  Priority:0 extents:1 across:124996k 
[   33.552852] Adding 124996k swap on ./swap-file.  Priority:0 extents:1 across:124996k 
[   33.633528] Adding 124996k swap on ./swap-file.  Priority:0 extents:1 across:124996k 
[   33.705247] Adding 124996k swap on ./swap-file.  Priority:0 extents:1 across:124996k 
[   33.768668] Adding 124996k swap on ./swap-file.  Priority:0 extents:1 across:124996k 
[   33.829226] Adding 124996k swap on ./swap-file.  Priority:0 extents:1 across:124996k 
[   33.908113] Adding 124996k swap on ./swap-file.  Priority:0 extents:1 across:124996k 
[   33.968026] Adding 124996k swap on ./swap-file.  Priority:0 extents:1 across:124996k 
[   34.039862] Adding 124996k swap on ./swap-file.  Priority:0 extents:1 across:124996k 
[   34.107892] Adding 124996k swap on ./swap-file.  Priority:0 extents:1 across:124996k 
[   34.177085] Adding 124996k swap on ./swap-file.  Priority:0 extents:1 across:124996k 
[   34.232851] Adding 124996k swap on ./swap-file.  Priority:0 extents:1 across:124996k 
[   34.299908] Adding 124996k swap on ./swap-file.  Priority:0 extents:1 across:124996k 
[   34.367722] Adding 124996k swap on ./swap-file.  Priority:0 extents:1 across:124996k 
[   34.427283] Adding 124996k swap on ./swap-file.  Priority:0 extents:1 across:124996k 
[   34.492141] Adding 124996k swap on ./swap-file.  Priority:0 extents:1 across:124996k 
[   34.563731] Adding 124996k swap on ./swap-file.  Priority:0 extents:1 across:124996k 
[   34.631991] Adding 124996k swap on ./swap-file.  Priority:0 extents:1 across:124996k 
[   34.689962] Adding 124996k swap on ./swap-file.  Priority:0 extents:1 across:124996k 
[   34.748665] Adding 124996k swap on ./swap-file.  Priority:0 extents:1 across:124996k 
[   34.809951] Adding 124996k swap on ./swap-file.  Priority:0 extents:1 across:124996k 
[   34.885329] Adding 124996k swap on ./swap-file.  Priority:0 extents:1 across:124996k 
[   34.944730] Adding 124996k swap on ./swap-file.  Priority:0 extents:1 across:124996k 
[   35.008862] Adding 124996k swap on ./swap-file.  Priority:0 extents:1 across:124996k 
[   35.070943] Adding 124996k swap on ./swap-file.  Priority:0 extents:1 across:124996k 
[   35.132454] Adding 124996k swap on ./swap-file.  Priority:0 extents:1 across:124996k 
[   35.196632] Adding 124996k swap on ./swap-file.  Priority:0 extents:1 across:124996k 
[   35.259504] Adding 124996k swap on ./swap-file.  Priority:0 extents:1 across:124996k 
[   35.320516] Adding 124996k swap on ./swap-file.  Priority:0 extents:1 across:124996k 
[   35.383045] Adding 124996k swap on ./swap-file.  Priority:0 extents:1 across:124996k 
[   35.444715] Adding 124996k swap on ./swap-file.  Priority:0 extents:1 across:124996k 
[   35.514761] Adding 124996k swap on ./swap-file.  Priority:0 extents:1 across:124996k 
[   35.574889] Adding 124996k swap on ./swap-file.  Priority:0 extents:1 across:124996k 
[   35.643827] Adding 124996k swap on ./swap-file.  Priority:0 extents:1 across:124996k 
[   35.707828] Adding 124996k swap on ./swap-file.  Priority:0 extents:1 across:124996k 
[   35.767997] Adding 124996k swap on ./swap-file.  Priority:0 extents:1 across:124996k 
[   35.831932] Adding 124996k swap on ./swap-file.  Priority:0 extents:1 across:124996k 
[   35.909659] Adding 124996k swap on ./swap-file.  Priority:0 extents:1 across:124996k 
[   35.976162] Adding 124996k swap on ./swap-file.  Priority:0 extents:1 across:124996k 
[   36.041071] Adding 124996k swap on ./swap-file.  Priority:0 extents:1 across:124996k 
[   36.120513] Adding 124996k swap on ./swap-file.  Priority:0 extents:1 across:124996k 
[   36.189424] Adding 124996k swap on ./swap-file.  Priority:0 extents:1 across:124996k 
[   36.270973] Adding 124996k swap on ./swap-file.  Priority:0 extents:1 across:124996k 
[   36.340625] Adding 124996k swap on ./swap-file.  Priority:0 extents:1 across:124996k 
[   36.407412] Adding 124996k swap on ./swap-file.  Priority:0 extents:1 across:124996k 
[   36.464803] Adding 124996k swap on ./swap-file.  Priority:0 extents:1 across:124996k 
[   36.525602] Adding 124996k swap on ./swap-file.  Priority:0 extents:1 across:124996k 
[   36.584438] Adding 124996k swap on ./swap-file.  Priority:0 extents:1 across:124996k 
[   36.642969] Adding 124996k swap on ./swap-file.  Priority:0 extents:1 across:124996k 
[   36.703124] Adding 124996k swap on ./swap-file.  Priority:0 extents:1 across:124996k 
[   36.766589] Adding 124996k swap on ./swap-file.  Priority:0 extents:1 across:124996k 
[   36.827365] Adding 124996k swap on ./swap-file.  Priority:0 extents:1 across:124996k 
[   36.888047] Adding 124996k swap on ./swap-file.  Priority:0 extents:1 across:124996k 
[   36.951534] Adding 124996k swap on ./swap-file.  Priority:0 extents:1 across:124996k 
[   37.015006] Adding 124996k swap on ./swap-file.  Priority:0 extents:1 across:124996k 
[   37.082033] Adding 124996k swap on ./swap-file.  Priority:0 extents:1 across:124996k 
[   37.140298] Adding 124996k swap on ./swap-file.  Priority:0 extents:1 across:124996k 
[   37.199622] Adding 124996k swap on ./swap-file.  Priority:0 extents:1 across:124996k 
[   37.260263] Adding 124996k swap on ./swap-file.  Priority:0 extents:1 across:124996k 
[   37.323599] Adding 124996k swap on ./swap-file.  Priority:0 extents:1 across:124996k 
[   37.391859] Adding 124996k swap on ./swap-file.  Priority:0 extents:1 across:124996k 
[   37.456076] Adding 124996k swap on ./swap-file.  Priority:0 extents:1 across:124996k 
[   37.515538] Adding 124996k swap on ./swap-file.  Priority:0 extents:1 across:124996k 
[   37.576397] Adding 124996k swap on ./swap-file.  Priority:0 extents:1 across:124996k 
[   37.636565] Adding 124996k swap on ./swap-file.  Priority:0 extents:1 across:124996k 
[   37.704145] Adding 124996k swap on ./swap-file.  Priority:0 extents:1 across:124996k 
[   37.762815] Adding 124996k swap on ./swap-file.  Priority:0 extents:1 across:124996k 
[   37.824933] Adding 124996k swap on ./swap-file.  Priority:0 extents:1 across:124996k 
[   37.881706] Adding 124996k swap on ./swap-file.  Priority:0 extents:1 across:124996k 
[   37.943580] Adding 124996k swap on ./swap-file.  Priority:0 extents:1 across:124996k 
[   38.008949] Adding 124996k swap on ./swap-file.  Priority:0 extents:1 across:124996k 
[   38.079483] Adding 124996k swap on ./swap-file.  Priority:0 extents:1 across:124996k 
[   38.144167] Adding 124996k swap on ./swap-file.  Priority:0 extents:1 across:124996k 
[   38.212889] Adding 124996k swap on ./swap-file.  Priority:0 extents:1 across:124996k 
[   38.272709] Adding 124996k swap on ./swap-file.  Priority:0 extents:1 across:124996k 
[   38.332953] Adding 124996k swap on ./swap-file.  Priority:0 extents:1 across:124996k 
[   38.390774] Adding 124996k swap on ./swap-file.  Priority:0 extents:1 across:124996k 
[   38.462835] Adding 124996k swap on ./swap-file.  Priority:0 extents:1 across:124996k 
[   38.538077] Adding 124996k swap on ./swap-file.  Priority:0 extents:1 across:124996k 
[   38.605138] Adding 124996k swap on ./swap-file.  Priority:0 extents:1 across:124996k 
[   38.668605] Adding 124996k swap on ./swap-file.  Priority:0 extents:1 across:124996k 
[   38.729917] Adding 124996k swap on ./swap-file.  Priority:0 extents:1 across:124996k 
[   38.798994] Adding 124996k swap on ./swap-file.  Priority:0 extents:1 across:124996k 
[   38.864572] Adding 124996k swap on ./swap-file.  Priority:0 extents:1 across:124996k 
[   38.926690] Adding 124996k swap on ./swap-file.  Priority:0 extents:1 across:124996k 
[   38.993110] Adding 124996k swap on ./swap-file.  Priority:0 extents:1 across:124996k 
[   39.051710] Adding 124996k swap on ./swap-file.  Priority:0 extents:1 across:124996k 
[   39.119847] Adding 124996k swap on ./swap-file.  Priority:0 extents:1 across:124996k 
[   39.179735] Adding 124996k swap on ./swap-file.  Priority:0 extents:1 across:124996k 
[   39.236283] Adding 124996k swap on ./swap-file.  Priority:0 extents:1 across:124996k 
[   39.299436] Adding 124996k swap on ./swap-file.  Priority:0 extents:1 across:124996k 
[   39.358932] Adding 124996k swap on ./swap-file.  Priority:0 extents:1 across:124996k 
[   39.424853] Adding 124996k swap on ./swap-file.  Priority:0 extents:1 across:124996k 
[   39.483429] Adding 124996k swap on ./swap-file.  Priority:0 extents:1 across:124996k 
[   39.548863] Adding 124996k swap on ./swap-file.  Priority:0 extents:1 across:124996k 
[   39.615502] Adding 124996k swap on ./swap-file.  Priority:0 extents:1 across:124996k 
[   39.671697] Adding 124996k swap on ./swap-file.  Priority:0 extents:1 across:124996k 
[   39.735631] Adding 124996k swap on ./swap-file.  Priority:0 extents:1 across:124996k 
[   39.801059] Adding 124996k swap on ./swap-file.  Priority:0 extents:1 across:124996k 
[   39.858922] Adding 124996k swap on ./swap-file.  Priority:0 extents:1 across:124996k 
[   39.925505] Adding 124996k swap on ./swap-file.  Priority:0 extents:1 across:124996k 
[   39.989399] Adding 124996k swap on ./swap-file.  Priority:0 extents:1 across:124996k 
[   40.047409] Adding 124996k swap on ./swap-file.  Priority:0 extents:1 across:124996k 
[   40.103770] Adding 124996k swap on ./swap-file.  Priority:0 extents:1 across:124996k 
[   40.166758] Adding 124996k swap on ./swap-file.  Priority:0 extents:1 across:124996k 
[   40.223793] Adding 124996k swap on ./swap-file.  Priority:0 extents:1 across:124996k 
[   40.287473] Adding 124996k swap on ./swap-file.  Priority:0 extents:1 across:124996k 
[   40.350389] Adding 124996k swap on ./swap-file.  Priority:0 extents:1 across:124996k 
[   40.411496] Adding 124996k swap on ./swap-file.  Priority:0 extents:1 across:124996k 
[   40.479781] Adding 124996k swap on ./swap-file.  Priority:0 extents:1 across:124996k 
[   40.537544] Adding 124996k swap on ./swap-file.  Priority:0 extents:1 across:124996k 
[   40.595811] Adding 124996k swap on ./swap-file.  Priority:0 extents:1 across:124996k 
[   40.655934] Adding 124996k swap on ./swap-file.  Priority:0 extents:1 across:124996k 
[   40.716087] Adding 124996k swap on ./swap-file.  Priority:0 extents:1 across:124996k 
[   40.784547] Adding 124996k swap on ./swap-file.  Priority:0 extents:1 across:124996k 
[   40.843984] Adding 124996k swap on ./swap-file.  Priority:0 extents:1 across:124996k 
[   40.906641] Adding 124996k swap on ./swap-file.  Priority:0 extents:1 across:124996k 
[   40.963002] Adding 124996k swap on ./swap-file.  Priority:0 extents:1 across:124996k 
[   41.023409] Adding 124996k swap on ./swap-file.  Priority:0 extents:1 across:124996k 
[   41.083872] Adding 124996k swap on ./swap-file.  Priority:0 extents:1 across:124996k 
[   41.153027] Adding 124996k swap on ./swap-file.  Priority:0 extents:1 across:124996k 
[   41.210915] Adding 124996k swap on ./swap-file.  Priority:0 extents:1 across:124996k 
[   41.275577] Adding 124996k swap on ./swap-file.  Priority:0 extents:1 across:124996k 
[   41.343805] Adding 124996k swap on ./swap-file.  Priority:0 extents:1 across:124996k 
[   41.411817] Adding 124996k swap on ./swap-file.  Priority:0 extents:1 across:124996k 
[   41.466998] Adding 124996k swap on ./swap-file.  Priority:0 extents:1 across:124996k 
[   41.538506] Adding 124996k swap on ./swap-file.  Priority:0 extents:1 across:124996k 
[   41.600594] Adding 124996k swap on ./swap-file.  Priority:0 extents:1 across:124996k 
[   41.664546] Adding 124996k swap on ./swap-file.  Priority:0 extents:1 across:124996k 
[   41.728616] Adding 124996k swap on ./swap-file.  Priority:0 extents:1 across:124996k 
[   41.783727] Adding 124996k swap on ./swap-file.  Priority:0 extents:1 across:124996k 
[   41.843725] Adding 124996k swap on ./swap-file.  Priority:0 extents:1 across:124996k 
[   41.905026] Adding 124996k swap on ./swap-file.  Priority:0 extents:1 across:124996k 
[   41.964333] Adding 124996k swap on ./swap-file.  Priority:0 extents:1 across:124996k 
[   42.021534] Adding 124996k swap on ./swap-file.  Priority:0 extents:1 across:124996k 
[   42.084628] Adding 124996k swap on ./swap-file.  Priority:0 extents:1 across:124996k 
[   42.146756] Adding 124996k swap on ./swap-file.  Priority:0 extents:1 across:124996k 
[   42.204483] Adding 124996k swap on ./swap-file.  Priority:0 extents:1 across:124996k 
[   42.272676] Adding 124996k swap on ./swap-file.  Priority:0 extents:1 across:124996k 
[   42.332712] Adding 124996k swap on ./swap-file.  Priority:0 extents:1 across:124996k 
[   42.395786] Adding 124996k swap on ./swap-file.  Priority:0 extents:1 across:124996k 
[   42.462985] Adding 124996k swap on ./swap-file.  Priority:0 extents:1 across:124996k 
[   42.523542] Adding 124996k swap on ./swap-file.  Priority:0 extents:1 across:124996k 
[   42.614451] Adding 124996k swap on ./swap-file.  Priority:0 extents:1 across:124996k 
[   42.680636] Adding 124996k swap on ./swap-file.  Priority:0 extents:1 across:124996k 
[   42.749944] Adding 124996k swap on ./swap-file.  Priority:0 extents:1 across:124996k 
[   42.811352] Adding 124996k swap on ./swap-file.  Priority:0 extents:1 across:124996k 
[   42.943491] Adding 124996k swap on ./swap-file.  Priority:0 extents:1 across:124996k 
[   43.033781] Adding 124996k swap on ./swap-file.  Priority:0 extents:1 across:124996k 
[   43.099843] Adding 124996k swap on ./swap-file.  Priority:0 extents:1 across:124996k 
[   43.168833] Adding 124996k swap on ./swap-file.  Priority:0 extents:1 across:124996k 
[   43.232454] Adding 124996k swap on ./swap-file.  Priority:0 extents:1 across:124996k 
[   43.295986] Adding 124996k swap on ./swap-file.  Priority:0 extents:1 across:124996k 
[   43.360196] Adding 124996k swap on ./swap-file.  Priority:0 extents:1 across:124996k 
[   43.423806] Adding 124996k swap on ./swap-file.  Priority:0 extents:1 across:124996k 
[   43.483581] Adding 124996k swap on ./swap-file.  Priority:0 extents:1 across:124996k 
[   43.552319] Adding 124996k swap on ./swap-file.  Priority:0 extents:1 across:124996k 
[   43.615873] Adding 124996k swap on ./swap-file.  Priority:0 extents:1 across:124996k 
[   43.678425] Adding 124996k swap on ./swap-file.  Priority:0 extents:1 across:124996k 
[   43.739722] Adding 124996k swap on ./swap-file.  Priority:0 extents:1 across:124996k 
[   43.799626] Adding 124996k swap on ./swap-file.  Priority:0 extents:1 across:124996k 
[   43.875807] Adding 124996k swap on ./swap-file.  Priority:0 extents:1 across:124996k 
[   43.931903] Adding 124996k swap on ./swap-file.  Priority:0 extents:1 across:124996k 
[   44.004855] Adding 124996k swap on ./swap-file.  Priority:0 extents:1 across:124996k 
[   44.055430] Adding 124996k swap on ./swap-file.  Priority:0 extents:1 across:124996k 
[   44.116206] Adding 124996k swap on ./swap-file.  Priority:0 extents:1 across:124996k 
[   44.179974] Adding 124996k swap on ./swap-file.  Priority:0 extents:1 across:124996k 
[   44.244395] Adding 124996k swap on ./swap-file.  Priority:0 extents:1 across:124996k 
[   44.307792] Adding 124996k swap on ./swap-file.  Priority:0 extents:1 across:124996k 
[   44.363196] Adding 124996k swap on ./swap-file.  Priority:0 extents:1 across:124996k 
[   44.428846] Adding 124996k swap on ./swap-file.  Priority:0 extents:1 across:124996k 
[   44.487521] Adding 124996k swap on ./swap-file.  Priority:0 extents:1 across:124996k 
[   44.556870] Adding 124996k swap on ./swap-file.  Priority:0 extents:1 across:124996k 
[   44.615273] Adding 124996k swap on ./swap-file.  Priority:0 extents:1 across:124996k 
[   44.675753] Adding 124996k swap on ./swap-file.  Priority:0 extents:1 across:124996k 
[   44.746038] Adding 124996k swap on ./swap-file.  Priority:0 extents:1 across:124996k 
[   44.824510] Adding 124996k swap on ./swap-file.  Priority:0 extents:1 across:124996k 
[   44.887963] Adding 124996k swap on ./swap-file.  Priority:0 extents:1 across:124996k 
[   44.948332] Adding 124996k swap on ./swap-file.  Priority:0 extents:1 across:124996k 
[   45.011666] Adding 124996k swap on ./swap-file.  Priority:0 extents:1 across:124996k 
[   45.076111] Adding 124996k swap on ./swap-file.  Priority:0 extents:1 across:124996k 
[   45.150548] Adding 124996k swap on ./swap-file.  Priority:0 extents:1 across:124996k 
[   45.215792] Adding 124996k swap on ./swap-file.  Priority:0 extents:1 across:124996k 
[   45.275551] Adding 124996k swap on ./swap-file.  Priority:0 extents:1 across:124996k 
[   45.343954] Adding 124996k swap on ./swap-file.  Priority:0 extents:1 across:124996k 
[   45.408188] Adding 124996k swap on ./swap-file.  Priority:0 extents:1 across:124996k 
[   45.486848] Adding 124996k swap on ./swap-file.  Priority:0 extents:1 across:124996k 
[   45.545105] Adding 124996k swap on ./swap-file.  Priority:0 extents:1 across:124996k 
[   45.601501] Adding 124996k swap on ./swap-file.  Priority:0 extents:1 across:124996k 
[   45.663461] Adding 124996k swap on ./swap-file.  Priority:0 extents:1 across:124996k 
[   45.723413] Adding 124996k swap on ./swap-file.  Priority:0 extents:1 across:124996k 
[   45.783346] Adding 124996k swap on ./swap-file.  Priority:0 extents:1 across:124996k 
[   45.854520] Adding 124996k swap on ./swap-file.  Priority:0 extents:1 across:124996k 
[   45.909959] Adding 124996k swap on ./swap-file.  Priority:0 extents:1 across:124996k 
[   45.976391] Adding 124996k swap on ./swap-file.  Priority:0 extents:1 across:124996k 
[   46.038980] Adding 124996k swap on ./swap-file.  Priority:0 extents:1 across:124996k 
[   46.098730] Adding 124996k swap on ./swap-file.  Priority:0 extents:1 across:124996k 
[   46.163566] Adding 124996k swap on ./swap-file.  Priority:0 extents:1 across:124996k 
[   46.228890] Adding 124996k swap on ./swap-file.  Priority:0 extents:1 across:124996k 
[   46.312815] Adding 124996k swap on ./swap-file.  Priority:0 extents:1 across:124996k 
[   46.375532] Adding 124996k swap on ./swap-file.  Priority:0 extents:1 across:124996k 
[   46.450996] Adding 124996k swap on ./swap-file.  Priority:0 extents:1 across:124996k 
[   46.522881] Adding 124996k swap on ./swap-file.  Priority:0 extents:1 across:124996k 
[   46.592121] Adding 124996k swap on ./swap-file.  Priority:0 extents:1 across:124996k 
[   46.654732] Adding 124996k swap on ./swap-file.  Priority:0 extents:1 across:124996k 
[   46.725740] Adding 124996k swap on ./swap-file.  Priority:0 extents:1 across:124996k 
[   46.783578] Adding 124996k swap on ./swap-file.  Priority:0 extents:1 across:124996k 
[   46.851042] Adding 124996k swap on ./swap-file.  Priority:0 extents:1 across:124996k 
[   46.908267] Adding 124996k swap on ./swap-file.  Priority:0 extents:1 across:124996k 
[   46.968099] Adding 124996k swap on ./swap-file.  Priority:0 extents:1 across:124996k 
[   47.039168] Adding 124996k swap on ./swap-file.  Priority:0 extents:1 across:124996k 
[   47.107946] Adding 124996k swap on ./swap-file.  Priority:0 extents:1 across:124996k 
[   47.167665] Adding 124996k swap on ./swap-file.  Priority:0 extents:1 across:124996k 
[   47.231607] Adding 124996k swap on ./swap-file.  Priority:0 extents:1 across:124996k 
[   47.299805] Adding 124996k swap on ./swap-file.  Priority:0 extents:1 across:124996k 
[   47.364339] Adding 124996k swap on ./swap-file.  Priority:0 extents:1 across:124996k 
[   47.436944] Adding 124996k swap on ./swap-file.  Priority:0 extents:1 across:124996k 
[   47.503689] Adding 124996k swap on ./swap-file.  Priority:0 extents:1 across:124996k 
[   47.564108] Adding 124996k swap on ./swap-file.  Priority:0 extents:1 across:124996k 
[   47.622317] Adding 124996k swap on ./swap-file.  Priority:0 extents:1 across:124996k 
[   47.683323] Adding 124996k swap on ./swap-file.  Priority:0 extents:1 across:124996k 
[   47.743560] Adding 124996k swap on ./swap-file.  Priority:0 extents:1 across:124996k 
[   47.803753] Adding 124996k swap on ./swap-file.  Priority:0 extents:1 across:124996k 
[   47.880831] Adding 124996k swap on ./swap-file.  Priority:0 extents:1 across:124996k 
[   47.948321] Adding 124996k swap on ./swap-file.  Priority:0 extents:1 across:124996k 
[   48.012041] Adding 124996k swap on ./swap-file.  Priority:0 extents:1 across:124996k 
[   48.075982] Adding 124996k swap on ./swap-file.  Priority:0 extents:1 across:124996k 
[   48.136602] Adding 124996k swap on ./swap-file.  Priority:0 extents:1 across:124996k 
[   48.198364] Adding 124996k swap on ./swap-file.  Priority:0 extents:1 across:124996k 
[   48.279928] Adding 124996k swap on ./swap-file.  Priority:0 extents:1 across:124996k 
[   48.350806] Adding 124996k swap on ./swap-file.  Priority:0 extents:1 across:124996k 
[   48.411020] Adding 124996k swap on ./swap-file.  Priority:0 extents:1 across:124996k 
[   48.468533] Adding 124996k swap on ./swap-file.  Priority:0 extents:1 across:124996k 
[   48.531694] Adding 124996k swap on ./swap-file.  Priority:0 extents:1 across:124996k 
[   48.595117] Adding 124996k swap on ./swap-file.  Priority:0 extents:1 across:124996k 
[   48.659025] Adding 124996k swap on ./swap-file.  Priority:0 extents:1 across:124996k 
[   48.727469] Adding 124996k swap on ./swap-file.  Priority:0 extents:1 across:124996k 
[   48.786983] Adding 124996k swap on ./swap-file.  Priority:0 extents:1 across:124996k 
[   48.848328] Adding 124996k swap on ./swap-file.  Priority:0 extents:1 across:124996k 
[   48.909223] Adding 124996k swap on ./swap-file.  Priority:0 extents:1 across:124996k 
[   48.976246] Adding 124996k swap on ./swap-file.  Priority:0 extents:1 across:124996k 
[   49.038385] Adding 124996k swap on ./swap-file.  Priority:0 extents:1 across:124996k 
[   49.118387] Adding 124996k swap on ./swap-file.  Priority:0 extents:1 across:124996k 
[   49.180784] Adding 124996k swap on ./swap-file.  Priority:0 extents:1 across:124996k 
[   49.249003] Adding 124996k swap on ./swap-file.  Priority:0 extents:1 across:124996k 
[   49.308663] Adding 124996k swap on ./swap-file.  Priority:0 extents:1 across:124996k 
[   49.372300] Adding 124996k swap on ./swap-file.  Priority:0 extents:1 across:124996k 
[   49.431980] Adding 124996k swap on ./swap-file.  Priority:0 extents:1 across:124996k 
[   49.494663] Adding 124996k swap on ./swap-file.  Priority:0 extents:1 across:124996k 
[   49.559800] Adding 124996k swap on ./swap-file.  Priority:0 extents:1 across:124996k 
[   49.619450] Adding 124996k swap on ./swap-file.  Priority:0 extents:1 across:124996k 
[   49.698153] Adding 124996k swap on ./swap-file.  Priority:0 extents:1 across:124996k 
[   49.760424] Adding 124996k swap on ./swap-file.  Priority:0 extents:1 across:124996k 
[   49.825220] Adding 124996k swap on ./swap-file.  Priority:0 extents:1 across:124996k 
[   49.902991] Adding 124996k swap on ./swap-file.  Priority:0 extents:1 across:124996k 
[   49.968940] Adding 124996k swap on ./swap-file.  Priority:0 extents:1 across:124996k 
[   50.027418] Adding 124996k swap on ./swap-file.  Priority:0 extents:1 across:124996k 
[   50.088520] Adding 124996k swap on ./swap-file.  Priority:0 extents:1 across:124996k 
[   50.152958] Adding 124996k swap on ./swap-file.  Priority:0 extents:1 across:124996k 
[   50.223394] Adding 124996k swap on ./swap-file.  Priority:0 extents:1 across:124996k 
[   50.284635] Adding 124996k swap on ./swap-file.  Priority:0 extents:1 across:124996k 
[   50.344102] Adding 124996k swap on ./swap-file.  Priority:0 extents:1 across:124996k 
[   50.395020] Adding 124996k swap on ./swap-file.  Priority:0 extents:1 across:124996k 
[   50.463460] Adding 124996k swap on ./swap-file.  Priority:0 extents:1 across:124996k 
[   50.523808] Adding 124996k swap on ./swap-file.  Priority:0 extents:1 across:124996k 
[   50.584515] Adding 124996k swap on ./swap-file.  Priority:0 extents:1 across:124996k 
[   50.654358] Adding 124996k swap on ./swap-file.  Priority:0 extents:1 across:124996k 
[   50.715923] Adding 124996k swap on ./swap-file.  Priority:0 extents:1 across:124996k 
[   50.780372] Adding 124996k swap on ./swap-file.  Priority:0 extents:1 across:124996k 
[   50.840537] Adding 124996k swap on ./swap-file.  Priority:0 extents:1 across:124996k 
[   50.907807] Adding 124996k swap on ./swap-file.  Priority:0 extents:1 across:124996k 
[   50.970355] Adding 124996k swap on ./swap-file.  Priority:0 extents:1 across:124996k 
[   51.035693] Adding 124996k swap on ./swap-file.  Priority:0 extents:1 across:124996k 
[   51.100461] Adding 124996k swap on ./swap-file.  Priority:0 extents:1 across:124996k 
[   51.165289] Adding 124996k swap on ./swap-file.  Priority:0 extents:1 across:124996k 
[   51.227806] Adding 124996k swap on ./swap-file.  Priority:0 extents:1 across:124996k 
[   51.327949] Adding 124996k swap on ./swap-file.  Priority:0 extents:1 across:124996k 
[   51.391535] Adding 124996k swap on ./swap-file.  Priority:0 extents:1 across:124996k 
[   51.463344] Adding 124996k swap on ./swap-file.  Priority:0 extents:1 across:124996k 
[   51.526723] Adding 124996k swap on ./swap-file.  Priority:0 extents:1 across:124996k 
[   51.591650] Adding 124996k swap on ./swap-file.  Priority:0 extents:1 across:124996k 
[   51.655819] Adding 124996k swap on ./swap-file.  Priority:0 extents:1 across:124996k 
[   51.729851] Adding 124996k swap on ./swap-file.  Priority:0 extents:1 across:124996k 
[   51.799871] Adding 124996k swap on ./swap-file.  Priority:0 extents:1 across:124996k 
[   51.872939] Adding 124996k swap on ./swap-file.  Priority:0 extents:1 across:124996k 
[   51.933644] Adding 124996k swap on ./swap-file.  Priority:0 extents:1 across:124996k 
[   51.997038] Adding 124996k swap on ./swap-file.  Priority:0 extents:1 across:124996k 
[   52.064335] Adding 124996k swap on ./swap-file.  Priority:0 extents:1 across:124996k 
[   52.135155] Adding 124996k swap on ./swap-file.  Priority:0 extents:1 across:124996k 
[   52.199824] Adding 124996k swap on ./swap-file.  Priority:0 extents:1 across:124996k 
[   52.276740] Adding 124996k swap on ./swap-file.  Priority:0 extents:1 across:124996k 
[   52.339652] Adding 124996k swap on ./swap-file.  Priority:0 extents:1 across:124996k 
[   52.409554] Adding 124996k swap on ./swap-file.  Priority:0 extents:1 across:124996k 
[   52.475845] Adding 124996k swap on ./swap-file.  Priority:0 extents:1 across:124996k 
[   52.553086] Adding 124996k swap on ./swap-file.  Priority:0 extents:1 across:124996k 
[   52.621671] Adding 124996k swap on ./swap-file.  Priority:0 extents:1 across:124996k 
[   52.696659] Adding 124996k swap on ./swap-file.  Priority:0 extents:1 across:124996k 
[   52.763698] Adding 124996k swap on ./swap-file.  Priority:0 extents:1 across:124996k 
[   52.829931] Adding 124996k swap on ./swap-file.  Priority:0 extents:1 across:124996k 
[   52.895167] Adding 124996k swap on ./swap-file.  Priority:0 extents:1 across:124996k 
[   52.983552] Adding 124996k swap on ./swap-file.  Priority:0 extents:1 across:124996k 
[   53.055797] Adding 124996k swap on ./swap-file.  Priority:0 extents:1 across:124996k 
[   53.116920] Adding 124996k swap on ./swap-file.  Priority:0 extents:1 across:124996k 
[   53.183335] Adding 124996k swap on ./swap-file.  Priority:0 extents:1 across:124996k 
[   53.248731] Adding 124996k swap on ./swap-file.  Priority:0 extents:1 across:124996k 
[   53.319492] Adding 124996k swap on ./swap-file.  Priority:0 extents:1 across:124996k 
[   53.385320] Adding 124996k swap on ./swap-file.  Priority:0 extents:1 across:124996k 
[   53.448383] Adding 124996k swap on ./swap-file.  Priority:0 extents:1 across:124996k 
[   53.508285] Adding 124996k swap on ./swap-file.  Priority:0 extents:1 across:124996k 
[   53.571934] Adding 124996k swap on ./swap-file.  Priority:0 extents:1 across:124996k 
[   53.652178] Adding 124996k swap on ./swap-file.  Priority:0 extents:1 across:124996k 
[   53.711155] Adding 124996k swap on ./swap-file.  Priority:0 extents:1 across:124996k 
[   53.767076] Adding 124996k swap on ./swap-file.  Priority:0 extents:1 across:124996k 
[   53.822685] Adding 124996k swap on ./swap-file.  Priority:0 extents:1 across:124996k 
[   53.886786] Adding 124996k swap on ./swap-file.  Priority:0 extents:1 across:124996k 
[   53.959344] Adding 124996k swap on ./swap-file.  Priority:0 extents:1 across:124996k 
[   54.019649] Adding 124996k swap on ./swap-file.  Priority:0 extents:1 across:124996k 
[   54.081010] Adding 124996k swap on ./swap-file.  Priority:0 extents:1 across:124996k 
[   54.150446] Adding 124996k swap on ./swap-file.  Priority:0 extents:1 across:124996k 
[   54.305934] Adding 124996k swap on ./swap-file.  Priority:0 extents:1 across:124996k 
[   54.377304] Adding 124996k swap on ./swap-file.  Priority:0 extents:1 across:124996k 
[   54.447990] Adding 124996k swap on ./swap-file.  Priority:0 extents:1 across:124996k 
[   54.516633] Adding 124996k swap on ./swap-file.  Priority:0 extents:1 across:124996k 
[   54.582574] Adding 124996k swap on ./swap-file.  Priority:0 extents:1 across:124996k 
[   54.652435] Adding 124996k swap on ./swap-file.  Priority:0 extents:1 across:124996k 
[   54.723812] Adding 124996k swap on ./swap-file.  Priority:0 extents:1 across:124996k 
[   54.790812] Adding 124996k swap on ./swap-file.  Priority:0 extents:1 across:124996k 
[   54.855331] Adding 124996k swap on ./swap-file.  Priority:0 extents:1 across:124996k 
[   54.920571] Adding 124996k swap on ./swap-file.  Priority:0 extents:1 across:124996k 
[   54.988346] Adding 124996k swap on ./swap-file.  Priority:0 extents:1 across:124996k 
[   55.067595] Adding 124996k swap on ./swap-file.  Priority:0 extents:1 across:124996k 
[   55.139941] Adding 124996k swap on ./swap-file.  Priority:0 extents:1 across:124996k 
[   55.199578] Adding 124996k swap on ./swap-file.  Priority:0 extents:1 across:124996k 
[   55.310420] Adding 124996k swap on ./swap-file.  Priority:0 extents:1 across:124996k 
[   55.372487] Adding 124996k swap on ./swap-file.  Priority:0 extents:1 across:124996k 
[   55.432467] Adding 124996k swap on ./swap-file.  Priority:0 extents:1 across:124996k 
[   55.504381] Adding 124996k swap on ./swap-file.  Priority:0 extents:1 across:124996k 
[   55.571600] Adding 124996k swap on ./swap-file.  Priority:0 extents:1 across:124996k 
[   55.634421] Adding 124996k swap on ./swap-file.  Priority:0 extents:1 across:124996k 
[   55.687878] Adding 124996k swap on ./swap-file.  Priority:0 extents:1 across:124996k 
[   55.758213] Adding 124996k swap on ./swap-file.  Priority:0 extents:1 across:124996k 
[   55.820577] Adding 124996k swap on ./swap-file.  Priority:0 extents:1 across:124996k 
[   55.882381] Adding 124996k swap on ./swap-file.  Priority:0 extents:1 across:124996k 
[   55.943106] Adding 124996k swap on ./swap-file.  Priority:0 extents:1 across:124996k 
[   56.008663] Adding 124996k swap on ./swap-file.  Priority:0 extents:1 across:124996k 
