c[?7l[2J[0mSeaBIOS (version rel-1.16.0-0-gd239552ce722-prebuilt.qemu.org)


iPXE (http://ipxe.org) 00:03.0 CA00 PCI2.10 PnP PMM+7FF91000+7FEF1000 CA00
Press Ctrl-B to configure iPXE (PCI 00:03.0)...                                                                               


Booting from ROM..c[?7l[2J[    0.000000] Linux version 6.19.0-rc5-next-20260113-0f853ca2a798 (root@p-arls02) (gcc (GCC) 11.5.0 20240719 (Red Hat 11.5.0-14), GNU ld version 2.35.2-69.el9) #1 SMP PREEMPT_DYNAMIC Tue Jan 13 15:26:38 CST 2026
[    0.000000] Command line: console=ttyS0 root=/dev/sda earlyprintk=serial net.ifnames=0 plymouth.enable=0
[    0.000000] KERNEL supported cpus:
[    0.000000]   Intel GenuineIntel
[    0.000000]   AMD AuthenticAMD
[    0.000000]   Hygon HygonGenuine
[    0.000000]   Centaur CentaurHauls
[    0.000000]   zhaoxin   Shanghai  
[    0.000000] x86/CPU: Model not found in latest microcode list
[    0.000000] x86/split lock detection: #DB: warning on user-space bus_locks
[    0.000000] BIOS-provided physical RAM map:
[    0.000000] BIOS-e820: [mem 0x0000000000000000-0x000000000009fbff]  System RAM
[    0.000000] BIOS-e820: [mem 0x000000000009fc00-0x000000000009ffff]  device reserved
[    0.000000] BIOS-e820: [gap 0x00000000000a0000-0x00000000000effff]
[    0.000000] BIOS-e820: [mem 0x00000000000f0000-0x00000000000fffff]  device reserved
[    0.000000] BIOS-e820: [mem 0x0000000000100000-0x000000007ffdffff]  System RAM
[    0.000000] BIOS-e820: [mem 0x000000007ffe0000-0x000000007fffffff]  device reserved
[    0.000000] BIOS-e820: [gap 0x0000000080000000-0x00000000feffbfff]
[    0.000000] BIOS-e820: [mem 0x00000000feffc000-0x00000000feffffff]  device reserved
[    0.000000] BIOS-e820: [gap 0x00000000ff000000-0x00000000fffbffff]
[    0.000000] BIOS-e820: [mem 0x00000000fffc0000-0x00000000ffffffff]  device reserved
[    0.000000] printk: legacy bootconsole [earlyser0] enabled
[    0.000000] NX (Execute Disable) protection: active
[    0.000000] APIC: Static calls initialized
[    0.000000] SMBIOS 2.8 present.
[    0.000000] DMI: QEMU Standard PC (i440FX + PIIX, 1996), BIOS rel-1.16.0-0-gd239552ce722-prebuilt.qemu.org 04/01/2014
[    0.000000] DMI: Memory slots populated: 1/1
[    0.000000] Hypervisor detected: KVM
[    0.000000] last_pfn = 0x7ffe0 max_arch_pfn = 0x400000000
[    0.000000] kvm-clock: Using msrs 4b564d01 and 4b564d00
[    0.000002] kvm-clock: using sched offset of 682747582 cycles
[    0.000419] clocksource: kvm-clock: mask: 0xffffffffffffffff max_cycles: 0x1cd42e4dffb, max_idle_ns: 881590591483 ns
[    0.001697] tsc: Detected 1267.200 MHz processor
[    0.008148] last_pfn = 0x7ffe0 max_arch_pfn = 0x400000000
[    0.008612] MTRR map: 4 entries (3 fixed + 1 variable; max 19), built from 8 variable MTRRs
[    0.009275] x86/PAT: Configuration [0-7]: WB  WC  UC- UC  WB  WP  UC- WT  
[    0.015752] found SMP MP-table at [mem 0x000f5ba0-0x000f5baf]
[    0.016220] Using GB pages for direct mapping
[    0.018375] ACPI: Early table checksum verification disabled
[    0.018820] ACPI: RSDP 0x00000000000F59C0 000014 (v00 BOCHS )
[    0.019288] ACPI: RSDT 0x000000007FFE1951 000034 (v01 BOCHS  BXPC     00000001 BXPC 00000001)
[    0.019974] ACPI: FACP 0x000000007FFE17FD 000074 (v01 BOCHS  BXPC     00000001 BXPC 00000001)
[    0.020661] ACPI: DSDT 0x000000007FFE0040 0017BD (v01 BOCHS  BXPC     00000001 BXPC 00000001)
[    0.021351] ACPI: FACS 0x000000007FFE0000 000040
[    0.021726] ACPI: APIC 0x000000007FFE1871 000080 (v01 BOCHS  BXPC     00000001 BXPC 00000001)
[    0.022410] ACPI: HPET 0x000000007FFE18F1 000038 (v01 BOCHS  BXPC     00000001 BXPC 00000001)
[    0.023092] ACPI: WAET 0x000000007FFE1929 000028 (v01 BOCHS  BXPC     00000001 BXPC 00000001)
[    0.023771] ACPI: Reserving FACP table memory at [mem 0x7ffe17fd-0x7ffe1870]
[    0.024328] ACPI: Reserving DSDT table memory at [mem 0x7ffe0040-0x7ffe17fc]
[    0.024883] ACPI: Reserving FACS table memory at [mem 0x7ffe0000-0x7ffe003f]
[    0.025427] ACPI: Reserving APIC table memory at [mem 0x7ffe1871-0x7ffe18f0]
[    0.025975] ACPI: Reserving HPET table memory at [mem 0x7ffe18f1-0x7ffe1928]
[    0.026525] ACPI: Reserving WAET table memory at [mem 0x7ffe1929-0x7ffe1950]
[    0.027519] No NUMA configuration found
[    0.027817] Faking a node at [mem 0x0000000000000000-0x000000007ffdffff]
[    0.028371] NODE_DATA(0) allocated [mem 0x7ffb4ec0-0x7ffdfcbf]
[    0.072774] KernelAddressSanitizer initialized (generic)
[    0.073456] ACPI: PM-Timer IO Port: 0x608
[    0.073789] ACPI: LAPIC_NMI (acpi_id[0xff] dfl dfl lint[0x1])
[    0.074284] IOAPIC[0]: apic_id 0, version 17, address 0xfec00000, GSI 0-23
[    0.074817] ACPI: INT_SRC_OVR (bus 0 bus_irq 0 global_irq 2 dfl dfl)
[    0.075307] ACPI: INT_SRC_OVR (bus 0 bus_irq 5 global_irq 5 high level)
[    0.075810] ACPI: INT_SRC_OVR (bus 0 bus_irq 9 global_irq 9 high level)
[    0.076316] ACPI: INT_SRC_OVR (bus 0 bus_irq 10 global_irq 10 high level)
[    0.076830] ACPI: INT_SRC_OVR (bus 0 bus_irq 11 global_irq 11 high level)
[    0.077357] ACPI: Using ACPI (MADT) for SMP configuration information
[    0.077844] ACPI: HPET id: 0x8086a201 base: 0xfed00000
[    0.078247] TSC deadline timer available
[    0.078550] CPU topo: Max. logical packages:   1
[    0.078899] CPU topo: Max. logical dies:       1
[    0.079255] CPU topo: Max. dies per package:   1
[    0.079607] CPU topo: Max. threads per core:   1
[    0.079959] CPU topo: Num. cores per package:     2
[    0.080333] CPU topo: Num. threads per package:   2
[    0.080703] CPU topo: Allowing 2 present CPUs plus 0 hotplug CPUs
[    0.081218] kvm-guest: APIC: eoi() replaced with kvm_guest_apic_eoi_write()
[    0.081779] kvm-guest: KVM setup pv remote TLB flush
[    0.082162] kvm-guest: setup PV sched yield
[    0.082513] PM: hibernation: Registered nosave memory: [mem 0x00000000-0x00000fff]
[    0.083094] PM: hibernation: Registered nosave memory: [mem 0x0009f000-0x000fffff]
[    0.083670] [gap 0x80000000-0xfeffbfff] available for PCI devices
[    0.084135] Booting paravirtualized kernel on KVM
[    0.084498] clocksource: refined-jiffies: mask: 0xffffffff max_cycles: 0xffffffff, max_idle_ns: 7645519600211568 ns
[    0.085349] Zone ranges:
[    0.085545]   DMA      [mem 0x0000000000001000-0x0000000000ffffff]
[    0.086024]   DMA32    [mem 0x0000000001000000-0x000000007ffdffff]
[    0.086499]   Normal   empty
[    0.086722]   Device   empty
[    0.086945] Movable zone start for each node
[    0.087281] Early memory node ranges
[    0.087554]   node   0: [mem 0x0000000000001000-0x000000000009efff]
[    0.088032]   node   0: [mem 0x0000000000100000-0x000000007ffdffff]
[    0.088510] Initmem setup node 0 [mem 0x0000000000001000-0x000000007ffdffff]
[    0.089325] On node 0, zone DMA: 1 pages in unavailable ranges
[    0.089915] On node 0, zone DMA: 97 pages in unavailable ranges
[    0.112367] On node 0, zone DMA32: 32 pages in unavailable ranges
[    0.112882] setup_percpu: NR_CPUS:8192 nr_cpumask_bits:2 nr_cpu_ids:2 nr_node_ids:1
[    0.113859] percpu: Embedded 81 pages/cpu s294912 r8192 d28672 u1048576
[    0.114526] kvm-guest: PV spinlocks enabled
[    0.114861] PV qspinlock hash table entries: 256 (order: 0, 4096 bytes, linear)
[    0.115441] Kernel command line: net.ifnames=0 console=ttyS0 root=/dev/sda earlyprintk=serial net.ifnames=0 plymouth.enable=0
[    0.116573] random: crng init done
[    0.116842] printk: log buffer data + meta data: 262144 + 917504 = 1179648 bytes
[    0.117731] Dentry cache hash table entries: 262144 (order: 9, 2097152 bytes, linear)
[    0.118632] Inode-cache hash table entries: 131072 (order: 8, 1048576 bytes, linear)
[    0.119480] Fallback order for Node 0: 0 
[    0.119489] Built 1 zonelists, mobility grouping on.  Total pages: 524158
[    0.120290] Policy zone: DMA32
[    0.120519] mem auto-init: stack:off, heap alloc:off, heap free:off
[    0.120980] stackdepot: allocating hash table via alloc_large_system_hash
[    0.121486] stackdepot hash table entries: 1048576 (order: 12, 16777216 bytes, linear)
[    0.126223] stackdepot: allocating space for 8192 stack pools via memblock
[    0.152021] SLUB: HWalign=64, Order=0-3, MinObjects=0, CPUs=2, Nodes=1
[    0.152527] kmemleak: Kernel memory leak detector disabled
[    0.188871] ftrace: allocating 75531 entries in 296 pages
[    0.189305] ftrace: allocated 296 pages with 3 groups
[    0.192421] Dynamic Preempt: lazy
[    0.193122] Running RCU self tests
[    0.193369] Running RCU synchronous self tests
[    0.193694] rcu: Preemptible hierarchical RCU implementation.
[    0.194116] rcu: 	RCU lockdep checking is enabled.
[    0.194468] rcu: 	RCU restricting CPUs from NR_CPUS=8192 to nr_cpu_ids=2.
[    0.194966] 	Trampoline variant of Tasks RCU enabled.
[    0.195342] 	Rude variant of Tasks RCU enabled.
[    0.195674] 	Tracing variant of Tasks RCU enabled.
[    0.196028] rcu: RCU calculated value of scheduler-enlistment delay is 25 jiffies.
[    0.196580] rcu: Adjusting geometry for rcu_fanout_leaf=16, nr_cpu_ids=2
[    0.197159] Running RCU synchronous self tests
[    0.197490] RCU Tasks: Setting shift to 1 and lim to 1 rcu_task_cb_adjust=1 rcu_task_cpu_ids=2.
[    0.198135] RCU Tasks Rude: Setting shift to 1 and lim to 1 rcu_task_cb_adjust=1 rcu_task_cpu_ids=2.
[    0.262254] NR_IRQS: 524544, nr_irqs: 440, preallocated irqs: 16
[    0.263238] rcu: srcu_init: Setting srcu_struct sizes based on contention.
[    0.270013] Console: colour VGA+ 80x25
[    0.270378] printk: legacy console [ttyS0] enabled
[    0.270378] printk: legacy console [ttyS0] enabled
[    0.271100] printk: legacy bootconsole [earlyser0] disabled
[    0.271100] printk: legacy bootconsole [earlyser0] disabled
[    0.271943] Lock dependency validator: Copyright (c) 2006 Red Hat, Inc., Ingo Molnar
[    0.272524] ... MAX_LOCKDEP_SUBCLASSES:  8
[    0.272839] ... MAX_LOCK_DEPTH:          48
[    0.273162] ... MAX_LOCKDEP_KEYS:        8192
[    0.273492] ... CLASSHASH_SIZE:          4096
[    0.273824] ... MAX_LOCKDEP_ENTRIES:     524288
[    0.274169] ... MAX_LOCKDEP_CHAINS:      524288
[    0.274515] ... CHAINHASH_SIZE:          262144
[    0.274858]  memory used by lock dependency info: 54145 kB
[    0.275277]  memory used for stack traces: 4224 kB
[    0.275637]  per task-struct memory footprint: 1920 bytes
[    0.276119] ACPI: Core revision 20250807
[    0.276762] clocksource: hpet: mask: 0xffffffff max_cycles: 0xffffffff, max_idle_ns: 19112604467 ns
[    0.277606] APIC: Switch to symmetric I/O mode setup
[    0.278159] x2apic enabled
[    0.278706] APIC: Switched APIC routing to: physical x2apic
[    0.279141] kvm-guest: APIC: send_IPI_mask() replaced with kvm_send_ipi_mask()
[    0.279697] kvm-guest: APIC: send_IPI_mask_allbutself() replaced with kvm_send_ipi_mask_allbutself()
[    0.280391] kvm-guest: setup PV IPIs
[    0.281620] ..TIMER: vector=0x30 apic1=0 pin1=2 apic2=-1 pin2=-1
[    0.282097] clocksource: tsc-early: mask: 0xffffffffffffffff max_cycles: 0x12441513526, max_idle_ns: 440795239872 ns
[    0.282899] Calibrating delay loop (skipped) preset value.. 2534.40 BogoMIPS (lpj=5068800)
[    0.283676] CPU0: Thermal monitoring enabled (TM1)
[    0.284054] x86/cpu: User Mode Instruction Prevention (UMIP) activated
[    0.284638] Last level iTLB entries: 4KB 0, 2MB 0, 4MB 0
[    0.285041] Last level dTLB entries: 4KB 0, 2MB 0, 4MB 0, 1GB 0
[    0.285503] mitigations: Enabled attack vectors: user_kernel, user_user, guest_host, guest_guest, SMT mitigations: auto
[    0.286910] Speculative Store Bypass: Mitigation: Speculative Store Bypass disabled via prctl
[    0.287545] Spectre V2 : Mitigation: Enhanced / Automatic IBRS
[    0.287985] ITS: Mitigation: Aligned branch/return thunks
[    0.288392] Spectre V1 : Mitigation: usercopy/swapgs barriers and __user pointer sanitization
[    0.289025] Spectre V2 : WARNING: Unprivileged eBPF is enabled with eIBRS on, data leaks possible via Spectre v2 BHB attacks!
[    0.289866] Spectre V2 : Spectre v2 / PBRSB-eIBRS: Retire a single CALL on VMEXIT
[    0.290892] Spectre V2 : mitigation: Enabling conditional Indirect Branch Prediction Barrier
[    0.291502] active return thunk: its_return_thunk
[    0.291853] Spectre V2 : Spectre BHI mitigation: SW BHB clearing on syscall and VM exit
[    0.292457] x86/fpu: Supporting XSAVE feature 0x001: 'x87 floating point registers'
[    0.293030] x86/fpu: Supporting XSAVE feature 0x002: 'SSE registers'
[    0.293506] x86/fpu: Supporting XSAVE feature 0x004: 'AVX registers'
[    0.293986] x86/fpu: Supporting XSAVE feature 0x200: 'Protection Keys User registers'
[    0.294571] x86/fpu: xstate_offset[2]:  576, xstate_sizes[2]:  256
[    0.294888] x86/fpu: xstate_offset[9]:  832, xstate_sizes[9]:    8
[    0.295352] x86/fpu: Enabled xstate features 0x207, context size is 840 bytes, using 'compacted' format.
[    0.425607] Freeing SMP alternatives memory: 64K
[    0.426008] pid_max: default: 32768 minimum: 301
[    0.426702] Yama: becoming mindful.
[    0.427167] Mount-cache hash table entries: 4096 (order: 3, 32768 bytes, linear)
[    0.427737] Mountpoint-cache hash table entries: 4096 (order: 3, 32768 bytes, linear)
[    0.429655] Running RCU synchronous self tests
[    0.429994] Running RCU synchronous self tests
[    0.430633] smpboot: CPU0: Genuine Intel(R) 0000 @ (family: 0x6, model: 0xc6, stepping: 0x0)
[    0.430885] Performance Events: unsupported CPU family 6 model 198 no PMU driver, software events only.
[    0.430885] signal: max sigframe size: 3632
[    0.430885] rcu: Hierarchical SRCU implementation.
[    0.430885] rcu: 	Max phase no-delay instances is 1000.
[    0.430885] Timer migration: 1 hierarchy levels; 8 children per group; 1 crossnode level
[    0.450151] NMI watchdog: Perf NMI watchdog permanently disabled
[    0.450783] smp: Bringing up secondary CPUs ...
[    0.451909] smpboot: x86: Booting SMP configuration:
[    0.452307] .... node  #0, CPUs:      #1
[    0.452648] smp: Brought up 1 node, 2 CPUs
[    0.452648] smpboot: Total of 2 processors activated (5068.80 BogoMIPS)
[    0.455682] Memory: 1538728K/2096632K available (81191K kernel code, 15752K rwdata, 18884K rodata, 16468K init, 69760K bss, 546452K reserved, 0K cma-reserved)
[    0.457656] devtmpfs: initialized
[    0.459227] x86/mm: Memory block size: 128MB
[    0.469122] Running RCU synchronous self tests
[    0.469122] Running RCU synchronous self tests
[    0.471293] Running RCU Tasks wait API self tests
[    0.471298] Running RCU Tasks Rude wait API self tests
[    0.471298] Running RCU Tasks Trace wait API self tests
[    0.471818] clocksource: jiffies: mask: 0xffffffff max_cycles: 0xffffffff, max_idle_ns: 7645041785100000 ns
[    0.472600] posixtimers hash table entries: 1024 (order: 5, 73728 bytes, linear)
[    0.473326] futex hash table entries: 512 (65536 bytes on 1 NUMA nodes, total 64 KiB, linear).
[    0.476706] 
[    0.476843] *************************************************************
[    0.477369] **     NOTICE NOTICE NOTICE NOTICE NOTICE NOTICE NOTICE    **
[    0.477898] **                                                         **
[    0.478423] **  IOMMU DebugFS SUPPORT HAS BEEN ENABLED IN THIS KERNEL  **
[    0.478915] **                                                         **
[    0.479442] ** This means that this kernel is built to expose internal **
[    0.479970] ** IOMMU data structures, which may compromise security on **
[    0.480493] ** your system.                                            **
[    0.481019] **                                                         **
[    0.481545] ** If you see this message and you are not debugging the   **
[    0.482074] ** kernel, report this immediately to your vendor!         **
[    0.482601] **                                                         **
[    0.482940] **     NOTICE NOTICE NOTICE NOTICE NOTICE NOTICE NOTICE    **
[    0.483471] *************************************************************
[    0.484063] PM: RTC time: 02:29:01, date: 2026-01-14
[    0.487925] NET: Registered PF_NETLINK/PF_ROUTE protocol family
[    0.490013] DMA: preallocated 256 KiB GFP_KERNEL pool for atomic allocations
[    0.490581] DMA: preallocated 256 KiB GFP_KERNEL|GFP_DMA pool for atomic allocations
[    0.490949] DMA: preallocated 256 KiB GFP_KERNEL|GFP_DMA32 pool for atomic allocations
[    0.491647] audit: initializing netlink subsys (disabled)
[    0.492133] Callback from call_rcu_tasks_trace() invoked.
[    0.492659] audit: type=2000 audit(1768357741.366:1): state=initialized audit_enabled=0 res=1
[    0.492659] thermal_sys: Registered thermal governor 'fair_share'
[    0.492659] thermal_sys: Registered thermal governor 'bang_bang'
[    0.494897] thermal_sys: Registered thermal governor 'step_wise'
[    0.495363] thermal_sys: Registered thermal governor 'user_space'
[    0.495888] cpuidle: using governor ladder
[    0.496698] cpuidle: using governor menu
[    0.497317] acpiphp: ACPI Hot Plug PCI Controller Driver version: 0.5
[    0.498595] PCI: Using configuration type 1 for base access
[    0.499451] kprobes: kprobe jump-optimization is enabled. All kprobes are optimized if possible.
[    0.507021] HugeTLB: registered 1.00 GiB page size, pre-allocated 0 pages
[    0.507655] HugeTLB: 16380 KiB vmemmap can be freed for a 1.00 GiB page
[    0.508164] HugeTLB: registered 2.00 MiB page size, pre-allocated 0 pages
[    0.508689] HugeTLB: 28 KiB vmemmap can be freed for a 2.00 MiB page
[    0.544884] ACPI: Added _OSI(Module Device)
[    0.545269] ACPI: Added _OSI(Processor Device)
[    0.545633] ACPI: Added _OSI(Processor Aggregator Device)
[    0.576839] ACPI: 1 ACPI AML tables successfully acquired and loaded
[    0.634950] ACPI: \_SB_: platform _OSC: OS support mask [002e7eff]
[    0.637997] ACPI: Interpreter enabled
[    0.638436] ACPI: PM: (supports S0 S3 S4 S5)
[    0.638763] ACPI: Using IOAPIC for interrupt routing
[    0.639047] PCI: Using host bridge windows from ACPI; if necessary, use "pci=nocrs" and report a bug
[    0.639717] PCI: Using E820 reservations for host bridge windows
[    0.641335] ACPI: Enabled 2 GPEs in block 00 to 0F
[    0.724406] ACPI: PCI Root Bridge [PCI0] (domain 0000 [bus 00-ff])
[    0.724970] acpi PNP0A03:00: _OSC: OS supports [ASPM ClockPM Segments MSI EDR HPX-Type3]
[    0.725627] acpi PNP0A03:00: _OSC: not requesting OS control; OS requires [ExtendedConfig ASPM ClockPM MSI]
[    0.726458] acpi PNP0A03:00: _OSC: platform retains control of PCIe features (AE_ERROR)
[    0.731224] acpi PNP0A03:00: fail to add MMCONFIG information, can't access extended configuration space under this bridge
[    0.736913] acpiphp: Slot [3] registered
[    0.737408] acpiphp: Slot [4] registered
[    0.737884] acpiphp: Slot [5] registered
[    0.738356] acpiphp: Slot [6] registered
[    0.738826] acpiphp: Slot [7] registered
[    0.739050] acpiphp: Slot [8] registered
[    0.739527] acpiphp: Slot [9] registered
[    0.740001] acpiphp: Slot [10] registered
[    0.740478] acpiphp: Slot [11] registered
[    0.740980] acpiphp: Slot [12] registered
[    0.741467] acpiphp: Slot [13] registered
[    0.741947] acpiphp: Slot [14] registered
[    0.742431] acpiphp: Slot [15] registered
[    0.742933] acpiphp: Slot [16] registered
[    0.743411] acpiphp: Slot [17] registered
[    0.743967] acpiphp: Slot [18] registered
[    0.744414] acpiphp: Slot [19] registered
[    0.744920] acpiphp: Slot [20] registered
[    0.745396] acpiphp: Slot [21] registered
[    0.745877] acpiphp: Slot [22] registered
[    0.746359] acpiphp: Slot [23] registered
[    0.746929] acpiphp: Slot [24] registered
[    0.747418] acpiphp: Slot [25] registered
[    0.747896] acpiphp: Slot [26] registered
[    0.748380] acpiphp: Slot [27] registered
[    0.748890] acpiphp: Slot [28] registered
[    0.749379] acpiphp: Slot [29] registered
[    0.749851] acpiphp: Slot [30] registered
[    0.750330] acpiphp: Slot [31] registered
[    0.750736] PCI host bridge to bus 0000:00
[    0.750949] pci_bus 0000:00: root bus resource [io  0x0000-0x0cf7 window]
[    0.751530] pci_bus 0000:00: root bus resource [io  0x0d00-0xffff window]
[    0.752138] pci_bus 0000:00: root bus resource [mem 0x000a0000-0x000bffff window]
[    0.752772] pci_bus 0000:00: root bus resource [mem 0x80000000-0xfebfffff window]
[    0.753406] pci_bus 0000:00: root bus resource [mem 0x100000000-0x17fffffff window]
[    0.754059] pci_bus 0000:00: root bus resource [bus 00-ff]
[    0.754677] pci 0000:00:00.0: [8086:1237] type 00 class 0x060000 conventional PCI endpoint
[    0.763694] pci 0000:00:01.0: [8086:7000] type 00 class 0x060100 conventional PCI endpoint
[    0.765845] pci 0000:00:01.1: [8086:7010] type 00 class 0x010180 conventional PCI endpoint
[    0.767135] pci 0000:00:01.1: BAR 4 [io  0xc040-0xc04f]
[    0.767603] pci 0000:00:01.1: BAR 0 [io  0x01f0-0x01f7]: legacy IDE quirk
[    0.768176] pci 0000:00:01.1: BAR 1 [io  0x03f6]: legacy IDE quirk
[    0.768702] pci 0000:00:01.1: BAR 2 [io  0x0170-0x0177]: legacy IDE quirk
[    0.769274] pci 0000:00:01.1: BAR 3 [io  0x0376]: legacy IDE quirk
[    0.770376] pci 0000:00:01.3: [8086:7113] type 00 class 0x068000 conventional PCI endpoint
[    0.771184] pci 0000:00:01.3: quirk: [io  0x0600-0x063f] claimed by PIIX4 ACPI
[    0.771802] pci 0000:00:01.3: quirk: [io  0x0700-0x070f] claimed by PIIX4 SMB
[    0.772966] pci 0000:00:02.0: [1234:1111] type 00 class 0x030000 conventional PCI endpoint
[    0.787413] pci 0000:00:02.0: BAR 0 [mem 0xfd000000-0xfdffffff pref]
[    0.788004] pci 0000:00:02.0: BAR 2 [mem 0xfebf0000-0xfebf0fff]
[    0.788529] pci 0000:00:02.0: ROM [mem 0xfebe0000-0xfebeffff pref]
[    0.789191] pci 0000:00:02.0: Video device with shadowed ROM at [mem 0x000c0000-0x000dffff]
[    0.798305] pci 0000:00:03.0: [8086:100e] type 00 class 0x020000 conventional PCI endpoint
[    0.805205] pci 0000:00:03.0: BAR 0 [mem 0xfebc0000-0xfebdffff]
[    0.806288] pci 0000:00:03.0: BAR 1 [io  0xc000-0xc03f]
[    0.807000] pci 0000:00:03.0: ROM [mem 0xfeb80000-0xfebbffff pref]
[    0.837646] ACPI: PCI: Interrupt link LNKA configured for IRQ 10
[    0.839142] ACPI: PCI: Interrupt link LNKB configured for IRQ 10
[    0.840503] ACPI: PCI: Interrupt link LNKC configured for IRQ 11
[    0.841865] ACPI: PCI: Interrupt link LNKD configured for IRQ 11
[    0.842754] ACPI: PCI: Interrupt link LNKS configured for IRQ 9
[    0.846968] iommu: Default domain type: Translated
[    0.847496] iommu: DMA domain TLB invalidation policy: lazy mode
[    0.853374] SCSI subsystem initialized
[    0.854271] ACPI: bus type USB registered
[    0.854869] usbcore: registered new interface driver usbfs
[    0.855007] usbcore: registered new interface driver hub
[    0.855583] usbcore: registered new device driver usb
[    0.856384] pps_core: LinuxPPS API ver. 1 registered
[    0.856809] pps_core: Software ver. 5.3.6 - Copyright 2005-2007 Rodolfo Giometti <giometti@linux.it>
[    0.857621] PTP clock support registered
[    0.858885] EDAC MC: Ver: 3.0.0
[    0.862139] NetLabel: Initializing
[    0.862448] NetLabel:  domain hash size = 128
[    0.862823] NetLabel:  protocols = UNLABELED CIPSOv4 CALIPSO
[    0.863047] NetLabel:  unlabeled traffic allowed by default
[    0.864076] PCI: Using ACPI for IRQ routing
[    0.864544] e820: register RAM buffer resource [mem 0x0009fc00-0x0009ffff]
[    0.865144] e820: register RAM buffer resource [mem 0x7ffe0000-0x7fffffff]
[    0.866156] pci 0000:00:02.0: vgaarb: setting as boot VGA device
[    0.866683] pci 0000:00:02.0: vgaarb: bridge control possible
[    0.866885] pci 0000:00:02.0: vgaarb: VGA device added: decodes=io+mem,owns=io+mem,locks=none
[    0.866894] vgaarb: loaded
[    0.871512] hpet0: at MMIO 0xfed00000, IRQs 2, 8, 0
[    0.871964] hpet0: 3 comparators, 64-bit 100.000000 MHz counter
[    0.878885] clocksource: Switched to clocksource kvm-clock
[    3.536072] VFS: Disk quotas dquot_6.6.0
[    3.536505] VFS: Dquot-cache hash table entries: 512 (order 0, 4096 bytes)
[    3.538852] pnp: PnP ACPI init
[    3.543181] pnp: PnP ACPI: found 6 devices
[    3.564020] clocksource: acpi_pm: mask: 0xffffff max_cycles: 0xffffff, max_idle_ns: 2085701024 ns
[    3.565265] NET: Registered PF_INET protocol family
[    3.565995] IP idents hash table entries: 32768 (order: 6, 262144 bytes, linear)
[    3.568078] tcp_listen_portaddr_hash hash table entries: 1024 (order: 5, 73728 bytes, linear)
[    3.568856] Table-perturb hash table entries: 65536 (order: 6, 262144 bytes, linear)
[    3.569544] TCP established hash table entries: 16384 (order: 5, 131072 bytes, linear)
[    3.570798] TCP bind hash table entries: 16384 (order: 10, 2359296 bytes, linear)
[    3.573863] TCP: Hash tables configured (established 16384 bind 16384)
[    3.574607] UDP hash table entries: 1024 (order: 6, 262144 bytes, linear)
[    3.575391] UDP-Lite hash table entries: 1024 (order: 6, 262144 bytes, linear)
[    3.576433] NET: Registered PF_UNIX/PF_LOCAL protocol family
[    3.578389] RPC: Registered named UNIX socket transport module.
[    3.578898] RPC: Registered udp transport module.
[    3.579346] RPC: Registered tcp transport module.
[    3.579738] RPC: Registered tcp-with-tls transport module.
[    3.580192] RPC: Registered tcp NFSv4.1 backchannel transport module.
[    3.580756] pci_bus 0000:00: resource 4 [io  0x0000-0x0cf7 window]
[    3.581276] pci_bus 0000:00: resource 5 [io  0x0d00-0xffff window]
[    3.581787] pci_bus 0000:00: resource 6 [mem 0x000a0000-0x000bffff window]
[    3.582353] pci_bus 0000:00: resource 7 [mem 0x80000000-0xfebfffff window]
[    3.582916] pci_bus 0000:00: resource 8 [mem 0x100000000-0x17fffffff window]
[    3.583852] pci 0000:00:01.0: PIIX3: Enabling Passive Release
[    3.584340] pci 0000:00:00.0: Limiting direct PCI/PCI transfers
[    3.584919] PCI: CLS 0 bytes, default 64
[    3.585363] ACPI: bus type thunderbolt registered
[    3.586182] clocksource: tsc: mask: 0xffffffffffffffff max_cycles: 0x12441513526, max_idle_ns: 440795239872 ns
[    3.593136] Initialise system trusted keyrings
[    3.593615] Key type blacklist registered
[    3.594487] workingset: timestamp_bits=36 max_order=19 bucket_order=0
[    3.596991] squashfs: version 4.0 (2009/01/31) Phillip Lougher
[    3.599243] NFS: Registering the id_resolver key type
[    3.599662] Key type id_resolver registered
[    3.599997] Key type id_legacy registered
[    3.600357] nfs4filelayout_init: NFSv4 File Layout Driver Registering...
[    3.600905] nfs4flexfilelayout_init: NFSv4 Flexfile Layout Driver Registering...
[    3.601991] fuse: init (API version 7.45)
[    3.602997] SGI XFS with ACLs, security attributes, realtime, quota, no debug enabled
[    3.605295] 9p: Installing v9fs 9p2000 file system support
[    3.616932] Key type asymmetric registered
[    3.617282] Asymmetric key parser 'x509' registered
[    3.617878] Block layer SCSI generic (bsg) driver version 0.4 loaded (major 241)
[    3.618552] Callback from call_rcu_tasks() invoked.
[    3.619039] io scheduler mq-deadline registered
[    3.619538] io scheduler bfq registered
[    3.620301] ledtrig-cpu: registered to indicate activity on CPUs
[    3.622272] IPMI message handler: version 39.2
[    3.622719] ipmi device interface
[    3.625305] input: Power Button as /devices/platform/LNXPWRBN:00/input/input0
[    3.626242] ACPI: button: Power Button [PWRF]
[    3.628990] ERST DBG: ERST support is disabled.
[    3.631150] Serial: 8250/16550 driver, 32 ports, IRQ sharing enabled
[    3.633115] 00:04: ttyS0 at I/O 0x3f8 (irq = 4, base_baud = 115200) is a 16550A
[    3.671283] Linux agpgart interface v0.103
[    3.675457] ACPI: bus type drm_connector registered
[    3.706643] brd: module loaded
[    3.724688] loop: module loaded
[    3.738622] scsi host0: ata_piix
[    3.741075] scsi host1: ata_piix
[    3.741891] ata1: PATA max MWDMA2 cmd 0x1f0 ctl 0x3f6 bmdma 0xc040 irq 14 lpm-pol 0
[    3.742481] ata2: PATA max MWDMA2 cmd 0x170 ctl 0x376 bmdma 0xc048 irq 15 lpm-pol 0
[    3.745878] tun: Universal TUN/TAP device driver, 1.6
[    3.746740] e100: Intel(R) PRO/100 Network Driver
[    3.747112] e100: Copyright(c) 1999-2006 Intel Corporation
[    3.747691] e1000: Intel(R) PRO/1000 Network Driver
[    3.748074] e1000: Copyright (c) 1999-2006 Intel Corporation.
[    3.899441] ata1: found unknown device (class 0)
[    3.900377] ata1.00: ATA-7: QEMU HARDDISK, 2.5+, max UDMA/100
[    3.900818] ata1.00: 17196647 sectors, multi 16: LBA48 
[    3.902251] scsi 0:0:0:0: Direct-Access     ATA      QEMU HARDDISK    2.5+ PQ: 0 ANSI: 5
[    3.903244] ata2: found unknown device (class 0)
[    3.904022] ata2.00: ATAPI: QEMU DVD-ROM, 2.5+, max UDMA/100
[    3.904546] scsi 0:0:0:0: Attached scsi generic sg0 type 0
[    3.906586] scsi 1:0:0:0: CD-ROM            QEMU     QEMU DVD-ROM     2.5+ PQ: 0 ANSI: 5
[    3.906624] sd 0:0:0:0: [sda] 17196647 512-byte logical blocks: (8.80 GB/8.20 GiB)
[    3.909153] sd 0:0:0:0: [sda] Write Protect is off
[    3.909772] sd 0:0:0:0: [sda] Write cache: enabled, read cache: enabled, doesn't support DPO or FUA
[    3.910712] sd 0:0:0:0: [sda] Preferred minimum I/O size 512 bytes
[    3.920915] scsi 1:0:0:0: Attached scsi generic sg1 type 5
[    3.930812] sd 0:0:0:0: [sda] Attached SCSI disk
[    4.416074] ACPI: \_SB_.LNKC: Enabled at IRQ 11
[    4.723487] e1000 0000:00:03.0 eth0: (PCI:33MHz:32-bit) 52:54:00:12:34:56
[    4.724070] e1000 0000:00:03.0 eth0: Intel(R) PRO/1000 Network Connection
[    4.724811] e1000e: Intel(R) PRO/1000 Network Driver
[    4.725209] e1000e: Copyright(c) 1999 - 2015 Intel Corporation.
[    4.725827] igb: Intel(R) Gigabit Ethernet Network Driver
[    4.726257] igb: Copyright (c) 2007-2014 Intel Corporation.
[    4.727208] PPP generic driver version 2.4.2
[    4.729334] VFIO - User Level meta-driver version: 0.3
[    4.733249] usbcore: registered new interface driver uas
[    4.733816] usbcore: registered new interface driver usb-storage
[    4.734571] i8042: PNP: PS/2 Controller [PNP0303:KBD,PNP0f13:MOU] at 0x60,0x64 irq 1,12
[    4.737106] serio: i8042 KBD port at 0x60,0x64 irq 1
[    4.737660] serio: i8042 AUX port at 0x60,0x64 irq 12
[    4.739375] mousedev: PS/2 mouse device common for all mice
[    4.741486] input: AT Translated Set 2 keyboard as /devices/platform/i8042/serio0/input/input1
[    4.742511] rtc_cmos 00:05: RTC can wake from S4
[    4.745098] rtc_cmos 00:05: registered as rtc0
[    4.745526] rtc_cmos 00:05: setting system clock to 2026-01-14T02:29:05 UTC (1768357745)
[    4.746529] rtc_cmos 00:05: alarms up to one day, y3k, 242 bytes nvram, hpet irqs
[    4.747226] i2c_dev: i2c /dev entries driver
[    4.748122] device-mapper: core: CONFIG_IMA_DISABLE_HTABLE is disabled. Duplicate IMA measurements will not be recorded in the IMA log.
[    4.748582] input: VirtualPS/2 VMware VMMouse as /devices/platform/i8042/serio1/input/input4
[    4.750308] device-mapper: uevent: version 1.0.3
[    4.752582] input: VirtualPS/2 VMware VMMouse as /devices/platform/i8042/serio1/input/input3
[    4.753618] device-mapper: ioctl: 4.50.0-ioctl (2025-04-28) initialised: dm-devel@lists.linux.dev
[    4.755305] intel_pstate: CPU model not supported
[    4.756059] sdhci: Secure Digital Host Controller Interface driver
[    4.756561] sdhci: Copyright(c) Pierre Ossman
[    4.757138] sdhci-pltfm: SDHCI platform and OF driver helper
[    4.758227] drop_monitor: Initializing network drop monitor service
[    4.759224] NET: Registered PF_INET6 protocol family
[    4.762549] Segment Routing with IPv6
[    4.762930] In-situ OAM (IOAM) with IPv6
[    4.763330] NET: Registered PF_PACKET protocol family
[    4.764521] 9pnet: Installing 9P2000 support
[    4.765072] Key type dns_resolver registered
[    4.767887] IPI shorthand broadcast: enabled
[    4.849956] sched_clock: Marking stable (4832005068, 15132411)->(4906979234, -59841755)
[    4.852316] registered taskstats version 1
[    4.853366] Loading compiled-in X.509 certificates
[    4.932214] Demotion targets for Node 0: null
[    4.933607] Key type .fscrypt registered
[    4.933929] Key type fscrypt-provisioning registered
[    4.939581] Key type encrypted registered
[    4.939952] ima: No TPM chip found, activating TPM-bypass!
[    4.940402] ima: Allocated hash algorithm: sha1
[    4.940806] ima: No architecture policies found
[    4.941298] evm: Initialising EVM extended attributes:
[    4.941693] evm: security.selinux
[    4.941956] evm: security.SMACK64
[    4.942222] evm: security.SMACK64EXEC
[    4.942508] evm: security.SMACK64TRANSMUTE
[    4.942828] evm: security.SMACK64MMAP
[    4.943115] evm: security.apparmor
[    4.943406] evm: security.ima
[    4.943643] evm: security.capability
[    4.943925] evm: HMAC attrs: 0x1
[    4.946443] PM:   Magic number: 10:156:460
[    4.948479] RAS: Correctable Errors collector initialized.
[    4.949127] clk: Disabling unused clocks
[    4.949841] PM: genpd: Disabling unused power domains
[    4.951273] check access for rdinit=/init failed: -2, ignoring
[    4.951581] md: Waiting for all devices to be available before autodetect
[    4.951930] md: If you don't use raid, use raid=noautodetect
[    4.952215] md: Autodetecting RAID arrays.
[    4.952447] md: autorun ...
[    4.952602] md: ... autorun DONE.
[    4.974071] EXT4-fs (sda): mounted filesystem 088740a9-c8b4-422c-999d-a804eb68a4da ro with ordered data mode. Quota mode: none.
[    4.974777] VFS: Mounted root (ext4 filesystem) readonly on device 8:0.
[    4.978659] devtmpfs: mounted
[    4.996075] Freeing unused decrypted memory: 2036K
[    5.000508] Freeing unused kernel image (initmem) memory: 16468K
[    5.000997] Write protecting the kernel read-only data: 102400k
[    5.003154] Freeing unused kernel image (text/rodata gap) memory: 728K
[    5.004369] Freeing unused kernel image (rodata/data gap) memory: 1596K
[    5.074467] x86/mm: Checked W+X mappings: passed, no W+X pages found.
[    5.074957] Run /sbin/init as init process
[    5.299583] systemd[1]: systemd 252-15.el9 running in system mode (+PAM +AUDIT +SELINUX -APPARMOR +IMA +SMACK +SECCOMP +GCRYPT +GNUTLS +OPENSSL +ACL +BLKID +CURL +ELFUTILS -FIDO2 +IDN2 -IDN -IPTC +KMOD +LIBCRYPTSETUP +LIBFDISK +PCRE2 -PWQUALITY +P11KIT -QRENCODE +TPM2 +BZIP2 +LZ4 +XZ +ZLIB +ZSTD -BPF_FRAMEWORK +XKBCOMMON +UTMP +SYSVINIT default-hierarchy=unified)
[    5.301190] systemd[1]: Detected virtualization kvm.
[    5.301456] systemd[1]: Detected architecture x86-64.

Welcome to [0;31mCentOS Stream 9[0m!

[    5.309741] systemd[1]: Hostname set to <test>.
[    5.488186] systemd-rc-local-generator[118]: /etc/rc.d/rc.local is not marked executable, skipping.
[    5.916200] systemd[1]: Queued start job for default target Multi-User System.
[    5.930073] systemd[1]: Created slice Virtual Machine and Container Slice.
[[0;32m  OK  [0m] Created slice [0;1;39mVirtual Machine and Container Slice[0m.
[    5.935657] systemd[1]: Created slice Slice /system/getty.
[[0;32m  OK  [0m] Created slice [0;1;39mSlice /system/getty[0m.
[    5.939379] systemd[1]: Created slice Slice /system/modprobe.
[[0;32m  OK  [0m] Created slice [0;1;39mSlice /system/modprobe[0m.
[    5.942746] systemd[1]: Created slice Slice /system/serial-getty.
[[0;32m  OK  [0m] Created slice [0;1;39mSlice /system/serial-getty[0m.
[    5.946127] systemd[1]: Created slice Slice /system/sshd-keygen.
[[0;32m  OK  [0m] Created slice [0;1;39mSlice /system/sshd-keygen[0m.
[    5.949239] systemd[1]: Created slice User and Session Slice.
[[0;32m  OK  [0m] Created slice [0;1;39mUser and Session Slice[0m.
[    5.951122] systemd[1]: Started Forward Password Requests to Wall Directory Watch.
[[0;32m  OK  [0m] Started [0;1;39mForward Password R…uests to Wall Directory Watch[0m.
[    5.954331] systemd[1]: Set up automount Arbitrary Executable File Formats File System Automount Point.
[[0;32m  OK  [0m] Set up automount [0;1;39mArbitrary…s File System Automount Point[0m.
[    5.956214] systemd[1]: Reached target Local Integrity Protected Volumes.
[[0;32m  OK  [0m] Reached target [0;1;39mLocal Integrity Protected Volumes[0m.
[    5.957795] systemd[1]: Reached target Slice Units.
[[0;32m  OK  [0m] Reached target [0;1;39mSlice Units[0m.
[    5.958958] systemd[1]: Reached target Swaps.
[[0;32m  OK  [0m] Reached target [0;1;39mSwaps[0m.
[    5.960294] systemd[1]: Reached target Local Verity Protected Volumes.
[[0;32m  OK  [0m] Reached target [0;1;39mLocal Verity Protected Volumes[0m.
[    5.962127] systemd[1]: Listening on Device-mapper event daemon FIFOs.
[[0;32m  OK  [0m] Listening on [0;1;39mDevice-mapper event daemon FIFOs[0m.
[    5.964582] systemd[1]: Listening on LVM2 poll daemon socket.
[[0;32m  OK  [0m] Listening on [0;1;39mLVM2 poll daemon socket[0m.
[    5.966228] systemd[1]: multipathd control socket was skipped because of an unmet condition check (ConditionPathExists=/etc/multipath.conf).
[    6.014382] systemd[1]: Listening on RPCbind Server Activation Socket.
[[0;32m  OK  [0m] Listening on [0;1;39mRPCbind Server Activation Socket[0m.
[    6.016452] systemd[1]: Reached target RPC Port Mapper.
[[0;32m  OK  [0m] Reached target [0;1;39mRPC Port Mapper[0m.
[    6.020760] systemd[1]: Listening on Process Core Dump Socket.
[[0;32m  OK  [0m] Listening on [0;1;39mProcess Core Dump Socket[0m.
[    6.023427] systemd[1]: Listening on initctl Compatibility Named Pipe.
[[0;32m  OK  [0m] Listening on [0;1;39minitctl Compatibility Named Pipe[0m.
[    6.026506] systemd[1]: Listening on Journal Socket (/dev/log).
[[0;32m  OK  [0m] Listening on [0;1;39mJournal Socket (/dev/log)[0m.
[    6.029695] systemd[1]: Listening on Journal Socket.
[[0;32m  OK  [0m] Listening on [0;1;39mJournal Socket[0m.
[    6.032597] systemd[1]: Listening on udev Control Socket.
[[0;32m  OK  [0m] Listening on [0;1;39mudev Control Socket[0m.
[    6.034975] systemd[1]: Listening on udev Kernel Socket.
[[0;32m  OK  [0m] Listening on [0;1;39mudev Kernel Socket[0m.
[    6.056066] systemd[1]: Mounting Huge Pages File System...
         Mounting [0;1;39mHuge Pages File System[0m...
[    6.063295] systemd[1]: Mounting POSIX Message Queue File System...
         Mounting [0;1;39mPOSIX Message Queue File System[0m...
[    6.074036] systemd[1]: Mounting Kernel Debug File System...
         Mounting [0;1;39mKernel Debug File System[0m...
[    6.085110] systemd[1]: Mounting Kernel Trace File System...
         Mounting [0;1;39mKernel Trace File System[0m...
[    6.090931] systemd[1]: Kernel Module supporting RPCSEC_GSS was skipped because of an unmet condition check (ConditionPathExists=/etc/krb5.keytab).
[    6.092803] systemd[1]: Create List of Static Device Nodes was skipped because of an unmet condition check (ConditionFileNotEmpty=/lib/modules/6.19.0-rc5-next-20260113-0f853ca2a798/modules.devname).
[    6.116342] systemd[1]: Starting Monitoring of LVM2 mirrors, snapshots etc. using dmeventd or progress polling...
         Starting [0;1;39mMonitoring of LVM…meventd or progress polling[0m...
[    6.123242] systemd[1]: Starting Load Kernel Module configfs...
         Starting [0;1;39mLoad Kernel Module configfs[0m...
[    6.129756] systemd[1]: Starting Load Kernel Module drm...
         Starting [0;1;39mLoad Kernel Module drm[0m...
[    6.144323] systemd[1]: Starting Load Kernel Module fuse...
         Starting [0;1;39mLoad Kernel Module fuse[0m...
[    6.161060] systemd[1]: Starting Read and set NIS domainname from /etc/sysconfig/network...
         Starting [0;1;39mRead and set NIS …from /etc/sysconfig/network[0m...
[    6.178316] systemd[1]: Starting Journal Service...
         Starting [0;1;39mJournal Service[0m...
[    6.195599] systemd[1]: Starting Load Kernel Modules...
         Starting [0;1;39mLoad Kernel Modules[0m...
[    6.211354] systemd[1]: Starting Generate network units from Kernel command line...
         Starting [0;1;39mGenerate network …ts from Kernel command line[0m...
[    6.232320] systemd[1]: Starting Remount Root and Kernel File Systems...
         Starting [0;1;39mRemount Root and Kernel File Systems[0m...
[    6.241530] systemd[1]: Repartition Root Disk was skipped because no trigger condition checks were met.
[    6.259641] systemd[1]: Starting Coldplug All udev Devices...
         Starting [0;1;39mColdplug All udev Devices[0m...
[    6.289145] systemd[1]: Mounted Huge Pages File System.
[[0;32m  OK  [0m] Mounted [0;1;39mHuge Pages File System[0m.
[    6.290753] systemd[1]: Mounted POSIX Message Queue File System.
[[0;32m  OK  [0m] Mounted [0;1;39mPOSIX Message Queue File System[0m.
[    6.292508] systemd[1]: Mounted Kernel Debug File System.
[[0;32m  OK  [0m] Mounted [0;1;39mKernel Debug File System[0m.
[    6.293883] systemd[1]: Mounted Kernel Trace File System.
[[0;32m  OK  [0m] Mounted [0;1;39mKernel Trace File System[0m.
[    6.297840] systemd[1]: modprobe@configfs.service: Deactivated successfully.
[    6.304184] systemd[1]: Finished Load Kernel Module configfs.
[[0;32m  OK  [0m] Finished [0;1;39mLoad Kernel Module configfs[0m.
[    6.308941] systemd[1]: modprobe@drm.service: Deactivated successfully.
[    6.313973] systemd[1]: Finished Load Kernel Module drm.
[[0;32m  OK  [0m] Finished [0;1;39mLoad Kernel Module drm[0m.
[    6.320966] systemd[1]: modprobe@fuse.service: Deactivated successfully.
[    6.322652] systemd[1]: Finished Load Kernel Module fuse.
[[0;32m  OK  [0m] Finished [0;1;39mLoad Kernel Module fuse[0m.
[    6.326255] systemd[1]: Finished Monitoring of LVM2 mirrors, snapshots etc. using dmeventd or progress polling.
[[0;32m  OK  [0m] Finished [0;1;39mMonitoring of LVM… dmeventd or progress polling[0m.
[    6.337985] systemd[1]: Finished Read and set NIS domainname from /etc/sysconfig/network.
[[0;32m  OK  [0m] Finished [0;1;39mRead and set NIS …e from /etc/sysconfig/network[0m.
[    6.348036] systemd[1]: systemd-modules-load.service: Main process exited, code=exited, status=1/FAILURE
[    6.349568] systemd[1]: systemd-modules-load.service: Failed with result 'exit-code'.
[    6.355572] systemd[1]: Failed to start Load Kernel Modules.
[[0;1;31mFAILED[0m] Failed to start [0;1;39mLoad Kernel Modules[0m.
See 'systemctl status systemd-modules-load.service' for details.
[    6.360795] systemd[1]: Finished Generate network units from Kernel command line.
[[0;32m  OK  [0m] Finished [0;1;39mGenerate network units from Kernel command line[0m.
[    6.366074] systemd[1]: Reached target Preparation for Network.
[[0;32m  OK  [0m] Reached target [0;1;39mPreparation for Network[0m.
[    6.380696] EXT4-fs (sda): re-mounted 088740a9-c8b4-422c-999d-a804eb68a4da r/w.
[    6.387985] systemd[1]: Mounting FUSE Control File System...
         Mounting [0;1;39mFUSE Control File System[0m...
[    6.407379] systemd[1]: Mounting Kernel Configuration File System...
         Mounting [0;1;39mKernel Configuration File System[0m...
[    6.426346] systemd[1]: Starting Apply Kernel Variables...
         Starting [0;1;39mApply Kernel Variables[0m...
[    6.528523] systemd[1]: Started Journal Service.
[[0;32m  OK  [0m] Started [0;1;39mJournal Service[0m.
[[0;32m  OK  [0m] Finished [0;1;39mRemount Root and Kernel File Systems[0m.
[[0;32m  OK  [0m] Mounted [0;1;39mFUSE Control File System[0m.
[[0;32m  OK  [0m] Mounted [0;1;39mKernel Configuration File System[0m.
         Starting [0;1;39mFlush Journal to Persistent Storage[0m...
         Starting [0;1;39mLoad/Save Random Seed[0m...
         Starting [0;1;39mCreate Static Device Nodes in /dev[0m...
[    6.644508] systemd-journald[140]: Received client request to flush runtime journal.
         Starting [0;1;39mSetup Virtual Console[0m...
[[0;32m  OK  [0m] Finished [0;1;39mApply Kernel Variables[0m.
[[0;32m  OK  [0m] Finished [0;1;39mFlush Journal to Persistent Storage[0m.
[[0;32m  OK  [0m] Finished [0;1;39mLoad/Save Random Seed[0m.
[[0;32m  OK  [0m] Finished [0;1;39mCreate Static Device Nodes in /dev[0m.
         Starting [0;1;39mRule-based Manage…for Device Events and Files[0m...
[[0;32m  OK  [0m] Started [0;1;39mRule-based Manager for Device Events and Files[0m.
         Starting [0;1;39mAuto-connect to s…E devices found during boot[0m...
[[0;32m  OK  [0m] Finished [0;1;39mAuto-connect to s…VME devices found during boot[0m.
[[0;32m  OK  [0m] Finished [0;1;39mColdplug All udev Devices[0m.
         Starting [0;1;39mWait for udev To …plete Device Initialization[0m...
[[0;32m  OK  [0m] Finished [0;1;39mSetup Virtual Console[0m.
[[0;32m  OK  [0m] Started [0;1;39mDispatch Password …ts to Console Directory Watch[0m.
[[0;32m  OK  [0m] Reached target [0;1;39mLocal Encrypted Volumes[0m.
[[0;32m  OK  [0m] Reached target [0;1;39mPath Units[0m.
[[0;32m  OK  [0m] Found device [0;1;39m/dev/ttyS0[0m.
[[0;32m  OK  [0m] Listening on [0;1;39mLoad/Save RF …itch Status /dev/rfkill Watch[0m.
[[0;32m  OK  [0m] Finished [0;1;39mWait for udev To Complete Device Initialization[0m.
[[0;32m  OK  [0m] Reached target [0;1;39mPreparation for Local File Systems[0m.
[[0;32m  OK  [0m] Reached target [0;1;39mLocal File Systems[0m.
         Starting [0;1;39mTell Plymouth To Write Out Runtime Data[0m...
         Starting [0;1;39mAutomatic Boot Loader Update[0m...
         Starting [0;1;39mCreate Volatile Files and Directories[0m...
[[0;32m  OK  [0m] Finished [0;1;39mTell Plymouth To Write Out Runtime Data[0m.
[[0;32m  OK  [0m] Finished [0;1;39mAutomatic Boot Loader Update[0m.
[[0;32m  OK  [0m] Finished [0;1;39mCreate Volatile Files and Directories[0m.
         Mounting [0;1;39mRPC Pipe File System[0m...
         Starting [0;1;39mSecurity Auditing Service[0m...
         Starting [0;1;39mRPC Bind[0m...
[[0;32m  OK  [0m] Mounted [0;1;39mRPC Pipe File System[0m.
[[0;32m  OK  [0m] Reached target [0;1;39mrpc_pipefs.target[0m.
[[0;32m  OK  [0m] Started [0;1;39mRPC Bind[0m.
[[0;32m  OK  [0m] Started [0;1;39mSecurity Auditing Service[0m.
         Starting [0;1;39mRecord System Boot/Shutdown in UTMP[0m...
[[0;32m  OK  [0m] Finished [0;1;39mRecord System Boot/Shutdown in UTMP[0m.
[[0;32m  OK  [0m] Reached target [0;1;39mSystem Initialization[0m.
[[0;32m  OK  [0m] Started [0;1;39mDaily rotation of log files[0m.
[[0;32m  OK  [0m] Started [0;1;39mUpdates mlocate database every day[0m.
[[0;32m  OK  [0m] Started [0;1;39mDaily Cleanup of Temporary Directories[0m.
[[0;32m  OK  [0m] Started [0;1;39mdaily update of the root trust anchor for DNSSEC[0m.
[[0;32m  OK  [0m] Reached target [0;1;39mTimer Units[0m.
[[0;32m  OK  [0m] Listening on [0;1;39mD-Bus System Message Bus Socket[0m.
[[0;32m  OK  [0m] Listening on [0;1;39mOpen-iSCSI iscsid Socket[0m.
[[0;32m  OK  [0m] Listening on [0;1;39mOpen-iSCSI iscsiuio Socket[0m.
[[0;32m  OK  [0m] Listening on [0;1;39mSSSD Kerberos…ache Manager responder socket[0m.
[[0;32m  OK  [0m] Listening on [0;1;39mLibvirt interface local socket[0m.
[[0;32m  OK  [0m] Listening on [0;1;39mVirtual machine lock manager socket[0m.
[[0;32m  OK  [0m] Listening on [0;1;39mVirtual machine log manager socket[0m.
[[0;32m  OK  [0m] Listening on [0;1;39mLibvirt network local socket[0m.
[[0;32m  OK  [0m] Listening on [0;1;39mLibvirt nodedev local socket[0m.
[[0;32m  OK  [0m] Listening on [0;1;39mLibvirt nwfilter local socket[0m.
[[0;32m  OK  [0m] Listening on [0;1;39mLibvirt proxy local socket[0m.
[[0;32m  OK  [0m] Listening on [0;1;39mLibvirt qemu local socket[0m.
[[0;32m  OK  [0m] Listening on [0;1;39mLibvirt qemu admin socket[0m.
[[0;32m  OK  [0m] Listening on [0;1;39mLibvirt qemu local read-only socket[0m.
[[0;32m  OK  [0m] Listening on [0;1;39mLibvirt secret local socket[0m.
[[0;32m  OK  [0m] Listening on [0;1;39mLibvirt storage local socket[0m.
[[0;32m  OK  [0m] Reached target [0;1;39mSocket Units[0m.
         Starting [0;1;39mD-Bus System Message Bus[0m...
[[0;32m  OK  [0m] Started [0;1;39mD-Bus System Message Bus[0m.
[[0;32m  OK  [0m] Reached target [0;1;39mBasic System[0m.
         Starting [0;1;39mNetwork Manager[0m...
         Starting [0;1;39mNTP client/server[0m...
         Starting [0;1;39mRestore /run/initramfs on shutdown[0m...
[[0;32m  OK  [0m] Started [0;1;39mirqbalance daemon[0m.
[[0;32m  OK  [0m] Started [0;1;39mlibstoragemgmt plug-in server daemon[0m.
[[0;32m  OK  [0m] Started [0;1;39mMachine Check Exception Logging Daemon[0m.
[[0;32m  OK  [0m] Reached target [0;1;39msshd-keygen.target[0m.
[[0;32m  OK  [0m] Reached target [0;1;39mUser and Group Name Lookups[0m.
         Starting [0;1;39mUser Login Management[0m...
         Starting [0;1;39mVirtual Machine a…tainer Registration Service[0m...
         Starting [0;1;39mupdate of the roo…NSSEC validation in unbound[0m...
         Starting [0;1;39mRotate log files[0m...
[[0;32m  OK  [0m] Started [0;1;39mUpdate a database for mlocate[0m.
[[0;32m  OK  [0m] Started [0;1;39mNTP client/server[0m.
[[0;32m  OK  [0m] Finished [0;1;39mRestore /run/initramfs on shutdown[0m.
[[0;32m  OK  [0m] Started [0;1;39mVirtual Machine an…ontainer Registration Service[0m.
         Starting [0;1;39mHostname Service[0m...
[[0;32m  OK  [0m] Finished [0;1;39mupdate of the roo… DNSSEC validation in unbound[0m.
[[0;32m  OK  [0m] Started [0;1;39mUser Login Management[0m.
[[0;32m  OK  [0m] Started [0;1;39mHostname Service[0m.
[[0;32m  OK  [0m] Finished [0;1;39mRotate log files[0m.
         Starting [0;1;39mNetwork Manager Script Dispatcher Service[0m...
[[0;32m  OK  [0m] Started [0;1;39mNetwork Manager Script Dispatcher Service[0m.
[   10.695863] e1000: eth0 NIC Link is Up 1000 Mbps Full Duplex, Flow Control: RX
[[0;32m  OK  [0m] Started [0;1;39mNetwork Manager[0m.
[[0;32m  OK  [0m] Reached target [0;1;39mNetwork[0m.
[[0;32m  OK  [0m] Reached target [0;1;39mNetwork is Online[0m.
         Starting [0;1;39mGSSAPI Proxy Daemon[0m...
         Starting [0;1;39mNotify NFS peers of a restart[0m...
         Starting [0;1;39mSystem Logging Service[0m...
         Starting [0;1;39mOpenSSH server daemon[0m...
         Starting [0;1;39mDynamic System Tuning Daemon[0m...
[[0;32m  OK  [0m] Started [0;1;39mGSSAPI Proxy Daemon[0m.
[[0;32m  OK  [0m] Started [0;1;39mNotify NFS peers of a restart[0m.
[[0;32m  OK  [0m] Reached target [0;1;39mNFS client services[0m.
[[0;32m  OK  [0m] Reached target [0;1;39mPreparation for Remote File Systems[0m.
[[0;32m  OK  [0m] Reached target [0;1;39mRemote File Systems[0m.
         Starting [0;1;39mPermit User Sessions[0m...
         Starting [0;1;39mVirtualization qemu daemon[0m...
[[0;32m  OK  [0m] Started [0;1;39mOpenSSH server daemon[0m.
[[0;32m  OK  [0m] Finished [0;1;39mPermit User Sessions[0m.
[[0;32m  OK  [0m] Started [0;1;39mDeferred execution scheduler[0m.
[[0;32m  OK  [0m] Started [0;1;39mCommand Scheduler[0m.
         Starting [0;1;39mHold until boot process finishes up[0m...
         Starting [0;1;39mTerminate Plymouth Boot Screen[0m...
[[0;32m  OK  [0m] Started [0;1;39mSystem Logging Service[0m.
[[0;32m  OK  [0m] Finished [0;1;39mHold until boot process finishes up[0m.
[[0;32m  OK  [0m] Finished [0;1;39mTerminate Plymouth Boot Screen[0m.
[[0;32m  OK  [0m] Started [0;1;39mGetty on tty1[0m.
[[0;32m  OK  [0m] Started [0;1;39mSerial Getty on ttyS0[0m.
[[0;32m  OK  [0m] Reached target [0;1;39mLogin Prompts[0m.
[[0;32m  OK  [0m] Started [0;1;39mVirtualization qemu daemon[0m.
         Starting [0;1;39mAuthorization Manager[0m...
[[0;32m  OK  [0m] Started [0;1;39mAuthorization Manager[0m.
[[0;32m  OK  [0m] Started [0;1;39mDynamic System Tuning Daemon[0m.
[[0;32m  OK  [0m] Reached target [0;1;39mMulti-User System[0m.
         Starting [0;1;39mRecord Runlevel Change in UTMP[0m...
[[0;32m  OK  [0m] Finished [0;1;39mRecord Runlevel Change in UTMP[0m.

CentOS Stream 9
Kernel 6.19.0-rc5-next-20260113-0f853ca2a798 on an x86_64

Activate the web console with: systemctl enable --now cockpit.socket

test login: [   19.913229] Adding 124996k swap on ./swap-file.  Priority:0 extents:1 across:124996k 
[   19.944047] 
[   19.944297] ============================================
[   19.944896] WARNING: possible recursive locking detected
[   19.945489] 6.19.0-rc5-next-20260113-0f853ca2a798 #1 Not tainted
[   19.946161] --------------------------------------------
[   19.946771] repro/722 is trying to acquire lock:
[   19.947314] ffff8880135f8018 (&cluster_info[i].lock){+.+.}-{3:3}, at: swap_free_hibernation_slot+0x13e/0x2a0
[   19.948426] 
[   19.948426] but task is already holding lock:
[   19.949076] ffff8880135f8018 (&cluster_info[i].lock){+.+.}-{3:3}, at: swap_free_hibernation_slot+0xfa/0x2a0
[   19.950181] 
[   19.950181] other info that might help us debug this:
[   19.950911]  Possible unsafe locking scenario:
[   19.950911] 
[   19.951579]        CPU0
[   19.951874]        ----
[   19.952174]   lock(&cluster_info[i].lock);
[   19.952652]   lock(&cluster_info[i].lock);
[   19.953129] 
[   19.953129]  *** DEADLOCK ***
[   19.953129] 
[   19.953795]  May be due to missing lock nesting notation
[   19.953795] 
[   19.954549] 2 locks held by repro/722:
[   19.954987]  #0: ffffffff87542e28 (system_transition_mutex){+.+.}-{4:4}, at: lock_system_sleep+0x92/0xb0
[   19.956064]  #1: ffff8880135f8018 (&cluster_info[i].lock){+.+.}-{3:3}, at: swap_free_hibernation_slot+0xfa/0x2a0
[   19.957219] 
[   19.957219] stack backtrace:
[   19.957726] CPU: 1 UID: 0 PID: 722 Comm: repro Not tainted 6.19.0-rc5-next-20260113-0f853ca2a798 #1 PREEMPT(lazy) 
[   19.957742] Hardware name: QEMU Standard PC (i440FX + PIIX, 1996), BIOS rel-1.16.0-0-gd239552ce722-prebuilt.qemu.org 04/01/2014
[   19.957751] Call Trace:
[   19.957755]  <TASK>
[   19.957760]  dump_stack_lvl+0xea/0x150
[   19.957781]  dump_stack+0x19/0x20
[   19.957796]  print_deadlock_bug+0x22e/0x300
[   19.957809]  __lock_acquire+0x1325/0x2210
[   19.957825]  lock_acquire+0x170/0x2f0
[   19.957835]  ? swap_free_hibernation_slot+0x13e/0x2a0
[   19.957856]  _raw_spin_lock+0x38/0x50
[   19.957872]  ? swap_free_hibernation_slot+0x13e/0x2a0
[   19.957888]  swap_free_hibernation_slot+0x13e/0x2a0
[   19.957904]  ? __pfx_swap_free_hibernation_slot+0x10/0x10
[   19.957921]  ? locks_remove_file+0xe2/0x7f0
[   19.957939]  ? __pfx_snapshot_release+0x10/0x10
[   19.957950]  free_all_swap_pages+0xdd/0x160
[   19.957961]  ? __pfx_snapshot_release+0x10/0x10
[   19.957971]  snapshot_release+0xac/0x200
[   19.957982]  __fput+0x41f/0xb70
[   19.957997]  ____fput+0x22/0x30
[   19.958009]  task_work_run+0x19e/0x2b0
[   19.958023]  ? __pfx_task_work_run+0x10/0x10
[   19.958033]  ? nsproxy_free+0x2da/0x5b0
[   19.958047]  ? switch_task_namespaces+0x118/0x130
[   19.958063]  do_exit+0x869/0x2810
[   19.958076]  ? do_group_exit+0x1d8/0x2c0
[   19.958088]  ? __pfx_do_exit+0x10/0x10
[   19.958097]  ? __this_cpu_preempt_check+0x21/0x30
[   19.958109]  ? _raw_spin_unlock_irq+0x2c/0x60
[   19.958125]  ? lockdep_hardirqs_on+0x85/0x110
[   19.958141]  ? _raw_spin_unlock_irq+0x2c/0x60
[   19.958157]  ? trace_hardirqs_on+0x26/0x130
[   19.958180]  do_group_exit+0xe4/0x2c0
[   19.958192]  __x64_sys_exit_group+0x4d/0x60
[   19.958203]  x64_sys_call+0x21a2/0x21b0
[   19.958216]  do_syscall_64+0x6d/0x1180
[   19.958232]  entry_SYSCALL_64_after_hwframe+0x76/0x7e
[   19.958243] RIP: 0033:0x7f0aa5b18a4d
[   19.958253] Code: Unable to access opcode bytes at 0x7f0aa5b18a23.
[   19.958258] RSP: 002b:00007fff584c4248 EFLAGS: 00000246 ORIG_RAX: 00000000000000e7
[   19.958268] RAX: ffffffffffffffda RBX: 00007f0aa5bf69e0 RCX: 00007f0aa5b18a4d
[   19.958276] RDX: 00000000000000e7 RSI: ffffffffffffff80 RDI: 0000000000000001
[   19.958282] RBP: 0000000000000001 R08: 0000000000000000 R09: 0000000000000020
[   19.958289] R10: 00007fff584c40f0 R11: 0000000000000246 R12: 00007f0aa5bf69e0
[   19.958296] R13: 00007f0aa5bfbf00 R14: 0000000000000001 R15: 00007f0aa5bfbee8
[   19.958311]  </TASK>
