c[?7l[2J[0mSeaBIOS (version rel-1.16.0-0-gd239552ce722-prebuilt.qemu.org)


iPXE (http://ipxe.org) 00:03.0 CA00 PCI2.10 PnP PMM+7FF91000+7FEF1000 CA00
Press Ctrl-B to configure iPXE (PCI 00:03.0)...                                                                               


Booting from ROM...
c[?7l[2J[    0.000000] Linux version 6.19.0-rc3-5eb90b875d09+ (root@p-arls02) (gcc (GCC) 11.5.0 20240719 (Red Hat 11.5.0-14), GNU ld version 2.35.2-69.el9) #1 SMP PREEMPT_DYNAMIC Wed Jan 14 14:06:55 CST 2026
[    0.000000] Command line: console=ttyS0 root=/dev/sda earlyprintk=serial net.ifnames=0 plymouth.enable=0
[    0.000000] KERNEL supported cpus:
[    0.000000]   Intel GenuineIntel
[    0.000000]   AMD AuthenticAMD
[    0.000000]   Hygon HygonGenuine
[    0.000000]   Centaur CentaurHauls
[    0.000000]   zhaoxin   Shanghai  
[    0.000000] x86/CPU: Model not found in latest microcode list
[    0.000000] x86/split lock detection: #DB: warning on user-space bus_locks
[    0.000000] BIOS-provided physical RAM map:
[    0.000000] BIOS-e820: [mem 0x0000000000000000-0x000000000009fbff] usable
[    0.000000] BIOS-e820: [mem 0x000000000009fc00-0x000000000009ffff] reserved
[    0.000000] BIOS-e820: [mem 0x00000000000f0000-0x00000000000fffff] reserved
[    0.000000] BIOS-e820: [mem 0x0000000000100000-0x000000007ffdffff] usable
[    0.000000] BIOS-e820: [mem 0x000000007ffe0000-0x000000007fffffff] reserved
[    0.000000] BIOS-e820: [mem 0x00000000feffc000-0x00000000feffffff] reserved
[    0.000000] BIOS-e820: [mem 0x00000000fffc0000-0x00000000ffffffff] reserved
[    0.000000] printk: legacy bootconsole [earlyser0] enabled
[    0.000000] NX (Execute Disable) protection: active
[    0.000000] APIC: Static calls initialized
[    0.000000] SMBIOS 2.8 present.
[    0.000000] DMI: QEMU Standard PC (i440FX + PIIX, 1996), BIOS rel-1.16.0-0-gd239552ce722-prebuilt.qemu.org 04/01/2014
[    0.000000] DMI: Memory slots populated: 1/1
[    0.000000] Hypervisor detected: KVM
[    0.000000] last_pfn = 0x7ffe0 max_arch_pfn = 0x400000000
[    0.000000] kvm-clock: Using msrs 4b564d01 and 4b564d00
[    0.000002] kvm-clock: using sched offset of 997320134 cycles
[    0.000460] clocksource: kvm-clock: mask: 0xffffffffffffffff max_cycles: 0x1cd42e4dffb, max_idle_ns: 881590591483 ns
[    0.001864] tsc: Detected 1267.200 MHz processor
[    0.012736] last_pfn = 0x7ffe0 max_arch_pfn = 0x400000000
[    0.013561] MTRR map: 4 entries (3 fixed + 1 variable; max 19), built from 8 variable MTRRs
[    0.014662] x86/PAT: Configuration [0-7]: WB  WC  UC- UC  WB  WP  UC- WT  
[    0.029842] found SMP MP-table at [mem 0x000f5ba0-0x000f5baf]
[    0.030500] Using GB pages for direct mapping
[    0.034212] ACPI: Early table checksum verification disabled
[    0.034839] ACPI: RSDP 0x00000000000F59C0 000014 (v00 BOCHS )
[    0.035606] ACPI: RSDT 0x000000007FFE1951 000034 (v01 BOCHS  BXPC     00000001 BXPC 00000001)
[    0.036517] ACPI: FACP 0x000000007FFE17FD 000074 (v01 BOCHS  BXPC     00000001 BXPC 00000001)
[    0.037460] ACPI: DSDT 0x000000007FFE0040 0017BD (v01 BOCHS  BXPC     00000001 BXPC 00000001)
[    0.038599] ACPI: FACS 0x000000007FFE0000 000040
[    0.039177] ACPI: APIC 0x000000007FFE1871 000080 (v01 BOCHS  BXPC     00000001 BXPC 00000001)
[    0.040067] ACPI: HPET 0x000000007FFE18F1 000038 (v01 BOCHS  BXPC     00000001 BXPC 00000001)
[    0.040887] ACPI: WAET 0x000000007FFE1929 000028 (v01 BOCHS  BXPC     00000001 BXPC 00000001)
[    0.041733] ACPI: Reserving FACP table memory at [mem 0x7ffe17fd-0x7ffe1870]
[    0.042386] ACPI: Reserving DSDT table memory at [mem 0x7ffe0040-0x7ffe17fc]
[    0.043019] ACPI: Reserving FACS table memory at [mem 0x7ffe0000-0x7ffe003f]
[    0.043643] ACPI: Reserving APIC table memory at [mem 0x7ffe1871-0x7ffe18f0]
[    0.044271] ACPI: Reserving HPET table memory at [mem 0x7ffe18f1-0x7ffe1928]
[    0.044896] ACPI: Reserving WAET table memory at [mem 0x7ffe1929-0x7ffe1950]
[    0.046047] No NUMA configuration found
[    0.046392] Faking a node at [mem 0x0000000000000000-0x000000007ffdffff]
[    0.047025] NODE_DATA(0) allocated [mem 0x7ffb4ec0-0x7ffdfcbf]
[    0.048191] Zone ranges:
[    0.048422]   DMA      [mem 0x0000000000001000-0x0000000000ffffff]
[    0.048975]   DMA32    [mem 0x0000000001000000-0x000000007ffdffff]
[    0.049558]   Normal   empty
[    0.049823]   Device   empty
[    0.050084] Movable zone start for each node
[    0.050471] Early memory node ranges
[    0.050782]   node   0: [mem 0x0000000000001000-0x000000000009efff]
[    0.051351]   node   0: [mem 0x0000000000100000-0x000000007ffdffff]
[    0.051924] Initmem setup node 0 [mem 0x0000000000001000-0x000000007ffdffff]
[    0.053463] On node 0, zone DMA: 1 pages in unavailable ranges
[    0.054318] On node 0, zone DMA: 97 pages in unavailable ranges
[    0.157313] On node 0, zone DMA32: 32 pages in unavailable ranges
[    0.655012] KernelAddressSanitizer initialized (generic)
[    0.655802] ACPI: PM-Timer IO Port: 0x608
[    0.656180] ACPI: LAPIC_NMI (acpi_id[0xff] dfl dfl lint[0x1])
[    0.656753] IOAPIC[0]: apic_id 0, version 17, address 0xfec00000, GSI 0-23
[    0.657359] ACPI: INT_SRC_OVR (bus 0 bus_irq 0 global_irq 2 dfl dfl)
[    0.657907] ACPI: INT_SRC_OVR (bus 0 bus_irq 5 global_irq 5 high level)
[    0.658478] ACPI: INT_SRC_OVR (bus 0 bus_irq 9 global_irq 9 high level)
[    0.659048] ACPI: INT_SRC_OVR (bus 0 bus_irq 10 global_irq 10 high level)
[    0.659629] ACPI: INT_SRC_OVR (bus 0 bus_irq 11 global_irq 11 high level)
[    0.660226] ACPI: Using ACPI (MADT) for SMP configuration information
[    0.660780] ACPI: HPET id: 0x8086a201 base: 0xfed00000
[    0.661236] TSC deadline timer available
[    0.661578] CPU topo: Max. logical packages:   1
[    0.661974] CPU topo: Max. logical dies:       1
[    0.662372] CPU topo: Max. dies per package:   1
[    0.662771] CPU topo: Max. threads per core:   1
[    0.663171] CPU topo: Num. cores per package:     2
[    0.663589] CPU topo: Num. threads per package:   2
[    0.664012] CPU topo: Allowing 2 present CPUs plus 0 hotplug CPUs
[    0.664607] kvm-guest: APIC: eoi() replaced with kvm_guest_apic_eoi_write()
[    0.665259] kvm-guest: KVM setup pv remote TLB flush
[    0.665690] kvm-guest: setup PV sched yield
[    0.666096] PM: hibernation: Registered nosave memory: [mem 0x00000000-0x00000fff]
[    0.666747] PM: hibernation: Registered nosave memory: [mem 0x0009f000-0x000fffff]
[    0.667399] [mem 0x80000000-0xfeffbfff] available for PCI devices
[    0.667923] Booting paravirtualized kernel on KVM
[    0.668346] clocksource: refined-jiffies: mask: 0xffffffff max_cycles: 0xffffffff, max_idle_ns: 7645519600211568 ns
[    0.669265] setup_percpu: NR_CPUS:8192 nr_cpumask_bits:2 nr_cpu_ids:2 nr_node_ids:1
[    0.672480] percpu: Embedded 81 pages/cpu s294912 r8192 d28672 u1048576
[    0.673246] kvm-guest: PV spinlocks enabled
[    0.673623] PV qspinlock hash table entries: 256 (order: 0, 4096 bytes, linear)
[    0.674276] Kernel command line: net.ifnames=0 console=ttyS0 root=/dev/sda earlyprintk=serial net.ifnames=0 plymouth.enable=0
[    0.675605] random: crng init done
[    0.675913] printk: log buffer data + meta data: 262144 + 917504 = 1179648 bytes
[    0.678613] Dentry cache hash table entries: 262144 (order: 9, 2097152 bytes, linear)
[    0.680514] Inode-cache hash table entries: 131072 (order: 8, 1048576 bytes, linear)
[    0.681572] Fallback order for Node 0: 0 
[    0.681588] Built 1 zonelists, mobility grouping on.  Total pages: 524158
[    0.682491] Policy zone: DMA32
[    0.682750] mem auto-init: stack:off, heap alloc:off, heap free:off
[    0.683276] stackdepot: allocating hash table via alloc_large_system_hash
[    0.683851] stackdepot hash table entries: 1048576 (order: 12, 16777216 bytes, linear)
[    0.744417] stackdepot: allocating space for 8192 stack pools via memblock
[    0.788268] SLUB: HWalign=64, Order=0-3, MinObjects=0, CPUs=2, Nodes=1
[    0.788835] kmemleak: Kernel memory leak detector disabled
[    0.829899] ftrace: allocating 75270 entries in 296 pages
[    0.830373] ftrace: allocated 296 pages with 3 groups
[    0.835925] Dynamic Preempt: voluntary
[    0.836788] Running RCU self tests
[    0.837078] Running RCU synchronous self tests
[    0.837447] rcu: Preemptible hierarchical RCU implementation.
[    0.837920] rcu: 	RCU lockdep checking is enabled.
[    0.838323] rcu: 	RCU restricting CPUs from NR_CPUS=8192 to nr_cpu_ids=2.
[    0.838883] 	Trampoline variant of Tasks RCU enabled.
[    0.839303] 	Rude variant of Tasks RCU enabled.
[    0.839678] 	Tracing variant of Tasks RCU enabled.
[    0.840076] rcu: RCU calculated value of scheduler-enlistment delay is 25 jiffies.
[    0.840697] rcu: Adjusting geometry for rcu_fanout_leaf=16, nr_cpu_ids=2
[    0.841339] Running RCU synchronous self tests
[    0.841712] RCU Tasks: Setting shift to 1 and lim to 1 rcu_task_cb_adjust=1 rcu_task_cpu_ids=2.
[    0.842434] RCU Tasks Rude: Setting shift to 1 and lim to 1 rcu_task_cb_adjust=1 rcu_task_cpu_ids=2.
[    0.843196] RCU Tasks Trace: Setting shift to 1 and lim to 1 rcu_task_cb_adjust=1 rcu_task_cpu_ids=2.
[    0.913235] NR_IRQS: 524544, nr_irqs: 440, preallocated irqs: 16
[    0.914323] rcu: srcu_init: Setting srcu_struct sizes based on contention.
[    0.921951] Console: colour VGA+ 80x25
[    0.922346] printk: legacy console [ttyS0] enabled
[    0.922346] printk: legacy console [ttyS0] enabled
[    0.923162] printk: legacy bootconsole [earlyser0] disabled
[    0.923162] printk: legacy bootconsole [earlyser0] disabled
[    0.924114] Lock dependency validator: Copyright (c) 2006 Red Hat, Inc., Ingo Molnar
[    0.924774] ... MAX_LOCKDEP_SUBCLASSES:  8
[    0.925128] ... MAX_LOCK_DEPTH:          48
[    0.925495] ... MAX_LOCKDEP_KEYS:        8192
[    0.925871] ... CLASSHASH_SIZE:          4096
[    0.926251] ... MAX_LOCKDEP_ENTRIES:     524288
[    0.926634] ... MAX_LOCKDEP_CHAINS:      524288
[    0.927027] ... CHAINHASH_SIZE:          262144
[    0.927420]  memory used by lock dependency info: 54145 kB
[    0.927891]  memory used for stack traces: 4224 kB
[    0.928309]  per task-struct memory footprint: 1920 bytes
[    0.928855] ACPI: Core revision 20250807
[    0.929579] clocksource: hpet: mask: 0xffffffff max_cycles: 0xffffffff, max_idle_ns: 19112604467 ns
[    0.930544] APIC: Switch to symmetric I/O mode setup
[    0.931205] x2apic enabled
[    0.931803] APIC: Switched APIC routing to: physical x2apic
[    0.932280] kvm-guest: APIC: send_IPI_mask() replaced with kvm_send_ipi_mask()
[    0.932906] kvm-guest: APIC: send_IPI_mask_allbutself() replaced with kvm_send_ipi_mask_allbutself()
[    0.933678] kvm-guest: setup PV IPIs
[    0.935032] ..TIMER: vector=0x30 apic1=0 pin1=2 apic2=-1 pin2=-1
[    0.935571] clocksource: tsc-early: mask: 0xffffffffffffffff max_cycles: 0x12441513526, max_idle_ns: 440795239872 ns
[    0.936477] Calibrating delay loop (skipped) preset value.. 2534.40 BogoMIPS (lpj=5068800)
[    0.937348] CPU0: Thermal monitoring enabled (TM1)
[    0.937772] x86/cpu: User Mode Instruction Prevention (UMIP) activated
[    0.938444] Last level iTLB entries: 4KB 0, 2MB 0, 4MB 0
[    0.940492] Last level dTLB entries: 4KB 0, 2MB 0, 4MB 0, 1GB 0
[    0.941022] mitigations: Enabled attack vectors: user_kernel, user_user, guest_host, guest_guest, SMT mitigations: auto
[    0.941951] Speculative Store Bypass: Mitigation: Speculative Store Bypass disabled via prctl
[    0.942675] Spectre V2 : Mitigation: Enhanced / Automatic IBRS
[    0.943174] ITS: Mitigation: Aligned branch/return thunks
[    0.943640] Spectre V1 : Mitigation: usercopy/swapgs barriers and __user pointer sanitization
[    0.944465] Spectre V2 : WARNING: Unprivileged eBPF is enabled with eIBRS on, data leaks possible via Spectre v2 BHB attacks!
[    0.945421] Spectre V2 : Spectre v2 / PBRSB-eIBRS: Retire a single CALL on VMEXIT
[    0.946043] Spectre V2 : mitigation: Enabling conditional Indirect Branch Prediction Barrier
[    0.946737] active return thunk: its_return_thunk
[    0.947135] Spectre V2 : Spectre BHI mitigation: SW BHB clearing on syscall and VM exit
[    0.947828] x86/fpu: Supporting XSAVE feature 0x001: 'x87 floating point registers'
[    0.948465] x86/fpu: Supporting XSAVE feature 0x002: 'SSE registers'
[    0.948997] x86/fpu: Supporting XSAVE feature 0x004: 'AVX registers'
[    0.949530] x86/fpu: Supporting XSAVE feature 0x200: 'Protection Keys User registers'
[    0.950178] x86/fpu: xstate_offset[2]:  576, xstate_sizes[2]:  256
[    0.950696] x86/fpu: xstate_offset[9]:  832, xstate_sizes[9]:    8
[    0.951207] x86/fpu: Enabled xstate features 0x207, context size is 840 bytes, using 'compacted' format.
[    1.085224] Freeing SMP alternatives memory: 64K
[    1.085663] pid_max: default: 32768 minimum: 301
[    1.086365] Yama: becoming mindful.
[    1.087042] Mount-cache hash table entries: 4096 (order: 3, 32768 bytes, linear)
[    1.087658] Mountpoint-cache hash table entries: 4096 (order: 3, 32768 bytes, linear)
[    1.089918] Running RCU synchronous self tests
[    1.090295] Running RCU synchronous self tests
[    1.091032] smpboot: CPU0: Genuine Intel(R) 0000 @ (family: 0x6, model: 0xc6, stepping: 0x0)
[    1.092461] Performance Events: unsupported CPU family 6 model 198 no PMU driver, software events only.
[    1.092461] signal: max sigframe size: 3632
[    1.092461] rcu: Hierarchical SRCU implementation.
[    1.092461] rcu: 	Max phase no-delay instances is 1000.
[    1.092753] Timer migration: 1 hierarchy levels; 8 children per group; 1 crossnode level
[    1.111945] NMI watchdog: Perf NMI watchdog permanently disabled
[    1.112748] smp: Bringing up secondary CPUs ...
[    1.114441] smpboot: x86: Booting SMP configuration:
[    1.114876] .... node  #0, CPUs:      #1
[    1.116576] smp: Brought up 1 node, 2 CPUs
[    1.117328] smpboot: Total of 2 processors activated (5068.80 BogoMIPS)
[    1.118766] Memory: 1538728K/2096632K available (80926K kernel code, 15562K rwdata, 18816K rodata, 16420K init, 70000K bss, 546452K reserved, 0K cma-reserved)
[    1.121006] devtmpfs: initialized
[    1.121593] x86/mm: Memory block size: 128MB
[    1.133891] Running RCU synchronous self tests
[    1.136541] Running RCU synchronous self tests
[    1.137045] Running RCU Tasks wait API self tests
[    1.137456] Running RCU Tasks Rude wait API self tests
[    1.140482] Running RCU Tasks Trace wait API self tests
[    1.160533] clocksource: jiffies: mask: 0xffffffff max_cycles: 0xffffffff, max_idle_ns: 7645041785100000 ns
[    1.160618] posixtimers hash table entries: 1024 (order: 5, 73728 bytes, linear)
[    1.162247] futex hash table entries: 512 (65536 bytes on 1 NUMA nodes, total 64 KiB, linear).
[    1.168541] 
[    1.168541] *************************************************************
[    1.168541] **     NOTICE NOTICE NOTICE NOTICE NOTICE NOTICE NOTICE    **
[    1.168541] **                                                         **
[    1.169018] **  IOMMU DebugFS SUPPORT HAS BEEN ENABLED IN THIS KERNEL  **
[    1.169567] **                                                         **
[    1.170106] ** This means that this kernel is built to expose internal **
[    1.170653] ** IOMMU data structures, which may compromise security on **
[    1.171203] ** your system.                                            **
[    1.171758] **                                                         **
[    1.172302] ** If you see this message and you are not debugging the   **
[    1.172471] ** kernel, report this immediately to your vendor!         **
[    1.173021] **                                                         **
[    1.173575] **     NOTICE NOTICE NOTICE NOTICE NOTICE NOTICE NOTICE    **
[    1.174135] *************************************************************
[    1.174786] PM: RTC time: 06:09:59, date: 2026-01-14
[    1.179198] NET: Registered PF_NETLINK/PF_ROUTE protocol family
[    1.181220] DMA: preallocated 256 KiB GFP_KERNEL pool for atomic allocations
[    1.181830] DMA: preallocated 256 KiB GFP_KERNEL|GFP_DMA pool for atomic allocations
[    1.182493] DMA: preallocated 256 KiB GFP_KERNEL|GFP_DMA32 pool for atomic allocations
[    1.183250] audit: initializing netlink subsys (disabled)
[    1.184696] audit: type=2000 audit(1768370999.165:1): state=initialized audit_enabled=0 res=1
[    1.188498] Callback from call_rcu_tasks_trace() invoked.
[    1.190170] thermal_sys: Registered thermal governor 'fair_share'
[    1.190183] thermal_sys: Registered thermal governor 'bang_bang'
[    1.191342] thermal_sys: Registered thermal governor 'step_wise'
[    1.192461] thermal_sys: Registered thermal governor 'user_space'
[    1.193780] cpuidle: using governor ladder
[    1.193797] cpuidle: using governor menu
[    1.193797] acpiphp: ACPI Hot Plug PCI Controller Driver version: 0.5
[    1.197304] PCI: Using configuration type 1 for base access
[    1.198059] kprobes: kprobe jump-optimization is enabled. All kprobes are optimized if possible.
[    1.293113] HugeTLB: registered 1.00 GiB page size, pre-allocated 0 pages
[    1.293316] HugeTLB: 16380 KiB vmemmap can be freed for a 1.00 GiB page
[    1.293871] HugeTLB: registered 2.00 MiB page size, pre-allocated 0 pages
[    1.294438] HugeTLB: 28 KiB vmemmap can be freed for a 2.00 MiB page
[    1.304461] ACPI: Added _OSI(Module Device)
[    1.304461] ACPI: Added _OSI(Processor Device)
[    1.304461] ACPI: Added _OSI(Processor Aggregator Device)
[    1.318652] ACPI: 1 ACPI AML tables successfully acquired and loaded
[    1.339228] ACPI: Interpreter enabled
[    1.340174] ACPI: PM: (supports S0 S3 S4 S5)
[    1.340478] ACPI: Using IOAPIC for interrupt routing
[    1.341606] PCI: Using host bridge windows from ACPI; if necessary, use "pci=nocrs" and report a bug
[    1.343282] PCI: Using E820 reservations for host bridge windows
[    1.345019] ACPI: Enabled 2 GPEs in block 00 to 0F
[    1.382354] ACPI: PCI Root Bridge [PCI0] (domain 0000 [bus 00-ff])
[    1.382919] acpi PNP0A03:00: _OSC: OS supports [ASPM ClockPM Segments MSI EDR HPX-Type3]
[    1.383587] acpi PNP0A03:00: _OSC: not requesting OS control; OS requires [ExtendedConfig ASPM ClockPM MSI]
[    1.384537] acpi PNP0A03:00: fail to add MMCONFIG information, can't access extended configuration space under this bridge
[    1.389878] acpiphp: Slot [3] registered
[    1.390340] acpiphp: Slot [4] registered
[    1.390835] acpiphp: Slot [5] registered
[    1.391303] acpiphp: Slot [6] registered
[    1.391758] acpiphp: Slot [7] registered
[    1.392218] acpiphp: Slot [8] registered
[    1.393188] acpiphp: Slot [9] registered
[    1.393669] acpiphp: Slot [10] registered
[    1.394150] acpiphp: Slot [11] registered
[    1.394611] acpiphp: Slot [12] registered
[    1.395106] acpiphp: Slot [13] registered
[    1.395581] acpiphp: Slot [14] registered
[    1.396055] acpiphp: Slot [15] registered
[    1.396522] acpiphp: Slot [16] registered
[    1.397016] acpiphp: Slot [17] registered
[    1.397479] acpiphp: Slot [18] registered
[    1.397957] acpiphp: Slot [19] registered
[    1.398424] acpiphp: Slot [20] registered
[    1.398921] acpiphp: Slot [21] registered
[    1.399388] acpiphp: Slot [22] registered
[    1.399861] acpiphp: Slot [23] registered
[    1.400328] acpiphp: Slot [24] registered
[    1.400613] acpiphp: Slot [25] registered
[    1.401082] acpiphp: Slot [26] registered
[    1.401545] acpiphp: Slot [27] registered
[    1.402020] acpiphp: Slot [28] registered
[    1.402506] acpiphp: Slot [29] registered
[    1.402979] acpiphp: Slot [30] registered
[    1.403451] acpiphp: Slot [31] registered
[    1.403874] PCI host bridge to bus 0000:00
[    1.404294] pci_bus 0000:00: root bus resource [io  0x0000-0x0cf7 window]
[    1.404474] pci_bus 0000:00: root bus resource [io  0x0d00-0xffff window]
[    1.405052] pci_bus 0000:00: root bus resource [mem 0x000a0000-0x000bffff window]
[    1.405683] pci_bus 0000:00: root bus resource [mem 0x80000000-0xfebfffff window]
[    1.406322] pci_bus 0000:00: root bus resource [mem 0x100000000-0x17fffffff window]
[    1.406972] pci_bus 0000:00: root bus resource [bus 00-ff]
[    1.407577] pci 0000:00:00.0: [8086:1237] type 00 class 0x060000 conventional PCI endpoint
[    1.416936] pci 0000:00:01.0: [8086:7000] type 00 class 0x060100 conventional PCI endpoint
[    1.419041] pci 0000:00:01.1: [8086:7010] type 00 class 0x010180 conventional PCI endpoint
[    1.420320] pci 0000:00:01.1: BAR 4 [io  0xc040-0xc04f]
[    1.420511] pci 0000:00:01.1: BAR 0 [io  0x01f0-0x01f7]: legacy IDE quirk
[    1.421089] pci 0000:00:01.1: BAR 1 [io  0x03f6]: legacy IDE quirk
[    1.421611] pci 0000:00:01.1: BAR 2 [io  0x0170-0x0177]: legacy IDE quirk
[    1.422189] pci 0000:00:01.1: BAR 3 [io  0x0376]: legacy IDE quirk
[    1.423276] pci 0000:00:01.3: [8086:7113] type 00 class 0x068000 conventional PCI endpoint
[    1.424260] pci 0000:00:01.3: quirk: [io  0x0600-0x063f] claimed by PIIX4 ACPI
[    1.424482] pci 0000:00:01.3: quirk: [io  0x0700-0x070f] claimed by PIIX4 SMB
[    1.425633] pci 0000:00:02.0: [1234:1111] type 00 class 0x030000 conventional PCI endpoint
[    1.445489] pci 0000:00:02.0: BAR 0 [mem 0xfd000000-0xfdffffff pref]
[    1.446144] pci 0000:00:02.0: BAR 2 [mem 0xfebf0000-0xfebf0fff]
[    1.446662] pci 0000:00:02.0: ROM [mem 0xfebe0000-0xfebeffff pref]
[    1.447570] pci 0000:00:02.0: Video device with shadowed ROM at [mem 0x000c0000-0x000dffff]
[    1.458531] pci 0000:00:03.0: [8086:100e] type 00 class 0x020000 conventional PCI endpoint
[    1.460506] pci 0000:00:03.0: BAR 0 [mem 0xfebc0000-0xfebdffff]
[    1.461955] pci 0000:00:03.0: BAR 1 [io  0xc000-0xc03f]
[    1.462996] pci 0000:00:03.0: ROM [mem 0xfeb80000-0xfebbffff pref]
[    1.489897] ACPI: PCI: Interrupt link LNKA configured for IRQ 10
[    1.491491] ACPI: PCI: Interrupt link LNKB configured for IRQ 10
[    1.492911] ACPI: PCI: Interrupt link LNKC configured for IRQ 11
[    1.494311] ACPI: PCI: Interrupt link LNKD configured for IRQ 11
[    1.495213] ACPI: PCI: Interrupt link LNKS configured for IRQ 9
[    1.500461] iommu: Default domain type: Translated
[    1.500473] iommu: DMA domain TLB invalidation policy: lazy mode
[    1.505931] SCSI subsystem initialized
[    1.509176] ACPI: bus type USB registered
[    1.509825] usbcore: registered new interface driver usbfs
[    1.510447] usbcore: registered new interface driver hub
[    1.511014] usbcore: registered new device driver usb
[    1.511964] pps_core: LinuxPPS API ver. 1 registered
[    1.512385] pps_core: Software ver. 5.3.6 - Copyright 2005-2007 Rodolfo Giometti <giometti@linux.it>
[    1.512547] PTP clock support registered
[    1.513488] EDAC MC: Ver: 3.0.0
[    1.519634] NetLabel: Initializing
[    1.519957] NetLabel:  domain hash size = 128
[    1.520344] NetLabel:  protocols = UNLABELED CIPSOv4 CALIPSO
[    1.520713] NetLabel:  unlabeled traffic allowed by default
[    1.522202] PCI: Using ACPI for IRQ routing
[    1.523119] pci 0000:00:02.0: vgaarb: setting as boot VGA device
[    1.523665] pci 0000:00:02.0: vgaarb: bridge control possible
[    1.524167] pci 0000:00:02.0: vgaarb: VGA device added: decodes=io+mem,owns=io+mem,locks=none
[    1.524472] vgaarb: loaded
[    1.529497] hpet0: at MMIO 0xfed00000, IRQs 2, 8, 0
[    1.529960] hpet0: 3 comparators, 64-bit 100.000000 MHz counter
[    1.532461] clocksource: Switched to clocksource kvm-clock
[    3.651759] VFS: Disk quotas dquot_6.6.0
[    3.652192] VFS: Dquot-cache hash table entries: 512 (order 0, 4096 bytes)
[    3.654879] pnp: PnP ACPI init
[    3.659148] pnp: PnP ACPI: found 6 devices
[    3.679840] clocksource: acpi_pm: mask: 0xffffff max_cycles: 0xffffff, max_idle_ns: 2085701024 ns
[    3.681133] NET: Registered PF_INET protocol family
[    3.681978] IP idents hash table entries: 32768 (order: 6, 262144 bytes, linear)
[    3.684538] tcp_listen_portaddr_hash hash table entries: 1024 (order: 5, 73728 bytes, linear)
[    3.685739] Table-perturb hash table entries: 65536 (order: 6, 262144 bytes, linear)
[    3.686471] TCP established hash table entries: 16384 (order: 5, 131072 bytes, linear)
[    3.687770] TCP bind hash table entries: 16384 (order: 10, 2359296 bytes, linear)
[    3.691006] TCP: Hash tables configured (established 16384 bind 16384)
[    3.691811] UDP hash table entries: 1024 (order: 6, 262144 bytes, linear)
[    3.692585] UDP-Lite hash table entries: 1024 (order: 6, 262144 bytes, linear)
[    3.693734] NET: Registered PF_UNIX/PF_LOCAL protocol family
[    3.696244] RPC: Registered named UNIX socket transport module.
[    3.696765] RPC: Registered udp transport module.
[    3.697156] RPC: Registered tcp transport module.
[    3.697546] RPC: Registered tcp-with-tls transport module.
[    3.698023] RPC: Registered tcp NFSv4.1 backchannel transport module.
[    3.698592] pci_bus 0000:00: resource 4 [io  0x0000-0x0cf7 window]
[    3.699104] pci_bus 0000:00: resource 5 [io  0x0d00-0xffff window]
[    3.699617] pci_bus 0000:00: resource 6 [mem 0x000a0000-0x000bffff window]
[    3.700181] pci_bus 0000:00: resource 7 [mem 0x80000000-0xfebfffff window]
[    3.700749] pci_bus 0000:00: resource 8 [mem 0x100000000-0x17fffffff window]
[    3.701683] pci 0000:00:01.0: PIIX3: Enabling Passive Release
[    3.702176] pci 0000:00:00.0: Limiting direct PCI/PCI transfers
[    3.702756] PCI: CLS 0 bytes, default 64
[    3.703263] ACPI: bus type thunderbolt registered
[    3.704145] clocksource: tsc: mask: 0xffffffffffffffff max_cycles: 0x12441513526, max_idle_ns: 440795239872 ns
[    3.711893] Initialise system trusted keyrings
[    3.712471] Key type blacklist registered
[    3.713197] workingset: timestamp_bits=36 max_order=19 bucket_order=0
[    3.715752] squashfs: version 4.0 (2009/01/31) Phillip Lougher
[    3.717847] NFS: Registering the id_resolver key type
[    3.718284] Key type id_resolver registered
[    3.718638] Key type id_legacy registered
[    3.719048] nfs4filelayout_init: NFSv4 File Layout Driver Registering...
[    3.719655] nfs4flexfilelayout_init: NFSv4 Flexfile Layout Driver Registering...
[    3.720640] fuse: init (API version 7.45)
[    3.721663] SGI XFS with ACLs, security attributes, realtime, quota, no debug enabled
[    3.723791] 9p: Installing v9fs 9p2000 file system support
[    3.735702] Key type asymmetric registered
[    3.736096] Asymmetric key parser 'x509' registered
[    3.736749] Block layer SCSI generic (bsg) driver version 0.4 loaded (major 241)
[    3.737685] io scheduler mq-deadline registered
[    3.738214] io scheduler bfq registered
[    3.739148] ledtrig-cpu: registered to indicate activity on CPUs
[    3.741422] IPMI message handler: version 39.2
[    3.741945] ipmi device interface
[    3.744248] input: Power Button as /devices/LNXSYSTM:00/LNXPWRBN:00/input/input0
[    3.745540] ACPI: button: Power Button [PWRF]
[    3.748322] ERST DBG: ERST support is disabled.
[    3.750447] Serial: 8250/16550 driver, 32 ports, IRQ sharing enabled
[    3.752449] 00:04: ttyS0 at I/O 0x3f8 (irq = 4, base_baud = 115200) is a 16550A
[    3.800953] Callback from call_rcu_tasks() invoked.
[    3.811780] Linux agpgart interface v0.103
[    3.815641] ACPI: bus type drm_connector registered
[    3.847849] brd: module loaded
[    3.871034] loop: module loaded
[    3.886714] scsi host0: ata_piix
[    3.889315] scsi host1: ata_piix
[    3.890225] ata1: PATA max MWDMA2 cmd 0x1f0 ctl 0x3f6 bmdma 0xc040 irq 14 lpm-pol 0
[    3.890863] ata2: PATA max MWDMA2 cmd 0x170 ctl 0x376 bmdma 0xc048 irq 15 lpm-pol 0
[    3.895332] tun: Universal TUN/TAP device driver, 1.6
[    3.896327] e100: Intel(R) PRO/100 Network Driver
[    3.896730] e100: Copyright(c) 1999-2006 Intel Corporation
[    3.897320] e1000: Intel(R) PRO/1000 Network Driver
[    3.897748] e1000: Copyright (c) 1999-2006 Intel Corporation.
[    4.045993] ata2: found unknown device (class 0)
[    4.047522] ata1: found unknown device (class 0)
[    4.049736] ata1.00: ATA-7: QEMU HARDDISK, 2.5+, max UDMA/100
[    4.050840] ata1.00: 17196647 sectors, multi 16: LBA48 
[    4.052384] ata2.00: ATAPI: QEMU DVD-ROM, 2.5+, max UDMA/100
[    4.056489] scsi 0:0:0:0: Direct-Access     ATA      QEMU HARDDISK    2.5+ PQ: 0 ANSI: 5
[    4.062114] sd 0:0:0:0: Attached scsi generic sg0 type 0
[    4.063757] sd 0:0:0:0: [sda] 17196647 512-byte logical blocks: (8.80 GB/8.20 GiB)
[    4.066015] sd 0:0:0:0: [sda] Write Protect is off
[    4.067745] scsi 1:0:0:0: CD-ROM            QEMU     QEMU DVD-ROM     2.5+ PQ: 0 ANSI: 5
[    4.069540] sd 0:0:0:0: [sda] Write cache: enabled, read cache: enabled, doesn't support DPO or FUA
[    4.071630] sd 0:0:0:0: [sda] Preferred minimum I/O size 512 bytes
[    4.101369] sd 0:0:0:0: [sda] Attached SCSI disk
[    4.103112] scsi 1:0:0:0: Attached scsi generic sg1 type 5
[    4.541862] ACPI: \_SB_.LNKC: Enabled at IRQ 11
[    4.857800] e1000 0000:00:03.0 eth0: (PCI:33MHz:32-bit) 52:54:00:12:34:56
[    4.858460] e1000 0000:00:03.0 eth0: Intel(R) PRO/1000 Network Connection
[    4.859234] e1000e: Intel(R) PRO/1000 Network Driver
[    4.859666] e1000e: Copyright(c) 1999 - 2015 Intel Corporation.
[    4.860335] igb: Intel(R) Gigabit Ethernet Network Driver
[    4.860792] igb: Copyright (c) 2007-2014 Intel Corporation.
[    4.861691] PPP generic driver version 2.4.2
[    4.864190] VFIO - User Level meta-driver version: 0.3
[    4.867645] usbcore: registered new interface driver uas
[    4.868922] usbcore: registered new interface driver usb-storage
[    4.870720] i8042: PNP: PS/2 Controller [PNP0303:KBD,PNP0f13:MOU] at 0x60,0x64 irq 1,12
[    4.874175] serio: i8042 KBD port at 0x60,0x64 irq 1
[    4.875302] serio: i8042 AUX port at 0x60,0x64 irq 12
[    4.878180] mousedev: PS/2 mouse device common for all mice
[    4.882317] rtc_cmos 00:05: RTC can wake from S4
[    4.882750] input: AT Translated Set 2 keyboard as /devices/platform/i8042/serio0/input/input1
[    4.886659] rtc_cmos 00:05: registered as rtc0
[    4.887693] rtc_cmos 00:05: setting system clock to 2026-01-14T06:10:02 UTC (1768371002)
[    4.889397] rtc_cmos 00:05: alarms up to one day, y3k, 242 bytes nvram, hpet irqs
[    4.890257] i2c_dev: i2c /dev entries driver
[    4.891142] device-mapper: core: CONFIG_IMA_DISABLE_HTABLE is disabled. Duplicate IMA measurements will not be recorded in the IMA log.
[    4.892414] input: VirtualPS/2 VMware VMMouse as /devices/platform/i8042/serio1/input/input4
[    4.892808] device-mapper: uevent: version 1.0.3
[    4.895316] device-mapper: ioctl: 4.50.0-ioctl (2025-04-28) initialised: dm-devel@lists.linux.dev
[    4.896184] intel_pstate: CPU model not supported
[    4.896364] input: VirtualPS/2 VMware VMMouse as /devices/platform/i8042/serio1/input/input3
[    4.896928] sdhci: Secure Digital Host Controller Interface driver
[    4.898752] sdhci: Copyright(c) Pierre Ossman
[    4.899416] sdhci-pltfm: SDHCI platform and OF driver helper
[    4.900794] drop_monitor: Initializing network drop monitor service
[    4.901927] NET: Registered PF_INET6 protocol family
[    4.904422] Segment Routing with IPv6
[    4.904860] In-situ OAM (IOAM) with IPv6
[    4.905290] NET: Registered PF_PACKET protocol family
[    4.906054] 9pnet: Installing 9P2000 support
[    4.906566] Key type dns_resolver registered
[    4.910388] IPI shorthand broadcast: enabled
[    4.970575] sched_clock: Marking stable (4952008842, 17562829)->(4975192545, -5620874)
[    4.972683] registered taskstats version 1
[    4.973778] Loading compiled-in X.509 certificates
[    5.050388] Demotion targets for Node 0: null
[    5.053148] Key type .fscrypt registered
[    5.053959] Key type fscrypt-provisioning registered
[    5.059093] Key type encrypted registered
[    5.059541] ima: No TPM chip found, activating TPM-bypass!
[    5.060051] ima: Allocated hash algorithm: sha1
[    5.060547] ima: No architecture policies found
[    5.061155] evm: Initialising EVM extended attributes:
[    5.061622] evm: security.selinux
[    5.061930] evm: security.SMACK64
[    5.062222] evm: security.SMACK64EXEC
[    5.062546] evm: security.SMACK64TRANSMUTE
[    5.062910] evm: security.SMACK64MMAP
[    5.063234] evm: security.apparmor
[    5.063539] evm: security.ima
[    5.063802] evm: security.capability
[    5.064129] evm: HMAC attrs: 0x1
[    5.067244] PM:   Magic number: 10:271:165
[    5.069174] RAS: Correctable Errors collector initialized.
[    5.070845] clk: Disabling unused clocks
[    5.071726] PM: genpd: Disabling unused power domains
[    5.073172] check access for rdinit=/init failed: -2, ignoring
[    5.073532] md: Waiting for all devices to be available before autodetect
[    5.074003] md: If you don't use raid, use raid=noautodetect
[    5.074315] md: Autodetecting RAID arrays.
[    5.074564] md: autorun ...
[    5.074728] md: ... autorun DONE.
[    5.088437] EXT4-fs (sda): mounted filesystem 088740a9-c8b4-422c-999d-a804eb68a4da ro with ordered data mode. Quota mode: none.
[    5.090666] VFS: Mounted root (ext4 filesystem) readonly on device 8:0.
[    5.095385] devtmpfs: mounted
[    5.114666] Freeing unused decrypted memory: 2036K
[    5.128675] Freeing unused kernel image (initmem) memory: 16420K
[    5.129266] Write protecting the kernel read-only data: 102400k
[    5.132643] Freeing unused kernel image (text/rodata gap) memory: 992K
[    5.135309] Freeing unused kernel image (rodata/data gap) memory: 1664K
[    5.197251] x86/mm: Checked W+X mappings: passed, no W+X pages found.
[    5.197703] Run /sbin/init as init process
[    5.528931] systemd[1]: systemd 252-15.el9 running in system mode (+PAM +AUDIT +SELINUX -APPARMOR +IMA +SMACK +SECCOMP +GCRYPT +GNUTLS +OPENSSL +ACL +BLKID +CURL +ELFUTILS -FIDO2 +IDN2 -IDN -IPTC +KMOD +LIBCRYPTSETUP +LIBFDISK +PCRE2 -PWQUALITY +P11KIT -QRENCODE +TPM2 +BZIP2 +LZ4 +XZ +ZLIB +ZSTD -BPF_FRAMEWORK +XKBCOMMON +UTMP +SYSVINIT default-hierarchy=unified)
[    5.530724] systemd[1]: Detected virtualization kvm.
[    5.531031] systemd[1]: Detected architecture x86-64.

Welcome to [0;31mCentOS Stream 9[0m!

[    5.539917] systemd[1]: Hostname set to <test>.
[    5.834903] systemd-rc-local-generator[121]: /etc/rc.d/rc.local is not marked executable, skipping.
[    6.262718] systemd[1]: Queued start job for default target Multi-User System.
[    6.284689] systemd[1]: Created slice Virtual Machine and Container Slice.
[[0;32m  OK  [0m] Created slice [0;1;39mVirtual Machine and Container Slice[0m.
[    6.290569] systemd[1]: Created slice Slice /system/getty.
[[0;32m  OK  [0m] Created slice [0;1;39mSlice /system/getty[0m.
[    6.293890] systemd[1]: Created slice Slice /system/modprobe.
[[0;32m  OK  [0m] Created slice [0;1;39mSlice /system/modprobe[0m.
[    6.297301] systemd[1]: Created slice Slice /system/serial-getty.
[[0;32m  OK  [0m] Created slice [0;1;39mSlice /system/serial-getty[0m.
[    6.300529] systemd[1]: Created slice Slice /system/sshd-keygen.
[[0;32m  OK  [0m] Created slice [0;1;39mSlice /system/sshd-keygen[0m.
[    6.303712] systemd[1]: Created slice User and Session Slice.
[[0;32m  OK  [0m] Created slice [0;1;39mUser and Session Slice[0m.
[    6.305469] systemd[1]: Started Forward Password Requests to Wall Directory Watch.
[[0;32m  OK  [0m] Started [0;1;39mForward Password R…uests to Wall Directory Watch[0m.
[    6.308350] systemd[1]: Set up automount Arbitrary Executable File Formats File System Automount Point.
[[0;32m  OK  [0m] Set up automount [0;1;39mArbitrary…s File System Automount Point[0m.
[    6.310277] systemd[1]: Reached target Local Integrity Protected Volumes.
[[0;32m  OK  [0m] Reached target [0;1;39mLocal Integrity Protected Volumes[0m.
[    6.312031] systemd[1]: Reached target Slice Units.
[[0;32m  OK  [0m] Reached target [0;1;39mSlice Units[0m.
[    6.313314] systemd[1]: Reached target Swaps.
[[0;32m  OK  [0m] Reached target [0;1;39mSwaps[0m.
[    6.314445] systemd[1]: Reached target Local Verity Protected Volumes.
[[0;32m  OK  [0m] Reached target [0;1;39mLocal Verity Protected Volumes[0m.
[    6.316469] systemd[1]: Listening on Device-mapper event daemon FIFOs.
[[0;32m  OK  [0m] Listening on [0;1;39mDevice-mapper event daemon FIFOs[0m.
[    6.318825] systemd[1]: Listening on LVM2 poll daemon socket.
[[0;32m  OK  [0m] Listening on [0;1;39mLVM2 poll daemon socket[0m.
[    6.320501] systemd[1]: multipathd control socket was skipped because of an unmet condition check (ConditionPathExists=/etc/multipath.conf).
[    6.366030] systemd[1]: Listening on RPCbind Server Activation Socket.
[[0;32m  OK  [0m] Listening on [0;1;39mRPCbind Server Activation Socket[0m.
[    6.367624] systemd[1]: Reached target RPC Port Mapper.
[[0;32m  OK  [0m] Reached target [0;1;39mRPC Port Mapper[0m.
[    6.372836] systemd[1]: Listening on Process Core Dump Socket.
[[0;32m  OK  [0m] Listening on [0;1;39mProcess Core Dump Socket[0m.
[    6.375127] systemd[1]: Listening on initctl Compatibility Named Pipe.
[[0;32m  OK  [0m] Listening on [0;1;39minitctl Compatibility Named Pipe[0m.
[    6.378042] systemd[1]: Listening on Journal Socket (/dev/log).
[[0;32m  OK  [0m] Listening on [0;1;39mJournal Socket (/dev/log)[0m.
[    6.380814] systemd[1]: Listening on Journal Socket.
[[0;32m  OK  [0m] Listening on [0;1;39mJournal Socket[0m.
[    6.383546] systemd[1]: Listening on udev Control Socket.
[[0;32m  OK  [0m] Listening on [0;1;39mudev Control Socket[0m.
[    6.385876] systemd[1]: Listening on udev Kernel Socket.
[[0;32m  OK  [0m] Listening on [0;1;39mudev Kernel Socket[0m.
[    6.414866] systemd[1]: Mounting Huge Pages File System...
         Mounting [0;1;39mHuge Pages File System[0m...
[    6.425816] systemd[1]: Mounting POSIX Message Queue File System...
         Mounting [0;1;39mPOSIX Message Queue File System[0m...
[    6.432436] systemd[1]: Mounting Kernel Debug File System...
         Mounting [0;1;39mKernel Debug File System[0m...
[    6.441846] systemd[1]: Mounting Kernel Trace File System...
         Mounting [0;1;39mKernel Trace File System[0m...
[    6.445784] systemd[1]: Kernel Module supporting RPCSEC_GSS was skipped because of an unmet condition check (ConditionPathExists=/etc/krb5.keytab).
[    6.446620] systemd[1]: Create List of Static Device Nodes was skipped because of an unmet condition check (ConditionFileNotEmpty=/lib/modules/6.19.0-rc3-5eb90b875d09+/modules.devname).
[    6.452357] systemd[1]: Starting Monitoring of LVM2 mirrors, snapshots etc. using dmeventd or progress polling...
         Starting [0;1;39mMonitoring of LVM…meventd or progress polling[0m...
[    6.461808] systemd[1]: Starting Load Kernel Module configfs...
         Starting [0;1;39mLoad Kernel Module configfs[0m...
[    6.473739] systemd[1]: Starting Load Kernel Module drm...
         Starting [0;1;39mLoad Kernel Module drm[0m...
[    6.486792] systemd[1]: Starting Load Kernel Module fuse...
         Starting [0;1;39mLoad Kernel Module fuse[0m...
[    6.498078] systemd[1]: Starting Read and set NIS domainname from /etc/sysconfig/network...
         Starting [0;1;39mRead and set NIS …from /etc/sysconfig/network[0m...
[    6.518064] systemd[1]: Starting Journal Service...
         Starting [0;1;39mJournal Service[0m...
[    6.536129] systemd[1]: Starting Load Kernel Modules...
         Starting [0;1;39mLoad Kernel Modules[0m...
[    6.566152] systemd[1]: Starting Generate network units from Kernel command line...
         Starting [0;1;39mGenerate network …ts from Kernel command line[0m...
[    6.572935] systemd[1]: Starting Remount Root and Kernel File Systems...
         Starting [0;1;39mRemount Root and Kernel File Systems[0m...
[    6.576262] systemd[1]: Repartition Root Disk was skipped because no trigger condition checks were met.
[    6.590710] systemd[1]: Starting Coldplug All udev Devices...
         Starting [0;1;39mColdplug All udev Devices[0m...
[    6.609511] systemd[1]: Mounted Huge Pages File System.
[[0;32m  OK  [0m] Mounted [0;1;39mHuge Pages File System[0m.
[    6.626401] systemd[1]: Mounted POSIX Message Queue File System.
[[0;32m  OK  [0m] Mounted [0;1;39mPOSIX Message Queue File System[0m.
[    6.628611] systemd[1]: Mounted Kernel Debug File System.
[[0;32m  OK  [0m] Mounted [0;1;39mKernel Debug File System[0m.
[    6.634617] systemd[1]: Mounted Kernel Trace File System.
[[0;32m  OK  [0m] Mounted [0;1;39mKernel Trace File System[0m.
[    6.646101] systemd[1]: Finished Monitoring of LVM2 mirrors, snapshots etc. using dmeventd or progress polling.
[[0;32m  OK  [0m] Finished [0;1;39mMonitoring of LVM… dmeventd or progress polling[0m.
[    6.651405] systemd[1]: modprobe@configfs.service: Deactivated successfully.
[    6.658157] systemd[1]: Finished Load Kernel Module configfs.
[[0;32m  OK  [0m] Finished [0;1;39mLoad Kernel Module configfs[0m.
[    6.663703] systemd[1]: modprobe@drm.service: Deactivated successfully.
[    6.665861] EXT4-fs (sda): re-mounted 088740a9-c8b4-422c-999d-a804eb68a4da r/w.
[    6.670124] systemd[1]: Finished Load Kernel Module drm.
[[0;32m  OK  [0m] Finished [0;1;39mLoad Kernel Module drm[0m.
[    6.676640] systemd[1]: modprobe@fuse.service: Deactivated successfully.
[    6.690421] systemd[1]: Finished Load Kernel Module fuse.
[[0;32m  OK  [0m] Finished [0;1;39mLoad Kernel Module fuse[0m.
[    6.691906] systemd[1]: Started Journal Service.
[[0;32m  OK  [0m] Started [0;1;39mJournal Service[0m.
[[0;32m  OK  [0m] Finished [0;1;39mRead and set NIS …e from /etc/sysconfig/network[0m.
[[0;1;31mFAILED[0m] Failed to start [0;1;39mLoad Kernel Modules[0m.
See 'systemctl status systemd-modules-load.service' for details.
[[0;32m  OK  [0m] Finished [0;1;39mGenerate network units from Kernel command line[0m.
[[0;32m  OK  [0m] Finished [0;1;39mRemount Root and Kernel File Systems[0m.
[[0;32m  OK  [0m] Reached target [0;1;39mPreparation for Network[0m.
         Mounting [0;1;39mFUSE Control File System[0m...
         Mounting [0;1;39mKernel Configuration File System[0m...
         Starting [0;1;39mFlush Journal to Persistent Storage[0m...
         Starting [0;1;39mLoad/Save Random Seed[0m...
         Starting [0;1;39mApply Kernel Variables[0m...
[    6.854696] systemd-journald[143]: Received client request to flush runtime journal.
         Starting [0;1;39mCreate Static Device Nodes in /dev[0m...
         Starting [0;1;39mSetup Virtual Console[0m...
[[0;32m  OK  [0m] Mounted [0;1;39mFUSE Control File System[0m.
[[0;32m  OK  [0m] Mounted [0;1;39mKernel Configuration File System[0m.
[[0;32m  OK  [0m] Finished [0;1;39mFlush Journal to Persistent Storage[0m.
[[0;32m  OK  [0m] Finished [0;1;39mLoad/Save Random Seed[0m.
[[0;32m  OK  [0m] Finished [0;1;39mApply Kernel Variables[0m.
[[0;32m  OK  [0m] Finished [0;1;39mCreate Static Device Nodes in /dev[0m.
         Starting [0;1;39mRule-based Manage…for Device Events and Files[0m...
[[0;32m  OK  [0m] Finished [0;1;39mColdplug All udev Devices[0m.
         Starting [0;1;39mWait for udev To …plete Device Initialization[0m...
[[0;32m  OK  [0m] Started [0;1;39mRule-based Manager for Device Events and Files[0m.
         Starting [0;1;39mAuto-connect to s…E devices found during boot[0m...
[[0;32m  OK  [0m] Finished [0;1;39mSetup Virtual Console[0m.
[[0;32m  OK  [0m] Started [0;1;39mDispatch Password …ts to Console Directory Watch[0m.
[[0;32m  OK  [0m] Reached target [0;1;39mLocal Encrypted Volumes[0m.
[[0;32m  OK  [0m] Reached target [0;1;39mPath Units[0m.
[[0;32m  OK  [0m] Finished [0;1;39mAuto-connect to s…VME devices found during boot[0m.
[[0;32m  OK  [0m] Found device [0;1;39m/dev/ttyS0[0m.
[[0;32m  OK  [0m] Listening on [0;1;39mLoad/Save RF …itch Status /dev/rfkill Watch[0m.
[[0;32m  OK  [0m] Finished [0;1;39mWait for udev To Complete Device Initialization[0m.
[[0;32m  OK  [0m] Reached target [0;1;39mPreparation for Local File Systems[0m.
[[0;32m  OK  [0m] Reached target [0;1;39mLocal File Systems[0m.
         Starting [0;1;39mTell Plymouth To Write Out Runtime Data[0m...
         Starting [0;1;39mAutomatic Boot Loader Update[0m...
         Starting [0;1;39mCreate Volatile Files and Directories[0m...
[[0;32m  OK  [0m] Finished [0;1;39mTell Plymouth To Write Out Runtime Data[0m.
[[0;32m  OK  [0m] Finished [0;1;39mAutomatic Boot Loader Update[0m.
[[0;32m  OK  [0m] Finished [0;1;39mCreate Volatile Files and Directories[0m.
         Mounting [0;1;39mRPC Pipe File System[0m...
         Starting [0;1;39mSecurity Auditing Service[0m...
         Starting [0;1;39mRPC Bind[0m...
[[0;32m  OK  [0m] Mounted [0;1;39mRPC Pipe File System[0m.
[[0;32m  OK  [0m] Reached target [0;1;39mrpc_pipefs.target[0m.
[[0;32m  OK  [0m] Started [0;1;39mRPC Bind[0m.
[[0;32m  OK  [0m] Started [0;1;39mSecurity Auditing Service[0m.
         Starting [0;1;39mRecord System Boot/Shutdown in UTMP[0m...
[[0;32m  OK  [0m] Finished [0;1;39mRecord System Boot/Shutdown in UTMP[0m.
[[0;32m  OK  [0m] Reached target [0;1;39mSystem Initialization[0m.
[[0;32m  OK  [0m] Started [0;1;39mDaily rotation of log files[0m.
[[0;32m  OK  [0m] Started [0;1;39mUpdates mlocate database every day[0m.
[[0;32m  OK  [0m] Started [0;1;39mDaily Cleanup of Temporary Directories[0m.
[[0;32m  OK  [0m] Started [0;1;39mdaily update of the root trust anchor for DNSSEC[0m.
[[0;32m  OK  [0m] Reached target [0;1;39mTimer Units[0m.
[[0;32m  OK  [0m] Listening on [0;1;39mD-Bus System Message Bus Socket[0m.
[[0;32m  OK  [0m] Listening on [0;1;39mOpen-iSCSI iscsid Socket[0m.
[[0;32m  OK  [0m] Listening on [0;1;39mOpen-iSCSI iscsiuio Socket[0m.
[[0;32m  OK  [0m] Listening on [0;1;39mSSSD Kerberos…ache Manager responder socket[0m.
[[0;32m  OK  [0m] Listening on [0;1;39mLibvirt interface local socket[0m.
[[0;32m  OK  [0m] Listening on [0;1;39mVirtual machine lock manager socket[0m.
[[0;32m  OK  [0m] Listening on [0;1;39mVirtual machine log manager socket[0m.
[[0;32m  OK  [0m] Listening on [0;1;39mLibvirt network local socket[0m.
[[0;32m  OK  [0m] Listening on [0;1;39mLibvirt nodedev local socket[0m.
[[0;32m  OK  [0m] Listening on [0;1;39mLibvirt nwfilter local socket[0m.
[[0;32m  OK  [0m] Listening on [0;1;39mLibvirt proxy local socket[0m.
[[0;32m  OK  [0m] Listening on [0;1;39mLibvirt qemu local socket[0m.
[[0;32m  OK  [0m] Listening on [0;1;39mLibvirt qemu admin socket[0m.
[[0;32m  OK  [0m] Listening on [0;1;39mLibvirt qemu local read-only socket[0m.
[[0;32m  OK  [0m] Listening on [0;1;39mLibvirt secret local socket[0m.
[[0;32m  OK  [0m] Listening on [0;1;39mLibvirt storage local socket[0m.
[[0;32m  OK  [0m] Reached target [0;1;39mSocket Units[0m.
         Starting [0;1;39mD-Bus System Message Bus[0m...
[[0;32m  OK  [0m] Started [0;1;39mD-Bus System Message Bus[0m.
[[0;32m  OK  [0m] Reached target [0;1;39mBasic System[0m.
         Starting [0;1;39mNetwork Manager[0m...
         Starting [0;1;39mNTP client/server[0m...
         Starting [0;1;39mRestore /run/initramfs on shutdown[0m...
[[0;32m  OK  [0m] Started [0;1;39mirqbalance daemon[0m.
[[0;32m  OK  [0m] Started [0;1;39mlibstoragemgmt plug-in server daemon[0m.
[[0;32m  OK  [0m] Started [0;1;39mMachine Check Exception Logging Daemon[0m.
[[0;32m  OK  [0m] Reached target [0;1;39msshd-keygen.target[0m.
[[0;32m  OK  [0m] Reached target [0;1;39mUser and Group Name Lookups[0m.
         Starting [0;1;39mUser Login Management[0m...
         Starting [0;1;39mVirtual Machine a…tainer Registration Service[0m...
         Starting [0;1;39mupdate of the roo…NSSEC validation in unbound[0m...
         Starting [0;1;39mRotate log files[0m...
[[0;32m  OK  [0m] Started [0;1;39mUpdate a database for mlocate[0m.
[[0;32m  OK  [0m] Finished [0;1;39mRestore /run/initramfs on shutdown[0m.
[[0;32m  OK  [0m] Started [0;1;39mVirtual Machine an…ontainer Registration Service[0m.
         Starting [0;1;39mHostname Service[0m...
[[0;32m  OK  [0m] Started [0;1;39mNTP client/server[0m.
[[0;32m  OK  [0m] Finished [0;1;39mupdate of the roo… DNSSEC validation in unbound[0m.
[[0;32m  OK  [0m] Started [0;1;39mUser Login Management[0m.
[[0;32m  OK  [0m] Started [0;1;39mHostname Service[0m.
[[0;32m  OK  [0m] Finished [0;1;39mRotate log files[0m.
         Starting [0;1;39mNetwork Manager Script Dispatcher Service[0m...
[[0;32m  OK  [0m] Started [0;1;39mNetwork Manager Script Dispatcher Service[0m.
[   10.414209] e1000: eth0 NIC Link is Up 1000 Mbps Full Duplex, Flow Control: RX
[[0;32m  OK  [0m] Started [0;1;39mNetwork Manager[0m.
[[0;32m  OK  [0m] Reached target [0;1;39mNetwork[0m.
[[0;32m  OK  [0m] Reached target [0;1;39mNetwork is Online[0m.
         Starting [0;1;39mGSSAPI Proxy Daemon[0m...
         Starting [0;1;39mNotify NFS peers of a restart[0m...
         Starting [0;1;39mSystem Logging Service[0m...
         Starting [0;1;39mOpenSSH server daemon[0m...
         Starting [0;1;39mDynamic System Tuning Daemon[0m...
[[0;32m  OK  [0m] Started [0;1;39mNotify NFS peers of a restart[0m.
[[0;32m  OK  [0m] Started [0;1;39mGSSAPI Proxy Daemon[0m.
[[0;32m  OK  [0m] Started [0;1;39mOpenSSH server daemon[0m.
[[0;32m  OK  [0m] Reached target [0;1;39mNFS client services[0m.
[[0;32m  OK  [0m] Reached target [0;1;39mPreparation for Remote File Systems[0m.
[[0;32m  OK  [0m] Reached target [0;1;39mRemote File Systems[0m.
         Starting [0;1;39mPermit User Sessions[0m...
         Starting [0;1;39mVirtualization qemu daemon[0m...
[[0;32m  OK  [0m] Finished [0;1;39mPermit User Sessions[0m.
[[0;32m  OK  [0m] Started [0;1;39mDeferred execution scheduler[0m.
[[0;32m  OK  [0m] Started [0;1;39mCommand Scheduler[0m.
         Starting [0;1;39mHold until boot process finishes up[0m...
         Starting [0;1;39mTerminate Plymouth Boot Screen[0m...
[[0;32m  OK  [0m] Started [0;1;39mSystem Logging Service[0m.
[[0;32m  OK  [0m] Started [0;1;39mVirtualization qemu daemon[0m.
[[0;32m  OK  [0m] Finished [0;1;39mHold until boot process finishes up[0m.
[[0;32m  OK  [0m] Finished [0;1;39mTerminate Plymouth Boot Screen[0m.
[[0;32m  OK  [0m] Started [0;1;39mGetty on tty1[0m.
[[0;32m  OK  [0m] Started [0;1;39mSerial Getty on ttyS0[0m.
[[0;32m  OK  [0m] Reached target [0;1;39mLogin Prompts[0m.
         Starting [0;1;39mAuthorization Manager[0m...
[[0;32m  OK  [0m] Started [0;1;39mAuthorization Manager[0m.
[[0;32m  OK  [0m] Started [0;1;39mDynamic System Tuning Daemon[0m.
[[0;32m  OK  [0m] Reached target [0;1;39mMulti-User System[0m.
         Starting [0;1;39mRecord Runlevel Change in UTMP[0m...
[[0;32m  OK  [0m] Finished [0;1;39mRecord Runlevel Change in UTMP[0m.

CentOS Stream 9
Kernel 6.19.0-rc3-5eb90b875d09+ on an x86_64

Activate the web console with: systemctl enable --now cockpit.socket

test login: [   19.781408] Adding 124996k swap on ./swap-file.  Priority:0 extents:1 across:124996k 
[   19.874985] Adding 124996k swap on ./swap-file.  Priority:0 extents:1 across:124996k 
[   19.942294] Adding 124996k swap on ./swap-file.  Priority:0 extents:1 across:124996k 
[   20.017830] Adding 124996k swap on ./swap-file.  Priority:0 extents:1 across:124996k 
[   20.101128] Adding 124996k swap on ./swap-file.  Priority:0 extents:1 across:124996k 
[   20.165326] Adding 124996k swap on ./swap-file.  Priority:0 extents:1 across:124996k 
[   20.233129] Adding 124996k swap on ./swap-file.  Priority:0 extents:1 across:124996k 
[   20.307263] Adding 124996k swap on ./swap-file.  Priority:0 extents:1 across:124996k 
[   20.376687] Adding 124996k swap on ./swap-file.  Priority:0 extents:1 across:124996k 
[   20.446374] Adding 124996k swap on ./swap-file.  Priority:0 extents:1 across:124996k 
[   20.509237] Adding 124996k swap on ./swap-file.  Priority:0 extents:1 across:124996k 
[   20.584357] Adding 124996k swap on ./swap-file.  Priority:0 extents:1 across:124996k 
[   20.669099] Adding 124996k swap on ./swap-file.  Priority:0 extents:1 across:124996k 
[   20.742834] Adding 124996k swap on ./swap-file.  Priority:0 extents:1 across:124996k 
[   20.809333] Adding 124996k swap on ./swap-file.  Priority:0 extents:1 across:124996k 
[   20.887085] Adding 124996k swap on ./swap-file.  Priority:0 extents:1 across:124996k 
[   20.975566] Adding 124996k swap on ./swap-file.  Priority:0 extents:1 across:124996k 
[   21.050737] Adding 124996k swap on ./swap-file.  Priority:0 extents:1 across:124996k 
[   21.131694] Adding 124996k swap on ./swap-file.  Priority:0 extents:1 across:124996k 
[   21.206729] Adding 124996k swap on ./swap-file.  Priority:0 extents:1 across:124996k 
[   21.281335] Adding 124996k swap on ./swap-file.  Priority:0 extents:1 across:124996k 
[   21.344389] Adding 124996k swap on ./swap-file.  Priority:0 extents:1 across:124996k 
[   21.409495] Adding 124996k swap on ./swap-file.  Priority:0 extents:1 across:124996k 
[   21.469860] Adding 124996k swap on ./swap-file.  Priority:0 extents:1 across:124996k 
[   21.528183] Adding 124996k swap on ./swap-file.  Priority:0 extents:1 across:124996k 
[   21.604194] Adding 124996k swap on ./swap-file.  Priority:0 extents:1 across:124996k 
[   21.668883] Adding 124996k swap on ./swap-file.  Priority:0 extents:1 across:124996k 
[   21.738237] Adding 124996k swap on ./swap-file.  Priority:0 extents:1 across:124996k 
[   21.805068] Adding 124996k swap on ./swap-file.  Priority:0 extents:1 across:124996k 
[   21.873112] Adding 124996k swap on ./swap-file.  Priority:0 extents:1 across:124996k 
[   21.941352] Adding 124996k swap on ./swap-file.  Priority:0 extents:1 across:124996k 
[   22.022733] Adding 124996k swap on ./swap-file.  Priority:0 extents:1 across:124996k 
[   22.104365] Adding 124996k swap on ./swap-file.  Priority:0 extents:1 across:124996k 
[   22.175954] Adding 124996k swap on ./swap-file.  Priority:0 extents:1 across:124996k 
[   22.245328] Adding 124996k swap on ./swap-file.  Priority:0 extents:1 across:124996k 
[   22.309841] Adding 124996k swap on ./swap-file.  Priority:0 extents:1 across:124996k 
[   22.387178] Adding 124996k swap on ./swap-file.  Priority:0 extents:1 across:124996k 
[   22.457498] Adding 124996k swap on ./swap-file.  Priority:0 extents:1 across:124996k 
[   22.532937] Adding 124996k swap on ./swap-file.  Priority:0 extents:1 across:124996k 
[   22.606793] Adding 124996k swap on ./swap-file.  Priority:0 extents:1 across:124996k 
[   22.680404] Adding 124996k swap on ./swap-file.  Priority:0 extents:1 across:124996k 
[   22.756672] Adding 124996k swap on ./swap-file.  Priority:0 extents:1 across:124996k 
[   22.829197] Adding 124996k swap on ./swap-file.  Priority:0 extents:1 across:124996k 
[   22.909771] Adding 124996k swap on ./swap-file.  Priority:0 extents:1 across:124996k 
[   22.985668] Adding 124996k swap on ./swap-file.  Priority:0 extents:1 across:124996k 
[   23.057121] Adding 124996k swap on ./swap-file.  Priority:0 extents:1 across:124996k 
[   23.134510] Adding 124996k swap on ./swap-file.  Priority:0 extents:1 across:124996k 
[   23.207442] Adding 124996k swap on ./swap-file.  Priority:0 extents:1 across:124996k 
[   23.297899] Adding 124996k swap on ./swap-file.  Priority:0 extents:1 across:124996k 
[   23.377393] Adding 124996k swap on ./swap-file.  Priority:0 extents:1 across:124996k 
[   23.452622] Adding 124996k swap on ./swap-file.  Priority:0 extents:1 across:124996k 
[   23.524166] Adding 124996k swap on ./swap-file.  Priority:0 extents:1 across:124996k 
[   23.599139] Adding 124996k swap on ./swap-file.  Priority:0 extents:1 across:124996k 
[   23.675935] Adding 124996k swap on ./swap-file.  Priority:0 extents:1 across:124996k 
[   23.761195] Adding 124996k swap on ./swap-file.  Priority:0 extents:1 across:124996k 
[   23.830653] Adding 124996k swap on ./swap-file.  Priority:0 extents:1 across:124996k 
[   23.902573] Adding 124996k swap on ./swap-file.  Priority:0 extents:1 across:124996k 
[   23.974320] Adding 124996k swap on ./swap-file.  Priority:0 extents:1 across:124996k 
[   24.036866] Adding 124996k swap on ./swap-file.  Priority:0 extents:1 across:124996k 
[   24.103858] Adding 124996k swap on ./swap-file.  Priority:0 extents:1 across:124996k 
[   24.190478] Adding 124996k swap on ./swap-file.  Priority:0 extents:1 across:124996k 
[   24.259998] Adding 124996k swap on ./swap-file.  Priority:0 extents:1 across:124996k 
[   24.334358] Adding 124996k swap on ./swap-file.  Priority:0 extents:1 across:124996k 
[   24.396247] Adding 124996k swap on ./swap-file.  Priority:0 extents:1 across:124996k 
[   24.467933] Adding 124996k swap on ./swap-file.  Priority:0 extents:1 across:124996k 
[   24.534320] Adding 124996k swap on ./swap-file.  Priority:0 extents:1 across:124996k 
[   24.599139] Adding 124996k swap on ./swap-file.  Priority:0 extents:1 across:124996k 
[   24.665767] Adding 124996k swap on ./swap-file.  Priority:0 extents:1 across:124996k 
[   24.739500] Adding 124996k swap on ./swap-file.  Priority:0 extents:1 across:124996k 
[   24.804813] Adding 124996k swap on ./swap-file.  Priority:0 extents:1 across:124996k 
[   24.873492] Adding 124996k swap on ./swap-file.  Priority:0 extents:1 across:124996k 
[   24.936255] Adding 124996k swap on ./swap-file.  Priority:0 extents:1 across:124996k 
[   24.996483] Adding 124996k swap on ./swap-file.  Priority:0 extents:1 across:124996k 
[   25.068922] Adding 124996k swap on ./swap-file.  Priority:0 extents:1 across:124996k 
[   25.150478] Adding 124996k swap on ./swap-file.  Priority:0 extents:1 across:124996k 
[   25.212202] Adding 124996k swap on ./swap-file.  Priority:0 extents:1 across:124996k 
[   25.281621] Adding 124996k swap on ./swap-file.  Priority:0 extents:1 across:124996k 
[   25.352075] Adding 124996k swap on ./swap-file.  Priority:0 extents:1 across:124996k 
[   25.417616] Adding 124996k swap on ./swap-file.  Priority:0 extents:1 across:124996k 
[   25.486370] Adding 124996k swap on ./swap-file.  Priority:0 extents:1 across:124996k 
[   25.549381] Adding 124996k swap on ./swap-file.  Priority:0 extents:1 across:124996k 
[   25.620925] Adding 124996k swap on ./swap-file.  Priority:0 extents:1 across:124996k 
[   25.687942] Adding 124996k swap on ./swap-file.  Priority:0 extents:1 across:124996k 
[   25.753482] Adding 124996k swap on ./swap-file.  Priority:0 extents:1 across:124996k 
[   25.830119] Adding 124996k swap on ./swap-file.  Priority:0 extents:1 across:124996k 
[   25.892433] Adding 124996k swap on ./swap-file.  Priority:0 extents:1 across:124996k 
[   25.952758] Adding 124996k swap on ./swap-file.  Priority:0 extents:1 across:124996k 
[   26.018677] Adding 124996k swap on ./swap-file.  Priority:0 extents:1 across:124996k 
[   26.083624] Adding 124996k swap on ./swap-file.  Priority:0 extents:1 across:124996k 
[   26.148797] Adding 124996k swap on ./swap-file.  Priority:0 extents:1 across:124996k 
[   26.212043] Adding 124996k swap on ./swap-file.  Priority:0 extents:1 across:124996k 
[   26.276346] Adding 124996k swap on ./swap-file.  Priority:0 extents:1 across:124996k 
[   26.341841] Adding 124996k swap on ./swap-file.  Priority:0 extents:1 across:124996k 
[   26.408592] Adding 124996k swap on ./swap-file.  Priority:0 extents:1 across:124996k 
[   26.473380] Adding 124996k swap on ./swap-file.  Priority:0 extents:1 across:124996k 
[   26.536932] Adding 124996k swap on ./swap-file.  Priority:0 extents:1 across:124996k 
[   26.604581] Adding 124996k swap on ./swap-file.  Priority:0 extents:1 across:124996k 
[   26.683678] Adding 124996k swap on ./swap-file.  Priority:0 extents:1 across:124996k 
[   26.759551] Adding 124996k swap on ./swap-file.  Priority:0 extents:1 across:124996k 
[   26.832240] Adding 124996k swap on ./swap-file.  Priority:0 extents:1 across:124996k 
[   26.909485] Adding 124996k swap on ./swap-file.  Priority:0 extents:1 across:124996k 
[   26.974514] Adding 124996k swap on ./swap-file.  Priority:0 extents:1 across:124996k 
[   27.058456] Adding 124996k swap on ./swap-file.  Priority:0 extents:1 across:124996k 
[   27.141664] Adding 124996k swap on ./swap-file.  Priority:0 extents:1 across:124996k 
[   27.214117] Adding 124996k swap on ./swap-file.  Priority:0 extents:1 across:124996k 
[   27.293228] Adding 124996k swap on ./swap-file.  Priority:0 extents:1 across:124996k 
[   27.365607] Adding 124996k swap on ./swap-file.  Priority:0 extents:1 across:124996k 
[   27.428965] Adding 124996k swap on ./swap-file.  Priority:0 extents:1 across:124996k 
[   27.497149] Adding 124996k swap on ./swap-file.  Priority:0 extents:1 across:124996k 
[   27.575494] Adding 124996k swap on ./swap-file.  Priority:0 extents:1 across:124996k 
[   27.641100] Adding 124996k swap on ./swap-file.  Priority:0 extents:1 across:124996k 
[   27.710116] Adding 124996k swap on ./swap-file.  Priority:0 extents:1 across:124996k 
[   27.774488] Adding 124996k swap on ./swap-file.  Priority:0 extents:1 across:124996k 
[   27.841290] Adding 124996k swap on ./swap-file.  Priority:0 extents:1 across:124996k 
[   27.916621] Adding 124996k swap on ./swap-file.  Priority:0 extents:1 across:124996k 
[   27.985456] Adding 124996k swap on ./swap-file.  Priority:0 extents:1 across:124996k 
[   28.049357] Adding 124996k swap on ./swap-file.  Priority:0 extents:1 across:124996k 
[   28.115665] Adding 124996k swap on ./swap-file.  Priority:0 extents:1 across:124996k 
[   28.185083] Adding 124996k swap on ./swap-file.  Priority:0 extents:1 across:124996k 
[   28.253442] Adding 124996k swap on ./swap-file.  Priority:0 extents:1 across:124996k 
[   28.330306] Adding 124996k swap on ./swap-file.  Priority:0 extents:1 across:124996k 
[   28.395382] Adding 124996k swap on ./swap-file.  Priority:0 extents:1 across:124996k 
[   28.461323] Adding 124996k swap on ./swap-file.  Priority:0 extents:1 across:124996k 
[   28.533208] Adding 124996k swap on ./swap-file.  Priority:0 extents:1 across:124996k 
[   28.605337] Adding 124996k swap on ./swap-file.  Priority:0 extents:1 across:124996k 
[   28.669516] Adding 124996k swap on ./swap-file.  Priority:0 extents:1 across:124996k 
[   28.741009] Adding 124996k swap on ./swap-file.  Priority:0 extents:1 across:124996k 
[   28.813479] Adding 124996k swap on ./swap-file.  Priority:0 extents:1 across:124996k 
[   28.879906] Adding 124996k swap on ./swap-file.  Priority:0 extents:1 across:124996k 
[   28.946771] Adding 124996k swap on ./swap-file.  Priority:0 extents:1 across:124996k 
[   29.014122] Adding 124996k swap on ./swap-file.  Priority:0 extents:1 across:124996k 
[   29.092613] Adding 124996k swap on ./swap-file.  Priority:0 extents:1 across:124996k 
[   29.157926] Adding 124996k swap on ./swap-file.  Priority:0 extents:1 across:124996k 
[   29.242981] Adding 124996k swap on ./swap-file.  Priority:0 extents:1 across:124996k 
[   29.308132] Adding 124996k swap on ./swap-file.  Priority:0 extents:1 across:124996k 
[   29.372155] Adding 124996k swap on ./swap-file.  Priority:0 extents:1 across:124996k 
[   29.441742] Adding 124996k swap on ./swap-file.  Priority:0 extents:1 across:124996k 
[   29.505415] Adding 124996k swap on ./swap-file.  Priority:0 extents:1 across:124996k 
[   29.570521] Adding 124996k swap on ./swap-file.  Priority:0 extents:1 across:124996k 
[   29.644467] Adding 124996k swap on ./swap-file.  Priority:0 extents:1 across:124996k 
[   29.709797] Adding 124996k swap on ./swap-file.  Priority:0 extents:1 across:124996k 
[   29.778297] Adding 124996k swap on ./swap-file.  Priority:0 extents:1 across:124996k 
[   29.850256] Adding 124996k swap on ./swap-file.  Priority:0 extents:1 across:124996k 
[   29.928142] Adding 124996k swap on ./swap-file.  Priority:0 extents:1 across:124996k 
[   30.002583] Adding 124996k swap on ./swap-file.  Priority:0 extents:1 across:124996k 
[   30.072531] Adding 124996k swap on ./swap-file.  Priority:0 extents:1 across:124996k 
[   30.140164] Adding 124996k swap on ./swap-file.  Priority:0 extents:1 across:124996k 
[   30.208875] Adding 124996k swap on ./swap-file.  Priority:0 extents:1 across:124996k 
[   30.276441] Adding 124996k swap on ./swap-file.  Priority:0 extents:1 across:124996k 
[   30.354222] Adding 124996k swap on ./swap-file.  Priority:0 extents:1 across:124996k 
[   30.421331] Adding 124996k swap on ./swap-file.  Priority:0 extents:1 across:124996k 
[   30.500789] Adding 124996k swap on ./swap-file.  Priority:0 extents:1 across:124996k 
[   30.576404] Adding 124996k swap on ./swap-file.  Priority:0 extents:1 across:124996k 
[   30.651180] Adding 124996k swap on ./swap-file.  Priority:0 extents:1 across:124996k 
[   30.725093] Adding 124996k swap on ./swap-file.  Priority:0 extents:1 across:124996k 
[   30.795403] Adding 124996k swap on ./swap-file.  Priority:0 extents:1 across:124996k 
[   30.871186] Adding 124996k swap on ./swap-file.  Priority:0 extents:1 across:124996k 
[   30.938437] Adding 124996k swap on ./swap-file.  Priority:0 extents:1 across:124996k 
[   31.006977] Adding 124996k swap on ./swap-file.  Priority:0 extents:1 across:124996k 
[   31.078450] Adding 124996k swap on ./swap-file.  Priority:0 extents:1 across:124996k 
[   31.153325] Adding 124996k swap on ./swap-file.  Priority:0 extents:1 across:124996k 
[   31.216934] Adding 124996k swap on ./swap-file.  Priority:0 extents:1 across:124996k 
[   31.285724] Adding 124996k swap on ./swap-file.  Priority:0 extents:1 across:124996k 
[   31.357806] Adding 124996k swap on ./swap-file.  Priority:0 extents:1 across:124996k 
[   31.431364] Adding 124996k swap on ./swap-file.  Priority:0 extents:1 across:124996k 
[   31.499453] Adding 124996k swap on ./swap-file.  Priority:0 extents:1 across:124996k 
[   31.566985] Adding 124996k swap on ./swap-file.  Priority:0 extents:1 across:124996k 
[   31.631659] Adding 124996k swap on ./swap-file.  Priority:0 extents:1 across:124996k 
[   31.704185] Adding 124996k swap on ./swap-file.  Priority:0 extents:1 across:124996k 
[   31.773735] Adding 124996k swap on ./swap-file.  Priority:0 extents:1 across:124996k 
[   31.842291] Adding 124996k swap on ./swap-file.  Priority:0 extents:1 across:124996k 
[   31.930593] Adding 124996k swap on ./swap-file.  Priority:0 extents:1 across:124996k 
[   31.998451] Adding 124996k swap on ./swap-file.  Priority:0 extents:1 across:124996k 
[   32.061212] Adding 124996k swap on ./swap-file.  Priority:0 extents:1 across:124996k 
[   32.128835] Adding 124996k swap on ./swap-file.  Priority:0 extents:1 across:124996k 
[   32.196842] Adding 124996k swap on ./swap-file.  Priority:0 extents:1 across:124996k 
[   32.265119] Adding 124996k swap on ./swap-file.  Priority:0 extents:1 across:124996k 
[   32.332426] Adding 124996k swap on ./swap-file.  Priority:0 extents:1 across:124996k 
[   32.406524] Adding 124996k swap on ./swap-file.  Priority:0 extents:1 across:124996k 
[   32.469862] Adding 124996k swap on ./swap-file.  Priority:0 extents:1 across:124996k 
[   32.548125] Adding 124996k swap on ./swap-file.  Priority:0 extents:1 across:124996k 
[   32.628958] Adding 124996k swap on ./swap-file.  Priority:0 extents:1 across:124996k 
[   32.690460] Adding 124996k swap on ./swap-file.  Priority:0 extents:1 across:124996k 
[   32.767166] Adding 124996k swap on ./swap-file.  Priority:0 extents:1 across:124996k 
[   32.839494] Adding 124996k swap on ./swap-file.  Priority:0 extents:1 across:124996k 
[   32.921313] Adding 124996k swap on ./swap-file.  Priority:0 extents:1 across:124996k 
[   32.998042] Adding 124996k swap on ./swap-file.  Priority:0 extents:1 across:124996k 
[   33.060902] Adding 124996k swap on ./swap-file.  Priority:0 extents:1 across:124996k 
[   33.126485] Adding 124996k swap on ./swap-file.  Priority:0 extents:1 across:124996k 
[   33.194582] Adding 124996k swap on ./swap-file.  Priority:0 extents:1 across:124996k 
[   33.257682] Adding 124996k swap on ./swap-file.  Priority:0 extents:1 across:124996k 
[   33.338749] Adding 124996k swap on ./swap-file.  Priority:0 extents:1 across:124996k 
[   33.412097] Adding 124996k swap on ./swap-file.  Priority:0 extents:1 across:124996k 
[   33.485879] Adding 124996k swap on ./swap-file.  Priority:0 extents:1 across:124996k 
[   33.549240] Adding 124996k swap on ./swap-file.  Priority:0 extents:1 across:124996k 
[   33.617535] Adding 124996k swap on ./swap-file.  Priority:0 extents:1 across:124996k 
[   33.678627] Adding 124996k swap on ./swap-file.  Priority:0 extents:1 across:124996k 
[   33.744474] Adding 124996k swap on ./swap-file.  Priority:0 extents:1 across:124996k 
[   33.807621] Adding 124996k swap on ./swap-file.  Priority:0 extents:1 across:124996k 
[   33.869308] Adding 124996k swap on ./swap-file.  Priority:0 extents:1 across:124996k 
[   33.950936] Adding 124996k swap on ./swap-file.  Priority:0 extents:1 across:124996k 
[   34.032090] Adding 124996k swap on ./swap-file.  Priority:0 extents:1 across:124996k 
[   34.102828] Adding 124996k swap on ./swap-file.  Priority:0 extents:1 across:124996k 
[   34.195272] Adding 124996k swap on ./swap-file.  Priority:0 extents:1 across:124996k 
[   34.272425] Adding 124996k swap on ./swap-file.  Priority:0 extents:1 across:124996k 
[   34.337495] Adding 124996k swap on ./swap-file.  Priority:0 extents:1 across:124996k 
[   34.408633] Adding 124996k swap on ./swap-file.  Priority:0 extents:1 across:124996k 
[   34.472984] Adding 124996k swap on ./swap-file.  Priority:0 extents:1 across:124996k 
[   34.547295] Adding 124996k swap on ./swap-file.  Priority:0 extents:1 across:124996k 
[   34.619437] Adding 124996k swap on ./swap-file.  Priority:0 extents:1 across:124996k 
[   34.687990] Adding 124996k swap on ./swap-file.  Priority:0 extents:1 across:124996k 
[   34.776029] Adding 124996k swap on ./swap-file.  Priority:0 extents:1 across:124996k 
[   34.851566] Adding 124996k swap on ./swap-file.  Priority:0 extents:1 across:124996k 
[   34.924400] Adding 124996k swap on ./swap-file.  Priority:0 extents:1 across:124996k 
[   34.997610] Adding 124996k swap on ./swap-file.  Priority:0 extents:1 across:124996k 
[   35.063927] Adding 124996k swap on ./swap-file.  Priority:0 extents:1 across:124996k 
[   35.133717] Adding 124996k swap on ./swap-file.  Priority:0 extents:1 across:124996k 
[   35.202687] Adding 124996k swap on ./swap-file.  Priority:0 extents:1 across:124996k 
[   35.269860] Adding 124996k swap on ./swap-file.  Priority:0 extents:1 across:124996k 
[   35.339617] Adding 124996k swap on ./swap-file.  Priority:0 extents:1 across:124996k 
[   35.408758] Adding 124996k swap on ./swap-file.  Priority:0 extents:1 across:124996k 
[   35.478706] Adding 124996k swap on ./swap-file.  Priority:0 extents:1 across:124996k 
[   35.556088] Adding 124996k swap on ./swap-file.  Priority:0 extents:1 across:124996k 
[   35.621247] Adding 124996k swap on ./swap-file.  Priority:0 extents:1 across:124996k 
[   35.691877] Adding 124996k swap on ./swap-file.  Priority:0 extents:1 across:124996k 
[   35.756494] Adding 124996k swap on ./swap-file.  Priority:0 extents:1 across:124996k 
[   35.826354] Adding 124996k swap on ./swap-file.  Priority:0 extents:1 across:124996k 
[   35.901699] Adding 124996k swap on ./swap-file.  Priority:0 extents:1 across:124996k 
[   35.978479] Adding 124996k swap on ./swap-file.  Priority:0 extents:1 across:124996k 
[   36.042252] Adding 124996k swap on ./swap-file.  Priority:0 extents:1 across:124996k 
[   36.104165] Adding 124996k swap on ./swap-file.  Priority:0 extents:1 across:124996k 
[   36.170621] Adding 124996k swap on ./swap-file.  Priority:0 extents:1 across:124996k 
[   36.240501] Adding 124996k swap on ./swap-file.  Priority:0 extents:1 across:124996k 
[   36.301239] Adding 124996k swap on ./swap-file.  Priority:0 extents:1 across:124996k 
[   36.365327] Adding 124996k swap on ./swap-file.  Priority:0 extents:1 across:124996k 
[   36.432891] Adding 124996k swap on ./swap-file.  Priority:0 extents:1 across:124996k 
[   36.520303] Adding 124996k swap on ./swap-file.  Priority:0 extents:1 across:124996k 
[   36.599326] Adding 124996k swap on ./swap-file.  Priority:0 extents:1 across:124996k 
[   36.689400] Adding 124996k swap on ./swap-file.  Priority:0 extents:1 across:124996k 
[   36.769924] Adding 124996k swap on ./swap-file.  Priority:0 extents:1 across:124996k 
[   36.850082] Adding 124996k swap on ./swap-file.  Priority:0 extents:1 across:124996k 
[   36.924903] Adding 124996k swap on ./swap-file.  Priority:0 extents:1 across:124996k 
[   36.991552] Adding 124996k swap on ./swap-file.  Priority:0 extents:1 across:124996k 
[   37.061284] Adding 124996k swap on ./swap-file.  Priority:0 extents:1 across:124996k 
[   37.135972] Adding 124996k swap on ./swap-file.  Priority:0 extents:1 across:124996k 
[   37.207402] Adding 124996k swap on ./swap-file.  Priority:0 extents:1 across:124996k 
[   37.273839] Adding 124996k swap on ./swap-file.  Priority:0 extents:1 across:124996k 
[   37.354706] Adding 124996k swap on ./swap-file.  Priority:0 extents:1 across:124996k 
[   37.422348] Adding 124996k swap on ./swap-file.  Priority:0 extents:1 across:124996k 
[   37.533398] Adding 124996k swap on ./swap-file.  Priority:0 extents:1 across:124996k 
[   37.623090] Adding 124996k swap on ./swap-file.  Priority:0 extents:1 across:124996k 
[   37.704160] Adding 124996k swap on ./swap-file.  Priority:0 extents:1 across:124996k 
[   37.767297] Adding 124996k swap on ./swap-file.  Priority:0 extents:1 across:124996k 
[   37.836422] Adding 124996k swap on ./swap-file.  Priority:0 extents:1 across:124996k 
[   37.917787] Adding 124996k swap on ./swap-file.  Priority:0 extents:1 across:124996k 
[   37.989441] Adding 124996k swap on ./swap-file.  Priority:0 extents:1 across:124996k 
[   38.069363] Adding 124996k swap on ./swap-file.  Priority:0 extents:1 across:124996k 
[   38.144031] Adding 124996k swap on ./swap-file.  Priority:0 extents:1 across:124996k 
[   38.210489] Adding 124996k swap on ./swap-file.  Priority:0 extents:1 across:124996k 
[   38.290553] Adding 124996k swap on ./swap-file.  Priority:0 extents:1 across:124996k 
[   38.357494] Adding 124996k swap on ./swap-file.  Priority:0 extents:1 across:124996k 
[   38.437215] Adding 124996k swap on ./swap-file.  Priority:0 extents:1 across:124996k 
[   38.506905] Adding 124996k swap on ./swap-file.  Priority:0 extents:1 across:124996k 
[   38.578354] Adding 124996k swap on ./swap-file.  Priority:0 extents:1 across:124996k 
[   38.639911] Adding 124996k swap on ./swap-file.  Priority:0 extents:1 across:124996k 
[   38.706915] Adding 124996k swap on ./swap-file.  Priority:0 extents:1 across:124996k 
[   38.772418] Adding 124996k swap on ./swap-file.  Priority:0 extents:1 across:124996k 
[   38.848164] Adding 124996k swap on ./swap-file.  Priority:0 extents:1 across:124996k 
[   38.917608] Adding 124996k swap on ./swap-file.  Priority:0 extents:1 across:124996k 
[   38.981159] Adding 124996k swap on ./swap-file.  Priority:0 extents:1 across:124996k 
[   39.054284] Adding 124996k swap on ./swap-file.  Priority:0 extents:1 across:124996k 
[   39.125408] Adding 124996k swap on ./swap-file.  Priority:0 extents:1 across:124996k 
[   39.210595] Adding 124996k swap on ./swap-file.  Priority:0 extents:1 across:124996k 
[   39.287632] Adding 124996k swap on ./swap-file.  Priority:0 extents:1 across:124996k 
[   39.353096] Adding 124996k swap on ./swap-file.  Priority:0 extents:1 across:124996k 
[   39.426865] Adding 124996k swap on ./swap-file.  Priority:0 extents:1 across:124996k 
[   39.510429] Adding 124996k swap on ./swap-file.  Priority:0 extents:1 across:124996k 
[   39.577454] Adding 124996k swap on ./swap-file.  Priority:0 extents:1 across:124996k 
[   39.650693] Adding 124996k swap on ./swap-file.  Priority:0 extents:1 across:124996k 
[   39.719898] Adding 124996k swap on ./swap-file.  Priority:0 extents:1 across:124996k 
[   39.785882] Adding 124996k swap on ./swap-file.  Priority:0 extents:1 across:124996k 
[   39.858669] Adding 124996k swap on ./swap-file.  Priority:0 extents:1 across:124996k 
[   39.926873] Adding 124996k swap on ./swap-file.  Priority:0 extents:1 across:124996k 
[   39.990695] Adding 124996k swap on ./swap-file.  Priority:0 extents:1 across:124996k 
[   40.059324] Adding 124996k swap on ./swap-file.  Priority:0 extents:1 across:124996k 
[   40.146528] Adding 124996k swap on ./swap-file.  Priority:0 extents:1 across:124996k 
[   40.209322] Adding 124996k swap on ./swap-file.  Priority:0 extents:1 across:124996k 
[   40.279338] Adding 124996k swap on ./swap-file.  Priority:0 extents:1 across:124996k 
[   40.355739] Adding 124996k swap on ./swap-file.  Priority:0 extents:1 across:124996k 
[   40.424994] Adding 124996k swap on ./swap-file.  Priority:0 extents:1 across:124996k 
[   40.492623] Adding 124996k swap on ./swap-file.  Priority:0 extents:1 across:124996k 
[   40.575971] Adding 124996k swap on ./swap-file.  Priority:0 extents:1 across:124996k 
[   40.653800] Adding 124996k swap on ./swap-file.  Priority:0 extents:1 across:124996k 
[   40.742982] Adding 124996k swap on ./swap-file.  Priority:0 extents:1 across:124996k 
[   40.810653] Adding 124996k swap on ./swap-file.  Priority:0 extents:1 across:124996k 
[   40.885456] Adding 124996k swap on ./swap-file.  Priority:0 extents:1 across:124996k 
[   40.959990] Adding 124996k swap on ./swap-file.  Priority:0 extents:1 across:124996k 
[   41.020260] Adding 124996k swap on ./swap-file.  Priority:0 extents:1 across:124996k 
[   41.093716] Adding 124996k swap on ./swap-file.  Priority:0 extents:1 across:124996k 
[   41.165405] Adding 124996k swap on ./swap-file.  Priority:0 extents:1 across:124996k 
[   41.233654] Adding 124996k swap on ./swap-file.  Priority:0 extents:1 across:124996k 
[   41.301711] Adding 124996k swap on ./swap-file.  Priority:0 extents:1 across:124996k 
[   41.377068] Adding 124996k swap on ./swap-file.  Priority:0 extents:1 across:124996k 
[   41.450619] Adding 124996k swap on ./swap-file.  Priority:0 extents:1 across:124996k 
[   41.520225] Adding 124996k swap on ./swap-file.  Priority:0 extents:1 across:124996k 
[   41.591636] Adding 124996k swap on ./swap-file.  Priority:0 extents:1 across:124996k 
[   41.664196] Adding 124996k swap on ./swap-file.  Priority:0 extents:1 across:124996k 
[   41.729338] Adding 124996k swap on ./swap-file.  Priority:0 extents:1 across:124996k 
[   41.800816] Adding 124996k swap on ./swap-file.  Priority:0 extents:1 across:124996k 
[   41.864206] Adding 124996k swap on ./swap-file.  Priority:0 extents:1 across:124996k 
[   41.929195] Adding 124996k swap on ./swap-file.  Priority:0 extents:1 across:124996k 
[   42.005488] Adding 124996k swap on ./swap-file.  Priority:0 extents:1 across:124996k 
[   42.064984] Adding 124996k swap on ./swap-file.  Priority:0 extents:1 across:124996k 
[   42.133165] Adding 124996k swap on ./swap-file.  Priority:0 extents:1 across:124996k 
[   42.196854] Adding 124996k swap on ./swap-file.  Priority:0 extents:1 across:124996k 
[   42.265068] Adding 124996k swap on ./swap-file.  Priority:0 extents:1 across:124996k 
[   42.326419] Adding 124996k swap on ./swap-file.  Priority:0 extents:1 across:124996k 
[   42.395141] Adding 124996k swap on ./swap-file.  Priority:0 extents:1 across:124996k 
[   42.471132] Adding 124996k swap on ./swap-file.  Priority:0 extents:1 across:124996k 
[   42.542899] Adding 124996k swap on ./swap-file.  Priority:0 extents:1 across:124996k 
[   42.614240] Adding 124996k swap on ./swap-file.  Priority:0 extents:1 across:124996k 
[   42.673188] Adding 124996k swap on ./swap-file.  Priority:0 extents:1 across:124996k 
[   42.746605] Adding 124996k swap on ./swap-file.  Priority:0 extents:1 across:124996k 
[   42.838842] Adding 124996k swap on ./swap-file.  Priority:0 extents:1 across:124996k 
[   42.926933] Adding 124996k swap on ./swap-file.  Priority:0 extents:1 across:124996k 
[   42.995009] Adding 124996k swap on ./swap-file.  Priority:0 extents:1 across:124996k 
[   43.066535] Adding 124996k swap on ./swap-file.  Priority:0 extents:1 across:124996k 
[   43.151402] Adding 124996k swap on ./swap-file.  Priority:0 extents:1 across:124996k 
[   43.229301] Adding 124996k swap on ./swap-file.  Priority:0 extents:1 across:124996k 
[   43.302605] Adding 124996k swap on ./swap-file.  Priority:0 extents:1 across:124996k 
[   43.434461] Adding 124996k swap on ./swap-file.  Priority:0 extents:1 across:124996k 
[   43.530847] Adding 124996k swap on ./swap-file.  Priority:0 extents:1 across:124996k 
[   43.595860] Adding 124996k swap on ./swap-file.  Priority:0 extents:1 across:124996k 
[   43.662699] Adding 124996k swap on ./swap-file.  Priority:0 extents:1 across:124996k 
[   43.737095] Adding 124996k swap on ./swap-file.  Priority:0 extents:1 across:124996k 
[   43.816308] Adding 124996k swap on ./swap-file.  Priority:0 extents:1 across:124996k 
[   43.885256] Adding 124996k swap on ./swap-file.  Priority:0 extents:1 across:124996k 
[   43.953436] Adding 124996k swap on ./swap-file.  Priority:0 extents:1 across:124996k 
[   44.021628] Adding 124996k swap on ./swap-file.  Priority:0 extents:1 across:124996k 
[   44.089500] Adding 124996k swap on ./swap-file.  Priority:0 extents:1 across:124996k 
[   44.158827] Adding 124996k swap on ./swap-file.  Priority:0 extents:1 across:124996k 
[   44.226970] Adding 124996k swap on ./swap-file.  Priority:0 extents:1 across:124996k 
[   44.291913] Adding 124996k swap on ./swap-file.  Priority:0 extents:1 across:124996k 
[   44.372636] Adding 124996k swap on ./swap-file.  Priority:0 extents:1 across:124996k 
[   44.437541] Adding 124996k swap on ./swap-file.  Priority:0 extents:1 across:124996k 
[   44.506641] Adding 124996k swap on ./swap-file.  Priority:0 extents:1 across:124996k 
[   44.577043] Adding 124996k swap on ./swap-file.  Priority:0 extents:1 across:124996k 
[   44.649603] Adding 124996k swap on ./swap-file.  Priority:0 extents:1 across:124996k 
[   44.720846] Adding 124996k swap on ./swap-file.  Priority:0 extents:1 across:124996k 
[   44.794661] Adding 124996k swap on ./swap-file.  Priority:0 extents:1 across:124996k 
[   44.863201] Adding 124996k swap on ./swap-file.  Priority:0 extents:1 across:124996k 
[   44.937618] Adding 124996k swap on ./swap-file.  Priority:0 extents:1 across:124996k 
[   45.002357] Adding 124996k swap on ./swap-file.  Priority:0 extents:1 across:124996k 
[   45.073291] Adding 124996k swap on ./swap-file.  Priority:0 extents:1 across:124996k 
[   45.142000] Adding 124996k swap on ./swap-file.  Priority:0 extents:1 across:124996k 
[   45.206865] Adding 124996k swap on ./swap-file.  Priority:0 extents:1 across:124996k 
[   45.278822] Adding 124996k swap on ./swap-file.  Priority:0 extents:1 across:124996k 
[   45.347353] Adding 124996k swap on ./swap-file.  Priority:0 extents:1 across:124996k 
[   45.426523] Adding 124996k swap on ./swap-file.  Priority:0 extents:1 across:124996k 
[   45.511283] Adding 124996k swap on ./swap-file.  Priority:0 extents:1 across:124996k 
[   45.589117] Adding 124996k swap on ./swap-file.  Priority:0 extents:1 across:124996k 
[   45.654517] Adding 124996k swap on ./swap-file.  Priority:0 extents:1 across:124996k 
[   45.717798] Adding 124996k swap on ./swap-file.  Priority:0 extents:1 across:124996k 
[   45.778526] Adding 124996k swap on ./swap-file.  Priority:0 extents:1 across:124996k 
[   45.841485] Adding 124996k swap on ./swap-file.  Priority:0 extents:1 across:124996k 
[   45.919129] Adding 124996k swap on ./swap-file.  Priority:0 extents:1 across:124996k 
[   45.984135] Adding 124996k swap on ./swap-file.  Priority:0 extents:1 across:124996k 
[   46.050458] Adding 124996k swap on ./swap-file.  Priority:0 extents:1 across:124996k 
[   46.125395] Adding 124996k swap on ./swap-file.  Priority:0 extents:1 across:124996k 
[   46.200225] Adding 124996k swap on ./swap-file.  Priority:0 extents:1 across:124996k 
[   46.278375] Adding 124996k swap on ./swap-file.  Priority:0 extents:1 across:124996k 
[   46.352123] Adding 124996k swap on ./swap-file.  Priority:0 extents:1 across:124996k 
[   46.417429] Adding 124996k swap on ./swap-file.  Priority:0 extents:1 across:124996k 
[   46.489979] Adding 124996k swap on ./swap-file.  Priority:0 extents:1 across:124996k 
[   46.561786] Adding 124996k swap on ./swap-file.  Priority:0 extents:1 across:124996k 
[   46.629385] Adding 124996k swap on ./swap-file.  Priority:0 extents:1 across:124996k 
[   46.696898] Adding 124996k swap on ./swap-file.  Priority:0 extents:1 across:124996k 
[   46.782346] Adding 124996k swap on ./swap-file.  Priority:0 extents:1 across:124996k 
[   46.844281] Adding 124996k swap on ./swap-file.  Priority:0 extents:1 across:124996k 
[   46.927393] Adding 124996k swap on ./swap-file.  Priority:0 extents:1 across:124996k 
[   46.993787] Adding 124996k swap on ./swap-file.  Priority:0 extents:1 across:124996k 
[   47.082742] Adding 124996k swap on ./swap-file.  Priority:0 extents:1 across:124996k 
[   47.162852] Adding 124996k swap on ./swap-file.  Priority:0 extents:1 across:124996k 
[   47.257229] Adding 124996k swap on ./swap-file.  Priority:0 extents:1 across:124996k 
[   47.330573] Adding 124996k swap on ./swap-file.  Priority:0 extents:1 across:124996k 
[   47.416001] Adding 124996k swap on ./swap-file.  Priority:0 extents:1 across:124996k 
[   47.492813] Adding 124996k swap on ./swap-file.  Priority:0 extents:1 across:124996k 
[   47.571022] Adding 124996k swap on ./swap-file.  Priority:0 extents:1 across:124996k 
[   47.648294] Adding 124996k swap on ./swap-file.  Priority:0 extents:1 across:124996k 
[   47.712759] Adding 124996k swap on ./swap-file.  Priority:0 extents:1 across:124996k 
[   47.783200] Adding 124996k swap on ./swap-file.  Priority:0 extents:1 across:124996k 
[   47.849079] Adding 124996k swap on ./swap-file.  Priority:0 extents:1 across:124996k 
[   47.913339] Adding 124996k swap on ./swap-file.  Priority:0 extents:1 across:124996k 
[   47.977413] Adding 124996k swap on ./swap-file.  Priority:0 extents:1 across:124996k 
[   48.036327] Adding 124996k swap on ./swap-file.  Priority:0 extents:1 across:124996k 
[   48.105828] Adding 124996k swap on ./swap-file.  Priority:0 extents:1 across:124996k 
[   48.168590] Adding 124996k swap on ./swap-file.  Priority:0 extents:1 across:124996k 
[   48.248748] Adding 124996k swap on ./swap-file.  Priority:0 extents:1 across:124996k 
[   48.316898] Adding 124996k swap on ./swap-file.  Priority:0 extents:1 across:124996k 
[   48.384081] Adding 124996k swap on ./swap-file.  Priority:0 extents:1 across:124996k 
[   48.456606] Adding 124996k swap on ./swap-file.  Priority:0 extents:1 across:124996k 
[   48.537823] Adding 124996k swap on ./swap-file.  Priority:0 extents:1 across:124996k 
[   48.614694] Adding 124996k swap on ./swap-file.  Priority:0 extents:1 across:124996k 
[   48.690928] Adding 124996k swap on ./swap-file.  Priority:0 extents:1 across:124996k 
[   48.770767] Adding 124996k swap on ./swap-file.  Priority:0 extents:1 across:124996k 
[   48.837445] Adding 124996k swap on ./swap-file.  Priority:0 extents:1 across:124996k 
[   48.903389] Adding 124996k swap on ./swap-file.  Priority:0 extents:1 across:124996k 
[   48.969286] Adding 124996k swap on ./swap-file.  Priority:0 extents:1 across:124996k 
[   49.047495] Adding 124996k swap on ./swap-file.  Priority:0 extents:1 across:124996k 
[   49.114626] Adding 124996k swap on ./swap-file.  Priority:0 extents:1 across:124996k 
[   49.181658] Adding 124996k swap on ./swap-file.  Priority:0 extents:1 across:124996k 
[   49.253494] Adding 124996k swap on ./swap-file.  Priority:0 extents:1 across:124996k 
[   49.340631] Adding 124996k swap on ./swap-file.  Priority:0 extents:1 across:124996k 
[   49.418866] Adding 124996k swap on ./swap-file.  Priority:0 extents:1 across:124996k 
[   49.496048] Adding 124996k swap on ./swap-file.  Priority:0 extents:1 across:124996k 
[   49.565798] Adding 124996k swap on ./swap-file.  Priority:0 extents:1 across:124996k 
[   49.637855] Adding 124996k swap on ./swap-file.  Priority:0 extents:1 across:124996k 
[   49.706072] Adding 124996k swap on ./swap-file.  Priority:0 extents:1 across:124996k 
[   49.781904] Adding 124996k swap on ./swap-file.  Priority:0 extents:1 across:124996k 
[   49.847137] Adding 124996k swap on ./swap-file.  Priority:0 extents:1 across:124996k 
[   49.917509] Adding 124996k swap on ./swap-file.  Priority:0 extents:1 across:124996k 
[   49.985828] Adding 124996k swap on ./swap-file.  Priority:0 extents:1 across:124996k 
[   50.061123] Adding 124996k swap on ./swap-file.  Priority:0 extents:1 across:124996k 
[   50.128577] Adding 124996k swap on ./swap-file.  Priority:0 extents:1 across:124996k 
[   50.192464] Adding 124996k swap on ./swap-file.  Priority:0 extents:1 across:124996k 
[   50.275800] Adding 124996k swap on ./swap-file.  Priority:0 extents:1 across:124996k 
[   50.349256] Adding 124996k swap on ./swap-file.  Priority:0 extents:1 across:124996k 
[   50.424015] Adding 124996k swap on ./swap-file.  Priority:0 extents:1 across:124996k 
[   50.489513] Adding 124996k swap on ./swap-file.  Priority:0 extents:1 across:124996k 
[   50.555985] Adding 124996k swap on ./swap-file.  Priority:0 extents:1 across:124996k 
[   50.622454] Adding 124996k swap on ./swap-file.  Priority:0 extents:1 across:124996k 
[   50.684455] Adding 124996k swap on ./swap-file.  Priority:0 extents:1 across:124996k 
[   50.757490] Adding 124996k swap on ./swap-file.  Priority:0 extents:1 across:124996k 
[   50.822143] Adding 124996k swap on ./swap-file.  Priority:0 extents:1 across:124996k 
[   50.893876] Adding 124996k swap on ./swap-file.  Priority:0 extents:1 across:124996k 
[   50.953704] Adding 124996k swap on ./swap-file.  Priority:0 extents:1 across:124996k 
[   51.037396] Adding 124996k swap on ./swap-file.  Priority:0 extents:1 across:124996k 
[   51.115517] Adding 124996k swap on ./swap-file.  Priority:0 extents:1 across:124996k 
[   51.181442] Adding 124996k swap on ./swap-file.  Priority:0 extents:1 across:124996k 
[   51.248582] Adding 124996k swap on ./swap-file.  Priority:0 extents:1 across:124996k 
[   51.322333] Adding 124996k swap on ./swap-file.  Priority:0 extents:1 across:124996k 
[   51.389209] Adding 124996k swap on ./swap-file.  Priority:0 extents:1 across:124996k 
[   51.452255] Adding 124996k swap on ./swap-file.  Priority:0 extents:1 across:124996k 
[   51.517465] Adding 124996k swap on ./swap-file.  Priority:0 extents:1 across:124996k 
[   51.595706] Adding 124996k swap on ./swap-file.  Priority:0 extents:1 across:124996k 
[   51.675167] Adding 124996k swap on ./swap-file.  Priority:0 extents:1 across:124996k 
[   51.748170] Adding 124996k swap on ./swap-file.  Priority:0 extents:1 across:124996k 
[   51.813687] Adding 124996k swap on ./swap-file.  Priority:0 extents:1 across:124996k 
[   51.887257] Adding 124996k swap on ./swap-file.  Priority:0 extents:1 across:124996k 
[   51.960317] Adding 124996k swap on ./swap-file.  Priority:0 extents:1 across:124996k 
[   52.031745] Adding 124996k swap on ./swap-file.  Priority:0 extents:1 across:124996k 
[   52.107991] Adding 124996k swap on ./swap-file.  Priority:0 extents:1 across:124996k 
[   52.177036] Adding 124996k swap on ./swap-file.  Priority:0 extents:1 across:124996k 
[   52.246569] Adding 124996k swap on ./swap-file.  Priority:0 extents:1 across:124996k 
[   52.310372] Adding 124996k swap on ./swap-file.  Priority:0 extents:1 across:124996k 
[   52.378026] Adding 124996k swap on ./swap-file.  Priority:0 extents:1 across:124996k 
[   52.446822] Adding 124996k swap on ./swap-file.  Priority:0 extents:1 across:124996k 
[   52.523601] Adding 124996k swap on ./swap-file.  Priority:0 extents:1 across:124996k 
[   52.601116] Adding 124996k swap on ./swap-file.  Priority:0 extents:1 across:124996k 
[   52.673035] Adding 124996k swap on ./swap-file.  Priority:0 extents:1 across:124996k 
[   52.750544] Adding 124996k swap on ./swap-file.  Priority:0 extents:1 across:124996k 
[   52.813724] Adding 124996k swap on ./swap-file.  Priority:0 extents:1 across:124996k 
[   52.884642] Adding 124996k swap on ./swap-file.  Priority:0 extents:1 across:124996k 
[   52.957253] Adding 124996k swap on ./swap-file.  Priority:0 extents:1 across:124996k 
[   53.033532] Adding 124996k swap on ./swap-file.  Priority:0 extents:1 across:124996k 
[   53.098600] Adding 124996k swap on ./swap-file.  Priority:0 extents:1 across:124996k 
[   53.170450] Adding 124996k swap on ./swap-file.  Priority:0 extents:1 across:124996k 
[   53.236683] Adding 124996k swap on ./swap-file.  Priority:0 extents:1 across:124996k 
[   53.311106] Adding 124996k swap on ./swap-file.  Priority:0 extents:1 across:124996k 
[   53.377405] Adding 124996k swap on ./swap-file.  Priority:0 extents:1 across:124996k 
[   53.443197] Adding 124996k swap on ./swap-file.  Priority:0 extents:1 across:124996k 
[   53.511903] Adding 124996k swap on ./swap-file.  Priority:0 extents:1 across:124996k 
[   53.583091] Adding 124996k swap on ./swap-file.  Priority:0 extents:1 across:124996k 
[   53.657215] Adding 124996k swap on ./swap-file.  Priority:0 extents:1 across:124996k 
[   53.718344] Adding 124996k swap on ./swap-file.  Priority:0 extents:1 across:124996k 
[   53.787257] Adding 124996k swap on ./swap-file.  Priority:0 extents:1 across:124996k 
[   53.849445] Adding 124996k swap on ./swap-file.  Priority:0 extents:1 across:124996k 
[   53.923416] Adding 124996k swap on ./swap-file.  Priority:0 extents:1 across:124996k 
[   53.990482] Adding 124996k swap on ./swap-file.  Priority:0 extents:1 across:124996k 
[   54.075427] Adding 124996k swap on ./swap-file.  Priority:0 extents:1 across:124996k 
[   54.156843] Adding 124996k swap on ./swap-file.  Priority:0 extents:1 across:124996k 
[   54.230038] Adding 124996k swap on ./swap-file.  Priority:0 extents:1 across:124996k 
[   54.303254] Adding 124996k swap on ./swap-file.  Priority:0 extents:1 across:124996k 
[   54.392178] Adding 124996k swap on ./swap-file.  Priority:0 extents:1 across:124996k 
[   54.454423] Adding 124996k swap on ./swap-file.  Priority:0 extents:1 across:124996k 
[   54.515497] Adding 124996k swap on ./swap-file.  Priority:0 extents:1 across:124996k 
[   54.583332] Adding 124996k swap on ./swap-file.  Priority:0 extents:1 across:124996k 
[   54.665868] Adding 124996k swap on ./swap-file.  Priority:0 extents:1 across:124996k 
[   54.744516] Adding 124996k swap on ./swap-file.  Priority:0 extents:1 across:124996k 
[   54.821237] Adding 124996k swap on ./swap-file.  Priority:0 extents:1 across:124996k 
[   54.894883] Adding 124996k swap on ./swap-file.  Priority:0 extents:1 across:124996k 
[   54.965668] Adding 124996k swap on ./swap-file.  Priority:0 extents:1 across:124996k 
[   55.029085] Adding 124996k swap on ./swap-file.  Priority:0 extents:1 across:124996k 
[   55.097824] Adding 124996k swap on ./swap-file.  Priority:0 extents:1 across:124996k 
[   55.164272] Adding 124996k swap on ./swap-file.  Priority:0 extents:1 across:124996k 
[   55.237102] Adding 124996k swap on ./swap-file.  Priority:0 extents:1 across:124996k 
[   55.303076] Adding 124996k swap on ./swap-file.  Priority:0 extents:1 across:124996k 
[   55.382828] Adding 124996k swap on ./swap-file.  Priority:0 extents:1 across:124996k 
[   55.464330] Adding 124996k swap on ./swap-file.  Priority:0 extents:1 across:124996k 
[   55.533940] Adding 124996k swap on ./swap-file.  Priority:0 extents:1 across:124996k 
[   55.598430] Adding 124996k swap on ./swap-file.  Priority:0 extents:1 across:124996k 
[   55.664945] Adding 124996k swap on ./swap-file.  Priority:0 extents:1 across:124996k 
[   55.726557] Adding 124996k swap on ./swap-file.  Priority:0 extents:1 across:124996k 
[   55.785696] Adding 124996k swap on ./swap-file.  Priority:0 extents:1 across:124996k 
[   55.862286] Adding 124996k swap on ./swap-file.  Priority:0 extents:1 across:124996k 
[   55.925705] Adding 124996k swap on ./swap-file.  Priority:0 extents:1 across:124996k 
[   55.993381] Adding 124996k swap on ./swap-file.  Priority:0 extents:1 across:124996k 
[   56.053049] Adding 124996k swap on ./swap-file.  Priority:0 extents:1 across:124996k 
[   56.142498] Adding 124996k swap on ./swap-file.  Priority:0 extents:1 across:124996k 
[   56.209551] Adding 124996k swap on ./swap-file.  Priority:0 extents:1 across:124996k 
[   56.274919] Adding 124996k swap on ./swap-file.  Priority:0 extents:1 across:124996k 
[   56.340213] Adding 124996k swap on ./swap-file.  Priority:0 extents:1 across:124996k 
[   56.407617] Adding 124996k swap on ./swap-file.  Priority:0 extents:1 across:124996k 
[   56.499130] Adding 124996k swap on ./swap-file.  Priority:0 extents:1 across:124996k 
[   56.574450] Adding 124996k swap on ./swap-file.  Priority:0 extents:1 across:124996k 
[   56.661187] Adding 124996k swap on ./swap-file.  Priority:0 extents:1 across:124996k 
[   56.741656] Adding 124996k swap on ./swap-file.  Priority:0 extents:1 across:124996k 
[   56.805483] Adding 124996k swap on ./swap-file.  Priority:0 extents:1 across:124996k 
[   56.876029] Adding 124996k swap on ./swap-file.  Priority:0 extents:1 across:124996k 
[   56.942403] Adding 124996k swap on ./swap-file.  Priority:0 extents:1 across:124996k 
[   57.005232] Adding 124996k swap on ./swap-file.  Priority:0 extents:1 across:124996k 
[   57.067141] Adding 124996k swap on ./swap-file.  Priority:0 extents:1 across:124996k 
[   57.130439] Adding 124996k swap on ./swap-file.  Priority:0 extents:1 across:124996k 
[   57.200412] Adding 124996k swap on ./swap-file.  Priority:0 extents:1 across:124996k 
[   57.265023] Adding 124996k swap on ./swap-file.  Priority:0 extents:1 across:124996k 
[   57.334285] Adding 124996k swap on ./swap-file.  Priority:0 extents:1 across:124996k 
[   57.415166] Adding 124996k swap on ./swap-file.  Priority:0 extents:1 across:124996k 
[   57.492309] Adding 124996k swap on ./swap-file.  Priority:0 extents:1 across:124996k 
[   57.568314] Adding 124996k swap on ./swap-file.  Priority:0 extents:1 across:124996k 
[   57.642554] Adding 124996k swap on ./swap-file.  Priority:0 extents:1 across:124996k 
[   57.711670] Adding 124996k swap on ./swap-file.  Priority:0 extents:1 across:124996k 
[   57.792017] Adding 124996k swap on ./swap-file.  Priority:0 extents:1 across:124996k 
[   57.873786] Adding 124996k swap on ./swap-file.  Priority:0 extents:1 across:124996k 
[   57.937242] Adding 124996k swap on ./swap-file.  Priority:0 extents:1 across:124996k 
[   58.007994] Adding 124996k swap on ./swap-file.  Priority:0 extents:1 across:124996k 
[   58.073034] Adding 124996k swap on ./swap-file.  Priority:0 extents:1 across:124996k 
[   58.136224] Adding 124996k swap on ./swap-file.  Priority:0 extents:1 across:124996k 
