c[?7l[2J[0mSeaBIOS (version rel-1.16.0-0-gd239552ce722-prebuilt.qemu.org)


iPXE (http://ipxe.org) 00:03.0 CA00 PCI2.10 PnP PMM+7FF91000+7FEF1000 CA00
Press Ctrl-B to configure iPXE (PCI 00:03.0)...                                                                               


Booting from ROM...
c[?7l[2J[    0.000000] Linux version 6.19.0-rc3-7349f35d4eee+ (root@p-arls02) (gcc (GCC) 11.5.0 20240719 (Red Hat 11.5.0-14), GNU ld version 2.35.2-69.el9) #1 SMP PREEMPT_DYNAMIC Wed Jan 14 14:57:04 CST 2026
[    0.000000] Command line: console=ttyS0 root=/dev/sda earlyprintk=serial net.ifnames=0 plymouth.enable=0
[    0.000000] KERNEL supported cpus:
[    0.000000]   Intel GenuineIntel
[    0.000000]   AMD AuthenticAMD
[    0.000000]   Hygon HygonGenuine
[    0.000000]   Centaur CentaurHauls
[    0.000000]   zhaoxin   Shanghai  
[    0.000000] x86/CPU: Model not found in latest microcode list
[    0.000000] x86/split lock detection: #DB: warning on user-space bus_locks
[    0.000000] BIOS-provided physical RAM map:
[    0.000000] BIOS-e820: [mem 0x0000000000000000-0x000000000009fbff] usable
[    0.000000] BIOS-e820: [mem 0x000000000009fc00-0x000000000009ffff] reserved
[    0.000000] BIOS-e820: [mem 0x00000000000f0000-0x00000000000fffff] reserved
[    0.000000] BIOS-e820: [mem 0x0000000000100000-0x000000007ffdffff] usable
[    0.000000] BIOS-e820: [mem 0x000000007ffe0000-0x000000007fffffff] reserved
[    0.000000] BIOS-e820: [mem 0x00000000feffc000-0x00000000feffffff] reserved
[    0.000000] BIOS-e820: [mem 0x00000000fffc0000-0x00000000ffffffff] reserved
[    0.000000] printk: legacy bootconsole [earlyser0] enabled
[    0.000000] NX (Execute Disable) protection: active
[    0.000000] APIC: Static calls initialized
[    0.000000] SMBIOS 2.8 present.
[    0.000000] DMI: QEMU Standard PC (i440FX + PIIX, 1996), BIOS rel-1.16.0-0-gd239552ce722-prebuilt.qemu.org 04/01/2014
[    0.000000] DMI: Memory slots populated: 1/1
[    0.000000] Hypervisor detected: KVM
[    0.000000] last_pfn = 0x7ffe0 max_arch_pfn = 0x400000000
[    0.000000] kvm-clock: Using msrs 4b564d01 and 4b564d00
[    0.000003] kvm-clock: using sched offset of 1180386893 cycles
[    0.000451] clocksource: kvm-clock: mask: 0xffffffffffffffff max_cycles: 0x1cd42e4dffb, max_idle_ns: 881590591483 ns
[    0.001834] tsc: Detected 1267.200 MHz processor
[    0.008751] last_pfn = 0x7ffe0 max_arch_pfn = 0x400000000
[    0.009255] MTRR map: 4 entries (3 fixed + 1 variable; max 19), built from 8 variable MTRRs
[    0.009966] x86/PAT: Configuration [0-7]: WB  WC  UC- UC  WB  WP  UC- WT  
[    0.020400] found SMP MP-table at [mem 0x000f5ba0-0x000f5baf]
[    0.020913] Using GB pages for direct mapping
[    0.023225] ACPI: Early table checksum verification disabled
[    0.023717] ACPI: RSDP 0x00000000000F59C0 000014 (v00 BOCHS )
[    0.024231] ACPI: RSDT 0x000000007FFE1951 000034 (v01 BOCHS  BXPC     00000001 BXPC 00000001)
[    0.024977] ACPI: FACP 0x000000007FFE17FD 000074 (v01 BOCHS  BXPC     00000001 BXPC 00000001)
[    0.025727] ACPI: DSDT 0x000000007FFE0040 0017BD (v01 BOCHS  BXPC     00000001 BXPC 00000001)
[    0.026476] ACPI: FACS 0x000000007FFE0000 000040
[    0.026886] ACPI: APIC 0x000000007FFE1871 000080 (v01 BOCHS  BXPC     00000001 BXPC 00000001)
[    0.027626] ACPI: HPET 0x000000007FFE18F1 000038 (v01 BOCHS  BXPC     00000001 BXPC 00000001)
[    0.028370] ACPI: WAET 0x000000007FFE1929 000028 (v01 BOCHS  BXPC     00000001 BXPC 00000001)
[    0.029105] ACPI: Reserving FACP table memory at [mem 0x7ffe17fd-0x7ffe1870]
[    0.029711] ACPI: Reserving DSDT table memory at [mem 0x7ffe0040-0x7ffe17fc]
[    0.030308] ACPI: Reserving FACS table memory at [mem 0x7ffe0000-0x7ffe003f]
[    0.030907] ACPI: Reserving APIC table memory at [mem 0x7ffe1871-0x7ffe18f0]
[    0.031509] ACPI: Reserving HPET table memory at [mem 0x7ffe18f1-0x7ffe1928]
[    0.032109] ACPI: Reserving WAET table memory at [mem 0x7ffe1929-0x7ffe1950]
[    0.033212] No NUMA configuration found
[    0.033544] Faking a node at [mem 0x0000000000000000-0x000000007ffdffff]
[    0.034149] NODE_DATA(0) allocated [mem 0x7ffb4ec0-0x7ffdfcbf]
[    0.035302] Zone ranges:
[    0.035525]   DMA      [mem 0x0000000000001000-0x0000000000ffffff]
[    0.036053]   DMA32    [mem 0x0000000001000000-0x000000007ffdffff]
[    0.036588]   Normal   empty
[    0.036838]   Device   empty
[    0.037088] Movable zone start for each node
[    0.037463] Early memory node ranges
[    0.037768]   node   0: [mem 0x0000000000001000-0x000000000009efff]
[    0.038305]   node   0: [mem 0x0000000000100000-0x000000007ffdffff]
[    0.038842] Initmem setup node 0 [mem 0x0000000000001000-0x000000007ffdffff]
[    0.040494] On node 0, zone DMA: 1 pages in unavailable ranges
[    0.041316] On node 0, zone DMA: 97 pages in unavailable ranges
[    0.089326] On node 0, zone DMA32: 32 pages in unavailable ranges
[    0.652948] KernelAddressSanitizer initialized (generic)
[    0.653749] ACPI: PM-Timer IO Port: 0x608
[    0.654132] ACPI: LAPIC_NMI (acpi_id[0xff] dfl dfl lint[0x1])
[    0.654695] IOAPIC[0]: apic_id 0, version 17, address 0xfec00000, GSI 0-23
[    0.655310] ACPI: INT_SRC_OVR (bus 0 bus_irq 0 global_irq 2 dfl dfl)
[    0.655855] ACPI: INT_SRC_OVR (bus 0 bus_irq 5 global_irq 5 high level)
[    0.656421] ACPI: INT_SRC_OVR (bus 0 bus_irq 9 global_irq 9 high level)
[    0.656986] ACPI: INT_SRC_OVR (bus 0 bus_irq 10 global_irq 10 high level)
[    0.657568] ACPI: INT_SRC_OVR (bus 0 bus_irq 11 global_irq 11 high level)
[    0.658163] ACPI: Using ACPI (MADT) for SMP configuration information
[    0.658717] ACPI: HPET id: 0x8086a201 base: 0xfed00000
[    0.659175] TSC deadline timer available
[    0.659513] CPU topo: Max. logical packages:   1
[    0.659907] CPU topo: Max. logical dies:       1
[    0.660306] CPU topo: Max. dies per package:   1
[    0.660704] CPU topo: Max. threads per core:   1
[    0.661099] CPU topo: Num. cores per package:     2
[    0.661516] CPU topo: Num. threads per package:   2
[    0.661930] CPU topo: Allowing 2 present CPUs plus 0 hotplug CPUs
[    0.662506] kvm-guest: APIC: eoi() replaced with kvm_guest_apic_eoi_write()
[    0.663153] kvm-guest: KVM setup pv remote TLB flush
[    0.663577] kvm-guest: setup PV sched yield
[    0.663988] PM: hibernation: Registered nosave memory: [mem 0x00000000-0x00000fff]
[    0.664650] PM: hibernation: Registered nosave memory: [mem 0x0009f000-0x000fffff]
[    0.665305] [mem 0x80000000-0xfeffbfff] available for PCI devices
[    0.665828] Booting paravirtualized kernel on KVM
[    0.666250] clocksource: refined-jiffies: mask: 0xffffffff max_cycles: 0xffffffff, max_idle_ns: 7645519600211568 ns
[    0.667161] setup_percpu: NR_CPUS:8192 nr_cpumask_bits:2 nr_cpu_ids:2 nr_node_ids:1
[    0.670513] percpu: Embedded 81 pages/cpu s294912 r8192 d28672 u1048576
[    0.671246] kvm-guest: PV spinlocks enabled
[    0.671618] PV qspinlock hash table entries: 256 (order: 0, 4096 bytes, linear)
[    0.672262] Kernel command line: net.ifnames=0 console=ttyS0 root=/dev/sda earlyprintk=serial net.ifnames=0 plymouth.enable=0
[    0.673600] random: crng init done
[    0.673902] printk: log buffer data + meta data: 262144 + 917504 = 1179648 bytes
[    0.677094] Dentry cache hash table entries: 262144 (order: 9, 2097152 bytes, linear)
[    0.679278] Inode-cache hash table entries: 131072 (order: 8, 1048576 bytes, linear)
[    0.680329] Fallback order for Node 0: 0 
[    0.680342] Built 1 zonelists, mobility grouping on.  Total pages: 524158
[    0.681212] Policy zone: DMA32
[    0.681469] mem auto-init: stack:off, heap alloc:off, heap free:off
[    0.681989] stackdepot: allocating hash table via alloc_large_system_hash
[    0.682565] stackdepot hash table entries: 1048576 (order: 12, 16777216 bytes, linear)
[    0.701466] stackdepot: allocating space for 8192 stack pools via memblock
[    0.751735] SLUB: HWalign=64, Order=0-3, MinObjects=0, CPUs=2, Nodes=1
[    0.752314] kmemleak: Kernel memory leak detector disabled
[    0.791708] ftrace: allocating 75271 entries in 296 pages
[    0.792181] ftrace: allocated 296 pages with 3 groups
[    0.797293] Dynamic Preempt: voluntary
[    0.798126] Running RCU self tests
[    0.798407] Running RCU synchronous self tests
[    0.798761] rcu: Preemptible hierarchical RCU implementation.
[    0.799218] rcu: 	RCU lockdep checking is enabled.
[    0.799587] rcu: 	RCU restricting CPUs from NR_CPUS=8192 to nr_cpu_ids=2.
[    0.800125] 	Trampoline variant of Tasks RCU enabled.
[    0.800529] 	Rude variant of Tasks RCU enabled.
[    0.800888] 	Tracing variant of Tasks RCU enabled.
[    0.801271] rcu: RCU calculated value of scheduler-enlistment delay is 25 jiffies.
[    0.801869] rcu: Adjusting geometry for rcu_fanout_leaf=16, nr_cpu_ids=2
[    0.802490] Running RCU synchronous self tests
[    0.802847] RCU Tasks: Setting shift to 1 and lim to 1 rcu_task_cb_adjust=1 rcu_task_cpu_ids=2.
[    0.803543] RCU Tasks Rude: Setting shift to 1 and lim to 1 rcu_task_cb_adjust=1 rcu_task_cpu_ids=2.
[    0.804271] RCU Tasks Trace: Setting shift to 1 and lim to 1 rcu_task_cb_adjust=1 rcu_task_cpu_ids=2.
[    0.872337] NR_IRQS: 524544, nr_irqs: 440, preallocated irqs: 16
[    0.873384] rcu: srcu_init: Setting srcu_struct sizes based on contention.
[    0.880796] Console: colour VGA+ 80x25
[    0.881202] printk: legacy console [ttyS0] enabled
[    0.881202] printk: legacy console [ttyS0] enabled
[    0.881985] printk: legacy bootconsole [earlyser0] disabled
[    0.881985] printk: legacy bootconsole [earlyser0] disabled
[    0.882915] Lock dependency validator: Copyright (c) 2006 Red Hat, Inc., Ingo Molnar
[    0.883545] ... MAX_LOCKDEP_SUBCLASSES:  8
[    0.883889] ... MAX_LOCK_DEPTH:          48
[    0.884241] ... MAX_LOCKDEP_KEYS:        8192
[    0.884605] ... CLASSHASH_SIZE:          4096
[    0.884965] ... MAX_LOCKDEP_ENTRIES:     524288
[    0.885345] ... MAX_LOCKDEP_CHAINS:      524288
[    0.885720] ... CHAINHASH_SIZE:          262144
[    0.886095]  memory used by lock dependency info: 54145 kB
[    0.886549]  memory used for stack traces: 4224 kB
[    0.886946]  per task-struct memory footprint: 1920 bytes
[    0.887481] ACPI: Core revision 20250807
[    0.888217] clocksource: hpet: mask: 0xffffffff max_cycles: 0xffffffff, max_idle_ns: 19112604467 ns
[    0.889161] APIC: Switch to symmetric I/O mode setup
[    0.889737] x2apic enabled
[    0.890330] APIC: Switched APIC routing to: physical x2apic
[    0.890796] kvm-guest: APIC: send_IPI_mask() replaced with kvm_send_ipi_mask()
[    0.891365] kvm-guest: APIC: send_IPI_mask_allbutself() replaced with kvm_send_ipi_mask_allbutself()
[    0.892112] kvm-guest: setup PV IPIs
[    0.893428] ..TIMER: vector=0x30 apic1=0 pin1=2 apic2=-1 pin2=-1
[    0.893971] clocksource: tsc-early: mask: 0xffffffffffffffff max_cycles: 0x12441513526, max_idle_ns: 440795239872 ns
[    0.894849] Calibrating delay loop (skipped) preset value.. 2534.40 BogoMIPS (lpj=5068800)
[    0.895691] CPU0: Thermal monitoring enabled (TM1)
[    0.896103] x86/cpu: User Mode Instruction Prevention (UMIP) activated
[    0.896749] Last level iTLB entries: 4KB 0, 2MB 0, 4MB 0
[    0.898857] Last level dTLB entries: 4KB 0, 2MB 0, 4MB 0, 1GB 0
[    0.899370] mitigations: Enabled attack vectors: user_kernel, user_user, guest_host, guest_guest, SMT mitigations: auto
[    0.900266] Speculative Store Bypass: Mitigation: Speculative Store Bypass disabled via prctl
[    0.900965] Spectre V2 : Mitigation: Enhanced / Automatic IBRS
[    0.901444] ITS: Mitigation: Aligned branch/return thunks
[    0.901890] Spectre V1 : Mitigation: usercopy/swapgs barriers and __user pointer sanitization
[    0.902584] Spectre V2 : WARNING: Unprivileged eBPF is enabled with eIBRS on, data leaks possible via Spectre v2 BHB attacks!
[    0.902837] Spectre V2 : Spectre v2 / PBRSB-eIBRS: Retire a single CALL on VMEXIT
[    0.903435] Spectre V2 : mitigation: Enabling conditional Indirect Branch Prediction Barrier
[    0.904103] active return thunk: its_return_thunk
[    0.904490] Spectre V2 : Spectre BHI mitigation: SW BHB clearing on syscall and VM exit
[    0.905157] x86/fpu: Supporting XSAVE feature 0x001: 'x87 floating point registers'
[    0.905782] x86/fpu: Supporting XSAVE feature 0x002: 'SSE registers'
[    0.906842] x86/fpu: Supporting XSAVE feature 0x004: 'AVX registers'
[    0.907367] x86/fpu: Supporting XSAVE feature 0x200: 'Protection Keys User registers'
[    0.908007] x86/fpu: xstate_offset[2]:  576, xstate_sizes[2]:  256
[    0.908516] x86/fpu: xstate_offset[9]:  832, xstate_sizes[9]:    8
[    0.909020] x86/fpu: Enabled xstate features 0x207, context size is 840 bytes, using 'compacted' format.
[    1.047451] Freeing SMP alternatives memory: 64K
[    1.047898] pid_max: default: 32768 minimum: 301
[    1.048686] Yama: becoming mindful.
[    1.049414] Mount-cache hash table entries: 4096 (order: 3, 32768 bytes, linear)
[    1.050041] Mountpoint-cache hash table entries: 4096 (order: 3, 32768 bytes, linear)
[    1.052499] Running RCU synchronous self tests
[    1.052889] Running RCU synchronous self tests
[    1.053732] smpboot: CPU0: Genuine Intel(R) 0000 @ (family: 0x6, model: 0xc6, stepping: 0x0)
[    1.054830] Performance Events: unsupported CPU family 6 model 198 no PMU driver, software events only.
[    1.054830] signal: max sigframe size: 3632
[    1.054830] rcu: Hierarchical SRCU implementation.
[    1.054830] rcu: 	Max phase no-delay instances is 1000.
[    1.055131] Timer migration: 1 hierarchy levels; 8 children per group; 1 crossnode level
[    1.074695] NMI watchdog: Perf NMI watchdog permanently disabled
[    1.075108] smp: Bringing up secondary CPUs ...
[    1.077200] smpboot: x86: Booting SMP configuration:
[    1.077651] .... node  #0, CPUs:      #1
[    1.079248] smp: Brought up 1 node, 2 CPUs
[    1.079876] smpboot: Total of 2 processors activated (5068.80 BogoMIPS)
[    1.080715] Memory: 1538728K/2096632K available (80930K kernel code, 15562K rwdata, 18816K rodata, 16420K init, 70000K bss, 546452K reserved, 0K cma-reserved)
[    1.083728] devtmpfs: initialized
[    1.084035] x86/mm: Memory block size: 128MB
[    1.096899] Running RCU synchronous self tests
[    1.096899] Running RCU synchronous self tests
[    1.098955] Running RCU Tasks wait API self tests
[    1.102879] Running RCU Tasks Rude wait API self tests
[    1.103306] Running RCU Tasks Trace wait API self tests
[    1.126906] clocksource: jiffies: mask: 0xffffffff max_cycles: 0xffffffff, max_idle_ns: 7645041785100000 ns
[    1.127915] posixtimers hash table entries: 1024 (order: 5, 73728 bytes, linear)
[    1.128703] futex hash table entries: 512 (65536 bytes on 1 NUMA nodes, total 64 KiB, linear).
[    1.131364] 
[    1.131515] *************************************************************
[    1.132078] **     NOTICE NOTICE NOTICE NOTICE NOTICE NOTICE NOTICE    **
[    1.132643] **                                                         **
[    1.133210] **  IOMMU DebugFS SUPPORT HAS BEEN ENABLED IN THIS KERNEL  **
[    1.133773] **                                                         **
[    1.134344] ** This means that this kernel is built to expose internal **
[    1.134845] ** IOMMU data structures, which may compromise security on **
[    1.135418] ** your system.                                            **
[    1.135982] **                                                         **
[    1.136547] ** If you see this message and you are not debugging the   **
[    1.137109] ** kernel, report this immediately to your vendor!         **
[    1.137674] **                                                         **
[    1.138238] **     NOTICE NOTICE NOTICE NOTICE NOTICE NOTICE NOTICE    **
[    1.138799] *************************************************************
[    1.138927] PM: RTC time: 07:00:01, date: 2026-01-14
[    1.144323] NET: Registered PF_NETLINK/PF_ROUTE protocol family
[    1.146345] DMA: preallocated 256 KiB GFP_KERNEL pool for atomic allocations
[    1.146872] DMA: preallocated 256 KiB GFP_KERNEL|GFP_DMA pool for atomic allocations
[    1.147539] DMA: preallocated 256 KiB GFP_KERNEL|GFP_DMA32 pool for atomic allocations
[    1.148301] audit: initializing netlink subsys (disabled)
[    1.148814] audit: type=2000 audit(1768374001.539:1): state=initialized audit_enabled=0 res=1
[    1.148814] Callback from call_rcu_tasks_trace() invoked.
[    1.149176] thermal_sys: Registered thermal governor 'fair_share'
[    1.149188] thermal_sys: Registered thermal governor 'bang_bang'
[    1.150342] thermal_sys: Registered thermal governor 'step_wise'
[    1.154848] thermal_sys: Registered thermal governor 'user_space'
[    1.156125] cpuidle: using governor ladder
[    1.156855] cpuidle: using governor menu
[    1.159451] acpiphp: ACPI Hot Plug PCI Controller Driver version: 0.5
[    1.162205] PCI: Using configuration type 1 for base access
[    1.163325] kprobes: kprobe jump-optimization is enabled. All kprobes are optimized if possible.
[    1.263397] HugeTLB: registered 1.00 GiB page size, pre-allocated 0 pages
[    1.264011] HugeTLB: 16380 KiB vmemmap can be freed for a 1.00 GiB page
[    1.264562] HugeTLB: registered 2.00 MiB page size, pre-allocated 0 pages
[    1.265128] HugeTLB: 28 KiB vmemmap can be freed for a 2.00 MiB page
[    1.277021] ACPI: Added _OSI(Module Device)
[    1.277425] ACPI: Added _OSI(Processor Device)
[    1.277813] ACPI: Added _OSI(Processor Aggregator Device)
[    1.293864] ACPI: 1 ACPI AML tables successfully acquired and loaded
[    1.311797] ACPI: Interpreter enabled
[    1.312301] ACPI: PM: (supports S0 S3 S4 S5)
[    1.312682] ACPI: Using IOAPIC for interrupt routing
[    1.313273] PCI: Using host bridge windows from ACPI; if necessary, use "pci=nocrs" and report a bug
[    1.314054] PCI: Using E820 reservations for host bridge windows
[    1.315788] ACPI: Enabled 2 GPEs in block 00 to 0F
[    1.354224] ACPI: PCI Root Bridge [PCI0] (domain 0000 [bus 00-ff])
[    1.354845] acpi PNP0A03:00: _OSC: OS supports [ASPM ClockPM Segments MSI EDR HPX-Type3]
[    1.355548] acpi PNP0A03:00: _OSC: not requesting OS control; OS requires [ExtendedConfig ASPM ClockPM MSI]
[    1.356553] acpi PNP0A03:00: fail to add MMCONFIG information, can't access extended configuration space under this bridge
[    1.362041] acpiphp: Slot [3] registered
[    1.362548] acpiphp: Slot [4] registered
[    1.362969] acpiphp: Slot [5] registered
[    1.363438] acpiphp: Slot [6] registered
[    1.363905] acpiphp: Slot [7] registered
[    1.364397] acpiphp: Slot [8] registered
[    1.364861] acpiphp: Slot [9] registered
[    1.365331] acpiphp: Slot [10] registered
[    1.365807] acpiphp: Slot [11] registered
[    1.366314] acpiphp: Slot [12] registered
[    1.366791] acpiphp: Slot [13] registered
[    1.367030] acpiphp: Slot [14] registered
[    1.367505] acpiphp: Slot [15] registered
[    1.368805] acpiphp: Slot [16] registered
[    1.369308] acpiphp: Slot [17] registered
[    1.369792] acpiphp: Slot [18] registered
[    1.370272] acpiphp: Slot [19] registered
[    1.370785] acpiphp: Slot [20] registered
[    1.370964] acpiphp: Slot [21] registered
[    1.371445] acpiphp: Slot [22] registered
[    1.371921] acpiphp: Slot [23] registered
[    1.372426] acpiphp: Slot [24] registered
[    1.372901] acpiphp: Slot [25] registered
[    1.373377] acpiphp: Slot [26] registered
[    1.373858] acpiphp: Slot [27] registered
[    1.374357] acpiphp: Slot [28] registered
[    1.374830] acpiphp: Slot [29] registered
[    1.375307] acpiphp: Slot [30] registered
[    1.375784] acpiphp: Slot [31] registered
[    1.376217] PCI host bridge to bus 0000:00
[    1.376635] pci_bus 0000:00: root bus resource [io  0x0000-0x0cf7 window]
[    1.377231] pci_bus 0000:00: root bus resource [io  0x0d00-0xffff window]
[    1.377823] pci_bus 0000:00: root bus resource [mem 0x000a0000-0x000bffff window]
[    1.378471] pci_bus 0000:00: root bus resource [mem 0x80000000-0xfebfffff window]
[    1.378842] pci_bus 0000:00: root bus resource [mem 0x100000000-0x17fffffff window]
[    1.379513] pci_bus 0000:00: root bus resource [bus 00-ff]
[    1.380157] pci 0000:00:00.0: [8086:1237] type 00 class 0x060000 conventional PCI endpoint
[    1.389465] pci 0000:00:01.0: [8086:7000] type 00 class 0x060100 conventional PCI endpoint
[    1.391578] pci 0000:00:01.1: [8086:7010] type 00 class 0x010180 conventional PCI endpoint
[    1.392876] pci 0000:00:01.1: BAR 4 [io  0xc040-0xc04f]
[    1.393378] pci 0000:00:01.1: BAR 0 [io  0x01f0-0x01f7]: legacy IDE quirk
[    1.393967] pci 0000:00:01.1: BAR 1 [io  0x03f6]: legacy IDE quirk
[    1.394500] pci 0000:00:01.1: BAR 2 [io  0x0170-0x0177]: legacy IDE quirk
[    1.394855] pci 0000:00:01.1: BAR 3 [io  0x0376]: legacy IDE quirk
[    1.395956] pci 0000:00:01.3: [8086:7113] type 00 class 0x068000 conventional PCI endpoint
[    1.396947] pci 0000:00:01.3: quirk: [io  0x0600-0x063f] claimed by PIIX4 ACPI
[    1.397558] pci 0000:00:01.3: quirk: [io  0x0700-0x070f] claimed by PIIX4 SMB
[    1.398686] pci 0000:00:02.0: [1234:1111] type 00 class 0x030000 conventional PCI endpoint
[    1.428643] pci 0000:00:02.0: BAR 0 [mem 0xfd000000-0xfdffffff pref]
[    1.429430] pci 0000:00:02.0: BAR 2 [mem 0xfebf0000-0xfebf0fff]
[    1.429924] pci 0000:00:02.0: ROM [mem 0xfebe0000-0xfebeffff pref]
[    1.430840] pci 0000:00:02.0: Video device with shadowed ROM at [mem 0x000c0000-0x000dffff]
[    1.447654] pci 0000:00:03.0: [8086:100e] type 00 class 0x020000 conventional PCI endpoint
[    1.450870] pci 0000:00:03.0: BAR 0 [mem 0xfebc0000-0xfebdffff]
[    1.451877] pci 0000:00:03.0: BAR 1 [io  0xc000-0xc03f]
[    1.452445] pci 0000:00:03.0: ROM [mem 0xfeb80000-0xfebbffff pref]
[    1.474720] ACPI: PCI: Interrupt link LNKA configured for IRQ 10
[    1.476048] ACPI: PCI: Interrupt link LNKB configured for IRQ 10
[    1.477467] ACPI: PCI: Interrupt link LNKC configured for IRQ 11
[    1.478840] ACPI: PCI: Interrupt link LNKD configured for IRQ 11
[    1.479754] ACPI: PCI: Interrupt link LNKS configured for IRQ 9
[    1.487405] iommu: Default domain type: Translated
[    1.487405] iommu: DMA domain TLB invalidation policy: lazy mode
[    1.491459] SCSI subsystem initialized
[    1.495577] ACPI: bus type USB registered
[    1.496252] usbcore: registered new interface driver usbfs
[    1.496290] usbcore: registered new interface driver hub
[    1.496836] usbcore: registered new device driver usb
[    1.497825] pps_core: LinuxPPS API ver. 1 registered
[    1.498258] pps_core: Software ver. 5.3.6 - Copyright 2005-2007 Rodolfo Giometti <giometti@linux.it>
[    1.498887] PTP clock support registered
[    1.503260] EDAC MC: Ver: 3.0.0
[    1.506907] NetLabel: Initializing
[    1.507220] NetLabel:  domain hash size = 128
[    1.507609] NetLabel:  protocols = UNLABELED CIPSOv4 CALIPSO
[    1.508315] NetLabel:  unlabeled traffic allowed by default
[    1.509730] PCI: Using ACPI for IRQ routing
[    1.510608] pci 0000:00:02.0: vgaarb: setting as boot VGA device
[    1.510830] pci 0000:00:02.0: vgaarb: bridge control possible
[    1.510830] pci 0000:00:02.0: vgaarb: VGA device added: decodes=io+mem,owns=io+mem,locks=none
[    1.514840] vgaarb: loaded
[    1.519878] hpet0: at MMIO 0xfed00000, IRQs 2, 8, 0
[    1.520325] hpet0: 3 comparators, 64-bit 100.000000 MHz counter
[    1.523195] clocksource: Switched to clocksource kvm-clock
[    3.724819] VFS: Disk quotas dquot_6.6.0
[    3.728886] VFS: Dquot-cache hash table entries: 512 (order 0, 4096 bytes)
[    3.735032] pnp: PnP ACPI init
[    3.743010] pnp: PnP ACPI: found 6 devices
[    3.749143] Callback from call_rcu_tasks() invoked.
[    3.764584] clocksource: acpi_pm: mask: 0xffffff max_cycles: 0xffffff, max_idle_ns: 2085701024 ns
[    3.765941] NET: Registered PF_INET protocol family
[    3.766804] IP idents hash table entries: 32768 (order: 6, 262144 bytes, linear)
[    3.769366] tcp_listen_portaddr_hash hash table entries: 1024 (order: 5, 73728 bytes, linear)
[    3.770166] Table-perturb hash table entries: 65536 (order: 6, 262144 bytes, linear)
[    3.770939] TCP established hash table entries: 16384 (order: 5, 131072 bytes, linear)
[    3.772253] TCP bind hash table entries: 16384 (order: 10, 2359296 bytes, linear)
[    3.775939] TCP: Hash tables configured (established 16384 bind 16384)
[    3.776751] UDP hash table entries: 1024 (order: 6, 262144 bytes, linear)
[    3.777535] UDP-Lite hash table entries: 1024 (order: 6, 262144 bytes, linear)
[    3.778749] NET: Registered PF_UNIX/PF_LOCAL protocol family
[    3.780681] RPC: Registered named UNIX socket transport module.
[    3.781232] RPC: Registered udp transport module.
[    3.781632] RPC: Registered tcp transport module.
[    3.782030] RPC: Registered tcp-with-tls transport module.
[    3.782489] RPC: Registered tcp NFSv4.1 backchannel transport module.
[    3.783077] pci_bus 0000:00: resource 4 [io  0x0000-0x0cf7 window]
[    3.783603] pci_bus 0000:00: resource 5 [io  0x0d00-0xffff window]
[    3.784125] pci_bus 0000:00: resource 6 [mem 0x000a0000-0x000bffff window]
[    3.784701] pci_bus 0000:00: resource 7 [mem 0x80000000-0xfebfffff window]
[    3.785302] pci_bus 0000:00: resource 8 [mem 0x100000000-0x17fffffff window]
[    3.786235] pci 0000:00:01.0: PIIX3: Enabling Passive Release
[    3.786720] pci 0000:00:00.0: Limiting direct PCI/PCI transfers
[    3.787305] PCI: CLS 0 bytes, default 64
[    3.788341] ACPI: bus type thunderbolt registered
[    3.789318] clocksource: tsc: mask: 0xffffffffffffffff max_cycles: 0x12441513526, max_idle_ns: 440795239872 ns
[    3.801169] Initialise system trusted keyrings
[    3.802342] Key type blacklist registered
[    3.803798] workingset: timestamp_bits=36 max_order=19 bucket_order=0
[    3.808716] squashfs: version 4.0 (2009/01/31) Phillip Lougher
[    3.812832] NFS: Registering the id_resolver key type
[    3.813882] Key type id_resolver registered
[    3.814698] Key type id_legacy registered
[    3.815607] nfs4filelayout_init: NFSv4 File Layout Driver Registering...
[    3.817028] nfs4flexfilelayout_init: NFSv4 Flexfile Layout Driver Registering...
[    3.819476] fuse: init (API version 7.45)
[    3.821561] SGI XFS with ACLs, security attributes, realtime, quota, no debug enabled
[    3.827015] 9p: Installing v9fs 9p2000 file system support
[    3.851625] Key type asymmetric registered
[    3.852384] Asymmetric key parser 'x509' registered
[    3.853139] Block layer SCSI generic (bsg) driver version 0.4 loaded (major 241)
[    3.854417] io scheduler mq-deadline registered
[    3.855568] io scheduler bfq registered
[    3.857743] ledtrig-cpu: registered to indicate activity on CPUs
[    3.862245] IPMI message handler: version 39.2
[    3.863351] ipmi device interface
[    3.867576] input: Power Button as /devices/LNXSYSTM:00/LNXPWRBN:00/input/input0
[    3.870192] ACPI: button: Power Button [PWRF]
[    3.874292] ERST DBG: ERST support is disabled.
[    3.878392] Serial: 8250/16550 driver, 32 ports, IRQ sharing enabled
[    3.881173] 00:04: ttyS0 at I/O 0x3f8 (irq = 4, base_baud = 115200) is a 16550A
[    3.922914] Linux agpgart interface v0.103
[    3.927687] ACPI: bus type drm_connector registered
[    3.959547] brd: module loaded
[    3.981459] loop: module loaded
[    3.999674] scsi host0: ata_piix
[    4.002126] scsi host1: ata_piix
[    4.002981] ata1: PATA max MWDMA2 cmd 0x1f0 ctl 0x3f6 bmdma 0xc040 irq 14 lpm-pol 0
[    4.003632] ata2: PATA max MWDMA2 cmd 0x170 ctl 0x376 bmdma 0xc048 irq 15 lpm-pol 0
[    4.007518] tun: Universal TUN/TAP device driver, 1.6
[    4.008696] e100: Intel(R) PRO/100 Network Driver
[    4.009141] e100: Copyright(c) 1999-2006 Intel Corporation
[    4.009741] e1000: Intel(R) PRO/1000 Network Driver
[    4.010149] e1000: Copyright (c) 1999-2006 Intel Corporation.
[    4.157401] ata1: found unknown device (class 0)
[    4.159371] ata1.00: ATA-7: QEMU HARDDISK, 2.5+, max UDMA/100
[    4.160436] ata1.00: 17196647 sectors, multi 16: LBA48 
[    4.161936] ata2: found unknown device (class 0)
[    4.164453] ata2.00: ATAPI: QEMU DVD-ROM, 2.5+, max UDMA/100
[    4.167409] scsi 0:0:0:0: Direct-Access     ATA      QEMU HARDDISK    2.5+ PQ: 0 ANSI: 5
[    4.171185] sd 0:0:0:0: Attached scsi generic sg0 type 0
[    4.172316] sd 0:0:0:0: [sda] 17196647 512-byte logical blocks: (8.80 GB/8.20 GiB)
[    4.173190] scsi 1:0:0:0: CD-ROM            QEMU     QEMU DVD-ROM     2.5+ PQ: 0 ANSI: 5
[    4.174015] sd 0:0:0:0: [sda] Write Protect is off
[    4.174790] sd 0:0:0:0: [sda] Write cache: enabled, read cache: enabled, doesn't support DPO or FUA
[    4.176475] sd 0:0:0:0: [sda] Preferred minimum I/O size 512 bytes
[    4.186545] scsi 1:0:0:0: Attached scsi generic sg1 type 5
[    4.201639] sd 0:0:0:0: [sda] Attached SCSI disk
[    4.684014] ACPI: \_SB_.LNKC: Enabled at IRQ 11
[    4.996855] e1000 0000:00:03.0 eth0: (PCI:33MHz:32-bit) 52:54:00:12:34:56
[    4.997494] e1000 0000:00:03.0 eth0: Intel(R) PRO/1000 Network Connection
[    4.998272] e1000e: Intel(R) PRO/1000 Network Driver
[    4.998680] e1000e: Copyright(c) 1999 - 2015 Intel Corporation.
[    4.999328] igb: Intel(R) Gigabit Ethernet Network Driver
[    4.999767] igb: Copyright (c) 2007-2014 Intel Corporation.
[    5.001381] PPP generic driver version 2.4.2
[    5.003532] VFIO - User Level meta-driver version: 0.3
[    5.006704] usbcore: registered new interface driver uas
[    5.007400] usbcore: registered new interface driver usb-storage
[    5.008232] i8042: PNP: PS/2 Controller [PNP0303:KBD,PNP0f13:MOU] at 0x60,0x64 irq 1,12
[    5.009934] serio: i8042 KBD port at 0x60,0x64 irq 1
[    5.010428] serio: i8042 AUX port at 0x60,0x64 irq 12
[    5.012189] mousedev: PS/2 mouse device common for all mice
[    5.014443] rtc_cmos 00:05: RTC can wake from S4
[    5.015120] input: AT Translated Set 2 keyboard as /devices/platform/i8042/serio0/input/input1
[    5.017588] input: VirtualPS/2 VMware VMMouse as /devices/platform/i8042/serio1/input/input4
[    5.018662] rtc_cmos 00:05: registered as rtc0
[    5.019445] input: VirtualPS/2 VMware VMMouse as /devices/platform/i8042/serio1/input/input3
[    5.019682] rtc_cmos 00:05: setting system clock to 2026-01-14T07:00:05 UTC (1768374005)
[    5.022387] rtc_cmos 00:05: alarms up to one day, y3k, 242 bytes nvram, hpet irqs
[    5.024698] i2c_dev: i2c /dev entries driver
[    5.026423] device-mapper: core: CONFIG_IMA_DISABLE_HTABLE is disabled. Duplicate IMA measurements will not be recorded in the IMA log.
[    5.028744] device-mapper: uevent: version 1.0.3
[    5.030767] device-mapper: ioctl: 4.50.0-ioctl (2025-04-28) initialised: dm-devel@lists.linux.dev
[    5.032680] intel_pstate: CPU model not supported
[    5.034127] sdhci: Secure Digital Host Controller Interface driver
[    5.035252] sdhci: Copyright(c) Pierre Ossman
[    5.036415] sdhci-pltfm: SDHCI platform and OF driver helper
[    5.038634] drop_monitor: Initializing network drop monitor service
[    5.040582] NET: Registered PF_INET6 protocol family
[    5.044708] Segment Routing with IPv6
[    5.045140] In-situ OAM (IOAM) with IPv6
[    5.045544] NET: Registered PF_PACKET protocol family
[    5.046729] 9pnet: Installing 9P2000 support
[    5.047959] Key type dns_resolver registered
[    5.051693] IPI shorthand broadcast: enabled
[    5.118339] sched_clock: Marking stable (5100006589, 16901824)->(5123048737, -6140324)
[    5.120230] registered taskstats version 1
[    5.121247] Loading compiled-in X.509 certificates
[    5.196024] Demotion targets for Node 0: null
[    5.198196] Key type .fscrypt registered
[    5.198563] Key type fscrypt-provisioning registered
[    5.204783] Key type encrypted registered
[    5.205217] ima: No TPM chip found, activating TPM-bypass!
[    5.205708] ima: Allocated hash algorithm: sha1
[    5.206189] ima: No architecture policies found
[    5.206770] evm: Initialising EVM extended attributes:
[    5.207203] evm: security.selinux
[    5.207485] evm: security.SMACK64
[    5.207767] evm: security.SMACK64EXEC
[    5.208082] evm: security.SMACK64TRANSMUTE
[    5.208428] evm: security.SMACK64MMAP
[    5.208737] evm: security.apparmor
[    5.209051] evm: security.ima
[    5.209306] evm: security.capability
[    5.209609] evm: HMAC attrs: 0x1
[    5.212457] PM:   Magic number: 10:721:15
[    5.214242] RAS: Correctable Errors collector initialized.
[    5.215753] clk: Disabling unused clocks
[    5.216559] PM: genpd: Disabling unused power domains
[    5.218793] check access for rdinit=/init failed: -2, ignoring
[    5.219519] md: Waiting for all devices to be available before autodetect
[    5.220330] md: If you don't use raid, use raid=noautodetect
[    5.221158] md: Autodetecting RAID arrays.
[    5.221691] md: autorun ...
[    5.222054] md: ... autorun DONE.
[    5.240751] EXT4-fs (sda): mounted filesystem 088740a9-c8b4-422c-999d-a804eb68a4da ro with ordered data mode. Quota mode: none.
[    5.242413] VFS: Mounted root (ext4 filesystem) readonly on device 8:0.
[    5.246612] devtmpfs: mounted
[    5.267471] Freeing unused decrypted memory: 2036K
[    5.282726] Freeing unused kernel image (initmem) memory: 16420K
[    5.283325] Write protecting the kernel read-only data: 102400k
[    5.286314] Freeing unused kernel image (text/rodata gap) memory: 988K
[    5.288762] Freeing unused kernel image (rodata/data gap) memory: 1664K
[    5.348409] x86/mm: Checked W+X mappings: passed, no W+X pages found.
[    5.348810] Run /sbin/init as init process
[    5.667786] systemd[1]: systemd 252-15.el9 running in system mode (+PAM +AUDIT +SELINUX -APPARMOR +IMA +SMACK +SECCOMP +GCRYPT +GNUTLS +OPENSSL +ACL +BLKID +CURL +ELFUTILS -FIDO2 +IDN2 -IDN -IPTC +KMOD +LIBCRYPTSETUP +LIBFDISK +PCRE2 -PWQUALITY +P11KIT -QRENCODE +TPM2 +BZIP2 +LZ4 +XZ +ZLIB +ZSTD -BPF_FRAMEWORK +XKBCOMMON +UTMP +SYSVINIT default-hierarchy=unified)
[    5.669613] systemd[1]: Detected virtualization kvm.
[    5.669903] systemd[1]: Detected architecture x86-64.

Welcome to [0;31mCentOS Stream 9[0m!

[    5.677825] systemd[1]: Hostname set to <test>.
[    5.821016] systemd-rc-local-generator[120]: /etc/rc.d/rc.local is not marked executable, skipping.
[    6.329289] systemd[1]: Queued start job for default target Multi-User System.
[    6.343907] systemd[1]: Created slice Virtual Machine and Container Slice.
[[0;32m  OK  [0m] Created slice [0;1;39mVirtual Machine and Container Slice[0m.
[    6.348932] systemd[1]: Created slice Slice /system/getty.
[[0;32m  OK  [0m] Created slice [0;1;39mSlice /system/getty[0m.
[    6.351566] systemd[1]: Created slice Slice /system/modprobe.
[[0;32m  OK  [0m] Created slice [0;1;39mSlice /system/modprobe[0m.
[    6.354311] systemd[1]: Created slice Slice /system/serial-getty.
[[0;32m  OK  [0m] Created slice [0;1;39mSlice /system/serial-getty[0m.
[    6.356982] systemd[1]: Created slice Slice /system/sshd-keygen.
[[0;32m  OK  [0m] Created slice [0;1;39mSlice /system/sshd-keygen[0m.
[    6.359380] systemd[1]: Created slice User and Session Slice.
[[0;32m  OK  [0m] Created slice [0;1;39mUser and Session Slice[0m.
[    6.360610] systemd[1]: Started Forward Password Requests to Wall Directory Watch.
[[0;32m  OK  [0m] Started [0;1;39mForward Password R…uests to Wall Directory Watch[0m.
[    6.362687] systemd[1]: Set up automount Arbitrary Executable File Formats File System Automount Point.
[[0;32m  OK  [0m] Set up automount [0;1;39mArbitrary…s File System Automount Point[0m.
[    6.364014] systemd[1]: Reached target Local Integrity Protected Volumes.
[[0;32m  OK  [0m] Reached target [0;1;39mLocal Integrity Protected Volumes[0m.
[    6.365191] systemd[1]: Reached target Slice Units.
[[0;32m  OK  [0m] Reached target [0;1;39mSlice Units[0m.
[    6.366013] systemd[1]: Reached target Swaps.
[[0;32m  OK  [0m] Reached target [0;1;39mSwaps[0m.
[    6.366762] systemd[1]: Reached target Local Verity Protected Volumes.
[[0;32m  OK  [0m] Reached target [0;1;39mLocal Verity Protected Volumes[0m.
[    6.368059] systemd[1]: Listening on Device-mapper event daemon FIFOs.
[[0;32m  OK  [0m] Listening on [0;1;39mDevice-mapper event daemon FIFOs[0m.
[    6.369765] systemd[1]: Listening on LVM2 poll daemon socket.
[[0;32m  OK  [0m] Listening on [0;1;39mLVM2 poll daemon socket[0m.
[    6.370830] systemd[1]: multipathd control socket was skipped because of an unmet condition check (ConditionPathExists=/etc/multipath.conf).
[    6.419164] systemd[1]: Listening on RPCbind Server Activation Socket.
[[0;32m  OK  [0m] Listening on [0;1;39mRPCbind Server Activation Socket[0m.
[    6.421231] systemd[1]: Reached target RPC Port Mapper.
[[0;32m  OK  [0m] Reached target [0;1;39mRPC Port Mapper[0m.
[    6.426701] systemd[1]: Listening on Process Core Dump Socket.
[[0;32m  OK  [0m] Listening on [0;1;39mProcess Core Dump Socket[0m.
[    6.429182] systemd[1]: Listening on initctl Compatibility Named Pipe.
[[0;32m  OK  [0m] Listening on [0;1;39minitctl Compatibility Named Pipe[0m.
[    6.432296] systemd[1]: Listening on Journal Socket (/dev/log).
[[0;32m  OK  [0m] Listening on [0;1;39mJournal Socket (/dev/log)[0m.
[    6.434752] systemd[1]: Listening on Journal Socket.
[[0;32m  OK  [0m] Listening on [0;1;39mJournal Socket[0m.
[    6.437404] systemd[1]: Listening on udev Control Socket.
[[0;32m  OK  [0m] Listening on [0;1;39mudev Control Socket[0m.
[    6.438892] systemd[1]: Listening on udev Kernel Socket.
[[0;32m  OK  [0m] Listening on [0;1;39mudev Kernel Socket[0m.
[    6.466052] systemd[1]: Mounting Huge Pages File System...
         Mounting [0;1;39mHuge Pages File System[0m...
[    6.473045] systemd[1]: Mounting POSIX Message Queue File System...
         Mounting [0;1;39mPOSIX Message Queue File System[0m...
[    6.487719] systemd[1]: Mounting Kernel Debug File System...
         Mounting [0;1;39mKernel Debug File System[0m...
[    6.499022] systemd[1]: Mounting Kernel Trace File System...
         Mounting [0;1;39mKernel Trace File System[0m...
[    6.501568] systemd[1]: Kernel Module supporting RPCSEC_GSS was skipped because of an unmet condition check (ConditionPathExists=/etc/krb5.keytab).
[    6.503084] systemd[1]: Create List of Static Device Nodes was skipped because of an unmet condition check (ConditionFileNotEmpty=/lib/modules/6.19.0-rc3-7349f35d4eee+/modules.devname).
[    6.511115] systemd[1]: Starting Monitoring of LVM2 mirrors, snapshots etc. using dmeventd or progress polling...
         Starting [0;1;39mMonitoring of LVM…meventd or progress polling[0m...
[    6.518711] systemd[1]: Starting Load Kernel Module configfs...
         Starting [0;1;39mLoad Kernel Module configfs[0m...
[    6.536759] systemd[1]: Starting Load Kernel Module drm...
         Starting [0;1;39mLoad Kernel Module drm[0m...
[    6.549557] systemd[1]: Starting Load Kernel Module fuse...
         Starting [0;1;39mLoad Kernel Module fuse[0m...
[    6.566108] systemd[1]: Starting Read and set NIS domainname from /etc/sysconfig/network...
         Starting [0;1;39mRead and set NIS …from /etc/sysconfig/network[0m...
[    6.578695] systemd[1]: Starting Journal Service...
         Starting [0;1;39mJournal Service[0m...
[    6.597269] systemd[1]: Starting Load Kernel Modules...
         Starting [0;1;39mLoad Kernel Modules[0m...
[    6.610820] systemd[1]: Starting Generate network units from Kernel command line...
         Starting [0;1;39mGenerate network …ts from Kernel command line[0m...
[    6.646883] systemd[1]: Starting Remount Root and Kernel File Systems...
         Starting [0;1;39mRemount Root and Kernel File Systems[0m...
[    6.649250] systemd[1]: Repartition Root Disk was skipped because no trigger condition checks were met.
[    6.657501] systemd[1]: Starting Coldplug All udev Devices...
         Starting [0;1;39mColdplug All udev Devices[0m...
[    6.681951] systemd[1]: Mounted Huge Pages File System.
[[0;32m  OK  [0m] Mounted [0;1;39mHuge Pages File System[0m.
[    6.685638] systemd[1]: Mounted POSIX Message Queue File System.
[[0;32m  OK  [0m] Mounted [0;1;39mPOSIX Message Queue File System[0m.
[    6.687020] systemd[1]: Mounted Kernel Debug File System.
[[0;32m  OK  [0m] Mounted [0;1;39mKernel Debug File System[0m.
[    6.689417] systemd[1]: Mounted Kernel Trace File System.
[[0;32m  OK  [0m] Mounted [0;1;39mKernel Trace File System[0m.
[    6.697064] systemd[1]: Finished Monitoring of LVM2 mirrors, snapshots etc. using dmeventd or progress polling.
[[0;32m  OK  [0m] Finished [0;1;39mMonitoring of LVM… dmeventd or progress polling[0m.
[    6.700276] systemd[1]: modprobe@configfs.service: Deactivated successfully.
[    6.706027] systemd[1]: Finished Load Kernel Module configfs.
[[0;32m  OK  [0m] Finished [0;1;39mLoad Kernel Module configfs[0m.
[    6.708461] systemd[1]: modprobe@drm.service: Deactivated successfully.
[    6.714347] systemd[1]: Finished Load Kernel Module drm.
[[0;32m  OK  [0m] Finished [0;1;39mLoad Kernel Module drm[0m.
[    6.718386] systemd[1]: modprobe@fuse.service: Deactivated successfully.
[    6.721953] systemd[1]: Finished Load Kernel Module fuse.
[[0;32m  OK  [0m] Finished [0;1;39mLoad Kernel Module fuse[0m.
[    6.729037] systemd[1]: Finished Read and set NIS domainname from /etc/sysconfig/network.
[[0;32m  OK  [0m] Finished [0;1;39mRead and set NIS …e from /etc/sysconfig/network[0m.
[    6.733562] systemd[1]: systemd-modules-load.service: Main process exited, code=exited, status=1/FAILURE
[    6.734834] systemd[1]: systemd-modules-load.service: Failed with result 'exit-code'.
[    6.737936] systemd[1]: Failed to start Load Kernel Modules.
[[0;1;31mFAILED[0m] Failed to start [0;1;39mLoad Kernel Modules[0m.
See 'systemctl status systemd-modules-load.service' for details.
[    6.744434] systemd[1]: Finished Generate network units from Kernel command line.
[[0;32m  OK  [0m] Finished [0;1;39mGenerate network units from Kernel command line[0m.
[    6.750898] systemd[1]: Reached target Preparation for Network.
[[0;32m  OK  [0m] Reached target [0;1;39mPreparation for Network[0m.
[    6.753042] EXT4-fs (sda): re-mounted 088740a9-c8b4-422c-999d-a804eb68a4da r/w.
[    6.766084] systemd[1]: Mounting FUSE Control File System...
         Mounting [0;1;39mFUSE Control File System[0m...
[    6.781752] systemd[1]: Mounting Kernel Configuration File System...
         Mounting [0;1;39mKernel Configuration File System[0m...
[    6.818134] systemd[1]: Starting Apply Kernel Variables...
         Starting [0;1;39mApply Kernel Variables[0m...
[    6.826529] systemd[1]: Started Journal Service.
[[0;32m  OK  [0m] Started [0;1;39mJournal Service[0m.
[[0;32m  OK  [0m] Finished [0;1;39mRemount Root and Kernel File Systems[0m.
[[0;32m  OK  [0m] Mounted [0;1;39mFUSE Control File System[0m.
[[0;32m  OK  [0m] Mounted [0;1;39mKernel Configuration File System[0m.
         Starting [0;1;39mFlush Journal to Persistent Storage[0m...
         Starting [0;1;39mLoad/Save Random Seed[0m...
[    6.899663] systemd-journald[144]: Received client request to flush runtime journal.
         Starting [0;1;39mCreate Static Device Nodes in /dev[0m...
         Starting [0;1;39mSetup Virtual Console[0m...
[[0;32m  OK  [0m] Finished [0;1;39mApply Kernel Variables[0m.
[[0;32m  OK  [0m] Finished [0;1;39mFlush Journal to Persistent Storage[0m.
[[0;32m  OK  [0m] Finished [0;1;39mLoad/Save Random Seed[0m.
[[0;32m  OK  [0m] Finished [0;1;39mCreate Static Device Nodes in /dev[0m.
         Starting [0;1;39mRule-based Manage…for Device Events and Files[0m...
[[0;32m  OK  [0m] Started [0;1;39mRule-based Manager for Device Events and Files[0m.
         Starting [0;1;39mAuto-connect to s…E devices found during boot[0m...
[[0;32m  OK  [0m] Finished [0;1;39mSetup Virtual Console[0m.
[[0;32m  OK  [0m] Finished [0;1;39mAuto-connect to s…VME devices found during boot[0m.
[[0;32m  OK  [0m] Finished [0;1;39mColdplug All udev Devices[0m.
[[0;32m  OK  [0m] Started [0;1;39mDispatch Password …ts to Console Directory Watch[0m.
[[0;32m  OK  [0m] Reached target [0;1;39mLocal Encrypted Volumes[0m.
[[0;32m  OK  [0m] Reached target [0;1;39mPath Units[0m.
         Starting [0;1;39mWait for udev To …plete Device Initialization[0m...
[[0;32m  OK  [0m] Found device [0;1;39m/dev/ttyS0[0m.
[[0;32m  OK  [0m] Listening on [0;1;39mLoad/Save RF …itch Status /dev/rfkill Watch[0m.
[[0;32m  OK  [0m] Finished [0;1;39mWait for udev To Complete Device Initialization[0m.
[[0;32m  OK  [0m] Reached target [0;1;39mPreparation for Local File Systems[0m.
[[0;32m  OK  [0m] Reached target [0;1;39mLocal File Systems[0m.
         Starting [0;1;39mTell Plymouth To Write Out Runtime Data[0m...
         Starting [0;1;39mAutomatic Boot Loader Update[0m...
         Starting [0;1;39mCreate Volatile Files and Directories[0m...
[[0;32m  OK  [0m] Finished [0;1;39mTell Plymouth To Write Out Runtime Data[0m.
[[0;32m  OK  [0m] Finished [0;1;39mAutomatic Boot Loader Update[0m.
[[0;32m  OK  [0m] Finished [0;1;39mCreate Volatile Files and Directories[0m.
         Mounting [0;1;39mRPC Pipe File System[0m...
         Starting [0;1;39mSecurity Auditing Service[0m...
         Starting [0;1;39mRPC Bind[0m...
[[0;32m  OK  [0m] Mounted [0;1;39mRPC Pipe File System[0m.
[[0;32m  OK  [0m] Reached target [0;1;39mrpc_pipefs.target[0m.
[[0;32m  OK  [0m] Started [0;1;39mRPC Bind[0m.
[[0;32m  OK  [0m] Started [0;1;39mSecurity Auditing Service[0m.
         Starting [0;1;39mRecord System Boot/Shutdown in UTMP[0m...
[[0;32m  OK  [0m] Finished [0;1;39mRecord System Boot/Shutdown in UTMP[0m.
[[0;32m  OK  [0m] Reached target [0;1;39mSystem Initialization[0m.
[[0;32m  OK  [0m] Started [0;1;39mDaily rotation of log files[0m.
[[0;32m  OK  [0m] Started [0;1;39mUpdates mlocate database every day[0m.
[[0;32m  OK  [0m] Started [0;1;39mDaily Cleanup of Temporary Directories[0m.
[[0;32m  OK  [0m] Started [0;1;39mdaily update of the root trust anchor for DNSSEC[0m.
[[0;32m  OK  [0m] Reached target [0;1;39mTimer Units[0m.
[[0;32m  OK  [0m] Listening on [0;1;39mD-Bus System Message Bus Socket[0m.
[[0;32m  OK  [0m] Listening on [0;1;39mOpen-iSCSI iscsid Socket[0m.
[[0;32m  OK  [0m] Listening on [0;1;39mOpen-iSCSI iscsiuio Socket[0m.
[[0;32m  OK  [0m] Listening on [0;1;39mSSSD Kerberos…ache Manager responder socket[0m.
[[0;32m  OK  [0m] Listening on [0;1;39mLibvirt interface local socket[0m.
[[0;32m  OK  [0m] Listening on [0;1;39mVirtual machine lock manager socket[0m.
[[0;32m  OK  [0m] Listening on [0;1;39mVirtual machine log manager socket[0m.
[[0;32m  OK  [0m] Listening on [0;1;39mLibvirt network local socket[0m.
[[0;32m  OK  [0m] Listening on [0;1;39mLibvirt nodedev local socket[0m.
[[0;32m  OK  [0m] Listening on [0;1;39mLibvirt nwfilter local socket[0m.
[[0;32m  OK  [0m] Listening on [0;1;39mLibvirt proxy local socket[0m.
[[0;32m  OK  [0m] Listening on [0;1;39mLibvirt qemu local socket[0m.
[[0;32m  OK  [0m] Listening on [0;1;39mLibvirt qemu admin socket[0m.
[[0;32m  OK  [0m] Listening on [0;1;39mLibvirt qemu local read-only socket[0m.
[[0;32m  OK  [0m] Listening on [0;1;39mLibvirt secret local socket[0m.
[[0;32m  OK  [0m] Listening on [0;1;39mLibvirt storage local socket[0m.
[[0;32m  OK  [0m] Reached target [0;1;39mSocket Units[0m.
         Starting [0;1;39mD-Bus System Message Bus[0m...
[[0;32m  OK  [0m] Started [0;1;39mD-Bus System Message Bus[0m.
[[0;32m  OK  [0m] Reached target [0;1;39mBasic System[0m.
         Starting [0;1;39mNetwork Manager[0m...
         Starting [0;1;39mNTP client/server[0m...
         Starting [0;1;39mRestore /run/initramfs on shutdown[0m...
[[0;32m  OK  [0m] Started [0;1;39mirqbalance daemon[0m.
[[0;32m  OK  [0m] Started [0;1;39mlibstoragemgmt plug-in server daemon[0m.
[[0;32m  OK  [0m] Started [0;1;39mMachine Check Exception Logging Daemon[0m.
[[0;32m  OK  [0m] Reached target [0;1;39msshd-keygen.target[0m.
[[0;32m  OK  [0m] Reached target [0;1;39mUser and Group Name Lookups[0m.
         Starting [0;1;39mUser Login Management[0m...
         Starting [0;1;39mVirtual Machine a…tainer Registration Service[0m...
         Starting [0;1;39mupdate of the roo…NSSEC validation in unbound[0m...
         Starting [0;1;39mRotate log files[0m...
[[0;32m  OK  [0m] Started [0;1;39mUpdate a database for mlocate[0m.
[[0;32m  OK  [0m] Started [0;1;39mNTP client/server[0m.
[[0;32m  OK  [0m] Finished [0;1;39mRestore /run/initramfs on shutdown[0m.
[[0;32m  OK  [0m] Started [0;1;39mVirtual Machine an…ontainer Registration Service[0m.
         Starting [0;1;39mHostname Service[0m...
[[0;32m  OK  [0m] Finished [0;1;39mupdate of the roo… DNSSEC validation in unbound[0m.
[[0;32m  OK  [0m] Started [0;1;39mUser Login Management[0m.
[[0;32m  OK  [0m] Started [0;1;39mHostname Service[0m.
         Starting [0;1;39mNetwork Manager Script Dispatcher Service[0m...
[[0;32m  OK  [0m] Started [0;1;39mNetwork Manager Script Dispatcher Service[0m.
[[0;32m  OK  [0m] Finished [0;1;39mRotate log files[0m.
[   10.517172] e1000: eth0 NIC Link is Up 1000 Mbps Full Duplex, Flow Control: RX
[[0;32m  OK  [0m] Started [0;1;39mNetwork Manager[0m.
[[0;32m  OK  [0m] Reached target [0;1;39mNetwork[0m.
[[0;32m  OK  [0m] Reached target [0;1;39mNetwork is Online[0m.
         Starting [0;1;39mGSSAPI Proxy Daemon[0m...
         Starting [0;1;39mNotify NFS peers of a restart[0m...
         Starting [0;1;39mSystem Logging Service[0m...
         Starting [0;1;39mOpenSSH server daemon[0m...
         Starting [0;1;39mDynamic System Tuning Daemon[0m...
[[0;32m  OK  [0m] Started [0;1;39mNotify NFS peers of a restart[0m.
[[0;32m  OK  [0m] Started [0;1;39mGSSAPI Proxy Daemon[0m.
[[0;32m  OK  [0m] Started [0;1;39mOpenSSH server daemon[0m.
[[0;32m  OK  [0m] Reached target [0;1;39mNFS client services[0m.
[[0;32m  OK  [0m] Reached target [0;1;39mPreparation for Remote File Systems[0m.
[[0;32m  OK  [0m] Reached target [0;1;39mRemote File Systems[0m.
         Starting [0;1;39mPermit User Sessions[0m...
         Starting [0;1;39mVirtualization qemu daemon[0m...
[[0;32m  OK  [0m] Started [0;1;39mSystem Logging Service[0m.
[[0;32m  OK  [0m] Finished [0;1;39mPermit User Sessions[0m.
[[0;32m  OK  [0m] Started [0;1;39mDeferred execution scheduler[0m.
[[0;32m  OK  [0m] Started [0;1;39mCommand Scheduler[0m.
         Starting [0;1;39mHold until boot process finishes up[0m...
         Starting [0;1;39mTerminate Plymouth Boot Screen[0m...
[[0;32m  OK  [0m] Started [0;1;39mVirtualization qemu daemon[0m.
[[0;32m  OK  [0m] Finished [0;1;39mHold until boot process finishes up[0m.
[[0;32m  OK  [0m] Finished [0;1;39mTerminate Plymouth Boot Screen[0m.
[[0;32m  OK  [0m] Started [0;1;39mGetty on tty1[0m.
[[0;32m  OK  [0m] Started [0;1;39mSerial Getty on ttyS0[0m.
[[0;32m  OK  [0m] Reached target [0;1;39mLogin Prompts[0m.
         Starting [0;1;39mAuthorization Manager[0m...
[[0;32m  OK  [0m] Started [0;1;39mAuthorization Manager[0m.
[[0;32m  OK  [0m] Started [0;1;39mDynamic System Tuning Daemon[0m.
[[0;32m  OK  [0m] Reached target [0;1;39mMulti-User System[0m.
         Starting [0;1;39mRecord Runlevel Change in UTMP[0m...
[[0;32m  OK  [0m] Finished [0;1;39mRecord Runlevel Change in UTMP[0m.

CentOS Stream 9
Kernel 6.19.0-rc3-7349f35d4eee+ on an x86_64

Activate the web console with: systemctl enable --now cockpit.socket

test login: [   19.425028] Adding 124996k swap on ./swap-file.  Priority:0 extents:1 across:124996k 
[   19.513184] Adding 124996k swap on ./swap-file.  Priority:0 extents:1 across:124996k 
[   19.594679] Adding 124996k swap on ./swap-file.  Priority:0 extents:1 across:124996k 
[   19.667864] Adding 124996k swap on ./swap-file.  Priority:0 extents:1 across:124996k 
[   19.748402] Adding 124996k swap on ./swap-file.  Priority:0 extents:1 across:124996k 
[   19.838301] Adding 124996k swap on ./swap-file.  Priority:0 extents:1 across:124996k 
[   19.912566] Adding 124996k swap on ./swap-file.  Priority:0 extents:1 across:124996k 
[   19.975223] Adding 124996k swap on ./swap-file.  Priority:0 extents:1 across:124996k 
[   20.039104] Adding 124996k swap on ./swap-file.  Priority:0 extents:1 across:124996k 
[   20.110823] Adding 124996k swap on ./swap-file.  Priority:0 extents:1 across:124996k 
[   20.173773] Adding 124996k swap on ./swap-file.  Priority:0 extents:1 across:124996k 
[   20.241924] Adding 124996k swap on ./swap-file.  Priority:0 extents:1 across:124996k 
[   20.314084] Adding 124996k swap on ./swap-file.  Priority:0 extents:1 across:124996k 
[   20.380589] Adding 124996k swap on ./swap-file.  Priority:0 extents:1 across:124996k 
[   20.459935] Adding 124996k swap on ./swap-file.  Priority:0 extents:1 across:124996k 
[   20.522864] Adding 124996k swap on ./swap-file.  Priority:0 extents:1 across:124996k 
[   20.586998] Adding 124996k swap on ./swap-file.  Priority:0 extents:1 across:124996k 
[   20.659705] Adding 124996k swap on ./swap-file.  Priority:0 extents:1 across:124996k 
[   20.726875] Adding 124996k swap on ./swap-file.  Priority:0 extents:1 across:124996k 
[   20.791962] Adding 124996k swap on ./swap-file.  Priority:0 extents:1 across:124996k 
[   20.859005] Adding 124996k swap on ./swap-file.  Priority:0 extents:1 across:124996k 
[   20.922937] Adding 124996k swap on ./swap-file.  Priority:0 extents:1 across:124996k 
[   20.984715] Adding 124996k swap on ./swap-file.  Priority:0 extents:1 across:124996k 
[   21.041889] Adding 124996k swap on ./swap-file.  Priority:0 extents:1 across:124996k 
[   21.103122] Adding 124996k swap on ./swap-file.  Priority:0 extents:1 across:124996k 
[   21.180479] Adding 124996k swap on ./swap-file.  Priority:0 extents:1 across:124996k 
[   21.248504] Adding 124996k swap on ./swap-file.  Priority:0 extents:1 across:124996k 
[   21.324339] Adding 124996k swap on ./swap-file.  Priority:0 extents:1 across:124996k 
[   21.390781] Adding 124996k swap on ./swap-file.  Priority:0 extents:1 across:124996k 
[   21.467502] Adding 124996k swap on ./swap-file.  Priority:0 extents:1 across:124996k 
[   21.556231] Adding 124996k swap on ./swap-file.  Priority:0 extents:1 across:124996k 
[   21.621532] Adding 124996k swap on ./swap-file.  Priority:0 extents:1 across:124996k 
[   21.696776] Adding 124996k swap on ./swap-file.  Priority:0 extents:1 across:124996k 
[   21.767854] Adding 124996k swap on ./swap-file.  Priority:0 extents:1 across:124996k 
[   21.836555] Adding 124996k swap on ./swap-file.  Priority:0 extents:1 across:124996k 
[   21.919737] Adding 124996k swap on ./swap-file.  Priority:0 extents:1 across:124996k 
[   21.983912] Adding 124996k swap on ./swap-file.  Priority:0 extents:1 across:124996k 
[   22.061821] Adding 124996k swap on ./swap-file.  Priority:0 extents:1 across:124996k 
[   22.132686] Adding 124996k swap on ./swap-file.  Priority:0 extents:1 across:124996k 
[   22.193810] Adding 124996k swap on ./swap-file.  Priority:0 extents:1 across:124996k 
[   22.267691] Adding 124996k swap on ./swap-file.  Priority:0 extents:1 across:124996k 
[   22.338272] Adding 124996k swap on ./swap-file.  Priority:0 extents:1 across:124996k 
[   22.409194] Adding 124996k swap on ./swap-file.  Priority:0 extents:1 across:124996k 
[   22.490001] Adding 124996k swap on ./swap-file.  Priority:0 extents:1 across:124996k 
[   22.594782] Adding 124996k swap on ./swap-file.  Priority:0 extents:1 across:124996k 
[   22.672201] Adding 124996k swap on ./swap-file.  Priority:0 extents:1 across:124996k 
[   22.747182] Adding 124996k swap on ./swap-file.  Priority:0 extents:1 across:124996k 
[   22.811061] Adding 124996k swap on ./swap-file.  Priority:0 extents:1 across:124996k 
[   22.872227] Adding 124996k swap on ./swap-file.  Priority:0 extents:1 across:124996k 
[   22.938844] Adding 124996k swap on ./swap-file.  Priority:0 extents:1 across:124996k 
[   23.004457] Adding 124996k swap on ./swap-file.  Priority:0 extents:1 across:124996k 
[   23.077054] Adding 124996k swap on ./swap-file.  Priority:0 extents:1 across:124996k 
[   23.139804] Adding 124996k swap on ./swap-file.  Priority:0 extents:1 across:124996k 
[   23.208548] Adding 124996k swap on ./swap-file.  Priority:0 extents:1 across:124996k 
[   23.276451] Adding 124996k swap on ./swap-file.  Priority:0 extents:1 across:124996k 
[   23.340695] Adding 124996k swap on ./swap-file.  Priority:0 extents:1 across:124996k 
[   23.411764] Adding 124996k swap on ./swap-file.  Priority:0 extents:1 across:124996k 
[   23.482756] Adding 124996k swap on ./swap-file.  Priority:0 extents:1 across:124996k 
[   23.554868] Adding 124996k swap on ./swap-file.  Priority:0 extents:1 across:124996k 
[   23.614211] Adding 124996k swap on ./swap-file.  Priority:0 extents:1 across:124996k 
[   23.680634] Adding 124996k swap on ./swap-file.  Priority:0 extents:1 across:124996k 
[   23.745195] Adding 124996k swap on ./swap-file.  Priority:0 extents:1 across:124996k 
[   23.807070] Adding 124996k swap on ./swap-file.  Priority:0 extents:1 across:124996k 
[   23.871657] Adding 124996k swap on ./swap-file.  Priority:0 extents:1 across:124996k 
[   23.940172] Adding 124996k swap on ./swap-file.  Priority:0 extents:1 across:124996k 
[   24.008024] Adding 124996k swap on ./swap-file.  Priority:0 extents:1 across:124996k 
[   24.075047] Adding 124996k swap on ./swap-file.  Priority:0 extents:1 across:124996k 
[   24.139708] Adding 124996k swap on ./swap-file.  Priority:0 extents:1 across:124996k 
[   24.198845] Adding 124996k swap on ./swap-file.  Priority:0 extents:1 across:124996k 
[   24.263996] Adding 124996k swap on ./swap-file.  Priority:0 extents:1 across:124996k 
[   24.327785] Adding 124996k swap on ./swap-file.  Priority:0 extents:1 across:124996k 
[   24.395160] Adding 124996k swap on ./swap-file.  Priority:0 extents:1 across:124996k 
[   24.482357] Adding 124996k swap on ./swap-file.  Priority:0 extents:1 across:124996k 
[   24.550106] Adding 124996k swap on ./swap-file.  Priority:0 extents:1 across:124996k 
[   24.615884] Adding 124996k swap on ./swap-file.  Priority:0 extents:1 across:124996k 
[   24.680387] Adding 124996k swap on ./swap-file.  Priority:0 extents:1 across:124996k 
[   24.740687] Adding 124996k swap on ./swap-file.  Priority:0 extents:1 across:124996k 
[   24.815735] Adding 124996k swap on ./swap-file.  Priority:0 extents:1 across:124996k 
[   24.888662] Adding 124996k swap on ./swap-file.  Priority:0 extents:1 across:124996k 
[   24.968671] Adding 124996k swap on ./swap-file.  Priority:0 extents:1 across:124996k 
[   25.039915] Adding 124996k swap on ./swap-file.  Priority:0 extents:1 across:124996k 
[   25.105826] Adding 124996k swap on ./swap-file.  Priority:0 extents:1 across:124996k 
[   25.182422] Adding 124996k swap on ./swap-file.  Priority:0 extents:1 across:124996k 
[   25.249881] Adding 124996k swap on ./swap-file.  Priority:0 extents:1 across:124996k 
[   25.318926] Adding 124996k swap on ./swap-file.  Priority:0 extents:1 across:124996k 
[   25.388166] Adding 124996k swap on ./swap-file.  Priority:0 extents:1 across:124996k 
[   25.456615] Adding 124996k swap on ./swap-file.  Priority:0 extents:1 across:124996k 
[   25.520077] Adding 124996k swap on ./swap-file.  Priority:0 extents:1 across:124996k 
[   25.596536] Adding 124996k swap on ./swap-file.  Priority:0 extents:1 across:124996k 
[   25.668550] Adding 124996k swap on ./swap-file.  Priority:0 extents:1 across:124996k 
[   25.734892] Adding 124996k swap on ./swap-file.  Priority:0 extents:1 across:124996k 
[   25.802901] Adding 124996k swap on ./swap-file.  Priority:0 extents:1 across:124996k 
[   25.869176] Adding 124996k swap on ./swap-file.  Priority:0 extents:1 across:124996k 
[   25.930483] Adding 124996k swap on ./swap-file.  Priority:0 extents:1 across:124996k 
[   25.996185] Adding 124996k swap on ./swap-file.  Priority:0 extents:1 across:124996k 
[   26.065693] Adding 124996k swap on ./swap-file.  Priority:0 extents:1 across:124996k 
[   26.127990] Adding 124996k swap on ./swap-file.  Priority:0 extents:1 across:124996k 
[   26.204229] Adding 124996k swap on ./swap-file.  Priority:0 extents:1 across:124996k 
[   26.270882] Adding 124996k swap on ./swap-file.  Priority:0 extents:1 across:124996k 
[   26.348214] Adding 124996k swap on ./swap-file.  Priority:0 extents:1 across:124996k 
[   26.419553] Adding 124996k swap on ./swap-file.  Priority:0 extents:1 across:124996k 
[   26.482970] Adding 124996k swap on ./swap-file.  Priority:0 extents:1 across:124996k 
[   26.547879] Adding 124996k swap on ./swap-file.  Priority:0 extents:1 across:124996k 
[   26.633125] Adding 124996k swap on ./swap-file.  Priority:0 extents:1 across:124996k 
[   26.706668] Adding 124996k swap on ./swap-file.  Priority:0 extents:1 across:124996k 
[   26.775298] Adding 124996k swap on ./swap-file.  Priority:0 extents:1 across:124996k 
[   26.838734] Adding 124996k swap on ./swap-file.  Priority:0 extents:1 across:124996k 
[   26.902749] Adding 124996k swap on ./swap-file.  Priority:0 extents:1 across:124996k 
[   26.977078] Adding 124996k swap on ./swap-file.  Priority:0 extents:1 across:124996k 
[   27.053921] Adding 124996k swap on ./swap-file.  Priority:0 extents:1 across:124996k 
[   27.141759] Adding 124996k swap on ./swap-file.  Priority:0 extents:1 across:124996k 
[   27.198024] Adding 124996k swap on ./swap-file.  Priority:0 extents:1 across:124996k 
[   27.268669] Adding 124996k swap on ./swap-file.  Priority:0 extents:1 across:124996k 
[   27.340620] Adding 124996k swap on ./swap-file.  Priority:0 extents:1 across:124996k 
[   27.424816] Adding 124996k swap on ./swap-file.  Priority:0 extents:1 across:124996k 
[   27.490029] Adding 124996k swap on ./swap-file.  Priority:0 extents:1 across:124996k 
[   27.563485] Adding 124996k swap on ./swap-file.  Priority:0 extents:1 across:124996k 
[   27.627815] Adding 124996k swap on ./swap-file.  Priority:0 extents:1 across:124996k 
[   27.716465] Adding 124996k swap on ./swap-file.  Priority:0 extents:1 across:124996k 
[   27.796371] Adding 124996k swap on ./swap-file.  Priority:0 extents:1 across:124996k 
[   27.874877] Adding 124996k swap on ./swap-file.  Priority:0 extents:1 across:124996k 
[   27.944679] Adding 124996k swap on ./swap-file.  Priority:0 extents:1 across:124996k 
[   28.009490] Adding 124996k swap on ./swap-file.  Priority:0 extents:1 across:124996k 
[   28.091020] Adding 124996k swap on ./swap-file.  Priority:0 extents:1 across:124996k 
[   28.192145] Adding 124996k swap on ./swap-file.  Priority:0 extents:1 across:124996k 
[   28.264991] Adding 124996k swap on ./swap-file.  Priority:0 extents:1 across:124996k 
[   28.349429] Adding 124996k swap on ./swap-file.  Priority:0 extents:1 across:124996k 
[   28.437695] Adding 124996k swap on ./swap-file.  Priority:0 extents:1 across:124996k 
[   28.510105] Adding 124996k swap on ./swap-file.  Priority:0 extents:1 across:124996k 
[   28.582446] Adding 124996k swap on ./swap-file.  Priority:0 extents:1 across:124996k 
[   28.648421] Adding 124996k swap on ./swap-file.  Priority:0 extents:1 across:124996k 
[   28.721554] Adding 124996k swap on ./swap-file.  Priority:0 extents:1 across:124996k 
[   28.808089] Adding 124996k swap on ./swap-file.  Priority:0 extents:1 across:124996k 
[   28.871287] Adding 124996k swap on ./swap-file.  Priority:0 extents:1 across:124996k 
[   28.937065] Adding 124996k swap on ./swap-file.  Priority:0 extents:1 across:124996k 
[   29.012821] Adding 124996k swap on ./swap-file.  Priority:0 extents:1 across:124996k 
[   29.116029] Adding 124996k swap on ./swap-file.  Priority:0 extents:1 across:124996k 
[   29.184424] Adding 124996k swap on ./swap-file.  Priority:0 extents:1 across:124996k 
[   29.248196] Adding 124996k swap on ./swap-file.  Priority:0 extents:1 across:124996k 
[   29.311221] Adding 124996k swap on ./swap-file.  Priority:0 extents:1 across:124996k 
[   29.375776] Adding 124996k swap on ./swap-file.  Priority:0 extents:1 across:124996k 
[   29.443741] Adding 124996k swap on ./swap-file.  Priority:0 extents:1 across:124996k 
[   29.511033] Adding 124996k swap on ./swap-file.  Priority:0 extents:1 across:124996k 
[   29.585845] Adding 124996k swap on ./swap-file.  Priority:0 extents:1 across:124996k 
[   29.646606] Adding 124996k swap on ./swap-file.  Priority:0 extents:1 across:124996k 
[   29.713092] Adding 124996k swap on ./swap-file.  Priority:0 extents:1 across:124996k 
[   29.779871] Adding 124996k swap on ./swap-file.  Priority:0 extents:1 across:124996k 
[   29.843010] Adding 124996k swap on ./swap-file.  Priority:0 extents:1 across:124996k 
[   29.911244] Adding 124996k swap on ./swap-file.  Priority:0 extents:1 across:124996k 
[   29.980805] Adding 124996k swap on ./swap-file.  Priority:0 extents:1 across:124996k 
[   30.044562] Adding 124996k swap on ./swap-file.  Priority:0 extents:1 across:124996k 
[   30.116817] Adding 124996k swap on ./swap-file.  Priority:0 extents:1 across:124996k 
[   30.186760] Adding 124996k swap on ./swap-file.  Priority:0 extents:1 across:124996k 
[   30.253875] Adding 124996k swap on ./swap-file.  Priority:0 extents:1 across:124996k 
[   30.331092] Adding 124996k swap on ./swap-file.  Priority:0 extents:1 across:124996k 
[   30.394956] Adding 124996k swap on ./swap-file.  Priority:0 extents:1 across:124996k 
[   30.467547] Adding 124996k swap on ./swap-file.  Priority:0 extents:1 across:124996k 
[   30.535747] Adding 124996k swap on ./swap-file.  Priority:0 extents:1 across:124996k 
[   30.604660] Adding 124996k swap on ./swap-file.  Priority:0 extents:1 across:124996k 
[   30.666999] Adding 124996k swap on ./swap-file.  Priority:0 extents:1 across:124996k 
[   30.739461] Adding 124996k swap on ./swap-file.  Priority:0 extents:1 across:124996k 
[   30.804183] Adding 124996k swap on ./swap-file.  Priority:0 extents:1 across:124996k 
[   30.864459] Adding 124996k swap on ./swap-file.  Priority:0 extents:1 across:124996k 
[   30.927683] Adding 124996k swap on ./swap-file.  Priority:0 extents:1 across:124996k 
[   30.999446] Adding 124996k swap on ./swap-file.  Priority:0 extents:1 across:124996k 
[   31.066024] Adding 124996k swap on ./swap-file.  Priority:0 extents:1 across:124996k 
[   31.142428] Adding 124996k swap on ./swap-file.  Priority:0 extents:1 across:124996k 
[   31.214503] Adding 124996k swap on ./swap-file.  Priority:0 extents:1 across:124996k 
[   31.281145] Adding 124996k swap on ./swap-file.  Priority:0 extents:1 across:124996k 
[   31.340665] Adding 124996k swap on ./swap-file.  Priority:0 extents:1 across:124996k 
[   31.406872] Adding 124996k swap on ./swap-file.  Priority:0 extents:1 across:124996k 
[   31.482570] Adding 124996k swap on ./swap-file.  Priority:0 extents:1 across:124996k 
[   31.549597] Adding 124996k swap on ./swap-file.  Priority:0 extents:1 across:124996k 
[   31.633267] Adding 124996k swap on ./swap-file.  Priority:0 extents:1 across:124996k 
[   31.722264] Adding 124996k swap on ./swap-file.  Priority:0 extents:1 across:124996k 
[   31.797235] Adding 124996k swap on ./swap-file.  Priority:0 extents:1 across:124996k 
[   31.868227] Adding 124996k swap on ./swap-file.  Priority:0 extents:1 across:124996k 
[   31.937020] Adding 124996k swap on ./swap-file.  Priority:0 extents:1 across:124996k 
[   32.004401] Adding 124996k swap on ./swap-file.  Priority:0 extents:1 across:124996k 
[   32.068181] Adding 124996k swap on ./swap-file.  Priority:0 extents:1 across:124996k 
[   32.128013] Adding 124996k swap on ./swap-file.  Priority:0 extents:1 across:124996k 
[   32.196007] Adding 124996k swap on ./swap-file.  Priority:0 extents:1 across:124996k 
[   32.270002] Adding 124996k swap on ./swap-file.  Priority:0 extents:1 across:124996k 
[   32.345853] Adding 124996k swap on ./swap-file.  Priority:0 extents:1 across:124996k 
[   32.417598] Adding 124996k swap on ./swap-file.  Priority:0 extents:1 across:124996k 
[   32.510019] Adding 124996k swap on ./swap-file.  Priority:0 extents:1 across:124996k 
[   32.587974] Adding 124996k swap on ./swap-file.  Priority:0 extents:1 across:124996k 
[   32.655084] Adding 124996k swap on ./swap-file.  Priority:0 extents:1 across:124996k 
[   32.724778] Adding 124996k swap on ./swap-file.  Priority:0 extents:1 across:124996k 
[   32.802147] Adding 124996k swap on ./swap-file.  Priority:0 extents:1 across:124996k 
[   32.885651] Adding 124996k swap on ./swap-file.  Priority:0 extents:1 across:124996k 
[   32.957175] Adding 124996k swap on ./swap-file.  Priority:0 extents:1 across:124996k 
[   33.028738] Adding 124996k swap on ./swap-file.  Priority:0 extents:1 across:124996k 
[   33.103039] Adding 124996k swap on ./swap-file.  Priority:0 extents:1 across:124996k 
[   33.169680] Adding 124996k swap on ./swap-file.  Priority:0 extents:1 across:124996k 
[   33.245187] Adding 124996k swap on ./swap-file.  Priority:0 extents:1 across:124996k 
[   33.310168] Adding 124996k swap on ./swap-file.  Priority:0 extents:1 across:124996k 
[   33.382870] Adding 124996k swap on ./swap-file.  Priority:0 extents:1 across:124996k 
[   33.447066] Adding 124996k swap on ./swap-file.  Priority:0 extents:1 across:124996k 
[   33.516693] Adding 124996k swap on ./swap-file.  Priority:0 extents:1 across:124996k 
[   33.582371] Adding 124996k swap on ./swap-file.  Priority:0 extents:1 across:124996k 
[   33.657917] Adding 124996k swap on ./swap-file.  Priority:0 extents:1 across:124996k 
[   33.728437] Adding 124996k swap on ./swap-file.  Priority:0 extents:1 across:124996k 
[   33.796674] Adding 124996k swap on ./swap-file.  Priority:0 extents:1 across:124996k 
[   33.876664] Adding 124996k swap on ./swap-file.  Priority:0 extents:1 across:124996k 
[   33.950218] Adding 124996k swap on ./swap-file.  Priority:0 extents:1 across:124996k 
[   34.027649] Adding 124996k swap on ./swap-file.  Priority:0 extents:1 across:124996k 
[   34.102849] Adding 124996k swap on ./swap-file.  Priority:0 extents:1 across:124996k 
[   34.169503] Adding 124996k swap on ./swap-file.  Priority:0 extents:1 across:124996k 
[   34.238058] Adding 124996k swap on ./swap-file.  Priority:0 extents:1 across:124996k 
[   34.306195] Adding 124996k swap on ./swap-file.  Priority:0 extents:1 across:124996k 
[   34.380723] Adding 124996k swap on ./swap-file.  Priority:0 extents:1 across:124996k 
[   34.442722] Adding 124996k swap on ./swap-file.  Priority:0 extents:1 across:124996k 
[   34.524490] Adding 124996k swap on ./swap-file.  Priority:0 extents:1 across:124996k 
[   34.589256] Adding 124996k swap on ./swap-file.  Priority:0 extents:1 across:124996k 
[   34.653226] Adding 124996k swap on ./swap-file.  Priority:0 extents:1 across:124996k 
[   34.738115] Adding 124996k swap on ./swap-file.  Priority:0 extents:1 across:124996k 
[   34.811106] Adding 124996k swap on ./swap-file.  Priority:0 extents:1 across:124996k 
[   34.893758] Adding 124996k swap on ./swap-file.  Priority:0 extents:1 across:124996k 
[   34.978564] Adding 124996k swap on ./swap-file.  Priority:0 extents:1 across:124996k 
[   35.048164] Adding 124996k swap on ./swap-file.  Priority:0 extents:1 across:124996k 
[   35.130895] Adding 124996k swap on ./swap-file.  Priority:0 extents:1 across:124996k 
[   35.206448] Adding 124996k swap on ./swap-file.  Priority:0 extents:1 across:124996k 
[   35.270203] Adding 124996k swap on ./swap-file.  Priority:0 extents:1 across:124996k 
[   35.340853] Adding 124996k swap on ./swap-file.  Priority:0 extents:1 across:124996k 
[   35.413065] Adding 124996k swap on ./swap-file.  Priority:0 extents:1 across:124996k 
[   35.476006] Adding 124996k swap on ./swap-file.  Priority:0 extents:1 across:124996k 
[   35.540449] Adding 124996k swap on ./swap-file.  Priority:0 extents:1 across:124996k 
[   35.599592] Adding 124996k swap on ./swap-file.  Priority:0 extents:1 across:124996k 
[   35.667136] Adding 124996k swap on ./swap-file.  Priority:0 extents:1 across:124996k 
[   35.731468] Adding 124996k swap on ./swap-file.  Priority:0 extents:1 across:124996k 
[   35.796494] Adding 124996k swap on ./swap-file.  Priority:0 extents:1 across:124996k 
[   35.860208] Adding 124996k swap on ./swap-file.  Priority:0 extents:1 across:124996k 
[   35.923725] Adding 124996k swap on ./swap-file.  Priority:0 extents:1 across:124996k 
[   35.996583] Adding 124996k swap on ./swap-file.  Priority:0 extents:1 across:124996k 
[   36.060449] Adding 124996k swap on ./swap-file.  Priority:0 extents:1 across:124996k 
[   36.146544] Adding 124996k swap on ./swap-file.  Priority:0 extents:1 across:124996k 
[   36.216642] Adding 124996k swap on ./swap-file.  Priority:0 extents:1 across:124996k 
[   36.281139] Adding 124996k swap on ./swap-file.  Priority:0 extents:1 across:124996k 
[   36.351994] Adding 124996k swap on ./swap-file.  Priority:0 extents:1 across:124996k 
[   36.417690] Adding 124996k swap on ./swap-file.  Priority:0 extents:1 across:124996k 
[   36.506523] Adding 124996k swap on ./swap-file.  Priority:0 extents:1 across:124996k 
[   36.591416] Adding 124996k swap on ./swap-file.  Priority:0 extents:1 across:124996k 
[   36.663023] Adding 124996k swap on ./swap-file.  Priority:0 extents:1 across:124996k 
[   36.750841] Adding 124996k swap on ./swap-file.  Priority:0 extents:1 across:124996k 
[   36.822853] Adding 124996k swap on ./swap-file.  Priority:0 extents:1 across:124996k 
[   36.891995] Adding 124996k swap on ./swap-file.  Priority:0 extents:1 across:124996k 
[   36.982194] Adding 124996k swap on ./swap-file.  Priority:0 extents:1 across:124996k 
[   37.074019] Adding 124996k swap on ./swap-file.  Priority:0 extents:1 across:124996k 
[   37.150558] Adding 124996k swap on ./swap-file.  Priority:0 extents:1 across:124996k 
[   37.217052] Adding 124996k swap on ./swap-file.  Priority:0 extents:1 across:124996k 
[   37.279125] Adding 124996k swap on ./swap-file.  Priority:0 extents:1 across:124996k 
[   37.345380] Adding 124996k swap on ./swap-file.  Priority:0 extents:1 across:124996k 
[   37.430716] Adding 124996k swap on ./swap-file.  Priority:0 extents:1 across:124996k 
[   37.504511] Adding 124996k swap on ./swap-file.  Priority:0 extents:1 across:124996k 
[   37.577128] Adding 124996k swap on ./swap-file.  Priority:0 extents:1 across:124996k 
[   37.642257] Adding 124996k swap on ./swap-file.  Priority:0 extents:1 across:124996k 
[   37.709783] Adding 124996k swap on ./swap-file.  Priority:0 extents:1 across:124996k 
[   37.788856] Adding 124996k swap on ./swap-file.  Priority:0 extents:1 across:124996k 
[   37.877234] Adding 124996k swap on ./swap-file.  Priority:0 extents:1 across:124996k 
[   37.951856] Adding 124996k swap on ./swap-file.  Priority:0 extents:1 across:124996k 
[   38.023102] Adding 124996k swap on ./swap-file.  Priority:0 extents:1 across:124996k 
[   38.101981] Adding 124996k swap on ./swap-file.  Priority:0 extents:1 across:124996k 
[   38.167544] Adding 124996k swap on ./swap-file.  Priority:0 extents:1 across:124996k 
[   38.239474] Adding 124996k swap on ./swap-file.  Priority:0 extents:1 across:124996k 
[   38.318035] Adding 124996k swap on ./swap-file.  Priority:0 extents:1 across:124996k 
[   38.379674] Adding 124996k swap on ./swap-file.  Priority:0 extents:1 across:124996k 
[   38.452625] Adding 124996k swap on ./swap-file.  Priority:0 extents:1 across:124996k 
[   38.525919] Adding 124996k swap on ./swap-file.  Priority:0 extents:1 across:124996k 
[   38.611822] Adding 124996k swap on ./swap-file.  Priority:0 extents:1 across:124996k 
[   38.680251] Adding 124996k swap on ./swap-file.  Priority:0 extents:1 across:124996k 
[   38.763922] Adding 124996k swap on ./swap-file.  Priority:0 extents:1 across:124996k 
[   38.864077] Adding 124996k swap on ./swap-file.  Priority:0 extents:1 across:124996k 
[   38.930520] Adding 124996k swap on ./swap-file.  Priority:0 extents:1 across:124996k 
[   39.000735] Adding 124996k swap on ./swap-file.  Priority:0 extents:1 across:124996k 
[   39.068404] Adding 124996k swap on ./swap-file.  Priority:0 extents:1 across:124996k 
[   39.153480] Adding 124996k swap on ./swap-file.  Priority:0 extents:1 across:124996k 
[   39.219042] Adding 124996k swap on ./swap-file.  Priority:0 extents:1 across:124996k 
[   39.292778] Adding 124996k swap on ./swap-file.  Priority:0 extents:1 across:124996k 
[   39.364589] Adding 124996k swap on ./swap-file.  Priority:0 extents:1 across:124996k 
[   39.442694] Adding 124996k swap on ./swap-file.  Priority:0 extents:1 across:124996k 
[   39.519278] Adding 124996k swap on ./swap-file.  Priority:0 extents:1 across:124996k 
[   39.593867] Adding 124996k swap on ./swap-file.  Priority:0 extents:1 across:124996k 
[   39.659493] Adding 124996k swap on ./swap-file.  Priority:0 extents:1 across:124996k 
[   39.730060] Adding 124996k swap on ./swap-file.  Priority:0 extents:1 across:124996k 
[   39.798313] Adding 124996k swap on ./swap-file.  Priority:0 extents:1 across:124996k 
[   39.869909] Adding 124996k swap on ./swap-file.  Priority:0 extents:1 across:124996k 
[   39.939597] Adding 124996k swap on ./swap-file.  Priority:0 extents:1 across:124996k 
[   40.025000] Adding 124996k swap on ./swap-file.  Priority:0 extents:1 across:124996k 
[   40.095081] Adding 124996k swap on ./swap-file.  Priority:0 extents:1 across:124996k 
[   40.159733] Adding 124996k swap on ./swap-file.  Priority:0 extents:1 across:124996k 
[   40.228368] Adding 124996k swap on ./swap-file.  Priority:0 extents:1 across:124996k 
[   40.288763] Adding 124996k swap on ./swap-file.  Priority:0 extents:1 across:124996k 
[   40.381820] Adding 124996k swap on ./swap-file.  Priority:0 extents:1 across:124996k 
[   40.448877] Adding 124996k swap on ./swap-file.  Priority:0 extents:1 across:124996k 
[   40.518447] Adding 124996k swap on ./swap-file.  Priority:0 extents:1 across:124996k 
[   40.600289] Adding 124996k swap on ./swap-file.  Priority:0 extents:1 across:124996k 
[   40.692134] Adding 124996k swap on ./swap-file.  Priority:0 extents:1 across:124996k 
[   40.774619] Adding 124996k swap on ./swap-file.  Priority:0 extents:1 across:124996k 
[   40.866734] Adding 124996k swap on ./swap-file.  Priority:0 extents:1 across:124996k 
[   40.937927] Adding 124996k swap on ./swap-file.  Priority:0 extents:1 across:124996k 
[   41.041889] Adding 124996k swap on ./swap-file.  Priority:0 extents:1 across:124996k 
[   41.115469] Adding 124996k swap on ./swap-file.  Priority:0 extents:1 across:124996k 
[   41.199674] Adding 124996k swap on ./swap-file.  Priority:0 extents:1 across:124996k 
[   41.285829] Adding 124996k swap on ./swap-file.  Priority:0 extents:1 across:124996k 
[   41.355692] Adding 124996k swap on ./swap-file.  Priority:0 extents:1 across:124996k 
[   41.428446] Adding 124996k swap on ./swap-file.  Priority:0 extents:1 across:124996k 
[   41.500131] Adding 124996k swap on ./swap-file.  Priority:0 extents:1 across:124996k 
[   41.573833] Adding 124996k swap on ./swap-file.  Priority:0 extents:1 across:124996k 
[   41.645158] Adding 124996k swap on ./swap-file.  Priority:0 extents:1 across:124996k 
[   41.715488] Adding 124996k swap on ./swap-file.  Priority:0 extents:1 across:124996k 
[   41.791557] Adding 124996k swap on ./swap-file.  Priority:0 extents:1 across:124996k 
[   41.870437] Adding 124996k swap on ./swap-file.  Priority:0 extents:1 across:124996k 
[   41.933071] Adding 124996k swap on ./swap-file.  Priority:0 extents:1 across:124996k 
[   42.006178] Adding 124996k swap on ./swap-file.  Priority:0 extents:1 across:124996k 
[   42.076590] Adding 124996k swap on ./swap-file.  Priority:0 extents:1 across:124996k 
[   42.140158] Adding 124996k swap on ./swap-file.  Priority:0 extents:1 across:124996k 
[   42.217519] Adding 124996k swap on ./swap-file.  Priority:0 extents:1 across:124996k 
[   42.293432] Adding 124996k swap on ./swap-file.  Priority:0 extents:1 across:124996k 
[   42.369844] Adding 124996k swap on ./swap-file.  Priority:0 extents:1 across:124996k 
[   42.436642] Adding 124996k swap on ./swap-file.  Priority:0 extents:1 across:124996k 
[   42.512108] Adding 124996k swap on ./swap-file.  Priority:0 extents:1 across:124996k 
[   42.590517] Adding 124996k swap on ./swap-file.  Priority:0 extents:1 across:124996k 
[   42.658505] Adding 124996k swap on ./swap-file.  Priority:0 extents:1 across:124996k 
[   42.734543] Adding 124996k swap on ./swap-file.  Priority:0 extents:1 across:124996k 
[   42.812859] Adding 124996k swap on ./swap-file.  Priority:0 extents:1 across:124996k 
[   42.879030] Adding 124996k swap on ./swap-file.  Priority:0 extents:1 across:124996k 
[   42.949360] Adding 124996k swap on ./swap-file.  Priority:0 extents:1 across:124996k 
[   43.026386] Adding 124996k swap on ./swap-file.  Priority:0 extents:1 across:124996k 
[   43.116657] Adding 124996k swap on ./swap-file.  Priority:0 extents:1 across:124996k 
[   43.182928] Adding 124996k swap on ./swap-file.  Priority:0 extents:1 across:124996k 
[   43.266849] Adding 124996k swap on ./swap-file.  Priority:0 extents:1 across:124996k 
[   43.346060] Adding 124996k swap on ./swap-file.  Priority:0 extents:1 across:124996k 
[   43.430894] Adding 124996k swap on ./swap-file.  Priority:0 extents:1 across:124996k 
[   43.516560] Adding 124996k swap on ./swap-file.  Priority:0 extents:1 across:124996k 
[   43.591775] Adding 124996k swap on ./swap-file.  Priority:0 extents:1 across:124996k 
[   43.664485] Adding 124996k swap on ./swap-file.  Priority:0 extents:1 across:124996k 
[   43.727715] Adding 124996k swap on ./swap-file.  Priority:0 extents:1 across:124996k 
[   43.796705] Adding 124996k swap on ./swap-file.  Priority:0 extents:1 across:124996k 
[   43.860359] Adding 124996k swap on ./swap-file.  Priority:0 extents:1 across:124996k 
[   43.927847] Adding 124996k swap on ./swap-file.  Priority:0 extents:1 across:124996k 
[   43.992459] Adding 124996k swap on ./swap-file.  Priority:0 extents:1 across:124996k 
[   44.064037] Adding 124996k swap on ./swap-file.  Priority:0 extents:1 across:124996k 
[   44.135986] Adding 124996k swap on ./swap-file.  Priority:0 extents:1 across:124996k 
[   44.200316] Adding 124996k swap on ./swap-file.  Priority:0 extents:1 across:124996k 
[   44.267208] Adding 124996k swap on ./swap-file.  Priority:0 extents:1 across:124996k 
[   44.338830] Adding 124996k swap on ./swap-file.  Priority:0 extents:1 across:124996k 
[   44.416756] Adding 124996k swap on ./swap-file.  Priority:0 extents:1 across:124996k 
[   44.491466] Adding 124996k swap on ./swap-file.  Priority:0 extents:1 across:124996k 
[   44.557786] Adding 124996k swap on ./swap-file.  Priority:0 extents:1 across:124996k 
[   44.623091] Adding 124996k swap on ./swap-file.  Priority:0 extents:1 across:124996k 
[   44.683906] Adding 124996k swap on ./swap-file.  Priority:0 extents:1 across:124996k 
[   44.751773] Adding 124996k swap on ./swap-file.  Priority:0 extents:1 across:124996k 
[   44.824065] Adding 124996k swap on ./swap-file.  Priority:0 extents:1 across:124996k 
[   44.887067] Adding 124996k swap on ./swap-file.  Priority:0 extents:1 across:124996k 
[   44.948893] Adding 124996k swap on ./swap-file.  Priority:0 extents:1 across:124996k 
[   45.010120] Adding 124996k swap on ./swap-file.  Priority:0 extents:1 across:124996k 
[   45.077006] Adding 124996k swap on ./swap-file.  Priority:0 extents:1 across:124996k 
[   45.141762] Adding 124996k swap on ./swap-file.  Priority:0 extents:1 across:124996k 
[   45.203106] Adding 124996k swap on ./swap-file.  Priority:0 extents:1 across:124996k 
[   45.275816] Adding 124996k swap on ./swap-file.  Priority:0 extents:1 across:124996k 
[   45.342743] Adding 124996k swap on ./swap-file.  Priority:0 extents:1 across:124996k 
[   45.410647] Adding 124996k swap on ./swap-file.  Priority:0 extents:1 across:124996k 
[   45.480106] Adding 124996k swap on ./swap-file.  Priority:0 extents:1 across:124996k 
[   45.555664] Adding 124996k swap on ./swap-file.  Priority:0 extents:1 across:124996k 
[   45.626867] Adding 124996k swap on ./swap-file.  Priority:0 extents:1 across:124996k 
[   45.707776] Adding 124996k swap on ./swap-file.  Priority:0 extents:1 across:124996k 
[   45.783895] Adding 124996k swap on ./swap-file.  Priority:0 extents:1 across:124996k 
[   45.845734] Adding 124996k swap on ./swap-file.  Priority:0 extents:1 across:124996k 
[   45.919386] Adding 124996k swap on ./swap-file.  Priority:0 extents:1 across:124996k 
[   45.983922] Adding 124996k swap on ./swap-file.  Priority:0 extents:1 across:124996k 
[   46.058962] Adding 124996k swap on ./swap-file.  Priority:0 extents:1 across:124996k 
[   46.123533] Adding 124996k swap on ./swap-file.  Priority:0 extents:1 across:124996k 
[   46.189785] Adding 124996k swap on ./swap-file.  Priority:0 extents:1 across:124996k 
[   46.261886] Adding 124996k swap on ./swap-file.  Priority:0 extents:1 across:124996k 
[   46.329449] Adding 124996k swap on ./swap-file.  Priority:0 extents:1 across:124996k 
[   46.415695] Adding 124996k swap on ./swap-file.  Priority:0 extents:1 across:124996k 
[   46.486113] Adding 124996k swap on ./swap-file.  Priority:0 extents:1 across:124996k 
[   46.572504] Adding 124996k swap on ./swap-file.  Priority:0 extents:1 across:124996k 
[   46.652576] Adding 124996k swap on ./swap-file.  Priority:0 extents:1 across:124996k 
[   46.739836] Adding 124996k swap on ./swap-file.  Priority:0 extents:1 across:124996k 
[   46.834824] Adding 124996k swap on ./swap-file.  Priority:0 extents:1 across:124996k 
[   46.911394] Adding 124996k swap on ./swap-file.  Priority:0 extents:1 across:124996k 
[   46.972195] Adding 124996k swap on ./swap-file.  Priority:0 extents:1 across:124996k 
[   47.036709] Adding 124996k swap on ./swap-file.  Priority:0 extents:1 across:124996k 
[   47.105879] Adding 124996k swap on ./swap-file.  Priority:0 extents:1 across:124996k 
[   47.165755] Adding 124996k swap on ./swap-file.  Priority:0 extents:1 across:124996k 
[   47.227756] Adding 124996k swap on ./swap-file.  Priority:0 extents:1 across:124996k 
[   47.291151] Adding 124996k swap on ./swap-file.  Priority:0 extents:1 across:124996k 
[   47.360588] Adding 124996k swap on ./swap-file.  Priority:0 extents:1 across:124996k 
[   47.421736] Adding 124996k swap on ./swap-file.  Priority:0 extents:1 across:124996k 
[   47.481859] Adding 124996k swap on ./swap-file.  Priority:0 extents:1 across:124996k 
[   47.555029] Adding 124996k swap on ./swap-file.  Priority:0 extents:1 across:124996k 
[   47.618876] Adding 124996k swap on ./swap-file.  Priority:0 extents:1 across:124996k 
[   47.681048] Adding 124996k swap on ./swap-file.  Priority:0 extents:1 across:124996k 
[   47.743758] Adding 124996k swap on ./swap-file.  Priority:0 extents:1 across:124996k 
[   47.815440] Adding 124996k swap on ./swap-file.  Priority:0 extents:1 across:124996k 
[   47.875455] Adding 124996k swap on ./swap-file.  Priority:0 extents:1 across:124996k 
[   47.934779] Adding 124996k swap on ./swap-file.  Priority:0 extents:1 across:124996k 
[   48.008681] Adding 124996k swap on ./swap-file.  Priority:0 extents:1 across:124996k 
[   48.067843] Adding 124996k swap on ./swap-file.  Priority:0 extents:1 across:124996k 
[   48.140112] Adding 124996k swap on ./swap-file.  Priority:0 extents:1 across:124996k 
[   48.202698] Adding 124996k swap on ./swap-file.  Priority:0 extents:1 across:124996k 
[   48.265188] Adding 124996k swap on ./swap-file.  Priority:0 extents:1 across:124996k 
[   48.328959] Adding 124996k swap on ./swap-file.  Priority:0 extents:1 across:124996k 
[   48.406680] Adding 124996k swap on ./swap-file.  Priority:0 extents:1 across:124996k 
[   48.474076] Adding 124996k swap on ./swap-file.  Priority:0 extents:1 across:124996k 
[   48.555869] Adding 124996k swap on ./swap-file.  Priority:0 extents:1 across:124996k 
[   48.623044] Adding 124996k swap on ./swap-file.  Priority:0 extents:1 across:124996k 
[   48.681742] Adding 124996k swap on ./swap-file.  Priority:0 extents:1 across:124996k 
[   48.752630] Adding 124996k swap on ./swap-file.  Priority:0 extents:1 across:124996k 
[   48.827351] Adding 124996k swap on ./swap-file.  Priority:0 extents:1 across:124996k 
[   48.904355] Adding 124996k swap on ./swap-file.  Priority:0 extents:1 across:124996k 
[   48.975381] Adding 124996k swap on ./swap-file.  Priority:0 extents:1 across:124996k 
[   49.059973] Adding 124996k swap on ./swap-file.  Priority:0 extents:1 across:124996k 
[   49.120658] Adding 124996k swap on ./swap-file.  Priority:0 extents:1 across:124996k 
[   49.190583] Adding 124996k swap on ./swap-file.  Priority:0 extents:1 across:124996k 
[   49.253799] Adding 124996k swap on ./swap-file.  Priority:0 extents:1 across:124996k 
[   49.328607] Adding 124996k swap on ./swap-file.  Priority:0 extents:1 across:124996k 
[   49.418967] Adding 124996k swap on ./swap-file.  Priority:0 extents:1 across:124996k 
[   49.482050] Adding 124996k swap on ./swap-file.  Priority:0 extents:1 across:124996k 
[   49.540048] Adding 124996k swap on ./swap-file.  Priority:0 extents:1 across:124996k 
[   49.603914] Adding 124996k swap on ./swap-file.  Priority:0 extents:1 across:124996k 
[   49.676271] Adding 124996k swap on ./swap-file.  Priority:0 extents:1 across:124996k 
[   49.757211] Adding 124996k swap on ./swap-file.  Priority:0 extents:1 across:124996k 
[   49.831298] Adding 124996k swap on ./swap-file.  Priority:0 extents:1 across:124996k 
[   49.916438] Adding 124996k swap on ./swap-file.  Priority:0 extents:1 across:124996k 
[   49.978518] Adding 124996k swap on ./swap-file.  Priority:0 extents:1 across:124996k 
[   50.058020] Adding 124996k swap on ./swap-file.  Priority:0 extents:1 across:124996k 
[   50.121156] Adding 124996k swap on ./swap-file.  Priority:0 extents:1 across:124996k 
[   50.193687] Adding 124996k swap on ./swap-file.  Priority:0 extents:1 across:124996k 
[   50.252030] Adding 124996k swap on ./swap-file.  Priority:0 extents:1 across:124996k 
[   50.315818] Adding 124996k swap on ./swap-file.  Priority:0 extents:1 across:124996k 
[   50.385507] Adding 124996k swap on ./swap-file.  Priority:0 extents:1 across:124996k 
[   50.454537] Adding 124996k swap on ./swap-file.  Priority:0 extents:1 across:124996k 
[   50.528072] Adding 124996k swap on ./swap-file.  Priority:0 extents:1 across:124996k 
[   50.586685] Adding 124996k swap on ./swap-file.  Priority:0 extents:1 across:124996k 
[   50.663767] Adding 124996k swap on ./swap-file.  Priority:0 extents:1 across:124996k 
[   50.735610] Adding 124996k swap on ./swap-file.  Priority:0 extents:1 across:124996k 
[   50.798616] Adding 124996k swap on ./swap-file.  Priority:0 extents:1 across:124996k 
[   50.868511] Adding 124996k swap on ./swap-file.  Priority:0 extents:1 across:124996k 
[   50.929898] Adding 124996k swap on ./swap-file.  Priority:0 extents:1 across:124996k 
[   50.994463] Adding 124996k swap on ./swap-file.  Priority:0 extents:1 across:124996k 
[   51.062815] Adding 124996k swap on ./swap-file.  Priority:0 extents:1 across:124996k 
[   51.124003] Adding 124996k swap on ./swap-file.  Priority:0 extents:1 across:124996k 
[   51.193820] Adding 124996k swap on ./swap-file.  Priority:0 extents:1 across:124996k 
[   51.260824] Adding 124996k swap on ./swap-file.  Priority:0 extents:1 across:124996k 
[   51.324062] Adding 124996k swap on ./swap-file.  Priority:0 extents:1 across:124996k 
[   51.405346] Adding 124996k swap on ./swap-file.  Priority:0 extents:1 across:124996k 
[   51.468986] Adding 124996k swap on ./swap-file.  Priority:0 extents:1 across:124996k 
[   51.531919] Adding 124996k swap on ./swap-file.  Priority:0 extents:1 across:124996k 
[   51.599876] Adding 124996k swap on ./swap-file.  Priority:0 extents:1 across:124996k 
[   51.667945] Adding 124996k swap on ./swap-file.  Priority:0 extents:1 across:124996k 
[   51.733389] Adding 124996k swap on ./swap-file.  Priority:0 extents:1 across:124996k 
[   51.799689] Adding 124996k swap on ./swap-file.  Priority:0 extents:1 across:124996k 
[   51.871843] Adding 124996k swap on ./swap-file.  Priority:0 extents:1 across:124996k 
[   51.935534] Adding 124996k swap on ./swap-file.  Priority:0 extents:1 across:124996k 
[   52.009593] Adding 124996k swap on ./swap-file.  Priority:0 extents:1 across:124996k 
[   52.073028] Adding 124996k swap on ./swap-file.  Priority:0 extents:1 across:124996k 
[   52.144958] Adding 124996k swap on ./swap-file.  Priority:0 extents:1 across:124996k 
[   52.208693] Adding 124996k swap on ./swap-file.  Priority:0 extents:1 across:124996k 
[   52.293341] Adding 124996k swap on ./swap-file.  Priority:0 extents:1 across:124996k 
[   52.382554] Adding 124996k swap on ./swap-file.  Priority:0 extents:1 across:124996k 
[   52.448093] Adding 124996k swap on ./swap-file.  Priority:0 extents:1 across:124996k 
[   52.519175] Adding 124996k swap on ./swap-file.  Priority:0 extents:1 across:124996k 
[   52.588539] Adding 124996k swap on ./swap-file.  Priority:0 extents:1 across:124996k 
[   52.648939] Adding 124996k swap on ./swap-file.  Priority:0 extents:1 across:124996k 
[   52.710911] Adding 124996k swap on ./swap-file.  Priority:0 extents:1 across:124996k 
[   52.775517] Adding 124996k swap on ./swap-file.  Priority:0 extents:1 across:124996k 
[   52.836369] Adding 124996k swap on ./swap-file.  Priority:0 extents:1 across:124996k 
[   52.902802] Adding 124996k swap on ./swap-file.  Priority:0 extents:1 across:124996k 
[   52.973432] Adding 124996k swap on ./swap-file.  Priority:0 extents:1 across:124996k 
[   53.039312] Adding 124996k swap on ./swap-file.  Priority:0 extents:1 across:124996k 
[   53.116998] Adding 124996k swap on ./swap-file.  Priority:0 extents:1 across:124996k 
[   53.175992] Adding 124996k swap on ./swap-file.  Priority:0 extents:1 across:124996k 
[   53.239039] Adding 124996k swap on ./swap-file.  Priority:0 extents:1 across:124996k 
[   53.308698] Adding 124996k swap on ./swap-file.  Priority:0 extents:1 across:124996k 
[   53.367946] Adding 124996k swap on ./swap-file.  Priority:0 extents:1 across:124996k 
[   53.425837] Adding 124996k swap on ./swap-file.  Priority:0 extents:1 across:124996k 
[   53.481634] Adding 124996k swap on ./swap-file.  Priority:0 extents:1 across:124996k 
[   53.543902] Adding 124996k swap on ./swap-file.  Priority:0 extents:1 across:124996k 
[   53.610835] Adding 124996k swap on ./swap-file.  Priority:0 extents:1 across:124996k 
[   53.671822] Adding 124996k swap on ./swap-file.  Priority:0 extents:1 across:124996k 
[   53.734289] Adding 124996k swap on ./swap-file.  Priority:0 extents:1 across:124996k 
[   53.790199] Adding 124996k swap on ./swap-file.  Priority:0 extents:1 across:124996k 
[   53.847252] Adding 124996k swap on ./swap-file.  Priority:0 extents:1 across:124996k 
[   53.912316] Adding 124996k swap on ./swap-file.  Priority:0 extents:1 across:124996k 
[   53.973024] Adding 124996k swap on ./swap-file.  Priority:0 extents:1 across:124996k 
[   54.045661] Adding 124996k swap on ./swap-file.  Priority:0 extents:1 across:124996k 
[   54.122598] Adding 124996k swap on ./swap-file.  Priority:0 extents:1 across:124996k 
[   54.196982] Adding 124996k swap on ./swap-file.  Priority:0 extents:1 across:124996k 
[   54.263806] Adding 124996k swap on ./swap-file.  Priority:0 extents:1 across:124996k 
[   54.341121] Adding 124996k swap on ./swap-file.  Priority:0 extents:1 across:124996k 
[   54.418709] Adding 124996k swap on ./swap-file.  Priority:0 extents:1 across:124996k 
[   54.510756] Adding 124996k swap on ./swap-file.  Priority:0 extents:1 across:124996k 
[   54.588886] Adding 124996k swap on ./swap-file.  Priority:0 extents:1 across:124996k 
[   54.656410] Adding 124996k swap on ./swap-file.  Priority:0 extents:1 across:124996k 
[   54.725891] Adding 124996k swap on ./swap-file.  Priority:0 extents:1 across:124996k 
[   54.786366] Adding 124996k swap on ./swap-file.  Priority:0 extents:1 across:124996k 
[   54.873363] Adding 124996k swap on ./swap-file.  Priority:0 extents:1 across:124996k 
[   54.955671] Adding 124996k swap on ./swap-file.  Priority:0 extents:1 across:124996k 
[   55.041126] Adding 124996k swap on ./swap-file.  Priority:0 extents:1 across:124996k 
[   55.119976] Adding 124996k swap on ./swap-file.  Priority:0 extents:1 across:124996k 
[   55.198917] Adding 124996k swap on ./swap-file.  Priority:0 extents:1 across:124996k 
[   55.264652] Adding 124996k swap on ./swap-file.  Priority:0 extents:1 across:124996k 
[   55.336196] Adding 124996k swap on ./swap-file.  Priority:0 extents:1 across:124996k 
[   55.409111] Adding 124996k swap on ./swap-file.  Priority:0 extents:1 across:124996k 
[   55.472230] Adding 124996k swap on ./swap-file.  Priority:0 extents:1 across:124996k 
[   55.532967] Adding 124996k swap on ./swap-file.  Priority:0 extents:1 across:124996k 
[   55.591934] Adding 124996k swap on ./swap-file.  Priority:0 extents:1 across:124996k 
[   55.656451] Adding 124996k swap on ./swap-file.  Priority:0 extents:1 across:124996k 
[   55.715736] Adding 124996k swap on ./swap-file.  Priority:0 extents:1 across:124996k 
[   55.791195] Adding 124996k swap on ./swap-file.  Priority:0 extents:1 across:124996k 
[   55.851182] Adding 124996k swap on ./swap-file.  Priority:0 extents:1 across:124996k 
[   55.921112] Adding 124996k swap on ./swap-file.  Priority:0 extents:1 across:124996k 
[   55.972871] Adding 124996k swap on ./swap-file.  Priority:0 extents:1 across:124996k 
[   56.040008] Adding 124996k swap on ./swap-file.  Priority:0 extents:1 across:124996k 
[   56.100385] Adding 124996k swap on ./swap-file.  Priority:0 extents:1 across:124996k 
[   56.162811] Adding 124996k swap on ./swap-file.  Priority:0 extents:1 across:124996k 
[   56.222731] Adding 124996k swap on ./swap-file.  Priority:0 extents:1 across:124996k 
[   56.285222] Adding 124996k swap on ./swap-file.  Priority:0 extents:1 across:124996k 
[   56.346820] Adding 124996k swap on ./swap-file.  Priority:0 extents:1 across:124996k 
[   56.407730] Adding 124996k swap on ./swap-file.  Priority:0 extents:1 across:124996k 
[   56.479954] Adding 124996k swap on ./swap-file.  Priority:0 extents:1 across:124996k 
[   56.547778] Adding 124996k swap on ./swap-file.  Priority:0 extents:1 across:124996k 
[   56.617559] Adding 124996k swap on ./swap-file.  Priority:0 extents:1 across:124996k 
[   56.702013] Adding 124996k swap on ./swap-file.  Priority:0 extents:1 across:124996k 
[   56.767789] Adding 124996k swap on ./swap-file.  Priority:0 extents:1 across:124996k 
[   56.831780] Adding 124996k swap on ./swap-file.  Priority:0 extents:1 across:124996k 
