c[?7l[2J[0mSeaBIOS (version rel-1.16.0-0-gd239552ce722-prebuilt.qemu.org)


iPXE (http://ipxe.org) 00:03.0 CA00 PCI2.10 PnP PMM+7FF91000+7FEF1000 CA00
Press Ctrl-B to configure iPXE (PCI 00:03.0)...                                                                               


Booting from ROM...
c[?7l[2J[    0.000000] Linux version 6.19.0-rc5-80f60a6b0c1e+ (root@p-arls02) (gcc (GCC) 11.5.0 20240719 (Red Hat 11.5.0-14), GNU ld version 2.35.2-69.el9) #1 SMP PREEMPT_DYNAMIC Wed Jan 14 10:51:43 CST 2026
[    0.000000] Command line: console=ttyS0 root=/dev/sda earlyprintk=serial net.ifnames=0 plymouth.enable=0
[    0.000000] KERNEL supported cpus:
[    0.000000]   Intel GenuineIntel
[    0.000000]   AMD AuthenticAMD
[    0.000000]   Hygon HygonGenuine
[    0.000000]   Centaur CentaurHauls
[    0.000000]   zhaoxin   Shanghai  
[    0.000000] x86/CPU: Model not found in latest microcode list
[    0.000000] x86/split lock detection: #DB: warning on user-space bus_locks
[    0.000000] BIOS-provided physical RAM map:
[    0.000000] BIOS-e820: [mem 0x0000000000000000-0x000000000009fbff] usable
[    0.000000] BIOS-e820: [mem 0x000000000009fc00-0x000000000009ffff] reserved
[    0.000000] BIOS-e820: [mem 0x00000000000f0000-0x00000000000fffff] reserved
[    0.000000] BIOS-e820: [mem 0x0000000000100000-0x000000007ffdffff] usable
[    0.000000] BIOS-e820: [mem 0x000000007ffe0000-0x000000007fffffff] reserved
[    0.000000] BIOS-e820: [mem 0x00000000feffc000-0x00000000feffffff] reserved
[    0.000000] BIOS-e820: [mem 0x00000000fffc0000-0x00000000ffffffff] reserved
[    0.000000] printk: legacy bootconsole [earlyser0] enabled
[    0.000000] NX (Execute Disable) protection: active
[    0.000000] APIC: Static calls initialized
[    0.000000] SMBIOS 2.8 present.
[    0.000000] DMI: QEMU Standard PC (i440FX + PIIX, 1996), BIOS rel-1.16.0-0-gd239552ce722-prebuilt.qemu.org 04/01/2014
[    0.000000] DMI: Memory slots populated: 1/1
[    0.000000] Hypervisor detected: KVM
[    0.000000] last_pfn = 0x7ffe0 max_arch_pfn = 0x400000000
[    0.000000] kvm-clock: Using msrs 4b564d01 and 4b564d00
[    0.000002] kvm-clock: using sched offset of 980166944 cycles
[    0.000371] clocksource: kvm-clock: mask: 0xffffffffffffffff max_cycles: 0x1cd42e4dffb, max_idle_ns: 881590591483 ns
[    0.001513] tsc: Detected 1267.200 MHz processor
[    0.007289] last_pfn = 0x7ffe0 max_arch_pfn = 0x400000000
[    0.007697] MTRR map: 4 entries (3 fixed + 1 variable; max 19), built from 8 variable MTRRs
[    0.008283] x86/PAT: Configuration [0-7]: WB  WC  UC- UC  WB  WP  UC- WT  
[    0.017371] found SMP MP-table at [mem 0x000f5ba0-0x000f5baf]
[    0.017797] Using GB pages for direct mapping
[    0.019706] ACPI: Early table checksum verification disabled
[    0.020113] ACPI: RSDP 0x00000000000F59C0 000014 (v00 BOCHS )
[    0.020531] ACPI: RSDT 0x000000007FFE1951 000034 (v01 BOCHS  BXPC     00000001 BXPC 00000001)
[    0.021152] ACPI: FACP 0x000000007FFE17FD 000074 (v01 BOCHS  BXPC     00000001 BXPC 00000001)
[    0.021773] ACPI: DSDT 0x000000007FFE0040 0017BD (v01 BOCHS  BXPC     00000001 BXPC 00000001)
[    0.022389] ACPI: FACS 0x000000007FFE0000 000040
[    0.022727] ACPI: APIC 0x000000007FFE1871 000080 (v01 BOCHS  BXPC     00000001 BXPC 00000001)
[    0.023338] ACPI: HPET 0x000000007FFE18F1 000038 (v01 BOCHS  BXPC     00000001 BXPC 00000001)
[    0.023946] ACPI: WAET 0x000000007FFE1929 000028 (v01 BOCHS  BXPC     00000001 BXPC 00000001)
[    0.024563] ACPI: Reserving FACP table memory at [mem 0x7ffe17fd-0x7ffe1870]
[    0.025067] ACPI: Reserving DSDT table memory at [mem 0x7ffe0040-0x7ffe17fc]
[    0.025556] ACPI: Reserving FACS table memory at [mem 0x7ffe0000-0x7ffe003f]
[    0.026044] ACPI: Reserving APIC table memory at [mem 0x7ffe1871-0x7ffe18f0]
[    0.026535] ACPI: Reserving HPET table memory at [mem 0x7ffe18f1-0x7ffe1928]
[    0.027030] ACPI: Reserving WAET table memory at [mem 0x7ffe1929-0x7ffe1950]
[    0.027932] No NUMA configuration found
[    0.028205] Faking a node at [mem 0x0000000000000000-0x000000007ffdffff]
[    0.028692] NODE_DATA(0) allocated [mem 0x7ffb4ec0-0x7ffdfcbf]
[    0.545038] KernelAddressSanitizer initialized (generic)
[    0.545705] ACPI: PM-Timer IO Port: 0x608
[    0.546020] ACPI: LAPIC_NMI (acpi_id[0xff] dfl dfl lint[0x1])
[    0.546488] IOAPIC[0]: apic_id 0, version 17, address 0xfec00000, GSI 0-23
[    0.546989] ACPI: INT_SRC_OVR (bus 0 bus_irq 0 global_irq 2 dfl dfl)
[    0.547442] ACPI: INT_SRC_OVR (bus 0 bus_irq 5 global_irq 5 high level)
[    0.547904] ACPI: INT_SRC_OVR (bus 0 bus_irq 9 global_irq 9 high level)
[    0.548370] ACPI: INT_SRC_OVR (bus 0 bus_irq 10 global_irq 10 high level)
[    0.548844] ACPI: INT_SRC_OVR (bus 0 bus_irq 11 global_irq 11 high level)
[    0.549332] ACPI: Using ACPI (MADT) for SMP configuration information
[    0.549782] ACPI: HPET id: 0x8086a201 base: 0xfed00000
[    0.550152] TSC deadline timer available
[    0.550441] CPU topo: Max. logical packages:   1
[    0.550764] CPU topo: Max. logical dies:       1
[    0.551088] CPU topo: Max. dies per package:   1
[    0.551425] CPU topo: Max. threads per core:   1
[    0.551747] CPU topo: Num. cores per package:     2
[    0.552087] CPU topo: Num. threads per package:   2
[    0.552425] CPU topo: Allowing 2 present CPUs plus 0 hotplug CPUs
[    0.552903] kvm-guest: APIC: eoi() replaced with kvm_guest_apic_eoi_write()
[    0.553432] kvm-guest: KVM setup pv remote TLB flush
[    0.553767] kvm-guest: setup PV sched yield
[    0.554097] PM: hibernation: Registered nosave memory: [mem 0x00000000-0x00000fff]
[    0.554625] PM: hibernation: Registered nosave memory: [mem 0x0009f000-0x000fffff]
[    0.555155] [mem 0x80000000-0xfeffbfff] available for PCI devices
[    0.555579] Booting paravirtualized kernel on KVM
[    0.555908] clocksource: refined-jiffies: mask: 0xffffffff max_cycles: 0xffffffff, max_idle_ns: 7645519600211568 ns
[    0.556725] Zone ranges:
[    0.556906]   DMA      [mem 0x0000000000001000-0x0000000000ffffff]
[    0.557342]   DMA32    [mem 0x0000000001000000-0x000000007ffdffff]
[    0.557776]   Normal   empty
[    0.557980]   Device   empty
[    0.558187] Movable zone start for each node
[    0.558492] Early memory node ranges
[    0.558742]   node   0: [mem 0x0000000000001000-0x000000000009efff]
[    0.559183]   node   0: [mem 0x0000000000100000-0x000000007ffdffff]
[    0.559623] Initmem setup node 0 [mem 0x0000000000001000-0x000000007ffdffff]
[    0.560606] On node 0, zone DMA: 1 pages in unavailable ranges
[    0.561277] On node 0, zone DMA: 97 pages in unavailable ranges
[    0.600230] On node 0, zone DMA32: 32 pages in unavailable ranges
[    0.600724] setup_percpu: NR_CPUS:8192 nr_cpumask_bits:2 nr_cpu_ids:2 nr_node_ids:1
[    0.603196] percpu: Embedded 81 pages/cpu s294912 r8192 d28672 u1048576
[    0.603799] kvm-guest: PV spinlocks enabled
[    0.604117] PV qspinlock hash table entries: 256 (order: 0, 4096 bytes, linear)
[    0.604644] Kernel command line: net.ifnames=0 console=ttyS0 root=/dev/sda earlyprintk=serial net.ifnames=0 plymouth.enable=0
[    0.605688] random: crng init done
[    0.605931] printk: log buffer data + meta data: 262144 + 917504 = 1179648 bytes
[    0.608409] Dentry cache hash table entries: 262144 (order: 9, 2097152 bytes, linear)
[    0.610101] Inode-cache hash table entries: 131072 (order: 8, 1048576 bytes, linear)
[    0.610969] Fallback order for Node 0: 0 
[    0.610978] Built 1 zonelists, mobility grouping on.  Total pages: 524158
[    0.611720] Policy zone: DMA32
[    0.611935] mem auto-init: stack:off, heap alloc:off, heap free:off
[    0.612364] stackdepot: allocating hash table via alloc_large_system_hash
[    0.612824] stackdepot hash table entries: 1048576 (order: 12, 16777216 bytes, linear)
[    0.664373] stackdepot: allocating space for 8192 stack pools via memblock
[    0.703219] SLUB: HWalign=64, Order=0-3, MinObjects=0, CPUs=2, Nodes=1
[    0.703694] kmemleak: Kernel memory leak detector disabled
[    0.738877] ftrace: allocating 75331 entries in 296 pages
[    0.739268] ftrace: allocated 296 pages with 3 groups
[    0.744007] Dynamic Preempt: voluntary
[    0.744734] Running RCU self tests
[    0.744962] Running RCU synchronous self tests
[    0.745261] rcu: Preemptible hierarchical RCU implementation.
[    0.745653] rcu: 	RCU lockdep checking is enabled.
[    0.745977] rcu: 	RCU restricting CPUs from NR_CPUS=8192 to nr_cpu_ids=2.
[    0.746437] 	Trampoline variant of Tasks RCU enabled.
[    0.746778] 	Rude variant of Tasks RCU enabled.
[    0.747088] 	Tracing variant of Tasks RCU enabled.
[    0.747418] rcu: RCU calculated value of scheduler-enlistment delay is 25 jiffies.
[    0.747929] rcu: Adjusting geometry for rcu_fanout_leaf=16, nr_cpu_ids=2
[    0.748456] Running RCU synchronous self tests
[    0.748760] RCU Tasks: Setting shift to 1 and lim to 1 rcu_task_cb_adjust=1 rcu_task_cpu_ids=2.
[    0.749353] RCU Tasks Rude: Setting shift to 1 and lim to 1 rcu_task_cb_adjust=1 rcu_task_cpu_ids=2.
[    0.749970] RCU Tasks Trace: Setting shift to 1 and lim to 1 rcu_task_cb_adjust=1 rcu_task_cpu_ids=2.
[    0.808847] NR_IRQS: 524544, nr_irqs: 440, preallocated irqs: 16
[    0.809782] rcu: srcu_init: Setting srcu_struct sizes based on contention.
[    0.816076] Console: colour VGA+ 80x25
[    0.816409] printk: legacy console [ttyS0] enabled
[    0.816409] printk: legacy console [ttyS0] enabled
[    0.817083] printk: legacy bootconsole [earlyser0] disabled
[    0.817083] printk: legacy bootconsole [earlyser0] disabled
[    0.817864] Lock dependency validator: Copyright (c) 2006 Red Hat, Inc., Ingo Molnar
[    0.818401] ... MAX_LOCKDEP_SUBCLASSES:  8
[    0.818693] ... MAX_LOCK_DEPTH:          48
[    0.818988] ... MAX_LOCKDEP_KEYS:        8192
[    0.819294] ... CLASSHASH_SIZE:          4096
[    0.819609] ... MAX_LOCKDEP_ENTRIES:     524288
[    0.819932] ... MAX_LOCKDEP_CHAINS:      524288
[    0.820259] ... CHAINHASH_SIZE:          262144
[    0.820577]  memory used by lock dependency info: 54145 kB
[    0.820961]  memory used for stack traces: 4224 kB
[    0.821298]  per task-struct memory footprint: 1920 bytes
[    0.821761] ACPI: Core revision 20250807
[    0.822385] clocksource: hpet: mask: 0xffffffff max_cycles: 0xffffffff, max_idle_ns: 19112604467 ns
[    0.823184] APIC: Switch to symmetric I/O mode setup
[    0.823681] x2apic enabled
[    0.824196] APIC: Switched APIC routing to: physical x2apic
[    0.824597] kvm-guest: APIC: send_IPI_mask() replaced with kvm_send_ipi_mask()
[    0.825117] kvm-guest: APIC: send_IPI_mask_allbutself() replaced with kvm_send_ipi_mask_allbutself()
[    0.825755] kvm-guest: setup PV IPIs
[    0.826902] ..TIMER: vector=0x30 apic1=0 pin1=2 apic2=-1 pin2=-1
[    0.827425] clocksource: tsc-early: mask: 0xffffffffffffffff max_cycles: 0x12441513526, max_idle_ns: 440795239872 ns
[    0.828165] Calibrating delay loop (skipped) preset value.. 2534.40 BogoMIPS (lpj=5068800)
[    0.828895] CPU0: Thermal monitoring enabled (TM1)
[    0.829251] x86/cpu: User Mode Instruction Prevention (UMIP) activated
[    0.829790] Last level iTLB entries: 4KB 0, 2MB 0, 4MB 0
[    0.830161] Last level dTLB entries: 4KB 0, 2MB 0, 4MB 0, 1GB 0
[    0.830590] mitigations: Enabled attack vectors: user_kernel, user_user, guest_host, guest_guest, SMT mitigations: auto
[    0.832178] Speculative Store Bypass: Mitigation: Speculative Store Bypass disabled via prctl
[    0.832758] Spectre V2 : Mitigation: Enhanced / Automatic IBRS
[    0.833165] ITS: Mitigation: Aligned branch/return thunks
[    0.833535] Spectre V1 : Mitigation: usercopy/swapgs barriers and __user pointer sanitization
[    0.834127] Spectre V2 : WARNING: Unprivileged eBPF is enabled with eIBRS on, data leaks possible via Spectre v2 BHB attacks!
[    0.834904] Spectre V2 : Spectre v2 / PBRSB-eIBRS: Retire a single CALL on VMEXIT
[    0.835399] Spectre V2 : mitigation: Enabling conditional Indirect Branch Prediction Barrier
[    0.836158] active return thunk: its_return_thunk
[    0.836487] Spectre V2 : Spectre BHI mitigation: SW BHB clearing on syscall and VM exit
[    0.837062] x86/fpu: Supporting XSAVE feature 0x001: 'x87 floating point registers'
[    0.837596] x86/fpu: Supporting XSAVE feature 0x002: 'SSE registers'
[    0.838040] x86/fpu: Supporting XSAVE feature 0x004: 'AVX registers'
[    0.838479] x86/fpu: Supporting XSAVE feature 0x200: 'Protection Keys User registers'
[    0.839020] x86/fpu: xstate_offset[2]:  576, xstate_sizes[2]:  256
[    0.839450] x86/fpu: xstate_offset[9]:  832, xstate_sizes[9]:    8
[    0.839883] x86/fpu: Enabled xstate features 0x207, context size is 840 bytes, using 'compacted' format.
[    0.960593] Freeing SMP alternatives memory: 64K
[    0.960965] pid_max: default: 32768 minimum: 301
[    0.961614] Yama: becoming mindful.
[    0.962206] Mount-cache hash table entries: 4096 (order: 3, 32768 bytes, linear)
[    0.962699] Mountpoint-cache hash table entries: 4096 (order: 3, 32768 bytes, linear)
[    0.964754] Running RCU synchronous self tests
[    0.965061] Running RCU synchronous self tests
[    0.965750] smpboot: CPU0: Genuine Intel(R) 0000 @ (family: 0x6, model: 0xc6, stepping: 0x0)
[    0.967207] Performance Events: unsupported CPU family 6 model 198 no PMU driver, software events only.
[    0.967935] signal: max sigframe size: 3632
[    0.968152] rcu: Hierarchical SRCU implementation.
[    0.968152] rcu: 	Max phase no-delay instances is 1000.
[    0.968152] Timer migration: 1 hierarchy levels; 8 children per group; 1 crossnode level
[    0.985450] NMI watchdog: Perf NMI watchdog permanently disabled
[    0.986112] smp: Bringing up secondary CPUs ...
[    0.987797] smpboot: x86: Booting SMP configuration:
[    0.988149] .... node  #0, CPUs:      #1
[    0.988559] smp: Brought up 1 node, 2 CPUs
[    0.988843] smpboot: Total of 2 processors activated (5068.80 BogoMIPS)
[    0.989429] Memory: 1538728K/2096632K available (81030K kernel code, 15718K rwdata, 18832K rodata, 16436K init, 69828K bss, 546452K reserved, 0K cma-reserved)
[    0.992917] devtmpfs: initialized
[    0.993109] x86/mm: Memory block size: 128MB
[    1.003123] Running RCU synchronous self tests
[    1.004172] Running RCU synchronous self tests
[    1.004493] Running RCU Tasks wait API self tests
[    1.004582] Running RCU Tasks Rude wait API self tests
[    1.004582] Running RCU Tasks Trace wait API self tests
[    1.028213] clocksource: jiffies: mask: 0xffffffff max_cycles: 0xffffffff, max_idle_ns: 7645041785100000 ns
[    1.028961] posixtimers hash table entries: 1024 (order: 5, 73728 bytes, linear)
[    1.029584] futex hash table entries: 512 (65536 bytes on 1 NUMA nodes, total 64 KiB, linear).
[    1.033083] 
[    1.033195] *************************************************************
[    1.033657] **     NOTICE NOTICE NOTICE NOTICE NOTICE NOTICE NOTICE    **
[    1.034123] **                                                         **
[    1.034578] **  IOMMU DebugFS SUPPORT HAS BEEN ENABLED IN THIS KERNEL  **
[    1.035041] **                                                         **
[    1.035504] ** This means that this kernel is built to expose internal **
[    1.035973] ** IOMMU data structures, which may compromise security on **
[    1.036158] ** your system.                                            **
[    1.036623] **                                                         **
[    1.037087] ** If you see this message and you are not debugging the   **
[    1.037560] ** kernel, report this immediately to your vendor!         **
[    1.038024] **                                                         **
[    1.038490] **     NOTICE NOTICE NOTICE NOTICE NOTICE NOTICE NOTICE    **
[    1.038953] *************************************************************
[    1.039488] PM: RTC time: 02:54:39, date: 2026-01-14
[    1.043867] NET: Registered PF_NETLINK/PF_ROUTE protocol family
[    1.045508] DMA: preallocated 256 KiB GFP_KERNEL pool for atomic allocations
[    1.046023] DMA: preallocated 256 KiB GFP_KERNEL|GFP_DMA pool for atomic allocations
[    1.046584] DMA: preallocated 256 KiB GFP_KERNEL|GFP_DMA32 pool for atomic allocations
[    1.047202] audit: initializing netlink subsys (disabled)
[    1.047644] audit: type=2000 audit(1768359279.566:1): state=initialized audit_enabled=0 res=1
[    1.048516] thermal_sys: Registered thermal governor 'fair_share'
[    1.048524] thermal_sys: Registered thermal governor 'bang_bang'
[    1.048979] thermal_sys: Registered thermal governor 'step_wise'
[    1.049405] thermal_sys: Registered thermal governor 'user_space'
[    1.049890] cpuidle: using governor ladder
[    1.049890] cpuidle: using governor menu
[    1.049890] acpiphp: ACPI Hot Plug PCI Controller Driver version: 0.5
[    1.052896] PCI: Using configuration type 1 for base access
[    1.053583] kprobes: kprobe jump-optimization is enabled. All kprobes are optimized if possible.
[    1.056449] Callback from call_rcu_tasks_trace() invoked.
[    1.173427] HugeTLB: registered 1.00 GiB page size, pre-allocated 0 pages
[    1.173945] HugeTLB: 16380 KiB vmemmap can be freed for a 1.00 GiB page
[    1.174404] HugeTLB: registered 2.00 MiB page size, pre-allocated 0 pages
[    1.174866] HugeTLB: 28 KiB vmemmap can be freed for a 2.00 MiB page
[    1.186286] ACPI: Added _OSI(Module Device)
[    1.186610] ACPI: Added _OSI(Processor Device)
[    1.186917] ACPI: Added _OSI(Processor Aggregator Device)
[    1.200450] ACPI: 1 ACPI AML tables successfully acquired and loaded
[    1.204066] ACPI: \_SB_: platform _OSC: OS support mask [002e7eff]
[    1.206220] ACPI: Interpreter enabled
[    1.206583] ACPI: PM: (supports S0 S3 S4 S5)
[    1.206879] ACPI: Using IOAPIC for interrupt routing
[    1.207334] PCI: Using host bridge windows from ACPI; if necessary, use "pci=nocrs" and report a bug
[    1.207958] PCI: Using E820 reservations for host bridge windows
[    1.209186] ACPI: Enabled 2 GPEs in block 00 to 0F
[    1.241979] ACPI: PCI Root Bridge [PCI0] (domain 0000 [bus 00-ff])
[    1.242476] acpi PNP0A03:00: _OSC: OS supports [ASPM ClockPM Segments MSI EDR HPX-Type3]
[    1.243031] acpi PNP0A03:00: _OSC: not requesting OS control; OS requires [ExtendedConfig ASPM ClockPM MSI]
[    1.243743] acpi PNP0A03:00: _OSC: platform retains control of PCIe features (AE_ERROR)
[    1.244258] acpi PNP0A03:00: fail to add MMCONFIG information, can't access extended configuration space under this bridge
[    1.248798] acpiphp: Slot [3] registered
[    1.249181] acpiphp: Slot [4] registered
[    1.249567] acpiphp: Slot [5] registered
[    1.249946] acpiphp: Slot [6] registered
[    1.250347] acpiphp: Slot [7] registered
[    1.250723] acpiphp: Slot [8] registered
[    1.251099] acpiphp: Slot [9] registered
[    1.251487] acpiphp: Slot [10] registered
[    1.251894] acpiphp: Slot [11] registered
[    1.252270] acpiphp: Slot [12] registered
[    1.252653] acpiphp: Slot [13] registered
[    1.253372] acpiphp: Slot [14] registered
[    1.253785] acpiphp: Slot [15] registered
[    1.254176] acpiphp: Slot [16] registered
[    1.254560] acpiphp: Slot [17] registered
[    1.254945] acpiphp: Slot [18] registered
[    1.255352] acpiphp: Slot [19] registered
[    1.255738] acpiphp: Slot [20] registered
[    1.256133] acpiphp: Slot [21] registered
[    1.256270] acpiphp: Slot [22] registered
[    1.256674] acpiphp: Slot [23] registered
[    1.257069] acpiphp: Slot [24] registered
[    1.257453] acpiphp: Slot [25] registered
[    1.257847] acpiphp: Slot [26] registered
[    1.258258] acpiphp: Slot [27] registered
[    1.258645] acpiphp: Slot [28] registered
[    1.259036] acpiphp: Slot [29] registered
[    1.259422] acpiphp: Slot [30] registered
[    1.259829] acpiphp: Slot [31] registered
[    1.260174] PCI host bridge to bus 0000:00
[    1.260522] pci_bus 0000:00: root bus resource [io  0x0000-0x0cf7 window]
[    1.260994] pci_bus 0000:00: root bus resource [io  0x0d00-0xffff window]
[    1.261457] pci_bus 0000:00: root bus resource [mem 0x000a0000-0x000bffff window]
[    1.261964] pci_bus 0000:00: root bus resource [mem 0x80000000-0xfebfffff window]
[    1.262477] pci_bus 0000:00: root bus resource [mem 0x100000000-0x17fffffff window]
[    1.263016] pci_bus 0000:00: root bus resource [bus 00-ff]
[    1.263524] pci 0000:00:00.0: [8086:1237] type 00 class 0x060000 conventional PCI endpoint
[    1.271475] pci 0000:00:01.0: [8086:7000] type 00 class 0x060100 conventional PCI endpoint
[    1.273226] pci 0000:00:01.1: [8086:7010] type 00 class 0x010180 conventional PCI endpoint
[    1.274264] pci 0000:00:01.1: BAR 4 [io  0xc040-0xc04f]
[    1.274647] pci 0000:00:01.1: BAR 0 [io  0x01f0-0x01f7]: legacy IDE quirk
[    1.275111] pci 0000:00:01.1: BAR 1 [io  0x03f6]: legacy IDE quirk
[    1.275533] pci 0000:00:01.1: BAR 2 [io  0x0170-0x0177]: legacy IDE quirk
[    1.275997] pci 0000:00:01.1: BAR 3 [io  0x0376]: legacy IDE quirk
[    1.276620] pci 0000:00:01.3: [8086:7113] type 00 class 0x068000 conventional PCI endpoint
[    1.277419] pci 0000:00:01.3: quirk: [io  0x0600-0x063f] claimed by PIIX4 ACPI
[    1.277921] pci 0000:00:01.3: quirk: [io  0x0700-0x070f] claimed by PIIX4 SMB
[    1.278855] pci 0000:00:02.0: [1234:1111] type 00 class 0x030000 conventional PCI endpoint
[    1.280747] pci 0000:00:02.0: BAR 0 [mem 0xfd000000-0xfdffffff pref]
[    1.281312] pci 0000:00:02.0: BAR 2 [mem 0xfebf0000-0xfebf0fff]
[    1.281735] pci 0000:00:02.0: ROM [mem 0xfebe0000-0xfebeffff pref]
[    1.282611] pci 0000:00:02.0: Video device with shadowed ROM at [mem 0x000c0000-0x000dffff]
[    1.292332] pci 0000:00:03.0: [8086:100e] type 00 class 0x020000 conventional PCI endpoint
[    1.293587] pci 0000:00:03.0: BAR 0 [mem 0xfebc0000-0xfebdffff]
[    1.294010] pci 0000:00:03.0: BAR 1 [io  0xc000-0xc03f]
[    1.294391] pci 0000:00:03.0: ROM [mem 0xfeb80000-0xfebbffff pref]
[    1.313325] ACPI: PCI: Interrupt link LNKA configured for IRQ 10
[    1.314637] ACPI: PCI: Interrupt link LNKB configured for IRQ 10
[    1.315825] ACPI: PCI: Interrupt link LNKC configured for IRQ 11
[    1.316916] ACPI: PCI: Interrupt link LNKD configured for IRQ 11
[    1.317638] ACPI: PCI: Interrupt link LNKS configured for IRQ 9
[    1.324277] iommu: Default domain type: Translated
[    1.324714] iommu: DMA domain TLB invalidation policy: lazy mode
[    1.328762] SCSI subsystem initialized
[    1.332892] ACPI: bus type USB registered
[    1.333474] usbcore: registered new interface driver usbfs
[    1.333993] usbcore: registered new interface driver hub
[    1.334431] usbcore: registered new device driver usb
[    1.335795] pps_core: LinuxPPS API ver. 1 registered
[    1.336131] pps_core: Software ver. 5.3.6 - Copyright 2005-2007 Rodolfo Giometti <giometti@linux.it>
[    1.336248] PTP clock support registered
[    1.340383] EDAC MC: Ver: 3.0.0
[    1.347082] NetLabel: Initializing
[    1.347340] NetLabel:  domain hash size = 128
[    1.347649] NetLabel:  protocols = UNLABELED CIPSOv4 CALIPSO
[    1.348222] NetLabel:  unlabeled traffic allowed by default
[    1.349167] PCI: Using ACPI for IRQ routing
[    1.352402] pci 0000:00:02.0: vgaarb: setting as boot VGA device
[    1.352878] pci 0000:00:02.0: vgaarb: bridge control possible
[    1.353277] pci 0000:00:02.0: vgaarb: VGA device added: decodes=io+mem,owns=io+mem,locks=none
[    1.353866] vgaarb: loaded
[    1.355029] hpet0: at MMIO 0xfed00000, IRQs 2, 8, 0
[    1.355393] hpet0: 3 comparators, 64-bit 100.000000 MHz counter
[    1.358529] clocksource: Switched to clocksource kvm-clock
[    3.352194] VFS: Disk quotas dquot_6.6.0
[    3.352583] VFS: Dquot-cache hash table entries: 512 (order 0, 4096 bytes)
[    3.355994] pnp: PnP ACPI init
[    3.359769] pnp: PnP ACPI: found 6 devices
[    3.404196] clocksource: acpi_pm: mask: 0xffffff max_cycles: 0xffffff, max_idle_ns: 2085701024 ns
[    3.405344] NET: Registered PF_INET protocol family
[    3.406056] IP idents hash table entries: 32768 (order: 6, 262144 bytes, linear)
[    3.408122] tcp_listen_portaddr_hash hash table entries: 1024 (order: 5, 73728 bytes, linear)
[    3.408802] Table-perturb hash table entries: 65536 (order: 6, 262144 bytes, linear)
[    3.409454] TCP established hash table entries: 16384 (order: 5, 131072 bytes, linear)
[    3.410564] TCP bind hash table entries: 16384 (order: 10, 2359296 bytes, linear)
[    3.413471] TCP: Hash tables configured (established 16384 bind 16384)
[    3.414195] UDP hash table entries: 1024 (order: 6, 262144 bytes, linear)
[    3.414862] UDP-Lite hash table entries: 1024 (order: 6, 262144 bytes, linear)
[    3.415895] NET: Registered PF_UNIX/PF_LOCAL protocol family
[    3.418338] RPC: Registered named UNIX socket transport module.
[    3.418797] RPC: Registered udp transport module.
[    3.419123] RPC: Registered tcp transport module.
[    3.419448] RPC: Registered tcp-with-tls transport module.
[    3.419830] RPC: Registered tcp NFSv4.1 backchannel transport module.
[    3.420314] pci_bus 0000:00: resource 4 [io  0x0000-0x0cf7 window]
[    3.420750] pci_bus 0000:00: resource 5 [io  0x0d00-0xffff window]
[    3.421179] pci_bus 0000:00: resource 6 [mem 0x000a0000-0x000bffff window]
[    3.421652] pci_bus 0000:00: resource 7 [mem 0x80000000-0xfebfffff window]
[    3.422143] pci_bus 0000:00: resource 8 [mem 0x100000000-0x17fffffff window]
[    3.422936] pci 0000:00:01.0: PIIX3: Enabling Passive Release
[    3.423346] pci 0000:00:00.0: Limiting direct PCI/PCI transfers
[    3.423839] PCI: CLS 0 bytes, default 64
[    3.424261] ACPI: bus type thunderbolt registered
[    3.425065] clocksource: tsc: mask: 0xffffffffffffffff max_cycles: 0x12441513526, max_idle_ns: 440795239872 ns
[    3.432843] Initialise system trusted keyrings
[    3.433310] Key type blacklist registered
[    3.434071] workingset: timestamp_bits=36 max_order=19 bucket_order=0
[    3.436613] squashfs: version 4.0 (2009/01/31) Phillip Lougher
[    3.439715] NFS: Registering the id_resolver key type
[    3.440083] Key type id_resolver registered
[    3.440375] Key type id_legacy registered
[    3.440724] nfs4filelayout_init: NFSv4 File Layout Driver Registering...
[    3.441245] nfs4flexfilelayout_init: NFSv4 Flexfile Layout Driver Registering...
[    3.442068] fuse: init (API version 7.45)
[    3.442908] SGI XFS with ACLs, security attributes, realtime, quota, no debug enabled
[    3.476537] 9p: Installing v9fs 9p2000 file system support
[    3.482136] Callback from call_rcu_tasks() invoked.
[    3.486695] Key type asymmetric registered
[    3.487016] Asymmetric key parser 'x509' registered
[    3.487603] Block layer SCSI generic (bsg) driver version 0.4 loaded (major 241)
[    3.489059] io scheduler mq-deadline registered
[    3.489545] io scheduler bfq registered
[    3.490966] ledtrig-cpu: registered to indicate activity on CPUs
[    3.493062] IPMI message handler: version 39.2
[    3.493455] ipmi device interface
[    3.496195] input: Power Button as /devices/platform/LNXPWRBN:00/input/input0
[    3.497094] ACPI: button: Power Button [PWRF]
[    3.499886] ERST DBG: ERST support is disabled.
[    3.502137] Serial: 8250/16550 driver, 32 ports, IRQ sharing enabled
[    3.504139] 00:04: ttyS0 at I/O 0x3f8 (irq = 4, base_baud = 115200) is a 16550A
[    3.539753] Linux agpgart interface v0.103
[    3.544383] ACPI: bus type drm_connector registered
[    3.572237] brd: module loaded
[    3.588551] loop: module loaded
[    3.602769] scsi host0: ata_piix
[    3.605110] scsi host1: ata_piix
[    3.605803] ata1: PATA max MWDMA2 cmd 0x1f0 ctl 0x3f6 bmdma 0xc040 irq 14 lpm-pol 0
[    3.606357] ata2: PATA max MWDMA2 cmd 0x170 ctl 0x376 bmdma 0xc048 irq 15 lpm-pol 0
[    3.610130] tun: Universal TUN/TAP device driver, 1.6
[    3.611194] e100: Intel(R) PRO/100 Network Driver
[    3.611574] e100: Copyright(c) 1999-2006 Intel Corporation
[    3.612136] e1000: Intel(R) PRO/1000 Network Driver
[    3.612504] e1000: Copyright (c) 1999-2006 Intel Corporation.
[    3.762148] ata2: found unknown device (class 0)
[    3.762878] ata1: found unknown device (class 0)
[    3.763784] ata1.00: ATA-7: QEMU HARDDISK, 2.5+, max UDMA/100
[    3.764198] ata1.00: 17196647 sectors, multi 16: LBA48 
[    3.764957] ata2.00: ATAPI: QEMU DVD-ROM, 2.5+, max UDMA/100
[    3.767339] scsi 0:0:0:0: Direct-Access     ATA      QEMU HARDDISK    2.5+ PQ: 0 ANSI: 5
[    3.769557] sd 0:0:0:0: Attached scsi generic sg0 type 0
[    3.770784] scsi 1:0:0:0: CD-ROM            QEMU     QEMU DVD-ROM     2.5+ PQ: 0 ANSI: 5
[    3.771506] sd 0:0:0:0: [sda] 17196647 512-byte logical blocks: (8.80 GB/8.20 GiB)
[    3.772138] sd 0:0:0:0: [sda] Write Protect is off
[    3.772715] sd 0:0:0:0: [sda] Write cache: enabled, read cache: enabled, doesn't support DPO or FUA
[    3.773711] sd 0:0:0:0: [sda] Preferred minimum I/O size 512 bytes
[    3.792780] scsi 1:0:0:0: Attached scsi generic sg1 type 5
[    3.794107] sd 0:0:0:0: [sda] Attached SCSI disk
[    4.197365] ACPI: \_SB_.LNKC: Enabled at IRQ 11
[    4.505526] e1000 0000:00:03.0 eth0: (PCI:33MHz:32-bit) 52:54:00:12:34:56
[    4.506109] e1000 0000:00:03.0 eth0: Intel(R) PRO/1000 Network Connection
[    4.506770] e1000e: Intel(R) PRO/1000 Network Driver
[    4.507120] e1000e: Copyright(c) 1999 - 2015 Intel Corporation.
[    4.507688] igb: Intel(R) Gigabit Ethernet Network Driver
[    4.508065] igb: Copyright (c) 2007-2014 Intel Corporation.
[    4.508819] PPP generic driver version 2.4.2
[    4.510631] VFIO - User Level meta-driver version: 0.3
[    4.512624] usbcore: registered new interface driver uas
[    4.513121] usbcore: registered new interface driver usb-storage
[    4.514904] i8042: PNP: PS/2 Controller [PNP0303:KBD,PNP0f13:MOU] at 0x60,0x64 irq 1,12
[    4.516596] serio: i8042 KBD port at 0x60,0x64 irq 1
[    4.517007] serio: i8042 AUX port at 0x60,0x64 irq 12
[    4.518494] mousedev: PS/2 mouse device common for all mice
[    4.520204] input: AT Translated Set 2 keyboard as /devices/platform/i8042/serio0/input/input1
[    4.521565] rtc_cmos 00:05: RTC can wake from S4
[    4.523388] input: VirtualPS/2 VMware VMMouse as /devices/platform/i8042/serio1/input/input4
[    4.524076] rtc_cmos 00:05: registered as rtc0
[    4.524492] rtc_cmos 00:05: setting system clock to 2026-01-14T02:54:42 UTC (1768359282)
[    4.525525] rtc_cmos 00:05: alarms up to one day, y3k, 242 bytes nvram, hpet irqs
[    4.525628] input: VirtualPS/2 VMware VMMouse as /devices/platform/i8042/serio1/input/input3
[    4.526168] i2c_dev: i2c /dev entries driver
[    4.527210] device-mapper: core: CONFIG_IMA_DISABLE_HTABLE is disabled. Duplicate IMA measurements will not be recorded in the IMA log.
[    4.528175] device-mapper: uevent: version 1.0.3
[    4.528934] device-mapper: ioctl: 4.50.0-ioctl (2025-04-28) initialised: dm-devel@lists.linux.dev
[    4.529623] intel_pstate: CPU model not supported
[    4.530235] sdhci: Secure Digital Host Controller Interface driver
[    4.530681] sdhci: Copyright(c) Pierre Ossman
[    4.531204] sdhci-pltfm: SDHCI platform and OF driver helper
[    4.532247] drop_monitor: Initializing network drop monitor service
[    4.533147] NET: Registered PF_INET6 protocol family
[    4.536211] Segment Routing with IPv6
[    4.536572] In-situ OAM (IOAM) with IPv6
[    4.536938] NET: Registered PF_PACKET protocol family
[    4.537648] 9pnet: Installing 9P2000 support
[    4.538131] Key type dns_resolver registered
[    4.540950] IPI shorthand broadcast: enabled
[    4.591177] sched_clock: Marking stable (4576008406, 13882623)->(4616318911, -26427882)
[    4.593422] registered taskstats version 1
[    4.594541] Loading compiled-in X.509 certificates
[    4.659436] Demotion targets for Node 0: null
[    4.661514] Key type .fscrypt registered
[    4.661825] Key type fscrypt-provisioning registered
[    4.668426] Key type encrypted registered
[    4.668797] ima: No TPM chip found, activating TPM-bypass!
[    4.669216] ima: Allocated hash algorithm: sha1
[    4.669639] ima: No architecture policies found
[    4.670171] evm: Initialising EVM extended attributes:
[    4.670537] evm: security.selinux
[    4.670779] evm: security.SMACK64
[    4.671017] evm: security.SMACK64EXEC
[    4.671283] evm: security.SMACK64TRANSMUTE
[    4.671576] evm: security.SMACK64MMAP
[    4.671837] evm: security.apparmor
[    4.672075] evm: security.ima
[    4.672285] evm: security.capability
[    4.672532] evm: HMAC attrs: 0x1
[    4.675171] PM:   Magic number: 10:121:915
[    4.675558] port serial8250:0.9: hash matches
[    4.676987] RAS: Correctable Errors collector initialized.
[    4.678132] clk: Disabling unused clocks
[    4.678486] PM: genpd: Disabling unused power domains
[    4.679538] check access for rdinit=/init failed: -2, ignoring
[    4.679829] md: Waiting for all devices to be available before autodetect
[    4.680146] md: If you don't use raid, use raid=noautodetect
[    4.680419] md: Autodetecting RAID arrays.
[    4.680628] md: autorun ...
[    4.680775] md: ... autorun DONE.
[    4.696148] EXT4-fs (sda): mounted filesystem 088740a9-c8b4-422c-999d-a804eb68a4da ro with ordered data mode. Quota mode: none.
[    4.696826] VFS: Mounted root (ext4 filesystem) readonly on device 8:0.
[    4.701364] devtmpfs: mounted
[    4.719091] Freeing unused decrypted memory: 2036K
[    4.732234] Freeing unused kernel image (initmem) memory: 16436K
[    4.732758] Write protecting the kernel read-only data: 102400k
[    4.735679] Freeing unused kernel image (text/rodata gap) memory: 888K
[    4.737969] Freeing unused kernel image (rodata/data gap) memory: 1648K
[    4.795411] x86/mm: Checked W+X mappings: passed, no W+X pages found.
[    4.795794] Run /sbin/init as init process
[    5.066885] systemd[1]: systemd 252-15.el9 running in system mode (+PAM +AUDIT +SELINUX -APPARMOR +IMA +SMACK +SECCOMP +GCRYPT +GNUTLS +OPENSSL +ACL +BLKID +CURL +ELFUTILS -FIDO2 +IDN2 -IDN -IPTC +KMOD +LIBCRYPTSETUP +LIBFDISK +PCRE2 -PWQUALITY +P11KIT -QRENCODE +TPM2 +BZIP2 +LZ4 +XZ +ZLIB +ZSTD -BPF_FRAMEWORK +XKBCOMMON +UTMP +SYSVINIT default-hierarchy=unified)
[    5.068291] systemd[1]: Detected virtualization kvm.
[    5.068533] systemd[1]: Detected architecture x86-64.

Welcome to [0;31mCentOS Stream 9[0m!

[    5.074694] systemd[1]: Hostname set to <test>.
[    5.240644] systemd-rc-local-generator[122]: /etc/rc.d/rc.local is not marked executable, skipping.
[    5.581715] systemd[1]: Queued start job for default target Multi-User System.
[    5.609462] systemd[1]: Created slice Virtual Machine and Container Slice.
[[0;32m  OK  [0m] Created slice [0;1;39mVirtual Machine and Container Slice[0m.
[    5.614009] systemd[1]: Created slice Slice /system/getty.
[[0;32m  OK  [0m] Created slice [0;1;39mSlice /system/getty[0m.
[    5.616603] systemd[1]: Created slice Slice /system/modprobe.
[[0;32m  OK  [0m] Created slice [0;1;39mSlice /system/modprobe[0m.
[    5.619160] systemd[1]: Created slice Slice /system/serial-getty.
[[0;32m  OK  [0m] Created slice [0;1;39mSlice /system/serial-getty[0m.
[    5.621526] systemd[1]: Created slice Slice /system/sshd-keygen.
[[0;32m  OK  [0m] Created slice [0;1;39mSlice /system/sshd-keygen[0m.
[    5.623663] systemd[1]: Created slice User and Session Slice.
[[0;32m  OK  [0m] Created slice [0;1;39mUser and Session Slice[0m.
[    5.624909] systemd[1]: Started Forward Password Requests to Wall Directory Watch.
[[0;32m  OK  [0m] Started [0;1;39mForward Password R…uests to Wall Directory Watch[0m.
[    5.626868] systemd[1]: Set up automount Arbitrary Executable File Formats File System Automount Point.
[[0;32m  OK  [0m] Set up automount [0;1;39mArbitrary…s File System Automount Point[0m.
[    5.628381] systemd[1]: Reached target Local Integrity Protected Volumes.
[[0;32m  OK  [0m] Reached target [0;1;39mLocal Integrity Protected Volumes[0m.
[    5.629535] systemd[1]: Reached target Slice Units.
[[0;32m  OK  [0m] Reached target [0;1;39mSlice Units[0m.
[    5.630271] systemd[1]: Reached target Swaps.
[[0;32m  OK  [0m] Reached target [0;1;39mSwaps[0m.
[    5.631090] systemd[1]: Reached target Local Verity Protected Volumes.
[[0;32m  OK  [0m] Reached target [0;1;39mLocal Verity Protected Volumes[0m.
[    5.632446] systemd[1]: Listening on Device-mapper event daemon FIFOs.
[[0;32m  OK  [0m] Listening on [0;1;39mDevice-mapper event daemon FIFOs[0m.
[    5.634159] systemd[1]: Listening on LVM2 poll daemon socket.
[[0;32m  OK  [0m] Listening on [0;1;39mLVM2 poll daemon socket[0m.
[    5.635359] systemd[1]: multipathd control socket was skipped because of an unmet condition check (ConditionPathExists=/etc/multipath.conf).
[    5.680923] systemd[1]: Listening on RPCbind Server Activation Socket.
[[0;32m  OK  [0m] Listening on [0;1;39mRPCbind Server Activation Socket[0m.
[    5.681990] systemd[1]: Reached target RPC Port Mapper.
[[0;32m  OK  [0m] Reached target [0;1;39mRPC Port Mapper[0m.
[    5.684972] systemd[1]: Listening on Process Core Dump Socket.
[[0;32m  OK  [0m] Listening on [0;1;39mProcess Core Dump Socket[0m.
[    5.686130] systemd[1]: Listening on initctl Compatibility Named Pipe.
[[0;32m  OK  [0m] Listening on [0;1;39minitctl Compatibility Named Pipe[0m.
[    5.687462] systemd[1]: Listening on Journal Socket (/dev/log).
[[0;32m  OK  [0m] Listening on [0;1;39mJournal Socket (/dev/log)[0m.
[    5.689431] systemd[1]: Listening on Journal Socket.
[[0;32m  OK  [0m] Listening on [0;1;39mJournal Socket[0m.
[    5.690702] systemd[1]: Listening on udev Control Socket.
[[0;32m  OK  [0m] Listening on [0;1;39mudev Control Socket[0m.
[    5.691759] systemd[1]: Listening on udev Kernel Socket.
[[0;32m  OK  [0m] Listening on [0;1;39mudev Kernel Socket[0m.
[    5.706476] systemd[1]: Mounting Huge Pages File System...
         Mounting [0;1;39mHuge Pages File System[0m...
[    5.711522] systemd[1]: Mounting POSIX Message Queue File System...
         Mounting [0;1;39mPOSIX Message Queue File System[0m...
[    5.718016] systemd[1]: Mounting Kernel Debug File System...
         Mounting [0;1;39mKernel Debug File System[0m...
[    5.726883] systemd[1]: Mounting Kernel Trace File System...
         Mounting [0;1;39mKernel Trace File System[0m...
[    5.730028] systemd[1]: Kernel Module supporting RPCSEC_GSS was skipped because of an unmet condition check (ConditionPathExists=/etc/krb5.keytab).
[    5.730731] systemd[1]: Create List of Static Device Nodes was skipped because of an unmet condition check (ConditionFileNotEmpty=/lib/modules/6.19.0-rc5-80f60a6b0c1e+/modules.devname).
[    5.736323] systemd[1]: Starting Monitoring of LVM2 mirrors, snapshots etc. using dmeventd or progress polling...
         Starting [0;1;39mMonitoring of LVM…meventd or progress polling[0m...
[    5.742408] systemd[1]: Starting Load Kernel Module configfs...
         Starting [0;1;39mLoad Kernel Module configfs[0m...
[    5.752137] systemd[1]: Starting Load Kernel Module drm...
         Starting [0;1;39mLoad Kernel Module drm[0m...
[    5.770149] systemd[1]: Starting Load Kernel Module fuse...
         Starting [0;1;39mLoad Kernel Module fuse[0m...
[    5.776228] systemd[1]: Starting Read and set NIS domainname from /etc/sysconfig/network...
         Starting [0;1;39mRead and set NIS …from /etc/sysconfig/network[0m...
[    5.787864] systemd[1]: Starting Journal Service...
         Starting [0;1;39mJournal Service[0m...
[    5.804538] systemd[1]: Starting Load Kernel Modules...
         Starting [0;1;39mLoad Kernel Modules[0m...
[    5.818334] systemd[1]: Starting Generate network units from Kernel command line...
         Starting [0;1;39mGenerate network …ts from Kernel command line[0m...
[    5.854643] systemd[1]: Starting Remount Root and Kernel File Systems...
         Starting [0;1;39mRemount Root and Kernel File Systems[0m...
[    5.856732] systemd[1]: Repartition Root Disk was skipped because no trigger condition checks were met.
[    5.862199] systemd[1]: Starting Coldplug All udev Devices...
         Starting [0;1;39mColdplug All udev Devices[0m...
[    5.883202] systemd[1]: Mounted Huge Pages File System.
[[0;32m  OK  [0m] Mounted [0;1;39mHuge Pages File System[0m.
[    5.887047] systemd[1]: Mounted POSIX Message Queue File System.
[[0;32m  OK  [0m] Mounted [0;1;39mPOSIX Message Queue File System[0m.
[    5.890943] systemd[1]: Mounted Kernel Debug File System.
[[0;32m  OK  [0m] Mounted [0;1;39mKernel Debug File System[0m.
[    5.894218] systemd[1]: Mounted Kernel Trace File System.
[[0;32m  OK  [0m] Mounted [0;1;39mKernel Trace File System[0m.
[    5.896228] systemd[1]: Finished Monitoring of LVM2 mirrors, snapshots etc. using dmeventd or progress polling.
[[0;32m  OK  [0m] Finished [0;1;39mMonitoring of LVM… dmeventd or progress polling[0m.
[    5.903429] systemd[1]: modprobe@configfs.service: Deactivated successfully.
[    5.904656] systemd[1]: Finished Load Kernel Module configfs.
[[0;32m  OK  [0m] Finished [0;1;39mLoad Kernel Module configfs[0m.
[    5.911322] systemd[1]: modprobe@drm.service: Deactivated successfully.
[    5.912485] systemd[1]: Finished Load Kernel Module drm.
[[0;32m  OK  [0m] Finished [0;1;39mLoad Kernel Module drm[0m.
[    5.919954] systemd[1]: modprobe@fuse.service: Deactivated successfully.
[    5.921168] systemd[1]: Finished Load Kernel Module fuse.
[[0;32m  OK  [0m] Finished [0;1;39mLoad Kernel Module fuse[0m.
[    5.923664] systemd[1]: Finished Read and set NIS domainname from /etc/sysconfig/network.
[[0;32m  OK  [0m] Finished [0;1;39mRead and set NIS …e from /etc/sysconfig/network[0m.
[    5.930435] systemd[1]: systemd-modules-load.service: Main process exited, code=exited, status=1/FAILURE
[    5.930729] EXT4-fs (sda): re-mounted 088740a9-c8b4-422c-999d-a804eb68a4da r/w.
[    5.931540] systemd[1]: systemd-modules-load.service: Failed with result 'exit-code'.
[    5.932763] systemd[1]: Failed to start Load Kernel Modules.
[[0;1;31mFAILED[0m] Failed to start [0;1;39mLoad Kernel Modules[0m.
See 'systemctl status systemd-modules-load.service' for details.
[    5.940725] systemd[1]: Finished Generate network units from Kernel command line.
[[0;32m  OK  [0m] Finished [0;1;39mGenerate network units from Kernel command line[0m.
[    5.946297] systemd[1]: Started Journal Service.
[[0;32m  OK  [0m] Started [0;1;39mJournal Service[0m.
[[0;32m  OK  [0m] Finished [0;1;39mRemount Root and Kernel File Systems[0m.
[[0;32m  OK  [0m] Reached target [0;1;39mPreparation for Network[0m.
         Mounting [0;1;39mFUSE Control File System[0m...
         Mounting [0;1;39mKernel Configuration File System[0m...
         Starting [0;1;39mFlush Journal to Persistent Storage[0m...
         Starting [0;1;39mLoad/Save Random Seed[0m...
[    6.030370] systemd-journald[144]: Received client request to flush runtime journal.
         Starting [0;1;39mApply Kernel Variables[0m...
         Starting [0;1;39mCreate Static Device Nodes in /dev[0m...
         Starting [0;1;39mSetup Virtual Console[0m...
[[0;32m  OK  [0m] Mounted [0;1;39mFUSE Control File System[0m.
[[0;32m  OK  [0m] Mounted [0;1;39mKernel Configuration File System[0m.
[[0;32m  OK  [0m] Finished [0;1;39mFlush Journal to Persistent Storage[0m.
[[0;32m  OK  [0m] Finished [0;1;39mLoad/Save Random Seed[0m.
[[0;32m  OK  [0m] Finished [0;1;39mApply Kernel Variables[0m.
[[0;32m  OK  [0m] Finished [0;1;39mCreate Static Device Nodes in /dev[0m.
         Starting [0;1;39mRule-based Manage…for Device Events and Files[0m...
[[0;32m  OK  [0m] Started [0;1;39mRule-based Manager for Device Events and Files[0m.
[[0;32m  OK  [0m] Finished [0;1;39mColdplug All udev Devices[0m.
         Starting [0;1;39mAuto-connect to s…E devices found during boot[0m...
         Starting [0;1;39mWait for udev To …plete Device Initialization[0m...
[[0;32m  OK  [0m] Finished [0;1;39mSetup Virtual Console[0m.
[[0;32m  OK  [0m] Finished [0;1;39mAuto-connect to s…VME devices found during boot[0m.
[[0;32m  OK  [0m] Started [0;1;39mDispatch Password …ts to Console Directory Watch[0m.
[[0;32m  OK  [0m] Reached target [0;1;39mLocal Encrypted Volumes[0m.
[[0;32m  OK  [0m] Reached target [0;1;39mPath Units[0m.
[[0;32m  OK  [0m] Found device [0;1;39m/dev/ttyS0[0m.
[[0;32m  OK  [0m] Listening on [0;1;39mLoad/Save RF …itch Status /dev/rfkill Watch[0m.
[[0;32m  OK  [0m] Finished [0;1;39mWait for udev To Complete Device Initialization[0m.
[[0;32m  OK  [0m] Reached target [0;1;39mPreparation for Local File Systems[0m.
[[0;32m  OK  [0m] Reached target [0;1;39mLocal File Systems[0m.
         Starting [0;1;39mTell Plymouth To Write Out Runtime Data[0m...
         Starting [0;1;39mAutomatic Boot Loader Update[0m...
         Starting [0;1;39mCreate Volatile Files and Directories[0m...
[[0;32m  OK  [0m] Finished [0;1;39mTell Plymouth To Write Out Runtime Data[0m.
[[0;32m  OK  [0m] Finished [0;1;39mAutomatic Boot Loader Update[0m.
[[0;32m  OK  [0m] Finished [0;1;39mCreate Volatile Files and Directories[0m.
         Mounting [0;1;39mRPC Pipe File System[0m...
         Starting [0;1;39mSecurity Auditing Service[0m...
         Starting [0;1;39mRPC Bind[0m...
[[0;32m  OK  [0m] Mounted [0;1;39mRPC Pipe File System[0m.
[[0;32m  OK  [0m] Reached target [0;1;39mrpc_pipefs.target[0m.
[[0;32m  OK  [0m] Started [0;1;39mRPC Bind[0m.
[[0;32m  OK  [0m] Started [0;1;39mSecurity Auditing Service[0m.
         Starting [0;1;39mRecord System Boot/Shutdown in UTMP[0m...
[[0;32m  OK  [0m] Finished [0;1;39mRecord System Boot/Shutdown in UTMP[0m.
[[0;32m  OK  [0m] Reached target [0;1;39mSystem Initialization[0m.
[[0;32m  OK  [0m] Started [0;1;39mDaily rotation of log files[0m.
[[0;32m  OK  [0m] Started [0;1;39mUpdates mlocate database every day[0m.
[[0;32m  OK  [0m] Started [0;1;39mDaily Cleanup of Temporary Directories[0m.
[[0;32m  OK  [0m] Started [0;1;39mdaily update of the root trust anchor for DNSSEC[0m.
[[0;32m  OK  [0m] Reached target [0;1;39mTimer Units[0m.
[[0;32m  OK  [0m] Listening on [0;1;39mD-Bus System Message Bus Socket[0m.
[[0;32m  OK  [0m] Listening on [0;1;39mOpen-iSCSI iscsid Socket[0m.
[[0;32m  OK  [0m] Listening on [0;1;39mOpen-iSCSI iscsiuio Socket[0m.
[[0;32m  OK  [0m] Listening on [0;1;39mSSSD Kerberos…ache Manager responder socket[0m.
[[0;32m  OK  [0m] Listening on [0;1;39mLibvirt interface local socket[0m.
[[0;32m  OK  [0m] Listening on [0;1;39mVirtual machine lock manager socket[0m.
[[0;32m  OK  [0m] Listening on [0;1;39mVirtual machine log manager socket[0m.
[[0;32m  OK  [0m] Listening on [0;1;39mLibvirt network local socket[0m.
[[0;32m  OK  [0m] Listening on [0;1;39mLibvirt nodedev local socket[0m.
[[0;32m  OK  [0m] Listening on [0;1;39mLibvirt nwfilter local socket[0m.
[[0;32m  OK  [0m] Listening on [0;1;39mLibvirt proxy local socket[0m.
[[0;32m  OK  [0m] Listening on [0;1;39mLibvirt qemu local socket[0m.
[[0;32m  OK  [0m] Listening on [0;1;39mLibvirt qemu admin socket[0m.
[[0;32m  OK  [0m] Listening on [0;1;39mLibvirt qemu local read-only socket[0m.
[[0;32m  OK  [0m] Listening on [0;1;39mLibvirt secret local socket[0m.
[[0;32m  OK  [0m] Listening on [0;1;39mLibvirt storage local socket[0m.
[[0;32m  OK  [0m] Reached target [0;1;39mSocket Units[0m.
         Starting [0;1;39mD-Bus System Message Bus[0m...
[[0;32m  OK  [0m] Started [0;1;39mD-Bus System Message Bus[0m.
[[0;32m  OK  [0m] Reached target [0;1;39mBasic System[0m.
         Starting [0;1;39mNetwork Manager[0m...
         Starting [0;1;39mNTP client/server[0m...
         Starting [0;1;39mRestore /run/initramfs on shutdown[0m...
[[0;32m  OK  [0m] Started [0;1;39mirqbalance daemon[0m.
[[0;32m  OK  [0m] Started [0;1;39mlibstoragemgmt plug-in server daemon[0m.
[[0;32m  OK  [0m] Started [0;1;39mMachine Check Exception Logging Daemon[0m.
[[0;32m  OK  [0m] Reached target [0;1;39msshd-keygen.target[0m.
[[0;32m  OK  [0m] Reached target [0;1;39mUser and Group Name Lookups[0m.
         Starting [0;1;39mUser Login Management[0m...
         Starting [0;1;39mVirtual Machine a…tainer Registration Service[0m...
         Starting [0;1;39mupdate of the roo…NSSEC validation in unbound[0m...
         Starting [0;1;39mRotate log files[0m...
[[0;32m  OK  [0m] Started [0;1;39mUpdate a database for mlocate[0m.
[[0;32m  OK  [0m] Finished [0;1;39mRestore /run/initramfs on shutdown[0m.
[[0;32m  OK  [0m] Started [0;1;39mNTP client/server[0m.
[[0;32m  OK  [0m] Started [0;1;39mVirtual Machine an…ontainer Registration Service[0m.
         Starting [0;1;39mHostname Service[0m...
[[0;32m  OK  [0m] Started [0;1;39mUser Login Management[0m.
[[0;32m  OK  [0m] Finished [0;1;39mupdate of the roo… DNSSEC validation in unbound[0m.
[[0;32m  OK  [0m] Started [0;1;39mHostname Service[0m.
         Starting [0;1;39mNetwork Manager Script Dispatcher Service[0m...
[[0;32m  OK  [0m] Finished [0;1;39mRotate log files[0m.
[[0;32m  OK  [0m] Started [0;1;39mNetwork Manager Script Dispatcher Service[0m.
[    9.430225] e1000: eth0 NIC Link is Up 1000 Mbps Full Duplex, Flow Control: RX
[[0;32m  OK  [0m] Started [0;1;39mNetwork Manager[0m.
[[0;32m  OK  [0m] Reached target [0;1;39mNetwork[0m.
[[0;32m  OK  [0m] Reached target [0;1;39mNetwork is Online[0m.
         Starting [0;1;39mGSSAPI Proxy Daemon[0m...
         Starting [0;1;39mNotify NFS peers of a restart[0m...
         Starting [0;1;39mSystem Logging Service[0m...
         Starting [0;1;39mOpenSSH server daemon[0m...
         Starting [0;1;39mDynamic System Tuning Daemon[0m...
[[0;32m  OK  [0m] Started [0;1;39mNotify NFS peers of a restart[0m.
[[0;32m  OK  [0m] Started [0;1;39mGSSAPI Proxy Daemon[0m.
[[0;32m  OK  [0m] Reached target [0;1;39mNFS client services[0m.
[[0;32m  OK  [0m] Reached target [0;1;39mPreparation for Remote File Systems[0m.
[[0;32m  OK  [0m] Reached target [0;1;39mRemote File Systems[0m.
         Starting [0;1;39mPermit User Sessions[0m...
         Starting [0;1;39mVirtualization qemu daemon[0m...
[[0;32m  OK  [0m] Started [0;1;39mOpenSSH server daemon[0m.
[[0;32m  OK  [0m] Finished [0;1;39mPermit User Sessions[0m.
[[0;32m  OK  [0m] Started [0;1;39mDeferred execution scheduler[0m.
[[0;32m  OK  [0m] Started [0;1;39mCommand Scheduler[0m.
         Starting [0;1;39mHold until boot process finishes up[0m...
         Starting [0;1;39mTerminate Plymouth Boot Screen[0m...
[[0;32m  OK  [0m] Started [0;1;39mSystem Logging Service[0m.
[[0;32m  OK  [0m] Started [0;1;39mVirtualization qemu daemon[0m.
[[0;32m  OK  [0m] Finished [0;1;39mHold until boot process finishes up[0m.
[[0;32m  OK  [0m] Finished [0;1;39mTerminate Plymouth Boot Screen[0m.
[[0;32m  OK  [0m] Started [0;1;39mGetty on tty1[0m.
[[0;32m  OK  [0m] Started [0;1;39mSerial Getty on ttyS0[0m.
[[0;32m  OK  [0m] Reached target [0;1;39mLogin Prompts[0m.
         Starting [0;1;39mAuthorization Manager[0m...
[[0;32m  OK  [0m] Started [0;1;39mAuthorization Manager[0m.
[[0;32m  OK  [0m] Started [0;1;39mDynamic System Tuning Daemon[0m.
[[0;32m  OK  [0m] Reached target [0;1;39mMulti-User System[0m.
         Starting [0;1;39mRecord Runlevel Change in UTMP[0m...
[[0;32m  OK  [0m] Finished [0;1;39mRecord Runlevel Change in UTMP[0m.

CentOS Stream 9
Kernel 6.19.0-rc5-80f60a6b0c1e+ on an x86_64

Activate the web console with: systemctl enable --now cockpit.socket

test login: [   18.640581] Adding 124996k swap on ./swap-file.  Priority:0 extents:1 across:124996k 
[   18.662409] 
[   18.662517] ============================================
[   18.662797] WARNING: possible recursive locking detected
[   18.663049] 6.19.0-rc5-80f60a6b0c1e+ #1 Not tainted
[   18.663283] --------------------------------------------
[   18.663537] repro/725 is trying to acquire lock:
[   18.663761] ffff888013378018 (&cluster_info[i].lock){+.+.}-{3:3}, at: swap_free_hibernation_slot+0x13e/0x2a0
[   18.664245] 
[   18.664245] but task is already holding lock:
[   18.664521] ffff888013378018 (&cluster_info[i].lock){+.+.}-{3:3}, at: swap_free_hibernation_slot+0xfa/0x2a0
[   18.664982] 
[   18.664982] other info that might help us debug this:
[   18.665288]  Possible unsafe locking scenario:
[   18.665288] 
[   18.665567]        CPU0
[   18.665694]        ----
[   18.665816]   lock(&cluster_info[i].lock);
[   18.666018]   lock(&cluster_info[i].lock);
[   18.666218] 
[   18.666218]  *** DEADLOCK ***
[   18.666218] 
[   18.666495]  May be due to missing lock nesting notation
[   18.666495] 
[   18.666811] 2 locks held by repro/725:
[   18.666996]  #0: ffffffff8753ec28 (system_transition_mutex){+.+.}-{4:4}, at: lock_system_sleep+0x92/0xb0
[   18.667456]  #1: ffff888013378018 (&cluster_info[i].lock){+.+.}-{3:3}, at: swap_free_hibernation_slot+0xfa/0x2a0
[   18.667942] 
[   18.667942] stack backtrace:
[   18.668156] CPU: 0 UID: 0 PID: 725 Comm: repro Not tainted 6.19.0-rc5-80f60a6b0c1e+ #1 PREEMPT(voluntary) 
[   18.668164] Hardware name: QEMU Standard PC (i440FX + PIIX, 1996), BIOS rel-1.16.0-0-gd239552ce722-prebuilt.qemu.org 04/01/2014
[   18.668172] Call Trace:
[   18.668178]  <TASK>
[   18.668181]  dump_stack_lvl+0xea/0x150
[   18.668207]  dump_stack+0x19/0x20
[   18.668213]  print_deadlock_bug+0x22e/0x300
[   18.668230]  __lock_acquire+0x1325/0x2210
[   18.668244]  lock_acquire+0x170/0x2f0
[   18.668255]  ? swap_free_hibernation_slot+0x13e/0x2a0
[   18.668268]  _raw_spin_lock+0x38/0x50
[   18.668280]  ? swap_free_hibernation_slot+0x13e/0x2a0
[   18.668289]  swap_free_hibernation_slot+0x13e/0x2a0
[   18.668299]  ? __pfx_swap_free_hibernation_slot+0x10/0x10
[   18.668308]  ? locks_remove_file+0xe2/0x7f0
[   18.668323]  ? __pfx_snapshot_release+0x10/0x10
[   18.668335]  free_all_swap_pages+0xdd/0x160
[   18.668346]  ? __pfx_snapshot_release+0x10/0x10
[   18.668356]  snapshot_release+0xac/0x200
[   18.668367]  __fput+0x41f/0xb70
[   18.668379]  ____fput+0x22/0x30
[   18.668385]  task_work_run+0x19e/0x2b0
[   18.668401]  ? __pfx_task_work_run+0x10/0x10
[   18.668412]  ? nsproxy_free+0x2da/0x5b0
[   18.668423]  ? switch_task_namespaces+0x118/0x130
[   18.668432]  do_exit+0x869/0x2810
[   18.668448]  ? do_group_exit+0x1d8/0x2c0
[   18.668460]  ? __pfx_do_exit+0x10/0x10
[   18.668470]  ? __this_cpu_preempt_check+0x21/0x30
[   18.668484]  ? _raw_spin_unlock_irq+0x2c/0x60
[   18.668492]  ? lockdep_hardirqs_on+0x85/0x110
[   18.668499]  ? _raw_spin_unlock_irq+0x2c/0x60
[   18.668506]  ? trace_hardirqs_on+0x26/0x130
[   18.668523]  do_group_exit+0xe4/0x2c0
[   18.668535]  __x64_sys_exit_group+0x4d/0x60
[   18.668546]  x64_sys_call+0x21a2/0x21b0
[   18.668561]  do_syscall_64+0x6d/0x1180
[   18.668570]  entry_SYSCALL_64_after_hwframe+0x76/0x7e
[   18.668577] RIP: 0033:0x7febcad18a4d
[   18.668589] Code: Unable to access opcode bytes at 0x7febcad18a23.
[   18.668596] RSP: 002b:00007ffd9445b428 EFLAGS: 00000246 ORIG_RAX: 00000000000000e7
[   18.668602] RAX: ffffffffffffffda RBX: 00007febcadf69e0 RCX: 00007febcad18a4d
[   18.668607] RDX: 00000000000000e7 RSI: ffffffffffffff80 RDI: 0000000000000001
[   18.668611] RBP: 0000000000000001 R08: 0000000000000000 R09: 0000000000000020
[   18.668615] R10: 00007ffd9445b2d0 R11: 0000000000000246 R12: 00007febcadf69e0
[   18.668619] R13: 00007febcadfbf00 R14: 0000000000000001 R15: 00007febcadfbee8
[   18.668631]  </TASK>
[   44.984193] watchdog: BUG: soft lockup - CPU#0 stuck for 26s! [repro:725]
[   44.984216] Modules linked in:
[   44.984235] irq event stamp: 4269
[   44.984237] hardirqs last  enabled at (4269): [<ffffffff816f1597>] __call_rcu_common.constprop.0+0x427/0x870
[   44.984260] hardirqs last disabled at (4268): [<ffffffff816f15bf>] __call_rcu_common.constprop.0+0x44f/0x870
[   44.984266] softirqs last  enabled at (4010): [<ffffffff8148a29e>] __irq_exit_rcu+0x10e/0x170
[   44.984276] softirqs last disabled at (3999): [<ffffffff8148a29e>] __irq_exit_rcu+0x10e/0x170
[   44.984288] CPU: 0 UID: 0 PID: 725 Comm: repro Not tainted 6.19.0-rc5-80f60a6b0c1e+ #1 PREEMPT(voluntary) 
[   44.984296] Hardware name: QEMU Standard PC (i440FX + PIIX, 1996), BIOS rel-1.16.0-0-gd239552ce722-prebuilt.qemu.org 04/01/2014
[   44.984300] RIP: 0010:pv_native_safe_halt+0x22/0x30
[   44.984311] Code: 90 90 90 90 90 90 90 90 f3 0f 1e fa 55 48 89 e5 0f 1f 44 00 00 eb 0c 0f 1f 44 00 00 0f 00 2d 75 dd 18 00 0f 1f 44 00 00 fb f4 <5d> e9 c8 6f 03 00 0f 1f 84 00 00 00 00 00 90 90 90 90 90 90 90 90
[   44.984316] RSP: 0018:ffff8880107af960 EFLAGS: 00000246
[   44.984321] RAX: 0000000000000001 RBX: 0000000000000003 RCX: 1ffffffff0e2882c
[   44.984325] RDX: 0000000000000000 RSI: 0000000000000003 RDI: ffffffff813d90b7
[   44.984328] RBP: ffff8880107af960 R08: 0000000000000000 R09: 0000000000000000
[   44.984331] R10: ffffffff8834c6e7 R11: 6162206b63617473 R12: ffff888013378000
[   44.984334] R13: 0000000000000003 R14: 0000000000000003 R15: ffffed100266f000
[   44.984340] FS:  0000000000000000(0000) GS:ffff8880e308b000(0000) knlGS:0000000000000000
[   44.984344] CS:  0010 DS: 0000 ES: 0000 CR0: 0000000080050033
[   44.984347] CR2: 00007febcadfca50 CR3: 0000000007486004 CR4: 0000000000770ef0
[   44.984353] PKRU: 55555554
[   44.984355] Call Trace:
[   44.984359]  <TASK>
[   44.984365]  kvm_wait+0x14c/0x190
[   44.984377]  __pv_queued_spin_lock_slowpath+0xbda/0xe90
[   44.984387]  ? __pfx___pv_queued_spin_lock_slowpath+0x10/0x10
[   44.984393]  ? asm_sysvec_spurious_apic_interrupt+0x20/0x30
[   44.984401]  ? debug_locks_off+0x2b/0x90
[   44.984415]  ? spin_bug+0x1f/0x1f0
[   44.984422]  do_raw_spin_lock+0x1f9/0x280
[   44.984427]  ? __pfx_do_raw_spin_lock+0x10/0x10
[   44.984432]  ? lock_acquire+0x180/0x2f0
[   44.984441]  _raw_spin_lock+0x40/0x50
[   44.984445]  ? swap_free_hibernation_slot+0x13e/0x2a0
[   44.984453]  swap_free_hibernation_slot+0x13e/0x2a0
[   44.984462]  ? __pfx_swap_free_hibernation_slot+0x10/0x10
[   44.984468]  ? locks_remove_file+0xe2/0x7f0
[   44.984476]  ? __pfx_snapshot_release+0x10/0x10
[   44.984484]  free_all_swap_pages+0xdd/0x160
[   44.984491]  ? __pfx_snapshot_release+0x10/0x10
[   44.984497]  snapshot_release+0xac/0x200
[   44.984503]  __fput+0x41f/0xb70
[   44.984510]  ____fput+0x22/0x30
[   44.984514]  task_work_run+0x19e/0x2b0
[   44.984523]  ? __pfx_task_work_run+0x10/0x10
[   44.984529]  ? nsproxy_free+0x2da/0x5b0
[   44.984536]  ? switch_task_namespaces+0x118/0x130
[   44.984542]  do_exit+0x869/0x2810
[   44.984550]  ? do_group_exit+0x1d8/0x2c0
[   44.984557]  ? __pfx_do_exit+0x10/0x10
[   44.984562]  ? __this_cpu_preempt_check+0x21/0x30
[   44.984568]  ? _raw_spin_unlock_irq+0x2c/0x60
[   44.984573]  ? lockdep_hardirqs_on+0x85/0x110
[   44.984582]  ? _raw_spin_unlock_irq+0x2c/0x60
[   44.984587]  ? trace_hardirqs_on+0x26/0x130
[   44.984596]  do_group_exit+0xe4/0x2c0
[   44.984603]  __x64_sys_exit_group+0x4d/0x60
[   44.984609]  x64_sys_call+0x21a2/0x21b0
[   44.984615]  do_syscall_64+0x6d/0x1180
[   44.984622]  entry_SYSCALL_64_after_hwframe+0x76/0x7e
[   44.984627] RIP: 0033:0x7febcad18a4d
[   44.984633] Code: Unable to access opcode bytes at 0x7febcad18a23.
[   44.984636] RSP: 002b:00007ffd9445b428 EFLAGS: 00000246 ORIG_RAX: 00000000000000e7
[   44.984641] RAX: ffffffffffffffda RBX: 00007febcadf69e0 RCX: 00007febcad18a4d
[   44.984644] RDX: 00000000000000e7 RSI: ffffffffffffff80 RDI: 0000000000000001
[   44.984647] RBP: 0000000000000001 R08: 0000000000000000 R09: 0000000000000020
[   44.984650] R10: 00007ffd9445b2d0 R11: 0000000000000246 R12: 00007febcadf69e0
[   44.984653] R13: 00007febcadfbf00 R14: 0000000000000001 R15: 00007febcadfbee8
[   44.984662]  </TASK>
