c[?7l[2J[0mSeaBIOS (version rel-1.16.0-0-gd239552ce722-prebuilt.qemu.org)


iPXE (http://ipxe.org) 00:03.0 CA00 PCI2.10 PnP PMM+7FF91000+7FEF1000 CA00
Press Ctrl-B to configure iPXE (PCI 00:03.0)...                                                                               


Booting from ROM...
c[?7l[2J[    0.000000] Linux version 6.19.0-rc5-9843d35ffaf3+ (root@p-arls02) (gcc (GCC) 11.5.0 20240719 (Red Hat 11.5.0-14), GNU ld version 2.35.2-69.el9) #1 SMP PREEMPT_DYNAMIC Wed Jan 14 12:05:09 CST 2026
[    0.000000] Command line: console=ttyS0 root=/dev/sda earlyprintk=serial net.ifnames=0 plymouth.enable=0
[    0.000000] KERNEL supported cpus:
[    0.000000]   Intel GenuineIntel
[    0.000000]   AMD AuthenticAMD
[    0.000000]   Hygon HygonGenuine
[    0.000000]   Centaur CentaurHauls
[    0.000000]   zhaoxin   Shanghai  
[    0.000000] x86/CPU: Model not found in latest microcode list
[    0.000000] x86/split lock detection: #DB: warning on user-space bus_locks
[    0.000000] BIOS-provided physical RAM map:
[    0.000000] BIOS-e820: [mem 0x0000000000000000-0x000000000009fbff] usable
[    0.000000] BIOS-e820: [mem 0x000000000009fc00-0x000000000009ffff] reserved
[    0.000000] BIOS-e820: [mem 0x00000000000f0000-0x00000000000fffff] reserved
[    0.000000] BIOS-e820: [mem 0x0000000000100000-0x000000007ffdffff] usable
[    0.000000] BIOS-e820: [mem 0x000000007ffe0000-0x000000007fffffff] reserved
[    0.000000] BIOS-e820: [mem 0x00000000feffc000-0x00000000feffffff] reserved
[    0.000000] BIOS-e820: [mem 0x00000000fffc0000-0x00000000ffffffff] reserved
[    0.000000] printk: legacy bootconsole [earlyser0] enabled
[    0.000000] NX (Execute Disable) protection: active
[    0.000000] APIC: Static calls initialized
[    0.000000] SMBIOS 2.8 present.
[    0.000000] DMI: QEMU Standard PC (i440FX + PIIX, 1996), BIOS rel-1.16.0-0-gd239552ce722-prebuilt.qemu.org 04/01/2014
[    0.000000] DMI: Memory slots populated: 1/1
[    0.000000] Hypervisor detected: KVM
[    0.000000] last_pfn = 0x7ffe0 max_arch_pfn = 0x400000000
[    0.000000] kvm-clock: Using msrs 4b564d01 and 4b564d00
[    0.000003] kvm-clock: using sched offset of 1063063152 cycles
[    0.000401] clocksource: kvm-clock: mask: 0xffffffffffffffff max_cycles: 0x1cd42e4dffb, max_idle_ns: 881590591483 ns
[    0.001646] tsc: Detected 1267.200 MHz processor
[    0.007953] last_pfn = 0x7ffe0 max_arch_pfn = 0x400000000
[    0.008399] MTRR map: 4 entries (3 fixed + 1 variable; max 19), built from 8 variable MTRRs
[    0.009048] x86/PAT: Configuration [0-7]: WB  WC  UC- UC  WB  WP  UC- WT  
[    0.018983] found SMP MP-table at [mem 0x000f5ba0-0x000f5baf]
[    0.019456] Using GB pages for direct mapping
[    0.021556] ACPI: Early table checksum verification disabled
[    0.021996] ACPI: RSDP 0x00000000000F59C0 000014 (v00 BOCHS )
[    0.022448] ACPI: RSDT 0x000000007FFE1951 000034 (v01 BOCHS  BXPC     00000001 BXPC 00000001)
[    0.023114] ACPI: FACP 0x000000007FFE17FD 000074 (v01 BOCHS  BXPC     00000001 BXPC 00000001)
[    0.023781] ACPI: DSDT 0x000000007FFE0040 0017BD (v01 BOCHS  BXPC     00000001 BXPC 00000001)
[    0.024439] ACPI: FACS 0x000000007FFE0000 000040
[    0.024806] ACPI: APIC 0x000000007FFE1871 000080 (v01 BOCHS  BXPC     00000001 BXPC 00000001)
[    0.025462] ACPI: HPET 0x000000007FFE18F1 000038 (v01 BOCHS  BXPC     00000001 BXPC 00000001)
[    0.026120] ACPI: WAET 0x000000007FFE1929 000028 (v01 BOCHS  BXPC     00000001 BXPC 00000001)
[    0.026775] ACPI: Reserving FACP table memory at [mem 0x7ffe17fd-0x7ffe1870]
[    0.027311] ACPI: Reserving DSDT table memory at [mem 0x7ffe0040-0x7ffe17fc]
[    0.027848] ACPI: Reserving FACS table memory at [mem 0x7ffe0000-0x7ffe003f]
[    0.028382] ACPI: Reserving APIC table memory at [mem 0x7ffe1871-0x7ffe18f0]
[    0.028918] ACPI: Reserving HPET table memory at [mem 0x7ffe18f1-0x7ffe1928]
[    0.029452] ACPI: Reserving WAET table memory at [mem 0x7ffe1929-0x7ffe1950]
[    0.030438] No NUMA configuration found
[    0.030736] Faking a node at [mem 0x0000000000000000-0x000000007ffdffff]
[    0.031283] NODE_DATA(0) allocated [mem 0x7ffb4ec0-0x7ffdfcbf]
[    0.032324] Zone ranges:
[    0.032513]   DMA      [mem 0x0000000000001000-0x0000000000ffffff]
[    0.032997]   DMA32    [mem 0x0000000001000000-0x000000007ffdffff]
[    0.033481]   Normal   empty
[    0.033712]   Device   empty
[    0.033942] Movable zone start for each node
[    0.034284] Early memory node ranges
[    0.034566]   node   0: [mem 0x0000000000001000-0x000000000009efff]
[    0.035060]   node   0: [mem 0x0000000000100000-0x000000007ffdffff]
[    0.035552] Initmem setup node 0 [mem 0x0000000000001000-0x000000007ffdffff]
[    0.037121] On node 0, zone DMA: 1 pages in unavailable ranges
[    0.037888] On node 0, zone DMA: 97 pages in unavailable ranges
[    0.114228] On node 0, zone DMA32: 32 pages in unavailable ranges
[    0.605607] KernelAddressSanitizer initialized (generic)
[    0.606374] ACPI: PM-Timer IO Port: 0x608
[    0.606755] ACPI: LAPIC_NMI (acpi_id[0xff] dfl dfl lint[0x1])
[    0.607302] IOAPIC[0]: apic_id 0, version 17, address 0xfec00000, GSI 0-23
[    0.607890] ACPI: INT_SRC_OVR (bus 0 bus_irq 0 global_irq 2 dfl dfl)
[    0.608419] ACPI: INT_SRC_OVR (bus 0 bus_irq 5 global_irq 5 high level)
[    0.608967] ACPI: INT_SRC_OVR (bus 0 bus_irq 9 global_irq 9 high level)
[    0.609513] ACPI: INT_SRC_OVR (bus 0 bus_irq 10 global_irq 10 high level)
[    0.610074] ACPI: INT_SRC_OVR (bus 0 bus_irq 11 global_irq 11 high level)
[    0.610646] ACPI: Using ACPI (MADT) for SMP configuration information
[    0.611177] ACPI: HPET id: 0x8086a201 base: 0xfed00000
[    0.611619] TSC deadline timer available
[    0.611948] CPU topo: Max. logical packages:   1
[    0.612327] CPU topo: Max. logical dies:       1
[    0.612709] CPU topo: Max. dies per package:   1
[    0.613093] CPU topo: Max. threads per core:   1
[    0.613473] CPU topo: Num. cores per package:     2
[    0.613874] CPU topo: Num. threads per package:   2
[    0.614276] CPU topo: Allowing 2 present CPUs plus 0 hotplug CPUs
[    0.614840] kvm-guest: APIC: eoi() replaced with kvm_guest_apic_eoi_write()
[    0.615460] kvm-guest: KVM setup pv remote TLB flush
[    0.615874] kvm-guest: setup PV sched yield
[    0.616262] PM: hibernation: Registered nosave memory: [mem 0x00000000-0x00000fff]
[    0.616896] PM: hibernation: Registered nosave memory: [mem 0x0009f000-0x000fffff]
[    0.617523] [mem 0x80000000-0xfeffbfff] available for PCI devices
[    0.618037] Booting paravirtualized kernel on KVM
[    0.618435] clocksource: refined-jiffies: mask: 0xffffffff max_cycles: 0xffffffff, max_idle_ns: 7645519600211568 ns
[    0.619318] setup_percpu: NR_CPUS:8192 nr_cpumask_bits:2 nr_cpu_ids:2 nr_node_ids:1
[    0.622425] percpu: Embedded 81 pages/cpu s294912 r8192 d28672 u1048576
[    0.623147] kvm-guest: PV spinlocks enabled
[    0.623502] PV qspinlock hash table entries: 256 (order: 0, 4096 bytes, linear)
[    0.624133] Kernel command line: net.ifnames=0 console=ttyS0 root=/dev/sda earlyprintk=serial net.ifnames=0 plymouth.enable=0
[    0.625367] random: crng init done
[    0.625658] printk: log buffer data + meta data: 262144 + 917504 = 1179648 bytes
[    0.628435] Dentry cache hash table entries: 262144 (order: 9, 2097152 bytes, linear)
[    0.630279] Inode-cache hash table entries: 131072 (order: 8, 1048576 bytes, linear)
[    0.631293] Fallback order for Node 0: 0 
[    0.631303] Built 1 zonelists, mobility grouping on.  Total pages: 524158
[    0.632145] Policy zone: DMA32
[    0.632385] mem auto-init: stack:off, heap alloc:off, heap free:off
[    0.632869] stackdepot: allocating hash table via alloc_large_system_hash
[    0.633402] stackdepot hash table entries: 1048576 (order: 12, 16777216 bytes, linear)
[    0.650644] stackdepot: allocating space for 8192 stack pools via memblock
[    0.713792] SLUB: HWalign=64, Order=0-3, MinObjects=0, CPUs=2, Nodes=1
[    0.714316] kmemleak: Kernel memory leak detector disabled
[    0.752758] ftrace: allocating 75282 entries in 296 pages
[    0.753204] ftrace: allocated 296 pages with 3 groups
[    0.758362] Dynamic Preempt: voluntary
[    0.759191] Running RCU self tests
[    0.759459] Running RCU synchronous self tests
[    0.759805] rcu: Preemptible hierarchical RCU implementation.
[    0.760245] rcu: 	RCU lockdep checking is enabled.
[    0.760617] rcu: 	RCU restricting CPUs from NR_CPUS=8192 to nr_cpu_ids=2.
[    0.761145] 	Trampoline variant of Tasks RCU enabled.
[    0.761531] 	Rude variant of Tasks RCU enabled.
[    0.761884] 	Tracing variant of Tasks RCU enabled.
[    0.762256] rcu: RCU calculated value of scheduler-enlistment delay is 25 jiffies.
[    0.762845] rcu: Adjusting geometry for rcu_fanout_leaf=16, nr_cpu_ids=2
[    0.763450] Running RCU synchronous self tests
[    0.763802] RCU Tasks: Setting shift to 1 and lim to 1 rcu_task_cb_adjust=1 rcu_task_cpu_ids=2.
[    0.764473] RCU Tasks Rude: Setting shift to 1 and lim to 1 rcu_task_cb_adjust=1 rcu_task_cpu_ids=2.
[    0.765175] RCU Tasks Trace: Setting shift to 1 and lim to 1 rcu_task_cb_adjust=1 rcu_task_cpu_ids=2.
[    0.853322] NR_IRQS: 524544, nr_irqs: 440, preallocated irqs: 16
[    0.854477] rcu: srcu_init: Setting srcu_struct sizes based on contention.
[    0.861753] Console: colour VGA+ 80x25
[    0.862136] printk: legacy console [ttyS0] enabled
[    0.862136] printk: legacy console [ttyS0] enabled
[    0.862886] printk: legacy bootconsole [earlyser0] disabled
[    0.862886] printk: legacy bootconsole [earlyser0] disabled
[    0.863775] Lock dependency validator: Copyright (c) 2006 Red Hat, Inc., Ingo Molnar
[    0.864383] ... MAX_LOCKDEP_SUBCLASSES:  8
[    0.864715] ... MAX_LOCK_DEPTH:          48
[    0.865052] ... MAX_LOCKDEP_KEYS:        8192
[    0.865402] ... CLASSHASH_SIZE:          4096
[    0.865755] ... MAX_LOCKDEP_ENTRIES:     524288
[    0.866119] ... MAX_LOCKDEP_CHAINS:      524288
[    0.866485] ... CHAINHASH_SIZE:          262144
[    0.866850]  memory used by lock dependency info: 54145 kB
[    0.867287]  memory used for stack traces: 4224 kB
[    0.867676]  per task-struct memory footprint: 1920 bytes
[    0.868201] ACPI: Core revision 20250807
[    0.868956] clocksource: hpet: mask: 0xffffffff max_cycles: 0xffffffff, max_idle_ns: 19112604467 ns
[    0.869860] APIC: Switch to symmetric I/O mode setup
[    0.870453] x2apic enabled
[    0.871043] APIC: Switched APIC routing to: physical x2apic
[    0.871491] kvm-guest: APIC: send_IPI_mask() replaced with kvm_send_ipi_mask()
[    0.872087] kvm-guest: APIC: send_IPI_mask_allbutself() replaced with kvm_send_ipi_mask_allbutself()
[    0.872816] kvm-guest: setup PV IPIs
[    0.874131] ..TIMER: vector=0x30 apic1=0 pin1=2 apic2=-1 pin2=-1
[    0.874624] clocksource: tsc-early: mask: 0xffffffffffffffff max_cycles: 0x12441513526, max_idle_ns: 440795239872 ns
[    0.875472] Calibrating delay loop (skipped) preset value.. 2534.40 BogoMIPS (lpj=5068800)
[    0.876303] CPU0: Thermal monitoring enabled (TM1)
[    0.876707] x86/cpu: User Mode Instruction Prevention (UMIP) activated
[    0.877333] Last level iTLB entries: 4KB 0, 2MB 0, 4MB 0
[    0.877761] Last level dTLB entries: 4KB 0, 2MB 0, 4MB 0, 1GB 0
[    0.879501] mitigations: Enabled attack vectors: user_kernel, user_user, guest_host, guest_guest, SMT mitigations: auto
[    0.880366] Speculative Store Bypass: Mitigation: Speculative Store Bypass disabled via prctl
[    0.881042] Spectre V2 : Mitigation: Enhanced / Automatic IBRS
[    0.881504] ITS: Mitigation: Aligned branch/return thunks
[    0.881939] Spectre V1 : Mitigation: usercopy/swapgs barriers and __user pointer sanitization
[    0.882606] Spectre V2 : WARNING: Unprivileged eBPF is enabled with eIBRS on, data leaks possible via Spectre v2 BHB attacks!
[    0.883457] Spectre V2 : Spectre v2 / PBRSB-eIBRS: Retire a single CALL on VMEXIT
[    0.884029] Spectre V2 : mitigation: Enabling conditional Indirect Branch Prediction Barrier
[    0.884670] active return thunk: its_return_thunk
[    0.885052] Spectre V2 : Spectre BHI mitigation: SW BHB clearing on syscall and VM exit
[    0.885694] x86/fpu: Supporting XSAVE feature 0x001: 'x87 floating point registers'
[    0.886293] x86/fpu: Supporting XSAVE feature 0x002: 'SSE registers'
[    0.886797] x86/fpu: Supporting XSAVE feature 0x004: 'AVX registers'
[    0.887454] x86/fpu: Supporting XSAVE feature 0x200: 'Protection Keys User registers'
[    0.888070] x86/fpu: xstate_offset[2]:  576, xstate_sizes[2]:  256
[    0.888557] x86/fpu: xstate_offset[9]:  832, xstate_sizes[9]:    8
[    0.889048] x86/fpu: Enabled xstate features 0x207, context size is 840 bytes, using 'compacted' format.
[    1.034280] Freeing SMP alternatives memory: 64K
[    1.034723] pid_max: default: 32768 minimum: 301
[    1.035629] Yama: becoming mindful.
[    1.036425] Mount-cache hash table entries: 4096 (order: 3, 32768 bytes, linear)
[    1.037040] Mountpoint-cache hash table entries: 4096 (order: 3, 32768 bytes, linear)
[    1.039581] Running RCU synchronous self tests
[    1.039948] Running RCU synchronous self tests
[    1.040768] smpboot: CPU0: Genuine Intel(R) 0000 @ (family: 0x6, model: 0xc6, stepping: 0x0)
[    1.042602] Performance Events: unsupported CPU family 6 model 198 no PMU driver, software events only.
[    1.043450] signal: max sigframe size: 3632
[    1.043450] rcu: Hierarchical SRCU implementation.
[    1.043450] rcu: 	Max phase no-delay instances is 1000.
[    1.043779] Timer migration: 1 hierarchy levels; 8 children per group; 1 crossnode level
[    1.065443] NMI watchdog: Perf NMI watchdog permanently disabled
[    1.066208] smp: Bringing up secondary CPUs ...
[    1.067909] smpboot: x86: Booting SMP configuration:
[    1.068334] .... node  #0, CPUs:      #1
[    1.068650] smp: Brought up 1 node, 2 CPUs
[    1.068650] smpboot: Total of 2 processors activated (5068.80 BogoMIPS)
[    1.072290] Memory: 1538728K/2096632K available (80942K kernel code, 15563K rwdata, 18820K rodata, 16416K init, 70000K bss, 546452K reserved, 0K cma-reserved)
[    1.074343] devtmpfs: initialized
[    1.076318] x86/mm: Memory block size: 128MB
[    1.089126] Running RCU synchronous self tests
[    1.089126] Running RCU synchronous self tests
[    1.091593] Running RCU Tasks wait API self tests
[    1.091889] Running RCU Tasks Rude wait API self tests
[    1.091955] Running RCU Tasks Trace wait API self tests
[    1.111534] clocksource: jiffies: mask: 0xffffffff max_cycles: 0xffffffff, max_idle_ns: 7645041785100000 ns
[    1.112616] posixtimers hash table entries: 1024 (order: 5, 73728 bytes, linear)
[    1.115595] futex hash table entries: 512 (65536 bytes on 1 NUMA nodes, total 64 KiB, linear).
[    1.118421] 
[    1.118569] *************************************************************
[    1.119119] **     NOTICE NOTICE NOTICE NOTICE NOTICE NOTICE NOTICE    **
[    1.119459] **                                                         **
[    1.120013] **  IOMMU DebugFS SUPPORT HAS BEEN ENABLED IN THIS KERNEL  **
[    1.120565] **                                                         **
[    1.121115] ** This means that this kernel is built to expose internal **
[    1.121667] ** IOMMU data structures, which may compromise security on **
[    1.122221] ** your system.                                            **
[    1.122773] **                                                         **
[    1.123319] ** If you see this message and you are not debugging the   **
[    1.123455] ** kernel, report this immediately to your vendor!         **
[    1.124007] **                                                         **
[    1.124557] **     NOTICE NOTICE NOTICE NOTICE NOTICE NOTICE NOTICE    **
[    1.125111] *************************************************************
[    1.125752] PM: RTC time: 04:07:55, date: 2026-01-14
[    1.134632] NET: Registered PF_NETLINK/PF_ROUTE protocol family
[    1.136986] DMA: preallocated 256 KiB GFP_KERNEL pool for atomic allocations
[    1.137604] DMA: preallocated 256 KiB GFP_KERNEL|GFP_DMA pool for atomic allocations
[    1.138266] DMA: preallocated 256 KiB GFP_KERNEL|GFP_DMA32 pool for atomic allocations
[    1.139036] audit: initializing netlink subsys (disabled)
[    1.139904] audit: type=2000 audit(1768363675.875:1): state=initialized audit_enabled=0 res=1
[    1.143259] thermal_sys: Registered thermal governor 'fair_share'
[    1.143279] thermal_sys: Registered thermal governor 'bang_bang'
[    1.143450] thermal_sys: Registered thermal governor 'step_wise'
[    1.143450] thermal_sys: Registered thermal governor 'user_space'
[    1.143491] cpuidle: using governor ladder
[    1.144366] cpuidle: using governor menu
[    1.144366] acpiphp: ACPI Hot Plug PCI Controller Driver version: 0.5
[    1.147540] PCI: Using configuration type 1 for base access
[    1.147477] Callback from call_rcu_tasks_trace() invoked.
[    1.152105] kprobes: kprobe jump-optimization is enabled. All kprobes are optimized if possible.
[    1.331774] HugeTLB: registered 1.00 GiB page size, pre-allocated 0 pages
[    1.332512] HugeTLB: 16380 KiB vmemmap can be freed for a 1.00 GiB page
[    1.333096] HugeTLB: registered 2.00 MiB page size, pre-allocated 0 pages
[    1.333686] HugeTLB: 28 KiB vmemmap can be freed for a 2.00 MiB page
[    1.355160] ACPI: Added _OSI(Module Device)
[    1.355476] ACPI: Added _OSI(Processor Device)
[    1.356347] ACPI: Added _OSI(Processor Aggregator Device)
[    1.379212] ACPI: 1 ACPI AML tables successfully acquired and loaded
[    1.386376] ACPI: Interpreter enabled
[    1.386909] ACPI: PM: (supports S0 S3 S4 S5)
[    1.387305] ACPI: Using IOAPIC for interrupt routing
[    1.387615] PCI: Using host bridge windows from ACPI; if necessary, use "pci=nocrs" and report a bug
[    1.388432] PCI: Using E820 reservations for host bridge windows
[    1.390335] ACPI: Enabled 2 GPEs in block 00 to 0F
[    1.432968] ACPI: PCI Root Bridge [PCI0] (domain 0000 [bus 00-ff])
[    1.433592] acpi PNP0A03:00: _OSC: OS supports [ASPM ClockPM Segments MSI EDR HPX-Type3]
[    1.434326] acpi PNP0A03:00: _OSC: not requesting OS control; OS requires [ExtendedConfig ASPM ClockPM MSI]
[    1.435378] acpi PNP0A03:00: fail to add MMCONFIG information, can't access extended configuration space under this bridge
[    1.440587] acpiphp: Slot [3] registered
[    1.441107] acpiphp: Slot [4] registered
[    1.441612] acpiphp: Slot [5] registered
[    1.442143] acpiphp: Slot [6] registered
[    1.442694] acpiphp: Slot [7] registered
[    1.443191] acpiphp: Slot [8] registered
[    1.443597] acpiphp: Slot [9] registered
[    1.444104] acpiphp: Slot [10] registered
[    1.444642] acpiphp: Slot [11] registered
[    1.445141] acpiphp: Slot [12] registered
[    1.445644] acpiphp: Slot [13] registered
[    1.446150] acpiphp: Slot [14] registered
[    1.446693] acpiphp: Slot [15] registered
[    1.447198] acpiphp: Slot [16] registered
[    1.447596] acpiphp: Slot [17] registered
[    1.448102] acpiphp: Slot [18] registered
[    1.448642] acpiphp: Slot [19] registered
[    1.449147] acpiphp: Slot [20] registered
[    1.449662] acpiphp: Slot [21] registered
[    1.450171] acpiphp: Slot [22] registered
[    1.450711] acpiphp: Slot [23] registered
[    1.451220] acpiphp: Slot [24] registered
[    1.451604] acpiphp: Slot [25] registered
[    1.452112] acpiphp: Slot [26] registered
[    1.452657] acpiphp: Slot [27] registered
[    1.453163] acpiphp: Slot [28] registered
[    1.453667] acpiphp: Slot [29] registered
[    1.454174] acpiphp: Slot [30] registered
[    1.454715] acpiphp: Slot [31] registered
[    1.455188] PCI host bridge to bus 0000:00
[    1.455526] pci_bus 0000:00: root bus resource [io  0x0000-0x0cf7 window]
[    1.456148] pci_bus 0000:00: root bus resource [io  0x0d00-0xffff window]
[    1.456761] pci_bus 0000:00: root bus resource [mem 0x000a0000-0x000bffff window]
[    1.457435] pci_bus 0000:00: root bus resource [mem 0x80000000-0xfebfffff window]
[    1.458108] pci_bus 0000:00: root bus resource [mem 0x100000000-0x17fffffff window]
[    1.458800] pci_bus 0000:00: root bus resource [bus 00-ff]
[    1.459447] pci 0000:00:00.0: [8086:1237] type 00 class 0x060000 conventional PCI endpoint
[    1.470136] pci 0000:00:01.0: [8086:7000] type 00 class 0x060100 conventional PCI endpoint
[    1.472365] pci 0000:00:01.1: [8086:7010] type 00 class 0x010180 conventional PCI endpoint
[    1.473711] pci 0000:00:01.1: BAR 4 [io  0xc040-0xc04f]
[    1.474220] pci 0000:00:01.1: BAR 0 [io  0x01f0-0x01f7]: legacy IDE quirk
[    1.474826] pci 0000:00:01.1: BAR 1 [io  0x03f6]: legacy IDE quirk
[    1.475388] pci 0000:00:01.1: BAR 2 [io  0x0170-0x0177]: legacy IDE quirk
[    1.475462] pci 0000:00:01.1: BAR 3 [io  0x0376]: legacy IDE quirk
[    1.477463] pci 0000:00:01.3: [8086:7113] type 00 class 0x068000 conventional PCI endpoint
[    1.478507] pci 0000:00:01.3: quirk: [io  0x0600-0x063f] claimed by PIIX4 ACPI
[    1.479159] pci 0000:00:01.3: quirk: [io  0x0700-0x070f] claimed by PIIX4 SMB
[    1.480083] pci 0000:00:02.0: [1234:1111] type 00 class 0x030000 conventional PCI endpoint
[    1.484982] pci 0000:00:02.0: BAR 0 [mem 0xfd000000-0xfdffffff pref]
[    1.486503] pci 0000:00:02.0: BAR 2 [mem 0xfebf0000-0xfebf0fff]
[    1.487531] pci 0000:00:02.0: ROM [mem 0xfebe0000-0xfebeffff pref]
[    1.489606] pci 0000:00:02.0: Video device with shadowed ROM at [mem 0x000c0000-0x000dffff]
[    1.503351] pci 0000:00:03.0: [8086:100e] type 00 class 0x020000 conventional PCI endpoint
[    1.505125] pci 0000:00:03.0: BAR 0 [mem 0xfebc0000-0xfebdffff]
[    1.505634] pci 0000:00:03.0: BAR 1 [io  0xc000-0xc03f]
[    1.506076] pci 0000:00:03.0: ROM [mem 0xfeb80000-0xfebbffff pref]
[    1.530197] ACPI: PCI: Interrupt link LNKA configured for IRQ 10
[    1.531910] ACPI: PCI: Interrupt link LNKB configured for IRQ 10
[    1.533389] ACPI: PCI: Interrupt link LNKC configured for IRQ 11
[    1.534908] ACPI: PCI: Interrupt link LNKD configured for IRQ 11
[    1.535856] ACPI: PCI: Interrupt link LNKS configured for IRQ 9
[    1.543636] iommu: Default domain type: Translated
[    1.544155] iommu: DMA domain TLB invalidation policy: lazy mode
[    1.549662] SCSI subsystem initialized
[    1.550981] ACPI: bus type USB registered
[    1.551744] usbcore: registered new interface driver usbfs
[    1.552410] usbcore: registered new interface driver hub
[    1.552999] usbcore: registered new device driver usb
[    1.553993] pps_core: LinuxPPS API ver. 1 registered
[    1.554419] pps_core: Software ver. 5.3.6 - Copyright 2005-2007 Rodolfo Giometti <giometti@linux.it>
[    1.555253] PTP clock support registered
[    1.557074] EDAC MC: Ver: 3.0.0
[    1.567152] NetLabel: Initializing
[    1.567460] NetLabel:  domain hash size = 128
[    1.567854] NetLabel:  protocols = UNLABELED CIPSOv4 CALIPSO
[    1.568587] NetLabel:  unlabeled traffic allowed by default
[    1.569478] PCI: Using ACPI for IRQ routing
[    1.571752] pci 0000:00:02.0: vgaarb: setting as boot VGA device
[    1.572257] pci 0000:00:02.0: vgaarb: bridge control possible
[    1.572778] pci 0000:00:02.0: vgaarb: VGA device added: decodes=io+mem,owns=io+mem,locks=none
[    1.573541] vgaarb: loaded
[    1.576667] hpet0: at MMIO 0xfed00000, IRQs 2, 8, 0
[    1.577126] hpet0: 3 comparators, 64-bit 100.000000 MHz counter
[    1.582699] clocksource: Switched to clocksource kvm-clock
[    1.583450] VFS: Disk quotas dquot_6.6.0
[    1.583450] VFS: Dquot-cache hash table entries: 512 (order 0, 4096 bytes)
[    1.586156] pnp: PnP ACPI init
[    1.591121] pnp: PnP ACPI: found 6 devices
[    1.614530] clocksource: acpi_pm: mask: 0xffffff max_cycles: 0xffffff, max_idle_ns: 2085701024 ns
[    1.616004] NET: Registered PF_INET protocol family
[    1.616944] IP idents hash table entries: 32768 (order: 6, 262144 bytes, linear)
[    1.619900] tcp_listen_portaddr_hash hash table entries: 1024 (order: 5, 73728 bytes, linear)
[    1.621474] Table-perturb hash table entries: 65536 (order: 6, 262144 bytes, linear)
[    1.622252] TCP established hash table entries: 16384 (order: 5, 131072 bytes, linear)
[    1.623668] TCP bind hash table entries: 16384 (order: 10, 2359296 bytes, linear)
[    1.627097] TCP: Hash tables configured (established 16384 bind 16384)
[    1.627985] UDP hash table entries: 1024 (order: 6, 262144 bytes, linear)
[    1.628840] UDP-Lite hash table entries: 1024 (order: 6, 262144 bytes, linear)
[    1.630118] NET: Registered PF_UNIX/PF_LOCAL protocol family
[    1.631870] RPC: Registered named UNIX socket transport module.
[    1.632451] RPC: Registered udp transport module.
[    1.632877] RPC: Registered tcp transport module.
[    1.633300] RPC: Registered tcp-with-tls transport module.
[    1.633793] RPC: Registered tcp NFSv4.1 backchannel transport module.
[    1.634419] pci_bus 0000:00: resource 4 [io  0x0000-0x0cf7 window]
[    1.634981] pci_bus 0000:00: resource 5 [io  0x0d00-0xffff window]
[    1.635547] pci_bus 0000:00: resource 6 [mem 0x000a0000-0x000bffff window]
[    1.636165] pci_bus 0000:00: resource 7 [mem 0x80000000-0xfebfffff window]
[    1.636803] pci_bus 0000:00: resource 8 [mem 0x100000000-0x17fffffff window]
[    1.637865] pci 0000:00:01.0: PIIX3: Enabling Passive Release
[    1.638430] pci 0000:00:00.0: Limiting direct PCI/PCI transfers
[    1.639071] PCI: CLS 0 bytes, default 64
[    1.639663] ACPI: bus type thunderbolt registered
[    1.640727] clocksource: tsc: mask: 0xffffffffffffffff max_cycles: 0x12441513526, max_idle_ns: 440795239872 ns
[    4.368381] Initialise system trusted keyrings
[    4.369711] Key type blacklist registered
[    4.371442] workingset: timestamp_bits=36 max_order=19 bucket_order=0
[    4.374930] squashfs: version 4.0 (2009/01/31) Phillip Lougher
[    4.379349] NFS: Registering the id_resolver key type
[    4.379857] Key type id_resolver registered
[    4.380230] Key type id_legacy registered
[    4.380691] nfs4filelayout_init: NFSv4 File Layout Driver Registering...
[    4.381337] nfs4flexfilelayout_init: NFSv4 Flexfile Layout Driver Registering...
[    4.382845] fuse: init (API version 7.45)
[    4.384520] SGI XFS with ACLs, security attributes, realtime, quota, no debug enabled
[    4.387524] 9p: Installing v9fs 9p2000 file system support
[    4.400590] Key type asymmetric registered
[    4.400992] Asymmetric key parser 'x509' registered
[    4.401656] Block layer SCSI generic (bsg) driver version 0.4 loaded (major 241)
[    4.403233] io scheduler mq-deadline registered
[    4.404465] io scheduler bfq registered
[    4.406855] ledtrig-cpu: registered to indicate activity on CPUs
[    4.411667] IPMI message handler: version 39.2
[    4.412819] ipmi device interface
[    4.416907] input: Power Button as /devices/LNXSYSTM:00/LNXPWRBN:00/input/input0
[    4.418557] ACPI: button: Power Button [PWRF]
[    4.421804] ERST DBG: ERST support is disabled.
[    4.426003] Serial: 8250/16550 driver, 32 ports, IRQ sharing enabled
[    4.430154] 00:04: ttyS0 at I/O 0x3f8 (irq = 4, base_baud = 115200) is a 16550A
[    4.469019] Linux agpgart interface v0.103
[    4.474389] ACPI: bus type drm_connector registered
[    4.534953] Callback from call_rcu_tasks() invoked.
[    4.559856] brd: module loaded
[    4.582039] loop: module loaded
[    4.602303] scsi host0: ata_piix
[    4.605695] scsi host1: ata_piix
[    4.607296] ata1: PATA max MWDMA2 cmd 0x1f0 ctl 0x3f6 bmdma 0xc040 irq 14 lpm-pol 0
[    4.608795] ata2: PATA max MWDMA2 cmd 0x170 ctl 0x376 bmdma 0xc048 irq 15 lpm-pol 0
[    4.617652] tun: Universal TUN/TAP device driver, 1.6
[    4.619114] e100: Intel(R) PRO/100 Network Driver
[    4.619557] e100: Copyright(c) 1999-2006 Intel Corporation
[    4.620192] e1000: Intel(R) PRO/1000 Network Driver
[    4.620650] e1000: Copyright (c) 1999-2006 Intel Corporation.
[    4.768814] ata1: found unknown device (class 0)
[    4.770325] ata2: found unknown device (class 0)
[    4.772281] ata2.00: ATAPI: QEMU DVD-ROM, 2.5+, max UDMA/100
[    4.774243] ata1.00: ATA-7: QEMU HARDDISK, 2.5+, max UDMA/100
[    4.774850] ata1.00: 17196647 sectors, multi 16: LBA48 
[    4.777217] scsi 0:0:0:0: Direct-Access     ATA      QEMU HARDDISK    2.5+ PQ: 0 ANSI: 5
[    4.781127] sd 0:0:0:0: Attached scsi generic sg0 type 0
[    4.782405] sd 0:0:0:0: [sda] 17196647 512-byte logical blocks: (8.80 GB/8.20 GiB)
[    4.783137] sd 0:0:0:0: [sda] Write Protect is off
[    4.783624] sd 0:0:0:0: [sda] Write cache: enabled, read cache: enabled, doesn't support DPO or FUA
[    4.784655] scsi 1:0:0:0: CD-ROM            QEMU     QEMU DVD-ROM     2.5+ PQ: 0 ANSI: 5
[    4.784657] sd 0:0:0:0: [sda] Preferred minimum I/O size 512 bytes
[    4.808376] sd 0:0:0:0: [sda] Attached SCSI disk
[    4.814830] scsi 1:0:0:0: Attached scsi generic sg1 type 5
[    5.341394] ACPI: \_SB_.LNKC: Enabled at IRQ 11
[    5.652643] e1000 0000:00:03.0 eth0: (PCI:33MHz:32-bit) 52:54:00:12:34:56
[    5.653315] e1000 0000:00:03.0 eth0: Intel(R) PRO/1000 Network Connection
[    5.654142] e1000e: Intel(R) PRO/1000 Network Driver
[    5.654566] e1000e: Copyright(c) 1999 - 2015 Intel Corporation.
[    5.655230] igb: Intel(R) Gigabit Ethernet Network Driver
[    5.655687] igb: Copyright (c) 2007-2014 Intel Corporation.
[    5.656629] PPP generic driver version 2.4.2
[    5.658944] VFIO - User Level meta-driver version: 0.3
[    5.661703] usbcore: registered new interface driver uas
[    5.662971] usbcore: registered new interface driver usb-storage
[    5.664798] i8042: PNP: PS/2 Controller [PNP0303:KBD,PNP0f13:MOU] at 0x60,0x64 irq 1,12
[    5.669422] serio: i8042 KBD port at 0x60,0x64 irq 1
[    5.670516] serio: i8042 AUX port at 0x60,0x64 irq 12
[    5.673821] mousedev: PS/2 mouse device common for all mice
[    5.678137] rtc_cmos 00:05: RTC can wake from S4
[    5.680984] input: AT Translated Set 2 keyboard as /devices/platform/i8042/serio0/input/input1
[    5.684710] rtc_cmos 00:05: registered as rtc0
[    5.685194] rtc_cmos 00:05: setting system clock to 2026-01-14T04:07:59 UTC (1768363679)
[    5.686270] rtc_cmos 00:05: alarms up to one day, y3k, 242 bytes nvram, hpet irqs
[    5.687009] i2c_dev: i2c /dev entries driver
[    5.688643] input: VirtualPS/2 VMware VMMouse as /devices/platform/i8042/serio1/input/input4
[    5.689965] device-mapper: core: CONFIG_IMA_DISABLE_HTABLE is disabled. Duplicate IMA measurements will not be recorded in the IMA log.
[    5.692485] device-mapper: uevent: version 1.0.3
[    5.693597] device-mapper: ioctl: 4.50.0-ioctl (2025-04-28) initialised: dm-devel@lists.linux.dev
[    5.693600] input: VirtualPS/2 VMware VMMouse as /devices/platform/i8042/serio1/input/input3
[    5.694383] intel_pstate: CPU model not supported
[    5.696730] sdhci: Secure Digital Host Controller Interface driver
[    5.697281] sdhci: Copyright(c) Pierre Ossman
[    5.697900] sdhci-pltfm: SDHCI platform and OF driver helper
[    5.699196] drop_monitor: Initializing network drop monitor service
[    5.700223] NET: Registered PF_INET6 protocol family
[    5.703576] Segment Routing with IPv6
[    5.703989] In-situ OAM (IOAM) with IPv6
[    5.704519] NET: Registered PF_PACKET protocol family
[    5.705839] 9pnet: Installing 9P2000 support
[    5.706914] Key type dns_resolver registered
[    5.711391] IPI shorthand broadcast: enabled
[    5.777654] sched_clock: Marking stable (5760005768, 16415511)->(5840676238, -64254959)
[    5.781070] registered taskstats version 1
[    5.783146] Loading compiled-in X.509 certificates
[    5.866135] Demotion targets for Node 0: null
[    5.868892] Key type .fscrypt registered
[    5.869688] Key type fscrypt-provisioning registered
[    5.876820] Key type encrypted registered
[    5.877240] ima: No TPM chip found, activating TPM-bypass!
[    5.877745] ima: Allocated hash algorithm: sha1
[    5.878232] ima: No architecture policies found
[    5.878831] evm: Initialising EVM extended attributes:
[    5.879269] evm: security.selinux
[    5.879560] evm: security.SMACK64
[    5.879846] evm: security.SMACK64EXEC
[    5.880161] evm: security.SMACK64TRANSMUTE
[    5.880537] evm: security.SMACK64MMAP
[    5.880853] evm: security.apparmor
[    5.881147] evm: security.ima
[    5.881408] evm: security.capability
[    5.881718] evm: HMAC attrs: 0x1
[    5.884869] PM:   Magic number: 10:506:110
[    5.886927] RAS: Correctable Errors collector initialized.
[    5.889075] clk: Disabling unused clocks
[    5.889927] PM: genpd: Disabling unused power domains
[    5.892410] check access for rdinit=/init failed: -2, ignoring
[    5.893241] md: Waiting for all devices to be available before autodetect
[    5.894086] md: If you don't use raid, use raid=noautodetect
[    5.894805] md: Autodetecting RAID arrays.
[    5.895363] md: autorun ...
[    5.895736] md: ... autorun DONE.
[    5.913570] EXT4-fs (sda): mounted filesystem 088740a9-c8b4-422c-999d-a804eb68a4da ro with ordered data mode. Quota mode: none.
[    5.914321] VFS: Mounted root (ext4 filesystem) readonly on device 8:0.
[    5.917542] devtmpfs: mounted
[    5.937760] Freeing unused decrypted memory: 2036K
[    5.952407] Freeing unused kernel image (initmem) memory: 16416K
[    5.953028] Write protecting the kernel read-only data: 102400k
[    5.956114] Freeing unused kernel image (text/rodata gap) memory: 976K
[    5.958530] Freeing unused kernel image (rodata/data gap) memory: 1660K
[    6.033576] x86/mm: Checked W+X mappings: passed, no W+X pages found.
[    6.034010] Run /sbin/init as init process
[    6.278079] systemd[1]: systemd 252-15.el9 running in system mode (+PAM +AUDIT +SELINUX -APPARMOR +IMA +SMACK +SECCOMP +GCRYPT +GNUTLS +OPENSSL +ACL +BLKID +CURL +ELFUTILS -FIDO2 +IDN2 -IDN -IPTC +KMOD +LIBCRYPTSETUP +LIBFDISK +PCRE2 -PWQUALITY +P11KIT -QRENCODE +TPM2 +BZIP2 +LZ4 +XZ +ZLIB +ZSTD -BPF_FRAMEWORK +XKBCOMMON +UTMP +SYSVINIT default-hierarchy=unified)
[    6.279980] systemd[1]: Detected virtualization kvm.
[    6.280333] systemd[1]: Detected architecture x86-64.

Welcome to [0;31mCentOS Stream 9[0m!

[    6.291353] systemd[1]: Hostname set to <test>.
[    6.603601] systemd-rc-local-generator[120]: /etc/rc.d/rc.local is not marked executable, skipping.
[    7.030212] systemd[1]: Queued start job for default target Multi-User System.
[    7.067755] systemd[1]: Created slice Virtual Machine and Container Slice.
[[0;32m  OK  [0m] Created slice [0;1;39mVirtual Machine and Container Slice[0m.
[    7.074237] systemd[1]: Created slice Slice /system/getty.
[[0;32m  OK  [0m] Created slice [0;1;39mSlice /system/getty[0m.
[    7.077376] systemd[1]: Created slice Slice /system/modprobe.
[[0;32m  OK  [0m] Created slice [0;1;39mSlice /system/modprobe[0m.
[    7.080779] systemd[1]: Created slice Slice /system/serial-getty.
[[0;32m  OK  [0m] Created slice [0;1;39mSlice /system/serial-getty[0m.
[    7.084215] systemd[1]: Created slice Slice /system/sshd-keygen.
[[0;32m  OK  [0m] Created slice [0;1;39mSlice /system/sshd-keygen[0m.
[    7.087746] systemd[1]: Created slice User and Session Slice.
[[0;32m  OK  [0m] Created slice [0;1;39mUser and Session Slice[0m.
[    7.089496] systemd[1]: Started Forward Password Requests to Wall Directory Watch.
[[0;32m  OK  [0m] Started [0;1;39mForward Password R…uests to Wall Directory Watch[0m.
[    7.092248] systemd[1]: Set up automount Arbitrary Executable File Formats File System Automount Point.
[[0;32m  OK  [0m] Set up automount [0;1;39mArbitrary…s File System Automount Point[0m.
[    7.094345] systemd[1]: Reached target Local Integrity Protected Volumes.
[[0;32m  OK  [0m] Reached target [0;1;39mLocal Integrity Protected Volumes[0m.
[    7.096175] systemd[1]: Reached target Slice Units.
[[0;32m  OK  [0m] Reached target [0;1;39mSlice Units[0m.
[    7.097444] systemd[1]: Reached target Swaps.
[[0;32m  OK  [0m] Reached target [0;1;39mSwaps[0m.
[    7.098603] systemd[1]: Reached target Local Verity Protected Volumes.
[[0;32m  OK  [0m] Reached target [0;1;39mLocal Verity Protected Volumes[0m.
[    7.100558] systemd[1]: Listening on Device-mapper event daemon FIFOs.
[[0;32m  OK  [0m] Listening on [0;1;39mDevice-mapper event daemon FIFOs[0m.
[    7.102784] systemd[1]: Listening on LVM2 poll daemon socket.
[[0;32m  OK  [0m] Listening on [0;1;39mLVM2 poll daemon socket[0m.
[    7.104293] systemd[1]: multipathd control socket was skipped because of an unmet condition check (ConditionPathExists=/etc/multipath.conf).
[    7.159452] systemd[1]: Listening on RPCbind Server Activation Socket.
[[0;32m  OK  [0m] Listening on [0;1;39mRPCbind Server Activation Socket[0m.
[    7.162076] systemd[1]: Reached target RPC Port Mapper.
[[0;32m  OK  [0m] Reached target [0;1;39mRPC Port Mapper[0m.
[    7.167984] systemd[1]: Listening on Process Core Dump Socket.
[[0;32m  OK  [0m] Listening on [0;1;39mProcess Core Dump Socket[0m.
[    7.171500] systemd[1]: Listening on initctl Compatibility Named Pipe.
[[0;32m  OK  [0m] Listening on [0;1;39minitctl Compatibility Named Pipe[0m.
[    7.174808] systemd[1]: Listening on Journal Socket (/dev/log).
[[0;32m  OK  [0m] Listening on [0;1;39mJournal Socket (/dev/log)[0m.
[    7.177810] systemd[1]: Listening on Journal Socket.
[[0;32m  OK  [0m] Listening on [0;1;39mJournal Socket[0m.
[    7.181679] systemd[1]: Listening on udev Control Socket.
[[0;32m  OK  [0m] Listening on [0;1;39mudev Control Socket[0m.
[    7.184140] systemd[1]: Listening on udev Kernel Socket.
[[0;32m  OK  [0m] Listening on [0;1;39mudev Kernel Socket[0m.
[    7.213560] systemd[1]: Mounting Huge Pages File System...
         Mounting [0;1;39mHuge Pages File System[0m...
[    7.224085] systemd[1]: Mounting POSIX Message Queue File System...
         Mounting [0;1;39mPOSIX Message Queue File System[0m...
[    7.231553] systemd[1]: Mounting Kernel Debug File System...
         Mounting [0;1;39mKernel Debug File System[0m...
[    7.248723] systemd[1]: Mounting Kernel Trace File System...
         Mounting [0;1;39mKernel Trace File System[0m...
[    7.251109] systemd[1]: Kernel Module supporting RPCSEC_GSS was skipped because of an unmet condition check (ConditionPathExists=/etc/krb5.keytab).
[    7.254706] systemd[1]: Create List of Static Device Nodes was skipped because of an unmet condition check (ConditionFileNotEmpty=/lib/modules/6.19.0-rc5-9843d35ffaf3+/modules.devname).
[    7.264129] systemd[1]: Starting Monitoring of LVM2 mirrors, snapshots etc. using dmeventd or progress polling...
         Starting [0;1;39mMonitoring of LVM…meventd or progress polling[0m...
[    7.272443] systemd[1]: Starting Load Kernel Module configfs...
         Starting [0;1;39mLoad Kernel Module configfs[0m...
[    7.281062] systemd[1]: Starting Load Kernel Module drm...
         Starting [0;1;39mLoad Kernel Module drm[0m...
[    7.297566] systemd[1]: Starting Load Kernel Module fuse...
         Starting [0;1;39mLoad Kernel Module fuse[0m...
[    7.317565] systemd[1]: Starting Read and set NIS domainname from /etc/sysconfig/network...
         Starting [0;1;39mRead and set NIS …from /etc/sysconfig/network[0m...
[    7.349197] systemd[1]: Starting Journal Service...
         Starting [0;1;39mJournal Service[0m...
[    7.367070] systemd[1]: Starting Load Kernel Modules...
         Starting [0;1;39mLoad Kernel Modules[0m...
[    7.378671] systemd[1]: Starting Generate network units from Kernel command line...
         Starting [0;1;39mGenerate network …ts from Kernel command line[0m...
[    7.397790] systemd[1]: Starting Remount Root and Kernel File Systems...
         Starting [0;1;39mRemount Root and Kernel File Systems[0m...
[    7.399404] systemd[1]: Repartition Root Disk was skipped because no trigger condition checks were met.
[    7.416235] systemd[1]: Starting Coldplug All udev Devices...
         Starting [0;1;39mColdplug All udev Devices[0m...
[    7.441593] systemd[1]: Mounted Huge Pages File System.
[[0;32m  OK  [0m] Mounted [0;1;39mHuge Pages File System[0m.
[    7.443075] systemd[1]: Mounted POSIX Message Queue File System.
[[0;32m  OK  [0m] Mounted [0;1;39mPOSIX Message Queue File System[0m.
[    7.449116] systemd[1]: Mounted Kernel Debug File System.
[[0;32m  OK  [0m] Mounted [0;1;39mKernel Debug File System[0m.
[    7.450577] systemd[1]: Mounted Kernel Trace File System.
[[0;32m  OK  [0m] Mounted [0;1;39mKernel Trace File System[0m.
[    7.460117] systemd[1]: Finished Monitoring of LVM2 mirrors, snapshots etc. using dmeventd or progress polling.
[[0;32m  OK  [0m] Finished [0;1;39mMonitoring of LVM… dmeventd or progress polling[0m.
[    7.473191] systemd[1]: modprobe@configfs.service: Deactivated successfully.
[    7.474867] systemd[1]: Finished Load Kernel Module configfs.
[[0;32m  OK  [0m] Finished [0;1;39mLoad Kernel Module configfs[0m.
[    7.477391] systemd[1]: modprobe@drm.service: Deactivated successfully.
[    7.478800] systemd[1]: Finished Load Kernel Module drm.
[[0;32m  OK  [0m] Finished [0;1;39mLoad Kernel Module drm[0m.
[    7.482373] systemd[1]: modprobe@fuse.service: Deactivated successfully.
[    7.484486] EXT4-fs (sda): re-mounted 088740a9-c8b4-422c-999d-a804eb68a4da r/w.
[    7.484523] systemd[1]: Finished Load Kernel Module fuse.
[[0;32m  OK  [0m] Finished [0;1;39mLoad Kernel Module fuse[0m.
[    7.508737] systemd[1]: Finished Read and set NIS domainname from /etc/sysconfig/network.
[[0;32m  OK  [0m] Finished [0;1;39mRead and set NIS …e from /etc/sysconfig/network[0m.
[    7.514150] systemd[1]: systemd-modules-load.service: Main process exited, code=exited, status=1/FAILURE
[    7.515893] systemd[1]: systemd-modules-load.service: Failed with result 'exit-code'.
[    7.533568] systemd[1]: Failed to start Load Kernel Modules.
[[0;1;31mFAILED[0m] Failed to start [0;1;39mLoad Kernel Modules[0m.
See 'systemctl status systemd-modules-load.service' for details.
[    7.538112] systemd[1]: Started Journal Service.
[[0;32m  OK  [0m] Started [0;1;39mJournal Service[0m.
[[0;32m  OK  [0m] Finished [0;1;39mGenerate network units from Kernel command line[0m.
[[0;32m  OK  [0m] Finished [0;1;39mRemount Root and Kernel File Systems[0m.
[[0;32m  OK  [0m] Reached target [0;1;39mPreparation for Network[0m.
         Mounting [0;1;39mFUSE Control File System[0m...
         Mounting [0;1;39mKernel Configuration File System[0m...
         Starting [0;1;39mFlush Journal to Persistent Storage[0m...
         Starting [0;1;39mLoad/Save Random Seed[0m...
[    7.632474] systemd-journald[142]: Received client request to flush runtime journal.
         Starting [0;1;39mApply Kernel Variables[0m...
         Starting [0;1;39mCreate Static Device Nodes in /dev[0m...
         Starting [0;1;39mSetup Virtual Console[0m...
[[0;32m  OK  [0m] Mounted [0;1;39mFUSE Control File System[0m.
[[0;32m  OK  [0m] Mounted [0;1;39mKernel Configuration File System[0m.
[[0;32m  OK  [0m] Finished [0;1;39mFlush Journal to Persistent Storage[0m.
[[0;32m  OK  [0m] Finished [0;1;39mLoad/Save Random Seed[0m.
[[0;32m  OK  [0m] Finished [0;1;39mApply Kernel Variables[0m.
[[0;32m  OK  [0m] Finished [0;1;39mCreate Static Device Nodes in /dev[0m.
         Starting [0;1;39mRule-based Manage…for Device Events and Files[0m...
[[0;32m  OK  [0m] Started [0;1;39mRule-based Manager for Device Events and Files[0m.
         Starting [0;1;39mAuto-connect to s…E devices found during boot[0m...
[[0;32m  OK  [0m] Finished [0;1;39mAuto-connect to s…VME devices found during boot[0m.
[[0;32m  OK  [0m] Finished [0;1;39mColdplug All udev Devices[0m.
[[0;32m  OK  [0m] Finished [0;1;39mSetup Virtual Console[0m.
[[0;32m  OK  [0m] Started [0;1;39mDispatch Password …ts to Console Directory Watch[0m.
[[0;32m  OK  [0m] Reached target [0;1;39mLocal Encrypted Volumes[0m.
[[0;32m  OK  [0m] Reached target [0;1;39mPath Units[0m.
         Starting [0;1;39mWait for udev To …plete Device Initialization[0m...
[[0;32m  OK  [0m] Found device [0;1;39m/dev/ttyS0[0m.
[[0;32m  OK  [0m] Listening on [0;1;39mLoad/Save RF …itch Status /dev/rfkill Watch[0m.
[[0;32m  OK  [0m] Finished [0;1;39mWait for udev To Complete Device Initialization[0m.
[[0;32m  OK  [0m] Reached target [0;1;39mPreparation for Local File Systems[0m.
[[0;32m  OK  [0m] Reached target [0;1;39mLocal File Systems[0m.
         Starting [0;1;39mTell Plymouth To Write Out Runtime Data[0m...
         Starting [0;1;39mAutomatic Boot Loader Update[0m...
         Starting [0;1;39mCreate Volatile Files and Directories[0m...
[[0;32m  OK  [0m] Finished [0;1;39mTell Plymouth To Write Out Runtime Data[0m.
[[0;32m  OK  [0m] Finished [0;1;39mAutomatic Boot Loader Update[0m.
[[0;32m  OK  [0m] Finished [0;1;39mCreate Volatile Files and Directories[0m.
         Mounting [0;1;39mRPC Pipe File System[0m...
         Starting [0;1;39mSecurity Auditing Service[0m...
         Starting [0;1;39mRPC Bind[0m...
[[0;32m  OK  [0m] Mounted [0;1;39mRPC Pipe File System[0m.
[[0;32m  OK  [0m] Reached target [0;1;39mrpc_pipefs.target[0m.
[[0;32m  OK  [0m] Started [0;1;39mRPC Bind[0m.
[[0;32m  OK  [0m] Started [0;1;39mSecurity Auditing Service[0m.
         Starting [0;1;39mRecord System Boot/Shutdown in UTMP[0m...
[[0;32m  OK  [0m] Finished [0;1;39mRecord System Boot/Shutdown in UTMP[0m.
[[0;32m  OK  [0m] Reached target [0;1;39mSystem Initialization[0m.
[[0;32m  OK  [0m] Started [0;1;39mDaily rotation of log files[0m.
[[0;32m  OK  [0m] Started [0;1;39mUpdates mlocate database every day[0m.
[[0;32m  OK  [0m] Started [0;1;39mDaily Cleanup of Temporary Directories[0m.
[[0;32m  OK  [0m] Started [0;1;39mdaily update of the root trust anchor for DNSSEC[0m.
[[0;32m  OK  [0m] Reached target [0;1;39mTimer Units[0m.
[[0;32m  OK  [0m] Listening on [0;1;39mD-Bus System Message Bus Socket[0m.
[[0;32m  OK  [0m] Listening on [0;1;39mOpen-iSCSI iscsid Socket[0m.
[[0;32m  OK  [0m] Listening on [0;1;39mOpen-iSCSI iscsiuio Socket[0m.
[[0;32m  OK  [0m] Listening on [0;1;39mSSSD Kerberos…ache Manager responder socket[0m.
[[0;32m  OK  [0m] Listening on [0;1;39mLibvirt interface local socket[0m.
[[0;32m  OK  [0m] Listening on [0;1;39mVirtual machine lock manager socket[0m.
[[0;32m  OK  [0m] Listening on [0;1;39mVirtual machine log manager socket[0m.
[[0;32m  OK  [0m] Listening on [0;1;39mLibvirt network local socket[0m.
[[0;32m  OK  [0m] Listening on [0;1;39mLibvirt nodedev local socket[0m.
[[0;32m  OK  [0m] Listening on [0;1;39mLibvirt nwfilter local socket[0m.
[[0;32m  OK  [0m] Listening on [0;1;39mLibvirt proxy local socket[0m.
[[0;32m  OK  [0m] Listening on [0;1;39mLibvirt qemu local socket[0m.
[[0;32m  OK  [0m] Listening on [0;1;39mLibvirt qemu admin socket[0m.
[[0;32m  OK  [0m] Listening on [0;1;39mLibvirt qemu local read-only socket[0m.
[[0;32m  OK  [0m] Listening on [0;1;39mLibvirt secret local socket[0m.
[[0;32m  OK  [0m] Listening on [0;1;39mLibvirt storage local socket[0m.
[[0;32m  OK  [0m] Reached target [0;1;39mSocket Units[0m.
         Starting [0;1;39mD-Bus System Message Bus[0m...
[[0;32m  OK  [0m] Started [0;1;39mD-Bus System Message Bus[0m.
[[0;32m  OK  [0m] Reached target [0;1;39mBasic System[0m.
         Starting [0;1;39mNetwork Manager[0m...
         Starting [0;1;39mNTP client/server[0m...
         Starting [0;1;39mRestore /run/initramfs on shutdown[0m...
[[0;32m  OK  [0m] Started [0;1;39mirqbalance daemon[0m.
[[0;32m  OK  [0m] Started [0;1;39mlibstoragemgmt plug-in server daemon[0m.
[[0;32m  OK  [0m] Started [0;1;39mMachine Check Exception Logging Daemon[0m.
[[0;32m  OK  [0m] Reached target [0;1;39msshd-keygen.target[0m.
[[0;32m  OK  [0m] Reached target [0;1;39mUser and Group Name Lookups[0m.
         Starting [0;1;39mUser Login Management[0m...
         Starting [0;1;39mVirtual Machine a…tainer Registration Service[0m...
         Starting [0;1;39mupdate of the roo…NSSEC validation in unbound[0m...
         Starting [0;1;39mRotate log files[0m...
[[0;32m  OK  [0m] Started [0;1;39mUpdate a database for mlocate[0m.
[[0;32m  OK  [0m] Finished [0;1;39mRestore /run/initramfs on shutdown[0m.
[[0;32m  OK  [0m] Started [0;1;39mVirtual Machine an…ontainer Registration Service[0m.
         Starting [0;1;39mHostname Service[0m...
[[0;32m  OK  [0m] Started [0;1;39mNTP client/server[0m.
[[0;32m  OK  [0m] Finished [0;1;39mupdate of the roo… DNSSEC validation in unbound[0m.
[[0;32m  OK  [0m] Started [0;1;39mUser Login Management[0m.
[[0;32m  OK  [0m] Started [0;1;39mHostname Service[0m.
[[0;32m  OK  [0m] Finished [0;1;39mRotate log files[0m.
         Starting [0;1;39mNetwork Manager Script Dispatcher Service[0m...
[[0;32m  OK  [0m] Started [0;1;39mNetwork Manager Script Dispatcher Service[0m.
[   11.765577] e1000: eth0 NIC Link is Up 1000 Mbps Full Duplex, Flow Control: RX
[[0;32m  OK  [0m] Started [0;1;39mNetwork Manager[0m.
[[0;32m  OK  [0m] Reached target [0;1;39mNetwork[0m.
[[0;32m  OK  [0m] Reached target [0;1;39mNetwork is Online[0m.
         Starting [0;1;39mGSSAPI Proxy Daemon[0m...
         Starting [0;1;39mNotify NFS peers of a restart[0m...
         Starting [0;1;39mSystem Logging Service[0m...
         Starting [0;1;39mOpenSSH server daemon[0m...
         Starting [0;1;39mDynamic System Tuning Daemon[0m...
[[0;32m  OK  [0m] Started [0;1;39mNotify NFS peers of a restart[0m.
[[0;32m  OK  [0m] Started [0;1;39mOpenSSH server daemon[0m.
[[0;32m  OK  [0m] Started [0;1;39mGSSAPI Proxy Daemon[0m.
[[0;32m  OK  [0m] Reached target [0;1;39mNFS client services[0m.
[[0;32m  OK  [0m] Reached target [0;1;39mPreparation for Remote File Systems[0m.
[[0;32m  OK  [0m] Reached target [0;1;39mRemote File Systems[0m.
         Starting [0;1;39mPermit User Sessions[0m...
         Starting [0;1;39mVirtualization qemu daemon[0m...
[[0;32m  OK  [0m] Started [0;1;39mSystem Logging Service[0m.
[[0;32m  OK  [0m] Finished [0;1;39mPermit User Sessions[0m.
[[0;32m  OK  [0m] Started [0;1;39mDeferred execution scheduler[0m.
[[0;32m  OK  [0m] Started [0;1;39mCommand Scheduler[0m.
         Starting [0;1;39mHold until boot process finishes up[0m...
         Starting [0;1;39mTerminate Plymouth Boot Screen[0m...
[[0;32m  OK  [0m] Started [0;1;39mVirtualization qemu daemon[0m.
[[0;32m  OK  [0m] Finished [0;1;39mHold until boot process finishes up[0m.
[[0;32m  OK  [0m] Started [0;1;39mGetty on tty1[0m.
[[0;32m  OK  [0m] Started [0;1;39mSerial Getty on ttyS0[0m.
[[0;32m  OK  [0m] Reached target [0;1;39mLogin Prompts[0m.
[[0;32m  OK  [0m] Finished [0;1;39mTerminate Plymouth Boot Screen[0m.
         Starting [0;1;39mAuthorization Manager[0m...
[[0;32m  OK  [0m] Started [0;1;39mAuthorization Manager[0m.
[[0;32m  OK  [0m] Started [0;1;39mDynamic System Tuning Daemon[0m.
[[0;32m  OK  [0m] Reached target [0;1;39mMulti-User System[0m.
         Starting [0;1;39mRecord Runlevel Change in UTMP[0m...
[[0;32m  OK  [0m] Finished [0;1;39mRecord Runlevel Change in UTMP[0m.

CentOS Stream 9
Kernel 6.19.0-rc5-9843d35ffaf3+ on an x86_64

Activate the web console with: systemctl enable --now cockpit.socket

test login: [   20.215172] Adding 124996k swap on ./swap-file.  Priority:0 extents:1 across:124996k 
[   20.289293] Adding 124996k swap on ./swap-file.  Priority:0 extents:1 across:124996k 
[   20.354023] Adding 124996k swap on ./swap-file.  Priority:0 extents:1 across:124996k 
[   20.420935] Adding 124996k swap on ./swap-file.  Priority:0 extents:1 across:124996k 
[   20.480399] Adding 124996k swap on ./swap-file.  Priority:0 extents:1 across:124996k 
[   20.541242] Adding 124996k swap on ./swap-file.  Priority:0 extents:1 across:124996k 
[   20.607687] Adding 124996k swap on ./swap-file.  Priority:0 extents:1 across:124996k 
[   20.689245] Adding 124996k swap on ./swap-file.  Priority:0 extents:1 across:124996k 
[   20.753308] Adding 124996k swap on ./swap-file.  Priority:0 extents:1 across:124996k 
[   20.814603] Adding 124996k swap on ./swap-file.  Priority:0 extents:1 across:124996k 
[   20.876018] Adding 124996k swap on ./swap-file.  Priority:0 extents:1 across:124996k 
[   20.940563] Adding 124996k swap on ./swap-file.  Priority:0 extents:1 across:124996k 
[   21.009908] Adding 124996k swap on ./swap-file.  Priority:0 extents:1 across:124996k 
[   21.061208] Adding 124996k swap on ./swap-file.  Priority:0 extents:1 across:124996k 
[   21.133218] Adding 124996k swap on ./swap-file.  Priority:0 extents:1 across:124996k 
[   21.198529] Adding 124996k swap on ./swap-file.  Priority:0 extents:1 across:124996k 
[   21.278136] Adding 124996k swap on ./swap-file.  Priority:0 extents:1 across:124996k 
[   21.343252] Adding 124996k swap on ./swap-file.  Priority:0 extents:1 across:124996k 
[   21.411153] Adding 124996k swap on ./swap-file.  Priority:0 extents:1 across:124996k 
[   21.483349] Adding 124996k swap on ./swap-file.  Priority:0 extents:1 across:124996k 
[   21.550178] Adding 124996k swap on ./swap-file.  Priority:0 extents:1 across:124996k 
[   21.615025] Adding 124996k swap on ./swap-file.  Priority:0 extents:1 across:124996k 
[   21.677768] Adding 124996k swap on ./swap-file.  Priority:0 extents:1 across:124996k 
[   21.740037] Adding 124996k swap on ./swap-file.  Priority:0 extents:1 across:124996k 
[   21.801149] Adding 124996k swap on ./swap-file.  Priority:0 extents:1 across:124996k 
[   21.862215] Adding 124996k swap on ./swap-file.  Priority:0 extents:1 across:124996k 
[   21.927237] Adding 124996k swap on ./swap-file.  Priority:0 extents:1 across:124996k 
[   21.996447] Adding 124996k swap on ./swap-file.  Priority:0 extents:1 across:124996k 
[   22.057927] Adding 124996k swap on ./swap-file.  Priority:0 extents:1 across:124996k 
[   22.120614] Adding 124996k swap on ./swap-file.  Priority:0 extents:1 across:124996k 
[   22.187213] Adding 124996k swap on ./swap-file.  Priority:0 extents:1 across:124996k 
[   22.263070] Adding 124996k swap on ./swap-file.  Priority:0 extents:1 across:124996k 
[   22.328380] Adding 124996k swap on ./swap-file.  Priority:0 extents:1 across:124996k 
[   22.395197] Adding 124996k swap on ./swap-file.  Priority:0 extents:1 across:124996k 
[   22.454811] Adding 124996k swap on ./swap-file.  Priority:0 extents:1 across:124996k 
[   22.514083] Adding 124996k swap on ./swap-file.  Priority:0 extents:1 across:124996k 
[   22.574833] Adding 124996k swap on ./swap-file.  Priority:0 extents:1 across:124996k 
[   22.637835] Adding 124996k swap on ./swap-file.  Priority:0 extents:1 across:124996k 
[   22.706798] Adding 124996k swap on ./swap-file.  Priority:0 extents:1 across:124996k 
[   22.767477] Adding 124996k swap on ./swap-file.  Priority:0 extents:1 across:124996k 
[   22.826381] Adding 124996k swap on ./swap-file.  Priority:0 extents:1 across:124996k 
[   22.888952] Adding 124996k swap on ./swap-file.  Priority:0 extents:1 across:124996k 
[   22.956950] Adding 124996k swap on ./swap-file.  Priority:0 extents:1 across:124996k 
[   23.017791] Adding 124996k swap on ./swap-file.  Priority:0 extents:1 across:124996k 
[   23.082189] Adding 124996k swap on ./swap-file.  Priority:0 extents:1 across:124996k 
[   23.140644] Adding 124996k swap on ./swap-file.  Priority:0 extents:1 across:124996k 
[   23.195990] Adding 124996k swap on ./swap-file.  Priority:0 extents:1 across:124996k 
[   23.256502] Adding 124996k swap on ./swap-file.  Priority:0 extents:1 across:124996k 
[   23.319271] Adding 124996k swap on ./swap-file.  Priority:0 extents:1 across:124996k 
[   23.379525] Adding 124996k swap on ./swap-file.  Priority:0 extents:1 across:124996k 
[   23.445147] Adding 124996k swap on ./swap-file.  Priority:0 extents:1 across:124996k 
[   23.505534] Adding 124996k swap on ./swap-file.  Priority:0 extents:1 across:124996k 
[   23.577029] Adding 124996k swap on ./swap-file.  Priority:0 extents:1 across:124996k 
[   23.640312] Adding 124996k swap on ./swap-file.  Priority:0 extents:1 across:124996k 
[   23.705377] Adding 124996k swap on ./swap-file.  Priority:0 extents:1 across:124996k 
[   23.767746] Adding 124996k swap on ./swap-file.  Priority:0 extents:1 across:124996k 
[   23.832103] Adding 124996k swap on ./swap-file.  Priority:0 extents:1 across:124996k 
[   23.893217] Adding 124996k swap on ./swap-file.  Priority:0 extents:1 across:124996k 
[   23.953337] Adding 124996k swap on ./swap-file.  Priority:0 extents:1 across:124996k 
[   24.032560] Adding 124996k swap on ./swap-file.  Priority:0 extents:1 across:124996k 
[   24.098452] Adding 124996k swap on ./swap-file.  Priority:0 extents:1 across:124996k 
[   24.182315] Adding 124996k swap on ./swap-file.  Priority:0 extents:1 across:124996k 
[   24.244456] Adding 124996k swap on ./swap-file.  Priority:0 extents:1 across:124996k 
[   24.309725] Adding 124996k swap on ./swap-file.  Priority:0 extents:1 across:124996k 
[   24.377554] Adding 124996k swap on ./swap-file.  Priority:0 extents:1 across:124996k 
[   24.443938] Adding 124996k swap on ./swap-file.  Priority:0 extents:1 across:124996k 
[   24.513159] Adding 124996k swap on ./swap-file.  Priority:0 extents:1 across:124996k 
[   24.572552] Adding 124996k swap on ./swap-file.  Priority:0 extents:1 across:124996k 
[   24.628618] Adding 124996k swap on ./swap-file.  Priority:0 extents:1 across:124996k 
[   24.688386] Adding 124996k swap on ./swap-file.  Priority:0 extents:1 across:124996k 
[   24.749584] Adding 124996k swap on ./swap-file.  Priority:0 extents:1 across:124996k 
[   24.822058] Adding 124996k swap on ./swap-file.  Priority:0 extents:1 across:124996k 
[   24.905503] Adding 124996k swap on ./swap-file.  Priority:0 extents:1 across:124996k 
[   24.966209] Adding 124996k swap on ./swap-file.  Priority:0 extents:1 across:124996k 
[   25.030979] Adding 124996k swap on ./swap-file.  Priority:0 extents:1 across:124996k 
[   25.106751] Adding 124996k swap on ./swap-file.  Priority:0 extents:1 across:124996k 
[   25.174111] Adding 124996k swap on ./swap-file.  Priority:0 extents:1 across:124996k 
[   25.237864] Adding 124996k swap on ./swap-file.  Priority:0 extents:1 across:124996k 
[   25.309078] Adding 124996k swap on ./swap-file.  Priority:0 extents:1 across:124996k 
[   25.372837] Adding 124996k swap on ./swap-file.  Priority:0 extents:1 across:124996k 
[   25.433338] Adding 124996k swap on ./swap-file.  Priority:0 extents:1 across:124996k 
[   25.493668] Adding 124996k swap on ./swap-file.  Priority:0 extents:1 across:124996k 
[   25.562157] Adding 124996k swap on ./swap-file.  Priority:0 extents:1 across:124996k 
[   25.625315] Adding 124996k swap on ./swap-file.  Priority:0 extents:1 across:124996k 
[   25.685170] Adding 124996k swap on ./swap-file.  Priority:0 extents:1 across:124996k 
[   25.748499] Adding 124996k swap on ./swap-file.  Priority:0 extents:1 across:124996k 
[   25.813975] Adding 124996k swap on ./swap-file.  Priority:0 extents:1 across:124996k 
[   25.880890] Adding 124996k swap on ./swap-file.  Priority:0 extents:1 across:124996k 
[   25.945289] Adding 124996k swap on ./swap-file.  Priority:0 extents:1 across:124996k 
[   26.004187] Adding 124996k swap on ./swap-file.  Priority:0 extents:1 across:124996k 
[   26.064644] Adding 124996k swap on ./swap-file.  Priority:0 extents:1 across:124996k 
[   26.123578] Adding 124996k swap on ./swap-file.  Priority:0 extents:1 across:124996k 
[   26.197542] Adding 124996k swap on ./swap-file.  Priority:0 extents:1 across:124996k 
[   26.261340] Adding 124996k swap on ./swap-file.  Priority:0 extents:1 across:124996k 
[   26.319793] Adding 124996k swap on ./swap-file.  Priority:0 extents:1 across:124996k 
[   26.379748] Adding 124996k swap on ./swap-file.  Priority:0 extents:1 across:124996k 
[   26.441554] Adding 124996k swap on ./swap-file.  Priority:0 extents:1 across:124996k 
[   26.502177] Adding 124996k swap on ./swap-file.  Priority:0 extents:1 across:124996k 
[   26.569118] Adding 124996k swap on ./swap-file.  Priority:0 extents:1 across:124996k 
[   26.633420] Adding 124996k swap on ./swap-file.  Priority:0 extents:1 across:124996k 
[   26.701523] Adding 124996k swap on ./swap-file.  Priority:0 extents:1 across:124996k 
[   26.762878] Adding 124996k swap on ./swap-file.  Priority:0 extents:1 across:124996k 
[   26.834120] Adding 124996k swap on ./swap-file.  Priority:0 extents:1 across:124996k 
[   26.912957] Adding 124996k swap on ./swap-file.  Priority:0 extents:1 across:124996k 
[   26.978929] Adding 124996k swap on ./swap-file.  Priority:0 extents:1 across:124996k 
[   27.050352] Adding 124996k swap on ./swap-file.  Priority:0 extents:1 across:124996k 
[   27.110477] Adding 124996k swap on ./swap-file.  Priority:0 extents:1 across:124996k 
[   27.182155] Adding 124996k swap on ./swap-file.  Priority:0 extents:1 across:124996k 
[   27.246436] Adding 124996k swap on ./swap-file.  Priority:0 extents:1 across:124996k 
[   27.314382] Adding 124996k swap on ./swap-file.  Priority:0 extents:1 across:124996k 
[   27.398734] Adding 124996k swap on ./swap-file.  Priority:0 extents:1 across:124996k 
[   27.461379] Adding 124996k swap on ./swap-file.  Priority:0 extents:1 across:124996k 
[   27.521863] Adding 124996k swap on ./swap-file.  Priority:0 extents:1 across:124996k 
[   27.587304] Adding 124996k swap on ./swap-file.  Priority:0 extents:1 across:124996k 
[   27.654156] Adding 124996k swap on ./swap-file.  Priority:0 extents:1 across:124996k 
[   27.718141] Adding 124996k swap on ./swap-file.  Priority:0 extents:1 across:124996k 
[   27.787974] Adding 124996k swap on ./swap-file.  Priority:0 extents:1 across:124996k 
[   27.863891] Adding 124996k swap on ./swap-file.  Priority:0 extents:1 across:124996k 
[   27.930968] Adding 124996k swap on ./swap-file.  Priority:0 extents:1 across:124996k 
[   28.015544] Adding 124996k swap on ./swap-file.  Priority:0 extents:1 across:124996k 
[   28.083183] Adding 124996k swap on ./swap-file.  Priority:0 extents:1 across:124996k 
[   28.152395] Adding 124996k swap on ./swap-file.  Priority:0 extents:1 across:124996k 
[   28.215548] Adding 124996k swap on ./swap-file.  Priority:0 extents:1 across:124996k 
[   28.283798] Adding 124996k swap on ./swap-file.  Priority:0 extents:1 across:124996k 
[   28.365617] Adding 124996k swap on ./swap-file.  Priority:0 extents:1 across:124996k 
[   28.438262] Adding 124996k swap on ./swap-file.  Priority:0 extents:1 across:124996k 
[   28.496203] Adding 124996k swap on ./swap-file.  Priority:0 extents:1 across:124996k 
[   28.564199] Adding 124996k swap on ./swap-file.  Priority:0 extents:1 across:124996k 
[   28.624935] Adding 124996k swap on ./swap-file.  Priority:0 extents:1 across:124996k 
[   28.704670] Adding 124996k swap on ./swap-file.  Priority:0 extents:1 across:124996k 
[   28.768701] Adding 124996k swap on ./swap-file.  Priority:0 extents:1 across:124996k 
[   28.836220] Adding 124996k swap on ./swap-file.  Priority:0 extents:1 across:124996k 
[   28.901525] Adding 124996k swap on ./swap-file.  Priority:0 extents:1 across:124996k 
[   28.963680] Adding 124996k swap on ./swap-file.  Priority:0 extents:1 across:124996k 
[   29.026863] Adding 124996k swap on ./swap-file.  Priority:0 extents:1 across:124996k 
[   29.094353] Adding 124996k swap on ./swap-file.  Priority:0 extents:1 across:124996k 
[   29.156171] Adding 124996k swap on ./swap-file.  Priority:0 extents:1 across:124996k 
[   29.220193] Adding 124996k swap on ./swap-file.  Priority:0 extents:1 across:124996k 
[   29.283319] Adding 124996k swap on ./swap-file.  Priority:0 extents:1 across:124996k 
[   29.348216] Adding 124996k swap on ./swap-file.  Priority:0 extents:1 across:124996k 
[   29.420101] Adding 124996k swap on ./swap-file.  Priority:0 extents:1 across:124996k 
[   29.484212] Adding 124996k swap on ./swap-file.  Priority:0 extents:1 across:124996k 
[   29.551027] Adding 124996k swap on ./swap-file.  Priority:0 extents:1 across:124996k 
[   29.615973] Adding 124996k swap on ./swap-file.  Priority:0 extents:1 across:124996k 
[   29.687210] Adding 124996k swap on ./swap-file.  Priority:0 extents:1 across:124996k 
[   29.748714] Adding 124996k swap on ./swap-file.  Priority:0 extents:1 across:124996k 
[   29.823367] Adding 124996k swap on ./swap-file.  Priority:0 extents:1 across:124996k 
[   29.887461] Adding 124996k swap on ./swap-file.  Priority:0 extents:1 across:124996k 
[   29.962803] Adding 124996k swap on ./swap-file.  Priority:0 extents:1 across:124996k 
[   30.028334] Adding 124996k swap on ./swap-file.  Priority:0 extents:1 across:124996k 
[   30.090763] Adding 124996k swap on ./swap-file.  Priority:0 extents:1 across:124996k 
[   30.156191] Adding 124996k swap on ./swap-file.  Priority:0 extents:1 across:124996k 
[   30.217454] Adding 124996k swap on ./swap-file.  Priority:0 extents:1 across:124996k 
[   30.284744] Adding 124996k swap on ./swap-file.  Priority:0 extents:1 across:124996k 
[   30.350404] Adding 124996k swap on ./swap-file.  Priority:0 extents:1 across:124996k 
[   30.433494] Adding 124996k swap on ./swap-file.  Priority:0 extents:1 across:124996k 
[   30.501269] Adding 124996k swap on ./swap-file.  Priority:0 extents:1 across:124996k 
[   30.567915] Adding 124996k swap on ./swap-file.  Priority:0 extents:1 across:124996k 
[   30.638314] Adding 124996k swap on ./swap-file.  Priority:0 extents:1 across:124996k 
[   30.717551] Adding 124996k swap on ./swap-file.  Priority:0 extents:1 across:124996k 
[   30.784178] Adding 124996k swap on ./swap-file.  Priority:0 extents:1 across:124996k 
[   30.858113] Adding 124996k swap on ./swap-file.  Priority:0 extents:1 across:124996k 
[   30.939090] Adding 124996k swap on ./swap-file.  Priority:0 extents:1 across:124996k 
[   31.001392] Adding 124996k swap on ./swap-file.  Priority:0 extents:1 across:124996k 
[   31.063844] Adding 124996k swap on ./swap-file.  Priority:0 extents:1 across:124996k 
[   31.132841] Adding 124996k swap on ./swap-file.  Priority:0 extents:1 across:124996k 
[   31.199758] Adding 124996k swap on ./swap-file.  Priority:0 extents:1 across:124996k 
[   31.266429] Adding 124996k swap on ./swap-file.  Priority:0 extents:1 across:124996k 
[   31.331922] Adding 124996k swap on ./swap-file.  Priority:0 extents:1 across:124996k 
[   31.396594] Adding 124996k swap on ./swap-file.  Priority:0 extents:1 across:124996k 
[   31.459974] Adding 124996k swap on ./swap-file.  Priority:0 extents:1 across:124996k 
[   31.518946] Adding 124996k swap on ./swap-file.  Priority:0 extents:1 across:124996k 
[   31.588066] Adding 124996k swap on ./swap-file.  Priority:0 extents:1 across:124996k 
[   31.670211] Adding 124996k swap on ./swap-file.  Priority:0 extents:1 across:124996k 
[   31.733176] Adding 124996k swap on ./swap-file.  Priority:0 extents:1 across:124996k 
[   31.802860] Adding 124996k swap on ./swap-file.  Priority:0 extents:1 across:124996k 
[   31.880964] Adding 124996k swap on ./swap-file.  Priority:0 extents:1 across:124996k 
[   31.952100] Adding 124996k swap on ./swap-file.  Priority:0 extents:1 across:124996k 
[   32.020676] Adding 124996k swap on ./swap-file.  Priority:0 extents:1 across:124996k 
[   32.103767] Adding 124996k swap on ./swap-file.  Priority:0 extents:1 across:124996k 
[   32.179441] Adding 124996k swap on ./swap-file.  Priority:0 extents:1 across:124996k 
[   32.250087] Adding 124996k swap on ./swap-file.  Priority:0 extents:1 across:124996k 
[   32.312667] Adding 124996k swap on ./swap-file.  Priority:0 extents:1 across:124996k 
[   32.387937] Adding 124996k swap on ./swap-file.  Priority:0 extents:1 across:124996k 
[   32.461720] Adding 124996k swap on ./swap-file.  Priority:0 extents:1 across:124996k 
[   32.530447] Adding 124996k swap on ./swap-file.  Priority:0 extents:1 across:124996k 
[   32.615462] Adding 124996k swap on ./swap-file.  Priority:0 extents:1 across:124996k 
[   32.685358] Adding 124996k swap on ./swap-file.  Priority:0 extents:1 across:124996k 
[   32.743059] Adding 124996k swap on ./swap-file.  Priority:0 extents:1 across:124996k 
[   32.813321] Adding 124996k swap on ./swap-file.  Priority:0 extents:1 across:124996k 
[   32.880643] Adding 124996k swap on ./swap-file.  Priority:0 extents:1 across:124996k 
[   32.944606] Adding 124996k swap on ./swap-file.  Priority:0 extents:1 across:124996k 
[   33.010765] Adding 124996k swap on ./swap-file.  Priority:0 extents:1 across:124996k 
[   33.089073] Adding 124996k swap on ./swap-file.  Priority:0 extents:1 across:124996k 
[   33.151701] Adding 124996k swap on ./swap-file.  Priority:0 extents:1 across:124996k 
[   33.216068] Adding 124996k swap on ./swap-file.  Priority:0 extents:1 across:124996k 
[   33.288266] Adding 124996k swap on ./swap-file.  Priority:0 extents:1 across:124996k 
[   33.363922] Adding 124996k swap on ./swap-file.  Priority:0 extents:1 across:124996k 
[   33.440276] Adding 124996k swap on ./swap-file.  Priority:0 extents:1 across:124996k 
[   33.501560] Adding 124996k swap on ./swap-file.  Priority:0 extents:1 across:124996k 
[   33.574009] Adding 124996k swap on ./swap-file.  Priority:0 extents:1 across:124996k 
[   33.635874] Adding 124996k swap on ./swap-file.  Priority:0 extents:1 across:124996k 
[   33.709202] Adding 124996k swap on ./swap-file.  Priority:0 extents:1 across:124996k 
[   33.784612] Adding 124996k swap on ./swap-file.  Priority:0 extents:1 across:124996k 
[   33.852178] Adding 124996k swap on ./swap-file.  Priority:0 extents:1 across:124996k 
[   33.916236] Adding 124996k swap on ./swap-file.  Priority:0 extents:1 across:124996k 
[   33.979752] Adding 124996k swap on ./swap-file.  Priority:0 extents:1 across:124996k 
[   34.053548] Adding 124996k swap on ./swap-file.  Priority:0 extents:1 across:124996k 
[   34.127213] Adding 124996k swap on ./swap-file.  Priority:0 extents:1 across:124996k 
[   34.192169] Adding 124996k swap on ./swap-file.  Priority:0 extents:1 across:124996k 
[   34.260367] Adding 124996k swap on ./swap-file.  Priority:0 extents:1 across:124996k 
[   34.340768] Adding 124996k swap on ./swap-file.  Priority:0 extents:1 across:124996k 
[   34.418914] Adding 124996k swap on ./swap-file.  Priority:0 extents:1 across:124996k 
[   34.486242] Adding 124996k swap on ./swap-file.  Priority:0 extents:1 across:124996k 
[   34.552127] Adding 124996k swap on ./swap-file.  Priority:0 extents:1 across:124996k 
[   34.619172] Adding 124996k swap on ./swap-file.  Priority:0 extents:1 across:124996k 
[   34.684037] Adding 124996k swap on ./swap-file.  Priority:0 extents:1 across:124996k 
[   34.761538] Adding 124996k swap on ./swap-file.  Priority:0 extents:1 across:124996k 
[   34.828069] Adding 124996k swap on ./swap-file.  Priority:0 extents:1 across:124996k 
[   34.890801] Adding 124996k swap on ./swap-file.  Priority:0 extents:1 across:124996k 
[   34.956394] Adding 124996k swap on ./swap-file.  Priority:0 extents:1 across:124996k 
[   35.021357] Adding 124996k swap on ./swap-file.  Priority:0 extents:1 across:124996k 
[   35.084196] Adding 124996k swap on ./swap-file.  Priority:0 extents:1 across:124996k 
[   35.157015] Adding 124996k swap on ./swap-file.  Priority:0 extents:1 across:124996k 
[   35.220336] Adding 124996k swap on ./swap-file.  Priority:0 extents:1 across:124996k 
[   35.284083] Adding 124996k swap on ./swap-file.  Priority:0 extents:1 across:124996k 
[   35.351540] Adding 124996k swap on ./swap-file.  Priority:0 extents:1 across:124996k 
[   35.415708] Adding 124996k swap on ./swap-file.  Priority:0 extents:1 across:124996k 
[   35.491167] Adding 124996k swap on ./swap-file.  Priority:0 extents:1 across:124996k 
[   35.555680] Adding 124996k swap on ./swap-file.  Priority:0 extents:1 across:124996k 
[   35.623516] Adding 124996k swap on ./swap-file.  Priority:0 extents:1 across:124996k 
[   35.686208] Adding 124996k swap on ./swap-file.  Priority:0 extents:1 across:124996k 
[   35.760259] Adding 124996k swap on ./swap-file.  Priority:0 extents:1 across:124996k 
[   35.824727] Adding 124996k swap on ./swap-file.  Priority:0 extents:1 across:124996k 
[   35.886938] Adding 124996k swap on ./swap-file.  Priority:0 extents:1 across:124996k 
[   35.951216] Adding 124996k swap on ./swap-file.  Priority:0 extents:1 across:124996k 
[   36.017825] Adding 124996k swap on ./swap-file.  Priority:0 extents:1 across:124996k 
[   36.092981] Adding 124996k swap on ./swap-file.  Priority:0 extents:1 across:124996k 
[   36.171382] Adding 124996k swap on ./swap-file.  Priority:0 extents:1 across:124996k 
[   36.240028] Adding 124996k swap on ./swap-file.  Priority:0 extents:1 across:124996k 
[   36.311821] Adding 124996k swap on ./swap-file.  Priority:0 extents:1 across:124996k 
[   36.383840] Adding 124996k swap on ./swap-file.  Priority:0 extents:1 across:124996k 
[   36.457190] Adding 124996k swap on ./swap-file.  Priority:0 extents:1 across:124996k 
[   36.517183] Adding 124996k swap on ./swap-file.  Priority:0 extents:1 across:124996k 
[   36.578806] Adding 124996k swap on ./swap-file.  Priority:0 extents:1 across:124996k 
[   36.658786] Adding 124996k swap on ./swap-file.  Priority:0 extents:1 across:124996k 
[   36.726812] Adding 124996k swap on ./swap-file.  Priority:0 extents:1 across:124996k 
[   36.794267] Adding 124996k swap on ./swap-file.  Priority:0 extents:1 across:124996k 
[   36.857508] Adding 124996k swap on ./swap-file.  Priority:0 extents:1 across:124996k 
[   36.913396] Adding 124996k swap on ./swap-file.  Priority:0 extents:1 across:124996k 
[   36.996664] Adding 124996k swap on ./swap-file.  Priority:0 extents:1 across:124996k 
[   37.065540] Adding 124996k swap on ./swap-file.  Priority:0 extents:1 across:124996k 
[   37.130296] Adding 124996k swap on ./swap-file.  Priority:0 extents:1 across:124996k 
[   37.198175] Adding 124996k swap on ./swap-file.  Priority:0 extents:1 across:124996k 
[   37.265115] Adding 124996k swap on ./swap-file.  Priority:0 extents:1 across:124996k 
[   37.328820] Adding 124996k swap on ./swap-file.  Priority:0 extents:1 across:124996k 
[   37.396661] Adding 124996k swap on ./swap-file.  Priority:0 extents:1 across:124996k 
[   37.457507] Adding 124996k swap on ./swap-file.  Priority:0 extents:1 across:124996k 
[   37.521244] Adding 124996k swap on ./swap-file.  Priority:0 extents:1 across:124996k 
[   37.585543] Adding 124996k swap on ./swap-file.  Priority:0 extents:1 across:124996k 
[   37.648108] Adding 124996k swap on ./swap-file.  Priority:0 extents:1 across:124996k 
[   37.713663] Adding 124996k swap on ./swap-file.  Priority:0 extents:1 across:124996k 
[   37.779104] Adding 124996k swap on ./swap-file.  Priority:0 extents:1 across:124996k 
[   37.838307] Adding 124996k swap on ./swap-file.  Priority:0 extents:1 across:124996k 
[   37.902211] Adding 124996k swap on ./swap-file.  Priority:0 extents:1 across:124996k 
[   37.961515] Adding 124996k swap on ./swap-file.  Priority:0 extents:1 across:124996k 
[   38.034375] Adding 124996k swap on ./swap-file.  Priority:0 extents:1 across:124996k 
[   38.089133] Adding 124996k swap on ./swap-file.  Priority:0 extents:1 across:124996k 
[   38.154072] Adding 124996k swap on ./swap-file.  Priority:0 extents:1 across:124996k 
[   38.218393] Adding 124996k swap on ./swap-file.  Priority:0 extents:1 across:124996k 
[   38.295505] Adding 124996k swap on ./swap-file.  Priority:0 extents:1 across:124996k 
[   38.386298] Adding 124996k swap on ./swap-file.  Priority:0 extents:1 across:124996k 
[   38.453251] Adding 124996k swap on ./swap-file.  Priority:0 extents:1 across:124996k 
[   38.534392] Adding 124996k swap on ./swap-file.  Priority:0 extents:1 across:124996k 
[   38.607838] Adding 124996k swap on ./swap-file.  Priority:0 extents:1 across:124996k 
[   38.678340] Adding 124996k swap on ./swap-file.  Priority:0 extents:1 across:124996k 
[   38.746765] Adding 124996k swap on ./swap-file.  Priority:0 extents:1 across:124996k 
[   38.814781] Adding 124996k swap on ./swap-file.  Priority:0 extents:1 across:124996k 
[   38.878855] Adding 124996k swap on ./swap-file.  Priority:0 extents:1 across:124996k 
[   38.934061] Adding 124996k swap on ./swap-file.  Priority:0 extents:1 across:124996k 
[   39.004685] Adding 124996k swap on ./swap-file.  Priority:0 extents:1 across:124996k 
[   39.068590] Adding 124996k swap on ./swap-file.  Priority:0 extents:1 across:124996k 
[   39.124892] Adding 124996k swap on ./swap-file.  Priority:0 extents:1 across:124996k 
[   39.195976] Adding 124996k swap on ./swap-file.  Priority:0 extents:1 across:124996k 
[   39.273319] Adding 124996k swap on ./swap-file.  Priority:0 extents:1 across:124996k 
[   39.328705] Adding 124996k swap on ./swap-file.  Priority:0 extents:1 across:124996k 
[   39.402442] Adding 124996k swap on ./swap-file.  Priority:0 extents:1 across:124996k 
[   39.463253] Adding 124996k swap on ./swap-file.  Priority:0 extents:1 across:124996k 
[   39.520594] Adding 124996k swap on ./swap-file.  Priority:0 extents:1 across:124996k 
[   39.581014] Adding 124996k swap on ./swap-file.  Priority:0 extents:1 across:124996k 
[   39.645930] Adding 124996k swap on ./swap-file.  Priority:0 extents:1 across:124996k 
[   39.714792] Adding 124996k swap on ./swap-file.  Priority:0 extents:1 across:124996k 
[   39.780657] Adding 124996k swap on ./swap-file.  Priority:0 extents:1 across:124996k 
[   39.844039] Adding 124996k swap on ./swap-file.  Priority:0 extents:1 across:124996k 
[   39.906793] Adding 124996k swap on ./swap-file.  Priority:0 extents:1 across:124996k 
[   39.981558] Adding 124996k swap on ./swap-file.  Priority:0 extents:1 across:124996k 
[   40.045025] Adding 124996k swap on ./swap-file.  Priority:0 extents:1 across:124996k 
[   40.104635] Adding 124996k swap on ./swap-file.  Priority:0 extents:1 across:124996k 
[   40.169170] Adding 124996k swap on ./swap-file.  Priority:0 extents:1 across:124996k 
[   40.242072] Adding 124996k swap on ./swap-file.  Priority:0 extents:1 across:124996k 
[   40.295804] Adding 124996k swap on ./swap-file.  Priority:0 extents:1 across:124996k 
[   40.350590] Adding 124996k swap on ./swap-file.  Priority:0 extents:1 across:124996k 
[   40.425115] Adding 124996k swap on ./swap-file.  Priority:0 extents:1 across:124996k 
[   40.487420] Adding 124996k swap on ./swap-file.  Priority:0 extents:1 across:124996k 
[   40.549744] Adding 124996k swap on ./swap-file.  Priority:0 extents:1 across:124996k 
[   40.612969] Adding 124996k swap on ./swap-file.  Priority:0 extents:1 across:124996k 
[   40.685169] Adding 124996k swap on ./swap-file.  Priority:0 extents:1 across:124996k 
[   40.748283] Adding 124996k swap on ./swap-file.  Priority:0 extents:1 across:124996k 
[   40.809034] Adding 124996k swap on ./swap-file.  Priority:0 extents:1 across:124996k 
[   40.873461] Adding 124996k swap on ./swap-file.  Priority:0 extents:1 across:124996k 
[   40.929048] Adding 124996k swap on ./swap-file.  Priority:0 extents:1 across:124996k 
[   40.992502] Adding 124996k swap on ./swap-file.  Priority:0 extents:1 across:124996k 
[   41.060810] Adding 124996k swap on ./swap-file.  Priority:0 extents:1 across:124996k 
[   41.126377] Adding 124996k swap on ./swap-file.  Priority:0 extents:1 across:124996k 
[   41.187196] Adding 124996k swap on ./swap-file.  Priority:0 extents:1 across:124996k 
[   41.258183] Adding 124996k swap on ./swap-file.  Priority:0 extents:1 across:124996k 
[   41.323357] Adding 124996k swap on ./swap-file.  Priority:0 extents:1 across:124996k 
[   41.387155] Adding 124996k swap on ./swap-file.  Priority:0 extents:1 across:124996k 
[   41.458559] Adding 124996k swap on ./swap-file.  Priority:0 extents:1 across:124996k 
[   41.527374] Adding 124996k swap on ./swap-file.  Priority:0 extents:1 across:124996k 
[   41.598405] Adding 124996k swap on ./swap-file.  Priority:0 extents:1 across:124996k 
[   41.658194] Adding 124996k swap on ./swap-file.  Priority:0 extents:1 across:124996k 
[   41.726470] Adding 124996k swap on ./swap-file.  Priority:0 extents:1 across:124996k 
[   41.789905] Adding 124996k swap on ./swap-file.  Priority:0 extents:1 across:124996k 
[   41.848385] Adding 124996k swap on ./swap-file.  Priority:0 extents:1 across:124996k 
[   41.905533] Adding 124996k swap on ./swap-file.  Priority:0 extents:1 across:124996k 
[   41.966745] Adding 124996k swap on ./swap-file.  Priority:0 extents:1 across:124996k 
[   42.045606] Adding 124996k swap on ./swap-file.  Priority:0 extents:1 across:124996k 
[   42.105213] Adding 124996k swap on ./swap-file.  Priority:0 extents:1 across:124996k 
[   42.170827] Adding 124996k swap on ./swap-file.  Priority:0 extents:1 across:124996k 
[   42.229198] Adding 124996k swap on ./swap-file.  Priority:0 extents:1 across:124996k 
[   42.293825] Adding 124996k swap on ./swap-file.  Priority:0 extents:1 across:124996k 
[   42.349605] Adding 124996k swap on ./swap-file.  Priority:0 extents:1 across:124996k 
[   42.409601] Adding 124996k swap on ./swap-file.  Priority:0 extents:1 across:124996k 
[   42.475269] Adding 124996k swap on ./swap-file.  Priority:0 extents:1 across:124996k 
[   42.540475] Adding 124996k swap on ./swap-file.  Priority:0 extents:1 across:124996k 
[   42.601352] Adding 124996k swap on ./swap-file.  Priority:0 extents:1 across:124996k 
[   42.659932] Adding 124996k swap on ./swap-file.  Priority:0 extents:1 across:124996k 
[   42.731868] Adding 124996k swap on ./swap-file.  Priority:0 extents:1 across:124996k 
[   42.795855] Adding 124996k swap on ./swap-file.  Priority:0 extents:1 across:124996k 
[   42.862249] Adding 124996k swap on ./swap-file.  Priority:0 extents:1 across:124996k 
[   42.927903] Adding 124996k swap on ./swap-file.  Priority:0 extents:1 across:124996k 
[   43.005544] Adding 124996k swap on ./swap-file.  Priority:0 extents:1 across:124996k 
[   43.072292] Adding 124996k swap on ./swap-file.  Priority:0 extents:1 across:124996k 
[   43.137298] Adding 124996k swap on ./swap-file.  Priority:0 extents:1 across:124996k 
[   43.198241] Adding 124996k swap on ./swap-file.  Priority:0 extents:1 across:124996k 
[   43.257238] Adding 124996k swap on ./swap-file.  Priority:0 extents:1 across:124996k 
[   43.323339] Adding 124996k swap on ./swap-file.  Priority:0 extents:1 across:124996k 
[   43.384649] Adding 124996k swap on ./swap-file.  Priority:0 extents:1 across:124996k 
[   43.450160] Adding 124996k swap on ./swap-file.  Priority:0 extents:1 across:124996k 
[   43.513921] Adding 124996k swap on ./swap-file.  Priority:0 extents:1 across:124996k 
[   43.579275] Adding 124996k swap on ./swap-file.  Priority:0 extents:1 across:124996k 
[   43.648129] Adding 124996k swap on ./swap-file.  Priority:0 extents:1 across:124996k 
[   43.712654] Adding 124996k swap on ./swap-file.  Priority:0 extents:1 across:124996k 
[   43.768465] Adding 124996k swap on ./swap-file.  Priority:0 extents:1 across:124996k 
[   43.829815] Adding 124996k swap on ./swap-file.  Priority:0 extents:1 across:124996k 
[   43.893415] Adding 124996k swap on ./swap-file.  Priority:0 extents:1 across:124996k 
[   43.958530] Adding 124996k swap on ./swap-file.  Priority:0 extents:1 across:124996k 
[   44.022241] Adding 124996k swap on ./swap-file.  Priority:0 extents:1 across:124996k 
[   44.081903] Adding 124996k swap on ./swap-file.  Priority:0 extents:1 across:124996k 
[   44.137878] Adding 124996k swap on ./swap-file.  Priority:0 extents:1 across:124996k 
[   44.201274] Adding 124996k swap on ./swap-file.  Priority:0 extents:1 across:124996k 
[   44.265193] Adding 124996k swap on ./swap-file.  Priority:0 extents:1 across:124996k 
[   44.328546] Adding 124996k swap on ./swap-file.  Priority:0 extents:1 across:124996k 
[   44.388363] Adding 124996k swap on ./swap-file.  Priority:0 extents:1 across:124996k 
[   44.449187] Adding 124996k swap on ./swap-file.  Priority:0 extents:1 across:124996k 
[   44.529749] Adding 124996k swap on ./swap-file.  Priority:0 extents:1 across:124996k 
[   44.593418] Adding 124996k swap on ./swap-file.  Priority:0 extents:1 across:124996k 
[   44.653348] Adding 124996k swap on ./swap-file.  Priority:0 extents:1 across:124996k 
[   44.721786] Adding 124996k swap on ./swap-file.  Priority:0 extents:1 across:124996k 
[   44.786361] Adding 124996k swap on ./swap-file.  Priority:0 extents:1 across:124996k 
[   44.846456] Adding 124996k swap on ./swap-file.  Priority:0 extents:1 across:124996k 
[   44.916224] Adding 124996k swap on ./swap-file.  Priority:0 extents:1 across:124996k 
[   44.980050] Adding 124996k swap on ./swap-file.  Priority:0 extents:1 across:124996k 
[   45.040516] Adding 124996k swap on ./swap-file.  Priority:0 extents:1 across:124996k 
[   45.105171] Adding 124996k swap on ./swap-file.  Priority:0 extents:1 across:124996k 
[   45.190096] Adding 124996k swap on ./swap-file.  Priority:0 extents:1 across:124996k 
[   45.258390] Adding 124996k swap on ./swap-file.  Priority:0 extents:1 across:124996k 
[   45.322340] Adding 124996k swap on ./swap-file.  Priority:0 extents:1 across:124996k 
[   45.392026] Adding 124996k swap on ./swap-file.  Priority:0 extents:1 across:124996k 
[   45.451493] Adding 124996k swap on ./swap-file.  Priority:0 extents:1 across:124996k 
[   45.517500] Adding 124996k swap on ./swap-file.  Priority:0 extents:1 across:124996k 
[   45.574649] Adding 124996k swap on ./swap-file.  Priority:0 extents:1 across:124996k 
[   45.650153] Adding 124996k swap on ./swap-file.  Priority:0 extents:1 across:124996k 
[   45.713419] Adding 124996k swap on ./swap-file.  Priority:0 extents:1 across:124996k 
[   45.780058] Adding 124996k swap on ./swap-file.  Priority:0 extents:1 across:124996k 
[   45.857207] Adding 124996k swap on ./swap-file.  Priority:0 extents:1 across:124996k 
[   45.918037] Adding 124996k swap on ./swap-file.  Priority:0 extents:1 across:124996k 
[   45.987090] Adding 124996k swap on ./swap-file.  Priority:0 extents:1 across:124996k 
[   46.049936] Adding 124996k swap on ./swap-file.  Priority:0 extents:1 across:124996k 
[   46.119916] Adding 124996k swap on ./swap-file.  Priority:0 extents:1 across:124996k 
[   46.189574] Adding 124996k swap on ./swap-file.  Priority:0 extents:1 across:124996k 
[   46.254663] Adding 124996k swap on ./swap-file.  Priority:0 extents:1 across:124996k 
[   46.330786] Adding 124996k swap on ./swap-file.  Priority:0 extents:1 across:124996k 
[   46.410550] Adding 124996k swap on ./swap-file.  Priority:0 extents:1 across:124996k 
[   46.482600] Adding 124996k swap on ./swap-file.  Priority:0 extents:1 across:124996k 
[   46.546792] Adding 124996k swap on ./swap-file.  Priority:0 extents:1 across:124996k 
[   46.618517] Adding 124996k swap on ./swap-file.  Priority:0 extents:1 across:124996k 
[   46.689589] Adding 124996k swap on ./swap-file.  Priority:0 extents:1 across:124996k 
[   46.751806] Adding 124996k swap on ./swap-file.  Priority:0 extents:1 across:124996k 
[   46.816958] Adding 124996k swap on ./swap-file.  Priority:0 extents:1 across:124996k 
[   46.893989] Adding 124996k swap on ./swap-file.  Priority:0 extents:1 across:124996k 
[   46.967976] Adding 124996k swap on ./swap-file.  Priority:0 extents:1 across:124996k 
[   47.029154] Adding 124996k swap on ./swap-file.  Priority:0 extents:1 across:124996k 
[   47.096842] Adding 124996k swap on ./swap-file.  Priority:0 extents:1 across:124996k 
[   47.166755] Adding 124996k swap on ./swap-file.  Priority:0 extents:1 across:124996k 
[   47.228712] Adding 124996k swap on ./swap-file.  Priority:0 extents:1 across:124996k 
[   47.293944] Adding 124996k swap on ./swap-file.  Priority:0 extents:1 across:124996k 
[   47.357155] Adding 124996k swap on ./swap-file.  Priority:0 extents:1 across:124996k 
[   47.425274] Adding 124996k swap on ./swap-file.  Priority:0 extents:1 across:124996k 
[   47.483915] Adding 124996k swap on ./swap-file.  Priority:0 extents:1 across:124996k 
[   47.542786] Adding 124996k swap on ./swap-file.  Priority:0 extents:1 across:124996k 
[   47.618013] Adding 124996k swap on ./swap-file.  Priority:0 extents:1 across:124996k 
[   47.681225] Adding 124996k swap on ./swap-file.  Priority:0 extents:1 across:124996k 
[   47.757068] Adding 124996k swap on ./swap-file.  Priority:0 extents:1 across:124996k 
[   47.818352] Adding 124996k swap on ./swap-file.  Priority:0 extents:1 across:124996k 
[   47.887523] Adding 124996k swap on ./swap-file.  Priority:0 extents:1 across:124996k 
[   47.954078] Adding 124996k swap on ./swap-file.  Priority:0 extents:1 across:124996k 
[   48.019054] Adding 124996k swap on ./swap-file.  Priority:0 extents:1 across:124996k 
[   48.095401] Adding 124996k swap on ./swap-file.  Priority:0 extents:1 across:124996k 
[   48.170359] Adding 124996k swap on ./swap-file.  Priority:0 extents:1 across:124996k 
[   48.236076] Adding 124996k swap on ./swap-file.  Priority:0 extents:1 across:124996k 
[   48.296588] Adding 124996k swap on ./swap-file.  Priority:0 extents:1 across:124996k 
[   48.356963] Adding 124996k swap on ./swap-file.  Priority:0 extents:1 across:124996k 
[   48.430715] Adding 124996k swap on ./swap-file.  Priority:0 extents:1 across:124996k 
[   48.493797] Adding 124996k swap on ./swap-file.  Priority:0 extents:1 across:124996k 
[   48.561259] Adding 124996k swap on ./swap-file.  Priority:0 extents:1 across:124996k 
[   48.623502] Adding 124996k swap on ./swap-file.  Priority:0 extents:1 across:124996k 
[   48.694177] Adding 124996k swap on ./swap-file.  Priority:0 extents:1 across:124996k 
[   48.757335] Adding 124996k swap on ./swap-file.  Priority:0 extents:1 across:124996k 
[   48.812091] Adding 124996k swap on ./swap-file.  Priority:0 extents:1 across:124996k 
[   48.870141] Adding 124996k swap on ./swap-file.  Priority:0 extents:1 across:124996k 
[   48.948976] Adding 124996k swap on ./swap-file.  Priority:0 extents:1 across:124996k 
[   49.009229] Adding 124996k swap on ./swap-file.  Priority:0 extents:1 across:124996k 
[   49.088865] Adding 124996k swap on ./swap-file.  Priority:0 extents:1 across:124996k 
[   49.148869] Adding 124996k swap on ./swap-file.  Priority:0 extents:1 across:124996k 
[   49.207121] Adding 124996k swap on ./swap-file.  Priority:0 extents:1 across:124996k 
[   49.267540] Adding 124996k swap on ./swap-file.  Priority:0 extents:1 across:124996k 
[   49.336597] Adding 124996k swap on ./swap-file.  Priority:0 extents:1 across:124996k 
[   49.397210] Adding 124996k swap on ./swap-file.  Priority:0 extents:1 across:124996k 
[   49.457328] Adding 124996k swap on ./swap-file.  Priority:0 extents:1 across:124996k 
[   49.526907] Adding 124996k swap on ./swap-file.  Priority:0 extents:1 across:124996k 
[   49.603229] Adding 124996k swap on ./swap-file.  Priority:0 extents:1 across:124996k 
[   49.672864] Adding 124996k swap on ./swap-file.  Priority:0 extents:1 across:124996k 
[   49.740984] Adding 124996k swap on ./swap-file.  Priority:0 extents:1 across:124996k 
[   49.805131] Adding 124996k swap on ./swap-file.  Priority:0 extents:1 across:124996k 
[   49.885074] Adding 124996k swap on ./swap-file.  Priority:0 extents:1 across:124996k 
[   49.949077] Adding 124996k swap on ./swap-file.  Priority:0 extents:1 across:124996k 
[   50.010772] Adding 124996k swap on ./swap-file.  Priority:0 extents:1 across:124996k 
[   50.075316] Adding 124996k swap on ./swap-file.  Priority:0 extents:1 across:124996k 
[   50.148970] Adding 124996k swap on ./swap-file.  Priority:0 extents:1 across:124996k 
[   50.208066] Adding 124996k swap on ./swap-file.  Priority:0 extents:1 across:124996k 
[   50.273453] Adding 124996k swap on ./swap-file.  Priority:0 extents:1 across:124996k 
[   50.344488] Adding 124996k swap on ./swap-file.  Priority:0 extents:1 across:124996k 
[   50.413550] Adding 124996k swap on ./swap-file.  Priority:0 extents:1 across:124996k 
[   50.477638] Adding 124996k swap on ./swap-file.  Priority:0 extents:1 across:124996k 
[   50.543895] Adding 124996k swap on ./swap-file.  Priority:0 extents:1 across:124996k 
[   50.606834] Adding 124996k swap on ./swap-file.  Priority:0 extents:1 across:124996k 
[   50.663338] Adding 124996k swap on ./swap-file.  Priority:0 extents:1 across:124996k 
[   50.729326] Adding 124996k swap on ./swap-file.  Priority:0 extents:1 across:124996k 
[   50.800326] Adding 124996k swap on ./swap-file.  Priority:0 extents:1 across:124996k 
[   50.867151] Adding 124996k swap on ./swap-file.  Priority:0 extents:1 across:124996k 
[   50.947733] Adding 124996k swap on ./swap-file.  Priority:0 extents:1 across:124996k 
[   51.006258] Adding 124996k swap on ./swap-file.  Priority:0 extents:1 across:124996k 
[   51.078268] Adding 124996k swap on ./swap-file.  Priority:0 extents:1 across:124996k 
[   51.143086] Adding 124996k swap on ./swap-file.  Priority:0 extents:1 across:124996k 
[   51.210756] Adding 124996k swap on ./swap-file.  Priority:0 extents:1 across:124996k 
[   51.278844] Adding 124996k swap on ./swap-file.  Priority:0 extents:1 across:124996k 
[   51.347528] Adding 124996k swap on ./swap-file.  Priority:0 extents:1 across:124996k 
[   51.420571] Adding 124996k swap on ./swap-file.  Priority:0 extents:1 across:124996k 
[   51.484163] Adding 124996k swap on ./swap-file.  Priority:0 extents:1 across:124996k 
[   51.552842] Adding 124996k swap on ./swap-file.  Priority:0 extents:1 across:124996k 
[   51.623815] Adding 124996k swap on ./swap-file.  Priority:0 extents:1 across:124996k 
[   51.708452] Adding 124996k swap on ./swap-file.  Priority:0 extents:1 across:124996k 
[   51.773378] Adding 124996k swap on ./swap-file.  Priority:0 extents:1 across:124996k 
[   51.847708] Adding 124996k swap on ./swap-file.  Priority:0 extents:1 across:124996k 
[   51.912673] Adding 124996k swap on ./swap-file.  Priority:0 extents:1 across:124996k 
[   51.981732] Adding 124996k swap on ./swap-file.  Priority:0 extents:1 across:124996k 
[   52.061078] Adding 124996k swap on ./swap-file.  Priority:0 extents:1 across:124996k 
[   52.137486] Adding 124996k swap on ./swap-file.  Priority:0 extents:1 across:124996k 
[   52.219689] Adding 124996k swap on ./swap-file.  Priority:0 extents:1 across:124996k 
[   52.293372] Adding 124996k swap on ./swap-file.  Priority:0 extents:1 across:124996k 
[   52.360146] Adding 124996k swap on ./swap-file.  Priority:0 extents:1 across:124996k 
[   52.445460] Adding 124996k swap on ./swap-file.  Priority:0 extents:1 across:124996k 
[   52.518440] Adding 124996k swap on ./swap-file.  Priority:0 extents:1 across:124996k 
[   52.610606] Adding 124996k swap on ./swap-file.  Priority:0 extents:1 across:124996k 
[   52.691940] Adding 124996k swap on ./swap-file.  Priority:0 extents:1 across:124996k 
[   52.796110] Adding 124996k swap on ./swap-file.  Priority:0 extents:1 across:124996k 
[   52.861799] Adding 124996k swap on ./swap-file.  Priority:0 extents:1 across:124996k 
[   52.945234] Adding 124996k swap on ./swap-file.  Priority:0 extents:1 across:124996k 
[   53.022373] Adding 124996k swap on ./swap-file.  Priority:0 extents:1 across:124996k 
[   53.103539] Adding 124996k swap on ./swap-file.  Priority:0 extents:1 across:124996k 
[   53.179033] Adding 124996k swap on ./swap-file.  Priority:0 extents:1 across:124996k 
[   53.272283] Adding 124996k swap on ./swap-file.  Priority:0 extents:1 across:124996k 
[   53.370258] Adding 124996k swap on ./swap-file.  Priority:0 extents:1 across:124996k 
[   53.463562] Adding 124996k swap on ./swap-file.  Priority:0 extents:1 across:124996k 
[   53.566594] Adding 124996k swap on ./swap-file.  Priority:0 extents:1 across:124996k 
[   53.651315] Adding 124996k swap on ./swap-file.  Priority:0 extents:1 across:124996k 
[   53.731263] Adding 124996k swap on ./swap-file.  Priority:0 extents:1 across:124996k 
[   53.810099] Adding 124996k swap on ./swap-file.  Priority:0 extents:1 across:124996k 
[   53.894060] Adding 124996k swap on ./swap-file.  Priority:0 extents:1 across:124996k 
[   53.973228] Adding 124996k swap on ./swap-file.  Priority:0 extents:1 across:124996k 
[   54.042867] Adding 124996k swap on ./swap-file.  Priority:0 extents:1 across:124996k 
[   54.123026] Adding 124996k swap on ./swap-file.  Priority:0 extents:1 across:124996k 
[   54.192036] Adding 124996k swap on ./swap-file.  Priority:0 extents:1 across:124996k 
[   54.273549] Adding 124996k swap on ./swap-file.  Priority:0 extents:1 across:124996k 
[   54.354737] Adding 124996k swap on ./swap-file.  Priority:0 extents:1 across:124996k 
[   54.425405] Adding 124996k swap on ./swap-file.  Priority:0 extents:1 across:124996k 
[   54.498781] Adding 124996k swap on ./swap-file.  Priority:0 extents:1 across:124996k 
[   54.584219] Adding 124996k swap on ./swap-file.  Priority:0 extents:1 across:124996k 
[   54.658013] Adding 124996k swap on ./swap-file.  Priority:0 extents:1 across:124996k 
[   54.734385] Adding 124996k swap on ./swap-file.  Priority:0 extents:1 across:124996k 
[   54.823061] Adding 124996k swap on ./swap-file.  Priority:0 extents:1 across:124996k 
[   54.912281] Adding 124996k swap on ./swap-file.  Priority:0 extents:1 across:124996k 
[   55.000091] Adding 124996k swap on ./swap-file.  Priority:0 extents:1 across:124996k 
[   55.099165] Adding 124996k swap on ./swap-file.  Priority:0 extents:1 across:124996k 
[   55.198765] Adding 124996k swap on ./swap-file.  Priority:0 extents:1 across:124996k 
[   55.285995] Adding 124996k swap on ./swap-file.  Priority:0 extents:1 across:124996k 
[   55.368544] Adding 124996k swap on ./swap-file.  Priority:0 extents:1 across:124996k 
[   55.438854] Adding 124996k swap on ./swap-file.  Priority:0 extents:1 across:124996k 
[   55.520628] Adding 124996k swap on ./swap-file.  Priority:0 extents:1 across:124996k 
[   55.602127] Adding 124996k swap on ./swap-file.  Priority:0 extents:1 across:124996k 
[   55.672085] Adding 124996k swap on ./swap-file.  Priority:0 extents:1 across:124996k 
[   55.742946] Adding 124996k swap on ./swap-file.  Priority:0 extents:1 across:124996k 
[   55.841871] Adding 124996k swap on ./swap-file.  Priority:0 extents:1 across:124996k 
[   55.925469] Adding 124996k swap on ./swap-file.  Priority:0 extents:1 across:124996k 
[   55.998295] Adding 124996k swap on ./swap-file.  Priority:0 extents:1 across:124996k 
[   56.079268] Adding 124996k swap on ./swap-file.  Priority:0 extents:1 across:124996k 
[   56.149926] Adding 124996k swap on ./swap-file.  Priority:0 extents:1 across:124996k 
[   56.237523] Adding 124996k swap on ./swap-file.  Priority:0 extents:1 across:124996k 
[   56.335686] Adding 124996k swap on ./swap-file.  Priority:0 extents:1 across:124996k 
[   56.426285] Adding 124996k swap on ./swap-file.  Priority:0 extents:1 across:124996k 
[   56.515394] Adding 124996k swap on ./swap-file.  Priority:0 extents:1 across:124996k 
