c[?7l[2J[0mSeaBIOS (version rel-1.16.0-0-gd239552ce722-prebuilt.qemu.org)


iPXE (http://ipxe.org) 00:03.0 CA00 PCI2.10 PnP PMM+7FF91000+7FEF1000 CA00
Press Ctrl-B to configure iPXE (PCI 00:03.0)...                                                                               


Booting from ROM...
c[?7l[2J[    0.000000] Linux version 6.19.0-rc3-a101e602e083+ (root@p-arls02) (gcc (GCC) 11.5.0 20240719 (Red Hat 11.5.0-14), GNU ld version 2.35.2-69.el9) #1 SMP PREEMPT_DYNAMIC Wed Jan 14 12:29:14 CST 2026
[    0.000000] Command line: console=ttyS0 root=/dev/sda earlyprintk=serial net.ifnames=0 plymouth.enable=0
[    0.000000] KERNEL supported cpus:
[    0.000000]   Intel GenuineIntel
[    0.000000]   AMD AuthenticAMD
[    0.000000]   Hygon HygonGenuine
[    0.000000]   Centaur CentaurHauls
[    0.000000]   zhaoxin   Shanghai  
[    0.000000] x86/CPU: Model not found in latest microcode list
[    0.000000] x86/split lock detection: #DB: warning on user-space bus_locks
[    0.000000] BIOS-provided physical RAM map:
[    0.000000] BIOS-e820: [mem 0x0000000000000000-0x000000000009fbff] usable
[    0.000000] BIOS-e820: [mem 0x000000000009fc00-0x000000000009ffff] reserved
[    0.000000] BIOS-e820: [mem 0x00000000000f0000-0x00000000000fffff] reserved
[    0.000000] BIOS-e820: [mem 0x0000000000100000-0x000000007ffdffff] usable
[    0.000000] BIOS-e820: [mem 0x000000007ffe0000-0x000000007fffffff] reserved
[    0.000000] BIOS-e820: [mem 0x00000000feffc000-0x00000000feffffff] reserved
[    0.000000] BIOS-e820: [mem 0x00000000fffc0000-0x00000000ffffffff] reserved
[    0.000000] printk: legacy bootconsole [earlyser0] enabled
[    0.000000] NX (Execute Disable) protection: active
[    0.000000] APIC: Static calls initialized
[    0.000000] SMBIOS 2.8 present.
[    0.000000] DMI: QEMU Standard PC (i440FX + PIIX, 1996), BIOS rel-1.16.0-0-gd239552ce722-prebuilt.qemu.org 04/01/2014
[    0.000000] DMI: Memory slots populated: 1/1
[    0.000000] Hypervisor detected: KVM
[    0.000000] last_pfn = 0x7ffe0 max_arch_pfn = 0x400000000
[    0.000000] kvm-clock: Using msrs 4b564d01 and 4b564d00
[    0.000003] kvm-clock: using sched offset of 1071901103 cycles
[    0.000387] clocksource: kvm-clock: mask: 0xffffffffffffffff max_cycles: 0x1cd42e4dffb, max_idle_ns: 881590591483 ns
[    0.001566] tsc: Detected 1267.200 MHz processor
[    0.007565] last_pfn = 0x7ffe0 max_arch_pfn = 0x400000000
[    0.007981] MTRR map: 4 entries (3 fixed + 1 variable; max 19), built from 8 variable MTRRs
[    0.008586] x86/PAT: Configuration [0-7]: WB  WC  UC- UC  WB  WP  UC- WT  
[    0.017460] found SMP MP-table at [mem 0x000f5ba0-0x000f5baf]
[    0.017907] Using GB pages for direct mapping
[    0.019908] ACPI: Early table checksum verification disabled
[    0.020314] ACPI: RSDP 0x00000000000F59C0 000014 (v00 BOCHS )
[    0.020740] ACPI: RSDT 0x000000007FFE1951 000034 (v01 BOCHS  BXPC     00000001 BXPC 00000001)
[    0.021374] ACPI: FACP 0x000000007FFE17FD 000074 (v01 BOCHS  BXPC     00000001 BXPC 00000001)
[    0.022005] ACPI: DSDT 0x000000007FFE0040 0017BD (v01 BOCHS  BXPC     00000001 BXPC 00000001)
[    0.022633] ACPI: FACS 0x000000007FFE0000 000040
[    0.022979] ACPI: APIC 0x000000007FFE1871 000080 (v01 BOCHS  BXPC     00000001 BXPC 00000001)
[    0.023604] ACPI: HPET 0x000000007FFE18F1 000038 (v01 BOCHS  BXPC     00000001 BXPC 00000001)
[    0.024230] ACPI: WAET 0x000000007FFE1929 000028 (v01 BOCHS  BXPC     00000001 BXPC 00000001)
[    0.024860] ACPI: Reserving FACP table memory at [mem 0x7ffe17fd-0x7ffe1870]
[    0.025374] ACPI: Reserving DSDT table memory at [mem 0x7ffe0040-0x7ffe17fc]
[    0.025881] ACPI: Reserving FACS table memory at [mem 0x7ffe0000-0x7ffe003f]
[    0.026391] ACPI: Reserving APIC table memory at [mem 0x7ffe1871-0x7ffe18f0]
[    0.026898] ACPI: Reserving HPET table memory at [mem 0x7ffe18f1-0x7ffe1928]
[    0.027407] ACPI: Reserving WAET table memory at [mem 0x7ffe1929-0x7ffe1950]
[    0.028336] No NUMA configuration found
[    0.028618] Faking a node at [mem 0x0000000000000000-0x000000007ffdffff]
[    0.029130] NODE_DATA(0) allocated [mem 0x7ffb4ec0-0x7ffdfcbf]
[    0.443804] KernelAddressSanitizer initialized (generic)
[    0.444484] ACPI: PM-Timer IO Port: 0x608
[    0.444810] ACPI: LAPIC_NMI (acpi_id[0xff] dfl dfl lint[0x1])
[    0.445281] IOAPIC[0]: apic_id 0, version 17, address 0xfec00000, GSI 0-23
[    0.445783] ACPI: INT_SRC_OVR (bus 0 bus_irq 0 global_irq 2 dfl dfl)
[    0.446238] ACPI: INT_SRC_OVR (bus 0 bus_irq 5 global_irq 5 high level)
[    0.446703] ACPI: INT_SRC_OVR (bus 0 bus_irq 9 global_irq 9 high level)
[    0.447169] ACPI: INT_SRC_OVR (bus 0 bus_irq 10 global_irq 10 high level)
[    0.447647] ACPI: INT_SRC_OVR (bus 0 bus_irq 11 global_irq 11 high level)
[    0.448137] ACPI: Using ACPI (MADT) for SMP configuration information
[    0.448591] ACPI: HPET id: 0x8086a201 base: 0xfed00000
[    0.448964] TSC deadline timer available
[    0.449245] CPU topo: Max. logical packages:   1
[    0.449570] CPU topo: Max. logical dies:       1
[    0.449892] CPU topo: Max. dies per package:   1
[    0.450218] CPU topo: Max. threads per core:   1
[    0.450543] CPU topo: Num. cores per package:     2
[    0.450883] CPU topo: Num. threads per package:   2
[    0.451225] CPU topo: Allowing 2 present CPUs plus 0 hotplug CPUs
[    0.451705] kvm-guest: APIC: eoi() replaced with kvm_guest_apic_eoi_write()
[    0.452229] kvm-guest: KVM setup pv remote TLB flush
[    0.452582] kvm-guest: setup PV sched yield
[    0.452913] PM: hibernation: Registered nosave memory: [mem 0x00000000-0x00000fff]
[    0.453447] PM: hibernation: Registered nosave memory: [mem 0x0009f000-0x000fffff]
[    0.453977] [mem 0x80000000-0xfeffbfff] available for PCI devices
[    0.454409] Booting paravirtualized kernel on KVM
[    0.454750] clocksource: refined-jiffies: mask: 0xffffffff max_cycles: 0xffffffff, max_idle_ns: 7645519600211568 ns
[    0.455572] Zone ranges:
[    0.455752]   DMA      [mem 0x0000000000001000-0x0000000000ffffff]
[    0.456187]   DMA32    [mem 0x0000000001000000-0x000000007ffdffff]
[    0.456625]   Normal   empty
[    0.456832]   Device   empty
[    0.457037] Movable zone start for each node
[    0.457348] Early memory node ranges
[    0.457599]   node   0: [mem 0x0000000000001000-0x000000000009efff]
[    0.458041]   node   0: [mem 0x0000000000100000-0x000000007ffdffff]
[    0.458483] Initmem setup node 0 [mem 0x0000000000001000-0x000000007ffdffff]
[    0.459386] On node 0, zone DMA: 1 pages in unavailable ranges
[    0.460049] On node 0, zone DMA: 97 pages in unavailable ranges
[    0.508407] On node 0, zone DMA32: 32 pages in unavailable ranges
[    0.508913] setup_percpu: NR_CPUS:8192 nr_cpumask_bits:2 nr_cpu_ids:2 nr_node_ids:1
[    0.512388] percpu: Embedded 81 pages/cpu s294912 r8192 d28672 u1048576
[    0.513024] kvm-guest: PV spinlocks enabled
[    0.513336] PV qspinlock hash table entries: 256 (order: 0, 4096 bytes, linear)
[    0.513867] Kernel command line: net.ifnames=0 console=ttyS0 root=/dev/sda earlyprintk=serial net.ifnames=0 plymouth.enable=0
[    0.514992] random: crng init done
[    0.515241] printk: log buffer data + meta data: 262144 + 917504 = 1179648 bytes
[    0.517653] Dentry cache hash table entries: 262144 (order: 9, 2097152 bytes, linear)
[    0.519265] Inode-cache hash table entries: 131072 (order: 8, 1048576 bytes, linear)
[    0.520116] Fallback order for Node 0: 0 
[    0.520126] Built 1 zonelists, mobility grouping on.  Total pages: 524158
[    0.520859] Policy zone: DMA32
[    0.521072] mem auto-init: stack:off, heap alloc:off, heap free:off
[    0.521500] stackdepot: allocating hash table via alloc_large_system_hash
[    0.521970] stackdepot hash table entries: 1048576 (order: 12, 16777216 bytes, linear)
[    0.550345] stackdepot: allocating space for 8192 stack pools via memblock
[    0.583993] SLUB: HWalign=64, Order=0-3, MinObjects=0, CPUs=2, Nodes=1
[    0.584459] kmemleak: Kernel memory leak detector disabled
[    0.620141] ftrace: allocating 75271 entries in 296 pages
[    0.620511] ftrace: allocated 296 pages with 3 groups
[    0.625144] Dynamic Preempt: voluntary
[    0.625850] Running RCU self tests
[    0.626085] Running RCU synchronous self tests
[    0.626393] rcu: Preemptible hierarchical RCU implementation.
[    0.626781] rcu: 	RCU lockdep checking is enabled.
[    0.627105] rcu: 	RCU restricting CPUs from NR_CPUS=8192 to nr_cpu_ids=2.
[    0.627562] 	Trampoline variant of Tasks RCU enabled.
[    0.627895] 	Rude variant of Tasks RCU enabled.
[    0.628194] 	Tracing variant of Tasks RCU enabled.
[    0.628514] rcu: RCU calculated value of scheduler-enlistment delay is 25 jiffies.
[    0.629016] rcu: Adjusting geometry for rcu_fanout_leaf=16, nr_cpu_ids=2
[    0.629534] Running RCU synchronous self tests
[    0.629833] RCU Tasks: Setting shift to 1 and lim to 1 rcu_task_cb_adjust=1 rcu_task_cpu_ids=2.
[    0.630403] RCU Tasks Rude: Setting shift to 1 and lim to 1 rcu_task_cb_adjust=1 rcu_task_cpu_ids=2.
[    0.631003] RCU Tasks Trace: Setting shift to 1 and lim to 1 rcu_task_cb_adjust=1 rcu_task_cpu_ids=2.
[    0.689564] NR_IRQS: 524544, nr_irqs: 440, preallocated irqs: 16
[    0.690509] rcu: srcu_init: Setting srcu_struct sizes based on contention.
[    0.696703] Console: colour VGA+ 80x25
[    0.697026] printk: legacy console [ttyS0] enabled
[    0.697026] printk: legacy console [ttyS0] enabled
[    0.697696] printk: legacy bootconsole [earlyser0] disabled
[    0.697696] printk: legacy bootconsole [earlyser0] disabled
[    0.698475] Lock dependency validator: Copyright (c) 2006 Red Hat, Inc., Ingo Molnar
[    0.699012] ... MAX_LOCKDEP_SUBCLASSES:  8
[    0.699302] ... MAX_LOCK_DEPTH:          48
[    0.699603] ... MAX_LOCKDEP_KEYS:        8192
[    0.699912] ... CLASSHASH_SIZE:          4096
[    0.700218] ... MAX_LOCKDEP_ENTRIES:     524288
[    0.700541] ... MAX_LOCKDEP_CHAINS:      524288
[    0.700858] ... CHAINHASH_SIZE:          262144
[    0.701177]  memory used by lock dependency info: 54145 kB
[    0.701564]  memory used for stack traces: 4224 kB
[    0.701902]  per task-struct memory footprint: 1920 bytes
[    0.702353] ACPI: Core revision 20250807
[    0.702973] clocksource: hpet: mask: 0xffffffff max_cycles: 0xffffffff, max_idle_ns: 19112604467 ns
[    0.703762] APIC: Switch to symmetric I/O mode setup
[    0.704246] x2apic enabled
[    0.704752] APIC: Switched APIC routing to: physical x2apic
[    0.705150] kvm-guest: APIC: send_IPI_mask() replaced with kvm_send_ipi_mask()
[    0.705670] kvm-guest: APIC: send_IPI_mask_allbutself() replaced with kvm_send_ipi_mask_allbutself()
[    0.706313] kvm-guest: setup PV IPIs
[    0.707462] ..TIMER: vector=0x30 apic1=0 pin1=2 apic2=-1 pin2=-1
[    0.707923] clocksource: tsc-early: mask: 0xffffffffffffffff max_cycles: 0x12441513526, max_idle_ns: 440795239872 ns
[    0.708666] Calibrating delay loop (skipped) preset value.. 2534.40 BogoMIPS (lpj=5068800)
[    0.709384] CPU0: Thermal monitoring enabled (TM1)
[    0.709733] x86/cpu: User Mode Instruction Prevention (UMIP) activated
[    0.710290] Last level iTLB entries: 4KB 0, 2MB 0, 4MB 0
[    0.710662] Last level dTLB entries: 4KB 0, 2MB 0, 4MB 0, 1GB 0
[    0.711091] mitigations: Enabled attack vectors: user_kernel, user_user, guest_host, guest_guest, SMT mitigations: auto
[    0.712677] Speculative Store Bypass: Mitigation: Speculative Store Bypass disabled via prctl
[    0.713269] Spectre V2 : Mitigation: Enhanced / Automatic IBRS
[    0.713674] ITS: Mitigation: Aligned branch/return thunks
[    0.714050] Spectre V1 : Mitigation: usercopy/swapgs barriers and __user pointer sanitization
[    0.714642] Spectre V2 : WARNING: Unprivileged eBPF is enabled with eIBRS on, data leaks possible via Spectre v2 BHB attacks!
[    0.715413] Spectre V2 : Spectre v2 / PBRSB-eIBRS: Retire a single CALL on VMEXIT
[    0.715912] Spectre V2 : mitigation: Enabling conditional Indirect Branch Prediction Barrier
[    0.716659] active return thunk: its_return_thunk
[    0.716984] Spectre V2 : Spectre BHI mitigation: SW BHB clearing on syscall and VM exit
[    0.717547] x86/fpu: Supporting XSAVE feature 0x001: 'x87 floating point registers'
[    0.718065] x86/fpu: Supporting XSAVE feature 0x002: 'SSE registers'
[    0.718512] x86/fpu: Supporting XSAVE feature 0x004: 'AVX registers'
[    0.718958] x86/fpu: Supporting XSAVE feature 0x200: 'Protection Keys User registers'
[    0.719501] x86/fpu: xstate_offset[2]:  576, xstate_sizes[2]:  256
[    0.719931] x86/fpu: xstate_offset[9]:  832, xstate_sizes[9]:    8
[    0.720357] x86/fpu: Enabled xstate features 0x207, context size is 840 bytes, using 'compacted' format.
[    0.842452] Freeing SMP alternatives memory: 64K
[    0.842826] pid_max: default: 32768 minimum: 301
[    0.843492] Yama: becoming mindful.
[    0.844104] Mount-cache hash table entries: 4096 (order: 3, 32768 bytes, linear)
[    0.844624] Mountpoint-cache hash table entries: 4096 (order: 3, 32768 bytes, linear)
[    0.846105] Running RCU synchronous self tests
[    0.846407] Running RCU synchronous self tests
[    0.847097] smpboot: CPU0: Genuine Intel(R) 0000 @ (family: 0x6, model: 0xc6, stepping: 0x0)
[    0.848573] Performance Events: unsupported CPU family 6 model 198 no PMU driver, software events only.
[    0.848653] signal: max sigframe size: 3632
[    0.848653] rcu: Hierarchical SRCU implementation.
[    0.848653] rcu: 	Max phase no-delay instances is 1000.
[    0.848653] Timer migration: 1 hierarchy levels; 8 children per group; 1 crossnode level
[    0.865293] NMI watchdog: Perf NMI watchdog permanently disabled
[    0.865928] smp: Bringing up secondary CPUs ...
[    0.867607] smpboot: x86: Booting SMP configuration:
[    0.867970] .... node  #0, CPUs:      #1
[    0.868979] smp: Brought up 1 node, 2 CPUs
[    0.869442] smpboot: Total of 2 processors activated (5068.80 BogoMIPS)
[    0.870196] Memory: 1538728K/2096632K available (80938K kernel code, 15561K rwdata, 18816K rodata, 16420K init, 70000K bss, 546452K reserved, 0K cma-reserved)
[    0.872983] devtmpfs: initialized
[    0.874245] x86/mm: Memory block size: 128MB
[    0.889034] Running RCU synchronous self tests
[    0.889389] Running RCU synchronous self tests
[    0.889719] Running RCU Tasks wait API self tests
[    0.889719] Running RCU Tasks Rude wait API self tests
[    0.889719] Running RCU Tasks Trace wait API self tests
[    0.912713] clocksource: jiffies: mask: 0xffffffff max_cycles: 0xffffffff, max_idle_ns: 7645041785100000 ns
[    0.913486] posixtimers hash table entries: 1024 (order: 5, 73728 bytes, linear)
[    0.914707] futex hash table entries: 512 (65536 bytes on 1 NUMA nodes, total 64 KiB, linear).
[    0.917290] 
[    0.917409] *************************************************************
[    0.917863] **     NOTICE NOTICE NOTICE NOTICE NOTICE NOTICE NOTICE    **
[    0.918315] **                                                         **
[    0.918773] **  IOMMU DebugFS SUPPORT HAS BEEN ENABLED IN THIS KERNEL  **
[    0.919227] **                                                         **
[    0.919685] ** This means that this kernel is built to expose internal **
[    0.920149] ** IOMMU data structures, which may compromise security on **
[    0.920613] ** your system.                                            **
[    0.920658] **                                                         **
[    0.921124] ** If you see this message and you are not debugging the   **
[    0.921587] ** kernel, report this immediately to your vendor!         **
[    0.922051] **                                                         **
[    0.922513] **     NOTICE NOTICE NOTICE NOTICE NOTICE NOTICE NOTICE    **
[    0.922965] *************************************************************
[    0.923494] PM: RTC time: 04:32:00, date: 2026-01-14
[    0.927662] NET: Registered PF_NETLINK/PF_ROUTE protocol family
[    0.929400] DMA: preallocated 256 KiB GFP_KERNEL pool for atomic allocations
[    0.929897] DMA: preallocated 256 KiB GFP_KERNEL|GFP_DMA pool for atomic allocations
[    0.930454] DMA: preallocated 256 KiB GFP_KERNEL|GFP_DMA32 pool for atomic allocations
[    0.931076] audit: initializing netlink subsys (disabled)
[    0.931494] audit: type=2000 audit(1768365121.649:1): state=initialized audit_enabled=0 res=1
[    0.931494] thermal_sys: Registered thermal governor 'fair_share'
[    0.931494] thermal_sys: Registered thermal governor 'bang_bang'
[    0.931494] thermal_sys: Registered thermal governor 'step_wise'
[    0.931494] thermal_sys: Registered thermal governor 'user_space'
[    0.932689] cpuidle: using governor ladder
[    0.933432] cpuidle: using governor menu
[    0.933432] acpiphp: ACPI Hot Plug PCI Controller Driver version: 0.5
[    0.933959] PCI: Using configuration type 1 for base access
[    0.936894] kprobes: kprobe jump-optimization is enabled. All kprobes are optimized if possible.
[    0.945581] Callback from call_rcu_tasks_trace() invoked.
[    1.055727] HugeTLB: registered 1.00 GiB page size, pre-allocated 0 pages
[    1.056251] HugeTLB: 16380 KiB vmemmap can be freed for a 1.00 GiB page
[    1.056664] HugeTLB: registered 2.00 MiB page size, pre-allocated 0 pages
[    1.057133] HugeTLB: 28 KiB vmemmap can be freed for a 2.00 MiB page
[    1.074330] ACPI: Added _OSI(Module Device)
[    1.074654] ACPI: Added _OSI(Processor Device)
[    1.074966] ACPI: Added _OSI(Processor Aggregator Device)
[    1.087969] ACPI: 1 ACPI AML tables successfully acquired and loaded
[    1.110694] ACPI: Interpreter enabled
[    1.111078] ACPI: PM: (supports S0 S3 S4 S5)
[    1.111381] ACPI: Using IOAPIC for interrupt routing
[    1.111826] PCI: Using host bridge windows from ACPI; if necessary, use "pci=nocrs" and report a bug
[    1.112453] PCI: Using E820 reservations for host bridge windows
[    1.113659] ACPI: Enabled 2 GPEs in block 00 to 0F
[    1.145189] ACPI: PCI Root Bridge [PCI0] (domain 0000 [bus 00-ff])
[    1.145666] acpi PNP0A03:00: _OSC: OS supports [ASPM ClockPM Segments MSI EDR HPX-Type3]
[    1.146228] acpi PNP0A03:00: _OSC: not requesting OS control; OS requires [ExtendedConfig ASPM ClockPM MSI]
[    1.147016] acpi PNP0A03:00: fail to add MMCONFIG information, can't access extended configuration space under this bridge
[    1.151489] acpiphp: Slot [3] registered
[    1.151874] acpiphp: Slot [4] registered
[    1.152285] acpiphp: Slot [5] registered
[    1.152665] acpiphp: Slot [6] registered
[    1.153053] acpiphp: Slot [7] registered
[    1.153432] acpiphp: Slot [8] registered
[    1.153837] acpiphp: Slot [9] registered
[    1.154222] acpiphp: Slot [10] registered
[    1.154634] acpiphp: Slot [11] registered
[    1.155017] acpiphp: Slot [12] registered
[    1.155422] acpiphp: Slot [13] registered
[    1.155803] acpiphp: Slot [14] registered
[    1.156194] acpiphp: Slot [15] registered
[    1.156575] acpiphp: Slot [16] registered
[    1.156780] acpiphp: Slot [17] registered
[    1.157162] acpiphp: Slot [18] registered
[    1.157544] acpiphp: Slot [19] registered
[    1.157930] acpiphp: Slot [20] registered
[    1.158342] acpiphp: Slot [21] registered
[    1.158728] acpiphp: Slot [22] registered
[    1.159114] acpiphp: Slot [23] registered
[    1.159501] acpiphp: Slot [24] registered
[    1.160332] acpiphp: Slot [25] registered
[    1.160748] acpiphp: Slot [26] registered
[    1.161137] acpiphp: Slot [27] registered
[    1.161528] acpiphp: Slot [28] registered
[    1.161933] acpiphp: Slot [29] registered
[    1.162321] acpiphp: Slot [30] registered
[    1.162707] acpiphp: Slot [31] registered
[    1.163047] PCI host bridge to bus 0000:00
[    1.163377] pci_bus 0000:00: root bus resource [io  0x0000-0x0cf7 window]
[    1.163851] pci_bus 0000:00: root bus resource [io  0x0d00-0xffff window]
[    1.164325] pci_bus 0000:00: root bus resource [mem 0x000a0000-0x000bffff window]
[    1.164661] pci_bus 0000:00: root bus resource [mem 0x80000000-0xfebfffff window]
[    1.165183] pci_bus 0000:00: root bus resource [mem 0x100000000-0x17fffffff window]
[    1.165715] pci_bus 0000:00: root bus resource [bus 00-ff]
[    1.166216] pci 0000:00:00.0: [8086:1237] type 00 class 0x060000 conventional PCI endpoint
[    1.173981] pci 0000:00:01.0: [8086:7000] type 00 class 0x060100 conventional PCI endpoint
[    1.175702] pci 0000:00:01.1: [8086:7010] type 00 class 0x010180 conventional PCI endpoint
[    1.176686] pci 0000:00:01.1: BAR 4 [io  0xc040-0xc04f]
[    1.177077] pci 0000:00:01.1: BAR 0 [io  0x01f0-0x01f7]: legacy IDE quirk
[    1.177546] pci 0000:00:01.1: BAR 1 [io  0x03f6]: legacy IDE quirk
[    1.177976] pci 0000:00:01.1: BAR 2 [io  0x0170-0x0177]: legacy IDE quirk
[    1.178445] pci 0000:00:01.1: BAR 3 [io  0x0376]: legacy IDE quirk
[    1.179300] pci 0000:00:01.3: [8086:7113] type 00 class 0x068000 conventional PCI endpoint
[    1.180099] pci 0000:00:01.3: quirk: [io  0x0600-0x063f] claimed by PIIX4 ACPI
[    1.180602] pci 0000:00:01.3: quirk: [io  0x0700-0x070f] claimed by PIIX4 SMB
[    1.181121] pci 0000:00:02.0: [1234:1111] type 00 class 0x030000 conventional PCI endpoint
[    1.197629] pci 0000:00:02.0: BAR 0 [mem 0xfd000000-0xfdffffff pref]
[    1.198199] pci 0000:00:02.0: BAR 2 [mem 0xfebf0000-0xfebf0fff]
[    1.198638] pci 0000:00:02.0: ROM [mem 0xfebe0000-0xfebeffff pref]
[    1.199420] pci 0000:00:02.0: Video device with shadowed ROM at [mem 0x000c0000-0x000dffff]
[    1.208405] pci 0000:00:03.0: [8086:100e] type 00 class 0x020000 conventional PCI endpoint
[    1.209602] pci 0000:00:03.0: BAR 0 [mem 0xfebc0000-0xfebdffff]
[    1.210048] pci 0000:00:03.0: BAR 1 [io  0xc000-0xc03f]
[    1.210443] pci 0000:00:03.0: ROM [mem 0xfeb80000-0xfebbffff pref]
[    1.228573] ACPI: PCI: Interrupt link LNKA configured for IRQ 10
[    1.229485] ACPI: PCI: Interrupt link LNKB configured for IRQ 10
[    1.230662] ACPI: PCI: Interrupt link LNKC configured for IRQ 11
[    1.231812] ACPI: PCI: Interrupt link LNKD configured for IRQ 11
[    1.232537] ACPI: PCI: Interrupt link LNKS configured for IRQ 9
[    1.236734] iommu: Default domain type: Translated
[    1.237097] iommu: DMA domain TLB invalidation policy: lazy mode
[    1.241715] SCSI subsystem initialized
[    1.245271] ACPI: bus type USB registered
[    1.245849] usbcore: registered new interface driver usbfs
[    1.246359] usbcore: registered new interface driver hub
[    1.246830] usbcore: registered new device driver usb
[    1.248414] pps_core: LinuxPPS API ver. 1 registered
[    1.248664] pps_core: Software ver. 5.3.6 - Copyright 2005-2007 Rodolfo Giometti <giometti@linux.it>
[    1.249381] PTP clock support registered
[    1.252653] EDAC MC: Ver: 3.0.0
[    1.255411] NetLabel: Initializing
[    1.255670] NetLabel:  domain hash size = 128
[    1.255971] NetLabel:  protocols = UNLABELED CIPSOv4 CALIPSO
[    1.256548] NetLabel:  unlabeled traffic allowed by default
[    1.261273] PCI: Using ACPI for IRQ routing
[    1.264948] pci 0000:00:02.0: vgaarb: setting as boot VGA device
[    1.265275] pci 0000:00:02.0: vgaarb: bridge control possible
[    1.265682] pci 0000:00:02.0: vgaarb: VGA device added: decodes=io+mem,owns=io+mem,locks=none
[    1.266287] vgaarb: loaded
[    1.267402] hpet0: at MMIO 0xfed00000, IRQs 2, 8, 0
[    1.267772] hpet0: 3 comparators, 64-bit 100.000000 MHz counter
[    1.272972] clocksource: Switched to clocksource kvm-clock
[    3.301034] VFS: Disk quotas dquot_6.6.0
[    3.301428] VFS: Dquot-cache hash table entries: 512 (order 0, 4096 bytes)
[    3.305170] pnp: PnP ACPI init
[    3.308965] pnp: PnP ACPI: found 6 devices
[    3.345878] Callback from call_rcu_tasks() invoked.
[    3.354719] clocksource: acpi_pm: mask: 0xffffff max_cycles: 0xffffff, max_idle_ns: 2085701024 ns
[    3.355851] NET: Registered PF_INET protocol family
[    3.356594] IP idents hash table entries: 32768 (order: 6, 262144 bytes, linear)
[    3.358708] tcp_listen_portaddr_hash hash table entries: 1024 (order: 5, 73728 bytes, linear)
[    3.359407] Table-perturb hash table entries: 65536 (order: 6, 262144 bytes, linear)
[    3.360061] TCP established hash table entries: 16384 (order: 5, 131072 bytes, linear)
[    3.361173] TCP bind hash table entries: 16384 (order: 10, 2359296 bytes, linear)
[    3.364156] TCP: Hash tables configured (established 16384 bind 16384)
[    3.365225] UDP hash table entries: 1024 (order: 6, 262144 bytes, linear)
[    3.365901] UDP-Lite hash table entries: 1024 (order: 6, 262144 bytes, linear)
[    3.366936] NET: Registered PF_UNIX/PF_LOCAL protocol family
[    3.368997] RPC: Registered named UNIX socket transport module.
[    3.369438] RPC: Registered udp transport module.
[    3.369798] RPC: Registered tcp transport module.
[    3.370129] RPC: Registered tcp-with-tls transport module.
[    3.370516] RPC: Registered tcp NFSv4.1 backchannel transport module.
[    3.371023] pci_bus 0000:00: resource 4 [io  0x0000-0x0cf7 window]
[    3.371477] pci_bus 0000:00: resource 5 [io  0x0d00-0xffff window]
[    3.371922] pci_bus 0000:00: resource 6 [mem 0x000a0000-0x000bffff window]
[    3.372418] pci_bus 0000:00: resource 7 [mem 0x80000000-0xfebfffff window]
[    3.372911] pci_bus 0000:00: resource 8 [mem 0x100000000-0x17fffffff window]
[    3.373730] pci 0000:00:01.0: PIIX3: Enabling Passive Release
[    3.374163] pci 0000:00:00.0: Limiting direct PCI/PCI transfers
[    3.374667] PCI: CLS 0 bytes, default 64
[    3.375096] ACPI: bus type thunderbolt registered
[    3.375908] clocksource: tsc: mask: 0xffffffffffffffff max_cycles: 0x12441513526, max_idle_ns: 440795239872 ns
[    3.382466] Initialise system trusted keyrings
[    3.382927] Key type blacklist registered
[    3.383985] workingset: timestamp_bits=36 max_order=19 bucket_order=0
[    3.386199] squashfs: version 4.0 (2009/01/31) Phillip Lougher
[    3.387981] NFS: Registering the id_resolver key type
[    3.388378] Key type id_resolver registered
[    3.388685] Key type id_legacy registered
[    3.389030] nfs4filelayout_init: NFSv4 File Layout Driver Registering...
[    3.389547] nfs4flexfilelayout_init: NFSv4 Flexfile Layout Driver Registering...
[    3.390402] fuse: init (API version 7.45)
[    3.391216] SGI XFS with ACLs, security attributes, realtime, quota, no debug enabled
[    3.392985] 9p: Installing v9fs 9p2000 file system support
[    3.403696] Key type asymmetric registered
[    3.404006] Asymmetric key parser 'x509' registered
[    3.404525] Block layer SCSI generic (bsg) driver version 0.4 loaded (major 241)
[    3.405620] io scheduler mq-deadline registered
[    3.406097] io scheduler bfq registered
[    3.407279] ledtrig-cpu: registered to indicate activity on CPUs
[    3.409236] IPMI message handler: version 39.2
[    3.409627] ipmi device interface
[    3.411719] input: Power Button as /devices/LNXSYSTM:00/LNXPWRBN:00/input/input0
[    3.412767] ACPI: button: Power Button [PWRF]
[    3.415259] ERST DBG: ERST support is disabled.
[    3.417328] Serial: 8250/16550 driver, 32 ports, IRQ sharing enabled
[    3.419295] 00:04: ttyS0 at I/O 0x3f8 (irq = 4, base_baud = 115200) is a 16550A
[    3.453872] Linux agpgart interface v0.103
[    3.457319] ACPI: bus type drm_connector registered
[    3.484317] brd: module loaded
[    3.510758] loop: module loaded
[    3.547148] scsi host0: ata_piix
[    3.549169] scsi host1: ata_piix
[    3.549878] ata1: PATA max MWDMA2 cmd 0x1f0 ctl 0x3f6 bmdma 0xc040 irq 14 lpm-pol 0
[    3.550421] ata2: PATA max MWDMA2 cmd 0x170 ctl 0x376 bmdma 0xc048 irq 15 lpm-pol 0
[    3.553586] tun: Universal TUN/TAP device driver, 1.6
[    3.554427] e100: Intel(R) PRO/100 Network Driver
[    3.554767] e100: Copyright(c) 1999-2006 Intel Corporation
[    3.555283] e1000: Intel(R) PRO/1000 Network Driver
[    3.555636] e1000: Copyright (c) 1999-2006 Intel Corporation.
[    3.710003] ata2: found unknown device (class 0)
[    3.710658] ata1: found unknown device (class 0)
[    3.711622] ata2.00: ATAPI: QEMU DVD-ROM, 2.5+, max UDMA/100
[    3.712257] ata1.00: ATA-7: QEMU HARDDISK, 2.5+, max UDMA/100
[    3.712656] ata1.00: 17196647 sectors, multi 16: LBA48 
[    3.715373] scsi 0:0:0:0: Direct-Access     ATA      QEMU HARDDISK    2.5+ PQ: 0 ANSI: 5
[    3.718143] sd 0:0:0:0: Attached scsi generic sg0 type 0
[    3.718814] sd 0:0:0:0: [sda] 17196647 512-byte logical blocks: (8.80 GB/8.20 GiB)
[    3.719603] sd 0:0:0:0: [sda] Write Protect is off
[    3.720030] sd 0:0:0:0: [sda] Write cache: enabled, read cache: enabled, doesn't support DPO or FUA
[    3.721088] scsi 1:0:0:0: CD-ROM            QEMU     QEMU DVD-ROM     2.5+ PQ: 0 ANSI: 5
[    3.721926] sd 0:0:0:0: [sda] Preferred minimum I/O size 512 bytes
[    3.739705] scsi 1:0:0:0: Attached scsi generic sg1 type 5
[    3.741912] sd 0:0:0:0: [sda] Attached SCSI disk
[    4.110024] ACPI: \_SB_.LNKC: Enabled at IRQ 11
[    4.417294] e1000 0000:00:03.0 eth0: (PCI:33MHz:32-bit) 52:54:00:12:34:56
[    4.417941] e1000 0000:00:03.0 eth0: Intel(R) PRO/1000 Network Connection
[    4.418642] e1000e: Intel(R) PRO/1000 Network Driver
[    4.419002] e1000e: Copyright(c) 1999 - 2015 Intel Corporation.
[    4.419576] igb: Intel(R) Gigabit Ethernet Network Driver
[    4.419960] igb: Copyright (c) 2007-2014 Intel Corporation.
[    4.420696] PPP generic driver version 2.4.2
[    4.422481] VFIO - User Level meta-driver version: 0.3
[    4.425314] usbcore: registered new interface driver uas
[    4.425845] usbcore: registered new interface driver usb-storage
[    4.426584] i8042: PNP: PS/2 Controller [PNP0303:KBD,PNP0f13:MOU] at 0x60,0x64 irq 1,12
[    4.428068] serio: i8042 KBD port at 0x60,0x64 irq 1
[    4.428488] serio: i8042 AUX port at 0x60,0x64 irq 12
[    4.430074] mousedev: PS/2 mouse device common for all mice
[    4.431977] input: AT Translated Set 2 keyboard as /devices/platform/i8042/serio0/input/input1
[    4.433995] input: VirtualPS/2 VMware VMMouse as /devices/platform/i8042/serio1/input/input4
[    4.434077] rtc_cmos 00:05: RTC can wake from S4
[    4.437096] input: VirtualPS/2 VMware VMMouse as /devices/platform/i8042/serio1/input/input3
[    4.438050] rtc_cmos 00:05: registered as rtc0
[    4.438870] rtc_cmos 00:05: setting system clock to 2026-01-14T04:32:04 UTC (1768365124)
[    4.440567] rtc_cmos 00:05: alarms up to one day, y3k, 242 bytes nvram, hpet irqs
[    4.441811] i2c_dev: i2c /dev entries driver
[    4.443057] device-mapper: core: CONFIG_IMA_DISABLE_HTABLE is disabled. Duplicate IMA measurements will not be recorded in the IMA log.
[    4.444005] device-mapper: uevent: version 1.0.3
[    4.444889] device-mapper: ioctl: 4.50.0-ioctl (2025-04-28) initialised: dm-devel@lists.linux.dev
[    4.445547] intel_pstate: CPU model not supported
[    4.446167] sdhci: Secure Digital Host Controller Interface driver
[    4.446613] sdhci: Copyright(c) Pierre Ossman
[    4.447151] sdhci-pltfm: SDHCI platform and OF driver helper
[    4.448216] drop_monitor: Initializing network drop monitor service
[    4.449108] NET: Registered PF_INET6 protocol family
[    4.452672] Segment Routing with IPv6
[    4.453047] In-situ OAM (IOAM) with IPv6
[    4.453425] NET: Registered PF_PACKET protocol family
[    4.454562] 9pnet: Installing 9P2000 support
[    4.455436] Key type dns_resolver registered
[    4.458254] IPI shorthand broadcast: enabled
[    4.512122] sched_clock: Marking stable (4496003734, 13658769)->(4514758697, -5096194)
[    4.514151] registered taskstats version 1
[    4.515352] Loading compiled-in X.509 certificates
[    4.580694] Demotion targets for Node 0: null
[    4.582993] Key type .fscrypt registered
[    4.583602] Key type fscrypt-provisioning registered
[    4.589258] Key type encrypted registered
[    4.589614] ima: No TPM chip found, activating TPM-bypass!
[    4.590053] ima: Allocated hash algorithm: sha1
[    4.590473] ima: No architecture policies found
[    4.590941] evm: Initialising EVM extended attributes:
[    4.591312] evm: security.selinux
[    4.591556] evm: security.SMACK64
[    4.591792] evm: security.SMACK64EXEC
[    4.592051] evm: security.SMACK64TRANSMUTE
[    4.592339] evm: security.SMACK64MMAP
[    4.592604] evm: security.apparmor
[    4.592848] evm: security.ima
[    4.593061] evm: security.capability
[    4.593316] evm: HMAC attrs: 0x1
[    4.595834] PM:   Magic number: 10:918:514
[    4.596186] PM:   hash matches drivers/base/power/main.c:806
[    4.598529] RAS: Correctable Errors collector initialized.
[    4.599177] clk: Disabling unused clocks
[    4.599725] PM: genpd: Disabling unused power domains
[    4.601086] check access for rdinit=/init failed: -2, ignoring
[    4.601431] md: Waiting for all devices to be available before autodetect
[    4.601780] md: If you don't use raid, use raid=noautodetect
[    4.602058] md: Autodetecting RAID arrays.
[    4.602280] md: autorun ...
[    4.602423] md: ... autorun DONE.
[    4.617739] EXT4-fs (sda): mounted filesystem 088740a9-c8b4-422c-999d-a804eb68a4da ro with ordered data mode. Quota mode: none.
[    4.618385] VFS: Mounted root (ext4 filesystem) readonly on device 8:0.
[    4.621962] devtmpfs: mounted
[    4.639286] Freeing unused decrypted memory: 2036K
[    4.652204] Freeing unused kernel image (initmem) memory: 16420K
[    4.652725] Write protecting the kernel read-only data: 102400k
[    4.655845] Freeing unused kernel image (text/rodata gap) memory: 980K
[    4.658124] Freeing unused kernel image (rodata/data gap) memory: 1664K
[    4.716572] x86/mm: Checked W+X mappings: passed, no W+X pages found.
[    4.716911] Run /sbin/init as init process
[    4.976685] systemd[1]: systemd 252-15.el9 running in system mode (+PAM +AUDIT +SELINUX -APPARMOR +IMA +SMACK +SECCOMP +GCRYPT +GNUTLS +OPENSSL +ACL +BLKID +CURL +ELFUTILS -FIDO2 +IDN2 -IDN -IPTC +KMOD +LIBCRYPTSETUP +LIBFDISK +PCRE2 -PWQUALITY +P11KIT -QRENCODE +TPM2 +BZIP2 +LZ4 +XZ +ZLIB +ZSTD -BPF_FRAMEWORK +XKBCOMMON +UTMP +SYSVINIT default-hierarchy=unified)
[    4.978263] systemd[1]: Detected virtualization kvm.
[    4.978510] systemd[1]: Detected architecture x86-64.

Welcome to [0;31mCentOS Stream 9[0m!

[    4.985053] systemd[1]: Hostname set to <test>.
[    5.254946] systemd-rc-local-generator[125]: /etc/rc.d/rc.local is not marked executable, skipping.
[    5.623002] systemd[1]: Queued start job for default target Multi-User System.
[    5.640062] systemd[1]: Created slice Virtual Machine and Container Slice.
[[0;32m  OK  [0m] Created slice [0;1;39mVirtual Machine and Container Slice[0m.
[    5.643985] systemd[1]: Created slice Slice /system/getty.
[[0;32m  OK  [0m] Created slice [0;1;39mSlice /system/getty[0m.
[    5.646197] systemd[1]: Created slice Slice /system/modprobe.
[[0;32m  OK  [0m] Created slice [0;1;39mSlice /system/modprobe[0m.
[    5.648442] systemd[1]: Created slice Slice /system/serial-getty.
[[0;32m  OK  [0m] Created slice [0;1;39mSlice /system/serial-getty[0m.
[    5.650787] systemd[1]: Created slice Slice /system/sshd-keygen.
[[0;32m  OK  [0m] Created slice [0;1;39mSlice /system/sshd-keygen[0m.
[    5.652778] systemd[1]: Created slice User and Session Slice.
[[0;32m  OK  [0m] Created slice [0;1;39mUser and Session Slice[0m.
[    5.653829] systemd[1]: Started Forward Password Requests to Wall Directory Watch.
[[0;32m  OK  [0m] Started [0;1;39mForward Password R…uests to Wall Directory Watch[0m.
[    5.655554] systemd[1]: Set up automount Arbitrary Executable File Formats File System Automount Point.
[[0;32m  OK  [0m] Set up automount [0;1;39mArbitrary…s File System Automount Point[0m.
[    5.656666] systemd[1]: Reached target Local Integrity Protected Volumes.
[[0;32m  OK  [0m] Reached target [0;1;39mLocal Integrity Protected Volumes[0m.
[    5.657561] systemd[1]: Reached target Slice Units.
[[0;32m  OK  [0m] Reached target [0;1;39mSlice Units[0m.
[    5.658263] systemd[1]: Reached target Swaps.
[[0;32m  OK  [0m] Reached target [0;1;39mSwaps[0m.
[    5.658889] systemd[1]: Reached target Local Verity Protected Volumes.
[[0;32m  OK  [0m] Reached target [0;1;39mLocal Verity Protected Volumes[0m.
[    5.659932] systemd[1]: Listening on Device-mapper event daemon FIFOs.
[[0;32m  OK  [0m] Listening on [0;1;39mDevice-mapper event daemon FIFOs[0m.
[    5.661234] systemd[1]: Listening on LVM2 poll daemon socket.
[[0;32m  OK  [0m] Listening on [0;1;39mLVM2 poll daemon socket[0m.
[    5.662254] systemd[1]: multipathd control socket was skipped because of an unmet condition check (ConditionPathExists=/etc/multipath.conf).
[    5.703516] systemd[1]: Listening on RPCbind Server Activation Socket.
[[0;32m  OK  [0m] Listening on [0;1;39mRPCbind Server Activation Socket[0m.
[    5.704568] systemd[1]: Reached target RPC Port Mapper.
[[0;32m  OK  [0m] Reached target [0;1;39mRPC Port Mapper[0m.
[    5.707766] systemd[1]: Listening on Process Core Dump Socket.
[[0;32m  OK  [0m] Listening on [0;1;39mProcess Core Dump Socket[0m.
[    5.708830] systemd[1]: Listening on initctl Compatibility Named Pipe.
[[0;32m  OK  [0m] Listening on [0;1;39minitctl Compatibility Named Pipe[0m.
[    5.710233] systemd[1]: Listening on Journal Socket (/dev/log).
[[0;32m  OK  [0m] Listening on [0;1;39mJournal Socket (/dev/log)[0m.
[    5.711452] systemd[1]: Listening on Journal Socket.
[[0;32m  OK  [0m] Listening on [0;1;39mJournal Socket[0m.
[    5.712665] systemd[1]: Listening on udev Control Socket.
[[0;32m  OK  [0m] Listening on [0;1;39mudev Control Socket[0m.
[    5.713713] systemd[1]: Listening on udev Kernel Socket.
[[0;32m  OK  [0m] Listening on [0;1;39mudev Kernel Socket[0m.
[    5.738751] systemd[1]: Mounting Huge Pages File System...
         Mounting [0;1;39mHuge Pages File System[0m...
[    5.770156] systemd[1]: Mounting POSIX Message Queue File System...
         Mounting [0;1;39mPOSIX Message Queue File System[0m...
[    5.777758] systemd[1]: Mounting Kernel Debug File System...
         Mounting [0;1;39mKernel Debug File System[0m...
[    5.783861] systemd[1]: Mounting Kernel Trace File System...
         Mounting [0;1;39mKernel Trace File System[0m...
[    5.785009] systemd[1]: Kernel Module supporting RPCSEC_GSS was skipped because of an unmet condition check (ConditionPathExists=/etc/krb5.keytab).
[    5.786049] systemd[1]: Create List of Static Device Nodes was skipped because of an unmet condition check (ConditionFileNotEmpty=/lib/modules/6.19.0-rc3-a101e602e083+/modules.devname).
[    5.790894] systemd[1]: Starting Monitoring of LVM2 mirrors, snapshots etc. using dmeventd or progress polling...
         Starting [0;1;39mMonitoring of LVM…meventd or progress polling[0m...
[    5.796786] systemd[1]: Starting Load Kernel Module configfs...
         Starting [0;1;39mLoad Kernel Module configfs[0m...
[    5.807029] systemd[1]: Starting Load Kernel Module drm...
         Starting [0;1;39mLoad Kernel Module drm[0m...
[    5.823100] systemd[1]: Starting Load Kernel Module fuse...
         Starting [0;1;39mLoad Kernel Module fuse[0m...
[    5.831390] systemd[1]: Starting Read and set NIS domainname from /etc/sysconfig/network...
         Starting [0;1;39mRead and set NIS …from /etc/sysconfig/network[0m...
[    5.850174] systemd[1]: Starting Journal Service...
         Starting [0;1;39mJournal Service[0m...
[    5.857948] systemd[1]: Starting Load Kernel Modules...
         Starting [0;1;39mLoad Kernel Modules[0m...
[    5.871271] systemd[1]: Starting Generate network units from Kernel command line...
         Starting [0;1;39mGenerate network …ts from Kernel command line[0m...
[    5.886818] systemd[1]: Starting Remount Root and Kernel File Systems...
         Starting [0;1;39mRemount Root and Kernel File Systems[0m...
[    5.891550] systemd[1]: Repartition Root Disk was skipped because no trigger condition checks were met.
[    5.907775] systemd[1]: Starting Coldplug All udev Devices...
         Starting [0;1;39mColdplug All udev Devices[0m...
[    5.931980] systemd[1]: Mounted Huge Pages File System.
[[0;32m  OK  [0m] Mounted [0;1;39mHuge Pages File System[0m.
[    5.937759] systemd[1]: Mounted POSIX Message Queue File System.
[[0;32m  OK  [0m] Mounted [0;1;39mPOSIX Message Queue File System[0m.
[    5.938967] systemd[1]: Mounted Kernel Debug File System.
[[0;32m  OK  [0m] Mounted [0;1;39mKernel Debug File System[0m.
[    5.940058] systemd[1]: Mounted Kernel Trace File System.
[[0;32m  OK  [0m] Mounted [0;1;39mKernel Trace File System[0m.
[    5.942064] systemd[1]: Finished Monitoring of LVM2 mirrors, snapshots etc. using dmeventd or progress polling.
[[0;32m  OK  [0m] Finished [0;1;39mMonitoring of LVM… dmeventd or progress polling[0m.
[    5.945134] systemd[1]: modprobe@configfs.service: Deactivated successfully.
[    5.946334] systemd[1]: Finished Load Kernel Module configfs.
[[0;32m  OK  [0m] Finished [0;1;39mLoad Kernel Module configfs[0m.
[    5.948218] systemd[1]: modprobe@drm.service: Deactivated successfully.
[    5.949354] systemd[1]: Finished Load Kernel Module drm.
[[0;32m  OK  [0m] Finished [0;1;39mLoad Kernel Module drm[0m.
[    5.951184] systemd[1]: modprobe@fuse.service: Deactivated successfully.
[    5.952351] systemd[1]: Finished Load Kernel Module fuse.
[[0;32m  OK  [0m] Finished [0;1;39mLoad Kernel Module fuse[0m.
[    5.955731] systemd[1]: Finished Read and set NIS domainname from /etc/sysconfig/network.
[[0;32m  OK  [0m] Finished [0;1;39mRead and set NIS …e from /etc/sysconfig/network[0m.[    5.957611] EXT4-fs (sda): re-mounted 088740a9-c8b4-422c-999d-a804eb68a4da r/w.

[    5.961301] systemd[1]: systemd-modules-load.service: Main process exited, code=exited, status=1/FAILURE
[    5.965325] systemd[1]: systemd-modules-load.service: Failed with result 'exit-code'.
[    5.966592] systemd[1]: Failed to start Load Kernel Modules.
[[0;1;31mFAILED[0m] Failed to start [0;1;39mLoad Kernel Modules[0m.
See 'systemctl status systemd-modules-load.service' for details.
[    5.969110] systemd[1]: Finished Generate network units from Kernel command line.
[[0;32m  OK  [0m] Finished [0;1;39mGenerate network units from Kernel command line[0m.
[    5.971770] systemd[1]: Finished Remount Root and Kernel File Systems.
[[0;32m  OK  [0m] Finished [0;1;39mRemount Root and Kernel File Systems[0m.
[    5.973501] systemd[1]: Reached target Preparation for Network.
[[0;32m  OK  [0m] Reached target [0;1;39mPreparation for Network[0m.
[    5.989942] systemd[1]: Mounting FUSE Control File System...
         Mounting [0;1;39mFUSE Control File System[0m...
[    6.003596] systemd[1]: Mounting Kernel Configuration File System...
         Mounting [0;1;39mKernel Configuration File System[0m...
[    6.006447] systemd[1]: Special handling of early boot iSCSI sessions was skipped because of an unmet condition check (ConditionDirectoryNotEmpty=/sys/class/iscsi_session).
[    6.007252] systemd[1]: First Boot Wizard was skipped because of an unmet condition check (ConditionFirstBoot=yes).
[    6.012465] systemd[1]: Rebuild Hardware Database was skipped because of an unmet condition check (ConditionNeedsUpdate=/etc).
[    6.038665] systemd[1]: Starting Load/Save Random Seed...
         Starting [0;1;39mLoad/Save Random Seed[0m...
[    6.063947] systemd[1]: Starting Apply Kernel Variables...
         Starting [0;1;39mApply Kernel Variables[0m...
[    6.066965] systemd[1]: Create System Users was skipped because no trigger condition checks were met.
[    6.072643] systemd[1]: Starting Create Static Device Nodes in /dev...
         Starting [0;1;39mCreate Static Device Nodes in /dev[0m...
[    6.080888] systemd[1]: Starting Setup Virtual Console...
         Starting [0;1;39mSetup Virtual Console[0m...
[    6.088623] systemd[1]: Started Journal Service.
[[0;32m  OK  [0m] Started [0;1;39mJournal Service[0m.
[[0;32m  OK  [0m] Mounted [0;1;39mFUSE Control File System[0m.
[[0;32m  OK  [0m] Mounted [0;1;39mKernel Configuration File System[0m.
         Starting [0;1;39mFlush Journal to Persistent Storage[0m...
[[0;32m  OK  [0m] Finished [0;1;39mLoad/Save Random Seed[0m.
[    6.176092] systemd-journald[143]: Received client request to flush runtime journal.
[[0;32m  OK  [0m] Finished [0;1;39mApply Kernel Variables[0m.
[[0;32m  OK  [0m] Finished [0;1;39mFlush Journal to Persistent Storage[0m.
[[0;32m  OK  [0m] Finished [0;1;39mCreate Static Device Nodes in /dev[0m.
         Starting [0;1;39mRule-based Manage…for Device Events and Files[0m...
[[0;32m  OK  [0m] Started [0;1;39mRule-based Manager for Device Events and Files[0m.
         Starting [0;1;39mAuto-connect to s…E devices found during boot[0m...
[[0;32m  OK  [0m] Finished [0;1;39mAuto-connect to s…VME devices found during boot[0m.
[[0;32m  OK  [0m] Finished [0;1;39mColdplug All udev Devices[0m.
         Starting [0;1;39mWait for udev To …plete Device Initialization[0m...
[[0;32m  OK  [0m] Finished [0;1;39mSetup Virtual Console[0m.
[[0;32m  OK  [0m] Started [0;1;39mDispatch Password …ts to Console Directory Watch[0m.
[[0;32m  OK  [0m] Reached target [0;1;39mLocal Encrypted Volumes[0m.
[[0;32m  OK  [0m] Reached target [0;1;39mPath Units[0m.
[[0;32m  OK  [0m] Found device [0;1;39m/dev/ttyS0[0m.
[[0;32m  OK  [0m] Listening on [0;1;39mLoad/Save RF …itch Status /dev/rfkill Watch[0m.
[[0;32m  OK  [0m] Finished [0;1;39mWait for udev To Complete Device Initialization[0m.
[[0;32m  OK  [0m] Reached target [0;1;39mPreparation for Local File Systems[0m.
[[0;32m  OK  [0m] Reached target [0;1;39mLocal File Systems[0m.
         Starting [0;1;39mTell Plymouth To Write Out Runtime Data[0m...
         Starting [0;1;39mAutomatic Boot Loader Update[0m...
         Starting [0;1;39mCreate Volatile Files and Directories[0m...
[[0;32m  OK  [0m] Finished [0;1;39mTell Plymouth To Write Out Runtime Data[0m.
[[0;32m  OK  [0m] Finished [0;1;39mAutomatic Boot Loader Update[0m.
[[0;32m  OK  [0m] Finished [0;1;39mCreate Volatile Files and Directories[0m.
         Mounting [0;1;39mRPC Pipe File System[0m...
         Starting [0;1;39mSecurity Auditing Service[0m...
         Starting [0;1;39mRPC Bind[0m...
[[0;32m  OK  [0m] Mounted [0;1;39mRPC Pipe File System[0m.
[[0;32m  OK  [0m] Reached target [0;1;39mrpc_pipefs.target[0m.
[[0;32m  OK  [0m] Started [0;1;39mRPC Bind[0m.
[[0;32m  OK  [0m] Started [0;1;39mSecurity Auditing Service[0m.
         Starting [0;1;39mRecord System Boot/Shutdown in UTMP[0m...
[[0;32m  OK  [0m] Finished [0;1;39mRecord System Boot/Shutdown in UTMP[0m.
[[0;32m  OK  [0m] Reached target [0;1;39mSystem Initialization[0m.
[[0;32m  OK  [0m] Started [0;1;39mDaily rotation of log files[0m.
[[0;32m  OK  [0m] Started [0;1;39mUpdates mlocate database every day[0m.
[[0;32m  OK  [0m] Started [0;1;39mDaily Cleanup of Temporary Directories[0m.
[[0;32m  OK  [0m] Started [0;1;39mdaily update of the root trust anchor for DNSSEC[0m.
[[0;32m  OK  [0m] Reached target [0;1;39mTimer Units[0m.
[[0;32m  OK  [0m] Listening on [0;1;39mD-Bus System Message Bus Socket[0m.
[[0;32m  OK  [0m] Listening on [0;1;39mOpen-iSCSI iscsid Socket[0m.
[[0;32m  OK  [0m] Listening on [0;1;39mOpen-iSCSI iscsiuio Socket[0m.
[[0;32m  OK  [0m] Listening on [0;1;39mSSSD Kerberos…ache Manager responder socket[0m.
[[0;32m  OK  [0m] Listening on [0;1;39mLibvirt interface local socket[0m.
[[0;32m  OK  [0m] Listening on [0;1;39mVirtual machine lock manager socket[0m.
[[0;32m  OK  [0m] Listening on [0;1;39mVirtual machine log manager socket[0m.
[[0;32m  OK  [0m] Listening on [0;1;39mLibvirt network local socket[0m.
[[0;32m  OK  [0m] Listening on [0;1;39mLibvirt nodedev local socket[0m.
[[0;32m  OK  [0m] Listening on [0;1;39mLibvirt nwfilter local socket[0m.
[[0;32m  OK  [0m] Listening on [0;1;39mLibvirt proxy local socket[0m.
[[0;32m  OK  [0m] Listening on [0;1;39mLibvirt qemu local socket[0m.
[[0;32m  OK  [0m] Listening on [0;1;39mLibvirt qemu admin socket[0m.
[[0;32m  OK  [0m] Listening on [0;1;39mLibvirt qemu local read-only socket[0m.
[[0;32m  OK  [0m] Listening on [0;1;39mLibvirt secret local socket[0m.
[[0;32m  OK  [0m] Listening on [0;1;39mLibvirt storage local socket[0m.
[[0;32m  OK  [0m] Reached target [0;1;39mSocket Units[0m.
         Starting [0;1;39mD-Bus System Message Bus[0m...
[[0;32m  OK  [0m] Started [0;1;39mD-Bus System Message Bus[0m.
[[0;32m  OK  [0m] Reached target [0;1;39mBasic System[0m.
         Starting [0;1;39mNetwork Manager[0m...
         Starting [0;1;39mNTP client/server[0m...
         Starting [0;1;39mRestore /run/initramfs on shutdown[0m...
[[0;32m  OK  [0m] Started [0;1;39mirqbalance daemon[0m.
[[0;32m  OK  [0m] Started [0;1;39mlibstoragemgmt plug-in server daemon[0m.
[[0;32m  OK  [0m] Started [0;1;39mMachine Check Exception Logging Daemon[0m.
[[0;32m  OK  [0m] Reached target [0;1;39msshd-keygen.target[0m.
[[0;32m  OK  [0m] Reached target [0;1;39mUser and Group Name Lookups[0m.
         Starting [0;1;39mUser Login Management[0m...
         Starting [0;1;39mVirtual Machine a…tainer Registration Service[0m...
         Starting [0;1;39mupdate of the roo…NSSEC validation in unbound[0m...
         Starting [0;1;39mRotate log files[0m...
[[0;32m  OK  [0m] Started [0;1;39mUpdate a database for mlocate[0m.
[[0;32m  OK  [0m] Started [0;1;39mNTP client/server[0m.
[[0;32m  OK  [0m] Finished [0;1;39mRestore /run/initramfs on shutdown[0m.
[[0;32m  OK  [0m] Started [0;1;39mVirtual Machine an…ontainer Registration Service[0m.
         Starting [0;1;39mHostname Service[0m...
[[0;32m  OK  [0m] Finished [0;1;39mupdate of the roo… DNSSEC validation in unbound[0m.
[[0;32m  OK  [0m] Started [0;1;39mUser Login Management[0m.
[[0;32m  OK  [0m] Started [0;1;39mHostname Service[0m.
[[0;32m  OK  [0m] Finished [0;1;39mRotate log files[0m.
         Starting [0;1;39mNetwork Manager Script Dispatcher Service[0m...
[[0;32m  OK  [0m] Started [0;1;39mNetwork Manager Script Dispatcher Service[0m.
[[0;32m  OK  [0m] Started [0;1;39mNetwork Manager[0m.[    8.969972] e1000: eth0 NIC Link is Up 1000 Mbps Full Duplex, Flow Control: RX

[[0;32m  OK  [0m] Reached target [0;1;39mNetwork[0m.
[[0;32m  OK  [0m] Reached target [0;1;39mNetwork is Online[0m.
         Starting [0;1;39mGSSAPI Proxy Daemon[0m...
         Starting [0;1;39mNotify NFS peers of a restart[0m...
         Starting [0;1;39mSystem Logging Service[0m...
         Starting [0;1;39mOpenSSH server daemon[0m...
         Starting [0;1;39mDynamic System Tuning Daemon[0m...
[[0;32m  OK  [0m] Started [0;1;39mNotify NFS peers of a restart[0m.
[[0;32m  OK  [0m] Started [0;1;39mGSSAPI Proxy Daemon[0m.
[[0;32m  OK  [0m] Reached target [0;1;39mNFS client services[0m.
[[0;32m  OK  [0m] Reached target [0;1;39mPreparation for Remote File Systems[0m.
[[0;32m  OK  [0m] Reached target [0;1;39mRemote File Systems[0m.
         Starting [0;1;39mPermit User Sessions[0m...
         Starting [0;1;39mVirtualization qemu daemon[0m...
[[0;32m  OK  [0m] Started [0;1;39mOpenSSH server daemon[0m.
[[0;32m  OK  [0m] Finished [0;1;39mPermit User Sessions[0m.
[[0;32m  OK  [0m] Started [0;1;39mDeferred execution scheduler[0m.
[[0;32m  OK  [0m] Started [0;1;39mCommand Scheduler[0m.
         Starting [0;1;39mHold until boot process finishes up[0m...
         Starting [0;1;39mTerminate Plymouth Boot Screen[0m...
[[0;32m  OK  [0m] Started [0;1;39mSystem Logging Service[0m.
[[0;32m  OK  [0m] Started [0;1;39mVirtualization qemu daemon[0m.
[[0;32m  OK  [0m] Finished [0;1;39mHold until boot process finishes up[0m.
[[0;32m  OK  [0m] Started [0;1;39mGetty on tty1[0m.
[[0;32m  OK  [0m] Started [0;1;39mSerial Getty on ttyS0[0m.
[[0;32m  OK  [0m] Reached target [0;1;39mLogin Prompts[0m.
[[0;32m  OK  [0m] Finished [0;1;39mTerminate Plymouth Boot Screen[0m.
         Starting [0;1;39mAuthorization Manager[0m...
[[0;32m  OK  [0m] Started [0;1;39mAuthorization Manager[0m.
[[0;32m  OK  [0m] Started [0;1;39mDynamic System Tuning Daemon[0m.
[[0;32m  OK  [0m] Reached target [0;1;39mMulti-User System[0m.
         Starting [0;1;39mRecord Runlevel Change in UTMP[0m...
[[0;32m  OK  [0m] Finished [0;1;39mRecord Runlevel Change in UTMP[0m.

CentOS Stream 9
Kernel 6.19.0-rc3-a101e602e083+ on an x86_64

Activate the web console with: systemctl enable --now cockpit.socket

test login: [   17.267559] Adding 124996k swap on ./swap-file.  Priority:0 extents:1 across:124996k 
[   17.287951] 
[   17.288075] ============================================
[   17.288336] WARNING: possible recursive locking detected
[   17.288592] 6.19.0-rc3-a101e602e083+ #1 Not tainted
[   17.288825] --------------------------------------------
[   17.289076] repro/724 is trying to acquire lock:
[   17.289304] ffff888016ce4018 (&cluster_info[i].lock){+.+.}-{3:3}, at: swap_free_hibernation_slot+0x13e/0x2a0
[   17.289792] 
[   17.289792] but task is already holding lock:
[   17.290060] ffff888016ce4018 (&cluster_info[i].lock){+.+.}-{3:3}, at: swap_free_hibernation_slot+0xfa/0x2a0
[   17.290521] 
[   17.290521] other info that might help us debug this:
[   17.290832]  Possible unsafe locking scenario:
[   17.290832] 
[   17.291115]        CPU0
[   17.291238]        ----
[   17.291373]   lock(&cluster_info[i].lock);
[   17.291575]   lock(&cluster_info[i].lock);
[   17.291776] 
[   17.291776]  *** DEADLOCK ***
[   17.291776] 
[   17.292054]  May be due to missing lock nesting notation
[   17.292054] 
[   17.292376] 2 locks held by repro/724:
[   17.292560]  #0: ffffffff8753ec28 (system_transition_mutex){+.+.}-{4:4}, at: lock_system_sleep+0x92/0xb0
[   17.293018]  #1: ffff888016ce4018 (&cluster_info[i].lock){+.+.}-{3:3}, at: swap_free_hibernation_slot+0xfa/0x2a0
[   17.293503] 
[   17.293503] stack backtrace:
[   17.293727] CPU: 1 UID: 0 PID: 724 Comm: repro Not tainted 6.19.0-rc3-a101e602e083+ #1 PREEMPT(voluntary) 
[   17.293736] Hardware name: QEMU Standard PC (i440FX + PIIX, 1996), BIOS rel-1.16.0-0-gd239552ce722-prebuilt.qemu.org 04/01/2014
[   17.293741] Call Trace:
[   17.293746]  <TASK>
[   17.293748]  dump_stack_lvl+0xea/0x150
[   17.293774]  dump_stack+0x19/0x20
[   17.293782]  print_deadlock_bug+0x22e/0x300
[   17.293797]  __lock_acquire+0x1325/0x2210
[   17.293812]  lock_acquire+0x170/0x2f0
[   17.293822]  ? swap_free_hibernation_slot+0x13e/0x2a0
[   17.293835]  _raw_spin_lock+0x38/0x50
[   17.293848]  ? swap_free_hibernation_slot+0x13e/0x2a0
[   17.293857]  swap_free_hibernation_slot+0x13e/0x2a0
[   17.293867]  ? __pfx_swap_free_hibernation_slot+0x10/0x10
[   17.293876]  ? __pfx___fsnotify_parent+0x10/0x10
[   17.293889]  ? lock_is_held_type+0xef/0x150
[   17.293902]  ? locks_remove_file+0x3b4/0x5d0
[   17.293914]  ? __pfx_snapshot_release+0x10/0x10
[   17.293927]  free_all_swap_pages+0xdd/0x160
[   17.293938]  ? __pfx_snapshot_release+0x10/0x10
[   17.293949]  snapshot_release+0xac/0x200
[   17.293960]  __fput+0x41f/0xb70
[   17.293977]  ____fput+0x22/0x30
[   17.293989]  task_work_run+0x19e/0x2b0
[   17.294006]  ? __pfx_task_work_run+0x10/0x10
[   17.294017]  ? nsproxy_free+0x2ce/0x5b0
[   17.294030]  ? switch_task_namespaces+0x118/0x130
[   17.294040]  do_exit+0x8a3/0x28a0
[   17.294056]  ? do_group_exit+0x1d8/0x2c0
[   17.294068]  ? __pfx_do_exit+0x10/0x10
[   17.294079]  ? __this_cpu_preempt_check+0x21/0x30
[   17.294089]  ? _raw_spin_unlock_irq+0x2c/0x60
[   17.294099]  ? lockdep_hardirqs_on+0x85/0x110
[   17.294108]  ? _raw_spin_unlock_irq+0x2c/0x60
[   17.294118]  ? trace_hardirqs_on+0x26/0x130
[   17.294135]  do_group_exit+0xe4/0x2c0
[   17.294147]  __x64_sys_exit_group+0x4d/0x60
[   17.294158]  x64_sys_call+0x21a2/0x21b0
[   17.294172]  do_syscall_64+0x6d/0x1180
[   17.294184]  entry_SYSCALL_64_after_hwframe+0x76/0x7e
[   17.294191] RIP: 0033:0x7f65b5518a4d
[   17.294204] Code: Unable to access opcode bytes at 0x7f65b5518a23.
[   17.294211] RSP: 002b:00007ffd2f753298 EFLAGS: 00000246 ORIG_RAX: 00000000000000e7
[   17.294217] RAX: ffffffffffffffda RBX: 00007f65b55f69e0 RCX: 00007f65b5518a4d
[   17.294222] RDX: 00000000000000e7 RSI: ffffffffffffff80 RDI: 0000000000000001
[   17.294226] RBP: 0000000000000001 R08: 0000000000000000 R09: 0000000000000020
[   17.294230] R10: 00007ffd2f753140 R11: 0000000000000246 R12: 00007f65b55f69e0
[   17.294234] R13: 00007f65b55fbf00 R14: 0000000000000001 R15: 00007f65b55fbee8
[   17.294246]  </TASK>
[   44.868704] watchdog: BUG: soft lockup - CPU#1 stuck for 26s! [repro:724]
[   44.868733] Modules linked in:
[   44.868740] irq event stamp: 4239
[   44.868742] hardirqs last  enabled at (4239): [<ffffffff816f0167>] __call_rcu_common.constprop.0+0x427/0x870
[   44.868762] hardirqs last disabled at (4238): [<ffffffff816f018f>] __call_rcu_common.constprop.0+0x44f/0x870
[   44.868771] softirqs last  enabled at (2806): [<ffffffff81489b6e>] __irq_exit_rcu+0x10e/0x170
[   44.868781] softirqs last disabled at (2753): [<ffffffff81489b6e>] __irq_exit_rcu+0x10e/0x170
[   44.868793] CPU: 1 UID: 0 PID: 724 Comm: repro Not tainted 6.19.0-rc3-a101e602e083+ #1 PREEMPT(voluntary) 
[   44.868801] Hardware name: QEMU Standard PC (i440FX + PIIX, 1996), BIOS rel-1.16.0-0-gd239552ce722-prebuilt.qemu.org 04/01/2014
[   44.868805] RIP: 0010:pv_native_safe_halt+0x22/0x30
[   44.868816] Code: 90 90 90 90 90 90 90 90 f3 0f 1e fa 55 48 89 e5 0f 1f 44 00 00 eb 0c 0f 1f 44 00 00 0f 00 2d 95 51 1a 00 0f 1f 44 00 00 fb f4 <5d> c3 cc cc cc cc 0f 1f 84 00 00 00 00 00 90 90 90 90 90 90 90 90
[   44.868823] RSP: 0018:ffff888016227960 EFLAGS: 00000246
[   44.868828] RAX: 0000000000000001 RBX: 0000000000000003 RCX: 1ffffffff0e2822d
[   44.868832] RDX: 0000000000000000 RSI: 0000000000000003 RDI: ffffffff813d9047
[   44.868835] RBP: ffff888016227960 R08: 0000000000000000 R09: 0000000000000000
[   44.868838] R10: ffffffff883256e7 R11: 6162206b63617473 R12: ffff888016ce4000
[   44.868841] R13: 0000000000000003 R14: 0000000000000003 R15: ffffed1002d9c800
[   44.868845] FS:  0000000000000000(0000) GS:ffff8880e31b6000(0000) knlGS:0000000000000000
[   44.868849] CS:  0010 DS: 0000 ES: 0000 CR0: 0000000080050033
[   44.868853] CR2: 00007f65b55fca50 CR3: 0000000007486005 CR4: 0000000000770ef0
[   44.868858] PKRU: 55555554
[   44.868860] Call Trace:
[   44.868863]  <TASK>
[   44.868872]  kvm_wait+0x14c/0x190
[   44.868884]  __pv_queued_spin_lock_slowpath+0xbda/0xe90
[   44.868895]  ? __pfx___pv_queued_spin_lock_slowpath+0x10/0x10
[   44.868902]  ? asm_sysvec_spurious_apic_interrupt+0x20/0x30
[   44.868910]  ? debug_locks_off+0x2b/0x90
[   44.868925]  ? spin_bug+0x1f/0x1f0
[   44.868932]  do_raw_spin_lock+0x1f9/0x280
[   44.868937]  ? __pfx_do_raw_spin_lock+0x10/0x10
[   44.868942]  ? lock_acquire+0x180/0x2f0
[   44.868951]  _raw_spin_lock+0x40/0x50
[   44.868956]  ? swap_free_hibernation_slot+0x13e/0x2a0
[   44.868965]  swap_free_hibernation_slot+0x13e/0x2a0
[   44.868971]  ? __pfx_swap_free_hibernation_slot+0x10/0x10
[   44.868977]  ? __pfx___fsnotify_parent+0x10/0x10
[   44.868985]  ? lock_is_held_type+0xef/0x150
[   44.868990]  ? locks_remove_file+0x3b4/0x5d0
[   44.868998]  ? __pfx_snapshot_release+0x10/0x10
[   44.869006]  free_all_swap_pages+0xdd/0x160
[   44.869012]  ? __pfx_snapshot_release+0x10/0x10
[   44.869018]  snapshot_release+0xac/0x200
[   44.869025]  __fput+0x41f/0xb70
[   44.869033]  ____fput+0x22/0x30
[   44.869039]  task_work_run+0x19e/0x2b0
[   44.869048]  ? __pfx_task_work_run+0x10/0x10
[   44.869054]  ? nsproxy_free+0x2ce/0x5b0
[   44.869061]  ? switch_task_namespaces+0x118/0x130
[   44.869067]  do_exit+0x8a3/0x28a0
[   44.869075]  ? do_group_exit+0x1d8/0x2c0
[   44.869082]  ? __pfx_do_exit+0x10/0x10
[   44.869087]  ? __this_cpu_preempt_check+0x21/0x30
[   44.869094]  ? _raw_spin_unlock_irq+0x2c/0x60
[   44.869100]  ? lockdep_hardirqs_on+0x85/0x110
[   44.869105]  ? _raw_spin_unlock_irq+0x2c/0x60
[   44.869111]  ? trace_hardirqs_on+0x26/0x130
[   44.869119]  do_group_exit+0xe4/0x2c0
[   44.869126]  __x64_sys_exit_group+0x4d/0x60
[   44.869132]  x64_sys_call+0x21a2/0x21b0
[   44.869138]  do_syscall_64+0x6d/0x1180
[   44.869145]  entry_SYSCALL_64_after_hwframe+0x76/0x7e
[   44.869150] RIP: 0033:0x7f65b5518a4d
[   44.869156] Code: Unable to access opcode bytes at 0x7f65b5518a23.
[   44.869158] RSP: 002b:00007ffd2f753298 EFLAGS: 00000246 ORIG_RAX: 00000000000000e7
[   44.869163] RAX: ffffffffffffffda RBX: 00007f65b55f69e0 RCX: 00007f65b5518a4d
[   44.869166] RDX: 00000000000000e7 RSI: ffffffffffffff80 RDI: 0000000000000001
[   44.869170] RBP: 0000000000000001 R08: 0000000000000000 R09: 0000000000000020
[   44.869173] R10: 00007ffd2f753140 R11: 0000000000000246 R12: 00007f65b55f69e0
[   44.869176] R13: 00007f65b55fbf00 R14: 0000000000000001 R15: 00007f65b55fbee8
[   44.869186]  </TASK>
[   44.869190] Kernel panic - not syncing: softlockup: hung tasks
[   44.887337] CPU: 1 UID: 0 PID: 724 Comm: repro Tainted: G             L      6.19.0-rc3-a101e602e083+ #1 PREEMPT(voluntary) 
[   44.887855] Tainted: [L]=SOFTLOCKUP
[   44.888024] Hardware name: QEMU Standard PC (i440FX + PIIX, 1996), BIOS rel-1.16.0-0-gd239552ce722-prebuilt.qemu.org 04/01/2014
[   44.888547] Call Trace:
[   44.888670]  <IRQ>
[   44.888776]  dump_stack_lvl+0x42/0x150
[   44.888968]  dump_stack+0x19/0x20
[   44.889135]  vpanic+0x689/0x6f0
[   44.889297]  panic+0xc7/0xd0
[   44.889443]  ? __pfx_panic+0x10/0x10
[   44.889625]  ? watchdog_timer_fn+0x5b6/0x6c0
[   44.889841]  ? watchdog_timer_fn+0x5a9/0x6c0
[   44.890050]  watchdog_timer_fn+0x5c7/0x6c0
[   44.890252]  ? __pfx_watchdog_timer_fn+0x10/0x10
[   44.890474]  __hrtimer_run_queues+0x6ef/0xc70
[   44.890700]  ? __pfx___hrtimer_run_queues+0x10/0x10
[   44.890936]  hrtimer_interrupt+0x397/0x870
[   44.891143]  __sysvec_apic_timer_interrupt+0x108/0x380
[   44.891397]  sysvec_apic_timer_interrupt+0xaf/0xd0
[   44.891631]  </IRQ>
[   44.891743]  <TASK>
[   44.891852]  asm_sysvec_apic_timer_interrupt+0x1f/0x30
[   44.892101] RIP: 0010:pv_native_safe_halt+0x22/0x30
[   44.892337] Code: 90 90 90 90 90 90 90 90 f3 0f 1e fa 55 48 89 e5 0f 1f 44 00 00 eb 0c 0f 1f 44 00 00 0f 00 2d 95 51 1a 00 0f 1f 44 00 00 fb f4 <5d> c3 cc cc cc cc 0f 1f 84 00 00 00 00 00 90 90 90 90 90 90 90 90
[   44.893165] RSP: 0018:ffff888016227960 EFLAGS: 00000246
[   44.893411] RAX: 0000000000000001 RBX: 0000000000000003 RCX: 1ffffffff0e2822d
[   44.893744] RDX: 0000000000000000 RSI: 0000000000000003 RDI: ffffffff813d9047
[   44.894075] RBP: ffff888016227960 R08: 0000000000000000 R09: 0000000000000000
[   44.894410] R10: ffffffff883256e7 R11: 6162206b63617473 R12: ffff888016ce4000
[   44.894742] R13: 0000000000000003 R14: 0000000000000003 R15: ffffed1002d9c800
[   44.895075]  ? kvm_wait+0x147/0x190
[   44.895252]  kvm_wait+0x14c/0x190
[   44.895417]  __pv_queued_spin_lock_slowpath+0xbda/0xe90
[   44.895674]  ? __pfx___pv_queued_spin_lock_slowpath+0x10/0x10
[   44.895949]  ? asm_sysvec_spurious_apic_interrupt+0x20/0x30
[   44.896214]  ? debug_locks_off+0x2b/0x90
[   44.896409]  ? spin_bug+0x1f/0x1f0
[   44.896581]  do_raw_spin_lock+0x1f9/0x280
[   44.896775]  ? __pfx_do_raw_spin_lock+0x10/0x10
[   44.896996]  ? lock_acquire+0x180/0x2f0
[   44.897192]  _raw_spin_lock+0x40/0x50
[   44.897376]  ? swap_free_hibernation_slot+0x13e/0x2a0
[   44.897619]  swap_free_hibernation_slot+0x13e/0x2a0
[   44.897853]  ? __pfx_swap_free_hibernation_slot+0x10/0x10
[   44.898112]  ? __pfx___fsnotify_parent+0x10/0x10
[   44.898339]  ? lock_is_held_type+0xef/0x150
[   44.898542]  ? locks_remove_file+0x3b4/0x5d0
[   44.898752]  ? __pfx_snapshot_release+0x10/0x10
[   44.898974]  free_all_swap_pages+0xdd/0x160
[   44.899181]  ? __pfx_snapshot_release+0x10/0x10
[   44.899404]  snapshot_release+0xac/0x200
[   44.899599]  __fput+0x41f/0xb70
[   44.899762]  ____fput+0x22/0x30
[   44.899921]  task_work_run+0x19e/0x2b0
[   44.900111]  ? __pfx_task_work_run+0x10/0x10
[   44.900323]  ? nsproxy_free+0x2ce/0x5b0
[   44.900514]  ? switch_task_namespaces+0x118/0x130
[   44.900743]  do_exit+0x8a3/0x28a0
[   44.900909]  ? do_group_exit+0x1d8/0x2c0
[   44.901103]  ? __pfx_do_exit+0x10/0x10
[   44.901292]  ? __this_cpu_preempt_check+0x21/0x30
[   44.901520]  ? _raw_spin_unlock_irq+0x2c/0x60
[   44.901733]  ? lockdep_hardirqs_on+0x85/0x110
[   44.901946]  ? _raw_spin_unlock_irq+0x2c/0x60
[   44.902162]  ? trace_hardirqs_on+0x26/0x130
[   44.902367]  do_group_exit+0xe4/0x2c0
[   44.902550]  __x64_sys_exit_group+0x4d/0x60
[   44.902756]  x64_sys_call+0x21a2/0x21b0
[   44.902946]  do_syscall_64+0x6d/0x1180
[   44.903133]  entry_SYSCALL_64_after_hwframe+0x76/0x7e
[   44.903376] RIP: 0033:0x7f65b5518a4d
[   44.903552] Code: Unable to access opcode bytes at 0x7f65b5518a23.
[   44.903842] RSP: 002b:00007ffd2f753298 EFLAGS: 00000246 ORIG_RAX: 00000000000000e7
[   44.904194] RAX: ffffffffffffffda RBX: 00007f65b55f69e0 RCX: 00007f65b5518a4d
[   44.904527] RDX: 00000000000000e7 RSI: ffffffffffffff80 RDI: 0000000000000001
[   44.904857] RBP: 0000000000000001 R08: 0000000000000000 R09: 0000000000000020
[   44.905187] R10: 00007ffd2f753140 R11: 0000000000000246 R12: 00007f65b55f69e0
[   44.905522] R13: 00007f65b55fbf00 R14: 0000000000000001 R15: 00007f65b55fbee8
[   44.905857]  </TASK>
[   44.906171] Kernel Offset: disabled
[   44.906352] ---[ end Kernel panic - not syncing: softlockup: hung tasks ]---
