c[?7l[2J[0mSeaBIOS (version rel-1.16.0-0-gd239552ce722-prebuilt.qemu.org)


iPXE (http://ipxe.org) 00:03.0 CA00 PCI2.10 PnP PMM+7FF91000+7FEF1000 CA00
Press Ctrl-B to configure iPXE (PCI 00:03.0)...                                                                               


Booting from ROM...
c[?7l[2J[    0.000000] Linux version 6.19.0-rc5-dc8343fa367f+ (root@p-arls02) (gcc (GCC) 11.5.0 20240719 (Red Hat 11.5.0-14), GNU ld version 2.35.2-69.el9) #1 SMP PREEMPT_DYNAMIC Wed Jan 14 11:40:56 CST 2026
[    0.000000] Command line: console=ttyS0 root=/dev/sda earlyprintk=serial net.ifnames=0 plymouth.enable=0
[    0.000000] KERNEL supported cpus:
[    0.000000]   Intel GenuineIntel
[    0.000000]   AMD AuthenticAMD
[    0.000000]   Hygon HygonGenuine
[    0.000000]   Centaur CentaurHauls
[    0.000000]   zhaoxin   Shanghai  
[    0.000000] x86/CPU: Model not found in latest microcode list
[    0.000000] x86/split lock detection: #DB: warning on user-space bus_locks
[    0.000000] BIOS-provided physical RAM map:
[    0.000000] BIOS-e820: [mem 0x0000000000000000-0x000000000009fbff] usable
[    0.000000] BIOS-e820: [mem 0x000000000009fc00-0x000000000009ffff] reserved
[    0.000000] BIOS-e820: [mem 0x00000000000f0000-0x00000000000fffff] reserved
[    0.000000] BIOS-e820: [mem 0x0000000000100000-0x000000007ffdffff] usable
[    0.000000] BIOS-e820: [mem 0x000000007ffe0000-0x000000007fffffff] reserved
[    0.000000] BIOS-e820: [mem 0x00000000feffc000-0x00000000feffffff] reserved
[    0.000000] BIOS-e820: [mem 0x00000000fffc0000-0x00000000ffffffff] reserved
[    0.000000] printk: legacy bootconsole [earlyser0] enabled
[    0.000000] NX (Execute Disable) protection: active
[    0.000000] APIC: Static calls initialized
[    0.000000] SMBIOS 2.8 present.
[    0.000000] DMI: QEMU Standard PC (i440FX + PIIX, 1996), BIOS rel-1.16.0-0-gd239552ce722-prebuilt.qemu.org 04/01/2014
[    0.000000] DMI: Memory slots populated: 1/1
[    0.000000] Hypervisor detected: KVM
[    0.000000] last_pfn = 0x7ffe0 max_arch_pfn = 0x400000000
[    0.000000] kvm-clock: Using msrs 4b564d01 and 4b564d00
[    0.000002] kvm-clock: using sched offset of 688984288 cycles
[    0.000372] clocksource: kvm-clock: mask: 0xffffffffffffffff max_cycles: 0x1cd42e4dffb, max_idle_ns: 881590591483 ns
[    0.001516] tsc: Detected 1267.200 MHz processor
[    0.007341] last_pfn = 0x7ffe0 max_arch_pfn = 0x400000000
[    0.007751] MTRR map: 4 entries (3 fixed + 1 variable; max 19), built from 8 variable MTRRs
[    0.008342] x86/PAT: Configuration [0-7]: WB  WC  UC- UC  WB  WP  UC- WT  
[    0.016370] found SMP MP-table at [mem 0x000f5ba0-0x000f5baf]
[    0.016805] Using GB pages for direct mapping
[    0.018773] ACPI: Early table checksum verification disabled
[    0.019169] ACPI: RSDP 0x00000000000F59C0 000014 (v00 BOCHS )
[    0.019584] ACPI: RSDT 0x000000007FFE1951 000034 (v01 BOCHS  BXPC     00000001 BXPC 00000001)
[    0.020203] ACPI: FACP 0x000000007FFE17FD 000074 (v01 BOCHS  BXPC     00000001 BXPC 00000001)
[    0.020813] ACPI: DSDT 0x000000007FFE0040 0017BD (v01 BOCHS  BXPC     00000001 BXPC 00000001)
[    0.021424] ACPI: FACS 0x000000007FFE0000 000040
[    0.021758] ACPI: APIC 0x000000007FFE1871 000080 (v01 BOCHS  BXPC     00000001 BXPC 00000001)
[    0.022367] ACPI: HPET 0x000000007FFE18F1 000038 (v01 BOCHS  BXPC     00000001 BXPC 00000001)
[    0.022979] ACPI: WAET 0x000000007FFE1929 000028 (v01 BOCHS  BXPC     00000001 BXPC 00000001)
[    0.023583] ACPI: Reserving FACP table memory at [mem 0x7ffe17fd-0x7ffe1870]
[    0.024084] ACPI: Reserving DSDT table memory at [mem 0x7ffe0040-0x7ffe17fc]
[    0.024577] ACPI: Reserving FACS table memory at [mem 0x7ffe0000-0x7ffe003f]
[    0.025074] ACPI: Reserving APIC table memory at [mem 0x7ffe1871-0x7ffe18f0]
[    0.025566] ACPI: Reserving HPET table memory at [mem 0x7ffe18f1-0x7ffe1928]
[    0.026060] ACPI: Reserving WAET table memory at [mem 0x7ffe1929-0x7ffe1950]
[    0.026963] No NUMA configuration found
[    0.027238] Faking a node at [mem 0x0000000000000000-0x000000007ffdffff]
[    0.027732] NODE_DATA(0) allocated [mem 0x7ffb4ec0-0x7ffdfcbf]
[    0.147586] KernelAddressSanitizer initialized (generic)
[    0.148255] ACPI: PM-Timer IO Port: 0x608
[    0.148564] ACPI: LAPIC_NMI (acpi_id[0xff] dfl dfl lint[0x1])
[    0.149016] IOAPIC[0]: apic_id 0, version 17, address 0xfec00000, GSI 0-23
[    0.149511] ACPI: INT_SRC_OVR (bus 0 bus_irq 0 global_irq 2 dfl dfl)
[    0.149961] ACPI: INT_SRC_OVR (bus 0 bus_irq 5 global_irq 5 high level)
[    0.150425] ACPI: INT_SRC_OVR (bus 0 bus_irq 9 global_irq 9 high level)
[    0.150888] ACPI: INT_SRC_OVR (bus 0 bus_irq 10 global_irq 10 high level)
[    0.151366] ACPI: INT_SRC_OVR (bus 0 bus_irq 11 global_irq 11 high level)
[    0.151850] ACPI: Using ACPI (MADT) for SMP configuration information
[    0.152302] ACPI: HPET id: 0x8086a201 base: 0xfed00000
[    0.152672] TSC deadline timer available
[    0.152951] CPU topo: Max. logical packages:   1
[    0.153278] CPU topo: Max. logical dies:       1
[    0.153599] CPU topo: Max. dies per package:   1
[    0.153923] CPU topo: Max. threads per core:   1
[    0.154250] CPU topo: Num. cores per package:     2
[    0.154589] CPU topo: Num. threads per package:   2
[    0.154932] CPU topo: Allowing 2 present CPUs plus 0 hotplug CPUs
[    0.155408] kvm-guest: APIC: eoi() replaced with kvm_guest_apic_eoi_write()
[    0.155926] kvm-guest: KVM setup pv remote TLB flush
[    0.156279] kvm-guest: setup PV sched yield
[    0.156604] PM: hibernation: Registered nosave memory: [mem 0x00000000-0x00000fff]
[    0.157139] PM: hibernation: Registered nosave memory: [mem 0x0009f000-0x000fffff]
[    0.157674] [mem 0x80000000-0xfeffbfff] available for PCI devices
[    0.158102] Booting paravirtualized kernel on KVM
[    0.158437] clocksource: refined-jiffies: mask: 0xffffffff max_cycles: 0xffffffff, max_idle_ns: 7645519600211568 ns
[    0.159221] Zone ranges:
[    0.159402]   DMA      [mem 0x0000000000001000-0x0000000000ffffff]
[    0.159838]   DMA32    [mem 0x0000000001000000-0x000000007ffdffff]
[    0.160276]   Normal   empty
[    0.160482]   Device   empty
[    0.160687] Movable zone start for each node
[    0.160995] Early memory node ranges
[    0.161247]   node   0: [mem 0x0000000000001000-0x000000000009efff]
[    0.161685]   node   0: [mem 0x0000000000100000-0x000000007ffdffff]
[    0.162130] Initmem setup node 0 [mem 0x0000000000001000-0x000000007ffdffff]
[    0.162883] On node 0, zone DMA: 1 pages in unavailable ranges
[    0.163428] On node 0, zone DMA: 97 pages in unavailable ranges
[    0.184311] On node 0, zone DMA32: 32 pages in unavailable ranges
[    0.184777] setup_percpu: NR_CPUS:8192 nr_cpumask_bits:2 nr_cpu_ids:2 nr_node_ids:1
[    0.185680] percpu: Embedded 81 pages/cpu s294912 r8192 d28672 u1048576
[    0.186297] kvm-guest: PV spinlocks enabled
[    0.186604] PV qspinlock hash table entries: 256 (order: 0, 4096 bytes, linear)
[    0.187137] Kernel command line: net.ifnames=0 console=ttyS0 root=/dev/sda earlyprintk=serial net.ifnames=0 plymouth.enable=0
[    0.188193] random: crng init done
[    0.188437] printk: log buffer data + meta data: 262144 + 917504 = 1179648 bytes
[    0.189258] Dentry cache hash table entries: 262144 (order: 9, 2097152 bytes, linear)
[    0.190103] Inode-cache hash table entries: 131072 (order: 8, 1048576 bytes, linear)
[    0.190898] Fallback order for Node 0: 0 
[    0.190906] Built 1 zonelists, mobility grouping on.  Total pages: 524158
[    0.191644] Policy zone: DMA32
[    0.191854] mem auto-init: stack:off, heap alloc:off, heap free:off
[    0.192279] stackdepot: allocating hash table via alloc_large_system_hash
[    0.192743] stackdepot hash table entries: 1048576 (order: 12, 16777216 bytes, linear)
[    0.195678] stackdepot: allocating space for 8192 stack pools via memblock
[    0.220477] SLUB: HWalign=64, Order=0-3, MinObjects=0, CPUs=2, Nodes=1
[    0.220924] kmemleak: Kernel memory leak detector disabled
[    0.255405] ftrace: allocating 75283 entries in 296 pages
[    0.255784] ftrace: allocated 296 pages with 3 groups
[    0.260129] Dynamic Preempt: voluntary
[    0.260819] Running RCU self tests
[    0.261043] Running RCU synchronous self tests
[    0.261344] rcu: Preemptible hierarchical RCU implementation.
[    0.261738] rcu: 	RCU lockdep checking is enabled.
[    0.262067] rcu: 	RCU restricting CPUs from NR_CPUS=8192 to nr_cpu_ids=2.
[    0.262528] 	Trampoline variant of Tasks RCU enabled.
[    0.262868] 	Rude variant of Tasks RCU enabled.
[    0.263176] 	Tracing variant of Tasks RCU enabled.
[    0.263503] rcu: RCU calculated value of scheduler-enlistment delay is 25 jiffies.
[    0.264021] rcu: Adjusting geometry for rcu_fanout_leaf=16, nr_cpu_ids=2
[    0.264546] Running RCU synchronous self tests
[    0.264856] RCU Tasks: Setting shift to 1 and lim to 1 rcu_task_cb_adjust=1 rcu_task_cpu_ids=2.
[    0.265455] RCU Tasks Rude: Setting shift to 1 and lim to 1 rcu_task_cb_adjust=1 rcu_task_cpu_ids=2.
[    0.266081] RCU Tasks Trace: Setting shift to 1 and lim to 1 rcu_task_cb_adjust=1 rcu_task_cpu_ids=2.
[    0.325129] NR_IRQS: 524544, nr_irqs: 440, preallocated irqs: 16
[    0.326025] rcu: srcu_init: Setting srcu_struct sizes based on contention.
[    0.332292] Console: colour VGA+ 80x25
[    0.332606] printk: legacy console [ttyS0] enabled
[    0.332606] printk: legacy console [ttyS0] enabled
[    0.333263] printk: legacy bootconsole [earlyser0] disabled
[    0.333263] printk: legacy bootconsole [earlyser0] disabled
[    0.334047] Lock dependency validator: Copyright (c) 2006 Red Hat, Inc., Ingo Molnar
[    0.334581] ... MAX_LOCKDEP_SUBCLASSES:  8
[    0.334872] ... MAX_LOCK_DEPTH:          48
[    0.335174] ... MAX_LOCKDEP_KEYS:        8192
[    0.335482] ... CLASSHASH_SIZE:          4096
[    0.335794] ... MAX_LOCKDEP_ENTRIES:     524288
[    0.336115] ... MAX_LOCKDEP_CHAINS:      524288
[    0.336435] ... CHAINHASH_SIZE:          262144
[    0.336754]  memory used by lock dependency info: 54145 kB
[    0.337141]  memory used for stack traces: 4224 kB
[    0.337483]  per task-struct memory footprint: 1920 bytes
[    0.337927] ACPI: Core revision 20250807
[    0.338530] clocksource: hpet: mask: 0xffffffff max_cycles: 0xffffffff, max_idle_ns: 19112604467 ns
[    0.339307] APIC: Switch to symmetric I/O mode setup
[    0.339858] x2apic enabled
[    0.340365] APIC: Switched APIC routing to: physical x2apic
[    0.340766] kvm-guest: APIC: send_IPI_mask() replaced with kvm_send_ipi_mask()
[    0.341287] kvm-guest: APIC: send_IPI_mask_allbutself() replaced with kvm_send_ipi_mask_allbutself()
[    0.341928] kvm-guest: setup PV IPIs
[    0.343069] ..TIMER: vector=0x30 apic1=0 pin1=2 apic2=-1 pin2=-1
[    0.343533] clocksource: tsc-early: mask: 0xffffffffffffffff max_cycles: 0x12441513526, max_idle_ns: 440795239872 ns
[    0.344277] Calibrating delay loop (skipped) preset value.. 2534.40 BogoMIPS (lpj=5068800)
[    0.345000] CPU0: Thermal monitoring enabled (TM1)
[    0.345352] x86/cpu: User Mode Instruction Prevention (UMIP) activated
[    0.345896] Last level iTLB entries: 4KB 0, 2MB 0, 4MB 0
[    0.346272] Last level dTLB entries: 4KB 0, 2MB 0, 4MB 0, 1GB 0
[    0.346709] mitigations: Enabled attack vectors: user_kernel, user_user, guest_host, guest_guest, SMT mitigations: auto
[    0.348288] Speculative Store Bypass: Mitigation: Speculative Store Bypass disabled via prctl
[    0.348880] Spectre V2 : Mitigation: Enhanced / Automatic IBRS
[    0.349288] ITS: Mitigation: Aligned branch/return thunks
[    0.349664] Spectre V1 : Mitigation: usercopy/swapgs barriers and __user pointer sanitization
[    0.350261] Spectre V2 : WARNING: Unprivileged eBPF is enabled with eIBRS on, data leaks possible via Spectre v2 BHB attacks!
[    0.351038] Spectre V2 : Spectre v2 / PBRSB-eIBRS: Retire a single CALL on VMEXIT
[    0.351540] Spectre V2 : mitigation: Enabling conditional Indirect Branch Prediction Barrier
[    0.352281] active return thunk: its_return_thunk
[    0.352629] Spectre V2 : Spectre BHI mitigation: SW BHB clearing on syscall and VM exit
[    0.353186] x86/fpu: Supporting XSAVE feature 0x001: 'x87 floating point registers'
[    0.353717] x86/fpu: Supporting XSAVE feature 0x002: 'SSE registers'
[    0.354165] x86/fpu: Supporting XSAVE feature 0x004: 'AVX registers'
[    0.354605] x86/fpu: Supporting XSAVE feature 0x200: 'Protection Keys User registers'
[    0.355151] x86/fpu: xstate_offset[2]:  576, xstate_sizes[2]:  256
[    0.355581] x86/fpu: xstate_offset[9]:  832, xstate_sizes[9]:    8
[    0.356013] x86/fpu: Enabled xstate features 0x207, context size is 840 bytes, using 'compacted' format.
[    0.473728] Freeing SMP alternatives memory: 64K
[    0.474067] pid_max: default: 32768 minimum: 301
[    0.474677] Yama: becoming mindful.
[    0.475261] Mount-cache hash table entries: 4096 (order: 3, 32768 bytes, linear)
[    0.475777] Mountpoint-cache hash table entries: 4096 (order: 3, 32768 bytes, linear)
[    0.477517] Running RCU synchronous self tests
[    0.477838] Running RCU synchronous self tests
[    0.478374] smpboot: CPU0: Genuine Intel(R) 0000 @ (family: 0x6, model: 0xc6, stepping: 0x0)
[    0.479555] Performance Events: unsupported CPU family 6 model 198 no PMU driver, software events only.
[    0.480250] signal: max sigframe size: 3632
[    0.480266] rcu: Hierarchical SRCU implementation.
[    0.480266] rcu: 	Max phase no-delay instances is 1000.
[    0.480266] Timer migration: 1 hierarchy levels; 8 children per group; 1 crossnode level
[    0.496668] NMI watchdog: Perf NMI watchdog permanently disabled
[    0.497229] smp: Bringing up secondary CPUs ...
[    0.498142] smpboot: x86: Booting SMP configuration:
[    0.498500] .... node  #0, CPUs:      #1
[    0.498834] smp: Brought up 1 node, 2 CPUs
[    0.500290] smpboot: Total of 2 processors activated (5068.80 BogoMIPS)
[    0.501444] Memory: 1538728K/2096632K available (80982K kernel code, 15710K rwdata, 18820K rodata, 16424K init, 69848K bss, 546452K reserved, 0K cma-reserved)
[    0.503055] devtmpfs: initialized
[    0.504380] x86/mm: Memory block size: 128MB
[    0.513435] Running RCU synchronous self tests
[    0.513435] Running RCU synchronous self tests
[    0.516411] Running RCU Tasks wait API self tests
[    0.516738] Running RCU Tasks Rude wait API self tests
[    0.516738] Running RCU Tasks Trace wait API self tests
[    0.536331] clocksource: jiffies: mask: 0xffffffff max_cycles: 0xffffffff, max_idle_ns: 7645041785100000 ns
[    0.540320] posixtimers hash table entries: 1024 (order: 5, 73728 bytes, linear)
[    0.540854] futex hash table entries: 512 (65536 bytes on 1 NUMA nodes, total 64 KiB, linear).
[    0.542857] 
[    0.542977] *************************************************************
[    0.543445] **     NOTICE NOTICE NOTICE NOTICE NOTICE NOTICE NOTICE    **
[    0.543911] **                                                         **
[    0.544272] **  IOMMU DebugFS SUPPORT HAS BEEN ENABLED IN THIS KERNEL  **
[    0.544735] **                                                         **
[    0.545201] ** This means that this kernel is built to expose internal **
[    0.545663] ** IOMMU data structures, which may compromise security on **
[    0.546126] ** your system.                                            **
[    0.546590] **                                                         **
[    0.547054] ** If you see this message and you are not debugging the   **
[    0.547520] ** kernel, report this immediately to your vendor!         **
[    0.547984] **                                                         **
[    0.548269] **     NOTICE NOTICE NOTICE NOTICE NOTICE NOTICE NOTICE    **
[    0.548734] *************************************************************
[    0.549262] PM: RTC time: 03:43:47, date: 2026-01-14
[    0.554804] NET: Registered PF_NETLINK/PF_ROUTE protocol family
[    0.556509] DMA: preallocated 256 KiB GFP_KERNEL pool for atomic allocations
[    0.557023] DMA: preallocated 256 KiB GFP_KERNEL|GFP_DMA pool for atomic allocations
[    0.557570] DMA: preallocated 256 KiB GFP_KERNEL|GFP_DMA32 pool for atomic allocations
[    0.558191] audit: initializing netlink subsys (disabled)
[    0.558602] audit: type=2000 audit(1768362227.847:1): state=initialized audit_enabled=0 res=1
[    0.558602] thermal_sys: Registered thermal governor 'fair_share'
[    0.558602] thermal_sys: Registered thermal governor 'bang_bang'
[    0.558602] thermal_sys: Registered thermal governor 'step_wise'
[    0.558602] thermal_sys: Registered thermal governor 'user_space'
[    0.560288] cpuidle: using governor ladder
[    0.561058] cpuidle: using governor menu
[    0.561058] acpiphp: ACPI Hot Plug PCI Controller Driver version: 0.5
[    0.562066] PCI: Using configuration type 1 for base access
[    0.564556] kprobes: kprobe jump-optimization is enabled. All kprobes are optimized if possible.
[    0.604355] Callback from call_rcu_tasks_trace() invoked.
[    0.688492] HugeTLB: registered 1.00 GiB page size, pre-allocated 0 pages
[    0.689030] HugeTLB: 16380 KiB vmemmap can be freed for a 1.00 GiB page
[    0.689522] HugeTLB: registered 2.00 MiB page size, pre-allocated 0 pages
[    0.690025] HugeTLB: 28 KiB vmemmap can be freed for a 2.00 MiB page
[    0.753285] ACPI: Added _OSI(Module Device)
[    0.753647] ACPI: Added _OSI(Processor Device)
[    0.753964] ACPI: Added _OSI(Processor Aggregator Device)
[    0.767400] ACPI: 1 ACPI AML tables successfully acquired and loaded
[    0.782563] ACPI: Interpreter enabled
[    0.782974] ACPI: PM: (supports S0 S3 S4 S5)
[    0.783296] ACPI: Using IOAPIC for interrupt routing
[    0.784407] PCI: Using host bridge windows from ACPI; if necessary, use "pci=nocrs" and report a bug
[    0.785094] PCI: Using E820 reservations for host bridge windows
[    0.786595] ACPI: Enabled 2 GPEs in block 00 to 0F
[    0.823388] ACPI: PCI Root Bridge [PCI0] (domain 0000 [bus 00-ff])
[    0.824292] acpi PNP0A03:00: _OSC: OS supports [ASPM ClockPM Segments MSI EDR HPX-Type3]
[    0.824922] acpi PNP0A03:00: _OSC: not requesting OS control; OS requires [ExtendedConfig ASPM ClockPM MSI]
[    0.825791] acpi PNP0A03:00: fail to add MMCONFIG information, can't access extended configuration space under this bridge
[    0.830591] acpiphp: Slot [3] registered
[    0.831014] acpiphp: Slot [4] registered
[    0.831424] acpiphp: Slot [5] registered
[    0.831839] acpiphp: Slot [6] registered
[    0.832253] acpiphp: Slot [7] registered
[    0.832382] acpiphp: Slot [8] registered
[    0.832793] acpiphp: Slot [9] registered
[    0.833204] acpiphp: Slot [10] registered
[    0.833645] acpiphp: Slot [11] registered
[    0.834064] acpiphp: Slot [12] registered
[    0.834480] acpiphp: Slot [13] registered
[    0.834902] acpiphp: Slot [14] registered
[    0.835319] acpiphp: Slot [15] registered
[    0.835739] acpiphp: Slot [16] registered
[    0.836156] acpiphp: Slot [17] registered
[    0.836386] acpiphp: Slot [18] registered
[    0.836803] acpiphp: Slot [19] registered
[    0.837224] acpiphp: Slot [20] registered
[    0.837642] acpiphp: Slot [21] registered
[    0.838062] acpiphp: Slot [22] registered
[    0.838481] acpiphp: Slot [23] registered
[    0.838897] acpiphp: Slot [24] registered
[    0.839316] acpiphp: Slot [25] registered
[    0.839737] acpiphp: Slot [26] registered
[    0.840153] acpiphp: Slot [27] registered
[    0.840381] acpiphp: Slot [28] registered
[    0.840799] acpiphp: Slot [29] registered
[    0.841221] acpiphp: Slot [30] registered
[    0.841635] acpiphp: Slot [31] registered
[    0.841997] PCI host bridge to bus 0000:00
[    0.842357] pci_bus 0000:00: root bus resource [io  0x0000-0x0cf7 window]
[    0.842874] pci_bus 0000:00: root bus resource [io  0x0d00-0xffff window]
[    0.843391] pci_bus 0000:00: root bus resource [mem 0x000a0000-0x000bffff window]
[    0.843958] pci_bus 0000:00: root bus resource [mem 0x80000000-0xfebfffff window]
[    0.844273] pci_bus 0000:00: root bus resource [mem 0x100000000-0x17fffffff window]
[    0.844855] pci_bus 0000:00: root bus resource [bus 00-ff]
[    0.845360] pci 0000:00:00.0: [8086:1237] type 00 class 0x060000 conventional PCI endpoint
[    0.853709] pci 0000:00:01.0: [8086:7000] type 00 class 0x060100 conventional PCI endpoint
[    0.855499] pci 0000:00:01.1: [8086:7010] type 00 class 0x010180 conventional PCI endpoint
[    0.856573] pci 0000:00:01.1: BAR 4 [io  0xc040-0xc04f]
[    0.857003] pci 0000:00:01.1: BAR 0 [io  0x01f0-0x01f7]: legacy IDE quirk
[    0.857514] pci 0000:00:01.1: BAR 1 [io  0x03f6]: legacy IDE quirk
[    0.857992] pci 0000:00:01.1: BAR 2 [io  0x0170-0x0177]: legacy IDE quirk
[    0.858505] pci 0000:00:01.1: BAR 3 [io  0x0376]: legacy IDE quirk
[    0.859417] pci 0000:00:01.3: [8086:7113] type 00 class 0x068000 conventional PCI endpoint
[    0.860300] pci 0000:00:01.3: quirk: [io  0x0600-0x063f] claimed by PIIX4 ACPI
[    0.860854] pci 0000:00:01.3: quirk: [io  0x0700-0x070f] claimed by PIIX4 SMB
[    0.861851] pci 0000:00:02.0: [1234:1111] type 00 class 0x030000 conventional PCI endpoint
[    0.873086] pci 0000:00:02.0: BAR 0 [mem 0xfd000000-0xfdffffff pref]
[    0.873619] pci 0000:00:02.0: BAR 2 [mem 0xfebf0000-0xfebf0fff]
[    0.874096] pci 0000:00:02.0: ROM [mem 0xfebe0000-0xfebeffff pref]
[    0.874732] pci 0000:00:02.0: Video device with shadowed ROM at [mem 0x000c0000-0x000dffff]
[    0.882648] pci 0000:00:03.0: [8086:100e] type 00 class 0x020000 conventional PCI endpoint
[    0.884282] pci 0000:00:03.0: BAR 0 [mem 0xfebc0000-0xfebdffff]
[    0.884746] pci 0000:00:03.0: BAR 1 [io  0xc000-0xc03f]
[    0.885183] pci 0000:00:03.0: ROM [mem 0xfeb80000-0xfebbffff pref]
[    0.903812] ACPI: PCI: Interrupt link LNKA configured for IRQ 10
[    0.905087] ACPI: PCI: Interrupt link LNKB configured for IRQ 10
[    0.906299] ACPI: PCI: Interrupt link LNKC configured for IRQ 11
[    0.907512] ACPI: PCI: Interrupt link LNKD configured for IRQ 11
[    0.908295] ACPI: PCI: Interrupt link LNKS configured for IRQ 9
[    0.912539] iommu: Default domain type: Translated
[    0.912777] iommu: DMA domain TLB invalidation policy: lazy mode
[    0.916466] SCSI subsystem initialized
[    0.920571] ACPI: bus type USB registered
[    0.921140] usbcore: registered new interface driver usbfs
[    0.921648] usbcore: registered new interface driver hub
[    0.922113] usbcore: registered new device driver usb
[    0.922808] pps_core: LinuxPPS API ver. 1 registered
[    0.923190] pps_core: Software ver. 5.3.6 - Copyright 2005-2007 Rodolfo Giometti <giometti@linux.it>
[    0.923912] PTP clock support registered
[    0.932554] EDAC MC: Ver: 3.0.0
[    0.935741] NetLabel: Initializing
[    0.936009] NetLabel:  domain hash size = 128
[    0.936275] NetLabel:  protocols = UNLABELED CIPSOv4 CALIPSO
[    0.936828] NetLabel:  unlabeled traffic allowed by default
[    0.937802] PCI: Using ACPI for IRQ routing
[    0.938473] pci 0000:00:02.0: vgaarb: setting as boot VGA device
[    0.938948] pci 0000:00:02.0: vgaarb: bridge control possible
[    0.939390] pci 0000:00:02.0: vgaarb: VGA device added: decodes=io+mem,owns=io+mem,locks=none
[    0.940039] vgaarb: loaded
[    0.944716] hpet0: at MMIO 0xfed00000, IRQs 2, 8, 0
[    0.945117] hpet0: 3 comparators, 64-bit 100.000000 MHz counter
[    0.950267] clocksource: Switched to clocksource kvm-clock
[    2.896517] VFS: Disk quotas dquot_6.6.0
[    2.896867] VFS: Dquot-cache hash table entries: 512 (order 0, 4096 bytes)
[    2.899328] pnp: PnP ACPI init
[    2.910850] pnp: PnP ACPI: found 6 devices
[    2.949704] clocksource: acpi_pm: mask: 0xffffff max_cycles: 0xffffff, max_idle_ns: 2085701024 ns
[    2.950800] NET: Registered PF_INET protocol family
[    2.951499] IP idents hash table entries: 32768 (order: 6, 262144 bytes, linear)
[    2.953289] tcp_listen_portaddr_hash hash table entries: 1024 (order: 5, 73728 bytes, linear)
[    2.953993] Table-perturb hash table entries: 65536 (order: 6, 262144 bytes, linear)
[    2.954651] TCP established hash table entries: 16384 (order: 5, 131072 bytes, linear)
[    2.955511] TCP bind hash table entries: 16384 (order: 10, 2359296 bytes, linear)
[    2.958326] TCP: Hash tables configured (established 16384 bind 16384)
[    2.958980] UDP hash table entries: 1024 (order: 6, 262144 bytes, linear)
[    2.959659] UDP-Lite hash table entries: 1024 (order: 6, 262144 bytes, linear)
[    2.960610] NET: Registered PF_UNIX/PF_LOCAL protocol family
[    2.962647] RPC: Registered named UNIX socket transport module.
[    2.963104] RPC: Registered udp transport module.
[    2.963447] RPC: Registered tcp transport module.
[    2.963782] RPC: Registered tcp-with-tls transport module.
[    2.964174] RPC: Registered tcp NFSv4.1 backchannel transport module.
[    2.964654] pci_bus 0000:00: resource 4 [io  0x0000-0x0cf7 window]
[    2.965099] pci_bus 0000:00: resource 5 [io  0x0d00-0xffff window]
[    2.965543] pci_bus 0000:00: resource 6 [mem 0x000a0000-0x000bffff window]
[    2.966050] pci_bus 0000:00: resource 7 [mem 0x80000000-0xfebfffff window]
[    2.966544] pci_bus 0000:00: resource 8 [mem 0x100000000-0x17fffffff window]
[    2.967343] pci 0000:00:01.0: PIIX3: Enabling Passive Release
[    2.967752] pci 0000:00:00.0: Limiting direct PCI/PCI transfers
[    2.968250] PCI: CLS 0 bytes, default 64
[    2.968631] ACPI: bus type thunderbolt registered
[    2.969363] clocksource: tsc: mask: 0xffffffffffffffff max_cycles: 0x12441513526, max_idle_ns: 440795239872 ns
[    2.973957] Callback from call_rcu_tasks() invoked.
[    2.976402] Initialise system trusted keyrings
[    2.976817] Key type blacklist registered
[    2.977576] workingset: timestamp_bits=36 max_order=19 bucket_order=0
[    2.979968] squashfs: version 4.0 (2009/01/31) Phillip Lougher
[    2.981996] NFS: Registering the id_resolver key type
[    2.982384] Key type id_resolver registered
[    2.982699] Key type id_legacy registered
[    2.983036] nfs4filelayout_init: NFSv4 File Layout Driver Registering...
[    2.983548] nfs4flexfilelayout_init: NFSv4 Flexfile Layout Driver Registering...
[    2.984789] fuse: init (API version 7.45)
[    2.985723] SGI XFS with ACLs, security attributes, realtime, quota, no debug enabled
[    2.988639] 9p: Installing v9fs 9p2000 file system support
[    2.998886] Key type asymmetric registered
[    2.999192] Asymmetric key parser 'x509' registered
[    2.999729] Block layer SCSI generic (bsg) driver version 0.4 loaded (major 241)
[    3.001038] io scheduler mq-deadline registered
[    3.001504] io scheduler bfq registered
[    3.002930] ledtrig-cpu: registered to indicate activity on CPUs
[    3.004746] IPMI message handler: version 39.2
[    3.005160] ipmi device interface
[    3.007582] input: Power Button as /devices/LNXSYSTM:00/LNXPWRBN:00/input/input0
[    3.008556] ACPI: button: Power Button [PWRF]
[    3.011230] ERST DBG: ERST support is disabled.
[    3.013117] Serial: 8250/16550 driver, 32 ports, IRQ sharing enabled
[    3.015020] 00:04: ttyS0 at I/O 0x3f8 (irq = 4, base_baud = 115200) is a 16550A
[    3.050829] Linux agpgart interface v0.103
[    3.054023] ACPI: bus type drm_connector registered
[    3.081191] brd: module loaded
[    3.097110] loop: module loaded
[    3.111813] scsi host0: ata_piix
[    3.113739] scsi host1: ata_piix
[    3.114455] ata1: PATA max MWDMA2 cmd 0x1f0 ctl 0x3f6 bmdma 0xc040 irq 14 lpm-pol 0
[    3.114976] ata2: PATA max MWDMA2 cmd 0x170 ctl 0x376 bmdma 0xc048 irq 15 lpm-pol 0
[    3.118775] tun: Universal TUN/TAP device driver, 1.6
[    3.119983] e100: Intel(R) PRO/100 Network Driver
[    3.120320] e100: Copyright(c) 1999-2006 Intel Corporation
[    3.120825] e1000: Intel(R) PRO/1000 Network Driver
[    3.121164] e1000: Copyright (c) 1999-2006 Intel Corporation.
[    3.273965] ata1: found unknown device (class 0)
[    3.274613] ata2: found unknown device (class 0)
[    3.275562] ata2.00: ATAPI: QEMU DVD-ROM, 2.5+, max UDMA/100
[    3.276479] ata1.00: ATA-7: QEMU HARDDISK, 2.5+, max UDMA/100
[    3.276893] ata1.00: 17196647 sectors, multi 16: LBA48 
[    3.283026] scsi 0:0:0:0: Direct-Access     ATA      QEMU HARDDISK    2.5+ PQ: 0 ANSI: 5
[    3.285905] sd 0:0:0:0: Attached scsi generic sg0 type 0
[    3.286545] sd 0:0:0:0: [sda] 17196647 512-byte logical blocks: (8.80 GB/8.20 GiB)
[    3.287742] scsi 1:0:0:0: CD-ROM            QEMU     QEMU DVD-ROM     2.5+ PQ: 0 ANSI: 5
[    3.288501] sd 0:0:0:0: [sda] Write Protect is off
[    3.289217] sd 0:0:0:0: [sda] Write cache: enabled, read cache: enabled, doesn't support DPO or FUA
[    3.290474] sd 0:0:0:0: [sda] Preferred minimum I/O size 512 bytes
[    3.307767] scsi 1:0:0:0: Attached scsi generic sg1 type 5
[    3.310558] sd 0:0:0:0: [sda] Attached SCSI disk
[    3.697085] ACPI: \_SB_.LNKC: Enabled at IRQ 11
[    4.005209] e1000 0000:00:03.0 eth0: (PCI:33MHz:32-bit) 52:54:00:12:34:56
[    4.005741] e1000 0000:00:03.0 eth0: Intel(R) PRO/1000 Network Connection
[    4.006397] e1000e: Intel(R) PRO/1000 Network Driver
[    4.006736] e1000e: Copyright(c) 1999 - 2015 Intel Corporation.
[    4.007276] igb: Intel(R) Gigabit Ethernet Network Driver
[    4.007653] igb: Copyright (c) 2007-2014 Intel Corporation.
[    4.008370] PPP generic driver version 2.4.2
[    4.010412] VFIO - User Level meta-driver version: 0.3
[    4.012814] usbcore: registered new interface driver uas
[    4.013311] usbcore: registered new interface driver usb-storage
[    4.013984] i8042: PNP: PS/2 Controller [PNP0303:KBD,PNP0f13:MOU] at 0x60,0x64 irq 1,12
[    4.015500] serio: i8042 KBD port at 0x60,0x64 irq 1
[    4.015900] serio: i8042 AUX port at 0x60,0x64 irq 12
[    4.018187] mousedev: PS/2 mouse device common for all mice
[    4.020120] input: AT Translated Set 2 keyboard as /devices/platform/i8042/serio0/input/input1
[    4.021986] rtc_cmos 00:05: RTC can wake from S4
[    4.022214] input: VirtualPS/2 VMware VMMouse as /devices/platform/i8042/serio1/input/input4
[    4.024130] rtc_cmos 00:05: registered as rtc0
[    4.024207] input: VirtualPS/2 VMware VMMouse as /devices/platform/i8042/serio1/input/input3
[    4.024570] rtc_cmos 00:05: setting system clock to 2026-01-14T03:43:50 UTC (1768362230)
[    4.025935] rtc_cmos 00:05: alarms up to one day, y3k, 242 bytes nvram, hpet irqs
[    4.026553] i2c_dev: i2c /dev entries driver
[    4.027132] device-mapper: core: CONFIG_IMA_DISABLE_HTABLE is disabled. Duplicate IMA measurements will not be recorded in the IMA log.
[    4.028023] device-mapper: uevent: version 1.0.3
[    4.028984] device-mapper: ioctl: 4.50.0-ioctl (2025-04-28) initialised: dm-devel@lists.linux.dev
[    4.029706] intel_pstate: CPU model not supported
[    4.030324] sdhci: Secure Digital Host Controller Interface driver
[    4.030751] sdhci: Copyright(c) Pierre Ossman
[    4.031253] sdhci-pltfm: SDHCI platform and OF driver helper
[    4.032166] drop_monitor: Initializing network drop monitor service
[    4.033018] NET: Registered PF_INET6 protocol family
[    4.035366] Segment Routing with IPv6
[    4.035718] In-situ OAM (IOAM) with IPv6
[    4.036029] NET: Registered PF_PACKET protocol family
[    4.037032] 9pnet: Installing 9P2000 support
[    4.037522] Key type dns_resolver registered
[    4.039925] IPI shorthand broadcast: enabled
[    4.087554] sched_clock: Marking stable (4072007617, 13775929)->(4126586425, -40802879)
[    4.089326] registered taskstats version 1
[    4.090172] Loading compiled-in X.509 certificates
[    4.196293] Demotion targets for Node 0: null
[    4.198433] Key type .fscrypt registered
[    4.198739] Key type fscrypt-provisioning registered
[    4.202653] Key type encrypted registered
[    4.202975] ima: No TPM chip found, activating TPM-bypass!
[    4.203387] ima: Allocated hash algorithm: sha1
[    4.203757] ima: No architecture policies found
[    4.204218] evm: Initialising EVM extended attributes:
[    4.204590] evm: security.selinux
[    4.204833] evm: security.SMACK64
[    4.205073] evm: security.SMACK64EXEC
[    4.205340] evm: security.SMACK64TRANSMUTE
[    4.205635] evm: security.SMACK64MMAP
[    4.205919] evm: security.apparmor
[    4.206171] evm: security.ima
[    4.206388] evm: security.capability
[    4.206647] evm: HMAC attrs: 0x1
[    4.209215] PM:   Magic number: 10:21:715
[    4.210700] RAS: Correctable Errors collector initialized.
[    4.211270] clk: Disabling unused clocks
[    4.211833] PM: genpd: Disabling unused power domains
[    4.213077] check access for rdinit=/init failed: -2, ignoring
[    4.213361] md: Waiting for all devices to be available before autodetect
[    4.213670] md: If you don't use raid, use raid=noautodetect
[    4.214005] md: Autodetecting RAID arrays.
[    4.214212] md: autorun ...
[    4.214351] md: ... autorun DONE.
[    4.225609] EXT4-fs (sda): mounted filesystem 088740a9-c8b4-422c-999d-a804eb68a4da ro with ordered data mode. Quota mode: none.
[    4.226283] VFS: Mounted root (ext4 filesystem) readonly on device 8:0.
[    4.229284] devtmpfs: mounted
[    4.245804] Freeing unused decrypted memory: 2036K
[    4.251202] Freeing unused kernel image (initmem) memory: 16424K
[    4.251707] Write protecting the kernel read-only data: 102400k
[    4.254535] Freeing unused kernel image (text/rodata gap) memory: 936K
[    4.256856] Freeing unused kernel image (rodata/data gap) memory: 1660K
[    4.315172] x86/mm: Checked W+X mappings: passed, no W+X pages found.
[    4.315524] Run /sbin/init as init process
[    4.532960] systemd[1]: systemd 252-15.el9 running in system mode (+PAM +AUDIT +SELINUX -APPARMOR +IMA +SMACK +SECCOMP +GCRYPT +GNUTLS +OPENSSL +ACL +BLKID +CURL +ELFUTILS -FIDO2 +IDN2 -IDN -IPTC +KMOD +LIBCRYPTSETUP +LIBFDISK +PCRE2 -PWQUALITY +P11KIT -QRENCODE +TPM2 +BZIP2 +LZ4 +XZ +ZLIB +ZSTD -BPF_FRAMEWORK +XKBCOMMON +UTMP +SYSVINIT default-hierarchy=unified)
[    4.534485] systemd[1]: Detected virtualization kvm.
[    4.534727] systemd[1]: Detected architecture x86-64.

Welcome to [0;31mCentOS Stream 9[0m!

[    4.542264] systemd[1]: Hostname set to <test>.
[    4.727431] systemd-rc-local-generator[120]: /etc/rc.d/rc.local is not marked executable, skipping.
[    5.071435] systemd[1]: Queued start job for default target Multi-User System.
[    5.096362] systemd[1]: Created slice Virtual Machine and Container Slice.
[[0;32m  OK  [0m] Created slice [0;1;39mVirtual Machine and Container Slice[0m.
[    5.100390] systemd[1]: Created slice Slice /system/getty.
[[0;32m  OK  [0m] Created slice [0;1;39mSlice /system/getty[0m.
[    5.102596] systemd[1]: Created slice Slice /system/modprobe.
[[0;32m  OK  [0m] Created slice [0;1;39mSlice /system/modprobe[0m.
[    5.104760] systemd[1]: Created slice Slice /system/serial-getty.
[[0;32m  OK  [0m] Created slice [0;1;39mSlice /system/serial-getty[0m.
[    5.106947] systemd[1]: Created slice Slice /system/sshd-keygen.
[[0;32m  OK  [0m] Created slice [0;1;39mSlice /system/sshd-keygen[0m.
[    5.108933] systemd[1]: Created slice User and Session Slice.
[[0;32m  OK  [0m] Created slice [0;1;39mUser and Session Slice[0m.
[    5.110169] systemd[1]: Started Forward Password Requests to Wall Directory Watch.
[[0;32m  OK  [0m] Started [0;1;39mForward Password R…uests to Wall Directory Watch[0m.
[    5.111889] systemd[1]: Set up automount Arbitrary Executable File Formats File System Automount Point.
[[0;32m  OK  [0m] Set up automount [0;1;39mArbitrary…s File System Automount Point[0m.
[    5.112974] systemd[1]: Reached target Local Integrity Protected Volumes.
[[0;32m  OK  [0m] Reached target [0;1;39mLocal Integrity Protected Volumes[0m.
[    5.113877] systemd[1]: Reached target Slice Units.
[[0;32m  OK  [0m] Reached target [0;1;39mSlice Units[0m.
[    5.114540] systemd[1]: Reached target Swaps.
[[0;32m  OK  [0m] Reached target [0;1;39mSwaps[0m.
[    5.115140] systemd[1]: Reached target Local Verity Protected Volumes.
[[0;32m  OK  [0m] Reached target [0;1;39mLocal Verity Protected Volumes[0m.
[    5.116209] systemd[1]: Listening on Device-mapper event daemon FIFOs.
[[0;32m  OK  [0m] Listening on [0;1;39mDevice-mapper event daemon FIFOs[0m.
[    5.117479] systemd[1]: Listening on LVM2 poll daemon socket.
[[0;32m  OK  [0m] Listening on [0;1;39mLVM2 poll daemon socket[0m.
[    5.118479] systemd[1]: multipathd control socket was skipped because of an unmet condition check (ConditionPathExists=/etc/multipath.conf).
[    5.142261] systemd[1]: Listening on RPCbind Server Activation Socket.
[[0;32m  OK  [0m] Listening on [0;1;39mRPCbind Server Activation Socket[0m.
[    5.143294] systemd[1]: Reached target RPC Port Mapper.
[[0;32m  OK  [0m] Reached target [0;1;39mRPC Port Mapper[0m.
[    5.147264] systemd[1]: Listening on Process Core Dump Socket.
[[0;32m  OK  [0m] Listening on [0;1;39mProcess Core Dump Socket[0m.
[    5.148410] systemd[1]: Listening on initctl Compatibility Named Pipe.
[[0;32m  OK  [0m] Listening on [0;1;39minitctl Compatibility Named Pipe[0m.
[    5.149696] systemd[1]: Listening on Journal Socket (/dev/log).
[[0;32m  OK  [0m] Listening on [0;1;39mJournal Socket (/dev/log)[0m.
[    5.150955] systemd[1]: Listening on Journal Socket.
[[0;32m  OK  [0m] Listening on [0;1;39mJournal Socket[0m.
[    5.152160] systemd[1]: Listening on udev Control Socket.
[[0;32m  OK  [0m] Listening on [0;1;39mudev Control Socket[0m.
[    5.153177] systemd[1]: Listening on udev Kernel Socket.
[[0;32m  OK  [0m] Listening on [0;1;39mudev Kernel Socket[0m.
[    5.182911] systemd[1]: Mounting Huge Pages File System...
         Mounting [0;1;39mHuge Pages File System[0m...
[    5.188587] systemd[1]: Mounting POSIX Message Queue File System...
         Mounting [0;1;39mPOSIX Message Queue File System[0m...
[    5.197601] systemd[1]: Mounting Kernel Debug File System...
         Mounting [0;1;39mKernel Debug File System[0m...
[    5.205924] systemd[1]: Mounting Kernel Trace File System...
         Mounting [0;1;39mKernel Trace File System[0m...
[    5.207488] systemd[1]: Kernel Module supporting RPCSEC_GSS was skipped because of an unmet condition check (ConditionPathExists=/etc/krb5.keytab).
[    5.208259] systemd[1]: Create List of Static Device Nodes was skipped because of an unmet condition check (ConditionFileNotEmpty=/lib/modules/6.19.0-rc5-dc8343fa367f+/modules.devname).
[    5.214795] systemd[1]: Starting Monitoring of LVM2 mirrors, snapshots etc. using dmeventd or progress polling...
         Starting [0;1;39mMonitoring of LVM…meventd or progress polling[0m...
[    5.220771] systemd[1]: Starting Load Kernel Module configfs...
         Starting [0;1;39mLoad Kernel Module configfs[0m...
[    5.227596] systemd[1]: Starting Load Kernel Module drm...
         Starting [0;1;39mLoad Kernel Module drm[0m...
[    5.241053] systemd[1]: Starting Load Kernel Module fuse...
         Starting [0;1;39mLoad Kernel Module fuse[0m...
[    5.250336] systemd[1]: Starting Read and set NIS domainname from /etc/sysconfig/network...
         Starting [0;1;39mRead and set NIS …from /etc/sysconfig/network[0m...
[    5.260032] systemd[1]: Starting Journal Service...
         Starting [0;1;39mJournal Service[0m...
[    5.270511] systemd[1]: Starting Load Kernel Modules...
         Starting [0;1;39mLoad Kernel Modules[0m...
[    5.283305] systemd[1]: Starting Generate network units from Kernel command line...
         Starting [0;1;39mGenerate network …ts from Kernel command line[0m...
[    5.310629] systemd[1]: Starting Remount Root and Kernel File Systems...
         Starting [0;1;39mRemount Root and Kernel File Systems[0m...
[    5.312113] systemd[1]: Repartition Root Disk was skipped because no trigger condition checks were met.
[    5.323918] systemd[1]: Starting Coldplug All udev Devices...
         Starting [0;1;39mColdplug All udev Devices[0m...
[    5.341046] systemd[1]: Mounted Huge Pages File System.
[[0;32m  OK  [0m] Mounted [0;1;39mHuge Pages File System[0m.
[    5.344252] systemd[1]: Mounted POSIX Message Queue File System.
[[0;32m  OK  [0m] Mounted [0;1;39mPOSIX Message Queue File System[0m.
[    5.346662] systemd[1]: Mounted Kernel Debug File System.
[[0;32m  OK  [0m] Mounted [0;1;39mKernel Debug File System[0m.
[    5.349895] systemd[1]: Mounted Kernel Trace File System.
[[0;32m  OK  [0m] Mounted [0;1;39mKernel Trace File System[0m.
[    5.352043] systemd[1]: Finished Monitoring of LVM2 mirrors, snapshots etc. using dmeventd or progress polling.
[[0;32m  OK  [0m] Finished [0;1;39mMonitoring of LVM… dmeventd or progress polling[0m.
[    5.355727] systemd[1]: modprobe@configfs.service: Deactivated successfully.
[    5.356927] systemd[1]: Finished Load Kernel Module configfs.
[[0;32m  OK  [0m] Finished [0;1;39mLoad Kernel Module configfs[0m.
[    5.359030] systemd[1]: modprobe@drm.service: Deactivated successfully.
[    5.360256] systemd[1]: Finished Load Kernel Module drm.
[[0;32m  OK  [0m] Finished [0;1;39mLoad Kernel Module drm[0m.
[    5.362692] systemd[1]: modprobe@fuse.service: Deactivated successfully.
[    5.363915] systemd[1]: Finished Load Kernel Module fuse.
[[0;32m  OK  [0m] Finished [0;1;39mLoad Kernel Module fuse[0m.
[    5.366947] systemd[1]: Finished Read and set NIS domainname from /etc/sysconfig/network.
[[0;32m  OK  [0m] Finished [0;1;39mRead and set NIS …e from /etc/sysconfig/network[0m.
[    5.368398] systemd[1]: systemd-modules-load.service: Main process exited, code=exited, status=1/FAILURE
[    5.369434] systemd[1]: systemd-modules-load.service: Failed with result 'exit-code'.
[    5.370940] systemd[1]: Failed to start Load Kernel Modules.
[[0;1;31mFAILED[0m] Failed to start [0;1;39mLoad Kernel Modules[0m.
See 'systemctl status systemd-modules-load.service' for details.
[    5.373219] systemd[1]: Finished Generate network units from Kernel command line.
[[0;32m  OK  [0m] Finished [0;1;39mGenerate network units from Kernel command line[0m.
[    5.375042] systemd[1]: Reached target Preparation for Network.
[    5.375711] EXT4-fs (sda): re-mounted 088740a9-c8b4-422c-999d-a804eb68a4da r/w.
[[0;32m  OK  [0m] Reached target [0;1;39mPreparation for Network[0m.
[    5.386875] systemd[1]: Mounting FUSE Control File System...
         Mounting [0;1;39mFUSE Control File System[0m...
[    5.402887] systemd[1]: Mounting Kernel Configuration File System...
         Mounting [0;1;39mKernel Configuration File System[0m...
[    5.434983] systemd[1]: Starting Apply Kernel Variables...
         Starting [0;1;39mApply Kernel Variables[0m...
[    5.444900] systemd[1]: Started Journal Service.
[[0;32m  OK  [0m] Started [0;1;39mJournal Service[0m.
[[0;32m  OK  [0m] Finished [0;1;39mRemount Root and Kernel File Systems[0m.
[[0;32m  OK  [0m] Mounted [0;1;39mFUSE Control File System[0m.
[[0;32m  OK  [0m] Mounted [0;1;39mKernel Configuration File System[0m.
         Starting [0;1;39mFlush Journal to Persistent Storage[0m...
         Starting [0;1;39mLoad/Save Random Seed[0m...
         Starting [0;1;39mCreate Static Device Nodes in /dev[0m...
[    5.508245] systemd-journald[144]: Received client request to flush runtime journal.
         Starting [0;1;39mSetup Virtual Console[0m...
[[0;32m  OK  [0m] Finished [0;1;39mApply Kernel Variables[0m.
[[0;32m  OK  [0m] Finished [0;1;39mFlush Journal to Persistent Storage[0m.
[[0;32m  OK  [0m] Finished [0;1;39mLoad/Save Random Seed[0m.
[[0;32m  OK  [0m] Finished [0;1;39mCreate Static Device Nodes in /dev[0m.
         Starting [0;1;39mRule-based Manage…for Device Events and Files[0m...
[[0;32m  OK  [0m] Started [0;1;39mRule-based Manager for Device Events and Files[0m.
         Starting [0;1;39mAuto-connect to s…E devices found during boot[0m...
[[0;32m  OK  [0m] Finished [0;1;39mColdplug All udev Devices[0m.
[[0;32m  OK  [0m] Finished [0;1;39mSetup Virtual Console[0m.
[[0;32m  OK  [0m] Finished [0;1;39mAuto-connect to s…VME devices found during boot[0m.
[[0;32m  OK  [0m] Started [0;1;39mDispatch Password …ts to Console Directory Watch[0m.
[[0;32m  OK  [0m] Reached target [0;1;39mLocal Encrypted Volumes[0m.
[[0;32m  OK  [0m] Reached target [0;1;39mPath Units[0m.
         Starting [0;1;39mWait for udev To …plete Device Initialization[0m...
[[0;32m  OK  [0m] Found device [0;1;39m/dev/ttyS0[0m.
[[0;32m  OK  [0m] Listening on [0;1;39mLoad/Save RF …itch Status /dev/rfkill Watch[0m.
[[0;32m  OK  [0m] Finished [0;1;39mWait for udev To Complete Device Initialization[0m.
[[0;32m  OK  [0m] Reached target [0;1;39mPreparation for Local File Systems[0m.
[[0;32m  OK  [0m] Reached target [0;1;39mLocal File Systems[0m.
         Starting [0;1;39mTell Plymouth To Write Out Runtime Data[0m...
         Starting [0;1;39mAutomatic Boot Loader Update[0m...
         Starting [0;1;39mCreate Volatile Files and Directories[0m...
[[0;32m  OK  [0m] Finished [0;1;39mTell Plymouth To Write Out Runtime Data[0m.
[[0;32m  OK  [0m] Finished [0;1;39mAutomatic Boot Loader Update[0m.
[[0;32m  OK  [0m] Finished [0;1;39mCreate Volatile Files and Directories[0m.
         Mounting [0;1;39mRPC Pipe File System[0m...
         Starting [0;1;39mSecurity Auditing Service[0m...
         Starting [0;1;39mRPC Bind[0m...
[[0;32m  OK  [0m] Mounted [0;1;39mRPC Pipe File System[0m.
[[0;32m  OK  [0m] Reached target [0;1;39mrpc_pipefs.target[0m.
[[0;32m  OK  [0m] Started [0;1;39mRPC Bind[0m.
[[0;32m  OK  [0m] Started [0;1;39mSecurity Auditing Service[0m.
         Starting [0;1;39mRecord System Boot/Shutdown in UTMP[0m...
[[0;32m  OK  [0m] Finished [0;1;39mRecord System Boot/Shutdown in UTMP[0m.
[[0;32m  OK  [0m] Reached target [0;1;39mSystem Initialization[0m.
[[0;32m  OK  [0m] Started [0;1;39mDaily rotation of log files[0m.
[[0;32m  OK  [0m] Started [0;1;39mUpdates mlocate database every day[0m.
[[0;32m  OK  [0m] Started [0;1;39mDaily Cleanup of Temporary Directories[0m.
[[0;32m  OK  [0m] Started [0;1;39mdaily update of the root trust anchor for DNSSEC[0m.
[[0;32m  OK  [0m] Reached target [0;1;39mTimer Units[0m.
[[0;32m  OK  [0m] Listening on [0;1;39mD-Bus System Message Bus Socket[0m.
[[0;32m  OK  [0m] Listening on [0;1;39mOpen-iSCSI iscsid Socket[0m.
[[0;32m  OK  [0m] Listening on [0;1;39mOpen-iSCSI iscsiuio Socket[0m.
[[0;32m  OK  [0m] Listening on [0;1;39mSSSD Kerberos…ache Manager responder socket[0m.
[[0;32m  OK  [0m] Listening on [0;1;39mLibvirt interface local socket[0m.
[[0;32m  OK  [0m] Listening on [0;1;39mVirtual machine lock manager socket[0m.
[[0;32m  OK  [0m] Listening on [0;1;39mVirtual machine log manager socket[0m.
[[0;32m  OK  [0m] Listening on [0;1;39mLibvirt network local socket[0m.
[[0;32m  OK  [0m] Listening on [0;1;39mLibvirt nodedev local socket[0m.
[[0;32m  OK  [0m] Listening on [0;1;39mLibvirt nwfilter local socket[0m.
[[0;32m  OK  [0m] Listening on [0;1;39mLibvirt proxy local socket[0m.
[[0;32m  OK  [0m] Listening on [0;1;39mLibvirt qemu local socket[0m.
[[0;32m  OK  [0m] Listening on [0;1;39mLibvirt qemu admin socket[0m.
[[0;32m  OK  [0m] Listening on [0;1;39mLibvirt qemu local read-only socket[0m.
[[0;32m  OK  [0m] Listening on [0;1;39mLibvirt secret local socket[0m.
[[0;32m  OK  [0m] Listening on [0;1;39mLibvirt storage local socket[0m.
[[0;32m  OK  [0m] Reached target [0;1;39mSocket Units[0m.
         Starting [0;1;39mD-Bus System Message Bus[0m...
[[0;32m  OK  [0m] Started [0;1;39mD-Bus System Message Bus[0m.
[[0;32m  OK  [0m] Reached target [0;1;39mBasic System[0m.
         Starting [0;1;39mNetwork Manager[0m...
         Starting [0;1;39mNTP client/server[0m...
         Starting [0;1;39mRestore /run/initramfs on shutdown[0m...
[[0;32m  OK  [0m] Started [0;1;39mirqbalance daemon[0m.
[[0;32m  OK  [0m] Started [0;1;39mlibstoragemgmt plug-in server daemon[0m.
[[0;32m  OK  [0m] Started [0;1;39mMachine Check Exception Logging Daemon[0m.
[[0;32m  OK  [0m] Reached target [0;1;39msshd-keygen.target[0m.
[[0;32m  OK  [0m] Reached target [0;1;39mUser and Group Name Lookups[0m.
         Starting [0;1;39mUser Login Management[0m...
         Starting [0;1;39mVirtual Machine a…tainer Registration Service[0m...
         Starting [0;1;39mupdate of the roo…NSSEC validation in unbound[0m...
         Starting [0;1;39mRotate log files[0m...
[[0;32m  OK  [0m] Started [0;1;39mUpdate a database for mlocate[0m.
[[0;32m  OK  [0m] Finished [0;1;39mRestore /run/initramfs on shutdown[0m.
[[0;32m  OK  [0m] Started [0;1;39mVirtual Machine an…ontainer Registration Service[0m.
[[0;32m  OK  [0m] Finished [0;1;39mupdate of the roo… DNSSEC validation in unbound[0m.
         Starting [0;1;39mHostname Service[0m...
[[0;32m  OK  [0m] Started [0;1;39mNTP client/server[0m.
[[0;32m  OK  [0m] Started [0;1;39mUser Login Management[0m.
[[0;32m  OK  [0m] Finished [0;1;39mRotate log files[0m.
[[0;32m  OK  [0m] Started [0;1;39mHostname Service[0m.
         Starting [0;1;39mNetwork Manager Script Dispatcher Service[0m...
[[0;32m  OK  [0m] Started [0;1;39mNetwork Manager Script Dispatcher Service[0m.
[    8.450456] e1000: eth0 NIC Link is Up 1000 Mbps Full Duplex, Flow Control: RX
[[0;32m  OK  [0m] Started [0;1;39mNetwork Manager[0m.
[[0;32m  OK  [0m] Reached target [0;1;39mNetwork[0m.
[[0;32m  OK  [0m] Reached target [0;1;39mNetwork is Online[0m.
         Starting [0;1;39mGSSAPI Proxy Daemon[0m...
         Starting [0;1;39mNotify NFS peers of a restart[0m...
         Starting [0;1;39mSystem Logging Service[0m...
         Starting [0;1;39mOpenSSH server daemon[0m...
         Starting [0;1;39mDynamic System Tuning Daemon[0m...
[[0;32m  OK  [0m] Started [0;1;39mNotify NFS peers of a restart[0m.
[[0;32m  OK  [0m] Started [0;1;39mOpenSSH server daemon[0m.
[[0;32m  OK  [0m] Started [0;1;39mGSSAPI Proxy Daemon[0m.
[[0;32m  OK  [0m] Reached target [0;1;39mNFS client services[0m.
[[0;32m  OK  [0m] Reached target [0;1;39mPreparation for Remote File Systems[0m.
[[0;32m  OK  [0m] Reached target [0;1;39mRemote File Systems[0m.
         Starting [0;1;39mPermit User Sessions[0m...
         Starting [0;1;39mVirtualization qemu daemon[0m...
[[0;32m  OK  [0m] Finished [0;1;39mPermit User Sessions[0m.
[[0;32m  OK  [0m] Started [0;1;39mDeferred execution scheduler[0m.
[[0;32m  OK  [0m] Started [0;1;39mCommand Scheduler[0m.
         Starting [0;1;39mHold until boot process finishes up[0m...
         Starting [0;1;39mTerminate Plymouth Boot Screen[0m...
[[0;32m  OK  [0m] Finished [0;1;39mHold until boot process finishes up[0m.
[[0;32m  OK  [0m] Started [0;1;39mGetty on tty1[0m.
[[0;32m  OK  [0m] Started [0;1;39mSerial Getty on ttyS0[0m.
[[0;32m  OK  [0m] Reached target [0;1;39mLogin Prompts[0m.
[[0;32m  OK  [0m] Started [0;1;39mSystem Logging Service[0m.
[[0;32m  OK  [0m] Started [0;1;39mVirtualization qemu daemon[0m.
[[0;32m  OK  [0m] Finished [0;1;39mTerminate Plymouth Boot Screen[0m.
         Starting [0;1;39mAuthorization Manager[0m...
[[0;32m  OK  [0m] Started [0;1;39mAuthorization Manager[0m.
[[0;32m  OK  [0m] Started [0;1;39mDynamic System Tuning Daemon[0m.
[[0;32m  OK  [0m] Reached target [0;1;39mMulti-User System[0m.
         Starting [0;1;39mRecord Runlevel Change in UTMP[0m...
[[0;32m  OK  [0m] Finished [0;1;39mRecord Runlevel Change in UTMP[0m.

CentOS Stream 9
Kernel 6.19.0-rc5-dc8343fa367f+ on an x86_64

Activate the web console with: systemctl enable --now cockpit.socket

test login: [   16.577048] Adding 124996k swap on ./swap-file.  Priority:0 extents:1 across:124996k 
[   16.611442] 
[   16.611694] ============================================
[   16.612326] WARNING: possible recursive locking detected
[   16.612947] 6.19.0-rc5-dc8343fa367f+ #1 Not tainted
[   16.613530] --------------------------------------------
[   16.614157] repro/726 is trying to acquire lock:
[   16.614710] ffff8880180e8018 (&cluster_info[i].lock){+.+.}-{3:3}, at: swap_free_hibernation_slot+0x13e/0x2a0
[   16.615890] 
[   16.615890] but task is already holding lock:
[   16.616578] ffff8880180e8018 (&cluster_info[i].lock){+.+.}-{3:3}, at: swap_free_hibernation_slot+0xfa/0x2a0
[   16.617717] 
[   16.617717] other info that might help us debug this:
[   16.618474]  Possible unsafe locking scenario:
[   16.618474] 
[   16.619177]        CPU0
[   16.619487]        ----
[   16.619792]   lock(&cluster_info[i].lock);
[   16.620292]   lock(&cluster_info[i].lock);
[   16.620787] 
[   16.620787]  *** DEADLOCK ***
[   16.620787] 
[   16.621485]  May be due to missing lock nesting notation
[   16.621485] 
[   16.622269] 2 locks held by repro/726:
[   16.622722]  #0: ffffffff8753eb48 (system_transition_mutex){+.+.}-{4:4}, at: lock_system_sleep+0x92/0xb0
[   16.623843]  #1: ffff8880180e8018 (&cluster_info[i].lock){+.+.}-{3:3}, at: swap_free_hibernation_slot+0xfa/0x2a0
[   16.624836] 
[   16.624836] stack backtrace:
[   16.625084] CPU: 1 UID: 0 PID: 726 Comm: repro Not tainted 6.19.0-rc5-dc8343fa367f+ #1 PREEMPT(voluntary) 
[   16.625094] Hardware name: QEMU Standard PC (i440FX + PIIX, 1996), BIOS rel-1.16.0-0-gd239552ce722-prebuilt.qemu.org 04/01/2014
[   16.625100] Call Trace:
[   16.625111]  <TASK>
[   16.625116]  dump_stack_lvl+0xea/0x150
[   16.625151]  dump_stack+0x19/0x20
[   16.625161]  print_deadlock_bug+0x22e/0x300
[   16.625176]  __lock_acquire+0x1325/0x2210
[   16.625193]  lock_acquire+0x170/0x2f0
[   16.625205]  ? swap_free_hibernation_slot+0x13e/0x2a0
[   16.625220]  _raw_spin_lock+0x38/0x50
[   16.625238]  ? swap_free_hibernation_slot+0x13e/0x2a0
[   16.625248]  swap_free_hibernation_slot+0x13e/0x2a0
[   16.625259]  ? __pfx_swap_free_hibernation_slot+0x10/0x10
[   16.625269]  ? locks_remove_file+0x487/0x780
[   16.625283]  ? __pfx_snapshot_release+0x10/0x10
[   16.625298]  free_all_swap_pages+0xdd/0x160
[   16.625310]  ? __pfx_snapshot_release+0x10/0x10
[   16.625322]  snapshot_release+0xac/0x200
[   16.625335]  __fput+0x41f/0xb70
[   16.625355]  ____fput+0x22/0x30
[   16.625366]  task_work_run+0x19e/0x2b0
[   16.625386]  ? __pfx_task_work_run+0x10/0x10
[   16.625398]  ? nsproxy_free+0x2ce/0x5b0
[   16.625409]  ? switch_task_namespaces+0x118/0x130
[   16.625420]  do_exit+0x869/0x2810
[   16.625439]  ? do_group_exit+0x1d8/0x2c0
[   16.625452]  ? __pfx_do_exit+0x10/0x10
[   16.625464]  ? __this_cpu_preempt_check+0x21/0x30
[   16.625472]  ? _raw_spin_unlock_irq+0x2c/0x60
[   16.625484]  ? lockdep_hardirqs_on+0x85/0x110
[   16.625498]  ? _raw_spin_unlock_irq+0x2c/0x60
[   16.625509]  ? trace_hardirqs_on+0x26/0x130
[   16.625526]  do_group_exit+0xe4/0x2c0
[   16.625539]  __x64_sys_exit_group+0x4d/0x60
[   16.625552]  x64_sys_call+0x21a2/0x21b0
[   16.625566]  do_syscall_64+0x6d/0x1180
[   16.625582]  entry_SYSCALL_64_after_hwframe+0x76/0x7e
[   16.625590] RIP: 0033:0x7ff7a4718a4d
[   16.625598] Code: Unable to access opcode bytes at 0x7ff7a4718a23.
[   16.625603] RSP: 002b:00007ffdd67cb1a8 EFLAGS: 00000246 ORIG_RAX: 00000000000000e7
[   16.625611] RAX: ffffffffffffffda RBX: 00007ff7a47f69e0 RCX: 00007ff7a4718a4d
[   16.625616] RDX: 00000000000000e7 RSI: ffffffffffffff80 RDI: 0000000000000001
[   16.625621] RBP: 0000000000000001 R08: 0000000000000000 R09: 0000000000000020
[   16.625626] R10: 00007ffdd67cb050 R11: 0000000000000246 R12: 00007ff7a47f69e0
[   16.625631] R13: 00007ff7a47fbf00 R14: 0000000000000001 R15: 00007ff7a47fbee8
[   16.625643]  </TASK>
[   44.496301] watchdog: BUG: soft lockup - CPU#1 stuck for 26s! [repro:726]
[   44.496326] Modules linked in:
[   44.496356] irq event stamp: 4509
[   44.496363] hardirqs last  enabled at (4509): [<ffffffff816f0e57>] __call_rcu_common.constprop.0+0x427/0x870
[   44.496389] hardirqs last disabled at (4508): [<ffffffff816f0e7f>] __call_rcu_common.constprop.0+0x44f/0x870
[   44.496401] softirqs last  enabled at (4156): [<ffffffff8148a1de>] __irq_exit_rcu+0x10e/0x170
[   44.496414] softirqs last disabled at (4149): [<ffffffff8148a1de>] __irq_exit_rcu+0x10e/0x170
[   44.496431] CPU: 1 UID: 0 PID: 726 Comm: repro Not tainted 6.19.0-rc5-dc8343fa367f+ #1 PREEMPT(voluntary) 
[   44.496443] Hardware name: QEMU Standard PC (i440FX + PIIX, 1996), BIOS rel-1.16.0-0-gd239552ce722-prebuilt.qemu.org 04/01/2014
[   44.496449] RIP: 0010:pv_native_safe_halt+0x22/0x30
[   44.496465] Code: 90 90 90 90 90 90 90 90 f3 0f 1e fa 55 48 89 e5 0f 1f 44 00 00 eb 0c 0f 1f 44 00 00 0f 00 2d 35 a1 19 00 0f 1f 44 00 00 fb f4 <5d> e9 c8 6f 03 00 0f 1f 84 00 00 00 00 00 90 90 90 90 90 90 90 90
[   44.496475] RSP: 0018:ffff8880163bf960 EFLAGS: 00000246
[   44.496482] RAX: 0000000000000001 RBX: 0000000000000003 RCX: 1ffffffff0e2842d
[   44.496488] RDX: 0000000000000000 RSI: 0000000000000003 RDI: ffffffff813d90b7
[   44.496494] RBP: ffff8880163bf960 R08: 0000000000000000 R09: 0000000000000000
[   44.496499] R10: ffffffff8834a7e7 R11: 6162206b63617473 R12: ffff8880180e8000
[   44.496505] R13: 0000000000000003 R14: 0000000000000003 R15: ffffed100301d000
[   44.496511] FS:  0000000000000000(0000) GS:ffff8880e3190000(0000) knlGS:0000000000000000
[   44.496518] CS:  0010 DS: 0000 ES: 0000 CR0: 0000000080050033
[   44.496524] CR2: 00007ff7a47fca50 CR3: 0000000007486004 CR4: 0000000000770ef0
[   44.496534] PKRU: 55555554
[   44.496538] Call Trace:
[   44.496541]  <TASK>
[   44.496548]  kvm_wait+0x14c/0x190
[   44.496570]  __pv_queued_spin_lock_slowpath+0xbda/0xe90
[   44.496583]  ? __pfx___pv_queued_spin_lock_slowpath+0x10/0x10
[   44.496598]  ? asm_sysvec_spurious_apic_interrupt+0x20/0x30
[   44.496610]  ? debug_locks_off+0x2b/0x90
[   44.496629]  ? spin_bug+0x1f/0x1f0
[   44.496641]  do_raw_spin_lock+0x1f9/0x280
[   44.496650]  ? __pfx_do_raw_spin_lock+0x10/0x10
[   44.496660]  ? lock_acquire+0x180/0x2f0
[   44.496676]  _raw_spin_lock+0x40/0x50
[   44.496698]  ? swap_free_hibernation_slot+0x13e/0x2a0
[   44.496711]  swap_free_hibernation_slot+0x13e/0x2a0
[   44.496722]  ? __pfx_swap_free_hibernation_slot+0x10/0x10
[   44.496734]  ? locks_remove_file+0x487/0x780
[   44.496752]  ? __pfx_snapshot_release+0x10/0x10
[   44.496766]  free_all_swap_pages+0xdd/0x160
[   44.496779]  ? __pfx_snapshot_release+0x10/0x10
[   44.496792]  snapshot_release+0xac/0x200
[   44.496805]  __fput+0x41f/0xb70
[   44.496822]  ____fput+0x22/0x30
[   44.496834]  task_work_run+0x19e/0x2b0
[   44.496850]  ? __pfx_task_work_run+0x10/0x10
[   44.496862]  ? nsproxy_free+0x2ce/0x5b0
[   44.496873]  ? switch_task_namespaces+0x118/0x130
[   44.496884]  do_exit+0x869/0x2810
[   44.496899]  ? do_group_exit+0x1d8/0x2c0
[   44.496913]  ? __pfx_do_exit+0x10/0x10
[   44.496925]  ? __this_cpu_preempt_check+0x21/0x30
[   44.496933]  ? _raw_spin_unlock_irq+0x2c/0x60
[   44.496946]  ? lockdep_hardirqs_on+0x85/0x110
[   44.496959]  ? _raw_spin_unlock_irq+0x2c/0x60
[   44.496972]  ? trace_hardirqs_on+0x26/0x130
[   44.496985]  do_group_exit+0xe4/0x2c0
[   44.496999]  __x64_sys_exit_group+0x4d/0x60
[   44.497013]  x64_sys_call+0x21a2/0x21b0
[   44.497022]  do_syscall_64+0x6d/0x1180
[   44.497036]  entry_SYSCALL_64_after_hwframe+0x76/0x7e
[   44.497045] RIP: 0033:0x7ff7a4718a4d
[   44.497054] Code: Unable to access opcode bytes at 0x7ff7a4718a23.
[   44.497058] RSP: 002b:00007ffdd67cb1a8 EFLAGS: 00000246 ORIG_RAX: 00000000000000e7
[   44.497067] RAX: ffffffffffffffda RBX: 00007ff7a47f69e0 RCX: 00007ff7a4718a4d
[   44.497073] RDX: 00000000000000e7 RSI: ffffffffffffff80 RDI: 0000000000000001
[   44.497078] RBP: 0000000000000001 R08: 0000000000000000 R09: 0000000000000020
[   44.497084] R10: 00007ffdd67cb050 R11: 0000000000000246 R12: 00007ff7a47f69e0
[   44.497089] R13: 00007ff7a47fbf00 R14: 0000000000000001 R15: 00007ff7a47fbee8
[   44.497103]  </TASK>
