c[?7l[2J[0mSeaBIOS (version rel-1.16.0-0-gd239552ce722-prebuilt.qemu.org)


iPXE (http://ipxe.org) 00:03.0 CA00 PCI2.10 PnP PMM+7FF91000+7FEF1000 CA00
Press Ctrl-B to configure iPXE (PCI 00:03.0)...                                                                               


Booting from ROM...
c[?7l[2J[    0.000000] Linux version 6.19.0-rc5-eb27913f85b6+ (root@p-arls02) (gcc (GCC) 11.5.0 20240719 (Red Hat 11.5.0-14), GNU ld version 2.35.2-69.el9) #1 SMP PREEMPT_DYNAMIC Wed Jan 14 11:16:05 CST 2026
[    0.000000] Command line: console=ttyS0 root=/dev/sda earlyprintk=serial net.ifnames=0 plymouth.enable=0
[    0.000000] KERNEL supported cpus:
[    0.000000]   Intel GenuineIntel
[    0.000000]   AMD AuthenticAMD
[    0.000000]   Hygon HygonGenuine
[    0.000000]   Centaur CentaurHauls
[    0.000000]   zhaoxin   Shanghai  
[    0.000000] x86/CPU: Model not found in latest microcode list
[    0.000000] x86/split lock detection: #DB: warning on user-space bus_locks
[    0.000000] BIOS-provided physical RAM map:
[    0.000000] BIOS-e820: [mem 0x0000000000000000-0x000000000009fbff] usable
[    0.000000] BIOS-e820: [mem 0x000000000009fc00-0x000000000009ffff] reserved
[    0.000000] BIOS-e820: [mem 0x00000000000f0000-0x00000000000fffff] reserved
[    0.000000] BIOS-e820: [mem 0x0000000000100000-0x000000007ffdffff] usable
[    0.000000] BIOS-e820: [mem 0x000000007ffe0000-0x000000007fffffff] reserved
[    0.000000] BIOS-e820: [mem 0x00000000feffc000-0x00000000feffffff] reserved
[    0.000000] BIOS-e820: [mem 0x00000000fffc0000-0x00000000ffffffff] reserved
[    0.000000] printk: legacy bootconsole [earlyser0] enabled
[    0.000000] NX (Execute Disable) protection: active
[    0.000000] APIC: Static calls initialized
[    0.000000] SMBIOS 2.8 present.
[    0.000000] DMI: QEMU Standard PC (i440FX + PIIX, 1996), BIOS rel-1.16.0-0-gd239552ce722-prebuilt.qemu.org 04/01/2014
[    0.000000] DMI: Memory slots populated: 1/1
[    0.000000] Hypervisor detected: KVM
[    0.000000] last_pfn = 0x7ffe0 max_arch_pfn = 0x400000000
[    0.000000] kvm-clock: Using msrs 4b564d01 and 4b564d00
[    0.000003] kvm-clock: using sched offset of 954334184 cycles
[    0.000392] clocksource: kvm-clock: mask: 0xffffffffffffffff max_cycles: 0x1cd42e4dffb, max_idle_ns: 881590591483 ns
[    0.001573] tsc: Detected 1267.200 MHz processor
[    0.007398] last_pfn = 0x7ffe0 max_arch_pfn = 0x400000000
[    0.007831] MTRR map: 4 entries (3 fixed + 1 variable; max 19), built from 8 variable MTRRs
[    0.008437] x86/PAT: Configuration [0-7]: WB  WC  UC- UC  WB  WP  UC- WT  
[    0.017607] found SMP MP-table at [mem 0x000f5ba0-0x000f5baf]
[    0.018082] Using GB pages for direct mapping
[    0.020064] ACPI: Early table checksum verification disabled
[    0.020474] ACPI: RSDP 0x00000000000F59C0 000014 (v00 BOCHS )
[    0.020915] ACPI: RSDT 0x000000007FFE1951 000034 (v01 BOCHS  BXPC     00000001 BXPC 00000001)
[    0.021549] ACPI: FACP 0x000000007FFE17FD 000074 (v01 BOCHS  BXPC     00000001 BXPC 00000001)
[    0.022190] ACPI: DSDT 0x000000007FFE0040 0017BD (v01 BOCHS  BXPC     00000001 BXPC 00000001)
[    0.022822] ACPI: FACS 0x000000007FFE0000 000040
[    0.023171] ACPI: APIC 0x000000007FFE1871 000080 (v01 BOCHS  BXPC     00000001 BXPC 00000001)
[    0.023801] ACPI: HPET 0x000000007FFE18F1 000038 (v01 BOCHS  BXPC     00000001 BXPC 00000001)
[    0.024429] ACPI: WAET 0x000000007FFE1929 000028 (v01 BOCHS  BXPC     00000001 BXPC 00000001)
[    0.025056] ACPI: Reserving FACP table memory at [mem 0x7ffe17fd-0x7ffe1870]
[    0.025573] ACPI: Reserving DSDT table memory at [mem 0x7ffe0040-0x7ffe17fc]
[    0.026086] ACPI: Reserving FACS table memory at [mem 0x7ffe0000-0x7ffe003f]
[    0.026602] ACPI: Reserving APIC table memory at [mem 0x7ffe1871-0x7ffe18f0]
[    0.027112] ACPI: Reserving HPET table memory at [mem 0x7ffe18f1-0x7ffe1928]
[    0.027621] ACPI: Reserving WAET table memory at [mem 0x7ffe1929-0x7ffe1950]
[    0.028560] No NUMA configuration found
[    0.028845] Faking a node at [mem 0x0000000000000000-0x000000007ffdffff]
[    0.029360] NODE_DATA(0) allocated [mem 0x7ffb4ec0-0x7ffdfcbf]
[    0.406998] KernelAddressSanitizer initialized (generic)
[    0.407717] ACPI: PM-Timer IO Port: 0x608
[    0.408072] ACPI: LAPIC_NMI (acpi_id[0xff] dfl dfl lint[0x1])
[    0.408569] IOAPIC[0]: apic_id 0, version 17, address 0xfec00000, GSI 0-23
[    0.409082] ACPI: INT_SRC_OVR (bus 0 bus_irq 0 global_irq 2 dfl dfl)
[    0.409540] ACPI: INT_SRC_OVR (bus 0 bus_irq 5 global_irq 5 high level)
[    0.410034] ACPI: INT_SRC_OVR (bus 0 bus_irq 9 global_irq 9 high level)
[    0.410512] ACPI: INT_SRC_OVR (bus 0 bus_irq 10 global_irq 10 high level)
[    0.411004] ACPI: INT_SRC_OVR (bus 0 bus_irq 11 global_irq 11 high level)
[    0.411508] ACPI: Using ACPI (MADT) for SMP configuration information
[    0.411981] ACPI: HPET id: 0x8086a201 base: 0xfed00000
[    0.412376] TSC deadline timer available
[    0.412672] CPU topo: Max. logical packages:   1
[    0.413009] CPU topo: Max. logical dies:       1
[    0.413347] CPU topo: Max. dies per package:   1
[    0.413686] CPU topo: Max. threads per core:   1
[    0.414026] CPU topo: Num. cores per package:     2
[    0.414380] CPU topo: Num. threads per package:   2
[    0.414738] CPU topo: Allowing 2 present CPUs plus 0 hotplug CPUs
[    0.415241] kvm-guest: APIC: eoi() replaced with kvm_guest_apic_eoi_write()
[    0.415806] kvm-guest: KVM setup pv remote TLB flush
[    0.416175] kvm-guest: setup PV sched yield
[    0.416525] PM: hibernation: Registered nosave memory: [mem 0x00000000-0x00000fff]
[    0.417088] PM: hibernation: Registered nosave memory: [mem 0x0009f000-0x000fffff]
[    0.417652] [mem 0x80000000-0xfeffbfff] available for PCI devices
[    0.418101] Booting paravirtualized kernel on KVM
[    0.418470] clocksource: refined-jiffies: mask: 0xffffffff max_cycles: 0xffffffff, max_idle_ns: 7645519600211568 ns
[    0.419342] Zone ranges:
[    0.419532]   DMA      [mem 0x0000000000001000-0x0000000000ffffff]
[    0.419988]   DMA32    [mem 0x0000000001000000-0x000000007ffdffff]
[    0.420443]   Normal   empty
[    0.420657]   Device   empty
[    0.420869] Movable zone start for each node
[    0.421191] Early memory node ranges
[    0.421456]   node   0: [mem 0x0000000000001000-0x000000000009efff]
[    0.421915]   node   0: [mem 0x0000000000100000-0x000000007ffdffff]
[    0.422381] Initmem setup node 0 [mem 0x0000000000001000-0x000000007ffdffff]
[    0.423574] On node 0, zone DMA: 1 pages in unavailable ranges
[    0.424262] On node 0, zone DMA: 97 pages in unavailable ranges
[    0.476316] On node 0, zone DMA32: 32 pages in unavailable ranges
[    0.476864] setup_percpu: NR_CPUS:8192 nr_cpumask_bits:2 nr_cpu_ids:2 nr_node_ids:1
[    0.479391] percpu: Embedded 81 pages/cpu s294912 r8192 d28672 u1048576
[    0.480041] kvm-guest: PV spinlocks enabled
[    0.480362] PV qspinlock hash table entries: 256 (order: 0, 4096 bytes, linear)
[    0.480909] Kernel command line: net.ifnames=0 console=ttyS0 root=/dev/sda earlyprintk=serial net.ifnames=0 plymouth.enable=0
[    0.482200] random: crng init done
[    0.482459] printk: log buffer data + meta data: 262144 + 917504 = 1179648 bytes
[    0.485086] Dentry cache hash table entries: 262144 (order: 9, 2097152 bytes, linear)
[    0.487161] Inode-cache hash table entries: 131072 (order: 8, 1048576 bytes, linear)
[    0.488113] Fallback order for Node 0: 0 
[    0.488123] Built 1 zonelists, mobility grouping on.  Total pages: 524158
[    0.488887] Policy zone: DMA32
[    0.489108] mem auto-init: stack:off, heap alloc:off, heap free:off
[    0.489548] stackdepot: allocating hash table via alloc_large_system_hash
[    0.490034] stackdepot hash table entries: 1048576 (order: 12, 16777216 bytes, linear)
[    0.506370] stackdepot: allocating space for 8192 stack pools via memblock
[    0.539924] SLUB: HWalign=64, Order=0-3, MinObjects=0, CPUs=2, Nodes=1
[    0.540437] kmemleak: Kernel memory leak detector disabled
[    0.577480] ftrace: allocating 75283 entries in 296 pages
[    0.577897] ftrace: allocated 296 pages with 3 groups
[    0.582614] Dynamic Preempt: voluntary
[    0.583333] Running RCU self tests
[    0.583571] Running RCU synchronous self tests
[    0.583887] rcu: Preemptible hierarchical RCU implementation.
[    0.584269] rcu: 	RCU lockdep checking is enabled.
[    0.584572] rcu: 	RCU restricting CPUs from NR_CPUS=8192 to nr_cpu_ids=2.
[    0.585029] 	Trampoline variant of Tasks RCU enabled.
[    0.585382] 	Rude variant of Tasks RCU enabled.
[    0.585698] 	Tracing variant of Tasks RCU enabled.
[    0.586034] rcu: RCU calculated value of scheduler-enlistment delay is 25 jiffies.
[    0.586568] rcu: Adjusting geometry for rcu_fanout_leaf=16, nr_cpu_ids=2
[    0.587117] Running RCU synchronous self tests
[    0.587439] RCU Tasks: Setting shift to 1 and lim to 1 rcu_task_cb_adjust=1 rcu_task_cpu_ids=2.
[    0.588059] RCU Tasks Rude: Setting shift to 1 and lim to 1 rcu_task_cb_adjust=1 rcu_task_cpu_ids=2.
[    0.588730] RCU Tasks Trace: Setting shift to 1 and lim to 1 rcu_task_cb_adjust=1 rcu_task_cpu_ids=2.
[    0.648290] NR_IRQS: 524544, nr_irqs: 440, preallocated irqs: 16
[    0.649231] rcu: srcu_init: Setting srcu_struct sizes based on contention.
[    0.655716] Console: colour VGA+ 80x25
[    0.656054] printk: legacy console [ttyS0] enabled
[    0.656054] printk: legacy console [ttyS0] enabled
[    0.656742] printk: legacy bootconsole [earlyser0] disabled
[    0.656742] printk: legacy bootconsole [earlyser0] disabled
[    0.657544] Lock dependency validator: Copyright (c) 2006 Red Hat, Inc., Ingo Molnar
[    0.658106] ... MAX_LOCKDEP_SUBCLASSES:  8
[    0.658406] ... MAX_LOCK_DEPTH:          48
[    0.658712] ... MAX_LOCKDEP_KEYS:        8192
[    0.659032] ... CLASSHASH_SIZE:          4096
[    0.659349] ... MAX_LOCKDEP_ENTRIES:     524288
[    0.659677] ... MAX_LOCKDEP_CHAINS:      524288
[    0.660010] ... CHAINHASH_SIZE:          262144
[    0.660344]  memory used by lock dependency info: 54145 kB
[    0.660740]  memory used for stack traces: 4224 kB
[    0.661090]  per task-struct memory footprint: 1920 bytes
[    0.661552] ACPI: Core revision 20250807
[    0.662201] clocksource: hpet: mask: 0xffffffff max_cycles: 0xffffffff, max_idle_ns: 19112604467 ns
[    0.663021] APIC: Switch to symmetric I/O mode setup
[    0.663524] x2apic enabled
[    0.664048] APIC: Switched APIC routing to: physical x2apic
[    0.664447] kvm-guest: APIC: send_IPI_mask() replaced with kvm_send_ipi_mask()
[    0.664977] kvm-guest: APIC: send_IPI_mask_allbutself() replaced with kvm_send_ipi_mask_allbutself()
[    0.665640] kvm-guest: setup PV IPIs
[    0.666799] ..TIMER: vector=0x30 apic1=0 pin1=2 apic2=-1 pin2=-1
[    0.667272] clocksource: tsc-early: mask: 0xffffffffffffffff max_cycles: 0x12441513526, max_idle_ns: 440795239872 ns
[    0.668050] Calibrating delay loop (skipped) preset value.. 2534.40 BogoMIPS (lpj=5068800)
[    0.668788] CPU0: Thermal monitoring enabled (TM1)
[    0.669152] x86/cpu: User Mode Instruction Prevention (UMIP) activated
[    0.669716] Last level iTLB entries: 4KB 0, 2MB 0, 4MB 0
[    0.670101] Last level dTLB entries: 4KB 0, 2MB 0, 4MB 0, 1GB 0
[    0.670573] mitigations: Enabled attack vectors: user_kernel, user_user, guest_host, guest_guest, SMT mitigations: auto
[    0.672061] Speculative Store Bypass: Mitigation: Speculative Store Bypass disabled via prctl
[    0.672712] Spectre V2 : Mitigation: Enhanced / Automatic IBRS
[    0.673154] ITS: Mitigation: Aligned branch/return thunks
[    0.673569] Spectre V1 : Mitigation: usercopy/swapgs barriers and __user pointer sanitization
[    0.674210] Spectre V2 : WARNING: Unprivileged eBPF is enabled with eIBRS on, data leaks possible via Spectre v2 BHB attacks!
[    0.675069] Spectre V2 : Spectre v2 / PBRSB-eIBRS: Retire a single CALL on VMEXIT
[    0.676040] Spectre V2 : mitigation: Enabling conditional Indirect Branch Prediction Barrier
[    0.676615] active return thunk: its_return_thunk
[    0.676949] Spectre V2 : Spectre BHI mitigation: SW BHB clearing on syscall and VM exit
[    0.677532] x86/fpu: Supporting XSAVE feature 0x001: 'x87 floating point registers'
[    0.678080] x86/fpu: Supporting XSAVE feature 0x002: 'SSE registers'
[    0.678533] x86/fpu: Supporting XSAVE feature 0x004: 'AVX registers'
[    0.678991] x86/fpu: Supporting XSAVE feature 0x200: 'Protection Keys User registers'
[    0.679550] x86/fpu: xstate_offset[2]:  576, xstate_sizes[2]:  256
[    0.680036] x86/fpu: xstate_offset[9]:  832, xstate_sizes[9]:    8
[    0.680479] x86/fpu: Enabled xstate features 0x207, context size is 840 bytes, using 'compacted' format.
[    0.811431] Freeing SMP alternatives memory: 64K
[    0.811825] pid_max: default: 32768 minimum: 301
[    0.812441] Yama: becoming mindful.
[    0.813082] Mount-cache hash table entries: 4096 (order: 3, 32768 bytes, linear)
[    0.813605] Mountpoint-cache hash table entries: 4096 (order: 3, 32768 bytes, linear)
[    0.815694] Running RCU synchronous self tests
[    0.816045] Running RCU synchronous self tests
[    0.816778] smpboot: CPU0: Genuine Intel(R) 0000 @ (family: 0x6, model: 0xc6, stepping: 0x0)
[    0.818335] Performance Events: unsupported CPU family 6 model 198 no PMU driver, software events only.
[    0.819117] signal: max sigframe size: 3632
[    0.819588] rcu: Hierarchical SRCU implementation.
[    0.820032] rcu: 	Max phase no-delay instances is 1000.
[    0.820032] Timer migration: 1 hierarchy levels; 8 children per group; 1 crossnode level
[    0.838001] NMI watchdog: Perf NMI watchdog permanently disabled
[    0.838712] smp: Bringing up secondary CPUs ...
[    0.840451] smpboot: x86: Booting SMP configuration:
[    0.840823] .... node  #0, CPUs:      #1
[    0.841021] smp: Brought up 1 node, 2 CPUs
[    0.841021] smpboot: Total of 2 processors activated (5068.80 BogoMIPS)
[    0.841927] Memory: 1538728K/2096632K available (80982K kernel code, 15710K rwdata, 18820K rodata, 16424K init, 69848K bss, 546452K reserved, 0K cma-reserved)
[    0.844977] devtmpfs: initialized
[    0.845097] x86/mm: Memory block size: 128MB
[    0.856861] Running RCU synchronous self tests
[    0.857263] Running RCU synchronous self tests
[    0.857602] Running RCU Tasks wait API self tests
[    0.857602] Running RCU Tasks Rude wait API self tests
[    0.857602] Running RCU Tasks Trace wait API self tests
[    0.880114] clocksource: jiffies: mask: 0xffffffff max_cycles: 0xffffffff, max_idle_ns: 7645041785100000 ns
[    0.880137] posixtimers hash table entries: 1024 (order: 5, 73728 bytes, linear)
[    0.881921] futex hash table entries: 512 (65536 bytes on 1 NUMA nodes, total 64 KiB, linear).
[    0.884412] 
[    0.884533] *************************************************************
[    0.885018] **     NOTICE NOTICE NOTICE NOTICE NOTICE NOTICE NOTICE    **
[    0.885503] **                                                         **
[    0.885986] **  IOMMU DebugFS SUPPORT HAS BEEN ENABLED IN THIS KERNEL  **
[    0.886475] **                                                         **
[    0.886960] ** This means that this kernel is built to expose internal **
[    0.887435] ** IOMMU data structures, which may compromise security on **
[    0.887922] ** your system.                                            **
[    0.888039] **                                                         **
[    0.888525] ** If you see this message and you are not debugging the   **
[    0.889010] ** kernel, report this immediately to your vendor!         **
[    0.889495] **                                                         **
[    0.889979] **     NOTICE NOTICE NOTICE NOTICE NOTICE NOTICE NOTICE    **
[    0.890472] *************************************************************
[    0.892051] PM: RTC time: 03:18:57, date: 2026-01-14
[    0.895610] NET: Registered PF_NETLINK/PF_ROUTE protocol family
[    0.897398] DMA: preallocated 256 KiB GFP_KERNEL pool for atomic allocations
[    0.897916] DMA: preallocated 256 KiB GFP_KERNEL|GFP_DMA pool for atomic allocations
[    0.898488] DMA: preallocated 256 KiB GFP_KERNEL|GFP_DMA32 pool for atomic allocations
[    0.899168] audit: initializing netlink subsys (disabled)
[    0.900206] audit: type=2000 audit(1768360738.089:1): state=initialized audit_enabled=0 res=1
[    0.902677] thermal_sys: Registered thermal governor 'fair_share'
[    0.902688] thermal_sys: Registered thermal governor 'bang_bang'
[    0.904053] thermal_sys: Registered thermal governor 'step_wise'
[    0.904986] thermal_sys: Registered thermal governor 'user_space'
[    0.906069] cpuidle: using governor ladder
[    0.908067] cpuidle: using governor menu
[    0.909667] acpiphp: ACPI Hot Plug PCI Controller Driver version: 0.5
[    0.910957] PCI: Using configuration type 1 for base access
[    0.912060] Callback from call_rcu_tasks_trace() invoked.
[    0.912113] kprobes: kprobe jump-optimization is enabled. All kprobes are optimized if possible.
[    0.916160] HugeTLB: registered 1.00 GiB page size, pre-allocated 0 pages
[    0.916732] HugeTLB: 16380 KiB vmemmap can be freed for a 1.00 GiB page
[    0.917244] HugeTLB: registered 2.00 MiB page size, pre-allocated 0 pages
[    0.917726] HugeTLB: 28 KiB vmemmap can be freed for a 2.00 MiB page
[    1.038007] ACPI: Added _OSI(Module Device)
[    1.038374] ACPI: Added _OSI(Processor Device)
[    1.038710] ACPI: Added _OSI(Processor Aggregator Device)
[    1.052534] ACPI: 1 ACPI AML tables successfully acquired and loaded
[    1.074446] ACPI: Interpreter enabled
[    1.074917] ACPI: PM: (supports S0 S3 S4 S5)
[    1.075259] ACPI: Using IOAPIC for interrupt routing
[    1.075259] PCI: Using host bridge windows from ACPI; if necessary, use "pci=nocrs" and report a bug
[    1.075259] PCI: Using E820 reservations for host bridge windows
[    1.075259] ACPI: Enabled 2 GPEs in block 00 to 0F
[    1.109286] ACPI: PCI Root Bridge [PCI0] (domain 0000 [bus 00-ff])
[    1.109831] acpi PNP0A03:00: _OSC: OS supports [ASPM ClockPM Segments MSI EDR HPX-Type3]
[    1.110463] acpi PNP0A03:00: _OSC: not requesting OS control; OS requires [ExtendedConfig ASPM ClockPM MSI]
[    1.111379] acpi PNP0A03:00: fail to add MMCONFIG information, can't access extended configuration space under this bridge
[    1.120191] acpiphp: Slot [3] registered
[    1.120642] acpiphp: Slot [4] registered
[    1.121067] acpiphp: Slot [5] registered
[    1.121491] acpiphp: Slot [6] registered
[    1.121906] acpiphp: Slot [7] registered
[    1.122345] acpiphp: Slot [8] registered
[    1.122765] acpiphp: Slot [9] registered
[    1.123192] acpiphp: Slot [10] registered
[    1.123613] acpiphp: Slot [11] registered
[    1.124064] acpiphp: Slot [12] registered
[    1.124483] acpiphp: Slot [13] registered
[    1.124905] acpiphp: Slot [14] registered
[    1.125326] acpiphp: Slot [15] registered
[    1.125773] acpiphp: Slot [16] registered
[    1.126206] acpiphp: Slot [17] registered
[    1.126634] acpiphp: Slot [18] registered
[    1.127066] acpiphp: Slot [19] registered
[    1.128094] acpiphp: Slot [20] registered
[    1.128566] acpiphp: Slot [21] registered
[    1.129008] acpiphp: Slot [22] registered
[    1.129443] acpiphp: Slot [23] registered
[    1.129898] acpiphp: Slot [24] registered
[    1.130334] acpiphp: Slot [25] registered
[    1.130780] acpiphp: Slot [26] registered
[    1.131219] acpiphp: Slot [27] registered
[    1.131684] acpiphp: Slot [28] registered
[    1.132119] acpiphp: Slot [29] registered
[    1.132562] acpiphp: Slot [30] registered
[    1.132998] acpiphp: Slot [31] registered
[    1.133407] PCI host bridge to bus 0000:00
[    1.133789] pci_bus 0000:00: root bus resource [io  0x0000-0x0cf7 window]
[    1.134332] pci_bus 0000:00: root bus resource [io  0x0d00-0xffff window]
[    1.134871] pci_bus 0000:00: root bus resource [mem 0x000a0000-0x000bffff window]
[    1.135465] pci_bus 0000:00: root bus resource [mem 0x80000000-0xfebfffff window]
[    1.136052] pci_bus 0000:00: root bus resource [mem 0x100000000-0x17fffffff window]
[    1.136660] pci_bus 0000:00: root bus resource [bus 00-ff]
[    1.137267] pci 0000:00:00.0: [8086:1237] type 00 class 0x060000 conventional PCI endpoint
[    1.146250] pci 0000:00:01.0: [8086:7000] type 00 class 0x060100 conventional PCI endpoint
[    1.148191] pci 0000:00:01.1: [8086:7010] type 00 class 0x010180 conventional PCI endpoint
[    1.149397] pci 0000:00:01.1: BAR 4 [io  0xc040-0xc04f]
[    1.149826] pci 0000:00:01.1: BAR 0 [io  0x01f0-0x01f7]: legacy IDE quirk
[    1.150359] pci 0000:00:01.1: BAR 1 [io  0x03f6]: legacy IDE quirk
[    1.150844] pci 0000:00:01.1: BAR 2 [io  0x0170-0x0177]: legacy IDE quirk
[    1.151377] pci 0000:00:01.1: BAR 3 [io  0x0376]: legacy IDE quirk
[    1.152381] pci 0000:00:01.3: [8086:7113] type 00 class 0x068000 conventional PCI endpoint
[    1.153295] pci 0000:00:01.3: quirk: [io  0x0600-0x063f] claimed by PIIX4 ACPI
[    1.153853] pci 0000:00:01.3: quirk: [io  0x0700-0x070f] claimed by PIIX4 SMB
[    1.154901] pci 0000:00:02.0: [1234:1111] type 00 class 0x030000 conventional PCI endpoint
[    1.172963] pci 0000:00:02.0: BAR 0 [mem 0xfd000000-0xfdffffff pref]
[    1.173706] pci 0000:00:02.0: BAR 2 [mem 0xfebf0000-0xfebf0fff]
[    1.174201] pci 0000:00:02.0: ROM [mem 0xfebe0000-0xfebeffff pref]
[    1.175115] pci 0000:00:02.0: Video device with shadowed ROM at [mem 0x000c0000-0x000dffff]
[    1.185491] pci 0000:00:03.0: [8086:100e] type 00 class 0x020000 conventional PCI endpoint
[    1.188082] pci 0000:00:03.0: BAR 0 [mem 0xfebc0000-0xfebdffff]
[    1.189122] pci 0000:00:03.0: BAR 1 [io  0xc000-0xc03f]
[    1.190229] pci 0000:00:03.0: ROM [mem 0xfeb80000-0xfebbffff pref]
[    1.212031] ACPI: PCI: Interrupt link LNKA configured for IRQ 10
[    1.213614] ACPI: PCI: Interrupt link LNKB configured for IRQ 10
[    1.214968] ACPI: PCI: Interrupt link LNKC configured for IRQ 11
[    1.216310] ACPI: PCI: Interrupt link LNKD configured for IRQ 11
[    1.217168] ACPI: PCI: Interrupt link LNKS configured for IRQ 9
[    1.221906] iommu: Default domain type: Translated
[    1.222348] iommu: DMA domain TLB invalidation policy: lazy mode
[    1.227048] SCSI subsystem initialized
[    1.228649] ACPI: bus type USB registered
[    1.228975] usbcore: registered new interface driver usbfs
[    1.230386] usbcore: registered new interface driver hub
[    1.230928] usbcore: registered new device driver usb
[    1.231829] pps_core: LinuxPPS API ver. 1 registered
[    1.232042] pps_core: Software ver. 5.3.6 - Copyright 2005-2007 Rodolfo Giometti <giometti@linux.it>
[    1.232855] PTP clock support registered
[    1.233695] EDAC MC: Ver: 3.0.0
[    1.240051] NetLabel: Initializing
[    1.240051] NetLabel:  domain hash size = 128
[    1.240051] NetLabel:  protocols = UNLABELED CIPSOv4 CALIPSO
[    1.240256] NetLabel:  unlabeled traffic allowed by default
[    1.243454] PCI: Using ACPI for IRQ routing
[    1.244337] pci 0000:00:02.0: vgaarb: setting as boot VGA device
[    1.244863] pci 0000:00:02.0: vgaarb: bridge control possible
[    1.245340] pci 0000:00:02.0: vgaarb: VGA device added: decodes=io+mem,owns=io+mem,locks=none
[    1.246038] vgaarb: loaded
[    1.249113] hpet0: at MMIO 0xfed00000, IRQs 2, 8, 0
[    1.249542] hpet0: 3 comparators, 64-bit 100.000000 MHz counter
[    1.253480] clocksource: Switched to clocksource kvm-clock
[    3.428594] VFS: Disk quotas dquot_6.6.0
[    3.429019] VFS: Dquot-cache hash table entries: 512 (order 0, 4096 bytes)
[    3.469956] Callback from call_rcu_tasks() invoked.
[    3.470662] pnp: PnP ACPI init
[    3.475121] pnp: PnP ACPI: found 6 devices
[    3.525730] clocksource: acpi_pm: mask: 0xffffff max_cycles: 0xffffff, max_idle_ns: 2085701024 ns
[    3.527034] NET: Registered PF_INET protocol family
[    3.527829] IP idents hash table entries: 32768 (order: 6, 262144 bytes, linear)
[    3.530811] tcp_listen_portaddr_hash hash table entries: 1024 (order: 5, 73728 bytes, linear)
[    3.531570] Table-perturb hash table entries: 65536 (order: 6, 262144 bytes, linear)
[    3.532316] TCP established hash table entries: 16384 (order: 5, 131072 bytes, linear)
[    3.533549] TCP bind hash table entries: 16384 (order: 10, 2359296 bytes, linear)
[    3.536880] TCP: Hash tables configured (established 16384 bind 16384)
[    3.537682] UDP hash table entries: 1024 (order: 6, 262144 bytes, linear)
[    3.538445] UDP-Lite hash table entries: 1024 (order: 6, 262144 bytes, linear)
[    3.539583] NET: Registered PF_UNIX/PF_LOCAL protocol family
[    3.541728] RPC: Registered named UNIX socket transport module.
[    3.542256] RPC: Registered udp transport module.
[    3.542654] RPC: Registered tcp transport module.
[    3.543009] RPC: Registered tcp-with-tls transport module.
[    3.543438] RPC: Registered tcp NFSv4.1 backchannel transport module.
[    3.543994] pci_bus 0000:00: resource 4 [io  0x0000-0x0cf7 window]
[    3.544483] pci_bus 0000:00: resource 5 [io  0x0d00-0xffff window]
[    3.544973] pci_bus 0000:00: resource 6 [mem 0x000a0000-0x000bffff window]
[    3.545510] pci_bus 0000:00: resource 7 [mem 0x80000000-0xfebfffff window]
[    3.546054] pci_bus 0000:00: resource 8 [mem 0x100000000-0x17fffffff window]
[    3.546965] pci 0000:00:01.0: PIIX3: Enabling Passive Release
[    3.547421] pci 0000:00:00.0: Limiting direct PCI/PCI transfers
[    3.547974] PCI: CLS 0 bytes, default 64
[    3.548467] ACPI: bus type thunderbolt registered
[    3.549428] clocksource: tsc: mask: 0xffffffffffffffff max_cycles: 0x12441513526, max_idle_ns: 440795239872 ns
[    3.557396] Initialise system trusted keyrings
[    3.557950] Key type blacklist registered
[    3.559086] workingset: timestamp_bits=36 max_order=19 bucket_order=0
[    3.561738] squashfs: version 4.0 (2009/01/31) Phillip Lougher
[    3.564253] NFS: Registering the id_resolver key type
[    3.564689] Key type id_resolver registered
[    3.565025] Key type id_legacy registered
[    3.565398] nfs4filelayout_init: NFSv4 File Layout Driver Registering...
[    3.565967] nfs4flexfilelayout_init: NFSv4 Flexfile Layout Driver Registering...
[    3.567238] fuse: init (API version 7.45)
[    3.568595] SGI XFS with ACLs, security attributes, realtime, quota, no debug enabled
[    3.571330] 9p: Installing v9fs 9p2000 file system support
[    3.583032] Key type asymmetric registered
[    3.583390] Asymmetric key parser 'x509' registered
[    3.584134] Block layer SCSI generic (bsg) driver version 0.4 loaded (major 241)
[    3.585184] io scheduler mq-deadline registered
[    3.585711] io scheduler bfq registered
[    3.587025] ledtrig-cpu: registered to indicate activity on CPUs
[    3.589262] IPMI message handler: version 39.2
[    3.589725] ipmi device interface
[    3.592504] input: Power Button as /devices/LNXSYSTM:00/LNXPWRBN:00/input/input0
[    3.593694] ACPI: button: Power Button [PWRF]
[    3.595960] ERST DBG: ERST support is disabled.
[    3.598274] Serial: 8250/16550 driver, 32 ports, IRQ sharing enabled
[    3.600486] 00:04: ttyS0 at I/O 0x3f8 (irq = 4, base_baud = 115200) is a 16550A
[    3.639038] Linux agpgart interface v0.103
[    3.643055] ACPI: bus type drm_connector registered
[    3.674453] brd: module loaded
[    3.693155] loop: module loaded
[    3.708737] scsi host0: ata_piix
[    3.710639] scsi host1: ata_piix
[    3.711355] ata1: PATA max MWDMA2 cmd 0x1f0 ctl 0x3f6 bmdma 0xc040 irq 14 lpm-pol 0
[    3.711948] ata2: PATA max MWDMA2 cmd 0x170 ctl 0x376 bmdma 0xc048 irq 15 lpm-pol 0
[    3.715155] tun: Universal TUN/TAP device driver, 1.6
[    3.716445] e100: Intel(R) PRO/100 Network Driver
[    3.716893] e100: Copyright(c) 1999-2006 Intel Corporation
[    3.717454] e1000: Intel(R) PRO/1000 Network Driver
[    3.717827] e1000: Copyright (c) 1999-2006 Intel Corporation.
[    3.866515] ata2: found unknown device (class 0)
[    3.867299] ata1: found unknown device (class 0)
[    3.868305] ata1.00: ATA-7: QEMU HARDDISK, 2.5+, max UDMA/100
[    3.868759] ata1.00: 17196647 sectors, multi 16: LBA48 
[    3.870675] ata2.00: ATAPI: QEMU DVD-ROM, 2.5+, max UDMA/100
[    3.871185] scsi 0:0:0:0: Direct-Access     ATA      QEMU HARDDISK    2.5+ PQ: 0 ANSI: 5
[    3.874452] sd 0:0:0:0: Attached scsi generic sg0 type 0
[    3.875274] sd 0:0:0:0: [sda] 17196647 512-byte logical blocks: (8.80 GB/8.20 GiB)
[    3.876523] sd 0:0:0:0: [sda] Write Protect is off
[    3.876978] scsi 1:0:0:0: CD-ROM            QEMU     QEMU DVD-ROM     2.5+ PQ: 0 ANSI: 5
[    3.877915] sd 0:0:0:0: [sda] Write cache: enabled, read cache: enabled, doesn't support DPO or FUA
[    3.878740] sd 0:0:0:0: [sda] Preferred minimum I/O size 512 bytes
[    3.900160] scsi 1:0:0:0: Attached scsi generic sg1 type 5
[    3.910522] sd 0:0:0:0: [sda] Attached SCSI disk
[    4.364912] ACPI: \_SB_.LNKC: Enabled at IRQ 11
[    4.678311] e1000 0000:00:03.0 eth0: (PCI:33MHz:32-bit) 52:54:00:12:34:56
[    4.678938] e1000 0000:00:03.0 eth0: Intel(R) PRO/1000 Network Connection
[    4.679699] e1000e: Intel(R) PRO/1000 Network Driver
[    4.680100] e1000e: Copyright(c) 1999 - 2015 Intel Corporation.
[    4.680716] igb: Intel(R) Gigabit Ethernet Network Driver
[    4.681148] igb: Copyright (c) 2007-2014 Intel Corporation.
[    4.681979] PPP generic driver version 2.4.2
[    4.684487] VFIO - User Level meta-driver version: 0.3
[    4.687712] usbcore: registered new interface driver uas
[    4.688319] usbcore: registered new interface driver usb-storage
[    4.689125] i8042: PNP: PS/2 Controller [PNP0303:KBD,PNP0f13:MOU] at 0x60,0x64 irq 1,12
[    4.690806] serio: i8042 KBD port at 0x60,0x64 irq 1
[    4.691274] serio: i8042 AUX port at 0x60,0x64 irq 12
[    4.693236] mousedev: PS/2 mouse device common for all mice
[    4.695007] input: AT Translated Set 2 keyboard as /devices/platform/i8042/serio0/input/input1
[    4.696582] rtc_cmos 00:05: RTC can wake from S4
[    4.700074] rtc_cmos 00:05: registered as rtc0
[    4.700507] rtc_cmos 00:05: setting system clock to 2026-01-14T03:19:01 UTC (1768360741)
[    4.701498] rtc_cmos 00:05: alarms up to one day, y3k, 242 bytes nvram, hpet irqs
[    4.702178] i2c_dev: i2c /dev entries driver
[    4.703147] device-mapper: core: CONFIG_IMA_DISABLE_HTABLE is disabled. Duplicate IMA measurements will not be recorded in the IMA log.
[    4.704638] input: VirtualPS/2 VMware VMMouse as /devices/platform/i8042/serio1/input/input4
[    4.705567] device-mapper: uevent: version 1.0.3
[    4.706664] device-mapper: ioctl: 4.50.0-ioctl (2025-04-28) initialised: dm-devel@lists.linux.dev
[    4.707391] intel_pstate: CPU model not supported
[    4.708063] sdhci: Secure Digital Host Controller Interface driver
[    4.708541] sdhci: Copyright(c) Pierre Ossman
[    4.709112] sdhci-pltfm: SDHCI platform and OF driver helper
[    4.710253] drop_monitor: Initializing network drop monitor service
[    4.711575] input: VirtualPS/2 VMware VMMouse as /devices/platform/i8042/serio1/input/input3
[    4.712509] NET: Registered PF_INET6 protocol family
[    4.716205] Segment Routing with IPv6
[    4.716593] In-situ OAM (IOAM) with IPv6
[    4.716984] NET: Registered PF_PACKET protocol family
[    4.718041] 9pnet: Installing 9P2000 support
[    4.719098] Key type dns_resolver registered
[    4.723020] IPI shorthand broadcast: enabled
[    4.796230] sched_clock: Marking stable (4780003431, 14317394)->(4802596526, -8275701)
[    4.798963] registered taskstats version 1
[    4.799945] Loading compiled-in X.509 certificates
[    4.871882] Demotion targets for Node 0: null
[    4.874076] Key type .fscrypt registered
[    4.874470] Key type fscrypt-provisioning registered
[    4.878906] Key type encrypted registered
[    4.879275] ima: No TPM chip found, activating TPM-bypass!
[    4.879732] ima: Allocated hash algorithm: sha1
[    4.880176] ima: No architecture policies found
[    4.880740] evm: Initialising EVM extended attributes:
[    4.881144] evm: security.selinux
[    4.881405] evm: security.SMACK64
[    4.881663] evm: security.SMACK64EXEC
[    4.881950] evm: security.SMACK64TRANSMUTE
[    4.882268] evm: security.SMACK64MMAP
[    4.882573] evm: security.apparmor
[    4.882844] evm: security.ima
[    4.883079] evm: security.capability
[    4.883361] evm: HMAC attrs: 0x1
[    4.886097] PM:   Magic number: 10:606:310
[    4.886600] tty tty39: hash matches
[    4.888567] RAS: Correctable Errors collector initialized.
[    4.889956] clk: Disabling unused clocks
[    4.890835] PM: genpd: Disabling unused power domains
[    4.893249] check access for rdinit=/init failed: -2, ignoring
[    4.893961] md: Waiting for all devices to be available before autodetect
[    4.894823] md: If you don't use raid, use raid=noautodetect
[    4.895523] md: Autodetecting RAID arrays.
[    4.896032] md: autorun ...
[    4.896377] md: ... autorun DONE.
[    4.917329] EXT4-fs (sda): mounted filesystem 088740a9-c8b4-422c-999d-a804eb68a4da ro with ordered data mode. Quota mode: none.
[    4.919226] VFS: Mounted root (ext4 filesystem) readonly on device 8:0.
[    4.924698] devtmpfs: mounted
[    4.942972] Freeing unused decrypted memory: 2036K
[    4.957316] Freeing unused kernel image (initmem) memory: 16424K
[    4.957884] Write protecting the kernel read-only data: 102400k
[    4.960874] Freeing unused kernel image (text/rodata gap) memory: 936K
[    4.963429] Freeing unused kernel image (rodata/data gap) memory: 1660K
[    5.027303] x86/mm: Checked W+X mappings: passed, no W+X pages found.
[    5.027689] Run /sbin/init as init process
[    5.278086] systemd[1]: systemd 252-15.el9 running in system mode (+PAM +AUDIT +SELINUX -APPARMOR +IMA +SMACK +SECCOMP +GCRYPT +GNUTLS +OPENSSL +ACL +BLKID +CURL +ELFUTILS -FIDO2 +IDN2 -IDN -IPTC +KMOD +LIBCRYPTSETUP +LIBFDISK +PCRE2 -PWQUALITY +P11KIT -QRENCODE +TPM2 +BZIP2 +LZ4 +XZ +ZLIB +ZSTD -BPF_FRAMEWORK +XKBCOMMON +UTMP +SYSVINIT default-hierarchy=unified)
[    5.279635] systemd[1]: Detected virtualization kvm.
[    5.279875] systemd[1]: Detected architecture x86-64.

Welcome to [0;31mCentOS Stream 9[0m!

[    5.287744] systemd[1]: Hostname set to <test>.
[    5.460072] systemd-rc-local-generator[121]: /etc/rc.d/rc.local is not marked executable, skipping.
[    5.916124] systemd[1]: Queued start job for default target Multi-User System.
[    5.933270] systemd[1]: Created slice Virtual Machine and Container Slice.
[[0;32m  OK  [0m] Created slice [0;1;39mVirtual Machine and Container Slice[0m.
[    5.938004] systemd[1]: Created slice Slice /system/getty.
[[0;32m  OK  [0m] Created slice [0;1;39mSlice /system/getty[0m.
[    5.940621] systemd[1]: Created slice Slice /system/modprobe.
[[0;32m  OK  [0m] Created slice [0;1;39mSlice /system/modprobe[0m.
[    5.943147] systemd[1]: Created slice Slice /system/serial-getty.
[[0;32m  OK  [0m] Created slice [0;1;39mSlice /system/serial-getty[0m.
[    5.945699] systemd[1]: Created slice Slice /system/sshd-keygen.
[[0;32m  OK  [0m] Created slice [0;1;39mSlice /system/sshd-keygen[0m.
[    5.948281] systemd[1]: Created slice User and Session Slice.
[[0;32m  OK  [0m] Created slice [0;1;39mUser and Session Slice[0m.
[    5.949456] systemd[1]: Started Forward Password Requests to Wall Directory Watch.
[[0;32m  OK  [0m] Started [0;1;39mForward Password R…uests to Wall Directory Watch[0m.
[    5.951460] systemd[1]: Set up automount Arbitrary Executable File Formats File System Automount Point.
[[0;32m  OK  [0m] Set up automount [0;1;39mArbitrary…s File System Automount Point[0m.
[    5.952691] systemd[1]: Reached target Local Integrity Protected Volumes.
[[0;32m  OK  [0m] Reached target [0;1;39mLocal Integrity Protected Volumes[0m.
[    5.953689] systemd[1]: Reached target Slice Units.
[[0;32m  OK  [0m] Reached target [0;1;39mSlice Units[0m.
[    5.954573] systemd[1]: Reached target Swaps.
[[0;32m  OK  [0m] Reached target [0;1;39mSwaps[0m.
[    5.955238] systemd[1]: Reached target Local Verity Protected Volumes.
[[0;32m  OK  [0m] Reached target [0;1;39mLocal Verity Protected Volumes[0m.
[    5.956436] systemd[1]: Listening on Device-mapper event daemon FIFOs.
[[0;32m  OK  [0m] Listening on [0;1;39mDevice-mapper event daemon FIFOs[0m.
[    5.957938] systemd[1]: Listening on LVM2 poll daemon socket.
[[0;32m  OK  [0m] Listening on [0;1;39mLVM2 poll daemon socket[0m.
[    5.958961] systemd[1]: multipathd control socket was skipped because of an unmet condition check (ConditionPathExists=/etc/multipath.conf).
[    6.000434] systemd[1]: Listening on RPCbind Server Activation Socket.
[[0;32m  OK  [0m] Listening on [0;1;39mRPCbind Server Activation Socket[0m.
[    6.002591] systemd[1]: Reached target RPC Port Mapper.
[[0;32m  OK  [0m] Reached target [0;1;39mRPC Port Mapper[0m.
[    6.006414] systemd[1]: Listening on Process Core Dump Socket.
[[0;32m  OK  [0m] Listening on [0;1;39mProcess Core Dump Socket[0m.
[    6.008503] systemd[1]: Listening on initctl Compatibility Named Pipe.
[[0;32m  OK  [0m] Listening on [0;1;39minitctl Compatibility Named Pipe[0m.
[    6.010693] systemd[1]: Listening on Journal Socket (/dev/log).
[[0;32m  OK  [0m] Listening on [0;1;39mJournal Socket (/dev/log)[0m.
[    6.012988] systemd[1]: Listening on Journal Socket.
[[0;32m  OK  [0m] Listening on [0;1;39mJournal Socket[0m.
[    6.015035] systemd[1]: Listening on udev Control Socket.
[[0;32m  OK  [0m] Listening on [0;1;39mudev Control Socket[0m.
[    6.016576] systemd[1]: Listening on udev Kernel Socket.
[[0;32m  OK  [0m] Listening on [0;1;39mudev Kernel Socket[0m.
[    6.055348] systemd[1]: Mounting Huge Pages File System...
         Mounting [0;1;39mHuge Pages File System[0m...
[    6.066273] systemd[1]: Mounting POSIX Message Queue File System...
         Mounting [0;1;39mPOSIX Message Queue File System[0m...
[    6.074959] systemd[1]: Mounting Kernel Debug File System...
         Mounting [0;1;39mKernel Debug File System[0m...
[    6.081622] systemd[1]: Mounting Kernel Trace File System...
         Mounting [0;1;39mKernel Trace File System[0m...
[    6.082863] systemd[1]: Kernel Module supporting RPCSEC_GSS was skipped because of an unmet condition check (ConditionPathExists=/etc/krb5.keytab).
[    6.083659] systemd[1]: Create List of Static Device Nodes was skipped because of an unmet condition check (ConditionFileNotEmpty=/lib/modules/6.19.0-rc5-eb27913f85b6+/modules.devname).
[    6.089577] systemd[1]: Starting Monitoring of LVM2 mirrors, snapshots etc. using dmeventd or progress polling...
         Starting [0;1;39mMonitoring of LVM…meventd or progress polling[0m...
[    6.098704] systemd[1]: Starting Load Kernel Module configfs...
         Starting [0;1;39mLoad Kernel Module configfs[0m...
[    6.105490] systemd[1]: Starting Load Kernel Module drm...
         Starting [0;1;39mLoad Kernel Module drm[0m...
[    6.115343] systemd[1]: Starting Load Kernel Module fuse...
         Starting [0;1;39mLoad Kernel Module fuse[0m...
[    6.136089] systemd[1]: Starting Read and set NIS domainname from /etc/sysconfig/network...
         Starting [0;1;39mRead and set NIS …from /etc/sysconfig/network[0m...
[    6.148333] systemd[1]: Starting Journal Service...
         Starting [0;1;39mJournal Service[0m...
[    6.168112] systemd[1]: Starting Load Kernel Modules...
         Starting [0;1;39mLoad Kernel Modules[0m...
[    6.181033] systemd[1]: Starting Generate network units from Kernel command line...
         Starting [0;1;39mGenerate network …ts from Kernel command line[0m...
[    6.202666] systemd[1]: Starting Remount Root and Kernel File Systems...
         Starting [0;1;39mRemount Root and Kernel File Systems[0m...
[    6.204030] systemd[1]: Repartition Root Disk was skipped because no trigger condition checks were met.
[    6.232683] systemd[1]: Starting Coldplug All udev Devices...
         Starting [0;1;39mColdplug All udev Devices[0m...
[    6.246268] systemd[1]: Mounted Huge Pages File System.
[[0;32m  OK  [0m] Mounted [0;1;39mHuge Pages File System[0m.
[    6.248311] systemd[1]: Mounted POSIX Message Queue File System.
[[0;32m  OK  [0m] Mounted [0;1;39mPOSIX Message Queue File System[0m.
[    6.249637] systemd[1]: Mounted Kernel Debug File System.
[[0;32m  OK  [0m] Mounted [0;1;39mKernel Debug File System[0m.
[    6.250973] systemd[1]: Mounted Kernel Trace File System.
[[0;32m  OK  [0m] Mounted [0;1;39mKernel Trace File System[0m.
[    6.255776] systemd[1]: Finished Monitoring of LVM2 mirrors, snapshots etc. using dmeventd or progress polling.
[[0;32m  OK  [0m] Finished [0;1;39mMonitoring of LVM… dmeventd or progress polling[0m.
[    6.258626] systemd[1]: modprobe@configfs.service: Deactivated successfully.
[    6.260069] systemd[1]: Finished Load Kernel Module configfs.
[[0;32m  OK  [0m] Finished [0;1;39mLoad Kernel Module configfs[0m.
[    6.264963] systemd[1]: modprobe@drm.service: Deactivated successfully.
[    6.266270] systemd[1]: Finished Load Kernel Module drm.
[[0;32m  OK  [0m] Finished [0;1;39mLoad Kernel Module drm[0m.
[    6.269653] systemd[1]: modprobe@fuse.service: Deactivated successfully.
[    6.271007] systemd[1]: Finished Load Kernel Module fuse.
[[0;32m  OK  [0m] Finished [0;1;39mLoad Kernel Module fuse[0m.
[    6.273055] systemd[1]: Finished Read and set NIS domainname from /etc/sysconfig/network.
[[0;32m  OK  [0m] Finished [0;1;39mRead and set NIS …e from /etc/sysconfig/network[0m.
[    6.274721] systemd[1]: systemd-modules-load.service: Main process exited, code=exited, status=1/FAILURE
[    6.275924] systemd[1]: systemd-modules-load.service: Failed with result 'exit-code'.
[    6.277174] systemd[1]: Failed to start Load Kernel Modules.
[[0;1;31mFAILED[0m] Failed to start [0;1;39mLoad Kernel Modules[0m.
See 'systemctl status systemd-modules-load.service' for details.
[    6.280277] systemd[1]: Finished Generate network units from Kernel command line.
[[0;32m  OK  [0m] Finished [0;1;39mGenerate network units from Kernel command line[0m.
[    6.282273] systemd[1]: Reached target Preparation for Network.
[[0;32m  OK  [0m] Reached target [0;1;39mPreparation for Network[0m.
[    6.316853] systemd[1]: Mounting FUSE Control File System...
         Mounting [0;1;39mFUSE Control File System[0m...
[    6.318662] EXT4-fs (sda): re-mounted 088740a9-c8b4-422c-999d-a804eb68a4da r/w.
[    6.362689] systemd[1]: Mounting Kernel Configuration File System...
         Mounting [0;1;39mKernel Configuration File System[0m...
[    6.380511] systemd[1]: Starting Apply Kernel Variables...
         Starting [0;1;39mApply Kernel Variables[0m...
[    6.392122] systemd[1]: Started Journal Service.
[[0;32m  OK  [0m] Started [0;1;39mJournal Service[0m.
[[0;32m  OK  [0m] Finished [0;1;39mRemount Root and Kernel File Systems[0m.
[[0;32m  OK  [0m] Mounted [0;1;39mFUSE Control File System[0m.
[[0;32m  OK  [0m] Mounted [0;1;39mKernel Configuration File System[0m.
         Starting [0;1;39mFlush Journal to Persistent Storage[0m...
         Starting [0;1;39mLoad/Save Random Seed[0m...
[    6.458840] systemd-journald[143]: Received client request to flush runtime journal.
         Starting [0;1;39mCreate Static Device Nodes in /dev[0m...
         Starting [0;1;39mSetup Virtual Console[0m...
[[0;32m  OK  [0m] Finished [0;1;39mApply Kernel Variables[0m.
[[0;32m  OK  [0m] Finished [0;1;39mFlush Journal to Persistent Storage[0m.
[[0;32m  OK  [0m] Finished [0;1;39mLoad/Save Random Seed[0m.
[[0;32m  OK  [0m] Finished [0;1;39mCreate Static Device Nodes in /dev[0m.
         Starting [0;1;39mRule-based Manage…for Device Events and Files[0m...
[[0;32m  OK  [0m] Started [0;1;39mRule-based Manager for Device Events and Files[0m.
         Starting [0;1;39mAuto-connect to s…E devices found during boot[0m...
[[0;32m  OK  [0m] Finished [0;1;39mAuto-connect to s…VME devices found during boot[0m.
[[0;32m  OK  [0m] Finished [0;1;39mColdplug All udev Devices[0m.
         Starting [0;1;39mWait for udev To …plete Device Initialization[0m...
[[0;32m  OK  [0m] Finished [0;1;39mSetup Virtual Console[0m.
[[0;32m  OK  [0m] Started [0;1;39mDispatch Password …ts to Console Directory Watch[0m.
[[0;32m  OK  [0m] Reached target [0;1;39mLocal Encrypted Volumes[0m.
[[0;32m  OK  [0m] Reached target [0;1;39mPath Units[0m.
[[0;32m  OK  [0m] Found device [0;1;39m/dev/ttyS0[0m.
[[0;32m  OK  [0m] Listening on [0;1;39mLoad/Save RF …itch Status /dev/rfkill Watch[0m.
[[0;32m  OK  [0m] Finished [0;1;39mWait for udev To Complete Device Initialization[0m.
[[0;32m  OK  [0m] Reached target [0;1;39mPreparation for Local File Systems[0m.
[[0;32m  OK  [0m] Reached target [0;1;39mLocal File Systems[0m.
         Starting [0;1;39mTell Plymouth To Write Out Runtime Data[0m...
         Starting [0;1;39mAutomatic Boot Loader Update[0m...
         Starting [0;1;39mCreate Volatile Files and Directories[0m...
[[0;32m  OK  [0m] Finished [0;1;39mTell Plymouth To Write Out Runtime Data[0m.
[[0;32m  OK  [0m] Finished [0;1;39mAutomatic Boot Loader Update[0m.
[[0;32m  OK  [0m] Finished [0;1;39mCreate Volatile Files and Directories[0m.
         Mounting [0;1;39mRPC Pipe File System[0m...
         Starting [0;1;39mSecurity Auditing Service[0m...
         Starting [0;1;39mRPC Bind[0m...
[[0;32m  OK  [0m] Mounted [0;1;39mRPC Pipe File System[0m.
[[0;32m  OK  [0m] Reached target [0;1;39mrpc_pipefs.target[0m.
[[0;32m  OK  [0m] Started [0;1;39mRPC Bind[0m.
[[0;32m  OK  [0m] Started [0;1;39mSecurity Auditing Service[0m.
         Starting [0;1;39mRecord System Boot/Shutdown in UTMP[0m...
[[0;32m  OK  [0m] Finished [0;1;39mRecord System Boot/Shutdown in UTMP[0m.
[[0;32m  OK  [0m] Reached target [0;1;39mSystem Initialization[0m.
[[0;32m  OK  [0m] Started [0;1;39mDaily rotation of log files[0m.
[[0;32m  OK  [0m] Started [0;1;39mUpdates mlocate database every day[0m.
[[0;32m  OK  [0m] Started [0;1;39mDaily Cleanup of Temporary Directories[0m.
[[0;32m  OK  [0m] Started [0;1;39mdaily update of the root trust anchor for DNSSEC[0m.
[[0;32m  OK  [0m] Reached target [0;1;39mTimer Units[0m.
[[0;32m  OK  [0m] Listening on [0;1;39mD-Bus System Message Bus Socket[0m.
[[0;32m  OK  [0m] Listening on [0;1;39mOpen-iSCSI iscsid Socket[0m.
[[0;32m  OK  [0m] Listening on [0;1;39mOpen-iSCSI iscsiuio Socket[0m.
[[0;32m  OK  [0m] Listening on [0;1;39mSSSD Kerberos…ache Manager responder socket[0m.
[[0;32m  OK  [0m] Listening on [0;1;39mLibvirt interface local socket[0m.
[[0;32m  OK  [0m] Listening on [0;1;39mVirtual machine lock manager socket[0m.
[[0;32m  OK  [0m] Listening on [0;1;39mVirtual machine log manager socket[0m.
[[0;32m  OK  [0m] Listening on [0;1;39mLibvirt network local socket[0m.
[[0;32m  OK  [0m] Listening on [0;1;39mLibvirt nodedev local socket[0m.
[[0;32m  OK  [0m] Listening on [0;1;39mLibvirt nwfilter local socket[0m.
[[0;32m  OK  [0m] Listening on [0;1;39mLibvirt proxy local socket[0m.
[[0;32m  OK  [0m] Listening on [0;1;39mLibvirt qemu local socket[0m.
[[0;32m  OK  [0m] Listening on [0;1;39mLibvirt qemu admin socket[0m.
[[0;32m  OK  [0m] Listening on [0;1;39mLibvirt qemu local read-only socket[0m.
[[0;32m  OK  [0m] Listening on [0;1;39mLibvirt secret local socket[0m.
[[0;32m  OK  [0m] Listening on [0;1;39mLibvirt storage local socket[0m.
[[0;32m  OK  [0m] Reached target [0;1;39mSocket Units[0m.
         Starting [0;1;39mD-Bus System Message Bus[0m...
[[0;32m  OK  [0m] Started [0;1;39mD-Bus System Message Bus[0m.
[[0;32m  OK  [0m] Reached target [0;1;39mBasic System[0m.
         Starting [0;1;39mNetwork Manager[0m...
         Starting [0;1;39mNTP client/server[0m...
         Starting [0;1;39mRestore /run/initramfs on shutdown[0m...
[[0;32m  OK  [0m] Started [0;1;39mirqbalance daemon[0m.
[[0;32m  OK  [0m] Started [0;1;39mlibstoragemgmt plug-in server daemon[0m.
[[0;32m  OK  [0m] Started [0;1;39mMachine Check Exception Logging Daemon[0m.
[[0;32m  OK  [0m] Reached target [0;1;39msshd-keygen.target[0m.
[[0;32m  OK  [0m] Reached target [0;1;39mUser and Group Name Lookups[0m.
         Starting [0;1;39mUser Login Management[0m...
         Starting [0;1;39mVirtual Machine a…tainer Registration Service[0m...
         Starting [0;1;39mupdate of the roo…NSSEC validation in unbound[0m...
         Starting [0;1;39mRotate log files[0m...
[[0;32m  OK  [0m] Started [0;1;39mUpdate a database for mlocate[0m.
[[0;32m  OK  [0m] Finished [0;1;39mRestore /run/initramfs on shutdown[0m.
[[0;32m  OK  [0m] Started [0;1;39mVirtual Machine an…ontainer Registration Service[0m.
[[0;32m  OK  [0m] Started [0;1;39mNTP client/server[0m.
         Starting [0;1;39mHostname Service[0m...
[[0;32m  OK  [0m] Finished [0;1;39mupdate of the roo… DNSSEC validation in unbound[0m.
[[0;32m  OK  [0m] Started [0;1;39mUser Login Management[0m.
[[0;32m  OK  [0m] Started [0;1;39mHostname Service[0m.
         Starting [0;1;39mNetwork Manager Script Dispatcher Service[0m...
[[0;32m  OK  [0m] Finished [0;1;39mRotate log files[0m.
[[0;32m  OK  [0m] Started [0;1;39mNetwork Manager Script Dispatcher Service[0m.
[    9.554525] e1000: eth0 NIC Link is Up 1000 Mbps Full Duplex, Flow Control: RX
[[0;32m  OK  [0m] Started [0;1;39mNetwork Manager[0m.
[[0;32m  OK  [0m] Reached target [0;1;39mNetwork[0m.
[[0;32m  OK  [0m] Reached target [0;1;39mNetwork is Online[0m.
         Starting [0;1;39mGSSAPI Proxy Daemon[0m...
         Starting [0;1;39mNotify NFS peers of a restart[0m...
         Starting [0;1;39mSystem Logging Service[0m...
         Starting [0;1;39mOpenSSH server daemon[0m...
         Starting [0;1;39mDynamic System Tuning Daemon[0m...
[[0;32m  OK  [0m] Started [0;1;39mNotify NFS peers of a restart[0m.
[[0;32m  OK  [0m] Started [0;1;39mGSSAPI Proxy Daemon[0m.
[[0;32m  OK  [0m] Reached target [0;1;39mNFS client services[0m.
[[0;32m  OK  [0m] Reached target [0;1;39mPreparation for Remote File Systems[0m.
[[0;32m  OK  [0m] Reached target [0;1;39mRemote File Systems[0m.
         Starting [0;1;39mPermit User Sessions[0m...
         Starting [0;1;39mVirtualization qemu daemon[0m...
[[0;32m  OK  [0m] Started [0;1;39mOpenSSH server daemon[0m.
[[0;32m  OK  [0m] Started [0;1;39mSystem Logging Service[0m.
[[0;32m  OK  [0m] Finished [0;1;39mPermit User Sessions[0m.
[[0;32m  OK  [0m] Started [0;1;39mDeferred execution scheduler[0m.
[[0;32m  OK  [0m] Started [0;1;39mCommand Scheduler[0m.
         Starting [0;1;39mHold until boot process finishes up[0m...
         Starting [0;1;39mTerminate Plymouth Boot Screen[0m...
[[0;32m  OK  [0m] Finished [0;1;39mHold until boot process finishes up[0m.
[[0;32m  OK  [0m] Finished [0;1;39mTerminate Plymouth Boot Screen[0m.
[[0;32m  OK  [0m] Started [0;1;39mGetty on tty1[0m.
[[0;32m  OK  [0m] Started [0;1;39mSerial Getty on ttyS0[0m.
[[0;32m  OK  [0m] Reached target [0;1;39mLogin Prompts[0m.
[[0;32m  OK  [0m] Started [0;1;39mVirtualization qemu daemon[0m.
         Starting [0;1;39mAuthorization Manager[0m...
[[0;32m  OK  [0m] Started [0;1;39mAuthorization Manager[0m.
[[0;32m  OK  [0m] Started [0;1;39mDynamic System Tuning Daemon[0m.
[[0;32m  OK  [0m] Reached target [0;1;39mMulti-User System[0m.
         Starting [0;1;39mRecord Runlevel Change in UTMP[0m...
[[0;32m  OK  [0m] Finished [0;1;39mRecord Runlevel Change in UTMP[0m.

CentOS Stream 9
Kernel 6.19.0-rc5-eb27913f85b6+ on an x86_64

Activate the web console with: systemctl enable --now cockpit.socket

test login: [   18.323018] Adding 124996k swap on ./swap-file.  Priority:0 extents:1 across:124996k 
[   18.344574] 
[   18.344693] ============================================
[   18.344941] WARNING: possible recursive locking detected
[   18.345189] 6.19.0-rc5-eb27913f85b6+ #1 Not tainted
[   18.345420] --------------------------------------------
[   18.345667] repro/725 is trying to acquire lock:
[   18.345887] ffff888018000018 (&cluster_info[i].lock){+.+.}-{3:3}, at: swap_free_hibernation_slot+0x13e/0x2a0
[   18.346368] 
[   18.346368] but task is already holding lock:
[   18.346637] ffff888018000018 (&cluster_info[i].lock){+.+.}-{3:3}, at: swap_free_hibernation_slot+0xfa/0x2a0
[   18.347090] 
[   18.347090] other info that might help us debug this:
[   18.347390]  Possible unsafe locking scenario:
[   18.347390] 
[   18.347666]        CPU0
[   18.347793]        ----
[   18.347914]   lock(&cluster_info[i].lock);
[   18.348110]   lock(&cluster_info[i].lock);
[   18.348308] 
[   18.348308]  *** DEADLOCK ***
[   18.348308] 
[   18.348580]  May be due to missing lock nesting notation
[   18.348580] 
[   18.348890] 2 locks held by repro/725:
[   18.349069]  #0: ffffffff8753eb48 (system_transition_mutex){+.+.}-{4:4}, at: lock_system_sleep+0x92/0xb0
[   18.349513]  #1: ffff888018000018 (&cluster_info[i].lock){+.+.}-{3:3}, at: swap_free_hibernation_slot+0xfa/0x2a0
[   18.349985] 
[   18.349985] stack backtrace:
[   18.350197] CPU: 0 UID: 0 PID: 725 Comm: repro Not tainted 6.19.0-rc5-eb27913f85b6+ #1 PREEMPT(voluntary) 
[   18.350206] Hardware name: QEMU Standard PC (i440FX + PIIX, 1996), BIOS rel-1.16.0-0-gd239552ce722-prebuilt.qemu.org 04/01/2014
[   18.350214] Call Trace:
[   18.350219]  <TASK>
[   18.350223]  dump_stack_lvl+0xea/0x150
[   18.350256]  dump_stack+0x19/0x20
[   18.350265]  print_deadlock_bug+0x22e/0x300
[   18.350277]  __lock_acquire+0x1325/0x2210
[   18.350292]  lock_acquire+0x170/0x2f0
[   18.350303]  ? swap_free_hibernation_slot+0x13e/0x2a0
[   18.350316]  _raw_spin_lock+0x38/0x50
[   18.350331]  ? swap_free_hibernation_slot+0x13e/0x2a0
[   18.350340]  swap_free_hibernation_slot+0x13e/0x2a0
[   18.350349]  ? __pfx_swap_free_hibernation_slot+0x10/0x10
[   18.350359]  ? locks_remove_file+0x487/0x780
[   18.350373]  ? __pfx_snapshot_release+0x10/0x10
[   18.350386]  free_all_swap_pages+0xdd/0x160
[   18.350397]  ? __pfx_snapshot_release+0x10/0x10
[   18.350407]  snapshot_release+0xac/0x200
[   18.350418]  __fput+0x41f/0xb70
[   18.350438]  ____fput+0x22/0x30
[   18.350448]  task_work_run+0x19e/0x2b0
[   18.350466]  ? __pfx_task_work_run+0x10/0x10
[   18.350476]  ? nsproxy_free+0x2ce/0x5b0
[   18.350486]  ? switch_task_namespaces+0x118/0x130
[   18.350496]  do_exit+0x869/0x2810
[   18.350514]  ? do_group_exit+0x1d8/0x2c0
[   18.350526]  ? __pfx_do_exit+0x10/0x10
[   18.350536]  ? __this_cpu_preempt_check+0x21/0x30
[   18.350543]  ? _raw_spin_unlock_irq+0x2c/0x60
[   18.350553]  ? lockdep_hardirqs_on+0x85/0x110
[   18.350565]  ? _raw_spin_unlock_irq+0x2c/0x60
[   18.350575]  ? trace_hardirqs_on+0x26/0x130
[   18.350591]  do_group_exit+0xe4/0x2c0
[   18.350603]  __x64_sys_exit_group+0x4d/0x60
[   18.350614]  x64_sys_call+0x21a2/0x21b0
[   18.350627]  do_syscall_64+0x6d/0x1180
[   18.350639]  entry_SYSCALL_64_after_hwframe+0x76/0x7e
[   18.350646] RIP: 0033:0x7fc795b18a4d
[   18.350655] Code: Unable to access opcode bytes at 0x7fc795b18a23.
[   18.350661] RSP: 002b:00007ffd3b7eb888 EFLAGS: 00000246 ORIG_RAX: 00000000000000e7
[   18.350667] RAX: ffffffffffffffda RBX: 00007fc795bf69e0 RCX: 00007fc795b18a4d
[   18.350672] RDX: 00000000000000e7 RSI: ffffffffffffff80 RDI: 0000000000000001
[   18.350676] RBP: 0000000000000001 R08: 0000000000000000 R09: 0000000000000020
[   18.350679] R10: 00007ffd3b7eb730 R11: 0000000000000246 R12: 00007fc795bf69e0
[   18.350684] R13: 00007fc795bfbf00 R14: 0000000000000001 R15: 00007fc795bfbee8
[   18.350695]  </TASK>
[   44.836053] watchdog: BUG: soft lockup - CPU#0 stuck for 26s! [repro:725]
[   44.836078] Modules linked in:
[   44.836103] irq event stamp: 4155
[   44.836109] hardirqs last  enabled at (4155): [<ffffffff816f0e57>] __call_rcu_common.constprop.0+0x427/0x870
[   44.836137] hardirqs last disabled at (4154): [<ffffffff816f0e7f>] __call_rcu_common.constprop.0+0x44f/0x870
[   44.836144] softirqs last  enabled at (3374): [<ffffffff8148a1de>] __irq_exit_rcu+0x10e/0x170
[   44.836153] softirqs last disabled at (3337): [<ffffffff8148a1de>] __irq_exit_rcu+0x10e/0x170
[   44.836164] CPU: 0 UID: 0 PID: 725 Comm: repro Not tainted 6.19.0-rc5-eb27913f85b6+ #1 PREEMPT(voluntary) 
[   44.836171] Hardware name: QEMU Standard PC (i440FX + PIIX, 1996), BIOS rel-1.16.0-0-gd239552ce722-prebuilt.qemu.org 04/01/2014
[   44.836176] RIP: 0010:pv_native_safe_halt+0x22/0x30
[   44.836188] Code: 90 90 90 90 90 90 90 90 f3 0f 1e fa 55 48 89 e5 0f 1f 44 00 00 eb 0c 0f 1f 44 00 00 0f 00 2d 35 a1 19 00 0f 1f 44 00 00 fb f4 <5d> e9 c8 6f 03 00 0f 1f 84 00 00 00 00 00 90 90 90 90 90 90 90 90
[   44.836193] RSP: 0018:ffff8880171cf960 EFLAGS: 00000246
[   44.836198] RAX: 0000000000000001 RBX: 0000000000000003 RCX: 1ffffffff0e2842c
[   44.836201] RDX: 0000000000000000 RSI: 0000000000000003 RDI: ffffffff813d90b7
[   44.836204] RBP: ffff8880171cf960 R08: 0000000000000000 R09: 0000000000000000
[   44.836207] R10: ffffffff8834a7e7 R11: 6162206b63617473 R12: ffff888018000000
[   44.836211] R13: 0000000000000003 R14: 0000000000000003 R15: ffffed1003000000
[   44.836214] FS:  0000000000000000(0000) GS:ffff8880e3090000(0000) knlGS:0000000000000000
[   44.836218] CS:  0010 DS: 0000 ES: 0000 CR0: 0000000080050033
[   44.836222] CR2: 00007fc795bfca50 CR3: 0000000007486004 CR4: 0000000000770ef0
[   44.836227] PKRU: 55555554
[   44.836229] Call Trace:
[   44.836232]  <TASK>
[   44.836238]  kvm_wait+0x14c/0x190
[   44.836253]  __pv_queued_spin_lock_slowpath+0xbda/0xe90
[   44.836264]  ? __pfx___pv_queued_spin_lock_slowpath+0x10/0x10
[   44.836270]  ? asm_sysvec_spurious_apic_interrupt+0x20/0x30
[   44.836279]  ? debug_locks_off+0x2b/0x90
[   44.836292]  ? spin_bug+0x1f/0x1f0
[   44.836300]  do_raw_spin_lock+0x1f9/0x280
[   44.836305]  ? __pfx_do_raw_spin_lock+0x10/0x10
[   44.836309]  ? lock_acquire+0x180/0x2f0
[   44.836318]  _raw_spin_lock+0x40/0x50
[   44.836324]  ? swap_free_hibernation_slot+0x13e/0x2a0
[   44.836332]  swap_free_hibernation_slot+0x13e/0x2a0
[   44.836338]  ? __pfx_swap_free_hibernation_slot+0x10/0x10
[   44.836346]  ? locks_remove_file+0x487/0x780
[   44.836355]  ? __pfx_snapshot_release+0x10/0x10
[   44.836363]  free_all_swap_pages+0xdd/0x160
[   44.836369]  ? __pfx_snapshot_release+0x10/0x10
[   44.836375]  snapshot_release+0xac/0x200
[   44.836381]  __fput+0x41f/0xb70
[   44.836391]  ____fput+0x22/0x30
[   44.836397]  task_work_run+0x19e/0x2b0
[   44.836406]  ? __pfx_task_work_run+0x10/0x10
[   44.836412]  ? nsproxy_free+0x2ce/0x5b0
[   44.836418]  ? switch_task_namespaces+0x118/0x130
[   44.836424]  do_exit+0x869/0x2810
[   44.836432]  ? do_group_exit+0x1d8/0x2c0
[   44.836439]  ? __pfx_do_exit+0x10/0x10
[   44.836444]  ? __this_cpu_preempt_check+0x21/0x30
[   44.836449]  ? _raw_spin_unlock_irq+0x2c/0x60
[   44.836455]  ? lockdep_hardirqs_on+0x85/0x110
[   44.836461]  ? _raw_spin_unlock_irq+0x2c/0x60
[   44.836467]  ? trace_hardirqs_on+0x26/0x130
[   44.836475]  do_group_exit+0xe4/0x2c0
[   44.836482]  __x64_sys_exit_group+0x4d/0x60
[   44.836488]  x64_sys_call+0x21a2/0x21b0
[   44.836494]  do_syscall_64+0x6d/0x1180
[   44.836501]  entry_SYSCALL_64_after_hwframe+0x76/0x7e
[   44.836506] RIP: 0033:0x7fc795b18a4d
[   44.836512] Code: Unable to access opcode bytes at 0x7fc795b18a23.
[   44.836515] RSP: 002b:00007ffd3b7eb888 EFLAGS: 00000246 ORIG_RAX: 00000000000000e7
[   44.836519] RAX: ffffffffffffffda RBX: 00007fc795bf69e0 RCX: 00007fc795b18a4d
[   44.836523] RDX: 00000000000000e7 RSI: ffffffffffffff80 RDI: 0000000000000001
[   44.836526] RBP: 0000000000000001 R08: 0000000000000000 R09: 0000000000000020
[   44.836529] R10: 00007ffd3b7eb730 R11: 0000000000000246 R12: 00007fc795bf69e0
[   44.836532] R13: 00007fc795bfbf00 R14: 0000000000000001 R15: 00007fc795bfbee8
[   44.836540]  </TASK>
