c[?7l[2J[0mSeaBIOS (version rel-1.16.0-0-gd239552ce722-prebuilt.qemu.org)


iPXE (http://ipxe.org) 00:03.0 CA00 PCI2.10 PnP PMM+7FF91000+7FEF1000 CA00
Press Ctrl-B to configure iPXE (PCI 00:03.0)...                                                                               


Booting from ROM...
c[?7l[2J[    0.000000] Linux version 6.19.0-rc3-eea921fb5935+ (root@p-arls02) (gcc (GCC) 11.5.0 20240719 (Red Hat 11.5.0-14), GNU ld version 2.35.2-69.el9) #1 SMP PREEMPT_DYNAMIC Wed Jan 14 12:53:54 CST 2026
[    0.000000] Command line: console=ttyS0 root=/dev/sda earlyprintk=serial net.ifnames=0 plymouth.enable=0
[    0.000000] KERNEL supported cpus:
[    0.000000]   Intel GenuineIntel
[    0.000000]   AMD AuthenticAMD
[    0.000000]   Hygon HygonGenuine
[    0.000000]   Centaur CentaurHauls
[    0.000000]   zhaoxin   Shanghai  
[    0.000000] x86/CPU: Model not found in latest microcode list
[    0.000000] x86/split lock detection: #DB: warning on user-space bus_locks
[    0.000000] BIOS-provided physical RAM map:
[    0.000000] BIOS-e820: [mem 0x0000000000000000-0x000000000009fbff] usable
[    0.000000] BIOS-e820: [mem 0x000000000009fc00-0x000000000009ffff] reserved
[    0.000000] BIOS-e820: [mem 0x00000000000f0000-0x00000000000fffff] reserved
[    0.000000] BIOS-e820: [mem 0x0000000000100000-0x000000007ffdffff] usable
[    0.000000] BIOS-e820: [mem 0x000000007ffe0000-0x000000007fffffff] reserved
[    0.000000] BIOS-e820: [mem 0x00000000feffc000-0x00000000feffffff] reserved
[    0.000000] BIOS-e820: [mem 0x00000000fffc0000-0x00000000ffffffff] reserved
[    0.000000] printk: legacy bootconsole [earlyser0] enabled
[    0.000000] NX (Execute Disable) protection: active
[    0.000000] APIC: Static calls initialized
[    0.000000] SMBIOS 2.8 present.
[    0.000000] DMI: QEMU Standard PC (i440FX + PIIX, 1996), BIOS rel-1.16.0-0-gd239552ce722-prebuilt.qemu.org 04/01/2014
[    0.000000] DMI: Memory slots populated: 1/1
[    0.000000] Hypervisor detected: KVM
[    0.000000] last_pfn = 0x7ffe0 max_arch_pfn = 0x400000000
[    0.000000] kvm-clock: Using msrs 4b564d01 and 4b564d00
[    0.000004] kvm-clock: using sched offset of 1157863391 cycles
[    0.000479] clocksource: kvm-clock: mask: 0xffffffffffffffff max_cycles: 0x1cd42e4dffb, max_idle_ns: 881590591483 ns
[    0.001934] tsc: Detected 1267.200 MHz processor
[    0.009068] last_pfn = 0x7ffe0 max_arch_pfn = 0x400000000
[    0.009609] MTRR map: 4 entries (3 fixed + 1 variable; max 19), built from 8 variable MTRRs
[    0.010348] x86/PAT: Configuration [0-7]: WB  WC  UC- UC  WB  WP  UC- WT  
[    0.021107] found SMP MP-table at [mem 0x000f5ba0-0x000f5baf]
[    0.021648] Using GB pages for direct mapping
[    0.024035] ACPI: Early table checksum verification disabled
[    0.024532] ACPI: RSDP 0x00000000000F59C0 000014 (v00 BOCHS )
[    0.025055] ACPI: RSDT 0x000000007FFE1951 000034 (v01 BOCHS  BXPC     00000001 BXPC 00000001)
[    0.025824] ACPI: FACP 0x000000007FFE17FD 000074 (v01 BOCHS  BXPC     00000001 BXPC 00000001)
[    0.026600] ACPI: DSDT 0x000000007FFE0040 0017BD (v01 BOCHS  BXPC     00000001 BXPC 00000001)
[    0.027362] ACPI: FACS 0x000000007FFE0000 000040
[    0.027782] ACPI: APIC 0x000000007FFE1871 000080 (v01 BOCHS  BXPC     00000001 BXPC 00000001)
[    0.028563] ACPI: HPET 0x000000007FFE18F1 000038 (v01 BOCHS  BXPC     00000001 BXPC 00000001)
[    0.029324] ACPI: WAET 0x000000007FFE1929 000028 (v01 BOCHS  BXPC     00000001 BXPC 00000001)
[    0.030080] ACPI: Reserving FACP table memory at [mem 0x7ffe17fd-0x7ffe1870]
[    0.030701] ACPI: Reserving DSDT table memory at [mem 0x7ffe0040-0x7ffe17fc]
[    0.031322] ACPI: Reserving FACS table memory at [mem 0x7ffe0000-0x7ffe003f]
[    0.031939] ACPI: Reserving APIC table memory at [mem 0x7ffe1871-0x7ffe18f0]
[    0.032561] ACPI: Reserving HPET table memory at [mem 0x7ffe18f1-0x7ffe1928]
[    0.033184] ACPI: Reserving WAET table memory at [mem 0x7ffe1929-0x7ffe1950]
[    0.034333] No NUMA configuration found
[    0.034658] Faking a node at [mem 0x0000000000000000-0x000000007ffdffff]
[    0.035287] NODE_DATA(0) allocated [mem 0x7ffb4ec0-0x7ffdfcbf]
[    0.036467] Zone ranges:
[    0.036683]   DMA      [mem 0x0000000000001000-0x0000000000ffffff]
[    0.037230]   DMA32    [mem 0x0000000001000000-0x000000007ffdffff]
[    0.037773]   Normal   empty
[    0.038032]   Device   empty
[    0.038293] Movable zone start for each node
[    0.038677] Early memory node ranges
[    0.038992]   node   0: [mem 0x0000000000001000-0x000000000009efff]
[    0.039547]   node   0: [mem 0x0000000000100000-0x000000007ffdffff]
[    0.040098] Initmem setup node 0 [mem 0x0000000000001000-0x000000007ffdffff]
[    0.041346] On node 0, zone DMA: 1 pages in unavailable ranges
[    0.042181] On node 0, zone DMA: 97 pages in unavailable ranges
[    0.124620] On node 0, zone DMA32: 32 pages in unavailable ranges
[    0.664286] KernelAddressSanitizer initialized (generic)
[    0.665123] ACPI: PM-Timer IO Port: 0x608
[    0.665526] ACPI: LAPIC_NMI (acpi_id[0xff] dfl dfl lint[0x1])
[    0.666170] IOAPIC[0]: apic_id 0, version 17, address 0xfec00000, GSI 0-23
[    0.666794] ACPI: INT_SRC_OVR (bus 0 bus_irq 0 global_irq 2 dfl dfl)
[    0.667360] ACPI: INT_SRC_OVR (bus 0 bus_irq 5 global_irq 5 high level)
[    0.667942] ACPI: INT_SRC_OVR (bus 0 bus_irq 9 global_irq 9 high level)
[    0.668530] ACPI: INT_SRC_OVR (bus 0 bus_irq 10 global_irq 10 high level)
[    0.669124] ACPI: INT_SRC_OVR (bus 0 bus_irq 11 global_irq 11 high level)
[    0.669743] ACPI: Using ACPI (MADT) for SMP configuration information
[    0.670315] ACPI: HPET id: 0x8086a201 base: 0xfed00000
[    0.670785] TSC deadline timer available
[    0.671138] CPU topo: Max. logical packages:   1
[    0.671548] CPU topo: Max. logical dies:       1
[    0.671956] CPU topo: Max. dies per package:   1
[    0.672370] CPU topo: Max. threads per core:   1
[    0.672776] CPU topo: Num. cores per package:     2
[    0.673207] CPU topo: Num. threads per package:   2
[    0.673635] CPU topo: Allowing 2 present CPUs plus 0 hotplug CPUs
[    0.674237] kvm-guest: APIC: eoi() replaced with kvm_guest_apic_eoi_write()
[    0.674888] kvm-guest: KVM setup pv remote TLB flush
[    0.675332] kvm-guest: setup PV sched yield
[    0.675757] PM: hibernation: Registered nosave memory: [mem 0x00000000-0x00000fff]
[    0.676430] PM: hibernation: Registered nosave memory: [mem 0x0009f000-0x000fffff]
[    0.677095] [mem 0x80000000-0xfeffbfff] available for PCI devices
[    0.677636] Booting paravirtualized kernel on KVM
[    0.678062] clocksource: refined-jiffies: mask: 0xffffffff max_cycles: 0xffffffff, max_idle_ns: 7645519600211568 ns
[    0.679001] setup_percpu: NR_CPUS:8192 nr_cpumask_bits:2 nr_cpu_ids:2 nr_node_ids:1
[    0.720453] percpu: Embedded 81 pages/cpu s294912 r8192 d28672 u1048576
[    0.721300] kvm-guest: PV spinlocks enabled
[    0.721687] PV qspinlock hash table entries: 256 (order: 0, 4096 bytes, linear)
[    0.722350] Kernel command line: net.ifnames=0 console=ttyS0 root=/dev/sda earlyprintk=serial net.ifnames=0 plymouth.enable=0
[    0.723661] random: crng init done
[    0.723970] printk: log buffer data + meta data: 262144 + 917504 = 1179648 bytes
[    0.771648] Dentry cache hash table entries: 262144 (order: 9, 2097152 bytes, linear)
[    0.774000] Inode-cache hash table entries: 131072 (order: 8, 1048576 bytes, linear)
[    0.775221] Fallback order for Node 0: 0 
[    0.775240] Built 1 zonelists, mobility grouping on.  Total pages: 524158
[    0.776153] Policy zone: DMA32
[    0.776442] mem auto-init: stack:off, heap alloc:off, heap free:off
[    0.776974] stackdepot: allocating hash table via alloc_large_system_hash
[    0.777563] stackdepot hash table entries: 1048576 (order: 12, 16777216 bytes, linear)
[    0.796093] stackdepot: allocating space for 8192 stack pools via memblock
[    0.834265] SLUB: HWalign=64, Order=0-3, MinObjects=0, CPUs=2, Nodes=1
[    0.834827] kmemleak: Kernel memory leak detector disabled
[    0.877876] ftrace: allocating 75272 entries in 296 pages
[    0.878355] ftrace: allocated 296 pages with 3 groups
[    0.883615] Dynamic Preempt: voluntary
[    0.884488] Running RCU self tests
[    0.884764] Running RCU synchronous self tests
[    0.885128] rcu: Preemptible hierarchical RCU implementation.
[    0.885599] rcu: 	RCU lockdep checking is enabled.
[    0.885986] rcu: 	RCU restricting CPUs from NR_CPUS=8192 to nr_cpu_ids=2.
[    0.886542] 	Trampoline variant of Tasks RCU enabled.
[    0.886953] 	Rude variant of Tasks RCU enabled.
[    0.887322] 	Tracing variant of Tasks RCU enabled.
[    0.887713] rcu: RCU calculated value of scheduler-enlistment delay is 25 jiffies.
[    0.888330] rcu: Adjusting geometry for rcu_fanout_leaf=16, nr_cpu_ids=2
[    0.888980] Running RCU synchronous self tests
[    0.889353] RCU Tasks: Setting shift to 1 and lim to 1 rcu_task_cb_adjust=1 rcu_task_cpu_ids=2.
[    0.890065] RCU Tasks Rude: Setting shift to 1 and lim to 1 rcu_task_cb_adjust=1 rcu_task_cpu_ids=2.
[    0.890814] RCU Tasks Trace: Setting shift to 1 and lim to 1 rcu_task_cb_adjust=1 rcu_task_cpu_ids=2.
[    0.961121] NR_IRQS: 524544, nr_irqs: 440, preallocated irqs: 16
[    0.962245] rcu: srcu_init: Setting srcu_struct sizes based on contention.
[    0.969943] Console: colour VGA+ 80x25
[    0.970353] printk: legacy console [ttyS0] enabled
[    0.970353] printk: legacy console [ttyS0] enabled
[    0.971165] printk: legacy bootconsole [earlyser0] disabled
[    0.971165] printk: legacy bootconsole [earlyser0] disabled
[    0.972104] Lock dependency validator: Copyright (c) 2006 Red Hat, Inc., Ingo Molnar
[    0.972755] ... MAX_LOCKDEP_SUBCLASSES:  8
[    0.973104] ... MAX_LOCK_DEPTH:          48
[    0.973464] ... MAX_LOCKDEP_KEYS:        8192
[    0.973836] ... CLASSHASH_SIZE:          4096
[    0.974210] ... MAX_LOCKDEP_ENTRIES:     524288
[    0.974595] ... MAX_LOCKDEP_CHAINS:      524288
[    0.974986] ... CHAINHASH_SIZE:          262144
[    0.975375]  memory used by lock dependency info: 54145 kB
[    0.975840]  memory used for stack traces: 4224 kB
[    0.976254]  per task-struct memory footprint: 1920 bytes
[    0.976802] ACPI: Core revision 20250807
[    0.977550] clocksource: hpet: mask: 0xffffffff max_cycles: 0xffffffff, max_idle_ns: 19112604467 ns
[    0.978513] APIC: Switch to symmetric I/O mode setup
[    0.979109] x2apic enabled
[    0.979708] APIC: Switched APIC routing to: physical x2apic
[    0.980191] kvm-guest: APIC: send_IPI_mask() replaced with kvm_send_ipi_mask()
[    0.980829] kvm-guest: APIC: send_IPI_mask_allbutself() replaced with kvm_send_ipi_mask_allbutself()
[    0.981603] kvm-guest: setup PV IPIs
[    0.982955] ..TIMER: vector=0x30 apic1=0 pin1=2 apic2=-1 pin2=-1
[    0.983478] clocksource: tsc-early: mask: 0xffffffffffffffff max_cycles: 0x12441513526, max_idle_ns: 440795239872 ns
[    0.984385] Calibrating delay loop (skipped) preset value.. 2534.40 BogoMIPS (lpj=5068800)
[    0.985261] CPU0: Thermal monitoring enabled (TM1)
[    0.985687] x86/cpu: User Mode Instruction Prevention (UMIP) activated
[    0.986352] Last level iTLB entries: 4KB 0, 2MB 0, 4MB 0
[    0.988392] Last level dTLB entries: 4KB 0, 2MB 0, 4MB 0, 1GB 0
[    0.988914] mitigations: Enabled attack vectors: user_kernel, user_user, guest_host, guest_guest, SMT mitigations: auto
[    0.989824] Speculative Store Bypass: Mitigation: Speculative Store Bypass disabled via prctl
[    0.990536] Spectre V2 : Mitigation: Enhanced / Automatic IBRS
[    0.991029] ITS: Mitigation: Aligned branch/return thunks
[    0.991485] Spectre V1 : Mitigation: usercopy/swapgs barriers and __user pointer sanitization
[    0.992370] Spectre V2 : WARNING: Unprivileged eBPF is enabled with eIBRS on, data leaks possible via Spectre v2 BHB attacks!
[    0.993308] Spectre V2 : Spectre v2 / PBRSB-eIBRS: Retire a single CALL on VMEXIT
[    0.993923] Spectre V2 : mitigation: Enabling conditional Indirect Branch Prediction Barrier
[    0.994603] active return thunk: its_return_thunk
[    0.994995] Spectre V2 : Spectre BHI mitigation: SW BHB clearing on syscall and VM exit
[    0.995672] x86/fpu: Supporting XSAVE feature 0x001: 'x87 floating point registers'
[    0.996369] x86/fpu: Supporting XSAVE feature 0x002: 'SSE registers'
[    0.996908] x86/fpu: Supporting XSAVE feature 0x004: 'AVX registers'
[    0.997443] x86/fpu: Supporting XSAVE feature 0x200: 'Protection Keys User registers'
[    0.998107] x86/fpu: xstate_offset[2]:  576, xstate_sizes[2]:  256
[    0.998628] x86/fpu: xstate_offset[9]:  832, xstate_sizes[9]:    8
[    0.999156] x86/fpu: Enabled xstate features 0x207, context size is 840 bytes, using 'compacted' format.
[    1.137818] Freeing SMP alternatives memory: 64K
[    1.138261] pid_max: default: 32768 minimum: 301
[    1.139059] Yama: becoming mindful.
[    1.139765] Mount-cache hash table entries: 4096 (order: 3, 32768 bytes, linear)
[    1.140374] Mountpoint-cache hash table entries: 4096 (order: 3, 32768 bytes, linear)
[    1.142764] Running RCU synchronous self tests
[    1.143151] Running RCU synchronous self tests
[    1.144022] smpboot: CPU0: Genuine Intel(R) 0000 @ (family: 0x6, model: 0xc6, stepping: 0x0)
[    1.144366] Performance Events: unsupported CPU family 6 model 198 no PMU driver, software events only.
[    1.144366] signal: max sigframe size: 3632
[    1.144366] rcu: Hierarchical SRCU implementation.
[    1.144366] rcu: 	Max phase no-delay instances is 1000.
[    1.144679] Timer migration: 1 hierarchy levels; 8 children per group; 1 crossnode level
[    1.163720] NMI watchdog: Perf NMI watchdog permanently disabled
[    1.164518] smp: Bringing up secondary CPUs ...
[    1.166429] smpboot: x86: Booting SMP configuration:
[    1.166867] .... node  #0, CPUs:      #1
[    1.167231] smp: Brought up 1 node, 2 CPUs
[    1.168749] smpboot: Total of 2 processors activated (5068.80 BogoMIPS)
[    1.170073] Memory: 1538728K/2096632K available (80930K kernel code, 15562K rwdata, 18816K rodata, 16420K init, 70000K bss, 546452K reserved, 0K cma-reserved)
[    1.172411] devtmpfs: initialized
[    1.173547] x86/mm: Memory block size: 128MB
[    1.185271] Running RCU synchronous self tests
[    1.185713] Running RCU synchronous self tests
[    1.186103] Running RCU Tasks wait API self tests
[    1.188446] Running RCU Tasks Rude wait API self tests
[    1.188800] Running RCU Tasks Trace wait API self tests
[    1.208458] clocksource: jiffies: mask: 0xffffffff max_cycles: 0xffffffff, max_idle_ns: 7645041785100000 ns
[    1.209512] posixtimers hash table entries: 1024 (order: 5, 73728 bytes, linear)
[    1.210226] futex hash table entries: 512 (65536 bytes on 1 NUMA nodes, total 64 KiB, linear).
[    1.211529] 
[    1.211529] *************************************************************
[    1.211529] **     NOTICE NOTICE NOTICE NOTICE NOTICE NOTICE NOTICE    **
[    1.211529] **                                                         **
[    1.211529] **  IOMMU DebugFS SUPPORT HAS BEEN ENABLED IN THIS KERNEL  **
[    1.211971] **                                                         **
[    1.212374] ** This means that this kernel is built to expose internal **
[    1.212924] ** IOMMU data structures, which may compromise security on **
[    1.216484] ** your system.                                            **
[    1.216484] **                                                         **
[    1.216484] ** If you see this message and you are not debugging the   **
[    1.216484] ** kernel, report this immediately to your vendor!         **
[    1.216484] **                                                         **
[    1.216484] **     NOTICE NOTICE NOTICE NOTICE NOTICE NOTICE NOTICE    **
[    1.216484] *************************************************************
[    1.220394] PM: RTC time: 04:56:54, date: 2026-01-14
[    1.222142] NET: Registered PF_NETLINK/PF_ROUTE protocol family
[    1.224131] DMA: preallocated 256 KiB GFP_KERNEL pool for atomic allocations
[    1.224404] DMA: preallocated 256 KiB GFP_KERNEL|GFP_DMA pool for atomic allocations
[    1.225052] DMA: preallocated 256 KiB GFP_KERNEL|GFP_DMA32 pool for atomic allocations
[    1.225781] audit: initializing netlink subsys (disabled)
[    1.228560] audit: type=2000 audit(1768366614.656:1): state=initialized audit_enabled=0 res=1
[    1.230049] thermal_sys: Registered thermal governor 'fair_share'
[    1.230057] thermal_sys: Registered thermal governor 'bang_bang'
[    1.232378] thermal_sys: Registered thermal governor 'step_wise'
[    1.232872] thermal_sys: Registered thermal governor 'user_space'
[    1.233454] cpuidle: using governor ladder
[    1.233454] cpuidle: using governor menu
[    1.233454] acpiphp: ACPI Hot Plug PCI Controller Driver version: 0.5
[    1.234323] PCI: Using configuration type 1 for base access
[    1.236666] kprobes: kprobe jump-optimization is enabled. All kprobes are optimized if possible.
[    1.260442] Callback from call_rcu_tasks_trace() invoked.
[    1.330824] HugeTLB: registered 1.00 GiB page size, pre-allocated 0 pages
[    1.331435] HugeTLB: 16380 KiB vmemmap can be freed for a 1.00 GiB page
[    1.331985] HugeTLB: registered 2.00 MiB page size, pre-allocated 0 pages
[    1.332374] HugeTLB: 28 KiB vmemmap can be freed for a 2.00 MiB page
[    1.343854] ACPI: Added _OSI(Module Device)
[    1.344263] ACPI: Added _OSI(Processor Device)
[    1.344381] ACPI: Added _OSI(Processor Aggregator Device)
[    1.359667] ACPI: 1 ACPI AML tables successfully acquired and loaded
[    1.366156] ACPI: Interpreter enabled
[    1.366621] ACPI: PM: (supports S0 S3 S4 S5)
[    1.366988] ACPI: Using IOAPIC for interrupt routing
[    1.367593] PCI: Using host bridge windows from ACPI; if necessary, use "pci=nocrs" and report a bug
[    1.368349] PCI: Using E820 reservations for host bridge windows
[    1.369513] ACPI: Enabled 2 GPEs in block 00 to 0F
[    1.406861] ACPI: PCI Root Bridge [PCI0] (domain 0000 [bus 00-ff])
[    1.407472] acpi PNP0A03:00: _OSC: OS supports [ASPM ClockPM Segments MSI EDR HPX-Type3]
[    1.408171] acpi PNP0A03:00: _OSC: not requesting OS control; OS requires [ExtendedConfig ASPM ClockPM MSI]
[    1.408518] acpi PNP0A03:00: fail to add MMCONFIG information, can't access extended configuration space under this bridge
[    1.414006] acpiphp: Slot [3] registered
[    1.414508] acpiphp: Slot [4] registered
[    1.414983] acpiphp: Slot [5] registered
[    1.415445] acpiphp: Slot [6] registered
[    1.415908] acpiphp: Slot [7] registered
[    1.416401] acpiphp: Slot [8] registered
[    1.416873] acpiphp: Slot [9] registered
[    1.417356] acpiphp: Slot [10] registered
[    1.417826] acpiphp: Slot [11] registered
[    1.418321] acpiphp: Slot [12] registered
[    1.418793] acpiphp: Slot [13] registered
[    1.419275] acpiphp: Slot [14] registered
[    1.419744] acpiphp: Slot [15] registered
[    1.420249] acpiphp: Slot [16] registered
[    1.420494] acpiphp: Slot [17] registered
[    1.420973] acpiphp: Slot [18] registered
[    1.421451] acpiphp: Slot [19] registered
[    1.421958] acpiphp: Slot [20] registered
[    1.422458] acpiphp: Slot [21] registered
[    1.422937] acpiphp: Slot [22] registered
[    1.423409] acpiphp: Slot [23] registered
[    1.423917] acpiphp: Slot [24] registered
[    1.424403] acpiphp: Slot [25] registered
[    1.424878] acpiphp: Slot [26] registered
[    1.425354] acpiphp: Slot [27] registered
[    1.425856] acpiphp: Slot [28] registered
[    1.426325] acpiphp: Slot [29] registered
[    1.426814] acpiphp: Slot [30] registered
[    1.427294] acpiphp: Slot [31] registered
[    1.427725] PCI host bridge to bus 0000:00
[    1.428143] pci_bus 0000:00: root bus resource [io  0x0000-0x0cf7 window]
[    1.428389] pci_bus 0000:00: root bus resource [io  0x0d00-0xffff window]
[    1.428976] pci_bus 0000:00: root bus resource [mem 0x000a0000-0x000bffff window]
[    1.429624] pci_bus 0000:00: root bus resource [mem 0x80000000-0xfebfffff window]
[    1.430268] pci_bus 0000:00: root bus resource [mem 0x100000000-0x17fffffff window]
[    1.430934] pci_bus 0000:00: root bus resource [bus 00-ff]
[    1.431576] pci 0000:00:00.0: [8086:1237] type 00 class 0x060000 conventional PCI endpoint
[    1.440854] pci 0000:00:01.0: [8086:7000] type 00 class 0x060100 conventional PCI endpoint
[    1.443002] pci 0000:00:01.1: [8086:7010] type 00 class 0x010180 conventional PCI endpoint
[    1.444337] pci 0000:00:01.1: BAR 4 [io  0xc040-0xc04f]
[    1.444408] pci 0000:00:01.1: BAR 0 [io  0x01f0-0x01f7]: legacy IDE quirk
[    1.444998] pci 0000:00:01.1: BAR 1 [io  0x03f6]: legacy IDE quirk
[    1.445532] pci 0000:00:01.1: BAR 2 [io  0x0170-0x0177]: legacy IDE quirk
[    1.446127] pci 0000:00:01.1: BAR 3 [io  0x0376]: legacy IDE quirk
[    1.447239] pci 0000:00:01.3: [8086:7113] type 00 class 0x068000 conventional PCI endpoint
[    1.448252] pci 0000:00:01.3: quirk: [io  0x0600-0x063f] claimed by PIIX4 ACPI
[    1.448382] pci 0000:00:01.3: quirk: [io  0x0700-0x070f] claimed by PIIX4 SMB
[    1.449555] pci 0000:00:02.0: [1234:1111] type 00 class 0x030000 conventional PCI endpoint
[    1.453086] pci 0000:00:02.0: BAR 0 [mem 0xfd000000-0xfdffffff pref]
[    1.453753] pci 0000:00:02.0: BAR 2 [mem 0xfebf0000-0xfebf0fff]
[    1.454285] pci 0000:00:02.0: ROM [mem 0xfebe0000-0xfebeffff pref]
[    1.455316] pci 0000:00:02.0: Video device with shadowed ROM at [mem 0x000c0000-0x000dffff]
[    1.466576] pci 0000:00:03.0: [8086:100e] type 00 class 0x020000 conventional PCI endpoint
[    1.469325] pci 0000:00:03.0: BAR 0 [mem 0xfebc0000-0xfebdffff]
[    1.470452] pci 0000:00:03.0: BAR 1 [io  0xc000-0xc03f]
[    1.471496] pci 0000:00:03.0: ROM [mem 0xfeb80000-0xfebbffff pref]
[    1.497059] ACPI: PCI: Interrupt link LNKA configured for IRQ 10
[    1.498689] ACPI: PCI: Interrupt link LNKB configured for IRQ 10
[    1.500080] ACPI: PCI: Interrupt link LNKC configured for IRQ 11
[    1.501222] ACPI: PCI: Interrupt link LNKD configured for IRQ 11
[    1.502138] ACPI: PCI: Interrupt link LNKS configured for IRQ 9
[    1.507047] iommu: Default domain type: Translated
[    1.507496] iommu: DMA domain TLB invalidation policy: lazy mode
[    1.512970] SCSI subsystem initialized
[    1.514205] ACPI: bus type USB registered
[    1.514890] usbcore: registered new interface driver usbfs
[    1.515526] usbcore: registered new interface driver hub
[    1.516080] usbcore: registered new device driver usb
[    1.517708] pps_core: LinuxPPS API ver. 1 registered
[    1.518155] pps_core: Software ver. 5.3.6 - Copyright 2005-2007 Rodolfo Giometti <giometti@linux.it>
[    1.519000] PTP clock support registered
[    1.519971] EDAC MC: Ver: 3.0.0
[    1.527879] NetLabel: Initializing
[    1.528234] NetLabel:  domain hash size = 128
[    1.528375] NetLabel:  protocols = UNLABELED CIPSOv4 CALIPSO
[    1.529085] NetLabel:  unlabeled traffic allowed by default
[    1.529954] PCI: Using ACPI for IRQ routing
[    1.532601] pci 0000:00:02.0: vgaarb: setting as boot VGA device
[    1.533135] pci 0000:00:02.0: vgaarb: bridge control possible
[    1.533629] pci 0000:00:02.0: vgaarb: VGA device added: decodes=io+mem,owns=io+mem,locks=none
[    1.534350] vgaarb: loaded
[    1.535745] hpet0: at MMIO 0xfed00000, IRQs 2, 8, 0
[    1.536176] hpet0: 3 comparators, 64-bit 100.000000 MHz counter
[    1.541245] clocksource: Switched to clocksource kvm-clock
[    3.702094] VFS: Disk quotas dquot_6.6.0
[    3.702546] VFS: Dquot-cache hash table entries: 512 (order 0, 4096 bytes)
[    3.706955] pnp: PnP ACPI init
[    3.711212] pnp: PnP ACPI: found 6 devices
[    3.759399] clocksource: acpi_pm: mask: 0xffffff max_cycles: 0xffffff, max_idle_ns: 2085701024 ns
[    3.760730] NET: Registered PF_INET protocol family
[    3.761534] IP idents hash table entries: 32768 (order: 6, 262144 bytes, linear)
[    3.763927] tcp_listen_portaddr_hash hash table entries: 1024 (order: 5, 73728 bytes, linear)
[    3.764731] Table-perturb hash table entries: 65536 (order: 6, 262144 bytes, linear)
[    3.765504] TCP established hash table entries: 16384 (order: 5, 131072 bytes, linear)
[    3.766815] TCP bind hash table entries: 16384 (order: 10, 2359296 bytes, linear)
[    3.803055] TCP: Hash tables configured (established 16384 bind 16384)
[    3.803905] UDP hash table entries: 1024 (order: 6, 262144 bytes, linear)
[    3.804566] UDP-Lite hash table entries: 1024 (order: 6, 262144 bytes, linear)
[    3.805739] NET: Registered PF_UNIX/PF_LOCAL protocol family
[    3.808483] RPC: Registered named UNIX socket transport module.
[    3.809015] RPC: Registered udp transport module.
[    3.809403] RPC: Registered tcp transport module.
[    3.809809] RPC: Registered tcp-with-tls transport module.
[    3.810253] RPC: Registered tcp NFSv4.1 backchannel transport module.
[    3.810837] pci_bus 0000:00: resource 4 [io  0x0000-0x0cf7 window]
[    3.811014] Callback from call_rcu_tasks() invoked.
[    3.811352] pci_bus 0000:00: resource 5 [io  0x0d00-0xffff window]
[    3.812276] pci_bus 0000:00: resource 6 [mem 0x000a0000-0x000bffff window]
[    3.812843] pci_bus 0000:00: resource 7 [mem 0x80000000-0xfebfffff window]
[    3.813402] pci_bus 0000:00: resource 8 [mem 0x100000000-0x17fffffff window]
[    3.814329] pci 0000:00:01.0: PIIX3: Enabling Passive Release
[    3.814816] pci 0000:00:00.0: Limiting direct PCI/PCI transfers
[    3.815384] PCI: CLS 0 bytes, default 64
[    3.815903] ACPI: bus type thunderbolt registered
[    3.816828] clocksource: tsc: mask: 0xffffffffffffffff max_cycles: 0x12441513526, max_idle_ns: 440795239872 ns
[    3.825500] Initialise system trusted keyrings
[    3.826157] Key type blacklist registered
[    3.827914] workingset: timestamp_bits=36 max_order=19 bucket_order=0
[    3.830724] squashfs: version 4.0 (2009/01/31) Phillip Lougher
[    3.833488] NFS: Registering the id_resolver key type
[    3.833981] Key type id_resolver registered
[    3.834333] Key type id_legacy registered
[    3.834735] nfs4filelayout_init: NFSv4 File Layout Driver Registering...
[    3.835329] nfs4flexfilelayout_init: NFSv4 Flexfile Layout Driver Registering...
[    3.836709] fuse: init (API version 7.45)
[    3.838064] SGI XFS with ACLs, security attributes, realtime, quota, no debug enabled
[    3.841247] 9p: Installing v9fs 9p2000 file system support
[    3.856639] Key type asymmetric registered
[    3.857059] Asymmetric key parser 'x509' registered
[    3.857742] Block layer SCSI generic (bsg) driver version 0.4 loaded (major 241)
[    3.859265] io scheduler mq-deadline registered
[    3.859919] io scheduler bfq registered
[    3.861233] ledtrig-cpu: registered to indicate activity on CPUs
[    3.863521] IPMI message handler: version 39.2
[    3.863982] ipmi device interface
[    3.866542] input: Power Button as /devices/LNXSYSTM:00/LNXPWRBN:00/input/input0
[    3.867708] ACPI: button: Power Button [PWRF]
[    3.870604] ERST DBG: ERST support is disabled.
[    3.872973] Serial: 8250/16550 driver, 32 ports, IRQ sharing enabled
[    3.875363] 00:04: ttyS0 at I/O 0x3f8 (irq = 4, base_baud = 115200) is a 16550A
[    3.913766] Linux agpgart interface v0.103
[    3.917559] ACPI: bus type drm_connector registered
[    3.948167] brd: module loaded
[    3.971273] loop: module loaded
[    3.987217] scsi host0: ata_piix
[    3.989340] scsi host1: ata_piix
[    3.990184] ata1: PATA max MWDMA2 cmd 0x1f0 ctl 0x3f6 bmdma 0xc040 irq 14 lpm-pol 0
[    3.990822] ata2: PATA max MWDMA2 cmd 0x170 ctl 0x376 bmdma 0xc048 irq 15 lpm-pol 0
[    3.994614] tun: Universal TUN/TAP device driver, 1.6
[    3.995863] e100: Intel(R) PRO/100 Network Driver
[    3.996263] e100: Copyright(c) 1999-2006 Intel Corporation
[    3.996841] e1000: Intel(R) PRO/1000 Network Driver
[    3.997241] e1000: Copyright (c) 1999-2006 Intel Corporation.
[    4.145880] ata1: found unknown device (class 0)
[    4.147091] ata1.00: ATA-7: QEMU HARDDISK, 2.5+, max UDMA/100
[    4.147572] ata1.00: 17196647 sectors, multi 16: LBA48 
[    4.149372] scsi 0:0:0:0: Direct-Access     ATA      QEMU HARDDISK    2.5+ PQ: 0 ANSI: 5
[    4.149827] ata2: found unknown device (class 0)
[    4.152645] sd 0:0:0:0: Attached scsi generic sg0 type 0
[    4.153501] sd 0:0:0:0: [sda] 17196647 512-byte logical blocks: (8.80 GB/8.20 GiB)
[    4.154104] ata2.00: ATAPI: QEMU DVD-ROM, 2.5+, max UDMA/100
[    4.154473] sd 0:0:0:0: [sda] Write Protect is off
[    4.156003] sd 0:0:0:0: [sda] Write cache: enabled, read cache: enabled, doesn't support DPO or FUA
[    4.156999] sd 0:0:0:0: [sda] Preferred minimum I/O size 512 bytes
[    4.161607] scsi 1:0:0:0: CD-ROM            QEMU     QEMU DVD-ROM     2.5+ PQ: 0 ANSI: 5
[    4.179915] scsi 1:0:0:0: Attached scsi generic sg1 type 5
[    4.183984] sd 0:0:0:0: [sda] Attached SCSI disk
[    4.649005] ACPI: \_SB_.LNKC: Enabled at IRQ 11
[    4.961796] e1000 0000:00:03.0 eth0: (PCI:33MHz:32-bit) 52:54:00:12:34:56
[    4.962441] e1000 0000:00:03.0 eth0: Intel(R) PRO/1000 Network Connection
[    4.963234] e1000e: Intel(R) PRO/1000 Network Driver
[    4.963661] e1000e: Copyright(c) 1999 - 2015 Intel Corporation.
[    4.964316] igb: Intel(R) Gigabit Ethernet Network Driver
[    4.964773] igb: Copyright (c) 2007-2014 Intel Corporation.
[    4.965713] PPP generic driver version 2.4.2
[    4.968016] VFIO - User Level meta-driver version: 0.3
[    4.971359] usbcore: registered new interface driver uas
[    4.971987] usbcore: registered new interface driver usb-storage
[    4.972834] i8042: PNP: PS/2 Controller [PNP0303:KBD,PNP0f13:MOU] at 0x60,0x64 irq 1,12
[    4.974640] serio: i8042 KBD port at 0x60,0x64 irq 1
[    4.975193] serio: i8042 AUX port at 0x60,0x64 irq 12
[    4.977382] mousedev: PS/2 mouse device common for all mice
[    4.979624] input: AT Translated Set 2 keyboard as /devices/platform/i8042/serio0/input/input1
[    4.981836] input: VirtualPS/2 VMware VMMouse as /devices/platform/i8042/serio1/input/input4
[    4.984799] rtc_cmos 00:05: RTC can wake from S4
[    4.985891] input: VirtualPS/2 VMware VMMouse as /devices/platform/i8042/serio1/input/input3
[    4.989091] rtc_cmos 00:05: registered as rtc0
[    4.990152] rtc_cmos 00:05: setting system clock to 2026-01-14T04:56:58 UTC (1768366618)
[    4.991494] rtc_cmos 00:05: alarms up to one day, y3k, 242 bytes nvram, hpet irqs
[    4.992190] i2c_dev: i2c /dev entries driver
[    4.993110] device-mapper: core: CONFIG_IMA_DISABLE_HTABLE is disabled. Duplicate IMA measurements will not be recorded in the IMA log.
[    4.994307] device-mapper: uevent: version 1.0.3
[    4.995606] device-mapper: ioctl: 4.50.0-ioctl (2025-04-28) initialised: dm-devel@lists.linux.dev
[    4.996425] intel_pstate: CPU model not supported
[    4.997128] sdhci: Secure Digital Host Controller Interface driver
[    4.997676] sdhci: Copyright(c) Pierre Ossman
[    4.998334] sdhci-pltfm: SDHCI platform and OF driver helper
[    4.999545] drop_monitor: Initializing network drop monitor service
[    5.000580] NET: Registered PF_INET6 protocol family
[    5.003948] Segment Routing with IPv6
[    5.004394] In-situ OAM (IOAM) with IPv6
[    5.004821] NET: Registered PF_PACKET protocol family
[    5.005611] 9pnet: Installing 9P2000 support
[    5.006212] Key type dns_resolver registered
[    5.008812] IPI shorthand broadcast: enabled
[    5.069097] sched_clock: Marking stable (5048008458, 17536390)->(5091405388, -25860540)
[    5.071790] registered taskstats version 1
[    5.072754] Loading compiled-in X.509 certificates
[    5.147930] Demotion targets for Node 0: null
[    5.150408] Key type .fscrypt registered
[    5.151179] Key type fscrypt-provisioning registered
[    5.183519] Key type encrypted registered
[    5.184427] ima: No TPM chip found, activating TPM-bypass!
[    5.185497] ima: Allocated hash algorithm: sha1
[    5.186645] ima: No architecture policies found
[    5.187882] evm: Initialising EVM extended attributes:
[    5.188863] evm: security.selinux
[    5.189508] evm: security.SMACK64
[    5.190167] evm: security.SMACK64EXEC
[    5.190871] evm: security.SMACK64TRANSMUTE
[    5.191656] evm: security.SMACK64MMAP
[    5.192362] evm: security.apparmor
[    5.193012] evm: security.ima
[    5.193606] evm: security.capability
[    5.194269] evm: HMAC attrs: 0x1
[    5.199817] PM:   Magic number: 10:333:919
[    5.202470] RAS: Correctable Errors collector initialized.
[    5.204039] clk: Disabling unused clocks
[    5.204874] PM: genpd: Disabling unused power domains
[    5.207241] check access for rdinit=/init failed: -2, ignoring
[    5.208001] md: Waiting for all devices to be available before autodetect
[    5.208847] md: If you don't use raid, use raid=noautodetect
[    5.209750] md: Autodetecting RAID arrays.
[    5.210326] md: autorun ...
[    5.210701] md: ... autorun DONE.
[    5.231719] EXT4-fs (sda): mounted filesystem 088740a9-c8b4-422c-999d-a804eb68a4da ro with ordered data mode. Quota mode: none.
[    5.233426] VFS: Mounted root (ext4 filesystem) readonly on device 8:0.
[    5.237836] devtmpfs: mounted
[    5.258587] Freeing unused decrypted memory: 2036K
[    5.273427] Freeing unused kernel image (initmem) memory: 16420K
[    5.274049] Write protecting the kernel read-only data: 102400k
[    5.277200] Freeing unused kernel image (text/rodata gap) memory: 988K
[    5.279722] Freeing unused kernel image (rodata/data gap) memory: 1664K
[    5.342447] x86/mm: Checked W+X mappings: passed, no W+X pages found.
[    5.342843] Run /sbin/init as init process
[    5.619642] systemd[1]: systemd 252-15.el9 running in system mode (+PAM +AUDIT +SELINUX -APPARMOR +IMA +SMACK +SECCOMP +GCRYPT +GNUTLS +OPENSSL +ACL +BLKID +CURL +ELFUTILS -FIDO2 +IDN2 -IDN -IPTC +KMOD +LIBCRYPTSETUP +LIBFDISK +PCRE2 -PWQUALITY +P11KIT -QRENCODE +TPM2 +BZIP2 +LZ4 +XZ +ZLIB +ZSTD -BPF_FRAMEWORK +XKBCOMMON +UTMP +SYSVINIT default-hierarchy=unified)
[    5.621400] systemd[1]: Detected virtualization kvm.
[    5.621872] systemd[1]: Detected architecture x86-64.

Welcome to [0;31mCentOS Stream 9[0m!

[    5.630253] systemd[1]: Hostname set to <test>.
[    5.904732] systemd-rc-local-generator[122]: /etc/rc.d/rc.local is not marked executable, skipping.
[    6.316265] systemd[1]: Queued start job for default target Multi-User System.
[    6.340693] systemd[1]: Created slice Virtual Machine and Container Slice.
[[0;32m  OK  [0m] Created slice [0;1;39mVirtual Machine and Container Slice[0m.
[    6.346471] systemd[1]: Created slice Slice /system/getty.
[[0;32m  OK  [0m] Created slice [0;1;39mSlice /system/getty[0m.
[    6.349696] systemd[1]: Created slice Slice /system/modprobe.
[[0;32m  OK  [0m] Created slice [0;1;39mSlice /system/modprobe[0m.
[    6.352986] systemd[1]: Created slice Slice /system/serial-getty.
[[0;32m  OK  [0m] Created slice [0;1;39mSlice /system/serial-getty[0m.
[    6.356127] systemd[1]: Created slice Slice /system/sshd-keygen.
[[0;32m  OK  [0m] Created slice [0;1;39mSlice /system/sshd-keygen[0m.
[    6.359154] systemd[1]: Created slice User and Session Slice.
[[0;32m  OK  [0m] Created slice [0;1;39mUser and Session Slice[0m.
[    6.360863] systemd[1]: Started Forward Password Requests to Wall Directory Watch.
[[0;32m  OK  [0m] Started [0;1;39mForward Password R…uests to Wall Directory Watch[0m.
[    6.363723] systemd[1]: Set up automount Arbitrary Executable File Formats File System Automount Point.
[[0;32m  OK  [0m] Set up automount [0;1;39mArbitrary…s File System Automount Point[0m.
[    6.365654] systemd[1]: Reached target Local Integrity Protected Volumes.
[[0;32m  OK  [0m] Reached target [0;1;39mLocal Integrity Protected Volumes[0m.
[    6.367384] systemd[1]: Reached target Slice Units.
[[0;32m  OK  [0m] Reached target [0;1;39mSlice Units[0m.
[    6.368606] systemd[1]: Reached target Swaps.
[[0;32m  OK  [0m] Reached target [0;1;39mSwaps[0m.
[    6.369767] systemd[1]: Reached target Local Verity Protected Volumes.
[[0;32m  OK  [0m] Reached target [0;1;39mLocal Verity Protected Volumes[0m.
[    6.371687] systemd[1]: Listening on Device-mapper event daemon FIFOs.
[[0;32m  OK  [0m] Listening on [0;1;39mDevice-mapper event daemon FIFOs[0m.
[    6.373988] systemd[1]: Listening on LVM2 poll daemon socket.
[[0;32m  OK  [0m] Listening on [0;1;39mLVM2 poll daemon socket[0m.
[    6.375564] systemd[1]: multipathd control socket was skipped because of an unmet condition check (ConditionPathExists=/etc/multipath.conf).
[    6.429952] systemd[1]: Listening on RPCbind Server Activation Socket.
[[0;32m  OK  [0m] Listening on [0;1;39mRPCbind Server Activation Socket[0m.
[    6.432317] systemd[1]: Reached target RPC Port Mapper.
[[0;32m  OK  [0m] Reached target [0;1;39mRPC Port Mapper[0m.
[    6.438527] systemd[1]: Listening on Process Core Dump Socket.
[[0;32m  OK  [0m] Listening on [0;1;39mProcess Core Dump Socket[0m.
[    6.441392] systemd[1]: Listening on initctl Compatibility Named Pipe.
[[0;32m  OK  [0m] Listening on [0;1;39minitctl Compatibility Named Pipe[0m.
[    6.444500] systemd[1]: Listening on Journal Socket (/dev/log).
[[0;32m  OK  [0m] Listening on [0;1;39mJournal Socket (/dev/log)[0m.
[    6.448117] systemd[1]: Listening on Journal Socket.
[[0;32m  OK  [0m] Listening on [0;1;39mJournal Socket[0m.
[    6.451015] systemd[1]: Listening on udev Control Socket.
[[0;32m  OK  [0m] Listening on [0;1;39mudev Control Socket[0m.
[    6.453413] systemd[1]: Listening on udev Kernel Socket.
[[0;32m  OK  [0m] Listening on [0;1;39mudev Kernel Socket[0m.
[    6.482674] systemd[1]: Mounting Huge Pages File System...
         Mounting [0;1;39mHuge Pages File System[0m...
[    6.492950] systemd[1]: Mounting POSIX Message Queue File System...
         Mounting [0;1;39mPOSIX Message Queue File System[0m...
[    6.501750] systemd[1]: Mounting Kernel Debug File System...
         Mounting [0;1;39mKernel Debug File System[0m...
[    6.513982] systemd[1]: Mounting Kernel Trace File System...
         Mounting [0;1;39mKernel Trace File System[0m...
[    6.515460] systemd[1]: Kernel Module supporting RPCSEC_GSS was skipped because of an unmet condition check (ConditionPathExists=/etc/krb5.keytab).
[    6.516325] systemd[1]: Create List of Static Device Nodes was skipped because of an unmet condition check (ConditionFileNotEmpty=/lib/modules/6.19.0-rc3-eea921fb5935+/modules.devname).
[    6.538710] systemd[1]: Starting Monitoring of LVM2 mirrors, snapshots etc. using dmeventd or progress polling...
         Starting [0;1;39mMonitoring of LVM…meventd or progress polling[0m...
[    6.546727] systemd[1]: Starting Load Kernel Module configfs...
         Starting [0;1;39mLoad Kernel Module configfs[0m...
[    6.557830] systemd[1]: Starting Load Kernel Module drm...
         Starting [0;1;39mLoad Kernel Module drm[0m...
[    6.568791] systemd[1]: Starting Load Kernel Module fuse...
         Starting [0;1;39mLoad Kernel Module fuse[0m...
[    6.582570] systemd[1]: Starting Read and set NIS domainname from /etc/sysconfig/network...
         Starting [0;1;39mRead and set NIS …from /etc/sysconfig/network[0m...
[    6.595546] systemd[1]: Starting Journal Service...
         Starting [0;1;39mJournal Service[0m...
[    6.611522] systemd[1]: Starting Load Kernel Modules...
         Starting [0;1;39mLoad Kernel Modules[0m...
[    6.627263] systemd[1]: Starting Generate network units from Kernel command line...
         Starting [0;1;39mGenerate network …ts from Kernel command line[0m...
[    6.645893] systemd[1]: Starting Remount Root and Kernel File Systems...
         Starting [0;1;39mRemount Root and Kernel File Systems[0m...
[    6.647274] systemd[1]: Repartition Root Disk was skipped because no trigger condition checks were met.
[    6.669393] systemd[1]: Starting Coldplug All udev Devices...
         Starting [0;1;39mColdplug All udev Devices[0m...
[    6.684839] systemd[1]: Mounted Huge Pages File System.
[[0;32m  OK  [0m] Mounted [0;1;39mHuge Pages File System[0m.
[    6.689743] systemd[1]: Mounted POSIX Message Queue File System.
[[0;32m  OK  [0m] Mounted [0;1;39mPOSIX Message Queue File System[0m.
[    6.693785] systemd[1]: Mounted Kernel Debug File System.
[[0;32m  OK  [0m] Mounted [0;1;39mKernel Debug File System[0m.
[    6.695153] systemd[1]: Mounted Kernel Trace File System.
[[0;32m  OK  [0m] Mounted [0;1;39mKernel Trace File System[0m.
[    6.699785] systemd[1]: Finished Monitoring of LVM2 mirrors, snapshots etc. using dmeventd or progress polling.
[[0;32m  OK  [0m] Finished [0;1;39mMonitoring of LVM… dmeventd or progress polling[0m.
[    6.707558] systemd[1]: modprobe@configfs.service: Deactivated successfully.
[    6.709002] systemd[1]: Finished Load Kernel Module configfs.
[[0;32m  OK  [0m] Finished [0;1;39mLoad Kernel Module configfs[0m.
[    6.715539] systemd[1]: modprobe@drm.service: Deactivated successfully.
[    6.717413] systemd[1]: Finished Load Kernel Module drm.
[[0;32m  OK  [0m] Finished [0;1;39mLoad Kernel Module drm[0m.
[    6.725033] systemd[1]: modprobe@fuse.service: Deactivated successfully.
[    6.729818] systemd[1]: Finished Load Kernel Module fuse.
[[0;32m  OK  [0m] Finished [0;1;39mLoad Kernel Module fuse[0m.
[    6.732272] systemd[1]: Finished Read and set NIS domainname from /etc/sysconfig/network.
[[0;32m  OK  [0m] Finished [0;1;39mRead and set NIS …e from /etc/sysconfig/network[0m.
[    6.738353] systemd[1]: systemd-modules-load.service: Main process exited, code=exited, status=1/FAILURE
[    6.739711] systemd[1]: systemd-modules-load.service: Failed with result 'exit-code'.
[    6.741253] systemd[1]: Failed to start Load Kernel Modules.
[    6.746603] EXT4-fs (sda): re-mounted 088740a9-c8b4-422c-999d-a804eb68a4da r/w.
[[0;1;31mFAILED[0m] Failed to start [0;1;39mLoad Kernel Modules[0m.
See 'systemctl status systemd-modules-load.service' for details.
[    6.751737] systemd[1]: Finished Generate network units from Kernel command line.
[[0;32m  OK  [0m] Finished [0;1;39mGenerate network units from Kernel command line[0m.
[    6.759678] systemd[1]: Finished Remount Root and Kernel File Systems.
[[0;32m  OK  [0m] Finished [0;1;39mRemount Root and Kernel File Systems[0m.
[    6.767478] systemd[1]: Started Journal Service.
[[0;32m  OK  [0m] Started [0;1;39mJournal Service[0m.
[[0;32m  OK  [0m] Reached target [0;1;39mPreparation for Network[0m.
         Mounting [0;1;39mFUSE Control File System[0m...
         Mounting [0;1;39mKernel Configuration File System[0m...
         Starting [0;1;39mFlush Journal to Persistent Storage[0m...
         Starting [0;1;39mLoad/Save Random Seed[0m...
[    6.873322] systemd-journald[144]: Received client request to flush runtime journal.
         Starting [0;1;39mApply Kernel Variables[0m...
         Starting [0;1;39mCreate Static Device Nodes in /dev[0m...
         Starting [0;1;39mSetup Virtual Console[0m...
[[0;32m  OK  [0m] Mounted [0;1;39mFUSE Control File System[0m.
[[0;32m  OK  [0m] Mounted [0;1;39mKernel Configuration File System[0m.
[[0;32m  OK  [0m] Finished [0;1;39mFlush Journal to Persistent Storage[0m.
[[0;32m  OK  [0m] Finished [0;1;39mLoad/Save Random Seed[0m.
[[0;32m  OK  [0m] Finished [0;1;39mApply Kernel Variables[0m.
[[0;32m  OK  [0m] Finished [0;1;39mCreate Static Device Nodes in /dev[0m.
         Starting [0;1;39mRule-based Manage…for Device Events and Files[0m...
[[0;32m  OK  [0m] Started [0;1;39mRule-based Manager for Device Events and Files[0m.
         Starting [0;1;39mAuto-connect to s…E devices found during boot[0m...
[[0;32m  OK  [0m] Finished [0;1;39mAuto-connect to s…VME devices found during boot[0m.
[[0;32m  OK  [0m] Finished [0;1;39mColdplug All udev Devices[0m.
         Starting [0;1;39mWait for udev To …plete Device Initialization[0m...
[[0;32m  OK  [0m] Finished [0;1;39mSetup Virtual Console[0m.
[[0;32m  OK  [0m] Started [0;1;39mDispatch Password …ts to Console Directory Watch[0m.
[[0;32m  OK  [0m] Reached target [0;1;39mLocal Encrypted Volumes[0m.
[[0;32m  OK  [0m] Reached target [0;1;39mPath Units[0m.
[[0;32m  OK  [0m] Found device [0;1;39m/dev/ttyS0[0m.
[[0;32m  OK  [0m] Listening on [0;1;39mLoad/Save RF …itch Status /dev/rfkill Watch[0m.
[[0;32m  OK  [0m] Finished [0;1;39mWait for udev To Complete Device Initialization[0m.
[[0;32m  OK  [0m] Reached target [0;1;39mPreparation for Local File Systems[0m.
[[0;32m  OK  [0m] Reached target [0;1;39mLocal File Systems[0m.
         Starting [0;1;39mTell Plymouth To Write Out Runtime Data[0m...
         Starting [0;1;39mAutomatic Boot Loader Update[0m...
         Starting [0;1;39mCreate Volatile Files and Directories[0m...
[[0;32m  OK  [0m] Finished [0;1;39mTell Plymouth To Write Out Runtime Data[0m.
[[0;32m  OK  [0m] Finished [0;1;39mAutomatic Boot Loader Update[0m.
[[0;32m  OK  [0m] Finished [0;1;39mCreate Volatile Files and Directories[0m.
         Mounting [0;1;39mRPC Pipe File System[0m...
         Starting [0;1;39mSecurity Auditing Service[0m...
         Starting [0;1;39mRPC Bind[0m...
[[0;32m  OK  [0m] Mounted [0;1;39mRPC Pipe File System[0m.
[[0;32m  OK  [0m] Reached target [0;1;39mrpc_pipefs.target[0m.
[[0;32m  OK  [0m] Started [0;1;39mRPC Bind[0m.
[[0;32m  OK  [0m] Started [0;1;39mSecurity Auditing Service[0m.
         Starting [0;1;39mRecord System Boot/Shutdown in UTMP[0m...
[[0;32m  OK  [0m] Finished [0;1;39mRecord System Boot/Shutdown in UTMP[0m.
[[0;32m  OK  [0m] Reached target [0;1;39mSystem Initialization[0m.
[[0;32m  OK  [0m] Started [0;1;39mDaily rotation of log files[0m.
[[0;32m  OK  [0m] Started [0;1;39mUpdates mlocate database every day[0m.
[[0;32m  OK  [0m] Started [0;1;39mDaily Cleanup of Temporary Directories[0m.
[[0;32m  OK  [0m] Started [0;1;39mdaily update of the root trust anchor for DNSSEC[0m.
[[0;32m  OK  [0m] Reached target [0;1;39mTimer Units[0m.
[[0;32m  OK  [0m] Listening on [0;1;39mD-Bus System Message Bus Socket[0m.
[[0;32m  OK  [0m] Listening on [0;1;39mOpen-iSCSI iscsid Socket[0m.
[[0;32m  OK  [0m] Listening on [0;1;39mOpen-iSCSI iscsiuio Socket[0m.
[[0;32m  OK  [0m] Listening on [0;1;39mSSSD Kerberos…ache Manager responder socket[0m.
[[0;32m  OK  [0m] Listening on [0;1;39mLibvirt interface local socket[0m.
[[0;32m  OK  [0m] Listening on [0;1;39mVirtual machine lock manager socket[0m.
[[0;32m  OK  [0m] Listening on [0;1;39mVirtual machine log manager socket[0m.
[[0;32m  OK  [0m] Listening on [0;1;39mLibvirt network local socket[0m.
[[0;32m  OK  [0m] Listening on [0;1;39mLibvirt nodedev local socket[0m.
[[0;32m  OK  [0m] Listening on [0;1;39mLibvirt nwfilter local socket[0m.
[[0;32m  OK  [0m] Listening on [0;1;39mLibvirt proxy local socket[0m.
[[0;32m  OK  [0m] Listening on [0;1;39mLibvirt qemu local socket[0m.
[[0;32m  OK  [0m] Listening on [0;1;39mLibvirt qemu admin socket[0m.
[[0;32m  OK  [0m] Listening on [0;1;39mLibvirt qemu local read-only socket[0m.
[[0;32m  OK  [0m] Listening on [0;1;39mLibvirt secret local socket[0m.
[[0;32m  OK  [0m] Listening on [0;1;39mLibvirt storage local socket[0m.
[[0;32m  OK  [0m] Reached target [0;1;39mSocket Units[0m.
         Starting [0;1;39mD-Bus System Message Bus[0m...
[[0;32m  OK  [0m] Started [0;1;39mD-Bus System Message Bus[0m.
[[0;32m  OK  [0m] Reached target [0;1;39mBasic System[0m.
         Starting [0;1;39mNetwork Manager[0m...
         Starting [0;1;39mNTP client/server[0m...
         Starting [0;1;39mRestore /run/initramfs on shutdown[0m...
[[0;32m  OK  [0m] Started [0;1;39mirqbalance daemon[0m.
[[0;32m  OK  [0m] Started [0;1;39mlibstoragemgmt plug-in server daemon[0m.
[[0;32m  OK  [0m] Started [0;1;39mMachine Check Exception Logging Daemon[0m.
[[0;32m  OK  [0m] Reached target [0;1;39msshd-keygen.target[0m.
[[0;32m  OK  [0m] Reached target [0;1;39mUser and Group Name Lookups[0m.
         Starting [0;1;39mUser Login Management[0m...
         Starting [0;1;39mVirtual Machine a…tainer Registration Service[0m...
         Starting [0;1;39mupdate of the roo…NSSEC validation in unbound[0m...
         Starting [0;1;39mRotate log files[0m...
[[0;32m  OK  [0m] Started [0;1;39mUpdate a database for mlocate[0m.
[[0;32m  OK  [0m] Finished [0;1;39mRestore /run/initramfs on shutdown[0m.
[[0;32m  OK  [0m] Started [0;1;39mVirtual Machine an…ontainer Registration Service[0m.
         Starting [0;1;39mHostname Service[0m...
[[0;32m  OK  [0m] Finished [0;1;39mupdate of the roo… DNSSEC validation in unbound[0m.
[[0;32m  OK  [0m] Started [0;1;39mNTP client/server[0m.
[[0;32m  OK  [0m] Started [0;1;39mUser Login Management[0m.
[[0;32m  OK  [0m] Started [0;1;39mHostname Service[0m.
         Starting [0;1;39mNetwork Manager Script Dispatcher Service[0m...
[[0;32m  OK  [0m] Started [0;1;39mNetwork Manager Script Dispatcher Service[0m.
[[0;32m  OK  [0m] Finished [0;1;39mRotate log files[0m.
[   10.498482] e1000: eth0 NIC Link is Up 1000 Mbps Full Duplex, Flow Control: RX
[[0;32m  OK  [0m] Started [0;1;39mNetwork Manager[0m.
[[0;32m  OK  [0m] Reached target [0;1;39mNetwork[0m.
[[0;32m  OK  [0m] Reached target [0;1;39mNetwork is Online[0m.
         Starting [0;1;39mGSSAPI Proxy Daemon[0m...
         Starting [0;1;39mNotify NFS peers of a restart[0m...
         Starting [0;1;39mSystem Logging Service[0m...
         Starting [0;1;39mOpenSSH server daemon[0m...
         Starting [0;1;39mDynamic System Tuning Daemon[0m...
[[0;32m  OK  [0m] Started [0;1;39mNotify NFS peers of a restart[0m.
[[0;32m  OK  [0m] Started [0;1;39mGSSAPI Proxy Daemon[0m.
[[0;32m  OK  [0m] Reached target [0;1;39mNFS client services[0m.
[[0;32m  OK  [0m] Reached target [0;1;39mPreparation for Remote File Systems[0m.
[[0;32m  OK  [0m] Reached target [0;1;39mRemote File Systems[0m.
         Starting [0;1;39mPermit User Sessions[0m...
         Starting [0;1;39mVirtualization qemu daemon[0m...
[[0;32m  OK  [0m] Started [0;1;39mOpenSSH server daemon[0m.
[[0;32m  OK  [0m] Finished [0;1;39mPermit User Sessions[0m.
[[0;32m  OK  [0m] Started [0;1;39mDeferred execution scheduler[0m.
[[0;32m  OK  [0m] Started [0;1;39mCommand Scheduler[0m.
         Starting [0;1;39mHold until boot process finishes up[0m...
         Starting [0;1;39mTerminate Plymouth Boot Screen[0m...
[[0;32m  OK  [0m] Started [0;1;39mSystem Logging Service[0m.
[[0;32m  OK  [0m] Started [0;1;39mVirtualization qemu daemon[0m.
[[0;32m  OK  [0m] Finished [0;1;39mHold until boot process finishes up[0m.
[[0;32m  OK  [0m] Finished [0;1;39mTerminate Plymouth Boot Screen[0m.
[[0;32m  OK  [0m] Started [0;1;39mGetty on tty1[0m.
[[0;32m  OK  [0m] Started [0;1;39mSerial Getty on ttyS0[0m.
[[0;32m  OK  [0m] Reached target [0;1;39mLogin Prompts[0m.
         Starting [0;1;39mAuthorization Manager[0m...
[[0;32m  OK  [0m] Started [0;1;39mAuthorization Manager[0m.
[[0;32m  OK  [0m] Started [0;1;39mDynamic System Tuning Daemon[0m.
[[0;32m  OK  [0m] Reached target [0;1;39mMulti-User System[0m.
         Starting [0;1;39mRecord Runlevel Change in UTMP[0m...
[[0;32m  OK  [0m] Finished [0;1;39mRecord Runlevel Change in UTMP[0m.

CentOS Stream 9
Kernel 6.19.0-rc3-eea921fb5935+ on an x86_64

Activate the web console with: systemctl enable --now cockpit.socket

test login: [   19.560955] Adding 124996k swap on ./swap-file.  Priority:0 extents:1 across:124996k 
[   19.656296] Adding 124996k swap on ./swap-file.  Priority:0 extents:1 across:124996k 
[   19.727249] Adding 124996k swap on ./swap-file.  Priority:0 extents:1 across:124996k 
[   19.804847] Adding 124996k swap on ./swap-file.  Priority:0 extents:1 across:124996k 
[   19.882860] Adding 124996k swap on ./swap-file.  Priority:0 extents:1 across:124996k 
[   19.956212] Adding 124996k swap on ./swap-file.  Priority:0 extents:1 across:124996k 
[   20.038923] Adding 124996k swap on ./swap-file.  Priority:0 extents:1 across:124996k 
[   20.108801] Adding 124996k swap on ./swap-file.  Priority:0 extents:1 across:124996k 
[   20.178480] Adding 124996k swap on ./swap-file.  Priority:0 extents:1 across:124996k 
[   20.261188] Adding 124996k swap on ./swap-file.  Priority:0 extents:1 across:124996k 
[   20.331320] Adding 124996k swap on ./swap-file.  Priority:0 extents:1 across:124996k 
[   20.394753] Adding 124996k swap on ./swap-file.  Priority:0 extents:1 across:124996k 
[   20.460169] Adding 124996k swap on ./swap-file.  Priority:0 extents:1 across:124996k 
[   20.555995] Adding 124996k swap on ./swap-file.  Priority:0 extents:1 across:124996k 
[   20.621524] Adding 124996k swap on ./swap-file.  Priority:0 extents:1 across:124996k 
[   20.685643] Adding 124996k swap on ./swap-file.  Priority:0 extents:1 across:124996k 
[   20.749278] Adding 124996k swap on ./swap-file.  Priority:0 extents:1 across:124996k 
[   20.824868] Adding 124996k swap on ./swap-file.  Priority:0 extents:1 across:124996k 
[   20.888757] Adding 124996k swap on ./swap-file.  Priority:0 extents:1 across:124996k 
[   20.956117] Adding 124996k swap on ./swap-file.  Priority:0 extents:1 across:124996k 
[   21.030394] Adding 124996k swap on ./swap-file.  Priority:0 extents:1 across:124996k 
[   21.110291] Adding 124996k swap on ./swap-file.  Priority:0 extents:1 across:124996k 
[   21.173088] Adding 124996k swap on ./swap-file.  Priority:0 extents:1 across:124996k 
[   21.237354] Adding 124996k swap on ./swap-file.  Priority:0 extents:1 across:124996k 
[   21.308305] Adding 124996k swap on ./swap-file.  Priority:0 extents:1 across:124996k 
[   21.371559] Adding 124996k swap on ./swap-file.  Priority:0 extents:1 across:124996k 
[   21.443329] Adding 124996k swap on ./swap-file.  Priority:0 extents:1 across:124996k 
[   21.513333] Adding 124996k swap on ./swap-file.  Priority:0 extents:1 across:124996k 
[   21.575304] Adding 124996k swap on ./swap-file.  Priority:0 extents:1 across:124996k 
[   21.645017] Adding 124996k swap on ./swap-file.  Priority:0 extents:1 across:124996k 
[   21.714039] Adding 124996k swap on ./swap-file.  Priority:0 extents:1 across:124996k 
[   21.780922] Adding 124996k swap on ./swap-file.  Priority:0 extents:1 across:124996k 
[   21.850906] Adding 124996k swap on ./swap-file.  Priority:0 extents:1 across:124996k 
[   21.918126] Adding 124996k swap on ./swap-file.  Priority:0 extents:1 across:124996k 
[   21.995972] Adding 124996k swap on ./swap-file.  Priority:0 extents:1 across:124996k 
[   22.066598] Adding 124996k swap on ./swap-file.  Priority:0 extents:1 across:124996k 
[   22.149603] Adding 124996k swap on ./swap-file.  Priority:0 extents:1 across:124996k 
[   22.225213] Adding 124996k swap on ./swap-file.  Priority:0 extents:1 across:124996k 
[   22.311297] Adding 124996k swap on ./swap-file.  Priority:0 extents:1 across:124996k 
[   22.437461] Adding 124996k swap on ./swap-file.  Priority:0 extents:1 across:124996k 
[   22.508226] Adding 124996k swap on ./swap-file.  Priority:0 extents:1 across:124996k 
[   22.581177] Adding 124996k swap on ./swap-file.  Priority:0 extents:1 across:124996k 
[   22.657800] Adding 124996k swap on ./swap-file.  Priority:0 extents:1 across:124996k 
[   22.723169] Adding 124996k swap on ./swap-file.  Priority:0 extents:1 across:124996k 
[   22.793696] Adding 124996k swap on ./swap-file.  Priority:0 extents:1 across:124996k 
[   22.858767] Adding 124996k swap on ./swap-file.  Priority:0 extents:1 across:124996k 
[   22.929455] Adding 124996k swap on ./swap-file.  Priority:0 extents:1 across:124996k 
[   23.005420] Adding 124996k swap on ./swap-file.  Priority:0 extents:1 across:124996k 
[   23.065030] Adding 124996k swap on ./swap-file.  Priority:0 extents:1 across:124996k 
[   23.132904] Adding 124996k swap on ./swap-file.  Priority:0 extents:1 across:124996k 
[   23.199458] Adding 124996k swap on ./swap-file.  Priority:0 extents:1 across:124996k 
[   23.265061] Adding 124996k swap on ./swap-file.  Priority:0 extents:1 across:124996k 
[   23.329003] Adding 124996k swap on ./swap-file.  Priority:0 extents:1 across:124996k 
[   23.392244] Adding 124996k swap on ./swap-file.  Priority:0 extents:1 across:124996k 
[   23.460539] Adding 124996k swap on ./swap-file.  Priority:0 extents:1 across:124996k 
[   23.524251] Adding 124996k swap on ./swap-file.  Priority:0 extents:1 across:124996k 
[   23.596627] Adding 124996k swap on ./swap-file.  Priority:0 extents:1 across:124996k 
[   23.663849] Adding 124996k swap on ./swap-file.  Priority:0 extents:1 across:124996k 
[   23.733389] Adding 124996k swap on ./swap-file.  Priority:0 extents:1 across:124996k 
[   23.802050] Adding 124996k swap on ./swap-file.  Priority:0 extents:1 across:124996k 
[   23.883463] Adding 124996k swap on ./swap-file.  Priority:0 extents:1 across:124996k 
[   23.944978] Adding 124996k swap on ./swap-file.  Priority:0 extents:1 across:124996k 
[   24.007289] Adding 124996k swap on ./swap-file.  Priority:0 extents:1 across:124996k 
[   24.082045] Adding 124996k swap on ./swap-file.  Priority:0 extents:1 across:124996k 
[   24.149344] Adding 124996k swap on ./swap-file.  Priority:0 extents:1 across:124996k 
[   24.227148] Adding 124996k swap on ./swap-file.  Priority:0 extents:1 across:124996k 
[   24.296859] Adding 124996k swap on ./swap-file.  Priority:0 extents:1 across:124996k 
[   24.376886] Adding 124996k swap on ./swap-file.  Priority:0 extents:1 across:124996k 
[   24.441768] Adding 124996k swap on ./swap-file.  Priority:0 extents:1 across:124996k 
[   24.504864] Adding 124996k swap on ./swap-file.  Priority:0 extents:1 across:124996k 
[   24.569281] Adding 124996k swap on ./swap-file.  Priority:0 extents:1 across:124996k 
[   24.633386] Adding 124996k swap on ./swap-file.  Priority:0 extents:1 across:124996k 
[   24.703581] Adding 124996k swap on ./swap-file.  Priority:0 extents:1 across:124996k 
[   24.771854] Adding 124996k swap on ./swap-file.  Priority:0 extents:1 across:124996k 
[   24.838360] Adding 124996k swap on ./swap-file.  Priority:0 extents:1 across:124996k 
[   24.916712] Adding 124996k swap on ./swap-file.  Priority:0 extents:1 across:124996k 
[   24.981197] Adding 124996k swap on ./swap-file.  Priority:0 extents:1 across:124996k 
[   25.043804] Adding 124996k swap on ./swap-file.  Priority:0 extents:1 across:124996k 
[   25.105414] Adding 124996k swap on ./swap-file.  Priority:0 extents:1 across:124996k 
[   25.169144] Adding 124996k swap on ./swap-file.  Priority:0 extents:1 across:124996k 
[   25.242875] Adding 124996k swap on ./swap-file.  Priority:0 extents:1 across:124996k 
[   25.313834] Adding 124996k swap on ./swap-file.  Priority:0 extents:1 across:124996k 
[   25.381245] Adding 124996k swap on ./swap-file.  Priority:0 extents:1 across:124996k 
[   25.443531] Adding 124996k swap on ./swap-file.  Priority:0 extents:1 across:124996k 
[   25.512379] Adding 124996k swap on ./swap-file.  Priority:0 extents:1 across:124996k 
[   25.583398] Adding 124996k swap on ./swap-file.  Priority:0 extents:1 across:124996k 
[   25.653280] Adding 124996k swap on ./swap-file.  Priority:0 extents:1 across:124996k 
[   25.716523] Adding 124996k swap on ./swap-file.  Priority:0 extents:1 across:124996k 
[   25.783754] Adding 124996k swap on ./swap-file.  Priority:0 extents:1 across:124996k 
[   25.848964] Adding 124996k swap on ./swap-file.  Priority:0 extents:1 across:124996k 
[   25.917665] Adding 124996k swap on ./swap-file.  Priority:0 extents:1 across:124996k 
[   25.980838] Adding 124996k swap on ./swap-file.  Priority:0 extents:1 across:124996k 
[   26.046284] Adding 124996k swap on ./swap-file.  Priority:0 extents:1 across:124996k 
[   26.109276] Adding 124996k swap on ./swap-file.  Priority:0 extents:1 across:124996k 
[   26.186597] Adding 124996k swap on ./swap-file.  Priority:0 extents:1 across:124996k 
[   26.254820] Adding 124996k swap on ./swap-file.  Priority:0 extents:1 across:124996k 
[   26.323383] Adding 124996k swap on ./swap-file.  Priority:0 extents:1 across:124996k 
[   26.388358] Adding 124996k swap on ./swap-file.  Priority:0 extents:1 across:124996k 
[   26.469442] Adding 124996k swap on ./swap-file.  Priority:0 extents:1 across:124996k 
[   26.548192] Adding 124996k swap on ./swap-file.  Priority:0 extents:1 across:124996k 
[   26.622586] Adding 124996k swap on ./swap-file.  Priority:0 extents:1 across:124996k 
[   26.688280] Adding 124996k swap on ./swap-file.  Priority:0 extents:1 across:124996k 
[   26.752523] Adding 124996k swap on ./swap-file.  Priority:0 extents:1 across:124996k 
[   26.819941] Adding 124996k swap on ./swap-file.  Priority:0 extents:1 across:124996k 
[   26.880296] Adding 124996k swap on ./swap-file.  Priority:0 extents:1 across:124996k 
[   26.955814] Adding 124996k swap on ./swap-file.  Priority:0 extents:1 across:124996k 
[   27.025813] Adding 124996k swap on ./swap-file.  Priority:0 extents:1 across:124996k 
[   27.091899] Adding 124996k swap on ./swap-file.  Priority:0 extents:1 across:124996k 
[   27.161485] Adding 124996k swap on ./swap-file.  Priority:0 extents:1 across:124996k 
[   27.241159] Adding 124996k swap on ./swap-file.  Priority:0 extents:1 across:124996k 
[   27.313745] Adding 124996k swap on ./swap-file.  Priority:0 extents:1 across:124996k 
[   27.381743] Adding 124996k swap on ./swap-file.  Priority:0 extents:1 across:124996k 
[   27.450092] Adding 124996k swap on ./swap-file.  Priority:0 extents:1 across:124996k 
[   27.525337] Adding 124996k swap on ./swap-file.  Priority:0 extents:1 across:124996k 
[   27.607091] Adding 124996k swap on ./swap-file.  Priority:0 extents:1 across:124996k 
[   27.686793] Adding 124996k swap on ./swap-file.  Priority:0 extents:1 across:124996k 
[   27.753052] Adding 124996k swap on ./swap-file.  Priority:0 extents:1 across:124996k 
[   27.826411] Adding 124996k swap on ./swap-file.  Priority:0 extents:1 across:124996k 
[   27.906278] Adding 124996k swap on ./swap-file.  Priority:0 extents:1 across:124996k 
[   27.980282] Adding 124996k swap on ./swap-file.  Priority:0 extents:1 across:124996k 
[   28.053240] Adding 124996k swap on ./swap-file.  Priority:0 extents:1 across:124996k 
[   28.136549] Adding 124996k swap on ./swap-file.  Priority:0 extents:1 across:124996k 
[   28.214673] Adding 124996k swap on ./swap-file.  Priority:0 extents:1 across:124996k 
[   28.290701] Adding 124996k swap on ./swap-file.  Priority:0 extents:1 across:124996k 
[   28.362993] Adding 124996k swap on ./swap-file.  Priority:0 extents:1 across:124996k 
[   28.429296] Adding 124996k swap on ./swap-file.  Priority:0 extents:1 across:124996k 
[   28.495752] Adding 124996k swap on ./swap-file.  Priority:0 extents:1 across:124996k 
[   28.573797] Adding 124996k swap on ./swap-file.  Priority:0 extents:1 across:124996k 
[   28.655874] Adding 124996k swap on ./swap-file.  Priority:0 extents:1 across:124996k 
[   28.731922] Adding 124996k swap on ./swap-file.  Priority:0 extents:1 across:124996k 
[   28.793173] Adding 124996k swap on ./swap-file.  Priority:0 extents:1 across:124996k 
[   28.856744] Adding 124996k swap on ./swap-file.  Priority:0 extents:1 across:124996k 
[   28.928879] Adding 124996k swap on ./swap-file.  Priority:0 extents:1 across:124996k 
[   29.001778] Adding 124996k swap on ./swap-file.  Priority:0 extents:1 across:124996k 
[   29.075176] Adding 124996k swap on ./swap-file.  Priority:0 extents:1 across:124996k 
[   29.146428] Adding 124996k swap on ./swap-file.  Priority:0 extents:1 across:124996k 
[   29.213522] Adding 124996k swap on ./swap-file.  Priority:0 extents:1 across:124996k 
[   29.295421] Adding 124996k swap on ./swap-file.  Priority:0 extents:1 across:124996k 
[   29.362832] Adding 124996k swap on ./swap-file.  Priority:0 extents:1 across:124996k 
[   29.438626] Adding 124996k swap on ./swap-file.  Priority:0 extents:1 across:124996k 
[   29.518037] Adding 124996k swap on ./swap-file.  Priority:0 extents:1 across:124996k 
[   29.590828] Adding 124996k swap on ./swap-file.  Priority:0 extents:1 across:124996k 
[   29.661425] Adding 124996k swap on ./swap-file.  Priority:0 extents:1 across:124996k 
[   29.720922] Adding 124996k swap on ./swap-file.  Priority:0 extents:1 across:124996k 
[   29.782642] Adding 124996k swap on ./swap-file.  Priority:0 extents:1 across:124996k 
[   29.847257] Adding 124996k swap on ./swap-file.  Priority:0 extents:1 across:124996k 
[   29.915951] Adding 124996k swap on ./swap-file.  Priority:0 extents:1 across:124996k 
[   29.981610] Adding 124996k swap on ./swap-file.  Priority:0 extents:1 across:124996k 
[   30.041635] Adding 124996k swap on ./swap-file.  Priority:0 extents:1 across:124996k 
[   30.110781] Adding 124996k swap on ./swap-file.  Priority:0 extents:1 across:124996k 
[   30.179814] Adding 124996k swap on ./swap-file.  Priority:0 extents:1 across:124996k 
[   30.250308] Adding 124996k swap on ./swap-file.  Priority:0 extents:1 across:124996k 
[   30.318983] Adding 124996k swap on ./swap-file.  Priority:0 extents:1 across:124996k 
[   30.389659] Adding 124996k swap on ./swap-file.  Priority:0 extents:1 across:124996k 
[   30.452892] Adding 124996k swap on ./swap-file.  Priority:0 extents:1 across:124996k 
[   30.526850] Adding 124996k swap on ./swap-file.  Priority:0 extents:1 across:124996k 
[   30.594816] Adding 124996k swap on ./swap-file.  Priority:0 extents:1 across:124996k 
[   30.657647] Adding 124996k swap on ./swap-file.  Priority:0 extents:1 across:124996k 
[   30.733297] Adding 124996k swap on ./swap-file.  Priority:0 extents:1 across:124996k 
[   30.806842] Adding 124996k swap on ./swap-file.  Priority:0 extents:1 across:124996k 
[   30.873503] Adding 124996k swap on ./swap-file.  Priority:0 extents:1 across:124996k 
[   30.947067] Adding 124996k swap on ./swap-file.  Priority:0 extents:1 across:124996k 
[   31.015944] Adding 124996k swap on ./swap-file.  Priority:0 extents:1 across:124996k 
[   31.077328] Adding 124996k swap on ./swap-file.  Priority:0 extents:1 across:124996k 
[   31.145591] Adding 124996k swap on ./swap-file.  Priority:0 extents:1 across:124996k 
[   31.215839] Adding 124996k swap on ./swap-file.  Priority:0 extents:1 across:124996k 
[   31.286388] Adding 124996k swap on ./swap-file.  Priority:0 extents:1 across:124996k 
[   31.348242] Adding 124996k swap on ./swap-file.  Priority:0 extents:1 across:124996k 
[   31.422400] Adding 124996k swap on ./swap-file.  Priority:0 extents:1 across:124996k 
[   31.487494] Adding 124996k swap on ./swap-file.  Priority:0 extents:1 across:124996k 
[   31.555296] Adding 124996k swap on ./swap-file.  Priority:0 extents:1 across:124996k 
[   31.626820] Adding 124996k swap on ./swap-file.  Priority:0 extents:1 across:124996k 
[   31.698081] Adding 124996k swap on ./swap-file.  Priority:0 extents:1 across:124996k 
[   31.766325] Adding 124996k swap on ./swap-file.  Priority:0 extents:1 across:124996k 
[   31.830403] Adding 124996k swap on ./swap-file.  Priority:0 extents:1 across:124996k 
[   31.904036] Adding 124996k swap on ./swap-file.  Priority:0 extents:1 across:124996k 
[   31.985634] Adding 124996k swap on ./swap-file.  Priority:0 extents:1 across:124996k 
[   32.055878] Adding 124996k swap on ./swap-file.  Priority:0 extents:1 across:124996k 
[   32.131181] Adding 124996k swap on ./swap-file.  Priority:0 extents:1 across:124996k 
[   32.197707] Adding 124996k swap on ./swap-file.  Priority:0 extents:1 across:124996k 
[   32.263385] Adding 124996k swap on ./swap-file.  Priority:0 extents:1 across:124996k 
[   32.333912] Adding 124996k swap on ./swap-file.  Priority:0 extents:1 across:124996k 
[   32.406275] Adding 124996k swap on ./swap-file.  Priority:0 extents:1 across:124996k 
[   32.474275] Adding 124996k swap on ./swap-file.  Priority:0 extents:1 across:124996k 
[   32.543167] Adding 124996k swap on ./swap-file.  Priority:0 extents:1 across:124996k 
[   32.623164] Adding 124996k swap on ./swap-file.  Priority:0 extents:1 across:124996k 
[   32.691325] Adding 124996k swap on ./swap-file.  Priority:0 extents:1 across:124996k 
[   32.762443] Adding 124996k swap on ./swap-file.  Priority:0 extents:1 across:124996k 
[   32.835154] Adding 124996k swap on ./swap-file.  Priority:0 extents:1 across:124996k 
[   32.914297] Adding 124996k swap on ./swap-file.  Priority:0 extents:1 across:124996k 
[   32.993674] Adding 124996k swap on ./swap-file.  Priority:0 extents:1 across:124996k 
[   33.073829] Adding 124996k swap on ./swap-file.  Priority:0 extents:1 across:124996k 
[   33.140429] Adding 124996k swap on ./swap-file.  Priority:0 extents:1 across:124996k 
[   33.207921] Adding 124996k swap on ./swap-file.  Priority:0 extents:1 across:124996k 
[   33.276119] Adding 124996k swap on ./swap-file.  Priority:0 extents:1 across:124996k 
[   33.357595] Adding 124996k swap on ./swap-file.  Priority:0 extents:1 across:124996k 
[   33.442647] Adding 124996k swap on ./swap-file.  Priority:0 extents:1 across:124996k 
[   33.515088] Adding 124996k swap on ./swap-file.  Priority:0 extents:1 across:124996k 
[   33.595821] Adding 124996k swap on ./swap-file.  Priority:0 extents:1 across:124996k 
[   33.664227] Adding 124996k swap on ./swap-file.  Priority:0 extents:1 across:124996k 
[   33.743178] Adding 124996k swap on ./swap-file.  Priority:0 extents:1 across:124996k 
[   33.813252] Adding 124996k swap on ./swap-file.  Priority:0 extents:1 across:124996k 
[   33.886867] Adding 124996k swap on ./swap-file.  Priority:0 extents:1 across:124996k 
[   33.964319] Adding 124996k swap on ./swap-file.  Priority:0 extents:1 across:124996k 
[   34.039279] Adding 124996k swap on ./swap-file.  Priority:0 extents:1 across:124996k 
[   34.104123] Adding 124996k swap on ./swap-file.  Priority:0 extents:1 across:124996k 
[   34.174690] Adding 124996k swap on ./swap-file.  Priority:0 extents:1 across:124996k 
[   34.242255] Adding 124996k swap on ./swap-file.  Priority:0 extents:1 across:124996k 
[   34.306962] Adding 124996k swap on ./swap-file.  Priority:0 extents:1 across:124996k 
[   34.377467] Adding 124996k swap on ./swap-file.  Priority:0 extents:1 across:124996k 
[   34.454325] Adding 124996k swap on ./swap-file.  Priority:0 extents:1 across:124996k 
[   34.517082] Adding 124996k swap on ./swap-file.  Priority:0 extents:1 across:124996k 
[   34.582818] Adding 124996k swap on ./swap-file.  Priority:0 extents:1 across:124996k 
[   34.646647] Adding 124996k swap on ./swap-file.  Priority:0 extents:1 across:124996k 
[   34.715323] Adding 124996k swap on ./swap-file.  Priority:0 extents:1 across:124996k 
[   34.782513] Adding 124996k swap on ./swap-file.  Priority:0 extents:1 across:124996k 
[   34.851085] Adding 124996k swap on ./swap-file.  Priority:0 extents:1 across:124996k 
[   34.915823] Adding 124996k swap on ./swap-file.  Priority:0 extents:1 across:124996k 
[   34.986370] Adding 124996k swap on ./swap-file.  Priority:0 extents:1 across:124996k 
[   35.054573] Adding 124996k swap on ./swap-file.  Priority:0 extents:1 across:124996k 
[   35.119023] Adding 124996k swap on ./swap-file.  Priority:0 extents:1 across:124996k 
[   35.186332] Adding 124996k swap on ./swap-file.  Priority:0 extents:1 across:124996k 
[   35.249889] Adding 124996k swap on ./swap-file.  Priority:0 extents:1 across:124996k 
[   35.323960] Adding 124996k swap on ./swap-file.  Priority:0 extents:1 across:124996k 
[   35.399765] Adding 124996k swap on ./swap-file.  Priority:0 extents:1 across:124996k 
[   35.465183] Adding 124996k swap on ./swap-file.  Priority:0 extents:1 across:124996k 
[   35.535827] Adding 124996k swap on ./swap-file.  Priority:0 extents:1 across:124996k 
[   35.601855] Adding 124996k swap on ./swap-file.  Priority:0 extents:1 across:124996k 
[   35.666755] Adding 124996k swap on ./swap-file.  Priority:0 extents:1 across:124996k 
[   35.734358] Adding 124996k swap on ./swap-file.  Priority:0 extents:1 across:124996k 
[   35.802687] Adding 124996k swap on ./swap-file.  Priority:0 extents:1 across:124996k 
[   35.873729] Adding 124996k swap on ./swap-file.  Priority:0 extents:1 across:124996k 
[   35.965026] Adding 124996k swap on ./swap-file.  Priority:0 extents:1 across:124996k 
[   36.051927] Adding 124996k swap on ./swap-file.  Priority:0 extents:1 across:124996k 
[   36.119055] Adding 124996k swap on ./swap-file.  Priority:0 extents:1 across:124996k 
[   36.186603] Adding 124996k swap on ./swap-file.  Priority:0 extents:1 across:124996k 
[   36.251242] Adding 124996k swap on ./swap-file.  Priority:0 extents:1 across:124996k 
[   36.317676] Adding 124996k swap on ./swap-file.  Priority:0 extents:1 across:124996k 
[   36.385652] Adding 124996k swap on ./swap-file.  Priority:0 extents:1 across:124996k 
[   36.454457] Adding 124996k swap on ./swap-file.  Priority:0 extents:1 across:124996k 
[   36.543138] Adding 124996k swap on ./swap-file.  Priority:0 extents:1 across:124996k 
[   36.610406] Adding 124996k swap on ./swap-file.  Priority:0 extents:1 across:124996k 
[   36.678503] Adding 124996k swap on ./swap-file.  Priority:0 extents:1 across:124996k 
[   36.747315] Adding 124996k swap on ./swap-file.  Priority:0 extents:1 across:124996k 
[   36.815781] Adding 124996k swap on ./swap-file.  Priority:0 extents:1 across:124996k 
[   36.886382] Adding 124996k swap on ./swap-file.  Priority:0 extents:1 across:124996k 
[   36.948919] Adding 124996k swap on ./swap-file.  Priority:0 extents:1 across:124996k 
[   37.017613] Adding 124996k swap on ./swap-file.  Priority:0 extents:1 across:124996k 
[   37.081265] Adding 124996k swap on ./swap-file.  Priority:0 extents:1 across:124996k 
[   37.151047] Adding 124996k swap on ./swap-file.  Priority:0 extents:1 across:124996k 
[   37.219019] Adding 124996k swap on ./swap-file.  Priority:0 extents:1 across:124996k 
[   37.286514] Adding 124996k swap on ./swap-file.  Priority:0 extents:1 across:124996k 
[   37.366085] Adding 124996k swap on ./swap-file.  Priority:0 extents:1 across:124996k 
[   37.461683] Adding 124996k swap on ./swap-file.  Priority:0 extents:1 across:124996k 
[   37.534341] Adding 124996k swap on ./swap-file.  Priority:0 extents:1 across:124996k 
[   37.627877] Adding 124996k swap on ./swap-file.  Priority:0 extents:1 across:124996k 
[   37.718245] Adding 124996k swap on ./swap-file.  Priority:0 extents:1 across:124996k 
[   37.791525] Adding 124996k swap on ./swap-file.  Priority:0 extents:1 across:124996k 
[   37.857740] Adding 124996k swap on ./swap-file.  Priority:0 extents:1 across:124996k 
[   37.924900] Adding 124996k swap on ./swap-file.  Priority:0 extents:1 across:124996k 
[   38.002457] Adding 124996k swap on ./swap-file.  Priority:0 extents:1 across:124996k 
[   38.076249] Adding 124996k swap on ./swap-file.  Priority:0 extents:1 across:124996k 
[   38.154523] Adding 124996k swap on ./swap-file.  Priority:0 extents:1 across:124996k 
[   38.228769] Adding 124996k swap on ./swap-file.  Priority:0 extents:1 across:124996k 
[   38.303487] Adding 124996k swap on ./swap-file.  Priority:0 extents:1 across:124996k 
[   38.373711] Adding 124996k swap on ./swap-file.  Priority:0 extents:1 across:124996k 
[   38.437168] Adding 124996k swap on ./swap-file.  Priority:0 extents:1 across:124996k 
[   38.507152] Adding 124996k swap on ./swap-file.  Priority:0 extents:1 across:124996k 
[   38.590606] Adding 124996k swap on ./swap-file.  Priority:0 extents:1 across:124996k 
[   38.666447] Adding 124996k swap on ./swap-file.  Priority:0 extents:1 across:124996k 
[   38.735170] Adding 124996k swap on ./swap-file.  Priority:0 extents:1 across:124996k 
[   38.806217] Adding 124996k swap on ./swap-file.  Priority:0 extents:1 across:124996k 
[   38.904085] Adding 124996k swap on ./swap-file.  Priority:0 extents:1 across:124996k 
[   38.978581] Adding 124996k swap on ./swap-file.  Priority:0 extents:1 across:124996k 
[   39.049326] Adding 124996k swap on ./swap-file.  Priority:0 extents:1 across:124996k 
[   39.117385] Adding 124996k swap on ./swap-file.  Priority:0 extents:1 across:124996k 
[   39.178509] Adding 124996k swap on ./swap-file.  Priority:0 extents:1 across:124996k 
[   39.246356] Adding 124996k swap on ./swap-file.  Priority:0 extents:1 across:124996k 
[   39.309403] Adding 124996k swap on ./swap-file.  Priority:0 extents:1 across:124996k 
[   39.386819] Adding 124996k swap on ./swap-file.  Priority:0 extents:1 across:124996k 
[   39.454927] Adding 124996k swap on ./swap-file.  Priority:0 extents:1 across:124996k 
[   39.523440] Adding 124996k swap on ./swap-file.  Priority:0 extents:1 across:124996k 
[   39.590346] Adding 124996k swap on ./swap-file.  Priority:0 extents:1 across:124996k 
[   39.662594] Adding 124996k swap on ./swap-file.  Priority:0 extents:1 across:124996k 
[   39.734429] Adding 124996k swap on ./swap-file.  Priority:0 extents:1 across:124996k 
[   39.808962] Adding 124996k swap on ./swap-file.  Priority:0 extents:1 across:124996k 
[   39.883756] Adding 124996k swap on ./swap-file.  Priority:0 extents:1 across:124996k 
[   39.954495] Adding 124996k swap on ./swap-file.  Priority:0 extents:1 across:124996k 
[   40.022818] Adding 124996k swap on ./swap-file.  Priority:0 extents:1 across:124996k 
[   40.090458] Adding 124996k swap on ./swap-file.  Priority:0 extents:1 across:124996k 
[   40.153480] Adding 124996k swap on ./swap-file.  Priority:0 extents:1 across:124996k 
[   40.218242] Adding 124996k swap on ./swap-file.  Priority:0 extents:1 across:124996k 
[   40.295027] Adding 124996k swap on ./swap-file.  Priority:0 extents:1 across:124996k 
[   40.369079] Adding 124996k swap on ./swap-file.  Priority:0 extents:1 across:124996k 
[   40.436192] Adding 124996k swap on ./swap-file.  Priority:0 extents:1 across:124996k 
[   40.509056] Adding 124996k swap on ./swap-file.  Priority:0 extents:1 across:124996k 
[   40.576532] Adding 124996k swap on ./swap-file.  Priority:0 extents:1 across:124996k 
[   40.654936] Adding 124996k swap on ./swap-file.  Priority:0 extents:1 across:124996k 
[   40.720187] Adding 124996k swap on ./swap-file.  Priority:0 extents:1 across:124996k 
[   40.789165] Adding 124996k swap on ./swap-file.  Priority:0 extents:1 across:124996k 
[   40.862451] Adding 124996k swap on ./swap-file.  Priority:0 extents:1 across:124996k 
[   40.926690] Adding 124996k swap on ./swap-file.  Priority:0 extents:1 across:124996k 
[   41.005370] Adding 124996k swap on ./swap-file.  Priority:0 extents:1 across:124996k 
[   41.086409] Adding 124996k swap on ./swap-file.  Priority:0 extents:1 across:124996k 
[   41.160847] Adding 124996k swap on ./swap-file.  Priority:0 extents:1 across:124996k 
[   41.232992] Adding 124996k swap on ./swap-file.  Priority:0 extents:1 across:124996k 
[   41.312078] Adding 124996k swap on ./swap-file.  Priority:0 extents:1 across:124996k 
[   41.398347] Adding 124996k swap on ./swap-file.  Priority:0 extents:1 across:124996k 
[   41.465215] Adding 124996k swap on ./swap-file.  Priority:0 extents:1 across:124996k 
[   41.536487] Adding 124996k swap on ./swap-file.  Priority:0 extents:1 across:124996k 
[   41.603310] Adding 124996k swap on ./swap-file.  Priority:0 extents:1 across:124996k 
[   41.668456] Adding 124996k swap on ./swap-file.  Priority:0 extents:1 across:124996k 
[   41.736219] Adding 124996k swap on ./swap-file.  Priority:0 extents:1 across:124996k 
[   41.799863] Adding 124996k swap on ./swap-file.  Priority:0 extents:1 across:124996k 
[   41.864035] Adding 124996k swap on ./swap-file.  Priority:0 extents:1 across:124996k 
[   41.936933] Adding 124996k swap on ./swap-file.  Priority:0 extents:1 across:124996k 
[   42.004219] Adding 124996k swap on ./swap-file.  Priority:0 extents:1 across:124996k 
[   42.069653] Adding 124996k swap on ./swap-file.  Priority:0 extents:1 across:124996k 
[   42.128047] Adding 124996k swap on ./swap-file.  Priority:0 extents:1 across:124996k 
[   42.193322] Adding 124996k swap on ./swap-file.  Priority:0 extents:1 across:124996k 
[   42.266462] Adding 124996k swap on ./swap-file.  Priority:0 extents:1 across:124996k 
[   42.327125] Adding 124996k swap on ./swap-file.  Priority:0 extents:1 across:124996k 
[   42.397201] Adding 124996k swap on ./swap-file.  Priority:0 extents:1 across:124996k 
[   42.468792] Adding 124996k swap on ./swap-file.  Priority:0 extents:1 across:124996k 
[   42.532767] Adding 124996k swap on ./swap-file.  Priority:0 extents:1 across:124996k 
[   42.593091] Adding 124996k swap on ./swap-file.  Priority:0 extents:1 across:124996k 
[   42.656072] Adding 124996k swap on ./swap-file.  Priority:0 extents:1 across:124996k 
[   42.715463] Adding 124996k swap on ./swap-file.  Priority:0 extents:1 across:124996k 
[   42.796684] Adding 124996k swap on ./swap-file.  Priority:0 extents:1 across:124996k 
[   42.865318] Adding 124996k swap on ./swap-file.  Priority:0 extents:1 across:124996k 
[   42.941107] Adding 124996k swap on ./swap-file.  Priority:0 extents:1 across:124996k 
[   43.016737] Adding 124996k swap on ./swap-file.  Priority:0 extents:1 across:124996k 
[   43.089338] Adding 124996k swap on ./swap-file.  Priority:0 extents:1 across:124996k 
[   43.151678] Adding 124996k swap on ./swap-file.  Priority:0 extents:1 across:124996k 
[   43.233501] Adding 124996k swap on ./swap-file.  Priority:0 extents:1 across:124996k 
[   43.292062] Adding 124996k swap on ./swap-file.  Priority:0 extents:1 across:124996k 
[   43.360341] Adding 124996k swap on ./swap-file.  Priority:0 extents:1 across:124996k 
[   43.422280] Adding 124996k swap on ./swap-file.  Priority:0 extents:1 across:124996k 
[   43.491388] Adding 124996k swap on ./swap-file.  Priority:0 extents:1 across:124996k 
[   43.557164] Adding 124996k swap on ./swap-file.  Priority:0 extents:1 across:124996k 
[   43.619724] Adding 124996k swap on ./swap-file.  Priority:0 extents:1 across:124996k 
[   43.691907] Adding 124996k swap on ./swap-file.  Priority:0 extents:1 across:124996k 
[   43.757265] Adding 124996k swap on ./swap-file.  Priority:0 extents:1 across:124996k 
[   43.850838] Adding 124996k swap on ./swap-file.  Priority:0 extents:1 across:124996k 
[   43.932118] Adding 124996k swap on ./swap-file.  Priority:0 extents:1 across:124996k 
[   44.006788] Adding 124996k swap on ./swap-file.  Priority:0 extents:1 across:124996k 
[   44.076345] Adding 124996k swap on ./swap-file.  Priority:0 extents:1 across:124996k 
[   44.140467] Adding 124996k swap on ./swap-file.  Priority:0 extents:1 across:124996k 
[   44.208215] Adding 124996k swap on ./swap-file.  Priority:0 extents:1 across:124996k 
[   44.267835] Adding 124996k swap on ./swap-file.  Priority:0 extents:1 across:124996k 
[   44.329714] Adding 124996k swap on ./swap-file.  Priority:0 extents:1 across:124996k 
[   44.388353] Adding 124996k swap on ./swap-file.  Priority:0 extents:1 across:124996k 
[   44.447136] Adding 124996k swap on ./swap-file.  Priority:0 extents:1 across:124996k 
[   44.509054] Adding 124996k swap on ./swap-file.  Priority:0 extents:1 across:124996k 
[   44.569079] Adding 124996k swap on ./swap-file.  Priority:0 extents:1 across:124996k 
[   44.634510] Adding 124996k swap on ./swap-file.  Priority:0 extents:1 across:124996k 
[   44.696285] Adding 124996k swap on ./swap-file.  Priority:0 extents:1 across:124996k 
[   44.767172] Adding 124996k swap on ./swap-file.  Priority:0 extents:1 across:124996k 
[   44.830274] Adding 124996k swap on ./swap-file.  Priority:0 extents:1 across:124996k 
[   44.886094] Adding 124996k swap on ./swap-file.  Priority:0 extents:1 across:124996k 
[   44.950615] Adding 124996k swap on ./swap-file.  Priority:0 extents:1 across:124996k 
[   45.020179] Adding 124996k swap on ./swap-file.  Priority:0 extents:1 across:124996k 
[   45.091192] Adding 124996k swap on ./swap-file.  Priority:0 extents:1 across:124996k 
[   45.160939] Adding 124996k swap on ./swap-file.  Priority:0 extents:1 across:124996k 
[   45.225210] Adding 124996k swap on ./swap-file.  Priority:0 extents:1 across:124996k 
[   45.285655] Adding 124996k swap on ./swap-file.  Priority:0 extents:1 across:124996k 
[   45.346406] Adding 124996k swap on ./swap-file.  Priority:0 extents:1 across:124996k 
[   45.417051] Adding 124996k swap on ./swap-file.  Priority:0 extents:1 across:124996k 
[   45.481761] Adding 124996k swap on ./swap-file.  Priority:0 extents:1 across:124996k 
[   45.541262] Adding 124996k swap on ./swap-file.  Priority:0 extents:1 across:124996k 
[   45.600038] Adding 124996k swap on ./swap-file.  Priority:0 extents:1 across:124996k 
[   45.668015] Adding 124996k swap on ./swap-file.  Priority:0 extents:1 across:124996k 
[   45.748212] Adding 124996k swap on ./swap-file.  Priority:0 extents:1 across:124996k 
[   45.805274] Adding 124996k swap on ./swap-file.  Priority:0 extents:1 across:124996k 
[   45.876429] Adding 124996k swap on ./swap-file.  Priority:0 extents:1 across:124996k 
[   45.931562] Adding 124996k swap on ./swap-file.  Priority:0 extents:1 across:124996k 
[   45.995712] Adding 124996k swap on ./swap-file.  Priority:0 extents:1 across:124996k 
[   46.055719] Adding 124996k swap on ./swap-file.  Priority:0 extents:1 across:124996k 
[   46.120935] Adding 124996k swap on ./swap-file.  Priority:0 extents:1 across:124996k 
[   46.195192] Adding 124996k swap on ./swap-file.  Priority:0 extents:1 across:124996k 
[   46.255224] Adding 124996k swap on ./swap-file.  Priority:0 extents:1 across:124996k 
[   46.317162] Adding 124996k swap on ./swap-file.  Priority:0 extents:1 across:124996k 
[   46.380464] Adding 124996k swap on ./swap-file.  Priority:0 extents:1 across:124996k 
[   46.440207] Adding 124996k swap on ./swap-file.  Priority:0 extents:1 across:124996k 
[   46.537012] Adding 124996k swap on ./swap-file.  Priority:0 extents:1 across:124996k 
[   46.609290] Adding 124996k swap on ./swap-file.  Priority:0 extents:1 across:124996k 
[   46.688269] Adding 124996k swap on ./swap-file.  Priority:0 extents:1 across:124996k 
[   46.764060] Adding 124996k swap on ./swap-file.  Priority:0 extents:1 across:124996k 
[   46.832845] Adding 124996k swap on ./swap-file.  Priority:0 extents:1 across:124996k 
[   46.901172] Adding 124996k swap on ./swap-file.  Priority:0 extents:1 across:124996k 
[   46.975994] Adding 124996k swap on ./swap-file.  Priority:0 extents:1 across:124996k 
[   47.057479] Adding 124996k swap on ./swap-file.  Priority:0 extents:1 across:124996k 
[   47.121122] Adding 124996k swap on ./swap-file.  Priority:0 extents:1 across:124996k 
[   47.180034] Adding 124996k swap on ./swap-file.  Priority:0 extents:1 across:124996k 
[   47.242865] Adding 124996k swap on ./swap-file.  Priority:0 extents:1 across:124996k 
[   47.305170] Adding 124996k swap on ./swap-file.  Priority:0 extents:1 across:124996k 
[   47.373062] Adding 124996k swap on ./swap-file.  Priority:0 extents:1 across:124996k 
[   47.432880] Adding 124996k swap on ./swap-file.  Priority:0 extents:1 across:124996k 
[   47.489117] Adding 124996k swap on ./swap-file.  Priority:0 extents:1 across:124996k 
[   47.556003] Adding 124996k swap on ./swap-file.  Priority:0 extents:1 across:124996k 
[   47.616353] Adding 124996k swap on ./swap-file.  Priority:0 extents:1 across:124996k 
[   47.680889] Adding 124996k swap on ./swap-file.  Priority:0 extents:1 across:124996k 
[   47.755354] Adding 124996k swap on ./swap-file.  Priority:0 extents:1 across:124996k 
[   47.814152] Adding 124996k swap on ./swap-file.  Priority:0 extents:1 across:124996k 
[   47.871093] Adding 124996k swap on ./swap-file.  Priority:0 extents:1 across:124996k 
[   47.932234] Adding 124996k swap on ./swap-file.  Priority:0 extents:1 across:124996k 
[   47.997381] Adding 124996k swap on ./swap-file.  Priority:0 extents:1 across:124996k 
[   48.069315] Adding 124996k swap on ./swap-file.  Priority:0 extents:1 across:124996k 
[   48.133916] Adding 124996k swap on ./swap-file.  Priority:0 extents:1 across:124996k 
[   48.192204] Adding 124996k swap on ./swap-file.  Priority:0 extents:1 across:124996k 
[   48.257100] Adding 124996k swap on ./swap-file.  Priority:0 extents:1 across:124996k 
[   48.322602] Adding 124996k swap on ./swap-file.  Priority:0 extents:1 across:124996k 
[   48.392087] Adding 124996k swap on ./swap-file.  Priority:0 extents:1 across:124996k 
[   48.456801] Adding 124996k swap on ./swap-file.  Priority:0 extents:1 across:124996k 
[   48.530499] Adding 124996k swap on ./swap-file.  Priority:0 extents:1 across:124996k 
[   48.603958] Adding 124996k swap on ./swap-file.  Priority:0 extents:1 across:124996k 
[   48.673005] Adding 124996k swap on ./swap-file.  Priority:0 extents:1 across:124996k 
[   48.749774] Adding 124996k swap on ./swap-file.  Priority:0 extents:1 across:124996k 
[   48.820766] Adding 124996k swap on ./swap-file.  Priority:0 extents:1 across:124996k 
[   48.889271] Adding 124996k swap on ./swap-file.  Priority:0 extents:1 across:124996k 
[   48.956207] Adding 124996k swap on ./swap-file.  Priority:0 extents:1 across:124996k 
[   49.038875] Adding 124996k swap on ./swap-file.  Priority:0 extents:1 across:124996k 
[   49.112716] Adding 124996k swap on ./swap-file.  Priority:0 extents:1 across:124996k 
[   49.189056] Adding 124996k swap on ./swap-file.  Priority:0 extents:1 across:124996k 
[   49.267217] Adding 124996k swap on ./swap-file.  Priority:0 extents:1 across:124996k 
[   49.334653] Adding 124996k swap on ./swap-file.  Priority:0 extents:1 across:124996k 
[   49.414119] Adding 124996k swap on ./swap-file.  Priority:0 extents:1 across:124996k 
[   49.503984] Adding 124996k swap on ./swap-file.  Priority:0 extents:1 across:124996k 
[   49.564511] Adding 124996k swap on ./swap-file.  Priority:0 extents:1 across:124996k 
[   49.629801] Adding 124996k swap on ./swap-file.  Priority:0 extents:1 across:124996k 
[   49.691756] Adding 124996k swap on ./swap-file.  Priority:0 extents:1 across:124996k 
[   49.747991] Adding 124996k swap on ./swap-file.  Priority:0 extents:1 across:124996k 
[   49.815826] Adding 124996k swap on ./swap-file.  Priority:0 extents:1 across:124996k 
[   49.879878] Adding 124996k swap on ./swap-file.  Priority:0 extents:1 across:124996k 
[   49.936815] Adding 124996k swap on ./swap-file.  Priority:0 extents:1 across:124996k 
[   50.002846] Adding 124996k swap on ./swap-file.  Priority:0 extents:1 across:124996k 
[   50.060440] Adding 124996k swap on ./swap-file.  Priority:0 extents:1 across:124996k 
[   50.132302] Adding 124996k swap on ./swap-file.  Priority:0 extents:1 across:124996k 
[   50.197301] Adding 124996k swap on ./swap-file.  Priority:0 extents:1 across:124996k 
[   50.256233] Adding 124996k swap on ./swap-file.  Priority:0 extents:1 across:124996k 
[   50.314030] Adding 124996k swap on ./swap-file.  Priority:0 extents:1 across:124996k 
[   50.393517] Adding 124996k swap on ./swap-file.  Priority:0 extents:1 across:124996k 
[   50.473715] Adding 124996k swap on ./swap-file.  Priority:0 extents:1 across:124996k 
[   50.535835] Adding 124996k swap on ./swap-file.  Priority:0 extents:1 across:124996k 
[   50.600142] Adding 124996k swap on ./swap-file.  Priority:0 extents:1 across:124996k 
[   50.660349] Adding 124996k swap on ./swap-file.  Priority:0 extents:1 across:124996k 
[   50.728394] Adding 124996k swap on ./swap-file.  Priority:0 extents:1 across:124996k 
[   50.784885] Adding 124996k swap on ./swap-file.  Priority:0 extents:1 across:124996k 
[   50.849165] Adding 124996k swap on ./swap-file.  Priority:0 extents:1 across:124996k 
[   50.921092] Adding 124996k swap on ./swap-file.  Priority:0 extents:1 across:124996k 
[   50.984238] Adding 124996k swap on ./swap-file.  Priority:0 extents:1 across:124996k 
[   51.041004] Adding 124996k swap on ./swap-file.  Priority:0 extents:1 across:124996k 
[   51.105762] Adding 124996k swap on ./swap-file.  Priority:0 extents:1 across:124996k 
[   51.169221] Adding 124996k swap on ./swap-file.  Priority:0 extents:1 across:124996k 
[   51.229353] Adding 124996k swap on ./swap-file.  Priority:0 extents:1 across:124996k 
[   51.298440] Adding 124996k swap on ./swap-file.  Priority:0 extents:1 across:124996k 
[   51.356792] Adding 124996k swap on ./swap-file.  Priority:0 extents:1 across:124996k 
[   51.415170] Adding 124996k swap on ./swap-file.  Priority:0 extents:1 across:124996k 
[   51.475791] Adding 124996k swap on ./swap-file.  Priority:0 extents:1 across:124996k 
[   51.533742] Adding 124996k swap on ./swap-file.  Priority:0 extents:1 across:124996k 
[   51.593363] Adding 124996k swap on ./swap-file.  Priority:0 extents:1 across:124996k 
[   51.655793] Adding 124996k swap on ./swap-file.  Priority:0 extents:1 across:124996k 
[   51.713707] Adding 124996k swap on ./swap-file.  Priority:0 extents:1 across:124996k 
[   51.776827] Adding 124996k swap on ./swap-file.  Priority:0 extents:1 across:124996k 
[   51.841290] Adding 124996k swap on ./swap-file.  Priority:0 extents:1 across:124996k 
[   51.900332] Adding 124996k swap on ./swap-file.  Priority:0 extents:1 across:124996k 
[   51.970314] Adding 124996k swap on ./swap-file.  Priority:0 extents:1 across:124996k 
[   52.033743] Adding 124996k swap on ./swap-file.  Priority:0 extents:1 across:124996k 
[   52.092299] Adding 124996k swap on ./swap-file.  Priority:0 extents:1 across:124996k 
[   52.155872] Adding 124996k swap on ./swap-file.  Priority:0 extents:1 across:124996k 
[   52.225422] Adding 124996k swap on ./swap-file.  Priority:0 extents:1 across:124996k 
[   52.289233] Adding 124996k swap on ./swap-file.  Priority:0 extents:1 across:124996k 
[   52.354523] Adding 124996k swap on ./swap-file.  Priority:0 extents:1 across:124996k 
[   52.416435] Adding 124996k swap on ./swap-file.  Priority:0 extents:1 across:124996k 
[   52.483904] Adding 124996k swap on ./swap-file.  Priority:0 extents:1 across:124996k 
[   52.559893] Adding 124996k swap on ./swap-file.  Priority:0 extents:1 across:124996k 
[   52.631075] Adding 124996k swap on ./swap-file.  Priority:0 extents:1 across:124996k 
[   52.710291] Adding 124996k swap on ./swap-file.  Priority:0 extents:1 across:124996k 
[   52.777221] Adding 124996k swap on ./swap-file.  Priority:0 extents:1 across:124996k 
[   52.844873] Adding 124996k swap on ./swap-file.  Priority:0 extents:1 across:124996k 
[   52.922449] Adding 124996k swap on ./swap-file.  Priority:0 extents:1 across:124996k 
[   53.001520] Adding 124996k swap on ./swap-file.  Priority:0 extents:1 across:124996k 
[   53.066954] Adding 124996k swap on ./swap-file.  Priority:0 extents:1 across:124996k 
[   53.140196] Adding 124996k swap on ./swap-file.  Priority:0 extents:1 across:124996k 
[   53.206528] Adding 124996k swap on ./swap-file.  Priority:0 extents:1 across:124996k 
[   53.288398] Adding 124996k swap on ./swap-file.  Priority:0 extents:1 across:124996k 
[   53.367205] Adding 124996k swap on ./swap-file.  Priority:0 extents:1 across:124996k 
[   53.431775] Adding 124996k swap on ./swap-file.  Priority:0 extents:1 across:124996k 
[   53.522887] Adding 124996k swap on ./swap-file.  Priority:0 extents:1 across:124996k 
[   53.596017] Adding 124996k swap on ./swap-file.  Priority:0 extents:1 across:124996k 
[   53.666187] Adding 124996k swap on ./swap-file.  Priority:0 extents:1 across:124996k 
[   53.729022] Adding 124996k swap on ./swap-file.  Priority:0 extents:1 across:124996k 
[   53.793400] Adding 124996k swap on ./swap-file.  Priority:0 extents:1 across:124996k 
[   53.853850] Adding 124996k swap on ./swap-file.  Priority:0 extents:1 across:124996k 
[   53.918803] Adding 124996k swap on ./swap-file.  Priority:0 extents:1 across:124996k 
[   53.997978] Adding 124996k swap on ./swap-file.  Priority:0 extents:1 across:124996k 
[   54.062338] Adding 124996k swap on ./swap-file.  Priority:0 extents:1 across:124996k 
[   54.120261] Adding 124996k swap on ./swap-file.  Priority:0 extents:1 across:124996k 
[   54.189663] Adding 124996k swap on ./swap-file.  Priority:0 extents:1 across:124996k 
[   54.248048] Adding 124996k swap on ./swap-file.  Priority:0 extents:1 across:124996k 
[   54.312291] Adding 124996k swap on ./swap-file.  Priority:0 extents:1 across:124996k 
[   54.384798] Adding 124996k swap on ./swap-file.  Priority:0 extents:1 across:124996k 
[   54.444731] Adding 124996k swap on ./swap-file.  Priority:0 extents:1 across:124996k 
[   54.517322] Adding 124996k swap on ./swap-file.  Priority:0 extents:1 across:124996k 
[   54.587992] Adding 124996k swap on ./swap-file.  Priority:0 extents:1 across:124996k 
[   54.653429] Adding 124996k swap on ./swap-file.  Priority:0 extents:1 across:124996k 
[   54.716030] Adding 124996k swap on ./swap-file.  Priority:0 extents:1 across:124996k 
[   54.787743] Adding 124996k swap on ./swap-file.  Priority:0 extents:1 across:124996k 
[   54.844807] Adding 124996k swap on ./swap-file.  Priority:0 extents:1 across:124996k 
[   54.917529] Adding 124996k swap on ./swap-file.  Priority:0 extents:1 across:124996k 
[   54.974326] Adding 124996k swap on ./swap-file.  Priority:0 extents:1 across:124996k 
[   55.052726] Adding 124996k swap on ./swap-file.  Priority:0 extents:1 across:124996k 
[   55.116243] Adding 124996k swap on ./swap-file.  Priority:0 extents:1 across:124996k 
[   55.176129] Adding 124996k swap on ./swap-file.  Priority:0 extents:1 across:124996k 
[   55.237094] Adding 124996k swap on ./swap-file.  Priority:0 extents:1 across:124996k 
[   55.312237] Adding 124996k swap on ./swap-file.  Priority:0 extents:1 across:124996k 
[   55.389244] Adding 124996k swap on ./swap-file.  Priority:0 extents:1 across:124996k 
[   55.456107] Adding 124996k swap on ./swap-file.  Priority:0 extents:1 across:124996k 
[   55.519061] Adding 124996k swap on ./swap-file.  Priority:0 extents:1 across:124996k 
[   55.583933] Adding 124996k swap on ./swap-file.  Priority:0 extents:1 across:124996k 
[   55.649432] Adding 124996k swap on ./swap-file.  Priority:0 extents:1 across:124996k 
[   55.713244] Adding 124996k swap on ./swap-file.  Priority:0 extents:1 across:124996k 
[   55.790618] Adding 124996k swap on ./swap-file.  Priority:0 extents:1 across:124996k 
[   55.854468] Adding 124996k swap on ./swap-file.  Priority:0 extents:1 across:124996k 
[   55.917649] Adding 124996k swap on ./swap-file.  Priority:0 extents:1 across:124996k 
[   55.987381] Adding 124996k swap on ./swap-file.  Priority:0 extents:1 across:124996k 
[   56.051242] Adding 124996k swap on ./swap-file.  Priority:0 extents:1 across:124996k 
[   56.112869] Adding 124996k swap on ./swap-file.  Priority:0 extents:1 across:124996k 
[   56.177325] Adding 124996k swap on ./swap-file.  Priority:0 extents:1 across:124996k 
[   56.243482] Adding 124996k swap on ./swap-file.  Priority:0 extents:1 across:124996k 
[   56.305132] Adding 124996k swap on ./swap-file.  Priority:0 extents:1 across:124996k 
