c[?7l[2J[0mSeaBIOS (version rel-1.16.0-0-gd239552ce722-prebuilt.qemu.org)


iPXE (http://ipxe.org) 00:03.0 CA00 PCI2.10 PnP PMM+7FF91000+7FEF1000 CA00
Press Ctrl-B to configure iPXE (PCI 00:03.0)...                                                                               


Booting from ROM...
c[?7l[2J[    0.000000] Linux version 6.19.0-rc5-next-20260113-0f853ca2a798-757b907b3ead-r-dirty (root@p-mtlp04) (gcc (GCC) 11.5.0 20240719 (Red Hat 11.5.0-14), GNU ld version 2.35.2-69.el9) #1 SMP PREEMPT_DYNAMIC Wed Jan 14 05:05:19 CST 2026
[    0.000000] Command line: console=ttyS0 root=/dev/sda earlyprintk=serial net.ifnames=0 plymouth.enable=0
[    0.000000] KERNEL supported cpus:
[    0.000000]   Intel GenuineIntel
[    0.000000]   AMD AuthenticAMD
[    0.000000]   Hygon HygonGenuine
[    0.000000]   Centaur CentaurHauls
[    0.000000]   zhaoxin   Shanghai  
[    0.000000] x86/split lock detection: #DB: warning on user-space bus_locks
[    0.000000] BIOS-provided physical RAM map:
[    0.000000] BIOS-e820: [mem 0x0000000000000000-0x000000000009fbff]  System RAM
[    0.000000] BIOS-e820: [mem 0x000000000009fc00-0x000000000009ffff]  device reserved
[    0.000000] BIOS-e820: [gap 0x00000000000a0000-0x00000000000effff]
[    0.000000] BIOS-e820: [mem 0x00000000000f0000-0x00000000000fffff]  device reserved
[    0.000000] BIOS-e820: [mem 0x0000000000100000-0x000000007ffdffff]  System RAM
[    0.000000] BIOS-e820: [mem 0x000000007ffe0000-0x000000007fffffff]  device reserved
[    0.000000] BIOS-e820: [gap 0x0000000080000000-0x00000000feffbfff]
[    0.000000] BIOS-e820: [mem 0x00000000feffc000-0x00000000feffffff]  device reserved
[    0.000000] BIOS-e820: [gap 0x00000000ff000000-0x00000000fffbffff]
[    0.000000] BIOS-e820: [mem 0x00000000fffc0000-0x00000000ffffffff]  device reserved
[    0.000000] printk: legacy bootconsole [earlyser0] enabled
[    0.000000] NX (Execute Disable) protection: active
[    0.000000] APIC: Static calls initialized
[    0.000000] SMBIOS 2.8 present.
[    0.000000] DMI: QEMU Standard PC (i440FX + PIIX, 1996), BIOS rel-1.16.0-0-gd239552ce722-prebuilt.qemu.org 04/01/2014
[    0.000000] DMI: Memory slots populated: 1/1
[    0.000000] Hypervisor detected: KVM
[    0.000000] last_pfn = 0x7ffe0 max_arch_pfn = 0x400000000
[    0.000000] kvm-clock: Using msrs 4b564d01 and 4b564d00
[    0.000003] kvm-clock: using sched offset of 1012186892 cycles
[    0.000489] clocksource: kvm-clock: mask: 0xffffffffffffffff max_cycles: 0x1cd42e4dffb, max_idle_ns: 881590591483 ns
[    0.001993] tsc: Detected 2995.200 MHz processor
[    0.010324] last_pfn = 0x7ffe0 max_arch_pfn = 0x400000000
[    0.010859] MTRR map: 4 entries (3 fixed + 1 variable; max 19), built from 8 variable MTRRs
[    0.011626] x86/PAT: Configuration [0-7]: WB  WC  UC- UC  WB  WP  UC- WT  
[    0.023130] found SMP MP-table at [mem 0x000f5ba0-0x000f5baf]
[    0.023693] Using GB pages for direct mapping
[    0.026197] ACPI: Early table checksum verification disabled
[    0.026723] ACPI: RSDP 0x00000000000F59C0 000014 (v00 BOCHS )
[    0.027289] ACPI: RSDT 0x000000007FFE1951 000034 (v01 BOCHS  BXPC     00000001 BXPC 00000001)
[    0.028103] ACPI: FACP 0x000000007FFE17FD 000074 (v01 BOCHS  BXPC     00000001 BXPC 00000001)
[    0.028934] ACPI: DSDT 0x000000007FFE0040 0017BD (v01 BOCHS  BXPC     00000001 BXPC 00000001)
[    0.029739] ACPI: FACS 0x000000007FFE0000 000040
[    0.030178] ACPI: APIC 0x000000007FFE1871 000080 (v01 BOCHS  BXPC     00000001 BXPC 00000001)
[    0.030973] ACPI: HPET 0x000000007FFE18F1 000038 (v01 BOCHS  BXPC     00000001 BXPC 00000001)
[    0.031766] ACPI: WAET 0x000000007FFE1929 000028 (v01 BOCHS  BXPC     00000001 BXPC 00000001)
[    0.032564] ACPI: Reserving FACP table memory at [mem 0x7ffe17fd-0x7ffe1870]
[    0.033209] ACPI: Reserving DSDT table memory at [mem 0x7ffe0040-0x7ffe17fc]
[    0.033851] ACPI: Reserving FACS table memory at [mem 0x7ffe0000-0x7ffe003f]
[    0.034493] ACPI: Reserving APIC table memory at [mem 0x7ffe1871-0x7ffe18f0]
[    0.035137] ACPI: Reserving HPET table memory at [mem 0x7ffe18f1-0x7ffe1928]
[    0.035779] ACPI: Reserving WAET table memory at [mem 0x7ffe1929-0x7ffe1950]
[    0.036973] No NUMA configuration found
[    0.037331] Faking a node at [mem 0x0000000000000000-0x000000007ffdffff]
[    0.037972] NODE_DATA(0) allocated [mem 0x7ffb4ec0-0x7ffdfcbf]
[    0.320828] KernelAddressSanitizer initialized (generic)
[    0.321634] ACPI: PM-Timer IO Port: 0x608
[    0.322044] ACPI: LAPIC_NMI (acpi_id[0xff] dfl dfl lint[0x1])
[    0.322630] IOAPIC[0]: apic_id 0, version 17, address 0xfec00000, GSI 0-23
[    0.323317] ACPI: INT_SRC_OVR (bus 0 bus_irq 0 global_irq 2 dfl dfl)
[    0.323902] ACPI: INT_SRC_OVR (bus 0 bus_irq 5 global_irq 5 high level)
[    0.324515] ACPI: INT_SRC_OVR (bus 0 bus_irq 9 global_irq 9 high level)
[    0.325121] ACPI: INT_SRC_OVR (bus 0 bus_irq 10 global_irq 10 high level)
[    0.325741] ACPI: INT_SRC_OVR (bus 0 bus_irq 11 global_irq 11 high level)
[    0.326382] ACPI: Using ACPI (MADT) for SMP configuration information
[    0.326975] ACPI: HPET id: 0x8086a201 base: 0xfed00000
[    0.327465] TSC deadline timer available
[    0.327831] CPU topo: Max. logical packages:   1
[    0.328261] CPU topo: Max. logical dies:       1
[    0.328683] CPU topo: Max. dies per package:   1
[    0.329108] CPU topo: Max. threads per core:   1
[    0.329533] CPU topo: Num. cores per package:     2
[    0.329982] CPU topo: Num. threads per package:   2
[    0.330426] CPU topo: Allowing 2 present CPUs plus 0 hotplug CPUs
[    0.331017] kvm-guest: APIC: eoi() replaced with kvm_guest_apic_eoi_write()
[    0.331694] kvm-guest: KVM setup pv remote TLB flush
[    0.332169] kvm-guest: setup PV sched yield
[    0.332605] PM: hibernation: Registered nosave memory: [mem 0x00000000-0x00000fff]
[    0.333310] PM: hibernation: Registered nosave memory: [mem 0x0009f000-0x000fffff]
[    0.334024] [gap 0x80000000-0xfeffbfff] available for PCI devices
[    0.334593] Booting paravirtualized kernel on KVM
[    0.335037] clocksource: refined-jiffies: mask: 0xffffffff max_cycles: 0xffffffff, max_idle_ns: 7645519600211568 ns
[    0.336126] Zone ranges:
[    0.336378]   DMA      [mem 0x0000000000001000-0x0000000000ffffff]
[    0.336954]   DMA32    [mem 0x0000000001000000-0x000000007ffdffff]
[    0.337527]   Normal   empty
[    0.337797]   Device   empty
[    0.338068] Movable zone start for each node
[    0.338463] Early memory node ranges
[    0.338791]   node   0: [mem 0x0000000000001000-0x000000000009efff]
[    0.339368]   node   0: [mem 0x0000000000100000-0x000000007ffdffff]
[    0.339941] Initmem setup node 0 [mem 0x0000000000001000-0x000000007ffdffff]
[    0.340950] On node 0, zone DMA: 1 pages in unavailable ranges
[    0.341827] On node 0, zone DMA: 97 pages in unavailable ranges
[    0.392098] On node 0, zone DMA32: 32 pages in unavailable ranges
[    0.392764] setup_percpu: NR_CPUS:8192 nr_cpumask_bits:2 nr_cpu_ids:2 nr_node_ids:1
[    0.395214] percpu: Embedded 81 pages/cpu s294912 r8192 d28672 u1048576
[    0.396107] kvm-guest: PV spinlocks enabled
[    0.396570] PV qspinlock hash table entries: 256 (order: 0, 4096 bytes, linear)
[    0.397311] Kernel command line: net.ifnames=0 console=ttyS0 root=/dev/sda earlyprintk=serial net.ifnames=0 plymouth.enable=0
[    0.398752] random: crng init done
[    0.399133] printk: log buffer data + meta data: 262144 + 917504 = 1179648 bytes
[    0.401362] Dentry cache hash table entries: 262144 (order: 9, 2097152 bytes, linear)
[    0.402950] Inode-cache hash table entries: 131072 (order: 8, 1048576 bytes, linear)
[    0.404023] Fallback order for Node 0: 0 
[    0.404036] Built 1 zonelists, mobility grouping on.  Total pages: 524158
[    0.405008] Policy zone: DMA32
[    0.405285] mem auto-init: stack:off, heap alloc:off, heap free:off
[    0.405842] stackdepot: allocating hash table via alloc_large_system_hash
[    0.406456] stackdepot hash table entries: 1048576 (order: 12, 16777216 bytes, linear)
[    0.418848] stackdepot: allocating space for 8192 stack pools via memblock
[    0.466787] SLUB: HWalign=64, Order=0-3, MinObjects=0, CPUs=2, Nodes=1
[    0.467422] kmemleak: Kernel memory leak detector disabled
[    0.505382] ftrace: allocating 75531 entries in 296 pages
[    0.505900] ftrace: allocated 296 pages with 3 groups
[    0.509164] Dynamic Preempt: lazy
[    0.509992] Running RCU self tests
[    0.510354] Running RCU synchronous self tests
[    0.510793] rcu: Preemptible hierarchical RCU implementation.
[    0.511294] rcu: 	RCU lockdep checking is enabled.
[    0.511721] rcu: 	RCU restricting CPUs from NR_CPUS=8192 to nr_cpu_ids=2.
[    0.512325] 	Trampoline variant of Tasks RCU enabled.
[    0.512764] 	Rude variant of Tasks RCU enabled.
[    0.513160] 	Tracing variant of Tasks RCU enabled.
[    0.513577] rcu: RCU calculated value of scheduler-enlistment delay is 25 jiffies.
[    0.514234] rcu: Adjusting geometry for rcu_fanout_leaf=16, nr_cpu_ids=2
[    0.514931] Running RCU synchronous self tests
[    0.515340] RCU Tasks: Setting shift to 1 and lim to 1 rcu_task_cb_adjust=1 rcu_task_cpu_ids=2.
[    0.516151] RCU Tasks Rude: Setting shift to 1 and lim to 1 rcu_task_cb_adjust=1 rcu_task_cpu_ids=2.
[    0.590639] NR_IRQS: 524544, nr_irqs: 440, preallocated irqs: 16
[    0.591774] rcu: srcu_init: Setting srcu_struct sizes based on contention.
[    0.600455] Console: colour VGA+ 80x25
[    0.600891] printk: legacy console [ttyS0] enabled
[    0.600891] printk: legacy console [ttyS0] enabled
[    0.601770] printk: legacy bootconsole [earlyser0] disabled
[    0.601770] printk: legacy bootconsole [earlyser0] disabled
[    0.602795] Lock dependency validator: Copyright (c) 2006 Red Hat, Inc., Ingo Molnar
[    0.603524] ... MAX_LOCKDEP_SUBCLASSES:  8
[    0.603918] ... MAX_LOCK_DEPTH:          48
[    0.604327] ... MAX_LOCKDEP_KEYS:        8192
[    0.604745] ... CLASSHASH_SIZE:          4096
[    0.605155] ... MAX_LOCKDEP_ENTRIES:     524288
[    0.605576] ... MAX_LOCKDEP_CHAINS:      524288
[    0.606011] ... CHAINHASH_SIZE:          262144
[    0.606440]  memory used by lock dependency info: 54145 kB
[    0.606954]  memory used for stack traces: 4224 kB
[    0.607405]  per task-struct memory footprint: 1920 bytes
[    0.608009] ACPI: Core revision 20250807
[    0.608864] clocksource: hpet: mask: 0xffffffff max_cycles: 0xffffffff, max_idle_ns: 19112604467 ns
[    0.609886] APIC: Switch to symmetric I/O mode setup
[    0.610585] x2apic enabled
[    0.611223] APIC: Switched APIC routing to: physical x2apic
[    0.611743] kvm-guest: APIC: send_IPI_mask() replaced with kvm_send_ipi_mask()
[    0.612419] kvm-guest: APIC: send_IPI_mask_allbutself() replaced with kvm_send_ipi_mask_allbutself()
[    0.613251] kvm-guest: setup PV IPIs
[    0.614687] ..TIMER: vector=0x30 apic1=0 pin1=2 apic2=-1 pin2=-1
[    0.615261] clocksource: tsc-early: mask: 0xffffffffffffffff max_cycles: 0x2b2c8ec87c7, max_idle_ns: 440795278598 ns
[    0.616249] Calibrating delay loop (skipped) preset value.. 5990.40 BogoMIPS (lpj=11980800)
[    0.617153] x86/cpu: User Mode Instruction Prevention (UMIP) activated
[    0.620280] Last level iTLB entries: 4KB 0, 2MB 0, 4MB 0
[    0.620776] Last level dTLB entries: 4KB 0, 2MB 0, 4MB 0, 1GB 0
[    0.621340] mitigations: Enabled attack vectors: user_kernel, user_user, guest_host, guest_guest, SMT mitigations: auto
[    0.622342] Speculative Store Bypass: Mitigation: Speculative Store Bypass disabled via prctl
[    0.623152] Spectre V2 : Mitigation: Enhanced / Automatic IBRS
[    0.623702] ITS: Mitigation: Aligned branch/return thunks
[    0.624243] Spectre V1 : Mitigation: usercopy/swapgs barriers and __user pointer sanitization
[    0.625045] Spectre V2 : WARNING: Unprivileged eBPF is enabled with eIBRS on, data leaks possible via Spectre v2 BHB attacks!
[    0.626111] Spectre V2 : Spectre v2 / PBRSB-eIBRS: Retire a single CALL on VMEXIT
[    0.626847] Spectre V2 : mitigation: Enabling conditional Indirect Branch Prediction Barrier
[    0.627648] active return thunk: its_return_thunk
[    0.628110] Spectre V2 : Spectre BHI mitigation: SW BHB clearing on syscall and VM exit
[    0.628277] x86/fpu: Supporting XSAVE feature 0x001: 'x87 floating point registers'
[    0.628956] x86/fpu: Supporting XSAVE feature 0x002: 'SSE registers'
[    0.629514] x86/fpu: Supporting XSAVE feature 0x004: 'AVX registers'
[    0.630082] x86/fpu: Supporting XSAVE feature 0x200: 'Protection Keys User registers'
[    0.630768] x86/fpu: xstate_offset[2]:  576, xstate_sizes[2]:  256
[    0.631315] x86/fpu: xstate_offset[9]:  832, xstate_sizes[9]:    8
[    0.632243] x86/fpu: Enabled xstate features 0x207, context size is 840 bytes, using 'compacted' format.
[    0.793032] Freeing SMP alternatives memory: 64K
[    0.793514] pid_max: default: 32768 minimum: 301
[    0.794335] Yama: becoming mindful.
[    0.795115] Mount-cache hash table entries: 4096 (order: 3, 32768 bytes, linear)
[    0.795819] Mountpoint-cache hash table entries: 4096 (order: 3, 32768 bytes, linear)
[    0.798105] Running RCU synchronous self tests
[    0.798545] Running RCU synchronous self tests
[    0.799395] smpboot: CPU0: Intel(R) Core(TM) Ultra 7 155H (family: 0x6, model: 0xaa, stepping: 0x4)
[    0.800234] Performance Events: unsupported CPU family 6 model 170 no PMU driver, software events only.
[    0.800234] signal: max sigframe size: 3632
[    0.800234] rcu: Hierarchical SRCU implementation.
[    0.800252] rcu: 	Max phase no-delay instances is 1000.
[    0.801057] Timer migration: 1 hierarchy levels; 8 children per group; 1 crossnode level
[    0.823913] NMI watchdog: Perf NMI watchdog permanently disabled
[    0.824515] smp: Bringing up secondary CPUs ...
[    0.826767] smpboot: x86: Booting SMP configuration:
[    0.827264] .... node  #0, CPUs:      #1
[    0.828305] smp: Brought up 1 node, 2 CPUs
[    0.829047] smpboot: Total of 2 processors activated (11980.80 BogoMIPS)
[    0.829799] Memory: 1538728K/2096632K available (81191K kernel code, 15752K rwdata, 18884K rodata, 16468K init, 69760K bss, 546452K reserved, 0K cma-reserved)
[    0.832747] devtmpfs: initialized
[    0.833395] x86/mm: Memory block size: 128MB
[    0.845386] Running RCU synchronous self tests
[    0.845386] Running RCU synchronous self tests
[    0.848345] Running RCU Tasks wait API self tests
[    0.848726] Running RCU Tasks Rude wait API self tests
[    0.848726] Running RCU Tasks Trace wait API self tests
[    0.849250] clocksource: jiffies: mask: 0xffffffff max_cycles: 0xffffffff, max_idle_ns: 7645041785100000 ns
[    0.852294] posixtimers hash table entries: 1024 (order: 5, 73728 bytes, linear)
[    0.853073] futex hash table entries: 512 (65536 bytes on 1 NUMA nodes, total 64 KiB, linear).
[    0.855957] 
[    0.856125] *************************************************************
[    0.856283] **     NOTICE NOTICE NOTICE NOTICE NOTICE NOTICE NOTICE    **
[    0.856878] **                                                         **
[    0.857477] **  IOMMU DebugFS SUPPORT HAS BEEN ENABLED IN THIS KERNEL  **
[    0.858068] **                                                         **
[    0.858658] ** This means that this kernel is built to expose internal **
[    0.859250] ** IOMMU data structures, which may compromise security on **
[    0.859854] ** your system.                                            **
[    0.860269] **                                                         **
[    0.860893] ** If you see this message and you are not debugging the   **
[    0.861516] ** kernel, report this immediately to your vendor!         **
[    0.862119] **                                                         **
[    0.862726] **     NOTICE NOTICE NOTICE NOTICE NOTICE NOTICE NOTICE    **
[    0.863332] *************************************************************
[    0.864028] PM: RTC time: 21:10:24, date: 2026-01-13
[    0.868504] NET: Registered PF_NETLINK/PF_ROUTE protocol family
[    0.870874] DMA: preallocated 256 KiB GFP_KERNEL pool for atomic allocations
[    0.871543] DMA: preallocated 256 KiB GFP_KERNEL|GFP_DMA pool for atomic allocations
[    0.872257] DMA: preallocated 256 KiB GFP_KERNEL|GFP_DMA32 pool for atomic allocations
[    0.873052] audit: initializing netlink subsys (disabled)
[    0.873587] audit: type=2000 audit(1768338625.723:1): state=initialized audit_enabled=0 res=1
[    0.876300] Callback from call_rcu_tasks_trace() invoked.
[    0.875273] thermal_sys: Registered thermal governor 'fair_share'
[    0.875289] thermal_sys: Registered thermal governor 'bang_bang'
[    0.876177] thermal_sys: Registered thermal governor 'step_wise'
[    0.876251] thermal_sys: Registered thermal governor 'user_space'
[    0.877218] cpuidle: using governor ladder
[    0.880262] cpuidle: using governor menu
[    0.881497] acpiphp: ACPI Hot Plug PCI Controller Driver version: 0.5
[    0.881955] PCI: Using configuration type 1 for base access
[    0.884846] kprobes: kprobe jump-optimization is enabled. All kprobes are optimized if possible.
[    0.892812] HugeTLB: registered 1.00 GiB page size, pre-allocated 0 pages
[    0.893340] HugeTLB: 16380 KiB vmemmap can be freed for a 1.00 GiB page
[    0.894168] HugeTLB: registered 2.00 MiB page size, pre-allocated 0 pages
[    0.894947] HugeTLB: 28 KiB vmemmap can be freed for a 2.00 MiB page
[    0.954644] ACPI: Added _OSI(Module Device)
[    0.955065] ACPI: Added _OSI(Processor Device)
[    0.955492] ACPI: Added _OSI(Processor Aggregator Device)
[    0.999231] ACPI: 1 ACPI AML tables successfully acquired and loaded
[    1.014728] ACPI: \_SB_: platform _OSC: OS support mask [002e7eff]
[    1.018325] ACPI: Interpreter enabled
[    1.018842] ACPI: PM: (supports S0 S3 S4 S5)
[    1.019255] ACPI: Using IOAPIC for interrupt routing
[    1.019861] PCI: Using host bridge windows from ACPI; if necessary, use "pci=nocrs" and report a bug
[    1.020244] PCI: Using E820 reservations for host bridge windows
[    1.022278] ACPI: Enabled 2 GPEs in block 00 to 0F
[    1.071815] ACPI: PCI Root Bridge [PCI0] (domain 0000 [bus 00-ff])
[    1.072272] acpi PNP0A03:00: _OSC: OS supports [ASPM ClockPM Segments MSI EDR HPX-Type3]
[    1.073039] acpi PNP0A03:00: _OSC: not requesting OS control; OS requires [ExtendedConfig ASPM ClockPM MSI]
[    1.074043] acpi PNP0A03:00: _OSC: platform retains control of PCIe features (AE_ERROR)
[    1.074924] acpi PNP0A03:00: fail to add MMCONFIG information, can't access extended configuration space under this bridge
[    1.081787] acpiphp: Slot [3] registered
[    1.082343] acpiphp: Slot [4] registered
[    1.082893] acpiphp: Slot [5] registered
[    1.083462] acpiphp: Slot [6] registered
[    1.084285] acpiphp: Slot [7] registered
[    1.084869] acpiphp: Slot [8] registered
[    1.085432] acpiphp: Slot [9] registered
[    1.086000] acpiphp: Slot [10] registered
[    1.086581] acpiphp: Slot [11] registered
[    1.087145] acpiphp: Slot [12] registered
[    1.087694] acpiphp: Slot [13] registered
[    1.088257] acpiphp: Slot [14] registered
[    1.088840] acpiphp: Slot [15] registered
[    1.089399] acpiphp: Slot [16] registered
[    1.089955] acpiphp: Slot [17] registered
[    1.090516] acpiphp: Slot [18] registered
[    1.091102] acpiphp: Slot [19] registered
[    1.091669] acpiphp: Slot [20] registered
[    1.092217] acpiphp: Slot [21] registered
[    1.092422] acpiphp: Slot [22] registered
[    1.093010] acpiphp: Slot [23] registered
[    1.093568] acpiphp: Slot [24] registered
[    1.094120] acpiphp: Slot [25] registered
[    1.094684] acpiphp: Slot [26] registered
[    1.095278] acpiphp: Slot [27] registered
[    1.095822] acpiphp: Slot [28] registered
[    1.096361] acpiphp: Slot [29] registered
[    1.096913] acpiphp: Slot [30] registered
[    1.097488] acpiphp: Slot [31] registered
[    1.097955] PCI host bridge to bus 0000:00
[    1.098447] pci_bus 0000:00: root bus resource [io  0x0000-0x0cf7 window]
[    1.099100] pci_bus 0000:00: root bus resource [io  0x0d00-0xffff window]
[    1.099753] pci_bus 0000:00: root bus resource [mem 0x000a0000-0x000bffff window]
[    1.100266] pci_bus 0000:00: root bus resource [mem 0x80000000-0xfebfffff window]
[    1.100981] pci_bus 0000:00: root bus resource [mem 0x100000000-0x17fffffff window]
[    1.101709] pci_bus 0000:00: root bus resource [bus 00-ff]
[    1.102408] pci 0000:00:00.0: [8086:1237] type 00 class 0x060000 conventional PCI endpoint
[    1.114766] pci 0000:00:01.0: [8086:7000] type 00 class 0x060100 conventional PCI endpoint
[    1.117324] pci 0000:00:01.1: [8086:7010] type 00 class 0x010180 conventional PCI endpoint
[    1.118725] pci 0000:00:01.1: BAR 4 [io  0xc040-0xc04f]
[    1.119268] pci 0000:00:01.1: BAR 0 [io  0x01f0-0x01f7]: legacy IDE quirk
[    1.119898] pci 0000:00:01.1: BAR 1 [io  0x03f6]: legacy IDE quirk
[    1.120245] pci 0000:00:01.1: BAR 2 [io  0x0170-0x0177]: legacy IDE quirk
[    1.120856] pci 0000:00:01.1: BAR 3 [io  0x0376]: legacy IDE quirk
[    1.122080] pci 0000:00:01.3: [8086:7113] type 00 class 0x068000 conventional PCI endpoint
[    1.123140] pci 0000:00:01.3: quirk: [io  0x0600-0x063f] claimed by PIIX4 ACPI
[    1.123801] pci 0000:00:01.3: quirk: [io  0x0700-0x070f] claimed by PIIX4 SMB
[    1.124946] pci 0000:00:02.0: [1234:1111] type 00 class 0x030000 conventional PCI endpoint
[    1.131201] pci 0000:00:02.0: BAR 0 [mem 0xfd000000-0xfdffffff pref]
[    1.132364] pci 0000:00:02.0: BAR 2 [mem 0xfebf0000-0xfebf0fff]
[    1.134592] pci 0000:00:02.0: ROM [mem 0xfebe0000-0xfebeffff pref]
[    1.137405] pci 0000:00:02.0: Video device with shadowed ROM at [mem 0x000c0000-0x000dffff]
[    1.159647] pci 0000:00:03.0: [8086:100e] type 00 class 0x020000 conventional PCI endpoint
[    1.163070] pci 0000:00:03.0: BAR 0 [mem 0xfebc0000-0xfebdffff]
[    1.163757] pci 0000:00:03.0: BAR 1 [io  0xc000-0xc03f]
[    1.164280] pci 0000:00:03.0: ROM [mem 0xfeb80000-0xfebbffff pref]
[    1.193614] ACPI: PCI: Interrupt link LNKA configured for IRQ 10
[    1.195791] ACPI: PCI: Interrupt link LNKB configured for IRQ 10
[    1.197590] ACPI: PCI: Interrupt link LNKC configured for IRQ 11
[    1.199540] ACPI: PCI: Interrupt link LNKD configured for IRQ 11
[    1.200818] ACPI: PCI: Interrupt link LNKS configured for IRQ 9
[    1.206573] iommu: Default domain type: Translated
[    1.207143] iommu: DMA domain TLB invalidation policy: lazy mode
[    1.216860] SCSI subsystem initialized
[    1.217432] ACPI: bus type USB registered
[    1.220630] usbcore: registered new interface driver usbfs
[    1.221403] usbcore: registered new interface driver hub
[    1.222077] usbcore: registered new device driver usb
[    1.223305] pps_core: LinuxPPS API ver. 1 registered
[    1.223816] pps_core: Software ver. 5.3.6 - Copyright 2005-2007 Rodolfo Giometti <giometti@linux.it>
[    1.224292] PTP clock support registered
[    1.228513] EDAC MC: Ver: 3.0.0
[    1.240107] NetLabel: Initializing
[    1.240263] NetLabel:  domain hash size = 128
[    1.240713] NetLabel:  protocols = UNLABELED CIPSOv4 CALIPSO
[    1.241539] NetLabel:  unlabeled traffic allowed by default
[    1.244884] PCI: Using ACPI for IRQ routing
[    1.245467] e820: register RAM buffer resource [mem 0x0009fc00-0x0009ffff]
[    1.246207] e820: register RAM buffer resource [mem 0x7ffe0000-0x7fffffff]
[    1.247419] pci 0000:00:02.0: vgaarb: setting as boot VGA device
[    1.248058] pci 0000:00:02.0: vgaarb: bridge control possible
[    1.248234] pci 0000:00:02.0: vgaarb: VGA device added: decodes=io+mem,owns=io+mem,locks=none
[    1.248244] vgaarb: loaded
[    1.249882] hpet0: at MMIO 0xfed00000, IRQs 2, 8, 0
[    1.250419] hpet0: 3 comparators, 64-bit 100.000000 MHz counter
[    1.253657] clocksource: Switched to clocksource kvm-clock
[    1.256234] VFS: Disk quotas dquot_6.6.0
[    1.256234] VFS: Dquot-cache hash table entries: 512 (order 0, 4096 bytes)
[    1.261449] pnp: PnP ACPI init
[    1.269914] pnp: PnP ACPI: found 6 devices
[    1.296443] clocksource: acpi_pm: mask: 0xffffff max_cycles: 0xffffff, max_idle_ns: 2085701024 ns
[    1.298020] NET: Registered PF_INET protocol family
[    1.299324] IP idents hash table entries: 32768 (order: 6, 262144 bytes, linear)
[    1.302109] tcp_listen_portaddr_hash hash table entries: 1024 (order: 5, 73728 bytes, linear)
[    1.303070] Table-perturb hash table entries: 65536 (order: 6, 262144 bytes, linear)
[    1.304033] TCP established hash table entries: 16384 (order: 5, 131072 bytes, linear)
[    1.305406] TCP bind hash table entries: 16384 (order: 10, 2359296 bytes, linear)
[    1.309039] TCP: Hash tables configured (established 16384 bind 16384)
[    1.309954] UDP hash table entries: 1024 (order: 6, 262144 bytes, linear)
[    1.310884] UDP-Lite hash table entries: 1024 (order: 6, 262144 bytes, linear)
[    1.312379] NET: Registered PF_UNIX/PF_LOCAL protocol family
[    1.320660] RPC: Registered named UNIX socket transport module.
[    1.321280] RPC: Registered udp transport module.
[    1.321731] RPC: Registered tcp transport module.
[    1.322177] RPC: Registered tcp-with-tls transport module.
[    1.322695] RPC: Registered tcp NFSv4.1 backchannel transport module.
[    1.323350] pci_bus 0000:00: resource 4 [io  0x0000-0x0cf7 window]
[    1.323979] pci_bus 0000:00: resource 5 [io  0x0d00-0xffff window]
[    1.324572] pci_bus 0000:00: resource 6 [mem 0x000a0000-0x000bffff window]
[    1.325232] pci_bus 0000:00: resource 7 [mem 0x80000000-0xfebfffff window]
[    1.325887] pci_bus 0000:00: resource 8 [mem 0x100000000-0x17fffffff window]
[    1.326990] pci 0000:00:01.0: PIIX3: Enabling Passive Release
[    1.327554] pci 0000:00:00.0: Limiting direct PCI/PCI transfers
[    1.328241] PCI: CLS 0 bytes, default 64
[    1.328871] ACPI: bus type thunderbolt registered
[    1.330072] clocksource: tsc: mask: 0xffffffffffffffff max_cycles: 0x2b2c8ec87c7, max_idle_ns: 440795278598 ns
[    4.521304] Initialise system trusted keyrings
[    4.521905] Key type blacklist registered
[    4.523585] workingset: timestamp_bits=36 max_order=19 bucket_order=0
[    4.526620] squashfs: version 4.0 (2009/01/31) Phillip Lougher
[    4.528898] NFS: Registering the id_resolver key type
[    4.529392] Key type id_resolver registered
[    4.529775] Key type id_legacy registered
[    4.530205] nfs4filelayout_init: NFSv4 File Layout Driver Registering...
[    4.530851] nfs4flexfilelayout_init: NFSv4 Flexfile Layout Driver Registering...
[    4.531963] fuse: init (API version 7.45)
[    4.533100] SGI XFS with ACLs, security attributes, realtime, quota, no debug enabled
[    4.535743] 9p: Installing v9fs 9p2000 file system support
[    4.550292] Key type asymmetric registered
[    4.550688] Asymmetric key parser 'x509' registered
[    4.551380] Block layer SCSI generic (bsg) driver version 0.4 loaded (major 241)
[    4.552433] io scheduler mq-deadline registered
[    4.552984] io scheduler bfq registered
[    4.554103] ledtrig-cpu: registered to indicate activity on CPUs
[    4.556453] IPMI message handler: version 39.2
[    4.556963] ipmi device interface
[    4.559493] input: Power Button as /devices/platform/LNXPWRBN:00/input/input0
[    4.560558] ACPI: button: Power Button [PWRF]
[    4.562662] ERST DBG: ERST support is disabled.
[    4.564778] Serial: 8250/16550 driver, 32 ports, IRQ sharing enabled
[    4.566965] 00:04: ttyS0 at I/O 0x3f8 (irq = 4, base_baud = 115200) is a 16550A
[    4.579965] Callback from call_rcu_tasks() invoked.
[    4.599188] Linux agpgart interface v0.103
[    4.602285] ACPI: bus type drm_connector registered
[    4.627924] brd: module loaded
[    4.644991] loop: module loaded
[    4.655953] scsi host0: ata_piix
[    4.657602] scsi host1: ata_piix
[    4.658458] ata1: PATA max MWDMA2 cmd 0x1f0 ctl 0x3f6 bmdma 0xc040 irq 14 lpm-pol 0
[    4.659129] ata2: PATA max MWDMA2 cmd 0x170 ctl 0x376 bmdma 0xc048 irq 15 lpm-pol 0
[    4.662982] tun: Universal TUN/TAP device driver, 1.6
[    4.664131] e100: Intel(R) PRO/100 Network Driver
[    4.664614] e100: Copyright(c) 1999-2006 Intel Corporation
[    4.665257] e1000: Intel(R) PRO/1000 Network Driver
[    4.665702] e1000: Copyright (c) 1999-2006 Intel Corporation.
[    4.820102] ata1: found unknown device (class 0)
[    4.821557] ata1.00: ATA-7: QEMU HARDDISK, 2.5+, max UDMA/100
[    4.822055] ata1.00: 17196647 sectors, multi 16: LBA48 
[    4.823949] ata2: found unknown device (class 0)
[    4.824666] scsi 0:0:0:0: Direct-Access     ATA      QEMU HARDDISK    2.5+ PQ: 0 ANSI: 5
[    4.825658] ata2.00: ATAPI: QEMU DVD-ROM, 2.5+, max UDMA/100
[    4.829411] sd 0:0:0:0: Attached scsi generic sg0 type 0
[    4.830230] sd 0:0:0:0: [sda] 17196647 512-byte logical blocks: (8.80 GB/8.20 GiB)
[    4.831550] sd 0:0:0:0: [sda] Write Protect is off
[    4.832061] scsi 1:0:0:0: CD-ROM            QEMU     QEMU DVD-ROM     2.5+ PQ: 0 ANSI: 5
[    4.833046] sd 0:0:0:0: [sda] Write cache: enabled, read cache: enabled, doesn't support DPO or FUA
[    4.834717] sd 0:0:0:0: [sda] Preferred minimum I/O size 512 bytes
[    4.854157] scsi 1:0:0:0: Attached scsi generic sg1 type 5
[    4.864455] sd 0:0:0:0: [sda] Attached SCSI disk
[    5.474119] ACPI: \_SB_.LNKC: Enabled at IRQ 11
[    5.787817] e1000 0000:00:03.0 eth0: (PCI:33MHz:32-bit) 52:54:00:12:34:56
[    5.788399] e1000 0000:00:03.0 eth0: Intel(R) PRO/1000 Network Connection
[    5.789176] e1000e: Intel(R) PRO/1000 Network Driver
[    5.789568] e1000e: Copyright(c) 1999 - 2015 Intel Corporation.
[    5.790845] igb: Intel(R) Gigabit Ethernet Network Driver
[    5.791279] igb: Copyright (c) 2007-2014 Intel Corporation.
[    5.792163] PPP generic driver version 2.4.2
[    5.793839] VFIO - User Level meta-driver version: 0.3
[    5.796776] usbcore: registered new interface driver uas
[    5.797335] usbcore: registered new interface driver usb-storage
[    5.798117] i8042: PNP: PS/2 Controller [PNP0303:KBD,PNP0f13:MOU] at 0x60,0x64 irq 1,12
[    5.799631] serio: i8042 KBD port at 0x60,0x64 irq 1
[    5.800115] serio: i8042 AUX port at 0x60,0x64 irq 12
[    5.801864] mousedev: PS/2 mouse device common for all mice
[    5.803754] rtc_cmos 00:05: RTC can wake from S4
[    5.806065] input: AT Translated Set 2 keyboard as /devices/platform/i8042/serio0/input/input1
[    5.806985] rtc_cmos 00:05: registered as rtc0
[    5.807952] rtc_cmos 00:05: setting system clock to 2026-01-13T21:10:29 UTC (1768338629)
[    5.808490] input: VirtualPS/2 VMware VMMouse as /devices/platform/i8042/serio1/input/input4
[    5.810463] rtc_cmos 00:05: alarms up to one day, y3k, 242 bytes nvram, hpet irqs
[    5.811060] input: VirtualPS/2 VMware VMMouse as /devices/platform/i8042/serio1/input/input3
[    5.811765] i2c_dev: i2c /dev entries driver
[    5.813122] device-mapper: core: CONFIG_IMA_DISABLE_HTABLE is disabled. Duplicate IMA measurements will not be recorded in the IMA log.
[    5.814839] device-mapper: uevent: version 1.0.3
[    5.816087] device-mapper: ioctl: 4.50.0-ioctl (2025-04-28) initialised: dm-devel@lists.linux.dev
[    5.817124] intel_pstate: CPU model not supported
[    5.817985] sdhci: Secure Digital Host Controller Interface driver
[    5.818521] sdhci: Copyright(c) Pierre Ossman
[    5.819186] sdhci-pltfm: SDHCI platform and OF driver helper
[    5.820975] drop_monitor: Initializing network drop monitor service
[    5.822000] NET: Registered PF_INET6 protocol family
[    5.824602] Segment Routing with IPv6
[    5.825031] In-situ OAM (IOAM) with IPv6
[    5.825518] NET: Registered PF_PACKET protocol family
[    5.826334] 9pnet: Installing 9P2000 support
[    5.826989] Key type dns_resolver registered
[    5.829883] IPI shorthand broadcast: enabled
[    6.175007] sched_clock: Marking stable (6152007316, 19822338)->(6219056467, -47226813)
[    6.178026] registered taskstats version 1
[    6.179258] Loading compiled-in X.509 certificates
[    6.284114] Demotion targets for Node 0: null
[    6.289036] Key type .fscrypt registered
[    6.289502] Key type fscrypt-provisioning registered
[    6.294669] Key type encrypted registered
[    6.295107] ima: No TPM chip found, activating TPM-bypass!
[    6.295663] ima: Allocated hash algorithm: sha1
[    6.296219] ima: No architecture policies found
[    6.296894] evm: Initialising EVM extended attributes:
[    6.297389] evm: security.selinux
[    6.297714] evm: security.SMACK64
[    6.298043] evm: security.SMACK64EXEC
[    6.298398] evm: security.SMACK64TRANSMUTE
[    6.298792] evm: security.SMACK64MMAP
[    6.299144] evm: security.apparmor
[    6.299472] evm: security.ima
[    6.299763] evm: security.capability
[    6.300154] evm: HMAC attrs: 0x1
[    6.303560] PM:   Magic number: 10:789:196
[    6.305424] RAS: Correctable Errors collector initialized.
[    6.306227] clk: Disabling unused clocks
[    6.306792] PM: genpd: Disabling unused power domains
[    6.308503] check access for rdinit=/init failed: -2, ignoring
[    6.308896] md: Waiting for all devices to be available before autodetect
[    6.309307] md: If you don't use raid, use raid=noautodetect
[    6.309656] md: Autodetecting RAID arrays.
[    6.309923] md: autorun ...
[    6.310105] md: ... autorun DONE.
[    6.321508] EXT4-fs (sda): INFO: recovery required on readonly filesystem
[    6.321975] EXT4-fs (sda): write access will be enabled during recovery
[    6.545852] EXT4-fs (sda): recovery complete
[    6.548678] EXT4-fs (sda): mounted filesystem 088740a9-c8b4-422c-999d-a804eb68a4da ro with ordered data mode. Quota mode: none.
[    6.549590] VFS: Mounted root (ext4 filesystem) readonly on device 8:0.
[    6.553430] devtmpfs: mounted
[    6.574040] Freeing unused decrypted memory: 2036K
[    6.584970] Freeing unused kernel image (initmem) memory: 16468K
[    6.585582] Write protecting the kernel read-only data: 102400k
[    6.588111] Freeing unused kernel image (text/rodata gap) memory: 728K
[    6.590148] Freeing unused kernel image (rodata/data gap) memory: 1596K
[    6.677058] x86/mm: Checked W+X mappings: passed, no W+X pages found.
[    6.677527] Run /sbin/init as init process
[    6.869592] systemd[1]: systemd 252-15.el9 running in system mode (+PAM +AUDIT +SELINUX -APPARMOR +IMA +SMACK +SECCOMP +GCRYPT +GNUTLS +OPENSSL +ACL +BLKID +CURL +ELFUTILS -FIDO2 +IDN2 -IDN -IPTC +KMOD +LIBCRYPTSETUP +LIBFDISK +PCRE2 -PWQUALITY +P11KIT -QRENCODE +TPM2 +BZIP2 +LZ4 +XZ +ZLIB +ZSTD -BPF_FRAMEWORK +XKBCOMMON +UTMP +SYSVINIT default-hierarchy=unified)
[    6.871719] systemd[1]: Detected virtualization kvm.
[    6.872105] systemd[1]: Detected architecture x86-64.

Welcome to [0;31mCentOS Stream 9[0m!

[    6.879043] systemd[1]: Hostname set to <test>.
[    7.134713] systemd-rc-local-generator[117]: /etc/rc.d/rc.local is not marked executable, skipping.
[    7.501248] systemd[1]: Queued start job for default target Multi-User System.
[    7.535185] systemd[1]: Created slice Virtual Machine and Container Slice.
[[0;32m  OK  [0m] Created slice [0;1;39mVirtual Machine and Container Slice[0m.
[    7.541457] systemd[1]: Created slice Slice /system/getty.
[[0;32m  OK  [0m] Created slice [0;1;39mSlice /system/getty[0m.
[    7.545082] systemd[1]: Created slice Slice /system/modprobe.
[[0;32m  OK  [0m] Created slice [0;1;39mSlice /system/modprobe[0m.
[    7.548538] systemd[1]: Created slice Slice /system/serial-getty.
[[0;32m  OK  [0m] Created slice [0;1;39mSlice /system/serial-getty[0m.
[    7.551903] systemd[1]: Created slice Slice /system/sshd-keygen.
[[0;32m  OK  [0m] Created slice [0;1;39mSlice /system/sshd-keygen[0m.
[    7.555015] systemd[1]: Created slice User and Session Slice.
[[0;32m  OK  [0m] Created slice [0;1;39mUser and Session Slice[0m.
[    7.556641] systemd[1]: Started Forward Password Requests to Wall Directory Watch.
[[0;32m  OK  [0m] Started [0;1;39mForward Password R…uests to Wall Directory Watch[0m.
[    7.559066] systemd[1]: Set up automount Arbitrary Executable File Formats File System Automount Point.
[[0;32m  OK  [0m] Set up automount [0;1;39mArbitrary…s File System Automount Point[0m.
[    7.560645] systemd[1]: Reached target Local Integrity Protected Volumes.
[[0;32m  OK  [0m] Reached target [0;1;39mLocal Integrity Protected Volumes[0m.
[    7.561890] systemd[1]: Reached target Slice Units.
[[0;32m  OK  [0m] Reached target [0;1;39mSlice Units[0m.
[    7.562838] systemd[1]: Reached target Swaps.
[[0;32m  OK  [0m] Reached target [0;1;39mSwaps[0m.
[    7.563714] systemd[1]: Reached target Local Verity Protected Volumes.
[[0;32m  OK  [0m] Reached target [0;1;39mLocal Verity Protected Volumes[0m.
[    7.565395] systemd[1]: Listening on Device-mapper event daemon FIFOs.
[[0;32m  OK  [0m] Listening on [0;1;39mDevice-mapper event daemon FIFOs[0m.
[    7.567283] systemd[1]: Listening on LVM2 poll daemon socket.
[[0;32m  OK  [0m] Listening on [0;1;39mLVM2 poll daemon socket[0m.
[    7.568595] systemd[1]: multipathd control socket was skipped because of an unmet condition check (ConditionPathExists=/etc/multipath.conf).
[    7.639802] systemd[1]: Listening on RPCbind Server Activation Socket.
[[0;32m  OK  [0m] Listening on [0;1;39mRPCbind Server Activation Socket[0m.
[    7.641666] systemd[1]: Reached target RPC Port Mapper.
[[0;32m  OK  [0m] Reached target [0;1;39mRPC Port Mapper[0m.
[    7.646537] systemd[1]: Listening on Process Core Dump Socket.
[[0;32m  OK  [0m] Listening on [0;1;39mProcess Core Dump Socket[0m.
[    7.648148] systemd[1]: Listening on initctl Compatibility Named Pipe.
[[0;32m  OK  [0m] Listening on [0;1;39minitctl Compatibility Named Pipe[0m.
[    7.650012] systemd[1]: Listening on Journal Socket (/dev/log).
[[0;32m  OK  [0m] Listening on [0;1;39mJournal Socket (/dev/log)[0m.
[    7.651700] systemd[1]: Listening on Journal Socket.
[[0;32m  OK  [0m] Listening on [0;1;39mJournal Socket[0m.
[    7.653984] systemd[1]: Listening on udev Control Socket.
[[0;32m  OK  [0m] Listening on [0;1;39mudev Control Socket[0m.
[    7.655524] systemd[1]: Listening on udev Kernel Socket.
[[0;32m  OK  [0m] Listening on [0;1;39mudev Kernel Socket[0m.
[    7.672627] systemd[1]: Mounting Huge Pages File System...
         Mounting [0;1;39mHuge Pages File System[0m...
[    7.680769] systemd[1]: Mounting POSIX Message Queue File System...
         Mounting [0;1;39mPOSIX Message Queue File System[0m...
[    7.693134] systemd[1]: Mounting Kernel Debug File System...
         Mounting [0;1;39mKernel Debug File System[0m...
[    7.701222] systemd[1]: Mounting Kernel Trace File System...
         Mounting [0;1;39mKernel Trace File System[0m...
[    7.706459] systemd[1]: Kernel Module supporting RPCSEC_GSS was skipped because of an unmet condition check (ConditionPathExists=/etc/krb5.keytab).
[    7.707528] systemd[1]: Create List of Static Device Nodes was skipped because of an unmet condition check (ConditionFileNotEmpty=/lib/modules/6.19.0-rc5-next-20260113-0f853ca2a798-757b907b3ead-r-dirty/modules.devname).
[    7.715637] systemd[1]: Starting Monitoring of LVM2 mirrors, snapshots etc. using dmeventd or progress polling...
         Starting [0;1;39mMonitoring of LVM…meventd or progress polling[0m...
[    7.723819] systemd[1]: Starting Load Kernel Module configfs...
         Starting [0;1;39mLoad Kernel Module configfs[0m...
[    7.740709] systemd[1]: Starting Load Kernel Module drm...
         Starting [0;1;39mLoad Kernel Module drm[0m...
[    7.748263] systemd[1]: Starting Load Kernel Module fuse...
         Starting [0;1;39mLoad Kernel Module fuse[0m...
[    7.764587] systemd[1]: Starting Read and set NIS domainname from /etc/sysconfig/network...
         Starting [0;1;39mRead and set NIS …from /etc/sysconfig/network[0m...
[    7.784585] systemd[1]: Starting Journal Service...
         Starting [0;1;39mJournal Service[0m...
[    7.804828] systemd[1]: Starting Load Kernel Modules...
         Starting [0;1;39mLoad Kernel Modules[0m...
[    7.829233] systemd[1]: Starting Generate network units from Kernel command line...
         Starting [0;1;39mGenerate network …ts from Kernel command line[0m...
[    7.845896] systemd[1]: Starting Remount Root and Kernel File Systems...
         Starting [0;1;39mRemount Root and Kernel File Systems[0m...
[    7.856635] systemd[1]: Repartition Root Disk was skipped because no trigger condition checks were met.
[    7.890342] systemd[1]: Starting Coldplug All udev Devices...
         Starting [0;1;39mColdplug All udev Devices[0m...
[    7.922263] systemd[1]: Mounted Huge Pages File System.
[[0;32m  OK  [0m] Mounted [0;1;39mHuge Pages File System[0m.
[    7.928679] systemd[1]: Mounted POSIX Message Queue File System.
[[0;32m  OK  [0m] Mounted [0;1;39mPOSIX Message Queue File System[0m.
[    7.930572] systemd[1]: Mounted Kernel Debug File System.
[[0;32m  OK  [0m] Mounted [0;1;39mKernel Debug File System[0m.
[    7.932372] systemd[1]: Mounted Kernel Trace File System.
[[0;32m  OK  [0m] Mounted [0;1;39mKernel Trace File System[0m.
[    7.940632] systemd[1]: Finished Monitoring of LVM2 mirrors, snapshots etc. using dmeventd or progress polling.
[[0;32m  OK  [0m] Finished [0;1;39mMonitoring of LVM… dmeventd or progress polling[0m.
[    7.947661] systemd[1]: modprobe@configfs.service: Deactivated successfully.
[    7.949775] EXT4-fs (sda): re-mounted 088740a9-c8b4-422c-999d-a804eb68a4da r/w.
[    7.953182] systemd[1]: Finished Load Kernel Module configfs.
[[0;32m  OK  [0m] Finished [0;1;39mLoad Kernel Module configfs[0m.
[    7.966804] systemd[1]: modprobe@drm.service: Deactivated successfully.
[    7.978601] systemd[1]: Finished Load Kernel Module drm.
[[0;32m  OK  [0m] Finished [0;1;39mLoad Kernel Module drm[0m.
[    7.982583] systemd[1]: modprobe@fuse.service: Deactivated successfully.
[    7.992550] systemd[1]: Finished Load Kernel Module fuse.
[[0;32m  OK  [0m] Finished [0;1;39mLoad Kernel Module fuse[0m.
[    7.998789] systemd[1]: Finished Read and set NIS domainname from /etc/sysconfig/network.
[[0;32m  OK  [0m] Finished [0;1;39mRead and set NIS …e from /etc/sysconfig/network[0m.
[    8.012571] systemd[1]: Started Journal Service.
[[0;32m  OK  [0m] Started [0;1;39mJournal Service[0m.
[[0;1;31mFAILED[0m] Failed to start [0;1;39mLoad Kernel Modules[0m.
See 'systemctl status systemd-modules-load.service' for details.
[[0;32m  OK  [0m] Finished [0;1;39mGenerate network units from Kernel command line[0m.
[[0;32m  OK  [0m] Finished [0;1;39mRemount Root and Kernel File Systems[0m.
[[0;32m  OK  [0m] Reached target [0;1;39mPreparation for Network[0m.
         Mounting [0;1;39mFUSE Control File System[0m...
         Mounting [0;1;39mKernel Configuration File System[0m...
         Starting [0;1;39mFlush Journal to Persistent Storage[0m...
         Starting [0;1;39mLoad/Save Random Seed[0m...
         Starting [0;1;39mApply Kernel Variables[0m...
[    8.154795] systemd-journald[139]: Received client request to flush runtime journal.
         Starting [0;1;39mCreate Static Device Nodes in /dev[0m...
         Starting [0;1;39mSetup Virtual Console[0m...
[[0;32m  OK  [0m] Mounted [0;1;39mFUSE Control File System[0m.
[[0;32m  OK  [0m] Mounted [0;1;39mKernel Configuration File System[0m.
[[0;32m  OK  [0m] Finished [0;1;39mFlush Journal to Persistent Storage[0m.
[[0;32m  OK  [0m] Finished [0;1;39mLoad/Save Random Seed[0m.
[[0;32m  OK  [0m] Finished [0;1;39mApply Kernel Variables[0m.
[[0;32m  OK  [0m] Finished [0;1;39mCreate Static Device Nodes in /dev[0m.
         Starting [0;1;39mRule-based Manage…for Device Events and Files[0m...
[[0;32m  OK  [0m] Started [0;1;39mRule-based Manager for Device Events and Files[0m.
         Starting [0;1;39mAuto-connect to s…E devices found during boot[0m...
[[0;32m  OK  [0m] Finished [0;1;39mAuto-connect to s…VME devices found during boot[0m.
[[0;32m  OK  [0m] Finished [0;1;39mColdplug All udev Devices[0m.
         Starting [0;1;39mWait for udev To …plete Device Initialization[0m...
[[0;32m  OK  [0m] Finished [0;1;39mSetup Virtual Console[0m.
[[0;32m  OK  [0m] Started [0;1;39mDispatch Password …ts to Console Directory Watch[0m.
[[0;32m  OK  [0m] Reached target [0;1;39mLocal Encrypted Volumes[0m.
[[0;32m  OK  [0m] Reached target [0;1;39mPath Units[0m.
[[0;32m  OK  [0m] Found device [0;1;39m/dev/ttyS0[0m.
[[0;32m  OK  [0m] Listening on [0;1;39mLoad/Save RF …itch Status /dev/rfkill Watch[0m.
[[0;32m  OK  [0m] Finished [0;1;39mWait for udev To Complete Device Initialization[0m.
[[0;32m  OK  [0m] Reached target [0;1;39mPreparation for Local File Systems[0m.
[[0;32m  OK  [0m] Reached target [0;1;39mLocal File Systems[0m.
         Starting [0;1;39mTell Plymouth To Write Out Runtime Data[0m...
         Starting [0;1;39mAutomatic Boot Loader Update[0m...
         Starting [0;1;39mCreate Volatile Files and Directories[0m...
[[0;32m  OK  [0m] Finished [0;1;39mTell Plymouth To Write Out Runtime Data[0m.
[[0;32m  OK  [0m] Finished [0;1;39mAutomatic Boot Loader Update[0m.
[[0;32m  OK  [0m] Finished [0;1;39mCreate Volatile Files and Directories[0m.
         Mounting [0;1;39mRPC Pipe File System[0m...
         Starting [0;1;39mSecurity Auditing Service[0m...
         Starting [0;1;39mRPC Bind[0m...
[[0;32m  OK  [0m] Mounted [0;1;39mRPC Pipe File System[0m.
[[0;32m  OK  [0m] Reached target [0;1;39mrpc_pipefs.target[0m.
[[0;32m  OK  [0m] Started [0;1;39mRPC Bind[0m.
[[0;32m  OK  [0m] Started [0;1;39mSecurity Auditing Service[0m.
         Starting [0;1;39mRecord System Boot/Shutdown in UTMP[0m...
[[0;32m  OK  [0m] Finished [0;1;39mRecord System Boot/Shutdown in UTMP[0m.
[[0;32m  OK  [0m] Reached target [0;1;39mSystem Initialization[0m.
[[0;32m  OK  [0m] Started [0;1;39mDaily rotation of log files[0m.
[[0;32m  OK  [0m] Started [0;1;39mUpdates mlocate database every day[0m.
[[0;32m  OK  [0m] Started [0;1;39mDaily Cleanup of Temporary Directories[0m.
[[0;32m  OK  [0m] Started [0;1;39mdaily update of the root trust anchor for DNSSEC[0m.
[[0;32m  OK  [0m] Reached target [0;1;39mTimer Units[0m.
[[0;32m  OK  [0m] Listening on [0;1;39mD-Bus System Message Bus Socket[0m.
[[0;32m  OK  [0m] Listening on [0;1;39mOpen-iSCSI iscsid Socket[0m.
[[0;32m  OK  [0m] Listening on [0;1;39mOpen-iSCSI iscsiuio Socket[0m.
[[0;32m  OK  [0m] Listening on [0;1;39mSSSD Kerberos…ache Manager responder socket[0m.
[[0;32m  OK  [0m] Listening on [0;1;39mLibvirt interface local socket[0m.
[[0;32m  OK  [0m] Listening on [0;1;39mVirtual machine lock manager socket[0m.
[[0;32m  OK  [0m] Listening on [0;1;39mVirtual machine log manager socket[0m.
[[0;32m  OK  [0m] Listening on [0;1;39mLibvirt network local socket[0m.
[[0;32m  OK  [0m] Listening on [0;1;39mLibvirt nodedev local socket[0m.
[[0;32m  OK  [0m] Listening on [0;1;39mLibvirt nwfilter local socket[0m.
[[0;32m  OK  [0m] Listening on [0;1;39mLibvirt proxy local socket[0m.
[[0;32m  OK  [0m] Listening on [0;1;39mLibvirt qemu local socket[0m.
[[0;32m  OK  [0m] Listening on [0;1;39mLibvirt qemu admin socket[0m.
[[0;32m  OK  [0m] Listening on [0;1;39mLibvirt qemu local read-only socket[0m.
[[0;32m  OK  [0m] Listening on [0;1;39mLibvirt secret local socket[0m.
[[0;32m  OK  [0m] Listening on [0;1;39mLibvirt storage local socket[0m.
[[0;32m  OK  [0m] Reached target [0;1;39mSocket Units[0m.
         Starting [0;1;39mD-Bus System Message Bus[0m...
[[0;32m  OK  [0m] Started [0;1;39mD-Bus System Message Bus[0m.
[[0;32m  OK  [0m] Reached target [0;1;39mBasic System[0m.
         Starting [0;1;39mNetwork Manager[0m...
         Starting [0;1;39mNTP client/server[0m...
         Starting [0;1;39mRestore /run/initramfs on shutdown[0m...
[[0;32m  OK  [0m] Started [0;1;39mirqbalance daemon[0m.
[[0;32m  OK  [0m] Started [0;1;39mlibstoragemgmt plug-in server daemon[0m.
[[0;32m  OK  [0m] Started [0;1;39mMachine Check Exception Logging Daemon[0m.
[[0;32m  OK  [0m] Reached target [0;1;39msshd-keygen.target[0m.
[[0;32m  OK  [0m] Reached target [0;1;39mUser and Group Name Lookups[0m.
         Starting [0;1;39mUser Login Management[0m...
         Starting [0;1;39mVirtual Machine a…tainer Registration Service[0m...
[[0;32m  OK  [0m] Finished [0;1;39mRestore /run/initramfs on shutdown[0m.
[[0;32m  OK  [0m] Started [0;1;39mVirtual Machine an…ontainer Registration Service[0m.
         Starting [0;1;39mHostname Service[0m...
[[0;32m  OK  [0m] Started [0;1;39mNTP client/server[0m.
[[0;32m  OK  [0m] Started [0;1;39mUser Login Management[0m.
[[0;32m  OK  [0m] Started [0;1;39mHostname Service[0m.
         Starting [0;1;39mNetwork Manager Script Dispatcher Service[0m...
[[0;32m  OK  [0m] Started [0;1;39mNetwork Manager Script Dispatcher Service[0m.
[   12.120143] e1000: eth0 NIC Link is Up 1000 Mbps Full Duplex, Flow Control: RX
[[0;32m  OK  [0m] Started [0;1;39mNetwork Manager[0m.
[[0;32m  OK  [0m] Reached target [0;1;39mNetwork[0m.
[[0;32m  OK  [0m] Reached target [0;1;39mNetwork is Online[0m.
         Starting [0;1;39mGSSAPI Proxy Daemon[0m...
         Starting [0;1;39mNotify NFS peers of a restart[0m...
         Starting [0;1;39mSystem Logging Service[0m...
         Starting [0;1;39mOpenSSH server daemon[0m...
         Starting [0;1;39mDynamic System Tuning Daemon[0m...
[[0;32m  OK  [0m] Started [0;1;39mNotify NFS peers of a restart[0m.
[[0;32m  OK  [0m] Started [0;1;39mGSSAPI Proxy Daemon[0m.
[[0;32m  OK  [0m] Reached target [0;1;39mNFS client services[0m.
[[0;32m  OK  [0m] Reached target [0;1;39mPreparation for Remote File Systems[0m.
[[0;32m  OK  [0m] Reached target [0;1;39mRemote File Systems[0m.
         Starting [0;1;39mPermit User Sessions[0m...
         Starting [0;1;39mVirtualization qemu daemon[0m...
[[0;32m  OK  [0m] Started [0;1;39mOpenSSH server daemon[0m.
[[0;32m  OK  [0m] Finished [0;1;39mPermit User Sessions[0m.
[[0;32m  OK  [0m] Started [0;1;39mDeferred execution scheduler[0m.
[[0;32m  OK  [0m] Started [0;1;39mCommand Scheduler[0m.
         Starting [0;1;39mHold until boot process finishes up[0m...
         Starting [0;1;39mTerminate Plymouth Boot Screen[0m...
[[0;32m  OK  [0m] Finished [0;1;39mHold until boot process finishes up[0m.
[[0;32m  OK  [0m] Started [0;1;39mVirtualization qemu daemon[0m.
[[0;32m  OK  [0m] Started [0;1;39mGetty on tty1[0m.
[[0;32m  OK  [0m] Started [0;1;39mSerial Getty on ttyS0[0m.
[[0;32m  OK  [0m] Reached target [0;1;39mLogin Prompts[0m.
[[0;32m  OK  [0m] Started [0;1;39mSystem Logging Service[0m.
[[0;32m  OK  [0m] Finished [0;1;39mTerminate Plymouth Boot Screen[0m.
         Starting [0;1;39mAuthorization Manager[0m...
[[0;32m  OK  [0m] Started [0;1;39mAuthorization Manager[0m.
[[0;32m  OK  [0m] Started [0;1;39mDynamic System Tuning Daemon[0m.
[[0;32m  OK  [0m] Reached target [0;1;39mMulti-User System[0m.
         Starting [0;1;39mRecord Runlevel Change in UTMP[0m...
[[0;32m  OK  [0m] Finished [0;1;39mRecord Runlevel Change in UTMP[0m.

CentOS Stream 9
Kernel 6.19.0-rc5-next-20260113-0f853ca2a798-757b907b3ead-r-dirty on an x86_64

Activate the web console with: systemctl enable --now cockpit.socket

test login: 