c[?7l[2J[0mSeaBIOS (version rel-1.16.0-0-gd239552ce722-prebuilt.qemu.org)


iPXE (http://ipxe.org) 00:03.0 CA00 PCI2.10 PnP PMM+7FF91000+7FEF1000 CA00
Press Ctrl-B to configure iPXE (PCI 00:03.0)...                                                                               


Booting from ROM...
c[?7l[2J[    0.000000] Linux version 6.19.0-rc5-next-20260113-0f853ca2a798 (root@p-mtlp04) (gcc (GCC) 11.5.0 20240719 (Red Hat 11.5.0-14), GNU ld version 2.35.2-69.el9) #1 SMP PREEMPT_DYNAMIC Tue Jan 13 15:01:32 CST 2026
[    0.000000] Command line: console=ttyS0 root=/dev/sda earlyprintk=serial net.ifnames=0 plymouth.enable=0
[    0.000000] KERNEL supported cpus:
[    0.000000]   Intel GenuineIntel
[    0.000000]   AMD AuthenticAMD
[    0.000000]   Hygon HygonGenuine
[    0.000000]   Centaur CentaurHauls
[    0.000000]   zhaoxin   Shanghai  
[    0.000000] x86/split lock detection: #DB: warning on user-space bus_locks
[    0.000000] BIOS-provided physical RAM map:
[    0.000000] BIOS-e820: [mem 0x0000000000000000-0x000000000009fbff]  System RAM
[    0.000000] BIOS-e820: [mem 0x000000000009fc00-0x000000000009ffff]  device reserved
[    0.000000] BIOS-e820: [gap 0x00000000000a0000-0x00000000000effff]
[    0.000000] BIOS-e820: [mem 0x00000000000f0000-0x00000000000fffff]  device reserved
[    0.000000] BIOS-e820: [mem 0x0000000000100000-0x000000007ffdffff]  System RAM
[    0.000000] BIOS-e820: [mem 0x000000007ffe0000-0x000000007fffffff]  device reserved
[    0.000000] BIOS-e820: [gap 0x0000000080000000-0x00000000feffbfff]
[    0.000000] BIOS-e820: [mem 0x00000000feffc000-0x00000000feffffff]  device reserved
[    0.000000] BIOS-e820: [gap 0x00000000ff000000-0x00000000fffbffff]
[    0.000000] BIOS-e820: [mem 0x00000000fffc0000-0x00000000ffffffff]  device reserved
[    0.000000] printk: legacy bootconsole [earlyser0] enabled
[    0.000000] NX (Execute Disable) protection: active
[    0.000000] APIC: Static calls initialized
[    0.000000] SMBIOS 2.8 present.
[    0.000000] DMI: QEMU Standard PC (i440FX + PIIX, 1996), BIOS rel-1.16.0-0-gd239552ce722-prebuilt.qemu.org 04/01/2014
[    0.000000] DMI: Memory slots populated: 1/1
[    0.000000] Hypervisor detected: KVM
[    0.000000] last_pfn = 0x7ffe0 max_arch_pfn = 0x400000000
[    0.000000] kvm-clock: Using msrs 4b564d01 and 4b564d00
[    0.000004] kvm-clock: using sched offset of 1340430451 cycles
[    0.000608] clocksource: kvm-clock: mask: 0xffffffffffffffff max_cycles: 0x1cd42e4dffb, max_idle_ns: 881590591483 ns
[    0.002479] tsc: Detected 2995.200 MHz processor
[    0.013081] last_pfn = 0x7ffe0 max_arch_pfn = 0x400000000
[    0.013744] MTRR map: 4 entries (3 fixed + 1 variable; max 19), built from 8 variable MTRRs
[    0.014705] x86/PAT: Configuration [0-7]: WB  WC  UC- UC  WB  WP  UC- WT  
[    0.029122] found SMP MP-table at [mem 0x000f5ba0-0x000f5baf]
[    0.029843] Using GB pages for direct mapping
[    0.033077] ACPI: Early table checksum verification disabled
[    0.033748] ACPI: RSDP 0x00000000000F59C0 000014 (v00 BOCHS )
[    0.034443] ACPI: RSDT 0x000000007FFE1951 000034 (v01 BOCHS  BXPC     00000001 BXPC 00000001)
[    0.035463] ACPI: FACP 0x000000007FFE17FD 000074 (v01 BOCHS  BXPC     00000001 BXPC 00000001)
[    0.036490] ACPI: DSDT 0x000000007FFE0040 0017BD (v01 BOCHS  BXPC     00000001 BXPC 00000001)
[    0.037504] ACPI: FACS 0x000000007FFE0000 000040
[    0.038060] ACPI: APIC 0x000000007FFE1871 000080 (v01 BOCHS  BXPC     00000001 BXPC 00000001)
[    0.039079] ACPI: HPET 0x000000007FFE18F1 000038 (v01 BOCHS  BXPC     00000001 BXPC 00000001)
[    0.040092] ACPI: WAET 0x000000007FFE1929 000028 (v01 BOCHS  BXPC     00000001 BXPC 00000001)
[    0.041102] ACPI: Reserving FACP table memory at [mem 0x7ffe17fd-0x7ffe1870]
[    0.041923] ACPI: Reserving DSDT table memory at [mem 0x7ffe0040-0x7ffe17fc]
[    0.042743] ACPI: Reserving FACS table memory at [mem 0x7ffe0000-0x7ffe003f]
[    0.043568] ACPI: Reserving APIC table memory at [mem 0x7ffe1871-0x7ffe18f0]
[    0.044390] ACPI: Reserving HPET table memory at [mem 0x7ffe18f1-0x7ffe1928]
[    0.045207] ACPI: Reserving WAET table memory at [mem 0x7ffe1929-0x7ffe1950]
[    0.046775] No NUMA configuration found
[    0.047237] Faking a node at [mem 0x0000000000000000-0x000000007ffdffff]
[    0.048055] NODE_DATA(0) allocated [mem 0x7ffb4ec0-0x7ffdfcbf]
[    0.422122] KernelAddressSanitizer initialized (generic)
[    0.423205] ACPI: PM-Timer IO Port: 0x608
[    0.423751] ACPI: LAPIC_NMI (acpi_id[0xff] dfl dfl lint[0x1])
[    0.424566] IOAPIC[0]: apic_id 0, version 17, address 0xfec00000, GSI 0-23
[    0.425384] ACPI: INT_SRC_OVR (bus 0 bus_irq 0 global_irq 2 dfl dfl)
[    0.426109] ACPI: INT_SRC_OVR (bus 0 bus_irq 5 global_irq 5 high level)
[    0.426866] ACPI: INT_SRC_OVR (bus 0 bus_irq 9 global_irq 9 high level)
[    0.427614] ACPI: INT_SRC_OVR (bus 0 bus_irq 10 global_irq 10 high level)
[    0.428383] ACPI: INT_SRC_OVR (bus 0 bus_irq 11 global_irq 11 high level)
[    0.429166] ACPI: Using ACPI (MADT) for SMP configuration information
[    0.429896] ACPI: HPET id: 0x8086a201 base: 0xfed00000
[    0.430504] TSC deadline timer available
[    0.430987] CPU topo: Max. logical packages:   1
[    0.431513] CPU topo: Max. logical dies:       1
[    0.432034] CPU topo: Max. dies per package:   1
[    0.432562] CPU topo: Max. threads per core:   1
[    0.433096] CPU topo: Num. cores per package:     2
[    0.433657] CPU topo: Num. threads per package:   2
[    0.434220] CPU topo: Allowing 2 present CPUs plus 0 hotplug CPUs
[    0.435041] kvm-guest: APIC: eoi() replaced with kvm_guest_apic_eoi_write()
[    0.435910] kvm-guest: KVM setup pv remote TLB flush
[    0.436476] kvm-guest: setup PV sched yield
[    0.437036] PM: hibernation: Registered nosave memory: [mem 0x00000000-0x00000fff]
[    0.437901] PM: hibernation: Registered nosave memory: [mem 0x0009f000-0x000fffff]
[    0.438761] [gap 0x80000000-0xfeffbfff] available for PCI devices
[    0.439463] Booting paravirtualized kernel on KVM
[    0.440019] clocksource: refined-jiffies: mask: 0xffffffff max_cycles: 0xffffffff, max_idle_ns: 7645519600211568 ns
[    0.441373] Zone ranges:
[    0.441666]   DMA      [mem 0x0000000000001000-0x0000000000ffffff]
[    0.442362]   DMA32    [mem 0x0000000001000000-0x000000007ffdffff]
[    0.443067]   Normal   empty
[    0.443397]   Device   empty
[    0.443727] Movable zone start for each node
[    0.444211] Early memory node ranges
[    0.444614]   node   0: [mem 0x0000000000001000-0x000000000009efff]
[    0.445314]   node   0: [mem 0x0000000000100000-0x000000007ffdffff]
[    0.446016] Initmem setup node 0 [mem 0x0000000000001000-0x000000007ffdffff]
[    0.447289] On node 0, zone DMA: 1 pages in unavailable ranges
[    0.448371] On node 0, zone DMA: 97 pages in unavailable ranges
[    0.573164] On node 0, zone DMA32: 32 pages in unavailable ranges
[    0.573950] setup_percpu: NR_CPUS:8192 nr_cpumask_bits:2 nr_cpu_ids:2 nr_node_ids:1
[    0.576668] percpu: Embedded 81 pages/cpu s294912 r8192 d28672 u1048576
[    0.577663] kvm-guest: PV spinlocks enabled
[    0.578138] PV qspinlock hash table entries: 256 (order: 0, 4096 bytes, linear)
[    0.578969] Kernel command line: net.ifnames=0 console=ttyS0 root=/dev/sda earlyprintk=serial net.ifnames=0 plymouth.enable=0
[    0.580921] random: crng init done
[    0.581299] printk: log buffer data + meta data: 262144 + 917504 = 1179648 bytes
[    0.584079] Dentry cache hash table entries: 262144 (order: 9, 2097152 bytes, linear)
[    0.585836] Inode-cache hash table entries: 131072 (order: 8, 1048576 bytes, linear)
[    0.587191] Fallback order for Node 0: 0 
[    0.587209] Built 1 zonelists, mobility grouping on.  Total pages: 524158
[    0.588356] Policy zone: DMA32
[    0.588691] mem auto-init: stack:off, heap alloc:off, heap free:off
[    0.589354] stackdepot: allocating hash table via alloc_large_system_hash
[    0.590070] stackdepot hash table entries: 1048576 (order: 12, 16777216 bytes, linear)
[    0.604922] stackdepot: allocating space for 8192 stack pools via memblock
[    0.652110] SLUB: HWalign=64, Order=0-3, MinObjects=0, CPUs=2, Nodes=1
[    0.653537] kmemleak: Kernel memory leak detector disabled
[    0.711619] ftrace: allocating 75531 entries in 296 pages
[    0.712243] ftrace: allocated 296 pages with 3 groups
[    0.716795] Dynamic Preempt: lazy
[    0.717873] Running RCU self tests
[    0.718224] Running RCU synchronous self tests
[    0.718670] rcu: Preemptible hierarchical RCU implementation.
[    0.719254] rcu: 	RCU lockdep checking is enabled.
[    0.719732] rcu: 	RCU restricting CPUs from NR_CPUS=8192 to nr_cpu_ids=2.
[    0.720412] 	Trampoline variant of Tasks RCU enabled.
[    0.720915] 	Rude variant of Tasks RCU enabled.
[    0.721367] 	Tracing variant of Tasks RCU enabled.
[    0.721845] rcu: RCU calculated value of scheduler-enlistment delay is 25 jiffies.
[    0.722594] rcu: Adjusting geometry for rcu_fanout_leaf=16, nr_cpu_ids=2
[    0.723401] Running RCU synchronous self tests
[    0.723856] RCU Tasks: Setting shift to 1 and lim to 1 rcu_task_cb_adjust=1 rcu_task_cpu_ids=2.
[    0.724721] RCU Tasks Rude: Setting shift to 1 and lim to 1 rcu_task_cb_adjust=1 rcu_task_cpu_ids=2.
[    0.815511] NR_IRQS: 524544, nr_irqs: 440, preallocated irqs: 16
[    0.816891] rcu: srcu_init: Setting srcu_struct sizes based on contention.
[    0.827197] Console: colour VGA+ 80x25
[    0.827748] printk: legacy console [ttyS0] enabled
[    0.827748] printk: legacy console [ttyS0] enabled
[    0.828753] printk: legacy bootconsole [earlyser0] disabled
[    0.828753] printk: legacy bootconsole [earlyser0] disabled
[    0.829915] Lock dependency validator: Copyright (c) 2006 Red Hat, Inc., Ingo Molnar
[    0.830718] ... MAX_LOCKDEP_SUBCLASSES:  8
[    0.831167] ... MAX_LOCK_DEPTH:          48
[    0.831607] ... MAX_LOCKDEP_KEYS:        8192
[    0.832064] ... CLASSHASH_SIZE:          4096
[    0.832524] ... MAX_LOCKDEP_ENTRIES:     524288
[    0.833001] ... MAX_LOCKDEP_CHAINS:      524288
[    0.833479] ... CHAINHASH_SIZE:          262144
[    0.833956]  memory used by lock dependency info: 54145 kB
[    0.834529]  memory used for stack traces: 4224 kB
[    0.835045]  per task-struct memory footprint: 1920 bytes
[    0.835734] ACPI: Core revision 20250807
[    0.836761] clocksource: hpet: mask: 0xffffffff max_cycles: 0xffffffff, max_idle_ns: 19112604467 ns
[    0.837981] APIC: Switch to symmetric I/O mode setup
[    0.838729] x2apic enabled
[    0.839565] APIC: Switched APIC routing to: physical x2apic
[    0.840141] kvm-guest: APIC: send_IPI_mask() replaced with kvm_send_ipi_mask()
[    0.840887] kvm-guest: APIC: send_IPI_mask_allbutself() replaced with kvm_send_ipi_mask_allbutself()
[    0.841810] kvm-guest: setup PV IPIs
[    0.843634] ..TIMER: vector=0x30 apic1=0 pin1=2 apic2=-1 pin2=-1
[    0.844295] clocksource: tsc-early: mask: 0xffffffffffffffff max_cycles: 0x2b2c8ec87c7, max_idle_ns: 440795278598 ns
[    0.845402] Calibrating delay loop (skipped) preset value.. 5990.40 BogoMIPS (lpj=11980800)
[    0.849566] x86/cpu: User Mode Instruction Prevention (UMIP) activated
[    0.850385] Last level iTLB entries: 4KB 0, 2MB 0, 4MB 0
[    0.850936] Last level dTLB entries: 4KB 0, 2MB 0, 4MB 0, 1GB 0
[    0.851565] mitigations: Enabled attack vectors: user_kernel, user_user, guest_host, guest_guest, SMT mitigations: auto
[    0.852670] Speculative Store Bypass: Mitigation: Speculative Store Bypass disabled via prctl
[    0.853391] Spectre V2 : Mitigation: Enhanced / Automatic IBRS
[    0.853996] ITS: Mitigation: Aligned branch/return thunks
[    0.854561] Spectre V1 : Mitigation: usercopy/swapgs barriers and __user pointer sanitization
[    0.855453] Spectre V2 : WARNING: Unprivileged eBPF is enabled with eIBRS on, data leaks possible via Spectre v2 BHB attacks!
[    0.856618] Spectre V2 : Spectre v2 / PBRSB-eIBRS: Retire a single CALL on VMEXIT
[    0.857396] Spectre V2 : mitigation: Enabling conditional Indirect Branch Prediction Barrier
[    0.858292] active return thunk: its_return_thunk
[    0.858809] Spectre V2 : Spectre BHI mitigation: SW BHB clearing on syscall and VM exit
[    0.859684] x86/fpu: Supporting XSAVE feature 0x001: 'x87 floating point registers'
[    0.860508] x86/fpu: Supporting XSAVE feature 0x002: 'SSE registers'
[    0.861386] x86/fpu: Supporting XSAVE feature 0x004: 'AVX registers'
[    0.862084] x86/fpu: Supporting XSAVE feature 0x200: 'Protection Keys User registers'
[    0.862921] x86/fpu: xstate_offset[2]:  576, xstate_sizes[2]:  256
[    0.863591] x86/fpu: xstate_offset[9]:  832, xstate_sizes[9]:    8
[    0.864264] x86/fpu: Enabled xstate features 0x207, context size is 840 bytes, using 'compacted' format.
[    1.054398] Freeing SMP alternatives memory: 64K
[    1.054961] pid_max: default: 32768 minimum: 301
[    1.055989] Yama: becoming mindful.
[    1.056946] Mount-cache hash table entries: 4096 (order: 3, 32768 bytes, linear)
[    1.057394] Mountpoint-cache hash table entries: 4096 (order: 3, 32768 bytes, linear)
[    1.060741] Running RCU synchronous self tests
[    1.061391] Running RCU synchronous self tests
[    1.062427] smpboot: CPU0: Intel(R) Core(TM) Ultra 7 155H (family: 0x6, model: 0xaa, stepping: 0x4)
[    1.064790] Performance Events: unsupported CPU family 6 model 170 no PMU driver, software events only.
[    1.065380] signal: max sigframe size: 3632
[    1.065736] rcu: Hierarchical SRCU implementation.
[    1.066270] rcu: 	Max phase no-delay instances is 1000.
[    1.067283] Timer migration: 1 hierarchy levels; 8 children per group; 1 crossnode level
[    1.096571] NMI watchdog: Perf NMI watchdog permanently disabled
[    1.097633] smp: Bringing up secondary CPUs ...
[    1.099727] smpboot: x86: Booting SMP configuration:
[    1.100307] .... node  #0, CPUs:      #1
[    1.102246] smp: Brought up 1 node, 2 CPUs
[    1.102493] smpboot: Total of 2 processors activated (11980.80 BogoMIPS)
[    1.105763] Memory: 1538728K/2096632K available (81191K kernel code, 15752K rwdata, 18884K rodata, 16468K init, 69760K bss, 546452K reserved, 0K cma-reserved)
[    1.109657] devtmpfs: initialized
[    1.114248] x86/mm: Memory block size: 128MB
[    1.139031] Running RCU synchronous self tests
[    1.139088] Running RCU synchronous self tests
[    1.141565] Running RCU Tasks wait API self tests
[    1.142377] Running RCU Tasks Rude wait API self tests
[    1.142405] Running RCU Tasks Trace wait API self tests
[    1.145510] clocksource: jiffies: mask: 0xffffffff max_cycles: 0xffffffff, max_idle_ns: 7645041785100000 ns
[    1.147401] posixtimers hash table entries: 1024 (order: 5, 73728 bytes, linear)
[    1.149808] futex hash table entries: 512 (65536 bytes on 1 NUMA nodes, total 64 KiB, linear).
[    1.156001] 
[    1.156354] *************************************************************
[    1.157469] **     NOTICE NOTICE NOTICE NOTICE NOTICE NOTICE NOTICE    **
[    1.158825] **                                                         **
[    1.160146] **  IOMMU DebugFS SUPPORT HAS BEEN ENABLED IN THIS KERNEL  **
[    1.161432] **                                                         **
[    1.162757] ** This means that this kernel is built to expose internal **
[    1.164063] ** IOMMU data structures, which may compromise security on **
[    1.165390] ** your system.                                            **
[    1.165423] **                                                         **
[    1.166584] ** If you see this message and you are not debugging the   **
[    1.167627] ** kernel, report this immediately to your vendor!         **
[    1.168626] **                                                         **
[    1.169409] **     NOTICE NOTICE NOTICE NOTICE NOTICE NOTICE NOTICE    **
[    1.170406] *************************************************************
[    1.171524] PM: RTC time: 08:07:03, date: 2026-01-13
[    1.173424] Callback from call_rcu_tasks_trace() invoked.
[    1.178163] NET: Registered PF_NETLINK/PF_ROUTE protocol family
[    1.181051] DMA: preallocated 256 KiB GFP_KERNEL pool for atomic allocations
[    1.181425] DMA: preallocated 256 KiB GFP_KERNEL|GFP_DMA pool for atomic allocations
[    1.182279] DMA: preallocated 256 KiB GFP_KERNEL|GFP_DMA32 pool for atomic allocations
[    1.183286] audit: initializing netlink subsys (disabled)
[    1.185519] audit: type=2000 audit(1768291624.377:1): state=initialized audit_enabled=0 res=1
[    1.189600] thermal_sys: Registered thermal governor 'fair_share'
[    1.189609] thermal_sys: Registered thermal governor 'bang_bang'
[    1.189615] thermal_sys: Registered thermal governor 'step_wise'
[    1.189620] thermal_sys: Registered thermal governor 'user_space'
[    1.195810] cpuidle: using governor ladder
[    1.198713] cpuidle: using governor menu
[    1.199385] acpiphp: ACPI Hot Plug PCI Controller Driver version: 0.5
[    1.203136] PCI: Using configuration type 1 for base access
[    1.205728] kprobes: kprobe jump-optimization is enabled. All kprobes are optimized if possible.
[    1.213777] HugeTLB: registered 1.00 GiB page size, pre-allocated 0 pages
[    1.215064] HugeTLB: 16380 KiB vmemmap can be freed for a 1.00 GiB page
[    1.216289] HugeTLB: registered 2.00 MiB page size, pre-allocated 0 pages
[    1.225424] HugeTLB: 28 KiB vmemmap can be freed for a 2.00 MiB page
[    1.289646] ACPI: Added _OSI(Module Device)
[    1.290517] ACPI: Added _OSI(Processor Device)
[    1.291352] ACPI: Added _OSI(Processor Aggregator Device)
[    1.339280] ACPI: 1 ACPI AML tables successfully acquired and loaded
[    1.377441] ACPI: \_SB_: platform _OSC: OS support mask [002e7eff]
[    1.381770] ACPI: Interpreter enabled
[    1.382400] ACPI: PM: (supports S0 S3 S4 S5)
[    1.382875] ACPI: Using IOAPIC for interrupt routing
[    1.383613] PCI: Using host bridge windows from ACPI; if necessary, use "pci=nocrs" and report a bug
[    1.384588] PCI: Using E820 reservations for host bridge windows
[    1.387050] ACPI: Enabled 2 GPEs in block 00 to 0F
[    1.448008] ACPI: PCI Root Bridge [PCI0] (domain 0000 [bus 00-ff])
[    1.448756] acpi PNP0A03:00: _OSC: OS supports [ASPM ClockPM Segments MSI EDR HPX-Type3]
[    1.449397] acpi PNP0A03:00: _OSC: not requesting OS control; OS requires [ExtendedConfig ASPM ClockPM MSI]
[    1.450508] acpi PNP0A03:00: _OSC: platform retains control of PCIe features (AE_ERROR)
[    1.451521] acpi PNP0A03:00: fail to add MMCONFIG information, can't access extended configuration space under this bridge
[    1.459872] acpiphp: Slot [3] registered
[    1.460569] acpiphp: Slot [4] registered
[    1.461259] acpiphp: Slot [5] registered
[    1.461590] acpiphp: Slot [6] registered
[    1.462259] acpiphp: Slot [7] registered
[    1.462909] acpiphp: Slot [8] registered
[    1.463577] acpiphp: Slot [9] registered
[    1.464207] acpiphp: Slot [10] registered
[    1.464855] acpiphp: Slot [11] registered
[    1.465527] acpiphp: Slot [12] registered
[    1.466229] acpiphp: Slot [13] registered
[    1.466867] acpiphp: Slot [14] registered
[    1.467499] acpiphp: Slot [15] registered
[    1.468133] acpiphp: Slot [16] registered
[    1.468802] acpiphp: Slot [17] registered
[    1.469458] acpiphp: Slot [18] registered
[    1.470105] acpiphp: Slot [19] registered
[    1.470788] acpiphp: Slot [20] registered
[    1.471482] acpiphp: Slot [21] registered
[    1.472116] acpiphp: Slot [22] registered
[    1.472742] acpiphp: Slot [23] registered
[    1.473368] acpiphp: Slot [24] registered
[    1.473622] acpiphp: Slot [25] registered
[    1.474284] acpiphp: Slot [26] registered
[    1.474913] acpiphp: Slot [27] registered
[    1.475560] acpiphp: Slot [28] registered
[    1.476277] acpiphp: Slot [29] registered
[    1.476949] acpiphp: Slot [30] registered
[    1.477592] acpiphp: Slot [31] registered
[    1.478173] PCI host bridge to bus 0000:00
[    1.478716] pci_bus 0000:00: root bus resource [io  0x0000-0x0cf7 window]
[    1.479454] pci_bus 0000:00: root bus resource [io  0x0d00-0xffff window]
[    1.480252] pci_bus 0000:00: root bus resource [mem 0x000a0000-0x000bffff window]
[    1.481059] pci_bus 0000:00: root bus resource [mem 0x80000000-0xfebfffff window]
[    1.481398] pci_bus 0000:00: root bus resource [mem 0x100000000-0x17fffffff window]
[    1.482218] pci_bus 0000:00: root bus resource [bus 00-ff]
[    1.483003] pci 0000:00:00.0: [8086:1237] type 00 class 0x060000 conventional PCI endpoint
[    1.498264] pci 0000:00:01.0: [8086:7000] type 00 class 0x060100 conventional PCI endpoint
[    1.501095] pci 0000:00:01.1: [8086:7010] type 00 class 0x010180 conventional PCI endpoint
[    1.502018] pci 0000:00:01.1: BAR 4 [io  0xc040-0xc04f]
[    1.502614] pci 0000:00:01.1: BAR 0 [io  0x01f0-0x01f7]: legacy IDE quirk
[    1.503326] pci 0000:00:01.1: BAR 1 [io  0x03f6]: legacy IDE quirk
[    1.503975] pci 0000:00:01.1: BAR 2 [io  0x0170-0x0177]: legacy IDE quirk
[    1.504723] pci 0000:00:01.1: BAR 3 [io  0x0376]: legacy IDE quirk
[    1.506222] pci 0000:00:01.3: [8086:7113] type 00 class 0x068000 conventional PCI endpoint
[    1.507500] pci 0000:00:01.3: quirk: [io  0x0600-0x063f] claimed by PIIX4 ACPI
[    1.508289] pci 0000:00:01.3: quirk: [io  0x0700-0x070f] claimed by PIIX4 SMB
[    1.509859] pci 0000:00:02.0: [1234:1111] type 00 class 0x030000 conventional PCI endpoint
[    1.514118] pci 0000:00:02.0: BAR 0 [mem 0xfd000000-0xfdffffff pref]
[    1.514940] pci 0000:00:02.0: BAR 2 [mem 0xfebf0000-0xfebf0fff]
[    1.515607] pci 0000:00:02.0: ROM [mem 0xfebe0000-0xfebeffff pref]
[    1.516838] pci 0000:00:02.0: Video device with shadowed ROM at [mem 0x000c0000-0x000dffff]
[    1.532246] pci 0000:00:03.0: [8086:100e] type 00 class 0x020000 conventional PCI endpoint
[    1.533950] pci 0000:00:03.0: BAR 0 [mem 0xfebc0000-0xfebdffff]
[    1.534688] pci 0000:00:03.0: BAR 1 [io  0xc000-0xc03f]
[    1.535302] pci 0000:00:03.0: ROM [mem 0xfeb80000-0xfebbffff pref]
[    1.567854] ACPI: PCI: Interrupt link LNKA configured for IRQ 10
[    1.570192] ACPI: PCI: Interrupt link LNKB configured for IRQ 10
[    1.572352] ACPI: PCI: Interrupt link LNKC configured for IRQ 11
[    1.574444] ACPI: PCI: Interrupt link LNKD configured for IRQ 11
[    1.575720] ACPI: PCI: Interrupt link LNKS configured for IRQ 9
[    1.581839] iommu: Default domain type: Translated
[    1.582428] iommu: DMA domain TLB invalidation policy: lazy mode
[    1.590692] SCSI subsystem initialized
[    1.592288] ACPI: bus type USB registered
[    1.593208] usbcore: registered new interface driver usbfs
[    1.593602] usbcore: registered new interface driver hub
[    1.594339] usbcore: registered new device driver usb
[    1.595614] pps_core: LinuxPPS API ver. 1 registered
[    1.596174] pps_core: Software ver. 5.3.6 - Copyright 2005-2007 Rodolfo Giometti <giometti@linux.it>
[    1.597236] PTP clock support registered
[    1.601975] EDAC MC: Ver: 3.0.0
[    1.612667] NetLabel: Initializing
[    1.613092] NetLabel:  domain hash size = 128
[    1.613392] NetLabel:  protocols = UNLABELED CIPSOv4 CALIPSO
[    1.614312] NetLabel:  unlabeled traffic allowed by default
[    1.615979] PCI: Using ACPI for IRQ routing
[    1.616608] e820: register RAM buffer resource [mem 0x0009fc00-0x0009ffff]
[    1.617466] e820: register RAM buffer resource [mem 0x7ffe0000-0x7fffffff]
[    1.618719] pci 0000:00:02.0: vgaarb: setting as boot VGA device
[    1.619411] pci 0000:00:02.0: vgaarb: bridge control possible
[    1.620059] pci 0000:00:02.0: vgaarb: VGA device added: decodes=io+mem,owns=io+mem,locks=none
[    1.621021] vgaarb: loaded
[    1.626630] hpet0: at MMIO 0xfed00000, IRQs 2, 8, 0
[    1.627200] hpet0: 3 comparators, 64-bit 100.000000 MHz counter
[    1.629873] clocksource: Switched to clocksource kvm-clock
[    1.633263] VFS: Disk quotas dquot_6.6.0
[    1.639941] VFS: Dquot-cache hash table entries: 512 (order 0, 4096 bytes)
[    1.643116] pnp: PnP ACPI init
[    1.649934] pnp: PnP ACPI: found 6 devices
[    1.680255] clocksource: acpi_pm: mask: 0xffffff max_cycles: 0xffffff, max_idle_ns: 2085701024 ns
[    1.682004] NET: Registered PF_INET protocol family
[    1.683058] IP idents hash table entries: 32768 (order: 6, 262144 bytes, linear)
[    1.686445] tcp_listen_portaddr_hash hash table entries: 1024 (order: 5, 73728 bytes, linear)
[    1.687518] Table-perturb hash table entries: 65536 (order: 6, 262144 bytes, linear)
[    1.688826] TCP established hash table entries: 16384 (order: 5, 131072 bytes, linear)
[    1.690365] TCP bind hash table entries: 16384 (order: 10, 2359296 bytes, linear)
[    1.694246] TCP: Hash tables configured (established 16384 bind 16384)
[    1.695417] UDP hash table entries: 1024 (order: 6, 262144 bytes, linear)
[    1.696575] UDP-Lite hash table entries: 1024 (order: 6, 262144 bytes, linear)
[    1.698109] NET: Registered PF_UNIX/PF_LOCAL protocol family
[    1.700659] RPC: Registered named UNIX socket transport module.
[    1.701342] RPC: Registered udp transport module.
[    1.701858] RPC: Registered tcp transport module.
[    1.702371] RPC: Registered tcp-with-tls transport module.
[    1.702970] RPC: Registered tcp NFSv4.1 backchannel transport module.
[    1.703719] pci_bus 0000:00: resource 4 [io  0x0000-0x0cf7 window]
[    1.704456] pci_bus 0000:00: resource 5 [io  0x0d00-0xffff window]
[    1.705137] pci_bus 0000:00: resource 6 [mem 0x000a0000-0x000bffff window]
[    1.705890] pci_bus 0000:00: resource 7 [mem 0x80000000-0xfebfffff window]
[    1.706636] pci_bus 0000:00: resource 8 [mem 0x100000000-0x17fffffff window]
[    1.707950] pci 0000:00:01.0: PIIX3: Enabling Passive Release
[    1.708615] pci 0000:00:00.0: Limiting direct PCI/PCI transfers
[    1.709412] PCI: CLS 0 bytes, default 64
[    1.710142] ACPI: bus type thunderbolt registered
[    1.711512] clocksource: tsc: mask: 0xffffffffffffffff max_cycles: 0x2b2c8ec87c7, max_idle_ns: 440795278598 ns
[    5.215762] Initialise system trusted keyrings
[    5.216393] Key type blacklist registered
[    5.217354] workingset: timestamp_bits=36 max_order=19 bucket_order=0
[    5.220982] squashfs: version 4.0 (2009/01/31) Phillip Lougher
[    5.223653] NFS: Registering the id_resolver key type
[    5.224155] Key type id_resolver registered
[    5.224517] Key type id_legacy registered
[    5.224928] nfs4filelayout_init: NFSv4 File Layout Driver Registering...
[    5.225540] nfs4flexfilelayout_init: NFSv4 Flexfile Layout Driver Registering...
[    5.226523] fuse: init (API version 7.45)
[    5.228092] SGI XFS with ACLs, security attributes, realtime, quota, no debug enabled
[    5.232209] 9p: Installing v9fs 9p2000 file system support
[    5.254523] Key type asymmetric registered
[    5.254975] Asymmetric key parser 'x509' registered
[    5.255778] Block layer SCSI generic (bsg) driver version 0.4 loaded (major 241)
[    5.257036] io scheduler mq-deadline registered
[    5.257654] io scheduler bfq registered
[    5.258793] ledtrig-cpu: registered to indicate activity on CPUs
[    5.261666] IPMI message handler: version 39.2
[    5.262230] ipmi device interface
[    5.265363] input: Power Button as /devices/platform/LNXPWRBN:00/input/input0
[    5.266571] ACPI: button: Power Button [PWRF]
[    5.268321] Callback from call_rcu_tasks() invoked.
[    5.270204] ERST DBG: ERST support is disabled.
[    5.272705] Serial: 8250/16550 driver, 32 ports, IRQ sharing enabled
[    5.275020] 00:04: ttyS0 at I/O 0x3f8 (irq = 4, base_baud = 115200) is a 16550A
[    5.316593] Linux agpgart interface v0.103
[    5.325509] ACPI: bus type drm_connector registered
[    5.381724] brd: module loaded
[    5.406547] loop: module loaded
[    5.428032] scsi host0: ata_piix
[    5.430105] scsi host1: ata_piix
[    5.431040] ata1: PATA max MWDMA2 cmd 0x1f0 ctl 0x3f6 bmdma 0xc040 irq 14 lpm-pol 0
[    5.431751] ata2: PATA max MWDMA2 cmd 0x170 ctl 0x376 bmdma 0xc048 irq 15 lpm-pol 0
[    5.436145] tun: Universal TUN/TAP device driver, 1.6
[    5.437677] e100: Intel(R) PRO/100 Network Driver
[    5.438149] e100: Copyright(c) 1999-2006 Intel Corporation
[    5.438844] e1000: Intel(R) PRO/1000 Network Driver
[    5.439323] e1000: Copyright (c) 1999-2006 Intel Corporation.
[    5.588227] ata1: found unknown device (class 0)
[    5.589919] ata1.00: ATA-7: QEMU HARDDISK, 2.5+, max UDMA/100
[    5.590776] ata1.00: 17196647 sectors, multi 16: LBA48 
[    5.592393] ata2: found unknown device (class 0)
[    5.593669] ata2.00: ATAPI: QEMU DVD-ROM, 2.5+, max UDMA/100
[    5.596978] scsi 0:0:0:0: Direct-Access     ATA      QEMU HARDDISK    2.5+ PQ: 0 ANSI: 5
[    5.602598] sd 0:0:0:0: [sda] 17196647 512-byte logical blocks: (8.80 GB/8.20 GiB)
[    5.603583] sd 0:0:0:0: Attached scsi generic sg0 type 0
[    5.604547] sd 0:0:0:0: [sda] Write Protect is off
[    5.605224] sd 0:0:0:0: [sda] Write cache: enabled, read cache: enabled, doesn't support DPO or FUA
[    5.606242] sd 0:0:0:0: [sda] Preferred minimum I/O size 512 bytes
[    5.608803] scsi 1:0:0:0: CD-ROM            QEMU     QEMU DVD-ROM     2.5+ PQ: 0 ANSI: 5
[    5.635500] scsi 1:0:0:0: Attached scsi generic sg1 type 5
[    5.638786] sd 0:0:0:0: [sda] Attached SCSI disk
[    6.393075] ACPI: \_SB_.LNKC: Enabled at IRQ 11
[    6.720886] e1000 0000:00:03.0 eth0: (PCI:33MHz:32-bit) 52:54:00:12:34:56
[    6.722290] e1000 0000:00:03.0 eth0: Intel(R) PRO/1000 Network Connection
[    6.724016] e1000e: Intel(R) PRO/1000 Network Driver
[    6.724989] e1000e: Copyright(c) 1999 - 2015 Intel Corporation.
[    6.726430] igb: Intel(R) Gigabit Ethernet Network Driver
[    6.727484] igb: Copyright (c) 2007-2014 Intel Corporation.
[    6.729427] PPP generic driver version 2.4.2
[    6.732566] VFIO - User Level meta-driver version: 0.3
[    6.736101] usbcore: registered new interface driver uas
[    6.737446] usbcore: registered new interface driver usb-storage
[    6.739212] i8042: PNP: PS/2 Controller [PNP0303:KBD,PNP0f13:MOU] at 0x60,0x64 irq 1,12
[    6.742847] serio: i8042 KBD port at 0x60,0x64 irq 1
[    6.744019] serio: i8042 AUX port at 0x60,0x64 irq 12
[    6.747574] mousedev: PS/2 mouse device common for all mice
[    6.752108] rtc_cmos 00:05: RTC can wake from S4
[    6.752501] input: AT Translated Set 2 keyboard as /devices/platform/i8042/serio0/input/input1
[    6.757056] rtc_cmos 00:05: registered as rtc0
[    6.758125] rtc_cmos 00:05: setting system clock to 2026-01-13T08:07:09 UTC (1768291629)
[    6.760458] rtc_cmos 00:05: alarms up to one day, y3k, 242 bytes nvram, hpet irqs
[    6.762054] i2c_dev: i2c /dev entries driver
[    6.763163] device-mapper: core: CONFIG_IMA_DISABLE_HTABLE is disabled. Duplicate IMA measurements will not be recorded in the IMA log.
[    6.765733] device-mapper: uevent: version 1.0.3
[    6.767836] device-mapper: ioctl: 4.50.0-ioctl (2025-04-28) initialised: dm-devel@lists.linux.dev
[    6.768945] input: VirtualPS/2 VMware VMMouse as /devices/platform/i8042/serio1/input/input4
[    6.769578] intel_pstate: CPU model not supported
[    6.772947] sdhci: Secure Digital Host Controller Interface driver
[    6.773440] input: VirtualPS/2 VMware VMMouse as /devices/platform/i8042/serio1/input/input3
[    6.774112] sdhci: Copyright(c) Pierre Ossman
[    6.777103] sdhci-pltfm: SDHCI platform and OF driver helper
[    6.779469] drop_monitor: Initializing network drop monitor service
[    6.781562] NET: Registered PF_INET6 protocol family
[    6.785786] Segment Routing with IPv6
[    6.786681] In-situ OAM (IOAM) with IPv6
[    6.787614] NET: Registered PF_PACKET protocol family
[    6.789413] 9pnet: Installing 9P2000 support
[    6.790367] Key type dns_resolver registered
[    6.794222] IPI shorthand broadcast: enabled
[    6.878099] sched_clock: Marking stable (6856011241, 19785885)->(6890526935, -14729809)
[    6.880307] registered taskstats version 1
[    6.881473] Loading compiled-in X.509 certificates
[    6.994459] Demotion targets for Node 0: null
[    6.996881] Key type .fscrypt registered
[    6.997353] Key type fscrypt-provisioning registered
[    7.001501] Key type encrypted registered
[    7.002419] ima: No TPM chip found, activating TPM-bypass!
[    7.003628] ima: Allocated hash algorithm: sha1
[    7.004816] ima: No architecture policies found
[    7.006160] evm: Initialising EVM extended attributes:
[    7.007218] evm: security.selinux
[    7.007947] evm: security.SMACK64
[    7.008640] evm: security.SMACK64EXEC
[    7.009397] evm: security.SMACK64TRANSMUTE
[    7.010239] evm: security.SMACK64MMAP
[    7.011006] evm: security.apparmor
[    7.011715] evm: security.ima
[    7.012367] evm: security.capability
[    7.013124] evm: HMAC attrs: 0x1
[    7.018928] PM:   Magic number: 10:855:118
[    7.021611] RAS: Correctable Errors collector initialized.
[    7.022598] clk: Disabling unused clocks
[    7.023328] PM: genpd: Disabling unused power domains
[    7.025399] check access for rdinit=/init failed: -2, ignoring
[    7.025865] md: Waiting for all devices to be available before autodetect
[    7.026383] md: If you don't use raid, use raid=noautodetect
[    7.026824] md: Autodetecting RAID arrays.
[    7.027160] md: autorun ...
[    7.027391] md: ... autorun DONE.
[    7.051063] EXT4-fs (sda): INFO: recovery required on readonly filesystem
[    7.051610] EXT4-fs (sda): write access will be enabled during recovery
[    7.103237] EXT4-fs (sda): recovery complete
[    7.107187] EXT4-fs (sda): mounted filesystem 088740a9-c8b4-422c-999d-a804eb68a4da ro with ordered data mode. Quota mode: none.
[    7.109029] VFS: Mounted root (ext4 filesystem) readonly on device 8:0.
[    7.114139] devtmpfs: mounted
[    7.140886] Freeing unused decrypted memory: 2036K
[    7.154314] Freeing unused kernel image (initmem) memory: 16468K
[    7.155020] Write protecting the kernel read-only data: 102400k
[    7.158216] Freeing unused kernel image (text/rodata gap) memory: 728K
[    7.160760] Freeing unused kernel image (rodata/data gap) memory: 1596K
[    7.271728] x86/mm: Checked W+X mappings: passed, no W+X pages found.
[    7.272317] Run /sbin/init as init process
[    7.571694] systemd[1]: systemd 252-15.el9 running in system mode (+PAM +AUDIT +SELINUX -APPARMOR +IMA +SMACK +SECCOMP +GCRYPT +GNUTLS +OPENSSL +ACL +BLKID +CURL +ELFUTILS -FIDO2 +IDN2 -IDN -IPTC +KMOD +LIBCRYPTSETUP +LIBFDISK +PCRE2 -PWQUALITY +P11KIT -QRENCODE +TPM2 +BZIP2 +LZ4 +XZ +ZLIB +ZSTD -BPF_FRAMEWORK +XKBCOMMON +UTMP +SYSVINIT default-hierarchy=unified)
[    7.574120] systemd[1]: Detected virtualization kvm.
[    7.574523] systemd[1]: Detected architecture x86-64.

Welcome to [0;31mCentOS Stream 9[0m!

[    7.582748] systemd[1]: Hostname set to <test>.
[    7.875485] systemd-rc-local-generator[113]: /etc/rc.d/rc.local is not marked executable, skipping.
[    8.366141] systemd[1]: Queued start job for default target Multi-User System.
[    8.383207] systemd[1]: Created slice Virtual Machine and Container Slice.
[[0;32m  OK  [0m] Created slice [0;1;39mVirtual Machine and Container Slice[0m.
[    8.389054] systemd[1]: Created slice Slice /system/getty.
[[0;32m  OK  [0m] Created slice [0;1;39mSlice /system/getty[0m.
[    8.392467] systemd[1]: Created slice Slice /system/modprobe.
[[0;32m  OK  [0m] Created slice [0;1;39mSlice /system/modprobe[0m.
[    8.395639] systemd[1]: Created slice Slice /system/serial-getty.
[[0;32m  OK  [0m] Created slice [0;1;39mSlice /system/serial-getty[0m.
[    8.399031] systemd[1]: Created slice Slice /system/sshd-keygen.
[[0;32m  OK  [0m] Created slice [0;1;39mSlice /system/sshd-keygen[0m.
[    8.401962] systemd[1]: Created slice User and Session Slice.
[[0;32m  OK  [0m] Created slice [0;1;39mUser and Session Slice[0m.
[    8.403376] systemd[1]: Started Forward Password Requests to Wall Directory Watch.
[[0;32m  OK  [0m] Started [0;1;39mForward Password R…uests to Wall Directory Watch[0m.
[    8.406059] systemd[1]: Set up automount Arbitrary Executable File Formats File System Automount Point.
[[0;32m  OK  [0m] Set up automount [0;1;39mArbitrary…s File System Automount Point[0m.
[    8.407510] systemd[1]: Reached target Local Integrity Protected Volumes.
[[0;32m  OK  [0m] Reached target [0;1;39mLocal Integrity Protected Volumes[0m.
[    8.408757] systemd[1]: Reached target Slice Units.
[[0;32m  OK  [0m] Reached target [0;1;39mSlice Units[0m.
[    8.409677] systemd[1]: Reached target Swaps.
[[0;32m  OK  [0m] Reached target [0;1;39mSwaps[0m.
[    8.410524] systemd[1]: Reached target Local Verity Protected Volumes.
[[0;32m  OK  [0m] Reached target [0;1;39mLocal Verity Protected Volumes[0m.
[    8.412174] systemd[1]: Listening on Device-mapper event daemon FIFOs.
[[0;32m  OK  [0m] Listening on [0;1;39mDevice-mapper event daemon FIFOs[0m.
[    8.414050] systemd[1]: Listening on LVM2 poll daemon socket.
[[0;32m  OK  [0m] Listening on [0;1;39mLVM2 poll daemon socket[0m.
[    8.415302] systemd[1]: multipathd control socket was skipped because of an unmet condition check (ConditionPathExists=/etc/multipath.conf).
[    8.475640] systemd[1]: Listening on RPCbind Server Activation Socket.
[[0;32m  OK  [0m] Listening on [0;1;39mRPCbind Server Activation Socket[0m.
[    8.480272] systemd[1]: Reached target RPC Port Mapper.
[[0;32m  OK  [0m] Reached target [0;1;39mRPC Port Mapper[0m.
[    8.493532] systemd[1]: Listening on Process Core Dump Socket.
[[0;32m  OK  [0m] Listening on [0;1;39mProcess Core Dump Socket[0m.
[    8.497672] systemd[1]: Listening on initctl Compatibility Named Pipe.
[[0;32m  OK  [0m] Listening on [0;1;39minitctl Compatibility Named Pipe[0m.
[    8.501718] systemd[1]: Listening on Journal Socket (/dev/log).
[[0;32m  OK  [0m] Listening on [0;1;39mJournal Socket (/dev/log)[0m.
[    8.505079] systemd[1]: Listening on Journal Socket.
[[0;32m  OK  [0m] Listening on [0;1;39mJournal Socket[0m.
[    8.507700] systemd[1]: Listening on udev Control Socket.
[[0;32m  OK  [0m] Listening on [0;1;39mudev Control Socket[0m.
[    8.510074] systemd[1]: Listening on udev Kernel Socket.
[[0;32m  OK  [0m] Listening on [0;1;39mudev Kernel Socket[0m.
[    8.528468] systemd[1]: Mounting Huge Pages File System...
         Mounting [0;1;39mHuge Pages File System[0m...
[    8.536885] systemd[1]: Mounting POSIX Message Queue File System...
         Mounting [0;1;39mPOSIX Message Queue File System[0m...
[    8.548452] systemd[1]: Mounting Kernel Debug File System...
         Mounting [0;1;39mKernel Debug File System[0m...
[    8.561033] systemd[1]: Mounting Kernel Trace File System...
         Mounting [0;1;39mKernel Trace File System[0m...
[    8.565234] systemd[1]: Kernel Module supporting RPCSEC_GSS was skipped because of an unmet condition check (ConditionPathExists=/etc/krb5.keytab).
[    8.566310] systemd[1]: Create List of Static Device Nodes was skipped because of an unmet condition check (ConditionFileNotEmpty=/lib/modules/6.19.0-rc5-next-20260113-0f853ca2a798/modules.devname).
[    8.573995] systemd[1]: Starting Monitoring of LVM2 mirrors, snapshots etc. using dmeventd or progress polling...
         Starting [0;1;39mMonitoring of LVM…meventd or progress polling[0m...
[    8.590295] systemd[1]: Starting Load Kernel Module configfs...
         Starting [0;1;39mLoad Kernel Module configfs[0m...
[    8.609668] systemd[1]: Starting Load Kernel Module drm...
         Starting [0;1;39mLoad Kernel Module drm[0m...
[    8.629844] systemd[1]: Starting Load Kernel Module fuse...
         Starting [0;1;39mLoad Kernel Module fuse[0m...
[    8.645757] systemd[1]: Starting Read and set NIS domainname from /etc/sysconfig/network...
         Starting [0;1;39mRead and set NIS …from /etc/sysconfig/network[0m...
[    8.667594] systemd[1]: Starting Journal Service...
         Starting [0;1;39mJournal Service[0m...
[    8.700430] systemd[1]: Starting Load Kernel Modules...
         Starting [0;1;39mLoad Kernel Modules[0m...
[    8.711427] systemd[1]: Starting Generate network units from Kernel command line...
         Starting [0;1;39mGenerate network …ts from Kernel command line[0m...
[    8.744441] systemd[1]: Starting Remount Root and Kernel File Systems...
         Starting [0;1;39mRemount Root and Kernel File Systems[0m...
[    8.752393] systemd[1]: Repartition Root Disk was skipped because no trigger condition checks were met.
[    8.773938] systemd[1]: Starting Coldplug All udev Devices...
         Starting [0;1;39mColdplug All udev Devices[0m...
[    8.813395] systemd[1]: Mounted Huge Pages File System.
[[0;32m  OK  [0m] Mounted [0;1;39mHuge Pages File System[0m.
[    8.821280] systemd[1]: Mounted POSIX Message Queue File System.
[[0;32m  OK  [0m] Mounted [0;1;39mPOSIX Message Queue File System[0m.
[    8.823000] systemd[1]: Mounted Kernel Debug File System.
[[0;32m  OK  [0m] Mounted [0;1;39mKernel Debug File System[0m.
[    8.828727] systemd[1]: Mounted Kernel Trace File System.
[[0;32m  OK  [0m] Mounted [0;1;39mKernel Trace File System[0m.
[    8.837125] systemd[1]: Finished Monitoring of LVM2 mirrors, snapshots etc. using dmeventd or progress polling.
[[0;32m  OK  [0m] Finished [0;1;39mMonitoring of LVM… dmeventd or progress polling[0m.
[    8.839208] EXT4-fs (sda): re-mounted 088740a9-c8b4-422c-999d-a804eb68a4da r/w.
[    8.852788] systemd[1]: modprobe@configfs.service: Deactivated successfully.
[    8.855490] systemd[1]: Finished Load Kernel Module configfs.
[[0;32m  OK  [0m] Finished [0;1;39mLoad Kernel Module configfs[0m.
[    8.861977] systemd[1]: Started Journal Service.
[[0;32m  OK  [0m] Started [0;1;39mJournal Service[0m.
[[0;32m  OK  [0m] Finished [0;1;39mLoad Kernel Module drm[0m.
[[0;32m  OK  [0m] Finished [0;1;39mLoad Kernel Module fuse[0m.
[[0;32m  OK  [0m] Finished [0;1;39mRead and set NIS …e from /etc/sysconfig/network[0m.
[[0;1;31mFAILED[0m] Failed to start [0;1;39mLoad Kernel Modules[0m.
See 'systemctl status systemd-modules-load.service' for details.
[[0;32m  OK  [0m] Finished [0;1;39mGenerate network units from Kernel command line[0m.
[[0;32m  OK  [0m] Finished [0;1;39mRemount Root and Kernel File Systems[0m.
[[0;32m  OK  [0m] Reached target [0;1;39mPreparation for Network[0m.
         Mounting [0;1;39mFUSE Control File System[0m...
         Mounting [0;1;39mKernel Configuration File System[0m...
         Starting [0;1;39mFlush Journal to Persistent Storage[0m...
         Starting [0;1;39mLoad/Save Random Seed[0m...
[    9.001965] systemd-journald[139]: Received client request to flush runtime journal.
         Starting [0;1;39mApply Kernel Variables[0m...
         Starting [0;1;39mCreate Static Device Nodes in /dev[0m...
         Starting [0;1;39mSetup Virtual Console[0m...
[[0;32m  OK  [0m] Mounted [0;1;39mFUSE Control File System[0m.
[[0;32m  OK  [0m] Mounted [0;1;39mKernel Configuration File System[0m.
[[0;32m  OK  [0m] Finished [0;1;39mFlush Journal to Persistent Storage[0m.
[[0;32m  OK  [0m] Finished [0;1;39mLoad/Save Random Seed[0m.
[[0;32m  OK  [0m] Finished [0;1;39mApply Kernel Variables[0m.
[[0;32m  OK  [0m] Finished [0;1;39mCreate Static Device Nodes in /dev[0m.
         Starting [0;1;39mRule-based Manage…for Device Events and Files[0m...
[[0;32m  OK  [0m] Started [0;1;39mRule-based Manager for Device Events and Files[0m.
         Starting [0;1;39mAuto-connect to s…E devices found during boot[0m...
[[0;32m  OK  [0m] Finished [0;1;39mAuto-connect to s…VME devices found during boot[0m.
[[0;32m  OK  [0m] Finished [0;1;39mSetup Virtual Console[0m.
[[0;32m  OK  [0m] Finished [0;1;39mColdplug All udev Devices[0m.
[[0;32m  OK  [0m] Started [0;1;39mDispatch Password …ts to Console Directory Watch[0m.
[[0;32m  OK  [0m] Reached target [0;1;39mLocal Encrypted Volumes[0m.
[[0;32m  OK  [0m] Reached target [0;1;39mPath Units[0m.
         Starting [0;1;39mWait for udev To …plete Device Initialization[0m...
[[0;32m  OK  [0m] Found device [0;1;39m/dev/ttyS0[0m.
[[0;32m  OK  [0m] Listening on [0;1;39mLoad/Save RF …itch Status /dev/rfkill Watch[0m.
[[0;32m  OK  [0m] Finished [0;1;39mWait for udev To Complete Device Initialization[0m.
[[0;32m  OK  [0m] Reached target [0;1;39mPreparation for Local File Systems[0m.
[[0;32m  OK  [0m] Reached target [0;1;39mLocal File Systems[0m.
         Starting [0;1;39mTell Plymouth To Write Out Runtime Data[0m...
         Starting [0;1;39mAutomatic Boot Loader Update[0m...
         Starting [0;1;39mCreate Volatile Files and Directories[0m...
[[0;32m  OK  [0m] Finished [0;1;39mTell Plymouth To Write Out Runtime Data[0m.
[[0;32m  OK  [0m] Finished [0;1;39mAutomatic Boot Loader Update[0m.
[[0;32m  OK  [0m] Finished [0;1;39mCreate Volatile Files and Directories[0m.
         Mounting [0;1;39mRPC Pipe File System[0m...
         Starting [0;1;39mSecurity Auditing Service[0m...
         Starting [0;1;39mRPC Bind[0m...
[[0;32m  OK  [0m] Mounted [0;1;39mRPC Pipe File System[0m.
[[0;32m  OK  [0m] Reached target [0;1;39mrpc_pipefs.target[0m.
[[0;32m  OK  [0m] Started [0;1;39mRPC Bind[0m.
[[0;32m  OK  [0m] Started [0;1;39mSecurity Auditing Service[0m.
         Starting [0;1;39mRecord System Boot/Shutdown in UTMP[0m...
[[0;32m  OK  [0m] Finished [0;1;39mRecord System Boot/Shutdown in UTMP[0m.
[[0;32m  OK  [0m] Reached target [0;1;39mSystem Initialization[0m.
[[0;32m  OK  [0m] Started [0;1;39mDaily rotation of log files[0m.
[[0;32m  OK  [0m] Started [0;1;39mUpdates mlocate database every day[0m.
[[0;32m  OK  [0m] Started [0;1;39mDaily Cleanup of Temporary Directories[0m.
[[0;32m  OK  [0m] Started [0;1;39mdaily update of the root trust anchor for DNSSEC[0m.
[[0;32m  OK  [0m] Reached target [0;1;39mTimer Units[0m.
[[0;32m  OK  [0m] Listening on [0;1;39mD-Bus System Message Bus Socket[0m.
[[0;32m  OK  [0m] Listening on [0;1;39mOpen-iSCSI iscsid Socket[0m.
[[0;32m  OK  [0m] Listening on [0;1;39mOpen-iSCSI iscsiuio Socket[0m.
[[0;32m  OK  [0m] Listening on [0;1;39mSSSD Kerberos…ache Manager responder socket[0m.
[[0;32m  OK  [0m] Listening on [0;1;39mLibvirt interface local socket[0m.
[[0;32m  OK  [0m] Listening on [0;1;39mVirtual machine lock manager socket[0m.
[[0;32m  OK  [0m] Listening on [0;1;39mVirtual machine log manager socket[0m.
[[0;32m  OK  [0m] Listening on [0;1;39mLibvirt network local socket[0m.
[[0;32m  OK  [0m] Listening on [0;1;39mLibvirt nodedev local socket[0m.
[[0;32m  OK  [0m] Listening on [0;1;39mLibvirt nwfilter local socket[0m.
[[0;32m  OK  [0m] Listening on [0;1;39mLibvirt proxy local socket[0m.
[[0;32m  OK  [0m] Listening on [0;1;39mLibvirt qemu local socket[0m.
[[0;32m  OK  [0m] Listening on [0;1;39mLibvirt qemu admin socket[0m.
[[0;32m  OK  [0m] Listening on [0;1;39mLibvirt qemu local read-only socket[0m.
[[0;32m  OK  [0m] Listening on [0;1;39mLibvirt secret local socket[0m.
[[0;32m  OK  [0m] Listening on [0;1;39mLibvirt storage local socket[0m.
[[0;32m  OK  [0m] Reached target [0;1;39mSocket Units[0m.
         Starting [0;1;39mD-Bus System Message Bus[0m...
[[0;32m  OK  [0m] Started [0;1;39mD-Bus System Message Bus[0m.
[[0;32m  OK  [0m] Reached target [0;1;39mBasic System[0m.
         Starting [0;1;39mNetwork Manager[0m...
         Starting [0;1;39mNTP client/server[0m...
         Starting [0;1;39mRestore /run/initramfs on shutdown[0m...
[[0;32m  OK  [0m] Started [0;1;39mirqbalance daemon[0m.
[[0;32m  OK  [0m] Started [0;1;39mlibstoragemgmt plug-in server daemon[0m.
[[0;32m  OK  [0m] Started [0;1;39mMachine Check Exception Logging Daemon[0m.
[[0;32m  OK  [0m] Reached target [0;1;39msshd-keygen.target[0m.
[[0;32m  OK  [0m] Reached target [0;1;39mUser and Group Name Lookups[0m.
         Starting [0;1;39mUser Login Management[0m...
         Starting [0;1;39mVirtual Machine a…tainer Registration Service[0m...
         Starting [0;1;39mupdate of the roo…NSSEC validation in unbound[0m...
         Starting [0;1;39mRotate log files[0m...
[[0;32m  OK  [0m] Started [0;1;39mUpdate a database for mlocate[0m.
[[0;32m  OK  [0m] Finished [0;1;39mRestore /run/initramfs on shutdown[0m.
[[0;32m  OK  [0m] Started [0;1;39mVirtual Machine an…ontainer Registration Service[0m.
         Starting [0;1;39mHostname Service[0m...
[[0;32m  OK  [0m] Started [0;1;39mNTP client/server[0m.
[[0;32m  OK  [0m] Finished [0;1;39mupdate of the roo… DNSSEC validation in unbound[0m.
[[0;32m  OK  [0m] Started [0;1;39mUser Login Management[0m.
[[0;32m  OK  [0m] Started [0;1;39mHostname Service[0m.
         Starting [0;1;39mNetwork Manager Script Dispatcher Service[0m...
[[0;32m  OK  [0m] Finished [0;1;39mRotate log files[0m.
[[0;32m  OK  [0m] Started [0;1;39mNetwork Manager Script Dispatcher Service[0m.
[   14.312186] e1000: eth0 NIC Link is Up 1000 Mbps Full Duplex, Flow Control: RX
[[0;32m  OK  [0m] Started [0;1;39mNetwork Manager[0m.
[[0;32m  OK  [0m] Reached target [0;1;39mNetwork[0m.
[[0;32m  OK  [0m] Reached target [0;1;39mNetwork is Online[0m.
         Starting [0;1;39mGSSAPI Proxy Daemon[0m...
         Starting [0;1;39mNotify NFS peers of a restart[0m...
         Starting [0;1;39mSystem Logging Service[0m...
         Starting [0;1;39mOpenSSH server daemon[0m...
         Starting [0;1;39mDynamic System Tuning Daemon[0m...
[[0;32m  OK  [0m] Started [0;1;39mGSSAPI Proxy Daemon[0m.
[[0;32m  OK  [0m] Started [0;1;39mOpenSSH server daemon[0m.
[[0;32m  OK  [0m] Started [0;1;39mNotify NFS peers of a restart[0m.
[[0;32m  OK  [0m] Reached target [0;1;39mNFS client services[0m.
[[0;32m  OK  [0m] Reached target [0;1;39mPreparation for Remote File Systems[0m.
[[0;32m  OK  [0m] Reached target [0;1;39mRemote File Systems[0m.
         Starting [0;1;39mPermit User Sessions[0m...
         Starting [0;1;39mVirtualization qemu daemon[0m...
[[0;32m  OK  [0m] Finished [0;1;39mPermit User Sessions[0m.
[[0;32m  OK  [0m] Started [0;1;39mDeferred execution scheduler[0m.
[[0;32m  OK  [0m] Started [0;1;39mCommand Scheduler[0m.
         Starting [0;1;39mHold until boot process finishes up[0m...
         Starting [0;1;39mTerminate Plymouth Boot Screen[0m...
[[0;32m  OK  [0m] Started [0;1;39mSystem Logging Service[0m.
[[0;32m  OK  [0m] Started [0;1;39mVirtualization qemu daemon[0m.
[[0;32m  OK  [0m] Finished [0;1;39mHold until boot process finishes up[0m.
[[0;32m  OK  [0m] Finished [0;1;39mTerminate Plymouth Boot Screen[0m.
[[0;32m  OK  [0m] Started [0;1;39mGetty on tty1[0m.
[[0;32m  OK  [0m] Started [0;1;39mSerial Getty on ttyS0[0m.
[[0;32m  OK  [0m] Reached target [0;1;39mLogin Prompts[0m.
         Starting [0;1;39mAuthorization Manager[0m...
[[0;32m  OK  [0m] Started [0;1;39mAuthorization Manager[0m.
[[0;32m  OK  [0m] Started [0;1;39mDynamic System Tuning Daemon[0m.
[[0;32m  OK  [0m] Reached target [0;1;39mMulti-User System[0m.
         Starting [0;1;39mRecord Runlevel Change in UTMP[0m...
[[0;32m  OK  [0m] Finished [0;1;39mRecord Runlevel Change in UTMP[0m.

CentOS Stream 9
Kernel 6.19.0-rc5-next-20260113-0f853ca2a798 on an x86_64

Activate the web console with: systemctl enable --now cockpit.socket

test login: [   61.240414] 
[   61.240585] =====================================
[   61.240887] WARNING: bad unlock balance detected!
[   61.241195] 6.19.0-rc5-next-20260113-0f853ca2a798 #1 Not tainted
[   61.241573] -------------------------------------
[   61.241870] repro/26033 is trying to release lock (rcu_read_lock) at:
[   61.242278] [<ffffffff821343ea>] __wait_on_freeing_inode+0x13a/0x3b0
[   61.242722] but there are no more locks to release!
[   61.243028] 
[   61.243028] other info that might help us debug this:
[   61.243430] 4 locks held by repro/26033:
[   61.243683]  #0: ffff8880134e4408 (sb_writers#3){.+.+}-{0:0}, at: filename_create+0x122/0x460
[   61.244243]  #1: ffff88802db5f6a0 (&type->i_mutex_dir_key#3/1){+.+.}-{4:4}, at: filename_create+0x1e6/0x460
[   61.244867]  #2: ffff8880134e2950 (jbd2_handle){++++}-{0:0}, at: start_this_handle+0x1042/0x1550
[   61.245445]  #3: ffffffff87416918 (inode_hash_lock){+.+.}-{3:3}, at: insert_inode_locked+0xf4/0x860
[   61.246024] 
[   61.246024] stack backtrace:
[   61.246308] CPU: 1 UID: 0 PID: 26033 Comm: repro Not tainted 6.19.0-rc5-next-20260113-0f853ca2a798 #1 PREEMPT(lazy) 
[   61.246320] Hardware name: QEMU Standard PC (i440FX + PIIX, 1996), BIOS rel-1.16.0-0-gd239552ce722-prebuilt.qemu.org 04/01/2014
[   61.246329] Call Trace:
[   61.246337]  <TASK>
[   61.246342]  dump_stack_lvl+0xea/0x150
[   61.246381]  ? __wait_on_freeing_inode+0x13a/0x3b0
[   61.246392]  dump_stack+0x19/0x20
[   61.246406]  print_unlock_imbalance_bug+0x121/0x140
[   61.246441]  ? __wait_on_freeing_inode+0x13a/0x3b0
[   61.246453]  lock_release+0x211/0x2a0
[   61.246465]  __wait_on_freeing_inode+0x13f/0x3b0
[   61.246477]  ? __pfx___wait_on_freeing_inode+0x10/0x10
[   61.246489]  ? do_raw_spin_lock+0x140/0x280
[   61.246506]  ? __pfx_var_wake_function+0x10/0x10
[   61.246520]  ? __this_cpu_preempt_check+0x21/0x30
[   61.246536]  ? lock_is_held_type+0xef/0x150
[   61.246553]  insert_inode_locked+0x26c/0x860
[   61.246569]  __ext4_new_inode+0x1c4a/0x5230
[   61.246599]  ? __pfx___ext4_new_inode+0x10/0x10
[   61.246615]  ? __pfx___dquot_initialize+0x10/0x10
[   61.246641]  ? ext4_get_dummy_policy+0x16/0x80
[   61.246659]  ? __pfx_ext4_get_dummy_policy+0x10/0x10
[   61.246677]  ext4_symlink+0x6c9/0xc70
[   61.246695]  ? __pfx_ext4_symlink+0x10/0x10
[   61.246704]  ? generic_permission+0xbf/0x800
[   61.246716]  ? __sanitizer_cov_trace_const_cmp4+0x1a/0x20
[   61.246743]  ? security_inode_permission+0xb8/0x220
[   61.246763]  ? inode_permission+0x39d/0x690
[   61.246775]  ? __sanitizer_cov_trace_const_cmp4+0x1a/0x20
[   61.246790]  vfs_symlink+0x459/0x850
[   61.246805]  do_symlinkat+0x3ae/0x510
[   61.246817]  ? __pfx_do_symlinkat+0x10/0x10
[   61.246827]  ? strncpy_from_user+0x198/0x290
[   61.246857]  ? __sanitizer_cov_trace_const_cmp4+0x1a/0x20
[   61.246871]  ? do_getname+0x19e/0x3e0
[   61.246882]  __x64_sys_symlink+0x83/0xa0
[   61.246893]  x64_sys_call+0x2d5/0x21b0
[   61.246915]  do_syscall_64+0x6d/0x1180
[   61.246932]  entry_SYSCALL_64_after_hwframe+0x76/0x7e
[   61.246942] RIP: 0033:0x7f48dce3eabb
[   61.246957] Code: f0 ff ff 73 01 c3 48 8b 0d 62 b3 1b 00 f7 d8 64 89 01 48 83 c8 ff c3 0f 1f 84 00 00 00 00 00 f3 0f 1e fa b8 58 00 00 00 0f 05 <48> 3d 01 f0 ff ff 73 01 c3 48 8b 0d 35 b3 1b 00 f7 d8 64 89 01 48
[   61.246966] RSP: 002b:00007fff10c6aaa8 EFLAGS: 00000202 ORIG_RAX: 0000000000000058
[   61.246981] RAX: ffffffffffffffda RBX: 0000000000000000 RCX: 00007f48dce3eabb
[   61.246989] RDX: 0000000000000004 RSI: 0000000000402078 RDI: 0000000000402083
[   61.246994] RBP: 00007fff10c6aab0 R08: 0000000000000000 R09: 00007fff10c6a520
[   61.247000] R10: 00007f48dce14730 R11: 0000000000000202 R12: 00007fff10c6ac28
[   61.247006] R13: 0000000000401bd1 R14: 0000000000403e08 R15: 00007f48dd152000
[   61.247020]  </TASK>
[   61.262672] ------------[ cut here ]------------
[   61.262979] WARNING: kernel/rcu/tree_plugin.h:443 at __rcu_read_unlock+0x2da/0x620, CPU#1: repro/26033
[   61.263610] Modules linked in:
[   61.263853] CPU: 1 UID: 0 PID: 26033 Comm: repro Not tainted 6.19.0-rc5-next-20260113-0f853ca2a798 #1 PREEMPT(lazy) 
[   61.264510] Hardware name: QEMU Standard PC (i440FX + PIIX, 1996), BIOS rel-1.16.0-0-gd239552ce722-prebuilt.qemu.org 04/01/2014
[   61.265236] RIP: 0010:__rcu_read_unlock+0x2da/0x620
[   61.265590] Code: c7 43 58 01 00 00 00 bf 09 00 00 00 e8 9f d2 d9 ff 4d 85 f6 0f 84 13 fe ff ff e8 21 10 29 00 fb 0f 1f 44 00 00 e9 03 fe ff ff <0f> 0b 5b 41 5c 41 5d 41 5e 41 5f 5d e9 45 30 85 04 e8 20 8a 8c 00
[   61.266741] RSP: 0018:ffff888016caf918 EFLAGS: 00010286
[   61.267081] RAX: 00000000ffffffff RBX: ffff888016c12580 RCX: ffffffff8167cc23
[   61.267532] RDX: 0000000000000000 RSI: 0000000000000001 RDI: ffff888016c12dbc
[   61.268015] RBP: ffff888016caf940 R08: 0000000000000000 R09: fffffbfff0eaed8c
[   61.268467] R10: 0000000080000001 R11: 6162206b63617473 R12: ffff888016c12580
[   61.268920] R13: ffff888016c12580 R14: 0000000000000001 R15: 0000000000000001
[   61.269381] FS:  00007f48dd105740(0000) GS:ffff8880e317a000(0000) knlGS:0000000000000000
[   61.269891] CS:  0010 DS: 0000 ES: 0000 CR0: 0000000080050033
[   61.270261] CR2: 00007f48dcf3e7f0 CR3: 000000001b9be001 CR4: 0000000000770ef0
[   61.270715] PKRU: 55555554
[   61.270900] Call Trace:
[   61.271056]  <TASK>
[   61.271573]  __wait_on_freeing_inode+0x144/0x3b0
[   61.272119]  ? __pfx___wait_on_freeing_inode+0x10/0x10
[   61.272488]  ? do_raw_spin_lock+0x140/0x280
[   61.273102]  ? __pfx_var_wake_function+0x10/0x10
[   61.273687]  ? __this_cpu_preempt_check+0x21/0x30
[   61.274151]  ? lock_is_held_type+0xef/0x150
[   61.274947]  insert_inode_locked+0x26c/0x860
[   61.276018]  __ext4_new_inode+0x1c4a/0x5230
[   61.277736]  ? __pfx___ext4_new_inode+0x10/0x10
[   61.278377]  ? __pfx___dquot_initialize+0x10/0x10
[   61.279389]  ? ext4_get_dummy_policy+0x16/0x80
[   61.279719]  ? __pfx_ext4_get_dummy_policy+0x10/0x10
[   61.280590]  ext4_symlink+0x6c9/0xc70
[   61.282150]  ? __pfx_ext4_symlink+0x10/0x10
[   61.282522]  ? generic_permission+0xbf/0x800
[   61.283082]  ? __sanitizer_cov_trace_const_cmp4+0x1a/0x20
[   61.283525]  ? security_inode_permission+0xb8/0x220
[   61.284147]  ? inode_permission+0x39d/0x690
[   61.284518]  ? __sanitizer_cov_trace_const_cmp4+0x1a/0x20
[   61.285343]  vfs_symlink+0x459/0x850
[   61.286230]  do_symlinkat+0x3ae/0x510
[   61.286993]  ? __pfx_do_symlinkat+0x10/0x10
[   61.287305]  ? strncpy_from_user+0x198/0x290
[   61.288073]  ? __sanitizer_cov_trace_const_cmp4+0x1a/0x20
[   61.288519]  ? do_getname+0x19e/0x3e0
[   61.289321]  __x64_sys_symlink+0x83/0xa0
[   61.289901]  x64_sys_call+0x2d5/0x21b0
[   61.290325]  do_syscall_64+0x6d/0x1180
[   61.290880]  entry_SYSCALL_64_after_hwframe+0x76/0x7e
[   61.291284] RIP: 0033:0x7f48dce3eabb
[   61.291630] Code: f0 ff ff 73 01 c3 48 8b 0d 62 b3 1b 00 f7 d8 64 89 01 48 83 c8 ff c3 0f 1f 84 00 00 00 00 00 f3 0f 1e fa b8 58 00 00 00 0f 05 <48> 3d 01 f0 ff ff 73 01 c3 48 8b 0d 35 b3 1b 00 f7 d8 64 89 01 48
[   61.292915] RSP: 002b:00007fff10c6aaa8 EFLAGS: 00000202 ORIG_RAX: 0000000000000058
[   61.293447] RAX: ffffffffffffffda RBX: 0000000000000000 RCX: 00007f48dce3eabb
[   61.293946] RDX: 0000000000000004 RSI: 0000000000402078 RDI: 0000000000402083
[   61.294430] RBP: 00007fff10c6aab0 R08: 0000000000000000 R09: 00007fff10c6a520
[   61.294912] R10: 00007f48dce14730 R11: 0000000000000202 R12: 00007fff10c6ac28
[   61.295397] R13: 0000000000401bd1 R14: 0000000000403e08 R15: 00007f48dd152000
[   61.297315]  </TASK>
[   61.297489] irq event stamp: 219
[   61.297729] hardirqs last  enabled at (219): [<ffffffff85f3bbe5>] _raw_spin_unlock_irqrestore+0x35/0x70
[   61.298412] hardirqs last disabled at (218): [<ffffffff85f3b890>] _raw_spin_lock_irqsave+0x70/0x80
[   61.299058] softirqs last  enabled at (214): [<ffffffff8131c2e1>] kernel_fpu_end+0x71/0x90
[   61.299667] softirqs last disabled at (212): [<ffffffff8131db8f>] kernel_fpu_begin_mask+0x1df/0x320
[   61.300341] ---[ end trace 0000000000000000 ]---
