c[?7l[2J[0mSeaBIOS (version rel-1.16.0-0-gd239552ce722-prebuilt.qemu.org)


iPXE (http://ipxe.org) 00:03.0 CA00 PCI2.10 PnP PMM+7FF91000+7FEF1000 CA00
Press Ctrl-B to configure iPXE (PCI 00:03.0)...                                                                               


Booting from ROM...
c[?7l[2J[    0.000000] Linux version 6.19.0-rc5-1e66a5b24834+ (root@p-mtlp04) (gcc (GCC) 11.5.0 20240719 (Red Hat 11.5.0-14), GNU ld version 2.35.2-69.el9) #1 SMP PREEMPT_DYNAMIC Tue Jan 13 20:18:43 CST 2026
[    0.000000] Command line: console=ttyS0 root=/dev/sda earlyprintk=serial net.ifnames=0 plymouth.enable=0
[    0.000000] KERNEL supported cpus:
[    0.000000]   Intel GenuineIntel
[    0.000000]   AMD AuthenticAMD
[    0.000000]   Hygon HygonGenuine
[    0.000000]   Centaur CentaurHauls
[    0.000000]   zhaoxin   Shanghai  
[    0.000000] x86/split lock detection: #DB: warning on user-space bus_locks
[    0.000000] BIOS-provided physical RAM map:
[    0.000000] BIOS-e820: [mem 0x0000000000000000-0x000000000009fbff] usable
[    0.000000] BIOS-e820: [mem 0x000000000009fc00-0x000000000009ffff] reserved
[    0.000000] BIOS-e820: [mem 0x00000000000f0000-0x00000000000fffff] reserved
[    0.000000] BIOS-e820: [mem 0x0000000000100000-0x000000007ffdffff] usable
[    0.000000] BIOS-e820: [mem 0x000000007ffe0000-0x000000007fffffff] reserved
[    0.000000] BIOS-e820: [mem 0x00000000feffc000-0x00000000feffffff] reserved
[    0.000000] BIOS-e820: [mem 0x00000000fffc0000-0x00000000ffffffff] reserved
[    0.000000] printk: legacy bootconsole [earlyser0] enabled
[    0.000000] NX (Execute Disable) protection: active
[    0.000000] APIC: Static calls initialized
[    0.000000] SMBIOS 2.8 present.
[    0.000000] DMI: QEMU Standard PC (i440FX + PIIX, 1996), BIOS rel-1.16.0-0-gd239552ce722-prebuilt.qemu.org 04/01/2014
[    0.000000] DMI: Memory slots populated: 1/1
[    0.000000] Hypervisor detected: KVM
[    0.000000] last_pfn = 0x7ffe0 max_arch_pfn = 0x400000000
[    0.000000] kvm-clock: Using msrs 4b564d01 and 4b564d00
[    0.000004] kvm-clock: using sched offset of 1297723493 cycles
[    0.000613] clocksource: kvm-clock: mask: 0xffffffffffffffff max_cycles: 0x1cd42e4dffb, max_idle_ns: 881590591483 ns
[    0.002510] tsc: Detected 2995.200 MHz processor
[    0.013588] last_pfn = 0x7ffe0 max_arch_pfn = 0x400000000
[    0.014277] MTRR map: 4 entries (3 fixed + 1 variable; max 19), built from 8 variable MTRRs
[    0.015283] x86/PAT: Configuration [0-7]: WB  WC  UC- UC  WB  WP  UC- WT  
[    0.029654] found SMP MP-table at [mem 0x000f5ba0-0x000f5baf]
[    0.030486] Using GB pages for direct mapping
[    0.033915] ACPI: Early table checksum verification disabled
[    0.034578] ACPI: RSDP 0x00000000000F59C0 000014 (v00 BOCHS )
[    0.035249] ACPI: RSDT 0x000000007FFE1951 000034 (v01 BOCHS  BXPC     00000001 BXPC 00000001)
[    0.036232] ACPI: FACP 0x000000007FFE17FD 000074 (v01 BOCHS  BXPC     00000001 BXPC 00000001)
[    0.037216] ACPI: DSDT 0x000000007FFE0040 0017BD (v01 BOCHS  BXPC     00000001 BXPC 00000001)
[    0.038196] ACPI: FACS 0x000000007FFE0000 000040
[    0.038735] ACPI: APIC 0x000000007FFE1871 000080 (v01 BOCHS  BXPC     00000001 BXPC 00000001)
[    0.039712] ACPI: HPET 0x000000007FFE18F1 000038 (v01 BOCHS  BXPC     00000001 BXPC 00000001)
[    0.040684] ACPI: WAET 0x000000007FFE1929 000028 (v01 BOCHS  BXPC     00000001 BXPC 00000001)
[    0.041648] ACPI: Reserving FACP table memory at [mem 0x7ffe17fd-0x7ffe1870]
[    0.042441] ACPI: Reserving DSDT table memory at [mem 0x7ffe0040-0x7ffe17fc]
[    0.043233] ACPI: Reserving FACS table memory at [mem 0x7ffe0000-0x7ffe003f]
[    0.044017] ACPI: Reserving APIC table memory at [mem 0x7ffe1871-0x7ffe18f0]
[    0.044799] ACPI: Reserving HPET table memory at [mem 0x7ffe18f1-0x7ffe1928]
[    0.045585] ACPI: Reserving WAET table memory at [mem 0x7ffe1929-0x7ffe1950]
[    0.047045] No NUMA configuration found
[    0.047482] Faking a node at [mem 0x0000000000000000-0x000000007ffdffff]
[    0.048263] NODE_DATA(0) allocated [mem 0x7ffb4ec0-0x7ffdfcbf]
[    0.049547] Zone ranges:
[    0.049836]   DMA      [mem 0x0000000000001000-0x0000000000ffffff]
[    0.050539]   DMA32    [mem 0x0000000001000000-0x000000007ffdffff]
[    0.051232]   Normal   empty
[    0.051562]   Device   empty
[    0.051891] Movable zone start for each node
[    0.052374] Early memory node ranges
[    0.052773]   node   0: [mem 0x0000000000001000-0x000000000009efff]
[    0.053478]   node   0: [mem 0x0000000000100000-0x000000007ffdffff]
[    0.054196] Initmem setup node 0 [mem 0x0000000000001000-0x000000007ffdffff]
[    0.055585] On node 0, zone DMA: 1 pages in unavailable ranges
[    0.056701] On node 0, zone DMA: 97 pages in unavailable ranges
[    0.118033] On node 0, zone DMA32: 32 pages in unavailable ranges
[    0.493267] KernelAddressSanitizer initialized (generic)
[    0.494292] ACPI: PM-Timer IO Port: 0x608
[    0.494801] ACPI: LAPIC_NMI (acpi_id[0xff] dfl dfl lint[0x1])
[    0.495561] IOAPIC[0]: apic_id 0, version 17, address 0xfec00000, GSI 0-23
[    0.496389] ACPI: INT_SRC_OVR (bus 0 bus_irq 0 global_irq 2 dfl dfl)
[    0.497129] ACPI: INT_SRC_OVR (bus 0 bus_irq 5 global_irq 5 high level)
[    0.497893] ACPI: INT_SRC_OVR (bus 0 bus_irq 9 global_irq 9 high level)
[    0.498664] ACPI: INT_SRC_OVR (bus 0 bus_irq 10 global_irq 10 high level)
[    0.499450] ACPI: INT_SRC_OVR (bus 0 bus_irq 11 global_irq 11 high level)
[    0.500254] ACPI: Using ACPI (MADT) for SMP configuration information
[    0.501013] ACPI: HPET id: 0x8086a201 base: 0xfed00000
[    0.501632] TSC deadline timer available
[    0.502110] CPU topo: Max. logical packages:   1
[    0.502643] CPU topo: Max. logical dies:       1
[    0.503174] CPU topo: Max. dies per package:   1
[    0.503710] CPU topo: Max. threads per core:   1
[    0.504240] CPU topo: Num. cores per package:     2
[    0.504798] CPU topo: Num. threads per package:   2
[    0.505356] CPU topo: Allowing 2 present CPUs plus 0 hotplug CPUs
[    0.506131] kvm-guest: APIC: eoi() replaced with kvm_guest_apic_eoi_write()
[    0.507008] kvm-guest: KVM setup pv remote TLB flush
[    0.507599] kvm-guest: setup PV sched yield
[    0.508186] PM: hibernation: Registered nosave memory: [mem 0x00000000-0x00000fff]
[    0.509088] PM: hibernation: Registered nosave memory: [mem 0x0009f000-0x000fffff]
[    0.509982] [mem 0x80000000-0xfeffbfff] available for PCI devices
[    0.510700] Booting paravirtualized kernel on KVM
[    0.511259] clocksource: refined-jiffies: mask: 0xffffffff max_cycles: 0xffffffff, max_idle_ns: 7645519600211568 ns
[    0.512493] setup_percpu: NR_CPUS:8192 nr_cpumask_bits:2 nr_cpu_ids:2 nr_node_ids:1
[    0.515431] percpu: Embedded 81 pages/cpu s294912 r8192 d28672 u1048576
[    0.516458] kvm-guest: PV spinlocks enabled
[    0.516967] PV qspinlock hash table entries: 256 (order: 0, 4096 bytes, linear)
[    0.517834] Kernel command line: net.ifnames=0 console=ttyS0 root=/dev/sda earlyprintk=serial net.ifnames=0 plymouth.enable=0
[    0.519529] random: crng init done
[    0.519935] printk: log buffer data + meta data: 262144 + 917504 = 1179648 bytes
[    0.522684] Dentry cache hash table entries: 262144 (order: 9, 2097152 bytes, linear)
[    0.524652] Inode-cache hash table entries: 131072 (order: 8, 1048576 bytes, linear)
[    0.526038] Fallback order for Node 0: 0 
[    0.526054] Built 1 zonelists, mobility grouping on.  Total pages: 524158
[    0.527277] Policy zone: DMA32
[    0.527629] mem auto-init: stack:off, heap alloc:off, heap free:off
[    0.528332] stackdepot: allocating hash table via alloc_large_system_hash
[    0.529106] stackdepot hash table entries: 1048576 (order: 12, 16777216 bytes, linear)
[    0.564393] stackdepot: allocating space for 8192 stack pools via memblock
[    0.618025] SLUB: HWalign=64, Order=0-3, MinObjects=0, CPUs=2, Nodes=1
[    0.618826] kmemleak: Kernel memory leak detector disabled
[    0.664383] ftrace: allocating 75290 entries in 296 pages
[    0.665047] ftrace: allocated 296 pages with 3 groups
[    0.671305] Dynamic Preempt: voluntary
[    0.672410] Running RCU self tests
[    0.672793] Running RCU synchronous self tests
[    0.673286] rcu: Preemptible hierarchical RCU implementation.
[    0.673919] rcu: 	RCU lockdep checking is enabled.
[    0.674455] rcu: 	RCU restricting CPUs from NR_CPUS=8192 to nr_cpu_ids=2.
[    0.675218] 	Trampoline variant of Tasks RCU enabled.
[    0.675780] 	Rude variant of Tasks RCU enabled.
[    0.676283] 	Tracing variant of Tasks RCU enabled.
[    0.676811] rcu: RCU calculated value of scheduler-enlistment delay is 25 jiffies.
[    0.677645] rcu: Adjusting geometry for rcu_fanout_leaf=16, nr_cpu_ids=2
[    0.678516] Running RCU synchronous self tests
[    0.679023] RCU Tasks: Setting shift to 1 and lim to 1 rcu_task_cb_adjust=1 rcu_task_cpu_ids=2.
[    0.679982] RCU Tasks Rude: Setting shift to 1 and lim to 1 rcu_task_cb_adjust=1 rcu_task_cpu_ids=2.
[    0.680992] RCU Tasks Trace: Setting shift to 1 and lim to 1 rcu_task_cb_adjust=1 rcu_task_cpu_ids=2.
[    0.776317] NR_IRQS: 524544, nr_irqs: 440, preallocated irqs: 16
[    0.777721] rcu: srcu_init: Setting srcu_struct sizes based on contention.
[    0.788761] Console: colour VGA+ 80x25
[    0.789307] printk: legacy console [ttyS0] enabled
[    0.789307] printk: legacy console [ttyS0] enabled
[    0.790447] printk: legacy bootconsole [earlyser0] disabled
[    0.790447] printk: legacy bootconsole [earlyser0] disabled
[    0.791787] Lock dependency validator: Copyright (c) 2006 Red Hat, Inc., Ingo Molnar
[    0.792662] ... MAX_LOCKDEP_SUBCLASSES:  8
[    0.793147] ... MAX_LOCK_DEPTH:          48
[    0.793629] ... MAX_LOCKDEP_KEYS:        8192
[    0.794147] ... CLASSHASH_SIZE:          4096
[    0.794646] ... MAX_LOCKDEP_ENTRIES:     524288
[    0.795221] ... MAX_LOCKDEP_CHAINS:      524288
[    0.795741] ... CHAINHASH_SIZE:          262144
[    0.796261]  memory used by lock dependency info: 54145 kB
[    0.796882]  memory used for stack traces: 4224 kB
[    0.797433]  per task-struct memory footprint: 1920 bytes
[    0.798168] ACPI: Core revision 20250807
[    0.799211] clocksource: hpet: mask: 0xffffffff max_cycles: 0xffffffff, max_idle_ns: 19112604467 ns
[    0.800512] APIC: Switch to symmetric I/O mode setup
[    0.801350] x2apic enabled
[    0.802207] APIC: Switched APIC routing to: physical x2apic
[    0.802868] kvm-guest: APIC: send_IPI_mask() replaced with kvm_send_ipi_mask()
[    0.803722] kvm-guest: APIC: send_IPI_mask_allbutself() replaced with kvm_send_ipi_mask_allbutself()
[    0.804867] kvm-guest: setup PV IPIs
[    0.806710] ..TIMER: vector=0x30 apic1=0 pin1=2 apic2=-1 pin2=-1
[    0.807453] clocksource: tsc-early: mask: 0xffffffffffffffff max_cycles: 0x2b2c8ec87c7, max_idle_ns: 440795278598 ns
[    0.808772] Calibrating delay loop (skipped) preset value.. 5990.40 BogoMIPS (lpj=11980800)
[    0.809971] x86/cpu: User Mode Instruction Prevention (UMIP) activated
[    0.810897] Last level iTLB entries: 4KB 0, 2MB 0, 4MB 0
[    0.811531] Last level dTLB entries: 4KB 0, 2MB 0, 4MB 0, 1GB 0
[    0.812256] mitigations: Enabled attack vectors: user_kernel, user_user, guest_host, guest_guest, SMT mitigations: auto
[    0.812757] Speculative Store Bypass: Mitigation: Speculative Store Bypass disabled via prctl
[    0.813732] Spectre V2 : Mitigation: Enhanced / Automatic IBRS
[    0.814401] ITS: Mitigation: Aligned branch/return thunks
[    0.815019] Spectre V1 : Mitigation: usercopy/swapgs barriers and __user pointer sanitization
[    0.816746] Spectre V2 : WARNING: Unprivileged eBPF is enabled with eIBRS on, data leaks possible via Spectre v2 BHB attacks!
[    0.818014] Spectre V2 : Spectre v2 / PBRSB-eIBRS: Retire a single CALL on VMEXIT
[    0.818870] Spectre V2 : mitigation: Enabling conditional Indirect Branch Prediction Barrier
[    0.819829] active return thunk: its_return_thunk
[    0.820746] Spectre V2 : Spectre BHI mitigation: SW BHB clearing on syscall and VM exit
[    0.821699] x86/fpu: Supporting XSAVE feature 0x001: 'x87 floating point registers'
[    0.822610] x86/fpu: Supporting XSAVE feature 0x002: 'SSE registers'
[    0.823360] x86/fpu: Supporting XSAVE feature 0x004: 'AVX registers'
[    0.824103] x86/fpu: Supporting XSAVE feature 0x200: 'Protection Keys User registers'
[    0.824746] x86/fpu: xstate_offset[2]:  576, xstate_sizes[2]:  256
[    0.825469] x86/fpu: xstate_offset[9]:  832, xstate_sizes[9]:    8
[    0.826201] x86/fpu: Enabled xstate features 0x207, context size is 840 bytes, using 'compacted' format.
[    1.020697] Freeing SMP alternatives memory: 64K
[    1.020761] pid_max: default: 32768 minimum: 301
[    1.021785] Yama: becoming mindful.
[    1.022766] Mount-cache hash table entries: 4096 (order: 3, 32768 bytes, linear)
[    1.023650] Mountpoint-cache hash table entries: 4096 (order: 3, 32768 bytes, linear)
[    1.026976] Running RCU synchronous self tests
[    1.027529] Running RCU synchronous self tests
[    1.029045] smpboot: CPU0: Intel(R) Core(TM) Ultra 7 155H (family: 0x6, model: 0xaa, stepping: 0x4)
[    1.031570] Performance Events: unsupported CPU family 6 model 170 no PMU driver, software events only.
[    1.032740] signal: max sigframe size: 3632
[    1.033140] rcu: Hierarchical SRCU implementation.
[    1.033742] rcu: 	Max phase no-delay instances is 1000.
[    1.034793] Timer migration: 1 hierarchy levels; 8 children per group; 1 crossnode level
[    1.062576] NMI watchdog: Perf NMI watchdog permanently disabled
[    1.063630] smp: Bringing up secondary CPUs ...
[    1.065373] smpboot: x86: Booting SMP configuration:
[    1.066027] .... node  #0, CPUs:      #1
[    1.066234] smp: Brought up 1 node, 2 CPUs
[    1.066234] smpboot: Total of 2 processors activated (11980.80 BogoMIPS)
[    1.069555] Memory: 1538728K/2096632K available (80938K kernel code, 15557K rwdata, 18812K rodata, 16416K init, 70008K bss, 546452K reserved, 0K cma-reserved)
[    1.072801] devtmpfs: initialized
[    1.074175] x86/mm: Memory block size: 128MB
[    1.090475] Running RCU synchronous self tests
[    1.090475] Running RCU synchronous self tests
[    1.093347] Running RCU Tasks wait API self tests
[    1.093395] Running RCU Tasks Rude wait API self tests
[    1.093395] Running RCU Tasks Trace wait API self tests
[    1.112811] clocksource: jiffies: mask: 0xffffffff max_cycles: 0xffffffff, max_idle_ns: 7645041785100000 ns
[    1.114070] posixtimers hash table entries: 1024 (order: 5, 73728 bytes, linear)
[    1.116801] futex hash table entries: 512 (65536 bytes on 1 NUMA nodes, total 64 KiB, linear).
[    1.120299] 
[    1.120530] *************************************************************
[    1.120755] **     NOTICE NOTICE NOTICE NOTICE NOTICE NOTICE NOTICE    **
[    1.121537] **                                                         **
[    1.122324] **  IOMMU DebugFS SUPPORT HAS BEEN ENABLED IN THIS KERNEL  **
[    1.123102] **                                                         **
[    1.123889] ** This means that this kernel is built to expose internal **
[    1.124663] ** IOMMU data structures, which may compromise security on **
[    1.124757] ** your system.                                            **
[    1.125531] **                                                         **
[    1.126301] ** If you see this message and you are not debugging the   **
[    1.127076] ** kernel, report this immediately to your vendor!         **
[    1.127842] **                                                         **
[    1.128611] **     NOTICE NOTICE NOTICE NOTICE NOTICE NOTICE NOTICE    **
[    1.128751] *************************************************************
[    1.129643] PM: RTC time: 12:24:31, date: 2026-01-13
[    1.135129] NET: Registered PF_NETLINK/PF_ROUTE protocol family
[    1.138023] DMA: preallocated 256 KiB GFP_KERNEL pool for atomic allocations
[    1.138905] DMA: preallocated 256 KiB GFP_KERNEL|GFP_DMA pool for atomic allocations
[    1.139835] DMA: preallocated 256 KiB GFP_KERNEL|GFP_DMA32 pool for atomic allocations
[    1.140873] audit: initializing netlink subsys (disabled)
[    1.141580] audit: type=2000 audit(1768307071.707:1): state=initialized audit_enabled=0 res=1
[    1.142187] thermal_sys: Registered thermal governor 'fair_share'
[    1.142203] thermal_sys: Registered thermal governor 'bang_bang'
[    1.143540] thermal_sys: Registered thermal governor 'step_wise'
[    1.144762] thermal_sys: Registered thermal governor 'user_space'
[    1.148788] cpuidle: using governor ladder
[    1.150995] cpuidle: using governor menu
[    1.150995] Callback from call_rcu_tasks_trace() invoked.
[    1.150995] acpiphp: ACPI Hot Plug PCI Controller Driver version: 0.5
[    1.153562] PCI: Using configuration type 1 for base access
[    1.157352] kprobes: kprobe jump-optimization is enabled. All kprobes are optimized if possible.
[    1.317522] HugeTLB: registered 1.00 GiB page size, pre-allocated 0 pages
[    1.318476] HugeTLB: 16380 KiB vmemmap can be freed for a 1.00 GiB page
[    1.319325] HugeTLB: registered 2.00 MiB page size, pre-allocated 0 pages
[    1.320123] HugeTLB: 28 KiB vmemmap can be freed for a 2.00 MiB page
[    1.342419] ACPI: Added _OSI(Module Device)
[    1.343649] ACPI: Added _OSI(Processor Device)
[    1.344769] ACPI: Added _OSI(Processor Aggregator Device)
[    1.369213] ACPI: 1 ACPI AML tables successfully acquired and loaded
[    1.377990] ACPI: Interpreter enabled
[    1.378667] ACPI: PM: (supports S0 S3 S4 S5)
[    1.379183] ACPI: Using IOAPIC for interrupt routing
[    1.379959] PCI: Using host bridge windows from ACPI; if necessary, use "pci=nocrs" and report a bug
[    1.380751] PCI: Using E820 reservations for host bridge windows
[    1.383193] ACPI: Enabled 2 GPEs in block 00 to 0F
[    1.438310] ACPI: PCI Root Bridge [PCI0] (domain 0000 [bus 00-ff])
[    1.439142] acpi PNP0A03:00: _OSC: OS supports [ASPM ClockPM Segments MSI EDR HPX-Type3]
[    1.440105] acpi PNP0A03:00: _OSC: not requesting OS control; OS requires [ExtendedConfig ASPM ClockPM MSI]
[    1.440986] acpi PNP0A03:00: fail to add MMCONFIG information, can't access extended configuration space under this bridge
[    1.448792] acpiphp: Slot [3] registered
[    1.449466] acpiphp: Slot [4] registered
[    1.450138] acpiphp: Slot [5] registered
[    1.450795] acpiphp: Slot [6] registered
[    1.451475] acpiphp: Slot [7] registered
[    1.452138] acpiphp: Slot [8] registered
[    1.452791] acpiphp: Slot [9] registered
[    1.453452] acpiphp: Slot [10] registered
[    1.454145] acpiphp: Slot [11] registered
[    1.454813] acpiphp: Slot [12] registered
[    1.455466] acpiphp: Slot [13] registered
[    1.456137] acpiphp: Slot [14] registered
[    1.456824] acpiphp: Slot [15] registered
[    1.457478] acpiphp: Slot [16] registered
[    1.458138] acpiphp: Slot [17] registered
[    1.458810] acpiphp: Slot [18] registered
[    1.459494] acpiphp: Slot [19] registered
[    1.460162] acpiphp: Slot [20] registered
[    1.460834] acpiphp: Slot [21] registered
[    1.461497] acpiphp: Slot [22] registered
[    1.462194] acpiphp: Slot [23] registered
[    1.462856] acpiphp: Slot [24] registered
[    1.463507] acpiphp: Slot [25] registered
[    1.464158] acpiphp: Slot [26] registered
[    1.464850] acpiphp: Slot [27] registered
[    1.465507] acpiphp: Slot [28] registered
[    1.466172] acpiphp: Slot [29] registered
[    1.466846] acpiphp: Slot [30] registered
[    1.467546] acpiphp: Slot [31] registered
[    1.468155] PCI host bridge to bus 0000:00
[    1.468740] pci_bus 0000:00: root bus resource [io  0x0000-0x0cf7 window]
[    1.469551] pci_bus 0000:00: root bus resource [io  0x0d00-0xffff window]
[    1.470354] pci_bus 0000:00: root bus resource [mem 0x000a0000-0x000bffff window]
[    1.471230] pci_bus 0000:00: root bus resource [mem 0x80000000-0xfebfffff window]
[    1.472095] pci_bus 0000:00: root bus resource [mem 0x100000000-0x17fffffff window]
[    1.472759] pci_bus 0000:00: root bus resource [bus 00-ff]
[    1.473558] pci 0000:00:00.0: [8086:1237] type 00 class 0x060000 conventional PCI endpoint
[    1.489093] pci 0000:00:01.0: [8086:7000] type 00 class 0x060100 conventional PCI endpoint
[    1.494095] pci 0000:00:01.1: [8086:7010] type 00 class 0x010180 conventional PCI endpoint
[    1.496843] pci 0000:00:01.1: BAR 4 [io  0xc040-0xc04f]
[    1.498043] pci 0000:00:01.1: BAR 0 [io  0x01f0-0x01f7]: legacy IDE quirk
[    1.499459] pci 0000:00:01.1: BAR 1 [io  0x03f6]: legacy IDE quirk
[    1.500740] pci 0000:00:01.1: BAR 2 [io  0x0170-0x0177]: legacy IDE quirk
[    1.502146] pci 0000:00:01.1: BAR 3 [io  0x0376]: legacy IDE quirk
[    1.504765] pci 0000:00:01.3: [8086:7113] type 00 class 0x068000 conventional PCI endpoint
[    1.507280] pci 0000:00:01.3: quirk: [io  0x0600-0x063f] claimed by PIIX4 ACPI
[    1.508805] pci 0000:00:01.3: quirk: [io  0x0700-0x070f] claimed by PIIX4 SMB
[    1.511587] pci 0000:00:02.0: [1234:1111] type 00 class 0x030000 conventional PCI endpoint
[    1.520968] pci 0000:00:02.0: BAR 0 [mem 0xfd000000-0xfdffffff pref]
[    1.522557] pci 0000:00:02.0: BAR 2 [mem 0xfebf0000-0xfebf0fff]
[    1.523856] pci 0000:00:02.0: ROM [mem 0xfebe0000-0xfebeffff pref]
[    1.525524] pci 0000:00:02.0: Video device with shadowed ROM at [mem 0x000c0000-0x000dffff]
[    1.546147] pci 0000:00:03.0: [8086:100e] type 00 class 0x020000 conventional PCI endpoint
[    1.548123] pci 0000:00:03.0: BAR 0 [mem 0xfebc0000-0xfebdffff]
[    1.548765] pci 0000:00:03.0: BAR 1 [io  0xc000-0xc03f]
[    1.549462] pci 0000:00:03.0: ROM [mem 0xfeb80000-0xfebbffff pref]
[    1.582104] ACPI: PCI: Interrupt link LNKA configured for IRQ 10
[    1.584593] ACPI: PCI: Interrupt link LNKB configured for IRQ 10
[    1.586177] ACPI: PCI: Interrupt link LNKC configured for IRQ 11
[    1.588339] ACPI: PCI: Interrupt link LNKD configured for IRQ 11
[    1.589352] ACPI: PCI: Interrupt link LNKS configured for IRQ 9
[    1.596031] iommu: Default domain type: Translated
[    1.596687] iommu: DMA domain TLB invalidation policy: lazy mode
[    1.602184] SCSI subsystem initialized
[    1.604088] ACPI: bus type USB registered
[    1.605551] usbcore: registered new interface driver usbfs
[    1.606479] usbcore: registered new interface driver hub
[    1.607257] usbcore: registered new device driver usb
[    1.608581] pps_core: LinuxPPS API ver. 1 registered
[    1.608754] pps_core: Software ver. 5.3.6 - Copyright 2005-2007 Rodolfo Giometti <giometti@linux.it>
[    1.609944] PTP clock support registered
[    1.613196] EDAC MC: Ver: 3.0.0
[    1.621178] NetLabel: Initializing
[    1.621659] NetLabel:  domain hash size = 128
[    1.622205] NetLabel:  protocols = UNLABELED CIPSOv4 CALIPSO
[    1.623195] NetLabel:  unlabeled traffic allowed by default
[    1.625221] PCI: Using ACPI for IRQ routing
[    1.626566] pci 0000:00:02.0: vgaarb: setting as boot VGA device
[    1.627341] pci 0000:00:02.0: vgaarb: bridge control possible
[    1.628058] pci 0000:00:02.0: vgaarb: VGA device added: decodes=io+mem,owns=io+mem,locks=none
[    1.628823] vgaarb: loaded
[    1.630666] hpet0: at MMIO 0xfed00000, IRQs 2, 8, 0
[    1.631358] hpet0: 3 comparators, 64-bit 100.000000 MHz counter
[    1.638168] clocksource: Switched to clocksource kvm-clock
[    1.640156] VFS: Disk quotas dquot_6.6.0
[    1.640772] VFS: Dquot-cache hash table entries: 512 (order 0, 4096 bytes)
[    1.645114] pnp: PnP ACPI init
[    1.652515] pnp: PnP ACPI: found 6 devices
[    1.682808] clocksource: acpi_pm: mask: 0xffffff max_cycles: 0xffffff, max_idle_ns: 2085701024 ns
[    1.684827] NET: Registered PF_INET protocol family
[    1.686137] IP idents hash table entries: 32768 (order: 6, 262144 bytes, linear)
[    1.689792] tcp_listen_portaddr_hash hash table entries: 1024 (order: 5, 73728 bytes, linear)
[    1.691076] Table-perturb hash table entries: 65536 (order: 6, 262144 bytes, linear)
[    1.692311] TCP established hash table entries: 16384 (order: 5, 131072 bytes, linear)
[    1.694628] TCP bind hash table entries: 16384 (order: 10, 2359296 bytes, linear)
[    1.698931] TCP: Hash tables configured (established 16384 bind 16384)
[    1.700119] UDP hash table entries: 1024 (order: 6, 262144 bytes, linear)
[    1.701349] UDP-Lite hash table entries: 1024 (order: 6, 262144 bytes, linear)
[    1.703074] NET: Registered PF_UNIX/PF_LOCAL protocol family
[    1.705314] RPC: Registered named UNIX socket transport module.
[    1.706106] RPC: Registered udp transport module.
[    1.706745] RPC: Registered tcp transport module.
[    1.707359] RPC: Registered tcp-with-tls transport module.
[    1.708054] RPC: Registered tcp NFSv4.1 backchannel transport module.
[    1.708949] pci_bus 0000:00: resource 4 [io  0x0000-0x0cf7 window]
[    1.709736] pci_bus 0000:00: resource 5 [io  0x0d00-0xffff window]
[    1.710532] pci_bus 0000:00: resource 6 [mem 0x000a0000-0x000bffff window]
[    1.711395] pci_bus 0000:00: resource 7 [mem 0x80000000-0xfebfffff window]
[    1.712254] pci_bus 0000:00: resource 8 [mem 0x100000000-0x17fffffff window]
[    1.713676] pci 0000:00:01.0: PIIX3: Enabling Passive Release
[    1.714441] pci 0000:00:00.0: Limiting direct PCI/PCI transfers
[    1.715310] PCI: CLS 0 bytes, default 64
[    1.716061] ACPI: bus type thunderbolt registered
[    1.717458] clocksource: tsc: mask: 0xffffffffffffffff max_cycles: 0x2b2c8ec87c7, max_idle_ns: 440795278598 ns
[    5.039399] Initialise system trusted keyrings
[    5.040100] Key type blacklist registered
[    5.042919] workingset: timestamp_bits=36 max_order=19 bucket_order=0
[    5.052270] squashfs: version 4.0 (2009/01/31) Phillip Lougher
[    5.057867] NFS: Registering the id_resolver key type
[    5.058534] Key type id_resolver registered
[    5.059009] Key type id_legacy registered
[    5.059554] nfs4filelayout_init: NFSv4 File Layout Driver Registering...
[    5.060332] nfs4flexfilelayout_init: NFSv4 Flexfile Layout Driver Registering...
[    5.061926] fuse: init (API version 7.45)
[    5.063498] SGI XFS with ACLs, security attributes, realtime, quota, no debug enabled
[    5.066955] 9p: Installing v9fs 9p2000 file system support
[    5.085314] Key type asymmetric registered
[    5.085833] Asymmetric key parser 'x509' registered
[    5.086651] Block layer SCSI generic (bsg) driver version 0.4 loaded (major 241)
[    5.088363] io scheduler mq-deadline registered
[    5.090969] io scheduler bfq registered
[    5.092462] ledtrig-cpu: registered to indicate activity on CPUs
[    5.095426] IPMI message handler: version 39.2
[    5.096018] ipmi device interface
[    5.103827] input: Power Button as /devices/LNXSYSTM:00/LNXPWRBN:00/input/input0
[    5.105689] ACPI: button: Power Button [PWRF]
[    5.109612] ERST DBG: ERST support is disabled.
[    5.113222] Serial: 8250/16550 driver, 32 ports, IRQ sharing enabled
[    5.115812] 00:04: ttyS0 at I/O 0x3f8 (irq = 4, base_baud = 115200) is a 16550A
[    5.122443] Callback from call_rcu_tasks() invoked.
[    5.162755] Linux agpgart interface v0.103
[    5.171731] ACPI: bus type drm_connector registered
[    5.223776] brd: module loaded
[    5.254727] loop: module loaded
[    5.283123] scsi host0: ata_piix
[    5.286455] scsi host1: ata_piix
[    5.288082] ata1: PATA max MWDMA2 cmd 0x1f0 ctl 0x3f6 bmdma 0xc040 irq 14 lpm-pol 0
[    5.289487] ata2: PATA max MWDMA2 cmd 0x170 ctl 0x376 bmdma 0xc048 irq 15 lpm-pol 0
[    5.297006] tun: Universal TUN/TAP device driver, 1.6
[    5.298980] e100: Intel(R) PRO/100 Network Driver
[    5.299907] e100: Copyright(c) 1999-2006 Intel Corporation
[    5.301258] e1000: Intel(R) PRO/1000 Network Driver
[    5.302247] e1000: Copyright (c) 1999-2006 Intel Corporation.
[    5.446650] ata1: found unknown device (class 0)
[    5.448620] ata1.00: ATA-7: QEMU HARDDISK, 2.5+, max UDMA/100
[    5.449733] ata1.00: 17196647 sectors, multi 16: LBA48 
[    5.451210] ata2: found unknown device (class 0)
[    5.452623] ata2.00: ATAPI: QEMU DVD-ROM, 2.5+, max UDMA/100
[    5.454821] scsi 0:0:0:0: Direct-Access     ATA      QEMU HARDDISK    2.5+ PQ: 0 ANSI: 5
[    5.461134] sd 0:0:0:0: Attached scsi generic sg0 type 0
[    5.462488] sd 0:0:0:0: [sda] 17196647 512-byte logical blocks: (8.80 GB/8.20 GiB)
[    5.464812] sd 0:0:0:0: [sda] Write Protect is off
[    5.465619] scsi 1:0:0:0: CD-ROM            QEMU     QEMU DVD-ROM     2.5+ PQ: 0 ANSI: 5
[    5.467036] sd 0:0:0:0: [sda] Write cache: enabled, read cache: enabled, doesn't support DPO or FUA
[    5.469093] sd 0:0:0:0: [sda] Preferred minimum I/O size 512 bytes
[    5.488044] scsi 1:0:0:0: Attached scsi generic sg1 type 5
[    5.506611] sd 0:0:0:0: [sda] Attached SCSI disk
[    6.487224] ACPI: \_SB_.LNKC: Enabled at IRQ 11
[    6.815844] e1000 0000:00:03.0 eth0: (PCI:33MHz:32-bit) 52:54:00:12:34:56
[    6.816666] e1000 0000:00:03.0 eth0: Intel(R) PRO/1000 Network Connection
[    6.818400] e1000e: Intel(R) PRO/1000 Network Driver
[    6.818983] e1000e: Copyright(c) 1999 - 2015 Intel Corporation.
[    6.819905] igb: Intel(R) Gigabit Ethernet Network Driver
[    6.820509] igb: Copyright (c) 2007-2014 Intel Corporation.
[    6.821671] PPP generic driver version 2.4.2
[    6.823903] VFIO - User Level meta-driver version: 0.3
[    6.827501] usbcore: registered new interface driver uas
[    6.828316] usbcore: registered new interface driver usb-storage
[    6.829412] i8042: PNP: PS/2 Controller [PNP0303:KBD,PNP0f13:MOU] at 0x60,0x64 irq 1,12
[    6.831684] serio: i8042 KBD port at 0x60,0x64 irq 1
[    6.832399] serio: i8042 AUX port at 0x60,0x64 irq 12
[    6.834615] mousedev: PS/2 mouse device common for all mice
[    6.837577] input: AT Translated Set 2 keyboard as /devices/platform/i8042/serio0/input/input1
[    6.839166] rtc_cmos 00:05: RTC can wake from S4
[    6.843451] input: VirtualPS/2 VMware VMMouse as /devices/platform/i8042/serio1/input/input4
[    6.843843] rtc_cmos 00:05: registered as rtc0
[    6.845563] rtc_cmos 00:05: setting system clock to 2026-01-13T12:24:37 UTC (1768307077)
[    6.845842] input: VirtualPS/2 VMware VMMouse as /devices/platform/i8042/serio1/input/input3
[    6.848935] rtc_cmos 00:05: alarms up to one day, y3k, 242 bytes nvram, hpet irqs
[    6.850658] i2c_dev: i2c /dev entries driver
[    6.851884] device-mapper: core: CONFIG_IMA_DISABLE_HTABLE is disabled. Duplicate IMA measurements will not be recorded in the IMA log.
[    6.854423] device-mapper: uevent: version 1.0.3
[    6.856509] device-mapper: ioctl: 4.50.0-ioctl (2025-04-28) initialised: dm-devel@lists.linux.dev
[    6.860532] intel_pstate: CPU model not supported
[    6.862925] sdhci: Secure Digital Host Controller Interface driver
[    6.863685] sdhci: Copyright(c) Pierre Ossman
[    6.864518] sdhci-pltfm: SDHCI platform and OF driver helper
[    6.866133] drop_monitor: Initializing network drop monitor service
[    6.867509] NET: Registered PF_INET6 protocol family
[    6.871593] Segment Routing with IPv6
[    6.872165] In-situ OAM (IOAM) with IPv6
[    6.872734] NET: Registered PF_PACKET protocol family
[    6.873996] 9pnet: Installing 9P2000 support
[    6.875267] Key type dns_resolver registered
[    6.879585] IPI shorthand broadcast: enabled
[    6.972167] sched_clock: Marking stable (6952012250, 18199760)->(7021457840, -51245830)
[    6.975051] registered taskstats version 1
[    6.976340] Loading compiled-in X.509 certificates
[    7.078931] Demotion targets for Node 0: null
[    7.081664] Key type .fscrypt registered
[    7.082611] Key type fscrypt-provisioning registered
[    7.090283] Key type encrypted registered
[    7.090989] ima: No TPM chip found, activating TPM-bypass!
[    7.091705] ima: Allocated hash algorithm: sha1
[    7.092394] ima: No architecture policies found
[    7.093333] evm: Initialising EVM extended attributes:
[    7.094078] evm: security.selinux
[    7.094515] evm: security.SMACK64
[    7.094957] evm: security.SMACK64EXEC
[    7.095393] evm: security.SMACK64TRANSMUTE
[    7.095877] evm: security.SMACK64MMAP
[    7.096338] evm: security.apparmor
[    7.096747] evm: security.ima
[    7.097171] evm: security.capability
[    7.097647] evm: HMAC attrs: 0x1
[    7.101750] PM:   Magic number: 10:591:430
[    7.104001] RAS: Correctable Errors collector initialized.
[    7.106139] clk: Disabling unused clocks
[    7.107128] PM: genpd: Disabling unused power domains
[    7.109619] check access for rdinit=/init failed: -2, ignoring
[    7.110506] md: Waiting for all devices to be available before autodetect
[    7.111134] md: If you don't use raid, use raid=noautodetect
[    7.111617] md: Autodetecting RAID arrays.
[    7.111985] md: autorun ...
[    7.112228] md: ... autorun DONE.
[    7.124344] EXT4-fs (sda): INFO: recovery required on readonly filesystem
[    7.124947] EXT4-fs (sda): write access will be enabled during recovery
[    7.409482] EXT4-fs (sda): recovery complete
[    7.413496] EXT4-fs (sda): mounted filesystem 088740a9-c8b4-422c-999d-a804eb68a4da ro with ordered data mode. Quota mode: none.
[    7.414605] VFS: Mounted root (ext4 filesystem) readonly on device 8:0.
[    7.419693] devtmpfs: mounted
[    7.446908] Freeing unused decrypted memory: 2036K
[    7.460884] Freeing unused kernel image (initmem) memory: 16416K
[    7.461574] Write protecting the kernel read-only data: 102400k
[    7.465485] Freeing unused kernel image (text/rodata gap) memory: 980K
[    7.468356] Freeing unused kernel image (rodata/data gap) memory: 1668K
[    7.566071] x86/mm: Checked W+X mappings: passed, no W+X pages found.
[    7.566641] Run /sbin/init as init process
[    7.836938] systemd[1]: systemd 252-15.el9 running in system mode (+PAM +AUDIT +SELINUX -APPARMOR +IMA +SMACK +SECCOMP +GCRYPT +GNUTLS +OPENSSL +ACL +BLKID +CURL +ELFUTILS -FIDO2 +IDN2 -IDN -IPTC +KMOD +LIBCRYPTSETUP +LIBFDISK +PCRE2 -PWQUALITY +P11KIT -QRENCODE +TPM2 +BZIP2 +LZ4 +XZ +ZLIB +ZSTD -BPF_FRAMEWORK +XKBCOMMON +UTMP +SYSVINIT default-hierarchy=unified)
[    7.839397] systemd[1]: Detected virtualization kvm.
[    7.839811] systemd[1]: Detected architecture x86-64.

Welcome to [0;31mCentOS Stream 9[0m!

[    7.847343] systemd[1]: Hostname set to <test>.
[    8.168531] systemd-rc-local-generator[120]: /etc/rc.d/rc.local is not marked executable, skipping.
[    8.511029] systemd[1]: Queued start job for default target Multi-User System.
[    8.538653] systemd[1]: Created slice Virtual Machine and Container Slice.
[[0;32m  OK  [0m] Created slice [0;1;39mVirtual Machine and Container Slice[0m.
[    8.547411] systemd[1]: Created slice Slice /system/getty.
[[0;32m  OK  [0m] Created slice [0;1;39mSlice /system/getty[0m.
[    8.552939] systemd[1]: Created slice Slice /system/modprobe.
[[0;32m  OK  [0m] Created slice [0;1;39mSlice /system/modprobe[0m.
[    8.556733] systemd[1]: Created slice Slice /system/serial-getty.
[[0;32m  OK  [0m] Created slice [0;1;39mSlice /system/serial-getty[0m.
[    8.561535] systemd[1]: Created slice Slice /system/sshd-keygen.
[[0;32m  OK  [0m] Created slice [0;1;39mSlice /system/sshd-keygen[0m.
[    8.565513] systemd[1]: Created slice User and Session Slice.
[[0;32m  OK  [0m] Created slice [0;1;39mUser and Session Slice[0m.
[    8.567354] systemd[1]: Started Forward Password Requests to Wall Directory Watch.
[[0;32m  OK  [0m] Started [0;1;39mForward Password R…uests to Wall Directory Watch[0m.
[    8.570370] systemd[1]: Set up automount Arbitrary Executable File Formats File System Automount Point.
[[0;32m  OK  [0m] Set up automount [0;1;39mArbitrary…s File System Automount Point[0m.
[    8.572169] systemd[1]: Reached target Local Integrity Protected Volumes.
[[0;32m  OK  [0m] Reached target [0;1;39mLocal Integrity Protected Volumes[0m.
[    8.573569] systemd[1]: Reached target Slice Units.
[[0;32m  OK  [0m] Reached target [0;1;39mSlice Units[0m.
[    8.574650] systemd[1]: Reached target Swaps.
[[0;32m  OK  [0m] Reached target [0;1;39mSwaps[0m.
[    8.575640] systemd[1]: Reached target Local Verity Protected Volumes.
[[0;32m  OK  [0m] Reached target [0;1;39mLocal Verity Protected Volumes[0m.
[    8.577372] systemd[1]: Listening on Device-mapper event daemon FIFOs.
[[0;32m  OK  [0m] Listening on [0;1;39mDevice-mapper event daemon FIFOs[0m.
[    8.579436] systemd[1]: Listening on LVM2 poll daemon socket.
[[0;32m  OK  [0m] Listening on [0;1;39mLVM2 poll daemon socket[0m.
[    8.580856] systemd[1]: multipathd control socket was skipped because of an unmet condition check (ConditionPathExists=/etc/multipath.conf).
[    8.667912] systemd[1]: Listening on RPCbind Server Activation Socket.
[[0;32m  OK  [0m] Listening on [0;1;39mRPCbind Server Activation Socket[0m.
[    8.669929] systemd[1]: Reached target RPC Port Mapper.
[[0;32m  OK  [0m] Reached target [0;1;39mRPC Port Mapper[0m.
[    8.673930] systemd[1]: Listening on Process Core Dump Socket.
[[0;32m  OK  [0m] Listening on [0;1;39mProcess Core Dump Socket[0m.
[    8.675908] systemd[1]: Listening on initctl Compatibility Named Pipe.
[[0;32m  OK  [0m] Listening on [0;1;39minitctl Compatibility Named Pipe[0m.
[    8.678268] systemd[1]: Listening on Journal Socket (/dev/log).
[[0;32m  OK  [0m] Listening on [0;1;39mJournal Socket (/dev/log)[0m.
[    8.680750] systemd[1]: Listening on Journal Socket.
[[0;32m  OK  [0m] Listening on [0;1;39mJournal Socket[0m.
[    8.685624] systemd[1]: Listening on udev Control Socket.
[[0;32m  OK  [0m] Listening on [0;1;39mudev Control Socket[0m.
[    8.689029] systemd[1]: Listening on udev Kernel Socket.
[[0;32m  OK  [0m] Listening on [0;1;39mudev Kernel Socket[0m.
[    8.718773] systemd[1]: Mounting Huge Pages File System...
         Mounting [0;1;39mHuge Pages File System[0m...
[    8.730424] systemd[1]: Mounting POSIX Message Queue File System...
         Mounting [0;1;39mPOSIX Message Queue File System[0m...
[    8.750120] systemd[1]: Mounting Kernel Debug File System...
         Mounting [0;1;39mKernel Debug File System[0m...
[    8.762416] systemd[1]: Mounting Kernel Trace File System...
         Mounting [0;1;39mKernel Trace File System[0m...
[    8.764362] systemd[1]: Kernel Module supporting RPCSEC_GSS was skipped because of an unmet condition check (ConditionPathExists=/etc/krb5.keytab).
[    8.765510] systemd[1]: Create List of Static Device Nodes was skipped because of an unmet condition check (ConditionFileNotEmpty=/lib/modules/6.19.0-rc5-1e66a5b24834+/modules.devname).
[    8.780214] systemd[1]: Starting Monitoring of LVM2 mirrors, snapshots etc. using dmeventd or progress polling...
         Starting [0;1;39mMonitoring of LVM…meventd or progress polling[0m...
[    8.789793] systemd[1]: Starting Load Kernel Module configfs...
         Starting [0;1;39mLoad Kernel Module configfs[0m...
[    8.802470] systemd[1]: Starting Load Kernel Module drm...
         Starting [0;1;39mLoad Kernel Module drm[0m...
[    8.827105] systemd[1]: Starting Load Kernel Module fuse...
         Starting [0;1;39mLoad Kernel Module fuse[0m...
[    8.843947] systemd[1]: Starting Read and set NIS domainname from /etc/sysconfig/network...
         Starting [0;1;39mRead and set NIS …from /etc/sysconfig/network[0m...
[    8.891273] systemd[1]: Starting Journal Service...
         Starting [0;1;39mJournal Service[0m...
[    8.941490] systemd[1]: Starting Load Kernel Modules...
         Starting [0;1;39mLoad Kernel Modules[0m...
[    8.983883] systemd[1]: Starting Generate network units from Kernel command line...
         Starting [0;1;39mGenerate network …ts from Kernel command line[0m...
[    9.010977] systemd[1]: Starting Remount Root and Kernel File Systems...
         Starting [0;1;39mRemount Root and Kernel File Systems[0m...
[    9.022930] systemd[1]: Repartition Root Disk was skipped because no trigger condition checks were met.
[    9.050837] systemd[1]: Starting Coldplug All udev Devices...
         Starting [0;1;39mColdplug All udev Devices[0m...
[    9.100668] systemd[1]: Mounted Huge Pages File System.
[[0;32m  OK  [0m] Mounted [0;1;39mHuge Pages File System[0m.
[    9.121880] systemd[1]: Mounted POSIX Message Queue File System.
[[0;32m  OK  [0m] Mounted [0;1;39mPOSIX Message Queue File System[0m.
[    9.132895] systemd[1]: Mounted Kernel Debug File System.
[[0;32m  OK  [0m] Mounted [0;1;39mKernel Debug File System[0m.
[    9.139489] systemd[1]: Mounted Kernel Trace File System.
[[0;32m  OK  [0m] Mounted [0;1;39mKernel Trace File System[0m.
[    9.149617] systemd[1]: Finished Monitoring of LVM2 mirrors, snapshots etc. using dmeventd or progress polling.
[[0;32m  OK  [0m] Finished [0;1;39mMonitoring of LVM… dmeventd or progress polling[0m.
[    9.164990] systemd[1]: modprobe@configfs.service: Deactivated successfully.
[    9.172472] systemd[1]: Finished Load Kernel Module configfs.
[[0;32m  OK  [0m] Finished [0;1;39mLoad Kernel Module configfs[0m.
[    9.186613] systemd[1]: modprobe@drm.service: Deactivated successfully.
[    9.190745] systemd[1]: Finished Load Kernel Module drm.
[[0;32m  OK  [0m] Finished [0;1;39mLoad Kernel Module drm[0m.
[    9.194809] systemd[1]: Started Journal Service.
[[0;32m  OK  [0m] Started [0;1;39mJournal Service[0m.
[    9.202443] EXT4-fs (sda): re-mounted 088740a9-c8b4-422c-999d-a804eb68a4da r/w.
[[0;32m  OK  [0m] Finished [0;1;39mLoad Kernel Module fuse[0m.
[[0;32m  OK  [0m] Finished [0;1;39mRead and set NIS …e from /etc/sysconfig/network[0m.
[[0;1;31mFAILED[0m] Failed to start [0;1;39mLoad Kernel Modules[0m.
See 'systemctl status systemd-modules-load.service' for details.
[[0;32m  OK  [0m] Finished [0;1;39mGenerate network units from Kernel command line[0m.
[[0;32m  OK  [0m] Finished [0;1;39mRemount Root and Kernel File Systems[0m.
[[0;32m  OK  [0m] Reached target [0;1;39mPreparation for Network[0m.
         Mounting [0;1;39mFUSE Control File System[0m...
         Mounting [0;1;39mKernel Configuration File System[0m...
         Starting [0;1;39mFlush Journal to Persistent Storage[0m...
         Starting [0;1;39mLoad/Save Random Seed[0m...
         Starting [0;1;39mApply Kernel Variables[0m...
[    9.422355] systemd-journald[142]: Received client request to flush runtime journal.
         Starting [0;1;39mCreate Static Device Nodes in /dev[0m...
         Starting [0;1;39mSetup Virtual Console[0m...
[[0;32m  OK  [0m] Mounted [0;1;39mFUSE Control File System[0m.
[[0;32m  OK  [0m] Mounted [0;1;39mKernel Configuration File System[0m.
[[0;32m  OK  [0m] Finished [0;1;39mFlush Journal to Persistent Storage[0m.
[[0;32m  OK  [0m] Finished [0;1;39mLoad/Save Random Seed[0m.
[[0;32m  OK  [0m] Finished [0;1;39mApply Kernel Variables[0m.
[[0;32m  OK  [0m] Finished [0;1;39mCreate Static Device Nodes in /dev[0m.
         Starting [0;1;39mRule-based Manage…for Device Events and Files[0m...
[[0;32m  OK  [0m] Started [0;1;39mRule-based Manager for Device Events and Files[0m.
         Starting [0;1;39mAuto-connect to s…E devices found during boot[0m...
[[0;32m  OK  [0m] Finished [0;1;39mAuto-connect to s…VME devices found during boot[0m.
[[0;32m  OK  [0m] Finished [0;1;39mColdplug All udev Devices[0m.
         Starting [0;1;39mWait for udev To …plete Device Initialization[0m...
[[0;32m  OK  [0m] Finished [0;1;39mSetup Virtual Console[0m.
[[0;32m  OK  [0m] Started [0;1;39mDispatch Password …ts to Console Directory Watch[0m.
[[0;32m  OK  [0m] Reached target [0;1;39mLocal Encrypted Volumes[0m.
[[0;32m  OK  [0m] Reached target [0;1;39mPath Units[0m.
[[0;32m  OK  [0m] Found device [0;1;39m/dev/ttyS0[0m.
[[0;32m  OK  [0m] Listening on [0;1;39mLoad/Save RF …itch Status /dev/rfkill Watch[0m.
[[0;32m  OK  [0m] Finished [0;1;39mWait for udev To Complete Device Initialization[0m.
[[0;32m  OK  [0m] Reached target [0;1;39mPreparation for Local File Systems[0m.
[[0;32m  OK  [0m] Reached target [0;1;39mLocal File Systems[0m.
         Starting [0;1;39mTell Plymouth To Write Out Runtime Data[0m...
         Starting [0;1;39mAutomatic Boot Loader Update[0m...
         Starting [0;1;39mCreate Volatile Files and Directories[0m...
[[0;32m  OK  [0m] Finished [0;1;39mTell Plymouth To Write Out Runtime Data[0m.
[[0;32m  OK  [0m] Finished [0;1;39mAutomatic Boot Loader Update[0m.
[[0;32m  OK  [0m] Finished [0;1;39mCreate Volatile Files and Directories[0m.
         Mounting [0;1;39mRPC Pipe File System[0m...
         Starting [0;1;39mSecurity Auditing Service[0m...
         Starting [0;1;39mRPC Bind[0m...
[[0;32m  OK  [0m] Mounted [0;1;39mRPC Pipe File System[0m.
[[0;32m  OK  [0m] Reached target [0;1;39mrpc_pipefs.target[0m.
[[0;32m  OK  [0m] Started [0;1;39mRPC Bind[0m.
[[0;32m  OK  [0m] Started [0;1;39mSecurity Auditing Service[0m.
         Starting [0;1;39mRecord System Boot/Shutdown in UTMP[0m...
[[0;32m  OK  [0m] Finished [0;1;39mRecord System Boot/Shutdown in UTMP[0m.
[[0;32m  OK  [0m] Reached target [0;1;39mSystem Initialization[0m.
[[0;32m  OK  [0m] Started [0;1;39mDaily rotation of log files[0m.
[[0;32m  OK  [0m] Started [0;1;39mUpdates mlocate database every day[0m.
[[0;32m  OK  [0m] Started [0;1;39mDaily Cleanup of Temporary Directories[0m.
[[0;32m  OK  [0m] Started [0;1;39mdaily update of the root trust anchor for DNSSEC[0m.
[[0;32m  OK  [0m] Reached target [0;1;39mTimer Units[0m.
[[0;32m  OK  [0m] Listening on [0;1;39mD-Bus System Message Bus Socket[0m.
[[0;32m  OK  [0m] Listening on [0;1;39mOpen-iSCSI iscsid Socket[0m.
[[0;32m  OK  [0m] Listening on [0;1;39mOpen-iSCSI iscsiuio Socket[0m.
[[0;32m  OK  [0m] Listening on [0;1;39mSSSD Kerberos…ache Manager responder socket[0m.
[[0;32m  OK  [0m] Listening on [0;1;39mLibvirt interface local socket[0m.
[[0;32m  OK  [0m] Listening on [0;1;39mVirtual machine lock manager socket[0m.
[[0;32m  OK  [0m] Listening on [0;1;39mVirtual machine log manager socket[0m.
[[0;32m  OK  [0m] Listening on [0;1;39mLibvirt network local socket[0m.
[[0;32m  OK  [0m] Listening on [0;1;39mLibvirt nodedev local socket[0m.
[[0;32m  OK  [0m] Listening on [0;1;39mLibvirt nwfilter local socket[0m.
[[0;32m  OK  [0m] Listening on [0;1;39mLibvirt proxy local socket[0m.
[[0;32m  OK  [0m] Listening on [0;1;39mLibvirt qemu local socket[0m.
[[0;32m  OK  [0m] Listening on [0;1;39mLibvirt qemu admin socket[0m.
[[0;32m  OK  [0m] Listening on [0;1;39mLibvirt qemu local read-only socket[0m.
[[0;32m  OK  [0m] Listening on [0;1;39mLibvirt secret local socket[0m.
[[0;32m  OK  [0m] Listening on [0;1;39mLibvirt storage local socket[0m.
[[0;32m  OK  [0m] Reached target [0;1;39mSocket Units[0m.
         Starting [0;1;39mD-Bus System Message Bus[0m...
[[0;32m  OK  [0m] Started [0;1;39mD-Bus System Message Bus[0m.
[[0;32m  OK  [0m] Reached target [0;1;39mBasic System[0m.
         Starting [0;1;39mNetwork Manager[0m...
         Starting [0;1;39mNTP client/server[0m...
         Starting [0;1;39mRestore /run/initramfs on shutdown[0m...
[[0;32m  OK  [0m] Started [0;1;39mirqbalance daemon[0m.
[[0;32m  OK  [0m] Started [0;1;39mlibstoragemgmt plug-in server daemon[0m.
[[0;32m  OK  [0m] Started [0;1;39mMachine Check Exception Logging Daemon[0m.
[[0;32m  OK  [0m] Reached target [0;1;39msshd-keygen.target[0m.
[[0;32m  OK  [0m] Reached target [0;1;39mUser and Group Name Lookups[0m.
         Starting [0;1;39mUser Login Management[0m...
         Starting [0;1;39mVirtual Machine a…tainer Registration Service[0m...
[[0;32m  OK  [0m] Finished [0;1;39mRestore /run/initramfs on shutdown[0m.
         Starting [0;1;39mHostname Service[0m...
[[0;32m  OK  [0m] Started [0;1;39mVirtual Machine an…ontainer Registration Service[0m.
[[0;32m  OK  [0m] Started [0;1;39mNTP client/server[0m.
[[0;32m  OK  [0m] Started [0;1;39mUser Login Management[0m.
[[0;32m  OK  [0m] Started [0;1;39mHostname Service[0m.
         Starting [0;1;39mNetwork Manager Script Dispatcher Service[0m...
[[0;32m  OK  [0m] Started [0;1;39mNetwork Manager Script Dispatcher Service[0m.
[   13.774457] e1000: eth0 NIC Link is Up 1000 Mbps Full Duplex, Flow Control: RX
[[0;32m  OK  [0m] Started [0;1;39mNetwork Manager[0m.
[[0;32m  OK  [0m] Reached target [0;1;39mNetwork[0m.
[[0;32m  OK  [0m] Reached target [0;1;39mNetwork is Online[0m.
         Starting [0;1;39mGSSAPI Proxy Daemon[0m...
         Starting [0;1;39mNotify NFS peers of a restart[0m...
         Starting [0;1;39mSystem Logging Service[0m...
         Starting [0;1;39mOpenSSH server daemon[0m...
         Starting [0;1;39mDynamic System Tuning Daemon[0m...
[[0;32m  OK  [0m] Started [0;1;39mNotify NFS peers of a restart[0m.
[[0;32m  OK  [0m] Started [0;1;39mGSSAPI Proxy Daemon[0m.
[[0;32m  OK  [0m] Reached target [0;1;39mNFS client services[0m.
[[0;32m  OK  [0m] Reached target [0;1;39mPreparation for Remote File Systems[0m.
[[0;32m  OK  [0m] Reached target [0;1;39mRemote File Systems[0m.
         Starting [0;1;39mPermit User Sessions[0m...
         Starting [0;1;39mVirtualization qemu daemon[0m...
[[0;32m  OK  [0m] Started [0;1;39mOpenSSH server daemon[0m.
[[0;32m  OK  [0m] Finished [0;1;39mPermit User Sessions[0m.
[[0;32m  OK  [0m] Started [0;1;39mDeferred execution scheduler[0m.
[[0;32m  OK  [0m] Started [0;1;39mCommand Scheduler[0m.
         Starting [0;1;39mHold until boot process finishes up[0m...
         Starting [0;1;39mTerminate Plymouth Boot Screen[0m...
[[0;32m  OK  [0m] Finished [0;1;39mHold until boot process finishes up[0m.
[[0;32m  OK  [0m] Started [0;1;39mGetty on tty1[0m.
[[0;32m  OK  [0m] Started [0;1;39mSerial Getty on ttyS0[0m.
[[0;32m  OK  [0m] Reached target [0;1;39mLogin Prompts[0m.
[[0;32m  OK  [0m] Started [0;1;39mSystem Logging Service[0m.
[[0;32m  OK  [0m] Started [0;1;39mVirtualization qemu daemon[0m.
[[0;32m  OK  [0m] Finished [0;1;39mTerminate Plymouth Boot Screen[0m.
         Starting [0;1;39mAuthorization Manager[0m...
[[0;32m  OK  [0m] Started [0;1;39mAuthorization Manager[0m.
[[0;32m  OK  [0m] Started [0;1;39mDynamic System Tuning Daemon[0m.
[[0;32m  OK  [0m] Reached target [0;1;39mMulti-User System[0m.
         Starting [0;1;39mRecord Runlevel Change in UTMP[0m...
[[0;32m  OK  [0m] Finished [0;1;39mRecord Runlevel Change in UTMP[0m.

CentOS Stream 9
Kernel 6.19.0-rc5-1e66a5b24834+ on an x86_64

Activate the web console with: systemctl enable --now cockpit.socket

test login: [   25.989342] 
[   25.989540] =====================================
[   25.989966] WARNING: bad unlock balance detected!
[   25.990377] 6.19.0-rc5-1e66a5b24834+ #1 Not tainted
[   25.990799] -------------------------------------
[   25.991204] repro/1193 is trying to release lock (rcu_read_lock) at:
[   25.991752] [<ffffffff82126a2a>] __wait_on_freeing_inode+0x13a/0x3b0
[   25.992329] but there are no more locks to release!
[   25.992745] 
[   25.992745] other info that might help us debug this:
[   25.993294] 4 locks held by repro/1193:
[   25.993630]  #0: ffff888012e32408 (sb_writers#3){.+.+}-{0:0}, at: filename_create+0x122/0x460
[   25.994329]  #1: ffff888029c0d9f0 (&type->i_mutex_dir_key#3/1){+.+.}-{4:4}, at: filename_create+0x1e6/0x460
[   25.995171]  #2: ffff888012e30950 (jbd2_handle){++++}-{0:0}, at: start_this_handle+0x1042/0x1550
[   25.995944]  #3: ffffffff87416918 (inode_hash_lock){+.+.}-{3:3}, at: insert_inode_locked+0xf4/0x860
[   25.996727] 
[   25.996727] stack backtrace:
[   25.997115] CPU: 1 UID: 0 PID: 1193 Comm: repro Not tainted 6.19.0-rc5-1e66a5b24834+ #1 PREEMPT(voluntary) 
[   25.997129] Hardware name: QEMU Standard PC (i440FX + PIIX, 1996), BIOS rel-1.16.0-0-gd239552ce722-prebuilt.qemu.org 04/01/2014
[   25.997140] Call Trace:
[   25.997148]  <TASK>
[   25.997157]  dump_stack_lvl+0xea/0x150
[   25.997190]  ? __wait_on_freeing_inode+0x13a/0x3b0
[   25.997206]  dump_stack+0x19/0x20
[   25.997220]  print_unlock_imbalance_bug+0x121/0x140
[   25.997242]  ? __wait_on_freeing_inode+0x13a/0x3b0
[   25.997258]  lock_release+0x211/0x2a0
[   25.997280]  __wait_on_freeing_inode+0x13f/0x3b0
[   25.997296]  ? __pfx___wait_on_freeing_inode+0x10/0x10
[   25.997313]  ? do_raw_spin_lock+0x140/0x280
[   25.997325]  ? __pfx_var_wake_function+0x10/0x10
[   25.997350]  ? __this_cpu_preempt_check+0x21/0x30
[   25.997374]  ? lock_is_held_type+0xef/0x150
[   25.997392]  insert_inode_locked+0x26c/0x860
[   25.997412]  __ext4_new_inode+0x1c4a/0x5230
[   25.997439]  ? __pfx___ext4_new_inode+0x10/0x10
[   25.997453]  ? __pfx___dquot_initialize+0x10/0x10
[   25.997473]  ? ext4_get_dummy_policy+0x16/0x80
[   25.997485]  ? __pfx_ext4_get_dummy_policy+0x10/0x10
[   25.997501]  ext4_symlink+0x6c9/0xc70
[   25.997525]  ? __pfx_ext4_symlink+0x10/0x10
[   25.997539]  ? generic_permission+0xbf/0x800
[   25.997558]  ? __sanitizer_cov_trace_const_cmp4+0x1a/0x20
[   25.997579]  ? security_inode_permission+0xb8/0x220
[   25.997605]  ? inode_permission+0x39d/0x690
[   25.997621]  ? __sanitizer_cov_trace_const_cmp4+0x1a/0x20
[   25.997641]  vfs_symlink+0x459/0x850
[   25.997654]  do_symlinkat+0x3ae/0x510
[   25.997671]  ? __pfx_do_symlinkat+0x10/0x10
[   25.997686]  ? strncpy_from_user+0x198/0x290
[   25.997710]  ? __sanitizer_cov_trace_const_cmp4+0x1a/0x20
[   25.997723]  ? do_getname+0x19e/0x3e0
[   25.997739]  __x64_sys_symlink+0x83/0xa0
[   25.997756]  x64_sys_call+0x2d5/0x21b0
[   25.997774]  do_syscall_64+0x6d/0x1180
[   25.997792]  entry_SYSCALL_64_after_hwframe+0x76/0x7e
[   25.997803] RIP: 0033:0x7f9084e3eabb
[   25.997817] Code: f0 ff ff 73 01 c3 48 8b 0d 62 b3 1b 00 f7 d8 64 89 01 48 83 c8 ff c3 0f 1f 84 00 00 00 00 00 f3 0f 1e fa b8 58 00 00 00 0f 05 <48> 3d 01 f0 ff ff 73 01 c3 48 8b 0d 35 b3 1b 00 f7 d8 64 89 01 48
[   25.997828] RSP: 002b:00007fff48028f98 EFLAGS: 00000202 ORIG_RAX: 0000000000000058
[   25.997842] RAX: ffffffffffffffda RBX: 0000000000000000 RCX: 00007f9084e3eabb
[   25.997849] RDX: 0000000000000004 RSI: 0000000000402078 RDI: 0000000000402083
[   25.997855] RBP: 00007fff48028fa0 R08: 0000000000000000 R09: 00007fff48028a10
[   25.997862] R10: 00007f9084e14730 R11: 0000000000000202 R12: 00007fff48029118
[   25.997868] R13: 0000000000401bd7 R14: 0000000000403e08 R15: 00007f908507d000
[   25.997885]  </TASK>
[   26.018906] ------------[ cut here ]------------
[   26.019306] WARNING: kernel/rcu/tree_plugin.h:443 at __rcu_read_unlock+0x283/0x570, CPU#1: repro/1193
[   26.020091] Modules linked in:
[   26.020390] CPU: 1 UID: 0 PID: 1193 Comm: repro Not tainted 6.19.0-rc5-1e66a5b24834+ #1 PREEMPT(voluntary) 
[   26.021205] Hardware name: QEMU Standard PC (i440FX + PIIX, 1996), BIOS rel-1.16.0-0-gd239552ce722-prebuilt.qemu.org 04/01/2014
[   26.022165] RIP: 0010:__rcu_read_unlock+0x283/0x570
[   26.023981] Code: e4 0f 84 d5 00 00 00 bf 09 00 00 00 e8 96 c6 d9 ff 4d 85 f6 0f 84 6a fe ff ff e8 a8 2e 29 00 fb 0f 1f 44 00 00 e9 5a fe ff ff <0f> 0b 5b 41 5c 41 5d 41 5e 41 5f 5d e9 bc 44 81 04 e8 37 ce 8b 00
[   26.025519] RSP: 0018:ffff8880127ff918 EFLAGS: 00010286
[   26.025971] RAX: 00000000ffffffff RBX: ffff888018660000 RCX: ffffffff8167a493
[   26.027973] RDX: 0000000000000000 RSI: 0000000000000001 RDI: ffff88801866083c
[   26.028579] RBP: ffff8880127ff940 R08: 0000000000000000 R09: fffffbfff0eae558
[   26.029189] R10: 0000000080000001 R11: 6162206b63617473 R12: ffff888018660000
[   26.029798] R13: ffff888018660000 R14: 0000000000000001 R15: 0000000000000001
[   26.033328] FS:  00007f9085030740(0000) GS:ffff8880e31b8000(0000) knlGS:0000000000000000
[   26.034030] CS:  0010 DS: 0000 ES: 0000 CR0: 0000000080050033
[   26.036317] CR2: 000000000a2402d8 CR3: 0000000011a24002 CR4: 0000000000770ef0
[   26.036920] PKRU: 55555554
[   26.037166] Call Trace:
[   26.037390]  <TASK>
[   26.038013]  __wait_on_freeing_inode+0x144/0x3b0
[   26.039200]  ? __pfx___wait_on_freeing_inode+0x10/0x10
[   26.039645]  ? do_raw_spin_lock+0x140/0x280
[   26.040413]  ? __pfx_var_wake_function+0x10/0x10
[   26.041110]  ? __this_cpu_preempt_check+0x21/0x30
[   26.041675]  ? lock_is_held_type+0xef/0x150
[   26.042652]  insert_inode_locked+0x26c/0x860
[   26.043885]  __ext4_new_inode+0x1c4a/0x5230
[   26.045930]  ? __pfx___ext4_new_inode+0x10/0x10
[   26.046768]  ? __pfx___dquot_initialize+0x10/0x10
[   26.047975]  ? ext4_get_dummy_policy+0x16/0x80
[   26.048366]  ? __pfx_ext4_get_dummy_policy+0x10/0x10
[   26.049364]  ext4_symlink+0x6c9/0xc70
[   26.051250]  ? __pfx_ext4_symlink+0x10/0x10
[   26.051712]  ? generic_permission+0xbf/0x800
[   26.052448]  ? __sanitizer_cov_trace_const_cmp4+0x1a/0x20
[   26.053002]  ? security_inode_permission+0xb8/0x220
[   26.053714]  ? inode_permission+0x39d/0x690
[   26.054159]  ? __sanitizer_cov_trace_const_cmp4+0x1a/0x20
[   26.055265]  vfs_symlink+0x459/0x850
[   26.056281]  do_symlinkat+0x3ae/0x510
[   26.057169]  ? __pfx_do_symlinkat+0x10/0x10
[   26.057535]  ? strncpy_from_user+0x198/0x290
[   26.058443]  ? __sanitizer_cov_trace_const_cmp4+0x1a/0x20
[   26.058983]  ? do_getname+0x19e/0x3e0
[   26.059866]  __x64_sys_symlink+0x83/0xa0
[   26.060490]  x64_sys_call+0x2d5/0x21b0
[   26.060896]  do_syscall_64+0x6d/0x1180
[   26.061511]  entry_SYSCALL_64_after_hwframe+0x76/0x7e
[   26.061955] RIP: 0033:0x7f9084e3eabb
[   26.062383] Code: f0 ff ff 73 01 c3 48 8b 0d 62 b3 1b 00 f7 d8 64 89 01 48 83 c8 ff c3 0f 1f 84 00 00 00 00 00 f3 0f 1e fa b8 58 00 00 00 0f 05 <48> 3d 01 f0 ff ff 73 01 c3 48 8b 0d 35 b3 1b 00 f7 d8 64 89 01 48
[   26.063909] RSP: 002b:00007fff48028f98 EFLAGS: 00000202 ORIG_RAX: 0000000000000058
[   26.064559] RAX: ffffffffffffffda RBX: 0000000000000000 RCX: 00007f9084e3eabb
[   26.065176] RDX: 0000000000000004 RSI: 0000000000402078 RDI: 0000000000402083
[   26.065794] RBP: 00007fff48028fa0 R08: 0000000000000000 R09: 00007fff48028a10
[   26.066449] R10: 00007f9084e14730 R11: 0000000000000202 R12: 00007fff48029118
[   26.067049] R13: 0000000000401bd7 R14: 0000000000403e08 R15: 00007f908507d000
[   26.069246]  </TASK>
[   26.069455] irq event stamp: 227
[   26.069746] hardirqs last  enabled at (227): [<ffffffff85efc895>] _raw_spin_unlock_irqrestore+0x35/0x70
[   26.070577] hardirqs last disabled at (226): [<ffffffff85efc540>] _raw_spin_lock_irqsave+0x70/0x80
[   26.071319] softirqs last  enabled at (222): [<ffffffff8131b491>] kernel_fpu_end+0x71/0x90
[   26.072008] softirqs last disabled at (220): [<ffffffff8131cc5f>] kernel_fpu_begin_mask+0x1df/0x320
[   26.072769] ---[ end trace 0000000000000000 ]---
