c[?7l[2J[0mSeaBIOS (version rel-1.16.0-0-gd239552ce722-prebuilt.qemu.org)


iPXE (http://ipxe.org) 00:03.0 CA00 PCI2.10 PnP PMM+7FF91000+7FEF1000 CA00
Press Ctrl-B to configure iPXE (PCI 00:03.0)...                                                                               


Booting from ROM...
c[?7l[2J[    0.000000] Linux version 6.19.0-rc1-24a4f4e1608f+ (root@p-mtlp04) (gcc (GCC) 11.5.0 20240719 (Red Hat 11.5.0-14), GNU ld version 2.35.2-69.el9) #1 SMP PREEMPT_DYNAMIC Wed Jan 14 02:22:59 CST 2026
[    0.000000] Command line: console=ttyS0 root=/dev/sda earlyprintk=serial net.ifnames=0 plymouth.enable=0
[    0.000000] KERNEL supported cpus:
[    0.000000]   Intel GenuineIntel
[    0.000000]   AMD AuthenticAMD
[    0.000000]   Hygon HygonGenuine
[    0.000000]   Centaur CentaurHauls
[    0.000000]   zhaoxin   Shanghai  
[    0.000000] x86/split lock detection: #DB: warning on user-space bus_locks
[    0.000000] BIOS-provided physical RAM map:
[    0.000000] BIOS-e820: [mem 0x0000000000000000-0x000000000009fbff] usable
[    0.000000] BIOS-e820: [mem 0x000000000009fc00-0x000000000009ffff] reserved
[    0.000000] BIOS-e820: [mem 0x00000000000f0000-0x00000000000fffff] reserved
[    0.000000] BIOS-e820: [mem 0x0000000000100000-0x000000007ffdffff] usable
[    0.000000] BIOS-e820: [mem 0x000000007ffe0000-0x000000007fffffff] reserved
[    0.000000] BIOS-e820: [mem 0x00000000feffc000-0x00000000feffffff] reserved
[    0.000000] BIOS-e820: [mem 0x00000000fffc0000-0x00000000ffffffff] reserved
[    0.000000] printk: legacy bootconsole [earlyser0] enabled
[    0.000000] NX (Execute Disable) protection: active
[    0.000000] APIC: Static calls initialized
[    0.000000] SMBIOS 2.8 present.
[    0.000000] DMI: QEMU Standard PC (i440FX + PIIX, 1996), BIOS rel-1.16.0-0-gd239552ce722-prebuilt.qemu.org 04/01/2014
[    0.000000] DMI: Memory slots populated: 1/1
[    0.000000] Hypervisor detected: KVM
[    0.000000] last_pfn = 0x7ffe0 max_arch_pfn = 0x400000000
[    0.000000] kvm-clock: Using msrs 4b564d01 and 4b564d00
[    0.000004] kvm-clock: using sched offset of 1254059486 cycles
[    0.000562] clocksource: kvm-clock: mask: 0xffffffffffffffff max_cycles: 0x1cd42e4dffb, max_idle_ns: 881590591483 ns
[    0.002297] tsc: Detected 2995.200 MHz processor
[    0.011232] last_pfn = 0x7ffe0 max_arch_pfn = 0x400000000
[    0.011835] MTRR map: 4 entries (3 fixed + 1 variable; max 19), built from 8 variable MTRRs
[    0.012704] x86/PAT: Configuration [0-7]: WB  WC  UC- UC  WB  WP  UC- WT  
[    0.026788] found SMP MP-table at [mem 0x000f5ba0-0x000f5baf]
[    0.027456] Using GB pages for direct mapping
[    0.030326] ACPI: Early table checksum verification disabled
[    0.030938] ACPI: RSDP 0x00000000000F59C0 000014 (v00 BOCHS )
[    0.031578] ACPI: RSDT 0x000000007FFE1951 000034 (v01 BOCHS  BXPC     00000001 BXPC 00000001)
[    0.032505] ACPI: FACP 0x000000007FFE17FD 000074 (v01 BOCHS  BXPC     00000001 BXPC 00000001)
[    0.033436] ACPI: DSDT 0x000000007FFE0040 0017BD (v01 BOCHS  BXPC     00000001 BXPC 00000001)
[    0.034361] ACPI: FACS 0x000000007FFE0000 000040
[    0.034871] ACPI: APIC 0x000000007FFE1871 000080 (v01 BOCHS  BXPC     00000001 BXPC 00000001)
[    0.035802] ACPI: HPET 0x000000007FFE18F1 000038 (v01 BOCHS  BXPC     00000001 BXPC 00000001)
[    0.036728] ACPI: WAET 0x000000007FFE1929 000028 (v01 BOCHS  BXPC     00000001 BXPC 00000001)
[    0.037648] ACPI: Reserving FACP table memory at [mem 0x7ffe17fd-0x7ffe1870]
[    0.038402] ACPI: Reserving DSDT table memory at [mem 0x7ffe0040-0x7ffe17fc]
[    0.039161] ACPI: Reserving FACS table memory at [mem 0x7ffe0000-0x7ffe003f]
[    0.039921] ACPI: Reserving APIC table memory at [mem 0x7ffe1871-0x7ffe18f0]
[    0.040680] ACPI: Reserving HPET table memory at [mem 0x7ffe18f1-0x7ffe1928]
[    0.041438] ACPI: Reserving WAET table memory at [mem 0x7ffe1929-0x7ffe1950]
[    0.042850] No NUMA configuration found
[    0.043266] Faking a node at [mem 0x0000000000000000-0x000000007ffdffff]
[    0.044022] NODE_DATA(0) allocated [mem 0x7ffb4ec0-0x7ffdfcbf]
[    0.045316] Zone ranges:
[    0.045577]   DMA      [mem 0x0000000000001000-0x0000000000ffffff]
[    0.046202]   DMA32    [mem 0x0000000001000000-0x000000007ffdffff]
[    0.046848]   Normal   empty
[    0.047154]   Device   empty
[    0.047460] Movable zone start for each node
[    0.047913] Early memory node ranges
[    0.048284]   node   0: [mem 0x0000000000001000-0x000000000009efff]
[    0.048927]   node   0: [mem 0x0000000000100000-0x000000007ffdffff]
[    0.049555] Initmem setup node 0 [mem 0x0000000000001000-0x000000007ffdffff]
[    0.051276] On node 0, zone DMA: 1 pages in unavailable ranges
[    0.052250] On node 0, zone DMA: 97 pages in unavailable ranges
[    0.148949] On node 0, zone DMA32: 32 pages in unavailable ranges
[    0.523127] KernelAddressSanitizer initialized (generic)
[    0.524076] ACPI: PM-Timer IO Port: 0x608
[    0.524544] ACPI: LAPIC_NMI (acpi_id[0xff] dfl dfl lint[0x1])
[    0.525248] IOAPIC[0]: apic_id 0, version 17, address 0xfec00000, GSI 0-23
[    0.525996] ACPI: INT_SRC_OVR (bus 0 bus_irq 0 global_irq 2 dfl dfl)
[    0.526668] ACPI: INT_SRC_OVR (bus 0 bus_irq 5 global_irq 5 high level)
[    0.527361] ACPI: INT_SRC_OVR (bus 0 bus_irq 9 global_irq 9 high level)
[    0.528068] ACPI: INT_SRC_OVR (bus 0 bus_irq 10 global_irq 10 high level)
[    0.528780] ACPI: INT_SRC_OVR (bus 0 bus_irq 11 global_irq 11 high level)
[    0.529508] ACPI: Using ACPI (MADT) for SMP configuration information
[    0.530188] ACPI: HPET id: 0x8086a201 base: 0xfed00000
[    0.530743] TSC deadline timer available
[    0.531176] CPU topo: Max. logical packages:   1
[    0.531690] CPU topo: Max. logical dies:       1
[    0.532304] CPU topo: Max. dies per package:   1
[    0.532839] CPU topo: Max. threads per core:   1
[    0.533357] CPU topo: Num. cores per package:     2
[    0.533902] CPU topo: Num. threads per package:   2
[    0.534452] CPU topo: Allowing 2 present CPUs plus 0 hotplug CPUs
[    0.535201] kvm-guest: APIC: eoi() replaced with kvm_guest_apic_eoi_write()
[    0.536013] kvm-guest: KVM setup pv remote TLB flush
[    0.536545] kvm-guest: setup PV sched yield
[    0.537060] PM: hibernation: Registered nosave memory: [mem 0x00000000-0x00000fff]
[    0.537916] PM: hibernation: Registered nosave memory: [mem 0x0009f000-0x000fffff]
[    0.538812] [mem 0x80000000-0xfeffbfff] available for PCI devices
[    0.539453] Booting paravirtualized kernel on KVM
[    0.539965] clocksource: refined-jiffies: mask: 0xffffffff max_cycles: 0xffffffff, max_idle_ns: 7645519600211568 ns
[    0.541078] setup_percpu: NR_CPUS:8192 nr_cpumask_bits:2 nr_cpu_ids:2 nr_node_ids:1
[    0.543966] percpu: Embedded 81 pages/cpu s294912 r8192 d28672 u1048576
[    0.544911] kvm-guest: PV spinlocks enabled
[    0.545376] PV qspinlock hash table entries: 256 (order: 0, 4096 bytes, linear)
[    0.546172] Kernel command line: net.ifnames=0 console=ttyS0 root=/dev/sda earlyprintk=serial net.ifnames=0 plymouth.enable=0
[    0.547740] random: crng init done
[    0.548113] printk: log buffer data + meta data: 262144 + 917504 = 1179648 bytes
[    0.550658] Dentry cache hash table entries: 262144 (order: 9, 2097152 bytes, linear)
[    0.552594] Inode-cache hash table entries: 131072 (order: 8, 1048576 bytes, linear)
[    0.553847] Fallback order for Node 0: 0 
[    0.553862] Built 1 zonelists, mobility grouping on.  Total pages: 524158
[    0.554966] Policy zone: DMA32
[    0.555282] mem auto-init: stack:off, heap alloc:off, heap free:off
[    0.555910] stackdepot: allocating hash table via alloc_large_system_hash
[    0.556609] stackdepot hash table entries: 1048576 (order: 12, 16777216 bytes, linear)
[    0.571732] stackdepot: allocating space for 8192 stack pools via memblock
[    0.616939] SLUB: HWalign=64, Order=0-3, MinObjects=0, CPUs=2, Nodes=1
[    0.617654] kmemleak: Kernel memory leak detector disabled
[    0.658872] ftrace: allocating 75259 entries in 296 pages
[    0.659453] ftrace: allocated 296 pages with 3 groups
[    0.665180] Dynamic Preempt: voluntary
[    0.666281] Running RCU self tests
[    0.666632] Running RCU synchronous self tests
[    0.667081] rcu: Preemptible hierarchical RCU implementation.
[    0.667678] rcu: 	RCU lockdep checking is enabled.
[    0.668171] rcu: 	RCU restricting CPUs from NR_CPUS=8192 to nr_cpu_ids=2.
[    0.668870] 	Trampoline variant of Tasks RCU enabled.
[    0.669387] 	Rude variant of Tasks RCU enabled.
[    0.669854] 	Tracing variant of Tasks RCU enabled.
[    0.670347] rcu: RCU calculated value of scheduler-enlistment delay is 25 jiffies.
[    0.671125] rcu: Adjusting geometry for rcu_fanout_leaf=16, nr_cpu_ids=2
[    0.671940] Running RCU synchronous self tests
[    0.672397] RCU Tasks: Setting shift to 1 and lim to 1 rcu_task_cb_adjust=1 rcu_task_cpu_ids=2.
[    0.673275] RCU Tasks Rude: Setting shift to 1 and lim to 1 rcu_task_cb_adjust=1 rcu_task_cpu_ids=2.
[    0.674194] RCU Tasks Trace: Setting shift to 1 and lim to 1 rcu_task_cb_adjust=1 rcu_task_cpu_ids=2.
[    0.759593] NR_IRQS: 524544, nr_irqs: 440, preallocated irqs: 16
[    0.760869] rcu: srcu_init: Setting srcu_struct sizes based on contention.
[    0.770994] Console: colour VGA+ 80x25
[    0.771498] printk: legacy console [ttyS0] enabled
[    0.771498] printk: legacy console [ttyS0] enabled
[    0.772529] printk: legacy bootconsole [earlyser0] disabled
[    0.772529] printk: legacy bootconsole [earlyser0] disabled
[    0.773702] Lock dependency validator: Copyright (c) 2006 Red Hat, Inc., Ingo Molnar
[    0.774516] ... MAX_LOCKDEP_SUBCLASSES:  8
[    0.774957] ... MAX_LOCK_DEPTH:          48
[    0.775408] ... MAX_LOCKDEP_KEYS:        8192
[    0.775886] ... CLASSHASH_SIZE:          4096
[    0.776356] ... MAX_LOCKDEP_ENTRIES:     524288
[    0.776844] ... MAX_LOCKDEP_CHAINS:      524288
[    0.777329] ... CHAINHASH_SIZE:          262144
[    0.777813]  memory used by lock dependency info: 54145 kB
[    0.778395]  memory used for stack traces: 4224 kB
[    0.778906]  per task-struct memory footprint: 1920 bytes
[    0.779591] ACPI: Core revision 20250807
[    0.780522] clocksource: hpet: mask: 0xffffffff max_cycles: 0xffffffff, max_idle_ns: 19112604467 ns
[    0.781700] APIC: Switch to symmetric I/O mode setup
[    0.782453] x2apic enabled
[    0.783194] APIC: Switched APIC routing to: physical x2apic
[    0.783813] kvm-guest: APIC: send_IPI_mask() replaced with kvm_send_ipi_mask()
[    0.784598] kvm-guest: APIC: send_IPI_mask_allbutself() replaced with kvm_send_ipi_mask_allbutself()
[    0.785563] kvm-guest: setup PV IPIs
[    0.787335] ..TIMER: vector=0x30 apic1=0 pin1=2 apic2=-1 pin2=-1
[    0.788015] clocksource: tsc-early: mask: 0xffffffffffffffff max_cycles: 0x2b2c8ec87c7, max_idle_ns: 440795278598 ns
[    0.789121] Calibrating delay loop (skipped) preset value.. 5990.40 BogoMIPS (lpj=11980800)
[    0.793278] x86/cpu: User Mode Instruction Prevention (UMIP) activated
[    0.794078] Last level iTLB entries: 4KB 0, 2MB 0, 4MB 0
[    0.794654] Last level dTLB entries: 4KB 0, 2MB 0, 4MB 0, 1GB 0
[    0.795295] mitigations: Enabled attack vectors: user_kernel, user_user, guest_host, guest_guest, SMT mitigations: auto
[    0.796472] Speculative Store Bypass: Mitigation: Speculative Store Bypass disabled via prctl
[    0.797117] Spectre V2 : Mitigation: Enhanced / Automatic IBRS
[    0.797732] ITS: Mitigation: Aligned branch/return thunks
[    0.798308] Spectre V1 : Mitigation: usercopy/swapgs barriers and __user pointer sanitization
[    0.799170] Spectre V2 : WARNING: Unprivileged eBPF is enabled with eIBRS on, data leaks possible via Spectre v2 BHB attacks!
[    0.801118] Spectre V2 : Spectre v2 / PBRSB-eIBRS: Retire a single CALL on VMEXIT
[    0.801885] Spectre V2 : mitigation: Enabling conditional Indirect Branch Prediction Barrier
[    0.802771] active return thunk: its_return_thunk
[    0.803263] Spectre V2 : Spectre BHI mitigation: SW BHB clearing on syscall and VM exit
[    0.804091] x86/fpu: Supporting XSAVE feature 0x001: 'x87 floating point registers'
[    0.805115] x86/fpu: Supporting XSAVE feature 0x002: 'SSE registers'
[    0.805809] x86/fpu: Supporting XSAVE feature 0x004: 'AVX registers'
[    0.806506] x86/fpu: Supporting XSAVE feature 0x200: 'Protection Keys User registers'
[    0.807343] x86/fpu: xstate_offset[2]:  576, xstate_sizes[2]:  256
[    0.807978] x86/fpu: xstate_offset[9]:  832, xstate_sizes[9]:    8
[    0.808612] x86/fpu: Enabled xstate features 0x207, context size is 840 bytes, using 'compacted' format.
[    0.993175] Freeing SMP alternatives memory: 64K
[    0.993730] pid_max: default: 32768 minimum: 301
[    0.994726] Yama: becoming mindful.
[    0.995658] Mount-cache hash table entries: 4096 (order: 3, 32768 bytes, linear)
[    0.996472] Mountpoint-cache hash table entries: 4096 (order: 3, 32768 bytes, linear)
[    0.999430] Running RCU synchronous self tests
[    0.999923] Running RCU synchronous self tests
[    1.001189] smpboot: CPU0: Intel(R) Core(TM) Ultra 7 155H (family: 0x6, model: 0xaa, stepping: 0x4)
[    1.003536] Performance Events: unsupported CPU family 6 model 170 no PMU driver, software events only.
[    1.004652] signal: max sigframe size: 3632
[    1.005317] rcu: Hierarchical SRCU implementation.
[    1.005840] rcu: 	Max phase no-delay instances is 1000.
[    1.006761] Timer migration: 1 hierarchy levels; 8 children per group; 1 crossnode level
[    1.033314] NMI watchdog: Perf NMI watchdog permanently disabled
[    1.034293] smp: Bringing up secondary CPUs ...
[    1.036508] smpboot: x86: Booting SMP configuration:
[    1.037103] .... node  #0, CPUs:      #1
[    1.038072] smp: Brought up 1 node, 2 CPUs
[    1.038152] smpboot: Total of 2 processors activated (11980.80 BogoMIPS)
[    1.041954] Memory: 1538728K/2096632K available (80926K kernel code, 15557K rwdata, 18816K rodata, 16412K init, 70012K bss, 546452K reserved, 0K cma-reserved)
[    1.045164] devtmpfs: initialized
[    1.046508] x86/mm: Memory block size: 128MB
[    1.066120] Running RCU synchronous self tests
[    1.068208] Running RCU synchronous self tests
[    1.069242] Running RCU Tasks wait API self tests
[    1.069713] Running RCU Tasks Rude wait API self tests
[    1.073117] Running RCU Tasks Trace wait API self tests
[    1.093239] clocksource: jiffies: mask: 0xffffffff max_cycles: 0xffffffff, max_idle_ns: 7645041785100000 ns
[    1.097315] posixtimers hash table entries: 1024 (order: 5, 73728 bytes, linear)
[    1.101237] futex hash table entries: 512 (65536 bytes on 1 NUMA nodes, total 64 KiB, linear).
[    1.110483] 
[    1.111212] *************************************************************
[    1.113141] **     NOTICE NOTICE NOTICE NOTICE NOTICE NOTICE NOTICE    **
[    1.116186] **                                                         **
[    1.117126] **  IOMMU DebugFS SUPPORT HAS BEEN ENABLED IN THIS KERNEL  **
[    1.118814] **                                                         **
[    1.120180] ** This means that this kernel is built to expose internal **
[    1.121118] ** IOMMU data structures, which may compromise security on **
[    1.122479] ** your system.                                            **
[    1.123847] **                                                         **
[    1.125120] ** If you see this message and you are not debugging the   **
[    1.125158] Callback from call_rcu_tasks_trace() invoked.
[    1.126477] ** kernel, report this immediately to your vendor!         **
[    1.126485] **                                                         **
[    1.129122] **     NOTICE NOTICE NOTICE NOTICE NOTICE NOTICE NOTICE    **
[    1.130519] *************************************************************
[    1.132081] PM: RTC time: 18:28:55, date: 2026-01-13
[    1.145397] NET: Registered PF_NETLINK/PF_ROUTE protocol family
[    1.152076] DMA: preallocated 256 KiB GFP_KERNEL pool for atomic allocations
[    1.153211] DMA: preallocated 256 KiB GFP_KERNEL|GFP_DMA pool for atomic allocations
[    1.154879] DMA: preallocated 256 KiB GFP_KERNEL|GFP_DMA32 pool for atomic allocations
[    1.156713] audit: initializing netlink subsys (disabled)
[    1.157523] audit: type=2000 audit(1768328935.632:1): state=initialized audit_enabled=0 res=1
[    1.159909] thermal_sys: Registered thermal governor 'fair_share'
[    1.159927] thermal_sys: Registered thermal governor 'bang_bang'
[    1.161128] thermal_sys: Registered thermal governor 'step_wise'
[    1.163267] thermal_sys: Registered thermal governor 'user_space'
[    1.165278] cpuidle: using governor ladder
[    1.169143] cpuidle: using governor menu
[    1.169642] acpiphp: ACPI Hot Plug PCI Controller Driver version: 0.5
[    1.172654] PCI: Using configuration type 1 for base access
[    1.173809] kprobes: kprobe jump-optimization is enabled. All kprobes are optimized if possible.
[    1.281632] Callback from call_rcu_tasks() invoked.
[    1.339796] HugeTLB: registered 1.00 GiB page size, pre-allocated 0 pages
[    1.340665] HugeTLB: 16380 KiB vmemmap can be freed for a 1.00 GiB page
[    1.341119] HugeTLB: registered 2.00 MiB page size, pre-allocated 0 pages
[    1.341957] HugeTLB: 28 KiB vmemmap can be freed for a 2.00 MiB page
[    1.361766] ACPI: Added _OSI(Module Device)
[    1.362273] ACPI: Added _OSI(Processor Device)
[    1.362773] ACPI: Added _OSI(Processor Aggregator Device)
[    1.384240] ACPI: 1 ACPI AML tables successfully acquired and loaded
[    1.407149] ACPI: Interpreter enabled
[    1.408513] ACPI: PM: (supports S0 S3 S4 S5)
[    1.409129] ACPI: Using IOAPIC for interrupt routing
[    1.410461] PCI: Using host bridge windows from ACPI; if necessary, use "pci=nocrs" and report a bug
[    1.412312] PCI: Using E820 reservations for host bridge windows
[    1.419475] ACPI: Enabled 2 GPEs in block 00 to 0F
[    1.498769] ACPI: PCI Root Bridge [PCI0] (domain 0000 [bus 00-ff])
[    1.500218] acpi PNP0A03:00: _OSC: OS supports [ASPM ClockPM Segments MSI EDR HPX-Type3]
[    1.501128] acpi PNP0A03:00: _OSC: not requesting OS control; OS requires [ExtendedConfig ASPM ClockPM MSI]
[    1.503510] acpi PNP0A03:00: fail to add MMCONFIG information, can't access extended configuration space under this bridge
[    1.521167] acpiphp: Slot [3] registered
[    1.522643] acpiphp: Slot [4] registered
[    1.523832] acpiphp: Slot [5] registered
[    1.525013] acpiphp: Slot [6] registered
[    1.525404] acpiphp: Slot [7] registered
[    1.526529] acpiphp: Slot [8] registered
[    1.527729] acpiphp: Slot [9] registered
[    1.528901] acpiphp: Slot [10] registered
[    1.529402] acpiphp: Slot [11] registered
[    1.530548] acpiphp: Slot [12] registered
[    1.531770] acpiphp: Slot [13] registered
[    1.532923] acpiphp: Slot [14] registered
[    1.533436] acpiphp: Slot [15] registered
[    1.534580] acpiphp: Slot [16] registered
[    1.535782] acpiphp: Slot [17] registered
[    1.536921] acpiphp: Slot [18] registered
[    1.541410] acpiphp: Slot [19] registered
[    1.542585] acpiphp: Slot [20] registered
[    1.543809] acpiphp: Slot [21] registered
[    1.544956] acpiphp: Slot [22] registered
[    1.545432] acpiphp: Slot [23] registered
[    1.546579] acpiphp: Slot [24] registered
[    1.547802] acpiphp: Slot [25] registered
[    1.548935] acpiphp: Slot [26] registered
[    1.549445] acpiphp: Slot [27] registered
[    1.550597] acpiphp: Slot [28] registered
[    1.551789] acpiphp: Slot [29] registered
[    1.552986] acpiphp: Slot [30] registered
[    1.553424] acpiphp: Slot [31] registered
[    1.554473] PCI host bridge to bus 0000:00
[    1.555514] pci_bus 0000:00: root bus resource [io  0x0000-0x0cf7 window]
[    1.557001] pci_bus 0000:00: root bus resource [io  0x0d00-0xffff window]
[    1.557131] pci_bus 0000:00: root bus resource [mem 0x000a0000-0x000bffff window]
[    1.558743] pci_bus 0000:00: root bus resource [mem 0x80000000-0xfebfffff window]
[    1.560345] pci_bus 0000:00: root bus resource [mem 0x100000000-0x17fffffff window]
[    1.565132] pci_bus 0000:00: root bus resource [bus 00-ff]
[    1.566609] pci 0000:00:00.0: [8086:1237] type 00 class 0x060000 conventional PCI endpoint
[    1.588019] pci 0000:00:01.0: [8086:7000] type 00 class 0x060100 conventional PCI endpoint
[    1.592154] pci 0000:00:01.1: [8086:7010] type 00 class 0x010180 conventional PCI endpoint
[    1.594206] pci 0000:00:01.1: BAR 4 [io  0xc040-0xc04f]
[    1.595415] pci 0000:00:01.1: BAR 0 [io  0x01f0-0x01f7]: legacy IDE quirk
[    1.596908] pci 0000:00:01.1: BAR 1 [io  0x03f6]: legacy IDE quirk
[    1.597131] pci 0000:00:01.1: BAR 2 [io  0x0170-0x0177]: legacy IDE quirk
[    1.598594] pci 0000:00:01.1: BAR 3 [io  0x0376]: legacy IDE quirk
[    1.601104] pci 0000:00:01.3: [8086:7113] type 00 class 0x068000 conventional PCI endpoint
[    1.603631] pci 0000:00:01.3: quirk: [io  0x0600-0x063f] claimed by PIIX4 ACPI
[    1.605157] pci 0000:00:01.3: quirk: [io  0x0700-0x070f] claimed by PIIX4 SMB
[    1.607911] pci 0000:00:02.0: [1234:1111] type 00 class 0x030000 conventional PCI endpoint
[    1.638661] pci 0000:00:02.0: BAR 0 [mem 0xfd000000-0xfdffffff pref]
[    1.640332] pci 0000:00:02.0: BAR 2 [mem 0xfebf0000-0xfebf0fff]
[    1.641193] pci 0000:00:02.0: ROM [mem 0xfebe0000-0xfebeffff pref]
[    1.644474] pci 0000:00:02.0: Video device with shadowed ROM at [mem 0x000c0000-0x000dffff]
[    1.668507] pci 0000:00:03.0: [8086:100e] type 00 class 0x020000 conventional PCI endpoint
[    1.682057] pci 0000:00:03.0: BAR 0 [mem 0xfebc0000-0xfebdffff]
[    1.683354] pci 0000:00:03.0: BAR 1 [io  0xc000-0xc03f]
[    1.684551] pci 0000:00:03.0: ROM [mem 0xfeb80000-0xfebbffff pref]
[    1.732637] ACPI: PCI: Interrupt link LNKA configured for IRQ 10
[    1.735422] ACPI: PCI: Interrupt link LNKB configured for IRQ 10
[    1.738642] ACPI: PCI: Interrupt link LNKC configured for IRQ 11
[    1.741956] ACPI: PCI: Interrupt link LNKD configured for IRQ 11
[    1.744099] ACPI: PCI: Interrupt link LNKS configured for IRQ 9
[    1.753903] iommu: Default domain type: Translated
[    1.754996] iommu: DMA domain TLB invalidation policy: lazy mode
[    1.765972] SCSI subsystem initialized
[    1.770438] ACPI: bus type USB registered
[    1.772076] usbcore: registered new interface driver usbfs
[    1.773454] usbcore: registered new interface driver hub
[    1.774837] usbcore: registered new device driver usb
[    1.777079] pps_core: LinuxPPS API ver. 1 registered
[    1.777121] pps_core: Software ver. 5.3.6 - Copyright 2005-2007 Rodolfo Giometti <giometti@linux.it>
[    1.779192] PTP clock support registered
[    1.781356] EDAC MC: Ver: 3.0.0
[    1.795536] NetLabel: Initializing
[    1.796310] NetLabel:  domain hash size = 128
[    1.801121] NetLabel:  protocols = UNLABELED CIPSOv4 CALIPSO
[    1.802808] NetLabel:  unlabeled traffic allowed by default
[    1.805893] PCI: Using ACPI for IRQ routing
[    1.807916] pci 0000:00:02.0: vgaarb: setting as boot VGA device
[    1.809104] pci 0000:00:02.0: vgaarb: bridge control possible
[    1.809104] pci 0000:00:02.0: vgaarb: VGA device added: decodes=io+mem,owns=io+mem,locks=none
[    1.809125] vgaarb: loaded
[    1.815490] hpet0: at MMIO 0xfed00000, IRQs 2, 8, 0
[    1.816535] hpet0: 3 comparators, 64-bit 100.000000 MHz counter
[    1.821784] clocksource: Switched to clocksource kvm-clock
[    4.744812] VFS: Disk quotas dquot_6.6.0
[    4.747087] VFS: Dquot-cache hash table entries: 512 (order 0, 4096 bytes)
[    4.750458] pnp: PnP ACPI init
[    4.756474] pnp: PnP ACPI: found 6 devices
[    4.788807] clocksource: acpi_pm: mask: 0xffffff max_cycles: 0xffffff, max_idle_ns: 2085701024 ns
[    4.790385] NET: Registered PF_INET protocol family
[    4.791255] IP idents hash table entries: 32768 (order: 6, 262144 bytes, linear)
[    4.794236] tcp_listen_portaddr_hash hash table entries: 1024 (order: 5, 73728 bytes, linear)
[    4.795216] Table-perturb hash table entries: 65536 (order: 6, 262144 bytes, linear)
[    4.796128] TCP established hash table entries: 16384 (order: 5, 131072 bytes, linear)
[    4.797488] TCP bind hash table entries: 16384 (order: 10, 2359296 bytes, linear)
[    4.801057] TCP: Hash tables configured (established 16384 bind 16384)
[    4.801999] UDP hash table entries: 1024 (order: 6, 262144 bytes, linear)
[    4.802924] UDP-Lite hash table entries: 1024 (order: 6, 262144 bytes, linear)
[    4.804353] NET: Registered PF_UNIX/PF_LOCAL protocol family
[    4.806726] RPC: Registered named UNIX socket transport module.
[    4.807426] RPC: Registered udp transport module.
[    4.808001] RPC: Registered tcp transport module.
[    4.808538] RPC: Registered tcp-with-tls transport module.
[    4.809102] RPC: Registered tcp NFSv4.1 backchannel transport module.
[    4.809817] pci_bus 0000:00: resource 4 [io  0x0000-0x0cf7 window]
[    4.810460] pci_bus 0000:00: resource 5 [io  0x0d00-0xffff window]
[    4.811109] pci_bus 0000:00: resource 6 [mem 0x000a0000-0x000bffff window]
[    4.811864] pci_bus 0000:00: resource 7 [mem 0x80000000-0xfebfffff window]
[    4.812601] pci_bus 0000:00: resource 8 [mem 0x100000000-0x17fffffff window]
[    4.813758] pci 0000:00:01.0: PIIX3: Enabling Passive Release
[    4.814367] pci 0000:00:00.0: Limiting direct PCI/PCI transfers
[    4.815102] PCI: CLS 0 bytes, default 64
[    4.815733] ACPI: bus type thunderbolt registered
[    4.816947] clocksource: tsc: mask: 0xffffffffffffffff max_cycles: 0x2b2c8ec87c7, max_idle_ns: 440795278598 ns
[    4.826496] Initialise system trusted keyrings
[    4.827143] Key type blacklist registered
[    4.828273] workingset: timestamp_bits=36 max_order=19 bucket_order=0
[    4.833866] squashfs: version 4.0 (2009/01/31) Phillip Lougher
[    4.838989] NFS: Registering the id_resolver key type
[    4.839901] Key type id_resolver registered
[    4.840356] Key type id_legacy registered
[    4.840861] nfs4filelayout_init: NFSv4 File Layout Driver Registering...
[    4.841616] nfs4flexfilelayout_init: NFSv4 Flexfile Layout Driver Registering...
[    4.842851] fuse: init (API version 7.45)
[    4.844249] SGI XFS with ACLs, security attributes, realtime, quota, no debug enabled
[    4.846974] 9p: Installing v9fs 9p2000 file system support
[    4.864049] Key type asymmetric registered
[    4.864554] Asymmetric key parser 'x509' registered
[    4.865340] Block layer SCSI generic (bsg) driver version 0.4 loaded (major 241)
[    4.866641] io scheduler mq-deadline registered
[    4.867305] io scheduler bfq registered
[    4.868451] ledtrig-cpu: registered to indicate activity on CPUs
[    4.871225] IPMI message handler: version 39.2
[    4.871867] ipmi device interface
[    4.874874] input: Power Button as /devices/LNXSYSTM:00/LNXPWRBN:00/input/input0
[    4.876429] ACPI: button: Power Button [PWRF]
[    4.878924] ERST DBG: ERST support is disabled.
[    4.881560] Serial: 8250/16550 driver, 32 ports, IRQ sharing enabled
[    4.885058] 00:04: ttyS0 at I/O 0x3f8 (irq = 4, base_baud = 115200) is a 16550A
[    4.937570] Linux agpgart interface v0.103
[    4.941719] ACPI: bus type drm_connector registered
[    4.974780] brd: module loaded
[    4.999294] loop: module loaded
[    5.013096] scsi host0: ata_piix
[    5.015013] scsi host1: ata_piix
[    5.016070] ata1: PATA max MWDMA2 cmd 0x1f0 ctl 0x3f6 bmdma 0xc040 irq 14 lpm-pol 0
[    5.016899] ata2: PATA max MWDMA2 cmd 0x170 ctl 0x376 bmdma 0xc048 irq 15 lpm-pol 0
[    5.021872] tun: Universal TUN/TAP device driver, 1.6
[    5.023034] e100: Intel(R) PRO/100 Network Driver
[    5.023585] e100: Copyright(c) 1999-2006 Intel Corporation
[    5.024343] e1000: Intel(R) PRO/1000 Network Driver
[    5.024858] e1000: Copyright (c) 1999-2006 Intel Corporation.
[    5.171883] ata1: found unknown device (class 0)
[    5.173935] ata1.00: ATA-7: QEMU HARDDISK, 2.5+, max UDMA/100
[    5.175091] ata1.00: 17196647 sectors, multi 16: LBA48 
[    5.176681] ata2: found unknown device (class 0)
[    5.180068] ata2.00: ATAPI: QEMU DVD-ROM, 2.5+, max UDMA/100
[    5.181370] scsi 0:0:0:0: Direct-Access     ATA      QEMU HARDDISK    2.5+ PQ: 0 ANSI: 5
[    5.188346] sd 0:0:0:0: Attached scsi generic sg0 type 0
[    5.190103] sd 0:0:0:0: [sda] 17196647 512-byte logical blocks: (8.80 GB/8.20 GiB)
[    5.192308] sd 0:0:0:0: [sda] Write Protect is off
[    5.193558] sd 0:0:0:0: [sda] Write cache: enabled, read cache: enabled, doesn't support DPO or FUA
[    5.195618] scsi 1:0:0:0: CD-ROM            QEMU     QEMU DVD-ROM     2.5+ PQ: 0 ANSI: 5
[    5.195711] sd 0:0:0:0: [sda] Preferred minimum I/O size 512 bytes
[    5.218424] scsi 1:0:0:0: Attached scsi generic sg1 type 5
[    5.224355] sd 0:0:0:0: [sda] Attached SCSI disk
[    6.015754] ACPI: \_SB_.LNKC: Enabled at IRQ 11
[    6.341770] e1000 0000:00:03.0 eth0: (PCI:33MHz:32-bit) 52:54:00:12:34:56
[    6.342618] e1000 0000:00:03.0 eth0: Intel(R) PRO/1000 Network Connection
[    6.343706] e1000e: Intel(R) PRO/1000 Network Driver
[    6.344278] e1000e: Copyright(c) 1999 - 2015 Intel Corporation.
[    6.345192] igb: Intel(R) Gigabit Ethernet Network Driver
[    6.345805] igb: Copyright (c) 2007-2014 Intel Corporation.
[    6.346959] PPP generic driver version 2.4.2
[    6.349036] VFIO - User Level meta-driver version: 0.3
[    6.352566] usbcore: registered new interface driver uas
[    6.353372] usbcore: registered new interface driver usb-storage
[    6.354502] i8042: PNP: PS/2 Controller [PNP0303:KBD,PNP0f13:MOU] at 0x60,0x64 irq 1,12
[    6.356786] serio: i8042 KBD port at 0x60,0x64 irq 1
[    6.357484] serio: i8042 AUX port at 0x60,0x64 irq 12
[    6.359922] mousedev: PS/2 mouse device common for all mice
[    6.363135] rtc_cmos 00:05: RTC can wake from S4
[    6.365387] input: AT Translated Set 2 keyboard as /devices/platform/i8042/serio0/input/input1
[    6.368357] input: VirtualPS/2 VMware VMMouse as /devices/platform/i8042/serio1/input/input4
[    6.369252] rtc_cmos 00:05: registered as rtc0
[    6.369924] rtc_cmos 00:05: setting system clock to 2026-01-13T18:29:00 UTC (1768328940)
[    6.371242] input: VirtualPS/2 VMware VMMouse as /devices/platform/i8042/serio1/input/input3
[    6.373370] rtc_cmos 00:05: alarms up to one day, y3k, 242 bytes nvram, hpet irqs
[    6.375086] i2c_dev: i2c /dev entries driver
[    6.376664] device-mapper: core: CONFIG_IMA_DISABLE_HTABLE is disabled. Duplicate IMA measurements will not be recorded in the IMA log.
[    6.379794] device-mapper: uevent: version 1.0.3
[    6.382283] device-mapper: ioctl: 4.50.0-ioctl (2025-04-28) initialised: dm-devel@lists.linux.dev
[    6.384169] intel_pstate: CPU model not supported
[    6.385577] sdhci: Secure Digital Host Controller Interface driver
[    6.386288] sdhci: Copyright(c) Pierre Ossman
[    6.387119] sdhci-pltfm: SDHCI platform and OF driver helper
[    6.388693] drop_monitor: Initializing network drop monitor service
[    6.389981] NET: Registered PF_INET6 protocol family
[    6.393766] Segment Routing with IPv6
[    6.394310] In-situ OAM (IOAM) with IPv6
[    6.394856] NET: Registered PF_PACKET protocol family
[    6.396066] 9pnet: Installing 9P2000 support
[    6.397134] Key type dns_resolver registered
[    6.401185] IPI shorthand broadcast: enabled
[    6.473771] sched_clock: Marking stable (6452007864, 19517711)->(6495470364, -23944789)
[    6.476193] registered taskstats version 1
[    6.477516] Loading compiled-in X.509 certificates
[    6.569754] Demotion targets for Node 0: null
[    6.572438] Key type .fscrypt registered
[    6.573285] Key type fscrypt-provisioning registered
[    6.582668] Key type encrypted registered
[    6.583576] ima: No TPM chip found, activating TPM-bypass!
[    6.584207] ima: Allocated hash algorithm: sha1
[    6.584806] ima: No architecture policies found
[    6.585543] evm: Initialising EVM extended attributes:
[    6.586109] evm: security.selinux
[    6.586475] evm: security.SMACK64
[    6.586840] evm: security.SMACK64EXEC
[    6.587241] evm: security.SMACK64TRANSMUTE
[    6.587719] evm: security.SMACK64MMAP
[    6.588124] evm: security.apparmor
[    6.588498] evm: security.ima
[    6.588826] evm: security.capability
[    6.589219] evm: HMAC attrs: 0x1
[    6.592702] PM:   Magic number: 10:780:493
[    6.594814] RAS: Correctable Errors collector initialized.
[    6.597063] clk: Disabling unused clocks
[    6.598359] PM: genpd: Disabling unused power domains
[    6.600854] check access for rdinit=/init failed: -2, ignoring
[    6.601675] md: Waiting for all devices to be available before autodetect
[    6.602591] md: If you don't use raid, use raid=noautodetect
[    6.603383] md: Autodetecting RAID arrays.
[    6.604087] md: autorun ...
[    6.604505] md: ... autorun DONE.
[    6.615005] EXT4-fs (sda): INFO: recovery required on readonly filesystem
[    6.615635] EXT4-fs (sda): write access will be enabled during recovery
[    6.828937] EXT4-fs (sda): recovery complete
[    6.832304] EXT4-fs (sda): mounted filesystem 088740a9-c8b4-422c-999d-a804eb68a4da ro with ordered data mode. Quota mode: none.
[    6.834114] VFS: Mounted root (ext4 filesystem) readonly on device 8:0.
[    6.838506] devtmpfs: mounted
[    6.864527] Freeing unused decrypted memory: 2036K
[    6.878397] Freeing unused kernel image (initmem) memory: 16412K
[    6.879123] Write protecting the kernel read-only data: 102400k
[    6.882670] Freeing unused kernel image (text/rodata gap) memory: 992K
[    6.885330] Freeing unused kernel image (rodata/data gap) memory: 1664K
[    6.985105] x86/mm: Checked W+X mappings: passed, no W+X pages found.
[    6.985651] Run /sbin/init as init process
[    7.233290] systemd[1]: systemd 252-15.el9 running in system mode (+PAM +AUDIT +SELINUX -APPARMOR +IMA +SMACK +SECCOMP +GCRYPT +GNUTLS +OPENSSL +ACL +BLKID +CURL +ELFUTILS -FIDO2 +IDN2 -IDN -IPTC +KMOD +LIBCRYPTSETUP +LIBFDISK +PCRE2 -PWQUALITY +P11KIT -QRENCODE +TPM2 +BZIP2 +LZ4 +XZ +ZLIB +ZSTD -BPF_FRAMEWORK +XKBCOMMON +UTMP +SYSVINIT default-hierarchy=unified)
[    7.235887] systemd[1]: Detected virtualization kvm.
[    7.236313] systemd[1]: Detected architecture x86-64.

Welcome to [0;31mCentOS Stream 9[0m!

[    7.242912] systemd[1]: Hostname set to <test>.
[    7.581385] systemd-rc-local-generator[116]: /etc/rc.d/rc.local is not marked executable, skipping.
[    7.970783] systemd[1]: Queued start job for default target Multi-User System.
[    7.996200] systemd[1]: Created slice Virtual Machine and Container Slice.
[[0;32m  OK  [0m] Created slice [0;1;39mVirtual Machine and Container Slice[0m.
[    8.003506] systemd[1]: Created slice Slice /system/getty.
[[0;32m  OK  [0m] Created slice [0;1;39mSlice /system/getty[0m.
[    8.007383] systemd[1]: Created slice Slice /system/modprobe.
[[0;32m  OK  [0m] Created slice [0;1;39mSlice /system/modprobe[0m.
[    8.011487] systemd[1]: Created slice Slice /system/serial-getty.
[[0;32m  OK  [0m] Created slice [0;1;39mSlice /system/serial-getty[0m.
[    8.015503] systemd[1]: Created slice Slice /system/sshd-keygen.
[[0;32m  OK  [0m] Created slice [0;1;39mSlice /system/sshd-keygen[0m.
[    8.019121] systemd[1]: Created slice User and Session Slice.
[[0;32m  OK  [0m] Created slice [0;1;39mUser and Session Slice[0m.
[    8.021118] systemd[1]: Started Forward Password Requests to Wall Directory Watch.
[[0;32m  OK  [0m] Started [0;1;39mForward Password R…uests to Wall Directory Watch[0m.
[    8.024101] systemd[1]: Set up automount Arbitrary Executable File Formats File System Automount Point.
[[0;32m  OK  [0m] Set up automount [0;1;39mArbitrary…s File System Automount Point[0m.
[    8.025981] systemd[1]: Reached target Local Integrity Protected Volumes.
[[0;32m  OK  [0m] Reached target [0;1;39mLocal Integrity Protected Volumes[0m.
[    8.027566] systemd[1]: Reached target Slice Units.
[[0;32m  OK  [0m] Reached target [0;1;39mSlice Units[0m.
[    8.028786] systemd[1]: Reached target Swaps.
[[0;32m  OK  [0m] Reached target [0;1;39mSwaps[0m.
[    8.029931] systemd[1]: Reached target Local Verity Protected Volumes.
[[0;32m  OK  [0m] Reached target [0;1;39mLocal Verity Protected Volumes[0m.
[    8.031940] systemd[1]: Listening on Device-mapper event daemon FIFOs.
[[0;32m  OK  [0m] Listening on [0;1;39mDevice-mapper event daemon FIFOs[0m.
[    8.034303] systemd[1]: Listening on LVM2 poll daemon socket.
[[0;32m  OK  [0m] Listening on [0;1;39mLVM2 poll daemon socket[0m.
[    8.036105] systemd[1]: multipathd control socket was skipped because of an unmet condition check (ConditionPathExists=/etc/multipath.conf).
[    8.101094] systemd[1]: Listening on RPCbind Server Activation Socket.
[[0;32m  OK  [0m] Listening on [0;1;39mRPCbind Server Activation Socket[0m.
[    8.103494] systemd[1]: Reached target RPC Port Mapper.
[[0;32m  OK  [0m] Reached target [0;1;39mRPC Port Mapper[0m.
[    8.109457] systemd[1]: Listening on Process Core Dump Socket.
[[0;32m  OK  [0m] Listening on [0;1;39mProcess Core Dump Socket[0m.
[    8.111631] systemd[1]: Listening on initctl Compatibility Named Pipe.
[[0;32m  OK  [0m] Listening on [0;1;39minitctl Compatibility Named Pipe[0m.
[    8.114877] systemd[1]: Listening on Journal Socket (/dev/log).
[[0;32m  OK  [0m] Listening on [0;1;39mJournal Socket (/dev/log)[0m.
[    8.117830] systemd[1]: Listening on Journal Socket.
[[0;32m  OK  [0m] Listening on [0;1;39mJournal Socket[0m.
[    8.120754] systemd[1]: Listening on udev Control Socket.
[[0;32m  OK  [0m] Listening on [0;1;39mudev Control Socket[0m.
[    8.123133] systemd[1]: Listening on udev Kernel Socket.
[[0;32m  OK  [0m] Listening on [0;1;39mudev Kernel Socket[0m.
[    8.144294] systemd[1]: Mounting Huge Pages File System...
         Mounting [0;1;39mHuge Pages File System[0m...
[    8.158997] systemd[1]: Mounting POSIX Message Queue File System...
         Mounting [0;1;39mPOSIX Message Queue File System[0m...
[    8.167782] systemd[1]: Mounting Kernel Debug File System...
         Mounting [0;1;39mKernel Debug File System[0m...
[    8.183797] systemd[1]: Mounting Kernel Trace File System...
         Mounting [0;1;39mKernel Trace File System[0m...
[    8.185280] systemd[1]: Kernel Module supporting RPCSEC_GSS was skipped because of an unmet condition check (ConditionPathExists=/etc/krb5.keytab).
[    8.186404] systemd[1]: Create List of Static Device Nodes was skipped because of an unmet condition check (ConditionFileNotEmpty=/lib/modules/6.19.0-rc1-24a4f4e1608f+/modules.devname).
[    8.196515] systemd[1]: Starting Monitoring of LVM2 mirrors, snapshots etc. using dmeventd or progress polling...
         Starting [0;1;39mMonitoring of LVM…meventd or progress polling[0m...
[    8.210555] systemd[1]: Starting Load Kernel Module configfs...
         Starting [0;1;39mLoad Kernel Module configfs[0m...
[    8.221009] systemd[1]: Starting Load Kernel Module drm...
         Starting [0;1;39mLoad Kernel Module drm[0m...
[    8.252264] systemd[1]: Starting Load Kernel Module fuse...
         Starting [0;1;39mLoad Kernel Module fuse[0m...
[    8.268994] systemd[1]: Starting Read and set NIS domainname from /etc/sysconfig/network...
         Starting [0;1;39mRead and set NIS …from /etc/sysconfig/network[0m...
[    8.289553] systemd[1]: Starting Journal Service...
         Starting [0;1;39mJournal Service[0m...
[    8.311312] systemd[1]: Starting Load Kernel Modules...
         Starting [0;1;39mLoad Kernel Modules[0m...
[    8.331307] systemd[1]: Starting Generate network units from Kernel command line...
         Starting [0;1;39mGenerate network …ts from Kernel command line[0m...
[    8.361690] systemd[1]: Starting Remount Root and Kernel File Systems...
         Starting [0;1;39mRemount Root and Kernel File Systems[0m...
[    8.371975] systemd[1]: Repartition Root Disk was skipped because no trigger condition checks were met.
[    8.397841] systemd[1]: Starting Coldplug All udev Devices...
         Starting [0;1;39mColdplug All udev Devices[0m...
[    8.419349] systemd[1]: Mounted Huge Pages File System.
[[0;32m  OK  [0m] Mounted [0;1;39mHuge Pages File System[0m.
[    8.428217] systemd[1]: Mounted POSIX Message Queue File System.
[[0;32m  OK  [0m] Mounted [0;1;39mPOSIX Message Queue File System[0m.
[    8.429997] systemd[1]: Mounted Kernel Debug File System.
[[0;32m  OK  [0m] Mounted [0;1;39mKernel Debug File System[0m.
[    8.436214] systemd[1]: Mounted Kernel Trace File System.
[[0;32m  OK  [0m] Mounted [0;1;39mKernel Trace File System[0m.
[    8.439206] systemd[1]: Finished Monitoring of LVM2 mirrors, snapshots etc. using dmeventd or progress polling.
[[0;32m  OK  [0m] Finished [0;1;39mMonitoring of LVM… dmeventd or progress polling[0m.
[    8.446746] systemd[1]: modprobe@configfs.service: Deactivated successfully.
[    8.451775] systemd[1]: Finished Load Kernel Module configfs.
[[0;32m  OK  [0m] Finished [0;1;39mLoad Kernel Module configfs[0m.
[    8.461850] EXT4-fs (sda): re-mounted 088740a9-c8b4-422c-999d-a804eb68a4da r/w.
[    8.462957] systemd[1]: modprobe@drm.service: Deactivated successfully.
[    8.466455] systemd[1]: Finished Load Kernel Module drm.
[[0;32m  OK  [0m] Finished [0;1;39mLoad Kernel Module drm[0m.
[    8.492141] systemd[1]: modprobe@fuse.service: Deactivated successfully.
[    8.495988] systemd[1]: Finished Load Kernel Module fuse.
[[0;32m  OK  [0m] Finished [0;1;39mLoad Kernel Module fuse[0m.
[    8.508611] systemd[1]: Finished Read and set NIS domainname from /etc/sysconfig/network.
[[0;32m  OK  [0m] Finished [0;1;39mRead and set NIS …e from /etc/sysconfig/network[0m.
[    8.512306] systemd[1]: systemd-modules-load.service: Main process exited, code=exited, status=1/FAILURE
[    8.513996] systemd[1]: systemd-modules-load.service: Failed with result 'exit-code'.
[    8.527159] systemd[1]: Failed to start Load Kernel Modules.
[[0;1;31mFAILED[0m] Failed to start [0;1;39mLoad Kernel Modules[0m.
See 'systemctl status systemd-modules-load.service' for details.
[    8.529750] systemd[1]: Started Journal Service.
[[0;32m  OK  [0m] Started [0;1;39mJournal Service[0m.
[[0;32m  OK  [0m] Finished [0;1;39mGenerate network units from Kernel command line[0m.
[[0;32m  OK  [0m] Finished [0;1;39mRemount Root and Kernel File Systems[0m.
[[0;32m  OK  [0m] Reached target [0;1;39mPreparation for Network[0m.
         Mounting [0;1;39mFUSE Control File System[0m...
         Mounting [0;1;39mKernel Configuration File System[0m...
         Starting [0;1;39mFlush Journal to Persistent Storage[0m...
         Starting [0;1;39mLoad/Save Random Seed[0m...
[    8.660303] systemd-journald[143]: Received client request to flush runtime journal.
         Starting [0;1;39mApply Kernel Variables[0m...
         Starting [0;1;39mCreate Static Device Nodes in /dev[0m...
         Starting [0;1;39mSetup Virtual Console[0m...
[[0;32m  OK  [0m] Mounted [0;1;39mFUSE Control File System[0m.
[[0;32m  OK  [0m] Mounted [0;1;39mKernel Configuration File System[0m.
[[0;32m  OK  [0m] Finished [0;1;39mFlush Journal to Persistent Storage[0m.
[[0;32m  OK  [0m] Finished [0;1;39mLoad/Save Random Seed[0m.
[[0;32m  OK  [0m] Finished [0;1;39mApply Kernel Variables[0m.
[[0;32m  OK  [0m] Finished [0;1;39mCreate Static Device Nodes in /dev[0m.
         Starting [0;1;39mRule-based Manage…for Device Events and Files[0m...
[[0;32m  OK  [0m] Started [0;1;39mRule-based Manager for Device Events and Files[0m.
         Starting [0;1;39mAuto-connect to s…E devices found during boot[0m...
[[0;32m  OK  [0m] Finished [0;1;39mAuto-connect to s…VME devices found during boot[0m.
[[0;32m  OK  [0m] Finished [0;1;39mSetup Virtual Console[0m.
[[0;32m  OK  [0m] Finished [0;1;39mColdplug All udev Devices[0m.
[[0;32m  OK  [0m] Started [0;1;39mDispatch Password …ts to Console Directory Watch[0m.
[[0;32m  OK  [0m] Reached target [0;1;39mLocal Encrypted Volumes[0m.
[[0;32m  OK  [0m] Reached target [0;1;39mPath Units[0m.
         Starting [0;1;39mWait for udev To …plete Device Initialization[0m...
[[0;32m  OK  [0m] Found device [0;1;39m/dev/ttyS0[0m.
[[0;32m  OK  [0m] Listening on [0;1;39mLoad/Save RF …itch Status /dev/rfkill Watch[0m.
[[0;32m  OK  [0m] Finished [0;1;39mWait for udev To Complete Device Initialization[0m.
[[0;32m  OK  [0m] Reached target [0;1;39mPreparation for Local File Systems[0m.
[[0;32m  OK  [0m] Reached target [0;1;39mLocal File Systems[0m.
         Starting [0;1;39mTell Plymouth To Write Out Runtime Data[0m...
         Starting [0;1;39mAutomatic Boot Loader Update[0m...
         Starting [0;1;39mCreate Volatile Files and Directories[0m...
[[0;32m  OK  [0m] Finished [0;1;39mTell Plymouth To Write Out Runtime Data[0m.
[[0;32m  OK  [0m] Finished [0;1;39mAutomatic Boot Loader Update[0m.
[[0;32m  OK  [0m] Finished [0;1;39mCreate Volatile Files and Directories[0m.
         Mounting [0;1;39mRPC Pipe File System[0m...
         Starting [0;1;39mSecurity Auditing Service[0m...
         Starting [0;1;39mRPC Bind[0m...
[[0;32m  OK  [0m] Mounted [0;1;39mRPC Pipe File System[0m.
[[0;32m  OK  [0m] Reached target [0;1;39mrpc_pipefs.target[0m.
[[0;32m  OK  [0m] Started [0;1;39mRPC Bind[0m.
[[0;32m  OK  [0m] Started [0;1;39mSecurity Auditing Service[0m.
         Starting [0;1;39mRecord System Boot/Shutdown in UTMP[0m...
[[0;32m  OK  [0m] Finished [0;1;39mRecord System Boot/Shutdown in UTMP[0m.
[[0;32m  OK  [0m] Reached target [0;1;39mSystem Initialization[0m.
[[0;32m  OK  [0m] Started [0;1;39mDaily rotation of log files[0m.
[[0;32m  OK  [0m] Started [0;1;39mUpdates mlocate database every day[0m.
[[0;32m  OK  [0m] Started [0;1;39mDaily Cleanup of Temporary Directories[0m.
[[0;32m  OK  [0m] Started [0;1;39mdaily update of the root trust anchor for DNSSEC[0m.
[[0;32m  OK  [0m] Reached target [0;1;39mTimer Units[0m.
[[0;32m  OK  [0m] Listening on [0;1;39mD-Bus System Message Bus Socket[0m.
[[0;32m  OK  [0m] Listening on [0;1;39mOpen-iSCSI iscsid Socket[0m.
[[0;32m  OK  [0m] Listening on [0;1;39mOpen-iSCSI iscsiuio Socket[0m.
[[0;32m  OK  [0m] Listening on [0;1;39mSSSD Kerberos…ache Manager responder socket[0m.
[[0;32m  OK  [0m] Listening on [0;1;39mLibvirt interface local socket[0m.
[[0;32m  OK  [0m] Listening on [0;1;39mVirtual machine lock manager socket[0m.
[[0;32m  OK  [0m] Listening on [0;1;39mVirtual machine log manager socket[0m.
[[0;32m  OK  [0m] Listening on [0;1;39mLibvirt network local socket[0m.
[[0;32m  OK  [0m] Listening on [0;1;39mLibvirt nodedev local socket[0m.
[[0;32m  OK  [0m] Listening on [0;1;39mLibvirt nwfilter local socket[0m.
[[0;32m  OK  [0m] Listening on [0;1;39mLibvirt proxy local socket[0m.
[[0;32m  OK  [0m] Listening on [0;1;39mLibvirt qemu local socket[0m.
[[0;32m  OK  [0m] Listening on [0;1;39mLibvirt qemu admin socket[0m.
[[0;32m  OK  [0m] Listening on [0;1;39mLibvirt qemu local read-only socket[0m.
[[0;32m  OK  [0m] Listening on [0;1;39mLibvirt secret local socket[0m.
[[0;32m  OK  [0m] Listening on [0;1;39mLibvirt storage local socket[0m.
[[0;32m  OK  [0m] Reached target [0;1;39mSocket Units[0m.
         Starting [0;1;39mD-Bus System Message Bus[0m...
[[0;32m  OK  [0m] Started [0;1;39mD-Bus System Message Bus[0m.
[[0;32m  OK  [0m] Reached target [0;1;39mBasic System[0m.
         Starting [0;1;39mNetwork Manager[0m...
         Starting [0;1;39mNTP client/server[0m...
         Starting [0;1;39mRestore /run/initramfs on shutdown[0m...
[[0;32m  OK  [0m] Started [0;1;39mirqbalance daemon[0m.
[[0;32m  OK  [0m] Started [0;1;39mlibstoragemgmt plug-in server daemon[0m.
[[0;32m  OK  [0m] Started [0;1;39mMachine Check Exception Logging Daemon[0m.
[[0;32m  OK  [0m] Reached target [0;1;39msshd-keygen.target[0m.
[[0;32m  OK  [0m] Reached target [0;1;39mUser and Group Name Lookups[0m.
         Starting [0;1;39mUser Login Management[0m...
         Starting [0;1;39mVirtual Machine a…tainer Registration Service[0m...
[[0;32m  OK  [0m] Finished [0;1;39mRestore /run/initramfs on shutdown[0m.
         Starting [0;1;39mHostname Service[0m...
[[0;32m  OK  [0m] Started [0;1;39mVirtual Machine an…ontainer Registration Service[0m.
[[0;32m  OK  [0m] Started [0;1;39mNTP client/server[0m.
[[0;32m  OK  [0m] Started [0;1;39mUser Login Management[0m.
[[0;32m  OK  [0m] Started [0;1;39mHostname Service[0m.
         Starting [0;1;39mNetwork Manager Script Dispatcher Service[0m...
[[0;32m  OK  [0m] Started [0;1;39mNetwork Manager Script Dispatcher Service[0m.
[   13.195814] e1000: eth0 NIC Link is Up 1000 Mbps Full Duplex, Flow Control: RX
[[0;32m  OK  [0m] Started [0;1;39mNetwork Manager[0m.
[[0;32m  OK  [0m] Reached target [0;1;39mNetwork[0m.
[[0;32m  OK  [0m] Reached target [0;1;39mNetwork is Online[0m.
         Starting [0;1;39mGSSAPI Proxy Daemon[0m...
         Starting [0;1;39mNotify NFS peers of a restart[0m...
         Starting [0;1;39mSystem Logging Service[0m...
         Starting [0;1;39mOpenSSH server daemon[0m...
         Starting [0;1;39mDynamic System Tuning Daemon[0m...
[[0;32m  OK  [0m] Started [0;1;39mGSSAPI Proxy Daemon[0m.
[[0;32m  OK  [0m] Started [0;1;39mNotify NFS peers of a restart[0m.
[[0;32m  OK  [0m] Reached target [0;1;39mNFS client services[0m.
[[0;32m  OK  [0m] Reached target [0;1;39mPreparation for Remote File Systems[0m.
[[0;32m  OK  [0m] Reached target [0;1;39mRemote File Systems[0m.
         Starting [0;1;39mPermit User Sessions[0m...
         Starting [0;1;39mVirtualization qemu daemon[0m...
[[0;32m  OK  [0m] Started [0;1;39mOpenSSH server daemon[0m.
[[0;32m  OK  [0m] Finished [0;1;39mPermit User Sessions[0m.
[[0;32m  OK  [0m] Started [0;1;39mDeferred execution scheduler[0m.
[[0;32m  OK  [0m] Started [0;1;39mCommand Scheduler[0m.
         Starting [0;1;39mHold until boot process finishes up[0m...
         Starting [0;1;39mTerminate Plymouth Boot Screen[0m...
[[0;32m  OK  [0m] Started [0;1;39mSystem Logging Service[0m.
[[0;32m  OK  [0m] Finished [0;1;39mHold until boot process finishes up[0m.
[[0;32m  OK  [0m] Started [0;1;39mGetty on tty1[0m.
[[0;32m  OK  [0m] Started [0;1;39mSerial Getty on ttyS0[0m.
[[0;32m  OK  [0m] Reached target [0;1;39mLogin Prompts[0m.
[[0;32m  OK  [0m] Started [0;1;39mVirtualization qemu daemon[0m.
[[0;32m  OK  [0m] Finished [0;1;39mTerminate Plymouth Boot Screen[0m.
         Starting [0;1;39mAuthorization Manager[0m...
[[0;32m  OK  [0m] Started [0;1;39mAuthorization Manager[0m.
[[0;32m  OK  [0m] Started [0;1;39mDynamic System Tuning Daemon[0m.
[[0;32m  OK  [0m] Reached target [0;1;39mMulti-User System[0m.
         Starting [0;1;39mRecord Runlevel Change in UTMP[0m...
[[0;32m  OK  [0m] Finished [0;1;39mRecord Runlevel Change in UTMP[0m.

CentOS Stream 9
Kernel 6.19.0-rc1-24a4f4e1608f+ on an x86_64

Activate the web console with: systemctl enable --now cockpit.socket

test login: [   26.512222] 
[   26.512414] =====================================
[   26.512793] WARNING: bad unlock balance detected!
[   26.513166] 6.19.0-rc1-24a4f4e1608f+ #1 Not tainted
[   26.513552] -------------------------------------
[   26.513920] repro/1869 is trying to release lock (rcu_read_lock) at:
[   26.514426] [<ffffffff8212560a>] __wait_on_freeing_inode+0x13a/0x3b0
[   26.514960] but there are no more locks to release!
[   26.515338] 
[   26.515338] other info that might help us debug this:
[   26.515835] 4 locks held by repro/1869:
[   26.516140]  #0: ffff8880139de408 (sb_writers#3){.+.+}-{0:0}, at: filename_create+0x122/0x460
[   26.516818]  #1: ffff88802533aa20 (&type->i_mutex_dir_key#3/1){+.+.}-{4:4}, at: filename_create+0x1e6/0x460
[   26.517583]  #2: ffff888013986950 (jbd2_handle){++++}-{0:0}, at: start_this_handle+0x1042/0x1550
[   26.518295]  #3: ffffffff87416918 (inode_hash_lock){+.+.}-{3:3}, at: insert_inode_locked+0xf4/0x860
[   26.519019] 
[   26.519019] stack backtrace:
[   26.519373] CPU: 0 UID: 0 PID: 1869 Comm: repro Not tainted 6.19.0-rc1-24a4f4e1608f+ #1 PREEMPT(voluntary) 
[   26.519387] Hardware name: QEMU Standard PC (i440FX + PIIX, 1996), BIOS rel-1.16.0-0-gd239552ce722-prebuilt.qemu.org 04/01/2014
[   26.519398] Call Trace:
[   26.519404]  <TASK>
[   26.519411]  dump_stack_lvl+0xea/0x150
[   26.519451]  ? __wait_on_freeing_inode+0x13a/0x3b0
[   26.519467]  dump_stack+0x19/0x20
[   26.519479]  print_unlock_imbalance_bug+0x121/0x140
[   26.519509]  ? __wait_on_freeing_inode+0x13a/0x3b0
[   26.519526]  lock_release+0x211/0x2a0
[   26.519548]  __wait_on_freeing_inode+0x13f/0x3b0
[   26.519565]  ? __pfx___wait_on_freeing_inode+0x10/0x10
[   26.519581]  ? do_raw_spin_lock+0x140/0x280
[   26.519594]  ? __pfx_var_wake_function+0x10/0x10
[   26.519618]  ? __this_cpu_preempt_check+0x21/0x30
[   26.519641]  ? lock_is_held_type+0xef/0x150
[   26.519661]  insert_inode_locked+0x26c/0x860
[   26.519682]  __ext4_new_inode+0x1c4a/0x5230
[   26.519710]  ? __pfx___ext4_new_inode+0x10/0x10
[   26.519724]  ? __pfx___dquot_initialize+0x10/0x10
[   26.519747]  ? ext4_get_dummy_policy+0x16/0x80
[   26.519759]  ? __pfx_ext4_get_dummy_policy+0x10/0x10
[   26.519776]  ext4_symlink+0x6c9/0xc70
[   26.519803]  ? __pfx_ext4_symlink+0x10/0x10
[   26.519817]  ? generic_permission+0xbf/0x800
[   26.519837]  ? __sanitizer_cov_trace_const_cmp4+0x1a/0x20
[   26.519860]  ? security_inode_permission+0xb8/0x220
[   26.519888]  ? inode_permission+0x39d/0x690
[   26.519905]  ? __sanitizer_cov_trace_const_cmp4+0x1a/0x20
[   26.519921]  vfs_symlink+0x459/0x850
[   26.519934]  do_symlinkat+0x40d/0x570
[   26.519949]  ? __sanitizer_cov_trace_const_cmp8+0x1c/0x30
[   26.519965]  ? __pfx_do_symlinkat+0x10/0x10
[   26.519980]  ? __sanitizer_cov_trace_const_cmp4+0x1a/0x20
[   26.519993]  ? getname_flags.part.0+0x1d5/0x570
[   26.520015]  __x64_sys_symlink+0x7f/0xa0
[   26.520031]  x64_sys_call+0x2d5/0x21b0
[   26.520049]  do_syscall_64+0x6d/0x1180
[   26.520067]  entry_SYSCALL_64_after_hwframe+0x76/0x7e
[   26.520078] RIP: 0033:0x7fe84823eabb
[   26.520097] Code: f0 ff ff 73 01 c3 48 8b 0d 62 b3 1b 00 f7 d8 64 89 01 48 83 c8 ff c3 0f 1f 84 00 00 00 00 00 f3 0f 1e fa b8 58 00 00 00 0f 05 <48> 3d 01 f0 ff ff 73 01 c3 48 8b 0d 35 b3 1b 00 f7 d8 64 89 01 48
[   26.520109] RSP: 002b:00007ffea1578f38 EFLAGS: 00000202 ORIG_RAX: 0000000000000058
[   26.520124] RAX: ffffffffffffffda RBX: 0000000000000000 RCX: 00007fe84823eabb
[   26.520131] RDX: 0000000000000004 RSI: 0000000000402078 RDI: 0000000000402083
[   26.520137] RBP: 00007ffea1578f40 R08: 0000000000000000 R09: 00007ffea15789b0
[   26.520146] R10: 00007fe848214730 R11: 0000000000000202 R12: 00007ffea15790b8
[   26.520152] R13: 0000000000401bdd R14: 0000000000403e08 R15: 00007fe848570000
[   26.520170]  </TASK>
[   26.539763] ------------[ cut here ]------------
[   26.540138] WARNING: kernel/rcu/tree_plugin.h:443 at __rcu_read_unlock+0x283/0x570, CPU#0: repro/1869
[   26.540862] Modules linked in:
[   26.541143] CPU: 0 UID: 0 PID: 1869 Comm: repro Not tainted 6.19.0-rc1-24a4f4e1608f+ #1 PREEMPT(voluntary) 
[   26.541907] Hardware name: QEMU Standard PC (i440FX + PIIX, 1996), BIOS rel-1.16.0-0-gd239552ce722-prebuilt.qemu.org 04/01/2014
[   26.542783] RIP: 0010:__rcu_read_unlock+0x283/0x570
[   26.543175] Code: e4 0f 84 d5 00 00 00 bf 09 00 00 00 e8 06 c7 d9 ff 4d 85 f6 0f 84 6a fe ff ff e8 f8 2a 29 00 fb 0f 1f 44 00 00 e9 5a fe ff ff <0f> 0b 5b 41 5c 41 5d 41 5e 41 5f 5d e9 4c 16 81 04 e8 67 c5 8b 00
[   26.547840] RSP: 0018:ffff888018e97918 EFLAGS: 00010286
[   26.548264] RAX: 00000000ffffffff RBX: ffff8880189ba580 RCX: ffffffff8167a273
[   26.548822] RDX: 0000000000000000 RSI: 0000000000000001 RDI: ffff8880189badbc
[   26.549371] RBP: ffff888018e97940 R08: 0000000000000000 R09: fffffbfff0eae548
[   26.549929] R10: 0000000080000001 R11: 6162206b63617473 R12: ffff8880189ba580
[   26.550494] R13: ffff8880189ba580 R14: 0000000000000001 R15: 0000000000000001
[   26.551046] FS:  00007fe848523740(0000) GS:ffff8880e30b9000(0000) knlGS:0000000000000000
[   26.553474] CS:  0010 DS: 0000 ES: 0000 CR0: 0000000080050033
[   26.553927] CR2: 00007ffea1578e48 CR3: 00000000262be004 CR4: 0000000000770ef0
[   26.554486] PKRU: 55555554
[   26.554713] Call Trace:
[   26.554916]  <TASK>
[   26.557325]  __wait_on_freeing_inode+0x144/0x3b0
[   26.557915]  ? __pfx___wait_on_freeing_inode+0x10/0x10
[   26.558326]  ? do_raw_spin_lock+0x140/0x280
[   26.559026]  ? __pfx_var_wake_function+0x10/0x10
[   26.561227]  ? __this_cpu_preempt_check+0x21/0x30
[   26.561753]  ? lock_is_held_type+0xef/0x150
[   26.562656]  insert_inode_locked+0x26c/0x860
[   26.565095]  __ext4_new_inode+0x1c4a/0x5230
[   26.567069]  ? __pfx___ext4_new_inode+0x10/0x10
[   26.569036]  ? __pfx___dquot_initialize+0x10/0x10
[   26.570186]  ? ext4_get_dummy_policy+0x16/0x80
[   26.570554]  ? __pfx_ext4_get_dummy_policy+0x10/0x10
[   26.571509]  ext4_symlink+0x6c9/0xc70
[   26.575061]  ? __pfx_ext4_symlink+0x10/0x10
[   26.575481]  ? generic_permission+0xbf/0x800
[   26.579149]  ? __sanitizer_cov_trace_const_cmp4+0x1a/0x20
[   26.581466]  ? security_inode_permission+0xb8/0x220
[   26.582143]  ? inode_permission+0x39d/0x690
[   26.582559]  ? __sanitizer_cov_trace_const_cmp4+0x1a/0x20
[   26.583510]  vfs_symlink+0x459/0x850
[   26.586361]  do_symlinkat+0x40d/0x570
[   26.586737]  ? __sanitizer_cov_trace_const_cmp8+0x1c/0x30
[   26.589348]  ? __pfx_do_symlinkat+0x10/0x10
[   26.589828]  ? __sanitizer_cov_trace_const_cmp4+0x1a/0x20
[   26.590327]  ? getname_flags.part.0+0x1d5/0x570
[   26.594698]  __x64_sys_symlink+0x7f/0xa0
[   26.595333]  x64_sys_call+0x2d5/0x21b0
[   26.597548]  do_syscall_64+0x6d/0x1180
[   26.598146]  entry_SYSCALL_64_after_hwframe+0x76/0x7e
[   26.598568] RIP: 0033:0x7fe84823eabb
[   26.598945] Code: f0 ff ff 73 01 c3 48 8b 0d 62 b3 1b 00 f7 d8 64 89 01 48 83 c8 ff c3 0f 1f 84 00 00 00 00 00 f3 0f 1e fa b8 58 00 00 00 0f 05 <48> 3d 01 f0 ff ff 73 01 c3 48 8b 0d 35 b3 1b 00 f7 d8 64 89 01 48
[   26.602178] RSP: 002b:00007ffea1578f38 EFLAGS: 00000202 ORIG_RAX: 0000000000000058
[   26.602788] RAX: ffffffffffffffda RBX: 0000000000000000 RCX: 00007fe84823eabb
[   26.603354] RDX: 0000000000000004 RSI: 0000000000402078 RDI: 0000000000402083
[   26.605395] RBP: 00007ffea1578f40 R08: 0000000000000000 R09: 00007ffea15789b0
[   26.605959] R10: 00007fe848214730 R11: 0000000000000202 R12: 00007ffea15790b8
[   26.606521] R13: 0000000000401bdd R14: 0000000000403e08 R15: 00007fe848570000
[   26.610227]  </TASK>
[   26.610426] irq event stamp: 729
[   26.610693] hardirqs last  enabled at (729): [<ffffffff85ef9815>] _raw_spin_unlock_irqrestore+0x35/0x70
[   26.611432] hardirqs last disabled at (728): [<ffffffff85ef94c0>] _raw_spin_lock_irqsave+0x70/0x80
[   26.613532] softirqs last  enabled at (724): [<ffffffff8131b4d1>] kernel_fpu_end+0x71/0x90
[   26.614182] softirqs last disabled at (722): [<ffffffff8131cc9f>] kernel_fpu_begin_mask+0x1df/0x320
[   26.614889] ---[ end trace 0000000000000000 ]---
