c[?7l[2J[0mSeaBIOS (version rel-1.16.0-0-gd239552ce722-prebuilt.qemu.org)


iPXE (http://ipxe.org) 00:03.0 CA00 PCI2.10 PnP PMM+7FF91000+7FEF1000 CA00
Press Ctrl-B to configure iPXE (PCI 00:03.0)...                                                                               


Booting from ROM...
c[?7l[2J[    0.000000] Linux version 6.19.0-rc1-2a255acce2e5+ (root@p-mtlp04) (gcc (GCC) 11.5.0 20240719 (Red Hat 11.5.0-14), GNU ld version 2.35.2-69.el9) #1 SMP PREEMPT_DYNAMIC Wed Jan 14 03:17:51 CST 2026
[    0.000000] Command line: console=ttyS0 root=/dev/sda earlyprintk=serial net.ifnames=0 plymouth.enable=0
[    0.000000] KERNEL supported cpus:
[    0.000000]   Intel GenuineIntel
[    0.000000]   AMD AuthenticAMD
[    0.000000]   Hygon HygonGenuine
[    0.000000]   Centaur CentaurHauls
[    0.000000]   zhaoxin   Shanghai  
[    0.000000] x86/split lock detection: #DB: warning on user-space bus_locks
[    0.000000] BIOS-provided physical RAM map:
[    0.000000] BIOS-e820: [mem 0x0000000000000000-0x000000000009fbff] usable
[    0.000000] BIOS-e820: [mem 0x000000000009fc00-0x000000000009ffff] reserved
[    0.000000] BIOS-e820: [mem 0x00000000000f0000-0x00000000000fffff] reserved
[    0.000000] BIOS-e820: [mem 0x0000000000100000-0x000000007ffdffff] usable
[    0.000000] BIOS-e820: [mem 0x000000007ffe0000-0x000000007fffffff] reserved
[    0.000000] BIOS-e820: [mem 0x00000000feffc000-0x00000000feffffff] reserved
[    0.000000] BIOS-e820: [mem 0x00000000fffc0000-0x00000000ffffffff] reserved
[    0.000000] printk: legacy bootconsole [earlyser0] enabled
[    0.000000] NX (Execute Disable) protection: active
[    0.000000] APIC: Static calls initialized
[    0.000000] SMBIOS 2.8 present.
[    0.000000] DMI: QEMU Standard PC (i440FX + PIIX, 1996), BIOS rel-1.16.0-0-gd239552ce722-prebuilt.qemu.org 04/01/2014
[    0.000000] DMI: Memory slots populated: 1/1
[    0.000000] Hypervisor detected: KVM
[    0.000000] last_pfn = 0x7ffe0 max_arch_pfn = 0x400000000
[    0.000000] kvm-clock: Using msrs 4b564d01 and 4b564d00
[    0.000004] kvm-clock: using sched offset of 1203536082 cycles
[    0.000593] clocksource: kvm-clock: mask: 0xffffffffffffffff max_cycles: 0x1cd42e4dffb, max_idle_ns: 881590591483 ns
[    0.002458] tsc: Detected 2995.200 MHz processor
[    0.011987] last_pfn = 0x7ffe0 max_arch_pfn = 0x400000000
[    0.012642] MTRR map: 4 entries (3 fixed + 1 variable; max 19), built from 8 variable MTRRs
[    0.013572] x86/PAT: Configuration [0-7]: WB  WC  UC- UC  WB  WP  UC- WT  
[    0.028766] found SMP MP-table at [mem 0x000f5ba0-0x000f5baf]
[    0.029458] Using GB pages for direct mapping
[    0.032604] ACPI: Early table checksum verification disabled
[    0.033241] ACPI: RSDP 0x00000000000F59C0 000014 (v00 BOCHS )
[    0.033906] ACPI: RSDT 0x000000007FFE1951 000034 (v01 BOCHS  BXPC     00000001 BXPC 00000001)
[    0.034884] ACPI: FACP 0x000000007FFE17FD 000074 (v01 BOCHS  BXPC     00000001 BXPC 00000001)
[    0.035869] ACPI: DSDT 0x000000007FFE0040 0017BD (v01 BOCHS  BXPC     00000001 BXPC 00000001)
[    0.036837] ACPI: FACS 0x000000007FFE0000 000040
[    0.037373] ACPI: APIC 0x000000007FFE1871 000080 (v01 BOCHS  BXPC     00000001 BXPC 00000001)
[    0.038344] ACPI: HPET 0x000000007FFE18F1 000038 (v01 BOCHS  BXPC     00000001 BXPC 00000001)
[    0.039322] ACPI: WAET 0x000000007FFE1929 000028 (v01 BOCHS  BXPC     00000001 BXPC 00000001)
[    0.040282] ACPI: Reserving FACP table memory at [mem 0x7ffe17fd-0x7ffe1870]
[    0.041051] ACPI: Reserving DSDT table memory at [mem 0x7ffe0040-0x7ffe17fc]
[    0.041871] ACPI: Reserving FACS table memory at [mem 0x7ffe0000-0x7ffe003f]
[    0.042745] ACPI: Reserving APIC table memory at [mem 0x7ffe1871-0x7ffe18f0]
[    0.043525] ACPI: Reserving HPET table memory at [mem 0x7ffe18f1-0x7ffe1928]
[    0.044295] ACPI: Reserving WAET table memory at [mem 0x7ffe1929-0x7ffe1950]
[    0.045747] No NUMA configuration found
[    0.046174] Faking a node at [mem 0x0000000000000000-0x000000007ffdffff]
[    0.046978] NODE_DATA(0) allocated [mem 0x7ffb4ec0-0x7ffdfcbf]
[    0.048424] Zone ranges:
[    0.048727]   DMA      [mem 0x0000000000001000-0x0000000000ffffff]
[    0.049424]   DMA32    [mem 0x0000000001000000-0x000000007ffdffff]
[    0.050129]   Normal   empty
[    0.050470]   Device   empty
[    0.050807] Movable zone start for each node
[    0.051357] Early memory node ranges
[    0.051764]   node   0: [mem 0x0000000000001000-0x000000000009efff]
[    0.052466]   node   0: [mem 0x0000000000100000-0x000000007ffdffff]
[    0.053201] Initmem setup node 0 [mem 0x0000000000001000-0x000000007ffdffff]
[    0.054681] On node 0, zone DMA: 1 pages in unavailable ranges
[    0.055800] On node 0, zone DMA: 97 pages in unavailable ranges
[    0.115974] On node 0, zone DMA32: 32 pages in unavailable ranges
[    0.389317] KernelAddressSanitizer initialized (generic)
[    0.390233] ACPI: PM-Timer IO Port: 0x608
[    0.390700] ACPI: LAPIC_NMI (acpi_id[0xff] dfl dfl lint[0x1])
[    0.391377] IOAPIC[0]: apic_id 0, version 17, address 0xfec00000, GSI 0-23
[    0.392120] ACPI: INT_SRC_OVR (bus 0 bus_irq 0 global_irq 2 dfl dfl)
[    0.392788] ACPI: INT_SRC_OVR (bus 0 bus_irq 5 global_irq 5 high level)
[    0.393479] ACPI: INT_SRC_OVR (bus 0 bus_irq 9 global_irq 9 high level)
[    0.394173] ACPI: INT_SRC_OVR (bus 0 bus_irq 10 global_irq 10 high level)
[    0.394882] ACPI: INT_SRC_OVR (bus 0 bus_irq 11 global_irq 11 high level)
[    0.395617] ACPI: Using ACPI (MADT) for SMP configuration information
[    0.396292] ACPI: HPET id: 0x8086a201 base: 0xfed00000
[    0.396847] TSC deadline timer available
[    0.397270] CPU topo: Max. logical packages:   1
[    0.397754] CPU topo: Max. logical dies:       1
[    0.398237] CPU topo: Max. dies per package:   1
[    0.398726] CPU topo: Max. threads per core:   1
[    0.399218] CPU topo: Num. cores per package:     2
[    0.399732] CPU topo: Num. threads per package:   2
[    0.400241] CPU topo: Allowing 2 present CPUs plus 0 hotplug CPUs
[    0.400933] kvm-guest: APIC: eoi() replaced with kvm_guest_apic_eoi_write()
[    0.401692] kvm-guest: KVM setup pv remote TLB flush
[    0.402213] kvm-guest: setup PV sched yield
[    0.402709] PM: hibernation: Registered nosave memory: [mem 0x00000000-0x00000fff]
[    0.403514] PM: hibernation: Registered nosave memory: [mem 0x0009f000-0x000fffff]
[    0.404307] [mem 0x80000000-0xfeffbfff] available for PCI devices
[    0.404946] Booting paravirtualized kernel on KVM
[    0.405444] clocksource: refined-jiffies: mask: 0xffffffff max_cycles: 0xffffffff, max_idle_ns: 7645519600211568 ns
[    0.406588] setup_percpu: NR_CPUS:8192 nr_cpumask_bits:2 nr_cpu_ids:2 nr_node_ids:1
[    0.409668] percpu: Embedded 81 pages/cpu s294912 r8192 d28672 u1048576
[    0.410599] kvm-guest: PV spinlocks enabled
[    0.411061] PV qspinlock hash table entries: 256 (order: 0, 4096 bytes, linear)
[    0.411847] Kernel command line: net.ifnames=0 console=ttyS0 root=/dev/sda earlyprintk=serial net.ifnames=0 plymouth.enable=0
[    0.413374] random: crng init done
[    0.413744] printk: log buffer data + meta data: 262144 + 917504 = 1179648 bytes
[    0.416355] Dentry cache hash table entries: 262144 (order: 9, 2097152 bytes, linear)
[    0.418282] Inode-cache hash table entries: 131072 (order: 8, 1048576 bytes, linear)
[    0.419545] Fallback order for Node 0: 0 
[    0.419560] Built 1 zonelists, mobility grouping on.  Total pages: 524158
[    0.420660] Policy zone: DMA32
[    0.420978] mem auto-init: stack:off, heap alloc:off, heap free:off
[    0.421612] stackdepot: allocating hash table via alloc_large_system_hash
[    0.422314] stackdepot hash table entries: 1048576 (order: 12, 16777216 bytes, linear)
[    0.437097] stackdepot: allocating space for 8192 stack pools via memblock
[    0.473689] SLUB: HWalign=64, Order=0-3, MinObjects=0, CPUs=2, Nodes=1
[    0.474593] kmemleak: Kernel memory leak detector disabled
[    0.516341] ftrace: allocating 75259 entries in 296 pages
[    0.517058] ftrace: allocated 296 pages with 3 groups
[    0.522769] Dynamic Preempt: voluntary
[    0.523910] Running RCU self tests
[    0.524344] Running RCU synchronous self tests
[    0.524901] rcu: Preemptible hierarchical RCU implementation.
[    0.525619] rcu: 	RCU lockdep checking is enabled.
[    0.526211] rcu: 	RCU restricting CPUs from NR_CPUS=8192 to nr_cpu_ids=2.
[    0.527056] 	Trampoline variant of Tasks RCU enabled.
[    0.527688] 	Rude variant of Tasks RCU enabled.
[    0.528247] 	Tracing variant of Tasks RCU enabled.
[    0.528840] rcu: RCU calculated value of scheduler-enlistment delay is 25 jiffies.
[    0.529777] rcu: Adjusting geometry for rcu_fanout_leaf=16, nr_cpu_ids=2
[    0.530711] Running RCU synchronous self tests
[    0.531278] RCU Tasks: Setting shift to 1 and lim to 1 rcu_task_cb_adjust=1 rcu_task_cpu_ids=2.
[    0.532351] RCU Tasks Rude: Setting shift to 1 and lim to 1 rcu_task_cb_adjust=1 rcu_task_cpu_ids=2.
[    0.533471] RCU Tasks Trace: Setting shift to 1 and lim to 1 rcu_task_cb_adjust=1 rcu_task_cpu_ids=2.
[    0.617866] NR_IRQS: 524544, nr_irqs: 440, preallocated irqs: 16
[    0.619314] rcu: srcu_init: Setting srcu_struct sizes based on contention.
[    0.629479] Console: colour VGA+ 80x25
[    0.630063] printk: legacy console [ttyS0] enabled
[    0.630063] printk: legacy console [ttyS0] enabled
[    0.631311] printk: legacy bootconsole [earlyser0] disabled
[    0.631311] printk: legacy bootconsole [earlyser0] disabled
[    0.632727] Lock dependency validator: Copyright (c) 2006 Red Hat, Inc., Ingo Molnar
[    0.633712] ... MAX_LOCKDEP_SUBCLASSES:  8
[    0.634242] ... MAX_LOCK_DEPTH:          48
[    0.634785] ... MAX_LOCKDEP_KEYS:        8192
[    0.635351] ... CLASSHASH_SIZE:          4096
[    0.635911] ... MAX_LOCKDEP_ENTRIES:     524288
[    0.636492] ... MAX_LOCKDEP_CHAINS:      524288
[    0.637075] ... CHAINHASH_SIZE:          262144
[    0.637657]  memory used by lock dependency info: 54145 kB
[    0.638356]  memory used for stack traces: 4224 kB
[    0.638980]  per task-struct memory footprint: 1920 bytes
[    0.639793] ACPI: Core revision 20250807
[    0.640800] clocksource: hpet: mask: 0xffffffff max_cycles: 0xffffffff, max_idle_ns: 19112604467 ns
[    0.642163] APIC: Switch to symmetric I/O mode setup
[    0.643062] x2apic enabled
[    0.643901] APIC: Switched APIC routing to: physical x2apic
[    0.644642] kvm-guest: APIC: send_IPI_mask() replaced with kvm_send_ipi_mask()
[    0.645583] kvm-guest: APIC: send_IPI_mask_allbutself() replaced with kvm_send_ipi_mask_allbutself()
[    0.646878] kvm-guest: setup PV IPIs
[    0.648686] ..TIMER: vector=0x30 apic1=0 pin1=2 apic2=-1 pin2=-1
[    0.649501] clocksource: tsc-early: mask: 0xffffffffffffffff max_cycles: 0x2b2c8ec87c7, max_idle_ns: 440795278598 ns
[    0.650957] Calibrating delay loop (skipped) preset value.. 5990.40 BogoMIPS (lpj=11980800)
[    0.652198] x86/cpu: User Mode Instruction Prevention (UMIP) activated
[    0.653156] Last level iTLB entries: 4KB 0, 2MB 0, 4MB 0
[    0.653840] Last level dTLB entries: 4KB 0, 2MB 0, 4MB 0, 1GB 0
[    0.654968] mitigations: Enabled attack vectors: user_kernel, user_user, guest_host, guest_guest, SMT mitigations: auto
[    0.656366] Speculative Store Bypass: Mitigation: Speculative Store Bypass disabled via prctl
[    0.657451] Spectre V2 : Mitigation: Enhanced / Automatic IBRS
[    0.658243] ITS: Mitigation: Aligned branch/return thunks
[    0.658946] Spectre V1 : Mitigation: usercopy/swapgs barriers and __user pointer sanitization
[    0.660041] Spectre V2 : WARNING: Unprivileged eBPF is enabled with eIBRS on, data leaks possible via Spectre v2 BHB attacks!
[    0.661470] Spectre V2 : Spectre v2 / PBRSB-eIBRS: Retire a single CALL on VMEXIT
[    0.662950] Spectre V2 : mitigation: Enabling conditional Indirect Branch Prediction Barrier
[    0.664045] active return thunk: its_return_thunk
[    0.664659] Spectre V2 : Spectre BHI mitigation: SW BHB clearing on syscall and VM exit
[    0.665705] x86/fpu: Supporting XSAVE feature 0x001: 'x87 floating point registers'
[    0.666706] x86/fpu: Supporting XSAVE feature 0x002: 'SSE registers'
[    0.666945] x86/fpu: Supporting XSAVE feature 0x004: 'AVX registers'
[    0.667791] x86/fpu: Supporting XSAVE feature 0x200: 'Protection Keys User registers'
[    0.668808] x86/fpu: xstate_offset[2]:  576, xstate_sizes[2]:  256
[    0.669614] x86/fpu: xstate_offset[9]:  832, xstate_sizes[9]:    8
[    0.670944] x86/fpu: Enabled xstate features 0x207, context size is 840 bytes, using 'compacted' format.
[    0.835997] Freeing SMP alternatives memory: 64K
[    0.836486] pid_max: default: 32768 minimum: 301
[    0.837312] Yama: becoming mindful.
[    0.838081] Mount-cache hash table entries: 4096 (order: 3, 32768 bytes, linear)
[    0.838799] Mountpoint-cache hash table entries: 4096 (order: 3, 32768 bytes, linear)
[    0.840771] Running RCU synchronous self tests
[    0.841213] Running RCU synchronous self tests
[    0.842053] smpboot: CPU0: Intel(R) Core(TM) Ultra 7 155H (family: 0x6, model: 0xaa, stepping: 0x4)
[    0.842939] Performance Events: unsupported CPU family 6 model 170 no PMU driver, software events only.
[    0.842939] signal: max sigframe size: 3632
[    0.842939] rcu: Hierarchical SRCU implementation.
[    0.842952] rcu: 	Max phase no-delay instances is 1000.
[    0.843764] Timer migration: 1 hierarchy levels; 8 children per group; 1 crossnode level
[    0.866191] NMI watchdog: Perf NMI watchdog permanently disabled
[    0.867088] smp: Bringing up secondary CPUs ...
[    0.870152] smpboot: x86: Booting SMP configuration:
[    0.870676] .... node  #0, CPUs:      #1
[    0.871473] smp: Brought up 1 node, 2 CPUs
[    0.871795] smpboot: Total of 2 processors activated (11980.80 BogoMIPS)
[    0.873266] Memory: 1538728K/2096632K available (80926K kernel code, 15557K rwdata, 18816K rodata, 16412K init, 70012K bss, 546452K reserved, 0K cma-reserved)
[    0.875796] devtmpfs: initialized
[    0.876090] x86/mm: Memory block size: 128MB
[    0.889550] Running RCU synchronous self tests
[    0.889550] Running RCU synchronous self tests
[    0.891076] Running RCU Tasks wait API self tests
[    0.891490] Running RCU Tasks Rude wait API self tests
[    0.894960] Running RCU Tasks Trace wait API self tests
[    0.914980] clocksource: jiffies: mask: 0xffffffff max_cycles: 0xffffffff, max_idle_ns: 7645041785100000 ns
[    0.919008] posixtimers hash table entries: 1024 (order: 5, 73728 bytes, linear)
[    0.919867] futex hash table entries: 512 (65536 bytes on 1 NUMA nodes, total 64 KiB, linear).
[    0.922847] 
[    0.922948] *************************************************************
[    0.923607] **     NOTICE NOTICE NOTICE NOTICE NOTICE NOTICE NOTICE    **
[    0.924268] **                                                         **
[    0.924916] **  IOMMU DebugFS SUPPORT HAS BEEN ENABLED IN THIS KERNEL  **
[    0.925544] **                                                         **
[    0.926172] ** This means that this kernel is built to expose internal **
[    0.926794] ** IOMMU data structures, which may compromise security on **
[    0.926950] ** your system.                                            **
[    0.927568] **                                                         **
[    0.928182] ** If you see this message and you are not debugging the   **
[    0.928798] ** kernel, report this immediately to your vendor!         **
[    0.929416] **                                                         **
[    0.930035] **     NOTICE NOTICE NOTICE NOTICE NOTICE NOTICE NOTICE    **
[    0.930648] *************************************************************
[    0.931042] PM: RTC time: 19:23:14, date: 2026-01-13
[    0.935782] NET: Registered PF_NETLINK/PF_ROUTE protocol family
[    0.938077] DMA: preallocated 256 KiB GFP_KERNEL pool for atomic allocations
[    0.938761] DMA: preallocated 256 KiB GFP_KERNEL|GFP_DMA pool for atomic allocations
[    0.938970] DMA: preallocated 256 KiB GFP_KERNEL|GFP_DMA32 pool for atomic allocations
[    0.939786] audit: initializing netlink subsys (disabled)
[    0.940338] Callback from call_rcu_tasks_trace() invoked.
[    0.940338] audit: type=2000 audit(1768332194.223:1): state=initialized audit_enabled=0 res=1
[    0.944784] thermal_sys: Registered thermal governor 'fair_share'
[    0.945288] thermal_sys: Registered thermal governor 'bang_bang'
[    0.945872] thermal_sys: Registered thermal governor 'step_wise'
[    0.946418] thermal_sys: Registered thermal governor 'user_space'
[    0.947051] cpuidle: using governor ladder
[    0.947941] cpuidle: using governor menu
[    0.947941] acpiphp: ACPI Hot Plug PCI Controller Driver version: 0.5
[    0.951107] PCI: Using configuration type 1 for base access
[    0.951951] kprobes: kprobe jump-optimization is enabled. All kprobes are optimized if possible.
[    1.079232] HugeTLB: registered 1.00 GiB page size, pre-allocated 0 pages
[    1.079911] HugeTLB: 16380 KiB vmemmap can be freed for a 1.00 GiB page
[    1.080524] HugeTLB: registered 2.00 MiB page size, pre-allocated 0 pages
[    1.081155] HugeTLB: 28 KiB vmemmap can be freed for a 2.00 MiB page
[    1.098328] ACPI: Added _OSI(Module Device)
[    1.098770] ACPI: Added _OSI(Processor Device)
[    1.098957] ACPI: Added _OSI(Processor Aggregator Device)
[    1.118056] ACPI: 1 ACPI AML tables successfully acquired and loaded
[    1.128265] ACPI: Interpreter enabled
[    1.128785] ACPI: PM: (supports S0 S3 S4 S5)
[    1.129186] ACPI: Using IOAPIC for interrupt routing
[    1.129803] PCI: Using host bridge windows from ACPI; if necessary, use "pci=nocrs" and report a bug
[    1.130652] PCI: Using E820 reservations for host bridge windows
[    1.132420] ACPI: Enabled 2 GPEs in block 00 to 0F
[    1.179332] ACPI: PCI Root Bridge [PCI0] (domain 0000 [bus 00-ff])
[    1.179978] acpi PNP0A03:00: _OSC: OS supports [ASPM ClockPM Segments MSI EDR HPX-Type3]
[    1.180722] acpi PNP0A03:00: _OSC: not requesting OS control; OS requires [ExtendedConfig ASPM ClockPM MSI]
[    1.181786] acpi PNP0A03:00: fail to add MMCONFIG information, can't access extended configuration space under this bridge
[    1.188337] acpiphp: Slot [3] registered
[    1.188900] acpiphp: Slot [4] registered
[    1.189431] acpiphp: Slot [5] registered
[    1.189960] acpiphp: Slot [6] registered
[    1.190521] acpiphp: Slot [7] registered
[    1.191055] acpiphp: Slot [8] registered
[    1.191607] acpiphp: Slot [9] registered
[    1.192137] acpiphp: Slot [10] registered
[    1.192701] acpiphp: Slot [11] registered
[    1.193231] acpiphp: Slot [12] registered
[    1.193760] acpiphp: Slot [13] registered
[    1.194295] acpiphp: Slot [14] registered
[    1.194873] acpiphp: Slot [15] registered
[    1.195107] acpiphp: Slot [16] registered
[    1.195658] acpiphp: Slot [17] registered
[    1.196201] acpiphp: Slot [18] registered
[    1.196763] acpiphp: Slot [19] registered
[    1.197305] acpiphp: Slot [20] registered
[    1.197834] acpiphp: Slot [21] registered
[    1.198363] acpiphp: Slot [22] registered
[    1.198925] acpiphp: Slot [23] registered
[    1.199113] acpiphp: Slot [24] registered
[    1.199651] acpiphp: Slot [25] registered
[    1.200189] acpiphp: Slot [26] registered
[    1.200750] acpiphp: Slot [27] registered
[    1.201289] acpiphp: Slot [28] registered
[    1.201817] acpiphp: Slot [29] registered
[    1.202371] acpiphp: Slot [30] registered
[    1.202950] acpiphp: Slot [31] registered
[    1.203421] PCI host bridge to bus 0000:00
[    1.203875] pci_bus 0000:00: root bus resource [io  0x0000-0x0cf7 window]
[    1.204507] pci_bus 0000:00: root bus resource [io  0x0d00-0xffff window]
[    1.205136] pci_bus 0000:00: root bus resource [mem 0x000a0000-0x000bffff window]
[    1.205826] pci_bus 0000:00: root bus resource [mem 0x80000000-0xfebfffff window]
[    1.206525] pci_bus 0000:00: root bus resource [mem 0x100000000-0x17fffffff window]
[    1.206954] pci_bus 0000:00: root bus resource [bus 00-ff]
[    1.207602] pci 0000:00:00.0: [8086:1237] type 00 class 0x060000 conventional PCI endpoint
[    1.219865] pci 0000:00:01.0: [8086:7000] type 00 class 0x060100 conventional PCI endpoint
[    1.222217] pci 0000:00:01.1: [8086:7010] type 00 class 0x010180 conventional PCI endpoint
[    1.223498] pci 0000:00:01.1: BAR 4 [io  0xc040-0xc04f]
[    1.224021] pci 0000:00:01.1: BAR 0 [io  0x01f0-0x01f7]: legacy IDE quirk
[    1.224645] pci 0000:00:01.1: BAR 1 [io  0x03f6]: legacy IDE quirk
[    1.225216] pci 0000:00:01.1: BAR 2 [io  0x0170-0x0177]: legacy IDE quirk
[    1.225841] pci 0000:00:01.1: BAR 3 [io  0x0376]: legacy IDE quirk
[    1.227070] pci 0000:00:01.3: [8086:7113] type 00 class 0x068000 conventional PCI endpoint
[    1.228144] pci 0000:00:01.3: quirk: [io  0x0600-0x063f] claimed by PIIX4 ACPI
[    1.228815] pci 0000:00:01.3: quirk: [io  0x0700-0x070f] claimed by PIIX4 SMB
[    1.230085] pci 0000:00:02.0: [1234:1111] type 00 class 0x030000 conventional PCI endpoint
[    1.232319] pci 0000:00:02.0: BAR 0 [mem 0xfd000000-0xfdffffff pref]
[    1.233724] pci 0000:00:02.0: BAR 2 [mem 0xfebf0000-0xfebf0fff]
[    1.234341] pci 0000:00:02.0: ROM [mem 0xfebe0000-0xfebeffff pref]
[    1.235276] pci 0000:00:02.0: Video device with shadowed ROM at [mem 0x000c0000-0x000dffff]
[    1.248974] pci 0000:00:03.0: [8086:100e] type 00 class 0x020000 conventional PCI endpoint
[    1.250968] pci 0000:00:03.0: BAR 0 [mem 0xfebc0000-0xfebdffff]
[    1.251626] pci 0000:00:03.0: BAR 1 [io  0xc000-0xc03f]
[    1.252233] pci 0000:00:03.0: ROM [mem 0xfeb80000-0xfebbffff pref]
[    1.293596] ACPI: PCI: Interrupt link LNKA configured for IRQ 10
[    1.296791] ACPI: PCI: Interrupt link LNKB configured for IRQ 10
[    1.299743] ACPI: PCI: Interrupt link LNKC configured for IRQ 11
[    1.302741] ACPI: PCI: Interrupt link LNKD configured for IRQ 11
[    1.303822] ACPI: PCI: Interrupt link LNKS configured for IRQ 9
[    1.315173] iommu: Default domain type: Translated
[    1.316170] iommu: DMA domain TLB invalidation policy: lazy mode
[    1.326488] SCSI subsystem initialized
[    1.336323] ACPI: bus type USB registered
[    1.337844] usbcore: registered new interface driver usbfs
[    1.339255] usbcore: registered new interface driver hub
[    1.340471] usbcore: registered new device driver usb
[    1.342515] pps_core: LinuxPPS API ver. 1 registered
[    1.342960] pps_core: Software ver. 5.3.6 - Copyright 2005-2007 Rodolfo Giometti <giometti@linux.it>
[    1.344858] PTP clock support registered
[    1.351190] EDAC MC: Ver: 3.0.0
[    1.361062] NetLabel: Initializing
[    1.361794] NetLabel:  domain hash size = 128
[    1.362695] NetLabel:  protocols = UNLABELED CIPSOv4 CALIPSO
[    1.363354] NetLabel:  unlabeled traffic allowed by default
[    1.366259] PCI: Using ACPI for IRQ routing
[    1.367915] pci 0000:00:02.0: vgaarb: setting as boot VGA device
[    1.369128] pci 0000:00:02.0: vgaarb: bridge control possible
[    1.370289] pci 0000:00:02.0: vgaarb: VGA device added: decodes=io+mem,owns=io+mem,locks=none
[    1.370955] vgaarb: loaded
[    1.376625] hpet0: at MMIO 0xfed00000, IRQs 2, 8, 0
[    1.377634] hpet0: 3 comparators, 64-bit 100.000000 MHz counter
[    1.384153] clocksource: Switched to clocksource kvm-clock
[    4.254166] VFS: Disk quotas dquot_6.6.0
[    4.254648] VFS: Dquot-cache hash table entries: 512 (order 0, 4096 bytes)
[    4.257771] pnp: PnP ACPI init
[    4.263038] pnp: PnP ACPI: found 6 devices
[    4.289258] clocksource: acpi_pm: mask: 0xffffff max_cycles: 0xffffff, max_idle_ns: 2085701024 ns
[    4.290743] NET: Registered PF_INET protocol family
[    4.291462] IP idents hash table entries: 32768 (order: 6, 262144 bytes, linear)
[    4.294180] tcp_listen_portaddr_hash hash table entries: 1024 (order: 5, 73728 bytes, linear)
[    4.295098] Table-perturb hash table entries: 65536 (order: 6, 262144 bytes, linear)
[    4.295921] TCP established hash table entries: 16384 (order: 5, 131072 bytes, linear)
[    4.297179] TCP bind hash table entries: 16384 (order: 10, 2359296 bytes, linear)
[    4.298815] TCP: Hash tables configured (established 16384 bind 16384)
[    4.299643] UDP hash table entries: 1024 (order: 6, 262144 bytes, linear)
[    4.300403] UDP-Lite hash table entries: 1024 (order: 6, 262144 bytes, linear)
[    4.301606] NET: Registered PF_UNIX/PF_LOCAL protocol family
[    4.303451] RPC: Registered named UNIX socket transport module.
[    4.304069] RPC: Registered udp transport module.
[    4.304529] RPC: Registered tcp transport module.
[    4.304990] RPC: Registered tcp-with-tls transport module.
[    4.305518] RPC: Registered tcp NFSv4.1 backchannel transport module.
[    4.306219] pci_bus 0000:00: resource 4 [io  0x0000-0x0cf7 window]
[    4.306881] pci_bus 0000:00: resource 5 [io  0x0d00-0xffff window]
[    4.307502] pci_bus 0000:00: resource 6 [mem 0x000a0000-0x000bffff window]
[    4.308174] pci_bus 0000:00: resource 7 [mem 0x80000000-0xfebfffff window]
[    4.308830] pci_bus 0000:00: resource 8 [mem 0x100000000-0x17fffffff window]
[    4.309951] pci 0000:00:01.0: PIIX3: Enabling Passive Release
[    4.310523] pci 0000:00:00.0: Limiting direct PCI/PCI transfers
[    4.311213] PCI: CLS 0 bytes, default 64
[    4.311785] ACPI: bus type thunderbolt registered
[    4.312812] clocksource: tsc: mask: 0xffffffffffffffff max_cycles: 0x2b2c8ec87c7, max_idle_ns: 440795278598 ns
[    4.320755] Initialise system trusted keyrings
[    4.321378] Key type blacklist registered
[    4.322301] workingset: timestamp_bits=36 max_order=19 bucket_order=0
[    4.326693] squashfs: version 4.0 (2009/01/31) Phillip Lougher
[    4.329547] NFS: Registering the id_resolver key type
[    4.330096] Key type id_resolver registered
[    4.330521] Key type id_legacy registered
[    4.331032] nfs4filelayout_init: NFSv4 File Layout Driver Registering...
[    4.331752] nfs4flexfilelayout_init: NFSv4 Flexfile Layout Driver Registering...
[    4.333045] fuse: init (API version 7.45)
[    4.334434] SGI XFS with ACLs, security attributes, realtime, quota, no debug enabled
[    4.337154] 9p: Installing v9fs 9p2000 file system support
[    4.353574] Key type asymmetric registered
[    4.354062] Asymmetric key parser 'x509' registered
[    4.354816] Block layer SCSI generic (bsg) driver version 0.4 loaded (major 241)
[    4.356164] io scheduler mq-deadline registered
[    4.356805] io scheduler bfq registered
[    4.357943] ledtrig-cpu: registered to indicate activity on CPUs
[    4.360685] IPMI message handler: version 39.2
[    4.361259] ipmi device interface
[    4.364160] input: Power Button as /devices/LNXSYSTM:00/LNXPWRBN:00/input/input0
[    4.365625] ACPI: button: Power Button [PWRF]
[    4.368012] ERST DBG: ERST support is disabled.
[    4.370383] Serial: 8250/16550 driver, 32 ports, IRQ sharing enabled
[    4.372479] 00:04: ttyS0 at I/O 0x3f8 (irq = 4, base_baud = 115200) is a 16550A
[    4.410954] Callback from call_rcu_tasks() invoked.
[    4.411151] Linux agpgart interface v0.103
[    4.416270] ACPI: bus type drm_connector registered
[    4.448404] brd: module loaded
[    4.469009] loop: module loaded
[    4.483024] scsi host0: ata_piix
[    4.484987] scsi host1: ata_piix
[    4.485951] ata1: PATA max MWDMA2 cmd 0x1f0 ctl 0x3f6 bmdma 0xc040 irq 14 lpm-pol 0
[    4.486781] ata2: PATA max MWDMA2 cmd 0x170 ctl 0x376 bmdma 0xc048 irq 15 lpm-pol 0
[    4.491473] tun: Universal TUN/TAP device driver, 1.6
[    4.492573] e100: Intel(R) PRO/100 Network Driver
[    4.493073] e100: Copyright(c) 1999-2006 Intel Corporation
[    4.493797] e1000: Intel(R) PRO/1000 Network Driver
[    4.494315] e1000: Copyright (c) 1999-2006 Intel Corporation.
[    4.643043] ata1: found unknown device (class 0)
[    4.644751] ata1.00: ATA-7: QEMU HARDDISK, 2.5+, max UDMA/100
[    4.645708] ata1.00: 17196647 sectors, multi 16: LBA48 
[    4.647466] ata2: found unknown device (class 0)
[    4.648549] ata2.00: ATAPI: QEMU DVD-ROM, 2.5+, max UDMA/100
[    4.651540] scsi 0:0:0:0: Direct-Access     ATA      QEMU HARDDISK    2.5+ PQ: 0 ANSI: 5
[    4.664017] sd 0:0:0:0: Attached scsi generic sg0 type 0
[    4.666165] sd 0:0:0:0: [sda] 17196647 512-byte logical blocks: (8.80 GB/8.20 GiB)
[    4.667838] sd 0:0:0:0: [sda] Write Protect is off
[    4.668926] sd 0:0:0:0: [sda] Write cache: enabled, read cache: enabled, doesn't support DPO or FUA
[    4.670923] scsi 1:0:0:0: CD-ROM            QEMU     QEMU DVD-ROM     2.5+ PQ: 0 ANSI: 5
[    4.671162] sd 0:0:0:0: [sda] Preferred minimum I/O size 512 bytes
[    4.688701] scsi 1:0:0:0: Attached scsi generic sg1 type 5
[    4.714039] sd 0:0:0:0: [sda] Attached SCSI disk
[    5.412911] ACPI: \_SB_.LNKC: Enabled at IRQ 11
[    5.731805] e1000 0000:00:03.0 eth0: (PCI:33MHz:32-bit) 52:54:00:12:34:56
[    5.732583] e1000 0000:00:03.0 eth0: Intel(R) PRO/1000 Network Connection
[    5.733507] e1000e: Intel(R) PRO/1000 Network Driver
[    5.733986] e1000e: Copyright(c) 1999 - 2015 Intel Corporation.
[    5.734815] igb: Intel(R) Gigabit Ethernet Network Driver
[    5.735352] igb: Copyright (c) 2007-2014 Intel Corporation.
[    5.736381] PPP generic driver version 2.4.2
[    5.738390] VFIO - User Level meta-driver version: 0.3
[    5.741603] usbcore: registered new interface driver uas
[    5.742320] usbcore: registered new interface driver usb-storage
[    5.743318] i8042: PNP: PS/2 Controller [PNP0303:KBD,PNP0f13:MOU] at 0x60,0x64 irq 1,12
[    5.745420] serio: i8042 KBD port at 0x60,0x64 irq 1
[    5.746013] serio: i8042 AUX port at 0x60,0x64 irq 12
[    5.749206] mousedev: PS/2 mouse device common for all mice
[    5.753006] rtc_cmos 00:05: RTC can wake from S4
[    5.754834] input: AT Translated Set 2 keyboard as /devices/platform/i8042/serio0/input/input1
[    5.757266] rtc_cmos 00:05: registered as rtc0
[    5.757903] rtc_cmos 00:05: setting system clock to 2026-01-13T19:23:18 UTC (1768332198)
[    5.759439] rtc_cmos 00:05: alarms up to one day, y3k, 242 bytes nvram, hpet irqs
[    5.759526] input: VirtualPS/2 VMware VMMouse as /devices/platform/i8042/serio1/input/input4
[    5.760260] i2c_dev: i2c /dev entries driver
[    5.762134] device-mapper: core: CONFIG_IMA_DISABLE_HTABLE is disabled. Duplicate IMA measurements will not be recorded in the IMA log.
[    5.763601] device-mapper: uevent: version 1.0.3
[    5.763793] input: VirtualPS/2 VMware VMMouse as /devices/platform/i8042/serio1/input/input3
[    5.764735] device-mapper: ioctl: 4.50.0-ioctl (2025-04-28) initialised: dm-devel@lists.linux.dev
[    5.766121] intel_pstate: CPU model not supported
[    5.766966] sdhci: Secure Digital Host Controller Interface driver
[    5.767677] sdhci: Copyright(c) Pierre Ossman
[    5.768526] sdhci-pltfm: SDHCI platform and OF driver helper
[    5.769851] drop_monitor: Initializing network drop monitor service
[    5.770939] NET: Registered PF_INET6 protocol family
[    5.773858] Segment Routing with IPv6
[    5.774316] In-situ OAM (IOAM) with IPv6
[    5.774844] NET: Registered PF_PACKET protocol family
[    5.775654] 9pnet: Installing 9P2000 support
[    5.776438] Key type dns_resolver registered
[    5.779047] IPI shorthand broadcast: enabled
[    5.855254] sched_clock: Marking stable (5836009465, 18753661)->(5895927725, -41164599)
[    5.857849] registered taskstats version 1
[    5.859508] Loading compiled-in X.509 certificates
[    5.954289] Demotion targets for Node 0: null
[    5.956882] Key type .fscrypt registered
[    5.957418] Key type fscrypt-provisioning registered
[    5.961668] Key type encrypted registered
[    5.963665] ima: No TPM chip found, activating TPM-bypass!
[    5.966155] ima: Allocated hash algorithm: sha1
[    5.968222] ima: No architecture policies found
[    5.970084] evm: Initialising EVM extended attributes:
[    5.971557] evm: security.selinux
[    5.972495] evm: security.SMACK64
[    5.973418] evm: security.SMACK64EXEC
[    5.974448] evm: security.SMACK64TRANSMUTE
[    5.975600] evm: security.SMACK64MMAP
[    5.976617] evm: security.apparmor
[    5.977562] evm: security.ima
[    5.978403] evm: security.capability
[    5.979418] evm: HMAC attrs: 0x1
[    5.986655] PM:   Magic number: 10:783:394
[    5.988585] RAS: Correctable Errors collector initialized.
[    5.990189] clk: Disabling unused clocks
[    5.991221] PM: genpd: Disabling unused power domains
[    5.992919] check access for rdinit=/init failed: -2, ignoring
[    5.993432] md: Waiting for all devices to be available before autodetect
[    5.993962] md: If you don't use raid, use raid=noautodetect
[    5.994327] md: Autodetecting RAID arrays.
[    5.994606] md: autorun ...
[    5.994816] md: ... autorun DONE.
[    6.005143] EXT4-fs (sda): INFO: recovery required on readonly filesystem
[    6.005601] EXT4-fs (sda): write access will be enabled during recovery
[    6.234001] EXT4-fs (sda): recovery complete
[    6.236628] EXT4-fs (sda): mounted filesystem 088740a9-c8b4-422c-999d-a804eb68a4da ro with ordered data mode. Quota mode: none.
[    6.237483] VFS: Mounted root (ext4 filesystem) readonly on device 8:0.
[    6.240947] devtmpfs: mounted
[    6.262712] Freeing unused decrypted memory: 2036K
[    6.273954] Freeing unused kernel image (initmem) memory: 16412K
[    6.274546] Write protecting the kernel read-only data: 102400k
[    6.277498] Freeing unused kernel image (text/rodata gap) memory: 992K
[    6.279739] Freeing unused kernel image (rodata/data gap) memory: 1664K
[    6.361688] x86/mm: Checked W+X mappings: passed, no W+X pages found.
[    6.362146] Run /sbin/init as init process
[    6.618246] systemd[1]: systemd 252-15.el9 running in system mode (+PAM +AUDIT +SELINUX -APPARMOR +IMA +SMACK +SECCOMP +GCRYPT +GNUTLS +OPENSSL +ACL +BLKID +CURL +ELFUTILS -FIDO2 +IDN2 -IDN -IPTC +KMOD +LIBCRYPTSETUP +LIBFDISK +PCRE2 -PWQUALITY +P11KIT -QRENCODE +TPM2 +BZIP2 +LZ4 +XZ +ZLIB +ZSTD -BPF_FRAMEWORK +XKBCOMMON +UTMP +SYSVINIT default-hierarchy=unified)
[    6.620280] systemd[1]: Detected virtualization kvm.
[    6.620622] systemd[1]: Detected architecture x86-64.

Welcome to [0;31mCentOS Stream 9[0m!

[    6.626740] systemd[1]: Hostname set to <test>.
[    6.918658] systemd-rc-local-generator[119]: /etc/rc.d/rc.local is not marked executable, skipping.
[    7.282561] systemd[1]: Queued start job for default target Multi-User System.
[    7.306422] systemd[1]: Created slice Virtual Machine and Container Slice.
[[0;32m  OK  [0m] Created slice [0;1;39mVirtual Machine and Container Slice[0m.
[    7.312701] systemd[1]: Created slice Slice /system/getty.
[[0;32m  OK  [0m] Created slice [0;1;39mSlice /system/getty[0m.
[    7.316078] systemd[1]: Created slice Slice /system/modprobe.
[[0;32m  OK  [0m] Created slice [0;1;39mSlice /system/modprobe[0m.
[    7.319721] systemd[1]: Created slice Slice /system/serial-getty.
[[0;32m  OK  [0m] Created slice [0;1;39mSlice /system/serial-getty[0m.
[    7.323383] systemd[1]: Created slice Slice /system/sshd-keygen.
[[0;32m  OK  [0m] Created slice [0;1;39mSlice /system/sshd-keygen[0m.
[    7.326528] systemd[1]: Created slice User and Session Slice.
[[0;32m  OK  [0m] Created slice [0;1;39mUser and Session Slice[0m.
[    7.328247] systemd[1]: Started Forward Password Requests to Wall Directory Watch.
[[0;32m  OK  [0m] Started [0;1;39mForward Password R…uests to Wall Directory Watch[0m.
[    7.330985] systemd[1]: Set up automount Arbitrary Executable File Formats File System Automount Point.
[[0;32m  OK  [0m] Set up automount [0;1;39mArbitrary…s File System Automount Point[0m.
[    7.332842] systemd[1]: Reached target Local Integrity Protected Volumes.
[[0;32m  OK  [0m] Reached target [0;1;39mLocal Integrity Protected Volumes[0m.
[    7.334244] systemd[1]: Reached target Slice Units.
[[0;32m  OK  [0m] Reached target [0;1;39mSlice Units[0m.
[    7.335319] systemd[1]: Reached target Swaps.
[[0;32m  OK  [0m] Reached target [0;1;39mSwaps[0m.
[    7.336310] systemd[1]: Reached target Local Verity Protected Volumes.
[[0;32m  OK  [0m] Reached target [0;1;39mLocal Verity Protected Volumes[0m.
[    7.338000] systemd[1]: Listening on Device-mapper event daemon FIFOs.
[[0;32m  OK  [0m] Listening on [0;1;39mDevice-mapper event daemon FIFOs[0m.
[    7.340003] systemd[1]: Listening on LVM2 poll daemon socket.
[[0;32m  OK  [0m] Listening on [0;1;39mLVM2 poll daemon socket[0m.
[    7.341392] systemd[1]: multipathd control socket was skipped because of an unmet condition check (ConditionPathExists=/etc/multipath.conf).
[    7.398660] systemd[1]: Listening on RPCbind Server Activation Socket.
[[0;32m  OK  [0m] Listening on [0;1;39mRPCbind Server Activation Socket[0m.
[    7.400546] systemd[1]: Reached target RPC Port Mapper.
[[0;32m  OK  [0m] Reached target [0;1;39mRPC Port Mapper[0m.
[    7.406032] systemd[1]: Listening on Process Core Dump Socket.
[[0;32m  OK  [0m] Listening on [0;1;39mProcess Core Dump Socket[0m.
[    7.408310] systemd[1]: Listening on initctl Compatibility Named Pipe.
[[0;32m  OK  [0m] Listening on [0;1;39minitctl Compatibility Named Pipe[0m.
[    7.411318] systemd[1]: Listening on Journal Socket (/dev/log).
[[0;32m  OK  [0m] Listening on [0;1;39mJournal Socket (/dev/log)[0m.
[    7.413962] systemd[1]: Listening on Journal Socket.
[[0;32m  OK  [0m] Listening on [0;1;39mJournal Socket[0m.
[    7.416764] systemd[1]: Listening on udev Control Socket.
[[0;32m  OK  [0m] Listening on [0;1;39mudev Control Socket[0m.
[    7.419100] systemd[1]: Listening on udev Kernel Socket.
[[0;32m  OK  [0m] Listening on [0;1;39mudev Kernel Socket[0m.
[    7.439427] systemd[1]: Mounting Huge Pages File System...
         Mounting [0;1;39mHuge Pages File System[0m...
[    7.451062] systemd[1]: Mounting POSIX Message Queue File System...
         Mounting [0;1;39mPOSIX Message Queue File System[0m...
[    7.462957] systemd[1]: Mounting Kernel Debug File System...
         Mounting [0;1;39mKernel Debug File System[0m...
[    7.470921] systemd[1]: Mounting Kernel Trace File System...
         Mounting [0;1;39mKernel Trace File System[0m...
[    7.474366] systemd[1]: Kernel Module supporting RPCSEC_GSS was skipped because of an unmet condition check (ConditionPathExists=/etc/krb5.keytab).
[    7.476060] systemd[1]: Create List of Static Device Nodes was skipped because of an unmet condition check (ConditionFileNotEmpty=/lib/modules/6.19.0-rc1-2a255acce2e5+/modules.devname).
[    7.484040] systemd[1]: Starting Monitoring of LVM2 mirrors, snapshots etc. using dmeventd or progress polling...
         Starting [0;1;39mMonitoring of LVM…meventd or progress polling[0m...
[    7.495999] systemd[1]: Starting Load Kernel Module configfs...
         Starting [0;1;39mLoad Kernel Module configfs[0m...
[    7.506441] systemd[1]: Starting Load Kernel Module drm...
         Starting [0;1;39mLoad Kernel Module drm[0m...
[    7.518640] systemd[1]: Starting Load Kernel Module fuse...
         Starting [0;1;39mLoad Kernel Module fuse[0m...
[    7.535294] systemd[1]: Starting Read and set NIS domainname from /etc/sysconfig/network...
         Starting [0;1;39mRead and set NIS …from /etc/sysconfig/network[0m...
[    7.550166] systemd[1]: Starting Journal Service...
         Starting [0;1;39mJournal Service[0m...
[    7.575223] systemd[1]: Starting Load Kernel Modules...
         Starting [0;1;39mLoad Kernel Modules[0m...
[    7.611884] systemd[1]: Starting Generate network units from Kernel command line...
         Starting [0;1;39mGenerate network …ts from Kernel command line[0m...
[    7.647859] systemd[1]: Starting Remount Root and Kernel File Systems...
         Starting [0;1;39mRemount Root and Kernel File Systems[0m...
[    7.656042] systemd[1]: Repartition Root Disk was skipped because no trigger condition checks were met.
[    7.668168] systemd[1]: Starting Coldplug All udev Devices...
         Starting [0;1;39mColdplug All udev Devices[0m...
[    7.690442] systemd[1]: Mounted Huge Pages File System.
[[0;32m  OK  [0m] Mounted [0;1;39mHuge Pages File System[0m.
[    7.696666] systemd[1]: Mounted POSIX Message Queue File System.
[[0;32m  OK  [0m] Mounted [0;1;39mPOSIX Message Queue File System[0m.
[    7.704432] systemd[1]: Mounted Kernel Debug File System.
[[0;32m  OK  [0m] Mounted [0;1;39mKernel Debug File System[0m.
[    7.706549] systemd[1]: Mounted Kernel Trace File System.
[[0;32m  OK  [0m] Mounted [0;1;39mKernel Trace File System[0m.
[    7.713176] systemd[1]: Finished Monitoring of LVM2 mirrors, snapshots etc. using dmeventd or progress polling.
[[0;32m  OK  [0m] Finished [0;1;39mMonitoring of LVM… dmeventd or progress polling[0m.
[    7.721078] systemd[1]: modprobe@configfs.service: Deactivated successfully.
[    7.726855] systemd[1]: Finished Load Kernel Module configfs.
[[0;32m  OK  [0m] Finished [0;1;39mLoad Kernel Module configfs[0m.
[    7.730081] systemd[1]: modprobe@drm.service: Deactivated successfully.
[    7.738845] systemd[1]: Finished Load Kernel Module drm.
[[0;32m  OK  [0m] Finished [0;1;39mLoad Kernel Module drm[0m.
[    7.742324] systemd[1]: modprobe@fuse.service: Deactivated successfully.
[    7.751925] systemd[1]: Finished Load Kernel Module fuse.
[[0;32m  OK  [0m] Finished [0;1;39mLoad Kernel Module fuse[0m.
[    7.758835] systemd[1]: Finished Read and set NIS domainname from /etc/sysconfig/network.
[    7.759005] EXT4-fs (sda): re-mounted 088740a9-c8b4-422c-999d-a804eb68a4da r/w.
[[0;32m  OK  [0m] Finished [0;1;39mRead and set NIS …e from /etc/sysconfig/network[0m.
[    7.768154] systemd[1]: systemd-modules-load.service: Main process exited, code=exited, status=1/FAILURE
[    7.770075] systemd[1]: systemd-modules-load.service: Failed with result 'exit-code'.
[    7.776203] systemd[1]: Failed to start Load Kernel Modules.
[[0;1;31mFAILED[0m] Failed to start [0;1;39mLoad Kernel Modules[0m.
See 'systemctl status systemd-modules-load.service' for details.
[    7.785300] systemd[1]: Finished Generate network units from Kernel command line.
[[0;32m  OK  [0m] Finished [0;1;39mGenerate network units from Kernel command line[0m.
[    7.793419] systemd[1]: Finished Remount Root and Kernel File Systems.
[[0;32m  OK  [0m] Finished [0;1;39mRemount Root and Kernel File Systems[0m.
[    7.796493] systemd[1]: Reached target Preparation for Network.
[[0;32m  OK  [0m] Reached target [0;1;39mPreparation for Network[0m.
[    7.819283] systemd[1]: Mounting FUSE Control File System...
         Mounting [0;1;39mFUSE Control File System[0m...
[    7.837202] systemd[1]: Mounting Kernel Configuration File System...
         Mounting [0;1;39mKernel Configuration File System[0m...
[    7.839573] systemd[1]: Special handling of early boot iSCSI sessions was skipped because of an unmet condition check (ConditionDirectoryNotEmpty=/sys/class/iscsi_session).
[    7.841176] systemd[1]: First Boot Wizard was skipped because of an unmet condition check (ConditionFirstBoot=yes).
[    7.849018] systemd[1]: Rebuild Hardware Database was skipped because of an unmet condition check (ConditionNeedsUpdate=/etc).
[    7.857878] systemd[1]: Starting Load/Save Random Seed...
         Starting [0;1;39mLoad/Save Random Seed[0m...
[    7.883194] systemd[1]: Starting Apply Kernel Variables...
         Starting [0;1;39mApply Kernel Variables[0m...
[    7.884640] systemd[1]: Create System Users was skipped because no trigger condition checks were met.
[    7.902140] systemd[1]: Starting Create Static Device Nodes in /dev...
         Starting [0;1;39mCreate Static Device Nodes in /dev[0m...
[    7.929129] systemd[1]: Starting Setup Virtual Console...
         Starting [0;1;39mSetup Virtual Console[0m...
[    7.945013] systemd[1]: Started Journal Service.
[[0;32m  OK  [0m] Started [0;1;39mJournal Service[0m.
[[0;32m  OK  [0m] Mounted [0;1;39mFUSE Control File System[0m.
[[0;32m  OK  [0m] Mounted [0;1;39mKernel Configuration File System[0m.
[[0;32m  OK  [0m] Finished [0;1;39mLoad/Save Random Seed[0m.
         Starting [0;1;39mFlush Journal to Persistent Storage[0m...
[[0;32m  OK  [0m] Finished [0;1;39mApply Kernel Variables[0m.
[    8.074571] systemd-journald[142]: Received client request to flush runtime journal.
[[0;32m  OK  [0m] Finished [0;1;39mCreate Static Device Nodes in /dev[0m.
         Starting [0;1;39mRule-based Manage…for Device Events and Files[0m...
[[0;32m  OK  [0m] Finished [0;1;39mFlush Journal to Persistent Storage[0m.
[[0;32m  OK  [0m] Started [0;1;39mRule-based Manager for Device Events and Files[0m.
         Starting [0;1;39mAuto-connect to s…E devices found during boot[0m...
[[0;32m  OK  [0m] Finished [0;1;39mAuto-connect to s…VME devices found during boot[0m.
[[0;32m  OK  [0m] Finished [0;1;39mSetup Virtual Console[0m.
[[0;32m  OK  [0m] Finished [0;1;39mColdplug All udev Devices[0m.
[[0;32m  OK  [0m] Started [0;1;39mDispatch Password …ts to Console Directory Watch[0m.
[[0;32m  OK  [0m] Reached target [0;1;39mLocal Encrypted Volumes[0m.
[[0;32m  OK  [0m] Reached target [0;1;39mPath Units[0m.
         Starting [0;1;39mWait for udev To …plete Device Initialization[0m...
[[0;32m  OK  [0m] Found device [0;1;39m/dev/ttyS0[0m.
[[0;32m  OK  [0m] Listening on [0;1;39mLoad/Save RF …itch Status /dev/rfkill Watch[0m.
[[0;32m  OK  [0m] Finished [0;1;39mWait for udev To Complete Device Initialization[0m.
[[0;32m  OK  [0m] Reached target [0;1;39mPreparation for Local File Systems[0m.
[[0;32m  OK  [0m] Reached target [0;1;39mLocal File Systems[0m.
         Starting [0;1;39mTell Plymouth To Write Out Runtime Data[0m...
         Starting [0;1;39mAutomatic Boot Loader Update[0m...
         Starting [0;1;39mCreate Volatile Files and Directories[0m...
[[0;32m  OK  [0m] Finished [0;1;39mTell Plymouth To Write Out Runtime Data[0m.
[[0;32m  OK  [0m] Finished [0;1;39mAutomatic Boot Loader Update[0m.
[[0;32m  OK  [0m] Finished [0;1;39mCreate Volatile Files and Directories[0m.
         Mounting [0;1;39mRPC Pipe File System[0m...
         Starting [0;1;39mSecurity Auditing Service[0m...
         Starting [0;1;39mRPC Bind[0m...
[[0;32m  OK  [0m] Mounted [0;1;39mRPC Pipe File System[0m.
[[0;32m  OK  [0m] Reached target [0;1;39mrpc_pipefs.target[0m.
[[0;32m  OK  [0m] Started [0;1;39mRPC Bind[0m.
[[0;32m  OK  [0m] Started [0;1;39mSecurity Auditing Service[0m.
         Starting [0;1;39mRecord System Boot/Shutdown in UTMP[0m...
[[0;32m  OK  [0m] Finished [0;1;39mRecord System Boot/Shutdown in UTMP[0m.
[[0;32m  OK  [0m] Reached target [0;1;39mSystem Initialization[0m.
[[0;32m  OK  [0m] Started [0;1;39mDaily rotation of log files[0m.
[[0;32m  OK  [0m] Started [0;1;39mUpdates mlocate database every day[0m.
[[0;32m  OK  [0m] Started [0;1;39mDaily Cleanup of Temporary Directories[0m.
[[0;32m  OK  [0m] Started [0;1;39mdaily update of the root trust anchor for DNSSEC[0m.
[[0;32m  OK  [0m] Reached target [0;1;39mTimer Units[0m.
[[0;32m  OK  [0m] Listening on [0;1;39mD-Bus System Message Bus Socket[0m.
[[0;32m  OK  [0m] Listening on [0;1;39mOpen-iSCSI iscsid Socket[0m.
[[0;32m  OK  [0m] Listening on [0;1;39mOpen-iSCSI iscsiuio Socket[0m.
[[0;32m  OK  [0m] Listening on [0;1;39mSSSD Kerberos…ache Manager responder socket[0m.
[[0;32m  OK  [0m] Listening on [0;1;39mLibvirt interface local socket[0m.
[[0;32m  OK  [0m] Listening on [0;1;39mVirtual machine lock manager socket[0m.
[[0;32m  OK  [0m] Listening on [0;1;39mVirtual machine log manager socket[0m.
[[0;32m  OK  [0m] Listening on [0;1;39mLibvirt network local socket[0m.
[[0;32m  OK  [0m] Listening on [0;1;39mLibvirt nodedev local socket[0m.
[[0;32m  OK  [0m] Listening on [0;1;39mLibvirt nwfilter local socket[0m.
[[0;32m  OK  [0m] Listening on [0;1;39mLibvirt proxy local socket[0m.
[[0;32m  OK  [0m] Listening on [0;1;39mLibvirt qemu local socket[0m.
[[0;32m  OK  [0m] Listening on [0;1;39mLibvirt qemu admin socket[0m.
[[0;32m  OK  [0m] Listening on [0;1;39mLibvirt qemu local read-only socket[0m.
[[0;32m  OK  [0m] Listening on [0;1;39mLibvirt secret local socket[0m.
[[0;32m  OK  [0m] Listening on [0;1;39mLibvirt storage local socket[0m.
[[0;32m  OK  [0m] Reached target [0;1;39mSocket Units[0m.
         Starting [0;1;39mD-Bus System Message Bus[0m...
[[0;32m  OK  [0m] Started [0;1;39mD-Bus System Message Bus[0m.
[[0;32m  OK  [0m] Reached target [0;1;39mBasic System[0m.
         Starting [0;1;39mNetwork Manager[0m...
         Starting [0;1;39mNTP client/server[0m...
         Starting [0;1;39mRestore /run/initramfs on shutdown[0m...
[[0;32m  OK  [0m] Started [0;1;39mirqbalance daemon[0m.
[[0;32m  OK  [0m] Started [0;1;39mlibstoragemgmt plug-in server daemon[0m.
[[0;32m  OK  [0m] Started [0;1;39mMachine Check Exception Logging Daemon[0m.
[[0;32m  OK  [0m] Reached target [0;1;39msshd-keygen.target[0m.
[[0;32m  OK  [0m] Reached target [0;1;39mUser and Group Name Lookups[0m.
         Starting [0;1;39mUser Login Management[0m...
         Starting [0;1;39mVirtual Machine a…tainer Registration Service[0m...
[[0;32m  OK  [0m] Started [0;1;39mNTP client/server[0m.
[[0;32m  OK  [0m] Finished [0;1;39mRestore /run/initramfs on shutdown[0m.
         Starting [0;1;39mHostname Service[0m...
[[0;32m  OK  [0m] Started [0;1;39mVirtual Machine an…ontainer Registration Service[0m.
[[0;32m  OK  [0m] Started [0;1;39mUser Login Management[0m.
[[0;32m  OK  [0m] Started [0;1;39mHostname Service[0m.
         Starting [0;1;39mNetwork Manager Script Dispatcher Service[0m...
[[0;32m  OK  [0m] Started [0;1;39mNetwork Manager Script Dispatcher Service[0m.
[   11.963001] e1000: eth0 NIC Link is Up 1000 Mbps Full Duplex, Flow Control: RX
[[0;32m  OK  [0m] Started [0;1;39mNetwork Manager[0m.
[[0;32m  OK  [0m] Reached target [0;1;39mNetwork[0m.
[[0;32m  OK  [0m] Reached target [0;1;39mNetwork is Online[0m.
         Starting [0;1;39mGSSAPI Proxy Daemon[0m...
         Starting [0;1;39mNotify NFS peers of a restart[0m...
         Starting [0;1;39mSystem Logging Service[0m...
         Starting [0;1;39mOpenSSH server daemon[0m...
         Starting [0;1;39mDynamic System Tuning Daemon[0m...
[[0;32m  OK  [0m] Started [0;1;39mGSSAPI Proxy Daemon[0m.
[[0;32m  OK  [0m] Started [0;1;39mNotify NFS peers of a restart[0m.
[[0;32m  OK  [0m] Reached target [0;1;39mNFS client services[0m.
[[0;32m  OK  [0m] Reached target [0;1;39mPreparation for Remote File Systems[0m.
[[0;32m  OK  [0m] Reached target [0;1;39mRemote File Systems[0m.
         Starting [0;1;39mPermit User Sessions[0m...
         Starting [0;1;39mVirtualization qemu daemon[0m...
[[0;32m  OK  [0m] Started [0;1;39mOpenSSH server daemon[0m.
[[0;32m  OK  [0m] Finished [0;1;39mPermit User Sessions[0m.
[[0;32m  OK  [0m] Started [0;1;39mDeferred execution scheduler[0m.
[[0;32m  OK  [0m] Started [0;1;39mCommand Scheduler[0m.
         Starting [0;1;39mHold until boot process finishes up[0m...
         Starting [0;1;39mTerminate Plymouth Boot Screen[0m...
[[0;32m  OK  [0m] Started [0;1;39mSystem Logging Service[0m.
[[0;32m  OK  [0m] Finished [0;1;39mHold until boot process finishes up[0m.
[[0;32m  OK  [0m] Started [0;1;39mGetty on tty1[0m.
[[0;32m  OK  [0m] Started [0;1;39mSerial Getty on ttyS0[0m.
[[0;32m  OK  [0m] Reached target [0;1;39mLogin Prompts[0m.
[[0;32m  OK  [0m] Started [0;1;39mVirtualization qemu daemon[0m.
[[0;32m  OK  [0m] Finished [0;1;39mTerminate Plymouth Boot Screen[0m.
         Starting [0;1;39mAuthorization Manager[0m...
[[0;32m  OK  [0m] Started [0;1;39mAuthorization Manager[0m.
[[0;32m  OK  [0m] Started [0;1;39mDynamic System Tuning Daemon[0m.
[[0;32m  OK  [0m] Reached target [0;1;39mMulti-User System[0m.
         Starting [0;1;39mRecord Runlevel Change in UTMP[0m...
[[0;32m  OK  [0m] Finished [0;1;39mRecord Runlevel Change in UTMP[0m.

CentOS Stream 9
Kernel 6.19.0-rc1-2a255acce2e5+ on an x86_64

Activate the web console with: systemctl enable --now cockpit.socket

test login: [   21.570906] 
[   21.571164] =====================================
[   21.571633] WARNING: bad unlock balance detected!
[   21.572097] 6.19.0-rc1-2a255acce2e5+ #1 Not tainted
[   21.572576] -------------------------------------
[   21.573043] repro/981 is trying to release lock (rcu_read_lock) at:
[   21.573658] [<ffffffff8212560a>] __wait_on_freeing_inode+0x13a/0x3b0
[   21.574325] but there are no more locks to release!
[   21.574800] 
[   21.574800] other info that might help us debug this:
[   21.575423] 4 locks held by repro/981:
[   21.575795]  #0: ffff888013568408 (sb_writers#3){.+.+}-{0:0}, at: filename_create+0x122/0x460
[   21.576639]  #1: ffff8880267c2090 (&type->i_mutex_dir_key#3/1){+.+.}-{4:4}, at: filename_create+0x1e6/0x460
[   21.577601]  #2: ffff88801356a950 (jbd2_handle){++++}-{0:0}, at: start_this_handle+0x1042/0x1550
[   21.578479]  #3: ffffffff87416918 (inode_hash_lock){+.+.}-{3:3}, at: insert_inode_locked+0xf4/0x860
[   21.579367] 
[   21.579367] stack backtrace:
[   21.579803] CPU: 1 UID: 0 PID: 981 Comm: repro Not tainted 6.19.0-rc1-2a255acce2e5+ #1 PREEMPT(voluntary) 
[   21.579817] Hardware name: QEMU Standard PC (i440FX + PIIX, 1996), BIOS rel-1.16.0-0-gd239552ce722-prebuilt.qemu.org 04/01/2014
[   21.579827] Call Trace:
[   21.579835]  <TASK>
[   21.579843]  dump_stack_lvl+0xea/0x150
[   21.579882]  ? __wait_on_freeing_inode+0x13a/0x3b0
[   21.579897]  dump_stack+0x19/0x20
[   21.579909]  print_unlock_imbalance_bug+0x121/0x140
[   21.579946]  ? __wait_on_freeing_inode+0x13a/0x3b0
[   21.579961]  lock_release+0x211/0x2a0
[   21.579982]  __wait_on_freeing_inode+0x13f/0x3b0
[   21.579998]  ? __pfx___wait_on_freeing_inode+0x10/0x10
[   21.580013]  ? do_raw_spin_lock+0x140/0x280
[   21.580025]  ? __pfx_var_wake_function+0x10/0x10
[   21.580046]  ? __this_cpu_preempt_check+0x21/0x30
[   21.580066]  ? lock_is_held_type+0xef/0x150
[   21.580082]  insert_inode_locked+0x26c/0x860
[   21.580101]  __ext4_new_inode+0x1c4a/0x5230
[   21.580129]  ? __pfx___ext4_new_inode+0x10/0x10
[   21.580141]  ? __pfx___dquot_initialize+0x10/0x10
[   21.580164]  ? ext4_get_dummy_policy+0x16/0x80
[   21.580175]  ? __pfx_ext4_get_dummy_policy+0x10/0x10
[   21.580190]  ext4_symlink+0x6c9/0xc70
[   21.580215]  ? __pfx_ext4_symlink+0x10/0x10
[   21.580228]  ? generic_permission+0xbf/0x800
[   21.580246]  ? __sanitizer_cov_trace_const_cmp4+0x1a/0x20
[   21.580275]  ? security_inode_permission+0xb8/0x220
[   21.580300]  ? inode_permission+0x39d/0x690
[   21.580316]  ? __sanitizer_cov_trace_const_cmp4+0x1a/0x20
[   21.580331]  vfs_symlink+0x459/0x850
[   21.580343]  do_symlinkat+0x40d/0x570
[   21.580356]  ? __sanitizer_cov_trace_const_cmp8+0x1c/0x30
[   21.580373]  ? __pfx_do_symlinkat+0x10/0x10
[   21.580387]  ? __sanitizer_cov_trace_const_cmp4+0x1a/0x20
[   21.580400]  ? getname_flags.part.0+0x1d5/0x570
[   21.580420]  __x64_sys_symlink+0x7f/0xa0
[   21.580435]  x64_sys_call+0x2d5/0x21b0
[   21.580454]  do_syscall_64+0x6d/0x1180
[   21.580470]  entry_SYSCALL_64_after_hwframe+0x76/0x7e
[   21.580480] RIP: 0033:0x7f27d123eabb
[   21.580496] Code: f0 ff ff 73 01 c3 48 8b 0d 62 b3 1b 00 f7 d8 64 89 01 48 83 c8 ff c3 0f 1f 84 00 00 00 00 00 f3 0f 1e fa b8 58 00 00 00 0f 05 <48> 3d 01 f0 ff ff 73 01 c3 48 8b 0d 35 b3 1b 00 f7 d8 64 89 01 48
[   21.580507] RSP: 002b:00007ffeec84e218 EFLAGS: 00000206 ORIG_RAX: 0000000000000058
[   21.580520] RAX: ffffffffffffffda RBX: 0000000000000000 RCX: 00007f27d123eabb
[   21.580527] RDX: 0000000000000004 RSI: 0000000000402078 RDI: 0000000000402083
[   21.580533] RBP: 00007ffeec84e220 R08: 0000000000000000 R09: 00007ffeec84dc90
[   21.580539] R10: 00007f27d1214730 R11: 0000000000000206 R12: 00007ffeec84e398
[   21.580545] R13: 0000000000401bdd R14: 0000000000403e08 R15: 00007f27d15a9000
[   21.580564]  </TASK>
[   21.604808] ------------[ cut here ]------------
[   21.605278] WARNING: kernel/rcu/tree_plugin.h:443 at __rcu_read_unlock+0x283/0x570, CPU#1: repro/981
[   21.606172] Modules linked in:
[   21.606514] CPU: 1 UID: 0 PID: 981 Comm: repro Not tainted 6.19.0-rc1-2a255acce2e5+ #1 PREEMPT(voluntary) 
[   21.609120] Hardware name: QEMU Standard PC (i440FX + PIIX, 1996), BIOS rel-1.16.0-0-gd239552ce722-prebuilt.qemu.org 04/01/2014
[   21.610290] RIP: 0010:__rcu_read_unlock+0x283/0x570
[   21.612712] Code: e4 0f 84 d5 00 00 00 bf 09 00 00 00 e8 06 c7 d9 ff 4d 85 f6 0f 84 6a fe ff ff e8 f8 2a 29 00 fb 0f 1f 44 00 00 e9 5a fe ff ff <0f> 0b 5b 41 5c 41 5d 41 5e 41 5f 5d e9 4c 16 81 04 e8 67 c5 8b 00
[   21.614644] RSP: 0018:ffff8880183ff918 EFLAGS: 00010286
[   21.616609] RAX: 00000000ffffffff RBX: ffff88801afc2580 RCX: ffffffff8167a273
[   21.617329] RDX: 0000000000000000 RSI: 0000000000000001 RDI: ffff88801afc2dbc
[   21.618028] RBP: ffff8880183ff940 R08: 0000000000000000 R09: fffffbfff0eae548
[   21.618731] R10: 0000000000000001 R11: 6162206b63617473 R12: ffff88801afc2580
[   21.620663] R13: ffff88801afc2580 R14: 0000000000000001 R15: 0000000000000001
[   21.621385] FS:  00007f27d155c740(0000) GS:ffff8880e31b9000(0000) knlGS:0000000000000000
[   21.622165] CS:  0010 DS: 0000 ES: 0000 CR0: 0000000080050033
[   21.622727] CR2: 00007f27d133e7f0 CR3: 0000000024453005 CR4: 0000000000770ef0
[   21.625163] PKRU: 55555554
[   21.625449] Call Trace:
[   21.625702]  <TASK>
[   21.626315]  __wait_on_freeing_inode+0x144/0x3b0
[   21.627035]  ? __pfx___wait_on_freeing_inode+0x10/0x10
[   21.627577]  ? do_raw_spin_lock+0x140/0x280
[   21.628321]  ? __pfx_var_wake_function+0x10/0x10
[   21.629056]  ? __this_cpu_preempt_check+0x21/0x30
[   21.629664]  ? lock_is_held_type+0xef/0x150
[   21.630610]  insert_inode_locked+0x26c/0x860
[   21.631904]  __ext4_new_inode+0x1c4a/0x5230
[   21.633818]  ? __pfx___ext4_new_inode+0x10/0x10
[   21.634597]  ? __pfx___dquot_initialize+0x10/0x10
[   21.635844]  ? ext4_get_dummy_policy+0x16/0x80
[   21.636293]  ? __pfx_ext4_get_dummy_policy+0x10/0x10
[   21.637356]  ext4_symlink+0x6c9/0xc70
[   21.639285]  ? __pfx_ext4_symlink+0x10/0x10
[   21.639801]  ? generic_permission+0xbf/0x800
[   21.640572]  ? __sanitizer_cov_trace_const_cmp4+0x1a/0x20
[   21.641240]  ? security_inode_permission+0xb8/0x220
[   21.642070]  ? inode_permission+0x39d/0x690
[   21.642595]  ? __sanitizer_cov_trace_const_cmp4+0x1a/0x20
[   21.643710]  vfs_symlink+0x459/0x850
[   21.644801]  do_symlinkat+0x40d/0x570
[   21.645255]  ? __sanitizer_cov_trace_const_cmp8+0x1c/0x30
[   21.646249]  ? __pfx_do_symlinkat+0x10/0x10
[   21.646891]  ? __sanitizer_cov_trace_const_cmp4+0x1a/0x20
[   21.647540]  ? getname_flags.part.0+0x1d5/0x570
[   21.649014]  __x64_sys_symlink+0x7f/0xa0
[   21.649746]  x64_sys_call+0x2d5/0x21b0
[   21.650238]  do_syscall_64+0x6d/0x1180
[   21.651035]  entry_SYSCALL_64_after_hwframe+0x76/0x7e
[   21.651557] RIP: 0033:0x7f27d123eabb
[   21.652008] Code: f0 ff ff 73 01 c3 48 8b 0d 62 b3 1b 00 f7 d8 64 89 01 48 83 c8 ff c3 0f 1f 84 00 00 00 00 00 f3 0f 1e fa b8 58 00 00 00 0f 05 <48> 3d 01 f0 ff ff 73 01 c3 48 8b 0d 35 b3 1b 00 f7 d8 64 89 01 48
[   21.653975] RSP: 002b:00007ffeec84e218 EFLAGS: 00000206 ORIG_RAX: 0000000000000058
[   21.654819] RAX: ffffffffffffffda RBX: 0000000000000000 RCX: 00007f27d123eabb
[   21.655609] RDX: 0000000000000004 RSI: 0000000000402078 RDI: 0000000000402083
[   21.656387] RBP: 00007ffeec84e220 R08: 0000000000000000 R09: 00007ffeec84dc90
[   21.657146] R10: 00007f27d1214730 R11: 0000000000000206 R12: 00007ffeec84e398
[   21.657913] R13: 0000000000401bdd R14: 0000000000403e08 R15: 00007f27d15a9000
[   21.660147]  </TASK>
[   21.660389] irq event stamp: 289
[   21.660721] hardirqs last  enabled at (289): [<ffffffff85ec937a>] irqentry_exit+0x18a/0x690
[   21.661551] hardirqs last disabled at (287): [<ffffffff814897df>] handle_softirqs+0x68f/0x830
[   21.662404] softirqs last  enabled at (288): [<ffffffff81489a9e>] __irq_exit_rcu+0x10e/0x170
[   21.663287] softirqs last disabled at (241): [<ffffffff81489a9e>] __irq_exit_rcu+0x10e/0x170
[   21.664123] ---[ end trace 0000000000000000 ]---
