c[?7l[2J[0mSeaBIOS (version rel-1.16.0-0-gd239552ce722-prebuilt.qemu.org)


iPXE (http://ipxe.org) 00:03.0 CA00 PCI2.10 PnP PMM+7FF91000+7FEF1000 CA00
Press Ctrl-B to configure iPXE (PCI 00:03.0)...                                                                               


Booting from ROM...
c[?7l[2J[    0.000000] Linux version 6.19.0-rc1-3685744afa4a+ (root@p-mtlp04) (gcc (GCC) 11.5.0 20240719 (Red Hat 11.5.0-14), GNU ld version 2.35.2-69.el9) #1 SMP PREEMPT_DYNAMIC Wed Jan 14 00:33:11 CST 2026
[    0.000000] Command line: console=ttyS0 root=/dev/sda earlyprintk=serial net.ifnames=0 plymouth.enable=0
[    0.000000] KERNEL supported cpus:
[    0.000000]   Intel GenuineIntel
[    0.000000]   AMD AuthenticAMD
[    0.000000]   Hygon HygonGenuine
[    0.000000]   Centaur CentaurHauls
[    0.000000]   zhaoxin   Shanghai  
[    0.000000] x86/split lock detection: #DB: warning on user-space bus_locks
[    0.000000] BIOS-provided physical RAM map:
[    0.000000] BIOS-e820: [mem 0x0000000000000000-0x000000000009fbff] usable
[    0.000000] BIOS-e820: [mem 0x000000000009fc00-0x000000000009ffff] reserved
[    0.000000] BIOS-e820: [mem 0x00000000000f0000-0x00000000000fffff] reserved
[    0.000000] BIOS-e820: [mem 0x0000000000100000-0x000000007ffdffff] usable
[    0.000000] BIOS-e820: [mem 0x000000007ffe0000-0x000000007fffffff] reserved
[    0.000000] BIOS-e820: [mem 0x00000000feffc000-0x00000000feffffff] reserved
[    0.000000] BIOS-e820: [mem 0x00000000fffc0000-0x00000000ffffffff] reserved
[    0.000000] printk: legacy bootconsole [earlyser0] enabled
[    0.000000] NX (Execute Disable) protection: active
[    0.000000] APIC: Static calls initialized
[    0.000000] SMBIOS 2.8 present.
[    0.000000] DMI: QEMU Standard PC (i440FX + PIIX, 1996), BIOS rel-1.16.0-0-gd239552ce722-prebuilt.qemu.org 04/01/2014
[    0.000000] DMI: Memory slots populated: 1/1
[    0.000000] Hypervisor detected: KVM
[    0.000000] last_pfn = 0x7ffe0 max_arch_pfn = 0x400000000
[    0.000000] kvm-clock: Using msrs 4b564d01 and 4b564d00
[    0.000004] kvm-clock: using sched offset of 1187814190 cycles
[    0.000568] clocksource: kvm-clock: mask: 0xffffffffffffffff max_cycles: 0x1cd42e4dffb, max_idle_ns: 881590591483 ns
[    0.002333] tsc: Detected 2995.200 MHz processor
[    0.011382] last_pfn = 0x7ffe0 max_arch_pfn = 0x400000000
[    0.012012] MTRR map: 4 entries (3 fixed + 1 variable; max 19), built from 8 variable MTRRs
[    0.012909] x86/PAT: Configuration [0-7]: WB  WC  UC- UC  WB  WP  UC- WT  
[    0.027040] found SMP MP-table at [mem 0x000f5ba0-0x000f5baf]
[    0.027727] Using GB pages for direct mapping
[    0.030625] ACPI: Early table checksum verification disabled
[    0.031248] ACPI: RSDP 0x00000000000F59C0 000014 (v00 BOCHS )
[    0.031898] ACPI: RSDT 0x000000007FFE1951 000034 (v01 BOCHS  BXPC     00000001 BXPC 00000001)
[    0.032849] ACPI: FACP 0x000000007FFE17FD 000074 (v01 BOCHS  BXPC     00000001 BXPC 00000001)
[    0.033818] ACPI: DSDT 0x000000007FFE0040 0017BD (v01 BOCHS  BXPC     00000001 BXPC 00000001)
[    0.034787] ACPI: FACS 0x000000007FFE0000 000040
[    0.035317] ACPI: APIC 0x000000007FFE1871 000080 (v01 BOCHS  BXPC     00000001 BXPC 00000001)
[    0.036271] ACPI: HPET 0x000000007FFE18F1 000038 (v01 BOCHS  BXPC     00000001 BXPC 00000001)
[    0.037220] ACPI: WAET 0x000000007FFE1929 000028 (v01 BOCHS  BXPC     00000001 BXPC 00000001)
[    0.038156] ACPI: Reserving FACP table memory at [mem 0x7ffe17fd-0x7ffe1870]
[    0.038930] ACPI: Reserving DSDT table memory at [mem 0x7ffe0040-0x7ffe17fc]
[    0.039691] ACPI: Reserving FACS table memory at [mem 0x7ffe0000-0x7ffe003f]
[    0.040453] ACPI: Reserving APIC table memory at [mem 0x7ffe1871-0x7ffe18f0]
[    0.041213] ACPI: Reserving HPET table memory at [mem 0x7ffe18f1-0x7ffe1928]
[    0.041974] ACPI: Reserving WAET table memory at [mem 0x7ffe1929-0x7ffe1950]
[    0.043413] No NUMA configuration found
[    0.043833] Faking a node at [mem 0x0000000000000000-0x000000007ffdffff]
[    0.044595] NODE_DATA(0) allocated [mem 0x7ffb4ec0-0x7ffdfcbf]
[    0.045961] Zone ranges:
[    0.046236]   DMA      [mem 0x0000000000001000-0x0000000000ffffff]
[    0.046895]   DMA32    [mem 0x0000000001000000-0x000000007ffdffff]
[    0.047540]   Normal   empty
[    0.047846]   Device   empty
[    0.048153] Movable zone start for each node
[    0.048602] Early memory node ranges
[    0.048976]   node   0: [mem 0x0000000000001000-0x000000000009efff]
[    0.049628]   node   0: [mem 0x0000000000100000-0x000000007ffdffff]
[    0.050288] Initmem setup node 0 [mem 0x0000000000001000-0x000000007ffdffff]
[    0.051535] On node 0, zone DMA: 1 pages in unavailable ranges
[    0.052581] On node 0, zone DMA: 97 pages in unavailable ranges
[    0.113679] On node 0, zone DMA32: 32 pages in unavailable ranges
[    0.499114] KernelAddressSanitizer initialized (generic)
[    0.500137] ACPI: PM-Timer IO Port: 0x608
[    0.500750] ACPI: LAPIC_NMI (acpi_id[0xff] dfl dfl lint[0x1])
[    0.501520] IOAPIC[0]: apic_id 0, version 17, address 0xfec00000, GSI 0-23
[    0.502365] ACPI: INT_SRC_OVR (bus 0 bus_irq 0 global_irq 2 dfl dfl)
[    0.503121] ACPI: INT_SRC_OVR (bus 0 bus_irq 5 global_irq 5 high level)
[    0.503848] ACPI: INT_SRC_OVR (bus 0 bus_irq 9 global_irq 9 high level)
[    0.504571] ACPI: INT_SRC_OVR (bus 0 bus_irq 10 global_irq 10 high level)
[    0.505317] ACPI: INT_SRC_OVR (bus 0 bus_irq 11 global_irq 11 high level)
[    0.506078] ACPI: Using ACPI (MADT) for SMP configuration information
[    0.506795] ACPI: HPET id: 0x8086a201 base: 0xfed00000
[    0.507375] TSC deadline timer available
[    0.507816] CPU topo: Max. logical packages:   1
[    0.508322] CPU topo: Max. logical dies:       1
[    0.508830] CPU topo: Max. dies per package:   1
[    0.509341] CPU topo: Max. threads per core:   1
[    0.509847] CPU topo: Num. cores per package:     2
[    0.510391] CPU topo: Num. threads per package:   2
[    0.510925] CPU topo: Allowing 2 present CPUs plus 0 hotplug CPUs
[    0.511661] kvm-guest: APIC: eoi() replaced with kvm_guest_apic_eoi_write()
[    0.512493] kvm-guest: KVM setup pv remote TLB flush
[    0.513051] kvm-guest: setup PV sched yield
[    0.513591] PM: hibernation: Registered nosave memory: [mem 0x00000000-0x00000fff]
[    0.514463] PM: hibernation: Registered nosave memory: [mem 0x0009f000-0x000fffff]
[    0.515293] [mem 0x80000000-0xfeffbfff] available for PCI devices
[    0.515961] Booting paravirtualized kernel on KVM
[    0.516499] clocksource: refined-jiffies: mask: 0xffffffff max_cycles: 0xffffffff, max_idle_ns: 7645519600211568 ns
[    0.517658] setup_percpu: NR_CPUS:8192 nr_cpumask_bits:2 nr_cpu_ids:2 nr_node_ids:1
[    0.520527] percpu: Embedded 81 pages/cpu s294912 r8192 d28672 u1048576
[    0.521503] kvm-guest: PV spinlocks enabled
[    0.521988] PV qspinlock hash table entries: 256 (order: 0, 4096 bytes, linear)
[    0.522832] Kernel command line: net.ifnames=0 console=ttyS0 root=/dev/sda earlyprintk=serial net.ifnames=0 plymouth.enable=0
[    0.524518] random: crng init done
[    0.524904] printk: log buffer data + meta data: 262144 + 917504 = 1179648 bytes
[    0.527562] Dentry cache hash table entries: 262144 (order: 9, 2097152 bytes, linear)
[    0.529519] Inode-cache hash table entries: 131072 (order: 8, 1048576 bytes, linear)
[    0.530865] Fallback order for Node 0: 0 
[    0.530881] Built 1 zonelists, mobility grouping on.  Total pages: 524158
[    0.532018] Policy zone: DMA32
[    0.532343] mem auto-init: stack:off, heap alloc:off, heap free:off
[    0.533003] stackdepot: allocating hash table via alloc_large_system_hash
[    0.533728] stackdepot hash table entries: 1048576 (order: 12, 16777216 bytes, linear)
[    0.549492] stackdepot: allocating space for 8192 stack pools via memblock
[    0.598167] SLUB: HWalign=64, Order=0-3, MinObjects=0, CPUs=2, Nodes=1
[    0.598917] kmemleak: Kernel memory leak detector disabled
[    0.642971] ftrace: allocating 75259 entries in 296 pages
[    0.643614] ftrace: allocated 296 pages with 3 groups
[    0.649568] Dynamic Preempt: voluntary
[    0.650690] Running RCU self tests
[    0.651079] Running RCU synchronous self tests
[    0.651572] rcu: Preemptible hierarchical RCU implementation.
[    0.652198] rcu: 	RCU lockdep checking is enabled.
[    0.652727] rcu: 	RCU restricting CPUs from NR_CPUS=8192 to nr_cpu_ids=2.
[    0.653466] 	Trampoline variant of Tasks RCU enabled.
[    0.654022] 	Rude variant of Tasks RCU enabled.
[    0.654532] 	Tracing variant of Tasks RCU enabled.
[    0.655059] rcu: RCU calculated value of scheduler-enlistment delay is 25 jiffies.
[    0.655889] rcu: Adjusting geometry for rcu_fanout_leaf=16, nr_cpu_ids=2
[    0.656738] Running RCU synchronous self tests
[    0.657231] RCU Tasks: Setting shift to 1 and lim to 1 rcu_task_cb_adjust=1 rcu_task_cpu_ids=2.
[    0.658177] RCU Tasks Rude: Setting shift to 1 and lim to 1 rcu_task_cb_adjust=1 rcu_task_cpu_ids=2.
[    0.659192] RCU Tasks Trace: Setting shift to 1 and lim to 1 rcu_task_cb_adjust=1 rcu_task_cpu_ids=2.
[    0.749342] NR_IRQS: 524544, nr_irqs: 440, preallocated irqs: 16
[    0.750722] rcu: srcu_init: Setting srcu_struct sizes based on contention.
[    0.761635] Console: colour VGA+ 80x25
[    0.762196] printk: legacy console [ttyS0] enabled
[    0.762196] printk: legacy console [ttyS0] enabled
[    0.763293] printk: legacy bootconsole [earlyser0] disabled
[    0.763293] printk: legacy bootconsole [earlyser0] disabled
[    0.764557] Lock dependency validator: Copyright (c) 2006 Red Hat, Inc., Ingo Molnar
[    0.765449] ... MAX_LOCKDEP_SUBCLASSES:  8
[    0.765936] ... MAX_LOCK_DEPTH:          48
[    0.766430] ... MAX_LOCKDEP_KEYS:        8192
[    0.766935] ... CLASSHASH_SIZE:          4096
[    0.767437] ... MAX_LOCKDEP_ENTRIES:     524288
[    0.767958] ... MAX_LOCKDEP_CHAINS:      524288
[    0.768479] ... CHAINHASH_SIZE:          262144
[    0.768999]  memory used by lock dependency info: 54145 kB
[    0.769626]  memory used for stack traces: 4224 kB
[    0.770177]  per task-struct memory footprint: 1920 bytes
[    0.770911] ACPI: Core revision 20250807
[    0.771902] clocksource: hpet: mask: 0xffffffff max_cycles: 0xffffffff, max_idle_ns: 19112604467 ns
[    0.773144] APIC: Switch to symmetric I/O mode setup
[    0.773929] x2apic enabled
[    0.774775] APIC: Switched APIC routing to: physical x2apic
[    0.775498] kvm-guest: APIC: send_IPI_mask() replaced with kvm_send_ipi_mask()
[    0.776339] kvm-guest: APIC: send_IPI_mask_allbutself() replaced with kvm_send_ipi_mask_allbutself()
[    0.777502] kvm-guest: setup PV IPIs
[    0.779350] ..TIMER: vector=0x30 apic1=0 pin1=2 apic2=-1 pin2=-1
[    0.780085] clocksource: tsc-early: mask: 0xffffffffffffffff max_cycles: 0x2b2c8ec87c7, max_idle_ns: 440795278598 ns
[    0.781379] Calibrating delay loop (skipped) preset value.. 5990.40 BogoMIPS (lpj=11980800)
[    0.782535] x86/cpu: User Mode Instruction Prevention (UMIP) activated
[    0.783404] Last level iTLB entries: 4KB 0, 2MB 0, 4MB 0
[    0.784014] Last level dTLB entries: 4KB 0, 2MB 0, 4MB 0, 1GB 0
[    0.784717] mitigations: Enabled attack vectors: user_kernel, user_user, guest_host, guest_guest, SMT mitigations: auto
[    0.785372] Speculative Store Bypass: Mitigation: Speculative Store Bypass disabled via prctl
[    0.786358] Spectre V2 : Mitigation: Enhanced / Automatic IBRS
[    0.787028] ITS: Mitigation: Aligned branch/return thunks
[    0.787668] Spectre V1 : Mitigation: usercopy/swapgs barriers and __user pointer sanitization
[    0.789363] Spectre V2 : WARNING: Unprivileged eBPF is enabled with eIBRS on, data leaks possible via Spectre v2 BHB attacks!
[    0.790679] Spectre V2 : Spectre v2 / PBRSB-eIBRS: Retire a single CALL on VMEXIT
[    0.791629] Spectre V2 : mitigation: Enabling conditional Indirect Branch Prediction Barrier
[    0.792575] active return thunk: its_return_thunk
[    0.793363] Spectre V2 : Spectre BHI mitigation: SW BHB clearing on syscall and VM exit
[    0.794326] x86/fpu: Supporting XSAVE feature 0x001: 'x87 floating point registers'
[    0.795252] x86/fpu: Supporting XSAVE feature 0x002: 'SSE registers'
[    0.795996] x86/fpu: Supporting XSAVE feature 0x004: 'AVX registers'
[    0.796739] x86/fpu: Supporting XSAVE feature 0x200: 'Protection Keys User registers'
[    0.797364] x86/fpu: xstate_offset[2]:  576, xstate_sizes[2]:  256
[    0.798110] x86/fpu: xstate_offset[9]:  832, xstate_sizes[9]:    8
[    0.798841] x86/fpu: Enabled xstate features 0x207, context size is 840 bytes, using 'compacted' format.
[    0.993154] Freeing SMP alternatives memory: 64K
[    0.993370] pid_max: default: 32768 minimum: 301
[    0.994461] Yama: becoming mindful.
[    0.995428] Mount-cache hash table entries: 4096 (order: 3, 32768 bytes, linear)
[    0.996305] Mountpoint-cache hash table entries: 4096 (order: 3, 32768 bytes, linear)
[    0.999675] Running RCU synchronous self tests
[    1.000219] Running RCU synchronous self tests
[    1.001706] smpboot: CPU0: Intel(R) Core(TM) Ultra 7 155H (family: 0x6, model: 0xaa, stepping: 0x4)
[    1.004309] Performance Events: unsupported CPU family 6 model 170 no PMU driver, software events only.
[    1.005355] signal: max sigframe size: 3632
[    1.005634] rcu: Hierarchical SRCU implementation.
[    1.006224] rcu: 	Max phase no-delay instances is 1000.
[    1.007223] Timer migration: 1 hierarchy levels; 8 children per group; 1 crossnode level
[    1.034935] NMI watchdog: Perf NMI watchdog permanently disabled
[    1.035976] smp: Bringing up secondary CPUs ...
[    1.037960] smpboot: x86: Booting SMP configuration:
[    1.038589] .... node  #0, CPUs:      #1
[    1.038866] smp: Brought up 1 node, 2 CPUs
[    1.038866] smpboot: Total of 2 processors activated (11980.80 BogoMIPS)
[    1.042552] Memory: 1538728K/2096632K available (80926K kernel code, 15557K rwdata, 18816K rodata, 16412K init, 70012K bss, 546452K reserved, 0K cma-reserved)
[    1.045411] devtmpfs: initialized
[    1.046762] x86/mm: Memory block size: 128MB
[    1.062507] Running RCU synchronous self tests
[    1.063018] Running RCU synchronous self tests
[    1.063699] Running RCU Tasks wait API self tests
[    1.065420] Running RCU Tasks Rude wait API self tests
[    1.065955] Running RCU Tasks Trace wait API self tests
[    1.085413] clocksource: jiffies: mask: 0xffffffff max_cycles: 0xffffffff, max_idle_ns: 7645041785100000 ns
[    1.086624] posixtimers hash table entries: 1024 (order: 5, 73728 bytes, linear)
[    1.087645] futex hash table entries: 512 (65536 bytes on 1 NUMA nodes, total 64 KiB, linear).
[    1.091850] 
[    1.092057] *************************************************************
[    1.092803] **     NOTICE NOTICE NOTICE NOTICE NOTICE NOTICE NOTICE    **
[    1.093366] **                                                         **
[    1.094112] **  IOMMU DebugFS SUPPORT HAS BEEN ENABLED IN THIS KERNEL  **
[    1.094868] **                                                         **
[    1.095630] ** This means that this kernel is built to expose internal **
[    1.096365] ** IOMMU data structures, which may compromise security on **
[    1.097099] ** your system.                                            **
[    1.097368] **                                                         **
[    1.098101] ** If you see this message and you are not debugging the   **
[    1.098831] ** kernel, report this immediately to your vendor!         **
[    1.099576] **                                                         **
[    1.100309] **     NOTICE NOTICE NOTICE NOTICE NOTICE NOTICE NOTICE    **
[    1.101040] *************************************************************
[    1.101499] PM: RTC time: 16:39:03, date: 2026-01-13
[    1.107246] NET: Registered PF_NETLINK/PF_ROUTE protocol family
[    1.109984] DMA: preallocated 256 KiB GFP_KERNEL pool for atomic allocations
[    1.110843] DMA: preallocated 256 KiB GFP_KERNEL|GFP_DMA pool for atomic allocations
[    1.111795] DMA: preallocated 256 KiB GFP_KERNEL|GFP_DMA32 pool for atomic allocations
[    1.112886] audit: initializing netlink subsys (disabled)
[    1.114279] audit: type=2000 audit(1768322343.316:1): state=initialized audit_enabled=0 res=1
[    1.116997] thermal_sys: Registered thermal governor 'fair_share'
[    1.117014] thermal_sys: Registered thermal governor 'bang_bang'
[    1.121406] thermal_sys: Registered thermal governor 'step_wise'
[    1.121388] Callback from call_rcu_tasks_trace() invoked.
[    1.122613] thermal_sys: Registered thermal governor 'user_space'
[    1.124498] cpuidle: using governor ladder
[    1.126235] cpuidle: using governor menu
[    1.126944] acpiphp: ACPI Hot Plug PCI Controller Driver version: 0.5
[    1.131077] PCI: Using configuration type 1 for base access
[    1.133560] kprobes: kprobe jump-optimization is enabled. All kprobes are optimized if possible.
[    1.403359] HugeTLB: registered 1.00 GiB page size, pre-allocated 0 pages
[    1.404816] HugeTLB: 16380 KiB vmemmap can be freed for a 1.00 GiB page
[    1.405392] HugeTLB: registered 2.00 MiB page size, pre-allocated 0 pages
[    1.406765] HugeTLB: 28 KiB vmemmap can be freed for a 2.00 MiB page
[    1.425801] ACPI: Added _OSI(Module Device)
[    1.426709] ACPI: Added _OSI(Processor Device)
[    1.427639] ACPI: Added _OSI(Processor Aggregator Device)
[    1.459452] ACPI: 1 ACPI AML tables successfully acquired and loaded
[    1.485116] ACPI: Interpreter enabled
[    1.485709] ACPI: PM: (supports S0 S3 S4 S5)
[    1.486643] ACPI: Using IOAPIC for interrupt routing
[    1.487893] PCI: Using host bridge windows from ACPI; if necessary, use "pci=nocrs" and report a bug
[    1.489374] PCI: Using E820 reservations for host bridge windows
[    1.492950] ACPI: Enabled 2 GPEs in block 00 to 0F
[    1.570839] ACPI: PCI Root Bridge [PCI0] (domain 0000 [bus 00-ff])
[    1.572160] acpi PNP0A03:00: _OSC: OS supports [ASPM ClockPM Segments MSI EDR HPX-Type3]
[    1.573378] acpi PNP0A03:00: _OSC: not requesting OS control; OS requires [ExtendedConfig ASPM ClockPM MSI]
[    1.575629] acpi PNP0A03:00: fail to add MMCONFIG information, can't access extended configuration space under this bridge
[    1.586556] acpiphp: Slot [3] registered
[    1.587649] acpiphp: Slot [4] registered
[    1.588748] acpiphp: Slot [5] registered
[    1.589707] acpiphp: Slot [6] registered
[    1.590769] acpiphp: Slot [7] registered
[    1.591829] acpiphp: Slot [8] registered
[    1.592908] acpiphp: Slot [9] registered
[    1.597684] acpiphp: Slot [10] registered
[    1.598779] acpiphp: Slot [11] registered
[    1.599860] acpiphp: Slot [12] registered
[    1.600940] acpiphp: Slot [13] registered
[    1.601710] acpiphp: Slot [14] registered
[    1.602858] acpiphp: Slot [15] registered
[    1.604017] acpiphp: Slot [16] registered
[    1.605117] acpiphp: Slot [17] registered
[    1.605724] acpiphp: Slot [18] registered
[    1.606862] acpiphp: Slot [19] registered
[    1.607963] acpiphp: Slot [20] registered
[    1.609045] acpiphp: Slot [21] registered
[    1.610444] acpiphp: Slot [22] registered
[    1.611574] acpiphp: Slot [23] registered
[    1.612653] acpiphp: Slot [24] registered
[    1.613635] acpiphp: Slot [25] registered
[    1.614789] acpiphp: Slot [26] registered
[    1.615900] acpiphp: Slot [27] registered
[    1.617006] acpiphp: Slot [28] registered
[    1.617645] acpiphp: Slot [29] registered
[    1.618808] acpiphp: Slot [30] registered
[    1.619893] acpiphp: Slot [31] registered
[    1.620871] PCI host bridge to bus 0000:00
[    1.621521] pci_bus 0000:00: root bus resource [io  0x0000-0x0cf7 window]
[    1.622907] pci_bus 0000:00: root bus resource [io  0x0d00-0xffff window]
[    1.624294] pci_bus 0000:00: root bus resource [mem 0x000a0000-0x000bffff window]
[    1.625395] pci_bus 0000:00: root bus resource [mem 0x80000000-0xfebfffff window]
[    1.626912] pci_bus 0000:00: root bus resource [mem 0x100000000-0x17fffffff window]
[    1.628462] pci_bus 0000:00: root bus resource [bus 00-ff]
[    1.629687] pci 0000:00:00.0: [8086:1237] type 00 class 0x060000 conventional PCI endpoint
[    1.650358] pci 0000:00:01.0: [8086:7000] type 00 class 0x060100 conventional PCI endpoint
[    1.655123] pci 0000:00:01.1: [8086:7010] type 00 class 0x010180 conventional PCI endpoint
[    1.657997] pci 0000:00:01.1: BAR 4 [io  0xc040-0xc04f]
[    1.659160] pci 0000:00:01.1: BAR 0 [io  0x01f0-0x01f7]: legacy IDE quirk
[    1.660536] pci 0000:00:01.1: BAR 1 [io  0x03f6]: legacy IDE quirk
[    1.661377] pci 0000:00:01.1: BAR 2 [io  0x0170-0x0177]: legacy IDE quirk
[    1.662743] pci 0000:00:01.1: BAR 3 [io  0x0376]: legacy IDE quirk
[    1.665215] pci 0000:00:01.3: [8086:7113] type 00 class 0x068000 conventional PCI endpoint
[    1.670116] pci 0000:00:01.3: quirk: [io  0x0600-0x063f] claimed by PIIX4 ACPI
[    1.671638] pci 0000:00:01.3: quirk: [io  0x0700-0x070f] claimed by PIIX4 SMB
[    1.674504] pci 0000:00:02.0: [1234:1111] type 00 class 0x030000 conventional PCI endpoint
[    1.698925] pci 0000:00:02.0: BAR 0 [mem 0xfd000000-0xfdffffff pref]
[    1.700492] pci 0000:00:02.0: BAR 2 [mem 0xfebf0000-0xfebf0fff]
[    1.701436] pci 0000:00:02.0: ROM [mem 0xfebe0000-0xfebeffff pref]
[    1.703401] pci 0000:00:02.0: Video device with shadowed ROM at [mem 0x000c0000-0x000dffff]
[    1.727216] pci 0000:00:03.0: [8086:100e] type 00 class 0x020000 conventional PCI endpoint
[    1.734326] pci 0000:00:03.0: BAR 0 [mem 0xfebc0000-0xfebdffff]
[    1.735123] pci 0000:00:03.0: BAR 1 [io  0xc000-0xc03f]
[    1.735828] pci 0000:00:03.0: ROM [mem 0xfeb80000-0xfebbffff pref]
[    1.768090] ACPI: PCI: Interrupt link LNKA configured for IRQ 10
[    1.770501] ACPI: PCI: Interrupt link LNKB configured for IRQ 10
[    1.772647] ACPI: PCI: Interrupt link LNKC configured for IRQ 11
[    1.774767] ACPI: PCI: Interrupt link LNKD configured for IRQ 11
[    1.776125] ACPI: PCI: Interrupt link LNKS configured for IRQ 9
[    1.785809] iommu: Default domain type: Translated
[    1.787606] iommu: DMA domain TLB invalidation policy: lazy mode
[    1.804184] SCSI subsystem initialized
[    1.811150] ACPI: bus type USB registered
[    1.812932] usbcore: registered new interface driver usbfs
[    1.813745] usbcore: registered new interface driver hub
[    1.815105] usbcore: registered new device driver usb
[    1.817990] pps_core: LinuxPPS API ver. 1 registered
[    1.819059] pps_core: Software ver. 5.3.6 - Copyright 2005-2007 Rodolfo Giometti <giometti@linux.it>
[    1.821061] PTP clock support registered
[    1.826081] EDAC MC: Ver: 3.0.0
[    1.840271] NetLabel: Initializing
[    1.841075] NetLabel:  domain hash size = 128
[    1.841373] NetLabel:  protocols = UNLABELED CIPSOv4 CALIPSO
[    1.843102] NetLabel:  unlabeled traffic allowed by default
[    1.846121] PCI: Using ACPI for IRQ routing
[    1.848220] pci 0000:00:02.0: vgaarb: setting as boot VGA device
[    1.849355] pci 0000:00:02.0: vgaarb: bridge control possible
[    1.849355] pci 0000:00:02.0: vgaarb: VGA device added: decodes=io+mem,owns=io+mem,locks=none
[    1.853375] vgaarb: loaded
[    1.855925] hpet0: at MMIO 0xfed00000, IRQs 2, 8, 0
[    1.857004] hpet0: 3 comparators, 64-bit 100.000000 MHz counter
[    1.862706] clocksource: Switched to clocksource kvm-clock
[    5.005253] VFS: Disk quotas dquot_6.6.0
[    5.010167] VFS: Dquot-cache hash table entries: 512 (order 0, 4096 bytes)
[    5.015471] pnp: PnP ACPI init
[    5.025422] pnp: PnP ACPI: found 6 devices
[    5.072101] clocksource: acpi_pm: mask: 0xffffff max_cycles: 0xffffff, max_idle_ns: 2085701024 ns
[    5.074925] NET: Registered PF_INET protocol family
[    5.076119] IP idents hash table entries: 32768 (order: 6, 262144 bytes, linear)
[    5.079810] tcp_listen_portaddr_hash hash table entries: 1024 (order: 5, 73728 bytes, linear)
[    5.080956] Table-perturb hash table entries: 65536 (order: 6, 262144 bytes, linear)
[    5.082061] TCP established hash table entries: 16384 (order: 5, 131072 bytes, linear)
[    5.084461] TCP bind hash table entries: 16384 (order: 10, 2359296 bytes, linear)
[    5.091371] TCP: Hash tables configured (established 16384 bind 16384)
[    5.093799] UDP hash table entries: 1024 (order: 6, 262144 bytes, linear)
[    5.095806] UDP-Lite hash table entries: 1024 (order: 6, 262144 bytes, linear)
[    5.098781] NET: Registered PF_UNIX/PF_LOCAL protocol family
[    5.103060] RPC: Registered named UNIX socket transport module.
[    5.104374] RPC: Registered udp transport module.
[    5.105376] RPC: Registered tcp transport module.
[    5.106447] RPC: Registered tcp-with-tls transport module.
[    5.107601] RPC: Registered tcp NFSv4.1 backchannel transport module.
[    5.109037] pci_bus 0000:00: resource 4 [io  0x0000-0x0cf7 window]
[    5.110404] pci_bus 0000:00: resource 5 [io  0x0d00-0xffff window]
[    5.111715] pci_bus 0000:00: resource 6 [mem 0x000a0000-0x000bffff window]
[    5.113170] pci_bus 0000:00: resource 7 [mem 0x80000000-0xfebfffff window]
[    5.114677] pci_bus 0000:00: resource 8 [mem 0x100000000-0x17fffffff window]
[    5.116879] pci 0000:00:01.0: PIIX3: Enabling Passive Release
[    5.118177] pci 0000:00:00.0: Limiting direct PCI/PCI transfers
[    5.119725] PCI: CLS 0 bytes, default 64
[    5.121011] ACPI: bus type thunderbolt registered
[    5.123099] clocksource: tsc: mask: 0xffffffffffffffff max_cycles: 0x2b2c8ec87c7, max_idle_ns: 440795278598 ns
[    5.138538] Initialise system trusted keyrings
[    5.139817] Key type blacklist registered
[    5.141420] workingset: timestamp_bits=36 max_order=19 bucket_order=0
[    5.147581] squashfs: version 4.0 (2009/01/31) Phillip Lougher
[    5.152539] NFS: Registering the id_resolver key type
[    5.153704] Key type id_resolver registered
[    5.154674] Key type id_legacy registered
[    5.155697] nfs4filelayout_init: NFSv4 File Layout Driver Registering...
[    5.157227] nfs4flexfilelayout_init: NFSv4 Flexfile Layout Driver Registering...
[    5.159819] fuse: init (API version 7.45)
[    5.162354] SGI XFS with ACLs, security attributes, realtime, quota, no debug enabled
[    5.167721] 9p: Installing v9fs 9p2000 file system support
[    5.186069] Callback from call_rcu_tasks() invoked.
[    5.197668] Key type asymmetric registered
[    5.198752] Asymmetric key parser 'x509' registered
[    5.200287] Block layer SCSI generic (bsg) driver version 0.4 loaded (major 241)
[    5.202836] io scheduler mq-deadline registered
[    5.204140] io scheduler bfq registered
[    5.206365] ledtrig-cpu: registered to indicate activity on CPUs
[    5.211635] IPMI message handler: version 39.2
[    5.212788] ipmi device interface
[    5.217804] input: Power Button as /devices/LNXSYSTM:00/LNXPWRBN:00/input/input0
[    5.220940] ACPI: button: Power Button [PWRF]
[    5.225654] ERST DBG: ERST support is disabled.
[    5.231850] Serial: 8250/16550 driver, 32 ports, IRQ sharing enabled
[    5.236166] 00:04: ttyS0 at I/O 0x3f8 (irq = 4, base_baud = 115200) is a 16550A
[    5.302559] Linux agpgart interface v0.103
[    5.309370] ACPI: bus type drm_connector registered
[    5.363510] brd: module loaded
[    5.400566] loop: module loaded
[    5.425583] scsi host0: ata_piix
[    5.429418] scsi host1: ata_piix
[    5.431254] ata1: PATA max MWDMA2 cmd 0x1f0 ctl 0x3f6 bmdma 0xc040 irq 14 lpm-pol 0
[    5.432854] ata2: PATA max MWDMA2 cmd 0x170 ctl 0x376 bmdma 0xc048 irq 15 lpm-pol 0
[    5.440747] tun: Universal TUN/TAP device driver, 1.6
[    5.443076] e100: Intel(R) PRO/100 Network Driver
[    5.444086] e100: Copyright(c) 1999-2006 Intel Corporation
[    5.445516] e1000: Intel(R) PRO/1000 Network Driver
[    5.446602] e1000: Copyright (c) 1999-2006 Intel Corporation.
[    5.590092] ata2: found unknown device (class 0)
[    5.591250] ata1: found unknown device (class 0)
[    5.593298] ata1.00: ATA-7: QEMU HARDDISK, 2.5+, max UDMA/100
[    5.594610] ata1.00: 17196647 sectors, multi 16: LBA48 
[    5.598415] ata2.00: ATAPI: QEMU DVD-ROM, 2.5+, max UDMA/100
[    5.602676] scsi 0:0:0:0: Direct-Access     ATA      QEMU HARDDISK    2.5+ PQ: 0 ANSI: 5
[    5.608466] sd 0:0:0:0: Attached scsi generic sg0 type 0
[    5.610058] sd 0:0:0:0: [sda] 17196647 512-byte logical blocks: (8.80 GB/8.20 GiB)
[    5.612353] scsi 1:0:0:0: CD-ROM            QEMU     QEMU DVD-ROM     2.5+ PQ: 0 ANSI: 5
[    5.613969] sd 0:0:0:0: [sda] Write Protect is off
[    5.615133] sd 0:0:0:0: [sda] Write cache: enabled, read cache: enabled, doesn't support DPO or FUA
[    5.616584] sd 0:0:0:0: [sda] Preferred minimum I/O size 512 bytes
[    5.646994] scsi 1:0:0:0: Attached scsi generic sg1 type 5
[    5.649620] sd 0:0:0:0: [sda] Attached SCSI disk
[    6.599353] ACPI: \_SB_.LNKC: Enabled at IRQ 11
[    6.943912] e1000 0000:00:03.0 eth0: (PCI:33MHz:32-bit) 52:54:00:12:34:56
[    6.944814] e1000 0000:00:03.0 eth0: Intel(R) PRO/1000 Network Connection
[    6.945967] e1000e: Intel(R) PRO/1000 Network Driver
[    6.946585] e1000e: Copyright(c) 1999 - 2015 Intel Corporation.
[    6.947528] igb: Intel(R) Gigabit Ethernet Network Driver
[    6.948180] igb: Copyright (c) 2007-2014 Intel Corporation.
[    6.949446] PPP generic driver version 2.4.2
[    6.951546] VFIO - User Level meta-driver version: 0.3
[    6.955472] usbcore: registered new interface driver uas
[    6.956334] usbcore: registered new interface driver usb-storage
[    6.957551] i8042: PNP: PS/2 Controller [PNP0303:KBD,PNP0f13:MOU] at 0x60,0x64 irq 1,12
[    6.959914] serio: i8042 KBD port at 0x60,0x64 irq 1
[    6.960654] serio: i8042 AUX port at 0x60,0x64 irq 12
[    6.963549] mousedev: PS/2 mouse device common for all mice
[    6.967384] input: AT Translated Set 2 keyboard as /devices/platform/i8042/serio0/input/input1
[    6.971292] rtc_cmos 00:05: RTC can wake from S4
[    6.974297] input: VirtualPS/2 VMware VMMouse as /devices/platform/i8042/serio1/input/input4
[    6.975368] rtc_cmos 00:05: registered as rtc0
[    6.976763] rtc_cmos 00:05: setting system clock to 2026-01-13T16:39:09 UTC (1768322349)
[    6.978481] rtc_cmos 00:05: alarms up to one day, y3k, 242 bytes nvram, hpet irqs
[    6.978880] input: VirtualPS/2 VMware VMMouse as /devices/platform/i8042/serio1/input/input3
[    6.979527] i2c_dev: i2c /dev entries driver
[    6.981906] device-mapper: core: CONFIG_IMA_DISABLE_HTABLE is disabled. Duplicate IMA measurements will not be recorded in the IMA log.
[    6.983476] device-mapper: uevent: version 1.0.3
[    6.984774] device-mapper: ioctl: 4.50.0-ioctl (2025-04-28) initialised: dm-devel@lists.linux.dev
[    6.985921] intel_pstate: CPU model not supported
[    6.986953] sdhci: Secure Digital Host Controller Interface driver
[    6.987703] sdhci: Copyright(c) Pierre Ossman
[    6.989278] sdhci-pltfm: SDHCI platform and OF driver helper
[    6.991032] drop_monitor: Initializing network drop monitor service
[    6.992463] NET: Registered PF_INET6 protocol family
[    6.996523] Segment Routing with IPv6
[    6.997641] In-situ OAM (IOAM) with IPv6
[    6.998800] NET: Registered PF_PACKET protocol family
[    7.000648] 9pnet: Installing 9P2000 support
[    7.001374] Key type dns_resolver registered
[    7.004918] IPI shorthand broadcast: enabled
[    7.096581] sched_clock: Marking stable (7076011606, 17848506)->(7105571729, -11711617)
[    7.100471] registered taskstats version 1
[    7.101960] Loading compiled-in X.509 certificates
[    7.215051] Demotion targets for Node 0: null
[    7.218928] Key type .fscrypt registered
[    7.220801] Key type fscrypt-provisioning registered
[    7.232487] Key type encrypted registered
[    7.234353] ima: No TPM chip found, activating TPM-bypass!
[    7.236216] ima: Allocated hash algorithm: sha1
[    7.237683] ima: No architecture policies found
[    7.239190] evm: Initialising EVM extended attributes:
[    7.240294] evm: security.selinux
[    7.241017] evm: security.SMACK64
[    7.241747] evm: security.SMACK64EXEC
[    7.242499] evm: security.SMACK64TRANSMUTE
[    7.243032] evm: security.SMACK64MMAP
[    7.243502] evm: security.apparmor
[    7.243943] evm: security.ima
[    7.244332] evm: security.capability
[    7.244792] evm: HMAC attrs: 0x1
[    7.249175] PM:   Magic number: 10:774:691
[    7.252599] RAS: Correctable Errors collector initialized.
[    7.256830] clk: Disabling unused clocks
[    7.258605] PM: genpd: Disabling unused power domains
[    7.262790] check access for rdinit=/init failed: -2, ignoring
[    7.263943] md: Waiting for all devices to be available before autodetect
[    7.265109] md: If you don't use raid, use raid=noautodetect
[    7.266079] md: Autodetecting RAID arrays.
[    7.266653] md: autorun ...
[    7.266957] md: ... autorun DONE.
[    7.279370] EXT4-fs (sda): INFO: recovery required on readonly filesystem
[    7.280039] EXT4-fs (sda): write access will be enabled during recovery
[    8.076432] EXT4-fs (sda): recovery complete
[    8.082594] EXT4-fs (sda): mounted filesystem 088740a9-c8b4-422c-999d-a804eb68a4da ro with ordered data mode. Quota mode: none.
[    8.083799] VFS: Mounted root (ext4 filesystem) readonly on device 8:0.
[    8.089095] devtmpfs: mounted
[    8.118680] Freeing unused decrypted memory: 2036K
[    8.133222] Freeing unused kernel image (initmem) memory: 16412K
[    8.134057] Write protecting the kernel read-only data: 102400k
[    8.137944] Freeing unused kernel image (text/rodata gap) memory: 992K
[    8.140855] Freeing unused kernel image (rodata/data gap) memory: 1664K
[    8.247536] x86/mm: Checked W+X mappings: passed, no W+X pages found.
[    8.248171] Run /sbin/init as init process
[    8.643893] systemd[1]: systemd 252-15.el9 running in system mode (+PAM +AUDIT +SELINUX -APPARMOR +IMA +SMACK +SECCOMP +GCRYPT +GNUTLS +OPENSSL +ACL +BLKID +CURL +ELFUTILS -FIDO2 +IDN2 -IDN -IPTC +KMOD +LIBCRYPTSETUP +LIBFDISK +PCRE2 -PWQUALITY +P11KIT -QRENCODE +TPM2 +BZIP2 +LZ4 +XZ +ZLIB +ZSTD -BPF_FRAMEWORK +XKBCOMMON +UTMP +SYSVINIT default-hierarchy=unified)
[    8.648584] systemd[1]: Detected virtualization kvm.
[    8.649355] systemd[1]: Detected architecture x86-64.

Welcome to [0;31mCentOS Stream 9[0m!

[    8.659198] systemd[1]: Hostname set to <test>.
[    9.006940] systemd-rc-local-generator[120]: /etc/rc.d/rc.local is not marked executable, skipping.
[    9.691513] systemd[1]: Queued start job for default target Multi-User System.
[    9.726884] systemd[1]: Created slice Virtual Machine and Container Slice.
[[0;32m  OK  [0m] Created slice [0;1;39mVirtual Machine and Container Slice[0m.
[    9.738254] systemd[1]: Created slice Slice /system/getty.
[[0;32m  OK  [0m] Created slice [0;1;39mSlice /system/getty[0m.
[    9.744504] systemd[1]: Created slice Slice /system/modprobe.
[[0;32m  OK  [0m] Created slice [0;1;39mSlice /system/modprobe[0m.
[    9.750912] systemd[1]: Created slice Slice /system/serial-getty.
[[0;32m  OK  [0m] Created slice [0;1;39mSlice /system/serial-getty[0m.
[    9.757290] systemd[1]: Created slice Slice /system/sshd-keygen.
[[0;32m  OK  [0m] Created slice [0;1;39mSlice /system/sshd-keygen[0m.
[    9.763190] systemd[1]: Created slice User and Session Slice.
[[0;32m  OK  [0m] Created slice [0;1;39mUser and Session Slice[0m.
[    9.766262] systemd[1]: Started Forward Password Requests to Wall Directory Watch.
[[0;32m  OK  [0m] Started [0;1;39mForward Password R…uests to Wall Directory Watch[0m.
[    9.771405] systemd[1]: Set up automount Arbitrary Executable File Formats File System Automount Point.
[[0;32m  OK  [0m] Set up automount [0;1;39mArbitrary…s File System Automount Point[0m.
[    9.774791] systemd[1]: Reached target Local Integrity Protected Volumes.
[[0;32m  OK  [0m] Reached target [0;1;39mLocal Integrity Protected Volumes[0m.
[    9.777560] systemd[1]: Reached target Slice Units.
[[0;32m  OK  [0m] Reached target [0;1;39mSlice Units[0m.
[    9.779641] systemd[1]: Reached target Swaps.
[[0;32m  OK  [0m] Reached target [0;1;39mSwaps[0m.
[    9.781517] systemd[1]: Reached target Local Verity Protected Volumes.
[[0;32m  OK  [0m] Reached target [0;1;39mLocal Verity Protected Volumes[0m.
[    9.785291] systemd[1]: Listening on Device-mapper event daemon FIFOs.
[[0;32m  OK  [0m] Listening on [0;1;39mDevice-mapper event daemon FIFOs[0m.
[    9.789513] systemd[1]: Listening on LVM2 poll daemon socket.
[[0;32m  OK  [0m] Listening on [0;1;39mLVM2 poll daemon socket[0m.
[    9.792261] systemd[1]: multipathd control socket was skipped because of an unmet condition check (ConditionPathExists=/etc/multipath.conf).
[    9.871744] systemd[1]: Listening on RPCbind Server Activation Socket.
[[0;32m  OK  [0m] Listening on [0;1;39mRPCbind Server Activation Socket[0m.
[    9.874690] systemd[1]: Reached target RPC Port Mapper.
[[0;32m  OK  [0m] Reached target [0;1;39mRPC Port Mapper[0m.
[    9.881537] systemd[1]: Listening on Process Core Dump Socket.
[[0;32m  OK  [0m] Listening on [0;1;39mProcess Core Dump Socket[0m.
[    9.885049] systemd[1]: Listening on initctl Compatibility Named Pipe.
[[0;32m  OK  [0m] Listening on [0;1;39minitctl Compatibility Named Pipe[0m.
[    9.889400] systemd[1]: Listening on Journal Socket (/dev/log).
[[0;32m  OK  [0m] Listening on [0;1;39mJournal Socket (/dev/log)[0m.
[    9.893666] systemd[1]: Listening on Journal Socket.
[[0;32m  OK  [0m] Listening on [0;1;39mJournal Socket[0m.
[    9.897813] systemd[1]: Listening on udev Control Socket.
[[0;32m  OK  [0m] Listening on [0;1;39mudev Control Socket[0m.
[    9.900876] systemd[1]: Listening on udev Kernel Socket.
[[0;32m  OK  [0m] Listening on [0;1;39mudev Kernel Socket[0m.
[    9.938747] systemd[1]: Mounting Huge Pages File System...
         Mounting [0;1;39mHuge Pages File System[0m...
[    9.954239] systemd[1]: Mounting POSIX Message Queue File System...
         Mounting [0;1;39mPOSIX Message Queue File System[0m...
[    9.971159] systemd[1]: Mounting Kernel Debug File System...
         Mounting [0;1;39mKernel Debug File System[0m...
[    9.990250] systemd[1]: Mounting Kernel Trace File System...
         Mounting [0;1;39mKernel Trace File System[0m...
[    9.993912] systemd[1]: Kernel Module supporting RPCSEC_GSS was skipped because of an unmet condition check (ConditionPathExists=/etc/krb5.keytab).
[    9.996198] systemd[1]: Create List of Static Device Nodes was skipped because of an unmet condition check (ConditionFileNotEmpty=/lib/modules/6.19.0-rc1-3685744afa4a+/modules.devname).
[   10.010660] systemd[1]: Starting Monitoring of LVM2 mirrors, snapshots etc. using dmeventd or progress polling...
         Starting [0;1;39mMonitoring of LVM…meventd or progress polling[0m...
[   10.030530] systemd[1]: Starting Load Kernel Module configfs...
         Starting [0;1;39mLoad Kernel Module configfs[0m...
[   10.045072] systemd[1]: Starting Load Kernel Module drm...
         Starting [0;1;39mLoad Kernel Module drm[0m...
[   10.082532] systemd[1]: Starting Load Kernel Module fuse...
         Starting [0;1;39mLoad Kernel Module fuse[0m...
[   10.097152] systemd[1]: Starting Read and set NIS domainname from /etc/sysconfig/network...
         Starting [0;1;39mRead and set NIS …from /etc/sysconfig/network[0m...
[   10.154752] systemd[1]: Starting Journal Service...
         Starting [0;1;39mJournal Service[0m...
[   10.186650] systemd[1]: Starting Load Kernel Modules...
         Starting [0;1;39mLoad Kernel Modules[0m...
[   10.220417] systemd[1]: Starting Generate network units from Kernel command line...
         Starting [0;1;39mGenerate network …ts from Kernel command line[0m...
[   10.254984] systemd[1]: Starting Remount Root and Kernel File Systems...
         Starting [0;1;39mRemount Root and Kernel File Systems[0m...
[   10.267340] systemd[1]: Repartition Root Disk was skipped because no trigger condition checks were met.
[   10.305642] systemd[1]: Starting Coldplug All udev Devices...
         Starting [0;1;39mColdplug All udev Devices[0m...
[   10.365011] systemd[1]: Mounted Huge Pages File System.
[   10.366736] EXT4-fs (sda): re-mounted 088740a9-c8b4-422c-999d-a804eb68a4da r/w.
[[0;32m  OK  [0m] Mounted [0;1;39mHuge Pages File System[0m.
[   10.394342] systemd[1]: Mounted POSIX Message Queue File System.
[[0;32m  OK  [0m] Mounted [0;1;39mPOSIX Message Queue File System[0m.
[   10.402851] systemd[1]: Mounted Kernel Debug File System.
[[0;32m  OK  [0m] Mounted [0;1;39mKernel Debug File System[0m.
[   10.410935] systemd[1]: Mounted Kernel Trace File System.
[[0;32m  OK  [0m] Mounted [0;1;39mKernel Trace File System[0m.
[   10.422509] systemd[1]: Finished Monitoring of LVM2 mirrors, snapshots etc. using dmeventd or progress polling.
[[0;32m  OK  [0m] Finished [0;1;39mMonitoring of LVM… dmeventd or progress polling[0m.
[   10.438446] systemd[1]: modprobe@configfs.service: Deactivated successfully.
[   10.446290] systemd[1]: Finished Load Kernel Module configfs.
[[0;32m  OK  [0m] Finished [0;1;39mLoad Kernel Module configfs[0m.
[   10.452185] systemd[1]: modprobe@drm.service: Deactivated successfully.
[   10.466423] systemd[1]: Finished Load Kernel Module drm.
[[0;32m  OK  [0m] Finished [0;1;39mLoad Kernel Module drm[0m.
[   10.478574] systemd[1]: modprobe@fuse.service: Deactivated successfully.
[   10.481713] systemd[1]: Finished Load Kernel Module fuse.
[[0;32m  OK  [0m] Finished [0;1;39mLoad Kernel Module fuse[0m.
[   10.491787] systemd[1]: Started Journal Service.
[[0;32m  OK  [0m] Started [0;1;39mJournal Service[0m.
[[0;32m  OK  [0m] Finished [0;1;39mRead and set NIS …e from /etc/sysconfig/network[0m.
[[0;1;31mFAILED[0m] Failed to start [0;1;39mLoad Kernel Modules[0m.
See 'systemctl status systemd-modules-load.service' for details.
[[0;32m  OK  [0m] Finished [0;1;39mGenerate network units from Kernel command line[0m.
[[0;32m  OK  [0m] Finished [0;1;39mRemount Root and Kernel File Systems[0m.
[[0;32m  OK  [0m] Reached target [0;1;39mPreparation for Network[0m.
         Mounting [0;1;39mFUSE Control File System[0m...
         Mounting [0;1;39mKernel Configuration File System[0m...
         Starting [0;1;39mFlush Journal to Persistent Storage[0m...
         Starting [0;1;39mLoad/Save Random Seed[0m...
         Starting [0;1;39mApply Kernel Variables[0m...
         Starting [0;1;39mCreate Static Device Nodes in /dev[0m...
[   10.708623] systemd-journald[142]: Received client request to flush runtime journal.
         Starting [0;1;39mSetup Virtual Console[0m...
[[0;32m  OK  [0m] Mounted [0;1;39mFUSE Control File System[0m.
[[0;32m  OK  [0m] Mounted [0;1;39mKernel Configuration File System[0m.
[[0;32m  OK  [0m] Finished [0;1;39mFlush Journal to Persistent Storage[0m.
[[0;32m  OK  [0m] Finished [0;1;39mLoad/Save Random Seed[0m.
[[0;32m  OK  [0m] Finished [0;1;39mApply Kernel Variables[0m.
[[0;32m  OK  [0m] Finished [0;1;39mCreate Static Device Nodes in /dev[0m.
         Starting [0;1;39mRule-based Manage…for Device Events and Files[0m...
[[0;32m  OK  [0m] Started [0;1;39mRule-based Manager for Device Events and Files[0m.
         Starting [0;1;39mAuto-connect to s…E devices found during boot[0m...
[[0;32m  OK  [0m] Finished [0;1;39mAuto-connect to s…VME devices found during boot[0m.
[[0;32m  OK  [0m] Finished [0;1;39mSetup Virtual Console[0m.
[[0;32m  OK  [0m] Finished [0;1;39mColdplug All udev Devices[0m.
[[0;32m  OK  [0m] Started [0;1;39mDispatch Password …ts to Console Directory Watch[0m.
[[0;32m  OK  [0m] Reached target [0;1;39mLocal Encrypted Volumes[0m.
[[0;32m  OK  [0m] Reached target [0;1;39mPath Units[0m.
         Starting [0;1;39mWait for udev To …plete Device Initialization[0m...
[[0;32m  OK  [0m] Found device [0;1;39m/dev/ttyS0[0m.
[[0;32m  OK  [0m] Listening on [0;1;39mLoad/Save RF …itch Status /dev/rfkill Watch[0m.
[[0;32m  OK  [0m] Finished [0;1;39mWait for udev To Complete Device Initialization[0m.
[[0;32m  OK  [0m] Reached target [0;1;39mPreparation for Local File Systems[0m.
[[0;32m  OK  [0m] Reached target [0;1;39mLocal File Systems[0m.
         Starting [0;1;39mTell Plymouth To Write Out Runtime Data[0m...
         Starting [0;1;39mAutomatic Boot Loader Update[0m...
         Starting [0;1;39mCreate Volatile Files and Directories[0m...
[[0;32m  OK  [0m] Finished [0;1;39mTell Plymouth To Write Out Runtime Data[0m.
[[0;32m  OK  [0m] Finished [0;1;39mAutomatic Boot Loader Update[0m.
[[0;32m  OK  [0m] Finished [0;1;39mCreate Volatile Files and Directories[0m.
         Mounting [0;1;39mRPC Pipe File System[0m...
         Starting [0;1;39mSecurity Auditing Service[0m...
         Starting [0;1;39mRPC Bind[0m...
[[0;32m  OK  [0m] Mounted [0;1;39mRPC Pipe File System[0m.
[[0;32m  OK  [0m] Reached target [0;1;39mrpc_pipefs.target[0m.
[[0;32m  OK  [0m] Started [0;1;39mRPC Bind[0m.
[[0;32m  OK  [0m] Started [0;1;39mSecurity Auditing Service[0m.
         Starting [0;1;39mRecord System Boot/Shutdown in UTMP[0m...
[[0;32m  OK  [0m] Finished [0;1;39mRecord System Boot/Shutdown in UTMP[0m.
[[0;32m  OK  [0m] Reached target [0;1;39mSystem Initialization[0m.
[[0;32m  OK  [0m] Started [0;1;39mDaily rotation of log files[0m.
[[0;32m  OK  [0m] Started [0;1;39mUpdates mlocate database every day[0m.
[[0;32m  OK  [0m] Started [0;1;39mDaily Cleanup of Temporary Directories[0m.
[[0;32m  OK  [0m] Started [0;1;39mdaily update of the root trust anchor for DNSSEC[0m.
[[0;32m  OK  [0m] Reached target [0;1;39mTimer Units[0m.
[[0;32m  OK  [0m] Listening on [0;1;39mD-Bus System Message Bus Socket[0m.
[[0;32m  OK  [0m] Listening on [0;1;39mOpen-iSCSI iscsid Socket[0m.
[[0;32m  OK  [0m] Listening on [0;1;39mOpen-iSCSI iscsiuio Socket[0m.
[[0;32m  OK  [0m] Listening on [0;1;39mSSSD Kerberos…ache Manager responder socket[0m.
[[0;32m  OK  [0m] Listening on [0;1;39mLibvirt interface local socket[0m.
[[0;32m  OK  [0m] Listening on [0;1;39mVirtual machine lock manager socket[0m.
[[0;32m  OK  [0m] Listening on [0;1;39mVirtual machine log manager socket[0m.
[[0;32m  OK  [0m] Listening on [0;1;39mLibvirt network local socket[0m.
[[0;32m  OK  [0m] Listening on [0;1;39mLibvirt nodedev local socket[0m.
[[0;32m  OK  [0m] Listening on [0;1;39mLibvirt nwfilter local socket[0m.
[[0;32m  OK  [0m] Listening on [0;1;39mLibvirt proxy local socket[0m.
[[0;32m  OK  [0m] Listening on [0;1;39mLibvirt qemu local socket[0m.
[[0;32m  OK  [0m] Listening on [0;1;39mLibvirt qemu admin socket[0m.
[[0;32m  OK  [0m] Listening on [0;1;39mLibvirt qemu local read-only socket[0m.
[[0;32m  OK  [0m] Listening on [0;1;39mLibvirt secret local socket[0m.
[[0;32m  OK  [0m] Listening on [0;1;39mLibvirt storage local socket[0m.
[[0;32m  OK  [0m] Reached target [0;1;39mSocket Units[0m.
         Starting [0;1;39mD-Bus System Message Bus[0m...
[[0;32m  OK  [0m] Started [0;1;39mD-Bus System Message Bus[0m.
[[0;32m  OK  [0m] Reached target [0;1;39mBasic System[0m.
         Starting [0;1;39mNetwork Manager[0m...
         Starting [0;1;39mNTP client/server[0m...
         Starting [0;1;39mRestore /run/initramfs on shutdown[0m...
[[0;32m  OK  [0m] Started [0;1;39mirqbalance daemon[0m.
[[0;32m  OK  [0m] Started [0;1;39mlibstoragemgmt plug-in server daemon[0m.
[[0;32m  OK  [0m] Started [0;1;39mMachine Check Exception Logging Daemon[0m.
[[0;32m  OK  [0m] Reached target [0;1;39msshd-keygen.target[0m.
[[0;32m  OK  [0m] Reached target [0;1;39mUser and Group Name Lookups[0m.
         Starting [0;1;39mUser Login Management[0m...
         Starting [0;1;39mVirtual Machine a…tainer Registration Service[0m...
         Starting [0;1;39mupdate of the roo…NSSEC validation in unbound[0m...
         Starting [0;1;39mRotate log files[0m...
[[0;32m  OK  [0m] Started [0;1;39mUpdate a database for mlocate[0m.
[[0;32m  OK  [0m] Finished [0;1;39mRestore /run/initramfs on shutdown[0m.
[[0;32m  OK  [0m] Started [0;1;39mVirtual Machine an…ontainer Registration Service[0m.
         Starting [0;1;39mHostname Service[0m...
[[0;32m  OK  [0m] Started [0;1;39mNTP client/server[0m.
[[0;32m  OK  [0m] Finished [0;1;39mupdate of the roo… DNSSEC validation in unbound[0m.
[[0;32m  OK  [0m] Started [0;1;39mUser Login Management[0m.
[[0;32m  OK  [0m] Started [0;1;39mHostname Service[0m.
[[0;32m  OK  [0m] Finished [0;1;39mRotate log files[0m.
         Starting [0;1;39mNetwork Manager Script Dispatcher Service[0m...
[[0;32m  OK  [0m] Started [0;1;39mNetwork Manager Script Dispatcher Service[0m.
[   17.274443] e1000: eth0 NIC Link is Up 1000 Mbps Full Duplex, Flow Control: RX
[[0;32m  OK  [0m] Started [0;1;39mNetwork Manager[0m.
[[0;32m  OK  [0m] Reached target [0;1;39mNetwork[0m.
[[0;32m  OK  [0m] Reached target [0;1;39mNetwork is Online[0m.
         Starting [0;1;39mGSSAPI Proxy Daemon[0m...
         Starting [0;1;39mNotify NFS peers of a restart[0m...
         Starting [0;1;39mSystem Logging Service[0m...
         Starting [0;1;39mOpenSSH server daemon[0m...
         Starting [0;1;39mDynamic System Tuning Daemon[0m...
[[0;32m  OK  [0m] Started [0;1;39mNotify NFS peers of a restart[0m.
[[0;32m  OK  [0m] Started [0;1;39mGSSAPI Proxy Daemon[0m.
[[0;32m  OK  [0m] Reached target [0;1;39mNFS client services[0m.
[[0;32m  OK  [0m] Reached target [0;1;39mPreparation for Remote File Systems[0m.
[[0;32m  OK  [0m] Reached target [0;1;39mRemote File Systems[0m.
         Starting [0;1;39mPermit User Sessions[0m...
         Starting [0;1;39mVirtualization qemu daemon[0m...
[[0;32m  OK  [0m] Started [0;1;39mOpenSSH server daemon[0m.
[[0;32m  OK  [0m] Started [0;1;39mSystem Logging Service[0m.
[[0;32m  OK  [0m] Finished [0;1;39mPermit User Sessions[0m.
[[0;32m  OK  [0m] Started [0;1;39mDeferred execution scheduler[0m.
[[0;32m  OK  [0m] Started [0;1;39mCommand Scheduler[0m.
         Starting [0;1;39mHold until boot process finishes up[0m...
         Starting [0;1;39mTerminate Plymouth Boot Screen[0m...
[[0;32m  OK  [0m] Started [0;1;39mVirtualization qemu daemon[0m.
[[0;32m  OK  [0m] Finished [0;1;39mHold until boot process finishes up[0m.
[[0;32m  OK  [0m] Finished [0;1;39mTerminate Plymouth Boot Screen[0m.
[[0;32m  OK  [0m] Started [0;1;39mGetty on tty1[0m.
[[0;32m  OK  [0m] Started [0;1;39mSerial Getty on ttyS0[0m.
[[0;32m  OK  [0m] Reached target [0;1;39mLogin Prompts[0m.
         Starting [0;1;39mAuthorization Manager[0m...
[[0;32m  OK  [0m] Started [0;1;39mAuthorization Manager[0m.
[[0;32m  OK  [0m] Started [0;1;39mDynamic System Tuning Daemon[0m.
[[0;32m  OK  [0m] Reached target [0;1;39mMulti-User System[0m.
         Starting [0;1;39mRecord Runlevel Change in UTMP[0m...
[[0;32m  OK  [0m] Finished [0;1;39mRecord Runlevel Change in UTMP[0m.

CentOS Stream 9
Kernel 6.19.0-rc1-3685744afa4a+ on an x86_64

Activate the web console with: systemctl enable --now cockpit.socket

test login: 