c[?7l[2J[0mSeaBIOS (version rel-1.16.0-0-gd239552ce722-prebuilt.qemu.org)


iPXE (http://ipxe.org) 00:03.0 CA00 PCI2.10 PnP PMM+7FF91000+7FEF1000 CA00
Press Ctrl-B to configure iPXE (PCI 00:03.0)...                                                                               


Booting from ROM...
c[?7l[2J[    0.000000] Linux version 6.19.0-rc5-37efe8b10499+ (root@p-mtlp04) (gcc (GCC) 11.5.0 20240719 (Red Hat 11.5.0-14), GNU ld version 2.35.2-69.el9) #1 SMP PREEMPT_DYNAMIC Tue Jan 13 19:24:29 CST 2026
[    0.000000] Command line: console=ttyS0 root=/dev/sda earlyprintk=serial net.ifnames=0 plymouth.enable=0
[    0.000000] KERNEL supported cpus:
[    0.000000]   Intel GenuineIntel
[    0.000000]   AMD AuthenticAMD
[    0.000000]   Hygon HygonGenuine
[    0.000000]   Centaur CentaurHauls
[    0.000000]   zhaoxin   Shanghai  
[    0.000000] x86/split lock detection: #DB: warning on user-space bus_locks
[    0.000000] BIOS-provided physical RAM map:
[    0.000000] BIOS-e820: [mem 0x0000000000000000-0x000000000009fbff] usable
[    0.000000] BIOS-e820: [mem 0x000000000009fc00-0x000000000009ffff] reserved
[    0.000000] BIOS-e820: [mem 0x00000000000f0000-0x00000000000fffff] reserved
[    0.000000] BIOS-e820: [mem 0x0000000000100000-0x000000007ffdffff] usable
[    0.000000] BIOS-e820: [mem 0x000000007ffe0000-0x000000007fffffff] reserved
[    0.000000] BIOS-e820: [mem 0x00000000feffc000-0x00000000feffffff] reserved
[    0.000000] BIOS-e820: [mem 0x00000000fffc0000-0x00000000ffffffff] reserved
[    0.000000] printk: legacy bootconsole [earlyser0] enabled
[    0.000000] NX (Execute Disable) protection: active
[    0.000000] APIC: Static calls initialized
[    0.000000] SMBIOS 2.8 present.
[    0.000000] DMI: QEMU Standard PC (i440FX + PIIX, 1996), BIOS rel-1.16.0-0-gd239552ce722-prebuilt.qemu.org 04/01/2014
[    0.000000] DMI: Memory slots populated: 1/1
[    0.000000] Hypervisor detected: KVM
[    0.000000] last_pfn = 0x7ffe0 max_arch_pfn = 0x400000000
[    0.000000] kvm-clock: Using msrs 4b564d01 and 4b564d00
[    0.000007] kvm-clock: using sched offset of 1339427437 cycles
[    0.000636] clocksource: kvm-clock: mask: 0xffffffffffffffff max_cycles: 0x1cd42e4dffb, max_idle_ns: 881590591483 ns
[    0.002555] tsc: Detected 2995.200 MHz processor
[    0.013539] last_pfn = 0x7ffe0 max_arch_pfn = 0x400000000
[    0.014209] MTRR map: 4 entries (3 fixed + 1 variable; max 19), built from 8 variable MTRRs
[    0.015173] x86/PAT: Configuration [0-7]: WB  WC  UC- UC  WB  WP  UC- WT  
[    0.030923] found SMP MP-table at [mem 0x000f5ba0-0x000f5baf]
[    0.031628] Using GB pages for direct mapping
[    0.034884] ACPI: Early table checksum verification disabled
[    0.035545] ACPI: RSDP 0x00000000000F59C0 000014 (v00 BOCHS )
[    0.036221] ACPI: RSDT 0x000000007FFE1951 000034 (v01 BOCHS  BXPC     00000001 BXPC 00000001)
[    0.037209] ACPI: FACP 0x000000007FFE17FD 000074 (v01 BOCHS  BXPC     00000001 BXPC 00000001)
[    0.038216] ACPI: DSDT 0x000000007FFE0040 0017BD (v01 BOCHS  BXPC     00000001 BXPC 00000001)
[    0.039216] ACPI: FACS 0x000000007FFE0000 000040
[    0.039771] ACPI: APIC 0x000000007FFE1871 000080 (v01 BOCHS  BXPC     00000001 BXPC 00000001)
[    0.040769] ACPI: HPET 0x000000007FFE18F1 000038 (v01 BOCHS  BXPC     00000001 BXPC 00000001)
[    0.041773] ACPI: WAET 0x000000007FFE1929 000028 (v01 BOCHS  BXPC     00000001 BXPC 00000001)
[    0.042775] ACPI: Reserving FACP table memory at [mem 0x7ffe17fd-0x7ffe1870]
[    0.043596] ACPI: Reserving DSDT table memory at [mem 0x7ffe0040-0x7ffe17fc]
[    0.044410] ACPI: Reserving FACS table memory at [mem 0x7ffe0000-0x7ffe003f]
[    0.045229] ACPI: Reserving APIC table memory at [mem 0x7ffe1871-0x7ffe18f0]
[    0.046049] ACPI: Reserving HPET table memory at [mem 0x7ffe18f1-0x7ffe1928]
[    0.046872] ACPI: Reserving WAET table memory at [mem 0x7ffe1929-0x7ffe1950]
[    0.048703] No NUMA configuration found
[    0.049171] Faking a node at [mem 0x0000000000000000-0x000000007ffdffff]
[    0.049995] NODE_DATA(0) allocated [mem 0x7ffb4ec0-0x7ffdfcbf]
[    0.524134] KernelAddressSanitizer initialized (generic)
[    0.525115] ACPI: PM-Timer IO Port: 0x608
[    0.525623] ACPI: LAPIC_NMI (acpi_id[0xff] dfl dfl lint[0x1])
[    0.526343] IOAPIC[0]: apic_id 0, version 17, address 0xfec00000, GSI 0-23
[    0.527138] ACPI: INT_SRC_OVR (bus 0 bus_irq 0 global_irq 2 dfl dfl)
[    0.527857] ACPI: INT_SRC_OVR (bus 0 bus_irq 5 global_irq 5 high level)
[    0.528593] ACPI: INT_SRC_OVR (bus 0 bus_irq 9 global_irq 9 high level)
[    0.529326] ACPI: INT_SRC_OVR (bus 0 bus_irq 10 global_irq 10 high level)
[    0.530085] ACPI: INT_SRC_OVR (bus 0 bus_irq 11 global_irq 11 high level)
[    0.530857] ACPI: Using ACPI (MADT) for SMP configuration information
[    0.531579] ACPI: HPET id: 0x8086a201 base: 0xfed00000
[    0.532170] TSC deadline timer available
[    0.532615] CPU topo: Max. logical packages:   1
[    0.533147] CPU topo: Max. logical dies:       1
[    0.533669] CPU topo: Max. dies per package:   1
[    0.534196] CPU topo: Max. threads per core:   1
[    0.534720] CPU topo: Num. cores per package:     2
[    0.535271] CPU topo: Num. threads per package:   2
[    0.535830] CPU topo: Allowing 2 present CPUs plus 0 hotplug CPUs
[    0.536601] kvm-guest: APIC: eoi() replaced with kvm_guest_apic_eoi_write()
[    0.537428] kvm-guest: KVM setup pv remote TLB flush
[    0.537993] kvm-guest: setup PV sched yield
[    0.538535] PM: hibernation: Registered nosave memory: [mem 0x00000000-0x00000fff]
[    0.539399] PM: hibernation: Registered nosave memory: [mem 0x0009f000-0x000fffff]
[    0.540255] [mem 0x80000000-0xfeffbfff] available for PCI devices
[    0.540940] Booting paravirtualized kernel on KVM
[    0.541489] clocksource: refined-jiffies: mask: 0xffffffff max_cycles: 0xffffffff, max_idle_ns: 7645519600211568 ns
[    0.542809] Zone ranges:
[    0.543100]   DMA      [mem 0x0000000000001000-0x0000000000ffffff]
[    0.543806]   DMA32    [mem 0x0000000001000000-0x000000007ffdffff]
[    0.544502]   Normal   empty
[    0.544832]   Device   empty
[    0.545163] Movable zone start for each node
[    0.545646] Early memory node ranges
[    0.546047]   node   0: [mem 0x0000000000001000-0x000000000009efff]
[    0.546750]   node   0: [mem 0x0000000000100000-0x000000007ffdffff]
[    0.547459] Initmem setup node 0 [mem 0x0000000000001000-0x000000007ffdffff]
[    0.549001] On node 0, zone DMA: 1 pages in unavailable ranges
[    0.550091] On node 0, zone DMA: 97 pages in unavailable ranges
[    0.630264] On node 0, zone DMA32: 32 pages in unavailable ranges
[    0.631023] setup_percpu: NR_CPUS:8192 nr_cpumask_bits:2 nr_cpu_ids:2 nr_node_ids:1
[    0.633812] percpu: Embedded 81 pages/cpu s294912 r8192 d28672 u1048576
[    0.634798] kvm-guest: PV spinlocks enabled
[    0.635260] PV qspinlock hash table entries: 256 (order: 0, 4096 bytes, linear)
[    0.636047] Kernel command line: net.ifnames=0 console=ttyS0 root=/dev/sda earlyprintk=serial net.ifnames=0 plymouth.enable=0
[    0.637724] random: crng init done
[    0.638098] printk: log buffer data + meta data: 262144 + 917504 = 1179648 bytes
[    0.640714] Dentry cache hash table entries: 262144 (order: 9, 2097152 bytes, linear)
[    0.642641] Inode-cache hash table entries: 131072 (order: 8, 1048576 bytes, linear)
[    0.643940] Fallback order for Node 0: 0 
[    0.643958] Built 1 zonelists, mobility grouping on.  Total pages: 524158
[    0.645047] Policy zone: DMA32
[    0.645366] mem auto-init: stack:off, heap alloc:off, heap free:off
[    0.646003] stackdepot: allocating hash table via alloc_large_system_hash
[    0.646700] stackdepot hash table entries: 1048576 (order: 12, 16777216 bytes, linear)
[    0.662981] stackdepot: allocating space for 8192 stack pools via memblock
[    0.729022] SLUB: HWalign=64, Order=0-3, MinObjects=0, CPUs=2, Nodes=1
[    0.729708] kmemleak: Kernel memory leak detector disabled
[    0.771393] ftrace: allocating 75297 entries in 296 pages
[    0.771948] ftrace: allocated 296 pages with 3 groups
[    0.778046] Dynamic Preempt: voluntary
[    0.779037] Running RCU self tests
[    0.779382] Running RCU synchronous self tests
[    0.779825] rcu: Preemptible hierarchical RCU implementation.
[    0.780392] rcu: 	RCU lockdep checking is enabled.
[    0.780876] rcu: 	RCU restricting CPUs from NR_CPUS=8192 to nr_cpu_ids=2.
[    0.781566] 	Trampoline variant of Tasks RCU enabled.
[    0.782074] 	Rude variant of Tasks RCU enabled.
[    0.782532] 	Tracing variant of Tasks RCU enabled.
[    0.783010] rcu: RCU calculated value of scheduler-enlistment delay is 25 jiffies.
[    0.783773] rcu: Adjusting geometry for rcu_fanout_leaf=16, nr_cpu_ids=2
[    0.784574] Running RCU synchronous self tests
[    0.785034] RCU Tasks: Setting shift to 1 and lim to 1 rcu_task_cb_adjust=1 rcu_task_cpu_ids=2.
[    0.785904] RCU Tasks Rude: Setting shift to 1 and lim to 1 rcu_task_cb_adjust=1 rcu_task_cpu_ids=2.
[    0.786816] RCU Tasks Trace: Setting shift to 1 and lim to 1 rcu_task_cb_adjust=1 rcu_task_cpu_ids=2.
[    0.914290] NR_IRQS: 524544, nr_irqs: 440, preallocated irqs: 16
[    0.916499] rcu: srcu_init: Setting srcu_struct sizes based on contention.
[    0.929466] Console: colour VGA+ 80x25
[    0.930261] printk: legacy console [ttyS0] enabled
[    0.930261] printk: legacy console [ttyS0] enabled
[    0.931510] printk: legacy bootconsole [earlyser0] disabled
[    0.931510] printk: legacy bootconsole [earlyser0] disabled
[    0.932986] Lock dependency validator: Copyright (c) 2006 Red Hat, Inc., Ingo Molnar
[    0.934003] ... MAX_LOCKDEP_SUBCLASSES:  8
[    0.934680] ... MAX_LOCK_DEPTH:          48
[    0.935244] ... MAX_LOCKDEP_KEYS:        8192
[    0.935938] ... CLASSHASH_SIZE:          4096
[    0.936651] ... MAX_LOCKDEP_ENTRIES:     524288
[    0.937326] ... MAX_LOCKDEP_CHAINS:      524288
[    0.938142] ... CHAINHASH_SIZE:          262144
[    0.938869]  memory used by lock dependency info: 54145 kB
[    0.939637]  memory used for stack traces: 4224 kB
[    0.940363]  per task-struct memory footprint: 1920 bytes
[    0.941501] ACPI: Core revision 20250807
[    0.943764] clocksource: hpet: mask: 0xffffffff max_cycles: 0xffffffff, max_idle_ns: 19112604467 ns
[    0.945519] APIC: Switch to symmetric I/O mode setup
[    0.946420] x2apic enabled
[    0.947663] APIC: Switched APIC routing to: physical x2apic
[    0.948569] kvm-guest: APIC: send_IPI_mask() replaced with kvm_send_ipi_mask()
[    0.949825] kvm-guest: APIC: send_IPI_mask_allbutself() replaced with kvm_send_ipi_mask_allbutself()
[    0.951129] kvm-guest: setup PV IPIs
[    0.953492] ..TIMER: vector=0x30 apic1=0 pin1=2 apic2=-1 pin2=-1
[    0.954425] clocksource: tsc-early: mask: 0xffffffffffffffff max_cycles: 0x2b2c8ec87c7, max_idle_ns: 440795278598 ns
[    0.955866] Calibrating delay loop (skipped) preset value.. 5990.40 BogoMIPS (lpj=11980800)
[    0.957127] x86/cpu: User Mode Instruction Prevention (UMIP) activated
[    0.960014] Last level iTLB entries: 4KB 0, 2MB 0, 4MB 0
[    0.960650] Last level dTLB entries: 4KB 0, 2MB 0, 4MB 0, 1GB 0
[    0.961387] mitigations: Enabled attack vectors: user_kernel, user_user, guest_host, guest_guest, SMT mitigations: auto
[    0.962634] Speculative Store Bypass: Mitigation: Speculative Store Bypass disabled via prctl
[    0.963844] Spectre V2 : Mitigation: Enhanced / Automatic IBRS
[    0.964494] ITS: Mitigation: Aligned branch/return thunks
[    0.965092] Spectre V1 : Mitigation: usercopy/swapgs barriers and __user pointer sanitization
[    0.966097] Spectre V2 : WARNING: Unprivileged eBPF is enabled with eIBRS on, data leaks possible via Spectre v2 BHB attacks!
[    0.967320] Spectre V2 : Spectre v2 / PBRSB-eIBRS: Retire a single CALL on VMEXIT
[    0.967843] Spectre V2 : mitigation: Enabling conditional Indirect Branch Prediction Barrier
[    0.968707] active return thunk: its_return_thunk
[    0.969223] Spectre V2 : Spectre BHI mitigation: SW BHB clearing on syscall and VM exit
[    0.970093] x86/fpu: Supporting XSAVE feature 0x001: 'x87 floating point registers'
[    0.970905] x86/fpu: Supporting XSAVE feature 0x002: 'SSE registers'
[    0.971837] x86/fpu: Supporting XSAVE feature 0x004: 'AVX registers'
[    0.972525] x86/fpu: Supporting XSAVE feature 0x200: 'Protection Keys User registers'
[    0.973361] x86/fpu: xstate_offset[2]:  576, xstate_sizes[2]:  256
[    0.974022] x86/fpu: xstate_offset[9]:  832, xstate_sizes[9]:    8
[    0.974686] x86/fpu: Enabled xstate features 0x207, context size is 840 bytes, using 'compacted' format.
[    1.162586] Freeing SMP alternatives memory: 64K
[    1.163174] pid_max: default: 32768 minimum: 301
[    1.164280] Yama: becoming mindful.
[    1.165301] Mount-cache hash table entries: 4096 (order: 3, 32768 bytes, linear)
[    1.166159] Mountpoint-cache hash table entries: 4096 (order: 3, 32768 bytes, linear)
[    1.169517] Running RCU synchronous self tests
[    1.170051] Running RCU synchronous self tests
[    1.171103] smpboot: CPU0: Intel(R) Core(TM) Ultra 7 155H (family: 0x6, model: 0xaa, stepping: 0x4)
[    1.171832] Performance Events: unsupported CPU family 6 model 170 no PMU driver, software events only.
[    1.171832] signal: max sigframe size: 3632
[    1.172176] rcu: Hierarchical SRCU implementation.
[    1.172734] rcu: 	Max phase no-delay instances is 1000.
[    1.173752] Timer migration: 1 hierarchy levels; 8 children per group; 1 crossnode level
[    1.200358] NMI watchdog: Perf NMI watchdog permanently disabled
[    1.201422] smp: Bringing up secondary CPUs ...
[    1.203489] smpboot: x86: Booting SMP configuration:
[    1.203871] .... node  #0, CPUs:      #1
[    1.204265] smp: Brought up 1 node, 2 CPUs
[    1.204847] smpboot: Total of 2 processors activated (11980.80 BogoMIPS)
[    1.208176] Memory: 1538728K/2096632K available (80998K kernel code, 15715K rwdata, 18824K rodata, 16428K init, 69836K bss, 546452K reserved, 0K cma-reserved)
[    1.212070] devtmpfs: initialized
[    1.213262] x86/mm: Memory block size: 128MB
[    1.229337] Running RCU synchronous self tests
[    1.229594] Running RCU synchronous self tests
[    1.232003] Running RCU Tasks wait API self tests
[    1.232398] Running RCU Tasks Rude wait API self tests
[    1.232398] Running RCU Tasks Trace wait API self tests
[    1.251874] clocksource: jiffies: mask: 0xffffffff max_cycles: 0xffffffff, max_idle_ns: 7645041785100000 ns
[    1.251899] posixtimers hash table entries: 1024 (order: 5, 73728 bytes, linear)
[    1.252827] futex hash table entries: 512 (65536 bytes on 1 NUMA nodes, total 64 KiB, linear).
[    1.256300] 
[    1.256500] *************************************************************
[    1.257206] **     NOTICE NOTICE NOTICE NOTICE NOTICE NOTICE NOTICE    **
[    1.257910] **                                                         **
[    1.259882] **  IOMMU DebugFS SUPPORT HAS BEEN ENABLED IN THIS KERNEL  **
[    1.259882] **                                                         **
[    1.259882] ** This means that this kernel is built to expose internal **
[    1.260602] ** IOMMU data structures, which may compromise security on **
[    1.261330] ** your system.                                            **
[    1.262061] **                                                         **
[    1.263857] ** If you see this message and you are not debugging the   **
[    1.263857] ** kernel, report this immediately to your vendor!         **
[    1.263857] **                                                         **
[    1.264571] **     NOTICE NOTICE NOTICE NOTICE NOTICE NOTICE NOTICE    **
[    1.265298] *************************************************************
[    1.267847] PM: RTC time: 11:30:32, date: 2026-01-13
[    1.271597] NET: Registered PF_NETLINK/PF_ROUTE protocol family
[    1.273892] DMA: preallocated 256 KiB GFP_KERNEL pool for atomic allocations
[    1.274678] DMA: preallocated 256 KiB GFP_KERNEL|GFP_DMA pool for atomic allocations
[    1.275531] DMA: preallocated 256 KiB GFP_KERNEL|GFP_DMA32 pool for atomic allocations
[    1.275966] audit: initializing netlink subsys (disabled)
[    1.279851] audit: type=2000 audit(1768303833.036:1): state=initialized audit_enabled=0 res=1
[    1.282343] thermal_sys: Registered thermal governor 'fair_share'
[    1.282354] thermal_sys: Registered thermal governor 'bang_bang'
[    1.283163] thermal_sys: Registered thermal governor 'step_wise'
[    1.283844] thermal_sys: Registered thermal governor 'user_space'
[    1.284747] cpuidle: using governor ladder
[    1.285232] cpuidle: using governor menu
[    1.285232] acpiphp: ACPI Hot Plug PCI Controller Driver version: 0.5
[    1.287860] Callback from call_rcu_tasks_trace() invoked.
[    1.289137] PCI: Using configuration type 1 for base access
[    1.290296] kprobes: kprobe jump-optimization is enabled. All kprobes are optimized if possible.
[    1.544291] HugeTLB: registered 1.00 GiB page size, pre-allocated 0 pages
[    1.545713] HugeTLB: 16380 KiB vmemmap can be freed for a 1.00 GiB page
[    1.547034] HugeTLB: registered 2.00 MiB page size, pre-allocated 0 pages
[    1.547852] HugeTLB: 28 KiB vmemmap can be freed for a 2.00 MiB page
[    1.569168] ACPI: Added _OSI(Module Device)
[    1.570105] ACPI: Added _OSI(Processor Device)
[    1.571006] ACPI: Added _OSI(Processor Aggregator Device)
[    1.601301] ACPI: 1 ACPI AML tables successfully acquired and loaded
[    1.613743] ACPI: Interpreter enabled
[    1.614821] ACPI: PM: (supports S0 S3 S4 S5)
[    1.615700] ACPI: Using IOAPIC for interrupt routing
[    1.616186] PCI: Using host bridge windows from ACPI; if necessary, use "pci=nocrs" and report a bug
[    1.618012] PCI: Using E820 reservations for host bridge windows
[    1.621541] ACPI: Enabled 2 GPEs in block 00 to 0F
[    1.699152] ACPI: PCI Root Bridge [PCI0] (domain 0000 [bus 00-ff])
[    1.699902] acpi PNP0A03:00: _OSC: OS supports [ASPM ClockPM Segments MSI EDR HPX-Type3]
[    1.701495] acpi PNP0A03:00: _OSC: not requesting OS control; OS requires [ExtendedConfig ASPM ClockPM MSI]
[    1.703844] acpi PNP0A03:00: fail to add MMCONFIG information, can't access extended configuration space under this bridge
[    1.715536] acpiphp: Slot [3] registered
[    1.716189] acpiphp: Slot [4] registered
[    1.717291] acpiphp: Slot [5] registered
[    1.718375] acpiphp: Slot [6] registered
[    1.719459] acpiphp: Slot [7] registered
[    1.720164] acpiphp: Slot [8] registered
[    1.721278] acpiphp: Slot [9] registered
[    1.722401] acpiphp: Slot [10] registered
[    1.723499] acpiphp: Slot [11] registered
[    1.724171] acpiphp: Slot [12] registered
[    1.725263] acpiphp: Slot [13] registered
[    1.726371] acpiphp: Slot [14] registered
[    1.727476] acpiphp: Slot [15] registered
[    1.728179] acpiphp: Slot [16] registered
[    1.729290] acpiphp: Slot [17] registered
[    1.730400] acpiphp: Slot [18] registered
[    1.731519] acpiphp: Slot [19] registered
[    1.732279] acpiphp: Slot [20] registered
[    1.733389] acpiphp: Slot [21] registered
[    1.734530] acpiphp: Slot [22] registered
[    1.735662] acpiphp: Slot [23] registered
[    1.736181] acpiphp: Slot [24] registered
[    1.737353] acpiphp: Slot [25] registered
[    1.738510] acpiphp: Slot [26] registered
[    1.739639] acpiphp: Slot [27] registered
[    1.740206] acpiphp: Slot [28] registered
[    1.741341] acpiphp: Slot [29] registered
[    1.742494] acpiphp: Slot [30] registered
[    1.743657] acpiphp: Slot [31] registered
[    1.744063] PCI host bridge to bus 0000:00
[    1.745080] pci_bus 0000:00: root bus resource [io  0x0000-0x0cf7 window]
[    1.746565] pci_bus 0000:00: root bus resource [io  0x0d00-0xffff window]
[    1.747861] pci_bus 0000:00: root bus resource [mem 0x000a0000-0x000bffff window]
[    1.749404] pci_bus 0000:00: root bus resource [mem 0x80000000-0xfebfffff window]
[    1.750957] pci_bus 0000:00: root bus resource [mem 0x100000000-0x17fffffff window]
[    1.751863] pci_bus 0000:00: root bus resource [bus 00-ff]
[    1.753463] pci 0000:00:00.0: [8086:1237] type 00 class 0x060000 conventional PCI endpoint
[    1.774708] pci 0000:00:01.0: [8086:7000] type 00 class 0x060100 conventional PCI endpoint
[    1.778959] pci 0000:00:01.1: [8086:7010] type 00 class 0x010180 conventional PCI endpoint
[    1.780868] pci 0000:00:01.1: BAR 4 [io  0xc040-0xc04f]
[    1.782033] pci 0000:00:01.1: BAR 0 [io  0x01f0-0x01f7]: legacy IDE quirk
[    1.783424] pci 0000:00:01.1: BAR 1 [io  0x03f6]: legacy IDE quirk
[    1.783858] pci 0000:00:01.1: BAR 2 [io  0x0170-0x0177]: legacy IDE quirk
[    1.785245] pci 0000:00:01.1: BAR 3 [io  0x0376]: legacy IDE quirk
[    1.787803] pci 0000:00:01.3: [8086:7113] type 00 class 0x068000 conventional PCI endpoint
[    1.788590] pci 0000:00:01.3: quirk: [io  0x0600-0x063f] claimed by PIIX4 ACPI
[    1.790089] pci 0000:00:01.3: quirk: [io  0x0700-0x070f] claimed by PIIX4 SMB
[    1.792695] pci 0000:00:02.0: [1234:1111] type 00 class 0x030000 conventional PCI endpoint
[    1.797020] pci 0000:00:02.0: BAR 0 [mem 0xfd000000-0xfdffffff pref]
[    1.798547] pci 0000:00:02.0: BAR 2 [mem 0xfebf0000-0xfebf0fff]
[    1.799818] pci 0000:00:02.0: ROM [mem 0xfebe0000-0xfebeffff pref]
[    1.800721] pci 0000:00:02.0: Video device with shadowed ROM at [mem 0x000c0000-0x000dffff]
[    1.825420] pci 0000:00:03.0: [8086:100e] type 00 class 0x020000 conventional PCI endpoint
[    1.829000] pci 0000:00:03.0: BAR 0 [mem 0xfebc0000-0xfebdffff]
[    1.830235] pci 0000:00:03.0: BAR 1 [io  0xc000-0xc03f]
[    1.831380] pci 0000:00:03.0: ROM [mem 0xfeb80000-0xfebbffff pref]
[    1.877878] ACPI: PCI: Interrupt link LNKA configured for IRQ 10
[    1.881866] ACPI: PCI: Interrupt link LNKB configured for IRQ 10
[    1.885042] ACPI: PCI: Interrupt link LNKC configured for IRQ 11
[    1.888150] ACPI: PCI: Interrupt link LNKD configured for IRQ 11
[    1.890255] ACPI: PCI: Interrupt link LNKS configured for IRQ 9
[    1.899896] iommu: Default domain type: Translated
[    1.900920] iommu: DMA domain TLB invalidation policy: lazy mode
[    1.915812] SCSI subsystem initialized
[    1.917481] ACPI: bus type USB registered
[    1.918981] usbcore: registered new interface driver usbfs
[    1.920259] usbcore: registered new interface driver hub
[    1.921568] usbcore: registered new device driver usb
[    1.924654] pps_core: LinuxPPS API ver. 1 registered
[    1.925775] pps_core: Software ver. 5.3.6 - Copyright 2005-2007 Rodolfo Giometti <giometti@linux.it>
[    1.927811] PTP clock support registered
[    1.936158] EDAC MC: Ver: 3.0.0
[    1.950167] NetLabel: Initializing
[    1.950919] NetLabel:  domain hash size = 128
[    1.951814] NetLabel:  protocols = UNLABELED CIPSOv4 CALIPSO
[    1.952293] NetLabel:  unlabeled traffic allowed by default
[    1.956958] PCI: Using ACPI for IRQ routing
[    1.958917] pci 0000:00:02.0: vgaarb: setting as boot VGA device
[    1.959832] pci 0000:00:02.0: vgaarb: bridge control possible
[    1.959832] pci 0000:00:02.0: vgaarb: VGA device added: decodes=io+mem,owns=io+mem,locks=none
[    1.959856] vgaarb: loaded
[    1.965799] hpet0: at MMIO 0xfed00000, IRQs 2, 8, 0
[    1.966843] hpet0: 3 comparators, 64-bit 100.000000 MHz counter
[    1.994513] clocksource: Switched to clocksource kvm-clock
[    5.097079] VFS: Disk quotas dquot_6.6.0
[    5.097678] VFS: Dquot-cache hash table entries: 512 (order 0, 4096 bytes)
[    5.103696] pnp: PnP ACPI init
[    5.112885] pnp: PnP ACPI: found 6 devices
[    5.146617] clocksource: acpi_pm: mask: 0xffffff max_cycles: 0xffffff, max_idle_ns: 2085701024 ns
[    5.148475] NET: Registered PF_INET protocol family
[    5.149648] IP idents hash table entries: 32768 (order: 6, 262144 bytes, linear)
[    5.153105] tcp_listen_portaddr_hash hash table entries: 1024 (order: 5, 73728 bytes, linear)
[    5.154231] Table-perturb hash table entries: 65536 (order: 6, 262144 bytes, linear)
[    5.155308] Callback from call_rcu_tasks() invoked.
[    5.155343] TCP established hash table entries: 16384 (order: 5, 131072 bytes, linear)
[    5.157531] TCP bind hash table entries: 16384 (order: 10, 2359296 bytes, linear)
[    5.161365] TCP: Hash tables configured (established 16384 bind 16384)
[    5.162426] UDP hash table entries: 1024 (order: 6, 262144 bytes, linear)
[    5.163516] UDP-Lite hash table entries: 1024 (order: 6, 262144 bytes, linear)
[    5.165098] NET: Registered PF_UNIX/PF_LOCAL protocol family
[    5.167627] RPC: Registered named UNIX socket transport module.
[    5.168372] RPC: Registered udp transport module.
[    5.168935] RPC: Registered tcp transport module.
[    5.169490] RPC: Registered tcp-with-tls transport module.
[    5.170144] RPC: Registered tcp NFSv4.1 backchannel transport module.
[    5.171002] pci_bus 0000:00: resource 4 [io  0x0000-0x0cf7 window]
[    5.171737] pci_bus 0000:00: resource 5 [io  0x0d00-0xffff window]
[    5.172462] pci_bus 0000:00: resource 6 [mem 0x000a0000-0x000bffff window]
[    5.173268] pci_bus 0000:00: resource 7 [mem 0x80000000-0xfebfffff window]
[    5.174073] pci_bus 0000:00: resource 8 [mem 0x100000000-0x17fffffff window]
[    5.175407] pci 0000:00:01.0: PIIX3: Enabling Passive Release
[    5.176107] pci 0000:00:00.0: Limiting direct PCI/PCI transfers
[    5.176920] PCI: CLS 0 bytes, default 64
[    5.177639] ACPI: bus type thunderbolt registered
[    5.179208] clocksource: tsc: mask: 0xffffffffffffffff max_cycles: 0x2b2c8ec87c7, max_idle_ns: 440795278598 ns
[    5.188403] Initialise system trusted keyrings
[    5.189167] Key type blacklist registered
[    5.190144] workingset: timestamp_bits=36 max_order=19 bucket_order=0
[    5.193820] squashfs: version 4.0 (2009/01/31) Phillip Lougher
[    5.196698] NFS: Registering the id_resolver key type
[    5.197313] Key type id_resolver registered
[    5.197789] Key type id_legacy registered
[    5.198332] nfs4filelayout_init: NFSv4 File Layout Driver Registering...
[    5.199188] nfs4flexfilelayout_init: NFSv4 Flexfile Layout Driver Registering...
[    5.200639] fuse: init (API version 7.45)
[    5.202090] SGI XFS with ACLs, security attributes, realtime, quota, no debug enabled
[    5.205126] 9p: Installing v9fs 9p2000 file system support
[    5.224035] Key type asymmetric registered
[    5.224555] Asymmetric key parser 'x509' registered
[    5.225554] Block layer SCSI generic (bsg) driver version 0.4 loaded (major 241)
[    5.226940] io scheduler mq-deadline registered
[    5.227660] io scheduler bfq registered
[    5.228786] ledtrig-cpu: registered to indicate activity on CPUs
[    5.232660] IPMI message handler: version 39.2
[    5.233328] ipmi device interface
[    5.236660] input: Power Button as /devices/LNXSYSTM:00/LNXPWRBN:00/input/input0
[    5.238310] ACPI: button: Power Button [PWRF]
[    5.241120] ERST DBG: ERST support is disabled.
[    5.243975] Serial: 8250/16550 driver, 32 ports, IRQ sharing enabled
[    5.246706] 00:04: ttyS0 at I/O 0x3f8 (irq = 4, base_baud = 115200) is a 16550A
[    5.292268] Linux agpgart interface v0.103
[    5.296925] ACPI: bus type drm_connector registered
[    5.380804] brd: module loaded
[    5.405748] loop: module loaded
[    5.426120] scsi host0: ata_piix
[    5.429873] scsi host1: ata_piix
[    5.431663] ata1: PATA max MWDMA2 cmd 0x1f0 ctl 0x3f6 bmdma 0xc040 irq 14 lpm-pol 0
[    5.433247] ata2: PATA max MWDMA2 cmd 0x170 ctl 0x376 bmdma 0xc048 irq 15 lpm-pol 0
[    5.441891] tun: Universal TUN/TAP device driver, 1.6
[    5.444052] e100: Intel(R) PRO/100 Network Driver
[    5.445051] e100: Copyright(c) 1999-2006 Intel Corporation
[    5.446517] e1000: Intel(R) PRO/1000 Network Driver
[    5.447551] e1000: Copyright (c) 1999-2006 Intel Corporation.
[    5.594803] ata1: found unknown device (class 0)
[    5.596367] ata2: found unknown device (class 0)
[    5.598147] ata1.00: ATA-7: QEMU HARDDISK, 2.5+, max UDMA/100
[    5.599395] ata1.00: 17196647 sectors, multi 16: LBA48 
[    5.603046] scsi 0:0:0:0: Direct-Access     ATA      QEMU HARDDISK    2.5+ PQ: 0 ANSI: 5
[    5.603190] ata2.00: ATAPI: QEMU DVD-ROM, 2.5+, max UDMA/100
[    5.610833] sd 0:0:0:0: Attached scsi generic sg0 type 0
[    5.612860] sd 0:0:0:0: [sda] 17196647 512-byte logical blocks: (8.80 GB/8.20 GiB)
[    5.614826] sd 0:0:0:0: [sda] Write Protect is off
[    5.616193] sd 0:0:0:0: [sda] Write cache: enabled, read cache: enabled, doesn't support DPO or FUA
[    5.618377] scsi 1:0:0:0: CD-ROM            QEMU     QEMU DVD-ROM     2.5+ PQ: 0 ANSI: 5
[    5.618654] sd 0:0:0:0: [sda] Preferred minimum I/O size 512 bytes
[    5.655072] scsi 1:0:0:0: Attached scsi generic sg1 type 5
[    5.657435] sd 0:0:0:0: [sda] Attached SCSI disk
[    6.651858] ACPI: \_SB_.LNKC: Enabled at IRQ 11
[    6.970974] e1000 0000:00:03.0 eth0: (PCI:33MHz:32-bit) 52:54:00:12:34:56
[    6.971666] e1000 0000:00:03.0 eth0: Intel(R) PRO/1000 Network Connection
[    6.972567] e1000e: Intel(R) PRO/1000 Network Driver
[    6.973046] e1000e: Copyright(c) 1999 - 2015 Intel Corporation.
[    6.973792] igb: Intel(R) Gigabit Ethernet Network Driver
[    6.974295] igb: Copyright (c) 2007-2014 Intel Corporation.
[    6.975307] PPP generic driver version 2.4.2
[    6.978521] VFIO - User Level meta-driver version: 0.3
[    6.982488] usbcore: registered new interface driver uas
[    6.984023] usbcore: registered new interface driver usb-storage
[    6.986110] i8042: PNP: PS/2 Controller [PNP0303:KBD,PNP0f13:MOU] at 0x60,0x64 irq 1,12
[    6.989572] serio: i8042 KBD port at 0x60,0x64 irq 1
[    6.990733] serio: i8042 AUX port at 0x60,0x64 irq 12
[    6.993864] mousedev: PS/2 mouse device common for all mice
[    6.997588] input: AT Translated Set 2 keyboard as /devices/platform/i8042/serio0/input/input1
[    6.999522] rtc_cmos 00:05: RTC can wake from S4
[    7.001370] input: VirtualPS/2 VMware VMMouse as /devices/platform/i8042/serio1/input/input4
[    7.003335] rtc_cmos 00:05: registered as rtc0
[    7.004276] rtc_cmos 00:05: setting system clock to 2026-01-13T11:30:38 UTC (1768303838)
[    7.005478] rtc_cmos 00:05: alarms up to one day, y3k, 242 bytes nvram, hpet irqs
[    7.006349] i2c_dev: i2c /dev entries driver
[    7.006953] device-mapper: core: CONFIG_IMA_DISABLE_HTABLE is disabled. Duplicate IMA measurements will not be recorded in the IMA log.
[    7.008247] device-mapper: uevent: version 1.0.3
[    7.008661] input: VirtualPS/2 VMware VMMouse as /devices/platform/i8042/serio1/input/input3
[    7.011661] device-mapper: ioctl: 4.50.0-ioctl (2025-04-28) initialised: dm-devel@lists.linux.dev
[    7.012534] intel_pstate: CPU model not supported
[    7.013344] sdhci: Secure Digital Host Controller Interface driver
[    7.013942] sdhci: Copyright(c) Pierre Ossman
[    7.014717] sdhci-pltfm: SDHCI platform and OF driver helper
[    7.016080] drop_monitor: Initializing network drop monitor service
[    7.017288] NET: Registered PF_INET6 protocol family
[    7.020639] Segment Routing with IPv6
[    7.021152] In-situ OAM (IOAM) with IPv6
[    7.021628] NET: Registered PF_PACKET protocol family
[    7.022563] 9pnet: Installing 9P2000 support
[    7.023592] Key type dns_resolver registered
[    7.027086] IPI shorthand broadcast: enabled
[    7.102141] sched_clock: Marking stable (7068011332, 30436759)->(7195468097, -97020006)
[    7.104503] registered taskstats version 1
[    7.105595] Loading compiled-in X.509 certificates
[    7.206326] Demotion targets for Node 0: null
[    7.208699] Key type .fscrypt registered
[    7.209094] Key type fscrypt-provisioning registered
[    7.213221] Key type encrypted registered
[    7.213660] ima: No TPM chip found, activating TPM-bypass!
[    7.214202] ima: Allocated hash algorithm: sha1
[    7.214760] ima: No architecture policies found
[    7.215402] evm: Initialising EVM extended attributes:
[    7.215934] evm: security.selinux
[    7.216250] evm: security.SMACK64
[    7.216586] evm: security.SMACK64EXEC
[    7.216929] evm: security.SMACK64TRANSMUTE
[    7.217307] evm: security.SMACK64MMAP
[    7.217669] evm: security.apparmor
[    7.217997] evm: security.ima
[    7.218300] evm: security.capability
[    7.218663] evm: HMAC attrs: 0x1
[    7.222243] PM:   Magic number: 10:588:529
[    7.224991] RAS: Correctable Errors collector initialized.
[    7.225835] clk: Disabling unused clocks
[    7.226629] PM: genpd: Disabling unused power domains
[    7.228616] check access for rdinit=/init failed: -2, ignoring
[    7.229050] md: Waiting for all devices to be available before autodetect
[    7.229540] md: If you don't use raid, use raid=noautodetect
[    7.229960] md: Autodetecting RAID arrays.
[    7.230285] md: autorun ...
[    7.230560] md: ... autorun DONE.
[    7.240196] EXT4-fs (sda): INFO: recovery required on readonly filesystem
[    7.240720] EXT4-fs (sda): write access will be enabled during recovery
[    7.631122] EXT4-fs (sda): recovery complete
[    7.633745] EXT4-fs (sda): mounted filesystem 088740a9-c8b4-422c-999d-a804eb68a4da ro with ordered data mode. Quota mode: none.
[    7.634966] VFS: Mounted root (ext4 filesystem) readonly on device 8:0.
[    7.638527] devtmpfs: mounted
[    7.671758] Freeing unused decrypted memory: 2036K
[    7.685290] Freeing unused kernel image (initmem) memory: 16428K
[    7.686002] Write protecting the kernel read-only data: 102400k
[    7.689562] Freeing unused kernel image (text/rodata gap) memory: 920K
[    7.692206] Freeing unused kernel image (rodata/data gap) memory: 1656K
[    7.787891] x86/mm: Checked W+X mappings: passed, no W+X pages found.
[    7.788630] Run /sbin/init as init process
[    8.131210] systemd[1]: systemd 252-15.el9 running in system mode (+PAM +AUDIT +SELINUX -APPARMOR +IMA +SMACK +SECCOMP +GCRYPT +GNUTLS +OPENSSL +ACL +BLKID +CURL +ELFUTILS -FIDO2 +IDN2 -IDN -IPTC +KMOD +LIBCRYPTSETUP +LIBFDISK +PCRE2 -PWQUALITY +P11KIT -QRENCODE +TPM2 +BZIP2 +LZ4 +XZ +ZLIB +ZSTD -BPF_FRAMEWORK +XKBCOMMON +UTMP +SYSVINIT default-hierarchy=unified)
[    8.133725] systemd[1]: Detected virtualization kvm.
[    8.134171] systemd[1]: Detected architecture x86-64.

Welcome to [0;31mCentOS Stream 9[0m!

[    8.141358] systemd[1]: Hostname set to <test>.
[    8.409074] systemd-rc-local-generator[122]: /etc/rc.d/rc.local is not marked executable, skipping.
[    8.818293] systemd[1]: Queued start job for default target Multi-User System.
[    8.849588] systemd[1]: Created slice Virtual Machine and Container Slice.
[[0;32m  OK  [0m] Created slice [0;1;39mVirtual Machine and Container Slice[0m.
[    8.860632] systemd[1]: Created slice Slice /system/getty.
[[0;32m  OK  [0m] Created slice [0;1;39mSlice /system/getty[0m.
[    8.866927] systemd[1]: Created slice Slice /system/modprobe.
[[0;32m  OK  [0m] Created slice [0;1;39mSlice /system/modprobe[0m.
[    8.872876] systemd[1]: Created slice Slice /system/serial-getty.
[[0;32m  OK  [0m] Created slice [0;1;39mSlice /system/serial-getty[0m.
[    8.878738] systemd[1]: Created slice Slice /system/sshd-keygen.
[[0;32m  OK  [0m] Created slice [0;1;39mSlice /system/sshd-keygen[0m.
[    8.884389] systemd[1]: Created slice User and Session Slice.
[[0;32m  OK  [0m] Created slice [0;1;39mUser and Session Slice[0m.
[    8.887122] systemd[1]: Started Forward Password Requests to Wall Directory Watch.
[[0;32m  OK  [0m] Started [0;1;39mForward Password R…uests to Wall Directory Watch[0m.
[    8.891835] systemd[1]: Set up automount Arbitrary Executable File Formats File System Automount Point.
[[0;32m  OK  [0m] Set up automount [0;1;39mArbitrary…s File System Automount Point[0m.
[    8.894698] systemd[1]: Reached target Local Integrity Protected Volumes.
[[0;32m  OK  [0m] Reached target [0;1;39mLocal Integrity Protected Volumes[0m.
[    8.897063] systemd[1]: Reached target Slice Units.
[[0;32m  OK  [0m] Reached target [0;1;39mSlice Units[0m.
[    8.898839] systemd[1]: Reached target Swaps.
[[0;32m  OK  [0m] Reached target [0;1;39mSwaps[0m.
[    8.900098] systemd[1]: Reached target Local Verity Protected Volumes.
[[0;32m  OK  [0m] Reached target [0;1;39mLocal Verity Protected Volumes[0m.
[    8.902295] systemd[1]: Listening on Device-mapper event daemon FIFOs.
[[0;32m  OK  [0m] Listening on [0;1;39mDevice-mapper event daemon FIFOs[0m.
[    8.904724] systemd[1]: Listening on LVM2 poll daemon socket.
[[0;32m  OK  [0m] Listening on [0;1;39mLVM2 poll daemon socket[0m.
[    8.906385] systemd[1]: multipathd control socket was skipped because of an unmet condition check (ConditionPathExists=/etc/multipath.conf).
[    8.971594] systemd[1]: Listening on RPCbind Server Activation Socket.
[[0;32m  OK  [0m] Listening on [0;1;39mRPCbind Server Activation Socket[0m.
[    8.973994] systemd[1]: Reached target RPC Port Mapper.
[[0;32m  OK  [0m] Reached target [0;1;39mRPC Port Mapper[0m.
[    8.978674] systemd[1]: Listening on Process Core Dump Socket.
[[0;32m  OK  [0m] Listening on [0;1;39mProcess Core Dump Socket[0m.
[    8.981156] systemd[1]: Listening on initctl Compatibility Named Pipe.
[[0;32m  OK  [0m] Listening on [0;1;39minitctl Compatibility Named Pipe[0m.
[    8.983926] systemd[1]: Listening on Journal Socket (/dev/log).
[[0;32m  OK  [0m] Listening on [0;1;39mJournal Socket (/dev/log)[0m.
[    8.986768] systemd[1]: Listening on Journal Socket.
[[0;32m  OK  [0m] Listening on [0;1;39mJournal Socket[0m.
[    8.989347] systemd[1]: Listening on udev Control Socket.
[[0;32m  OK  [0m] Listening on [0;1;39mudev Control Socket[0m.
[    8.991510] systemd[1]: Listening on udev Kernel Socket.
[[0;32m  OK  [0m] Listening on [0;1;39mudev Kernel Socket[0m.
[    9.019224] systemd[1]: Mounting Huge Pages File System...
         Mounting [0;1;39mHuge Pages File System[0m...
[    9.030664] systemd[1]: Mounting POSIX Message Queue File System...
         Mounting [0;1;39mPOSIX Message Queue File System[0m...
[    9.048867] systemd[1]: Mounting Kernel Debug File System...
         Mounting [0;1;39mKernel Debug File System[0m...
[    9.062885] systemd[1]: Mounting Kernel Trace File System...
         Mounting [0;1;39mKernel Trace File System[0m...
[    9.066998] systemd[1]: Kernel Module supporting RPCSEC_GSS was skipped because of an unmet condition check (ConditionPathExists=/etc/krb5.keytab).
[    9.068600] systemd[1]: Create List of Static Device Nodes was skipped because of an unmet condition check (ConditionFileNotEmpty=/lib/modules/6.19.0-rc5-37efe8b10499+/modules.devname).
[    9.081782] systemd[1]: Starting Monitoring of LVM2 mirrors, snapshots etc. using dmeventd or progress polling...
         Starting [0;1;39mMonitoring of LVM…meventd or progress polling[0m...
[    9.122983] systemd[1]: Starting Load Kernel Module configfs...
         Starting [0;1;39mLoad Kernel Module configfs[0m...
[    9.140902] systemd[1]: Starting Load Kernel Module drm...
         Starting [0;1;39mLoad Kernel Module drm[0m...
[    9.155094] systemd[1]: Starting Load Kernel Module fuse...
         Starting [0;1;39mLoad Kernel Module fuse[0m...
[    9.176298] systemd[1]: Starting Read and set NIS domainname from /etc/sysconfig/network...
         Starting [0;1;39mRead and set NIS …from /etc/sysconfig/network[0m...
[    9.215535] systemd[1]: Starting Journal Service...
         Starting [0;1;39mJournal Service[0m...
[    9.226416] systemd[1]: Starting Load Kernel Modules...
         Starting [0;1;39mLoad Kernel Modules[0m...
[    9.244710] systemd[1]: Starting Generate network units from Kernel command line...
         Starting [0;1;39mGenerate network …ts from Kernel command line[0m...
[    9.263969] systemd[1]: Starting Remount Root and Kernel File Systems...
         Starting [0;1;39mRemount Root and Kernel File Systems[0m...
[    9.267086] systemd[1]: Repartition Root Disk was skipped because no trigger condition checks were met.
[    9.301094] systemd[1]: Starting Coldplug All udev Devices...
         Starting [0;1;39mColdplug All udev Devices[0m...
[    9.338422] systemd[1]: Mounted Huge Pages File System.
[[0;32m  OK  [0m] Mounted [0;1;39mHuge Pages File System[0m.
[    9.345113] systemd[1]: Mounted POSIX Message Queue File System.
[[0;32m  OK  [0m] Mounted [0;1;39mPOSIX Message Queue File System[0m.
[    9.355538] systemd[1]: Mounted Kernel Debug File System.
[[0;32m  OK  [0m] Mounted [0;1;39mKernel Debug File System[0m.
[    9.359262] systemd[1]: Mounted Kernel Trace File System.
[[0;32m  OK  [0m] Mounted [0;1;39mKernel Trace File System[0m.
[    9.391257] systemd[1]: Finished Monitoring of LVM2 mirrors, snapshots etc. using dmeventd or progress polling.
[[0;32m  OK  [0m] Finished [0;1;39mMonitoring of LVM… dmeventd or progress polling[0m.
[    9.395849] systemd[1]: modprobe@configfs.service: Deactivated successfully.
[    9.397902] systemd[1]: Finished Load Kernel Module configfs.
[[0;32m  OK  [0m] Finished [0;1;39mLoad Kernel Module configfs[0m.
[    9.412637] systemd[1]: modprobe@drm.service: Deactivated successfully.
[    9.418899] systemd[1]: Finished Load Kernel Module drm.
[[0;32m  OK  [0m] Finished [0;1;39mLoad Kernel Module drm[0m.
[    9.422346] systemd[1]: modprobe@fuse.service: Deactivated successfully.
[    9.425685] EXT4-fs (sda): re-mounted 088740a9-c8b4-422c-999d-a804eb68a4da r/w.
[    9.431134] systemd[1]: Finished Load Kernel Module fuse.
[[0;32m  OK  [0m] Finished [0;1;39mLoad Kernel Module fuse[0m.
[    9.444956] systemd[1]: Finished Read and set NIS domainname from /etc/sysconfig/network.
[[0;32m  OK  [0m] Finished [0;1;39mRead and set NIS …e from /etc/sysconfig/network[0m.
[    9.452007] systemd[1]: systemd-modules-load.service: Main process exited, code=exited, status=1/FAILURE
[    9.453864] systemd[1]: systemd-modules-load.service: Failed with result 'exit-code'.
[    9.460974] systemd[1]: Failed to start Load Kernel Modules.
[[0;1;31mFAILED[0m] Failed to start [0;1;39mLoad Kernel Modules[0m.
See 'systemctl status systemd-modules-load.service' for details.
[    9.468127] systemd[1]: Started Journal Service.
[[0;32m  OK  [0m] Started [0;1;39mJournal Service[0m.
[[0;32m  OK  [0m] Finished [0;1;39mGenerate network units from Kernel command line[0m.
[[0;32m  OK  [0m] Finished [0;1;39mRemount Root and Kernel File Systems[0m.
[[0;32m  OK  [0m] Reached target [0;1;39mPreparation for Network[0m.
         Mounting [0;1;39mFUSE Control File System[0m...
         Mounting [0;1;39mKernel Configuration File System[0m...
         Starting [0;1;39mFlush Journal to Persistent Storage[0m...
         Starting [0;1;39mLoad/Save Random Seed[0m...
         Starting [0;1;39mApply Kernel Variables[0m...
[    9.663171] systemd-journald[143]: Received client request to flush runtime journal.
         Starting [0;1;39mCreate Static Device Nodes in /dev[0m...
         Starting [0;1;39mSetup Virtual Console[0m...
[[0;32m  OK  [0m] Mounted [0;1;39mFUSE Control File System[0m.
[[0;32m  OK  [0m] Mounted [0;1;39mKernel Configuration File System[0m.
[[0;32m  OK  [0m] Finished [0;1;39mFlush Journal to Persistent Storage[0m.
[[0;32m  OK  [0m] Finished [0;1;39mLoad/Save Random Seed[0m.
[[0;32m  OK  [0m] Finished [0;1;39mApply Kernel Variables[0m.
[[0;32m  OK  [0m] Finished [0;1;39mCreate Static Device Nodes in /dev[0m.
         Starting [0;1;39mRule-based Manage…for Device Events and Files[0m...
[[0;32m  OK  [0m] Started [0;1;39mRule-based Manager for Device Events and Files[0m.
         Starting [0;1;39mAuto-connect to s…E devices found during boot[0m...
[[0;32m  OK  [0m] Finished [0;1;39mAuto-connect to s…VME devices found during boot[0m.
[[0;32m  OK  [0m] Finished [0;1;39mColdplug All udev Devices[0m.
         Starting [0;1;39mWait for udev To …plete Device Initialization[0m...
[[0;32m  OK  [0m] Finished [0;1;39mSetup Virtual Console[0m.
[[0;32m  OK  [0m] Started [0;1;39mDispatch Password …ts to Console Directory Watch[0m.
[[0;32m  OK  [0m] Reached target [0;1;39mLocal Encrypted Volumes[0m.
[[0;32m  OK  [0m] Reached target [0;1;39mPath Units[0m.
[[0;32m  OK  [0m] Found device [0;1;39m/dev/ttyS0[0m.
[[0;32m  OK  [0m] Listening on [0;1;39mLoad/Save RF …itch Status /dev/rfkill Watch[0m.
[[0;32m  OK  [0m] Finished [0;1;39mWait for udev To Complete Device Initialization[0m.
[[0;32m  OK  [0m] Reached target [0;1;39mPreparation for Local File Systems[0m.
[[0;32m  OK  [0m] Reached target [0;1;39mLocal File Systems[0m.
         Starting [0;1;39mTell Plymouth To Write Out Runtime Data[0m...
         Starting [0;1;39mAutomatic Boot Loader Update[0m...
         Starting [0;1;39mCreate Volatile Files and Directories[0m...
[[0;32m  OK  [0m] Finished [0;1;39mTell Plymouth To Write Out Runtime Data[0m.
[[0;32m  OK  [0m] Finished [0;1;39mAutomatic Boot Loader Update[0m.
[[0;32m  OK  [0m] Finished [0;1;39mCreate Volatile Files and Directories[0m.
         Mounting [0;1;39mRPC Pipe File System[0m...
         Starting [0;1;39mSecurity Auditing Service[0m...
         Starting [0;1;39mRPC Bind[0m...
[[0;32m  OK  [0m] Mounted [0;1;39mRPC Pipe File System[0m.
[[0;32m  OK  [0m] Reached target [0;1;39mrpc_pipefs.target[0m.
[[0;32m  OK  [0m] Started [0;1;39mRPC Bind[0m.
[[0;32m  OK  [0m] Started [0;1;39mSecurity Auditing Service[0m.
         Starting [0;1;39mRecord System Boot/Shutdown in UTMP[0m...
[[0;32m  OK  [0m] Finished [0;1;39mRecord System Boot/Shutdown in UTMP[0m.
[[0;32m  OK  [0m] Reached target [0;1;39mSystem Initialization[0m.
[[0;32m  OK  [0m] Started [0;1;39mDaily rotation of log files[0m.
[[0;32m  OK  [0m] Started [0;1;39mUpdates mlocate database every day[0m.
[[0;32m  OK  [0m] Started [0;1;39mDaily Cleanup of Temporary Directories[0m.
[[0;32m  OK  [0m] Started [0;1;39mdaily update of the root trust anchor for DNSSEC[0m.
[[0;32m  OK  [0m] Reached target [0;1;39mTimer Units[0m.
[[0;32m  OK  [0m] Listening on [0;1;39mD-Bus System Message Bus Socket[0m.
[[0;32m  OK  [0m] Listening on [0;1;39mOpen-iSCSI iscsid Socket[0m.
[[0;32m  OK  [0m] Listening on [0;1;39mOpen-iSCSI iscsiuio Socket[0m.
[[0;32m  OK  [0m] Listening on [0;1;39mSSSD Kerberos…ache Manager responder socket[0m.
[[0;32m  OK  [0m] Listening on [0;1;39mLibvirt interface local socket[0m.
[[0;32m  OK  [0m] Listening on [0;1;39mVirtual machine lock manager socket[0m.
[[0;32m  OK  [0m] Listening on [0;1;39mVirtual machine log manager socket[0m.
[[0;32m  OK  [0m] Listening on [0;1;39mLibvirt network local socket[0m.
[[0;32m  OK  [0m] Listening on [0;1;39mLibvirt nodedev local socket[0m.
[[0;32m  OK  [0m] Listening on [0;1;39mLibvirt nwfilter local socket[0m.
[[0;32m  OK  [0m] Listening on [0;1;39mLibvirt proxy local socket[0m.
[[0;32m  OK  [0m] Listening on [0;1;39mLibvirt qemu local socket[0m.
[[0;32m  OK  [0m] Listening on [0;1;39mLibvirt qemu admin socket[0m.
[[0;32m  OK  [0m] Listening on [0;1;39mLibvirt qemu local read-only socket[0m.
[[0;32m  OK  [0m] Listening on [0;1;39mLibvirt secret local socket[0m.
[[0;32m  OK  [0m] Listening on [0;1;39mLibvirt storage local socket[0m.
[[0;32m  OK  [0m] Reached target [0;1;39mSocket Units[0m.
         Starting [0;1;39mD-Bus System Message Bus[0m...
[[0;32m  OK  [0m] Started [0;1;39mD-Bus System Message Bus[0m.
[[0;32m  OK  [0m] Reached target [0;1;39mBasic System[0m.
         Starting [0;1;39mNetwork Manager[0m...
         Starting [0;1;39mNTP client/server[0m...
         Starting [0;1;39mRestore /run/initramfs on shutdown[0m...
[[0;32m  OK  [0m] Started [0;1;39mirqbalance daemon[0m.
[[0;32m  OK  [0m] Started [0;1;39mlibstoragemgmt plug-in server daemon[0m.
[[0;32m  OK  [0m] Started [0;1;39mMachine Check Exception Logging Daemon[0m.
[[0;32m  OK  [0m] Reached target [0;1;39msshd-keygen.target[0m.
[[0;32m  OK  [0m] Reached target [0;1;39mUser and Group Name Lookups[0m.
         Starting [0;1;39mUser Login Management[0m...
         Starting [0;1;39mVirtual Machine a…tainer Registration Service[0m...
[[0;32m  OK  [0m] Finished [0;1;39mRestore /run/initramfs on shutdown[0m.
         Starting [0;1;39mHostname Service[0m...
[[0;32m  OK  [0m] Started [0;1;39mVirtual Machine an…ontainer Registration Service[0m.
[[0;32m  OK  [0m] Started [0;1;39mNTP client/server[0m.
[[0;32m  OK  [0m] Started [0;1;39mUser Login Management[0m.
[[0;32m  OK  [0m] Started [0;1;39mHostname Service[0m.
         Starting [0;1;39mNetwork Manager Script Dispatcher Service[0m...
[[0;32m  OK  [0m] Started [0;1;39mNetwork Manager Script Dispatcher Service[0m.
[   14.955384] e1000: eth0 NIC Link is Up 1000 Mbps Full Duplex, Flow Control: RX
[[0;32m  OK  [0m] Started [0;1;39mNetwork Manager[0m.
[[0;32m  OK  [0m] Reached target [0;1;39mNetwork[0m.
[[0;32m  OK  [0m] Reached target [0;1;39mNetwork is Online[0m.
         Starting [0;1;39mGSSAPI Proxy Daemon[0m...
         Starting [0;1;39mNotify NFS peers of a restart[0m...
         Starting [0;1;39mSystem Logging Service[0m...
         Starting [0;1;39mOpenSSH server daemon[0m...
         Starting [0;1;39mDynamic System Tuning Daemon[0m...
[[0;32m  OK  [0m] Started [0;1;39mNotify NFS peers of a restart[0m.
[[0;32m  OK  [0m] Started [0;1;39mGSSAPI Proxy Daemon[0m.
[[0;32m  OK  [0m] Reached target [0;1;39mNFS client services[0m.
[[0;32m  OK  [0m] Reached target [0;1;39mPreparation for Remote File Systems[0m.
[[0;32m  OK  [0m] Reached target [0;1;39mRemote File Systems[0m.
         Starting [0;1;39mPermit User Sessions[0m...
         Starting [0;1;39mVirtualization qemu daemon[0m...
[[0;32m  OK  [0m] Started [0;1;39mOpenSSH server daemon[0m.
[[0;32m  OK  [0m] Finished [0;1;39mPermit User Sessions[0m.
[[0;32m  OK  [0m] Started [0;1;39mDeferred execution scheduler[0m.
[[0;32m  OK  [0m] Started [0;1;39mCommand Scheduler[0m.
         Starting [0;1;39mHold until boot process finishes up[0m...
         Starting [0;1;39mTerminate Plymouth Boot Screen[0m...
[[0;32m  OK  [0m] Started [0;1;39mSystem Logging Service[0m.
[[0;32m  OK  [0m] Finished [0;1;39mHold until boot process finishes up[0m.
[[0;32m  OK  [0m] Started [0;1;39mGetty on tty1[0m.
[[0;32m  OK  [0m] Started [0;1;39mSerial Getty on ttyS0[0m.
[[0;32m  OK  [0m] Reached target [0;1;39mLogin Prompts[0m.
[[0;32m  OK  [0m] Started [0;1;39mVirtualization qemu daemon[0m.
[[0;32m  OK  [0m] Finished [0;1;39mTerminate Plymouth Boot Screen[0m.
         Starting [0;1;39mAuthorization Manager[0m...
[[0;32m  OK  [0m] Started [0;1;39mAuthorization Manager[0m.
[[0;32m  OK  [0m] Started [0;1;39mDynamic System Tuning Daemon[0m.
[[0;32m  OK  [0m] Reached target [0;1;39mMulti-User System[0m.
         Starting [0;1;39mRecord Runlevel Change in UTMP[0m...
[[0;32m  OK  [0m] Finished [0;1;39mRecord Runlevel Change in UTMP[0m.

CentOS Stream 9
Kernel 6.19.0-rc5-37efe8b10499+ on an x86_64

Activate the web console with: systemctl enable --now cockpit.socket

test login: [   27.346648] 
[   27.346847] =====================================
[   27.347229] WARNING: bad unlock balance detected!
[   27.347616] 6.19.0-rc5-37efe8b10499+ #1 Not tainted
[   27.348017] -------------------------------------
[   27.348399] repro/927 is trying to release lock (rcu_read_lock) at:
[   27.348911] [<ffffffff8212e25a>] __wait_on_freeing_inode+0x13a/0x3b0
[   27.349460] but there are no more locks to release!
[   27.349855] 
[   27.349855] other info that might help us debug this:
[   27.350371] 4 locks held by repro/927:
[   27.350685]  #0: ffff8880138b8408 (sb_writers#3){.+.+}-{0:0}, at: filename_create+0x122/0x460
[   27.351392]  #1: ffff888011106380 (&type->i_mutex_dir_key#3/1){+.+.}-{4:4}, at: filename_create+0x1e6/0x460
[   27.352185]  #2: ffff8880138d2950 (jbd2_handle){++++}-{0:0}, at: start_this_handle+0x1042/0x1550
[   27.352920]  #3: ffffffff87416918 (inode_hash_lock){+.+.}-{3:3}, at: insert_inode_locked+0xf4/0x860
[   27.353670] 
[   27.353670] stack backtrace:
[   27.354042] CPU: 1 UID: 0 PID: 927 Comm: repro Not tainted 6.19.0-rc5-37efe8b10499+ #1 PREEMPT(voluntary) 
[   27.354056] Hardware name: QEMU Standard PC (i440FX + PIIX, 1996), BIOS rel-1.16.0-0-gd239552ce722-prebuilt.qemu.org 04/01/2014
[   27.354066] Call Trace:
[   27.354074]  <TASK>
[   27.354080]  dump_stack_lvl+0xea/0x150
[   27.354121]  ? __wait_on_freeing_inode+0x13a/0x3b0
[   27.354138]  dump_stack+0x19/0x20
[   27.354155]  print_unlock_imbalance_bug+0x121/0x140
[   27.354180]  ? __wait_on_freeing_inode+0x13a/0x3b0
[   27.354197]  lock_release+0x211/0x2a0
[   27.354217]  __wait_on_freeing_inode+0x13f/0x3b0
[   27.354234]  ? __pfx___wait_on_freeing_inode+0x10/0x10
[   27.354251]  ? do_raw_spin_lock+0x140/0x280
[   27.354264]  ? __pfx_var_wake_function+0x10/0x10
[   27.354287]  ? __this_cpu_preempt_check+0x21/0x30
[   27.354303]  ? lock_is_held_type+0xef/0x150
[   27.354316]  insert_inode_locked+0x26c/0x860
[   27.354340]  __ext4_new_inode+0x1c4a/0x5230
[   27.354368]  ? __pfx___ext4_new_inode+0x10/0x10
[   27.354382]  ? __pfx___dquot_initialize+0x10/0x10
[   27.354404]  ? ext4_get_dummy_policy+0x16/0x80
[   27.354418]  ? __pfx_ext4_get_dummy_policy+0x10/0x10
[   27.354434]  ext4_symlink+0x6c9/0xc70
[   27.354459]  ? __pfx_ext4_symlink+0x10/0x10
[   27.354473]  ? generic_permission+0xbf/0x800
[   27.354493]  ? __sanitizer_cov_trace_const_cmp4+0x1a/0x20
[   27.354512]  ? security_inode_permission+0xb8/0x220
[   27.354539]  ? inode_permission+0x39d/0x690
[   27.354556]  ? __sanitizer_cov_trace_const_cmp4+0x1a/0x20
[   27.354572]  vfs_symlink+0x459/0x850
[   27.354585]  do_symlinkat+0x3ae/0x510
[   27.354606]  ? __pfx_do_symlinkat+0x10/0x10
[   27.354621]  ? strncpy_from_user+0x198/0x290
[   27.354648]  ? __sanitizer_cov_trace_const_cmp4+0x1a/0x20
[   27.354662]  ? do_getname+0x19e/0x3e0
[   27.354679]  __x64_sys_symlink+0x83/0xa0
[   27.354696]  x64_sys_call+0x2d5/0x21b0
[   27.354714]  do_syscall_64+0x6d/0x1180
[   27.354734]  entry_SYSCALL_64_after_hwframe+0x76/0x7e
[   27.354745] RIP: 0033:0x7fb71803eabb
[   27.354758] Code: f0 ff ff 73 01 c3 48 8b 0d 62 b3 1b 00 f7 d8 64 89 01 48 83 c8 ff c3 0f 1f 84 00 00 00 00 00 f3 0f 1e fa b8 58 00 00 00 0f 05 <48> 3d 01 f0 ff ff 73 01 c3 48 8b 0d 35 b3 1b 00 f7 d8 64 89 01 48
[   27.354769] RSP: 002b:00007ffd0f326e98 EFLAGS: 00000202 ORIG_RAX: 0000000000000058
[   27.354784] RAX: ffffffffffffffda RBX: 0000000000000000 RCX: 00007fb71803eabb
[   27.354791] RDX: 0000000000000004 RSI: 0000000000402078 RDI: 0000000000402083
[   27.354798] RBP: 00007ffd0f326ea0 R08: 0000000000000000 R09: 00007ffd0f326910
[   27.354804] R10: 00007fb718014730 R11: 0000000000000202 R12: 00007ffd0f327018
[   27.354813] R13: 0000000000401bd7 R14: 0000000000403e08 R15: 00007fb718421000
[   27.354831]  </TASK>
[   27.375324] ------------[ cut here ]------------
[   27.375723] WARNING: kernel/rcu/tree_plugin.h:443 at __rcu_read_unlock+0x283/0x570, CPU#1: repro/927
[   27.376525] Modules linked in:
[   27.376823] CPU: 1 UID: 0 PID: 927 Comm: repro Not tainted 6.19.0-rc5-37efe8b10499+ #1 PREEMPT(voluntary) 
[   27.377623] Hardware name: QEMU Standard PC (i440FX + PIIX, 1996), BIOS rel-1.16.0-0-gd239552ce722-prebuilt.qemu.org 04/01/2014
[   27.380317] RIP: 0010:__rcu_read_unlock+0x283/0x570
[   27.380774] Code: e4 0f 84 d5 00 00 00 bf 09 00 00 00 e8 b6 c2 d9 ff 4d 85 f6 0f 84 6a fe ff ff e8 b8 36 29 00 fb 0f 1f 44 00 00 e9 5a fe ff ff <0f> 0b 5b 41 5c 41 5d 41 5e 41 5f 5d e9 3c 2b 82 04 e8 c7 34 8c 00
[   27.382282] RSP: 0018:ffff88801f127918 EFLAGS: 00010286
[   27.384487] RAX: 00000000ffffffff RBX: ffff88801f062580 RCX: ffffffff8167ad93
[   27.385085] RDX: 0000000000000000 RSI: 0000000000000001 RDI: ffff88801f062dbc
[   27.385677] RBP: ffff88801f127940 R08: 0000000000000000 R09: fffffbfff0eae540
[   27.386272] R10: 0000000080000001 R11: 6162206b63617473 R12: ffff88801f062580
[   27.388947] R13: ffff88801f062580 R14: 0000000000000001 R15: 0000000000000001
[   27.389540] FS:  00007fb7183d4740(0000) GS:ffff8880e318d000(0000) knlGS:0000000000000000
[   27.390201] CS:  0010 DS: 0000 ES: 0000 CR0: 0000000080050033
[   27.390823] CR2: 00007fb7180bc380 CR3: 00000000123c6006 CR4: 0000000000770ef0
[   27.391413] PKRU: 55555554
[   27.391651] Call Trace:
[   27.391866]  <TASK>
[   27.392491]  __wait_on_freeing_inode+0x144/0x3b0
[   27.393148]  ? __pfx___wait_on_freeing_inode+0x10/0x10
[   27.393619]  ? do_raw_spin_lock+0x140/0x280
[   27.394374]  ? __pfx_var_wake_function+0x10/0x10
[   27.395160]  ? __this_cpu_preempt_check+0x21/0x30
[   27.395743]  ? lock_is_held_type+0xef/0x150
[   27.396712]  insert_inode_locked+0x26c/0x860
[   27.397995]  __ext4_new_inode+0x1c4a/0x5230
[   27.400089]  ? __pfx___ext4_new_inode+0x10/0x10
[   27.400881]  ? __pfx___dquot_initialize+0x10/0x10
[   27.402125]  ? ext4_get_dummy_policy+0x16/0x80
[   27.402586]  ? __pfx_ext4_get_dummy_policy+0x10/0x10
[   27.403628]  ext4_symlink+0x6c9/0xc70
[   27.405512]  ? __pfx_ext4_symlink+0x10/0x10
[   27.405985]  ? generic_permission+0xbf/0x800
[   27.406719]  ? __sanitizer_cov_trace_const_cmp4+0x1a/0x20
[   27.407290]  ? security_inode_permission+0xb8/0x220
[   27.408046]  ? inode_permission+0x39d/0x690
[   27.408521]  ? __sanitizer_cov_trace_const_cmp4+0x1a/0x20
[   27.409530]  vfs_symlink+0x459/0x850
[   27.410634]  do_symlinkat+0x3ae/0x510
[   27.411573]  ? __pfx_do_symlinkat+0x10/0x10
[   27.411969]  ? strncpy_from_user+0x198/0x290
[   27.412882]  ? __sanitizer_cov_trace_const_cmp4+0x1a/0x20
[   27.413454]  ? do_getname+0x19e/0x3e0
[   27.414391]  __x64_sys_symlink+0x83/0xa0
[   27.415100]  x64_sys_call+0x2d5/0x21b0
[   27.415536]  do_syscall_64+0x6d/0x1180
[   27.416190]  entry_SYSCALL_64_after_hwframe+0x76/0x7e
[   27.416653] RIP: 0033:0x7fb71803eabb
[   27.417001] Code: f0 ff ff 73 01 c3 48 8b 0d 62 b3 1b 00 f7 d8 64 89 01 48 83 c8 ff c3 0f 1f 84 00 00 00 00 00 f3 0f 1e fa b8 58 00 00 00 0f 05 <48> 3d 01 f0 ff ff 73 01 c3 48 8b 0d 35 b3 1b 00 f7 d8 64 89 01 48
[   27.418524] RSP: 002b:00007ffd0f326e98 EFLAGS: 00000202 ORIG_RAX: 0000000000000058
[   27.419148] RAX: ffffffffffffffda RBX: 0000000000000000 RCX: 00007fb71803eabb
[   27.419732] RDX: 0000000000000004 RSI: 0000000000402078 RDI: 0000000000402083
[   27.420314] RBP: 00007ffd0f326ea0 R08: 0000000000000000 R09: 00007ffd0f326910
[   27.420899] R10: 00007fb718014730 R11: 0000000000000202 R12: 00007ffd0f327018
[   27.421494] R13: 0000000000401bd7 R14: 0000000000403e08 R15: 00007fb718421000
[   27.423776]  </TASK>
[   27.423978] irq event stamp: 219
[   27.424261] hardirqs last  enabled at (219): [<ffffffff85f0b8a5>] _raw_spin_unlock_irqrestore+0x35/0x70
[   27.425083] hardirqs last disabled at (218): [<ffffffff85f0b550>] _raw_spin_lock_irqsave+0x70/0x80
[   27.425866] softirqs last  enabled at (214): [<ffffffff8131b4d1>] kernel_fpu_end+0x71/0x90
[   27.426652] softirqs last disabled at (212): [<ffffffff8131cd7f>] kernel_fpu_begin_mask+0x1df/0x320
[   27.427440] ---[ end trace 0000000000000000 ]---
