c[?7l[2J[0mSeaBIOS (version rel-1.16.0-0-gd239552ce722-prebuilt.qemu.org)


iPXE (http://ipxe.org) 00:03.0 CA00 PCI2.10 PnP PMM+7FF91000+7FEF1000 CA00
Press Ctrl-B to configure iPXE (PCI 00:03.0)...                                                                               


Booting from ROM..c[?7l[2J[    0.000000] Linux version 6.19.0-rc5-55ffc973331b+ (root@p-mtlp04) (gcc (GCC) 11.5.0 20240719 (Red Hat 11.5.0-14), GNU ld version 2.35.2-69.el9) #1 SMP PREEMPT_DYNAMIC Tue Jan 13 21:57:21 CST 2026
[    0.000000] Command line: console=ttyS0 root=/dev/sda earlyprintk=serial net.ifnames=0 plymouth.enable=0
[    0.000000] KERNEL supported cpus:
[    0.000000]   Intel GenuineIntel
[    0.000000]   AMD AuthenticAMD
[    0.000000]   Hygon HygonGenuine
[    0.000000]   Centaur CentaurHauls
[    0.000000]   zhaoxin   Shanghai  
[    0.000000] x86/split lock detection: #DB: warning on user-space bus_locks
[    0.000000] BIOS-provided physical RAM map:
[    0.000000] BIOS-e820: [mem 0x0000000000000000-0x000000000009fbff] usable
[    0.000000] BIOS-e820: [mem 0x000000000009fc00-0x000000000009ffff] reserved
[    0.000000] BIOS-e820: [mem 0x00000000000f0000-0x00000000000fffff] reserved
[    0.000000] BIOS-e820: [mem 0x0000000000100000-0x000000007ffdffff] usable
[    0.000000] BIOS-e820: [mem 0x000000007ffe0000-0x000000007fffffff] reserved
[    0.000000] BIOS-e820: [mem 0x00000000feffc000-0x00000000feffffff] reserved
[    0.000000] BIOS-e820: [mem 0x00000000fffc0000-0x00000000ffffffff] reserved
[    0.000000] printk: legacy bootconsole [earlyser0] enabled
[    0.000000] NX (Execute Disable) protection: active
[    0.000000] APIC: Static calls initialized
[    0.000000] SMBIOS 2.8 present.
[    0.000000] DMI: QEMU Standard PC (i440FX + PIIX, 1996), BIOS rel-1.16.0-0-gd239552ce722-prebuilt.qemu.org 04/01/2014
[    0.000000] DMI: Memory slots populated: 1/1
[    0.000000] Hypervisor detected: KVM
[    0.000000] last_pfn = 0x7ffe0 max_arch_pfn = 0x400000000
[    0.000000] kvm-clock: Using msrs 4b564d01 and 4b564d00
[    0.000003] kvm-clock: using sched offset of 1069680289 cycles
[    0.000474] clocksource: kvm-clock: mask: 0xffffffffffffffff max_cycles: 0x1cd42e4dffb, max_idle_ns: 881590591483 ns
[    0.001932] tsc: Detected 2995.200 MHz processor
[    0.009956] last_pfn = 0x7ffe0 max_arch_pfn = 0x400000000
[    0.010452] MTRR map: 4 entries (3 fixed + 1 variable; max 19), built from 8 variable MTRRs
[    0.011183] x86/PAT: Configuration [0-7]: WB  WC  UC- UC  WB  WP  UC- WT  
[    0.021878] found SMP MP-table at [mem 0x000f5ba0-0x000f5baf]
[    0.022397] Using GB pages for direct mapping
[    0.024705] ACPI: Early table checksum verification disabled
[    0.025191] ACPI: RSDP 0x00000000000F59C0 000014 (v00 BOCHS )
[    0.025690] ACPI: RSDT 0x000000007FFE1951 000034 (v01 BOCHS  BXPC     00000001 BXPC 00000001)
[    0.026409] ACPI: FACP 0x000000007FFE17FD 000074 (v01 BOCHS  BXPC     00000001 BXPC 00000001)
[    0.027129] ACPI: DSDT 0x000000007FFE0040 0017BD (v01 BOCHS  BXPC     00000001 BXPC 00000001)
[    0.027850] ACPI: FACS 0x000000007FFE0000 000040
[    0.028245] ACPI: APIC 0x000000007FFE1871 000080 (v01 BOCHS  BXPC     00000001 BXPC 00000001)
[    0.028960] ACPI: HPET 0x000000007FFE18F1 000038 (v01 BOCHS  BXPC     00000001 BXPC 00000001)
[    0.029677] ACPI: WAET 0x000000007FFE1929 000028 (v01 BOCHS  BXPC     00000001 BXPC 00000001)
[    0.030391] ACPI: Reserving FACP table memory at [mem 0x7ffe17fd-0x7ffe1870]
[    0.030972] ACPI: Reserving DSDT table memory at [mem 0x7ffe0040-0x7ffe17fc]
[    0.031552] ACPI: Reserving FACS table memory at [mem 0x7ffe0000-0x7ffe003f]
[    0.032137] ACPI: Reserving APIC table memory at [mem 0x7ffe1871-0x7ffe18f0]
[    0.032717] ACPI: Reserving HPET table memory at [mem 0x7ffe18f1-0x7ffe1928]
[    0.033295] ACPI: Reserving WAET table memory at [mem 0x7ffe1929-0x7ffe1950]
[    0.034360] No NUMA configuration found
[    0.034682] Faking a node at [mem 0x0000000000000000-0x000000007ffdffff]
[    0.035258] NODE_DATA(0) allocated [mem 0x7ffb4ec0-0x7ffdfcbf]
[    0.036243] Zone ranges:
[    0.036458]   DMA      [mem 0x0000000000001000-0x0000000000ffffff]
[    0.036969]   DMA32    [mem 0x0000000001000000-0x000000007ffdffff]
[    0.037481]   Normal   empty
[    0.037723]   Device   empty
[    0.037966] Movable zone start for each node
[    0.038329] Early memory node ranges
[    0.038631]   node   0: [mem 0x0000000000001000-0x000000000009efff]
[    0.039166]   node   0: [mem 0x0000000000100000-0x000000007ffdffff]
[    0.039704] Initmem setup node 0 [mem 0x0000000000001000-0x000000007ffdffff]
[    0.041892] On node 0, zone DMA: 1 pages in unavailable ranges
[    0.042582] On node 0, zone DMA: 97 pages in unavailable ranges
[    0.083108] On node 0, zone DMA32: 32 pages in unavailable ranges
[    0.475394] KernelAddressSanitizer initialized (generic)
[    0.476145] ACPI: PM-Timer IO Port: 0x608
[    0.476524] ACPI: LAPIC_NMI (acpi_id[0xff] dfl dfl lint[0x1])
[    0.477067] IOAPIC[0]: apic_id 0, version 17, address 0xfec00000, GSI 0-23
[    0.477660] ACPI: INT_SRC_OVR (bus 0 bus_irq 0 global_irq 2 dfl dfl)
[    0.478203] ACPI: INT_SRC_OVR (bus 0 bus_irq 5 global_irq 5 high level)
[    0.478771] ACPI: INT_SRC_OVR (bus 0 bus_irq 9 global_irq 9 high level)
[    0.479340] ACPI: INT_SRC_OVR (bus 0 bus_irq 10 global_irq 10 high level)
[    0.479928] ACPI: INT_SRC_OVR (bus 0 bus_irq 11 global_irq 11 high level)
[    0.480524] ACPI: Using ACPI (MADT) for SMP configuration information
[    0.481082] ACPI: HPET id: 0x8086a201 base: 0xfed00000
[    0.481541] TSC deadline timer available
[    0.481939] CPU topo: Max. logical packages:   1
[    0.482381] CPU topo: Max. logical dies:       1
[    0.482784] CPU topo: Max. dies per package:   1
[    0.483193] CPU topo: Max. threads per core:   1
[    0.483601] CPU topo: Num. cores per package:     2
[    0.484033] CPU topo: Num. threads per package:   2
[    0.484462] CPU topo: Allowing 2 present CPUs plus 0 hotplug CPUs
[    0.485034] kvm-guest: APIC: eoi() replaced with kvm_guest_apic_eoi_write()
[    0.485672] kvm-guest: KVM setup pv remote TLB flush
[    0.486111] kvm-guest: setup PV sched yield
[    0.486523] PM: hibernation: Registered nosave memory: [mem 0x00000000-0x00000fff]
[    0.487194] PM: hibernation: Registered nosave memory: [mem 0x0009f000-0x000fffff]
[    0.487862] [mem 0x80000000-0xfeffbfff] available for PCI devices
[    0.488395] Booting paravirtualized kernel on KVM
[    0.488814] clocksource: refined-jiffies: mask: 0xffffffff max_cycles: 0xffffffff, max_idle_ns: 7645519600211568 ns
[    0.489752] setup_percpu: NR_CPUS:8192 nr_cpumask_bits:2 nr_cpu_ids:2 nr_node_ids:1
[    0.492211] percpu: Embedded 81 pages/cpu s294912 r8192 d28672 u1048576
[    0.493010] kvm-guest: PV spinlocks enabled
[    0.493391] PV qspinlock hash table entries: 256 (order: 0, 4096 bytes, linear)
[    0.494041] Kernel command line: net.ifnames=0 console=ttyS0 root=/dev/sda earlyprintk=serial net.ifnames=0 plymouth.enable=0
[    0.495465] random: crng init done
[    0.495783] printk: log buffer data + meta data: 262144 + 917504 = 1179648 bytes
[    0.497977] Dentry cache hash table entries: 262144 (order: 9, 2097152 bytes, linear)
[    0.499556] Inode-cache hash table entries: 131072 (order: 8, 1048576 bytes, linear)
[    0.500567] Fallback order for Node 0: 0 
[    0.500582] Built 1 zonelists, mobility grouping on.  Total pages: 524158
[    0.501484] Policy zone: DMA32
[    0.501743] mem auto-init: stack:off, heap alloc:off, heap free:off
[    0.502280] stackdepot: allocating hash table via alloc_large_system_hash
[    0.502859] stackdepot hash table entries: 1048576 (order: 12, 16777216 bytes, linear)
[    0.533118] stackdepot: allocating space for 8192 stack pools via memblock
[    0.566074] SLUB: HWalign=64, Order=0-3, MinObjects=0, CPUs=2, Nodes=1
[    0.566653] kmemleak: Kernel memory leak detector disabled
[    0.600354] ftrace: allocating 75278 entries in 296 pages
[    0.600844] ftrace: allocated 296 pages with 3 groups
[    0.606312] Dynamic Preempt: voluntary
[    0.607218] Running RCU self tests
[    0.607542] Running RCU synchronous self tests
[    0.607918] rcu: Preemptible hierarchical RCU implementation.
[    0.608397] rcu: 	RCU lockdep checking is enabled.
[    0.608794] rcu: 	RCU restricting CPUs from NR_CPUS=8192 to nr_cpu_ids=2.
[    0.609348] 	Trampoline variant of Tasks RCU enabled.
[    0.609771] 	Rude variant of Tasks RCU enabled.
[    0.610143] 	Tracing variant of Tasks RCU enabled.
[    0.610534] rcu: RCU calculated value of scheduler-enlistment delay is 25 jiffies.
[    0.611148] rcu: Adjusting geometry for rcu_fanout_leaf=16, nr_cpu_ids=2
[    0.611782] Running RCU synchronous self tests
[    0.612162] RCU Tasks: Setting shift to 1 and lim to 1 rcu_task_cb_adjust=1 rcu_task_cpu_ids=2.
[    0.612889] RCU Tasks Rude: Setting shift to 1 and lim to 1 rcu_task_cb_adjust=1 rcu_task_cpu_ids=2.
[    0.613649] RCU Tasks Trace: Setting shift to 1 and lim to 1 rcu_task_cb_adjust=1 rcu_task_cpu_ids=2.
[    0.682459] NR_IRQS: 524544, nr_irqs: 440, preallocated irqs: 16
[    0.683574] rcu: srcu_init: Setting srcu_struct sizes based on contention.
[    0.691448] Console: colour VGA+ 80x25
[    0.691859] printk: legacy console [ttyS0] enabled
[    0.691859] printk: legacy console [ttyS0] enabled
[    0.692665] printk: legacy bootconsole [earlyser0] disabled
[    0.692665] printk: legacy bootconsole [earlyser0] disabled
[    0.693618] Lock dependency validator: Copyright (c) 2006 Red Hat, Inc., Ingo Molnar
[    0.694325] ... MAX_LOCKDEP_SUBCLASSES:  8
[    0.694687] ... MAX_LOCK_DEPTH:          48
[    0.695044] ... MAX_LOCKDEP_KEYS:        8192
[    0.695432] ... CLASSHASH_SIZE:          4096
[    0.695814] ... MAX_LOCKDEP_ENTRIES:     524288
[    0.696210] ... MAX_LOCKDEP_CHAINS:      524288
[    0.696604] ... CHAINHASH_SIZE:          262144
[    0.696994]  memory used by lock dependency info: 54145 kB
[    0.697454]  memory used for stack traces: 4224 kB
[    0.697856]  per task-struct memory footprint: 1920 bytes
[    0.698398] ACPI: Core revision 20250807
[    0.699153] clocksource: hpet: mask: 0xffffffff max_cycles: 0xffffffff, max_idle_ns: 19112604467 ns
[    0.700016] APIC: Switch to symmetric I/O mode setup
[    0.700589] x2apic enabled
[    0.701174] APIC: Switched APIC routing to: physical x2apic
[    0.701640] kvm-guest: APIC: send_IPI_mask() replaced with kvm_send_ipi_mask()
[    0.702243] kvm-guest: APIC: send_IPI_mask_allbutself() replaced with kvm_send_ipi_mask_allbutself()
[    0.702991] kvm-guest: setup PV IPIs
[    0.704319] ..TIMER: vector=0x30 apic1=0 pin1=2 apic2=-1 pin2=-1
[    0.704837] clocksource: tsc-early: mask: 0xffffffffffffffff max_cycles: 0x2b2c8ec87c7, max_idle_ns: 440795278598 ns
[    0.705711] Calibrating delay loop (skipped) preset value.. 5990.40 BogoMIPS (lpj=11980800)
[    0.706526] x86/cpu: User Mode Instruction Prevention (UMIP) activated
[    0.707152] Last level iTLB entries: 4KB 0, 2MB 0, 4MB 0
[    0.707593] Last level dTLB entries: 4KB 0, 2MB 0, 4MB 0, 1GB 0
[    0.709747] mitigations: Enabled attack vectors: user_kernel, user_user, guest_host, guest_guest, SMT mitigations: auto
[    0.710657] Speculative Store Bypass: Mitigation: Speculative Store Bypass disabled via prctl
[    0.711359] Spectre V2 : Mitigation: Enhanced / Automatic IBRS
[    0.711893] ITS: Mitigation: Aligned branch/return thunks
[    0.712361] Spectre V1 : Mitigation: usercopy/swapgs barriers and __user pointer sanitization
[    0.713066] Spectre V2 : WARNING: Unprivileged eBPF is enabled with eIBRS on, data leaks possible via Spectre v2 BHB attacks!
[    0.713706] Spectre V2 : Spectre v2 / PBRSB-eIBRS: Retire a single CALL on VMEXIT
[    0.714350] Spectre V2 : mitigation: Enabling conditional Indirect Branch Prediction Barrier
[    0.715078] active return thunk: its_return_thunk
[    0.715498] Spectre V2 : Spectre BHI mitigation: SW BHB clearing on syscall and VM exit
[    0.716218] x86/fpu: Supporting XSAVE feature 0x001: 'x87 floating point registers'
[    0.716891] x86/fpu: Supporting XSAVE feature 0x002: 'SSE registers'
[    0.717706] x86/fpu: Supporting XSAVE feature 0x004: 'AVX registers'
[    0.718317] x86/fpu: Supporting XSAVE feature 0x200: 'Protection Keys User registers'
[    0.719058] x86/fpu: xstate_offset[2]:  576, xstate_sizes[2]:  256
[    0.719653] x86/fpu: xstate_offset[9]:  832, xstate_sizes[9]:    8
[    0.720240] x86/fpu: Enabled xstate features 0x207, context size is 840 bytes, using 'compacted' format.
[    0.890216] Freeing SMP alternatives memory: 64K
[    0.890709] pid_max: default: 32768 minimum: 301
[    0.891553] Yama: becoming mindful.
[    0.892338] Mount-cache hash table entries: 4096 (order: 3, 32768 bytes, linear)
[    0.893051] Mountpoint-cache hash table entries: 4096 (order: 3, 32768 bytes, linear)
[    0.895549] Running RCU synchronous self tests
[    0.895989] Running RCU synchronous self tests
[    0.896819] smpboot: CPU0: Intel(R) Core(TM) Ultra 7 155H (family: 0x6, model: 0xaa, stepping: 0x4)
[    0.897698] Performance Events: unsupported CPU family 6 model 170 no PMU driver, software events only.
[    0.897698] signal: max sigframe size: 3632
[    0.897698] rcu: Hierarchical SRCU implementation.
[    0.897710] rcu: 	Max phase no-delay instances is 1000.
[    0.898511] Timer migration: 1 hierarchy levels; 8 children per group; 1 crossnode level
[    0.921965] NMI watchdog: Perf NMI watchdog permanently disabled
[    0.922800] smp: Bringing up secondary CPUs ...
[    0.924519] smpboot: x86: Booting SMP configuration:
[    0.925021] .... node  #0, CPUs:      #1
[    0.925975] smp: Brought up 1 node, 2 CPUs
[    0.927465] smpboot: Total of 2 processors activated (11980.80 BogoMIPS)
[    0.930797] Memory: 1538728K/2096632K available (80950K kernel code, 15557K rwdata, 18812K rodata, 16416K init, 70008K bss, 546452K reserved, 0K cma-reserved)
[    0.934353] devtmpfs: initialized
[    0.934902] x86/mm: Memory block size: 128MB
[    0.947361] Running RCU synchronous self tests
[    0.949737] Running RCU synchronous self tests
[    0.950594] Running RCU Tasks wait API self tests
[    0.950594] Running RCU Tasks Rude wait API self tests
[    0.950594] Running RCU Tasks Trace wait API self tests
[    0.969736] clocksource: jiffies: mask: 0xffffffff max_cycles: 0xffffffff, max_idle_ns: 7645041785100000 ns
[    0.970756] posixtimers hash table entries: 1024 (order: 5, 73728 bytes, linear)
[    0.972240] futex hash table entries: 512 (65536 bytes on 1 NUMA nodes, total 64 KiB, linear).
[    0.972240] 
[    0.972240] *************************************************************
[    0.972257] **     NOTICE NOTICE NOTICE NOTICE NOTICE NOTICE NOTICE    **
[    0.972861] **                                                         **
[    0.973470] **  IOMMU DebugFS SUPPORT HAS BEEN ENABLED IN THIS KERNEL  **
[    0.977708] **                                                         **
[    0.978309] ** This means that this kernel is built to expose internal **
[    0.978911] ** IOMMU data structures, which may compromise security on **
[    0.979510] ** your system.                                            **
[    0.980110] **                                                         **
[    0.980715] ** If you see this message and you are not debugging the   **
[    0.981323] ** kernel, report this immediately to your vendor!         **
[    0.981704] **                                                         **
[    0.982306] **     NOTICE NOTICE NOTICE NOTICE NOTICE NOTICE NOTICE    **
[    0.982905] *************************************************************
[    0.983600] PM: RTC time: 14:02:49, date: 2026-01-13
[    0.987985] NET: Registered PF_NETLINK/PF_ROUTE protocol family
[    0.990295] DMA: preallocated 256 KiB GFP_KERNEL pool for atomic allocations
[    0.990961] DMA: preallocated 256 KiB GFP_KERNEL|GFP_DMA pool for atomic allocations
[    0.991676] DMA: preallocated 256 KiB GFP_KERNEL|GFP_DMA32 pool for atomic allocations
[    0.992477] audit: initializing netlink subsys (disabled)
[    0.993771] audit: type=2000 audit(1768312969.175:1): state=initialized audit_enabled=0 res=1
[    0.996640] thermal_sys: Registered thermal governor 'fair_share'
[    0.996654] thermal_sys: Registered thermal governor 'bang_bang'
[    0.997512] thermal_sys: Registered thermal governor 'step_wise'
[    0.997708] thermal_sys: Registered thermal governor 'user_space'
[    0.998403] cpuidle: using governor ladder
[    0.998701] cpuidle: using governor menu
[    0.998896] acpiphp: ACPI Hot Plug PCI Controller Driver version: 0.5
[    1.001715] Callback from call_rcu_tasks_trace() invoked.
[    1.002253] PCI: Using configuration type 1 for base access
[    1.003381] kprobes: kprobe jump-optimization is enabled. All kprobes are optimized if possible.
[    1.140460] HugeTLB: registered 1.00 GiB page size, pre-allocated 0 pages
[    1.141147] HugeTLB: 16380 KiB vmemmap can be freed for a 1.00 GiB page
[    1.141715] HugeTLB: registered 2.00 MiB page size, pre-allocated 0 pages
[    1.142360] HugeTLB: 28 KiB vmemmap can be freed for a 2.00 MiB page
[    1.179497] ACPI: Added _OSI(Module Device)
[    1.180382] ACPI: Added _OSI(Processor Device)
[    1.181231] ACPI: Added _OSI(Processor Aggregator Device)
[    1.209786] ACPI: 1 ACPI AML tables successfully acquired and loaded
[    1.221100] ACPI: Interpreter enabled
[    1.221695] ACPI: PM: (supports S0 S3 S4 S5)
[    1.222151] ACPI: Using IOAPIC for interrupt routing
[    1.222834] PCI: Using host bridge windows from ACPI; if necessary, use "pci=nocrs" and report a bug
[    1.223756] PCI: Using E820 reservations for host bridge windows
[    1.225881] ACPI: Enabled 2 GPEs in block 00 to 0F
[    1.278616] ACPI: PCI Root Bridge [PCI0] (domain 0000 [bus 00-ff])
[    1.279368] acpi PNP0A03:00: _OSC: OS supports [ASPM ClockPM Segments MSI EDR HPX-Type3]
[    1.280240] acpi PNP0A03:00: _OSC: not requesting OS control; OS requires [ExtendedConfig ASPM ClockPM MSI]
[    1.281474] acpi PNP0A03:00: fail to add MMCONFIG information, can't access extended configuration space under this bridge
[    1.287923] acpiphp: Slot [3] registered
[    1.288550] acpiphp: Slot [4] registered
[    1.289157] acpiphp: Slot [5] registered
[    1.289787] acpiphp: Slot [6] registered
[    1.290426] acpiphp: Slot [7] registered
[    1.291055] acpiphp: Slot [8] registered
[    1.291681] acpiphp: Slot [9] registered
[    1.292298] acpiphp: Slot [10] registered
[    1.293631] acpiphp: Slot [11] registered
[    1.293904] acpiphp: Slot [12] registered
[    1.294529] acpiphp: Slot [13] registered
[    1.295146] acpiphp: Slot [14] registered
[    1.295789] acpiphp: Slot [15] registered
[    1.296406] acpiphp: Slot [16] registered
[    1.297031] acpiphp: Slot [17] registered
[    1.297654] acpiphp: Slot [18] registered
[    1.297932] acpiphp: Slot [19] registered
[    1.298556] acpiphp: Slot [20] registered
[    1.299180] acpiphp: Slot [21] registered
[    1.299799] acpiphp: Slot [22] registered
[    1.300446] acpiphp: Slot [23] registered
[    1.301073] acpiphp: Slot [24] registered
[    1.301698] acpiphp: Slot [25] registered
[    1.302334] acpiphp: Slot [26] registered
[    1.302993] acpiphp: Slot [27] registered
[    1.303620] acpiphp: Slot [28] registered
[    1.304239] acpiphp: Slot [29] registered
[    1.304878] acpiphp: Slot [30] registered
[    1.305544] acpiphp: Slot [31] registered
[    1.305809] PCI host bridge to bus 0000:00
[    1.306339] pci_bus 0000:00: root bus resource [io  0x0000-0x0cf7 window]
[    1.307082] pci_bus 0000:00: root bus resource [io  0x0d00-0xffff window]
[    1.307817] pci_bus 0000:00: root bus resource [mem 0x000a0000-0x000bffff window]
[    1.308656] pci_bus 0000:00: root bus resource [mem 0x80000000-0xfebfffff window]
[    1.309486] pci_bus 0000:00: root bus resource [mem 0x100000000-0x17fffffff window]
[    1.309721] pci_bus 0000:00: root bus resource [bus 00-ff]
[    1.310469] pci 0000:00:00.0: [8086:1237] type 00 class 0x060000 conventional PCI endpoint
[    1.324143] pci 0000:00:01.0: [8086:7000] type 00 class 0x060100 conventional PCI endpoint
[    1.328501] pci 0000:00:01.1: [8086:7010] type 00 class 0x010180 conventional PCI endpoint
[    1.330431] pci 0000:00:01.1: BAR 4 [io  0xc040-0xc04f]
[    1.331245] pci 0000:00:01.1: BAR 0 [io  0x01f0-0x01f7]: legacy IDE quirk
[    1.332176] pci 0000:00:01.1: BAR 1 [io  0x03f6]: legacy IDE quirk
[    1.332862] pci 0000:00:01.1: BAR 2 [io  0x0170-0x0177]: legacy IDE quirk
[    1.333670] pci 0000:00:01.1: BAR 3 [io  0x0376]: legacy IDE quirk
[    1.334738] pci 0000:00:01.3: [8086:7113] type 00 class 0x068000 conventional PCI endpoint
[    1.336240] pci 0000:00:01.3: quirk: [io  0x0600-0x063f] claimed by PIIX4 ACPI
[    1.337208] pci 0000:00:01.3: quirk: [io  0x0700-0x070f] claimed by PIIX4 SMB
[    1.339074] pci 0000:00:02.0: [1234:1111] type 00 class 0x030000 conventional PCI endpoint
[    1.343980] pci 0000:00:02.0: BAR 0 [mem 0xfd000000-0xfdffffff pref]
[    1.345779] pci 0000:00:02.0: BAR 2 [mem 0xfebf0000-0xfebf0fff]
[    1.347489] pci 0000:00:02.0: ROM [mem 0xfebe0000-0xfebeffff pref]
[    1.349299] pci 0000:00:02.0: Video device with shadowed ROM at [mem 0x000c0000-0x000dffff]
[    1.365135] pci 0000:00:03.0: [8086:100e] type 00 class 0x020000 conventional PCI endpoint
[    1.366470] pci 0000:00:03.0: BAR 0 [mem 0xfebc0000-0xfebdffff]
[    1.367159] pci 0000:00:03.0: BAR 1 [io  0xc000-0xc03f]
[    1.367772] pci 0000:00:03.0: ROM [mem 0xfeb80000-0xfebbffff pref]
[    1.396079] ACPI: PCI: Interrupt link LNKA configured for IRQ 10
[    1.398153] ACPI: PCI: Interrupt link LNKB configured for IRQ 10
[    1.400085] ACPI: PCI: Interrupt link LNKC configured for IRQ 11
[    1.402080] ACPI: PCI: Interrupt link LNKD configured for IRQ 11
[    1.403320] ACPI: PCI: Interrupt link LNKS configured for IRQ 9
[    1.408416] iommu: Default domain type: Translated
[    1.408984] iommu: DMA domain TLB invalidation policy: lazy mode
[    1.415002] SCSI subsystem initialized
[    1.418509] ACPI: bus type USB registered
[    1.419393] usbcore: registered new interface driver usbfs
[    1.420135] usbcore: registered new interface driver hub
[    1.420811] usbcore: registered new device driver usb
[    1.421958] pps_core: LinuxPPS API ver. 1 registered
[    1.422490] pps_core: Software ver. 5.3.6 - Copyright 2005-2007 Rodolfo Giometti <giometti@linux.it>
[    1.423523] PTP clock support registered
[    1.424977] EDAC MC: Ver: 3.0.0
[    1.432462] NetLabel: Initializing
[    1.432873] NetLabel:  domain hash size = 128
[    1.433333] NetLabel:  protocols = UNLABELED CIPSOv4 CALIPSO
[    1.433959] NetLabel:  unlabeled traffic allowed by default
[    1.435412] PCI: Using ACPI for IRQ routing
[    1.436431] pci 0000:00:02.0: vgaarb: setting as boot VGA device
[    1.437080] pci 0000:00:02.0: vgaarb: bridge control possible
[    1.437696] pci 0000:00:02.0: vgaarb: VGA device added: decodes=io+mem,owns=io+mem,locks=none
[    1.437709] vgaarb: loaded
[    1.439121] hpet0: at MMIO 0xfed00000, IRQs 2, 8, 0
[    1.439670] hpet0: 3 comparators, 64-bit 100.000000 MHz counter
[    1.442778] clocksource: Switched to clocksource kvm-clock
[    4.421185] VFS: Disk quotas dquot_6.6.0
[    4.421685] VFS: Dquot-cache hash table entries: 512 (order 0, 4096 bytes)
[    4.424787] pnp: PnP ACPI init
[    4.430182] pnp: PnP ACPI: found 6 devices
[    4.454927] clocksource: acpi_pm: mask: 0xffffff max_cycles: 0xffffff, max_idle_ns: 2085701024 ns
[    4.456382] NET: Registered PF_INET protocol family
[    4.457164] IP idents hash table entries: 32768 (order: 6, 262144 bytes, linear)
[    4.460029] tcp_listen_portaddr_hash hash table entries: 1024 (order: 5, 73728 bytes, linear)
[    4.460917] Table-perturb hash table entries: 65536 (order: 6, 262144 bytes, linear)
[    4.461804] TCP established hash table entries: 16384 (order: 5, 131072 bytes, linear)
[    4.462940] TCP bind hash table entries: 16384 (order: 10, 2359296 bytes, linear)
[    4.466366] TCP: Hash tables configured (established 16384 bind 16384)
[    4.467233] UDP hash table entries: 1024 (order: 6, 262144 bytes, linear)
[    4.468117] UDP-Lite hash table entries: 1024 (order: 6, 262144 bytes, linear)
[    4.469362] NET: Registered PF_UNIX/PF_LOCAL protocol family
[    4.471589] RPC: Registered named UNIX socket transport module.
[    4.472181] RPC: Registered udp transport module.
[    4.472623] RPC: Registered tcp transport module.
[    4.473069] RPC: Registered tcp-with-tls transport module.
[    4.473604] RPC: Registered tcp NFSv4.1 backchannel transport module.
[    4.474234] pci_bus 0000:00: resource 4 [io  0x0000-0x0cf7 window]
[    4.474821] pci_bus 0000:00: resource 5 [io  0x0d00-0xffff window]
[    4.475408] pci_bus 0000:00: resource 6 [mem 0x000a0000-0x000bffff window]
[    4.476047] pci_bus 0000:00: resource 7 [mem 0x80000000-0xfebfffff window]
[    4.476685] pci_bus 0000:00: resource 8 [mem 0x100000000-0x17fffffff window]
[    4.477773] pci 0000:00:01.0: PIIX3: Enabling Passive Release
[    4.478322] pci 0000:00:00.0: Limiting direct PCI/PCI transfers
[    4.478968] PCI: CLS 0 bytes, default 64
[    4.479522] ACPI: bus type thunderbolt registered
[    4.480589] clocksource: tsc: mask: 0xffffffffffffffff max_cycles: 0x2b2c8ec87c7, max_idle_ns: 440795278598 ns
[    4.488579] Initialise system trusted keyrings
[    4.489252] Key type blacklist registered
[    4.490362] workingset: timestamp_bits=36 max_order=19 bucket_order=0
[    4.494980] squashfs: version 4.0 (2009/01/31) Phillip Lougher
[    4.498613] NFS: Registering the id_resolver key type
[    4.499401] Key type id_resolver registered
[    4.499999] Key type id_legacy registered
[    4.500673] nfs4filelayout_init: NFSv4 File Layout Driver Registering...
[    4.501672] nfs4flexfilelayout_init: NFSv4 Flexfile Layout Driver Registering...
[    4.503282] fuse: init (API version 7.45)
[    4.504824] SGI XFS with ACLs, security attributes, realtime, quota, no debug enabled
[    4.507603] 9p: Installing v9fs 9p2000 file system support
[    4.523579] Key type asymmetric registered
[    4.524096] Asymmetric key parser 'x509' registered
[    4.524794] Block layer SCSI generic (bsg) driver version 0.4 loaded (major 241)
[    4.526111] io scheduler mq-deadline registered
[    4.526748] io scheduler bfq registered
[    4.528723] ledtrig-cpu: registered to indicate activity on CPUs
[    4.531504] IPMI message handler: version 39.2
[    4.532060] ipmi device interface
[    4.535188] input: Power Button as /devices/LNXSYSTM:00/LNXPWRBN:00/input/input0
[    4.536764] ACPI: button: Power Button [PWRF]
[    4.539596] ERST DBG: ERST support is disabled.
[    4.541605] Callback from call_rcu_tasks() invoked.
[    4.541965] Serial: 8250/16550 driver, 32 ports, IRQ sharing enabled
[    4.544392] 00:04: ttyS0 at I/O 0x3f8 (irq = 4, base_baud = 115200) is a 16550A
[    4.581862] Linux agpgart interface v0.103
[    4.586130] ACPI: bus type drm_connector registered
[    4.617064] brd: module loaded
[    4.635563] loop: module loaded
[    4.663353] scsi host0: ata_piix
[    4.665329] scsi host1: ata_piix
[    4.666233] ata1: PATA max MWDMA2 cmd 0x1f0 ctl 0x3f6 bmdma 0xc040 irq 14 lpm-pol 0
[    4.666926] ata2: PATA max MWDMA2 cmd 0x170 ctl 0x376 bmdma 0xc048 irq 15 lpm-pol 0
[    4.671426] tun: Universal TUN/TAP device driver, 1.6
[    4.672471] e100: Intel(R) PRO/100 Network Driver
[    4.672903] e100: Copyright(c) 1999-2006 Intel Corporation
[    4.673590] e1000: Intel(R) PRO/1000 Network Driver
[    4.674045] e1000: Copyright (c) 1999-2006 Intel Corporation.
[    4.821745] ata1: found unknown device (class 0)
[    4.823338] ata1.00: ATA-7: QEMU HARDDISK, 2.5+, max UDMA/100
[    4.824222] ata1.00: 17196647 sectors, multi 16: LBA48 
[    4.825658] ata2: found unknown device (class 0)
[    4.826610] ata2.00: ATAPI: QEMU DVD-ROM, 2.5+, max UDMA/100
[    4.827572] scsi 0:0:0:0: Direct-Access     ATA      QEMU HARDDISK    2.5+ PQ: 0 ANSI: 5
[    4.833174] sd 0:0:0:0: [sda] 17196647 512-byte logical blocks: (8.80 GB/8.20 GiB)
[    4.834648] sd 0:0:0:0: Attached scsi generic sg0 type 0
[    4.835908] sd 0:0:0:0: [sda] Write Protect is off
[    4.837187] sd 0:0:0:0: [sda] Write cache: enabled, read cache: enabled, doesn't support DPO or FUA
[    4.838193] scsi 1:0:0:0: CD-ROM            QEMU     QEMU DVD-ROM     2.5+ PQ: 0 ANSI: 5
[    4.839259] sd 0:0:0:0: [sda] Preferred minimum I/O size 512 bytes
[    4.855276] scsi 1:0:0:0: Attached scsi generic sg1 type 5
[    4.864885] sd 0:0:0:0: [sda] Attached SCSI disk
[    5.601288] ACPI: \_SB_.LNKC: Enabled at IRQ 11
[    5.926807] e1000 0000:00:03.0 eth0: (PCI:33MHz:32-bit) 52:54:00:12:34:56
[    5.927579] e1000 0000:00:03.0 eth0: Intel(R) PRO/1000 Network Connection
[    5.928578] e1000e: Intel(R) PRO/1000 Network Driver
[    5.929092] e1000e: Copyright(c) 1999 - 2015 Intel Corporation.
[    5.929938] igb: Intel(R) Gigabit Ethernet Network Driver
[    5.930494] igb: Copyright (c) 2007-2014 Intel Corporation.
[    5.931731] PPP generic driver version 2.4.2
[    5.934752] VFIO - User Level meta-driver version: 0.3
[    5.942153] usbcore: registered new interface driver uas
[    5.942892] usbcore: registered new interface driver usb-storage
[    5.943952] i8042: PNP: PS/2 Controller [PNP0303:KBD,PNP0f13:MOU] at 0x60,0x64 irq 1,12
[    5.946224] serio: i8042 KBD port at 0x60,0x64 irq 1
[    5.946843] serio: i8042 AUX port at 0x60,0x64 irq 12
[    5.949210] mousedev: PS/2 mouse device common for all mice
[    5.951689] input: AT Translated Set 2 keyboard as /devices/platform/i8042/serio0/input/input1
[    5.953822] rtc_cmos 00:05: RTC can wake from S4
[    5.957172] rtc_cmos 00:05: registered as rtc0
[    5.958022] rtc_cmos 00:05: setting system clock to 2026-01-13T14:02:54 UTC (1768312974)
[    5.959993] input: VirtualPS/2 VMware VMMouse as /devices/platform/i8042/serio1/input/input4
[    5.961363] rtc_cmos 00:05: alarms up to one day, y3k, 242 bytes nvram, hpet irqs
[    5.962281] i2c_dev: i2c /dev entries driver
[    5.962882] device-mapper: core: CONFIG_IMA_DISABLE_HTABLE is disabled. Duplicate IMA measurements will not be recorded in the IMA log.
[    5.964185] device-mapper: uevent: version 1.0.3
[    5.965435] device-mapper: ioctl: 4.50.0-ioctl (2025-04-28) initialised: dm-devel@lists.linux.dev
[    5.966395] intel_pstate: CPU model not supported
[    5.967426] sdhci: Secure Digital Host Controller Interface driver
[    5.968080] sdhci: Copyright(c) Pierre Ossman
[    5.968989] input: VirtualPS/2 VMware VMMouse as /devices/platform/i8042/serio1/input/input3
[    5.971034] sdhci-pltfm: SDHCI platform and OF driver helper
[    5.976607] drop_monitor: Initializing network drop monitor service
[    5.981929] NET: Registered PF_INET6 protocol family
[    5.987069] Segment Routing with IPv6
[    5.987976] In-situ OAM (IOAM) with IPv6
[    5.988823] NET: Registered PF_PACKET protocol family
[    5.990406] 9pnet: Installing 9P2000 support
[    5.990982] Key type dns_resolver registered
[    5.993996] IPI shorthand broadcast: enabled
[    6.068158] sched_clock: Marking stable (6048007042, 17513970)->(6093708543, -28187531)
[    6.071077] registered taskstats version 1
[    6.072521] Loading compiled-in X.509 certificates
[    6.168623] Demotion targets for Node 0: null
[    6.172362] Key type .fscrypt registered
[    6.174332] Key type fscrypt-provisioning registered
[    6.181831] Key type encrypted registered
[    6.182295] ima: No TPM chip found, activating TPM-bypass!
[    6.182861] ima: Allocated hash algorithm: sha1
[    6.183385] ima: No architecture policies found
[    6.184031] evm: Initialising EVM extended attributes:
[    6.184537] evm: security.selinux
[    6.184868] evm: security.SMACK64
[    6.185194] evm: security.SMACK64EXEC
[    6.185602] evm: security.SMACK64TRANSMUTE
[    6.186001] evm: security.SMACK64MMAP
[    6.186365] evm: security.apparmor
[    6.186705] evm: security.ima
[    6.187004] evm: security.capability
[    6.187366] evm: HMAC attrs: 0x1
[    6.190680] PM:   Magic number: 10:391:30
[    6.192563] RAS: Correctable Errors collector initialized.
[    6.194298] clk: Disabling unused clocks
[    6.194964] PM: genpd: Disabling unused power domains
[    6.196700] check access for rdinit=/init failed: -2, ignoring
[    6.197330] md: Waiting for all devices to be available before autodetect
[    6.198117] md: If you don't use raid, use raid=noautodetect
[    6.198784] md: Autodetecting RAID arrays.
[    6.199232] md: autorun ...
[    6.199530] md: ... autorun DONE.
[    6.210912] EXT4-fs (sda): INFO: recovery required on readonly filesystem
[    6.211415] EXT4-fs (sda): write access will be enabled during recovery
[    6.544465] EXT4-fs (sda): recovery complete
[    6.546748] EXT4-fs (sda): mounted filesystem 088740a9-c8b4-422c-999d-a804eb68a4da ro with ordered data mode. Quota mode: none.
[    6.547668] VFS: Mounted root (ext4 filesystem) readonly on device 8:0.
[    6.550523] devtmpfs: mounted
[    6.573269] Freeing unused decrypted memory: 2036K
[    6.583018] Freeing unused kernel image (initmem) memory: 16416K
[    6.583722] Write protecting the kernel read-only data: 102400k
[    6.587019] Freeing unused kernel image (text/rodata gap) memory: 968K
[    6.589403] Freeing unused kernel image (rodata/data gap) memory: 1668K
[    6.683363] x86/mm: Checked W+X mappings: passed, no W+X pages found.
[    6.683897] Run /sbin/init as init process
[    6.912752] systemd[1]: systemd 252-15.el9 running in system mode (+PAM +AUDIT +SELINUX -APPARMOR +IMA +SMACK +SECCOMP +GCRYPT +GNUTLS +OPENSSL +ACL +BLKID +CURL +ELFUTILS -FIDO2 +IDN2 -IDN -IPTC +KMOD +LIBCRYPTSETUP +LIBFDISK +PCRE2 -PWQUALITY +P11KIT -QRENCODE +TPM2 +BZIP2 +LZ4 +XZ +ZLIB +ZSTD -BPF_FRAMEWORK +XKBCOMMON +UTMP +SYSVINIT default-hierarchy=unified)
[    6.914853] systemd[1]: Detected virtualization kvm.
[    6.915210] systemd[1]: Detected architecture x86-64.

Welcome to [0;31mCentOS Stream 9[0m!

[    6.920514] systemd[1]: Hostname set to <test>.
[    7.252437] systemd-rc-local-generator[121]: /etc/rc.d/rc.local is not marked executable, skipping.
[    7.599199] systemd[1]: Queued start job for default target Multi-User System.
[    7.624773] systemd[1]: Created slice Virtual Machine and Container Slice.
[[0;32m  OK  [0m] Created slice [0;1;39mVirtual Machine and Container Slice[0m.
[    7.631531] systemd[1]: Created slice Slice /system/getty.
[[0;32m  OK  [0m] Created slice [0;1;39mSlice /system/getty[0m.
[    7.635323] systemd[1]: Created slice Slice /system/modprobe.
[[0;32m  OK  [0m] Created slice [0;1;39mSlice /system/modprobe[0m.
[    7.639130] systemd[1]: Created slice Slice /system/serial-getty.
[[0;32m  OK  [0m] Created slice [0;1;39mSlice /system/serial-getty[0m.
[    7.642830] systemd[1]: Created slice Slice /system/sshd-keygen.
[[0;32m  OK  [0m] Created slice [0;1;39mSlice /system/sshd-keygen[0m.
[    7.646270] systemd[1]: Created slice User and Session Slice.
[[0;32m  OK  [0m] Created slice [0;1;39mUser and Session Slice[0m.
[    7.648066] systemd[1]: Started Forward Password Requests to Wall Directory Watch.
[[0;32m  OK  [0m] Started [0;1;39mForward Password R…uests to Wall Directory Watch[0m.
[    7.650967] systemd[1]: Set up automount Arbitrary Executable File Formats File System Automount Point.
[[0;32m  OK  [0m] Set up automount [0;1;39mArbitrary…s File System Automount Point[0m.
[    7.652920] systemd[1]: Reached target Local Integrity Protected Volumes.
[[0;32m  OK  [0m] Reached target [0;1;39mLocal Integrity Protected Volumes[0m.
[    7.654596] systemd[1]: Reached target Slice Units.
[[0;32m  OK  [0m] Reached target [0;1;39mSlice Units[0m.
[    7.655844] systemd[1]: Reached target Swaps.
[[0;32m  OK  [0m] Reached target [0;1;39mSwaps[0m.
[    7.656976] systemd[1]: Reached target Local Verity Protected Volumes.
[[0;32m  OK  [0m] Reached target [0;1;39mLocal Verity Protected Volumes[0m.
[    7.659130] systemd[1]: Listening on Device-mapper event daemon FIFOs.
[[0;32m  OK  [0m] Listening on [0;1;39mDevice-mapper event daemon FIFOs[0m.
[    7.661404] systemd[1]: Listening on LVM2 poll daemon socket.
[[0;32m  OK  [0m] Listening on [0;1;39mLVM2 poll daemon socket[0m.
[    7.663031] systemd[1]: multipathd control socket was skipped because of an unmet condition check (ConditionPathExists=/etc/multipath.conf).
[    7.718738] systemd[1]: Listening on RPCbind Server Activation Socket.
[[0;32m  OK  [0m] Listening on [0;1;39mRPCbind Server Activation Socket[0m.
[    7.720367] systemd[1]: Reached target RPC Port Mapper.
[[0;32m  OK  [0m] Reached target [0;1;39mRPC Port Mapper[0m.
[    7.724743] systemd[1]: Listening on Process Core Dump Socket.
[[0;32m  OK  [0m] Listening on [0;1;39mProcess Core Dump Socket[0m.
[    7.726341] systemd[1]: Listening on initctl Compatibility Named Pipe.
[[0;32m  OK  [0m] Listening on [0;1;39minitctl Compatibility Named Pipe[0m.
[    7.728192] systemd[1]: Listening on Journal Socket (/dev/log).
[[0;32m  OK  [0m] Listening on [0;1;39mJournal Socket (/dev/log)[0m.
[    7.729956] systemd[1]: Listening on Journal Socket.
[[0;32m  OK  [0m] Listening on [0;1;39mJournal Socket[0m.
[    7.731769] systemd[1]: Listening on udev Control Socket.
[[0;32m  OK  [0m] Listening on [0;1;39mudev Control Socket[0m.
[    7.733244] systemd[1]: Listening on udev Kernel Socket.
[[0;32m  OK  [0m] Listening on [0;1;39mudev Kernel Socket[0m.
[    7.740650] systemd[1]: Mounting Huge Pages File System...
         Mounting [0;1;39mHuge Pages File System[0m...
[    7.749912] systemd[1]: Mounting POSIX Message Queue File System...
         Mounting [0;1;39mPOSIX Message Queue File System[0m...
[    7.762430] systemd[1]: Mounting Kernel Debug File System...
         Mounting [0;1;39mKernel Debug File System[0m...
[    7.777680] systemd[1]: Mounting Kernel Trace File System...
         Mounting [0;1;39mKernel Trace File System[0m...
[    7.779052] systemd[1]: Kernel Module supporting RPCSEC_GSS was skipped because of an unmet condition check (ConditionPathExists=/etc/krb5.keytab).
[    7.780094] systemd[1]: Create List of Static Device Nodes was skipped because of an unmet condition check (ConditionFileNotEmpty=/lib/modules/6.19.0-rc5-55ffc973331b+/modules.devname).
[    7.787843] systemd[1]: Starting Monitoring of LVM2 mirrors, snapshots etc. using dmeventd or progress polling...
         Starting [0;1;39mMonitoring of LVM…meventd or progress polling[0m...
[    7.797675] systemd[1]: Starting Load Kernel Module configfs...
         Starting [0;1;39mLoad Kernel Module configfs[0m...
[    7.830148] systemd[1]: Starting Load Kernel Module drm...
         Starting [0;1;39mLoad Kernel Module drm[0m...
[    7.896455] systemd[1]: Starting Load Kernel Module fuse...
         Starting [0;1;39mLoad Kernel Module fuse[0m...
[    7.907009] systemd[1]: Starting Read and set NIS domainname from /etc/sysconfig/network...
         Starting [0;1;39mRead and set NIS …from /etc/sysconfig/network[0m...
[    7.942856] systemd[1]: Starting Journal Service...
         Starting [0;1;39mJournal Service[0m...
[    7.958508] systemd[1]: Starting Load Kernel Modules...
         Starting [0;1;39mLoad Kernel Modules[0m...
[    7.972886] systemd[1]: Starting Generate network units from Kernel command line...
         Starting [0;1;39mGenerate network …ts from Kernel command line[0m...
[    7.991123] systemd[1]: Starting Remount Root and Kernel File Systems...
         Starting [0;1;39mRemount Root and Kernel File Systems[0m...
[    7.994829] systemd[1]: Repartition Root Disk was skipped because no trigger condition checks were met.
[    8.018081] systemd[1]: Starting Coldplug All udev Devices...
         Starting [0;1;39mColdplug All udev Devices[0m...
[    8.053253] systemd[1]: Mounted Huge Pages File System.
[[0;32m  OK  [0m] Mounted [0;1;39mHuge Pages File System[0m.
[    8.063117] systemd[1]: Mounted POSIX Message Queue File System.
[[0;32m  OK  [0m] Mounted [0;1;39mPOSIX Message Queue File System[0m.
[    8.064980] systemd[1]: Mounted Kernel Debug File System.
[[0;32m  OK  [0m] Mounted [0;1;39mKernel Debug File System[0m.
[    8.070254] systemd[1]: Mounted Kernel Trace File System.
[[0;32m  OK  [0m] Mounted [0;1;39mKernel Trace File System[0m.
[    8.073205] systemd[1]: Finished Monitoring of LVM2 mirrors, snapshots etc. using dmeventd or progress polling.
[    8.075545] EXT4-fs (sda): re-mounted 088740a9-c8b4-422c-999d-a804eb68a4da r/w.
[[0;32m  OK  [0m] Finished [0;1;39mMonitoring of LVM… dmeventd or progress polling[0m.
[    8.090998] systemd[1]: modprobe@configfs.service: Deactivated successfully.
[    8.092929] systemd[1]: Finished Load Kernel Module configfs.
[[0;32m  OK  [0m] Finished [0;1;39mLoad Kernel Module configfs[0m.
[    8.100720] systemd[1]: modprobe@drm.service: Deactivated successfully.
[    8.107564] systemd[1]: Finished Load Kernel Module drm.
[[0;32m  OK  [0m] Finished [0;1;39mLoad Kernel Module drm[0m.
[    8.110545] systemd[1]: modprobe@fuse.service: Deactivated successfully.
[    8.112311] systemd[1]: Finished Load Kernel Module fuse.
[[0;32m  OK  [0m] Finished [0;1;39mLoad Kernel Module fuse[0m.
[    8.122682] systemd[1]: Finished Read and set NIS domainname from /etc/sysconfig/network.
[[0;32m  OK  [0m] Finished [0;1;39mRead and set NIS …e from /etc/sysconfig/network[0m.
[    8.126434] systemd[1]: systemd-modules-load.service: Main process exited, code=exited, status=1/FAILURE
[    8.128104] systemd[1]: systemd-modules-load.service: Failed with result 'exit-code'.
[    8.139191] systemd[1]: Failed to start Load Kernel Modules.
[[0;1;31mFAILED[0m] Failed to start [0;1;39mLoad Kernel Modules[0m.
See 'systemctl status systemd-modules-load.service' for details.
[    8.147344] systemd[1]: Finished Generate network units from Kernel command line.
[[0;32m  OK  [0m] Finished [0;1;39mGenerate network units from Kernel command line[0m.
[    8.155504] systemd[1]: Finished Remount Root and Kernel File Systems.
[[0;32m  OK  [0m] Finished [0;1;39mRemount Root and Kernel File Systems[0m.
[    8.164160] systemd[1]: Reached target Preparation for Network.
[[0;32m  OK  [0m] Reached target [0;1;39mPreparation for Network[0m.
[    8.194056] systemd[1]: Mounting FUSE Control File System...
         Mounting [0;1;39mFUSE Control File System[0m...
[    8.205112] systemd[1]: Mounting Kernel Configuration File System...
         Mounting [0;1;39mKernel Configuration File System[0m...
[    8.209955] systemd[1]: Special handling of early boot iSCSI sessions was skipped because of an unmet condition check (ConditionDirectoryNotEmpty=/sys/class/iscsi_session).
[    8.211167] systemd[1]: First Boot Wizard was skipped because of an unmet condition check (ConditionFirstBoot=yes).
[    8.216383] systemd[1]: Rebuild Hardware Database was skipped because of an unmet condition check (ConditionNeedsUpdate=/etc).
[    8.238331] systemd[1]: Starting Load/Save Random Seed...
         Starting [0;1;39mLoad/Save Random Seed[0m...
[    8.247913] systemd[1]: Starting Apply Kernel Variables...
         Starting [0;1;39mApply Kernel Variables[0m...
[    8.253191] systemd[1]: Create System Users was skipped because no trigger condition checks were met.
[    8.266227] systemd[1]: Starting Create Static Device Nodes in /dev...
         Starting [0;1;39mCreate Static Device Nodes in /dev[0m...
[    8.285945] systemd[1]: Starting Setup Virtual Console...
         Starting [0;1;39mSetup Virtual Console[0m...
[    8.306405] systemd[1]: Started Journal Service.
[[0;32m  OK  [0m] Started [0;1;39mJournal Service[0m.
[[0;32m  OK  [0m] Mounted [0;1;39mFUSE Control File System[0m.
[[0;32m  OK  [0m] Mounted [0;1;39mKernel Configuration File System[0m.
[[0;32m  OK  [0m] Finished [0;1;39mLoad/Save Random Seed[0m.
         Starting [0;1;39mFlush Journal to Persistent Storage[0m...
[[0;32m  OK  [0m] Finished [0;1;39mApply Kernel Variables[0m.
[    8.458781] systemd-journald[143]: Received client request to flush runtime journal.
[[0;32m  OK  [0m] Finished [0;1;39mFlush Journal to Persistent Storage[0m.
[[0;32m  OK  [0m] Finished [0;1;39mCreate Static Device Nodes in /dev[0m.
         Starting [0;1;39mRule-based Manage…for Device Events and Files[0m...
[[0;32m  OK  [0m] Started [0;1;39mRule-based Manager for Device Events and Files[0m.
         Starting [0;1;39mAuto-connect to s…E devices found during boot[0m...
[[0;32m  OK  [0m] Finished [0;1;39mAuto-connect to s…VME devices found during boot[0m.
[[0;32m  OK  [0m] Finished [0;1;39mSetup Virtual Console[0m.
[[0;32m  OK  [0m] Finished [0;1;39mColdplug All udev Devices[0m.
[[0;32m  OK  [0m] Started [0;1;39mDispatch Password …ts to Console Directory Watch[0m.
[[0;32m  OK  [0m] Reached target [0;1;39mLocal Encrypted Volumes[0m.
[[0;32m  OK  [0m] Reached target [0;1;39mPath Units[0m.
         Starting [0;1;39mWait for udev To …plete Device Initialization[0m...
[[0;32m  OK  [0m] Found device [0;1;39m/dev/ttyS0[0m.
[[0;32m  OK  [0m] Listening on [0;1;39mLoad/Save RF …itch Status /dev/rfkill Watch[0m.
[[0;32m  OK  [0m] Finished [0;1;39mWait for udev To Complete Device Initialization[0m.
[[0;32m  OK  [0m] Reached target [0;1;39mPreparation for Local File Systems[0m.
[[0;32m  OK  [0m] Reached target [0;1;39mLocal File Systems[0m.
         Starting [0;1;39mTell Plymouth To Write Out Runtime Data[0m...
         Starting [0;1;39mAutomatic Boot Loader Update[0m...
         Starting [0;1;39mCreate Volatile Files and Directories[0m...
[[0;32m  OK  [0m] Finished [0;1;39mTell Plymouth To Write Out Runtime Data[0m.
[[0;32m  OK  [0m] Finished [0;1;39mAutomatic Boot Loader Update[0m.
[[0;32m  OK  [0m] Finished [0;1;39mCreate Volatile Files and Directories[0m.
         Mounting [0;1;39mRPC Pipe File System[0m...
         Starting [0;1;39mSecurity Auditing Service[0m...
         Starting [0;1;39mRPC Bind[0m...
[[0;32m  OK  [0m] Mounted [0;1;39mRPC Pipe File System[0m.
[[0;32m  OK  [0m] Reached target [0;1;39mrpc_pipefs.target[0m.
[[0;32m  OK  [0m] Started [0;1;39mRPC Bind[0m.
[[0;32m  OK  [0m] Started [0;1;39mSecurity Auditing Service[0m.
         Starting [0;1;39mRecord System Boot/Shutdown in UTMP[0m...
[[0;32m  OK  [0m] Finished [0;1;39mRecord System Boot/Shutdown in UTMP[0m.
[[0;32m  OK  [0m] Reached target [0;1;39mSystem Initialization[0m.
[[0;32m  OK  [0m] Started [0;1;39mDaily rotation of log files[0m.
[[0;32m  OK  [0m] Started [0;1;39mUpdates mlocate database every day[0m.
[[0;32m  OK  [0m] Started [0;1;39mDaily Cleanup of Temporary Directories[0m.
[[0;32m  OK  [0m] Started [0;1;39mdaily update of the root trust anchor for DNSSEC[0m.
[[0;32m  OK  [0m] Reached target [0;1;39mTimer Units[0m.
[[0;32m  OK  [0m] Listening on [0;1;39mD-Bus System Message Bus Socket[0m.
[[0;32m  OK  [0m] Listening on [0;1;39mOpen-iSCSI iscsid Socket[0m.
[[0;32m  OK  [0m] Listening on [0;1;39mOpen-iSCSI iscsiuio Socket[0m.
[[0;32m  OK  [0m] Listening on [0;1;39mSSSD Kerberos…ache Manager responder socket[0m.
[[0;32m  OK  [0m] Listening on [0;1;39mLibvirt interface local socket[0m.
[[0;32m  OK  [0m] Listening on [0;1;39mVirtual machine lock manager socket[0m.
[[0;32m  OK  [0m] Listening on [0;1;39mVirtual machine log manager socket[0m.
[[0;32m  OK  [0m] Listening on [0;1;39mLibvirt network local socket[0m.
[[0;32m  OK  [0m] Listening on [0;1;39mLibvirt nodedev local socket[0m.
[[0;32m  OK  [0m] Listening on [0;1;39mLibvirt nwfilter local socket[0m.
[[0;32m  OK  [0m] Listening on [0;1;39mLibvirt proxy local socket[0m.
[[0;32m  OK  [0m] Listening on [0;1;39mLibvirt qemu local socket[0m.
[[0;32m  OK  [0m] Listening on [0;1;39mLibvirt qemu admin socket[0m.
[[0;32m  OK  [0m] Listening on [0;1;39mLibvirt qemu local read-only socket[0m.
[[0;32m  OK  [0m] Listening on [0;1;39mLibvirt secret local socket[0m.
[[0;32m  OK  [0m] Listening on [0;1;39mLibvirt storage local socket[0m.
[[0;32m  OK  [0m] Reached target [0;1;39mSocket Units[0m.
         Starting [0;1;39mD-Bus System Message Bus[0m...
[[0;32m  OK  [0m] Started [0;1;39mD-Bus System Message Bus[0m.
[[0;32m  OK  [0m] Reached target [0;1;39mBasic System[0m.
         Starting [0;1;39mNetwork Manager[0m...
         Starting [0;1;39mNTP client/server[0m...
         Starting [0;1;39mRestore /run/initramfs on shutdown[0m...
[[0;32m  OK  [0m] Started [0;1;39mirqbalance daemon[0m.
[[0;32m  OK  [0m] Started [0;1;39mlibstoragemgmt plug-in server daemon[0m.
[[0;32m  OK  [0m] Started [0;1;39mMachine Check Exception Logging Daemon[0m.
[[0;32m  OK  [0m] Reached target [0;1;39msshd-keygen.target[0m.
[[0;32m  OK  [0m] Reached target [0;1;39mUser and Group Name Lookups[0m.
         Starting [0;1;39mUser Login Management[0m...
         Starting [0;1;39mVirtual Machine a…tainer Registration Service[0m...
[[0;32m  OK  [0m] Finished [0;1;39mRestore /run/initramfs on shutdown[0m.
[[0;32m  OK  [0m] Started [0;1;39mVirtual Machine an…ontainer Registration Service[0m.
         Starting [0;1;39mHostname Service[0m...
[[0;32m  OK  [0m] Started [0;1;39mNTP client/server[0m.
[[0;32m  OK  [0m] Started [0;1;39mUser Login Management[0m.
[[0;32m  OK  [0m] Started [0;1;39mHostname Service[0m.
         Starting [0;1;39mNetwork Manager Script Dispatcher Service[0m...
[[0;32m  OK  [0m] Started [0;1;39mNetwork Manager Script Dispatcher Service[0m.
[   12.666316] e1000: eth0 NIC Link is Up 1000 Mbps Full Duplex, Flow Control: RX
[[0;32m  OK  [0m] Started [0;1;39mNetwork Manager[0m.
[[0;32m  OK  [0m] Reached target [0;1;39mNetwork[0m.
[[0;32m  OK  [0m] Reached target [0;1;39mNetwork is Online[0m.
         Starting [0;1;39mGSSAPI Proxy Daemon[0m...
         Starting [0;1;39mNotify NFS peers of a restart[0m...
         Starting [0;1;39mSystem Logging Service[0m...
         Starting [0;1;39mOpenSSH server daemon[0m...
         Starting [0;1;39mDynamic System Tuning Daemon[0m...
[[0;32m  OK  [0m] Started [0;1;39mGSSAPI Proxy Daemon[0m.
[[0;32m  OK  [0m] Started [0;1;39mNotify NFS peers of a restart[0m.
[[0;32m  OK  [0m] Reached target [0;1;39mNFS client services[0m.
[[0;32m  OK  [0m] Reached target [0;1;39mPreparation for Remote File Systems[0m.
[[0;32m  OK  [0m] Reached target [0;1;39mRemote File Systems[0m.
         Starting [0;1;39mPermit User Sessions[0m...
         Starting [0;1;39mVirtualization qemu daemon[0m...
[[0;32m  OK  [0m] Started [0;1;39mOpenSSH server daemon[0m.
[[0;32m  OK  [0m] Finished [0;1;39mPermit User Sessions[0m.
[[0;32m  OK  [0m] Started [0;1;39mDeferred execution scheduler[0m.
[[0;32m  OK  [0m] Started [0;1;39mCommand Scheduler[0m.
         Starting [0;1;39mHold until boot process finishes up[0m...
         Starting [0;1;39mTerminate Plymouth Boot Screen[0m...
[[0;32m  OK  [0m] Started [0;1;39mSystem Logging Service[0m.
[[0;32m  OK  [0m] Finished [0;1;39mHold until boot process finishes up[0m.
[[0;32m  OK  [0m] Finished [0;1;39mTerminate Plymouth Boot Screen[0m.
[[0;32m  OK  [0m] Started [0;1;39mGetty on tty1[0m.
[[0;32m  OK  [0m] Started [0;1;39mSerial Getty on ttyS0[0m.
[[0;32m  OK  [0m] Reached target [0;1;39mLogin Prompts[0m.
[[0;32m  OK  [0m] Started [0;1;39mVirtualization qemu daemon[0m.
         Starting [0;1;39mAuthorization Manager[0m...
[[0;32m  OK  [0m] Started [0;1;39mAuthorization Manager[0m.
[[0;32m  OK  [0m] Started [0;1;39mDynamic System Tuning Daemon[0m.
[[0;32m  OK  [0m] Reached target [0;1;39mMulti-User System[0m.
         Starting [0;1;39mRecord Runlevel Change in UTMP[0m...
[[0;32m  OK  [0m] Finished [0;1;39mRecord Runlevel Change in UTMP[0m.

CentOS Stream 9
Kernel 6.19.0-rc5-55ffc973331b+ on an x86_64

Activate the web console with: systemctl enable --now cockpit.socket

test login: [   24.134571] 
[   24.134894] =====================================
[   24.135559] WARNING: bad unlock balance detected!
[   24.136215] 6.19.0-rc5-55ffc973331b+ #1 Not tainted
[   24.136892] -------------------------------------
[   24.137548] repro/720 is trying to release lock (rcu_read_lock) at:
[   24.138418] [<ffffffff821273ba>] __wait_on_freeing_inode+0x13a/0x3b0
[   24.139346] but there are no more locks to release!
[   24.140018] 
[   24.140018] other info that might help us debug this:
[   24.140900] 4 locks held by repro/720:
[   24.141433]  #0: ffff888012dea408 (sb_writers#3){.+.+}-{0:0}, at: filename_create+0x122/0x460
[   24.142632]  #1: ffff888022ff5060 (&type->i_mutex_dir_key#3/1){+.+.}-{4:4}, at: filename_create+0x1e6/0x460
[   24.143974]  #2: ffff888012d92950 (jbd2_handle){++++}-{0:0}, at: start_this_handle+0x1042/0x1550
[   24.145215]  #3: ffffffff87416918 (inode_hash_lock){+.+.}-{3:3}, at: insert_inode_locked+0xf4/0x860
[   24.146474] 
[   24.146474] stack backtrace:
[   24.147096] CPU: 0 UID: 0 PID: 720 Comm: repro Not tainted 6.19.0-rc5-55ffc973331b+ #1 PREEMPT(voluntary) 
[   24.147115] Hardware name: QEMU Standard PC (i440FX + PIIX, 1996), BIOS rel-1.16.0-0-gd239552ce722-prebuilt.qemu.org 04/01/2014
[   24.147125] Call Trace:
[   24.147139]  <TASK>
[   24.147147]  dump_stack_lvl+0xea/0x150
[   24.147200]  ? __wait_on_freeing_inode+0x13a/0x3b0
[   24.147222]  dump_stack+0x19/0x20
[   24.147240]  print_unlock_imbalance_bug+0x121/0x140
[   24.147278]  ? __wait_on_freeing_inode+0x13a/0x3b0
[   24.147301]  lock_release+0x211/0x2a0
[   24.147331]  __wait_on_freeing_inode+0x13f/0x3b0
[   24.147354]  ? __pfx___wait_on_freeing_inode+0x10/0x10
[   24.147376]  ? do_raw_spin_lock+0x140/0x280
[   24.147393]  ? __pfx_var_wake_function+0x10/0x10
[   24.147428]  ? __this_cpu_preempt_check+0x21/0x30
[   24.147463]  ? lock_is_held_type+0xef/0x150
[   24.147486]  insert_inode_locked+0x26c/0x860
[   24.147514]  __ext4_new_inode+0x1c4a/0x5230
[   24.147552]  ? __pfx___ext4_new_inode+0x10/0x10
[   24.147570]  ? __pfx___dquot_initialize+0x10/0x10
[   24.147592]  ? ext4_lookup+0xe7/0x710
[   24.147618]  ? __this_cpu_preempt_check+0x21/0x30
[   24.147645]  ext4_mkdir+0x360/0xb70
[   24.147671]  ? __pfx_ext4_mkdir+0x10/0x10
[   24.147690]  ? security_inode_permission+0xb8/0x220
[   24.147728]  ? inode_permission+0x39d/0x690
[   24.147755]  ? __sanitizer_cov_trace_const_cmp2+0x1c/0x30
[   24.147784]  ? __sanitizer_cov_trace_const_cmp4+0x1a/0x20
[   24.147805]  vfs_mkdir+0x6d1/0xbe0
[   24.147823]  do_mkdirat+0x4c1/0x640
[   24.147846]  ? __pfx_do_mkdirat+0x10/0x10
[   24.147869]  ? strncpy_from_user+0x198/0x290
[   24.147910]  ? __sanitizer_cov_trace_const_cmp4+0x1a/0x20
[   24.147928]  ? getname_flags.part.0+0x1d5/0x570
[   24.147950]  ? __audit_syscall_entry+0x393/0x4f0
[   24.147979]  __x64_sys_mkdir+0xfd/0x150
[   24.148000]  x64_sys_call+0x1f87/0x21b0
[   24.148033]  do_syscall_64+0x6d/0x1180
[   24.148058]  entry_SYSCALL_64_after_hwframe+0x76/0x7e
[   24.148073] RIP: 0033:0x7fb46303e7bb
[   24.148092] Code: 73 01 c3 48 8b 0d 65 b6 1b 00 f7 d8 64 89 01 48 83 c8 ff c3 66 2e 0f 1f 84 00 00 00 00 00 90 f3 0f 1e fa b8 53 00 00 00 0f 05 <48> 3d 01 f0 ff ff 73 01 c3 48 8b 0d 35 b6 1b 00 f7 d8 64 89 01 48
[   24.148107] RSP: 002b:00007ffd4ed58e48 EFLAGS: 00000206 ORIG_RAX: 0000000000000053
[   24.148129] RAX: ffffffffffffffda RBX: 0000000000000000 RCX: 00007fb46303e7bb
[   24.148138] RDX: 0000000000000000 RSI: 00000000000001ff RDI: 00007ffd4ed58e50
[   24.148147] RBP: 00007ffd4ed58e90 R08: 0000000000000000 R09: 00007ffd4ed58be7
[   24.148156] R10: 0000000000000004 R11: 0000000000000206 R12: 00007ffd4ed58fb8
[   24.148164] R13: 0000000000401bd1 R14: 0000000000403e08 R15: 00007fb4632b7000
[   24.148187]  </TASK>
[   24.182368] ------------[ cut here ]------------
[   24.183033] WARNING: kernel/rcu/tree_plugin.h:443 at __rcu_read_unlock+0x283/0x570, CPU#0: repro/720
[   24.184286] Modules linked in:
[   24.184786] CPU: 0 UID: 0 PID: 720 Comm: repro Not tainted 6.19.0-rc5-55ffc973331b+ #1 PREEMPT(voluntary) 
[   24.191787] Hardware name: QEMU Standard PC (i440FX + PIIX, 1996), BIOS rel-1.16.0-0-gd239552ce722-prebuilt.qemu.org 04/01/2014
[   24.193340] RIP: 0010:__rcu_read_unlock+0x283/0x570
[   24.197475] Code: e4 0f 84 d5 00 00 00 bf 09 00 00 00 e8 96 c6 d9 ff 4d 85 f6 0f 84 6a fe ff ff e8 98 2f 29 00 fb 0f 1f 44 00 00 e9 5a fe ff ff <0f> 0b 5b 41 5c 41 5d 41 5e 41 5f 5d e9 bc 74 81 04 e8 77 cf 8b 00
[   24.203388] RSP: 0018:ffff88801a207948 EFLAGS: 00010286
[   24.204126] RAX: 00000000ffffffff RBX: ffff888015c4a580 RCX: ffffffff8167a493
[   24.205113] RDX: 0000000000000000 RSI: 0000000000000001 RDI: ffff888015c4adbc
[   24.209287] RBP: ffff88801a207970 R08: 0000000000000000 R09: fffffbfff0eae558
[   24.216013] R10: 0000000080000001 R11: 6162206b63617473 R12: ffff888015c4a580
[   24.216996] R13: ffff888015c4a580 R14: 0000000000000001 R15: 0000000000000001
[   24.221357] FS:  00007fb46326a740(0000) GS:ffff8880e30b8000(0000) knlGS:0000000000000000
[   24.225974] CS:  0010 DS: 0000 ES: 0000 CR0: 0000000080050033
[   24.226786] CR2: 000000002c9942d8 CR3: 0000000011e7c004 CR4: 0000000000770ef0
[   24.227775] PKRU: 55555554
[   24.228175] Call Trace:
[   24.228540]  <TASK>
[   24.232998]  __wait_on_freeing_inode+0x144/0x3b0
[   24.239832]  ? __pfx___wait_on_freeing_inode+0x10/0x10
[   24.240590]  ? do_raw_spin_lock+0x140/0x280
[   24.245382]  ? __pfx_var_wake_function+0x10/0x10
[   24.252437]  ? __this_cpu_preempt_check+0x21/0x30
[   24.253475]  ? lock_is_held_type+0xef/0x150
[   24.267362]  insert_inode_locked+0x26c/0x860
[   24.273377]  __ext4_new_inode+0x1c4a/0x5230
[   24.284129]  ? __pfx___ext4_new_inode+0x10/0x10
[   24.285692]  ? __pfx___dquot_initialize+0x10/0x10
[   24.286388]  ? ext4_lookup+0xe7/0x710
[   24.288373]  ? __this_cpu_preempt_check+0x21/0x30
[   24.290739]  ext4_mkdir+0x360/0xb70
[   24.294090]  ? __pfx_ext4_mkdir+0x10/0x10
[   24.294694]  ? security_inode_permission+0xb8/0x220
[   24.296051]  ? inode_permission+0x39d/0x690
[   24.296649]  ? __sanitizer_cov_trace_const_cmp2+0x1c/0x30
[   24.297400]  ? __sanitizer_cov_trace_const_cmp4+0x1a/0x20
[   24.299436]  vfs_mkdir+0x6d1/0xbe0
[   24.301792]  do_mkdirat+0x4c1/0x640
[   24.304249]  ? __pfx_do_mkdirat+0x10/0x10
[   24.304832]  ? strncpy_from_user+0x198/0x290
[   24.306635]  ? __sanitizer_cov_trace_const_cmp4+0x1a/0x20
[   24.307556]  ? getname_flags.part.0+0x1d5/0x570
[   24.308212]  ? __audit_syscall_entry+0x393/0x4f0
[   24.310059]  __x64_sys_mkdir+0xfd/0x150
[   24.311457]  x64_sys_call+0x1f87/0x21b0
[   24.312173]  do_syscall_64+0x6d/0x1180
[   24.313372]  entry_SYSCALL_64_after_hwframe+0x76/0x7e
[   24.314144] RIP: 0033:0x7fb46303e7bb
[   24.314839] Code: 73 01 c3 48 8b 0d 65 b6 1b 00 f7 d8 64 89 01 48 83 c8 ff c3 66 2e 0f 1f 84 00 00 00 00 00 90 f3 0f 1e fa b8 53 00 00 00 0f 05 <48> 3d 01 f0 ff ff 73 01 c3 48 8b 0d 35 b6 1b 00 f7 d8 64 89 01 48
[   24.317337] RSP: 002b:00007ffd4ed58e48 EFLAGS: 00000206 ORIG_RAX: 0000000000000053
[   24.318492] RAX: ffffffffffffffda RBX: 0000000000000000 RCX: 00007fb46303e7bb
[   24.319473] RDX: 0000000000000000 RSI: 00000000000001ff RDI: 00007ffd4ed58e50
[   24.320455] RBP: 00007ffd4ed58e90 R08: 0000000000000000 R09: 00007ffd4ed58be7
[   24.321436] R10: 0000000000000004 R11: 0000000000000206 R12: 00007ffd4ed58fb8
[   24.322460] R13: 0000000000401bd1 R14: 0000000000403e08 R15: 00007fb4632b7000
[   24.327294]  </TASK>
[   24.327632] irq event stamp: 4071
[   24.328108] hardirqs last  enabled at (4071): [<ffffffff85eff895>] _raw_spin_unlock_irqrestore+0x35/0x70
[   24.329406] hardirqs last disabled at (4070): [<ffffffff85eff540>] _raw_spin_lock_irqsave+0x70/0x80
[   24.330689] softirqs last  enabled at (4066): [<ffffffff8131b491>] kernel_fpu_end+0x71/0x90
[   24.331833] softirqs last disabled at (4064): [<ffffffff8131cc5f>] kernel_fpu_begin_mask+0x1df/0x320
[   24.333071] ---[ end trace 0000000000000000 ]---
