c[?7l[2J[0mSeaBIOS (version rel-1.16.0-0-gd239552ce722-prebuilt.qemu.org)


iPXE (http://ipxe.org) 00:03.0 CA00 PCI2.10 PnP PMM+7FF91000+7FEF1000 CA00
Press Ctrl-B to configure iPXE (PCI 00:03.0)...                                                                               


Booting from ROM...
c[?7l[2J[    0.000000] Linux version 6.19.0-rc1-757b907b3ead+ (root@p-mtlp04) (gcc (GCC) 11.5.0 20240719 (Red Hat 11.5.0-14), GNU ld version 2.35.2-69.el9) #1 SMP PREEMPT_DYNAMIC Wed Jan 14 04:10:51 CST 2026
[    0.000000] Command line: console=ttyS0 root=/dev/sda earlyprintk=serial net.ifnames=0 plymouth.enable=0
[    0.000000] KERNEL supported cpus:
[    0.000000]   Intel GenuineIntel
[    0.000000]   AMD AuthenticAMD
[    0.000000]   Hygon HygonGenuine
[    0.000000]   Centaur CentaurHauls
[    0.000000]   zhaoxin   Shanghai  
[    0.000000] x86/split lock detection: #DB: warning on user-space bus_locks
[    0.000000] BIOS-provided physical RAM map:
[    0.000000] BIOS-e820: [mem 0x0000000000000000-0x000000000009fbff] usable
[    0.000000] BIOS-e820: [mem 0x000000000009fc00-0x000000000009ffff] reserved
[    0.000000] BIOS-e820: [mem 0x00000000000f0000-0x00000000000fffff] reserved
[    0.000000] BIOS-e820: [mem 0x0000000000100000-0x000000007ffdffff] usable
[    0.000000] BIOS-e820: [mem 0x000000007ffe0000-0x000000007fffffff] reserved
[    0.000000] BIOS-e820: [mem 0x00000000feffc000-0x00000000feffffff] reserved
[    0.000000] BIOS-e820: [mem 0x00000000fffc0000-0x00000000ffffffff] reserved
[    0.000000] printk: legacy bootconsole [earlyser0] enabled
[    0.000000] NX (Execute Disable) protection: active
[    0.000000] APIC: Static calls initialized
[    0.000000] SMBIOS 2.8 present.
[    0.000000] DMI: QEMU Standard PC (i440FX + PIIX, 1996), BIOS rel-1.16.0-0-gd239552ce722-prebuilt.qemu.org 04/01/2014
[    0.000000] DMI: Memory slots populated: 1/1
[    0.000000] Hypervisor detected: KVM
[    0.000000] last_pfn = 0x7ffe0 max_arch_pfn = 0x400000000
[    0.000000] kvm-clock: Using msrs 4b564d01 and 4b564d00
[    0.000005] kvm-clock: using sched offset of 1604333778 cycles
[    0.000676] clocksource: kvm-clock: mask: 0xffffffffffffffff max_cycles: 0x1cd42e4dffb, max_idle_ns: 881590591483 ns
[    0.002769] tsc: Detected 2995.200 MHz processor
[    0.013579] last_pfn = 0x7ffe0 max_arch_pfn = 0x400000000
[    0.014320] MTRR map: 4 entries (3 fixed + 1 variable; max 19), built from 8 variable MTRRs
[    0.015392] x86/PAT: Configuration [0-7]: WB  WC  UC- UC  WB  WP  UC- WT  
[    0.032008] found SMP MP-table at [mem 0x000f5ba0-0x000f5baf]
[    0.032772] Using GB pages for direct mapping
[    0.036116] ACPI: Early table checksum verification disabled
[    0.036819] ACPI: RSDP 0x00000000000F59C0 000014 (v00 BOCHS )
[    0.037554] ACPI: RSDT 0x000000007FFE1951 000034 (v01 BOCHS  BXPC     00000001 BXPC 00000001)
[    0.038628] ACPI: FACP 0x000000007FFE17FD 000074 (v01 BOCHS  BXPC     00000001 BXPC 00000001)
[    0.039705] ACPI: DSDT 0x000000007FFE0040 0017BD (v01 BOCHS  BXPC     00000001 BXPC 00000001)
[    0.040783] ACPI: FACS 0x000000007FFE0000 000040
[    0.041376] ACPI: APIC 0x000000007FFE1871 000080 (v01 BOCHS  BXPC     00000001 BXPC 00000001)
[    0.042446] ACPI: HPET 0x000000007FFE18F1 000038 (v01 BOCHS  BXPC     00000001 BXPC 00000001)
[    0.043513] ACPI: WAET 0x000000007FFE1929 000028 (v01 BOCHS  BXPC     00000001 BXPC 00000001)
[    0.044583] ACPI: Reserving FACP table memory at [mem 0x7ffe17fd-0x7ffe1870]
[    0.045450] ACPI: Reserving DSDT table memory at [mem 0x7ffe0040-0x7ffe17fc]
[    0.046315] ACPI: Reserving FACS table memory at [mem 0x7ffe0000-0x7ffe003f]
[    0.047181] ACPI: Reserving APIC table memory at [mem 0x7ffe1871-0x7ffe18f0]
[    0.048053] ACPI: Reserving HPET table memory at [mem 0x7ffe18f1-0x7ffe1928]
[    0.048917] ACPI: Reserving WAET table memory at [mem 0x7ffe1929-0x7ffe1950]
[    0.050520] No NUMA configuration found
[    0.050996] Faking a node at [mem 0x0000000000000000-0x000000007ffdffff]
[    0.051866] NODE_DATA(0) allocated [mem 0x7ffb4ec0-0x7ffdfcbf]
[    0.053397] Zone ranges:
[    0.053717]   DMA      [mem 0x0000000000001000-0x0000000000ffffff]
[    0.054485]   DMA32    [mem 0x0000000001000000-0x000000007ffdffff]
[    0.055250]   Normal   empty
[    0.055611]   Device   empty
[    0.055979] Movable zone start for each node
[    0.056510] Early memory node ranges
[    0.056951]   node   0: [mem 0x0000000000001000-0x000000000009efff]
[    0.057721]   node   0: [mem 0x0000000000100000-0x000000007ffdffff]
[    0.058492] Initmem setup node 0 [mem 0x0000000000001000-0x000000007ffdffff]
[    0.059597] On node 0, zone DMA: 1 pages in unavailable ranges
[    0.060575] On node 0, zone DMA: 97 pages in unavailable ranges
[    0.135031] On node 0, zone DMA32: 32 pages in unavailable ranges
[    0.501122] KernelAddressSanitizer initialized (generic)
[    0.502219] ACPI: PM-Timer IO Port: 0x608
[    0.502772] ACPI: LAPIC_NMI (acpi_id[0xff] dfl dfl lint[0x1])
[    0.503567] IOAPIC[0]: apic_id 0, version 17, address 0xfec00000, GSI 0-23
[    0.504445] ACPI: INT_SRC_OVR (bus 0 bus_irq 0 global_irq 2 dfl dfl)
[    0.505227] ACPI: INT_SRC_OVR (bus 0 bus_irq 5 global_irq 5 high level)
[    0.506039] ACPI: INT_SRC_OVR (bus 0 bus_irq 9 global_irq 9 high level)
[    0.506856] ACPI: INT_SRC_OVR (bus 0 bus_irq 10 global_irq 10 high level)
[    0.507690] ACPI: INT_SRC_OVR (bus 0 bus_irq 11 global_irq 11 high level)
[    0.508559] ACPI: Using ACPI (MADT) for SMP configuration information
[    0.509352] ACPI: HPET id: 0x8086a201 base: 0xfed00000
[    0.509999] TSC deadline timer available
[    0.510487] CPU topo: Max. logical packages:   1
[    0.511043] CPU topo: Max. logical dies:       1
[    0.511602] CPU topo: Max. dies per package:   1
[    0.512171] CPU topo: Max. threads per core:   1
[    0.512729] CPU topo: Num. cores per package:     2
[    0.513318] CPU topo: Num. threads per package:   2
[    0.513906] CPU topo: Allowing 2 present CPUs plus 0 hotplug CPUs
[    0.514709] kvm-guest: APIC: eoi() replaced with kvm_guest_apic_eoi_write()
[    0.515604] kvm-guest: KVM setup pv remote TLB flush
[    0.516227] kvm-guest: setup PV sched yield
[    0.516803] PM: hibernation: Registered nosave memory: [mem 0x00000000-0x00000fff]
[    0.517740] PM: hibernation: Registered nosave memory: [mem 0x0009f000-0x000fffff]
[    0.518679] [mem 0x80000000-0xfeffbfff] available for PCI devices
[    0.519432] Booting paravirtualized kernel on KVM
[    0.520030] clocksource: refined-jiffies: mask: 0xffffffff max_cycles: 0xffffffff, max_idle_ns: 7645519600211568 ns
[    0.521330] setup_percpu: NR_CPUS:8192 nr_cpumask_bits:2 nr_cpu_ids:2 nr_node_ids:1
[    0.524481] percpu: Embedded 81 pages/cpu s294912 r8192 d28672 u1048576
[    0.525565] kvm-guest: PV spinlocks enabled
[    0.526104] PV qspinlock hash table entries: 256 (order: 0, 4096 bytes, linear)
[    0.527030] Kernel command line: net.ifnames=0 console=ttyS0 root=/dev/sda earlyprintk=serial net.ifnames=0 plymouth.enable=0
[    0.528840] random: crng init done
[    0.529273] printk: log buffer data + meta data: 262144 + 917504 = 1179648 bytes
[    0.532239] Dentry cache hash table entries: 262144 (order: 9, 2097152 bytes, linear)
[    0.534441] Inode-cache hash table entries: 131072 (order: 8, 1048576 bytes, linear)
[    0.535910] Fallback order for Node 0: 0 
[    0.535928] Built 1 zonelists, mobility grouping on.  Total pages: 524158
[    0.537221] Policy zone: DMA32
[    0.537594] mem auto-init: stack:off, heap alloc:off, heap free:off
[    0.538344] stackdepot: allocating hash table via alloc_large_system_hash
[    0.539168] stackdepot hash table entries: 1048576 (order: 12, 16777216 bytes, linear)
[    0.556712] stackdepot: allocating space for 8192 stack pools via memblock
[    0.596521] SLUB: HWalign=64, Order=0-3, MinObjects=0, CPUs=2, Nodes=1
[    0.597350] kmemleak: Kernel memory leak detector disabled
[    0.645421] ftrace: allocating 75259 entries in 296 pages
[    0.646114] ftrace: allocated 296 pages with 3 groups
[    0.652483] Dynamic Preempt: voluntary
[    0.653656] Running RCU self tests
[    0.654054] Running RCU synchronous self tests
[    0.654579] rcu: Preemptible hierarchical RCU implementation.
[    0.655252] rcu: 	RCU lockdep checking is enabled.
[    0.655821] rcu: 	RCU restricting CPUs from NR_CPUS=8192 to nr_cpu_ids=2.
[    0.656617] 	Trampoline variant of Tasks RCU enabled.
[    0.657284] 	Rude variant of Tasks RCU enabled.
[    0.657817] 	Tracing variant of Tasks RCU enabled.
[    0.658391] rcu: RCU calculated value of scheduler-enlistment delay is 25 jiffies.
[    0.659285] rcu: Adjusting geometry for rcu_fanout_leaf=16, nr_cpu_ids=2
[    0.660197] Running RCU synchronous self tests
[    0.660729] RCU Tasks: Setting shift to 1 and lim to 1 rcu_task_cb_adjust=1 rcu_task_cpu_ids=2.
[    0.661787] RCU Tasks Rude: Setting shift to 1 and lim to 1 rcu_task_cb_adjust=1 rcu_task_cpu_ids=2.
[    0.662859] RCU Tasks Trace: Setting shift to 1 and lim to 1 rcu_task_cb_adjust=1 rcu_task_cpu_ids=2.
[    0.760979] NR_IRQS: 524544, nr_irqs: 440, preallocated irqs: 16
[    0.762458] rcu: srcu_init: Setting srcu_struct sizes based on contention.
[    0.774291] Console: colour VGA+ 80x25
[    0.774901] printk: legacy console [ttyS0] enabled
[    0.774901] printk: legacy console [ttyS0] enabled
[    0.776106] printk: legacy bootconsole [earlyser0] disabled
[    0.776106] printk: legacy bootconsole [earlyser0] disabled
[    0.777458] Lock dependency validator: Copyright (c) 2006 Red Hat, Inc., Ingo Molnar
[    0.778395] ... MAX_LOCKDEP_SUBCLASSES:  8
[    0.778899] ... MAX_LOCK_DEPTH:          48
[    0.779417] ... MAX_LOCKDEP_KEYS:        8192
[    0.779960] ... CLASSHASH_SIZE:          4096
[    0.780499] ... MAX_LOCKDEP_ENTRIES:     524288
[    0.781080] ... MAX_LOCKDEP_CHAINS:      524288
[    0.781644] ... CHAINHASH_SIZE:          262144
[    0.782201]  memory used by lock dependency info: 54145 kB
[    0.782876]  memory used for stack traces: 4224 kB
[    0.783462]  per task-struct memory footprint: 1920 bytes
[    0.784249] ACPI: Core revision 20250807
[    0.785302] clocksource: hpet: mask: 0xffffffff max_cycles: 0xffffffff, max_idle_ns: 19112604467 ns
[    0.786641] APIC: Switch to symmetric I/O mode setup
[    0.787490] x2apic enabled
[    0.788364] APIC: Switched APIC routing to: physical x2apic
[    0.789055] kvm-guest: APIC: send_IPI_mask() replaced with kvm_send_ipi_mask()
[    0.789942] kvm-guest: APIC: send_IPI_mask_allbutself() replaced with kvm_send_ipi_mask_allbutself()
[    0.791184] kvm-guest: setup PV IPIs
[    0.793171] ..TIMER: vector=0x30 apic1=0 pin1=2 apic2=-1 pin2=-1
[    0.793958] clocksource: tsc-early: mask: 0xffffffffffffffff max_cycles: 0x2b2c8ec87c7, max_idle_ns: 440795278598 ns
[    0.795377] Calibrating delay loop (skipped) preset value.. 5990.40 BogoMIPS (lpj=11980800)
[    0.796653] x86/cpu: User Mode Instruction Prevention (UMIP) activated
[    0.797648] Last level iTLB entries: 4KB 0, 2MB 0, 4MB 0
[    0.798318] Last level dTLB entries: 4KB 0, 2MB 0, 4MB 0, 1GB 0
[    0.799395] mitigations: Enabled attack vectors: user_kernel, user_user, guest_host, guest_guest, SMT mitigations: auto
[    0.800785] Speculative Store Bypass: Mitigation: Speculative Store Bypass disabled via prctl
[    0.801858] Spectre V2 : Mitigation: Enhanced / Automatic IBRS
[    0.802602] ITS: Mitigation: Aligned branch/return thunks
[    0.803366] Spectre V1 : Mitigation: usercopy/swapgs barriers and __user pointer sanitization
[    0.804435] Spectre V2 : WARNING: Unprivileged eBPF is enabled with eIBRS on, data leaks possible via Spectre v2 BHB attacks!
[    0.805899] Spectre V2 : Spectre v2 / PBRSB-eIBRS: Retire a single CALL on VMEXIT
[    0.807371] Spectre V2 : mitigation: Enabling conditional Indirect Branch Prediction Barrier
[    0.808414] active return thunk: its_return_thunk
[    0.809025] Spectre V2 : Spectre BHI mitigation: SW BHB clearing on syscall and VM exit
[    0.810072] x86/fpu: Supporting XSAVE feature 0x001: 'x87 floating point registers'
[    0.811059] x86/fpu: Supporting XSAVE feature 0x002: 'SSE registers'
[    0.811362] x86/fpu: Supporting XSAVE feature 0x004: 'AVX registers'
[    0.812217] x86/fpu: Supporting XSAVE feature 0x200: 'Protection Keys User registers'
[    0.813279] x86/fpu: xstate_offset[2]:  576, xstate_sizes[2]:  256
[    0.814072] x86/fpu: xstate_offset[9]:  832, xstate_sizes[9]:    8
[    0.815361] x86/fpu: Enabled xstate features 0x207, context size is 840 bytes, using 'compacted' format.
[    1.026382] Freeing SMP alternatives memory: 64K
[    1.027035] pid_max: default: 32768 minimum: 301
[    1.027864] Yama: becoming mindful.
[    1.028911] Mount-cache hash table entries: 4096 (order: 3, 32768 bytes, linear)
[    1.029853] Mountpoint-cache hash table entries: 4096 (order: 3, 32768 bytes, linear)
[    1.033551] Running RCU synchronous self tests
[    1.034135] Running RCU synchronous self tests
[    1.035241] smpboot: CPU0: Intel(R) Core(TM) Ultra 7 155H (family: 0x6, model: 0xaa, stepping: 0x4)
[    1.035355] Performance Events: unsupported CPU family 6 model 170 no PMU driver, software events only.
[    1.035355] signal: max sigframe size: 3632
[    1.035651] rcu: Hierarchical SRCU implementation.
[    1.036280] rcu: 	Max phase no-delay instances is 1000.
[    1.037346] Timer migration: 1 hierarchy levels; 8 children per group; 1 crossnode level
[    1.067162] NMI watchdog: Perf NMI watchdog permanently disabled
[    1.067783] smp: Bringing up secondary CPUs ...
[    1.070613] smpboot: x86: Booting SMP configuration:
[    1.071329] .... node  #0, CPUs:      #1
[    1.071825] smp: Brought up 1 node, 2 CPUs
[    1.072535] smpboot: Total of 2 processors activated (11980.80 BogoMIPS)
[    1.075947] Memory: 1538728K/2096632K available (80926K kernel code, 15557K rwdata, 18816K rodata, 16412K init, 70012K bss, 546452K reserved, 0K cma-reserved)
[    1.079388] devtmpfs: initialized
[    1.080987] x86/mm: Memory block size: 128MB
[    1.097241] Running RCU synchronous self tests
[    1.099409] Running RCU synchronous self tests
[    1.100465] Running RCU Tasks wait API self tests
[    1.103385] Running RCU Tasks Rude wait API self tests
[    1.103994] Running RCU Tasks Trace wait API self tests
[    1.123431] clocksource: jiffies: mask: 0xffffffff max_cycles: 0xffffffff, max_idle_ns: 7645041785100000 ns
[    1.124750] posixtimers hash table entries: 1024 (order: 5, 73728 bytes, linear)
[    1.125729] futex hash table entries: 512 (65536 bytes on 1 NUMA nodes, total 64 KiB, linear).
[    1.130000] 
[    1.130214] *************************************************************
[    1.131008] **     NOTICE NOTICE NOTICE NOTICE NOTICE NOTICE NOTICE    **
[    1.131374] **                                                         **
[    1.132195] **  IOMMU DebugFS SUPPORT HAS BEEN ENABLED IN THIS KERNEL  **
[    1.133006] **                                                         **
[    1.133815] ** This means that this kernel is built to expose internal **
[    1.134633] ** IOMMU data structures, which may compromise security on **
[    1.135365] ** your system.                                            **
[    1.136177] **                                                         **
[    1.136988] ** If you see this message and you are not debugging the   **
[    1.137801] ** kernel, report this immediately to your vendor!         **
[    1.138619] **                                                         **
[    1.139364] **     NOTICE NOTICE NOTICE NOTICE NOTICE NOTICE NOTICE    **
[    1.140176] *************************************************************
[    1.141123] PM: RTC time: 20:16:57, date: 2026-01-13
[    1.146219] NET: Registered PF_NETLINK/PF_ROUTE protocol family
[    1.149271] DMA: preallocated 256 KiB GFP_KERNEL pool for atomic allocations
[    1.150170] DMA: preallocated 256 KiB GFP_KERNEL|GFP_DMA pool for atomic allocations
[    1.151117] DMA: preallocated 256 KiB GFP_KERNEL|GFP_DMA32 pool for atomic allocations
[    1.151493] audit: initializing netlink subsys (disabled)
[    1.152214] audit: type=2000 audit(1768335418.642:1): state=initialized audit_enabled=0 res=1
[    1.153286] thermal_sys: Registered thermal governor 'fair_share'
[    1.153303] thermal_sys: Registered thermal governor 'bang_bang'
[    1.154701] thermal_sys: Registered thermal governor 'step_wise'
[    1.155376] thermal_sys: Registered thermal governor 'user_space'
[    1.159402] cpuidle: using governor ladder
[    1.161747] cpuidle: using governor menu
[    1.161747] Callback from call_rcu_tasks_trace() invoked.
[    1.161747] acpiphp: ACPI Hot Plug PCI Controller Driver version: 0.5
[    1.164684] PCI: Using configuration type 1 for base access
[    1.167383] kprobes: kprobe jump-optimization is enabled. All kprobes are optimized if possible.
[    1.382576] HugeTLB: registered 1.00 GiB page size, pre-allocated 0 pages
[    1.383380] HugeTLB: 16380 KiB vmemmap can be freed for a 1.00 GiB page
[    1.384433] HugeTLB: registered 2.00 MiB page size, pre-allocated 0 pages
[    1.385512] HugeTLB: 28 KiB vmemmap can be freed for a 2.00 MiB page
[    1.402194] ACPI: Added _OSI(Module Device)
[    1.402852] ACPI: Added _OSI(Processor Device)
[    1.403407] ACPI: Added _OSI(Processor Aggregator Device)
[    1.428244] ACPI: 1 ACPI AML tables successfully acquired and loaded
[    1.438423] ACPI: Interpreter enabled
[    1.439212] ACPI: PM: (supports S0 S3 S4 S5)
[    1.439370] ACPI: Using IOAPIC for interrupt routing
[    1.440307] PCI: Using host bridge windows from ACPI; if necessary, use "pci=nocrs" and report a bug
[    1.441619] PCI: Using E820 reservations for host bridge windows
[    1.444362] ACPI: Enabled 2 GPEs in block 00 to 0F
[    1.504771] ACPI: PCI Root Bridge [PCI0] (domain 0000 [bus 00-ff])
[    1.505791] acpi PNP0A03:00: _OSC: OS supports [ASPM ClockPM Segments MSI EDR HPX-Type3]
[    1.506985] acpi PNP0A03:00: _OSC: not requesting OS control; OS requires [ExtendedConfig ASPM ClockPM MSI]
[    1.507637] acpi PNP0A03:00: fail to add MMCONFIG information, can't access extended configuration space under this bridge
[    1.516411] acpiphp: Slot [3] registered
[    1.517237] acpiphp: Slot [4] registered
[    1.517995] acpiphp: Slot [5] registered
[    1.518771] acpiphp: Slot [6] registered
[    1.519746] acpiphp: Slot [7] registered
[    1.520999] acpiphp: Slot [8] registered
[    1.522156] acpiphp: Slot [9] registered
[    1.523392] acpiphp: Slot [10] registered
[    1.524562] acpiphp: Slot [11] registered
[    1.525811] acpiphp: Slot [12] registered
[    1.526985] acpiphp: Slot [13] registered
[    1.527707] acpiphp: Slot [14] registered
[    1.528900] acpiphp: Slot [15] registered
[    1.530135] acpiphp: Slot [16] registered
[    1.531296] acpiphp: Slot [17] registered
[    1.531680] acpiphp: Slot [18] registered
[    1.532839] acpiphp: Slot [19] registered
[    1.534071] acpiphp: Slot [20] registered
[    1.535260] acpiphp: Slot [21] registered
[    1.535664] acpiphp: Slot [22] registered
[    1.536897] acpiphp: Slot [23] registered
[    1.538166] acpiphp: Slot [24] registered
[    1.539416] acpiphp: Slot [25] registered
[    1.540636] acpiphp: Slot [26] registered
[    1.541854] acpiphp: Slot [27] registered
[    1.543116] acpiphp: Slot [28] registered
[    1.543658] acpiphp: Slot [29] registered
[    1.544812] acpiphp: Slot [30] registered
[    1.546024] acpiphp: Slot [31] registered
[    1.547082] PCI host bridge to bus 0000:00
[    1.547516] pci_bus 0000:00: root bus resource [io  0x0000-0x0cf7 window]
[    1.549014] pci_bus 0000:00: root bus resource [io  0x0d00-0xffff window]
[    1.550492] pci_bus 0000:00: root bus resource [mem 0x000a0000-0x000bffff window]
[    1.551383] pci_bus 0000:00: root bus resource [mem 0x80000000-0xfebfffff window]
[    1.553008] pci_bus 0000:00: root bus resource [mem 0x100000000-0x17fffffff window]
[    1.554664] pci_bus 0000:00: root bus resource [bus 00-ff]
[    1.555741] pci 0000:00:00.0: [8086:1237] type 00 class 0x060000 conventional PCI endpoint
[    1.577484] pci 0000:00:01.0: [8086:7000] type 00 class 0x060100 conventional PCI endpoint
[    1.582529] pci 0000:00:01.1: [8086:7010] type 00 class 0x010180 conventional PCI endpoint
[    1.584491] pci 0000:00:01.1: BAR 4 [io  0xc040-0xc04f]
[    1.585736] pci 0000:00:01.1: BAR 0 [io  0x01f0-0x01f7]: legacy IDE quirk
[    1.587229] pci 0000:00:01.1: BAR 1 [io  0x03f6]: legacy IDE quirk
[    1.587376] pci 0000:00:01.1: BAR 2 [io  0x0170-0x0177]: legacy IDE quirk
[    1.588851] pci 0000:00:01.1: BAR 3 [io  0x0376]: legacy IDE quirk
[    1.591564] pci 0000:00:01.3: [8086:7113] type 00 class 0x068000 conventional PCI endpoint
[    1.594197] pci 0000:00:01.3: quirk: [io  0x0600-0x063f] claimed by PIIX4 ACPI
[    1.595425] pci 0000:00:01.3: quirk: [io  0x0700-0x070f] claimed by PIIX4 SMB
[    1.598281] pci 0000:00:02.0: [1234:1111] type 00 class 0x030000 conventional PCI endpoint
[    1.604651] pci 0000:00:02.0: BAR 0 [mem 0xfd000000-0xfdffffff pref]
[    1.606276] pci 0000:00:02.0: BAR 2 [mem 0xfebf0000-0xfebf0fff]
[    1.607455] pci 0000:00:02.0: ROM [mem 0xfebe0000-0xfebeffff pref]
[    1.609523] pci 0000:00:02.0: Video device with shadowed ROM at [mem 0x000c0000-0x000dffff]
[    1.634208] pci 0000:00:03.0: [8086:100e] type 00 class 0x020000 conventional PCI endpoint
[    1.637057] pci 0000:00:03.0: BAR 0 [mem 0xfebc0000-0xfebdffff]
[    1.638384] pci 0000:00:03.0: BAR 1 [io  0xc000-0xc03f]
[    1.639568] pci 0000:00:03.0: ROM [mem 0xfeb80000-0xfebbffff pref]
[    1.690272] ACPI: PCI: Interrupt link LNKA configured for IRQ 10
[    1.693648] ACPI: PCI: Interrupt link LNKB configured for IRQ 10
[    1.697045] ACPI: PCI: Interrupt link LNKC configured for IRQ 11
[    1.700451] ACPI: PCI: Interrupt link LNKD configured for IRQ 11
[    1.702635] ACPI: PCI: Interrupt link LNKS configured for IRQ 9
[    1.715601] iommu: Default domain type: Translated
[    1.716690] iommu: DMA domain TLB invalidation policy: lazy mode
[    1.726886] SCSI subsystem initialized
[    1.729151] ACPI: bus type USB registered
[    1.730771] usbcore: registered new interface driver usbfs
[    1.731818] usbcore: registered new interface driver hub
[    1.733155] usbcore: registered new device driver usb
[    1.735487] pps_core: LinuxPPS API ver. 1 registered
[    1.736572] pps_core: Software ver. 5.3.6 - Copyright 2005-2007 Rodolfo Giometti <giometti@linux.it>
[    1.738622] PTP clock support registered
[    1.740672] EDAC MC: Ver: 3.0.0
[    1.751714] NetLabel: Initializing
[    1.752501] NetLabel:  domain hash size = 128
[    1.753443] NetLabel:  protocols = UNLABELED CIPSOv4 CALIPSO
[    1.755148] NetLabel:  unlabeled traffic allowed by default
[    1.756182] PCI: Using ACPI for IRQ routing
[    1.759567] pci 0000:00:02.0: vgaarb: setting as boot VGA device
[    1.760902] pci 0000:00:02.0: vgaarb: bridge control possible
[    1.762152] pci 0000:00:02.0: vgaarb: VGA device added: decodes=io+mem,owns=io+mem,locks=none
[    1.763376] vgaarb: loaded
[    1.769195] hpet0: at MMIO 0xfed00000, IRQs 2, 8, 0
[    1.770337] hpet0: 3 comparators, 64-bit 100.000000 MHz counter
[    1.787013] clocksource: Switched to clocksource kvm-clock
[    1.789386] VFS: Disk quotas dquot_6.6.0
[    1.790449] VFS: Dquot-cache hash table entries: 512 (order 0, 4096 bytes)
[    1.819114] pnp: PnP ACPI init
[    1.829493] pnp: PnP ACPI: found 6 devices
[    1.872896] clocksource: acpi_pm: mask: 0xffffff max_cycles: 0xffffff, max_idle_ns: 2085701024 ns
[    1.875941] NET: Registered PF_INET protocol family
[    1.878532] IP idents hash table entries: 32768 (order: 6, 262144 bytes, linear)
[    1.884497] tcp_listen_portaddr_hash hash table entries: 1024 (order: 5, 73728 bytes, linear)
[    1.886558] Table-perturb hash table entries: 65536 (order: 6, 262144 bytes, linear)
[    1.888504] TCP established hash table entries: 16384 (order: 5, 131072 bytes, linear)
[    1.891258] TCP bind hash table entries: 16384 (order: 10, 2359296 bytes, linear)
[    1.897930] TCP: Hash tables configured (established 16384 bind 16384)
[    1.899857] UDP hash table entries: 1024 (order: 6, 262144 bytes, linear)
[    1.901820] UDP-Lite hash table entries: 1024 (order: 6, 262144 bytes, linear)
[    1.904660] NET: Registered PF_UNIX/PF_LOCAL protocol family
[    1.911287] RPC: Registered named UNIX socket transport module.
[    1.912654] RPC: Registered udp transport module.
[    1.913683] RPC: Registered tcp transport module.
[    1.914702] RPC: Registered tcp-with-tls transport module.
[    1.915877] RPC: Registered tcp NFSv4.1 backchannel transport module.
[    1.917370] pci_bus 0000:00: resource 4 [io  0x0000-0x0cf7 window]
[    1.918720] pci_bus 0000:00: resource 5 [io  0x0d00-0xffff window]
[    1.920075] pci_bus 0000:00: resource 6 [mem 0x000a0000-0x000bffff window]
[    1.921562] pci_bus 0000:00: resource 7 [mem 0x80000000-0xfebfffff window]
[    1.923032] pci_bus 0000:00: resource 8 [mem 0x100000000-0x17fffffff window]
[    1.925320] pci 0000:00:01.0: PIIX3: Enabling Passive Release
[    1.926593] pci 0000:00:00.0: Limiting direct PCI/PCI transfers
[    1.928095] PCI: CLS 0 bytes, default 64
[    1.930431] ACPI: bus type thunderbolt registered
[    1.932813] clocksource: tsc: mask: 0xffffffffffffffff max_cycles: 0x2b2c8ec87c7, max_idle_ns: 440795278598 ns
[    5.170134] Initialise system trusted keyrings
[    5.171008] Key type blacklist registered
[    5.172370] workingset: timestamp_bits=36 max_order=19 bucket_order=0
[    5.178765] squashfs: version 4.0 (2009/01/31) Phillip Lougher
[    5.184434] NFS: Registering the id_resolver key type
[    5.185687] Key type id_resolver registered
[    5.186642] Key type id_legacy registered
[    5.187728] nfs4filelayout_init: NFSv4 File Layout Driver Registering...
[    5.189371] Callback from call_rcu_tasks() invoked.
[    5.189424] nfs4flexfilelayout_init: NFSv4 Flexfile Layout Driver Registering...
[    5.193143] fuse: init (API version 7.45)
[    5.195666] SGI XFS with ACLs, security attributes, realtime, quota, no debug enabled
[    5.200927] 9p: Installing v9fs 9p2000 file system support
[    5.233856] Key type asymmetric registered
[    5.234912] Asymmetric key parser 'x509' registered
[    5.236535] Block layer SCSI generic (bsg) driver version 0.4 loaded (major 241)
[    5.239237] io scheduler mq-deadline registered
[    5.240716] io scheduler bfq registered
[    5.243034] ledtrig-cpu: registered to indicate activity on CPUs
[    5.248518] IPMI message handler: version 39.2
[    5.249806] ipmi device interface
[    5.255109] input: Power Button as /devices/LNXSYSTM:00/LNXPWRBN:00/input/input0
[    5.258370] ACPI: button: Power Button [PWRF]
[    5.263406] ERST DBG: ERST support is disabled.
[    5.268715] Serial: 8250/16550 driver, 32 ports, IRQ sharing enabled
[    5.273543] 00:04: ttyS0 at I/O 0x3f8 (irq = 4, base_baud = 115200) is a 16550A
[    5.347017] Linux agpgart interface v0.103
[    5.357149] ACPI: bus type drm_connector registered
[    5.399385] brd: module loaded
[    5.425029] loop: module loaded
[    5.447719] scsi host0: ata_piix
[    5.452657] scsi host1: ata_piix
[    5.454630] ata1: PATA max MWDMA2 cmd 0x1f0 ctl 0x3f6 bmdma 0xc040 irq 14 lpm-pol 0
[    5.456394] ata2: PATA max MWDMA2 cmd 0x170 ctl 0x376 bmdma 0xc048 irq 15 lpm-pol 0
[    5.465641] tun: Universal TUN/TAP device driver, 1.6
[    5.467983] e100: Intel(R) PRO/100 Network Driver
[    5.469123] e100: Copyright(c) 1999-2006 Intel Corporation
[    5.470760] e1000: Intel(R) PRO/1000 Network Driver
[    5.471862] e1000: Copyright (c) 1999-2006 Intel Corporation.
[    5.616353] ata2: found unknown device (class 0)
[    5.617562] ata1: found unknown device (class 0)
[    5.619715] ata1.00: ATA-7: QEMU HARDDISK, 2.5+, max UDMA/100
[    5.621129] ata1.00: 17196647 sectors, multi 16: LBA48 
[    5.625739] ata2.00: ATAPI: QEMU DVD-ROM, 2.5+, max UDMA/100
[    5.629686] scsi 0:0:0:0: Direct-Access     ATA      QEMU HARDDISK    2.5+ PQ: 0 ANSI: 5
[    5.637231] sd 0:0:0:0: Attached scsi generic sg0 type 0
[    5.639242] sd 0:0:0:0: [sda] 17196647 512-byte logical blocks: (8.80 GB/8.20 GiB)
[    5.641648] sd 0:0:0:0: [sda] Write Protect is off
[    5.643026] sd 0:0:0:0: [sda] Write cache: enabled, read cache: enabled, doesn't support DPO or FUA
[    5.643654] scsi 1:0:0:0: CD-ROM            QEMU     QEMU DVD-ROM     2.5+ PQ: 0 ANSI: 5
[    5.645488] sd 0:0:0:0: [sda] Preferred minimum I/O size 512 bytes
[    5.687224] scsi 1:0:0:0: Attached scsi generic sg1 type 5
[    5.689200] sd 0:0:0:0: [sda] Attached SCSI disk
[    6.927224] ACPI: \_SB_.LNKC: Enabled at IRQ 11
[    7.274385] e1000 0000:00:03.0 eth0: (PCI:33MHz:32-bit) 52:54:00:12:34:56
[    7.275362] e1000 0000:00:03.0 eth0: Intel(R) PRO/1000 Network Connection
[    7.276545] e1000e: Intel(R) PRO/1000 Network Driver
[    7.277233] e1000e: Copyright(c) 1999 - 2015 Intel Corporation.
[    7.278344] igb: Intel(R) Gigabit Ethernet Network Driver
[    7.279036] igb: Copyright (c) 2007-2014 Intel Corporation.
[    7.280410] PPP generic driver version 2.4.2
[    7.283195] VFIO - User Level meta-driver version: 0.3
[    7.286732] usbcore: registered new interface driver uas
[    7.288337] usbcore: registered new interface driver usb-storage
[    7.290481] i8042: PNP: PS/2 Controller [PNP0303:KBD,PNP0f13:MOU] at 0x60,0x64 irq 1,12
[    7.294693] serio: i8042 KBD port at 0x60,0x64 irq 1
[    7.296022] serio: i8042 AUX port at 0x60,0x64 irq 12
[    7.299586] mousedev: PS/2 mouse device common for all mice
[    7.303736] input: AT Translated Set 2 keyboard as /devices/platform/i8042/serio0/input/input1
[    7.304975] rtc_cmos 00:05: RTC can wake from S4
[    7.309516] input: VirtualPS/2 VMware VMMouse as /devices/platform/i8042/serio1/input/input4
[    7.309878] rtc_cmos 00:05: registered as rtc0
[    7.312034] rtc_cmos 00:05: setting system clock to 2026-01-13T20:17:03 UTC (1768335423)
[    7.312553] input: VirtualPS/2 VMware VMMouse as /devices/platform/i8042/serio1/input/input3
[    7.315765] rtc_cmos 00:05: alarms up to one day, y3k, 242 bytes nvram, hpet irqs
[    7.317703] i2c_dev: i2c /dev entries driver
[    7.319075] device-mapper: core: CONFIG_IMA_DISABLE_HTABLE is disabled. Duplicate IMA measurements will not be recorded in the IMA log.
[    7.321928] device-mapper: uevent: version 1.0.3
[    7.324651] device-mapper: ioctl: 4.50.0-ioctl (2025-04-28) initialised: dm-devel@lists.linux.dev
[    7.326690] intel_pstate: CPU model not supported
[    7.328476] sdhci: Secure Digital Host Controller Interface driver
[    7.329888] sdhci: Copyright(c) Pierre Ossman
[    7.331391] sdhci-pltfm: SDHCI platform and OF driver helper
[    7.334429] drop_monitor: Initializing network drop monitor service
[    7.336962] NET: Registered PF_INET6 protocol family
[    7.342727] Segment Routing with IPv6
[    7.343350] In-situ OAM (IOAM) with IPv6
[    7.343970] NET: Registered PF_PACKET protocol family
[    7.345218] 9pnet: Installing 9P2000 support
[    7.346559] Key type dns_resolver registered
[    7.351780] IPI shorthand broadcast: enabled
[    7.458529] sched_clock: Marking stable (7436008818, 20039165)->(7538700928, -82652945)
[    7.462546] registered taskstats version 1
[    7.463945] Loading compiled-in X.509 certificates
[    7.574851] Demotion targets for Node 0: null
[    7.577250] Key type .fscrypt registered
[    7.577755] Key type fscrypt-provisioning registered
[    7.583805] Key type encrypted registered
[    7.584446] ima: No TPM chip found, activating TPM-bypass!
[    7.585189] ima: Allocated hash algorithm: sha1
[    7.585898] ima: No architecture policies found
[    7.586787] evm: Initialising EVM extended attributes:
[    7.587438] evm: security.selinux
[    7.587857] evm: security.SMACK64
[    7.588297] evm: security.SMACK64EXEC
[    7.588771] evm: security.SMACK64TRANSMUTE
[    7.589275] evm: security.SMACK64MMAP
[    7.589726] evm: security.apparmor
[    7.590145] evm: security.ima
[    7.590514] evm: security.capability
[    7.590953] evm: HMAC attrs: 0x1
[    7.595202] PM:   Magic number: 10:786:295
[    7.595787] ata_device dev2.1: hash matches
[    7.596407]  dev2.1: hash matches
[    7.596936] tty tty28: hash matches
[    7.599100] RAS: Correctable Errors collector initialized.
[    7.601989] clk: Disabling unused clocks
[    7.603030] PM: genpd: Disabling unused power domains
[    7.605807] check access for rdinit=/init failed: -2, ignoring
[    7.606727] md: Waiting for all devices to be available before autodetect
[    7.607748] md: If you don't use raid, use raid=noautodetect
[    7.608687] md: Autodetecting RAID arrays.
[    7.609375] md: autorun ...
[    7.609830] md: ... autorun DONE.
[    7.623244] EXT4-fs (sda): INFO: recovery required on readonly filesystem
[    7.624436] EXT4-fs (sda): write access will be enabled during recovery
[    8.366209] EXT4-fs (sda): recovery complete
[    8.372352] EXT4-fs (sda): mounted filesystem 088740a9-c8b4-422c-999d-a804eb68a4da ro with ordered data mode. Quota mode: none.
[    8.376538] VFS: Mounted root (ext4 filesystem) readonly on device 8:0.
[    8.383987] devtmpfs: mounted
[    8.414397] Freeing unused decrypted memory: 2036K
[    8.437854] Freeing unused kernel image (initmem) memory: 16412K
[    8.439356] Write protecting the kernel read-only data: 102400k
[    8.444894] Freeing unused kernel image (text/rodata gap) memory: 992K
[    8.449161] Freeing unused kernel image (rodata/data gap) memory: 1664K
[    8.581204] x86/mm: Checked W+X mappings: passed, no W+X pages found.
[    8.582330] Run /sbin/init as init process
[    8.916312] systemd[1]: systemd 252-15.el9 running in system mode (+PAM +AUDIT +SELINUX -APPARMOR +IMA +SMACK +SECCOMP +GCRYPT +GNUTLS +OPENSSL +ACL +BLKID +CURL +ELFUTILS -FIDO2 +IDN2 -IDN -IPTC +KMOD +LIBCRYPTSETUP +LIBFDISK +PCRE2 -PWQUALITY +P11KIT -QRENCODE +TPM2 +BZIP2 +LZ4 +XZ +ZLIB +ZSTD -BPF_FRAMEWORK +XKBCOMMON +UTMP +SYSVINIT default-hierarchy=unified)
[    8.919092] systemd[1]: Detected virtualization kvm.
[    8.919593] systemd[1]: Detected architecture x86-64.

Welcome to [0;31mCentOS Stream 9[0m!

[    8.931690] systemd[1]: Hostname set to <test>.
[    9.283220] systemd-rc-local-generator[117]: /etc/rc.d/rc.local is not marked executable, skipping.
[    9.808809] systemd[1]: Queued start job for default target Multi-User System.
[    9.834231] systemd[1]: Created slice Virtual Machine and Container Slice.
[[0;32m  OK  [0m] Created slice [0;1;39mVirtual Machine and Container Slice[0m.
[    9.846120] systemd[1]: Created slice Slice /system/getty.
[[0;32m  OK  [0m] Created slice [0;1;39mSlice /system/getty[0m.
[    9.852773] systemd[1]: Created slice Slice /system/modprobe.
[[0;32m  OK  [0m] Created slice [0;1;39mSlice /system/modprobe[0m.
[    9.859583] systemd[1]: Created slice Slice /system/serial-getty.
[[0;32m  OK  [0m] Created slice [0;1;39mSlice /system/serial-getty[0m.
[    9.866206] systemd[1]: Created slice Slice /system/sshd-keygen.
[[0;32m  OK  [0m] Created slice [0;1;39mSlice /system/sshd-keygen[0m.
[    9.872346] systemd[1]: Created slice User and Session Slice.
[[0;32m  OK  [0m] Created slice [0;1;39mUser and Session Slice[0m.
[    9.875566] systemd[1]: Started Forward Password Requests to Wall Directory Watch.
[[0;32m  OK  [0m] Started [0;1;39mForward Password R…uests to Wall Directory Watch[0m.
[    9.881077] systemd[1]: Set up automount Arbitrary Executable File Formats File System Automount Point.
[[0;32m  OK  [0m] Set up automount [0;1;39mArbitrary…s File System Automount Point[0m.
[    9.884541] systemd[1]: Reached target Local Integrity Protected Volumes.
[[0;32m  OK  [0m] Reached target [0;1;39mLocal Integrity Protected Volumes[0m.
[    9.887391] systemd[1]: Reached target Slice Units.
[[0;32m  OK  [0m] Reached target [0;1;39mSlice Units[0m.
[    9.889899] systemd[1]: Reached target Swaps.
[[0;32m  OK  [0m] Reached target [0;1;39mSwaps[0m.
[    9.891928] systemd[1]: Reached target Local Verity Protected Volumes.
[[0;32m  OK  [0m] Reached target [0;1;39mLocal Verity Protected Volumes[0m.
[    9.895588] systemd[1]: Listening on Device-mapper event daemon FIFOs.
[[0;32m  OK  [0m] Listening on [0;1;39mDevice-mapper event daemon FIFOs[0m.
[    9.899754] systemd[1]: Listening on LVM2 poll daemon socket.
[[0;32m  OK  [0m] Listening on [0;1;39mLVM2 poll daemon socket[0m.
[    9.902761] systemd[1]: multipathd control socket was skipped because of an unmet condition check (ConditionPathExists=/etc/multipath.conf).
[    9.979698] systemd[1]: Listening on RPCbind Server Activation Socket.
[[0;32m  OK  [0m] Listening on [0;1;39mRPCbind Server Activation Socket[0m.
[    9.983058] systemd[1]: Reached target RPC Port Mapper.
[[0;32m  OK  [0m] Reached target [0;1;39mRPC Port Mapper[0m.
[    9.989872] systemd[1]: Listening on Process Core Dump Socket.
[[0;32m  OK  [0m] Listening on [0;1;39mProcess Core Dump Socket[0m.
[    9.993220] systemd[1]: Listening on initctl Compatibility Named Pipe.
[[0;32m  OK  [0m] Listening on [0;1;39minitctl Compatibility Named Pipe[0m.
[    9.997253] systemd[1]: Listening on Journal Socket (/dev/log).
[[0;32m  OK  [0m] Listening on [0;1;39mJournal Socket (/dev/log)[0m.
[   10.001145] systemd[1]: Listening on Journal Socket.
[[0;32m  OK  [0m] Listening on [0;1;39mJournal Socket[0m.
[   10.004927] systemd[1]: Listening on udev Control Socket.
[[0;32m  OK  [0m] Listening on [0;1;39mudev Control Socket[0m.
[   10.008224] systemd[1]: Listening on udev Kernel Socket.
[[0;32m  OK  [0m] Listening on [0;1;39mudev Kernel Socket[0m.
[   10.044913] systemd[1]: Mounting Huge Pages File System...
         Mounting [0;1;39mHuge Pages File System[0m...
[   10.060595] systemd[1]: Mounting POSIX Message Queue File System...
         Mounting [0;1;39mPOSIX Message Queue File System[0m...
[   10.081065] systemd[1]: Mounting Kernel Debug File System...
         Mounting [0;1;39mKernel Debug File System[0m...
[   10.109299] systemd[1]: Mounting Kernel Trace File System...
         Mounting [0;1;39mKernel Trace File System[0m...
[   10.113662] systemd[1]: Kernel Module supporting RPCSEC_GSS was skipped because of an unmet condition check (ConditionPathExists=/etc/krb5.keytab).
[   10.116654] systemd[1]: Create List of Static Device Nodes was skipped because of an unmet condition check (ConditionFileNotEmpty=/lib/modules/6.19.0-rc1-757b907b3ead+/modules.devname).
[   10.136550] systemd[1]: Starting Monitoring of LVM2 mirrors, snapshots etc. using dmeventd or progress polling...
         Starting [0;1;39mMonitoring of LVM…meventd or progress polling[0m...
[   10.155165] systemd[1]: Starting Load Kernel Module configfs...
         Starting [0;1;39mLoad Kernel Module configfs[0m...
[   10.205397] systemd[1]: Starting Load Kernel Module drm...
         Starting [0;1;39mLoad Kernel Module drm[0m...
[   10.219980] systemd[1]: Starting Load Kernel Module fuse...
         Starting [0;1;39mLoad Kernel Module fuse[0m...
[   10.265893] systemd[1]: Starting Read and set NIS domainname from /etc/sysconfig/network...
         Starting [0;1;39mRead and set NIS …from /etc/sysconfig/network[0m...
[   10.303868] systemd[1]: Starting Journal Service...
         Starting [0;1;39mJournal Service[0m...
[   10.320206] systemd[1]: Starting Load Kernel Modules...
         Starting [0;1;39mLoad Kernel Modules[0m...
[   10.337601] systemd[1]: Starting Generate network units from Kernel command line...
         Starting [0;1;39mGenerate network …ts from Kernel command line[0m...
[   10.362047] systemd[1]: Starting Remount Root and Kernel File Systems...
         Starting [0;1;39mRemount Root and Kernel File Systems[0m...
[   10.372400] systemd[1]: Repartition Root Disk was skipped because no trigger condition checks were met.
[   10.406411] systemd[1]: Starting Coldplug All udev Devices...
         Starting [0;1;39mColdplug All udev Devices[0m...
[   10.451854] systemd[1]: Mounted Huge Pages File System.
[[0;32m  OK  [0m] Mounted [0;1;39mHuge Pages File System[0m.
[   10.454008] systemd[1]: Mounted POSIX Message Queue File System.
[[0;32m  OK  [0m] Mounted [0;1;39mPOSIX Message Queue File System[0m.
[   10.460978] systemd[1]: Mounted Kernel Debug File System.
[[0;32m  OK  [0m] Mounted [0;1;39mKernel Debug File System[0m.
[   10.463119] systemd[1]: Mounted Kernel Trace File System.
[[0;32m  OK  [0m] Mounted [0;1;39mKernel Trace File System[0m.
[   10.471188] systemd[1]: Finished Monitoring of LVM2 mirrors, snapshots etc. using dmeventd or progress polling.
[[0;32m  OK  [0m] Finished [0;1;39mMonitoring of LVM… dmeventd or progress polling[0m.
[   10.484346] systemd[1]: modprobe@configfs.service: Deactivated successfully.
[   10.489428] systemd[1]: Finished Load Kernel Module configfs.
[[0;32m  OK  [0m] Finished [0;1;39mLoad Kernel Module configfs[0m.
[   10.493240] systemd[1]: modprobe@drm.service: Deactivated successfully.
[   10.495403] systemd[1]: Finished Load Kernel Module drm.
[   10.498009] EXT4-fs (sda): re-mounted 088740a9-c8b4-422c-999d-a804eb68a4da r/w.
[[0;32m  OK  [0m] Finished [0;1;39mLoad Kernel Module drm[0m.
[   10.519730] systemd[1]: modprobe@fuse.service: Deactivated successfully.
[   10.529168] systemd[1]: Finished Load Kernel Module fuse.
[[0;32m  OK  [0m] Finished [0;1;39mLoad Kernel Module fuse[0m.
[   10.537755] systemd[1]: Finished Read and set NIS domainname from /etc/sysconfig/network.
[[0;32m  OK  [0m] Finished [0;1;39mRead and set NIS …e from /etc/sysconfig/network[0m.
[   10.544640] systemd[1]: systemd-modules-load.service: Main process exited, code=exited, status=1/FAILURE
[   10.546639] systemd[1]: systemd-modules-load.service: Failed with result 'exit-code'.
[   10.553886] systemd[1]: Failed to start Load Kernel Modules.
[[0;1;31mFAILED[0m] Failed to start [0;1;39mLoad Kernel Modules[0m.
See 'systemctl status systemd-modules-load.service' for details.
[   10.562762] systemd[1]: Finished Generate network units from Kernel command line.
[[0;32m  OK  [0m] Finished [0;1;39mGenerate network units from Kernel command line[0m.
[   10.570976] systemd[1]: Finished Remount Root and Kernel File Systems.
[[0;32m  OK  [0m] Finished [0;1;39mRemount Root and Kernel File Systems[0m.
[   10.577949] systemd[1]: Reached target Preparation for Network.
[[0;32m  OK  [0m] Reached target [0;1;39mPreparation for Network[0m.
[   10.597952] systemd[1]: Mounting FUSE Control File System...
         Mounting [0;1;39mFUSE Control File System[0m...
[   10.640681] systemd[1]: Mounting Kernel Configuration File System...
         Mounting [0;1;39mKernel Configuration File System[0m...
[   10.648419] systemd[1]: Special handling of early boot iSCSI sessions was skipped because of an unmet condition check (ConditionDirectoryNotEmpty=/sys/class/iscsi_session).
[   10.649984] systemd[1]: First Boot Wizard was skipped because of an unmet condition check (ConditionFirstBoot=yes).
[   10.663398] systemd[1]: Rebuild Hardware Database was skipped because of an unmet condition check (ConditionNeedsUpdate=/etc).
[   10.712328] systemd[1]: Starting Load/Save Random Seed...
         Starting [0;1;39mLoad/Save Random Seed[0m...
[   10.748894] systemd[1]: Starting Apply Kernel Variables...
         Starting [0;1;39mApply Kernel Variables[0m...
[   10.752003] systemd[1]: Create System Users was skipped because no trigger condition checks were met.
[   10.790964] systemd[1]: Starting Create Static Device Nodes in /dev...
         Starting [0;1;39mCreate Static Device Nodes in /dev[0m...
[   10.835299] systemd[1]: Starting Setup Virtual Console...
         Starting [0;1;39mSetup Virtual Console[0m...
[   10.850805] systemd[1]: Started Journal Service.
[[0;32m  OK  [0m] Started [0;1;39mJournal Service[0m.
[[0;32m  OK  [0m] Mounted [0;1;39mFUSE Control File System[0m.
[[0;32m  OK  [0m] Mounted [0;1;39mKernel Configuration File System[0m.
[[0;32m  OK  [0m] Finished [0;1;39mLoad/Save Random Seed[0m.
[[0;32m  OK  [0m] Finished [0;1;39mApply Kernel Variables[0m.
         Starting [0;1;39mFlush Journal to Persistent Storage[0m...
[   11.027293] systemd-journald[143]: Received client request to flush runtime journal.
[[0;32m  OK  [0m] Finished [0;1;39mCreate Static Device Nodes in /dev[0m.
[[0;32m  OK  [0m] Finished [0;1;39mFlush Journal to Persistent Storage[0m.
         Starting [0;1;39mRule-based Manage…for Device Events and Files[0m...
[[0;32m  OK  [0m] Started [0;1;39mRule-based Manager for Device Events and Files[0m.
         Starting [0;1;39mAuto-connect to s…E devices found during boot[0m...
[[0;32m  OK  [0m] Finished [0;1;39mAuto-connect to s…VME devices found during boot[0m.
[[0;32m  OK  [0m] Finished [0;1;39mColdplug All udev Devices[0m.
         Starting [0;1;39mWait for udev To …plete Device Initialization[0m...
[[0;32m  OK  [0m] Finished [0;1;39mSetup Virtual Console[0m.
[[0;32m  OK  [0m] Started [0;1;39mDispatch Password …ts to Console Directory Watch[0m.
[[0;32m  OK  [0m] Reached target [0;1;39mLocal Encrypted Volumes[0m.
[[0;32m  OK  [0m] Reached target [0;1;39mPath Units[0m.
[[0;32m  OK  [0m] Found device [0;1;39m/dev/ttyS0[0m.
[[0;32m  OK  [0m] Listening on [0;1;39mLoad/Save RF …itch Status /dev/rfkill Watch[0m.
[[0;32m  OK  [0m] Finished [0;1;39mWait for udev To Complete Device Initialization[0m.
[[0;32m  OK  [0m] Reached target [0;1;39mPreparation for Local File Systems[0m.
[[0;32m  OK  [0m] Reached target [0;1;39mLocal File Systems[0m.
         Starting [0;1;39mTell Plymouth To Write Out Runtime Data[0m...
         Starting [0;1;39mAutomatic Boot Loader Update[0m...
         Starting [0;1;39mCreate Volatile Files and Directories[0m...
[[0;32m  OK  [0m] Finished [0;1;39mTell Plymouth To Write Out Runtime Data[0m.
[[0;32m  OK  [0m] Finished [0;1;39mAutomatic Boot Loader Update[0m.
[[0;32m  OK  [0m] Finished [0;1;39mCreate Volatile Files and Directories[0m.
         Mounting [0;1;39mRPC Pipe File System[0m...
         Starting [0;1;39mSecurity Auditing Service[0m...
         Starting [0;1;39mRPC Bind[0m...
[[0;32m  OK  [0m] Mounted [0;1;39mRPC Pipe File System[0m.
[[0;32m  OK  [0m] Reached target [0;1;39mrpc_pipefs.target[0m.
[[0;32m  OK  [0m] Started [0;1;39mRPC Bind[0m.
[[0;32m  OK  [0m] Started [0;1;39mSecurity Auditing Service[0m.
         Starting [0;1;39mRecord System Boot/Shutdown in UTMP[0m...
[[0;32m  OK  [0m] Finished [0;1;39mRecord System Boot/Shutdown in UTMP[0m.
[[0;32m  OK  [0m] Reached target [0;1;39mSystem Initialization[0m.
[[0;32m  OK  [0m] Started [0;1;39mDaily rotation of log files[0m.
[[0;32m  OK  [0m] Started [0;1;39mUpdates mlocate database every day[0m.
[[0;32m  OK  [0m] Started [0;1;39mDaily Cleanup of Temporary Directories[0m.
[[0;32m  OK  [0m] Started [0;1;39mdaily update of the root trust anchor for DNSSEC[0m.
[[0;32m  OK  [0m] Reached target [0;1;39mTimer Units[0m.
[[0;32m  OK  [0m] Listening on [0;1;39mD-Bus System Message Bus Socket[0m.
[[0;32m  OK  [0m] Listening on [0;1;39mOpen-iSCSI iscsid Socket[0m.
[[0;32m  OK  [0m] Listening on [0;1;39mOpen-iSCSI iscsiuio Socket[0m.
[[0;32m  OK  [0m] Listening on [0;1;39mSSSD Kerberos…ache Manager responder socket[0m.
[[0;32m  OK  [0m] Listening on [0;1;39mLibvirt interface local socket[0m.
[[0;32m  OK  [0m] Listening on [0;1;39mVirtual machine lock manager socket[0m.
[[0;32m  OK  [0m] Listening on [0;1;39mVirtual machine log manager socket[0m.
[[0;32m  OK  [0m] Listening on [0;1;39mLibvirt network local socket[0m.
[[0;32m  OK  [0m] Listening on [0;1;39mLibvirt nodedev local socket[0m.
[[0;32m  OK  [0m] Listening on [0;1;39mLibvirt nwfilter local socket[0m.
[[0;32m  OK  [0m] Listening on [0;1;39mLibvirt proxy local socket[0m.
[[0;32m  OK  [0m] Listening on [0;1;39mLibvirt qemu local socket[0m.
[[0;32m  OK  [0m] Listening on [0;1;39mLibvirt qemu admin socket[0m.
[[0;32m  OK  [0m] Listening on [0;1;39mLibvirt qemu local read-only socket[0m.
[[0;32m  OK  [0m] Listening on [0;1;39mLibvirt secret local socket[0m.
[[0;32m  OK  [0m] Listening on [0;1;39mLibvirt storage local socket[0m.
[[0;32m  OK  [0m] Reached target [0;1;39mSocket Units[0m.
         Starting [0;1;39mD-Bus System Message Bus[0m...
[[0;32m  OK  [0m] Started [0;1;39mD-Bus System Message Bus[0m.
[[0;32m  OK  [0m] Reached target [0;1;39mBasic System[0m.
         Starting [0;1;39mNetwork Manager[0m...
         Starting [0;1;39mNTP client/server[0m...
         Starting [0;1;39mRestore /run/initramfs on shutdown[0m...
[[0;32m  OK  [0m] Started [0;1;39mirqbalance daemon[0m.
[[0;32m  OK  [0m] Started [0;1;39mlibstoragemgmt plug-in server daemon[0m.
[[0;32m  OK  [0m] Started [0;1;39mMachine Check Exception Logging Daemon[0m.
[[0;32m  OK  [0m] Reached target [0;1;39msshd-keygen.target[0m.
[[0;32m  OK  [0m] Reached target [0;1;39mUser and Group Name Lookups[0m.
         Starting [0;1;39mUser Login Management[0m...
         Starting [0;1;39mVirtual Machine a…tainer Registration Service[0m...
[[0;32m  OK  [0m] Finished [0;1;39mRestore /run/initramfs on shutdown[0m.
[[0;32m  OK  [0m] Started [0;1;39mNTP client/server[0m.
[[0;32m  OK  [0m] Started [0;1;39mVirtual Machine an…ontainer Registration Service[0m.
         Starting [0;1;39mHostname Service[0m...
[[0;32m  OK  [0m] Started [0;1;39mUser Login Management[0m.
[[0;32m  OK  [0m] Started [0;1;39mHostname Service[0m.
         Starting [0;1;39mNetwork Manager Script Dispatcher Service[0m...
[[0;32m  OK  [0m] Started [0;1;39mNetwork Manager Script Dispatcher Service[0m.
[   16.300510] e1000: eth0 NIC Link is Up 1000 Mbps Full Duplex, Flow Control: RX
[[0;32m  OK  [0m] Started [0;1;39mNetwork Manager[0m.
[[0;32m  OK  [0m] Reached target [0;1;39mNetwork[0m.
[[0;32m  OK  [0m] Reached target [0;1;39mNetwork is Online[0m.
         Starting [0;1;39mGSSAPI Proxy Daemon[0m...
         Starting [0;1;39mNotify NFS peers of a restart[0m...
         Starting [0;1;39mSystem Logging Service[0m...
         Starting [0;1;39mOpenSSH server daemon[0m...
         Starting [0;1;39mDynamic System Tuning Daemon[0m...
[[0;32m  OK  [0m] Started [0;1;39mGSSAPI Proxy Daemon[0m.
[[0;32m  OK  [0m] Started [0;1;39mNotify NFS peers of a restart[0m.
[[0;32m  OK  [0m] Reached target [0;1;39mNFS client services[0m.
[[0;32m  OK  [0m] Reached target [0;1;39mPreparation for Remote File Systems[0m.
[[0;32m  OK  [0m] Reached target [0;1;39mRemote File Systems[0m.
         Starting [0;1;39mPermit User Sessions[0m...
         Starting [0;1;39mVirtualization qemu daemon[0m...
[[0;32m  OK  [0m] Started [0;1;39mOpenSSH server daemon[0m.
[[0;32m  OK  [0m] Finished [0;1;39mPermit User Sessions[0m.
[[0;32m  OK  [0m] Started [0;1;39mDeferred execution scheduler[0m.
[[0;32m  OK  [0m] Started [0;1;39mCommand Scheduler[0m.
         Starting [0;1;39mHold until boot process finishes up[0m...
         Starting [0;1;39mTerminate Plymouth Boot Screen[0m...
[[0;32m  OK  [0m] Finished [0;1;39mHold until boot process finishes up[0m.
[[0;32m  OK  [0m] Started [0;1;39mGetty on tty1[0m.
[[0;32m  OK  [0m] Started [0;1;39mSerial Getty on ttyS0[0m.
[[0;32m  OK  [0m] Reached target [0;1;39mLogin Prompts[0m.
[[0;32m  OK  [0m] Started [0;1;39mVirtualization qemu daemon[0m.
[[0;32m  OK  [0m] Started [0;1;39mSystem Logging Service[0m.
[[0;32m  OK  [0m] Finished [0;1;39mTerminate Plymouth Boot Screen[0m.
         Starting [0;1;39mAuthorization Manager[0m...
[[0;32m  OK  [0m] Started [0;1;39mAuthorization Manager[0m.
[[0;32m  OK  [0m] Started [0;1;39mDynamic System Tuning Daemon[0m.
[[0;32m  OK  [0m] Reached target [0;1;39mMulti-User System[0m.
         Starting [0;1;39mRecord Runlevel Change in UTMP[0m...
[[0;32m  OK  [0m] Finished [0;1;39mRecord Runlevel Change in UTMP[0m.

CentOS Stream 9
Kernel 6.19.0-rc1-757b907b3ead+ on an x86_64

Activate the web console with: systemctl enable --now cockpit.socket

test login: [   30.276598] 
[   30.276941] =====================================
[   30.277686] WARNING: bad unlock balance detected!
[   30.278417] 6.19.0-rc1-757b907b3ead+ #1 Not tainted
[   30.279172] -------------------------------------
[   30.279900] repro/1881 is trying to release lock (rcu_read_lock) at:
[   30.280848] [<ffffffff821255fa>] __wait_on_freeing_inode+0x13a/0x3b0
[   30.281871] but there are no more locks to release!
[   30.282618] 
[   30.282618] other info that might help us debug this:
[   30.283597] 4 locks held by repro/1881:
[   30.284205]  #0: ffff888012ec4408 (sb_writers#3){.+.+}-{0:0}, at: filename_create+0x122/0x460
[   30.285531]  #1: ffff888023b88d70 (&type->i_mutex_dir_key#3/1){+.+.}-{4:4}, at: filename_create+0x1e6/0x460
[   30.287012]  #2: ffff888012ec0950 (jbd2_handle){++++}-{0:0}, at: start_this_handle+0x1042/0x1550
[   30.288386]  #3: ffffffff87416918 (inode_hash_lock){+.+.}-{3:3}, at: insert_inode_locked+0xf4/0x860
[   30.289788] 
[   30.289788] stack backtrace:
[   30.290492] CPU: 1 UID: 0 PID: 1881 Comm: repro Not tainted 6.19.0-rc1-757b907b3ead+ #1 PREEMPT(voluntary) 
[   30.290513] Hardware name: QEMU Standard PC (i440FX + PIIX, 1996), BIOS rel-1.16.0-0-gd239552ce722-prebuilt.qemu.org 04/01/2014
[   30.290529] Call Trace:
[   30.290542]  <TASK>
[   30.290558]  dump_stack_lvl+0xea/0x150
[   30.290616]  ? __wait_on_freeing_inode+0x13a/0x3b0
[   30.290637]  dump_stack+0x19/0x20
[   30.290654]  print_unlock_imbalance_bug+0x121/0x140
[   30.290695]  ? __wait_on_freeing_inode+0x13a/0x3b0
[   30.290717]  lock_release+0x211/0x2a0
[   30.290749]  __wait_on_freeing_inode+0x13f/0x3b0
[   30.290770]  ? __pfx___wait_on_freeing_inode+0x10/0x10
[   30.290791]  ? do_raw_spin_lock+0x140/0x280
[   30.290808]  ? __pfx_var_wake_function+0x10/0x10
[   30.290843]  ? __this_cpu_preempt_check+0x21/0x30
[   30.290875]  ? lock_is_held_type+0xef/0x150
[   30.290897]  insert_inode_locked+0x26c/0x860
[   30.290924]  __ext4_new_inode+0x1c4a/0x5230
[   30.290966]  ? __pfx___ext4_new_inode+0x10/0x10
[   30.290984]  ? __pfx___dquot_initialize+0x10/0x10
[   30.291018]  ? ext4_get_dummy_policy+0x16/0x80
[   30.291035]  ? __pfx_ext4_get_dummy_policy+0x10/0x10
[   30.291056]  ext4_symlink+0x6c9/0xc70
[   30.291092]  ? __pfx_ext4_symlink+0x10/0x10
[   30.291110]  ? generic_permission+0xbf/0x800
[   30.291139]  ? __sanitizer_cov_trace_const_cmp4+0x1a/0x20
[   30.291170]  ? security_inode_permission+0xb8/0x220
[   30.291207]  ? inode_permission+0x392/0x680
[   30.291229]  ? __sanitizer_cov_trace_const_cmp4+0x1a/0x20
[   30.291256]  vfs_symlink+0x459/0x850
[   30.291272]  do_symlinkat+0x40d/0x570
[   30.291291]  ? __sanitizer_cov_trace_const_cmp8+0x1c/0x30
[   30.291311]  ? __pfx_do_symlinkat+0x10/0x10
[   30.291330]  ? __sanitizer_cov_trace_const_cmp4+0x1a/0x20
[   30.291348]  ? getname_flags.part.0+0x1d5/0x570
[   30.291375]  __x64_sys_symlink+0x7f/0xa0
[   30.291396]  x64_sys_call+0x2d5/0x21b0
[   30.291422]  do_syscall_64+0x6d/0x1180
[   30.291447]  entry_SYSCALL_64_after_hwframe+0x76/0x7e
[   30.291461] RIP: 0033:0x7f394c43eabb
[   30.291489] Code: f0 ff ff 73 01 c3 48 8b 0d 62 b3 1b 00 f7 d8 64 89 01 48 83 c8 ff c3 0f 1f 84 00 00 00 00 00 f3 0f 1e fa b8 58 00 00 00 0f 05 <48> 3d 01 f0 ff ff 73 01 c3 48 8b 0d 35 b3 1b 00 f7 d8 64 89 01 48
[   30.291505] RSP: 002b:00007ffd0f7517e8 EFLAGS: 00000206 ORIG_RAX: 0000000000000058
[   30.291527] RAX: ffffffffffffffda RBX: 0000000000000000 RCX: 00007f394c43eabb
[   30.291537] RDX: 0000000000000004 RSI: 0000000000402078 RDI: 0000000000402083
[   30.291546] RBP: 00007ffd0f7517f0 R08: 0000000000000000 R09: 00007ffd0f751260
[   30.291555] R10: 00007f394c414730 R11: 0000000000000206 R12: 00007ffd0f751968
[   30.291564] R13: 0000000000401bdd R14: 0000000000403e08 R15: 00007f394c7e1000
[   30.291585]  </TASK>
[   30.326105] ------------[ cut here ]------------
[   30.326569] WARNING: kernel/rcu/tree_plugin.h:443 at __rcu_read_unlock+0x283/0x570, CPU#1: repro/1881
[   30.327466] Modules linked in:
[   30.327820] CPU: 1 UID: 0 PID: 1881 Comm: repro Not tainted 6.19.0-rc1-757b907b3ead+ #1 PREEMPT(voluntary) 
[   30.328789] Hardware name: QEMU Standard PC (i440FX + PIIX, 1996), BIOS rel-1.16.0-0-gd239552ce722-prebuilt.qemu.org 04/01/2014
[   30.329834] RIP: 0010:__rcu_read_unlock+0x283/0x570
[   30.330308] Code: e4 0f 84 d5 00 00 00 bf 09 00 00 00 e8 06 c7 d9 ff 4d 85 f6 0f 84 6a fe ff ff e8 f8 2a 29 00 fb 0f 1f 44 00 00 e9 5a fe ff ff <0f> 0b 5b 41 5c 41 5d 41 5e 41 5f 5d e9 4c 16 81 04 e8 67 c5 8b 00
[   30.332005] RSP: 0018:ffff888010b7f918 EFLAGS: 00010286
[   30.332554] RAX: 00000000ffffffff RBX: ffff888013922580 RCX: ffffffff8167a273
[   30.333223] RDX: 0000000000000000 RSI: 0000000000000001 RDI: ffff888013922dbc
[   30.333890] RBP: ffff888010b7f940 R08: 0000000000000000 R09: fffffbfff0eae548
[   30.334559] R10: 0000000080000001 R11: 6162206b63617473 R12: ffff888013922580
[   30.335224] R13: ffff888013922580 R14: 0000000000000001 R15: 0000000000000001
[   30.335902] FS:  00007f394c794740(0000) GS:ffff8880e31b9000(0000) knlGS:0000000000000000
[   30.336698] CS:  0010 DS: 0000 ES: 0000 CR0: 0000000080050033
[   30.337244] CR2: 00007f394c53e7f0 CR3: 000000001a667002 CR4: 0000000000770ef0
[   30.337910] PKRU: 55555554
[   30.338181] Call Trace:
[   30.338430]  <TASK>
[   30.339147]  __wait_on_freeing_inode+0x144/0x3b0
[   30.339880]  ? __pfx___wait_on_freeing_inode+0x10/0x10
[   30.340429]  ? do_raw_spin_lock+0x140/0x280
[   30.341257]  ? __pfx_var_wake_function+0x10/0x10
[   30.342064]  ? __this_cpu_preempt_check+0x21/0x30
[   30.342696]  ? lock_is_held_type+0xef/0x150
[   30.343802]  insert_inode_locked+0x26c/0x860
[   30.345289]  __ext4_new_inode+0x1c4a/0x5230
[   30.347583]  ? __pfx___ext4_new_inode+0x10/0x10
[   30.348492]  ? __pfx___dquot_initialize+0x10/0x10
[   30.349851]  ? ext4_get_dummy_policy+0x16/0x80
[   30.350289]  ? __pfx_ext4_get_dummy_policy+0x10/0x10
[   30.351425]  ext4_symlink+0x6c9/0xc70
[   30.353564]  ? __pfx_ext4_symlink+0x10/0x10
[   30.354056]  ? generic_permission+0xbf/0x800
[   30.354809]  ? __sanitizer_cov_trace_const_cmp4+0x1a/0x20
[   30.355415]  ? security_inode_permission+0xb8/0x220
[   30.356275]  ? inode_permission+0x392/0x680
[   30.356770]  ? __sanitizer_cov_trace_const_cmp4+0x1a/0x20
[   30.357848]  vfs_symlink+0x459/0x850
[   30.359034]  do_symlinkat+0x40d/0x570
[   30.359490]  ? __sanitizer_cov_trace_const_cmp8+0x1c/0x30
[   30.360563]  ? __pfx_do_symlinkat+0x10/0x10
[   30.361139]  ? __sanitizer_cov_trace_const_cmp4+0x1a/0x20
[   30.361744]  ? getname_flags.part.0+0x1d5/0x570
[   30.363322]  __x64_sys_symlink+0x7f/0xa0
[   30.364108]  x64_sys_call+0x2d5/0x21b0
[   30.364593]  do_syscall_64+0x6d/0x1180
[   30.365492]  entry_SYSCALL_64_after_hwframe+0x76/0x7e
[   30.366007] RIP: 0033:0x7f394c43eabb
[   30.366482] Code: f0 ff ff 73 01 c3 48 8b 0d 62 b3 1b 00 f7 d8 64 89 01 48 83 c8 ff c3 0f 1f 84 00 00 00 00 00 f3 0f 1e fa b8 58 00 00 00 0f 05 <48> 3d 01 f0 ff ff 73 01 c3 48 8b 0d 35 b3 1b 00 f7 d8 64 89 01 48
[   30.368353] RSP: 002b:00007ffd0f7517e8 EFLAGS: 00000206 ORIG_RAX: 0000000000000058
[   30.369091] RAX: ffffffffffffffda RBX: 0000000000000000 RCX: 00007f394c43eabb
[   30.369813] RDX: 0000000000000004 RSI: 0000000000402078 RDI: 0000000000402083
[   30.370534] RBP: 00007ffd0f7517f0 R08: 0000000000000000 R09: 00007ffd0f751260
[   30.371247] R10: 00007f394c414730 R11: 0000000000000206 R12: 00007ffd0f751968
[   30.371959] R13: 0000000000401bdd R14: 0000000000403e08 R15: 00007f394c7e1000
[   30.374810]  </TASK>
[   30.375046] irq event stamp: 257
[   30.375372] hardirqs last  enabled at (257): [<ffffffff85ef9815>] _raw_spin_unlock_irqrestore+0x35/0x70
[   30.376341] hardirqs last disabled at (256): [<ffffffff85ef94c0>] _raw_spin_lock_irqsave+0x70/0x80
[   30.377199] softirqs last  enabled at (252): [<ffffffff8131b4d1>] kernel_fpu_end+0x71/0x90
[   30.378009] softirqs last disabled at (250): [<ffffffff8131cc9f>] kernel_fpu_begin_mask+0x1df/0x320
[   30.378856] ---[ end trace 0000000000000000 ]---
