c[?7l[2J[0mSeaBIOS (version rel-1.16.0-0-gd239552ce722-prebuilt.qemu.org)


iPXE (http://ipxe.org) 00:03.0 CA00 PCI2.10 PnP PMM+7FF91000+7FEF1000 CA00
Press Ctrl-B to configure iPXE (PCI 00:03.0)...                                                                               


Booting from ROM...
c[?7l[2J[    0.000000] Linux version 6.19.0-rc5-80f60a6b0c1e+ (root@p-mtlp04) (gcc (GCC) 11.5.0 20240719 (Red Hat 11.5.0-14), GNU ld version 2.35.2-69.el9) #1 SMP PREEMPT_DYNAMIC Tue Jan 13 17:37:52 CST 2026
[    0.000000] Command line: console=ttyS0 root=/dev/sda earlyprintk=serial net.ifnames=0 plymouth.enable=0
[    0.000000] KERNEL supported cpus:
[    0.000000]   Intel GenuineIntel
[    0.000000]   AMD AuthenticAMD
[    0.000000]   Hygon HygonGenuine
[    0.000000]   Centaur CentaurHauls
[    0.000000]   zhaoxin   Shanghai  
[    0.000000] x86/split lock detection: #DB: warning on user-space bus_locks
[    0.000000] BIOS-provided physical RAM map:
[    0.000000] BIOS-e820: [mem 0x0000000000000000-0x000000000009fbff] usable
[    0.000000] BIOS-e820: [mem 0x000000000009fc00-0x000000000009ffff] reserved
[    0.000000] BIOS-e820: [mem 0x00000000000f0000-0x00000000000fffff] reserved
[    0.000000] BIOS-e820: [mem 0x0000000000100000-0x000000007ffdffff] usable
[    0.000000] BIOS-e820: [mem 0x000000007ffe0000-0x000000007fffffff] reserved
[    0.000000] BIOS-e820: [mem 0x00000000feffc000-0x00000000feffffff] reserved
[    0.000000] BIOS-e820: [mem 0x00000000fffc0000-0x00000000ffffffff] reserved
[    0.000000] printk: legacy bootconsole [earlyser0] enabled
[    0.000000] NX (Execute Disable) protection: active
[    0.000000] APIC: Static calls initialized
[    0.000000] SMBIOS 2.8 present.
[    0.000000] DMI: QEMU Standard PC (i440FX + PIIX, 1996), BIOS rel-1.16.0-0-gd239552ce722-prebuilt.qemu.org 04/01/2014
[    0.000000] DMI: Memory slots populated: 1/1
[    0.000000] Hypervisor detected: KVM
[    0.000000] last_pfn = 0x7ffe0 max_arch_pfn = 0x400000000
[    0.000000] kvm-clock: Using msrs 4b564d01 and 4b564d00
[    0.000004] kvm-clock: using sched offset of 1152333205 cycles
[    0.000513] clocksource: kvm-clock: mask: 0xffffffffffffffff max_cycles: 0x1cd42e4dffb, max_idle_ns: 881590591483 ns
[    0.002066] tsc: Detected 2995.200 MHz processor
[    0.010126] last_pfn = 0x7ffe0 max_arch_pfn = 0x400000000
[    0.010671] MTRR map: 4 entries (3 fixed + 1 variable; max 19), built from 8 variable MTRRs
[    0.011459] x86/PAT: Configuration [0-7]: WB  WC  UC- UC  WB  WP  UC- WT  
[    0.023891] found SMP MP-table at [mem 0x000f5ba0-0x000f5baf]
[    0.024501] Using GB pages for direct mapping
[    0.027098] ACPI: Early table checksum verification disabled
[    0.027656] ACPI: RSDP 0x00000000000F59C0 000014 (v00 BOCHS )
[    0.028237] ACPI: RSDT 0x000000007FFE1951 000034 (v01 BOCHS  BXPC     00000001 BXPC 00000001)
[    0.029082] ACPI: FACP 0x000000007FFE17FD 000074 (v01 BOCHS  BXPC     00000001 BXPC 00000001)
[    0.029951] ACPI: DSDT 0x000000007FFE0040 0017BD (v01 BOCHS  BXPC     00000001 BXPC 00000001)
[    0.030826] ACPI: FACS 0x000000007FFE0000 000040
[    0.031287] ACPI: APIC 0x000000007FFE1871 000080 (v01 BOCHS  BXPC     00000001 BXPC 00000001)
[    0.032111] ACPI: HPET 0x000000007FFE18F1 000038 (v01 BOCHS  BXPC     00000001 BXPC 00000001)
[    0.032932] ACPI: WAET 0x000000007FFE1929 000028 (v01 BOCHS  BXPC     00000001 BXPC 00000001)
[    0.033755] ACPI: Reserving FACP table memory at [mem 0x7ffe17fd-0x7ffe1870]
[    0.034420] ACPI: Reserving DSDT table memory at [mem 0x7ffe0040-0x7ffe17fc]
[    0.035088] ACPI: Reserving FACS table memory at [mem 0x7ffe0000-0x7ffe003f]
[    0.035762] ACPI: Reserving APIC table memory at [mem 0x7ffe1871-0x7ffe18f0]
[    0.036450] ACPI: Reserving HPET table memory at [mem 0x7ffe18f1-0x7ffe1928]
[    0.037136] ACPI: Reserving WAET table memory at [mem 0x7ffe1929-0x7ffe1950]
[    0.038453] No NUMA configuration found
[    0.038832] Faking a node at [mem 0x0000000000000000-0x000000007ffdffff]
[    0.039518] NODE_DATA(0) allocated [mem 0x7ffb4ec0-0x7ffdfcbf]
[    0.445047] KernelAddressSanitizer initialized (generic)
[    0.445929] ACPI: PM-Timer IO Port: 0x608
[    0.446367] ACPI: LAPIC_NMI (acpi_id[0xff] dfl dfl lint[0x1])
[    0.447060] IOAPIC[0]: apic_id 0, version 17, address 0xfec00000, GSI 0-23
[    0.447751] ACPI: INT_SRC_OVR (bus 0 bus_irq 0 global_irq 2 dfl dfl)
[    0.448390] ACPI: INT_SRC_OVR (bus 0 bus_irq 5 global_irq 5 high level)
[    0.449038] ACPI: INT_SRC_OVR (bus 0 bus_irq 9 global_irq 9 high level)
[    0.449691] ACPI: INT_SRC_OVR (bus 0 bus_irq 10 global_irq 10 high level)
[    0.450360] ACPI: INT_SRC_OVR (bus 0 bus_irq 11 global_irq 11 high level)
[    0.451040] ACPI: Using ACPI (MADT) for SMP configuration information
[    0.451670] ACPI: HPET id: 0x8086a201 base: 0xfed00000
[    0.452194] TSC deadline timer available
[    0.452587] CPU topo: Max. logical packages:   1
[    0.453042] CPU topo: Max. logical dies:       1
[    0.453494] CPU topo: Max. dies per package:   1
[    0.453953] CPU topo: Max. threads per core:   1
[    0.454409] CPU topo: Num. cores per package:     2
[    0.454889] CPU topo: Num. threads per package:   2
[    0.455364] CPU topo: Allowing 2 present CPUs plus 0 hotplug CPUs
[    0.456028] kvm-guest: APIC: eoi() replaced with kvm_guest_apic_eoi_write()
[    0.456757] kvm-guest: KVM setup pv remote TLB flush
[    0.457252] kvm-guest: setup PV sched yield
[    0.457726] PM: hibernation: Registered nosave memory: [mem 0x00000000-0x00000fff]
[    0.458483] PM: hibernation: Registered nosave memory: [mem 0x0009f000-0x000fffff]
[    0.459238] [mem 0x80000000-0xfeffbfff] available for PCI devices
[    0.459853] Booting paravirtualized kernel on KVM
[    0.460348] clocksource: refined-jiffies: mask: 0xffffffff max_cycles: 0xffffffff, max_idle_ns: 7645519600211568 ns
[    0.461503] Zone ranges:
[    0.461763]   DMA      [mem 0x0000000000001000-0x0000000000ffffff]
[    0.462378]   DMA32    [mem 0x0000000001000000-0x000000007ffdffff]
[    0.462995]   Normal   empty
[    0.463285]   Device   empty
[    0.463575] Movable zone start for each node
[    0.464000] Early memory node ranges
[    0.464358]   node   0: [mem 0x0000000000001000-0x000000000009efff]
[    0.464976]   node   0: [mem 0x0000000000100000-0x000000007ffdffff]
[    0.465582] Initmem setup node 0 [mem 0x0000000000001000-0x000000007ffdffff]
[    0.466756] On node 0, zone DMA: 1 pages in unavailable ranges
[    0.467696] On node 0, zone DMA: 97 pages in unavailable ranges
[    0.519370] On node 0, zone DMA32: 32 pages in unavailable ranges
[    0.520053] setup_percpu: NR_CPUS:8192 nr_cpumask_bits:2 nr_cpu_ids:2 nr_node_ids:1
[    0.522457] percpu: Embedded 81 pages/cpu s294912 r8192 d28672 u1048576
[    0.523350] kvm-guest: PV spinlocks enabled
[    0.523787] PV qspinlock hash table entries: 256 (order: 0, 4096 bytes, linear)
[    0.524541] Kernel command line: net.ifnames=0 console=ttyS0 root=/dev/sda earlyprintk=serial net.ifnames=0 plymouth.enable=0
[    0.526080] random: crng init done
[    0.526431] printk: log buffer data + meta data: 262144 + 917504 = 1179648 bytes
[    0.528739] Dentry cache hash table entries: 262144 (order: 9, 2097152 bytes, linear)
[    0.567234] Inode-cache hash table entries: 131072 (order: 8, 1048576 bytes, linear)
[    0.568512] Fallback order for Node 0: 0 
[    0.568528] Built 1 zonelists, mobility grouping on.  Total pages: 524158
[    0.569633] Policy zone: DMA32
[    0.569929] mem auto-init: stack:off, heap alloc:off, heap free:off
[    0.570630] stackdepot: allocating hash table via alloc_large_system_hash
[    0.571293] stackdepot hash table entries: 1048576 (order: 12, 16777216 bytes, linear)
[    0.584918] stackdepot: allocating space for 8192 stack pools via memblock
[    0.654102] SLUB: HWalign=64, Order=0-3, MinObjects=0, CPUs=2, Nodes=1
[    0.654772] kmemleak: Kernel memory leak detector disabled
[    0.692837] ftrace: allocating 75331 entries in 296 pages
[    0.693377] ftrace: allocated 296 pages with 3 groups
[    0.698999] Dynamic Preempt: voluntary
[    0.699965] Running RCU self tests
[    0.700294] Running RCU synchronous self tests
[    0.700703] rcu: Preemptible hierarchical RCU implementation.
[    0.701230] rcu: 	RCU lockdep checking is enabled.
[    0.701668] rcu: 	RCU restricting CPUs from NR_CPUS=8192 to nr_cpu_ids=2.
[    0.702290] 	Trampoline variant of Tasks RCU enabled.
[    0.702753] 	Rude variant of Tasks RCU enabled.
[    0.703168] 	Tracing variant of Tasks RCU enabled.
[    0.703608] rcu: RCU calculated value of scheduler-enlistment delay is 25 jiffies.
[    0.704303] rcu: Adjusting geometry for rcu_fanout_leaf=16, nr_cpu_ids=2
[    0.705025] Running RCU synchronous self tests
[    0.705441] RCU Tasks: Setting shift to 1 and lim to 1 rcu_task_cb_adjust=1 rcu_task_cpu_ids=2.
[    0.706243] RCU Tasks Rude: Setting shift to 1 and lim to 1 rcu_task_cb_adjust=1 rcu_task_cpu_ids=2.
[    0.707083] RCU Tasks Trace: Setting shift to 1 and lim to 1 rcu_task_cb_adjust=1 rcu_task_cpu_ids=2.
[    0.784101] NR_IRQS: 524544, nr_irqs: 440, preallocated irqs: 16
[    0.785339] rcu: srcu_init: Setting srcu_struct sizes based on contention.
[    0.794429] Console: colour VGA+ 80x25
[    0.794890] printk: legacy console [ttyS0] enabled
[    0.794890] printk: legacy console [ttyS0] enabled
[    0.795788] printk: legacy bootconsole [earlyser0] disabled
[    0.795788] printk: legacy bootconsole [earlyser0] disabled
[    0.796868] Lock dependency validator: Copyright (c) 2006 Red Hat, Inc., Ingo Molnar
[    0.797615] ... MAX_LOCKDEP_SUBCLASSES:  8
[    0.798031] ... MAX_LOCK_DEPTH:          48
[    0.798441] ... MAX_LOCKDEP_KEYS:        8192
[    0.798867] ... CLASSHASH_SIZE:          4096
[    0.799292] ... MAX_LOCKDEP_ENTRIES:     524288
[    0.799715] ... MAX_LOCKDEP_CHAINS:      524288
[    0.800127] ... CHAINHASH_SIZE:          262144
[    0.800521]  memory used by lock dependency info: 54145 kB
[    0.800993]  memory used for stack traces: 4224 kB
[    0.801409]  per task-struct memory footprint: 1920 bytes
[    0.801984] ACPI: Core revision 20250807
[    0.802840] clocksource: hpet: mask: 0xffffffff max_cycles: 0xffffffff, max_idle_ns: 19112604467 ns
[    0.803853] APIC: Switch to symmetric I/O mode setup
[    0.804489] x2apic enabled
[    0.805153] APIC: Switched APIC routing to: physical x2apic
[    0.805702] kvm-guest: APIC: send_IPI_mask() replaced with kvm_send_ipi_mask()
[    0.806422] kvm-guest: APIC: send_IPI_mask_allbutself() replaced with kvm_send_ipi_mask_allbutself()
[    0.807308] kvm-guest: setup PV IPIs
[    0.808845] ..TIMER: vector=0x30 apic1=0 pin1=2 apic2=-1 pin2=-1
[    0.809472] clocksource: tsc-early: mask: 0xffffffffffffffff max_cycles: 0x2b2c8ec87c7, max_idle_ns: 440795278598 ns
[    0.810516] Calibrating delay loop (skipped) preset value.. 5990.40 BogoMIPS (lpj=11980800)
[    0.811501] x86/cpu: User Mode Instruction Prevention (UMIP) activated
[    0.814643] Last level iTLB entries: 4KB 0, 2MB 0, 4MB 0
[    0.815171] Last level dTLB entries: 4KB 0, 2MB 0, 4MB 0, 1GB 0
[    0.815776] mitigations: Enabled attack vectors: user_kernel, user_user, guest_host, guest_guest, SMT mitigations: auto
[    0.816843] Speculative Store Bypass: Mitigation: Speculative Store Bypass disabled via prctl
[    0.817666] Spectre V2 : Mitigation: Enhanced / Automatic IBRS
[    0.818506] ITS: Mitigation: Aligned branch/return thunks
[    0.819050] Spectre V1 : Mitigation: usercopy/swapgs barriers and __user pointer sanitization
[    0.819874] Spectre V2 : WARNING: Unprivileged eBPF is enabled with eIBRS on, data leaks possible via Spectre v2 BHB attacks!
[    0.820978] Spectre V2 : Spectre v2 / PBRSB-eIBRS: Retire a single CALL on VMEXIT
[    0.821716] Spectre V2 : mitigation: Enabling conditional Indirect Branch Prediction Barrier
[    0.822510] active return thunk: its_return_thunk
[    0.822995] Spectre V2 : Spectre BHI mitigation: SW BHB clearing on syscall and VM exit
[    0.823820] x86/fpu: Supporting XSAVE feature 0x001: 'x87 floating point registers'
[    0.824597] x86/fpu: Supporting XSAVE feature 0x002: 'SSE registers'
[    0.825241] x86/fpu: Supporting XSAVE feature 0x004: 'AVX registers'
[    0.825890] x86/fpu: Supporting XSAVE feature 0x200: 'Protection Keys User registers'
[    0.826505] x86/fpu: xstate_offset[2]:  576, xstate_sizes[2]:  256
[    0.827156] x86/fpu: xstate_offset[9]:  832, xstate_sizes[9]:    8
[    0.827786] x86/fpu: Enabled xstate features 0x207, context size is 840 bytes, using 'compacted' format.
[    0.997203] Freeing SMP alternatives memory: 64K
[    0.997695] pid_max: default: 32768 minimum: 301
[    0.998573] Yama: becoming mindful.
[    0.999386] Mount-cache hash table entries: 4096 (order: 3, 32768 bytes, linear)
[    1.000108] Mountpoint-cache hash table entries: 4096 (order: 3, 32768 bytes, linear)
[    1.002897] Running RCU synchronous self tests
[    1.003345] Running RCU synchronous self tests
[    1.004228] smpboot: CPU0: Intel(R) Core(TM) Ultra 7 155H (family: 0x6, model: 0xaa, stepping: 0x4)
[    1.006274] Performance Events: unsupported CPU family 6 model 170 no PMU driver, software events only.
[    1.006499] signal: max sigframe size: 3632
[    1.006499] rcu: Hierarchical SRCU implementation.
[    1.006511] rcu: 	Max phase no-delay instances is 1000.
[    1.007339] Timer migration: 1 hierarchy levels; 8 children per group; 1 crossnode level
[    1.030349] NMI watchdog: Perf NMI watchdog permanently disabled
[    1.030813] smp: Bringing up secondary CPUs ...
[    1.032806] smpboot: x86: Booting SMP configuration:
[    1.033325] .... node  #0, CPUs:      #1
[    1.035160] smp: Brought up 1 node, 2 CPUs
[    1.035438] smpboot: Total of 2 processors activated (11980.80 BogoMIPS)
[    1.037243] Memory: 1538728K/2096632K available (81030K kernel code, 15718K rwdata, 18832K rodata, 16436K init, 69828K bss, 546452K reserved, 0K cma-reserved)
[    1.039337] devtmpfs: initialized
[    1.039719] x86/mm: Memory block size: 128MB
[    1.052981] Running RCU synchronous self tests
[    1.053623] Running RCU synchronous self tests
[    1.058644] Running RCU Tasks wait API self tests
[    1.059012] Running RCU Tasks Rude wait API self tests
[    1.059277] Running RCU Tasks Trace wait API self tests
[    1.082512] clocksource: jiffies: mask: 0xffffffff max_cycles: 0xffffffff, max_idle_ns: 7645041785100000 ns
[    1.083632] posixtimers hash table entries: 1024 (order: 5, 73728 bytes, linear)
[    1.084544] futex hash table entries: 512 (65536 bytes on 1 NUMA nodes, total 64 KiB, linear).
[    1.087740] 
[    1.087929] *************************************************************
[    1.088642] **     NOTICE NOTICE NOTICE NOTICE NOTICE NOTICE NOTICE    **
[    1.089351] **                                                         **
[    1.090060] **  IOMMU DebugFS SUPPORT HAS BEEN ENABLED IN THIS KERNEL  **
[    1.090513] **                                                         **
[    1.091250] ** This means that this kernel is built to expose internal **
[    1.091971] ** IOMMU data structures, which may compromise security on **
[    1.092691] ** your system.                                            **
[    1.093405] **                                                         **
[    1.094125] ** If you see this message and you are not debugging the   **
[    1.094506] ** kernel, report this immediately to your vendor!         **
[    1.095232] **                                                         **
[    1.095949] **     NOTICE NOTICE NOTICE NOTICE NOTICE NOTICE NOTICE    **
[    1.096665] *************************************************************
[    1.097474] PM: RTC time: 09:43:57, date: 2026-01-13
[    1.102314] NET: Registered PF_NETLINK/PF_ROUTE protocol family
[    1.104364] DMA: preallocated 256 KiB GFP_KERNEL pool for atomic allocations
[    1.105157] DMA: preallocated 256 KiB GFP_KERNEL|GFP_DMA pool for atomic allocations
[    1.106014] DMA: preallocated 256 KiB GFP_KERNEL|GFP_DMA32 pool for atomic allocations
[    1.106610] audit: initializing netlink subsys (disabled)
[    1.107325] audit: type=2000 audit(1768297437.984:1): state=initialized audit_enabled=0 res=1
[    1.107740] thermal_sys: Registered thermal governor 'fair_share'
[    1.107751] thermal_sys: Registered thermal governor 'bang_bang'
[    1.108409] thermal_sys: Registered thermal governor 'step_wise'
[    1.109042] thermal_sys: Registered thermal governor 'user_space'
[    1.110539] cpuidle: using governor ladder
[    1.110564] cpuidle: using governor menu
[    1.111340] acpiphp: ACPI Hot Plug PCI Controller Driver version: 0.5
[    1.113015] PCI: Using configuration type 1 for base access
[    1.114586] Callback from call_rcu_tasks_trace() invoked.
[    1.114632] kprobes: kprobe jump-optimization is enabled. All kprobes are optimized if possible.
[    1.259419] HugeTLB: registered 1.00 GiB page size, pre-allocated 0 pages
[    1.260219] HugeTLB: 16380 KiB vmemmap can be freed for a 1.00 GiB page
[    1.260964] HugeTLB: registered 2.00 MiB page size, pre-allocated 0 pages
[    1.261736] HugeTLB: 28 KiB vmemmap can be freed for a 2.00 MiB page
[    1.273639] ACPI: Added _OSI(Module Device)
[    1.274152] ACPI: Added _OSI(Processor Device)
[    1.274511] ACPI: Added _OSI(Processor Aggregator Device)
[    1.297365] ACPI: 1 ACPI AML tables successfully acquired and loaded
[    1.302487] ACPI: \_SB_: platform _OSC: OS support mask [002e7eff]
[    1.305938] ACPI: Interpreter enabled
[    1.306551] ACPI: PM: (supports S0 S3 S4 S5)
[    1.307048] ACPI: Using IOAPIC for interrupt routing
[    1.307765] PCI: Using host bridge windows from ACPI; if necessary, use "pci=nocrs" and report a bug
[    1.308797] PCI: Using E820 reservations for host bridge windows
[    1.311159] ACPI: Enabled 2 GPEs in block 00 to 0F
[    1.367875] ACPI: PCI Root Bridge [PCI0] (domain 0000 [bus 00-ff])
[    1.368646] acpi PNP0A03:00: _OSC: OS supports [ASPM ClockPM Segments MSI EDR HPX-Type3]
[    1.369560] acpi PNP0A03:00: _OSC: not requesting OS control; OS requires [ExtendedConfig ASPM ClockPM MSI]
[    1.370593] acpi PNP0A03:00: _OSC: platform retains control of PCIe features (AE_ERROR)
[    1.371672] acpi PNP0A03:00: fail to add MMCONFIG information, can't access extended configuration space under this bridge
[    1.379502] acpiphp: Slot [3] registered
[    1.380175] acpiphp: Slot [4] registered
[    1.380822] acpiphp: Slot [5] registered
[    1.381461] acpiphp: Slot [6] registered
[    1.382265] acpiphp: Slot [7] registered
[    1.382697] acpiphp: Slot [8] registered
[    1.383336] acpiphp: Slot [9] registered
[    1.384006] acpiphp: Slot [10] registered
[    1.384711] acpiphp: Slot [11] registered
[    1.385386] acpiphp: Slot [12] registered
[    1.386058] acpiphp: Slot [13] registered
[    1.386723] acpiphp: Slot [14] registered
[    1.387439] acpiphp: Slot [15] registered
[    1.388089] acpiphp: Slot [16] registered
[    1.388755] acpiphp: Slot [17] registered
[    1.389458] acpiphp: Slot [18] registered
[    1.390171] acpiphp: Slot [19] registered
[    1.390717] acpiphp: Slot [20] registered
[    1.391423] acpiphp: Slot [21] registered
[    1.392104] acpiphp: Slot [22] registered
[    1.392802] acpiphp: Slot [23] registered
[    1.393503] acpiphp: Slot [24] registered
[    1.394196] acpiphp: Slot [25] registered
[    1.394714] acpiphp: Slot [26] registered
[    1.395423] acpiphp: Slot [27] registered
[    1.396089] acpiphp: Slot [28] registered
[    1.396774] acpiphp: Slot [29] registered
[    1.397463] acpiphp: Slot [30] registered
[    1.398177] acpiphp: Slot [31] registered
[    1.398615] PCI host bridge to bus 0000:00
[    1.399177] pci_bus 0000:00: root bus resource [io  0x0000-0x0cf7 window]
[    1.399960] pci_bus 0000:00: root bus resource [io  0x0d00-0xffff window]
[    1.400759] pci_bus 0000:00: root bus resource [mem 0x000a0000-0x000bffff window]
[    1.401642] pci_bus 0000:00: root bus resource [mem 0x80000000-0xfebfffff window]
[    1.402515] pci_bus 0000:00: root bus resource [mem 0x100000000-0x17fffffff window]
[    1.403421] pci_bus 0000:00: root bus resource [bus 00-ff]
[    1.404242] pci 0000:00:00.0: [8086:1237] type 00 class 0x060000 conventional PCI endpoint
[    1.418786] pci 0000:00:01.0: [8086:7000] type 00 class 0x060100 conventional PCI endpoint
[    1.421747] pci 0000:00:01.1: [8086:7010] type 00 class 0x010180 conventional PCI endpoint
[    1.423211] pci 0000:00:01.1: BAR 4 [io  0xc040-0xc04f]
[    1.423867] pci 0000:00:01.1: BAR 0 [io  0x01f0-0x01f7]: legacy IDE quirk
[    1.424649] pci 0000:00:01.1: BAR 1 [io  0x03f6]: legacy IDE quirk
[    1.425366] pci 0000:00:01.1: BAR 2 [io  0x0170-0x0177]: legacy IDE quirk
[    1.426153] pci 0000:00:01.1: BAR 3 [io  0x0376]: legacy IDE quirk
[    1.427312] pci 0000:00:01.3: [8086:7113] type 00 class 0x068000 conventional PCI endpoint
[    1.428663] pci 0000:00:01.3: quirk: [io  0x0600-0x063f] claimed by PIIX4 ACPI
[    1.429511] pci 0000:00:01.3: quirk: [io  0x0700-0x070f] claimed by PIIX4 SMB
[    1.431095] pci 0000:00:02.0: [1234:1111] type 00 class 0x030000 conventional PCI endpoint
[    1.435540] pci 0000:00:02.0: BAR 0 [mem 0xfd000000-0xfdffffff pref]
[    1.436406] pci 0000:00:02.0: BAR 2 [mem 0xfebf0000-0xfebf0fff]
[    1.437108] pci 0000:00:02.0: ROM [mem 0xfebe0000-0xfebeffff pref]
[    1.438374] pci 0000:00:02.0: Video device with shadowed ROM at [mem 0x000c0000-0x000dffff]
[    1.453359] pci 0000:00:03.0: [8086:100e] type 00 class 0x020000 conventional PCI endpoint
[    1.455428] pci 0000:00:03.0: BAR 0 [mem 0xfebc0000-0xfebdffff]
[    1.456337] pci 0000:00:03.0: BAR 1 [io  0xc000-0xc03f]
[    1.457567] pci 0000:00:03.0: ROM [mem 0xfeb80000-0xfebbffff pref]
[    1.491315] ACPI: PCI: Interrupt link LNKA configured for IRQ 10
[    1.493540] ACPI: PCI: Interrupt link LNKB configured for IRQ 10
[    1.495625] ACPI: PCI: Interrupt link LNKC configured for IRQ 11
[    1.497690] ACPI: PCI: Interrupt link LNKD configured for IRQ 11
[    1.498967] ACPI: PCI: Interrupt link LNKS configured for IRQ 9
[    1.506633] iommu: Default domain type: Translated
[    1.507200] iommu: DMA domain TLB invalidation policy: lazy mode
[    1.513263] SCSI subsystem initialized
[    1.515344] ACPI: bus type USB registered
[    1.516212] usbcore: registered new interface driver usbfs
[    1.517042] usbcore: registered new interface driver hub
[    1.517765] usbcore: registered new device driver usb
[    1.519008] pps_core: LinuxPPS API ver. 1 registered
[    1.519570] pps_core: Software ver. 5.3.6 - Copyright 2005-2007 Rodolfo Giometti <giometti@linux.it>
[    1.520627] PTP clock support registered
[    1.523880] EDAC MC: Ver: 3.0.0
[    1.531454] NetLabel: Initializing
[    1.531882] NetLabel:  domain hash size = 128
[    1.532371] NetLabel:  protocols = UNLABELED CIPSOv4 CALIPSO
[    1.533254] NetLabel:  unlabeled traffic allowed by default
[    1.534861] PCI: Using ACPI for IRQ routing
[    1.535996] pci 0000:00:02.0: vgaarb: setting as boot VGA device
[    1.536668] pci 0000:00:02.0: vgaarb: bridge control possible
[    1.537296] pci 0000:00:02.0: vgaarb: VGA device added: decodes=io+mem,owns=io+mem,locks=none
[    1.538514] vgaarb: loaded
[    1.540683] hpet0: at MMIO 0xfed00000, IRQs 2, 8, 0
[    1.541381] hpet0: 3 comparators, 64-bit 100.000000 MHz counter
[    1.548743] clocksource: Switched to clocksource kvm-clock
[    1.550400] VFS: Disk quotas dquot_6.6.0
[    1.550956] VFS: Dquot-cache hash table entries: 512 (order 0, 4096 bytes)
[    1.554947] pnp: PnP ACPI init
[    1.561550] pnp: PnP ACPI: found 6 devices
[    1.601829] clocksource: acpi_pm: mask: 0xffffff max_cycles: 0xffffff, max_idle_ns: 2085701024 ns
[    1.603520] NET: Registered PF_INET protocol family
[    1.604546] IP idents hash table entries: 32768 (order: 6, 262144 bytes, linear)
[    1.607629] tcp_listen_portaddr_hash hash table entries: 1024 (order: 5, 73728 bytes, linear)
[    1.608781] Table-perturb hash table entries: 65536 (order: 6, 262144 bytes, linear)
[    1.609701] TCP established hash table entries: 16384 (order: 5, 131072 bytes, linear)
[    1.612089] TCP bind hash table entries: 16384 (order: 10, 2359296 bytes, linear)
[    1.616290] TCP: Hash tables configured (established 16384 bind 16384)
[    1.617409] UDP hash table entries: 1024 (order: 6, 262144 bytes, linear)
[    1.618425] UDP-Lite hash table entries: 1024 (order: 6, 262144 bytes, linear)
[    1.619934] NET: Registered PF_UNIX/PF_LOCAL protocol family
[    1.622491] RPC: Registered named UNIX socket transport module.
[    1.623169] RPC: Registered udp transport module.
[    1.623677] RPC: Registered tcp transport module.
[    1.624179] RPC: Registered tcp-with-tls transport module.
[    1.624792] RPC: Registered tcp NFSv4.1 backchannel transport module.
[    1.625520] pci_bus 0000:00: resource 4 [io  0x0000-0x0cf7 window]
[    1.626198] pci_bus 0000:00: resource 5 [io  0x0d00-0xffff window]
[    1.626864] pci_bus 0000:00: resource 6 [mem 0x000a0000-0x000bffff window]
[    1.627599] pci_bus 0000:00: resource 7 [mem 0x80000000-0xfebfffff window]
[    1.628340] pci_bus 0000:00: resource 8 [mem 0x100000000-0x17fffffff window]
[    1.629591] pci 0000:00:01.0: PIIX3: Enabling Passive Release
[    1.630235] pci 0000:00:00.0: Limiting direct PCI/PCI transfers
[    1.630987] PCI: CLS 0 bytes, default 64
[    1.631631] ACPI: bus type thunderbolt registered
[    1.632935] clocksource: tsc: mask: 0xffffffffffffffff max_cycles: 0x2b2c8ec87c7, max_idle_ns: 440795278598 ns
[    4.238463] Initialise system trusted keyrings
[    4.239159] Key type blacklist registered
[    4.239895] workingset: timestamp_bits=36 max_order=19 bucket_order=0
[    4.243367] squashfs: version 4.0 (2009/01/31) Phillip Lougher
[    4.245938] NFS: Registering the id_resolver key type
[    4.246514] Key type id_resolver registered
[    4.246969] Key type id_legacy registered
[    4.247463] nfs4filelayout_init: NFSv4 File Layout Driver Registering...
[    4.248223] nfs4flexfilelayout_init: NFSv4 Flexfile Layout Driver Registering...
[    4.249625] fuse: init (API version 7.45)
[    4.252757] SGI XFS with ACLs, security attributes, realtime, quota, no debug enabled
[    4.257386] 9p: Installing v9fs 9p2000 file system support
[    4.276830] Callback from call_rcu_tasks() invoked.
[    4.277069] Key type asymmetric registered
[    4.278541] Asymmetric key parser 'x509' registered
[    4.279491] Block layer SCSI generic (bsg) driver version 0.4 loaded (major 241)
[    4.280792] io scheduler mq-deadline registered
[    4.281506] io scheduler bfq registered
[    4.282877] ledtrig-cpu: registered to indicate activity on CPUs
[    4.285974] IPMI message handler: version 39.2
[    4.286604] ipmi device interface
[    4.289487] input: Power Button as /devices/platform/LNXPWRBN:00/input/input0
[    4.290704] ACPI: button: Power Button [PWRF]
[    4.294129] ERST DBG: ERST support is disabled.
[    4.297952] Serial: 8250/16550 driver, 32 ports, IRQ sharing enabled
[    4.300549] 00:04: ttyS0 at I/O 0x3f8 (irq = 4, base_baud = 115200) is a 16550A
[    4.347626] Linux agpgart interface v0.103
[    4.351506] ACPI: bus type drm_connector registered
[    4.384741] brd: module loaded
[    4.406658] loop: module loaded
[    4.425737] scsi host0: ata_piix
[    4.428899] scsi host1: ata_piix
[    4.430050] ata1: PATA max MWDMA2 cmd 0x1f0 ctl 0x3f6 bmdma 0xc040 irq 14 lpm-pol 0
[    4.430957] ata2: PATA max MWDMA2 cmd 0x170 ctl 0x376 bmdma 0xc048 irq 15 lpm-pol 0
[    4.436019] tun: Universal TUN/TAP device driver, 1.6
[    4.437318] e100: Intel(R) PRO/100 Network Driver
[    4.437890] e100: Copyright(c) 1999-2006 Intel Corporation
[    4.438727] e1000: Intel(R) PRO/1000 Network Driver
[    4.439302] e1000: Copyright (c) 1999-2006 Intel Corporation.
[    4.588729] ata1: found unknown device (class 0)
[    4.589864] ata2: found unknown device (class 0)
[    4.591738] ata2.00: ATAPI: QEMU DVD-ROM, 2.5+, max UDMA/100
[    4.593954] ata1.00: ATA-7: QEMU HARDDISK, 2.5+, max UDMA/100
[    4.594721] ata1.00: 17196647 sectors, multi 16: LBA48 
[    4.598555] scsi 0:0:0:0: Direct-Access     ATA      QEMU HARDDISK    2.5+ PQ: 0 ANSI: 5
[    4.603110] sd 0:0:0:0: Attached scsi generic sg0 type 0
[    4.604291] sd 0:0:0:0: [sda] 17196647 512-byte logical blocks: (8.80 GB/8.20 GiB)
[    4.605570] sd 0:0:0:0: [sda] Write Protect is off
[    4.606633] sd 0:0:0:0: [sda] Write cache: enabled, read cache: enabled, doesn't support DPO or FUA
[    4.607888] sd 0:0:0:0: [sda] Preferred minimum I/O size 512 bytes
[    4.608574] scsi 1:0:0:0: CD-ROM            QEMU     QEMU DVD-ROM     2.5+ PQ: 0 ANSI: 5
[    4.630903] scsi 1:0:0:0: Attached scsi generic sg1 type 5
[    4.641164] sd 0:0:0:0: [sda] Attached SCSI disk
[    5.630830] ACPI: \_SB_.LNKC: Enabled at IRQ 11
[    5.962149] e1000 0000:00:03.0 eth0: (PCI:33MHz:32-bit) 52:54:00:12:34:56
[    5.963541] e1000 0000:00:03.0 eth0: Intel(R) PRO/1000 Network Connection
[    5.965237] e1000e: Intel(R) PRO/1000 Network Driver
[    5.966221] e1000e: Copyright(c) 1999 - 2015 Intel Corporation.
[    5.967721] igb: Intel(R) Gigabit Ethernet Network Driver
[    5.968823] igb: Copyright (c) 2007-2014 Intel Corporation.
[    5.970671] PPP generic driver version 2.4.2
[    5.974099] VFIO - User Level meta-driver version: 0.3
[    5.981312] usbcore: registered new interface driver uas
[    5.982648] usbcore: registered new interface driver usb-storage
[    5.984462] i8042: PNP: PS/2 Controller [PNP0303:KBD,PNP0f13:MOU] at 0x60,0x64 irq 1,12
[    5.988063] serio: i8042 KBD port at 0x60,0x64 irq 1
[    5.989193] serio: i8042 AUX port at 0x60,0x64 irq 12
[    5.992323] mousedev: PS/2 mouse device common for all mice
[    5.996014] input: AT Translated Set 2 keyboard as /devices/platform/i8042/serio0/input/input1
[    5.999092] rtc_cmos 00:05: RTC can wake from S4
[    6.002125] input: VirtualPS/2 VMware VMMouse as /devices/platform/i8042/serio1/input/input4
[    6.005758] rtc_cmos 00:05: registered as rtc0
[    6.006218] input: VirtualPS/2 VMware VMMouse as /devices/platform/i8042/serio1/input/input3
[    6.006845] rtc_cmos 00:05: setting system clock to 2026-01-13T09:44:02 UTC (1768297442)
[    6.010608] rtc_cmos 00:05: alarms up to one day, y3k, 242 bytes nvram, hpet irqs
[    6.012264] i2c_dev: i2c /dev entries driver
[    6.013368] device-mapper: core: CONFIG_IMA_DISABLE_HTABLE is disabled. Duplicate IMA measurements will not be recorded in the IMA log.
[    6.015203] device-mapper: uevent: version 1.0.3
[    6.016476] device-mapper: ioctl: 4.50.0-ioctl (2025-04-28) initialised: dm-devel@lists.linux.dev
[    6.017630] intel_pstate: CPU model not supported
[    6.018593] sdhci: Secure Digital Host Controller Interface driver
[    6.019318] sdhci: Copyright(c) Pierre Ossman
[    6.020133] sdhci-pltfm: SDHCI platform and OF driver helper
[    6.021664] drop_monitor: Initializing network drop monitor service
[    6.023005] NET: Registered PF_INET6 protocol family
[    6.027245] Segment Routing with IPv6
[    6.027777] In-situ OAM (IOAM) with IPv6
[    6.028315] NET: Registered PF_PACKET protocol family
[    6.029455] 9pnet: Installing 9P2000 support
[    6.030647] Key type dns_resolver registered
[    6.034693] IPI shorthand broadcast: enabled
[    6.120417] sched_clock: Marking stable (6096008434, 20484392)->(6142480479, -25987653)
[    6.123469] registered taskstats version 1
[    6.126797] Loading compiled-in X.509 certificates
[    6.231776] Demotion targets for Node 0: null
[    6.234873] Key type .fscrypt registered
[    6.235352] Key type fscrypt-provisioning registered
[    6.240649] Key type encrypted registered
[    6.241559] ima: No TPM chip found, activating TPM-bypass!
[    6.242737] ima: Allocated hash algorithm: sha1
[    6.243856] ima: No architecture policies found
[    6.245217] evm: Initialising EVM extended attributes:
[    6.246273] evm: security.selinux
[    6.246900] evm: security.SMACK64
[    6.247312] evm: security.SMACK64EXEC
[    6.247747] evm: security.SMACK64TRANSMUTE
[    6.248229] evm: security.SMACK64MMAP
[    6.248698] evm: security.apparmor
[    6.249105] evm: security.ima
[    6.249459] evm: security.capability
[    6.249900] evm: HMAC attrs: 0x1
[    6.253893] PM:   Magic number: 10:582:727
[    6.254471] block loop7: hash matches
[    6.257991] RAS: Correctable Errors collector initialized.
[    6.260014] clk: Disabling unused clocks
[    6.261108] PM: genpd: Disabling unused power domains
[    6.262658] check access for rdinit=/init failed: -2, ignoring
[    6.263168] md: Waiting for all devices to be available before autodetect
[    6.263718] md: If you don't use raid, use raid=noautodetect
[    6.264186] md: Autodetecting RAID arrays.
[    6.264582] md: autorun ...
[    6.264831] md: ... autorun DONE.
[    6.276993] EXT4-fs (sda): INFO: recovery required on readonly filesystem
[    6.277548] EXT4-fs (sda): write access will be enabled during recovery
[    6.662060] EXT4-fs (sda): recovery complete
[    6.665203] EXT4-fs (sda): mounted filesystem 088740a9-c8b4-422c-999d-a804eb68a4da ro with ordered data mode. Quota mode: none.
[    6.666267] VFS: Mounted root (ext4 filesystem) readonly on device 8:0.
[    6.670289] devtmpfs: mounted
[    6.696223] Freeing unused decrypted memory: 2036K
[    6.709216] Freeing unused kernel image (initmem) memory: 16436K
[    6.709905] Write protecting the kernel read-only data: 102400k
[    6.713076] Freeing unused kernel image (text/rodata gap) memory: 888K
[    6.715577] Freeing unused kernel image (rodata/data gap) memory: 1648K
[    6.813075] x86/mm: Checked W+X mappings: passed, no W+X pages found.
[    6.813610] Run /sbin/init as init process
[    7.066289] systemd[1]: systemd 252-15.el9 running in system mode (+PAM +AUDIT +SELINUX -APPARMOR +IMA +SMACK +SECCOMP +GCRYPT +GNUTLS +OPENSSL +ACL +BLKID +CURL +ELFUTILS -FIDO2 +IDN2 -IDN -IPTC +KMOD +LIBCRYPTSETUP +LIBFDISK +PCRE2 -PWQUALITY +P11KIT -QRENCODE +TPM2 +BZIP2 +LZ4 +XZ +ZLIB +ZSTD -BPF_FRAMEWORK +XKBCOMMON +UTMP +SYSVINIT default-hierarchy=unified)
[    7.068822] systemd[1]: Detected virtualization kvm.
[    7.069203] systemd[1]: Detected architecture x86-64.

Welcome to [0;31mCentOS Stream 9[0m!

[    7.075683] systemd[1]: Hostname set to <test>.
[    7.477589] systemd-rc-local-generator[120]: /etc/rc.d/rc.local is not marked executable, skipping.
[    7.922134] systemd[1]: Queued start job for default target Multi-User System.
[    7.954642] systemd[1]: Created slice Virtual Machine and Container Slice.
[[0;32m  OK  [0m] Created slice [0;1;39mVirtual Machine and Container Slice[0m.
[    7.963211] systemd[1]: Created slice Slice /system/getty.
[[0;32m  OK  [0m] Created slice [0;1;39mSlice /system/getty[0m.
[    7.967806] systemd[1]: Created slice Slice /system/modprobe.
[[0;32m  OK  [0m] Created slice [0;1;39mSlice /system/modprobe[0m.
[    7.971924] systemd[1]: Created slice Slice /system/serial-getty.
[[0;32m  OK  [0m] Created slice [0;1;39mSlice /system/serial-getty[0m.
[    7.976312] systemd[1]: Created slice Slice /system/sshd-keygen.
[[0;32m  OK  [0m] Created slice [0;1;39mSlice /system/sshd-keygen[0m.
[    7.980315] systemd[1]: Created slice User and Session Slice.
[[0;32m  OK  [0m] Created slice [0;1;39mUser and Session Slice[0m.
[    7.982756] systemd[1]: Started Forward Password Requests to Wall Directory Watch.
[[0;32m  OK  [0m] Started [0;1;39mForward Password R…uests to Wall Directory Watch[0m.
[    7.986336] systemd[1]: Set up automount Arbitrary Executable File Formats File System Automount Point.
[[0;32m  OK  [0m] Set up automount [0;1;39mArbitrary…s File System Automount Point[0m.
[    7.988854] systemd[1]: Reached target Local Integrity Protected Volumes.
[[0;32m  OK  [0m] Reached target [0;1;39mLocal Integrity Protected Volumes[0m.
[    7.991113] systemd[1]: Reached target Slice Units.
[[0;32m  OK  [0m] Reached target [0;1;39mSlice Units[0m.
[    7.994111] systemd[1]: Reached target Swaps.
[[0;32m  OK  [0m] Reached target [0;1;39mSwaps[0m.
[    7.996176] systemd[1]: Reached target Local Verity Protected Volumes.
[[0;32m  OK  [0m] Reached target [0;1;39mLocal Verity Protected Volumes[0m.
[    7.999514] systemd[1]: Listening on Device-mapper event daemon FIFOs.
[[0;32m  OK  [0m] Listening on [0;1;39mDevice-mapper event daemon FIFOs[0m.
[    8.003450] systemd[1]: Listening on LVM2 poll daemon socket.
[[0;32m  OK  [0m] Listening on [0;1;39mLVM2 poll daemon socket[0m.
[    8.006026] systemd[1]: multipathd control socket was skipped because of an unmet condition check (ConditionPathExists=/etc/multipath.conf).
[    8.089575] systemd[1]: Listening on RPCbind Server Activation Socket.
[[0;32m  OK  [0m] Listening on [0;1;39mRPCbind Server Activation Socket[0m.
[    8.092680] systemd[1]: Reached target RPC Port Mapper.
[[0;32m  OK  [0m] Reached target [0;1;39mRPC Port Mapper[0m.
[    8.099373] systemd[1]: Listening on Process Core Dump Socket.
[[0;32m  OK  [0m] Listening on [0;1;39mProcess Core Dump Socket[0m.
[    8.102677] systemd[1]: Listening on initctl Compatibility Named Pipe.
[[0;32m  OK  [0m] Listening on [0;1;39minitctl Compatibility Named Pipe[0m.
[    8.107760] systemd[1]: Listening on Journal Socket (/dev/log).
[[0;32m  OK  [0m] Listening on [0;1;39mJournal Socket (/dev/log)[0m.
[    8.113094] systemd[1]: Listening on Journal Socket.
[[0;32m  OK  [0m] Listening on [0;1;39mJournal Socket[0m.
[    8.117884] systemd[1]: Listening on udev Control Socket.
[[0;32m  OK  [0m] Listening on [0;1;39mudev Control Socket[0m.
[    8.121362] systemd[1]: Listening on udev Kernel Socket.
[[0;32m  OK  [0m] Listening on [0;1;39mudev Kernel Socket[0m.
[    8.165391] systemd[1]: Mounting Huge Pages File System...
         Mounting [0;1;39mHuge Pages File System[0m...
[    8.180886] systemd[1]: Mounting POSIX Message Queue File System...
         Mounting [0;1;39mPOSIX Message Queue File System[0m...
[    8.206243] systemd[1]: Mounting Kernel Debug File System...
         Mounting [0;1;39mKernel Debug File System[0m...
[    8.224914] systemd[1]: Mounting Kernel Trace File System...
         Mounting [0;1;39mKernel Trace File System[0m...
[    8.227712] systemd[1]: Kernel Module supporting RPCSEC_GSS was skipped because of an unmet condition check (ConditionPathExists=/etc/krb5.keytab).
[    8.230132] systemd[1]: Create List of Static Device Nodes was skipped because of an unmet condition check (ConditionFileNotEmpty=/lib/modules/6.19.0-rc5-80f60a6b0c1e+/modules.devname).
[    8.257946] systemd[1]: Starting Monitoring of LVM2 mirrors, snapshots etc. using dmeventd or progress polling...
         Starting [0;1;39mMonitoring of LVM…meventd or progress polling[0m...
[    8.276124] systemd[1]: Starting Load Kernel Module configfs...
         Starting [0;1;39mLoad Kernel Module configfs[0m...
[    8.302552] systemd[1]: Starting Load Kernel Module drm...
         Starting [0;1;39mLoad Kernel Module drm[0m...
[    8.321515] systemd[1]: Starting Load Kernel Module fuse...
         Starting [0;1;39mLoad Kernel Module fuse[0m...
[    8.353317] systemd[1]: Starting Read and set NIS domainname from /etc/sysconfig/network...
         Starting [0;1;39mRead and set NIS …from /etc/sysconfig/network[0m...
[    8.417499] systemd[1]: Starting Journal Service...
         Starting [0;1;39mJournal Service[0m...
[    8.441067] systemd[1]: Starting Load Kernel Modules...
         Starting [0;1;39mLoad Kernel Modules[0m...
[    8.452176] systemd[1]: Starting Generate network units from Kernel command line...
         Starting [0;1;39mGenerate network …ts from Kernel command line[0m...
[    8.473735] systemd[1]: Starting Remount Root and Kernel File Systems...
         Starting [0;1;39mRemount Root and Kernel File Systems[0m...
[    8.481019] systemd[1]: Repartition Root Disk was skipped because no trigger condition checks were met.
[    8.513821] systemd[1]: Starting Coldplug All udev Devices...
         Starting [0;1;39mColdplug All udev Devices[0m...
[    8.560847] systemd[1]: Mounted Huge Pages File System.
[[0;32m  OK  [0m] Mounted [0;1;39mHuge Pages File System[0m.
[    8.568950] systemd[1]: Mounted POSIX Message Queue File System.
[[0;32m  OK  [0m] Mounted [0;1;39mPOSIX Message Queue File System[0m.
[    8.573531] systemd[1]: Mounted Kernel Debug File System.
[[0;32m  OK  [0m] Mounted [0;1;39mKernel Debug File System[0m.
[    8.581501] systemd[1]: Mounted Kernel Trace File System.
[[0;32m  OK  [0m] Mounted [0;1;39mKernel Trace File System[0m.
[    8.587995] systemd[1]: Finished Monitoring of LVM2 mirrors, snapshots etc. using dmeventd or progress polling.
[[0;32m  OK  [0m] Finished [0;1;39mMonitoring of LVM… dmeventd or progress polling[0m.
[    8.594843] systemd[1]: modprobe@configfs.service: Deactivated successfully.
[    8.601994] systemd[1]: Finished Load Kernel Module configfs.
[[0;32m  OK  [0m] Finished [0;1;39mLoad Kernel Module configfs[0m.
[    8.606684] systemd[1]: modprobe@drm.service: Deactivated successfully.
[    8.612824] systemd[1]: Finished Load Kernel Module drm.
[[0;32m  OK  [0m] Finished [0;1;39mLoad Kernel Module drm[0m.
[    8.618595] systemd[1]: modprobe@fuse.service: Deactivated successfully.
[    8.626543] systemd[1]: Finished Load Kernel Module fuse.
[[0;32m  OK  [0m] Finished [0;1;39mLoad Kernel Module fuse[0m.
[    8.634652] systemd[1]: Finished Read and set NIS domainname from /etc/sysconfig/network.
[[0;32m  OK  [0m] Finished [0;1;39mRead and set NIS …e from /etc/sysconfig/network[0m.
[    8.637183] systemd[1]: systemd-modules-load.service: Main process exited, code=exited, status=1/FAILURE
[    8.639033] systemd[1]: systemd-modules-load.service: Failed with result 'exit-code'.
[    8.645044] systemd[1]: Failed to start Load Kernel Modules.
[[0;1;31mFAILED[0m] Failed to start [0;1;39mLoad Kernel Modules[0m.
See 'systemctl status systemd-modules-load.service' for details.
[    8.657990] systemd[1]: Finished Generate network units from Kernel command line.
[    8.658792] EXT4-fs (sda): re-mounted 088740a9-c8b4-422c-999d-a804eb68a4da r/w.
[[0;32m  OK  [0m] Finished [0;1;39mGenerate network units from Kernel command line[0m.
[    8.674418] systemd[1]: Reached target Preparation for Network.
[[0;32m  OK  [0m] Reached target [0;1;39mPreparation for Network[0m.
[    8.702023] systemd[1]: Mounting FUSE Control File System...
         Mounting [0;1;39mFUSE Control File System[0m...
[    8.743014] systemd[1]: Mounting Kernel Configuration File System...
         Mounting [0;1;39mKernel Configuration File System[0m...
[    8.781247] systemd[1]: Starting Apply Kernel Variables...
         Starting [0;1;39mApply Kernel Variables[0m...
[    8.795490] systemd[1]: Started Journal Service.
[[0;32m  OK  [0m] Started [0;1;39mJournal Service[0m.
[[0;32m  OK  [0m] Finished [0;1;39mRemount Root and Kernel File Systems[0m.
[[0;32m  OK  [0m] Mounted [0;1;39mFUSE Control File System[0m.
[[0;32m  OK  [0m] Mounted [0;1;39mKernel Configuration File System[0m.
         Starting [0;1;39mFlush Journal to Persistent Storage[0m...
         Starting [0;1;39mLoad/Save Random Seed[0m...
         Starting [0;1;39mCreate Static Device Nodes in /dev[0m...
         Starting [0;1;39mSetup Virtual Console[0m...
[    8.961042] systemd-journald[142]: Received client request to flush runtime journal.
[[0;32m  OK  [0m] Finished [0;1;39mApply Kernel Variables[0m.
[[0;32m  OK  [0m] Finished [0;1;39mFlush Journal to Persistent Storage[0m.
[[0;32m  OK  [0m] Finished [0;1;39mLoad/Save Random Seed[0m.
[[0;32m  OK  [0m] Finished [0;1;39mCreate Static Device Nodes in /dev[0m.
         Starting [0;1;39mRule-based Manage…for Device Events and Files[0m...
[[0;32m  OK  [0m] Started [0;1;39mRule-based Manager for Device Events and Files[0m.
         Starting [0;1;39mAuto-connect to s…E devices found during boot[0m...
[[0;32m  OK  [0m] Finished [0;1;39mAuto-connect to s…VME devices found during boot[0m.
[[0;32m  OK  [0m] Finished [0;1;39mSetup Virtual Console[0m.
[[0;32m  OK  [0m] Finished [0;1;39mColdplug All udev Devices[0m.
[[0;32m  OK  [0m] Started [0;1;39mDispatch Password …ts to Console Directory Watch[0m.
[[0;32m  OK  [0m] Reached target [0;1;39mLocal Encrypted Volumes[0m.
[[0;32m  OK  [0m] Reached target [0;1;39mPath Units[0m.
         Starting [0;1;39mWait for udev To …plete Device Initialization[0m...
[[0;32m  OK  [0m] Found device [0;1;39m/dev/ttyS0[0m.
[[0;32m  OK  [0m] Listening on [0;1;39mLoad/Save RF …itch Status /dev/rfkill Watch[0m.
[[0;32m  OK  [0m] Finished [0;1;39mWait for udev To Complete Device Initialization[0m.
[[0;32m  OK  [0m] Reached target [0;1;39mPreparation for Local File Systems[0m.
[[0;32m  OK  [0m] Reached target [0;1;39mLocal File Systems[0m.
         Starting [0;1;39mTell Plymouth To Write Out Runtime Data[0m...
         Starting [0;1;39mAutomatic Boot Loader Update[0m...
         Starting [0;1;39mCreate Volatile Files and Directories[0m...
[[0;32m  OK  [0m] Finished [0;1;39mTell Plymouth To Write Out Runtime Data[0m.
[[0;32m  OK  [0m] Finished [0;1;39mAutomatic Boot Loader Update[0m.
[[0;32m  OK  [0m] Finished [0;1;39mCreate Volatile Files and Directories[0m.
         Mounting [0;1;39mRPC Pipe File System[0m...
         Starting [0;1;39mSecurity Auditing Service[0m...
         Starting [0;1;39mRPC Bind[0m...
[[0;32m  OK  [0m] Mounted [0;1;39mRPC Pipe File System[0m.
[[0;32m  OK  [0m] Reached target [0;1;39mrpc_pipefs.target[0m.
[[0;32m  OK  [0m] Started [0;1;39mRPC Bind[0m.
[[0;32m  OK  [0m] Started [0;1;39mSecurity Auditing Service[0m.
         Starting [0;1;39mRecord System Boot/Shutdown in UTMP[0m...
[[0;32m  OK  [0m] Finished [0;1;39mRecord System Boot/Shutdown in UTMP[0m.
[[0;32m  OK  [0m] Reached target [0;1;39mSystem Initialization[0m.
[[0;32m  OK  [0m] Started [0;1;39mDaily rotation of log files[0m.
[[0;32m  OK  [0m] Started [0;1;39mUpdates mlocate database every day[0m.
[[0;32m  OK  [0m] Started [0;1;39mDaily Cleanup of Temporary Directories[0m.
[[0;32m  OK  [0m] Started [0;1;39mdaily update of the root trust anchor for DNSSEC[0m.
[[0;32m  OK  [0m] Reached target [0;1;39mTimer Units[0m.
[[0;32m  OK  [0m] Listening on [0;1;39mD-Bus System Message Bus Socket[0m.
[[0;32m  OK  [0m] Listening on [0;1;39mOpen-iSCSI iscsid Socket[0m.
[[0;32m  OK  [0m] Listening on [0;1;39mOpen-iSCSI iscsiuio Socket[0m.
[[0;32m  OK  [0m] Listening on [0;1;39mSSSD Kerberos…ache Manager responder socket[0m.
[[0;32m  OK  [0m] Listening on [0;1;39mLibvirt interface local socket[0m.
[[0;32m  OK  [0m] Listening on [0;1;39mVirtual machine lock manager socket[0m.
[[0;32m  OK  [0m] Listening on [0;1;39mVirtual machine log manager socket[0m.
[[0;32m  OK  [0m] Listening on [0;1;39mLibvirt network local socket[0m.
[[0;32m  OK  [0m] Listening on [0;1;39mLibvirt nodedev local socket[0m.
[[0;32m  OK  [0m] Listening on [0;1;39mLibvirt nwfilter local socket[0m.
[[0;32m  OK  [0m] Listening on [0;1;39mLibvirt proxy local socket[0m.
[[0;32m  OK  [0m] Listening on [0;1;39mLibvirt qemu local socket[0m.
[[0;32m  OK  [0m] Listening on [0;1;39mLibvirt qemu admin socket[0m.
[[0;32m  OK  [0m] Listening on [0;1;39mLibvirt qemu local read-only socket[0m.
[[0;32m  OK  [0m] Listening on [0;1;39mLibvirt secret local socket[0m.
[[0;32m  OK  [0m] Listening on [0;1;39mLibvirt storage local socket[0m.
[[0;32m  OK  [0m] Reached target [0;1;39mSocket Units[0m.
         Starting [0;1;39mD-Bus System Message Bus[0m...
[[0;32m  OK  [0m] Started [0;1;39mD-Bus System Message Bus[0m.
[[0;32m  OK  [0m] Reached target [0;1;39mBasic System[0m.
         Starting [0;1;39mNetwork Manager[0m...
         Starting [0;1;39mNTP client/server[0m...
         Starting [0;1;39mRestore /run/initramfs on shutdown[0m...
[[0;32m  OK  [0m] Started [0;1;39mirqbalance daemon[0m.
[[0;32m  OK  [0m] Started [0;1;39mlibstoragemgmt plug-in server daemon[0m.
[[0;32m  OK  [0m] Started [0;1;39mMachine Check Exception Logging Daemon[0m.
[[0;32m  OK  [0m] Reached target [0;1;39msshd-keygen.target[0m.
[[0;32m  OK  [0m] Reached target [0;1;39mUser and Group Name Lookups[0m.
         Starting [0;1;39mUser Login Management[0m...
         Starting [0;1;39mVirtual Machine a…tainer Registration Service[0m...
[[0;32m  OK  [0m] Finished [0;1;39mRestore /run/initramfs on shutdown[0m.
         Starting [0;1;39mHostname Service[0m...
[[0;32m  OK  [0m] Started [0;1;39mVirtual Machine an…ontainer Registration Service[0m.
[[0;32m  OK  [0m] Started [0;1;39mNTP client/server[0m.
[[0;32m  OK  [0m] Started [0;1;39mUser Login Management[0m.
[[0;32m  OK  [0m] Started [0;1;39mHostname Service[0m.
         Starting [0;1;39mNetwork Manager Script Dispatcher Service[0m...
[[0;32m  OK  [0m] Started [0;1;39mNetwork Manager Script Dispatcher Service[0m.
[   13.924958] e1000: eth0 NIC Link is Up 1000 Mbps Full Duplex, Flow Control: RX
[[0;32m  OK  [0m] Started [0;1;39mNetwork Manager[0m.
[[0;32m  OK  [0m] Reached target [0;1;39mNetwork[0m.
[[0;32m  OK  [0m] Reached target [0;1;39mNetwork is Online[0m.
         Starting [0;1;39mGSSAPI Proxy Daemon[0m...
         Starting [0;1;39mNotify NFS peers of a restart[0m...
         Starting [0;1;39mSystem Logging Service[0m...
         Starting [0;1;39mOpenSSH server daemon[0m...
         Starting [0;1;39mDynamic System Tuning Daemon[0m...
[[0;32m  OK  [0m] Started [0;1;39mNotify NFS peers of a restart[0m.
[[0;32m  OK  [0m] Started [0;1;39mGSSAPI Proxy Daemon[0m.
[[0;32m  OK  [0m] Reached target [0;1;39mNFS client services[0m.
[[0;32m  OK  [0m] Reached target [0;1;39mPreparation for Remote File Systems[0m.
[[0;32m  OK  [0m] Reached target [0;1;39mRemote File Systems[0m.
         Starting [0;1;39mPermit User Sessions[0m...
         Starting [0;1;39mVirtualization qemu daemon[0m...
[[0;32m  OK  [0m] Started [0;1;39mOpenSSH server daemon[0m.
[[0;32m  OK  [0m] Finished [0;1;39mPermit User Sessions[0m.
[[0;32m  OK  [0m] Started [0;1;39mDeferred execution scheduler[0m.
[[0;32m  OK  [0m] Started [0;1;39mCommand Scheduler[0m.
         Starting [0;1;39mHold until boot process finishes up[0m...
         Starting [0;1;39mTerminate Plymouth Boot Screen[0m...
[[0;32m  OK  [0m] Started [0;1;39mSystem Logging Service[0m.
[[0;32m  OK  [0m] Started [0;1;39mVirtualization qemu daemon[0m.
[[0;32m  OK  [0m] Finished [0;1;39mTerminate Plymouth Boot Screen[0m.
[[0;32m  OK  [0m] Finished [0;1;39mHold until boot process finishes up[0m.
[[0;32m  OK  [0m] Started [0;1;39mGetty on tty1[0m.
[[0;32m  OK  [0m] Started [0;1;39mSerial Getty on ttyS0[0m.
[[0;32m  OK  [0m] Reached target [0;1;39mLogin Prompts[0m.
         Starting [0;1;39mAuthorization Manager[0m...
[[0;32m  OK  [0m] Started [0;1;39mAuthorization Manager[0m.
[[0;32m  OK  [0m] Started [0;1;39mDynamic System Tuning Daemon[0m.
[[0;32m  OK  [0m] Reached target [0;1;39mMulti-User System[0m.
         Starting [0;1;39mRecord Runlevel Change in UTMP[0m...
[[0;32m  OK  [0m] Finished [0;1;39mRecord Runlevel Change in UTMP[0m.

CentOS Stream 9
Kernel 6.19.0-rc5-80f60a6b0c1e+ on an x86_64

Activate the web console with: systemctl enable --now cockpit.socket

test login: [   25.888845] 
[   25.889044] =====================================
[   25.889408] WARNING: bad unlock balance detected!
[   25.889785] 6.19.0-rc5-80f60a6b0c1e+ #1 Not tainted
[   25.890173] -------------------------------------
[   25.890541] repro/1020 is trying to release lock (rcu_read_lock) at:
[   25.891029] [<ffffffff8213422a>] __wait_on_freeing_inode+0x13a/0x3b0
[   25.891556] but there are no more locks to release!
[   25.891933] 
[   25.891933] other info that might help us debug this:
[   25.892440] 4 locks held by repro/1020:
[   25.892751]  #0: ffff888013014408 (sb_writers#3){.+.+}-{0:0}, at: filename_create+0x122/0x460
[   25.893461]  #1: ffff888029c059f0 (&type->i_mutex_dir_key#3/1){+.+.}-{4:4}, at: filename_create+0x1e6/0x460
[   25.894229]  #2: ffff8880131a0950 (jbd2_handle){++++}-{0:0}, at: start_this_handle+0x1042/0x1550
[   25.894944]  #3: ffffffff87416918 (inode_hash_lock){+.+.}-{3:3}, at: insert_inode_locked+0xf4/0x860
[   25.895665] 
[   25.895665] stack backtrace:
[   25.896028] CPU: 0 UID: 0 PID: 1020 Comm: repro Not tainted 6.19.0-rc5-80f60a6b0c1e+ #1 PREEMPT(voluntary) 
[   25.896042] Hardware name: QEMU Standard PC (i440FX + PIIX, 1996), BIOS rel-1.16.0-0-gd239552ce722-prebuilt.qemu.org 04/01/2014
[   25.896052] Call Trace:
[   25.896060]  <TASK>
[   25.896066]  dump_stack_lvl+0xea/0x150
[   25.896095]  ? __wait_on_freeing_inode+0x13a/0x3b0
[   25.896108]  dump_stack+0x19/0x20
[   25.896117]  print_unlock_imbalance_bug+0x121/0x140
[   25.896141]  ? __wait_on_freeing_inode+0x13a/0x3b0
[   25.896151]  lock_release+0x211/0x2a0
[   25.896169]  __wait_on_freeing_inode+0x13f/0x3b0
[   25.896180]  ? __pfx___wait_on_freeing_inode+0x10/0x10
[   25.896190]  ? do_raw_spin_lock+0x140/0x280
[   25.896201]  ? __pfx_var_wake_function+0x10/0x10
[   25.896223]  ? __this_cpu_preempt_check+0x21/0x30
[   25.896244]  ? lock_is_held_type+0xef/0x150
[   25.896257]  insert_inode_locked+0x26c/0x860
[   25.896272]  __ext4_new_inode+0x1c4a/0x5230
[   25.896302]  ? __pfx___ext4_new_inode+0x10/0x10
[   25.896316]  ? __pfx___dquot_initialize+0x10/0x10
[   25.896340]  ? ext4_get_dummy_policy+0x16/0x80
[   25.896354]  ? __pfx_ext4_get_dummy_policy+0x10/0x10
[   25.896371]  ext4_symlink+0x6c9/0xc70
[   25.896397]  ? __pfx_ext4_symlink+0x10/0x10
[   25.896412]  ? generic_permission+0xbf/0x800
[   25.896422]  ? __sanitizer_cov_trace_const_cmp4+0x1a/0x20
[   25.896441]  ? security_inode_permission+0xb8/0x220
[   25.896458]  ? inode_permission+0x39d/0x690
[   25.896468]  ? __sanitizer_cov_trace_const_cmp4+0x1a/0x20
[   25.896483]  vfs_symlink+0x459/0x850
[   25.896496]  do_symlinkat+0x3ae/0x510
[   25.896517]  ? __pfx_do_symlinkat+0x10/0x10
[   25.896533]  ? strncpy_from_user+0x198/0x290
[   25.896560]  ? __sanitizer_cov_trace_const_cmp4+0x1a/0x20
[   25.896573]  ? do_getname+0x19e/0x3e0
[   25.896593]  __x64_sys_symlink+0x83/0xa0
[   25.896611]  x64_sys_call+0x2d5/0x21b0
[   25.896630]  do_syscall_64+0x6d/0x1180
[   25.896645]  entry_SYSCALL_64_after_hwframe+0x76/0x7e
[   25.896655] RIP: 0033:0x7f139e63eabb
[   25.896668] Code: f0 ff ff 73 01 c3 48 8b 0d 62 b3 1b 00 f7 d8 64 89 01 48 83 c8 ff c3 0f 1f 84 00 00 00 00 00 f3 0f 1e fa b8 58 00 00 00 0f 05 <48> 3d 01 f0 ff ff 73 01 c3 48 8b 0d 35 b3 1b 00 f7 d8 64 89 01 48
[   25.896678] RSP: 002b:00007ffdae773338 EFLAGS: 00000202 ORIG_RAX: 0000000000000058
[   25.896691] RAX: ffffffffffffffda RBX: 0000000000000000 RCX: 00007f139e63eabb
[   25.896698] RDX: 0000000000000004 RSI: 0000000000402078 RDI: 0000000000402083
[   25.896704] RBP: 00007ffdae773340 R08: 0000000000000000 R09: 00007ffdae772db0
[   25.896710] R10: 00007f139e614730 R11: 0000000000000202 R12: 00007ffdae7734b8
[   25.896717] R13: 0000000000401bdd R14: 0000000000403e08 R15: 00007f139e9f2000
[   25.896733]  </TASK>
[   25.916239] ------------[ cut here ]------------
[   25.916654] WARNING: kernel/rcu/tree_plugin.h:443 at __rcu_read_unlock+0x283/0x570, CPU#0: repro/1020
[   25.917431] Modules linked in:
[   25.917710] CPU: 0 UID: 0 PID: 1020 Comm: repro Not tainted 6.19.0-rc5-80f60a6b0c1e+ #1 PREEMPT(voluntary) 
[   25.918458] Hardware name: QEMU Standard PC (i440FX + PIIX, 1996), BIOS rel-1.16.0-0-gd239552ce722-prebuilt.qemu.org 04/01/2014
[   25.919350] RIP: 0010:__rcu_read_unlock+0x283/0x570
[   25.919792] Code: e4 0f 84 d5 00 00 00 bf 09 00 00 00 e8 a6 c2 d9 ff 4d 85 f6 0f 84 6a fe ff ff e8 b8 36 29 00 fb 0f 1f 44 00 00 e9 5a fe ff ff <0f> 0b 5b 41 5c 41 5d 41 5e 41 5f 5d c3 cc cc cc cc e8 57 85 8c 00
[   25.921273] RSP: 0018:ffff888012c7f918 EFLAGS: 00010286
[   25.921694] RAX: 00000000ffffffff RBX: ffff88801a58cb00 RCX: ffffffff8167ae93
[   25.922248] RDX: 0000000000000000 RSI: 0000000000000001 RDI: ffff88801a58d33c
[   25.922808] RBP: ffff888012c7f940 R08: 0000000000000000 R09: fffffbfff0eae540
[   25.923377] R10: 0000000080000001 R11: 6162206b63617473 R12: ffff88801a58cb00
[   25.923949] R13: ffff88801a58cb00 R14: 0000000000000001 R15: 0000000000000001
[   25.924548] FS:  00007f139e9a5740(0000) GS:ffff8880e308b000(0000) knlGS:0000000000000000
[   25.925191] CS:  0010 DS: 0000 ES: 0000 CR0: 0000000080050033
[   25.925647] CR2: 00007f139e73e7f0 CR3: 000000002922b004 CR4: 0000000000770ef0
[   25.926204] PKRU: 55555554
[   25.926429] Call Trace:
[   25.926641]  <TASK>
[   25.927229]  __wait_on_freeing_inode+0x144/0x3b0
[   25.927855]  ? __pfx___wait_on_freeing_inode+0x10/0x10
[   25.928306]  ? do_raw_spin_lock+0x140/0x280
[   25.929050]  ? __pfx_var_wake_function+0x10/0x10
[   25.929727]  ? __this_cpu_preempt_check+0x21/0x30
[   25.930272]  ? lock_is_held_type+0xef/0x150
[   25.931173]  insert_inode_locked+0x26c/0x860
[   25.932355]  __ext4_new_inode+0x1c4a/0x5230
[   25.934338]  ? __pfx___ext4_new_inode+0x10/0x10
[   25.935073]  ? __pfx___dquot_initialize+0x10/0x10
[   25.936227]  ? ext4_get_dummy_policy+0x16/0x80
[   25.936667]  ? __pfx_ext4_get_dummy_policy+0x10/0x10
[   25.937656]  ext4_symlink+0x6c9/0xc70
[   25.939385]  ? __pfx_ext4_symlink+0x10/0x10
[   25.939831]  ? generic_permission+0xbf/0x800
[   25.940479]  ? __sanitizer_cov_trace_const_cmp4+0x1a/0x20
[   25.941097]  ? security_inode_permission+0xb8/0x220
[   25.941800]  ? inode_permission+0x39d/0x690
[   25.942240]  ? __sanitizer_cov_trace_const_cmp4+0x1a/0x20
[   25.943178]  vfs_symlink+0x459/0x850
[   25.944181]  do_symlinkat+0x3ae/0x510
[   25.945089]  ? __pfx_do_symlinkat+0x10/0x10
[   25.945478]  ? strncpy_from_user+0x198/0x290
[   25.946327]  ? __sanitizer_cov_trace_const_cmp4+0x1a/0x20
[   25.946867]  ? do_getname+0x19e/0x3e0
[   25.947737]  __x64_sys_symlink+0x83/0xa0
[   25.948367]  x64_sys_call+0x2d5/0x21b0
[   25.948819]  do_syscall_64+0x6d/0x1180
[   25.949453]  entry_SYSCALL_64_after_hwframe+0x76/0x7e
[   25.949899] RIP: 0033:0x7f139e63eabb
[   25.950235] Code: f0 ff ff 73 01 c3 48 8b 0d 62 b3 1b 00 f7 d8 64 89 01 48 83 c8 ff c3 0f 1f 84 00 00 00 00 00 f3 0f 1e fa b8 58 00 00 00 0f 05 <48> 3d 01 f0 ff ff 73 01 c3 48 8b 0d 35 b3 1b 00 f7 d8 64 89 01 48
[   25.951678] RSP: 002b:00007ffdae773338 EFLAGS: 00000202 ORIG_RAX: 0000000000000058
[   25.952290] RAX: ffffffffffffffda RBX: 0000000000000000 RCX: 00007f139e63eabb
[   25.952915] RDX: 0000000000000004 RSI: 0000000000402078 RDI: 0000000000402083
[   25.953490] RBP: 00007ffdae773340 R08: 0000000000000000 R09: 00007ffdae772db0
[   25.954056] R10: 00007f139e614730 R11: 0000000000000202 R12: 00007ffdae7734b8
[   25.954627] R13: 0000000000401bdd R14: 0000000000403e08 R15: 00007f139e9f2000
[   25.956680]  </TASK>
[   25.956877] irq event stamp: 225
[   25.957140] hardirqs last  enabled at (225): [<ffffffff85f138a5>] _raw_spin_unlock_irqrestore+0x35/0x70
[   25.957896] hardirqs last disabled at (224): [<ffffffff85f13550>] _raw_spin_lock_irqsave+0x70/0x80
[   25.958605] softirqs last  enabled at (220): [<ffffffff8131b4d1>] kernel_fpu_end+0x71/0x90
[   25.959279] softirqs last disabled at (218): [<ffffffff8131cd7f>] kernel_fpu_begin_mask+0x1df/0x320
[   25.960006] ---[ end trace 0000000000000000 ]---
