c[?7l[2J[0mSeaBIOS (version rel-1.16.0-0-gd239552ce722-prebuilt.qemu.org)


iPXE (http://ipxe.org) 00:03.0 CA00 PCI2.10 PnP PMM+7FF91000+7FEF1000 CA00
Press Ctrl-B to configure iPXE (PCI 00:03.0)...                                                                               


Booting from ROM...
c[?7l[2J[    0.000000] Linux version 6.19.0-rc5-98429de9c029+ (root@p-mtlp04) (gcc (GCC) 11.5.0 20240719 (Red Hat 11.5.0-14), GNU ld version 2.35.2-69.el9) #1 SMP PREEMPT_DYNAMIC Tue Jan 13 22:50:35 CST 2026
[    0.000000] Command line: console=ttyS0 root=/dev/sda earlyprintk=serial net.ifnames=0 plymouth.enable=0
[    0.000000] KERNEL supported cpus:
[    0.000000]   Intel GenuineIntel
[    0.000000]   AMD AuthenticAMD
[    0.000000]   Hygon HygonGenuine
[    0.000000]   Centaur CentaurHauls
[    0.000000]   zhaoxin   Shanghai  
[    0.000000] x86/split lock detection: #DB: warning on user-space bus_locks
[    0.000000] BIOS-provided physical RAM map:
[    0.000000] BIOS-e820: [mem 0x0000000000000000-0x000000000009fbff] usable
[    0.000000] BIOS-e820: [mem 0x000000000009fc00-0x000000000009ffff] reserved
[    0.000000] BIOS-e820: [mem 0x00000000000f0000-0x00000000000fffff] reserved
[    0.000000] BIOS-e820: [mem 0x0000000000100000-0x000000007ffdffff] usable
[    0.000000] BIOS-e820: [mem 0x000000007ffe0000-0x000000007fffffff] reserved
[    0.000000] BIOS-e820: [mem 0x00000000feffc000-0x00000000feffffff] reserved
[    0.000000] BIOS-e820: [mem 0x00000000fffc0000-0x00000000ffffffff] reserved
[    0.000000] printk: legacy bootconsole [earlyser0] enabled
[    0.000000] NX (Execute Disable) protection: active
[    0.000000] APIC: Static calls initialized
[    0.000000] SMBIOS 2.8 present.
[    0.000000] DMI: QEMU Standard PC (i440FX + PIIX, 1996), BIOS rel-1.16.0-0-gd239552ce722-prebuilt.qemu.org 04/01/2014
[    0.000000] DMI: Memory slots populated: 1/1
[    0.000000] Hypervisor detected: KVM
[    0.000000] last_pfn = 0x7ffe0 max_arch_pfn = 0x400000000
[    0.000000] kvm-clock: Using msrs 4b564d01 and 4b564d00
[    0.000004] kvm-clock: using sched offset of 1355582069 cycles
[    0.000611] clocksource: kvm-clock: mask: 0xffffffffffffffff max_cycles: 0x1cd42e4dffb, max_idle_ns: 881590591483 ns
[    0.002512] tsc: Detected 2995.200 MHz processor
[    0.013237] last_pfn = 0x7ffe0 max_arch_pfn = 0x400000000
[    0.013917] MTRR map: 4 entries (3 fixed + 1 variable; max 19), built from 8 variable MTRRs
[    0.014897] x86/PAT: Configuration [0-7]: WB  WC  UC- UC  WB  WP  UC- WT  
[    0.029492] found SMP MP-table at [mem 0x000f5ba0-0x000f5baf]
[    0.030208] Using GB pages for direct mapping
[    0.033424] ACPI: Early table checksum verification disabled
[    0.034093] ACPI: RSDP 0x00000000000F59C0 000014 (v00 BOCHS )
[    0.034782] ACPI: RSDT 0x000000007FFE1951 000034 (v01 BOCHS  BXPC     00000001 BXPC 00000001)
[    0.035795] ACPI: FACP 0x000000007FFE17FD 000074 (v01 BOCHS  BXPC     00000001 BXPC 00000001)
[    0.036816] ACPI: DSDT 0x000000007FFE0040 0017BD (v01 BOCHS  BXPC     00000001 BXPC 00000001)
[    0.037825] ACPI: FACS 0x000000007FFE0000 000040
[    0.038381] ACPI: APIC 0x000000007FFE1871 000080 (v01 BOCHS  BXPC     00000001 BXPC 00000001)
[    0.039387] ACPI: HPET 0x000000007FFE18F1 000038 (v01 BOCHS  BXPC     00000001 BXPC 00000001)
[    0.040390] ACPI: WAET 0x000000007FFE1929 000028 (v01 BOCHS  BXPC     00000001 BXPC 00000001)
[    0.041388] ACPI: Reserving FACP table memory at [mem 0x7ffe17fd-0x7ffe1870]
[    0.042210] ACPI: Reserving DSDT table memory at [mem 0x7ffe0040-0x7ffe17fc]
[    0.043022] ACPI: Reserving FACS table memory at [mem 0x7ffe0000-0x7ffe003f]
[    0.043835] ACPI: Reserving APIC table memory at [mem 0x7ffe1871-0x7ffe18f0]
[    0.044684] ACPI: Reserving HPET table memory at [mem 0x7ffe18f1-0x7ffe1928]
[    0.045548] ACPI: Reserving WAET table memory at [mem 0x7ffe1929-0x7ffe1950]
[    0.047156] No NUMA configuration found
[    0.047639] Faking a node at [mem 0x0000000000000000-0x000000007ffdffff]
[    0.048504] NODE_DATA(0) allocated [mem 0x7ffb4ec0-0x7ffdfcbf]
[    0.050145] Zone ranges:
[    0.050465]   DMA      [mem 0x0000000000001000-0x0000000000ffffff]
[    0.051216]   DMA32    [mem 0x0000000001000000-0x000000007ffdffff]
[    0.051958]   Normal   empty
[    0.052316]   Device   empty
[    0.052677] Movable zone start for each node
[    0.053218] Early memory node ranges
[    0.053679]   node   0: [mem 0x0000000000001000-0x000000000009efff]
[    0.054450]   node   0: [mem 0x0000000000100000-0x000000007ffdffff]
[    0.055245] Initmem setup node 0 [mem 0x0000000000001000-0x000000007ffdffff]
[    0.056999] On node 0, zone DMA: 1 pages in unavailable ranges
[    0.058200] On node 0, zone DMA: 97 pages in unavailable ranges
[    0.131824] On node 0, zone DMA32: 32 pages in unavailable ranges
[    0.506074] KernelAddressSanitizer initialized (generic)
[    0.507076] ACPI: PM-Timer IO Port: 0x608
[    0.507580] ACPI: LAPIC_NMI (acpi_id[0xff] dfl dfl lint[0x1])
[    0.508325] IOAPIC[0]: apic_id 0, version 17, address 0xfec00000, GSI 0-23
[    0.509148] ACPI: INT_SRC_OVR (bus 0 bus_irq 0 global_irq 2 dfl dfl)
[    0.509891] ACPI: INT_SRC_OVR (bus 0 bus_irq 5 global_irq 5 high level)
[    0.510648] ACPI: INT_SRC_OVR (bus 0 bus_irq 9 global_irq 9 high level)
[    0.511403] ACPI: INT_SRC_OVR (bus 0 bus_irq 10 global_irq 10 high level)
[    0.512179] ACPI: INT_SRC_OVR (bus 0 bus_irq 11 global_irq 11 high level)
[    0.512971] ACPI: Using ACPI (MADT) for SMP configuration information
[    0.513712] ACPI: HPET id: 0x8086a201 base: 0xfed00000
[    0.514317] TSC deadline timer available
[    0.514774] CPU topo: Max. logical packages:   1
[    0.515303] CPU topo: Max. logical dies:       1
[    0.515831] CPU topo: Max. dies per package:   1
[    0.516367] CPU topo: Max. threads per core:   1
[    0.516895] CPU topo: Num. cores per package:     2
[    0.517453] CPU topo: Num. threads per package:   2
[    0.518037] CPU topo: Allowing 2 present CPUs plus 0 hotplug CPUs
[    0.518823] kvm-guest: APIC: eoi() replaced with kvm_guest_apic_eoi_write()
[    0.519702] kvm-guest: KVM setup pv remote TLB flush
[    0.520282] kvm-guest: setup PV sched yield
[    0.520848] PM: hibernation: Registered nosave memory: [mem 0x00000000-0x00000fff]
[    0.521738] PM: hibernation: Registered nosave memory: [mem 0x0009f000-0x000fffff]
[    0.522626] [mem 0x80000000-0xfeffbfff] available for PCI devices
[    0.523333] Booting paravirtualized kernel on KVM
[    0.523889] clocksource: refined-jiffies: mask: 0xffffffff max_cycles: 0xffffffff, max_idle_ns: 7645519600211568 ns
[    0.525112] setup_percpu: NR_CPUS:8192 nr_cpumask_bits:2 nr_cpu_ids:2 nr_node_ids:1
[    0.528172] percpu: Embedded 81 pages/cpu s294912 r8192 d28672 u1048576
[    0.529183] kvm-guest: PV spinlocks enabled
[    0.529697] PV qspinlock hash table entries: 256 (order: 0, 4096 bytes, linear)
[    0.530560] Kernel command line: net.ifnames=0 console=ttyS0 root=/dev/sda earlyprintk=serial net.ifnames=0 plymouth.enable=0
[    0.532246] random: crng init done
[    0.532649] printk: log buffer data + meta data: 262144 + 917504 = 1179648 bytes
[    0.535531] Dentry cache hash table entries: 262144 (order: 9, 2097152 bytes, linear)
[    0.537664] Inode-cache hash table entries: 131072 (order: 8, 1048576 bytes, linear)
[    0.539041] Fallback order for Node 0: 0 
[    0.539059] Built 1 zonelists, mobility grouping on.  Total pages: 524158
[    0.540265] Policy zone: DMA32
[    0.540612] mem auto-init: stack:off, heap alloc:off, heap free:off
[    0.541309] stackdepot: allocating hash table via alloc_large_system_hash
[    0.542078] stackdepot hash table entries: 1048576 (order: 12, 16777216 bytes, linear)
[    0.572607] stackdepot: allocating space for 8192 stack pools via memblock
[    0.625891] SLUB: HWalign=64, Order=0-3, MinObjects=0, CPUs=2, Nodes=1
[    0.626672] kmemleak: Kernel memory leak detector disabled
[    0.671154] ftrace: allocating 75275 entries in 296 pages
[    0.671803] ftrace: allocated 296 pages with 3 groups
[    0.678141] Dynamic Preempt: voluntary
[    0.679321] Running RCU self tests
[    0.679708] Running RCU synchronous self tests
[    0.680204] rcu: Preemptible hierarchical RCU implementation.
[    0.680844] rcu: 	RCU lockdep checking is enabled.
[    0.681376] rcu: 	RCU restricting CPUs from NR_CPUS=8192 to nr_cpu_ids=2.
[    0.682134] 	Trampoline variant of Tasks RCU enabled.
[    0.682696] 	Rude variant of Tasks RCU enabled.
[    0.683199] 	Tracing variant of Tasks RCU enabled.
[    0.683732] rcu: RCU calculated value of scheduler-enlistment delay is 25 jiffies.
[    0.684565] rcu: Adjusting geometry for rcu_fanout_leaf=16, nr_cpu_ids=2
[    0.685423] Running RCU synchronous self tests
[    0.685931] RCU Tasks: Setting shift to 1 and lim to 1 rcu_task_cb_adjust=1 rcu_task_cpu_ids=2.
[    0.686960] RCU Tasks Rude: Setting shift to 1 and lim to 1 rcu_task_cb_adjust=1 rcu_task_cpu_ids=2.
[    0.688149] RCU Tasks Trace: Setting shift to 1 and lim to 1 rcu_task_cb_adjust=1 rcu_task_cpu_ids=2.
[    0.781562] NR_IRQS: 524544, nr_irqs: 440, preallocated irqs: 16
[    0.782954] rcu: srcu_init: Setting srcu_struct sizes based on contention.
[    0.793696] Console: colour VGA+ 80x25
[    0.794240] printk: legacy console [ttyS0] enabled
[    0.794240] printk: legacy console [ttyS0] enabled
[    0.795335] printk: legacy bootconsole [earlyser0] disabled
[    0.795335] printk: legacy bootconsole [earlyser0] disabled
[    0.796608] Lock dependency validator: Copyright (c) 2006 Red Hat, Inc., Ingo Molnar
[    0.797492] ... MAX_LOCKDEP_SUBCLASSES:  8
[    0.797964] ... MAX_LOCK_DEPTH:          48
[    0.798434] ... MAX_LOCKDEP_KEYS:        8192
[    0.798925] ... CLASSHASH_SIZE:          4096
[    0.799425] ... MAX_LOCKDEP_ENTRIES:     524288
[    0.799952] ... MAX_LOCKDEP_CHAINS:      524288
[    0.800474] ... CHAINHASH_SIZE:          262144
[    0.800994]  memory used by lock dependency info: 54145 kB
[    0.801629]  memory used for stack traces: 4224 kB
[    0.802180]  per task-struct memory footprint: 1920 bytes
[    0.802911] ACPI: Core revision 20250807
[    0.803952] clocksource: hpet: mask: 0xffffffff max_cycles: 0xffffffff, max_idle_ns: 19112604467 ns
[    0.805258] APIC: Switch to symmetric I/O mode setup
[    0.806076] x2apic enabled
[    0.806876] APIC: Switched APIC routing to: physical x2apic
[    0.807527] kvm-guest: APIC: send_IPI_mask() replaced with kvm_send_ipi_mask()
[    0.808365] kvm-guest: APIC: send_IPI_mask_allbutself() replaced with kvm_send_ipi_mask_allbutself()
[    0.809492] kvm-guest: setup PV IPIs
[    0.811299] ..TIMER: vector=0x30 apic1=0 pin1=2 apic2=-1 pin2=-1
[    0.812027] clocksource: tsc-early: mask: 0xffffffffffffffff max_cycles: 0x2b2c8ec87c7, max_idle_ns: 440795278598 ns
[    0.813282] Calibrating delay loop (skipped) preset value.. 5990.40 BogoMIPS (lpj=11980800)
[    0.814423] x86/cpu: User Mode Instruction Prevention (UMIP) activated
[    0.815301] Last level iTLB entries: 4KB 0, 2MB 0, 4MB 0
[    0.815922] Last level dTLB entries: 4KB 0, 2MB 0, 4MB 0, 1GB 0
[    0.816659] mitigations: Enabled attack vectors: user_kernel, user_user, guest_host, guest_guest, SMT mitigations: auto
[    0.817271] Speculative Store Bypass: Mitigation: Speculative Store Bypass disabled via prctl
[    0.818244] Spectre V2 : Mitigation: Enhanced / Automatic IBRS
[    0.818915] ITS: Mitigation: Aligned branch/return thunks
[    0.819537] Spectre V1 : Mitigation: usercopy/swapgs barriers and __user pointer sanitization
[    0.821267] Spectre V2 : WARNING: Unprivileged eBPF is enabled with eIBRS on, data leaks possible via Spectre v2 BHB attacks!
[    0.822625] Spectre V2 : Spectre v2 / PBRSB-eIBRS: Retire a single CALL on VMEXIT
[    0.823511] Spectre V2 : mitigation: Enabling conditional Indirect Branch Prediction Barrier
[    0.824497] active return thunk: its_return_thunk
[    0.825053] Spectre V2 : Spectre BHI mitigation: SW BHB clearing on syscall and VM exit
[    0.825305] x86/fpu: Supporting XSAVE feature 0x001: 'x87 floating point registers'
[    0.826231] x86/fpu: Supporting XSAVE feature 0x002: 'SSE registers'
[    0.826989] x86/fpu: Supporting XSAVE feature 0x004: 'AVX registers'
[    0.827752] x86/fpu: Supporting XSAVE feature 0x200: 'Protection Keys User registers'
[    0.829267] x86/fpu: xstate_offset[2]:  576, xstate_sizes[2]:  256
[    0.830034] x86/fpu: xstate_offset[9]:  832, xstate_sizes[9]:    8
[    0.830781] x86/fpu: Enabled xstate features 0x207, context size is 840 bytes, using 'compacted' format.
[    1.039366] Freeing SMP alternatives memory: 64K
[    1.040070] pid_max: default: 32768 minimum: 301
[    1.041473] Yama: becoming mindful.
[    1.042936] Mount-cache hash table entries: 4096 (order: 3, 32768 bytes, linear)
[    1.044049] Mountpoint-cache hash table entries: 4096 (order: 3, 32768 bytes, linear)
[    1.048463] Running RCU synchronous self tests
[    1.049087] Running RCU synchronous self tests
[    1.049964] smpboot: CPU0: Intel(R) Core(TM) Ultra 7 155H (family: 0x6, model: 0xaa, stepping: 0x4)
[    1.053261] Performance Events: unsupported CPU family 6 model 170 no PMU driver, software events only.
[    1.053415] signal: max sigframe size: 3632
[    1.054580] rcu: Hierarchical SRCU implementation.
[    1.055310] rcu: 	Max phase no-delay instances is 1000.
[    1.056531] Timer migration: 1 hierarchy levels; 8 children per group; 1 crossnode level
[    1.086240] NMI watchdog: Perf NMI watchdog permanently disabled
[    1.087317] smp: Bringing up secondary CPUs ...
[    1.089519] smpboot: x86: Booting SMP configuration:
[    1.090150] .... node  #0, CPUs:      #1
[    1.090554] smp: Brought up 1 node, 2 CPUs
[    1.094918] smpboot: Total of 2 processors activated (11980.80 BogoMIPS)
[    1.098263] Memory: 1538728K/2096632K available (80946K kernel code, 15556K rwdata, 18812K rodata, 16416K init, 70008K bss, 546452K reserved, 0K cma-reserved)
[    1.102576] devtmpfs: initialized
[    1.106420] x86/mm: Memory block size: 128MB
[    1.127511] Running RCU synchronous self tests
[    1.130251] Running RCU synchronous self tests
[    1.131459] Running RCU Tasks wait API self tests
[    1.133307] Running RCU Tasks Rude wait API self tests
[    1.134343] Running RCU Tasks Trace wait API self tests
[    1.153367] clocksource: jiffies: mask: 0xffffffff max_cycles: 0xffffffff, max_idle_ns: 7645041785100000 ns
[    1.157394] posixtimers hash table entries: 1024 (order: 5, 73728 bytes, linear)
[    1.159168] futex hash table entries: 512 (65536 bytes on 1 NUMA nodes, total 64 KiB, linear).
[    1.164936] 
[    1.165280] *************************************************************
[    1.166649] **     NOTICE NOTICE NOTICE NOTICE NOTICE NOTICE NOTICE    **
[    1.168010] **                                                         **
[    1.169276] **  IOMMU DebugFS SUPPORT HAS BEEN ENABLED IN THIS KERNEL  **
[    1.170643] **                                                         **
[    1.172046] ** This means that this kernel is built to expose internal **
[    1.173281] ** IOMMU data structures, which may compromise security on **
[    1.174636] ** your system.                                            **
[    1.175989] **                                                         **
[    1.177276] ** If you see this message and you are not debugging the   **
[    1.178629] ** kernel, report this immediately to your vendor!         **
[    1.179973] **                                                         **
[    1.181274] **     NOTICE NOTICE NOTICE NOTICE NOTICE NOTICE NOTICE    **
[    1.182625] *************************************************************
[    1.184192] PM: RTC time: 14:56:33, date: 2026-01-13
[    1.185338] Callback from call_rcu_tasks_trace() invoked.
[    1.192821] NET: Registered PF_NETLINK/PF_ROUTE protocol family
[    1.196324] DMA: preallocated 256 KiB GFP_KERNEL pool for atomic allocations
[    1.197345] DMA: preallocated 256 KiB GFP_KERNEL|GFP_DMA pool for atomic allocations
[    1.198948] DMA: preallocated 256 KiB GFP_KERNEL|GFP_DMA32 pool for atomic allocations
[    1.200729] audit: initializing netlink subsys (disabled)
[    1.201684] audit: type=2000 audit(1768316193.956:1): state=initialized audit_enabled=0 res=1
[    1.204996] thermal_sys: Registered thermal governor 'fair_share'
[    1.205013] thermal_sys: Registered thermal governor 'bang_bang'
[    1.205261] thermal_sys: Registered thermal governor 'step_wise'
[    1.205261] thermal_sys: Registered thermal governor 'user_space'
[    1.209303] cpuidle: using governor ladder
[    1.211368] cpuidle: using governor menu
[    1.211368] acpiphp: ACPI Hot Plug PCI Controller Driver version: 0.5
[    1.212374] PCI: Using configuration type 1 for base access
[    1.217916] kprobes: kprobe jump-optimization is enabled. All kprobes are optimized if possible.
[    1.499786] HugeTLB: registered 1.00 GiB page size, pre-allocated 0 pages
[    1.500671] HugeTLB: 16380 KiB vmemmap can be freed for a 1.00 GiB page
[    1.501279] HugeTLB: registered 2.00 MiB page size, pre-allocated 0 pages
[    1.502123] HugeTLB: 28 KiB vmemmap can be freed for a 2.00 MiB page
[    1.513759] ACPI: Added _OSI(Module Device)
[    1.514328] ACPI: Added _OSI(Processor Device)
[    1.514883] ACPI: Added _OSI(Processor Aggregator Device)
[    1.539019] ACPI: 1 ACPI AML tables successfully acquired and loaded
[    1.557794] ACPI: Interpreter enabled
[    1.558490] ACPI: PM: (supports S0 S3 S4 S5)
[    1.559010] ACPI: Using IOAPIC for interrupt routing
[    1.559769] PCI: Using host bridge windows from ACPI; if necessary, use "pci=nocrs" and report a bug
[    1.560841] PCI: Using E820 reservations for host bridge windows
[    1.563077] ACPI: Enabled 2 GPEs in block 00 to 0F
[    1.622216] ACPI: PCI Root Bridge [PCI0] (domain 0000 [bus 00-ff])
[    1.623007] acpi PNP0A03:00: _OSC: OS supports [ASPM ClockPM Segments MSI EDR HPX-Type3]
[    1.623962] acpi PNP0A03:00: _OSC: not requesting OS control; OS requires [ExtendedConfig ASPM ClockPM MSI]
[    1.625347] acpi PNP0A03:00: fail to add MMCONFIG information, can't access extended configuration space under this bridge
[    1.633686] acpiphp: Slot [3] registered
[    1.634378] acpiphp: Slot [4] registered
[    1.635055] acpiphp: Slot [5] registered
[    1.635766] acpiphp: Slot [6] registered
[    1.636445] acpiphp: Slot [7] registered
[    1.637115] acpiphp: Slot [8] registered
[    1.637485] acpiphp: Slot [9] registered
[    1.638188] acpiphp: Slot [10] registered
[    1.638880] acpiphp: Slot [11] registered
[    1.639562] acpiphp: Slot [12] registered
[    1.640252] acpiphp: Slot [13] registered
[    1.640959] acpiphp: Slot [14] registered
[    1.641496] acpiphp: Slot [15] registered
[    1.642207] acpiphp: Slot [16] registered
[    1.642901] acpiphp: Slot [17] registered
[    1.643625] acpiphp: Slot [18] registered
[    1.644331] acpiphp: Slot [19] registered
[    1.645022] acpiphp: Slot [20] registered
[    1.645474] acpiphp: Slot [21] registered
[    1.647293] acpiphp: Slot [22] registered
[    1.648064] acpiphp: Slot [23] registered
[    1.648750] acpiphp: Slot [24] registered
[    1.649441] acpiphp: Slot [25] registered
[    1.650148] acpiphp: Slot [26] registered
[    1.650839] acpiphp: Slot [27] registered
[    1.651529] acpiphp: Slot [28] registered
[    1.652217] acpiphp: Slot [29] registered
[    1.652925] acpiphp: Slot [30] registered
[    1.653479] acpiphp: Slot [31] registered
[    1.654077] PCI host bridge to bus 0000:00
[    1.654660] pci_bus 0000:00: root bus resource [io  0x0000-0x0cf7 window]
[    1.655476] pci_bus 0000:00: root bus resource [io  0x0d00-0xffff window]
[    1.656278] pci_bus 0000:00: root bus resource [mem 0x000a0000-0x000bffff window]
[    1.657160] pci_bus 0000:00: root bus resource [mem 0x80000000-0xfebfffff window]
[    1.657276] pci_bus 0000:00: root bus resource [mem 0x100000000-0x17fffffff window]
[    1.658182] pci_bus 0000:00: root bus resource [bus 00-ff]
[    1.659013] pci 0000:00:00.0: [8086:1237] type 00 class 0x060000 conventional PCI endpoint
[    1.674025] pci 0000:00:01.0: [8086:7000] type 00 class 0x060100 conventional PCI endpoint
[    1.677007] pci 0000:00:01.1: [8086:7010] type 00 class 0x010180 conventional PCI endpoint
[    1.677954] pci 0000:00:01.1: BAR 4 [io  0xc040-0xc04f]
[    1.678612] pci 0000:00:01.1: BAR 0 [io  0x01f0-0x01f7]: legacy IDE quirk
[    1.679396] pci 0000:00:01.1: BAR 1 [io  0x03f6]: legacy IDE quirk
[    1.680110] pci 0000:00:01.1: BAR 2 [io  0x0170-0x0177]: legacy IDE quirk
[    1.680896] pci 0000:00:01.1: BAR 3 [io  0x0376]: legacy IDE quirk
[    1.682092] pci 0000:00:01.3: [8086:7113] type 00 class 0x068000 conventional PCI endpoint
[    1.683453] pci 0000:00:01.3: quirk: [io  0x0600-0x063f] claimed by PIIX4 ACPI
[    1.684294] pci 0000:00:01.3: quirk: [io  0x0700-0x070f] claimed by PIIX4 SMB
[    1.686023] pci 0000:00:02.0: [1234:1111] type 00 class 0x030000 conventional PCI endpoint
[    1.710731] pci 0000:00:02.0: BAR 0 [mem 0xfd000000-0xfdffffff pref]
[    1.712310] pci 0000:00:02.0: BAR 2 [mem 0xfebf0000-0xfebf0fff]
[    1.713344] pci 0000:00:02.0: ROM [mem 0xfebe0000-0xfebeffff pref]
[    1.715285] pci 0000:00:02.0: Video device with shadowed ROM at [mem 0x000c0000-0x000dffff]
[    1.739531] pci 0000:00:03.0: [8086:100e] type 00 class 0x020000 conventional PCI endpoint
[    1.742993] pci 0000:00:03.0: BAR 0 [mem 0xfebc0000-0xfebdffff]
[    1.743795] pci 0000:00:03.0: BAR 1 [io  0xc000-0xc03f]
[    1.744516] pci 0000:00:03.0: ROM [mem 0xfeb80000-0xfebbffff pref]
[    1.777063] ACPI: PCI: Interrupt link LNKA configured for IRQ 10
[    1.782954] ACPI: PCI: Interrupt link LNKB configured for IRQ 10
[    1.785160] ACPI: PCI: Interrupt link LNKC configured for IRQ 11
[    1.786667] ACPI: PCI: Interrupt link LNKD configured for IRQ 11
[    1.788138] ACPI: PCI: Interrupt link LNKS configured for IRQ 9
[    1.794794] iommu: Default domain type: Translated
[    1.795528] iommu: DMA domain TLB invalidation policy: lazy mode
[    1.801894] SCSI subsystem initialized
[    1.806190] ACPI: bus type USB registered
[    1.806190] usbcore: registered new interface driver usbfs
[    1.806606] usbcore: registered new interface driver hub
[    1.807393] usbcore: registered new device driver usb
[    1.810037] pps_core: LinuxPPS API ver. 1 registered
[    1.810661] pps_core: Software ver. 5.3.6 - Copyright 2005-2007 Rodolfo Giometti <giometti@linux.it>
[    1.811789] PTP clock support registered
[    1.813261] EDAC MC: Ver: 3.0.0
[    1.821353] NetLabel: Initializing
[    1.821793] NetLabel:  domain hash size = 128
[    1.822300] NetLabel:  protocols = UNLABELED CIPSOv4 CALIPSO
[    1.823285] NetLabel:  unlabeled traffic allowed by default
[    1.825341] PCI: Using ACPI for IRQ routing
[    1.826605] pci 0000:00:02.0: vgaarb: setting as boot VGA device
[    1.827350] pci 0000:00:02.0: vgaarb: bridge control possible
[    1.828016] pci 0000:00:02.0: vgaarb: VGA device added: decodes=io+mem,owns=io+mem,locks=none
[    1.828993] vgaarb: loaded
[    1.830560] hpet0: at MMIO 0xfed00000, IRQs 2, 8, 0
[    1.831156] hpet0: 3 comparators, 64-bit 100.000000 MHz counter
[    1.837261] clocksource: Switched to clocksource kvm-clock
[    5.256051] VFS: Disk quotas dquot_6.6.0
[    5.257011] VFS: Dquot-cache hash table entries: 512 (order 0, 4096 bytes)
[    5.268612] pnp: PnP ACPI init
[    5.275166] pnp: PnP ACPI: found 6 devices
[    5.303981] clocksource: acpi_pm: mask: 0xffffff max_cycles: 0xffffff, max_idle_ns: 2085701024 ns
[    5.305847] NET: Registered PF_INET protocol family
[    5.306890] IP idents hash table entries: 32768 (order: 6, 262144 bytes, linear)
[    5.310391] tcp_listen_portaddr_hash hash table entries: 1024 (order: 5, 73728 bytes, linear)
[    5.311526] Table-perturb hash table entries: 65536 (order: 6, 262144 bytes, linear)
[    5.312521] TCP established hash table entries: 16384 (order: 5, 131072 bytes, linear)
[    5.314147] TCP bind hash table entries: 16384 (order: 10, 2359296 bytes, linear)
[    5.318123] TCP: Hash tables configured (established 16384 bind 16384)
[    5.319193] UDP hash table entries: 1024 (order: 6, 262144 bytes, linear)
[    5.320265] UDP-Lite hash table entries: 1024 (order: 6, 262144 bytes, linear)
[    5.321882] NET: Registered PF_UNIX/PF_LOCAL protocol family
[    5.324446] RPC: Registered named UNIX socket transport module.
[    5.325159] RPC: Registered udp transport module.
[    5.325744] RPC: Registered tcp transport module.
[    5.326293] RPC: Registered tcp-with-tls transport module.
[    5.326932] RPC: Registered tcp NFSv4.1 backchannel transport module.
[    5.327720] pci_bus 0000:00: resource 4 [io  0x0000-0x0cf7 window]
[    5.328428] pci_bus 0000:00: resource 5 [io  0x0d00-0xffff window]
[    5.329122] pci_bus 0000:00: resource 6 [mem 0x000a0000-0x000bffff window]
[    5.329921] pci_bus 0000:00: resource 7 [mem 0x80000000-0xfebfffff window]
[    5.330701] pci_bus 0000:00: resource 8 [mem 0x100000000-0x17fffffff window]
[    5.331991] pci 0000:00:01.0: PIIX3: Enabling Passive Release
[    5.332659] pci 0000:00:00.0: Limiting direct PCI/PCI transfers
[    5.333447] PCI: CLS 0 bytes, default 64
[    5.334123] ACPI: bus type thunderbolt registered
[    5.335368] clocksource: tsc: mask: 0xffffffffffffffff max_cycles: 0x2b2c8ec87c7, max_idle_ns: 440795278598 ns
[    5.350459] Initialise system trusted keyrings
[    5.351805] Key type blacklist registered
[    5.353355] workingset: timestamp_bits=36 max_order=19 bucket_order=0
[    5.357263] squashfs: version 4.0 (2009/01/31) Phillip Lougher
[    5.360700] NFS: Registering the id_resolver key type
[    5.361345] Key type id_resolver registered
[    5.361868] Key type id_legacy registered
[    5.362430] nfs4filelayout_init: NFSv4 File Layout Driver Registering...
[    5.363270] nfs4flexfilelayout_init: NFSv4 Flexfile Layout Driver Registering...
[    5.364760] fuse: init (API version 7.45)
[    5.366294] SGI XFS with ACLs, security attributes, realtime, quota, no debug enabled
[    5.370456] 9p: Installing v9fs 9p2000 file system support
[    5.392831] Key type asymmetric registered
[    5.393394] Asymmetric key parser 'x509' registered
[    5.394322] Block layer SCSI generic (bsg) driver version 0.4 loaded (major 241)
[    5.395865] io scheduler mq-deadline registered
[    5.396627] io scheduler bfq registered
[    5.397935] ledtrig-cpu: registered to indicate activity on CPUs
[    5.401087] IPMI message handler: version 39.2
[    5.401811] ipmi device interface
[    5.405173] input: Power Button as /devices/LNXSYSTM:00/LNXPWRBN:00/input/input0
[    5.406987] ACPI: button: Power Button [PWRF]
[    5.410489] ERST DBG: ERST support is disabled.
[    5.413290] Serial: 8250/16550 driver, 32 ports, IRQ sharing enabled
[    5.416032] 00:04: ttyS0 at I/O 0x3f8 (irq = 4, base_baud = 115200) is a 16550A
[    5.433836] Callback from call_rcu_tasks() invoked.
[    5.479922] Linux agpgart interface v0.103
[    5.484747] ACPI: bus type drm_connector registered
[    5.525278] brd: module loaded
[    5.550376] loop: module loaded
[    5.576409] scsi host0: ata_piix
[    5.582774] scsi host1: ata_piix
[    5.585054] ata1: PATA max MWDMA2 cmd 0x1f0 ctl 0x3f6 bmdma 0xc040 irq 14 lpm-pol 0
[    5.586805] ata2: PATA max MWDMA2 cmd 0x170 ctl 0x376 bmdma 0xc048 irq 15 lpm-pol 0
[    5.594661] tun: Universal TUN/TAP device driver, 1.6
[    5.596630] e100: Intel(R) PRO/100 Network Driver
[    5.597663] e100: Copyright(c) 1999-2006 Intel Corporation
[    5.599058] e1000: Intel(R) PRO/1000 Network Driver
[    5.600048] e1000: Copyright (c) 1999-2006 Intel Corporation.
[    5.741930] ata2: found unknown device (class 0)
[    5.744050] ata2.00: ATAPI: QEMU DVD-ROM, 2.5+, max UDMA/100
[    5.745858] ata1: found unknown device (class 0)
[    5.748483] ata1.00: ATA-7: QEMU HARDDISK, 2.5+, max UDMA/100
[    5.749700] ata1.00: 17196647 sectors, multi 16: LBA48 
[    5.753303] scsi 0:0:0:0: Direct-Access     ATA      QEMU HARDDISK    2.5+ PQ: 0 ANSI: 5
[    5.759000] sd 0:0:0:0: Attached scsi generic sg0 type 0
[    5.761970] sd 0:0:0:0: [sda] 17196647 512-byte logical blocks: (8.80 GB/8.20 GiB)
[    5.762057] scsi 1:0:0:0: CD-ROM            QEMU     QEMU DVD-ROM     2.5+ PQ: 0 ANSI: 5
[    5.763040] sd 0:0:0:0: [sda] Write Protect is off
[    5.766987] sd 0:0:0:0: [sda] Write cache: enabled, read cache: enabled, doesn't support DPO or FUA
[    5.769619] sd 0:0:0:0: [sda] Preferred minimum I/O size 512 bytes
[    5.784572] scsi 1:0:0:0: Attached scsi generic sg1 type 5
[    5.791356] sd 0:0:0:0: [sda] Attached SCSI disk
[    6.707636] ACPI: \_SB_.LNKC: Enabled at IRQ 11
[    7.037419] e1000 0000:00:03.0 eth0: (PCI:33MHz:32-bit) 52:54:00:12:34:56
[    7.038648] e1000 0000:00:03.0 eth0: Intel(R) PRO/1000 Network Connection
[    7.039708] e1000e: Intel(R) PRO/1000 Network Driver
[    7.040282] e1000e: Copyright(c) 1999 - 2015 Intel Corporation.
[    7.041157] igb: Intel(R) Gigabit Ethernet Network Driver
[    7.041807] igb: Copyright (c) 2007-2014 Intel Corporation.
[    7.042996] PPP generic driver version 2.4.2
[    7.045044] VFIO - User Level meta-driver version: 0.3
[    7.048620] usbcore: registered new interface driver uas
[    7.049502] usbcore: registered new interface driver usb-storage
[    7.050747] i8042: PNP: PS/2 Controller [PNP0303:KBD,PNP0f13:MOU] at 0x60,0x64 irq 1,12
[    7.053120] serio: i8042 KBD port at 0x60,0x64 irq 1
[    7.053903] serio: i8042 AUX port at 0x60,0x64 irq 12
[    7.056331] mousedev: PS/2 mouse device common for all mice
[    7.058846] input: AT Translated Set 2 keyboard as /devices/platform/i8042/serio0/input/input1
[    7.061258] rtc_cmos 00:05: RTC can wake from S4
[    7.065260] input: VirtualPS/2 VMware VMMouse as /devices/platform/i8042/serio1/input/input4
[    7.066868] rtc_cmos 00:05: registered as rtc0
[    7.067999] rtc_cmos 00:05: setting system clock to 2026-01-13T14:56:39 UTC (1768316199)
[    7.070387] input: VirtualPS/2 VMware VMMouse as /devices/platform/i8042/serio1/input/input3
[    7.070495] rtc_cmos 00:05: alarms up to one day, y3k, 242 bytes nvram, hpet irqs
[    7.073220] i2c_dev: i2c /dev entries driver
[    7.074366] device-mapper: core: CONFIG_IMA_DISABLE_HTABLE is disabled. Duplicate IMA measurements will not be recorded in the IMA log.
[    7.076769] device-mapper: uevent: version 1.0.3
[    7.078781] device-mapper: ioctl: 4.50.0-ioctl (2025-04-28) initialised: dm-devel@lists.linux.dev
[    7.080747] intel_pstate: CPU model not supported
[    7.082322] sdhci: Secure Digital Host Controller Interface driver
[    7.083537] sdhci: Copyright(c) Pierre Ossman
[    7.084891] sdhci-pltfm: SDHCI platform and OF driver helper
[    7.087403] drop_monitor: Initializing network drop monitor service
[    7.089596] NET: Registered PF_INET6 protocol family
[    7.094592] Segment Routing with IPv6
[    7.095590] In-situ OAM (IOAM) with IPv6
[    7.096539] NET: Registered PF_PACKET protocol family
[    7.098051] 9pnet: Installing 9P2000 support
[    7.098779] Key type dns_resolver registered
[    7.101785] IPI shorthand broadcast: enabled
[    7.184682] sched_clock: Marking stable (7164566359, 17525110)->(7192867270, -10775801)
[    7.187391] registered taskstats version 1
[    7.188663] Loading compiled-in X.509 certificates
[    7.296166] Demotion targets for Node 0: null
[    7.299175] Key type .fscrypt registered
[    7.299659] Key type fscrypt-provisioning registered
[    7.307604] Key type encrypted registered
[    7.308387] ima: No TPM chip found, activating TPM-bypass!
[    7.309414] ima: Allocated hash algorithm: sha1
[    7.310437] ima: No architecture policies found
[    7.311250] evm: Initialising EVM extended attributes:
[    7.311858] evm: security.selinux
[    7.312256] evm: security.SMACK64
[    7.312650] evm: security.SMACK64EXEC
[    7.313084] evm: security.SMACK64TRANSMUTE
[    7.313629] evm: security.SMACK64MMAP
[    7.314066] evm: security.apparmor
[    7.314472] evm: security.ima
[    7.314837] evm: security.capability
[    7.315262] evm: HMAC attrs: 0x1
[    7.319266] PM:   Magic number: 10:321:940
[    7.321776] RAS: Correctable Errors collector initialized.
[    7.323924] clk: Disabling unused clocks
[    7.325269] PM: genpd: Disabling unused power domains
[    7.327730] check access for rdinit=/init failed: -2, ignoring
[    7.328552] md: Waiting for all devices to be available before autodetect
[    7.329482] md: If you don't use raid, use raid=noautodetect
[    7.330315] md: Autodetecting RAID arrays.
[    7.330937] md: autorun ...
[    7.331360] md: ... autorun DONE.
[    7.343916] EXT4-fs (sda): INFO: recovery required on readonly filesystem
[    7.344904] EXT4-fs (sda): write access will be enabled during recovery
[    7.657874] EXT4-fs (sda): recovery complete
[    7.662417] EXT4-fs (sda): mounted filesystem 088740a9-c8b4-422c-999d-a804eb68a4da ro with ordered data mode. Quota mode: none.
[    7.664264] VFS: Mounted root (ext4 filesystem) readonly on device 8:0.
[    7.669250] devtmpfs: mounted
[    7.698689] Freeing unused decrypted memory: 2036K
[    7.722692] Freeing unused kernel image (initmem) memory: 16416K
[    7.724033] Write protecting the kernel read-only data: 102400k
[    7.729381] Freeing unused kernel image (text/rodata gap) memory: 972K
[    7.732687] Freeing unused kernel image (rodata/data gap) memory: 1668K
[    7.845017] x86/mm: Checked W+X mappings: passed, no W+X pages found.
[    7.845690] Run /sbin/init as init process
[    8.104174] systemd[1]: systemd 252-15.el9 running in system mode (+PAM +AUDIT +SELINUX -APPARMOR +IMA +SMACK +SECCOMP +GCRYPT +GNUTLS +OPENSSL +ACL +BLKID +CURL +ELFUTILS -FIDO2 +IDN2 -IDN -IPTC +KMOD +LIBCRYPTSETUP +LIBFDISK +PCRE2 -PWQUALITY +P11KIT -QRENCODE +TPM2 +BZIP2 +LZ4 +XZ +ZLIB +ZSTD -BPF_FRAMEWORK +XKBCOMMON +UTMP +SYSVINIT default-hierarchy=unified)
[    8.108390] systemd[1]: Detected virtualization kvm.
[    8.109149] systemd[1]: Detected architecture x86-64.

Welcome to [0;31mCentOS Stream 9[0m!

[    8.120576] systemd[1]: Hostname set to <test>.
[    8.562743] systemd-rc-local-generator[121]: /etc/rc.d/rc.local is not marked executable, skipping.
[    8.985225] systemd[1]: Queued start job for default target Multi-User System.
[    9.033946] systemd[1]: Created slice Virtual Machine and Container Slice.
[[0;32m  OK  [0m] Created slice [0;1;39mVirtual Machine and Container Slice[0m.
[    9.046107] systemd[1]: Created slice Slice /system/getty.
[[0;32m  OK  [0m] Created slice [0;1;39mSlice /system/getty[0m.
[    9.053668] systemd[1]: Created slice Slice /system/modprobe.
[[0;32m  OK  [0m] Created slice [0;1;39mSlice /system/modprobe[0m.
[    9.059820] systemd[1]: Created slice Slice /system/serial-getty.
[[0;32m  OK  [0m] Created slice [0;1;39mSlice /system/serial-getty[0m.
[    9.064246] systemd[1]: Created slice Slice /system/sshd-keygen.
[[0;32m  OK  [0m] Created slice [0;1;39mSlice /system/sshd-keygen[0m.
[    9.069702] systemd[1]: Created slice User and Session Slice.
[[0;32m  OK  [0m] Created slice [0;1;39mUser and Session Slice[0m.
[    9.073224] systemd[1]: Started Forward Password Requests to Wall Directory Watch.
[[0;32m  OK  [0m] Started [0;1;39mForward Password R…uests to Wall Directory Watch[0m.
[    9.078645] systemd[1]: Set up automount Arbitrary Executable File Formats File System Automount Point.
[[0;32m  OK  [0m] Set up automount [0;1;39mArbitrary…s File System Automount Point[0m.
[    9.081988] systemd[1]: Reached target Local Integrity Protected Volumes.
[[0;32m  OK  [0m] Reached target [0;1;39mLocal Integrity Protected Volumes[0m.
[    9.084709] systemd[1]: Reached target Slice Units.
[[0;32m  OK  [0m] Reached target [0;1;39mSlice Units[0m.
[    9.086730] systemd[1]: Reached target Swaps.
[[0;32m  OK  [0m] Reached target [0;1;39mSwaps[0m.
[    9.088718] systemd[1]: Reached target Local Verity Protected Volumes.
[[0;32m  OK  [0m] Reached target [0;1;39mLocal Verity Protected Volumes[0m.
[    9.091758] systemd[1]: Listening on Device-mapper event daemon FIFOs.
[[0;32m  OK  [0m] Listening on [0;1;39mDevice-mapper event daemon FIFOs[0m.
[    9.095344] systemd[1]: Listening on LVM2 poll daemon socket.
[[0;32m  OK  [0m] Listening on [0;1;39mLVM2 poll daemon socket[0m.
[    9.098303] systemd[1]: multipathd control socket was skipped because of an unmet condition check (ConditionPathExists=/etc/multipath.conf).
[    9.197063] systemd[1]: Listening on RPCbind Server Activation Socket.
[[0;32m  OK  [0m] Listening on [0;1;39mRPCbind Server Activation Socket[0m.
[    9.201447] systemd[1]: Reached target RPC Port Mapper.
[[0;32m  OK  [0m] Reached target [0;1;39mRPC Port Mapper[0m.
[    9.210220] systemd[1]: Listening on Process Core Dump Socket.
[[0;32m  OK  [0m] Listening on [0;1;39mProcess Core Dump Socket[0m.
[    9.214433] systemd[1]: Listening on initctl Compatibility Named Pipe.
[[0;32m  OK  [0m] Listening on [0;1;39minitctl Compatibility Named Pipe[0m.
[    9.219699] systemd[1]: Listening on Journal Socket (/dev/log).
[[0;32m  OK  [0m] Listening on [0;1;39mJournal Socket (/dev/log)[0m.
[    9.224476] systemd[1]: Listening on Journal Socket.
[[0;32m  OK  [0m] Listening on [0;1;39mJournal Socket[0m.
[    9.230552] systemd[1]: Listening on udev Control Socket.
[[0;32m  OK  [0m] Listening on [0;1;39mudev Control Socket[0m.
[    9.235871] systemd[1]: Listening on udev Kernel Socket.
[[0;32m  OK  [0m] Listening on [0;1;39mudev Kernel Socket[0m.
[    9.283074] systemd[1]: Mounting Huge Pages File System...
         Mounting [0;1;39mHuge Pages File System[0m...
[    9.301865] systemd[1]: Mounting POSIX Message Queue File System...
         Mounting [0;1;39mPOSIX Message Queue File System[0m...
[    9.322988] systemd[1]: Mounting Kernel Debug File System...
         Mounting [0;1;39mKernel Debug File System[0m...
[    9.337822] systemd[1]: Mounting Kernel Trace File System...
         Mounting [0;1;39mKernel Trace File System[0m...
[    9.342039] systemd[1]: Kernel Module supporting RPCSEC_GSS was skipped because of an unmet condition check (ConditionPathExists=/etc/krb5.keytab).
[    9.344181] systemd[1]: Create List of Static Device Nodes was skipped because of an unmet condition check (ConditionFileNotEmpty=/lib/modules/6.19.0-rc5-98429de9c029+/modules.devname).
[    9.365338] systemd[1]: Starting Monitoring of LVM2 mirrors, snapshots etc. using dmeventd or progress polling...
         Starting [0;1;39mMonitoring of LVM…meventd or progress polling[0m...
[    9.378123] systemd[1]: Starting Load Kernel Module configfs...
         Starting [0;1;39mLoad Kernel Module configfs[0m...
[    9.392511] systemd[1]: Starting Load Kernel Module drm...
         Starting [0;1;39mLoad Kernel Module drm[0m...
[    9.435063] systemd[1]: Starting Load Kernel Module fuse...
         Starting [0;1;39mLoad Kernel Module fuse[0m...
[    9.460327] systemd[1]: Starting Read and set NIS domainname from /etc/sysconfig/network...
         Starting [0;1;39mRead and set NIS …from /etc/sysconfig/network[0m...
[    9.504098] systemd[1]: Starting Journal Service...
         Starting [0;1;39mJournal Service[0m...
[    9.525199] systemd[1]: Starting Load Kernel Modules...
         Starting [0;1;39mLoad Kernel Modules[0m...
[    9.543639] systemd[1]: Starting Generate network units from Kernel command line...
         Starting [0;1;39mGenerate network …ts from Kernel command line[0m...
[    9.576354] systemd[1]: Starting Remount Root and Kernel File Systems...
         Starting [0;1;39mRemount Root and Kernel File Systems[0m...
[    9.586503] systemd[1]: Repartition Root Disk was skipped because no trigger condition checks were met.
[    9.636826] systemd[1]: Starting Coldplug All udev Devices...
         Starting [0;1;39mColdplug All udev Devices[0m...
[    9.683958] systemd[1]: Mounted Huge Pages File System.
[[0;32m  OK  [0m] Mounted [0;1;39mHuge Pages File System[0m.
[    9.692006] systemd[1]: Mounted POSIX Message Queue File System.
[[0;32m  OK  [0m] Mounted [0;1;39mPOSIX Message Queue File System[0m.
[    9.704027] systemd[1]: Mounted Kernel Debug File System.
[[0;32m  OK  [0m] Mounted [0;1;39mKernel Debug File System[0m.
[    9.715805] systemd[1]: Mounted Kernel Trace File System.
[[0;32m  OK  [0m] Mounted [0;1;39mKernel Trace File System[0m.
[    9.725419] systemd[1]: Finished Monitoring of LVM2 mirrors, snapshots etc. using dmeventd or progress polling.
[[0;32m  OK  [0m] Finished [0;1;39mMonitoring of LVM… dmeventd or progress polling[0m.
[    9.740573] systemd[1]: modprobe@configfs.service: Deactivated successfully.
[    9.748824] systemd[1]: Finished Load Kernel Module configfs.
[[0;32m  OK  [0m] Finished [0;1;39mLoad Kernel Module configfs[0m.
[    9.752105] EXT4-fs (sda): re-mounted 088740a9-c8b4-422c-999d-a804eb68a4da r/w.
[    9.764163] systemd[1]: modprobe@drm.service: Deactivated successfully.
[    9.769831] systemd[1]: Finished Load Kernel Module drm.
[[0;32m  OK  [0m] Finished [0;1;39mLoad Kernel Module drm[0m.
[    9.786964] systemd[1]: modprobe@fuse.service: Deactivated successfully.
[    9.799491] systemd[1]: Finished Load Kernel Module fuse.
[[0;32m  OK  [0m] Finished [0;1;39mLoad Kernel Module fuse[0m.
[    9.808780] systemd[1]: Finished Read and set NIS domainname from /etc/sysconfig/network.
[[0;32m  OK  [0m] Finished [0;1;39mRead and set NIS …e from /etc/sysconfig/network[0m.
[    9.821675] systemd[1]: systemd-modules-load.service: Main process exited, code=exited, status=1/FAILURE
[    9.824854] systemd[1]: systemd-modules-load.service: Failed with result 'exit-code'.
[    9.832706] systemd[1]: Failed to start Load Kernel Modules.
[[0;1;31mFAILED[0m] Failed to start [0;1;39mLoad Kernel Modules[0m.
See 'systemctl status systemd-modules-load.service' for details.
[    9.837487] systemd[1]: Started Journal Service.
[[0;32m  OK  [0m] Started [0;1;39mJournal Service[0m.
[[0;32m  OK  [0m] Finished [0;1;39mGenerate network units from Kernel command line[0m.
[[0;32m  OK  [0m] Finished [0;1;39mRemount Root and Kernel File Systems[0m.
[[0;32m  OK  [0m] Reached target [0;1;39mPreparation for Network[0m.
         Mounting [0;1;39mFUSE Control File System[0m...
         Mounting [0;1;39mKernel Configuration File System[0m...
         Starting [0;1;39mFlush Journal to Persistent Storage[0m...
         Starting [0;1;39mLoad/Save Random Seed[0m...
         Starting [0;1;39mApply Kernel Variables[0m...
         Starting [0;1;39mCreate Static Device Nodes in /dev[0m...
[   10.065419] systemd-journald[143]: Received client request to flush runtime journal.
         Starting [0;1;39mSetup Virtual Console[0m...
[[0;32m  OK  [0m] Mounted [0;1;39mFUSE Control File System[0m.
[[0;32m  OK  [0m] Mounted [0;1;39mKernel Configuration File System[0m.
[[0;32m  OK  [0m] Finished [0;1;39mFlush Journal to Persistent Storage[0m.
[[0;32m  OK  [0m] Finished [0;1;39mLoad/Save Random Seed[0m.
[[0;32m  OK  [0m] Finished [0;1;39mCreate Static Device Nodes in /dev[0m.
         Starting [0;1;39mRule-based Manage…for Device Events and Files[0m...
[[0;32m  OK  [0m] Finished [0;1;39mApply Kernel Variables[0m.
[[0;32m  OK  [0m] Started [0;1;39mRule-based Manager for Device Events and Files[0m.
         Starting [0;1;39mAuto-connect to s…E devices found during boot[0m...
[[0;32m  OK  [0m] Finished [0;1;39mAuto-connect to s…VME devices found during boot[0m.
[[0;32m  OK  [0m] Finished [0;1;39mColdplug All udev Devices[0m.
         Starting [0;1;39mWait for udev To …plete Device Initialization[0m...
[[0;32m  OK  [0m] Finished [0;1;39mSetup Virtual Console[0m.
[[0;32m  OK  [0m] Started [0;1;39mDispatch Password …ts to Console Directory Watch[0m.
[[0;32m  OK  [0m] Reached target [0;1;39mLocal Encrypted Volumes[0m.
[[0;32m  OK  [0m] Reached target [0;1;39mPath Units[0m.
[[0;32m  OK  [0m] Found device [0;1;39m/dev/ttyS0[0m.
[[0;32m  OK  [0m] Listening on [0;1;39mLoad/Save RF …itch Status /dev/rfkill Watch[0m.
[[0;32m  OK  [0m] Finished [0;1;39mWait for udev To Complete Device Initialization[0m.
[[0;32m  OK  [0m] Reached target [0;1;39mPreparation for Local File Systems[0m.
[[0;32m  OK  [0m] Reached target [0;1;39mLocal File Systems[0m.
         Starting [0;1;39mTell Plymouth To Write Out Runtime Data[0m...
         Starting [0;1;39mAutomatic Boot Loader Update[0m...
         Starting [0;1;39mCreate Volatile Files and Directories[0m...
[[0;32m  OK  [0m] Finished [0;1;39mTell Plymouth To Write Out Runtime Data[0m.
[[0;32m  OK  [0m] Finished [0;1;39mAutomatic Boot Loader Update[0m.
[[0;32m  OK  [0m] Finished [0;1;39mCreate Volatile Files and Directories[0m.
         Mounting [0;1;39mRPC Pipe File System[0m...
         Starting [0;1;39mSecurity Auditing Service[0m...
         Starting [0;1;39mRPC Bind[0m...
[[0;32m  OK  [0m] Mounted [0;1;39mRPC Pipe File System[0m.
[[0;32m  OK  [0m] Reached target [0;1;39mrpc_pipefs.target[0m.
[[0;32m  OK  [0m] Started [0;1;39mRPC Bind[0m.
[[0;32m  OK  [0m] Started [0;1;39mSecurity Auditing Service[0m.
         Starting [0;1;39mRecord System Boot/Shutdown in UTMP[0m...
[[0;32m  OK  [0m] Finished [0;1;39mRecord System Boot/Shutdown in UTMP[0m.
[[0;32m  OK  [0m] Reached target [0;1;39mSystem Initialization[0m.
[[0;32m  OK  [0m] Started [0;1;39mDaily rotation of log files[0m.
[[0;32m  OK  [0m] Started [0;1;39mUpdates mlocate database every day[0m.
[[0;32m  OK  [0m] Started [0;1;39mDaily Cleanup of Temporary Directories[0m.
[[0;32m  OK  [0m] Started [0;1;39mdaily update of the root trust anchor for DNSSEC[0m.
[[0;32m  OK  [0m] Reached target [0;1;39mTimer Units[0m.
[[0;32m  OK  [0m] Listening on [0;1;39mD-Bus System Message Bus Socket[0m.
[[0;32m  OK  [0m] Listening on [0;1;39mOpen-iSCSI iscsid Socket[0m.
[[0;32m  OK  [0m] Listening on [0;1;39mOpen-iSCSI iscsiuio Socket[0m.
[[0;32m  OK  [0m] Listening on [0;1;39mSSSD Kerberos…ache Manager responder socket[0m.
[[0;32m  OK  [0m] Listening on [0;1;39mLibvirt interface local socket[0m.
[[0;32m  OK  [0m] Listening on [0;1;39mVirtual machine lock manager socket[0m.
[[0;32m  OK  [0m] Listening on [0;1;39mVirtual machine log manager socket[0m.
[[0;32m  OK  [0m] Listening on [0;1;39mLibvirt network local socket[0m.
[[0;32m  OK  [0m] Listening on [0;1;39mLibvirt nodedev local socket[0m.
[[0;32m  OK  [0m] Listening on [0;1;39mLibvirt nwfilter local socket[0m.
[[0;32m  OK  [0m] Listening on [0;1;39mLibvirt proxy local socket[0m.
[[0;32m  OK  [0m] Listening on [0;1;39mLibvirt qemu local socket[0m.
[[0;32m  OK  [0m] Listening on [0;1;39mLibvirt qemu admin socket[0m.
[[0;32m  OK  [0m] Listening on [0;1;39mLibvirt qemu local read-only socket[0m.
[[0;32m  OK  [0m] Listening on [0;1;39mLibvirt secret local socket[0m.
[[0;32m  OK  [0m] Listening on [0;1;39mLibvirt storage local socket[0m.
[[0;32m  OK  [0m] Reached target [0;1;39mSocket Units[0m.
         Starting [0;1;39mD-Bus System Message Bus[0m...
[[0;32m  OK  [0m] Started [0;1;39mD-Bus System Message Bus[0m.
[[0;32m  OK  [0m] Reached target [0;1;39mBasic System[0m.
         Starting [0;1;39mNetwork Manager[0m...
         Starting [0;1;39mNTP client/server[0m...
         Starting [0;1;39mRestore /run/initramfs on shutdown[0m...
[[0;32m  OK  [0m] Started [0;1;39mirqbalance daemon[0m.
[[0;32m  OK  [0m] Started [0;1;39mlibstoragemgmt plug-in server daemon[0m.
[[0;32m  OK  [0m] Started [0;1;39mMachine Check Exception Logging Daemon[0m.
[[0;32m  OK  [0m] Reached target [0;1;39msshd-keygen.target[0m.
[[0;32m  OK  [0m] Reached target [0;1;39mUser and Group Name Lookups[0m.
         Starting [0;1;39mUser Login Management[0m...
         Starting [0;1;39mVirtual Machine a…tainer Registration Service[0m...
[[0;32m  OK  [0m] Finished [0;1;39mRestore /run/initramfs on shutdown[0m.
[[0;32m  OK  [0m] Started [0;1;39mVirtual Machine an…ontainer Registration Service[0m.
         Starting [0;1;39mHostname Service[0m...
[[0;32m  OK  [0m] Started [0;1;39mNTP client/server[0m.
[[0;32m  OK  [0m] Started [0;1;39mUser Login Management[0m.
[[0;32m  OK  [0m] Started [0;1;39mHostname Service[0m.
         Starting [0;1;39mNetwork Manager Script Dispatcher Service[0m...
[[0;32m  OK  [0m] Started [0;1;39mNetwork Manager Script Dispatcher Service[0m.
[   16.019436] e1000: eth0 NIC Link is Up 1000 Mbps Full Duplex, Flow Control: RX
[[0;32m  OK  [0m] Started [0;1;39mNetwork Manager[0m.
[[0;32m  OK  [0m] Reached target [0;1;39mNetwork[0m.
[[0;32m  OK  [0m] Reached target [0;1;39mNetwork is Online[0m.
         Starting [0;1;39mGSSAPI Proxy Daemon[0m...
         Starting [0;1;39mNotify NFS peers of a restart[0m...
         Starting [0;1;39mSystem Logging Service[0m...
         Starting [0;1;39mOpenSSH server daemon[0m...
         Starting [0;1;39mDynamic System Tuning Daemon[0m...
[[0;32m  OK  [0m] Started [0;1;39mNotify NFS peers of a restart[0m.
[[0;32m  OK  [0m] Started [0;1;39mOpenSSH server daemon[0m.
[[0;32m  OK  [0m] Started [0;1;39mGSSAPI Proxy Daemon[0m.
[[0;32m  OK  [0m] Reached target [0;1;39mNFS client services[0m.
[[0;32m  OK  [0m] Reached target [0;1;39mPreparation for Remote File Systems[0m.
[[0;32m  OK  [0m] Reached target [0;1;39mRemote File Systems[0m.
         Starting [0;1;39mPermit User Sessions[0m...
         Starting [0;1;39mVirtualization qemu daemon[0m...
[[0;32m  OK  [0m] Finished [0;1;39mPermit User Sessions[0m.
[[0;32m  OK  [0m] Started [0;1;39mDeferred execution scheduler[0m.
[[0;32m  OK  [0m] Started [0;1;39mCommand Scheduler[0m.
         Starting [0;1;39mHold until boot process finishes up[0m...
         Starting [0;1;39mTerminate Plymouth Boot Screen[0m...
[[0;32m  OK  [0m] Started [0;1;39mSystem Logging Service[0m.
[[0;32m  OK  [0m] Started [0;1;39mVirtualization qemu daemon[0m.
[[0;32m  OK  [0m] Finished [0;1;39mHold until boot process finishes up[0m.
[[0;32m  OK  [0m] Started [0;1;39mGetty on tty1[0m.
[[0;32m  OK  [0m] Started [0;1;39mSerial Getty on ttyS0[0m.
[[0;32m  OK  [0m] Reached target [0;1;39mLogin Prompts[0m.
[[0;32m  OK  [0m] Finished [0;1;39mTerminate Plymouth Boot Screen[0m.
         Starting [0;1;39mAuthorization Manager[0m...
[[0;32m  OK  [0m] Started [0;1;39mAuthorization Manager[0m.
[[0;32m  OK  [0m] Started [0;1;39mDynamic System Tuning Daemon[0m.
[[0;32m  OK  [0m] Reached target [0;1;39mMulti-User System[0m.
         Starting [0;1;39mRecord Runlevel Change in UTMP[0m...
[[0;32m  OK  [0m] Finished [0;1;39mRecord Runlevel Change in UTMP[0m.

CentOS Stream 9
Kernel 6.19.0-rc5-98429de9c029+ on an x86_64

Activate the web console with: systemctl enable --now cockpit.socket

test login: [   30.322385] 
[   30.322623] =====================================
[   30.323068] WARNING: bad unlock balance detected!
[   30.323505] 6.19.0-rc5-98429de9c029+ #1 Not tainted
[   30.323956] -------------------------------------
[   30.324416] repro/1630 is trying to release lock (rcu_read_lock) at:
[   30.325033] [<ffffffff8212721a>] __wait_on_freeing_inode+0x13a/0x3b0
[   30.325694] but there are no more locks to release!
[   30.326140] 
[   30.326140] other info that might help us debug this:
[   30.326724] 4 locks held by repro/1630:
[   30.327073]  #0: ffff8880130aa408 (sb_writers#3){.+.+}-{0:0}, at: filename_create+0x122/0x460
[   30.327851]  #1: ffff8880299733b0 (&type->i_mutex_dir_key#3/1){+.+.}-{4:4}, at: filename_create+0x1e6/0x460
[   30.328766]  #2: ffff88801307c950 (jbd2_handle){++++}-{0:0}, at: start_this_handle+0x1042/0x1550
[   30.329605]  #3: ffffffff87416918 (inode_hash_lock){+.+.}-{3:3}, at: insert_inode_locked+0xf4/0x860
[   30.330446] 
[   30.330446] stack backtrace:
[   30.330863] CPU: 1 UID: 0 PID: 1630 Comm: repro Not tainted 6.19.0-rc5-98429de9c029+ #1 PREEMPT(voluntary) 
[   30.330879] Hardware name: QEMU Standard PC (i440FX + PIIX, 1996), BIOS rel-1.16.0-0-gd239552ce722-prebuilt.qemu.org 04/01/2014
[   30.330889] Call Trace:
[   30.330896]  <TASK>
[   30.330904]  dump_stack_lvl+0xea/0x150
[   30.330946]  ? __wait_on_freeing_inode+0x13a/0x3b0
[   30.330965]  dump_stack+0x19/0x20
[   30.330980]  print_unlock_imbalance_bug+0x121/0x140
[   30.331008]  ? __wait_on_freeing_inode+0x13a/0x3b0
[   30.331027]  lock_release+0x211/0x2a0
[   30.331051]  __wait_on_freeing_inode+0x13f/0x3b0
[   30.331070]  ? __pfx___wait_on_freeing_inode+0x10/0x10
[   30.331089]  ? do_raw_spin_lock+0x140/0x280
[   30.331103]  ? __pfx_var_wake_function+0x10/0x10
[   30.331131]  ? __this_cpu_preempt_check+0x21/0x30
[   30.331157]  ? lock_is_held_type+0xef/0x150
[   30.331179]  insert_inode_locked+0x26c/0x860
[   30.331203]  __ext4_new_inode+0x1c4a/0x5230
[   30.331236]  ? __pfx___ext4_new_inode+0x10/0x10
[   30.331251]  ? __pfx___dquot_initialize+0x10/0x10
[   30.331275]  ? ext4_get_dummy_policy+0x16/0x80
[   30.331290]  ? __pfx_ext4_get_dummy_policy+0x10/0x10
[   30.331308]  ext4_symlink+0x6c9/0xc70
[   30.331334]  ? __pfx_ext4_symlink+0x10/0x10
[   30.331349]  ? generic_permission+0xbf/0x800
[   30.331371]  ? __sanitizer_cov_trace_const_cmp4+0x1a/0x20
[   30.331403]  ? security_inode_permission+0xb8/0x220
[   30.331436]  ? inode_permission+0x39d/0x690
[   30.331455]  ? __sanitizer_cov_trace_const_cmp4+0x1a/0x20
[   30.331474]  vfs_symlink+0x459/0x850
[   30.331488]  do_symlinkat+0x40d/0x570
[   30.331505]  ? __sanitizer_cov_trace_const_cmp8+0x1c/0x30
[   30.331522]  ? __pfx_do_symlinkat+0x10/0x10
[   30.331540]  ? __sanitizer_cov_trace_const_cmp4+0x1a/0x20
[   30.331555]  ? getname_flags.part.0+0x1d5/0x570
[   30.331580]  __x64_sys_symlink+0x7f/0xa0
[   30.331598]  x64_sys_call+0x2d5/0x21b0
[   30.331617]  do_syscall_64+0x6d/0x1180
[   30.331636]  entry_SYSCALL_64_after_hwframe+0x76/0x7e
[   30.331649] RIP: 0033:0x7f6ae183eabb
[   30.331667] Code: f0 ff ff 73 01 c3 48 8b 0d 62 b3 1b 00 f7 d8 64 89 01 48 83 c8 ff c3 0f 1f 84 00 00 00 00 00 f3 0f 1e fa b8 58 00 00 00 0f 05 <48> 3d 01 f0 ff ff 73 01 c3 48 8b 0d 35 b3 1b 00 f7 d8 64 89 01 48
[   30.331682] RSP: 002b:00007ffcc8fba048 EFLAGS: 00000206 ORIG_RAX: 0000000000000058
[   30.331698] RAX: ffffffffffffffda RBX: 0000000000000000 RCX: 00007f6ae183eabb
[   30.331706] RDX: 0000000000000004 RSI: 0000000000402078 RDI: 0000000000402083
[   30.331715] RBP: 00007ffcc8fba050 R08: 0000000000000000 R09: 00007ffcc8fb9ac0
[   30.331723] R10: 00007f6ae1814730 R11: 0000000000000206 R12: 00007ffcc8fba1c8
[   30.331730] R13: 0000000000401bdd R14: 0000000000403e08 R15: 00007f6ae1aa8000
[   30.331751]  </TASK>
[   30.354448] ------------[ cut here ]------------
[   30.354883] WARNING: kernel/rcu/tree_plugin.h:443 at __rcu_read_unlock+0x283/0x570, CPU#1: repro/1630
[   30.355727] Modules linked in:
[   30.356050] CPU: 1 UID: 0 PID: 1630 Comm: repro Not tainted 6.19.0-rc5-98429de9c029+ #1 PREEMPT(voluntary) 
[   30.356922] Hardware name: QEMU Standard PC (i440FX + PIIX, 1996), BIOS rel-1.16.0-0-gd239552ce722-prebuilt.qemu.org 04/01/2014
[   30.359228] RIP: 0010:__rcu_read_unlock+0x283/0x570
[   30.359692] Code: e4 0f 84 d5 00 00 00 bf 09 00 00 00 e8 96 c6 d9 ff 4d 85 f6 0f 84 6a fe ff ff e8 98 2f 29 00 fb 0f 1f 44 00 00 e9 5a fe ff ff <0f> 0b 5b 41 5c 41 5d 41 5e 41 5f 5d e9 bc 64 81 04 e8 77 cf 8b 00
[   30.361332] RSP: 0018:ffff8880130f7918 EFLAGS: 00010286
[   30.363600] RAX: 00000000ffffffff RBX: ffff888018632580 RCX: ffffffff8167a493
[   30.364251] RDX: 0000000000000000 RSI: 0000000000000001 RDI: ffff888018632dbc
[   30.364898] RBP: ffff8880130f7940 R08: 0000000000000000 R09: fffffbfff0eae558
[   30.368816] R10: 0000000080000001 R11: 6162206b63617473 R12: ffff888018632580
[   30.369475] R13: ffff888018632580 R14: 0000000000000001 R15: 0000000000000001
[   30.372014] FS:  00007f6ae1a5b740(0000) GS:ffff8880e31b8000(0000) knlGS:0000000000000000
[   30.372750] CS:  0010 DS: 0000 ES: 0000 CR0: 0000000080050033
[   30.373279] CR2: 00007f6ae193e7f0 CR3: 0000000029d04001 CR4: 0000000000770ef0
[   30.375819] PKRU: 55555554
[   30.376091] Call Trace:
[   30.376336]  <TASK>
[   30.376986]  __wait_on_freeing_inode+0x144/0x3b0
[   30.379055]  ? __pfx___wait_on_freeing_inode+0x10/0x10
[   30.379542]  ? do_raw_spin_lock+0x140/0x280
[   30.380304]  ? __pfx_var_wake_function+0x10/0x10
[   30.381028]  ? __this_cpu_preempt_check+0x21/0x30
[   30.382702]  ? lock_is_held_type+0xef/0x150
[   30.383694]  insert_inode_locked+0x26c/0x860
[   30.384979]  __ext4_new_inode+0x1c4a/0x5230
[   30.388289]  ? __pfx___ext4_new_inode+0x10/0x10
[   30.389091]  ? __pfx___dquot_initialize+0x10/0x10
[   30.391654]  ? ext4_get_dummy_policy+0x16/0x80
[   30.392079]  ? __pfx_ext4_get_dummy_policy+0x10/0x10
[   30.393121]  ext4_symlink+0x6c9/0xc70
[   30.395877]  ? __pfx_ext4_symlink+0x10/0x10
[   30.396352]  ? generic_permission+0xbf/0x800
[   30.397058]  ? __sanitizer_cov_trace_const_cmp4+0x1a/0x20
[   30.397678]  ? security_inode_permission+0xb8/0x220
[   30.398427]  ? inode_permission+0x39d/0x690
[   30.398898]  ? __sanitizer_cov_trace_const_cmp4+0x1a/0x20
[   30.399911]  vfs_symlink+0x459/0x850
[   30.400985]  do_symlinkat+0x40d/0x570
[   30.401408]  ? __sanitizer_cov_trace_const_cmp8+0x1c/0x30
[   30.402388]  ? __pfx_do_symlinkat+0x10/0x10
[   30.402988]  ? __sanitizer_cov_trace_const_cmp4+0x1a/0x20
[   30.403794]  ? getname_flags.part.0+0x1d5/0x570
[   30.405959]  __x64_sys_symlink+0x7f/0xa0
[   30.406635]  x64_sys_call+0x2d5/0x21b0
[   30.407056]  do_syscall_64+0x6d/0x1180
[   30.407693]  entry_SYSCALL_64_after_hwframe+0x76/0x7e
[   30.408149] RIP: 0033:0x7f6ae183eabb
[   30.408554] Code: f0 ff ff 73 01 c3 48 8b 0d 62 b3 1b 00 f7 d8 64 89 01 48 83 c8 ff c3 0f 1f 84 00 00 00 00 00 f3 0f 1e fa b8 58 00 00 00 0f 05 <48> 3d 01 f0 ff ff 73 01 c3 48 8b 0d 35 b3 1b 00 f7 d8 64 89 01 48
[   30.410169] RSP: 002b:00007ffcc8fba048 EFLAGS: 00000206 ORIG_RAX: 0000000000000058
[   30.410835] RAX: ffffffffffffffda RBX: 0000000000000000 RCX: 00007f6ae183eabb
[   30.411456] RDX: 0000000000000004 RSI: 0000000000402078 RDI: 0000000000402083
[   30.412077] RBP: 00007ffcc8fba050 R08: 0000000000000000 R09: 00007ffcc8fb9ac0
[   30.412700] R10: 00007f6ae1814730 R11: 0000000000000206 R12: 00007ffcc8fba1c8
[   30.413321] R13: 0000000000401bdd R14: 0000000000403e08 R15: 00007f6ae1aa8000
[   30.415665]  </TASK>
[   30.415884] irq event stamp: 229
[   30.416182] hardirqs last  enabled at (229): [<ffffffff85efe895>] _raw_spin_unlock_irqrestore+0x35/0x70
[   30.417012] hardirqs last disabled at (228): [<ffffffff85efe540>] _raw_spin_lock_irqsave+0x70/0x80
[   30.417843] softirqs last  enabled at (224): [<ffffffff8131b491>] kernel_fpu_end+0x71/0x90
[   30.418570] softirqs last disabled at (222): [<ffffffff8131cc5f>] kernel_fpu_begin_mask+0x1df/0x320
[   30.419326] ---[ end trace 0000000000000000 ]---
