c[?7l[2J[0mSeaBIOS (version rel-1.16.0-0-gd239552ce722-prebuilt.qemu.org)


iPXE (http://ipxe.org) 00:03.0 CA00 PCI2.10 PnP PMM+7FF91000+7FEF1000 CA00
Press Ctrl-B to configure iPXE (PCI 00:03.0)...                                                                               


Booting from ROM...
c[?7l[2J[    0.000000] Linux version 6.19.0-rc5-dc44eb5c2c9f+ (root@p-mtlp04) (gcc (GCC) 11.5.0 20240719 (Red Hat 11.5.0-14), GNU ld version 2.35.2-69.el9) #1 SMP PREEMPT_DYNAMIC Tue Jan 13 23:40:24 CST 2026
[    0.000000] Command line: console=ttyS0 root=/dev/sda earlyprintk=serial net.ifnames=0 plymouth.enable=0
[    0.000000] KERNEL supported cpus:
[    0.000000]   Intel GenuineIntel
[    0.000000]   AMD AuthenticAMD
[    0.000000]   Hygon HygonGenuine
[    0.000000]   Centaur CentaurHauls
[    0.000000]   zhaoxin   Shanghai  
[    0.000000] x86/split lock detection: #DB: warning on user-space bus_locks
[    0.000000] BIOS-provided physical RAM map:
[    0.000000] BIOS-e820: [mem 0x0000000000000000-0x000000000009fbff] usable
[    0.000000] BIOS-e820: [mem 0x000000000009fc00-0x000000000009ffff] reserved
[    0.000000] BIOS-e820: [mem 0x00000000000f0000-0x00000000000fffff] reserved
[    0.000000] BIOS-e820: [mem 0x0000000000100000-0x000000007ffdffff] usable
[    0.000000] BIOS-e820: [mem 0x000000007ffe0000-0x000000007fffffff] reserved
[    0.000000] BIOS-e820: [mem 0x00000000feffc000-0x00000000feffffff] reserved
[    0.000000] BIOS-e820: [mem 0x00000000fffc0000-0x00000000ffffffff] reserved
[    0.000000] printk: legacy bootconsole [earlyser0] enabled
[    0.000000] NX (Execute Disable) protection: active
[    0.000000] APIC: Static calls initialized
[    0.000000] SMBIOS 2.8 present.
[    0.000000] DMI: QEMU Standard PC (i440FX + PIIX, 1996), BIOS rel-1.16.0-0-gd239552ce722-prebuilt.qemu.org 04/01/2014
[    0.000000] DMI: Memory slots populated: 1/1
[    0.000000] Hypervisor detected: KVM
[    0.000000] last_pfn = 0x7ffe0 max_arch_pfn = 0x400000000
[    0.000000] kvm-clock: Using msrs 4b564d01 and 4b564d00
[    0.000004] kvm-clock: using sched offset of 1299106070 cycles
[    0.000534] clocksource: kvm-clock: mask: 0xffffffffffffffff max_cycles: 0x1cd42e4dffb, max_idle_ns: 881590591483 ns
[    0.002171] tsc: Detected 2995.200 MHz processor
[    0.011217] last_pfn = 0x7ffe0 max_arch_pfn = 0x400000000
[    0.011802] MTRR map: 4 entries (3 fixed + 1 variable; max 19), built from 8 variable MTRRs
[    0.012636] x86/PAT: Configuration [0-7]: WB  WC  UC- UC  WB  WP  UC- WT  
[    0.025171] found SMP MP-table at [mem 0x000f5ba0-0x000f5baf]
[    0.025783] Using GB pages for direct mapping
[    0.028606] ACPI: Early table checksum verification disabled
[    0.029183] ACPI: RSDP 0x00000000000F59C0 000014 (v00 BOCHS )
[    0.029774] ACPI: RSDT 0x000000007FFE1951 000034 (v01 BOCHS  BXPC     00000001 BXPC 00000001)
[    0.030636] ACPI: FACP 0x000000007FFE17FD 000074 (v01 BOCHS  BXPC     00000001 BXPC 00000001)
[    0.031516] ACPI: DSDT 0x000000007FFE0040 0017BD (v01 BOCHS  BXPC     00000001 BXPC 00000001)
[    0.032521] ACPI: FACS 0x000000007FFE0000 000040
[    0.033062] ACPI: APIC 0x000000007FFE1871 000080 (v01 BOCHS  BXPC     00000001 BXPC 00000001)
[    0.033929] ACPI: HPET 0x000000007FFE18F1 000038 (v01 BOCHS  BXPC     00000001 BXPC 00000001)
[    0.034790] ACPI: WAET 0x000000007FFE1929 000028 (v01 BOCHS  BXPC     00000001 BXPC 00000001)
[    0.035655] ACPI: Reserving FACP table memory at [mem 0x7ffe17fd-0x7ffe1870]
[    0.036364] ACPI: Reserving DSDT table memory at [mem 0x7ffe0040-0x7ffe17fc]
[    0.037081] ACPI: Reserving FACS table memory at [mem 0x7ffe0000-0x7ffe003f]
[    0.037784] ACPI: Reserving APIC table memory at [mem 0x7ffe1871-0x7ffe18f0]
[    0.038491] ACPI: Reserving HPET table memory at [mem 0x7ffe18f1-0x7ffe1928]
[    0.039191] ACPI: Reserving WAET table memory at [mem 0x7ffe1929-0x7ffe1950]
[    0.040508] No NUMA configuration found
[    0.040909] Faking a node at [mem 0x0000000000000000-0x000000007ffdffff]
[    0.041613] NODE_DATA(0) allocated [mem 0x7ffb4ec0-0x7ffdfcbf]
[    0.042932] Zone ranges:
[    0.043189]   DMA      [mem 0x0000000000001000-0x0000000000ffffff]
[    0.043813]   DMA32    [mem 0x0000000001000000-0x000000007ffdffff]
[    0.044439]   Normal   empty
[    0.044736]   Device   empty
[    0.045041] Movable zone start for each node
[    0.045475] Early memory node ranges
[    0.045835]   node   0: [mem 0x0000000000001000-0x000000000009efff]
[    0.046465]   node   0: [mem 0x0000000000100000-0x000000007ffdffff]
[    0.047095] Initmem setup node 0 [mem 0x0000000000001000-0x000000007ffdffff]
[    0.048239] On node 0, zone DMA: 1 pages in unavailable ranges
[    0.049268] On node 0, zone DMA: 97 pages in unavailable ranges
[    0.105526] On node 0, zone DMA32: 32 pages in unavailable ranges
[    0.371037] KernelAddressSanitizer initialized (generic)
[    0.371808] ACPI: PM-Timer IO Port: 0x608
[    0.372175] ACPI: LAPIC_NMI (acpi_id[0xff] dfl dfl lint[0x1])
[    0.372736] IOAPIC[0]: apic_id 0, version 17, address 0xfec00000, GSI 0-23
[    0.373317] ACPI: INT_SRC_OVR (bus 0 bus_irq 0 global_irq 2 dfl dfl)
[    0.373843] ACPI: INT_SRC_OVR (bus 0 bus_irq 5 global_irq 5 high level)
[    0.374419] ACPI: INT_SRC_OVR (bus 0 bus_irq 9 global_irq 9 high level)
[    0.375014] ACPI: INT_SRC_OVR (bus 0 bus_irq 10 global_irq 10 high level)
[    0.375568] ACPI: INT_SRC_OVR (bus 0 bus_irq 11 global_irq 11 high level)
[    0.376138] ACPI: Using ACPI (MADT) for SMP configuration information
[    0.376670] ACPI: HPET id: 0x8086a201 base: 0xfed00000
[    0.377114] TSC deadline timer available
[    0.377439] CPU topo: Max. logical packages:   1
[    0.377817] CPU topo: Max. logical dies:       1
[    0.378190] CPU topo: Max. dies per package:   1
[    0.378569] CPU topo: Max. threads per core:   1
[    0.378943] CPU topo: Num. cores per package:     2
[    0.379338] CPU topo: Num. threads per package:   2
[    0.379736] CPU topo: Allowing 2 present CPUs plus 0 hotplug CPUs
[    0.380327] kvm-guest: APIC: eoi() replaced with kvm_guest_apic_eoi_write()
[    0.380994] kvm-guest: KVM setup pv remote TLB flush
[    0.381391] kvm-guest: setup PV sched yield
[    0.381798] PM: hibernation: Registered nosave memory: [mem 0x00000000-0x00000fff]
[    0.382430] PM: hibernation: Registered nosave memory: [mem 0x0009f000-0x000fffff]
[    0.383077] [mem 0x80000000-0xfeffbfff] available for PCI devices
[    0.383589] Booting paravirtualized kernel on KVM
[    0.383986] clocksource: refined-jiffies: mask: 0xffffffff max_cycles: 0xffffffff, max_idle_ns: 7645519600211568 ns
[    0.384862] setup_percpu: NR_CPUS:8192 nr_cpumask_bits:2 nr_cpu_ids:2 nr_node_ids:1
[    0.433414] percpu: Embedded 81 pages/cpu s294912 r8192 d28672 u1048576
[    0.434214] kvm-guest: PV spinlocks enabled
[    0.434563] PV qspinlock hash table entries: 256 (order: 0, 4096 bytes, linear)
[    0.435163] Kernel command line: net.ifnames=0 console=ttyS0 root=/dev/sda earlyprintk=serial net.ifnames=0 plymouth.enable=0
[    0.436483] random: crng init done
[    0.436761] printk: log buffer data + meta data: 262144 + 917504 = 1179648 bytes
[    0.438801] Dentry cache hash table entries: 262144 (order: 9, 2097152 bytes, linear)
[    0.440292] Inode-cache hash table entries: 131072 (order: 8, 1048576 bytes, linear)
[    0.441282] Fallback order for Node 0: 0 
[    0.441295] Built 1 zonelists, mobility grouping on.  Total pages: 524158
[    0.442136] Policy zone: DMA32
[    0.442377] mem auto-init: stack:off, heap alloc:off, heap free:off
[    0.442865] stackdepot: allocating hash table via alloc_large_system_hash
[    0.443394] stackdepot hash table entries: 1048576 (order: 12, 16777216 bytes, linear)
[    0.454904] stackdepot: allocating space for 8192 stack pools via memblock
[    0.491167] SLUB: HWalign=64, Order=0-3, MinObjects=0, CPUs=2, Nodes=1
[    0.491720] kmemleak: Kernel memory leak detector disabled
[    0.527447] ftrace: allocating 75282 entries in 296 pages
[    0.527907] ftrace: allocated 296 pages with 3 groups
[    0.532453] Dynamic Preempt: voluntary
[    0.533252] Running RCU self tests
[    0.533522] Running RCU synchronous self tests
[    0.533864] rcu: Preemptible hierarchical RCU implementation.
[    0.534306] rcu: 	RCU lockdep checking is enabled.
[    0.534675] rcu: 	RCU restricting CPUs from NR_CPUS=8192 to nr_cpu_ids=2.
[    0.535197] 	Trampoline variant of Tasks RCU enabled.
[    0.535584] 	Rude variant of Tasks RCU enabled.
[    0.535931] 	Tracing variant of Tasks RCU enabled.
[    0.536298] rcu: RCU calculated value of scheduler-enlistment delay is 25 jiffies.
[    0.536884] rcu: Adjusting geometry for rcu_fanout_leaf=16, nr_cpu_ids=2
[    0.537521] Running RCU synchronous self tests
[    0.537870] RCU Tasks: Setting shift to 1 and lim to 1 rcu_task_cb_adjust=1 rcu_task_cpu_ids=2.
[    0.538538] RCU Tasks Rude: Setting shift to 1 and lim to 1 rcu_task_cb_adjust=1 rcu_task_cpu_ids=2.
[    0.539240] RCU Tasks Trace: Setting shift to 1 and lim to 1 rcu_task_cb_adjust=1 rcu_task_cpu_ids=2.
[    0.605630] NR_IRQS: 524544, nr_irqs: 440, preallocated irqs: 16
[    0.606683] rcu: srcu_init: Setting srcu_struct sizes based on contention.
[    0.614238] Console: colour VGA+ 80x25
[    0.614625] printk: legacy console [ttyS0] enabled
[    0.614625] printk: legacy console [ttyS0] enabled
[    0.615384] printk: legacy bootconsole [earlyser0] disabled
[    0.615384] printk: legacy bootconsole [earlyser0] disabled
[    0.616264] Lock dependency validator: Copyright (c) 2006 Red Hat, Inc., Ingo Molnar
[    0.616881] ... MAX_LOCKDEP_SUBCLASSES:  8
[    0.617225] ... MAX_LOCK_DEPTH:          48
[    0.617567] ... MAX_LOCKDEP_KEYS:        8192
[    0.617922] ... CLASSHASH_SIZE:          4096
[    0.618278] ... MAX_LOCKDEP_ENTRIES:     524288
[    0.618646] ... MAX_LOCKDEP_CHAINS:      524288
[    0.619014] ... CHAINHASH_SIZE:          262144
[    0.619383]  memory used by lock dependency info: 54145 kB
[    0.619824]  memory used for stack traces: 4224 kB
[    0.620215]  per task-struct memory footprint: 1920 bytes
[    0.620741] ACPI: Core revision 20250807
[    0.621512] clocksource: hpet: mask: 0xffffffff max_cycles: 0xffffffff, max_idle_ns: 19112604467 ns
[    0.622417] APIC: Switch to symmetric I/O mode setup
[    0.622977] x2apic enabled
[    0.623555] APIC: Switched APIC routing to: physical x2apic
[    0.624019] kvm-guest: APIC: send_IPI_mask() replaced with kvm_send_ipi_mask()
[    0.624620] kvm-guest: APIC: send_IPI_mask_allbutself() replaced with kvm_send_ipi_mask_allbutself()
[    0.625368] kvm-guest: setup PV IPIs
[    0.626692] ..TIMER: vector=0x30 apic1=0 pin1=2 apic2=-1 pin2=-1
[    0.627213] clocksource: tsc-early: mask: 0xffffffffffffffff max_cycles: 0x2b2c8ec87c7, max_idle_ns: 440795278598 ns
[    0.628087] Calibrating delay loop (skipped) preset value.. 5990.40 BogoMIPS (lpj=11980800)
[    0.628924] x86/cpu: User Mode Instruction Prevention (UMIP) activated
[    0.629566] Last level iTLB entries: 4KB 0, 2MB 0, 4MB 0
[    0.630008] Last level dTLB entries: 4KB 0, 2MB 0, 4MB 0, 1GB 0
[    0.632125] mitigations: Enabled attack vectors: user_kernel, user_user, guest_host, guest_guest, SMT mitigations: auto
[    0.632978] Speculative Store Bypass: Mitigation: Speculative Store Bypass disabled via prctl
[    0.633630] Spectre V2 : Mitigation: Enhanced / Automatic IBRS
[    0.634077] ITS: Mitigation: Aligned branch/return thunks
[    0.634504] Spectre V1 : Mitigation: usercopy/swapgs barriers and __user pointer sanitization
[    0.635153] Spectre V2 : WARNING: Unprivileged eBPF is enabled with eIBRS on, data leaks possible via Spectre v2 BHB attacks!
[    0.636083] Spectre V2 : Spectre v2 / PBRSB-eIBRS: Retire a single CALL on VMEXIT
[    0.636666] Spectre V2 : mitigation: Enabling conditional Indirect Branch Prediction Barrier
[    0.637317] active return thunk: its_return_thunk
[    0.637689] Spectre V2 : Spectre BHI mitigation: SW BHB clearing on syscall and VM exit
[    0.638340] x86/fpu: Supporting XSAVE feature 0x001: 'x87 floating point registers'
[    0.638944] x86/fpu: Supporting XSAVE feature 0x002: 'SSE registers'
[    0.639445] x86/fpu: Supporting XSAVE feature 0x004: 'AVX registers'
[    0.640080] x86/fpu: Supporting XSAVE feature 0x200: 'Protection Keys User registers'
[    0.640698] x86/fpu: xstate_offset[2]:  576, xstate_sizes[2]:  256
[    0.641182] x86/fpu: xstate_offset[9]:  832, xstate_sizes[9]:    8
[    0.641667] x86/fpu: Enabled xstate features 0x207, context size is 840 bytes, using 'compacted' format.
[    0.796517] Freeing SMP alternatives memory: 64K
[    0.796958] pid_max: default: 32768 minimum: 301
[    0.797761] Yama: becoming mindful.
[    0.798524] Mount-cache hash table entries: 4096 (order: 3, 32768 bytes, linear)
[    0.799151] Mountpoint-cache hash table entries: 4096 (order: 3, 32768 bytes, linear)
[    0.801652] Running RCU synchronous self tests
[    0.802042] Running RCU synchronous self tests
[    0.802833] smpboot: CPU0: Intel(R) Core(TM) Ultra 7 155H (family: 0x6, model: 0xaa, stepping: 0x4)
[    0.804071] Performance Events: unsupported CPU family 6 model 170 no PMU driver, software events only.
[    0.804071] signal: max sigframe size: 3632
[    0.804071] rcu: Hierarchical SRCU implementation.
[    0.804071] rcu: 	Max phase no-delay instances is 1000.
[    0.804372] Timer migration: 1 hierarchy levels; 8 children per group; 1 crossnode level
[    0.826985] NMI watchdog: Perf NMI watchdog permanently disabled
[    0.827758] smp: Bringing up secondary CPUs ...
[    0.829488] smpboot: x86: Booting SMP configuration:
[    0.829940] .... node  #0, CPUs:      #1
[    0.830113] smp: Brought up 1 node, 2 CPUs
[    0.830113] smpboot: Total of 2 processors activated (11980.80 BogoMIPS)
[    0.832766] Memory: 1538728K/2096632K available (80942K kernel code, 15559K rwdata, 18816K rodata, 16420K init, 70000K bss, 546452K reserved, 0K cma-reserved)
[    0.836121] devtmpfs: initialized
[    0.837730] x86/mm: Memory block size: 128MB
[    0.852641] Running RCU synchronous self tests
[    0.854976] Running RCU synchronous self tests
[    0.860099] Running RCU Tasks wait API self tests
[    0.860561] Running RCU Tasks Rude wait API self tests
[    0.860561] Running RCU Tasks Trace wait API self tests
[    0.880210] clocksource: jiffies: mask: 0xffffffff max_cycles: 0xffffffff, max_idle_ns: 7645041785100000 ns
[    0.884171] posixtimers hash table entries: 1024 (order: 5, 73728 bytes, linear)
[    0.885335] futex hash table entries: 512 (65536 bytes on 1 NUMA nodes, total 64 KiB, linear).
[    0.889165] 
[    0.889333] *************************************************************
[    0.889912] **     NOTICE NOTICE NOTICE NOTICE NOTICE NOTICE NOTICE    **
[    0.890506] **                                                         **
[    0.891089] **  IOMMU DebugFS SUPPORT HAS BEEN ENABLED IN THIS KERNEL  **
[    0.891668] **                                                         **
[    0.892080] ** This means that this kernel is built to expose internal **
[    0.892745] ** IOMMU data structures, which may compromise security on **
[    0.893508] ** your system.                                            **
[    0.894171] **                                                         **
[    0.894756] ** If you see this message and you are not debugging the   **
[    0.895337] ** kernel, report this immediately to your vendor!         **
[    0.895917] **                                                         **
[    0.896081] **     NOTICE NOTICE NOTICE NOTICE NOTICE NOTICE NOTICE    **
[    0.896663] *************************************************************
[    0.897358] PM: RTC time: 15:45:44, date: 2026-01-13
[    0.901954] NET: Registered PF_NETLINK/PF_ROUTE protocol family
[    0.904202] DMA: preallocated 256 KiB GFP_KERNEL pool for atomic allocations
[    0.904853] DMA: preallocated 256 KiB GFP_KERNEL|GFP_DMA pool for atomic allocations
[    0.905543] DMA: preallocated 256 KiB GFP_KERNEL|GFP_DMA32 pool for atomic allocations
[    0.906306] audit: initializing netlink subsys (disabled)
[    0.906840] audit: type=2000 audit(1768319144.913:1): state=initialized audit_enabled=0 res=1
[    0.910769] thermal_sys: Registered thermal governor 'fair_share'
[    0.910785] thermal_sys: Registered thermal governor 'bang_bang'
[    0.912062] thermal_sys: Registered thermal governor 'step_wise'
[    0.912087] thermal_sys: Registered thermal governor 'user_space'
[    0.916095] cpuidle: using governor ladder
[    0.917965] cpuidle: using governor menu
[    0.917965] Callback from call_rcu_tasks_trace() invoked.
[    0.917965] acpiphp: ACPI Hot Plug PCI Controller Driver version: 0.5
[    0.919491] PCI: Using configuration type 1 for base access
[    0.924579] kprobes: kprobe jump-optimization is enabled. All kprobes are optimized if possible.
[    1.104278] HugeTLB: registered 1.00 GiB page size, pre-allocated 0 pages
[    1.105112] HugeTLB: 16380 KiB vmemmap can be freed for a 1.00 GiB page
[    1.105825] HugeTLB: registered 2.00 MiB page size, pre-allocated 0 pages
[    1.106646] HugeTLB: 28 KiB vmemmap can be freed for a 2.00 MiB page
[    1.135659] ACPI: Added _OSI(Module Device)
[    1.136131] ACPI: Added _OSI(Processor Device)
[    1.136544] ACPI: Added _OSI(Processor Aggregator Device)
[    1.157326] ACPI: 1 ACPI AML tables successfully acquired and loaded
[    1.164956] ACPI: Interpreter enabled
[    1.165482] ACPI: PM: (supports S0 S3 S4 S5)
[    1.165873] ACPI: Using IOAPIC for interrupt routing
[    1.166467] PCI: Using host bridge windows from ACPI; if necessary, use "pci=nocrs" and report a bug
[    1.167269] PCI: Using E820 reservations for host bridge windows
[    1.169281] ACPI: Enabled 2 GPEs in block 00 to 0F
[    1.216623] ACPI: PCI Root Bridge [PCI0] (domain 0000 [bus 00-ff])
[    1.217276] acpi PNP0A03:00: _OSC: OS supports [ASPM ClockPM Segments MSI EDR HPX-Type3]
[    1.218027] acpi PNP0A03:00: _OSC: not requesting OS control; OS requires [ExtendedConfig ASPM ClockPM MSI]
[    1.219134] acpi PNP0A03:00: fail to add MMCONFIG information, can't access extended configuration space under this bridge
[    1.225791] acpiphp: Slot [3] registered
[    1.226347] acpiphp: Slot [4] registered
[    1.226929] acpiphp: Slot [5] registered
[    1.227467] acpiphp: Slot [6] registered
[    1.228009] acpiphp: Slot [7] registered
[    1.228239] acpiphp: Slot [8] registered
[    1.228801] acpiphp: Slot [9] registered
[    1.229355] acpiphp: Slot [10] registered
[    1.229898] acpiphp: Slot [11] registered
[    1.230458] acpiphp: Slot [12] registered
[    1.231042] acpiphp: Slot [13] registered
[    1.231613] acpiphp: Slot [14] registered
[    1.232179] acpiphp: Slot [15] registered
[    1.232739] acpiphp: Slot [16] registered
[    1.233312] acpiphp: Slot [17] registered
[    1.233863] acpiphp: Slot [18] registered
[    1.234406] acpiphp: Slot [19] registered
[    1.234952] acpiphp: Slot [20] registered
[    1.235528] acpiphp: Slot [21] registered
[    1.236086] acpiphp: Slot [22] registered
[    1.236632] acpiphp: Slot [23] registered
[    1.237183] acpiphp: Slot [24] registered
[    1.237751] acpiphp: Slot [25] registered
[    1.238305] acpiphp: Slot [26] registered
[    1.238859] acpiphp: Slot [27] registered
[    1.239414] acpiphp: Slot [28] registered
[    1.239986] acpiphp: Slot [29] registered
[    1.240241] acpiphp: Slot [30] registered
[    1.240802] acpiphp: Slot [31] registered
[    1.241281] PCI host bridge to bus 0000:00
[    1.241751] pci_bus 0000:00: root bus resource [io  0x0000-0x0cf7 window]
[    1.242404] pci_bus 0000:00: root bus resource [io  0x0d00-0xffff window]
[    1.243052] pci_bus 0000:00: root bus resource [mem 0x000a0000-0x000bffff window]
[    1.243758] pci_bus 0000:00: root bus resource [mem 0x80000000-0xfebfffff window]
[    1.244085] pci_bus 0000:00: root bus resource [mem 0x100000000-0x17fffffff window]
[    1.244809] pci_bus 0000:00: root bus resource [bus 00-ff]
[    1.245517] pci 0000:00:00.0: [8086:1237] type 00 class 0x060000 conventional PCI endpoint
[    1.257793] pci 0000:00:01.0: [8086:7000] type 00 class 0x060100 conventional PCI endpoint
[    1.260251] pci 0000:00:01.1: [8086:7010] type 00 class 0x010180 conventional PCI endpoint
[    1.261583] pci 0000:00:01.1: BAR 4 [io  0xc040-0xc04f]
[    1.262126] pci 0000:00:01.1: BAR 0 [io  0x01f0-0x01f7]: legacy IDE quirk
[    1.262786] pci 0000:00:01.1: BAR 1 [io  0x03f6]: legacy IDE quirk
[    1.263373] pci 0000:00:01.1: BAR 2 [io  0x0170-0x0177]: legacy IDE quirk
[    1.264016] pci 0000:00:01.1: BAR 3 [io  0x0376]: legacy IDE quirk
[    1.264723] pci 0000:00:01.3: [8086:7113] type 00 class 0x068000 conventional PCI endpoint
[    1.265820] pci 0000:00:01.3: quirk: [io  0x0600-0x063f] claimed by PIIX4 ACPI
[    1.266525] pci 0000:00:01.3: quirk: [io  0x0700-0x070f] claimed by PIIX4 SMB
[    1.267856] pci 0000:00:02.0: [1234:1111] type 00 class 0x030000 conventional PCI endpoint
[    1.273426] pci 0000:00:02.0: BAR 0 [mem 0xfd000000-0xfdffffff pref]
[    1.275823] pci 0000:00:02.0: BAR 2 [mem 0xfebf0000-0xfebf0fff]
[    1.276237] pci 0000:00:02.0: ROM [mem 0xfebe0000-0xfebeffff pref]
[    1.277565] pci 0000:00:02.0: Video device with shadowed ROM at [mem 0x000c0000-0x000dffff]
[    1.297970] pci 0000:00:03.0: [8086:100e] type 00 class 0x020000 conventional PCI endpoint
[    1.301219] pci 0000:00:03.0: BAR 0 [mem 0xfebc0000-0xfebdffff]
[    1.301916] pci 0000:00:03.0: BAR 1 [io  0xc000-0xc03f]
[    1.302533] pci 0000:00:03.0: ROM [mem 0xfeb80000-0xfebbffff pref]
[    1.332176] ACPI: PCI: Interrupt link LNKA configured for IRQ 10
[    1.334377] ACPI: PCI: Interrupt link LNKB configured for IRQ 10
[    1.336595] ACPI: PCI: Interrupt link LNKC configured for IRQ 11
[    1.338599] ACPI: PCI: Interrupt link LNKD configured for IRQ 11
[    1.339823] ACPI: PCI: Interrupt link LNKS configured for IRQ 9
[    1.348259] iommu: Default domain type: Translated
[    1.349057] iommu: DMA domain TLB invalidation policy: lazy mode
[    1.356985] SCSI subsystem initialized
[    1.358968] ACPI: bus type USB registered
[    1.359907] usbcore: registered new interface driver usbfs
[    1.360323] usbcore: registered new interface driver hub
[    1.361088] usbcore: registered new device driver usb
[    1.362330] pps_core: LinuxPPS API ver. 1 registered
[    1.362945] pps_core: Software ver. 5.3.6 - Copyright 2005-2007 Rodolfo Giometti <giometti@linux.it>
[    1.364070] PTP clock support registered
[    1.365242] EDAC MC: Ver: 3.0.0
[    1.376168] NetLabel: Initializing
[    1.376571] NetLabel:  domain hash size = 128
[    1.377027] NetLabel:  protocols = UNLABELED CIPSOv4 CALIPSO
[    1.377877] NetLabel:  unlabeled traffic allowed by default
[    1.379592] PCI: Using ACPI for IRQ routing
[    1.380679] pci 0000:00:02.0: vgaarb: setting as boot VGA device
[    1.381333] pci 0000:00:02.0: vgaarb: bridge control possible
[    1.381936] pci 0000:00:02.0: vgaarb: VGA device added: decodes=io+mem,owns=io+mem,locks=none
[    1.382835] vgaarb: loaded
[    1.385287] hpet0: at MMIO 0xfed00000, IRQs 2, 8, 0
[    1.385838] hpet0: 3 comparators, 64-bit 100.000000 MHz counter
[    1.392892] clocksource: Switched to clocksource kvm-clock
[    4.699550] VFS: Disk quotas dquot_6.6.0
[    4.700419] VFS: Dquot-cache hash table entries: 512 (order 0, 4096 bytes)
[    4.704708] pnp: PnP ACPI init
[    4.710816] pnp: PnP ACPI: found 6 devices
[    4.736667] clocksource: acpi_pm: mask: 0xffffff max_cycles: 0xffffff, max_idle_ns: 2085701024 ns
[    4.738221] NET: Registered PF_INET protocol family
[    4.739090] IP idents hash table entries: 32768 (order: 6, 262144 bytes, linear)
[    4.742149] tcp_listen_portaddr_hash hash table entries: 1024 (order: 5, 73728 bytes, linear)
[    4.743076] Table-perturb hash table entries: 65536 (order: 6, 262144 bytes, linear)
[    4.743894] TCP established hash table entries: 16384 (order: 5, 131072 bytes, linear)
[    4.745246] TCP bind hash table entries: 16384 (order: 10, 2359296 bytes, linear)
[    4.748785] TCP: Hash tables configured (established 16384 bind 16384)
[    4.749812] UDP hash table entries: 1024 (order: 6, 262144 bytes, linear)
[    4.750724] UDP-Lite hash table entries: 1024 (order: 6, 262144 bytes, linear)
[    4.752097] NET: Registered PF_UNIX/PF_LOCAL protocol family
[    4.755673] RPC: Registered named UNIX socket transport module.
[    4.756254] RPC: Registered udp transport module.
[    4.756702] RPC: Registered tcp transport module.
[    4.757169] RPC: Registered tcp-with-tls transport module.
[    4.757673] RPC: Registered tcp NFSv4.1 backchannel transport module.
[    4.758313] pci_bus 0000:00: resource 4 [io  0x0000-0x0cf7 window]
[    4.758891] pci_bus 0000:00: resource 5 [io  0x0d00-0xffff window]
[    4.759463] pci_bus 0000:00: resource 6 [mem 0x000a0000-0x000bffff window]
[    4.760093] pci_bus 0000:00: resource 7 [mem 0x80000000-0xfebfffff window]
[    4.760733] pci_bus 0000:00: resource 8 [mem 0x100000000-0x17fffffff window]
[    4.761835] pci 0000:00:01.0: PIIX3: Enabling Passive Release
[    4.762387] pci 0000:00:00.0: Limiting direct PCI/PCI transfers
[    4.763035] PCI: CLS 0 bytes, default 64
[    4.763565] ACPI: bus type thunderbolt registered
[    4.764638] clocksource: tsc: mask: 0xffffffffffffffff max_cycles: 0x2b2c8ec87c7, max_idle_ns: 440795278598 ns
[    4.774978] Initialise system trusted keyrings
[    4.775585] Key type blacklist registered
[    4.776411] workingset: timestamp_bits=36 max_order=19 bucket_order=0
[    4.779612] squashfs: version 4.0 (2009/01/31) Phillip Lougher
[    4.782073] NFS: Registering the id_resolver key type
[    4.782634] Key type id_resolver registered
[    4.783061] Key type id_legacy registered
[    4.783546] nfs4filelayout_init: NFSv4 File Layout Driver Registering...
[    4.784291] nfs4flexfilelayout_init: NFSv4 Flexfile Layout Driver Registering...
[    4.786112] fuse: init (API version 7.45)
[    4.787331] SGI XFS with ACLs, security attributes, realtime, quota, no debug enabled
[    4.790017] 9p: Installing v9fs 9p2000 file system support
[    4.807162] Key type asymmetric registered
[    4.807667] Asymmetric key parser 'x509' registered
[    4.808492] Block layer SCSI generic (bsg) driver version 0.4 loaded (major 241)
[    4.809479] Callback from call_rcu_tasks() invoked.
[    4.810377] io scheduler mq-deadline registered
[    4.811059] io scheduler bfq registered
[    4.812137] ledtrig-cpu: registered to indicate activity on CPUs
[    4.815127] IPMI message handler: version 39.2
[    4.815736] ipmi device interface
[    4.819210] input: Power Button as /devices/LNXSYSTM:00/LNXPWRBN:00/input/input0
[    4.821063] ACPI: button: Power Button [PWRF]
[    4.824415] ERST DBG: ERST support is disabled.
[    4.827570] Serial: 8250/16550 driver, 32 ports, IRQ sharing enabled
[    4.830272] 00:04: ttyS0 at I/O 0x3f8 (irq = 4, base_baud = 115200) is a 16550A
[    4.890839] Linux agpgart interface v0.103
[    4.896291] ACPI: bus type drm_connector registered
[    4.931645] brd: module loaded
[    4.954727] loop: module loaded
[    4.968765] scsi host0: ata_piix
[    4.970807] scsi host1: ata_piix
[    4.971847] ata1: PATA max MWDMA2 cmd 0x1f0 ctl 0x3f6 bmdma 0xc040 irq 14 lpm-pol 0
[    4.972793] ata2: PATA max MWDMA2 cmd 0x170 ctl 0x376 bmdma 0xc048 irq 15 lpm-pol 0
[    4.978093] tun: Universal TUN/TAP device driver, 1.6
[    4.979335] e100: Intel(R) PRO/100 Network Driver
[    4.979948] e100: Copyright(c) 1999-2006 Intel Corporation
[    4.980875] e1000: Intel(R) PRO/1000 Network Driver
[    4.981503] e1000: Copyright (c) 1999-2006 Intel Corporation.
[    5.133064] ata2: found unknown device (class 0)
[    5.134007] ata1: found unknown device (class 0)
[    5.135417] ata1.00: ATA-7: QEMU HARDDISK, 2.5+, max UDMA/100
[    5.136240] ata1.00: 17196647 sectors, multi 16: LBA48 
[    5.137723] ata2.00: ATAPI: QEMU DVD-ROM, 2.5+, max UDMA/100
[    5.140336] scsi 0:0:0:0: Direct-Access     ATA      QEMU HARDDISK    2.5+ PQ: 0 ANSI: 5
[    5.146094] sd 0:0:0:0: Attached scsi generic sg0 type 0
[    5.147253] sd 0:0:0:0: [sda] 17196647 512-byte logical blocks: (8.80 GB/8.20 GiB)
[    5.148365] sd 0:0:0:0: [sda] Write Protect is off
[    5.149009] sd 0:0:0:0: [sda] Write cache: enabled, read cache: enabled, doesn't support DPO or FUA
[    5.150095] sd 0:0:0:0: [sda] Preferred minimum I/O size 512 bytes
[    5.163801] scsi 1:0:0:0: CD-ROM            QEMU     QEMU DVD-ROM     2.5+ PQ: 0 ANSI: 5
[    5.180541] sd 0:0:0:0: [sda] Attached SCSI disk
[    5.187094] scsi 1:0:0:0: Attached scsi generic sg1 type 5
[    5.866931] ACPI: \_SB_.LNKC: Enabled at IRQ 11
[    6.181507] e1000 0000:00:03.0 eth0: (PCI:33MHz:32-bit) 52:54:00:12:34:56
[    6.182189] e1000 0000:00:03.0 eth0: Intel(R) PRO/1000 Network Connection
[    6.183015] e1000e: Intel(R) PRO/1000 Network Driver
[    6.183471] e1000e: Copyright(c) 1999 - 2015 Intel Corporation.
[    6.184205] igb: Intel(R) Gigabit Ethernet Network Driver
[    6.184699] igb: Copyright (c) 2007-2014 Intel Corporation.
[    6.185683] PPP generic driver version 2.4.2
[    6.189103] VFIO - User Level meta-driver version: 0.3
[    6.191532] usbcore: registered new interface driver uas
[    6.192622] usbcore: registered new interface driver usb-storage
[    6.194122] i8042: PNP: PS/2 Controller [PNP0303:KBD,PNP0f13:MOU] at 0x60,0x64 irq 1,12
[    6.196941] serio: i8042 KBD port at 0x60,0x64 irq 1
[    6.197822] serio: i8042 AUX port at 0x60,0x64 irq 12
[    6.201113] mousedev: PS/2 mouse device common for all mice
[    6.204549] rtc_cmos 00:05: RTC can wake from S4
[    6.206990] input: AT Translated Set 2 keyboard as /devices/platform/i8042/serio0/input/input1
[    6.209550] input: VirtualPS/2 VMware VMMouse as /devices/platform/i8042/serio1/input/input4
[    6.209848] rtc_cmos 00:05: registered as rtc0
[    6.210888] rtc_cmos 00:05: setting system clock to 2026-01-13T15:45:49 UTC (1768319149)
[    6.211624] input: VirtualPS/2 VMware VMMouse as /devices/platform/i8042/serio1/input/input3
[    6.212874] rtc_cmos 00:05: alarms up to one day, y3k, 242 bytes nvram, hpet irqs
[    6.213683] i2c_dev: i2c /dev entries driver
[    6.214287] device-mapper: core: CONFIG_IMA_DISABLE_HTABLE is disabled. Duplicate IMA measurements will not be recorded in the IMA log.
[    6.215449] device-mapper: uevent: version 1.0.3
[    6.216436] device-mapper: ioctl: 4.50.0-ioctl (2025-04-28) initialised: dm-devel@lists.linux.dev
[    6.217311] intel_pstate: CPU model not supported
[    6.218114] sdhci: Secure Digital Host Controller Interface driver
[    6.218691] sdhci: Copyright(c) Pierre Ossman
[    6.219376] sdhci-pltfm: SDHCI platform and OF driver helper
[    6.220711] drop_monitor: Initializing network drop monitor service
[    6.221838] NET: Registered PF_INET6 protocol family
[    6.224776] Segment Routing with IPv6
[    6.225259] In-situ OAM (IOAM) with IPv6
[    6.225719] NET: Registered PF_PACKET protocol family
[    6.226504] 9pnet: Installing 9P2000 support
[    6.227165] Key type dns_resolver registered
[    6.229572] IPI shorthand broadcast: enabled
[    6.295755] sched_clock: Marking stable (6276008923, 16848194)->(6368804533, -75947416)
[    6.299013] registered taskstats version 1
[    6.300113] Loading compiled-in X.509 certificates
[    6.387122] Demotion targets for Node 0: null
[    6.391130] Key type .fscrypt registered
[    6.393052] Key type fscrypt-provisioning registered
[    6.399767] Key type encrypted registered
[    6.400229] ima: No TPM chip found, activating TPM-bypass!
[    6.400794] ima: Allocated hash algorithm: sha1
[    6.401365] ima: No architecture policies found
[    6.402019] evm: Initialising EVM extended attributes:
[    6.402524] evm: security.selinux
[    6.402851] evm: security.SMACK64
[    6.403177] evm: security.SMACK64EXEC
[    6.403534] evm: security.SMACK64TRANSMUTE
[    6.403932] evm: security.SMACK64MMAP
[    6.404290] evm: security.apparmor
[    6.404631] evm: security.ima
[    6.404956] evm: security.capability
[    6.405308] evm: HMAC attrs: 0x1
[    6.408844] PM:   Magic number: 10:771:790
[    6.410798] RAS: Correctable Errors collector initialized.
[    6.412442] clk: Disabling unused clocks
[    6.413154] PM: genpd: Disabling unused power domains
[    6.414937] check access for rdinit=/init failed: -2, ignoring
[    6.415522] md: Waiting for all devices to be available before autodetect
[    6.416174] md: If you don't use raid, use raid=noautodetect
[    6.416738] md: Autodetecting RAID arrays.
[    6.417307] md: autorun ...
[    6.417607] md: ... autorun DONE.
[    6.429569] EXT4-fs (sda): INFO: recovery required on readonly filesystem
[    6.430086] EXT4-fs (sda): write access will be enabled during recovery
[    6.875784] EXT4-fs (sda): recovery complete
[    6.880078] EXT4-fs (sda): mounted filesystem 088740a9-c8b4-422c-999d-a804eb68a4da ro with ordered data mode. Quota mode: none.
[    6.881556] VFS: Mounted root (ext4 filesystem) readonly on device 8:0.
[    6.885693] devtmpfs: mounted
[    6.909637] Freeing unused decrypted memory: 2036K
[    6.921924] Freeing unused kernel image (initmem) memory: 16420K
[    6.922585] Write protecting the kernel read-only data: 102400k
[    6.925825] Freeing unused kernel image (text/rodata gap) memory: 976K
[    6.928200] Freeing unused kernel image (rodata/data gap) memory: 1664K
[    7.023202] x86/mm: Checked W+X mappings: passed, no W+X pages found.
[    7.023722] Run /sbin/init as init process
[    7.356420] systemd[1]: systemd 252-15.el9 running in system mode (+PAM +AUDIT +SELINUX -APPARMOR +IMA +SMACK +SECCOMP +GCRYPT +GNUTLS +OPENSSL +ACL +BLKID +CURL +ELFUTILS -FIDO2 +IDN2 -IDN -IPTC +KMOD +LIBCRYPTSETUP +LIBFDISK +PCRE2 -PWQUALITY +P11KIT -QRENCODE +TPM2 +BZIP2 +LZ4 +XZ +ZLIB +ZSTD -BPF_FRAMEWORK +XKBCOMMON +UTMP +SYSVINIT default-hierarchy=unified)
[    7.361196] systemd[1]: Detected virtualization kvm.
[    7.361866] systemd[1]: Detected architecture x86-64.

Welcome to [0;31mCentOS Stream 9[0m!

[    7.371562] systemd[1]: Hostname set to <test>.
[    7.753175] systemd-rc-local-generator[117]: /etc/rc.d/rc.local is not marked executable, skipping.
[    8.448146] systemd[1]: Queued start job for default target Multi-User System.
[    8.475017] systemd[1]: Created slice Virtual Machine and Container Slice.
[[0;32m  OK  [0m] Created slice [0;1;39mVirtual Machine and Container Slice[0m.
[    8.483828] systemd[1]: Created slice Slice /system/getty.
[[0;32m  OK  [0m] Created slice [0;1;39mSlice /system/getty[0m.
[    8.493987] systemd[1]: Created slice Slice /system/modprobe.
[[0;32m  OK  [0m] Created slice [0;1;39mSlice /system/modprobe[0m.
[    8.498137] systemd[1]: Created slice Slice /system/serial-getty.
[[0;32m  OK  [0m] Created slice [0;1;39mSlice /system/serial-getty[0m.
[    8.501690] systemd[1]: Created slice Slice /system/sshd-keygen.
[[0;32m  OK  [0m] Created slice [0;1;39mSlice /system/sshd-keygen[0m.
[    8.504991] systemd[1]: Created slice User and Session Slice.
[[0;32m  OK  [0m] Created slice [0;1;39mUser and Session Slice[0m.
[    8.506656] systemd[1]: Started Forward Password Requests to Wall Directory Watch.
[[0;32m  OK  [0m] Started [0;1;39mForward Password R…uests to Wall Directory Watch[0m.
[    8.509567] systemd[1]: Set up automount Arbitrary Executable File Formats File System Automount Point.
[[0;32m  OK  [0m] Set up automount [0;1;39mArbitrary…s File System Automount Point[0m.
[    8.511381] systemd[1]: Reached target Local Integrity Protected Volumes.
[[0;32m  OK  [0m] Reached target [0;1;39mLocal Integrity Protected Volumes[0m.
[    8.512943] systemd[1]: Reached target Slice Units.
[[0;32m  OK  [0m] Reached target [0;1;39mSlice Units[0m.
[    8.514105] systemd[1]: Reached target Swaps.
[[0;32m  OK  [0m] Reached target [0;1;39mSwaps[0m.
[    8.515220] systemd[1]: Reached target Local Verity Protected Volumes.
[[0;32m  OK  [0m] Reached target [0;1;39mLocal Verity Protected Volumes[0m.
[    8.517390] systemd[1]: Listening on Device-mapper event daemon FIFOs.
[[0;32m  OK  [0m] Listening on [0;1;39mDevice-mapper event daemon FIFOs[0m.
[    8.519508] systemd[1]: Listening on LVM2 poll daemon socket.
[[0;32m  OK  [0m] Listening on [0;1;39mLVM2 poll daemon socket[0m.
[    8.521042] systemd[1]: multipathd control socket was skipped because of an unmet condition check (ConditionPathExists=/etc/multipath.conf).
[    8.585117] systemd[1]: Listening on RPCbind Server Activation Socket.
[[0;32m  OK  [0m] Listening on [0;1;39mRPCbind Server Activation Socket[0m.
[    8.586788] systemd[1]: Reached target RPC Port Mapper.
[[0;32m  OK  [0m] Reached target [0;1;39mRPC Port Mapper[0m.
[    8.591022] systemd[1]: Listening on Process Core Dump Socket.
[[0;32m  OK  [0m] Listening on [0;1;39mProcess Core Dump Socket[0m.
[    8.592633] systemd[1]: Listening on initctl Compatibility Named Pipe.
[[0;32m  OK  [0m] Listening on [0;1;39minitctl Compatibility Named Pipe[0m.
[    8.594597] systemd[1]: Listening on Journal Socket (/dev/log).
[[0;32m  OK  [0m] Listening on [0;1;39mJournal Socket (/dev/log)[0m.
[    8.596418] systemd[1]: Listening on Journal Socket.
[[0;32m  OK  [0m] Listening on [0;1;39mJournal Socket[0m.
[    8.598343] systemd[1]: Listening on udev Control Socket.
[[0;32m  OK  [0m] Listening on [0;1;39mudev Control Socket[0m.
[    8.599815] systemd[1]: Listening on udev Kernel Socket.
[[0;32m  OK  [0m] Listening on [0;1;39mudev Kernel Socket[0m.
[    8.637584] systemd[1]: Mounting Huge Pages File System...
         Mounting [0;1;39mHuge Pages File System[0m...
[    8.650352] systemd[1]: Mounting POSIX Message Queue File System...
         Mounting [0;1;39mPOSIX Message Queue File System[0m...
[    8.660402] systemd[1]: Mounting Kernel Debug File System...
         Mounting [0;1;39mKernel Debug File System[0m...
[    8.689581] systemd[1]: Mounting Kernel Trace File System...
         Mounting [0;1;39mKernel Trace File System[0m...
[    8.691049] systemd[1]: Kernel Module supporting RPCSEC_GSS was skipped because of an unmet condition check (ConditionPathExists=/etc/krb5.keytab).
[    8.692105] systemd[1]: Create List of Static Device Nodes was skipped because of an unmet condition check (ConditionFileNotEmpty=/lib/modules/6.19.0-rc5-dc44eb5c2c9f+/modules.devname).
[    8.700656] systemd[1]: Starting Monitoring of LVM2 mirrors, snapshots etc. using dmeventd or progress polling...
         Starting [0;1;39mMonitoring of LVM…meventd or progress polling[0m...
[    8.711186] systemd[1]: Starting Load Kernel Module configfs...
         Starting [0;1;39mLoad Kernel Module configfs[0m...
[    8.729744] systemd[1]: Starting Load Kernel Module drm...
         Starting [0;1;39mLoad Kernel Module drm[0m...
[    8.745429] systemd[1]: Starting Load Kernel Module fuse...
         Starting [0;1;39mLoad Kernel Module fuse[0m...
[    8.760336] systemd[1]: Starting Read and set NIS domainname from /etc/sysconfig/network...
         Starting [0;1;39mRead and set NIS …from /etc/sysconfig/network[0m...
[    8.793403] systemd[1]: Starting Journal Service...
         Starting [0;1;39mJournal Service[0m...
[    8.809379] systemd[1]: Starting Load Kernel Modules...
         Starting [0;1;39mLoad Kernel Modules[0m...
[    8.828779] systemd[1]: Starting Generate network units from Kernel command line...
         Starting [0;1;39mGenerate network …ts from Kernel command line[0m...
[    8.850025] systemd[1]: Starting Remount Root and Kernel File Systems...
         Starting [0;1;39mRemount Root and Kernel File Systems[0m...
[    8.858484] systemd[1]: Repartition Root Disk was skipped because no trigger condition checks were met.
[    8.893647] systemd[1]: Starting Coldplug All udev Devices...
         Starting [0;1;39mColdplug All udev Devices[0m...
[    8.921471] systemd[1]: Mounted Huge Pages File System.
[[0;32m  OK  [0m] Mounted [0;1;39mHuge Pages File System[0m.
[    8.923896] systemd[1]: Mounted POSIX Message Queue File System.
[[0;32m  OK  [0m] Mounted [0;1;39mPOSIX Message Queue File System[0m.
[    8.941791] systemd[1]: Mounted Kernel Debug File System.
[[0;32m  OK  [0m] Mounted [0;1;39mKernel Debug File System[0m.
[    8.943602] systemd[1]: Mounted Kernel Trace File System.
[[0;32m  OK  [0m] Mounted [0;1;39mKernel Trace File System[0m.
[    8.956560] EXT4-fs (sda): re-mounted 088740a9-c8b4-422c-999d-a804eb68a4da r/w.
[    8.964986] systemd[1]: Finished Monitoring of LVM2 mirrors, snapshots etc. using dmeventd or progress polling.
[[0;32m  OK  [0m] Finished [0;1;39mMonitoring of LVM… dmeventd or progress polling[0m.
[    8.980664] systemd[1]: modprobe@configfs.service: Deactivated successfully.
[    8.989639] systemd[1]: Finished Load Kernel Module configfs.
[[0;32m  OK  [0m] Finished [0;1;39mLoad Kernel Module configfs[0m.
[    8.997096] systemd[1]: modprobe@drm.service: Deactivated successfully.
[    8.998814] systemd[1]: Finished Load Kernel Module drm.
[[0;32m  OK  [0m] Finished [0;1;39mLoad Kernel Module drm[0m.
[    9.002013] systemd[1]: Started Journal Service.
[[0;32m  OK  [0m] Started [0;1;39mJournal Service[0m.
[[0;32m  OK  [0m] Finished [0;1;39mLoad Kernel Module fuse[0m.
[[0;32m  OK  [0m] Finished [0;1;39mRead and set NIS …e from /etc/sysconfig/network[0m.
[[0;1;31mFAILED[0m] Failed to start [0;1;39mLoad Kernel Modules[0m.
See 'systemctl status systemd-modules-load.service' for details.
[[0;32m  OK  [0m] Finished [0;1;39mGenerate network units from Kernel command line[0m.
[[0;32m  OK  [0m] Finished [0;1;39mRemount Root and Kernel File Systems[0m.
[[0;32m  OK  [0m] Reached target [0;1;39mPreparation for Network[0m.
         Mounting [0;1;39mFUSE Control File System[0m...
         Mounting [0;1;39mKernel Configuration File System[0m...
         Starting [0;1;39mFlush Journal to Persistent Storage[0m...
         Starting [0;1;39mLoad/Save Random Seed[0m...
         Starting [0;1;39mApply Kernel Variables[0m...
[    9.165360] systemd-journald[143]: Received client request to flush runtime journal.
         Starting [0;1;39mCreate Static Device Nodes in /dev[0m...
         Starting [0;1;39mSetup Virtual Console[0m...
[[0;32m  OK  [0m] Mounted [0;1;39mFUSE Control File System[0m.
[[0;32m  OK  [0m] Mounted [0;1;39mKernel Configuration File System[0m.
[[0;32m  OK  [0m] Finished [0;1;39mFlush Journal to Persistent Storage[0m.
[[0;32m  OK  [0m] Finished [0;1;39mLoad/Save Random Seed[0m.
[[0;32m  OK  [0m] Finished [0;1;39mApply Kernel Variables[0m.
[[0;32m  OK  [0m] Finished [0;1;39mCreate Static Device Nodes in /dev[0m.
         Starting [0;1;39mRule-based Manage…for Device Events and Files[0m...
[[0;32m  OK  [0m] Started [0;1;39mRule-based Manager for Device Events and Files[0m.
         Starting [0;1;39mAuto-connect to s…E devices found during boot[0m...
[[0;32m  OK  [0m] Finished [0;1;39mAuto-connect to s…VME devices found during boot[0m.
[[0;32m  OK  [0m] Finished [0;1;39mSetup Virtual Console[0m.
[[0;32m  OK  [0m] Finished [0;1;39mColdplug All udev Devices[0m.
[[0;32m  OK  [0m] Started [0;1;39mDispatch Password …ts to Console Directory Watch[0m.
[[0;32m  OK  [0m] Reached target [0;1;39mLocal Encrypted Volumes[0m.
[[0;32m  OK  [0m] Reached target [0;1;39mPath Units[0m.
         Starting [0;1;39mWait for udev To …plete Device Initialization[0m...
[[0;32m  OK  [0m] Found device [0;1;39m/dev/ttyS0[0m.
[[0;32m  OK  [0m] Listening on [0;1;39mLoad/Save RF …itch Status /dev/rfkill Watch[0m.
[[0;32m  OK  [0m] Finished [0;1;39mWait for udev To Complete Device Initialization[0m.
[[0;32m  OK  [0m] Reached target [0;1;39mPreparation for Local File Systems[0m.
[[0;32m  OK  [0m] Reached target [0;1;39mLocal File Systems[0m.
         Starting [0;1;39mTell Plymouth To Write Out Runtime Data[0m...
         Starting [0;1;39mAutomatic Boot Loader Update[0m...
         Starting [0;1;39mCreate Volatile Files and Directories[0m...
[[0;32m  OK  [0m] Finished [0;1;39mTell Plymouth To Write Out Runtime Data[0m.
[[0;32m  OK  [0m] Finished [0;1;39mAutomatic Boot Loader Update[0m.
[[0;32m  OK  [0m] Finished [0;1;39mCreate Volatile Files and Directories[0m.
         Mounting [0;1;39mRPC Pipe File System[0m...
         Starting [0;1;39mSecurity Auditing Service[0m...
         Starting [0;1;39mRPC Bind[0m...
[[0;32m  OK  [0m] Mounted [0;1;39mRPC Pipe File System[0m.
[[0;32m  OK  [0m] Reached target [0;1;39mrpc_pipefs.target[0m.
[[0;32m  OK  [0m] Started [0;1;39mRPC Bind[0m.
[[0;32m  OK  [0m] Started [0;1;39mSecurity Auditing Service[0m.
         Starting [0;1;39mRecord System Boot/Shutdown in UTMP[0m...
[[0;32m  OK  [0m] Finished [0;1;39mRecord System Boot/Shutdown in UTMP[0m.
[[0;32m  OK  [0m] Reached target [0;1;39mSystem Initialization[0m.
[[0;32m  OK  [0m] Started [0;1;39mDaily rotation of log files[0m.
[[0;32m  OK  [0m] Started [0;1;39mUpdates mlocate database every day[0m.
[[0;32m  OK  [0m] Started [0;1;39mDaily Cleanup of Temporary Directories[0m.
[[0;32m  OK  [0m] Started [0;1;39mdaily update of the root trust anchor for DNSSEC[0m.
[[0;32m  OK  [0m] Reached target [0;1;39mTimer Units[0m.
[[0;32m  OK  [0m] Listening on [0;1;39mD-Bus System Message Bus Socket[0m.
[[0;32m  OK  [0m] Listening on [0;1;39mOpen-iSCSI iscsid Socket[0m.
[[0;32m  OK  [0m] Listening on [0;1;39mOpen-iSCSI iscsiuio Socket[0m.
[[0;32m  OK  [0m] Listening on [0;1;39mSSSD Kerberos…ache Manager responder socket[0m.
[[0;32m  OK  [0m] Listening on [0;1;39mLibvirt interface local socket[0m.
[[0;32m  OK  [0m] Listening on [0;1;39mVirtual machine lock manager socket[0m.
[[0;32m  OK  [0m] Listening on [0;1;39mVirtual machine log manager socket[0m.
[[0;32m  OK  [0m] Listening on [0;1;39mLibvirt network local socket[0m.
[[0;32m  OK  [0m] Listening on [0;1;39mLibvirt nodedev local socket[0m.
[[0;32m  OK  [0m] Listening on [0;1;39mLibvirt nwfilter local socket[0m.
[[0;32m  OK  [0m] Listening on [0;1;39mLibvirt proxy local socket[0m.
[[0;32m  OK  [0m] Listening on [0;1;39mLibvirt qemu local socket[0m.
[[0;32m  OK  [0m] Listening on [0;1;39mLibvirt qemu admin socket[0m.
[[0;32m  OK  [0m] Listening on [0;1;39mLibvirt qemu local read-only socket[0m.
[[0;32m  OK  [0m] Listening on [0;1;39mLibvirt secret local socket[0m.
[[0;32m  OK  [0m] Listening on [0;1;39mLibvirt storage local socket[0m.
[[0;32m  OK  [0m] Reached target [0;1;39mSocket Units[0m.
         Starting [0;1;39mD-Bus System Message Bus[0m...
[[0;32m  OK  [0m] Started [0;1;39mD-Bus System Message Bus[0m.
[[0;32m  OK  [0m] Reached target [0;1;39mBasic System[0m.
         Starting [0;1;39mNetwork Manager[0m...
         Starting [0;1;39mNTP client/server[0m...
         Starting [0;1;39mRestore /run/initramfs on shutdown[0m...
[[0;32m  OK  [0m] Started [0;1;39mirqbalance daemon[0m.
[[0;32m  OK  [0m] Started [0;1;39mlibstoragemgmt plug-in server daemon[0m.
[[0;32m  OK  [0m] Started [0;1;39mMachine Check Exception Logging Daemon[0m.
[[0;32m  OK  [0m] Reached target [0;1;39msshd-keygen.target[0m.
[[0;32m  OK  [0m] Reached target [0;1;39mUser and Group Name Lookups[0m.
         Starting [0;1;39mUser Login Management[0m...
         Starting [0;1;39mVirtual Machine a…tainer Registration Service[0m...
[[0;32m  OK  [0m] Finished [0;1;39mRestore /run/initramfs on shutdown[0m.
         Starting [0;1;39mHostname Service[0m...
[[0;32m  OK  [0m] Started [0;1;39mVirtual Machine an…ontainer Registration Service[0m.
[[0;32m  OK  [0m] Started [0;1;39mNTP client/server[0m.
[[0;32m  OK  [0m] Started [0;1;39mUser Login Management[0m.
[[0;32m  OK  [0m] Started [0;1;39mHostname Service[0m.
         Starting [0;1;39mNetwork Manager Script Dispatcher Service[0m...
[[0;32m  OK  [0m] Started [0;1;39mNetwork Manager Script Dispatcher Service[0m.
[   13.601128] e1000: eth0 NIC Link is Up 1000 Mbps Full Duplex, Flow Control: RX
[[0;32m  OK  [0m] Started [0;1;39mNetwork Manager[0m.
[[0;32m  OK  [0m] Reached target [0;1;39mNetwork[0m.
[[0;32m  OK  [0m] Reached target [0;1;39mNetwork is Online[0m.
         Starting [0;1;39mGSSAPI Proxy Daemon[0m...
         Starting [0;1;39mNotify NFS peers of a restart[0m...
         Starting [0;1;39mSystem Logging Service[0m...
         Starting [0;1;39mOpenSSH server daemon[0m...
         Starting [0;1;39mDynamic System Tuning Daemon[0m...
[[0;32m  OK  [0m] Started [0;1;39mNotify NFS peers of a restart[0m.
[[0;32m  OK  [0m] Started [0;1;39mOpenSSH server daemon[0m.
[[0;32m  OK  [0m] Started [0;1;39mGSSAPI Proxy Daemon[0m.
[[0;32m  OK  [0m] Reached target [0;1;39mNFS client services[0m.
[[0;32m  OK  [0m] Reached target [0;1;39mPreparation for Remote File Systems[0m.
[[0;32m  OK  [0m] Reached target [0;1;39mRemote File Systems[0m.
         Starting [0;1;39mPermit User Sessions[0m...
         Starting [0;1;39mVirtualization qemu daemon[0m...
[[0;32m  OK  [0m] Finished [0;1;39mPermit User Sessions[0m.
[[0;32m  OK  [0m] Started [0;1;39mDeferred execution scheduler[0m.
[[0;32m  OK  [0m] Started [0;1;39mCommand Scheduler[0m.
         Starting [0;1;39mHold until boot process finishes up[0m...
         Starting [0;1;39mTerminate Plymouth Boot Screen[0m...
[[0;32m  OK  [0m] Started [0;1;39mSystem Logging Service[0m.
[[0;32m  OK  [0m] Finished [0;1;39mHold until boot process finishes up[0m.
[[0;32m  OK  [0m] Started [0;1;39mGetty on tty1[0m.
[[0;32m  OK  [0m] Started [0;1;39mSerial Getty on ttyS0[0m.
[[0;32m  OK  [0m] Reached target [0;1;39mLogin Prompts[0m.
[[0;32m  OK  [0m] Finished [0;1;39mTerminate Plymouth Boot Screen[0m.
[[0;32m  OK  [0m] Started [0;1;39mVirtualization qemu daemon[0m.
         Starting [0;1;39mAuthorization Manager[0m...
[[0;32m  OK  [0m] Started [0;1;39mAuthorization Manager[0m.
[[0;32m  OK  [0m] Started [0;1;39mDynamic System Tuning Daemon[0m.
[[0;32m  OK  [0m] Reached target [0;1;39mMulti-User System[0m.
         Starting [0;1;39mRecord Runlevel Change in UTMP[0m...
[[0;32m  OK  [0m] Finished [0;1;39mRecord Runlevel Change in UTMP[0m.

CentOS Stream 9
Kernel 6.19.0-rc5-dc44eb5c2c9f+ on an x86_64

Activate the web console with: systemctl enable --now cockpit.socket

test login: [   24.706920] 
[   24.707107] =====================================
[   24.707487] WARNING: bad unlock balance detected!
[   24.707890] 6.19.0-rc5-dc44eb5c2c9f+ #1 Not tainted
[   24.708297] -------------------------------------
[   24.708692] repro/718 is trying to release lock (rcu_read_lock) at:
[   24.709216] [<ffffffff8212668a>] __wait_on_freeing_inode+0x13a/0x3b0
[   24.709772] but there are no more locks to release!
[   24.710177] 
[   24.710177] other info that might help us debug this:
[   24.710709] 4 locks held by repro/718:
[   24.711031]  #0: ffff888013316408 (sb_writers#3){.+.+}-{0:0}, at: filename_create+0x122/0x460
[   24.711771]  #1: ffff888022a80d70 (&type->i_mutex_dir_key#3/1){+.+.}-{4:4}, at: filename_create+0x1e6/0x460
[   24.712595]  #2: ffff888013312950 (jbd2_handle){++++}-{0:0}, at: start_this_handle+0x1042/0x1550
[   24.713356]  #3: ffffffff87416918 (inode_hash_lock){+.+.}-{3:3}, at: insert_inode_locked+0xf4/0x860
[   24.714123] 
[   24.714123] stack backtrace:
[   24.714501] CPU: 1 UID: 0 PID: 718 Comm: repro Not tainted 6.19.0-rc5-dc44eb5c2c9f+ #1 PREEMPT(voluntary) 
[   24.714516] Hardware name: QEMU Standard PC (i440FX + PIIX, 1996), BIOS rel-1.16.0-0-gd239552ce722-prebuilt.qemu.org 04/01/2014
[   24.714529] Call Trace:
[   24.714538]  <TASK>
[   24.714545]  dump_stack_lvl+0xea/0x150
[   24.714577]  ? __wait_on_freeing_inode+0x13a/0x3b0
[   24.714595]  dump_stack+0x19/0x20
[   24.714609]  print_unlock_imbalance_bug+0x121/0x140
[   24.714632]  ? __wait_on_freeing_inode+0x13a/0x3b0
[   24.714650]  lock_release+0x211/0x2a0
[   24.714672]  __wait_on_freeing_inode+0x13f/0x3b0
[   24.714690]  ? __pfx___wait_on_freeing_inode+0x10/0x10
[   24.714708]  ? do_raw_spin_lock+0x140/0x280
[   24.714721]  ? __pfx_var_wake_function+0x10/0x10
[   24.714744]  ? __this_cpu_preempt_check+0x21/0x30
[   24.714767]  ? lock_is_held_type+0xef/0x150
[   24.714786]  insert_inode_locked+0x26c/0x860
[   24.714807]  __ext4_new_inode+0x1c4a/0x5230
[   24.714835]  ? __pfx___ext4_new_inode+0x10/0x10
[   24.714849]  ? __pfx___dquot_initialize+0x10/0x10
[   24.714868]  ? ext4_lookup+0xe7/0x710
[   24.714886]  ? __this_cpu_preempt_check+0x21/0x30
[   24.714908]  ext4_mkdir+0x360/0xb70
[   24.714928]  ? __pfx_ext4_mkdir+0x10/0x10
[   24.714943]  ? security_inode_permission+0xb8/0x220
[   24.714969]  ? inode_permission+0x39d/0x690
[   24.714992]  ? __sanitizer_cov_trace_const_cmp2+0x1c/0x30
[   24.715011]  ? __sanitizer_cov_trace_const_cmp4+0x1a/0x20
[   24.715028]  vfs_mkdir+0x6d1/0xbe0
[   24.715041]  do_mkdirat+0x4c1/0x640
[   24.715059]  ? __pfx_do_mkdirat+0x10/0x10
[   24.715074]  ? strncpy_from_user+0x198/0x290
[   24.715100]  ? __sanitizer_cov_trace_const_cmp4+0x1a/0x20
[   24.715114]  ? getname_flags.part.0+0x1d5/0x570
[   24.715131]  ? __audit_syscall_entry+0x393/0x4f0
[   24.715152]  __x64_sys_mkdir+0xfd/0x150
[   24.715169]  x64_sys_call+0x1f87/0x21b0
[   24.715189]  do_syscall_64+0x6d/0x1180
[   24.715207]  entry_SYSCALL_64_after_hwframe+0x76/0x7e
[   24.715218] RIP: 0033:0x7f369463e7bb
[   24.715233] Code: 73 01 c3 48 8b 0d 65 b6 1b 00 f7 d8 64 89 01 48 83 c8 ff c3 66 2e 0f 1f 84 00 00 00 00 00 90 f3 0f 1e fa b8 53 00 00 00 0f 05 <48> 3d 01 f0 ff ff 73 01 c3 48 8b 0d 35 b6 1b 00 f7 d8 64 89 01 48
[   24.715245] RSP: 002b:00007ffff4aad0c8 EFLAGS: 00000202 ORIG_RAX: 0000000000000053
[   24.715260] RAX: ffffffffffffffda RBX: 0000000000000000 RCX: 00007f369463e7bb
[   24.715267] RDX: 0000000000000000 RSI: 00000000000001ff RDI: 00007ffff4aad0d0
[   24.715274] RBP: 00007ffff4aad110 R08: 0000000000000000 R09: 00007ffff4aace66
[   24.715281] R10: 000000000000001d R11: 0000000000000202 R12: 00007ffff4aad238
[   24.715288] R13: 0000000000401bdd R14: 0000000000403e08 R15: 00007f3694887000
[   24.715305]  </TASK>
[   24.736029] ------------[ cut here ]------------
[   24.736451] WARNING: kernel/rcu/tree_plugin.h:443 at __rcu_read_unlock+0x283/0x570, CPU#1: repro/718
[   24.738257] Modules linked in:
[   24.738571] CPU: 1 UID: 0 PID: 718 Comm: repro Not tainted 6.19.0-rc5-dc44eb5c2c9f+ #1 PREEMPT(voluntary) 
[   24.739369] Hardware name: QEMU Standard PC (i440FX + PIIX, 1996), BIOS rel-1.16.0-0-gd239552ce722-prebuilt.qemu.org 04/01/2014
[   24.740315] RIP: 0010:__rcu_read_unlock+0x283/0x570
[   24.740738] Code: e4 0f 84 d5 00 00 00 bf 09 00 00 00 e8 96 c6 d9 ff 4d 85 f6 0f 84 6a fe ff ff e8 98 2f 29 00 fb 0f 1f 44 00 00 e9 5a fe ff ff <0f> 0b 5b 41 5c 41 5d 41 5e 41 5f 5d e9 bc 54 81 04 e8 77 cf 8b 00
[   24.743337] RSP: 0018:ffff888018937948 EFLAGS: 00010286
[   24.743799] RAX: 00000000ffffffff RBX: ffff88800fcf0000 RCX: ffffffff8167a493
[   24.744386] RDX: 0000000000000000 RSI: 0000000000000001 RDI: ffff88800fcf083c
[   24.747388] RBP: ffff888018937970 R08: 0000000000000000 R09: fffffbfff0eae560
[   24.747999] R10: 0000000080000001 R11: 6162206b63617473 R12: ffff88800fcf0000
[   24.748598] R13: ffff88800fcf0000 R14: 0000000000000001 R15: 0000000000000001
[   24.752137] FS:  00007f369483a740(0000) GS:ffff8880e31b6000(0000) knlGS:0000000000000000
[   24.752818] CS:  0010 DS: 0000 ES: 0000 CR0: 0000000080050033
[   24.755051] CR2: 00000000157af2d8 CR3: 00000000123ea005 CR4: 0000000000770ef0
[   24.755653] PKRU: 55555554
[   24.755903] Call Trace:
[   24.756126]  <TASK>
[   24.756728]  __wait_on_freeing_inode+0x144/0x3b0
[   24.759068]  ? __pfx___wait_on_freeing_inode+0x10/0x10
[   24.759519]  ? do_raw_spin_lock+0x140/0x280
[   24.760232]  ? __pfx_var_wake_function+0x10/0x10
[   24.762161]  ? __this_cpu_preempt_check+0x21/0x30
[   24.762709]  ? lock_is_held_type+0xef/0x150
[   24.763640]  insert_inode_locked+0x26c/0x860
[   24.764826]  __ext4_new_inode+0x1c4a/0x5230
[   24.767901]  ? __pfx___ext4_new_inode+0x10/0x10
[   24.768633]  ? __pfx___dquot_initialize+0x10/0x10
[   24.769073]  ? ext4_lookup+0xe7/0x710
[   24.769998]  ? __this_cpu_preempt_check+0x21/0x30
[   24.771075]  ext4_mkdir+0x360/0xb70
[   24.772537]  ? __pfx_ext4_mkdir+0x10/0x10
[   24.772925]  ? security_inode_permission+0xb8/0x220
[   24.773615]  ? inode_permission+0x39d/0x690
[   24.773981]  ? __sanitizer_cov_trace_const_cmp2+0x1c/0x30
[   24.774445]  ? __sanitizer_cov_trace_const_cmp4+0x1a/0x20
[   24.775366]  vfs_mkdir+0x6d1/0xbe0
[   24.776406]  do_mkdirat+0x4c1/0x640
[   24.777546]  ? __pfx_do_mkdirat+0x10/0x10
[   24.777893]  ? strncpy_from_user+0x198/0x290
[   24.778728]  ? __sanitizer_cov_trace_const_cmp4+0x1a/0x20
[   24.779249]  ? getname_flags.part.0+0x1d5/0x570
[   24.779640]  ? __audit_syscall_entry+0x393/0x4f0
[   24.780510]  __x64_sys_mkdir+0xfd/0x150
[   24.781208]  x64_sys_call+0x1f87/0x21b0
[   24.781614]  do_syscall_64+0x6d/0x1180
[   24.782212]  entry_SYSCALL_64_after_hwframe+0x76/0x7e
[   24.782643] RIP: 0033:0x7f369463e7bb
[   24.783024] Code: 73 01 c3 48 8b 0d 65 b6 1b 00 f7 d8 64 89 01 48 83 c8 ff c3 66 2e 0f 1f 84 00 00 00 00 00 90 f3 0f 1e fa b8 53 00 00 00 0f 05 <48> 3d 01 f0 ff ff 73 01 c3 48 8b 0d 35 b6 1b 00 f7 d8 64 89 01 48
[   24.784524] RSP: 002b:00007ffff4aad0c8 EFLAGS: 00000202 ORIG_RAX: 0000000000000053
[   24.785181] RAX: ffffffffffffffda RBX: 0000000000000000 RCX: 00007f369463e7bb
[   24.785774] RDX: 0000000000000000 RSI: 00000000000001ff RDI: 00007ffff4aad0d0
[   24.786365] RBP: 00007ffff4aad110 R08: 0000000000000000 R09: 00007ffff4aace66
[   24.786955] R10: 000000000000001d R11: 0000000000000202 R12: 00007ffff4aad238
[   24.787553] R13: 0000000000401bdd R14: 0000000000403e08 R15: 00007f3694887000
[   24.789737]  </TASK>
[   24.789942] irq event stamp: 21399
[   24.790240] hardirqs last  enabled at (21399): [<ffffffff85efd895>] _raw_spin_unlock_irqrestore+0x35/0x70
[   24.791045] hardirqs last disabled at (21398): [<ffffffff85efd540>] _raw_spin_lock_irqsave+0x70/0x80
[   24.791801] softirqs last  enabled at (21394): [<ffffffff8131b491>] kernel_fpu_end+0x71/0x90
[   24.792509] softirqs last disabled at (21392): [<ffffffff8131cc5f>] kernel_fpu_begin_mask+0x1df/0x320
[   24.793299] ---[ end trace 0000000000000000 ]---
