c[?7l[2J[0mSeaBIOS (version rel-1.16.0-0-gd239552ce722-prebuilt.qemu.org)


iPXE (http://ipxe.org) 00:03.0 CA00 PCI2.10 PnP PMM+7FF91000+7FEF1000 CA00
Press Ctrl-B to configure iPXE (PCI 00:03.0)...                                                                               


Booting from ROM...
c[?7l[2J[    0.000000] Linux version 6.19.0-rc5-eb27913f85b6+ (root@p-mtlp04) (gcc (GCC) 11.5.0 20240719 (Red Hat 11.5.0-14), GNU ld version 2.35.2-69.el9) #1 SMP PREEMPT_DYNAMIC Tue Jan 13 18:30:12 CST 2026
[    0.000000] Command line: console=ttyS0 root=/dev/sda earlyprintk=serial net.ifnames=0 plymouth.enable=0
[    0.000000] KERNEL supported cpus:
[    0.000000]   Intel GenuineIntel
[    0.000000]   AMD AuthenticAMD
[    0.000000]   Hygon HygonGenuine
[    0.000000]   Centaur CentaurHauls
[    0.000000]   zhaoxin   Shanghai  
[    0.000000] x86/split lock detection: #DB: warning on user-space bus_locks
[    0.000000] BIOS-provided physical RAM map:
[    0.000000] BIOS-e820: [mem 0x0000000000000000-0x000000000009fbff] usable
[    0.000000] BIOS-e820: [mem 0x000000000009fc00-0x000000000009ffff] reserved
[    0.000000] BIOS-e820: [mem 0x00000000000f0000-0x00000000000fffff] reserved
[    0.000000] BIOS-e820: [mem 0x0000000000100000-0x000000007ffdffff] usable
[    0.000000] BIOS-e820: [mem 0x000000007ffe0000-0x000000007fffffff] reserved
[    0.000000] BIOS-e820: [mem 0x00000000feffc000-0x00000000feffffff] reserved
[    0.000000] BIOS-e820: [mem 0x00000000fffc0000-0x00000000ffffffff] reserved
[    0.000000] printk: legacy bootconsole [earlyser0] enabled
[    0.000000] NX (Execute Disable) protection: active
[    0.000000] APIC: Static calls initialized
[    0.000000] SMBIOS 2.8 present.
[    0.000000] DMI: QEMU Standard PC (i440FX + PIIX, 1996), BIOS rel-1.16.0-0-gd239552ce722-prebuilt.qemu.org 04/01/2014
[    0.000000] DMI: Memory slots populated: 1/1
[    0.000000] Hypervisor detected: KVM
[    0.000000] last_pfn = 0x7ffe0 max_arch_pfn = 0x400000000
[    0.000000] kvm-clock: Using msrs 4b564d01 and 4b564d00
[    0.000004] kvm-clock: using sched offset of 1107004481 cycles
[    0.000541] clocksource: kvm-clock: mask: 0xffffffffffffffff max_cycles: 0x1cd42e4dffb, max_idle_ns: 881590591483 ns
[    0.002190] tsc: Detected 2995.200 MHz processor
[    0.010499] last_pfn = 0x7ffe0 max_arch_pfn = 0x400000000
[    0.011094] MTRR map: 4 entries (3 fixed + 1 variable; max 19), built from 8 variable MTRRs
[    0.011962] x86/PAT: Configuration [0-7]: WB  WC  UC- UC  WB  WP  UC- WT  
[    0.025198] found SMP MP-table at [mem 0x000f5ba0-0x000f5baf]
[    0.025830] Using GB pages for direct mapping
[    0.028598] ACPI: Early table checksum verification disabled
[    0.029189] ACPI: RSDP 0x00000000000F59C0 000014 (v00 BOCHS )
[    0.029795] ACPI: RSDT 0x000000007FFE1951 000034 (v01 BOCHS  BXPC     00000001 BXPC 00000001)
[    0.030680] ACPI: FACP 0x000000007FFE17FD 000074 (v01 BOCHS  BXPC     00000001 BXPC 00000001)
[    0.031572] ACPI: DSDT 0x000000007FFE0040 0017BD (v01 BOCHS  BXPC     00000001 BXPC 00000001)
[    0.032451] ACPI: FACS 0x000000007FFE0000 000040
[    0.032940] ACPI: APIC 0x000000007FFE1871 000080 (v01 BOCHS  BXPC     00000001 BXPC 00000001)
[    0.033823] ACPI: HPET 0x000000007FFE18F1 000038 (v01 BOCHS  BXPC     00000001 BXPC 00000001)
[    0.034706] ACPI: WAET 0x000000007FFE1929 000028 (v01 BOCHS  BXPC     00000001 BXPC 00000001)
[    0.035586] ACPI: Reserving FACP table memory at [mem 0x7ffe17fd-0x7ffe1870]
[    0.036313] ACPI: Reserving DSDT table memory at [mem 0x7ffe0040-0x7ffe17fc]
[    0.037030] ACPI: Reserving FACS table memory at [mem 0x7ffe0000-0x7ffe003f]
[    0.037750] ACPI: Reserving APIC table memory at [mem 0x7ffe1871-0x7ffe18f0]
[    0.038483] ACPI: Reserving HPET table memory at [mem 0x7ffe18f1-0x7ffe1928]
[    0.039213] ACPI: Reserving WAET table memory at [mem 0x7ffe1929-0x7ffe1950]
[    0.040596] No NUMA configuration found
[    0.041005] Faking a node at [mem 0x0000000000000000-0x000000007ffdffff]
[    0.041733] NODE_DATA(0) allocated [mem 0x7ffb4ec0-0x7ffdfcbf]
[    0.484722] KernelAddressSanitizer initialized (generic)
[    0.486458] ACPI: PM-Timer IO Port: 0x608
[    0.487319] ACPI: LAPIC_NMI (acpi_id[0xff] dfl dfl lint[0x1])
[    0.488672] IOAPIC[0]: apic_id 0, version 17, address 0xfec00000, GSI 0-23
[    0.490132] ACPI: INT_SRC_OVR (bus 0 bus_irq 0 global_irq 2 dfl dfl)
[    0.491433] ACPI: INT_SRC_OVR (bus 0 bus_irq 5 global_irq 5 high level)
[    0.492782] ACPI: INT_SRC_OVR (bus 0 bus_irq 9 global_irq 9 high level)
[    0.494125] ACPI: INT_SRC_OVR (bus 0 bus_irq 10 global_irq 10 high level)
[    0.495497] ACPI: INT_SRC_OVR (bus 0 bus_irq 11 global_irq 11 high level)
[    0.496901] ACPI: Using ACPI (MADT) for SMP configuration information
[    0.498209] ACPI: HPET id: 0x8086a201 base: 0xfed00000
[    0.499277] TSC deadline timer available
[    0.500111] CPU topo: Max. logical packages:   1
[    0.501053] CPU topo: Max. logical dies:       1
[    0.502006] CPU topo: Max. dies per package:   1
[    0.502961] CPU topo: Max. threads per core:   1
[    0.503910] CPU topo: Num. cores per package:     2
[    0.504907] CPU topo: Num. threads per package:   2
[    0.505894] CPU topo: Allowing 2 present CPUs plus 0 hotplug CPUs
[    0.507238] kvm-guest: APIC: eoi() replaced with kvm_guest_apic_eoi_write()
[    0.508724] kvm-guest: KVM setup pv remote TLB flush
[    0.509742] kvm-guest: setup PV sched yield
[    0.510684] PM: hibernation: Registered nosave memory: [mem 0x00000000-0x00000fff]
[    0.512238] PM: hibernation: Registered nosave memory: [mem 0x0009f000-0x000fffff]
[    0.513781] [mem 0x80000000-0xfeffbfff] available for PCI devices
[    0.515016] Booting paravirtualized kernel on KVM
[    0.515996] clocksource: refined-jiffies: mask: 0xffffffff max_cycles: 0xffffffff, max_idle_ns: 7645519600211568 ns
[    0.518337] Zone ranges:
[    0.518868]   DMA      [mem 0x0000000000001000-0x0000000000ffffff]
[    0.520140]   DMA32    [mem 0x0000000001000000-0x000000007ffdffff]
[    0.521412]   Normal   empty
[    0.522010]   Device   empty
[    0.522614] Movable zone start for each node
[    0.523502] Early memory node ranges
[    0.524241]   node   0: [mem 0x0000000000001000-0x000000000009efff]
[    0.525521]   node   0: [mem 0x0000000000100000-0x000000007ffdffff]
[    0.526804] Initmem setup node 0 [mem 0x0000000000001000-0x000000007ffdffff]
[    0.528901] On node 0, zone DMA: 1 pages in unavailable ranges
[    0.530727] On node 0, zone DMA: 97 pages in unavailable ranges
[    0.620574] On node 0, zone DMA32: 32 pages in unavailable ranges
[    0.621902] setup_percpu: NR_CPUS:8192 nr_cpumask_bits:2 nr_cpu_ids:2 nr_node_ids:1
[    0.626800] percpu: Embedded 81 pages/cpu s294912 r8192 d28672 u1048576
[    0.628552] kvm-guest: PV spinlocks enabled
[    0.629478] PV qspinlock hash table entries: 256 (order: 0, 4096 bytes, linear)
[    0.631028] Kernel command line: net.ifnames=0 console=ttyS0 root=/dev/sda earlyprintk=serial net.ifnames=0 plymouth.enable=0
[    0.633871] random: crng init done
[    0.634600] printk: log buffer data + meta data: 262144 + 917504 = 1179648 bytes
[    0.639280] Dentry cache hash table entries: 262144 (order: 9, 2097152 bytes, linear)
[    0.642724] Inode-cache hash table entries: 131072 (order: 8, 1048576 bytes, linear)
[    0.644998] Fallback order for Node 0: 0 
[    0.645020] Built 1 zonelists, mobility grouping on.  Total pages: 524158
[    0.647234] Policy zone: DMA32
[    0.647882] mem auto-init: stack:off, heap alloc:off, heap free:off
[    0.649170] stackdepot: allocating hash table via alloc_large_system_hash
[    0.650583] stackdepot hash table entries: 1048576 (order: 12, 16777216 bytes, linear)
[    0.674533] stackdepot: allocating space for 8192 stack pools via memblock
[    0.746046] SLUB: HWalign=64, Order=0-3, MinObjects=0, CPUs=2, Nodes=1
[    0.747451] kmemleak: Kernel memory leak detector disabled
[    0.807667] ftrace: allocating 75283 entries in 296 pages
[    0.808838] ftrace: allocated 296 pages with 3 groups
[    0.816749] Dynamic Preempt: voluntary
[    0.818527] Running RCU self tests
[    0.819264] Running RCU synchronous self tests
[    0.820208] rcu: Preemptible hierarchical RCU implementation.
[    0.821392] rcu: 	RCU lockdep checking is enabled.
[    0.822394] rcu: 	RCU restricting CPUs from NR_CPUS=8192 to nr_cpu_ids=2.
[    0.823809] 	Trampoline variant of Tasks RCU enabled.
[    0.824857] 	Rude variant of Tasks RCU enabled.
[    0.825790] 	Tracing variant of Tasks RCU enabled.
[    0.826778] rcu: RCU calculated value of scheduler-enlistment delay is 25 jiffies.
[    0.828350] rcu: Adjusting geometry for rcu_fanout_leaf=16, nr_cpu_ids=2
[    0.829937] Running RCU synchronous self tests
[    0.830871] RCU Tasks: Setting shift to 1 and lim to 1 rcu_task_cb_adjust=1 rcu_task_cpu_ids=2.
[    0.832693] RCU Tasks Rude: Setting shift to 1 and lim to 1 rcu_task_cb_adjust=1 rcu_task_cpu_ids=2.
[    0.834551] RCU Tasks Trace: Setting shift to 1 and lim to 1 rcu_task_cb_adjust=1 rcu_task_cpu_ids=2.
[    0.951278] NR_IRQS: 524544, nr_irqs: 440, preallocated irqs: 16
[    0.953514] rcu: srcu_init: Setting srcu_struct sizes based on contention.
[    0.974270] Console: colour VGA+ 80x25
[    0.975322] printk: legacy console [ttyS0] enabled
[    0.975322] printk: legacy console [ttyS0] enabled
[    0.977371] printk: legacy bootconsole [earlyser0] disabled
[    0.977371] printk: legacy bootconsole [earlyser0] disabled
[    0.979760] Lock dependency validator: Copyright (c) 2006 Red Hat, Inc., Ingo Molnar
[    0.981403] ... MAX_LOCKDEP_SUBCLASSES:  8
[    0.982284] ... MAX_LOCK_DEPTH:          48
[    0.983177] ... MAX_LOCKDEP_KEYS:        8192
[    0.984119] ... CLASSHASH_SIZE:          4096
[    0.985050] ... MAX_LOCKDEP_ENTRIES:     524288
[    0.986030] ... MAX_LOCKDEP_CHAINS:      524288
[    0.987010] ... CHAINHASH_SIZE:          262144
[    0.987992]  memory used by lock dependency info: 54145 kB
[    0.989156]  memory used for stack traces: 4224 kB
[    0.990184]  per task-struct memory footprint: 1920 bytes
[    0.991549] ACPI: Core revision 20250807
[    0.993250] clocksource: hpet: mask: 0xffffffff max_cycles: 0xffffffff, max_idle_ns: 19112604467 ns
[    0.995565] APIC: Switch to symmetric I/O mode setup
[    0.997065] x2apic enabled
[    0.998444] APIC: Switched APIC routing to: physical x2apic
[    0.999816] kvm-guest: APIC: send_IPI_mask() replaced with kvm_send_ipi_mask()
[    1.001354] kvm-guest: APIC: send_IPI_mask_allbutself() replaced with kvm_send_ipi_mask_allbutself()
[    1.003275] kvm-guest: setup PV IPIs
[    1.006496] ..TIMER: vector=0x30 apic1=0 pin1=2 apic2=-1 pin2=-1
[    1.007850] clocksource: tsc-early: mask: 0xffffffffffffffff max_cycles: 0x2b2c8ec87c7, max_idle_ns: 440795278598 ns
[    1.010078] Calibrating delay loop (skipped) preset value.. 5990.40 BogoMIPS (lpj=11980800)
[    1.014374] x86/cpu: User Mode Instruction Prevention (UMIP) activated
[    1.016008] Last level iTLB entries: 4KB 0, 2MB 0, 4MB 0
[    1.017144] Last level dTLB entries: 4KB 0, 2MB 0, 4MB 0, 1GB 0
[    1.018116] mitigations: Enabled attack vectors: user_kernel, user_user, guest_host, guest_guest, SMT mitigations: auto
[    1.020385] Speculative Store Bypass: Mitigation: Speculative Store Bypass disabled via prctl
[    1.022065] Spectre V2 : Mitigation: Enhanced / Automatic IBRS
[    1.023291] ITS: Mitigation: Aligned branch/return thunks
[    1.024426] Spectre V1 : Mitigation: usercopy/swapgs barriers and __user pointer sanitization
[    1.026061] Spectre V2 : WARNING: Unprivileged eBPF is enabled with eIBRS on, data leaks possible via Spectre v2 BHB attacks!
[    1.028423] Spectre V2 : Spectre v2 / PBRSB-eIBRS: Retire a single CALL on VMEXIT
[    1.030087] Spectre V2 : mitigation: Enabling conditional Indirect Branch Prediction Barrier
[    1.031840] active return thunk: its_return_thunk
[    1.034061] Spectre V2 : Spectre BHI mitigation: SW BHB clearing on syscall and VM exit
[    1.035813] x86/fpu: Supporting XSAVE feature 0x001: 'x87 floating point registers'
[    1.037415] x86/fpu: Supporting XSAVE feature 0x002: 'SSE registers'
[    1.038060] x86/fpu: Supporting XSAVE feature 0x004: 'AVX registers'
[    1.039395] x86/fpu: Supporting XSAVE feature 0x200: 'Protection Keys User registers'
[    1.041032] x86/fpu: xstate_offset[2]:  576, xstate_sizes[2]:  256
[    1.042063] x86/fpu: xstate_offset[9]:  832, xstate_sizes[9]:    8
[    1.043396] x86/fpu: Enabled xstate features 0x207, context size is 840 bytes, using 'compacted' format.
[    1.305667] Freeing SMP alternatives memory: 64K
[    1.306076] pid_max: default: 32768 minimum: 301
[    1.307774] Yama: becoming mindful.
[    1.310115] Mount-cache hash table entries: 4096 (order: 3, 32768 bytes, linear)
[    1.311745] Mountpoint-cache hash table entries: 4096 (order: 3, 32768 bytes, linear)
[    1.317105] Running RCU synchronous self tests
[    1.318072] Running RCU synchronous self tests
[    1.320010] smpboot: CPU0: Intel(R) Core(TM) Ultra 7 155H (family: 0x6, model: 0xaa, stepping: 0x4)
[    1.322680] Performance Events: unsupported CPU family 6 model 170 no PMU driver, software events only.
[    1.325198] signal: max sigframe size: 3632
[    1.326521] rcu: Hierarchical SRCU implementation.
[    1.327579] rcu: 	Max phase no-delay instances is 1000.
[    1.329506] Timer migration: 1 hierarchy levels; 8 children per group; 1 crossnode level
[    1.367080] NMI watchdog: Perf NMI watchdog permanently disabled
[    1.368990] smp: Bringing up secondary CPUs ...
[    1.372428] smpboot: x86: Booting SMP configuration:
[    1.373566] .... node  #0, CPUs:      #1
[    1.374553] smp: Brought up 1 node, 2 CPUs
[    1.375930] smpboot: Total of 2 processors activated (11980.80 BogoMIPS)
[    1.379546] Memory: 1538728K/2096632K available (80982K kernel code, 15710K rwdata, 18820K rodata, 16424K init, 69848K bss, 546452K reserved, 0K cma-reserved)
[    1.383495] devtmpfs: initialized
[    1.386709] x86/mm: Memory block size: 128MB
[    1.420047] Running RCU synchronous self tests
[    1.422109] Running RCU synchronous self tests
[    1.423136] Running RCU Tasks wait API self tests
[    1.423180] Running RCU Tasks Rude wait API self tests
[    1.426069] Running RCU Tasks Trace wait API self tests
[    1.446129] clocksource: jiffies: mask: 0xffffffff max_cycles: 0xffffffff, max_idle_ns: 7645041785100000 ns
[    1.446227] posixtimers hash table entries: 1024 (order: 5, 73728 bytes, linear)
[    1.448215] futex hash table entries: 512 (65536 bytes on 1 NUMA nodes, total 64 KiB, linear).
[    1.454182] 
[    1.454467] *************************************************************
[    1.455917] **     NOTICE NOTICE NOTICE NOTICE NOTICE NOTICE NOTICE    **
[    1.457361] **                                                         **
[    1.458067] **  IOMMU DebugFS SUPPORT HAS BEEN ENABLED IN THIS KERNEL  **
[    1.459520] **                                                         **
[    1.460961] ** This means that this kernel is built to expose internal **
[    1.462066] ** IOMMU data structures, which may compromise security on **
[    1.463508] ** your system.                                            **
[    1.464957] **                                                         **
[    1.466065] ** If you see this message and you are not debugging the   **
[    1.467573] ** kernel, report this immediately to your vendor!         **
[    1.469095] **                                                         **
[    1.474117] Callback from call_rcu_tasks_trace() invoked.
[    1.474064] **     NOTICE NOTICE NOTICE NOTICE NOTICE NOTICE NOTICE    **
[    1.476827] *************************************************************
[    1.478264] PM: RTC time: 10:36:10, date: 2026-01-13
[    1.486470] NET: Registered PF_NETLINK/PF_ROUTE protocol family
[    1.491180] DMA: preallocated 256 KiB GFP_KERNEL pool for atomic allocations
[    1.492873] DMA: preallocated 256 KiB GFP_KERNEL|GFP_DMA pool for atomic allocations
[    1.494116] DMA: preallocated 256 KiB GFP_KERNEL|GFP_DMA32 pool for atomic allocations
[    1.496104] audit: initializing netlink subsys (disabled)
[    1.498332] audit: type=2000 audit(1768300570.898:1): state=initialized audit_enabled=0 res=1
[    1.503322] thermal_sys: Registered thermal governor 'fair_share'
[    1.503341] thermal_sys: Registered thermal governor 'bang_bang'
[    1.504741] thermal_sys: Registered thermal governor 'step_wise'
[    1.506075] thermal_sys: Registered thermal governor 'user_space'
[    1.507713] cpuidle: using governor ladder
[    1.510122] cpuidle: using governor menu
[    1.511749] acpiphp: ACPI Hot Plug PCI Controller Driver version: 0.5
[    1.516338] PCI: Using configuration type 1 for base access
[    1.518719] kprobes: kprobe jump-optimization is enabled. All kprobes are optimized if possible.
[    1.671208] HugeTLB: registered 1.00 GiB page size, pre-allocated 0 pages
[    1.672825] HugeTLB: 16380 KiB vmemmap can be freed for a 1.00 GiB page
[    1.674078] HugeTLB: registered 2.00 MiB page size, pre-allocated 0 pages
[    1.675619] HugeTLB: 28 KiB vmemmap can be freed for a 2.00 MiB page
[    1.774663] ACPI: Added _OSI(Module Device)
[    1.775678] ACPI: Added _OSI(Processor Device)
[    1.776686] ACPI: Added _OSI(Processor Aggregator Device)
[    1.811950] ACPI: 1 ACPI AML tables successfully acquired and loaded
[    1.825161] ACPI: Interpreter enabled
[    1.826414] ACPI: PM: (supports S0 S3 S4 S5)
[    1.827421] ACPI: Using IOAPIC for interrupt routing
[    1.828801] PCI: Using host bridge windows from ACPI; if necessary, use "pci=nocrs" and report a bug
[    1.830068] PCI: Using E820 reservations for host bridge windows
[    1.834045] ACPI: Enabled 2 GPEs in block 00 to 0F
[    1.920995] ACPI: PCI Root Bridge [PCI0] (domain 0000 [bus 00-ff])
[    1.922117] acpi PNP0A03:00: _OSC: OS supports [ASPM ClockPM Segments MSI EDR HPX-Type3]
[    1.923933] acpi PNP0A03:00: _OSC: not requesting OS control; OS requires [ExtendedConfig ASPM ClockPM MSI]
[    1.926417] acpi PNP0A03:00: fail to add MMCONFIG information, can't access extended configuration space under this bridge
[    1.939494] acpiphp: Slot [3] registered
[    1.940752] acpiphp: Slot [4] registered
[    1.942018] acpiphp: Slot [5] registered
[    1.942365] acpiphp: Slot [6] registered
[    1.943679] acpiphp: Slot [7] registered
[    1.944988] acpiphp: Slot [8] registered
[    1.946292] acpiphp: Slot [9] registered
[    1.947533] acpiphp: Slot [10] registered
[    1.948835] acpiphp: Slot [11] registered
[    1.950103] acpiphp: Slot [12] registered
[    1.951407] acpiphp: Slot [13] registered
[    1.952671] acpiphp: Slot [14] registered
[    1.954022] acpiphp: Slot [15] registered
[    1.954390] acpiphp: Slot [16] registered
[    1.955728] acpiphp: Slot [17] registered
[    1.956989] acpiphp: Slot [18] registered
[    1.958350] acpiphp: Slot [19] registered
[    1.959617] acpiphp: Slot [20] registered
[    1.960882] acpiphp: Slot [21] registered
[    1.962179] acpiphp: Slot [22] registered
[    1.963536] acpiphp: Slot [23] registered
[    1.964795] acpiphp: Slot [24] registered
[    1.966141] acpiphp: Slot [25] registered
[    1.967446] acpiphp: Slot [26] registered
[    1.968770] acpiphp: Slot [27] registered
[    1.970035] acpiphp: Slot [28] registered
[    1.970388] acpiphp: Slot [29] registered
[    1.971667] acpiphp: Slot [30] registered
[    1.973033] acpiphp: Slot [31] registered
[    1.974242] PCI host bridge to bus 0000:00
[    1.975348] pci_bus 0000:00: root bus resource [io  0x0000-0x0cf7 window]
[    1.976954] pci_bus 0000:00: root bus resource [io  0x0d00-0xffff window]
[    1.978076] pci_bus 0000:00: root bus resource [mem 0x000a0000-0x000bffff window]
[    1.979833] pci_bus 0000:00: root bus resource [mem 0x80000000-0xfebfffff window]
[    1.981602] pci_bus 0000:00: root bus resource [mem 0x100000000-0x17fffffff window]
[    1.982082] pci_bus 0000:00: root bus resource [bus 00-ff]
[    1.983715] pci 0000:00:00.0: [8086:1237] type 00 class 0x060000 conventional PCI endpoint
[    2.006467] pci 0000:00:01.0: [8086:7000] type 00 class 0x060100 conventional PCI endpoint
[    2.011777] pci 0000:00:01.1: [8086:7010] type 00 class 0x010180 conventional PCI endpoint
[    2.014838] pci 0000:00:01.1: BAR 4 [io  0xc040-0xc04f]
[    2.016192] pci 0000:00:01.1: BAR 0 [io  0x01f0-0x01f7]: legacy IDE quirk
[    2.017796] pci 0000:00:01.1: BAR 1 [io  0x03f6]: legacy IDE quirk
[    2.018071] pci 0000:00:01.1: BAR 2 [io  0x0170-0x0177]: legacy IDE quirk
[    2.019673] pci 0000:00:01.1: BAR 3 [io  0x0376]: legacy IDE quirk
[    2.022702] pci 0000:00:01.3: [8086:7113] type 00 class 0x068000 conventional PCI endpoint
[    2.025461] pci 0000:00:01.3: quirk: [io  0x0600-0x063f] claimed by PIIX4 ACPI
[    2.026115] pci 0000:00:01.3: quirk: [io  0x0700-0x070f] claimed by PIIX4 SMB
[    2.029196] pci 0000:00:02.0: [1234:1111] type 00 class 0x030000 conventional PCI endpoint
[    2.035385] pci 0000:00:02.0: BAR 0 [mem 0xfd000000-0xfdffffff pref]
[    2.037501] pci 0000:00:02.0: BAR 2 [mem 0xfebf0000-0xfebf0fff]
[    2.038145] pci 0000:00:02.0: ROM [mem 0xfebe0000-0xfebeffff pref]
[    2.040518] pci 0000:00:02.0: Video device with shadowed ROM at [mem 0x000c0000-0x000dffff]
[    2.067167] pci 0000:00:03.0: [8086:100e] type 00 class 0x020000 conventional PCI endpoint
[    2.074104] pci 0000:00:03.0: BAR 0 [mem 0xfebc0000-0xfebdffff]
[    2.075560] pci 0000:00:03.0: BAR 1 [io  0xc000-0xc03f]
[    2.076879] pci 0000:00:03.0: ROM [mem 0xfeb80000-0xfebbffff pref]
[    2.129457] ACPI: PCI: Interrupt link LNKA configured for IRQ 10
[    2.132603] ACPI: PCI: Interrupt link LNKB configured for IRQ 10
[    2.136157] ACPI: PCI: Interrupt link LNKC configured for IRQ 11
[    2.139699] ACPI: PCI: Interrupt link LNKD configured for IRQ 11
[    2.142079] ACPI: PCI: Interrupt link LNKS configured for IRQ 9
[    2.154285] iommu: Default domain type: Translated
[    2.155430] iommu: DMA domain TLB invalidation policy: lazy mode
[    2.166449] SCSI subsystem initialized
[    2.169371] ACPI: bus type USB registered
[    2.171473] usbcore: registered new interface driver usbfs
[    2.173106] usbcore: registered new interface driver hub
[    2.174302] usbcore: registered new device driver usb
[    2.176723] pps_core: LinuxPPS API ver. 1 registered
[    2.177869] pps_core: Software ver. 5.3.6 - Copyright 2005-2007 Rodolfo Giometti <giometti@linux.it>
[    2.178294] PTP clock support registered
[    2.182966] EDAC MC: Ver: 3.0.0
[    2.198069] NetLabel: Initializing
[    2.198914] NetLabel:  domain hash size = 128
[    2.199906] NetLabel:  protocols = UNLABELED CIPSOv4 CALIPSO
[    2.201692] NetLabel:  unlabeled traffic allowed by default
[    2.202988] PCI: Using ACPI for IRQ routing
[    2.207452] pci 0000:00:02.0: vgaarb: setting as boot VGA device
[    2.208902] pci 0000:00:02.0: vgaarb: bridge control possible
[    2.210049] pci 0000:00:02.0: vgaarb: VGA device added: decodes=io+mem,owns=io+mem,locks=none
[    2.210085] vgaarb: loaded
[    2.213211] hpet0: at MMIO 0xfed00000, IRQs 2, 8, 0
[    2.214082] hpet0: 3 comparators, 64-bit 100.000000 MHz counter
[    2.219552] clocksource: Switched to clocksource kvm-clock
[    2.224109] VFS: Disk quotas dquot_6.6.0
[    2.225204] VFS: Dquot-cache hash table entries: 512 (order 0, 4096 bytes)
[    2.231256] pnp: PnP ACPI init
[    2.242031] pnp: PnP ACPI: found 6 devices
[    2.286360] clocksource: acpi_pm: mask: 0xffffff max_cycles: 0xffffff, max_idle_ns: 2085701024 ns
[    2.289720] NET: Registered PF_INET protocol family
[    2.292422] IP idents hash table entries: 32768 (order: 6, 262144 bytes, linear)
[    2.298733] tcp_listen_portaddr_hash hash table entries: 1024 (order: 5, 73728 bytes, linear)
[    2.300867] Table-perturb hash table entries: 65536 (order: 6, 262144 bytes, linear)
[    2.302711] TCP established hash table entries: 16384 (order: 5, 131072 bytes, linear)
[    2.305632] TCP bind hash table entries: 16384 (order: 10, 2359296 bytes, linear)
[    2.312422] TCP: Hash tables configured (established 16384 bind 16384)
[    2.314414] UDP hash table entries: 1024 (order: 6, 262144 bytes, linear)
[    2.316471] UDP-Lite hash table entries: 1024 (order: 6, 262144 bytes, linear)
[    2.319458] NET: Registered PF_UNIX/PF_LOCAL protocol family
[    2.323320] RPC: Registered named UNIX socket transport module.
[    2.324696] RPC: Registered udp transport module.
[    2.325744] RPC: Registered tcp transport module.
[    2.326784] RPC: Registered tcp-with-tls transport module.
[    2.328034] RPC: Registered tcp NFSv4.1 backchannel transport module.
[    2.329558] pci_bus 0000:00: resource 4 [io  0x0000-0x0cf7 window]
[    2.330942] pci_bus 0000:00: resource 5 [io  0x0d00-0xffff window]
[    2.332348] pci_bus 0000:00: resource 6 [mem 0x000a0000-0x000bffff window]
[    2.333867] pci_bus 0000:00: resource 7 [mem 0x80000000-0xfebfffff window]
[    2.335410] pci_bus 0000:00: resource 8 [mem 0x100000000-0x17fffffff window]
[    2.337716] pci 0000:00:01.0: PIIX3: Enabling Passive Release
[    2.339032] pci 0000:00:00.0: Limiting direct PCI/PCI transfers
[    2.340610] PCI: CLS 0 bytes, default 64
[    2.341953] ACPI: bus type thunderbolt registered
[    2.344438] clocksource: tsc: mask: 0xffffffffffffffff max_cycles: 0x2b2c8ec87c7, max_idle_ns: 440795278598 ns
[    5.740992] Initialise system trusted keyrings
[    5.742301] Key type blacklist registered
[    5.743913] workingset: timestamp_bits=36 max_order=19 bucket_order=0
[    5.749849] squashfs: version 4.0 (2009/01/31) Phillip Lougher
[    5.754706] NFS: Registering the id_resolver key type
[    5.755932] Key type id_resolver registered
[    5.756845] Key type id_legacy registered
[    5.757856] nfs4filelayout_init: NFSv4 File Layout Driver Registering...
[    5.759403] nfs4flexfilelayout_init: NFSv4 Flexfile Layout Driver Registering...
[    5.761955] fuse: init (API version 7.45)
[    5.764320] SGI XFS with ACLs, security attributes, realtime, quota, no debug enabled
[    5.769802] 9p: Installing v9fs 9p2000 file system support
[    5.790998] Key type asymmetric registered
[    5.791591] Asymmetric key parser 'x509' registered
[    5.792645] Block layer SCSI generic (bsg) driver version 0.4 loaded (major 241)
[    5.794431] io scheduler mq-deadline registered
[    5.795745] io scheduler bfq registered
[    5.797235] ledtrig-cpu: registered to indicate activity on CPUs
[    5.799310] Callback from call_rcu_tasks() invoked.
[    5.800226] IPMI message handler: version 39.2
[    5.801097] ipmi device interface
[    5.805659] input: Power Button as /devices/LNXSYSTM:00/LNXPWRBN:00/input/input0
[    5.808739] ACPI: button: Power Button [PWRF]
[    5.812822] ERST DBG: ERST support is disabled.
[    5.815635] Serial: 8250/16550 driver, 32 ports, IRQ sharing enabled
[    5.818185] 00:04: ttyS0 at I/O 0x3f8 (irq = 4, base_baud = 115200) is a 16550A
[    5.860969] Linux agpgart interface v0.103
[    5.865296] ACPI: bus type drm_connector registered
[    5.899811] brd: module loaded
[    5.922440] loop: module loaded
[    5.946743] scsi host0: ata_piix
[    5.949725] scsi host1: ata_piix
[    5.951511] ata1: PATA max MWDMA2 cmd 0x1f0 ctl 0x3f6 bmdma 0xc040 irq 14 lpm-pol 0
[    5.952657] ata2: PATA max MWDMA2 cmd 0x170 ctl 0x376 bmdma 0xc048 irq 15 lpm-pol 0
[    5.957438] tun: Universal TUN/TAP device driver, 1.6
[    5.958807] e100: Intel(R) PRO/100 Network Driver
[    5.959394] e100: Copyright(c) 1999-2006 Intel Corporation
[    5.960229] e1000: Intel(R) PRO/1000 Network Driver
[    5.960803] e1000: Copyright (c) 1999-2006 Intel Corporation.
[    6.107309] ata2: found unknown device (class 0)
[    6.108401] ata1: found unknown device (class 0)
[    6.110767] ata1.00: ATA-7: QEMU HARDDISK, 2.5+, max UDMA/100
[    6.112080] ata1.00: 17196647 sectors, multi 16: LBA48 
[    6.115608] ata2.00: ATAPI: QEMU DVD-ROM, 2.5+, max UDMA/100
[    6.118370] scsi 0:0:0:0: Direct-Access     ATA      QEMU HARDDISK    2.5+ PQ: 0 ANSI: 5
[    6.125754] sd 0:0:0:0: Attached scsi generic sg0 type 0
[    6.127246] sd 0:0:0:0: [sda] 17196647 512-byte logical blocks: (8.80 GB/8.20 GiB)
[    6.129652] sd 0:0:0:0: [sda] Write Protect is off
[    6.130381] scsi 1:0:0:0: CD-ROM            QEMU     QEMU DVD-ROM     2.5+ PQ: 0 ANSI: 5
[    6.131909] sd 0:0:0:0: [sda] Write cache: enabled, read cache: enabled, doesn't support DPO or FUA
[    6.134137] sd 0:0:0:0: [sda] Preferred minimum I/O size 512 bytes
[    6.152972] scsi 1:0:0:0: Attached scsi generic sg1 type 5
[    6.175253] sd 0:0:0:0: [sda] Attached SCSI disk
[    7.213690] ACPI: \_SB_.LNKC: Enabled at IRQ 11
[    7.583039] e1000 0000:00:03.0 eth0: (PCI:33MHz:32-bit) 52:54:00:12:34:56
[    7.584737] e1000 0000:00:03.0 eth0: Intel(R) PRO/1000 Network Connection
[    7.586676] e1000e: Intel(R) PRO/1000 Network Driver
[    7.587801] e1000e: Copyright(c) 1999 - 2015 Intel Corporation.
[    7.589418] igb: Intel(R) Gigabit Ethernet Network Driver
[    7.590594] igb: Copyright (c) 2007-2014 Intel Corporation.
[    7.592592] PPP generic driver version 2.4.2
[    7.594841] VFIO - User Level meta-driver version: 0.3
[    7.597578] usbcore: registered new interface driver uas
[    7.599066] usbcore: registered new interface driver usb-storage
[    7.601182] i8042: PNP: PS/2 Controller [PNP0303:KBD,PNP0f13:MOU] at 0x60,0x64 irq 1,12
[    7.605132] serio: i8042 KBD port at 0x60,0x64 irq 1
[    7.606385] serio: i8042 AUX port at 0x60,0x64 irq 12
[    7.610447] mousedev: PS/2 mouse device common for all mice
[    7.615749] input: AT Translated Set 2 keyboard as /devices/platform/i8042/serio0/input/input1
[    7.618376] rtc_cmos 00:05: RTC can wake from S4
[    7.624297] input: VirtualPS/2 VMware VMMouse as /devices/platform/i8042/serio1/input/input4
[    7.624364] rtc_cmos 00:05: registered as rtc0
[    7.626798] rtc_cmos 00:05: setting system clock to 2026-01-13T10:36:16 UTC (1768300576)
[    7.628175] rtc_cmos 00:05: alarms up to one day, y3k, 242 bytes nvram, hpet irqs
[    7.628595] input: VirtualPS/2 VMware VMMouse as /devices/platform/i8042/serio1/input/input3
[    7.629099] i2c_dev: i2c /dev entries driver
[    7.631439] device-mapper: core: CONFIG_IMA_DISABLE_HTABLE is disabled. Duplicate IMA measurements will not be recorded in the IMA log.
[    7.632863] device-mapper: uevent: version 1.0.3
[    7.634123] device-mapper: ioctl: 4.50.0-ioctl (2025-04-28) initialised: dm-devel@lists.linux.dev
[    7.635151] intel_pstate: CPU model not supported
[    7.636080] sdhci: Secure Digital Host Controller Interface driver
[    7.636825] sdhci: Copyright(c) Pierre Ossman
[    7.637645] sdhci-pltfm: SDHCI platform and OF driver helper
[    7.639952] drop_monitor: Initializing network drop monitor service
[    7.641254] NET: Registered PF_INET6 protocol family
[    7.644833] Segment Routing with IPv6
[    7.645340] In-situ OAM (IOAM) with IPv6
[    7.645941] NET: Registered PF_PACKET protocol family
[    7.646972] 9pnet: Installing 9P2000 support
[    7.648270] Key type dns_resolver registered
[    7.652533] IPI shorthand broadcast: enabled
[    7.793250] sched_clock: Marking stable (7748011922, 43085835)->(7850537110, -59439353)
[    7.795733] registered taskstats version 1
[    7.796975] Loading compiled-in X.509 certificates
[    7.900414] Demotion targets for Node 0: null
[    7.902879] Key type .fscrypt registered
[    7.903443] Key type fscrypt-provisioning registered
[    7.907970] Key type encrypted registered
[    7.908522] ima: No TPM chip found, activating TPM-bypass!
[    7.909198] ima: Allocated hash algorithm: sha1
[    7.909832] ima: No architecture policies found
[    7.910626] evm: Initialising EVM extended attributes:
[    7.911247] evm: security.selinux
[    7.911637] evm: security.SMACK64
[    7.912032] evm: security.SMACK64EXEC
[    7.912458] evm: security.SMACK64TRANSMUTE
[    7.912928] evm: security.SMACK64MMAP
[    7.913350] evm: security.apparmor
[    7.913744] evm: security.ima
[    7.914091] evm: security.capability
[    7.914505] evm: HMAC attrs: 0x1
[    7.918310] PM:   Magic number: 10:585:628
[    7.920636] RAS: Correctable Errors collector initialized.
[    7.922444] clk: Disabling unused clocks
[    7.922964] PM: genpd: Disabling unused power domains
[    7.924621] check access for rdinit=/init failed: -2, ignoring
[    7.925111] md: Waiting for all devices to be available before autodetect
[    7.925665] md: If you don't use raid, use raid=noautodetect
[    7.926133] md: Autodetecting RAID arrays.
[    7.926492] md: autorun ...
[    7.926741] md: ... autorun DONE.
[    7.936481] EXT4-fs (sda): INFO: recovery required on readonly filesystem
[    7.937560] EXT4-fs (sda): write access will be enabled during recovery
[    8.304764] EXT4-fs (sda): recovery complete
[    8.311516] EXT4-fs (sda): mounted filesystem 088740a9-c8b4-422c-999d-a804eb68a4da ro with ordered data mode. Quota mode: none.
[    8.313431] VFS: Mounted root (ext4 filesystem) readonly on device 8:0.
[    8.319958] devtmpfs: mounted
[    8.348315] Freeing unused decrypted memory: 2036K
[    8.372768] Freeing unused kernel image (initmem) memory: 16424K
[    8.374161] Write protecting the kernel read-only data: 102400k
[    8.379349] Freeing unused kernel image (text/rodata gap) memory: 936K
[    8.383726] Freeing unused kernel image (rodata/data gap) memory: 1660K
[    8.497496] x86/mm: Checked W+X mappings: passed, no W+X pages found.
[    8.498183] Run /sbin/init as init process
[    8.764708] systemd[1]: systemd 252-15.el9 running in system mode (+PAM +AUDIT +SELINUX -APPARMOR +IMA +SMACK +SECCOMP +GCRYPT +GNUTLS +OPENSSL +ACL +BLKID +CURL +ELFUTILS -FIDO2 +IDN2 -IDN -IPTC +KMOD +LIBCRYPTSETUP +LIBFDISK +PCRE2 -PWQUALITY +P11KIT -QRENCODE +TPM2 +BZIP2 +LZ4 +XZ +ZLIB +ZSTD -BPF_FRAMEWORK +XKBCOMMON +UTMP +SYSVINIT default-hierarchy=unified)
[    8.770824] systemd[1]: Detected virtualization kvm.
[    8.772306] systemd[1]: Detected architecture x86-64.

Welcome to [0;31mCentOS Stream 9[0m!

[    8.789093] systemd[1]: Hostname set to <test>.
[    9.162751] systemd-rc-local-generator[120]: /etc/rc.d/rc.local is not marked executable, skipping.
[    9.617863] systemd[1]: Queued start job for default target Multi-User System.
[    9.646966] systemd[1]: Created slice Virtual Machine and Container Slice.
[[0;32m  OK  [0m] Created slice [0;1;39mVirtual Machine and Container Slice[0m.
[    9.656047] systemd[1]: Created slice Slice /system/getty.
[[0;32m  OK  [0m] Created slice [0;1;39mSlice /system/getty[0m.
[    9.660758] systemd[1]: Created slice Slice /system/modprobe.
[[0;32m  OK  [0m] Created slice [0;1;39mSlice /system/modprobe[0m.
[    9.664937] systemd[1]: Created slice Slice /system/serial-getty.
[[0;32m  OK  [0m] Created slice [0;1;39mSlice /system/serial-getty[0m.
[    9.669367] systemd[1]: Created slice Slice /system/sshd-keygen.
[[0;32m  OK  [0m] Created slice [0;1;39mSlice /system/sshd-keygen[0m.
[    9.673212] systemd[1]: Created slice User and Session Slice.
[[0;32m  OK  [0m] Created slice [0;1;39mUser and Session Slice[0m.
[    9.675329] systemd[1]: Started Forward Password Requests to Wall Directory Watch.
[[0;32m  OK  [0m] Started [0;1;39mForward Password R…uests to Wall Directory Watch[0m.
[    9.678464] systemd[1]: Set up automount Arbitrary Executable File Formats File System Automount Point.
[[0;32m  OK  [0m] Set up automount [0;1;39mArbitrary…s File System Automount Point[0m.
[    9.680594] systemd[1]: Reached target Local Integrity Protected Volumes.
[[0;32m  OK  [0m] Reached target [0;1;39mLocal Integrity Protected Volumes[0m.
[    9.682286] systemd[1]: Reached target Slice Units.
[[0;32m  OK  [0m] Reached target [0;1;39mSlice Units[0m.
[    9.683697] systemd[1]: Reached target Swaps.
[[0;32m  OK  [0m] Reached target [0;1;39mSwaps[0m.
[    9.684912] systemd[1]: Reached target Local Verity Protected Volumes.
[[0;32m  OK  [0m] Reached target [0;1;39mLocal Verity Protected Volumes[0m.
[    9.686935] systemd[1]: Listening on Device-mapper event daemon FIFOs.
[[0;32m  OK  [0m] Listening on [0;1;39mDevice-mapper event daemon FIFOs[0m.
[    9.689473] systemd[1]: Listening on LVM2 poll daemon socket.
[[0;32m  OK  [0m] Listening on [0;1;39mLVM2 poll daemon socket[0m.
[    9.691238] systemd[1]: multipathd control socket was skipped because of an unmet condition check (ConditionPathExists=/etc/multipath.conf).
[    9.756081] systemd[1]: Listening on RPCbind Server Activation Socket.
[[0;32m  OK  [0m] Listening on [0;1;39mRPCbind Server Activation Socket[0m.
[    9.757976] systemd[1]: Reached target RPC Port Mapper.
[[0;32m  OK  [0m] Reached target [0;1;39mRPC Port Mapper[0m.
[    9.762612] systemd[1]: Listening on Process Core Dump Socket.
[[0;32m  OK  [0m] Listening on [0;1;39mProcess Core Dump Socket[0m.
[    9.764698] systemd[1]: Listening on initctl Compatibility Named Pipe.
[[0;32m  OK  [0m] Listening on [0;1;39minitctl Compatibility Named Pipe[0m.
[    9.767390] systemd[1]: Listening on Journal Socket (/dev/log).
[[0;32m  OK  [0m] Listening on [0;1;39mJournal Socket (/dev/log)[0m.
[    9.769888] systemd[1]: Listening on Journal Socket.
[[0;32m  OK  [0m] Listening on [0;1;39mJournal Socket[0m.
[    9.772470] systemd[1]: Listening on udev Control Socket.
[[0;32m  OK  [0m] Listening on [0;1;39mudev Control Socket[0m.
[    9.774946] systemd[1]: Listening on udev Kernel Socket.
[[0;32m  OK  [0m] Listening on [0;1;39mudev Kernel Socket[0m.
[    9.803679] systemd[1]: Mounting Huge Pages File System...
         Mounting [0;1;39mHuge Pages File System[0m...
[    9.815311] systemd[1]: Mounting POSIX Message Queue File System...
         Mounting [0;1;39mPOSIX Message Queue File System[0m...
[    9.827369] systemd[1]: Mounting Kernel Debug File System...
         Mounting [0;1;39mKernel Debug File System[0m...
[    9.844041] systemd[1]: Mounting Kernel Trace File System...
         Mounting [0;1;39mKernel Trace File System[0m...
[    9.845727] systemd[1]: Kernel Module supporting RPCSEC_GSS was skipped because of an unmet condition check (ConditionPathExists=/etc/krb5.keytab).
[    9.846848] systemd[1]: Create List of Static Device Nodes was skipped because of an unmet condition check (ConditionFileNotEmpty=/lib/modules/6.19.0-rc5-eb27913f85b6+/modules.devname).
[    9.855976] systemd[1]: Starting Monitoring of LVM2 mirrors, snapshots etc. using dmeventd or progress polling...
         Starting [0;1;39mMonitoring of LVM…meventd or progress polling[0m...
[    9.899541] systemd[1]: Starting Load Kernel Module configfs...
         Starting [0;1;39mLoad Kernel Module configfs[0m...
[    9.920083] systemd[1]: Starting Load Kernel Module drm...
         Starting [0;1;39mLoad Kernel Module drm[0m...
[    9.936244] systemd[1]: Starting Load Kernel Module fuse...
         Starting [0;1;39mLoad Kernel Module fuse[0m...
[    9.955016] systemd[1]: Starting Read and set NIS domainname from /etc/sysconfig/network...
         Starting [0;1;39mRead and set NIS …from /etc/sysconfig/network[0m...
[    9.992737] systemd[1]: Starting Journal Service...
         Starting [0;1;39mJournal Service[0m...
[   10.012339] systemd[1]: Starting Load Kernel Modules...
         Starting [0;1;39mLoad Kernel Modules[0m...
[   10.022406] systemd[1]: Starting Generate network units from Kernel command line...
         Starting [0;1;39mGenerate network …ts from Kernel command line[0m...
[   10.043057] systemd[1]: Starting Remount Root and Kernel File Systems...
         Starting [0;1;39mRemount Root and Kernel File Systems[0m...
[   10.051992] systemd[1]: Repartition Root Disk was skipped because no trigger condition checks were met.
[   10.080468] systemd[1]: Starting Coldplug All udev Devices...
         Starting [0;1;39mColdplug All udev Devices[0m...
[   10.119865] systemd[1]: Mounted Huge Pages File System.
[[0;32m  OK  [0m] Mounted [0;1;39mHuge Pages File System[0m.
[   10.122330] systemd[1]: Mounted POSIX Message Queue File System.
[[0;32m  OK  [0m] Mounted [0;1;39mPOSIX Message Queue File System[0m.
[   10.124915] systemd[1]: Mounted Kernel Debug File System.
[[0;32m  OK  [0m] Mounted [0;1;39mKernel Debug File System[0m.
[   10.127988] systemd[1]: Mounted Kernel Trace File System.
[[0;32m  OK  [0m] Mounted [0;1;39mKernel Trace File System[0m.
[   10.133631] systemd[1]: Finished Monitoring of LVM2 mirrors, snapshots etc. using dmeventd or progress polling.
[[0;32m  OK  [0m] Finished [0;1;39mMonitoring of LVM… dmeventd or progress polling[0m.
[   10.143038] systemd[1]: modprobe@configfs.service: Deactivated successfully.
[   10.147746] systemd[1]: Finished Load Kernel Module configfs.
[[0;32m  OK  [0m] Finished [0;1;39mLoad Kernel Module configfs[0m.
[   10.154230] systemd[1]: modprobe@drm.service: Deactivated successfully.
[   10.159376] EXT4-fs (sda): re-mounted 088740a9-c8b4-422c-999d-a804eb68a4da r/w.
[   10.167260] systemd[1]: Finished Load Kernel Module drm.
[[0;32m  OK  [0m] Finished [0;1;39mLoad Kernel Module drm[0m.
[   10.182696] systemd[1]: modprobe@fuse.service: Deactivated successfully.
[   10.193928] systemd[1]: Finished Load Kernel Module fuse.
[[0;32m  OK  [0m] Finished [0;1;39mLoad Kernel Module fuse[0m.
[   10.202055] systemd[1]: Finished Read and set NIS domainname from /etc/sysconfig/network.
[[0;32m  OK  [0m] Finished [0;1;39mRead and set NIS …e from /etc/sysconfig/network[0m.
[   10.214004] systemd[1]: systemd-modules-load.service: Main process exited, code=exited, status=1/FAILURE
[   10.220739] systemd[1]: systemd-modules-load.service: Failed with result 'exit-code'.
[   10.228120] systemd[1]: Failed to start Load Kernel Modules.
[[0;1;31mFAILED[0m] Failed to start [0;1;39mLoad Kernel Modules[0m.
See 'systemctl status systemd-modules-load.service' for details.
[   10.241190] systemd[1]: Finished Generate network units from Kernel command line.
[[0;32m  OK  [0m] Finished [0;1;39mGenerate network units from Kernel command line[0m.
[   10.247949] systemd[1]: Finished Remount Root and Kernel File Systems.
[[0;32m  OK  [0m] Finished [0;1;39mRemount Root and Kernel File Systems[0m.
[   10.253236] systemd[1]: Reached target Preparation for Network.
[[0;32m  OK  [0m] Reached target [0;1;39mPreparation for Network[0m.
[   10.281956] systemd[1]: Mounting FUSE Control File System...
         Mounting [0;1;39mFUSE Control File System[0m...
[   10.314306] systemd[1]: Mounting Kernel Configuration File System...
         Mounting [0;1;39mKernel Configuration File System[0m...
[   10.321615] systemd[1]: Special handling of early boot iSCSI sessions was skipped because of an unmet condition check (ConditionDirectoryNotEmpty=/sys/class/iscsi_session).
[   10.324103] systemd[1]: First Boot Wizard was skipped because of an unmet condition check (ConditionFirstBoot=yes).
[   10.336256] systemd[1]: Rebuild Hardware Database was skipped because of an unmet condition check (ConditionNeedsUpdate=/etc).
[   10.377982] systemd[1]: Starting Load/Save Random Seed...
         Starting [0;1;39mLoad/Save Random Seed[0m...
[   10.400303] systemd[1]: Starting Apply Kernel Variables...
         Starting [0;1;39mApply Kernel Variables[0m...
[   10.402318] systemd[1]: Create System Users was skipped because no trigger condition checks were met.
[   10.427056] systemd[1]: Starting Create Static Device Nodes in /dev...
         Starting [0;1;39mCreate Static Device Nodes in /dev[0m...
[   10.444979] systemd[1]: Starting Setup Virtual Console...
         Starting [0;1;39mSetup Virtual Console[0m...
[   10.456556] systemd[1]: Started Journal Service.
[[0;32m  OK  [0m] Started [0;1;39mJournal Service[0m.
[[0;32m  OK  [0m] Mounted [0;1;39mFUSE Control File System[0m.
[[0;32m  OK  [0m] Mounted [0;1;39mKernel Configuration File System[0m.
[[0;32m  OK  [0m] Finished [0;1;39mLoad/Save Random Seed[0m.
         Starting [0;1;39mFlush Journal to Persistent Storage[0m...
[[0;32m  OK  [0m] Finished [0;1;39mApply Kernel Variables[0m.
[   10.641142] systemd-journald[142]: Received client request to flush runtime journal.
[[0;32m  OK  [0m] Finished [0;1;39mFlush Journal to Persistent Storage[0m.
[[0;32m  OK  [0m] Finished [0;1;39mCreate Static Device Nodes in /dev[0m.
         Starting [0;1;39mRule-based Manage…for Device Events and Files[0m...
[[0;32m  OK  [0m] Started [0;1;39mRule-based Manager for Device Events and Files[0m.
         Starting [0;1;39mAuto-connect to s…E devices found during boot[0m...
[[0;32m  OK  [0m] Finished [0;1;39mSetup Virtual Console[0m.
[[0;32m  OK  [0m] Finished [0;1;39mColdplug All udev Devices[0m.
[[0;32m  OK  [0m] Finished [0;1;39mAuto-connect to s…VME devices found during boot[0m.
[[0;32m  OK  [0m] Started [0;1;39mDispatch Password …ts to Console Directory Watch[0m.
[[0;32m  OK  [0m] Reached target [0;1;39mLocal Encrypted Volumes[0m.
[[0;32m  OK  [0m] Reached target [0;1;39mPath Units[0m.
         Starting [0;1;39mWait for udev To …plete Device Initialization[0m...
[[0;32m  OK  [0m] Found device [0;1;39m/dev/ttyS0[0m.
[[0;32m  OK  [0m] Listening on [0;1;39mLoad/Save RF …itch Status /dev/rfkill Watch[0m.
[[0;32m  OK  [0m] Finished [0;1;39mWait for udev To Complete Device Initialization[0m.
[[0;32m  OK  [0m] Reached target [0;1;39mPreparation for Local File Systems[0m.
[[0;32m  OK  [0m] Reached target [0;1;39mLocal File Systems[0m.
         Starting [0;1;39mTell Plymouth To Write Out Runtime Data[0m...
         Starting [0;1;39mAutomatic Boot Loader Update[0m...
         Starting [0;1;39mCreate Volatile Files and Directories[0m...
[[0;32m  OK  [0m] Finished [0;1;39mTell Plymouth To Write Out Runtime Data[0m.
[[0;32m  OK  [0m] Finished [0;1;39mAutomatic Boot Loader Update[0m.
[[0;32m  OK  [0m] Finished [0;1;39mCreate Volatile Files and Directories[0m.
         Mounting [0;1;39mRPC Pipe File System[0m...
         Starting [0;1;39mSecurity Auditing Service[0m...
         Starting [0;1;39mRPC Bind[0m...
[[0;32m  OK  [0m] Mounted [0;1;39mRPC Pipe File System[0m.
[[0;32m  OK  [0m] Reached target [0;1;39mrpc_pipefs.target[0m.
[[0;32m  OK  [0m] Started [0;1;39mRPC Bind[0m.
[[0;32m  OK  [0m] Started [0;1;39mSecurity Auditing Service[0m.
         Starting [0;1;39mRecord System Boot/Shutdown in UTMP[0m...
[[0;32m  OK  [0m] Finished [0;1;39mRecord System Boot/Shutdown in UTMP[0m.
[[0;32m  OK  [0m] Reached target [0;1;39mSystem Initialization[0m.
[[0;32m  OK  [0m] Started [0;1;39mDaily rotation of log files[0m.
[[0;32m  OK  [0m] Started [0;1;39mUpdates mlocate database every day[0m.
[[0;32m  OK  [0m] Started [0;1;39mDaily Cleanup of Temporary Directories[0m.
[[0;32m  OK  [0m] Started [0;1;39mdaily update of the root trust anchor for DNSSEC[0m.
[[0;32m  OK  [0m] Reached target [0;1;39mTimer Units[0m.
[[0;32m  OK  [0m] Listening on [0;1;39mD-Bus System Message Bus Socket[0m.
[[0;32m  OK  [0m] Listening on [0;1;39mOpen-iSCSI iscsid Socket[0m.
[[0;32m  OK  [0m] Listening on [0;1;39mOpen-iSCSI iscsiuio Socket[0m.
[[0;32m  OK  [0m] Listening on [0;1;39mSSSD Kerberos…ache Manager responder socket[0m.
[[0;32m  OK  [0m] Listening on [0;1;39mLibvirt interface local socket[0m.
[[0;32m  OK  [0m] Listening on [0;1;39mVirtual machine lock manager socket[0m.
[[0;32m  OK  [0m] Listening on [0;1;39mVirtual machine log manager socket[0m.
[[0;32m  OK  [0m] Listening on [0;1;39mLibvirt network local socket[0m.
[[0;32m  OK  [0m] Listening on [0;1;39mLibvirt nodedev local socket[0m.
[[0;32m  OK  [0m] Listening on [0;1;39mLibvirt nwfilter local socket[0m.
[[0;32m  OK  [0m] Listening on [0;1;39mLibvirt proxy local socket[0m.
[[0;32m  OK  [0m] Listening on [0;1;39mLibvirt qemu local socket[0m.
[[0;32m  OK  [0m] Listening on [0;1;39mLibvirt qemu admin socket[0m.
[[0;32m  OK  [0m] Listening on [0;1;39mLibvirt qemu local read-only socket[0m.
[[0;32m  OK  [0m] Listening on [0;1;39mLibvirt secret local socket[0m.
[[0;32m  OK  [0m] Listening on [0;1;39mLibvirt storage local socket[0m.
[[0;32m  OK  [0m] Reached target [0;1;39mSocket Units[0m.
         Starting [0;1;39mD-Bus System Message Bus[0m...
[[0;32m  OK  [0m] Started [0;1;39mD-Bus System Message Bus[0m.
[[0;32m  OK  [0m] Reached target [0;1;39mBasic System[0m.
         Starting [0;1;39mNetwork Manager[0m...
         Starting [0;1;39mNTP client/server[0m...
         Starting [0;1;39mRestore /run/initramfs on shutdown[0m...
[[0;32m  OK  [0m] Started [0;1;39mirqbalance daemon[0m.
[[0;32m  OK  [0m] Started [0;1;39mlibstoragemgmt plug-in server daemon[0m.
[[0;32m  OK  [0m] Started [0;1;39mMachine Check Exception Logging Daemon[0m.
[[0;32m  OK  [0m] Reached target [0;1;39msshd-keygen.target[0m.
[[0;32m  OK  [0m] Reached target [0;1;39mUser and Group Name Lookups[0m.
         Starting [0;1;39mUser Login Management[0m...
         Starting [0;1;39mVirtual Machine a…tainer Registration Service[0m...
[[0;32m  OK  [0m] Finished [0;1;39mRestore /run/initramfs on shutdown[0m.
[[0;32m  OK  [0m] Started [0;1;39mVirtual Machine an…ontainer Registration Service[0m.
         Starting [0;1;39mHostname Service[0m...
[[0;32m  OK  [0m] Started [0;1;39mNTP client/server[0m.
[[0;32m  OK  [0m] Started [0;1;39mUser Login Management[0m.
[[0;32m  OK  [0m] Started [0;1;39mHostname Service[0m.
         Starting [0;1;39mNetwork Manager Script Dispatcher Service[0m...
[[0;32m  OK  [0m] Started [0;1;39mNetwork Manager Script Dispatcher Service[0m.
[   16.039823] e1000: eth0 NIC Link is Up 1000 Mbps Full Duplex, Flow Control: RX
[[0;32m  OK  [0m] Started [0;1;39mNetwork Manager[0m.
[[0;32m  OK  [0m] Reached target [0;1;39mNetwork[0m.
[[0;32m  OK  [0m] Reached target [0;1;39mNetwork is Online[0m.
         Starting [0;1;39mGSSAPI Proxy Daemon[0m...
         Starting [0;1;39mNotify NFS peers of a restart[0m...
         Starting [0;1;39mSystem Logging Service[0m...
         Starting [0;1;39mOpenSSH server daemon[0m...
         Starting [0;1;39mDynamic System Tuning Daemon[0m...
[[0;32m  OK  [0m] Started [0;1;39mNotify NFS peers of a restart[0m.
[[0;32m  OK  [0m] Started [0;1;39mGSSAPI Proxy Daemon[0m.
[[0;32m  OK  [0m] Reached target [0;1;39mNFS client services[0m.
[[0;32m  OK  [0m] Reached target [0;1;39mPreparation for Remote File Systems[0m.
[[0;32m  OK  [0m] Reached target [0;1;39mRemote File Systems[0m.
         Starting [0;1;39mPermit User Sessions[0m...
         Starting [0;1;39mVirtualization qemu daemon[0m...
[[0;32m  OK  [0m] Started [0;1;39mOpenSSH server daemon[0m.
[[0;32m  OK  [0m] Finished [0;1;39mPermit User Sessions[0m.
[[0;32m  OK  [0m] Started [0;1;39mDeferred execution scheduler[0m.
[[0;32m  OK  [0m] Started [0;1;39mCommand Scheduler[0m.
         Starting [0;1;39mHold until boot process finishes up[0m...
         Starting [0;1;39mTerminate Plymouth Boot Screen[0m...
[[0;32m  OK  [0m] Started [0;1;39mSystem Logging Service[0m.
[[0;32m  OK  [0m] Started [0;1;39mVirtualization qemu daemon[0m.
[[0;32m  OK  [0m] Finished [0;1;39mHold until boot process finishes up[0m.
[[0;32m  OK  [0m] Finished [0;1;39mTerminate Plymouth Boot Screen[0m.
[[0;32m  OK  [0m] Started [0;1;39mGetty on tty1[0m.
[[0;32m  OK  [0m] Started [0;1;39mSerial Getty on ttyS0[0m.
[[0;32m  OK  [0m] Reached target [0;1;39mLogin Prompts[0m.
         Starting [0;1;39mAuthorization Manager[0m...
[[0;32m  OK  [0m] Started [0;1;39mAuthorization Manager[0m.
[[0;32m  OK  [0m] Started [0;1;39mDynamic System Tuning Daemon[0m.
[[0;32m  OK  [0m] Reached target [0;1;39mMulti-User System[0m.
         Starting [0;1;39mRecord Runlevel Change in UTMP[0m...
[[0;32m  OK  [0m] Finished [0;1;39mRecord Runlevel Change in UTMP[0m.

CentOS Stream 9
Kernel 6.19.0-rc5-eb27913f85b6+ on an x86_64

Activate the web console with: systemctl enable --now cockpit.socket

test login: [   89.759270] hrtimer: interrupt took 352946 ns
