c[?7l[2J[0mSeaBIOS (version rel-1.16.0-0-gd239552ce722-prebuilt.qemu.org)


iPXE (http://ipxe.org) 00:03.0 CA00 PCI2.10 PnP PMM+7FF91000+7FEF1000 CA00
Press Ctrl-B to configure iPXE (PCI 00:03.0)...                                                                               


Booting from ROM...
c[?7l[2J[    0.000000] Linux version 6.19.0-rc1-edecd1ae594a+ (root@p-mtlp04) (gcc (GCC) 11.5.0 20240719 (Red Hat 11.5.0-14), GNU ld version 2.35.2-69.el9) #1 SMP PREEMPT_DYNAMIC Wed Jan 14 01:28:16 CST 2026
[    0.000000] Command line: console=ttyS0 root=/dev/sda earlyprintk=serial net.ifnames=0 plymouth.enable=0
[    0.000000] KERNEL supported cpus:
[    0.000000]   Intel GenuineIntel
[    0.000000]   AMD AuthenticAMD
[    0.000000]   Hygon HygonGenuine
[    0.000000]   Centaur CentaurHauls
[    0.000000]   zhaoxin   Shanghai  
[    0.000000] x86/split lock detection: #DB: warning on user-space bus_locks
[    0.000000] BIOS-provided physical RAM map:
[    0.000000] BIOS-e820: [mem 0x0000000000000000-0x000000000009fbff] usable
[    0.000000] BIOS-e820: [mem 0x000000000009fc00-0x000000000009ffff] reserved
[    0.000000] BIOS-e820: [mem 0x00000000000f0000-0x00000000000fffff] reserved
[    0.000000] BIOS-e820: [mem 0x0000000000100000-0x000000007ffdffff] usable
[    0.000000] BIOS-e820: [mem 0x000000007ffe0000-0x000000007fffffff] reserved
[    0.000000] BIOS-e820: [mem 0x00000000feffc000-0x00000000feffffff] reserved
[    0.000000] BIOS-e820: [mem 0x00000000fffc0000-0x00000000ffffffff] reserved
[    0.000000] printk: legacy bootconsole [earlyser0] enabled
[    0.000000] NX (Execute Disable) protection: active
[    0.000000] APIC: Static calls initialized
[    0.000000] SMBIOS 2.8 present.
[    0.000000] DMI: QEMU Standard PC (i440FX + PIIX, 1996), BIOS rel-1.16.0-0-gd239552ce722-prebuilt.qemu.org 04/01/2014
[    0.000000] DMI: Memory slots populated: 1/1
[    0.000000] Hypervisor detected: KVM
[    0.000000] last_pfn = 0x7ffe0 max_arch_pfn = 0x400000000
[    0.000000] kvm-clock: Using msrs 4b564d01 and 4b564d00
[    0.000004] kvm-clock: using sched offset of 1180921907 cycles
[    0.000516] clocksource: kvm-clock: mask: 0xffffffffffffffff max_cycles: 0x1cd42e4dffb, max_idle_ns: 881590591483 ns
[    0.002108] tsc: Detected 2995.200 MHz processor
[    0.010695] last_pfn = 0x7ffe0 max_arch_pfn = 0x400000000
[    0.011266] MTRR map: 4 entries (3 fixed + 1 variable; max 19), built from 8 variable MTRRs
[    0.012086] x86/PAT: Configuration [0-7]: WB  WC  UC- UC  WB  WP  UC- WT  
[    0.024693] found SMP MP-table at [mem 0x000f5ba0-0x000f5baf]
[    0.025303] Using GB pages for direct mapping
[    0.027992] ACPI: Early table checksum verification disabled
[    0.028554] ACPI: RSDP 0x00000000000F59C0 000014 (v00 BOCHS )
[    0.029134] ACPI: RSDT 0x000000007FFE1951 000034 (v01 BOCHS  BXPC     00000001 BXPC 00000001)
[    0.029984] ACPI: FACP 0x000000007FFE17FD 000074 (v01 BOCHS  BXPC     00000001 BXPC 00000001)
[    0.030838] ACPI: DSDT 0x000000007FFE0040 0017BD (v01 BOCHS  BXPC     00000001 BXPC 00000001)
[    0.031692] ACPI: FACS 0x000000007FFE0000 000040
[    0.032160] ACPI: APIC 0x000000007FFE1871 000080 (v01 BOCHS  BXPC     00000001 BXPC 00000001)
[    0.033008] ACPI: HPET 0x000000007FFE18F1 000038 (v01 BOCHS  BXPC     00000001 BXPC 00000001)
[    0.033856] ACPI: WAET 0x000000007FFE1929 000028 (v01 BOCHS  BXPC     00000001 BXPC 00000001)
[    0.034700] ACPI: Reserving FACP table memory at [mem 0x7ffe17fd-0x7ffe1870]
[    0.035386] ACPI: Reserving DSDT table memory at [mem 0x7ffe0040-0x7ffe17fc]
[    0.036079] ACPI: Reserving FACS table memory at [mem 0x7ffe0000-0x7ffe003f]
[    0.036765] ACPI: Reserving APIC table memory at [mem 0x7ffe1871-0x7ffe18f0]
[    0.037451] ACPI: Reserving HPET table memory at [mem 0x7ffe18f1-0x7ffe1928]
[    0.038138] ACPI: Reserving WAET table memory at [mem 0x7ffe1929-0x7ffe1950]
[    0.039561] No NUMA configuration found
[    0.039944] Faking a node at [mem 0x0000000000000000-0x000000007ffdffff]
[    0.040629] NODE_DATA(0) allocated [mem 0x7ffb4ec0-0x7ffdfcbf]
[    0.041878] Zone ranges:
[    0.042133]   DMA      [mem 0x0000000000001000-0x0000000000ffffff]
[    0.042743]   DMA32    [mem 0x0000000001000000-0x000000007ffdffff]
[    0.043352]   Normal   empty
[    0.043645]   Device   empty
[    0.043932] Movable zone start for each node
[    0.044353] Early memory node ranges
[    0.044704]   node   0: [mem 0x0000000000001000-0x000000000009efff]
[    0.045313]   node   0: [mem 0x0000000000100000-0x000000007ffdffff]
[    0.045927] Initmem setup node 0 [mem 0x0000000000001000-0x000000007ffdffff]
[    0.047175] On node 0, zone DMA: 1 pages in unavailable ranges
[    0.048129] On node 0, zone DMA: 97 pages in unavailable ranges
[    0.139594] On node 0, zone DMA32: 32 pages in unavailable ranges
[    0.414729] KernelAddressSanitizer initialized (generic)
[    0.415622] ACPI: PM-Timer IO Port: 0x608
[    0.416089] ACPI: LAPIC_NMI (acpi_id[0xff] dfl dfl lint[0x1])
[    0.416787] IOAPIC[0]: apic_id 0, version 17, address 0xfec00000, GSI 0-23
[    0.417513] ACPI: INT_SRC_OVR (bus 0 bus_irq 0 global_irq 2 dfl dfl)
[    0.418164] ACPI: INT_SRC_OVR (bus 0 bus_irq 5 global_irq 5 high level)
[    0.418842] ACPI: INT_SRC_OVR (bus 0 bus_irq 9 global_irq 9 high level)
[    0.419529] ACPI: INT_SRC_OVR (bus 0 bus_irq 10 global_irq 10 high level)
[    0.420227] ACPI: INT_SRC_OVR (bus 0 bus_irq 11 global_irq 11 high level)
[    0.420941] ACPI: Using ACPI (MADT) for SMP configuration information
[    0.421600] ACPI: HPET id: 0x8086a201 base: 0xfed00000
[    0.422147] TSC deadline timer available
[    0.422561] CPU topo: Max. logical packages:   1
[    0.423039] CPU topo: Max. logical dies:       1
[    0.423521] CPU topo: Max. dies per package:   1
[    0.424002] CPU topo: Max. threads per core:   1
[    0.424476] CPU topo: Num. cores per package:     2
[    0.424977] CPU topo: Num. threads per package:   2
[    0.425491] CPU topo: Allowing 2 present CPUs plus 0 hotplug CPUs
[    0.426214] kvm-guest: APIC: eoi() replaced with kvm_guest_apic_eoi_write()
[    0.426997] kvm-guest: KVM setup pv remote TLB flush
[    0.427525] kvm-guest: setup PV sched yield
[    0.428035] PM: hibernation: Registered nosave memory: [mem 0x00000000-0x00000fff]
[    0.428832] PM: hibernation: Registered nosave memory: [mem 0x0009f000-0x000fffff]
[    0.429628] [mem 0x80000000-0xfeffbfff] available for PCI devices
[    0.430266] Booting paravirtualized kernel on KVM
[    0.430769] clocksource: refined-jiffies: mask: 0xffffffff max_cycles: 0xffffffff, max_idle_ns: 7645519600211568 ns
[    0.431876] setup_percpu: NR_CPUS:8192 nr_cpumask_bits:2 nr_cpu_ids:2 nr_node_ids:1
[    0.447438] percpu: Embedded 81 pages/cpu s294912 r8192 d28672 u1048576
[    0.448383] kvm-guest: PV spinlocks enabled
[    0.448820] PV qspinlock hash table entries: 256 (order: 0, 4096 bytes, linear)
[    0.449569] Kernel command line: net.ifnames=0 console=ttyS0 root=/dev/sda earlyprintk=serial net.ifnames=0 plymouth.enable=0
[    0.451306] random: crng init done
[    0.451676] printk: log buffer data + meta data: 262144 + 917504 = 1179648 bytes
[    0.454214] Dentry cache hash table entries: 262144 (order: 9, 2097152 bytes, linear)
[    0.455997] Inode-cache hash table entries: 131072 (order: 8, 1048576 bytes, linear)
[    0.457218] Fallback order for Node 0: 0 
[    0.457234] Built 1 zonelists, mobility grouping on.  Total pages: 524158
[    0.458312] Policy zone: DMA32
[    0.458623] mem auto-init: stack:off, heap alloc:off, heap free:off
[    0.459249] stackdepot: allocating hash table via alloc_large_system_hash
[    0.459940] stackdepot hash table entries: 1048576 (order: 12, 16777216 bytes, linear)
[    0.475318] stackdepot: allocating space for 8192 stack pools via memblock
[    0.517875] SLUB: HWalign=64, Order=0-3, MinObjects=0, CPUs=2, Nodes=1
[    0.518637] kmemleak: Kernel memory leak detector disabled
[    0.558939] ftrace: allocating 75259 entries in 296 pages
[    0.559528] ftrace: allocated 296 pages with 3 groups
[    0.565019] Dynamic Preempt: voluntary
[    0.566030] Running RCU self tests
[    0.566370] Running RCU synchronous self tests
[    0.566812] rcu: Preemptible hierarchical RCU implementation.
[    0.567374] rcu: 	RCU lockdep checking is enabled.
[    0.567846] rcu: 	RCU restricting CPUs from NR_CPUS=8192 to nr_cpu_ids=2.
[    0.568507] 	Trampoline variant of Tasks RCU enabled.
[    0.568999] 	Rude variant of Tasks RCU enabled.
[    0.569441] 	Tracing variant of Tasks RCU enabled.
[    0.569908] rcu: RCU calculated value of scheduler-enlistment delay is 25 jiffies.
[    0.570646] rcu: Adjusting geometry for rcu_fanout_leaf=16, nr_cpu_ids=2
[    0.571407] Running RCU synchronous self tests
[    0.571853] RCU Tasks: Setting shift to 1 and lim to 1 rcu_task_cb_adjust=1 rcu_task_cpu_ids=2.
[    0.572703] RCU Tasks Rude: Setting shift to 1 and lim to 1 rcu_task_cb_adjust=1 rcu_task_cpu_ids=2.
[    0.573595] RCU Tasks Trace: Setting shift to 1 and lim to 1 rcu_task_cb_adjust=1 rcu_task_cpu_ids=2.
[    0.655429] NR_IRQS: 524544, nr_irqs: 440, preallocated irqs: 16
[    0.656786] rcu: srcu_init: Setting srcu_struct sizes based on contention.
[    0.666722] Console: colour VGA+ 80x25
[    0.667230] printk: legacy console [ttyS0] enabled
[    0.667230] printk: legacy console [ttyS0] enabled
[    0.668253] printk: legacy bootconsole [earlyser0] disabled
[    0.668253] printk: legacy bootconsole [earlyser0] disabled
[    0.669491] Lock dependency validator: Copyright (c) 2006 Red Hat, Inc., Ingo Molnar
[    0.670322] ... MAX_LOCKDEP_SUBCLASSES:  8
[    0.670774] ... MAX_LOCK_DEPTH:          48
[    0.671242] ... MAX_LOCKDEP_KEYS:        8192
[    0.671724] ... CLASSHASH_SIZE:          4096
[    0.672203] ... MAX_LOCKDEP_ENTRIES:     524288
[    0.672731] ... MAX_LOCKDEP_CHAINS:      524288
[    0.673242] ... CHAINHASH_SIZE:          262144
[    0.673740]  memory used by lock dependency info: 54145 kB
[    0.674345]  memory used for stack traces: 4224 kB
[    0.674876]  per task-struct memory footprint: 1920 bytes
[    0.675576] ACPI: Core revision 20250807
[    0.676556] clocksource: hpet: mask: 0xffffffff max_cycles: 0xffffffff, max_idle_ns: 19112604467 ns
[    0.677785] APIC: Switch to symmetric I/O mode setup
[    0.678536] x2apic enabled
[    0.679307] APIC: Switched APIC routing to: physical x2apic
[    0.679918] kvm-guest: APIC: send_IPI_mask() replaced with kvm_send_ipi_mask()
[    0.680726] kvm-guest: APIC: send_IPI_mask_allbutself() replaced with kvm_send_ipi_mask_allbutself()
[    0.681829] kvm-guest: setup PV IPIs
[    0.683539] ..TIMER: vector=0x30 apic1=0 pin1=2 apic2=-1 pin2=-1
[    0.684214] clocksource: tsc-early: mask: 0xffffffffffffffff max_cycles: 0x2b2c8ec87c7, max_idle_ns: 440795278598 ns
[    0.685316] Calibrating delay loop (skipped) preset value.. 5990.40 BogoMIPS (lpj=11980800)
[    0.689477] x86/cpu: User Mode Instruction Prevention (UMIP) activated
[    0.690308] Last level iTLB entries: 4KB 0, 2MB 0, 4MB 0
[    0.690865] Last level dTLB entries: 4KB 0, 2MB 0, 4MB 0, 1GB 0
[    0.691492] mitigations: Enabled attack vectors: user_kernel, user_user, guest_host, guest_guest, SMT mitigations: auto
[    0.692594] Speculative Store Bypass: Mitigation: Speculative Store Bypass disabled via prctl
[    0.693311] Spectre V2 : Mitigation: Enhanced / Automatic IBRS
[    0.693924] ITS: Mitigation: Aligned branch/return thunks
[    0.694504] Spectre V1 : Mitigation: usercopy/swapgs barriers and __user pointer sanitization
[    0.695376] Spectre V2 : WARNING: Unprivileged eBPF is enabled with eIBRS on, data leaks possible via Spectre v2 BHB attacks!
[    0.697310] Spectre V2 : Spectre v2 / PBRSB-eIBRS: Retire a single CALL on VMEXIT
[    0.698074] Spectre V2 : mitigation: Enabling conditional Indirect Branch Prediction Barrier
[    0.698931] active return thunk: its_return_thunk
[    0.699432] Spectre V2 : Spectre BHI mitigation: SW BHB clearing on syscall and VM exit
[    0.700287] x86/fpu: Supporting XSAVE feature 0x001: 'x87 floating point registers'
[    0.701104] x86/fpu: Supporting XSAVE feature 0x002: 'SSE registers'
[    0.701305] x86/fpu: Supporting XSAVE feature 0x004: 'AVX registers'
[    0.702017] x86/fpu: Supporting XSAVE feature 0x200: 'Protection Keys User registers'
[    0.702865] x86/fpu: xstate_offset[2]:  576, xstate_sizes[2]:  256
[    0.703531] x86/fpu: xstate_offset[9]:  832, xstate_sizes[9]:    8
[    0.704231] x86/fpu: Enabled xstate features 0x207, context size is 840 bytes, using 'compacted' format.
[    0.877748] Freeing SMP alternatives memory: 64K
[    0.878281] pid_max: default: 32768 minimum: 301
[    0.879208] Yama: becoming mindful.
[    0.880063] Mount-cache hash table entries: 4096 (order: 3, 32768 bytes, linear)
[    0.880840] Mountpoint-cache hash table entries: 4096 (order: 3, 32768 bytes, linear)
[    0.883407] Running RCU synchronous self tests
[    0.883889] Running RCU synchronous self tests
[    0.884831] smpboot: CPU0: Intel(R) Core(TM) Ultra 7 155H (family: 0x6, model: 0xaa, stepping: 0x4)
[    0.885300] Performance Events: unsupported CPU family 6 model 170 no PMU driver, software events only.
[    0.885300] signal: max sigframe size: 3632
[    0.885313] rcu: Hierarchical SRCU implementation.
[    0.885826] rcu: 	Max phase no-delay instances is 1000.
[    0.886713] Timer migration: 1 hierarchy levels; 8 children per group; 1 crossnode level
[    0.911543] NMI watchdog: Perf NMI watchdog permanently disabled
[    0.912455] smp: Bringing up secondary CPUs ...
[    0.915981] smpboot: x86: Booting SMP configuration:
[    0.916543] .... node  #0, CPUs:      #1
[    0.918161] smp: Brought up 1 node, 2 CPUs
[    0.918806] smpboot: Total of 2 processors activated (11980.80 BogoMIPS)
[    0.922087] Memory: 1538728K/2096632K available (80926K kernel code, 15557K rwdata, 18816K rodata, 16412K init, 70012K bss, 546452K reserved, 0K cma-reserved)
[    0.925703] devtmpfs: initialized
[    0.926589] x86/mm: Memory block size: 128MB
[    0.944523] Running RCU synchronous self tests
[    0.945366] Running RCU synchronous self tests
[    0.949529] Running RCU Tasks wait API self tests
[    0.950384] Running RCU Tasks Rude wait API self tests
[    0.953322] Running RCU Tasks Trace wait API self tests
[    0.973391] clocksource: jiffies: mask: 0xffffffff max_cycles: 0xffffffff, max_idle_ns: 7645041785100000 ns
[    0.977550] posixtimers hash table entries: 1024 (order: 5, 73728 bytes, linear)
[    0.980168] futex hash table entries: 512 (65536 bytes on 1 NUMA nodes, total 64 KiB, linear).
[    0.984707] 
[    0.984931] *************************************************************
[    0.985312] **     NOTICE NOTICE NOTICE NOTICE NOTICE NOTICE NOTICE    **
[    0.986091] **                                                         **
[    0.986874] **  IOMMU DebugFS SUPPORT HAS BEEN ENABLED IN THIS KERNEL  **
[    0.987648] **                                                         **
[    0.988440] ** This means that this kernel is built to expose internal **
[    0.989235] ** IOMMU data structures, which may compromise security on **
[    0.989309] ** your system.                                            **
[    0.990098] **                                                         **
[    0.990897] ** If you see this message and you are not debugging the   **
[    0.991687] ** kernel, report this immediately to your vendor!         **
[    0.992474] **                                                         **
[    0.993260] **     NOTICE NOTICE NOTICE NOTICE NOTICE NOTICE NOTICE    **
[    0.993308] *************************************************************
[    0.994228] PM: RTC time: 17:34:14, date: 2026-01-13
[    1.000074] NET: Registered PF_NETLINK/PF_ROUTE protocol family
[    1.001387] Callback from call_rcu_tasks_trace() invoked.
[    1.003040] DMA: preallocated 256 KiB GFP_KERNEL pool for atomic allocations
[    1.004822] DMA: preallocated 256 KiB GFP_KERNEL|GFP_DMA pool for atomic allocations
[    1.005339] DMA: preallocated 256 KiB GFP_KERNEL|GFP_DMA32 pool for atomic allocations
[    1.006379] audit: initializing netlink subsys (disabled)
[    1.007079] audit: type=2000 audit(1768325654.188:1): state=initialized audit_enabled=0 res=1
[    1.007554] thermal_sys: Registered thermal governor 'fair_share'
[    1.007565] thermal_sys: Registered thermal governor 'bang_bang'
[    1.008297] thermal_sys: Registered thermal governor 'step_wise'
[    1.009346] thermal_sys: Registered thermal governor 'user_space'
[    1.010135] cpuidle: using governor ladder
[    1.010550] cpuidle: using governor menu
[    1.010550] acpiphp: ACPI Hot Plug PCI Controller Driver version: 0.5
[    1.014361] PCI: Using configuration type 1 for base access
[    1.015481] kprobes: kprobe jump-optimization is enabled. All kprobes are optimized if possible.
[    1.182418] HugeTLB: registered 1.00 GiB page size, pre-allocated 0 pages
[    1.183280] HugeTLB: 16380 KiB vmemmap can be freed for a 1.00 GiB page
[    1.184081] HugeTLB: registered 2.00 MiB page size, pre-allocated 0 pages
[    1.184915] HugeTLB: 28 KiB vmemmap can be freed for a 2.00 MiB page
[    1.200028] ACPI: Added _OSI(Module Device)
[    1.200550] ACPI: Added _OSI(Processor Device)
[    1.201317] ACPI: Added _OSI(Processor Aggregator Device)
[    1.225802] ACPI: 1 ACPI AML tables successfully acquired and loaded
[    1.235800] ACPI: Interpreter enabled
[    1.236437] ACPI: PM: (supports S0 S3 S4 S5)
[    1.236930] ACPI: Using IOAPIC for interrupt routing
[    1.237478] PCI: Using host bridge windows from ACPI; if necessary, use "pci=nocrs" and report a bug
[    1.238503] PCI: Using E820 reservations for host bridge windows
[    1.241012] ACPI: Enabled 2 GPEs in block 00 to 0F
[    1.303596] ACPI: PCI Root Bridge [PCI0] (domain 0000 [bus 00-ff])
[    1.304409] acpi PNP0A03:00: _OSC: OS supports [ASPM ClockPM Segments MSI EDR HPX-Type3]
[    1.305315] acpi PNP0A03:00: _OSC: not requesting OS control; OS requires [ExtendedConfig ASPM ClockPM MSI]
[    1.306687] acpi PNP0A03:00: fail to add MMCONFIG information, can't access extended configuration space under this bridge
[    1.315024] acpiphp: Slot [3] registered
[    1.315717] acpiphp: Slot [4] registered
[    1.316433] acpiphp: Slot [5] registered
[    1.317122] acpiphp: Slot [6] registered
[    1.317519] acpiphp: Slot [7] registered
[    1.318195] acpiphp: Slot [8] registered
[    1.318928] acpiphp: Slot [9] registered
[    1.319610] acpiphp: Slot [10] registered
[    1.320333] acpiphp: Slot [11] registered
[    1.321026] acpiphp: Slot [12] registered
[    1.321538] acpiphp: Slot [13] registered
[    1.322235] acpiphp: Slot [14] registered
[    1.322921] acpiphp: Slot [15] registered
[    1.323600] acpiphp: Slot [16] registered
[    1.324315] acpiphp: Slot [17] registered
[    1.324994] acpiphp: Slot [18] registered
[    1.325515] acpiphp: Slot [19] registered
[    1.326206] acpiphp: Slot [20] registered
[    1.326927] acpiphp: Slot [21] registered
[    1.327605] acpiphp: Slot [22] registered
[    1.328300] acpiphp: Slot [23] registered
[    1.328992] acpiphp: Slot [24] registered
[    1.329534] acpiphp: Slot [25] registered
[    1.330221] acpiphp: Slot [26] registered
[    1.330909] acpiphp: Slot [27] registered
[    1.331642] acpiphp: Slot [28] registered
[    1.332365] acpiphp: Slot [29] registered
[    1.333042] acpiphp: Slot [30] registered
[    1.333567] acpiphp: Slot [31] registered
[    1.334195] PCI host bridge to bus 0000:00
[    1.334789] pci_bus 0000:00: root bus resource [io  0x0000-0x0cf7 window]
[    1.335618] pci_bus 0000:00: root bus resource [io  0x0d00-0xffff window]
[    1.336447] pci_bus 0000:00: root bus resource [mem 0x000a0000-0x000bffff window]
[    1.337317] pci_bus 0000:00: root bus resource [mem 0x80000000-0xfebfffff window]
[    1.338228] pci_bus 0000:00: root bus resource [mem 0x100000000-0x17fffffff window]
[    1.339157] pci_bus 0000:00: root bus resource [bus 00-ff]
[    1.340037] pci 0000:00:00.0: [8086:1237] type 00 class 0x060000 conventional PCI endpoint
[    1.354898] pci 0000:00:01.0: [8086:7000] type 00 class 0x060100 conventional PCI endpoint
[    1.357894] pci 0000:00:01.1: [8086:7010] type 00 class 0x010180 conventional PCI endpoint
[    1.359567] pci 0000:00:01.1: BAR 4 [io  0xc040-0xc04f]
[    1.360249] pci 0000:00:01.1: BAR 0 [io  0x01f0-0x01f7]: legacy IDE quirk
[    1.361070] pci 0000:00:01.1: BAR 1 [io  0x03f6]: legacy IDE quirk
[    1.361314] pci 0000:00:01.1: BAR 2 [io  0x0170-0x0177]: legacy IDE quirk
[    1.362132] pci 0000:00:01.1: BAR 3 [io  0x0376]: legacy IDE quirk
[    1.363673] pci 0000:00:01.3: [8086:7113] type 00 class 0x068000 conventional PCI endpoint
[    1.365085] pci 0000:00:01.3: quirk: [io  0x0600-0x063f] claimed by PIIX4 ACPI
[    1.365321] pci 0000:00:01.3: quirk: [io  0x0700-0x070f] claimed by PIIX4 SMB
[    1.366963] pci 0000:00:02.0: [1234:1111] type 00 class 0x030000 conventional PCI endpoint
[    1.370025] pci 0000:00:02.0: BAR 0 [mem 0xfd000000-0xfdffffff pref]
[    1.370907] pci 0000:00:02.0: BAR 2 [mem 0xfebf0000-0xfebf0fff]
[    1.371641] pci 0000:00:02.0: ROM [mem 0xfebe0000-0xfebeffff pref]
[    1.372807] pci 0000:00:02.0: Video device with shadowed ROM at [mem 0x000c0000-0x000dffff]
[    1.388783] pci 0000:00:03.0: [8086:100e] type 00 class 0x020000 conventional PCI endpoint
[    1.390501] pci 0000:00:03.0: BAR 0 [mem 0xfebc0000-0xfebdffff]
[    1.391233] pci 0000:00:03.0: BAR 1 [io  0xc000-0xc03f]
[    1.391900] pci 0000:00:03.0: ROM [mem 0xfeb80000-0xfebbffff pref]
[    1.423248] ACPI: PCI: Interrupt link LNKA configured for IRQ 10
[    1.425476] ACPI: PCI: Interrupt link LNKB configured for IRQ 10
[    1.427545] ACPI: PCI: Interrupt link LNKC configured for IRQ 11
[    1.429629] ACPI: PCI: Interrupt link LNKD configured for IRQ 11
[    1.430893] ACPI: PCI: Interrupt link LNKS configured for IRQ 9
[    1.441531] iommu: Default domain type: Translated
[    1.442590] iommu: DMA domain TLB invalidation policy: lazy mode
[    1.451820] SCSI subsystem initialized
[    1.454364] ACPI: bus type USB registered
[    1.456017] usbcore: registered new interface driver usbfs
[    1.457045] usbcore: registered new interface driver hub
[    1.457449] usbcore: registered new device driver usb
[    1.460401] pps_core: LinuxPPS API ver. 1 registered
[    1.460961] pps_core: Software ver. 5.3.6 - Copyright 2005-2007 Rodolfo Giometti <giometti@linux.it>
[    1.461406] PTP clock support registered
[    1.462535] EDAC MC: Ver: 3.0.0
[    1.468524] NetLabel: Initializing
[    1.468927] NetLabel:  domain hash size = 128
[    1.469317] NetLabel:  protocols = UNLABELED CIPSOv4 CALIPSO
[    1.470188] NetLabel:  unlabeled traffic allowed by default
[    1.471948] PCI: Using ACPI for IRQ routing
[    1.473113] pci 0000:00:02.0: vgaarb: setting as boot VGA device
[    1.473300] pci 0000:00:02.0: vgaarb: bridge control possible
[    1.473300] pci 0000:00:02.0: vgaarb: VGA device added: decodes=io+mem,owns=io+mem,locks=none
[    1.473313] vgaarb: loaded
[    1.479005] hpet0: at MMIO 0xfed00000, IRQs 2, 8, 0
[    1.480066] hpet0: 3 comparators, 64-bit 100.000000 MHz counter
[    1.485040] clocksource: Switched to clocksource kvm-clock
[    4.539479] VFS: Disk quotas dquot_6.6.0
[    4.543963] VFS: Dquot-cache hash table entries: 512 (order 0, 4096 bytes)
[    4.549257] pnp: PnP ACPI init
[    4.554925] pnp: PnP ACPI: found 6 devices
[    4.587566] clocksource: acpi_pm: mask: 0xffffff max_cycles: 0xffffff, max_idle_ns: 2085701024 ns
[    4.589177] NET: Registered PF_INET protocol family
[    4.590125] IP idents hash table entries: 32768 (order: 6, 262144 bytes, linear)
[    4.593250] tcp_listen_portaddr_hash hash table entries: 1024 (order: 5, 73728 bytes, linear)
[    4.594341] Table-perturb hash table entries: 65536 (order: 6, 262144 bytes, linear)
[    4.595231] TCP established hash table entries: 16384 (order: 5, 131072 bytes, linear)
[    4.597107] TCP bind hash table entries: 16384 (order: 10, 2359296 bytes, linear)
[    4.603751] TCP: Hash tables configured (established 16384 bind 16384)
[    4.605693] UDP hash table entries: 1024 (order: 6, 262144 bytes, linear)
[    4.607536] UDP-Lite hash table entries: 1024 (order: 6, 262144 bytes, linear)
[    4.610226] NET: Registered PF_UNIX/PF_LOCAL protocol family
[    4.613609] RPC: Registered named UNIX socket transport module.
[    4.614236] RPC: Registered udp transport module.
[    4.614709] RPC: Registered tcp transport module.
[    4.615182] RPC: Registered tcp-with-tls transport module.
[    4.615727] RPC: Registered tcp NFSv4.1 backchannel transport module.
[    4.616444] pci_bus 0000:00: resource 4 [io  0x0000-0x0cf7 window]
[    4.617077] pci_bus 0000:00: resource 5 [io  0x0d00-0xffff window]
[    4.617698] pci_bus 0000:00: resource 6 [mem 0x000a0000-0x000bffff window]
[    4.618390] pci_bus 0000:00: resource 7 [mem 0x80000000-0xfebfffff window]
[    4.619076] pci_bus 0000:00: resource 8 [mem 0x100000000-0x17fffffff window]
[    4.620246] pci 0000:00:01.0: PIIX3: Enabling Passive Release
[    4.620849] pci 0000:00:00.0: Limiting direct PCI/PCI transfers
[    4.621551] PCI: CLS 0 bytes, default 64
[    4.622721] ACPI: bus type thunderbolt registered
[    4.623822] clocksource: tsc: mask: 0xffffffffffffffff max_cycles: 0x2b2c8ec87c7, max_idle_ns: 440795278598 ns
[    4.632437] Initialise system trusted keyrings
[    4.633081] Key type blacklist registered
[    4.633846] workingset: timestamp_bits=36 max_order=19 bucket_order=0
[    4.637009] squashfs: version 4.0 (2009/01/31) Phillip Lougher
[    4.640199] NFS: Registering the id_resolver key type
[    4.640747] Key type id_resolver registered
[    4.641163] Key type id_legacy registered
[    4.641629] nfs4filelayout_init: NFSv4 File Layout Driver Registering...
[    4.642332] nfs4flexfilelayout_init: NFSv4 Flexfile Layout Driver Registering...
[    4.643664] fuse: init (API version 7.45)
[    4.644926] SGI XFS with ACLs, security attributes, realtime, quota, no debug enabled
[    4.647900] 9p: Installing v9fs 9p2000 file system support
[    4.663903] Callback from call_rcu_tasks() invoked.
[    4.664641] Key type asymmetric registered
[    4.665402] Asymmetric key parser 'x509' registered
[    4.666125] Block layer SCSI generic (bsg) driver version 0.4 loaded (major 241)
[    4.668405] io scheduler mq-deadline registered
[    4.669061] io scheduler bfq registered
[    4.670094] ledtrig-cpu: registered to indicate activity on CPUs
[    4.672876] IPMI message handler: version 39.2
[    4.673441] ipmi device interface
[    4.677627] input: Power Button as /devices/LNXSYSTM:00/LNXPWRBN:00/input/input0
[    4.680300] ACPI: button: Power Button [PWRF]
[    4.684690] ERST DBG: ERST support is disabled.
[    4.689234] Serial: 8250/16550 driver, 32 ports, IRQ sharing enabled
[    4.693046] 00:04: ttyS0 at I/O 0x3f8 (irq = 4, base_baud = 115200) is a 16550A
[    4.756389] Linux agpgart interface v0.103
[    4.762436] ACPI: bus type drm_connector registered
[    4.815813] brd: module loaded
[    4.842099] loop: module loaded
[    4.858864] scsi host0: ata_piix
[    4.860911] scsi host1: ata_piix
[    4.861876] ata1: PATA max MWDMA2 cmd 0x1f0 ctl 0x3f6 bmdma 0xc040 irq 14 lpm-pol 0
[    4.862668] ata2: PATA max MWDMA2 cmd 0x170 ctl 0x376 bmdma 0xc048 irq 15 lpm-pol 0
[    4.867374] tun: Universal TUN/TAP device driver, 1.6
[    4.869074] e100: Intel(R) PRO/100 Network Driver
[    4.869577] e100: Copyright(c) 1999-2006 Intel Corporation
[    4.870321] e1000: Intel(R) PRO/1000 Network Driver
[    4.870831] e1000: Copyright (c) 1999-2006 Intel Corporation.
[    5.019990] ata1: found unknown device (class 0)
[    5.020985] ata2: found unknown device (class 0)
[    5.022825] ata2.00: ATAPI: QEMU DVD-ROM, 2.5+, max UDMA/100
[    5.024833] ata1.00: ATA-7: QEMU HARDDISK, 2.5+, max UDMA/100
[    5.025480] ata1.00: 17196647 sectors, multi 16: LBA48 
[    5.029646] scsi 0:0:0:0: Direct-Access     ATA      QEMU HARDDISK    2.5+ PQ: 0 ANSI: 5
[    5.036182] sd 0:0:0:0: [sda] 17196647 512-byte logical blocks: (8.80 GB/8.20 GiB)
[    5.038144] sd 0:0:0:0: Attached scsi generic sg0 type 0
[    5.039994] sd 0:0:0:0: [sda] Write Protect is off
[    5.042179] sd 0:0:0:0: [sda] Write cache: enabled, read cache: enabled, doesn't support DPO or FUA
[    5.044171] scsi 1:0:0:0: CD-ROM            QEMU     QEMU DVD-ROM     2.5+ PQ: 0 ANSI: 5
[    5.046401] sd 0:0:0:0: [sda] Preferred minimum I/O size 512 bytes
[    5.083392] scsi 1:0:0:0: Attached scsi generic sg1 type 5
[    5.090339] sd 0:0:0:0: [sda] Attached SCSI disk
[    5.826406] ACPI: \_SB_.LNKC: Enabled at IRQ 11
[    6.144867] e1000 0000:00:03.0 eth0: (PCI:33MHz:32-bit) 52:54:00:12:34:56
[    6.145581] e1000 0000:00:03.0 eth0: Intel(R) PRO/1000 Network Connection
[    6.146476] e1000e: Intel(R) PRO/1000 Network Driver
[    6.146967] e1000e: Copyright(c) 1999 - 2015 Intel Corporation.
[    6.147730] igb: Intel(R) Gigabit Ethernet Network Driver
[    6.148283] igb: Copyright (c) 2007-2014 Intel Corporation.
[    6.149306] PPP generic driver version 2.4.2
[    6.151280] VFIO - User Level meta-driver version: 0.3
[    6.155019] usbcore: registered new interface driver uas
[    6.155729] usbcore: registered new interface driver usb-storage
[    6.156743] i8042: PNP: PS/2 Controller [PNP0303:KBD,PNP0f13:MOU] at 0x60,0x64 irq 1,12
[    6.158838] serio: i8042 KBD port at 0x60,0x64 irq 1
[    6.159417] serio: i8042 AUX port at 0x60,0x64 irq 12
[    6.161562] mousedev: PS/2 mouse device common for all mice
[    6.163639] input: AT Translated Set 2 keyboard as /devices/platform/i8042/serio0/input/input1
[    6.166650] rtc_cmos 00:05: RTC can wake from S4
[    6.167078] input: VirtualPS/2 VMware VMMouse as /devices/platform/i8042/serio1/input/input4
[    6.169963] input: VirtualPS/2 VMware VMMouse as /devices/platform/i8042/serio1/input/input3
[    6.171369] rtc_cmos 00:05: registered as rtc0
[    6.172594] rtc_cmos 00:05: setting system clock to 2026-01-13T17:34:19 UTC (1768325659)
[    6.174939] rtc_cmos 00:05: alarms up to one day, y3k, 242 bytes nvram, hpet irqs
[    6.176673] i2c_dev: i2c /dev entries driver
[    6.177824] device-mapper: core: CONFIG_IMA_DISABLE_HTABLE is disabled. Duplicate IMA measurements will not be recorded in the IMA log.
[    6.180354] device-mapper: uevent: version 1.0.3
[    6.182274] device-mapper: ioctl: 4.50.0-ioctl (2025-04-28) initialised: dm-devel@lists.linux.dev
[    6.184151] intel_pstate: CPU model not supported
[    6.186025] sdhci: Secure Digital Host Controller Interface driver
[    6.187293] sdhci: Copyright(c) Pierre Ossman
[    6.188725] sdhci-pltfm: SDHCI platform and OF driver helper
[    6.191254] drop_monitor: Initializing network drop monitor service
[    6.193517] NET: Registered PF_INET6 protocol family
[    6.198582] Segment Routing with IPv6
[    6.199572] In-situ OAM (IOAM) with IPv6
[    6.200817] NET: Registered PF_PACKET protocol family
[    6.202321] 9pnet: Installing 9P2000 support
[    6.203104] Key type dns_resolver registered
[    6.206661] IPI shorthand broadcast: enabled
[    6.283592] sched_clock: Marking stable (6260008532, 19770526)->(6314423094, -34644036)
[    6.285957] registered taskstats version 1
[    6.287251] Loading compiled-in X.509 certificates
[    6.379338] Demotion targets for Node 0: null
[    6.383252] Key type .fscrypt registered
[    6.384368] Key type fscrypt-provisioning registered
[    6.392353] Key type encrypted registered
[    6.393337] ima: No TPM chip found, activating TPM-bypass!
[    6.394526] ima: Allocated hash algorithm: sha1
[    6.395639] ima: No architecture policies found
[    6.397108] evm: Initialising EVM extended attributes:
[    6.398183] evm: security.selinux
[    6.398877] evm: security.SMACK64
[    6.399565] evm: security.SMACK64EXEC
[    6.400387] evm: security.SMACK64TRANSMUTE
[    6.401256] evm: security.SMACK64MMAP
[    6.402015] evm: security.apparmor
[    6.402726] evm: security.ima
[    6.403348] evm: security.capability
[    6.404108] evm: HMAC attrs: 0x1
[    6.409747] PM:   Magic number: 10:777:592
[    6.412569] RAS: Correctable Errors collector initialized.
[    6.414317] clk: Disabling unused clocks
[    6.414857] PM: genpd: Disabling unused power domains
[    6.416388] check access for rdinit=/init failed: -2, ignoring
[    6.416928] md: Waiting for all devices to be available before autodetect
[    6.417474] md: If you don't use raid, use raid=noautodetect
[    6.417938] md: Autodetecting RAID arrays.
[    6.418294] md: autorun ...
[    6.418535] md: ... autorun DONE.
[    6.428189] EXT4-fs (sda): INFO: recovery required on readonly filesystem
[    6.428793] EXT4-fs (sda): write access will be enabled during recovery
[    6.913794] EXT4-fs (sda): recovery complete
[    6.917776] EXT4-fs (sda): mounted filesystem 088740a9-c8b4-422c-999d-a804eb68a4da ro with ordered data mode. Quota mode: none.
[    6.919688] VFS: Mounted root (ext4 filesystem) readonly on device 8:0.
[    6.925726] devtmpfs: mounted
[    6.953240] Freeing unused decrypted memory: 2036K
[    6.969127] Freeing unused kernel image (initmem) memory: 16412K
[    6.969870] Write protecting the kernel read-only data: 102400k
[    6.973750] Freeing unused kernel image (text/rodata gap) memory: 992K
[    6.976454] Freeing unused kernel image (rodata/data gap) memory: 1664K
[    7.076804] x86/mm: Checked W+X mappings: passed, no W+X pages found.
[    7.077412] Run /sbin/init as init process
[    7.379922] systemd[1]: systemd 252-15.el9 running in system mode (+PAM +AUDIT +SELINUX -APPARMOR +IMA +SMACK +SECCOMP +GCRYPT +GNUTLS +OPENSSL +ACL +BLKID +CURL +ELFUTILS -FIDO2 +IDN2 -IDN -IPTC +KMOD +LIBCRYPTSETUP +LIBFDISK +PCRE2 -PWQUALITY +P11KIT -QRENCODE +TPM2 +BZIP2 +LZ4 +XZ +ZLIB +ZSTD -BPF_FRAMEWORK +XKBCOMMON +UTMP +SYSVINIT default-hierarchy=unified)
[    7.385106] systemd[1]: Detected virtualization kvm.
[    7.385854] systemd[1]: Detected architecture x86-64.

Welcome to [0;31mCentOS Stream 9[0m!

[    7.395678] systemd[1]: Hostname set to <test>.
[    7.854219] systemd-rc-local-generator[117]: /etc/rc.d/rc.local is not marked executable, skipping.
[    8.202592] systemd[1]: Queued start job for default target Multi-User System.
[    8.233887] systemd[1]: Created slice Virtual Machine and Container Slice.
[[0;32m  OK  [0m] Created slice [0;1;39mVirtual Machine and Container Slice[0m.
[    8.245132] systemd[1]: Created slice Slice /system/getty.
[[0;32m  OK  [0m] Created slice [0;1;39mSlice /system/getty[0m.
[    8.251707] systemd[1]: Created slice Slice /system/modprobe.
[[0;32m  OK  [0m] Created slice [0;1;39mSlice /system/modprobe[0m.
[    8.258203] systemd[1]: Created slice Slice /system/serial-getty.
[[0;32m  OK  [0m] Created slice [0;1;39mSlice /system/serial-getty[0m.
[    8.264426] systemd[1]: Created slice Slice /system/sshd-keygen.
[[0;32m  OK  [0m] Created slice [0;1;39mSlice /system/sshd-keygen[0m.
[    8.268850] systemd[1]: Created slice User and Session Slice.
[[0;32m  OK  [0m] Created slice [0;1;39mUser and Session Slice[0m.
[    8.271079] systemd[1]: Started Forward Password Requests to Wall Directory Watch.
[[0;32m  OK  [0m] Started [0;1;39mForward Password R…uests to Wall Directory Watch[0m.
[    8.274832] systemd[1]: Set up automount Arbitrary Executable File Formats File System Automount Point.
[[0;32m  OK  [0m] Set up automount [0;1;39mArbitrary…s File System Automount Point[0m.
[    8.277731] systemd[1]: Reached target Local Integrity Protected Volumes.
[[0;32m  OK  [0m] Reached target [0;1;39mLocal Integrity Protected Volumes[0m.
[    8.280523] systemd[1]: Reached target Slice Units.
[[0;32m  OK  [0m] Reached target [0;1;39mSlice Units[0m.
[    8.282595] systemd[1]: Reached target Swaps.
[[0;32m  OK  [0m] Reached target [0;1;39mSwaps[0m.
[    8.284507] systemd[1]: Reached target Local Verity Protected Volumes.
[[0;32m  OK  [0m] Reached target [0;1;39mLocal Verity Protected Volumes[0m.
[    8.287916] systemd[1]: Listening on Device-mapper event daemon FIFOs.
[[0;32m  OK  [0m] Listening on [0;1;39mDevice-mapper event daemon FIFOs[0m.
[    8.292021] systemd[1]: Listening on LVM2 poll daemon socket.
[[0;32m  OK  [0m] Listening on [0;1;39mLVM2 poll daemon socket[0m.
[    8.294639] systemd[1]: multipathd control socket was skipped because of an unmet condition check (ConditionPathExists=/etc/multipath.conf).
[    8.362117] systemd[1]: Listening on RPCbind Server Activation Socket.
[[0;32m  OK  [0m] Listening on [0;1;39mRPCbind Server Activation Socket[0m.
[    8.365033] systemd[1]: Reached target RPC Port Mapper.
[[0;32m  OK  [0m] Reached target [0;1;39mRPC Port Mapper[0m.
[    8.370153] systemd[1]: Listening on Process Core Dump Socket.
[[0;32m  OK  [0m] Listening on [0;1;39mProcess Core Dump Socket[0m.
[    8.372626] systemd[1]: Listening on initctl Compatibility Named Pipe.
[[0;32m  OK  [0m] Listening on [0;1;39minitctl Compatibility Named Pipe[0m.
[    8.375625] systemd[1]: Listening on Journal Socket (/dev/log).
[[0;32m  OK  [0m] Listening on [0;1;39mJournal Socket (/dev/log)[0m.
[    8.378333] systemd[1]: Listening on Journal Socket.
[[0;32m  OK  [0m] Listening on [0;1;39mJournal Socket[0m.
[    8.380934] systemd[1]: Listening on udev Control Socket.
[[0;32m  OK  [0m] Listening on [0;1;39mudev Control Socket[0m.
[    8.382956] systemd[1]: Listening on udev Kernel Socket.
[[0;32m  OK  [0m] Listening on [0;1;39mudev Kernel Socket[0m.
[    8.428717] systemd[1]: Mounting Huge Pages File System...
         Mounting [0;1;39mHuge Pages File System[0m...
[    8.448159] systemd[1]: Mounting POSIX Message Queue File System...
         Mounting [0;1;39mPOSIX Message Queue File System[0m...
[    8.464023] systemd[1]: Mounting Kernel Debug File System...
         Mounting [0;1;39mKernel Debug File System[0m...
[    8.479985] systemd[1]: Mounting Kernel Trace File System...
         Mounting [0;1;39mKernel Trace File System[0m...
[    8.481469] systemd[1]: Kernel Module supporting RPCSEC_GSS was skipped because of an unmet condition check (ConditionPathExists=/etc/krb5.keytab).
[    8.482517] systemd[1]: Create List of Static Device Nodes was skipped because of an unmet condition check (ConditionFileNotEmpty=/lib/modules/6.19.0-rc1-edecd1ae594a+/modules.devname).
[    8.490618] systemd[1]: Starting Monitoring of LVM2 mirrors, snapshots etc. using dmeventd or progress polling...
         Starting [0;1;39mMonitoring of LVM…meventd or progress polling[0m...
[    8.510258] systemd[1]: Starting Load Kernel Module configfs...
         Starting [0;1;39mLoad Kernel Module configfs[0m...
[    8.556236] systemd[1]: Starting Load Kernel Module drm...
         Starting [0;1;39mLoad Kernel Module drm[0m...
[    8.572073] systemd[1]: Starting Load Kernel Module fuse...
         Starting [0;1;39mLoad Kernel Module fuse[0m...
[    8.601923] systemd[1]: Starting Read and set NIS domainname from /etc/sysconfig/network...
         Starting [0;1;39mRead and set NIS …from /etc/sysconfig/network[0m...
[    8.628158] systemd[1]: Starting Journal Service...
         Starting [0;1;39mJournal Service[0m...
[    8.643010] systemd[1]: Starting Load Kernel Modules...
         Starting [0;1;39mLoad Kernel Modules[0m...
[    8.661775] systemd[1]: Starting Generate network units from Kernel command line...
         Starting [0;1;39mGenerate network …ts from Kernel command line[0m...
[    8.684375] systemd[1]: Starting Remount Root and Kernel File Systems...
         Starting [0;1;39mRemount Root and Kernel File Systems[0m...
[    8.692054] systemd[1]: Repartition Root Disk was skipped because no trigger condition checks were met.
[    8.717637] systemd[1]: Starting Coldplug All udev Devices...
         Starting [0;1;39mColdplug All udev Devices[0m...
[    8.757771] systemd[1]: Mounted Huge Pages File System.
[[0;32m  OK  [0m] Mounted [0;1;39mHuge Pages File System[0m.
[    8.761136] systemd[1]: Mounted POSIX Message Queue File System.
[[0;32m  OK  [0m] Mounted [0;1;39mPOSIX Message Queue File System[0m.
[    8.768607] systemd[1]: Mounted Kernel Debug File System.
[[0;32m  OK  [0m] Mounted [0;1;39mKernel Debug File System[0m.
[    8.770774] systemd[1]: Mounted Kernel Trace File System.
[[0;32m  OK  [0m] Mounted [0;1;39mKernel Trace File System[0m.
[    8.777691] systemd[1]: Finished Monitoring of LVM2 mirrors, snapshots etc. using dmeventd or progress polling.
[[0;32m  OK  [0m] Finished [0;1;39mMonitoring of LVM… dmeventd or progress polling[0m.
[    8.786505] systemd[1]: modprobe@configfs.service: Deactivated successfully.
[    8.792857] systemd[1]: Finished Load Kernel Module configfs.
[[0;32m  OK  [0m] Finished [0;1;39mLoad Kernel Module configfs[0m.
[    8.798451] systemd[1]: modprobe@drm.service: Deactivated successfully.
[    8.808384] systemd[1]: Finished Load Kernel Module drm.
[[0;32m  OK  [0m] Finished [0;1;39mLoad Kernel Module drm[0m.
[    8.817226] systemd[1]: modprobe@fuse.service: Deactivated successfully.
[    8.819164] systemd[1]: Finished Load Kernel Module fuse.
[[0;32m  OK  [0m] Finished [0;1;39mLoad Kernel Module fuse[0m.
[    8.821718] EXT4-fs (sda): re-mounted 088740a9-c8b4-422c-999d-a804eb68a4da r/w.
[    8.836141] systemd[1]: Finished Read and set NIS domainname from /etc/sysconfig/network.
[[0;32m  OK  [0m] Finished [0;1;39mRead and set NIS …e from /etc/sysconfig/network[0m.
[    8.840639] systemd[1]: systemd-modules-load.service: Main process exited, code=exited, status=1/FAILURE
[    8.842392] systemd[1]: systemd-modules-load.service: Failed with result 'exit-code'.
[    8.849896] systemd[1]: Failed to start Load Kernel Modules.
[[0;1;31mFAILED[0m] Failed to start [0;1;39mLoad Kernel Modules[0m.
See 'systemctl status systemd-modules-load.service' for details.
[    8.858366] systemd[1]: Finished Generate network units from Kernel command line.
[[0;32m  OK  [0m] Finished [0;1;39mGenerate network units from Kernel command line[0m.
[    8.865156] systemd[1]: Started Journal Service.
[[0;32m  OK  [0m] Started [0;1;39mJournal Service[0m.
[[0;32m  OK  [0m] Finished [0;1;39mRemount Root and Kernel File Systems[0m.
[[0;32m  OK  [0m] Reached target [0;1;39mPreparation for Network[0m.
         Mounting [0;1;39mFUSE Control File System[0m...
         Mounting [0;1;39mKernel Configuration File System[0m...
         Starting [0;1;39mFlush Journal to Persistent Storage[0m...
         Starting [0;1;39mLoad/Save Random Seed[0m...
         Starting [0;1;39mApply Kernel Variables[0m...
[    9.012779] systemd-journald[144]: Received client request to flush runtime journal.
         Starting [0;1;39mCreate Static Device Nodes in /dev[0m...
         Starting [0;1;39mSetup Virtual Console[0m...
[[0;32m  OK  [0m] Mounted [0;1;39mFUSE Control File System[0m.
[[0;32m  OK  [0m] Mounted [0;1;39mKernel Configuration File System[0m.
[[0;32m  OK  [0m] Finished [0;1;39mFlush Journal to Persistent Storage[0m.
[[0;32m  OK  [0m] Finished [0;1;39mLoad/Save Random Seed[0m.
[[0;32m  OK  [0m] Finished [0;1;39mApply Kernel Variables[0m.
[[0;32m  OK  [0m] Finished [0;1;39mCreate Static Device Nodes in /dev[0m.
         Starting [0;1;39mRule-based Manage…for Device Events and Files[0m...
[[0;32m  OK  [0m] Started [0;1;39mRule-based Manager for Device Events and Files[0m.
         Starting [0;1;39mAuto-connect to s…E devices found during boot[0m...
[[0;32m  OK  [0m] Finished [0;1;39mAuto-connect to s…VME devices found during boot[0m.
[[0;32m  OK  [0m] Finished [0;1;39mSetup Virtual Console[0m.
[[0;32m  OK  [0m] Finished [0;1;39mColdplug All udev Devices[0m.
[[0;32m  OK  [0m] Started [0;1;39mDispatch Password …ts to Console Directory Watch[0m.
[[0;32m  OK  [0m] Reached target [0;1;39mLocal Encrypted Volumes[0m.
[[0;32m  OK  [0m] Reached target [0;1;39mPath Units[0m.
         Starting [0;1;39mWait for udev To …plete Device Initialization[0m...
[[0;32m  OK  [0m] Found device [0;1;39m/dev/ttyS0[0m.
[[0;32m  OK  [0m] Listening on [0;1;39mLoad/Save RF …itch Status /dev/rfkill Watch[0m.
[[0;32m  OK  [0m] Finished [0;1;39mWait for udev To Complete Device Initialization[0m.
[[0;32m  OK  [0m] Reached target [0;1;39mPreparation for Local File Systems[0m.
[[0;32m  OK  [0m] Reached target [0;1;39mLocal File Systems[0m.
         Starting [0;1;39mTell Plymouth To Write Out Runtime Data[0m...
         Starting [0;1;39mAutomatic Boot Loader Update[0m...
         Starting [0;1;39mCreate Volatile Files and Directories[0m...
[[0;32m  OK  [0m] Finished [0;1;39mTell Plymouth To Write Out Runtime Data[0m.
[[0;32m  OK  [0m] Finished [0;1;39mAutomatic Boot Loader Update[0m.
[[0;32m  OK  [0m] Finished [0;1;39mCreate Volatile Files and Directories[0m.
         Mounting [0;1;39mRPC Pipe File System[0m...
         Starting [0;1;39mSecurity Auditing Service[0m...
         Starting [0;1;39mRPC Bind[0m...
[[0;32m  OK  [0m] Mounted [0;1;39mRPC Pipe File System[0m.
[[0;32m  OK  [0m] Reached target [0;1;39mrpc_pipefs.target[0m.
[[0;32m  OK  [0m] Started [0;1;39mRPC Bind[0m.
[[0;32m  OK  [0m] Started [0;1;39mSecurity Auditing Service[0m.
         Starting [0;1;39mRecord System Boot/Shutdown in UTMP[0m...
[[0;32m  OK  [0m] Finished [0;1;39mRecord System Boot/Shutdown in UTMP[0m.
[[0;32m  OK  [0m] Reached target [0;1;39mSystem Initialization[0m.
[[0;32m  OK  [0m] Started [0;1;39mDaily rotation of log files[0m.
[[0;32m  OK  [0m] Started [0;1;39mUpdates mlocate database every day[0m.
[[0;32m  OK  [0m] Started [0;1;39mDaily Cleanup of Temporary Directories[0m.
[[0;32m  OK  [0m] Started [0;1;39mdaily update of the root trust anchor for DNSSEC[0m.
[[0;32m  OK  [0m] Reached target [0;1;39mTimer Units[0m.
[[0;32m  OK  [0m] Listening on [0;1;39mD-Bus System Message Bus Socket[0m.
[[0;32m  OK  [0m] Listening on [0;1;39mOpen-iSCSI iscsid Socket[0m.
[[0;32m  OK  [0m] Listening on [0;1;39mOpen-iSCSI iscsiuio Socket[0m.
[[0;32m  OK  [0m] Listening on [0;1;39mSSSD Kerberos…ache Manager responder socket[0m.
[[0;32m  OK  [0m] Listening on [0;1;39mLibvirt interface local socket[0m.
[[0;32m  OK  [0m] Listening on [0;1;39mVirtual machine lock manager socket[0m.
[[0;32m  OK  [0m] Listening on [0;1;39mVirtual machine log manager socket[0m.
[[0;32m  OK  [0m] Listening on [0;1;39mLibvirt network local socket[0m.
[[0;32m  OK  [0m] Listening on [0;1;39mLibvirt nodedev local socket[0m.
[[0;32m  OK  [0m] Listening on [0;1;39mLibvirt nwfilter local socket[0m.
[[0;32m  OK  [0m] Listening on [0;1;39mLibvirt proxy local socket[0m.
[[0;32m  OK  [0m] Listening on [0;1;39mLibvirt qemu local socket[0m.
[[0;32m  OK  [0m] Listening on [0;1;39mLibvirt qemu admin socket[0m.
[[0;32m  OK  [0m] Listening on [0;1;39mLibvirt qemu local read-only socket[0m.
[[0;32m  OK  [0m] Listening on [0;1;39mLibvirt secret local socket[0m.
[[0;32m  OK  [0m] Listening on [0;1;39mLibvirt storage local socket[0m.
[[0;32m  OK  [0m] Reached target [0;1;39mSocket Units[0m.
         Starting [0;1;39mD-Bus System Message Bus[0m...
[[0;32m  OK  [0m] Started [0;1;39mD-Bus System Message Bus[0m.
[[0;32m  OK  [0m] Reached target [0;1;39mBasic System[0m.
         Starting [0;1;39mNetwork Manager[0m...
         Starting [0;1;39mNTP client/server[0m...
         Starting [0;1;39mRestore /run/initramfs on shutdown[0m...
[[0;32m  OK  [0m] Started [0;1;39mirqbalance daemon[0m.
[[0;32m  OK  [0m] Started [0;1;39mlibstoragemgmt plug-in server daemon[0m.
[[0;32m  OK  [0m] Started [0;1;39mMachine Check Exception Logging Daemon[0m.
[[0;32m  OK  [0m] Reached target [0;1;39msshd-keygen.target[0m.
[[0;32m  OK  [0m] Reached target [0;1;39mUser and Group Name Lookups[0m.
         Starting [0;1;39mUser Login Management[0m...
         Starting [0;1;39mVirtual Machine a…tainer Registration Service[0m...
[[0;32m  OK  [0m] Finished [0;1;39mRestore /run/initramfs on shutdown[0m.
[[0;32m  OK  [0m] Started [0;1;39mVirtual Machine an…ontainer Registration Service[0m.
         Starting [0;1;39mHostname Service[0m...
[[0;32m  OK  [0m] Started [0;1;39mNTP client/server[0m.
[[0;32m  OK  [0m] Started [0;1;39mUser Login Management[0m.
[[0;32m  OK  [0m] Started [0;1;39mHostname Service[0m.
         Starting [0;1;39mNetwork Manager Script Dispatcher Service[0m...
[[0;32m  OK  [0m] Started [0;1;39mNetwork Manager Script Dispatcher Service[0m.
[   13.860147] e1000: eth0 NIC Link is Up 1000 Mbps Full Duplex, Flow Control: RX
[[0;32m  OK  [0m] Started [0;1;39mNetwork Manager[0m.
[[0;32m  OK  [0m] Reached target [0;1;39mNetwork[0m.
[[0;32m  OK  [0m] Reached target [0;1;39mNetwork is Online[0m.
         Starting [0;1;39mGSSAPI Proxy Daemon[0m...
         Starting [0;1;39mNotify NFS peers of a restart[0m...
         Starting [0;1;39mSystem Logging Service[0m...
         Starting [0;1;39mOpenSSH server daemon[0m...
         Starting [0;1;39mDynamic System Tuning Daemon[0m...
[[0;32m  OK  [0m] Started [0;1;39mNotify NFS peers of a restart[0m.
[[0;32m  OK  [0m] Started [0;1;39mGSSAPI Proxy Daemon[0m.
[[0;32m  OK  [0m] Started [0;1;39mOpenSSH server daemon[0m.
[[0;32m  OK  [0m] Reached target [0;1;39mNFS client services[0m.
[[0;32m  OK  [0m] Reached target [0;1;39mPreparation for Remote File Systems[0m.
[[0;32m  OK  [0m] Reached target [0;1;39mRemote File Systems[0m.
         Starting [0;1;39mPermit User Sessions[0m...
         Starting [0;1;39mVirtualization qemu daemon[0m...
[[0;32m  OK  [0m] Finished [0;1;39mPermit User Sessions[0m.
[[0;32m  OK  [0m] Started [0;1;39mDeferred execution scheduler[0m.
[[0;32m  OK  [0m] Started [0;1;39mCommand Scheduler[0m.
         Starting [0;1;39mHold until boot process finishes up[0m...
         Starting [0;1;39mTerminate Plymouth Boot Screen[0m...
[[0;32m  OK  [0m] Started [0;1;39mSystem Logging Service[0m.
[[0;32m  OK  [0m] Finished [0;1;39mHold until boot process finishes up[0m.
[[0;32m  OK  [0m] Finished [0;1;39mTerminate Plymouth Boot Screen[0m.
[[0;32m  OK  [0m] Started [0;1;39mGetty on tty1[0m.
[[0;32m  OK  [0m] Started [0;1;39mSerial Getty on ttyS0[0m.
[[0;32m  OK  [0m] Reached target [0;1;39mLogin Prompts[0m.
[[0;32m  OK  [0m] Started [0;1;39mVirtualization qemu daemon[0m.
         Starting [0;1;39mAuthorization Manager[0m...
[[0;32m  OK  [0m] Started [0;1;39mAuthorization Manager[0m.
[[0;32m  OK  [0m] Started [0;1;39mDynamic System Tuning Daemon[0m.
[[0;32m  OK  [0m] Reached target [0;1;39mMulti-User System[0m.
         Starting [0;1;39mRecord Runlevel Change in UTMP[0m...
[[0;32m  OK  [0m] Finished [0;1;39mRecord Runlevel Change in UTMP[0m.

CentOS Stream 9
Kernel 6.19.0-rc1-edecd1ae594a+ on an x86_64

Activate the web console with: systemctl enable --now cockpit.socket

test login: 