c[?7l[2J[0mSeaBIOS (version rel-1.16.0-0-gd239552ce722-prebuilt.qemu.org)


iPXE (http://ipxe.org) 00:03.0 CA00 PCI2.10 PnP PMM+7FF91000+7FEF1000 CA00
Press Ctrl-B to configure iPXE (PCI 00:03.0)...                                                                               


Booting from ROM...
c[?7l[2J[    0.000000] Linux version 6.19.0-rc5-f2ae3866f449+ (root@p-mtlp04) (gcc (GCC) 11.5.0 20240719 (Red Hat 11.5.0-14), GNU ld version 2.35.2-69.el9) #1 SMP PREEMPT_DYNAMIC Tue Jan 13 21:08:49 CST 2026
[    0.000000] Command line: console=ttyS0 root=/dev/sda earlyprintk=serial net.ifnames=0 plymouth.enable=0
[    0.000000] KERNEL supported cpus:
[    0.000000]   Intel GenuineIntel
[    0.000000]   AMD AuthenticAMD
[    0.000000]   Hygon HygonGenuine
[    0.000000]   Centaur CentaurHauls
[    0.000000]   zhaoxin   Shanghai  
[    0.000000] x86/split lock detection: #DB: warning on user-space bus_locks
[    0.000000] BIOS-provided physical RAM map:
[    0.000000] BIOS-e820: [mem 0x0000000000000000-0x000000000009fbff] usable
[    0.000000] BIOS-e820: [mem 0x000000000009fc00-0x000000000009ffff] reserved
[    0.000000] BIOS-e820: [mem 0x00000000000f0000-0x00000000000fffff] reserved
[    0.000000] BIOS-e820: [mem 0x0000000000100000-0x000000007ffdffff] usable
[    0.000000] BIOS-e820: [mem 0x000000007ffe0000-0x000000007fffffff] reserved
[    0.000000] BIOS-e820: [mem 0x00000000feffc000-0x00000000feffffff] reserved
[    0.000000] BIOS-e820: [mem 0x00000000fffc0000-0x00000000ffffffff] reserved
[    0.000000] printk: legacy bootconsole [earlyser0] enabled
[    0.000000] NX (Execute Disable) protection: active
[    0.000000] APIC: Static calls initialized
[    0.000000] SMBIOS 2.8 present.
[    0.000000] DMI: QEMU Standard PC (i440FX + PIIX, 1996), BIOS rel-1.16.0-0-gd239552ce722-prebuilt.qemu.org 04/01/2014
[    0.000000] DMI: Memory slots populated: 1/1
[    0.000000] Hypervisor detected: KVM
[    0.000000] last_pfn = 0x7ffe0 max_arch_pfn = 0x400000000
[    0.000000] kvm-clock: Using msrs 4b564d01 and 4b564d00
[    0.000004] kvm-clock: using sched offset of 1199745288 cycles
[    0.000522] clocksource: kvm-clock: mask: 0xffffffffffffffff max_cycles: 0x1cd42e4dffb, max_idle_ns: 881590591483 ns
[    0.002133] tsc: Detected 2995.200 MHz processor
[    0.010812] last_pfn = 0x7ffe0 max_arch_pfn = 0x400000000
[    0.011381] MTRR map: 4 entries (3 fixed + 1 variable; max 19), built from 8 variable MTRRs
[    0.012199] x86/PAT: Configuration [0-7]: WB  WC  UC- UC  WB  WP  UC- WT  
[    0.024382] found SMP MP-table at [mem 0x000f5ba0-0x000f5baf]
[    0.025146] Using GB pages for direct mapping
[    0.027770] ACPI: Early table checksum verification disabled
[    0.028342] ACPI: RSDP 0x00000000000F59C0 000014 (v00 BOCHS )
[    0.028930] ACPI: RSDT 0x000000007FFE1951 000034 (v01 BOCHS  BXPC     00000001 BXPC 00000001)
[    0.029792] ACPI: FACP 0x000000007FFE17FD 000074 (v01 BOCHS  BXPC     00000001 BXPC 00000001)
[    0.030663] ACPI: DSDT 0x000000007FFE0040 0017BD (v01 BOCHS  BXPC     00000001 BXPC 00000001)
[    0.031521] ACPI: FACS 0x000000007FFE0000 000040
[    0.032000] ACPI: APIC 0x000000007FFE1871 000080 (v01 BOCHS  BXPC     00000001 BXPC 00000001)
[    0.032867] ACPI: HPET 0x000000007FFE18F1 000038 (v01 BOCHS  BXPC     00000001 BXPC 00000001)
[    0.033737] ACPI: WAET 0x000000007FFE1929 000028 (v01 BOCHS  BXPC     00000001 BXPC 00000001)
[    0.034607] ACPI: Reserving FACP table memory at [mem 0x7ffe17fd-0x7ffe1870]
[    0.035318] ACPI: Reserving DSDT table memory at [mem 0x7ffe0040-0x7ffe17fc]
[    0.036034] ACPI: Reserving FACS table memory at [mem 0x7ffe0000-0x7ffe003f]
[    0.036749] ACPI: Reserving APIC table memory at [mem 0x7ffe1871-0x7ffe18f0]
[    0.037463] ACPI: Reserving HPET table memory at [mem 0x7ffe18f1-0x7ffe1928]
[    0.038177] ACPI: Reserving WAET table memory at [mem 0x7ffe1929-0x7ffe1950]
[    0.039478] No NUMA configuration found
[    0.039873] Faking a node at [mem 0x0000000000000000-0x000000007ffdffff]
[    0.040570] NODE_DATA(0) allocated [mem 0x7ffb4ec0-0x7ffdfcbf]
[    0.041892] Zone ranges:
[    0.042158]   DMA      [mem 0x0000000000001000-0x0000000000ffffff]
[    0.042802]   DMA32    [mem 0x0000000001000000-0x000000007ffdffff]
[    0.043440]   Normal   empty
[    0.043742]   Device   empty
[    0.044047] Movable zone start for each node
[    0.044481] Early memory node ranges
[    0.044850]   node   0: [mem 0x0000000000001000-0x000000000009efff]
[    0.045493]   node   0: [mem 0x0000000000100000-0x000000007ffdffff]
[    0.046137] Initmem setup node 0 [mem 0x0000000000001000-0x000000007ffdffff]
[    0.047202] On node 0, zone DMA: 1 pages in unavailable ranges
[    0.048010] On node 0, zone DMA: 97 pages in unavailable ranges
[    0.077716] On node 0, zone DMA32: 32 pages in unavailable ranges
[    0.124091] KernelAddressSanitizer initialized (generic)
[    0.124909] ACPI: PM-Timer IO Port: 0x608
[    0.125321] ACPI: LAPIC_NMI (acpi_id[0xff] dfl dfl lint[0x1])
[    0.125917] IOAPIC[0]: apic_id 0, version 17, address 0xfec00000, GSI 0-23
[    0.126581] ACPI: INT_SRC_OVR (bus 0 bus_irq 0 global_irq 2 dfl dfl)
[    0.127181] ACPI: INT_SRC_OVR (bus 0 bus_irq 5 global_irq 5 high level)
[    0.127799] ACPI: INT_SRC_OVR (bus 0 bus_irq 9 global_irq 9 high level)
[    0.128420] ACPI: INT_SRC_OVR (bus 0 bus_irq 10 global_irq 10 high level)
[    0.129062] ACPI: INT_SRC_OVR (bus 0 bus_irq 11 global_irq 11 high level)
[    0.129716] ACPI: Using ACPI (MADT) for SMP configuration information
[    0.130329] ACPI: HPET id: 0x8086a201 base: 0xfed00000
[    0.130819] TSC deadline timer available
[    0.131195] CPU topo: Max. logical packages:   1
[    0.131628] CPU topo: Max. logical dies:       1
[    0.132060] CPU topo: Max. dies per package:   1
[    0.132496] CPU topo: Max. threads per core:   1
[    0.132928] CPU topo: Num. cores per package:     2
[    0.133387] CPU topo: Num. threads per package:   2
[    0.133845] CPU topo: Allowing 2 present CPUs plus 0 hotplug CPUs
[    0.134575] kvm-guest: APIC: eoi() replaced with kvm_guest_apic_eoi_write()
[    0.135281] kvm-guest: KVM setup pv remote TLB flush
[    0.135762] kvm-guest: setup PV sched yield
[    0.136212] PM: hibernation: Registered nosave memory: [mem 0x00000000-0x00000fff]
[    0.136943] PM: hibernation: Registered nosave memory: [mem 0x0009f000-0x000fffff]
[    0.137672] [mem 0x80000000-0xfeffbfff] available for PCI devices
[    0.138267] Booting paravirtualized kernel on KVM
[    0.138721] clocksource: refined-jiffies: mask: 0xffffffff max_cycles: 0xffffffff, max_idle_ns: 7645519600211568 ns
[    0.139741] setup_percpu: NR_CPUS:8192 nr_cpumask_bits:2 nr_cpu_ids:2 nr_node_ids:1
[    0.140953] percpu: Embedded 81 pages/cpu s294912 r8192 d28672 u1048576
[    0.141802] kvm-guest: PV spinlocks enabled
[    0.142234] PV qspinlock hash table entries: 256 (order: 0, 4096 bytes, linear)
[    0.142965] Kernel command line: net.ifnames=0 console=ttyS0 root=/dev/sda earlyprintk=serial net.ifnames=0 plymouth.enable=0
[    0.144391] random: crng init done
[    0.144732] printk: log buffer data + meta data: 262144 + 917504 = 1179648 bytes
[    0.145822] Dentry cache hash table entries: 262144 (order: 9, 2097152 bytes, linear)
[    0.146979] Inode-cache hash table entries: 131072 (order: 8, 1048576 bytes, linear)
[    0.148088] Fallback order for Node 0: 0 
[    0.148101] Built 1 zonelists, mobility grouping on.  Total pages: 524158
[    0.149132] Policy zone: DMA32
[    0.149412] mem auto-init: stack:off, heap alloc:off, heap free:off
[    0.149975] stackdepot: allocating hash table via alloc_large_system_hash
[    0.150595] stackdepot hash table entries: 1048576 (order: 12, 16777216 bytes, linear)
[    0.154145] stackdepot: allocating space for 8192 stack pools via memblock
[    0.183460] SLUB: HWalign=64, Order=0-3, MinObjects=0, CPUs=2, Nodes=1
[    0.184178] kmemleak: Kernel memory leak detector disabled
[    0.219273] ftrace: allocating 75289 entries in 296 pages
[    0.219812] ftrace: allocated 296 pages with 3 groups
[    0.224565] Dynamic Preempt: voluntary
[    0.225449] Running RCU self tests
[    0.225765] Running RCU synchronous self tests
[    0.226202] rcu: Preemptible hierarchical RCU implementation.
[    0.226738] rcu: 	RCU lockdep checking is enabled.
[    0.227187] rcu: 	RCU restricting CPUs from NR_CPUS=8192 to nr_cpu_ids=2.
[    0.227828] 	Trampoline variant of Tasks RCU enabled.
[    0.228303] 	Rude variant of Tasks RCU enabled.
[    0.228736] 	Tracing variant of Tasks RCU enabled.
[    0.229177] rcu: RCU calculated value of scheduler-enlistment delay is 25 jiffies.
[    0.229872] rcu: Adjusting geometry for rcu_fanout_leaf=16, nr_cpu_ids=2
[    0.230590] Running RCU synchronous self tests
[    0.231018] RCU Tasks: Setting shift to 1 and lim to 1 rcu_task_cb_adjust=1 rcu_task_cpu_ids=2.
[    0.231848] RCU Tasks Rude: Setting shift to 1 and lim to 1 rcu_task_cb_adjust=1 rcu_task_cpu_ids=2.
[    0.232705] RCU Tasks Trace: Setting shift to 1 and lim to 1 rcu_task_cb_adjust=1 rcu_task_cpu_ids=2.
[    0.305151] NR_IRQS: 524544, nr_irqs: 440, preallocated irqs: 16
[    0.306261] rcu: srcu_init: Setting srcu_struct sizes based on contention.
[    0.314605] Console: colour VGA+ 80x25
[    0.315036] printk: legacy console [ttyS0] enabled
[    0.315036] printk: legacy console [ttyS0] enabled
[    0.315894] printk: legacy bootconsole [earlyser0] disabled
[    0.315894] printk: legacy bootconsole [earlyser0] disabled
[    0.316896] Lock dependency validator: Copyright (c) 2006 Red Hat, Inc., Ingo Molnar
[    0.317731] ... MAX_LOCKDEP_SUBCLASSES:  8
[    0.318082] ... MAX_LOCK_DEPTH:          48
[    0.318445] ... MAX_LOCKDEP_KEYS:        8192
[    0.318815] ... CLASSHASH_SIZE:          4096
[    0.319182] ... MAX_LOCKDEP_ENTRIES:     524288
[    0.319562] ... MAX_LOCKDEP_CHAINS:      524288
[    0.319944] ... CHAINHASH_SIZE:          262144
[    0.320326]  memory used by lock dependency info: 54145 kB
[    0.320787]  memory used for stack traces: 4224 kB
[    0.321195]  per task-struct memory footprint: 1920 bytes
[    0.321746] ACPI: Core revision 20250807
[    0.322524] clocksource: hpet: mask: 0xffffffff max_cycles: 0xffffffff, max_idle_ns: 19112604467 ns
[    0.323472] APIC: Switch to symmetric I/O mode setup
[    0.324220] x2apic enabled
[    0.324839] APIC: Switched APIC routing to: physical x2apic
[    0.325316] kvm-guest: APIC: send_IPI_mask() replaced with kvm_send_ipi_mask()
[    0.325930] kvm-guest: APIC: send_IPI_mask_allbutself() replaced with kvm_send_ipi_mask_allbutself()
[    0.326704] kvm-guest: setup PV IPIs
[    0.328069] ..TIMER: vector=0x30 apic1=0 pin1=2 apic2=-1 pin2=-1
[    0.328600] clocksource: tsc-early: mask: 0xffffffffffffffff max_cycles: 0x2b2c8ec87c7, max_idle_ns: 440795278598 ns
[    0.329490] Calibrating delay loop (skipped) preset value.. 5990.40 BogoMIPS (lpj=11980800)
[    0.330341] x86/cpu: User Mode Instruction Prevention (UMIP) activated
[    0.330986] Last level iTLB entries: 4KB 0, 2MB 0, 4MB 0
[    0.333504] Last level dTLB entries: 4KB 0, 2MB 0, 4MB 0, 1GB 0
[    0.334025] mitigations: Enabled attack vectors: user_kernel, user_user, guest_host, guest_guest, SMT mitigations: auto
[    0.334934] Speculative Store Bypass: Mitigation: Speculative Store Bypass disabled via prctl
[    0.335640] Spectre V2 : Mitigation: Enhanced / Automatic IBRS
[    0.336135] ITS: Mitigation: Aligned branch/return thunks
[    0.336596] Spectre V1 : Mitigation: usercopy/swapgs barriers and __user pointer sanitization
[    0.337319] Spectre V2 : WARNING: Unprivileged eBPF is enabled with eIBRS on, data leaks possible via Spectre v2 BHB attacks!
[    0.337484] Spectre V2 : Spectre v2 / PBRSB-eIBRS: Retire a single CALL on VMEXIT
[    0.338135] Spectre V2 : mitigation: Enabling conditional Indirect Branch Prediction Barrier
[    0.338868] active return thunk: its_return_thunk
[    0.339296] Spectre V2 : Spectre BHI mitigation: SW BHB clearing on syscall and VM exit
[    0.340106] x86/fpu: Supporting XSAVE feature 0x001: 'x87 floating point registers'
[    0.341482] x86/fpu: Supporting XSAVE feature 0x002: 'SSE registers'
[    0.342043] x86/fpu: Supporting XSAVE feature 0x004: 'AVX registers'
[    0.342601] x86/fpu: Supporting XSAVE feature 0x200: 'Protection Keys User registers'
[    0.343285] x86/fpu: xstate_offset[2]:  576, xstate_sizes[2]:  256
[    0.343830] x86/fpu: xstate_offset[9]:  832, xstate_sizes[9]:    8
[    0.344379] x86/fpu: Enabled xstate features 0x207, context size is 840 bytes, using 'compacted' format.
[    0.495072] Freeing SMP alternatives memory: 64K
[    0.495544] pid_max: default: 32768 minimum: 301
[    0.496341] Yama: becoming mindful.
[    0.497041] Mount-cache hash table entries: 4096 (order: 3, 32768 bytes, linear)
[    0.497491] Mountpoint-cache hash table entries: 4096 (order: 3, 32768 bytes, linear)
[    0.499598] Running RCU synchronous self tests
[    0.500000] Running RCU synchronous self tests
[    0.500659] smpboot: CPU0: Intel(R) Core(TM) Ultra 7 155H (family: 0x6, model: 0xaa, stepping: 0x4)
[    0.501477] Performance Events: unsupported CPU family 6 model 170 no PMU driver, software events only.
[    0.501477] signal: max sigframe size: 3632
[    0.501477] rcu: Hierarchical SRCU implementation.
[    0.501477] rcu: 	Max phase no-delay instances is 1000.
[    0.501477] Timer migration: 1 hierarchy levels; 8 children per group; 1 crossnode level
[    0.522427] NMI watchdog: Perf NMI watchdog permanently disabled
[    0.523116] smp: Bringing up secondary CPUs ...
[    0.524252] smpboot: x86: Booting SMP configuration:
[    0.524708] .... node  #0, CPUs:      #1
[    0.526274] smp: Brought up 1 node, 2 CPUs
[    0.526289] smpboot: Total of 2 processors activated (11980.80 BogoMIPS)
[    0.529598] Memory: 1538728K/2096632K available (80942K kernel code, 15559K rwdata, 18820K rodata, 16420K init, 70000K bss, 546452K reserved, 0K cma-reserved)
[    0.531358] devtmpfs: initialized
[    0.533605] x86/mm: Memory block size: 128MB
[    0.546573] Running RCU synchronous self tests
[    0.548733] Running RCU synchronous self tests
[    0.549730] Running RCU Tasks wait API self tests
[    0.549933] Running RCU Tasks Rude wait API self tests
[    0.553496] Running RCU Tasks Trace wait API self tests
[    0.573589] clocksource: jiffies: mask: 0xffffffff max_cycles: 0xffffffff, max_idle_ns: 7645041785100000 ns
[    0.574524] posixtimers hash table entries: 1024 (order: 5, 73728 bytes, linear)
[    0.577522] futex hash table entries: 512 (65536 bytes on 1 NUMA nodes, total 64 KiB, linear).
[    0.580333] 
[    0.580504] *************************************************************
[    0.581165] **     NOTICE NOTICE NOTICE NOTICE NOTICE NOTICE NOTICE    **
[    0.581489] **                                                         **
[    0.582060] **  IOMMU DebugFS SUPPORT HAS BEEN ENABLED IN THIS KERNEL  **
[    0.582623] **                                                         **
[    0.583180] ** This means that this kernel is built to expose internal **
[    0.583732] ** IOMMU data structures, which may compromise security on **
[    0.584321] ** your system.                                            **
[    0.584896] **                                                         **
[    0.585482] ** If you see this message and you are not debugging the   **
[    0.586061] ** kernel, report this immediately to your vendor!         **
[    0.586639] **                                                         **
[    0.587216] **     NOTICE NOTICE NOTICE NOTICE NOTICE NOTICE NOTICE    **
[    0.587773] *************************************************************
[    0.588430] PM: RTC time: 13:13:57, date: 2026-01-13
[    0.590924] NET: Registered PF_NETLINK/PF_ROUTE protocol family
[    0.592862] DMA: preallocated 256 KiB GFP_KERNEL pool for atomic allocations
[    0.593469] DMA: preallocated 256 KiB GFP_KERNEL|GFP_DMA pool for atomic allocations
[    0.593503] DMA: preallocated 256 KiB GFP_KERNEL|GFP_DMA32 pool for atomic allocations
[    0.594221] audit: initializing netlink subsys (disabled)
[    0.594711] Callback from call_rcu_tasks_trace() invoked.
[    0.594711] audit: type=2000 audit(1768310038.355:1): state=initialized audit_enabled=0 res=1
[    0.598888] thermal_sys: Registered thermal governor 'fair_share'
[    0.599101] thermal_sys: Registered thermal governor 'bang_bang'
[    0.599616] thermal_sys: Registered thermal governor 'step_wise'
[    0.600105] thermal_sys: Registered thermal governor 'user_space'
[    0.600657] cpuidle: using governor ladder
[    0.601546] cpuidle: using governor menu
[    0.602345] acpiphp: ACPI Hot Plug PCI Controller Driver version: 0.5
[    0.603744] PCI: Using configuration type 1 for base access
[    0.604535] kprobes: kprobe jump-optimization is enabled. All kprobes are optimized if possible.
[    0.717507] HugeTLB: registered 1.00 GiB page size, pre-allocated 0 pages
[    0.717507] HugeTLB: 16380 KiB vmemmap can be freed for a 1.00 GiB page
[    0.717507] HugeTLB: registered 2.00 MiB page size, pre-allocated 0 pages
[    0.718094] HugeTLB: 28 KiB vmemmap can be freed for a 2.00 MiB page
[    0.727458] ACPI: Added _OSI(Module Device)
[    0.727833] ACPI: Added _OSI(Processor Device)
[    0.728201] ACPI: Added _OSI(Processor Aggregator Device)
[    0.744449] ACPI: 1 ACPI AML tables successfully acquired and loaded
[    0.760219] ACPI: Interpreter enabled
[    0.760731] ACPI: PM: (supports S0 S3 S4 S5)
[    0.761137] ACPI: Using IOAPIC for interrupt routing
[    0.761617] PCI: Using host bridge windows from ACPI; if necessary, use "pci=nocrs" and report a bug
[    0.762472] PCI: Using E820 reservations for host bridge windows
[    0.764407] ACPI: Enabled 2 GPEs in block 00 to 0F
[    0.806002] ACPI: PCI Root Bridge [PCI0] (domain 0000 [bus 00-ff])
[    0.806573] acpi PNP0A03:00: _OSC: OS supports [ASPM ClockPM Segments MSI EDR HPX-Type3]
[    0.807301] acpi PNP0A03:00: _OSC: not requesting OS control; OS requires [ExtendedConfig ASPM ClockPM MSI]
[    0.808353] acpi PNP0A03:00: fail to add MMCONFIG information, can't access extended configuration space under this bridge
[    0.814126] acpiphp: Slot [3] registered
[    0.814650] acpiphp: Slot [4] registered
[    0.815156] acpiphp: Slot [5] registered
[    0.815659] acpiphp: Slot [6] registered
[    0.816160] acpiphp: Slot [7] registered
[    0.816686] acpiphp: Slot [8] registered
[    0.817197] acpiphp: Slot [9] registered
[    0.817625] acpiphp: Slot [10] registered
[    0.818152] acpiphp: Slot [11] registered
[    0.818672] acpiphp: Slot [12] registered
[    0.819203] acpiphp: Slot [13] registered
[    0.819719] acpiphp: Slot [14] registered
[    0.820239] acpiphp: Slot [15] registered
[    0.820769] acpiphp: Slot [16] registered
[    0.821294] acpiphp: Slot [17] registered
[    0.821624] acpiphp: Slot [18] registered
[    0.822149] acpiphp: Slot [19] registered
[    0.822673] acpiphp: Slot [20] registered
[    0.823198] acpiphp: Slot [21] registered
[    0.823716] acpiphp: Slot [22] registered
[    0.824237] acpiphp: Slot [23] registered
[    0.824774] acpiphp: Slot [24] registered
[    0.825305] acpiphp: Slot [25] registered
[    0.825623] acpiphp: Slot [26] registered
[    0.826135] acpiphp: Slot [27] registered
[    0.826660] acpiphp: Slot [28] registered
[    0.827181] acpiphp: Slot [29] registered
[    0.827707] acpiphp: Slot [30] registered
[    0.828233] acpiphp: Slot [31] registered
[    0.828685] PCI host bridge to bus 0000:00
[    0.829138] pci_bus 0000:00: root bus resource [io  0x0000-0x0cf7 window]
[    0.829487] pci_bus 0000:00: root bus resource [io  0x0d00-0xffff window]
[    0.830114] pci_bus 0000:00: root bus resource [mem 0x000a0000-0x000bffff window]
[    0.830788] pci_bus 0000:00: root bus resource [mem 0x80000000-0xfebfffff window]
[    0.831473] pci_bus 0000:00: root bus resource [mem 0x100000000-0x17fffffff window]
[    0.832176] pci_bus 0000:00: root bus resource [bus 00-ff]
[    0.832795] pci 0000:00:00.0: [8086:1237] type 00 class 0x060000 conventional PCI endpoint
[    0.843109] pci 0000:00:01.0: [8086:7000] type 00 class 0x060100 conventional PCI endpoint
[    0.845563] pci 0000:00:01.1: [8086:7010] type 00 class 0x010180 conventional PCI endpoint
[    0.846900] pci 0000:00:01.1: BAR 4 [io  0xc040-0xc04f]
[    0.847418] pci 0000:00:01.1: BAR 0 [io  0x01f0-0x01f7]: legacy IDE quirk
[    0.848046] pci 0000:00:01.1: BAR 1 [io  0x03f6]: legacy IDE quirk
[    0.848613] pci 0000:00:01.1: BAR 2 [io  0x0170-0x0177]: legacy IDE quirk
[    0.849234] pci 0000:00:01.1: BAR 3 [io  0x0376]: legacy IDE quirk
[    0.850031] pci 0000:00:01.3: [8086:7113] type 00 class 0x068000 conventional PCI endpoint
[    0.851085] pci 0000:00:01.3: quirk: [io  0x0600-0x063f] claimed by PIIX4 ACPI
[    0.851759] pci 0000:00:01.3: quirk: [io  0x0700-0x070f] claimed by PIIX4 SMB
[    0.852954] pci 0000:00:02.0: [1234:1111] type 00 class 0x030000 conventional PCI endpoint
[    0.862006] pci 0000:00:02.0: BAR 0 [mem 0xfd000000-0xfdffffff pref]
[    0.862629] pci 0000:00:02.0: BAR 2 [mem 0xfebf0000-0xfebf0fff]
[    0.863185] pci 0000:00:02.0: ROM [mem 0xfebe0000-0xfebeffff pref]
[    0.863951] pci 0000:00:02.0: Video device with shadowed ROM at [mem 0x000c0000-0x000dffff]
[    0.874102] pci 0000:00:03.0: [8086:100e] type 00 class 0x020000 conventional PCI endpoint
[    0.875898] pci 0000:00:03.0: BAR 0 [mem 0xfebc0000-0xfebdffff]
[    0.876468] pci 0000:00:03.0: BAR 1 [io  0xc000-0xc03f]
[    0.877007] pci 0000:00:03.0: ROM [mem 0xfeb80000-0xfebbffff pref]
[    0.898974] ACPI: PCI: Interrupt link LNKA configured for IRQ 10
[    0.900591] ACPI: PCI: Interrupt link LNKB configured for IRQ 10
[    0.902172] ACPI: PCI: Interrupt link LNKC configured for IRQ 11
[    0.903737] ACPI: PCI: Interrupt link LNKD configured for IRQ 11
[    0.904733] ACPI: PCI: Interrupt link LNKS configured for IRQ 9
[    0.909777] iommu: Default domain type: Translated
[    0.910018] iommu: DMA domain TLB invalidation policy: lazy mode
[    0.912332] SCSI subsystem initialized
[    0.913779] ACPI: bus type USB registered
[    0.914397] usbcore: registered new interface driver usbfs
[    0.915021] usbcore: registered new interface driver hub
[    0.915594] usbcore: registered new device driver usb
[    0.916407] pps_core: LinuxPPS API ver. 1 registered
[    0.916878] pps_core: Software ver. 5.3.6 - Copyright 2005-2007 Rodolfo Giometti <giometti@linux.it>
[    0.917529] PTP clock support registered
[    0.921703] EDAC MC: Ver: 3.0.0
[    0.923797] NetLabel: Initializing
[    0.925483] NetLabel:  domain hash size = 128
[    0.925483] NetLabel:  protocols = UNLABELED CIPSOv4 CALIPSO
[    0.925483] NetLabel:  unlabeled traffic allowed by default
[    0.926133] PCI: Using ACPI for IRQ routing
[    0.926929] pci 0000:00:02.0: vgaarb: setting as boot VGA device
[    0.927507] pci 0000:00:02.0: vgaarb: bridge control possible
[    0.928055] pci 0000:00:02.0: vgaarb: VGA device added: decodes=io+mem,owns=io+mem,locks=none
[    0.928857] vgaarb: loaded
[    0.929610] hpet0: at MMIO 0xfed00000, IRQs 2, 8, 0
[    0.930099] hpet0: 3 comparators, 64-bit 100.000000 MHz counter
[    0.934414] clocksource: Switched to clocksource kvm-clock
[    0.936638] VFS: Disk quotas dquot_6.6.0
[    0.936731] VFS: Dquot-cache hash table entries: 512 (order 0, 4096 bytes)
[    0.940145] pnp: PnP ACPI init
[    0.944614] pnp: PnP ACPI: found 6 devices
[    0.964754] clocksource: acpi_pm: mask: 0xffffff max_cycles: 0xffffff, max_idle_ns: 2085701024 ns
[    0.966026] NET: Registered PF_INET protocol family
[    0.967002] IP idents hash table entries: 32768 (order: 6, 262144 bytes, linear)
[    0.969186] tcp_listen_portaddr_hash hash table entries: 1024 (order: 5, 73728 bytes, linear)
[    0.970015] Table-perturb hash table entries: 65536 (order: 6, 262144 bytes, linear)
[    0.970804] TCP established hash table entries: 16384 (order: 5, 131072 bytes, linear)
[    0.971810] TCP bind hash table entries: 16384 (order: 10, 2359296 bytes, linear)
[    0.973555] TCP: Hash tables configured (established 16384 bind 16384)
[    0.974269] UDP hash table entries: 1024 (order: 6, 262144 bytes, linear)
[    0.974989] UDP-Lite hash table entries: 1024 (order: 6, 262144 bytes, linear)
[    0.976036] NET: Registered PF_UNIX/PF_LOCAL protocol family
[    0.979192] RPC: Registered named UNIX socket transport module.
[    0.979767] RPC: Registered udp transport module.
[    0.980213] RPC: Registered tcp transport module.
[    0.980658] RPC: Registered tcp-with-tls transport module.
[    0.981172] RPC: Registered tcp NFSv4.1 backchannel transport module.
[    0.981811] pci_bus 0000:00: resource 4 [io  0x0000-0x0cf7 window]
[    0.982397] pci_bus 0000:00: resource 5 [io  0x0d00-0xffff window]
[    0.983008] pci_bus 0000:00: resource 6 [mem 0x000a0000-0x000bffff window]
[    0.983656] pci_bus 0000:00: resource 7 [mem 0x80000000-0xfebfffff window]
[    0.984298] pci_bus 0000:00: resource 8 [mem 0x100000000-0x17fffffff window]
[    0.985322] pci 0000:00:01.0: PIIX3: Enabling Passive Release
[    0.985869] pci 0000:00:00.0: Limiting direct PCI/PCI transfers
[    0.986511] PCI: CLS 0 bytes, default 64
[    0.987005] ACPI: bus type thunderbolt registered
[    0.987875] clocksource: tsc: mask: 0xffffffffffffffff max_cycles: 0x2b2c8ec87c7, max_idle_ns: 440795278598 ns
[    3.334126] Initialise system trusted keyrings
[    3.336423] Key type blacklist registered
[    3.337394] workingset: timestamp_bits=36 max_order=19 bucket_order=0
[    3.342014] squashfs: version 4.0 (2009/01/31) Phillip Lougher
[    3.344214] NFS: Registering the id_resolver key type
[    3.344676] Key type id_resolver registered
[    3.345037] Key type id_legacy registered
[    3.345429] nfs4filelayout_init: NFSv4 File Layout Driver Registering...
[    3.346035] nfs4flexfilelayout_init: NFSv4 Flexfile Layout Driver Registering...
[    3.347002] fuse: init (API version 7.45)
[    3.347973] SGI XFS with ACLs, security attributes, realtime, quota, no debug enabled
[    3.350177] 9p: Installing v9fs 9p2000 file system support
[    3.364487] Key type asymmetric registered
[    3.364871] Asymmetric key parser 'x509' registered
[    3.365443] Block layer SCSI generic (bsg) driver version 0.4 loaded (major 241)
[    3.366422] io scheduler mq-deadline registered
[    3.366941] io scheduler bfq registered
[    3.367892] ledtrig-cpu: registered to indicate activity on CPUs
[    3.369806] IPMI message handler: version 39.2
[    3.370279] ipmi device interface
[    3.372584] input: Power Button as /devices/LNXSYSTM:00/LNXPWRBN:00/input/input0
[    3.373883] ACPI: button: Power Button [PWRF]
[    3.376215] ERST DBG: ERST support is disabled.
[    3.377925] Serial: 8250/16550 driver, 32 ports, IRQ sharing enabled
[    3.379887] 00:04: ttyS0 at I/O 0x3f8 (irq = 4, base_baud = 115200) is a 16550A
[    3.417828] Linux agpgart interface v0.103
[    3.427312] ACPI: bus type drm_connector registered
[    3.460336] brd: module loaded
[    3.481240] loop: module loaded
[    3.490248] scsi host0: ata_piix
[    3.491697] scsi host1: ata_piix
[    3.492467] ata1: PATA max MWDMA2 cmd 0x1f0 ctl 0x3f6 bmdma 0xc040 irq 14 lpm-pol 0
[    3.493142] ata2: PATA max MWDMA2 cmd 0x170 ctl 0x376 bmdma 0xc048 irq 15 lpm-pol 0
[    3.498729] Callback from call_rcu_tasks() invoked.
[    3.499184] tun: Universal TUN/TAP device driver, 1.6
[    3.500152] e100: Intel(R) PRO/100 Network Driver
[    3.500575] e100: Copyright(c) 1999-2006 Intel Corporation
[    3.501165] e1000: Intel(R) PRO/1000 Network Driver
[    3.501585] e1000: Copyright (c) 1999-2006 Intel Corporation.
[    3.646834] ata1: found unknown device (class 0)
[    3.647778] ata2: found unknown device (class 0)
[    3.649216] ata2.00: ATAPI: QEMU DVD-ROM, 2.5+, max UDMA/100
[    3.650299] ata1.00: ATA-7: QEMU HARDDISK, 2.5+, max UDMA/100
[    3.650833] ata1.00: 17196647 sectors, multi 16: LBA48 
[    3.652867] scsi 0:0:0:0: Direct-Access     ATA      QEMU HARDDISK    2.5+ PQ: 0 ANSI: 5
[    3.655317] sd 0:0:0:0: Attached scsi generic sg0 type 0
[    3.656646] sd 0:0:0:0: [sda] 17196647 512-byte logical blocks: (8.80 GB/8.20 GiB)
[    3.657365] scsi 1:0:0:0: CD-ROM            QEMU     QEMU DVD-ROM     2.5+ PQ: 0 ANSI: 5
[    3.658194] sd 0:0:0:0: [sda] Write Protect is off
[    3.658833] sd 0:0:0:0: [sda] Write cache: enabled, read cache: enabled, doesn't support DPO or FUA
[    3.659721] sd 0:0:0:0: [sda] Preferred minimum I/O size 512 bytes
[    3.676129] scsi 1:0:0:0: Attached scsi generic sg1 type 5
[    3.686058] sd 0:0:0:0: [sda] Attached SCSI disk
[    4.319887] ACPI: \_SB_.LNKC: Enabled at IRQ 11
[    4.630684] e1000 0000:00:03.0 eth0: (PCI:33MHz:32-bit) 52:54:00:12:34:56
[    4.631249] e1000 0000:00:03.0 eth0: Intel(R) PRO/1000 Network Connection
[    4.631964] e1000e: Intel(R) PRO/1000 Network Driver
[    4.632365] e1000e: Copyright(c) 1999 - 2015 Intel Corporation.
[    4.632982] igb: Intel(R) Gigabit Ethernet Network Driver
[    4.633420] igb: Copyright (c) 2007-2014 Intel Corporation.
[    4.634214] PPP generic driver version 2.4.2
[    4.637071] VFIO - User Level meta-driver version: 0.3
[    4.639384] usbcore: registered new interface driver uas
[    4.639935] usbcore: registered new interface driver usb-storage
[    4.640649] i8042: PNP: PS/2 Controller [PNP0303:KBD,PNP0f13:MOU] at 0x60,0x64 irq 1,12
[    4.642153] serio: i8042 KBD port at 0x60,0x64 irq 1
[    4.642601] serio: i8042 AUX port at 0x60,0x64 irq 12
[    4.644220] mousedev: PS/2 mouse device common for all mice
[    4.645657] input: AT Translated Set 2 keyboard as /devices/platform/i8042/serio0/input/input1
[    4.647208] rtc_cmos 00:05: RTC can wake from S4
[    4.648541] input: VirtualPS/2 VMware VMMouse as /devices/platform/i8042/serio1/input/input4
[    4.650266] input: VirtualPS/2 VMware VMMouse as /devices/platform/i8042/serio1/input/input3
[    4.650438] rtc_cmos 00:05: registered as rtc0
[    4.651562] rtc_cmos 00:05: setting system clock to 2026-01-13T13:14:01 UTC (1768310041)
[    4.653033] rtc_cmos 00:05: alarms up to one day, y3k, 242 bytes nvram, hpet irqs
[    4.654014] i2c_dev: i2c /dev entries driver
[    4.654728] device-mapper: core: CONFIG_IMA_DISABLE_HTABLE is disabled. Duplicate IMA measurements will not be recorded in the IMA log.
[    4.656289] device-mapper: uevent: version 1.0.3
[    4.657491] device-mapper: ioctl: 4.50.0-ioctl (2025-04-28) initialised: dm-devel@lists.linux.dev
[    4.658486] intel_pstate: CPU model not supported
[    4.659394] sdhci: Secure Digital Host Controller Interface driver
[    4.660138] sdhci: Copyright(c) Pierre Ossman
[    4.660945] sdhci-pltfm: SDHCI platform and OF driver helper
[    4.662433] drop_monitor: Initializing network drop monitor service
[    4.664835] NET: Registered PF_INET6 protocol family
[    4.667110] Segment Routing with IPv6
[    4.667644] In-situ OAM (IOAM) with IPv6
[    4.668210] NET: Registered PF_PACKET protocol family
[    4.669243] 9pnet: Installing 9P2000 support
[    4.669698] Key type dns_resolver registered
[    4.671812] IPI shorthand broadcast: enabled
[    4.723810] sched_clock: Marking stable (4704004221, 18610702)->(4730316071, -7701148)
[    4.725304] registered taskstats version 1
[    4.726155] Loading compiled-in X.509 certificates
[    4.797686] Demotion targets for Node 0: null
[    4.799304] Key type .fscrypt registered
[    4.799622] Key type fscrypt-provisioning registered
[    4.804440] Key type encrypted registered
[    4.804788] ima: No TPM chip found, activating TPM-bypass!
[    4.805226] ima: Allocated hash algorithm: sha1
[    4.805652] ima: No architecture policies found
[    4.806138] evm: Initialising EVM extended attributes:
[    4.806535] evm: security.selinux
[    4.806816] evm: security.SMACK64
[    4.807073] evm: security.SMACK64EXEC
[    4.807354] evm: security.SMACK64TRANSMUTE
[    4.807667] evm: security.SMACK64MMAP
[    4.807946] evm: security.apparmor
[    4.808208] evm: security.ima
[    4.808437] evm: security.capability
[    4.808709] evm: HMAC attrs: 0x1
[    4.811165] PM:   Magic number: 10:491:230
[    4.812612] RAS: Correctable Errors collector initialized.
[    4.814441] clk: Disabling unused clocks
[    4.815269] PM: genpd: Disabling unused power domains
[    4.817086] check access for rdinit=/init failed: -2, ignoring
[    4.817764] md: Waiting for all devices to be available before autodetect
[    4.818462] md: If you don't use raid, use raid=noautodetect
[    4.819167] md: Autodetecting RAID arrays.
[    4.819533] md: autorun ...
[    4.819779] md: ... autorun DONE.
[    4.832427] EXT4-fs (sda): INFO: recovery required on readonly filesystem
[    4.832957] EXT4-fs (sda): write access will be enabled during recovery
[    5.205524] EXT4-fs (sda): recovery complete
[    5.207515] EXT4-fs (sda): mounted filesystem 088740a9-c8b4-422c-999d-a804eb68a4da ro with ordered data mode. Quota mode: none.
[    5.208203] VFS: Mounted root (ext4 filesystem) readonly on device 8:0.
[    5.210564] devtmpfs: mounted
[    5.228007] Freeing unused decrypted memory: 2036K
[    5.233446] Freeing unused kernel image (initmem) memory: 16420K
[    5.233858] Write protecting the kernel read-only data: 102400k
[    5.235978] Freeing unused kernel image (text/rodata gap) memory: 976K
[    5.237320] Freeing unused kernel image (rodata/data gap) memory: 1660K
[    5.305450] x86/mm: Checked W+X mappings: passed, no W+X pages found.
[    5.305826] Run /sbin/init as init process
[    5.473773] systemd[1]: systemd 252-15.el9 running in system mode (+PAM +AUDIT +SELINUX -APPARMOR +IMA +SMACK +SECCOMP +GCRYPT +GNUTLS +OPENSSL +ACL +BLKID +CURL +ELFUTILS -FIDO2 +IDN2 -IDN -IPTC +KMOD +LIBCRYPTSETUP +LIBFDISK +PCRE2 -PWQUALITY +P11KIT -QRENCODE +TPM2 +BZIP2 +LZ4 +XZ +ZLIB +ZSTD -BPF_FRAMEWORK +XKBCOMMON +UTMP +SYSVINIT default-hierarchy=unified)
[    5.476032] systemd[1]: Detected virtualization kvm.
[    5.476392] systemd[1]: Detected architecture x86-64.

Welcome to [0;31mCentOS Stream 9[0m!

[    5.481319] systemd[1]: Hostname set to <test>.
[    5.753506] systemd-rc-local-generator[118]: /etc/rc.d/rc.local is not marked executable, skipping.
[    6.096406] systemd[1]: Queued start job for default target Multi-User System.
[    6.121493] systemd[1]: Created slice Virtual Machine and Container Slice.
[[0;32m  OK  [0m] Created slice [0;1;39mVirtual Machine and Container Slice[0m.
[    6.129254] systemd[1]: Created slice Slice /system/getty.
[[0;32m  OK  [0m] Created slice [0;1;39mSlice /system/getty[0m.
[    6.132912] systemd[1]: Created slice Slice /system/modprobe.
[[0;32m  OK  [0m] Created slice [0;1;39mSlice /system/modprobe[0m.
[    6.136141] systemd[1]: Created slice Slice /system/serial-getty.
[[0;32m  OK  [0m] Created slice [0;1;39mSlice /system/serial-getty[0m.
[    6.139060] systemd[1]: Created slice Slice /system/sshd-keygen.
[[0;32m  OK  [0m] Created slice [0;1;39mSlice /system/sshd-keygen[0m.
[    6.141726] systemd[1]: Created slice User and Session Slice.
[[0;32m  OK  [0m] Created slice [0;1;39mUser and Session Slice[0m.
[    6.143135] systemd[1]: Started Forward Password Requests to Wall Directory Watch.
[[0;32m  OK  [0m] Started [0;1;39mForward Password R…uests to Wall Directory Watch[0m.
[    6.146574] systemd[1]: Set up automount Arbitrary Executable File Formats File System Automount Point.
[[0;32m  OK  [0m] Set up automount [0;1;39mArbitrary…s File System Automount Point[0m.
[    6.149935] systemd[1]: Reached target Local Integrity Protected Volumes.
[[0;32m  OK  [0m] Reached target [0;1;39mLocal Integrity Protected Volumes[0m.
[    6.152196] systemd[1]: Reached target Slice Units.
[[0;32m  OK  [0m] Reached target [0;1;39mSlice Units[0m.
[    6.153815] systemd[1]: Reached target Swaps.
[[0;32m  OK  [0m] Reached target [0;1;39mSwaps[0m.
[    6.154810] systemd[1]: Reached target Local Verity Protected Volumes.
[[0;32m  OK  [0m] Reached target [0;1;39mLocal Verity Protected Volumes[0m.
[    6.156557] systemd[1]: Listening on Device-mapper event daemon FIFOs.
[[0;32m  OK  [0m] Listening on [0;1;39mDevice-mapper event daemon FIFOs[0m.
[    6.158560] systemd[1]: Listening on LVM2 poll daemon socket.
[[0;32m  OK  [0m] Listening on [0;1;39mLVM2 poll daemon socket[0m.
[    6.160060] systemd[1]: multipathd control socket was skipped because of an unmet condition check (ConditionPathExists=/etc/multipath.conf).
[    6.212683] systemd[1]: Listening on RPCbind Server Activation Socket.
[[0;32m  OK  [0m] Listening on [0;1;39mRPCbind Server Activation Socket[0m.
[    6.214772] systemd[1]: Reached target RPC Port Mapper.
[[0;32m  OK  [0m] Reached target [0;1;39mRPC Port Mapper[0m.
[    6.219723] systemd[1]: Listening on Process Core Dump Socket.
[[0;32m  OK  [0m] Listening on [0;1;39mProcess Core Dump Socket[0m.
[    6.222010] systemd[1]: Listening on initctl Compatibility Named Pipe.
[[0;32m  OK  [0m] Listening on [0;1;39minitctl Compatibility Named Pipe[0m.
[    6.224790] systemd[1]: Listening on Journal Socket (/dev/log).
[[0;32m  OK  [0m] Listening on [0;1;39mJournal Socket (/dev/log)[0m.
[    6.227425] systemd[1]: Listening on Journal Socket.
[[0;32m  OK  [0m] Listening on [0;1;39mJournal Socket[0m.
[    6.229808] systemd[1]: Listening on udev Control Socket.
[[0;32m  OK  [0m] Listening on [0;1;39mudev Control Socket[0m.
[    6.231906] systemd[1]: Listening on udev Kernel Socket.
[[0;32m  OK  [0m] Listening on [0;1;39mudev Kernel Socket[0m.
[    6.251141] systemd[1]: Mounting Huge Pages File System...
         Mounting [0;1;39mHuge Pages File System[0m...
[    6.258774] systemd[1]: Mounting POSIX Message Queue File System...
         Mounting [0;1;39mPOSIX Message Queue File System[0m...
[    6.277349] systemd[1]: Mounting Kernel Debug File System...
         Mounting [0;1;39mKernel Debug File System[0m...
[    6.288748] systemd[1]: Mounting Kernel Trace File System...
         Mounting [0;1;39mKernel Trace File System[0m...
[    6.290309] systemd[1]: Kernel Module supporting RPCSEC_GSS was skipped because of an unmet condition check (ConditionPathExists=/etc/krb5.keytab).
[    6.291423] systemd[1]: Create List of Static Device Nodes was skipped because of an unmet condition check (ConditionFileNotEmpty=/lib/modules/6.19.0-rc5-f2ae3866f449+/modules.devname).
[    6.300600] systemd[1]: Starting Monitoring of LVM2 mirrors, snapshots etc. using dmeventd or progress polling...
         Starting [0;1;39mMonitoring of LVM…meventd or progress polling[0m...
[    6.310158] systemd[1]: Starting Load Kernel Module configfs...
         Starting [0;1;39mLoad Kernel Module configfs[0m...
[    6.320959] systemd[1]: Starting Load Kernel Module drm...
         Starting [0;1;39mLoad Kernel Module drm[0m...
[    6.331137] systemd[1]: Starting Load Kernel Module fuse...
         Starting [0;1;39mLoad Kernel Module fuse[0m...
[    6.342272] systemd[1]: Starting Read and set NIS domainname from /etc/sysconfig/network...
         Starting [0;1;39mRead and set NIS …from /etc/sysconfig/network[0m...
[    6.459698] systemd[1]: Starting Journal Service...
         Starting [0;1;39mJournal Service[0m...
[    6.472440] systemd[1]: Starting Load Kernel Modules...
         Starting [0;1;39mLoad Kernel Modules[0m...
[    6.487661] systemd[1]: Starting Generate network units from Kernel command line...
         Starting [0;1;39mGenerate network …ts from Kernel command line[0m...
[    6.511081] systemd[1]: Starting Remount Root and Kernel File Systems...
         Starting [0;1;39mRemount Root and Kernel File Systems[0m...
[    6.512514] systemd[1]: Repartition Root Disk was skipped because no trigger condition checks were met.
[    6.545567] systemd[1]: Starting Coldplug All udev Devices...
         Starting [0;1;39mColdplug All udev Devices[0m...
[    6.568444] systemd[1]: Mounted Huge Pages File System.
[[0;32m  OK  [0m] Mounted [0;1;39mHuge Pages File System[0m.
[    6.574118] systemd[1]: Mounted POSIX Message Queue File System.
[[0;32m  OK  [0m] Mounted [0;1;39mPOSIX Message Queue File System[0m.
[    6.575657] systemd[1]: Mounted Kernel Debug File System.
[[0;32m  OK  [0m] Mounted [0;1;39mKernel Debug File System[0m.
[    6.578938] systemd[1]: Mounted Kernel Trace File System.
[[0;32m  OK  [0m] Mounted [0;1;39mKernel Trace File System[0m.
[    6.584213] systemd[1]: Finished Monitoring of LVM2 mirrors, snapshots etc. using dmeventd or progress polling.
[[0;32m  OK  [0m] Finished [0;1;39mMonitoring of LVM… dmeventd or progress polling[0m.
[    6.593258] EXT4-fs (sda): re-mounted 088740a9-c8b4-422c-999d-a804eb68a4da r/w.
[    6.594593] systemd[1]: modprobe@configfs.service: Deactivated successfully.
[    6.598765] systemd[1]: Finished Load Kernel Module configfs.
[[0;32m  OK  [0m] Finished [0;1;39mLoad Kernel Module configfs[0m.
[    6.604664] systemd[1]: modprobe@drm.service: Deactivated successfully.
[    6.610757] systemd[1]: Finished Load Kernel Module drm.
[[0;32m  OK  [0m] Finished [0;1;39mLoad Kernel Module drm[0m.
[    6.616056] systemd[1]: modprobe@fuse.service: Deactivated successfully.
[    6.617512] systemd[1]: Finished Load Kernel Module fuse.
[[0;32m  OK  [0m] Finished [0;1;39mLoad Kernel Module fuse[0m.
[    6.624451] systemd[1]: Finished Read and set NIS domainname from /etc/sysconfig/network.
[[0;32m  OK  [0m] Finished [0;1;39mRead and set NIS …e from /etc/sysconfig/network[0m.
[    6.626223] systemd[1]: systemd-modules-load.service: Main process exited, code=exited, status=1/FAILURE
[    6.631497] systemd[1]: systemd-modules-load.service: Failed with result 'exit-code'.
[    6.632966] systemd[1]: Failed to start Load Kernel Modules.
[[0;1;31mFAILED[0m] Failed to start [0;1;39mLoad Kernel Modules[0m.
See 'systemctl status systemd-modules-load.service' for details.
[    6.640647] systemd[1]: Finished Generate network units from Kernel command line.
[[0;32m  OK  [0m] Finished [0;1;39mGenerate network units from Kernel command line[0m.
[    6.647472] systemd[1]: Finished Remount Root and Kernel File Systems.
[[0;32m  OK  [0m] Finished [0;1;39mRemount Root and Kernel File Systems[0m.
[    6.648932] systemd[1]: Started Journal Service.
[[0;32m  OK  [0m] Started [0;1;39mJournal Service[0m.
[[0;32m  OK  [0m] Reached target [0;1;39mPreparation for Network[0m.
         Mounting [0;1;39mFUSE Control File System[0m...
         Mounting [0;1;39mKernel Configuration File System[0m...
         Starting [0;1;39mFlush Journal to Persistent Storage[0m...
         Starting [0;1;39mLoad/Save Random Seed[0m...
         Starting [0;1;39mApply Kernel Variables[0m...
[    6.757988] systemd-journald[144]: Received client request to flush runtime journal.
         Starting [0;1;39mCreate Static Device Nodes in /dev[0m...
         Starting [0;1;39mSetup Virtual Console[0m...
[[0;32m  OK  [0m] Mounted [0;1;39mFUSE Control File System[0m.
[[0;32m  OK  [0m] Mounted [0;1;39mKernel Configuration File System[0m.
[[0;32m  OK  [0m] Finished [0;1;39mFlush Journal to Persistent Storage[0m.
[[0;32m  OK  [0m] Finished [0;1;39mLoad/Save Random Seed[0m.
[[0;32m  OK  [0m] Finished [0;1;39mApply Kernel Variables[0m.
[[0;32m  OK  [0m] Finished [0;1;39mCreate Static Device Nodes in /dev[0m.
         Starting [0;1;39mRule-based Manage…for Device Events and Files[0m...
[[0;32m  OK  [0m] Started [0;1;39mRule-based Manager for Device Events and Files[0m.
         Starting [0;1;39mAuto-connect to s…E devices found during boot[0m...
[[0;32m  OK  [0m] Finished [0;1;39mAuto-connect to s…VME devices found during boot[0m.
[[0;32m  OK  [0m] Finished [0;1;39mSetup Virtual Console[0m.
[[0;32m  OK  [0m] Finished [0;1;39mColdplug All udev Devices[0m.
[[0;32m  OK  [0m] Started [0;1;39mDispatch Password …ts to Console Directory Watch[0m.
[[0;32m  OK  [0m] Reached target [0;1;39mLocal Encrypted Volumes[0m.
[[0;32m  OK  [0m] Reached target [0;1;39mPath Units[0m.
         Starting [0;1;39mWait for udev To …plete Device Initialization[0m...
[[0;32m  OK  [0m] Found device [0;1;39m/dev/ttyS0[0m.
[[0;32m  OK  [0m] Listening on [0;1;39mLoad/Save RF …itch Status /dev/rfkill Watch[0m.
[[0;32m  OK  [0m] Finished [0;1;39mWait for udev To Complete Device Initialization[0m.
[[0;32m  OK  [0m] Reached target [0;1;39mPreparation for Local File Systems[0m.
[[0;32m  OK  [0m] Reached target [0;1;39mLocal File Systems[0m.
         Starting [0;1;39mTell Plymouth To Write Out Runtime Data[0m...
         Starting [0;1;39mAutomatic Boot Loader Update[0m...
         Starting [0;1;39mCreate Volatile Files and Directories[0m...
[[0;32m  OK  [0m] Finished [0;1;39mTell Plymouth To Write Out Runtime Data[0m.
[[0;32m  OK  [0m] Finished [0;1;39mAutomatic Boot Loader Update[0m.
[[0;32m  OK  [0m] Finished [0;1;39mCreate Volatile Files and Directories[0m.
         Mounting [0;1;39mRPC Pipe File System[0m...
         Starting [0;1;39mSecurity Auditing Service[0m...
         Starting [0;1;39mRPC Bind[0m...
[[0;32m  OK  [0m] Mounted [0;1;39mRPC Pipe File System[0m.
[[0;32m  OK  [0m] Reached target [0;1;39mrpc_pipefs.target[0m.
[[0;32m  OK  [0m] Started [0;1;39mRPC Bind[0m.
[[0;32m  OK  [0m] Started [0;1;39mSecurity Auditing Service[0m.
         Starting [0;1;39mRecord System Boot/Shutdown in UTMP[0m...
[[0;32m  OK  [0m] Finished [0;1;39mRecord System Boot/Shutdown in UTMP[0m.
[[0;32m  OK  [0m] Reached target [0;1;39mSystem Initialization[0m.
[[0;32m  OK  [0m] Started [0;1;39mDaily rotation of log files[0m.
[[0;32m  OK  [0m] Started [0;1;39mUpdates mlocate database every day[0m.
[[0;32m  OK  [0m] Started [0;1;39mDaily Cleanup of Temporary Directories[0m.
[[0;32m  OK  [0m] Started [0;1;39mdaily update of the root trust anchor for DNSSEC[0m.
[[0;32m  OK  [0m] Reached target [0;1;39mTimer Units[0m.
[[0;32m  OK  [0m] Listening on [0;1;39mD-Bus System Message Bus Socket[0m.
[[0;32m  OK  [0m] Listening on [0;1;39mOpen-iSCSI iscsid Socket[0m.
[[0;32m  OK  [0m] Listening on [0;1;39mOpen-iSCSI iscsiuio Socket[0m.
[[0;32m  OK  [0m] Listening on [0;1;39mSSSD Kerberos…ache Manager responder socket[0m.
[[0;32m  OK  [0m] Listening on [0;1;39mLibvirt interface local socket[0m.
[[0;32m  OK  [0m] Listening on [0;1;39mVirtual machine lock manager socket[0m.
[[0;32m  OK  [0m] Listening on [0;1;39mVirtual machine log manager socket[0m.
[[0;32m  OK  [0m] Listening on [0;1;39mLibvirt network local socket[0m.
[[0;32m  OK  [0m] Listening on [0;1;39mLibvirt nodedev local socket[0m.
[[0;32m  OK  [0m] Listening on [0;1;39mLibvirt nwfilter local socket[0m.
[[0;32m  OK  [0m] Listening on [0;1;39mLibvirt proxy local socket[0m.
[[0;32m  OK  [0m] Listening on [0;1;39mLibvirt qemu local socket[0m.
[[0;32m  OK  [0m] Listening on [0;1;39mLibvirt qemu admin socket[0m.
[[0;32m  OK  [0m] Listening on [0;1;39mLibvirt qemu local read-only socket[0m.
[[0;32m  OK  [0m] Listening on [0;1;39mLibvirt secret local socket[0m.
[[0;32m  OK  [0m] Listening on [0;1;39mLibvirt storage local socket[0m.
[[0;32m  OK  [0m] Reached target [0;1;39mSocket Units[0m.
         Starting [0;1;39mD-Bus System Message Bus[0m...
[[0;32m  OK  [0m] Started [0;1;39mD-Bus System Message Bus[0m.
[[0;32m  OK  [0m] Reached target [0;1;39mBasic System[0m.
         Starting [0;1;39mNetwork Manager[0m...
         Starting [0;1;39mNTP client/server[0m...
         Starting [0;1;39mRestore /run/initramfs on shutdown[0m...
[[0;32m  OK  [0m] Started [0;1;39mirqbalance daemon[0m.
[[0;32m  OK  [0m] Started [0;1;39mlibstoragemgmt plug-in server daemon[0m.
[[0;32m  OK  [0m] Started [0;1;39mMachine Check Exception Logging Daemon[0m.
[[0;32m  OK  [0m] Reached target [0;1;39msshd-keygen.target[0m.
[[0;32m  OK  [0m] Reached target [0;1;39mUser and Group Name Lookups[0m.
         Starting [0;1;39mUser Login Management[0m...
         Starting [0;1;39mVirtual Machine a…tainer Registration Service[0m...
[[0;32m  OK  [0m] Finished [0;1;39mRestore /run/initramfs on shutdown[0m.
[[0;32m  OK  [0m] Started [0;1;39mVirtual Machine an…ontainer Registration Service[0m.
[[0;32m  OK  [0m] Started [0;1;39mNTP client/server[0m.
         Starting [0;1;39mHostname Service[0m...
[[0;32m  OK  [0m] Started [0;1;39mUser Login Management[0m.
[[0;32m  OK  [0m] Started [0;1;39mHostname Service[0m.
         Starting [0;1;39mNetwork Manager Script Dispatcher Service[0m...
[[0;32m  OK  [0m] Started [0;1;39mNetwork Manager Script Dispatcher Service[0m.
[   11.475045] e1000: eth0 NIC Link is Up 1000 Mbps Full Duplex, Flow Control: RX
[[0;32m  OK  [0m] Started [0;1;39mNetwork Manager[0m.
[[0;32m  OK  [0m] Reached target [0;1;39mNetwork[0m.
[[0;32m  OK  [0m] Reached target [0;1;39mNetwork is Online[0m.
         Starting [0;1;39mGSSAPI Proxy Daemon[0m...
         Starting [0;1;39mNotify NFS peers of a restart[0m...
         Starting [0;1;39mSystem Logging Service[0m...
         Starting [0;1;39mOpenSSH server daemon[0m...
         Starting [0;1;39mDynamic System Tuning Daemon[0m...
[[0;32m  OK  [0m] Started [0;1;39mNotify NFS peers of a restart[0m.
[[0;32m  OK  [0m] Started [0;1;39mGSSAPI Proxy Daemon[0m.
[[0;32m  OK  [0m] Reached target [0;1;39mNFS client services[0m.
[[0;32m  OK  [0m] Reached target [0;1;39mPreparation for Remote File Systems[0m.
[[0;32m  OK  [0m] Reached target [0;1;39mRemote File Systems[0m.
         Starting [0;1;39mPermit User Sessions[0m...
         Starting [0;1;39mVirtualization qemu daemon[0m...
[[0;32m  OK  [0m] Started [0;1;39mOpenSSH server daemon[0m.
[[0;32m  OK  [0m] Finished [0;1;39mPermit User Sessions[0m.
[[0;32m  OK  [0m] Started [0;1;39mDeferred execution scheduler[0m.
[[0;32m  OK  [0m] Started [0;1;39mCommand Scheduler[0m.
         Starting [0;1;39mHold until boot process finishes up[0m...
         Starting [0;1;39mTerminate Plymouth Boot Screen[0m...
[[0;32m  OK  [0m] Started [0;1;39mSystem Logging Service[0m.
[[0;32m  OK  [0m] Finished [0;1;39mHold until boot process finishes up[0m.
[[0;32m  OK  [0m] Started [0;1;39mVirtualization qemu daemon[0m.
[[0;32m  OK  [0m] Finished [0;1;39mTerminate Plymouth Boot Screen[0m.
[[0;32m  OK  [0m] Started [0;1;39mGetty on tty1[0m.
[[0;32m  OK  [0m] Started [0;1;39mSerial Getty on ttyS0[0m.
[[0;32m  OK  [0m] Reached target [0;1;39mLogin Prompts[0m.
         Starting [0;1;39mAuthorization Manager[0m...
[[0;32m  OK  [0m] Started [0;1;39mAuthorization Manager[0m.
[[0;32m  OK  [0m] Started [0;1;39mDynamic System Tuning Daemon[0m.
[[0;32m  OK  [0m] Reached target [0;1;39mMulti-User System[0m.
         Starting [0;1;39mRecord Runlevel Change in UTMP[0m...
[[0;32m  OK  [0m] Finished [0;1;39mRecord Runlevel Change in UTMP[0m.

CentOS Stream 9
Kernel 6.19.0-rc5-f2ae3866f449+ on an x86_64

Activate the web console with: systemctl enable --now cockpit.socket

test login: [   33.610656] loop3: detected capacity change from 0 to 32768
[   33.635450] XFS (loop3): Metadata CRC error detected at xfs_sb_read_verify+0x364/0x460, xfs_sb block 0x0 
[   33.636178] XFS (loop3): Unmount and run xfs_repair
[   33.636517] XFS (loop3): First 128 bytes of corrupted metadata buffer:
[   33.636964] 00000000: 58 46 53 42 00 00 08 00 00 00 00 00 00 00 20 00  XFSB.......... .
[   33.637506] 00000010: 00 00 00 00 00 00 00 00 00 00 00 00 00 00 00 00  ................
[   33.638035] 00000020: bf dc 47 fc 10 d8 4e ed a5 62 11 a8 31 b3 f7 91  ..G...N..b..1...
[   33.638567] 00000030: 00 00 00 00 00 00 00 20 00 00 00 00 00 00 24 40  ....... ......$@
[   33.639416] 00000040: 00 00 00 00 00 00 24 41 00 00 00 00 00 00 24 42  ......$A......$B
[   33.639927] 00000050: 00 00 00 02 00 00 20 00 00 00 00 01 00 00 00 00  ...... .........
[   33.640421] 00000060: 00 00 12 00 b4 b5 02 00 04 00 00 02 00 00 00 00  ................
[   33.640911] 00000070: 00 00 00 00 00 00 00 00 0b 09 0a 01 0d 00 00 32  ...............2
[   33.647186] XFS (loop3): SB validate failed with error -74.
[   33.662923] loop0: detected capacity change from 0 to 32768
[   33.695062] XFS (loop0): Metadata CRC error detected at xfs_sb_read_verify+0x364/0x460, xfs_sb block 0x0 
[   33.695767] XFS (loop0): Unmount and run xfs_repair
[   33.696094] XFS (loop0): First 128 bytes of corrupted metadata buffer:
[   33.696521] 00000000: 58 46 53 42 00 00 08 00 00 00 00 00 00 00 20 00  XFSB.......... .
[   33.697047] 00000010: 00 00 00 00 00 00 00 00 00 00 00 00 00 00 00 00  ................
[   33.697564] 00000020: bf dc 47 fc 10 d8 4e ed a5 62 11 a8 31 b3 f7 91  ..G...N..b..1...
[   33.698085] 00000030: 00 00 00 00 00 00 00 20 00 00 00 00 00 00 24 40  ....... ......$@
[   33.698604] 00000040: 00 00 00 00 00 00 24 41 00 00 00 00 00 00 24 42  ......$A......$B
[   33.699152] 00000050: 00 00 00 02 00 00 20 00 00 00 00 01 00 00 00 00  ...... .........
[   33.699672] 00000060: 00 00 12 00 b4 b5 02 00 04 00 00 02 00 00 00 00  ................
[   33.700197] 00000070: 00 00 00 00 00 00 00 00 0b 09 0a 01 0d 00 00 32  ...............2
[   33.716804] XFS (loop0): SB validate failed with error -74.
[   33.843677] loop2: detected capacity change from 0 to 32768
[   33.855806] XFS (loop2): Metadata CRC error detected at xfs_sb_read_verify+0x364/0x460, xfs_sb block 0x0 
[   33.856463] XFS (loop2): Unmount and run xfs_repair
[   33.856807] XFS (loop2): First 128 bytes of corrupted metadata buffer:
[   33.857237] 00000000: 58 46 53 42 00 00 08 00 00 00 00 00 00 00 20 00  XFSB.......... .
[   33.857740] 00000010: 00 00 00 00 00 00 00 00 00 00 00 00 00 00 00 00  ................
[   33.858243] 00000020: bf dc 47 fc 10 d8 4e ed a5 62 11 a8 31 b3 f7 91  ..G...N..b..1...
[   33.858785] 00000030: 00 00 00 00 00 00 00 20 00 00 00 00 00 00 24 40  ....... ......$@
[   33.859293] 00000040: 00 00 00 00 00 00 24 41 00 00 00 00 00 00 24 42  ......$A......$B
[   33.859799] 00000050: 00 00 00 02 00 00 20 00 00 00 00 01 00 00 00 00  ...... .........
[   33.860304] 00000060: 00 00 12 00 b4 b5 02 00 04 00 00 02 00 00 00 00  ................
[   33.860807] 00000070: 00 00 00 00 00 00 00 00 0b 09 0a 01 0d 00 00 32  ...............2
[   33.873665] loop4: detected capacity change from 0 to 32768
[   33.882011] XFS (loop2): SB validate failed with error -74.
[   33.918072] XFS (loop4): Metadata CRC error detected at xfs_sb_read_verify+0x364/0x460, xfs_sb block 0x0 
[   33.918981] XFS (loop4): Unmount and run xfs_repair
[   33.919320] XFS (loop4): First 128 bytes of corrupted metadata buffer:
[   33.919755] 00000000: 58 46 53 42 00 00 08 00 00 00 00 00 00 00 20 00  XFSB.......... .
[   33.920280] 00000010: 00 00 00 00 00 00 00 00 00 00 00 00 00 00 00 00  ................
[   33.920799] 00000020: bf dc 47 fc 10 d8 4e ed a5 62 11 a8 31 b3 f7 91  ..G...N..b..1...
[   33.921323] 00000030: 00 00 00 00 00 00 00 20 00 00 00 00 00 00 24 40  ....... ......$@
[   33.921846] 00000040: 00 00 00 00 00 00 24 41 00 00 00 00 00 00 24 42  ......$A......$B
[   33.922370] 00000050: 00 00 00 02 00 00 20 00 00 00 00 01 00 00 00 00  ...... .........
[   33.922948] 00000060: 00 00 12 00 b4 b5 02 00 04 00 00 02 00 00 00 00  ................
[   33.923475] 00000070: 00 00 00 00 00 00 00 00 0b 09 0a 01 0d 00 00 32  ...............2
[   33.928301] XFS (loop4): SB validate failed with error -74.
[   33.991121] loop1: detected capacity change from 0 to 32768
[   34.021063] XFS (loop1): Metadata CRC error detected at xfs_sb_read_verify+0x364/0x460, xfs_sb block 0x0 
[   34.021732] XFS (loop1): Unmount and run xfs_repair
[   34.022072] XFS (loop1): First 128 bytes of corrupted metadata buffer:
[   34.022504] 00000000: 58 46 53 42 00 00 08 00 00 00 00 00 00 00 20 00  XFSB.......... .
[   34.023108] 00000010: 00 00 00 00 00 00 00 00 00 00 00 00 00 00 00 00  ................
[   34.023439] loop7: detected capacity change from 0 to 32768
[   34.023629] 00000020: bf dc 47 fc 10 d8 4e ed a5 62 11 a8 31 b3 f7 91  ..G...N..b..1...
[   34.023640] 00000030: 00 00 00 00 00 00 00 20 00 00 00 00 00 00 24 40  ....... ......$@
[   34.023646] 00000040: 00 00 00 00 00 00 24 41 00 00 00 00 00 00 24 42  ......$A......$B
[   34.023653] 00000050: 00 00 00 02 00 00 20 00 00 00 00 01 00 00 00 00  ...... .........
[   34.026079] 00000060: 00 00 12 00 b4 b5 02 00 04 00 00 02 00 00 00 00  ................
[   34.026599] 00000070: 00 00 00 00 00 00 00 00 0b 09 0a 01 0d 00 00 32  ...............2
[   34.049444] loop6: detected capacity change from 0 to 32768
[   34.073864] XFS (loop7): Metadata CRC error detected at xfs_sb_read_verify+0x364/0x460, xfs_sb block 0x0 
[   34.074515] XFS (loop7): Unmount and run xfs_repair
[   34.074656] XFS (loop1): SB validate failed with error -74.
[   34.074929] XFS (loop7): First 128 bytes of corrupted metadata buffer:
[   34.075637] 00000000: 58 46 53 42 00 00 08 00 00 00 00 00 00 00 20 00  XFSB.......... .
[   34.076195] 00000010: 00 00 00 00 00 00 00 00 00 00 00 00 00 00 00 00  ................
[   34.076698] 00000020: bf dc 47 fc 10 d8 4e ed a5 62 11 a8 31 b3 f7 91  ..G...N..b..1...
[   34.077217] 00000030: 00 00 00 00 00 00 00 20 00 00 00 00 00 00 24 40  ....... ......$@
[   34.077720] 00000040: 00 00 00 00 00 00 24 41 00 00 00 00 00 00 24 42  ......$A......$B
[   34.078223] 00000050: 00 00 00 02 00 00 20 00 00 00 00 01 00 00 00 00  ...... .........
[   34.078808] 00000060: 00 00 12 00 b4 b5 02 00 04 00 00 02 00 00 00 00  ................
[   34.079314] 00000070: 00 00 00 00 00 00 00 00 0b 09 0a 01 0d 00 00 32  ...............2
[   34.086191] loop3: detected capacity change from 0 to 32768
[   34.092394] XFS (loop6): Metadata CRC error detected at xfs_sb_read_verify+0x364/0x460, xfs_sb block 0x0 
[   34.093074] XFS (loop6): Unmount and run xfs_repair
[   34.093404] XFS (loop6): First 128 bytes of corrupted metadata buffer:
[   34.093830] 00000000: 58 46 53 42 00 00 08 00 00 00 00 00 00 00 20 00  XFSB.......... .
[   34.094339] 00000010: 00 00 00 00 00 00 00 00 00 00 00 00 00 00 00 00  ................
[   34.094902] 00000020: bf dc 47 fc 10 d8 4e ed a5 62 11 a8 31 b3 f7 91  ..G...N..b..1...
[   34.095438] 00000030: 00 00 00 00 00 00 00 20 00 00 00 00 00 00 24 40  ....... ......$@
[   34.095949] 00000040: 00 00 00 00 00 00 24 41 00 00 00 00 00 00 24 42  ......$A......$B
[   34.096456] 00000050: 00 00 00 02 00 00 20 00 00 00 00 01 00 00 00 00  ...... .........
[   34.096975] 00000060: 00 00 12 00 b4 b5 02 00 04 00 00 02 00 00 00 00  ................
[   34.097488] 00000070: 00 00 00 00 00 00 00 00 0b 09 0a 01 0d 00 00 32  ...............2
[   34.100661] loop5: detected capacity change from 0 to 32768
[   34.116085] XFS (loop7): SB validate failed with error -74.
[   34.120498] XFS (loop6): SB validate failed with error -74.
[   34.139761] XFS (loop3): Metadata CRC error detected at xfs_sb_read_verify+0x364/0x460, xfs_sb block 0x0 
[   34.140443] XFS (loop3): Unmount and run xfs_repair
[   34.140764] XFS (loop3): First 128 bytes of corrupted metadata buffer:
[   34.141196] 00000000: 58 46 53 42 00 00 08 00 00 00 00 00 00 00 20 00  XFSB.......... .
[   34.141701] 00000010: 00 00 00 00 00 00 00 00 00 00 00 00 00 00 00 00  ................
[   34.142212] 00000020: bf dc 47 fc 10 d8 4e ed a5 62 11 a8 31 b3 f7 91  ..G...N..b..1...
[   34.142755] 00000030: 00 00 00 00 00 00 00 20 00 00 00 00 00 00 24 40  ....... ......$@
[   34.143278] 00000040: 00 00 00 00 00 00 24 41 00 00 00 00 00 00 24 42  ......$A......$B
[   34.143794] 00000050: 00 00 00 02 00 00 20 00 00 00 00 01 00 00 00 00  ...... .........
[   34.144317] 00000060: 00 00 12 00 b4 b5 02 00 04 00 00 02 00 00 00 00  ................
[   34.144836] 00000070: 00 00 00 00 00 00 00 00 0b 09 0a 01 0d 00 00 32  ...............2
[   34.160600] XFS (loop5): Metadata CRC error detected at xfs_sb_read_verify+0x364/0x460, xfs_sb block 0x0 
[   34.161257] XFS (loop5): Unmount and run xfs_repair
[   34.161604] XFS (loop5): First 128 bytes of corrupted metadata buffer:
[   34.162025] 00000000: 58 46 53 42 00 00 08 00 00 00 00 00 00 00 20 00  XFSB.......... .
[   34.162530] 00000010: 00 00 00 00 00 00 00 00 00 00 00 00 00 00 00 00  ................
[   34.163113] 00000020: bf dc 47 fc 10 d8 4e ed a5 62 11 a8 31 b3 f7 91  ..G...N..b..1...
[   34.163624] 00000030: 00 00 00 00 00 00 00 20 00 00 00 00 00 00 24 40  ....... ......$@
[   34.164131] 00000040: 00 00 00 00 00 00 24 41 00 00 00 00 00 00 24 42  ......$A......$B
[   34.164639] 00000050: 00 00 00 02 00 00 20 00 00 00 00 01 00 00 00 00  ...... .........
[   34.165158] 00000060: 00 00 12 00 b4 b5 02 00 04 00 00 02 00 00 00 00  ................
[   34.165673] 00000070: 00 00 00 00 00 00 00 00 0b 09 0a 01 0d 00 00 32  ...............2
[   34.180244] XFS (loop3): SB validate failed with error -74.
[   34.190640] XFS (loop5): SB validate failed with error -74.
[   34.269974] loop4: detected capacity change from 0 to 32768
[   34.405555] XFS (loop4): Metadata CRC error detected at xfs_sb_read_verify+0x364/0x460, xfs_sb block 0x0 
[   34.406210] XFS (loop4): Unmount and run xfs_repair
[   34.406552] XFS (loop4): First 128 bytes of corrupted metadata buffer:
[   34.407045] 00000000: 58 46 53 42 00 00 08 00 00 00 00 00 00 00 20 00  XFSB.......... .
[   34.407548] 00000010: 00 00 00 00 00 00 00 00 00 00 00 00 00 00 00 00  ................
[   34.408053] 00000020: bf dc 47 fc 10 d8 4e ed a5 62 11 a8 31 b3 f7 91  ..G...N..b..1...
[   34.408554] 00000030: 00 00 00 00 00 00 00 20 00 00 00 00 00 00 24 40  ....... ......$@
[   34.409061] 00000040: 00 00 00 00 00 00 24 41 00 00 00 00 00 00 24 42  ......$A......$B
[   34.409563] 00000050: 00 00 00 02 00 00 20 00 00 00 00 01 00 00 00 00  ...... .........
[   34.410065] 00000060: 00 00 12 00 b4 b5 02 00 04 00 00 02 00 00 00 00  ................
[   34.410564] 00000070: 00 00 00 00 00 00 00 00 0b 09 0a 01 0d 00 00 32  ...............2
[   34.411888] XFS (loop1): Metadata CRC error detected at xfs_sb_read_verify+0x364/0x460, xfs_sb block 0x0 
[   34.412527] XFS (loop1): Unmount and run xfs_repair
[   34.412872] XFS (loop1): First 128 bytes of corrupted metadata buffer:
[   34.413302] 00000000: 58 46 53 42 00 00 08 00 00 00 00 00 00 00 20 00  XFSB.......... .
[   34.413809] 00000010: 00 00 00 00 00 00 00 00 00 00 00 00 00 00 00 00  ................
[   34.414316] 00000020: bf dc 47 fc 10 d8 4e ed a5 62 11 a8 31 b3 f7 91  ..G...N..b..1...
[   34.414841] 00000030: 00 00 00 00 00 00 00 20 00 00 00 00 00 00 24 40  ....... ......$@
[   34.415352] 00000040: 00 00 00 00 00 00 24 41 00 00 00 00 00 00 24 42  ......$A......$B
[   34.415856] 00000050: 00 00 00 02 00 00 20 00 00 00 00 01 00 00 00 00  ...... .........
[   34.416361] 00000060: 00 00 12 00 b4 b5 02 00 04 00 00 02 00 00 00 00  ................
[   34.416866] 00000070: 00 00 00 00 00 00 00 00 0b 09 0a 01 0d 00 00 32  ...............2
[   34.423574] XFS (loop1): SB validate failed with error -74.
[   34.435826] XFS (loop4): SB validate failed with error -74.
[   34.557723] XFS (loop6): Metadata CRC error detected at xfs_sb_read_verify+0x364/0x460, xfs_sb block 0x0 
[   34.558393] XFS (loop6): Unmount and run xfs_repair
[   34.558753] XFS (loop6): First 128 bytes of corrupted metadata buffer:
[   34.559185] 00000000: 58 46 53 42 00 00 08 00 00 00 00 00 00 00 20 00  XFSB.......... .
[   34.559694] 00000010: 00 00 00 00 00 00 00 00 00 00 00 00 00 00 00 00  ................
[   34.560201] 00000020: bf dc 47 fc 10 d8 4e ed a5 62 11 a8 31 b3 f7 91  ..G...N..b..1...
[   34.560707] 00000030: 00 00 00 00 00 00 00 20 00 00 00 00 00 00 24 40  ....... ......$@
[   34.561224] 00000040: 00 00 00 00 00 00 24 41 00 00 00 00 00 00 24 42  ......$A......$B
[   34.561732] 00000050: 00 00 00 02 00 00 20 00 00 00 00 01 00 00 00 00  ...... .........
[   34.562240] 00000060: 00 00 12 00 b4 b5 02 00 04 00 00 02 00 00 00 00  ................
[   34.562765] 00000070: 00 00 00 00 00 00 00 00 0b 09 0a 01 0d 00 00 32  ...............2
[   34.564499] XFS (loop7): Metadata CRC error detected at xfs_sb_read_verify+0x364/0x460, xfs_sb block 0x0 
[   34.565144] XFS (loop7): Unmount and run xfs_repair
[   34.565491] XFS (loop7): First 128 bytes of corrupted metadata buffer:
[   34.565915] 00000000: 58 46 53 42 00 00 08 00 00 00 00 00 00 00 20 00  XFSB.......... .
[   34.566427] 00000010: 00 00 00 00 00 00 00 00 00 00 00 00 00 00 00 00  ................
[   34.567035] 00000020: bf dc 47 fc 10 d8 4e ed a5 62 11 a8 31 b3 f7 91  ..G...N..b..1...
[   34.567550] 00000030: 00 00 00 00 00 00 00 20 00 00 00 00 00 00 24 40  ....... ......$@
[   34.568059] 00000040: 00 00 00 00 00 00 24 41 00 00 00 00 00 00 24 42  ......$A......$B
[   34.568572] 00000050: 00 00 00 02 00 00 20 00 00 00 00 01 00 00 00 00  ...... .........
[   34.569096] 00000060: 00 00 12 00 b4 b5 02 00 04 00 00 02 00 00 00 00  ................
[   34.569612] 00000070: 00 00 00 00 00 00 00 00 0b 09 0a 01 0d 00 00 32  ...............2
[   34.576222] XFS (loop7): SB validate failed with error -74.
[   34.586310] XFS (loop6): SB validate failed with error -74.
[   34.630465] XFS (loop0): Metadata CRC error detected at xfs_sb_read_verify+0x364/0x460, xfs_sb block 0x0 
[   34.631475] XFS (loop0): Unmount and run xfs_repair
[   34.631811] XFS (loop0): First 128 bytes of corrupted metadata buffer:
[   34.632255] 00000000: 58 46 53 42 00 00 08 00 00 00 00 00 00 00 20 00  XFSB.......... .
[   34.632765] 00000010: 00 00 00 00 00 00 00 00 00 00 00 00 00 00 00 00  ................
[   34.633298] 00000020: bf dc 47 fc 10 d8 4e ed a5 62 11 a8 31 b3 f7 91  ..G...N..b..1...
[   34.633835] 00000030: 00 00 00 00 00 00 00 20 00 00 00 00 00 00 24 40  ....... ......$@
[   34.634350] 00000040: 00 00 00 00 00 00 24 41 00 00 00 00 00 00 24 42  ......$A......$B
[   34.634964] 00000050: 00 00 00 02 00 00 20 00 00 00 00 01 00 00 00 00  ...... .........
[   34.635495] 00000060: 00 00 12 00 b4 b5 02 00 04 00 00 02 00 00 00 00  ................
[   34.636021] 00000070: 00 00 00 00 00 00 00 00 0b 09 0a 01 0d 00 00 32  ...............2
[   34.678729] XFS (loop0): SB validate failed with error -74.
[   34.750793] XFS (loop2): Metadata CRC error detected at xfs_sb_read_verify+0x364/0x460, xfs_sb block 0x0 
[   34.751451] XFS (loop2): Unmount and run xfs_repair
[   34.751792] XFS (loop2): First 128 bytes of corrupted metadata buffer:
[   34.752209] 00000000: 58 46 53 42 00 00 08 00 00 00 00 00 00 00 20 00  XFSB.......... .
[   34.752712] 00000010: 00 00 00 00 00 00 00 00 00 00 00 00 00 00 00 00  ................
[   34.753220] 00000020: bf dc 47 fc 10 d8 4e ed a5 62 11 a8 31 b3 f7 91  ..G...N..b..1...
[   34.753724] 00000030: 00 00 00 00 00 00 00 20 00 00 00 00 00 00 24 40  ....... ......$@
[   34.754229] 00000040: 00 00 00 00 00 00 24 41 00 00 00 00 00 00 24 42  ......$A......$B
[   34.754831] 00000050: 00 00 00 02 00 00 20 00 00 00 00 01 00 00 00 00  ...... .........
[   34.755367] 00000060: 00 00 12 00 b4 b5 02 00 04 00 00 02 00 00 00 00  ................
[   34.755899] 00000070: 00 00 00 00 00 00 00 00 0b 09 0a 01 0d 00 00 32  ...............2
[   34.770560] XFS (loop2): SB validate failed with error -74.
[   34.818417] XFS (loop1): Metadata CRC error detected at xfs_sb_read_verify+0x364/0x460, xfs_sb block 0x0 
[   34.819114] XFS (loop1): Unmount and run xfs_repair
[   34.819442] XFS (loop1): First 128 bytes of corrupted metadata buffer:
[   34.819868] 00000000: 58 46 53 42 00 00 08 00 00 00 00 00 00 00 20 00  XFSB.......... .
[   34.820383] 00000010: 00 00 00 00 00 00 00 00 00 00 00 00 00 00 00 00  ................
[   34.820906] 00000020: bf dc 47 fc 10 d8 4e ed a5 62 11 a8 31 b3 f7 91  ..G...N..b..1...
[   34.821432] 00000030: 00 00 00 00 00 00 00 20 00 00 00 00 00 00 24 40  ....... ......$@
[   34.821942] 00000040: 00 00 00 00 00 00 24 41 00 00 00 00 00 00 24 42  ......$A......$B
[   34.822450] 00000050: 00 00 00 02 00 00 20 00 00 00 00 01 00 00 00 00  ...... .........
[   34.823037] 00000060: 00 00 12 00 b4 b5 02 00 04 00 00 02 00 00 00 00  ................
[   34.823551] 00000070: 00 00 00 00 00 00 00 00 0b 09 0a 01 0d 00 00 32  ...............2
[   34.832848] XFS (loop1): SB validate failed with error -74.
[   35.140898] XFS (loop5): Metadata CRC error detected at xfs_sb_read_verify+0x364/0x460, xfs_sb block 0x0 
[   35.141551] XFS (loop5): Unmount and run xfs_repair
[   35.141879] XFS (loop5): First 128 bytes of corrupted metadata buffer:
[   35.142289] 00000000: 58 46 53 42 00 00 08 00 00 00 00 00 00 00 20 00  XFSB.......... .
[   35.142929] 00000010: 00 00 00 00 00 00 00 00 00 00 00 00 00 00 00 00  ................
[   35.143423] 00000020: bf dc 47 fc 10 d8 4e ed a5 62 11 a8 31 b3 f7 91  ..G...N..b..1...
[   35.143920] 00000030: 00 00 00 00 00 00 00 20 00 00 00 00 00 00 24 40  ....... ......$@
[   35.144413] 00000040: 00 00 00 00 00 00 24 41 00 00 00 00 00 00 24 42  ......$A......$B
[   35.144919] 00000050: 00 00 00 02 00 00 20 00 00 00 00 01 00 00 00 00  ...... .........
[   35.145413] 00000060: 00 00 12 00 b4 b5 02 00 04 00 00 02 00 00 00 00  ................
[   35.145906] 00000070: 00 00 00 00 00 00 00 00 0b 09 0a 01 0d 00 00 32  ...............2
[   35.146858] XFS (loop5): SB validate failed with error -74.
[   35.147644] XFS (loop3): Metadata CRC error detected at xfs_sb_read_verify+0x364/0x460, xfs_sb block 0x0 
[   35.148279] XFS (loop3): Unmount and run xfs_repair
[   35.148595] XFS (loop3): First 128 bytes of corrupted metadata buffer:
[   35.149020] 00000000: 58 46 53 42 00 00 08 00 00 00 00 00 00 00 20 00  XFSB.......... .
[   35.149520] 00000010: 00 00 00 00 00 00 00 00 00 00 00 00 00 00 00 00  ................
[   35.150013] 00000020: bf dc 47 fc 10 d8 4e ed a5 62 11 a8 31 b3 f7 91  ..G...N..b..1...
[   35.150505] 00000030: 00 00 00 00 00 00 00 20 00 00 00 00 00 00 24 40  ....... ......$@
[   35.151026] 00000040: 00 00 00 00 00 00 24 41 00 00 00 00 00 00 24 42  ......$A......$B
[   35.151525] 00000050: 00 00 00 02 00 00 20 00 00 00 00 01 00 00 00 00  ...... .........
[   35.152024] 00000060: 00 00 12 00 b4 b5 02 00 04 00 00 02 00 00 00 00  ................
[   35.152523] 00000070: 00 00 00 00 00 00 00 00 0b 09 0a 01 0d 00 00 32  ...............2
[   35.153074] XFS (loop1): Metadata CRC error detected at xfs_sb_read_verify+0x364/0x460, xfs_sb block 0x0 
[   35.153694] XFS (loop1): Unmount and run xfs_repair
[   35.154010] XFS (loop1): First 128 bytes of corrupted metadata buffer:
[   35.154440] 00000000: 58 46 53 42 00 00 08 00 00 00 00 00 00 00 20 00  XFSB.......... .
[   35.154958] 00000010: 00 00 00 00 00 00 00 00 00 00 00 00 00 00 00 00  ................
[   35.155461] 00000020: bf dc 47 fc 10 d8 4e ed a5 62 11 a8 31 b3 f7 91  ..G...N..b..1...
[   35.155962] 00000030: 00 00 00 00 00 00 00 20 00 00 00 00 00 00 24 40  ....... ......$@
[   35.156464] 00000040: 00 00 00 00 00 00 24 41 00 00 00 00 00 00 24 42  ......$A......$B
[   35.156976] 00000050: 00 00 00 02 00 00 20 00 00 00 00 01 00 00 00 00  ...... .........
[   35.157481] 00000060: 00 00 12 00 b4 b5 02 00 04 00 00 02 00 00 00 00  ................
[   35.157987] 00000070: 00 00 00 00 00 00 00 00 0b 09 0a 01 0d 00 00 32  ...............2
[   35.158560] XFS (loop7): Metadata CRC error detected at xfs_sb_read_verify+0x364/0x460, xfs_sb block 0x0 
[   35.159196] XFS (loop7): Unmount and run xfs_repair
[   35.159513] XFS (loop7): First 128 bytes of corrupted metadata buffer:
[   35.159948] 00000000: 58 46 53 42 00 00 08 00 00 00 00 00 00 00 20 00  XFSB.......... .
[   35.160450] 00000010: 00 00 00 00 00 00 00 00 00 00 00 00 00 00 00 00  ................
[   35.160959] 00000020: bf dc 47 fc 10 d8 4e ed a5 62 11 a8 31 b3 f7 91  ..G...N..b..1...
[   35.161458] 00000030: 00 00 00 00 00 00 00 20 00 00 00 00 00 00 24 40  ....... ......$@
[   35.161957] 00000040: 00 00 00 00 00 00 24 41 00 00 00 00 00 00 24 42  ......$A......$B
[   35.162455] 00000050: 00 00 00 02 00 00 20 00 00 00 00 01 00 00 00 00  ...... .........
[   35.162965] 00000060: 00 00 12 00 b4 b5 02 00 04 00 00 02 00 00 00 00  ................
[   35.163465] 00000070: 00 00 00 00 00 00 00 00 0b 09 0a 01 0d 00 00 32  ...............2
[   35.164078] XFS (loop1): SB validate failed with error -74.
[   35.164520] XFS (loop3): SB validate failed with error -74.
[   35.164930] XFS (loop7): SB validate failed with error -74.
[   35.166701] XFS (loop4): Metadata CRC error detected at xfs_sb_read_verify+0x364/0x460, xfs_sb block 0x0 
[   35.167317] XFS (loop4): Unmount and run xfs_repair
[   35.167649] XFS (loop4): First 128 bytes of corrupted metadata buffer:
[   35.168071] 00000000: 58 46 53 42 00 00 08 00 00 00 00 00 00 00 20 00  XFSB.......... .
[   35.168568] 00000010: 00 00 00 00 00 00 00 00 00 00 00 00 00 00 00 00  ................
[   35.169073] 00000020: bf dc 47 fc 10 d8 4e ed a5 62 11 a8 31 b3 f7 91  ..G...N..b..1...
[   35.169571] 00000030: 00 00 00 00 00 00 00 20 00 00 00 00 00 00 24 40  ....... ......$@
[   35.170072] 00000040: 00 00 00 00 00 00 24 41 00 00 00 00 00 00 24 42  ......$A......$B
[   35.170567] 00000050: 00 00 00 02 00 00 20 00 00 00 00 01 00 00 00 00  ...... .........
[   35.171078] 00000060: 00 00 12 00 b4 b5 02 00 04 00 00 02 00 00 00 00  ................
[   35.171573] 00000070: 00 00 00 00 00 00 00 00 0b 09 0a 01 0d 00 00 32  ...............2
[   35.172571] XFS (loop6): Metadata CRC error detected at xfs_sb_read_verify+0x364/0x460, xfs_sb block 0x0 
[   35.173188] XFS (loop6): Unmount and run xfs_repair
[   35.173518] XFS (loop6): First 128 bytes of corrupted metadata buffer:
[   35.173937] 00000000: 58 46 53 42 00 00 08 00 00 00 00 00 00 00 20 00  XFSB.......... .
[   35.174434] 00000010: 00 00 00 00 00 00 00 00 00 00 00 00 00 00 00 00  ................
[   35.174968] 00000020: bf dc 47 fc 10 d8 4e ed a5 62 11 a8 31 b3 f7 91  ..G...N..b..1...
[   35.175469] 00000030: 00 00 00 00 00 00 00 20 00 00 00 00 00 00 24 40  ....... ......$@
[   35.175960] 00000040: 00 00 00 00 00 00 24 41 00 00 00 00 00 00 24 42  ......$A......$B
[   35.176451] 00000050: 00 00 00 02 00 00 20 00 00 00 00 01 00 00 00 00  ...... .........
[   35.176956] 00000060: 00 00 12 00 b4 b5 02 00 04 00 00 02 00 00 00 00  ................
[   35.177455] 00000070: 00 00 00 00 00 00 00 00 0b 09 0a 01 0d 00 00 32  ...............2
[   35.178240] XFS (loop2): Metadata CRC error detected at xfs_sb_read_verify+0x364/0x460, xfs_sb block 0x0 
[   35.178911] XFS (loop2): Unmount and run xfs_repair
[   35.179249] XFS (loop2): First 128 bytes of corrupted metadata buffer:
[   35.179663] 00000000: 58 46 53 42 00 00 08 00 00 00 00 00 00 00 20 00  XFSB.......... .
[   35.180161] 00000010: 00 00 00 00 00 00 00 00 00 00 00 00 00 00 00 00  ................
[   35.180660] 00000020: bf dc 47 fc 10 d8 4e ed a5 62 11 a8 31 b3 f7 91  ..G...N..b..1...
[   35.181168] 00000030: 00 00 00 00 00 00 00 20 00 00 00 00 00 00 24 40  ....... ......$@
[   35.181666] 00000040: 00 00 00 00 00 00 24 41 00 00 00 00 00 00 24 42  ......$A......$B
[   35.182164] 00000050: 00 00 00 02 00 00 20 00 00 00 00 01 00 00 00 00  ...... .........
[   35.182678] 00000060: 00 00 12 00 b4 b5 02 00 04 00 00 02 00 00 00 00  ................
[   35.183177] 00000070: 00 00 00 00 00 00 00 00 0b 09 0a 01 0d 00 00 32  ...............2
[   35.188218] XFS (loop6): SB validate failed with error -74.
[   35.189046] XFS (loop0): Metadata CRC error detected at xfs_sb_read_verify+0x364/0x460, xfs_sb block 0x0 
[   35.189677] XFS (loop0): Unmount and run xfs_repair
[   35.189993] XFS (loop0): First 128 bytes of corrupted metadata buffer:
[   35.190420] 00000000: 58 46 53 42 00 00 08 00 00 00 00 00 00 00 20 00  XFSB.......... .
[   35.190946] 00000010: 00 00 00 00 00 00 00 00 00 00 00 00 00 00 00 00  ................
[   35.191448] 00000020: bf dc 47 fc 10 d8 4e ed a5 62 11 a8 31 b3 f7 91  ..G...N..b..1...
[   35.191948] 00000030: 00 00 00 00 00 00 00 20 00 00 00 00 00 00 24 40  ....... ......$@
[   35.192448] 00000040: 00 00 00 00 00 00 24 41 00 00 00 00 00 00 24 42  ......$A......$B
[   35.192955] 00000050: 00 00 00 02 00 00 20 00 00 00 00 01 00 00 00 00  ...... .........
[   35.193454] 00000060: 00 00 12 00 b4 b5 02 00 04 00 00 02 00 00 00 00  ................
[   35.193953] 00000070: 00 00 00 00 00 00 00 00 0b 09 0a 01 0d 00 00 32  ...............2
[   35.228911] XFS (loop4): SB validate failed with error -74.
[   35.243635] XFS (loop2): SB validate failed with error -74.
[   35.250786] XFS (loop0): SB validate failed with error -74.
[   35.805713] XFS (loop6): Metadata CRC error detected at xfs_sb_read_verify+0x364/0x460, xfs_sb block 0x0 
[   35.806760] XFS (loop6): Unmount and run xfs_repair
[   35.807235] XFS (loop6): First 128 bytes of corrupted metadata buffer:
[   35.807841] 00000000: 58 46 53 42 00 00 08 00 00 00 00 00 00 00 20 00  XFSB.......... .
[   35.808571] 00000010: 00 00 00 00 00 00 00 00 00 00 00 00 00 00 00 00  ................
[   35.809320] 00000020: bf dc 47 fc 10 d8 4e ed a5 62 11 a8 31 b3 f7 91  ..G...N..b..1...
[   35.810063] 00000030: 00 00 00 00 00 00 00 20 00 00 00 00 00 00 24 40  ....... ......$@
[   35.810894] 00000040: 00 00 00 00 00 00 24 41 00 00 00 00 00 00 24 42  ......$A......$B
[   35.811651] 00000050: 00 00 00 02 00 00 20 00 00 00 00 01 00 00 00 00  ...... .........
[   35.812398] 00000060: 00 00 12 00 b4 b5 02 00 04 00 00 02 00 00 00 00  ................
[   35.813146] 00000070: 00 00 00 00 00 00 00 00 0b 09 0a 01 0d 00 00 32  ...............2
[   35.814318] XFS (loop6): SB validate failed with error -74.
[   35.815811] XFS (loop5): Metadata CRC error detected at xfs_sb_read_verify+0x364/0x460, xfs_sb block 0x0 
[   35.816750] XFS (loop5): Unmount and run xfs_repair
[   35.817227] XFS (loop5): First 128 bytes of corrupted metadata buffer:
[   35.817844] 00000000: 58 46 53 42 00 00 08 00 00 00 00 00 00 00 20 00  XFSB.......... .
[   35.818587] 00000010: 00 00 00 00 00 00 00 00 00 00 00 00 00 00 00 00  ................
[   35.819372] 00000020: bf dc 47 fc 10 d8 4e ed a5 62 11 a8 31 b3 f7 91  ..G...N..b..1...
[   35.820109] 00000030: 00 00 00 00 00 00 00 20 00 00 00 00 00 00 24 40  ....... ......$@
[   35.820886] 00000040: 00 00 00 00 00 00 24 41 00 00 00 00 00 00 24 42  ......$A......$B
[   35.821696] 00000050: 00 00 00 02 00 00 20 00 00 00 00 01 00 00 00 00  ...... .........
[   35.822449] 00000060: 00 00 12 00 b4 b5 02 00 04 00 00 02 00 00 00 00  ................
[   35.823268] 00000070: 00 00 00 00 00 00 00 00 0b 09 0a 01 0d 00 00 32  ...............2
[   35.824301] XFS (loop0): Metadata CRC error detected at xfs_sb_read_verify+0x364/0x460, xfs_sb block 0x0 
[   35.825212] XFS (loop0): Unmount and run xfs_repair
[   35.825695] XFS (loop0): First 128 bytes of corrupted metadata buffer:
[   35.826315] 00000000: 58 46 53 42 00 00 08 00 00 00 00 00 00 00 20 00  XFSB.......... .
[   35.827082] 00000010: 00 00 00 00 00 00 00 00 00 00 00 00 00 00 00 00  ................
[   35.827834] 00000020: bf dc 47 fc 10 d8 4e ed a5 62 11 a8 31 b3 f7 91  ..G...N..b..1...
[   35.828586] 00000030: 00 00 00 00 00 00 00 20 00 00 00 00 00 00 24 40  ....... ......$@
[   35.829332] 00000040: 00 00 00 00 00 00 24 41 00 00 00 00 00 00 24 42  ......$A......$B
[   35.830073] 00000050: 00 00 00 02 00 00 20 00 00 00 00 01 00 00 00 00  ...... .........
[   35.830836] 00000060: 00 00 12 00 b4 b5 02 00 04 00 00 02 00 00 00 00  ................
[   35.831578] 00000070: 00 00 00 00 00 00 00 00 0b 09 0a 01 0d 00 00 32  ...............2
[   35.832549] XFS (loop4): Metadata CRC error detected at xfs_sb_read_verify+0x364/0x460, xfs_sb block 0x0 
[   35.833482] XFS (loop4): Unmount and run xfs_repair
[   35.833964] XFS (loop4): First 128 bytes of corrupted metadata buffer:
[   35.834593] 00000000: 58 46 53 42 00 00 08 00 00 00 00 00 00 00 20 00  XFSB.......... .
[   35.835161] XFS (loop1): Metadata CRC error detected at xfs_sb_read_verify+0x364/0x460, xfs_sb block 0x0 
[   35.835464] 00000010: 00 00 00 00 00 00 00 00 00 00 00 00 00 00 00 00  ................
[   35.836669] XFS (loop1): Unmount and run xfs_repair
[   35.837370] 00000020: bf dc 47 fc 10 d8 4e ed a5 62 11 a8 31 b3 f7 91  ..G...N..b..1...
[   35.837989] XFS (loop1): First 128 bytes of corrupted metadata buffer:
[   35.838727] 00000030: 00 00 00 00 00 00 00 20 00 00 00 00 00 00 24 40  ....... ......$@
[   35.838736] 00000040: 00 00 00 00 00 00 24 41 00 00 00 00 00 00 24 42  ......$A......$B
[   35.839547] 00000000: 58 46 53 42 00 00 08 00 00 00 00 00 00 00 20 00  XFSB.......... .
[   35.840262] 00000050: 00 00 00 02 00 00 20 00 00 00 00 01 00 00 00 00  ...... .........
[   35.841249] 00000010: 00 00 00 00 00 00 00 00 00 00 00 00 00 00 00 00  ................
[   35.841968] 00000060: 00 00 12 00 b4 b5 02 00 04 00 00 02 00 00 00 00  ................
[   35.842972] 00000020: bf dc 47 fc 10 d8 4e ed a5 62 11 a8 31 b3 f7 91  ..G...N..b..1...
[   35.843689] 00000070: 00 00 00 00 00 00 00 00 0b 09 0a 01 0d 00 00 32  ...............2
[   35.844670] 00000030: 00 00 00 00 00 00 00 20 00 00 00 00 00 00 24 40  ....... ......$@
[   35.845535] XFS (loop4): SB validate failed with error -74.
[   35.846378] 00000040: 00 00 00 00 00 00 24 41 00 00 00 00 00 00 24 42  ......$A......$B
[   35.848829] 00000050: 00 00 00 02 00 00 20 00 00 00 00 01 00 00 00 00  ...... .........
[   35.849838] 00000060: 00 00 12 00 b4 b5 02 00 04 00 00 02 00 00 00 00  ................
[   35.850878] 00000070: 00 00 00 00 00 00 00 00 0b 09 0a 01 0d 00 00 32  ...............2
[   35.874328] XFS (loop3): Metadata CRC error detected at xfs_sb_read_verify+0x364/0x460, xfs_sb block 0x0 
[   35.875762] XFS (loop3): Unmount and run xfs_repair
[   35.876417] XFS (loop3): First 128 bytes of corrupted metadata buffer:
[   35.877260] 00000000: 58 46 53 42 00 00 08 00 00 00 00 00 00 00 20 00  XFSB.......... .
[   35.878263] 00000010: 00 00 00 00 00 00 00 00 00 00 00 00 00 00 00 00  ................
[   35.879387] 00000020: bf dc 47 fc 10 d8 4e ed a5 62 11 a8 31 b3 f7 91  ..G...N..b..1...
[   35.880815] 00000030: 00 00 00 00 00 00 00 20 00 00 00 00 00 00 24 40  ....... ......$@
[   35.882466] 00000040: 00 00 00 00 00 00 24 41 00 00 00 00 00 00 24 42  ......$A......$B
[   35.884020] 00000050: 00 00 00 02 00 00 20 00 00 00 00 01 00 00 00 00  ...... .........
[   35.885484] 00000060: 00 00 12 00 b4 b5 02 00 04 00 00 02 00 00 00 00  ................
[   35.886715] 00000070: 00 00 00 00 00 00 00 00 0b 09 0a 01 0d 00 00 32  ...............2
[   35.895133] XFS (loop0): SB validate failed with error -74.
[   35.896679] XFS (loop5): SB validate failed with error -74.
[   35.906184] XFS (loop2): Metadata CRC error detected at xfs_sb_read_verify+0x364/0x460, xfs_sb block 0x0 
[   35.907567] XFS (loop2): Unmount and run xfs_repair
[   35.908208] XFS (loop2): First 128 bytes of corrupted metadata buffer:
[   35.909048] 00000000: 58 46 53 42 00 00 08 00 00 00 00 00 00 00 20 00  XFSB.......... .
[   35.910057] 00000010: 00 00 00 00 00 00 00 00 00 00 00 00 00 00 00 00  ................
[   35.911172] 00000020: bf dc 47 fc 10 d8 4e ed a5 62 11 a8 31 b3 f7 91  ..G...N..b..1...
[   35.912195] 00000030: 00 00 00 00 00 00 00 20 00 00 00 00 00 00 24 40  ....... ......$@
[   35.913213] 00000040: 00 00 00 00 00 00 24 41 00 00 00 00 00 00 24 42  ......$A......$B
[   35.914245] 00000050: 00 00 00 02 00 00 20 00 00 00 00 01 00 00 00 00  ...... .........
[   35.915350] 00000060: 00 00 12 00 b4 b5 02 00 04 00 00 02 00 00 00 00  ................
[   35.916359] 00000070: 00 00 00 00 00 00 00 00 0b 09 0a 01 0d 00 00 32  ...............2
[   35.929062] XFS (loop7): Metadata CRC error detected at xfs_sb_read_verify+0x364/0x460, xfs_sb block 0x0 
[   35.929820] XFS (loop7): Unmount and run xfs_repair
[   35.930164] XFS (loop7): First 128 bytes of corrupted metadata buffer:
[   35.930701] 00000000: 58 46 53 42 00 00 08 00 00 00 00 00 00 00 20 00  XFSB.......... .
[   35.931261] 00000010: 00 00 00 00 00 00 00 00 00 00 00 00 00 00 00 00  ................
[   35.931941] 00000020: bf dc 47 fc 10 d8 4e ed a5 62 11 a8 31 b3 f7 91  ..G...N..b..1...
[   35.932521] 00000030: 00 00 00 00 00 00 00 20 00 00 00 00 00 00 24 40  ....... ......$@
[   35.933080] 00000040: 00 00 00 00 00 00 24 41 00 00 00 00 00 00 24 42  ......$A......$B
[   35.933637] 00000050: 00 00 00 02 00 00 20 00 00 00 00 01 00 00 00 00  ...... .........
[   35.934193] 00000060: 00 00 12 00 b4 b5 02 00 04 00 00 02 00 00 00 00  ................
[   35.934822] 00000070: 00 00 00 00 00 00 00 00 0b 09 0a 01 0d 00 00 32  ...............2
[   35.934900] XFS (loop2): SB validate failed with error -74.
[   35.943305] XFS (loop3): SB validate failed with error -74.
[   35.944258] XFS (loop1): SB validate failed with error -74.
[   35.983831] XFS (loop7): SB validate failed with error -74.
[   36.443469] XFS (loop2): Metadata CRC error detected at xfs_sb_read_verify+0x364/0x460, xfs_sb block 0x0 
[   36.444132] XFS (loop2): Unmount and run xfs_repair
[   36.444482] XFS (loop2): First 128 bytes of corrupted metadata buffer:
[   36.444907] 00000000: 58 46 53 42 00 00 08 00 00 00 00 00 00 00 20 00  XFSB.......... .
[   36.445405] 00000010: 00 00 00 00 00 00 00 00 00 00 00 00 00 00 00 00  ................
[   36.445914] 00000020: bf dc 47 fc 10 d8 4e ed a5 62 11 a8 31 b3 f7 91  ..G...N..b..1...
[   36.446424] 00000030: 00 00 00 00 00 00 00 20 00 00 00 00 00 00 24 40  ....... ......$@
[   36.446957] 00000040: 00 00 00 00 00 00 24 41 00 00 00 00 00 00 24 42  ......$A......$B
[   36.447485] 00000050: 00 00 00 02 00 00 20 00 00 00 00 01 00 00 00 00  ...... .........
[   36.448002] 00000060: 00 00 12 00 b4 b5 02 00 04 00 00 02 00 00 00 00  ................
[   36.448594] 00000070: 00 00 00 00 00 00 00 00 0b 09 0a 01 0d 00 00 32  ...............2
[   36.451525] XFS (loop4): Metadata CRC error detected at xfs_sb_read_verify+0x364/0x460, xfs_sb block 0x0 
[   36.452207] XFS (loop4): Unmount and run xfs_repair
[   36.452539] XFS (loop4): First 128 bytes of corrupted metadata buffer:
[   36.452982] 00000000: 58 46 53 42 00 00 08 00 00 00 00 00 00 00 20 00  XFSB.......... .
[   36.453497] 00000010: 00 00 00 00 00 00 00 00 00 00 00 00 00 00 00 00  ................
[   36.454011] 00000020: bf dc 47 fc 10 d8 4e ed a5 62 11 a8 31 b3 f7 91  ..G...N..b..1...
[   36.454529] 00000030: 00 00 00 00 00 00 00 20 00 00 00 00 00 00 24 40  ....... ......$@
[   36.455123] 00000040: 00 00 00 00 00 00 24 41 00 00 00 00 00 00 24 42  ......$A......$B
[   36.455634] 00000050: 00 00 00 02 00 00 20 00 00 00 00 01 00 00 00 00  ...... .........
[   36.456142] 00000060: 00 00 12 00 b4 b5 02 00 04 00 00 02 00 00 00 00  ................
[   36.456654] 00000070: 00 00 00 00 00 00 00 00 0b 09 0a 01 0d 00 00 32  ...............2
[   36.461214] XFS (loop0): Metadata CRC error detected at xfs_sb_read_verify+0x364/0x460, xfs_sb block 0x0 
[   36.461918] XFS (loop0): Unmount and run xfs_repair
[   36.462241] XFS (loop0): First 128 bytes of corrupted metadata buffer:
[   36.462689] 00000000: 58 46 53 42 00 00 08 00 00 00 00 00 00 00 20 00  XFSB.......... .
[   36.463204] 00000010: 00 00 00 00 00 00 00 00 00 00 00 00 00 00 00 00  ................
[   36.463718] 00000020: bf dc 47 fc 10 d8 4e ed a5 62 11 a8 31 b3 f7 91  ..G...N..b..1...
[   36.464243] 00000030: 00 00 00 00 00 00 00 20 00 00 00 00 00 00 24 40  ....... ......$@
[   36.464770] 00000040: 00 00 00 00 00 00 24 41 00 00 00 00 00 00 24 42  ......$A......$B
[   36.465300] 00000050: 00 00 00 02 00 00 20 00 00 00 00 01 00 00 00 00  ...... .........
[   36.465827] 00000060: 00 00 12 00 b4 b5 02 00 04 00 00 02 00 00 00 00  ................
[   36.466348] 00000070: 00 00 00 00 00 00 00 00 0b 09 0a 01 0d 00 00 32  ...............2
[   36.474894] XFS (loop2): SB validate failed with error -74.
[   36.475610] XFS (loop7): Metadata CRC error detected at xfs_sb_read_verify+0x364/0x460, xfs_sb block 0x0 
[   36.476285] XFS (loop7): Unmount and run xfs_repair
[   36.476619] XFS (loop7): First 128 bytes of corrupted metadata buffer:
[   36.477056] 00000000: 58 46 53 42 00 00 08 00 00 00 00 00 00 00 20 00  XFSB.......... .
[   36.477572] 00000010: 00 00 00 00 00 00 00 00 00 00 00 00 00 00 00 00  ................
[   36.478085] 00000020: bf dc 47 fc 10 d8 4e ed a5 62 11 a8 31 b3 f7 91  ..G...N..b..1...
[   36.478599] 00000030: 00 00 00 00 00 00 00 20 00 00 00 00 00 00 24 40  ....... ......$@
[   36.479185] 00000040: 00 00 00 00 00 00 24 41 00 00 00 00 00 00 24 42  ......$A......$B
[   36.479701] 00000050: 00 00 00 02 00 00 20 00 00 00 00 01 00 00 00 00  ...... .........
[   36.480214] 00000060: 00 00 12 00 b4 b5 02 00 04 00 00 02 00 00 00 00  ................
[   36.480729] 00000070: 00 00 00 00 00 00 00 00 0b 09 0a 01 0d 00 00 32  ...............2
[   36.489505] XFS (loop4): SB validate failed with error -74.
[   36.493122] XFS (loop6): Metadata CRC error detected at xfs_sb_read_verify+0x364/0x460, xfs_sb block 0x0 
[   36.493800] XFS (loop6): Unmount and run xfs_repair
[   36.494131] XFS (loop6): First 128 bytes of corrupted metadata buffer:
[   36.494551] 00000000: 58 46 53 42 00 00 08 00 00 00 00 00 00 00 20 00  XFSB.......... .
[   36.495094] 00000010: 00 00 00 00 00 00 00 00 00 00 00 00 00 00 00 00  ................
[   36.495617] 00000020: bf dc 47 fc 10 d8 4e ed a5 62 11 a8 31 b3 f7 91  ..G...N..b..1...
[   36.496140] 00000030: 00 00 00 00 00 00 00 20 00 00 00 00 00 00 24 40  ....... ......$@
[   36.496661] 00000040: 00 00 00 00 00 00 24 41 00 00 00 00 00 00 24 42  ......$A......$B
[   36.497190] 00000050: 00 00 00 02 00 00 20 00 00 00 00 01 00 00 00 00  ...... .........
[   36.497715] 00000060: 00 00 12 00 b4 b5 02 00 04 00 00 02 00 00 00 00  ................
[   36.498242] 00000070: 00 00 00 00 00 00 00 00 0b 09 0a 01 0d 00 00 32  ...............2
[   36.523111] XFS (loop0): SB validate failed with error -74.
[   36.524586] XFS (loop3): Metadata CRC error detected at xfs_sb_read_verify+0x364/0x460, xfs_sb block 0x0 
[   36.525300] XFS (loop3): Unmount and run xfs_repair
[   36.525692] XFS (loop3): First 128 bytes of corrupted metadata buffer:
[   36.526151] 00000000: 58 46 53 42 00 00 08 00 00 00 00 00 00 00 20 00  XFSB.......... .
[   36.526811] 00000010: 00 00 00 00 00 00 00 00 00 00 00 00 00 00 00 00  ................
[   36.527399] 00000020: bf dc 47 fc 10 d8 4e ed a5 62 11 a8 31 b3 f7 91  ..G...N..b..1...
[   36.527977] 00000030: 00 00 00 00 00 00 00 20 00 00 00 00 00 00 24 40  ....... ......$@
[   36.528537] 00000040: 00 00 00 00 00 00 24 41 00 00 00 00 00 00 24 42  ......$A......$B
[   36.529084] 00000050: 00 00 00 02 00 00 20 00 00 00 00 01 00 00 00 00  ...... .........
[   36.529602] 00000060: 00 00 12 00 b4 b5 02 00 04 00 00 02 00 00 00 00  ................
[   36.530126] 00000070: 00 00 00 00 00 00 00 00 0b 09 0a 01 0d 00 00 32  ...............2
[   36.534867] XFS (loop7): SB validate failed with error -74.
[   36.559612] XFS (loop5): Metadata CRC error detected at xfs_sb_read_verify+0x364/0x460, xfs_sb block 0x0 
[   36.560979] XFS (loop5): Unmount and run xfs_repair
[   36.561648] XFS (loop5): First 128 bytes of corrupted metadata buffer:
[   36.562518] 00000000: 58 46 53 42 00 00 08 00 00 00 00 00 00 00 20 00  XFSB.......... .
[   36.563629] 00000010: 00 00 00 00 00 00 00 00 00 00 00 00 00 00 00 00  ................
[   36.564678] 00000020: bf dc 47 fc 10 d8 4e ed a5 62 11 a8 31 b3 f7 91  ..G...N..b..1...
[   36.565732] 00000030: 00 00 00 00 00 00 00 20 00 00 00 00 00 00 24 40  ....... ......$@
[   36.566805] 00000040: 00 00 00 00 00 00 24 41 00 00 00 00 00 00 24 42  ......$A......$B
[   36.567856] 00000050: 00 00 00 02 00 00 20 00 00 00 00 01 00 00 00 00  ...... .........
[   36.568908] 00000060: 00 00 12 00 b4 b5 02 00 04 00 00 02 00 00 00 00  ................
[   36.569965] 00000070: 00 00 00 00 00 00 00 00 0b 09 0a 01 0d 00 00 32  ...............2
[   36.570111] XFS (loop6): SB validate failed with error -74.
[   36.573979] XFS (loop5): SB validate failed with error -74.
[   36.575437] XFS (loop1): Metadata CRC error detected at xfs_sb_read_verify+0x364/0x460, xfs_sb block 0x0 
[   36.576086] XFS (loop1): Unmount and run xfs_repair
[   36.576409] XFS (loop1): First 128 bytes of corrupted metadata buffer:
[   36.576856] 00000000: 58 46 53 42 00 00 08 00 00 00 00 00 00 00 20 00  XFSB.......... .
[   36.577366] 00000010: 00 00 00 00 00 00 00 00 00 00 00 00 00 00 00 00  ................
[   36.577870] 00000020: bf dc 47 fc 10 d8 4e ed a5 62 11 a8 31 b3 f7 91  ..G...N..b..1...
[   36.578377] 00000030: 00 00 00 00 00 00 00 20 00 00 00 00 00 00 24 40  ....... ......$@
[   36.578921] 00000040: 00 00 00 00 00 00 24 41 00 00 00 00 00 00 24 42  ......$A......$B
[   36.579432] 00000050: 00 00 00 02 00 00 20 00 00 00 00 01 00 00 00 00  ...... .........
[   36.579944] 00000060: 00 00 12 00 b4 b5 02 00 04 00 00 02 00 00 00 00  ................
[   36.580454] 00000070: 00 00 00 00 00 00 00 00 0b 09 0a 01 0d 00 00 32  ...............2
[   36.581283] XFS (loop1): SB validate failed with error -74.
[   36.585014] XFS (loop3): SB validate failed with error -74.
[   37.152342] XFS (loop0): Metadata CRC error detected at xfs_sb_read_verify+0x364/0x460, xfs_sb block 0x0 
[   37.153381] XFS (loop0): Unmount and run xfs_repair
[   37.153838] XFS (loop0): First 128 bytes of corrupted metadata buffer:
[   37.154447] 00000000: 58 46 53 42 00 00 08 00 00 00 00 00 00 00 20 00  XFSB.......... .
[   37.155156] 00000010: 00 00 00 00 00 00 00 00 00 00 00 00 00 00 00 00  ................
[   37.155823] 00000020: bf dc 47 fc 10 d8 4e ed a5 62 11 a8 31 b3 f7 91  ..G...N..b..1...
[   37.157812] 00000030: 00 00 00 00 00 00 00 20 00 00 00 00 00 00 24 40  ....... ......$@
[   37.160542] 00000040: 00 00 00 00 00 00 24 41 00 00 00 00 00 00 24 42  ......$A......$B
[   37.163270] 00000050: 00 00 00 02 00 00 20 00 00 00 00 01 00 00 00 00  ...... .........
[   37.165625] 00000060: 00 00 12 00 b4 b5 02 00 04 00 00 02 00 00 00 00  ................
[   37.167698] 00000070: 00 00 00 00 00 00 00 00 0b 09 0a 01 0d 00 00 32  ...............2
[   37.171257] XFS (loop0): SB validate failed with error -74.
[   37.181519] XFS (loop5): Metadata CRC error detected at xfs_sb_read_verify+0x364/0x460, xfs_sb block 0x0 
[   37.182981] XFS (loop5): Unmount and run xfs_repair
[   37.183684] XFS (loop5): First 128 bytes of corrupted metadata buffer:
[   37.184606] 00000000: 58 46 53 42 00 00 08 00 00 00 00 00 00 00 20 00  XFSB.......... .
[   37.185719] 00000010: 00 00 00 00 00 00 00 00 00 00 00 00 00 00 00 00  ................
[   37.187216] 00000020: bf dc 47 fc 10 d8 4e ed a5 62 11 a8 31 b3 f7 91  ..G...N..b..1...
[   37.188326] 00000030: 00 00 00 00 00 00 00 20 00 00 00 00 00 00 24 40  ....... ......$@
[   37.189443] 00000040: 00 00 00 00 00 00 24 41 00 00 00 00 00 00 24 42  ......$A......$B
[   37.190557] 00000050: 00 00 00 02 00 00 20 00 00 00 00 01 00 00 00 00  ...... .........
[   37.191776] 00000060: 00 00 12 00 b4 b5 02 00 04 00 00 02 00 00 00 00  ................
[   37.192932] 00000070: 00 00 00 00 00 00 00 00 0b 09 0a 01 0d 00 00 32  ...............2
[   37.195210] XFS (loop3): Metadata CRC error detected at xfs_sb_read_verify+0x364/0x460, xfs_sb block 0x0 
[   37.196615] XFS (loop3): Unmount and run xfs_repair
[   37.197467] XFS (loop3): First 128 bytes of corrupted metadata buffer:
[   37.198600] 00000000: 58 46 53 42 00 00 08 00 00 00 00 00 00 00 20 00  XFSB.......... .
[   37.199841] 00000010: 00 00 00 00 00 00 00 00 00 00 00 00 00 00 00 00  ................
[   37.201296] 00000020: bf dc 47 fc 10 d8 4e ed a5 62 11 a8 31 b3 f7 91  ..G...N..b..1...
[   37.202403] 00000030: 00 00 00 00 00 00 00 20 00 00 00 00 00 00 24 40  ....... ......$@
[   37.203562] 00000040: 00 00 00 00 00 00 24 41 00 00 00 00 00 00 24 42  ......$A......$B
[   37.204672] 00000050: 00 00 00 02 00 00 20 00 00 00 00 01 00 00 00 00  ...... .........
[   37.205777] 00000060: 00 00 12 00 b4 b5 02 00 04 00 00 02 00 00 00 00  ................
[   37.206917] 00000070: 00 00 00 00 00 00 00 00 0b 09 0a 01 0d 00 00 32  ...............2
[   37.209093] XFS (loop1): Metadata CRC error detected at xfs_sb_read_verify+0x364/0x460, xfs_sb block 0x0 
[   37.209902] XFS (loop1): Unmount and run xfs_repair
[   37.210020] XFS (loop7): Metadata CRC error detected at xfs_sb_read_verify+0x364/0x460, xfs_sb block 0x0 
[   37.210293] XFS (loop1): First 128 bytes of corrupted metadata buffer:
[   37.211698] XFS (loop7): Unmount and run xfs_repair
[   37.211711] XFS (loop7): First 128 bytes of corrupted metadata buffer:
[   37.212219] 00000000: 58 46 53 42 00 00 08 00 00 00 00 00 00 00 20 00  XFSB.......... .
[   37.212927] 00000000: 58 46 53 42 00 00 08 00 00 00 00 00 00 00 20 00  XFSB.......... .
[   37.213481] 00000010: 00 00 00 00 00 00 00 00 00 00 00 00 00 00 00 00  ................
[   37.214596] 00000010: 00 00 00 00 00 00 00 00 00 00 00 00 00 00 00 00  ................
[   37.215321] 00000020: bf dc 47 fc 10 d8 4e ed a5 62 11 a8 31 b3 f7 91  ..G...N..b..1...
[   37.216413] 00000020: bf dc 47 fc 10 d8 4e ed a5 62 11 a8 31 b3 f7 91  ..G...N..b..1...
[   37.217046] 00000030: 00 00 00 00 00 00 00 20 00 00 00 00 00 00 24 40  ....... ......$@
[   37.218141] 00000030: 00 00 00 00 00 00 00 20 00 00 00 00 00 00 24 40  ....... ......$@
[   37.218844] 00000040: 00 00 00 00 00 00 24 41 00 00 00 00 00 00 24 42  ......$A......$B
[   37.219899] 00000040: 00 00 00 00 00 00 24 41 00 00 00 00 00 00 24 42  ......$A......$B
[   37.220520] 00000050: 00 00 00 02 00 00 20 00 00 00 00 01 00 00 00 00  ...... .........
[   37.221624] 00000050: 00 00 00 02 00 00 20 00 00 00 00 01 00 00 00 00  ...... .........
[   37.222250] 00000060: 00 00 12 00 b4 b5 02 00 04 00 00 02 00 00 00 00  ................
[   37.223465] 00000060: 00 00 12 00 b4 b5 02 00 04 00 00 02 00 00 00 00  ................
[   37.224090] 00000070: 00 00 00 00 00 00 00 00 0b 09 0a 01 0d 00 00 32  ...............2
[   37.225212] 00000070: 00 00 00 00 00 00 00 00 0b 09 0a 01 0d 00 00 32  ...............2
[   37.230654] XFS (loop1): SB validate failed with error -74.
[   37.236308] XFS (loop5): SB validate failed with error -74.
[   37.238873] XFS (loop4): Metadata CRC error detected at xfs_sb_read_verify+0x364/0x460, xfs_sb block 0x0 
[   37.239686] XFS (loop4): Unmount and run xfs_repair
[   37.240065] XFS (loop3): SB validate failed with error -74.
[   37.240151] XFS (loop7): SB validate failed with error -74.
[   37.240512] XFS (loop4): First 128 bytes of corrupted metadata buffer:
[   37.240523] 00000000: 58 46 53 42 00 00 08 00 00 00 00 00 00 00 20 00  XFSB.......... .
[   37.240531] 00000010: 00 00 00 00 00 00 00 00 00 00 00 00 00 00 00 00  ................
[   37.240539] 00000020: bf dc 47 fc 10 d8 4e ed a5 62 11 a8 31 b3 f7 91  ..G...N..b..1...
[   37.240546] 00000030: 00 00 00 00 00 00 00 20 00 00 00 00 00 00 24 40  ....... ......$@
