c[?7l[2J[0mSeaBIOS (version rel-1.16.0-0-gd239552ce722-prebuilt.qemu.org)


iPXE (http://ipxe.org) 00:03.0 CA00 PCI2.10 PnP PMM+7FF91000+7FEF1000 CA00
Press Ctrl-B to configure iPXE (PCI 00:03.0)...                                                                               


Booting from ROM..c[?7l[2J[    0.000000] Linux version 6.18.0-2a52cfb5d679+ (root@gnr-bkc) (gcc (GCC) 11.5.0 20240719 (Red Hat 11.5.0-14), GNU ld version 2.35.2-54.el9) #1 SMP PREEMPT_DYNAMIC Tue Dec  2 20:57:59 CST 2025
[    0.000000] Command line: console=ttyS0 root=/dev/sda earlyprintk=serial net.ifnames=0 thunderbolt.dyndbg
[    0.000000] KERNEL supported cpus:
[    0.000000]   Intel GenuineIntel
[    0.000000]   AMD AuthenticAMD
[    0.000000]   Hygon HygonGenuine
[    0.000000]   Centaur CentaurHauls
[    0.000000]   zhaoxin   Shanghai  
[    0.000000] x86/split lock detection: #DB: warning on user-space bus_locks
[    0.000000] BIOS-provided physical RAM map:
[    0.000000] BIOS-e820: [mem 0x0000000000000000-0x000000000009fbff] usable
[    0.000000] BIOS-e820: [mem 0x000000000009fc00-0x000000000009ffff] reserved
[    0.000000] BIOS-e820: [mem 0x00000000000f0000-0x00000000000fffff] reserved
[    0.000000] BIOS-e820: [mem 0x0000000000100000-0x000000007ffdffff] usable
[    0.000000] BIOS-e820: [mem 0x000000007ffe0000-0x000000007fffffff] reserved
[    0.000000] BIOS-e820: [mem 0x00000000feffc000-0x00000000feffffff] reserved
[    0.000000] BIOS-e820: [mem 0x00000000fffc0000-0x00000000ffffffff] reserved
[    0.000000] printk: legacy bootconsole [earlyser0] enabled
[    0.000000] NX (Execute Disable) protection: active
[    0.000000] APIC: Static calls initialized
[    0.000000] SMBIOS 2.8 present.
[    0.000000] DMI: QEMU Standard PC (i440FX + PIIX, 1996), BIOS rel-1.16.0-0-gd239552ce722-prebuilt.qemu.org 04/01/2014
[    0.000000] DMI: Memory slots populated: 1/1
[    0.000000] Hypervisor detected: KVM
[    0.000000] last_pfn = 0x7ffe0 max_arch_pfn = 0x10000000000
[    0.000000] kvm-clock: Using msrs 4b564d01 and 4b564d00
[    0.000003] kvm-clock: using sched offset of 665565360 cycles
[    0.000511] clocksource: kvm-clock: mask: 0xffffffffffffffff max_cycles: 0x1cd42e4dffb, max_idle_ns: 881590591483 ns
[    0.002099] tsc: Detected 1700.000 MHz processor
[    0.010869] last_pfn = 0x7ffe0 max_arch_pfn = 0x10000000000
[    0.011449] MTRR map: 4 entries (3 fixed + 1 variable; max 19), built from 8 variable MTRRs
[    0.012263] x86/PAT: Configuration [0-7]: WB  WC  UC- UC  WB  WP  UC- WT  
[    0.018382] found SMP MP-table at [mem 0x000f5ba0-0x000f5baf]
[    0.018986] Using GB pages for direct mapping
[    0.021568] ACPI: Early table checksum verification disabled
[    0.022131] ACPI: RSDP 0x00000000000F59C0 000014 (v00 BOCHS )
[    0.022719] ACPI: RSDT 0x000000007FFE1951 000034 (v01 BOCHS  BXPC     00000001 BXPC 00000001)
[    0.023575] ACPI: FACP 0x000000007FFE17FD 000074 (v01 BOCHS  BXPC     00000001 BXPC 00000001)
[    0.024440] ACPI: DSDT 0x000000007FFE0040 0017BD (v01 BOCHS  BXPC     00000001 BXPC 00000001)
[    0.025299] ACPI: FACS 0x000000007FFE0000 000040
[    0.025772] ACPI: APIC 0x000000007FFE1871 000080 (v01 BOCHS  BXPC     00000001 BXPC 00000001)
[    0.026628] ACPI: HPET 0x000000007FFE18F1 000038 (v01 BOCHS  BXPC     00000001 BXPC 00000001)
[    0.027488] ACPI: WAET 0x000000007FFE1929 000028 (v01 BOCHS  BXPC     00000001 BXPC 00000001)
[    0.028348] ACPI: Reserving FACP table memory at [mem 0x7ffe17fd-0x7ffe1870]
[    0.029046] ACPI: Reserving DSDT table memory at [mem 0x7ffe0040-0x7ffe17fc]
[    0.029745] ACPI: Reserving FACS table memory at [mem 0x7ffe0000-0x7ffe003f]
[    0.030441] ACPI: Reserving APIC table memory at [mem 0x7ffe1871-0x7ffe18f0]
[    0.031142] ACPI: Reserving HPET table memory at [mem 0x7ffe18f1-0x7ffe1928]
[    0.031841] ACPI: Reserving WAET table memory at [mem 0x7ffe1929-0x7ffe1950]
[    0.033392] No NUMA configuration found
[    0.033771] Faking a node at [mem 0x0000000000000000-0x000000007ffdffff]
[    0.034474] NODE_DATA(0) allocated [mem 0x7ffb4ec0-0x7ffdfcbf]
[    0.036133] Zone ranges:
[    0.036399]   DMA      [mem 0x0000000000001000-0x0000000000ffffff]
[    0.037010]   DMA32    [mem 0x0000000001000000-0x000000007ffdffff]
[    0.037617]   Normal   empty
[    0.037907]   Device   empty
[    0.038193] Movable zone start for each node
[    0.038625] Early memory node ranges
[    0.038976]   node   0: [mem 0x0000000000001000-0x000000000009efff]
[    0.039589]   node   0: [mem 0x0000000000100000-0x000000007ffdffff]
[    0.040206] Initmem setup node 0 [mem 0x0000000000001000-0x000000007ffdffff]
[    0.041209] On node 0, zone DMA: 1 pages in unavailable ranges
[    0.041971] On node 0, zone DMA: 97 pages in unavailable ranges
[    0.069165] On node 0, zone DMA32: 32 pages in unavailable ranges
[    0.124281] KernelAddressSanitizer initialized (generic)
[    0.125128] ACPI: PM-Timer IO Port: 0x608
[    0.125552] ACPI: LAPIC_NMI (acpi_id[0xff] dfl dfl lint[0x1])
[    0.126179] IOAPIC[0]: apic_id 0, version 17, address 0xfec00000, GSI 0-23
[    0.126875] ACPI: INT_SRC_OVR (bus 0 bus_irq 0 global_irq 2 dfl dfl)
[    0.127504] ACPI: INT_SRC_OVR (bus 0 bus_irq 5 global_irq 5 high level)
[    0.128163] ACPI: INT_SRC_OVR (bus 0 bus_irq 9 global_irq 9 high level)
[    0.128820] ACPI: INT_SRC_OVR (bus 0 bus_irq 10 global_irq 10 high level)
[    0.129490] ACPI: INT_SRC_OVR (bus 0 bus_irq 11 global_irq 11 high level)
[    0.130175] ACPI: Using ACPI (MADT) for SMP configuration information
[    0.130798] ACPI: HPET id: 0x8086a201 base: 0xfed00000
[    0.131306] TSC deadline timer available
[    0.131700] CPU topo: Max. logical packages:   1
[    0.132147] CPU topo: Max. logical dies:       1
[    0.132595] CPU topo: Max. dies per package:   1
[    0.133055] CPU topo: Max. threads per core:   1
[    0.133504] CPU topo: Num. cores per package:     2
[    0.133981] CPU topo: Num. threads per package:   2
[    0.134455] CPU topo: Allowing 2 present CPUs plus 0 hotplug CPUs
[    0.135096] kvm-guest: APIC: eoi() replaced with kvm_guest_apic_eoi_write()
[    0.135799] kvm-guest: KVM setup pv remote TLB flush
[    0.136281] kvm-guest: setup PV sched yield
[    0.136733] PM: hibernation: Registered nosave memory: [mem 0x00000000-0x00000fff]
[    0.137467] PM: hibernation: Registered nosave memory: [mem 0x0009f000-0x000fffff]
[    0.138207] [mem 0x80000000-0xfeffbfff] available for PCI devices
[    0.138803] Booting paravirtualized kernel on KVM
[    0.139264] clocksource: refined-jiffies: mask: 0xffffffff max_cycles: 0xffffffff, max_idle_ns: 7645519600211568 ns
[    0.140292] setup_percpu: NR_CPUS:8192 nr_cpumask_bits:2 nr_cpu_ids:2 nr_node_ids:1
[    0.141557] percpu: Embedded 80 pages/cpu s290816 r8192 d28672 u1048576
[    0.142394] kvm-guest: PV spinlocks enabled
[    0.142819] PV qspinlock hash table entries: 256 (order: 0, 4096 bytes, linear)
[    0.143543] Kernel command line: net.ifnames=0 console=ttyS0 root=/dev/sda earlyprintk=serial net.ifnames=0 thunderbolt.dyndbg
[    0.144943] random: crng init done
[    0.145280] printk: log buffer data + meta data: 262144 + 917504 = 1179648 bytes
[    0.146423] Dentry cache hash table entries: 262144 (order: 9, 2097152 bytes, linear)
[    0.147574] Inode-cache hash table entries: 131072 (order: 8, 1048576 bytes, linear)
[    0.148612] Fallback order for Node 0: 0 
[    0.148623] Built 1 zonelists, mobility grouping on.  Total pages: 524158
[    0.149663] Policy zone: DMA32
[    0.149962] mem auto-init: stack:off, heap alloc:off, heap free:off
[    0.150563] stackdepot: allocating hash table via alloc_large_system_hash
[    0.151226] stackdepot hash table entries: 1048576 (order: 12, 16777216 bytes, linear)
[    0.155086] stackdepot: allocating space for 8192 stack pools via memblock
[    0.192360] SLUB: HWalign=64, Order=0-3, MinObjects=0, CPUs=2, Nodes=1
[    0.192992] kmemleak: Kernel memory leak detector disabled
[    0.228287] ftrace: allocating 74673 entries in 292 pages
[    0.228805] ftrace: allocated 292 pages with 3 groups
[    0.233166] Dynamic Preempt: voluntary
[    0.234008] Running RCU self tests
[    0.234330] Running RCU synchronous self tests
[    0.234754] rcu: Preemptible hierarchical RCU implementation.
[    0.235295] rcu: 	RCU lockdep checking is enabled.
[    0.235752] rcu: 	RCU restricting CPUs from NR_CPUS=8192 to nr_cpu_ids=2.
[    0.236395] 	Trampoline variant of Tasks RCU enabled.
[    0.236876] 	Rude variant of Tasks RCU enabled.
[    0.237304] 	Tracing variant of Tasks RCU enabled.
[    0.237760] rcu: RCU calculated value of scheduler-enlistment delay is 25 jiffies.
[    0.238473] rcu: Adjusting geometry for rcu_fanout_leaf=16, nr_cpu_ids=2
[    0.239190] Running RCU synchronous self tests
[    0.239614] RCU Tasks: Setting shift to 1 and lim to 1 rcu_task_cb_adjust=1 rcu_task_cpu_ids=2.
[    0.240439] RCU Tasks Rude: Setting shift to 1 and lim to 1 rcu_task_cb_adjust=1 rcu_task_cpu_ids=2.
[    0.241307] RCU Tasks Trace: Setting shift to 1 and lim to 1 rcu_task_cb_adjust=1 rcu_task_cpu_ids=2.
[    0.310844] NR_IRQS: 524544, nr_irqs: 440, preallocated irqs: 16
[    0.311987] rcu: srcu_init: Setting srcu_struct sizes based on contention.
[    0.321713] Console: colour VGA+ 80x25
[    0.322155] printk: legacy console [ttyS0] enabled
[    0.322155] printk: legacy console [ttyS0] enabled
[    0.323096] printk: legacy bootconsole [earlyser0] disabled
[    0.323096] printk: legacy bootconsole [earlyser0] disabled
[    0.324189] Lock dependency validator: Copyright (c) 2006 Red Hat, Inc., Ingo Molnar
[    0.324948] ... MAX_LOCKDEP_SUBCLASSES:  8
[    0.325353] ... MAX_LOCK_DEPTH:          48
[    0.325768] ... MAX_LOCKDEP_KEYS:        8192
[    0.326199] ... CLASSHASH_SIZE:          4096
[    0.326636] ... MAX_LOCKDEP_ENTRIES:     32768
[    0.327076] ... MAX_LOCKDEP_CHAINS:      65536
[    0.327516] ... CHAINHASH_SIZE:          32768
[    0.327957]  memory used by lock dependency info: 6429 kB
[    0.328486]  memory used for stack traces: 4224 kB
[    0.328960]  per task-struct memory footprint: 1920 bytes
[    0.329587] ACPI: Core revision 20250807
[    0.330393] clocksource: hpet: mask: 0xffffffff max_cycles: 0xffffffff, max_idle_ns: 19112604467 ns
[    0.331440] APIC: Switch to symmetric I/O mode setup
[    0.332117] x2apic enabled
[    0.332787] APIC: Switched APIC routing to: physical x2apic
[    0.333335] kvm-guest: APIC: send_IPI_mask() replaced with kvm_send_ipi_mask()
[    0.334044] kvm-guest: APIC: send_IPI_mask_allbutself() replaced with kvm_send_ipi_mask_allbutself()
[    0.334922] kvm-guest: setup PV IPIs
[    0.336441] ..TIMER: vector=0x30 apic1=0 pin1=2 apic2=-1 pin2=-1
[    0.337052] clocksource: tsc-early: mask: 0xffffffffffffffff max_cycles: 0x1881273ac8e, max_idle_ns: 440795257284 ns
[    0.338084] Calibrating delay loop (skipped) preset value.. 3400.00 BogoMIPS (lpj=6800000)
[    0.339035] x86/cpu: User Mode Instruction Prevention (UMIP) activated
[    0.342202] Last level iTLB entries: 4KB 0, 2MB 0, 4MB 0
[    0.342721] Last level dTLB entries: 4KB 0, 2MB 0, 4MB 0, 1GB 0
[    0.343318] mitigations: Enabled attack vectors: user_kernel, user_user, guest_host, guest_guest, SMT mitigations: auto
[    0.344368] Speculative Store Bypass: Mitigation: Speculative Store Bypass disabled via prctl
[    0.345185] Spectre V2 : Mitigation: Enhanced / Automatic IBRS
[    0.346074] ITS: Mitigation: Aligned branch/return thunks
[    0.346608] Spectre V1 : Mitigation: usercopy/swapgs barriers and __user pointer sanitization
[    0.347433] Spectre V2 : WARNING: Unprivileged eBPF is enabled with eIBRS on, data leaks possible via Spectre v2 BHB attacks!
[    0.348524] Spectre V2 : Spectre v2 / PBRSB-eIBRS: Retire a single CALL on VMEXIT
[    0.349257] Spectre V2 : mitigation: Enabling conditional Indirect Branch Prediction Barrier
[    0.350079] active return thunk: its_return_thunk
[    0.350917] Spectre V2 : Spectre BHI mitigation: SW BHB clearing on syscall and VM exit
[    0.351783] x86/fpu: Supporting XSAVE feature 0x001: 'x87 floating point registers'
[    0.352540] x86/fpu: Supporting XSAVE feature 0x002: 'SSE registers'
[    0.353167] x86/fpu: Supporting XSAVE feature 0x004: 'AVX registers'
[    0.353796] x86/fpu: Supporting XSAVE feature 0x020: 'AVX-512 opmask'
[    0.354078] x86/fpu: Supporting XSAVE feature 0x040: 'AVX-512 Hi256'
[    0.354709] x86/fpu: Supporting XSAVE feature 0x080: 'AVX-512 ZMM_Hi256'
[    0.355376] x86/fpu: Supporting XSAVE feature 0x200: 'Protection Keys User registers'
[    0.356154] x86/fpu: Supporting XSAVE feature 0x20000: 'AMX Tile config'
[    0.356816] x86/fpu: Supporting XSAVE feature 0x40000: 'AMX Tile data'
[    0.357468] x86/fpu: xstate_offset[2]:  576, xstate_sizes[2]:  256
[    0.358075] x86/fpu: xstate_offset[5]:  832, xstate_sizes[5]:   64
[    0.358691] x86/fpu: xstate_offset[6]:  896, xstate_sizes[6]:  512
[    0.359309] x86/fpu: xstate_offset[7]: 1408, xstate_sizes[7]: 1024
[    0.359924] x86/fpu: xstate_offset[9]: 2432, xstate_sizes[9]:    8
[    0.360538] x86/fpu: xstate_offset[17]: 2496, xstate_sizes[17]:   64
[    0.361172] x86/fpu: xstate_offset[18]: 2560, xstate_sizes[18]: 8192
[    0.362075] x86/fpu: Enabled xstate features 0x602e7, context size is 10752 bytes, using 'compacted' format.
[    0.516158] Freeing SMP alternatives memory: 64K
[    0.516627] pid_max: default: 32768 minimum: 301
[    0.517357] LSM: initializing lsm=capability,yama,ima,evm
[    0.518008] Yama: becoming mindful.
[    0.518527] Mount-cache hash table entries: 4096 (order: 3, 32768 bytes, linear)
[    0.519283] Mountpoint-cache hash table entries: 4096 (order: 3, 32768 bytes, linear)
[    0.521642] Running RCU synchronous self tests
[    0.522078] Running RCU synchronous self tests
[    0.522843] smpboot: CPU0: Intel(R) Xeon(R) Gold 6414TDX (family: 0x6, model: 0x8f, stepping: 0x6)
[    0.524526] Performance Events: PEBS fmt0-, Sapphire Rapids events, full-width counters, Intel PMU driver.
[    0.525605] ... version:                   2
[    0.526047] ... bit width:                 48
[    0.526071] ... generic counters:          8
[    0.526081] ... generic bitmap:            00000000000000ff
[    0.526665] ... fixed-purpose counters:    4
[    0.527090] ... fixed-purpose bitmap:      000000000000000f
[    0.527641] ... value mask:                0000ffffffffffff
[    0.528195] ... max period:                00007fffffffffff
[    0.528742] ... global_ctrl mask:          0000000f000000ff
[    0.529801] signal: max sigframe size: 11952
[    0.530230] rcu: Hierarchical SRCU implementation.
[    0.530714] rcu: 	Max phase no-delay instances is 1000.
[    0.531447] Timer migration: 1 hierarchy levels; 8 children per group; 1 crossnode level
[    0.547768] smp: Bringing up secondary CPUs ...
[    0.548817] smpboot: x86: Booting SMP configuration:
[    0.549335] .... node  #0, CPUs:      #1
[    0.550264] smp: Brought up 1 node, 2 CPUs
[    0.551111] smpboot: Total of 2 processors activated (6800.00 BogoMIPS)
[    0.552499] Memory: 1591844K/2096632K available (80005K kernel code, 15398K rwdata, 18472K rodata, 16260K init, 21268K bss, 493180K reserved, 0K cma-reserved)
[    0.554741] devtmpfs: initialized
[    0.555136] x86/mm: Memory block size: 128MB
[    0.566910] Running RCU synchronous self tests
[    0.567378] Running RCU synchronous self tests
[    0.567838] Running RCU Tasks wait API self tests
[    0.674113] Running RCU Tasks Rude wait API self tests
[    0.678078] Running RCU Tasks Trace wait API self tests
[    0.698085] clocksource: jiffies: mask: 0xffffffff max_cycles: 0xffffffff, max_idle_ns: 7645041785100000 ns
[    0.702120] posixtimers hash table entries: 1024 (order: 5, 73728 bytes, linear)
[    0.702926] futex hash table entries: 512 (65536 bytes on 1 NUMA nodes, total 64 KiB, linear).
[    0.705132] pinctrl core: initialized pinctrl subsystem
[    0.707349] 
[    0.707526] *************************************************************
[    0.708208] **     NOTICE NOTICE NOTICE NOTICE NOTICE NOTICE NOTICE    **
[    0.708883] **                                                         **
[    0.709568] **  IOMMU DebugFS SUPPORT HAS BEEN ENABLED IN THIS KERNEL  **
[    0.710079] **                                                         **
[    0.710757] ** This means that this kernel is built to expose internal **
[    0.711435] ** IOMMU data structures, which may compromise security on **
[    0.712111] ** your system.                                            **
[    0.712775] **                                                         **
[    0.713448] ** If you see this message and you are not debugging the   **
[    0.714076] ** kernel, report this immediately to your vendor!         **
[    0.714747] **                                                         **
[    0.715409] **     NOTICE NOTICE NOTICE NOTICE NOTICE NOTICE NOTICE    **
[    0.716074] *************************************************************
[    0.716831] PM: RTC time: 12:59:18, date: 2025-12-02
[    0.719798] NET: Registered PF_NETLINK/PF_ROUTE protocol family
[    0.721983] DMA: preallocated 256 KiB GFP_KERNEL pool for atomic allocations
[    0.722104] DMA: preallocated 256 KiB GFP_KERNEL|GFP_DMA pool for atomic allocations
[    0.722891] DMA: preallocated 256 KiB GFP_KERNEL|GFP_DMA32 pool for atomic allocations
[    0.723768] audit: initializing netlink subsys (disabled)
[    0.724361] audit: type=2000 audit(1764680358.738:1): state=initialized audit_enabled=0 res=1
[    0.724361] thermal_sys: Registered thermal governor 'fair_share'
[    0.724361] thermal_sys: Registered thermal governor 'bang_bang'
[    0.724618] thermal_sys: Registered thermal governor 'step_wise'
[    0.725210] thermal_sys: Registered thermal governor 'user_space'
[    0.726094] cpuidle: using governor ladder
[    0.727116] cpuidle: using governor menu
[    0.727116] acpiphp: ACPI Hot Plug PCI Controller Driver version: 0.5
[    0.728441] PCI: Using configuration type 1 for base access
[    0.730404] kprobes: kprobe jump-optimization is enabled. All kprobes are optimized if possible.
[    0.735101] HugeTLB: registered 1.00 GiB page size, pre-allocated 0 pages
[    0.735805] HugeTLB: 16380 KiB vmemmap can be freed for a 1.00 GiB page
[    0.736477] HugeTLB: registered 2.00 MiB page size, pre-allocated 0 pages
[    0.737156] HugeTLB: 28 KiB vmemmap can be freed for a 2.00 MiB page
[    0.823080] Callback from call_rcu_tasks_trace() invoked.
[    0.918987] ACPI: Added _OSI(Module Device)
[    0.919423] ACPI: Added _OSI(Processor Device)
[    0.919873] ACPI: Added _OSI(Processor Aggregator Device)
[    0.937167] ACPI: 1 ACPI AML tables successfully acquired and loaded
[    0.944055] ACPI: Interpreter enabled
[    0.944576] ACPI: PM: (supports S0 S3 S4 S5)
[    0.945011] ACPI: Using IOAPIC for interrupt routing
[    0.945614] PCI: Using host bridge windows from ACPI; if necessary, use "pci=nocrs" and report a bug
[    0.946078] PCI: Using E820 reservations for host bridge windows
[    0.947988] ACPI: Enabled 2 GPEs in block 00 to 0F
[    0.990330] ACPI: PCI Root Bridge [PCI0] (domain 0000 [bus 00-ff])
[    0.990983] acpi PNP0A03:00: _OSC: OS supports [ASPM ClockPM Segments MSI EDR HPX-Type3]
[    0.991787] acpi PNP0A03:00: _OSC: not requesting OS control; OS requires [ExtendedConfig ASPM ClockPM MSI]
[    0.992886] acpi PNP0A03:00: fail to add MMCONFIG information, can't access extended configuration space under this bridge
[    0.999214] acpiphp: Slot [3] registered
[    0.999766] acpiphp: Slot [4] registered
[    1.000307] acpiphp: Slot [5] registered
[    1.000934] acpiphp: Slot [6] registered
[    1.001479] acpiphp: Slot [7] registered
[    1.002022] acpiphp: Slot [8] registered
[    1.002223] acpiphp: Slot [9] registered
[    1.002762] acpiphp: Slot [10] registered
[    1.003319] acpiphp: Slot [11] registered
[    1.003869] acpiphp: Slot [12] registered
[    1.004410] acpiphp: Slot [13] registered
[    1.004959] acpiphp: Slot [14] registered
[    1.005507] acpiphp: Slot [15] registered
[    1.006057] acpiphp: Slot [16] registered
[    1.006220] acpiphp: Slot [17] registered
[    1.006773] acpiphp: Slot [18] registered
[    1.007320] acpiphp: Slot [19] registered
[    1.007869] acpiphp: Slot [20] registered
[    1.008417] acpiphp: Slot [21] registered
[    1.008973] acpiphp: Slot [22] registered
[    1.009800] acpiphp: Slot [23] registered
[    1.010240] acpiphp: Slot [24] registered
[    1.010793] acpiphp: Slot [25] registered
[    1.011345] acpiphp: Slot [26] registered
[    1.011897] acpiphp: Slot [27] registered
[    1.012447] acpiphp: Slot [28] registered
[    1.012998] acpiphp: Slot [29] registered
[    1.013547] acpiphp: Slot [30] registered
[    1.014127] acpiphp: Slot [31] registered
[    1.014606] PCI host bridge to bus 0000:00
[    1.015082] pci_bus 0000:00: root bus resource [io  0x0000-0x0cf7 window]
[    1.015762] pci_bus 0000:00: root bus resource [io  0x0d00-0xffff window]
[    1.016436] pci_bus 0000:00: root bus resource [mem 0x000a0000-0x000bffff window]
[    1.017177] pci_bus 0000:00: root bus resource [mem 0x80000000-0xfebfffff window]
[    1.017924] pci_bus 0000:00: root bus resource [mem 0x100000000-0x17fffffff window]
[    1.018081] pci_bus 0000:00: root bus resource [bus 00-ff]
[    1.018739] pci 0000:00:00.0: [8086:1237] type 00 class 0x060000 conventional PCI endpoint
[    1.029498] pci 0000:00:01.0: [8086:7000] type 00 class 0x060100 conventional PCI endpoint
[    1.031543] pci 0000:00:01.1: [8086:7010] type 00 class 0x010180 conventional PCI endpoint
[    1.032911] pci 0000:00:01.1: BAR 4 [io  0xc040-0xc04f]
[    1.033469] pci 0000:00:01.1: BAR 0 [io  0x01f0-0x01f7]: legacy IDE quirk
[    1.034079] pci 0000:00:01.1: BAR 1 [io  0x03f6]: legacy IDE quirk
[    1.034689] pci 0000:00:01.1: BAR 2 [io  0x0170-0x0177]: legacy IDE quirk
[    1.035354] pci 0000:00:01.1: BAR 3 [io  0x0376]: legacy IDE quirk
[    1.036536] pci 0000:00:01.3: [8086:7113] type 00 class 0x068000 conventional PCI endpoint
[    1.037676] pci 0000:00:01.3: quirk: [io  0x0600-0x063f] claimed by PIIX4 ACPI
[    1.038088] pci 0000:00:01.3: quirk: [io  0x0700-0x070f] claimed by PIIX4 SMB
[    1.039367] pci 0000:00:02.0: [1234:1111] type 00 class 0x030000 conventional PCI endpoint
[    1.041229] pci 0000:00:02.0: BAR 0 [mem 0xfd000000-0xfdffffff pref]
[    1.041876] pci 0000:00:02.0: BAR 2 [mem 0xfebf0000-0xfebf0fff]
[    1.042105] pci 0000:00:02.0: ROM [mem 0xfebe0000-0xfebeffff pref]
[    1.042818] pci 0000:00:02.0: Video device with shadowed ROM at [mem 0x000c0000-0x000dffff]
[    1.052871] pci 0000:00:03.0: [8086:100e] type 00 class 0x020000 conventional PCI endpoint
[    1.054553] pci 0000:00:03.0: BAR 0 [mem 0xfebc0000-0xfebdffff]
[    1.055156] pci 0000:00:03.0: BAR 1 [io  0xc000-0xc03f]
[    1.055718] pci 0000:00:03.0: ROM [mem 0xfeb80000-0xfebbffff pref]
[    1.079020] ACPI: PCI: Interrupt link LNKA configured for IRQ 10
[    1.080653] ACPI: PCI: Interrupt link LNKB configured for IRQ 10
[    1.082243] ACPI: PCI: Interrupt link LNKC configured for IRQ 11
[    1.083825] ACPI: PCI: Interrupt link LNKD configured for IRQ 11
[    1.084833] ACPI: PCI: Interrupt link LNKS configured for IRQ 9
[    1.088111] iommu: Default domain type: Translated
[    1.088613] iommu: DMA domain TLB invalidation policy: lazy mode
[    1.096528] SCSI subsystem initialized
[    1.097428] ACPI: bus type USB registered
[    1.098065] usbcore: registered new interface driver usbfs
[    1.098733] usbcore: registered new interface driver hub
[    1.099329] usbcore: registered new device driver usb
[    1.100188] pps_core: LinuxPPS API ver. 1 registered
[    1.100692] pps_core: Software ver. 5.3.6 - Copyright 2005-2007 Rodolfo Giometti <giometti@linux.it>
[    1.101609] PTP clock support registered
[    1.102376] EDAC MC: Ver: 3.0.0
[    1.106211] NetLabel: Initializing
[    1.106585] NetLabel:  domain hash size = 128
[    1.107023] NetLabel:  protocols = UNLABELED CIPSOv4 CALIPSO
[    1.107721] NetLabel:  unlabeled traffic allowed by default
[    1.108782] PCI: Using ACPI for IRQ routing
[    1.109575] pci 0000:00:02.0: vgaarb: setting as boot VGA device
[    1.110071] pci 0000:00:02.0: vgaarb: bridge control possible
[    1.110071] pci 0000:00:02.0: vgaarb: VGA device added: decodes=io+mem,owns=io+mem,locks=none
[    1.110080] vgaarb: loaded
[    1.110781] hpet0: at MMIO 0xfed00000, IRQs 2, 8, 0
[    1.111289] hpet0: 3 comparators, 64-bit 100.000000 MHz counter
[    1.114565] clocksource: Switched to clocksource kvm-clock
[    1.116485] VFS: Disk quotas dquot_6.6.0
[    1.116931] VFS: Dquot-cache hash table entries: 512 (order 0, 4096 bytes)
[    1.118650] pnp: PnP ACPI init
[    1.123162] pnp: PnP ACPI: found 6 devices
[    1.143667] clocksource: acpi_pm: mask: 0xffffff max_cycles: 0xffffff, max_idle_ns: 2085701024 ns
[    1.145053] NET: Registered PF_INET protocol family
[    1.145767] IP idents hash table entries: 32768 (order: 6, 262144 bytes, linear)
[    1.147923] tcp_listen_portaddr_hash hash table entries: 1024 (order: 5, 73728 bytes, linear)
[    1.148809] Table-perturb hash table entries: 65536 (order: 6, 262144 bytes, linear)
[    1.149787] TCP established hash table entries: 16384 (order: 5, 131072 bytes, linear)
[    1.151230] TCP bind hash table entries: 16384 (order: 10, 2359296 bytes, linear)
[    1.153104] TCP: Hash tables configured (established 16384 bind 16384)
[    1.153900] UDP hash table entries: 1024 (order: 6, 262144 bytes, linear)
[    1.154702] UDP-Lite hash table entries: 1024 (order: 6, 262144 bytes, linear)
[    1.155743] NET: Registered PF_UNIX/PF_LOCAL protocol family
[    1.157063] RPC: Registered named UNIX socket transport module.
[    1.157702] RPC: Registered udp transport module.
[    1.158171] RPC: Registered tcp transport module.
[    1.158643] RPC: Registered tcp-with-tls transport module.
[    1.159188] RPC: Registered tcp NFSv4.1 backchannel transport module.
[    1.159843] pci_bus 0000:00: resource 4 [io  0x0000-0x0cf7 window]
[    1.160460] pci_bus 0000:00: resource 5 [io  0x0d00-0xffff window]
[    1.161078] pci_bus 0000:00: resource 6 [mem 0x000a0000-0x000bffff window]
[    1.161775] pci_bus 0000:00: resource 7 [mem 0x80000000-0xfebfffff window]
[    1.162458] pci_bus 0000:00: resource 8 [mem 0x100000000-0x17fffffff window]
[    1.163531] pci 0000:00:01.0: PIIX3: Enabling Passive Release
[    1.164113] pci 0000:00:00.0: Limiting direct PCI/PCI transfers
[    1.164789] PCI: CLS 0 bytes, default 64
[    1.165287] ACPI: bus type thunderbolt registered
[    1.166157] clocksource: tsc: mask: 0xffffffffffffffff max_cycles: 0x1881273ac8e, max_idle_ns: 440795257284 ns
[    1.167399] sgx: There are zero EPC sections.
[    3.821070] Initialise system trusted keyrings
[    3.821734] Key type blacklist registered
[    3.822456] workingset: timestamp_bits=36 max_order=19 bucket_order=0
[    3.825312] squashfs: version 4.0 (2009/01/31) Phillip Lougher
[    3.827400] NFS: Registering the id_resolver key type
[    3.827970] Key type id_resolver registered
[    3.828408] Key type id_legacy registered
[    3.828884] nfs4filelayout_init: NFSv4 File Layout Driver Registering...
[    3.829638] nfs4flexfilelayout_init: NFSv4 Flexfile Layout Driver Registering...
[    3.830743] fuse: init (API version 7.45)
[    3.831793] SGI XFS with ACLs, security attributes, realtime, quota, no debug enabled
[    3.834391] 9p: Installing v9fs 9p2000 file system support
[    3.850024] Key type asymmetric registered
[    3.850451] Asymmetric key parser 'x509' registered
[    3.851100] Block layer SCSI generic (bsg) driver version 0.4 loaded (major 241)
[    3.852081] io scheduler mq-deadline registered
[    3.852688] io scheduler bfq registered
[    3.853647] ledtrig-cpu: registered to indicate activity on CPUs
[    3.855764] IPMI message handler: version 39.2
[    3.856303] ipmi device interface
[    3.858768] input: Power Button as /devices/LNXSYSTM:00/LNXPWRBN:00/input/input0
[    3.860138] ACPI: button: Power Button [PWRF]
[    3.862212] ERST DBG: ERST support is disabled.
[    3.864088] Serial: 8250/16550 driver, 32 ports, IRQ sharing enabled
[    3.865945] 00:04: ttyS0 at I/O 0x3f8 (irq = 4, base_baud = 115200) is a 16550A
[    3.896246] Linux agpgart interface v0.103
[    3.899289] ACPI: bus type drm_connector registered
[    3.924376] brd: module loaded
[    3.933531] Callback from call_rcu_tasks() invoked.
[    3.940420] loop: module loaded
[    3.950425] scsi host0: ata_piix
[    3.951947] scsi host1: ata_piix
[    3.952812] ata1: PATA max MWDMA2 cmd 0x1f0 ctl 0x3f6 bmdma 0xc040 irq 14 lpm-pol 0
[    3.953607] ata2: PATA max MWDMA2 cmd 0x170 ctl 0x376 bmdma 0xc048 irq 15 lpm-pol 0
[    3.957600] tun: Universal TUN/TAP device driver, 1.6
[    3.958507] e100: Intel(R) PRO/100 Network Driver
[    3.958989] e100: Copyright(c) 1999-2006 Intel Corporation
[    3.959664] e1000: Intel(R) PRO/1000 Network Driver
[    3.960146] e1000: Copyright (c) 1999-2006 Intel Corporation.
[    4.109575] ata1: found unknown device (class 0)
[    4.110626] ata1.00: ATA-7: QEMU HARDDISK, 2.5+, max UDMA/100
[    4.111214] ata1.00: 17196647 sectors, multi 16: LBA48 
[    4.112816] scsi 0:0:0:0: Direct-Access     ATA      QEMU HARDDISK    2.5+ PQ: 0 ANSI: 5
[    4.113642] ata2: found unknown device (class 0)
[    4.114738] ata2.00: ATAPI: QEMU DVD-ROM, 2.5+, max UDMA/100
[    4.115377] scsi 0:0:0:0: Attached scsi generic sg0 type 0
[    4.116915] sd 0:0:0:0: [sda] 17196647 512-byte logical blocks: (8.80 GB/8.20 GiB)
[    4.117799] sd 0:0:0:0: [sda] Write Protect is off
[    4.118346] sd 0:0:0:0: [sda] Write cache: enabled, read cache: enabled, doesn't support DPO or FUA
[    4.119341] sd 0:0:0:0: [sda] Preferred minimum I/O size 512 bytes
[    4.125473] scsi 1:0:0:0: CD-ROM            QEMU     QEMU DVD-ROM     2.5+ PQ: 0 ANSI: 5
[    4.143498] scsi 1:0:0:0: Attached scsi generic sg1 type 5
[    4.144869] sd 0:0:0:0: [sda] Attached SCSI disk
[    4.783474] ACPI: \_SB_.LNKC: Enabled at IRQ 11
[    5.102074] e1000 0000:00:03.0 eth0: (PCI:33MHz:32-bit) 52:54:00:12:34:56
[    5.102808] e1000 0000:00:03.0 eth0: Intel(R) PRO/1000 Network Connection
[    5.103696] e1000e: Intel(R) PRO/1000 Network Driver
[    5.104217] e1000e: Copyright(c) 1999 - 2015 Intel Corporation.
[    5.104980] igb: Intel(R) Gigabit Ethernet Network Driver
[    5.105563] igb: Copyright (c) 2007-2014 Intel Corporation.
[    5.106529] PPP generic driver version 2.4.2
[    5.108002] VFIO - User Level meta-driver version: 0.3
[    5.109703] usbcore: registered new interface driver uas
[    5.110423] usbcore: registered new interface driver usb-storage
[    5.111320] i8042: PNP: PS/2 Controller [PNP0303:KBD,PNP0f13:MOU] at 0x60,0x64 irq 1,12
[    5.113127] serio: i8042 KBD port at 0x60,0x64 irq 1
[    5.113733] serio: i8042 AUX port at 0x60,0x64 irq 12
[    5.115550] mousedev: PS/2 mouse device common for all mice
[    5.117715] input: AT Translated Set 2 keyboard as /devices/platform/i8042/serio0/input/input1
[    5.119239] rtc_cmos 00:05: RTC can wake from S4
[    5.120531] input: VirtualPS/2 VMware VMMouse as /devices/platform/i8042/serio1/input/input4
[    5.122356] rtc_cmos 00:05: registered as rtc0
[    5.122980] input: VirtualPS/2 VMware VMMouse as /devices/platform/i8042/serio1/input/input3
[    5.123024] rtc_cmos 00:05: setting system clock to 2025-12-02T12:59:22 UTC (1764680362)
[    5.125028] rtc_cmos 00:05: alarms up to one day, y3k, 242 bytes nvram, hpet irqs
[    5.125899] i2c_dev: i2c /dev entries driver
[    5.126457] device-mapper: core: CONFIG_IMA_DISABLE_HTABLE is disabled. Duplicate IMA measurements will not be recorded in the IMA log.
[    5.127727] device-mapper: uevent: version 1.0.3
[    5.128631] device-mapper: ioctl: 4.50.0-ioctl (2025-04-28) initialised: dm-devel@lists.linux.dev
[    5.129572] intel_pstate: CPU model not supported
[    5.130298] sdhci: Secure Digital Host Controller Interface driver
[    5.130933] sdhci: Copyright(c) Pierre Ossman
[    5.131590] sdhci-pltfm: SDHCI platform and OF driver helper
[    5.132724] drop_monitor: Initializing network drop monitor service
[    5.133744] NET: Registered PF_INET6 protocol family
[    5.136239] Segment Routing with IPv6
[    5.136702] In-situ OAM (IOAM) with IPv6
[    5.137178] NET: Registered PF_PACKET protocol family
[    5.137941] 9pnet: Installing 9P2000 support
[    5.138497] Key type dns_resolver registered
[    5.140611] IPI shorthand broadcast: enabled
[    5.202153] sched_clock: Marking stable (5180007235, 21413665)->(5208470154, -7049254)
[    5.203779] registered taskstats version 1
[    5.204650] Loading compiled-in X.509 certificates
[    5.288746] Demotion targets for Node 0: null
[    5.290026] Key type .fscrypt registered
[    5.290440] Key type fscrypt-provisioning registered
[    5.293091] Key type encrypted registered
[    5.293638] ima: No TPM chip found, activating TPM-bypass!
[    5.294219] ima: Allocated hash algorithm: sha1
[    5.294739] ima: No architecture policies found
[    5.295344] evm: Initialising EVM extended attributes:
[    5.295872] evm: security.selinux
[    5.296211] evm: security.SMACK64
[    5.296550] evm: security.SMACK64EXEC
[    5.296922] evm: security.SMACK64TRANSMUTE
[    5.297338] evm: security.SMACK64MMAP
[    5.297743] evm: security.apparmor
[    5.298076] evm: security.ima
[    5.298383] evm: security.capability
[    5.298759] evm: HMAC attrs: 0x1
[    5.301751] PM:   Magic number: 5:900:985
[    5.302961] RAS: Correctable Errors collector initialized.
[    5.303818] clk: Disabling unused clocks
[    5.304260] PM: genpd: Disabling unused power domains
[    5.305488] check access for rdinit=/init failed: -2, ignoring
[    5.305896] md: Waiting for all devices to be available before autodetect
[    5.306340] md: If you don't use raid, use raid=noautodetect
[    5.306720] md: Autodetecting RAID arrays.
[    5.307005] md: autorun ...
[    5.307200] md: ... autorun DONE.
[    5.312659] EXT4-fs (sda): INFO: recovery required on readonly filesystem
[    5.313128] EXT4-fs (sda): write access will be enabled during recovery
[    5.376795] EXT4-fs (sda): recovery complete
[    5.378350] EXT4-fs (sda): mounted filesystem 088740a9-c8b4-422c-999d-a804eb68a4da ro with ordered data mode. Quota mode: none.
[    5.379190] VFS: Mounted root (ext4 filesystem) readonly on device 8:0.
[    5.381171] devtmpfs: mounted
[    5.402602] Freeing unused decrypted memory: 2036K
[    5.408108] Freeing unused kernel image (initmem) memory: 16260K
[    5.408746] Write protecting the kernel read-only data: 102400k
[    5.412286] Freeing unused kernel image (text/rodata gap) memory: 1912K
[    5.414165] Freeing unused kernel image (rodata/data gap) memory: 2008K
[    6.467075] x86/mm: Checked W+X mappings: passed, no W+X pages found.
[    6.467577] Run /sbin/init as init process
[    6.585769] systemd[1]: systemd 252-15.el9 running in system mode (+PAM +AUDIT +SELINUX -APPARMOR +IMA +SMACK +SECCOMP +GCRYPT +GNUTLS +OPENSSL +ACL +BLKID +CURL +ELFUTILS -FIDO2 +IDN2 -IDN -IPTC +KMOD +LIBCRYPTSETUP +LIBFDISK +PCRE2 -PWQUALITY +P11KIT -QRENCODE +TPM2 +BZIP2 +LZ4 +XZ +ZLIB +ZSTD -BPF_FRAMEWORK +XKBCOMMON +UTMP +SYSVINIT default-hierarchy=unified)
[    6.587880] systemd[1]: Detected virtualization kvm.
[    6.588227] systemd[1]: Detected architecture x86-64.

Welcome to [0;31mCentOS Stream 9[0m!

[    6.592245] systemd[1]: Hostname set to <test>.
[    6.818961] systemd-rc-local-generator[119]: /etc/rc.d/rc.local is not marked executable, skipping.
[    7.038900] systemd[1]: Queued start job for default target Multi-User System.
[    7.060015] systemd[1]: Created slice Virtual Machine and Container Slice.
[[0;32m  OK  [0m] Created slice [0;1;39mVirtual Machine and Container Slice[0m.
[    7.065604] systemd[1]: Created slice Slice /system/getty.
[[0;32m  OK  [0m] Created slice [0;1;39mSlice /system/getty[0m.
[    7.068485] systemd[1]: Created slice Slice /system/modprobe.
[[0;32m  OK  [0m] Created slice [0;1;39mSlice /system/modprobe[0m.
[    7.071457] systemd[1]: Created slice Slice /system/serial-getty.
[[0;32m  OK  [0m] Created slice [0;1;39mSlice /system/serial-getty[0m.
[    7.074458] systemd[1]: Created slice Slice /system/sshd-keygen.
[[0;32m  OK  [0m] Created slice [0;1;39mSlice /system/sshd-keygen[0m.
[    7.077134] systemd[1]: Created slice User and Session Slice.
[[0;32m  OK  [0m] Created slice [0;1;39mUser and Session Slice[0m.
[    7.078611] systemd[1]: Started Forward Password Requests to Wall Directory Watch.
[[0;32m  OK  [0m] Started [0;1;39mForward Password R…uests to Wall Directory Watch[0m.
[    7.080800] systemd[1]: Set up automount Arbitrary Executable File Formats File System Automount Point.
[[0;32m  OK  [0m] Set up automount [0;1;39mArbitrary…s File System Automount Point[0m.
[    7.082328] systemd[1]: Reached target Local Integrity Protected Volumes.
[[0;32m  OK  [0m] Reached target [0;1;39mLocal Integrity Protected Volumes[0m.
[    7.083533] systemd[1]: Reached target Slice Units.
[[0;32m  OK  [0m] Reached target [0;1;39mSlice Units[0m.
[    7.084425] systemd[1]: Reached target Swaps.
[[0;32m  OK  [0m] Reached target [0;1;39mSwaps[0m.
[    7.085253] systemd[1]: Reached target Local Verity Protected Volumes.
[[0;32m  OK  [0m] Reached target [0;1;39mLocal Verity Protected Volumes[0m.
[    7.086837] systemd[1]: Listening on Device-mapper event daemon FIFOs.
[[0;32m  OK  [0m] Listening on [0;1;39mDevice-mapper event daemon FIFOs[0m.
[    7.088511] systemd[1]: Listening on LVM2 poll daemon socket.
[[0;32m  OK  [0m] Listening on [0;1;39mLVM2 poll daemon socket[0m.
[    7.089685] systemd[1]: multipathd control socket was skipped because of an unmet condition check (ConditionPathExists=/etc/multipath.conf).
[    7.134473] systemd[1]: Listening on RPCbind Server Activation Socket.
[[0;32m  OK  [0m] Listening on [0;1;39mRPCbind Server Activation Socket[0m.
[    7.135763] systemd[1]: Reached target RPC Port Mapper.
[[0;32m  OK  [0m] Reached target [0;1;39mRPC Port Mapper[0m.
[    7.138807] systemd[1]: Listening on Process Core Dump Socket.
[[0;32m  OK  [0m] Listening on [0;1;39mProcess Core Dump Socket[0m.
[    7.140187] systemd[1]: Listening on initctl Compatibility Named Pipe.
[[0;32m  OK  [0m] Listening on [0;1;39minitctl Compatibility Named Pipe[0m.
[    7.141955] systemd[1]: Listening on Journal Socket (/dev/log).
[[0;32m  OK  [0m] Listening on [0;1;39mJournal Socket (/dev/log)[0m.
[    7.143566] systemd[1]: Listening on Journal Socket.
[[0;32m  OK  [0m] Listening on [0;1;39mJournal Socket[0m.
[    7.145139] systemd[1]: Listening on udev Control Socket.
[[0;32m  OK  [0m] Listening on [0;1;39mudev Control Socket[0m.
[    7.146529] systemd[1]: Listening on udev Kernel Socket.
[[0;32m  OK  [0m] Listening on [0;1;39mudev Kernel Socket[0m.
[    7.152820] systemd[1]: Mounting Huge Pages File System...
         Mounting [0;1;39mHuge Pages File System[0m...
[    7.158960] systemd[1]: Mounting POSIX Message Queue File System...
         Mounting [0;1;39mPOSIX Message Queue File System[0m...
[    7.165922] systemd[1]: Mounting Kernel Debug File System...
         Mounting [0;1;39mKernel Debug File System[0m...
[    7.178231] systemd[1]: Mounting Kernel Trace File System...
         Mounting [0;1;39mKernel Trace File System[0m...
[    7.180896] systemd[1]: Kernel Module supporting RPCSEC_GSS was skipped because of an unmet condition check (ConditionPathExists=/etc/krb5.keytab).
[    7.181957] systemd[1]: Create List of Static Device Nodes was skipped because of an unmet condition check (ConditionFileNotEmpty=/lib/modules/6.18.0-2a52cfb5d679+/modules.devname).
[    7.188493] systemd[1]: Starting Monitoring of LVM2 mirrors, snapshots etc. using dmeventd or progress polling...
         Starting [0;1;39mMonitoring of LVM…meventd or progress polling[0m...
[    7.199025] systemd[1]: Starting Load Kernel Module configfs...
         Starting [0;1;39mLoad Kernel Module configfs[0m...
[    7.209667] systemd[1]: Starting Load Kernel Module drm...
         Starting [0;1;39mLoad Kernel Module drm[0m...
[    7.221665] systemd[1]: Starting Load Kernel Module fuse...
         Starting [0;1;39mLoad Kernel Module fuse[0m...
[    7.229703] systemd[1]: Starting Read and set NIS domainname from /etc/sysconfig/network...
         Starting [0;1;39mRead and set NIS …from /etc/sysconfig/network[0m...
[    7.250836] systemd[1]: Starting Journal Service...
         Starting [0;1;39mJournal Service[0m...
[    7.266865] systemd[1]: Starting Load Kernel Modules...
         Starting [0;1;39mLoad Kernel Modules[0m...
[    7.285639] systemd[1]: Starting Generate network units from Kernel command line...
         Starting [0;1;39mGenerate network …ts from Kernel command line[0m...
[    7.313392] systemd[1]: Starting Remount Root and Kernel File Systems...
         Starting [0;1;39mRemount Root and Kernel File Systems[0m...
[    7.315773] systemd[1]: Repartition Root Disk was skipped because no trigger condition checks were met.
[    7.330049] systemd[1]: Starting Coldplug All udev Devices...
         Starting [0;1;39mColdplug All udev Devices[0m...
[    7.344243] systemd[1]: Mounted Huge Pages File System.
[[0;32m  OK  [0m] Mounted [0;1;39mHuge Pages File System[0m.
[    7.350615] systemd[1]: Mounted POSIX Message Queue File System.
[[0;32m  OK  [0m] Mounted [0;1;39mPOSIX Message Queue File System[0m.
[    7.353927] systemd[1]: Mounted Kernel Debug File System.
[[0;32m  OK  [0m] Mounted [0;1;39mKernel Debug File System[0m.
[    7.355388] systemd[1]: Mounted Kernel Trace File System.
[[0;32m  OK  [0m] Mounted [0;1;39mKernel Trace File System[0m.
[    7.363563] systemd[1]: Finished Monitoring of LVM2 mirrors, snapshots etc. using dmeventd or progress polling.
[[0;32m  OK  [0m] Finished [0;1;39mMonitoring of LVM… dmeventd or progress polling[0m.
[    7.367696] systemd[1]: modprobe@configfs.service: Deactivated successfully.
[    7.369232] systemd[1]: Finished Load Kernel Module configfs.
[[0;32m  OK  [0m] Finished [0;1;39mLoad Kernel Module configfs[0m.
[    7.379549] systemd[1]: modprobe@drm.service: Deactivated successfully.
[    7.381055] systemd[1]: Finished Load Kernel Module drm.
[[0;32m  OK  [0m] Finished [0;1;39mLoad Kernel Module drm[0m.
[    7.387629] systemd[1]: modprobe@fuse.service: Deactivated successfully.
[    7.393561] systemd[1]: Finished Load Kernel Module fuse.
[    7.393565] EXT4-fs (sda): re-mounted 088740a9-c8b4-422c-999d-a804eb68a4da r/w.
[[0;32m  OK  [0m] Finished [0;1;39mLoad Kernel Module fuse[0m.
[    7.402430] systemd[1]: Finished Read and set NIS domainname from /etc/sysconfig/network.
[[0;32m  OK  [0m] Finished [0;1;39mRead and set NIS …e from /etc/sysconfig/network[0m.
[    7.404513] systemd[1]: systemd-modules-load.service: Main process exited, code=exited, status=1/FAILURE
[    7.410675] systemd[1]: systemd-modules-load.service: Failed with result 'exit-code'.
[    7.412239] systemd[1]: Failed to start Load Kernel Modules.
[[0;1;31mFAILED[0m] Failed to start [0;1;39mLoad Kernel Modules[0m.
See 'systemctl status systemd-modules-load.service' for details.
[    7.420136] systemd[1]: Finished Generate network units from Kernel command line.
[[0;32m  OK  [0m] Finished [0;1;39mGenerate network units from Kernel command line[0m.
[    7.427580] systemd[1]: Finished Remount Root and Kernel File Systems.
[[0;32m  OK  [0m] Finished [0;1;39mRemount Root and Kernel File Systems[0m.
[    7.434262] systemd[1]: Reached target Preparation for Network.
[[0;32m  OK  [0m] Reached target [0;1;39mPreparation for Network[0m.
[    7.449845] systemd[1]: Mounting FUSE Control File System...
         Mounting [0;1;39mFUSE Control File System[0m...
[    7.460154] systemd[1]: Mounting Kernel Configuration File System...
         Mounting [0;1;39mKernel Configuration File System[0m...
[    7.465765] systemd[1]: Special handling of early boot iSCSI sessions was skipped because of an unmet condition check (ConditionDirectoryNotEmpty=/sys/class/iscsi_session).
[    7.466856] systemd[1]: First Boot Wizard was skipped because of an unmet condition check (ConditionFirstBoot=yes).
[    7.475931] systemd[1]: Rebuild Hardware Database was skipped because of an unmet condition check (ConditionNeedsUpdate=/etc).
[    7.494175] systemd[1]: Starting Load/Save Random Seed...
         Starting [0;1;39mLoad/Save Random Seed[0m...
[    7.502632] systemd[1]: Starting Apply Kernel Variables...
         Starting [0;1;39mApply Kernel Variables[0m...
[    7.506071] systemd[1]: Create System Users was skipped because no trigger condition checks were met.
[    7.513233] systemd[1]: Starting Create Static Device Nodes in /dev...
         Starting [0;1;39mCreate Static Device Nodes in /dev[0m...
[    7.523237] systemd[1]: Starting Setup Virtual Console...
         Starting [0;1;39mSetup Virtual Console[0m...
[    7.537873] systemd[1]: Started Journal Service.
[[0;32m  OK  [0m] Started [0;1;39mJournal Service[0m.
[[0;32m  OK  [0m] Mounted [0;1;39mFUSE Control File System[0m.
[[0;32m  OK  [0m] Mounted [0;1;39mKernel Configuration File System[0m.
         Starting [0;1;39mFlush Journal to Persistent Storage[0m...
[[0;32m  OK  [0m] Finished [0;1;39mLoad/Save Random Seed[0m.
[    7.621808] systemd-journald[141]: Received client request to flush runtime journal.
[[0;32m  OK  [0m] Finished [0;1;39mFlush Journal to Persistent Storage[0m.
[[0;32m  OK  [0m] Finished [0;1;39mApply Kernel Variables[0m.
[[0;32m  OK  [0m] Finished [0;1;39mCreate Static Device Nodes in /dev[0m.
         Starting [0;1;39mRule-based Manage…for Device Events and Files[0m...
[[0;32m  OK  [0m] Started [0;1;39mRule-based Manager for Device Events and Files[0m.
         Starting [0;1;39mAuto-connect to s…E devices found during boot[0m...
[[0;32m  OK  [0m] Finished [0;1;39mAuto-connect to s…VME devices found during boot[0m.
[[0;32m  OK  [0m] Finished [0;1;39mColdplug All udev Devices[0m.
         Starting [0;1;39mWait for udev To …plete Device Initialization[0m...
[[0;32m  OK  [0m] Finished [0;1;39mSetup Virtual Console[0m.
         Starting [0;1;39mShow Plymouth Boot Screen[0m...
[2J[3J[-1;-1f[[0;32m  OK  [0m] Started [0;1;39mShow Plymouth Boot Screen[0m.
[[0;32m  OK  [0m] Started [0;1;39mForward Password R…s to Plymouth Directory Watch[0m.
[[0;32m  OK  [0m] Reached target [0;1;39mLocal Encrypted Volumes[0m.
[[0;32m  OK  [0m] Reached target [0;1;39mPath Units[0m.
[[0;32m  OK  [0m] Found device [0;1;39m/dev/ttyS0[0m.
[[0;32m  OK  [0m] Listening on [0;1;39mLoad/Save RF …itch Status /dev/rfkill Watch[0m.
[[0;32m  OK  [0m] Finished [0;1;39mWait for udev To Complete Device Initialization[0m.
[[0;32m  OK  [0m] Reached target [0;1;39mPreparation for Local File Systems[0m.
[[0;32m  OK  [0m] Reached target [0;1;39mLocal File Systems[0m.
         Starting [0;1;39mTell Plymouth To Write Out Runtime Data[0m...
         Starting [0;1;39mAutomatic Boot Loader Update[0m...
         Starting [0;1;39mCreate Volatile Files and Directories[0m...
[[0;32m  OK  [0m] Finished [0;1;39mTell Plymouth To Write Out Runtime Data[0m.
[[0;32m  OK  [0m] Finished [0;1;39mAutomatic Boot Loader Update[0m.
[[0;32m  OK  [0m] Finished [0;1;39mCreate Volatile Files and Directories[0m.
         Mounting [0;1;39mRPC Pipe File System[0m...
         Starting [0;1;39mSecurity Auditing Service[0m...
         Starting [0;1;39mRPC Bind[0m...
[[0;32m  OK  [0m] Mounted [0;1;39mRPC Pipe File System[0m.
[[0;32m  OK  [0m] Reached target [0;1;39mrpc_pipefs.target[0m.
[[0;32m  OK  [0m] Started [0;1;39mRPC Bind[0m.
[[0;32m  OK  [0m] Started [0;1;39mSecurity Auditing Service[0m.
         Starting [0;1;39mRecord System Boot/Shutdown in UTMP[0m...
[[0;32m  OK  [0m] Finished [0;1;39mRecord System Boot/Shutdown in UTMP[0m.
[[0;32m  OK  [0m] Reached target [0;1;39mSystem Initialization[0m.
[[0;32m  OK  [0m] Started [0;1;39mDaily rotation of log files[0m.
[[0;32m  OK  [0m] Started [0;1;39mUpdates mlocate database every day[0m.
[[0;32m  OK  [0m] Started [0;1;39mDaily Cleanup of Temporary Directories[0m.
[[0;32m  OK  [0m] Started [0;1;39mdaily update of the root trust anchor for DNSSEC[0m.
[[0;32m  OK  [0m] Reached target [0;1;39mTimer Units[0m.
[[0;32m  OK  [0m] Listening on [0;1;39mD-Bus System Message Bus Socket[0m.
[[0;32m  OK  [0m] Listening on [0;1;39mOpen-iSCSI iscsid Socket[0m.
[[0;32m  OK  [0m] Listening on [0;1;39mOpen-iSCSI iscsiuio Socket[0m.
[[0;32m  OK  [0m] Listening on [0;1;39mSSSD Kerberos…ache Manager responder socket[0m.
[[0;32m  OK  [0m] Listening on [0;1;39mLibvirt interface local socket[0m.
[[0;32m  OK  [0m] Listening on [0;1;39mVirtual machine lock manager socket[0m.
[[0;32m  OK  [0m] Listening on [0;1;39mVirtual machine log manager socket[0m.
[[0;32m  OK  [0m] Listening on [0;1;39mLibvirt network local socket[0m.
[[0;32m  OK  [0m] Listening on [0;1;39mLibvirt nodedev local socket[0m.
[[0;32m  OK  [0m] Listening on [0;1;39mLibvirt nwfilter local socket[0m.
[[0;32m  OK  [0m] Listening on [0;1;39mLibvirt proxy local socket[0m.
[[0;32m  OK  [0m] Listening on [0;1;39mLibvirt qemu local socket[0m.
[[0;32m  OK  [0m] Listening on [0;1;39mLibvirt qemu admin socket[0m.
[[0;32m  OK  [0m] Listening on [0;1;39mLibvirt qemu local read-only socket[0m.
[[0;32m  OK  [0m] Listening on [0;1;39mLibvirt secret local socket[0m.
[[0;32m  OK  [0m] Listening on [0;1;39mLibvirt storage local socket[0m.
[[0;32m  OK  [0m] Reached target [0;1;39mSocket Units[0m.
         Starting [0;1;39mD-Bus System Message Bus[0m...
[[0;32m  OK  [0m] Started [0;1;39mD-Bus System Message Bus[0m.
[[0;32m  OK  [0m] Reached target [0;1;39mBasic System[0m.
         Starting [0;1;39mNetwork Manager[0m...
         Starting [0;1;39mNTP client/server[0m...
         Starting [0;1;39mRestore /run/initramfs on shutdown[0m...
[[0;32m  OK  [0m] Started [0;1;39mirqbalance daemon[0m.
[[0;32m  OK  [0m] Started [0;1;39mlibstoragemgmt plug-in server daemon[0m.
[[0;32m  OK  [0m] Started [0;1;39mMachine Check Exception Logging Daemon[0m.
[[0;32m  OK  [0m] Reached target [0;1;39msshd-keygen.target[0m.
[[0;32m  OK  [0m] Reached target [0;1;39mUser and Group Name Lookups[0m.
         Starting [0;1;39mUser Login Management[0m...
         Starting [0;1;39mVirtual Machine a…tainer Registration Service[0m...
[[0;32m  OK  [0m] Finished [0;1;39mRestore /run/initramfs on shutdown[0m.
         Starting [0;1;39mHostname Service[0m...
[[0;32m  OK  [0m] Started [0;1;39mVirtual Machine an…ontainer Registration Service[0m.
[[0;32m  OK  [0m] Started [0;1;39mNTP client/server[0m.
[[0;32m  OK  [0m] Started [0;1;39mUser Login Management[0m.
[[0;32m  OK  [0m] Started [0;1;39mHostname Service[0m.
         Starting [0;1;39mNetwork Manager Script Dispatcher Service[0m...
[   10.753636] e1000: eth0 NIC Link is Up 1000 Mbps Full Duplex, Flow Control: RX
[[0;32m  OK  [0m] Started [0;1;39mNetwork Manager Script Dispatcher Service[0m.
[[0;32m  OK  [0m] Started [0;1;39mNetwork Manager[0m.
[[0;32m  OK  [0m] Reached target [0;1;39mNetwork[0m.
[[0;32m  OK  [0m] Reached target [0;1;39mNetwork is Online[0m.
         Starting [0;1;39mGSSAPI Proxy Daemon[0m...
         Starting [0;1;39mNotify NFS peers of a restart[0m...
         Starting [0;1;39mSystem Logging Service[0m...
         Starting [0;1;39mOpenSSH server daemon[0m...
         Starting [0;1;39mDynamic System Tuning Daemon[0m...
[[0;32m  OK  [0m] Started [0;1;39mNotify NFS peers of a restart[0m.
[[0;32m  OK  [0m] Started [0;1;39mGSSAPI Proxy Daemon[0m.
[[0;32m  OK  [0m] Reached target [0;1;39mNFS client services[0m.
[[0;32m  OK  [0m] Reached target [0;1;39mPreparation for Remote File Systems[0m.
[[0;32m  OK  [0m] Reached target [0;1;39mRemote File Systems[0m.
         Starting [0;1;39mPermit User Sessions[0m...
         Starting [0;1;39mVirtualization qemu daemon[0m...
[[0;32m  OK  [0m] Started [0;1;39mOpenSSH server daemon[0m.
[[0;32m  OK  [0m] Finished [0;1;39mPermit User Sessions[0m.
[[0;32m  OK  [0m] Started [0;1;39mDeferred execution scheduler[0m.
[[0;32m  OK  [0m] Started [0;1;39mCommand Scheduler[0m.
         Starting [0;1;39mHold until boot process finishes up[0m...
         Starting [0;1;39mTerminate Plymouth Boot Screen[0m...

CentOS Stream 9
Kernel 6.18.0-2a52cfb5d679+ on an x86_64

Activate the web console with: systemctl enable --now cockpit.socket

test login: [   17.402243] tpm tpm0: Operation Canceled
[   17.423293] tpm tpm0: Operation Canceled
[   17.444256] tpm tpm0: Operation Canceled
[   17.465265] tpm tpm0: Operation Canceled
[   17.486253] tpm tpm0: Operation Canceled
[   17.507402] tpm tpm0: Operation Canceled
[   17.528611] tpm tpm0: Operation Canceled
[   17.549353] tpm tpm0: Operation Canceled
[   17.570402] tpm tpm0: Operation Canceled
[   17.591399] tpm tpm0: Operation Canceled
[   17.612437] tpm tpm0: Operation Canceled
[   17.633438] tpm tpm0: Operation Canceled
[   17.654475] tpm tpm0: Operation Canceled
[   17.675543] tpm tpm0: Operation Canceled
[   17.696935] tpm tpm0: Operation Canceled
[   17.718009] tpm tpm0: Operation Canceled
[   17.739071] tpm tpm0: Operation Canceled
[   17.760065] tpm tpm0: Operation Canceled
[   17.781084] tpm tpm0: Operation Canceled
[   17.802102] tpm tpm0: Operation Canceled
[   17.823033] tpm tpm0: Operation Canceled
[   17.844204] tpm tpm0: Operation Canceled
[   17.865432] tpm tpm0: Operation Canceled
[   17.886575] tpm tpm0: Operation Canceled
[   17.907568] tpm tpm0: Operation Canceled
[   17.928613] tpm tpm0: Operation Canceled
[   17.949442] tpm tpm0: Operation Canceled
[   17.970959] tpm tpm0: Operation Canceled
[   17.991724] tpm tpm0: Operation Canceled
[   18.012775] tpm tpm0: Operation Canceled
[   18.034037] tpm tpm0: Operation Canceled
[   18.055165] tpm tpm0: Operation Canceled
[   18.076188] tpm tpm0: Operation Canceled
[   18.097189] tpm tpm0: Operation Canceled
[   18.118255] tpm tpm0: Operation Canceled
[   18.139169] tpm tpm0: Operation Canceled
[   18.170853] tpm tpm0: Operation Canceled
[   18.191816] tpm tpm0: Operation Canceled
[   18.213058] tpm tpm0: Operation Canceled
[   18.234028] tpm tpm0: Operation Canceled
[   18.255156] tpm tpm0: Operation Canceled
[   18.266488] tpm tpm0: Operation Canceled
[   18.286974] tpm tpm0: Operation Canceled
[   18.307927] tpm tpm0: Operation Canceled
[   18.328884] tpm tpm0: Operation Canceled
[   18.349978] tpm tpm0: Operation Canceled
[   18.371169] tpm tpm0: Operation Canceled
[   18.392301] tpm tpm0: Operation Canceled
[   18.413283] tpm tpm0: Operation Canceled
[   18.434290] tpm tpm0: Operation Canceled
[   18.455292] tpm tpm0: Operation Canceled
[   18.476257] tpm tpm0: Operation Canceled
[   18.497378] tpm tpm0: Operation Canceled
[   18.518532] tpm tpm0: Operation Canceled
[   18.539609] tpm tpm0: Operation Canceled
[   18.560595] tpm tpm0: Operation Canceled
[   18.581448] tpm tpm0: Operation Canceled
[   18.602561] tpm tpm0: Operation Canceled
[   18.623665] tpm tpm0: Operation Canceled
[   18.644612] tpm tpm0: Operation Canceled
[   18.665758] tpm tpm0: Operation Canceled
[   18.686847] tpm tpm0: Operation Canceled
[   18.707976] tpm tpm0: Operation Canceled
[   18.729092] tpm tpm0: Operation Canceled
[   18.750108] tpm tpm0: Operation Canceled
[   18.771151] tpm tpm0: Operation Canceled
[   18.781452] tpm tpm0: Operation Canceled
[   18.803028] tpm tpm0: Operation Canceled
[   18.823743] tpm tpm0: Operation Canceled
[   18.844728] tpm tpm0: Operation Canceled
[   18.876260] tpm tpm0: Operation Canceled
[   18.897377] tpm tpm0: Operation Canceled
[   18.918255] tpm tpm0: Operation Canceled
[   18.939371] tpm tpm0: Operation Canceled
[   18.960298] tpm tpm0: Operation Canceled
[   18.981439] tpm tpm0: Operation Canceled
[   19.002278] tpm tpm0: Operation Canceled
[   19.023419] tpm tpm0: Operation Canceled
[   19.044798] tpm tpm0: Operation Canceled
[   19.065938] tpm tpm0: Operation Canceled
[   19.087000] tpm tpm0: Operation Canceled
[   19.107912] tpm tpm0: Operation Canceled
[   19.128914] tpm tpm0: Operation Canceled
[   19.150202] tpm tpm0: Operation Canceled
[   19.171267] tpm tpm0: Operation Canceled
[   19.202943] tpm tpm0: Operation Canceled
[   19.223875] tpm tpm0: Operation Canceled
[   19.244890] tpm tpm0: Operation Canceled
[   19.265886] tpm tpm0: Operation Canceled
[   19.286953] tpm tpm0: Operation Canceled
[   19.307942] tpm tpm0: Operation Canceled
[   19.318572] tpm tpm0: Operation Canceled
[   19.339529] tpm tpm0: Operation Canceled
[   19.360538] tpm tpm0: Operation Canceled
[   19.371058] tpm tpm0: Operation Canceled
[   19.392142] tpm tpm0: Operation Canceled
[   19.413163] tpm tpm0: Operation Canceled
[   19.434131] tpm tpm0: Operation Canceled
[   19.455341] tpm tpm0: Operation Canceled
[   19.476252] tpm tpm0: Operation Canceled
[   19.497251] tpm tpm0: Operation Canceled
[   19.518246] tpm tpm0: Operation Canceled
[   19.539311] tpm tpm0: Operation Canceled
[   19.560566] tpm tpm0: Operation Canceled
[   19.581452] tpm tpm0: Operation Canceled
[   19.602917] tpm tpm0: Operation Canceled
[   19.623800] tpm tpm0: Operation Canceled
[   19.644803] tpm tpm0: Operation Canceled
[   19.665860] tpm tpm0: Operation Canceled
[   19.686932] tpm tpm0: Operation Canceled
[   19.708517] tpm tpm0: Operation Canceled
[   19.729012] tpm tpm0: Operation Canceled
[   19.750136] tpm tpm0: Operation Canceled
[   19.771211] tpm tpm0: Operation Canceled
[   19.792191] tpm tpm0: Operation Canceled
[   19.813175] tpm tpm0: Operation Canceled
[   19.834190] tpm tpm0: Operation Canceled
[   19.865863] tpm tpm0: Operation Canceled
[   19.887189] tpm tpm0: Operation Canceled
[   19.907796] tpm tpm0: Operation Canceled
[   19.928852] tpm tpm0: Operation Canceled
[   19.949877] tpm tpm0: Operation Canceled
[   19.971348] tpm tpm0: Operation Canceled
[   19.992659] tpm tpm0: Operation Canceled
[   20.003137] tpm tpm0: Operation Canceled
[   20.024218] tpm tpm0: Operation Canceled
[   20.045230] tpm tpm0: Operation Canceled
[   20.066241] tpm tpm0: Operation Canceled
[   20.087320] tpm tpm0: Operation Canceled
[   20.108209] tpm tpm0: Operation Canceled
[   20.129208] tpm tpm0: Operation Canceled
[   20.150252] tpm tpm0: Operation Canceled
[   20.171389] tpm tpm0: Operation Canceled
[   20.181763] tpm tpm0: Operation Canceled
[   20.203327] tpm tpm0: Operation Canceled
[   20.223888] tpm tpm0: Operation Canceled
[   20.244924] tpm tpm0: Operation Canceled
[   20.265916] tpm tpm0: Operation Canceled
[   20.286989] tpm tpm0: Operation Canceled
[   20.308049] tpm tpm0: Operation Canceled
[   20.329058] tpm tpm0: Operation Canceled
[   20.350086] tpm tpm0: Operation Canceled
[   20.371135] tpm tpm0: Operation Canceled
[   20.392166] tpm tpm0: Operation Canceled
[   20.413196] tpm tpm0: Operation Canceled
[   20.434295] tpm tpm0: Operation Canceled
[   20.455784] tpm tpm0: Operation Canceled
[   20.466470] tpm tpm0: Operation Canceled
[   20.487448] tpm tpm0: Operation Canceled
[   20.508448] tpm tpm0: Operation Canceled
[   20.540077] tpm tpm0: Operation Canceled
[   20.561102] tpm tpm0: Operation Canceled
[   20.582198] tpm tpm0: Operation Canceled
[   20.603223] tpm tpm0: Operation Canceled
[   20.624288] tpm tpm0: Operation Canceled
[   20.645326] tpm tpm0: Operation Canceled
[   20.666461] tpm tpm0: Operation Canceled
[   20.687483] tpm tpm0: Operation Canceled
[   20.708532] tpm tpm0: Operation Canceled
[   20.729442] tpm tpm0: Operation Canceled
[   20.750865] tpm tpm0: Operation Canceled
[   20.771666] tpm tpm0: Operation Canceled
[   20.792720] tpm tpm0: Operation Canceled
[   20.814099] tpm tpm0: Operation Canceled
[   20.835147] tpm tpm0: Operation Canceled
[   20.866927] tpm tpm0: Operation Canceled
[   20.887762] tpm tpm0: Operation Canceled
[   20.908751] tpm tpm0: Operation Canceled
[   20.929895] tpm tpm0: Operation Canceled
[   20.950905] tpm tpm0: Operation Canceled
[   20.971878] tpm tpm0: Operation Canceled
[   20.992915] tpm tpm0: Operation Canceled
[   21.014190] tpm tpm0: Operation Canceled
[   21.035290] tpm tpm0: Operation Canceled
[   21.056426] tpm tpm0: Operation Canceled
[   21.077444] tpm tpm0: Operation Canceled
[   21.098491] tpm tpm0: Operation Canceled
[   21.119541] tpm tpm0: Operation Canceled
[   21.140533] tpm tpm0: Operation Canceled
[   21.151014] tpm tpm0: Operation Canceled
[   21.182620] tpm tpm0: Operation Canceled
[   21.203596] tpm tpm0: Operation Canceled
[   21.224635] tpm tpm0: Operation Canceled
[   21.245443] tpm tpm0: Operation Canceled
[   21.266675] tpm tpm0: Operation Canceled
[   21.287663] tpm tpm0: Operation Canceled
[   21.308721] tpm tpm0: Operation Canceled
[   21.330125] tpm tpm0: Operation Canceled
[   21.351209] tpm tpm0: Operation Canceled
[   21.372171] tpm tpm0: Operation Canceled
[   21.393210] tpm tpm0: Operation Canceled
[   21.414184] tpm tpm0: Operation Canceled
[   21.435301] tpm tpm0: Operation Canceled
[   21.456349] tpm tpm0: Operation Canceled
[   21.477341] tpm tpm0: Operation Canceled
[   21.498571] tpm tpm0: Operation Canceled
[   21.519540] tpm tpm0: Operation Canceled
[   21.540510] tpm tpm0: Operation Canceled
[   21.572154] tpm tpm0: Operation Canceled
[   21.593202] tpm tpm0: Operation Canceled
[   21.614250] tpm tpm0: Operation Canceled
[   21.635362] tpm tpm0: Operation Canceled
[   21.656348] tpm tpm0: Operation Canceled
[   21.677367] tpm tpm0: Operation Canceled
[   21.698379] tpm tpm0: Operation Canceled
[   21.719434] tpm tpm0: Operation Canceled
[   21.740513] tpm tpm0: Operation Canceled
[   21.761443] tpm tpm0: Operation Canceled
[   21.782738] tpm tpm0: Operation Canceled
[   21.803731] tpm tpm0: Operation Canceled
[   21.824804] tpm tpm0: Operation Canceled
[   21.845808] tpm tpm0: Operation Canceled
[   21.866895] tpm tpm0: Operation Canceled
[   21.887860] tpm tpm0: Operation Canceled
[   21.898473] tpm tpm0: Operation Canceled
[   21.919438] tpm tpm0: Operation Canceled
[   21.940471] tpm tpm0: Operation Canceled
[   21.961446] tpm tpm0: Operation Canceled
[   21.982505] tpm tpm0: Operation Canceled
[   22.003529] tpm tpm0: Operation Canceled
[   22.014075] tpm tpm0: Operation Canceled
[   22.024562] tpm tpm0: Operation Canceled
[   22.045444] tpm tpm0: Operation Canceled
[   22.066596] tpm tpm0: Operation Canceled
[   22.087633] tpm tpm0: Operation Canceled
[   22.108606] tpm tpm0: Operation Canceled
[   22.129441] tpm tpm0: Operation Canceled
[   22.151124] tpm tpm0: Operation Canceled
[   22.171944] tpm tpm0: Operation Canceled
[   22.193445] tpm tpm0: Operation Canceled
[   22.214640] tpm tpm0: Operation Canceled
[   22.235600] tpm tpm0: Operation Canceled
[   22.256633] tpm tpm0: Operation Canceled
[   22.277745] tpm tpm0: Operation Canceled
[   22.298805] tpm tpm0: Operation Canceled
[   22.319953] tpm tpm0: Operation Canceled
[   22.340960] tpm tpm0: Operation Canceled
[   22.362001] tpm tpm0: Operation Canceled
[   22.383035] tpm tpm0: Operation Canceled
[   22.404024] tpm tpm0: Operation Canceled
[   22.425094] tpm tpm0: Operation Canceled
[   22.446098] tpm tpm0: Operation Canceled
[   22.467223] tpm tpm0: Operation Canceled
[   22.488188] tpm tpm0: Operation Canceled
[   22.509213] tpm tpm0: Operation Canceled
[   22.530287] tpm tpm0: Operation Canceled
[   22.551341] tpm tpm0: Operation Canceled
[   22.572410] tpm tpm0: Operation Canceled
[   22.593434] tpm tpm0: Operation Canceled
[   22.614484] tpm tpm0: Operation Canceled
[   22.635481] tpm tpm0: Operation Canceled
[   22.656841] tpm tpm0: Operation Canceled
[   22.677851] tpm tpm0: Operation Canceled
[   22.699085] tpm tpm0: Operation Canceled
[   22.719937] tpm tpm0: Operation Canceled
[   22.730480] tpm tpm0: Operation Canceled
[   22.751515] tpm tpm0: Operation Canceled
[   22.772557] tpm tpm0: Operation Canceled
[   22.793441] tpm tpm0: Operation Canceled
[   22.814667] tpm tpm0: Operation Canceled
[   22.835819] tpm tpm0: Operation Canceled
[   22.856844] tpm tpm0: Operation Canceled
[   22.878057] tpm tpm0: Operation Canceled
[   22.899049] tpm tpm0: Operation Canceled
[   22.920037] tpm tpm0: Operation Canceled
[   22.930529] tpm tpm0: Operation Canceled
[   22.951572] tpm tpm0: Operation Canceled
[   22.972793] tpm tpm0: Operation Canceled
[   22.993799] tpm tpm0: Operation Canceled
[   23.014861] tpm tpm0: Operation Canceled
[   23.035799] tpm tpm0: Operation Canceled
[   23.056789] tpm tpm0: Operation Canceled
[   23.077782] tpm tpm0: Operation Canceled
[   23.098806] tpm tpm0: Operation Canceled
[   23.119866] tpm tpm0: Operation Canceled
[   23.140747] tpm tpm0: Operation Canceled
[   23.161781] tpm tpm0: Operation Canceled
[   23.182706] tpm tpm0: Operation Canceled
[   23.203784] tpm tpm0: Operation Canceled
[   23.224702] tpm tpm0: Operation Canceled
[   23.245449] tpm tpm0: Operation Canceled
[   23.266787] tpm tpm0: Operation Canceled
[   23.287788] tpm tpm0: Operation Canceled
[   23.308739] tpm tpm0: Operation Canceled
[   23.329447] tpm tpm0: Operation Canceled
[   23.350932] tpm tpm0: Operation Canceled
[   23.371717] tpm tpm0: Operation Canceled
[   23.392741] tpm tpm0: Operation Canceled
[   23.413450] tpm tpm0: Operation Canceled
[   23.434904] tpm tpm0: Operation Canceled
[   23.455703] tpm tpm0: Operation Canceled
[   23.476723] tpm tpm0: Operation Canceled
[   23.497447] tpm tpm0: Operation Canceled
[   23.518916] tpm tpm0: Operation Canceled
[   23.539679] tpm tpm0: Operation Canceled
[   23.560690] tpm tpm0: Operation Canceled
[   23.581445] tpm tpm0: Operation Canceled
[   23.602687] tpm tpm0: Operation Canceled
[   23.623803] tpm tpm0: Operation Canceled
[   23.644871] tpm tpm0: Operation Canceled
[   23.665885] tpm tpm0: Operation Canceled
[   23.686897] tpm tpm0: Operation Canceled
[   23.707874] tpm tpm0: Operation Canceled
[   23.728847] tpm tpm0: Operation Canceled
[   23.749901] tpm tpm0: Operation Canceled
[   23.771110] tpm tpm0: Operation Canceled
[   23.792157] tpm tpm0: Operation Canceled
[   23.813168] tpm tpm0: Operation Canceled
[   23.834192] tpm tpm0: Operation Canceled
[   23.855189] tpm tpm0: Operation Canceled
[   23.876194] tpm tpm0: Operation Canceled
[   23.897192] tpm tpm0: Operation Canceled
[   23.918194] tpm tpm0: Operation Canceled
[   23.939298] tpm tpm0: Operation Canceled
[   23.960489] tpm tpm0: Operation Canceled
[   23.981439] tpm tpm0: Operation Canceled
[   24.002503] tpm tpm0: Operation Canceled
[   24.023554] tpm tpm0: Operation Canceled
[   24.044497] tpm tpm0: Operation Canceled
[   24.065445] tpm tpm0: Operation Canceled
[   24.086769] tpm tpm0: Operation Canceled
[   24.107799] tpm tpm0: Operation Canceled
[   24.118525] tpm tpm0: Operation Canceled
[   24.139568] tpm tpm0: Operation Canceled
[   24.160553] tpm tpm0: Operation Canceled
[   24.181444] tpm tpm0: Operation Canceled
[   24.202528] tpm tpm0: Operation Canceled
[   24.223476] tpm tpm0: Operation Canceled
[   24.244405] tpm tpm0: Operation Canceled
[   24.265550] tpm tpm0: Operation Canceled
[   24.286490] tpm tpm0: Operation Canceled
[   24.307492] tpm tpm0: Operation Canceled
[   24.328499] tpm tpm0: Operation Canceled
[   24.349447] tpm tpm0: Operation Canceled
[   24.370555] tpm tpm0: Operation Canceled
[   24.391904] tpm tpm0: Operation Canceled
[   24.412836] tpm tpm0: Operation Canceled
[   24.433861] tpm tpm0: Operation Canceled
[   24.455145] tpm tpm0: Operation Canceled
[   24.475850] tpm tpm0: Operation Canceled
[   24.496878] tpm tpm0: Operation Canceled
[   24.517837] tpm tpm0: Operation Canceled
[   24.549449] tpm tpm0: Operation Canceled
[   24.570304] tpm tpm0: Operation Canceled
[   24.591464] tpm tpm0: Operation Canceled
[   24.612440] tpm tpm0: Operation Canceled
[   24.633446] tpm tpm0: Operation Canceled
[   24.654561] tpm tpm0: Operation Canceled
[   24.675655] tpm tpm0: Operation Canceled
[   24.696587] tpm tpm0: Operation Canceled
[   24.707069] tpm tpm0: Operation Canceled
[   24.728157] tpm tpm0: Operation Canceled
[   24.749149] tpm tpm0: Operation Canceled
[   24.770177] tpm tpm0: Operation Canceled
[   24.791288] tpm tpm0: Operation Canceled
[   24.812475] tpm tpm0: Operation Canceled
[   24.833441] tpm tpm0: Operation Canceled
[   24.854500] tpm tpm0: Operation Canceled
[   24.875527] tpm tpm0: Operation Canceled
[   24.896505] tpm tpm0: Operation Canceled
[   24.917448] tpm tpm0: Operation Canceled
[   24.938571] tpm tpm0: Operation Canceled
[   24.959554] tpm tpm0: Operation Canceled
[   24.980721] tpm tpm0: Operation Canceled
[   25.001770] tpm tpm0: Operation Canceled
[   25.022795] tpm tpm0: Operation Canceled
[   25.043743] tpm tpm0: Operation Canceled
[   25.064772] tpm tpm0: Operation Canceled
[   25.085741] tpm tpm0: Operation Canceled
[   25.106800] tpm tpm0: Operation Canceled
[   25.127743] tpm tpm0: Operation Canceled
[   25.149012] tpm tpm0: Operation Canceled
[   25.169895] tpm tpm0: Operation Canceled
[   25.191223] tpm tpm0: Operation Canceled
[   25.212005] tpm tpm0: Operation Canceled
[   25.222538] tpm tpm0: Operation Canceled
[   25.243397] tpm tpm0: Operation Canceled
[   25.264481] tpm tpm0: Operation Canceled
[   25.285444] tpm tpm0: Operation Canceled
[   25.306745] tpm tpm0: Operation Canceled
[   25.327694] tpm tpm0: Operation Canceled
[   25.348596] tpm tpm0: Operation Canceled
[   25.369784] tpm tpm0: Operation Canceled
[   25.390807] tpm tpm0: Operation Canceled
[   25.411735] tpm tpm0: Operation Canceled
[   25.432727] tpm tpm0: Operation Canceled
[   25.464281] tpm tpm0: Operation Canceled
[   25.485319] tpm tpm0: Operation Canceled
[   25.506277] tpm tpm0: Operation Canceled
[   25.527273] tpm tpm0: Operation Canceled
[   25.548288] tpm tpm0: Operation Canceled
[   25.569279] tpm tpm0: Operation Canceled
[   25.590260] tpm tpm0: Operation Canceled
[   25.611269] tpm tpm0: Operation Canceled
[   25.632284] tpm tpm0: Operation Canceled
[   25.653244] tpm tpm0: Operation Canceled
[   25.674245] tpm tpm0: Operation Canceled
[   25.695279] tpm tpm0: Operation Canceled
[   25.716306] tpm tpm0: Operation Canceled
[   25.737274] tpm tpm0: Operation Canceled
[   25.758299] tpm tpm0: Operation Canceled
[   25.779299] tpm tpm0: Operation Canceled
[   25.800354] tpm tpm0: Operation Canceled
[   25.821305] tpm tpm0: Operation Canceled
[   25.842301] tpm tpm0: Operation Canceled
[   25.863293] tpm tpm0: Operation Canceled
[   25.884268] tpm tpm0: Operation Canceled
[   25.905327] tpm tpm0: Operation Canceled
[   25.926247] tpm tpm0: Operation Canceled
[   25.947273] tpm tpm0: Operation Canceled
[   25.968263] tpm tpm0: Operation Canceled
[   25.989279] tpm tpm0: Operation Canceled
[   26.010253] tpm tpm0: Operation Canceled
[   26.031323] tpm tpm0: Operation Canceled
[   26.052336] tpm tpm0: Operation Canceled
[   26.073368] tpm tpm0: Operation Canceled
[   26.094329] tpm tpm0: Operation Canceled
[   26.115370] tpm tpm0: Operation Canceled
[   26.136365] tpm tpm0: Operation Canceled
[   26.157344] tpm tpm0: Operation Canceled
[   26.178409] tpm tpm0: Operation Canceled
[   26.199370] tpm tpm0: Operation Canceled
[   26.220447] tpm tpm0: Operation Canceled
[   26.241433] tpm tpm0: Operation Canceled
[   26.262582] tpm tpm0: Operation Canceled
[   26.283537] tpm tpm0: Operation Canceled
[   26.304757] tpm tpm0: Operation Canceled
[   26.325829] tpm tpm0: Operation Canceled
[   26.346880] tpm tpm0: Operation Canceled
[   26.367790] tpm tpm0: Operation Canceled
[   26.388783] tpm tpm0: Operation Canceled
[   26.409751] tpm tpm0: Operation Canceled
[   26.430764] tpm tpm0: Operation Canceled
[   26.451781] tpm tpm0: Operation Canceled
[   26.472734] tpm tpm0: Operation Canceled
[   26.493766] tpm tpm0: Operation Canceled
[   26.514811] tpm tpm0: Operation Canceled
[   26.535794] tpm tpm0: Operation Canceled
[   26.556981] tpm tpm0: Operation Canceled
[   26.578038] tpm tpm0: Operation Canceled
[   26.599044] tpm tpm0: Operation Canceled
[   26.620381] tpm tpm0: Operation Canceled
[   26.641047] tpm tpm0: Operation Canceled
[   26.662079] tpm tpm0: Operation Canceled
[   26.683059] tpm tpm0: Operation Canceled
[   26.693449] tpm tpm0: Operation Canceled
[   26.714578] tpm tpm0: Operation Canceled
[   26.735681] tpm tpm0: Operation Canceled
[   26.756607] tpm tpm0: Operation Canceled
[   26.777545] tpm tpm0: Operation Canceled
[   26.799062] tpm tpm0: Operation Canceled
[   26.819679] tpm tpm0: Operation Canceled
[   26.840660] tpm tpm0: Operation Canceled
[   26.861465] tpm tpm0: Operation Canceled
[   26.882720] tpm tpm0: Operation Canceled
[   26.914164] tpm tpm0: Operation Canceled
[   26.935156] tpm tpm0: Operation Canceled
[   26.956287] tpm tpm0: Operation Canceled
[   26.977239] tpm tpm0: Operation Canceled
[   26.998230] tpm tpm0: Operation Canceled
[   27.019284] tpm tpm0: Operation Canceled
[   27.040269] tpm tpm0: Operation Canceled
[   27.061280] tpm tpm0: Operation Canceled
[   27.082250] tpm tpm0: Operation Canceled
[   27.103310] tpm tpm0: Operation Canceled
[   27.124340] tpm tpm0: Operation Canceled
[   27.145256] tpm tpm0: Operation Canceled
[   27.155808] tpm tpm0: Operation Canceled
[   27.176850] tpm tpm0: Operation Canceled
[   27.188229] tpm tpm0: Operation Canceled
[   27.208326] tpm tpm0: Operation Canceled
[   27.229447] tpm tpm0: Operation Canceled
[   27.250405] tpm tpm0: Operation Canceled
[   27.271485] tpm tpm0: Operation Canceled
[   27.292477] tpm tpm0: Operation Canceled
[   27.313443] tpm tpm0: Operation Canceled
[   27.334509] tpm tpm0: Operation Canceled
[   27.355515] tpm tpm0: Operation Canceled
[   27.376478] tpm tpm0: Operation Canceled
[   27.397443] tpm tpm0: Operation Canceled
[   27.418584] tpm tpm0: Operation Canceled
[   27.439580] tpm tpm0: Operation Canceled
[   27.460826] tpm tpm0: Operation Canceled
[   27.481792] tpm tpm0: Operation Canceled
[   27.502737] tpm tpm0: Operation Canceled
[   27.523793] tpm tpm0: Operation Canceled
[   27.544768] tpm tpm0: Operation Canceled
[   27.565859] tpm tpm0: Operation Canceled
[   27.586846] tpm tpm0: Operation Canceled
[   27.607867] tpm tpm0: Operation Canceled
[   27.628875] tpm tpm0: Operation Canceled
[   27.650022] tpm tpm0: Operation Canceled
[   27.671104] tpm tpm0: Operation Canceled
[   27.692011] tpm tpm0: Operation Canceled
[   27.712998] tpm tpm0: Operation Canceled
[   27.734348] tpm tpm0: Operation Canceled
[   27.755457] tpm tpm0: Operation Canceled
[   27.776469] tpm tpm0: Operation Canceled
[   27.797442] tpm tpm0: Operation Canceled
[   27.818700] tpm tpm0: Operation Canceled
[   27.839718] tpm tpm0: Operation Canceled
[   27.860686] tpm tpm0: Operation Canceled
[   27.881749] tpm tpm0: Operation Canceled
[   27.902800] tpm tpm0: Operation Canceled
[   27.923856] tpm tpm0: Operation Canceled
[   27.944856] tpm tpm0: Operation Canceled
[   27.966222] tpm tpm0: Operation Canceled
[   27.987176] tpm tpm0: Operation Canceled
[   28.008325] tpm tpm0: Operation Canceled
[   28.029285] tpm tpm0: Operation Canceled
[   28.050326] tpm tpm0: Operation Canceled
[   28.071382] tpm tpm0: Operation Canceled
[   28.092393] tpm tpm0: Operation Canceled
[   28.113442] tpm tpm0: Operation Canceled
[   28.134421] tpm tpm0: Operation Canceled
[   28.155436] tpm tpm0: Operation Canceled
[   28.176546] tpm tpm0: Operation Canceled
[   28.197451] tpm tpm0: Operation Canceled
[   28.218808] tpm tpm0: Operation Canceled
[   28.239664] tpm tpm0: Operation Canceled
[   28.260683] tpm tpm0: Operation Canceled
[   28.282014] tpm tpm0: Operation Canceled
[   28.302885] tpm tpm0: Operation Canceled
[   28.323759] tpm tpm0: Operation Canceled
[   28.344783] tpm tpm0: Operation Canceled
[   28.366136] tpm tpm0: Operation Canceled
[   28.387221] tpm tpm0: Operation Canceled
[   28.408231] tpm tpm0: Operation Canceled
[   28.429230] tpm tpm0: Operation Canceled
[   28.450575] tpm tpm0: Operation Canceled
[   28.471356] tpm tpm0: Operation Canceled
[   28.492321] tpm tpm0: Operation Canceled
[   28.513375] tpm tpm0: Operation Canceled
[   28.534315] tpm tpm0: Operation Canceled
[   28.555536] tpm tpm0: Operation Canceled
[   28.576516] tpm tpm0: Operation Canceled
[   28.587049] tpm tpm0: Operation Canceled
[   28.608128] tpm tpm0: Operation Canceled
[   28.629283] tpm tpm0: Operation Canceled
[   28.650318] tpm tpm0: Operation Canceled
[   28.671341] tpm tpm0: Operation Canceled
[   28.692398] tpm tpm0: Operation Canceled
[   28.713399] tpm tpm0: Operation Canceled
[   28.734420] tpm tpm0: Operation Canceled
[   28.755529] tpm tpm0: Operation Canceled
[   28.776492] tpm tpm0: Operation Canceled
[   28.797448] tpm tpm0: Operation Canceled
[   28.818761] tpm tpm0: Operation Canceled
[   28.839776] tpm tpm0: Operation Canceled
[   28.860757] tpm tpm0: Operation Canceled
[   28.881827] tpm tpm0: Operation Canceled
[   28.902904] tpm tpm0: Operation Canceled
[   28.934409] tpm tpm0: Operation Canceled
[   28.955473] tpm tpm0: Operation Canceled
[   28.976703] tpm tpm0: Operation Canceled
[   28.997784] tpm tpm0: Operation Canceled
[   29.018781] tpm tpm0: Operation Canceled
[   29.039773] tpm tpm0: Operation Canceled
[   29.060761] tpm tpm0: Operation Canceled
[   29.081854] tpm tpm0: Operation Canceled
[   29.102880] tpm tpm0: Operation Canceled
[   29.124077] tpm tpm0: Operation Canceled
[   29.144974] tpm tpm0: Operation Canceled
[   29.166092] tpm tpm0: Operation Canceled
[   29.187175] tpm tpm0: Operation Canceled
[   29.208220] tpm tpm0: Operation Canceled
[   29.229266] tpm tpm0: Operation Canceled
[   29.250230] tpm tpm0: Operation Canceled
[   29.271277] tpm tpm0: Operation Canceled
[   29.292563] tpm tpm0: Operation Canceled
[   29.313443] tpm tpm0: Operation Canceled
[   29.334772] tpm tpm0: Operation Canceled
[   29.355608] tpm tpm0: Operation Canceled
[   29.376613] tpm tpm0: Operation Canceled
[   29.397447] tpm tpm0: Operation Canceled
[   29.418958] tpm tpm0: Operation Canceled
[   29.439686] tpm tpm0: Operation Canceled
[   29.460835] tpm tpm0: Operation Canceled
[   29.481875] tpm tpm0: Operation Canceled
[   29.502955] tpm tpm0: Operation Canceled
[   29.523911] tpm tpm0: Operation Canceled
[   29.534470] tpm tpm0: Operation Canceled
[   29.555490] tpm tpm0: Operation Canceled
[   29.576517] tpm tpm0: Operation Canceled
[   29.597443] tpm tpm0: Operation Canceled
[   29.618544] tpm tpm0: Operation Canceled
[   29.639582] tpm tpm0: Operation Canceled
[   29.660577] tpm tpm0: Operation Canceled
[   29.692203] tpm tpm0: Operation Canceled
[   29.713177] tpm tpm0: Operation Canceled
[   29.734190] tpm tpm0: Operation Canceled
[   29.755259] tpm tpm0: Operation Canceled
[   29.776286] tpm tpm0: Operation Canceled
[   29.797445] tpm tpm0: Operation Canceled
[   29.818312] tpm tpm0: Operation Canceled
[   29.839380] tpm tpm0: Operation Canceled
[   29.860438] tpm tpm0: Operation Canceled
[   29.881778] tpm tpm0: Operation Canceled
[   29.902779] tpm tpm0: Operation Canceled
[   29.923803] tpm tpm0: Operation Canceled
[   29.944790] tpm tpm0: Operation Canceled
[   29.966041] tpm tpm0: Operation Canceled
[   29.987101] tpm tpm0: Operation Canceled
[   30.007950] tpm tpm0: Operation Canceled
[   30.029071] tpm tpm0: Operation Canceled
[   30.050129] tpm tpm0: Operation Canceled
[   30.071187] tpm tpm0: Operation Canceled
[   30.092182] tpm tpm0: Operation Canceled
[   30.113443] tpm tpm0: Operation Canceled
[   30.134546] tpm tpm0: Operation Canceled
[   30.155527] tpm tpm0: Operation Canceled
[   30.176495] tpm tpm0: Operation Canceled
[   30.197447] tpm tpm0: Operation Canceled
[   30.218736] tpm tpm0: Operation Canceled
[   30.240030] tpm tpm0: Operation Canceled
[   30.260987] tpm tpm0: Operation Canceled
[   30.282209] tpm tpm0: Operation Canceled
[   30.303328] tpm tpm0: Operation Canceled
[   30.324309] tpm tpm0: Operation Canceled
[   30.345330] tpm tpm0: Operation Canceled
[   30.366309] tpm tpm0: Operation Canceled
[   30.387313] tpm tpm0: Operation Canceled
[   30.408270] tpm tpm0: Operation Canceled
[   30.429314] tpm tpm0: Operation Canceled
[   30.450486] tpm tpm0: Operation Canceled
[   30.471592] tpm tpm0: Operation Canceled
[   30.492524] tpm tpm0: Operation Canceled
[   30.503007] tpm tpm0: Operation Canceled
[   30.524383] tpm tpm0: Operation Canceled
[   30.545346] tpm tpm0: Operation Canceled
[   30.566355] tpm tpm0: Operation Canceled
[   30.587413] tpm tpm0: Operation Canceled
[   30.608414] tpm tpm0: Operation Canceled
[   30.629442] tpm tpm0: Operation Canceled
[   30.650411] tpm tpm0: Operation Canceled
[   30.671483] tpm tpm0: Operation Canceled
[   30.692454] tpm tpm0: Operation Canceled
[   30.713443] tpm tpm0: Operation Canceled
[   30.734461] tpm tpm0: Operation Canceled
[   30.755479] tpm tpm0: Operation Canceled
[   30.776501] tpm tpm0: Operation Canceled
[   30.797443] tpm tpm0: Operation Canceled
[   30.818509] tpm tpm0: Operation Canceled
[   30.839745] tpm tpm0: Operation Canceled
[   30.860730] tpm tpm0: Operation Canceled
[   30.881782] tpm tpm0: Operation Canceled
[   30.902830] tpm tpm0: Operation Canceled
[   30.923742] tpm tpm0: Operation Canceled
[   30.944748] tpm tpm0: Operation Canceled
[   30.965753] tpm tpm0: Operation Canceled
[   30.986978] tpm tpm0: Operation Canceled
[   31.007754] tpm tpm0: Operation Canceled
[   31.028772] tpm tpm0: Operation Canceled
[   31.049822] tpm tpm0: Operation Canceled
[   31.070875] tpm tpm0: Operation Canceled
[   31.091776] tpm tpm0: Operation Canceled
[   31.112743] tpm tpm0: Operation Canceled
[   31.133743] tpm tpm0: Operation Canceled
[   31.154811] tpm tpm0: Operation Canceled
[   31.175986] tpm tpm0: Operation Canceled
[   31.197013] tpm tpm0: Operation Canceled
[   31.217987] tpm tpm0: Operation Canceled
[   31.239109] tpm tpm0: Operation Canceled
[   31.260170] tpm tpm0: Operation Canceled
[   31.281124] tpm tpm0: Operation Canceled
[   31.302129] tpm tpm0: Operation Canceled
[   31.323203] tpm tpm0: Operation Canceled
[   31.344239] tpm tpm0: Operation Canceled
[   31.365199] tpm tpm0: Operation Canceled
[   31.386196] tpm tpm0: Operation Canceled
[   31.407246] tpm tpm0: Operation Canceled
[   31.428232] tpm tpm0: Operation Canceled
[   31.449237] tpm tpm0: Operation Canceled
[   31.470179] tpm tpm0: Operation Canceled
[   31.491316] tpm tpm0: Operation Canceled
[   31.512461] tpm tpm0: Operation Canceled
[   31.533441] tpm tpm0: Operation Canceled
[   31.554400] tpm tpm0: Operation Canceled
[   31.575662] tpm tpm0: Operation Canceled
[   31.596505] tpm tpm0: Operation Canceled
[   31.617443] tpm tpm0: Operation Canceled
[   31.638497] tpm tpm0: Operation Canceled
[   31.659558] tpm tpm0: Operation Canceled
[   31.680582] tpm tpm0: Operation Canceled
[   31.712135] tpm tpm0: Operation Canceled
[   31.733200] tpm tpm0: Operation Canceled
[   31.754490] tpm tpm0: Operation Canceled
[   31.775201] tpm tpm0: Operation Canceled
[   31.796182] tpm tpm0: Operation Canceled
[   31.817220] tpm tpm0: Operation Canceled
[   31.838164] tpm tpm0: Operation Canceled
[   31.859228] tpm tpm0: Operation Canceled
[   31.880227] tpm tpm0: Operation Canceled
[   31.901253] tpm tpm0: Operation Canceled
[   31.922365] tpm tpm0: Operation Canceled
[   31.943380] tpm tpm0: Operation Canceled
[   31.964385] tpm tpm0: Operation Canceled
[   31.985399] tpm tpm0: Operation Canceled
[   32.006453] tpm tpm0: Operation Canceled
[   32.027434] tpm tpm0: Operation Canceled
[   32.048441] tpm tpm0: Operation Canceled
[   32.069443] tpm tpm0: Operation Canceled
[   32.090757] tpm tpm0: Operation Canceled
[   32.111683] tpm tpm0: Operation Canceled
[   32.132704] tpm tpm0: Operation Canceled
[   32.164193] tpm tpm0: Operation Canceled
[   32.185186] tpm tpm0: Operation Canceled
[   32.206197] tpm tpm0: Operation Canceled
[   32.227236] tpm tpm0: Operation Canceled
[   32.248083] tpm tpm0: Operation Canceled
[   32.269182] tpm tpm0: Operation Canceled
[   32.290204] tpm tpm0: Operation Canceled
[   32.311245] tpm tpm0: Operation Canceled
[   32.332277] tpm tpm0: Operation Canceled
[   32.353241] tpm tpm0: Operation Canceled
[   32.374237] tpm tpm0: Operation Canceled
[   32.395303] tpm tpm0: Operation Canceled
[   32.416464] tpm tpm0: Operation Canceled
[   32.437442] tpm tpm0: Operation Canceled
[   32.458516] tpm tpm0: Operation Canceled
[   32.479469] tpm tpm0: Operation Canceled
[   32.500445] tpm tpm0: Operation Canceled
[   32.521444] tpm tpm0: Operation Canceled
[   32.542452] tpm tpm0: Operation Canceled
[   32.563494] tpm tpm0: Operation Canceled
[   32.584698] tpm tpm0: Operation Canceled
[   32.605449] tpm tpm0: Operation Canceled
[   32.626716] tpm tpm0: Operation Canceled
[   32.647703] tpm tpm0: Operation Canceled
[   32.668668] tpm tpm0: Operation Canceled
[   32.689766] tpm tpm0: Operation Canceled
[   32.710955] tpm tpm0: Operation Canceled
[   32.732098] tpm tpm0: Operation Canceled
[   32.753194] tpm tpm0: Operation Canceled
[   32.774189] tpm tpm0: Operation Canceled
[   32.795226] tpm tpm0: Operation Canceled
[   32.816223] tpm tpm0: Operation Canceled
[   32.837237] tpm tpm0: Operation Canceled
[   32.858227] tpm tpm0: Operation Canceled
[   32.879221] tpm tpm0: Operation Canceled
[   32.900224] tpm tpm0: Operation Canceled
[   32.921454] tpm tpm0: Operation Canceled
[   32.942457] tpm tpm0: Operation Canceled
[   32.963384] tpm tpm0: Operation Canceled
[   32.974667] tpm tpm0: Operation Canceled
[   32.995188] tpm tpm0: Operation Canceled
[   33.016201] tpm tpm0: Operation Canceled
[   33.037201] tpm tpm0: Operation Canceled
[   33.058242] tpm tpm0: Operation Canceled
[   33.079282] tpm tpm0: Operation Canceled
[   33.100246] tpm tpm0: Operation Canceled
[   33.121223] tpm tpm0: Operation Canceled
[   33.142142] tpm tpm0: Operation Canceled
[   33.163354] tpm tpm0: Operation Canceled
[   33.184349] tpm tpm0: Operation Canceled
[   33.205320] tpm tpm0: Operation Canceled
[   33.226356] tpm tpm0: Operation Canceled
[   33.247605] tpm tpm0: Operation Canceled
[   33.268627] tpm tpm0: Operation Canceled
[   33.289445] tpm tpm0: Operation Canceled
[   33.310599] tpm tpm0: Operation Canceled
[   33.331673] tpm tpm0: Operation Canceled
[   33.352672] tpm tpm0: Operation Canceled
[   33.373441] tpm tpm0: Operation Canceled
[   33.394693] tpm tpm0: Operation Canceled
[   33.415796] tpm tpm0: Operation Canceled
[   33.436814] tpm tpm0: Operation Canceled
[   33.457797] tpm tpm0: Operation Canceled
[   33.478971] tpm tpm0: Operation Canceled
[   33.499795] tpm tpm0: Operation Canceled
[   33.520787] tpm tpm0: Operation Canceled
[   33.541790] tpm tpm0: Operation Canceled
[   33.563014] tpm tpm0: Operation Canceled
[   33.583820] tpm tpm0: Operation Canceled
[   33.604777] tpm tpm0: Operation Canceled
[   33.625813] tpm tpm0: Operation Canceled
[   33.646847] tpm tpm0: Operation Canceled
[   33.667865] tpm tpm0: Operation Canceled
[   33.688823] tpm tpm0: Operation Canceled
[   33.709824] tpm tpm0: Operation Canceled
[   33.730827] tpm tpm0: Operation Canceled
[   33.751860] tpm tpm0: Operation Canceled
[   33.772831] tpm tpm0: Operation Canceled
[   33.793863] tpm tpm0: Operation Canceled
[   33.814888] tpm tpm0: Operation Canceled
[   33.835909] tpm tpm0: Operation Canceled
[   33.856832] tpm tpm0: Operation Canceled
[   33.877822] tpm tpm0: Operation Canceled
[   33.898862] tpm tpm0: Operation Canceled
[   33.919838] tpm tpm0: Operation Canceled
[   33.940866] tpm tpm0: Operation Canceled
[   33.961836] tpm tpm0: Operation Canceled
[   33.982858] tpm tpm0: Operation Canceled
[   34.003764] tpm tpm0: Operation Canceled
[   34.014286] tpm tpm0: Operation Canceled
[   34.035398] tpm tpm0: Operation Canceled
[   34.056364] tpm tpm0: Operation Canceled
[   34.077268] tpm tpm0: Operation Canceled
[   34.098363] tpm tpm0: Operation Canceled
[   34.119434] tpm tpm0: Operation Canceled
[   34.140465] tpm tpm0: Operation Canceled
[   34.172120] tpm tpm0: Operation Canceled
[   34.193052] tpm tpm0: Operation Canceled
[   34.214385] tpm tpm0: Operation Canceled
[   34.235192] tpm tpm0: Operation Canceled
[   34.256215] tpm tpm0: Operation Canceled
[   34.277375] tpm tpm0: Operation Canceled
[   34.298301] tpm tpm0: Operation Canceled
[   34.319310] tpm tpm0: Operation Canceled
[   34.340365] tpm tpm0: Operation Canceled
[   34.361406] tpm tpm0: Operation Canceled
[   34.382357] tpm tpm0: Operation Canceled
[   34.403428] tpm tpm0: Operation Canceled
[   34.424377] tpm tpm0: Operation Canceled
[   34.445348] tpm tpm0: Operation Canceled
[   34.466354] tpm tpm0: Operation Canceled
[   34.487383] tpm tpm0: Operation Canceled
[   34.508411] tpm tpm0: Operation Canceled
[   34.529333] tpm tpm0: Operation Canceled
[   34.550330] tpm tpm0: Operation Canceled
[   34.571363] tpm tpm0: Operation Canceled
[   34.592405] tpm tpm0: Operation Canceled
[   34.613360] tpm tpm0: Operation Canceled
[   34.634384] tpm tpm0: Operation Canceled
[   34.655406] tpm tpm0: Operation Canceled
[   34.676602] tpm tpm0: Operation Canceled
[   34.697392] tpm tpm0: Operation Canceled
[   34.718388] tpm tpm0: Operation Canceled
[   34.739380] tpm tpm0: Operation Canceled
[   34.760393] tpm tpm0: Operation Canceled
[   34.781405] tpm tpm0: Operation Canceled
[   34.802368] tpm tpm0: Operation Canceled
[   34.823413] tpm tpm0: Operation Canceled
[   34.844730] tpm tpm0: Operation Canceled
[   34.865443] tpm tpm0: Operation Canceled
[   34.886403] tpm tpm0: Operation Canceled
[   34.907475] tpm tpm0: Operation Canceled
[   34.928485] tpm tpm0: Operation Canceled
[   34.949444] tpm tpm0: Operation Canceled
[   34.980966] tpm tpm0: Operation Canceled
[   35.002169] tpm tpm0: Operation Canceled
[   35.023208] tpm tpm0: Operation Canceled
[   35.044204] tpm tpm0: Operation Canceled
[   35.065181] tpm tpm0: Operation Canceled
[   35.086143] tpm tpm0: Operation Canceled
[   35.107274] tpm tpm0: Operation Canceled
[   35.128252] tpm tpm0: Operation Canceled
[   35.149272] tpm tpm0: Operation Canceled
[   35.170277] tpm tpm0: Operation Canceled
[   35.191318] tpm tpm0: Operation Canceled
[   35.212299] tpm tpm0: Operation Canceled
[   35.233353] tpm tpm0: Operation Canceled
[   35.254228] tpm tpm0: Operation Canceled
[   35.275355] tpm tpm0: Operation Canceled
[   35.296360] tpm tpm0: Operation Canceled
[   35.317379] tpm tpm0: Operation Canceled
[   35.338690] tpm tpm0: Operation Canceled
[   35.359365] tpm tpm0: Operation Canceled
[   35.380360] tpm tpm0: Operation Canceled
[   35.401337] tpm tpm0: Operation Canceled
[   35.422391] tpm tpm0: Operation Canceled
[   35.443349] tpm tpm0: Operation Canceled
[   35.464379] tpm tpm0: Operation Canceled
[   35.485378] tpm tpm0: Operation Canceled
[   35.506372] tpm tpm0: Operation Canceled
[   35.527447] tpm tpm0: Operation Canceled
[   35.548325] tpm tpm0: Operation Canceled
[   35.569399] tpm tpm0: Operation Canceled
[   35.590404] tpm tpm0: Operation Canceled
[   35.611437] tpm tpm0: Operation Canceled
[   35.632403] tpm tpm0: Operation Canceled
[   35.653439] tpm tpm0: Operation Canceled
[   35.674411] tpm tpm0: Operation Canceled
[   35.695472] tpm tpm0: Operation Canceled
[   35.716467] tpm tpm0: Operation Canceled
[   35.737447] tpm tpm0: Operation Canceled
[   35.758459] tpm tpm0: Operation Canceled
[   35.779466] tpm tpm0: Operation Canceled
[   35.800448] tpm tpm0: Operation Canceled
[   35.821450] tpm tpm0: Operation Canceled
[   35.842465] tpm tpm0: Operation Canceled
[   35.863464] tpm tpm0: Operation Canceled
[   35.884526] tpm tpm0: Operation Canceled
[   35.905445] tpm tpm0: Operation Canceled
[   35.926487] tpm tpm0: Operation Canceled
[   35.947629] tpm tpm0: Operation Canceled
[   35.968665] tpm tpm0: Operation Canceled
[   36.000266] tpm tpm0: Operation Canceled
[   36.021160] tpm tpm0: Operation Canceled
[   36.042129] tpm tpm0: Operation Canceled
[   36.063144] tpm tpm0: Operation Canceled
[   36.084128] tpm tpm0: Operation Canceled
[   36.105120] tpm tpm0: Operation Canceled
[   36.126099] tpm tpm0: Operation Canceled
[   36.157470] tpm tpm0: Operation Canceled
[   36.179214] tpm tpm0: Operation Canceled
[   36.200123] tpm tpm0: Operation Canceled
[   36.221168] tpm tpm0: Operation Canceled
[   36.242095] tpm tpm0: Operation Canceled
[   36.263161] tpm tpm0: Operation Canceled
[   36.284147] tpm tpm0: Operation Canceled
[   36.305201] tpm tpm0: Operation Canceled
[   36.326192] tpm tpm0: Operation Canceled
[   36.347285] tpm tpm0: Operation Canceled
[   36.368271] tpm tpm0: Operation Canceled
[   36.389259] tpm tpm0: Operation Canceled
[   36.410261] tpm tpm0: Operation Canceled
[   36.431324] tpm tpm0: Operation Canceled
[   36.452353] tpm tpm0: Operation Canceled
[   36.473322] tpm tpm0: Operation Canceled
[   36.494309] tpm tpm0: Operation Canceled
[   36.515592] tpm tpm0: Operation Canceled
[   36.536650] tpm tpm0: Operation Canceled
[   36.547250] tpm tpm0: Operation Canceled
[   36.568148] tpm tpm0: Operation Canceled
[   36.589188] tpm tpm0: Operation Canceled
[   36.610186] tpm tpm0: Operation Canceled
[   36.631265] tpm tpm0: Operation Canceled
[   36.652249] tpm tpm0: Operation Canceled
[   36.673269] tpm tpm0: Operation Canceled
[   36.694326] tpm tpm0: Operation Canceled
[   36.715333] tpm tpm0: Operation Canceled
[   36.736338] tpm tpm0: Operation Canceled
[   36.757305] tpm tpm0: Operation Canceled
[   36.778306] tpm tpm0: Operation Canceled
[   36.799320] tpm tpm0: Operation Canceled
[   36.820348] tpm tpm0: Operation Canceled
[   36.852096] tpm tpm0: Operation Canceled
[   36.873099] tpm tpm0: Operation Canceled
[   36.894073] tpm tpm0: Operation Canceled
[   36.915124] tpm tpm0: Operation Canceled
[   36.936084] tpm tpm0: Operation Canceled
[   36.957068] tpm tpm0: Operation Canceled
[   36.988561] tpm tpm0: Operation Canceled
[   36.999036] tpm tpm0: Operation Canceled
[   37.020086] tpm tpm0: Operation Canceled
[   37.041099] tpm tpm0: Operation Canceled
[   37.062126] tpm tpm0: Operation Canceled
[   37.083191] tpm tpm0: Operation Canceled
[   37.104120] tpm tpm0: Operation Canceled
[   37.125364] tpm tpm0: Operation Canceled
[   37.146296] tpm tpm0: Operation Canceled
[   37.177942] tpm tpm0: Operation Canceled
[   37.199083] tpm tpm0: Operation Canceled
[   37.209442] tpm tpm0: Operation Canceled
[   37.230864] tpm tpm0: Operation Canceled
[   37.251680] tpm tpm0: Operation Canceled
[   37.272666] tpm tpm0: Operation Canceled
[   37.293445] tpm tpm0: Operation Canceled
[   37.314851] tpm tpm0: Operation Canceled
[   37.335698] tpm tpm0: Operation Canceled
[   37.356688] tpm tpm0: Operation Canceled
[   37.377870] tpm tpm0: Operation Canceled
[   37.399004] tpm tpm0: Operation Canceled
[   37.419950] tpm tpm0: Operation Canceled
[   37.440938] tpm tpm0: Operation Canceled
[   37.461996] tpm tpm0: Operation Canceled
[   37.483168] tpm tpm0: Operation Canceled
[   37.503954] tpm tpm0: Operation Canceled
[   37.524931] tpm tpm0: Operation Canceled
[   37.546199] tpm tpm0: Operation Canceled
[   37.567222] tpm tpm0: Operation Canceled
[   37.588179] tpm tpm0: Operation Canceled
[   37.609157] tpm tpm0: Operation Canceled
[   37.630148] tpm tpm0: Operation Canceled
[   37.651256] tpm tpm0: Operation Canceled
[   37.672231] tpm tpm0: Operation Canceled
[   37.693327] tpm tpm0: Operation Canceled
[   37.714292] tpm tpm0: Operation Canceled
[   37.735395] tpm tpm0: Operation Canceled
[   37.756349] tpm tpm0: Operation Canceled
[   37.777352] tpm tpm0: Operation Canceled
[   37.798350] tpm tpm0: Operation Canceled
[   37.819345] tpm tpm0: Operation Canceled
[   37.840396] tpm tpm0: Operation Canceled
[   37.861342] tpm tpm0: Operation Canceled
[   37.882275] tpm tpm0: Operation Canceled
[   37.903411] tpm tpm0: Operation Canceled
[   37.924424] tpm tpm0: Operation Canceled
[   37.945396] tpm tpm0: Operation Canceled
[   37.966461] tpm tpm0: Operation Canceled
[   37.987452] tpm tpm0: Operation Canceled
[   38.008525] tpm tpm0: Operation Canceled
[   38.029442] tpm tpm0: Operation Canceled
[   38.050369] tpm tpm0: Operation Canceled
[   38.071454] tpm tpm0: Operation Canceled
[   38.092444] tpm tpm0: Operation Canceled
[   38.113445] tpm tpm0: Operation Canceled
[   38.134413] tpm tpm0: Operation Canceled
[   38.155430] tpm tpm0: Operation Canceled
[   38.176436] tpm tpm0: Operation Canceled
[   38.197466] tpm tpm0: Operation Canceled
[   38.218838] tpm tpm0: Operation Canceled
[   38.239754] tpm tpm0: Operation Canceled
[   38.260795] tpm tpm0: Operation Canceled
[   38.282017] tpm tpm0: Operation Canceled
[   38.303091] tpm tpm0: Operation Canceled
[   38.323954] tpm tpm0: Operation Canceled
[   38.344936] tpm tpm0: Operation Canceled
[   38.365968] tpm tpm0: Operation Canceled
[   38.387089] tpm tpm0: Operation Canceled
[   38.407961] tpm tpm0: Operation Canceled
[   38.418544] tpm tpm0: Operation Canceled
[   38.439555] tpm tpm0: Operation Canceled
[   38.460527] tpm tpm0: Operation Canceled
[   38.481444] tpm tpm0: Operation Canceled
[   38.502510] tpm tpm0: Operation Canceled
[   38.523595] tpm tpm0: Operation Canceled
[   38.544606] tpm tpm0: Operation Canceled
[   38.576194] tpm tpm0: Operation Canceled
[   38.597017] tpm tpm0: Operation Canceled
[   38.618349] tpm tpm0: Operation Canceled
[   38.639424] tpm tpm0: Operation Canceled
[   38.660385] tpm tpm0: Operation Canceled
[   38.681444] tpm tpm0: Operation Canceled
[   38.702403] tpm tpm0: Operation Canceled
[   38.723560] tpm tpm0: Operation Canceled
[   38.744548] tpm tpm0: Operation Canceled
[   38.755049] tpm tpm0: Operation Canceled
[   38.776130] tpm tpm0: Operation Canceled
[   38.797141] tpm tpm0: Operation Canceled
[   38.818121] tpm tpm0: Operation Canceled
[   38.839172] tpm tpm0: Operation Canceled
[   38.860143] tpm tpm0: Operation Canceled
[   38.881179] tpm tpm0: Operation Canceled
[   38.902153] tpm tpm0: Operation Canceled
[   38.923167] tpm tpm0: Operation Canceled
[   38.944436] tpm tpm0: Operation Canceled
[   38.965438] tpm tpm0: Operation Canceled
[   38.986416] tpm tpm0: Operation Canceled
[   39.007472] tpm tpm0: Operation Canceled
