c[?7l[2J[0mSeaBIOS (version rel-1.16.0-0-gd239552ce722-prebuilt.qemu.org)


iPXE (http://ipxe.org) 00:03.0 CA00 PCI2.10 PnP PMM+7FF91000+7FEF1000 CA00
Press Ctrl-B to configure iPXE (PCI 00:03.0)...                                                                               


Booting from ROM..c[?7l[2J[    0.000000] Linux version 6.18.0-415d34b92c1f+ (root@gnr-bkc) (gcc (GCC) 11.5.0 20240719 (Red Hat 11.5.0-14), GNU ld version 2.35.2-54.el9) #1 SMP PREEMPT_DYNAMIC Tue Dec  2 20:05:35 CST 2025
[    0.000000] Command line: console=ttyS0 root=/dev/sda earlyprintk=serial net.ifnames=0 thunderbolt.dyndbg
[    0.000000] KERNEL supported cpus:
[    0.000000]   Intel GenuineIntel
[    0.000000]   AMD AuthenticAMD
[    0.000000]   Hygon HygonGenuine
[    0.000000]   Centaur CentaurHauls
[    0.000000]   zhaoxin   Shanghai  
[    0.000000] x86/split lock detection: #DB: warning on user-space bus_locks
[    0.000000] BIOS-provided physical RAM map:
[    0.000000] BIOS-e820: [mem 0x0000000000000000-0x000000000009fbff] usable
[    0.000000] BIOS-e820: [mem 0x000000000009fc00-0x000000000009ffff] reserved
[    0.000000] BIOS-e820: [mem 0x00000000000f0000-0x00000000000fffff] reserved
[    0.000000] BIOS-e820: [mem 0x0000000000100000-0x000000007ffdffff] usable
[    0.000000] BIOS-e820: [mem 0x000000007ffe0000-0x000000007fffffff] reserved
[    0.000000] BIOS-e820: [mem 0x00000000feffc000-0x00000000feffffff] reserved
[    0.000000] BIOS-e820: [mem 0x00000000fffc0000-0x00000000ffffffff] reserved
[    0.000000] printk: legacy bootconsole [earlyser0] enabled
[    0.000000] NX (Execute Disable) protection: active
[    0.000000] APIC: Static calls initialized
[    0.000000] SMBIOS 2.8 present.
[    0.000000] DMI: QEMU Standard PC (i440FX + PIIX, 1996), BIOS rel-1.16.0-0-gd239552ce722-prebuilt.qemu.org 04/01/2014
[    0.000000] DMI: Memory slots populated: 1/1
[    0.000000] Hypervisor detected: KVM
[    0.000000] last_pfn = 0x7ffe0 max_arch_pfn = 0x10000000000
[    0.000000] kvm-clock: Using msrs 4b564d01 and 4b564d00
[    0.000003] kvm-clock: using sched offset of 664473340 cycles
[    0.000518] clocksource: kvm-clock: mask: 0xffffffffffffffff max_cycles: 0x1cd42e4dffb, max_idle_ns: 881590591483 ns
[    0.002104] tsc: Detected 1700.000 MHz processor
[    0.010079] last_pfn = 0x7ffe0 max_arch_pfn = 0x10000000000
[    0.010665] MTRR map: 4 entries (3 fixed + 1 variable; max 19), built from 8 variable MTRRs
[    0.011480] x86/PAT: Configuration [0-7]: WB  WC  UC- UC  WB  WP  UC- WT  
[    0.017520] found SMP MP-table at [mem 0x000f5ba0-0x000f5baf]
[    0.018110] Using GB pages for direct mapping
[    0.020808] ACPI: Early table checksum verification disabled
[    0.021365] ACPI: RSDP 0x00000000000F59C0 000014 (v00 BOCHS )
[    0.021937] ACPI: RSDT 0x000000007FFE1951 000034 (v01 BOCHS  BXPC     00000001 BXPC 00000001)
[    0.022785] ACPI: FACP 0x000000007FFE17FD 000074 (v01 BOCHS  BXPC     00000001 BXPC 00000001)
[    0.023633] ACPI: DSDT 0x000000007FFE0040 0017BD (v01 BOCHS  BXPC     00000001 BXPC 00000001)
[    0.024478] ACPI: FACS 0x000000007FFE0000 000040
[    0.024940] ACPI: APIC 0x000000007FFE1871 000080 (v01 BOCHS  BXPC     00000001 BXPC 00000001)
[    0.025788] ACPI: HPET 0x000000007FFE18F1 000038 (v01 BOCHS  BXPC     00000001 BXPC 00000001)
[    0.026629] ACPI: WAET 0x000000007FFE1929 000028 (v01 BOCHS  BXPC     00000001 BXPC 00000001)
[    0.027470] ACPI: Reserving FACP table memory at [mem 0x7ffe17fd-0x7ffe1870]
[    0.028157] ACPI: Reserving DSDT table memory at [mem 0x7ffe0040-0x7ffe17fc]
[    0.028844] ACPI: Reserving FACS table memory at [mem 0x7ffe0000-0x7ffe003f]
[    0.029533] ACPI: Reserving APIC table memory at [mem 0x7ffe1871-0x7ffe18f0]
[    0.030219] ACPI: Reserving HPET table memory at [mem 0x7ffe18f1-0x7ffe1928]
[    0.030908] ACPI: Reserving WAET table memory at [mem 0x7ffe1929-0x7ffe1950]
[    0.032442] No NUMA configuration found
[    0.032819] Faking a node at [mem 0x0000000000000000-0x000000007ffdffff]
[    0.033523] NODE_DATA(0) allocated [mem 0x7ffb4ec0-0x7ffdfcbf]
[    0.035254] Zone ranges:
[    0.035521]   DMA      [mem 0x0000000000001000-0x0000000000ffffff]
[    0.036127]   DMA32    [mem 0x0000000001000000-0x000000007ffdffff]
[    0.036735]   Normal   empty
[    0.037021]   Device   empty
[    0.037312] Movable zone start for each node
[    0.037742] Early memory node ranges
[    0.038087]   node   0: [mem 0x0000000000001000-0x000000000009efff]
[    0.038702]   node   0: [mem 0x0000000000100000-0x000000007ffdffff]
[    0.039318] Initmem setup node 0 [mem 0x0000000000001000-0x000000007ffdffff]
[    0.040360] On node 0, zone DMA: 1 pages in unavailable ranges
[    0.041109] On node 0, zone DMA: 97 pages in unavailable ranges
[    0.068925] On node 0, zone DMA32: 32 pages in unavailable ranges
[    0.128044] KernelAddressSanitizer initialized (generic)
[    0.128863] ACPI: PM-Timer IO Port: 0x608
[    0.129282] ACPI: LAPIC_NMI (acpi_id[0xff] dfl dfl lint[0x1])
[    0.129892] IOAPIC[0]: apic_id 0, version 17, address 0xfec00000, GSI 0-23
[    0.130567] ACPI: INT_SRC_OVR (bus 0 bus_irq 0 global_irq 2 dfl dfl)
[    0.131178] ACPI: INT_SRC_OVR (bus 0 bus_irq 5 global_irq 5 high level)
[    0.131816] ACPI: INT_SRC_OVR (bus 0 bus_irq 9 global_irq 9 high level)
[    0.132457] ACPI: INT_SRC_OVR (bus 0 bus_irq 10 global_irq 10 high level)
[    0.133109] ACPI: INT_SRC_OVR (bus 0 bus_irq 11 global_irq 11 high level)
[    0.133776] ACPI: Using ACPI (MADT) for SMP configuration information
[    0.134396] ACPI: HPET id: 0x8086a201 base: 0xfed00000
[    0.134897] TSC deadline timer available
[    0.135289] CPU topo: Max. logical packages:   1
[    0.135729] CPU topo: Max. logical dies:       1
[    0.136173] CPU topo: Max. dies per package:   1
[    0.136628] CPU topo: Max. threads per core:   1
[    0.137067] CPU topo: Num. cores per package:     2
[    0.137536] CPU topo: Num. threads per package:   2
[    0.138003] CPU topo: Allowing 2 present CPUs plus 0 hotplug CPUs
[    0.138636] kvm-guest: APIC: eoi() replaced with kvm_guest_apic_eoi_write()
[    0.139333] kvm-guest: KVM setup pv remote TLB flush
[    0.139806] kvm-guest: setup PV sched yield
[    0.140249] PM: hibernation: Registered nosave memory: [mem 0x00000000-0x00000fff]
[    0.140983] PM: hibernation: Registered nosave memory: [mem 0x0009f000-0x000fffff]
[    0.141716] [mem 0x80000000-0xfeffbfff] available for PCI devices
[    0.142305] Booting paravirtualized kernel on KVM
[    0.142762] clocksource: refined-jiffies: mask: 0xffffffff max_cycles: 0xffffffff, max_idle_ns: 7645519600211568 ns
[    0.143772] setup_percpu: NR_CPUS:8192 nr_cpumask_bits:2 nr_cpu_ids:2 nr_node_ids:1
[    0.144984] percpu: Embedded 80 pages/cpu s290816 r8192 d28672 u1048576
[    0.145831] kvm-guest: PV spinlocks enabled
[    0.146247] PV qspinlock hash table entries: 256 (order: 0, 4096 bytes, linear)
[    0.146969] Kernel command line: net.ifnames=0 console=ttyS0 root=/dev/sda earlyprintk=serial net.ifnames=0 thunderbolt.dyndbg
[    0.148339] random: crng init done
[    0.148672] printk: log buffer data + meta data: 262144 + 917504 = 1179648 bytes
[    0.149807] Dentry cache hash table entries: 262144 (order: 9, 2097152 bytes, linear)
[    0.150941] Inode-cache hash table entries: 131072 (order: 8, 1048576 bytes, linear)
[    0.151983] Fallback order for Node 0: 0 
[    0.151994] Built 1 zonelists, mobility grouping on.  Total pages: 524158
[    0.153000] Policy zone: DMA32
[    0.153297] mem auto-init: stack:off, heap alloc:off, heap free:off
[    0.153878] stackdepot: allocating hash table via alloc_large_system_hash
[    0.154523] stackdepot hash table entries: 1048576 (order: 12, 16777216 bytes, linear)
[    0.158413] stackdepot: allocating space for 8192 stack pools via memblock
[    0.194863] SLUB: HWalign=64, Order=0-3, MinObjects=0, CPUs=2, Nodes=1
[    0.195488] kmemleak: Kernel memory leak detector disabled
[    0.230190] ftrace: allocating 74673 entries in 292 pages
[    0.230704] ftrace: allocated 292 pages with 3 groups
[    0.234957] Dynamic Preempt: voluntary
[    0.235798] Running RCU self tests
[    0.236116] Running RCU synchronous self tests
[    0.236533] rcu: Preemptible hierarchical RCU implementation.
[    0.237065] rcu: 	RCU lockdep checking is enabled.
[    0.237515] rcu: 	RCU restricting CPUs from NR_CPUS=8192 to nr_cpu_ids=2.
[    0.238146] 	Trampoline variant of Tasks RCU enabled.
[    0.238616] 	Rude variant of Tasks RCU enabled.
[    0.239035] 	Tracing variant of Tasks RCU enabled.
[    0.239485] rcu: RCU calculated value of scheduler-enlistment delay is 25 jiffies.
[    0.240186] rcu: Adjusting geometry for rcu_fanout_leaf=16, nr_cpu_ids=2
[    0.240893] Running RCU synchronous self tests
[    0.241316] RCU Tasks: Setting shift to 1 and lim to 1 rcu_task_cb_adjust=1 rcu_task_cpu_ids=2.
[    0.242125] RCU Tasks Rude: Setting shift to 1 and lim to 1 rcu_task_cb_adjust=1 rcu_task_cpu_ids=2.
[    0.242977] RCU Tasks Trace: Setting shift to 1 and lim to 1 rcu_task_cb_adjust=1 rcu_task_cpu_ids=2.
[    0.312182] NR_IRQS: 524544, nr_irqs: 440, preallocated irqs: 16
[    0.313324] rcu: srcu_init: Setting srcu_struct sizes based on contention.
[    0.322686] Console: colour VGA+ 80x25
[    0.323116] printk: legacy console [ttyS0] enabled
[    0.323116] printk: legacy console [ttyS0] enabled
[    0.324032] printk: legacy bootconsole [earlyser0] disabled
[    0.324032] printk: legacy bootconsole [earlyser0] disabled
[    0.325099] Lock dependency validator: Copyright (c) 2006 Red Hat, Inc., Ingo Molnar
[    0.325836] ... MAX_LOCKDEP_SUBCLASSES:  8
[    0.326232] ... MAX_LOCK_DEPTH:          48
[    0.326639] ... MAX_LOCKDEP_KEYS:        8192
[    0.327057] ... CLASSHASH_SIZE:          4096
[    0.327480] ... MAX_LOCKDEP_ENTRIES:     32768
[    0.327907] ... MAX_LOCKDEP_CHAINS:      65536
[    0.328341] ... CHAINHASH_SIZE:          32768
[    0.328773]  memory used by lock dependency info: 6429 kB
[    0.329293]  memory used for stack traces: 4224 kB
[    0.329757]  per task-struct memory footprint: 1920 bytes
[    0.330370] ACPI: Core revision 20250807
[    0.331168] clocksource: hpet: mask: 0xffffffff max_cycles: 0xffffffff, max_idle_ns: 19112604467 ns
[    0.332203] APIC: Switch to symmetric I/O mode setup
[    0.332874] x2apic enabled
[    0.333543] APIC: Switched APIC routing to: physical x2apic
[    0.334086] kvm-guest: APIC: send_IPI_mask() replaced with kvm_send_ipi_mask()
[    0.334788] kvm-guest: APIC: send_IPI_mask_allbutself() replaced with kvm_send_ipi_mask_allbutself()
[    0.335665] kvm-guest: setup PV IPIs
[    0.337185] ..TIMER: vector=0x30 apic1=0 pin1=2 apic2=-1 pin2=-1
[    0.337792] clocksource: tsc-early: mask: 0xffffffffffffffff max_cycles: 0x1881273ac8e, max_idle_ns: 440795257284 ns
[    0.338811] Calibrating delay loop (skipped) preset value.. 3400.00 BogoMIPS (lpj=6800000)
[    0.339763] x86/cpu: User Mode Instruction Prevention (UMIP) activated
[    0.342927] Last level iTLB entries: 4KB 0, 2MB 0, 4MB 0
[    0.343441] Last level dTLB entries: 4KB 0, 2MB 0, 4MB 0, 1GB 0
[    0.344037] mitigations: Enabled attack vectors: user_kernel, user_user, guest_host, guest_guest, SMT mitigations: auto
[    0.345078] Speculative Store Bypass: Mitigation: Speculative Store Bypass disabled via prctl
[    0.345891] Spectre V2 : Mitigation: Enhanced / Automatic IBRS
[    0.346453] ITS: Mitigation: Aligned branch/return thunks
[    0.346804] Spectre V1 : Mitigation: usercopy/swapgs barriers and __user pointer sanitization
[    0.347617] Spectre V2 : WARNING: Unprivileged eBPF is enabled with eIBRS on, data leaks possible via Spectre v2 BHB attacks!
[    0.348690] Spectre V2 : Spectre v2 / PBRSB-eIBRS: Retire a single CALL on VMEXIT
[    0.349410] Spectre V2 : mitigation: Enabling conditional Indirect Branch Prediction Barrier
[    0.350231] active return thunk: its_return_thunk
[    0.350802] Spectre V2 : Spectre BHI mitigation: SW BHB clearing on syscall and VM exit
[    0.352023] x86/fpu: Supporting XSAVE feature 0x001: 'x87 floating point registers'
[    0.352766] x86/fpu: Supporting XSAVE feature 0x002: 'SSE registers'
[    0.353379] x86/fpu: Supporting XSAVE feature 0x004: 'AVX registers'
[    0.353995] x86/fpu: Supporting XSAVE feature 0x020: 'AVX-512 opmask'
[    0.354805] x86/fpu: Supporting XSAVE feature 0x040: 'AVX-512 Hi256'
[    0.355423] x86/fpu: Supporting XSAVE feature 0x080: 'AVX-512 ZMM_Hi256'
[    0.356076] x86/fpu: Supporting XSAVE feature 0x200: 'Protection Keys User registers'
[    0.356833] x86/fpu: Supporting XSAVE feature 0x20000: 'AMX Tile config'
[    0.357480] x86/fpu: Supporting XSAVE feature 0x40000: 'AMX Tile data'
[    0.358114] x86/fpu: xstate_offset[2]:  576, xstate_sizes[2]:  256
[    0.358802] x86/fpu: xstate_offset[5]:  832, xstate_sizes[5]:   64
[    0.359404] x86/fpu: xstate_offset[6]:  896, xstate_sizes[6]:  512
[    0.360007] x86/fpu: xstate_offset[7]: 1408, xstate_sizes[7]: 1024
[    0.360610] x86/fpu: xstate_offset[9]: 2432, xstate_sizes[9]:    8
[    0.361211] x86/fpu: xstate_offset[17]: 2496, xstate_sizes[17]:   64
[    0.361830] x86/fpu: xstate_offset[18]: 2560, xstate_sizes[18]: 8192
[    0.362446] x86/fpu: Enabled xstate features 0x602e7, context size is 10752 bytes, using 'compacted' format.
[    0.528895] Freeing SMP alternatives memory: 64K
[    0.529370] pid_max: default: 32768 minimum: 301
[    0.530073] LSM: initializing lsm=capability,yama,ima,evm
[    0.530708] Yama: becoming mindful.
[    0.531233] Mount-cache hash table entries: 4096 (order: 3, 32768 bytes, linear)
[    0.531965] Mountpoint-cache hash table entries: 4096 (order: 3, 32768 bytes, linear)
[    0.534211] Running RCU synchronous self tests
[    0.534806] Running RCU synchronous self tests
[    0.535535] smpboot: CPU0: Intel(R) Xeon(R) Gold 6414TDX (family: 0x6, model: 0x8f, stepping: 0x6)
[    0.537169] Performance Events: PEBS fmt0-, Sapphire Rapids events, full-width counters, Intel PMU driver.
[    0.538238] ... version:                   2
[    0.538662] ... bit width:                 48
[    0.538798] ... generic counters:          8
[    0.538798] ... generic bitmap:            00000000000000ff
[    0.538808] ... fixed-purpose counters:    4
[    0.539226] ... fixed-purpose bitmap:      000000000000000f
[    0.539771] ... value mask:                0000ffffffffffff
[    0.540315] ... max period:                00007fffffffffff
[    0.540857] ... global_ctrl mask:          0000000f000000ff
[    0.541891] signal: max sigframe size: 11952
[    0.542457] rcu: Hierarchical SRCU implementation.
[    0.542804] rcu: 	Max phase no-delay instances is 1000.
[    0.543520] Timer migration: 1 hierarchy levels; 8 children per group; 1 crossnode level
[    0.559935] smp: Bringing up secondary CPUs ...
[    0.560959] smpboot: x86: Booting SMP configuration:
[    0.561464] .... node  #0, CPUs:      #1
[    0.561720] smp: Brought up 1 node, 2 CPUs
[    0.563223] smpboot: Total of 2 processors activated (6800.00 BogoMIPS)
[    0.564575] Memory: 1591844K/2096632K available (80005K kernel code, 15398K rwdata, 18472K rodata, 16260K init, 21268K bss, 493180K reserved, 0K cma-reserved)
[    0.566813] devtmpfs: initialized
[    0.567939] x86/mm: Memory block size: 128MB
[    0.580268] Running RCU synchronous self tests
[    0.580744] Running RCU synchronous self tests
[    0.581280] Running RCU Tasks wait API self tests
[    0.581280] Running RCU Tasks Rude wait API self tests
[    0.581280] Running RCU Tasks Trace wait API self tests
[    0.602818] clocksource: jiffies: mask: 0xffffffff max_cycles: 0xffffffff, max_idle_ns: 7645041785100000 ns
[    0.603885] posixtimers hash table entries: 1024 (order: 5, 73728 bytes, linear)
[    0.604688] futex hash table entries: 512 (65536 bytes on 1 NUMA nodes, total 64 KiB, linear).
[    0.604688] pinctrl core: initialized pinctrl subsystem
[    0.606123] 
[    0.606289] *************************************************************
[    0.606808] **     NOTICE NOTICE NOTICE NOTICE NOTICE NOTICE NOTICE    **
[    0.607497] **                                                         **
[    0.608183] **  IOMMU DebugFS SUPPORT HAS BEEN ENABLED IN THIS KERNEL  **
[    0.608862] **                                                         **
[    0.609536] ** This means that this kernel is built to expose internal **
[    0.610209] ** IOMMU data structures, which may compromise security on **
[    0.610804] ** your system.                                            **
[    0.611473] **                                                         **
[    0.612141] ** If you see this message and you are not debugging the   **
[    0.612813] ** kernel, report this immediately to your vendor!         **
[    0.613478] **                                                         **
[    0.614148] **     NOTICE NOTICE NOTICE NOTICE NOTICE NOTICE NOTICE    **
[    0.614806] *************************************************************
[    0.615558] PM: RTC time: 12:06:55, date: 2025-12-02
[    0.618806] NET: Registered PF_NETLINK/PF_ROUTE protocol family
[    0.620997] DMA: preallocated 256 KiB GFP_KERNEL pool for atomic allocations
[    0.621733] DMA: preallocated 256 KiB GFP_KERNEL|GFP_DMA pool for atomic allocations
[    0.622525] DMA: preallocated 256 KiB GFP_KERNEL|GFP_DMA32 pool for atomic allocations
[    0.622898] audit: initializing netlink subsys (disabled)
[    0.627199] audit: type=2000 audit(1764677215.440:1): state=initialized audit_enabled=0 res=1
[    0.628740] thermal_sys: Registered thermal governor 'fair_share'
[    0.628752] thermal_sys: Registered thermal governor 'bang_bang'
[    0.629392] thermal_sys: Registered thermal governor 'step_wise'
[    0.629983] thermal_sys: Registered thermal governor 'user_space'
[    0.631458] cpuidle: using governor ladder
[    0.631834] cpuidle: using governor menu
[    0.631834] acpiphp: ACPI Hot Plug PCI Controller Driver version: 0.5
[    0.634810] Callback from call_rcu_tasks_trace() invoked.
[    0.634845] PCI: Using configuration type 1 for base access
[    0.636267] kprobes: kprobe jump-optimization is enabled. All kprobes are optimized if possible.
[    0.833660] HugeTLB: registered 1.00 GiB page size, pre-allocated 0 pages
[    0.834331] HugeTLB: 16380 KiB vmemmap can be freed for a 1.00 GiB page
[    0.834809] HugeTLB: registered 2.00 MiB page size, pre-allocated 0 pages
[    0.835462] HugeTLB: 28 KiB vmemmap can be freed for a 2.00 MiB page
[    0.842173] ACPI: Added _OSI(Module Device)
[    0.842618] ACPI: Added _OSI(Processor Device)
[    0.842825] ACPI: Added _OSI(Processor Aggregator Device)
[    0.860267] ACPI: 1 ACPI AML tables successfully acquired and loaded
[    0.867223] ACPI: Interpreter enabled
[    0.867745] ACPI: PM: (supports S0 S3 S4 S5)
[    0.868177] ACPI: Using IOAPIC for interrupt routing
[    0.868772] PCI: Using host bridge windows from ACPI; if necessary, use "pci=nocrs" and report a bug
[    0.869663] PCI: Using E820 reservations for host bridge windows
[    0.871605] ACPI: Enabled 2 GPEs in block 00 to 0F
[    0.914928] ACPI: PCI Root Bridge [PCI0] (domain 0000 [bus 00-ff])
[    0.915583] acpi PNP0A03:00: _OSC: OS supports [ASPM ClockPM Segments MSI EDR HPX-Type3]
[    0.916386] acpi PNP0A03:00: _OSC: not requesting OS control; OS requires [ExtendedConfig ASPM ClockPM MSI]
[    0.917494] acpi PNP0A03:00: fail to add MMCONFIG information, can't access extended configuration space under this bridge
[    0.923612] acpiphp: Slot [3] registered
[    0.924186] acpiphp: Slot [4] registered
[    0.924726] acpiphp: Slot [5] registered
[    0.925271] acpiphp: Slot [6] registered
[    0.925809] acpiphp: Slot [7] registered
[    0.926354] acpiphp: Slot [8] registered
[    0.926893] acpiphp: Slot [9] registered
[    0.927434] acpiphp: Slot [10] registered
[    0.928201] acpiphp: Slot [11] registered
[    0.928752] acpiphp: Slot [12] registered
[    0.929301] acpiphp: Slot [13] registered
[    0.929846] acpiphp: Slot [14] registered
[    0.930395] acpiphp: Slot [15] registered
[    0.930952] acpiphp: Slot [16] registered
[    0.931493] acpiphp: Slot [17] registered
[    0.932042] acpiphp: Slot [18] registered
[    0.932588] acpiphp: Slot [19] registered
[    0.933135] acpiphp: Slot [20] registered
[    0.933680] acpiphp: Slot [21] registered
[    0.934234] acpiphp: Slot [22] registered
[    0.934780] acpiphp: Slot [23] registered
[    0.934956] acpiphp: Slot [24] registered
[    0.935504] acpiphp: Slot [25] registered
[    0.936052] acpiphp: Slot [26] registered
[    0.936606] acpiphp: Slot [27] registered
[    0.937151] acpiphp: Slot [28] registered
[    0.937701] acpiphp: Slot [29] registered
[    0.938243] acpiphp: Slot [30] registered
[    0.938797] acpiphp: Slot [31] registered
[    0.939265] PCI host bridge to bus 0000:00
[    0.939735] pci_bus 0000:00: root bus resource [io  0x0000-0x0cf7 window]
[    0.940406] pci_bus 0000:00: root bus resource [io  0x0d00-0xffff window]
[    0.941077] pci_bus 0000:00: root bus resource [mem 0x000a0000-0x000bffff window]
[    0.941813] pci_bus 0000:00: root bus resource [mem 0x80000000-0xfebfffff window]
[    0.942549] pci_bus 0000:00: root bus resource [mem 0x100000000-0x17fffffff window]
[    0.942808] pci_bus 0000:00: root bus resource [bus 00-ff]
[    0.943453] pci 0000:00:00.0: [8086:1237] type 00 class 0x060000 conventional PCI endpoint
[    0.954078] pci 0000:00:01.0: [8086:7000] type 00 class 0x060100 conventional PCI endpoint
[    0.956268] pci 0000:00:01.1: [8086:7010] type 00 class 0x010180 conventional PCI endpoint
[    0.957621] pci 0000:00:01.1: BAR 4 [io  0xc040-0xc04f]
[    0.958180] pci 0000:00:01.1: BAR 0 [io  0x01f0-0x01f7]: legacy IDE quirk
[    0.958806] pci 0000:00:01.1: BAR 1 [io  0x03f6]: legacy IDE quirk
[    0.959416] pci 0000:00:01.1: BAR 2 [io  0x0170-0x0177]: legacy IDE quirk
[    0.960080] pci 0000:00:01.1: BAR 3 [io  0x0376]: legacy IDE quirk
[    0.961255] pci 0000:00:01.3: [8086:7113] type 00 class 0x068000 conventional PCI endpoint
[    0.962392] pci 0000:00:01.3: quirk: [io  0x0600-0x063f] claimed by PIIX4 ACPI
[    0.962812] pci 0000:00:01.3: quirk: [io  0x0700-0x070f] claimed by PIIX4 SMB
[    0.964083] pci 0000:00:02.0: [1234:1111] type 00 class 0x030000 conventional PCI endpoint
[    0.965886] pci 0000:00:02.0: BAR 0 [mem 0xfd000000-0xfdffffff pref]
[    0.966533] pci 0000:00:02.0: BAR 2 [mem 0xfebf0000-0xfebf0fff]
[    0.966833] pci 0000:00:02.0: ROM [mem 0xfebe0000-0xfebeffff pref]
[    0.967551] pci 0000:00:02.0: Video device with shadowed ROM at [mem 0x000c0000-0x000dffff]
[    0.977603] pci 0000:00:03.0: [8086:100e] type 00 class 0x020000 conventional PCI endpoint
[    0.979262] pci 0000:00:03.0: BAR 0 [mem 0xfebc0000-0xfebdffff]
[    0.979858] pci 0000:00:03.0: BAR 1 [io  0xc000-0xc03f]
[    0.980408] pci 0000:00:03.0: ROM [mem 0xfeb80000-0xfebbffff pref]
[    1.003706] ACPI: PCI: Interrupt link LNKA configured for IRQ 10
[    1.005355] ACPI: PCI: Interrupt link LNKB configured for IRQ 10
[    1.006957] ACPI: PCI: Interrupt link LNKC configured for IRQ 11
[    1.008544] ACPI: PCI: Interrupt link LNKD configured for IRQ 11
[    1.009880] ACPI: PCI: Interrupt link LNKS configured for IRQ 9
[    1.013190] iommu: Default domain type: Translated
[    1.013677] iommu: DMA domain TLB invalidation policy: lazy mode
[    1.019388] SCSI subsystem initialized
[    1.020294] ACPI: bus type USB registered
[    1.020928] usbcore: registered new interface driver usbfs
[    1.021587] usbcore: registered new interface driver hub
[    1.022185] usbcore: registered new device driver usb
[    1.023034] pps_core: LinuxPPS API ver. 1 registered
[    1.023538] pps_core: Software ver. 5.3.6 - Copyright 2005-2007 Rodolfo Giometti <giometti@linux.it>
[    1.024462] PTP clock support registered
[    1.025211] EDAC MC: Ver: 3.0.0
[    1.028724] NetLabel: Initializing
[    1.029089] NetLabel:  domain hash size = 128
[    1.029523] NetLabel:  protocols = UNLABELED CIPSOv4 CALIPSO
[    1.030218] NetLabel:  unlabeled traffic allowed by default
[    1.031304] PCI: Using ACPI for IRQ routing
[    1.032100] pci 0000:00:02.0: vgaarb: setting as boot VGA device
[    1.032711] pci 0000:00:02.0: vgaarb: bridge control possible
[    1.033287] pci 0000:00:02.0: vgaarb: VGA device added: decodes=io+mem,owns=io+mem,locks=none
[    1.034197] vgaarb: loaded
[    1.034948] hpet0: at MMIO 0xfed00000, IRQs 2, 8, 0
[    1.035461] hpet0: 3 comparators, 64-bit 100.000000 MHz counter
[    1.040163] clocksource: Switched to clocksource kvm-clock
[    3.818582] VFS: Disk quotas dquot_6.6.0
[    3.819075] VFS: Dquot-cache hash table entries: 512 (order 0, 4096 bytes)
[    3.821460] pnp: PnP ACPI init
[    3.826131] pnp: PnP ACPI: found 6 devices
[    3.841062] Callback from call_rcu_tasks() invoked.
[    3.849103] clocksource: acpi_pm: mask: 0xffffff max_cycles: 0xffffff, max_idle_ns: 2085701024 ns
[    3.850538] NET: Registered PF_INET protocol family
[    3.851187] IP idents hash table entries: 32768 (order: 6, 262144 bytes, linear)
[    3.853478] tcp_listen_portaddr_hash hash table entries: 1024 (order: 5, 73728 bytes, linear)
[    3.854398] Table-perturb hash table entries: 65536 (order: 6, 262144 bytes, linear)
[    3.855236] TCP established hash table entries: 16384 (order: 5, 131072 bytes, linear)
[    3.856757] TCP bind hash table entries: 16384 (order: 10, 2359296 bytes, linear)
[    3.858792] TCP: Hash tables configured (established 16384 bind 16384)
[    3.859592] UDP hash table entries: 1024 (order: 6, 262144 bytes, linear)
[    3.860361] UDP-Lite hash table entries: 1024 (order: 6, 262144 bytes, linear)
[    3.861560] NET: Registered PF_UNIX/PF_LOCAL protocol family
[    3.862977] RPC: Registered named UNIX socket transport module.
[    3.863597] RPC: Registered udp transport module.
[    3.864070] RPC: Registered tcp transport module.
[    3.864549] RPC: Registered tcp-with-tls transport module.
[    3.865120] RPC: Registered tcp NFSv4.1 backchannel transport module.
[    3.865787] pci_bus 0000:00: resource 4 [io  0x0000-0x0cf7 window]
[    3.866414] pci_bus 0000:00: resource 5 [io  0x0d00-0xffff window]
[    3.867033] pci_bus 0000:00: resource 6 [mem 0x000a0000-0x000bffff window]
[    3.867726] pci_bus 0000:00: resource 7 [mem 0x80000000-0xfebfffff window]
[    3.868418] pci_bus 0000:00: resource 8 [mem 0x100000000-0x17fffffff window]
[    3.869507] pci 0000:00:01.0: PIIX3: Enabling Passive Release
[    3.870098] pci 0000:00:00.0: Limiting direct PCI/PCI transfers
[    3.870790] PCI: CLS 0 bytes, default 64
[    3.871290] ACPI: bus type thunderbolt registered
[    3.872187] clocksource: tsc: mask: 0xffffffffffffffff max_cycles: 0x1881273ac8e, max_idle_ns: 440795257284 ns
[    3.873294] sgx: There are zero EPC sections.
[    3.880252] Initialise system trusted keyrings
[    3.880873] Key type blacklist registered
[    3.881499] workingset: timestamp_bits=36 max_order=19 bucket_order=0
[    3.884181] squashfs: version 4.0 (2009/01/31) Phillip Lougher
[    3.886165] NFS: Registering the id_resolver key type
[    3.886711] Key type id_resolver registered
[    3.887135] Key type id_legacy registered
[    3.887592] nfs4filelayout_init: NFSv4 File Layout Driver Registering...
[    3.888291] nfs4flexfilelayout_init: NFSv4 Flexfile Layout Driver Registering...
[    3.889411] fuse: init (API version 7.45)
[    3.890469] SGI XFS with ACLs, security attributes, realtime, quota, no debug enabled
[    3.892608] 9p: Installing v9fs 9p2000 file system support
[    3.908716] Key type asymmetric registered
[    3.909145] Asymmetric key parser 'x509' registered
[    3.909769] Block layer SCSI generic (bsg) driver version 0.4 loaded (major 241)
[    3.910742] io scheduler mq-deadline registered
[    3.911337] io scheduler bfq registered
[    3.912398] ledtrig-cpu: registered to indicate activity on CPUs
[    3.914572] IPMI message handler: version 39.2
[    3.915110] ipmi device interface
[    3.917573] input: Power Button as /devices/LNXSYSTM:00/LNXPWRBN:00/input/input0
[    3.918916] ACPI: button: Power Button [PWRF]
[    3.920980] ERST DBG: ERST support is disabled.
[    3.923233] Serial: 8250/16550 driver, 32 ports, IRQ sharing enabled
[    3.925058] 00:04: ttyS0 at I/O 0x3f8 (irq = 4, base_baud = 115200) is a 16550A
[    3.955788] Linux agpgart interface v0.103
[    3.958685] ACPI: bus type drm_connector registered
[    3.983989] brd: module loaded
[    4.000044] loop: module loaded
[    4.010230] scsi host0: ata_piix
[    4.011732] scsi host1: ata_piix
[    4.012608] ata1: PATA max MWDMA2 cmd 0x1f0 ctl 0x3f6 bmdma 0xc040 irq 14 lpm-pol 0
[    4.013412] ata2: PATA max MWDMA2 cmd 0x170 ctl 0x376 bmdma 0xc048 irq 15 lpm-pol 0
[    4.017446] tun: Universal TUN/TAP device driver, 1.6
[    4.018352] e100: Intel(R) PRO/100 Network Driver
[    4.018833] e100: Copyright(c) 1999-2006 Intel Corporation
[    4.019528] e1000: Intel(R) PRO/1000 Network Driver
[    4.020025] e1000: Copyright (c) 1999-2006 Intel Corporation.
[    4.168984] ata1: found unknown device (class 0)
[    4.169872] ata2: found unknown device (class 0)
[    4.171017] ata2.00: ATAPI: QEMU DVD-ROM, 2.5+, max UDMA/100
[    4.171749] ata1.00: ATA-7: QEMU HARDDISK, 2.5+, max UDMA/100
[    4.172335] ata1.00: 17196647 sectors, multi 16: LBA48 
[    4.174498] scsi 0:0:0:0: Direct-Access     ATA      QEMU HARDDISK    2.5+ PQ: 0 ANSI: 5
[    4.177310] sd 0:0:0:0: Attached scsi generic sg0 type 0
[    4.177576] sd 0:0:0:0: [sda] 17196647 512-byte logical blocks: (8.80 GB/8.20 GiB)
[    4.178842] sd 0:0:0:0: [sda] Write Protect is off
[    4.179416] sd 0:0:0:0: [sda] Write cache: enabled, read cache: enabled, doesn't support DPO or FUA
[    4.180428] sd 0:0:0:0: [sda] Preferred minimum I/O size 512 bytes
[    4.180878] scsi 1:0:0:0: CD-ROM            QEMU     QEMU DVD-ROM     2.5+ PQ: 0 ANSI: 5
[    4.214242] scsi 1:0:0:0: Attached scsi generic sg1 type 5
[    4.222831] sd 0:0:0:0: [sda] Attached SCSI disk
[    4.852789] ACPI: \_SB_.LNKC: Enabled at IRQ 11
[    5.173538] e1000 0000:00:03.0 eth0: (PCI:33MHz:32-bit) 52:54:00:12:34:56
[    5.174348] e1000 0000:00:03.0 eth0: Intel(R) PRO/1000 Network Connection
[    5.175221] e1000e: Intel(R) PRO/1000 Network Driver
[    5.175752] e1000e: Copyright(c) 1999 - 2015 Intel Corporation.
[    5.176536] igb: Intel(R) Gigabit Ethernet Network Driver
[    5.177166] igb: Copyright (c) 2007-2014 Intel Corporation.
[    5.178169] PPP generic driver version 2.4.2
[    5.179453] VFIO - User Level meta-driver version: 0.3
[    5.181171] usbcore: registered new interface driver uas
[    5.181882] usbcore: registered new interface driver usb-storage
[    5.182800] i8042: PNP: PS/2 Controller [PNP0303:KBD,PNP0f13:MOU] at 0x60,0x64 irq 1,12
[    5.184631] serio: i8042 KBD port at 0x60,0x64 irq 1
[    5.185235] serio: i8042 AUX port at 0x60,0x64 irq 12
[    5.186961] mousedev: PS/2 mouse device common for all mice
[    5.188783] input: AT Translated Set 2 keyboard as /devices/platform/i8042/serio0/input/input1
[    5.189423] rtc_cmos 00:05: RTC can wake from S4
[    5.191843] input: VirtualPS/2 VMware VMMouse as /devices/platform/i8042/serio1/input/input4
[    5.192608] rtc_cmos 00:05: registered as rtc0
[    5.193420] rtc_cmos 00:05: setting system clock to 2025-12-02T12:06:59 UTC (1764677219)
[    5.194761] rtc_cmos 00:05: alarms up to one day, y3k, 242 bytes nvram, hpet irqs
[    5.194861] input: VirtualPS/2 VMware VMMouse as /devices/platform/i8042/serio1/input/input3
[    5.195608] i2c_dev: i2c /dev entries driver
[    5.196965] device-mapper: core: CONFIG_IMA_DISABLE_HTABLE is disabled. Duplicate IMA measurements will not be recorded in the IMA log.
[    5.198263] device-mapper: uevent: version 1.0.3
[    5.199178] device-mapper: ioctl: 4.50.0-ioctl (2025-04-28) initialised: dm-devel@lists.linux.dev
[    5.200100] intel_pstate: CPU model not supported
[    5.200848] sdhci: Secure Digital Host Controller Interface driver
[    5.201481] sdhci: Copyright(c) Pierre Ossman
[    5.202137] sdhci-pltfm: SDHCI platform and OF driver helper
[    5.203280] drop_monitor: Initializing network drop monitor service
[    5.204336] NET: Registered PF_INET6 protocol family
[    5.206564] Segment Routing with IPv6
[    5.207011] In-situ OAM (IOAM) with IPv6
[    5.207480] NET: Registered PF_PACKET protocol family
[    5.208211] 9pnet: Installing 9P2000 support
[    5.208796] Key type dns_resolver registered
[    5.210850] IPI shorthand broadcast: enabled
[    5.272543] sched_clock: Marking stable (5248004908, 20823792)->(5272744820, -3916120)
[    5.274186] registered taskstats version 1
[    5.275006] Loading compiled-in X.509 certificates
[    5.358924] Demotion targets for Node 0: null
[    5.360521] Key type .fscrypt registered
[    5.360954] Key type fscrypt-provisioning registered
[    5.363385] Key type encrypted registered
[    5.363857] ima: No TPM chip found, activating TPM-bypass!
[    5.364432] ima: Allocated hash algorithm: sha1
[    5.364984] ima: No architecture policies found
[    5.365588] evm: Initialising EVM extended attributes:
[    5.366108] evm: security.selinux
[    5.366452] evm: security.SMACK64
[    5.366791] evm: security.SMACK64EXEC
[    5.367158] evm: security.SMACK64TRANSMUTE
[    5.367572] evm: security.SMACK64MMAP
[    5.367938] evm: security.apparmor
[    5.368289] evm: security.ima
[    5.368591] evm: security.capability
[    5.368960] evm: HMAC attrs: 0x1
[    5.371988] PM:   Magic number: 5:523:126
[    5.372496] acpi device:01: hash matches
[    5.373935] RAS: Correctable Errors collector initialized.
[    5.374948] clk: Disabling unused clocks
[    5.375562] PM: genpd: Disabling unused power domains
[    5.376742] check access for rdinit=/init failed: -2, ignoring
[    5.377229] md: Waiting for all devices to be available before autodetect
[    5.377680] md: If you don't use raid, use raid=noautodetect
[    5.378057] md: Autodetecting RAID arrays.
[    5.378347] md: autorun ...
[    5.378545] md: ... autorun DONE.
[    5.384002] EXT4-fs (sda): INFO: recovery required on readonly filesystem
[    5.384490] EXT4-fs (sda): write access will be enabled during recovery
[    5.451677] EXT4-fs (sda): recovery complete
[    5.453270] EXT4-fs (sda): mounted filesystem 088740a9-c8b4-422c-999d-a804eb68a4da ro with ordered data mode. Quota mode: none.
[    5.454102] VFS: Mounted root (ext4 filesystem) readonly on device 8:0.
[    5.456106] devtmpfs: mounted
[    5.478413] Freeing unused decrypted memory: 2036K
[    5.484070] Freeing unused kernel image (initmem) memory: 16260K
[    5.484683] Write protecting the kernel read-only data: 102400k
[    5.488190] Freeing unused kernel image (text/rodata gap) memory: 1912K
[    5.490068] Freeing unused kernel image (rodata/data gap) memory: 2008K
[    6.558555] x86/mm: Checked W+X mappings: passed, no W+X pages found.
[    6.559059] Run /sbin/init as init process
[    6.698056] systemd[1]: systemd 252-15.el9 running in system mode (+PAM +AUDIT +SELINUX -APPARMOR +IMA +SMACK +SECCOMP +GCRYPT +GNUTLS +OPENSSL +ACL +BLKID +CURL +ELFUTILS -FIDO2 +IDN2 -IDN -IPTC +KMOD +LIBCRYPTSETUP +LIBFDISK +PCRE2 -PWQUALITY +P11KIT -QRENCODE +TPM2 +BZIP2 +LZ4 +XZ +ZLIB +ZSTD -BPF_FRAMEWORK +XKBCOMMON +UTMP +SYSVINIT default-hierarchy=unified)
[    6.700145] systemd[1]: Detected virtualization kvm.
[    6.700501] systemd[1]: Detected architecture x86-64.

Welcome to [0;31mCentOS Stream 9[0m!

[    6.704712] systemd[1]: Hostname set to <test>.
[    6.923694] systemd-rc-local-generator[120]: /etc/rc.d/rc.local is not marked executable, skipping.
[    7.158120] systemd[1]: Queued start job for default target Multi-User System.
[    7.195489] systemd[1]: Created slice Virtual Machine and Container Slice.
[[0;32m  OK  [0m] Created slice [0;1;39mVirtual Machine and Container Slice[0m.
[    7.200899] systemd[1]: Created slice Slice /system/getty.
[[0;32m  OK  [0m] Created slice [0;1;39mSlice /system/getty[0m.
[    7.203853] systemd[1]: Created slice Slice /system/modprobe.
[[0;32m  OK  [0m] Created slice [0;1;39mSlice /system/modprobe[0m.
[    7.206830] systemd[1]: Created slice Slice /system/serial-getty.
[[0;32m  OK  [0m] Created slice [0;1;39mSlice /system/serial-getty[0m.
[    7.209849] systemd[1]: Created slice Slice /system/sshd-keygen.
[[0;32m  OK  [0m] Created slice [0;1;39mSlice /system/sshd-keygen[0m.
[    7.212588] systemd[1]: Created slice User and Session Slice.
[[0;32m  OK  [0m] Created slice [0;1;39mUser and Session Slice[0m.
[    7.214001] systemd[1]: Started Forward Password Requests to Wall Directory Watch.
[[0;32m  OK  [0m] Started [0;1;39mForward Password R…uests to Wall Directory Watch[0m.
[    7.216160] systemd[1]: Set up automount Arbitrary Executable File Formats File System Automount Point.
[[0;32m  OK  [0m] Set up automount [0;1;39mArbitrary…s File System Automount Point[0m.
[    7.217766] systemd[1]: Reached target Local Integrity Protected Volumes.
[[0;32m  OK  [0m] Reached target [0;1;39mLocal Integrity Protected Volumes[0m.
[    7.218965] systemd[1]: Reached target Slice Units.
[[0;32m  OK  [0m] Reached target [0;1;39mSlice Units[0m.
[    7.219859] systemd[1]: Reached target Swaps.
[[0;32m  OK  [0m] Reached target [0;1;39mSwaps[0m.
[    7.220693] systemd[1]: Reached target Local Verity Protected Volumes.
[[0;32m  OK  [0m] Reached target [0;1;39mLocal Verity Protected Volumes[0m.
[    7.222175] systemd[1]: Listening on Device-mapper event daemon FIFOs.
[[0;32m  OK  [0m] Listening on [0;1;39mDevice-mapper event daemon FIFOs[0m.
[    7.223859] systemd[1]: Listening on LVM2 poll daemon socket.
[[0;32m  OK  [0m] Listening on [0;1;39mLVM2 poll daemon socket[0m.
[    7.225061] systemd[1]: multipathd control socket was skipped because of an unmet condition check (ConditionPathExists=/etc/multipath.conf).
[    7.254597] systemd[1]: Listening on RPCbind Server Activation Socket.
[[0;32m  OK  [0m] Listening on [0;1;39mRPCbind Server Activation Socket[0m.
[    7.255862] systemd[1]: Reached target RPC Port Mapper.
[[0;32m  OK  [0m] Reached target [0;1;39mRPC Port Mapper[0m.
[    7.258978] systemd[1]: Listening on Process Core Dump Socket.
[[0;32m  OK  [0m] Listening on [0;1;39mProcess Core Dump Socket[0m.
[    7.260425] systemd[1]: Listening on initctl Compatibility Named Pipe.
[[0;32m  OK  [0m] Listening on [0;1;39minitctl Compatibility Named Pipe[0m.
[    7.262189] systemd[1]: Listening on Journal Socket (/dev/log).
[[0;32m  OK  [0m] Listening on [0;1;39mJournal Socket (/dev/log)[0m.
[    7.263808] systemd[1]: Listening on Journal Socket.
[[0;32m  OK  [0m] Listening on [0;1;39mJournal Socket[0m.
[    7.265451] systemd[1]: Listening on udev Control Socket.
[[0;32m  OK  [0m] Listening on [0;1;39mudev Control Socket[0m.
[    7.266849] systemd[1]: Listening on udev Kernel Socket.
[[0;32m  OK  [0m] Listening on [0;1;39mudev Kernel Socket[0m.
[    7.301125] systemd[1]: Mounting Huge Pages File System...
         Mounting [0;1;39mHuge Pages File System[0m...
[    7.307923] systemd[1]: Mounting POSIX Message Queue File System...
         Mounting [0;1;39mPOSIX Message Queue File System[0m...
[    7.318797] systemd[1]: Mounting Kernel Debug File System...
         Mounting [0;1;39mKernel Debug File System[0m...
[    7.329096] systemd[1]: Mounting Kernel Trace File System...
         Mounting [0;1;39mKernel Trace File System[0m...
[    7.330454] systemd[1]: Kernel Module supporting RPCSEC_GSS was skipped because of an unmet condition check (ConditionPathExists=/etc/krb5.keytab).
[    7.331426] systemd[1]: Create List of Static Device Nodes was skipped because of an unmet condition check (ConditionFileNotEmpty=/lib/modules/6.18.0-415d34b92c1f+/modules.devname).
[    7.337451] systemd[1]: Starting Monitoring of LVM2 mirrors, snapshots etc. using dmeventd or progress polling...
         Starting [0;1;39mMonitoring of LVM…meventd or progress polling[0m...
[    7.345422] systemd[1]: Starting Load Kernel Module configfs...
         Starting [0;1;39mLoad Kernel Module configfs[0m...
[    7.353124] systemd[1]: Starting Load Kernel Module drm...
         Starting [0;1;39mLoad Kernel Module drm[0m...
[    7.369120] systemd[1]: Starting Load Kernel Module fuse...
         Starting [0;1;39mLoad Kernel Module fuse[0m...
[    7.381167] systemd[1]: Starting Read and set NIS domainname from /etc/sysconfig/network...
         Starting [0;1;39mRead and set NIS …from /etc/sysconfig/network[0m...
[    7.405124] systemd[1]: Starting Journal Service...
         Starting [0;1;39mJournal Service[0m...
[    7.425082] systemd[1]: Starting Load Kernel Modules...
         Starting [0;1;39mLoad Kernel Modules[0m...
[    7.442367] systemd[1]: Starting Generate network units from Kernel command line...
         Starting [0;1;39mGenerate network …ts from Kernel command line[0m...
[    7.453154] systemd[1]: Starting Remount Root and Kernel File Systems...
         Starting [0;1;39mRemount Root and Kernel File Systems[0m...
[    7.457594] systemd[1]: Repartition Root Disk was skipped because no trigger condition checks were met.
[    7.494469] systemd[1]: Starting Coldplug All udev Devices...
         Starting [0;1;39mColdplug All udev Devices[0m...
[    7.508123] systemd[1]: Mounted Huge Pages File System.
[[0;32m  OK  [0m] Mounted [0;1;39mHuge Pages File System[0m.
[    7.513004] systemd[1]: Mounted POSIX Message Queue File System.
[[0;32m  OK  [0m] Mounted [0;1;39mPOSIX Message Queue File System[0m.
[    7.514671] systemd[1]: Mounted Kernel Debug File System.
[[0;32m  OK  [0m] Mounted [0;1;39mKernel Debug File System[0m.
[    7.516339] systemd[1]: Mounted Kernel Trace File System.
[[0;32m  OK  [0m] Mounted [0;1;39mKernel Trace File System[0m.
[    7.525068] systemd[1]: Finished Monitoring of LVM2 mirrors, snapshots etc. using dmeventd or progress polling.
[[0;32m  OK  [0m] Finished [0;1;39mMonitoring of LVM… dmeventd or progress polling[0m.
[    7.531119] systemd[1]: modprobe@configfs.service: Deactivated successfully.
[    7.532666] systemd[1]: Finished Load Kernel Module configfs.
[[0;32m  OK  [0m] Finished [0;1;39mLoad Kernel Module configfs[0m.[    7.537079] EXT4-fs (sda): re-mounted 088740a9-c8b4-422c-999d-a804eb68a4da r/w.

[    7.544163] systemd[1]: modprobe@drm.service: Deactivated successfully.
[    7.549882] systemd[1]: Finished Load Kernel Module drm.
[[0;32m  OK  [0m] Finished [0;1;39mLoad Kernel Module drm[0m.
[    7.554398] systemd[1]: modprobe@fuse.service: Deactivated successfully.
[    7.562330] systemd[1]: Finished Load Kernel Module fuse.
[[0;32m  OK  [0m] Finished [0;1;39mLoad Kernel Module fuse[0m.
[    7.563771] systemd[1]: Started Journal Service.
[[0;32m  OK  [0m] Started [0;1;39mJournal Service[0m.
[[0;32m  OK  [0m] Finished [0;1;39mRead and set NIS …e from /etc/sysconfig/network[0m.
[[0;1;31mFAILED[0m] Failed to start [0;1;39mLoad Kernel Modules[0m.
See 'systemctl status systemd-modules-load.service' for details.
[[0;32m  OK  [0m] Finished [0;1;39mGenerate network units from Kernel command line[0m.
[[0;32m  OK  [0m] Finished [0;1;39mRemount Root and Kernel File Systems[0m.
[[0;32m  OK  [0m] Reached target [0;1;39mPreparation for Network[0m.
         Mounting [0;1;39mFUSE Control File System[0m...
         Mounting [0;1;39mKernel Configuration File System[0m...
         Starting [0;1;39mFlush Journal to Persistent Storage[0m...
         Starting [0;1;39mLoad/Save Random Seed[0m...
[    7.651223] systemd-journald[142]: Received client request to flush runtime journal.
         Starting [0;1;39mApply Kernel Variables[0m...
         Starting [0;1;39mCreate Static Device Nodes in /dev[0m...
         Starting [0;1;39mSetup Virtual Console[0m...
[[0;32m  OK  [0m] Mounted [0;1;39mFUSE Control File System[0m.
[[0;32m  OK  [0m] Mounted [0;1;39mKernel Configuration File System[0m.
[[0;32m  OK  [0m] Finished [0;1;39mFlush Journal to Persistent Storage[0m.
[[0;32m  OK  [0m] Finished [0;1;39mLoad/Save Random Seed[0m.
[[0;32m  OK  [0m] Finished [0;1;39mApply Kernel Variables[0m.
[[0;32m  OK  [0m] Finished [0;1;39mCreate Static Device Nodes in /dev[0m.
         Starting [0;1;39mRule-based Manage…for Device Events and Files[0m...
[[0;32m  OK  [0m] Started [0;1;39mRule-based Manager for Device Events and Files[0m.
         Starting [0;1;39mAuto-connect to s…E devices found during boot[0m...
[[0;32m  OK  [0m] Finished [0;1;39mAuto-connect to s…VME devices found during boot[0m.
[[0;32m  OK  [0m] Finished [0;1;39mSetup Virtual Console[0m.
[[0;32m  OK  [0m] Finished [0;1;39mColdplug All udev Devices[0m.
         Starting [0;1;39mShow Plymouth Boot Screen[0m...
         Starting [0;1;39mWait for udev To …plete Device Initialization[0m...
[2J[3J[-1;-1f[[0;32m  OK  [0m] Started [0;1;39mShow Plymouth Boot Screen[0m.
[[0;32m  OK  [0m] Started [0;1;39mForward Password R…s to Plymouth Directory Watch[0m.
[[0;32m  OK  [0m] Reached target [0;1;39mLocal Encrypted Volumes[0m.
[[0;32m  OK  [0m] Reached target [0;1;39mPath Units[0m.
[[0;32m  OK  [0m] Found device [0;1;39m/dev/ttyS0[0m.
[[0;32m  OK  [0m] Listening on [0;1;39mLoad/Save RF …itch Status /dev/rfkill Watch[0m.
[[0;32m  OK  [0m] Finished [0;1;39mWait for udev To Complete Device Initialization[0m.
[[0;32m  OK  [0m] Reached target [0;1;39mPreparation for Local File Systems[0m.
[[0;32m  OK  [0m] Reached target [0;1;39mLocal File Systems[0m.
         Starting [0;1;39mTell Plymouth To Write Out Runtime Data[0m...
         Starting [0;1;39mAutomatic Boot Loader Update[0m...
         Starting [0;1;39mCreate Volatile Files and Directories[0m...
[[0;32m  OK  [0m] Finished [0;1;39mTell Plymouth To Write Out Runtime Data[0m.
[[0;32m  OK  [0m] Finished [0;1;39mAutomatic Boot Loader Update[0m.
[[0;32m  OK  [0m] Finished [0;1;39mCreate Volatile Files and Directories[0m.
         Mounting [0;1;39mRPC Pipe File System[0m...
         Starting [0;1;39mSecurity Auditing Service[0m...
         Starting [0;1;39mRPC Bind[0m...
[[0;32m  OK  [0m] Mounted [0;1;39mRPC Pipe File System[0m.
[[0;32m  OK  [0m] Reached target [0;1;39mrpc_pipefs.target[0m.
[[0;32m  OK  [0m] Started [0;1;39mRPC Bind[0m.
[[0;32m  OK  [0m] Started [0;1;39mSecurity Auditing Service[0m.
         Starting [0;1;39mRecord System Boot/Shutdown in UTMP[0m...
[[0;32m  OK  [0m] Finished [0;1;39mRecord System Boot/Shutdown in UTMP[0m.
[[0;32m  OK  [0m] Reached target [0;1;39mSystem Initialization[0m.
[[0;32m  OK  [0m] Started [0;1;39mDaily rotation of log files[0m.
[[0;32m  OK  [0m] Started [0;1;39mUpdates mlocate database every day[0m.
[[0;32m  OK  [0m] Started [0;1;39mDaily Cleanup of Temporary Directories[0m.
[[0;32m  OK  [0m] Started [0;1;39mdaily update of the root trust anchor for DNSSEC[0m.
[[0;32m  OK  [0m] Reached target [0;1;39mTimer Units[0m.
[[0;32m  OK  [0m] Listening on [0;1;39mD-Bus System Message Bus Socket[0m.
[[0;32m  OK  [0m] Listening on [0;1;39mOpen-iSCSI iscsid Socket[0m.
[[0;32m  OK  [0m] Listening on [0;1;39mOpen-iSCSI iscsiuio Socket[0m.
[[0;32m  OK  [0m] Listening on [0;1;39mSSSD Kerberos…ache Manager responder socket[0m.
[[0;32m  OK  [0m] Listening on [0;1;39mLibvirt interface local socket[0m.
[[0;32m  OK  [0m] Listening on [0;1;39mVirtual machine lock manager socket[0m.
[[0;32m  OK  [0m] Listening on [0;1;39mVirtual machine log manager socket[0m.
[[0;32m  OK  [0m] Listening on [0;1;39mLibvirt network local socket[0m.
[[0;32m  OK  [0m] Listening on [0;1;39mLibvirt nodedev local socket[0m.
[[0;32m  OK  [0m] Listening on [0;1;39mLibvirt nwfilter local socket[0m.
[[0;32m  OK  [0m] Listening on [0;1;39mLibvirt proxy local socket[0m.
[[0;32m  OK  [0m] Listening on [0;1;39mLibvirt qemu local socket[0m.
[[0;32m  OK  [0m] Listening on [0;1;39mLibvirt qemu admin socket[0m.
[[0;32m  OK  [0m] Listening on [0;1;39mLibvirt qemu local read-only socket[0m.
[[0;32m  OK  [0m] Listening on [0;1;39mLibvirt secret local socket[0m.
[[0;32m  OK  [0m] Listening on [0;1;39mLibvirt storage local socket[0m.
[[0;32m  OK  [0m] Reached target [0;1;39mSocket Units[0m.
         Starting [0;1;39mD-Bus System Message Bus[0m...
[[0;32m  OK  [0m] Started [0;1;39mD-Bus System Message Bus[0m.
[[0;32m  OK  [0m] Reached target [0;1;39mBasic System[0m.
         Starting [0;1;39mNetwork Manager[0m...
         Starting [0;1;39mNTP client/server[0m...
         Starting [0;1;39mRestore /run/initramfs on shutdown[0m...
[[0;32m  OK  [0m] Started [0;1;39mirqbalance daemon[0m.
[[0;32m  OK  [0m] Started [0;1;39mlibstoragemgmt plug-in server daemon[0m.
[[0;32m  OK  [0m] Started [0;1;39mMachine Check Exception Logging Daemon[0m.
[[0;32m  OK  [0m] Reached target [0;1;39msshd-keygen.target[0m.
[[0;32m  OK  [0m] Reached target [0;1;39mUser and Group Name Lookups[0m.
         Starting [0;1;39mUser Login Management[0m...
         Starting [0;1;39mVirtual Machine a…tainer Registration Service[0m...
[[0;32m  OK  [0m] Finished [0;1;39mRestore /run/initramfs on shutdown[0m.
         Starting [0;1;39mHostname Service[0m...
[[0;32m  OK  [0m] Started [0;1;39mVirtual Machine an…ontainer Registration Service[0m.
[[0;32m  OK  [0m] Started [0;1;39mNTP client/server[0m.
[[0;32m  OK  [0m] Started [0;1;39mUser Login Management[0m.
[[0;32m  OK  [0m] Started [0;1;39mHostname Service[0m.
         Starting [0;1;39mNetwork Manager Script Dispatcher Service[0m...
[[0;32m  OK  [0m] Started [0;1;39mNetwork Manager Script Dispatcher Service[0m.
[   10.949053] e1000: eth0 NIC Link is Up 1000 Mbps Full Duplex, Flow Control: RX
[[0;32m  OK  [0m] Started [0;1;39mNetwork Manager[0m.
[[0;32m  OK  [0m] Reached target [0;1;39mNetwork[0m.
[[0;32m  OK  [0m] Reached target [0;1;39mNetwork is Online[0m.
         Starting [0;1;39mGSSAPI Proxy Daemon[0m...
         Starting [0;1;39mNotify NFS peers of a restart[0m...
         Starting [0;1;39mSystem Logging Service[0m...
         Starting [0;1;39mOpenSSH server daemon[0m...
         Starting [0;1;39mDynamic System Tuning Daemon[0m...
[[0;32m  OK  [0m] Started [0;1;39mNotify NFS peers of a restart[0m.
[[0;32m  OK  [0m] Started [0;1;39mOpenSSH server daemon[0m.
[[0;32m  OK  [0m] Started [0;1;39mGSSAPI Proxy Daemon[0m.
[[0;32m  OK  [0m] Reached target [0;1;39mNFS client services[0m.
[[0;32m  OK  [0m] Reached target [0;1;39mPreparation for Remote File Systems[0m.
[[0;32m  OK  [0m] Reached target [0;1;39mRemote File Systems[0m.
         Starting [0;1;39mPermit User Sessions[0m...
         Starting [0;1;39mVirtualization qemu daemon[0m...
[[0;32m  OK  [0m] Finished [0;1;39mPermit User Sessions[0m.
[[0;32m  OK  [0m] Started [0;1;39mDeferred execution scheduler[0m.
[[0;32m  OK  [0m] Started [0;1;39mCommand Scheduler[0m.
         Starting [0;1;39mHold until boot process finishes up[0m...
         Starting [0;1;39mTerminate Plymouth Boot Screen[0m...

CentOS Stream 9
Kernel 6.18.0-415d34b92c1f+ on an x86_64

Activate the web console with: systemctl enable --now cockpit.socket

test login: [   18.418155] tpm tpm0: Operation Canceled
[   18.439161] tpm tpm0: Operation Canceled
[   18.460203] tpm tpm0: Operation Canceled
[   18.481249] tpm tpm0: Operation Canceled
[   18.502255] tpm tpm0: Operation Canceled
[   18.523218] tpm tpm0: Operation Canceled
[   18.544242] tpm tpm0: Operation Canceled
[   18.565243] tpm tpm0: Operation Canceled
[   18.586315] tpm tpm0: Operation Canceled
[   18.607254] tpm tpm0: Operation Canceled
[   18.628299] tpm tpm0: Operation Canceled
[   18.649354] tpm tpm0: Operation Canceled
[   18.670328] tpm tpm0: Operation Canceled
[   18.691308] tpm tpm0: Operation Canceled
[   18.701931] tpm tpm0: Operation Canceled
[   18.723133] tpm tpm0: Operation Canceled
[   18.744247] tpm tpm0: Operation Canceled
[   18.765301] tpm tpm0: Operation Canceled
[   18.786348] tpm tpm0: Operation Canceled
[   18.807324] tpm tpm0: Operation Canceled
[   18.817978] tpm tpm0: Operation Canceled
[   18.838910] tpm tpm0: Operation Canceled
[   18.849893] tpm tpm0: Operation Canceled
[   18.870910] tpm tpm0: Operation Canceled
[   18.891897] tpm tpm0: Operation Canceled
[   18.912853] tpm tpm0: Operation Canceled
[   18.934016] tpm tpm0: Operation Canceled
[   18.955054] tpm tpm0: Operation Canceled
[   18.975965] tpm tpm0: Operation Canceled
[   19.007657] tpm tpm0: Operation Canceled
[   19.029239] tpm tpm0: Operation Canceled
[   19.049969] tpm tpm0: Operation Canceled
[   19.070983] tpm tpm0: Operation Canceled
[   19.092002] tpm tpm0: Operation Canceled
[   19.102558] tpm tpm0: Operation Canceled
[   19.123645] tpm tpm0: Operation Canceled
[   19.144691] tpm tpm0: Operation Canceled
[   19.166119] tpm tpm0: Operation Canceled
[   19.197674] tpm tpm0: Operation Canceled
[   19.218768] tpm tpm0: Operation Canceled
[   19.239748] tpm tpm0: Operation Canceled
[   19.260801] tpm tpm0: Operation Canceled
[   19.281898] tpm tpm0: Operation Canceled
[   19.302902] tpm tpm0: Operation Canceled
[   19.324170] tpm tpm0: Operation Canceled
[   19.345256] tpm tpm0: Operation Canceled
[   19.366503] tpm tpm0: Operation Canceled
[   19.387304] tpm tpm0: Operation Canceled
[   19.408377] tpm tpm0: Operation Canceled
[   19.429386] tpm tpm0: Operation Canceled
[   19.450540] tpm tpm0: Operation Canceled
[   19.471473] tpm tpm0: Operation Canceled
[   19.481944] tpm tpm0: Operation Canceled
[   19.503035] tpm tpm0: Operation Canceled
[   19.524086] tpm tpm0: Operation Canceled
[   19.545487] tpm tpm0: Operation Canceled
[   19.577290] tpm tpm0: Operation Canceled
[   19.598156] tpm tpm0: Operation Canceled
[   19.619191] tpm tpm0: Operation Canceled
[   19.640569] tpm tpm0: Operation Canceled
[   19.661558] tpm tpm0: Operation Canceled
[   19.682652] tpm tpm0: Operation Canceled
[   19.693155] tpm tpm0: Operation Canceled
[   19.714579] tpm tpm0: Operation Canceled
[   19.735246] tpm tpm0: Operation Canceled
[   19.756319] tpm tpm0: Operation Canceled
[   19.777384] tpm tpm0: Operation Canceled
[   19.798439] tpm tpm0: Operation Canceled
[   19.819444] tpm tpm0: Operation Canceled
[   19.840496] tpm tpm0: Operation Canceled
[   19.861506] tpm tpm0: Operation Canceled
[   19.892861] tpm tpm0: Operation Canceled
[   19.914179] tpm tpm0: Operation Canceled
[   19.935129] tpm tpm0: Operation Canceled
[   19.956150] tpm tpm0: Operation Canceled
[   19.977217] tpm tpm0: Operation Canceled
[   19.998305] tpm tpm0: Operation Canceled
[   20.019251] tpm tpm0: Operation Canceled
[   20.040261] tpm tpm0: Operation Canceled
[   20.061333] tpm tpm0: Operation Canceled
[   20.082473] tpm tpm0: Operation Canceled
[   20.103421] tpm tpm0: Operation Canceled
[   20.114036] tpm tpm0: Operation Canceled
[   20.134934] tpm tpm0: Operation Canceled
[   20.155937] tpm tpm0: Operation Canceled
[   20.198060] tpm tpm0: Operation Canceled
[   20.219046] tpm tpm0: Operation Canceled
[   20.240311] tpm tpm0: Operation Canceled
[   20.261408] tpm tpm0: Operation Canceled
[   20.282467] tpm tpm0: Operation Canceled
[   20.303513] tpm tpm0: Operation Canceled
[   20.324440] tpm tpm0: Operation Canceled
[   20.345624] tpm tpm0: Operation Canceled
[   20.366606] tpm tpm0: Operation Canceled
[   20.376857] tpm tpm0: Operation Canceled
[   20.398489] tpm tpm0: Operation Canceled
[   20.419271] tpm tpm0: Operation Canceled
[   20.429877] tpm tpm0: Operation Canceled
[   20.450918] tpm tpm0: Operation Canceled
[   20.471943] tpm tpm0: Operation Canceled
[   20.503728] tpm tpm0: Operation Canceled
[   20.524808] tpm tpm0: Operation Canceled
[   20.545880] tpm tpm0: Operation Canceled
[   20.567287] tpm tpm0: Operation Canceled
[   20.578001] tpm tpm0: Operation Canceled
[   20.598914] tpm tpm0: Operation Canceled
[   20.619903] tpm tpm0: Operation Canceled
[   20.640855] tpm tpm0: Operation Canceled
[   20.661906] tpm tpm0: Operation Canceled
[   20.683021] tpm tpm0: Operation Canceled
[   20.704186] tpm tpm0: Operation Canceled
[   20.714595] tpm tpm0: Operation Canceled
[   20.735621] tpm tpm0: Operation Canceled
[   20.756706] tpm tpm0: Operation Canceled
[   20.777696] tpm tpm0: Operation Canceled
[   20.799006] tpm tpm0: Operation Canceled
[   20.820062] tpm tpm0: Operation Canceled
[   20.840859] tpm tpm0: Operation Canceled
[   20.862353] tpm tpm0: Operation Canceled
[   20.883205] tpm tpm0: Operation Canceled
[   20.904326] tpm tpm0: Operation Canceled
[   20.925354] tpm tpm0: Operation Canceled
[   20.946420] tpm tpm0: Operation Canceled
[   20.967457] tpm tpm0: Operation Canceled
[   20.978021] tpm tpm0: Operation Canceled
[   20.999032] tpm tpm0: Operation Canceled
[   21.020085] tpm tpm0: Operation Canceled
[   21.051633] tpm tpm0: Operation Canceled
[   21.072615] tpm tpm0: Operation Canceled
[   21.093597] tpm tpm0: Operation Canceled
[   21.114691] tpm tpm0: Operation Canceled
[   21.135759] tpm tpm0: Operation Canceled
[   21.157162] tpm tpm0: Operation Canceled
[   21.188721] tpm tpm0: Operation Canceled
[   21.209797] tpm tpm0: Operation Canceled
[   21.230848] tpm tpm0: Operation Canceled
[   21.251876] tpm tpm0: Operation Canceled
[   21.283620] tpm tpm0: Operation Canceled
[   21.304544] tpm tpm0: Operation Canceled
[   21.325582] tpm tpm0: Operation Canceled
[   21.346964] tpm tpm0: Operation Canceled
[   21.368031] tpm tpm0: Operation Canceled
[   21.378635] tpm tpm0: Operation Canceled
[   21.399645] tpm tpm0: Operation Canceled
[   21.420738] tpm tpm0: Operation Canceled
[   21.441912] tpm tpm0: Operation Canceled
[   21.462870] tpm tpm0: Operation Canceled
[   21.483983] tpm tpm0: Operation Canceled
[   21.515578] tpm tpm0: Operation Canceled
[   21.536806] tpm tpm0: Operation Canceled
[   21.557929] tpm tpm0: Operation Canceled
[   21.578796] tpm tpm0: Operation Canceled
[   21.599831] tpm tpm0: Operation Canceled
[   21.620850] tpm tpm0: Operation Canceled
[   21.641933] tpm tpm0: Operation Canceled
[   21.662958] tpm tpm0: Operation Canceled
[   21.683950] tpm tpm0: Operation Canceled
[   21.704922] tpm tpm0: Operation Canceled
[   21.726241] tpm tpm0: Operation Canceled
[   21.747289] tpm tpm0: Operation Canceled
[   21.768285] tpm tpm0: Operation Canceled
[   21.789336] tpm tpm0: Operation Canceled
[   21.810581] tpm tpm0: Operation Canceled
[   21.831642] tpm tpm0: Operation Canceled
[   21.852655] tpm tpm0: Operation Canceled
[   21.873699] tpm tpm0: Operation Canceled
[   21.895383] tpm tpm0: Operation Canceled
[   21.905953] tpm tpm0: Operation Canceled
[   21.926917] tpm tpm0: Operation Canceled
[   21.947914] tpm tpm0: Operation Canceled
[   21.968850] tpm tpm0: Operation Canceled
[   21.990240] tpm tpm0: Operation Canceled
[   22.011012] tpm tpm0: Operation Canceled
[   22.032038] tpm tpm0: Operation Canceled
[   22.052852] tpm tpm0: Operation Canceled
[   22.074513] tpm tpm0: Operation Canceled
[   22.095531] tpm tpm0: Operation Canceled
[   22.116557] tpm tpm0: Operation Canceled
[   22.137552] tpm tpm0: Operation Canceled
[   22.158673] tpm tpm0: Operation Canceled
[   22.179641] tpm tpm0: Operation Canceled
[   22.200648] tpm tpm0: Operation Canceled
[   22.221880] tpm tpm0: Operation Canceled
[   22.232248] tpm tpm0: Operation Canceled
[   22.253287] tpm tpm0: Operation Canceled
[   22.274403] tpm tpm0: Operation Canceled
[   22.295340] tpm tpm0: Operation Canceled
[   22.316339] tpm tpm0: Operation Canceled
[   22.337385] tpm tpm0: Operation Canceled
[   22.358718] tpm tpm0: Operation Canceled
[   22.379731] tpm tpm0: Operation Canceled
[   22.400786] tpm tpm0: Operation Canceled
[   22.421750] tpm tpm0: Operation Canceled
[   22.442790] tpm tpm0: Operation Canceled
[   22.463826] tpm tpm0: Operation Canceled
[   22.474494] tpm tpm0: Operation Canceled
[   22.495423] tpm tpm0: Operation Canceled
[   22.516452] tpm tpm0: Operation Canceled
[   22.537429] tpm tpm0: Operation Canceled
[   22.558454] tpm tpm0: Operation Canceled
[   22.579442] tpm tpm0: Operation Canceled
[   22.600491] tpm tpm0: Operation Canceled
[   22.621462] tpm tpm0: Operation Canceled
[   22.642523] tpm tpm0: Operation Canceled
[   22.663569] tpm tpm0: Operation Canceled
[   22.684602] tpm tpm0: Operation Canceled
[   22.705631] tpm tpm0: Operation Canceled
[   22.726635] tpm tpm0: Operation Canceled
[   22.747653] tpm tpm0: Operation Canceled
[   22.768684] tpm tpm0: Operation Canceled
[   22.789756] tpm tpm0: Operation Canceled
[   22.810767] tpm tpm0: Operation Canceled
[   22.831830] tpm tpm0: Operation Canceled
[   22.853188] tpm tpm0: Operation Canceled
[   22.874277] tpm tpm0: Operation Canceled
[   22.895296] tpm tpm0: Operation Canceled
[   22.916336] tpm tpm0: Operation Canceled
[   22.937331] tpm tpm0: Operation Canceled
[   22.958468] tpm tpm0: Operation Canceled
[   22.979673] tpm tpm0: Operation Canceled
[   23.000677] tpm tpm0: Operation Canceled
[   23.022023] tpm tpm0: Operation Canceled
[   23.043016] tpm tpm0: Operation Canceled
[   23.074574] tpm tpm0: Operation Canceled
[   23.095632] tpm tpm0: Operation Canceled
[   23.116636] tpm tpm0: Operation Canceled
[   23.137631] tpm tpm0: Operation Canceled
[   23.158688] tpm tpm0: Operation Canceled
[   23.179699] tpm tpm0: Operation Canceled
[   23.200730] tpm tpm0: Operation Canceled
[   23.221746] tpm tpm0: Operation Canceled
[   23.242824] tpm tpm0: Operation Canceled
[   23.263799] tpm tpm0: Operation Canceled
[   23.284810] tpm tpm0: Operation Canceled
[   23.305874] tpm tpm0: Operation Canceled
[   23.326848] tpm tpm0: Operation Canceled
[   23.347911] tpm tpm0: Operation Canceled
[   23.369886] tpm tpm0: Operation Canceled
[   23.390202] tpm tpm0: Operation Canceled
[   23.410995] tpm tpm0: Operation Canceled
[   23.431966] tpm tpm0: Operation Canceled
[   23.442580] tpm tpm0: Operation Canceled
[   23.463562] tpm tpm0: Operation Canceled
[   23.484622] tpm tpm0: Operation Canceled
[   23.505711] tpm tpm0: Operation Canceled
[   23.526744] tpm tpm0: Operation Canceled
[   23.548001] tpm tpm0: Operation Canceled
[   23.579599] tpm tpm0: Operation Canceled
[   23.600654] tpm tpm0: Operation Canceled
[   23.621673] tpm tpm0: Operation Canceled
[   23.642691] tpm tpm0: Operation Canceled
[   23.663702] tpm tpm0: Operation Canceled
[   23.684740] tpm tpm0: Operation Canceled
[   23.705829] tpm tpm0: Operation Canceled
[   23.726822] tpm tpm0: Operation Canceled
[   23.747818] tpm tpm0: Operation Canceled
[   23.758488] tpm tpm0: Operation Canceled
[   23.779418] tpm tpm0: Operation Canceled
[   23.800457] tpm tpm0: Operation Canceled
[   23.821674] tpm tpm0: Operation Canceled
[   23.842699] tpm tpm0: Operation Canceled
[   23.863722] tpm tpm0: Operation Canceled
[   23.884715] tpm tpm0: Operation Canceled
[   23.905932] tpm tpm0: Operation Canceled
[   23.926892] tpm tpm0: Operation Canceled
[   23.947885] tpm tpm0: Operation Canceled
[   23.979490] tpm tpm0: Operation Canceled
[   24.000520] tpm tpm0: Operation Canceled
[   24.021523] tpm tpm0: Operation Canceled
[   24.042653] tpm tpm0: Operation Canceled
[   24.063671] tpm tpm0: Operation Canceled
[   24.084851] tpm tpm0: Operation Canceled
[   24.105928] tpm tpm0: Operation Canceled
[   24.126922] tpm tpm0: Operation Canceled
[   24.147941] tpm tpm0: Operation Canceled
[   24.158556] tpm tpm0: Operation Canceled
[   24.190049] tpm tpm0: Operation Canceled
[   24.211096] tpm tpm0: Operation Canceled
[   24.232085] tpm tpm0: Operation Canceled
[   24.253199] tpm tpm0: Operation Canceled
[   24.284704] tpm tpm0: Operation Canceled
[   24.305739] tpm tpm0: Operation Canceled
[   24.326840] tpm tpm0: Operation Canceled
[   24.347832] tpm tpm0: Operation Canceled
[   24.368850] tpm tpm0: Operation Canceled
[   24.389918] tpm tpm0: Operation Canceled
[   24.410930] tpm tpm0: Operation Canceled
[   24.432155] tpm tpm0: Operation Canceled
[   24.453209] tpm tpm0: Operation Canceled
[   24.474252] tpm tpm0: Operation Canceled
[   24.495232] tpm tpm0: Operation Canceled
[   24.516309] tpm tpm0: Operation Canceled
[   24.537305] tpm tpm0: Operation Canceled
[   24.558373] tpm tpm0: Operation Canceled
[   24.579386] tpm tpm0: Operation Canceled
[   24.600577] tpm tpm0: Operation Canceled
[   24.621467] tpm tpm0: Operation Canceled
[   24.642557] tpm tpm0: Operation Canceled
[   24.652854] tpm tpm0: Operation Canceled
[   24.674527] tpm tpm0: Operation Canceled
[   24.695044] tpm tpm0: Operation Canceled
[   24.716049] tpm tpm0: Operation Canceled
[   24.736850] tpm tpm0: Operation Canceled
[   24.758144] tpm tpm0: Operation Canceled
[   24.779364] tpm tpm0: Operation Canceled
[   24.800381] tpm tpm0: Operation Canceled
[   24.821454] tpm tpm0: Operation Canceled
[   24.852853] tpm tpm0: Operation Canceled
[   24.874107] tpm tpm0: Operation Canceled
[   24.895028] tpm tpm0: Operation Canceled
[   24.916087] tpm tpm0: Operation Canceled
[   24.937151] tpm tpm0: Operation Canceled
[   24.958596] tpm tpm0: Operation Canceled
[   24.979597] tpm tpm0: Operation Canceled
[   25.000605] tpm tpm0: Operation Canceled
[   25.021664] tpm tpm0: Operation Canceled
[   25.042654] tpm tpm0: Operation Canceled
[   25.063668] tpm tpm0: Operation Canceled
[   25.095176] tpm tpm0: Operation Canceled
[   25.116204] tpm tpm0: Operation Canceled
[   25.137525] tpm tpm0: Operation Canceled
[   25.158663] tpm tpm0: Operation Canceled
[   25.169176] tpm tpm0: Operation Canceled
[   25.190184] tpm tpm0: Operation Canceled
[   25.211207] tpm tpm0: Operation Canceled
[   25.232218] tpm tpm0: Operation Canceled
[   25.253240] tpm tpm0: Operation Canceled
[   25.284775] tpm tpm0: Operation Canceled
[   25.305797] tpm tpm0: Operation Canceled
[   25.327071] tpm tpm0: Operation Canceled
[   25.348042] tpm tpm0: Operation Canceled
[   25.368851] tpm tpm0: Operation Canceled
[   25.390086] tpm tpm0: Operation Canceled
[   25.411136] tpm tpm0: Operation Canceled
[   25.421883] tpm tpm0: Operation Canceled
[   25.442764] tpm tpm0: Operation Canceled
[   25.463753] tpm tpm0: Operation Canceled
[   25.484857] tpm tpm0: Operation Canceled
[   25.505906] tpm tpm0: Operation Canceled
[   25.526936] tpm tpm0: Operation Canceled
[   25.547891] tpm tpm0: Operation Canceled
[   25.568855] tpm tpm0: Operation Canceled
[   25.589952] tpm tpm0: Operation Canceled
[   25.610941] tpm tpm0: Operation Canceled
[   25.631965] tpm tpm0: Operation Canceled
[   25.642538] tpm tpm0: Operation Canceled
[   25.663560] tpm tpm0: Operation Canceled
[   25.684534] tpm tpm0: Operation Canceled
[   25.705564] tpm tpm0: Operation Canceled
[   25.726655] tpm tpm0: Operation Canceled
[   25.747616] tpm tpm0: Operation Canceled
[   25.768639] tpm tpm0: Operation Canceled
[   25.789642] tpm tpm0: Operation Canceled
[   25.810720] tpm tpm0: Operation Canceled
[   25.831693] tpm tpm0: Operation Canceled
[   25.852711] tpm tpm0: Operation Canceled
[   25.873708] tpm tpm0: Operation Canceled
[   25.894754] tpm tpm0: Operation Canceled
[   25.915802] tpm tpm0: Operation Canceled
[   25.936770] tpm tpm0: Operation Canceled
[   25.957826] tpm tpm0: Operation Canceled
[   25.978857] tpm tpm0: Operation Canceled
[   25.999917] tpm tpm0: Operation Canceled
[   26.020855] tpm tpm0: Operation Canceled
[   26.042116] tpm tpm0: Operation Canceled
[   26.062947] tpm tpm0: Operation Canceled
[   26.084103] tpm tpm0: Operation Canceled
[   26.105191] tpm tpm0: Operation Canceled
[   26.126181] tpm tpm0: Operation Canceled
[   26.147181] tpm tpm0: Operation Canceled
[   26.178767] tpm tpm0: Operation Canceled
[   26.199977] tpm tpm0: Operation Canceled
[   26.231620] tpm tpm0: Operation Canceled
[   26.252570] tpm tpm0: Operation Canceled
[   26.273584] tpm tpm0: Operation Canceled
[   26.294706] tpm tpm0: Operation Canceled
[   26.315697] tpm tpm0: Operation Canceled
[   26.336682] tpm tpm0: Operation Canceled
[   26.357721] tpm tpm0: Operation Canceled
[   26.378785] tpm tpm0: Operation Canceled
[   26.399863] tpm tpm0: Operation Canceled
[   26.420855] tpm tpm0: Operation Canceled
[   26.441952] tpm tpm0: Operation Canceled
[   26.462924] tpm tpm0: Operation Canceled
[   26.483982] tpm tpm0: Operation Canceled
[   26.494559] tpm tpm0: Operation Canceled
[   26.515542] tpm tpm0: Operation Canceled
[   26.536591] tpm tpm0: Operation Canceled
[   26.557566] tpm tpm0: Operation Canceled
[   26.578595] tpm tpm0: Operation Canceled
[   26.599650] tpm tpm0: Operation Canceled
[   26.620610] tpm tpm0: Operation Canceled
[   26.641656] tpm tpm0: Operation Canceled
[   26.662683] tpm tpm0: Operation Canceled
[   26.683721] tpm tpm0: Operation Canceled
[   26.704708] tpm tpm0: Operation Canceled
[   26.725725] tpm tpm0: Operation Canceled
[   26.746797] tpm tpm0: Operation Canceled
[   26.767812] tpm tpm0: Operation Canceled
[   26.788853] tpm tpm0: Operation Canceled
[   26.809878] tpm tpm0: Operation Canceled
[   26.830853] tpm tpm0: Operation Canceled
[   26.851924] tpm tpm0: Operation Canceled
[   26.883465] tpm tpm0: Operation Canceled
[   26.904468] tpm tpm0: Operation Canceled
[   26.925496] tpm tpm0: Operation Canceled
[   26.946645] tpm tpm0: Operation Canceled
[   26.956855] tpm tpm0: Operation Canceled
[   26.978384] tpm tpm0: Operation Canceled
[   26.999164] tpm tpm0: Operation Canceled
[   27.009874] tpm tpm0: Operation Canceled
[   27.030722] tpm tpm0: Operation Canceled
[   27.051740] tpm tpm0: Operation Canceled
[   27.072850] tpm tpm0: Operation Canceled
[   27.104534] tpm tpm0: Operation Canceled
[   27.125525] tpm tpm0: Operation Canceled
[   27.146602] tpm tpm0: Operation Canceled
[   27.167597] tpm tpm0: Operation Canceled
[   27.188659] tpm tpm0: Operation Canceled
[   27.209646] tpm tpm0: Operation Canceled
[   27.230674] tpm tpm0: Operation Canceled
[   27.251918] tpm tpm0: Operation Canceled
[   27.283509] tpm tpm0: Operation Canceled
[   27.304519] tpm tpm0: Operation Canceled
[   27.325499] tpm tpm0: Operation Canceled
[   27.346612] tpm tpm0: Operation Canceled
[   27.356851] tpm tpm0: Operation Canceled
[   27.378371] tpm tpm0: Operation Canceled
[   27.399133] tpm tpm0: Operation Canceled
[   27.420219] tpm tpm0: Operation Canceled
[   27.441484] tpm tpm0: Operation Canceled
[   27.462504] tpm tpm0: Operation Canceled
[   27.483497] tpm tpm0: Operation Canceled
[   27.504495] tpm tpm0: Operation Canceled
[   27.525544] tpm tpm0: Operation Canceled
[   27.557274] tpm tpm0: Operation Canceled
[   27.578148] tpm tpm0: Operation Canceled
[   27.599124] tpm tpm0: Operation Canceled
[   27.620161] tpm tpm0: Operation Canceled
[   27.641159] tpm tpm0: Operation Canceled
[   27.662234] tpm tpm0: Operation Canceled
[   27.683190] tpm tpm0: Operation Canceled
[   27.704182] tpm tpm0: Operation Canceled
[   27.725242] tpm tpm0: Operation Canceled
[   27.746458] tpm tpm0: Operation Canceled
[   27.767450] tpm tpm0: Operation Canceled
[   27.788627] tpm tpm0: Operation Canceled
[   27.809680] tpm tpm0: Operation Canceled
[   27.830662] tpm tpm0: Operation Canceled
[   27.851660] tpm tpm0: Operation Canceled
[   27.872689] tpm tpm0: Operation Canceled
[   27.893751] tpm tpm0: Operation Canceled
[   27.914821] tpm tpm0: Operation Canceled
[   27.935854] tpm tpm0: Operation Canceled
[   27.946478] tpm tpm0: Operation Canceled
[   27.967408] tpm tpm0: Operation Canceled
[   27.988435] tpm tpm0: Operation Canceled
[   28.009402] tpm tpm0: Operation Canceled
[   28.030424] tpm tpm0: Operation Canceled
[   28.051445] tpm tpm0: Operation Canceled
[   28.072451] tpm tpm0: Operation Canceled
[   28.093500] tpm tpm0: Operation Canceled
[   28.114455] tpm tpm0: Operation Canceled
[   28.135457] tpm tpm0: Operation Canceled
[   28.156464] tpm tpm0: Operation Canceled
[   28.177515] tpm tpm0: Operation Canceled
[   28.198501] tpm tpm0: Operation Canceled
[   28.219535] tpm tpm0: Operation Canceled
[   28.240520] tpm tpm0: Operation Canceled
[   28.261887] tpm tpm0: Operation Canceled
[   28.282644] tpm tpm0: Operation Canceled
[   28.303641] tpm tpm0: Operation Canceled
[   28.324670] tpm tpm0: Operation Canceled
[   28.345672] tpm tpm0: Operation Canceled
[   28.366793] tpm tpm0: Operation Canceled
[   28.387762] tpm tpm0: Operation Canceled
[   28.408780] tpm tpm0: Operation Canceled
[   28.429813] tpm tpm0: Operation Canceled
[   28.451120] tpm tpm0: Operation Canceled
[   28.472067] tpm tpm0: Operation Canceled
[   28.482663] tpm tpm0: Operation Canceled
[   28.503646] tpm tpm0: Operation Canceled
[   28.524641] tpm tpm0: Operation Canceled
[   28.545699] tpm tpm0: Operation Canceled
[   28.566725] tpm tpm0: Operation Canceled
[   28.587740] tpm tpm0: Operation Canceled
[   28.608772] tpm tpm0: Operation Canceled
[   28.629952] tpm tpm0: Operation Canceled
[   28.651192] tpm tpm0: Operation Canceled
[   28.672159] tpm tpm0: Operation Canceled
[   28.693184] tpm tpm0: Operation Canceled
[   28.714236] tpm tpm0: Operation Canceled
[   28.735229] tpm tpm0: Operation Canceled
[   28.756225] tpm tpm0: Operation Canceled
[   28.777312] tpm tpm0: Operation Canceled
[   28.798728] tpm tpm0: Operation Canceled
[   28.819315] tpm tpm0: Operation Canceled
[   28.840359] tpm tpm0: Operation Canceled
[   28.861351] tpm tpm0: Operation Canceled
[   28.892864] tpm tpm0: Operation Canceled
[   28.913966] tpm tpm0: Operation Canceled
[   28.934981] tpm tpm0: Operation Canceled
[   28.955953] tpm tpm0: Operation Canceled
[   28.966547] tpm tpm0: Operation Canceled
[   28.987547] tpm tpm0: Operation Canceled
[   29.008534] tpm tpm0: Operation Canceled
[   29.029588] tpm tpm0: Operation Canceled
[   29.050631] tpm tpm0: Operation Canceled
[   29.071614] tpm tpm0: Operation Canceled
[   29.092641] tpm tpm0: Operation Canceled
[   29.124150] tpm tpm0: Operation Canceled
[   29.145179] tpm tpm0: Operation Canceled
[   29.166601] tpm tpm0: Operation Canceled
[   29.187688] tpm tpm0: Operation Canceled
[   29.208696] tpm tpm0: Operation Canceled
[   29.229747] tpm tpm0: Operation Canceled
[   29.250705] tpm tpm0: Operation Canceled
[   29.271706] tpm tpm0: Operation Canceled
[   29.292715] tpm tpm0: Operation Canceled
[   29.313747] tpm tpm0: Operation Canceled
[   29.334831] tpm tpm0: Operation Canceled
[   29.355861] tpm tpm0: Operation Canceled
[   29.376851] tpm tpm0: Operation Canceled
[   29.397915] tpm tpm0: Operation Canceled
[   29.419007] tpm tpm0: Operation Canceled
[   29.440002] tpm tpm0: Operation Canceled
[   29.450612] tpm tpm0: Operation Canceled
[   29.471692] tpm tpm0: Operation Canceled
[   29.492673] tpm tpm0: Operation Canceled
[   29.513712] tpm tpm0: Operation Canceled
[   29.534978] tpm tpm0: Operation Canceled
[   29.556006] tpm tpm0: Operation Canceled
[   29.576855] tpm tpm0: Operation Canceled
[   29.598247] tpm tpm0: Operation Canceled
[   29.619049] tpm tpm0: Operation Canceled
[   29.640082] tpm tpm0: Operation Canceled
[   29.671673] tpm tpm0: Operation Canceled
[   29.692653] tpm tpm0: Operation Canceled
[   29.713951] tpm tpm0: Operation Canceled
[   29.734948] tpm tpm0: Operation Canceled
[   29.755996] tpm tpm0: Operation Canceled
[   29.766532] tpm tpm0: Operation Canceled
[   29.787516] tpm tpm0: Operation Canceled
[   29.808493] tpm tpm0: Operation Canceled
[   29.829508] tpm tpm0: Operation Canceled
[   29.861354] tpm tpm0: Operation Canceled
[   29.882161] tpm tpm0: Operation Canceled
[   29.903410] tpm tpm0: Operation Canceled
[   29.913939] tpm tpm0: Operation Canceled
[   29.934913] tpm tpm0: Operation Canceled
[   29.955913] tpm tpm0: Operation Canceled
[   29.966528] tpm tpm0: Operation Canceled
[   29.987522] tpm tpm0: Operation Canceled
[   30.008524] tpm tpm0: Operation Canceled
[   30.029519] tpm tpm0: Operation Canceled
[   30.050532] tpm tpm0: Operation Canceled
[   30.071826] tpm tpm0: Operation Canceled
[   30.092775] tpm tpm0: Operation Canceled
[   30.113751] tpm tpm0: Operation Canceled
[   30.134763] tpm tpm0: Operation Canceled
[   30.155801] tpm tpm0: Operation Canceled
[   30.176852] tpm tpm0: Operation Canceled
[   30.197824] tpm tpm0: Operation Canceled
[   30.218805] tpm tpm0: Operation Canceled
[   30.239813] tpm tpm0: Operation Canceled
[   30.260851] tpm tpm0: Operation Canceled
[   30.281867] tpm tpm0: Operation Canceled
[   30.302968] tpm tpm0: Operation Canceled
[   30.323966] tpm tpm0: Operation Canceled
[   30.355543] tpm tpm0: Operation Canceled
[   30.376575] tpm tpm0: Operation Canceled
[   30.397573] tpm tpm0: Operation Canceled
[   30.418867] tpm tpm0: Operation Canceled
[   30.439885] tpm tpm0: Operation Canceled
[   30.450479] tpm tpm0: Operation Canceled
[   30.471467] tpm tpm0: Operation Canceled
[   30.492504] tpm tpm0: Operation Canceled
[   30.513500] tpm tpm0: Operation Canceled
[   30.534504] tpm tpm0: Operation Canceled
[   30.555533] tpm tpm0: Operation Canceled
[   30.576852] tpm tpm0: Operation Canceled
[   30.598241] tpm tpm0: Operation Canceled
[   30.619190] tpm tpm0: Operation Canceled
[   30.640209] tpm tpm0: Operation Canceled
[   30.661258] tpm tpm0: Operation Canceled
[   30.682338] tpm tpm0: Operation Canceled
[   30.703292] tpm tpm0: Operation Canceled
[   30.724349] tpm tpm0: Operation Canceled
[   30.745341] tpm tpm0: Operation Canceled
[   30.766681] tpm tpm0: Operation Canceled
[   30.787682] tpm tpm0: Operation Canceled
[   30.808690] tpm tpm0: Operation Canceled
[   30.829714] tpm tpm0: Operation Canceled
[   30.850787] tpm tpm0: Operation Canceled
[   30.871813] tpm tpm0: Operation Canceled
[   30.892817] tpm tpm0: Operation Canceled
[   30.913861] tpm tpm0: Operation Canceled
[   30.934849] tpm tpm0: Operation Canceled
[   30.955887] tpm tpm0: Operation Canceled
[   30.987447] tpm tpm0: Operation Canceled
[   31.008448] tpm tpm0: Operation Canceled
[   31.029475] tpm tpm0: Operation Canceled
[   31.050512] tpm tpm0: Operation Canceled
[   31.071535] tpm tpm0: Operation Canceled
[   31.092759] tpm tpm0: Operation Canceled
[   31.113804] tpm tpm0: Operation Canceled
[   31.135299] tpm tpm0: Operation Canceled
[   31.156170] tpm tpm0: Operation Canceled
[   31.177185] tpm tpm0: Operation Canceled
[   31.198216] tpm tpm0: Operation Canceled
[   31.219195] tpm tpm0: Operation Canceled
[   31.240230] tpm tpm0: Operation Canceled
[   31.261317] tpm tpm0: Operation Canceled
[   31.282326] tpm tpm0: Operation Canceled
[   31.303558] tpm tpm0: Operation Canceled
[   31.324600] tpm tpm0: Operation Canceled
[   31.345570] tpm tpm0: Operation Canceled
[   31.366667] tpm tpm0: Operation Canceled
[   31.387804] tpm tpm0: Operation Canceled
[   31.408817] tpm tpm0: Operation Canceled
[   31.429886] tpm tpm0: Operation Canceled
[   31.450841] tpm tpm0: Operation Canceled
[   31.472163] tpm tpm0: Operation Canceled
[   31.492857] tpm tpm0: Operation Canceled
[   31.514141] tpm tpm0: Operation Canceled
[   31.534923] tpm tpm0: Operation Canceled
[   31.555949] tpm tpm0: Operation Canceled
[   31.587528] tpm tpm0: Operation Canceled
[   31.608586] tpm tpm0: Operation Canceled
[   31.629582] tpm tpm0: Operation Canceled
[   31.650895] tpm tpm0: Operation Canceled
[   31.671633] tpm tpm0: Operation Canceled
[   31.692624] tpm tpm0: Operation Canceled
[   31.713664] tpm tpm0: Operation Canceled
[   31.734694] tpm tpm0: Operation Canceled
[   31.755707] tpm tpm0: Operation Canceled
[   31.776702] tpm tpm0: Operation Canceled
[   31.797768] tpm tpm0: Operation Canceled
[   31.818805] tpm tpm0: Operation Canceled
[   31.839819] tpm tpm0: Operation Canceled
[   31.860849] tpm tpm0: Operation Canceled
[   31.881896] tpm tpm0: Operation Canceled
[   31.902838] tpm tpm0: Operation Canceled
[   31.923841] tpm tpm0: Operation Canceled
[   31.934476] tpm tpm0: Operation Canceled
[   31.955463] tpm tpm0: Operation Canceled
[   31.976450] tpm tpm0: Operation Canceled
[   31.997629] tpm tpm0: Operation Canceled
[   32.018666] tpm tpm0: Operation Canceled
[   32.039687] tpm tpm0: Operation Canceled
[   32.060714] tpm tpm0: Operation Canceled
[   32.081751] tpm tpm0: Operation Canceled
[   32.102787] tpm tpm0: Operation Canceled
[   32.123820] tpm tpm0: Operation Canceled
[   32.155403] tpm tpm0: Operation Canceled
[   32.176470] tpm tpm0: Operation Canceled
[   32.197441] tpm tpm0: Operation Canceled
[   32.218840] tpm tpm0: Operation Canceled
[   32.228856] tpm tpm0: Operation Canceled
[   32.250242] tpm tpm0: Operation Canceled
[   32.271038] tpm tpm0: Operation Canceled
[   32.292092] tpm tpm0: Operation Canceled
[   32.312856] tpm tpm0: Operation Canceled
[   32.334126] tpm tpm0: Operation Canceled
[   32.355347] tpm tpm0: Operation Canceled
[   32.376370] tpm tpm0: Operation Canceled
[   32.397331] tpm tpm0: Operation Canceled
[   32.418514] tpm tpm0: Operation Canceled
[   32.439432] tpm tpm0: Operation Canceled
[   32.460422] tpm tpm0: Operation Canceled
[   32.481460] tpm tpm0: Operation Canceled
[   32.502505] tpm tpm0: Operation Canceled
[   32.523744] tpm tpm0: Operation Canceled
[   32.544807] tpm tpm0: Operation Canceled
[   32.565772] tpm tpm0: Operation Canceled
[   32.586777] tpm tpm0: Operation Canceled
[   32.607775] tpm tpm0: Operation Canceled
[   32.628841] tpm tpm0: Operation Canceled
[   32.649824] tpm tpm0: Operation Canceled
[   32.670873] tpm tpm0: Operation Canceled
[   32.692151] tpm tpm0: Operation Canceled
[   32.713235] tpm tpm0: Operation Canceled
[   32.734225] tpm tpm0: Operation Canceled
[   32.755209] tpm tpm0: Operation Canceled
[   32.776229] tpm tpm0: Operation Canceled
[   32.797284] tpm tpm0: Operation Canceled
[   32.818521] tpm tpm0: Operation Canceled
[   32.839467] tpm tpm0: Operation Canceled
[   32.860473] tpm tpm0: Operation Canceled
[   32.881505] tpm tpm0: Operation Canceled
[   32.902678] tpm tpm0: Operation Canceled
[   32.923616] tpm tpm0: Operation Canceled
[   32.944653] tpm tpm0: Operation Canceled
[   32.965670] tpm tpm0: Operation Canceled
[   32.986763] tpm tpm0: Operation Canceled
[   33.007732] tpm tpm0: Operation Canceled
[   33.028747] tpm tpm0: Operation Canceled
[   33.049776] tpm tpm0: Operation Canceled
[   33.070809] tpm tpm0: Operation Canceled
[   33.091861] tpm tpm0: Operation Canceled
[   33.123393] tpm tpm0: Operation Canceled
[   33.154921] tpm tpm0: Operation Canceled
[   33.186534] tpm tpm0: Operation Canceled
[   33.207509] tpm tpm0: Operation Canceled
[   33.228771] tpm tpm0: Operation Canceled
[   33.249755] tpm tpm0: Operation Canceled
[   33.270801] tpm tpm0: Operation Canceled
[   33.291780] tpm tpm0: Operation Canceled
[   33.312778] tpm tpm0: Operation Canceled
[   33.333815] tpm tpm0: Operation Canceled
[   33.354775] tpm tpm0: Operation Canceled
[   33.375832] tpm tpm0: Operation Canceled
[   33.396811] tpm tpm0: Operation Canceled
[   33.417936] tpm tpm0: Operation Canceled
[   33.438866] tpm tpm0: Operation Canceled
[   33.459946] tpm tpm0: Operation Canceled
[   33.491663] tpm tpm0: Operation Canceled
[   33.512655] tpm tpm0: Operation Canceled
[   33.533699] tpm tpm0: Operation Canceled
[   33.554767] tpm tpm0: Operation Canceled
[   33.575813] tpm tpm0: Operation Canceled
[   33.596803] tpm tpm0: Operation Canceled
[   33.617797] tpm tpm0: Operation Canceled
[   33.638783] tpm tpm0: Operation Canceled
[   33.660093] tpm tpm0: Operation Canceled
[   33.680852] tpm tpm0: Operation Canceled
[   33.702155] tpm tpm0: Operation Canceled
[   33.723126] tpm tpm0: Operation Canceled
[   33.744211] tpm tpm0: Operation Canceled
[   33.765400] tpm tpm0: Operation Canceled
[   33.786428] tpm tpm0: Operation Canceled
[   33.807435] tpm tpm0: Operation Canceled
[   33.828482] tpm tpm0: Operation Canceled
[   33.849491] tpm tpm0: Operation Canceled
[   33.870566] tpm tpm0: Operation Canceled
[   33.891560] tpm tpm0: Operation Canceled
[   33.912579] tpm tpm0: Operation Canceled
[   33.933958] tpm tpm0: Operation Canceled
[   33.954646] tpm tpm0: Operation Canceled
[   33.975656] tpm tpm0: Operation Canceled
[   33.996658] tpm tpm0: Operation Canceled
[   34.017696] tpm tpm0: Operation Canceled
[   34.038717] tpm tpm0: Operation Canceled
[   34.059742] tpm tpm0: Operation Canceled
[   34.080730] tpm tpm0: Operation Canceled
[   34.101815] tpm tpm0: Operation Canceled
[   34.122804] tpm tpm0: Operation Canceled
[   34.133880] tpm tpm0: Operation Canceled
[   34.154477] tpm tpm0: Operation Canceled
[   34.175451] tpm tpm0: Operation Canceled
[   34.196435] tpm tpm0: Operation Canceled
[   34.217471] tpm tpm0: Operation Canceled
[   34.238688] tpm tpm0: Operation Canceled
[   34.259678] tpm tpm0: Operation Canceled
[   34.280689] tpm tpm0: Operation Canceled
[   34.301749] tpm tpm0: Operation Canceled
[   34.322740] tpm tpm0: Operation Canceled
[   34.343768] tpm tpm0: Operation Canceled
[   34.364760] tpm tpm0: Operation Canceled
[   34.385797] tpm tpm0: Operation Canceled
[   34.406771] tpm tpm0: Operation Canceled
[   34.427780] tpm tpm0: Operation Canceled
[   34.448796] tpm tpm0: Operation Canceled
[   34.469815] tpm tpm0: Operation Canceled
[   34.490876] tpm tpm0: Operation Canceled
[   34.511848] tpm tpm0: Operation Canceled
[   34.543519] tpm tpm0: Operation Canceled
[   34.564439] tpm tpm0: Operation Canceled
[   34.585502] tpm tpm0: Operation Canceled
[   34.606588] tpm tpm0: Operation Canceled
[   34.616863] tpm tpm0: Operation Canceled
[   34.638158] tpm tpm0: Operation Canceled
[   34.659076] tpm tpm0: Operation Canceled
[   34.680081] tpm tpm0: Operation Canceled
[   34.701154] tpm tpm0: Operation Canceled
[   34.722172] tpm tpm0: Operation Canceled
[   34.743159] tpm tpm0: Operation Canceled
[   34.764159] tpm tpm0: Operation Canceled
[   34.785267] tpm tpm0: Operation Canceled
[   34.806442] tpm tpm0: Operation Canceled
[   34.827438] tpm tpm0: Operation Canceled
[   34.848433] tpm tpm0: Operation Canceled
[   34.869483] tpm tpm0: Operation Canceled
[   34.890496] tpm tpm0: Operation Canceled
[   34.911506] tpm tpm0: Operation Canceled
[   34.932561] tpm tpm0: Operation Canceled
[   34.953588] tpm tpm0: Operation Canceled
[   34.974893] tpm tpm0: Operation Canceled
[   34.995892] tpm tpm0: Operation Canceled
[   35.027540] tpm tpm0: Operation Canceled
[   35.048500] tpm tpm0: Operation Canceled
[   35.069476] tpm tpm0: Operation Canceled
[   35.090501] tpm tpm0: Operation Canceled
[   35.111493] tpm tpm0: Operation Canceled
[   35.132535] tpm tpm0: Operation Canceled
[   35.153534] tpm tpm0: Operation Canceled
[   35.174583] tpm tpm0: Operation Canceled
[   35.195581] tpm tpm0: Operation Canceled
[   35.216590] tpm tpm0: Operation Canceled
[   35.237656] tpm tpm0: Operation Canceled
[   35.258668] tpm tpm0: Operation Canceled
[   35.279690] tpm tpm0: Operation Canceled
[   35.300704] tpm tpm0: Operation Canceled
[   35.322019] tpm tpm0: Operation Canceled
[   35.342935] tpm tpm0: Operation Canceled
[   35.363936] tpm tpm0: Operation Canceled
[   35.374845] tpm tpm0: Operation Canceled
[   35.395531] tpm tpm0: Operation Canceled
[   35.416551] tpm tpm0: Operation Canceled
[   35.437538] tpm tpm0: Operation Canceled
[   35.458560] tpm tpm0: Operation Canceled
[   35.479857] tpm tpm0: Operation Canceled
[   35.500535] tpm tpm0: Operation Canceled
[   35.521585] tpm tpm0: Operation Canceled
[   35.542618] tpm tpm0: Operation Canceled
[   35.563614] tpm tpm0: Operation Canceled
[   35.584626] tpm tpm0: Operation Canceled
[   35.605686] tpm tpm0: Operation Canceled
[   35.626727] tpm tpm0: Operation Canceled
[   35.647879] tpm tpm0: Operation Canceled
[   35.668853] tpm tpm0: Operation Canceled
[   35.689978] tpm tpm0: Operation Canceled
[   35.711236] tpm tpm0: Operation Canceled
[   35.721877] tpm tpm0: Operation Canceled
[   35.742873] tpm tpm0: Operation Canceled
[   35.763846] tpm tpm0: Operation Canceled
[   35.795461] tpm tpm0: Operation Canceled
[   35.816420] tpm tpm0: Operation Canceled
[   35.837772] tpm tpm0: Operation Canceled
[   35.858809] tpm tpm0: Operation Canceled
[   35.879800] tpm tpm0: Operation Canceled
[   35.900850] tpm tpm0: Operation Canceled
[   35.921980] tpm tpm0: Operation Canceled
[   35.942949] tpm tpm0: Operation Canceled
[   35.963942] tpm tpm0: Operation Canceled
[   35.984853] tpm tpm0: Operation Canceled
[   36.006438] tpm tpm0: Operation Canceled
[   36.027444] tpm tpm0: Operation Canceled
[   36.048460] tpm tpm0: Operation Canceled
[   36.069441] tpm tpm0: Operation Canceled
[   36.090554] tpm tpm0: Operation Canceled
[   36.100859] tpm tpm0: Operation Canceled
[   36.122214] tpm tpm0: Operation Canceled
[   36.143043] tpm tpm0: Operation Canceled
[   36.164161] tpm tpm0: Operation Canceled
[   36.195782] tpm tpm0: Operation Canceled
[   36.216780] tpm tpm0: Operation Canceled
[   36.237765] tpm tpm0: Operation Canceled
[   36.258821] tpm tpm0: Operation Canceled
[   36.280096] tpm tpm0: Operation Canceled
[   36.301143] tpm tpm0: Operation Canceled
[   36.322190] tpm tpm0: Operation Canceled
[   36.343397] tpm tpm0: Operation Canceled
[   36.364418] tpm tpm0: Operation Canceled
[   36.385427] tpm tpm0: Operation Canceled
[   36.406469] tpm tpm0: Operation Canceled
[   36.427513] tpm tpm0: Operation Canceled
[   36.448513] tpm tpm0: Operation Canceled
[   36.469517] tpm tpm0: Operation Canceled
[   36.490542] tpm tpm0: Operation Canceled
[   36.511597] tpm tpm0: Operation Canceled
[   36.532575] tpm tpm0: Operation Canceled
[   36.553635] tpm tpm0: Operation Canceled
[   36.574735] tpm tpm0: Operation Canceled
[   36.595775] tpm tpm0: Operation Canceled
[   36.616762] tpm tpm0: Operation Canceled
[   36.637775] tpm tpm0: Operation Canceled
[   36.658789] tpm tpm0: Operation Canceled
[   36.679778] tpm tpm0: Operation Canceled
[   36.700850] tpm tpm0: Operation Canceled
[   36.721817] tpm tpm0: Operation Canceled
[   36.742817] tpm tpm0: Operation Canceled
[   36.763825] tpm tpm0: Operation Canceled
[   36.774478] tpm tpm0: Operation Canceled
[   36.795475] tpm tpm0: Operation Canceled
[   36.816423] tpm tpm0: Operation Canceled
[   36.837490] tpm tpm0: Operation Canceled
[   36.858566] tpm tpm0: Operation Canceled
[   36.879555] tpm tpm0: Operation Canceled
[   36.900601] tpm tpm0: Operation Canceled
[   36.921607] tpm tpm0: Operation Canceled
[   36.942620] tpm tpm0: Operation Canceled
[   36.963631] tpm tpm0: Operation Canceled
[   36.984685] tpm tpm0: Operation Canceled
[   37.005678] tpm tpm0: Operation Canceled
[   37.026781] tpm tpm0: Operation Canceled
[   37.047791] tpm tpm0: Operation Canceled
[   37.068806] tpm tpm0: Operation Canceled
[   37.089913] tpm tpm0: Operation Canceled
[   37.110905] tpm tpm0: Operation Canceled
[   37.131924] tpm tpm0: Operation Canceled
[   37.163587] tpm tpm0: Operation Canceled
[   37.184482] tpm tpm0: Operation Canceled
[   37.205515] tpm tpm0: Operation Canceled
[   37.226815] tpm tpm0: Operation Canceled
[   37.247818] tpm tpm0: Operation Canceled
[   37.268858] tpm tpm0: Operation Canceled
[   37.289816] tpm tpm0: Operation Canceled
[   37.310840] tpm tpm0: Operation Canceled
[   37.331846] tpm tpm0: Operation Canceled
[   37.342476] tpm tpm0: Operation Canceled
[   37.363487] tpm tpm0: Operation Canceled
[   37.384474] tpm tpm0: Operation Canceled
[   37.405896] tpm tpm0: Operation Canceled
[   37.426974] tpm tpm0: Operation Canceled
[   37.447925] tpm tpm0: Operation Canceled
[   37.479795] tpm tpm0: Operation Canceled
[   37.500663] tpm tpm0: Operation Canceled
[   37.521686] tpm tpm0: Operation Canceled
[   37.542757] tpm tpm0: Operation Canceled
[   37.563802] tpm tpm0: Operation Canceled
[   37.584818] tpm tpm0: Operation Canceled
[   37.605822] tpm tpm0: Operation Canceled
[   37.626798] tpm tpm0: Operation Canceled
[   37.647855] tpm tpm0: Operation Canceled
[   37.668851] tpm tpm0: Operation Canceled
[   37.689916] tpm tpm0: Operation Canceled
[   37.710905] tpm tpm0: Operation Canceled
[   37.731907] tpm tpm0: Operation Canceled
[   37.742527] tpm tpm0: Operation Canceled
[   37.763799] tpm tpm0: Operation Canceled
[   37.784495] tpm tpm0: Operation Canceled
[   37.805510] tpm tpm0: Operation Canceled
[   37.826599] tpm tpm0: Operation Canceled
[   37.847651] tpm tpm0: Operation Canceled
[   37.868630] tpm tpm0: Operation Canceled
[   37.889630] tpm tpm0: Operation Canceled
[   37.910709] tpm tpm0: Operation Canceled
[   37.931737] tpm tpm0: Operation Canceled
[   37.952856] tpm tpm0: Operation Canceled
[   37.974055] tpm tpm0: Operation Canceled
[   37.995063] tpm tpm0: Operation Canceled
[   38.016022] tpm tpm0: Operation Canceled
[   38.047602] tpm tpm0: Operation Canceled
[   38.068615] tpm tpm0: Operation Canceled
[   38.089611] tpm tpm0: Operation Canceled
[   38.110706] tpm tpm0: Operation Canceled
[   38.131667] tpm tpm0: Operation Canceled
[   38.152692] tpm tpm0: Operation Canceled
[   38.184198] tpm tpm0: Operation Canceled
[   38.205241] tpm tpm0: Operation Canceled
[   38.226310] tpm tpm0: Operation Canceled
[   38.247261] tpm tpm0: Operation Canceled
[   38.257872] tpm tpm0: Operation Canceled
[   38.278801] tpm tpm0: Operation Canceled
[   38.299799] tpm tpm0: Operation Canceled
[   38.320854] tpm tpm0: Operation Canceled
[   38.341814] tpm tpm0: Operation Canceled
[   38.362784] tpm tpm0: Operation Canceled
[   38.383815] tpm tpm0: Operation Canceled
[   38.404851] tpm tpm0: Operation Canceled
[   38.425896] tpm tpm0: Operation Canceled
[   38.446840] tpm tpm0: Operation Canceled
[   38.468008] tpm tpm0: Operation Canceled
[   38.499620] tpm tpm0: Operation Canceled
[   38.510161] tpm tpm0: Operation Canceled
[   38.531155] tpm tpm0: Operation Canceled
[   38.552123] tpm tpm0: Operation Canceled
[   38.573151] tpm tpm0: Operation Canceled
[   38.594158] tpm tpm0: Operation Canceled
[   38.615173] tpm tpm0: Operation Canceled
[   38.636155] tpm tpm0: Operation Canceled
[   38.657484] tpm tpm0: Operation Canceled
[   38.678336] tpm tpm0: Operation Canceled
[   38.699244] tpm tpm0: Operation Canceled
[   38.720229] tpm tpm0: Operation Canceled
[   38.741237] tpm tpm0: Operation Canceled
[   38.762280] tpm tpm0: Operation Canceled
[   38.783269] tpm tpm0: Operation Canceled
[   38.804305] tpm tpm0: Operation Canceled
[   38.825640] tpm tpm0: Operation Canceled
[   38.846510] tpm tpm0: Operation Canceled
[   38.867351] tpm tpm0: Operation Canceled
[   38.888347] tpm tpm0: Operation Canceled
[   38.909372] tpm tpm0: Operation Canceled
[   38.941165] tpm tpm0: Operation Canceled
[   38.962014] tpm tpm0: Operation Canceled
[   38.982999] tpm tpm0: Operation Canceled
[   39.004034] tpm tpm0: Operation Canceled
[   39.025369] tpm tpm0: Operation Canceled
[   39.046578] tpm tpm0: Operation Canceled
[   39.067419] tpm tpm0: Operation Canceled
[   39.088420] tpm tpm0: Operation Canceled
[   39.109450] tpm tpm0: Operation Canceled
[   39.130426] tpm tpm0: Operation Canceled
[   39.151454] tpm tpm0: Operation Canceled
[   39.172478] tpm tpm0: Operation Canceled
[   39.204006] tpm tpm0: Operation Canceled
[   39.214588] tpm tpm0: Operation Canceled
[   39.235565] tpm tpm0: Operation Canceled
[   39.256628] tpm tpm0: Operation Canceled
[   39.277640] tpm tpm0: Operation Canceled
[   39.298680] tpm tpm0: Operation Canceled
[   39.319831] tpm tpm0: Operation Canceled
[   39.340860] tpm tpm0: Operation Canceled
[   39.362115] tpm tpm0: Operation Canceled
[   39.382953] tpm tpm0: Operation Canceled
[   39.403924] tpm tpm0: Operation Canceled
[   39.435523] tpm tpm0: Operation Canceled
[   39.456509] tpm tpm0: Operation Canceled
[   39.477532] tpm tpm0: Operation Canceled
[   39.498588] tpm tpm0: Operation Canceled
[   39.519562] tpm tpm0: Operation Canceled
[   39.540806] tpm tpm0: Operation Canceled
[   39.561802] tpm tpm0: Operation Canceled
[   39.582875] tpm tpm0: Operation Canceled
[   39.603837] tpm tpm0: Operation Canceled
[   39.614495] tpm tpm0: Operation Canceled
[   39.635420] tpm tpm0: Operation Canceled
[   39.656413] tpm tpm0: Operation Canceled
[   39.677440] tpm tpm0: Operation Canceled
[   39.709304] tpm tpm0: Operation Canceled
[   39.730035] tpm tpm0: Operation Canceled
[   39.751013] tpm tpm0: Operation Canceled
[   39.772038] tpm tpm0: Operation Canceled
[   39.782624] tpm tpm0: Operation Canceled
[   39.803634] tpm tpm0: Operation Canceled
[   39.824619] tpm tpm0: Operation Canceled
[   39.845649] tpm tpm0: Operation Canceled
[   39.866693] tpm tpm0: Operation Canceled
[   39.887983] tpm tpm0: Operation Canceled
[   39.909200] tpm tpm0: Operation Canceled
[   39.930250] tpm tpm0: Operation Canceled
[   39.951219] tpm tpm0: Operation Canceled
[   39.972237] tpm tpm0: Operation Canceled
[   39.993262] tpm tpm0: Operation Canceled
[   40.014294] tpm tpm0: Operation Canceled
[   40.035309] tpm tpm0: Operation Canceled
[   40.056296] tpm tpm0: Operation Canceled
[   40.077573] tpm tpm0: Operation Canceled
[   40.098670] tpm tpm0: Operation Canceled
[   40.119671] tpm tpm0: Operation Canceled
[   40.140673] tpm tpm0: Operation Canceled
[   40.161736] tpm tpm0: Operation Canceled
[   40.193258] tpm tpm0: Operation Canceled
[   40.214309] tpm tpm0: Operation Canceled
[   40.235288] tpm tpm0: Operation Canceled
[   40.256335] tpm tpm0: Operation Canceled
[   40.277342] tpm tpm0: Operation Canceled
[   40.308853] tpm tpm0: Operation Canceled
[   40.329824] tpm tpm0: Operation Canceled
[   40.350839] tpm tpm0: Operation Canceled
[   40.371864] tpm tpm0: Operation Canceled
[   40.382528] tpm tpm0: Operation Canceled
[   40.403536] tpm tpm0: Operation Canceled
[   40.424737] tpm tpm0: Operation Canceled
[   40.445954] tpm tpm0: Operation Canceled
[   40.466900] tpm tpm0: Operation Canceled
[   40.478019] tpm tpm0: Operation Canceled
[   40.487955] tpm tpm0: Operation Canceled
[   40.508855] tpm tpm0: Operation Canceled
[   40.530220] tpm tpm0: Operation Canceled
[   40.551002] tpm tpm0: Operation Canceled
[   40.572038] tpm tpm0: Operation Canceled
[   40.603879] tpm tpm0: Operation Canceled
[   40.624839] tpm tpm0: Operation Canceled
[   40.645868] tpm tpm0: Operation Canceled
[   40.666825] tpm tpm0: Operation Canceled
[   40.687925] tpm tpm0: Operation Canceled
[   40.698417] tpm tpm0: Operation Canceled
[   40.719447] tpm tpm0: Operation Canceled
[   40.740420] tpm tpm0: Operation Canceled
[   40.761503] tpm tpm0: Operation Canceled
[   40.782529] tpm tpm0: Operation Canceled
