c[?7l[2J[0mSeaBIOS (version rel-1.16.0-0-gd239552ce722-prebuilt.qemu.org)


iPXE (http://ipxe.org) 00:03.0 CA00 PCI2.10 PnP PMM+7FF91000+7FEF1000 CA00
Press Ctrl-B to configure iPXE (PCI 00:03.0)...                                                                               


Booting from ROM..c[?7l[2J[    0.000000] Linux version 6.18.0-4664fb427c8f+ (root@gnr-bkc) (gcc (GCC) 11.5.0 20240719 (Red Hat 11.5.0-14), GNU ld version 2.35.2-54.el9) #1 SMP PREEMPT_DYNAMIC Tue Dec  2 20:35:33 CST 2025
[    0.000000] Command line: console=ttyS0 root=/dev/sda earlyprintk=serial net.ifnames=0 thunderbolt.dyndbg
[    0.000000] KERNEL supported cpus:
[    0.000000]   Intel GenuineIntel
[    0.000000]   AMD AuthenticAMD
[    0.000000]   Hygon HygonGenuine
[    0.000000]   Centaur CentaurHauls
[    0.000000]   zhaoxin   Shanghai  
[    0.000000] x86/split lock detection: #DB: warning on user-space bus_locks
[    0.000000] BIOS-provided physical RAM map:
[    0.000000] BIOS-e820: [mem 0x0000000000000000-0x000000000009fbff] usable
[    0.000000] BIOS-e820: [mem 0x000000000009fc00-0x000000000009ffff] reserved
[    0.000000] BIOS-e820: [mem 0x00000000000f0000-0x00000000000fffff] reserved
[    0.000000] BIOS-e820: [mem 0x0000000000100000-0x000000007ffdffff] usable
[    0.000000] BIOS-e820: [mem 0x000000007ffe0000-0x000000007fffffff] reserved
[    0.000000] BIOS-e820: [mem 0x00000000feffc000-0x00000000feffffff] reserved
[    0.000000] BIOS-e820: [mem 0x00000000fffc0000-0x00000000ffffffff] reserved
[    0.000000] printk: legacy bootconsole [earlyser0] enabled
[    0.000000] NX (Execute Disable) protection: active
[    0.000000] APIC: Static calls initialized
[    0.000000] SMBIOS 2.8 present.
[    0.000000] DMI: QEMU Standard PC (i440FX + PIIX, 1996), BIOS rel-1.16.0-0-gd239552ce722-prebuilt.qemu.org 04/01/2014
[    0.000000] DMI: Memory slots populated: 1/1
[    0.000000] Hypervisor detected: KVM
[    0.000000] last_pfn = 0x7ffe0 max_arch_pfn = 0x10000000000
[    0.000000] kvm-clock: Using msrs 4b564d01 and 4b564d00
[    0.000002] kvm-clock: using sched offset of 660752043 cycles
[    0.000499] clocksource: kvm-clock: mask: 0xffffffffffffffff max_cycles: 0x1cd42e4dffb, max_idle_ns: 881590591483 ns
[    0.002040] tsc: Detected 1700.000 MHz processor
[    0.009987] last_pfn = 0x7ffe0 max_arch_pfn = 0x10000000000
[    0.010562] MTRR map: 4 entries (3 fixed + 1 variable; max 19), built from 8 variable MTRRs
[    0.011355] x86/PAT: Configuration [0-7]: WB  WC  UC- UC  WB  WP  UC- WT  
[    0.017562] found SMP MP-table at [mem 0x000f5ba0-0x000f5baf]
[    0.018141] Using GB pages for direct mapping
[    0.020718] ACPI: Early table checksum verification disabled
[    0.021259] ACPI: RSDP 0x00000000000F59C0 000014 (v00 BOCHS )
[    0.021817] ACPI: RSDT 0x000000007FFE1951 000034 (v01 BOCHS  BXPC     00000001 BXPC 00000001)
[    0.022645] ACPI: FACP 0x000000007FFE17FD 000074 (v01 BOCHS  BXPC     00000001 BXPC 00000001)
[    0.023466] ACPI: DSDT 0x000000007FFE0040 0017BD (v01 BOCHS  BXPC     00000001 BXPC 00000001)
[    0.024292] ACPI: FACS 0x000000007FFE0000 000040
[    0.024745] ACPI: APIC 0x000000007FFE1871 000080 (v01 BOCHS  BXPC     00000001 BXPC 00000001)
[    0.025571] ACPI: HPET 0x000000007FFE18F1 000038 (v01 BOCHS  BXPC     00000001 BXPC 00000001)
[    0.026387] ACPI: WAET 0x000000007FFE1929 000028 (v01 BOCHS  BXPC     00000001 BXPC 00000001)
[    0.027212] ACPI: Reserving FACP table memory at [mem 0x7ffe17fd-0x7ffe1870]
[    0.027885] ACPI: Reserving DSDT table memory at [mem 0x7ffe0040-0x7ffe17fc]
[    0.028555] ACPI: Reserving FACS table memory at [mem 0x7ffe0000-0x7ffe003f]
[    0.029228] ACPI: Reserving APIC table memory at [mem 0x7ffe1871-0x7ffe18f0]
[    0.029900] ACPI: Reserving HPET table memory at [mem 0x7ffe18f1-0x7ffe1928]
[    0.030571] ACPI: Reserving WAET table memory at [mem 0x7ffe1929-0x7ffe1950]
[    0.032073] No NUMA configuration found
[    0.032440] Faking a node at [mem 0x0000000000000000-0x000000007ffdffff]
[    0.033130] NODE_DATA(0) allocated [mem 0x7ffb4ec0-0x7ffdfcbf]
[    0.034775] Zone ranges:
[    0.035041]   DMA      [mem 0x0000000000001000-0x0000000000ffffff]
[    0.035657]   DMA32    [mem 0x0000000001000000-0x000000007ffdffff]
[    0.036247]   Normal   empty
[    0.036529]   Device   empty
[    0.036809] Movable zone start for each node
[    0.037227] Early memory node ranges
[    0.037570]   node   0: [mem 0x0000000000001000-0x000000000009efff]
[    0.038164]   node   0: [mem 0x0000000000100000-0x000000007ffdffff]
[    0.038762] Initmem setup node 0 [mem 0x0000000000001000-0x000000007ffdffff]
[    0.039738] On node 0, zone DMA: 1 pages in unavailable ranges
[    0.040475] On node 0, zone DMA: 97 pages in unavailable ranges
[    0.068713] On node 0, zone DMA32: 32 pages in unavailable ranges
[    0.123708] KernelAddressSanitizer initialized (generic)
[    0.124516] ACPI: PM-Timer IO Port: 0x608
[    0.124923] ACPI: LAPIC_NMI (acpi_id[0xff] dfl dfl lint[0x1])
[    0.125527] IOAPIC[0]: apic_id 0, version 17, address 0xfec00000, GSI 0-23
[    0.126196] ACPI: INT_SRC_OVR (bus 0 bus_irq 0 global_irq 2 dfl dfl)
[    0.126809] ACPI: INT_SRC_OVR (bus 0 bus_irq 5 global_irq 5 high level)
[    0.127438] ACPI: INT_SRC_OVR (bus 0 bus_irq 9 global_irq 9 high level)
[    0.128072] ACPI: INT_SRC_OVR (bus 0 bus_irq 10 global_irq 10 high level)
[    0.128725] ACPI: INT_SRC_OVR (bus 0 bus_irq 11 global_irq 11 high level)
[    0.129383] ACPI: Using ACPI (MADT) for SMP configuration information
[    0.129998] ACPI: HPET id: 0x8086a201 base: 0xfed00000
[    0.130497] TSC deadline timer available
[    0.130878] CPU topo: Max. logical packages:   1
[    0.131318] CPU topo: Max. logical dies:       1
[    0.131760] CPU topo: Max. dies per package:   1
[    0.132209] CPU topo: Max. threads per core:   1
[    0.132652] CPU topo: Num. cores per package:     2
[    0.133118] CPU topo: Num. threads per package:   2
[    0.133585] CPU topo: Allowing 2 present CPUs plus 0 hotplug CPUs
[    0.134209] kvm-guest: APIC: eoi() replaced with kvm_guest_apic_eoi_write()
[    0.134897] kvm-guest: KVM setup pv remote TLB flush
[    0.135373] kvm-guest: setup PV sched yield
[    0.135816] PM: hibernation: Registered nosave memory: [mem 0x00000000-0x00000fff]
[    0.136538] PM: hibernation: Registered nosave memory: [mem 0x0009f000-0x000fffff]
[    0.137258] [mem 0x80000000-0xfeffbfff] available for PCI devices
[    0.137841] Booting paravirtualized kernel on KVM
[    0.138294] clocksource: refined-jiffies: mask: 0xffffffff max_cycles: 0xffffffff, max_idle_ns: 7645519600211568 ns
[    0.139293] setup_percpu: NR_CPUS:8192 nr_cpumask_bits:2 nr_cpu_ids:2 nr_node_ids:1
[    0.140523] percpu: Embedded 80 pages/cpu s290816 r8192 d28672 u1048576
[    0.141342] kvm-guest: PV spinlocks enabled
[    0.141758] PV qspinlock hash table entries: 256 (order: 0, 4096 bytes, linear)
[    0.142465] Kernel command line: net.ifnames=0 console=ttyS0 root=/dev/sda earlyprintk=serial net.ifnames=0 thunderbolt.dyndbg
[    0.143829] random: crng init done
[    0.144158] printk: log buffer data + meta data: 262144 + 917504 = 1179648 bytes
[    0.145277] Dentry cache hash table entries: 262144 (order: 9, 2097152 bytes, linear)
[    0.146404] Inode-cache hash table entries: 131072 (order: 8, 1048576 bytes, linear)
[    0.147432] Fallback order for Node 0: 0 
[    0.147444] Built 1 zonelists, mobility grouping on.  Total pages: 524158
[    0.148459] Policy zone: DMA32
[    0.148750] mem auto-init: stack:off, heap alloc:off, heap free:off
[    0.149328] stackdepot: allocating hash table via alloc_large_system_hash
[    0.149963] stackdepot hash table entries: 1048576 (order: 12, 16777216 bytes, linear)
[    0.153760] stackdepot: allocating space for 8192 stack pools via memblock
[    0.191042] SLUB: HWalign=64, Order=0-3, MinObjects=0, CPUs=2, Nodes=1
[    0.191656] kmemleak: Kernel memory leak detector disabled
[    0.227282] ftrace: allocating 74674 entries in 292 pages
[    0.227786] ftrace: allocated 292 pages with 3 groups
[    0.232082] Dynamic Preempt: voluntary
[    0.232914] Running RCU self tests
[    0.233225] Running RCU synchronous self tests
[    0.233637] rcu: Preemptible hierarchical RCU implementation.
[    0.234160] rcu: 	RCU lockdep checking is enabled.
[    0.234601] rcu: 	RCU restricting CPUs from NR_CPUS=8192 to nr_cpu_ids=2.
[    0.235223] 	Trampoline variant of Tasks RCU enabled.
[    0.235688] 	Rude variant of Tasks RCU enabled.
[    0.236103] 	Tracing variant of Tasks RCU enabled.
[    0.236545] rcu: RCU calculated value of scheduler-enlistment delay is 25 jiffies.
[    0.237240] rcu: Adjusting geometry for rcu_fanout_leaf=16, nr_cpu_ids=2
[    0.237939] Running RCU synchronous self tests
[    0.238349] RCU Tasks: Setting shift to 1 and lim to 1 rcu_task_cb_adjust=1 rcu_task_cpu_ids=2.
[    0.239149] RCU Tasks Rude: Setting shift to 1 and lim to 1 rcu_task_cb_adjust=1 rcu_task_cpu_ids=2.
[    0.239988] RCU Tasks Trace: Setting shift to 1 and lim to 1 rcu_task_cb_adjust=1 rcu_task_cpu_ids=2.
[    0.308612] NR_IRQS: 524544, nr_irqs: 440, preallocated irqs: 16
[    0.309718] rcu: srcu_init: Setting srcu_struct sizes based on contention.
[    0.318897] Console: colour VGA+ 80x25
[    0.319320] printk: legacy console [ttyS0] enabled
[    0.319320] printk: legacy console [ttyS0] enabled
[    0.320222] printk: legacy bootconsole [earlyser0] disabled
[    0.320222] printk: legacy bootconsole [earlyser0] disabled
[    0.321272] Lock dependency validator: Copyright (c) 2006 Red Hat, Inc., Ingo Molnar
[    0.322004] ... MAX_LOCKDEP_SUBCLASSES:  8
[    0.322395] ... MAX_LOCK_DEPTH:          48
[    0.322797] ... MAX_LOCKDEP_KEYS:        8192
[    0.323210] ... CLASSHASH_SIZE:          4096
[    0.323630] ... MAX_LOCKDEP_ENTRIES:     32768
[    0.324052] ... MAX_LOCKDEP_CHAINS:      65536
[    0.324480] ... CHAINHASH_SIZE:          32768
[    0.324902]  memory used by lock dependency info: 6429 kB
[    0.325410]  memory used for stack traces: 4224 kB
[    0.325869]  per task-struct memory footprint: 1920 bytes
[    0.326480] ACPI: Core revision 20250807
[    0.327272] clocksource: hpet: mask: 0xffffffff max_cycles: 0xffffffff, max_idle_ns: 19112604467 ns
[    0.328302] APIC: Switch to symmetric I/O mode setup
[    0.329064] x2apic enabled
[    0.329731] APIC: Switched APIC routing to: physical x2apic
[    0.330269] kvm-guest: APIC: send_IPI_mask() replaced with kvm_send_ipi_mask()
[    0.330965] kvm-guest: APIC: send_IPI_mask_allbutself() replaced with kvm_send_ipi_mask_allbutself()
[    0.331830] kvm-guest: setup PV IPIs
[    0.333340] ..TIMER: vector=0x30 apic1=0 pin1=2 apic2=-1 pin2=-1
[    0.333949] clocksource: tsc-early: mask: 0xffffffffffffffff max_cycles: 0x1881273ac8e, max_idle_ns: 440795257284 ns
[    0.334957] Calibrating delay loop (skipped) preset value.. 3400.00 BogoMIPS (lpj=6800000)
[    0.335893] x86/cpu: User Mode Instruction Prevention (UMIP) activated
[    0.339076] Last level iTLB entries: 4KB 0, 2MB 0, 4MB 0
[    0.339585] Last level dTLB entries: 4KB 0, 2MB 0, 4MB 0, 1GB 0
[    0.340175] mitigations: Enabled attack vectors: user_kernel, user_user, guest_host, guest_guest, SMT mitigations: auto
[    0.341209] Speculative Store Bypass: Mitigation: Speculative Store Bypass disabled via prctl
[    0.342011] Spectre V2 : Mitigation: Enhanced / Automatic IBRS
[    0.342565] ITS: Mitigation: Aligned branch/return thunks
[    0.342950] Spectre V1 : Mitigation: usercopy/swapgs barriers and __user pointer sanitization
[    0.343759] Spectre V2 : WARNING: Unprivileged eBPF is enabled with eIBRS on, data leaks possible via Spectre v2 BHB attacks!
[    0.344820] Spectre V2 : Spectre v2 / PBRSB-eIBRS: Retire a single CALL on VMEXIT
[    0.345530] Spectre V2 : mitigation: Enabling conditional Indirect Branch Prediction Barrier
[    0.346332] active return thunk: its_return_thunk
[    0.346948] Spectre V2 : Spectre BHI mitigation: SW BHB clearing on syscall and VM exit
[    0.347753] x86/fpu: Supporting XSAVE feature 0x001: 'x87 floating point registers'
[    0.348488] x86/fpu: Supporting XSAVE feature 0x002: 'SSE registers'
[    0.349096] x86/fpu: Supporting XSAVE feature 0x004: 'AVX registers'
[    0.349700] x86/fpu: Supporting XSAVE feature 0x020: 'AVX-512 opmask'
[    0.350317] x86/fpu: Supporting XSAVE feature 0x040: 'AVX-512 Hi256'
[    0.350947] x86/fpu: Supporting XSAVE feature 0x080: 'AVX-512 ZMM_Hi256'
[    0.351583] x86/fpu: Supporting XSAVE feature 0x200: 'Protection Keys User registers'
[    0.352331] x86/fpu: Supporting XSAVE feature 0x20000: 'AMX Tile config'
[    0.352973] x86/fpu: Supporting XSAVE feature 0x40000: 'AMX Tile data'
[    0.353599] x86/fpu: xstate_offset[2]:  576, xstate_sizes[2]:  256
[    0.354567] x86/fpu: xstate_offset[5]:  832, xstate_sizes[5]:   64
[    0.354954] x86/fpu: xstate_offset[6]:  896, xstate_sizes[6]:  512
[    0.355546] x86/fpu: xstate_offset[7]: 1408, xstate_sizes[7]: 1024
[    0.356140] x86/fpu: xstate_offset[9]: 2432, xstate_sizes[9]:    8
[    0.356737] x86/fpu: xstate_offset[17]: 2496, xstate_sizes[17]:   64
[    0.357344] x86/fpu: xstate_offset[18]: 2560, xstate_sizes[18]: 8192
[    0.357953] x86/fpu: Enabled xstate features 0x602e7, context size is 10752 bytes, using 'compacted' format.
[    0.512323] Freeing SMP alternatives memory: 64K
[    0.512788] pid_max: default: 32768 minimum: 301
[    0.513475] LSM: initializing lsm=capability,yama,ima,evm
[    0.514098] Yama: becoming mindful.
[    0.514866] Mount-cache hash table entries: 4096 (order: 3, 32768 bytes, linear)
[    0.514954] Mountpoint-cache hash table entries: 4096 (order: 3, 32768 bytes, linear)
[    0.517203] Running RCU synchronous self tests
[    0.517642] Running RCU synchronous self tests
[    0.519043] smpboot: CPU0: Intel(R) Xeon(R) Gold 6414TDX (family: 0x6, model: 0x8f, stepping: 0x6)
[    0.520642] Performance Events: PEBS fmt0-, Sapphire Rapids events, full-width counters, Intel PMU driver.
[    0.521699] ... version:                   2
[    0.522112] ... bit width:                 48
[    0.522536] ... generic counters:          8
[    0.522944] ... generic bitmap:            00000000000000ff
[    0.522951] ... fixed-purpose counters:    4
[    0.523364] ... fixed-purpose bitmap:      000000000000000f
[    0.523898] ... value mask:                0000ffffffffffff
[    0.524431] ... max period:                00007fffffffffff
[    0.524967] ... global_ctrl mask:          0000000f000000ff
[    0.525998] signal: max sigframe size: 11952
[    0.526553] rcu: Hierarchical SRCU implementation.
[    0.526950] rcu: 	Max phase no-delay instances is 1000.
[    0.527654] Timer migration: 1 hierarchy levels; 8 children per group; 1 crossnode level
[    0.543736] smp: Bringing up secondary CPUs ...
[    0.544761] smpboot: x86: Booting SMP configuration:
[    0.545256] .... node  #0, CPUs:      #1
[    0.545488] smp: Brought up 1 node, 2 CPUs
[    0.546969] smpboot: Total of 2 processors activated (6800.00 BogoMIPS)
[    0.548295] Memory: 1591844K/2096632K available (80005K kernel code, 15398K rwdata, 18472K rodata, 16260K init, 21268K bss, 493180K reserved, 0K cma-reserved)
[    0.550275] devtmpfs: initialized
[    0.551654] x86/mm: Memory block size: 128MB
[    0.562737] Running RCU synchronous self tests
[    0.562970] Running RCU synchronous self tests
[    0.563503] Running RCU Tasks wait API self tests
[    0.563503] Running RCU Tasks Rude wait API self tests
[    0.563503] Running RCU Tasks Trace wait API self tests
[    0.582967] clocksource: jiffies: mask: 0xffffffff max_cycles: 0xffffffff, max_idle_ns: 7645041785100000 ns
[    0.583974] posixtimers hash table entries: 1024 (order: 5, 73728 bytes, linear)
[    0.587017] futex hash table entries: 512 (65536 bytes on 1 NUMA nodes, total 64 KiB, linear).
[    0.589231] pinctrl core: initialized pinctrl subsystem
[    0.591068] 
[    0.591233] *************************************************************
[    0.591891] **     NOTICE NOTICE NOTICE NOTICE NOTICE NOTICE NOTICE    **
[    0.592548] **                                                         **
[    0.593215] **  IOMMU DebugFS SUPPORT HAS BEEN ENABLED IN THIS KERNEL  **
[    0.593869] **                                                         **
[    0.594521] ** This means that this kernel is built to expose internal **
[    0.594950] ** IOMMU data structures, which may compromise security on **
[    0.595608] ** your system.                                            **
[    0.596264] **                                                         **
[    0.596922] ** If you see this message and you are not debugging the   **
[    0.597576] ** kernel, report this immediately to your vendor!         **
[    0.598234] **                                                         **
[    0.598892] **     NOTICE NOTICE NOTICE NOTICE NOTICE NOTICE NOTICE    **
[    0.598948] *************************************************************
[    0.599703] PM: RTC time: 12:36:52, date: 2025-12-02
[    0.602922] NET: Registered PF_NETLINK/PF_ROUTE protocol family
[    0.604492] DMA: preallocated 256 KiB GFP_KERNEL pool for atomic allocations
[    0.605202] DMA: preallocated 256 KiB GFP_KERNEL|GFP_DMA pool for atomic allocations
[    0.605969] DMA: preallocated 256 KiB GFP_KERNEL|GFP_DMA32 pool for atomic allocations
[    0.606821] audit: initializing netlink subsys (disabled)
[    0.607055] audit: type=2000 audit(1764679012.790:1): state=initialized audit_enabled=0 res=1
[    0.609153] thermal_sys: Registered thermal governor 'fair_share'
[    0.609164] thermal_sys: Registered thermal governor 'bang_bang'
[    0.609806] thermal_sys: Registered thermal governor 'step_wise'
[    0.610387] thermal_sys: Registered thermal governor 'user_space'
[    0.611020] cpuidle: using governor ladder
[    0.611965] cpuidle: using governor menu
[    0.611965] acpiphp: ACPI Hot Plug PCI Controller Driver version: 0.5
[    0.613272] PCI: Using configuration type 1 for base access
[    0.615280] kprobes: kprobe jump-optimization is enabled. All kprobes are optimized if possible.
[    0.616079] HugeTLB: registered 1.00 GiB page size, pre-allocated 0 pages
[    0.616754] HugeTLB: 16380 KiB vmemmap can be freed for a 1.00 GiB page
[    0.618961] HugeTLB: registered 2.00 MiB page size, pre-allocated 0 pages
[    0.619621] HugeTLB: 28 KiB vmemmap can be freed for a 2.00 MiB page
[    0.620262] Callback from call_rcu_tasks_trace() invoked.
[    0.795700] ACPI: Added _OSI(Module Device)
[    0.796123] ACPI: Added _OSI(Processor Device)
[    0.796556] ACPI: Added _OSI(Processor Aggregator Device)
[    0.814338] ACPI: 1 ACPI AML tables successfully acquired and loaded
[    0.832888] ACPI: Interpreter enabled
[    0.832888] ACPI: PM: (supports S0 S3 S4 S5)
[    0.832888] ACPI: Using IOAPIC for interrupt routing
[    0.833290] PCI: Using host bridge windows from ACPI; if necessary, use "pci=nocrs" and report a bug
[    0.834173] PCI: Using E820 reservations for host bridge windows
[    0.836084] ACPI: Enabled 2 GPEs in block 00 to 0F
[    0.878720] ACPI: PCI Root Bridge [PCI0] (domain 0000 [bus 00-ff])
[    0.882972] acpi PNP0A03:00: _OSC: OS supports [ASPM ClockPM Segments MSI EDR HPX-Type3]
[    0.883761] acpi PNP0A03:00: _OSC: not requesting OS control; OS requires [ExtendedConfig ASPM ClockPM MSI]
[    0.884867] acpi PNP0A03:00: fail to add MMCONFIG information, can't access extended configuration space under this bridge
[    0.890951] acpiphp: Slot [3] registered
[    0.891803] acpiphp: Slot [4] registered
[    0.892365] acpiphp: Slot [5] registered
[    0.892907] acpiphp: Slot [6] registered
[    0.893441] acpiphp: Slot [7] registered
[    0.893975] acpiphp: Slot [8] registered
[    0.894503] acpiphp: Slot [9] registered
[    0.895044] acpiphp: Slot [10] registered
[    0.895596] acpiphp: Slot [11] registered
[    0.896139] acpiphp: Slot [12] registered
[    0.896675] acpiphp: Slot [13] registered
[    0.897222] acpiphp: Slot [14] registered
[    0.897769] acpiphp: Slot [15] registered
[    0.898306] acpiphp: Slot [16] registered
[    0.898846] acpiphp: Slot [17] registered
[    0.899092] acpiphp: Slot [18] registered
[    0.899635] acpiphp: Slot [19] registered
[    0.900190] acpiphp: Slot [20] registered
[    0.900740] acpiphp: Slot [21] registered
[    0.901287] acpiphp: Slot [22] registered
[    0.901832] acpiphp: Slot [23] registered
[    0.902374] acpiphp: Slot [24] registered
[    0.902915] acpiphp: Slot [25] registered
[    0.903097] acpiphp: Slot [26] registered
[    0.903634] acpiphp: Slot [27] registered
[    0.904180] acpiphp: Slot [28] registered
[    0.904717] acpiphp: Slot [29] registered
[    0.905258] acpiphp: Slot [30] registered
[    0.905795] acpiphp: Slot [31] registered
[    0.906267] PCI host bridge to bus 0000:00
[    0.906728] pci_bus 0000:00: root bus resource [io  0x0000-0x0cf7 window]
[    0.906952] pci_bus 0000:00: root bus resource [io  0x0d00-0xffff window]
[    0.907614] pci_bus 0000:00: root bus resource [mem 0x000a0000-0x000bffff window]
[    0.908341] pci_bus 0000:00: root bus resource [mem 0x80000000-0xfebfffff window]
[    0.909069] pci_bus 0000:00: root bus resource [mem 0x100000000-0x17fffffff window]
[    0.909818] pci_bus 0000:00: root bus resource [bus 00-ff]
[    0.910477] pci 0000:00:00.0: [8086:1237] type 00 class 0x060000 conventional PCI endpoint
[    0.920754] pci 0000:00:01.0: [8086:7000] type 00 class 0x060100 conventional PCI endpoint
[    0.923021] pci 0000:00:01.1: [8086:7010] type 00 class 0x010180 conventional PCI endpoint
[    0.924385] pci 0000:00:01.1: BAR 4 [io  0xc040-0xc04f]
[    0.924931] pci 0000:00:01.1: BAR 0 [io  0x01f0-0x01f7]: legacy IDE quirk
[    0.925592] pci 0000:00:01.1: BAR 1 [io  0x03f6]: legacy IDE quirk
[    0.926191] pci 0000:00:01.1: BAR 2 [io  0x0170-0x0177]: legacy IDE quirk
[    0.926853] pci 0000:00:01.1: BAR 3 [io  0x0376]: legacy IDE quirk
[    0.927514] pci 0000:00:01.3: [8086:7113] type 00 class 0x068000 conventional PCI endpoint
[    0.928632] pci 0000:00:01.3: quirk: [io  0x0600-0x063f] claimed by PIIX4 ACPI
[    0.929345] pci 0000:00:01.3: quirk: [io  0x0700-0x070f] claimed by PIIX4 SMB
[    0.930606] pci 0000:00:02.0: [1234:1111] type 00 class 0x030000 conventional PCI endpoint
[    0.932028] pci 0000:00:02.0: BAR 0 [mem 0xfd000000-0xfdffffff pref]
[    0.932677] pci 0000:00:02.0: BAR 2 [mem 0xfebf0000-0xfebf0fff]
[    0.933282] pci 0000:00:02.0: ROM [mem 0xfebe0000-0xfebeffff pref]
[    0.933985] pci 0000:00:02.0: Video device with shadowed ROM at [mem 0x000c0000-0x000dffff]
[    0.944003] pci 0000:00:03.0: [8086:100e] type 00 class 0x020000 conventional PCI endpoint
[    0.945686] pci 0000:00:03.0: BAR 0 [mem 0xfebc0000-0xfebdffff]
[    0.946277] pci 0000:00:03.0: BAR 1 [io  0xc000-0xc03f]
[    0.946816] pci 0000:00:03.0: ROM [mem 0xfeb80000-0xfebbffff pref]
[    0.969881] ACPI: PCI: Interrupt link LNKA configured for IRQ 10
[    0.971533] ACPI: PCI: Interrupt link LNKB configured for IRQ 10
[    0.973121] ACPI: PCI: Interrupt link LNKC configured for IRQ 11
[    0.974688] ACPI: PCI: Interrupt link LNKD configured for IRQ 11
[    0.975375] ACPI: PCI: Interrupt link LNKS configured for IRQ 9
[    0.978944] iommu: Default domain type: Translated
[    0.978954] iommu: DMA domain TLB invalidation policy: lazy mode
[    0.985458] SCSI subsystem initialized
[    0.986944] ACPI: bus type USB registered
[    0.986944] usbcore: registered new interface driver usbfs
[    0.986944] usbcore: registered new interface driver hub
[    0.986944] usbcore: registered new device driver usb
[    0.986944] pps_core: LinuxPPS API ver. 1 registered
[    0.986944] pps_core: Software ver. 5.3.6 - Copyright 2005-2007 Rodolfo Giometti <giometti@linux.it>
[    0.990989] PTP clock support registered
[    0.991726] EDAC MC: Ver: 3.0.0
[    0.995519] NetLabel: Initializing
[    0.995876] NetLabel:  domain hash size = 128
[    0.996300] NetLabel:  protocols = UNLABELED CIPSOv4 CALIPSO
[    0.996987] NetLabel:  unlabeled traffic allowed by default
[    0.998033] PCI: Using ACPI for IRQ routing
[    0.998950] pci 0000:00:02.0: vgaarb: setting as boot VGA device
[    0.998950] pci 0000:00:02.0: vgaarb: bridge control possible
[    0.998950] pci 0000:00:02.0: vgaarb: VGA device added: decodes=io+mem,owns=io+mem,locks=none
[    0.998951] vgaarb: loaded
[    0.999656] hpet0: at MMIO 0xfed00000, IRQs 2, 8, 0
[    1.000150] hpet0: 3 comparators, 64-bit 100.000000 MHz counter
[    1.006944] clocksource: Switched to clocksource kvm-clock
[    1.006944] VFS: Disk quotas dquot_6.6.0
[    1.012627] VFS: Dquot-cache hash table entries: 512 (order 0, 4096 bytes)
[    1.014718] pnp: PnP ACPI init
[    1.019228] pnp: PnP ACPI: found 6 devices
[    1.039761] clocksource: acpi_pm: mask: 0xffffff max_cycles: 0xffffff, max_idle_ns: 2085701024 ns
[    1.041138] NET: Registered PF_INET protocol family
[    1.041748] IP idents hash table entries: 32768 (order: 6, 262144 bytes, linear)
[    1.043911] tcp_listen_portaddr_hash hash table entries: 1024 (order: 5, 73728 bytes, linear)
[    1.044780] Table-perturb hash table entries: 65536 (order: 6, 262144 bytes, linear)
[    1.045651] TCP established hash table entries: 16384 (order: 5, 131072 bytes, linear)
[    1.046795] TCP bind hash table entries: 16384 (order: 10, 2359296 bytes, linear)
[    1.048675] TCP: Hash tables configured (established 16384 bind 16384)
[    1.049416] UDP hash table entries: 1024 (order: 6, 262144 bytes, linear)
[    1.050186] UDP-Lite hash table entries: 1024 (order: 6, 262144 bytes, linear)
[    1.051250] NET: Registered PF_UNIX/PF_LOCAL protocol family
[    1.052539] RPC: Registered named UNIX socket transport module.
[    1.053164] RPC: Registered udp transport module.
[    1.053619] RPC: Registered tcp transport module.
[    1.054076] RPC: Registered tcp-with-tls transport module.
[    1.054607] RPC: Registered tcp NFSv4.1 backchannel transport module.
[    1.055248] pci_bus 0000:00: resource 4 [io  0x0000-0x0cf7 window]
[    1.055857] pci_bus 0000:00: resource 5 [io  0x0d00-0xffff window]
[    1.056456] pci_bus 0000:00: resource 6 [mem 0x000a0000-0x000bffff window]
[    1.057135] pci_bus 0000:00: resource 7 [mem 0x80000000-0xfebfffff window]
[    1.057798] pci_bus 0000:00: resource 8 [mem 0x100000000-0x17fffffff window]
[    1.058842] pci 0000:00:01.0: PIIX3: Enabling Passive Release
[    1.059415] pci 0000:00:00.0: Limiting direct PCI/PCI transfers
[    1.060082] PCI: CLS 0 bytes, default 64
[    1.060928] ACPI: bus type thunderbolt registered
[    1.061750] clocksource: tsc: mask: 0xffffffffffffffff max_cycles: 0x1881273ac8e, max_idle_ns: 440795257284 ns
[    1.062851] sgx: There are zero EPC sections.
[    3.716182] Initialise system trusted keyrings
[    3.716776] Key type blacklist registered
[    3.717844] workingset: timestamp_bits=36 max_order=19 bucket_order=0
[    3.720694] squashfs: version 4.0 (2009/01/31) Phillip Lougher
[    3.722638] NFS: Registering the id_resolver key type
[    3.723179] Key type id_resolver registered
[    3.723598] Key type id_legacy registered
[    3.724058] nfs4filelayout_init: NFSv4 File Layout Driver Registering...
[    3.724780] nfs4flexfilelayout_init: NFSv4 Flexfile Layout Driver Registering...
[    3.725808] fuse: init (API version 7.45)
[    3.726834] SGI XFS with ACLs, security attributes, realtime, quota, no debug enabled
[    3.728702] Callback from call_rcu_tasks() invoked.
[    3.729397] 9p: Installing v9fs 9p2000 file system support
[    3.744991] Key type asymmetric registered
[    3.745402] Asymmetric key parser 'x509' registered
[    3.746026] Block layer SCSI generic (bsg) driver version 0.4 loaded (major 241)
[    3.746971] io scheduler mq-deadline registered
[    3.747522] io scheduler bfq registered
[    3.748328] ledtrig-cpu: registered to indicate activity on CPUs
[    3.750854] IPMI message handler: version 39.2
[    3.751389] ipmi device interface
[    3.753685] input: Power Button as /devices/LNXSYSTM:00/LNXPWRBN:00/input/input0
[    3.754981] ACPI: button: Power Button [PWRF]
[    3.757203] ERST DBG: ERST support is disabled.
[    3.759146] Serial: 8250/16550 driver, 32 ports, IRQ sharing enabled
[    3.760978] 00:04: ttyS0 at I/O 0x3f8 (irq = 4, base_baud = 115200) is a 16550A
[    3.790857] Linux agpgart interface v0.103
[    3.793683] ACPI: bus type drm_connector registered
[    3.818912] brd: module loaded
[    3.835162] loop: module loaded
[    3.845151] scsi host0: ata_piix
[    3.846603] scsi host1: ata_piix
[    3.847452] ata1: PATA max MWDMA2 cmd 0x1f0 ctl 0x3f6 bmdma 0xc040 irq 14 lpm-pol 0
[    3.848200] ata2: PATA max MWDMA2 cmd 0x170 ctl 0x376 bmdma 0xc048 irq 15 lpm-pol 0
[    3.852400] tun: Universal TUN/TAP device driver, 1.6
[    3.853285] e100: Intel(R) PRO/100 Network Driver
[    3.853746] e100: Copyright(c) 1999-2006 Intel Corporation
[    3.854406] e1000: Intel(R) PRO/1000 Network Driver
[    3.854883] e1000: Copyright (c) 1999-2006 Intel Corporation.
[    4.004743] ata1: found unknown device (class 0)
[    4.005866] ata1.00: ATA-7: QEMU HARDDISK, 2.5+, max UDMA/100
[    4.006444] ata1.00: 17196647 sectors, multi 16: LBA48 
[    4.007994] scsi 0:0:0:0: Direct-Access     ATA      QEMU HARDDISK    2.5+ PQ: 0 ANSI: 5
[    4.008879] ata2: found unknown device (class 0)
[    4.009539] ata2.00: ATAPI: QEMU DVD-ROM, 2.5+, max UDMA/100
[    4.011266] sd 0:0:0:0: Attached scsi generic sg0 type 0
[    4.012733] scsi 1:0:0:0: CD-ROM            QEMU     QEMU DVD-ROM     2.5+ PQ: 0 ANSI: 5
[    4.013872] sd 0:0:0:0: [sda] 17196647 512-byte logical blocks: (8.80 GB/8.20 GiB)
[    4.014870] sd 0:0:0:0: [sda] Write Protect is off
[    4.015477] sd 0:0:0:0: [sda] Write cache: enabled, read cache: enabled, doesn't support DPO or FUA
[    4.016457] sd 0:0:0:0: [sda] Preferred minimum I/O size 512 bytes
[    4.025955] scsi 1:0:0:0: Attached scsi generic sg1 type 5
[    4.046924] sd 0:0:0:0: [sda] Attached SCSI disk
[    4.680321] ACPI: \_SB_.LNKC: Enabled at IRQ 11
[    4.997058] e1000 0000:00:03.0 eth0: (PCI:33MHz:32-bit) 52:54:00:12:34:56
[    4.997778] e1000 0000:00:03.0 eth0: Intel(R) PRO/1000 Network Connection
[    4.998632] e1000e: Intel(R) PRO/1000 Network Driver
[    4.999133] e1000e: Copyright(c) 1999 - 2015 Intel Corporation.
[    4.999881] igb: Intel(R) Gigabit Ethernet Network Driver
[    5.000418] igb: Copyright (c) 2007-2014 Intel Corporation.
[    5.001382] PPP generic driver version 2.4.2
[    5.002838] VFIO - User Level meta-driver version: 0.3
[    5.004514] usbcore: registered new interface driver uas
[    5.005232] usbcore: registered new interface driver usb-storage
[    5.006112] i8042: PNP: PS/2 Controller [PNP0303:KBD,PNP0f13:MOU] at 0x60,0x64 irq 1,12
[    5.007896] serio: i8042 KBD port at 0x60,0x64 irq 1
[    5.008463] serio: i8042 AUX port at 0x60,0x64 irq 12
[    5.010318] mousedev: PS/2 mouse device common for all mice
[    5.012081] input: AT Translated Set 2 keyboard as /devices/platform/i8042/serio0/input/input1
[    5.013616] rtc_cmos 00:05: RTC can wake from S4
[    5.016327] input: VirtualPS/2 VMware VMMouse as /devices/platform/i8042/serio1/input/input4
[    5.017892] rtc_cmos 00:05: registered as rtc0
[    5.018430] rtc_cmos 00:05: setting system clock to 2025-12-02T12:36:56 UTC (1764679016)
[    5.019559] rtc_cmos 00:05: alarms up to one day, y3k, 242 bytes nvram, hpet irqs
[    5.020368] i2c_dev: i2c /dev entries driver
[    5.021481] device-mapper: core: CONFIG_IMA_DISABLE_HTABLE is disabled. Duplicate IMA measurements will not be recorded in the IMA log.
[    5.022747] device-mapper: uevent: version 1.0.3
[    5.023598] input: VirtualPS/2 VMware VMMouse as /devices/platform/i8042/serio1/input/input3
[    5.025115] device-mapper: ioctl: 4.50.0-ioctl (2025-04-28) initialised: dm-devel@lists.linux.dev
[    5.026049] intel_pstate: CPU model not supported
[    5.026769] sdhci: Secure Digital Host Controller Interface driver
[    5.027411] sdhci: Copyright(c) Pierre Ossman
[    5.028064] sdhci-pltfm: SDHCI platform and OF driver helper
[    5.029214] drop_monitor: Initializing network drop monitor service
[    5.030272] NET: Registered PF_INET6 protocol family
[    5.032726] Segment Routing with IPv6
[    5.033186] In-situ OAM (IOAM) with IPv6
[    5.033649] NET: Registered PF_PACKET protocol family
[    5.034376] 9pnet: Installing 9P2000 support
[    5.034935] Key type dns_resolver registered
[    5.036937] IPI shorthand broadcast: enabled
[    5.097686] sched_clock: Marking stable (5076004658, 20585368)->(5099209879, -2619853)
[    5.099262] registered taskstats version 1
[    5.100057] Loading compiled-in X.509 certificates
[    5.184016] Demotion targets for Node 0: null
[    5.186091] Key type .fscrypt registered
[    5.186521] Key type fscrypt-provisioning registered
[    5.189686] Key type encrypted registered
[    5.190161] ima: No TPM chip found, activating TPM-bypass!
[    5.190717] ima: Allocated hash algorithm: sha1
[    5.191221] ima: No architecture policies found
[    5.191825] evm: Initialising EVM extended attributes:
[    5.192322] evm: security.selinux
[    5.192674] evm: security.SMACK64
[    5.193002] evm: security.SMACK64EXEC
[    5.193363] evm: security.SMACK64TRANSMUTE
[    5.193765] evm: security.SMACK64MMAP
[    5.194129] evm: security.apparmor
[    5.194465] evm: security.ima
[    5.194761] evm: security.capability
[    5.195115] evm: HMAC attrs: 0x1
[    5.198389] PM:   Magic number: 5:41:632
[    5.199542] RAS: Correctable Errors collector initialized.
[    5.200566] clk: Disabling unused clocks
[    5.201073] PM: genpd: Disabling unused power domains
[    5.202207] check access for rdinit=/init failed: -2, ignoring
[    5.202601] md: Waiting for all devices to be available before autodetect
[    5.203064] md: If you don't use raid, use raid=noautodetect
[    5.203434] md: Autodetecting RAID arrays.
[    5.203717] md: autorun ...
[    5.203917] md: ... autorun DONE.
[    5.209552] EXT4-fs (sda): INFO: recovery required on readonly filesystem
[    5.210040] EXT4-fs (sda): write access will be enabled during recovery
[    5.269741] EXT4-fs (sda): recovery complete
[    5.271277] EXT4-fs (sda): mounted filesystem 088740a9-c8b4-422c-999d-a804eb68a4da ro with ordered data mode. Quota mode: none.
[    5.272094] VFS: Mounted root (ext4 filesystem) readonly on device 8:0.
[    5.274060] devtmpfs: mounted
[    5.299498] Freeing unused decrypted memory: 2036K
[    5.305019] Freeing unused kernel image (initmem) memory: 16260K
[    5.305594] Write protecting the kernel read-only data: 102400k
[    5.309129] Freeing unused kernel image (text/rodata gap) memory: 1912K
[    5.310985] Freeing unused kernel image (rodata/data gap) memory: 2008K
[    6.365777] x86/mm: Checked W+X mappings: passed, no W+X pages found.
[    6.366266] Run /sbin/init as init process
[    6.505115] systemd[1]: systemd 252-15.el9 running in system mode (+PAM +AUDIT +SELINUX -APPARMOR +IMA +SMACK +SECCOMP +GCRYPT +GNUTLS +OPENSSL +ACL +BLKID +CURL +ELFUTILS -FIDO2 +IDN2 -IDN -IPTC +KMOD +LIBCRYPTSETUP +LIBFDISK +PCRE2 -PWQUALITY +P11KIT -QRENCODE +TPM2 +BZIP2 +LZ4 +XZ +ZLIB +ZSTD -BPF_FRAMEWORK +XKBCOMMON +UTMP +SYSVINIT default-hierarchy=unified)
[    6.507222] systemd[1]: Detected virtualization kvm.
[    6.507570] systemd[1]: Detected architecture x86-64.

Welcome to [0;31mCentOS Stream 9[0m!

[    6.511755] systemd[1]: Hostname set to <test>.
[    6.692706] systemd-rc-local-generator[120]: /etc/rc.d/rc.local is not marked executable, skipping.
[    6.968615] systemd[1]: Queued start job for default target Multi-User System.
[    6.991119] systemd[1]: Created slice Virtual Machine and Container Slice.
[[0;32m  OK  [0m] Created slice [0;1;39mVirtual Machine and Container Slice[0m.
[    6.996800] systemd[1]: Created slice Slice /system/getty.
[[0;32m  OK  [0m] Created slice [0;1;39mSlice /system/getty[0m.
[    6.999728] systemd[1]: Created slice Slice /system/modprobe.
[[0;32m  OK  [0m] Created slice [0;1;39mSlice /system/modprobe[0m.
[    7.002835] systemd[1]: Created slice Slice /system/serial-getty.
[[0;32m  OK  [0m] Created slice [0;1;39mSlice /system/serial-getty[0m.
[    7.005841] systemd[1]: Created slice Slice /system/sshd-keygen.
[[0;32m  OK  [0m] Created slice [0;1;39mSlice /system/sshd-keygen[0m.
[    7.008672] systemd[1]: Created slice User and Session Slice.
[[0;32m  OK  [0m] Created slice [0;1;39mUser and Session Slice[0m.
[    7.010077] systemd[1]: Started Forward Password Requests to Wall Directory Watch.
[[0;32m  OK  [0m] Started [0;1;39mForward Password R…uests to Wall Directory Watch[0m.
[    7.012232] systemd[1]: Set up automount Arbitrary Executable File Formats File System Automount Point.
[[0;32m  OK  [0m] Set up automount [0;1;39mArbitrary…s File System Automount Point[0m.
[    7.013754] systemd[1]: Reached target Local Integrity Protected Volumes.
[[0;32m  OK  [0m] Reached target [0;1;39mLocal Integrity Protected Volumes[0m.
[    7.014968] systemd[1]: Reached target Slice Units.
[[0;32m  OK  [0m] Reached target [0;1;39mSlice Units[0m.
[    7.015870] systemd[1]: Reached target Swaps.
[[0;32m  OK  [0m] Reached target [0;1;39mSwaps[0m.
[    7.016821] systemd[1]: Reached target Local Verity Protected Volumes.
[[0;32m  OK  [0m] Reached target [0;1;39mLocal Verity Protected Volumes[0m.
[    7.018293] systemd[1]: Listening on Device-mapper event daemon FIFOs.
[[0;32m  OK  [0m] Listening on [0;1;39mDevice-mapper event daemon FIFOs[0m.
[    7.020015] systemd[1]: Listening on LVM2 poll daemon socket.
[[0;32m  OK  [0m] Listening on [0;1;39mLVM2 poll daemon socket[0m.
[    7.021234] systemd[1]: multipathd control socket was skipped because of an unmet condition check (ConditionPathExists=/etc/multipath.conf).
[    7.065832] systemd[1]: Listening on RPCbind Server Activation Socket.
[[0;32m  OK  [0m] Listening on [0;1;39mRPCbind Server Activation Socket[0m.
[    7.067106] systemd[1]: Reached target RPC Port Mapper.
[[0;32m  OK  [0m] Reached target [0;1;39mRPC Port Mapper[0m.
[    7.070168] systemd[1]: Listening on Process Core Dump Socket.
[[0;32m  OK  [0m] Listening on [0;1;39mProcess Core Dump Socket[0m.
[    7.071624] systemd[1]: Listening on initctl Compatibility Named Pipe.
[[0;32m  OK  [0m] Listening on [0;1;39minitctl Compatibility Named Pipe[0m.
[    7.073348] systemd[1]: Listening on Journal Socket (/dev/log).
[[0;32m  OK  [0m] Listening on [0;1;39mJournal Socket (/dev/log)[0m.
[    7.074978] systemd[1]: Listening on Journal Socket.
[[0;32m  OK  [0m] Listening on [0;1;39mJournal Socket[0m.
[    7.076555] systemd[1]: Listening on udev Control Socket.
[[0;32m  OK  [0m] Listening on [0;1;39mudev Control Socket[0m.
[    7.078008] systemd[1]: Listening on udev Kernel Socket.
[[0;32m  OK  [0m] Listening on [0;1;39mudev Kernel Socket[0m.
[    7.084230] systemd[1]: Mounting Huge Pages File System...
         Mounting [0;1;39mHuge Pages File System[0m...
[    7.091059] systemd[1]: Mounting POSIX Message Queue File System...
         Mounting [0;1;39mPOSIX Message Queue File System[0m...
[    7.102444] systemd[1]: Mounting Kernel Debug File System...
         Mounting [0;1;39mKernel Debug File System[0m...
[    7.109814] systemd[1]: Mounting Kernel Trace File System...
         Mounting [0;1;39mKernel Trace File System[0m...
[    7.113267] systemd[1]: Kernel Module supporting RPCSEC_GSS was skipped because of an unmet condition check (ConditionPathExists=/etc/krb5.keytab).
[    7.114279] systemd[1]: Create List of Static Device Nodes was skipped because of an unmet condition check (ConditionFileNotEmpty=/lib/modules/6.18.0-4664fb427c8f+/modules.devname).
[    7.122834] systemd[1]: Starting Monitoring of LVM2 mirrors, snapshots etc. using dmeventd or progress polling...
         Starting [0;1;39mMonitoring of LVM…meventd or progress polling[0m...
[    7.130314] systemd[1]: Starting Load Kernel Module configfs...
         Starting [0;1;39mLoad Kernel Module configfs[0m...
[    7.138442] systemd[1]: Starting Load Kernel Module drm...
         Starting [0;1;39mLoad Kernel Module drm[0m...
[    7.161980] systemd[1]: Starting Load Kernel Module fuse...
         Starting [0;1;39mLoad Kernel Module fuse[0m...
[    7.175014] systemd[1]: Starting Read and set NIS domainname from /etc/sysconfig/network...
         Starting [0;1;39mRead and set NIS …from /etc/sysconfig/network[0m...
[    7.201010] systemd[1]: Starting Journal Service...
         Starting [0;1;39mJournal Service[0m...
[    7.209118] systemd[1]: Starting Load Kernel Modules...
         Starting [0;1;39mLoad Kernel Modules[0m...
[    7.220980] systemd[1]: Starting Generate network units from Kernel command line...
         Starting [0;1;39mGenerate network …ts from Kernel command line[0m...
[    7.237463] systemd[1]: Starting Remount Root and Kernel File Systems...
         Starting [0;1;39mRemount Root and Kernel File Systems[0m...
[    7.242459] systemd[1]: Repartition Root Disk was skipped because no trigger condition checks were met.
[    7.264954] systemd[1]: Starting Coldplug All udev Devices...
         Starting [0;1;39mColdplug All udev Devices[0m...
[    7.279179] systemd[1]: Mounted Huge Pages File System.
[[0;32m  OK  [0m] Mounted [0;1;39mHuge Pages File System[0m.
[    7.285358] systemd[1]: Mounted POSIX Message Queue File System.
[[0;32m  OK  [0m] Mounted [0;1;39mPOSIX Message Queue File System[0m.
[    7.289416] systemd[1]: Mounted Kernel Debug File System.
[[0;32m  OK  [0m] Mounted [0;1;39mKernel Debug File System[0m.
[    7.293291] systemd[1]: Mounted Kernel Trace File System.
[[0;32m  OK  [0m] Mounted [0;1;39mKernel Trace File System[0m.
[    7.300793] systemd[1]: Finished Monitoring of LVM2 mirrors, snapshots etc. using dmeventd or progress polling.
[[0;32m  OK  [0m] Finished [0;1;39mMonitoring of LVM… dmeventd or progress polling[0m.
[    7.304158] systemd[1]: modprobe@configfs.service: Deactivated successfully.
[    7.310924] systemd[1]: Finished Load Kernel Module configfs.
[[0;32m  OK  [0m] Finished [0;1;39mLoad Kernel Module configfs[0m.
[    7.318130] systemd[1]: modprobe@drm.service: Deactivated successfully.
[    7.319713] systemd[1]: Finished Load Kernel Module drm.
[[0;32m  OK  [0m] Finished [0;1;39mLoad Kernel Module drm[0m.
[    7.322361] systemd[1]: modprobe@fuse.service: Deactivated successfully.
[    7.323903] systemd[1]: Finished Load Kernel Module fuse.
[[0;32m  OK  [0m] Finished [0;1;39mLoad Kernel Module fuse[0m.
[    7.332675] systemd[1]: Finished Read and set NIS domainname from /etc/sysconfig/network.
[[0;32m  OK  [0m] Finished [0;1;39mRead and set NIS …e from /etc/sysconfig/network[0m.
[    7.335894] EXT4-fs (sda): re-mounted 088740a9-c8b4-422c-999d-a804eb68a4da r/w.
[    7.336319] systemd[1]: systemd-modules-load.service: Main process exited, code=exited, status=1/FAILURE
[    7.341438] systemd[1]: systemd-modules-load.service: Failed with result 'exit-code'.
[    7.343012] systemd[1]: Failed to start Load Kernel Modules.
[[0;1;31mFAILED[0m] Failed to start [0;1;39mLoad Kernel Modules[0m.
See 'systemctl status systemd-modules-load.service' for details.
[    7.352550] systemd[1]: Finished Generate network units from Kernel command line.
[[0;32m  OK  [0m] Finished [0;1;39mGenerate network units from Kernel command line[0m.
[    7.363513] systemd[1]: Finished Remount Root and Kernel File Systems.
[[0;32m  OK  [0m] Finished [0;1;39mRemount Root and Kernel File Systems[0m.
[    7.366528] systemd[1]: Reached target Preparation for Network.
[[0;32m  OK  [0m] Reached target [0;1;39mPreparation for Network[0m.
[    7.380825] systemd[1]: Mounting FUSE Control File System...
         Mounting [0;1;39mFUSE Control File System[0m...
[    7.389166] systemd[1]: Mounting Kernel Configuration File System...
         Mounting [0;1;39mKernel Configuration File System[0m...
[    7.393072] systemd[1]: Special handling of early boot iSCSI sessions was skipped because of an unmet condition check (ConditionDirectoryNotEmpty=/sys/class/iscsi_session).
[    7.394181] systemd[1]: First Boot Wizard was skipped because of an unmet condition check (ConditionFirstBoot=yes).
[    7.405064] systemd[1]: Rebuild Hardware Database was skipped because of an unmet condition check (ConditionNeedsUpdate=/etc).
[    7.421434] systemd[1]: Starting Load/Save Random Seed...
         Starting [0;1;39mLoad/Save Random Seed[0m...
[    7.436944] systemd[1]: Starting Apply Kernel Variables...
         Starting [0;1;39mApply Kernel Variables[0m...
[    7.438063] systemd[1]: Create System Users was skipped because no trigger condition checks were met.
[    7.465023] systemd[1]: Starting Create Static Device Nodes in /dev...
         Starting [0;1;39mCreate Static Device Nodes in /dev[0m...
[    7.484875] systemd[1]: Starting Setup Virtual Console...
         Starting [0;1;39mSetup Virtual Console[0m...
[    7.500652] systemd[1]: Started Journal Service.
[[0;32m  OK  [0m] Started [0;1;39mJournal Service[0m.
[[0;32m  OK  [0m] Mounted [0;1;39mFUSE Control File System[0m.
[[0;32m  OK  [0m] Mounted [0;1;39mKernel Configuration File System[0m.
[[0;32m  OK  [0m] Finished [0;1;39mLoad/Save Random Seed[0m.
         Starting [0;1;39mFlush Journal to Persistent Storage[0m...
[[0;32m  OK  [0m] Finished [0;1;39mApply Kernel Variables[0m.
[[0;32m  OK  [0m] Finished [0;1;39mCreate Static Device Nodes in /dev[0m.
[    7.613424] systemd-journald[142]: Received client request to flush runtime journal.
         Starting [0;1;39mRule-based Manage…for Device Events and Files[0m...
[[0;32m  OK  [0m] Finished [0;1;39mFlush Journal to Persistent Storage[0m.
[[0;32m  OK  [0m] Started [0;1;39mRule-based Manager for Device Events and Files[0m.
         Starting [0;1;39mAuto-connect to s…E devices found during boot[0m...
[[0;32m  OK  [0m] Finished [0;1;39mAuto-connect to s…VME devices found during boot[0m.
[[0;32m  OK  [0m] Finished [0;1;39mColdplug All udev Devices[0m.
         Starting [0;1;39mWait for udev To …plete Device Initialization[0m...
[[0;32m  OK  [0m] Finished [0;1;39mSetup Virtual Console[0m.
         Starting [0;1;39mShow Plymouth Boot Screen[0m...
[2J[3J[-1;-1f[[0;32m  OK  [0m] Started [0;1;39mShow Plymouth Boot Screen[0m.
[[0;32m  OK  [0m] Started [0;1;39mForward Password R…s to Plymouth Directory Watch[0m.
[[0;32m  OK  [0m] Reached target [0;1;39mLocal Encrypted Volumes[0m.
[[0;32m  OK  [0m] Reached target [0;1;39mPath Units[0m.
[[0;32m  OK  [0m] Found device [0;1;39m/dev/ttyS0[0m.
[[0;32m  OK  [0m] Listening on [0;1;39mLoad/Save RF …itch Status /dev/rfkill Watch[0m.
[[0;32m  OK  [0m] Finished [0;1;39mWait for udev To Complete Device Initialization[0m.
[[0;32m  OK  [0m] Reached target [0;1;39mPreparation for Local File Systems[0m.
[[0;32m  OK  [0m] Reached target [0;1;39mLocal File Systems[0m.
         Starting [0;1;39mTell Plymouth To Write Out Runtime Data[0m...
         Starting [0;1;39mAutomatic Boot Loader Update[0m...
         Starting [0;1;39mCreate Volatile Files and Directories[0m...
[[0;32m  OK  [0m] Finished [0;1;39mTell Plymouth To Write Out Runtime Data[0m.
[[0;32m  OK  [0m] Finished [0;1;39mAutomatic Boot Loader Update[0m.
[[0;32m  OK  [0m] Finished [0;1;39mCreate Volatile Files and Directories[0m.
         Mounting [0;1;39mRPC Pipe File System[0m...
         Starting [0;1;39mSecurity Auditing Service[0m...
         Starting [0;1;39mRPC Bind[0m...
[[0;32m  OK  [0m] Mounted [0;1;39mRPC Pipe File System[0m.
[[0;32m  OK  [0m] Reached target [0;1;39mrpc_pipefs.target[0m.
[[0;32m  OK  [0m] Started [0;1;39mRPC Bind[0m.
[[0;32m  OK  [0m] Started [0;1;39mSecurity Auditing Service[0m.
         Starting [0;1;39mRecord System Boot/Shutdown in UTMP[0m...
[[0;32m  OK  [0m] Finished [0;1;39mRecord System Boot/Shutdown in UTMP[0m.
[[0;32m  OK  [0m] Reached target [0;1;39mSystem Initialization[0m.
[[0;32m  OK  [0m] Started [0;1;39mDaily rotation of log files[0m.
[[0;32m  OK  [0m] Started [0;1;39mUpdates mlocate database every day[0m.
[[0;32m  OK  [0m] Started [0;1;39mDaily Cleanup of Temporary Directories[0m.
[[0;32m  OK  [0m] Started [0;1;39mdaily update of the root trust anchor for DNSSEC[0m.
[[0;32m  OK  [0m] Reached target [0;1;39mTimer Units[0m.
[[0;32m  OK  [0m] Listening on [0;1;39mD-Bus System Message Bus Socket[0m.
[[0;32m  OK  [0m] Listening on [0;1;39mOpen-iSCSI iscsid Socket[0m.
[[0;32m  OK  [0m] Listening on [0;1;39mOpen-iSCSI iscsiuio Socket[0m.
[[0;32m  OK  [0m] Listening on [0;1;39mSSSD Kerberos…ache Manager responder socket[0m.
[[0;32m  OK  [0m] Listening on [0;1;39mLibvirt interface local socket[0m.
[[0;32m  OK  [0m] Listening on [0;1;39mVirtual machine lock manager socket[0m.
[[0;32m  OK  [0m] Listening on [0;1;39mVirtual machine log manager socket[0m.
[[0;32m  OK  [0m] Listening on [0;1;39mLibvirt network local socket[0m.
[[0;32m  OK  [0m] Listening on [0;1;39mLibvirt nodedev local socket[0m.
[[0;32m  OK  [0m] Listening on [0;1;39mLibvirt nwfilter local socket[0m.
[[0;32m  OK  [0m] Listening on [0;1;39mLibvirt proxy local socket[0m.
[[0;32m  OK  [0m] Listening on [0;1;39mLibvirt qemu local socket[0m.
[[0;32m  OK  [0m] Listening on [0;1;39mLibvirt qemu admin socket[0m.
[[0;32m  OK  [0m] Listening on [0;1;39mLibvirt qemu local read-only socket[0m.
[[0;32m  OK  [0m] Listening on [0;1;39mLibvirt secret local socket[0m.
[[0;32m  OK  [0m] Listening on [0;1;39mLibvirt storage local socket[0m.
[[0;32m  OK  [0m] Reached target [0;1;39mSocket Units[0m.
         Starting [0;1;39mD-Bus System Message Bus[0m...
[[0;32m  OK  [0m] Started [0;1;39mD-Bus System Message Bus[0m.
[[0;32m  OK  [0m] Reached target [0;1;39mBasic System[0m.
         Starting [0;1;39mNetwork Manager[0m...
         Starting [0;1;39mNTP client/server[0m...
         Starting [0;1;39mRestore /run/initramfs on shutdown[0m...
[[0;32m  OK  [0m] Started [0;1;39mirqbalance daemon[0m.
[[0;32m  OK  [0m] Started [0;1;39mlibstoragemgmt plug-in server daemon[0m.
[[0;32m  OK  [0m] Started [0;1;39mMachine Check Exception Logging Daemon[0m.
[[0;32m  OK  [0m] Reached target [0;1;39msshd-keygen.target[0m.
[[0;32m  OK  [0m] Reached target [0;1;39mUser and Group Name Lookups[0m.
         Starting [0;1;39mUser Login Management[0m...
         Starting [0;1;39mVirtual Machine a…tainer Registration Service[0m...
[[0;32m  OK  [0m] Finished [0;1;39mRestore /run/initramfs on shutdown[0m.
[[0;32m  OK  [0m] Started [0;1;39mVirtual Machine an…ontainer Registration Service[0m.
         Starting [0;1;39mHostname Service[0m...
[[0;32m  OK  [0m] Started [0;1;39mNTP client/server[0m.
[[0;32m  OK  [0m] Started [0;1;39mUser Login Management[0m.
[[0;32m  OK  [0m] Started [0;1;39mHostname Service[0m.
         Starting [0;1;39mNetwork Manager Script Dispatcher Service[0m...
[[0;32m  OK  [0m] Started [0;1;39mNetwork Manager Script Dispatcher Service[0m.
[   10.732840] e1000: eth0 NIC Link is Up 1000 Mbps Full Duplex, Flow Control: RX
[[0;32m  OK  [0m] Started [0;1;39mNetwork Manager[0m.
[[0;32m  OK  [0m] Reached target [0;1;39mNetwork[0m.
[[0;32m  OK  [0m] Reached target [0;1;39mNetwork is Online[0m.
         Starting [0;1;39mGSSAPI Proxy Daemon[0m...
         Starting [0;1;39mNotify NFS peers of a restart[0m...
         Starting [0;1;39mSystem Logging Service[0m...
         Starting [0;1;39mOpenSSH server daemon[0m...
         Starting [0;1;39mDynamic System Tuning Daemon[0m...
[[0;32m  OK  [0m] Started [0;1;39mNotify NFS peers of a restart[0m.
[[0;32m  OK  [0m] Started [0;1;39mGSSAPI Proxy Daemon[0m.
[[0;32m  OK  [0m] Reached target [0;1;39mNFS client services[0m.
[[0;32m  OK  [0m] Reached target [0;1;39mPreparation for Remote File Systems[0m.
[[0;32m  OK  [0m] Reached target [0;1;39mRemote File Systems[0m.
         Starting [0;1;39mPermit User Sessions[0m...
         Starting [0;1;39mVirtualization qemu daemon[0m...
[[0;32m  OK  [0m] Started [0;1;39mOpenSSH server daemon[0m.
[[0;32m  OK  [0m] Finished [0;1;39mPermit User Sessions[0m.
[[0;32m  OK  [0m] Started [0;1;39mDeferred execution scheduler[0m.
[[0;32m  OK  [0m] Started [0;1;39mCommand Scheduler[0m.
         Starting [0;1;39mHold until boot process finishes up[0m...
         Starting [0;1;39mTerminate Plymouth Boot Screen[0m...
[[0;32m  OK  [0m] Started [0;1;39mVirtualization qemu daemon[0m.

CentOS Stream 9
Kernel 6.18.0-4664fb427c8f+ on an x86_64

Activate the web console with: systemctl enable --now cockpit.socket

test login: [   17.401920] tpm tpm0: Operation Canceled
[   17.422677] tpm tpm0: Operation Canceled
[   17.443957] tpm tpm0: Operation Canceled
[   17.465046] tpm tpm0: Operation Canceled
[   17.486072] tpm tpm0: Operation Canceled
[   17.506969] tpm tpm0: Operation Canceled
[   17.517648] tpm tpm0: Operation Canceled
[   17.538491] tpm tpm0: Operation Canceled
[   17.559485] tpm tpm0: Operation Canceled
[   17.580503] tpm tpm0: Operation Canceled
[   17.601901] tpm tpm0: Operation Canceled
[   17.622828] tpm tpm0: Operation Canceled
[   17.643740] tpm tpm0: Operation Canceled
[   17.664622] tpm tpm0: Operation Canceled
[   17.685794] tpm tpm0: Operation Canceled
[   17.706998] tpm tpm0: Operation Canceled
[   17.727991] tpm tpm0: Operation Canceled
[   17.749051] tpm tpm0: Operation Canceled
[   17.770197] tpm tpm0: Operation Canceled
[   17.790962] tpm tpm0: Operation Canceled
[   17.811953] tpm tpm0: Operation Canceled
[   17.832938] tpm tpm0: Operation Canceled
[   17.854159] tpm tpm0: Operation Canceled
[   17.874902] tpm tpm0: Operation Canceled
[   17.895903] tpm tpm0: Operation Canceled
[   17.916910] tpm tpm0: Operation Canceled
[   17.937956] tpm tpm0: Operation Canceled
[   17.958870] tpm tpm0: Operation Canceled
[   17.979906] tpm tpm0: Operation Canceled
[   17.990366] tpm tpm0: Operation Canceled
[   18.011457] tpm tpm0: Operation Canceled
[   18.032477] tpm tpm0: Operation Canceled
[   18.053474] tpm tpm0: Operation Canceled
[   18.074478] tpm tpm0: Operation Canceled
[   18.095648] tpm tpm0: Operation Canceled
[   18.127332] tpm tpm0: Operation Canceled
[   18.148385] tpm tpm0: Operation Canceled
[   18.169350] tpm tpm0: Operation Canceled
[   18.190388] tpm tpm0: Operation Canceled
[   18.211417] tpm tpm0: Operation Canceled
[   18.232418] tpm tpm0: Operation Canceled
[   18.253464] tpm tpm0: Operation Canceled
[   18.274813] tpm tpm0: Operation Canceled
[   18.295836] tpm tpm0: Operation Canceled
[   18.306316] tpm tpm0: Operation Canceled
[   18.327414] tpm tpm0: Operation Canceled
[   18.348450] tpm tpm0: Operation Canceled
[   18.369439] tpm tpm0: Operation Canceled
[   18.390494] tpm tpm0: Operation Canceled
[   18.411412] tpm tpm0: Operation Canceled
[   18.432528] tpm tpm0: Operation Canceled
[   18.453570] tpm tpm0: Operation Canceled
[   18.474571] tpm tpm0: Operation Canceled
[   18.495567] tpm tpm0: Operation Canceled
[   18.516612] tpm tpm0: Operation Canceled
[   18.537691] tpm tpm0: Operation Canceled
[   18.558710] tpm tpm0: Operation Canceled
[   18.579656] tpm tpm0: Operation Canceled
[   18.611504] tpm tpm0: Operation Canceled
[   18.632617] tpm tpm0: Operation Canceled
[   18.653631] tpm tpm0: Operation Canceled
[   18.674653] tpm tpm0: Operation Canceled
[   18.695660] tpm tpm0: Operation Canceled
[   18.716617] tpm tpm0: Operation Canceled
[   18.737952] tpm tpm0: Operation Canceled
[   18.758958] tpm tpm0: Operation Canceled
[   18.779983] tpm tpm0: Operation Canceled
[   18.790435] tpm tpm0: Operation Canceled
[   18.811552] tpm tpm0: Operation Canceled
[   18.832542] tpm tpm0: Operation Canceled
[   18.853599] tpm tpm0: Operation Canceled
[   18.874611] tpm tpm0: Operation Canceled
[   18.895609] tpm tpm0: Operation Canceled
[   18.916617] tpm tpm0: Operation Canceled
[   18.938106] tpm tpm0: Operation Canceled
[   18.958674] tpm tpm0: Operation Canceled
[   18.979639] tpm tpm0: Operation Canceled
[   19.000615] tpm tpm0: Operation Canceled
[   19.021638] tpm tpm0: Operation Canceled
[   19.042669] tpm tpm0: Operation Canceled
[   19.063582] tpm tpm0: Operation Canceled
[   19.084615] tpm tpm0: Operation Canceled
[   19.105542] tpm tpm0: Operation Canceled
[   19.126670] tpm tpm0: Operation Canceled
[   19.147624] tpm tpm0: Operation Canceled
[   19.168618] tpm tpm0: Operation Canceled
[   19.189808] tpm tpm0: Operation Canceled
[   19.210856] tpm tpm0: Operation Canceled
[   19.232339] tpm tpm0: Operation Canceled
[   19.253340] tpm tpm0: Operation Canceled
[   19.274357] tpm tpm0: Operation Canceled
[   19.284618] tpm tpm0: Operation Canceled
[   19.305969] tpm tpm0: Operation Canceled
[   19.326972] tpm tpm0: Operation Canceled
[   19.347950] tpm tpm0: Operation Canceled
[   19.379543] tpm tpm0: Operation Canceled
[   19.400526] tpm tpm0: Operation Canceled
[   19.421570] tpm tpm0: Operation Canceled
[   19.442897] tpm tpm0: Operation Canceled
[   19.463854] tpm tpm0: Operation Canceled
[   19.474341] tpm tpm0: Operation Canceled
[   19.495416] tpm tpm0: Operation Canceled
[   19.516425] tpm tpm0: Operation Canceled
[   19.537485] tpm tpm0: Operation Canceled
[   19.558395] tpm tpm0: Operation Canceled
[   19.579369] tpm tpm0: Operation Canceled
[   19.600869] tpm tpm0: Operation Canceled
[   19.621692] tpm tpm0: Operation Canceled
[   19.642674] tpm tpm0: Operation Canceled
[   19.663718] tpm tpm0: Operation Canceled
[   19.684925] tpm tpm0: Operation Canceled
[   19.706097] tpm tpm0: Operation Canceled
[   19.727064] tpm tpm0: Operation Canceled
[   19.748283] tpm tpm0: Operation Canceled
[   19.769311] tpm tpm0: Operation Canceled
[   19.790355] tpm tpm0: Operation Canceled
[   19.811387] tpm tpm0: Operation Canceled
[   19.832370] tpm tpm0: Operation Canceled
[   19.853395] tpm tpm0: Operation Canceled
[   19.885203] tpm tpm0: Operation Canceled
[   19.906301] tpm tpm0: Operation Canceled
[   19.927308] tpm tpm0: Operation Canceled
[   19.937862] tpm tpm0: Operation Canceled
[   19.958864] tpm tpm0: Operation Canceled
[   19.979799] tpm tpm0: Operation Canceled
[   19.990270] tpm tpm0: Operation Canceled
[   20.011347] tpm tpm0: Operation Canceled
[   20.032343] tpm tpm0: Operation Canceled
[   20.053543] tpm tpm0: Operation Canceled
[   20.074898] tpm tpm0: Operation Canceled
[   20.095878] tpm tpm0: Operation Canceled
[   20.117353] tpm tpm0: Operation Canceled
[   20.138431] tpm tpm0: Operation Canceled
[   20.159564] tpm tpm0: Operation Canceled
[   20.191301] tpm tpm0: Operation Canceled
[   20.212401] tpm tpm0: Operation Canceled
[   20.233422] tpm tpm0: Operation Canceled
[   20.254460] tpm tpm0: Operation Canceled
[   20.275340] tpm tpm0: Operation Canceled
[   20.296433] tpm tpm0: Operation Canceled
[   20.317451] tpm tpm0: Operation Canceled
[   20.338457] tpm tpm0: Operation Canceled
[   20.348961] tpm tpm0: Operation Canceled
[   20.370245] tpm tpm0: Operation Canceled
[   20.391065] tpm tpm0: Operation Canceled
[   20.412045] tpm tpm0: Operation Canceled
[   20.433055] tpm tpm0: Operation Canceled
[   20.454162] tpm tpm0: Operation Canceled
[   20.475090] tpm tpm0: Operation Canceled
[   20.485816] tpm tpm0: Operation Canceled
[   20.506711] tpm tpm0: Operation Canceled
[   20.527704] tpm tpm0: Operation Canceled
[   20.548729] tpm tpm0: Operation Canceled
[   20.569786] tpm tpm0: Operation Canceled
[   20.590711] tpm tpm0: Operation Canceled
[   20.611696] tpm tpm0: Operation Canceled
[   20.632616] tpm tpm0: Operation Canceled
[   20.653793] tpm tpm0: Operation Canceled
[   20.674812] tpm tpm0: Operation Canceled
[   20.695796] tpm tpm0: Operation Canceled
[   20.727301] tpm tpm0: Operation Canceled
[   20.748618] tpm tpm0: Operation Canceled
[   20.769640] tpm tpm0: Operation Canceled
[   20.790669] tpm tpm0: Operation Canceled
[   20.822439] tpm tpm0: Operation Canceled
[   20.843443] tpm tpm0: Operation Canceled
[   20.864480] tpm tpm0: Operation Canceled
[   20.885472] tpm tpm0: Operation Canceled
[   20.906818] tpm tpm0: Operation Canceled
[   20.927830] tpm tpm0: Operation Canceled
[   20.938250] tpm tpm0: Operation Canceled
[   20.959377] tpm tpm0: Operation Canceled
[   20.980351] tpm tpm0: Operation Canceled
[   21.001335] tpm tpm0: Operation Canceled
[   21.022353] tpm tpm0: Operation Canceled
[   21.043379] tpm tpm0: Operation Canceled
[   21.064689] tpm tpm0: Operation Canceled
[   21.085575] tpm tpm0: Operation Canceled
[   21.106605] tpm tpm0: Operation Canceled
[   21.127603] tpm tpm0: Operation Canceled
[   21.138279] tpm tpm0: Operation Canceled
[   21.159257] tpm tpm0: Operation Canceled
[   21.180267] tpm tpm0: Operation Canceled
[   21.201705] tpm tpm0: Operation Canceled
[   21.222662] tpm tpm0: Operation Canceled
[   21.243683] tpm tpm0: Operation Canceled
[   21.264624] tpm tpm0: Operation Canceled
[   21.285948] tpm tpm0: Operation Canceled
[   21.306741] tpm tpm0: Operation Canceled
[   21.327772] tpm tpm0: Operation Canceled
[   21.359325] tpm tpm0: Operation Canceled
[   21.380623] tpm tpm0: Operation Canceled
[   21.401723] tpm tpm0: Operation Canceled
[   21.422680] tpm tpm0: Operation Canceled
[   21.443743] tpm tpm0: Operation Canceled
[   21.464620] tpm tpm0: Operation Canceled
[   21.485825] tpm tpm0: Operation Canceled
[   21.506754] tpm tpm0: Operation Canceled
[   21.527776] tpm tpm0: Operation Canceled
[   21.538365] tpm tpm0: Operation Canceled
[   21.559619] tpm tpm0: Operation Canceled
[   21.580631] tpm tpm0: Operation Canceled
[   21.601782] tpm tpm0: Operation Canceled
[   21.622741] tpm tpm0: Operation Canceled
[   21.643806] tpm tpm0: Operation Canceled
[   21.664625] tpm tpm0: Operation Canceled
[   21.685846] tpm tpm0: Operation Canceled
[   21.706807] tpm tpm0: Operation Canceled
[   21.727813] tpm tpm0: Operation Canceled
[   21.748620] tpm tpm0: Operation Canceled
[   21.770033] tpm tpm0: Operation Canceled
[   21.790872] tpm tpm0: Operation Canceled
[   21.811925] tpm tpm0: Operation Canceled
[   21.833016] tpm tpm0: Operation Canceled
[   21.854089] tpm tpm0: Operation Canceled
[   21.875064] tpm tpm0: Operation Canceled
[   21.896054] tpm tpm0: Operation Canceled
[   21.917322] tpm tpm0: Operation Canceled
[   21.948915] tpm tpm0: Operation Canceled
[   21.969975] tpm tpm0: Operation Canceled
[   21.980451] tpm tpm0: Operation Canceled
[   21.990991] tpm tpm0: Operation Canceled
[   22.012005] tpm tpm0: Operation Canceled
[   22.033040] tpm tpm0: Operation Canceled
[   22.054128] tpm tpm0: Operation Canceled
[   22.075111] tpm tpm0: Operation Canceled
[   22.096086] tpm tpm0: Operation Canceled
[   22.117087] tpm tpm0: Operation Canceled
[   22.138124] tpm tpm0: Operation Canceled
[   22.169698] tpm tpm0: Operation Canceled
[   22.190907] tpm tpm0: Operation Canceled
[   22.211715] tpm tpm0: Operation Canceled
[   22.222253] tpm tpm0: Operation Canceled
[   22.243320] tpm tpm0: Operation Canceled
[   22.264303] tpm tpm0: Operation Canceled
[   22.285320] tpm tpm0: Operation Canceled
[   22.306480] tpm tpm0: Operation Canceled
[   22.327527] tpm tpm0: Operation Canceled
[   22.348618] tpm tpm0: Operation Canceled
[   22.369820] tpm tpm0: Operation Canceled
[   22.391069] tpm tpm0: Operation Canceled
[   22.412085] tpm tpm0: Operation Canceled
[   22.433058] tpm tpm0: Operation Canceled
[   22.454117] tpm tpm0: Operation Canceled
[   22.475100] tpm tpm0: Operation Canceled
[   22.496134] tpm tpm0: Operation Canceled
[   22.517128] tpm tpm0: Operation Canceled
[   22.538232] tpm tpm0: Operation Canceled
[   22.559229] tpm tpm0: Operation Canceled
[   22.580331] tpm tpm0: Operation Canceled
[   22.601375] tpm tpm0: Operation Canceled
[   22.622438] tpm tpm0: Operation Canceled
[   22.643430] tpm tpm0: Operation Canceled
[   22.664421] tpm tpm0: Operation Canceled
[   22.685466] tpm tpm0: Operation Canceled
[   22.706495] tpm tpm0: Operation Canceled
[   22.727774] tpm tpm0: Operation Canceled
[   22.759348] tpm tpm0: Operation Canceled
[   22.780354] tpm tpm0: Operation Canceled
[   22.801375] tpm tpm0: Operation Canceled
[   22.822431] tpm tpm0: Operation Canceled
[   22.843432] tpm tpm0: Operation Canceled
[   22.864434] tpm tpm0: Operation Canceled
[   22.885489] tpm tpm0: Operation Canceled
[   22.906951] tpm tpm0: Operation Canceled
[   22.927810] tpm tpm0: Operation Canceled
[   22.938375] tpm tpm0: Operation Canceled
[   22.959378] tpm tpm0: Operation Canceled
[   22.980407] tpm tpm0: Operation Canceled
[   23.001400] tpm tpm0: Operation Canceled
[   23.022469] tpm tpm0: Operation Canceled
[   23.043469] tpm tpm0: Operation Canceled
[   23.064482] tpm tpm0: Operation Canceled
[   23.085832] tpm tpm0: Operation Canceled
[   23.106742] tpm tpm0: Operation Canceled
[   23.127767] tpm tpm0: Operation Canceled
[   23.159345] tpm tpm0: Operation Canceled
[   23.180364] tpm tpm0: Operation Canceled
[   23.201363] tpm tpm0: Operation Canceled
[   23.222371] tpm tpm0: Operation Canceled
[   23.243396] tpm tpm0: Operation Canceled
[   23.264416] tpm tpm0: Operation Canceled
[   23.285402] tpm tpm0: Operation Canceled
[   23.306495] tpm tpm0: Operation Canceled
[   23.327506] tpm tpm0: Operation Canceled
[   23.348507] tpm tpm0: Operation Canceled
[   23.369522] tpm tpm0: Operation Canceled
[   23.390535] tpm tpm0: Operation Canceled
[   23.411547] tpm tpm0: Operation Canceled
[   23.432617] tpm tpm0: Operation Canceled
[   23.453910] tpm tpm0: Operation Canceled
[   23.474870] tpm tpm0: Operation Canceled
[   23.495876] tpm tpm0: Operation Canceled
[   23.516937] tpm tpm0: Operation Canceled
[   23.537944] tpm tpm0: Operation Canceled
[   23.558933] tpm tpm0: Operation Canceled
[   23.579932] tpm tpm0: Operation Canceled
[   23.600991] tpm tpm0: Operation Canceled
[   23.622159] tpm tpm0: Operation Canceled
[   23.643145] tpm tpm0: Operation Canceled
[   23.664165] tpm tpm0: Operation Canceled
[   23.685179] tpm tpm0: Operation Canceled
[   23.717009] tpm tpm0: Operation Canceled
[   23.737835] tpm tpm0: Operation Canceled
[   23.758804] tpm tpm0: Operation Canceled
[   23.779821] tpm tpm0: Operation Canceled
[   23.801052] tpm tpm0: Operation Canceled
[   23.822193] tpm tpm0: Operation Canceled
[   23.843053] tpm tpm0: Operation Canceled
[   23.864076] tpm tpm0: Operation Canceled
[   23.885099] tpm tpm0: Operation Canceled
[   23.906246] tpm tpm0: Operation Canceled
[   23.927079] tpm tpm0: Operation Canceled
[   23.948074] tpm tpm0: Operation Canceled
[   23.969330] tpm tpm0: Operation Canceled
[   23.990457] tpm tpm0: Operation Canceled
[   24.011412] tpm tpm0: Operation Canceled
[   24.032422] tpm tpm0: Operation Canceled
[   24.053709] tpm tpm0: Operation Canceled
[   24.074571] tpm tpm0: Operation Canceled
[   24.095572] tpm tpm0: Operation Canceled
[   24.106517] tpm tpm0: Operation Canceled
[   24.127350] tpm tpm0: Operation Canceled
[   24.148499] tpm tpm0: Operation Canceled
[   24.169524] tpm tpm0: Operation Canceled
[   24.190523] tpm tpm0: Operation Canceled
[   24.211510] tpm tpm0: Operation Canceled
[   24.232516] tpm tpm0: Operation Canceled
[   24.253536] tpm tpm0: Operation Canceled
[   24.274603] tpm tpm0: Operation Canceled
[   24.295561] tpm tpm0: Operation Canceled
[   24.316685] tpm tpm0: Operation Canceled
[   24.337844] tpm tpm0: Operation Canceled
[   24.358867] tpm tpm0: Operation Canceled
[   24.379823] tpm tpm0: Operation Canceled
[   24.411380] tpm tpm0: Operation Canceled
[   24.432408] tpm tpm0: Operation Canceled
[   24.453424] tpm tpm0: Operation Canceled
[   24.474498] tpm tpm0: Operation Canceled
[   24.495655] tpm tpm0: Operation Canceled
[   24.506237] tpm tpm0: Operation Canceled
[   24.527213] tpm tpm0: Operation Canceled
[   24.548245] tpm tpm0: Operation Canceled
[   24.569183] tpm tpm0: Operation Canceled
[   24.601115] tpm tpm0: Operation Canceled
[   24.622090] tpm tpm0: Operation Canceled
[   24.642956] tpm tpm0: Operation Canceled
[   24.664212] tpm tpm0: Operation Canceled
[   24.685197] tpm tpm0: Operation Canceled
[   24.706254] tpm tpm0: Operation Canceled
[   24.716614] tpm tpm0: Operation Canceled
[   24.737798] tpm tpm0: Operation Canceled
[   24.758785] tpm tpm0: Operation Canceled
[   24.779750] tpm tpm0: Operation Canceled
[   24.800615] tpm tpm0: Operation Canceled
[   24.822157] tpm tpm0: Operation Canceled
[   24.853373] tpm tpm0: Operation Canceled
[   24.874437] tpm tpm0: Operation Canceled
[   24.895469] tpm tpm0: Operation Canceled
[   24.916609] tpm tpm0: Operation Canceled
[   24.937783] tpm tpm0: Operation Canceled
[   24.958754] tpm tpm0: Operation Canceled
[   24.979801] tpm tpm0: Operation Canceled
[   25.011401] tpm tpm0: Operation Canceled
[   25.032301] tpm tpm0: Operation Canceled
[   25.053318] tpm tpm0: Operation Canceled
[   25.074328] tpm tpm0: Operation Canceled
[   25.095377] tpm tpm0: Operation Canceled
[   25.116357] tpm tpm0: Operation Canceled
[   25.137377] tpm tpm0: Operation Canceled
[   25.158410] tpm tpm0: Operation Canceled
[   25.179610] tpm tpm0: Operation Canceled
[   25.200557] tpm tpm0: Operation Canceled
[   25.221582] tpm tpm0: Operation Canceled
[   25.242555] tpm tpm0: Operation Canceled
[   25.263591] tpm tpm0: Operation Canceled
[   25.284559] tpm tpm0: Operation Canceled
[   25.305544] tpm tpm0: Operation Canceled
[   25.326558] tpm tpm0: Operation Canceled
[   25.347552] tpm tpm0: Operation Canceled
[   25.368602] tpm tpm0: Operation Canceled
[   25.389555] tpm tpm0: Operation Canceled
[   25.410558] tpm tpm0: Operation Canceled
[   25.431568] tpm tpm0: Operation Canceled
[   25.452613] tpm tpm0: Operation Canceled
[   25.473587] tpm tpm0: Operation Canceled
[   25.494614] tpm tpm0: Operation Canceled
[   25.515622] tpm tpm0: Operation Canceled
[   25.526225] tpm tpm0: Operation Canceled
[   25.547216] tpm tpm0: Operation Canceled
[   25.568176] tpm tpm0: Operation Canceled
[   25.589162] tpm tpm0: Operation Canceled
[   25.610174] tpm tpm0: Operation Canceled
[   25.631179] tpm tpm0: Operation Canceled
[   25.652221] tpm tpm0: Operation Canceled
[   25.673196] tpm tpm0: Operation Canceled
[   25.694220] tpm tpm0: Operation Canceled
[   25.715235] tpm tpm0: Operation Canceled
[   25.736295] tpm tpm0: Operation Canceled
[   25.757272] tpm tpm0: Operation Canceled
[   25.788937] tpm tpm0: Operation Canceled
[   25.809953] tpm tpm0: Operation Canceled
[   25.830918] tpm tpm0: Operation Canceled
[   25.851910] tpm tpm0: Operation Canceled
[   25.873131] tpm tpm0: Operation Canceled
[   25.894155] tpm tpm0: Operation Canceled
[   25.904612] tpm tpm0: Operation Canceled
[   25.925835] tpm tpm0: Operation Canceled
[   25.946680] tpm tpm0: Operation Canceled
[   25.967647] tpm tpm0: Operation Canceled
[   25.988614] tpm tpm0: Operation Canceled
[   26.009876] tpm tpm0: Operation Canceled
[   26.030704] tpm tpm0: Operation Canceled
[   26.051896] tpm tpm0: Operation Canceled
[   26.083266] tpm tpm0: Operation Canceled
[   26.104249] tpm tpm0: Operation Canceled
[   26.125289] tpm tpm0: Operation Canceled
[   26.146263] tpm tpm0: Operation Canceled
[   26.167272] tpm tpm0: Operation Canceled
[   26.188292] tpm tpm0: Operation Canceled
[   26.209296] tpm tpm0: Operation Canceled
[   26.230404] tpm tpm0: Operation Canceled
[   26.251382] tpm tpm0: Operation Canceled
[   26.272467] tpm tpm0: Operation Canceled
[   26.282924] tpm tpm0: Operation Canceled
[   26.303903] tpm tpm0: Operation Canceled
[   26.324993] tpm tpm0: Operation Canceled
[   26.346000] tpm tpm0: Operation Canceled
[   26.366979] tpm tpm0: Operation Canceled
[   26.387982] tpm tpm0: Operation Canceled
[   26.409084] tpm tpm0: Operation Canceled
[   26.430065] tpm tpm0: Operation Canceled
[   26.451018] tpm tpm0: Operation Canceled
[   26.471998] tpm tpm0: Operation Canceled
[   26.493036] tpm tpm0: Operation Canceled
[   26.514156] tpm tpm0: Operation Canceled
[   26.535150] tpm tpm0: Operation Canceled
[   26.556507] tpm tpm0: Operation Canceled
[   26.577435] tpm tpm0: Operation Canceled
[   26.598560] tpm tpm0: Operation Canceled
[   26.619506] tpm tpm0: Operation Canceled
[   26.640520] tpm tpm0: Operation Canceled
[   26.661521] tpm tpm0: Operation Canceled
[   26.682572] tpm tpm0: Operation Canceled
[   26.703524] tpm tpm0: Operation Canceled
[   26.724538] tpm tpm0: Operation Canceled
[   26.745793] tpm tpm0: Operation Canceled
[   26.766773] tpm tpm0: Operation Canceled
[   26.787819] tpm tpm0: Operation Canceled
[   26.819335] tpm tpm0: Operation Canceled
[   26.840320] tpm tpm0: Operation Canceled
[   26.871843] tpm tpm0: Operation Canceled
[   26.893157] tpm tpm0: Operation Canceled
[   26.914221] tpm tpm0: Operation Canceled
[   26.935207] tpm tpm0: Operation Canceled
[   26.956248] tpm tpm0: Operation Canceled
[   26.977231] tpm tpm0: Operation Canceled
[   26.998351] tpm tpm0: Operation Canceled
[   27.008618] tpm tpm0: Operation Canceled
[   27.029847] tpm tpm0: Operation Canceled
[   27.050863] tpm tpm0: Operation Canceled
[   27.071891] tpm tpm0: Operation Canceled
[   27.093100] tpm tpm0: Operation Canceled
[   27.124617] tpm tpm0: Operation Canceled
[   27.145861] tpm tpm0: Operation Canceled
[   27.166703] tpm tpm0: Operation Canceled
[   27.187954] tpm tpm0: Operation Canceled
[   27.208973] tpm tpm0: Operation Canceled
[   27.230040] tpm tpm0: Operation Canceled
[   27.251007] tpm tpm0: Operation Canceled
[   27.272270] tpm tpm0: Operation Canceled
[   27.293290] tpm tpm0: Operation Canceled
[   27.314300] tpm tpm0: Operation Canceled
[   27.335355] tpm tpm0: Operation Canceled
[   27.356306] tpm tpm0: Operation Canceled
[   27.377319] tpm tpm0: Operation Canceled
[   27.398396] tpm tpm0: Operation Canceled
[   27.419432] tpm tpm0: Operation Canceled
[   27.440392] tpm tpm0: Operation Canceled
[   27.461441] tpm tpm0: Operation Canceled
[   27.482514] tpm tpm0: Operation Canceled
[   27.503551] tpm tpm0: Operation Canceled
[   27.524505] tpm tpm0: Operation Canceled
[   27.545509] tpm tpm0: Operation Canceled
[   27.566525] tpm tpm0: Operation Canceled
[   27.587532] tpm tpm0: Operation Canceled
[   27.608606] tpm tpm0: Operation Canceled
[   27.629554] tpm tpm0: Operation Canceled
[   27.650547] tpm tpm0: Operation Canceled
[   27.671563] tpm tpm0: Operation Canceled
[   27.692606] tpm tpm0: Operation Canceled
[   27.713555] tpm tpm0: Operation Canceled
[   27.734557] tpm tpm0: Operation Canceled
[   27.755540] tpm tpm0: Operation Canceled
[   27.776548] tpm tpm0: Operation Canceled
[   27.797831] tpm tpm0: Operation Canceled
[   27.818804] tpm tpm0: Operation Canceled
[   27.839788] tpm tpm0: Operation Canceled
[   27.850384] tpm tpm0: Operation Canceled
[   27.871351] tpm tpm0: Operation Canceled
[   27.892355] tpm tpm0: Operation Canceled
[   27.913329] tpm tpm0: Operation Canceled
[   27.934316] tpm tpm0: Operation Canceled
[   27.955462] tpm tpm0: Operation Canceled
[   27.976487] tpm tpm0: Operation Canceled
[   27.997459] tpm tpm0: Operation Canceled
[   28.018489] tpm tpm0: Operation Canceled
[   28.039489] tpm tpm0: Operation Canceled
[   28.071518] tpm tpm0: Operation Canceled
[   28.092500] tpm tpm0: Operation Canceled
[   28.113820] tpm tpm0: Operation Canceled
[   28.134962] tpm tpm0: Operation Canceled
[   28.155690] tpm tpm0: Operation Canceled
[   28.166274] tpm tpm0: Operation Canceled
[   28.187286] tpm tpm0: Operation Canceled
[   28.208224] tpm tpm0: Operation Canceled
[   28.229215] tpm tpm0: Operation Canceled
[   28.250250] tpm tpm0: Operation Canceled
[   28.271278] tpm tpm0: Operation Canceled
[   28.292266] tpm tpm0: Operation Canceled
[   28.313272] tpm tpm0: Operation Canceled
[   28.334303] tpm tpm0: Operation Canceled
[   28.355296] tpm tpm0: Operation Canceled
[   28.376331] tpm tpm0: Operation Canceled
[   28.397300] tpm tpm0: Operation Canceled
[   28.428618] tpm tpm0: Operation Canceled
[   28.449901] tpm tpm0: Operation Canceled
[   28.471207] tpm tpm0: Operation Canceled
[   28.491867] tpm tpm0: Operation Canceled
[   28.512617] tpm tpm0: Operation Canceled
[   28.534092] tpm tpm0: Operation Canceled
[   28.554930] tpm tpm0: Operation Canceled
[   28.575917] tpm tpm0: Operation Canceled
[   28.596951] tpm tpm0: Operation Canceled
[   28.618037] tpm tpm0: Operation Canceled
[   28.639130] tpm tpm0: Operation Canceled
[   28.660221] tpm tpm0: Operation Canceled
[   28.681228] tpm tpm0: Operation Canceled
[   28.702311] tpm tpm0: Operation Canceled
[   28.723326] tpm tpm0: Operation Canceled
[   28.744300] tpm tpm0: Operation Canceled
[   28.765327] tpm tpm0: Operation Canceled
[   28.786394] tpm tpm0: Operation Canceled
[   28.807418] tpm tpm0: Operation Canceled
[   28.828580] tpm tpm0: Operation Canceled
[   28.849637] tpm tpm0: Operation Canceled
[   28.870619] tpm tpm0: Operation Canceled
[   28.891686] tpm tpm0: Operation Canceled
[   28.912612] tpm tpm0: Operation Canceled
[   28.933713] tpm tpm0: Operation Canceled
[   28.954683] tpm tpm0: Operation Canceled
[   28.975695] tpm tpm0: Operation Canceled
[   28.986283] tpm tpm0: Operation Canceled
[   29.007284] tpm tpm0: Operation Canceled
[   29.028227] tpm tpm0: Operation Canceled
[   29.049222] tpm tpm0: Operation Canceled
[   29.070281] tpm tpm0: Operation Canceled
[   29.091313] tpm tpm0: Operation Canceled
[   29.112293] tpm tpm0: Operation Canceled
[   29.133336] tpm tpm0: Operation Canceled
[   29.154373] tpm tpm0: Operation Canceled
[   29.185906] tpm tpm0: Operation Canceled
[   29.206898] tpm tpm0: Operation Canceled
[   29.227930] tpm tpm0: Operation Canceled
[   29.248929] tpm tpm0: Operation Canceled
[   29.269949] tpm tpm0: Operation Canceled
[   29.290892] tpm tpm0: Operation Canceled
[   29.311935] tpm tpm0: Operation Canceled
[   29.333203] tpm tpm0: Operation Canceled
[   29.353943] tpm tpm0: Operation Canceled
[   29.374916] tpm tpm0: Operation Canceled
[   29.395922] tpm tpm0: Operation Canceled
[   29.416957] tpm tpm0: Operation Canceled
[   29.437960] tpm tpm0: Operation Canceled
[   29.458968] tpm tpm0: Operation Canceled
[   29.479995] tpm tpm0: Operation Canceled
[   29.500995] tpm tpm0: Operation Canceled
[   29.522014] tpm tpm0: Operation Canceled
[   29.542984] tpm tpm0: Operation Canceled
[   29.553634] tpm tpm0: Operation Canceled
[   29.574504] tpm tpm0: Operation Canceled
[   29.595487] tpm tpm0: Operation Canceled
[   29.616507] tpm tpm0: Operation Canceled
[   29.637473] tpm tpm0: Operation Canceled
[   29.658540] tpm tpm0: Operation Canceled
[   29.679724] tpm tpm0: Operation Canceled
[   29.711330] tpm tpm0: Operation Canceled
[   29.732317] tpm tpm0: Operation Canceled
[   29.753354] tpm tpm0: Operation Canceled
[   29.774416] tpm tpm0: Operation Canceled
[   29.795627] tpm tpm0: Operation Canceled
[   29.816616] tpm tpm0: Operation Canceled
[   29.837842] tpm tpm0: Operation Canceled
[   29.858701] tpm tpm0: Operation Canceled
[   29.879705] tpm tpm0: Operation Canceled
[   29.900617] tpm tpm0: Operation Canceled
[   29.921886] tpm tpm0: Operation Canceled
[   29.942744] tpm tpm0: Operation Canceled
[   29.963705] tpm tpm0: Operation Canceled
[   29.974311] tpm tpm0: Operation Canceled
[   29.995314] tpm tpm0: Operation Canceled
[   30.016300] tpm tpm0: Operation Canceled
[   30.037342] tpm tpm0: Operation Canceled
[   30.058366] tpm tpm0: Operation Canceled
[   30.079335] tpm tpm0: Operation Canceled
[   30.100349] tpm tpm0: Operation Canceled
[   30.121370] tpm tpm0: Operation Canceled
[   30.142459] tpm tpm0: Operation Canceled
[   30.173998] tpm tpm0: Operation Canceled
[   30.195016] tpm tpm0: Operation Canceled
[   30.215977] tpm tpm0: Operation Canceled
[   30.236992] tpm tpm0: Operation Canceled
[   30.258026] tpm tpm0: Operation Canceled
[   30.279027] tpm tpm0: Operation Canceled
[   30.289632] tpm tpm0: Operation Canceled
[   30.310564] tpm tpm0: Operation Canceled
[   30.331600] tpm tpm0: Operation Canceled
[   30.352566] tpm tpm0: Operation Canceled
[   30.373582] tpm tpm0: Operation Canceled
[   30.394815] tpm tpm0: Operation Canceled
[   30.415861] tpm tpm0: Operation Canceled
[   30.436611] tpm tpm0: Operation Canceled
[   30.457895] tpm tpm0: Operation Canceled
[   30.478882] tpm tpm0: Operation Canceled
[   30.499917] tpm tpm0: Operation Canceled
[   30.520971] tpm tpm0: Operation Canceled
[   30.542171] tpm tpm0: Operation Canceled
[   30.562966] tpm tpm0: Operation Canceled
[   30.583998] tpm tpm0: Operation Canceled
[   30.605004] tpm tpm0: Operation Canceled
[   30.626020] tpm tpm0: Operation Canceled
[   30.647261] tpm tpm0: Operation Canceled
[   30.668242] tpm tpm0: Operation Canceled
[   30.689268] tpm tpm0: Operation Canceled
[   30.720615] tpm tpm0: Operation Canceled
[   30.741876] tpm tpm0: Operation Canceled
[   30.762852] tpm tpm0: Operation Canceled
[   30.783889] tpm tpm0: Operation Canceled
[   30.804610] tpm tpm0: Operation Canceled
[   30.826284] tpm tpm0: Operation Canceled
[   30.846921] tpm tpm0: Operation Canceled
[   30.867946] tpm tpm0: Operation Canceled
[   30.888953] tpm tpm0: Operation Canceled
[   30.910130] tpm tpm0: Operation Canceled
[   30.931157] tpm tpm0: Operation Canceled
[   30.952159] tpm tpm0: Operation Canceled
[   30.973190] tpm tpm0: Operation Canceled
[   30.994286] tpm tpm0: Operation Canceled
[   31.004610] tpm tpm0: Operation Canceled
[   31.025791] tpm tpm0: Operation Canceled
[   31.046779] tpm tpm0: Operation Canceled
[   31.067846] tpm tpm0: Operation Canceled
[   31.088969] tpm tpm0: Operation Canceled
[   31.110221] tpm tpm0: Operation Canceled
[   31.131002] tpm tpm0: Operation Canceled
[   31.152027] tpm tpm0: Operation Canceled
[   31.173035] tpm tpm0: Operation Canceled
[   31.194033] tpm tpm0: Operation Canceled
[   31.215007] tpm tpm0: Operation Canceled
[   31.236003] tpm tpm0: Operation Canceled
[   31.257015] tpm tpm0: Operation Canceled
[   31.278001] tpm tpm0: Operation Canceled
[   31.298958] tpm tpm0: Operation Canceled
[   31.319967] tpm tpm0: Operation Canceled
[   31.340999] tpm tpm0: Operation Canceled
[   31.362001] tpm tpm0: Operation Canceled
[   31.382981] tpm tpm0: Operation Canceled
[   31.403975] tpm tpm0: Operation Canceled
[   31.425022] tpm tpm0: Operation Canceled
[   31.446014] tpm tpm0: Operation Canceled
[   31.467203] tpm tpm0: Operation Canceled
[   31.488193] tpm tpm0: Operation Canceled
[   31.509192] tpm tpm0: Operation Canceled
[   31.530299] tpm tpm0: Operation Canceled
[   31.551237] tpm tpm0: Operation Canceled
[   31.572232] tpm tpm0: Operation Canceled
[   31.593230] tpm tpm0: Operation Canceled
[   31.614549] tpm tpm0: Operation Canceled
[   31.635490] tpm tpm0: Operation Canceled
[   31.656495] tpm tpm0: Operation Canceled
[   31.677486] tpm tpm0: Operation Canceled
[   31.698533] tpm tpm0: Operation Canceled
[   31.719458] tpm tpm0: Operation Canceled
[   31.740438] tpm tpm0: Operation Canceled
[   31.761457] tpm tpm0: Operation Canceled
[   31.782686] tpm tpm0: Operation Canceled
[   31.803710] tpm tpm0: Operation Canceled
[   31.835294] tpm tpm0: Operation Canceled
[   31.856185] tpm tpm0: Operation Canceled
[   31.877186] tpm tpm0: Operation Canceled
[   31.898284] tpm tpm0: Operation Canceled
[   31.919207] tpm tpm0: Operation Canceled
[   31.940236] tpm tpm0: Operation Canceled
[   31.961273] tpm tpm0: Operation Canceled
[   31.982352] tpm tpm0: Operation Canceled
[   31.992619] tpm tpm0: Operation Canceled
[   32.014056] tpm tpm0: Operation Canceled
[   32.035008] tpm tpm0: Operation Canceled
[   32.056204] tpm tpm0: Operation Canceled
[   32.077363] tpm tpm0: Operation Canceled
[   32.098328] tpm tpm0: Operation Canceled
[   32.119444] tpm tpm0: Operation Canceled
[   32.140421] tpm tpm0: Operation Canceled
[   32.161448] tpm tpm0: Operation Canceled
[   32.192976] tpm tpm0: Operation Canceled
[   32.214261] tpm tpm0: Operation Canceled
[   32.235012] tpm tpm0: Operation Canceled
[   32.256062] tpm tpm0: Operation Canceled
[   32.277056] tpm tpm0: Operation Canceled
[   32.298406] tpm tpm0: Operation Canceled
[   32.319033] tpm tpm0: Operation Canceled
[   32.340031] tpm tpm0: Operation Canceled
[   32.361064] tpm tpm0: Operation Canceled
[   32.382080] tpm tpm0: Operation Canceled
[   32.403046] tpm tpm0: Operation Canceled
[   32.424053] tpm tpm0: Operation Canceled
[   32.445099] tpm tpm0: Operation Canceled
[   32.466189] tpm tpm0: Operation Canceled
[   32.487178] tpm tpm0: Operation Canceled
[   32.508406] tpm tpm0: Operation Canceled
[   32.529425] tpm tpm0: Operation Canceled
[   32.550515] tpm tpm0: Operation Canceled
[   32.571468] tpm tpm0: Operation Canceled
[   32.592460] tpm tpm0: Operation Canceled
[   32.613467] tpm tpm0: Operation Canceled
[   32.634521] tpm tpm0: Operation Canceled
[   32.655478] tpm tpm0: Operation Canceled
[   32.676626] tpm tpm0: Operation Canceled
[   32.697718] tpm tpm0: Operation Canceled
[   32.718717] tpm tpm0: Operation Canceled
[   32.739732] tpm tpm0: Operation Canceled
[   32.750287] tpm tpm0: Operation Canceled
[   32.771264] tpm tpm0: Operation Canceled
[   32.792250] tpm tpm0: Operation Canceled
[   32.813283] tpm tpm0: Operation Canceled
[   32.834350] tpm tpm0: Operation Canceled
[   32.855669] tpm tpm0: Operation Canceled
[   32.876617] tpm tpm0: Operation Canceled
[   32.897878] tpm tpm0: Operation Canceled
[   32.929185] tpm tpm0: Operation Canceled
[   32.950239] tpm tpm0: Operation Canceled
[   32.971219] tpm tpm0: Operation Canceled
[   32.992175] tpm tpm0: Operation Canceled
[   33.013170] tpm tpm0: Operation Canceled
[   33.034275] tpm tpm0: Operation Canceled
[   33.055248] tpm tpm0: Operation Canceled
[   33.076268] tpm tpm0: Operation Canceled
[   33.097246] tpm tpm0: Operation Canceled
[   33.129027] tpm tpm0: Operation Canceled
[   33.150008] tpm tpm0: Operation Canceled
[   33.181472] tpm tpm0: Operation Canceled
[   33.202517] tpm tpm0: Operation Canceled
[   33.223549] tpm tpm0: Operation Canceled
[   33.244613] tpm tpm0: Operation Canceled
[   33.265542] tpm tpm0: Operation Canceled
[   33.286550] tpm tpm0: Operation Canceled
[   33.307564] tpm tpm0: Operation Canceled
[   33.328578] tpm tpm0: Operation Canceled
[   33.349595] tpm tpm0: Operation Canceled
[   33.370561] tpm tpm0: Operation Canceled
[   33.391796] tpm tpm0: Operation Canceled
[   33.423525] tpm tpm0: Operation Canceled
[   33.444491] tpm tpm0: Operation Canceled
[   33.465538] tpm tpm0: Operation Canceled
[   33.486531] tpm tpm0: Operation Canceled
[   33.507536] tpm tpm0: Operation Canceled
[   33.528535] tpm tpm0: Operation Canceled
[   33.549561] tpm tpm0: Operation Canceled
[   33.570765] tpm tpm0: Operation Canceled
[   33.591792] tpm tpm0: Operation Canceled
[   33.612616] tpm tpm0: Operation Canceled
[   33.634057] tpm tpm0: Operation Canceled
[   33.654813] tpm tpm0: Operation Canceled
[   33.675837] tpm tpm0: Operation Canceled
[   33.696613] tpm tpm0: Operation Canceled
[   33.717914] tpm tpm0: Operation Canceled
[   33.739029] tpm tpm0: Operation Canceled
[   33.760010] tpm tpm0: Operation Canceled
[   33.781017] tpm tpm0: Operation Canceled
[   33.802032] tpm tpm0: Operation Canceled
[   33.823026] tpm tpm0: Operation Canceled
[   33.833633] tpm tpm0: Operation Canceled
[   33.854509] tpm tpm0: Operation Canceled
[   33.875499] tpm tpm0: Operation Canceled
[   33.896507] tpm tpm0: Operation Canceled
[   33.917787] tpm tpm0: Operation Canceled
[   33.938690] tpm tpm0: Operation Canceled
[   33.959703] tpm tpm0: Operation Canceled
[   33.970263] tpm tpm0: Operation Canceled
[   33.991224] tpm tpm0: Operation Canceled
[   34.012224] tpm tpm0: Operation Canceled
[   34.033283] tpm tpm0: Operation Canceled
[   34.064616] tpm tpm0: Operation Canceled
[   34.085845] tpm tpm0: Operation Canceled
[   34.107033] tpm tpm0: Operation Canceled
[   34.128058] tpm tpm0: Operation Canceled
[   34.149071] tpm tpm0: Operation Canceled
[   34.170081] tpm tpm0: Operation Canceled
[   34.191107] tpm tpm0: Operation Canceled
[   34.212091] tpm tpm0: Operation Canceled
[   34.233113] tpm tpm0: Operation Canceled
[   34.254195] tpm tpm0: Operation Canceled
[   34.275157] tpm tpm0: Operation Canceled
[   34.296198] tpm tpm0: Operation Canceled
[   34.317178] tpm tpm0: Operation Canceled
[   34.338180] tpm tpm0: Operation Canceled
[   34.359172] tpm tpm0: Operation Canceled
[   34.380208] tpm tpm0: Operation Canceled
[   34.401182] tpm tpm0: Operation Canceled
[   34.422219] tpm tpm0: Operation Canceled
[   34.443220] tpm tpm0: Operation Canceled
[   34.464249] tpm tpm0: Operation Canceled
[   34.485238] tpm tpm0: Operation Canceled
[   34.506244] tpm tpm0: Operation Canceled
[   34.527259] tpm tpm0: Operation Canceled
[   34.548241] tpm tpm0: Operation Canceled
[   34.569286] tpm tpm0: Operation Canceled
[   34.590348] tpm tpm0: Operation Canceled
[   34.611312] tpm tpm0: Operation Canceled
[   34.632439] tpm tpm0: Operation Canceled
[   34.653472] tpm tpm0: Operation Canceled
[   34.674462] tpm tpm0: Operation Canceled
[   34.695493] tpm tpm0: Operation Canceled
[   34.716489] tpm tpm0: Operation Canceled
[   34.737531] tpm tpm0: Operation Canceled
[   34.758516] tpm tpm0: Operation Canceled
[   34.779513] tpm tpm0: Operation Canceled
[   34.800613] tpm tpm0: Operation Canceled
[   34.821715] tpm tpm0: Operation Canceled
[   34.842687] tpm tpm0: Operation Canceled
[   34.863662] tpm tpm0: Operation Canceled
[   34.895234] tpm tpm0: Operation Canceled
[   34.916197] tpm tpm0: Operation Canceled
[   34.937284] tpm tpm0: Operation Canceled
[   34.958362] tpm tpm0: Operation Canceled
[   34.968621] tpm tpm0: Operation Canceled
[   34.990099] tpm tpm0: Operation Canceled
[   35.010867] tpm tpm0: Operation Canceled
[   35.031853] tpm tpm0: Operation Canceled
[   35.052614] tpm tpm0: Operation Canceled
[   35.074178] tpm tpm0: Operation Canceled
[   35.095153] tpm tpm0: Operation Canceled
[   35.116153] tpm tpm0: Operation Canceled
[   35.137195] tpm tpm0: Operation Canceled
[   35.158308] tpm tpm0: Operation Canceled
[   35.189915] tpm tpm0: Operation Canceled
[   35.210927] tpm tpm0: Operation Canceled
[   35.231900] tpm tpm0: Operation Canceled
[   35.252951] tpm tpm0: Operation Canceled
[   35.273967] tpm tpm0: Operation Canceled
[   35.294978] tpm tpm0: Operation Canceled
[   35.315976] tpm tpm0: Operation Canceled
[   35.337009] tpm tpm0: Operation Canceled
[   35.358201] tpm tpm0: Operation Canceled
[   35.379205] tpm tpm0: Operation Canceled
[   35.400223] tpm tpm0: Operation Canceled
[   35.421220] tpm tpm0: Operation Canceled
[   35.442254] tpm tpm0: Operation Canceled
[   35.463247] tpm tpm0: Operation Canceled
[   35.484272] tpm tpm0: Operation Canceled
[   35.505241] tpm tpm0: Operation Canceled
[   35.526524] tpm tpm0: Operation Canceled
[   35.547511] tpm tpm0: Operation Canceled
[   35.568537] tpm tpm0: Operation Canceled
[   35.589525] tpm tpm0: Operation Canceled
[   35.610559] tpm tpm0: Operation Canceled
[   35.631580] tpm tpm0: Operation Canceled
[   35.652580] tpm tpm0: Operation Canceled
[   35.673616] tpm tpm0: Operation Canceled
[   35.694712] tpm tpm0: Operation Canceled
[   35.715697] tpm tpm0: Operation Canceled
[   35.736613] tpm tpm0: Operation Canceled
[   35.757796] tpm tpm0: Operation Canceled
[   35.778725] tpm tpm0: Operation Canceled
[   35.799745] tpm tpm0: Operation Canceled
[   35.831362] tpm tpm0: Operation Canceled
[   35.852321] tpm tpm0: Operation Canceled
[   35.873290] tpm tpm0: Operation Canceled
[   35.894389] tpm tpm0: Operation Canceled
[   35.915348] tpm tpm0: Operation Canceled
[   35.936341] tpm tpm0: Operation Canceled
[   35.957393] tpm tpm0: Operation Canceled
[   35.978406] tpm tpm0: Operation Canceled
[   35.999394] tpm tpm0: Operation Canceled
[   36.020387] tpm tpm0: Operation Canceled
[   36.041439] tpm tpm0: Operation Canceled
[   36.062576] tpm tpm0: Operation Canceled
[   36.083595] tpm tpm0: Operation Canceled
[   36.104690] tpm tpm0: Operation Canceled
[   36.125882] tpm tpm0: Operation Canceled
[   36.157354] tpm tpm0: Operation Canceled
[   36.188616] tpm tpm0: Operation Canceled
[   36.210134] tpm tpm0: Operation Canceled
[   36.231291] tpm tpm0: Operation Canceled
[   36.252251] tpm tpm0: Operation Canceled
[   36.273258] tpm tpm0: Operation Canceled
[   36.304621] tpm tpm0: Operation Canceled
[   36.325891] tpm tpm0: Operation Canceled
[   36.346809] tpm tpm0: Operation Canceled
[   36.367816] tpm tpm0: Operation Canceled
[   36.378403] tpm tpm0: Operation Canceled
[   36.399385] tpm tpm0: Operation Canceled
[   36.420411] tpm tpm0: Operation Canceled
[   36.441393] tpm tpm0: Operation Canceled
[   36.462396] tpm tpm0: Operation Canceled
[   36.483401] tpm tpm0: Operation Canceled
[   36.504613] tpm tpm0: Operation Canceled
[   36.525678] tpm tpm0: Operation Canceled
[   36.546614] tpm tpm0: Operation Canceled
[   36.567774] tpm tpm0: Operation Canceled
[   36.588612] tpm tpm0: Operation Canceled
[   36.609710] tpm tpm0: Operation Canceled
[   36.630628] tpm tpm0: Operation Canceled
[   36.651651] tpm tpm0: Operation Canceled
[   36.672612] tpm tpm0: Operation Canceled
[   36.693901] tpm tpm0: Operation Canceled
[   36.714694] tpm tpm0: Operation Canceled
[   36.735682] tpm tpm0: Operation Canceled
[   36.767369] tpm tpm0: Operation Canceled
[   36.788337] tpm tpm0: Operation Canceled
[   36.809372] tpm tpm0: Operation Canceled
[   36.830410] tpm tpm0: Operation Canceled
[   36.851364] tpm tpm0: Operation Canceled
[   36.872373] tpm tpm0: Operation Canceled
[   36.893418] tpm tpm0: Operation Canceled
[   36.914463] tpm tpm0: Operation Canceled
[   36.935701] tpm tpm0: Operation Canceled
[   36.956612] tpm tpm0: Operation Canceled
[   36.977943] tpm tpm0: Operation Canceled
[   36.998699] tpm tpm0: Operation Canceled
[   37.019680] tpm tpm0: Operation Canceled
[   37.030275] tpm tpm0: Operation Canceled
[   37.051452] tpm tpm0: Operation Canceled
[   37.072396] tpm tpm0: Operation Canceled
[   37.093417] tpm tpm0: Operation Canceled
[   37.114383] tpm tpm0: Operation Canceled
[   37.135357] tpm tpm0: Operation Canceled
[   37.156325] tpm tpm0: Operation Canceled
[   37.177360] tpm tpm0: Operation Canceled
[   37.198402] tpm tpm0: Operation Canceled
[   37.219399] tpm tpm0: Operation Canceled
[   37.240391] tpm tpm0: Operation Canceled
[   37.261669] tpm tpm0: Operation Canceled
[   37.282603] tpm tpm0: Operation Canceled
[   37.303624] tpm tpm0: Operation Canceled
[   37.314226] tpm tpm0: Operation Canceled
[   37.335154] tpm tpm0: Operation Canceled
[   37.356125] tpm tpm0: Operation Canceled
[   37.377266] tpm tpm0: Operation Canceled
[   37.398250] tpm tpm0: Operation Canceled
[   37.419226] tpm tpm0: Operation Canceled
[   37.440195] tpm tpm0: Operation Canceled
[   37.461213] tpm tpm0: Operation Canceled
[   37.482173] tpm tpm0: Operation Canceled
[   37.503196] tpm tpm0: Operation Canceled
[   37.524160] tpm tpm0: Operation Canceled
[   37.545174] tpm tpm0: Operation Canceled
[   37.566288] tpm tpm0: Operation Canceled
[   37.587241] tpm tpm0: Operation Canceled
[   37.608230] tpm tpm0: Operation Canceled
[   37.629260] tpm tpm0: Operation Canceled
[   37.650297] tpm tpm0: Operation Canceled
[   37.671264] tpm tpm0: Operation Canceled
[   37.692273] tpm tpm0: Operation Canceled
[   37.713281] tpm tpm0: Operation Canceled
[   37.734373] tpm tpm0: Operation Canceled
[   37.755578] tpm tpm0: Operation Canceled
[   37.776586] tpm tpm0: Operation Canceled
[   37.797582] tpm tpm0: Operation Canceled
[   37.818591] tpm tpm0: Operation Canceled
[   37.839559] tpm tpm0: Operation Canceled
[   37.860545] tpm tpm0: Operation Canceled
[   37.881565] tpm tpm0: Operation Canceled
[   37.902568] tpm tpm0: Operation Canceled
[   37.923808] tpm tpm0: Operation Canceled
[   37.955361] tpm tpm0: Operation Canceled
[   37.976335] tpm tpm0: Operation Canceled
[   37.997347] tpm tpm0: Operation Canceled
[   38.018450] tpm tpm0: Operation Canceled
[   38.039371] tpm tpm0: Operation Canceled
[   38.060406] tpm tpm0: Operation Canceled
[   38.081389] tpm tpm0: Operation Canceled
[   38.102707] tpm tpm0: Operation Canceled
[   38.123679] tpm tpm0: Operation Canceled
[   38.134271] tpm tpm0: Operation Canceled
[   38.155240] tpm tpm0: Operation Canceled
[   38.176243] tpm tpm0: Operation Canceled
[   38.197255] tpm tpm0: Operation Canceled
[   38.218367] tpm tpm0: Operation Canceled
[   38.239336] tpm tpm0: Operation Canceled
[   38.260463] tpm tpm0: Operation Canceled
[   38.281774] tpm tpm0: Operation Canceled
[   38.302552] tpm tpm0: Operation Canceled
[   38.323493] tpm tpm0: Operation Canceled
[   38.344534] tpm tpm0: Operation Canceled
[   38.365516] tpm tpm0: Operation Canceled
[   38.386581] tpm tpm0: Operation Canceled
[   38.407565] tpm tpm0: Operation Canceled
[   38.428538] tpm tpm0: Operation Canceled
[   38.449568] tpm tpm0: Operation Canceled
[   38.470587] tpm tpm0: Operation Canceled
[   38.491600] tpm tpm0: Operation Canceled
[   38.512561] tpm tpm0: Operation Canceled
[   38.533571] tpm tpm0: Operation Canceled
[   38.554700] tpm tpm0: Operation Canceled
[   38.575731] tpm tpm0: Operation Canceled
[   38.607331] tpm tpm0: Operation Canceled
[   38.628287] tpm tpm0: Operation Canceled
[   38.649490] tpm tpm0: Operation Canceled
[   38.670548] tpm tpm0: Operation Canceled
[   38.691588] tpm tpm0: Operation Canceled
[   38.712524] tpm tpm0: Operation Canceled
[   38.733521] tpm tpm0: Operation Canceled
[   38.754559] tpm tpm0: Operation Canceled
[   38.775589] tpm tpm0: Operation Canceled
[   38.796567] tpm tpm0: Operation Canceled
[   38.817756] tpm tpm0: Operation Canceled
[   38.838696] tpm tpm0: Operation Canceled
[   38.859730] tpm tpm0: Operation Canceled
[   38.870280] tpm tpm0: Operation Canceled
[   38.891300] tpm tpm0: Operation Canceled
[   38.912265] tpm tpm0: Operation Canceled
[   38.933258] tpm tpm0: Operation Canceled
[   38.975375] tpm tpm0: Operation Canceled
[   38.996371] tpm tpm0: Operation Canceled
[   39.017386] tpm tpm0: Operation Canceled
[   39.038405] tpm tpm0: Operation Canceled
[   39.059356] tpm tpm0: Operation Canceled
[   39.080350] tpm tpm0: Operation Canceled
