c[?7l[2J[0mSeaBIOS (version rel-1.16.0-0-gd239552ce722-prebuilt.qemu.org)


iPXE (http://ipxe.org) 00:03.0 CA00 PCI2.10 PnP PMM+7FF91000+7FEF1000 CA00
Press Ctrl-B to configure iPXE (PCI 00:03.0)...                                                                               


Booting from ROM..c[?7l[2J[    0.000000] Linux version 6.18.0-48ec78c1e4ca+ (root@gnr-bkc) (gcc (GCC) 11.5.0 20240719 (Red Hat 11.5.0-14), GNU ld version 2.35.2-54.el9) #1 SMP PREEMPT_DYNAMIC Tue Dec  2 20:43:01 CST 2025
[    0.000000] Command line: console=ttyS0 root=/dev/sda earlyprintk=serial net.ifnames=0 thunderbolt.dyndbg
[    0.000000] KERNEL supported cpus:
[    0.000000]   Intel GenuineIntel
[    0.000000]   AMD AuthenticAMD
[    0.000000]   Hygon HygonGenuine
[    0.000000]   Centaur CentaurHauls
[    0.000000]   zhaoxin   Shanghai  
[    0.000000] x86/split lock detection: #DB: warning on user-space bus_locks
[    0.000000] BIOS-provided physical RAM map:
[    0.000000] BIOS-e820: [mem 0x0000000000000000-0x000000000009fbff] usable
[    0.000000] BIOS-e820: [mem 0x000000000009fc00-0x000000000009ffff] reserved
[    0.000000] BIOS-e820: [mem 0x00000000000f0000-0x00000000000fffff] reserved
[    0.000000] BIOS-e820: [mem 0x0000000000100000-0x000000007ffdffff] usable
[    0.000000] BIOS-e820: [mem 0x000000007ffe0000-0x000000007fffffff] reserved
[    0.000000] BIOS-e820: [mem 0x00000000feffc000-0x00000000feffffff] reserved
[    0.000000] BIOS-e820: [mem 0x00000000fffc0000-0x00000000ffffffff] reserved
[    0.000000] printk: legacy bootconsole [earlyser0] enabled
[    0.000000] NX (Execute Disable) protection: active
[    0.000000] APIC: Static calls initialized
[    0.000000] SMBIOS 2.8 present.
[    0.000000] DMI: QEMU Standard PC (i440FX + PIIX, 1996), BIOS rel-1.16.0-0-gd239552ce722-prebuilt.qemu.org 04/01/2014
[    0.000000] DMI: Memory slots populated: 1/1
[    0.000000] Hypervisor detected: KVM
[    0.000000] last_pfn = 0x7ffe0 max_arch_pfn = 0x10000000000
[    0.000000] kvm-clock: Using msrs 4b564d01 and 4b564d00
[    0.000003] kvm-clock: using sched offset of 665982906 cycles
[    0.000507] clocksource: kvm-clock: mask: 0xffffffffffffffff max_cycles: 0x1cd42e4dffb, max_idle_ns: 881590591483 ns
[    0.002095] tsc: Detected 1700.000 MHz processor
[    0.010097] last_pfn = 0x7ffe0 max_arch_pfn = 0x10000000000
[    0.010679] MTRR map: 4 entries (3 fixed + 1 variable; max 19), built from 8 variable MTRRs
[    0.011488] x86/PAT: Configuration [0-7]: WB  WC  UC- UC  WB  WP  UC- WT  
[    0.017664] found SMP MP-table at [mem 0x000f5ba0-0x000f5baf]
[    0.018247] Using GB pages for direct mapping
[    0.020848] ACPI: Early table checksum verification disabled
[    0.021397] ACPI: RSDP 0x00000000000F59C0 000014 (v00 BOCHS )
[    0.021966] ACPI: RSDT 0x000000007FFE1951 000034 (v01 BOCHS  BXPC     00000001 BXPC 00000001)
[    0.022803] ACPI: FACP 0x000000007FFE17FD 000074 (v01 BOCHS  BXPC     00000001 BXPC 00000001)
[    0.023647] ACPI: DSDT 0x000000007FFE0040 0017BD (v01 BOCHS  BXPC     00000001 BXPC 00000001)
[    0.024479] ACPI: FACS 0x000000007FFE0000 000040
[    0.024940] ACPI: APIC 0x000000007FFE1871 000080 (v01 BOCHS  BXPC     00000001 BXPC 00000001)
[    0.025773] ACPI: HPET 0x000000007FFE18F1 000038 (v01 BOCHS  BXPC     00000001 BXPC 00000001)
[    0.026607] ACPI: WAET 0x000000007FFE1929 000028 (v01 BOCHS  BXPC     00000001 BXPC 00000001)
[    0.027443] ACPI: Reserving FACP table memory at [mem 0x7ffe17fd-0x7ffe1870]
[    0.028127] ACPI: Reserving DSDT table memory at [mem 0x7ffe0040-0x7ffe17fc]
[    0.028811] ACPI: Reserving FACS table memory at [mem 0x7ffe0000-0x7ffe003f]
[    0.029491] ACPI: Reserving APIC table memory at [mem 0x7ffe1871-0x7ffe18f0]
[    0.030175] ACPI: Reserving HPET table memory at [mem 0x7ffe18f1-0x7ffe1928]
[    0.030856] ACPI: Reserving WAET table memory at [mem 0x7ffe1929-0x7ffe1950]
[    0.032376] No NUMA configuration found
[    0.032752] Faking a node at [mem 0x0000000000000000-0x000000007ffdffff]
[    0.033447] NODE_DATA(0) allocated [mem 0x7ffb4ec0-0x7ffdfcbf]
[    0.035072] Zone ranges:
[    0.035339]   DMA      [mem 0x0000000000001000-0x0000000000ffffff]
[    0.035945]   DMA32    [mem 0x0000000001000000-0x000000007ffdffff]
[    0.036547]   Normal   empty
[    0.036834]   Device   empty
[    0.037118] Movable zone start for each node
[    0.037545] Early memory node ranges
[    0.037892]   node   0: [mem 0x0000000000001000-0x000000000009efff]
[    0.038498]   node   0: [mem 0x0000000000100000-0x000000007ffdffff]
[    0.039110] Initmem setup node 0 [mem 0x0000000000001000-0x000000007ffdffff]
[    0.040087] On node 0, zone DMA: 1 pages in unavailable ranges
[    0.040847] On node 0, zone DMA: 97 pages in unavailable ranges
[    0.067502] On node 0, zone DMA32: 32 pages in unavailable ranges
[    0.121531] KernelAddressSanitizer initialized (generic)
[    0.122356] ACPI: PM-Timer IO Port: 0x608
[    0.122775] ACPI: LAPIC_NMI (acpi_id[0xff] dfl dfl lint[0x1])
[    0.123384] IOAPIC[0]: apic_id 0, version 17, address 0xfec00000, GSI 0-23
[    0.124067] ACPI: INT_SRC_OVR (bus 0 bus_irq 0 global_irq 2 dfl dfl)
[    0.124689] ACPI: INT_SRC_OVR (bus 0 bus_irq 5 global_irq 5 high level)
[    0.125330] ACPI: INT_SRC_OVR (bus 0 bus_irq 9 global_irq 9 high level)
[    0.125973] ACPI: INT_SRC_OVR (bus 0 bus_irq 10 global_irq 10 high level)
[    0.126635] ACPI: INT_SRC_OVR (bus 0 bus_irq 11 global_irq 11 high level)
[    0.127304] ACPI: Using ACPI (MADT) for SMP configuration information
[    0.127928] ACPI: HPET id: 0x8086a201 base: 0xfed00000
[    0.128433] TSC deadline timer available
[    0.128824] CPU topo: Max. logical packages:   1
[    0.129269] CPU topo: Max. logical dies:       1
[    0.129719] CPU topo: Max. dies per package:   1
[    0.130174] CPU topo: Max. threads per core:   1
[    0.130621] CPU topo: Num. cores per package:     2
[    0.131091] CPU topo: Num. threads per package:   2
[    0.131567] CPU topo: Allowing 2 present CPUs plus 0 hotplug CPUs
[    0.132201] kvm-guest: APIC: eoi() replaced with kvm_guest_apic_eoi_write()
[    0.132901] kvm-guest: KVM setup pv remote TLB flush
[    0.133380] kvm-guest: setup PV sched yield
[    0.133829] PM: hibernation: Registered nosave memory: [mem 0x00000000-0x00000fff]
[    0.134566] PM: hibernation: Registered nosave memory: [mem 0x0009f000-0x000fffff]
[    0.135299] [mem 0x80000000-0xfeffbfff] available for PCI devices
[    0.135892] Booting paravirtualized kernel on KVM
[    0.136351] clocksource: refined-jiffies: mask: 0xffffffff max_cycles: 0xffffffff, max_idle_ns: 7645519600211568 ns
[    0.137366] setup_percpu: NR_CPUS:8192 nr_cpumask_bits:2 nr_cpu_ids:2 nr_node_ids:1
[    0.138585] percpu: Embedded 80 pages/cpu s290816 r8192 d28672 u1048576
[    0.139411] kvm-guest: PV spinlocks enabled
[    0.139835] PV qspinlock hash table entries: 256 (order: 0, 4096 bytes, linear)
[    0.140556] Kernel command line: net.ifnames=0 console=ttyS0 root=/dev/sda earlyprintk=serial net.ifnames=0 thunderbolt.dyndbg
[    0.141938] random: crng init done
[    0.142273] printk: log buffer data + meta data: 262144 + 917504 = 1179648 bytes
[    0.143402] Dentry cache hash table entries: 262144 (order: 9, 2097152 bytes, linear)
[    0.144538] Inode-cache hash table entries: 131072 (order: 8, 1048576 bytes, linear)
[    0.145581] Fallback order for Node 0: 0 
[    0.145593] Built 1 zonelists, mobility grouping on.  Total pages: 524158
[    0.146610] Policy zone: DMA32
[    0.146904] mem auto-init: stack:off, heap alloc:off, heap free:off
[    0.147496] stackdepot: allocating hash table via alloc_large_system_hash
[    0.148147] stackdepot hash table entries: 1048576 (order: 12, 16777216 bytes, linear)
[    0.151917] stackdepot: allocating space for 8192 stack pools via memblock
[    0.188719] SLUB: HWalign=64, Order=0-3, MinObjects=0, CPUs=2, Nodes=1
[    0.189350] kmemleak: Kernel memory leak detector disabled
[    0.224850] ftrace: allocating 74674 entries in 292 pages
[    0.225364] ftrace: allocated 292 pages with 3 groups
[    0.229699] Dynamic Preempt: voluntary
[    0.230534] Running RCU self tests
[    0.230858] Running RCU synchronous self tests
[    0.231276] rcu: Preemptible hierarchical RCU implementation.
[    0.231818] rcu: 	RCU lockdep checking is enabled.
[    0.232266] rcu: 	RCU restricting CPUs from NR_CPUS=8192 to nr_cpu_ids=2.
[    0.232905] 	Trampoline variant of Tasks RCU enabled.
[    0.233376] 	Rude variant of Tasks RCU enabled.
[    0.233804] 	Tracing variant of Tasks RCU enabled.
[    0.234253] rcu: RCU calculated value of scheduler-enlistment delay is 25 jiffies.
[    0.234962] rcu: Adjusting geometry for rcu_fanout_leaf=16, nr_cpu_ids=2
[    0.235671] Running RCU synchronous self tests
[    0.236091] RCU Tasks: Setting shift to 1 and lim to 1 rcu_task_cb_adjust=1 rcu_task_cpu_ids=2.
[    0.236910] RCU Tasks Rude: Setting shift to 1 and lim to 1 rcu_task_cb_adjust=1 rcu_task_cpu_ids=2.
[    0.237771] RCU Tasks Trace: Setting shift to 1 and lim to 1 rcu_task_cb_adjust=1 rcu_task_cpu_ids=2.
[    0.306351] NR_IRQS: 524544, nr_irqs: 440, preallocated irqs: 16
[    0.307477] rcu: srcu_init: Setting srcu_struct sizes based on contention.
[    0.316871] Console: colour VGA+ 80x25
[    0.317304] printk: legacy console [ttyS0] enabled
[    0.317304] printk: legacy console [ttyS0] enabled
[    0.318228] printk: legacy bootconsole [earlyser0] disabled
[    0.318228] printk: legacy bootconsole [earlyser0] disabled
[    0.319302] Lock dependency validator: Copyright (c) 2006 Red Hat, Inc., Ingo Molnar
[    0.320050] ... MAX_LOCKDEP_SUBCLASSES:  8
[    0.320448] ... MAX_LOCK_DEPTH:          48
[    0.320862] ... MAX_LOCKDEP_KEYS:        8192
[    0.321284] ... CLASSHASH_SIZE:          4096
[    0.321712] ... MAX_LOCKDEP_ENTRIES:     32768
[    0.322143] ... MAX_LOCKDEP_CHAINS:      65536
[    0.322579] ... CHAINHASH_SIZE:          32768
[    0.323012]  memory used by lock dependency info: 6429 kB
[    0.323533]  memory used for stack traces: 4224 kB
[    0.324001]  per task-struct memory footprint: 1920 bytes
[    0.324619] ACPI: Core revision 20250807
[    0.325415] clocksource: hpet: mask: 0xffffffff max_cycles: 0xffffffff, max_idle_ns: 19112604467 ns
[    0.326465] APIC: Switch to symmetric I/O mode setup
[    0.327235] x2apic enabled
[    0.327906] APIC: Switched APIC routing to: physical x2apic
[    0.328454] kvm-guest: APIC: send_IPI_mask() replaced with kvm_send_ipi_mask()
[    0.329163] kvm-guest: APIC: send_IPI_mask_allbutself() replaced with kvm_send_ipi_mask_allbutself()
[    0.330055] kvm-guest: setup PV IPIs
[    0.331667] ..TIMER: vector=0x30 apic1=0 pin1=2 apic2=-1 pin2=-1
[    0.332275] clocksource: tsc-early: mask: 0xffffffffffffffff max_cycles: 0x1881273ac8e, max_idle_ns: 440795257284 ns
[    0.333300] Calibrating delay loop (skipped) preset value.. 3400.00 BogoMIPS (lpj=6800000)
[    0.334254] x86/cpu: User Mode Instruction Prevention (UMIP) activated
[    0.337399] Last level iTLB entries: 4KB 0, 2MB 0, 4MB 0
[    0.337917] Last level dTLB entries: 4KB 0, 2MB 0, 4MB 0, 1GB 0
[    0.338515] mitigations: Enabled attack vectors: user_kernel, user_user, guest_host, guest_guest, SMT mitigations: auto
[    0.339567] Speculative Store Bypass: Mitigation: Speculative Store Bypass disabled via prctl
[    0.340383] Spectre V2 : Mitigation: Enhanced / Automatic IBRS
[    0.341291] ITS: Mitigation: Aligned branch/return thunks
[    0.341817] Spectre V1 : Mitigation: usercopy/swapgs barriers and __user pointer sanitization
[    0.342636] Spectre V2 : WARNING: Unprivileged eBPF is enabled with eIBRS on, data leaks possible via Spectre v2 BHB attacks!
[    0.343720] Spectre V2 : Spectre v2 / PBRSB-eIBRS: Retire a single CALL on VMEXIT
[    0.344449] Spectre V2 : mitigation: Enabling conditional Indirect Branch Prediction Barrier
[    0.345295] active return thunk: its_return_thunk
[    0.345768] Spectre V2 : Spectre BHI mitigation: SW BHB clearing on syscall and VM exit
[    0.346591] x86/fpu: Supporting XSAVE feature 0x001: 'x87 floating point registers'
[    0.347339] x86/fpu: Supporting XSAVE feature 0x002: 'SSE registers'
[    0.347955] x86/fpu: Supporting XSAVE feature 0x004: 'AVX registers'
[    0.348573] x86/fpu: Supporting XSAVE feature 0x020: 'AVX-512 opmask'
[    0.349290] x86/fpu: Supporting XSAVE feature 0x040: 'AVX-512 Hi256'
[    0.349911] x86/fpu: Supporting XSAVE feature 0x080: 'AVX-512 ZMM_Hi256'
[    0.350938] x86/fpu: Supporting XSAVE feature 0x200: 'Protection Keys User registers'
[    0.351710] x86/fpu: Supporting XSAVE feature 0x20000: 'AMX Tile config'
[    0.352364] x86/fpu: Supporting XSAVE feature 0x40000: 'AMX Tile data'
[    0.353005] x86/fpu: xstate_offset[2]:  576, xstate_sizes[2]:  256
[    0.353297] x86/fpu: xstate_offset[5]:  832, xstate_sizes[5]:   64
[    0.353903] x86/fpu: xstate_offset[6]:  896, xstate_sizes[6]:  512
[    0.354510] x86/fpu: xstate_offset[7]: 1408, xstate_sizes[7]: 1024
[    0.355119] x86/fpu: xstate_offset[9]: 2432, xstate_sizes[9]:    8
[    0.355719] x86/fpu: xstate_offset[17]: 2496, xstate_sizes[17]:   64
[    0.356341] x86/fpu: xstate_offset[18]: 2560, xstate_sizes[18]: 8192
[    0.357291] x86/fpu: Enabled xstate features 0x602e7, context size is 10752 bytes, using 'compacted' format.
[    0.510997] Freeing SMP alternatives memory: 64K
[    0.511481] pid_max: default: 32768 minimum: 301
[    0.512181] LSM: initializing lsm=capability,yama,ima,evm
[    0.512824] Yama: becoming mindful.
[    0.513616] Mount-cache hash table entries: 4096 (order: 3, 32768 bytes, linear)
[    0.514350] Mountpoint-cache hash table entries: 4096 (order: 3, 32768 bytes, linear)
[    0.516623] Running RCU synchronous self tests
[    0.517076] Running RCU synchronous self tests
[    0.517585] smpboot: CPU0: Intel(R) Xeon(R) Gold 6414TDX (family: 0x6, model: 0x8f, stepping: 0x6)
[    0.519218] Performance Events: PEBS fmt0-, Sapphire Rapids events, full-width counters, Intel PMU driver.
[    0.520293] ... version:                   2
[    0.520716] ... bit width:                 48
[    0.521156] ... generic counters:          8
[    0.521294] ... generic bitmap:            00000000000000ff
[    0.521837] ... fixed-purpose counters:    4
[    0.522258] ... fixed-purpose bitmap:      000000000000000f
[    0.522800] ... value mask:                0000ffffffffffff
[    0.523344] ... max period:                00007fffffffffff
[    0.523885] ... global_ctrl mask:          0000000f000000ff
[    0.524932] signal: max sigframe size: 11952
[    0.525435] rcu: Hierarchical SRCU implementation.
[    0.525915] rcu: 	Max phase no-delay instances is 1000.
[    0.526627] Timer migration: 1 hierarchy levels; 8 children per group; 1 crossnode level
[    0.542570] smp: Bringing up secondary CPUs ...
[    0.543601] smpboot: x86: Booting SMP configuration:
[    0.544114] .... node  #0, CPUs:      #1
[    0.544347] smp: Brought up 1 node, 2 CPUs
[    0.545719] smpboot: Total of 2 processors activated (6800.00 BogoMIPS)
[    0.547065] Memory: 1591844K/2096632K available (80005K kernel code, 15398K rwdata, 18472K rodata, 16260K init, 21268K bss, 493180K reserved, 0K cma-reserved)
[    0.549301] devtmpfs: initialized
[    0.550417] x86/mm: Memory block size: 128MB
[    0.562645] Running RCU synchronous self tests
[    0.563111] Running RCU synchronous self tests
[    0.563650] Running RCU Tasks wait API self tests
[    0.563650] Running RCU Tasks Rude wait API self tests
[    0.563650] Running RCU Tasks Trace wait API self tests
[    0.585308] clocksource: jiffies: mask: 0xffffffff max_cycles: 0xffffffff, max_idle_ns: 7645041785100000 ns
[    0.586360] posixtimers hash table entries: 1024 (order: 5, 73728 bytes, linear)
[    0.587143] futex hash table entries: 512 (65536 bytes on 1 NUMA nodes, total 64 KiB, linear).
[    0.587143] pinctrl core: initialized pinctrl subsystem
[    0.588533] 
[    0.588697] *************************************************************
[    0.589296] **     NOTICE NOTICE NOTICE NOTICE NOTICE NOTICE NOTICE    **
[    0.589967] **                                                         **
[    0.590639] **  IOMMU DebugFS SUPPORT HAS BEEN ENABLED IN THIS KERNEL  **
[    0.591301] **                                                         **
[    0.591973] ** This means that this kernel is built to expose internal **
[    0.592642] ** IOMMU data structures, which may compromise security on **
[    0.593292] ** your system.                                            **
[    0.593956] **                                                         **
[    0.594632] ** If you see this message and you are not debugging the   **
[    0.595300] ** kernel, report this immediately to your vendor!         **
[    0.595962] **                                                         **
[    0.596630] **     NOTICE NOTICE NOTICE NOTICE NOTICE NOTICE NOTICE    **
[    0.597295] *************************************************************
[    0.598043] PM: RTC time: 12:44:20, date: 2025-12-02
[    0.601304] NET: Registered PF_NETLINK/PF_ROUTE protocol family
[    0.603451] DMA: preallocated 256 KiB GFP_KERNEL pool for atomic allocations
[    0.604169] DMA: preallocated 256 KiB GFP_KERNEL|GFP_DMA pool for atomic allocations
[    0.604948] DMA: preallocated 256 KiB GFP_KERNEL|GFP_DMA32 pool for atomic allocations
[    0.605389] audit: initializing netlink subsys (disabled)
[    0.609657] audit: type=2000 audit(1764679461.055:1): state=initialized audit_enabled=0 res=1
[    0.611217] thermal_sys: Registered thermal governor 'fair_share'
[    0.611229] thermal_sys: Registered thermal governor 'bang_bang'
[    0.611866] thermal_sys: Registered thermal governor 'step_wise'
[    0.612455] thermal_sys: Registered thermal governor 'user_space'
[    0.613370] cpuidle: using governor ladder
[    0.614324] cpuidle: using governor menu
[    0.614324] acpiphp: ACPI Hot Plug PCI Controller Driver version: 0.5
[    0.615648] PCI: Using configuration type 1 for base access
[    0.617299] Callback from call_rcu_tasks_trace() invoked.
[    0.617874] kprobes: kprobe jump-optimization is enabled. All kprobes are optimized if possible.
[    0.618447] HugeTLB: registered 1.00 GiB page size, pre-allocated 0 pages
[    0.619078] HugeTLB: 16380 KiB vmemmap can be freed for a 1.00 GiB page
[    0.621299] HugeTLB: registered 2.00 MiB page size, pre-allocated 0 pages
[    0.621968] HugeTLB: 28 KiB vmemmap can be freed for a 2.00 MiB page
[    0.800162] ACPI: Added _OSI(Module Device)
[    0.800591] ACPI: Added _OSI(Processor Device)
[    0.801041] ACPI: Added _OSI(Processor Aggregator Device)
[    0.818081] ACPI: 1 ACPI AML tables successfully acquired and loaded
[    0.836146] ACPI: Interpreter enabled
[    0.836524] ACPI: PM: (supports S0 S3 S4 S5)
[    0.836953] ACPI: Using IOAPIC for interrupt routing
[    0.837404] PCI: Using host bridge windows from ACPI; if necessary, use "pci=nocrs" and report a bug
[    0.838306] PCI: Using E820 reservations for host bridge windows
[    0.840215] ACPI: Enabled 2 GPEs in block 00 to 0F
[    0.882708] ACPI: PCI Root Bridge [PCI0] (domain 0000 [bus 00-ff])
[    0.883363] acpi PNP0A03:00: _OSC: OS supports [ASPM ClockPM Segments MSI EDR HPX-Type3]
[    0.884164] acpi PNP0A03:00: _OSC: not requesting OS control; OS requires [ExtendedConfig ASPM ClockPM MSI]
[    0.885279] acpi PNP0A03:00: fail to add MMCONFIG information, can't access extended configuration space under this bridge
[    0.891692] acpiphp: Slot [3] registered
[    0.892255] acpiphp: Slot [4] registered
[    0.892800] acpiphp: Slot [5] registered
[    0.893359] acpiphp: Slot [6] registered
[    0.893893] acpiphp: Slot [7] registered
[    0.894430] acpiphp: Slot [8] registered
[    0.894971] acpiphp: Slot [9] registered
[    0.895508] acpiphp: Slot [10] registered
[    0.896058] acpiphp: Slot [11] registered
[    0.896602] acpiphp: Slot [12] registered
[    0.897156] acpiphp: Slot [13] registered
[    0.897436] acpiphp: Slot [14] registered
[    0.897984] acpiphp: Slot [15] registered
[    0.898537] acpiphp: Slot [16] registered
[    0.899094] acpiphp: Slot [17] registered
[    0.899636] acpiphp: Slot [18] registered
[    0.900187] acpiphp: Slot [19] registered
[    0.900733] acpiphp: Slot [20] registered
[    0.901290] acpiphp: Slot [21] registered
[    0.901840] acpiphp: Slot [22] registered
[    0.902383] acpiphp: Slot [23] registered
[    0.902930] acpiphp: Slot [24] registered
[    0.903475] acpiphp: Slot [25] registered
[    0.904030] acpiphp: Slot [26] registered
[    0.904579] acpiphp: Slot [27] registered
[    0.905123] acpiphp: Slot [28] registered
[    0.905438] acpiphp: Slot [29] registered
[    0.905987] acpiphp: Slot [30] registered
[    0.906534] acpiphp: Slot [31] registered
[    0.907005] PCI host bridge to bus 0000:00
[    0.907479] pci_bus 0000:00: root bus resource [io  0x0000-0x0cf7 window]
[    0.908155] pci_bus 0000:00: root bus resource [io  0x0d00-0xffff window]
[    0.908824] pci_bus 0000:00: root bus resource [mem 0x000a0000-0x000bffff window]
[    0.909299] pci_bus 0000:00: root bus resource [mem 0x80000000-0xfebfffff window]
[    0.910033] pci_bus 0000:00: root bus resource [mem 0x100000000-0x17fffffff window]
[    0.910790] pci_bus 0000:00: root bus resource [bus 00-ff]
[    0.911449] pci 0000:00:00.0: [8086:1237] type 00 class 0x060000 conventional PCI endpoint
[    0.922064] pci 0000:00:01.0: [8086:7000] type 00 class 0x060100 conventional PCI endpoint
[    0.924356] pci 0000:00:01.1: [8086:7010] type 00 class 0x010180 conventional PCI endpoint
[    0.925648] pci 0000:00:01.1: BAR 4 [io  0xc040-0xc04f]
[    0.926211] pci 0000:00:01.1: BAR 0 [io  0x01f0-0x01f7]: legacy IDE quirk
[    0.926881] pci 0000:00:01.1: BAR 1 [io  0x03f6]: legacy IDE quirk
[    0.927495] pci 0000:00:01.1: BAR 2 [io  0x0170-0x0177]: legacy IDE quirk
[    0.928167] pci 0000:00:01.1: BAR 3 [io  0x0376]: legacy IDE quirk
[    0.929350] pci 0000:00:01.3: [8086:7113] type 00 class 0x068000 conventional PCI endpoint
[    0.930494] pci 0000:00:01.3: quirk: [io  0x0600-0x063f] claimed by PIIX4 ACPI
[    0.931217] pci 0000:00:01.3: quirk: [io  0x0700-0x070f] claimed by PIIX4 SMB
[    0.932506] pci 0000:00:02.0: [1234:1111] type 00 class 0x030000 conventional PCI endpoint
[    0.934358] pci 0000:00:02.0: BAR 0 [mem 0xfd000000-0xfdffffff pref]
[    0.935012] pci 0000:00:02.0: BAR 2 [mem 0xfebf0000-0xfebf0fff]
[    0.935628] pci 0000:00:02.0: ROM [mem 0xfebe0000-0xfebeffff pref]
[    0.936348] pci 0000:00:02.0: Video device with shadowed ROM at [mem 0x000c0000-0x000dffff]
[    0.946418] pci 0000:00:03.0: [8086:100e] type 00 class 0x020000 conventional PCI endpoint
[    0.948133] pci 0000:00:03.0: BAR 0 [mem 0xfebc0000-0xfebdffff]
[    0.948736] pci 0000:00:03.0: BAR 1 [io  0xc000-0xc03f]
[    0.953314] pci 0000:00:03.0: ROM [mem 0xfeb80000-0xfebbffff pref]
[    0.976556] ACPI: PCI: Interrupt link LNKA configured for IRQ 10
[    0.978226] ACPI: PCI: Interrupt link LNKB configured for IRQ 10
[    0.979819] ACPI: PCI: Interrupt link LNKC configured for IRQ 11
[    0.981404] ACPI: PCI: Interrupt link LNKD configured for IRQ 11
[    0.982428] ACPI: PCI: Interrupt link LNKS configured for IRQ 9
[    0.985690] iommu: Default domain type: Translated
[    0.986194] iommu: DMA domain TLB invalidation policy: lazy mode
[    0.989626] SCSI subsystem initialized
[    0.990531] ACPI: bus type USB registered
[    0.991179] usbcore: registered new interface driver usbfs
[    0.991830] usbcore: registered new interface driver hub
[    0.992431] usbcore: registered new device driver usb
[    0.993521] pps_core: LinuxPPS API ver. 1 registered
[    0.994031] pps_core: Software ver. 5.3.6 - Copyright 2005-2007 Rodolfo Giometti <giometti@linux.it>
[    0.994956] PTP clock support registered
[    0.995713] EDAC MC: Ver: 3.0.0
[    0.999233] NetLabel: Initializing
[    0.999588] NetLabel:  domain hash size = 128
[    1.000024] NetLabel:  protocols = UNLABELED CIPSOv4 CALIPSO
[    1.000706] NetLabel:  unlabeled traffic allowed by default
[    1.001775] PCI: Using ACPI for IRQ routing
[    1.002593] pci 0000:00:02.0: vgaarb: setting as boot VGA device
[    1.003201] pci 0000:00:02.0: vgaarb: bridge control possible
[    1.003770] pci 0000:00:02.0: vgaarb: VGA device added: decodes=io+mem,owns=io+mem,locks=none
[    1.004604] vgaarb: loaded
[    1.005296] hpet0: at MMIO 0xfed00000, IRQs 2, 8, 0
[    1.005799] hpet0: 3 comparators, 64-bit 100.000000 MHz counter
[    1.011016] clocksource: Switched to clocksource kvm-clock
[    3.717191] VFS: Disk quotas dquot_6.6.0
[    3.717670] VFS: Dquot-cache hash table entries: 512 (order 0, 4096 bytes)
[    3.719965] pnp: PnP ACPI init
[    3.724624] pnp: PnP ACPI: found 6 devices
[    3.725252] Callback from call_rcu_tasks() invoked.
[    3.745623] clocksource: acpi_pm: mask: 0xffffff max_cycles: 0xffffff, max_idle_ns: 2085701024 ns
[    3.747046] NET: Registered PF_INET protocol family
[    3.747697] IP idents hash table entries: 32768 (order: 6, 262144 bytes, linear)
[    3.750006] tcp_listen_portaddr_hash hash table entries: 1024 (order: 5, 73728 bytes, linear)
[    3.750909] Table-perturb hash table entries: 65536 (order: 6, 262144 bytes, linear)
[    3.751741] TCP established hash table entries: 16384 (order: 5, 131072 bytes, linear)
[    3.753271] TCP bind hash table entries: 16384 (order: 10, 2359296 bytes, linear)
[    3.755262] TCP: Hash tables configured (established 16384 bind 16384)
[    3.756070] UDP hash table entries: 1024 (order: 6, 262144 bytes, linear)
[    3.756826] UDP-Lite hash table entries: 1024 (order: 6, 262144 bytes, linear)
[    3.758031] NET: Registered PF_UNIX/PF_LOCAL protocol family
[    3.759437] RPC: Registered named UNIX socket transport module.
[    3.760056] RPC: Registered udp transport module.
[    3.760528] RPC: Registered tcp transport module.
[    3.761001] RPC: Registered tcp-with-tls transport module.
[    3.761568] RPC: Registered tcp NFSv4.1 backchannel transport module.
[    3.762240] pci_bus 0000:00: resource 4 [io  0x0000-0x0cf7 window]
[    3.762860] pci_bus 0000:00: resource 5 [io  0x0d00-0xffff window]
[    3.763481] pci_bus 0000:00: resource 6 [mem 0x000a0000-0x000bffff window]
[    3.764172] pci_bus 0000:00: resource 7 [mem 0x80000000-0xfebfffff window]
[    3.764855] pci_bus 0000:00: resource 8 [mem 0x100000000-0x17fffffff window]
[    3.765932] pci 0000:00:01.0: PIIX3: Enabling Passive Release
[    3.766524] pci 0000:00:00.0: Limiting direct PCI/PCI transfers
[    3.767209] PCI: CLS 0 bytes, default 64
[    3.767706] ACPI: bus type thunderbolt registered
[    3.768591] clocksource: tsc: mask: 0xffffffffffffffff max_cycles: 0x1881273ac8e, max_idle_ns: 440795257284 ns
[    3.769696] sgx: There are zero EPC sections.
[    3.776333] Initialise system trusted keyrings
[    3.776909] Key type blacklist registered
[    3.777570] workingset: timestamp_bits=36 max_order=19 bucket_order=0
[    3.780240] squashfs: version 4.0 (2009/01/31) Phillip Lougher
[    3.782243] NFS: Registering the id_resolver key type
[    3.782776] Key type id_resolver registered
[    3.783200] Key type id_legacy registered
[    3.783653] nfs4filelayout_init: NFSv4 File Layout Driver Registering...
[    3.784356] nfs4flexfilelayout_init: NFSv4 Flexfile Layout Driver Registering...
[    3.785434] fuse: init (API version 7.45)
[    3.786483] SGI XFS with ACLs, security attributes, realtime, quota, no debug enabled
[    3.789229] 9p: Installing v9fs 9p2000 file system support
[    3.806680] Key type asymmetric registered
[    3.807112] Asymmetric key parser 'x509' registered
[    3.807736] Block layer SCSI generic (bsg) driver version 0.4 loaded (major 241)
[    3.808686] io scheduler mq-deadline registered
[    3.809288] io scheduler bfq registered
[    3.810105] ledtrig-cpu: registered to indicate activity on CPUs
[    3.812182] IPMI message handler: version 39.2
[    3.812708] ipmi device interface
[    3.815103] input: Power Button as /devices/LNXSYSTM:00/LNXPWRBN:00/input/input0
[    3.816421] ACPI: button: Power Button [PWRF]
[    3.818460] ERST DBG: ERST support is disabled.
[    3.820362] Serial: 8250/16550 driver, 32 ports, IRQ sharing enabled
[    3.822178] 00:04: ttyS0 at I/O 0x3f8 (irq = 4, base_baud = 115200) is a 16550A
[    3.853735] Linux agpgart interface v0.103
[    3.856514] ACPI: bus type drm_connector registered
[    3.881761] brd: module loaded
[    3.897654] loop: module loaded
[    3.907346] scsi host0: ata_piix
[    3.909150] scsi host1: ata_piix
[    3.910042] ata1: PATA max MWDMA2 cmd 0x1f0 ctl 0x3f6 bmdma 0xc040 irq 14 lpm-pol 0
[    3.910796] ata2: PATA max MWDMA2 cmd 0x170 ctl 0x376 bmdma 0xc048 irq 15 lpm-pol 0
[    3.914776] tun: Universal TUN/TAP device driver, 1.6
[    3.915675] e100: Intel(R) PRO/100 Network Driver
[    3.916148] e100: Copyright(c) 1999-2006 Intel Corporation
[    3.916812] e1000: Intel(R) PRO/1000 Network Driver
[    3.917315] e1000: Copyright (c) 1999-2006 Intel Corporation.
[    4.065310] ata1: found unknown device (class 0)
[    4.066194] ata2: found unknown device (class 0)
[    4.067327] ata2.00: ATAPI: QEMU DVD-ROM, 2.5+, max UDMA/100
[    4.068039] ata1.00: ATA-7: QEMU HARDDISK, 2.5+, max UDMA/100
[    4.068612] ata1.00: 17196647 sectors, multi 16: LBA48 
[    4.070764] scsi 0:0:0:0: Direct-Access     ATA      QEMU HARDDISK    2.5+ PQ: 0 ANSI: 5
[    4.073521] sd 0:0:0:0: Attached scsi generic sg0 type 0
[    4.073716] sd 0:0:0:0: [sda] 17196647 512-byte logical blocks: (8.80 GB/8.20 GiB)
[    4.075035] sd 0:0:0:0: [sda] Write Protect is off
[    4.075580] sd 0:0:0:0: [sda] Write cache: enabled, read cache: enabled, doesn't support DPO or FUA
[    4.076556] sd 0:0:0:0: [sda] Preferred minimum I/O size 512 bytes
[    4.077206] scsi 1:0:0:0: CD-ROM            QEMU     QEMU DVD-ROM     2.5+ PQ: 0 ANSI: 5
[    4.095192] scsi 1:0:0:0: Attached scsi generic sg1 type 5
[    4.097140] sd 0:0:0:0: [sda] Attached SCSI disk
[    4.737700] ACPI: \_SB_.LNKC: Enabled at IRQ 11
[    5.053718] e1000 0000:00:03.0 eth0: (PCI:33MHz:32-bit) 52:54:00:12:34:56
[    5.054462] e1000 0000:00:03.0 eth0: Intel(R) PRO/1000 Network Connection
[    5.055327] e1000e: Intel(R) PRO/1000 Network Driver
[    5.055838] e1000e: Copyright(c) 1999 - 2015 Intel Corporation.
[    5.056606] igb: Intel(R) Gigabit Ethernet Network Driver
[    5.057186] igb: Copyright (c) 2007-2014 Intel Corporation.
[    5.058145] PPP generic driver version 2.4.2
[    5.059588] VFIO - User Level meta-driver version: 0.3
[    5.061314] usbcore: registered new interface driver uas
[    5.062023] usbcore: registered new interface driver usb-storage
[    5.062927] i8042: PNP: PS/2 Controller [PNP0303:KBD,PNP0f13:MOU] at 0x60,0x64 irq 1,12
[    5.064719] serio: i8042 KBD port at 0x60,0x64 irq 1
[    5.065340] serio: i8042 AUX port at 0x60,0x64 irq 12
[    5.067066] mousedev: PS/2 mouse device common for all mice
[    5.069355] input: AT Translated Set 2 keyboard as /devices/platform/i8042/serio0/input/input1
[    5.070574] rtc_cmos 00:05: RTC can wake from S4
[    5.073454] input: VirtualPS/2 VMware VMMouse as /devices/platform/i8042/serio1/input/input4
[    5.074110] rtc_cmos 00:05: registered as rtc0
[    5.074936] rtc_cmos 00:05: setting system clock to 2025-12-02T12:44:24 UTC (1764679464)
[    5.075611] input: VirtualPS/2 VMware VMMouse as /devices/platform/i8042/serio1/input/input3
[    5.077061] rtc_cmos 00:05: alarms up to one day, y3k, 242 bytes nvram, hpet irqs
[    5.077947] i2c_dev: i2c /dev entries driver
[    5.078495] device-mapper: core: CONFIG_IMA_DISABLE_HTABLE is disabled. Duplicate IMA measurements will not be recorded in the IMA log.
[    5.079741] device-mapper: uevent: version 1.0.3
[    5.080655] device-mapper: ioctl: 4.50.0-ioctl (2025-04-28) initialised: dm-devel@lists.linux.dev
[    5.081572] intel_pstate: CPU model not supported
[    5.082286] sdhci: Secure Digital Host Controller Interface driver
[    5.082908] sdhci: Copyright(c) Pierre Ossman
[    5.083551] sdhci-pltfm: SDHCI platform and OF driver helper
[    5.084686] drop_monitor: Initializing network drop monitor service
[    5.085683] NET: Registered PF_INET6 protocol family
[    5.087877] Segment Routing with IPv6
[    5.088316] In-situ OAM (IOAM) with IPv6
[    5.088775] NET: Registered PF_PACKET protocol family
[    5.089522] 9pnet: Installing 9P2000 support
[    5.090087] Key type dns_resolver registered
[    5.092094] IPI shorthand broadcast: enabled
[    5.152991] sched_clock: Marking stable (5132005612, 17153098)->(5150786850, -1628140)
[    5.154738] registered taskstats version 1
[    5.155717] Loading compiled-in X.509 certificates
[    5.239404] Demotion targets for Node 0: null
[    5.241227] Key type .fscrypt registered
[    5.241645] Key type fscrypt-provisioning registered
[    5.244505] Key type encrypted registered
[    5.244967] ima: No TPM chip found, activating TPM-bypass!
[    5.245554] ima: Allocated hash algorithm: sha1
[    5.246074] ima: No architecture policies found
[    5.246666] evm: Initialising EVM extended attributes:
[    5.247178] evm: security.selinux
[    5.247511] evm: security.SMACK64
[    5.247841] evm: security.SMACK64EXEC
[    5.248213] evm: security.SMACK64TRANSMUTE
[    5.248617] evm: security.SMACK64MMAP
[    5.248986] evm: security.apparmor
[    5.249339] evm: security.ima
[    5.249636] evm: security.capability
[    5.249993] evm: HMAC attrs: 0x1
[    5.252907] PM:   Magic number: 5:144:733
[    5.254079] RAS: Correctable Errors collector initialized.
[    5.254845] clk: Disabling unused clocks
[    5.255283] PM: genpd: Disabling unused power domains
[    5.256463] check access for rdinit=/init failed: -2, ignoring
[    5.256854] md: Waiting for all devices to be available before autodetect
[    5.257354] md: If you don't use raid, use raid=noautodetect
[    5.257766] md: Autodetecting RAID arrays.
[    5.258052] md: autorun ...
[    5.258244] md: ... autorun DONE.
[    5.263676] EXT4-fs (sda): INFO: recovery required on readonly filesystem
[    5.264158] EXT4-fs (sda): write access will be enabled during recovery
[    5.322860] EXT4-fs (sda): recovery complete
[    5.324379] EXT4-fs (sda): mounted filesystem 088740a9-c8b4-422c-999d-a804eb68a4da ro with ordered data mode. Quota mode: none.
[    5.325256] VFS: Mounted root (ext4 filesystem) readonly on device 8:0.
[    5.327211] devtmpfs: mounted
[    5.348745] Freeing unused decrypted memory: 2036K
[    5.354608] Freeing unused kernel image (initmem) memory: 16260K
[    5.355223] Write protecting the kernel read-only data: 102400k
[    5.358781] Freeing unused kernel image (text/rodata gap) memory: 1912K
[    5.360643] Freeing unused kernel image (rodata/data gap) memory: 2008K
[    6.403438] x86/mm: Checked W+X mappings: passed, no W+X pages found.
[    6.403984] Run /sbin/init as init process
[    6.525997] systemd[1]: systemd 252-15.el9 running in system mode (+PAM +AUDIT +SELINUX -APPARMOR +IMA +SMACK +SECCOMP +GCRYPT +GNUTLS +OPENSSL +ACL +BLKID +CURL +ELFUTILS -FIDO2 +IDN2 -IDN -IPTC +KMOD +LIBCRYPTSETUP +LIBFDISK +PCRE2 -PWQUALITY +P11KIT -QRENCODE +TPM2 +BZIP2 +LZ4 +XZ +ZLIB +ZSTD -BPF_FRAMEWORK +XKBCOMMON +UTMP +SYSVINIT default-hierarchy=unified)
[    6.528070] systemd[1]: Detected virtualization kvm.
[    6.528414] systemd[1]: Detected architecture x86-64.

Welcome to [0;31mCentOS Stream 9[0m!

[    6.532285] systemd[1]: Hostname set to <test>.
[    6.752803] systemd-rc-local-generator[120]: /etc/rc.d/rc.local is not marked executable, skipping.
[    6.982705] systemd[1]: Queued start job for default target Multi-User System.
[    6.995818] systemd[1]: Created slice Virtual Machine and Container Slice.
[[0;32m  OK  [0m] Created slice [0;1;39mVirtual Machine and Container Slice[0m.
[    7.001130] systemd[1]: Created slice Slice /system/getty.
[[0;32m  OK  [0m] Created slice [0;1;39mSlice /system/getty[0m.
[    7.004088] systemd[1]: Created slice Slice /system/modprobe.
[[0;32m  OK  [0m] Created slice [0;1;39mSlice /system/modprobe[0m.
[    7.007088] systemd[1]: Created slice Slice /system/serial-getty.
[[0;32m  OK  [0m] Created slice [0;1;39mSlice /system/serial-getty[0m.
[    7.010125] systemd[1]: Created slice Slice /system/sshd-keygen.
[[0;32m  OK  [0m] Created slice [0;1;39mSlice /system/sshd-keygen[0m.
[    7.012829] systemd[1]: Created slice User and Session Slice.
[[0;32m  OK  [0m] Created slice [0;1;39mUser and Session Slice[0m.
[    7.014236] systemd[1]: Started Forward Password Requests to Wall Directory Watch.
[[0;32m  OK  [0m] Started [0;1;39mForward Password R…uests to Wall Directory Watch[0m.
[    7.016366] systemd[1]: Set up automount Arbitrary Executable File Formats File System Automount Point.
[[0;32m  OK  [0m] Set up automount [0;1;39mArbitrary…s File System Automount Point[0m.
[    7.017958] systemd[1]: Reached target Local Integrity Protected Volumes.
[[0;32m  OK  [0m] Reached target [0;1;39mLocal Integrity Protected Volumes[0m.
[    7.019147] systemd[1]: Reached target Slice Units.
[[0;32m  OK  [0m] Reached target [0;1;39mSlice Units[0m.
[    7.020045] systemd[1]: Reached target Swaps.
[[0;32m  OK  [0m] Reached target [0;1;39mSwaps[0m.
[    7.020884] systemd[1]: Reached target Local Verity Protected Volumes.
[[0;32m  OK  [0m] Reached target [0;1;39mLocal Verity Protected Volumes[0m.
[    7.022348] systemd[1]: Listening on Device-mapper event daemon FIFOs.
[[0;32m  OK  [0m] Listening on [0;1;39mDevice-mapper event daemon FIFOs[0m.
[    7.024011] systemd[1]: Listening on LVM2 poll daemon socket.
[[0;32m  OK  [0m] Listening on [0;1;39mLVM2 poll daemon socket[0m.
[    7.025208] systemd[1]: multipathd control socket was skipped because of an unmet condition check (ConditionPathExists=/etc/multipath.conf).
[    7.054427] systemd[1]: Listening on RPCbind Server Activation Socket.
[[0;32m  OK  [0m] Listening on [0;1;39mRPCbind Server Activation Socket[0m.
[    7.055741] systemd[1]: Reached target RPC Port Mapper.
[[0;32m  OK  [0m] Reached target [0;1;39mRPC Port Mapper[0m.
[    7.058785] systemd[1]: Listening on Process Core Dump Socket.
[[0;32m  OK  [0m] Listening on [0;1;39mProcess Core Dump Socket[0m.
[    7.060228] systemd[1]: Listening on initctl Compatibility Named Pipe.
[[0;32m  OK  [0m] Listening on [0;1;39minitctl Compatibility Named Pipe[0m.
[    7.062575] systemd[1]: Listening on Journal Socket (/dev/log).
[[0;32m  OK  [0m] Listening on [0;1;39mJournal Socket (/dev/log)[0m.
[    7.064195] systemd[1]: Listening on Journal Socket.
[[0;32m  OK  [0m] Listening on [0;1;39mJournal Socket[0m.
[    7.065986] systemd[1]: Listening on udev Control Socket.
[[0;32m  OK  [0m] Listening on [0;1;39mudev Control Socket[0m.
[    7.067351] systemd[1]: Listening on udev Kernel Socket.
[[0;32m  OK  [0m] Listening on [0;1;39mudev Kernel Socket[0m.
[    7.081590] systemd[1]: Mounting Huge Pages File System...
         Mounting [0;1;39mHuge Pages File System[0m...
[    7.088683] systemd[1]: Mounting POSIX Message Queue File System...
         Mounting [0;1;39mPOSIX Message Queue File System[0m...
[    7.097741] systemd[1]: Mounting Kernel Debug File System...
         Mounting [0;1;39mKernel Debug File System[0m...
[    7.104608] systemd[1]: Mounting Kernel Trace File System...
         Mounting [0;1;39mKernel Trace File System[0m...
[    7.109697] systemd[1]: Kernel Module supporting RPCSEC_GSS was skipped because of an unmet condition check (ConditionPathExists=/etc/krb5.keytab).
[    7.110649] systemd[1]: Create List of Static Device Nodes was skipped because of an unmet condition check (ConditionFileNotEmpty=/lib/modules/6.18.0-48ec78c1e4ca+/modules.devname).
[    7.117642] systemd[1]: Starting Monitoring of LVM2 mirrors, snapshots etc. using dmeventd or progress polling...
         Starting [0;1;39mMonitoring of LVM…meventd or progress polling[0m...
[    7.127068] systemd[1]: Starting Load Kernel Module configfs...
         Starting [0;1;39mLoad Kernel Module configfs[0m...
[    7.134163] systemd[1]: Starting Load Kernel Module drm...
         Starting [0;1;39mLoad Kernel Module drm[0m...
[    7.150236] systemd[1]: Starting Load Kernel Module fuse...
         Starting [0;1;39mLoad Kernel Module fuse[0m...
[    7.159288] systemd[1]: Starting Read and set NIS domainname from /etc/sysconfig/network...
         Starting [0;1;39mRead and set NIS …from /etc/sysconfig/network[0m...
[    7.209759] systemd[1]: Starting Journal Service...
         Starting [0;1;39mJournal Service[0m...
[    7.216984] systemd[1]: Starting Load Kernel Modules...
         Starting [0;1;39mLoad Kernel Modules[0m...
[    7.223571] systemd[1]: Starting Generate network units from Kernel command line...
         Starting [0;1;39mGenerate network …ts from Kernel command line[0m...
[    7.238335] systemd[1]: Starting Remount Root and Kernel File Systems...
         Starting [0;1;39mRemount Root and Kernel File Systems[0m...
[    7.239804] systemd[1]: Repartition Root Disk was skipped because no trigger condition checks were met.
[    7.258684] systemd[1]: Starting Coldplug All udev Devices...
         Starting [0;1;39mColdplug All udev Devices[0m...
[    7.281090] systemd[1]: Mounted Huge Pages File System.
[[0;32m  OK  [0m] Mounted [0;1;39mHuge Pages File System[0m.
[    7.286717] systemd[1]: Mounted POSIX Message Queue File System.
[[0;32m  OK  [0m] Mounted [0;1;39mPOSIX Message Queue File System[0m.
[    7.290860] systemd[1]: Mounted Kernel Debug File System.
[[0;32m  OK  [0m] Mounted [0;1;39mKernel Debug File System[0m.
[    7.294446] systemd[1]: Mounted Kernel Trace File System.
[[0;32m  OK  [0m] Mounted [0;1;39mKernel Trace File System[0m.
[    7.298739] systemd[1]: Finished Monitoring of LVM2 mirrors, snapshots etc. using dmeventd or progress polling.
[[0;32m  OK  [0m] Finished [0;1;39mMonitoring of LVM… dmeventd or progress polling[0m.
[    7.307109] systemd[1]: modprobe@configfs.service: Deactivated successfully.
[    7.313024] systemd[1]: Finished Load Kernel Module configfs.
[[0;32m  OK  [0m] Finished [0;1;39mLoad Kernel Module configfs[0m.
[    7.315537] systemd[1]: modprobe@drm.service: Deactivated successfully.
[    7.319334] systemd[1]: Finished Load Kernel Module drm.
[    7.319948] EXT4-fs (sda): re-mounted 088740a9-c8b4-422c-999d-a804eb68a4da r/w.
[[0;32m  OK  [0m] Finished [0;1;39mLoad Kernel Module drm[0m.
[    7.324968] systemd[1]: modprobe@fuse.service: Deactivated successfully.
[    7.331389] systemd[1]: Finished Load Kernel Module fuse.
[[0;32m  OK  [0m] Finished [0;1;39mLoad Kernel Module fuse[0m.
[    7.334792] systemd[1]: Finished Read and set NIS domainname from /etc/sysconfig/network.
[[0;32m  OK  [0m] Finished [0;1;39mRead and set NIS …e from /etc/sysconfig/network[0m.
[    7.336678] systemd[1]: systemd-modules-load.service: Main process exited, code=exited, status=1/FAILURE
[    7.338273] systemd[1]: systemd-modules-load.service: Failed with result 'exit-code'.
[    7.339782] systemd[1]: Failed to start Load Kernel Modules.
[[0;1;31mFAILED[0m] Failed to start [0;1;39mLoad Kernel Modules[0m.
See 'systemctl status systemd-modules-load.service' for details.
[    7.343730] systemd[1]: Finished Generate network units from Kernel command line.
[[0;32m  OK  [0m] Finished [0;1;39mGenerate network units from Kernel command line[0m.
[    7.346502] systemd[1]: Finished Remount Root and Kernel File Systems.
[[0;32m  OK  [0m] Finished [0;1;39mRemount Root and Kernel File Systems[0m.
[    7.348719] systemd[1]: Reached target Preparation for Network.
[[0;32m  OK  [0m] Reached target [0;1;39mPreparation for Network[0m.
[    7.361330] systemd[1]: Mounting FUSE Control File System...
         Mounting [0;1;39mFUSE Control File System[0m...
[    7.372238] systemd[1]: Mounting Kernel Configuration File System...
         Mounting [0;1;39mKernel Configuration File System[0m...
[    7.378031] systemd[1]: Special handling of early boot iSCSI sessions was skipped because of an unmet condition check (ConditionDirectoryNotEmpty=/sys/class/iscsi_session).
[    7.379120] systemd[1]: First Boot Wizard was skipped because of an unmet condition check (ConditionFirstBoot=yes).
[    7.401692] systemd[1]: Rebuild Hardware Database was skipped because of an unmet condition check (ConditionNeedsUpdate=/etc).
[    7.419202] systemd[1]: Starting Load/Save Random Seed...
         Starting [0;1;39mLoad/Save Random Seed[0m...
[    7.425849] systemd[1]: Starting Apply Kernel Variables...
         Starting [0;1;39mApply Kernel Variables[0m...
[    7.429677] systemd[1]: Create System Users was skipped because no trigger condition checks were met.
[    7.441484] systemd[1]: Starting Create Static Device Nodes in /dev...
         Starting [0;1;39mCreate Static Device Nodes in /dev[0m...
[    7.457731] systemd[1]: Starting Setup Virtual Console...
         Starting [0;1;39mSetup Virtual Console[0m...
[    7.474248] systemd[1]: Started Journal Service.
[[0;32m  OK  [0m] Started [0;1;39mJournal Service[0m.
[[0;32m  OK  [0m] Mounted [0;1;39mFUSE Control File System[0m.
[[0;32m  OK  [0m] Mounted [0;1;39mKernel Configuration File System[0m.
         Starting [0;1;39mFlush Journal to Persistent Storage[0m...
[[0;32m  OK  [0m] Finished [0;1;39mLoad/Save Random Seed[0m.
[[0;32m  OK  [0m] Finished [0;1;39mApply Kernel Variables[0m.
[    7.552944] systemd-journald[142]: Received client request to flush runtime journal.
[[0;32m  OK  [0m] Finished [0;1;39mFlush Journal to Persistent Storage[0m.
[[0;32m  OK  [0m] Finished [0;1;39mCreate Static Device Nodes in /dev[0m.
         Starting [0;1;39mRule-based Manage…for Device Events and Files[0m...
[[0;32m  OK  [0m] Started [0;1;39mRule-based Manager for Device Events and Files[0m.
         Starting [0;1;39mAuto-connect to s…E devices found during boot[0m...
[[0;32m  OK  [0m] Finished [0;1;39mAuto-connect to s…VME devices found during boot[0m.
[[0;32m  OK  [0m] Finished [0;1;39mSetup Virtual Console[0m.
[[0;32m  OK  [0m] Finished [0;1;39mColdplug All udev Devices[0m.
         Starting [0;1;39mShow Plymouth Boot Screen[0m...
         Starting [0;1;39mWait for udev To …plete Device Initialization[0m...
[2J[3J[-1;-1f[[0;32m  OK  [0m] Started [0;1;39mShow Plymouth Boot Screen[0m.
[[0;32m  OK  [0m] Started [0;1;39mForward Password R…s to Plymouth Directory Watch[0m.
[[0;32m  OK  [0m] Reached target [0;1;39mLocal Encrypted Volumes[0m.
[[0;32m  OK  [0m] Reached target [0;1;39mPath Units[0m.
[[0;32m  OK  [0m] Found device [0;1;39m/dev/ttyS0[0m.
[[0;32m  OK  [0m] Listening on [0;1;39mLoad/Save RF …itch Status /dev/rfkill Watch[0m.
[[0;32m  OK  [0m] Finished [0;1;39mWait for udev To Complete Device Initialization[0m.
[[0;32m  OK  [0m] Reached target [0;1;39mPreparation for Local File Systems[0m.
[[0;32m  OK  [0m] Reached target [0;1;39mLocal File Systems[0m.
         Starting [0;1;39mTell Plymouth To Write Out Runtime Data[0m...
         Starting [0;1;39mAutomatic Boot Loader Update[0m...
         Starting [0;1;39mCreate Volatile Files and Directories[0m...
[[0;32m  OK  [0m] Finished [0;1;39mTell Plymouth To Write Out Runtime Data[0m.
[[0;32m  OK  [0m] Finished [0;1;39mAutomatic Boot Loader Update[0m.
[[0;32m  OK  [0m] Finished [0;1;39mCreate Volatile Files and Directories[0m.
         Mounting [0;1;39mRPC Pipe File System[0m...
         Starting [0;1;39mSecurity Auditing Service[0m...
         Starting [0;1;39mRPC Bind[0m...
[[0;32m  OK  [0m] Mounted [0;1;39mRPC Pipe File System[0m.
[[0;32m  OK  [0m] Reached target [0;1;39mrpc_pipefs.target[0m.
[[0;32m  OK  [0m] Started [0;1;39mRPC Bind[0m.
[[0;32m  OK  [0m] Started [0;1;39mSecurity Auditing Service[0m.
         Starting [0;1;39mRecord System Boot/Shutdown in UTMP[0m...
[[0;32m  OK  [0m] Finished [0;1;39mRecord System Boot/Shutdown in UTMP[0m.
[[0;32m  OK  [0m] Reached target [0;1;39mSystem Initialization[0m.
[[0;32m  OK  [0m] Started [0;1;39mDaily rotation of log files[0m.
[[0;32m  OK  [0m] Started [0;1;39mUpdates mlocate database every day[0m.
[[0;32m  OK  [0m] Started [0;1;39mDaily Cleanup of Temporary Directories[0m.
[[0;32m  OK  [0m] Started [0;1;39mdaily update of the root trust anchor for DNSSEC[0m.
[[0;32m  OK  [0m] Reached target [0;1;39mTimer Units[0m.
[[0;32m  OK  [0m] Listening on [0;1;39mD-Bus System Message Bus Socket[0m.
[[0;32m  OK  [0m] Listening on [0;1;39mOpen-iSCSI iscsid Socket[0m.
[[0;32m  OK  [0m] Listening on [0;1;39mOpen-iSCSI iscsiuio Socket[0m.
[[0;32m  OK  [0m] Listening on [0;1;39mSSSD Kerberos…ache Manager responder socket[0m.
[[0;32m  OK  [0m] Listening on [0;1;39mLibvirt interface local socket[0m.
[[0;32m  OK  [0m] Listening on [0;1;39mVirtual machine lock manager socket[0m.
[[0;32m  OK  [0m] Listening on [0;1;39mVirtual machine log manager socket[0m.
[[0;32m  OK  [0m] Listening on [0;1;39mLibvirt network local socket[0m.
[[0;32m  OK  [0m] Listening on [0;1;39mLibvirt nodedev local socket[0m.
[[0;32m  OK  [0m] Listening on [0;1;39mLibvirt nwfilter local socket[0m.
[[0;32m  OK  [0m] Listening on [0;1;39mLibvirt proxy local socket[0m.
[[0;32m  OK  [0m] Listening on [0;1;39mLibvirt qemu local socket[0m.
[[0;32m  OK  [0m] Listening on [0;1;39mLibvirt qemu admin socket[0m.
[[0;32m  OK  [0m] Listening on [0;1;39mLibvirt qemu local read-only socket[0m.
[[0;32m  OK  [0m] Listening on [0;1;39mLibvirt secret local socket[0m.
[[0;32m  OK  [0m] Listening on [0;1;39mLibvirt storage local socket[0m.
[[0;32m  OK  [0m] Reached target [0;1;39mSocket Units[0m.
         Starting [0;1;39mD-Bus System Message Bus[0m...
[[0;32m  OK  [0m] Started [0;1;39mD-Bus System Message Bus[0m.
[[0;32m  OK  [0m] Reached target [0;1;39mBasic System[0m.
         Starting [0;1;39mNetwork Manager[0m...
         Starting [0;1;39mNTP client/server[0m...
         Starting [0;1;39mRestore /run/initramfs on shutdown[0m...
[[0;32m  OK  [0m] Started [0;1;39mirqbalance daemon[0m.
[[0;32m  OK  [0m] Started [0;1;39mlibstoragemgmt plug-in server daemon[0m.
[[0;32m  OK  [0m] Started [0;1;39mMachine Check Exception Logging Daemon[0m.
[[0;32m  OK  [0m] Reached target [0;1;39msshd-keygen.target[0m.
[[0;32m  OK  [0m] Reached target [0;1;39mUser and Group Name Lookups[0m.
         Starting [0;1;39mUser Login Management[0m...
         Starting [0;1;39mVirtual Machine a…tainer Registration Service[0m...
[[0;32m  OK  [0m] Finished [0;1;39mRestore /run/initramfs on shutdown[0m.
[[0;32m  OK  [0m] Started [0;1;39mVirtual Machine an…ontainer Registration Service[0m.
         Starting [0;1;39mHostname Service[0m...
[[0;32m  OK  [0m] Started [0;1;39mNTP client/server[0m.
[[0;32m  OK  [0m] Started [0;1;39mUser Login Management[0m.
[[0;32m  OK  [0m] Started [0;1;39mHostname Service[0m.
         Starting [0;1;39mNetwork Manager Script Dispatcher Service[0m...
[[0;32m  OK  [0m] Started [0;1;39mNetwork Manager Script Dispatcher Service[0m.
[   10.781432] e1000: eth0 NIC Link is Up 1000 Mbps Full Duplex, Flow Control: RX
[[0;32m  OK  [0m] Started [0;1;39mNetwork Manager[0m.
[[0;32m  OK  [0m] Reached target [0;1;39mNetwork[0m.
[[0;32m  OK  [0m] Reached target [0;1;39mNetwork is Online[0m.
         Starting [0;1;39mGSSAPI Proxy Daemon[0m...
         Starting [0;1;39mNotify NFS peers of a restart[0m...
         Starting [0;1;39mSystem Logging Service[0m...
         Starting [0;1;39mOpenSSH server daemon[0m...
         Starting [0;1;39mDynamic System Tuning Daemon[0m...
[[0;32m  OK  [0m] Started [0;1;39mNotify NFS peers of a restart[0m.
[[0;32m  OK  [0m] Started [0;1;39mGSSAPI Proxy Daemon[0m.
[[0;32m  OK  [0m] Started [0;1;39mOpenSSH server daemon[0m.
[[0;32m  OK  [0m] Reached target [0;1;39mNFS client services[0m.
[[0;32m  OK  [0m] Reached target [0;1;39mPreparation for Remote File Systems[0m.
[[0;32m  OK  [0m] Reached target [0;1;39mRemote File Systems[0m.
         Starting [0;1;39mPermit User Sessions[0m...
         Starting [0;1;39mVirtualization qemu daemon[0m...
[[0;32m  OK  [0m] Finished [0;1;39mPermit User Sessions[0m.
[[0;32m  OK  [0m] Started [0;1;39mDeferred execution scheduler[0m.
[[0;32m  OK  [0m] Started [0;1;39mCommand Scheduler[0m.
         Starting [0;1;39mHold until boot process finishes up[0m...
         Starting [0;1;39mTerminate Plymouth Boot Screen[0m...
[[0;32m  OK  [0m] Started [0;1;39mSystem Logging Service[0m.

CentOS Stream 9
Kernel 6.18.0-48ec78c1e4ca+ on an x86_64

Activate the web console with: systemctl enable --now cockpit.socket

test login: [   18.412643] tpm tpm0: Operation Canceled
[   18.433522] tpm tpm0: Operation Canceled
[   18.454976] tpm tpm0: Operation Canceled
[   18.475816] tpm tpm0: Operation Canceled
[   18.496771] tpm tpm0: Operation Canceled
[   18.517723] tpm tpm0: Operation Canceled
[   18.538773] tpm tpm0: Operation Canceled
[   18.560112] tpm tpm0: Operation Canceled
[   18.581059] tpm tpm0: Operation Canceled
[   18.602085] tpm tpm0: Operation Canceled
[   18.623070] tpm tpm0: Operation Canceled
[   18.644096] tpm tpm0: Operation Canceled
[   18.665044] tpm tpm0: Operation Canceled
[   18.686047] tpm tpm0: Operation Canceled
[   18.707087] tpm tpm0: Operation Canceled
[   18.728081] tpm tpm0: Operation Canceled
[   18.749112] tpm tpm0: Operation Canceled
[   18.770503] tpm tpm0: Operation Canceled
[   18.791436] tpm tpm0: Operation Canceled
[   18.812431] tpm tpm0: Operation Canceled
[   18.833187] tpm tpm0: Operation Canceled
[   18.854485] tpm tpm0: Operation Canceled
[   18.875401] tpm tpm0: Operation Canceled
[   18.896409] tpm tpm0: Operation Canceled
[   18.917184] tpm tpm0: Operation Canceled
[   18.938677] tpm tpm0: Operation Canceled
[   18.959366] tpm tpm0: Operation Canceled
[   18.980398] tpm tpm0: Operation Canceled
[   19.001600] tpm tpm0: Operation Canceled
[   19.022646] tpm tpm0: Operation Canceled
[   19.043608] tpm tpm0: Operation Canceled
[   19.064613] tpm tpm0: Operation Canceled
[   19.085643] tpm tpm0: Operation Canceled
[   19.106676] tpm tpm0: Operation Canceled
[   19.127686] tpm tpm0: Operation Canceled
[   19.148682] tpm tpm0: Operation Canceled
[   19.169676] tpm tpm0: Operation Canceled
[   19.190737] tpm tpm0: Operation Canceled
[   19.211687] tpm tpm0: Operation Canceled
[   19.232752] tpm tpm0: Operation Canceled
[   19.253797] tpm tpm0: Operation Canceled
[   19.274797] tpm tpm0: Operation Canceled
[   19.295870] tpm tpm0: Operation Canceled
[   19.316870] tpm tpm0: Operation Canceled
[   19.337901] tpm tpm0: Operation Canceled
[   19.358923] tpm tpm0: Operation Canceled
[   19.380005] tpm tpm0: Operation Canceled
[   19.400988] tpm tpm0: Operation Canceled
[   19.422203] tpm tpm0: Operation Canceled
[   19.443228] tpm tpm0: Operation Canceled
[   19.464231] tpm tpm0: Operation Canceled
[   19.485188] tpm tpm0: Operation Canceled
[   19.506305] tpm tpm0: Operation Canceled
[   19.527326] tpm tpm0: Operation Canceled
[   19.548339] tpm tpm0: Operation Canceled
[   19.569183] tpm tpm0: Operation Canceled
[   19.590398] tpm tpm0: Operation Canceled
[   19.611362] tpm tpm0: Operation Canceled
[   19.632373] tpm tpm0: Operation Canceled
[   19.642873] tpm tpm0: Operation Canceled
[   19.663943] tpm tpm0: Operation Canceled
[   19.684973] tpm tpm0: Operation Canceled
[   19.705962] tpm tpm0: Operation Canceled
[   19.726996] tpm tpm0: Operation Canceled
[   19.748004] tpm tpm0: Operation Canceled
[   19.769190] tpm tpm0: Operation Canceled
[   19.790497] tpm tpm0: Operation Canceled
[   19.811598] tpm tpm0: Operation Canceled
[   19.832551] tpm tpm0: Operation Canceled
[   19.854064] tpm tpm0: Operation Canceled
[   19.875026] tpm tpm0: Operation Canceled
[   19.896022] tpm tpm0: Operation Canceled
[   19.916990] tpm tpm0: Operation Canceled
[   19.938000] tpm tpm0: Operation Canceled
[   19.959054] tpm tpm0: Operation Canceled
[   19.980017] tpm tpm0: Operation Canceled
[   20.001016] tpm tpm0: Operation Canceled
[   20.022029] tpm tpm0: Operation Canceled
[   20.043086] tpm tpm0: Operation Canceled
[   20.064072] tpm tpm0: Operation Canceled
[   20.085102] tpm tpm0: Operation Canceled
[   20.106120] tpm tpm0: Operation Canceled
[   20.127147] tpm tpm0: Operation Canceled
[   20.148104] tpm tpm0: Operation Canceled
[   20.169535] tpm tpm0: Operation Canceled
[   20.190545] tpm tpm0: Operation Canceled
[   20.211506] tpm tpm0: Operation Canceled
[   20.232808] tpm tpm0: Operation Canceled
[   20.253724] tpm tpm0: Operation Canceled
[   20.274831] tpm tpm0: Operation Canceled
[   20.285191] tpm tpm0: Operation Canceled
[   20.306473] tpm tpm0: Operation Canceled
[   20.327426] tpm tpm0: Operation Canceled
[   20.348363] tpm tpm0: Operation Canceled
[   20.369189] tpm tpm0: Operation Canceled
[   20.390476] tpm tpm0: Operation Canceled
[   20.411487] tpm tpm0: Operation Canceled
[   20.432508] tpm tpm0: Operation Canceled
[   20.464064] tpm tpm0: Operation Canceled
[   20.485084] tpm tpm0: Operation Canceled
[   20.506071] tpm tpm0: Operation Canceled
[   20.527406] tpm tpm0: Operation Canceled
[   20.548092] tpm tpm0: Operation Canceled
[   20.569106] tpm tpm0: Operation Canceled
[   20.590137] tpm tpm0: Operation Canceled
[   20.611222] tpm tpm0: Operation Canceled
[   20.632203] tpm tpm0: Operation Canceled
[   20.653183] tpm tpm0: Operation Canceled
[   20.674263] tpm tpm0: Operation Canceled
[   20.695632] tpm tpm0: Operation Canceled
[   20.716617] tpm tpm0: Operation Canceled
[   20.738010] tpm tpm0: Operation Canceled
[   20.759094] tpm tpm0: Operation Canceled
[   20.780078] tpm tpm0: Operation Canceled
[   20.801120] tpm tpm0: Operation Canceled
[   20.822118] tpm tpm0: Operation Canceled
[   20.843153] tpm tpm0: Operation Canceled
[   20.864384] tpm tpm0: Operation Canceled
[   20.874940] tpm tpm0: Operation Canceled
[   20.896074] tpm tpm0: Operation Canceled
[   20.917073] tpm tpm0: Operation Canceled
[   20.938075] tpm tpm0: Operation Canceled
[   20.959132] tpm tpm0: Operation Canceled
[   20.980206] tpm tpm0: Operation Canceled
[   21.001176] tpm tpm0: Operation Canceled
[   21.022219] tpm tpm0: Operation Canceled
[   21.043119] tpm tpm0: Operation Canceled
[   21.064104] tpm tpm0: Operation Canceled
[   21.085144] tpm tpm0: Operation Canceled
[   21.106122] tpm tpm0: Operation Canceled
[   21.127453] tpm tpm0: Operation Canceled
[   21.148471] tpm tpm0: Operation Canceled
[   21.180015] tpm tpm0: Operation Canceled
[   21.201042] tpm tpm0: Operation Canceled
[   21.222131] tpm tpm0: Operation Canceled
[   21.243145] tpm tpm0: Operation Canceled
[   21.264185] tpm tpm0: Operation Canceled
[   21.285143] tpm tpm0: Operation Canceled
[   21.306482] tpm tpm0: Operation Canceled
[   21.327488] tpm tpm0: Operation Canceled
[   21.348507] tpm tpm0: Operation Canceled
[   21.369585] tpm tpm0: Operation Canceled
[   21.390593] tpm tpm0: Operation Canceled
[   21.411604] tpm tpm0: Operation Canceled
[   21.432618] tpm tpm0: Operation Canceled
[   21.453671] tpm tpm0: Operation Canceled
[   21.475089] tpm tpm0: Operation Canceled
[   21.495848] tpm tpm0: Operation Canceled
[   21.516859] tpm tpm0: Operation Canceled
[   21.537917] tpm tpm0: Operation Canceled
[   21.558922] tpm tpm0: Operation Canceled
[   21.579950] tpm tpm0: Operation Canceled
[   21.600990] tpm tpm0: Operation Canceled
[   21.622041] tpm tpm0: Operation Canceled
[   21.643406] tpm tpm0: Operation Canceled
[   21.664162] tpm tpm0: Operation Canceled
[   21.685181] tpm tpm0: Operation Canceled
[   21.706157] tpm tpm0: Operation Canceled
[   21.727243] tpm tpm0: Operation Canceled
[   21.748211] tpm tpm0: Operation Canceled
[   21.758833] tpm tpm0: Operation Canceled
[   21.779827] tpm tpm0: Operation Canceled
[   21.800833] tpm tpm0: Operation Canceled
[   21.821869] tpm tpm0: Operation Canceled
[   21.842949] tpm tpm0: Operation Canceled
[   21.863915] tpm tpm0: Operation Canceled
[   21.884982] tpm tpm0: Operation Canceled
[   21.905997] tpm tpm0: Operation Canceled
[   21.927114] tpm tpm0: Operation Canceled
[   21.948132] tpm tpm0: Operation Canceled
[   21.969120] tpm tpm0: Operation Canceled
[   21.990549] tpm tpm0: Operation Canceled
[   22.011605] tpm tpm0: Operation Canceled
[   22.022208] tpm tpm0: Operation Canceled
[   22.043154] tpm tpm0: Operation Canceled
[   22.074911] tpm tpm0: Operation Canceled
[   22.095759] tpm tpm0: Operation Canceled
[   22.116776] tpm tpm0: Operation Canceled
[   22.137782] tpm tpm0: Operation Canceled
[   22.169631] tpm tpm0: Operation Canceled
[   22.190818] tpm tpm0: Operation Canceled
[   22.211701] tpm tpm0: Operation Canceled
[   22.232659] tpm tpm0: Operation Canceled
[   22.253690] tpm tpm0: Operation Canceled
[   22.275020] tpm tpm0: Operation Canceled
[   22.296059] tpm tpm0: Operation Canceled
[   22.317067] tpm tpm0: Operation Canceled
[   22.338150] tpm tpm0: Operation Canceled
[   22.359130] tpm tpm0: Operation Canceled
[   22.380138] tpm tpm0: Operation Canceled
[   22.401238] tpm tpm0: Operation Canceled
[   22.422236] tpm tpm0: Operation Canceled
[   22.443608] tpm tpm0: Operation Canceled
[   22.464604] tpm tpm0: Operation Canceled
[   22.485626] tpm tpm0: Operation Canceled
[   22.506859] tpm tpm0: Operation Canceled
[   22.527695] tpm tpm0: Operation Canceled
[   22.548645] tpm tpm0: Operation Canceled
[   22.569677] tpm tpm0: Operation Canceled
[   22.590777] tpm tpm0: Operation Canceled
[   22.611820] tpm tpm0: Operation Canceled
[   22.632801] tpm tpm0: Operation Canceled
[   22.653812] tpm tpm0: Operation Canceled
[   22.674869] tpm tpm0: Operation Canceled
[   22.695883] tpm tpm0: Operation Canceled
[   22.716938] tpm tpm0: Operation Canceled
[   22.737951] tpm tpm0: Operation Canceled
[   22.758980] tpm tpm0: Operation Canceled
[   22.780017] tpm tpm0: Operation Canceled
[   22.801180] tpm tpm0: Operation Canceled
[   22.822369] tpm tpm0: Operation Canceled
[   22.843396] tpm tpm0: Operation Canceled
[   22.864388] tpm tpm0: Operation Canceled
[   22.885493] tpm tpm0: Operation Canceled
[   22.906478] tpm tpm0: Operation Canceled
[   22.927494] tpm tpm0: Operation Canceled
[   22.948523] tpm tpm0: Operation Canceled
[   22.969824] tpm tpm0: Operation Canceled
[   22.990797] tpm tpm0: Operation Canceled
[   23.011586] tpm tpm0: Operation Canceled
[   23.032605] tpm tpm0: Operation Canceled
[   23.053626] tpm tpm0: Operation Canceled
[   23.074823] tpm tpm0: Operation Canceled
[   23.095641] tpm tpm0: Operation Canceled
[   23.116700] tpm tpm0: Operation Canceled
[   23.137784] tpm tpm0: Operation Canceled
[   23.158845] tpm tpm0: Operation Canceled
[   23.190643] tpm tpm0: Operation Canceled
[   23.211680] tpm tpm0: Operation Canceled
[   23.232657] tpm tpm0: Operation Canceled
[   23.253643] tpm tpm0: Operation Canceled
[   23.274665] tpm tpm0: Operation Canceled
[   23.295701] tpm tpm0: Operation Canceled
[   23.316948] tpm tpm0: Operation Canceled
[   23.337656] tpm tpm0: Operation Canceled
[   23.358689] tpm tpm0: Operation Canceled
[   23.379717] tpm tpm0: Operation Canceled
[   23.400768] tpm tpm0: Operation Canceled
[   23.421815] tpm tpm0: Operation Canceled
[   23.442944] tpm tpm0: Operation Canceled
[   23.463888] tpm tpm0: Operation Canceled
[   23.484936] tpm tpm0: Operation Canceled
[   23.505935] tpm tpm0: Operation Canceled
[   23.527030] tpm tpm0: Operation Canceled
[   23.548053] tpm tpm0: Operation Canceled
[   23.569045] tpm tpm0: Operation Canceled
[   23.590082] tpm tpm0: Operation Canceled
[   23.611125] tpm tpm0: Operation Canceled
[   23.632176] tpm tpm0: Operation Canceled
[   23.653172] tpm tpm0: Operation Canceled
[   23.674198] tpm tpm0: Operation Canceled
[   23.695194] tpm tpm0: Operation Canceled
[   23.716159] tpm tpm0: Operation Canceled
[   23.737193] tpm tpm0: Operation Canceled
[   23.758305] tpm tpm0: Operation Canceled
[   23.779287] tpm tpm0: Operation Canceled
[   23.800589] tpm tpm0: Operation Canceled
[   23.821503] tpm tpm0: Operation Canceled
[   23.842574] tpm tpm0: Operation Canceled
[   23.863729] tpm tpm0: Operation Canceled
[   23.874240] tpm tpm0: Operation Canceled
[   23.895209] tpm tpm0: Operation Canceled
[   23.916177] tpm tpm0: Operation Canceled
[   23.926824] tpm tpm0: Operation Canceled
[   23.937186] tpm tpm0: Operation Canceled
[   23.958515] tpm tpm0: Operation Canceled
[   23.979354] tpm tpm0: Operation Canceled
[   24.000327] tpm tpm0: Operation Canceled
[   24.021180] tpm tpm0: Operation Canceled
[   24.042415] tpm tpm0: Operation Canceled
[   24.063423] tpm tpm0: Operation Canceled
[   24.084388] tpm tpm0: Operation Canceled
[   24.105185] tpm tpm0: Operation Canceled
[   24.126631] tpm tpm0: Operation Canceled
[   24.147603] tpm tpm0: Operation Canceled
[   24.158203] tpm tpm0: Operation Canceled
[   24.179160] tpm tpm0: Operation Canceled
[   24.200490] tpm tpm0: Operation Canceled
[   24.231756] tpm tpm0: Operation Canceled
[   24.252746] tpm tpm0: Operation Canceled
[   24.273791] tpm tpm0: Operation Canceled
[   24.294888] tpm tpm0: Operation Canceled
[   24.305193] tpm tpm0: Operation Canceled
[   24.326433] tpm tpm0: Operation Canceled
[   24.347392] tpm tpm0: Operation Canceled
[   24.368445] tpm tpm0: Operation Canceled
[   24.389673] tpm tpm0: Operation Canceled
[   24.410478] tpm tpm0: Operation Canceled
[   24.431452] tpm tpm0: Operation Canceled
[   24.452464] tpm tpm0: Operation Canceled
[   24.473529] tpm tpm0: Operation Canceled
[   24.494543] tpm tpm0: Operation Canceled
[   24.515531] tpm tpm0: Operation Canceled
[   24.526215] tpm tpm0: Operation Canceled
[   24.547098] tpm tpm0: Operation Canceled
[   24.568332] tpm tpm0: Operation Canceled
[   24.599902] tpm tpm0: Operation Canceled
[   24.620966] tpm tpm0: Operation Canceled
[   24.641924] tpm tpm0: Operation Canceled
[   24.662960] tpm tpm0: Operation Canceled
[   24.683971] tpm tpm0: Operation Canceled
[   24.705019] tpm tpm0: Operation Canceled
[   24.726024] tpm tpm0: Operation Canceled
[   24.747022] tpm tpm0: Operation Canceled
[   24.768027] tpm tpm0: Operation Canceled
[   24.789053] tpm tpm0: Operation Canceled
[   24.810041] tpm tpm0: Operation Canceled
[   24.831103] tpm tpm0: Operation Canceled
[   24.852070] tpm tpm0: Operation Canceled
[   24.873103] tpm tpm0: Operation Canceled
[   24.894098] tpm tpm0: Operation Canceled
[   24.925854] tpm tpm0: Operation Canceled
[   24.946965] tpm tpm0: Operation Canceled
[   24.967972] tpm tpm0: Operation Canceled
[   24.988981] tpm tpm0: Operation Canceled
[   25.009957] tpm tpm0: Operation Canceled
[   25.031028] tpm tpm0: Operation Canceled
[   25.052042] tpm tpm0: Operation Canceled
[   25.073075] tpm tpm0: Operation Canceled
[   25.094236] tpm tpm0: Operation Canceled
[   25.115242] tpm tpm0: Operation Canceled
[   25.136202] tpm tpm0: Operation Canceled
[   25.146813] tpm tpm0: Operation Canceled
[   25.178522] tpm tpm0: Operation Canceled
[   25.199291] tpm tpm0: Operation Canceled
[   25.220309] tpm tpm0: Operation Canceled
[   25.241551] tpm tpm0: Operation Canceled
[   25.262835] tpm tpm0: Operation Canceled
[   25.283804] tpm tpm0: Operation Canceled
[   25.304752] tpm tpm0: Operation Canceled
[   25.325757] tpm tpm0: Operation Canceled
[   25.346814] tpm tpm0: Operation Canceled
[   25.367844] tpm tpm0: Operation Canceled
[   25.388903] tpm tpm0: Operation Canceled
[   25.409856] tpm tpm0: Operation Canceled
[   25.430939] tpm tpm0: Operation Canceled
[   25.451928] tpm tpm0: Operation Canceled
[   25.472917] tpm tpm0: Operation Canceled
[   25.493944] tpm tpm0: Operation Canceled
[   25.515003] tpm tpm0: Operation Canceled
[   25.535997] tpm tpm0: Operation Canceled
[   25.557178] tpm tpm0: Operation Canceled
[   25.578484] tpm tpm0: Operation Canceled
[   25.599510] tpm tpm0: Operation Canceled
[   25.620553] tpm tpm0: Operation Canceled
[   25.641570] tpm tpm0: Operation Canceled
[   25.662650] tpm tpm0: Operation Canceled
[   25.683570] tpm tpm0: Operation Canceled
[   25.704593] tpm tpm0: Operation Canceled
[   25.725603] tpm tpm0: Operation Canceled
[   25.746678] tpm tpm0: Operation Canceled
[   25.767805] tpm tpm0: Operation Canceled
[   25.788784] tpm tpm0: Operation Canceled
[   25.809801] tpm tpm0: Operation Canceled
[   25.841850] tpm tpm0: Operation Canceled
[   25.862714] tpm tpm0: Operation Canceled
[   25.883664] tpm tpm0: Operation Canceled
[   25.904680] tpm tpm0: Operation Canceled
[   25.925701] tpm tpm0: Operation Canceled
[   25.936298] tpm tpm0: Operation Canceled
[   25.957183] tpm tpm0: Operation Canceled
[   25.978325] tpm tpm0: Operation Canceled
[   25.999359] tpm tpm0: Operation Canceled
[   26.020339] tpm tpm0: Operation Canceled
[   26.030954] tpm tpm0: Operation Canceled
[   26.051935] tpm tpm0: Operation Canceled
[   26.072933] tpm tpm0: Operation Canceled
[   26.093983] tpm tpm0: Operation Canceled
[   26.115047] tpm tpm0: Operation Canceled
[   26.136202] tpm tpm0: Operation Canceled
[   26.157326] tpm tpm0: Operation Canceled
[   26.167838] tpm tpm0: Operation Canceled
[   26.188830] tpm tpm0: Operation Canceled
[   26.209808] tpm tpm0: Operation Canceled
[   26.230855] tpm tpm0: Operation Canceled
[   26.251883] tpm tpm0: Operation Canceled
[   26.272911] tpm tpm0: Operation Canceled
[   26.293911] tpm tpm0: Operation Canceled
[   26.314993] tpm tpm0: Operation Canceled
[   26.335991] tpm tpm0: Operation Canceled
[   26.357023] tpm tpm0: Operation Canceled
[   26.378032] tpm tpm0: Operation Canceled
[   26.399046] tpm tpm0: Operation Canceled
[   26.420041] tpm tpm0: Operation Canceled
[   26.441069] tpm tpm0: Operation Canceled
[   26.462103] tpm tpm0: Operation Canceled
[   26.483394] tpm tpm0: Operation Canceled
[   26.504345] tpm tpm0: Operation Canceled
[   26.514938] tpm tpm0: Operation Canceled
[   26.535911] tpm tpm0: Operation Canceled
[   26.556919] tpm tpm0: Operation Canceled
[   26.577905] tpm tpm0: Operation Canceled
[   26.599011] tpm tpm0: Operation Canceled
[   26.619974] tpm tpm0: Operation Canceled
[   26.640996] tpm tpm0: Operation Canceled
[   26.662018] tpm tpm0: Operation Canceled
[   26.683067] tpm tpm0: Operation Canceled
[   26.704006] tpm tpm0: Operation Canceled
[   26.725037] tpm tpm0: Operation Canceled
[   26.746026] tpm tpm0: Operation Canceled
[   26.767096] tpm tpm0: Operation Canceled
[   26.788056] tpm tpm0: Operation Canceled
[   26.809052] tpm tpm0: Operation Canceled
[   26.830349] tpm tpm0: Operation Canceled
[   26.851313] tpm tpm0: Operation Canceled
[   26.872349] tpm tpm0: Operation Canceled
[   26.903984] tpm tpm0: Operation Canceled
[   26.924878] tpm tpm0: Operation Canceled
[   26.945908] tpm tpm0: Operation Canceled
[   26.967026] tpm tpm0: Operation Canceled
[   26.987996] tpm tpm0: Operation Canceled
[   27.009206] tpm tpm0: Operation Canceled
[   27.030243] tpm tpm0: Operation Canceled
[   27.051269] tpm tpm0: Operation Canceled
[   27.072222] tpm tpm0: Operation Canceled
[   27.082821] tpm tpm0: Operation Canceled
[   27.103815] tpm tpm0: Operation Canceled
[   27.124810] tpm tpm0: Operation Canceled
[   27.145814] tpm tpm0: Operation Canceled
[   27.177648] tpm tpm0: Operation Canceled
[   27.198864] tpm tpm0: Operation Canceled
[   27.219884] tpm tpm0: Operation Canceled
[   27.240870] tpm tpm0: Operation Canceled
[   27.261899] tpm tpm0: Operation Canceled
[   27.282905] tpm tpm0: Operation Canceled
[   27.303932] tpm tpm0: Operation Canceled
[   27.324946] tpm tpm0: Operation Canceled
[   27.345980] tpm tpm0: Operation Canceled
[   27.367060] tpm tpm0: Operation Canceled
[   27.388009] tpm tpm0: Operation Canceled
[   27.409003] tpm tpm0: Operation Canceled
[   27.430014] tpm tpm0: Operation Canceled
[   27.451049] tpm tpm0: Operation Canceled
[   27.472143] tpm tpm0: Operation Canceled
[   27.493133] tpm tpm0: Operation Canceled
[   27.514147] tpm tpm0: Operation Canceled
[   27.535203] tpm tpm0: Operation Canceled
[   27.556190] tpm tpm0: Operation Canceled
[   27.566811] tpm tpm0: Operation Canceled
[   27.587721] tpm tpm0: Operation Canceled
[   27.608750] tpm tpm0: Operation Canceled
[   27.629738] tpm tpm0: Operation Canceled
[   27.661182] tpm tpm0: Operation Canceled
[   27.682383] tpm tpm0: Operation Canceled
[   27.703344] tpm tpm0: Operation Canceled
[   27.724634] tpm tpm0: Operation Canceled
[   27.745780] tpm tpm0: Operation Canceled
[   27.766796] tpm tpm0: Operation Canceled
[   27.787804] tpm tpm0: Operation Canceled
[   27.808902] tpm tpm0: Operation Canceled
[   27.829902] tpm tpm0: Operation Canceled
[   27.851098] tpm tpm0: Operation Canceled
[   27.872067] tpm tpm0: Operation Canceled
[   27.893044] tpm tpm0: Operation Canceled
[   27.914280] tpm tpm0: Operation Canceled
[   27.935261] tpm tpm0: Operation Canceled
[   27.956268] tpm tpm0: Operation Canceled
[   27.977181] tpm tpm0: Operation Canceled
[   27.998375] tpm tpm0: Operation Canceled
[   28.019341] tpm tpm0: Operation Canceled
[   28.040335] tpm tpm0: Operation Canceled
[   28.050950] tpm tpm0: Operation Canceled
[   28.072333] tpm tpm0: Operation Canceled
[   28.093249] tpm tpm0: Operation Canceled
[   28.114292] tpm tpm0: Operation Canceled
[   28.135262] tpm tpm0: Operation Canceled
[   28.156280] tpm tpm0: Operation Canceled
[   28.187868] tpm tpm0: Operation Canceled
[   28.208860] tpm tpm0: Operation Canceled
[   28.229906] tpm tpm0: Operation Canceled
[   28.250986] tpm tpm0: Operation Canceled
[   28.271929] tpm tpm0: Operation Canceled
[   28.293089] tpm tpm0: Operation Canceled
[   28.314141] tpm tpm0: Operation Canceled
[   28.335107] tpm tpm0: Operation Canceled
[   28.356080] tpm tpm0: Operation Canceled
[   28.377056] tpm tpm0: Operation Canceled
[   28.398121] tpm tpm0: Operation Canceled
[   28.419156] tpm tpm0: Operation Canceled
[   28.440422] tpm tpm0: Operation Canceled
[   28.471985] tpm tpm0: Operation Canceled
[   28.492976] tpm tpm0: Operation Canceled
[   28.513973] tpm tpm0: Operation Canceled
[   28.535021] tpm tpm0: Operation Canceled
[   28.556075] tpm tpm0: Operation Canceled
[   28.577185] tpm tpm0: Operation Canceled
[   28.598440] tpm tpm0: Operation Canceled
[   28.619477] tpm tpm0: Operation Canceled
[   28.640437] tpm tpm0: Operation Canceled
[   28.661604] tpm tpm0: Operation Canceled
[   28.682621] tpm tpm0: Operation Canceled
[   28.703575] tpm tpm0: Operation Canceled
[   28.724803] tpm tpm0: Operation Canceled
[   28.745868] tpm tpm0: Operation Canceled
[   28.766911] tpm tpm0: Operation Canceled
[   28.787904] tpm tpm0: Operation Canceled
[   28.808926] tpm tpm0: Operation Canceled
[   28.829923] tpm tpm0: Operation Canceled
[   28.850960] tpm tpm0: Operation Canceled
[   28.871948] tpm tpm0: Operation Canceled
[   28.893181] tpm tpm0: Operation Canceled
[   28.914299] tpm tpm0: Operation Canceled
[   28.935228] tpm tpm0: Operation Canceled
[   28.956251] tpm tpm0: Operation Canceled
[   28.977137] tpm tpm0: Operation Canceled
[   28.998270] tpm tpm0: Operation Canceled
[   29.019229] tpm tpm0: Operation Canceled
[   29.040176] tpm tpm0: Operation Canceled
[   29.061183] tpm tpm0: Operation Canceled
[   29.082216] tpm tpm0: Operation Canceled
[   29.103245] tpm tpm0: Operation Canceled
[   29.124201] tpm tpm0: Operation Canceled
[   29.145183] tpm tpm0: Operation Canceled
[   29.166152] tpm tpm0: Operation Canceled
[   29.187241] tpm tpm0: Operation Canceled
[   29.208209] tpm tpm0: Operation Canceled
[   29.229188] tpm tpm0: Operation Canceled
[   29.250241] tpm tpm0: Operation Canceled
[   29.271358] tpm tpm0: Operation Canceled
[   29.292344] tpm tpm0: Operation Canceled
[   29.313628] tpm tpm0: Operation Canceled
[   29.334799] tpm tpm0: Operation Canceled
[   29.355615] tpm tpm0: Operation Canceled
[   29.376846] tpm tpm0: Operation Canceled
[   29.397668] tpm tpm0: Operation Canceled
[   29.418663] tpm tpm0: Operation Canceled
[   29.439640] tpm tpm0: Operation Canceled
[   29.460658] tpm tpm0: Operation Canceled
[   29.481677] tpm tpm0: Operation Canceled
[   29.502873] tpm tpm0: Operation Canceled
[   29.523793] tpm tpm0: Operation Canceled
[   29.534343] tpm tpm0: Operation Canceled
[   29.555300] tpm tpm0: Operation Canceled
[   29.576274] tpm tpm0: Operation Canceled
[   29.586801] tpm tpm0: Operation Canceled
[   29.607892] tpm tpm0: Operation Canceled
[   29.628764] tpm tpm0: Operation Canceled
[   29.649843] tpm tpm0: Operation Canceled
[   29.670835] tpm tpm0: Operation Canceled
[   29.691980] tpm tpm0: Operation Canceled
[   29.712984] tpm tpm0: Operation Canceled
[   29.734165] tpm tpm0: Operation Canceled
[   29.755158] tpm tpm0: Operation Canceled
[   29.776199] tpm tpm0: Operation Canceled
[   29.797183] tpm tpm0: Operation Canceled
[   29.818308] tpm tpm0: Operation Canceled
[   29.839266] tpm tpm0: Operation Canceled
[   29.860301] tpm tpm0: Operation Canceled
[   29.892062] tpm tpm0: Operation Canceled
[   29.913171] tpm tpm0: Operation Canceled
[   29.934225] tpm tpm0: Operation Canceled
[   29.955259] tpm tpm0: Operation Canceled
[   29.976247] tpm tpm0: Operation Canceled
[   29.997184] tpm tpm0: Operation Canceled
[   30.018282] tpm tpm0: Operation Canceled
[   30.039319] tpm tpm0: Operation Canceled
[   30.060516] tpm tpm0: Operation Canceled
[   30.081535] tpm tpm0: Operation Canceled
[   30.102590] tpm tpm0: Operation Canceled
[   30.123547] tpm tpm0: Operation Canceled
[   30.144552] tpm tpm0: Operation Canceled
[   30.165646] tpm tpm0: Operation Canceled
[   30.186839] tpm tpm0: Operation Canceled
[   30.207967] tpm tpm0: Operation Canceled
[   30.229091] tpm tpm0: Operation Canceled
[   30.250096] tpm tpm0: Operation Canceled
[   30.271119] tpm tpm0: Operation Canceled
[   30.292159] tpm tpm0: Operation Canceled
[   30.313123] tpm tpm0: Operation Canceled
[   30.334073] tpm tpm0: Operation Canceled
[   30.355199] tpm tpm0: Operation Canceled
[   30.376237] tpm tpm0: Operation Canceled
[   30.397371] tpm tpm0: Operation Canceled
[   30.418512] tpm tpm0: Operation Canceled
[   30.439481] tpm tpm0: Operation Canceled
[   30.460481] tpm tpm0: Operation Canceled
[   30.481553] tpm tpm0: Operation Canceled
[   30.502840] tpm tpm0: Operation Canceled
[   30.523554] tpm tpm0: Operation Canceled
[   30.544558] tpm tpm0: Operation Canceled
[   30.565826] tpm tpm0: Operation Canceled
[   30.586767] tpm tpm0: Operation Canceled
[   30.607661] tpm tpm0: Operation Canceled
[   30.628720] tpm tpm0: Operation Canceled
[   30.649708] tpm tpm0: Operation Canceled
[   30.670886] tpm tpm0: Operation Canceled
[   30.691732] tpm tpm0: Operation Canceled
[   30.712775] tpm tpm0: Operation Canceled
[   30.733815] tpm tpm0: Operation Canceled
[   30.754860] tpm tpm0: Operation Canceled
[   30.775848] tpm tpm0: Operation Canceled
[   30.796851] tpm tpm0: Operation Canceled
[   30.818130] tpm tpm0: Operation Canceled
[   30.839197] tpm tpm0: Operation Canceled
[   30.860128] tpm tpm0: Operation Canceled
[   30.881186] tpm tpm0: Operation Canceled
[   30.902268] tpm tpm0: Operation Canceled
[   30.923358] tpm tpm0: Operation Canceled
[   30.944325] tpm tpm0: Operation Canceled
[   30.965751] tpm tpm0: Operation Canceled
[   30.986848] tpm tpm0: Operation Canceled
[   31.007771] tpm tpm0: Operation Canceled
[   31.018305] tpm tpm0: Operation Canceled
[   31.028701] tpm tpm0: Operation Canceled
[   31.049763] tpm tpm0: Operation Canceled
[   31.070826] tpm tpm0: Operation Canceled
[   31.091824] tpm tpm0: Operation Canceled
[   31.112820] tpm tpm0: Operation Canceled
[   31.133842] tpm tpm0: Operation Canceled
[   31.165184] tpm tpm0: Operation Canceled
[   31.186403] tpm tpm0: Operation Canceled
[   31.207445] tpm tpm0: Operation Canceled
[   31.228671] tpm tpm0: Operation Canceled
[   31.249828] tpm tpm0: Operation Canceled
[   31.270908] tpm tpm0: Operation Canceled
[   31.291799] tpm tpm0: Operation Canceled
[   31.302256] tpm tpm0: Operation Canceled
[   31.323285] tpm tpm0: Operation Canceled
[   31.344302] tpm tpm0: Operation Canceled
[   31.365181] tpm tpm0: Operation Canceled
[   31.386742] tpm tpm0: Operation Canceled
[   31.407492] tpm tpm0: Operation Canceled
[   31.428474] tpm tpm0: Operation Canceled
[   31.449564] tpm tpm0: Operation Canceled
[   31.470604] tpm tpm0: Operation Canceled
[   31.491595] tpm tpm0: Operation Canceled
[   31.512555] tpm tpm0: Operation Canceled
[   31.533637] tpm tpm0: Operation Canceled
[   31.554659] tpm tpm0: Operation Canceled
[   31.575644] tpm tpm0: Operation Canceled
[   31.596656] tpm tpm0: Operation Canceled
[   31.617655] tpm tpm0: Operation Canceled
[   31.638664] tpm tpm0: Operation Canceled
[   31.659664] tpm tpm0: Operation Canceled
[   31.670247] tpm tpm0: Operation Canceled
[   31.691209] tpm tpm0: Operation Canceled
[   31.712383] tpm tpm0: Operation Canceled
[   31.733184] tpm tpm0: Operation Canceled
[   31.754535] tpm tpm0: Operation Canceled
[   31.775494] tpm tpm0: Operation Canceled
[   31.796696] tpm tpm0: Operation Canceled
[   31.817676] tpm tpm0: Operation Canceled
[   31.838727] tpm tpm0: Operation Canceled
[   31.850216] tpm tpm0: Operation Canceled
[   31.870587] tpm tpm0: Operation Canceled
[   31.891601] tpm tpm0: Operation Canceled
[   31.912351] tpm tpm0: Operation Canceled
[   31.933282] tpm tpm0: Operation Canceled
[   31.954520] tpm tpm0: Operation Canceled
[   31.975282] tpm tpm0: Operation Canceled
[   31.996274] tpm tpm0: Operation Canceled
[   32.027907] tpm tpm0: Operation Canceled
[   32.048966] tpm tpm0: Operation Canceled
[   32.069961] tpm tpm0: Operation Canceled
[   32.090976] tpm tpm0: Operation Canceled
[   32.111928] tpm tpm0: Operation Canceled
[   32.132919] tpm tpm0: Operation Canceled
[   32.153927] tpm tpm0: Operation Canceled
[   32.174916] tpm tpm0: Operation Canceled
[   32.185195] tpm tpm0: Operation Canceled
[   32.206437] tpm tpm0: Operation Canceled
[   32.227803] tpm tpm0: Operation Canceled
[   32.248485] tpm tpm0: Operation Canceled
[   32.269184] tpm tpm0: Operation Canceled
[   32.290565] tpm tpm0: Operation Canceled
[   32.311454] tpm tpm0: Operation Canceled
[   32.332751] tpm tpm0: Operation Canceled
[   32.353692] tpm tpm0: Operation Canceled
[   32.374739] tpm tpm0: Operation Canceled
[   32.395850] tpm tpm0: Operation Canceled
[   32.416949] tpm tpm0: Operation Canceled
[   32.437951] tpm tpm0: Operation Canceled
[   32.459003] tpm tpm0: Operation Canceled
[   32.479942] tpm tpm0: Operation Canceled
[   32.500946] tpm tpm0: Operation Canceled
[   32.521855] tpm tpm0: Operation Canceled
[   32.542992] tpm tpm0: Operation Canceled
[   32.564095] tpm tpm0: Operation Canceled
[   32.585128] tpm tpm0: Operation Canceled
[   32.606107] tpm tpm0: Operation Canceled
[   32.627343] tpm tpm0: Operation Canceled
[   32.648380] tpm tpm0: Operation Canceled
[   32.669188] tpm tpm0: Operation Canceled
[   32.690315] tpm tpm0: Operation Canceled
[   32.711349] tpm tpm0: Operation Canceled
[   32.732430] tpm tpm0: Operation Canceled
[   32.753544] tpm tpm0: Operation Canceled
[   32.774536] tpm tpm0: Operation Canceled
[   32.795489] tpm tpm0: Operation Canceled
[   32.816525] tpm tpm0: Operation Canceled
[   32.837513] tpm tpm0: Operation Canceled
[   32.858492] tpm tpm0: Operation Canceled
[   32.879543] tpm tpm0: Operation Canceled
[   32.900553] tpm tpm0: Operation Canceled
[   32.921550] tpm tpm0: Operation Canceled
[   32.942704] tpm tpm0: Operation Canceled
[   32.963803] tpm tpm0: Operation Canceled
[   32.984794] tpm tpm0: Operation Canceled
[   33.005812] tpm tpm0: Operation Canceled
[   33.026932] tpm tpm0: Operation Canceled
[   33.047634] tpm tpm0: Operation Canceled
[   33.068845] tpm tpm0: Operation Canceled
[   33.089857] tpm tpm0: Operation Canceled
[   33.110700] tpm tpm0: Operation Canceled
[   33.131850] tpm tpm0: Operation Canceled
[   33.152853] tpm tpm0: Operation Canceled
[   33.163359] tpm tpm0: Operation Canceled
[   33.184296] tpm tpm0: Operation Canceled
[   33.205500] tpm tpm0: Operation Canceled
[   33.226512] tpm tpm0: Operation Canceled
[   33.247421] tpm tpm0: Operation Canceled
[   33.268376] tpm tpm0: Operation Canceled
[   33.289184] tpm tpm0: Operation Canceled
[   33.310329] tpm tpm0: Operation Canceled
[   33.331321] tpm tpm0: Operation Canceled
[   33.352413] tpm tpm0: Operation Canceled
[   33.373533] tpm tpm0: Operation Canceled
[   33.394533] tpm tpm0: Operation Canceled
[   33.415527] tpm tpm0: Operation Canceled
[   33.436533] tpm tpm0: Operation Canceled
[   33.457565] tpm tpm0: Operation Canceled
[   33.478450] tpm tpm0: Operation Canceled
[   33.499485] tpm tpm0: Operation Canceled
[   33.520625] tpm tpm0: Operation Canceled
[   33.541696] tpm tpm0: Operation Canceled
[   33.562888] tpm tpm0: Operation Canceled
[   33.583626] tpm tpm0: Operation Canceled
[   33.604644] tpm tpm0: Operation Canceled
[   33.625647] tpm tpm0: Operation Canceled
[   33.646905] tpm tpm0: Operation Canceled
[   33.667701] tpm tpm0: Operation Canceled
[   33.678284] tpm tpm0: Operation Canceled
[   33.699318] tpm tpm0: Operation Canceled
[   33.720276] tpm tpm0: Operation Canceled
[   33.741183] tpm tpm0: Operation Canceled
[   33.762253] tpm tpm0: Operation Canceled
[   33.783292] tpm tpm0: Operation Canceled
[   33.804210] tpm tpm0: Operation Canceled
[   33.825185] tpm tpm0: Operation Canceled
[   33.846125] tpm tpm0: Operation Canceled
[   33.867272] tpm tpm0: Operation Canceled
[   33.888243] tpm tpm0: Operation Canceled
[   33.909180] tpm tpm0: Operation Canceled
[   33.930192] tpm tpm0: Operation Canceled
[   33.951174] tpm tpm0: Operation Canceled
[   33.972237] tpm tpm0: Operation Canceled
[   33.993184] tpm tpm0: Operation Canceled
[   34.014386] tpm tpm0: Operation Canceled
[   34.035206] tpm tpm0: Operation Canceled
[   34.056175] tpm tpm0: Operation Canceled
[   34.077172] tpm tpm0: Operation Canceled
[   34.098198] tpm tpm0: Operation Canceled
[   34.119111] tpm tpm0: Operation Canceled
[   34.140097] tpm tpm0: Operation Canceled
[   34.161208] tpm tpm0: Operation Canceled
[   34.182152] tpm tpm0: Operation Canceled
[   34.203139] tpm tpm0: Operation Canceled
[   34.224146] tpm tpm0: Operation Canceled
[   34.245108] tpm tpm0: Operation Canceled
[   34.266135] tpm tpm0: Operation Canceled
[   34.287094] tpm tpm0: Operation Canceled
[   34.308096] tpm tpm0: Operation Canceled
[   34.329078] tpm tpm0: Operation Canceled
[   34.350222] tpm tpm0: Operation Canceled
[   34.371128] tpm tpm0: Operation Canceled
[   34.392057] tpm tpm0: Operation Canceled
[   34.413048] tpm tpm0: Operation Canceled
[   34.434032] tpm tpm0: Operation Canceled
[   34.455089] tpm tpm0: Operation Canceled
[   34.476047] tpm tpm0: Operation Canceled
[   34.497072] tpm tpm0: Operation Canceled
[   34.518241] tpm tpm0: Operation Canceled
[   34.539349] tpm tpm0: Operation Canceled
[   34.560294] tpm tpm0: Operation Canceled
[   34.570777] tpm tpm0: Operation Canceled
[   34.591839] tpm tpm0: Operation Canceled
[   34.612877] tpm tpm0: Operation Canceled
[   34.633807] tpm tpm0: Operation Canceled
[   34.665187] tpm tpm0: Operation Canceled
[   34.686283] tpm tpm0: Operation Canceled
[   34.707437] tpm tpm0: Operation Canceled
[   34.728425] tpm tpm0: Operation Canceled
[   34.749184] tpm tpm0: Operation Canceled
[   34.770492] tpm tpm0: Operation Canceled
[   34.791435] tpm tpm0: Operation Canceled
[   34.812474] tpm tpm0: Operation Canceled
[   34.833187] tpm tpm0: Operation Canceled
[   34.854637] tpm tpm0: Operation Canceled
[   34.875589] tpm tpm0: Operation Canceled
[   34.896570] tpm tpm0: Operation Canceled
[   34.917576] tpm tpm0: Operation Canceled
[   34.938577] tpm tpm0: Operation Canceled
[   34.959493] tpm tpm0: Operation Canceled
[   34.980415] tpm tpm0: Operation Canceled
[   35.001577] tpm tpm0: Operation Canceled
[   35.022786] tpm tpm0: Operation Canceled
[   35.043549] tpm tpm0: Operation Canceled
[   35.064522] tpm tpm0: Operation Canceled
[   35.085560] tpm tpm0: Operation Canceled
[   35.106467] tpm tpm0: Operation Canceled
[   35.127749] tpm tpm0: Operation Canceled
[   35.159207] tpm tpm0: Operation Canceled
[   35.180133] tpm tpm0: Operation Canceled
[   35.201185] tpm tpm0: Operation Canceled
[   35.222621] tpm tpm0: Operation Canceled
[   35.243556] tpm tpm0: Operation Canceled
[   35.264477] tpm tpm0: Operation Canceled
[   35.285528] tpm tpm0: Operation Canceled
[   35.306524] tpm tpm0: Operation Canceled
[   35.327518] tpm tpm0: Operation Canceled
[   35.348455] tpm tpm0: Operation Canceled
[   35.369753] tpm tpm0: Operation Canceled
[   35.390796] tpm tpm0: Operation Canceled
[   35.411784] tpm tpm0: Operation Canceled
[   35.432789] tpm tpm0: Operation Canceled
[   35.453798] tpm tpm0: Operation Canceled
[   35.474895] tpm tpm0: Operation Canceled
[   35.495765] tpm tpm0: Operation Canceled
[   35.516706] tpm tpm0: Operation Canceled
[   35.537838] tpm tpm0: Operation Canceled
[   35.569187] tpm tpm0: Operation Canceled
[   35.590290] tpm tpm0: Operation Canceled
[   35.621809] tpm tpm0: Operation Canceled
[   35.642804] tpm tpm0: Operation Canceled
[   35.663850] tpm tpm0: Operation Canceled
[   35.684821] tpm tpm0: Operation Canceled
[   35.705809] tpm tpm0: Operation Canceled
[   35.726892] tpm tpm0: Operation Canceled
[   35.747889] tpm tpm0: Operation Canceled
[   35.768862] tpm tpm0: Operation Canceled
[   35.789958] tpm tpm0: Operation Canceled
[   35.810962] tpm tpm0: Operation Canceled
[   35.832003] tpm tpm0: Operation Canceled
[   35.853192] tpm tpm0: Operation Canceled
[   35.874417] tpm tpm0: Operation Canceled
[   35.895362] tpm tpm0: Operation Canceled
[   35.916394] tpm tpm0: Operation Canceled
[   35.937184] tpm tpm0: Operation Canceled
[   35.958547] tpm tpm0: Operation Canceled
[   35.979353] tpm tpm0: Operation Canceled
[   36.000374] tpm tpm0: Operation Canceled
[   36.021667] tpm tpm0: Operation Canceled
[   36.042406] tpm tpm0: Operation Canceled
[   36.063341] tpm tpm0: Operation Canceled
[   36.084587] tpm tpm0: Operation Canceled
[   36.105645] tpm tpm0: Operation Canceled
[   36.126621] tpm tpm0: Operation Canceled
[   36.158222] tpm tpm0: Operation Canceled
[   36.189839] tpm tpm0: Operation Canceled
[   36.210819] tpm tpm0: Operation Canceled
[   36.231813] tpm tpm0: Operation Canceled
[   36.252832] tpm tpm0: Operation Canceled
[   36.273851] tpm tpm0: Operation Canceled
[   36.294888] tpm tpm0: Operation Canceled
[   36.315875] tpm tpm0: Operation Canceled
[   36.336894] tpm tpm0: Operation Canceled
[   36.357890] tpm tpm0: Operation Canceled
[   36.379209] tpm tpm0: Operation Canceled
[   36.400167] tpm tpm0: Operation Canceled
[   36.431759] tpm tpm0: Operation Canceled
[   36.452759] tpm tpm0: Operation Canceled
[   36.473778] tpm tpm0: Operation Canceled
[   36.494907] tpm tpm0: Operation Canceled
[   36.505185] tpm tpm0: Operation Canceled
[   36.526545] tpm tpm0: Operation Canceled
[   36.547478] tpm tpm0: Operation Canceled
[   36.568447] tpm tpm0: Operation Canceled
[   36.589514] tpm tpm0: Operation Canceled
[   36.610490] tpm tpm0: Operation Canceled
[   36.631464] tpm tpm0: Operation Canceled
[   36.652484] tpm tpm0: Operation Canceled
[   36.673524] tpm tpm0: Operation Canceled
[   36.694746] tpm tpm0: Operation Canceled
[   36.715813] tpm tpm0: Operation Canceled
[   36.736841] tpm tpm0: Operation Canceled
[   36.757845] tpm tpm0: Operation Canceled
[   36.778884] tpm tpm0: Operation Canceled
[   36.799867] tpm tpm0: Operation Canceled
[   36.820913] tpm tpm0: Operation Canceled
[   36.841926] tpm tpm0: Operation Canceled
[   36.863229] tpm tpm0: Operation Canceled
[   36.884262] tpm tpm0: Operation Canceled
[   36.915883] tpm tpm0: Operation Canceled
[   36.936828] tpm tpm0: Operation Canceled
[   36.957822] tpm tpm0: Operation Canceled
[   36.978931] tpm tpm0: Operation Canceled
[   36.989482] tpm tpm0: Operation Canceled
[   37.020934] tpm tpm0: Operation Canceled
[   37.042012] tpm tpm0: Operation Canceled
[   37.063016] tpm tpm0: Operation Canceled
[   37.083996] tpm tpm0: Operation Canceled
[   37.104997] tpm tpm0: Operation Canceled
[   37.126038] tpm tpm0: Operation Canceled
[   37.147064] tpm tpm0: Operation Canceled
[   37.178649] tpm tpm0: Operation Canceled
[   37.199621] tpm tpm0: Operation Canceled
[   37.220891] tpm tpm0: Operation Canceled
[   37.241668] tpm tpm0: Operation Canceled
[   37.262867] tpm tpm0: Operation Canceled
[   37.283982] tpm tpm0: Operation Canceled
[   37.304975] tpm tpm0: Operation Canceled
[   37.325979] tpm tpm0: Operation Canceled
[   37.347070] tpm tpm0: Operation Canceled
[   37.368039] tpm tpm0: Operation Canceled
[   37.389052] tpm tpm0: Operation Canceled
[   37.410064] tpm tpm0: Operation Canceled
[   37.431075] tpm tpm0: Operation Canceled
[   37.452121] tpm tpm0: Operation Canceled
[   37.473090] tpm tpm0: Operation Canceled
[   37.494140] tpm tpm0: Operation Canceled
[   37.515124] tpm tpm0: Operation Canceled
[   37.536184] tpm tpm0: Operation Canceled
[   37.557182] tpm tpm0: Operation Canceled
[   37.578724] tpm tpm0: Operation Canceled
[   37.599740] tpm tpm0: Operation Canceled
[   37.620734] tpm tpm0: Operation Canceled
[   37.641761] tpm tpm0: Operation Canceled
[   37.673199] tpm tpm0: Operation Canceled
[   37.694372] tpm tpm0: Operation Canceled
[   37.715342] tpm tpm0: Operation Canceled
[   37.736404] tpm tpm0: Operation Canceled
[   37.746945] tpm tpm0: Operation Canceled
[   37.768094] tpm tpm0: Operation Canceled
[   37.789086] tpm tpm0: Operation Canceled
[   37.810077] tpm tpm0: Operation Canceled
[   37.831153] tpm tpm0: Operation Canceled
[   37.852182] tpm tpm0: Operation Canceled
[   37.873172] tpm tpm0: Operation Canceled
[   37.894199] tpm tpm0: Operation Canceled
[   37.915422] tpm tpm0: Operation Canceled
[   37.936226] tpm tpm0: Operation Canceled
[   37.967775] tpm tpm0: Operation Canceled
[   37.988769] tpm tpm0: Operation Canceled
[   38.009798] tpm tpm0: Operation Canceled
[   38.030939] tpm tpm0: Operation Canceled
[   38.041195] tpm tpm0: Operation Canceled
[   38.062459] tpm tpm0: Operation Canceled
[   38.083454] tpm tpm0: Operation Canceled
[   38.104618] tpm tpm0: Operation Canceled
[   38.125664] tpm tpm0: Operation Canceled
[   38.146692] tpm tpm0: Operation Canceled
[   38.178187] tpm tpm0: Operation Canceled
[   38.199242] tpm tpm0: Operation Canceled
[   38.220246] tpm tpm0: Operation Canceled
[   38.251825] tpm tpm0: Operation Canceled
[   38.272817] tpm tpm0: Operation Canceled
[   38.294001] tpm tpm0: Operation Canceled
[   38.315105] tpm tpm0: Operation Canceled
[   38.336052] tpm tpm0: Operation Canceled
[   38.357015] tpm tpm0: Operation Canceled
[   38.378028] tpm tpm0: Operation Canceled
[   38.399230] tpm tpm0: Operation Canceled
[   38.420216] tpm tpm0: Operation Canceled
[   38.430837] tpm tpm0: Operation Canceled
[   38.451869] tpm tpm0: Operation Canceled
[   38.472797] tpm tpm0: Operation Canceled
[   38.493787] tpm tpm0: Operation Canceled
[   38.514814] tpm tpm0: Operation Canceled
[   38.535786] tpm tpm0: Operation Canceled
[   38.556825] tpm tpm0: Operation Canceled
[   38.577803] tpm tpm0: Operation Canceled
[   38.598847] tpm tpm0: Operation Canceled
[   38.619917] tpm tpm0: Operation Canceled
[   38.640937] tpm tpm0: Operation Canceled
[   38.661921] tpm tpm0: Operation Canceled
[   38.682968] tpm tpm0: Operation Canceled
[   38.703977] tpm tpm0: Operation Canceled
[   38.724997] tpm tpm0: Operation Canceled
[   38.745984] tpm tpm0: Operation Canceled
[   38.767033] tpm tpm0: Operation Canceled
[   38.788285] tpm tpm0: Operation Canceled
[   38.819889] tpm tpm0: Operation Canceled
[   38.840902] tpm tpm0: Operation Canceled
[   38.861891] tpm tpm0: Operation Canceled
[   38.882904] tpm tpm0: Operation Canceled
[   38.903911] tpm tpm0: Operation Canceled
[   38.924983] tpm tpm0: Operation Canceled
[   38.945993] tpm tpm0: Operation Canceled
[   38.967283] tpm tpm0: Operation Canceled
[   38.988275] tpm tpm0: Operation Canceled
[   38.998865] tpm tpm0: Operation Canceled
[   39.030365] tpm tpm0: Operation Canceled
[   39.051346] tpm tpm0: Operation Canceled
[   39.072388] tpm tpm0: Operation Canceled
[   39.103899] tpm tpm0: Operation Canceled
[   39.124931] tpm tpm0: Operation Canceled
[   39.145986] tpm tpm0: Operation Canceled
[   39.167237] tpm tpm0: Operation Canceled
[   39.188251] tpm tpm0: Operation Canceled
[   39.209183] tpm tpm0: Operation Canceled
[   39.230437] tpm tpm0: Operation Canceled
[   39.251529] tpm tpm0: Operation Canceled
[   39.262207] tpm tpm0: Operation Canceled
[   39.283077] tpm tpm0: Operation Canceled
[   39.304096] tpm tpm0: Operation Canceled
[   39.325108] tpm tpm0: Operation Canceled
[   39.346136] tpm tpm0: Operation Canceled
[   39.367127] tpm tpm0: Operation Canceled
[   39.388128] tpm tpm0: Operation Canceled
[   39.409136] tpm tpm0: Operation Canceled
[   39.430211] tpm tpm0: Operation Canceled
[   39.451155] tpm tpm0: Operation Canceled
[   39.472150] tpm tpm0: Operation Canceled
[   39.493182] tpm tpm0: Operation Canceled
[   39.514261] tpm tpm0: Operation Canceled
[   39.535496] tpm tpm0: Operation Canceled
[   39.556478] tpm tpm0: Operation Canceled
[   39.577564] tpm tpm0: Operation Canceled
[   39.598571] tpm tpm0: Operation Canceled
[   39.619560] tpm tpm0: Operation Canceled
[   39.640583] tpm tpm0: Operation Canceled
[   39.661623] tpm tpm0: Operation Canceled
[   39.682862] tpm tpm0: Operation Canceled
[   39.703845] tpm tpm0: Operation Canceled
[   39.724835] tpm tpm0: Operation Canceled
[   39.745850] tpm tpm0: Operation Canceled
[   39.777480] tpm tpm0: Operation Canceled
[   39.798732] tpm tpm0: Operation Canceled
[   39.819616] tpm tpm0: Operation Canceled
[   39.840737] tpm tpm0: Operation Canceled
[   39.862012] tpm tpm0: Operation Canceled
[   39.883031] tpm tpm0: Operation Canceled
[   39.904007] tpm tpm0: Operation Canceled
[   39.925038] tpm tpm0: Operation Canceled
[   39.946051] tpm tpm0: Operation Canceled
[   39.967144] tpm tpm0: Operation Canceled
[   39.988120] tpm tpm0: Operation Canceled
[   40.009128] tpm tpm0: Operation Canceled
[   40.030421] tpm tpm0: Operation Canceled
