c[?7l[2J[0mSeaBIOS (version rel-1.16.0-0-gd239552ce722-prebuilt.qemu.org)


iPXE (http://ipxe.org) 00:03.0 CA00 PCI2.10 PnP PMM+7FF91000+7FEF1000 CA00
Press Ctrl-B to configure iPXE (PCI 00:03.0)...                                                                               


Booting from ROM..c[?7l[2J[    0.000000] Linux version 6.18.0-rc3-73fd0dba0beb+ (root@gnr-bkc) (gcc (GCC) 11.5.0 20240719 (Red Hat 11.5.0-14), GNU ld version 2.35.2-54.el9) #1 SMP PREEMPT_DYNAMIC Tue Dec  2 20:28:04 CST 2025
[    0.000000] Command line: console=ttyS0 root=/dev/sda earlyprintk=serial net.ifnames=0 thunderbolt.dyndbg
[    0.000000] KERNEL supported cpus:
[    0.000000]   Intel GenuineIntel
[    0.000000]   AMD AuthenticAMD
[    0.000000]   Hygon HygonGenuine
[    0.000000]   Centaur CentaurHauls
[    0.000000]   zhaoxin   Shanghai  
[    0.000000] x86/split lock detection: #DB: warning on user-space bus_locks
[    0.000000] BIOS-provided physical RAM map:
[    0.000000] BIOS-e820: [mem 0x0000000000000000-0x000000000009fbff] usable
[    0.000000] BIOS-e820: [mem 0x000000000009fc00-0x000000000009ffff] reserved
[    0.000000] BIOS-e820: [mem 0x00000000000f0000-0x00000000000fffff] reserved
[    0.000000] BIOS-e820: [mem 0x0000000000100000-0x000000007ffdffff] usable
[    0.000000] BIOS-e820: [mem 0x000000007ffe0000-0x000000007fffffff] reserved
[    0.000000] BIOS-e820: [mem 0x00000000feffc000-0x00000000feffffff] reserved
[    0.000000] BIOS-e820: [mem 0x00000000fffc0000-0x00000000ffffffff] reserved
[    0.000000] printk: legacy bootconsole [earlyser0] enabled
[    0.000000] NX (Execute Disable) protection: active
[    0.000000] APIC: Static calls initialized
[    0.000000] SMBIOS 2.8 present.
[    0.000000] DMI: QEMU Standard PC (i440FX + PIIX, 1996), BIOS rel-1.16.0-0-gd239552ce722-prebuilt.qemu.org 04/01/2014
[    0.000000] DMI: Memory slots populated: 1/1
[    0.000000] Hypervisor detected: KVM
[    0.000000] last_pfn = 0x7ffe0 max_arch_pfn = 0x10000000000
[    0.000000] kvm-clock: Using msrs 4b564d01 and 4b564d00
[    0.000002] kvm-clock: using sched offset of 662550105 cycles
[    0.000522] clocksource: kvm-clock: mask: 0xffffffffffffffff max_cycles: 0x1cd42e4dffb, max_idle_ns: 881590591483 ns
[    0.002140] tsc: Detected 1700.000 MHz processor
[    0.009678] last_pfn = 0x7ffe0 max_arch_pfn = 0x10000000000
[    0.010269] MTRR map: 4 entries (3 fixed + 1 variable; max 19), built from 8 variable MTRRs
[    0.011145] x86/PAT: Configuration [0-7]: WB  WC  UC- UC  WB  WP  UC- WT  
[    0.017151] found SMP MP-table at [mem 0x000f5ba0-0x000f5baf]
[    0.017756] Using GB pages for direct mapping
[    0.020339] ACPI: Early table checksum verification disabled
[    0.020907] ACPI: RSDP 0x00000000000F59C0 000014 (v00 BOCHS )
[    0.021498] ACPI: RSDT 0x000000007FFE1951 000034 (v01 BOCHS  BXPC     00000001 BXPC 00000001)
[    0.022371] ACPI: FACP 0x000000007FFE17FD 000074 (v01 BOCHS  BXPC     00000001 BXPC 00000001)
[    0.023243] ACPI: DSDT 0x000000007FFE0040 0017BD (v01 BOCHS  BXPC     00000001 BXPC 00000001)
[    0.024096] ACPI: FACS 0x000000007FFE0000 000040
[    0.024568] ACPI: APIC 0x000000007FFE1871 000080 (v01 BOCHS  BXPC     00000001 BXPC 00000001)
[    0.025423] ACPI: HPET 0x000000007FFE18F1 000038 (v01 BOCHS  BXPC     00000001 BXPC 00000001)
[    0.026272] ACPI: WAET 0x000000007FFE1929 000028 (v01 BOCHS  BXPC     00000001 BXPC 00000001)
[    0.027129] ACPI: Reserving FACP table memory at [mem 0x7ffe17fd-0x7ffe1870]
[    0.027830] ACPI: Reserving DSDT table memory at [mem 0x7ffe0040-0x7ffe17fc]
[    0.028530] ACPI: Reserving FACS table memory at [mem 0x7ffe0000-0x7ffe003f]
[    0.029227] ACPI: Reserving APIC table memory at [mem 0x7ffe1871-0x7ffe18f0]
[    0.029925] ACPI: Reserving HPET table memory at [mem 0x7ffe18f1-0x7ffe1928]
[    0.030625] ACPI: Reserving WAET table memory at [mem 0x7ffe1929-0x7ffe1950]
[    0.032188] No NUMA configuration found
[    0.032572] Faking a node at [mem 0x0000000000000000-0x000000007ffdffff]
[    0.033287] NODE_DATA(0) allocated [mem 0x7ffb4ec0-0x7ffdfcbf]
[    0.034939] Zone ranges:
[    0.035212]   DMA      [mem 0x0000000000001000-0x0000000000ffffff]
[    0.035835]   DMA32    [mem 0x0000000001000000-0x000000007ffdffff]
[    0.036453]   Normal   empty
[    0.036743]   Device   empty
[    0.037035] Movable zone start for each node
[    0.037473] Early memory node ranges
[    0.037824]   node   0: [mem 0x0000000000001000-0x000000000009efff]
[    0.038451]   node   0: [mem 0x0000000000100000-0x000000007ffdffff]
[    0.039074] Initmem setup node 0 [mem 0x0000000000001000-0x000000007ffdffff]
[    0.040099] On node 0, zone DMA: 1 pages in unavailable ranges
[    0.040869] On node 0, zone DMA: 97 pages in unavailable ranges
[    0.069133] On node 0, zone DMA32: 32 pages in unavailable ranges
[    0.126160] KernelAddressSanitizer initialized (generic)
[    0.126999] ACPI: PM-Timer IO Port: 0x608
[    0.127433] ACPI: LAPIC_NMI (acpi_id[0xff] dfl dfl lint[0x1])
[    0.128065] IOAPIC[0]: apic_id 0, version 17, address 0xfec00000, GSI 0-23
[    0.128776] ACPI: INT_SRC_OVR (bus 0 bus_irq 0 global_irq 2 dfl dfl)
[    0.129415] ACPI: INT_SRC_OVR (bus 0 bus_irq 5 global_irq 5 high level)
[    0.130081] ACPI: INT_SRC_OVR (bus 0 bus_irq 9 global_irq 9 high level)
[    0.130750] ACPI: INT_SRC_OVR (bus 0 bus_irq 10 global_irq 10 high level)
[    0.131437] ACPI: INT_SRC_OVR (bus 0 bus_irq 11 global_irq 11 high level)
[    0.132129] ACPI: Using ACPI (MADT) for SMP configuration information
[    0.132774] ACPI: HPET id: 0x8086a201 base: 0xfed00000
[    0.133302] TSC deadline timer available
[    0.133706] CPU topo: Max. logical packages:   1
[    0.134167] CPU topo: Max. logical dies:       1
[    0.134634] CPU topo: Max. dies per package:   1
[    0.135109] CPU topo: Max. threads per core:   1
[    0.135577] CPU topo: Num. cores per package:     2
[    0.136068] CPU topo: Num. threads per package:   2
[    0.136561] CPU topo: Allowing 2 present CPUs plus 0 hotplug CPUs
[    0.137218] kvm-guest: APIC: eoi() replaced with kvm_guest_apic_eoi_write()
[    0.137948] kvm-guest: KVM setup pv remote TLB flush
[    0.138456] kvm-guest: setup PV sched yield
[    0.138917] PM: hibernation: Registered nosave memory: [mem 0x00000000-0x00000fff]
[    0.139676] PM: hibernation: Registered nosave memory: [mem 0x0009f000-0x000fffff]
[    0.140440] [mem 0x80000000-0xfeffbfff] available for PCI devices
[    0.141050] Booting paravirtualized kernel on KVM
[    0.141530] clocksource: refined-jiffies: mask: 0xffffffff max_cycles: 0xffffffff, max_idle_ns: 7645519600211568 ns
[    0.142588] setup_percpu: NR_CPUS:8192 nr_cpumask_bits:2 nr_cpu_ids:2 nr_node_ids:1
[    0.143850] percpu: Embedded 80 pages/cpu s290816 r8192 d28672 u1048576
[    0.144695] kvm-guest: PV spinlocks enabled
[    0.145127] PV qspinlock hash table entries: 256 (order: 0, 4096 bytes, linear)
[    0.145861] Kernel command line: net.ifnames=0 console=ttyS0 root=/dev/sda earlyprintk=serial net.ifnames=0 thunderbolt.dyndbg
[    0.147275] random: crng init done
[    0.147621] printk: log buffer data + meta data: 262144 + 917504 = 1179648 bytes
[    0.148787] Dentry cache hash table entries: 262144 (order: 9, 2097152 bytes, linear)
[    0.150006] Inode-cache hash table entries: 131072 (order: 8, 1048576 bytes, linear)
[    0.151052] Fallback order for Node 0: 0 
[    0.151063] Built 1 zonelists, mobility grouping on.  Total pages: 524158
[    0.152115] Policy zone: DMA32
[    0.152420] mem auto-init: stack:off, heap alloc:off, heap free:off
[    0.153034] stackdepot: allocating hash table via alloc_large_system_hash
[    0.153705] stackdepot hash table entries: 1048576 (order: 12, 16777216 bytes, linear)
[    0.157694] stackdepot: allocating space for 8192 stack pools via memblock
[    0.195074] SLUB: HWalign=64, Order=0-3, MinObjects=0, CPUs=2, Nodes=1
[    0.195724] kmemleak: Kernel memory leak detector disabled
[    0.231102] ftrace: allocating 74644 entries in 292 pages
[    0.231637] ftrace: allocated 292 pages with 3 groups
[    0.236003] Dynamic Preempt: voluntary
[    0.236867] Running RCU self tests
[    0.237201] Running RCU synchronous self tests
[    0.237641] rcu: Preemptible hierarchical RCU implementation.
[    0.238201] rcu: 	RCU lockdep checking is enabled.
[    0.238672] rcu: 	RCU restricting CPUs from NR_CPUS=8192 to nr_cpu_ids=2.
[    0.239340] 	Trampoline variant of Tasks RCU enabled.
[    0.239837] 	Rude variant of Tasks RCU enabled.
[    0.240284] 	Tracing variant of Tasks RCU enabled.
[    0.240749] rcu: RCU calculated value of scheduler-enlistment delay is 25 jiffies.
[    0.241488] rcu: Adjusting geometry for rcu_fanout_leaf=16, nr_cpu_ids=2
[    0.242222] Running RCU synchronous self tests
[    0.242663] RCU Tasks: Setting shift to 1 and lim to 1 rcu_task_cb_adjust=1 rcu_task_cpu_ids=2.
[    0.243515] RCU Tasks Rude: Setting shift to 1 and lim to 1 rcu_task_cb_adjust=1 rcu_task_cpu_ids=2.
[    0.244406] RCU Tasks Trace: Setting shift to 1 and lim to 1 rcu_task_cb_adjust=1 rcu_task_cpu_ids=2.
[    0.313355] NR_IRQS: 524544, nr_irqs: 440, preallocated irqs: 16
[    0.314500] rcu: srcu_init: Setting srcu_struct sizes based on contention.
[    0.324060] Console: colour VGA+ 80x25
[    0.324518] printk: legacy console [ttyS0] enabled
[    0.324518] printk: legacy console [ttyS0] enabled
[    0.325478] printk: legacy bootconsole [earlyser0] disabled
[    0.325478] printk: legacy bootconsole [earlyser0] disabled
[    0.326603] Lock dependency validator: Copyright (c) 2006 Red Hat, Inc., Ingo Molnar
[    0.327375] ... MAX_LOCKDEP_SUBCLASSES:  8
[    0.327787] ... MAX_LOCK_DEPTH:          48
[    0.328210] ... MAX_LOCKDEP_KEYS:        8192
[    0.328657] ... CLASSHASH_SIZE:          4096
[    0.329096] ... MAX_LOCKDEP_ENTRIES:     32768
[    0.329547] ... MAX_LOCKDEP_CHAINS:      65536
[    0.329995] ... CHAINHASH_SIZE:          32768
[    0.330448]  memory used by lock dependency info: 6429 kB
[    0.330988]  memory used for stack traces: 4224 kB
[    0.331475]  per task-struct memory footprint: 1920 bytes
[    0.332116] ACPI: Core revision 20250807
[    0.332957] clocksource: hpet: mask: 0xffffffff max_cycles: 0xffffffff, max_idle_ns: 19112604467 ns
[    0.334039] APIC: Switch to symmetric I/O mode setup
[    0.334732] x2apic enabled
[    0.335411] APIC: Switched APIC routing to: physical x2apic
[    0.335978] kvm-guest: APIC: send_IPI_mask() replaced with kvm_send_ipi_mask()
[    0.336710] kvm-guest: APIC: send_IPI_mask_allbutself() replaced with kvm_send_ipi_mask_allbutself()
[    0.337619] kvm-guest: setup PV IPIs
[    0.339217] ..TIMER: vector=0x30 apic1=0 pin1=2 apic2=-1 pin2=-1
[    0.339849] clocksource: tsc-early: mask: 0xffffffffffffffff max_cycles: 0x1881273ac8e, max_idle_ns: 440795257284 ns
[    0.340915] Calibrating delay loop (skipped) preset value.. 3400.00 BogoMIPS (lpj=6800000)
[    0.341898] x86/cpu: User Mode Instruction Prevention (UMIP) activated
[    0.345017] Last level iTLB entries: 4KB 0, 2MB 0, 4MB 0
[    0.345555] Last level dTLB entries: 4KB 0, 2MB 0, 4MB 0, 1GB 0
[    0.346173] mitigations: Enabled attack vectors: user_kernel, user_user, guest_host, guest_guest, SMT mitigations: auto
[    0.347270] Speculative Store Bypass: Mitigation: Speculative Store Bypass disabled via prctl
[    0.348118] Spectre V2 : Mitigation: Enhanced / Automatic IBRS
[    0.348907] ITS: Mitigation: Aligned branch/return thunks
[    0.349454] Spectre V1 : Mitigation: usercopy/swapgs barriers and __user pointer sanitization
[    0.350304] Spectre V2 : WARNING: Unprivileged eBPF is enabled with eIBRS on, data leaks possible via Spectre v2 BHB attacks!
[    0.351426] Spectre V2 : Spectre v2 / PBRSB-eIBRS: Retire a single CALL on VMEXIT
[    0.352185] Spectre V2 : mitigation: Enabling conditional Indirect Branch Prediction Barrier
[    0.352910] active return thunk: its_return_thunk
[    0.353387] Spectre V2 : Spectre BHI mitigation: SW BHB clearing on syscall and VM exit
[    0.354635] x86/fpu: Supporting XSAVE feature 0x001: 'x87 floating point registers'
[    0.355413] x86/fpu: Supporting XSAVE feature 0x002: 'SSE registers'
[    0.356056] x86/fpu: Supporting XSAVE feature 0x004: 'AVX registers'
[    0.356909] x86/fpu: Supporting XSAVE feature 0x020: 'AVX-512 opmask'
[    0.357559] x86/fpu: Supporting XSAVE feature 0x040: 'AVX-512 Hi256'
[    0.358200] x86/fpu: Supporting XSAVE feature 0x080: 'AVX-512 ZMM_Hi256'
[    0.358876] x86/fpu: Supporting XSAVE feature 0x200: 'Protection Keys User registers'
[    0.359661] x86/fpu: Supporting XSAVE feature 0x20000: 'AMX Tile config'
[    0.360336] x86/fpu: Supporting XSAVE feature 0x40000: 'AMX Tile data'
[    0.360907] x86/fpu: xstate_offset[2]:  576, xstate_sizes[2]:  256
[    0.361530] x86/fpu: xstate_offset[5]:  832, xstate_sizes[5]:   64
[    0.362159] x86/fpu: xstate_offset[6]:  896, xstate_sizes[6]:  512
[    0.362788] x86/fpu: xstate_offset[7]: 1408, xstate_sizes[7]: 1024
[    0.363412] x86/fpu: xstate_offset[9]: 2432, xstate_sizes[9]:    8
[    0.364037] x86/fpu: xstate_offset[17]: 2496, xstate_sizes[17]:   64
[    0.364906] x86/fpu: xstate_offset[18]: 2560, xstate_sizes[18]: 8192
[    0.365548] x86/fpu: Enabled xstate features 0x602e7, context size is 10752 bytes, using 'compacted' format.
[    0.516682] Freeing SMP alternatives memory: 64K
[    0.516911] pid_max: default: 32768 minimum: 301
[    0.517651] LSM: initializing lsm=capability,yama,ima,evm
[    0.518315] Yama: becoming mindful.
[    0.519136] Mount-cache hash table entries: 4096 (order: 3, 32768 bytes, linear)
[    0.519901] Mountpoint-cache hash table entries: 4096 (order: 3, 32768 bytes, linear)
[    0.522518] Running RCU synchronous self tests
[    0.522986] Running RCU synchronous self tests
[    0.523757] smpboot: CPU0: Intel(R) Xeon(R) Gold 6414TDX (family: 0x6, model: 0x8f, stepping: 0x6)
[    0.524902] Performance Events: PEBS fmt0-, Sapphire Rapids events, full-width counters, Intel PMU driver.
[    0.524902] ... version:                   2
[    0.524902] ... bit width:                 48
[    0.524902] ... generic counters:          8
[    0.524912] ... generic bitmap:            00000000000000ff
[    0.525478] ... fixed-purpose counters:    4
[    0.525908] ... fixed-purpose bitmap:      000000000000000f
[    0.526470] ... value mask:                0000ffffffffffff
[    0.527029] ... max period:                00007fffffffffff
[    0.527591] ... global_ctrl mask:          0000000f000000ff
[    0.528648] signal: max sigframe size: 11952
[    0.529058] rcu: Hierarchical SRCU implementation.
[    0.529553] rcu: 	Max phase no-delay instances is 1000.
[    0.530301] Timer migration: 1 hierarchy levels; 8 children per group; 1 crossnode level
[    0.546180] smp: Bringing up secondary CPUs ...
[    0.547227] smpboot: x86: Booting SMP configuration:
[    0.547748] .... node  #0, CPUs:      #1
[    0.547999] smp: Brought up 1 node, 2 CPUs
[    0.549339] smpboot: Total of 2 processors activated (6800.00 BogoMIPS)
[    0.550700] Memory: 1591844K/2096632K available (79905K kernel code, 15395K rwdata, 18468K rodata, 16236K init, 21296K bss, 493180K reserved, 0K cma-reserved)
[    0.552912] devtmpfs: initialized
[    0.553970] x86/mm: Memory block size: 128MB
[    0.565794] Running RCU synchronous self tests
[    0.566284] Running RCU synchronous self tests
[    0.566833] Running RCU Tasks wait API self tests
[    0.566833] Running RCU Tasks Rude wait API self tests
[    0.566833] Running RCU Tasks Trace wait API self tests
[    0.584924] clocksource: jiffies: mask: 0xffffffff max_cycles: 0xffffffff, max_idle_ns: 7645041785100000 ns
[    0.585975] posixtimers hash table entries: 1024 (order: 4, 73728 bytes, linear)
[    0.588962] futex hash table entries: 512 (65536 bytes on 1 NUMA nodes, total 64 KiB, linear).
[    0.591196] pinctrl core: initialized pinctrl subsystem
[    0.593030] 
[    0.593200] *************************************************************
[    0.593893] **     NOTICE NOTICE NOTICE NOTICE NOTICE NOTICE NOTICE    **
[    0.594583] **                                                         **
[    0.595280] **  IOMMU DebugFS SUPPORT HAS BEEN ENABLED IN THIS KERNEL  **
[    0.595966] **                                                         **
[    0.596659] ** This means that this kernel is built to expose internal **
[    0.596908] ** IOMMU data structures, which may compromise security on **
[    0.597601] ** your system.                                            **
[    0.598286] **                                                         **
[    0.598971] ** If you see this message and you are not debugging the   **
[    0.599657] ** kernel, report this immediately to your vendor!         **
[    0.600376] **                                                         **
[    0.600907] **     NOTICE NOTICE NOTICE NOTICE NOTICE NOTICE NOTICE    **
[    0.601581] *************************************************************
[    0.602365] PM: RTC time: 12:29:23, date: 2025-12-02
[    0.605646] NET: Registered PF_NETLINK/PF_ROUTE protocol family
[    0.607770] DMA: preallocated 256 KiB GFP_KERNEL pool for atomic allocations
[    0.608511] DMA: preallocated 256 KiB GFP_KERNEL|GFP_DMA pool for atomic allocations
[    0.608927] DMA: preallocated 256 KiB GFP_KERNEL|GFP_DMA32 pool for atomic allocations
[    0.609817] audit: initializing netlink subsys (disabled)
[    0.610416] audit: type=2000 audit(1764678563.527:1): state=initialized audit_enabled=0 res=1
[    0.611183] thermal_sys: Registered thermal governor 'fair_share'
[    0.611195] thermal_sys: Registered thermal governor 'bang_bang'
[    0.611857] thermal_sys: Registered thermal governor 'step_wise'
[    0.612916] thermal_sys: Registered thermal governor 'user_space'
[    0.613579] cpuidle: using governor ladder
[    0.613959] cpuidle: using governor menu
[    0.613959] acpiphp: ACPI Hot Plug PCI Controller Driver version: 0.5
[    0.617026] PCI: Using configuration type 1 for base access
[    0.617919] kprobes: kprobe jump-optimization is enabled. All kprobes are optimized if possible.
[    0.644985] Callback from call_rcu_tasks_trace() invoked.
[    0.645621] HugeTLB: registered 1.00 GiB page size, pre-allocated 0 pages
[    0.646312] HugeTLB: 16380 KiB vmemmap can be freed for a 1.00 GiB page
[    0.646986] HugeTLB: registered 2.00 MiB page size, pre-allocated 0 pages
[    0.647682] HugeTLB: 28 KiB vmemmap can be freed for a 2.00 MiB page
[    0.786578] ACPI: Added _OSI(Module Device)
[    0.787021] ACPI: Added _OSI(Processor Device)
[    0.787479] ACPI: Added _OSI(Processor Aggregator Device)
[    0.804642] ACPI: 1 ACPI AML tables successfully acquired and loaded
[    0.817402] ACPI: Interpreter enabled
[    0.817953] ACPI: PM: (supports S0 S3 S4 S5)
[    0.818392] ACPI: Using IOAPIC for interrupt routing
[    0.819004] PCI: Using host bridge windows from ACPI; if necessary, use "pci=nocrs" and report a bug
[    0.819928] PCI: Using E820 reservations for host bridge windows
[    0.821855] ACPI: Enabled 2 GPEs in block 00 to 0F
[    0.863821] ACPI: PCI Root Bridge [PCI0] (domain 0000 [bus 00-ff])
[    0.864488] acpi PNP0A03:00: _OSC: OS supports [ASPM ClockPM Segments MSI EDR HPX-Type3]
[    0.864913] acpi PNP0A03:00: _OSC: not requesting OS control; OS requires [ExtendedConfig ASPM ClockPM MSI]
[    0.866053] acpi PNP0A03:00: fail to add MMCONFIG information, can't access extended configuration space under this bridge
[    0.872449] acpiphp: Slot [3] registered
[    0.873008] acpiphp: Slot [4] registered
[    0.873554] acpiphp: Slot [5] registered
[    0.874116] acpiphp: Slot [6] registered
[    0.874663] acpiphp: Slot [7] registered
[    0.875204] acpiphp: Slot [8] registered
[    0.875741] acpiphp: Slot [9] registered
[    0.876292] acpiphp: Slot [10] registered
[    0.876840] acpiphp: Slot [11] registered
[    0.877048] acpiphp: Slot [12] registered
[    0.877594] acpiphp: Slot [13] registered
[    0.878144] acpiphp: Slot [14] registered
[    0.878693] acpiphp: Slot [15] registered
[    0.879244] acpiphp: Slot [16] registered
[    0.879788] acpiphp: Slot [17] registered
[    0.880340] acpiphp: Slot [18] registered
[    0.880895] acpiphp: Slot [19] registered
[    0.881046] acpiphp: Slot [20] registered
[    0.881599] acpiphp: Slot [21] registered
[    0.882153] acpiphp: Slot [22] registered
[    0.882709] acpiphp: Slot [23] registered
[    0.883256] acpiphp: Slot [24] registered
[    0.883809] acpiphp: Slot [25] registered
[    0.884355] acpiphp: Slot [26] registered
[    0.884915] acpiphp: Slot [27] registered
[    0.885468] acpiphp: Slot [28] registered
[    0.886015] acpiphp: Slot [29] registered
[    0.886565] acpiphp: Slot [30] registered
[    0.887120] acpiphp: Slot [31] registered
[    0.887597] PCI host bridge to bus 0000:00
[    0.888070] pci_bus 0000:00: root bus resource [io  0x0000-0x0cf7 window]
[    0.888759] pci_bus 0000:00: root bus resource [io  0x0d00-0xffff window]
[    0.888911] pci_bus 0000:00: root bus resource [mem 0x000a0000-0x000bffff window]
[    0.889657] pci_bus 0000:00: root bus resource [mem 0x80000000-0xfebfffff window]
[    0.890412] pci_bus 0000:00: root bus resource [mem 0x100000000-0x17fffffff window]
[    0.891182] pci_bus 0000:00: root bus resource [bus 00-ff]
[    0.891841] pci 0000:00:00.0: [8086:1237] type 00 class 0x060000 conventional PCI endpoint
[    0.902201] pci 0000:00:01.0: [8086:7000] type 00 class 0x060100 conventional PCI endpoint
[    0.904472] pci 0000:00:01.1: [8086:7010] type 00 class 0x010180 conventional PCI endpoint
[    0.905484] pci 0000:00:01.1: BAR 4 [io  0xc040-0xc04f]
[    0.906049] pci 0000:00:01.1: BAR 0 [io  0x01f0-0x01f7]: legacy IDE quirk
[    0.906728] pci 0000:00:01.1: BAR 1 [io  0x03f6]: legacy IDE quirk
[    0.907343] pci 0000:00:01.1: BAR 2 [io  0x0170-0x0177]: legacy IDE quirk
[    0.908027] pci 0000:00:01.1: BAR 3 [io  0x0376]: legacy IDE quirk
[    0.909206] pci 0000:00:01.3: [8086:7113] type 00 class 0x068000 conventional PCI endpoint
[    0.910360] pci 0000:00:01.3: quirk: [io  0x0600-0x063f] claimed by PIIX4 ACPI
[    0.911092] pci 0000:00:01.3: quirk: [io  0x0700-0x070f] claimed by PIIX4 SMB
[    0.912363] pci 0000:00:02.0: [1234:1111] type 00 class 0x030000 conventional PCI endpoint
[    0.917983] pci 0000:00:02.0: BAR 0 [mem 0xfd000000-0xfdffffff pref]
[    0.918650] pci 0000:00:02.0: BAR 2 [mem 0xfebf0000-0xfebf0fff]
[    0.919270] pci 0000:00:02.0: ROM [mem 0xfebe0000-0xfebeffff pref]
[    0.919991] pci 0000:00:02.0: Video device with shadowed ROM at [mem 0x000c0000-0x000dffff]
[    0.929736] pci 0000:00:03.0: [8086:100e] type 00 class 0x020000 conventional PCI endpoint
[    0.931456] pci 0000:00:03.0: BAR 0 [mem 0xfebc0000-0xfebdffff]
[    0.932061] pci 0000:00:03.0: BAR 1 [io  0xc000-0xc03f]
[    0.932621] pci 0000:00:03.0: ROM [mem 0xfeb80000-0xfebbffff pref]
[    0.955265] ACPI: PCI: Interrupt link LNKA configured for IRQ 10
[    0.956889] ACPI: PCI: Interrupt link LNKB configured for IRQ 10
[    0.957874] ACPI: PCI: Interrupt link LNKC configured for IRQ 11
[    0.959770] ACPI: PCI: Interrupt link LNKD configured for IRQ 11
[    0.960807] ACPI: PCI: Interrupt link LNKS configured for IRQ 9
[    0.964903] iommu: Default domain type: Translated
[    0.964903] iommu: DMA domain TLB invalidation policy: lazy mode
[    0.967167] SCSI subsystem initialized
[    0.968903] ACPI: bus type USB registered
[    0.968903] usbcore: registered new interface driver usbfs
[    0.969008] usbcore: registered new interface driver hub
[    0.969616] usbcore: registered new device driver usb
[    0.970454] pps_core: LinuxPPS API ver. 1 registered
[    0.970958] pps_core: Software ver. 5.3.6 - Copyright 2005-2007 Rodolfo Giometti <giometti@linux.it>
[    0.971891] PTP clock support registered
[    0.974401] EDAC MC: Ver: 3.0.0
[    0.976247] NetLabel: Initializing
[    0.976621] NetLabel:  domain hash size = 128
[    0.976915] NetLabel:  protocols = UNLABELED CIPSOv4 CALIPSO
[    0.977632] NetLabel:  unlabeled traffic allowed by default
[    0.978660] PCI: Using ACPI for IRQ routing
[    0.979462] pci 0000:00:02.0: vgaarb: setting as boot VGA device
[    0.980074] pci 0000:00:02.0: vgaarb: bridge control possible
[    0.980643] pci 0000:00:02.0: vgaarb: VGA device added: decodes=io+mem,owns=io+mem,locks=none
[    0.980910] vgaarb: loaded
[    0.981613] hpet0: at MMIO 0xfed00000, IRQs 2, 8, 0
[    0.982126] hpet0: 3 comparators, 64-bit 100.000000 MHz counter
[    0.988903] clocksource: Switched to clocksource kvm-clock
[    0.993913] VFS: Disk quotas dquot_6.6.0
[    0.994388] VFS: Dquot-cache hash table entries: 512 (order 0, 4096 bytes)
[    0.996517] pnp: PnP ACPI init
[    1.000935] pnp: PnP ACPI: found 6 devices
[    1.021111] clocksource: acpi_pm: mask: 0xffffff max_cycles: 0xffffff, max_idle_ns: 2085701024 ns
[    1.022509] NET: Registered PF_INET protocol family
[    1.023280] IP idents hash table entries: 32768 (order: 6, 262144 bytes, linear)
[    1.025468] tcp_listen_portaddr_hash hash table entries: 1024 (order: 4, 73728 bytes, linear)
[    1.026381] Table-perturb hash table entries: 65536 (order: 6, 262144 bytes, linear)
[    1.027218] TCP established hash table entries: 16384 (order: 5, 131072 bytes, linear)
[    1.028367] TCP bind hash table entries: 16384 (order: 9, 2359296 bytes, linear)
[    1.030314] TCP: Hash tables configured (established 16384 bind 16384)
[    1.031107] UDP hash table entries: 1024 (order: 6, 262144 bytes, linear)
[    1.031866] UDP-Lite hash table entries: 1024 (order: 6, 262144 bytes, linear)
[    1.032974] NET: Registered PF_UNIX/PF_LOCAL protocol family
[    1.034337] RPC: Registered named UNIX socket transport module.
[    1.034955] RPC: Registered udp transport module.
[    1.035436] RPC: Registered tcp transport module.
[    1.035917] RPC: Registered tcp-with-tls transport module.
[    1.036469] RPC: Registered tcp NFSv4.1 backchannel transport module.
[    1.037127] pci_bus 0000:00: resource 4 [io  0x0000-0x0cf7 window]
[    1.037765] pci_bus 0000:00: resource 5 [io  0x0d00-0xffff window]
[    1.038386] pci_bus 0000:00: resource 6 [mem 0x000a0000-0x000bffff window]
[    1.039072] pci_bus 0000:00: resource 7 [mem 0x80000000-0xfebfffff window]
[    1.039764] pci_bus 0000:00: resource 8 [mem 0x100000000-0x17fffffff window]
[    1.040818] pci 0000:00:01.0: PIIX3: Enabling Passive Release
[    1.041411] pci 0000:00:00.0: Limiting direct PCI/PCI transfers
[    1.042108] PCI: CLS 0 bytes, default 64
[    1.042949] ACPI: bus type thunderbolt registered
[    1.043798] clocksource: tsc: mask: 0xffffffffffffffff max_cycles: 0x1881273ac8e, max_idle_ns: 440795257284 ns
[    1.045029] sgx: There are zero EPC sections.
[    3.389837] Callback from call_rcu_tasks() invoked.
[    3.390035] Initialise system trusted keyrings
[    3.390932] Key type blacklist registered
[    3.391600] workingset: timestamp_bits=36 max_order=19 bucket_order=0
[    3.394439] squashfs: version 4.0 (2009/01/31) Phillip Lougher
[    3.396403] NFS: Registering the id_resolver key type
[    3.396953] Key type id_resolver registered
[    3.397392] Key type id_legacy registered
[    3.397863] nfs4filelayout_init: NFSv4 File Layout Driver Registering...
[    3.398586] nfs4flexfilelayout_init: NFSv4 Flexfile Layout Driver Registering...
[    3.399658] fuse: init (API version 7.45)
[    3.400676] SGI XFS with ACLs, security attributes, realtime, quota, no debug enabled
[    3.402789] 9p: Installing v9fs 9p2000 file system support
[    3.418390] Key type asymmetric registered
[    3.418810] Asymmetric key parser 'x509' registered
[    3.419438] Block layer SCSI generic (bsg) driver version 0.4 loaded (major 241)
[    3.420397] io scheduler mq-deadline registered
[    3.420974] io scheduler bfq registered
[    3.421930] ledtrig-cpu: registered to indicate activity on CPUs
[    3.424004] IPMI message handler: version 39.2
[    3.424542] ipmi device interface
[    3.427224] input: Power Button as /devices/LNXSYSTM:00/LNXPWRBN:00/input/input0
[    3.428547] ACPI: button: Power Button [PWRF]
[    3.430520] ERST DBG: ERST support is disabled.
[    3.432337] Serial: 8250/16550 driver, 32 ports, IRQ sharing enabled
[    3.434141] 00:04: ttyS0 at I/O 0x3f8 (irq = 4, base_baud = 115200) is a 16550A
[    3.463409] Linux agpgart interface v0.103
[    3.466263] ACPI: bus type drm_connector registered
[    3.491329] brd: module loaded
[    3.506464] loop: module loaded
[    3.516262] scsi host0: ata_piix
[    3.517750] scsi host1: ata_piix
[    3.518599] ata1: PATA max MWDMA2 cmd 0x1f0 ctl 0x3f6 bmdma 0xc040 irq 14 lpm-pol 0
[    3.519371] ata2: PATA max MWDMA2 cmd 0x170 ctl 0x376 bmdma 0xc048 irq 15 lpm-pol 0
[    3.523261] tun: Universal TUN/TAP device driver, 1.6
[    3.524176] e100: Intel(R) PRO/100 Network Driver
[    3.524668] e100: Copyright(c) 1999-2006 Intel Corporation
[    3.525349] e1000: Intel(R) PRO/1000 Network Driver
[    3.525864] e1000: Copyright (c) 1999-2006 Intel Corporation.
[    3.673879] ata1: found unknown device (class 0)
[    3.674943] ata1.00: ATA-7: QEMU HARDDISK, 2.5+, max UDMA/100
[    3.675539] ata1.00: 17196647 sectors, multi 16: LBA48 
[    3.677145] scsi 0:0:0:0: Direct-Access     ATA      QEMU HARDDISK    2.5+ PQ: 0 ANSI: 5
[    3.677939] ata2: found unknown device (class 0)
[    3.679019] ata2.00: ATAPI: QEMU DVD-ROM, 2.5+, max UDMA/100
[    3.679694] scsi 0:0:0:0: Attached scsi generic sg0 type 0
[    3.681033] sd 0:0:0:0: [sda] 17196647 512-byte logical blocks: (8.80 GB/8.20 GiB)
[    3.681954] sd 0:0:0:0: [sda] Write Protect is off
[    3.682518] sd 0:0:0:0: [sda] Write cache: enabled, read cache: enabled, doesn't support DPO or FUA
[    3.683525] sd 0:0:0:0: [sda] Preferred minimum I/O size 512 bytes
[    3.685782] scsi 1:0:0:0: CD-ROM            QEMU     QEMU DVD-ROM     2.5+ PQ: 0 ANSI: 5
[    3.715210] scsi 1:0:0:0: Attached scsi generic sg1 type 5
[    3.717265] sd 0:0:0:0: [sda] Attached SCSI disk
[    4.324598] ACPI: \_SB_.LNKC: Enabled at IRQ 11
[    4.642254] e1000 0000:00:03.0 eth0: (PCI:33MHz:32-bit) 52:54:00:12:34:56
[    4.643002] e1000 0000:00:03.0 eth0: Intel(R) PRO/1000 Network Connection
[    4.643901] e1000e: Intel(R) PRO/1000 Network Driver
[    4.644434] e1000e: Copyright(c) 1999 - 2015 Intel Corporation.
[    4.645199] igb: Intel(R) Gigabit Ethernet Network Driver
[    4.645787] igb: Copyright (c) 2007-2014 Intel Corporation.
[    4.646747] PPP generic driver version 2.4.2
[    4.648389] VFIO - User Level meta-driver version: 0.3
[    4.650056] usbcore: registered new interface driver uas
[    4.650758] usbcore: registered new interface driver usb-storage
[    4.651645] i8042: PNP: PS/2 Controller [PNP0303:KBD,PNP0f13:MOU] at 0x60,0x64 irq 1,12
[    4.653427] serio: i8042 KBD port at 0x60,0x64 irq 1
[    4.654056] serio: i8042 AUX port at 0x60,0x64 irq 12
[    4.655810] mousedev: PS/2 mouse device common for all mice
[    4.658302] input: AT Translated Set 2 keyboard as /devices/platform/i8042/serio0/input/input1
[    4.659600] rtc_cmos 00:05: RTC can wake from S4
[    4.662725] input: VirtualPS/2 VMware VMMouse as /devices/platform/i8042/serio1/input/input4
[    4.663114] rtc_cmos 00:05: registered as rtc0
[    4.664605] rtc_cmos 00:05: setting system clock to 2025-12-02T12:29:27 UTC (1764678567)
[    4.665568] input: VirtualPS/2 VMware VMMouse as /devices/platform/i8042/serio1/input/input3
[    4.667280] rtc_cmos 00:05: alarms up to one day, y3k, 242 bytes nvram, hpet irqs
[    4.668450] i2c_dev: i2c /dev entries driver
[    4.669023] device-mapper: core: CONFIG_IMA_DISABLE_HTABLE is disabled. Duplicate IMA measurements will not be recorded in the IMA log.
[    4.670354] device-mapper: uevent: version 1.0.3
[    4.671252] device-mapper: ioctl: 4.50.0-ioctl (2025-04-28) initialised: dm-devel@lists.linux.dev
[    4.672173] intel_pstate: CPU model not supported
[    4.672888] sdhci: Secure Digital Host Controller Interface driver
[    4.673519] sdhci: Copyright(c) Pierre Ossman
[    4.674199] sdhci-pltfm: SDHCI platform and OF driver helper
[    4.675318] drop_monitor: Initializing network drop monitor service
[    4.676358] NET: Registered PF_INET6 protocol family
[    4.678469] Segment Routing with IPv6
[    4.678928] In-situ OAM (IOAM) with IPv6
[    4.679396] NET: Registered PF_PACKET protocol family
[    4.680145] 9pnet: Installing 9P2000 support
[    4.680721] Key type dns_resolver registered
[    4.682732] IPI shorthand broadcast: enabled
[    4.742077] sched_clock: Marking stable (4724005345, 17720031)->(4746652525, -4927149)
[    4.743727] registered taskstats version 1
[    4.744617] Loading compiled-in X.509 certificates
[    4.825034] Demotion targets for Node 0: null
[    4.826124] Key type .fscrypt registered
[    4.826542] Key type fscrypt-provisioning registered
[    4.830073] Key type encrypted registered
[    4.830583] ima: No TPM chip found, activating TPM-bypass!
[    4.831157] ima: Allocated hash algorithm: sha1
[    4.831663] ima: No architecture policies found
[    4.832258] evm: Initialising EVM extended attributes:
[    4.832777] evm: security.selinux
[    4.833115] evm: security.SMACK64
[    4.833456] evm: security.SMACK64EXEC
[    4.833870] evm: security.SMACK64TRANSMUTE
[    4.834337] evm: security.SMACK64MMAP
[    4.834704] evm: security.apparmor
[    4.835048] evm: security.ima
[    4.835354] evm: security.capability
[    4.835715] evm: HMAC attrs: 0x1
[    4.838547] PM:   Magic number: 5:385:480
[    4.839762] RAS: Correctable Errors collector initialized.
[    4.840739] clk: Disabling unused clocks
[    4.841251] PM: genpd: Disabling unused power domains
[    4.842400] check access for rdinit=/init failed: -2, ignoring
[    4.842795] md: Waiting for all devices to be available before autodetect
[    4.843241] md: If you don't use raid, use raid=noautodetect
[    4.843622] md: Autodetecting RAID arrays.
[    4.843903] md: autorun ...
[    4.844096] md: ... autorun DONE.
[    4.849591] EXT4-fs (sda): INFO: recovery required on readonly filesystem
[    4.850110] EXT4-fs (sda): write access will be enabled during recovery
[    4.914030] EXT4-fs (sda): recovery complete
[    4.915687] EXT4-fs (sda): mounted filesystem 088740a9-c8b4-422c-999d-a804eb68a4da ro with ordered data mode. Quota mode: none.
[    4.916533] VFS: Mounted root (ext4 filesystem) readonly on device 8:0.
[    4.918920] devtmpfs: mounted
[    4.940982] Freeing unused decrypted memory: 2036K
[    4.946611] Freeing unused kernel image (initmem) memory: 16236K
[    4.947194] Write protecting the kernel read-only data: 102400k
[    4.950732] Freeing unused kernel image (text/rodata gap) memory: 2012K
[    4.952589] Freeing unused kernel image (rodata/data gap) memory: 2012K
[    5.968008] x86/mm: Checked W+X mappings: passed, no W+X pages found.
[    5.968536] Run /sbin/init as init process
[    6.102368] systemd[1]: systemd 252-15.el9 running in system mode (+PAM +AUDIT +SELINUX -APPARMOR +IMA +SMACK +SECCOMP +GCRYPT +GNUTLS +OPENSSL +ACL +BLKID +CURL +ELFUTILS -FIDO2 +IDN2 -IDN -IPTC +KMOD +LIBCRYPTSETUP +LIBFDISK +PCRE2 -PWQUALITY +P11KIT -QRENCODE +TPM2 +BZIP2 +LZ4 +XZ +ZLIB +ZSTD -BPF_FRAMEWORK +XKBCOMMON +UTMP +SYSVINIT default-hierarchy=unified)
[    6.104424] systemd[1]: Detected virtualization kvm.
[    6.104765] systemd[1]: Detected architecture x86-64.

Welcome to [0;31mCentOS Stream 9[0m!

[    6.108993] systemd[1]: Hostname set to <test>.
[    6.410027] systemd-rc-local-generator[123]: /etc/rc.d/rc.local is not marked executable, skipping.
[    6.645895] systemd[1]: Queued start job for default target Multi-User System.
[    6.680249] systemd[1]: Created slice Virtual Machine and Container Slice.
[[0;32m  OK  [0m] Created slice [0;1;39mVirtual Machine and Container Slice[0m.
[    6.685589] systemd[1]: Created slice Slice /system/getty.
[[0;32m  OK  [0m] Created slice [0;1;39mSlice /system/getty[0m.
[    6.688498] systemd[1]: Created slice Slice /system/modprobe.
[[0;32m  OK  [0m] Created slice [0;1;39mSlice /system/modprobe[0m.
[    6.691434] systemd[1]: Created slice Slice /system/serial-getty.
[[0;32m  OK  [0m] Created slice [0;1;39mSlice /system/serial-getty[0m.
[    6.694544] systemd[1]: Created slice Slice /system/sshd-keygen.
[[0;32m  OK  [0m] Created slice [0;1;39mSlice /system/sshd-keygen[0m.
[    6.697223] systemd[1]: Created slice User and Session Slice.
[[0;32m  OK  [0m] Created slice [0;1;39mUser and Session Slice[0m.
[    6.698589] systemd[1]: Started Forward Password Requests to Wall Directory Watch.
[[0;32m  OK  [0m] Started [0;1;39mForward Password R…uests to Wall Directory Watch[0m.
[    6.700741] systemd[1]: Set up automount Arbitrary Executable File Formats File System Automount Point.
[[0;32m  OK  [0m] Set up automount [0;1;39mArbitrary…s File System Automount Point[0m.
[    6.702250] systemd[1]: Reached target Local Integrity Protected Volumes.
[[0;32m  OK  [0m] Reached target [0;1;39mLocal Integrity Protected Volumes[0m.
[    6.703456] systemd[1]: Reached target Slice Units.
[[0;32m  OK  [0m] Reached target [0;1;39mSlice Units[0m.
[    6.704355] systemd[1]: Reached target Swaps.
[[0;32m  OK  [0m] Reached target [0;1;39mSwaps[0m.
[    6.705184] systemd[1]: Reached target Local Verity Protected Volumes.
[[0;32m  OK  [0m] Reached target [0;1;39mLocal Verity Protected Volumes[0m.
[    6.706651] systemd[1]: Listening on Device-mapper event daemon FIFOs.
[[0;32m  OK  [0m] Listening on [0;1;39mDevice-mapper event daemon FIFOs[0m.
[    6.708334] systemd[1]: Listening on LVM2 poll daemon socket.
[[0;32m  OK  [0m] Listening on [0;1;39mLVM2 poll daemon socket[0m.
[    6.709513] systemd[1]: multipathd control socket was skipped because of an unmet condition check (ConditionPathExists=/etc/multipath.conf).
[    6.754593] systemd[1]: Listening on RPCbind Server Activation Socket.
[[0;32m  OK  [0m] Listening on [0;1;39mRPCbind Server Activation Socket[0m.
[    6.755887] systemd[1]: Reached target RPC Port Mapper.
[[0;32m  OK  [0m] Reached target [0;1;39mRPC Port Mapper[0m.
[    6.759087] systemd[1]: Listening on Process Core Dump Socket.
[[0;32m  OK  [0m] Listening on [0;1;39mProcess Core Dump Socket[0m.
[    6.760533] systemd[1]: Listening on initctl Compatibility Named Pipe.
[[0;32m  OK  [0m] Listening on [0;1;39minitctl Compatibility Named Pipe[0m.
[    6.762327] systemd[1]: Listening on Journal Socket (/dev/log).
[[0;32m  OK  [0m] Listening on [0;1;39mJournal Socket (/dev/log)[0m.
[    6.763967] systemd[1]: Listening on Journal Socket.
[[0;32m  OK  [0m] Listening on [0;1;39mJournal Socket[0m.
[    6.765558] systemd[1]: Listening on udev Control Socket.
[[0;32m  OK  [0m] Listening on [0;1;39mudev Control Socket[0m.
[    6.766960] systemd[1]: Listening on udev Kernel Socket.
[[0;32m  OK  [0m] Listening on [0;1;39mudev Kernel Socket[0m.
[    6.773401] systemd[1]: Mounting Huge Pages File System...
         Mounting [0;1;39mHuge Pages File System[0m...
[    6.779299] systemd[1]: Mounting POSIX Message Queue File System...
         Mounting [0;1;39mPOSIX Message Queue File System[0m...
[    6.786512] systemd[1]: Mounting Kernel Debug File System...
         Mounting [0;1;39mKernel Debug File System[0m...
[    6.797995] systemd[1]: Mounting Kernel Trace File System...
         Mounting [0;1;39mKernel Trace File System[0m...
[    6.800428] systemd[1]: Kernel Module supporting RPCSEC_GSS was skipped because of an unmet condition check (ConditionPathExists=/etc/krb5.keytab).
[    6.801438] systemd[1]: Create List of Static Device Nodes was skipped because of an unmet condition check (ConditionFileNotEmpty=/lib/modules/6.18.0-rc3-73fd0dba0beb+/modules.devname).
[    6.808543] systemd[1]: Starting Monitoring of LVM2 mirrors, snapshots etc. using dmeventd or progress polling...
         Starting [0;1;39mMonitoring of LVM…meventd or progress polling[0m...
[    6.815932] systemd[1]: Starting Load Kernel Module configfs...
         Starting [0;1;39mLoad Kernel Module configfs[0m...
[    6.827498] systemd[1]: Starting Load Kernel Module drm...
         Starting [0;1;39mLoad Kernel Module drm[0m...
[    6.840124] systemd[1]: Starting Load Kernel Module fuse...
         Starting [0;1;39mLoad Kernel Module fuse[0m...
[    6.854035] systemd[1]: Starting Read and set NIS domainname from /etc/sysconfig/network...
         Starting [0;1;39mRead and set NIS …from /etc/sysconfig/network[0m...
[    6.878292] systemd[1]: Starting Journal Service...
         Starting [0;1;39mJournal Service[0m...
[    6.894585] systemd[1]: Starting Load Kernel Modules...
         Starting [0;1;39mLoad Kernel Modules[0m...
[    6.902069] systemd[1]: Starting Generate network units from Kernel command line...
         Starting [0;1;39mGenerate network …ts from Kernel command line[0m...
[    6.912168] systemd[1]: Starting Remount Root and Kernel File Systems...
         Starting [0;1;39mRemount Root and Kernel File Systems[0m...
[    6.918089] systemd[1]: Repartition Root Disk was skipped because no trigger condition checks were met.
[    6.942156] systemd[1]: Starting Coldplug All udev Devices...
         Starting [0;1;39mColdplug All udev Devices[0m...
[    6.963691] systemd[1]: Mounted Huge Pages File System.
[[0;32m  OK  [0m] Mounted [0;1;39mHuge Pages File System[0m.
[    6.970445] systemd[1]: Mounted POSIX Message Queue File System.
[[0;32m  OK  [0m] Mounted [0;1;39mPOSIX Message Queue File System[0m.
[    6.972069] systemd[1]: Mounted Kernel Debug File System.
[[0;32m  OK  [0m] Mounted [0;1;39mKernel Debug File System[0m.
[    6.973529] systemd[1]: Mounted Kernel Trace File System.
[[0;32m  OK  [0m] Mounted [0;1;39mKernel Trace File System[0m.
[    6.980465] systemd[1]: Finished Monitoring of LVM2 mirrors, snapshots etc. using dmeventd or progress polling.
[[0;32m  OK  [0m] Finished [0;1;39mMonitoring of LVM… dmeventd or progress polling[0m.
[    6.986528] systemd[1]: modprobe@configfs.service: Deactivated successfully.
[    6.988047] systemd[1]: Finished Load Kernel Module configfs.
[[0;32m  OK  [0m] Finished [0;1;39mLoad Kernel Module configfs[0m.
[    6.990541] systemd[1]: modprobe@drm.service: Deactivated successfully.
[    6.991975] systemd[1]: Finished Load Kernel Module drm.
[[0;32m  OK  [0m] Finished [0;1;39mLoad Kernel Module drm[0m.
[    6.996019] EXT4-fs (sda): re-mounted 088740a9-c8b4-422c-999d-a804eb68a4da r/w.
[    7.002203] systemd[1]: modprobe@fuse.service: Deactivated successfully.
[    7.008245] systemd[1]: Finished Load Kernel Module fuse.
[[0;32m  OK  [0m] Finished [0;1;39mLoad Kernel Module fuse[0m.
[    7.016584] systemd[1]: Finished Read and set NIS domainname from /etc/sysconfig/network.
[[0;32m  OK  [0m] Finished [0;1;39mRead and set NIS …e from /etc/sysconfig/network[0m.
[    7.022570] systemd[1]: systemd-modules-load.service: Main process exited, code=exited, status=1/FAILURE
[    7.023967] systemd[1]: systemd-modules-load.service: Failed with result 'exit-code'.
[    7.029825] systemd[1]: Failed to start Load Kernel Modules.
[[0;1;31mFAILED[0m] Failed to start [0;1;39mLoad Kernel Modules[0m.
See 'systemctl status systemd-modules-load.service' for details.
[    7.032835] systemd[1]: Finished Generate network units from Kernel command line.
[[0;32m  OK  [0m] Finished [0;1;39mGenerate network units from Kernel command line[0m.
[    7.038403] systemd[1]: Started Journal Service.
[[0;32m  OK  [0m] Started [0;1;39mJournal Service[0m.
[[0;32m  OK  [0m] Finished [0;1;39mRemount Root and Kernel File Systems[0m.
[[0;32m  OK  [0m] Reached target [0;1;39mPreparation for Network[0m.
         Mounting [0;1;39mFUSE Control File System[0m...
         Mounting [0;1;39mKernel Configuration File System[0m...
         Starting [0;1;39mFlush Journal to Persistent Storage[0m...
         Starting [0;1;39mLoad/Save Random Seed[0m...
         Starting [0;1;39mApply Kernel Variables[0m...
[    7.125954] systemd-journald[141]: Received client request to flush runtime journal.
         Starting [0;1;39mCreate Static Device Nodes in /dev[0m...
         Starting [0;1;39mSetup Virtual Console[0m...
[[0;32m  OK  [0m] Mounted [0;1;39mFUSE Control File System[0m.
[[0;32m  OK  [0m] Mounted [0;1;39mKernel Configuration File System[0m.
[[0;32m  OK  [0m] Finished [0;1;39mFlush Journal to Persistent Storage[0m.
[[0;32m  OK  [0m] Finished [0;1;39mLoad/Save Random Seed[0m.
[[0;32m  OK  [0m] Finished [0;1;39mApply Kernel Variables[0m.
[[0;32m  OK  [0m] Finished [0;1;39mCreate Static Device Nodes in /dev[0m.
         Starting [0;1;39mRule-based Manage…for Device Events and Files[0m...
[[0;32m  OK  [0m] Started [0;1;39mRule-based Manager for Device Events and Files[0m.
         Starting [0;1;39mAuto-connect to s…E devices found during boot[0m...
[[0;32m  OK  [0m] Finished [0;1;39mAuto-connect to s…VME devices found during boot[0m.
[[0;32m  OK  [0m] Finished [0;1;39mSetup Virtual Console[0m.
[[0;32m  OK  [0m] Finished [0;1;39mColdplug All udev Devices[0m.
         Starting [0;1;39mShow Plymouth Boot Screen[0m...
         Starting [0;1;39mWait for udev To …plete Device Initialization[0m...
[2J[3J[-1;-1f[[0;32m  OK  [0m] Started [0;1;39mShow Plymouth Boot Screen[0m.
[[0;32m  OK  [0m] Started [0;1;39mForward Password R…s to Plymouth Directory Watch[0m.
[[0;32m  OK  [0m] Reached target [0;1;39mLocal Encrypted Volumes[0m.
[[0;32m  OK  [0m] Reached target [0;1;39mPath Units[0m.
[[0;32m  OK  [0m] Found device [0;1;39m/dev/ttyS0[0m.
[[0;32m  OK  [0m] Listening on [0;1;39mLoad/Save RF …itch Status /dev/rfkill Watch[0m.
[[0;32m  OK  [0m] Finished [0;1;39mWait for udev To Complete Device Initialization[0m.
[[0;32m  OK  [0m] Reached target [0;1;39mPreparation for Local File Systems[0m.
[[0;32m  OK  [0m] Reached target [0;1;39mLocal File Systems[0m.
         Starting [0;1;39mTell Plymouth To Write Out Runtime Data[0m...
         Starting [0;1;39mAutomatic Boot Loader Update[0m...
         Starting [0;1;39mCreate Volatile Files and Directories[0m...
[[0;32m  OK  [0m] Finished [0;1;39mTell Plymouth To Write Out Runtime Data[0m.
[[0;32m  OK  [0m] Finished [0;1;39mAutomatic Boot Loader Update[0m.
[[0;32m  OK  [0m] Finished [0;1;39mCreate Volatile Files and Directories[0m.
         Mounting [0;1;39mRPC Pipe File System[0m...
         Starting [0;1;39mSecurity Auditing Service[0m...
         Starting [0;1;39mRPC Bind[0m...
[[0;32m  OK  [0m] Mounted [0;1;39mRPC Pipe File System[0m.
[[0;32m  OK  [0m] Reached target [0;1;39mrpc_pipefs.target[0m.
[[0;32m  OK  [0m] Started [0;1;39mRPC Bind[0m.
[[0;32m  OK  [0m] Started [0;1;39mSecurity Auditing Service[0m.
         Starting [0;1;39mRecord System Boot/Shutdown in UTMP[0m...
[[0;32m  OK  [0m] Finished [0;1;39mRecord System Boot/Shutdown in UTMP[0m.
[[0;32m  OK  [0m] Reached target [0;1;39mSystem Initialization[0m.
[[0;32m  OK  [0m] Started [0;1;39mDaily rotation of log files[0m.
[[0;32m  OK  [0m] Started [0;1;39mUpdates mlocate database every day[0m.
[[0;32m  OK  [0m] Started [0;1;39mDaily Cleanup of Temporary Directories[0m.
[[0;32m  OK  [0m] Started [0;1;39mdaily update of the root trust anchor for DNSSEC[0m.
[[0;32m  OK  [0m] Reached target [0;1;39mTimer Units[0m.
[[0;32m  OK  [0m] Listening on [0;1;39mD-Bus System Message Bus Socket[0m.
[[0;32m  OK  [0m] Listening on [0;1;39mOpen-iSCSI iscsid Socket[0m.
[[0;32m  OK  [0m] Listening on [0;1;39mOpen-iSCSI iscsiuio Socket[0m.
[[0;32m  OK  [0m] Listening on [0;1;39mSSSD Kerberos…ache Manager responder socket[0m.
[[0;32m  OK  [0m] Listening on [0;1;39mLibvirt interface local socket[0m.
[[0;32m  OK  [0m] Listening on [0;1;39mVirtual machine lock manager socket[0m.
[[0;32m  OK  [0m] Listening on [0;1;39mVirtual machine log manager socket[0m.
[[0;32m  OK  [0m] Listening on [0;1;39mLibvirt network local socket[0m.
[[0;32m  OK  [0m] Listening on [0;1;39mLibvirt nodedev local socket[0m.
[[0;32m  OK  [0m] Listening on [0;1;39mLibvirt nwfilter local socket[0m.
[[0;32m  OK  [0m] Listening on [0;1;39mLibvirt proxy local socket[0m.
[[0;32m  OK  [0m] Listening on [0;1;39mLibvirt qemu local socket[0m.
[[0;32m  OK  [0m] Listening on [0;1;39mLibvirt qemu admin socket[0m.
[[0;32m  OK  [0m] Listening on [0;1;39mLibvirt qemu local read-only socket[0m.
[[0;32m  OK  [0m] Listening on [0;1;39mLibvirt secret local socket[0m.
[[0;32m  OK  [0m] Listening on [0;1;39mLibvirt storage local socket[0m.
[[0;32m  OK  [0m] Reached target [0;1;39mSocket Units[0m.
         Starting [0;1;39mD-Bus System Message Bus[0m...
[[0;32m  OK  [0m] Started [0;1;39mD-Bus System Message Bus[0m.
[[0;32m  OK  [0m] Reached target [0;1;39mBasic System[0m.
         Starting [0;1;39mNetwork Manager[0m...
         Starting [0;1;39mNTP client/server[0m...
         Starting [0;1;39mRestore /run/initramfs on shutdown[0m...
[[0;32m  OK  [0m] Started [0;1;39mirqbalance daemon[0m.
[[0;32m  OK  [0m] Started [0;1;39mlibstoragemgmt plug-in server daemon[0m.
[[0;32m  OK  [0m] Started [0;1;39mMachine Check Exception Logging Daemon[0m.
[[0;32m  OK  [0m] Reached target [0;1;39msshd-keygen.target[0m.
[[0;32m  OK  [0m] Reached target [0;1;39mUser and Group Name Lookups[0m.
         Starting [0;1;39mUser Login Management[0m...
         Starting [0;1;39mVirtual Machine a…tainer Registration Service[0m...
[[0;32m  OK  [0m] Finished [0;1;39mRestore /run/initramfs on shutdown[0m.
         Starting [0;1;39mHostname Service[0m...
[[0;32m  OK  [0m] Started [0;1;39mVirtual Machine an…ontainer Registration Service[0m.
[[0;32m  OK  [0m] Started [0;1;39mNTP client/server[0m.
[[0;32m  OK  [0m] Started [0;1;39mUser Login Management[0m.
[[0;32m  OK  [0m] Started [0;1;39mHostname Service[0m.
         Starting [0;1;39mNetwork Manager Script Dispatcher Service[0m...
[   10.309952] e1000: eth0 NIC Link is Up 1000 Mbps Full Duplex, Flow Control: RX
[[0;32m  OK  [0m] Started [0;1;39mNetwork Manager Script Dispatcher Service[0m.
[[0;32m  OK  [0m] Started [0;1;39mNetwork Manager[0m.
[[0;32m  OK  [0m] Reached target [0;1;39mNetwork[0m.
[[0;32m  OK  [0m] Reached target [0;1;39mNetwork is Online[0m.
         Starting [0;1;39mGSSAPI Proxy Daemon[0m...
         Starting [0;1;39mNotify NFS peers of a restart[0m...
         Starting [0;1;39mSystem Logging Service[0m...
         Starting [0;1;39mOpenSSH server daemon[0m...
         Starting [0;1;39mDynamic System Tuning Daemon[0m...
[[0;32m  OK  [0m] Started [0;1;39mGSSAPI Proxy Daemon[0m.
[[0;32m  OK  [0m] Started [0;1;39mNotify NFS peers of a restart[0m.
[[0;32m  OK  [0m] Reached target [0;1;39mNFS client services[0m.
[[0;32m  OK  [0m] Reached target [0;1;39mPreparation for Remote File Systems[0m.
[[0;32m  OK  [0m] Reached target [0;1;39mRemote File Systems[0m.
         Starting [0;1;39mPermit User Sessions[0m...
         Starting [0;1;39mVirtualization qemu daemon[0m...
[[0;32m  OK  [0m] Started [0;1;39mOpenSSH server daemon[0m.
[[0;32m  OK  [0m] Finished [0;1;39mPermit User Sessions[0m.
[[0;32m  OK  [0m] Started [0;1;39mDeferred execution scheduler[0m.
[[0;32m  OK  [0m] Started [0;1;39mCommand Scheduler[0m.
         Starting [0;1;39mHold until boot process finishes up[0m...
         Starting [0;1;39mTerminate Plymouth Boot Screen[0m...
[[0;32m  OK  [0m] Started [0;1;39mVirtualization qemu daemon[0m.

CentOS Stream 9
Kernel 6.18.0-rc3-73fd0dba0beb+ on an x86_64

Activate the web console with: systemctl enable --now cockpit.socket

test login: [   17.338823] tpm tpm0: Operation Canceled
[   17.359422] tpm tpm0: Operation Canceled
[   17.380493] tpm tpm0: Operation Canceled
[   17.401461] tpm tpm0: Operation Canceled
[   17.422386] tpm tpm0: Operation Canceled
[   17.443306] tpm tpm0: Operation Canceled
[   17.464238] tpm tpm0: Operation Canceled
[   17.474791] tpm tpm0: Operation Canceled
[   17.495624] tpm tpm0: Operation Canceled
[   17.516674] tpm tpm0: Operation Canceled
[   17.537611] tpm tpm0: Operation Canceled
[   17.558652] tpm tpm0: Operation Canceled
[   17.580012] tpm tpm0: Operation Canceled
[   17.600504] tpm tpm0: Operation Canceled
[   17.621442] tpm tpm0: Operation Canceled
[   17.642435] tpm tpm0: Operation Canceled
[   17.663589] tpm tpm0: Operation Canceled
[   17.685013] tpm tpm0: Operation Canceled
[   17.705588] tpm tpm0: Operation Canceled
[   17.726975] tpm tpm0: Operation Canceled
[   17.747590] tpm tpm0: Operation Canceled
[   17.768523] tpm tpm0: Operation Canceled
[   17.789506] tpm tpm0: Operation Canceled
[   17.810443] tpm tpm0: Operation Canceled
[   17.831484] tpm tpm0: Operation Canceled
[   17.852536] tpm tpm0: Operation Canceled
[   17.873518] tpm tpm0: Operation Canceled
[   17.894883] tpm tpm0: Operation Canceled
[   17.915837] tpm tpm0: Operation Canceled
[   17.936784] tpm tpm0: Operation Canceled
[   17.957751] tpm tpm0: Operation Canceled
[   17.978736] tpm tpm0: Operation Canceled
[   17.999667] tpm tpm0: Operation Canceled
[   18.020608] tpm tpm0: Operation Canceled
[   18.041754] tpm tpm0: Operation Canceled
[   18.063031] tpm tpm0: Operation Canceled
[   18.083919] tpm tpm0: Operation Canceled
[   18.104926] tpm tpm0: Operation Canceled
[   18.125750] tpm tpm0: Operation Canceled
[   18.147274] tpm tpm0: Operation Canceled
[   18.167892] tpm tpm0: Operation Canceled
[   18.188892] tpm tpm0: Operation Canceled
[   18.209752] tpm tpm0: Operation Canceled
[   18.231046] tpm tpm0: Operation Canceled
[   18.251842] tpm tpm0: Operation Canceled
[   18.272819] tpm tpm0: Operation Canceled
[   18.293756] tpm tpm0: Operation Canceled
[   18.314806] tpm tpm0: Operation Canceled
[   18.335809] tpm tpm0: Operation Canceled
[   18.357010] tpm tpm0: Operation Canceled
[   18.377754] tpm tpm0: Operation Canceled
[   18.399004] tpm tpm0: Operation Canceled
[   18.419895] tpm tpm0: Operation Canceled
[   18.440916] tpm tpm0: Operation Canceled
[   18.461783] tpm tpm0: Operation Canceled
[   18.483071] tpm tpm0: Operation Canceled
[   18.504199] tpm tpm0: Operation Canceled
[   18.525127] tpm tpm0: Operation Canceled
[   18.546172] tpm tpm0: Operation Canceled
[   18.567138] tpm tpm0: Operation Canceled
[   18.588072] tpm tpm0: Operation Canceled
[   18.609135] tpm tpm0: Operation Canceled
[   18.630072] tpm tpm0: Operation Canceled
[   18.651412] tpm tpm0: Operation Canceled
[   18.672030] tpm tpm0: Operation Canceled
[   18.693022] tpm tpm0: Operation Canceled
[   18.713758] tpm tpm0: Operation Canceled
[   18.734977] tpm tpm0: Operation Canceled
[   18.755928] tpm tpm0: Operation Canceled
[   18.776947] tpm tpm0: Operation Canceled
[   18.797757] tpm tpm0: Operation Canceled
[   18.818826] tpm tpm0: Operation Canceled
[   18.840075] tpm tpm0: Operation Canceled
[   18.861063] tpm tpm0: Operation Canceled
[   18.881753] tpm tpm0: Operation Canceled
[   18.903215] tpm tpm0: Operation Canceled
[   18.923966] tpm tpm0: Operation Canceled
[   18.944974] tpm tpm0: Operation Canceled
[   18.965761] tpm tpm0: Operation Canceled
[   18.986954] tpm tpm0: Operation Canceled
[   19.007770] tpm tpm0: Operation Canceled
[   19.029112] tpm tpm0: Operation Canceled
[   19.050203] tpm tpm0: Operation Canceled
[   19.071376] tpm tpm0: Operation Canceled
[   19.092134] tpm tpm0: Operation Canceled
[   19.113397] tpm tpm0: Operation Canceled
[   19.134351] tpm tpm0: Operation Canceled
[   19.155751] tpm tpm0: Operation Canceled
[   19.176337] tpm tpm0: Operation Canceled
[   19.197310] tpm tpm0: Operation Canceled
[   19.218240] tpm tpm0: Operation Canceled
[   19.239232] tpm tpm0: Operation Canceled
[   19.260391] tpm tpm0: Operation Canceled
[   19.281487] tpm tpm0: Operation Canceled
[   19.302429] tpm tpm0: Operation Canceled
[   19.323701] tpm tpm0: Operation Canceled
[   19.344664] tpm tpm0: Operation Canceled
[   19.365755] tpm tpm0: Operation Canceled
[   19.386721] tpm tpm0: Operation Canceled
[   19.407698] tpm tpm0: Operation Canceled
[   19.428675] tpm tpm0: Operation Canceled
[   19.449583] tpm tpm0: Operation Canceled
[   19.470906] tpm tpm0: Operation Canceled
[   19.491830] tpm tpm0: Operation Canceled
[   19.512752] tpm tpm0: Operation Canceled
[   19.533752] tpm tpm0: Operation Canceled
[   19.554786] tpm tpm0: Operation Canceled
[   19.575777] tpm tpm0: Operation Canceled
[   19.596785] tpm tpm0: Operation Canceled
[   19.618115] tpm tpm0: Operation Canceled
[   19.639235] tpm tpm0: Operation Canceled
[   19.660244] tpm tpm0: Operation Canceled
[   19.670805] tpm tpm0: Operation Canceled
[   19.691734] tpm tpm0: Operation Canceled
[   19.712703] tpm tpm0: Operation Canceled
[   19.733683] tpm tpm0: Operation Canceled
[   19.754662] tpm tpm0: Operation Canceled
[   19.765048] tpm tpm0: Operation Canceled
[   19.786196] tpm tpm0: Operation Canceled
[   19.807194] tpm tpm0: Operation Canceled
[   19.828135] tpm tpm0: Operation Canceled
[   19.849094] tpm tpm0: Operation Canceled
[   19.870134] tpm tpm0: Operation Canceled
[   19.891269] tpm tpm0: Operation Canceled
[   19.912032] tpm tpm0: Operation Canceled
[   19.933008] tpm tpm0: Operation Canceled
[   19.954248] tpm tpm0: Operation Canceled
[   19.975576] tpm tpm0: Operation Canceled
[   19.996573] tpm tpm0: Operation Canceled
[   20.017538] tpm tpm0: Operation Canceled
[   20.048906] tpm tpm0: Operation Canceled
[   20.070322] tpm tpm0: Operation Canceled
[   20.091246] tpm tpm0: Operation Canceled
[   20.112250] tpm tpm0: Operation Canceled
[   20.133230] tpm tpm0: Operation Canceled
[   20.154229] tpm tpm0: Operation Canceled
[   20.175644] tpm tpm0: Operation Canceled
[   20.196280] tpm tpm0: Operation Canceled
[   20.217233] tpm tpm0: Operation Canceled
[   20.238528] tpm tpm0: Operation Canceled
[   20.259603] tpm tpm0: Operation Canceled
[   20.280527] tpm tpm0: Operation Canceled
[   20.301495] tpm tpm0: Operation Canceled
[   20.322501] tpm tpm0: Operation Canceled
[   20.343549] tpm tpm0: Operation Canceled
[   20.364575] tpm tpm0: Operation Canceled
[   20.385605] tpm tpm0: Operation Canceled
[   20.406838] tpm tpm0: Operation Canceled
[   20.427806] tpm tpm0: Operation Canceled
[   20.448775] tpm tpm0: Operation Canceled
[   20.480290] tpm tpm0: Operation Canceled
[   20.501265] tpm tpm0: Operation Canceled
[   20.522291] tpm tpm0: Operation Canceled
[   20.543309] tpm tpm0: Operation Canceled
[   20.564456] tpm tpm0: Operation Canceled
[   20.585753] tpm tpm0: Operation Canceled
[   20.606461] tpm tpm0: Operation Canceled
[   20.627476] tpm tpm0: Operation Canceled
[   20.648475] tpm tpm0: Operation Canceled
[   20.669477] tpm tpm0: Operation Canceled
[   20.690483] tpm tpm0: Operation Canceled
[   20.711526] tpm tpm0: Operation Canceled
[   20.732474] tpm tpm0: Operation Canceled
[   20.753738] tpm tpm0: Operation Canceled
[   20.774457] tpm tpm0: Operation Canceled
[   20.795481] tpm tpm0: Operation Canceled
[   20.816518] tpm tpm0: Operation Canceled
[   20.837471] tpm tpm0: Operation Canceled
[   20.858453] tpm tpm0: Operation Canceled
[   20.879499] tpm tpm0: Operation Canceled
[   20.900498] tpm tpm0: Operation Canceled
[   20.921753] tpm tpm0: Operation Canceled
[   20.942460] tpm tpm0: Operation Canceled
[   20.963535] tpm tpm0: Operation Canceled
[   20.984535] tpm tpm0: Operation Canceled
[   21.005510] tpm tpm0: Operation Canceled
[   21.026524] tpm tpm0: Operation Canceled
[   21.047536] tpm tpm0: Operation Canceled
[   21.068541] tpm tpm0: Operation Canceled
[   21.089544] tpm tpm0: Operation Canceled
[   21.110497] tpm tpm0: Operation Canceled
[   21.131927] tpm tpm0: Operation Canceled
[   21.152892] tpm tpm0: Operation Canceled
[   21.184425] tpm tpm0: Operation Canceled
[   21.205385] tpm tpm0: Operation Canceled
[   21.226418] tpm tpm0: Operation Canceled
[   21.247469] tpm tpm0: Operation Canceled
[   21.268648] tpm tpm0: Operation Canceled
[   21.289587] tpm tpm0: Operation Canceled
[   21.310547] tpm tpm0: Operation Canceled
[   21.331684] tpm tpm0: Operation Canceled
[   21.352706] tpm tpm0: Operation Canceled
[   21.373752] tpm tpm0: Operation Canceled
[   21.394827] tpm tpm0: Operation Canceled
[   21.415793] tpm tpm0: Operation Canceled
[   21.436770] tpm tpm0: Operation Canceled
[   21.447348] tpm tpm0: Operation Canceled
[   21.468330] tpm tpm0: Operation Canceled
[   21.489267] tpm tpm0: Operation Canceled
[   21.510303] tpm tpm0: Operation Canceled
[   21.531346] tpm tpm0: Operation Canceled
[   21.552336] tpm tpm0: Operation Canceled
[   21.583943] tpm tpm0: Operation Canceled
[   21.636438] tpm tpm0: Operation Canceled
[   21.657432] tpm tpm0: Operation Canceled
[   21.678443] tpm tpm0: Operation Canceled
[   21.699424] tpm tpm0: Operation Canceled
[   21.720408] tpm tpm0: Operation Canceled
[   21.741418] tpm tpm0: Operation Canceled
[   21.762423] tpm tpm0: Operation Canceled
[   21.783434] tpm tpm0: Operation Canceled
[   21.804452] tpm tpm0: Operation Canceled
[   21.825453] tpm tpm0: Operation Canceled
[   21.846467] tpm tpm0: Operation Canceled
[   21.867519] tpm tpm0: Operation Canceled
[   21.888503] tpm tpm0: Operation Canceled
[   21.909745] tpm tpm0: Operation Canceled
[   21.930887] tpm tpm0: Operation Canceled
[   21.951766] tpm tpm0: Operation Canceled
[   21.972746] tpm tpm0: Operation Canceled
[   21.994109] tpm tpm0: Operation Canceled
[   22.015156] tpm tpm0: Operation Canceled
[   22.036066] tpm tpm0: Operation Canceled
[   22.057074] tpm tpm0: Operation Canceled
[   22.078069] tpm tpm0: Operation Canceled
[   22.099114] tpm tpm0: Operation Canceled
[   22.120043] tpm tpm0: Operation Canceled
[   22.141047] tpm tpm0: Operation Canceled
[   22.172559] tpm tpm0: Operation Canceled
[   22.193534] tpm tpm0: Operation Canceled
[   22.214560] tpm tpm0: Operation Canceled
[   22.235940] tpm tpm0: Operation Canceled
[   22.256889] tpm tpm0: Operation Canceled
[   22.277746] tpm tpm0: Operation Canceled
[   22.298894] tpm tpm0: Operation Canceled
[   22.319844] tpm tpm0: Operation Canceled
[   22.340855] tpm tpm0: Operation Canceled
[   22.351430] tpm tpm0: Operation Canceled
[   22.372394] tpm tpm0: Operation Canceled
[   22.393390] tpm tpm0: Operation Canceled
[   22.414595] tpm tpm0: Operation Canceled
[   22.445760] tpm tpm0: Operation Canceled
[   22.466890] tpm tpm0: Operation Canceled
[   22.487844] tpm tpm0: Operation Canceled
[   22.509088] tpm tpm0: Operation Canceled
[   22.530045] tpm tpm0: Operation Canceled
[   22.551050] tpm tpm0: Operation Canceled
[   22.572015] tpm tpm0: Operation Canceled
[   22.593020] tpm tpm0: Operation Canceled
[   22.613751] tpm tpm0: Operation Canceled
[   22.635045] tpm tpm0: Operation Canceled
[   22.656017] tpm tpm0: Operation Canceled
[   22.676972] tpm tpm0: Operation Canceled
[   22.697748] tpm tpm0: Operation Canceled
[   22.718967] tpm tpm0: Operation Canceled
[   22.739927] tpm tpm0: Operation Canceled
[   22.760952] tpm tpm0: Operation Canceled
[   22.782180] tpm tpm0: Operation Canceled
[   22.803180] tpm tpm0: Operation Canceled
[   22.824126] tpm tpm0: Operation Canceled
[   22.845165] tpm tpm0: Operation Canceled
[   22.866099] tpm tpm0: Operation Canceled
[   22.887123] tpm tpm0: Operation Canceled
[   22.908048] tpm tpm0: Operation Canceled
[   22.929080] tpm tpm0: Operation Canceled
[   22.950203] tpm tpm0: Operation Canceled
[   22.971238] tpm tpm0: Operation Canceled
[   22.992154] tpm tpm0: Operation Canceled
[   23.013124] tpm tpm0: Operation Canceled
[   23.034177] tpm tpm0: Operation Canceled
[   23.055154] tpm tpm0: Operation Canceled
[   23.076089] tpm tpm0: Operation Canceled
[   23.097078] tpm tpm0: Operation Canceled
[   23.118365] tpm tpm0: Operation Canceled
[   23.139414] tpm tpm0: Operation Canceled
[   23.149755] tpm tpm0: Operation Canceled
[   23.171054] tpm tpm0: Operation Canceled
[   23.191815] tpm tpm0: Operation Canceled
[   23.212788] tpm tpm0: Operation Canceled
[   23.244304] tpm tpm0: Operation Canceled
[   23.265316] tpm tpm0: Operation Canceled
[   23.286252] tpm tpm0: Operation Canceled
[   23.307362] tpm tpm0: Operation Canceled
[   23.318281] tpm tpm0: Operation Canceled
[   23.339124] tpm tpm0: Operation Canceled
[   23.360044] tpm tpm0: Operation Canceled
[   23.381015] tpm tpm0: Operation Canceled
[   23.401754] tpm tpm0: Operation Canceled
[   23.423019] tpm tpm0: Operation Canceled
[   23.443977] tpm tpm0: Operation Canceled
[   23.464983] tpm tpm0: Operation Canceled
[   23.485748] tpm tpm0: Operation Canceled
[   23.506963] tpm tpm0: Operation Canceled
[   23.527910] tpm tpm0: Operation Canceled
[   23.548901] tpm tpm0: Operation Canceled
[   23.580515] tpm tpm0: Operation Canceled
[   23.601386] tpm tpm0: Operation Canceled
[   23.622344] tpm tpm0: Operation Canceled
[   23.643409] tpm tpm0: Operation Canceled
[   23.664410] tpm tpm0: Operation Canceled
[   23.685487] tpm tpm0: Operation Canceled
[   23.706491] tpm tpm0: Operation Canceled
[   23.727521] tpm tpm0: Operation Canceled
[   23.748490] tpm tpm0: Operation Canceled
[   23.769421] tpm tpm0: Operation Canceled
[   23.790409] tpm tpm0: Operation Canceled
[   23.811432] tpm tpm0: Operation Canceled
[   23.832395] tpm tpm0: Operation Canceled
[   23.853365] tpm tpm0: Operation Canceled
[   23.874322] tpm tpm0: Operation Canceled
[   23.895655] tpm tpm0: Operation Canceled
[   23.916619] tpm tpm0: Operation Canceled
[   23.937623] tpm tpm0: Operation Canceled
[   23.958586] tpm tpm0: Operation Canceled
[   23.979620] tpm tpm0: Operation Canceled
[   24.000588] tpm tpm0: Operation Canceled
[   24.021585] tpm tpm0: Operation Canceled
[   24.042530] tpm tpm0: Operation Canceled
[   24.063533] tpm tpm0: Operation Canceled
[   24.084505] tpm tpm0: Operation Canceled
[   24.105508] tpm tpm0: Operation Canceled
[   24.126508] tpm tpm0: Operation Canceled
[   24.147522] tpm tpm0: Operation Canceled
[   24.168502] tpm tpm0: Operation Canceled
[   24.189751] tpm tpm0: Operation Canceled
[   24.211213] tpm tpm0: Operation Canceled
[   24.231953] tpm tpm0: Operation Canceled
[   24.252973] tpm tpm0: Operation Canceled
[   24.273753] tpm tpm0: Operation Canceled
[   24.295042] tpm tpm0: Operation Canceled
[   24.316337] tpm tpm0: Operation Canceled
[   24.336941] tpm tpm0: Operation Canceled
[   24.368638] tpm tpm0: Operation Canceled
[   24.389430] tpm tpm0: Operation Canceled
[   24.410411] tpm tpm0: Operation Canceled
[   24.431368] tpm tpm0: Operation Canceled
[   24.452297] tpm tpm0: Operation Canceled
[   24.473616] tpm tpm0: Operation Canceled
[   24.494594] tpm tpm0: Operation Canceled
[   24.515552] tpm tpm0: Operation Canceled
[   24.536550] tpm tpm0: Operation Canceled
[   24.557544] tpm tpm0: Operation Canceled
[   24.578548] tpm tpm0: Operation Canceled
[   24.599540] tpm tpm0: Operation Canceled
[   24.620521] tpm tpm0: Operation Canceled
[   24.641492] tpm tpm0: Operation Canceled
[   24.662471] tpm tpm0: Operation Canceled
[   24.683557] tpm tpm0: Operation Canceled
[   24.704622] tpm tpm0: Operation Canceled
[   24.725613] tpm tpm0: Operation Canceled
[   24.746572] tpm tpm0: Operation Canceled
[   24.767874] tpm tpm0: Operation Canceled
[   24.788789] tpm tpm0: Operation Canceled
[   24.820326] tpm tpm0: Operation Canceled
[   24.841287] tpm tpm0: Operation Canceled
[   24.862325] tpm tpm0: Operation Canceled
[   24.883609] tpm tpm0: Operation Canceled
[   24.893751] tpm tpm0: Operation Canceled
[   24.914981] tpm tpm0: Operation Canceled
[   24.935763] tpm tpm0: Operation Canceled
[   24.956698] tpm tpm0: Operation Canceled
[   24.977708] tpm tpm0: Operation Canceled
[   24.998657] tpm tpm0: Operation Canceled
[   25.019659] tpm tpm0: Operation Canceled
[   25.040761] tpm tpm0: Operation Canceled
[   25.072344] tpm tpm0: Operation Canceled
[   25.093272] tpm tpm0: Operation Canceled
[   25.114243] tpm tpm0: Operation Canceled
[   25.135222] tpm tpm0: Operation Canceled
[   25.156154] tpm tpm0: Operation Canceled
[   25.177148] tpm tpm0: Operation Canceled
[   25.198323] tpm tpm0: Operation Canceled
[   25.219341] tpm tpm0: Operation Canceled
[   25.240304] tpm tpm0: Operation Canceled
[   25.261319] tpm tpm0: Operation Canceled
[   25.282258] tpm tpm0: Operation Canceled
[   25.303376] tpm tpm0: Operation Canceled
[   25.324373] tpm tpm0: Operation Canceled
[   25.345392] tpm tpm0: Operation Canceled
[   25.366594] tpm tpm0: Operation Canceled
[   25.387704] tpm tpm0: Operation Canceled
[   25.408894] tpm tpm0: Operation Canceled
[   25.440398] tpm tpm0: Operation Canceled
[   25.461337] tpm tpm0: Operation Canceled
[   25.482311] tpm tpm0: Operation Canceled
[   25.503350] tpm tpm0: Operation Canceled
[   25.524317] tpm tpm0: Operation Canceled
[   25.545435] tpm tpm0: Operation Canceled
[   25.566441] tpm tpm0: Operation Canceled
[   25.587435] tpm tpm0: Operation Canceled
[   25.608423] tpm tpm0: Operation Canceled
[   25.629354] tpm tpm0: Operation Canceled
[   25.650383] tpm tpm0: Operation Canceled
[   25.671378] tpm tpm0: Operation Canceled
[   25.692626] tpm tpm0: Operation Canceled
[   25.713749] tpm tpm0: Operation Canceled
[   25.734533] tpm tpm0: Operation Canceled
[   25.755528] tpm tpm0: Operation Canceled
[   25.776497] tpm tpm0: Operation Canceled
[   25.797491] tpm tpm0: Operation Canceled
[   25.818457] tpm tpm0: Operation Canceled
[   25.839447] tpm tpm0: Operation Canceled
[   25.860417] tpm tpm0: Operation Canceled
[   25.881433] tpm tpm0: Operation Canceled
[   25.902374] tpm tpm0: Operation Canceled
[   25.923378] tpm tpm0: Operation Canceled
[   25.944369] tpm tpm0: Operation Canceled
[   25.965325] tpm tpm0: Operation Canceled
[   25.986355] tpm tpm0: Operation Canceled
[   26.007588] tpm tpm0: Operation Canceled
[   26.028542] tpm tpm0: Operation Canceled
[   26.049527] tpm tpm0: Operation Canceled
[   26.070550] tpm tpm0: Operation Canceled
[   26.091543] tpm tpm0: Operation Canceled
[   26.112525] tpm tpm0: Operation Canceled
[   26.133483] tpm tpm0: Operation Canceled
[   26.154524] tpm tpm0: Operation Canceled
[   26.175512] tpm tpm0: Operation Canceled
[   26.196490] tpm tpm0: Operation Canceled
[   26.217470] tpm tpm0: Operation Canceled
[   26.238498] tpm tpm0: Operation Canceled
[   26.259506] tpm tpm0: Operation Canceled
[   26.270049] tpm tpm0: Operation Canceled
[   26.291291] tpm tpm0: Operation Canceled
[   26.312008] tpm tpm0: Operation Canceled
[   26.332993] tpm tpm0: Operation Canceled
[   26.354024] tpm tpm0: Operation Canceled
[   26.374872] tpm tpm0: Operation Canceled
[   26.395737] tpm tpm0: Operation Canceled
[   26.416746] tpm tpm0: Operation Canceled
[   26.437758] tpm tpm0: Operation Canceled
[   26.458799] tpm tpm0: Operation Canceled
[   26.479669] tpm tpm0: Operation Canceled
[   26.500716] tpm tpm0: Operation Canceled
[   26.521680] tpm tpm0: Operation Canceled
[   26.542625] tpm tpm0: Operation Canceled
[   26.563511] tpm tpm0: Operation Canceled
[   26.584457] tpm tpm0: Operation Canceled
[   26.605575] tpm tpm0: Operation Canceled
[   26.626540] tpm tpm0: Operation Canceled
[   26.647524] tpm tpm0: Operation Canceled
[   26.668308] tpm tpm0: Operation Canceled
[   26.689574] tpm tpm0: Operation Canceled
[   26.710492] tpm tpm0: Operation Canceled
[   26.731482] tpm tpm0: Operation Canceled
[   26.752451] tpm tpm0: Operation Canceled
[   26.773423] tpm tpm0: Operation Canceled
[   26.794367] tpm tpm0: Operation Canceled
[   26.825761] tpm tpm0: Operation Canceled
[   26.846894] tpm tpm0: Operation Canceled
[   26.867780] tpm tpm0: Operation Canceled
[   26.888834] tpm tpm0: Operation Canceled
[   26.909751] tpm tpm0: Operation Canceled
[   26.930776] tpm tpm0: Operation Canceled
[   26.951695] tpm tpm0: Operation Canceled
[   26.972668] tpm tpm0: Operation Canceled
[   26.993757] tpm tpm0: Operation Canceled
[   27.015019] tpm tpm0: Operation Canceled
[   27.035974] tpm tpm0: Operation Canceled
[   27.056866] tpm tpm0: Operation Canceled
[   27.077758] tpm tpm0: Operation Canceled
[   27.098814] tpm tpm0: Operation Canceled
[   27.119834] tpm tpm0: Operation Canceled
[   27.140943] tpm tpm0: Operation Canceled
[   27.161766] tpm tpm0: Operation Canceled
[   27.182826] tpm tpm0: Operation Canceled
[   27.203832] tpm tpm0: Operation Canceled
[   27.224835] tpm tpm0: Operation Canceled
[   27.245749] tpm tpm0: Operation Canceled
[   27.266762] tpm tpm0: Operation Canceled
[   27.287647] tpm tpm0: Operation Canceled
[   27.308741] tpm tpm0: Operation Canceled
[   27.329737] tpm tpm0: Operation Canceled
[   27.350765] tpm tpm0: Operation Canceled
[   27.371871] tpm tpm0: Operation Canceled
[   27.392915] tpm tpm0: Operation Canceled
[   27.413750] tpm tpm0: Operation Canceled
[   27.434880] tpm tpm0: Operation Canceled
[   27.456003] tpm tpm0: Operation Canceled
[   27.476928] tpm tpm0: Operation Canceled
[   27.497751] tpm tpm0: Operation Canceled
[   27.518896] tpm tpm0: Operation Canceled
[   27.539946] tpm tpm0: Operation Canceled
[   27.560802] tpm tpm0: Operation Canceled
[   27.571383] tpm tpm0: Operation Canceled
[   27.592428] tpm tpm0: Operation Canceled
[   27.613415] tpm tpm0: Operation Canceled
[   27.634471] tpm tpm0: Operation Canceled
[   27.655700] tpm tpm0: Operation Canceled
[   27.676677] tpm tpm0: Operation Canceled
[   27.697744] tpm tpm0: Operation Canceled
[   27.718673] tpm tpm0: Operation Canceled
[   27.739683] tpm tpm0: Operation Canceled
[   27.760593] tpm tpm0: Operation Canceled
[   27.781541] tpm tpm0: Operation Canceled
[   27.802534] tpm tpm0: Operation Canceled
[   27.823576] tpm tpm0: Operation Canceled
[   27.844533] tpm tpm0: Operation Canceled
[   27.865511] tpm tpm0: Operation Canceled
[   27.886538] tpm tpm0: Operation Canceled
[   27.907506] tpm tpm0: Operation Canceled
[   27.928477] tpm tpm0: Operation Canceled
[   27.949488] tpm tpm0: Operation Canceled
[   27.970575] tpm tpm0: Operation Canceled
[   27.991764] tpm tpm0: Operation Canceled
[   28.012780] tpm tpm0: Operation Canceled
[   28.033750] tpm tpm0: Operation Canceled
[   28.054625] tpm tpm0: Operation Canceled
[   28.075730] tpm tpm0: Operation Canceled
[   28.096656] tpm tpm0: Operation Canceled
[   28.117750] tpm tpm0: Operation Canceled
[   28.138784] tpm tpm0: Operation Canceled
[   28.149264] tpm tpm0: Operation Canceled
[   28.170151] tpm tpm0: Operation Canceled
[   28.191400] tpm tpm0: Operation Canceled
[   28.212215] tpm tpm0: Operation Canceled
[   28.233062] tpm tpm0: Operation Canceled
[   28.254076] tpm tpm0: Operation Canceled
[   28.275184] tpm tpm0: Operation Canceled
[   28.296236] tpm tpm0: Operation Canceled
[   28.306806] tpm tpm0: Operation Canceled
[   28.327775] tpm tpm0: Operation Canceled
[   28.348753] tpm tpm0: Operation Canceled
[   28.369715] tpm tpm0: Operation Canceled
[   28.390686] tpm tpm0: Operation Canceled
[   28.411716] tpm tpm0: Operation Canceled
[   28.432699] tpm tpm0: Operation Canceled
[   28.453752] tpm tpm0: Operation Canceled
[   28.474873] tpm tpm0: Operation Canceled
[   28.495735] tpm tpm0: Operation Canceled
[   28.516712] tpm tpm0: Operation Canceled
[   28.537750] tpm tpm0: Operation Canceled
[   28.558653] tpm tpm0: Operation Canceled
[   28.579734] tpm tpm0: Operation Canceled
[   28.600686] tpm tpm0: Operation Canceled
[   28.621749] tpm tpm0: Operation Canceled
[   28.642779] tpm tpm0: Operation Canceled
[   28.663690] tpm tpm0: Operation Canceled
[   28.684749] tpm tpm0: Operation Canceled
[   28.705751] tpm tpm0: Operation Canceled
[   28.726614] tpm tpm0: Operation Canceled
[   28.747715] tpm tpm0: Operation Canceled
[   28.768658] tpm tpm0: Operation Canceled
[   28.789644] tpm tpm0: Operation Canceled
[   28.810562] tpm tpm0: Operation Canceled
[   28.831616] tpm tpm0: Operation Canceled
[   28.852521] tpm tpm0: Operation Canceled
[   28.873563] tpm tpm0: Operation Canceled
[   28.894586] tpm tpm0: Operation Canceled
[   28.915701] tpm tpm0: Operation Canceled
[   28.936772] tpm tpm0: Operation Canceled
[   28.957751] tpm tpm0: Operation Canceled
[   28.978771] tpm tpm0: Operation Canceled
[   28.999699] tpm tpm0: Operation Canceled
[   29.020660] tpm tpm0: Operation Canceled
[   29.041623] tpm tpm0: Operation Canceled
[   29.062583] tpm tpm0: Operation Canceled
[   29.083591] tpm tpm0: Operation Canceled
[   29.104547] tpm tpm0: Operation Canceled
[   29.125514] tpm tpm0: Operation Canceled
[   29.146387] tpm tpm0: Operation Canceled
[   29.177755] tpm tpm0: Operation Canceled
[   29.198907] tpm tpm0: Operation Canceled
[   29.219942] tpm tpm0: Operation Canceled
[   29.240980] tpm tpm0: Operation Canceled
[   29.261753] tpm tpm0: Operation Canceled
[   29.283062] tpm tpm0: Operation Canceled
[   29.303989] tpm tpm0: Operation Canceled
[   29.325051] tpm tpm0: Operation Canceled
[   29.346057] tpm tpm0: Operation Canceled
[   29.367354] tpm tpm0: Operation Canceled
[   29.388061] tpm tpm0: Operation Canceled
[   29.408938] tpm tpm0: Operation Canceled
[   29.429754] tpm tpm0: Operation Canceled
[   29.451388] tpm tpm0: Operation Canceled
[   29.472257] tpm tpm0: Operation Canceled
[   29.493225] tpm tpm0: Operation Canceled
[   29.514174] tpm tpm0: Operation Canceled
[   29.535244] tpm tpm0: Operation Canceled
[   29.556191] tpm tpm0: Operation Canceled
[   29.577127] tpm tpm0: Operation Canceled
[   29.598131] tpm tpm0: Operation Canceled
[   29.619130] tpm tpm0: Operation Canceled
[   29.640045] tpm tpm0: Operation Canceled
[   29.660981] tpm tpm0: Operation Canceled
[   29.681752] tpm tpm0: Operation Canceled
[   29.702895] tpm tpm0: Operation Canceled
[   29.723949] tpm tpm0: Operation Canceled
[   29.744799] tpm tpm0: Operation Canceled
[   29.765753] tpm tpm0: Operation Canceled
[   29.786821] tpm tpm0: Operation Canceled
[   29.807893] tpm tpm0: Operation Canceled
[   29.828864] tpm tpm0: Operation Canceled
[   29.849842] tpm tpm0: Operation Canceled
[   29.870931] tpm tpm0: Operation Canceled
[   29.891895] tpm tpm0: Operation Canceled
[   29.912965] tpm tpm0: Operation Canceled
[   29.934232] tpm tpm0: Operation Canceled
[   29.954927] tpm tpm0: Operation Canceled
[   29.975846] tpm tpm0: Operation Canceled
[   29.996763] tpm tpm0: Operation Canceled
[   30.017755] tpm tpm0: Operation Canceled
[   30.049303] tpm tpm0: Operation Canceled
[   30.070289] tpm tpm0: Operation Canceled
[   30.091470] tpm tpm0: Operation Canceled
[   30.112485] tpm tpm0: Operation Canceled
[   30.133479] tpm tpm0: Operation Canceled
[   30.154429] tpm tpm0: Operation Canceled
[   30.175447] tpm tpm0: Operation Canceled
[   30.196437] tpm tpm0: Operation Canceled
[   30.217379] tpm tpm0: Operation Canceled
[   30.238339] tpm tpm0: Operation Canceled
[   30.259690] tpm tpm0: Operation Canceled
[   30.280287] tpm tpm0: Operation Canceled
[   30.290801] tpm tpm0: Operation Canceled
[   30.311599] tpm tpm0: Operation Canceled
[   30.332585] tpm tpm0: Operation Canceled
[   30.353574] tpm tpm0: Operation Canceled
[   30.374569] tpm tpm0: Operation Canceled
[   30.395556] tpm tpm0: Operation Canceled
[   30.416541] tpm tpm0: Operation Canceled
[   30.437557] tpm tpm0: Operation Canceled
[   30.458463] tpm tpm0: Operation Canceled
[   30.490051] tpm tpm0: Operation Canceled
[   30.511064] tpm tpm0: Operation Canceled
[   30.532077] tpm tpm0: Operation Canceled
[   30.553016] tpm tpm0: Operation Canceled
[   30.573750] tpm tpm0: Operation Canceled
[   30.595270] tpm tpm0: Operation Canceled
[   30.616263] tpm tpm0: Operation Canceled
[   30.637149] tpm tpm0: Operation Canceled
[   30.658200] tpm tpm0: Operation Canceled
[   30.679132] tpm tpm0: Operation Canceled
[   30.700063] tpm tpm0: Operation Canceled
[   30.721045] tpm tpm0: Operation Canceled
[   30.742077] tpm tpm0: Operation Canceled
[   30.763157] tpm tpm0: Operation Canceled
[   30.784402] tpm tpm0: Operation Canceled
[   30.805260] tpm tpm0: Operation Canceled
[   30.826226] tpm tpm0: Operation Canceled
[   30.847408] tpm tpm0: Operation Canceled
[   30.868167] tpm tpm0: Operation Canceled
[   30.879006] tpm tpm0: Operation Canceled
[   30.899808] tpm tpm0: Operation Canceled
[   30.920896] tpm tpm0: Operation Canceled
[   30.941757] tpm tpm0: Operation Canceled
[   30.962898] tpm tpm0: Operation Canceled
[   30.983931] tpm tpm0: Operation Canceled
[   31.004875] tpm tpm0: Operation Canceled
[   31.036313] tpm tpm0: Operation Canceled
[   31.057370] tpm tpm0: Operation Canceled
[   31.078426] tpm tpm0: Operation Canceled
[   31.099763] tpm tpm0: Operation Canceled
[   31.120699] tpm tpm0: Operation Canceled
[   31.141667] tpm tpm0: Operation Canceled
[   31.162669] tpm tpm0: Operation Canceled
[   31.183555] tpm tpm0: Operation Canceled
[   31.204655] tpm tpm0: Operation Canceled
[   31.225630] tpm tpm0: Operation Canceled
[   31.246589] tpm tpm0: Operation Canceled
[   31.267717] tpm tpm0: Operation Canceled
[   31.288769] tpm tpm0: Operation Canceled
[   31.309750] tpm tpm0: Operation Canceled
[   31.330606] tpm tpm0: Operation Canceled
[   31.351597] tpm tpm0: Operation Canceled
[   31.372661] tpm tpm0: Operation Canceled
[   31.393676] tpm tpm0: Operation Canceled
[   31.414618] tpm tpm0: Operation Canceled
[   31.435796] tpm tpm0: Operation Canceled
[   31.456740] tpm tpm0: Operation Canceled
[   31.477748] tpm tpm0: Operation Canceled
[   31.498736] tpm tpm0: Operation Canceled
[   31.519663] tpm tpm0: Operation Canceled
[   31.540644] tpm tpm0: Operation Canceled
[   31.561749] tpm tpm0: Operation Canceled
[   31.582771] tpm tpm0: Operation Canceled
[   31.603694] tpm tpm0: Operation Canceled
[   31.624650] tpm tpm0: Operation Canceled
[   31.645621] tpm tpm0: Operation Canceled
[   31.666586] tpm tpm0: Operation Canceled
[   31.687571] tpm tpm0: Operation Canceled
[   31.708625] tpm tpm0: Operation Canceled
[   31.729618] tpm tpm0: Operation Canceled
[   31.750567] tpm tpm0: Operation Canceled
[   31.771495] tpm tpm0: Operation Canceled
[   31.792359] tpm tpm0: Operation Canceled
[   31.813320] tpm tpm0: Operation Canceled
[   31.834268] tpm tpm0: Operation Canceled
[   31.855341] tpm tpm0: Operation Canceled
[   31.876307] tpm tpm0: Operation Canceled
[   31.897413] tpm tpm0: Operation Canceled
[   31.918265] tpm tpm0: Operation Canceled
[   31.939425] tpm tpm0: Operation Canceled
[   31.960253] tpm tpm0: Operation Canceled
[   31.981162] tpm tpm0: Operation Canceled
[   32.002408] tpm tpm0: Operation Canceled
[   32.023468] tpm tpm0: Operation Canceled
[   32.044490] tpm tpm0: Operation Canceled
[   32.065473] tpm tpm0: Operation Canceled
[   32.086354] tpm tpm0: Operation Canceled
[   32.107379] tpm tpm0: Operation Canceled
[   32.128398] tpm tpm0: Operation Canceled
[   32.149408] tpm tpm0: Operation Canceled
[   32.170299] tpm tpm0: Operation Canceled
[   32.201762] tpm tpm0: Operation Canceled
[   32.222851] tpm tpm0: Operation Canceled
[   32.243859] tpm tpm0: Operation Canceled
[   32.264769] tpm tpm0: Operation Canceled
[   32.275303] tpm tpm0: Operation Canceled
[   32.296256] tpm tpm0: Operation Canceled
[   32.317262] tpm tpm0: Operation Canceled
[   32.338172] tpm tpm0: Operation Canceled
[   32.359301] tpm tpm0: Operation Canceled
[   32.380104] tpm tpm0: Operation Canceled
[   32.401072] tpm tpm0: Operation Canceled
[   32.422188] tpm tpm0: Operation Canceled
[   32.443455] tpm tpm0: Operation Canceled
[   32.464064] tpm tpm0: Operation Canceled
[   32.485035] tpm tpm0: Operation Canceled
[   32.516489] tpm tpm0: Operation Canceled
[   32.537560] tpm tpm0: Operation Canceled
[   32.558510] tpm tpm0: Operation Canceled
[   32.579497] tpm tpm0: Operation Canceled
[   32.600373] tpm tpm0: Operation Canceled
[   32.621355] tpm tpm0: Operation Canceled
[   32.642281] tpm tpm0: Operation Canceled
[   32.663306] tpm tpm0: Operation Canceled
[   32.684379] tpm tpm0: Operation Canceled
[   32.694818] tpm tpm0: Operation Canceled
[   32.715826] tpm tpm0: Operation Canceled
[   32.736820] tpm tpm0: Operation Canceled
[   32.757752] tpm tpm0: Operation Canceled
[   32.778931] tpm tpm0: Operation Canceled
[   32.799703] tpm tpm0: Operation Canceled
[   32.820705] tpm tpm0: Operation Canceled
[   32.841749] tpm tpm0: Operation Canceled
[   32.862689] tpm tpm0: Operation Canceled
[   32.883872] tpm tpm0: Operation Canceled
[   32.904953] tpm tpm0: Operation Canceled
[   32.925751] tpm tpm0: Operation Canceled
[   32.947200] tpm tpm0: Operation Canceled
[   32.968148] tpm tpm0: Operation Canceled
[   32.989084] tpm tpm0: Operation Canceled
[   33.009750] tpm tpm0: Operation Canceled
[   33.031042] tpm tpm0: Operation Canceled
[   33.051938] tpm tpm0: Operation Canceled
[   33.072970] tpm tpm0: Operation Canceled
[   33.093753] tpm tpm0: Operation Canceled
[   33.114900] tpm tpm0: Operation Canceled
[   33.135959] tpm tpm0: Operation Canceled
[   33.156919] tpm tpm0: Operation Canceled
[   33.167362] tpm tpm0: Operation Canceled
[   33.177756] tpm tpm0: Operation Canceled
[   33.199089] tpm tpm0: Operation Canceled
[   33.219872] tpm tpm0: Operation Canceled
[   33.240845] tpm tpm0: Operation Canceled
[   33.261749] tpm tpm0: Operation Canceled
[   33.283068] tpm tpm0: Operation Canceled
[   33.303978] tpm tpm0: Operation Canceled
[   33.324891] tpm tpm0: Operation Canceled
[   33.345755] tpm tpm0: Operation Canceled
[   33.367243] tpm tpm0: Operation Canceled
[   33.388005] tpm tpm0: Operation Canceled
[   33.409094] tpm tpm0: Operation Canceled
[   33.429751] tpm tpm0: Operation Canceled
[   33.451141] tpm tpm0: Operation Canceled
[   33.471931] tpm tpm0: Operation Canceled
[   33.493151] tpm tpm0: Operation Canceled
[   33.514055] tpm tpm0: Operation Canceled
[   33.535090] tpm tpm0: Operation Canceled
[   33.556015] tpm tpm0: Operation Canceled
[   33.576984] tpm tpm0: Operation Canceled
[   33.597751] tpm tpm0: Operation Canceled
[   33.618956] tpm tpm0: Operation Canceled
[   33.639928] tpm tpm0: Operation Canceled
[   33.660919] tpm tpm0: Operation Canceled
[   33.681754] tpm tpm0: Operation Canceled
[   33.703114] tpm tpm0: Operation Canceled
[   33.723871] tpm tpm0: Operation Canceled
[   33.744879] tpm tpm0: Operation Canceled
[   33.776486] tpm tpm0: Operation Canceled
[   33.797370] tpm tpm0: Operation Canceled
[   33.818329] tpm tpm0: Operation Canceled
[   33.839350] tpm tpm0: Operation Canceled
[   33.860159] tpm tpm0: Operation Canceled
[   33.881249] tpm tpm0: Operation Canceled
[   33.902222] tpm tpm0: Operation Canceled
[   33.923226] tpm tpm0: Operation Canceled
[   33.944203] tpm tpm0: Operation Canceled
[   33.965162] tpm tpm0: Operation Canceled
[   33.985759] tpm tpm0: Operation Canceled
[   34.007110] tpm tpm0: Operation Canceled
[   34.028057] tpm tpm0: Operation Canceled
[   34.049015] tpm tpm0: Operation Canceled
[   34.070060] tpm tpm0: Operation Canceled
[   34.091161] tpm tpm0: Operation Canceled
[   34.112179] tpm tpm0: Operation Canceled
[   34.133385] tpm tpm0: Operation Canceled
[   34.154414] tpm tpm0: Operation Canceled
[   34.175364] tpm tpm0: Operation Canceled
[   34.196346] tpm tpm0: Operation Canceled
[   34.206811] tpm tpm0: Operation Canceled
[   34.227734] tpm tpm0: Operation Canceled
[   34.248718] tpm tpm0: Operation Canceled
[   34.269689] tpm tpm0: Operation Canceled
[   34.290729] tpm tpm0: Operation Canceled
[   34.311741] tpm tpm0: Operation Canceled
[   34.332692] tpm tpm0: Operation Canceled
[   34.353643] tpm tpm0: Operation Canceled
[   34.374651] tpm tpm0: Operation Canceled
[   34.395636] tpm tpm0: Operation Canceled
[   34.416576] tpm tpm0: Operation Canceled
[   34.437505] tpm tpm0: Operation Canceled
[   34.458623] tpm tpm0: Operation Canceled
[   34.479774] tpm tpm0: Operation Canceled
[   34.500729] tpm tpm0: Operation Canceled
[   34.521742] tpm tpm0: Operation Canceled
[   34.542671] tpm tpm0: Operation Canceled
[   34.563671] tpm tpm0: Operation Canceled
[   34.584645] tpm tpm0: Operation Canceled
[   34.605577] tpm tpm0: Operation Canceled
[   34.626648] tpm tpm0: Operation Canceled
[   34.647654] tpm tpm0: Operation Canceled
[   34.668550] tpm tpm0: Operation Canceled
[   34.689607] tpm tpm0: Operation Canceled
[   34.711168] tpm tpm0: Operation Canceled
[   34.731951] tpm tpm0: Operation Canceled
[   34.752870] tpm tpm0: Operation Canceled
[   34.773753] tpm tpm0: Operation Canceled
[   34.794890] tpm tpm0: Operation Canceled
[   34.815894] tpm tpm0: Operation Canceled
[   34.836845] tpm tpm0: Operation Canceled
[   34.847330] tpm tpm0: Operation Canceled
[   34.868280] tpm tpm0: Operation Canceled
[   34.889353] tpm tpm0: Operation Canceled
[   34.910272] tpm tpm0: Operation Canceled
[   34.931384] tpm tpm0: Operation Canceled
[   34.952203] tpm tpm0: Operation Canceled
[   34.963132] tpm tpm0: Operation Canceled
[   34.983752] tpm tpm0: Operation Canceled
[   35.004971] tpm tpm0: Operation Canceled
[   35.025756] tpm tpm0: Operation Canceled
[   35.047020] tpm tpm0: Operation Canceled
[   35.067995] tpm tpm0: Operation Canceled
[   35.088934] tpm tpm0: Operation Canceled
[   35.109749] tpm tpm0: Operation Canceled
[   35.131091] tpm tpm0: Operation Canceled
[   35.162601] tpm tpm0: Operation Canceled
[   35.183479] tpm tpm0: Operation Canceled
[   35.204574] tpm tpm0: Operation Canceled
[   35.225545] tpm tpm0: Operation Canceled
[   35.246478] tpm tpm0: Operation Canceled
[   35.267484] tpm tpm0: Operation Canceled
[   35.288476] tpm tpm0: Operation Canceled
[   35.309471] tpm tpm0: Operation Canceled
[   35.330357] tpm tpm0: Operation Canceled
[   35.351452] tpm tpm0: Operation Canceled
[   35.372401] tpm tpm0: Operation Canceled
[   35.393283] tpm tpm0: Operation Canceled
[   35.414345] tpm tpm0: Operation Canceled
[   35.435308] tpm tpm0: Operation Canceled
[   35.456305] tpm tpm0: Operation Canceled
[   35.477246] tpm tpm0: Operation Canceled
[   35.498229] tpm tpm0: Operation Canceled
[   35.519354] tpm tpm0: Operation Canceled
[   35.540189] tpm tpm0: Operation Canceled
[   35.561121] tpm tpm0: Operation Canceled
[   35.582134] tpm tpm0: Operation Canceled
[   35.603209] tpm tpm0: Operation Canceled
[   35.624081] tpm tpm0: Operation Canceled
[   35.645079] tpm tpm0: Operation Canceled
[   35.666121] tpm tpm0: Operation Canceled
[   35.687216] tpm tpm0: Operation Canceled
[   35.708110] tpm tpm0: Operation Canceled
[   35.729076] tpm tpm0: Operation Canceled
[   35.749750] tpm tpm0: Operation Canceled
[   35.770984] tpm tpm0: Operation Canceled
[   35.792060] tpm tpm0: Operation Canceled
[   35.812959] tpm tpm0: Operation Canceled
[   35.833753] tpm tpm0: Operation Canceled
[   35.854888] tpm tpm0: Operation Canceled
[   35.875937] tpm tpm0: Operation Canceled
[   35.896797] tpm tpm0: Operation Canceled
[   35.917750] tpm tpm0: Operation Canceled
[   35.939049] tpm tpm0: Operation Canceled
[   35.959986] tpm tpm0: Operation Canceled
[   35.980938] tpm tpm0: Operation Canceled
[   36.001759] tpm tpm0: Operation Canceled
[   36.023116] tpm tpm0: Operation Canceled
[   36.043857] tpm tpm0: Operation Canceled
[   36.064725] tpm tpm0: Operation Canceled
[   36.085752] tpm tpm0: Operation Canceled
[   36.106732] tpm tpm0: Operation Canceled
[   36.127841] tpm tpm0: Operation Canceled
[   36.159407] tpm tpm0: Operation Canceled
[   36.180356] tpm tpm0: Operation Canceled
[   36.201399] tpm tpm0: Operation Canceled
[   36.222316] tpm tpm0: Operation Canceled
[   36.243381] tpm tpm0: Operation Canceled
[   36.264304] tpm tpm0: Operation Canceled
[   36.285336] tpm tpm0: Operation Canceled
[   36.306285] tpm tpm0: Operation Canceled
[   36.327469] tpm tpm0: Operation Canceled
[   36.348237] tpm tpm0: Operation Canceled
[   36.369155] tpm tpm0: Operation Canceled
[   36.389755] tpm tpm0: Operation Canceled
[   36.411282] tpm tpm0: Operation Canceled
[   36.432025] tpm tpm0: Operation Canceled
[   36.453112] tpm tpm0: Operation Canceled
[   36.474190] tpm tpm0: Operation Canceled
[   36.495186] tpm tpm0: Operation Canceled
[   36.516168] tpm tpm0: Operation Canceled
[   36.537056] tpm tpm0: Operation Canceled
[   36.558045] tpm tpm0: Operation Canceled
[   36.579150] tpm tpm0: Operation Canceled
[   36.600317] tpm tpm0: Operation Canceled
[   36.621389] tpm tpm0: Operation Canceled
[   36.642232] tpm tpm0: Operation Canceled
[   36.663221] tpm tpm0: Operation Canceled
[   36.684152] tpm tpm0: Operation Canceled
[   36.694813] tpm tpm0: Operation Canceled
[   36.715706] tpm tpm0: Operation Canceled
[   36.736754] tpm tpm0: Operation Canceled
[   36.757634] tpm tpm0: Operation Canceled
[   36.778614] tpm tpm0: Operation Canceled
[   36.799629] tpm tpm0: Operation Canceled
[   36.820629] tpm tpm0: Operation Canceled
[   36.841533] tpm tpm0: Operation Canceled
[   36.862509] tpm tpm0: Operation Canceled
[   36.883628] tpm tpm0: Operation Canceled
[   36.904584] tpm tpm0: Operation Canceled
[   36.925503] tpm tpm0: Operation Canceled
[   36.946612] tpm tpm0: Operation Canceled
[   36.967670] tpm tpm0: Operation Canceled
[   36.988721] tpm tpm0: Operation Canceled
[   37.009708] tpm tpm0: Operation Canceled
[   37.030564] tpm tpm0: Operation Canceled
[   37.051636] tpm tpm0: Operation Canceled
[   37.072582] tpm tpm0: Operation Canceled
[   37.093706] tpm tpm0: Operation Canceled
[   37.114735] tpm tpm0: Operation Canceled
[   37.135583] tpm tpm0: Operation Canceled
[   37.156562] tpm tpm0: Operation Canceled
[   37.177541] tpm tpm0: Operation Canceled
[   37.198620] tpm tpm0: Operation Canceled
[   37.219774] tpm tpm0: Operation Canceled
[   37.240841] tpm tpm0: Operation Canceled
[   37.251570] tpm tpm0: Operation Canceled
[   37.272269] tpm tpm0: Operation Canceled
[   37.293359] tpm tpm0: Operation Canceled
[   37.314301] tpm tpm0: Operation Canceled
[   37.335402] tpm tpm0: Operation Canceled
[   37.356451] tpm tpm0: Operation Canceled
[   37.377736] tpm tpm0: Operation Canceled
[   37.398507] tpm tpm0: Operation Canceled
[   37.419551] tpm tpm0: Operation Canceled
[   37.440520] tpm tpm0: Operation Canceled
[   37.461459] tpm tpm0: Operation Canceled
[   37.482442] tpm tpm0: Operation Canceled
[   37.503615] tpm tpm0: Operation Canceled
[   37.524712] tpm tpm0: Operation Canceled
[   37.545662] tpm tpm0: Operation Canceled
[   37.566655] tpm tpm0: Operation Canceled
[   37.587533] tpm tpm0: Operation Canceled
[   37.608614] tpm tpm0: Operation Canceled
[   37.629524] tpm tpm0: Operation Canceled
[   37.650496] tpm tpm0: Operation Canceled
[   37.671482] tpm tpm0: Operation Canceled
[   37.692510] tpm tpm0: Operation Canceled
[   37.713479] tpm tpm0: Operation Canceled
[   37.734473] tpm tpm0: Operation Canceled
[   37.755544] tpm tpm0: Operation Canceled
[   37.776719] tpm tpm0: Operation Canceled
[   37.797634] tpm tpm0: Operation Canceled
[   37.818694] tpm tpm0: Operation Canceled
[   37.839707] tpm tpm0: Operation Canceled
[   37.860622] tpm tpm0: Operation Canceled
[   37.881599] tpm tpm0: Operation Canceled
[   37.902502] tpm tpm0: Operation Canceled
[   37.923584] tpm tpm0: Operation Canceled
[   37.944614] tpm tpm0: Operation Canceled
[   37.965519] tpm tpm0: Operation Canceled
[   37.986485] tpm tpm0: Operation Canceled
[   38.007428] tpm tpm0: Operation Canceled
[   38.028500] tpm tpm0: Operation Canceled
[   38.049350] tpm tpm0: Operation Canceled
[   38.070348] tpm tpm0: Operation Canceled
[   38.091699] tpm tpm0: Operation Canceled
[   38.112659] tpm tpm0: Operation Canceled
[   38.133751] tpm tpm0: Operation Canceled
[   38.154690] tpm tpm0: Operation Canceled
[   38.175676] tpm tpm0: Operation Canceled
[   38.196618] tpm tpm0: Operation Canceled
[   38.217561] tpm tpm0: Operation Canceled
[   38.238659] tpm tpm0: Operation Canceled
[   38.259617] tpm tpm0: Operation Canceled
[   38.280479] tpm tpm0: Operation Canceled
[   38.301523] tpm tpm0: Operation Canceled
[   38.322439] tpm tpm0: Operation Canceled
[   38.343473] tpm tpm0: Operation Canceled
[   38.364415] tpm tpm0: Operation Canceled
[   38.385444] tpm tpm0: Operation Canceled
[   38.406710] tpm tpm0: Operation Canceled
[   38.427708] tpm tpm0: Operation Canceled
[   38.448687] tpm tpm0: Operation Canceled
[   38.469657] tpm tpm0: Operation Canceled
[   38.490543] tpm tpm0: Operation Canceled
[   38.511646] tpm tpm0: Operation Canceled
[   38.532585] tpm tpm0: Operation Canceled
[   38.553566] tpm tpm0: Operation Canceled
[   38.574592] tpm tpm0: Operation Canceled
[   38.595758] tpm tpm0: Operation Canceled
[   38.616685] tpm tpm0: Operation Canceled
[   38.637674] tpm tpm0: Operation Canceled
[   38.658543] tpm tpm0: Operation Canceled
[   38.679655] tpm tpm0: Operation Canceled
[   38.700619] tpm tpm0: Operation Canceled
[   38.721566] tpm tpm0: Operation Canceled
[   38.742716] tpm tpm0: Operation Canceled
[   38.763727] tpm tpm0: Operation Canceled
[   38.784886] tpm tpm0: Operation Canceled
[   38.805752] tpm tpm0: Operation Canceled
[   38.826949] tpm tpm0: Operation Canceled
[   38.847890] tpm tpm0: Operation Canceled
[   38.868863] tpm tpm0: Operation Canceled
[   38.900343] tpm tpm0: Operation Canceled
[   38.921327] tpm tpm0: Operation Canceled
[   38.942235] tpm tpm0: Operation Canceled
[   38.963242] tpm tpm0: Operation Canceled
[   38.984168] tpm tpm0: Operation Canceled
[   39.005107] tpm tpm0: Operation Canceled
[   39.026057] tpm tpm0: Operation Canceled
[   39.047154] tpm tpm0: Operation Canceled
[   39.068141] tpm tpm0: Operation Canceled
[   39.089464] tpm tpm0: Operation Canceled
[   39.110334] tpm tpm0: Operation Canceled
[   39.131449] tpm tpm0: Operation Canceled
[   39.163064] tpm tpm0: Operation Canceled
[   39.183834] tpm tpm0: Operation Canceled
[   39.204849] tpm tpm0: Operation Canceled
[   39.225752] tpm tpm0: Operation Canceled
[   39.247091] tpm tpm0: Operation Canceled
[   39.268074] tpm tpm0: Operation Canceled
[   39.289030] tpm tpm0: Operation Canceled
[   39.309748] tpm tpm0: Operation Canceled
[   39.331001] tpm tpm0: Operation Canceled
[   39.351994] tpm tpm0: Operation Canceled
[   39.372928] tpm tpm0: Operation Canceled
[   39.394196] tpm tpm0: Operation Canceled
[   39.415262] tpm tpm0: Operation Canceled
[   39.436379] tpm tpm0: Operation Canceled
[   39.446897] tpm tpm0: Operation Canceled
[   39.467856] tpm tpm0: Operation Canceled
