c[?7l[2J[0mSeaBIOS (version rel-1.16.0-0-gd239552ce722-prebuilt.qemu.org)


iPXE (http://ipxe.org) 00:03.0 CA00 PCI2.10 PnP PMM+7FF91000+7FEF1000 CA00
Press Ctrl-B to configure iPXE (PCI 00:03.0)...                                                                               


Booting from ROM..c[?7l[2J[    0.000000] Linux version 6.18.0-7d0a66e4bb90+ (root@gnr-bkc) (gcc (GCC) 11.5.0 20240719 (Red Hat 11.5.0-14), GNU ld version 2.35.2-54.el9) #1 SMP PREEMPT_DYNAMIC Tue Dec  2 19:50:43 CST 2025
[    0.000000] Command line: console=ttyS0 root=/dev/sda earlyprintk=serial net.ifnames=0 thunderbolt.dyndbg
[    0.000000] KERNEL supported cpus:
[    0.000000]   Intel GenuineIntel
[    0.000000]   AMD AuthenticAMD
[    0.000000]   Hygon HygonGenuine
[    0.000000]   Centaur CentaurHauls
[    0.000000]   zhaoxin   Shanghai  
[    0.000000] x86/split lock detection: #DB: warning on user-space bus_locks
[    0.000000] BIOS-provided physical RAM map:
[    0.000000] BIOS-e820: [mem 0x0000000000000000-0x000000000009fbff] usable
[    0.000000] BIOS-e820: [mem 0x000000000009fc00-0x000000000009ffff] reserved
[    0.000000] BIOS-e820: [mem 0x00000000000f0000-0x00000000000fffff] reserved
[    0.000000] BIOS-e820: [mem 0x0000000000100000-0x000000007ffdffff] usable
[    0.000000] BIOS-e820: [mem 0x000000007ffe0000-0x000000007fffffff] reserved
[    0.000000] BIOS-e820: [mem 0x00000000feffc000-0x00000000feffffff] reserved
[    0.000000] BIOS-e820: [mem 0x00000000fffc0000-0x00000000ffffffff] reserved
[    0.000000] printk: legacy bootconsole [earlyser0] enabled
[    0.000000] NX (Execute Disable) protection: active
[    0.000000] APIC: Static calls initialized
[    0.000000] SMBIOS 2.8 present.
[    0.000000] DMI: QEMU Standard PC (i440FX + PIIX, 1996), BIOS rel-1.16.0-0-gd239552ce722-prebuilt.qemu.org 04/01/2014
[    0.000000] DMI: Memory slots populated: 1/1
[    0.000000] Hypervisor detected: KVM
[    0.000000] last_pfn = 0x7ffe0 max_arch_pfn = 0x10000000000
[    0.000000] kvm-clock: Using msrs 4b564d01 and 4b564d00
[    0.000003] kvm-clock: using sched offset of 661361044 cycles
[    0.000529] clocksource: kvm-clock: mask: 0xffffffffffffffff max_cycles: 0x1cd42e4dffb, max_idle_ns: 881590591483 ns
[    0.002117] tsc: Detected 1700.000 MHz processor
[    0.009788] last_pfn = 0x7ffe0 max_arch_pfn = 0x10000000000
[    0.010374] MTRR map: 4 entries (3 fixed + 1 variable; max 19), built from 8 variable MTRRs
[    0.011189] x86/PAT: Configuration [0-7]: WB  WC  UC- UC  WB  WP  UC- WT  
[    0.017249] found SMP MP-table at [mem 0x000f5ba0-0x000f5baf]
[    0.017850] Using GB pages for direct mapping
[    0.020366] ACPI: Early table checksum verification disabled
[    0.020930] ACPI: RSDP 0x00000000000F59C0 000014 (v00 BOCHS )
[    0.021502] ACPI: RSDT 0x000000007FFE1951 000034 (v01 BOCHS  BXPC     00000001 BXPC 00000001)
[    0.022346] ACPI: FACP 0x000000007FFE17FD 000074 (v01 BOCHS  BXPC     00000001 BXPC 00000001)
[    0.023190] ACPI: DSDT 0x000000007FFE0040 0017BD (v01 BOCHS  BXPC     00000001 BXPC 00000001)
[    0.024031] ACPI: FACS 0x000000007FFE0000 000040
[    0.024494] ACPI: APIC 0x000000007FFE1871 000080 (v01 BOCHS  BXPC     00000001 BXPC 00000001)
[    0.025336] ACPI: HPET 0x000000007FFE18F1 000038 (v01 BOCHS  BXPC     00000001 BXPC 00000001)
[    0.026172] ACPI: WAET 0x000000007FFE1929 000028 (v01 BOCHS  BXPC     00000001 BXPC 00000001)
[    0.027012] ACPI: Reserving FACP table memory at [mem 0x7ffe17fd-0x7ffe1870]
[    0.027703] ACPI: Reserving DSDT table memory at [mem 0x7ffe0040-0x7ffe17fc]
[    0.028395] ACPI: Reserving FACS table memory at [mem 0x7ffe0000-0x7ffe003f]
[    0.029083] ACPI: Reserving APIC table memory at [mem 0x7ffe1871-0x7ffe18f0]
[    0.029772] ACPI: Reserving HPET table memory at [mem 0x7ffe18f1-0x7ffe1928]
[    0.030464] ACPI: Reserving WAET table memory at [mem 0x7ffe1929-0x7ffe1950]
[    0.031965] No NUMA configuration found
[    0.032346] Faking a node at [mem 0x0000000000000000-0x000000007ffdffff]
[    0.033048] NODE_DATA(0) allocated [mem 0x7ffb4ec0-0x7ffdfcbf]
[    0.034759] Zone ranges:
[    0.035027]   DMA      [mem 0x0000000000001000-0x0000000000ffffff]
[    0.035640]   DMA32    [mem 0x0000000001000000-0x000000007ffdffff]
[    0.036247]   Normal   empty
[    0.036538]   Device   empty
[    0.036824] Movable zone start for each node
[    0.037253] Early memory node ranges
[    0.037608]   node   0: [mem 0x0000000000001000-0x000000000009efff]
[    0.038222]   node   0: [mem 0x0000000000100000-0x000000007ffdffff]
[    0.038841] Initmem setup node 0 [mem 0x0000000000001000-0x000000007ffdffff]
[    0.039879] On node 0, zone DMA: 1 pages in unavailable ranges
[    0.040634] On node 0, zone DMA: 97 pages in unavailable ranges
[    0.067944] On node 0, zone DMA32: 32 pages in unavailable ranges
[    0.126935] KernelAddressSanitizer initialized (generic)
[    0.127777] ACPI: PM-Timer IO Port: 0x608
[    0.128195] ACPI: LAPIC_NMI (acpi_id[0xff] dfl dfl lint[0x1])
[    0.128810] IOAPIC[0]: apic_id 0, version 17, address 0xfec00000, GSI 0-23
[    0.129498] ACPI: INT_SRC_OVR (bus 0 bus_irq 0 global_irq 2 dfl dfl)
[    0.130119] ACPI: INT_SRC_OVR (bus 0 bus_irq 5 global_irq 5 high level)
[    0.130766] ACPI: INT_SRC_OVR (bus 0 bus_irq 9 global_irq 9 high level)
[    0.131416] ACPI: INT_SRC_OVR (bus 0 bus_irq 10 global_irq 10 high level)
[    0.132077] ACPI: INT_SRC_OVR (bus 0 bus_irq 11 global_irq 11 high level)
[    0.132752] ACPI: Using ACPI (MADT) for SMP configuration information
[    0.133385] ACPI: HPET id: 0x8086a201 base: 0xfed00000
[    0.133892] TSC deadline timer available
[    0.134284] CPU topo: Max. logical packages:   1
[    0.134737] CPU topo: Max. logical dies:       1
[    0.135187] CPU topo: Max. dies per package:   1
[    0.135652] CPU topo: Max. threads per core:   1
[    0.136099] CPU topo: Num. cores per package:     2
[    0.136579] CPU topo: Num. threads per package:   2
[    0.137052] CPU topo: Allowing 2 present CPUs plus 0 hotplug CPUs
[    0.137695] kvm-guest: APIC: eoi() replaced with kvm_guest_apic_eoi_write()
[    0.138401] kvm-guest: KVM setup pv remote TLB flush
[    0.138885] kvm-guest: setup PV sched yield
[    0.139339] PM: hibernation: Registered nosave memory: [mem 0x00000000-0x00000fff]
[    0.140078] PM: hibernation: Registered nosave memory: [mem 0x0009f000-0x000fffff]
[    0.140819] [mem 0x80000000-0xfeffbfff] available for PCI devices
[    0.141415] Booting paravirtualized kernel on KVM
[    0.141877] clocksource: refined-jiffies: mask: 0xffffffff max_cycles: 0xffffffff, max_idle_ns: 7645519600211568 ns
[    0.142904] setup_percpu: NR_CPUS:8192 nr_cpumask_bits:2 nr_cpu_ids:2 nr_node_ids:1
[    0.144178] percpu: Embedded 80 pages/cpu s290816 r8192 d28672 u1048576
[    0.145012] kvm-guest: PV spinlocks enabled
[    0.145444] PV qspinlock hash table entries: 256 (order: 0, 4096 bytes, linear)
[    0.146173] Kernel command line: net.ifnames=0 console=ttyS0 root=/dev/sda earlyprintk=serial net.ifnames=0 thunderbolt.dyndbg
[    0.147578] random: crng init done
[    0.147919] printk: log buffer data + meta data: 262144 + 917504 = 1179648 bytes
[    0.149138] Dentry cache hash table entries: 262144 (order: 9, 2097152 bytes, linear)
[    0.150330] Inode-cache hash table entries: 131072 (order: 8, 1048576 bytes, linear)
[    0.151370] Fallback order for Node 0: 0 
[    0.151382] Built 1 zonelists, mobility grouping on.  Total pages: 524158
[    0.152426] Policy zone: DMA32
[    0.152728] mem auto-init: stack:off, heap alloc:off, heap free:off
[    0.153333] stackdepot: allocating hash table via alloc_large_system_hash
[    0.153998] stackdepot hash table entries: 1048576 (order: 12, 16777216 bytes, linear)
[    0.158103] stackdepot: allocating space for 8192 stack pools via memblock
[    0.195906] SLUB: HWalign=64, Order=0-3, MinObjects=0, CPUs=2, Nodes=1
[    0.196544] kmemleak: Kernel memory leak detector disabled
[    0.231750] ftrace: allocating 74644 entries in 292 pages
[    0.232262] ftrace: allocated 292 pages with 3 groups
[    0.236578] Dynamic Preempt: voluntary
[    0.237424] Running RCU self tests
[    0.237745] Running RCU synchronous self tests
[    0.238162] rcu: Preemptible hierarchical RCU implementation.
[    0.238706] rcu: 	RCU lockdep checking is enabled.
[    0.239156] rcu: 	RCU restricting CPUs from NR_CPUS=8192 to nr_cpu_ids=2.
[    0.239798] 	Trampoline variant of Tasks RCU enabled.
[    0.240272] 	Rude variant of Tasks RCU enabled.
[    0.240703] 	Tracing variant of Tasks RCU enabled.
[    0.241152] rcu: RCU calculated value of scheduler-enlistment delay is 25 jiffies.
[    0.241866] rcu: Adjusting geometry for rcu_fanout_leaf=16, nr_cpu_ids=2
[    0.242584] Running RCU synchronous self tests
[    0.243008] RCU Tasks: Setting shift to 1 and lim to 1 rcu_task_cb_adjust=1 rcu_task_cpu_ids=2.
[    0.243832] RCU Tasks Rude: Setting shift to 1 and lim to 1 rcu_task_cb_adjust=1 rcu_task_cpu_ids=2.
[    0.244697] RCU Tasks Trace: Setting shift to 1 and lim to 1 rcu_task_cb_adjust=1 rcu_task_cpu_ids=2.
[    0.314243] NR_IRQS: 524544, nr_irqs: 440, preallocated irqs: 16
[    0.315381] rcu: srcu_init: Setting srcu_struct sizes based on contention.
[    0.324889] Console: colour VGA+ 80x25
[    0.325340] printk: legacy console [ttyS0] enabled
[    0.325340] printk: legacy console [ttyS0] enabled
[    0.326261] printk: legacy bootconsole [earlyser0] disabled
[    0.326261] printk: legacy bootconsole [earlyser0] disabled
[    0.327348] Lock dependency validator: Copyright (c) 2006 Red Hat, Inc., Ingo Molnar
[    0.328095] ... MAX_LOCKDEP_SUBCLASSES:  8
[    0.328500] ... MAX_LOCK_DEPTH:          48
[    0.328907] ... MAX_LOCKDEP_KEYS:        8192
[    0.329336] ... CLASSHASH_SIZE:          4096
[    0.329762] ... MAX_LOCKDEP_ENTRIES:     32768
[    0.330196] ... MAX_LOCKDEP_CHAINS:      65536
[    0.330637] ... CHAINHASH_SIZE:          32768
[    0.331072]  memory used by lock dependency info: 6429 kB
[    0.331598]  memory used for stack traces: 4224 kB
[    0.332064]  per task-struct memory footprint: 1920 bytes
[    0.332686] ACPI: Core revision 20250807
[    0.333503] clocksource: hpet: mask: 0xffffffff max_cycles: 0xffffffff, max_idle_ns: 19112604467 ns
[    0.334565] APIC: Switch to symmetric I/O mode setup
[    0.335344] x2apic enabled
[    0.336011] APIC: Switched APIC routing to: physical x2apic
[    0.336577] kvm-guest: APIC: send_IPI_mask() replaced with kvm_send_ipi_mask()
[    0.337306] kvm-guest: APIC: send_IPI_mask_allbutself() replaced with kvm_send_ipi_mask_allbutself()
[    0.338208] kvm-guest: setup PV IPIs
[    0.339824] ..TIMER: vector=0x30 apic1=0 pin1=2 apic2=-1 pin2=-1
[    0.340454] clocksource: tsc-early: mask: 0xffffffffffffffff max_cycles: 0x1881273ac8e, max_idle_ns: 440795257284 ns
[    0.341508] Calibrating delay loop (skipped) preset value.. 3400.00 BogoMIPS (lpj=6800000)
[    0.342480] x86/cpu: User Mode Instruction Prevention (UMIP) activated
[    0.346249] Last level iTLB entries: 4KB 0, 2MB 0, 4MB 0
[    0.346783] Last level dTLB entries: 4KB 0, 2MB 0, 4MB 0, 1GB 0
[    0.347392] mitigations: Enabled attack vectors: user_kernel, user_user, guest_host, guest_guest, SMT mitigations: auto
[    0.348473] Speculative Store Bypass: Mitigation: Speculative Store Bypass disabled via prctl
[    0.349312] Spectre V2 : Mitigation: Enhanced / Automatic IBRS
[    0.349500] ITS: Mitigation: Aligned branch/return thunks
[    0.350039] Spectre V1 : Mitigation: usercopy/swapgs barriers and __user pointer sanitization
[    0.350874] Spectre V2 : WARNING: Unprivileged eBPF is enabled with eIBRS on, data leaks possible via Spectre v2 BHB attacks!
[    0.351981] Spectre V2 : Spectre v2 / PBRSB-eIBRS: Retire a single CALL on VMEXIT
[    0.352722] Spectre V2 : mitigation: Enabling conditional Indirect Branch Prediction Barrier
[    0.353503] active return thunk: its_return_thunk
[    0.353985] Spectre V2 : Spectre BHI mitigation: SW BHB clearing on syscall and VM exit
[    0.354822] x86/fpu: Supporting XSAVE feature 0x001: 'x87 floating point registers'
[    0.356007] x86/fpu: Supporting XSAVE feature 0x002: 'SSE registers'
[    0.356641] x86/fpu: Supporting XSAVE feature 0x004: 'AVX registers'
[    0.357505] x86/fpu: Supporting XSAVE feature 0x020: 'AVX-512 opmask'
[    0.358153] x86/fpu: Supporting XSAVE feature 0x040: 'AVX-512 Hi256'
[    0.358784] x86/fpu: Supporting XSAVE feature 0x080: 'AVX-512 ZMM_Hi256'
[    0.359457] x86/fpu: Supporting XSAVE feature 0x200: 'Protection Keys User registers'
[    0.360234] x86/fpu: Supporting XSAVE feature 0x20000: 'AMX Tile config'
[    0.360897] x86/fpu: Supporting XSAVE feature 0x40000: 'AMX Tile data'
[    0.361500] x86/fpu: xstate_offset[2]:  576, xstate_sizes[2]:  256
[    0.362118] x86/fpu: xstate_offset[5]:  832, xstate_sizes[5]:   64
[    0.362736] x86/fpu: xstate_offset[6]:  896, xstate_sizes[6]:  512
[    0.363353] x86/fpu: xstate_offset[7]: 1408, xstate_sizes[7]: 1024
[    0.363972] x86/fpu: xstate_offset[9]: 2432, xstate_sizes[9]:    8
[    0.364590] x86/fpu: xstate_offset[17]: 2496, xstate_sizes[17]:   64
[    0.365499] x86/fpu: xstate_offset[18]: 2560, xstate_sizes[18]: 8192
[    0.366131] x86/fpu: Enabled xstate features 0x602e7, context size is 10752 bytes, using 'compacted' format.
[    0.515702] Freeing SMP alternatives memory: 64K
[    0.516183] pid_max: default: 32768 minimum: 301
[    0.516924] LSM: initializing lsm=capability,yama,ima,evm
[    0.517579] Yama: becoming mindful.
[    0.518399] Mount-cache hash table entries: 4096 (order: 3, 32768 bytes, linear)
[    0.519144] Mountpoint-cache hash table entries: 4096 (order: 3, 32768 bytes, linear)
[    0.521542] Running RCU synchronous self tests
[    0.521997] Running RCU synchronous self tests
[    0.522761] smpboot: CPU0: Intel(R) Xeon(R) Gold 6414TDX (family: 0x6, model: 0x8f, stepping: 0x6)
[    0.524424] Performance Events: PEBS fmt0-, Sapphire Rapids events, full-width counters, Intel PMU driver.
[    0.525495] ... version:                   2
[    0.525495] ... bit width:                 48
[    0.525495] ... generic counters:          8
[    0.525505] ... generic bitmap:            00000000000000ff
[    0.526057] ... fixed-purpose counters:    4
[    0.526479] ... fixed-purpose bitmap:      000000000000000f
[    0.527032] ... value mask:                0000ffffffffffff
[    0.527582] ... max period:                00007fffffffffff
[    0.528130] ... global_ctrl mask:          0000000f000000ff
[    0.529171] signal: max sigframe size: 11952
[    0.529647] rcu: Hierarchical SRCU implementation.
[    0.530132] rcu: 	Max phase no-delay instances is 1000.
[    0.530861] Timer migration: 1 hierarchy levels; 8 children per group; 1 crossnode level
[    0.546879] smp: Bringing up secondary CPUs ...
[    0.547905] smpboot: x86: Booting SMP configuration:
[    0.548407] .... node  #0, CPUs:      #1
[    0.548642] smp: Brought up 1 node, 2 CPUs
[    0.549930] smpboot: Total of 2 processors activated (6800.00 BogoMIPS)
[    0.551276] Memory: 1591844K/2096632K available (79917K kernel code, 15397K rwdata, 18468K rodata, 16244K init, 21284K bss, 493180K reserved, 0K cma-reserved)
[    0.553510] devtmpfs: initialized
[    0.554638] x86/mm: Memory block size: 128MB
[    0.566826] Running RCU synchronous self tests
[    0.567305] Running RCU synchronous self tests
[    0.567849] Running RCU Tasks wait API self tests
[    0.567849] Running RCU Tasks Rude wait API self tests
[    0.567849] Running RCU Tasks Trace wait API self tests
[    0.589519] clocksource: jiffies: mask: 0xffffffff max_cycles: 0xffffffff, max_idle_ns: 7645041785100000 ns
[    0.590561] posixtimers hash table entries: 1024 (order: 5, 73728 bytes, linear)
[    0.591346] futex hash table entries: 512 (65536 bytes on 1 NUMA nodes, total 64 KiB, linear).
[    0.591346] pinctrl core: initialized pinctrl subsystem
[    0.592607] 
[    0.592772] *************************************************************
[    0.593437] **     NOTICE NOTICE NOTICE NOTICE NOTICE NOTICE NOTICE    **
[    0.593504] **                                                         **
[    0.594173] **  IOMMU DebugFS SUPPORT HAS BEEN ENABLED IN THIS KERNEL  **
[    0.594839] **                                                         **
[    0.595503] ** This means that this kernel is built to expose internal **
[    0.596172] ** IOMMU data structures, which may compromise security on **
[    0.596836] ** your system.                                            **
[    0.597544] **                                                         **
[    0.598171] ** If you see this message and you are not debugging the   **
[    0.598837] ** kernel, report this immediately to your vendor!         **
[    0.599500] **                                                         **
[    0.600164] **     NOTICE NOTICE NOTICE NOTICE NOTICE NOTICE NOTICE    **
[    0.600830] *************************************************************
[    0.601570] PM: RTC time: 11:52:02, date: 2025-12-02
[    0.604699] NET: Registered PF_NETLINK/PF_ROUTE protocol family
[    0.606848] DMA: preallocated 256 KiB GFP_KERNEL pool for atomic allocations
[    0.607571] DMA: preallocated 256 KiB GFP_KERNEL|GFP_DMA pool for atomic allocations
[    0.608361] DMA: preallocated 256 KiB GFP_KERNEL|GFP_DMA32 pool for atomic allocations
[    0.609236] audit: initializing netlink subsys (disabled)
[    0.613560] audit: type=2000 audit(1764676322.408:1): state=initialized audit_enabled=0 res=1
[    0.615415] thermal_sys: Registered thermal governor 'fair_share'
[    0.615427] thermal_sys: Registered thermal governor 'bang_bang'
[    0.616073] thermal_sys: Registered thermal governor 'step_wise'
[    0.616672] thermal_sys: Registered thermal governor 'user_space'
[    0.617511] Callback from call_rcu_tasks_trace() invoked.
[    0.618687] cpuidle: using governor ladder
[    0.618695] cpuidle: using governor menu
[    0.618695] acpiphp: ACPI Hot Plug PCI Controller Driver version: 0.5
[    0.621534] PCI: Using configuration type 1 for base access
[    0.622420] kprobes: kprobe jump-optimization is enabled. All kprobes are optimized if possible.
[    0.795801] HugeTLB: registered 1.00 GiB page size, pre-allocated 0 pages
[    0.796483] HugeTLB: 16380 KiB vmemmap can be freed for a 1.00 GiB page
[    0.797103] HugeTLB: registered 2.00 MiB page size, pre-allocated 0 pages
[    0.797509] HugeTLB: 28 KiB vmemmap can be freed for a 2.00 MiB page
[    0.804130] ACPI: Added _OSI(Module Device)
[    0.804575] ACPI: Added _OSI(Processor Device)
[    0.805022] ACPI: Added _OSI(Processor Aggregator Device)
[    0.822147] ACPI: 1 ACPI AML tables successfully acquired and loaded
[    0.829026] ACPI: Interpreter enabled
[    0.829550] ACPI: PM: (supports S0 S3 S4 S5)
[    0.829977] ACPI: Using IOAPIC for interrupt routing
[    0.830575] PCI: Using host bridge windows from ACPI; if necessary, use "pci=nocrs" and report a bug
[    0.831462] PCI: Using E820 reservations for host bridge windows
[    0.833343] ACPI: Enabled 2 GPEs in block 00 to 0F
[    0.875396] ACPI: PCI Root Bridge [PCI0] (domain 0000 [bus 00-ff])
[    0.876045] acpi PNP0A03:00: _OSC: OS supports [ASPM ClockPM Segments MSI EDR HPX-Type3]
[    0.876835] acpi PNP0A03:00: _OSC: not requesting OS control; OS requires [ExtendedConfig ASPM ClockPM MSI]
[    0.877658] acpi PNP0A03:00: fail to add MMCONFIG information, can't access extended configuration space under this bridge
[    0.883658] acpiphp: Slot [3] registered
[    0.884195] acpiphp: Slot [4] registered
[    0.884730] acpiphp: Slot [5] registered
[    0.885281] acpiphp: Slot [6] registered
[    0.885651] acpiphp: Slot [7] registered
[    0.886184] acpiphp: Slot [8] registered
[    0.886718] acpiphp: Slot [9] registered
[    0.887248] acpiphp: Slot [10] registered
[    0.887795] acpiphp: Slot [11] registered
[    0.888340] acpiphp: Slot [12] registered
[    0.888881] acpiphp: Slot [13] registered
[    0.889419] acpiphp: Slot [14] registered
[    0.889645] acpiphp: Slot [15] registered
[    0.890193] acpiphp: Slot [16] registered
[    0.890731] acpiphp: Slot [17] registered
[    0.891273] acpiphp: Slot [18] registered
[    0.891813] acpiphp: Slot [19] registered
[    0.892357] acpiphp: Slot [20] registered
[    0.892896] acpiphp: Slot [21] registered
[    0.893444] acpiphp: Slot [22] registered
[    0.893644] acpiphp: Slot [23] registered
[    0.894189] acpiphp: Slot [24] registered
[    0.894729] acpiphp: Slot [25] registered
[    0.895270] acpiphp: Slot [26] registered
[    0.895816] acpiphp: Slot [27] registered
[    0.896355] acpiphp: Slot [28] registered
[    0.896900] acpiphp: Slot [29] registered
[    0.897438] acpiphp: Slot [30] registered
[    0.897645] acpiphp: Slot [31] registered
[    0.898111] PCI host bridge to bus 0000:00
[    0.898585] pci_bus 0000:00: root bus resource [io  0x0000-0x0cf7 window]
[    0.899253] pci_bus 0000:00: root bus resource [io  0x0d00-0xffff window]
[    0.899919] pci_bus 0000:00: root bus resource [mem 0x000a0000-0x000bffff window]
[    0.900652] pci_bus 0000:00: root bus resource [mem 0x80000000-0xfebfffff window]
[    0.901380] pci_bus 0000:00: root bus resource [mem 0x100000000-0x17fffffff window]
[    0.901505] pci_bus 0000:00: root bus resource [bus 00-ff]
[    0.902149] pci 0000:00:00.0: [8086:1237] type 00 class 0x060000 conventional PCI endpoint
[    0.912622] pci 0000:00:01.0: [8086:7000] type 00 class 0x060100 conventional PCI endpoint
[    0.914876] pci 0000:00:01.1: [8086:7010] type 00 class 0x010180 conventional PCI endpoint
[    0.916259] pci 0000:00:01.1: BAR 4 [io  0xc040-0xc04f]
[    0.916813] pci 0000:00:01.1: BAR 0 [io  0x01f0-0x01f7]: legacy IDE quirk
[    0.917475] pci 0000:00:01.1: BAR 1 [io  0x03f6]: legacy IDE quirk
[    0.917506] pci 0000:00:01.1: BAR 2 [io  0x0170-0x0177]: legacy IDE quirk
[    0.918167] pci 0000:00:01.1: BAR 3 [io  0x0376]: legacy IDE quirk
[    0.919334] pci 0000:00:01.3: [8086:7113] type 00 class 0x068000 conventional PCI endpoint
[    0.920464] pci 0000:00:01.3: quirk: [io  0x0600-0x063f] claimed by PIIX4 ACPI
[    0.921177] pci 0000:00:01.3: quirk: [io  0x0700-0x070f] claimed by PIIX4 SMB
[    0.922067] pci 0000:00:02.0: [1234:1111] type 00 class 0x030000 conventional PCI endpoint
[    0.923906] pci 0000:00:02.0: BAR 0 [mem 0xfd000000-0xfdffffff pref]
[    0.924553] pci 0000:00:02.0: BAR 2 [mem 0xfebf0000-0xfebf0fff]
[    0.925157] pci 0000:00:02.0: ROM [mem 0xfebe0000-0xfebeffff pref]
[    0.925607] pci 0000:00:02.0: Video device with shadowed ROM at [mem 0x000c0000-0x000dffff]
[    0.935522] pci 0000:00:03.0: [8086:100e] type 00 class 0x020000 conventional PCI endpoint
[    0.937213] pci 0000:00:03.0: BAR 0 [mem 0xfebc0000-0xfebdffff]
[    0.937511] pci 0000:00:03.0: BAR 1 [io  0xc000-0xc03f]
[    0.938051] pci 0000:00:03.0: ROM [mem 0xfeb80000-0xfebbffff pref]
[    0.961009] ACPI: PCI: Interrupt link LNKA configured for IRQ 10
[    0.962527] ACPI: PCI: Interrupt link LNKB configured for IRQ 10
[    0.964102] ACPI: PCI: Interrupt link LNKC configured for IRQ 11
[    0.965657] ACPI: PCI: Interrupt link LNKD configured for IRQ 11
[    0.966963] ACPI: PCI: Interrupt link LNKS configured for IRQ 9
[    0.970219] iommu: Default domain type: Translated
[    0.970706] iommu: DMA domain TLB invalidation policy: lazy mode
[    0.975288] SCSI subsystem initialized
[    0.976185] ACPI: bus type USB registered
[    0.976811] usbcore: registered new interface driver usbfs
[    0.977460] usbcore: registered new interface driver hub
[    0.977579] usbcore: registered new device driver usb
[    0.978406] pps_core: LinuxPPS API ver. 1 registered
[    0.978902] pps_core: Software ver. 5.3.6 - Copyright 2005-2007 Rodolfo Giometti <giometti@linux.it>
[    0.979816] PTP clock support registered
[    0.980561] EDAC MC: Ver: 3.0.0
[    0.984021] NetLabel: Initializing
[    0.984378] NetLabel:  domain hash size = 128
[    0.984813] NetLabel:  protocols = UNLABELED CIPSOv4 CALIPSO
[    0.985493] NetLabel:  unlabeled traffic allowed by default
[    0.986576] PCI: Using ACPI for IRQ routing
[    0.987354] pci 0000:00:02.0: vgaarb: setting as boot VGA device
[    0.987961] pci 0000:00:02.0: vgaarb: bridge control possible
[    0.988527] pci 0000:00:02.0: vgaarb: VGA device added: decodes=io+mem,owns=io+mem,locks=none
[    0.989354] vgaarb: loaded
[    0.989937] hpet0: at MMIO 0xfed00000, IRQs 2, 8, 0
[    0.990441] hpet0: 3 comparators, 64-bit 100.000000 MHz counter
[    0.994881] clocksource: Switched to clocksource kvm-clock
[    3.310241] VFS: Disk quotas dquot_6.6.0
[    3.310727] VFS: Dquot-cache hash table entries: 512 (order 0, 4096 bytes)
[    3.312987] pnp: PnP ACPI init
[    3.317593] pnp: PnP ACPI: found 6 devices
[    3.338297] clocksource: acpi_pm: mask: 0xffffff max_cycles: 0xffffff, max_idle_ns: 2085701024 ns
[    3.339690] NET: Registered PF_INET protocol family
[    3.340326] IP idents hash table entries: 32768 (order: 6, 262144 bytes, linear)
[    3.342945] tcp_listen_portaddr_hash hash table entries: 1024 (order: 5, 73728 bytes, linear)
[    3.343849] Table-perturb hash table entries: 65536 (order: 6, 262144 bytes, linear)
[    3.344683] TCP established hash table entries: 16384 (order: 5, 131072 bytes, linear)
[    3.345948] TCP bind hash table entries: 16384 (order: 10, 2359296 bytes, linear)
[    3.347942] TCP: Hash tables configured (established 16384 bind 16384)
[    3.348731] UDP hash table entries: 1024 (order: 6, 262144 bytes, linear)
[    3.349519] UDP-Lite hash table entries: 1024 (order: 6, 262144 bytes, linear)
[    3.350602] NET: Registered PF_UNIX/PF_LOCAL protocol family
[    3.352080] RPC: Registered named UNIX socket transport module.
[    3.352706] RPC: Registered udp transport module.
[    3.353177] RPC: Registered tcp transport module.
[    3.353667] RPC: Registered tcp-with-tls transport module.
[    3.354211] RPC: Registered tcp NFSv4.1 backchannel transport module.
[    3.354868] pci_bus 0000:00: resource 4 [io  0x0000-0x0cf7 window]
[    3.355490] pci_bus 0000:00: resource 5 [io  0x0d00-0xffff window]
[    3.356107] pci_bus 0000:00: resource 6 [mem 0x000a0000-0x000bffff window]
[    3.356792] pci_bus 0000:00: resource 7 [mem 0x80000000-0xfebfffff window]
[    3.357493] pci_bus 0000:00: resource 8 [mem 0x100000000-0x17fffffff window]
[    3.358547] pci 0000:00:01.0: PIIX3: Enabling Passive Release
[    3.359128] pci 0000:00:00.0: Limiting direct PCI/PCI transfers
[    3.359811] PCI: CLS 0 bytes, default 64
[    3.360303] ACPI: bus type thunderbolt registered
[    3.361171] clocksource: tsc: mask: 0xffffffffffffffff max_cycles: 0x1881273ac8e, max_idle_ns: 440795257284 ns
[    3.362266] sgx: There are zero EPC sections.
[    3.369145] Initialise system trusted keyrings
[    3.369747] Key type blacklist registered
[    3.370344] workingset: timestamp_bits=36 max_order=19 bucket_order=0
[    3.373015] squashfs: version 4.0 (2009/01/31) Phillip Lougher
[    3.375404] NFS: Registering the id_resolver key type
[    3.375946] Key type id_resolver registered
[    3.376379] Key type id_legacy registered
[    3.376831] nfs4filelayout_init: NFSv4 File Layout Driver Registering...
[    3.377556] nfs4flexfilelayout_init: NFSv4 Flexfile Layout Driver Registering...
[    3.378624] fuse: init (API version 7.45)
[    3.379636] SGI XFS with ACLs, security attributes, realtime, quota, no debug enabled
[    3.381785] 9p: Installing v9fs 9p2000 file system support
[    3.397394] Key type asymmetric registered
[    3.397824] Asymmetric key parser 'x509' registered
[    3.398457] Block layer SCSI generic (bsg) driver version 0.4 loaded (major 241)
[    3.399475] io scheduler mq-deadline registered
[    3.400060] io scheduler bfq registered
[    3.400987] ledtrig-cpu: registered to indicate activity on CPUs
[    3.403102] IPMI message handler: version 39.2
[    3.403632] ipmi device interface
[    3.405981] input: Power Button as /devices/LNXSYSTM:00/LNXPWRBN:00/input/input0
[    3.407307] ACPI: button: Power Button [PWRF]
[    3.409297] ERST DBG: ERST support is disabled.
[    3.411531] Serial: 8250/16550 driver, 32 ports, IRQ sharing enabled
[    3.413347] 00:04: ttyS0 at I/O 0x3f8 (irq = 4, base_baud = 115200) is a 16550A
[    3.441528] Callback from call_rcu_tasks() invoked.
[    3.443008] Linux agpgart interface v0.103
[    3.445763] ACPI: bus type drm_connector registered
[    3.471160] brd: module loaded
[    3.486536] loop: module loaded
[    3.496499] scsi host0: ata_piix
[    3.497989] scsi host1: ata_piix
[    3.498849] ata1: PATA max MWDMA2 cmd 0x1f0 ctl 0x3f6 bmdma 0xc040 irq 14 lpm-pol 0
[    3.499616] ata2: PATA max MWDMA2 cmd 0x170 ctl 0x376 bmdma 0xc048 irq 15 lpm-pol 0
[    3.503334] tun: Universal TUN/TAP device driver, 1.6
[    3.504214] e100: Intel(R) PRO/100 Network Driver
[    3.504691] e100: Copyright(c) 1999-2006 Intel Corporation
[    3.505360] e1000: Intel(R) PRO/1000 Network Driver
[    3.505873] e1000: Copyright (c) 1999-2006 Intel Corporation.
[    3.653608] ata2: found unknown device (class 0)
[    3.654655] ata2.00: ATAPI: QEMU DVD-ROM, 2.5+, max UDMA/100
[    3.655875] ata1: found unknown device (class 0)
[    3.656786] ata1.00: ATA-7: QEMU HARDDISK, 2.5+, max UDMA/100
[    3.657369] ata1.00: 17196647 sectors, multi 16: LBA48 
[    3.659091] scsi 0:0:0:0: Direct-Access     ATA      QEMU HARDDISK    2.5+ PQ: 0 ANSI: 5
[    3.662183] sd 0:0:0:0: Attached scsi generic sg0 type 0
[    3.663035] sd 0:0:0:0: [sda] 17196647 512-byte logical blocks: (8.80 GB/8.20 GiB)
[    3.663987] sd 0:0:0:0: [sda] Write Protect is off
[    3.664584] sd 0:0:0:0: [sda] Write cache: enabled, read cache: enabled, doesn't support DPO or FUA
[    3.665587] sd 0:0:0:0: [sda] Preferred minimum I/O size 512 bytes
[    3.668030] scsi 1:0:0:0: CD-ROM            QEMU     QEMU DVD-ROM     2.5+ PQ: 0 ANSI: 5
[    3.687317] scsi 1:0:0:0: Attached scsi generic sg1 type 5
[    3.698830] sd 0:0:0:0: [sda] Attached SCSI disk
[    4.315724] ACPI: \_SB_.LNKC: Enabled at IRQ 11
[    4.630051] e1000 0000:00:03.0 eth0: (PCI:33MHz:32-bit) 52:54:00:12:34:56
[    4.630804] e1000 0000:00:03.0 eth0: Intel(R) PRO/1000 Network Connection
[    4.631682] e1000e: Intel(R) PRO/1000 Network Driver
[    4.632198] e1000e: Copyright(c) 1999 - 2015 Intel Corporation.
[    4.632959] igb: Intel(R) Gigabit Ethernet Network Driver
[    4.633535] igb: Copyright (c) 2007-2014 Intel Corporation.
[    4.634485] PPP generic driver version 2.4.2
[    4.635922] VFIO - User Level meta-driver version: 0.3
[    4.637632] usbcore: registered new interface driver uas
[    4.638328] usbcore: registered new interface driver usb-storage
[    4.639223] i8042: PNP: PS/2 Controller [PNP0303:KBD,PNP0f13:MOU] at 0x60,0x64 irq 1,12
[    4.641038] serio: i8042 KBD port at 0x60,0x64 irq 1
[    4.641644] serio: i8042 AUX port at 0x60,0x64 irq 12
[    4.643448] mousedev: PS/2 mouse device common for all mice
[    4.645184] input: AT Translated Set 2 keyboard as /devices/platform/i8042/serio0/input/input1
[    4.646047] rtc_cmos 00:05: RTC can wake from S4
[    4.648498] input: VirtualPS/2 VMware VMMouse as /devices/platform/i8042/serio1/input/input4
[    4.648502] rtc_cmos 00:05: registered as rtc0
[    4.648629] rtc_cmos 00:05: setting system clock to 2025-12-02T11:52:06 UTC (1764676326)
[    4.651166] rtc_cmos 00:05: alarms up to one day, y3k, 242 bytes nvram, hpet irqs
[    4.651243] input: VirtualPS/2 VMware VMMouse as /devices/platform/i8042/serio1/input/input3
[    4.652000] i2c_dev: i2c /dev entries driver
[    4.653369] device-mapper: core: CONFIG_IMA_DISABLE_HTABLE is disabled. Duplicate IMA measurements will not be recorded in the IMA log.
[    4.654625] device-mapper: uevent: version 1.0.3
[    4.655510] device-mapper: ioctl: 4.50.0-ioctl (2025-04-28) initialised: dm-devel@lists.linux.dev
[    4.656412] intel_pstate: CPU model not supported
[    4.657129] sdhci: Secure Digital Host Controller Interface driver
[    4.657772] sdhci: Copyright(c) Pierre Ossman
[    4.658424] sdhci-pltfm: SDHCI platform and OF driver helper
[    4.659941] drop_monitor: Initializing network drop monitor service
[    4.661008] NET: Registered PF_INET6 protocol family
[    4.663142] Segment Routing with IPv6
[    4.663583] In-situ OAM (IOAM) with IPv6
[    4.664049] NET: Registered PF_PACKET protocol family
[    4.664772] 9pnet: Installing 9P2000 support
[    4.665316] Key type dns_resolver registered
[    4.667294] IPI shorthand broadcast: enabled
[    4.726187] sched_clock: Marking stable (4708004027, 17445204)->(4732357728, -6908497)
[    4.727951] registered taskstats version 1
[    4.728732] Loading compiled-in X.509 certificates
[    4.810894] Demotion targets for Node 0: null
[    4.812370] Key type .fscrypt registered
[    4.812772] Key type fscrypt-provisioning registered
[    4.815407] Key type encrypted registered
[    4.815887] ima: No TPM chip found, activating TPM-bypass!
[    4.816456] ima: Allocated hash algorithm: sha1
[    4.816975] ima: No architecture policies found
[    4.817625] evm: Initialising EVM extended attributes:
[    4.818133] evm: security.selinux
[    4.818482] evm: security.SMACK64
[    4.818815] evm: security.SMACK64EXEC
[    4.819183] evm: security.SMACK64TRANSMUTE
[    4.819595] evm: security.SMACK64MMAP
[    4.819963] evm: security.apparmor
[    4.820308] evm: security.ima
[    4.820611] evm: security.capability
[    4.820970] evm: HMAC attrs: 0x1
[    4.823881] PM:   Magic number: 5:691:882
[    4.825394] RAS: Correctable Errors collector initialized.
[    4.826191] clk: Disabling unused clocks
[    4.826624] PM: genpd: Disabling unused power domains
[    4.827782] check access for rdinit=/init failed: -2, ignoring
[    4.828191] md: Waiting for all devices to be available before autodetect
[    4.828647] md: If you don't use raid, use raid=noautodetect
[    4.829031] md: Autodetecting RAID arrays.
[    4.829318] md: autorun ...
[    4.829572] md: ... autorun DONE.
[    4.835121] EXT4-fs (sda): INFO: recovery required on readonly filesystem
[    4.835621] EXT4-fs (sda): write access will be enabled during recovery
[    4.906280] EXT4-fs (sda): recovery complete
[    4.907805] EXT4-fs (sda): mounted filesystem 088740a9-c8b4-422c-999d-a804eb68a4da ro with ordered data mode. Quota mode: none.
[    4.908658] VFS: Mounted root (ext4 filesystem) readonly on device 8:0.
[    4.909563] devtmpfs: mounted
[    4.930684] Freeing unused decrypted memory: 2036K
[    4.936174] Freeing unused kernel image (initmem) memory: 16244K
[    4.936787] Write protecting the kernel read-only data: 102400k
[    4.940279] Freeing unused kernel image (text/rodata gap) memory: 2000K
[    4.942125] Freeing unused kernel image (rodata/data gap) memory: 2012K
[    5.966732] x86/mm: Checked W+X mappings: passed, no W+X pages found.
[    5.967260] Run /sbin/init as init process
[    6.094107] systemd[1]: systemd 252-15.el9 running in system mode (+PAM +AUDIT +SELINUX -APPARMOR +IMA +SMACK +SECCOMP +GCRYPT +GNUTLS +OPENSSL +ACL +BLKID +CURL +ELFUTILS -FIDO2 +IDN2 -IDN -IPTC +KMOD +LIBCRYPTSETUP +LIBFDISK +PCRE2 -PWQUALITY +P11KIT -QRENCODE +TPM2 +BZIP2 +LZ4 +XZ +ZLIB +ZSTD -BPF_FRAMEWORK +XKBCOMMON +UTMP +SYSVINIT default-hierarchy=unified)
[    6.096226] systemd[1]: Detected virtualization kvm.
[    6.096578] systemd[1]: Detected architecture x86-64.

Welcome to [0;31mCentOS Stream 9[0m!

[    6.099268] systemd[1]: Hostname set to <test>.
[    6.268222] systemd-rc-local-generator[124]: /etc/rc.d/rc.local is not marked executable, skipping.
[    6.542025] systemd[1]: Queued start job for default target Multi-User System.
[    6.560005] systemd[1]: Created slice Virtual Machine and Container Slice.
[[0;32m  OK  [0m] Created slice [0;1;39mVirtual Machine and Container Slice[0m.
[    6.565167] systemd[1]: Created slice Slice /system/getty.
[[0;32m  OK  [0m] Created slice [0;1;39mSlice /system/getty[0m.
[    6.568226] systemd[1]: Created slice Slice /system/modprobe.
[[0;32m  OK  [0m] Created slice [0;1;39mSlice /system/modprobe[0m.
[    6.571196] systemd[1]: Created slice Slice /system/serial-getty.
[[0;32m  OK  [0m] Created slice [0;1;39mSlice /system/serial-getty[0m.
[    6.574168] systemd[1]: Created slice Slice /system/sshd-keygen.
[[0;32m  OK  [0m] Created slice [0;1;39mSlice /system/sshd-keygen[0m.
[    6.576878] systemd[1]: Created slice User and Session Slice.
[[0;32m  OK  [0m] Created slice [0;1;39mUser and Session Slice[0m.
[    6.578298] systemd[1]: Started Forward Password Requests to Wall Directory Watch.
[[0;32m  OK  [0m] Started [0;1;39mForward Password R…uests to Wall Directory Watch[0m.
[    6.580467] systemd[1]: Set up automount Arbitrary Executable File Formats File System Automount Point.
[[0;32m  OK  [0m] Set up automount [0;1;39mArbitrary…s File System Automount Point[0m.
[    6.582087] systemd[1]: Reached target Local Integrity Protected Volumes.
[[0;32m  OK  [0m] Reached target [0;1;39mLocal Integrity Protected Volumes[0m.
[    6.583358] systemd[1]: Reached target Slice Units.
[[0;32m  OK  [0m] Reached target [0;1;39mSlice Units[0m.
[    6.584288] systemd[1]: Reached target Swaps.
[[0;32m  OK  [0m] Reached target [0;1;39mSwaps[0m.
[    6.585136] systemd[1]: Reached target Local Verity Protected Volumes.
[[0;32m  OK  [0m] Reached target [0;1;39mLocal Verity Protected Volumes[0m.
[    6.586626] systemd[1]: Listening on Device-mapper event daemon FIFOs.
[[0;32m  OK  [0m] Listening on [0;1;39mDevice-mapper event daemon FIFOs[0m.
[    6.588357] systemd[1]: Listening on LVM2 poll daemon socket.
[[0;32m  OK  [0m] Listening on [0;1;39mLVM2 poll daemon socket[0m.
[    6.589595] systemd[1]: multipathd control socket was skipped because of an unmet condition check (ConditionPathExists=/etc/multipath.conf).
[    6.616733] systemd[1]: Listening on RPCbind Server Activation Socket.
[[0;32m  OK  [0m] Listening on [0;1;39mRPCbind Server Activation Socket[0m.
[    6.618071] systemd[1]: Reached target RPC Port Mapper.
[[0;32m  OK  [0m] Reached target [0;1;39mRPC Port Mapper[0m.
[    6.621145] systemd[1]: Listening on Process Core Dump Socket.
[[0;32m  OK  [0m] Listening on [0;1;39mProcess Core Dump Socket[0m.
[    6.622608] systemd[1]: Listening on initctl Compatibility Named Pipe.
[[0;32m  OK  [0m] Listening on [0;1;39minitctl Compatibility Named Pipe[0m.
[    6.624343] systemd[1]: Listening on Journal Socket (/dev/log).
[[0;32m  OK  [0m] Listening on [0;1;39mJournal Socket (/dev/log)[0m.
[    6.625992] systemd[1]: Listening on Journal Socket.
[[0;32m  OK  [0m] Listening on [0;1;39mJournal Socket[0m.
[    6.627594] systemd[1]: Listening on udev Control Socket.
[[0;32m  OK  [0m] Listening on [0;1;39mudev Control Socket[0m.
[    6.628972] systemd[1]: Listening on udev Kernel Socket.
[[0;32m  OK  [0m] Listening on [0;1;39mudev Kernel Socket[0m.
[    6.653739] systemd[1]: Mounting Huge Pages File System...
         Mounting [0;1;39mHuge Pages File System[0m...
[    6.660603] systemd[1]: Mounting POSIX Message Queue File System...
         Mounting [0;1;39mPOSIX Message Queue File System[0m...
[    6.669769] systemd[1]: Mounting Kernel Debug File System...
         Mounting [0;1;39mKernel Debug File System[0m...
[    6.677682] systemd[1]: Mounting Kernel Trace File System...
         Mounting [0;1;39mKernel Trace File System[0m...
[    6.678905] systemd[1]: Kernel Module supporting RPCSEC_GSS was skipped because of an unmet condition check (ConditionPathExists=/etc/krb5.keytab).
[    6.679900] systemd[1]: Create List of Static Device Nodes was skipped because of an unmet condition check (ConditionFileNotEmpty=/lib/modules/6.18.0-7d0a66e4bb90+/modules.devname).
[    6.687138] systemd[1]: Starting Monitoring of LVM2 mirrors, snapshots etc. using dmeventd or progress polling...
         Starting [0;1;39mMonitoring of LVM…meventd or progress polling[0m...
[    6.697158] systemd[1]: Starting Load Kernel Module configfs...
         Starting [0;1;39mLoad Kernel Module configfs[0m...
[    6.705799] systemd[1]: Starting Load Kernel Module drm...
         Starting [0;1;39mLoad Kernel Module drm[0m...
[    6.718538] systemd[1]: Starting Load Kernel Module fuse...
         Starting [0;1;39mLoad Kernel Module fuse[0m...
[    6.730201] systemd[1]: Starting Read and set NIS domainname from /etc/sysconfig/network...
         Starting [0;1;39mRead and set NIS …from /etc/sysconfig/network[0m...
[    6.750080] systemd[1]: Starting Journal Service...
         Starting [0;1;39mJournal Service[0m...
[    6.763698] systemd[1]: Starting Load Kernel Modules...
         Starting [0;1;39mLoad Kernel Modules[0m...
[    6.779061] systemd[1]: Starting Generate network units from Kernel command line...
         Starting [0;1;39mGenerate network …ts from Kernel command line[0m...
[    6.798392] systemd[1]: Starting Remount Root and Kernel File Systems...
         Starting [0;1;39mRemount Root and Kernel File Systems[0m...
[    6.809138] systemd[1]: Repartition Root Disk was skipped because no trigger condition checks were met.
[    6.839122] systemd[1]: Starting Coldplug All udev Devices...
         Starting [0;1;39mColdplug All udev Devices[0m...
[    6.860184] systemd[1]: Mounted Huge Pages File System.
[[0;32m  OK  [0m] Mounted [0;1;39mHuge Pages File System[0m.
[    6.862762] systemd[1]: Mounted POSIX Message Queue File System.
[[0;32m  OK  [0m] Mounted [0;1;39mPOSIX Message Queue File System[0m.
[    6.865992] systemd[1]: Mounted Kernel Debug File System.
[[0;32m  OK  [0m] Mounted [0;1;39mKernel Debug File System[0m.
[    6.870425] systemd[1]: Mounted Kernel Trace File System.
[[0;32m  OK  [0m] Mounted [0;1;39mKernel Trace File System[0m.
[    6.873187] systemd[1]: Finished Monitoring of LVM2 mirrors, snapshots etc. using dmeventd or progress polling.
[[0;32m  OK  [0m] Finished [0;1;39mMonitoring of LVM… dmeventd or progress polling[0m.
[    6.878619] EXT4-fs (sda): re-mounted 088740a9-c8b4-422c-999d-a804eb68a4da r/w.
[    6.880274] systemd[1]: modprobe@configfs.service: Deactivated successfully.
[    6.890650] systemd[1]: Finished Load Kernel Module configfs.
[[0;32m  OK  [0m] Finished [0;1;39mLoad Kernel Module configfs[0m.
[    6.895787] systemd[1]: modprobe@drm.service: Deactivated successfully.
[    6.897267] systemd[1]: Finished Load Kernel Module drm.
[[0;32m  OK  [0m] Finished [0;1;39mLoad Kernel Module drm[0m.
[    6.906539] systemd[1]: Started Journal Service.
[[0;32m  OK  [0m] Started [0;1;39mJournal Service[0m.
[[0;32m  OK  [0m] Finished [0;1;39mLoad Kernel Module fuse[0m.
[[0;32m  OK  [0m] Finished [0;1;39mRead and set NIS …e from /etc/sysconfig/network[0m.
[[0;1;31mFAILED[0m] Failed to start [0;1;39mLoad Kernel Modules[0m.
See 'systemctl status systemd-modules-load.service' for details.
[[0;32m  OK  [0m] Finished [0;1;39mGenerate network units from Kernel command line[0m.
[[0;32m  OK  [0m] Finished [0;1;39mRemount Root and Kernel File Systems[0m.
[[0;32m  OK  [0m] Reached target [0;1;39mPreparation for Network[0m.
         Mounting [0;1;39mFUSE Control File System[0m...
         Mounting [0;1;39mKernel Configuration File System[0m...
         Starting [0;1;39mFlush Journal to Persistent Storage[0m...
         Starting [0;1;39mLoad/Save Random Seed[0m...
[    7.005589] systemd-journald[142]: Received client request to flush runtime journal.
         Starting [0;1;39mApply Kernel Variables[0m...
         Starting [0;1;39mCreate Static Device Nodes in /dev[0m...
         Starting [0;1;39mSetup Virtual Console[0m...
[[0;32m  OK  [0m] Mounted [0;1;39mFUSE Control File System[0m.
[[0;32m  OK  [0m] Mounted [0;1;39mKernel Configuration File System[0m.
[[0;32m  OK  [0m] Finished [0;1;39mFlush Journal to Persistent Storage[0m.
[[0;32m  OK  [0m] Finished [0;1;39mLoad/Save Random Seed[0m.
[[0;32m  OK  [0m] Finished [0;1;39mApply Kernel Variables[0m.
[[0;32m  OK  [0m] Finished [0;1;39mCreate Static Device Nodes in /dev[0m.
         Starting [0;1;39mRule-based Manage…for Device Events and Files[0m...
[[0;32m  OK  [0m] Started [0;1;39mRule-based Manager for Device Events and Files[0m.
         Starting [0;1;39mAuto-connect to s…E devices found during boot[0m...
[[0;32m  OK  [0m] Finished [0;1;39mAuto-connect to s…VME devices found during boot[0m.
[[0;32m  OK  [0m] Finished [0;1;39mColdplug All udev Devices[0m.
         Starting [0;1;39mWait for udev To …plete Device Initialization[0m...
[[0;32m  OK  [0m] Finished [0;1;39mSetup Virtual Console[0m.
         Starting [0;1;39mShow Plymouth Boot Screen[0m...
[2J[3J[-1;-1f[[0;32m  OK  [0m] Started [0;1;39mShow Plymouth Boot Screen[0m.
[[0;32m  OK  [0m] Started [0;1;39mForward Password R…s to Plymouth Directory Watch[0m.
[[0;32m  OK  [0m] Reached target [0;1;39mLocal Encrypted Volumes[0m.
[[0;32m  OK  [0m] Reached target [0;1;39mPath Units[0m.
[[0;32m  OK  [0m] Found device [0;1;39m/dev/ttyS0[0m.
[[0;32m  OK  [0m] Listening on [0;1;39mLoad/Save RF …itch Status /dev/rfkill Watch[0m.
[[0;32m  OK  [0m] Finished [0;1;39mWait for udev To Complete Device Initialization[0m.
[[0;32m  OK  [0m] Reached target [0;1;39mPreparation for Local File Systems[0m.
[[0;32m  OK  [0m] Reached target [0;1;39mLocal File Systems[0m.
         Starting [0;1;39mTell Plymouth To Write Out Runtime Data[0m...
         Starting [0;1;39mAutomatic Boot Loader Update[0m...
         Starting [0;1;39mCreate Volatile Files and Directories[0m...
[[0;32m  OK  [0m] Finished [0;1;39mTell Plymouth To Write Out Runtime Data[0m.
[[0;32m  OK  [0m] Finished [0;1;39mAutomatic Boot Loader Update[0m.
[[0;32m  OK  [0m] Finished [0;1;39mCreate Volatile Files and Directories[0m.
         Mounting [0;1;39mRPC Pipe File System[0m...
         Starting [0;1;39mSecurity Auditing Service[0m...
         Starting [0;1;39mRPC Bind[0m...
[[0;32m  OK  [0m] Mounted [0;1;39mRPC Pipe File System[0m.
[[0;32m  OK  [0m] Reached target [0;1;39mrpc_pipefs.target[0m.
[[0;32m  OK  [0m] Started [0;1;39mRPC Bind[0m.
[[0;32m  OK  [0m] Started [0;1;39mSecurity Auditing Service[0m.
         Starting [0;1;39mRecord System Boot/Shutdown in UTMP[0m...
[[0;32m  OK  [0m] Finished [0;1;39mRecord System Boot/Shutdown in UTMP[0m.
[[0;32m  OK  [0m] Reached target [0;1;39mSystem Initialization[0m.
[[0;32m  OK  [0m] Started [0;1;39mDaily rotation of log files[0m.
[[0;32m  OK  [0m] Started [0;1;39mUpdates mlocate database every day[0m.
[[0;32m  OK  [0m] Started [0;1;39mDaily Cleanup of Temporary Directories[0m.
[[0;32m  OK  [0m] Started [0;1;39mdaily update of the root trust anchor for DNSSEC[0m.
[[0;32m  OK  [0m] Reached target [0;1;39mTimer Units[0m.
[[0;32m  OK  [0m] Listening on [0;1;39mD-Bus System Message Bus Socket[0m.
[[0;32m  OK  [0m] Listening on [0;1;39mOpen-iSCSI iscsid Socket[0m.
[[0;32m  OK  [0m] Listening on [0;1;39mOpen-iSCSI iscsiuio Socket[0m.
[[0;32m  OK  [0m] Listening on [0;1;39mSSSD Kerberos…ache Manager responder socket[0m.
[[0;32m  OK  [0m] Listening on [0;1;39mLibvirt interface local socket[0m.
[[0;32m  OK  [0m] Listening on [0;1;39mVirtual machine lock manager socket[0m.
[[0;32m  OK  [0m] Listening on [0;1;39mVirtual machine log manager socket[0m.
[[0;32m  OK  [0m] Listening on [0;1;39mLibvirt network local socket[0m.
[[0;32m  OK  [0m] Listening on [0;1;39mLibvirt nodedev local socket[0m.
[[0;32m  OK  [0m] Listening on [0;1;39mLibvirt nwfilter local socket[0m.
[[0;32m  OK  [0m] Listening on [0;1;39mLibvirt proxy local socket[0m.
[[0;32m  OK  [0m] Listening on [0;1;39mLibvirt qemu local socket[0m.
[[0;32m  OK  [0m] Listening on [0;1;39mLibvirt qemu admin socket[0m.
[[0;32m  OK  [0m] Listening on [0;1;39mLibvirt qemu local read-only socket[0m.
[[0;32m  OK  [0m] Listening on [0;1;39mLibvirt secret local socket[0m.
[[0;32m  OK  [0m] Listening on [0;1;39mLibvirt storage local socket[0m.
[[0;32m  OK  [0m] Reached target [0;1;39mSocket Units[0m.
         Starting [0;1;39mD-Bus System Message Bus[0m...
[[0;32m  OK  [0m] Started [0;1;39mD-Bus System Message Bus[0m.
[[0;32m  OK  [0m] Reached target [0;1;39mBasic System[0m.
         Starting [0;1;39mNetwork Manager[0m...
         Starting [0;1;39mNTP client/server[0m...
         Starting [0;1;39mRestore /run/initramfs on shutdown[0m...
[[0;32m  OK  [0m] Started [0;1;39mirqbalance daemon[0m.
[[0;32m  OK  [0m] Started [0;1;39mlibstoragemgmt plug-in server daemon[0m.
[[0;32m  OK  [0m] Started [0;1;39mMachine Check Exception Logging Daemon[0m.
[[0;32m  OK  [0m] Reached target [0;1;39msshd-keygen.target[0m.
[[0;32m  OK  [0m] Reached target [0;1;39mUser and Group Name Lookups[0m.
         Starting [0;1;39mUser Login Management[0m...
         Starting [0;1;39mVirtual Machine a…tainer Registration Service[0m...
[[0;32m  OK  [0m] Finished [0;1;39mRestore /run/initramfs on shutdown[0m.
[[0;32m  OK  [0m] Started [0;1;39mVirtual Machine an…ontainer Registration Service[0m.
         Starting [0;1;39mHostname Service[0m...
[[0;32m  OK  [0m] Started [0;1;39mNTP client/server[0m.
[[0;32m  OK  [0m] Started [0;1;39mUser Login Management[0m.
[[0;32m  OK  [0m] Started [0;1;39mHostname Service[0m.
         Starting [0;1;39mNetwork Manager Script Dispatcher Service[0m...
[[0;32m  OK  [0m] Started [0;1;39mNetwork Manager Script Dispatcher Service[0m.
[   10.201736] e1000: eth0 NIC Link is Up 1000 Mbps Full Duplex, Flow Control: RX
[[0;32m  OK  [0m] Started [0;1;39mNetwork Manager[0m.
[[0;32m  OK  [0m] Reached target [0;1;39mNetwork[0m.
[[0;32m  OK  [0m] Reached target [0;1;39mNetwork is Online[0m.
         Starting [0;1;39mGSSAPI Proxy Daemon[0m...
         Starting [0;1;39mNotify NFS peers of a restart[0m...
         Starting [0;1;39mSystem Logging Service[0m...
         Starting [0;1;39mOpenSSH server daemon[0m...
         Starting [0;1;39mDynamic System Tuning Daemon[0m...
[[0;32m  OK  [0m] Started [0;1;39mNotify NFS peers of a restart[0m.
[[0;32m  OK  [0m] Started [0;1;39mOpenSSH server daemon[0m.
[[0;32m  OK  [0m] Started [0;1;39mGSSAPI Proxy Daemon[0m.
[[0;32m  OK  [0m] Reached target [0;1;39mNFS client services[0m.
[[0;32m  OK  [0m] Reached target [0;1;39mPreparation for Remote File Systems[0m.
[[0;32m  OK  [0m] Reached target [0;1;39mRemote File Systems[0m.
         Starting [0;1;39mPermit User Sessions[0m...
         Starting [0;1;39mVirtualization qemu daemon[0m...
[[0;32m  OK  [0m] Finished [0;1;39mPermit User Sessions[0m.
[[0;32m  OK  [0m] Started [0;1;39mDeferred execution scheduler[0m.
[[0;32m  OK  [0m] Started [0;1;39mCommand Scheduler[0m.
         Starting [0;1;39mHold until boot process finishes up[0m...
         Starting [0;1;39mTerminate Plymouth Boot Screen[0m...
[[0;32m  OK  [0m] Started [0;1;39mVirtualization qemu daemon[0m.
[[0;32m  OK  [0m] Started [0;1;39mSystem Logging Service[0m.

CentOS Stream 9
Kernel 6.18.0-7d0a66e4bb90+ on an x86_64

Activate the web console with: systemctl enable --now cockpit.socket

test login: [   17.366224] tpm tpm0: Operation Canceled
[   17.387091] tpm tpm0: Operation Canceled
[   17.408135] tpm tpm0: Operation Canceled
[   17.429476] tpm tpm0: Operation Canceled
[   17.450491] tpm tpm0: Operation Canceled
[   17.471490] tpm tpm0: Operation Canceled
[   17.492503] tpm tpm0: Operation Canceled
[   17.513477] tpm tpm0: Operation Canceled
[   17.534614] tpm tpm0: Operation Canceled
[   17.555585] tpm tpm0: Operation Canceled
[   17.576646] tpm tpm0: Operation Canceled
[   17.597482] tpm tpm0: Operation Canceled
[   17.618861] tpm tpm0: Operation Canceled
[   17.639852] tpm tpm0: Operation Canceled
[   17.660887] tpm tpm0: Operation Canceled
[   17.681980] tpm tpm0: Operation Canceled
[   17.703351] tpm tpm0: Operation Canceled
[   17.724318] tpm tpm0: Operation Canceled
[   17.745472] tpm tpm0: Operation Canceled
[   17.766702] tpm tpm0: Operation Canceled
[   17.787692] tpm tpm0: Operation Canceled
[   17.808726] tpm tpm0: Operation Canceled
[   17.829775] tpm tpm0: Operation Canceled
[   17.851160] tpm tpm0: Operation Canceled
[   17.871850] tpm tpm0: Operation Canceled
[   17.892903] tpm tpm0: Operation Canceled
[   17.913915] tpm tpm0: Operation Canceled
[   17.935132] tpm tpm0: Operation Canceled
[   17.956051] tpm tpm0: Operation Canceled
[   17.977167] tpm tpm0: Operation Canceled
[   17.998148] tpm tpm0: Operation Canceled
[   18.019641] tpm tpm0: Operation Canceled
[   18.040674] tpm tpm0: Operation Canceled
[   18.061476] tpm tpm0: Operation Canceled
[   18.082974] tpm tpm0: Operation Canceled
[   18.103798] tpm tpm0: Operation Canceled
[   18.114493] tpm tpm0: Operation Canceled
[   18.135467] tpm tpm0: Operation Canceled
[   18.156492] tpm tpm0: Operation Canceled
[   18.177866] tpm tpm0: Operation Canceled
[   18.199090] tpm tpm0: Operation Canceled
[   18.220178] tpm tpm0: Operation Canceled
[   18.241218] tpm tpm0: Operation Canceled
[   18.262322] tpm tpm0: Operation Canceled
[   18.283373] tpm tpm0: Operation Canceled
[   18.304590] tpm tpm0: Operation Canceled
[   18.325473] tpm tpm0: Operation Canceled
[   18.346717] tpm tpm0: Operation Canceled
[   18.367745] tpm tpm0: Operation Canceled
[   18.389072] tpm tpm0: Operation Canceled
[   18.409825] tpm tpm0: Operation Canceled
[   18.430890] tpm tpm0: Operation Canceled
[   18.451923] tpm tpm0: Operation Canceled
[   18.473214] tpm tpm0: Operation Canceled
[   18.494190] tpm tpm0: Operation Canceled
[   18.515344] tpm tpm0: Operation Canceled
[   18.536477] tpm tpm0: Operation Canceled
[   18.557474] tpm tpm0: Operation Canceled
[   18.578847] tpm tpm0: Operation Canceled
[   18.599949] tpm tpm0: Operation Canceled
[   18.610495] tpm tpm0: Operation Canceled
[   18.631450] tpm tpm0: Operation Canceled
[   18.652477] tpm tpm0: Operation Canceled
[   18.684086] tpm tpm0: Operation Canceled
[   18.705076] tpm tpm0: Operation Canceled
[   18.726054] tpm tpm0: Operation Canceled
[   18.747122] tpm tpm0: Operation Canceled
[   18.768122] tpm tpm0: Operation Canceled
[   18.789115] tpm tpm0: Operation Canceled
[   18.810173] tpm tpm0: Operation Canceled
[   18.831219] tpm tpm0: Operation Canceled
[   18.852208] tpm tpm0: Operation Canceled
[   18.873240] tpm tpm0: Operation Canceled
[   18.894237] tpm tpm0: Operation Canceled
[   18.915304] tpm tpm0: Operation Canceled
[   18.936293] tpm tpm0: Operation Canceled
[   18.957269] tpm tpm0: Operation Canceled
[   18.978281] tpm tpm0: Operation Canceled
[   18.999339] tpm tpm0: Operation Canceled
[   19.020279] tpm tpm0: Operation Canceled
[   19.041497] tpm tpm0: Operation Canceled
[   19.062874] tpm tpm0: Operation Canceled
[   19.083723] tpm tpm0: Operation Canceled
[   19.105059] tpm tpm0: Operation Canceled
[   19.126064] tpm tpm0: Operation Canceled
[   19.147101] tpm tpm0: Operation Canceled
[   19.168107] tpm tpm0: Operation Canceled
[   19.189162] tpm tpm0: Operation Canceled
[   19.210153] tpm tpm0: Operation Canceled
[   19.231142] tpm tpm0: Operation Canceled
[   19.252163] tpm tpm0: Operation Canceled
[   19.273185] tpm tpm0: Operation Canceled
[   19.294124] tpm tpm0: Operation Canceled
[   19.315229] tpm tpm0: Operation Canceled
[   19.336250] tpm tpm0: Operation Canceled
[   19.357287] tpm tpm0: Operation Canceled
[   19.378276] tpm tpm0: Operation Canceled
[   19.399362] tpm tpm0: Operation Canceled
[   19.420356] tpm tpm0: Operation Canceled
[   19.441473] tpm tpm0: Operation Canceled
[   19.463026] tpm tpm0: Operation Canceled
[   19.484129] tpm tpm0: Operation Canceled
[   19.505106] tpm tpm0: Operation Canceled
[   19.526147] tpm tpm0: Operation Canceled
[   19.547284] tpm tpm0: Operation Canceled
[   19.568264] tpm tpm0: Operation Canceled
[   19.589310] tpm tpm0: Operation Canceled
[   19.610344] tpm tpm0: Operation Canceled
[   19.631395] tpm tpm0: Operation Canceled
[   19.652358] tpm tpm0: Operation Canceled
[   19.673391] tpm tpm0: Operation Canceled
[   19.694421] tpm tpm0: Operation Canceled
[   19.715470] tpm tpm0: Operation Canceled
[   19.736516] tpm tpm0: Operation Canceled
[   19.747065] tpm tpm0: Operation Canceled
[   19.768022] tpm tpm0: Operation Canceled
[   19.789343] tpm tpm0: Operation Canceled
[   19.810362] tpm tpm0: Operation Canceled
[   19.831412] tpm tpm0: Operation Canceled
[   19.852665] tpm tpm0: Operation Canceled
[   19.873474] tpm tpm0: Operation Canceled
[   19.894777] tpm tpm0: Operation Canceled
[   19.915835] tpm tpm0: Operation Canceled
[   19.936819] tpm tpm0: Operation Canceled
[   19.958337] tpm tpm0: Operation Canceled
[   19.979073] tpm tpm0: Operation Canceled
[   19.999904] tpm tpm0: Operation Canceled
[   20.021138] tpm tpm0: Operation Canceled
[   20.042153] tpm tpm0: Operation Canceled
[   20.063270] tpm tpm0: Operation Canceled
[   20.084251] tpm tpm0: Operation Canceled
[   20.105298] tpm tpm0: Operation Canceled
[   20.126283] tpm tpm0: Operation Canceled
[   20.147588] tpm tpm0: Operation Canceled
[   20.168693] tpm tpm0: Operation Canceled
[   20.189476] tpm tpm0: Operation Canceled
[   20.210759] tpm tpm0: Operation Canceled
[   20.231703] tpm tpm0: Operation Canceled
[   20.252587] tpm tpm0: Operation Canceled
[   20.273980] tpm tpm0: Operation Canceled
[   20.295320] tpm tpm0: Operation Canceled
[   20.316296] tpm tpm0: Operation Canceled
[   20.337286] tpm tpm0: Operation Canceled
[   20.358236] tpm tpm0: Operation Canceled
[   20.379338] tpm tpm0: Operation Canceled
[   20.400243] tpm tpm0: Operation Canceled
[   20.421263] tpm tpm0: Operation Canceled
[   20.442414] tpm tpm0: Operation Canceled
[   20.463522] tpm tpm0: Operation Canceled
[   20.484466] tpm tpm0: Operation Canceled
[   20.505459] tpm tpm0: Operation Canceled
[   20.526457] tpm tpm0: Operation Canceled
[   20.547470] tpm tpm0: Operation Canceled
[   20.568545] tpm tpm0: Operation Canceled
[   20.589474] tpm tpm0: Operation Canceled
[   20.610784] tpm tpm0: Operation Canceled
[   20.631723] tpm tpm0: Operation Canceled
[   20.652755] tpm tpm0: Operation Canceled
[   20.673971] tpm tpm0: Operation Canceled
[   20.695073] tpm tpm0: Operation Canceled
[   20.716189] tpm tpm0: Operation Canceled
[   20.737179] tpm tpm0: Operation Canceled
[   20.758082] tpm tpm0: Operation Canceled
[   20.779264] tpm tpm0: Operation Canceled
[   20.800200] tpm tpm0: Operation Canceled
[   20.821267] tpm tpm0: Operation Canceled
[   20.842291] tpm tpm0: Operation Canceled
[   20.863284] tpm tpm0: Operation Canceled
[   20.884324] tpm tpm0: Operation Canceled
[   20.905283] tpm tpm0: Operation Canceled
[   20.926345] tpm tpm0: Operation Canceled
[   20.947341] tpm tpm0: Operation Canceled
[   20.968249] tpm tpm0: Operation Canceled
[   20.989299] tpm tpm0: Operation Canceled
[   21.010336] tpm tpm0: Operation Canceled
[   21.031323] tpm tpm0: Operation Canceled
[   21.052374] tpm tpm0: Operation Canceled
[   21.073297] tpm tpm0: Operation Canceled
[   21.094705] tpm tpm0: Operation Canceled
[   21.116005] tpm tpm0: Operation Canceled
[   21.137243] tpm tpm0: Operation Canceled
[   21.158243] tpm tpm0: Operation Canceled
[   21.189480] tpm tpm0: Operation Canceled
[   21.210950] tpm tpm0: Operation Canceled
[   21.231748] tpm tpm0: Operation Canceled
[   21.252675] tpm tpm0: Operation Canceled
[   21.273795] tpm tpm0: Operation Canceled
[   21.294831] tpm tpm0: Operation Canceled
[   21.315762] tpm tpm0: Operation Canceled
[   21.336770] tpm tpm0: Operation Canceled
[   21.357481] tpm tpm0: Operation Canceled
[   21.379017] tpm tpm0: Operation Canceled
[   21.399851] tpm tpm0: Operation Canceled
[   21.420813] tpm tpm0: Operation Canceled
[   21.442384] tpm tpm0: Operation Canceled
[   21.463452] tpm tpm0: Operation Canceled
[   21.495110] tpm tpm0: Operation Canceled
[   21.516080] tpm tpm0: Operation Canceled
[   21.537103] tpm tpm0: Operation Canceled
[   21.558361] tpm tpm0: Operation Canceled
[   21.579423] tpm tpm0: Operation Canceled
[   21.600395] tpm tpm0: Operation Canceled
[   21.621359] tpm tpm0: Operation Canceled
[   21.642380] tpm tpm0: Operation Canceled
[   21.663418] tpm tpm0: Operation Canceled
[   21.684470] tpm tpm0: Operation Canceled
[   21.705439] tpm tpm0: Operation Canceled
[   21.726441] tpm tpm0: Operation Canceled
[   21.747357] tpm tpm0: Operation Canceled
[   21.768470] tpm tpm0: Operation Canceled
[   21.789463] tpm tpm0: Operation Canceled
[   21.810506] tpm tpm0: Operation Canceled
[   21.831537] tpm tpm0: Operation Canceled
[   21.852576] tpm tpm0: Operation Canceled
[   21.873434] tpm tpm0: Operation Canceled
[   21.894542] tpm tpm0: Operation Canceled
[   21.915495] tpm tpm0: Operation Canceled
[   21.936436] tpm tpm0: Operation Canceled
[   21.957382] tpm tpm0: Operation Canceled
[   21.978353] tpm tpm0: Operation Canceled
[   21.999393] tpm tpm0: Operation Canceled
[   22.020375] tpm tpm0: Operation Canceled
[   22.041771] tpm tpm0: Operation Canceled
[   22.062843] tpm tpm0: Operation Canceled
[   22.083839] tpm tpm0: Operation Canceled
[   22.104819] tpm tpm0: Operation Canceled
[   22.125824] tpm tpm0: Operation Canceled
[   22.146888] tpm tpm0: Operation Canceled
[   22.178426] tpm tpm0: Operation Canceled
[   22.199413] tpm tpm0: Operation Canceled
[   22.220391] tpm tpm0: Operation Canceled
[   22.241386] tpm tpm0: Operation Canceled
[   22.262320] tpm tpm0: Operation Canceled
[   22.283642] tpm tpm0: Operation Canceled
[   22.304618] tpm tpm0: Operation Canceled
[   22.325475] tpm tpm0: Operation Canceled
[   22.346623] tpm tpm0: Operation Canceled
[   22.367934] tpm tpm0: Operation Canceled
[   22.388906] tpm tpm0: Operation Canceled
[   22.409984] tpm tpm0: Operation Canceled
[   22.431037] tpm tpm0: Operation Canceled
[   22.451962] tpm tpm0: Operation Canceled
[   22.473087] tpm tpm0: Operation Canceled
[   22.494111] tpm tpm0: Operation Canceled
[   22.515497] tpm tpm0: Operation Canceled
[   22.536343] tpm tpm0: Operation Canceled
[   22.557319] tpm tpm0: Operation Canceled
[   22.578334] tpm tpm0: Operation Canceled
[   22.599294] tpm tpm0: Operation Canceled
[   22.620321] tpm tpm0: Operation Canceled
[   22.641331] tpm tpm0: Operation Canceled
[   22.662342] tpm tpm0: Operation Canceled
[   22.683395] tpm tpm0: Operation Canceled
[   22.704509] tpm tpm0: Operation Canceled
[   22.725485] tpm tpm0: Operation Canceled
[   22.746503] tpm tpm0: Operation Canceled
[   22.767519] tpm tpm0: Operation Canceled
[   22.788535] tpm tpm0: Operation Canceled
[   22.809473] tpm tpm0: Operation Canceled
[   22.830493] tpm tpm0: Operation Canceled
[   22.851537] tpm tpm0: Operation Canceled
[   22.872771] tpm tpm0: Operation Canceled
[   22.893903] tpm tpm0: Operation Canceled
[   22.915104] tpm tpm0: Operation Canceled
[   22.935985] tpm tpm0: Operation Canceled
[   22.946497] tpm tpm0: Operation Canceled
[   22.967520] tpm tpm0: Operation Canceled
[   22.988479] tpm tpm0: Operation Canceled
[   23.009474] tpm tpm0: Operation Canceled
[   23.030454] tpm tpm0: Operation Canceled
[   23.051366] tpm tpm0: Operation Canceled
[   23.062538] tpm tpm0: Operation Canceled
[   23.083137] tpm tpm0: Operation Canceled
[   23.103946] tpm tpm0: Operation Canceled
[   23.124901] tpm tpm0: Operation Canceled
[   23.145942] tpm tpm0: Operation Canceled
[   23.166896] tpm tpm0: Operation Canceled
[   23.187843] tpm tpm0: Operation Canceled
[   23.208902] tpm tpm0: Operation Canceled
[   23.229935] tpm tpm0: Operation Canceled
[   23.250853] tpm tpm0: Operation Canceled
[   23.271896] tpm tpm0: Operation Canceled
[   23.292845] tpm tpm0: Operation Canceled
[   23.313860] tpm tpm0: Operation Canceled
[   23.334910] tpm tpm0: Operation Canceled
[   23.355844] tpm tpm0: Operation Canceled
[   23.377054] tpm tpm0: Operation Canceled
[   23.398131] tpm tpm0: Operation Canceled
[   23.419232] tpm tpm0: Operation Canceled
[   23.440199] tpm tpm0: Operation Canceled
[   23.461207] tpm tpm0: Operation Canceled
[   23.482214] tpm tpm0: Operation Canceled
[   23.503302] tpm tpm0: Operation Canceled
[   23.524243] tpm tpm0: Operation Canceled
[   23.545217] tpm tpm0: Operation Canceled
[   23.566192] tpm tpm0: Operation Canceled
[   23.587222] tpm tpm0: Operation Canceled
[   23.608295] tpm tpm0: Operation Canceled
[   23.629174] tpm tpm0: Operation Canceled
[   23.650102] tpm tpm0: Operation Canceled
[   23.671071] tpm tpm0: Operation Canceled
[   23.692139] tpm tpm0: Operation Canceled
[   23.713168] tpm tpm0: Operation Canceled
[   23.734145] tpm tpm0: Operation Canceled
[   23.755212] tpm tpm0: Operation Canceled
[   23.776190] tpm tpm0: Operation Canceled
[   23.797236] tpm tpm0: Operation Canceled
[   23.818178] tpm tpm0: Operation Canceled
[   23.839221] tpm tpm0: Operation Canceled
[   23.860129] tpm tpm0: Operation Canceled
[   23.881178] tpm tpm0: Operation Canceled
[   23.902238] tpm tpm0: Operation Canceled
[   23.923115] tpm tpm0: Operation Canceled
[   23.944164] tpm tpm0: Operation Canceled
[   23.965090] tpm tpm0: Operation Canceled
[   23.986200] tpm tpm0: Operation Canceled
[   24.007198] tpm tpm0: Operation Canceled
[   24.028232] tpm tpm0: Operation Canceled
[   24.049217] tpm tpm0: Operation Canceled
[   24.070217] tpm tpm0: Operation Canceled
[   24.091218] tpm tpm0: Operation Canceled
[   24.112108] tpm tpm0: Operation Canceled
[   24.133220] tpm tpm0: Operation Canceled
[   24.154309] tpm tpm0: Operation Canceled
[   24.175288] tpm tpm0: Operation Canceled
[   24.196265] tpm tpm0: Operation Canceled
[   24.217328] tpm tpm0: Operation Canceled
[   24.238313] tpm tpm0: Operation Canceled
[   24.259359] tpm tpm0: Operation Canceled
[   24.280290] tpm tpm0: Operation Canceled
[   24.301303] tpm tpm0: Operation Canceled
[   24.322230] tpm tpm0: Operation Canceled
[   24.343366] tpm tpm0: Operation Canceled
[   24.364563] tpm tpm0: Operation Canceled
[   24.385479] tpm tpm0: Operation Canceled
[   24.406490] tpm tpm0: Operation Canceled
[   24.427499] tpm tpm0: Operation Canceled
[   24.448476] tpm tpm0: Operation Canceled
[   24.469430] tpm tpm0: Operation Canceled
[   24.490415] tpm tpm0: Operation Canceled
[   24.511337] tpm tpm0: Operation Canceled
[   24.532636] tpm tpm0: Operation Canceled
[   24.553477] tpm tpm0: Operation Canceled
[   24.574749] tpm tpm0: Operation Canceled
[   24.595670] tpm tpm0: Operation Canceled
[   24.616677] tpm tpm0: Operation Canceled
[   24.627297] tpm tpm0: Operation Canceled
[   24.648860] tpm tpm0: Operation Canceled
[   24.669847] tpm tpm0: Operation Canceled
[   24.690876] tpm tpm0: Operation Canceled
[   24.711861] tpm tpm0: Operation Canceled
[   24.722497] tpm tpm0: Operation Canceled
[   24.743408] tpm tpm0: Operation Canceled
[   24.764638] tpm tpm0: Operation Canceled
[   24.785475] tpm tpm0: Operation Canceled
[   24.806840] tpm tpm0: Operation Canceled
[   24.827582] tpm tpm0: Operation Canceled
[   24.848875] tpm tpm0: Operation Canceled
[   24.869862] tpm tpm0: Operation Canceled
[   24.891075] tpm tpm0: Operation Canceled
[   24.911877] tpm tpm0: Operation Canceled
[   24.932849] tpm tpm0: Operation Canceled
[   24.953890] tpm tpm0: Operation Canceled
[   24.974896] tpm tpm0: Operation Canceled
[   24.995886] tpm tpm0: Operation Canceled
[   25.016858] tpm tpm0: Operation Canceled
[   25.038013] tpm tpm0: Operation Canceled
[   25.059018] tpm tpm0: Operation Canceled
[   25.080038] tpm tpm0: Operation Canceled
[   25.090554] tpm tpm0: Operation Canceled
[   25.111504] tpm tpm0: Operation Canceled
[   25.132524] tpm tpm0: Operation Canceled
[   25.153474] tpm tpm0: Operation Canceled
[   25.185014] tpm tpm0: Operation Canceled
[   25.206191] tpm tpm0: Operation Canceled
[   25.227288] tpm tpm0: Operation Canceled
[   25.248259] tpm tpm0: Operation Canceled
[   25.269249] tpm tpm0: Operation Canceled
[   25.290249] tpm tpm0: Operation Canceled
[   25.311322] tpm tpm0: Operation Canceled
[   25.332322] tpm tpm0: Operation Canceled
[   25.353271] tpm tpm0: Operation Canceled
[   25.374604] tpm tpm0: Operation Canceled
[   25.406162] tpm tpm0: Operation Canceled
[   25.427215] tpm tpm0: Operation Canceled
[   25.448285] tpm tpm0: Operation Canceled
[   25.469285] tpm tpm0: Operation Canceled
[   25.490253] tpm tpm0: Operation Canceled
[   25.511185] tpm tpm0: Operation Canceled
[   25.532401] tpm tpm0: Operation Canceled
[   25.553407] tpm tpm0: Operation Canceled
[   25.574430] tpm tpm0: Operation Canceled
[   25.595391] tpm tpm0: Operation Canceled
[   25.616403] tpm tpm0: Operation Canceled
[   25.637386] tpm tpm0: Operation Canceled
[   25.658495] tpm tpm0: Operation Canceled
[   25.679634] tpm tpm0: Operation Canceled
[   25.700659] tpm tpm0: Operation Canceled
[   25.721477] tpm tpm0: Operation Canceled
[   25.742712] tpm tpm0: Operation Canceled
[   25.763616] tpm tpm0: Operation Canceled
[   25.784607] tpm tpm0: Operation Canceled
[   25.795069] tpm tpm0: Operation Canceled
[   25.816110] tpm tpm0: Operation Canceled
[   25.826554] tpm tpm0: Operation Canceled
[   25.847591] tpm tpm0: Operation Canceled
[   25.868621] tpm tpm0: Operation Canceled
[   25.889482] tpm tpm0: Operation Canceled
[   25.910777] tpm tpm0: Operation Canceled
[   25.931673] tpm tpm0: Operation Canceled
[   25.952663] tpm tpm0: Operation Canceled
[   25.973479] tpm tpm0: Operation Canceled
[   25.994728] tpm tpm0: Operation Canceled
[   26.015559] tpm tpm0: Operation Canceled
[   26.036481] tpm tpm0: Operation Canceled
[   26.068183] tpm tpm0: Operation Canceled
[   26.089051] tpm tpm0: Operation Canceled
[   26.110050] tpm tpm0: Operation Canceled
[   26.131222] tpm tpm0: Operation Canceled
[   26.151970] tpm tpm0: Operation Canceled
[   26.162565] tpm tpm0: Operation Canceled
[   26.183549] tpm tpm0: Operation Canceled
[   26.204636] tpm tpm0: Operation Canceled
[   26.225476] tpm tpm0: Operation Canceled
[   26.246723] tpm tpm0: Operation Canceled
[   26.267701] tpm tpm0: Operation Canceled
[   26.288637] tpm tpm0: Operation Canceled
[   26.299099] tpm tpm0: Operation Canceled
[   26.320169] tpm tpm0: Operation Canceled
[   26.341154] tpm tpm0: Operation Canceled
[   26.362197] tpm tpm0: Operation Canceled
[   26.383121] tpm tpm0: Operation Canceled
[   26.404105] tpm tpm0: Operation Canceled
[   26.425075] tpm tpm0: Operation Canceled
[   26.446075] tpm tpm0: Operation Canceled
[   26.467319] tpm tpm0: Operation Canceled
[   26.488253] tpm tpm0: Operation Canceled
[   26.509360] tpm tpm0: Operation Canceled
[   26.530377] tpm tpm0: Operation Canceled
[   26.551411] tpm tpm0: Operation Canceled
[   26.572428] tpm tpm0: Operation Canceled
[   26.593361] tpm tpm0: Operation Canceled
[   26.614373] tpm tpm0: Operation Canceled
[   26.635360] tpm tpm0: Operation Canceled
[   26.656349] tpm tpm0: Operation Canceled
[   26.677395] tpm tpm0: Operation Canceled
[   26.698683] tpm tpm0: Operation Canceled
[   26.719424] tpm tpm0: Operation Canceled
[   26.740410] tpm tpm0: Operation Canceled
[   26.761460] tpm tpm0: Operation Canceled
[   26.782391] tpm tpm0: Operation Canceled
[   26.803439] tpm tpm0: Operation Canceled
[   26.824423] tpm tpm0: Operation Canceled
[   26.845476] tpm tpm0: Operation Canceled
[   26.867001] tpm tpm0: Operation Canceled
[   26.887914] tpm tpm0: Operation Canceled
[   26.898500] tpm tpm0: Operation Canceled
[   26.919392] tpm tpm0: Operation Canceled
[   26.940396] tpm tpm0: Operation Canceled
[   26.961363] tpm tpm0: Operation Canceled
[   26.982421] tpm tpm0: Operation Canceled
[   27.003411] tpm tpm0: Operation Canceled
[   27.024368] tpm tpm0: Operation Canceled
[   27.045354] tpm tpm0: Operation Canceled
[   27.066266] tpm tpm0: Operation Canceled
[   27.087425] tpm tpm0: Operation Canceled
[   27.108619] tpm tpm0: Operation Canceled
[   27.129461] tpm tpm0: Operation Canceled
[   27.150430] tpm tpm0: Operation Canceled
[   27.171410] tpm tpm0: Operation Canceled
[   27.182510] tpm tpm0: Operation Canceled
[   27.203111] tpm tpm0: Operation Canceled
[   27.224192] tpm tpm0: Operation Canceled
[   27.245155] tpm tpm0: Operation Canceled
[   27.266187] tpm tpm0: Operation Canceled
[   27.287219] tpm tpm0: Operation Canceled
[   27.308159] tpm tpm0: Operation Canceled
[   27.329128] tpm tpm0: Operation Canceled
[   27.350112] tpm tpm0: Operation Canceled
[   27.381482] tpm tpm0: Operation Canceled
[   27.402612] tpm tpm0: Operation Canceled
[   27.423716] tpm tpm0: Operation Canceled
[   27.444847] tpm tpm0: Operation Canceled
[   27.465933] tpm tpm0: Operation Canceled
[   27.486948] tpm tpm0: Operation Canceled
[   27.507909] tpm tpm0: Operation Canceled
[   27.528918] tpm tpm0: Operation Canceled
[   27.549899] tpm tpm0: Operation Canceled
[   27.570923] tpm tpm0: Operation Canceled
[   27.591858] tpm tpm0: Operation Canceled
[   27.612850] tpm tpm0: Operation Canceled
[   27.633843] tpm tpm0: Operation Canceled
[   27.654935] tpm tpm0: Operation Canceled
[   27.675880] tpm tpm0: Operation Canceled
[   27.696918] tpm tpm0: Operation Canceled
[   27.717899] tpm tpm0: Operation Canceled
[   27.738920] tpm tpm0: Operation Canceled
[   27.760083] tpm tpm0: Operation Canceled
[   27.781138] tpm tpm0: Operation Canceled
[   27.802180] tpm tpm0: Operation Canceled
[   27.823100] tpm tpm0: Operation Canceled
[   27.844047] tpm tpm0: Operation Canceled
[   27.865137] tpm tpm0: Operation Canceled
[   27.886148] tpm tpm0: Operation Canceled
[   27.907082] tpm tpm0: Operation Canceled
[   27.917483] tpm tpm0: Operation Canceled
[   27.938883] tpm tpm0: Operation Canceled
[   27.959629] tpm tpm0: Operation Canceled
[   27.980635] tpm tpm0: Operation Canceled
[   28.001482] tpm tpm0: Operation Canceled
[   28.022768] tpm tpm0: Operation Canceled
[   28.043827] tpm tpm0: Operation Canceled
[   28.064602] tpm tpm0: Operation Canceled
[   28.085479] tpm tpm0: Operation Canceled
[   28.106789] tpm tpm0: Operation Canceled
[   28.127584] tpm tpm0: Operation Canceled
[   28.159067] tpm tpm0: Operation Canceled
[   28.180024] tpm tpm0: Operation Canceled
[   28.201070] tpm tpm0: Operation Canceled
[   28.221976] tpm tpm0: Operation Canceled
[   28.243071] tpm tpm0: Operation Canceled
[   28.253487] tpm tpm0: Operation Canceled
[   28.274602] tpm tpm0: Operation Canceled
[   28.295658] tpm tpm0: Operation Canceled
[   28.316634] tpm tpm0: Operation Canceled
[   28.337852] tpm tpm0: Operation Canceled
[   28.358987] tpm tpm0: Operation Canceled
[   28.379892] tpm tpm0: Operation Canceled
[   28.400862] tpm tpm0: Operation Canceled
[   28.421871] tpm tpm0: Operation Canceled
[   28.442897] tpm tpm0: Operation Canceled
[   28.463822] tpm tpm0: Operation Canceled
[   28.484774] tpm tpm0: Operation Canceled
[   28.505863] tpm tpm0: Operation Canceled
[   28.526926] tpm tpm0: Operation Canceled
[   28.548076] tpm tpm0: Operation Canceled
[   28.568860] tpm tpm0: Operation Canceled
[   28.589846] tpm tpm0: Operation Canceled
[   28.610858] tpm tpm0: Operation Canceled
[   28.631827] tpm tpm0: Operation Canceled
[   28.653044] tpm tpm0: Operation Canceled
[   28.674044] tpm tpm0: Operation Canceled
[   28.695107] tpm tpm0: Operation Canceled
[   28.716386] tpm tpm0: Operation Canceled
[   28.736979] tpm tpm0: Operation Canceled
[   28.758000] tpm tpm0: Operation Canceled
[   28.778990] tpm tpm0: Operation Canceled
[   28.799972] tpm tpm0: Operation Canceled
[   28.820917] tpm tpm0: Operation Canceled
[   28.842014] tpm tpm0: Operation Canceled
[   28.863067] tpm tpm0: Operation Canceled
[   28.884084] tpm tpm0: Operation Canceled
[   28.905057] tpm tpm0: Operation Canceled
[   28.926039] tpm tpm0: Operation Canceled
[   28.947065] tpm tpm0: Operation Canceled
[   28.968062] tpm tpm0: Operation Canceled
[   28.989059] tpm tpm0: Operation Canceled
[   29.010042] tpm tpm0: Operation Canceled
[   29.031367] tpm tpm0: Operation Canceled
[   29.052332] tpm tpm0: Operation Canceled
[   29.073347] tpm tpm0: Operation Canceled
[   29.094316] tpm tpm0: Operation Canceled
[   29.115307] tpm tpm0: Operation Canceled
[   29.136302] tpm tpm0: Operation Canceled
[   29.157284] tpm tpm0: Operation Canceled
[   29.178297] tpm tpm0: Operation Canceled
[   29.199272] tpm tpm0: Operation Canceled
[   29.220251] tpm tpm0: Operation Canceled
[   29.241244] tpm tpm0: Operation Canceled
[   29.262275] tpm tpm0: Operation Canceled
[   29.283242] tpm tpm0: Operation Canceled
[   29.304249] tpm tpm0: Operation Canceled
[   29.325474] tpm tpm0: Operation Canceled
[   29.346568] tpm tpm0: Operation Canceled
[   29.367481] tpm tpm0: Operation Canceled
[   29.388469] tpm tpm0: Operation Canceled
[   29.409473] tpm tpm0: Operation Canceled
[   29.430586] tpm tpm0: Operation Canceled
[   29.451494] tpm tpm0: Operation Canceled
[   29.472417] tpm tpm0: Operation Canceled
[   29.493417] tpm tpm0: Operation Canceled
[   29.514419] tpm tpm0: Operation Canceled
[   29.535572] tpm tpm0: Operation Canceled
[   29.556559] tpm tpm0: Operation Canceled
[   29.577505] tpm tpm0: Operation Canceled
[   29.598738] tpm tpm0: Operation Canceled
[   29.619560] tpm tpm0: Operation Canceled
[   29.640499] tpm tpm0: Operation Canceled
[   29.661473] tpm tpm0: Operation Canceled
[   29.682699] tpm tpm0: Operation Canceled
[   29.703634] tpm tpm0: Operation Canceled
[   29.724644] tpm tpm0: Operation Canceled
[   29.745474] tpm tpm0: Operation Canceled
[   29.766643] tpm tpm0: Operation Canceled
[   29.787624] tpm tpm0: Operation Canceled
[   29.808641] tpm tpm0: Operation Canceled
[   29.829474] tpm tpm0: Operation Canceled
[   29.850875] tpm tpm0: Operation Canceled
[   29.871889] tpm tpm0: Operation Canceled
[   29.882496] tpm tpm0: Operation Canceled
[   29.903392] tpm tpm0: Operation Canceled
[   29.924375] tpm tpm0: Operation Canceled
[   29.945393] tpm tpm0: Operation Canceled
[   29.966362] tpm tpm0: Operation Canceled
[   29.987440] tpm tpm0: Operation Canceled
[   30.008455] tpm tpm0: Operation Canceled
[   30.029482] tpm tpm0: Operation Canceled
[   30.050553] tpm tpm0: Operation Canceled
[   30.071477] tpm tpm0: Operation Canceled
[   30.092480] tpm tpm0: Operation Canceled
[   30.124033] tpm tpm0: Operation Canceled
[   30.145023] tpm tpm0: Operation Canceled
[   30.176694] tpm tpm0: Operation Canceled
[   30.197472] tpm tpm0: Operation Canceled
[   30.218781] tpm tpm0: Operation Canceled
[   30.239782] tpm tpm0: Operation Canceled
[   30.260751] tpm tpm0: Operation Canceled
[   30.281770] tpm tpm0: Operation Canceled
[   30.302782] tpm tpm0: Operation Canceled
[   30.323813] tpm tpm0: Operation Canceled
[   30.344798] tpm tpm0: Operation Canceled
[   30.355369] tpm tpm0: Operation Canceled
[   30.376309] tpm tpm0: Operation Canceled
[   30.397468] tpm tpm0: Operation Canceled
[   30.418487] tpm tpm0: Operation Canceled
[   30.439473] tpm tpm0: Operation Canceled
[   30.460659] tpm tpm0: Operation Canceled
[   30.492188] tpm tpm0: Operation Canceled
[   30.513319] tpm tpm0: Operation Canceled
[   30.534393] tpm tpm0: Operation Canceled
[   30.555378] tpm tpm0: Operation Canceled
[   30.576403] tpm tpm0: Operation Canceled
[   30.597375] tpm tpm0: Operation Canceled
[   30.618368] tpm tpm0: Operation Canceled
[   30.639396] tpm tpm0: Operation Canceled
[   30.660442] tpm tpm0: Operation Canceled
[   30.681395] tpm tpm0: Operation Canceled
[   30.702608] tpm tpm0: Operation Canceled
[   30.723556] tpm tpm0: Operation Canceled
[   30.744582] tpm tpm0: Operation Canceled
[   30.755128] tpm tpm0: Operation Canceled
[   30.776075] tpm tpm0: Operation Canceled
[   30.797061] tpm tpm0: Operation Canceled
[   30.818041] tpm tpm0: Operation Canceled
[   30.839052] tpm tpm0: Operation Canceled
[   30.860064] tpm tpm0: Operation Canceled
[   30.870579] tpm tpm0: Operation Canceled
[   30.891581] tpm tpm0: Operation Canceled
[   30.912543] tpm tpm0: Operation Canceled
[   30.923125] tpm tpm0: Operation Canceled
[   30.944386] tpm tpm0: Operation Canceled
[   30.965090] tpm tpm0: Operation Canceled
[   30.986087] tpm tpm0: Operation Canceled
[   31.007130] tpm tpm0: Operation Canceled
[   31.028135] tpm tpm0: Operation Canceled
[   31.049096] tpm tpm0: Operation Canceled
[   31.070065] tpm tpm0: Operation Canceled
[   31.101804] tpm tpm0: Operation Canceled
[   31.122635] tpm tpm0: Operation Canceled
[   31.143624] tpm tpm0: Operation Canceled
[   31.164585] tpm tpm0: Operation Canceled
[   31.196176] tpm tpm0: Operation Canceled
[   31.217146] tpm tpm0: Operation Canceled
[   31.238160] tpm tpm0: Operation Canceled
[   31.259185] tpm tpm0: Operation Canceled
[   31.280187] tpm tpm0: Operation Canceled
[   31.301336] tpm tpm0: Operation Canceled
[   31.322288] tpm tpm0: Operation Canceled
[   31.343333] tpm tpm0: Operation Canceled
[   31.364320] tpm tpm0: Operation Canceled
[   31.385312] tpm tpm0: Operation Canceled
[   31.406363] tpm tpm0: Operation Canceled
[   31.427370] tpm tpm0: Operation Canceled
[   31.448382] tpm tpm0: Operation Canceled
[   31.469403] tpm tpm0: Operation Canceled
[   31.490523] tpm tpm0: Operation Canceled
[   31.511405] tpm tpm0: Operation Canceled
[   31.532389] tpm tpm0: Operation Canceled
[   31.553376] tpm tpm0: Operation Canceled
[   31.574390] tpm tpm0: Operation Canceled
[   31.595347] tpm tpm0: Operation Canceled
[   31.616333] tpm tpm0: Operation Canceled
[   31.637338] tpm tpm0: Operation Canceled
[   31.658341] tpm tpm0: Operation Canceled
[   31.679440] tpm tpm0: Operation Canceled
[   31.700390] tpm tpm0: Operation Canceled
[   31.721407] tpm tpm0: Operation Canceled
[   31.742435] tpm tpm0: Operation Canceled
[   31.763443] tpm tpm0: Operation Canceled
[   31.784395] tpm tpm0: Operation Canceled
[   31.805474] tpm tpm0: Operation Canceled
[   31.826662] tpm tpm0: Operation Canceled
[   31.847657] tpm tpm0: Operation Canceled
[   31.868600] tpm tpm0: Operation Canceled
[   31.900228] tpm tpm0: Operation Canceled
[   31.921110] tpm tpm0: Operation Canceled
[   31.942127] tpm tpm0: Operation Canceled
[   31.963253] tpm tpm0: Operation Canceled
[   31.973469] tpm tpm0: Operation Canceled
[   31.994740] tpm tpm0: Operation Canceled
[   32.015691] tpm tpm0: Operation Canceled
[   32.036660] tpm tpm0: Operation Canceled
[   32.057476] tpm tpm0: Operation Canceled
[   32.078897] tpm tpm0: Operation Canceled
[   32.099704] tpm tpm0: Operation Canceled
[   32.120932] tpm tpm0: Operation Canceled
[   32.142018] tpm tpm0: Operation Canceled
[   32.163095] tpm tpm0: Operation Canceled
[   32.184047] tpm tpm0: Operation Canceled
[   32.205029] tpm tpm0: Operation Canceled
[   32.226004] tpm tpm0: Operation Canceled
[   32.247053] tpm tpm0: Operation Canceled
[   32.268011] tpm tpm0: Operation Canceled
[   32.278566] tpm tpm0: Operation Canceled
[   32.299585] tpm tpm0: Operation Canceled
[   32.320781] tpm tpm0: Operation Canceled
[   32.341820] tpm tpm0: Operation Canceled
[   32.362829] tpm tpm0: Operation Canceled
[   32.383794] tpm tpm0: Operation Canceled
[   32.405082] tpm tpm0: Operation Canceled
[   32.425997] tpm tpm0: Operation Canceled
[   32.447139] tpm tpm0: Operation Canceled
[   32.457480] tpm tpm0: Operation Canceled
[   32.478849] tpm tpm0: Operation Canceled
[   32.499702] tpm tpm0: Operation Canceled
[   32.520709] tpm tpm0: Operation Canceled
[   32.541474] tpm tpm0: Operation Canceled
[   32.562747] tpm tpm0: Operation Canceled
[   32.583732] tpm tpm0: Operation Canceled
[   32.604758] tpm tpm0: Operation Canceled
[   32.625767] tpm tpm0: Operation Canceled
[   32.646799] tpm tpm0: Operation Canceled
[   32.668065] tpm tpm0: Operation Canceled
[   32.688807] tpm tpm0: Operation Canceled
[   32.709779] tpm tpm0: Operation Canceled
[   32.730793] tpm tpm0: Operation Canceled
[   32.751758] tpm tpm0: Operation Canceled
[   32.772751] tpm tpm0: Operation Canceled
[   32.793785] tpm tpm0: Operation Canceled
[   32.814790] tpm tpm0: Operation Canceled
[   32.835760] tpm tpm0: Operation Canceled
[   32.856876] tpm tpm0: Operation Canceled
[   32.877930] tpm tpm0: Operation Canceled
[   32.899031] tpm tpm0: Operation Canceled
[   32.919964] tpm tpm0: Operation Canceled
[   32.940952] tpm tpm0: Operation Canceled
[   32.962240] tpm tpm0: Operation Canceled
[   32.983300] tpm tpm0: Operation Canceled
[   33.004255] tpm tpm0: Operation Canceled
[   33.025285] tpm tpm0: Operation Canceled
[   33.046258] tpm tpm0: Operation Canceled
[   33.067358] tpm tpm0: Operation Canceled
[   33.088306] tpm tpm0: Operation Canceled
[   33.109298] tpm tpm0: Operation Canceled
[   33.130321] tpm tpm0: Operation Canceled
[   33.151391] tpm tpm0: Operation Canceled
[   33.182878] tpm tpm0: Operation Canceled
[   33.203878] tpm tpm0: Operation Canceled
[   33.224866] tpm tpm0: Operation Canceled
[   33.256638] tpm tpm0: Operation Canceled
[   33.277966] tpm tpm0: Operation Canceled
[   33.299004] tpm tpm0: Operation Canceled
[   33.319758] tpm tpm0: Operation Canceled
[   33.330505] tpm tpm0: Operation Canceled
[   33.351324] tpm tpm0: Operation Canceled
[   33.372292] tpm tpm0: Operation Canceled
[   33.393256] tpm tpm0: Operation Canceled
[   33.414267] tpm tpm0: Operation Canceled
[   33.435319] tpm tpm0: Operation Canceled
[   33.456304] tpm tpm0: Operation Canceled
[   33.477320] tpm tpm0: Operation Canceled
[   33.498316] tpm tpm0: Operation Canceled
[   33.519421] tpm tpm0: Operation Canceled
[   33.540608] tpm tpm0: Operation Canceled
[   33.572257] tpm tpm0: Operation Canceled
[   33.593162] tpm tpm0: Operation Canceled
[   33.614151] tpm tpm0: Operation Canceled
[   33.635239] tpm tpm0: Operation Canceled
[   33.656203] tpm tpm0: Operation Canceled
[   33.677191] tpm tpm0: Operation Canceled
[   33.698202] tpm tpm0: Operation Canceled
[   33.719343] tpm tpm0: Operation Canceled
[   33.740312] tpm tpm0: Operation Canceled
[   33.761358] tpm tpm0: Operation Canceled
[   33.782344] tpm tpm0: Operation Canceled
[   33.803420] tpm tpm0: Operation Canceled
[   33.824364] tpm tpm0: Operation Canceled
[   33.845341] tpm tpm0: Operation Canceled
[   33.866363] tpm tpm0: Operation Canceled
[   33.887346] tpm tpm0: Operation Canceled
[   33.908363] tpm tpm0: Operation Canceled
[   33.929312] tpm tpm0: Operation Canceled
[   33.950304] tpm tpm0: Operation Canceled
[   33.971353] tpm tpm0: Operation Canceled
[   33.992375] tpm tpm0: Operation Canceled
[   34.013318] tpm tpm0: Operation Canceled
[   34.034361] tpm tpm0: Operation Canceled
[   34.055398] tpm tpm0: Operation Canceled
[   34.076675] tpm tpm0: Operation Canceled
[   34.087228] tpm tpm0: Operation Canceled
[   34.108188] tpm tpm0: Operation Canceled
[   34.129194] tpm tpm0: Operation Canceled
[   34.150194] tpm tpm0: Operation Canceled
[   34.181475] tpm tpm0: Operation Canceled
[   34.202867] tpm tpm0: Operation Canceled
[   34.223718] tpm tpm0: Operation Canceled
[   34.244715] tpm tpm0: Operation Canceled
[   34.276271] tpm tpm0: Operation Canceled
[   34.297200] tpm tpm0: Operation Canceled
[   34.318204] tpm tpm0: Operation Canceled
[   34.339244] tpm tpm0: Operation Canceled
[   34.360407] tpm tpm0: Operation Canceled
[   34.381346] tpm tpm0: Operation Canceled
[   34.402366] tpm tpm0: Operation Canceled
[   34.423395] tpm tpm0: Operation Canceled
[   34.444352] tpm tpm0: Operation Canceled
[   34.455296] tpm tpm0: Operation Canceled
[   34.476098] tpm tpm0: Operation Canceled
[   34.497009] tpm tpm0: Operation Canceled
[   34.518152] tpm tpm0: Operation Canceled
[   34.539156] tpm tpm0: Operation Canceled
[   34.560163] tpm tpm0: Operation Canceled
[   34.581106] tpm tpm0: Operation Canceled
[   34.602386] tpm tpm0: Operation Canceled
[   34.623410] tpm tpm0: Operation Canceled
[   34.644428] tpm tpm0: Operation Canceled
[   34.665391] tpm tpm0: Operation Canceled
[   34.686368] tpm tpm0: Operation Canceled
[   34.707391] tpm tpm0: Operation Canceled
[   34.728361] tpm tpm0: Operation Canceled
[   34.749408] tpm tpm0: Operation Canceled
[   34.770390] tpm tpm0: Operation Canceled
[   34.791377] tpm tpm0: Operation Canceled
[   34.812391] tpm tpm0: Operation Canceled
[   34.833400] tpm tpm0: Operation Canceled
[   34.854343] tpm tpm0: Operation Canceled
[   34.875415] tpm tpm0: Operation Canceled
[   34.896417] tpm tpm0: Operation Canceled
[   34.917472] tpm tpm0: Operation Canceled
[   34.938434] tpm tpm0: Operation Canceled
[   34.959384] tpm tpm0: Operation Canceled
[   34.980356] tpm tpm0: Operation Canceled
[   35.001339] tpm tpm0: Operation Canceled
[   35.022377] tpm tpm0: Operation Canceled
[   35.043342] tpm tpm0: Operation Canceled
[   35.064336] tpm tpm0: Operation Canceled
[   35.085312] tpm tpm0: Operation Canceled
[   35.106382] tpm tpm0: Operation Canceled
[   35.127616] tpm tpm0: Operation Canceled
[   35.148614] tpm tpm0: Operation Canceled
[   35.180163] tpm tpm0: Operation Canceled
[   35.201175] tpm tpm0: Operation Canceled
[   35.222313] tpm tpm0: Operation Canceled
[   35.243354] tpm tpm0: Operation Canceled
[   35.264354] tpm tpm0: Operation Canceled
[   35.285364] tpm tpm0: Operation Canceled
[   35.306689] tpm tpm0: Operation Canceled
[   35.327608] tpm tpm0: Operation Canceled
[   35.348589] tpm tpm0: Operation Canceled
[   35.359185] tpm tpm0: Operation Canceled
[   35.380172] tpm tpm0: Operation Canceled
[   35.401175] tpm tpm0: Operation Canceled
[   35.422160] tpm tpm0: Operation Canceled
[   35.453477] tpm tpm0: Operation Canceled
[   35.474789] tpm tpm0: Operation Canceled
[   35.495711] tpm tpm0: Operation Canceled
[   35.516701] tpm tpm0: Operation Canceled
[   35.537470] tpm tpm0: Operation Canceled
[   35.558759] tpm tpm0: Operation Canceled
[   35.579732] tpm tpm0: Operation Canceled
[   35.600690] tpm tpm0: Operation Canceled
[   35.621473] tpm tpm0: Operation Canceled
[   35.633171] tpm tpm0: Operation Canceled
[   35.653304] tpm tpm0: Operation Canceled
[   35.674554] tpm tpm0: Operation Canceled
[   35.695520] tpm tpm0: Operation Canceled
[   35.716511] tpm tpm0: Operation Canceled
[   35.737471] tpm tpm0: Operation Canceled
[   35.758725] tpm tpm0: Operation Canceled
[   35.779479] tpm tpm0: Operation Canceled
[   35.800441] tpm tpm0: Operation Canceled
[   35.821474] tpm tpm0: Operation Canceled
[   35.842818] tpm tpm0: Operation Canceled
[   35.863467] tpm tpm0: Operation Canceled
[   35.884446] tpm tpm0: Operation Canceled
[   35.905465] tpm tpm0: Operation Canceled
[   35.926686] tpm tpm0: Operation Canceled
[   35.947434] tpm tpm0: Operation Canceled
[   35.968469] tpm tpm0: Operation Canceled
[   35.989477] tpm tpm0: Operation Canceled
[   36.010572] tpm tpm0: Operation Canceled
[   36.031461] tpm tpm0: Operation Canceled
[   36.052447] tpm tpm0: Operation Canceled
[   36.063081] tpm tpm0: Operation Canceled
[   36.083987] tpm tpm0: Operation Canceled
[   36.094603] tpm tpm0: Operation Canceled
[   36.115443] tpm tpm0: Operation Canceled
[   36.136441] tpm tpm0: Operation Canceled
[   36.157479] tpm tpm0: Operation Canceled
[   36.178736] tpm tpm0: Operation Canceled
[   36.199473] tpm tpm0: Operation Canceled
[   36.220470] tpm tpm0: Operation Canceled
[   36.252014] tpm tpm0: Operation Canceled
[   36.272958] tpm tpm0: Operation Canceled
[   36.294000] tpm tpm0: Operation Canceled
[   36.315292] tpm tpm0: Operation Canceled
[   36.335940] tpm tpm0: Operation Canceled
[   36.356943] tpm tpm0: Operation Canceled
[   36.377915] tpm tpm0: Operation Canceled
[   36.398931] tpm tpm0: Operation Canceled
[   36.419853] tpm tpm0: Operation Canceled
[   36.440902] tpm tpm0: Operation Canceled
[   36.461899] tpm tpm0: Operation Canceled
[   36.482956] tpm tpm0: Operation Canceled
[   36.503917] tpm tpm0: Operation Canceled
[   36.524926] tpm tpm0: Operation Canceled
[   36.546146] tpm tpm0: Operation Canceled
[   36.567184] tpm tpm0: Operation Canceled
[   36.588123] tpm tpm0: Operation Canceled
[   36.609262] tpm tpm0: Operation Canceled
[   36.630253] tpm tpm0: Operation Canceled
[   36.651268] tpm tpm0: Operation Canceled
[   36.672326] tpm tpm0: Operation Canceled
[   36.693272] tpm tpm0: Operation Canceled
[   36.714284] tpm tpm0: Operation Canceled
[   36.735340] tpm tpm0: Operation Canceled
[   36.756346] tpm tpm0: Operation Canceled
[   36.777304] tpm tpm0: Operation Canceled
[   36.798306] tpm tpm0: Operation Canceled
[   36.819352] tpm tpm0: Operation Canceled
[   36.840400] tpm tpm0: Operation Canceled
[   36.861364] tpm tpm0: Operation Canceled
[   36.882382] tpm tpm0: Operation Canceled
[   36.903494] tpm tpm0: Operation Canceled
[   36.924483] tpm tpm0: Operation Canceled
[   36.935082] tpm tpm0: Operation Canceled
[   36.956051] tpm tpm0: Operation Canceled
[   36.977007] tpm tpm0: Operation Canceled
[   36.997999] tpm tpm0: Operation Canceled
[   37.029481] tpm tpm0: Operation Canceled
[   37.050668] tpm tpm0: Operation Canceled
[   37.071632] tpm tpm0: Operation Canceled
[   37.092593] tpm tpm0: Operation Canceled
[   37.113474] tpm tpm0: Operation Canceled
[   37.134639] tpm tpm0: Operation Canceled
[   37.155594] tpm tpm0: Operation Canceled
[   37.166510] tpm tpm0: Operation Canceled
[   37.187157] tpm tpm0: Operation Canceled
[   37.208113] tpm tpm0: Operation Canceled
[   37.229113] tpm tpm0: Operation Canceled
[   37.250115] tpm tpm0: Operation Canceled
[   37.271106] tpm tpm0: Operation Canceled
[   37.292048] tpm tpm0: Operation Canceled
[   37.313053] tpm tpm0: Operation Canceled
[   37.334047] tpm tpm0: Operation Canceled
[   37.355142] tpm tpm0: Operation Canceled
[   37.376082] tpm tpm0: Operation Canceled
[   37.397094] tpm tpm0: Operation Canceled
[   37.418306] tpm tpm0: Operation Canceled
[   37.439371] tpm tpm0: Operation Canceled
[   37.460335] tpm tpm0: Operation Canceled
[   37.481275] tpm tpm0: Operation Canceled
[   37.502265] tpm tpm0: Operation Canceled
[   37.523296] tpm tpm0: Operation Canceled
[   37.544314] tpm tpm0: Operation Canceled
[   37.565264] tpm tpm0: Operation Canceled
[   37.586269] tpm tpm0: Operation Canceled
[   37.607580] tpm tpm0: Operation Canceled
[   37.628584] tpm tpm0: Operation Canceled
[   37.639153] tpm tpm0: Operation Canceled
[   37.660146] tpm tpm0: Operation Canceled
[   37.681190] tpm tpm0: Operation Canceled
[   37.702393] tpm tpm0: Operation Canceled
[   37.723372] tpm tpm0: Operation Canceled
[   37.744369] tpm tpm0: Operation Canceled
[   37.765374] tpm tpm0: Operation Canceled
[   37.786401] tpm tpm0: Operation Canceled
[   37.807382] tpm tpm0: Operation Canceled
[   37.828367] tpm tpm0: Operation Canceled
[   37.849353] tpm tpm0: Operation Canceled
[   37.870391] tpm tpm0: Operation Canceled
[   37.891446] tpm tpm0: Operation Canceled
[   37.912456] tpm tpm0: Operation Canceled
[   37.933436] tpm tpm0: Operation Canceled
[   37.954729] tpm tpm0: Operation Canceled
[   37.975649] tpm tpm0: Operation Canceled
[   37.996633] tpm tpm0: Operation Canceled
[   38.028219] tpm tpm0: Operation Canceled
[   38.049159] tpm tpm0: Operation Canceled
[   38.070206] tpm tpm0: Operation Canceled
[   38.091224] tpm tpm0: Operation Canceled
[   38.112187] tpm tpm0: Operation Canceled
[   38.133202] tpm tpm0: Operation Canceled
[   38.154231] tpm tpm0: Operation Canceled
[   38.175223] tpm tpm0: Operation Canceled
[   38.196259] tpm tpm0: Operation Canceled
[   38.217222] tpm tpm0: Operation Canceled
[   38.238255] tpm tpm0: Operation Canceled
[   38.259497] tpm tpm0: Operation Canceled
[   38.280513] tpm tpm0: Operation Canceled
[   38.291104] tpm tpm0: Operation Canceled
[   38.312059] tpm tpm0: Operation Canceled
[   38.333043] tpm tpm0: Operation Canceled
[   38.354053] tpm tpm0: Operation Canceled
[   38.375007] tpm tpm0: Operation Canceled
[   38.395969] tpm tpm0: Operation Canceled
[   38.416958] tpm tpm0: Operation Canceled
[   38.437999] tpm tpm0: Operation Canceled
[   38.459388] tpm tpm0: Operation Canceled
[   38.480316] tpm tpm0: Operation Canceled
[   38.501329] tpm tpm0: Operation Canceled
[   38.522542] tpm tpm0: Operation Canceled
[   38.543517] tpm tpm0: Operation Canceled
[   38.564512] tpm tpm0: Operation Canceled
[   38.596328] tpm tpm0: Operation Canceled
[   38.617277] tpm tpm0: Operation Canceled
[   38.638474] tpm tpm0: Operation Canceled
[   38.659417] tpm tpm0: Operation Canceled
[   38.680412] tpm tpm0: Operation Canceled
[   38.701416] tpm tpm0: Operation Canceled
[   38.722446] tpm tpm0: Operation Canceled
[   38.743426] tpm tpm0: Operation Canceled
[   38.764428] tpm tpm0: Operation Canceled
[   38.785426] tpm tpm0: Operation Canceled
[   38.806495] tpm tpm0: Operation Canceled
[   38.827437] tpm tpm0: Operation Canceled
[   38.848435] tpm tpm0: Operation Canceled
[   38.859190] tpm tpm0: Operation Canceled
[   38.880134] tpm tpm0: Operation Canceled
[   38.901112] tpm tpm0: Operation Canceled
[   38.922170] tpm tpm0: Operation Canceled
[   38.943118] tpm tpm0: Operation Canceled
[   38.964126] tpm tpm0: Operation Canceled
[   38.985138] tpm tpm0: Operation Canceled
[   39.006421] tpm tpm0: Operation Canceled
[   39.027394] tpm tpm0: Operation Canceled
[   39.048416] tpm tpm0: Operation Canceled
[   39.069424] tpm tpm0: Operation Canceled
[   39.090496] tpm tpm0: Operation Canceled
[   39.111424] tpm tpm0: Operation Canceled
[   39.132650] tpm tpm0: Operation Canceled
[   39.164277] tpm tpm0: Operation Canceled
[   39.195822] tpm tpm0: Operation Canceled
[   39.216830] tpm tpm0: Operation Canceled
[   39.237872] tpm tpm0: Operation Canceled
[   39.258873] tpm tpm0: Operation Canceled
[   39.279815] tpm tpm0: Operation Canceled
[   39.300806] tpm tpm0: Operation Canceled
[   39.321847] tpm tpm0: Operation Canceled
[   39.342882] tpm tpm0: Operation Canceled
[   39.363863] tpm tpm0: Operation Canceled
[   39.374499] tpm tpm0: Operation Canceled
[   39.395382] tpm tpm0: Operation Canceled
[   39.416406] tpm tpm0: Operation Canceled
[   39.437378] tpm tpm0: Operation Canceled
[   39.458363] tpm tpm0: Operation Canceled
[   39.479377] tpm tpm0: Operation Canceled
[   39.500417] tpm tpm0: Operation Canceled
[   39.521419] tpm tpm0: Operation Canceled
[   39.542391] tpm tpm0: Operation Canceled
[   39.563410] tpm tpm0: Operation Canceled
[   39.584400] tpm tpm0: Operation Canceled
[   39.605424] tpm tpm0: Operation Canceled
[   39.626436] tpm tpm0: Operation Canceled
[   39.647421] tpm tpm0: Operation Canceled
