c[?7l[2J[0mSeaBIOS (version rel-1.16.0-0-gd239552ce722-prebuilt.qemu.org)


iPXE (http://ipxe.org) 00:03.0 CA00 PCI2.10 PnP PMM+7FF91000+7FEF1000 CA00
Press Ctrl-B to configure iPXE (PCI 00:03.0)...                                                                               


Booting from ROM..c[?7l[2J[    0.000000] Linux version 6.18.0-83f6ace27d21+ (root@gnr-bkc) (gcc (GCC) 11.5.0 20240719 (Red Hat 11.5.0-14), GNU ld version 2.35.2-54.el9) #1 SMP PREEMPT_DYNAMIC Tue Dec  2 20:50:31 CST 2025
[    0.000000] Command line: console=ttyS0 root=/dev/sda earlyprintk=serial net.ifnames=0 thunderbolt.dyndbg
[    0.000000] KERNEL supported cpus:
[    0.000000]   Intel GenuineIntel
[    0.000000]   AMD AuthenticAMD
[    0.000000]   Hygon HygonGenuine
[    0.000000]   Centaur CentaurHauls
[    0.000000]   zhaoxin   Shanghai  
[    0.000000] x86/split lock detection: #DB: warning on user-space bus_locks
[    0.000000] BIOS-provided physical RAM map:
[    0.000000] BIOS-e820: [mem 0x0000000000000000-0x000000000009fbff] usable
[    0.000000] BIOS-e820: [mem 0x000000000009fc00-0x000000000009ffff] reserved
[    0.000000] BIOS-e820: [mem 0x00000000000f0000-0x00000000000fffff] reserved
[    0.000000] BIOS-e820: [mem 0x0000000000100000-0x000000007ffdffff] usable
[    0.000000] BIOS-e820: [mem 0x000000007ffe0000-0x000000007fffffff] reserved
[    0.000000] BIOS-e820: [mem 0x00000000feffc000-0x00000000feffffff] reserved
[    0.000000] BIOS-e820: [mem 0x00000000fffc0000-0x00000000ffffffff] reserved
[    0.000000] printk: legacy bootconsole [earlyser0] enabled
[    0.000000] NX (Execute Disable) protection: active
[    0.000000] APIC: Static calls initialized
[    0.000000] SMBIOS 2.8 present.
[    0.000000] DMI: QEMU Standard PC (i440FX + PIIX, 1996), BIOS rel-1.16.0-0-gd239552ce722-prebuilt.qemu.org 04/01/2014
[    0.000000] DMI: Memory slots populated: 1/1
[    0.000000] Hypervisor detected: KVM
[    0.000000] last_pfn = 0x7ffe0 max_arch_pfn = 0x10000000000
[    0.000000] kvm-clock: Using msrs 4b564d01 and 4b564d00
[    0.000003] kvm-clock: using sched offset of 665055875 cycles
[    0.000520] clocksource: kvm-clock: mask: 0xffffffffffffffff max_cycles: 0x1cd42e4dffb, max_idle_ns: 881590591483 ns
[    0.002128] tsc: Detected 1700.000 MHz processor
[    0.010269] last_pfn = 0x7ffe0 max_arch_pfn = 0x10000000000
[    0.010862] MTRR map: 4 entries (3 fixed + 1 variable; max 19), built from 8 variable MTRRs
[    0.011690] x86/PAT: Configuration [0-7]: WB  WC  UC- UC  WB  WP  UC- WT  
[    0.017849] found SMP MP-table at [mem 0x000f5ba0-0x000f5baf]
[    0.018453] Using GB pages for direct mapping
[    0.021045] ACPI: Early table checksum verification disabled
[    0.021624] ACPI: RSDP 0x00000000000F59C0 000014 (v00 BOCHS )
[    0.022209] ACPI: RSDT 0x000000007FFE1951 000034 (v01 BOCHS  BXPC     00000001 BXPC 00000001)
[    0.023083] ACPI: FACP 0x000000007FFE17FD 000074 (v01 BOCHS  BXPC     00000001 BXPC 00000001)
[    0.023954] ACPI: DSDT 0x000000007FFE0040 0017BD (v01 BOCHS  BXPC     00000001 BXPC 00000001)
[    0.024822] ACPI: FACS 0x000000007FFE0000 000040
[    0.025293] ACPI: APIC 0x000000007FFE1871 000080 (v01 BOCHS  BXPC     00000001 BXPC 00000001)
[    0.026159] ACPI: HPET 0x000000007FFE18F1 000038 (v01 BOCHS  BXPC     00000001 BXPC 00000001)
[    0.027022] ACPI: WAET 0x000000007FFE1929 000028 (v01 BOCHS  BXPC     00000001 BXPC 00000001)
[    0.027890] ACPI: Reserving FACP table memory at [mem 0x7ffe17fd-0x7ffe1870]
[    0.028600] ACPI: Reserving DSDT table memory at [mem 0x7ffe0040-0x7ffe17fc]
[    0.029308] ACPI: Reserving FACS table memory at [mem 0x7ffe0000-0x7ffe003f]
[    0.030018] ACPI: Reserving APIC table memory at [mem 0x7ffe1871-0x7ffe18f0]
[    0.030729] ACPI: Reserving HPET table memory at [mem 0x7ffe18f1-0x7ffe1928]
[    0.031437] ACPI: Reserving WAET table memory at [mem 0x7ffe1929-0x7ffe1950]
[    0.033003] No NUMA configuration found
[    0.033387] Faking a node at [mem 0x0000000000000000-0x000000007ffdffff]
[    0.034107] NODE_DATA(0) allocated [mem 0x7ffb4ec0-0x7ffdfcbf]
[    0.035811] Zone ranges:
[    0.036083]   DMA      [mem 0x0000000000001000-0x0000000000ffffff]
[    0.036703]   DMA32    [mem 0x0000000001000000-0x000000007ffdffff]
[    0.037317]   Normal   empty
[    0.037612]   Device   empty
[    0.037902] Movable zone start for each node
[    0.038339] Early memory node ranges
[    0.038699]   node   0: [mem 0x0000000000001000-0x000000000009efff]
[    0.039319]   node   0: [mem 0x0000000000100000-0x000000007ffdffff]
[    0.039945] Initmem setup node 0 [mem 0x0000000000001000-0x000000007ffdffff]
[    0.040977] On node 0, zone DMA: 1 pages in unavailable ranges
[    0.041749] On node 0, zone DMA: 97 pages in unavailable ranges
[    0.069032] On node 0, zone DMA32: 32 pages in unavailable ranges
[    0.126182] KernelAddressSanitizer initialized (generic)
[    0.127036] ACPI: PM-Timer IO Port: 0x608
[    0.127461] ACPI: LAPIC_NMI (acpi_id[0xff] dfl dfl lint[0x1])
[    0.128093] IOAPIC[0]: apic_id 0, version 17, address 0xfec00000, GSI 0-23
[    0.128788] ACPI: INT_SRC_OVR (bus 0 bus_irq 0 global_irq 2 dfl dfl)
[    0.129420] ACPI: INT_SRC_OVR (bus 0 bus_irq 5 global_irq 5 high level)
[    0.130080] ACPI: INT_SRC_OVR (bus 0 bus_irq 9 global_irq 9 high level)
[    0.130738] ACPI: INT_SRC_OVR (bus 0 bus_irq 10 global_irq 10 high level)
[    0.131408] ACPI: INT_SRC_OVR (bus 0 bus_irq 11 global_irq 11 high level)
[    0.132095] ACPI: Using ACPI (MADT) for SMP configuration information
[    0.132730] ACPI: HPET id: 0x8086a201 base: 0xfed00000
[    0.133246] TSC deadline timer available
[    0.133648] CPU topo: Max. logical packages:   1
[    0.134103] CPU topo: Max. logical dies:       1
[    0.134565] CPU topo: Max. dies per package:   1
[    0.135031] CPU topo: Max. threads per core:   1
[    0.135492] CPU topo: Num. cores per package:     2
[    0.135974] CPU topo: Num. threads per package:   2
[    0.136457] CPU topo: Allowing 2 present CPUs plus 0 hotplug CPUs
[    0.137109] kvm-guest: APIC: eoi() replaced with kvm_guest_apic_eoi_write()
[    0.137826] kvm-guest: KVM setup pv remote TLB flush
[    0.138317] kvm-guest: setup PV sched yield
[    0.138776] PM: hibernation: Registered nosave memory: [mem 0x00000000-0x00000fff]
[    0.139526] PM: hibernation: Registered nosave memory: [mem 0x0009f000-0x000fffff]
[    0.140272] [mem 0x80000000-0xfeffbfff] available for PCI devices
[    0.140877] Booting paravirtualized kernel on KVM
[    0.141346] clocksource: refined-jiffies: mask: 0xffffffff max_cycles: 0xffffffff, max_idle_ns: 7645519600211568 ns
[    0.142389] setup_percpu: NR_CPUS:8192 nr_cpumask_bits:2 nr_cpu_ids:2 nr_node_ids:1
[    0.143658] percpu: Embedded 80 pages/cpu s290816 r8192 d28672 u1048576
[    0.144511] kvm-guest: PV spinlocks enabled
[    0.144939] PV qspinlock hash table entries: 256 (order: 0, 4096 bytes, linear)
[    0.145679] Kernel command line: net.ifnames=0 console=ttyS0 root=/dev/sda earlyprintk=serial net.ifnames=0 thunderbolt.dyndbg
[    0.147094] random: crng init done
[    0.147437] printk: log buffer data + meta data: 262144 + 917504 = 1179648 bytes
[    0.148615] Dentry cache hash table entries: 262144 (order: 9, 2097152 bytes, linear)
[    0.149809] Inode-cache hash table entries: 131072 (order: 8, 1048576 bytes, linear)
[    0.150869] Fallback order for Node 0: 0 
[    0.150881] Built 1 zonelists, mobility grouping on.  Total pages: 524158
[    0.151938] Policy zone: DMA32
[    0.152240] mem auto-init: stack:off, heap alloc:off, heap free:off
[    0.152850] stackdepot: allocating hash table via alloc_large_system_hash
[    0.153521] stackdepot hash table entries: 1048576 (order: 12, 16777216 bytes, linear)
[    0.157531] stackdepot: allocating space for 8192 stack pools via memblock
[    0.194840] SLUB: HWalign=64, Order=0-3, MinObjects=0, CPUs=2, Nodes=1
[    0.195473] kmemleak: Kernel memory leak detector disabled
[    0.231772] ftrace: allocating 74673 entries in 292 pages
[    0.232293] ftrace: allocated 292 pages with 3 groups
[    0.236682] Dynamic Preempt: voluntary
[    0.237535] Running RCU self tests
[    0.237862] Running RCU synchronous self tests
[    0.238288] rcu: Preemptible hierarchical RCU implementation.
[    0.238840] rcu: 	RCU lockdep checking is enabled.
[    0.239300] rcu: 	RCU restricting CPUs from NR_CPUS=8192 to nr_cpu_ids=2.
[    0.239952] 	Trampoline variant of Tasks RCU enabled.
[    0.240435] 	Rude variant of Tasks RCU enabled.
[    0.240871] 	Tracing variant of Tasks RCU enabled.
[    0.241330] rcu: RCU calculated value of scheduler-enlistment delay is 25 jiffies.
[    0.242055] rcu: Adjusting geometry for rcu_fanout_leaf=16, nr_cpu_ids=2
[    0.242783] Running RCU synchronous self tests
[    0.243212] RCU Tasks: Setting shift to 1 and lim to 1 rcu_task_cb_adjust=1 rcu_task_cpu_ids=2.
[    0.244050] RCU Tasks Rude: Setting shift to 1 and lim to 1 rcu_task_cb_adjust=1 rcu_task_cpu_ids=2.
[    0.244927] RCU Tasks Trace: Setting shift to 1 and lim to 1 rcu_task_cb_adjust=1 rcu_task_cpu_ids=2.
[    0.314514] NR_IRQS: 524544, nr_irqs: 440, preallocated irqs: 16
[    0.315679] rcu: srcu_init: Setting srcu_struct sizes based on contention.
[    0.325280] Console: colour VGA+ 80x25
[    0.325712] printk: legacy console [ttyS0] enabled
[    0.325712] printk: legacy console [ttyS0] enabled
[    0.326668] printk: legacy bootconsole [earlyser0] disabled
[    0.326668] printk: legacy bootconsole [earlyser0] disabled
[    0.327782] Lock dependency validator: Copyright (c) 2006 Red Hat, Inc., Ingo Molnar
[    0.328552] ... MAX_LOCKDEP_SUBCLASSES:  8
[    0.328965] ... MAX_LOCK_DEPTH:          48
[    0.329385] ... MAX_LOCKDEP_KEYS:        8192
[    0.329828] ... CLASSHASH_SIZE:          4096
[    0.330271] ... MAX_LOCKDEP_ENTRIES:     32768
[    0.330722] ... MAX_LOCKDEP_CHAINS:      65536
[    0.331207] ... CHAINHASH_SIZE:          32768
[    0.331657]  memory used by lock dependency info: 6429 kB
[    0.332196]  memory used for stack traces: 4224 kB
[    0.332683]  per task-struct memory footprint: 1920 bytes
[    0.333321] ACPI: Core revision 20250807
[    0.334156] clocksource: hpet: mask: 0xffffffff max_cycles: 0xffffffff, max_idle_ns: 19112604467 ns
[    0.335240] APIC: Switch to symmetric I/O mode setup
[    0.335934] x2apic enabled
[    0.336620] APIC: Switched APIC routing to: physical x2apic
[    0.337187] kvm-guest: APIC: send_IPI_mask() replaced with kvm_send_ipi_mask()
[    0.337915] kvm-guest: APIC: send_IPI_mask_allbutself() replaced with kvm_send_ipi_mask_allbutself()
[    0.338822] kvm-guest: setup PV IPIs
[    0.340421] ..TIMER: vector=0x30 apic1=0 pin1=2 apic2=-1 pin2=-1
[    0.341052] clocksource: tsc-early: mask: 0xffffffffffffffff max_cycles: 0x1881273ac8e, max_idle_ns: 440795257284 ns
[    0.342110] Calibrating delay loop (skipped) preset value.. 3400.00 BogoMIPS (lpj=6800000)
[    0.343092] x86/cpu: User Mode Instruction Prevention (UMIP) activated
[    0.346209] Last level iTLB entries: 4KB 0, 2MB 0, 4MB 0
[    0.346739] Last level dTLB entries: 4KB 0, 2MB 0, 4MB 0, 1GB 0
[    0.347352] mitigations: Enabled attack vectors: user_kernel, user_user, guest_host, guest_guest, SMT mitigations: auto
[    0.348431] Speculative Store Bypass: Mitigation: Speculative Store Bypass disabled via prctl
[    0.349273] Spectre V2 : Mitigation: Enhanced / Automatic IBRS
[    0.350107] ITS: Mitigation: Aligned branch/return thunks
[    0.350655] Spectre V1 : Mitigation: usercopy/swapgs barriers and __user pointer sanitization
[    0.351495] Spectre V2 : WARNING: Unprivileged eBPF is enabled with eIBRS on, data leaks possible via Spectre v2 BHB attacks!
[    0.352601] Spectre V2 : Spectre v2 / PBRSB-eIBRS: Retire a single CALL on VMEXIT
[    0.354112] Spectre V2 : mitigation: Enabling conditional Indirect Branch Prediction Barrier
[    0.354972] active return thunk: its_return_thunk
[    0.355461] Spectre V2 : Spectre BHI mitigation: SW BHB clearing on syscall and VM exit
[    0.356320] x86/fpu: Supporting XSAVE feature 0x001: 'x87 floating point registers'
[    0.357090] x86/fpu: Supporting XSAVE feature 0x002: 'SSE registers'
[    0.357725] x86/fpu: Supporting XSAVE feature 0x004: 'AVX registers'
[    0.358101] x86/fpu: Supporting XSAVE feature 0x020: 'AVX-512 opmask'
[    0.358740] x86/fpu: Supporting XSAVE feature 0x040: 'AVX-512 Hi256'
[    0.359374] x86/fpu: Supporting XSAVE feature 0x080: 'AVX-512 ZMM_Hi256'
[    0.360039] x86/fpu: Supporting XSAVE feature 0x200: 'Protection Keys User registers'
[    0.360823] x86/fpu: Supporting XSAVE feature 0x20000: 'AMX Tile config'
[    0.361490] x86/fpu: Supporting XSAVE feature 0x40000: 'AMX Tile data'
[    0.362102] x86/fpu: xstate_offset[2]:  576, xstate_sizes[2]:  256
[    0.362717] x86/fpu: xstate_offset[5]:  832, xstate_sizes[5]:   64
[    0.363335] x86/fpu: xstate_offset[6]:  896, xstate_sizes[6]:  512
[    0.363949] x86/fpu: xstate_offset[7]: 1408, xstate_sizes[7]: 1024
[    0.364567] x86/fpu: xstate_offset[9]: 2432, xstate_sizes[9]:    8
[    0.365183] x86/fpu: xstate_offset[17]: 2496, xstate_sizes[17]:   64
[    0.366101] x86/fpu: xstate_offset[18]: 2560, xstate_sizes[18]: 8192
[    0.366738] x86/fpu: Enabled xstate features 0x602e7, context size is 10752 bytes, using 'compacted' format.
[    0.521393] Freeing SMP alternatives memory: 64K
[    0.521893] pid_max: default: 32768 minimum: 301
[    0.522365] LSM: initializing lsm=capability,yama,ima,evm
[    0.523021] Yama: becoming mindful.
[    0.523836] Mount-cache hash table entries: 4096 (order: 3, 32768 bytes, linear)
[    0.524601] Mountpoint-cache hash table entries: 4096 (order: 3, 32768 bytes, linear)
[    0.527272] Running RCU synchronous self tests
[    0.527734] Running RCU synchronous self tests
[    0.528500] smpboot: CPU0: Intel(R) Xeon(R) Gold 6414TDX (family: 0x6, model: 0x8f, stepping: 0x6)
[    0.530097] Performance Events: PEBS fmt0-, Sapphire Rapids events, full-width counters, Intel PMU driver.
[    0.530097] ... version:                   2
[    0.530097] ... bit width:                 48
[    0.530097] ... generic counters:          8
[    0.530107] ... generic bitmap:            00000000000000ff
[    0.530663] ... fixed-purpose counters:    4
[    0.531095] ... fixed-purpose bitmap:      000000000000000f
[    0.531655] ... value mask:                0000ffffffffffff
[    0.532220] ... max period:                00007fffffffffff
[    0.532774] ... global_ctrl mask:          0000000f000000ff
[    0.533842] signal: max sigframe size: 11952
[    0.534249] rcu: Hierarchical SRCU implementation.
[    0.534746] rcu: 	Max phase no-delay instances is 1000.
[    0.535488] Timer migration: 1 hierarchy levels; 8 children per group; 1 crossnode level
[    0.551920] smp: Bringing up secondary CPUs ...
[    0.552969] smpboot: x86: Booting SMP configuration:
[    0.553492] .... node  #0, CPUs:      #1
[    0.554390] smp: Brought up 1 node, 2 CPUs
[    0.554986] smpboot: Total of 2 processors activated (6800.00 BogoMIPS)
[    0.556352] Memory: 1591844K/2096632K available (80005K kernel code, 15398K rwdata, 18472K rodata, 16256K init, 21272K bss, 493180K reserved, 0K cma-reserved)
[    0.558767] devtmpfs: initialized
[    0.559183] x86/mm: Memory block size: 128MB
[    0.571025] Running RCU synchronous self tests
[    0.571438] Running RCU synchronous self tests
[    0.571900] Running RCU Tasks wait API self tests
[    0.574134] Running RCU Tasks Rude wait API self tests
[    0.574640] Running RCU Tasks Trace wait API self tests
[    0.594120] clocksource: jiffies: mask: 0xffffffff max_cycles: 0xffffffff, max_idle_ns: 7645041785100000 ns
[    0.598152] posixtimers hash table entries: 1024 (order: 5, 73728 bytes, linear)
[    0.598949] futex hash table entries: 512 (65536 bytes on 1 NUMA nodes, total 64 KiB, linear).
[    0.601183] pinctrl core: initialized pinctrl subsystem
[    0.603397] 
[    0.603579] *************************************************************
[    0.604264] **     NOTICE NOTICE NOTICE NOTICE NOTICE NOTICE NOTICE    **
[    0.604948] **                                                         **
[    0.605628] **  IOMMU DebugFS SUPPORT HAS BEEN ENABLED IN THIS KERNEL  **
[    0.606106] **                                                         **
[    0.606789] ** This means that this kernel is built to expose internal **
[    0.607467] ** IOMMU data structures, which may compromise security on **
[    0.608147] ** your system.                                            **
[    0.608824] **                                                         **
[    0.609503] ** If you see this message and you are not debugging the   **
[    0.610105] ** kernel, report this immediately to your vendor!         **
[    0.610786] **                                                         **
[    0.611464] **     NOTICE NOTICE NOTICE NOTICE NOTICE NOTICE NOTICE    **
[    0.612139] *************************************************************
[    0.612910] PM: RTC time: 12:51:51, date: 2025-12-02
[    0.615908] NET: Registered PF_NETLINK/PF_ROUTE protocol family
[    0.618083] DMA: preallocated 256 KiB GFP_KERNEL pool for atomic allocations
[    0.618125] DMA: preallocated 256 KiB GFP_KERNEL|GFP_DMA pool for atomic allocations
[    0.618931] DMA: preallocated 256 KiB GFP_KERNEL|GFP_DMA32 pool for atomic allocations
[    0.619818] audit: initializing netlink subsys (disabled)
[    0.620414] audit: type=2000 audit(1764679911.457:1): state=initialized audit_enabled=0 res=1
[    0.620414] thermal_sys: Registered thermal governor 'fair_share'
[    0.620414] thermal_sys: Registered thermal governor 'bang_bang'
[    0.620657] thermal_sys: Registered thermal governor 'step_wise'
[    0.621257] thermal_sys: Registered thermal governor 'user_space'
[    0.622177] cpuidle: using governor ladder
[    0.623152] cpuidle: using governor menu
[    0.623152] acpiphp: ACPI Hot Plug PCI Controller Driver version: 0.5
[    0.624453] PCI: Using configuration type 1 for base access
[    0.626441] kprobes: kprobe jump-optimization is enabled. All kprobes are optimized if possible.
[    0.630613] Callback from call_rcu_tasks_trace() invoked.
[    0.811704] HugeTLB: registered 1.00 GiB page size, pre-allocated 0 pages
[    0.811704] HugeTLB: 16380 KiB vmemmap can be freed for a 1.00 GiB page
[    0.811704] HugeTLB: registered 2.00 MiB page size, pre-allocated 0 pages
[    0.811704] HugeTLB: 28 KiB vmemmap can be freed for a 2.00 MiB page
[    0.818300] ACPI: Added _OSI(Module Device)
[    0.818749] ACPI: Added _OSI(Processor Device)
[    0.819231] ACPI: Added _OSI(Processor Aggregator Device)
[    0.836681] ACPI: 1 ACPI AML tables successfully acquired and loaded
[    0.852190] ACPI: Interpreter enabled
[    0.852722] ACPI: PM: (supports S0 S3 S4 S5)
[    0.853161] ACPI: Using IOAPIC for interrupt routing
[    0.853766] PCI: Using host bridge windows from ACPI; if necessary, use "pci=nocrs" and report a bug
[    0.854104] PCI: Using E820 reservations for host bridge windows
[    0.856037] ACPI: Enabled 2 GPEs in block 00 to 0F
[    0.899268] ACPI: PCI Root Bridge [PCI0] (domain 0000 [bus 00-ff])
[    0.899981] acpi PNP0A03:00: _OSC: OS supports [ASPM ClockPM Segments MSI EDR HPX-Type3]
[    0.900789] acpi PNP0A03:00: _OSC: not requesting OS control; OS requires [ExtendedConfig ASPM ClockPM MSI]
[    0.901910] acpi PNP0A03:00: fail to add MMCONFIG information, can't access extended configuration space under this bridge
[    0.907119] acpiphp: Slot [3] registered
[    0.907676] acpiphp: Slot [4] registered
[    0.908221] acpiphp: Slot [5] registered
[    0.908764] acpiphp: Slot [6] registered
[    0.909316] acpiphp: Slot [7] registered
[    0.909861] acpiphp: Slot [8] registered
[    0.914278] acpiphp: Slot [9] registered
[    0.914813] acpiphp: Slot [10] registered
[    0.915362] acpiphp: Slot [11] registered
[    0.915904] acpiphp: Slot [12] registered
[    0.916458] acpiphp: Slot [13] registered
[    0.917009] acpiphp: Slot [14] registered
[    0.917556] acpiphp: Slot [15] registered
[    0.918126] acpiphp: Slot [16] registered
[    0.918674] acpiphp: Slot [17] registered
[    0.919231] acpiphp: Slot [18] registered
[    0.919777] acpiphp: Slot [19] registered
[    0.920321] acpiphp: Slot [20] registered
[    0.920866] acpiphp: Slot [21] registered
[    0.921419] acpiphp: Slot [22] registered
[    0.921964] acpiphp: Slot [23] registered
[    0.922246] acpiphp: Slot [24] registered
[    0.922800] acpiphp: Slot [25] registered
[    0.923345] acpiphp: Slot [26] registered
[    0.923893] acpiphp: Slot [27] registered
[    0.924438] acpiphp: Slot [28] registered
[    0.924987] acpiphp: Slot [29] registered
[    0.925535] acpiphp: Slot [30] registered
[    0.926114] acpiphp: Slot [31] registered
[    0.926584] PCI host bridge to bus 0000:00
[    0.927059] pci_bus 0000:00: root bus resource [io  0x0000-0x0cf7 window]
[    0.927734] pci_bus 0000:00: root bus resource [io  0x0d00-0xffff window]
[    0.928409] pci_bus 0000:00: root bus resource [mem 0x000a0000-0x000bffff window]
[    0.929147] pci_bus 0000:00: root bus resource [mem 0x80000000-0xfebfffff window]
[    0.929903] pci_bus 0000:00: root bus resource [mem 0x100000000-0x17fffffff window]
[    0.930116] pci_bus 0000:00: root bus resource [bus 00-ff]
[    0.930772] pci 0000:00:00.0: [8086:1237] type 00 class 0x060000 conventional PCI endpoint
[    0.941383] pci 0000:00:01.0: [8086:7000] type 00 class 0x060100 conventional PCI endpoint
[    0.943562] pci 0000:00:01.1: [8086:7010] type 00 class 0x010180 conventional PCI endpoint
[    0.944937] pci 0000:00:01.1: BAR 4 [io  0xc040-0xc04f]
[    0.945513] pci 0000:00:01.1: BAR 0 [io  0x01f0-0x01f7]: legacy IDE quirk
[    0.946105] pci 0000:00:01.1: BAR 1 [io  0x03f6]: legacy IDE quirk
[    0.946714] pci 0000:00:01.1: BAR 2 [io  0x0170-0x0177]: legacy IDE quirk
[    0.947385] pci 0000:00:01.1: BAR 3 [io  0x0376]: legacy IDE quirk
[    0.948559] pci 0000:00:01.3: [8086:7113] type 00 class 0x068000 conventional PCI endpoint
[    0.949714] pci 0000:00:01.3: quirk: [io  0x0600-0x063f] claimed by PIIX4 ACPI
[    0.950111] pci 0000:00:01.3: quirk: [io  0x0700-0x070f] claimed by PIIX4 SMB
[    0.951386] pci 0000:00:02.0: [1234:1111] type 00 class 0x030000 conventional PCI endpoint
[    0.953232] pci 0000:00:02.0: BAR 0 [mem 0xfd000000-0xfdffffff pref]
[    0.953888] pci 0000:00:02.0: BAR 2 [mem 0xfebf0000-0xfebf0fff]
[    0.954132] pci 0000:00:02.0: ROM [mem 0xfebe0000-0xfebeffff pref]
[    0.954844] pci 0000:00:02.0: Video device with shadowed ROM at [mem 0x000c0000-0x000dffff]
[    0.964885] pci 0000:00:03.0: [8086:100e] type 00 class 0x020000 conventional PCI endpoint
[    0.966566] pci 0000:00:03.0: BAR 0 [mem 0xfebc0000-0xfebdffff]
[    0.967161] pci 0000:00:03.0: BAR 1 [io  0xc000-0xc03f]
[    0.967714] pci 0000:00:03.0: ROM [mem 0xfeb80000-0xfebbffff pref]
[    0.990885] ACPI: PCI: Interrupt link LNKA configured for IRQ 10
[    0.992558] ACPI: PCI: Interrupt link LNKB configured for IRQ 10
[    0.994151] ACPI: PCI: Interrupt link LNKC configured for IRQ 11
[    0.995744] ACPI: PCI: Interrupt link LNKD configured for IRQ 11
[    0.996780] ACPI: PCI: Interrupt link LNKS configured for IRQ 9
[    1.002097] iommu: Default domain type: Translated
[    1.002097] iommu: DMA domain TLB invalidation policy: lazy mode
[    1.004571] SCSI subsystem initialized
[    1.006215] ACPI: bus type USB registered
[    1.006329] usbcore: registered new interface driver usbfs
[    1.006980] usbcore: registered new interface driver hub
[    1.007584] usbcore: registered new device driver usb
[    1.008448] pps_core: LinuxPPS API ver. 1 registered
[    1.008948] pps_core: Software ver. 5.3.6 - Copyright 2005-2007 Rodolfo Giometti <giometti@linux.it>
[    1.009888] PTP clock support registered
[    1.010920] EDAC MC: Ver: 3.0.0
[    1.013903] NetLabel: Initializing
[    1.014110] NetLabel:  domain hash size = 128
[    1.014552] NetLabel:  protocols = UNLABELED CIPSOv4 CALIPSO
[    1.015250] NetLabel:  unlabeled traffic allowed by default
[    1.016306] PCI: Using ACPI for IRQ routing
[    1.017123] pci 0000:00:02.0: vgaarb: setting as boot VGA device
[    1.017748] pci 0000:00:02.0: vgaarb: bridge control possible
[    1.018097] pci 0000:00:02.0: vgaarb: VGA device added: decodes=io+mem,owns=io+mem,locks=none
[    1.018105] vgaarb: loaded
[    1.018836] hpet0: at MMIO 0xfed00000, IRQs 2, 8, 0
[    1.019349] hpet0: 3 comparators, 64-bit 100.000000 MHz counter
[    1.026997] clocksource: Switched to clocksource kvm-clock
[    1.029073] VFS: Disk quotas dquot_6.6.0
[    1.029542] VFS: Dquot-cache hash table entries: 512 (order 0, 4096 bytes)
[    1.035197] pnp: PnP ACPI init
[    1.039732] pnp: PnP ACPI: found 6 devices
[    1.060292] clocksource: acpi_pm: mask: 0xffffff max_cycles: 0xffffff, max_idle_ns: 2085701024 ns
[    1.061672] NET: Registered PF_INET protocol family
[    1.062383] IP idents hash table entries: 32768 (order: 6, 262144 bytes, linear)
[    1.064535] tcp_listen_portaddr_hash hash table entries: 1024 (order: 5, 73728 bytes, linear)
[    1.065454] Table-perturb hash table entries: 65536 (order: 6, 262144 bytes, linear)
[    1.066365] TCP established hash table entries: 16384 (order: 5, 131072 bytes, linear)
[    1.067779] TCP bind hash table entries: 16384 (order: 10, 2359296 bytes, linear)
[    1.069542] TCP: Hash tables configured (established 16384 bind 16384)
[    1.070344] UDP hash table entries: 1024 (order: 6, 262144 bytes, linear)
[    1.071101] UDP-Lite hash table entries: 1024 (order: 6, 262144 bytes, linear)
[    1.072145] NET: Registered PF_UNIX/PF_LOCAL protocol family
[    1.073460] RPC: Registered named UNIX socket transport module.
[    1.074104] RPC: Registered udp transport module.
[    1.074581] RPC: Registered tcp transport module.
[    1.075063] RPC: Registered tcp-with-tls transport module.
[    1.075610] RPC: Registered tcp NFSv4.1 backchannel transport module.
[    1.076276] pci_bus 0000:00: resource 4 [io  0x0000-0x0cf7 window]
[    1.076914] pci_bus 0000:00: resource 5 [io  0x0d00-0xffff window]
[    1.077533] pci_bus 0000:00: resource 6 [mem 0x000a0000-0x000bffff window]
[    1.078240] pci_bus 0000:00: resource 7 [mem 0x80000000-0xfebfffff window]
[    1.078935] pci_bus 0000:00: resource 8 [mem 0x100000000-0x17fffffff window]
[    1.080007] pci 0000:00:01.0: PIIX3: Enabling Passive Release
[    1.080592] pci 0000:00:00.0: Limiting direct PCI/PCI transfers
[    1.081286] PCI: CLS 0 bytes, default 64
[    1.081793] ACPI: bus type thunderbolt registered
[    1.082636] clocksource: tsc: mask: 0xffffffffffffffff max_cycles: 0x1881273ac8e, max_idle_ns: 440795257284 ns
[    1.086065] sgx: There are zero EPC sections.
[    3.725472] Initialise system trusted keyrings
[    3.726140] Key type blacklist registered
[    3.726841] workingset: timestamp_bits=36 max_order=19 bucket_order=0
[    3.729698] squashfs: version 4.0 (2009/01/31) Phillip Lougher
[    3.731770] NFS: Registering the id_resolver key type
[    3.732333] Key type id_resolver registered
[    3.732778] Key type id_legacy registered
[    3.733249] nfs4filelayout_init: NFSv4 File Layout Driver Registering...
[    3.734010] nfs4flexfilelayout_init: NFSv4 Flexfile Layout Driver Registering...
[    3.735130] fuse: init (API version 7.45)
[    3.736207] SGI XFS with ACLs, security attributes, realtime, quota, no debug enabled
[    3.738409] 9p: Installing v9fs 9p2000 file system support
[    3.754152] Key type asymmetric registered
[    3.754593] Asymmetric key parser 'x509' registered
[    3.755243] Block layer SCSI generic (bsg) driver version 0.4 loaded (major 241)
[    3.756230] io scheduler mq-deadline registered
[    3.756888] io scheduler bfq registered
[    3.757866] ledtrig-cpu: registered to indicate activity on CPUs
[    3.759989] IPMI message handler: version 39.2
[    3.760532] ipmi device interface
[    3.762966] input: Power Button as /devices/LNXSYSTM:00/LNXPWRBN:00/input/input0
[    3.764307] ACPI: button: Power Button [PWRF]
[    3.766352] ERST DBG: ERST support is disabled.
[    3.768562] Serial: 8250/16550 driver, 32 ports, IRQ sharing enabled
[    3.770444] 00:04: ttyS0 at I/O 0x3f8 (irq = 4, base_baud = 115200) is a 16550A
[    3.800459] Linux agpgart interface v0.103
[    3.803401] ACPI: bus type drm_connector registered
[    3.829037] brd: module loaded
[    3.841890] Callback from call_rcu_tasks() invoked.
[    3.845076] loop: module loaded
[    3.855157] scsi host0: ata_piix
[    3.856623] scsi host1: ata_piix
[    3.857475] ata1: PATA max MWDMA2 cmd 0x1f0 ctl 0x3f6 bmdma 0xc040 irq 14 lpm-pol 0
[    3.858278] ata2: PATA max MWDMA2 cmd 0x170 ctl 0x376 bmdma 0xc048 irq 15 lpm-pol 0
[    3.862507] tun: Universal TUN/TAP device driver, 1.6
[    3.863414] e100: Intel(R) PRO/100 Network Driver
[    3.863894] e100: Copyright(c) 1999-2006 Intel Corporation
[    3.864568] e1000: Intel(R) PRO/1000 Network Driver
[    3.865062] e1000: Copyright (c) 1999-2006 Intel Corporation.
[    4.013897] ata1: found unknown device (class 0)
[    4.015005] ata1.00: ATA-7: QEMU HARDDISK, 2.5+, max UDMA/100
[    4.015592] ata1.00: 17196647 sectors, multi 16: LBA48 
[    4.017150] scsi 0:0:0:0: Direct-Access     ATA      QEMU HARDDISK    2.5+ PQ: 0 ANSI: 5
[    4.018025] ata2: found unknown device (class 0)
[    4.018695] ata2.00: ATAPI: QEMU DVD-ROM, 2.5+, max UDMA/100
[    4.021001] scsi 0:0:0:0: Attached scsi generic sg0 type 0
[    4.022613] scsi 1:0:0:0: CD-ROM            QEMU     QEMU DVD-ROM     2.5+ PQ: 0 ANSI: 5
[    4.022684] sd 0:0:0:0: [sda] 17196647 512-byte logical blocks: (8.80 GB/8.20 GiB)
[    4.024993] sd 0:0:0:0: [sda] Write Protect is off
[    4.025553] sd 0:0:0:0: [sda] Write cache: enabled, read cache: enabled, doesn't support DPO or FUA
[    4.026552] sd 0:0:0:0: [sda] Preferred minimum I/O size 512 bytes
[    4.052149] scsi 1:0:0:0: Attached scsi generic sg1 type 5
[    4.052928] sd 0:0:0:0: [sda] Attached SCSI disk
[    4.689192] ACPI: \_SB_.LNKC: Enabled at IRQ 11
[    5.006231] e1000 0000:00:03.0 eth0: (PCI:33MHz:32-bit) 52:54:00:12:34:56
[    5.006958] e1000 0000:00:03.0 eth0: Intel(R) PRO/1000 Network Connection
[    5.007843] e1000e: Intel(R) PRO/1000 Network Driver
[    5.008361] e1000e: Copyright(c) 1999 - 2015 Intel Corporation.
[    5.009129] igb: Intel(R) Gigabit Ethernet Network Driver
[    5.009691] igb: Copyright (c) 2007-2014 Intel Corporation.
[    5.010673] PPP generic driver version 2.4.2
[    5.012113] VFIO - User Level meta-driver version: 0.3
[    5.013814] usbcore: registered new interface driver uas
[    5.014534] usbcore: registered new interface driver usb-storage
[    5.015436] i8042: PNP: PS/2 Controller [PNP0303:KBD,PNP0f13:MOU] at 0x60,0x64 irq 1,12
[    5.017221] serio: i8042 KBD port at 0x60,0x64 irq 1
[    5.017837] serio: i8042 AUX port at 0x60,0x64 irq 12
[    5.019561] mousedev: PS/2 mouse device common for all mice
[    5.021544] rtc_cmos 00:05: RTC can wake from S4
[    5.021922] input: AT Translated Set 2 keyboard as /devices/platform/i8042/serio0/input/input1
[    5.024355] rtc_cmos 00:05: registered as rtc0
[    5.024741] input: VirtualPS/2 VMware VMMouse as /devices/platform/i8042/serio1/input/input4
[    5.024978] rtc_cmos 00:05: setting system clock to 2025-12-02T12:51:55 UTC (1764679915)
[    5.027012] input: VirtualPS/2 VMware VMMouse as /devices/platform/i8042/serio1/input/input3
[    5.027088] rtc_cmos 00:05: alarms up to one day, y3k, 242 bytes nvram, hpet irqs
[    5.028738] i2c_dev: i2c /dev entries driver
[    5.029291] device-mapper: core: CONFIG_IMA_DISABLE_HTABLE is disabled. Duplicate IMA measurements will not be recorded in the IMA log.
[    5.030565] device-mapper: uevent: version 1.0.3
[    5.031468] device-mapper: ioctl: 4.50.0-ioctl (2025-04-28) initialised: dm-devel@lists.linux.dev
[    5.032371] intel_pstate: CPU model not supported
[    5.033086] sdhci: Secure Digital Host Controller Interface driver
[    5.033711] sdhci: Copyright(c) Pierre Ossman
[    5.034370] sdhci-pltfm: SDHCI platform and OF driver helper
[    5.035511] drop_monitor: Initializing network drop monitor service
[    5.036473] NET: Registered PF_INET6 protocol family
[    5.038886] Segment Routing with IPv6
[    5.039336] In-situ OAM (IOAM) with IPv6
[    5.039801] NET: Registered PF_PACKET protocol family
[    5.040525] 9pnet: Installing 9P2000 support
[    5.041088] Key type dns_resolver registered
[    5.043063] IPI shorthand broadcast: enabled
[    5.104677] sched_clock: Marking stable (5084005305, 17736942)->(5105522985, -3780738)
[    5.106361] registered taskstats version 1
[    5.107255] Loading compiled-in X.509 certificates
[    5.189843] Demotion targets for Node 0: null
[    5.191751] Key type .fscrypt registered
[    5.192184] Key type fscrypt-provisioning registered
[    5.195009] Key type encrypted registered
[    5.195475] ima: No TPM chip found, activating TPM-bypass!
[    5.196053] ima: Allocated hash algorithm: sha1
[    5.196563] ima: No architecture policies found
[    5.197185] evm: Initialising EVM extended attributes:
[    5.197704] evm: security.selinux
[    5.198070] evm: security.SMACK64
[    5.198410] evm: security.SMACK64EXEC
[    5.198791] evm: security.SMACK64TRANSMUTE
[    5.199207] evm: security.SMACK64MMAP
[    5.199579] evm: security.apparmor
[    5.199928] evm: security.ima
[    5.200236] evm: security.capability
[    5.200602] evm: HMAC attrs: 0x1
[    5.203463] PM:   Magic number: 5:797:884
[    5.204629] RAS: Correctable Errors collector initialized.
[    5.205626] clk: Disabling unused clocks
[    5.206102] PM: genpd: Disabling unused power domains
[    5.207215] check access for rdinit=/init failed: -2, ignoring
[    5.207626] md: Waiting for all devices to be available before autodetect
[    5.208099] md: If you don't use raid, use raid=noautodetect
[    5.208489] md: Autodetecting RAID arrays.
[    5.208788] md: autorun ...
[    5.208984] md: ... autorun DONE.
[    5.214456] EXT4-fs (sda): INFO: recovery required on readonly filesystem
[    5.214955] EXT4-fs (sda): write access will be enabled during recovery
[    5.275790] EXT4-fs (sda): recovery complete
[    5.277309] EXT4-fs (sda): mounted filesystem 088740a9-c8b4-422c-999d-a804eb68a4da ro with ordered data mode. Quota mode: none.
[    5.278211] VFS: Mounted root (ext4 filesystem) readonly on device 8:0.
[    5.280566] devtmpfs: mounted
[    5.302395] Freeing unused decrypted memory: 2036K
[    5.308057] Freeing unused kernel image (initmem) memory: 16256K
[    5.308678] Write protecting the kernel read-only data: 102400k
[    5.312255] Freeing unused kernel image (text/rodata gap) memory: 1912K
[    5.314165] Freeing unused kernel image (rodata/data gap) memory: 2008K
[    6.371245] x86/mm: Checked W+X mappings: passed, no W+X pages found.
[    6.371750] Run /sbin/init as init process
[    6.494189] systemd[1]: systemd 252-15.el9 running in system mode (+PAM +AUDIT +SELINUX -APPARMOR +IMA +SMACK +SECCOMP +GCRYPT +GNUTLS +OPENSSL +ACL +BLKID +CURL +ELFUTILS -FIDO2 +IDN2 -IDN -IPTC +KMOD +LIBCRYPTSETUP +LIBFDISK +PCRE2 -PWQUALITY +P11KIT -QRENCODE +TPM2 +BZIP2 +LZ4 +XZ +ZLIB +ZSTD -BPF_FRAMEWORK +XKBCOMMON +UTMP +SYSVINIT default-hierarchy=unified)
[    6.496325] systemd[1]: Detected virtualization kvm.
[    6.496686] systemd[1]: Detected architecture x86-64.

Welcome to [0;31mCentOS Stream 9[0m!

[    6.500929] systemd[1]: Hostname set to <test>.
[    6.659210] systemd-rc-local-generator[119]: /etc/rc.d/rc.local is not marked executable, skipping.
[    6.961050] systemd[1]: Queued start job for default target Multi-User System.
[    6.980419] systemd[1]: Created slice Virtual Machine and Container Slice.
[[0;32m  OK  [0m] Created slice [0;1;39mVirtual Machine and Container Slice[0m.
[    6.985527] systemd[1]: Created slice Slice /system/getty.
[[0;32m  OK  [0m] Created slice [0;1;39mSlice /system/getty[0m.
[    6.988467] systemd[1]: Created slice Slice /system/modprobe.
[[0;32m  OK  [0m] Created slice [0;1;39mSlice /system/modprobe[0m.
[    6.991617] systemd[1]: Created slice Slice /system/serial-getty.
[[0;32m  OK  [0m] Created slice [0;1;39mSlice /system/serial-getty[0m.
[    6.994651] systemd[1]: Created slice Slice /system/sshd-keygen.
[[0;32m  OK  [0m] Created slice [0;1;39mSlice /system/sshd-keygen[0m.
[    6.997400] systemd[1]: Created slice User and Session Slice.
[[0;32m  OK  [0m] Created slice [0;1;39mUser and Session Slice[0m.
[    6.998832] systemd[1]: Started Forward Password Requests to Wall Directory Watch.
[[0;32m  OK  [0m] Started [0;1;39mForward Password R…uests to Wall Directory Watch[0m.
[    7.001025] systemd[1]: Set up automount Arbitrary Executable File Formats File System Automount Point.
[[0;32m  OK  [0m] Set up automount [0;1;39mArbitrary…s File System Automount Point[0m.
[    7.002652] systemd[1]: Reached target Local Integrity Protected Volumes.
[[0;32m  OK  [0m] Reached target [0;1;39mLocal Integrity Protected Volumes[0m.
[    7.003886] systemd[1]: Reached target Slice Units.
[[0;32m  OK  [0m] Reached target [0;1;39mSlice Units[0m.
[    7.004815] systemd[1]: Reached target Swaps.
[[0;32m  OK  [0m] Reached target [0;1;39mSwaps[0m.
[    7.005652] systemd[1]: Reached target Local Verity Protected Volumes.
[[0;32m  OK  [0m] Reached target [0;1;39mLocal Verity Protected Volumes[0m.
[    7.007153] systemd[1]: Listening on Device-mapper event daemon FIFOs.
[[0;32m  OK  [0m] Listening on [0;1;39mDevice-mapper event daemon FIFOs[0m.
[    7.008969] systemd[1]: Listening on LVM2 poll daemon socket.
[[0;32m  OK  [0m] Listening on [0;1;39mLVM2 poll daemon socket[0m.
[    7.010235] systemd[1]: multipathd control socket was skipped because of an unmet condition check (ConditionPathExists=/etc/multipath.conf).
[    7.039806] systemd[1]: Listening on RPCbind Server Activation Socket.
[[0;32m  OK  [0m] Listening on [0;1;39mRPCbind Server Activation Socket[0m.
[    7.041107] systemd[1]: Reached target RPC Port Mapper.
[[0;32m  OK  [0m] Reached target [0;1;39mRPC Port Mapper[0m.
[    7.044273] systemd[1]: Listening on Process Core Dump Socket.
[[0;32m  OK  [0m] Listening on [0;1;39mProcess Core Dump Socket[0m.
[    7.045803] systemd[1]: Listening on initctl Compatibility Named Pipe.
[[0;32m  OK  [0m] Listening on [0;1;39minitctl Compatibility Named Pipe[0m.
[    7.047566] systemd[1]: Listening on Journal Socket (/dev/log).
[[0;32m  OK  [0m] Listening on [0;1;39mJournal Socket (/dev/log)[0m.
[    7.049213] systemd[1]: Listening on Journal Socket.
[[0;32m  OK  [0m] Listening on [0;1;39mJournal Socket[0m.
[    7.050920] systemd[1]: Listening on udev Control Socket.
[[0;32m  OK  [0m] Listening on [0;1;39mudev Control Socket[0m.
[    7.052417] systemd[1]: Listening on udev Kernel Socket.
[[0;32m  OK  [0m] Listening on [0;1;39mudev Kernel Socket[0m.
[    7.058855] systemd[1]: Mounting Huge Pages File System...
         Mounting [0;1;39mHuge Pages File System[0m...
[    7.065598] systemd[1]: Mounting POSIX Message Queue File System...
         Mounting [0;1;39mPOSIX Message Queue File System[0m...
[    7.078493] systemd[1]: Mounting Kernel Debug File System...
         Mounting [0;1;39mKernel Debug File System[0m...
[    7.085520] systemd[1]: Mounting Kernel Trace File System...
         Mounting [0;1;39mKernel Trace File System[0m...
[    7.088068] systemd[1]: Kernel Module supporting RPCSEC_GSS was skipped because of an unmet condition check (ConditionPathExists=/etc/krb5.keytab).
[    7.089131] systemd[1]: Create List of Static Device Nodes was skipped because of an unmet condition check (ConditionFileNotEmpty=/lib/modules/6.18.0-83f6ace27d21+/modules.devname).
[    7.095879] systemd[1]: Starting Monitoring of LVM2 mirrors, snapshots etc. using dmeventd or progress polling...
         Starting [0;1;39mMonitoring of LVM…meventd or progress polling[0m...
[    7.103727] systemd[1]: Starting Load Kernel Module configfs...
         Starting [0;1;39mLoad Kernel Module configfs[0m...
[    7.118741] systemd[1]: Starting Load Kernel Module drm...
         Starting [0;1;39mLoad Kernel Module drm[0m...
[    7.134067] systemd[1]: Starting Load Kernel Module fuse...
         Starting [0;1;39mLoad Kernel Module fuse[0m...
[    7.148288] systemd[1]: Starting Read and set NIS domainname from /etc/sysconfig/network...
         Starting [0;1;39mRead and set NIS …from /etc/sysconfig/network[0m...
[    7.160873] systemd[1]: Starting Journal Service...
         Starting [0;1;39mJournal Service[0m...
[    7.198227] systemd[1]: Starting Load Kernel Modules...
         Starting [0;1;39mLoad Kernel Modules[0m...
[    7.206450] systemd[1]: Starting Generate network units from Kernel command line...
         Starting [0;1;39mGenerate network …ts from Kernel command line[0m...
[    7.234164] systemd[1]: Starting Remount Root and Kernel File Systems...
         Starting [0;1;39mRemount Root and Kernel File Systems[0m...
[    7.236759] systemd[1]: Repartition Root Disk was skipped because no trigger condition checks were met.
[    7.251089] systemd[1]: Starting Coldplug All udev Devices...
         Starting [0;1;39mColdplug All udev Devices[0m...
[    7.272359] systemd[1]: Mounted Huge Pages File System.
[[0;32m  OK  [0m] Mounted [0;1;39mHuge Pages File System[0m.
[    7.281789] systemd[1]: Mounted POSIX Message Queue File System.
[[0;32m  OK  [0m] Mounted [0;1;39mPOSIX Message Queue File System[0m.
[    7.283411] systemd[1]: Mounted Kernel Debug File System.
[[0;32m  OK  [0m] Mounted [0;1;39mKernel Debug File System[0m.
[    7.284862] systemd[1]: Mounted Kernel Trace File System.
[[0;32m  OK  [0m] Mounted [0;1;39mKernel Trace File System[0m.
[    7.287580] systemd[1]: Finished Monitoring of LVM2 mirrors, snapshots etc. using dmeventd or progress polling.
[[0;32m  OK  [0m] Finished [0;1;39mMonitoring of LVM… dmeventd or progress polling[0m.
[    7.291852] EXT4-fs (sda): re-mounted 088740a9-c8b4-422c-999d-a804eb68a4da r/w.
[    7.299135] systemd[1]: modprobe@configfs.service: Deactivated successfully.
[    7.300794] systemd[1]: Finished Load Kernel Module configfs.
[[0;32m  OK  [0m] Finished [0;1;39mLoad Kernel Module configfs[0m.
[    7.306734] systemd[1]: modprobe@drm.service: Deactivated successfully.
[    7.308277] systemd[1]: Finished Load Kernel Module drm.
[[0;32m  OK  [0m] Finished [0;1;39mLoad Kernel Module drm[0m.
[    7.311174] systemd[1]: modprobe@fuse.service: Deactivated successfully.
[    7.312777] systemd[1]: Finished Load Kernel Module fuse.
[[0;32m  OK  [0m] Finished [0;1;39mLoad Kernel Module fuse[0m.
[    7.315435] systemd[1]: Finished Read and set NIS domainname from /etc/sysconfig/network.
[[0;32m  OK  [0m] Finished [0;1;39mRead and set NIS …e from /etc/sysconfig/network[0m.
[    7.317373] systemd[1]: systemd-modules-load.service: Main process exited, code=exited, status=1/FAILURE
[    7.319029] systemd[1]: systemd-modules-load.service: Failed with result 'exit-code'.
[    7.320680] systemd[1]: Failed to start Load Kernel Modules.
[[0;1;31mFAILED[0m] Failed to start [0;1;39mLoad Kernel Modules[0m.
See 'systemctl status systemd-modules-load.service' for details.
[    7.324513] systemd[1]: Finished Generate network units from Kernel command line.
[[0;32m  OK  [0m] Finished [0;1;39mGenerate network units from Kernel command line[0m.
[    7.327941] systemd[1]: Finished Remount Root and Kernel File Systems.
[[0;32m  OK  [0m] Finished [0;1;39mRemount Root and Kernel File Systems[0m.
[    7.330336] systemd[1]: Reached target Preparation for Network.
[[0;32m  OK  [0m] Reached target [0;1;39mPreparation for Network[0m.
[    7.342480] systemd[1]: Mounting FUSE Control File System...
         Mounting [0;1;39mFUSE Control File System[0m...
[    7.359733] systemd[1]: Mounting Kernel Configuration File System...
         Mounting [0;1;39mKernel Configuration File System[0m...
[    7.360967] systemd[1]: Special handling of early boot iSCSI sessions was skipped because of an unmet condition check (ConditionDirectoryNotEmpty=/sys/class/iscsi_session).
[    7.370167] systemd[1]: First Boot Wizard was skipped because of an unmet condition check (ConditionFirstBoot=yes).
[    7.372854] systemd[1]: Rebuild Hardware Database was skipped because of an unmet condition check (ConditionNeedsUpdate=/etc).
[    7.387168] systemd[1]: Starting Load/Save Random Seed...
         Starting [0;1;39mLoad/Save Random Seed[0m...
[    7.396714] systemd[1]: Starting Apply Kernel Variables...
         Starting [0;1;39mApply Kernel Variables[0m...
[    7.398372] systemd[1]: Create System Users was skipped because no trigger condition checks were met.
[    7.418135] systemd[1]: Starting Create Static Device Nodes in /dev...
         Starting [0;1;39mCreate Static Device Nodes in /dev[0m...
[    7.427703] systemd[1]: Starting Setup Virtual Console...
         Starting [0;1;39mSetup Virtual Console[0m...
[    7.441403] systemd[1]: Started Journal Service.
[[0;32m  OK  [0m] Started [0;1;39mJournal Service[0m.
[[0;32m  OK  [0m] Mounted [0;1;39mFUSE Control File System[0m.
[[0;32m  OK  [0m] Mounted [0;1;39mKernel Configuration File System[0m.
[[0;32m  OK  [0m] Finished [0;1;39mLoad/Save Random Seed[0m.
         Starting [0;1;39mFlush Journal to Persistent Storage[0m...
[[0;32m  OK  [0m] Finished [0;1;39mApply Kernel Variables[0m.
[    7.546064] systemd-journald[141]: Received client request to flush runtime journal.
[[0;32m  OK  [0m] Finished [0;1;39mCreate Static Device Nodes in /dev[0m.
[[0;32m  OK  [0m] Finished [0;1;39mFlush Journal to Persistent Storage[0m.
         Starting [0;1;39mRule-based Manage…for Device Events and Files[0m...
[[0;32m  OK  [0m] Started [0;1;39mRule-based Manager for Device Events and Files[0m.
         Starting [0;1;39mAuto-connect to s…E devices found during boot[0m...
[[0;32m  OK  [0m] Finished [0;1;39mSetup Virtual Console[0m.
[[0;32m  OK  [0m] Finished [0;1;39mAuto-connect to s…VME devices found during boot[0m.
[[0;32m  OK  [0m] Finished [0;1;39mColdplug All udev Devices[0m.
         Starting [0;1;39mShow Plymouth Boot Screen[0m...
         Starting [0;1;39mWait for udev To …plete Device Initialization[0m...
[2J[3J[-1;-1f[[0;32m  OK  [0m] Started [0;1;39mShow Plymouth Boot Screen[0m.
[[0;32m  OK  [0m] Started [0;1;39mForward Password R…s to Plymouth Directory Watch[0m.
[[0;32m  OK  [0m] Reached target [0;1;39mLocal Encrypted Volumes[0m.
[[0;32m  OK  [0m] Reached target [0;1;39mPath Units[0m.
[[0;32m  OK  [0m] Found device [0;1;39m/dev/ttyS0[0m.
[[0;32m  OK  [0m] Listening on [0;1;39mLoad/Save RF …itch Status /dev/rfkill Watch[0m.
[[0;32m  OK  [0m] Finished [0;1;39mWait for udev To Complete Device Initialization[0m.
[[0;32m  OK  [0m] Reached target [0;1;39mPreparation for Local File Systems[0m.
[[0;32m  OK  [0m] Reached target [0;1;39mLocal File Systems[0m.
         Starting [0;1;39mTell Plymouth To Write Out Runtime Data[0m...
         Starting [0;1;39mAutomatic Boot Loader Update[0m...
         Starting [0;1;39mCreate Volatile Files and Directories[0m...
[[0;32m  OK  [0m] Finished [0;1;39mTell Plymouth To Write Out Runtime Data[0m.
[[0;32m  OK  [0m] Finished [0;1;39mAutomatic Boot Loader Update[0m.
[[0;32m  OK  [0m] Finished [0;1;39mCreate Volatile Files and Directories[0m.
         Mounting [0;1;39mRPC Pipe File System[0m...
         Starting [0;1;39mSecurity Auditing Service[0m...
         Starting [0;1;39mRPC Bind[0m...
[[0;32m  OK  [0m] Mounted [0;1;39mRPC Pipe File System[0m.
[[0;32m  OK  [0m] Reached target [0;1;39mrpc_pipefs.target[0m.
[[0;32m  OK  [0m] Started [0;1;39mRPC Bind[0m.
[[0;32m  OK  [0m] Started [0;1;39mSecurity Auditing Service[0m.
         Starting [0;1;39mRecord System Boot/Shutdown in UTMP[0m...
[[0;32m  OK  [0m] Finished [0;1;39mRecord System Boot/Shutdown in UTMP[0m.
[[0;32m  OK  [0m] Reached target [0;1;39mSystem Initialization[0m.
[[0;32m  OK  [0m] Started [0;1;39mDaily rotation of log files[0m.
[[0;32m  OK  [0m] Started [0;1;39mUpdates mlocate database every day[0m.
[[0;32m  OK  [0m] Started [0;1;39mDaily Cleanup of Temporary Directories[0m.
[[0;32m  OK  [0m] Started [0;1;39mdaily update of the root trust anchor for DNSSEC[0m.
[[0;32m  OK  [0m] Reached target [0;1;39mTimer Units[0m.
[[0;32m  OK  [0m] Listening on [0;1;39mD-Bus System Message Bus Socket[0m.
[[0;32m  OK  [0m] Listening on [0;1;39mOpen-iSCSI iscsid Socket[0m.
[[0;32m  OK  [0m] Listening on [0;1;39mOpen-iSCSI iscsiuio Socket[0m.
[[0;32m  OK  [0m] Listening on [0;1;39mSSSD Kerberos…ache Manager responder socket[0m.
[[0;32m  OK  [0m] Listening on [0;1;39mLibvirt interface local socket[0m.
[[0;32m  OK  [0m] Listening on [0;1;39mVirtual machine lock manager socket[0m.
[[0;32m  OK  [0m] Listening on [0;1;39mVirtual machine log manager socket[0m.
[[0;32m  OK  [0m] Listening on [0;1;39mLibvirt network local socket[0m.
[[0;32m  OK  [0m] Listening on [0;1;39mLibvirt nodedev local socket[0m.
[[0;32m  OK  [0m] Listening on [0;1;39mLibvirt nwfilter local socket[0m.
[[0;32m  OK  [0m] Listening on [0;1;39mLibvirt proxy local socket[0m.
[[0;32m  OK  [0m] Listening on [0;1;39mLibvirt qemu local socket[0m.
[[0;32m  OK  [0m] Listening on [0;1;39mLibvirt qemu admin socket[0m.
[[0;32m  OK  [0m] Listening on [0;1;39mLibvirt qemu local read-only socket[0m.
[[0;32m  OK  [0m] Listening on [0;1;39mLibvirt secret local socket[0m.
[[0;32m  OK  [0m] Listening on [0;1;39mLibvirt storage local socket[0m.
[[0;32m  OK  [0m] Reached target [0;1;39mSocket Units[0m.
         Starting [0;1;39mD-Bus System Message Bus[0m...
[[0;32m  OK  [0m] Started [0;1;39mD-Bus System Message Bus[0m.
[[0;32m  OK  [0m] Reached target [0;1;39mBasic System[0m.
         Starting [0;1;39mNetwork Manager[0m...
         Starting [0;1;39mNTP client/server[0m...
         Starting [0;1;39mRestore /run/initramfs on shutdown[0m...
[[0;32m  OK  [0m] Started [0;1;39mirqbalance daemon[0m.
[[0;32m  OK  [0m] Started [0;1;39mlibstoragemgmt plug-in server daemon[0m.
[[0;32m  OK  [0m] Started [0;1;39mMachine Check Exception Logging Daemon[0m.
[[0;32m  OK  [0m] Reached target [0;1;39msshd-keygen.target[0m.
[[0;32m  OK  [0m] Reached target [0;1;39mUser and Group Name Lookups[0m.
         Starting [0;1;39mUser Login Management[0m...
         Starting [0;1;39mVirtual Machine a…tainer Registration Service[0m...
[[0;32m  OK  [0m] Finished [0;1;39mRestore /run/initramfs on shutdown[0m.
         Starting [0;1;39mHostname Service[0m...
[[0;32m  OK  [0m] Started [0;1;39mVirtual Machine an…ontainer Registration Service[0m.
[[0;32m  OK  [0m] Started [0;1;39mNTP client/server[0m.
[[0;32m  OK  [0m] Started [0;1;39mUser Login Management[0m.
[[0;32m  OK  [0m] Started [0;1;39mHostname Service[0m.
         Starting [0;1;39mNetwork Manager Script Dispatcher Service[0m...
[[0;32m  OK  [0m] Started [0;1;39mNetwork Manager Script Dispatcher Service[0m.
[   10.745960] e1000: eth0 NIC Link is Up 1000 Mbps Full Duplex, Flow Control: RX
[[0;32m  OK  [0m] Started [0;1;39mNetwork Manager[0m.
[[0;32m  OK  [0m] Reached target [0;1;39mNetwork[0m.
[[0;32m  OK  [0m] Reached target [0;1;39mNetwork is Online[0m.
         Starting [0;1;39mGSSAPI Proxy Daemon[0m...
         Starting [0;1;39mNotify NFS peers of a restart[0m...
         Starting [0;1;39mSystem Logging Service[0m...
         Starting [0;1;39mOpenSSH server daemon[0m...
         Starting [0;1;39mDynamic System Tuning Daemon[0m...
[[0;32m  OK  [0m] Started [0;1;39mNotify NFS peers of a restart[0m.
[[0;32m  OK  [0m] Started [0;1;39mGSSAPI Proxy Daemon[0m.
[[0;32m  OK  [0m] Reached target [0;1;39mNFS client services[0m.
[[0;32m  OK  [0m] Reached target [0;1;39mPreparation for Remote File Systems[0m.
[[0;32m  OK  [0m] Reached target [0;1;39mRemote File Systems[0m.
         Starting [0;1;39mPermit User Sessions[0m...
         Starting [0;1;39mVirtualization qemu daemon[0m...
[[0;32m  OK  [0m] Started [0;1;39mOpenSSH server daemon[0m.
[[0;32m  OK  [0m] Finished [0;1;39mPermit User Sessions[0m.
[[0;32m  OK  [0m] Started [0;1;39mDeferred execution scheduler[0m.
[[0;32m  OK  [0m] Started [0;1;39mCommand Scheduler[0m.
         Starting [0;1;39mHold until boot process finishes up[0m...
         Starting [0;1;39mTerminate Plymouth Boot Screen[0m...
[[0;32m  OK  [0m] Started [0;1;39mSystem Logging Service[0m.
[[0;32m  OK  [0m] Started [0;1;39mVirtualization qemu daemon[0m.

CentOS Stream 9
Kernel 6.18.0-83f6ace27d21+ on an x86_64

Activate the web console with: systemctl enable --now cockpit.socket

test login: [   17.393371] tpm tpm0: Operation Canceled
[   17.393909] ==================================================================
[   17.394477] BUG: KASAN: invalid-free in tpm_dev_release+0xdc/0x110
[   17.395045] Free of addr ff11000023284d38 by task repro/710
[   17.395590] 
[   17.395749] CPU: 1 UID: 0 PID: 710 Comm: repro Not tainted 6.18.0-83f6ace27d21+ #1 PREEMPT(voluntary) 
[   17.395764] Hardware name: QEMU Standard PC (i440FX + PIIX, 1996), BIOS rel-1.16.0-0-gd239552ce722-prebuilt.qemu.org 04/01/2014
[   17.395772] Call Trace:
[   17.395776]  <TASK>
[   17.395780]  dump_stack_lvl+0xea/0x150
[   17.395801]  print_report+0xce/0x610
[   17.395819]  ? kasan_complete_mode_report_info+0x40/0x200
[   17.395832]  ? tpm_dev_release+0xdc/0x110
[   17.395849]  kasan_report_invalid_free+0xa7/0xd0
[   17.395866]  ? tpm_dev_release+0xdc/0x110
[   17.395885]  ? tpm_dev_release+0xdc/0x110
[   17.395902]  check_slab_allocation+0x128/0x140
[   17.395916]  __kasan_slab_pre_free+0xd/0x20
[   17.395930]  kfree+0x119/0x620
[   17.395942]  ? tpm_dev_release+0xdc/0x110
[   17.395957]  ? do_wait_intr_irq+0x1e0/0x230
[   17.395978]  ? __pfx_tpm_dev_release+0x10/0x10
[   17.395997]  tpm_dev_release+0xdc/0x110
[   17.396013]  ? tpm_dev_release+0xdc/0x110
[   17.396029]  device_release+0xb6/0x260
[   17.396043]  kobject_put+0x22d/0x550
[   17.396056]  put_device+0x29/0x40
[   17.396067]  vtpm_proxy_fops_release+0x152/0x1e0
[   17.396083]  ? __pfx_vtpm_proxy_fops_release+0x10/0x10
[   17.396095]  __fput+0x41f/0xb70
[   17.396121]  ____fput+0x22/0x30
[   17.396139]  task_work_run+0x19e/0x2b0
[   17.396161]  ? __pfx_task_work_run+0x10/0x10
[   17.396177]  ? __sanitizer_cov_trace_const_cmp4+0x1a/0x20
[   17.396188]  ? switch_task_namespaces+0xdd/0x130
[   17.396202]  do_exit+0x893/0x28c0
[   17.396220]  ? do_group_exit+0x1d8/0x2c0
[   17.396235]  ? __pfx_do_exit+0x10/0x10
[   17.396249]  ? __this_cpu_preempt_check+0x21/0x30
[   17.396261]  ? _raw_spin_unlock_irq+0x2c/0x60
[   17.396279]  ? lockdep_hardirqs_on+0x89/0x110
[   17.396298]  do_group_exit+0xe4/0x2c0
[   17.396314]  __x64_sys_exit_group+0x4d/0x60
[   17.396329]  x64_sys_call+0x21a2/0x21b0
[   17.396342]  do_syscall_64+0x6d/0x450
[   17.396358]  entry_SYSCALL_64_after_hwframe+0x76/0x7e
[   17.396367] RIP: 0033:0x7f84e7d18a4d
[   17.396376] Code: Unable to access opcode bytes at 0x7f84e7d18a23.
[   17.396381] RSP: 002b:00007ffc995e20c8 EFLAGS: 00000246 ORIG_RAX: 00000000000000e7
[   17.396391] RAX: ffffffffffffffda RBX: 00007f84e7df69e0 RCX: 00007f84e7d18a4d
[   17.396398] RDX: 00000000000000e7 RSI: ffffffffffffff80 RDI: 0000000000000000
[   17.396404] RBP: 0000000000000000 R08: 0000000000000000 R09: 0000000000000020
[   17.396410] R10: 00007ffc995e1f70 R11: 0000000000000246 R12: 00007f84e7df69e0
[   17.396416] R13: 00007f84e7dfbf00 R14: 0000000000000001 R15: 00007f84e7dfbee8
[   17.396431]  </TASK>
[   17.396434] 
[   17.413240] Allocated by task 710:
[   17.413483]  kasan_save_stack+0x2c/0x60
[   17.413759]  kasan_save_track+0x18/0x40
[   17.414032]  kasan_save_alloc_info+0x3c/0x50
[   17.414340]  __kasan_kmalloc+0x88/0xa0
[   17.414613]  __kmalloc_cache_noprof+0x2b1/0x840
[   17.414937]  tpm_chip_alloc+0x56/0x4c0
[   17.415207]  vtpmx_fops_ioctl+0x2d0/0x830
[   17.415493]  __x64_sys_ioctl+0x1bf/0x220
[   17.415779]  x64_sys_call+0x1280/0x21b0
[   17.416054]  do_syscall_64+0x6d/0x450
[   17.416318]  entry_SYSCALL_64_after_hwframe+0x76/0x7e
[   17.416682] 
[   17.416801] The buggy address belongs to the object at ff11000023284000
[   17.416801]  which belongs to the cache kmalloc-4k of size 4096
[   17.417639] The buggy address is located 3384 bytes inside of
[   17.417639]  3528-byte region [ff11000023284000, ff11000023284dc8)
[   17.418442] 
[   17.418563] The buggy address belongs to the physical page:
[   17.418948] page: refcount:0 mapcount:0 mapping:0000000000000000 index:0x0 pfn:0x23280
[   17.419486] head: order:3 mapcount:0 entire_mapcount:0 nr_pages_mapped:0 pincount:0
[   17.420015] ksm flags: 0xfffffc0000040(head|node=0|zone=1|lastcpupid=0x1fffff)
[   17.420521] page_type: f5(slab)
[   17.420754] raw: 000fffffc0000040 ff1100000ac38140 ffd4000000677200 0000000000000003
[   17.421292] raw: 0000000000000000 0000000080040004 00000000f5000000 0000000000000000
[   17.421827] head: 000fffffc0000040 ff1100000ac38140 ffd4000000677200 0000000000000003
[   17.422361] head: 0000000000000000 0000000080040004 00000000f5000000 0000000000000000
[   17.422898] head: 000fffffc0000003 ffd40000008ca001 00000000ffffffff 00000000ffffffff
[   17.423437] head: ffffffffffffffff 0000000000000000 00000000ffffffff 0000000000000008
[   17.423975] page dumped because: kasan: bad access detected
[   17.424355] 
[   17.424474] Memory state around the buggy address:
[   17.424815]  ff11000023284c00: 00 00 00 00 00 00 00 00 00 00 00 00 00 00 00 00
[   17.425310]  ff11000023284c80: 00 00 00 00 00 00 00 00 00 00 00 00 00 00 00 00
[   17.425805] >ff11000023284d00: 00 00 00 00 00 00 00 00 00 00 00 00 00 00 00 00
[   17.426297]                                         ^
[   17.426650]  ff11000023284d80: 00 00 00 00 00 00 00 00 00 fc fc fc fc fc fc fc
[   17.427146]  ff11000023284e00: fc fc fc fc fc fc fc fc fc fc fc fc fc fc fc fc
[   17.427644] ==================================================================
[   17.428198] Disabling lock debugging due to kernel taint
[   17.444107] tpm tpm0: Operation Canceled
[   17.464825] tpm tpm0: Operation Canceled
[   17.485550] tpm tpm0: Operation Canceled
[   17.506244] tpm tpm0: Operation Canceled
[   17.527325] tpm tpm0: Operation Canceled
[   17.548013] tpm tpm0: Operation Canceled
[   17.568710] tpm tpm0: Operation Canceled
[   17.589405] tpm tpm0: Operation Canceled
[   17.610125] tpm tpm0: Operation Canceled
[   17.630857] tpm tpm0: Operation Canceled
[   17.651587] tpm tpm0: Operation Canceled
[   17.672292] tpm tpm0: Operation Canceled
[   17.693277] tpm tpm0: Operation Canceled
[   17.714275] tpm tpm0: Operation Canceled
[   17.735007] tpm tpm0: Operation Canceled
[   17.755703] tpm tpm0: Operation Canceled
[   17.776412] tpm tpm0: Operation Canceled
[   17.797127] tpm tpm0: Operation Canceled
[   17.817759] tpm tpm0: Operation Canceled
[   17.838856] tpm tpm0: Operation Canceled
[   17.859537] tpm tpm0: Operation Canceled
[   17.880241] tpm tpm0: Operation Canceled
[   17.900999] tpm tpm0: Operation Canceled
[   17.921752] tpm tpm0: Operation Canceled
[   17.942443] tpm tpm0: Operation Canceled
[   17.963170] tpm tpm0: Operation Canceled
[   17.983903] tpm tpm0: Operation Canceled
[   18.005258] tpm tpm0: Operation Canceled
[   18.025758] tpm tpm0: Operation Canceled
[   18.046468] tpm tpm0: Operation Canceled
[   18.067213] tpm tpm0: Operation Canceled
[   18.087944] tpm tpm0: Operation Canceled
[   18.108630] tpm tpm0: Operation Canceled
[   18.129354] tpm tpm0: Operation Canceled
[   18.150100] tpm tpm0: Operation Canceled
[   18.181199] tpm tpm0: Operation Canceled
[   18.201760] tpm tpm0: Operation Canceled
[   18.222618] tpm tpm0: Operation Canceled
[   18.243355] tpm tpm0: Operation Canceled
[   18.264111] tpm tpm0: Operation Canceled
[   18.284829] tpm tpm0: Operation Canceled
[   18.305575] tpm tpm0: Operation Canceled
[   18.326319] tpm tpm0: Operation Canceled
[   18.347263] tpm tpm0: Operation Canceled
[   18.367992] tpm tpm0: Operation Canceled
[   18.388699] tpm tpm0: Operation Canceled
[   18.409439] tpm tpm0: Operation Canceled
[   18.430144] tpm tpm0: Operation Canceled
[   18.450900] tpm tpm0: Operation Canceled
[   18.471643] tpm tpm0: Operation Canceled
[   18.492367] tpm tpm0: Operation Canceled
[   18.513360] tpm tpm0: Operation Canceled
[   18.534085] tpm tpm0: Operation Canceled
[   18.554840] tpm tpm0: Operation Canceled
[   18.575526] tpm tpm0: Operation Canceled
[   18.596445] tpm tpm0: Operation Canceled
[   18.617194] tpm tpm0: Operation Canceled
[   18.637758] tpm tpm0: Operation Canceled
[   18.658585] tpm tpm0: Operation Canceled
[   18.679681] tpm tpm0: Operation Canceled
[   18.700060] tpm tpm0: Operation Canceled
[   18.720767] tpm tpm0: Operation Canceled
[   18.751930] tpm tpm0: Operation Canceled
[   18.772666] tpm tpm0: Operation Canceled
[   18.793350] tpm tpm0: Operation Canceled
[   18.814144] tpm tpm0: Operation Canceled
[   18.834931] tpm tpm0: Operation Canceled
[   18.855574] tpm tpm0: Operation Canceled
[   18.876247] tpm tpm0: Operation Canceled
[   18.896918] tpm tpm0: Operation Canceled
[   18.917614] tpm tpm0: Operation Canceled
[   18.938303] tpm tpm0: Operation Canceled
[   18.959264] tpm tpm0: Operation Canceled
[   18.979795] tpm tpm0: Operation Canceled
[   19.000397] tpm tpm0: Operation Canceled
[   19.010880] tpm tpm0: Operation Canceled
[   19.031398] tpm tpm0: Operation Canceled
[   19.052120] tpm tpm0: Operation Canceled
[   19.072819] tpm tpm0: Operation Canceled
[   19.093479] tpm tpm0: Operation Canceled
[   19.114193] tpm tpm0: Operation Canceled
[   19.135228] tpm tpm0: Operation Canceled
[   19.155932] tpm tpm0: Operation Canceled
[   19.176653] tpm tpm0: Operation Canceled
[   19.197343] tpm tpm0: Operation Canceled
[   19.217765] tpm tpm0: Operation Canceled
[   19.238708] tpm tpm0: Operation Canceled
[   19.259389] tpm tpm0: Operation Canceled
[   19.280098] tpm tpm0: Operation Canceled
[   19.300840] tpm tpm0: Operation Canceled
[   19.321545] tpm tpm0: Operation Canceled
[   19.342232] tpm tpm0: Operation Canceled
[   19.362955] tpm tpm0: Operation Canceled
[   19.383640] tpm tpm0: Operation Canceled
[   19.404398] tpm tpm0: Operation Canceled
[   19.425103] tpm tpm0: Operation Canceled
[   19.445763] tpm tpm0: Operation Canceled
[   19.466740] tpm tpm0: Operation Canceled
[   19.487407] tpm tpm0: Operation Canceled
[   19.508083] tpm tpm0: Operation Canceled
[   19.528770] tpm tpm0: Operation Canceled
[   19.549474] tpm tpm0: Operation Canceled
[   19.570287] tpm tpm0: Operation Canceled
[   19.590925] tpm tpm0: Operation Canceled
[   19.612123] tpm tpm0: Operation Canceled
[   19.632793] tpm tpm0: Operation Canceled
[   19.653466] tpm tpm0: Operation Canceled
[   19.674201] tpm tpm0: Operation Canceled
[   19.695024] tpm tpm0: Operation Canceled
[   19.715650] tpm tpm0: Operation Canceled
[   19.736275] tpm tpm0: Operation Canceled
[   19.757020] tpm tpm0: Operation Canceled
[   19.788033] tpm tpm0: Operation Canceled
[   19.808722] tpm tpm0: Operation Canceled
[   19.829487] tpm tpm0: Operation Canceled
[   19.850169] tpm tpm0: Operation Canceled
[   19.871420] tpm tpm0: Operation Canceled
[   19.891592] tpm tpm0: Operation Canceled
[   19.912140] tpm tpm0: Operation Canceled
[   19.932821] tpm tpm0: Operation Canceled
[   19.953562] tpm tpm0: Operation Canceled
[   19.974256] tpm tpm0: Operation Canceled
[   19.995019] tpm tpm0: Operation Canceled
[   20.015704] tpm tpm0: Operation Canceled
[   20.036387] tpm tpm0: Operation Canceled
[   20.046865] tpm tpm0: Operation Canceled
[   20.067415] tpm tpm0: Operation Canceled
[   20.088079] tpm tpm0: Operation Canceled
[   20.109251] tpm tpm0: Operation Canceled
[   20.119210] tpm tpm0: Operation Canceled
[   20.139881] tpm tpm0: Operation Canceled
[   20.160580] tpm tpm0: Operation Canceled
[   20.181303] tpm tpm0: Operation Canceled
[   20.202309] tpm tpm0: Operation Canceled
[   20.223113] tpm tpm0: Operation Canceled
[   20.243740] tpm tpm0: Operation Canceled
[   20.264422] tpm tpm0: Operation Canceled
[   20.274817] tpm tpm0: Operation Canceled
[   20.295722] tpm tpm0: Operation Canceled
[   20.316415] tpm tpm0: Operation Canceled
[   20.337141] tpm tpm0: Operation Canceled
[   20.357760] tpm tpm0: Operation Canceled
[   20.378571] tpm tpm0: Operation Canceled
[   20.399400] tpm tpm0: Operation Canceled
[   20.419979] tpm tpm0: Operation Canceled
[   20.440714] tpm tpm0: Operation Canceled
[   20.461424] tpm tpm0: Operation Canceled
[   20.482123] tpm tpm0: Operation Canceled
[   20.502854] tpm tpm0: Operation Canceled
[   20.523531] tpm tpm0: Operation Canceled
[   20.544265] tpm tpm0: Operation Canceled
[   20.564970] tpm tpm0: Operation Canceled
[   20.585730] tpm tpm0: Operation Canceled
[   20.606454] tpm tpm0: Operation Canceled
[   20.627391] tpm tpm0: Operation Canceled
[   20.648098] tpm tpm0: Operation Canceled
[   20.669018] tpm tpm0: Operation Canceled
[   20.689722] tpm tpm0: Operation Canceled
[   20.710464] tpm tpm0: Operation Canceled
[   20.731176] tpm tpm0: Operation Canceled
[   20.751834] tpm tpm0: Operation Canceled
[   20.772552] tpm tpm0: Operation Canceled
[   20.793271] tpm tpm0: Operation Canceled
[   20.813781] tpm tpm0: Operation Canceled
[   20.835038] tpm tpm0: Operation Canceled
[   20.855623] tpm tpm0: Operation Canceled
[   20.876337] tpm tpm0: Operation Canceled
[   20.886819] tpm tpm0: Operation Canceled
[   20.907415] tpm tpm0: Operation Canceled
[   20.928460] tpm tpm0: Operation Canceled
[   20.949169] tpm tpm0: Operation Canceled
[   20.969761] tpm tpm0: Operation Canceled
[   20.990550] tpm tpm0: Operation Canceled
[   21.011258] tpm tpm0: Operation Canceled
[   21.031960] tpm tpm0: Operation Canceled
[   21.052674] tpm tpm0: Operation Canceled
[   21.073428] tpm tpm0: Operation Canceled
[   21.094151] tpm tpm0: Operation Canceled
[   21.114845] tpm tpm0: Operation Canceled
[   21.135546] tpm tpm0: Operation Canceled
[   21.156273] tpm tpm0: Operation Canceled
[   21.187379] tpm tpm0: Operation Canceled
[   21.208096] tpm tpm0: Operation Canceled
[   21.229104] tpm tpm0: Operation Canceled
[   21.249758] tpm tpm0: Operation Canceled
[   21.270783] tpm tpm0: Operation Canceled
[   21.291476] tpm tpm0: Operation Canceled
[   21.312147] tpm tpm0: Operation Canceled
[   21.332843] tpm tpm0: Operation Canceled
[   21.364043] tpm tpm0: Operation Canceled
[   21.384714] tpm tpm0: Operation Canceled
[   21.405517] tpm tpm0: Operation Canceled
[   21.426253] tpm tpm0: Operation Canceled
[   21.447034] tpm tpm0: Operation Canceled
[   21.467708] tpm tpm0: Operation Canceled
[   21.488388] tpm tpm0: Operation Canceled
[   21.509092] tpm tpm0: Operation Canceled
[   21.529766] tpm tpm0: Operation Canceled
[   21.550531] tpm tpm0: Operation Canceled
[   21.571301] tpm tpm0: Operation Canceled
[   21.592006] tpm tpm0: Operation Canceled
[   21.612849] tpm tpm0: Operation Canceled
[   21.633585] tpm tpm0: Operation Canceled
[   21.654330] tpm tpm0: Operation Canceled
[   21.675056] tpm tpm0: Operation Canceled
[   21.695753] tpm tpm0: Operation Canceled
[   21.716509] tpm tpm0: Operation Canceled
[   21.737241] tpm tpm0: Operation Canceled
[   21.757757] tpm tpm0: Operation Canceled
[   21.779144] tpm tpm0: Operation Canceled
[   21.799861] tpm tpm0: Operation Canceled
[   21.820571] tpm tpm0: Operation Canceled
[   21.841312] tpm tpm0: Operation Canceled
[   21.861758] tpm tpm0: Operation Canceled
[   21.882736] tpm tpm0: Operation Canceled
[   21.903472] tpm tpm0: Operation Canceled
[   21.924180] tpm tpm0: Operation Canceled
[   21.945218] tpm tpm0: Operation Canceled
[   21.965760] tpm tpm0: Operation Canceled
[   21.986648] tpm tpm0: Operation Canceled
[   22.007445] tpm tpm0: Operation Canceled
[   22.017761] tpm tpm0: Operation Canceled
[   22.048862] tpm tpm0: Operation Canceled
[   22.069761] tpm tpm0: Operation Canceled
[   22.080135] tpm tpm0: Operation Canceled
[   22.100819] tpm tpm0: Operation Canceled
[   22.121550] tpm tpm0: Operation Canceled
[   22.142279] tpm tpm0: Operation Canceled
[   22.163001] tpm tpm0: Operation Canceled
[   22.183733] tpm tpm0: Operation Canceled
[   22.204460] tpm tpm0: Operation Canceled
[   22.225184] tpm tpm0: Operation Canceled
[   22.245759] tpm tpm0: Operation Canceled
[   22.266612] tpm tpm0: Operation Canceled
[   22.287359] tpm tpm0: Operation Canceled
[   22.308051] tpm tpm0: Operation Canceled
[   22.328748] tpm tpm0: Operation Canceled
[   22.349478] tpm tpm0: Operation Canceled
[   22.370194] tpm tpm0: Operation Canceled
[   22.390932] tpm tpm0: Operation Canceled
[   22.411866] tpm tpm0: Operation Canceled
[   22.432587] tpm tpm0: Operation Canceled
[   22.453291] tpm tpm0: Operation Canceled
[   22.473757] tpm tpm0: Operation Canceled
[   22.494742] tpm tpm0: Operation Canceled
[   22.515683] tpm tpm0: Operation Canceled
[   22.536377] tpm tpm0: Operation Canceled
[   22.557121] tpm tpm0: Operation Canceled
[   22.577757] tpm tpm0: Operation Canceled
[   22.598683] tpm tpm0: Operation Canceled
[   22.619383] tpm tpm0: Operation Canceled
[   22.640092] tpm tpm0: Operation Canceled
[   22.660810] tpm tpm0: Operation Canceled
[   22.692014] tpm tpm0: Operation Canceled
[   22.712669] tpm tpm0: Operation Canceled
[   22.733342] tpm tpm0: Operation Canceled
[   22.754059] tpm tpm0: Operation Canceled
[   22.774850] tpm tpm0: Operation Canceled
[   22.795500] tpm tpm0: Operation Canceled
[   22.816198] tpm tpm0: Operation Canceled
[   22.836947] tpm tpm0: Operation Canceled
[   22.857667] tpm tpm0: Operation Canceled
[   22.878360] tpm tpm0: Operation Canceled
[   22.899195] tpm tpm0: Operation Canceled
[   22.919826] tpm tpm0: Operation Canceled
[   22.940557] tpm tpm0: Operation Canceled
[   22.961293] tpm tpm0: Operation Canceled
[   22.981761] tpm tpm0: Operation Canceled
[   23.002706] tpm tpm0: Operation Canceled
[   23.023362] tpm tpm0: Operation Canceled
[   23.044081] tpm tpm0: Operation Canceled
[   23.064827] tpm tpm0: Operation Canceled
[   23.075248] tpm tpm0: Operation Canceled
[   23.095931] tpm tpm0: Operation Canceled
[   23.116770] tpm tpm0: Operation Canceled
[   23.147915] tpm tpm0: Operation Canceled
[   23.168595] tpm tpm0: Operation Canceled
[   23.189265] tpm tpm0: Operation Canceled
[   23.209760] tpm tpm0: Operation Canceled
[   23.230686] tpm tpm0: Operation Canceled
[   23.251394] tpm tpm0: Operation Canceled
[   23.272132] tpm tpm0: Operation Canceled
[   23.293104] tpm tpm0: Operation Canceled
[   23.313563] tpm tpm0: Operation Canceled
[   23.334316] tpm tpm0: Operation Canceled
[   23.355025] tpm tpm0: Operation Canceled
[   23.375704] tpm tpm0: Operation Canceled
[   23.396440] tpm tpm0: Operation Canceled
[   23.417136] tpm tpm0: Operation Canceled
[   23.437757] tpm tpm0: Operation Canceled
[   23.458700] tpm tpm0: Operation Canceled
[   23.479279] tpm tpm0: Operation Canceled
[   23.499985] tpm tpm0: Operation Canceled
[   23.520723] tpm tpm0: Operation Canceled
[   23.541419] tpm tpm0: Operation Canceled
[   23.562102] tpm tpm0: Operation Canceled
[   23.582852] tpm tpm0: Operation Canceled
[   23.603562] tpm tpm0: Operation Canceled
[   23.624278] tpm tpm0: Operation Canceled
[   23.644985] tpm tpm0: Operation Canceled
[   23.665709] tpm tpm0: Operation Canceled
[   23.686421] tpm tpm0: Operation Canceled
[   23.707138] tpm tpm0: Operation Canceled
[   23.727844] tpm tpm0: Operation Canceled
[   23.748539] tpm tpm0: Operation Canceled
[   23.769260] tpm tpm0: Operation Canceled
[   23.789757] tpm tpm0: Operation Canceled
[   23.810920] tpm tpm0: Operation Canceled
[   23.831606] tpm tpm0: Operation Canceled
[   23.852286] tpm tpm0: Operation Canceled
[   23.873008] tpm tpm0: Operation Canceled
[   23.893729] tpm tpm0: Operation Canceled
[   23.914447] tpm tpm0: Operation Canceled
[   23.935177] tpm tpm0: Operation Canceled
[   23.955872] tpm tpm0: Operation Canceled
[   23.976813] tpm tpm0: Operation Canceled
[   23.997540] tpm tpm0: Operation Canceled
[   24.018240] tpm tpm0: Operation Canceled
[   24.038938] tpm tpm0: Operation Canceled
[   24.059632] tpm tpm0: Operation Canceled
[   24.080346] tpm tpm0: Operation Canceled
[   24.101082] tpm tpm0: Operation Canceled
[   24.121760] tpm tpm0: Operation Canceled
[   24.142665] tpm tpm0: Operation Canceled
[   24.163353] tpm tpm0: Operation Canceled
[   24.184063] tpm tpm0: Operation Canceled
[   24.204886] tpm tpm0: Operation Canceled
[   24.225618] tpm tpm0: Operation Canceled
[   24.246349] tpm tpm0: Operation Canceled
[   24.267038] tpm tpm0: Operation Canceled
[   24.287961] tpm tpm0: Operation Canceled
[   24.308428] tpm tpm0: Operation Canceled
[   24.329143] tpm tpm0: Operation Canceled
[   24.349757] tpm tpm0: Operation Canceled
[   24.370587] tpm tpm0: Operation Canceled
[   24.391325] tpm tpm0: Operation Canceled
[   24.412020] tpm tpm0: Operation Canceled
[   24.432752] tpm tpm0: Operation Canceled
[   24.463900] tpm tpm0: Operation Canceled
[   24.484631] tpm tpm0: Operation Canceled
[   24.505337] tpm tpm0: Operation Canceled
[   24.525758] tpm tpm0: Operation Canceled
[   24.546796] tpm tpm0: Operation Canceled
[   24.567477] tpm tpm0: Operation Canceled
[   24.588148] tpm tpm0: Operation Canceled
[   24.608863] tpm tpm0: Operation Canceled
[   24.629602] tpm tpm0: Operation Canceled
[   24.650333] tpm tpm0: Operation Canceled
[   24.671207] tpm tpm0: Operation Canceled
[   24.691762] tpm tpm0: Operation Canceled
[   24.712442] tpm tpm0: Operation Canceled
[   24.733133] tpm tpm0: Operation Canceled
[   24.753758] tpm tpm0: Operation Canceled
[   24.774874] tpm tpm0: Operation Canceled
[   24.795534] tpm tpm0: Operation Canceled
[   24.816401] tpm tpm0: Operation Canceled
[   24.837135] tpm tpm0: Operation Canceled
[   24.868180] tpm tpm0: Operation Canceled
[   24.888896] tpm tpm0: Operation Canceled
[   24.909654] tpm tpm0: Operation Canceled
[   24.930365] tpm tpm0: Operation Canceled
[   24.951183] tpm tpm0: Operation Canceled
[   24.971761] tpm tpm0: Operation Canceled
[   24.992459] tpm tpm0: Operation Canceled
[   25.013182] tpm tpm0: Operation Canceled
[   25.033761] tpm tpm0: Operation Canceled
[   25.054655] tpm tpm0: Operation Canceled
[   25.075347] tpm tpm0: Operation Canceled
[   25.096040] tpm tpm0: Operation Canceled
[   25.116765] tpm tpm0: Operation Canceled
[   25.127185] tpm tpm0: Operation Canceled
[   25.147856] tpm tpm0: Operation Canceled
[   25.168642] tpm tpm0: Operation Canceled
[   25.179143] tpm tpm0: Operation Canceled
[   25.199719] tpm tpm0: Operation Canceled
[   25.220427] tpm tpm0: Operation Canceled
[   25.241111] tpm tpm0: Operation Canceled
[   25.261758] tpm tpm0: Operation Canceled
[   25.282545] tpm tpm0: Operation Canceled
[   25.303285] tpm tpm0: Operation Canceled
[   25.324242] tpm tpm0: Operation Canceled
[   25.344934] tpm tpm0: Operation Canceled
[   25.365666] tpm tpm0: Operation Canceled
[   25.386373] tpm tpm0: Operation Canceled
[   25.407234] tpm tpm0: Operation Canceled
[   25.427952] tpm tpm0: Operation Canceled
[   25.448707] tpm tpm0: Operation Canceled
[   25.469403] tpm tpm0: Operation Canceled
[   25.490142] tpm tpm0: Operation Canceled
[   25.510985] tpm tpm0: Operation Canceled
[   25.531699] tpm tpm0: Operation Canceled
[   25.552407] tpm tpm0: Operation Canceled
[   25.573071] tpm tpm0: Operation Canceled
[   25.593750] tpm tpm0: Operation Canceled
[   25.614472] tpm tpm0: Operation Canceled
[   25.635171] tpm tpm0: Operation Canceled
[   25.655873] tpm tpm0: Operation Canceled
[   25.676808] tpm tpm0: Operation Canceled
[   25.697527] tpm tpm0: Operation Canceled
[   25.718217] tpm tpm0: Operation Canceled
[   25.738940] tpm tpm0: Operation Canceled
[   25.759625] tpm tpm0: Operation Canceled
[   25.780344] tpm tpm0: Operation Canceled
[   25.801081] tpm tpm0: Operation Canceled
[   25.821758] tpm tpm0: Operation Canceled
[   25.842491] tpm tpm0: Operation Canceled
[   25.863249] tpm tpm0: Operation Canceled
[   25.883964] tpm tpm0: Operation Canceled
[   25.904683] tpm tpm0: Operation Canceled
[   25.925377] tpm tpm0: Operation Canceled
[   25.946081] tpm tpm0: Operation Canceled
[   25.966817] tpm tpm0: Operation Canceled
[   25.987517] tpm tpm0: Operation Canceled
[   26.008201] tpm tpm0: Operation Canceled
[   26.028919] tpm tpm0: Operation Canceled
[   26.049656] tpm tpm0: Operation Canceled
[   26.070357] tpm tpm0: Operation Canceled
[   26.091104] tpm tpm0: Operation Canceled
[   26.111824] tpm tpm0: Operation Canceled
[   26.132513] tpm tpm0: Operation Canceled
[   26.153243] tpm tpm0: Operation Canceled
[   26.184452] tpm tpm0: Operation Canceled
[   26.205147] tpm tpm0: Operation Canceled
[   26.225757] tpm tpm0: Operation Canceled
[   26.246577] tpm tpm0: Operation Canceled
[   26.267307] tpm tpm0: Operation Canceled
[   26.288006] tpm tpm0: Operation Canceled
[   26.308699] tpm tpm0: Operation Canceled
[   26.329427] tpm tpm0: Operation Canceled
[   26.350136] tpm tpm0: Operation Canceled
[   26.370873] tpm tpm0: Operation Canceled
[   26.391592] tpm tpm0: Operation Canceled
[   26.412281] tpm tpm0: Operation Canceled
[   26.432967] tpm tpm0: Operation Canceled
[   26.453756] tpm tpm0: Operation Canceled
[   26.474575] tpm tpm0: Operation Canceled
[   26.495336] tpm tpm0: Operation Canceled
[   26.516044] tpm tpm0: Operation Canceled
[   26.537000] tpm tpm0: Operation Canceled
[   26.557715] tpm tpm0: Operation Canceled
[   26.578389] tpm tpm0: Operation Canceled
[   26.599107] tpm tpm0: Operation Canceled
[   26.619810] tpm tpm0: Operation Canceled
[   26.640525] tpm tpm0: Operation Canceled
[   26.661250] tpm tpm0: Operation Canceled
[   26.681758] tpm tpm0: Operation Canceled
[   26.702702] tpm tpm0: Operation Canceled
[   26.723372] tpm tpm0: Operation Canceled
[   26.744064] tpm tpm0: Operation Canceled
[   26.764798] tpm tpm0: Operation Canceled
[   26.775232] tpm tpm0: Operation Canceled
[   26.795907] tpm tpm0: Operation Canceled
[   26.816635] tpm tpm0: Operation Canceled
[   26.837369] tpm tpm0: Operation Canceled
[   26.858078] tpm tpm0: Operation Canceled
[   26.889343] tpm tpm0: Operation Canceled
[   26.910068] tpm tpm0: Operation Canceled
[   26.930787] tpm tpm0: Operation Canceled
[   26.951454] tpm tpm0: Operation Canceled
[   26.972178] tpm tpm0: Operation Canceled
[   26.992896] tpm tpm0: Operation Canceled
[   27.013622] tpm tpm0: Operation Canceled
[   27.034378] tpm tpm0: Operation Canceled
[   27.065513] tpm tpm0: Operation Canceled
[   27.086220] tpm tpm0: Operation Canceled
[   27.106953] tpm tpm0: Operation Canceled
[   27.127637] tpm tpm0: Operation Canceled
[   27.148332] tpm tpm0: Operation Canceled
[   27.169036] tpm tpm0: Operation Canceled
[   27.189766] tpm tpm0: Operation Canceled
[   27.200184] tpm tpm0: Operation Canceled
[   27.220858] tpm tpm0: Operation Canceled
[   27.241606] tpm tpm0: Operation Canceled
[   27.262314] tpm tpm0: Operation Canceled
[   27.283037] tpm tpm0: Operation Canceled
[   27.303745] tpm tpm0: Operation Canceled
[   27.324456] tpm tpm0: Operation Canceled
[   27.345155] tpm tpm0: Operation Canceled
[   27.365758] tpm tpm0: Operation Canceled
[   27.386582] tpm tpm0: Operation Canceled
[   27.407303] tpm tpm0: Operation Canceled
[   27.427983] tpm tpm0: Operation Canceled
[   27.448680] tpm tpm0: Operation Canceled
[   27.469391] tpm tpm0: Operation Canceled
[   27.490109] tpm tpm0: Operation Canceled
[   27.510861] tpm tpm0: Operation Canceled
[   27.531560] tpm tpm0: Operation Canceled
[   27.552342] tpm tpm0: Operation Canceled
[   27.573045] tpm tpm0: Operation Canceled
[   27.593759] tpm tpm0: Operation Canceled
[   27.614680] tpm tpm0: Operation Canceled
[   27.635383] tpm tpm0: Operation Canceled
[   27.656087] tpm tpm0: Operation Canceled
[   27.676811] tpm tpm0: Operation Canceled
[   27.707953] tpm tpm0: Operation Canceled
[   27.728641] tpm tpm0: Operation Canceled
[   27.749336] tpm tpm0: Operation Canceled
[   27.770266] tpm tpm0: Operation Canceled
[   27.790996] tpm tpm0: Operation Canceled
[   27.811843] tpm tpm0: Operation Canceled
[   27.832550] tpm tpm0: Operation Canceled
[   27.853227] tpm tpm0: Operation Canceled
[   27.873760] tpm tpm0: Operation Canceled
[   27.894676] tpm tpm0: Operation Canceled
[   27.915399] tpm tpm0: Operation Canceled
[   27.936303] tpm tpm0: Operation Canceled
[   27.946773] tpm tpm0: Operation Canceled
[   27.967409] tpm tpm0: Operation Canceled
[   27.988111] tpm tpm0: Operation Canceled
[   28.008831] tpm tpm0: Operation Canceled
[   28.019253] tpm tpm0: Operation Canceled
[   28.039977] tpm tpm0: Operation Canceled
[   28.060663] tpm tpm0: Operation Canceled
[   28.081346] tpm tpm0: Operation Canceled
[   28.101756] tpm tpm0: Operation Canceled
[   28.122986] tpm tpm0: Operation Canceled
[   28.143684] tpm tpm0: Operation Canceled
[   28.164391] tpm tpm0: Operation Canceled
[   28.195440] tpm tpm0: Operation Canceled
[   28.216138] tpm tpm0: Operation Canceled
[   28.236881] tpm tpm0: Operation Canceled
[   28.257587] tpm tpm0: Operation Canceled
[   28.278515] tpm tpm0: Operation Canceled
[   28.299279] tpm tpm0: Operation Canceled
[   28.319991] tpm tpm0: Operation Canceled
[   28.340689] tpm tpm0: Operation Canceled
[   28.361425] tpm tpm0: Operation Canceled
[   28.382257] tpm tpm0: Operation Canceled
[   28.402963] tpm tpm0: Operation Canceled
[   28.423657] tpm tpm0: Operation Canceled
[   28.444358] tpm tpm0: Operation Canceled
[   28.465069] tpm tpm0: Operation Canceled
[   28.485759] tpm tpm0: Operation Canceled
[   28.506510] tpm tpm0: Operation Canceled
[   28.527211] tpm tpm0: Operation Canceled
[   28.547911] tpm tpm0: Operation Canceled
[   28.568632] tpm tpm0: Operation Canceled
[   28.589337] tpm tpm0: Operation Canceled
[   28.610066] tpm tpm0: Operation Canceled
[   28.630943] tpm tpm0: Operation Canceled
[   28.651623] tpm tpm0: Operation Canceled
[   28.672316] tpm tpm0: Operation Canceled
[   28.682774] tpm tpm0: Operation Canceled
[   28.703418] tpm tpm0: Operation Canceled
[   28.724103] tpm tpm0: Operation Canceled
[   28.744828] tpm tpm0: Operation Canceled
[   28.765568] tpm tpm0: Operation Canceled
[   28.786275] tpm tpm0: Operation Canceled
[   28.806992] tpm tpm0: Operation Canceled
[   28.827705] tpm tpm0: Operation Canceled
[   28.848417] tpm tpm0: Operation Canceled
[   28.869090] tpm tpm0: Operation Canceled
[   28.900201] tpm tpm0: Operation Canceled
[   28.920922] tpm tpm0: Operation Canceled
[   28.941652] tpm tpm0: Operation Canceled
[   28.962570] tpm tpm0: Operation Canceled
[   28.983329] tpm tpm0: Operation Canceled
[   29.004018] tpm tpm0: Operation Canceled
[   29.024744] tpm tpm0: Operation Canceled
[   29.045480] tpm tpm0: Operation Canceled
[   29.066178] tpm tpm0: Operation Canceled
[   29.086907] tpm tpm0: Operation Canceled
[   29.107621] tpm tpm0: Operation Canceled
[   29.128341] tpm tpm0: Operation Canceled
[   29.149029] tpm tpm0: Operation Canceled
[   29.169749] tpm tpm0: Operation Canceled
[   29.190459] tpm tpm0: Operation Canceled
[   29.211207] tpm tpm0: Operation Canceled
[   29.231943] tpm tpm0: Operation Canceled
[   29.252652] tpm tpm0: Operation Canceled
[   29.273326] tpm tpm0: Operation Canceled
[   29.293757] tpm tpm0: Operation Canceled
[   29.314982] tpm tpm0: Operation Canceled
[   29.335684] tpm tpm0: Operation Canceled
[   29.356381] tpm tpm0: Operation Canceled
[   29.377081] tpm tpm0: Operation Canceled
[   29.397765] tpm tpm0: Operation Canceled
[   29.418557] tpm tpm0: Operation Canceled
[   29.439253] tpm tpm0: Operation Canceled
[   29.460044] tpm tpm0: Operation Canceled
[   29.480973] tpm tpm0: Operation Canceled
[   29.501689] tpm tpm0: Operation Canceled
[   29.522428] tpm tpm0: Operation Canceled
[   29.543127] tpm tpm0: Operation Canceled
[   29.563822] tpm tpm0: Operation Canceled
[   29.584542] tpm tpm0: Operation Canceled
[   29.605245] tpm tpm0: Operation Canceled
[   29.625761] tpm tpm0: Operation Canceled
[   29.646949] tpm tpm0: Operation Canceled
[   29.667629] tpm tpm0: Operation Canceled
[   29.688361] tpm tpm0: Operation Canceled
[   29.709047] tpm tpm0: Operation Canceled
[   29.729759] tpm tpm0: Operation Canceled
[   29.750474] tpm tpm0: Operation Canceled
[   29.771203] tpm tpm0: Operation Canceled
[   29.792052] tpm tpm0: Operation Canceled
[   29.812782] tpm tpm0: Operation Canceled
[   29.833501] tpm tpm0: Operation Canceled
[   29.854187] tpm tpm0: Operation Canceled
[   29.875031] tpm tpm0: Operation Canceled
[   29.895597] tpm tpm0: Operation Canceled
[   29.916338] tpm tpm0: Operation Canceled
[   29.937029] tpm tpm0: Operation Canceled
[   29.957758] tpm tpm0: Operation Canceled
[   29.978502] tpm tpm0: Operation Canceled
[   29.999227] tpm tpm0: Operation Canceled
[   30.019911] tpm tpm0: Operation Canceled
[   30.040629] tpm tpm0: Operation Canceled
[   30.061336] tpm tpm0: Operation Canceled
[   30.082177] tpm tpm0: Operation Canceled
[   30.102915] tpm tpm0: Operation Canceled
[   30.123622] tpm tpm0: Operation Canceled
[   30.144295] tpm tpm0: Operation Canceled
[   30.175608] tpm tpm0: Operation Canceled
[   30.196355] tpm tpm0: Operation Canceled
[   30.217038] tpm tpm0: Operation Canceled
[   30.237751] tpm tpm0: Operation Canceled
[   30.258464] tpm tpm0: Operation Canceled
[   30.279199] tpm tpm0: Operation Canceled
[   30.299949] tpm tpm0: Operation Canceled
[   30.320653] tpm tpm0: Operation Canceled
[   30.341453] tpm tpm0: Operation Canceled
[   30.362162] tpm tpm0: Operation Canceled
[   30.382884] tpm tpm0: Operation Canceled
[   30.403563] tpm tpm0: Operation Canceled
[   30.424274] tpm tpm0: Operation Canceled
[   30.444984] tpm tpm0: Operation Canceled
[   30.465696] tpm tpm0: Operation Canceled
[   30.486461] tpm tpm0: Operation Canceled
[   30.507161] tpm tpm0: Operation Canceled
[   30.527887] tpm tpm0: Operation Canceled
[   30.548626] tpm tpm0: Operation Canceled
[   30.569318] tpm tpm0: Operation Canceled
[   30.589759] tpm tpm0: Operation Canceled
[   30.610735] tpm tpm0: Operation Canceled
[   30.631446] tpm tpm0: Operation Canceled
[   30.652164] tpm tpm0: Operation Canceled
[   30.672905] tpm tpm0: Operation Canceled
[   30.693651] tpm tpm0: Operation Canceled
[   30.714320] tpm tpm0: Operation Canceled
[   30.735150] tpm tpm0: Operation Canceled
[   30.755724] tpm tpm0: Operation Canceled
[   30.776465] tpm tpm0: Operation Canceled
[   30.797155] tpm tpm0: Operation Canceled
[   30.817759] tpm tpm0: Operation Canceled
[   30.838640] tpm tpm0: Operation Canceled
[   30.859591] tpm tpm0: Operation Canceled
[   30.880263] tpm tpm0: Operation Canceled
[   30.911364] tpm tpm0: Operation Canceled
[   30.932197] tpm tpm0: Operation Canceled
[   30.952874] tpm tpm0: Operation Canceled
[   30.973637] tpm tpm0: Operation Canceled
[   30.994341] tpm tpm0: Operation Canceled
[   31.015204] tpm tpm0: Operation Canceled
[   31.035998] tpm tpm0: Operation Canceled
[   31.056686] tpm tpm0: Operation Canceled
[   31.077378] tpm tpm0: Operation Canceled
[   31.098084] tpm tpm0: Operation Canceled
[   31.118837] tpm tpm0: Operation Canceled
[   31.139540] tpm tpm0: Operation Canceled
[   31.160235] tpm tpm0: Operation Canceled
[   31.181071] tpm tpm0: Operation Canceled
[   31.191430] tpm tpm0: Operation Canceled
[   31.212319] tpm tpm0: Operation Canceled
[   31.222773] tpm tpm0: Operation Canceled
[   31.243424] tpm tpm0: Operation Canceled
[   31.264110] tpm tpm0: Operation Canceled
[   31.284801] tpm tpm0: Operation Canceled
[   31.305519] tpm tpm0: Operation Canceled
[   31.326266] tpm tpm0: Operation Canceled
[   31.347211] tpm tpm0: Operation Canceled
[   31.367904] tpm tpm0: Operation Canceled
[   31.388638] tpm tpm0: Operation Canceled
[   31.409340] tpm tpm0: Operation Canceled
[   31.429758] tpm tpm0: Operation Canceled
[   31.450740] tpm tpm0: Operation Canceled
[   31.471455] tpm tpm0: Operation Canceled
[   31.492168] tpm tpm0: Operation Canceled
[   31.512919] tpm tpm0: Operation Canceled
[   31.533646] tpm tpm0: Operation Canceled
[   31.554324] tpm tpm0: Operation Canceled
[   31.575025] tpm tpm0: Operation Canceled
[   31.595686] tpm tpm0: Operation Canceled
[   31.616402] tpm tpm0: Operation Canceled
[   31.637106] tpm tpm0: Operation Canceled
[   31.657760] tpm tpm0: Operation Canceled
[   31.678574] tpm tpm0: Operation Canceled
[   31.699270] tpm tpm0: Operation Canceled
[   31.719957] tpm tpm0: Operation Canceled
[   31.740665] tpm tpm0: Operation Canceled
[   31.761358] tpm tpm0: Operation Canceled
[   31.782062] tpm tpm0: Operation Canceled
[   31.802834] tpm tpm0: Operation Canceled
[   31.823527] tpm tpm0: Operation Canceled
[   31.844430] tpm tpm0: Operation Canceled
[   31.865128] tpm tpm0: Operation Canceled
[   31.885758] tpm tpm0: Operation Canceled
[   31.906565] tpm tpm0: Operation Canceled
[   31.927273] tpm tpm0: Operation Canceled
[   31.947983] tpm tpm0: Operation Canceled
[   31.968712] tpm tpm0: Operation Canceled
[   31.989431] tpm tpm0: Operation Canceled
[   32.010257] tpm tpm0: Operation Canceled
[   32.030965] tpm tpm0: Operation Canceled
[   32.051668] tpm tpm0: Operation Canceled
[   32.072357] tpm tpm0: Operation Canceled
[   32.093300] tpm tpm0: Operation Canceled
[   32.113758] tpm tpm0: Operation Canceled
[   32.134689] tpm tpm0: Operation Canceled
[   32.155402] tpm tpm0: Operation Canceled
[   32.176328] tpm tpm0: Operation Canceled
[   32.197060] tpm tpm0: Operation Canceled
[   32.217759] tpm tpm0: Operation Canceled
[   32.238490] tpm tpm0: Operation Canceled
[   32.259248] tpm tpm0: Operation Canceled
[   32.279942] tpm tpm0: Operation Canceled
[   32.300631] tpm tpm0: Operation Canceled
[   32.321335] tpm tpm0: Operation Canceled
[   32.342169] tpm tpm0: Operation Canceled
[   32.362921] tpm tpm0: Operation Canceled
[   32.383829] tpm tpm0: Operation Canceled
[   32.404544] tpm tpm0: Operation Canceled
[   32.425214] tpm tpm0: Operation Canceled
[   32.445758] tpm tpm0: Operation Canceled
[   32.466693] tpm tpm0: Operation Canceled
[   32.487375] tpm tpm0: Operation Canceled
[   32.508201] tpm tpm0: Operation Canceled
[   32.528942] tpm tpm0: Operation Canceled
[   32.549674] tpm tpm0: Operation Canceled
[   32.570381] tpm tpm0: Operation Canceled
[   32.591110] tpm tpm0: Operation Canceled
[   32.611827] tpm tpm0: Operation Canceled
[   32.632563] tpm tpm0: Operation Canceled
[   32.653276] tpm tpm0: Operation Canceled
[   32.674294] tpm tpm0: Operation Canceled
[   32.694976] tpm tpm0: Operation Canceled
[   32.715654] tpm tpm0: Operation Canceled
[   32.736356] tpm tpm0: Operation Canceled
[   32.757097] tpm tpm0: Operation Canceled
[   32.777758] tpm tpm0: Operation Canceled
[   32.798516] tpm tpm0: Operation Canceled
[   32.819298] tpm tpm0: Operation Canceled
[   32.840010] tpm tpm0: Operation Canceled
[   32.860680] tpm tpm0: Operation Canceled
[   32.881383] tpm tpm0: Operation Canceled
[   32.902094] tpm tpm0: Operation Canceled
[   32.933157] tpm tpm0: Operation Canceled
[   32.954081] tpm tpm0: Operation Canceled
[   32.974806] tpm tpm0: Operation Canceled
[   32.995491] tpm tpm0: Operation Canceled
[   33.016218] tpm tpm0: Operation Canceled
[   33.036912] tpm tpm0: Operation Canceled
[   33.057644] tpm tpm0: Operation Canceled
[   33.078337] tpm tpm0: Operation Canceled
[   33.099207] tpm tpm0: Operation Canceled
[   33.119774] tpm tpm0: Operation Canceled
[   33.140466] tpm tpm0: Operation Canceled
[   33.161175] tpm tpm0: Operation Canceled
[   33.192278] tpm tpm0: Operation Canceled
[   33.212966] tpm tpm0: Operation Canceled
[   33.233708] tpm tpm0: Operation Canceled
[   33.254428] tpm tpm0: Operation Canceled
[   33.275150] tpm tpm0: Operation Canceled
[   33.295896] tpm tpm0: Operation Canceled
[   33.316596] tpm tpm0: Operation Canceled
[   33.337300] tpm tpm0: Operation Canceled
[   33.357765] tpm tpm0: Operation Canceled
[   33.378746] tpm tpm0: Operation Canceled
[   33.399661] tpm tpm0: Operation Canceled
[   33.420249] tpm tpm0: Operation Canceled
[   33.440949] tpm tpm0: Operation Canceled
[   33.461751] tpm tpm0: Operation Canceled
[   33.482460] tpm tpm0: Operation Canceled
[   33.503244] tpm tpm0: Operation Canceled
[   33.524167] tpm tpm0: Operation Canceled
[   33.545048] tpm tpm0: Operation Canceled
[   33.565752] tpm tpm0: Operation Canceled
[   33.586502] tpm tpm0: Operation Canceled
[   33.607200] tpm tpm0: Operation Canceled
[   33.627902] tpm tpm0: Operation Canceled
[   33.648655] tpm tpm0: Operation Canceled
[   33.669331] tpm tpm0: Operation Canceled
[   33.689758] tpm tpm0: Operation Canceled
[   33.710879] tpm tpm0: Operation Canceled
[   33.731565] tpm tpm0: Operation Canceled
[   33.752274] tpm tpm0: Operation Canceled
[   33.773001] tpm tpm0: Operation Canceled
[   33.793749] tpm tpm0: Operation Canceled
[   33.814435] tpm tpm0: Operation Canceled
[   33.835147] tpm tpm0: Operation Canceled
[   33.855858] tpm tpm0: Operation Canceled
[   33.876582] tpm tpm0: Operation Canceled
[   33.897285] tpm tpm0: Operation Canceled
[   33.917758] tpm tpm0: Operation Canceled
[   33.938746] tpm tpm0: Operation Canceled
[   33.959471] tpm tpm0: Operation Canceled
[   33.980147] tpm tpm0: Operation Canceled
[   34.000861] tpm tpm0: Operation Canceled
[   34.031965] tpm tpm0: Operation Canceled
[   34.052691] tpm tpm0: Operation Canceled
[   34.073646] tpm tpm0: Operation Canceled
[   34.094342] tpm tpm0: Operation Canceled
[   34.115035] tpm tpm0: Operation Canceled
[   34.135745] tpm tpm0: Operation Canceled
[   34.156482] tpm tpm0: Operation Canceled
[   34.177189] tpm tpm0: Operation Canceled
[   34.197759] tpm tpm0: Operation Canceled
[   34.218625] tpm tpm0: Operation Canceled
[   34.239342] tpm tpm0: Operation Canceled
[   34.260012] tpm tpm0: Operation Canceled
[   34.280715] tpm tpm0: Operation Canceled
[   34.311848] tpm tpm0: Operation Canceled
[   34.332561] tpm tpm0: Operation Canceled
[   34.353563] tpm tpm0: Operation Canceled
[   34.374260] tpm tpm0: Operation Canceled
[   34.394960] tpm tpm0: Operation Canceled
[   34.415856] tpm tpm0: Operation Canceled
[   34.436591] tpm tpm0: Operation Canceled
[   34.457301] tpm tpm0: Operation Canceled
[   34.477757] tpm tpm0: Operation Canceled
[   34.498770] tpm tpm0: Operation Canceled
[   34.519459] tpm tpm0: Operation Canceled
[   34.540149] tpm tpm0: Operation Canceled
[   34.560856] tpm tpm0: Operation Canceled
[   34.571291] tpm tpm0: Operation Canceled
[   34.591969] tpm tpm0: Operation Canceled
[   34.612879] tpm tpm0: Operation Canceled
[   34.633649] tpm tpm0: Operation Canceled
[   34.654353] tpm tpm0: Operation Canceled
[   34.675139] tpm tpm0: Operation Canceled
[   34.695722] tpm tpm0: Operation Canceled
[   34.716449] tpm tpm0: Operation Canceled
[   34.737136] tpm tpm0: Operation Canceled
[   34.757761] tpm tpm0: Operation Canceled
[   34.778621] tpm tpm0: Operation Canceled
[   34.799351] tpm tpm0: Operation Canceled
[   34.820031] tpm tpm0: Operation Canceled
[   34.840758] tpm tpm0: Operation Canceled
[   34.871910] tpm tpm0: Operation Canceled
[   34.892815] tpm tpm0: Operation Canceled
[   34.913572] tpm tpm0: Operation Canceled
[   34.934270] tpm tpm0: Operation Canceled
[   34.955192] tpm tpm0: Operation Canceled
[   34.975891] tpm tpm0: Operation Canceled
[   34.996641] tpm tpm0: Operation Canceled
[   35.017335] tpm tpm0: Operation Canceled
[   35.037755] tpm tpm0: Operation Canceled
[   35.058938] tpm tpm0: Operation Canceled
[   35.079498] tpm tpm0: Operation Canceled
[   35.100179] tpm tpm0: Operation Canceled
[   35.121003] tpm tpm0: Operation Canceled
[   35.141860] tpm tpm0: Operation Canceled
[   35.162676] tpm tpm0: Operation Canceled
[   35.183424] tpm tpm0: Operation Canceled
[   35.204113] tpm tpm0: Operation Canceled
[   35.224807] tpm tpm0: Operation Canceled
[   35.255919] tpm tpm0: Operation Canceled
[   35.276635] tpm tpm0: Operation Canceled
[   35.297312] tpm tpm0: Operation Canceled
[   35.317757] tpm tpm0: Operation Canceled
[   35.338791] tpm tpm0: Operation Canceled
[   35.359468] tpm tpm0: Operation Canceled
[   35.380159] tpm tpm0: Operation Canceled
[   35.400845] tpm tpm0: Operation Canceled
[   35.411267] tpm tpm0: Operation Canceled
[   35.431962] tpm tpm0: Operation Canceled
[   35.452663] tpm tpm0: Operation Canceled
[   35.473387] tpm tpm0: Operation Canceled
[   35.494317] tpm tpm0: Operation Canceled
[   35.514998] tpm tpm0: Operation Canceled
[   35.535671] tpm tpm0: Operation Canceled
[   35.556398] tpm tpm0: Operation Canceled
[   35.566805] tpm tpm0: Operation Canceled
[   35.587465] tpm tpm0: Operation Canceled
[   35.608156] tpm tpm0: Operation Canceled
[   35.628878] tpm tpm0: Operation Canceled
[   35.649611] tpm tpm0: Operation Canceled
[   35.670319] tpm tpm0: Operation Canceled
[   35.691067] tpm tpm0: Operation Canceled
[   35.711756] tpm tpm0: Operation Canceled
[   35.732447] tpm tpm0: Operation Canceled
[   35.753129] tpm tpm0: Operation Canceled
[   35.773757] tpm tpm0: Operation Canceled
[   35.794556] tpm tpm0: Operation Canceled
[   35.815272] tpm tpm0: Operation Canceled
[   35.835976] tpm tpm0: Operation Canceled
[   35.856682] tpm tpm0: Operation Canceled
[   35.877380] tpm tpm0: Operation Canceled
[   35.898128] tpm tpm0: Operation Canceled
[   35.918846] tpm tpm0: Operation Canceled
[   35.939515] tpm tpm0: Operation Canceled
[   35.960204] tpm tpm0: Operation Canceled
[   35.981039] tpm tpm0: Operation Canceled
[   36.001755] tpm tpm0: Operation Canceled
[   36.022453] tpm tpm0: Operation Canceled
[   36.043196] tpm tpm0: Operation Canceled
[   36.063893] tpm tpm0: Operation Canceled
[   36.084577] tpm tpm0: Operation Canceled
[   36.105277] tpm tpm0: Operation Canceled
[   36.125764] tpm tpm0: Operation Canceled
[   36.146725] tpm tpm0: Operation Canceled
[   36.167611] tpm tpm0: Operation Canceled
[   36.198656] tpm tpm0: Operation Canceled
[   36.219359] tpm tpm0: Operation Canceled
[   36.240053] tpm tpm0: Operation Canceled
[   36.260808] tpm tpm0: Operation Canceled
