c[?7l[2J[0mSeaBIOS (version rel-1.16.0-0-gd239552ce722-prebuilt.qemu.org)


iPXE (http://ipxe.org) 00:03.0 CA00 PCI2.10 PnP PMM+7FF91000+7FEF1000 CA00
Press Ctrl-B to configure iPXE (PCI 00:03.0)...                                                                               


Booting from ROM..c[?7l[2J[    0.000000] Linux version 6.18.0-rc3-c8e00cdc7425+ (root@gnr-bkc) (gcc (GCC) 11.5.0 20240719 (Red Hat 11.5.0-14), GNU ld version 2.35.2-54.el9) #1 SMP PREEMPT_DYNAMIC Tue Dec  2 20:13:08 CST 2025
[    0.000000] Command line: console=ttyS0 root=/dev/sda earlyprintk=serial net.ifnames=0 thunderbolt.dyndbg
[    0.000000] KERNEL supported cpus:
[    0.000000]   Intel GenuineIntel
[    0.000000]   AMD AuthenticAMD
[    0.000000]   Hygon HygonGenuine
[    0.000000]   Centaur CentaurHauls
[    0.000000]   zhaoxin   Shanghai  
[    0.000000] x86/split lock detection: #DB: warning on user-space bus_locks
[    0.000000] BIOS-provided physical RAM map:
[    0.000000] BIOS-e820: [mem 0x0000000000000000-0x000000000009fbff] usable
[    0.000000] BIOS-e820: [mem 0x000000000009fc00-0x000000000009ffff] reserved
[    0.000000] BIOS-e820: [mem 0x00000000000f0000-0x00000000000fffff] reserved
[    0.000000] BIOS-e820: [mem 0x0000000000100000-0x000000007ffdffff] usable
[    0.000000] BIOS-e820: [mem 0x000000007ffe0000-0x000000007fffffff] reserved
[    0.000000] BIOS-e820: [mem 0x00000000feffc000-0x00000000feffffff] reserved
[    0.000000] BIOS-e820: [mem 0x00000000fffc0000-0x00000000ffffffff] reserved
[    0.000000] printk: legacy bootconsole [earlyser0] enabled
[    0.000000] NX (Execute Disable) protection: active
[    0.000000] APIC: Static calls initialized
[    0.000000] SMBIOS 2.8 present.
[    0.000000] DMI: QEMU Standard PC (i440FX + PIIX, 1996), BIOS rel-1.16.0-0-gd239552ce722-prebuilt.qemu.org 04/01/2014
[    0.000000] DMI: Memory slots populated: 1/1
[    0.000000] Hypervisor detected: KVM
[    0.000000] last_pfn = 0x7ffe0 max_arch_pfn = 0x10000000000
[    0.000000] kvm-clock: Using msrs 4b564d01 and 4b564d00
[    0.000002] kvm-clock: using sched offset of 662842474 cycles
[    0.000521] clocksource: kvm-clock: mask: 0xffffffffffffffff max_cycles: 0x1cd42e4dffb, max_idle_ns: 881590591483 ns
[    0.002113] tsc: Detected 1700.000 MHz processor
[    0.010171] last_pfn = 0x7ffe0 max_arch_pfn = 0x10000000000
[    0.010756] MTRR map: 4 entries (3 fixed + 1 variable; max 19), built from 8 variable MTRRs
[    0.011574] x86/PAT: Configuration [0-7]: WB  WC  UC- UC  WB  WP  UC- WT  
[    0.017481] found SMP MP-table at [mem 0x000f5ba0-0x000f5baf]
[    0.018069] Using GB pages for direct mapping
[    0.020653] ACPI: Early table checksum verification disabled
[    0.021208] ACPI: RSDP 0x00000000000F59C0 000014 (v00 BOCHS )
[    0.021782] ACPI: RSDT 0x000000007FFE1951 000034 (v01 BOCHS  BXPC     00000001 BXPC 00000001)
[    0.022631] ACPI: FACP 0x000000007FFE17FD 000074 (v01 BOCHS  BXPC     00000001 BXPC 00000001)
[    0.023479] ACPI: DSDT 0x000000007FFE0040 0017BD (v01 BOCHS  BXPC     00000001 BXPC 00000001)
[    0.024319] ACPI: FACS 0x000000007FFE0000 000040
[    0.024783] ACPI: APIC 0x000000007FFE1871 000080 (v01 BOCHS  BXPC     00000001 BXPC 00000001)
[    0.025629] ACPI: HPET 0x000000007FFE18F1 000038 (v01 BOCHS  BXPC     00000001 BXPC 00000001)
[    0.026474] ACPI: WAET 0x000000007FFE1929 000028 (v01 BOCHS  BXPC     00000001 BXPC 00000001)
[    0.027312] ACPI: Reserving FACP table memory at [mem 0x7ffe17fd-0x7ffe1870]
[    0.028006] ACPI: Reserving DSDT table memory at [mem 0x7ffe0040-0x7ffe17fc]
[    0.028699] ACPI: Reserving FACS table memory at [mem 0x7ffe0000-0x7ffe003f]
[    0.029388] ACPI: Reserving APIC table memory at [mem 0x7ffe1871-0x7ffe18f0]
[    0.030082] ACPI: Reserving HPET table memory at [mem 0x7ffe18f1-0x7ffe1928]
[    0.030776] ACPI: Reserving WAET table memory at [mem 0x7ffe1929-0x7ffe1950]
[    0.032276] No NUMA configuration found
[    0.032657] Faking a node at [mem 0x0000000000000000-0x000000007ffdffff]
[    0.033361] NODE_DATA(0) allocated [mem 0x7ffb4ec0-0x7ffdfcbf]
[    0.035024] Zone ranges:
[    0.035292]   DMA      [mem 0x0000000000001000-0x0000000000ffffff]
[    0.035906]   DMA32    [mem 0x0000000001000000-0x000000007ffdffff]
[    0.036516]   Normal   empty
[    0.036804]   Device   empty
[    0.037091] Movable zone start for each node
[    0.037526] Early memory node ranges
[    0.037871]   node   0: [mem 0x0000000000001000-0x000000000009efff]
[    0.038488]   node   0: [mem 0x0000000000100000-0x000000007ffdffff]
[    0.039103] Initmem setup node 0 [mem 0x0000000000001000-0x000000007ffdffff]
[    0.040138] On node 0, zone DMA: 1 pages in unavailable ranges
[    0.040900] On node 0, zone DMA: 97 pages in unavailable ranges
[    0.069624] On node 0, zone DMA32: 32 pages in unavailable ranges
[    0.129668] KernelAddressSanitizer initialized (generic)
[    0.130494] ACPI: PM-Timer IO Port: 0x608
[    0.130908] ACPI: LAPIC_NMI (acpi_id[0xff] dfl dfl lint[0x1])
[    0.131518] IOAPIC[0]: apic_id 0, version 17, address 0xfec00000, GSI 0-23
[    0.132195] ACPI: INT_SRC_OVR (bus 0 bus_irq 0 global_irq 2 dfl dfl)
[    0.132810] ACPI: INT_SRC_OVR (bus 0 bus_irq 5 global_irq 5 high level)
[    0.133451] ACPI: INT_SRC_OVR (bus 0 bus_irq 9 global_irq 9 high level)
[    0.134089] ACPI: INT_SRC_OVR (bus 0 bus_irq 10 global_irq 10 high level)
[    0.134747] ACPI: INT_SRC_OVR (bus 0 bus_irq 11 global_irq 11 high level)
[    0.135415] ACPI: Using ACPI (MADT) for SMP configuration information
[    0.136034] ACPI: HPET id: 0x8086a201 base: 0xfed00000
[    0.136541] TSC deadline timer available
[    0.136929] CPU topo: Max. logical packages:   1
[    0.137370] CPU topo: Max. logical dies:       1
[    0.137819] CPU topo: Max. dies per package:   1
[    0.138275] CPU topo: Max. threads per core:   1
[    0.138718] CPU topo: Num. cores per package:     2
[    0.139187] CPU topo: Num. threads per package:   2
[    0.139659] CPU topo: Allowing 2 present CPUs plus 0 hotplug CPUs
[    0.140291] kvm-guest: APIC: eoi() replaced with kvm_guest_apic_eoi_write()
[    0.140985] kvm-guest: KVM setup pv remote TLB flush
[    0.141464] kvm-guest: setup PV sched yield
[    0.141911] PM: hibernation: Registered nosave memory: [mem 0x00000000-0x00000fff]
[    0.142641] PM: hibernation: Registered nosave memory: [mem 0x0009f000-0x000fffff]
[    0.143371] [mem 0x80000000-0xfeffbfff] available for PCI devices
[    0.143960] Booting paravirtualized kernel on KVM
[    0.144422] clocksource: refined-jiffies: mask: 0xffffffff max_cycles: 0xffffffff, max_idle_ns: 7645519600211568 ns
[    0.145440] setup_percpu: NR_CPUS:8192 nr_cpumask_bits:2 nr_cpu_ids:2 nr_node_ids:1
[    0.146701] percpu: Embedded 80 pages/cpu s290816 r8192 d28672 u1048576
[    0.147529] kvm-guest: PV spinlocks enabled
[    0.147946] PV qspinlock hash table entries: 256 (order: 0, 4096 bytes, linear)
[    0.148663] Kernel command line: net.ifnames=0 console=ttyS0 root=/dev/sda earlyprintk=serial net.ifnames=0 thunderbolt.dyndbg
[    0.150036] random: crng init done
[    0.150371] printk: log buffer data + meta data: 262144 + 917504 = 1179648 bytes
[    0.151551] Dentry cache hash table entries: 262144 (order: 9, 2097152 bytes, linear)
[    0.152744] Inode-cache hash table entries: 131072 (order: 8, 1048576 bytes, linear)
[    0.153775] Fallback order for Node 0: 0 
[    0.153786] Built 1 zonelists, mobility grouping on.  Total pages: 524158
[    0.154816] Policy zone: DMA32
[    0.155110] mem auto-init: stack:off, heap alloc:off, heap free:off
[    0.155707] stackdepot: allocating hash table via alloc_large_system_hash
[    0.156358] stackdepot hash table entries: 1048576 (order: 12, 16777216 bytes, linear)
[    0.160507] stackdepot: allocating space for 8192 stack pools via memblock
[    0.198095] SLUB: HWalign=64, Order=0-3, MinObjects=0, CPUs=2, Nodes=1
[    0.198727] kmemleak: Kernel memory leak detector disabled
[    0.234144] ftrace: allocating 74644 entries in 292 pages
[    0.234653] ftrace: allocated 292 pages with 3 groups
[    0.238962] Dynamic Preempt: voluntary
[    0.239810] Running RCU self tests
[    0.240128] Running RCU synchronous self tests
[    0.240547] rcu: Preemptible hierarchical RCU implementation.
[    0.241083] rcu: 	RCU lockdep checking is enabled.
[    0.241534] rcu: 	RCU restricting CPUs from NR_CPUS=8192 to nr_cpu_ids=2.
[    0.242166] 	Trampoline variant of Tasks RCU enabled.
[    0.242641] 	Rude variant of Tasks RCU enabled.
[    0.243064] 	Tracing variant of Tasks RCU enabled.
[    0.243515] rcu: RCU calculated value of scheduler-enlistment delay is 25 jiffies.
[    0.244220] rcu: Adjusting geometry for rcu_fanout_leaf=16, nr_cpu_ids=2
[    0.244933] Running RCU synchronous self tests
[    0.245354] RCU Tasks: Setting shift to 1 and lim to 1 rcu_task_cb_adjust=1 rcu_task_cpu_ids=2.
[    0.246170] RCU Tasks Rude: Setting shift to 1 and lim to 1 rcu_task_cb_adjust=1 rcu_task_cpu_ids=2.
[    0.247028] RCU Tasks Trace: Setting shift to 1 and lim to 1 rcu_task_cb_adjust=1 rcu_task_cpu_ids=2.
[    0.316644] NR_IRQS: 524544, nr_irqs: 440, preallocated irqs: 16
[    0.317768] rcu: srcu_init: Setting srcu_struct sizes based on contention.
[    0.327308] Console: colour VGA+ 80x25
[    0.327750] printk: legacy console [ttyS0] enabled
[    0.327750] printk: legacy console [ttyS0] enabled
[    0.328685] printk: legacy bootconsole [earlyser0] disabled
[    0.328685] printk: legacy bootconsole [earlyser0] disabled
[    0.329775] Lock dependency validator: Copyright (c) 2006 Red Hat, Inc., Ingo Molnar
[    0.330531] ... MAX_LOCKDEP_SUBCLASSES:  8
[    0.330934] ... MAX_LOCK_DEPTH:          48
[    0.331345] ... MAX_LOCKDEP_KEYS:        8192
[    0.331777] ... CLASSHASH_SIZE:          4096
[    0.332204] ... MAX_LOCKDEP_ENTRIES:     32768
[    0.332644] ... MAX_LOCKDEP_CHAINS:      65536
[    0.333167] ... CHAINHASH_SIZE:          32768
[    0.333612]  memory used by lock dependency info: 6429 kB
[    0.334138]  memory used for stack traces: 4224 kB
[    0.334610]  per task-struct memory footprint: 1920 bytes
[    0.335243] ACPI: Core revision 20250807
[    0.336067] clocksource: hpet: mask: 0xffffffff max_cycles: 0xffffffff, max_idle_ns: 19112604467 ns
[    0.337126] APIC: Switch to symmetric I/O mode setup
[    0.337806] x2apic enabled
[    0.338472] APIC: Switched APIC routing to: physical x2apic
[    0.339025] kvm-guest: APIC: send_IPI_mask() replaced with kvm_send_ipi_mask()
[    0.339737] kvm-guest: APIC: send_IPI_mask_allbutself() replaced with kvm_send_ipi_mask_allbutself()
[    0.340628] kvm-guest: setup PV IPIs
[    0.342147] ..TIMER: vector=0x30 apic1=0 pin1=2 apic2=-1 pin2=-1
[    0.342764] clocksource: tsc-early: mask: 0xffffffffffffffff max_cycles: 0x1881273ac8e, max_idle_ns: 440795257284 ns
[    0.343799] Calibrating delay loop (skipped) preset value.. 3400.00 BogoMIPS (lpj=6800000)
[    0.344758] x86/cpu: User Mode Instruction Prevention (UMIP) activated
[    0.347916] Last level iTLB entries: 4KB 0, 2MB 0, 4MB 0
[    0.348434] Last level dTLB entries: 4KB 0, 2MB 0, 4MB 0, 1GB 0
[    0.349028] mitigations: Enabled attack vectors: user_kernel, user_user, guest_host, guest_guest, SMT mitigations: auto
[    0.350075] Speculative Store Bypass: Mitigation: Speculative Store Bypass disabled via prctl
[    0.350887] Spectre V2 : Mitigation: Enhanced / Automatic IBRS
[    0.351791] ITS: Mitigation: Aligned branch/return thunks
[    0.352711] Spectre V1 : Mitigation: usercopy/swapgs barriers and __user pointer sanitization
[    0.353544] Spectre V2 : WARNING: Unprivileged eBPF is enabled with eIBRS on, data leaks possible via Spectre v2 BHB attacks!
[    0.354637] Spectre V2 : Spectre v2 / PBRSB-eIBRS: Retire a single CALL on VMEXIT
[    0.355367] Spectre V2 : mitigation: Enabling conditional Indirect Branch Prediction Barrier
[    0.355797] active return thunk: its_return_thunk
[    0.356283] Spectre V2 : Spectre BHI mitigation: SW BHB clearing on syscall and VM exit
[    0.357133] x86/fpu: Supporting XSAVE feature 0x001: 'x87 floating point registers'
[    0.357893] x86/fpu: Supporting XSAVE feature 0x002: 'SSE registers'
[    0.358521] x86/fpu: Supporting XSAVE feature 0x004: 'AVX registers'
[    0.359151] x86/fpu: Supporting XSAVE feature 0x020: 'AVX-512 opmask'
[    0.359790] x86/fpu: Supporting XSAVE feature 0x040: 'AVX-512 Hi256'
[    0.360414] x86/fpu: Supporting XSAVE feature 0x080: 'AVX-512 ZMM_Hi256'
[    0.361078] x86/fpu: Supporting XSAVE feature 0x200: 'Protection Keys User registers'
[    0.361847] x86/fpu: Supporting XSAVE feature 0x20000: 'AMX Tile config'
[    0.362507] x86/fpu: Supporting XSAVE feature 0x40000: 'AMX Tile data'
[    0.363152] x86/fpu: xstate_offset[2]:  576, xstate_sizes[2]:  256
[    0.363790] x86/fpu: xstate_offset[5]:  832, xstate_sizes[5]:   64
[    0.364398] x86/fpu: xstate_offset[6]:  896, xstate_sizes[6]:  512
[    0.365017] x86/fpu: xstate_offset[7]: 1408, xstate_sizes[7]: 1024
[    0.365631] x86/fpu: xstate_offset[9]: 2432, xstate_sizes[9]:    8
[    0.366243] x86/fpu: xstate_offset[17]: 2496, xstate_sizes[17]:   64
[    0.366878] x86/fpu: xstate_offset[18]: 2560, xstate_sizes[18]: 8192
[    0.367789] x86/fpu: Enabled xstate features 0x602e7, context size is 10752 bytes, using 'compacted' format.
[    0.522799] Freeing SMP alternatives memory: 64K
[    0.523277] pid_max: default: 32768 minimum: 301
[    0.524002] LSM: initializing lsm=capability,yama,ima,evm
[    0.524649] Yama: becoming mindful.
[    0.525455] Mount-cache hash table entries: 4096 (order: 3, 32768 bytes, linear)
[    0.526199] Mountpoint-cache hash table entries: 4096 (order: 3, 32768 bytes, linear)
[    0.528552] Running RCU synchronous self tests
[    0.529006] Running RCU synchronous self tests
[    0.529758] smpboot: CPU0: Intel(R) Xeon(R) Gold 6414TDX (family: 0x6, model: 0x8f, stepping: 0x6)
[    0.531414] Performance Events: PEBS fmt0-, Sapphire Rapids events, full-width counters, Intel PMU driver.
[    0.531786] ... version:                   2
[    0.531786] ... bit width:                 48
[    0.531786] ... generic counters:          8
[    0.531795] ... generic bitmap:            00000000000000ff
[    0.532345] ... fixed-purpose counters:    4
[    0.532763] ... fixed-purpose bitmap:      000000000000000f
[    0.533308] ... value mask:                0000ffffffffffff
[    0.533850] ... max period:                00007fffffffffff
[    0.534396] ... global_ctrl mask:          0000000f000000ff
[    0.535431] signal: max sigframe size: 11952
[    0.535936] rcu: Hierarchical SRCU implementation.
[    0.536429] rcu: 	Max phase no-delay instances is 1000.
[    0.537159] Timer migration: 1 hierarchy levels; 8 children per group; 1 crossnode level
[    0.553243] smp: Bringing up secondary CPUs ...
[    0.554278] smpboot: x86: Booting SMP configuration:
[    0.554789] .... node  #0, CPUs:      #1
[    0.555035] smp: Brought up 1 node, 2 CPUs
[    0.556212] smpboot: Total of 2 processors activated (6800.00 BogoMIPS)
[    0.557557] Memory: 1591844K/2096632K available (79905K kernel code, 15394K rwdata, 18468K rodata, 16236K init, 21296K bss, 493180K reserved, 0K cma-reserved)
[    0.559801] devtmpfs: initialized
[    0.560911] x86/mm: Memory block size: 128MB
[    0.573188] Running RCU synchronous self tests
[    0.573671] Running RCU synchronous self tests
[    0.574203] Running RCU Tasks wait API self tests
[    0.574203] Running RCU Tasks Rude wait API self tests
[    0.574203] Running RCU Tasks Trace wait API self tests
[    0.595806] clocksource: jiffies: mask: 0xffffffff max_cycles: 0xffffffff, max_idle_ns: 7645041785100000 ns
[    0.596840] posixtimers hash table entries: 1024 (order: 4, 73728 bytes, linear)
[    0.597623] futex hash table entries: 512 (65536 bytes on 1 NUMA nodes, total 64 KiB, linear).
[    0.597623] pinctrl core: initialized pinctrl subsystem
[    0.598904] 
[    0.599070] *************************************************************
[    0.599733] **     NOTICE NOTICE NOTICE NOTICE NOTICE NOTICE NOTICE    **
[    0.599795] **                                                         **
[    0.600461] **  IOMMU DebugFS SUPPORT HAS BEEN ENABLED IN THIS KERNEL  **
[    0.601123] **                                                         **
[    0.601783] ** This means that this kernel is built to expose internal **
[    0.602447] ** IOMMU data structures, which may compromise security on **
[    0.603114] ** your system.                                            **
[    0.603771] **                                                         **
[    0.607795] ** If you see this message and you are not debugging the   **
[    0.608455] ** kernel, report this immediately to your vendor!         **
[    0.609113] **                                                         **
[    0.609775] **     NOTICE NOTICE NOTICE NOTICE NOTICE NOTICE NOTICE    **
[    0.610437] *************************************************************
[    0.611179] PM: RTC time: 12:14:27, date: 2025-12-02
[    0.614445] NET: Registered PF_NETLINK/PF_ROUTE protocol family
[    0.616600] DMA: preallocated 256 KiB GFP_KERNEL pool for atomic allocations
[    0.617316] DMA: preallocated 256 KiB GFP_KERNEL|GFP_DMA pool for atomic allocations
[    0.618088] DMA: preallocated 256 KiB GFP_KERNEL|GFP_DMA32 pool for atomic allocations
[    0.618953] audit: initializing netlink subsys (disabled)
[    0.619850] audit: type=2000 audit(1764677667.433:1): state=initialized audit_enabled=0 res=1
[    0.621685] thermal_sys: Registered thermal governor 'fair_share'
[    0.621697] thermal_sys: Registered thermal governor 'bang_bang'
[    0.622337] thermal_sys: Registered thermal governor 'step_wise'
[    0.622932] thermal_sys: Registered thermal governor 'user_space'
[    0.623804] cpuidle: using governor ladder
[    0.624840] cpuidle: using governor menu
[    0.624840] acpiphp: ACPI Hot Plug PCI Controller Driver version: 0.5
[    0.626114] PCI: Using configuration type 1 for base access
[    0.627799] Callback from call_rcu_tasks_trace() invoked.
[    0.628373] kprobes: kprobe jump-optimization is enabled. All kprobes are optimized if possible.
[    0.628954] HugeTLB: registered 1.00 GiB page size, pre-allocated 0 pages
[    0.629580] HugeTLB: 16380 KiB vmemmap can be freed for a 1.00 GiB page
[    0.631798] HugeTLB: registered 2.00 MiB page size, pre-allocated 0 pages
[    0.632461] HugeTLB: 28 KiB vmemmap can be freed for a 2.00 MiB page
[    0.810025] ACPI: Added _OSI(Module Device)
[    0.810455] ACPI: Added _OSI(Processor Device)
[    0.810897] ACPI: Added _OSI(Processor Aggregator Device)
[    0.828159] ACPI: 1 ACPI AML tables successfully acquired and loaded
[    0.846536] ACPI: Interpreter enabled
[    0.847070] ACPI: PM: (supports S0 S3 S4 S5)
[    0.847070] ACPI: Using IOAPIC for interrupt routing
[    0.847070] PCI: Using host bridge windows from ACPI; if necessary, use "pci=nocrs" and report a bug
[    0.847070] PCI: Using E820 reservations for host bridge windows
[    0.847193] ACPI: Enabled 2 GPEs in block 00 to 0F
[    0.889179] ACPI: PCI Root Bridge [PCI0] (domain 0000 [bus 00-ff])
[    0.889833] acpi PNP0A03:00: _OSC: OS supports [ASPM ClockPM Segments MSI EDR HPX-Type3]
[    0.890630] acpi PNP0A03:00: _OSC: not requesting OS control; OS requires [ExtendedConfig ASPM ClockPM MSI]
[    0.891757] acpi PNP0A03:00: fail to add MMCONFIG information, can't access extended configuration space under this bridge
[    0.901127] acpiphp: Slot [3] registered
[    0.901686] acpiphp: Slot [4] registered
[    0.902232] acpiphp: Slot [5] registered
[    0.902770] acpiphp: Slot [6] registered
[    0.903302] acpiphp: Slot [7] registered
[    0.903844] acpiphp: Slot [8] registered
[    0.904386] acpiphp: Slot [9] registered
[    0.904922] acpiphp: Slot [10] registered
[    0.905470] acpiphp: Slot [11] registered
[    0.906005] acpiphp: Slot [12] registered
[    0.906557] acpiphp: Slot [13] registered
[    0.907098] acpiphp: Slot [14] registered
[    0.907642] acpiphp: Slot [15] registered
[    0.907940] acpiphp: Slot [16] registered
[    0.908495] acpiphp: Slot [17] registered
[    0.909035] acpiphp: Slot [18] registered
[    0.909584] acpiphp: Slot [19] registered
[    0.910122] acpiphp: Slot [20] registered
[    0.910678] acpiphp: Slot [21] registered
[    0.911225] acpiphp: Slot [22] registered
[    0.911766] acpiphp: Slot [23] registered
[    0.911936] acpiphp: Slot [24] registered
[    0.912479] acpiphp: Slot [25] registered
[    0.913027] acpiphp: Slot [26] registered
[    0.913572] acpiphp: Slot [27] registered
[    0.914115] acpiphp: Slot [28] registered
[    0.914659] acpiphp: Slot [29] registered
[    0.915208] acpiphp: Slot [30] registered
[    0.915750] acpiphp: Slot [31] registered
[    0.915863] PCI host bridge to bus 0000:00
[    0.916328] pci_bus 0000:00: root bus resource [io  0x0000-0x0cf7 window]
[    0.917001] pci_bus 0000:00: root bus resource [io  0x0d00-0xffff window]
[    0.917671] pci_bus 0000:00: root bus resource [mem 0x000a0000-0x000bffff window]
[    0.918403] pci_bus 0000:00: root bus resource [mem 0x80000000-0xfebfffff window]
[    0.919140] pci_bus 0000:00: root bus resource [mem 0x100000000-0x17fffffff window]
[    0.919798] pci_bus 0000:00: root bus resource [bus 00-ff]
[    0.920459] pci 0000:00:00.0: [8086:1237] type 00 class 0x060000 conventional PCI endpoint
[    0.930886] pci 0000:00:01.0: [8086:7000] type 00 class 0x060100 conventional PCI endpoint
[    0.933145] pci 0000:00:01.1: [8086:7010] type 00 class 0x010180 conventional PCI endpoint
[    0.934521] pci 0000:00:01.1: BAR 4 [io  0xc040-0xc04f]
[    0.935075] pci 0000:00:01.1: BAR 0 [io  0x01f0-0x01f7]: legacy IDE quirk
[    0.935738] pci 0000:00:01.1: BAR 1 [io  0x03f6]: legacy IDE quirk
[    0.935794] pci 0000:00:01.1: BAR 2 [io  0x0170-0x0177]: legacy IDE quirk
[    0.936458] pci 0000:00:01.1: BAR 3 [io  0x0376]: legacy IDE quirk
[    0.937620] pci 0000:00:01.3: [8086:7113] type 00 class 0x068000 conventional PCI endpoint
[    0.938752] pci 0000:00:01.3: quirk: [io  0x0600-0x063f] claimed by PIIX4 ACPI
[    0.939463] pci 0000:00:01.3: quirk: [io  0x0700-0x070f] claimed by PIIX4 SMB
[    0.940366] pci 0000:00:02.0: [1234:1111] type 00 class 0x030000 conventional PCI endpoint
[    0.942225] pci 0000:00:02.0: BAR 0 [mem 0xfd000000-0xfdffffff pref]
[    0.942881] pci 0000:00:02.0: BAR 2 [mem 0xfebf0000-0xfebf0fff]
[    0.943491] pci 0000:00:02.0: ROM [mem 0xfebe0000-0xfebeffff pref]
[    0.943892] pci 0000:00:02.0: Video device with shadowed ROM at [mem 0x000c0000-0x000dffff]
[    0.953801] pci 0000:00:03.0: [8086:100e] type 00 class 0x020000 conventional PCI endpoint
[    0.955499] pci 0000:00:03.0: BAR 0 [mem 0xfebc0000-0xfebdffff]
[    0.955802] pci 0000:00:03.0: BAR 1 [io  0xc000-0xc03f]
[    0.956352] pci 0000:00:03.0: ROM [mem 0xfeb80000-0xfebbffff pref]
[    0.979403] ACPI: PCI: Interrupt link LNKA configured for IRQ 10
[    0.980815] ACPI: PCI: Interrupt link LNKB configured for IRQ 10
[    0.982391] ACPI: PCI: Interrupt link LNKC configured for IRQ 11
[    0.983957] ACPI: PCI: Interrupt link LNKD configured for IRQ 11
[    0.984974] ACPI: PCI: Interrupt link LNKS configured for IRQ 9
[    0.991786] iommu: Default domain type: Translated
[    0.991786] iommu: DMA domain TLB invalidation policy: lazy mode
[    0.993851] SCSI subsystem initialized
[    0.996605] ACPI: bus type USB registered
[    0.996605] usbcore: registered new interface driver usbfs
[    0.996605] usbcore: registered new interface driver hub
[    0.996605] usbcore: registered new device driver usb
[    0.996605] pps_core: LinuxPPS API ver. 1 registered
[    0.996996] pps_core: Software ver. 5.3.6 - Copyright 2005-2007 Rodolfo Giometti <giometti@linux.it>
[    0.997915] PTP clock support registered
[    0.999786] EDAC MC: Ver: 3.0.0
[    1.003786] NetLabel: Initializing
[    1.003786] NetLabel:  domain hash size = 128
[    1.003786] NetLabel:  protocols = UNLABELED CIPSOv4 CALIPSO
[    1.003786] NetLabel:  unlabeled traffic allowed by default
[    1.008299] PCI: Using ACPI for IRQ routing
[    1.009109] pci 0000:00:02.0: vgaarb: setting as boot VGA device
[    1.009713] pci 0000:00:02.0: vgaarb: bridge control possible
[    1.010278] pci 0000:00:02.0: vgaarb: VGA device added: decodes=io+mem,owns=io+mem,locks=none
[    1.011111] vgaarb: loaded
[    1.011811] hpet0: at MMIO 0xfed00000, IRQs 2, 8, 0
[    1.012318] hpet0: 3 comparators, 64-bit 100.000000 MHz counter
[    1.017047] clocksource: Switched to clocksource kvm-clock
[    3.638485] VFS: Disk quotas dquot_6.6.0
[    3.638959] VFS: Dquot-cache hash table entries: 512 (order 0, 4096 bytes)
[    3.642444] pnp: PnP ACPI init
[    3.647008] pnp: PnP ACPI: found 6 devices
[    3.667701] clocksource: acpi_pm: mask: 0xffffff max_cycles: 0xffffff, max_idle_ns: 2085701024 ns
[    3.669103] NET: Registered PF_INET protocol family
[    3.669811] IP idents hash table entries: 32768 (order: 6, 262144 bytes, linear)
[    3.672091] tcp_listen_portaddr_hash hash table entries: 1024 (order: 4, 73728 bytes, linear)
[    3.672984] Table-perturb hash table entries: 65536 (order: 6, 262144 bytes, linear)
[    3.673823] TCP established hash table entries: 16384 (order: 5, 131072 bytes, linear)
[    3.675271] TCP bind hash table entries: 16384 (order: 9, 2359296 bytes, linear)
[    3.677256] TCP: Hash tables configured (established 16384 bind 16384)
[    3.678061] UDP hash table entries: 1024 (order: 6, 262144 bytes, linear)
[    3.678830] UDP-Lite hash table entries: 1024 (order: 6, 262144 bytes, linear)
[    3.679910] NET: Registered PF_UNIX/PF_LOCAL protocol family
[    3.681301] RPC: Registered named UNIX socket transport module.
[    3.681939] RPC: Registered udp transport module.
[    3.682411] RPC: Registered tcp transport module.
[    3.682875] RPC: Registered tcp-with-tls transport module.
[    3.683421] RPC: Registered tcp NFSv4.1 backchannel transport module.
[    3.684072] pci_bus 0000:00: resource 4 [io  0x0000-0x0cf7 window]
[    3.684690] pci_bus 0000:00: resource 5 [io  0x0d00-0xffff window]
[    3.685300] pci_bus 0000:00: resource 6 [mem 0x000a0000-0x000bffff window]
[    3.685994] pci_bus 0000:00: resource 7 [mem 0x80000000-0xfebfffff window]
[    3.686675] pci_bus 0000:00: resource 8 [mem 0x100000000-0x17fffffff window]
[    3.687723] pci 0000:00:01.0: PIIX3: Enabling Passive Release
[    3.688304] pci 0000:00:00.0: Limiting direct PCI/PCI transfers
[    3.688985] PCI: CLS 0 bytes, default 64
[    3.689856] ACPI: bus type thunderbolt registered
[    3.690719] clocksource: tsc: mask: 0xffffffffffffffff max_cycles: 0x1881273ac8e, max_idle_ns: 440795257284 ns
[    3.691801] sgx: There are zero EPC sections.
[    3.698599] Initialise system trusted keyrings
[    3.699162] Key type blacklist registered
[    3.699803] workingset: timestamp_bits=36 max_order=19 bucket_order=0
[    3.702534] squashfs: version 4.0 (2009/01/31) Phillip Lougher
[    3.704531] NFS: Registering the id_resolver key type
[    3.705061] Key type id_resolver registered
[    3.705504] Key type id_legacy registered
[    3.705940] nfs4filelayout_init: NFSv4 File Layout Driver Registering...
[    3.706634] nfs4flexfilelayout_init: NFSv4 Flexfile Layout Driver Registering...
[    3.707668] fuse: init (API version 7.45)
[    3.709036] SGI XFS with ACLs, security attributes, realtime, quota, no debug enabled
[    3.711193] 9p: Installing v9fs 9p2000 file system support
[    3.726565] Key type asymmetric registered
[    3.726983] Asymmetric key parser 'x509' registered
[    3.727598] Block layer SCSI generic (bsg) driver version 0.4 loaded (major 241)
[    3.728536] io scheduler mq-deadline registered
[    3.729134] io scheduler bfq registered
[    3.729951] ledtrig-cpu: registered to indicate activity on CPUs
[    3.732115] IPMI message handler: version 39.2
[    3.732639] ipmi device interface
[    3.735015] input: Power Button as /devices/LNXSYSTM:00/LNXPWRBN:00/input/input0
[    3.736289] ACPI: button: Power Button [PWRF]
[    3.737452] Callback from call_rcu_tasks() invoked.
[    3.738598] ERST DBG: ERST support is disabled.
[    3.740829] Serial: 8250/16550 driver, 32 ports, IRQ sharing enabled
[    3.742646] 00:04: ttyS0 at I/O 0x3f8 (irq = 4, base_baud = 115200) is a 16550A
[    3.772342] Linux agpgart interface v0.103
[    3.775150] ACPI: bus type drm_connector registered
[    3.799844] brd: module loaded
[    3.815974] loop: module loaded
[    3.825954] scsi host0: ata_piix
[    3.827430] scsi host1: ata_piix
[    3.828268] ata1: PATA max MWDMA2 cmd 0x1f0 ctl 0x3f6 bmdma 0xc040 irq 14 lpm-pol 0
[    3.829023] ata2: PATA max MWDMA2 cmd 0x170 ctl 0x376 bmdma 0xc048 irq 15 lpm-pol 0
[    3.832979] tun: Universal TUN/TAP device driver, 1.6
[    3.833875] e100: Intel(R) PRO/100 Network Driver
[    3.834343] e100: Copyright(c) 1999-2006 Intel Corporation
[    3.835011] e1000: Intel(R) PRO/1000 Network Driver
[    3.835495] e1000: Copyright (c) 1999-2006 Intel Corporation.
[    3.985513] ata2: found unknown device (class 0)
[    3.986557] ata2.00: ATAPI: QEMU DVD-ROM, 2.5+, max UDMA/100
[    3.987845] ata1: found unknown device (class 0)
[    3.988798] ata1.00: ATA-7: QEMU HARDDISK, 2.5+, max UDMA/100
[    3.989385] ata1.00: 17196647 sectors, multi 16: LBA48 
[    3.994069] scsi 0:0:0:0: Direct-Access     ATA      QEMU HARDDISK    2.5+ PQ: 0 ANSI: 5
[    3.997591] sd 0:0:0:0: [sda] 17196647 512-byte logical blocks: (8.80 GB/8.20 GiB)
[    3.998421] sd 0:0:0:0: Attached scsi generic sg0 type 0
[    3.999197] sd 0:0:0:0: [sda] Write Protect is off
[    3.999761] sd 0:0:0:0: [sda] Write cache: enabled, read cache: enabled, doesn't support DPO or FUA
[    4.001238] sd 0:0:0:0: [sda] Preferred minimum I/O size 512 bytes
[    4.001906] scsi 1:0:0:0: CD-ROM            QEMU     QEMU DVD-ROM     2.5+ PQ: 0 ANSI: 5
[    4.040015] scsi 1:0:0:0: Attached scsi generic sg1 type 5
[    4.046198] sd 0:0:0:0: [sda] Attached SCSI disk
[    4.637391] ACPI: \_SB_.LNKC: Enabled at IRQ 11
[    4.953847] e1000 0000:00:03.0 eth0: (PCI:33MHz:32-bit) 52:54:00:12:34:56
[    4.954572] e1000 0000:00:03.0 eth0: Intel(R) PRO/1000 Network Connection
[    4.955815] e1000e: Intel(R) PRO/1000 Network Driver
[    4.956333] e1000e: Copyright(c) 1999 - 2015 Intel Corporation.
[    4.957093] igb: Intel(R) Gigabit Ethernet Network Driver
[    4.957674] igb: Copyright (c) 2007-2014 Intel Corporation.
[    4.958632] PPP generic driver version 2.4.2
[    4.960128] VFIO - User Level meta-driver version: 0.3
[    4.961792] usbcore: registered new interface driver uas
[    4.962509] usbcore: registered new interface driver usb-storage
[    4.963398] i8042: PNP: PS/2 Controller [PNP0303:KBD,PNP0f13:MOU] at 0x60,0x64 irq 1,12
[    4.965173] serio: i8042 KBD port at 0x60,0x64 irq 1
[    4.965770] serio: i8042 AUX port at 0x60,0x64 irq 12
[    4.967540] mousedev: PS/2 mouse device common for all mice
[    4.969296] input: AT Translated Set 2 keyboard as /devices/platform/i8042/serio0/input/input1
[    4.969912] rtc_cmos 00:05: RTC can wake from S4
[    4.972183] input: VirtualPS/2 VMware VMMouse as /devices/platform/i8042/serio1/input/input4
[    4.972886] rtc_cmos 00:05: registered as rtc0
[    4.973654] rtc_cmos 00:05: setting system clock to 2025-12-02T12:14:31 UTC (1764677671)
[    4.974976] rtc_cmos 00:05: alarms up to one day, y3k, 242 bytes nvram, hpet irqs
[    4.975061] input: VirtualPS/2 VMware VMMouse as /devices/platform/i8042/serio1/input/input3
[    4.975798] i2c_dev: i2c /dev entries driver
[    4.977115] device-mapper: core: CONFIG_IMA_DISABLE_HTABLE is disabled. Duplicate IMA measurements will not be recorded in the IMA log.
[    4.978373] device-mapper: uevent: version 1.0.3
[    4.979240] device-mapper: ioctl: 4.50.0-ioctl (2025-04-28) initialised: dm-devel@lists.linux.dev
[    4.980132] intel_pstate: CPU model not supported
[    4.980845] sdhci: Secure Digital Host Controller Interface driver
[    4.981482] sdhci: Copyright(c) Pierre Ossman
[    4.982119] sdhci-pltfm: SDHCI platform and OF driver helper
[    4.983244] drop_monitor: Initializing network drop monitor service
[    4.984237] NET: Registered PF_INET6 protocol family
[    4.986345] Segment Routing with IPv6
[    4.986788] In-situ OAM (IOAM) with IPv6
[    4.987306] NET: Registered PF_PACKET protocol family
[    4.988020] 9pnet: Installing 9P2000 support
[    4.988568] Key type dns_resolver registered
[    4.990909] IPI shorthand broadcast: enabled
[    5.051557] sched_clock: Marking stable (5028006806, 21341178)->(5052320287, -2972303)
[    5.053136] registered taskstats version 1
[    5.054274] Loading compiled-in X.509 certificates
[    5.136365] Demotion targets for Node 0: null
[    5.137722] Key type .fscrypt registered
[    5.138119] Key type fscrypt-provisioning registered
[    5.140655] Key type encrypted registered
[    5.141108] ima: No TPM chip found, activating TPM-bypass!
[    5.141702] ima: Allocated hash algorithm: sha1
[    5.142222] ima: No architecture policies found
[    5.142829] evm: Initialising EVM extended attributes:
[    5.143335] evm: security.selinux
[    5.143679] evm: security.SMACK64
[    5.144015] evm: security.SMACK64EXEC
[    5.144384] evm: security.SMACK64TRANSMUTE
[    5.144793] evm: security.SMACK64MMAP
[    5.145159] evm: security.apparmor
[    5.145516] evm: security.ima
[    5.145818] evm: security.capability
[    5.146178] evm: HMAC attrs: 0x1
[    5.149062] PM:   Magic number: 5:626:227
[    5.149506] workqueue nvme-delete-wq: hash matches
[    5.150732] RAS: Correctable Errors collector initialized.
[    5.151747] clk: Disabling unused clocks
[    5.152350] PM: genpd: Disabling unused power domains
[    5.153597] check access for rdinit=/init failed: -2, ignoring
[    5.154001] md: Waiting for all devices to be available before autodetect
[    5.154456] md: If you don't use raid, use raid=noautodetect
[    5.154842] md: Autodetecting RAID arrays.
[    5.155127] md: autorun ...
[    5.155324] md: ... autorun DONE.
[    5.160740] EXT4-fs (sda): INFO: recovery required on readonly filesystem
[    5.161221] EXT4-fs (sda): write access will be enabled during recovery
[    5.220410] EXT4-fs (sda): recovery complete
[    5.221903] EXT4-fs (sda): mounted filesystem 088740a9-c8b4-422c-999d-a804eb68a4da ro with ordered data mode. Quota mode: none.
[    5.222748] VFS: Mounted root (ext4 filesystem) readonly on device 8:0.
[    5.224694] devtmpfs: mounted
[    5.246577] Freeing unused decrypted memory: 2036K
[    5.252157] Freeing unused kernel image (initmem) memory: 16236K
[    5.252764] Write protecting the kernel read-only data: 102400k
[    5.256351] Freeing unused kernel image (text/rodata gap) memory: 2012K
[    5.258229] Freeing unused kernel image (rodata/data gap) memory: 2012K
[    6.288273] x86/mm: Checked W+X mappings: passed, no W+X pages found.
[    6.288775] Run /sbin/init as init process
[    6.426179] systemd[1]: systemd 252-15.el9 running in system mode (+PAM +AUDIT +SELINUX -APPARMOR +IMA +SMACK +SECCOMP +GCRYPT +GNUTLS +OPENSSL +ACL +BLKID +CURL +ELFUTILS -FIDO2 +IDN2 -IDN -IPTC +KMOD +LIBCRYPTSETUP +LIBFDISK +PCRE2 -PWQUALITY +P11KIT -QRENCODE +TPM2 +BZIP2 +LZ4 +XZ +ZLIB +ZSTD -BPF_FRAMEWORK +XKBCOMMON +UTMP +SYSVINIT default-hierarchy=unified)
[    6.428279] systemd[1]: Detected virtualization kvm.
[    6.428629] systemd[1]: Detected architecture x86-64.

Welcome to [0;31mCentOS Stream 9[0m!

[    6.432778] systemd[1]: Hostname set to <test>.
[    6.644016] systemd-rc-local-generator[121]: /etc/rc.d/rc.local is not marked executable, skipping.
[    6.876478] systemd[1]: Queued start job for default target Multi-User System.
[    6.895932] systemd[1]: Created slice Virtual Machine and Container Slice.
[[0;32m  OK  [0m] Created slice [0;1;39mVirtual Machine and Container Slice[0m.
[    6.901190] systemd[1]: Created slice Slice /system/getty.
[[0;32m  OK  [0m] Created slice [0;1;39mSlice /system/getty[0m.
[    6.904110] systemd[1]: Created slice Slice /system/modprobe.
[[0;32m  OK  [0m] Created slice [0;1;39mSlice /system/modprobe[0m.
[    6.907100] systemd[1]: Created slice Slice /system/serial-getty.
[[0;32m  OK  [0m] Created slice [0;1;39mSlice /system/serial-getty[0m.
[    6.910096] systemd[1]: Created slice Slice /system/sshd-keygen.
[[0;32m  OK  [0m] Created slice [0;1;39mSlice /system/sshd-keygen[0m.
[    6.912784] systemd[1]: Created slice User and Session Slice.
[[0;32m  OK  [0m] Created slice [0;1;39mUser and Session Slice[0m.
[    6.914205] systemd[1]: Started Forward Password Requests to Wall Directory Watch.
[[0;32m  OK  [0m] Started [0;1;39mForward Password R…uests to Wall Directory Watch[0m.
[    6.916367] systemd[1]: Set up automount Arbitrary Executable File Formats File System Automount Point.
[[0;32m  OK  [0m] Set up automount [0;1;39mArbitrary…s File System Automount Point[0m.
[    6.917945] systemd[1]: Reached target Local Integrity Protected Volumes.
[[0;32m  OK  [0m] Reached target [0;1;39mLocal Integrity Protected Volumes[0m.
[    6.919186] systemd[1]: Reached target Slice Units.
[[0;32m  OK  [0m] Reached target [0;1;39mSlice Units[0m.
[    6.920111] systemd[1]: Reached target Swaps.
[[0;32m  OK  [0m] Reached target [0;1;39mSwaps[0m.
[    6.920970] systemd[1]: Reached target Local Verity Protected Volumes.
[[0;32m  OK  [0m] Reached target [0;1;39mLocal Verity Protected Volumes[0m.
[    6.922463] systemd[1]: Listening on Device-mapper event daemon FIFOs.
[[0;32m  OK  [0m] Listening on [0;1;39mDevice-mapper event daemon FIFOs[0m.
[    6.924154] systemd[1]: Listening on LVM2 poll daemon socket.
[[0;32m  OK  [0m] Listening on [0;1;39mLVM2 poll daemon socket[0m.
[    6.925393] systemd[1]: multipathd control socket was skipped because of an unmet condition check (ConditionPathExists=/etc/multipath.conf).
[    6.954449] systemd[1]: Listening on RPCbind Server Activation Socket.
[[0;32m  OK  [0m] Listening on [0;1;39mRPCbind Server Activation Socket[0m.
[    6.955722] systemd[1]: Reached target RPC Port Mapper.
[[0;32m  OK  [0m] Reached target [0;1;39mRPC Port Mapper[0m.
[    6.958845] systemd[1]: Listening on Process Core Dump Socket.
[[0;32m  OK  [0m] Listening on [0;1;39mProcess Core Dump Socket[0m.
[    6.960264] systemd[1]: Listening on initctl Compatibility Named Pipe.
[[0;32m  OK  [0m] Listening on [0;1;39minitctl Compatibility Named Pipe[0m.
[    6.962081] systemd[1]: Listening on Journal Socket (/dev/log).
[[0;32m  OK  [0m] Listening on [0;1;39mJournal Socket (/dev/log)[0m.
[    6.963956] systemd[1]: Listening on Journal Socket.
[[0;32m  OK  [0m] Listening on [0;1;39mJournal Socket[0m.
[    6.965617] systemd[1]: Listening on udev Control Socket.
[[0;32m  OK  [0m] Listening on [0;1;39mudev Control Socket[0m.
[    6.967026] systemd[1]: Listening on udev Kernel Socket.
[[0;32m  OK  [0m] Listening on [0;1;39mudev Kernel Socket[0m.
[    6.973243] systemd[1]: Mounting Huge Pages File System...
         Mounting [0;1;39mHuge Pages File System[0m...
[    6.980158] systemd[1]: Mounting POSIX Message Queue File System...
         Mounting [0;1;39mPOSIX Message Queue File System[0m...
[    6.989685] systemd[1]: Mounting Kernel Debug File System...
         Mounting [0;1;39mKernel Debug File System[0m...
[    6.997658] systemd[1]: Mounting Kernel Trace File System...
         Mounting [0;1;39mKernel Trace File System[0m...
[    7.001140] systemd[1]: Kernel Module supporting RPCSEC_GSS was skipped because of an unmet condition check (ConditionPathExists=/etc/krb5.keytab).
[    7.002883] systemd[1]: Create List of Static Device Nodes was skipped because of an unmet condition check (ConditionFileNotEmpty=/lib/modules/6.18.0-rc3-c8e00cdc7425+/modules.devname).
[    7.008908] systemd[1]: Starting Monitoring of LVM2 mirrors, snapshots etc. using dmeventd or progress polling...
         Starting [0;1;39mMonitoring of LVM…meventd or progress polling[0m...
[    7.017842] systemd[1]: Starting Load Kernel Module configfs...
         Starting [0;1;39mLoad Kernel Module configfs[0m...
[    7.045923] systemd[1]: Starting Load Kernel Module drm...
         Starting [0;1;39mLoad Kernel Module drm[0m...
[    7.057033] systemd[1]: Starting Load Kernel Module fuse...
         Starting [0;1;39mLoad Kernel Module fuse[0m...
[    7.070586] systemd[1]: Starting Read and set NIS domainname from /etc/sysconfig/network...
         Starting [0;1;39mRead and set NIS …from /etc/sysconfig/network[0m...
[    7.109823] systemd[1]: Starting Journal Service...
         Starting [0;1;39mJournal Service[0m...
[    7.119133] systemd[1]: Starting Load Kernel Modules...
         Starting [0;1;39mLoad Kernel Modules[0m...
[    7.143147] systemd[1]: Starting Generate network units from Kernel command line...
         Starting [0;1;39mGenerate network …ts from Kernel command line[0m...
[    7.189785] systemd[1]: Starting Remount Root and Kernel File Systems...
         Starting [0;1;39mRemount Root and Kernel File Systems[0m...
[    7.191466] systemd[1]: Repartition Root Disk was skipped because no trigger condition checks were met.
[    7.205721] systemd[1]: Starting Coldplug All udev Devices...
         Starting [0;1;39mColdplug All udev Devices[0m...
[    7.224621] systemd[1]: Mounted Huge Pages File System.
[[0;32m  OK  [0m] Mounted [0;1;39mHuge Pages File System[0m.
[    7.237186] systemd[1]: Mounted POSIX Message Queue File System.
[[0;32m  OK  [0m] Mounted [0;1;39mPOSIX Message Queue File System[0m.
[    7.238742] systemd[1]: Mounted Kernel Debug File System.
[[0;32m  OK  [0m] Mounted [0;1;39mKernel Debug File System[0m.
[    7.240571] systemd[1]: Mounted Kernel Trace File System.
[[0;32m  OK  [0m] Mounted [0;1;39mKernel Trace File System[0m.
[    7.243464] systemd[1]: Finished Monitoring of LVM2 mirrors, snapshots etc. using dmeventd or progress polling.
[[0;32m  OK  [0m] Finished [0;1;39mMonitoring of LVM… dmeventd or progress polling[0m.
[    7.247179] systemd[1]: modprobe@configfs.service: Deactivated successfully.
[    7.248772] systemd[1]: Finished Load Kernel Module configfs.
[[0;32m  OK  [0m] Finished [0;1;39mLoad Kernel Module configfs[0m.
[    7.250828] EXT4-fs (sda): re-mounted 088740a9-c8b4-422c-999d-a804eb68a4da r/w.
[    7.257873] systemd[1]: modprobe@drm.service: Deactivated successfully.
[    7.260909] systemd[1]: Finished Load Kernel Module drm.
[[0;32m  OK  [0m] Finished [0;1;39mLoad Kernel Module drm[0m.
[    7.265404] systemd[1]: Started Journal Service.
[[0;32m  OK  [0m] Started [0;1;39mJournal Service[0m.
[[0;32m  OK  [0m] Finished [0;1;39mLoad Kernel Module fuse[0m.
[[0;32m  OK  [0m] Finished [0;1;39mRead and set NIS …e from /etc/sysconfig/network[0m.
[[0;1;31mFAILED[0m] Failed to start [0;1;39mLoad Kernel Modules[0m.
See 'systemctl status systemd-modules-load.service' for details.
[[0;32m  OK  [0m] Finished [0;1;39mGenerate network units from Kernel command line[0m.
[[0;32m  OK  [0m] Finished [0;1;39mRemount Root and Kernel File Systems[0m.
[[0;32m  OK  [0m] Reached target [0;1;39mPreparation for Network[0m.
         Mounting [0;1;39mFUSE Control File System[0m...
         Mounting [0;1;39mKernel Configuration File System[0m...
         Starting [0;1;39mFlush Journal to Persistent Storage[0m...
         Starting [0;1;39mLoad/Save Random Seed[0m...
[    7.369552] systemd-journald[142]: Received client request to flush runtime journal.
         Starting [0;1;39mApply Kernel Variables[0m...
         Starting [0;1;39mCreate Static Device Nodes in /dev[0m...
         Starting [0;1;39mSetup Virtual Console[0m...
[[0;32m  OK  [0m] Mounted [0;1;39mFUSE Control File System[0m.
[[0;32m  OK  [0m] Mounted [0;1;39mKernel Configuration File System[0m.
[[0;32m  OK  [0m] Finished [0;1;39mFlush Journal to Persistent Storage[0m.
[[0;32m  OK  [0m] Finished [0;1;39mLoad/Save Random Seed[0m.
[[0;32m  OK  [0m] Finished [0;1;39mApply Kernel Variables[0m.
[[0;32m  OK  [0m] Finished [0;1;39mCreate Static Device Nodes in /dev[0m.
         Starting [0;1;39mRule-based Manage…for Device Events and Files[0m...
[[0;32m  OK  [0m] Started [0;1;39mRule-based Manager for Device Events and Files[0m.
         Starting [0;1;39mAuto-connect to s…E devices found during boot[0m...
[[0;32m  OK  [0m] Finished [0;1;39mAuto-connect to s…VME devices found during boot[0m.
[[0;32m  OK  [0m] Finished [0;1;39mSetup Virtual Console[0m.
[[0;32m  OK  [0m] Finished [0;1;39mColdplug All udev Devices[0m.
         Starting [0;1;39mShow Plymouth Boot Screen[0m...
         Starting [0;1;39mWait for udev To …plete Device Initialization[0m...
[2J[3J[-1;-1f[[0;32m  OK  [0m] Started [0;1;39mShow Plymouth Boot Screen[0m.
[[0;32m  OK  [0m] Started [0;1;39mForward Password R…s to Plymouth Directory Watch[0m.
[[0;32m  OK  [0m] Reached target [0;1;39mLocal Encrypted Volumes[0m.
[[0;32m  OK  [0m] Reached target [0;1;39mPath Units[0m.
[[0;32m  OK  [0m] Found device [0;1;39m/dev/ttyS0[0m.
[[0;32m  OK  [0m] Listening on [0;1;39mLoad/Save RF …itch Status /dev/rfkill Watch[0m.
[[0;32m  OK  [0m] Finished [0;1;39mWait for udev To Complete Device Initialization[0m.
[[0;32m  OK  [0m] Reached target [0;1;39mPreparation for Local File Systems[0m.
[[0;32m  OK  [0m] Reached target [0;1;39mLocal File Systems[0m.
         Starting [0;1;39mTell Plymouth To Write Out Runtime Data[0m...
         Starting [0;1;39mAutomatic Boot Loader Update[0m...
         Starting [0;1;39mCreate Volatile Files and Directories[0m...
[[0;32m  OK  [0m] Finished [0;1;39mTell Plymouth To Write Out Runtime Data[0m.
[[0;32m  OK  [0m] Finished [0;1;39mAutomatic Boot Loader Update[0m.
[[0;32m  OK  [0m] Finished [0;1;39mCreate Volatile Files and Directories[0m.
         Mounting [0;1;39mRPC Pipe File System[0m...
         Starting [0;1;39mSecurity Auditing Service[0m...
         Starting [0;1;39mRPC Bind[0m...
[[0;32m  OK  [0m] Mounted [0;1;39mRPC Pipe File System[0m.
[[0;32m  OK  [0m] Reached target [0;1;39mrpc_pipefs.target[0m.
[[0;32m  OK  [0m] Started [0;1;39mRPC Bind[0m.
[[0;32m  OK  [0m] Started [0;1;39mSecurity Auditing Service[0m.
         Starting [0;1;39mRecord System Boot/Shutdown in UTMP[0m...
[[0;32m  OK  [0m] Finished [0;1;39mRecord System Boot/Shutdown in UTMP[0m.
[[0;32m  OK  [0m] Reached target [0;1;39mSystem Initialization[0m.
[[0;32m  OK  [0m] Started [0;1;39mDaily rotation of log files[0m.
[[0;32m  OK  [0m] Started [0;1;39mUpdates mlocate database every day[0m.
[[0;32m  OK  [0m] Started [0;1;39mDaily Cleanup of Temporary Directories[0m.
[[0;32m  OK  [0m] Started [0;1;39mdaily update of the root trust anchor for DNSSEC[0m.
[[0;32m  OK  [0m] Reached target [0;1;39mTimer Units[0m.
[[0;32m  OK  [0m] Listening on [0;1;39mD-Bus System Message Bus Socket[0m.
[[0;32m  OK  [0m] Listening on [0;1;39mOpen-iSCSI iscsid Socket[0m.
[[0;32m  OK  [0m] Listening on [0;1;39mOpen-iSCSI iscsiuio Socket[0m.
[[0;32m  OK  [0m] Listening on [0;1;39mSSSD Kerberos…ache Manager responder socket[0m.
[[0;32m  OK  [0m] Listening on [0;1;39mLibvirt interface local socket[0m.
[[0;32m  OK  [0m] Listening on [0;1;39mVirtual machine lock manager socket[0m.
[[0;32m  OK  [0m] Listening on [0;1;39mVirtual machine log manager socket[0m.
[[0;32m  OK  [0m] Listening on [0;1;39mLibvirt network local socket[0m.
[[0;32m  OK  [0m] Listening on [0;1;39mLibvirt nodedev local socket[0m.
[[0;32m  OK  [0m] Listening on [0;1;39mLibvirt nwfilter local socket[0m.
[[0;32m  OK  [0m] Listening on [0;1;39mLibvirt proxy local socket[0m.
[[0;32m  OK  [0m] Listening on [0;1;39mLibvirt qemu local socket[0m.
[[0;32m  OK  [0m] Listening on [0;1;39mLibvirt qemu admin socket[0m.
[[0;32m  OK  [0m] Listening on [0;1;39mLibvirt qemu local read-only socket[0m.
[[0;32m  OK  [0m] Listening on [0;1;39mLibvirt secret local socket[0m.
[[0;32m  OK  [0m] Listening on [0;1;39mLibvirt storage local socket[0m.
[[0;32m  OK  [0m] Reached target [0;1;39mSocket Units[0m.
         Starting [0;1;39mD-Bus System Message Bus[0m...
[[0;32m  OK  [0m] Started [0;1;39mD-Bus System Message Bus[0m.
[[0;32m  OK  [0m] Reached target [0;1;39mBasic System[0m.
         Starting [0;1;39mNetwork Manager[0m...
         Starting [0;1;39mNTP client/server[0m...
         Starting [0;1;39mRestore /run/initramfs on shutdown[0m...
[[0;32m  OK  [0m] Started [0;1;39mirqbalance daemon[0m.
[[0;32m  OK  [0m] Started [0;1;39mlibstoragemgmt plug-in server daemon[0m.
[[0;32m  OK  [0m] Started [0;1;39mMachine Check Exception Logging Daemon[0m.
[[0;32m  OK  [0m] Reached target [0;1;39msshd-keygen.target[0m.
[[0;32m  OK  [0m] Reached target [0;1;39mUser and Group Name Lookups[0m.
         Starting [0;1;39mUser Login Management[0m...
         Starting [0;1;39mVirtual Machine a…tainer Registration Service[0m...
[[0;32m  OK  [0m] Finished [0;1;39mRestore /run/initramfs on shutdown[0m.
[[0;32m  OK  [0m] Started [0;1;39mVirtual Machine an…ontainer Registration Service[0m.
         Starting [0;1;39mHostname Service[0m...
[[0;32m  OK  [0m] Started [0;1;39mUser Login Management[0m.
[[0;32m  OK  [0m] Started [0;1;39mNTP client/server[0m.
[[0;32m  OK  [0m] Started [0;1;39mHostname Service[0m.
         Starting [0;1;39mNetwork Manager Script Dispatcher Service[0m...
[[0;32m  OK  [0m] Started [0;1;39mNetwork Manager Script Dispatcher Service[0m.
[   10.597570] e1000: eth0 NIC Link is Up 1000 Mbps Full Duplex, Flow Control: RX
[[0;32m  OK  [0m] Started [0;1;39mNetwork Manager[0m.
[[0;32m  OK  [0m] Reached target [0;1;39mNetwork[0m.
[[0;32m  OK  [0m] Reached target [0;1;39mNetwork is Online[0m.
         Starting [0;1;39mGSSAPI Proxy Daemon[0m...
         Starting [0;1;39mNotify NFS peers of a restart[0m...
         Starting [0;1;39mSystem Logging Service[0m...
         Starting [0;1;39mOpenSSH server daemon[0m...
         Starting [0;1;39mDynamic System Tuning Daemon[0m...
[[0;32m  OK  [0m] Started [0;1;39mNotify NFS peers of a restart[0m.
[[0;32m  OK  [0m] Started [0;1;39mOpenSSH server daemon[0m.
[[0;32m  OK  [0m] Started [0;1;39mGSSAPI Proxy Daemon[0m.
[[0;32m  OK  [0m] Reached target [0;1;39mNFS client services[0m.
[[0;32m  OK  [0m] Reached target [0;1;39mPreparation for Remote File Systems[0m.
[[0;32m  OK  [0m] Reached target [0;1;39mRemote File Systems[0m.
         Starting [0;1;39mPermit User Sessions[0m...
         Starting [0;1;39mVirtualization qemu daemon[0m...
[[0;32m  OK  [0m] Finished [0;1;39mPermit User Sessions[0m.
[[0;32m  OK  [0m] Started [0;1;39mDeferred execution scheduler[0m.
[[0;32m  OK  [0m] Started [0;1;39mCommand Scheduler[0m.
         Starting [0;1;39mHold until boot process finishes up[0m...
         Starting [0;1;39mTerminate Plymouth Boot Screen[0m...
[[0;32m  OK  [0m] Started [0;1;39mSystem Logging Service[0m.

CentOS Stream 9
Kernel 6.18.0-rc3-c8e00cdc7425+ on an x86_64

Activate the web console with: systemctl enable --now cockpit.socket

test login: [   17.371896] tpm tpm0: Operation Canceled
[   17.382928] tpm tpm0: Operation Canceled
[   17.403345] tpm tpm0: Operation Canceled
[   17.424367] tpm tpm0: Operation Canceled
[   17.445302] tpm tpm0: Operation Canceled
[   17.466196] tpm tpm0: Operation Canceled
[   17.487357] tpm tpm0: Operation Canceled
[   17.508301] tpm tpm0: Operation Canceled
[   17.529272] tpm tpm0: Operation Canceled
[   17.550214] tpm tpm0: Operation Canceled
[   17.571201] tpm tpm0: Operation Canceled
[   17.592595] tpm tpm0: Operation Canceled
[   17.613375] tpm tpm0: Operation Canceled
[   17.634434] tpm tpm0: Operation Canceled
[   17.655495] tpm tpm0: Operation Canceled
[   17.676470] tpm tpm0: Operation Canceled
[   17.707963] tpm tpm0: Operation Canceled
[   17.729013] tpm tpm0: Operation Canceled
[   17.750087] tpm tpm0: Operation Canceled
[   17.771207] tpm tpm0: Operation Canceled
[   17.792270] tpm tpm0: Operation Canceled
[   17.813269] tpm tpm0: Operation Canceled
[   17.834221] tpm tpm0: Operation Canceled
[   17.855232] tpm tpm0: Operation Canceled
[   17.876212] tpm tpm0: Operation Canceled
[   17.897372] tpm tpm0: Operation Canceled
[   17.918480] tpm tpm0: Operation Canceled
[   17.939889] tpm tpm0: Operation Canceled
[   17.950460] tpm tpm0: Operation Canceled
[   17.971424] tpm tpm0: Operation Canceled
[   17.992408] tpm tpm0: Operation Canceled
[   18.013370] tpm tpm0: Operation Canceled
[   18.034457] tpm tpm0: Operation Canceled
[   18.055721] tpm tpm0: Operation Canceled
[   18.076741] tpm tpm0: Operation Canceled
[   18.098037] tpm tpm0: Operation Canceled
[   18.118816] tpm tpm0: Operation Canceled
[   18.139793] tpm tpm0: Operation Canceled
[   18.160757] tpm tpm0: Operation Canceled
[   18.181766] tpm tpm0: Operation Canceled
[   18.202946] tpm tpm0: Operation Canceled
[   18.223777] tpm tpm0: Operation Canceled
[   18.244760] tpm tpm0: Operation Canceled
[   18.265912] tpm tpm0: Operation Canceled
[   18.297376] tpm tpm0: Operation Canceled
[   18.318593] tpm tpm0: Operation Canceled
[   18.339568] tpm tpm0: Operation Canceled
[   18.360637] tpm tpm0: Operation Canceled
[   18.371115] tpm tpm0: Operation Canceled
[   18.392138] tpm tpm0: Operation Canceled
[   18.413169] tpm tpm0: Operation Canceled
[   18.434162] tpm tpm0: Operation Canceled
[   18.455155] tpm tpm0: Operation Canceled
[   18.476461] tpm tpm0: Operation Canceled
[   18.497370] tpm tpm0: Operation Canceled
[   18.518426] tpm tpm0: Operation Canceled
[   18.539499] tpm tpm0: Operation Canceled
[   18.560515] tpm tpm0: Operation Canceled
[   18.592140] tpm tpm0: Operation Canceled
[   18.612993] tpm tpm0: Operation Canceled
[   18.633980] tpm tpm0: Operation Canceled
[   18.654978] tpm tpm0: Operation Canceled
[   18.665376] tpm tpm0: Operation Canceled
[   18.686601] tpm tpm0: Operation Canceled
[   18.707529] tpm tpm0: Operation Canceled
[   18.728473] tpm tpm0: Operation Canceled
[   18.749371] tpm tpm0: Operation Canceled
[   18.770435] tpm tpm0: Operation Canceled
[   18.791481] tpm tpm0: Operation Canceled
[   18.812489] tpm tpm0: Operation Canceled
[   18.833371] tpm tpm0: Operation Canceled
[   18.854437] tpm tpm0: Operation Canceled
[   18.875456] tpm tpm0: Operation Canceled
[   18.896451] tpm tpm0: Operation Canceled
[   18.917736] tpm tpm0: Operation Canceled
[   18.938494] tpm tpm0: Operation Canceled
[   18.959465] tpm tpm0: Operation Canceled
[   18.980432] tpm tpm0: Operation Canceled
[   19.001388] tpm tpm0: Operation Canceled
[   19.022764] tpm tpm0: Operation Canceled
[   19.043741] tpm tpm0: Operation Canceled
[   19.064752] tpm tpm0: Operation Canceled
[   19.086124] tpm tpm0: Operation Canceled
[   19.107272] tpm tpm0: Operation Canceled
[   19.128331] tpm tpm0: Operation Canceled
[   19.149374] tpm tpm0: Operation Canceled
[   19.170592] tpm tpm0: Operation Canceled
[   19.191588] tpm tpm0: Operation Canceled
[   19.212532] tpm tpm0: Operation Canceled
[   19.223032] tpm tpm0: Operation Canceled
[   19.243989] tpm tpm0: Operation Canceled
[   19.265071] tpm tpm0: Operation Canceled
[   19.286049] tpm tpm0: Operation Canceled
[   19.317375] tpm tpm0: Operation Canceled
[   19.338591] tpm tpm0: Operation Canceled
[   19.359562] tpm tpm0: Operation Canceled
[   19.380547] tpm tpm0: Operation Canceled
[   19.391012] tpm tpm0: Operation Canceled
[   19.412125] tpm tpm0: Operation Canceled
[   19.433215] tpm tpm0: Operation Canceled
[   19.454295] tpm tpm0: Operation Canceled
[   19.475616] tpm tpm0: Operation Canceled
[   19.496673] tpm tpm0: Operation Canceled
[   19.517738] tpm tpm0: Operation Canceled
[   19.538771] tpm tpm0: Operation Canceled
[   19.559790] tpm tpm0: Operation Canceled
[   19.580782] tpm tpm0: Operation Canceled
[   19.602034] tpm tpm0: Operation Canceled
[   19.622950] tpm tpm0: Operation Canceled
[   19.644021] tpm tpm0: Operation Canceled
[   19.665042] tpm tpm0: Operation Canceled
[   19.686011] tpm tpm0: Operation Canceled
[   19.707052] tpm tpm0: Operation Canceled
[   19.727967] tpm tpm0: Operation Canceled
[   19.749070] tpm tpm0: Operation Canceled
[   19.770292] tpm tpm0: Operation Canceled
[   19.791385] tpm tpm0: Operation Canceled
[   19.812421] tpm tpm0: Operation Canceled
[   19.833362] tpm tpm0: Operation Canceled
[   19.854405] tpm tpm0: Operation Canceled
[   19.875332] tpm tpm0: Operation Canceled
[   19.896424] tpm tpm0: Operation Canceled
[   19.917888] tpm tpm0: Operation Canceled
[   19.949682] tpm tpm0: Operation Canceled
[   19.970613] tpm tpm0: Operation Canceled
[   19.991510] tpm tpm0: Operation Canceled
[   20.012524] tpm tpm0: Operation Canceled
[   20.023597] tpm tpm0: Operation Canceled
[   20.054682] tpm tpm0: Operation Canceled
[   20.075614] tpm tpm0: Operation Canceled
[   20.096592] tpm tpm0: Operation Canceled
[   20.117371] tpm tpm0: Operation Canceled
[   20.138809] tpm tpm0: Operation Canceled
[   20.159970] tpm tpm0: Operation Canceled
[   20.180965] tpm tpm0: Operation Canceled
[   20.201970] tpm tpm0: Operation Canceled
[   20.233376] tpm tpm0: Operation Canceled
[   20.254475] tpm tpm0: Operation Canceled
[   20.275496] tpm tpm0: Operation Canceled
[   20.296524] tpm tpm0: Operation Canceled
[   20.317379] tpm tpm0: Operation Canceled
[   20.338481] tpm tpm0: Operation Canceled
[   20.359481] tpm tpm0: Operation Canceled
[   20.370485] tpm tpm0: Operation Canceled
[   20.391114] tpm tpm0: Operation Canceled
[   20.412047] tpm tpm0: Operation Canceled
[   20.433101] tpm tpm0: Operation Canceled
[   20.454103] tpm tpm0: Operation Canceled
[   20.475159] tpm tpm0: Operation Canceled
[   20.496201] tpm tpm0: Operation Canceled
[   20.517117] tpm tpm0: Operation Canceled
[   20.538167] tpm tpm0: Operation Canceled
[   20.559226] tpm tpm0: Operation Canceled
[   20.580223] tpm tpm0: Operation Canceled
[   20.601376] tpm tpm0: Operation Canceled
[   20.622261] tpm tpm0: Operation Canceled
[   20.643217] tpm tpm0: Operation Canceled
[   20.664288] tpm tpm0: Operation Canceled
[   20.685321] tpm tpm0: Operation Canceled
[   20.716797] tpm tpm0: Operation Canceled
[   20.737802] tpm tpm0: Operation Canceled
[   20.759002] tpm tpm0: Operation Canceled
[   20.780141] tpm tpm0: Operation Canceled
[   20.801133] tpm tpm0: Operation Canceled
[   20.822104] tpm tpm0: Operation Canceled
[   20.843159] tpm tpm0: Operation Canceled
[   20.864134] tpm tpm0: Operation Canceled
[   20.885191] tpm tpm0: Operation Canceled
[   20.906122] tpm tpm0: Operation Canceled
[   20.927157] tpm tpm0: Operation Canceled
[   20.948139] tpm tpm0: Operation Canceled
[   20.969152] tpm tpm0: Operation Canceled
[   20.990150] tpm tpm0: Operation Canceled
[   21.011285] tpm tpm0: Operation Canceled
[   21.032296] tpm tpm0: Operation Canceled
[   21.053373] tpm tpm0: Operation Canceled
[   21.074317] tpm tpm0: Operation Canceled
[   21.095321] tpm tpm0: Operation Canceled
[   21.116305] tpm tpm0: Operation Canceled
[   21.137264] tpm tpm0: Operation Canceled
[   21.158310] tpm tpm0: Operation Canceled
[   21.189761] tpm tpm0: Operation Canceled
[   21.210944] tpm tpm0: Operation Canceled
[   21.231759] tpm tpm0: Operation Canceled
[   21.252753] tpm tpm0: Operation Canceled
[   21.274131] tpm tpm0: Operation Canceled
[   21.295289] tpm tpm0: Operation Canceled
[   21.316164] tpm tpm0: Operation Canceled
[   21.337295] tpm tpm0: Operation Canceled
[   21.358219] tpm tpm0: Operation Canceled
[   21.379218] tpm tpm0: Operation Canceled
[   21.400543] tpm tpm0: Operation Canceled
[   21.432044] tpm tpm0: Operation Canceled
[   21.453378] tpm tpm0: Operation Canceled
[   21.474462] tpm tpm0: Operation Canceled
[   21.495475] tpm tpm0: Operation Canceled
[   21.516455] tpm tpm0: Operation Canceled
[   21.537370] tpm tpm0: Operation Canceled
[   21.558480] tpm tpm0: Operation Canceled
[   21.579474] tpm tpm0: Operation Canceled
[   21.600465] tpm tpm0: Operation Canceled
[   21.610934] tpm tpm0: Operation Canceled
[   21.632014] tpm tpm0: Operation Canceled
[   21.652973] tpm tpm0: Operation Canceled
[   21.674176] tpm tpm0: Operation Canceled
[   21.695181] tpm tpm0: Operation Canceled
[   21.716173] tpm tpm0: Operation Canceled
[   21.737186] tpm tpm0: Operation Canceled
[   21.758152] tpm tpm0: Operation Canceled
[   21.779217] tpm tpm0: Operation Canceled
[   21.800189] tpm tpm0: Operation Canceled
[   21.821189] tpm tpm0: Operation Canceled
[   21.842141] tpm tpm0: Operation Canceled
[   21.863163] tpm tpm0: Operation Canceled
[   21.884149] tpm tpm0: Operation Canceled
[   21.894843] tpm tpm0: Operation Canceled
[   21.915630] tpm tpm0: Operation Canceled
[   21.936616] tpm tpm0: Operation Canceled
[   21.957373] tpm tpm0: Operation Canceled
[   21.978816] tpm tpm0: Operation Canceled
[   21.999604] tpm tpm0: Operation Canceled
[   22.020592] tpm tpm0: Operation Canceled
[   22.041373] tpm tpm0: Operation Canceled
[   22.062917] tpm tpm0: Operation Canceled
[   22.083907] tpm tpm0: Operation Canceled
[   22.104919] tpm tpm0: Operation Canceled
[   22.125986] tpm tpm0: Operation Canceled
[   22.147026] tpm tpm0: Operation Canceled
[   22.168006] tpm tpm0: Operation Canceled
[   22.188997] tpm tpm0: Operation Canceled
[   22.209995] tpm tpm0: Operation Canceled
[   22.231229] tpm tpm0: Operation Canceled
[   22.252163] tpm tpm0: Operation Canceled
[   22.273154] tpm tpm0: Operation Canceled
[   22.294113] tpm tpm0: Operation Canceled
[   22.315176] tpm tpm0: Operation Canceled
[   22.336172] tpm tpm0: Operation Canceled
[   22.357157] tpm tpm0: Operation Canceled
[   22.378202] tpm tpm0: Operation Canceled
[   22.399168] tpm tpm0: Operation Canceled
[   22.420274] tpm tpm0: Operation Canceled
[   22.441212] tpm tpm0: Operation Canceled
[   22.462159] tpm tpm0: Operation Canceled
[   22.483144] tpm tpm0: Operation Canceled
[   22.504107] tpm tpm0: Operation Canceled
[   22.525080] tpm tpm0: Operation Canceled
[   22.546099] tpm tpm0: Operation Canceled
[   22.567110] tpm tpm0: Operation Canceled
[   22.587974] tpm tpm0: Operation Canceled
[   22.609002] tpm tpm0: Operation Canceled
[   22.629992] tpm tpm0: Operation Canceled
[   22.650958] tpm tpm0: Operation Canceled
[   22.671956] tpm tpm0: Operation Canceled
[   22.692932] tpm tpm0: Operation Canceled
[   22.724328] tpm tpm0: Operation Canceled
[   22.745374] tpm tpm0: Operation Canceled
[   22.766640] tpm tpm0: Operation Canceled
[   22.787644] tpm tpm0: Operation Canceled
[   22.808631] tpm tpm0: Operation Canceled
[   22.829372] tpm tpm0: Operation Canceled
[   22.850666] tpm tpm0: Operation Canceled
[   22.871608] tpm tpm0: Operation Canceled
[   22.892554] tpm tpm0: Operation Canceled
[   22.913831] tpm tpm0: Operation Canceled
[   22.934877] tpm tpm0: Operation Canceled
[   22.955758] tpm tpm0: Operation Canceled
[   22.976718] tpm tpm0: Operation Canceled
[   22.997769] tpm tpm0: Operation Canceled
[   23.018754] tpm tpm0: Operation Canceled
[   23.039631] tpm tpm0: Operation Canceled
[   23.060677] tpm tpm0: Operation Canceled
[   23.081874] tpm tpm0: Operation Canceled
[   23.103176] tpm tpm0: Operation Canceled
[   23.124094] tpm tpm0: Operation Canceled
[   23.145049] tpm tpm0: Operation Canceled
[   23.176518] tpm tpm0: Operation Canceled
[   23.197369] tpm tpm0: Operation Canceled
[   23.218569] tpm tpm0: Operation Canceled
[   23.239776] tpm tpm0: Operation Canceled
[   23.260738] tpm tpm0: Operation Canceled
[   23.281768] tpm tpm0: Operation Canceled
[   23.302741] tpm tpm0: Operation Canceled
[   23.323700] tpm tpm0: Operation Canceled
[   23.344674] tpm tpm0: Operation Canceled
[   23.365672] tpm tpm0: Operation Canceled
[   23.386734] tpm tpm0: Operation Canceled
[   23.407950] tpm tpm0: Operation Canceled
[   23.429030] tpm tpm0: Operation Canceled
[   23.449986] tpm tpm0: Operation Canceled
[   23.470981] tpm tpm0: Operation Canceled
[   23.481381] tpm tpm0: Operation Canceled
[   23.502485] tpm tpm0: Operation Canceled
[   23.523542] tpm tpm0: Operation Canceled
[   23.544539] tpm tpm0: Operation Canceled
[   23.565378] tpm tpm0: Operation Canceled
[   23.586854] tpm tpm0: Operation Canceled
[   23.607753] tpm tpm0: Operation Canceled
[   23.628685] tpm tpm0: Operation Canceled
[   23.649712] tpm tpm0: Operation Canceled
[   23.670753] tpm tpm0: Operation Canceled
[   23.691663] tpm tpm0: Operation Canceled
[   23.712853] tpm tpm0: Operation Canceled
[   23.733833] tpm tpm0: Operation Canceled
[   23.755030] tpm tpm0: Operation Canceled
[   23.776048] tpm tpm0: Operation Canceled
[   23.796998] tpm tpm0: Operation Canceled
[   23.817975] tpm tpm0: Operation Canceled
[   23.849378] tpm tpm0: Operation Canceled
[   23.870541] tpm tpm0: Operation Canceled
[   23.891515] tpm tpm0: Operation Canceled
[   23.912472] tpm tpm0: Operation Canceled
[   23.923187] tpm tpm0: Operation Canceled
[   23.944017] tpm tpm0: Operation Canceled
[   23.964995] tpm tpm0: Operation Canceled
[   23.985934] tpm tpm0: Operation Canceled
[   24.007038] tpm tpm0: Operation Canceled
[   24.027890] tpm tpm0: Operation Canceled
[   24.048944] tpm tpm0: Operation Canceled
[   24.069941] tpm tpm0: Operation Canceled
[   24.091034] tpm tpm0: Operation Canceled
[   24.112112] tpm tpm0: Operation Canceled
[   24.133009] tpm tpm0: Operation Canceled
[   24.154010] tpm tpm0: Operation Canceled
[   24.175072] tpm tpm0: Operation Canceled
[   24.196044] tpm tpm0: Operation Canceled
[   24.217048] tpm tpm0: Operation Canceled
[   24.238004] tpm tpm0: Operation Canceled
[   24.259223] tpm tpm0: Operation Canceled
[   24.280165] tpm tpm0: Operation Canceled
[   24.301128] tpm tpm0: Operation Canceled
[   24.322041] tpm tpm0: Operation Canceled
[   24.343006] tpm tpm0: Operation Canceled
[   24.364072] tpm tpm0: Operation Canceled
[   24.385079] tpm tpm0: Operation Canceled
[   24.406192] tpm tpm0: Operation Canceled
[   24.437725] tpm tpm0: Operation Canceled
[   24.458476] tpm tpm0: Operation Canceled
[   24.479540] tpm tpm0: Operation Canceled
[   24.500535] tpm tpm0: Operation Canceled
[   24.510971] tpm tpm0: Operation Canceled
[   24.531969] tpm tpm0: Operation Canceled
[   24.553095] tpm tpm0: Operation Canceled
[   24.574042] tpm tpm0: Operation Canceled
[   24.595564] tpm tpm0: Operation Canceled
[   24.616591] tpm tpm0: Operation Canceled
[   24.637373] tpm tpm0: Operation Canceled
[   24.658651] tpm tpm0: Operation Canceled
[   24.679550] tpm tpm0: Operation Canceled
[   24.700526] tpm tpm0: Operation Canceled
[   24.742576] tpm tpm0: Operation Canceled
[   24.763527] tpm tpm0: Operation Canceled
[   24.784511] tpm tpm0: Operation Canceled
[   24.805381] tpm tpm0: Operation Canceled
[   24.826735] tpm tpm0: Operation Canceled
[   24.847460] tpm tpm0: Operation Canceled
[   24.868446] tpm tpm0: Operation Canceled
[   24.878944] tpm tpm0: Operation Canceled
[   24.900015] tpm tpm0: Operation Canceled
[   24.920955] tpm tpm0: Operation Canceled
[   24.942218] tpm tpm0: Operation Canceled
[   24.962976] tpm tpm0: Operation Canceled
[   24.983777] tpm tpm0: Operation Canceled
[   24.994454] tpm tpm0: Operation Canceled
[   25.015399] tpm tpm0: Operation Canceled
[   25.036358] tpm tpm0: Operation Canceled
[   25.057366] tpm tpm0: Operation Canceled
[   25.078390] tpm tpm0: Operation Canceled
[   25.099418] tpm tpm0: Operation Canceled
[   25.120388] tpm tpm0: Operation Canceled
[   25.141323] tpm tpm0: Operation Canceled
[   25.162340] tpm tpm0: Operation Canceled
[   25.193887] tpm tpm0: Operation Canceled
[   25.214946] tpm tpm0: Operation Canceled
[   25.235834] tpm tpm0: Operation Canceled
[   25.256804] tpm tpm0: Operation Canceled
[   25.277965] tpm tpm0: Operation Canceled
[   25.299060] tpm tpm0: Operation Canceled
[   25.320082] tpm tpm0: Operation Canceled
[   25.341079] tpm tpm0: Operation Canceled
[   25.362048] tpm tpm0: Operation Canceled
[   25.393380] tpm tpm0: Operation Canceled
[   25.414484] tpm tpm0: Operation Canceled
[   25.435723] tpm tpm0: Operation Canceled
[   25.456949] tpm tpm0: Operation Canceled
[   25.478262] tpm tpm0: Operation Canceled
[   25.499180] tpm tpm0: Operation Canceled
[   25.520170] tpm tpm0: Operation Canceled
[   25.541125] tpm tpm0: Operation Canceled
[   25.562103] tpm tpm0: Operation Canceled
[   25.583156] tpm tpm0: Operation Canceled
[   25.604107] tpm tpm0: Operation Canceled
[   25.625363] tpm tpm0: Operation Canceled
[   25.646313] tpm tpm0: Operation Canceled
[   25.667327] tpm tpm0: Operation Canceled
[   25.688271] tpm tpm0: Operation Canceled
[   25.709252] tpm tpm0: Operation Canceled
[   25.730261] tpm tpm0: Operation Canceled
[   25.751294] tpm tpm0: Operation Canceled
[   25.772227] tpm tpm0: Operation Canceled
[   25.793318] tpm tpm0: Operation Canceled
[   25.814284] tpm tpm0: Operation Canceled
[   25.835294] tpm tpm0: Operation Canceled
[   25.856291] tpm tpm0: Operation Canceled
[   25.877223] tpm tpm0: Operation Canceled
[   25.898208] tpm tpm0: Operation Canceled
[   25.919247] tpm tpm0: Operation Canceled
[   25.940249] tpm tpm0: Operation Canceled
[   25.961360] tpm tpm0: Operation Canceled
[   25.982440] tpm tpm0: Operation Canceled
[   26.003437] tpm tpm0: Operation Canceled
[   26.024453] tpm tpm0: Operation Canceled
[   26.045376] tpm tpm0: Operation Canceled
[   26.066420] tpm tpm0: Operation Canceled
[   26.087358] tpm tpm0: Operation Canceled
[   26.108479] tpm tpm0: Operation Canceled
[   26.118947] tpm tpm0: Operation Canceled
[   26.140007] tpm tpm0: Operation Canceled
[   26.160946] tpm tpm0: Operation Canceled
[   26.181925] tpm tpm0: Operation Canceled
[   26.202894] tpm tpm0: Operation Canceled
[   26.223873] tpm tpm0: Operation Canceled
[   26.234404] tpm tpm0: Operation Canceled
[   26.255395] tpm tpm0: Operation Canceled
[   26.276381] tpm tpm0: Operation Canceled
[   26.297371] tpm tpm0: Operation Canceled
[   26.318496] tpm tpm0: Operation Canceled
[   26.339547] tpm tpm0: Operation Canceled
[   26.360498] tpm tpm0: Operation Canceled
[   26.381371] tpm tpm0: Operation Canceled
[   26.402515] tpm tpm0: Operation Canceled
[   26.423452] tpm tpm0: Operation Canceled
[   26.444440] tpm tpm0: Operation Canceled
[   26.465373] tpm tpm0: Operation Canceled
[   26.486658] tpm tpm0: Operation Canceled
[   26.507565] tpm tpm0: Operation Canceled
[   26.528555] tpm tpm0: Operation Canceled
[   26.549371] tpm tpm0: Operation Canceled
[   26.570591] tpm tpm0: Operation Canceled
[   26.591474] tpm tpm0: Operation Canceled
[   26.612435] tpm tpm0: Operation Canceled
[   26.633372] tpm tpm0: Operation Canceled
[   26.654421] tpm tpm0: Operation Canceled
[   26.675410] tpm tpm0: Operation Canceled
[   26.696384] tpm tpm0: Operation Canceled
[   26.717306] tpm tpm0: Operation Canceled
[   26.738277] tpm tpm0: Operation Canceled
[   26.759289] tpm tpm0: Operation Canceled
[   26.780457] tpm tpm0: Operation Canceled
[   26.811979] tpm tpm0: Operation Canceled
[   26.832939] tpm tpm0: Operation Canceled
[   26.853891] tpm tpm0: Operation Canceled
[   26.874962] tpm tpm0: Operation Canceled
[   26.895775] tpm tpm0: Operation Canceled
[   26.916747] tpm tpm0: Operation Canceled
[   26.937762] tpm tpm0: Operation Canceled
[   26.958906] tpm tpm0: Operation Canceled
[   26.979921] tpm tpm0: Operation Canceled
[   27.000940] tpm tpm0: Operation Canceled
[   27.021851] tpm tpm0: Operation Canceled
[   27.042873] tpm tpm0: Operation Canceled
[   27.063768] tpm tpm0: Operation Canceled
[   27.084777] tpm tpm0: Operation Canceled
[   27.105771] tpm tpm0: Operation Canceled
[   27.126824] tpm tpm0: Operation Canceled
[   27.147712] tpm tpm0: Operation Canceled
[   27.179239] tpm tpm0: Operation Canceled
[   27.200114] tpm tpm0: Operation Canceled
[   27.221184] tpm tpm0: Operation Canceled
[   27.242090] tpm tpm0: Operation Canceled
[   27.263232] tpm tpm0: Operation Canceled
[   27.284386] tpm tpm0: Operation Canceled
[   27.305309] tpm tpm0: Operation Canceled
[   27.326476] tpm tpm0: Operation Canceled
[   27.347512] tpm tpm0: Operation Canceled
[   27.368540] tpm tpm0: Operation Canceled
[   27.378954] tpm tpm0: Operation Canceled
[   27.399917] tpm tpm0: Operation Canceled
[   27.421009] tpm tpm0: Operation Canceled
[   27.441928] tpm tpm0: Operation Canceled
[   27.463034] tpm tpm0: Operation Canceled
[   27.484078] tpm tpm0: Operation Canceled
[   27.505052] tpm tpm0: Operation Canceled
[   27.526053] tpm tpm0: Operation Canceled
[   27.547006] tpm tpm0: Operation Canceled
[   27.568022] tpm tpm0: Operation Canceled
[   27.588986] tpm tpm0: Operation Canceled
[   27.609976] tpm tpm0: Operation Canceled
[   27.631060] tpm tpm0: Operation Canceled
[   27.652003] tpm tpm0: Operation Canceled
[   27.672934] tpm tpm0: Operation Canceled
[   27.693908] tpm tpm0: Operation Canceled
[   27.714961] tpm tpm0: Operation Canceled
[   27.735885] tpm tpm0: Operation Canceled
[   27.756823] tpm tpm0: Operation Canceled
[   27.777818] tpm tpm0: Operation Canceled
[   27.799063] tpm tpm0: Operation Canceled
[   27.820087] tpm tpm0: Operation Canceled
[   27.841033] tpm tpm0: Operation Canceled
[   27.861975] tpm tpm0: Operation Canceled
[   27.883096] tpm tpm0: Operation Canceled
[   27.903953] tpm tpm0: Operation Canceled
[   27.924934] tpm tpm0: Operation Canceled
[   27.945903] tpm tpm0: Operation Canceled
[   27.966948] tpm tpm0: Operation Canceled
[   27.987730] tpm tpm0: Operation Canceled
[   27.998401] tpm tpm0: Operation Canceled
[   28.019281] tpm tpm0: Operation Canceled
[   28.040211] tpm tpm0: Operation Canceled
[   28.061258] tpm tpm0: Operation Canceled
[   28.082247] tpm tpm0: Operation Canceled
[   28.103242] tpm tpm0: Operation Canceled
[   28.124437] tpm tpm0: Operation Canceled
[   28.145375] tpm tpm0: Operation Canceled
[   28.166405] tpm tpm0: Operation Canceled
[   28.187424] tpm tpm0: Operation Canceled
[   28.208430] tpm tpm0: Operation Canceled
[   28.229371] tpm tpm0: Operation Canceled
[   28.250437] tpm tpm0: Operation Canceled
[   28.271437] tpm tpm0: Operation Canceled
[   28.292650] tpm tpm0: Operation Canceled
[   28.313373] tpm tpm0: Operation Canceled
[   28.334849] tpm tpm0: Operation Canceled
[   28.355578] tpm tpm0: Operation Canceled
[   28.376617] tpm tpm0: Operation Canceled
[   28.397369] tpm tpm0: Operation Canceled
[   28.418755] tpm tpm0: Operation Canceled
[   28.439478] tpm tpm0: Operation Canceled
[   28.460646] tpm tpm0: Operation Canceled
[   28.481669] tpm tpm0: Operation Canceled
[   28.502693] tpm tpm0: Operation Canceled
[   28.523618] tpm tpm0: Operation Canceled
[   28.544902] tpm tpm0: Operation Canceled
[   28.565853] tpm tpm0: Operation Canceled
[   28.587018] tpm tpm0: Operation Canceled
[   28.607833] tpm tpm0: Operation Canceled
[   28.629000] tpm tpm0: Operation Canceled
[   28.650011] tpm tpm0: Operation Canceled
[   28.681374] tpm tpm0: Operation Canceled
[   28.702597] tpm tpm0: Operation Canceled
[   28.723492] tpm tpm0: Operation Canceled
[   28.744709] tpm tpm0: Operation Canceled
[   28.776192] tpm tpm0: Operation Canceled
[   28.797310] tpm tpm0: Operation Canceled
[   28.818293] tpm tpm0: Operation Canceled
[   28.839513] tpm tpm0: Operation Canceled
[   28.860539] tpm tpm0: Operation Canceled
[   28.881371] tpm tpm0: Operation Canceled
[   28.902477] tpm tpm0: Operation Canceled
[   28.923535] tpm tpm0: Operation Canceled
[   28.944492] tpm tpm0: Operation Canceled
[   28.965732] tpm tpm0: Operation Canceled
[   28.986776] tpm tpm0: Operation Canceled
[   29.007690] tpm tpm0: Operation Canceled
[   29.028683] tpm tpm0: Operation Canceled
[   29.049729] tpm tpm0: Operation Canceled
[   29.070707] tpm tpm0: Operation Canceled
[   29.091648] tpm tpm0: Operation Canceled
[   29.112600] tpm tpm0: Operation Canceled
[   29.133374] tpm tpm0: Operation Canceled
[   29.155174] tpm tpm0: Operation Canceled
[   29.175605] tpm tpm0: Operation Canceled
[   29.196531] tpm tpm0: Operation Canceled
[   29.228114] tpm tpm0: Operation Canceled
[   29.249003] tpm tpm0: Operation Canceled
[   29.270023] tpm tpm0: Operation Canceled
[   29.290977] tpm tpm0: Operation Canceled
[   29.301378] tpm tpm0: Operation Canceled
[   29.322541] tpm tpm0: Operation Canceled
[   29.343516] tpm tpm0: Operation Canceled
[   29.364481] tpm tpm0: Operation Canceled
[   29.395997] tpm tpm0: Operation Canceled
[   29.406533] tpm tpm0: Operation Canceled
[   29.427502] tpm tpm0: Operation Canceled
[   29.448510] tpm tpm0: Operation Canceled
[   29.469371] tpm tpm0: Operation Canceled
[   29.491025] tpm tpm0: Operation Canceled
[   29.511841] tpm tpm0: Operation Canceled
[   29.532769] tpm tpm0: Operation Canceled
[   29.553802] tpm tpm0: Operation Canceled
[   29.574968] tpm tpm0: Operation Canceled
[   29.595714] tpm tpm0: Operation Canceled
[   29.616727] tpm tpm0: Operation Canceled
[   29.637683] tpm tpm0: Operation Canceled
[   29.658702] tpm tpm0: Operation Canceled
[   29.679670] tpm tpm0: Operation Canceled
[   29.701039] tpm tpm0: Operation Canceled
[   29.721911] tpm tpm0: Operation Canceled
[   29.743011] tpm tpm0: Operation Canceled
[   29.763809] tpm tpm0: Operation Canceled
[   29.784766] tpm tpm0: Operation Canceled
[   29.805800] tpm tpm0: Operation Canceled
[   29.826954] tpm tpm0: Operation Canceled
[   29.848052] tpm tpm0: Operation Canceled
[   29.869011] tpm tpm0: Operation Canceled
[   29.890057] tpm tpm0: Operation Canceled
[   29.910977] tpm tpm0: Operation Canceled
[   29.921383] tpm tpm0: Operation Canceled
[   29.942484] tpm tpm0: Operation Canceled
[   29.963542] tpm tpm0: Operation Canceled
[   29.984498] tpm tpm0: Operation Canceled
[   30.005712] tpm tpm0: Operation Canceled
[   30.026697] tpm tpm0: Operation Canceled
[   30.047646] tpm tpm0: Operation Canceled
[   30.068602] tpm tpm0: Operation Canceled
[   30.089674] tpm tpm0: Operation Canceled
[   30.110649] tpm tpm0: Operation Canceled
[   30.131639] tpm tpm0: Operation Canceled
[   30.152600] tpm tpm0: Operation Canceled
[   30.184048] tpm tpm0: Operation Canceled
[   30.205036] tpm tpm0: Operation Canceled
[   30.226074] tpm tpm0: Operation Canceled
[   30.247059] tpm tpm0: Operation Canceled
[   30.268037] tpm tpm0: Operation Canceled
[   30.289011] tpm tpm0: Operation Canceled
[   30.310141] tpm tpm0: Operation Canceled
[   30.331164] tpm tpm0: Operation Canceled
[   30.352065] tpm tpm0: Operation Canceled
[   30.373022] tpm tpm0: Operation Canceled
[   30.394032] tpm tpm0: Operation Canceled
[   30.415048] tpm tpm0: Operation Canceled
[   30.436011] tpm tpm0: Operation Canceled
[   30.457270] tpm tpm0: Operation Canceled
[   30.478221] tpm tpm0: Operation Canceled
[   30.499226] tpm tpm0: Operation Canceled
[   30.520180] tpm tpm0: Operation Canceled
[   30.541135] tpm tpm0: Operation Canceled
[   30.562171] tpm tpm0: Operation Canceled
[   30.583135] tpm tpm0: Operation Canceled
[   30.604123] tpm tpm0: Operation Canceled
[   30.625247] tpm tpm0: Operation Canceled
[   30.646260] tpm tpm0: Operation Canceled
[   30.667262] tpm tpm0: Operation Canceled
[   30.688492] tpm tpm0: Operation Canceled
[   30.720008] tpm tpm0: Operation Canceled
[   30.741006] tpm tpm0: Operation Canceled
[   30.761957] tpm tpm0: Operation Canceled
[   30.793370] tpm tpm0: Operation Canceled
[   30.814585] tpm tpm0: Operation Canceled
[   30.835552] tpm tpm0: Operation Canceled
[   30.856524] tpm tpm0: Operation Canceled
[   30.877380] tpm tpm0: Operation Canceled
[   30.898506] tpm tpm0: Operation Canceled
[   30.919523] tpm tpm0: Operation Canceled
[   30.940512] tpm tpm0: Operation Canceled
[   30.961750] tpm tpm0: Operation Canceled
[   30.982831] tpm tpm0: Operation Canceled
[   31.003802] tpm tpm0: Operation Canceled
[   31.024714] tpm tpm0: Operation Canceled
[   31.045729] tpm tpm0: Operation Canceled
[   31.066745] tpm tpm0: Operation Canceled
[   31.087653] tpm tpm0: Operation Canceled
[   31.108656] tpm tpm0: Operation Canceled
[   31.129375] tpm tpm0: Operation Canceled
[   31.150640] tpm tpm0: Operation Canceled
[   31.171593] tpm tpm0: Operation Canceled
[   31.192600] tpm tpm0: Operation Canceled
[   31.213372] tpm tpm0: Operation Canceled
[   31.234870] tpm tpm0: Operation Canceled
[   31.255576] tpm tpm0: Operation Canceled
[   31.276857] tpm tpm0: Operation Canceled
[   31.297383] tpm tpm0: Operation Canceled
[   31.318753] tpm tpm0: Operation Canceled
[   31.339520] tpm tpm0: Operation Canceled
[   31.360488] tpm tpm0: Operation Canceled
[   31.381378] tpm tpm0: Operation Canceled
[   31.402465] tpm tpm0: Operation Canceled
[   31.423478] tpm tpm0: Operation Canceled
[   31.444635] tpm tpm0: Operation Canceled
[   31.465370] tpm tpm0: Operation Canceled
[   31.486442] tpm tpm0: Operation Canceled
[   31.507417] tpm tpm0: Operation Canceled
[   31.528400] tpm tpm0: Operation Canceled
[   31.549374] tpm tpm0: Operation Canceled
[   31.570422] tpm tpm0: Operation Canceled
[   31.591362] tpm tpm0: Operation Canceled
[   31.612461] tpm tpm0: Operation Canceled
[   31.633370] tpm tpm0: Operation Canceled
[   31.654633] tpm tpm0: Operation Canceled
[   31.675513] tpm tpm0: Operation Canceled
[   31.696379] tpm tpm0: Operation Canceled
[   31.706935] tpm tpm0: Operation Canceled
[   31.727984] tpm tpm0: Operation Canceled
[   31.749009] tpm tpm0: Operation Canceled
[   31.769951] tpm tpm0: Operation Canceled
[   31.791135] tpm tpm0: Operation Canceled
[   31.812106] tpm tpm0: Operation Canceled
[   31.833083] tpm tpm0: Operation Canceled
[   31.854046] tpm tpm0: Operation Canceled
[   31.875012] tpm tpm0: Operation Canceled
[   31.896087] tpm tpm0: Operation Canceled
[   31.917073] tpm tpm0: Operation Canceled
[   31.938069] tpm tpm0: Operation Canceled
[   31.959201] tpm tpm0: Operation Canceled
[   31.980243] tpm tpm0: Operation Canceled
[   32.001219] tpm tpm0: Operation Canceled
[   32.022225] tpm tpm0: Operation Canceled
[   32.043163] tpm tpm0: Operation Canceled
[   32.064098] tpm tpm0: Operation Canceled
[   32.085159] tpm tpm0: Operation Canceled
[   32.106157] tpm tpm0: Operation Canceled
[   32.127128] tpm tpm0: Operation Canceled
[   32.148105] tpm tpm0: Operation Canceled
[   32.169068] tpm tpm0: Operation Canceled
[   32.190059] tpm tpm0: Operation Canceled
[   32.211121] tpm tpm0: Operation Canceled
[   32.232058] tpm tpm0: Operation Canceled
[   32.253022] tpm tpm0: Operation Canceled
[   32.273991] tpm tpm0: Operation Canceled
[   32.295021] tpm tpm0: Operation Canceled
[   32.305382] tpm tpm0: Operation Canceled
[   32.326628] tpm tpm0: Operation Canceled
[   32.347583] tpm tpm0: Operation Canceled
[   32.368549] tpm tpm0: Operation Canceled
[   32.389380] tpm tpm0: Operation Canceled
[   32.410791] tpm tpm0: Operation Canceled
[   32.431497] tpm tpm0: Operation Canceled
[   32.452621] tpm tpm0: Operation Canceled
[   32.473376] tpm tpm0: Operation Canceled
[   32.494851] tpm tpm0: Operation Canceled
[   32.515796] tpm tpm0: Operation Canceled
[   32.536758] tpm tpm0: Operation Canceled
[   32.557771] tpm tpm0: Operation Canceled
[   32.578985] tpm tpm0: Operation Canceled
[   32.599701] tpm tpm0: Operation Canceled
[   32.620744] tpm tpm0: Operation Canceled
[   32.641850] tpm tpm0: Operation Canceled
[   32.662962] tpm tpm0: Operation Canceled
[   32.683839] tpm tpm0: Operation Canceled
[   32.704815] tpm tpm0: Operation Canceled
[   32.725819] tpm tpm0: Operation Canceled
[   32.746864] tpm tpm0: Operation Canceled
[   32.767805] tpm tpm0: Operation Canceled
[   32.789039] tpm tpm0: Operation Canceled
[   32.809890] tpm tpm0: Operation Canceled
[   32.830994] tpm tpm0: Operation Canceled
[   32.852010] tpm tpm0: Operation Canceled
[   32.872959] tpm tpm0: Operation Canceled
[   32.893971] tpm tpm0: Operation Canceled
[   32.915284] tpm tpm0: Operation Canceled
[   32.936006] tpm tpm0: Operation Canceled
[   32.946749] tpm tpm0: Operation Canceled
[   32.967463] tpm tpm0: Operation Canceled
[   32.988456] tpm tpm0: Operation Canceled
[   33.009374] tpm tpm0: Operation Canceled
[   33.030291] tpm tpm0: Operation Canceled
[   33.051398] tpm tpm0: Operation Canceled
[   33.072386] tpm tpm0: Operation Canceled
[   33.093659] tpm tpm0: Operation Canceled
[   33.114691] tpm tpm0: Operation Canceled
[   33.135392] tpm tpm0: Operation Canceled
[   33.156370] tpm tpm0: Operation Canceled
[   33.187858] tpm tpm0: Operation Canceled
[   33.208814] tpm tpm0: Operation Canceled
[   33.229827] tpm tpm0: Operation Canceled
[   33.250843] tpm tpm0: Operation Canceled
[   33.271815] tpm tpm0: Operation Canceled
[   33.292893] tpm tpm0: Operation Canceled
[   33.313888] tpm tpm0: Operation Canceled
[   33.334936] tpm tpm0: Operation Canceled
[   33.355853] tpm tpm0: Operation Canceled
[   33.376815] tpm tpm0: Operation Canceled
[   33.397795] tpm tpm0: Operation Canceled
[   33.418932] tpm tpm0: Operation Canceled
[   33.440091] tpm tpm0: Operation Canceled
[   33.461321] tpm tpm0: Operation Canceled
[   33.482457] tpm tpm0: Operation Canceled
[   33.503483] tpm tpm0: Operation Canceled
[   33.524410] tpm tpm0: Operation Canceled
[   33.545366] tpm tpm0: Operation Canceled
[   33.566334] tpm tpm0: Operation Canceled
[   33.587417] tpm tpm0: Operation Canceled
[   33.608253] tpm tpm0: Operation Canceled
[   33.629299] tpm tpm0: Operation Canceled
[   33.650249] tpm tpm0: Operation Canceled
[   33.671233] tpm tpm0: Operation Canceled
[   33.692292] tpm tpm0: Operation Canceled
[   33.713173] tpm tpm0: Operation Canceled
[   33.734112] tpm tpm0: Operation Canceled
[   33.755329] tpm tpm0: Operation Canceled
[   33.776568] tpm tpm0: Operation Canceled
[   33.797244] tpm tpm0: Operation Canceled
[   33.818204] tpm tpm0: Operation Canceled
[   33.839222] tpm tpm0: Operation Canceled
[   33.860179] tpm tpm0: Operation Canceled
[   33.881179] tpm tpm0: Operation Canceled
[   33.902154] tpm tpm0: Operation Canceled
[   33.923195] tpm tpm0: Operation Canceled
[   33.944288] tpm tpm0: Operation Canceled
[   33.965139] tpm tpm0: Operation Canceled
[   33.986082] tpm tpm0: Operation Canceled
[   34.007193] tpm tpm0: Operation Canceled
[   34.028185] tpm tpm0: Operation Canceled
[   34.049181] tpm tpm0: Operation Canceled
[   34.070120] tpm tpm0: Operation Canceled
[   34.091122] tpm tpm0: Operation Canceled
[   34.112326] tpm tpm0: Operation Canceled
[   34.133298] tpm tpm0: Operation Canceled
[   34.154314] tpm tpm0: Operation Canceled
[   34.185797] tpm tpm0: Operation Canceled
[   34.206812] tpm tpm0: Operation Canceled
[   34.227713] tpm tpm0: Operation Canceled
[   34.248692] tpm tpm0: Operation Canceled
[   34.269816] tpm tpm0: Operation Canceled
[   34.290888] tpm tpm0: Operation Canceled
[   34.311796] tpm tpm0: Operation Canceled
[   34.332834] tpm tpm0: Operation Canceled
[   34.353756] tpm tpm0: Operation Canceled
[   34.374940] tpm tpm0: Operation Canceled
[   34.395748] tpm tpm0: Operation Canceled
[   34.416726] tpm tpm0: Operation Canceled
[   34.437818] tpm tpm0: Operation Canceled
[   34.458916] tpm tpm0: Operation Canceled
[   34.479702] tpm tpm0: Operation Canceled
[   34.500669] tpm tpm0: Operation Canceled
[   34.521711] tpm tpm0: Operation Canceled
[   34.542679] tpm tpm0: Operation Canceled
[   34.563648] tpm tpm0: Operation Canceled
[   34.584629] tpm tpm0: Operation Canceled
[   34.605921] tpm tpm0: Operation Canceled
[   34.626961] tpm tpm0: Operation Canceled
[   34.647836] tpm tpm0: Operation Canceled
[   34.668796] tpm tpm0: Operation Canceled
[   34.689803] tpm tpm0: Operation Canceled
[   34.710845] tpm tpm0: Operation Canceled
[   34.731765] tpm tpm0: Operation Canceled
[   34.752744] tpm tpm0: Operation Canceled
[   34.773868] tpm tpm0: Operation Canceled
[   34.794936] tpm tpm0: Operation Canceled
[   34.826252] tpm tpm0: Operation Canceled
[   34.847265] tpm tpm0: Operation Canceled
[   34.868293] tpm tpm0: Operation Canceled
[   34.889279] tpm tpm0: Operation Canceled
[   34.910498] tpm tpm0: Operation Canceled
[   34.931497] tpm tpm0: Operation Canceled
[   34.952410] tpm tpm0: Operation Canceled
[   34.973372] tpm tpm0: Operation Canceled
[   34.994342] tpm tpm0: Operation Canceled
[   35.015338] tpm tpm0: Operation Canceled
[   35.026409] tpm tpm0: Operation Canceled
[   35.046859] tpm tpm0: Operation Canceled
[   35.068112] tpm tpm0: Operation Canceled
[   35.089076] tpm tpm0: Operation Canceled
[   35.109997] tpm tpm0: Operation Canceled
[   35.141378] tpm tpm0: Operation Canceled
[   35.173041] tpm tpm0: Operation Canceled
[   35.194016] tpm tpm0: Operation Canceled
[   35.225713] tpm tpm0: Operation Canceled
[   35.246584] tpm tpm0: Operation Canceled
[   35.267563] tpm tpm0: Operation Canceled
[   35.288454] tpm tpm0: Operation Canceled
[   35.298917] tpm tpm0: Operation Canceled
[   35.319962] tpm tpm0: Operation Canceled
[   35.341223] tpm tpm0: Operation Canceled
[   35.362207] tpm tpm0: Operation Canceled
[   35.383246] tpm tpm0: Operation Canceled
[   35.404215] tpm tpm0: Operation Canceled
[   35.425216] tpm tpm0: Operation Canceled
[   35.446210] tpm tpm0: Operation Canceled
[   35.467288] tpm tpm0: Operation Canceled
[   35.488203] tpm tpm0: Operation Canceled
[   35.509162] tpm tpm0: Operation Canceled
[   35.530156] tpm tpm0: Operation Canceled
[   35.551144] tpm tpm0: Operation Canceled
[   35.572171] tpm tpm0: Operation Canceled
[   35.593141] tpm tpm0: Operation Canceled
[   35.614084] tpm tpm0: Operation Canceled
[   35.635099] tpm tpm0: Operation Canceled
[   35.656338] tpm tpm0: Operation Canceled
[   35.677291] tpm tpm0: Operation Canceled
[   35.698309] tpm tpm0: Operation Canceled
[   35.719278] tpm tpm0: Operation Canceled
[   35.740300] tpm tpm0: Operation Canceled
[   35.761394] tpm tpm0: Operation Canceled
[   35.782214] tpm tpm0: Operation Canceled
[   35.803270] tpm tpm0: Operation Canceled
[   35.824235] tpm tpm0: Operation Canceled
[   35.845228] tpm tpm0: Operation Canceled
[   35.866167] tpm tpm0: Operation Canceled
[   35.887195] tpm tpm0: Operation Canceled
[   35.897823] tpm tpm0: Operation Canceled
[   35.918848] tpm tpm0: Operation Canceled
[   35.939857] tpm tpm0: Operation Canceled
[   35.960747] tpm tpm0: Operation Canceled
[   35.981763] tpm tpm0: Operation Canceled
[   36.002802] tpm tpm0: Operation Canceled
[   36.023756] tpm tpm0: Operation Canceled
[   36.044741] tpm tpm0: Operation Canceled
[   36.065761] tpm tpm0: Operation Canceled
[   36.086917] tpm tpm0: Operation Canceled
[   36.107872] tpm tpm0: Operation Canceled
[   36.118401] tpm tpm0: Operation Canceled
[   36.139418] tpm tpm0: Operation Canceled
[   36.160353] tpm tpm0: Operation Canceled
[   36.181381] tpm tpm0: Operation Canceled
[   36.202499] tpm tpm0: Operation Canceled
[   36.223482] tpm tpm0: Operation Canceled
[   36.234529] tpm tpm0: Operation Canceled
[   36.255146] tpm tpm0: Operation Canceled
[   36.276301] tpm tpm0: Operation Canceled
[   36.297294] tpm tpm0: Operation Canceled
[   36.318260] tpm tpm0: Operation Canceled
[   36.339228] tpm tpm0: Operation Canceled
[   36.360196] tpm tpm0: Operation Canceled
[   36.381173] tpm tpm0: Operation Canceled
[   36.402188] tpm tpm0: Operation Canceled
[   36.423315] tpm tpm0: Operation Canceled
[   36.444311] tpm tpm0: Operation Canceled
[   36.465244] tpm tpm0: Operation Canceled
[   36.486284] tpm tpm0: Operation Canceled
[   36.507276] tpm tpm0: Operation Canceled
[   36.528294] tpm tpm0: Operation Canceled
[   36.549286] tpm tpm0: Operation Canceled
[   36.570283] tpm tpm0: Operation Canceled
[   36.591464] tpm tpm0: Operation Canceled
[   36.612414] tpm tpm0: Operation Canceled
[   36.633375] tpm tpm0: Operation Canceled
[   36.654303] tpm tpm0: Operation Canceled
[   36.675321] tpm tpm0: Operation Canceled
[   36.696256] tpm tpm0: Operation Canceled
[   36.717251] tpm tpm0: Operation Canceled
[   36.738216] tpm tpm0: Operation Canceled
[   36.759276] tpm tpm0: Operation Canceled
[   36.780287] tpm tpm0: Operation Canceled
[   36.801237] tpm tpm0: Operation Canceled
[   36.822234] tpm tpm0: Operation Canceled
[   36.843278] tpm tpm0: Operation Canceled
[   36.864209] tpm tpm0: Operation Canceled
[   36.885197] tpm tpm0: Operation Canceled
[   36.906155] tpm tpm0: Operation Canceled
[   36.927219] tpm tpm0: Operation Canceled
[   36.948324] tpm tpm0: Operation Canceled
[   36.969238] tpm tpm0: Operation Canceled
[   36.990229] tpm tpm0: Operation Canceled
[   37.011205] tpm tpm0: Operation Canceled
[   37.032215] tpm tpm0: Operation Canceled
[   37.053174] tpm tpm0: Operation Canceled
[   37.074169] tpm tpm0: Operation Canceled
[   37.095187] tpm tpm0: Operation Canceled
[   37.116253] tpm tpm0: Operation Canceled
[   37.137117] tpm tpm0: Operation Canceled
[   37.158114] tpm tpm0: Operation Canceled
[   37.189395] tpm tpm0: Operation Canceled
[   37.210594] tpm tpm0: Operation Canceled
[   37.231899] tpm tpm0: Operation Canceled
[   37.242440] tpm tpm0: Operation Canceled
[   37.263399] tpm tpm0: Operation Canceled
[   37.284379] tpm tpm0: Operation Canceled
[   37.305364] tpm tpm0: Operation Canceled
[   37.326295] tpm tpm0: Operation Canceled
[   37.347279] tpm tpm0: Operation Canceled
[   37.368267] tpm tpm0: Operation Canceled
[   37.389247] tpm tpm0: Operation Canceled
[   37.410204] tpm tpm0: Operation Canceled
[   37.431325] tpm tpm0: Operation Canceled
[   37.452333] tpm tpm0: Operation Canceled
[   37.473364] tpm tpm0: Operation Canceled
[   37.494345] tpm tpm0: Operation Canceled
[   37.515319] tpm tpm0: Operation Canceled
[   37.536285] tpm tpm0: Operation Canceled
[   37.557253] tpm tpm0: Operation Canceled
[   37.578255] tpm tpm0: Operation Canceled
[   37.599243] tpm tpm0: Operation Canceled
[   37.620318] tpm tpm0: Operation Canceled
[   37.641224] tpm tpm0: Operation Canceled
[   37.662245] tpm tpm0: Operation Canceled
[   37.683225] tpm tpm0: Operation Canceled
[   37.704223] tpm tpm0: Operation Canceled
[   37.725203] tpm tpm0: Operation Canceled
[   37.746172] tpm tpm0: Operation Canceled
[   37.767185] tpm tpm0: Operation Canceled
[   37.788174] tpm tpm0: Operation Canceled
[   37.809064] tpm tpm0: Operation Canceled
[   37.830074] tpm tpm0: Operation Canceled
[   37.851176] tpm tpm0: Operation Canceled
[   37.872332] tpm tpm0: Operation Canceled
[   37.893327] tpm tpm0: Operation Canceled
[   37.914327] tpm tpm0: Operation Canceled
[   37.935343] tpm tpm0: Operation Canceled
[   37.956221] tpm tpm0: Operation Canceled
[   37.977271] tpm tpm0: Operation Canceled
[   37.998270] tpm tpm0: Operation Canceled
[   38.019249] tpm tpm0: Operation Canceled
[   38.040282] tpm tpm0: Operation Canceled
[   38.061230] tpm tpm0: Operation Canceled
[   38.082230] tpm tpm0: Operation Canceled
[   38.103210] tpm tpm0: Operation Canceled
[   38.124238] tpm tpm0: Operation Canceled
[   38.145136] tpm tpm0: Operation Canceled
[   38.166199] tpm tpm0: Operation Canceled
[   38.187440] tpm tpm0: Operation Canceled
[   38.208351] tpm tpm0: Operation Canceled
[   38.229373] tpm tpm0: Operation Canceled
[   38.250378] tpm tpm0: Operation Canceled
[   38.271302] tpm tpm0: Operation Canceled
[   38.292304] tpm tpm0: Operation Canceled
[   38.313320] tpm tpm0: Operation Canceled
[   38.334288] tpm tpm0: Operation Canceled
[   38.355344] tpm tpm0: Operation Canceled
[   38.376293] tpm tpm0: Operation Canceled
[   38.397390] tpm tpm0: Operation Canceled
[   38.418288] tpm tpm0: Operation Canceled
[   38.439289] tpm tpm0: Operation Canceled
[   38.460274] tpm tpm0: Operation Canceled
[   38.481231] tpm tpm0: Operation Canceled
[   38.502382] tpm tpm0: Operation Canceled
[   38.523310] tpm tpm0: Operation Canceled
[   38.544532] tpm tpm0: Operation Canceled
[   38.565376] tpm tpm0: Operation Canceled
[   38.586714] tpm tpm0: Operation Canceled
[   38.607474] tpm tpm0: Operation Canceled
[   38.628452] tpm tpm0: Operation Canceled
[   38.649369] tpm tpm0: Operation Canceled
[   38.670439] tpm tpm0: Operation Canceled
[   38.691399] tpm tpm0: Operation Canceled
[   38.712371] tpm tpm0: Operation Canceled
[   38.733372] tpm tpm0: Operation Canceled
[   38.754253] tpm tpm0: Operation Canceled
[   38.775340] tpm tpm0: Operation Canceled
[   38.796262] tpm tpm0: Operation Canceled
[   38.817325] tpm tpm0: Operation Canceled
[   38.838341] tpm tpm0: Operation Canceled
[   38.859304] tpm tpm0: Operation Canceled
[   38.880501] tpm tpm0: Operation Canceled
[   38.911915] tpm tpm0: Operation Canceled
[   38.932956] tpm tpm0: Operation Canceled
[   38.953974] tpm tpm0: Operation Canceled
[   38.975104] tpm tpm0: Operation Canceled
[   38.995915] tpm tpm0: Operation Canceled
[   39.016901] tpm tpm0: Operation Canceled
[   39.037860] tpm tpm0: Operation Canceled
[   39.058897] tpm tpm0: Operation Canceled
[   39.079859] tpm tpm0: Operation Canceled
[   39.090444] tpm tpm0: Operation Canceled
[   39.111449] tpm tpm0: Operation Canceled
[   39.132441] tpm tpm0: Operation Canceled
[   39.153370] tpm tpm0: Operation Canceled
[   39.174405] tpm tpm0: Operation Canceled
[   39.195365] tpm tpm0: Operation Canceled
[   39.216541] tpm tpm0: Operation Canceled
[   39.248039] tpm tpm0: Operation Canceled
[   39.268994] tpm tpm0: Operation Canceled
[   39.289973] tpm tpm0: Operation Canceled
[   39.311112] tpm tpm0: Operation Canceled
[   39.331970] tpm tpm0: Operation Canceled
[   39.352977] tpm tpm0: Operation Canceled
[   39.373956] tpm tpm0: Operation Canceled
[   39.395043] tpm tpm0: Operation Canceled
[   39.415922] tpm tpm0: Operation Canceled
[   39.436853] tpm tpm0: Operation Canceled
[   39.457868] tpm tpm0: Operation Canceled
[   39.479004] tpm tpm0: Operation Canceled
[   39.499823] tpm tpm0: Operation Canceled
[   39.520750] tpm tpm0: Operation Canceled
[   39.541789] tpm tpm0: Operation Canceled
[   39.562798] tpm tpm0: Operation Canceled
[   39.583765] tpm tpm0: Operation Canceled
[   39.604717] tpm tpm0: Operation Canceled
[   39.625717] tpm tpm0: Operation Canceled
[   39.646718] tpm tpm0: Operation Canceled
[   39.667647] tpm tpm0: Operation Canceled
[   39.688690] tpm tpm0: Operation Canceled
[   39.709818] tpm tpm0: Operation Canceled
[   39.731003] tpm tpm0: Operation Canceled
[   39.751969] tpm tpm0: Operation Canceled
[   39.762504] tpm tpm0: Operation Canceled
