c[?7l[2J[0mSeaBIOS (version rel-1.16.0-0-gd239552ce722-prebuilt.qemu.org)


iPXE (http://ipxe.org) 00:03.0 CA00 PCI2.10 PnP PMM+7FF91000+7FEF1000 CA00
Press Ctrl-B to configure iPXE (PCI 00:03.0)...                                                                               


Booting from ROM..c[?7l[2J[    0.000000] Linux version 6.18.0-f2e74ecfba1b+ (root@gnr-bkc) (gcc (GCC) 11.5.0 20240719 (Red Hat 11.5.0-14), GNU ld version 2.35.2-54.el9) #1 SMP PREEMPT_DYNAMIC Tue Dec  2 20:20:35 CST 2025
[    0.000000] Command line: console=ttyS0 root=/dev/sda earlyprintk=serial net.ifnames=0 thunderbolt.dyndbg
[    0.000000] KERNEL supported cpus:
[    0.000000]   Intel GenuineIntel
[    0.000000]   AMD AuthenticAMD
[    0.000000]   Hygon HygonGenuine
[    0.000000]   Centaur CentaurHauls
[    0.000000]   zhaoxin   Shanghai  
[    0.000000] x86/split lock detection: #DB: warning on user-space bus_locks
[    0.000000] BIOS-provided physical RAM map:
[    0.000000] BIOS-e820: [mem 0x0000000000000000-0x000000000009fbff] usable
[    0.000000] BIOS-e820: [mem 0x000000000009fc00-0x000000000009ffff] reserved
[    0.000000] BIOS-e820: [mem 0x00000000000f0000-0x00000000000fffff] reserved
[    0.000000] BIOS-e820: [mem 0x0000000000100000-0x000000007ffdffff] usable
[    0.000000] BIOS-e820: [mem 0x000000007ffe0000-0x000000007fffffff] reserved
[    0.000000] BIOS-e820: [mem 0x00000000feffc000-0x00000000feffffff] reserved
[    0.000000] BIOS-e820: [mem 0x00000000fffc0000-0x00000000ffffffff] reserved
[    0.000000] printk: legacy bootconsole [earlyser0] enabled
[    0.000000] NX (Execute Disable) protection: active
[    0.000000] APIC: Static calls initialized
[    0.000000] SMBIOS 2.8 present.
[    0.000000] DMI: QEMU Standard PC (i440FX + PIIX, 1996), BIOS rel-1.16.0-0-gd239552ce722-prebuilt.qemu.org 04/01/2014
[    0.000000] DMI: Memory slots populated: 1/1
[    0.000000] Hypervisor detected: KVM
[    0.000000] last_pfn = 0x7ffe0 max_arch_pfn = 0x10000000000
[    0.000000] kvm-clock: Using msrs 4b564d01 and 4b564d00
[    0.000003] kvm-clock: using sched offset of 661249376 cycles
[    0.000515] clocksource: kvm-clock: mask: 0xffffffffffffffff max_cycles: 0x1cd42e4dffb, max_idle_ns: 881590591483 ns
[    0.002106] tsc: Detected 1700.000 MHz processor
[    0.010496] last_pfn = 0x7ffe0 max_arch_pfn = 0x10000000000
[    0.011079] MTRR map: 4 entries (3 fixed + 1 variable; max 19), built from 8 variable MTRRs
[    0.011896] x86/PAT: Configuration [0-7]: WB  WC  UC- UC  WB  WP  UC- WT  
[    0.017886] found SMP MP-table at [mem 0x000f5ba0-0x000f5baf]
[    0.018480] Using GB pages for direct mapping
[    0.021160] ACPI: Early table checksum verification disabled
[    0.021723] ACPI: RSDP 0x00000000000F59C0 000014 (v00 BOCHS )
[    0.022294] ACPI: RSDT 0x000000007FFE1951 000034 (v01 BOCHS  BXPC     00000001 BXPC 00000001)
[    0.023141] ACPI: FACP 0x000000007FFE17FD 000074 (v01 BOCHS  BXPC     00000001 BXPC 00000001)
[    0.023986] ACPI: DSDT 0x000000007FFE0040 0017BD (v01 BOCHS  BXPC     00000001 BXPC 00000001)
[    0.024827] ACPI: FACS 0x000000007FFE0000 000040
[    0.025289] ACPI: APIC 0x000000007FFE1871 000080 (v01 BOCHS  BXPC     00000001 BXPC 00000001)
[    0.026130] ACPI: HPET 0x000000007FFE18F1 000038 (v01 BOCHS  BXPC     00000001 BXPC 00000001)
[    0.026974] ACPI: WAET 0x000000007FFE1929 000028 (v01 BOCHS  BXPC     00000001 BXPC 00000001)
[    0.027817] ACPI: Reserving FACP table memory at [mem 0x7ffe17fd-0x7ffe1870]
[    0.028501] ACPI: Reserving DSDT table memory at [mem 0x7ffe0040-0x7ffe17fc]
[    0.029185] ACPI: Reserving FACS table memory at [mem 0x7ffe0000-0x7ffe003f]
[    0.029868] ACPI: Reserving APIC table memory at [mem 0x7ffe1871-0x7ffe18f0]
[    0.030551] ACPI: Reserving HPET table memory at [mem 0x7ffe18f1-0x7ffe1928]
[    0.031235] ACPI: Reserving WAET table memory at [mem 0x7ffe1929-0x7ffe1950]
[    0.032766] No NUMA configuration found
[    0.033141] Faking a node at [mem 0x0000000000000000-0x000000007ffdffff]
[    0.033844] NODE_DATA(0) allocated [mem 0x7ffb4ec0-0x7ffdfcbf]
[    0.035514] Zone ranges:
[    0.035784]   DMA      [mem 0x0000000000001000-0x0000000000ffffff]
[    0.036392]   DMA32    [mem 0x0000000001000000-0x000000007ffdffff]
[    0.037000]   Normal   empty
[    0.037285]   Device   empty
[    0.037571] Movable zone start for each node
[    0.038001] Early memory node ranges
[    0.038353]   node   0: [mem 0x0000000000001000-0x000000000009efff]
[    0.038968]   node   0: [mem 0x0000000000100000-0x000000007ffdffff]
[    0.039579] Initmem setup node 0 [mem 0x0000000000001000-0x000000007ffdffff]
[    0.040591] On node 0, zone DMA: 1 pages in unavailable ranges
[    0.041351] On node 0, zone DMA: 97 pages in unavailable ranges
[    0.069713] On node 0, zone DMA32: 32 pages in unavailable ranges
[    0.127920] KernelAddressSanitizer initialized (generic)
[    0.128748] ACPI: PM-Timer IO Port: 0x608
[    0.129166] ACPI: LAPIC_NMI (acpi_id[0xff] dfl dfl lint[0x1])
[    0.129787] IOAPIC[0]: apic_id 0, version 17, address 0xfec00000, GSI 0-23
[    0.130468] ACPI: INT_SRC_OVR (bus 0 bus_irq 0 global_irq 2 dfl dfl)
[    0.131087] ACPI: INT_SRC_OVR (bus 0 bus_irq 5 global_irq 5 high level)
[    0.131734] ACPI: INT_SRC_OVR (bus 0 bus_irq 9 global_irq 9 high level)
[    0.132375] ACPI: INT_SRC_OVR (bus 0 bus_irq 10 global_irq 10 high level)
[    0.133036] ACPI: INT_SRC_OVR (bus 0 bus_irq 11 global_irq 11 high level)
[    0.133701] ACPI: Using ACPI (MADT) for SMP configuration information
[    0.134321] ACPI: HPET id: 0x8086a201 base: 0xfed00000
[    0.134828] TSC deadline timer available
[    0.135219] CPU topo: Max. logical packages:   1
[    0.135670] CPU topo: Max. logical dies:       1
[    0.136115] CPU topo: Max. dies per package:   1
[    0.136569] CPU topo: Max. threads per core:   1
[    0.137016] CPU topo: Num. cores per package:     2
[    0.137486] CPU topo: Num. threads per package:   2
[    0.137960] CPU topo: Allowing 2 present CPUs plus 0 hotplug CPUs
[    0.138591] kvm-guest: APIC: eoi() replaced with kvm_guest_apic_eoi_write()
[    0.139296] kvm-guest: KVM setup pv remote TLB flush
[    0.139783] kvm-guest: setup PV sched yield
[    0.140230] PM: hibernation: Registered nosave memory: [mem 0x00000000-0x00000fff]
[    0.140967] PM: hibernation: Registered nosave memory: [mem 0x0009f000-0x000fffff]
[    0.141703] [mem 0x80000000-0xfeffbfff] available for PCI devices
[    0.142291] Booting paravirtualized kernel on KVM
[    0.142749] clocksource: refined-jiffies: mask: 0xffffffff max_cycles: 0xffffffff, max_idle_ns: 7645519600211568 ns
[    0.143770] setup_percpu: NR_CPUS:8192 nr_cpumask_bits:2 nr_cpu_ids:2 nr_node_ids:1
[    0.145025] percpu: Embedded 80 pages/cpu s290816 r8192 d28672 u1048576
[    0.145859] kvm-guest: PV spinlocks enabled
[    0.146277] PV qspinlock hash table entries: 256 (order: 0, 4096 bytes, linear)
[    0.147001] Kernel command line: net.ifnames=0 console=ttyS0 root=/dev/sda earlyprintk=serial net.ifnames=0 thunderbolt.dyndbg
[    0.148391] random: crng init done
[    0.148729] printk: log buffer data + meta data: 262144 + 917504 = 1179648 bytes
[    0.149878] Dentry cache hash table entries: 262144 (order: 9, 2097152 bytes, linear)
[    0.151078] Inode-cache hash table entries: 131072 (order: 8, 1048576 bytes, linear)
[    0.152122] Fallback order for Node 0: 0 
[    0.152133] Built 1 zonelists, mobility grouping on.  Total pages: 524158
[    0.153159] Policy zone: DMA32
[    0.153454] mem auto-init: stack:off, heap alloc:off, heap free:off
[    0.154053] stackdepot: allocating hash table via alloc_large_system_hash
[    0.154710] stackdepot hash table entries: 1048576 (order: 12, 16777216 bytes, linear)
[    0.158755] stackdepot: allocating space for 8192 stack pools via memblock
[    0.196654] SLUB: HWalign=64, Order=0-3, MinObjects=0, CPUs=2, Nodes=1
[    0.197286] kmemleak: Kernel memory leak detector disabled
[    0.232471] ftrace: allocating 74674 entries in 292 pages
[    0.232993] ftrace: allocated 292 pages with 3 groups
[    0.237329] Dynamic Preempt: voluntary
[    0.238181] Running RCU self tests
[    0.238507] Running RCU synchronous self tests
[    0.238936] rcu: Preemptible hierarchical RCU implementation.
[    0.239483] rcu: 	RCU lockdep checking is enabled.
[    0.239944] rcu: 	RCU restricting CPUs from NR_CPUS=8192 to nr_cpu_ids=2.
[    0.240592] 	Trampoline variant of Tasks RCU enabled.
[    0.241076] 	Rude variant of Tasks RCU enabled.
[    0.241507] 	Tracing variant of Tasks RCU enabled.
[    0.241967] rcu: RCU calculated value of scheduler-enlistment delay is 25 jiffies.
[    0.242690] rcu: Adjusting geometry for rcu_fanout_leaf=16, nr_cpu_ids=2
[    0.243412] Running RCU synchronous self tests
[    0.243843] RCU Tasks: Setting shift to 1 and lim to 1 rcu_task_cb_adjust=1 rcu_task_cpu_ids=2.
[    0.244680] RCU Tasks Rude: Setting shift to 1 and lim to 1 rcu_task_cb_adjust=1 rcu_task_cpu_ids=2.
[    0.245552] RCU Tasks Trace: Setting shift to 1 and lim to 1 rcu_task_cb_adjust=1 rcu_task_cpu_ids=2.
[    0.315762] NR_IRQS: 524544, nr_irqs: 440, preallocated irqs: 16
[    0.316907] rcu: srcu_init: Setting srcu_struct sizes based on contention.
[    0.326423] Console: colour VGA+ 80x25
[    0.326868] printk: legacy console [ttyS0] enabled
[    0.326868] printk: legacy console [ttyS0] enabled
[    0.327807] printk: legacy bootconsole [earlyser0] disabled
[    0.327807] printk: legacy bootconsole [earlyser0] disabled
[    0.328909] Lock dependency validator: Copyright (c) 2006 Red Hat, Inc., Ingo Molnar
[    0.329674] ... MAX_LOCKDEP_SUBCLASSES:  8
[    0.330084] ... MAX_LOCK_DEPTH:          48
[    0.330507] ... MAX_LOCKDEP_KEYS:        8192
[    0.330947] ... CLASSHASH_SIZE:          4096
[    0.331385] ... MAX_LOCKDEP_ENTRIES:     32768
[    0.331833] ... MAX_LOCKDEP_CHAINS:      65536
[    0.332279] ... CHAINHASH_SIZE:          32768
[    0.332767]  memory used by lock dependency info: 6429 kB
[    0.333305]  memory used for stack traces: 4224 kB
[    0.333788]  per task-struct memory footprint: 1920 bytes
[    0.334532] ACPI: Core revision 20250807
[    0.335374] clocksource: hpet: mask: 0xffffffff max_cycles: 0xffffffff, max_idle_ns: 19112604467 ns
[    0.336441] APIC: Switch to symmetric I/O mode setup
[    0.337128] x2apic enabled
[    0.337799] APIC: Switched APIC routing to: physical x2apic
[    0.338359] kvm-guest: APIC: send_IPI_mask() replaced with kvm_send_ipi_mask()
[    0.339085] kvm-guest: APIC: send_IPI_mask_allbutself() replaced with kvm_send_ipi_mask_allbutself()
[    0.339995] kvm-guest: setup PV IPIs
[    0.341649] ..TIMER: vector=0x30 apic1=0 pin1=2 apic2=-1 pin2=-1
[    0.342278] clocksource: tsc-early: mask: 0xffffffffffffffff max_cycles: 0x1881273ac8e, max_idle_ns: 440795257284 ns
[    0.343332] Calibrating delay loop (skipped) preset value.. 3400.00 BogoMIPS (lpj=6800000)
[    0.344306] x86/cpu: User Mode Instruction Prevention (UMIP) activated
[    0.347431] Last level iTLB entries: 4KB 0, 2MB 0, 4MB 0
[    0.347966] Last level dTLB entries: 4KB 0, 2MB 0, 4MB 0, 1GB 0
[    0.348579] mitigations: Enabled attack vectors: user_kernel, user_user, guest_host, guest_guest, SMT mitigations: auto
[    0.349657] Speculative Store Bypass: Mitigation: Speculative Store Bypass disabled via prctl
[    0.350501] Spectre V2 : Mitigation: Enhanced / Automatic IBRS
[    0.351324] ITS: Mitigation: Aligned branch/return thunks
[    0.351863] Spectre V1 : Mitigation: usercopy/swapgs barriers and __user pointer sanitization
[    0.352699] Spectre V2 : WARNING: Unprivileged eBPF is enabled with eIBRS on, data leaks possible via Spectre v2 BHB attacks!
[    0.354183] Spectre V2 : Spectre v2 / PBRSB-eIBRS: Retire a single CALL on VMEXIT
[    0.354939] Spectre V2 : mitigation: Enabling conditional Indirect Branch Prediction Barrier
[    0.355331] active return thunk: its_return_thunk
[    0.355825] Spectre V2 : Spectre BHI mitigation: SW BHB clearing on syscall and VM exit
[    0.356691] x86/fpu: Supporting XSAVE feature 0x001: 'x87 floating point registers'
[    0.357452] x86/fpu: Supporting XSAVE feature 0x002: 'SSE registers'
[    0.358091] x86/fpu: Supporting XSAVE feature 0x004: 'AVX registers'
[    0.359323] x86/fpu: Supporting XSAVE feature 0x020: 'AVX-512 opmask'
[    0.359971] x86/fpu: Supporting XSAVE feature 0x040: 'AVX-512 Hi256'
[    0.360609] x86/fpu: Supporting XSAVE feature 0x080: 'AVX-512 ZMM_Hi256'
[    0.361281] x86/fpu: Supporting XSAVE feature 0x200: 'Protection Keys User registers'
[    0.362062] x86/fpu: Supporting XSAVE feature 0x20000: 'AMX Tile config'
[    0.362734] x86/fpu: Supporting XSAVE feature 0x40000: 'AMX Tile data'
[    0.363323] x86/fpu: xstate_offset[2]:  576, xstate_sizes[2]:  256
[    0.363951] x86/fpu: xstate_offset[5]:  832, xstate_sizes[5]:   64
[    0.364582] x86/fpu: xstate_offset[6]:  896, xstate_sizes[6]:  512
[    0.365202] x86/fpu: xstate_offset[7]: 1408, xstate_sizes[7]: 1024
[    0.365821] x86/fpu: xstate_offset[9]: 2432, xstate_sizes[9]:    8
[    0.366445] x86/fpu: xstate_offset[17]: 2496, xstate_sizes[17]:   64
[    0.367323] x86/fpu: xstate_offset[18]: 2560, xstate_sizes[18]: 8192
[    0.367965] x86/fpu: Enabled xstate features 0x602e7, context size is 10752 bytes, using 'compacted' format.
[    0.529364] Freeing SMP alternatives memory: 64K
[    0.529854] pid_max: default: 32768 minimum: 301
[    0.530593] LSM: initializing lsm=capability,yama,ima,evm
[    0.531246] Yama: becoming mindful.
[    0.531781] Mount-cache hash table entries: 4096 (order: 3, 32768 bytes, linear)
[    0.532534] Mountpoint-cache hash table entries: 4096 (order: 3, 32768 bytes, linear)
[    0.534912] Running RCU synchronous self tests
[    0.535327] Running RCU synchronous self tests
[    0.536088] smpboot: CPU0: Intel(R) Xeon(R) Gold 6414TDX (family: 0x6, model: 0x8f, stepping: 0x6)
[    0.537768] Performance Events: PEBS fmt0-, Sapphire Rapids events, full-width counters, Intel PMU driver.
[    0.538859] ... version:                   2
[    0.539294] ... bit width:                 48
[    0.539319] ... generic counters:          8
[    0.539329] ... generic bitmap:            00000000000000ff
[    0.539883] ... fixed-purpose counters:    4
[    0.540309] ... fixed-purpose bitmap:      000000000000000f
[    0.540863] ... value mask:                0000ffffffffffff
[    0.541417] ... max period:                00007fffffffffff
[    0.541968] ... global_ctrl mask:          0000000f000000ff
[    0.543116] signal: max sigframe size: 11952
[    0.543486] rcu: Hierarchical SRCU implementation.
[    0.543967] rcu: 	Max phase no-delay instances is 1000.
[    0.544699] Timer migration: 1 hierarchy levels; 8 children per group; 1 crossnode level
[    0.560968] smp: Bringing up secondary CPUs ...
[    0.562008] smpboot: x86: Booting SMP configuration:
[    0.562523] .... node  #0, CPUs:      #1
[    0.563409] smp: Brought up 1 node, 2 CPUs
[    0.564219] smpboot: Total of 2 processors activated (6800.00 BogoMIPS)
[    0.565008] Memory: 1591844K/2096632K available (80005K kernel code, 15398K rwdata, 18472K rodata, 16260K init, 21268K bss, 493180K reserved, 0K cma-reserved)
[    0.567587] devtmpfs: initialized
[    0.568473] x86/mm: Memory block size: 128MB
[    0.580151] Running RCU synchronous self tests
[    0.580635] Running RCU synchronous self tests
[    0.581101] Running RCU Tasks wait API self tests
[    0.687383] Running RCU Tasks Rude wait API self tests
[    0.691326] Running RCU Tasks Trace wait API self tests
[    0.711333] clocksource: jiffies: mask: 0xffffffff max_cycles: 0xffffffff, max_idle_ns: 7645041785100000 ns
[    0.715368] posixtimers hash table entries: 1024 (order: 5, 73728 bytes, linear)
[    0.716161] futex hash table entries: 512 (65536 bytes on 1 NUMA nodes, total 64 KiB, linear).
[    0.718386] pinctrl core: initialized pinctrl subsystem
[    0.720607] 
[    0.720784] *************************************************************
[    0.721455] **     NOTICE NOTICE NOTICE NOTICE NOTICE NOTICE NOTICE    **
[    0.722123] **                                                         **
[    0.722798] **  IOMMU DebugFS SUPPORT HAS BEEN ENABLED IN THIS KERNEL  **
[    0.723328] **                                                         **
[    0.723996] ** This means that this kernel is built to expose internal **
[    0.724665] ** IOMMU data structures, which may compromise security on **
[    0.725337] ** your system.                                            **
[    0.726005] **                                                         **
[    0.726674] ** If you see this message and you are not debugging the   **
[    0.727324] ** kernel, report this immediately to your vendor!         **
[    0.727992] **                                                         **
[    0.728661] **     NOTICE NOTICE NOTICE NOTICE NOTICE NOTICE NOTICE    **
[    0.729331] *************************************************************
[    0.730083] PM: RTC time: 12:21:54, date: 2025-12-02
[    0.733011] NET: Registered PF_NETLINK/PF_ROUTE protocol family
[    0.735179] DMA: preallocated 256 KiB GFP_KERNEL pool for atomic allocations
[    0.735348] DMA: preallocated 256 KiB GFP_KERNEL|GFP_DMA pool for atomic allocations
[    0.736126] DMA: preallocated 256 KiB GFP_KERNEL|GFP_DMA32 pool for atomic allocations
[    0.736987] audit: initializing netlink subsys (disabled)
[    0.739361] audit: type=2000 audit(1764678114.563:1): state=initialized audit_enabled=0 res=1
[    0.739329] thermal_sys: Registered thermal governor 'fair_share'
[    0.739329] thermal_sys: Registered thermal governor 'bang_bang'
[    0.739329] thermal_sys: Registered thermal governor 'step_wise'
[    0.739329] thermal_sys: Registered thermal governor 'user_space'
[    0.743334] cpuidle: using governor ladder
[    0.745191] cpuidle: using governor menu
[    0.745191] acpiphp: ACPI Hot Plug PCI Controller Driver version: 0.5
[    0.747336] Callback from call_rcu_tasks_trace() invoked.
[    0.745698] PCI: Using configuration type 1 for base access
[    0.748281] kprobes: kprobe jump-optimization is enabled. All kprobes are optimized if possible.
[    0.947319] HugeTLB: registered 1.00 GiB page size, pre-allocated 0 pages
[    0.947319] HugeTLB: 16380 KiB vmemmap can be freed for a 1.00 GiB page
[    0.947319] HugeTLB: registered 2.00 MiB page size, pre-allocated 0 pages
[    0.947319] HugeTLB: 28 KiB vmemmap can be freed for a 2.00 MiB page
[    0.953649] ACPI: Added _OSI(Module Device)
[    0.954098] ACPI: Added _OSI(Processor Device)
[    0.954547] ACPI: Added _OSI(Processor Aggregator Device)
[    0.972076] ACPI: 1 ACPI AML tables successfully acquired and loaded
[    0.990156] ACPI: Interpreter enabled
[    0.990156] ACPI: PM: (supports S0 S3 S4 S5)
[    0.990369] ACPI: Using IOAPIC for interrupt routing
[    0.990976] PCI: Using host bridge windows from ACPI; if necessary, use "pci=nocrs" and report a bug
[    0.995327] PCI: Using E820 reservations for host bridge windows
[    0.997276] ACPI: Enabled 2 GPEs in block 00 to 0F
[    1.041072] ACPI: PCI Root Bridge [PCI0] (domain 0000 [bus 00-ff])
[    1.041726] acpi PNP0A03:00: _OSC: OS supports [ASPM ClockPM Segments MSI EDR HPX-Type3]
[    1.042524] acpi PNP0A03:00: _OSC: not requesting OS control; OS requires [ExtendedConfig ASPM ClockPM MSI]
[    1.043489] acpi PNP0A03:00: fail to add MMCONFIG information, can't access extended configuration space under this bridge
[    1.049692] acpiphp: Slot [3] registered
[    1.050237] acpiphp: Slot [4] registered
[    1.050777] acpiphp: Slot [5] registered
[    1.051328] acpiphp: Slot [6] registered
[    1.051872] acpiphp: Slot [7] registered
[    1.052415] acpiphp: Slot [8] registered
[    1.052955] acpiphp: Slot [9] registered
[    1.053495] acpiphp: Slot [10] registered
[    1.054043] acpiphp: Slot [11] registered
[    1.054595] acpiphp: Slot [12] registered
[    1.055155] acpiphp: Slot [13] registered
[    1.055477] acpiphp: Slot [14] registered
[    1.056024] acpiphp: Slot [15] registered
[    1.056578] acpiphp: Slot [16] registered
[    1.057124] acpiphp: Slot [17] registered
[    1.057681] acpiphp: Slot [18] registered
[    1.058228] acpiphp: Slot [19] registered
[    1.058781] acpiphp: Slot [20] registered
[    1.059331] acpiphp: Slot [21] registered
[    1.059894] acpiphp: Slot [22] registered
[    1.060443] acpiphp: Slot [23] registered
[    1.060987] acpiphp: Slot [24] registered
[    1.061539] acpiphp: Slot [25] registered
[    1.062088] acpiphp: Slot [26] registered
[    1.062635] acpiphp: Slot [27] registered
[    1.063180] acpiphp: Slot [28] registered
[    1.063486] acpiphp: Slot [29] registered
[    1.064033] acpiphp: Slot [30] registered
[    1.064580] acpiphp: Slot [31] registered
[    1.065050] PCI host bridge to bus 0000:00
[    1.065518] pci_bus 0000:00: root bus resource [io  0x0000-0x0cf7 window]
[    1.066191] pci_bus 0000:00: root bus resource [io  0x0d00-0xffff window]
[    1.066861] pci_bus 0000:00: root bus resource [mem 0x000a0000-0x000bffff window]
[    1.067328] pci_bus 0000:00: root bus resource [mem 0x80000000-0xfebfffff window]
[    1.068066] pci_bus 0000:00: root bus resource [mem 0x100000000-0x17fffffff window]
[    1.068818] pci_bus 0000:00: root bus resource [bus 00-ff]
[    1.069465] pci 0000:00:00.0: [8086:1237] type 00 class 0x060000 conventional PCI endpoint
[    1.080290] pci 0000:00:01.0: [8086:7000] type 00 class 0x060100 conventional PCI endpoint
[    1.082578] pci 0000:00:01.1: [8086:7010] type 00 class 0x010180 conventional PCI endpoint
[    1.083951] pci 0000:00:01.1: BAR 4 [io  0xc040-0xc04f]
[    1.084520] pci 0000:00:01.1: BAR 0 [io  0x01f0-0x01f7]: legacy IDE quirk
[    1.085192] pci 0000:00:01.1: BAR 1 [io  0x03f6]: legacy IDE quirk
[    1.085804] pci 0000:00:01.1: BAR 2 [io  0x0170-0x0177]: legacy IDE quirk
[    1.086471] pci 0000:00:01.1: BAR 3 [io  0x0376]: legacy IDE quirk
[    1.087654] pci 0000:00:01.3: [8086:7113] type 00 class 0x068000 conventional PCI endpoint
[    1.088793] pci 0000:00:01.3: quirk: [io  0x0600-0x063f] claimed by PIIX4 ACPI
[    1.089510] pci 0000:00:01.3: quirk: [io  0x0700-0x070f] claimed by PIIX4 SMB
[    1.090794] pci 0000:00:02.0: [1234:1111] type 00 class 0x030000 conventional PCI endpoint
[    1.092415] pci 0000:00:02.0: BAR 0 [mem 0xfd000000-0xfdffffff pref]
[    1.093071] pci 0000:00:02.0: BAR 2 [mem 0xfebf0000-0xfebf0fff]
[    1.093684] pci 0000:00:02.0: ROM [mem 0xfebe0000-0xfebeffff pref]
[    1.094393] pci 0000:00:02.0: Video device with shadowed ROM at [mem 0x000c0000-0x000dffff]
[    1.104628] pci 0000:00:03.0: [8086:100e] type 00 class 0x020000 conventional PCI endpoint
[    1.106380] pci 0000:00:03.0: BAR 0 [mem 0xfebc0000-0xfebdffff]
[    1.106982] pci 0000:00:03.0: BAR 1 [io  0xc000-0xc03f]
[    1.107359] pci 0000:00:03.0: ROM [mem 0xfeb80000-0xfebbffff pref]
[    1.130843] ACPI: PCI: Interrupt link LNKA configured for IRQ 10
[    1.132391] ACPI: PCI: Interrupt link LNKB configured for IRQ 10
[    1.134000] ACPI: PCI: Interrupt link LNKC configured for IRQ 11
[    1.135603] ACPI: PCI: Interrupt link LNKD configured for IRQ 11
[    1.136634] ACPI: PCI: Interrupt link LNKS configured for IRQ 9
[    1.140288] iommu: Default domain type: Translated
[    1.140784] iommu: DMA domain TLB invalidation policy: lazy mode
[    1.144073] SCSI subsystem initialized
[    1.144936] ACPI: bus type USB registered
[    1.145570] usbcore: registered new interface driver usbfs
[    1.146220] usbcore: registered new interface driver hub
[    1.146807] usbcore: registered new device driver usb
[    1.147675] pps_core: LinuxPPS API ver. 1 registered
[    1.148168] pps_core: Software ver. 5.3.6 - Copyright 2005-2007 Rodolfo Giometti <giometti@linux.it>
[    1.149082] PTP clock support registered
[    1.151319] EDAC MC: Ver: 3.0.0
[    1.153313] NetLabel: Initializing
[    1.153672] NetLabel:  domain hash size = 128
[    1.154110] NetLabel:  protocols = UNLABELED CIPSOv4 CALIPSO
[    1.154796] NetLabel:  unlabeled traffic allowed by default
[    1.155842] PCI: Using ACPI for IRQ routing
[    1.156641] pci 0000:00:02.0: vgaarb: setting as boot VGA device
[    1.157248] pci 0000:00:02.0: vgaarb: bridge control possible
[    1.157817] pci 0000:00:02.0: vgaarb: VGA device added: decodes=io+mem,owns=io+mem,locks=none
[    1.158652] vgaarb: loaded
[    1.159374] hpet0: at MMIO 0xfed00000, IRQs 2, 8, 0
[    1.159878] hpet0: 3 comparators, 64-bit 100.000000 MHz counter
[    1.164243] clocksource: Switched to clocksource kvm-clock
[    1.166444] VFS: Disk quotas dquot_6.6.0
[    1.166911] VFS: Dquot-cache hash table entries: 512 (order 0, 4096 bytes)
[    1.171223] pnp: PnP ACPI init
[    1.175812] pnp: PnP ACPI: found 6 devices
[    1.196566] clocksource: acpi_pm: mask: 0xffffff max_cycles: 0xffffff, max_idle_ns: 2085701024 ns
[    1.197973] NET: Registered PF_INET protocol family
[    1.198602] IP idents hash table entries: 32768 (order: 6, 262144 bytes, linear)
[    1.200791] tcp_listen_portaddr_hash hash table entries: 1024 (order: 5, 73728 bytes, linear)
[    1.201688] Table-perturb hash table entries: 65536 (order: 6, 262144 bytes, linear)
[    1.202589] TCP established hash table entries: 16384 (order: 5, 131072 bytes, linear)
[    1.204020] TCP bind hash table entries: 16384 (order: 10, 2359296 bytes, linear)
[    1.205929] TCP: Hash tables configured (established 16384 bind 16384)
[    1.206693] UDP hash table entries: 1024 (order: 6, 262144 bytes, linear)
[    1.207488] UDP-Lite hash table entries: 1024 (order: 6, 262144 bytes, linear)
[    1.208540] NET: Registered PF_UNIX/PF_LOCAL protocol family
[    1.209915] RPC: Registered named UNIX socket transport module.
[    1.210517] RPC: Registered udp transport module.
[    1.210991] RPC: Registered tcp transport module.
[    1.211457] RPC: Registered tcp-with-tls transport module.
[    1.212000] RPC: Registered tcp NFSv4.1 backchannel transport module.
[    1.212649] pci_bus 0000:00: resource 4 [io  0x0000-0x0cf7 window]
[    1.213266] pci_bus 0000:00: resource 5 [io  0x0d00-0xffff window]
[    1.213891] pci_bus 0000:00: resource 6 [mem 0x000a0000-0x000bffff window]
[    1.214569] pci_bus 0000:00: resource 7 [mem 0x80000000-0xfebfffff window]
[    1.215248] pci_bus 0000:00: resource 8 [mem 0x100000000-0x17fffffff window]
[    1.216311] pci 0000:00:01.0: PIIX3: Enabling Passive Release
[    1.216891] pci 0000:00:00.0: Limiting direct PCI/PCI transfers
[    1.217573] PCI: CLS 0 bytes, default 64
[    1.218078] ACPI: bus type thunderbolt registered
[    1.218934] clocksource: tsc: mask: 0xffffffffffffffff max_cycles: 0x1881273ac8e, max_idle_ns: 440795257284 ns
[    1.220058] sgx: There are zero EPC sections.
[    3.933332] Initialise system trusted keyrings
[    3.933957] Key type blacklist registered
[    3.934644] workingset: timestamp_bits=36 max_order=19 bucket_order=0
[    3.937497] squashfs: version 4.0 (2009/01/31) Phillip Lougher
[    3.939472] NFS: Registering the id_resolver key type
[    3.940021] Key type id_resolver registered
[    3.940456] Key type id_legacy registered
[    3.940926] nfs4filelayout_init: NFSv4 File Layout Driver Registering...
[    3.941633] nfs4flexfilelayout_init: NFSv4 Flexfile Layout Driver Registering...
[    3.942696] fuse: init (API version 7.45)
[    3.943743] SGI XFS with ACLs, security attributes, realtime, quota, no debug enabled
[    3.945888] 9p: Installing v9fs 9p2000 file system support
[    3.962225] Key type asymmetric registered
[    3.962643] Asymmetric key parser 'x509' registered
[    3.963281] Block layer SCSI generic (bsg) driver version 0.4 loaded (major 241)
[    3.964226] io scheduler mq-deadline registered
[    3.964807] io scheduler bfq registered
[    3.965601] ledtrig-cpu: registered to indicate activity on CPUs
[    3.968172] IPMI message handler: version 39.2
[    3.968726] ipmi device interface
[    3.971112] input: Power Button as /devices/LNXSYSTM:00/LNXPWRBN:00/input/input0
[    3.972418] ACPI: button: Power Button [PWRF]
[    3.974695] ERST DBG: ERST support is disabled.
[    3.976690] Serial: 8250/16550 driver, 32 ports, IRQ sharing enabled
[    3.978977] 00:04: ttyS0 at I/O 0x3f8 (irq = 4, base_baud = 115200) is a 16550A
[    4.009595] Linux agpgart interface v0.103
[    4.012609] ACPI: bus type drm_connector registered
[    4.038276] brd: module loaded
[    4.054798] loop: module loaded
[    4.064500] scsi host0: ata_piix
[    4.066349] scsi host1: ata_piix
[    4.067210] ata1: PATA max MWDMA2 cmd 0x1f0 ctl 0x3f6 bmdma 0xc040 irq 14 lpm-pol 0
[    4.067964] ata2: PATA max MWDMA2 cmd 0x170 ctl 0x376 bmdma 0xc048 irq 15 lpm-pol 0
[    4.071966] tun: Universal TUN/TAP device driver, 1.6
[    4.072849] e100: Intel(R) PRO/100 Network Driver
[    4.073317] e100: Copyright(c) 1999-2006 Intel Corporation
[    4.074027] e1000: Intel(R) PRO/1000 Network Driver
[    4.074509] e1000: Copyright (c) 1999-2006 Intel Corporation.
[    4.085844] Callback from call_rcu_tasks() invoked.
[    4.221909] ata1: found unknown device (class 0)
[    4.222767] ata2: found unknown device (class 0)
[    4.223918] ata2.00: ATAPI: QEMU DVD-ROM, 2.5+, max UDMA/100
[    4.224634] ata1.00: ATA-7: QEMU HARDDISK, 2.5+, max UDMA/100
[    4.225216] ata1.00: 17196647 sectors, multi 16: LBA48 
[    4.227408] scsi 0:0:0:0: Direct-Access     ATA      QEMU HARDDISK    2.5+ PQ: 0 ANSI: 5
[    4.230122] sd 0:0:0:0: Attached scsi generic sg0 type 0
[    4.230317] sd 0:0:0:0: [sda] 17196647 512-byte logical blocks: (8.80 GB/8.20 GiB)
[    4.231648] sd 0:0:0:0: [sda] Write Protect is off
[    4.232200] sd 0:0:0:0: [sda] Write cache: enabled, read cache: enabled, doesn't support DPO or FUA
[    4.233170] sd 0:0:0:0: [sda] Preferred minimum I/O size 512 bytes
[    4.233793] scsi 1:0:0:0: CD-ROM            QEMU     QEMU DVD-ROM     2.5+ PQ: 0 ANSI: 5
[    4.255842] scsi 1:0:0:0: Attached scsi generic sg1 type 5
[    4.258495] sd 0:0:0:0: [sda] Attached SCSI disk
[    4.914113] ACPI: \_SB_.LNKC: Enabled at IRQ 11
[    5.230327] e1000 0000:00:03.0 eth0: (PCI:33MHz:32-bit) 52:54:00:12:34:56
[    5.231057] e1000 0000:00:03.0 eth0: Intel(R) PRO/1000 Network Connection
[    5.231923] e1000e: Intel(R) PRO/1000 Network Driver
[    5.232433] e1000e: Copyright(c) 1999 - 2015 Intel Corporation.
[    5.233192] igb: Intel(R) Gigabit Ethernet Network Driver
[    5.233765] igb: Copyright (c) 2007-2014 Intel Corporation.
[    5.234719] PPP generic driver version 2.4.2
[    5.236198] VFIO - User Level meta-driver version: 0.3
[    5.238365] usbcore: registered new interface driver uas
[    5.239075] usbcore: registered new interface driver usb-storage
[    5.239968] i8042: PNP: PS/2 Controller [PNP0303:KBD,PNP0f13:MOU] at 0x60,0x64 irq 1,12
[    5.241821] serio: i8042 KBD port at 0x60,0x64 irq 1
[    5.242389] serio: i8042 AUX port at 0x60,0x64 irq 12
[    5.244220] mousedev: PS/2 mouse device common for all mice
[    5.246102] input: AT Translated Set 2 keyboard as /devices/platform/i8042/serio0/input/input1
[    5.246405] rtc_cmos 00:05: RTC can wake from S4
[    5.248988] input: VirtualPS/2 VMware VMMouse as /devices/platform/i8042/serio1/input/input4
[    5.249736] rtc_cmos 00:05: registered as rtc0
[    5.250510] rtc_cmos 00:05: setting system clock to 2025-12-02T12:21:58 UTC (1764678118)
[    5.251840] rtc_cmos 00:05: alarms up to one day, y3k, 242 bytes nvram, hpet irqs
[    5.251939] input: VirtualPS/2 VMware VMMouse as /devices/platform/i8042/serio1/input/input3
[    5.252676] i2c_dev: i2c /dev entries driver
[    5.254043] device-mapper: core: CONFIG_IMA_DISABLE_HTABLE is disabled. Duplicate IMA measurements will not be recorded in the IMA log.
[    5.255324] device-mapper: uevent: version 1.0.3
[    5.256221] device-mapper: ioctl: 4.50.0-ioctl (2025-04-28) initialised: dm-devel@lists.linux.dev
[    5.257149] intel_pstate: CPU model not supported
[    5.257904] sdhci: Secure Digital Host Controller Interface driver
[    5.258542] sdhci: Copyright(c) Pierre Ossman
[    5.259211] sdhci-pltfm: SDHCI platform and OF driver helper
[    5.260369] drop_monitor: Initializing network drop monitor service
[    5.261398] NET: Registered PF_INET6 protocol family
[    5.264014] Segment Routing with IPv6
[    5.264459] In-situ OAM (IOAM) with IPv6
[    5.264935] NET: Registered PF_PACKET protocol family
[    5.265683] 9pnet: Installing 9P2000 support
[    5.266268] Key type dns_resolver registered
[    5.268299] IPI shorthand broadcast: enabled
[    5.329540] sched_clock: Marking stable (5308007077, 17742651)->(5329499828, -3750100)
[    5.331451] registered taskstats version 1
[    5.332336] Loading compiled-in X.509 certificates
[    5.416764] Demotion targets for Node 0: null
[    5.418370] Key type .fscrypt registered
[    5.418810] Key type fscrypt-provisioning registered
[    5.421553] Key type encrypted registered
[    5.422054] ima: No TPM chip found, activating TPM-bypass!
[    5.422626] ima: Allocated hash algorithm: sha1
[    5.423140] ima: No architecture policies found
[    5.423745] evm: Initialising EVM extended attributes:
[    5.424257] evm: security.selinux
[    5.424591] evm: security.SMACK64
[    5.424927] evm: security.SMACK64EXEC
[    5.425291] evm: security.SMACK64TRANSMUTE
[    5.425702] evm: security.SMACK64MMAP
[    5.426087] evm: security.apparmor
[    5.426430] evm: security.ima
[    5.426730] evm: security.capability
[    5.427093] evm: HMAC attrs: 0x1
[    5.430080] PM:   Magic number: 5:282:379
[    5.431249] RAS: Correctable Errors collector initialized.
[    5.432281] clk: Disabling unused clocks
[    5.432898] PM: genpd: Disabling unused power domains
[    5.434150] check access for rdinit=/init failed: -2, ignoring
[    5.434561] md: Waiting for all devices to be available before autodetect
[    5.435026] md: If you don't use raid, use raid=noautodetect
[    5.435419] md: Autodetecting RAID arrays.
[    5.435710] md: autorun ...
[    5.435921] md: ... autorun DONE.
[    5.441427] EXT4-fs (sda): INFO: recovery required on readonly filesystem
[    5.441956] EXT4-fs (sda): write access will be enabled during recovery
[    5.478156] EXT4-fs (sda): recovery complete
[    5.479691] EXT4-fs (sda): mounted filesystem 088740a9-c8b4-422c-999d-a804eb68a4da ro with ordered data mode. Quota mode: none.
[    5.480539] VFS: Mounted root (ext4 filesystem) readonly on device 8:0.
[    5.482555] devtmpfs: mounted
[    5.504433] Freeing unused decrypted memory: 2036K
[    5.510060] Freeing unused kernel image (initmem) memory: 16260K
[    5.510696] Write protecting the kernel read-only data: 102400k
[    5.514205] Freeing unused kernel image (text/rodata gap) memory: 1912K
[    5.516058] Freeing unused kernel image (rodata/data gap) memory: 2008K
[    6.641059] x86/mm: Checked W+X mappings: passed, no W+X pages found.
[    6.641560] Run /sbin/init as init process
[    6.779182] systemd[1]: systemd 252-15.el9 running in system mode (+PAM +AUDIT +SELINUX -APPARMOR +IMA +SMACK +SECCOMP +GCRYPT +GNUTLS +OPENSSL +ACL +BLKID +CURL +ELFUTILS -FIDO2 +IDN2 -IDN -IPTC +KMOD +LIBCRYPTSETUP +LIBFDISK +PCRE2 -PWQUALITY +P11KIT -QRENCODE +TPM2 +BZIP2 +LZ4 +XZ +ZLIB +ZSTD -BPF_FRAMEWORK +XKBCOMMON +UTMP +SYSVINIT default-hierarchy=unified)
[    6.781351] systemd[1]: Detected virtualization kvm.
[    6.781705] systemd[1]: Detected architecture x86-64.

Welcome to [0;31mCentOS Stream 9[0m!

[    6.786623] systemd[1]: Hostname set to <test>.
[    6.943005] systemd-rc-local-generator[119]: /etc/rc.d/rc.local is not marked executable, skipping.
[    7.238693] systemd[1]: Queued start job for default target Multi-User System.
[    7.268358] systemd[1]: Created slice Virtual Machine and Container Slice.
[[0;32m  OK  [0m] Created slice [0;1;39mVirtual Machine and Container Slice[0m.
[    7.273531] systemd[1]: Created slice Slice /system/getty.
[[0;32m  OK  [0m] Created slice [0;1;39mSlice /system/getty[0m.
[    7.276502] systemd[1]: Created slice Slice /system/modprobe.
[[0;32m  OK  [0m] Created slice [0;1;39mSlice /system/modprobe[0m.
[    7.279620] systemd[1]: Created slice Slice /system/serial-getty.
[[0;32m  OK  [0m] Created slice [0;1;39mSlice /system/serial-getty[0m.
[    7.282775] systemd[1]: Created slice Slice /system/sshd-keygen.
[[0;32m  OK  [0m] Created slice [0;1;39mSlice /system/sshd-keygen[0m.
[    7.285562] systemd[1]: Created slice User and Session Slice.
[[0;32m  OK  [0m] Created slice [0;1;39mUser and Session Slice[0m.
[    7.286994] systemd[1]: Started Forward Password Requests to Wall Directory Watch.
[[0;32m  OK  [0m] Started [0;1;39mForward Password R…uests to Wall Directory Watch[0m.
[    7.289184] systemd[1]: Set up automount Arbitrary Executable File Formats File System Automount Point.
[[0;32m  OK  [0m] Set up automount [0;1;39mArbitrary…s File System Automount Point[0m.
[    7.290759] systemd[1]: Reached target Local Integrity Protected Volumes.
[[0;32m  OK  [0m] Reached target [0;1;39mLocal Integrity Protected Volumes[0m.
[    7.291968] systemd[1]: Reached target Slice Units.
[[0;32m  OK  [0m] Reached target [0;1;39mSlice Units[0m.
[    7.292888] systemd[1]: Reached target Swaps.
[[0;32m  OK  [0m] Reached target [0;1;39mSwaps[0m.
[    7.293733] systemd[1]: Reached target Local Verity Protected Volumes.
[[0;32m  OK  [0m] Reached target [0;1;39mLocal Verity Protected Volumes[0m.
[    7.295232] systemd[1]: Listening on Device-mapper event daemon FIFOs.
[[0;32m  OK  [0m] Listening on [0;1;39mDevice-mapper event daemon FIFOs[0m.
[    7.297375] systemd[1]: Listening on LVM2 poll daemon socket.
[[0;32m  OK  [0m] Listening on [0;1;39mLVM2 poll daemon socket[0m.
[    7.298624] systemd[1]: multipathd control socket was skipped because of an unmet condition check (ConditionPathExists=/etc/multipath.conf).
[    7.327615] systemd[1]: Listening on RPCbind Server Activation Socket.
[[0;32m  OK  [0m] Listening on [0;1;39mRPCbind Server Activation Socket[0m.
[    7.328898] systemd[1]: Reached target RPC Port Mapper.
[[0;32m  OK  [0m] Reached target [0;1;39mRPC Port Mapper[0m.
[    7.332220] systemd[1]: Listening on Process Core Dump Socket.
[[0;32m  OK  [0m] Listening on [0;1;39mProcess Core Dump Socket[0m.
[    7.333688] systemd[1]: Listening on initctl Compatibility Named Pipe.
[[0;32m  OK  [0m] Listening on [0;1;39minitctl Compatibility Named Pipe[0m.
[    7.335480] systemd[1]: Listening on Journal Socket (/dev/log).
[[0;32m  OK  [0m] Listening on [0;1;39mJournal Socket (/dev/log)[0m.
[    7.337119] systemd[1]: Listening on Journal Socket.
[[0;32m  OK  [0m] Listening on [0;1;39mJournal Socket[0m.
[    7.338801] systemd[1]: Listening on udev Control Socket.
[[0;32m  OK  [0m] Listening on [0;1;39mudev Control Socket[0m.
[    7.340200] systemd[1]: Listening on udev Kernel Socket.
[[0;32m  OK  [0m] Listening on [0;1;39mudev Kernel Socket[0m.
[    7.374041] systemd[1]: Mounting Huge Pages File System...
         Mounting [0;1;39mHuge Pages File System[0m...
[    7.381274] systemd[1]: Mounting POSIX Message Queue File System...
         Mounting [0;1;39mPOSIX Message Queue File System[0m...
[    7.390285] systemd[1]: Mounting Kernel Debug File System...
         Mounting [0;1;39mKernel Debug File System[0m...
[    7.398333] systemd[1]: Mounting Kernel Trace File System...
         Mounting [0;1;39mKernel Trace File System[0m...
[    7.401049] systemd[1]: Kernel Module supporting RPCSEC_GSS was skipped because of an unmet condition check (ConditionPathExists=/etc/krb5.keytab).
[    7.402162] systemd[1]: Create List of Static Device Nodes was skipped because of an unmet condition check (ConditionFileNotEmpty=/lib/modules/6.18.0-f2e74ecfba1b+/modules.devname).
[    7.410255] systemd[1]: Starting Monitoring of LVM2 mirrors, snapshots etc. using dmeventd or progress polling...
         Starting [0;1;39mMonitoring of LVM…meventd or progress polling[0m...
[    7.417325] systemd[1]: Starting Load Kernel Module configfs...
         Starting [0;1;39mLoad Kernel Module configfs[0m...
[    7.428988] systemd[1]: Starting Load Kernel Module drm...
         Starting [0;1;39mLoad Kernel Module drm[0m...
[    7.444739] systemd[1]: Starting Load Kernel Module fuse...
         Starting [0;1;39mLoad Kernel Module fuse[0m...
[    7.458897] systemd[1]: Starting Read and set NIS domainname from /etc/sysconfig/network...
         Starting [0;1;39mRead and set NIS …from /etc/sysconfig/network[0m...
[    7.470746] systemd[1]: Starting Journal Service...
         Starting [0;1;39mJournal Service[0m...
[    7.486132] systemd[1]: Starting Load Kernel Modules...
         Starting [0;1;39mLoad Kernel Modules[0m...
[    7.515441] systemd[1]: Starting Generate network units from Kernel command line...
         Starting [0;1;39mGenerate network …ts from Kernel command line[0m...
[    7.529324] systemd[1]: Starting Remount Root and Kernel File Systems...
         Starting [0;1;39mRemount Root and Kernel File Systems[0m...
[    7.534258] systemd[1]: Repartition Root Disk was skipped because no trigger condition checks were met.
[    7.562522] systemd[1]: Starting Coldplug All udev Devices...
         Starting [0;1;39mColdplug All udev Devices[0m...
[    7.583478] systemd[1]: Mounted Huge Pages File System.
[[0;32m  OK  [0m] Mounted [0;1;39mHuge Pages File System[0m.
[    7.584980] systemd[1]: Mounted POSIX Message Queue File System.
[[0;32m  OK  [0m] Mounted [0;1;39mPOSIX Message Queue File System[0m.
[    7.586712] systemd[1]: Mounted Kernel Debug File System.
[[0;32m  OK  [0m] Mounted [0;1;39mKernel Debug File System[0m.
[    7.588159] systemd[1]: Mounted Kernel Trace File System.
[[0;32m  OK  [0m] Mounted [0;1;39mKernel Trace File System[0m.
[    7.591873] systemd[1]: Finished Monitoring of LVM2 mirrors, snapshots etc. using dmeventd or progress polling.
[    7.592904] EXT4-fs (sda): re-mounted 088740a9-c8b4-422c-999d-a804eb68a4da r/w.
[[0;32m  OK  [0m] Finished [0;1;39mMonitoring of LVM… dmeventd or progress polling[0m.
[    7.603224] systemd[1]: modprobe@configfs.service: Deactivated successfully.
[    7.604808] systemd[1]: Finished Load Kernel Module configfs.
[[0;32m  OK  [0m] Finished [0;1;39mLoad Kernel Module configfs[0m.
[    7.608833] systemd[1]: modprobe@drm.service: Deactivated successfully.
[    7.611516] systemd[1]: Finished Load Kernel Module drm.
[[0;32m  OK  [0m] Finished [0;1;39mLoad Kernel Module drm[0m.
[    7.613978] systemd[1]: modprobe@fuse.service: Deactivated successfully.
[    7.615495] systemd[1]: Finished Load Kernel Module fuse.
[[0;32m  OK  [0m] Finished [0;1;39mLoad Kernel Module fuse[0m.
[    7.617959] systemd[1]: Finished Read and set NIS domainname from /etc/sysconfig/network.
[[0;32m  OK  [0m] Finished [0;1;39mRead and set NIS …e from /etc/sysconfig/network[0m.
[    7.619878] systemd[1]: systemd-modules-load.service: Main process exited, code=exited, status=1/FAILURE
[    7.621301] systemd[1]: systemd-modules-load.service: Failed with result 'exit-code'.
[    7.622892] systemd[1]: Failed to start Load Kernel Modules.
[[0;1;31mFAILED[0m] Failed to start [0;1;39mLoad Kernel Modules[0m.
See 'systemctl status systemd-modules-load.service' for details.
[    7.625975] systemd[1]: Finished Generate network units from Kernel command line.
[[0;32m  OK  [0m] Finished [0;1;39mGenerate network units from Kernel command line[0m.
[    7.628647] systemd[1]: Finished Remount Root and Kernel File Systems.
[[0;32m  OK  [0m] Finished [0;1;39mRemount Root and Kernel File Systems[0m.
[    7.631935] systemd[1]: Reached target Preparation for Network.
[[0;32m  OK  [0m] Reached target [0;1;39mPreparation for Network[0m.
[    7.646366] systemd[1]: Mounting FUSE Control File System...
         Mounting [0;1;39mFUSE Control File System[0m...
[    7.656843] systemd[1]: Mounting Kernel Configuration File System...
         Mounting [0;1;39mKernel Configuration File System[0m...
[    7.658134] systemd[1]: Special handling of early boot iSCSI sessions was skipped because of an unmet condition check (ConditionDirectoryNotEmpty=/sys/class/iscsi_session).
[    7.659269] systemd[1]: First Boot Wizard was skipped because of an unmet condition check (ConditionFirstBoot=yes).
[    7.667668] systemd[1]: Rebuild Hardware Database was skipped because of an unmet condition check (ConditionNeedsUpdate=/etc).
[    7.682126] systemd[1]: Starting Load/Save Random Seed...
         Starting [0;1;39mLoad/Save Random Seed[0m...
[    7.691605] systemd[1]: Starting Apply Kernel Variables...
         Starting [0;1;39mApply Kernel Variables[0m...
[    7.695951] systemd[1]: Create System Users was skipped because no trigger condition checks were met.
[    7.721097] systemd[1]: Starting Create Static Device Nodes in /dev...
         Starting [0;1;39mCreate Static Device Nodes in /dev[0m...
[    7.734909] systemd[1]: Starting Setup Virtual Console...
         Starting [0;1;39mSetup Virtual Console[0m...
[    7.744167] systemd[1]: Started Journal Service.
[[0;32m  OK  [0m] Started [0;1;39mJournal Service[0m.
[[0;32m  OK  [0m] Mounted [0;1;39mFUSE Control File System[0m.
[[0;32m  OK  [0m] Mounted [0;1;39mKernel Configuration File System[0m.
[[0;32m  OK  [0m] Finished [0;1;39mLoad/Save Random Seed[0m.
         Starting [0;1;39mFlush Journal to Persistent Storage[0m...
[[0;32m  OK  [0m] Finished [0;1;39mApply Kernel Variables[0m.
[    7.822061] systemd-journald[141]: Received client request to flush runtime journal.
[[0;32m  OK  [0m] Finished [0;1;39mFlush Journal to Persistent Storage[0m.
[[0;32m  OK  [0m] Finished [0;1;39mCreate Static Device Nodes in /dev[0m.
         Starting [0;1;39mRule-based Manage…for Device Events and Files[0m...
[[0;32m  OK  [0m] Started [0;1;39mRule-based Manager for Device Events and Files[0m.
         Starting [0;1;39mAuto-connect to s…E devices found during boot[0m...
[[0;32m  OK  [0m] Finished [0;1;39mSetup Virtual Console[0m.
[[0;32m  OK  [0m] Finished [0;1;39mAuto-connect to s…VME devices found during boot[0m.
[[0;32m  OK  [0m] Finished [0;1;39mColdplug All udev Devices[0m.
         Starting [0;1;39mShow Plymouth Boot Screen[0m...
         Starting [0;1;39mWait for udev To …plete Device Initialization[0m...
[2J[3J[-1;-1f[[0;32m  OK  [0m] Started [0;1;39mShow Plymouth Boot Screen[0m.
[[0;32m  OK  [0m] Started [0;1;39mForward Password R…s to Plymouth Directory Watch[0m.
[[0;32m  OK  [0m] Reached target [0;1;39mLocal Encrypted Volumes[0m.
[[0;32m  OK  [0m] Reached target [0;1;39mPath Units[0m.
[[0;32m  OK  [0m] Found device [0;1;39m/dev/ttyS0[0m.
[[0;32m  OK  [0m] Listening on [0;1;39mLoad/Save RF …itch Status /dev/rfkill Watch[0m.
[[0;32m  OK  [0m] Finished [0;1;39mWait for udev To Complete Device Initialization[0m.
[[0;32m  OK  [0m] Reached target [0;1;39mPreparation for Local File Systems[0m.
[[0;32m  OK  [0m] Reached target [0;1;39mLocal File Systems[0m.
         Starting [0;1;39mTell Plymouth To Write Out Runtime Data[0m...
         Starting [0;1;39mAutomatic Boot Loader Update[0m...
         Starting [0;1;39mCreate Volatile Files and Directories[0m...
[[0;32m  OK  [0m] Finished [0;1;39mTell Plymouth To Write Out Runtime Data[0m.
[[0;32m  OK  [0m] Finished [0;1;39mAutomatic Boot Loader Update[0m.
[[0;32m  OK  [0m] Finished [0;1;39mCreate Volatile Files and Directories[0m.
         Mounting [0;1;39mRPC Pipe File System[0m...
         Starting [0;1;39mSecurity Auditing Service[0m...
         Starting [0;1;39mRPC Bind[0m...
[[0;32m  OK  [0m] Mounted [0;1;39mRPC Pipe File System[0m.
[[0;32m  OK  [0m] Reached target [0;1;39mrpc_pipefs.target[0m.
[[0;32m  OK  [0m] Started [0;1;39mRPC Bind[0m.
[[0;32m  OK  [0m] Started [0;1;39mSecurity Auditing Service[0m.
         Starting [0;1;39mRecord System Boot/Shutdown in UTMP[0m...
[[0;32m  OK  [0m] Finished [0;1;39mRecord System Boot/Shutdown in UTMP[0m.
[[0;32m  OK  [0m] Reached target [0;1;39mSystem Initialization[0m.
[[0;32m  OK  [0m] Started [0;1;39mDaily rotation of log files[0m.
[[0;32m  OK  [0m] Started [0;1;39mUpdates mlocate database every day[0m.
[[0;32m  OK  [0m] Started [0;1;39mDaily Cleanup of Temporary Directories[0m.
[[0;32m  OK  [0m] Started [0;1;39mdaily update of the root trust anchor for DNSSEC[0m.
[[0;32m  OK  [0m] Reached target [0;1;39mTimer Units[0m.
[[0;32m  OK  [0m] Listening on [0;1;39mD-Bus System Message Bus Socket[0m.
[[0;32m  OK  [0m] Listening on [0;1;39mOpen-iSCSI iscsid Socket[0m.
[[0;32m  OK  [0m] Listening on [0;1;39mOpen-iSCSI iscsiuio Socket[0m.
[[0;32m  OK  [0m] Listening on [0;1;39mSSSD Kerberos…ache Manager responder socket[0m.
[[0;32m  OK  [0m] Listening on [0;1;39mLibvirt interface local socket[0m.
[[0;32m  OK  [0m] Listening on [0;1;39mVirtual machine lock manager socket[0m.
[[0;32m  OK  [0m] Listening on [0;1;39mVirtual machine log manager socket[0m.
[[0;32m  OK  [0m] Listening on [0;1;39mLibvirt network local socket[0m.
[[0;32m  OK  [0m] Listening on [0;1;39mLibvirt nodedev local socket[0m.
[[0;32m  OK  [0m] Listening on [0;1;39mLibvirt nwfilter local socket[0m.
[[0;32m  OK  [0m] Listening on [0;1;39mLibvirt proxy local socket[0m.
[[0;32m  OK  [0m] Listening on [0;1;39mLibvirt qemu local socket[0m.
[[0;32m  OK  [0m] Listening on [0;1;39mLibvirt qemu admin socket[0m.
[[0;32m  OK  [0m] Listening on [0;1;39mLibvirt qemu local read-only socket[0m.
[[0;32m  OK  [0m] Listening on [0;1;39mLibvirt secret local socket[0m.
[[0;32m  OK  [0m] Listening on [0;1;39mLibvirt storage local socket[0m.
[[0;32m  OK  [0m] Reached target [0;1;39mSocket Units[0m.
         Starting [0;1;39mD-Bus System Message Bus[0m...
[[0;32m  OK  [0m] Started [0;1;39mD-Bus System Message Bus[0m.
[[0;32m  OK  [0m] Reached target [0;1;39mBasic System[0m.
         Starting [0;1;39mNetwork Manager[0m...
         Starting [0;1;39mNTP client/server[0m...
         Starting [0;1;39mRestore /run/initramfs on shutdown[0m...
[[0;32m  OK  [0m] Started [0;1;39mirqbalance daemon[0m.
[[0;32m  OK  [0m] Started [0;1;39mlibstoragemgmt plug-in server daemon[0m.
[[0;32m  OK  [0m] Started [0;1;39mMachine Check Exception Logging Daemon[0m.
[[0;32m  OK  [0m] Reached target [0;1;39msshd-keygen.target[0m.
[[0;32m  OK  [0m] Reached target [0;1;39mUser and Group Name Lookups[0m.
         Starting [0;1;39mUser Login Management[0m...
         Starting [0;1;39mVirtual Machine a…tainer Registration Service[0m...
[[0;32m  OK  [0m] Finished [0;1;39mRestore /run/initramfs on shutdown[0m.
[[0;32m  OK  [0m] Started [0;1;39mVirtual Machine an…ontainer Registration Service[0m.
         Starting [0;1;39mHostname Service[0m...
[[0;32m  OK  [0m] Started [0;1;39mNTP client/server[0m.
[[0;32m  OK  [0m] Started [0;1;39mUser Login Management[0m.
[[0;32m  OK  [0m] Started [0;1;39mHostname Service[0m.
         Starting [0;1;39mNetwork Manager Script Dispatcher Service[0m...
[[0;32m  OK  [0m] Started [0;1;39mNetwork Manager Script Dispatcher Service[0m.
[   11.030204] e1000: eth0 NIC Link is Up 1000 Mbps Full Duplex, Flow Control: RX
[[0;32m  OK  [0m] Started [0;1;39mNetwork Manager[0m.
[[0;32m  OK  [0m] Reached target [0;1;39mNetwork[0m.
[[0;32m  OK  [0m] Reached target [0;1;39mNetwork is Online[0m.
         Starting [0;1;39mGSSAPI Proxy Daemon[0m...
         Starting [0;1;39mNotify NFS peers of a restart[0m...
         Starting [0;1;39mSystem Logging Service[0m...
         Starting [0;1;39mOpenSSH server daemon[0m...
         Starting [0;1;39mDynamic System Tuning Daemon[0m...
[[0;32m  OK  [0m] Started [0;1;39mNotify NFS peers of a restart[0m.
[[0;32m  OK  [0m] Started [0;1;39mGSSAPI Proxy Daemon[0m.
[[0;32m  OK  [0m] Started [0;1;39mOpenSSH server daemon[0m.
[[0;32m  OK  [0m] Reached target [0;1;39mNFS client services[0m.
[[0;32m  OK  [0m] Reached target [0;1;39mPreparation for Remote File Systems[0m.
[[0;32m  OK  [0m] Reached target [0;1;39mRemote File Systems[0m.
         Starting [0;1;39mPermit User Sessions[0m...
         Starting [0;1;39mVirtualization qemu daemon[0m...
[[0;32m  OK  [0m] Finished [0;1;39mPermit User Sessions[0m.
[[0;32m  OK  [0m] Started [0;1;39mDeferred execution scheduler[0m.
[[0;32m  OK  [0m] Started [0;1;39mCommand Scheduler[0m.
         Starting [0;1;39mHold until boot process finishes up[0m...
         Starting [0;1;39mTerminate Plymouth Boot Screen[0m...
[[0;32m  OK  [0m] Started [0;1;39mSystem Logging Service[0m.
[[0;32m  OK  [0m] Started [0;1;39mVirtualization qemu daemon[0m.

CentOS Stream 9
Kernel 6.18.0-f2e74ecfba1b+ on an x86_64

Activate the web console with: systemctl enable --now cockpit.socket

test login: [   18.414709] tpm tpm0: Operation Canceled
[   18.435535] tpm tpm0: Operation Canceled
[   18.456526] tpm tpm0: Operation Canceled
[   18.477778] tpm tpm0: Operation Canceled
[   18.499039] tpm tpm0: Operation Canceled
[   18.520028] tpm tpm0: Operation Canceled
[   18.541033] tpm tpm0: Operation Canceled
[   18.562070] tpm tpm0: Operation Canceled
[   18.583146] tpm tpm0: Operation Canceled
[   18.604070] tpm tpm0: Operation Canceled
[   18.625116] tpm tpm0: Operation Canceled
[   18.646142] tpm tpm0: Operation Canceled
[   18.667218] tpm tpm0: Operation Canceled
[   18.688177] tpm tpm0: Operation Canceled
[   18.709198] tpm tpm0: Operation Canceled
[   18.730219] tpm tpm0: Operation Canceled
[   18.751300] tpm tpm0: Operation Canceled
[   18.772300] tpm tpm0: Operation Canceled
[   18.793326] tpm tpm0: Operation Canceled
[   18.814364] tpm tpm0: Operation Canceled
[   18.835435] tpm tpm0: Operation Canceled
[   18.856507] tpm tpm0: Operation Canceled
[   18.877496] tpm tpm0: Operation Canceled
[   18.898504] tpm tpm0: Operation Canceled
[   18.919583] tpm tpm0: Operation Canceled
[   18.940620] tpm tpm0: Operation Canceled
[   18.961587] tpm tpm0: Operation Canceled
[   18.982627] tpm tpm0: Operation Canceled
[   19.003898] tpm tpm0: Operation Canceled
[   19.024940] tpm tpm0: Operation Canceled
[   19.045772] tpm tpm0: Operation Canceled
[   19.067047] tpm tpm0: Operation Canceled
[   19.088067] tpm tpm0: Operation Canceled
[   19.109097] tpm tpm0: Operation Canceled
[   19.130150] tpm tpm0: Operation Canceled
[   19.151141] tpm tpm0: Operation Canceled
[   19.172137] tpm tpm0: Operation Canceled
[   19.182793] tpm tpm0: Operation Canceled
[   19.203732] tpm tpm0: Operation Canceled
[   19.224752] tpm tpm0: Operation Canceled
[   19.256375] tpm tpm0: Operation Canceled
[   19.277422] tpm tpm0: Operation Canceled
[   19.298737] tpm tpm0: Operation Canceled
[   19.319810] tpm tpm0: Operation Canceled
[   19.341030] tpm tpm0: Operation Canceled
[   19.362083] tpm tpm0: Operation Canceled
[   19.383141] tpm tpm0: Operation Canceled
[   19.404160] tpm tpm0: Operation Canceled
[   19.414791] tpm tpm0: Operation Canceled
[   19.435706] tpm tpm0: Operation Canceled
[   19.456828] tpm tpm0: Operation Canceled
[   19.477774] tpm tpm0: Operation Canceled
[   19.499203] tpm tpm0: Operation Canceled
[   19.520182] tpm tpm0: Operation Canceled
[   19.541200] tpm tpm0: Operation Canceled
[   19.562228] tpm tpm0: Operation Canceled
[   19.583414] tpm tpm0: Operation Canceled
[   19.604290] tpm tpm0: Operation Canceled
[   19.614828] tpm tpm0: Operation Canceled
[   19.635818] tpm tpm0: Operation Canceled
[   19.656945] tpm tpm0: Operation Canceled
[   19.677780] tpm tpm0: Operation Canceled
[   19.699407] tpm tpm0: Operation Canceled
[   19.720516] tpm tpm0: Operation Canceled
[   19.741778] tpm tpm0: Operation Canceled
[   19.763116] tpm tpm0: Operation Canceled
[   19.783890] tpm tpm0: Operation Canceled
[   19.804932] tpm tpm0: Operation Canceled
[   19.825772] tpm tpm0: Operation Canceled
[   19.847132] tpm tpm0: Operation Canceled
[   19.868108] tpm tpm0: Operation Canceled
[   19.889138] tpm tpm0: Operation Canceled
[   19.910118] tpm tpm0: Operation Canceled
[   19.931189] tpm tpm0: Operation Canceled
[   19.952189] tpm tpm0: Operation Canceled
[   19.973222] tpm tpm0: Operation Canceled
[   19.994297] tpm tpm0: Operation Canceled
[   20.015524] tpm tpm0: Operation Canceled
[   20.037000] tpm tpm0: Operation Canceled
[   20.057774] tpm tpm0: Operation Canceled
[   20.079284] tpm tpm0: Operation Canceled
[   20.100101] tpm tpm0: Operation Canceled
[   20.110798] tpm tpm0: Operation Canceled
[   20.131721] tpm tpm0: Operation Canceled
[   20.163255] tpm tpm0: Operation Canceled
[   20.184221] tpm tpm0: Operation Canceled
[   20.205233] tpm tpm0: Operation Canceled
[   20.226219] tpm tpm0: Operation Canceled
[   20.247322] tpm tpm0: Operation Canceled
[   20.268399] tpm tpm0: Operation Canceled
[   20.289403] tpm tpm0: Operation Canceled
[   20.310690] tpm tpm0: Operation Canceled
[   20.331748] tpm tpm0: Operation Canceled
[   20.352814] tpm tpm0: Operation Canceled
[   20.384360] tpm tpm0: Operation Canceled
[   20.405405] tpm tpm0: Operation Canceled
[   20.426437] tpm tpm0: Operation Canceled
[   20.447592] tpm tpm0: Operation Canceled
[   20.468562] tpm tpm0: Operation Canceled
[   20.489597] tpm tpm0: Operation Canceled
[   20.510665] tpm tpm0: Operation Canceled
[   20.531755] tpm tpm0: Operation Canceled
[   20.552809] tpm tpm0: Operation Canceled
[   20.563799] tpm tpm0: Operation Canceled
[   20.584388] tpm tpm0: Operation Canceled
[   20.605405] tpm tpm0: Operation Canceled
[   20.626426] tpm tpm0: Operation Canceled
[   20.647540] tpm tpm0: Operation Canceled
[   20.668538] tpm tpm0: Operation Canceled
[   20.689603] tpm tpm0: Operation Canceled
[   20.710649] tpm tpm0: Operation Canceled
[   20.731762] tpm tpm0: Operation Canceled
[   20.753105] tpm tpm0: Operation Canceled
[   20.774126] tpm tpm0: Operation Canceled
[   20.795186] tpm tpm0: Operation Canceled
[   20.816187] tpm tpm0: Operation Canceled
[   20.837489] tpm tpm0: Operation Canceled
[   20.858491] tpm tpm0: Operation Canceled
[   20.879552] tpm tpm0: Operation Canceled
[   20.900571] tpm tpm0: Operation Canceled
[   20.921635] tpm tpm0: Operation Canceled
[   20.942602] tpm tpm0: Operation Canceled
[   20.963725] tpm tpm0: Operation Canceled
[   20.984754] tpm tpm0: Operation Canceled
[   21.016393] tpm tpm0: Operation Canceled
[   21.026932] tpm tpm0: Operation Canceled
[   21.047920] tpm tpm0: Operation Canceled
[   21.069036] tpm tpm0: Operation Canceled
[   21.089779] tpm tpm0: Operation Canceled
[   21.121771] tpm tpm0: Operation Canceled
[   21.142872] tpm tpm0: Operation Canceled
[   21.163964] tpm tpm0: Operation Canceled
[   21.185022] tpm tpm0: Operation Canceled
[   21.205771] tpm tpm0: Operation Canceled
[   21.227312] tpm tpm0: Operation Canceled
[   21.247975] tpm tpm0: Operation Canceled
[   21.268952] tpm tpm0: Operation Canceled
[   21.289776] tpm tpm0: Operation Canceled
[   21.311223] tpm tpm0: Operation Canceled
[   21.332025] tpm tpm0: Operation Canceled
[   21.353046] tpm tpm0: Operation Canceled
[   21.373780] tpm tpm0: Operation Canceled
[   21.395286] tpm tpm0: Operation Canceled
[   21.415978] tpm tpm0: Operation Canceled
[   21.437259] tpm tpm0: Operation Canceled
[   21.458275] tpm tpm0: Operation Canceled
[   21.479314] tpm tpm0: Operation Canceled
[   21.500286] tpm tpm0: Operation Canceled
[   21.521215] tpm tpm0: Operation Canceled
[   21.542329] tpm tpm0: Operation Canceled
[   21.563406] tpm tpm0: Operation Canceled
[   21.584636] tpm tpm0: Operation Canceled
[   21.605771] tpm tpm0: Operation Canceled
[   21.626871] tpm tpm0: Operation Canceled
[   21.647930] tpm tpm0: Operation Canceled
[   21.668994] tpm tpm0: Operation Canceled
[   21.689772] tpm tpm0: Operation Canceled
[   21.710946] tpm tpm0: Operation Canceled
[   21.732028] tpm tpm0: Operation Canceled
[   21.753036] tpm tpm0: Operation Canceled
[   21.774332] tpm tpm0: Operation Canceled
[   21.795430] tpm tpm0: Operation Canceled
[   21.816413] tpm tpm0: Operation Canceled
[   21.837451] tpm tpm0: Operation Canceled
[   21.858425] tpm tpm0: Operation Canceled
[   21.879501] tpm tpm0: Operation Canceled
[   21.900421] tpm tpm0: Operation Canceled
[   21.921529] tpm tpm0: Operation Canceled
[   21.942946] tpm tpm0: Operation Canceled
[   21.963779] tpm tpm0: Operation Canceled
[   21.984862] tpm tpm0: Operation Canceled
[   22.005769] tpm tpm0: Operation Canceled
[   22.027147] tpm tpm0: Operation Canceled
[   22.047825] tpm tpm0: Operation Canceled
[   22.068857] tpm tpm0: Operation Canceled
[   22.089784] tpm tpm0: Operation Canceled
[   22.110982] tpm tpm0: Operation Canceled
[   22.131977] tpm tpm0: Operation Canceled
[   22.152965] tpm tpm0: Operation Canceled
[   22.173772] tpm tpm0: Operation Canceled
[   22.195509] tpm tpm0: Operation Canceled
[   22.216041] tpm tpm0: Operation Canceled
[   22.237003] tpm tpm0: Operation Canceled
[   22.257772] tpm tpm0: Operation Canceled
[   22.278971] tpm tpm0: Operation Canceled
[   22.289465] tpm tpm0: Operation Canceled
[   22.310613] tpm tpm0: Operation Canceled
[   22.321140] tpm tpm0: Operation Canceled
[   22.352791] tpm tpm0: Operation Canceled
[   22.363760] tpm tpm0: Operation Canceled
[   22.384305] tpm tpm0: Operation Canceled
[   22.394869] tpm tpm0: Operation Canceled
[   22.416013] tpm tpm0: Operation Canceled
[   22.436941] tpm tpm0: Operation Canceled
[   22.457773] tpm tpm0: Operation Canceled
[   22.479099] tpm tpm0: Operation Canceled
[   22.500048] tpm tpm0: Operation Canceled
[   22.521094] tpm tpm0: Operation Canceled
[   22.542162] tpm tpm0: Operation Canceled
[   22.563391] tpm tpm0: Operation Canceled
[   22.584176] tpm tpm0: Operation Canceled
[   22.605178] tpm tpm0: Operation Canceled
[   22.626195] tpm tpm0: Operation Canceled
[   22.647303] tpm tpm0: Operation Canceled
[   22.668188] tpm tpm0: Operation Canceled
[   22.689209] tpm tpm0: Operation Canceled
[   22.710169] tpm tpm0: Operation Canceled
[   22.731326] tpm tpm0: Operation Canceled
[   22.752278] tpm tpm0: Operation Canceled
[   22.762803] tpm tpm0: Operation Canceled
[   22.783793] tpm tpm0: Operation Canceled
[   22.804817] tpm tpm0: Operation Canceled
[   22.825773] tpm tpm0: Operation Canceled
[   22.846783] tpm tpm0: Operation Canceled
[   22.868113] tpm tpm0: Operation Canceled
[   22.888892] tpm tpm0: Operation Canceled
[   22.899352] tpm tpm0: Operation Canceled
[   22.920370] tpm tpm0: Operation Canceled
[   22.941501] tpm tpm0: Operation Canceled
[   22.962469] tpm tpm0: Operation Canceled
[   22.983744] tpm tpm0: Operation Canceled
[   23.004878] tpm tpm0: Operation Canceled
[   23.025769] tpm tpm0: Operation Canceled
[   23.047403] tpm tpm0: Operation Canceled
[   23.068185] tpm tpm0: Operation Canceled
[   23.089150] tpm tpm0: Operation Canceled
[   23.110249] tpm tpm0: Operation Canceled
[   23.131501] tpm tpm0: Operation Canceled
[   23.152262] tpm tpm0: Operation Canceled
[   23.173225] tpm tpm0: Operation Canceled
[   23.194342] tpm tpm0: Operation Canceled
[   23.215494] tpm tpm0: Operation Canceled
[   23.236427] tpm tpm0: Operation Canceled
[   23.257408] tpm tpm0: Operation Canceled
[   23.278419] tpm tpm0: Operation Canceled
[   23.299656] tpm tpm0: Operation Canceled
[   23.320685] tpm tpm0: Operation Canceled
[   23.341650] tpm tpm0: Operation Canceled
[   23.362672] tpm tpm0: Operation Canceled
[   23.383710] tpm tpm0: Operation Canceled
[   23.404744] tpm tpm0: Operation Canceled
[   23.425687] tpm tpm0: Operation Canceled
[   23.446733] tpm tpm0: Operation Canceled
[   23.467740] tpm tpm0: Operation Canceled
[   23.478798] tpm tpm0: Operation Canceled
[   23.499346] tpm tpm0: Operation Canceled
[   23.520251] tpm tpm0: Operation Canceled
[   23.541532] tpm tpm0: Operation Canceled
[   23.562471] tpm tpm0: Operation Canceled
[   23.583542] tpm tpm0: Operation Canceled
[   23.604661] tpm tpm0: Operation Canceled
[   23.625770] tpm tpm0: Operation Canceled
[   23.646803] tpm tpm0: Operation Canceled
[   23.667779] tpm tpm0: Operation Canceled
[   23.688779] tpm tpm0: Operation Canceled
[   23.709772] tpm tpm0: Operation Canceled
[   23.731107] tpm tpm0: Operation Canceled
[   23.752064] tpm tpm0: Operation Canceled
[   23.773095] tpm tpm0: Operation Canceled
[   23.794084] tpm tpm0: Operation Canceled
[   23.815100] tpm tpm0: Operation Canceled
[   23.836073] tpm tpm0: Operation Canceled
[   23.857092] tpm tpm0: Operation Canceled
[   23.878327] tpm tpm0: Operation Canceled
[   23.899365] tpm tpm0: Operation Canceled
[   23.920256] tpm tpm0: Operation Canceled
[   23.941166] tpm tpm0: Operation Canceled
[   23.962341] tpm tpm0: Operation Canceled
[   23.983415] tpm tpm0: Operation Canceled
[   24.004311] tpm tpm0: Operation Canceled
[   24.025306] tpm tpm0: Operation Canceled
[   24.046327] tpm tpm0: Operation Canceled
[   24.067384] tpm tpm0: Operation Canceled
[   24.088267] tpm tpm0: Operation Canceled
[   24.098860] tpm tpm0: Operation Canceled
[   24.119828] tpm tpm0: Operation Canceled
[   24.140769] tpm tpm0: Operation Canceled
[   24.172521] tpm tpm0: Operation Canceled
[   24.193458] tpm tpm0: Operation Canceled
[   24.214740] tpm tpm0: Operation Canceled
[   24.235414] tpm tpm0: Operation Canceled
[   24.256415] tpm tpm0: Operation Canceled
[   24.277422] tpm tpm0: Operation Canceled
[   24.298395] tpm tpm0: Operation Canceled
[   24.319445] tpm tpm0: Operation Canceled
[   24.340428] tpm tpm0: Operation Canceled
[   24.361439] tpm tpm0: Operation Canceled
[   24.382487] tpm tpm0: Operation Canceled
[   24.403614] tpm tpm0: Operation Canceled
[   24.424670] tpm tpm0: Operation Canceled
[   24.445703] tpm tpm0: Operation Canceled
[   24.466632] tpm tpm0: Operation Canceled
[   24.487656] tpm tpm0: Operation Canceled
[   24.508922] tpm tpm0: Operation Canceled
[   24.529796] tpm tpm0: Operation Canceled
[   24.551151] tpm tpm0: Operation Canceled
[   24.572208] tpm tpm0: Operation Canceled
[   24.593266] tpm tpm0: Operation Canceled
[   24.614280] tpm tpm0: Operation Canceled
[   24.635348] tpm tpm0: Operation Canceled
[   24.656231] tpm tpm0: Operation Canceled
[   24.677198] tpm tpm0: Operation Canceled
[   24.698257] tpm tpm0: Operation Canceled
[   24.719296] tpm tpm0: Operation Canceled
[   24.740139] tpm tpm0: Operation Canceled
[   24.761218] tpm tpm0: Operation Canceled
[   24.782329] tpm tpm0: Operation Canceled
[   24.803543] tpm tpm0: Operation Canceled
[   24.824561] tpm tpm0: Operation Canceled
[   24.845539] tpm tpm0: Operation Canceled
[   24.866563] tpm tpm0: Operation Canceled
[   24.887623] tpm tpm0: Operation Canceled
[   24.908707] tpm tpm0: Operation Canceled
[   24.929710] tpm tpm0: Operation Canceled
[   24.950708] tpm tpm0: Operation Canceled
[   24.971712] tpm tpm0: Operation Canceled
[   24.992674] tpm tpm0: Operation Canceled
[   25.013665] tpm tpm0: Operation Canceled
[   25.034666] tpm tpm0: Operation Canceled
[   25.056003] tpm tpm0: Operation Canceled
[   25.076925] tpm tpm0: Operation Canceled
[   25.097776] tpm tpm0: Operation Canceled
[   25.119066] tpm tpm0: Operation Canceled
[   25.150704] tpm tpm0: Operation Canceled
[   25.182242] tpm tpm0: Operation Canceled
[   25.203332] tpm tpm0: Operation Canceled
[   25.224346] tpm tpm0: Operation Canceled
[   25.245309] tpm tpm0: Operation Canceled
[   25.266326] tpm tpm0: Operation Canceled
[   25.287371] tpm tpm0: Operation Canceled
[   25.308381] tpm tpm0: Operation Canceled
[   25.329411] tpm tpm0: Operation Canceled
[   25.350393] tpm tpm0: Operation Canceled
[   25.371437] tpm tpm0: Operation Canceled
[   25.392456] tpm tpm0: Operation Canceled
[   25.413491] tpm tpm0: Operation Canceled
[   25.434479] tpm tpm0: Operation Canceled
[   25.455518] tpm tpm0: Operation Canceled
[   25.476681] tpm tpm0: Operation Canceled
[   25.497729] tpm tpm0: Operation Canceled
[   25.518744] tpm tpm0: Operation Canceled
[   25.539730] tpm tpm0: Operation Canceled
[   25.560766] tpm tpm0: Operation Canceled
[   25.581770] tpm tpm0: Operation Canceled
[   25.603287] tpm tpm0: Operation Canceled
[   25.624064] tpm tpm0: Operation Canceled
[   25.634804] tpm tpm0: Operation Canceled
[   25.655697] tpm tpm0: Operation Canceled
[   25.676652] tpm tpm0: Operation Canceled
[   25.697718] tpm tpm0: Operation Canceled
[   25.718687] tpm tpm0: Operation Canceled
[   25.739766] tpm tpm0: Operation Canceled
[   25.760748] tpm tpm0: Operation Canceled
[   25.781775] tpm tpm0: Operation Canceled
[   25.802848] tpm tpm0: Operation Canceled
[   25.824029] tpm tpm0: Operation Canceled
[   25.845082] tpm tpm0: Operation Canceled
[   25.866368] tpm tpm0: Operation Canceled
[   25.887523] tpm tpm0: Operation Canceled
[   25.897786] tpm tpm0: Operation Canceled
[   25.919090] tpm tpm0: Operation Canceled
[   25.940048] tpm tpm0: Operation Canceled
[   25.961055] tpm tpm0: Operation Canceled
[   25.982108] tpm tpm0: Operation Canceled
[   26.003450] tpm tpm0: Operation Canceled
[   26.013780] tpm tpm0: Operation Canceled
[   26.035156] tpm tpm0: Operation Canceled
[   26.055979] tpm tpm0: Operation Canceled
[   26.076997] tpm tpm0: Operation Canceled
[   26.098385] tpm tpm0: Operation Canceled
[   26.119405] tpm tpm0: Operation Canceled
[   26.140393] tpm tpm0: Operation Canceled
[   26.161433] tpm tpm0: Operation Canceled
[   26.171967] tpm tpm0: Operation Canceled
[   26.193167] tpm tpm0: Operation Canceled
[   26.214152] tpm tpm0: Operation Canceled
[   26.235397] tpm tpm0: Operation Canceled
[   26.256236] tpm tpm0: Operation Canceled
[   26.277314] tpm tpm0: Operation Canceled
[   26.298362] tpm tpm0: Operation Canceled
[   26.319452] tpm tpm0: Operation Canceled
[   26.329783] tpm tpm0: Operation Canceled
[   26.351048] tpm tpm0: Operation Canceled
[   26.372288] tpm tpm0: Operation Canceled
[   26.393335] tpm tpm0: Operation Canceled
[   26.415468] tpm tpm0: Operation Canceled
[   26.435441] tpm tpm0: Operation Canceled
[   26.456475] tpm tpm0: Operation Canceled
[   26.477581] tpm tpm0: Operation Canceled
[   26.498544] tpm tpm0: Operation Canceled
[   26.519573] tpm tpm0: Operation Canceled
[   26.540583] tpm tpm0: Operation Canceled
[   26.561642] tpm tpm0: Operation Canceled
[   26.582824] tpm tpm0: Operation Canceled
[   26.603731] tpm tpm0: Operation Canceled
[   26.624735] tpm tpm0: Operation Canceled
[   26.645770] tpm tpm0: Operation Canceled
[   26.666987] tpm tpm0: Operation Canceled
[   26.688047] tpm tpm0: Operation Canceled
[   26.709012] tpm tpm0: Operation Canceled
[   26.729803] tpm tpm0: Operation Canceled
[   26.751259] tpm tpm0: Operation Canceled
[   26.772068] tpm tpm0: Operation Canceled
[   26.793078] tpm tpm0: Operation Canceled
[   26.814083] tpm tpm0: Operation Canceled
[   26.835101] tpm tpm0: Operation Canceled
[   26.856209] tpm tpm0: Operation Canceled
[   26.877117] tpm tpm0: Operation Canceled
[   26.898113] tpm tpm0: Operation Canceled
[   26.919170] tpm tpm0: Operation Canceled
[   26.940176] tpm tpm0: Operation Canceled
[   26.950787] tpm tpm0: Operation Canceled
[   26.971748] tpm tpm0: Operation Canceled
[   26.992774] tpm tpm0: Operation Canceled
[   27.024350] tpm tpm0: Operation Canceled
[   27.045324] tpm tpm0: Operation Canceled
[   27.066352] tpm tpm0: Operation Canceled
[   27.087432] tpm tpm0: Operation Canceled
[   27.097775] tpm tpm0: Operation Canceled
[   27.119121] tpm tpm0: Operation Canceled
[   27.139925] tpm tpm0: Operation Canceled
[   27.171439] tpm tpm0: Operation Canceled
[   27.192467] tpm tpm0: Operation Canceled
[   27.213500] tpm tpm0: Operation Canceled
[   27.234504] tpm tpm0: Operation Canceled
[   27.255498] tpm tpm0: Operation Canceled
[   27.276525] tpm tpm0: Operation Canceled
[   27.297576] tpm tpm0: Operation Canceled
[   27.318591] tpm tpm0: Operation Canceled
[   27.339611] tpm tpm0: Operation Canceled
[   27.360583] tpm tpm0: Operation Canceled
[   27.381570] tpm tpm0: Operation Canceled
[   27.402582] tpm tpm0: Operation Canceled
[   27.423647] tpm tpm0: Operation Canceled
[   27.444679] tpm tpm0: Operation Canceled
[   27.465659] tpm tpm0: Operation Canceled
[   27.486692] tpm tpm0: Operation Canceled
[   27.507749] tpm tpm0: Operation Canceled
[   27.528980] tpm tpm0: Operation Canceled
[   27.560528] tpm tpm0: Operation Canceled
[   27.581770] tpm tpm0: Operation Canceled
[   27.602794] tpm tpm0: Operation Canceled
[   27.623798] tpm tpm0: Operation Canceled
[   27.644788] tpm tpm0: Operation Canceled
[   27.655394] tpm tpm0: Operation Canceled
[   27.676329] tpm tpm0: Operation Canceled
[   27.697340] tpm tpm0: Operation Canceled
[   27.718624] tpm tpm0: Operation Canceled
[   27.739411] tpm tpm0: Operation Canceled
[   27.760419] tpm tpm0: Operation Canceled
[   27.781400] tpm tpm0: Operation Canceled
[   27.802413] tpm tpm0: Operation Canceled
[   27.823543] tpm tpm0: Operation Canceled
[   27.844500] tpm tpm0: Operation Canceled
[   27.865543] tpm tpm0: Operation Canceled
[   27.886881] tpm tpm0: Operation Canceled
[   27.907886] tpm tpm0: Operation Canceled
[   27.928915] tpm tpm0: Operation Canceled
[   27.960507] tpm tpm0: Operation Canceled
[   27.981449] tpm tpm0: Operation Canceled
[   28.002488] tpm tpm0: Operation Canceled
[   28.023540] tpm tpm0: Operation Canceled
[   28.044571] tpm tpm0: Operation Canceled
[   28.065592] tpm tpm0: Operation Canceled
[   28.086641] tpm tpm0: Operation Canceled
[   28.107702] tpm tpm0: Operation Canceled
[   28.128891] tpm tpm0: Operation Canceled
[   28.139478] tpm tpm0: Operation Canceled
[   28.160466] tpm tpm0: Operation Canceled
[   28.191950] tpm tpm0: Operation Canceled
[   28.213014] tpm tpm0: Operation Canceled
[   28.233780] tpm tpm0: Operation Canceled
[   28.255108] tpm tpm0: Operation Canceled
[   28.276025] tpm tpm0: Operation Canceled
[   28.297020] tpm tpm0: Operation Canceled
[   28.318080] tpm tpm0: Operation Canceled
[   28.339117] tpm tpm0: Operation Canceled
[   28.360090] tpm tpm0: Operation Canceled
[   28.381098] tpm tpm0: Operation Canceled
[   28.402136] tpm tpm0: Operation Canceled
[   28.423186] tpm tpm0: Operation Canceled
[   28.444152] tpm tpm0: Operation Canceled
[   28.465220] tpm tpm0: Operation Canceled
[   28.486191] tpm tpm0: Operation Canceled
[   28.507233] tpm tpm0: Operation Canceled
[   28.528198] tpm tpm0: Operation Canceled
[   28.549215] tpm tpm0: Operation Canceled
[   28.570242] tpm tpm0: Operation Canceled
[   28.591587] tpm tpm0: Operation Canceled
[   28.612592] tpm tpm0: Operation Canceled
[   28.633616] tpm tpm0: Operation Canceled
[   28.654678] tpm tpm0: Operation Canceled
[   28.675697] tpm tpm0: Operation Canceled
[   28.696718] tpm tpm0: Operation Canceled
[   28.717714] tpm tpm0: Operation Canceled
[   28.738755] tpm tpm0: Operation Canceled
[   28.759968] tpm tpm0: Operation Canceled
[   28.780729] tpm tpm0: Operation Canceled
[   28.801728] tpm tpm0: Operation Canceled
[   28.822753] tpm tpm0: Operation Canceled
[   28.843777] tpm tpm0: Operation Canceled
[   28.864741] tpm tpm0: Operation Canceled
[   28.896318] tpm tpm0: Operation Canceled
[   28.917329] tpm tpm0: Operation Canceled
[   28.938394] tpm tpm0: Operation Canceled
[   28.959487] tpm tpm0: Operation Canceled
[   28.969777] tpm tpm0: Operation Canceled
[   28.991149] tpm tpm0: Operation Canceled
[   29.011947] tpm tpm0: Operation Canceled
[   29.032982] tpm tpm0: Operation Canceled
[   29.053775] tpm tpm0: Operation Canceled
[   29.075198] tpm tpm0: Operation Canceled
[   29.096044] tpm tpm0: Operation Canceled
[   29.117049] tpm tpm0: Operation Canceled
[   29.138127] tpm tpm0: Operation Canceled
[   29.159143] tpm tpm0: Operation Canceled
[   29.190662] tpm tpm0: Operation Canceled
[   29.211666] tpm tpm0: Operation Canceled
[   29.232667] tpm tpm0: Operation Canceled
[   29.253725] tpm tpm0: Operation Canceled
[   29.274723] tpm tpm0: Operation Canceled
[   29.295974] tpm tpm0: Operation Canceled
[   29.316953] tpm tpm0: Operation Canceled
[   29.348509] tpm tpm0: Operation Canceled
[   29.369488] tpm tpm0: Operation Canceled
[   29.390499] tpm tpm0: Operation Canceled
[   29.411598] tpm tpm0: Operation Canceled
[   29.432587] tpm tpm0: Operation Canceled
[   29.453598] tpm tpm0: Operation Canceled
[   29.474618] tpm tpm0: Operation Canceled
[   29.495738] tpm tpm0: Operation Canceled
[   29.516678] tpm tpm0: Operation Canceled
[   29.537771] tpm tpm0: Operation Canceled
[   29.558908] tpm tpm0: Operation Canceled
[   29.579895] tpm tpm0: Operation Canceled
[   29.600858] tpm tpm0: Operation Canceled
[   29.611466] tpm tpm0: Operation Canceled
[   29.632450] tpm tpm0: Operation Canceled
[   29.653705] tpm tpm0: Operation Canceled
[   29.674690] tpm tpm0: Operation Canceled
[   29.695734] tpm tpm0: Operation Canceled
[   29.716680] tpm tpm0: Operation Canceled
[   29.737691] tpm tpm0: Operation Canceled
[   29.758717] tpm tpm0: Operation Canceled
[   29.779770] tpm tpm0: Operation Canceled
[   29.800744] tpm tpm0: Operation Canceled
[   29.821771] tpm tpm0: Operation Canceled
[   29.842859] tpm tpm0: Operation Canceled
[   29.863814] tpm tpm0: Operation Canceled
[   29.884867] tpm tpm0: Operation Canceled
[   29.916413] tpm tpm0: Operation Canceled
[   29.937420] tpm tpm0: Operation Canceled
[   29.958422] tpm tpm0: Operation Canceled
[   29.979517] tpm tpm0: Operation Canceled
[   30.000787] tpm tpm0: Operation Canceled
[   30.021501] tpm tpm0: Operation Canceled
[   30.042518] tpm tpm0: Operation Canceled
[   30.063625] tpm tpm0: Operation Canceled
[   30.084687] tpm tpm0: Operation Canceled
[   30.105640] tpm tpm0: Operation Canceled
[   30.126660] tpm tpm0: Operation Canceled
[   30.147700] tpm tpm0: Operation Canceled
[   30.179379] tpm tpm0: Operation Canceled
[   30.200386] tpm tpm0: Operation Canceled
[   30.221413] tpm tpm0: Operation Canceled
[   30.242391] tpm tpm0: Operation Canceled
[   30.263495] tpm tpm0: Operation Canceled
[   30.284475] tpm tpm0: Operation Canceled
[   30.305529] tpm tpm0: Operation Canceled
[   30.326502] tpm tpm0: Operation Canceled
[   30.347597] tpm tpm0: Operation Canceled
[   30.368594] tpm tpm0: Operation Canceled
[   30.389598] tpm tpm0: Operation Canceled
[   30.410701] tpm tpm0: Operation Canceled
[   30.431678] tpm tpm0: Operation Canceled
[   30.452705] tpm tpm0: Operation Canceled
[   30.484396] tpm tpm0: Operation Canceled
[   30.505406] tpm tpm0: Operation Canceled
[   30.526436] tpm tpm0: Operation Canceled
[   30.547407] tpm tpm0: Operation Canceled
[   30.568406] tpm tpm0: Operation Canceled
[   30.589397] tpm tpm0: Operation Canceled
[   30.610427] tpm tpm0: Operation Canceled
[   30.631392] tpm tpm0: Operation Canceled
[   30.652435] tpm tpm0: Operation Canceled
[   30.673618] tpm tpm0: Operation Canceled
[   30.694448] tpm tpm0: Operation Canceled
[   30.715524] tpm tpm0: Operation Canceled
[   30.736484] tpm tpm0: Operation Canceled
[   30.757461] tpm tpm0: Operation Canceled
[   30.778476] tpm tpm0: Operation Canceled
[   30.799582] tpm tpm0: Operation Canceled
[   30.810082] tpm tpm0: Operation Canceled
[   30.831226] tpm tpm0: Operation Canceled
[   30.852300] tpm tpm0: Operation Canceled
[   30.873296] tpm tpm0: Operation Canceled
[   30.894305] tpm tpm0: Operation Canceled
[   30.915381] tpm tpm0: Operation Canceled
[   30.936301] tpm tpm0: Operation Canceled
[   30.957312] tpm tpm0: Operation Canceled
[   30.978354] tpm tpm0: Operation Canceled
[   31.010169] tpm tpm0: Operation Canceled
[   31.031244] tpm tpm0: Operation Canceled
[   31.052249] tpm tpm0: Operation Canceled
[   31.073268] tpm tpm0: Operation Canceled
[   31.094331] tpm tpm0: Operation Canceled
[   31.115408] tpm tpm0: Operation Canceled
[   31.125784] tpm tpm0: Operation Canceled
[   31.146940] tpm tpm0: Operation Canceled
[   31.167911] tpm tpm0: Operation Canceled
[   31.188961] tpm tpm0: Operation Canceled
[   31.210185] tpm tpm0: Operation Canceled
[   31.231378] tpm tpm0: Operation Canceled
[   31.252428] tpm tpm0: Operation Canceled
[   31.273436] tpm tpm0: Operation Canceled
[   31.294456] tpm tpm0: Operation Canceled
[   31.315439] tpm tpm0: Operation Canceled
[   31.336452] tpm tpm0: Operation Canceled
[   31.357475] tpm tpm0: Operation Canceled
[   31.378714] tpm tpm0: Operation Canceled
[   31.399724] tpm tpm0: Operation Canceled
[   31.420685] tpm tpm0: Operation Canceled
[   31.441675] tpm tpm0: Operation Canceled
[   31.462693] tpm tpm0: Operation Canceled
[   31.483777] tpm tpm0: Operation Canceled
[   31.504764] tpm tpm0: Operation Canceled
[   31.536475] tpm tpm0: Operation Canceled
[   31.557687] tpm tpm0: Operation Canceled
[   31.578701] tpm tpm0: Operation Canceled
[   31.599719] tpm tpm0: Operation Canceled
[   31.620687] tpm tpm0: Operation Canceled
[   31.641685] tpm tpm0: Operation Canceled
[   31.662714] tpm tpm0: Operation Canceled
[   31.683754] tpm tpm0: Operation Canceled
[   31.704723] tpm tpm0: Operation Canceled
[   31.725772] tpm tpm0: Operation Canceled
[   31.746842] tpm tpm0: Operation Canceled
[   31.767823] tpm tpm0: Operation Canceled
[   31.788828] tpm tpm0: Operation Canceled
[   31.809838] tpm tpm0: Operation Canceled
[   31.830900] tpm tpm0: Operation Canceled
[   31.851884] tpm tpm0: Operation Canceled
[   31.872907] tpm tpm0: Operation Canceled
[   31.883649] tpm tpm0: Operation Canceled
[   31.904509] tpm tpm0: Operation Canceled
[   31.925520] tpm tpm0: Operation Canceled
[   31.946468] tpm tpm0: Operation Canceled
[   31.967488] tpm tpm0: Operation Canceled
[   31.988488] tpm tpm0: Operation Canceled
[   32.009545] tpm tpm0: Operation Canceled
[   32.030559] tpm tpm0: Operation Canceled
[   32.051637] tpm tpm0: Operation Canceled
[   32.072664] tpm tpm0: Operation Canceled
[   32.093772] tpm tpm0: Operation Canceled
[   32.114966] tpm tpm0: Operation Canceled
[   32.135911] tpm tpm0: Operation Canceled
[   32.156944] tpm tpm0: Operation Canceled
[   32.198990] tpm tpm0: Operation Canceled
[   32.219955] tpm tpm0: Operation Canceled
[   32.240973] tpm tpm0: Operation Canceled
[   32.262067] tpm tpm0: Operation Canceled
[   32.283048] tpm tpm0: Operation Canceled
[   32.304020] tpm tpm0: Operation Canceled
[   32.325046] tpm tpm0: Operation Canceled
[   32.346079] tpm tpm0: Operation Canceled
[   32.367169] tpm tpm0: Operation Canceled
[   32.388080] tpm tpm0: Operation Canceled
[   32.409081] tpm tpm0: Operation Canceled
[   32.430106] tpm tpm0: Operation Canceled
[   32.451153] tpm tpm0: Operation Canceled
[   32.472160] tpm tpm0: Operation Canceled
[   32.493128] tpm tpm0: Operation Canceled
[   32.514165] tpm tpm0: Operation Canceled
[   32.535208] tpm tpm0: Operation Canceled
[   32.556253] tpm tpm0: Operation Canceled
[   32.577248] tpm tpm0: Operation Canceled
[   32.598286] tpm tpm0: Operation Canceled
[   32.619587] tpm tpm0: Operation Canceled
[   32.640630] tpm tpm0: Operation Canceled
[   32.661563] tpm tpm0: Operation Canceled
[   32.682593] tpm tpm0: Operation Canceled
[   32.703599] tpm tpm0: Operation Canceled
[   32.724588] tpm tpm0: Operation Canceled
[   32.745617] tpm tpm0: Operation Canceled
[   32.766603] tpm tpm0: Operation Canceled
[   32.787641] tpm tpm0: Operation Canceled
[   32.808648] tpm tpm0: Operation Canceled
[   32.829654] tpm tpm0: Operation Canceled
[   32.850650] tpm tpm0: Operation Canceled
[   32.871717] tpm tpm0: Operation Canceled
[   32.892707] tpm tpm0: Operation Canceled
[   32.913763] tpm tpm0: Operation Canceled
[   32.934794] tpm tpm0: Operation Canceled
[   32.955913] tpm tpm0: Operation Canceled
[   32.976906] tpm tpm0: Operation Canceled
[   32.987488] tpm tpm0: Operation Canceled
[   33.008454] tpm tpm0: Operation Canceled
[   33.029482] tpm tpm0: Operation Canceled
[   33.050427] tpm tpm0: Operation Canceled
[   33.071428] tpm tpm0: Operation Canceled
[   33.092428] tpm tpm0: Operation Canceled
[   33.113487] tpm tpm0: Operation Canceled
[   33.134710] tpm tpm0: Operation Canceled
[   33.155476] tpm tpm0: Operation Canceled
[   33.186996] tpm tpm0: Operation Canceled
[   33.218533] tpm tpm0: Operation Canceled
[   33.239584] tpm tpm0: Operation Canceled
[   33.260579] tpm tpm0: Operation Canceled
[   33.281573] tpm tpm0: Operation Canceled
[   33.302659] tpm tpm0: Operation Canceled
[   33.323628] tpm tpm0: Operation Canceled
[   33.344653] tpm tpm0: Operation Canceled
[   33.365638] tpm tpm0: Operation Canceled
[   33.386676] tpm tpm0: Operation Canceled
[   33.407697] tpm tpm0: Operation Canceled
[   33.428764] tpm tpm0: Operation Canceled
[   33.460387] tpm tpm0: Operation Canceled
[   33.481373] tpm tpm0: Operation Canceled
[   33.502588] tpm tpm0: Operation Canceled
[   33.523796] tpm tpm0: Operation Canceled
[   33.544798] tpm tpm0: Operation Canceled
[   33.555381] tpm tpm0: Operation Canceled
[   33.576380] tpm tpm0: Operation Canceled
[   33.597403] tpm tpm0: Operation Canceled
[   33.618397] tpm tpm0: Operation Canceled
[   33.639396] tpm tpm0: Operation Canceled
[   33.660408] tpm tpm0: Operation Canceled
[   33.681450] tpm tpm0: Operation Canceled
[   33.702452] tpm tpm0: Operation Canceled
[   33.733777] tpm tpm0: Operation Canceled
[   33.755089] tpm tpm0: Operation Canceled
[   33.776043] tpm tpm0: Operation Canceled
[   33.797160] tpm tpm0: Operation Canceled
[   33.818226] tpm tpm0: Operation Canceled
[   33.839246] tpm tpm0: Operation Canceled
[   33.860265] tpm tpm0: Operation Canceled
[   33.881250] tpm tpm0: Operation Canceled
[   33.902252] tpm tpm0: Operation Canceled
[   33.923405] tpm tpm0: Operation Canceled
[   33.944334] tpm tpm0: Operation Canceled
[   33.965293] tpm tpm0: Operation Canceled
[   33.986367] tpm tpm0: Operation Canceled
[   34.007489] tpm tpm0: Operation Canceled
[   34.028522] tpm tpm0: Operation Canceled
[   34.049477] tpm tpm0: Operation Canceled
[   34.070468] tpm tpm0: Operation Canceled
[   34.091572] tpm tpm0: Operation Canceled
[   34.112544] tpm tpm0: Operation Canceled
[   34.133586] tpm tpm0: Operation Canceled
[   34.154564] tpm tpm0: Operation Canceled
[   34.186158] tpm tpm0: Operation Canceled
[   34.207427] tpm tpm0: Operation Canceled
[   34.228432] tpm tpm0: Operation Canceled
[   34.249420] tpm tpm0: Operation Canceled
[   34.270455] tpm tpm0: Operation Canceled
[   34.291542] tpm tpm0: Operation Canceled
[   34.312538] tpm tpm0: Operation Canceled
[   34.333530] tpm tpm0: Operation Canceled
[   34.354577] tpm tpm0: Operation Canceled
[   34.375985] tpm tpm0: Operation Canceled
[   34.397001] tpm tpm0: Operation Canceled
[   34.418242] tpm tpm0: Operation Canceled
[   34.439209] tpm tpm0: Operation Canceled
[   34.460288] tpm tpm0: Operation Canceled
[   34.481305] tpm tpm0: Operation Canceled
[   34.502370] tpm tpm0: Operation Canceled
[   34.523455] tpm tpm0: Operation Canceled
[   34.533786] tpm tpm0: Operation Canceled
[   34.555441] tpm tpm0: Operation Canceled
[   34.576219] tpm tpm0: Operation Canceled
[   34.597208] tpm tpm0: Operation Canceled
[   34.618208] tpm tpm0: Operation Canceled
[   34.639416] tpm tpm0: Operation Canceled
[   34.660233] tpm tpm0: Operation Canceled
[   34.681196] tpm tpm0: Operation Canceled
[   34.702204] tpm tpm0: Operation Canceled
[   34.723312] tpm tpm0: Operation Canceled
[   34.744333] tpm tpm0: Operation Canceled
[   34.765294] tpm tpm0: Operation Canceled
[   34.786296] tpm tpm0: Operation Canceled
[   34.807349] tpm tpm0: Operation Canceled
[   34.828321] tpm tpm0: Operation Canceled
[   34.849364] tpm tpm0: Operation Canceled
[   34.870371] tpm tpm0: Operation Canceled
[   34.902138] tpm tpm0: Operation Canceled
[   34.923134] tpm tpm0: Operation Canceled
[   34.944094] tpm tpm0: Operation Canceled
[   34.965118] tpm tpm0: Operation Canceled
[   34.986120] tpm tpm0: Operation Canceled
[   35.007144] tpm tpm0: Operation Canceled
[   35.028105] tpm tpm0: Operation Canceled
[   35.049179] tpm tpm0: Operation Canceled
[   35.070177] tpm tpm0: Operation Canceled
[   35.091485] tpm tpm0: Operation Canceled
[   35.112490] tpm tpm0: Operation Canceled
[   35.133522] tpm tpm0: Operation Canceled
[   35.154506] tpm tpm0: Operation Canceled
[   35.175587] tpm tpm0: Operation Canceled
[   35.207266] tpm tpm0: Operation Canceled
[   35.238640] tpm tpm0: Operation Canceled
[   35.259900] tpm tpm0: Operation Canceled
[   35.280911] tpm tpm0: Operation Canceled
[   35.312473] tpm tpm0: Operation Canceled
[   35.333513] tpm tpm0: Operation Canceled
[   35.354481] tpm tpm0: Operation Canceled
[   35.375540] tpm tpm0: Operation Canceled
[   35.396565] tpm tpm0: Operation Canceled
[   35.417599] tpm tpm0: Operation Canceled
[   35.438667] tpm tpm0: Operation Canceled
[   35.459707] tpm tpm0: Operation Canceled
[   35.480699] tpm tpm0: Operation Canceled
[   35.501711] tpm tpm0: Operation Canceled
[   35.522753] tpm tpm0: Operation Canceled
[   35.543699] tpm tpm0: Operation Canceled
[   35.564693] tpm tpm0: Operation Canceled
[   35.585714] tpm tpm0: Operation Canceled
[   35.606753] tpm tpm0: Operation Canceled
[   35.627777] tpm tpm0: Operation Canceled
[   35.648780] tpm tpm0: Operation Canceled
[   35.669770] tpm tpm0: Operation Canceled
[   35.690919] tpm tpm0: Operation Canceled
[   35.711847] tpm tpm0: Operation Canceled
[   35.732852] tpm tpm0: Operation Canceled
[   35.753774] tpm tpm0: Operation Canceled
[   35.774942] tpm tpm0: Operation Canceled
[   35.795959] tpm tpm0: Operation Canceled
[   35.816918] tpm tpm0: Operation Canceled
[   35.837766] tpm tpm0: Operation Canceled
[   35.859135] tpm tpm0: Operation Canceled
[   35.879947] tpm tpm0: Operation Canceled
[   35.900920] tpm tpm0: Operation Canceled
[   35.911518] tpm tpm0: Operation Canceled
[   35.932510] tpm tpm0: Operation Canceled
[   35.953521] tpm tpm0: Operation Canceled
[   35.974533] tpm tpm0: Operation Canceled
[   35.995565] tpm tpm0: Operation Canceled
[   36.016570] tpm tpm0: Operation Canceled
[   36.037580] tpm tpm0: Operation Canceled
[   36.058624] tpm tpm0: Operation Canceled
[   36.079716] tpm tpm0: Operation Canceled
[   36.100697] tpm tpm0: Operation Canceled
[   36.121697] tpm tpm0: Operation Canceled
[   36.142899] tpm tpm0: Operation Canceled
[   36.153545] tpm tpm0: Operation Canceled
[   36.174665] tpm tpm0: Operation Canceled
[   36.195705] tpm tpm0: Operation Canceled
[   36.216669] tpm tpm0: Operation Canceled
[   36.237638] tpm tpm0: Operation Canceled
[   36.258633] tpm tpm0: Operation Canceled
[   36.279657] tpm tpm0: Operation Canceled
[   36.300616] tpm tpm0: Operation Canceled
[   36.321610] tpm tpm0: Operation Canceled
[   36.342612] tpm tpm0: Operation Canceled
[   36.363668] tpm tpm0: Operation Canceled
[   36.384631] tpm tpm0: Operation Canceled
[   36.405762] tpm tpm0: Operation Canceled
[   36.426744] tpm tpm0: Operation Canceled
[   36.447831] tpm tpm0: Operation Canceled
[   36.468774] tpm tpm0: Operation Canceled
[   36.490084] tpm tpm0: Operation Canceled
[   36.511173] tpm tpm0: Operation Canceled
[   36.532106] tpm tpm0: Operation Canceled
[   36.553074] tpm tpm0: Operation Canceled
[   36.573772] tpm tpm0: Operation Canceled
[   36.595219] tpm tpm0: Operation Canceled
[   36.616072] tpm tpm0: Operation Canceled
[   36.637007] tpm tpm0: Operation Canceled
[   36.657784] tpm tpm0: Operation Canceled
[   36.679069] tpm tpm0: Operation Canceled
[   36.700057] tpm tpm0: Operation Canceled
[   36.721003] tpm tpm0: Operation Canceled
[   36.741778] tpm tpm0: Operation Canceled
[   36.763207] tpm tpm0: Operation Canceled
[   36.784026] tpm tpm0: Operation Canceled
[   36.794861] tpm tpm0: Operation Canceled
[   36.815771] tpm tpm0: Operation Canceled
[   36.836812] tpm tpm0: Operation Canceled
[   36.857766] tpm tpm0: Operation Canceled
[   36.878788] tpm tpm0: Operation Canceled
[   36.899912] tpm tpm0: Operation Canceled
[   36.920931] tpm tpm0: Operation Canceled
[   36.941869] tpm tpm0: Operation Canceled
[   36.962918] tpm tpm0: Operation Canceled
[   36.983869] tpm tpm0: Operation Canceled
[   37.004755] tpm tpm0: Operation Canceled
[   37.015348] tpm tpm0: Operation Canceled
[   37.036336] tpm tpm0: Operation Canceled
[   37.057416] tpm tpm0: Operation Canceled
[   37.078876] tpm tpm0: Operation Canceled
[   37.099894] tpm tpm0: Operation Canceled
[   37.120888] tpm tpm0: Operation Canceled
[   37.152420] tpm tpm0: Operation Canceled
[   37.183910] tpm tpm0: Operation Canceled
[   37.204892] tpm tpm0: Operation Canceled
[   37.225771] tpm tpm0: Operation Canceled
[   37.247314] tpm tpm0: Operation Canceled
[   37.267904] tpm tpm0: Operation Canceled
[   37.288937] tpm tpm0: Operation Canceled
[   37.309779] tpm tpm0: Operation Canceled
[   37.331145] tpm tpm0: Operation Canceled
[   37.351946] tpm tpm0: Operation Canceled
[   37.372928] tpm tpm0: Operation Canceled
[   37.393773] tpm tpm0: Operation Canceled
[   37.415162] tpm tpm0: Operation Canceled
[   37.436065] tpm tpm0: Operation Canceled
[   37.457026] tpm tpm0: Operation Canceled
[   37.477772] tpm tpm0: Operation Canceled
[   37.499034] tpm tpm0: Operation Canceled
[   37.520010] tpm tpm0: Operation Canceled
[   37.540961] tpm tpm0: Operation Canceled
[   37.561777] tpm tpm0: Operation Canceled
[   37.583279] tpm tpm0: Operation Canceled
[   37.604264] tpm tpm0: Operation Canceled
[   37.625244] tpm tpm0: Operation Canceled
[   37.646238] tpm tpm0: Operation Canceled
[   37.667404] tpm tpm0: Operation Canceled
[   37.688381] tpm tpm0: Operation Canceled
[   37.709484] tpm tpm0: Operation Canceled
[   37.730425] tpm tpm0: Operation Canceled
[   37.751596] tpm tpm0: Operation Canceled
[   37.772572] tpm tpm0: Operation Canceled
[   37.793597] tpm tpm0: Operation Canceled
[   37.814585] tpm tpm0: Operation Canceled
[   37.835625] tpm tpm0: Operation Canceled
[   37.856618] tpm tpm0: Operation Canceled
[   37.877658] tpm tpm0: Operation Canceled
[   37.898645] tpm tpm0: Operation Canceled
[   37.919882] tpm tpm0: Operation Canceled
[   37.940837] tpm tpm0: Operation Canceled
[   37.961773] tpm tpm0: Operation Canceled
[   37.982849] tpm tpm0: Operation Canceled
[   38.003949] tpm tpm0: Operation Canceled
[   38.024959] tpm tpm0: Operation Canceled
[   38.045771] tpm tpm0: Operation Canceled
[   38.067009] tpm tpm0: Operation Canceled
[   38.088173] tpm tpm0: Operation Canceled
[   38.109174] tpm tpm0: Operation Canceled
[   38.130187] tpm tpm0: Operation Canceled
[   38.151242] tpm tpm0: Operation Canceled
[   38.172172] tpm tpm0: Operation Canceled
[   38.193165] tpm tpm0: Operation Canceled
[   38.214148] tpm tpm0: Operation Canceled
[   38.235352] tpm tpm0: Operation Canceled
[   38.256187] tpm tpm0: Operation Canceled
[   38.277130] tpm tpm0: Operation Canceled
[   38.298178] tpm tpm0: Operation Canceled
[   38.319343] tpm tpm0: Operation Canceled
[   38.340328] tpm tpm0: Operation Canceled
[   38.350854] tpm tpm0: Operation Canceled
[   38.371838] tpm tpm0: Operation Canceled
[   38.392872] tpm tpm0: Operation Canceled
[   38.414804] tpm tpm0: Operation Canceled
[   38.434994] tpm tpm0: Operation Canceled
[   38.455973] tpm tpm0: Operation Canceled
[   38.477082] tpm tpm0: Operation Canceled
[   38.498073] tpm tpm0: Operation Canceled
[   38.519228] tpm tpm0: Operation Canceled
[   38.540008] tpm tpm0: Operation Canceled
[   38.560996] tpm tpm0: Operation Canceled
[   38.582088] tpm tpm0: Operation Canceled
[   38.603269] tpm tpm0: Operation Canceled
[   38.624014] tpm tpm0: Operation Canceled
[   38.645031] tpm tpm0: Operation Canceled
[   38.666075] tpm tpm0: Operation Canceled
[   38.687257] tpm tpm0: Operation Canceled
[   38.708070] tpm tpm0: Operation Canceled
[   38.729050] tpm tpm0: Operation Canceled
[   38.750071] tpm tpm0: Operation Canceled
[   38.771083] tpm tpm0: Operation Canceled
[   38.792046] tpm tpm0: Operation Canceled
[   38.813098] tpm tpm0: Operation Canceled
[   38.833783] tpm tpm0: Operation Canceled
[   38.855077] tpm tpm0: Operation Canceled
[   38.876035] tpm tpm0: Operation Canceled
[   38.897074] tpm tpm0: Operation Canceled
[   38.917772] tpm tpm0: Operation Canceled
[   38.939133] tpm tpm0: Operation Canceled
[   38.960074] tpm tpm0: Operation Canceled
[   38.981106] tpm tpm0: Operation Canceled
[   39.001775] tpm tpm0: Operation Canceled
[   39.023410] tpm tpm0: Operation Canceled
[   39.044011] tpm tpm0: Operation Canceled
[   39.065018] tpm tpm0: Operation Canceled
[   39.085771] tpm tpm0: Operation Canceled
[   39.107224] tpm tpm0: Operation Canceled
[   39.127980] tpm tpm0: Operation Canceled
[   39.148977] tpm tpm0: Operation Canceled
[   39.169796] tpm tpm0: Operation Canceled
[   39.191216] tpm tpm0: Operation Canceled
[   39.211979] tpm tpm0: Operation Canceled
[   39.232996] tpm tpm0: Operation Canceled
[   39.253770] tpm tpm0: Operation Canceled
[   39.275193] tpm tpm0: Operation Canceled
[   39.295969] tpm tpm0: Operation Canceled
[   39.316952] tpm tpm0: Operation Canceled
[   39.337782] tpm tpm0: Operation Canceled
[   39.359037] tpm tpm0: Operation Canceled
[   39.379974] tpm tpm0: Operation Canceled
[   39.400954] tpm tpm0: Operation Canceled
[   39.421777] tpm tpm0: Operation Canceled
[   39.443242] tpm tpm0: Operation Canceled
[   39.463972] tpm tpm0: Operation Canceled
[   39.484914] tpm tpm0: Operation Canceled
[   39.505774] tpm tpm0: Operation Canceled
[   39.527105] tpm tpm0: Operation Canceled
[   39.548017] tpm tpm0: Operation Canceled
[   39.569010] tpm tpm0: Operation Canceled
[   39.590175] tpm tpm0: Operation Canceled
[   39.611307] tpm tpm0: Operation Canceled
[   39.632258] tpm tpm0: Operation Canceled
[   39.642805] tpm tpm0: Operation Canceled
[   39.663774] tpm tpm0: Operation Canceled
[   39.684743] tpm tpm0: Operation Canceled
[   39.705685] tpm tpm0: Operation Canceled
[   39.726599] tpm tpm0: Operation Canceled
[   39.747851] tpm tpm0: Operation Canceled
[   39.768728] tpm tpm0: Operation Canceled
[   39.789763] tpm tpm0: Operation Canceled
[   39.810830] tpm tpm0: Operation Canceled
[   39.831790] tpm tpm0: Operation Canceled
[   39.853033] tpm tpm0: Operation Canceled
[   39.873871] tpm tpm0: Operation Canceled
[   39.895213] tpm tpm0: Operation Canceled
[   39.916324] tpm tpm0: Operation Canceled
[   39.926836] tpm tpm0: Operation Canceled
[   39.947839] tpm tpm0: Operation Canceled
[   39.968848] tpm tpm0: Operation Canceled
[   39.989773] tpm tpm0: Operation Canceled
