c[?7l[2J[0mSeaBIOS (version rel-1.16.0-0-gd239552ce722-prebuilt.qemu.org)


iPXE (http://ipxe.org) 00:03.0 CA00 PCI2.10 PnP PMM+7FF91000+7FEF1000 CA00
Press Ctrl-B to configure iPXE (PCI 00:03.0)...                                                                               


Booting from ROM..c[?7l[2J[    0.000000] Linux version 6.18.0-tpmdd-next-6+ (root@gnr-bkc) (gcc (GCC) 11.5.0 20240719 (Red Hat 11.5.0-14), GNU ld version 2.35.2-54.el9) #1 SMP PREEMPT_DYNAMIC Tue Dec  2 19:43:50 CST 2025
[    0.000000] Command line: console=ttyS0 root=/dev/sda earlyprintk=serial net.ifnames=0 thunderbolt.dyndbg
[    0.000000] KERNEL supported cpus:
[    0.000000]   Intel GenuineIntel
[    0.000000]   AMD AuthenticAMD
[    0.000000]   Hygon HygonGenuine
[    0.000000]   Centaur CentaurHauls
[    0.000000]   zhaoxin   Shanghai  
[    0.000000] x86/split lock detection: #DB: warning on user-space bus_locks
[    0.000000] BIOS-provided physical RAM map:
[    0.000000] BIOS-e820: [mem 0x0000000000000000-0x000000000009fbff] usable
[    0.000000] BIOS-e820: [mem 0x000000000009fc00-0x000000000009ffff] reserved
[    0.000000] BIOS-e820: [mem 0x00000000000f0000-0x00000000000fffff] reserved
[    0.000000] BIOS-e820: [mem 0x0000000000100000-0x000000007ffdffff] usable
[    0.000000] BIOS-e820: [mem 0x000000007ffe0000-0x000000007fffffff] reserved
[    0.000000] BIOS-e820: [mem 0x00000000feffc000-0x00000000feffffff] reserved
[    0.000000] BIOS-e820: [mem 0x00000000fffc0000-0x00000000ffffffff] reserved
[    0.000000] printk: legacy bootconsole [earlyser0] enabled
[    0.000000] NX (Execute Disable) protection: active
[    0.000000] APIC: Static calls initialized
[    0.000000] SMBIOS 2.8 present.
[    0.000000] DMI: QEMU Standard PC (i440FX + PIIX, 1996), BIOS rel-1.16.0-0-gd239552ce722-prebuilt.qemu.org 04/01/2014
[    0.000000] DMI: Memory slots populated: 1/1
[    0.000000] Hypervisor detected: KVM
[    0.000000] last_pfn = 0x7ffe0 max_arch_pfn = 0x10000000000
[    0.000000] kvm-clock: Using msrs 4b564d01 and 4b564d00
[    0.000006] kvm-clock: using sched offset of 662987026 cycles
[    0.000520] clocksource: kvm-clock: mask: 0xffffffffffffffff max_cycles: 0x1cd42e4dffb, max_idle_ns: 881590591483 ns
[    0.002106] tsc: Detected 1700.000 MHz processor
[    0.010035] last_pfn = 0x7ffe0 max_arch_pfn = 0x10000000000
[    0.010614] MTRR map: 4 entries (3 fixed + 1 variable; max 19), built from 8 variable MTRRs
[    0.011434] x86/PAT: Configuration [0-7]: WB  WC  UC- UC  WB  WP  UC- WT  
[    0.017544] found SMP MP-table at [mem 0x000f5ba0-0x000f5baf]
[    0.018143] Using GB pages for direct mapping
[    0.020750] ACPI: Early table checksum verification disabled
[    0.021313] ACPI: RSDP 0x00000000000F59C0 000014 (v00 BOCHS )
[    0.021884] ACPI: RSDT 0x000000007FFE1951 000034 (v01 BOCHS  BXPC     00000001 BXPC 00000001)
[    0.022737] ACPI: FACP 0x000000007FFE17FD 000074 (v01 BOCHS  BXPC     00000001 BXPC 00000001)
[    0.023586] ACPI: DSDT 0x000000007FFE0040 0017BD (v01 BOCHS  BXPC     00000001 BXPC 00000001)
[    0.024431] ACPI: FACS 0x000000007FFE0000 000040
[    0.024895] ACPI: APIC 0x000000007FFE1871 000080 (v01 BOCHS  BXPC     00000001 BXPC 00000001)
[    0.025738] ACPI: HPET 0x000000007FFE18F1 000038 (v01 BOCHS  BXPC     00000001 BXPC 00000001)
[    0.026583] ACPI: WAET 0x000000007FFE1929 000028 (v01 BOCHS  BXPC     00000001 BXPC 00000001)
[    0.027424] ACPI: Reserving FACP table memory at [mem 0x7ffe17fd-0x7ffe1870]
[    0.028109] ACPI: Reserving DSDT table memory at [mem 0x7ffe0040-0x7ffe17fc]
[    0.028793] ACPI: Reserving FACS table memory at [mem 0x7ffe0000-0x7ffe003f]
[    0.029479] ACPI: Reserving APIC table memory at [mem 0x7ffe1871-0x7ffe18f0]
[    0.030166] ACPI: Reserving HPET table memory at [mem 0x7ffe18f1-0x7ffe1928]
[    0.030848] ACPI: Reserving WAET table memory at [mem 0x7ffe1929-0x7ffe1950]
[    0.032399] No NUMA configuration found
[    0.032775] Faking a node at [mem 0x0000000000000000-0x000000007ffdffff]
[    0.033483] NODE_DATA(0) allocated [mem 0x7ffb4ec0-0x7ffdfcbf]
[    0.035173] Zone ranges:
[    0.035439]   DMA      [mem 0x0000000000001000-0x0000000000ffffff]
[    0.036045]   DMA32    [mem 0x0000000001000000-0x000000007ffdffff]
[    0.036647]   Normal   empty
[    0.036931]   Device   empty
[    0.037218] Movable zone start for each node
[    0.037644] Early memory node ranges
[    0.037990]   node   0: [mem 0x0000000000001000-0x000000000009efff]
[    0.038602]   node   0: [mem 0x0000000000100000-0x000000007ffdffff]
[    0.039215] Initmem setup node 0 [mem 0x0000000000001000-0x000000007ffdffff]
[    0.040222] On node 0, zone DMA: 1 pages in unavailable ranges
[    0.040975] On node 0, zone DMA: 97 pages in unavailable ranges
[    0.068470] On node 0, zone DMA32: 32 pages in unavailable ranges
[    0.125470] KernelAddressSanitizer initialized (generic)
[    0.126306] ACPI: PM-Timer IO Port: 0x608
[    0.126723] ACPI: LAPIC_NMI (acpi_id[0xff] dfl dfl lint[0x1])
[    0.127344] IOAPIC[0]: apic_id 0, version 17, address 0xfec00000, GSI 0-23
[    0.128028] ACPI: INT_SRC_OVR (bus 0 bus_irq 0 global_irq 2 dfl dfl)
[    0.128648] ACPI: INT_SRC_OVR (bus 0 bus_irq 5 global_irq 5 high level)
[    0.129292] ACPI: INT_SRC_OVR (bus 0 bus_irq 9 global_irq 9 high level)
[    0.129935] ACPI: INT_SRC_OVR (bus 0 bus_irq 10 global_irq 10 high level)
[    0.130597] ACPI: INT_SRC_OVR (bus 0 bus_irq 11 global_irq 11 high level)
[    0.131267] ACPI: Using ACPI (MADT) for SMP configuration information
[    0.131897] ACPI: HPET id: 0x8086a201 base: 0xfed00000
[    0.132408] TSC deadline timer available
[    0.132799] CPU topo: Max. logical packages:   1
[    0.133252] CPU topo: Max. logical dies:       1
[    0.133700] CPU topo: Max. dies per package:   1
[    0.134161] CPU topo: Max. threads per core:   1
[    0.134612] CPU topo: Num. cores per package:     2
[    0.135088] CPU topo: Num. threads per package:   2
[    0.135561] CPU topo: Allowing 2 present CPUs plus 0 hotplug CPUs
[    0.136201] kvm-guest: APIC: eoi() replaced with kvm_guest_apic_eoi_write()
[    0.136900] kvm-guest: KVM setup pv remote TLB flush
[    0.137392] kvm-guest: setup PV sched yield
[    0.137842] PM: hibernation: Registered nosave memory: [mem 0x00000000-0x00000fff]
[    0.138582] PM: hibernation: Registered nosave memory: [mem 0x0009f000-0x000fffff]
[    0.139323] [mem 0x80000000-0xfeffbfff] available for PCI devices
[    0.139917] Booting paravirtualized kernel on KVM
[    0.140381] clocksource: refined-jiffies: mask: 0xffffffff max_cycles: 0xffffffff, max_idle_ns: 7645519600211568 ns
[    0.141409] setup_percpu: NR_CPUS:8192 nr_cpumask_bits:2 nr_cpu_ids:2 nr_node_ids:1
[    0.142672] percpu: Embedded 80 pages/cpu s290816 r8192 d28672 u1048576
[    0.143511] kvm-guest: PV spinlocks enabled
[    0.143932] PV qspinlock hash table entries: 256 (order: 0, 4096 bytes, linear)
[    0.144664] Kernel command line: net.ifnames=0 console=ttyS0 root=/dev/sda earlyprintk=serial net.ifnames=0 thunderbolt.dyndbg
[    0.146069] random: crng init done
[    0.146408] printk: log buffer data + meta data: 262144 + 917504 = 1179648 bytes
[    0.147555] Dentry cache hash table entries: 262144 (order: 9, 2097152 bytes, linear)
[    0.148725] Inode-cache hash table entries: 131072 (order: 8, 1048576 bytes, linear)
[    0.149767] Fallback order for Node 0: 0 
[    0.149779] Built 1 zonelists, mobility grouping on.  Total pages: 524158
[    0.150818] Policy zone: DMA32
[    0.151118] mem auto-init: stack:off, heap alloc:off, heap free:off
[    0.151716] stackdepot: allocating hash table via alloc_large_system_hash
[    0.152376] stackdepot hash table entries: 1048576 (order: 12, 16777216 bytes, linear)
[    0.156413] stackdepot: allocating space for 8192 stack pools via memblock
[    0.194086] SLUB: HWalign=64, Order=0-3, MinObjects=0, CPUs=2, Nodes=1
[    0.194727] kmemleak: Kernel memory leak detector disabled
[    0.230238] ftrace: allocating 74673 entries in 292 pages
[    0.230756] ftrace: allocated 292 pages with 3 groups
[    0.235091] Dynamic Preempt: voluntary
[    0.235938] Running RCU self tests
[    0.236265] Running RCU synchronous self tests
[    0.236689] rcu: Preemptible hierarchical RCU implementation.
[    0.237238] rcu: 	RCU lockdep checking is enabled.
[    0.237696] rcu: 	RCU restricting CPUs from NR_CPUS=8192 to nr_cpu_ids=2.
[    0.238347] 	Trampoline variant of Tasks RCU enabled.
[    0.238828] 	Rude variant of Tasks RCU enabled.
[    0.239267] 	Tracing variant of Tasks RCU enabled.
[    0.239725] rcu: RCU calculated value of scheduler-enlistment delay is 25 jiffies.
[    0.240448] rcu: Adjusting geometry for rcu_fanout_leaf=16, nr_cpu_ids=2
[    0.241173] Running RCU synchronous self tests
[    0.241604] RCU Tasks: Setting shift to 1 and lim to 1 rcu_task_cb_adjust=1 rcu_task_cpu_ids=2.
[    0.242447] RCU Tasks Rude: Setting shift to 1 and lim to 1 rcu_task_cb_adjust=1 rcu_task_cpu_ids=2.
[    0.243326] RCU Tasks Trace: Setting shift to 1 and lim to 1 rcu_task_cb_adjust=1 rcu_task_cpu_ids=2.
[    0.313238] NR_IRQS: 524544, nr_irqs: 440, preallocated irqs: 16
[    0.314385] rcu: srcu_init: Setting srcu_struct sizes based on contention.
[    0.323918] Console: colour VGA+ 80x25
[    0.324367] printk: legacy console [ttyS0] enabled
[    0.324367] printk: legacy console [ttyS0] enabled
[    0.325311] printk: legacy bootconsole [earlyser0] disabled
[    0.325311] printk: legacy bootconsole [earlyser0] disabled
[    0.326411] Lock dependency validator: Copyright (c) 2006 Red Hat, Inc., Ingo Molnar
[    0.327177] ... MAX_LOCKDEP_SUBCLASSES:  8
[    0.327588] ... MAX_LOCK_DEPTH:          48
[    0.328086] ... MAX_LOCKDEP_KEYS:        8192
[    0.328530] ... CLASSHASH_SIZE:          4096
[    0.328965] ... MAX_LOCKDEP_ENTRIES:     32768
[    0.329436] ... MAX_LOCKDEP_CHAINS:      65536
[    0.329884] ... CHAINHASH_SIZE:          32768
[    0.330329]  memory used by lock dependency info: 6429 kB
[    0.330861]  memory used for stack traces: 4224 kB
[    0.331340]  per task-struct memory footprint: 1920 bytes
[    0.332069] ACPI: Core revision 20250807
[    0.332908] clocksource: hpet: mask: 0xffffffff max_cycles: 0xffffffff, max_idle_ns: 19112604467 ns
[    0.333986] APIC: Switch to symmetric I/O mode setup
[    0.334674] x2apic enabled
[    0.335352] APIC: Switched APIC routing to: physical x2apic
[    0.335915] kvm-guest: APIC: send_IPI_mask() replaced with kvm_send_ipi_mask()
[    0.336647] kvm-guest: APIC: send_IPI_mask_allbutself() replaced with kvm_send_ipi_mask_allbutself()
[    0.337558] kvm-guest: setup PV IPIs
[    0.339217] ..TIMER: vector=0x30 apic1=0 pin1=2 apic2=-1 pin2=-1
[    0.339844] clocksource: tsc-early: mask: 0xffffffffffffffff max_cycles: 0x1881273ac8e, max_idle_ns: 440795257284 ns
[    0.340895] Calibrating delay loop (skipped) preset value.. 3400.00 BogoMIPS (lpj=6800000)
[    0.341865] x86/cpu: User Mode Instruction Prevention (UMIP) activated
[    0.344995] Last level iTLB entries: 4KB 0, 2MB 0, 4MB 0
[    0.345521] Last level dTLB entries: 4KB 0, 2MB 0, 4MB 0, 1GB 0
[    0.346125] mitigations: Enabled attack vectors: user_kernel, user_user, guest_host, guest_guest, SMT mitigations: auto
[    0.347185] Speculative Store Bypass: Mitigation: Speculative Store Bypass disabled via prctl
[    0.348012] Spectre V2 : Mitigation: Enhanced / Automatic IBRS
[    0.348887] ITS: Mitigation: Aligned branch/return thunks
[    0.349416] Spectre V1 : Mitigation: usercopy/swapgs barriers and __user pointer sanitization
[    0.350242] Spectre V2 : WARNING: Unprivileged eBPF is enabled with eIBRS on, data leaks possible via Spectre v2 BHB attacks!
[    0.351330] Spectre V2 : Spectre v2 / PBRSB-eIBRS: Retire a single CALL on VMEXIT
[    0.352065] Spectre V2 : mitigation: Enabling conditional Indirect Branch Prediction Barrier
[    0.352895] active return thunk: its_return_thunk
[    0.353385] Spectre V2 : Spectre BHI mitigation: SW BHB clearing on syscall and VM exit
[    0.354232] x86/fpu: Supporting XSAVE feature 0x001: 'x87 floating point registers'
[    0.354984] x86/fpu: Supporting XSAVE feature 0x002: 'SSE registers'
[    0.355616] x86/fpu: Supporting XSAVE feature 0x004: 'AVX registers'
[    0.356889] x86/fpu: Supporting XSAVE feature 0x020: 'AVX-512 opmask'
[    0.357534] x86/fpu: Supporting XSAVE feature 0x040: 'AVX-512 Hi256'
[    0.358173] x86/fpu: Supporting XSAVE feature 0x080: 'AVX-512 ZMM_Hi256'
[    0.358842] x86/fpu: Supporting XSAVE feature 0x200: 'Protection Keys User registers'
[    0.359616] x86/fpu: Supporting XSAVE feature 0x20000: 'AMX Tile config'
[    0.360284] x86/fpu: Supporting XSAVE feature 0x40000: 'AMX Tile data'
[    0.360886] x86/fpu: xstate_offset[2]:  576, xstate_sizes[2]:  256
[    0.361502] x86/fpu: xstate_offset[5]:  832, xstate_sizes[5]:   64
[    0.362123] x86/fpu: xstate_offset[6]:  896, xstate_sizes[6]:  512
[    0.362745] x86/fpu: xstate_offset[7]: 1408, xstate_sizes[7]: 1024
[    0.363360] x86/fpu: xstate_offset[9]: 2432, xstate_sizes[9]:    8
[    0.363981] x86/fpu: xstate_offset[17]: 2496, xstate_sizes[17]:   64
[    0.364884] x86/fpu: xstate_offset[18]: 2560, xstate_sizes[18]: 8192
[    0.365516] x86/fpu: Enabled xstate features 0x602e7, context size is 10752 bytes, using 'compacted' format.
[    0.519920] Freeing SMP alternatives memory: 64K
[    0.520404] pid_max: default: 32768 minimum: 301
[    0.521142] LSM: initializing lsm=capability,yama,ima,evm
[    0.521793] Yama: becoming mindful.
[    0.522601] Mount-cache hash table entries: 4096 (order: 3, 32768 bytes, linear)
[    0.523355] Mountpoint-cache hash table entries: 4096 (order: 3, 32768 bytes, linear)
[    0.525747] Running RCU synchronous self tests
[    0.526203] Running RCU synchronous self tests
[    0.526958] smpboot: CPU0: Intel(R) Xeon(R) Gold 6414TDX (family: 0x6, model: 0x8f, stepping: 0x6)
[    0.528615] Performance Events: PEBS fmt0-, Sapphire Rapids events, full-width counters, Intel PMU driver.
[    0.528882] ... version:                   2
[    0.528882] ... bit width:                 48
[    0.528882] ... generic counters:          8
[    0.528891] ... generic bitmap:            00000000000000ff
[    0.529442] ... fixed-purpose counters:    4
[    0.529872] ... fixed-purpose bitmap:      000000000000000f
[    0.530425] ... value mask:                0000ffffffffffff
[    0.530977] ... max period:                00007fffffffffff
[    0.531529] ... global_ctrl mask:          0000000f000000ff
[    0.532586] signal: max sigframe size: 11952
[    0.533038] rcu: Hierarchical SRCU implementation.
[    0.533519] rcu: 	Max phase no-delay instances is 1000.
[    0.534245] Timer migration: 1 hierarchy levels; 8 children per group; 1 crossnode level
[    0.550547] smp: Bringing up secondary CPUs ...
[    0.551593] smpboot: x86: Booting SMP configuration:
[    0.552113] .... node  #0, CPUs:      #1
[    0.552951] smp: Brought up 1 node, 2 CPUs
[    0.553805] smpboot: Total of 2 processors activated (6800.00 BogoMIPS)
[    0.555186] Memory: 1591844K/2096632K available (80005K kernel code, 15398K rwdata, 18472K rodata, 16260K init, 21268K bss, 493180K reserved, 0K cma-reserved)
[    0.557524] devtmpfs: initialized
[    0.557960] x86/mm: Memory block size: 128MB
[    0.569683] Running RCU synchronous self tests
[    0.570160] Running RCU synchronous self tests
[    0.570625] Running RCU Tasks wait API self tests
[    0.572906] Running RCU Tasks Rude wait API self tests
[    0.573425] Running RCU Tasks Trace wait API self tests
[    0.592896] clocksource: jiffies: mask: 0xffffffff max_cycles: 0xffffffff, max_idle_ns: 7645041785100000 ns
[    0.596933] posixtimers hash table entries: 1024 (order: 5, 73728 bytes, linear)
[    0.597735] futex hash table entries: 512 (65536 bytes on 1 NUMA nodes, total 64 KiB, linear).
[    0.599946] pinctrl core: initialized pinctrl subsystem
[    0.602148] 
[    0.602327] *************************************************************
[    0.603008] **     NOTICE NOTICE NOTICE NOTICE NOTICE NOTICE NOTICE    **
[    0.603685] **                                                         **
[    0.604360] **  IOMMU DebugFS SUPPORT HAS BEEN ENABLED IN THIS KERNEL  **
[    0.604890] **                                                         **
[    0.605555] ** This means that this kernel is built to expose internal **
[    0.606225] ** IOMMU data structures, which may compromise security on **
[    0.606894] ** your system.                                            **
[    0.607560] **                                                         **
[    0.608228] ** If you see this message and you are not debugging the   **
[    0.608890] ** kernel, report this immediately to your vendor!         **
[    0.609555] **                                                         **
[    0.610225] **     NOTICE NOTICE NOTICE NOTICE NOTICE NOTICE NOTICE    **
[    0.610892] *************************************************************
[    0.611646] PM: RTC time: 11:45:09, date: 2025-12-02
[    0.614616] NET: Registered PF_NETLINK/PF_ROUTE protocol family
[    0.616816] DMA: preallocated 256 KiB GFP_KERNEL pool for atomic allocations
[    0.616910] DMA: preallocated 256 KiB GFP_KERNEL|GFP_DMA pool for atomic allocations
[    0.617705] DMA: preallocated 256 KiB GFP_KERNEL|GFP_DMA32 pool for atomic allocations
[    0.618584] audit: initializing netlink subsys (disabled)
[    0.619172] audit: type=2000 audit(1764675909.793:1): state=initialized audit_enabled=0 res=1
[    0.619172] thermal_sys: Registered thermal governor 'fair_share'
[    0.619172] thermal_sys: Registered thermal governor 'bang_bang'
[    0.619421] thermal_sys: Registered thermal governor 'step_wise'
[    0.620016] thermal_sys: Registered thermal governor 'user_space'
[    0.620960] cpuidle: using governor ladder
[    0.621919] cpuidle: using governor menu
[    0.621919] acpiphp: ACPI Hot Plug PCI Controller Driver version: 0.5
[    0.623224] PCI: Using configuration type 1 for base access
[    0.625221] kprobes: kprobe jump-optimization is enabled. All kprobes are optimized if possible.
[    0.629403] Callback from call_rcu_tasks_trace() invoked.
[    0.809120] HugeTLB: registered 1.00 GiB page size, pre-allocated 0 pages
[    0.809120] HugeTLB: 16380 KiB vmemmap can be freed for a 1.00 GiB page
[    0.809120] HugeTLB: registered 2.00 MiB page size, pre-allocated 0 pages
[    0.809564] HugeTLB: 28 KiB vmemmap can be freed for a 2.00 MiB page
[    0.816443] ACPI: Added _OSI(Module Device)
[    0.816909] ACPI: Added _OSI(Processor Device)
[    0.817356] ACPI: Added _OSI(Processor Aggregator Device)
[    0.835039] ACPI: 1 ACPI AML tables successfully acquired and loaded
[    0.851773] ACPI: Interpreter enabled
[    0.852186] ACPI: PM: (supports S0 S3 S4 S5)
[    0.852893] ACPI: Using IOAPIC for interrupt routing
[    0.853499] PCI: Using host bridge windows from ACPI; if necessary, use "pci=nocrs" and report a bug
[    0.854398] PCI: Using E820 reservations for host bridge windows
[    0.856306] ACPI: Enabled 2 GPEs in block 00 to 0F
[    0.899392] ACPI: PCI Root Bridge [PCI0] (domain 0000 [bus 00-ff])
[    0.900049] acpi PNP0A03:00: _OSC: OS supports [ASPM ClockPM Segments MSI EDR HPX-Type3]
[    0.900852] acpi PNP0A03:00: _OSC: not requesting OS control; OS requires [ExtendedConfig ASPM ClockPM MSI]
[    0.901053] acpi PNP0A03:00: fail to add MMCONFIG information, can't access extended configuration space under this bridge
[    0.907142] acpiphp: Slot [3] registered
[    0.907687] acpiphp: Slot [4] registered
[    0.908229] acpiphp: Slot [5] registered
[    0.908771] acpiphp: Slot [6] registered
[    0.909039] acpiphp: Slot [7] registered
[    0.909581] acpiphp: Slot [8] registered
[    0.910122] acpiphp: Slot [9] registered
[    0.910661] acpiphp: Slot [10] registered
[    0.911213] acpiphp: Slot [11] registered
[    0.911763] acpiphp: Slot [12] registered
[    0.912316] acpiphp: Slot [13] registered
[    0.912878] acpiphp: Slot [14] registered
[    0.913429] acpiphp: Slot [15] registered
[    0.913978] acpiphp: Slot [16] registered
[    0.914527] acpiphp: Slot [17] registered
[    0.915083] acpiphp: Slot [18] registered
[    0.915630] acpiphp: Slot [19] registered
[    0.916179] acpiphp: Slot [20] registered
[    0.916727] acpiphp: Slot [21] registered
[    0.921042] acpiphp: Slot [22] registered
[    0.921592] acpiphp: Slot [23] registered
[    0.922138] acpiphp: Slot [24] registered
[    0.922690] acpiphp: Slot [25] registered
[    0.923236] acpiphp: Slot [26] registered
[    0.923789] acpiphp: Slot [27] registered
[    0.924334] acpiphp: Slot [28] registered
[    0.924890] acpiphp: Slot [29] registered
[    0.925445] acpiphp: Slot [30] registered
[    0.925997] acpiphp: Slot [31] registered
[    0.926471] PCI host bridge to bus 0000:00
[    0.926942] pci_bus 0000:00: root bus resource [io  0x0000-0x0cf7 window]
[    0.927622] pci_bus 0000:00: root bus resource [io  0x0d00-0xffff window]
[    0.928301] pci_bus 0000:00: root bus resource [mem 0x000a0000-0x000bffff window]
[    0.928894] pci_bus 0000:00: root bus resource [mem 0x80000000-0xfebfffff window]
[    0.929638] pci_bus 0000:00: root bus resource [mem 0x100000000-0x17fffffff window]
[    0.930401] pci_bus 0000:00: root bus resource [bus 00-ff]
[    0.931052] pci 0000:00:00.0: [8086:1237] type 00 class 0x060000 conventional PCI endpoint
[    0.941741] pci 0000:00:01.0: [8086:7000] type 00 class 0x060100 conventional PCI endpoint
[    0.944022] pci 0000:00:01.1: [8086:7010] type 00 class 0x010180 conventional PCI endpoint
[    0.945415] pci 0000:00:01.1: BAR 4 [io  0xc040-0xc04f]
[    0.945969] pci 0000:00:01.1: BAR 0 [io  0x01f0-0x01f7]: legacy IDE quirk
[    0.946644] pci 0000:00:01.1: BAR 1 [io  0x03f6]: legacy IDE quirk
[    0.947256] pci 0000:00:01.1: BAR 2 [io  0x0170-0x0177]: legacy IDE quirk
[    0.947926] pci 0000:00:01.1: BAR 3 [io  0x0376]: legacy IDE quirk
[    0.949106] pci 0000:00:01.3: [8086:7113] type 00 class 0x068000 conventional PCI endpoint
[    0.950245] pci 0000:00:01.3: quirk: [io  0x0600-0x063f] claimed by PIIX4 ACPI
[    0.950968] pci 0000:00:01.3: quirk: [io  0x0700-0x070f] claimed by PIIX4 SMB
[    0.952248] pci 0000:00:02.0: [1234:1111] type 00 class 0x030000 conventional PCI endpoint
[    0.953915] pci 0000:00:02.0: BAR 0 [mem 0xfd000000-0xfdffffff pref]
[    0.954575] pci 0000:00:02.0: BAR 2 [mem 0xfebf0000-0xfebf0fff]
[    0.955192] pci 0000:00:02.0: ROM [mem 0xfebe0000-0xfebeffff pref]
[    0.955918] pci 0000:00:02.0: Video device with shadowed ROM at [mem 0x000c0000-0x000dffff]
[    0.966072] pci 0000:00:03.0: [8086:100e] type 00 class 0x020000 conventional PCI endpoint
[    0.967792] pci 0000:00:03.0: BAR 0 [mem 0xfebc0000-0xfebdffff]
[    0.968395] pci 0000:00:03.0: BAR 1 [io  0xc000-0xc03f]
[    0.968922] pci 0000:00:03.0: ROM [mem 0xfeb80000-0xfebbffff pref]
[    0.992364] ACPI: PCI: Interrupt link LNKA configured for IRQ 10
[    0.993939] ACPI: PCI: Interrupt link LNKB configured for IRQ 10
[    0.995544] ACPI: PCI: Interrupt link LNKC configured for IRQ 11
[    0.997149] ACPI: PCI: Interrupt link LNKD configured for IRQ 11
[    0.998175] ACPI: PCI: Interrupt link LNKS configured for IRQ 9
[    1.001754] iommu: Default domain type: Translated
[    1.002261] iommu: DMA domain TLB invalidation policy: lazy mode
[    1.007261] SCSI subsystem initialized
[    1.008155] ACPI: bus type USB registered
[    1.008787] usbcore: registered new interface driver usbfs
[    1.008993] usbcore: registered new interface driver hub
[    1.009592] usbcore: registered new device driver usb
[    1.010431] pps_core: LinuxPPS API ver. 1 registered
[    1.010928] pps_core: Software ver. 5.3.6 - Copyright 2005-2007 Rodolfo Giometti <giometti@linux.it>
[    1.011854] PTP clock support registered
[    1.012882] EDAC MC: Ver: 3.0.0
[    1.016887] NetLabel: Initializing
[    1.016887] NetLabel:  domain hash size = 128
[    1.016887] NetLabel:  protocols = UNLABELED CIPSOv4 CALIPSO
[    1.017027] NetLabel:  unlabeled traffic allowed by default
[    1.018067] PCI: Using ACPI for IRQ routing
[    1.018864] pci 0000:00:02.0: vgaarb: setting as boot VGA device
[    1.019472] pci 0000:00:02.0: vgaarb: bridge control possible
[    1.020043] pci 0000:00:02.0: vgaarb: VGA device added: decodes=io+mem,owns=io+mem,locks=none
[    1.020878] vgaarb: loaded
[    1.021328] hpet0: at MMIO 0xfed00000, IRQs 2, 8, 0
[    1.021818] hpet0: 3 comparators, 64-bit 100.000000 MHz counter
[    1.026296] clocksource: Switched to clocksource kvm-clock
[    3.718408] VFS: Disk quotas dquot_6.6.0
[    3.718857] VFS: Dquot-cache hash table entries: 512 (order 0, 4096 bytes)
[    3.721120] pnp: PnP ACPI init
[    3.725669] pnp: PnP ACPI: found 6 devices
[    3.746442] clocksource: acpi_pm: mask: 0xffffff max_cycles: 0xffffff, max_idle_ns: 2085701024 ns
[    3.747854] NET: Registered PF_INET protocol family
[    3.748498] IP idents hash table entries: 32768 (order: 6, 262144 bytes, linear)
[    3.750764] tcp_listen_portaddr_hash hash table entries: 1024 (order: 5, 73728 bytes, linear)
[    3.751674] Table-perturb hash table entries: 65536 (order: 6, 262144 bytes, linear)
[    3.752523] TCP established hash table entries: 16384 (order: 5, 131072 bytes, linear)
[    3.754049] TCP bind hash table entries: 16384 (order: 10, 2359296 bytes, linear)
[    3.756046] TCP: Hash tables configured (established 16384 bind 16384)
[    3.756840] UDP hash table entries: 1024 (order: 6, 262144 bytes, linear)
[    3.757655] UDP-Lite hash table entries: 1024 (order: 6, 262144 bytes, linear)
[    3.758756] NET: Registered PF_UNIX/PF_LOCAL protocol family
[    3.760144] RPC: Registered named UNIX socket transport module.
[    3.760762] RPC: Registered udp transport module.
[    3.761238] RPC: Registered tcp transport module.
[    3.761717] RPC: Registered tcp-with-tls transport module.
[    3.762288] RPC: Registered tcp NFSv4.1 backchannel transport module.
[    3.762955] pci_bus 0000:00: resource 4 [io  0x0000-0x0cf7 window]
[    3.763580] pci_bus 0000:00: resource 5 [io  0x0d00-0xffff window]
[    3.764203] pci_bus 0000:00: resource 6 [mem 0x000a0000-0x000bffff window]
[    3.764894] pci_bus 0000:00: resource 7 [mem 0x80000000-0xfebfffff window]
[    3.765589] pci_bus 0000:00: resource 8 [mem 0x100000000-0x17fffffff window]
[    3.766665] pci 0000:00:01.0: PIIX3: Enabling Passive Release
[    3.767252] pci 0000:00:00.0: Limiting direct PCI/PCI transfers
[    3.767947] PCI: CLS 0 bytes, default 64
[    3.768445] ACPI: bus type thunderbolt registered
[    3.769310] clocksource: tsc: mask: 0xffffffffffffffff max_cycles: 0x1881273ac8e, max_idle_ns: 440795257284 ns
[    3.770413] sgx: There are zero EPC sections.
[    3.777006] Initialise system trusted keyrings
[    3.777572] Key type blacklist registered
[    3.778236] workingset: timestamp_bits=36 max_order=19 bucket_order=0
[    3.780910] squashfs: version 4.0 (2009/01/31) Phillip Lougher
[    3.783302] NFS: Registering the id_resolver key type
[    3.783851] Key type id_resolver registered
[    3.784282] Key type id_legacy registered
[    3.784741] nfs4filelayout_init: NFSv4 File Layout Driver Registering...
[    3.785448] nfs4flexfilelayout_init: NFSv4 Flexfile Layout Driver Registering...
[    3.786592] fuse: init (API version 7.45)
[    3.787627] SGI XFS with ACLs, security attributes, realtime, quota, no debug enabled
[    3.789741] 9p: Installing v9fs 9p2000 file system support
[    3.805386] Key type asymmetric registered
[    3.805811] Asymmetric key parser 'x509' registered
[    3.806437] Block layer SCSI generic (bsg) driver version 0.4 loaded (major 241)
[    3.807391] io scheduler mq-deadline registered
[    3.807978] io scheduler bfq registered
[    3.808909] ledtrig-cpu: registered to indicate activity on CPUs
[    3.811005] IPMI message handler: version 39.2
[    3.811531] ipmi device interface
[    3.813897] input: Power Button as /devices/LNXSYSTM:00/LNXPWRBN:00/input/input0
[    3.815180] ACPI: button: Power Button [PWRF]
[    3.817474] ERST DBG: ERST support is disabled.
[    3.819420] Serial: 8250/16550 driver, 32 ports, IRQ sharing enabled
[    3.821226] 00:04: ttyS0 at I/O 0x3f8 (irq = 4, base_baud = 115200) is a 16550A
[    3.833930] Callback from call_rcu_tasks() invoked.
[    3.851902] Linux agpgart interface v0.103
[    3.854698] ACPI: bus type drm_connector registered
[    3.880253] brd: module loaded
[    3.896111] loop: module loaded
[    3.906125] scsi host0: ata_piix
[    3.907643] scsi host1: ata_piix
[    3.908491] ata1: PATA max MWDMA2 cmd 0x1f0 ctl 0x3f6 bmdma 0xc040 irq 14 lpm-pol 0
[    3.909261] ata2: PATA max MWDMA2 cmd 0x170 ctl 0x376 bmdma 0xc048 irq 15 lpm-pol 0
[    3.913476] tun: Universal TUN/TAP device driver, 1.6
[    3.914382] e100: Intel(R) PRO/100 Network Driver
[    3.914865] e100: Copyright(c) 1999-2006 Intel Corporation
[    3.915546] e1000: Intel(R) PRO/1000 Network Driver
[    3.916039] e1000: Copyright (c) 1999-2006 Intel Corporation.
[    4.065981] ata2: found unknown device (class 0)
[    4.067037] ata2.00: ATAPI: QEMU DVD-ROM, 2.5+, max UDMA/100
[    4.068338] ata1: found unknown device (class 0)
[    4.069335] ata1.00: ATA-7: QEMU HARDDISK, 2.5+, max UDMA/100
[    4.069949] ata1.00: 17196647 sectors, multi 16: LBA48 
[    4.071538] scsi 0:0:0:0: Direct-Access     ATA      QEMU HARDDISK    2.5+ PQ: 0 ANSI: 5
[    4.074273] sd 0:0:0:0: Attached scsi generic sg0 type 0
[    4.075722] scsi 1:0:0:0: CD-ROM            QEMU     QEMU DVD-ROM     2.5+ PQ: 0 ANSI: 5
[    4.077897] sd 0:0:0:0: [sda] 17196647 512-byte logical blocks: (8.80 GB/8.20 GiB)
[    4.078727] sd 0:0:0:0: [sda] Write Protect is off
[    4.079279] sd 0:0:0:0: [sda] Write cache: enabled, read cache: enabled, doesn't support DPO or FUA
[    4.081912] sd 0:0:0:0: [sda] Preferred minimum I/O size 512 bytes
[    4.095207] scsi 1:0:0:0: Attached scsi generic sg1 type 5
[    4.112047] sd 0:0:0:0: [sda] Attached SCSI disk
[    4.742138] ACPI: \_SB_.LNKC: Enabled at IRQ 11
[    5.062707] e1000 0000:00:03.0 eth0: (PCI:33MHz:32-bit) 52:54:00:12:34:56
[    5.063452] e1000 0000:00:03.0 eth0: Intel(R) PRO/1000 Network Connection
[    5.064340] e1000e: Intel(R) PRO/1000 Network Driver
[    5.064860] e1000e: Copyright(c) 1999 - 2015 Intel Corporation.
[    5.065618] igb: Intel(R) Gigabit Ethernet Network Driver
[    5.066192] igb: Copyright (c) 2007-2014 Intel Corporation.
[    5.067133] PPP generic driver version 2.4.2
[    5.068590] VFIO - User Level meta-driver version: 0.3
[    5.070332] usbcore: registered new interface driver uas
[    5.071052] usbcore: registered new interface driver usb-storage
[    5.071947] i8042: PNP: PS/2 Controller [PNP0303:KBD,PNP0f13:MOU] at 0x60,0x64 irq 1,12
[    5.073738] serio: i8042 KBD port at 0x60,0x64 irq 1
[    5.074357] serio: i8042 AUX port at 0x60,0x64 irq 12
[    5.076165] mousedev: PS/2 mouse device common for all mice
[    5.078005] rtc_cmos 00:05: RTC can wake from S4
[    5.080163] input: AT Translated Set 2 keyboard as /devices/platform/i8042/serio0/input/input1
[    5.080511] rtc_cmos 00:05: registered as rtc0
[    5.081690] rtc_cmos 00:05: setting system clock to 2025-12-02T11:45:13 UTC (1764675913)
[    5.082991] input: VirtualPS/2 VMware VMMouse as /devices/platform/i8042/serio1/input/input4
[    5.083184] rtc_cmos 00:05: alarms up to one day, y3k, 242 bytes nvram, hpet irqs
[    5.084787] i2c_dev: i2c /dev entries driver
[    5.085071] input: VirtualPS/2 VMware VMMouse as /devices/platform/i8042/serio1/input/input3
[    5.085346] device-mapper: core: CONFIG_IMA_DISABLE_HTABLE is disabled. Duplicate IMA measurements will not be recorded in the IMA log.
[    5.087342] device-mapper: uevent: version 1.0.3
[    5.088220] device-mapper: ioctl: 4.50.0-ioctl (2025-04-28) initialised: dm-devel@lists.linux.dev
[    5.089118] intel_pstate: CPU model not supported
[    5.089850] sdhci: Secure Digital Host Controller Interface driver
[    5.090468] sdhci: Copyright(c) Pierre Ossman
[    5.091117] sdhci-pltfm: SDHCI platform and OF driver helper
[    5.092265] drop_monitor: Initializing network drop monitor service
[    5.093239] NET: Registered PF_INET6 protocol family
[    5.095786] Segment Routing with IPv6
[    5.096238] In-situ OAM (IOAM) with IPv6
[    5.096706] NET: Registered PF_PACKET protocol family
[    5.097432] 9pnet: Installing 9P2000 support
[    5.098019] Key type dns_resolver registered
[    5.099988] IPI shorthand broadcast: enabled
[    5.160790] sched_clock: Marking stable (5140004833, 17824410)->(5163207966, -5378723)
[    5.162422] registered taskstats version 1
[    5.163286] Loading compiled-in X.509 certificates
[    5.246797] Demotion targets for Node 0: null
[    5.248607] Key type .fscrypt registered
[    5.249027] Key type fscrypt-provisioning registered
[    5.251677] Key type encrypted registered
[    5.252151] ima: No TPM chip found, activating TPM-bypass!
[    5.252726] ima: Allocated hash algorithm: sha1
[    5.253245] ima: No architecture policies found
[    5.253886] evm: Initialising EVM extended attributes:
[    5.254401] evm: security.selinux
[    5.254741] evm: security.SMACK64
[    5.255079] evm: security.SMACK64EXEC
[    5.255446] evm: security.SMACK64TRANSMUTE
[    5.255858] evm: security.SMACK64MMAP
[    5.256226] evm: security.apparmor
[    5.256571] evm: security.ima
[    5.256872] evm: security.capability
[    5.257231] evm: HMAC attrs: 0x1
[    5.260103] PM:   Magic number: 5:588:781
[    5.261272] RAS: Correctable Errors collector initialized.
[    5.262052] clk: Disabling unused clocks
[    5.262486] PM: genpd: Disabling unused power domains
[    5.263663] check access for rdinit=/init failed: -2, ignoring
[    5.264059] md: Waiting for all devices to be available before autodetect
[    5.264511] md: If you don't use raid, use raid=noautodetect
[    5.264899] md: Autodetecting RAID arrays.
[    5.265190] md: autorun ...
[    5.265387] md: ... autorun DONE.
[    5.275233] EXT4-fs (sda): mounted filesystem 088740a9-c8b4-422c-999d-a804eb68a4da ro with ordered data mode. Quota mode: none.
[    5.276112] VFS: Mounted root (ext4 filesystem) readonly on device 8:0.
[    5.279117] devtmpfs: mounted
[    5.300744] Freeing unused decrypted memory: 2036K
[    5.306412] Freeing unused kernel image (initmem) memory: 16260K
[    5.307028] Write protecting the kernel read-only data: 102400k
[    5.310601] Freeing unused kernel image (text/rodata gap) memory: 1912K
[    5.312481] Freeing unused kernel image (rodata/data gap) memory: 2008K
[    6.345659] x86/mm: Checked W+X mappings: passed, no W+X pages found.
[    6.346153] Run /sbin/init as init process
[    6.515728] systemd[1]: systemd 252-15.el9 running in system mode (+PAM +AUDIT +SELINUX -APPARMOR +IMA +SMACK +SECCOMP +GCRYPT +GNUTLS +OPENSSL +ACL +BLKID +CURL +ELFUTILS -FIDO2 +IDN2 -IDN -IPTC +KMOD +LIBCRYPTSETUP +LIBFDISK +PCRE2 -PWQUALITY +P11KIT -QRENCODE +TPM2 +BZIP2 +LZ4 +XZ +ZLIB +ZSTD -BPF_FRAMEWORK +XKBCOMMON +UTMP +SYSVINIT default-hierarchy=unified)
[    6.517853] systemd[1]: Detected virtualization kvm.
[    6.518206] systemd[1]: Detected architecture x86-64.

Welcome to [0;31mCentOS Stream 9[0m!

[    6.523010] systemd[1]: Hostname set to <test>.
[    6.752880] systemd-rc-local-generator[119]: /etc/rc.d/rc.local is not marked executable, skipping.
[    6.996290] systemd[1]: Queued start job for default target Multi-User System.
[    7.032476] systemd[1]: Created slice Virtual Machine and Container Slice.
[[0;32m  OK  [0m] Created slice [0;1;39mVirtual Machine and Container Slice[0m.
[    7.037628] systemd[1]: Created slice Slice /system/getty.
[[0;32m  OK  [0m] Created slice [0;1;39mSlice /system/getty[0m.
[    7.040713] systemd[1]: Created slice Slice /system/modprobe.
[[0;32m  OK  [0m] Created slice [0;1;39mSlice /system/modprobe[0m.
[    7.043809] systemd[1]: Created slice Slice /system/serial-getty.
[[0;32m  OK  [0m] Created slice [0;1;39mSlice /system/serial-getty[0m.
[    7.046848] systemd[1]: Created slice Slice /system/sshd-keygen.
[[0;32m  OK  [0m] Created slice [0;1;39mSlice /system/sshd-keygen[0m.
[    7.049557] systemd[1]: Created slice User and Session Slice.
[[0;32m  OK  [0m] Created slice [0;1;39mUser and Session Slice[0m.
[    7.051012] systemd[1]: Started Forward Password Requests to Wall Directory Watch.
[[0;32m  OK  [0m] Started [0;1;39mForward Password R…uests to Wall Directory Watch[0m.
[    7.053383] systemd[1]: Set up automount Arbitrary Executable File Formats File System Automount Point.
[[0;32m  OK  [0m] Set up automount [0;1;39mArbitrary…s File System Automount Point[0m.
[    7.055210] systemd[1]: Reached target Local Integrity Protected Volumes.
[[0;32m  OK  [0m] Reached target [0;1;39mLocal Integrity Protected Volumes[0m.
[    7.056583] systemd[1]: Reached target Slice Units.
[[0;32m  OK  [0m] Reached target [0;1;39mSlice Units[0m.
[    7.057702] systemd[1]: Reached target Swaps.
[[0;32m  OK  [0m] Reached target [0;1;39mSwaps[0m.
[    7.058789] systemd[1]: Reached target Local Verity Protected Volumes.
[[0;32m  OK  [0m] Reached target [0;1;39mLocal Verity Protected Volumes[0m.
[    7.060410] systemd[1]: Listening on Device-mapper event daemon FIFOs.
[[0;32m  OK  [0m] Listening on [0;1;39mDevice-mapper event daemon FIFOs[0m.
[    7.062385] systemd[1]: Listening on LVM2 poll daemon socket.
[[0;32m  OK  [0m] Listening on [0;1;39mLVM2 poll daemon socket[0m.
[    7.063693] systemd[1]: multipathd control socket was skipped because of an unmet condition check (ConditionPathExists=/etc/multipath.conf).
[    7.103038] systemd[1]: Listening on RPCbind Server Activation Socket.
[[0;32m  OK  [0m] Listening on [0;1;39mRPCbind Server Activation Socket[0m.
[    7.104326] systemd[1]: Reached target RPC Port Mapper.
[[0;32m  OK  [0m] Reached target [0;1;39mRPC Port Mapper[0m.
[    7.107867] systemd[1]: Listening on Process Core Dump Socket.
[[0;32m  OK  [0m] Listening on [0;1;39mProcess Core Dump Socket[0m.
[    7.109513] systemd[1]: Listening on initctl Compatibility Named Pipe.
[[0;32m  OK  [0m] Listening on [0;1;39minitctl Compatibility Named Pipe[0m.
[    7.111927] systemd[1]: Listening on Journal Socket (/dev/log).
[[0;32m  OK  [0m] Listening on [0;1;39mJournal Socket (/dev/log)[0m.
[    7.114086] systemd[1]: Listening on Journal Socket.
[[0;32m  OK  [0m] Listening on [0;1;39mJournal Socket[0m.
[    7.116004] systemd[1]: Listening on udev Control Socket.
[[0;32m  OK  [0m] Listening on [0;1;39mudev Control Socket[0m.
[    7.117483] systemd[1]: Listening on udev Kernel Socket.
[[0;32m  OK  [0m] Listening on [0;1;39mudev Kernel Socket[0m.
[    7.123868] systemd[1]: Mounting Huge Pages File System...
         Mounting [0;1;39mHuge Pages File System[0m...
[    7.131090] systemd[1]: Mounting POSIX Message Queue File System...
         Mounting [0;1;39mPOSIX Message Queue File System[0m...
[    7.141951] systemd[1]: Mounting Kernel Debug File System...
         Mounting [0;1;39mKernel Debug File System[0m...
[    7.150152] systemd[1]: Mounting Kernel Trace File System...
         Mounting [0;1;39mKernel Trace File System[0m...
[    7.153447] systemd[1]: Kernel Module supporting RPCSEC_GSS was skipped because of an unmet condition check (ConditionPathExists=/etc/krb5.keytab).
[    7.155721] systemd[1]: Create List of Static Device Nodes was skipped because of an unmet condition check (ConditionFileNotEmpty=/lib/modules/6.18.0-tpmdd-next-6+/modules.devname).
[    7.178542] systemd[1]: Starting Monitoring of LVM2 mirrors, snapshots etc. using dmeventd or progress polling...
         Starting [0;1;39mMonitoring of LVM…meventd or progress polling[0m...
[    7.187066] systemd[1]: Starting Load Kernel Module configfs...
         Starting [0;1;39mLoad Kernel Module configfs[0m...
[    7.196258] systemd[1]: Starting Load Kernel Module drm...
         Starting [0;1;39mLoad Kernel Module drm[0m...
[    7.207522] systemd[1]: Starting Load Kernel Module fuse...
         Starting [0;1;39mLoad Kernel Module fuse[0m...
[    7.234393] systemd[1]: Starting Read and set NIS domainname from /etc/sysconfig/network...
         Starting [0;1;39mRead and set NIS …from /etc/sysconfig/network[0m...
[    7.255926] systemd[1]: Starting Journal Service...
         Starting [0;1;39mJournal Service[0m...
[    7.266281] systemd[1]: Starting Load Kernel Modules...
         Starting [0;1;39mLoad Kernel Modules[0m...
[    7.278156] systemd[1]: Starting Generate network units from Kernel command line...
         Starting [0;1;39mGenerate network …ts from Kernel command line[0m...
[    7.291287] systemd[1]: Starting Remount Root and Kernel File Systems...
         Starting [0;1;39mRemount Root and Kernel File Systems[0m...
[    7.298205] systemd[1]: Repartition Root Disk was skipped because no trigger condition checks were met.
[    7.314975] systemd[1]: Starting Coldplug All udev Devices...
         Starting [0;1;39mColdplug All udev Devices[0m...
[    7.335674] systemd[1]: Mounted Huge Pages File System.
[[0;32m  OK  [0m] Mounted [0;1;39mHuge Pages File System[0m.
[    7.338825] systemd[1]: Mounted POSIX Message Queue File System.
[[0;32m  OK  [0m] Mounted [0;1;39mPOSIX Message Queue File System[0m.
[    7.344505] systemd[1]: Mounted Kernel Debug File System.
[[0;32m  OK  [0m] Mounted [0;1;39mKernel Debug File System[0m.
[    7.350371] systemd[1]: Mounted Kernel Trace File System.
[[0;32m  OK  [0m] Mounted [0;1;39mKernel Trace File System[0m.
[    7.358332] systemd[1]: Finished Monitoring of LVM2 mirrors, snapshots etc. using dmeventd or progress polling.
[[0;32m  OK  [0m] Finished [0;1;39mMonitoring of LVM… dmeventd or progress polling[0m.
[    7.365275] systemd[1]: modprobe@configfs.service: Deactivated successfully.
[    7.373991] systemd[1]: Finished Load Kernel Module configfs.
[[0;32m  OK  [0m] Finished [0;1;39mLoad Kernel Module configfs[0m.
[    7.379290] systemd[1]: modprobe@drm.service: Deactivated successfully.
[    7.385873] EXT4-fs (sda): re-mounted 088740a9-c8b4-422c-999d-a804eb68a4da r/w.
[    7.387188] systemd[1]: Finished Load Kernel Module drm.
[[0;32m  OK  [0m] Finished [0;1;39mLoad Kernel Module drm[0m.
[    7.393799] systemd[1]: modprobe@fuse.service: Deactivated successfully.
[    7.407263] systemd[1]: Finished Load Kernel Module fuse.
[[0;32m  OK  [0m] Finished [0;1;39mLoad Kernel Module fuse[0m.
[    7.414241] systemd[1]: Finished Read and set NIS domainname from /etc/sysconfig/network.
[[0;32m  OK  [0m] Finished [0;1;39mRead and set NIS …e from /etc/sysconfig/network[0m.
[    7.419174] systemd[1]: systemd-modules-load.service: Main process exited, code=exited, status=1/FAILURE
[    7.420743] systemd[1]: systemd-modules-load.service: Failed with result 'exit-code'.
[    7.426580] systemd[1]: Failed to start Load Kernel Modules.
[[0;1;31mFAILED[0m] Failed to start [0;1;39mLoad Kernel Modules[0m.
See 'systemctl status systemd-modules-load.service' for details.
[    7.429665] systemd[1]: Finished Generate network units from Kernel command line.
[[0;32m  OK  [0m] Finished [0;1;39mGenerate network units from Kernel command line[0m.
[    7.437173] systemd[1]: Finished Remount Root and Kernel File Systems.
[[0;32m  OK  [0m] Finished [0;1;39mRemount Root and Kernel File Systems[0m.
[    7.443069] systemd[1]: Reached target Preparation for Network.
[[0;32m  OK  [0m] Reached target [0;1;39mPreparation for Network[0m.
[    7.458985] systemd[1]: Mounting FUSE Control File System...
         Mounting [0;1;39mFUSE Control File System[0m...
[    7.466330] systemd[1]: Mounting Kernel Configuration File System...
         Mounting [0;1;39mKernel Configuration File System[0m...
[    7.469193] systemd[1]: Special handling of early boot iSCSI sessions was skipped because of an unmet condition check (ConditionDirectoryNotEmpty=/sys/class/iscsi_session).
[    7.470569] systemd[1]: First Boot Wizard was skipped because of an unmet condition check (ConditionFirstBoot=yes).
[    7.482430] systemd[1]: Rebuild Hardware Database was skipped because of an unmet condition check (ConditionNeedsUpdate=/etc).
[    7.506236] systemd[1]: Starting Load/Save Random Seed...
         Starting [0;1;39mLoad/Save Random Seed[0m...
[    7.517460] systemd[1]: Starting Apply Kernel Variables...
         Starting [0;1;39mApply Kernel Variables[0m...
[    7.518985] systemd[1]: Create System Users was skipped because no trigger condition checks were met.
[    7.529662] systemd[1]: Starting Create Static Device Nodes in /dev...
         Starting [0;1;39mCreate Static Device Nodes in /dev[0m...
[    7.551353] systemd[1]: Starting Setup Virtual Console...
         Starting [0;1;39mSetup Virtual Console[0m...
[    7.566035] systemd[1]: Started Journal Service.
[[0;32m  OK  [0m] Started [0;1;39mJournal Service[0m.
[[0;32m  OK  [0m] Mounted [0;1;39mFUSE Control File System[0m.
[[0;32m  OK  [0m] Mounted [0;1;39mKernel Configuration File System[0m.
[[0;32m  OK  [0m] Finished [0;1;39mLoad/Save Random Seed[0m.
         Starting [0;1;39mFlush Journal to Persistent Storage[0m...
[[0;32m  OK  [0m] Finished [0;1;39mApply Kernel Variables[0m.
[    7.647754] systemd-journald[141]: Received client request to flush runtime journal.
[[0;32m  OK  [0m] Finished [0;1;39mFlush Journal to Persistent Storage[0m.
[[0;32m  OK  [0m] Finished [0;1;39mCreate Static Device Nodes in /dev[0m.
         Starting [0;1;39mRule-based Manage…for Device Events and Files[0m...
[[0;32m  OK  [0m] Started [0;1;39mRule-based Manager for Device Events and Files[0m.
         Starting [0;1;39mAuto-connect to s…E devices found during boot[0m...
[[0;32m  OK  [0m] Finished [0;1;39mColdplug All udev Devices[0m.
[[0;32m  OK  [0m] Finished [0;1;39mSetup Virtual Console[0m.
[[0;32m  OK  [0m] Finished [0;1;39mAuto-connect to s…VME devices found during boot[0m.
         Starting [0;1;39mShow Plymouth Boot Screen[0m...
         Starting [0;1;39mWait for udev To …plete Device Initialization[0m...
[2J[3J[-1;-1f[[0;32m  OK  [0m] Started [0;1;39mShow Plymouth Boot Screen[0m.
[[0;32m  OK  [0m] Started [0;1;39mForward Password R…s to Plymouth Directory Watch[0m.
[[0;32m  OK  [0m] Reached target [0;1;39mLocal Encrypted Volumes[0m.
[[0;32m  OK  [0m] Reached target [0;1;39mPath Units[0m.
[[0;32m  OK  [0m] Found device [0;1;39m/dev/ttyS0[0m.
[[0;32m  OK  [0m] Listening on [0;1;39mLoad/Save RF …itch Status /dev/rfkill Watch[0m.
[[0;32m  OK  [0m] Finished [0;1;39mWait for udev To Complete Device Initialization[0m.
[[0;32m  OK  [0m] Reached target [0;1;39mPreparation for Local File Systems[0m.
[[0;32m  OK  [0m] Reached target [0;1;39mLocal File Systems[0m.
         Starting [0;1;39mTell Plymouth To Write Out Runtime Data[0m...
         Starting [0;1;39mAutomatic Boot Loader Update[0m...
         Starting [0;1;39mCreate Volatile Files and Directories[0m...
[[0;32m  OK  [0m] Finished [0;1;39mTell Plymouth To Write Out Runtime Data[0m.
[[0;32m  OK  [0m] Finished [0;1;39mAutomatic Boot Loader Update[0m.
[[0;32m  OK  [0m] Finished [0;1;39mCreate Volatile Files and Directories[0m.
         Mounting [0;1;39mRPC Pipe File System[0m...
         Starting [0;1;39mSecurity Auditing Service[0m...
         Starting [0;1;39mRPC Bind[0m...
[[0;32m  OK  [0m] Mounted [0;1;39mRPC Pipe File System[0m.
[[0;32m  OK  [0m] Reached target [0;1;39mrpc_pipefs.target[0m.
[[0;32m  OK  [0m] Started [0;1;39mRPC Bind[0m.
[[0;32m  OK  [0m] Started [0;1;39mSecurity Auditing Service[0m.
         Starting [0;1;39mRecord System Boot/Shutdown in UTMP[0m...
[[0;32m  OK  [0m] Finished [0;1;39mRecord System Boot/Shutdown in UTMP[0m.
[[0;32m  OK  [0m] Reached target [0;1;39mSystem Initialization[0m.
[[0;32m  OK  [0m] Started [0;1;39mDaily rotation of log files[0m.
[[0;32m  OK  [0m] Started [0;1;39mUpdates mlocate database every day[0m.
[[0;32m  OK  [0m] Started [0;1;39mDaily Cleanup of Temporary Directories[0m.
[[0;32m  OK  [0m] Started [0;1;39mdaily update of the root trust anchor for DNSSEC[0m.
[[0;32m  OK  [0m] Reached target [0;1;39mTimer Units[0m.
[[0;32m  OK  [0m] Listening on [0;1;39mD-Bus System Message Bus Socket[0m.
[[0;32m  OK  [0m] Listening on [0;1;39mOpen-iSCSI iscsid Socket[0m.
[[0;32m  OK  [0m] Listening on [0;1;39mOpen-iSCSI iscsiuio Socket[0m.
[[0;32m  OK  [0m] Listening on [0;1;39mSSSD Kerberos…ache Manager responder socket[0m.
[[0;32m  OK  [0m] Listening on [0;1;39mLibvirt interface local socket[0m.
[[0;32m  OK  [0m] Listening on [0;1;39mVirtual machine lock manager socket[0m.
[[0;32m  OK  [0m] Listening on [0;1;39mVirtual machine log manager socket[0m.
[[0;32m  OK  [0m] Listening on [0;1;39mLibvirt network local socket[0m.
[[0;32m  OK  [0m] Listening on [0;1;39mLibvirt nodedev local socket[0m.
[[0;32m  OK  [0m] Listening on [0;1;39mLibvirt nwfilter local socket[0m.
[[0;32m  OK  [0m] Listening on [0;1;39mLibvirt proxy local socket[0m.
[[0;32m  OK  [0m] Listening on [0;1;39mLibvirt qemu local socket[0m.
[[0;32m  OK  [0m] Listening on [0;1;39mLibvirt qemu admin socket[0m.
[[0;32m  OK  [0m] Listening on [0;1;39mLibvirt qemu local read-only socket[0m.
[[0;32m  OK  [0m] Listening on [0;1;39mLibvirt secret local socket[0m.
[[0;32m  OK  [0m] Listening on [0;1;39mLibvirt storage local socket[0m.
[[0;32m  OK  [0m] Reached target [0;1;39mSocket Units[0m.
         Starting [0;1;39mD-Bus System Message Bus[0m...
[[0;32m  OK  [0m] Started [0;1;39mD-Bus System Message Bus[0m.
[[0;32m  OK  [0m] Reached target [0;1;39mBasic System[0m.
         Starting [0;1;39mNetwork Manager[0m...
         Starting [0;1;39mNTP client/server[0m...
         Starting [0;1;39mRestore /run/initramfs on shutdown[0m...
[[0;32m  OK  [0m] Started [0;1;39mirqbalance daemon[0m.
[[0;32m  OK  [0m] Started [0;1;39mlibstoragemgmt plug-in server daemon[0m.
[[0;32m  OK  [0m] Started [0;1;39mMachine Check Exception Logging Daemon[0m.
[[0;32m  OK  [0m] Reached target [0;1;39msshd-keygen.target[0m.
[[0;32m  OK  [0m] Reached target [0;1;39mUser and Group Name Lookups[0m.
         Starting [0;1;39mUser Login Management[0m...
         Starting [0;1;39mVirtual Machine a…tainer Registration Service[0m...
         Starting [0;1;39mupdate of the roo…NSSEC validation in unbound[0m...
         Starting [0;1;39mRotate log files[0m...
[[0;32m  OK  [0m] Started [0;1;39mUpdate a database for mlocate[0m.
[[0;32m  OK  [0m] Finished [0;1;39mRestore /run/initramfs on shutdown[0m.
[[0;32m  OK  [0m] Started [0;1;39mVirtual Machine an…ontainer Registration Service[0m.
         Starting [0;1;39mHostname Service[0m...
[[0;32m  OK  [0m] Finished [0;1;39mupdate of the roo… DNSSEC validation in unbound[0m.
[[0;32m  OK  [0m] Started [0;1;39mNTP client/server[0m.
[[0;32m  OK  [0m] Started [0;1;39mUser Login Management[0m.
[[0;32m  OK  [0m] Started [0;1;39mHostname Service[0m.
         Starting [0;1;39mNetwork Manager Script Dispatcher Service[0m...
[[0;32m  OK  [0m] Finished [0;1;39mRotate log files[0m.
[[0;32m  OK  [0m] Started [0;1;39mNetwork Manager Script Dispatcher Service[0m.
[   11.062931] e1000: eth0 NIC Link is Up 1000 Mbps Full Duplex, Flow Control: RX
[[0;32m  OK  [0m] Started [0;1;39mNetwork Manager[0m.
[[0;32m  OK  [0m] Reached target [0;1;39mNetwork[0m.
[[0;32m  OK  [0m] Reached target [0;1;39mNetwork is Online[0m.
         Starting [0;1;39mGSSAPI Proxy Daemon[0m...
         Starting [0;1;39mNotify NFS peers of a restart[0m...
         Starting [0;1;39mSystem Logging Service[0m...
         Starting [0;1;39mOpenSSH server daemon[0m...
         Starting [0;1;39mDynamic System Tuning Daemon[0m...
[[0;32m  OK  [0m] Started [0;1;39mNotify NFS peers of a restart[0m.
[[0;32m  OK  [0m] Started [0;1;39mGSSAPI Proxy Daemon[0m.
[[0;32m  OK  [0m] Reached target [0;1;39mNFS client services[0m.
[[0;32m  OK  [0m] Reached target [0;1;39mPreparation for Remote File Systems[0m.
[[0;32m  OK  [0m] Reached target [0;1;39mRemote File Systems[0m.
         Starting [0;1;39mPermit User Sessions[0m...
         Starting [0;1;39mVirtualization qemu daemon[0m...
[[0;32m  OK  [0m] Started [0;1;39mOpenSSH server daemon[0m.
[[0;32m  OK  [0m] Finished [0;1;39mPermit User Sessions[0m.
[[0;32m  OK  [0m] Started [0;1;39mDeferred execution scheduler[0m.
[[0;32m  OK  [0m] Started [0;1;39mCommand Scheduler[0m.
         Starting [0;1;39mHold until boot process finishes up[0m...
         Starting [0;1;39mTerminate Plymouth Boot Screen[0m...
[[0;32m  OK  [0m] Started [0;1;39mSystem Logging Service[0m.

CentOS Stream 9
Kernel 6.18.0-tpmdd-next-6+ on an x86_64

Activate the web console with: systemctl enable --now cockpit.socket

test login: [   18.405712] ==================================================================
[   18.406210] BUG: KASAN: invalid-free in tpm_dev_release+0xdc/0x110
[   18.406657] Free of addr ff11000011572d38 by task repro/729
[   18.407037] 
[   18.407156] CPU: 1 UID: 0 PID: 729 Comm: repro Not tainted 6.18.0-tpmdd-next-6+ #1 PREEMPT(voluntary) 
[   18.407167] Hardware name: QEMU Standard PC (i440FX + PIIX, 1996), BIOS rel-1.16.0-0-gd239552ce722-prebuilt.qemu.org 04/01/2014
[   18.407173] Call Trace:
[   18.407177]  <TASK>
[   18.407180]  dump_stack_lvl+0xea/0x150
[   18.407197]  print_report+0xce/0x610
[   18.407210]  ? kasan_complete_mode_report_info+0x40/0x200
[   18.407220]  ? tpm_dev_release+0xdc/0x110
[   18.407232]  kasan_report_invalid_free+0xa7/0xd0
[   18.407245]  ? tpm_dev_release+0xdc/0x110
[   18.407259]  ? tpm_dev_release+0xdc/0x110
[   18.407271]  check_slab_allocation+0x128/0x140
[   18.407281]  __kasan_slab_pre_free+0xd/0x20
[   18.407291]  kfree+0x119/0x620
[   18.407300]  ? tpm_dev_release+0xdc/0x110
[   18.407311]  ? do_wait_intr_irq+0x1e0/0x230
[   18.407326]  ? __pfx_tpm_dev_release+0x10/0x10
[   18.407340]  tpm_dev_release+0xdc/0x110
[   18.407351]  ? tpm_dev_release+0xdc/0x110
[   18.407363]  device_release+0xb6/0x260
[   18.407374]  kobject_put+0x22d/0x550
[   18.407383]  put_device+0x29/0x40
[   18.407391]  vtpm_proxy_fops_release+0x152/0x1e0
[   18.407403]  ? __pfx_vtpm_proxy_fops_release+0x10/0x10
[   18.407412]  __fput+0x41f/0xb70
[   18.407435]  ____fput+0x22/0x30
[   18.407449]  task_work_run+0x19e/0x2b0
[   18.407467]  ? __pfx_task_work_run+0x10/0x10
[   18.407480]  ? __sanitizer_cov_trace_const_cmp4+0x1a/0x20
[   18.407490]  ? switch_task_namespaces+0xdd/0x130
[   18.407502]  do_exit+0x893/0x28c0
[   18.407519]  ? do_group_exit+0x1d8/0x2c0
[   18.407532]  ? __pfx_do_exit+0x10/0x10
[   18.407545]  ? __this_cpu_preempt_check+0x21/0x30
[   18.407555]  ? _raw_spin_unlock_irq+0x2c/0x60
[   18.407571]  ? lockdep_hardirqs_on+0x89/0x110
[   18.407589]  do_group_exit+0xe4/0x2c0
[   18.407602]  __x64_sys_exit_group+0x4d/0x60
[   18.407615]  x64_sys_call+0x21a2/0x21b0
[   18.407627]  do_syscall_64+0x6d/0x450
[   18.407641]  entry_SYSCALL_64_after_hwframe+0x76/0x7e
[   18.407650] RIP: 0033:0x7f1331118a4d
[   18.407658] Code: Unable to access opcode bytes at 0x7f1331118a23.
[   18.407662] RSP: 002b:00007ffec868c668 EFLAGS: 00000246 ORIG_RAX: 00000000000000e7
[   18.407671] RAX: ffffffffffffffda RBX: 00007f13311f69e0 RCX: 00007f1331118a4d
[   18.407677] RDX: 00000000000000e7 RSI: ffffffffffffff80 RDI: 0000000000000000
[   18.407683] RBP: 0000000000000000 R08: 0000000000000000 R09: 0000000000000020
[   18.407688] R10: 00007ffec868c510 R11: 0000000000000246 R12: 00007f13311f69e0
[   18.407694] R13: 00007f13311fbf00 R14: 0000000000000001 R15: 00007f13311fbee8
[   18.407707]  </TASK>
[   18.407710] 
[   18.423610] Allocated by task 729:
[   18.423853]  kasan_save_stack+0x2c/0x60
[   18.424122]  kasan_save_track+0x18/0x40
[   18.424392]  kasan_save_alloc_info+0x3c/0x50
[   18.424690]  __kasan_kmalloc+0x88/0xa0
[   18.424954]  __kmalloc_cache_noprof+0x2b1/0x840
[   18.425271]  tpm_chip_alloc+0x56/0x4c0
[   18.425540]  vtpmx_fops_ioctl+0x2d0/0x830
[   18.425819]  __x64_sys_ioctl+0x1bf/0x220
[   18.426100]  x64_sys_call+0x1280/0x21b0
[   18.426366]  do_syscall_64+0x6d/0x450
[   18.426630]  entry_SYSCALL_64_after_hwframe+0x76/0x7e
[   18.426980] 
[   18.427098] The buggy address belongs to the object at ff11000011572000
[   18.427098]  which belongs to the cache kmalloc-4k of size 4096
[   18.427931] The buggy address is located 3384 bytes inside of
[   18.427931]  3528-byte region [ff11000011572000, ff11000011572dc8)
[   18.428720] 
[   18.428836] The buggy address belongs to the physical page:
[   18.429210] page: refcount:0 mapcount:0 mapping:0000000000000000 index:0x0 pfn:0x11570
[   18.429744] head: order:3 mapcount:0 entire_mapcount:0 nr_pages_mapped:0 pincount:0
[   18.430258] anon flags: 0xfffffc0000040(head|node=0|zone=1|lastcpupid=0x1fffff)
[   18.430754] page_type: f5(slab)
[   18.430982] raw: 000fffffc0000040 ff1100000ac38140 0000000000000000 dead000000000001
[   18.431505] raw: 0000000000000000 0000000080040004 00000000f5000000 0000000000000000
[   18.432025] head: 000fffffc0000040 ff1100000ac38140 0000000000000000 dead000000000001
[   18.432549] head: 0000000000000000 0000000080040004 00000000f5000000 0000000000000000
[   18.433077] head: 000fffffc0000003 ffd4000000455c01 00000000ffffffff 00000000ffffffff
[   18.433605] head: ffffffffffffffff 0000000000000000 00000000ffffffff 0000000000000008
[   18.434126] page dumped because: kasan: bad access detected
[   18.434504] 
[   18.434621] Memory state around the buggy address:
[   18.434950]  ff11000011572c00: 00 00 00 00 00 00 00 00 00 00 00 00 00 00 00 00
[   18.435438]  ff11000011572c80: 00 00 00 00 00 00 00 00 00 00 00 00 00 00 00 00
[   18.435925] >ff11000011572d00: 00 00 00 00 00 00 00 00 00 00 00 00 00 00 00 00
[   18.436399]                                         ^
[   18.436744]  ff11000011572d80: 00 00 00 00 00 00 00 00 00 fc fc fc fc fc fc fc
[   18.437229]  ff11000011572e00: fc fc fc fc fc fc fc fc fc fc fc fc fc fc fc fc
[   18.437709] ==================================================================
[   18.438235] Disabling lock debugging due to kernel taint
[   18.446330] tpm tpm0: Operation Canceled
[   18.456675] tpm tpm0: Operation Canceled
[   18.477395] tpm tpm0: Operation Canceled
[   18.498016] tpm tpm0: Operation Canceled
[   18.518854] tpm tpm0: Operation Canceled
[   18.539572] tpm tpm0: Operation Canceled
[   18.560358] tpm tpm0: Operation Canceled
[   18.581547] tpm tpm0: Operation Canceled
[   18.602284] tpm tpm0: Operation Canceled
[   18.623041] tpm tpm0: Operation Canceled
[   18.643781] tpm tpm0: Operation Canceled
[   18.664515] tpm tpm0: Operation Canceled
[   18.685216] tpm tpm0: Operation Canceled
[   18.705844] tpm tpm0: Operation Canceled
[   18.726755] tpm tpm0: Operation Canceled
[   18.747519] tpm tpm0: Operation Canceled
[   18.768276] tpm tpm0: Operation Canceled
[   18.789298] tpm tpm0: Operation Canceled
[   18.809845] tpm tpm0: Operation Canceled
[   18.830783] tpm tpm0: Operation Canceled
[   18.851481] tpm tpm0: Operation Canceled
[   18.872244] tpm tpm0: Operation Canceled
[   18.892950] tpm tpm0: Operation Canceled
[   18.914399] tpm tpm0: Operation Canceled
[   18.935235] tpm tpm0: Operation Canceled
[   18.945584] tpm tpm0: Operation Canceled
[   18.966359] tpm tpm0: Operation Canceled
[   18.987105] tpm tpm0: Operation Canceled
[   19.007843] tpm tpm0: Operation Canceled
[   19.028590] tpm tpm0: Operation Canceled
[   19.049336] tpm tpm0: Operation Canceled
[   19.070200] tpm tpm0: Operation Canceled
[   19.091053] tpm tpm0: Operation Canceled
[   19.111714] tpm tpm0: Operation Canceled
[   19.132532] tpm tpm0: Operation Canceled
[   19.163610] tpm tpm0: Operation Canceled
[   19.184395] tpm tpm0: Operation Canceled
[   19.205104] tpm tpm0: Operation Canceled
[   19.225835] tpm tpm0: Operation Canceled
[   19.246833] tpm tpm0: Operation Canceled
[   19.267551] tpm tpm0: Operation Canceled
[   19.288300] tpm tpm0: Operation Canceled
[   19.309003] tpm tpm0: Operation Canceled
[   19.329771] tpm tpm0: Operation Canceled
[   19.350491] tpm tpm0: Operation Canceled
[   19.371204] tpm tpm0: Operation Canceled
[   19.391949] tpm tpm0: Operation Canceled
[   19.412667] tpm tpm0: Operation Canceled
[   19.433393] tpm tpm0: Operation Canceled
[   19.454330] tpm tpm0: Operation Canceled
[   19.475064] tpm tpm0: Operation Canceled
[   19.495766] tpm tpm0: Operation Canceled
[   19.516491] tpm tpm0: Operation Canceled
[   19.526879] tpm tpm0: Operation Canceled
[   19.547555] tpm tpm0: Operation Canceled
[   19.568297] tpm tpm0: Operation Canceled
[   19.589010] tpm tpm0: Operation Canceled
[   19.609846] tpm tpm0: Operation Canceled
[   19.630728] tpm tpm0: Operation Canceled
[   19.651439] tpm tpm0: Operation Canceled
[   19.672153] tpm tpm0: Operation Canceled
[   19.693220] tpm tpm0: Operation Canceled
[   19.713848] tpm tpm0: Operation Canceled
[   19.735027] tpm tpm0: Operation Canceled
[   19.755597] tpm tpm0: Operation Canceled
[   19.776296] tpm tpm0: Operation Canceled
[   19.797024] tpm tpm0: Operation Canceled
[   19.817720] tpm tpm0: Operation Canceled
[   19.838452] tpm tpm0: Operation Canceled
[   19.859213] tpm tpm0: Operation Canceled
[   19.879930] tpm tpm0: Operation Canceled
[   19.900674] tpm tpm0: Operation Canceled
[   19.921376] tpm tpm0: Operation Canceled
[   19.942301] tpm tpm0: Operation Canceled
[   19.963045] tpm tpm0: Operation Canceled
[   19.983777] tpm tpm0: Operation Canceled
[   20.004474] tpm tpm0: Operation Canceled
[   20.025238] tpm tpm0: Operation Canceled
[   20.046277] tpm tpm0: Operation Canceled
[   20.067145] tpm tpm0: Operation Canceled
[   20.087717] tpm tpm0: Operation Canceled
[   20.108402] tpm tpm0: Operation Canceled
[   20.129422] tpm tpm0: Operation Canceled
[   20.150162] tpm tpm0: Operation Canceled
[   20.171011] tpm tpm0: Operation Canceled
[   20.191582] tpm tpm0: Operation Canceled
[   20.212281] tpm tpm0: Operation Canceled
[   20.233008] tpm tpm0: Operation Canceled
[   20.253845] tpm tpm0: Operation Canceled
[   20.274629] tpm tpm0: Operation Canceled
[   20.295380] tpm tpm0: Operation Canceled
[   20.316088] tpm tpm0: Operation Canceled
[   20.336837] tpm tpm0: Operation Canceled
[   20.357604] tpm tpm0: Operation Canceled
[   20.378297] tpm tpm0: Operation Canceled
[   20.399059] tpm tpm0: Operation Canceled
[   20.419745] tpm tpm0: Operation Canceled
[   20.440500] tpm tpm0: Operation Canceled
[   20.461189] tpm tpm0: Operation Canceled
[   20.481844] tpm tpm0: Operation Canceled
[   20.502643] tpm tpm0: Operation Canceled
[   20.523405] tpm tpm0: Operation Canceled
[   20.544419] tpm tpm0: Operation Canceled
[   20.565123] tpm tpm0: Operation Canceled
[   20.585843] tpm tpm0: Operation Canceled
[   20.606809] tpm tpm0: Operation Canceled
[   20.627552] tpm tpm0: Operation Canceled
[   20.648257] tpm tpm0: Operation Canceled
[   20.668985] tpm tpm0: Operation Canceled
[   20.689744] tpm tpm0: Operation Canceled
[   20.710452] tpm tpm0: Operation Canceled
[   20.741640] tpm tpm0: Operation Canceled
[   20.762506] tpm tpm0: Operation Canceled
[   20.783290] tpm tpm0: Operation Canceled
[   20.793657] tpm tpm0: Operation Canceled
[   20.814358] tpm tpm0: Operation Canceled
[   20.835072] tpm tpm0: Operation Canceled
[   20.855817] tpm tpm0: Operation Canceled
[   20.876523] tpm tpm0: Operation Canceled
[   20.897264] tpm tpm0: Operation Canceled
[   20.917844] tpm tpm0: Operation Canceled
[   20.938747] tpm tpm0: Operation Canceled
[   20.959440] tpm tpm0: Operation Canceled
[   20.980153] tpm tpm0: Operation Canceled
[   21.000872] tpm tpm0: Operation Canceled
[   21.021649] tpm tpm0: Operation Canceled
[   21.042659] tpm tpm0: Operation Canceled
[   21.063387] tpm tpm0: Operation Canceled
[   21.084086] tpm tpm0: Operation Canceled
[   21.104802] tpm tpm0: Operation Canceled
[   21.125520] tpm tpm0: Operation Canceled
[   21.146218] tpm tpm0: Operation Canceled
[   21.166938] tpm tpm0: Operation Canceled
[   21.177660] tpm tpm0: Operation Canceled
[   21.197855] tpm tpm0: Operation Canceled
[   21.218681] tpm tpm0: Operation Canceled
[   21.239393] tpm tpm0: Operation Canceled
[   21.260121] tpm tpm0: Operation Canceled
[   21.280820] tpm tpm0: Operation Canceled
[   21.301552] tpm tpm0: Operation Canceled
[   21.322225] tpm tpm0: Operation Canceled
[   21.343162] tpm tpm0: Operation Canceled
[   21.363863] tpm tpm0: Operation Canceled
[   21.384585] tpm tpm0: Operation Canceled
[   21.405301] tpm tpm0: Operation Canceled
[   21.425848] tpm tpm0: Operation Canceled
[   21.446712] tpm tpm0: Operation Canceled
[   21.467511] tpm tpm0: Operation Canceled
[   21.488159] tpm tpm0: Operation Canceled
[   21.509028] tpm tpm0: Operation Canceled
[   21.529738] tpm tpm0: Operation Canceled
[   21.550476] tpm tpm0: Operation Canceled
[   21.571318] tpm tpm0: Operation Canceled
[   21.591909] tpm tpm0: Operation Canceled
[   21.612591] tpm tpm0: Operation Canceled
[   21.633286] tpm tpm0: Operation Canceled
[   21.654278] tpm tpm0: Operation Canceled
[   21.675132] tpm tpm0: Operation Canceled
[   21.695723] tpm tpm0: Operation Canceled
[   21.716418] tpm tpm0: Operation Canceled
[   21.737107] tpm tpm0: Operation Canceled
[   21.757847] tpm tpm0: Operation Canceled
[   21.778593] tpm tpm0: Operation Canceled
[   21.809641] tpm tpm0: Operation Canceled
[   21.830608] tpm tpm0: Operation Canceled
[   21.851384] tpm tpm0: Operation Canceled
[   21.872069] tpm tpm0: Operation Canceled
[   21.892811] tpm tpm0: Operation Canceled
[   21.913469] tpm tpm0: Operation Canceled
[   21.934169] tpm tpm0: Operation Canceled
[   21.954907] tpm tpm0: Operation Canceled
[   21.975605] tpm tpm0: Operation Canceled
[   21.996626] tpm tpm0: Operation Canceled
[   22.017337] tpm tpm0: Operation Canceled
[   22.037850] tpm tpm0: Operation Canceled
[   22.058753] tpm tpm0: Operation Canceled
[   22.079548] tpm tpm0: Operation Canceled
[   22.100146] tpm tpm0: Operation Canceled
[   22.120875] tpm tpm0: Operation Canceled
[   22.131276] tpm tpm0: Operation Canceled
[   22.151975] tpm tpm0: Operation Canceled
[   22.172697] tpm tpm0: Operation Canceled
[   22.193357] tpm tpm0: Operation Canceled
[   22.213848] tpm tpm0: Operation Canceled
[   22.234745] tpm tpm0: Operation Canceled
[   22.255501] tpm tpm0: Operation Canceled
[   22.276246] tpm tpm0: Operation Canceled
[   22.296928] tpm tpm0: Operation Canceled
[   22.317653] tpm tpm0: Operation Canceled
[   22.338654] tpm tpm0: Operation Canceled
[   22.359405] tpm tpm0: Operation Canceled
[   22.380084] tpm tpm0: Operation Canceled
[   22.400832] tpm tpm0: Operation Canceled
[   22.421553] tpm tpm0: Operation Canceled
[   22.442266] tpm tpm0: Operation Canceled
[   22.462971] tpm tpm0: Operation Canceled
[   22.483688] tpm tpm0: Operation Canceled
[   22.504419] tpm tpm0: Operation Canceled
[   22.566538] tpm tpm0: Operation Canceled
[   22.587243] tpm tpm0: Operation Canceled
[   22.607947] tpm tpm0: Operation Canceled
[   22.628667] tpm tpm0: Operation Canceled
[   22.649481] tpm tpm0: Operation Canceled
[   22.670339] tpm tpm0: Operation Canceled
[   22.691105] tpm tpm0: Operation Canceled
[   22.711764] tpm tpm0: Operation Canceled
[   22.732486] tpm tpm0: Operation Canceled
[   22.753165] tpm tpm0: Operation Canceled
[   22.773850] tpm tpm0: Operation Canceled
[   22.794567] tpm tpm0: Operation Canceled
[   22.815274] tpm tpm0: Operation Canceled
[   22.836006] tpm tpm0: Operation Canceled
[   22.856675] tpm tpm0: Operation Canceled
[   22.877408] tpm tpm0: Operation Canceled
[   22.897854] tpm tpm0: Operation Canceled
[   22.918901] tpm tpm0: Operation Canceled
[   22.939531] tpm tpm0: Operation Canceled
[   22.960213] tpm tpm0: Operation Canceled
[   22.980967] tpm tpm0: Operation Canceled
[   23.012098] tpm tpm0: Operation Canceled
[   23.032810] tpm tpm0: Operation Canceled
[   23.053544] tpm tpm0: Operation Canceled
[   23.074269] tpm tpm0: Operation Canceled
[   23.095214] tpm tpm0: Operation Canceled
[   23.116047] tpm tpm0: Operation Canceled
[   23.136797] tpm tpm0: Operation Canceled
[   23.167785] tpm tpm0: Operation Canceled
[   23.188595] tpm tpm0: Operation Canceled
[   23.209184] tpm tpm0: Operation Canceled
[   23.229847] tpm tpm0: Operation Canceled
[   23.250635] tpm tpm0: Operation Canceled
[   23.271571] tpm tpm0: Operation Canceled
[   23.292291] tpm tpm0: Operation Canceled
[   23.312959] tpm tpm0: Operation Canceled
[   23.333689] tpm tpm0: Operation Canceled
[   23.354423] tpm tpm0: Operation Canceled
[   23.375324] tpm tpm0: Operation Canceled
[   23.395846] tpm tpm0: Operation Canceled
[   23.416537] tpm tpm0: Operation Canceled
[   23.437244] tpm tpm0: Operation Canceled
[   23.457854] tpm tpm0: Operation Canceled
[   23.478650] tpm tpm0: Operation Canceled
[   23.499422] tpm tpm0: Operation Canceled
[   23.520020] tpm tpm0: Operation Canceled
[   23.540762] tpm tpm0: Operation Canceled
[   23.561473] tpm tpm0: Operation Canceled
[   23.582201] tpm tpm0: Operation Canceled
[   23.602895] tpm tpm0: Operation Canceled
[   23.623644] tpm tpm0: Operation Canceled
[   23.644265] tpm tpm0: Operation Canceled
[   23.664963] tpm tpm0: Operation Canceled
[   23.685691] tpm tpm0: Operation Canceled
[   23.706386] tpm tpm0: Operation Canceled
[   23.727099] tpm tpm0: Operation Canceled
[   23.747913] tpm tpm0: Operation Canceled
[   23.768643] tpm tpm0: Operation Canceled
[   23.789298] tpm tpm0: Operation Canceled
[   23.809854] tpm tpm0: Operation Canceled
[   23.830751] tpm tpm0: Operation Canceled
[   23.851481] tpm tpm0: Operation Canceled
[   23.872229] tpm tpm0: Operation Canceled
[   23.892912] tpm tpm0: Operation Canceled
[   23.913636] tpm tpm0: Operation Canceled
[   23.934327] tpm tpm0: Operation Canceled
[   23.955036] tpm tpm0: Operation Canceled
[   23.975743] tpm tpm0: Operation Canceled
[   23.996415] tpm tpm0: Operation Canceled
[   24.017112] tpm tpm0: Operation Canceled
[   24.037842] tpm tpm0: Operation Canceled
[   24.058587] tpm tpm0: Operation Canceled
[   24.079304] tpm tpm0: Operation Canceled
[   24.099985] tpm tpm0: Operation Canceled
[   24.120713] tpm tpm0: Operation Canceled
[   24.141401] tpm tpm0: Operation Canceled
[   24.161849] tpm tpm0: Operation Canceled
[   24.182805] tpm tpm0: Operation Canceled
[   24.203467] tpm tpm0: Operation Canceled
[   24.224640] tpm tpm0: Operation Canceled
[   24.245330] tpm tpm0: Operation Canceled
[   24.265849] tpm tpm0: Operation Canceled
[   24.286710] tpm tpm0: Operation Canceled
[   24.307427] tpm tpm0: Operation Canceled
[   24.328119] tpm tpm0: Operation Canceled
[   24.348828] tpm tpm0: Operation Canceled
[   24.369540] tpm tpm0: Operation Canceled
[   24.390329] tpm tpm0: Operation Canceled
[   24.411050] tpm tpm0: Operation Canceled
[   24.431727] tpm tpm0: Operation Canceled
[   24.452448] tpm tpm0: Operation Canceled
[   24.473122] tpm tpm0: Operation Canceled
[   24.493847] tpm tpm0: Operation Canceled
[   24.514564] tpm tpm0: Operation Canceled
[   24.535530] tpm tpm0: Operation Canceled
[   24.556322] tpm tpm0: Operation Canceled
[   24.577006] tpm tpm0: Operation Canceled
[   24.597737] tpm tpm0: Operation Canceled
[   24.618465] tpm tpm0: Operation Canceled
[   24.639229] tpm tpm0: Operation Canceled
[   24.659810] tpm tpm0: Operation Canceled
[   24.680594] tpm tpm0: Operation Canceled
[   24.701234] tpm tpm0: Operation Canceled
[   24.722006] tpm tpm0: Operation Canceled
[   24.742666] tpm tpm0: Operation Canceled
[   24.763359] tpm tpm0: Operation Canceled
[   24.784036] tpm tpm0: Operation Canceled
[   24.804775] tpm tpm0: Operation Canceled
[   24.825480] tpm tpm0: Operation Canceled
[   24.846432] tpm tpm0: Operation Canceled
[   24.867172] tpm tpm0: Operation Canceled
[   24.887808] tpm tpm0: Operation Canceled
[   24.908489] tpm tpm0: Operation Canceled
[   24.929214] tpm tpm0: Operation Canceled
[   24.949851] tpm tpm0: Operation Canceled
[   24.970599] tpm tpm0: Operation Canceled
[   24.991294] tpm tpm0: Operation Canceled
[   25.012096] tpm tpm0: Operation Canceled
[   25.032685] tpm tpm0: Operation Canceled
[   25.053374] tpm tpm0: Operation Canceled
[   25.073852] tpm tpm0: Operation Canceled
[   25.094779] tpm tpm0: Operation Canceled
[   25.115483] tpm tpm0: Operation Canceled
[   25.136174] tpm tpm0: Operation Canceled
[   25.156871] tpm tpm0: Operation Canceled
[   25.167270] tpm tpm0: Operation Canceled
[   25.187977] tpm tpm0: Operation Canceled
[   25.208687] tpm tpm0: Operation Canceled
[   25.229306] tpm tpm0: Operation Canceled
[   25.249857] tpm tpm0: Operation Canceled
[   25.270726] tpm tpm0: Operation Canceled
[   25.291445] tpm tpm0: Operation Canceled
[   25.312126] tpm tpm0: Operation Canceled
[   25.332819] tpm tpm0: Operation Canceled
[   25.353815] tpm tpm0: Operation Canceled
[   25.374215] tpm tpm0: Operation Canceled
[   25.394951] tpm tpm0: Operation Canceled
[   25.415610] tpm tpm0: Operation Canceled
[   25.436303] tpm tpm0: Operation Canceled
[   25.456996] tpm tpm0: Operation Canceled
[   25.477848] tpm tpm0: Operation Canceled
[   25.498614] tpm tpm0: Operation Canceled
[   25.519538] tpm tpm0: Operation Canceled
[   25.540189] tpm tpm0: Operation Canceled
[   25.560933] tpm tpm0: Operation Canceled
[   25.581711] tpm tpm0: Operation Canceled
[   25.602408] tpm tpm0: Operation Canceled
[   25.623123] tpm tpm0: Operation Canceled
[   25.643815] tpm tpm0: Operation Canceled
[   25.664551] tpm tpm0: Operation Canceled
[   25.685281] tpm tpm0: Operation Canceled
[   25.705851] tpm tpm0: Operation Canceled
[   25.726675] tpm tpm0: Operation Canceled
[   25.747401] tpm tpm0: Operation Canceled
[   25.768138] tpm tpm0: Operation Canceled
[   25.788823] tpm tpm0: Operation Canceled
[   25.820099] tpm tpm0: Operation Canceled
[   25.840918] tpm tpm0: Operation Canceled
[   25.861647] tpm tpm0: Operation Canceled
[   25.882394] tpm tpm0: Operation Canceled
[   25.903182] tpm tpm0: Operation Canceled
[   25.923776] tpm tpm0: Operation Canceled
[   25.944450] tpm tpm0: Operation Canceled
[   25.965166] tpm tpm0: Operation Canceled
[   25.985851] tpm tpm0: Operation Canceled
[   26.006554] tpm tpm0: Operation Canceled
[   26.027287] tpm tpm0: Operation Canceled
[   26.047991] tpm tpm0: Operation Canceled
[   26.068804] tpm tpm0: Operation Canceled
[   26.089478] tpm tpm0: Operation Canceled
[   26.110190] tpm tpm0: Operation Canceled
[   26.130940] tpm tpm0: Operation Canceled
[   26.151699] tpm tpm0: Operation Canceled
[   26.182731] tpm tpm0: Operation Canceled
[   26.203467] tpm tpm0: Operation Canceled
[   26.224179] tpm tpm0: Operation Canceled
[   26.244852] tpm tpm0: Operation Canceled
[   26.255258] tpm tpm0: Operation Canceled
[   26.275954] tpm tpm0: Operation Canceled
[   26.296644] tpm tpm0: Operation Canceled
[   26.317382] tpm tpm0: Operation Canceled
[   26.338373] tpm tpm0: Operation Canceled
[   26.358967] tpm tpm0: Operation Canceled
[   26.379657] tpm tpm0: Operation Canceled
[   26.400345] tpm tpm0: Operation Canceled
[   26.421048] tpm tpm0: Operation Canceled
[   26.441759] tpm tpm0: Operation Canceled
[   26.452127] tpm tpm0: Operation Canceled
[   26.472802] tpm tpm0: Operation Canceled
[   26.493624] tpm tpm0: Operation Canceled
[   26.514326] tpm tpm0: Operation Canceled
[   26.535008] tpm tpm0: Operation Canceled
[   26.555668] tpm tpm0: Operation Canceled
[   26.576375] tpm tpm0: Operation Canceled
[   26.597079] tpm tpm0: Operation Canceled
[   26.617850] tpm tpm0: Operation Canceled
[   26.638476] tpm tpm0: Operation Canceled
[   26.659383] tpm tpm0: Operation Canceled
[   26.680076] tpm tpm0: Operation Canceled
[   26.700798] tpm tpm0: Operation Canceled
[   26.721483] tpm tpm0: Operation Canceled
[   26.742198] tpm tpm0: Operation Canceled
[   26.762893] tpm tpm0: Operation Canceled
[   26.783560] tpm tpm0: Operation Canceled
[   26.804254] tpm tpm0: Operation Canceled
[   26.825055] tpm tpm0: Operation Canceled
[   26.845788] tpm tpm0: Operation Canceled
[   26.866491] tpm tpm0: Operation Canceled
[   26.887193] tpm tpm0: Operation Canceled
[   26.907923] tpm tpm0: Operation Canceled
[   26.928655] tpm tpm0: Operation Canceled
[   26.949301] tpm tpm0: Operation Canceled
[   26.969850] tpm tpm0: Operation Canceled
[   26.990738] tpm tpm0: Operation Canceled
[   27.011563] tpm tpm0: Operation Canceled
[   27.032286] tpm tpm0: Operation Canceled
[   27.052965] tpm tpm0: Operation Canceled
[   27.073733] tpm tpm0: Operation Canceled
[   27.094441] tpm tpm0: Operation Canceled
[   27.115292] tpm tpm0: Operation Canceled
[   27.135998] tpm tpm0: Operation Canceled
[   27.167051] tpm tpm0: Operation Canceled
[   27.197850] tpm tpm0: Operation Canceled
[   27.218757] tpm tpm0: Operation Canceled
[   27.239507] tpm tpm0: Operation Canceled
[   27.260100] tpm tpm0: Operation Canceled
[   27.280813] tpm tpm0: Operation Canceled
[   27.301507] tpm tpm0: Operation Canceled
[   27.322220] tpm tpm0: Operation Canceled
[   27.343111] tpm tpm0: Operation Canceled
[   27.363538] tpm tpm0: Operation Canceled
[   27.384350] tpm tpm0: Operation Canceled
[   27.405048] tpm tpm0: Operation Canceled
[   27.425735] tpm tpm0: Operation Canceled
[   27.446427] tpm tpm0: Operation Canceled
[   27.467123] tpm tpm0: Operation Canceled
[   27.487830] tpm tpm0: Operation Canceled
[   27.508591] tpm tpm0: Operation Canceled
[   27.529167] tpm tpm0: Operation Canceled
[   27.549817] tpm tpm0: Operation Canceled
[   27.570553] tpm tpm0: Operation Canceled
[   27.591611] tpm tpm0: Operation Canceled
[   27.611976] tpm tpm0: Operation Canceled
[   27.632648] tpm tpm0: Operation Canceled
[   27.653332] tpm tpm0: Operation Canceled
[   27.673851] tpm tpm0: Operation Canceled
[   27.694732] tpm tpm0: Operation Canceled
[   27.715474] tpm tpm0: Operation Canceled
[   27.736131] tpm tpm0: Operation Canceled
[   27.757170] tpm tpm0: Operation Canceled
[   27.777557] tpm tpm0: Operation Canceled
[   27.798265] tpm tpm0: Operation Canceled
[   27.818926] tpm tpm0: Operation Canceled
[   27.839644] tpm tpm0: Operation Canceled
[   27.860304] tpm tpm0: Operation Canceled
[   27.880984] tpm tpm0: Operation Canceled
[   27.901849] tpm tpm0: Operation Canceled
[   27.922615] tpm tpm0: Operation Canceled
[   27.943302] tpm tpm0: Operation Canceled
[   27.963982] tpm tpm0: Operation Canceled
[   27.984686] tpm tpm0: Operation Canceled
[   28.005366] tpm tpm0: Operation Canceled
[   28.025862] tpm tpm0: Operation Canceled
[   28.046835] tpm tpm0: Operation Canceled
[   28.067577] tpm tpm0: Operation Canceled
