c[?7l[2J[0mSeaBIOS (version rel-1.16.0-0-gd239552ce722-prebuilt.qemu.org)


iPXE (http://ipxe.org) 00:03.0 CA00 PCI2.10 PnP PMM+7FF91000+7FEF1000 CA00
Press Ctrl-B to configure iPXE (PCI 00:03.0)...                                                                               


Booting from ROM..c[?7l[2J[    0.000000] Linux version 6.18.0-tpmdd-next-6-83f6ace27d21-r+ (root@gnr-bkc) (gcc (GCC) 11.5.0 20240719 (Red Hat 11.5.0-14), GNU ld version 2.35.2-54.el9) #1 SMP PREEMPT_DYNAMIC Tue Dec  2 21:05:25 CST 2025
[    0.000000] Command line: console=ttyS0 root=/dev/sda earlyprintk=serial net.ifnames=0 thunderbolt.dyndbg
[    0.000000] KERNEL supported cpus:
[    0.000000]   Intel GenuineIntel
[    0.000000]   AMD AuthenticAMD
[    0.000000]   Hygon HygonGenuine
[    0.000000]   Centaur CentaurHauls
[    0.000000]   zhaoxin   Shanghai  
[    0.000000] x86/split lock detection: #DB: warning on user-space bus_locks
[    0.000000] BIOS-provided physical RAM map:
[    0.000000] BIOS-e820: [mem 0x0000000000000000-0x000000000009fbff] usable
[    0.000000] BIOS-e820: [mem 0x000000000009fc00-0x000000000009ffff] reserved
[    0.000000] BIOS-e820: [mem 0x00000000000f0000-0x00000000000fffff] reserved
[    0.000000] BIOS-e820: [mem 0x0000000000100000-0x000000007ffdffff] usable
[    0.000000] BIOS-e820: [mem 0x000000007ffe0000-0x000000007fffffff] reserved
[    0.000000] BIOS-e820: [mem 0x00000000feffc000-0x00000000feffffff] reserved
[    0.000000] BIOS-e820: [mem 0x00000000fffc0000-0x00000000ffffffff] reserved
[    0.000000] printk: legacy bootconsole [earlyser0] enabled
[    0.000000] NX (Execute Disable) protection: active
[    0.000000] APIC: Static calls initialized
[    0.000000] SMBIOS 2.8 present.
[    0.000000] DMI: QEMU Standard PC (i440FX + PIIX, 1996), BIOS rel-1.16.0-0-gd239552ce722-prebuilt.qemu.org 04/01/2014
[    0.000000] DMI: Memory slots populated: 1/1
[    0.000000] Hypervisor detected: KVM
[    0.000000] last_pfn = 0x7ffe0 max_arch_pfn = 0x10000000000
[    0.000000] kvm-clock: Using msrs 4b564d01 and 4b564d00
[    0.000003] kvm-clock: using sched offset of 661205600 cycles
[    0.000516] clocksource: kvm-clock: mask: 0xffffffffffffffff max_cycles: 0x1cd42e4dffb, max_idle_ns: 881590591483 ns
[    0.002101] tsc: Detected 1700.000 MHz processor
[    0.010037] last_pfn = 0x7ffe0 max_arch_pfn = 0x10000000000
[    0.010621] MTRR map: 4 entries (3 fixed + 1 variable; max 19), built from 8 variable MTRRs
[    0.011437] x86/PAT: Configuration [0-7]: WB  WC  UC- UC  WB  WP  UC- WT  
[    0.017584] found SMP MP-table at [mem 0x000f5ba0-0x000f5baf]
[    0.018180] Using GB pages for direct mapping
[    0.020864] ACPI: Early table checksum verification disabled
[    0.021429] ACPI: RSDP 0x00000000000F59C0 000014 (v00 BOCHS )
[    0.022004] ACPI: RSDT 0x000000007FFE1951 000034 (v01 BOCHS  BXPC     00000001 BXPC 00000001)
[    0.022865] ACPI: FACP 0x000000007FFE17FD 000074 (v01 BOCHS  BXPC     00000001 BXPC 00000001)
[    0.023725] ACPI: DSDT 0x000000007FFE0040 0017BD (v01 BOCHS  BXPC     00000001 BXPC 00000001)
[    0.024569] ACPI: FACS 0x000000007FFE0000 000040
[    0.025030] ACPI: APIC 0x000000007FFE1871 000080 (v01 BOCHS  BXPC     00000001 BXPC 00000001)
[    0.025872] ACPI: HPET 0x000000007FFE18F1 000038 (v01 BOCHS  BXPC     00000001 BXPC 00000001)
[    0.026712] ACPI: WAET 0x000000007FFE1929 000028 (v01 BOCHS  BXPC     00000001 BXPC 00000001)
[    0.027549] ACPI: Reserving FACP table memory at [mem 0x7ffe17fd-0x7ffe1870]
[    0.028233] ACPI: Reserving DSDT table memory at [mem 0x7ffe0040-0x7ffe17fc]
[    0.028921] ACPI: Reserving FACS table memory at [mem 0x7ffe0000-0x7ffe003f]
[    0.029607] ACPI: Reserving APIC table memory at [mem 0x7ffe1871-0x7ffe18f0]
[    0.030290] ACPI: Reserving HPET table memory at [mem 0x7ffe18f1-0x7ffe1928]
[    0.030976] ACPI: Reserving WAET table memory at [mem 0x7ffe1929-0x7ffe1950]
[    0.032497] No NUMA configuration found
[    0.032871] Faking a node at [mem 0x0000000000000000-0x000000007ffdffff]
[    0.033571] NODE_DATA(0) allocated [mem 0x7ffb4ec0-0x7ffdfcbf]
[    0.035169] Zone ranges:
[    0.035441]   DMA      [mem 0x0000000000001000-0x0000000000ffffff]
[    0.036048]   DMA32    [mem 0x0000000001000000-0x000000007ffdffff]
[    0.036653]   Normal   empty
[    0.036941]   Device   empty
[    0.037225] Movable zone start for each node
[    0.037659] Early memory node ranges
[    0.038009]   node   0: [mem 0x0000000000001000-0x000000000009efff]
[    0.038618]   node   0: [mem 0x0000000000100000-0x000000007ffdffff]
[    0.039231] Initmem setup node 0 [mem 0x0000000000001000-0x000000007ffdffff]
[    0.040203] On node 0, zone DMA: 1 pages in unavailable ranges
[    0.040956] On node 0, zone DMA: 97 pages in unavailable ranges
[    0.067658] On node 0, zone DMA32: 32 pages in unavailable ranges
[    0.121430] KernelAddressSanitizer initialized (generic)
[    0.122266] ACPI: PM-Timer IO Port: 0x608
[    0.122696] ACPI: LAPIC_NMI (acpi_id[0xff] dfl dfl lint[0x1])
[    0.123314] IOAPIC[0]: apic_id 0, version 17, address 0xfec00000, GSI 0-23
[    0.124008] ACPI: INT_SRC_OVR (bus 0 bus_irq 0 global_irq 2 dfl dfl)
[    0.124632] ACPI: INT_SRC_OVR (bus 0 bus_irq 5 global_irq 5 high level)
[    0.125274] ACPI: INT_SRC_OVR (bus 0 bus_irq 9 global_irq 9 high level)
[    0.125920] ACPI: INT_SRC_OVR (bus 0 bus_irq 10 global_irq 10 high level)
[    0.126579] ACPI: INT_SRC_OVR (bus 0 bus_irq 11 global_irq 11 high level)
[    0.127250] ACPI: Using ACPI (MADT) for SMP configuration information
[    0.127880] ACPI: HPET id: 0x8086a201 base: 0xfed00000
[    0.128389] TSC deadline timer available
[    0.128780] CPU topo: Max. logical packages:   1
[    0.129227] CPU topo: Max. logical dies:       1
[    0.129676] CPU topo: Max. dies per package:   1
[    0.130132] CPU topo: Max. threads per core:   1
[    0.130586] CPU topo: Num. cores per package:     2
[    0.131058] CPU topo: Num. threads per package:   2
[    0.131533] CPU topo: Allowing 2 present CPUs plus 0 hotplug CPUs
[    0.132168] kvm-guest: APIC: eoi() replaced with kvm_guest_apic_eoi_write()
[    0.132870] kvm-guest: KVM setup pv remote TLB flush
[    0.133354] kvm-guest: setup PV sched yield
[    0.133804] PM: hibernation: Registered nosave memory: [mem 0x00000000-0x00000fff]
[    0.134540] PM: hibernation: Registered nosave memory: [mem 0x0009f000-0x000fffff]
[    0.135276] [mem 0x80000000-0xfeffbfff] available for PCI devices
[    0.135870] Booting paravirtualized kernel on KVM
[    0.136330] clocksource: refined-jiffies: mask: 0xffffffff max_cycles: 0xffffffff, max_idle_ns: 7645519600211568 ns
[    0.137350] setup_percpu: NR_CPUS:8192 nr_cpumask_bits:2 nr_cpu_ids:2 nr_node_ids:1
[    0.138579] percpu: Embedded 80 pages/cpu s290816 r8192 d28672 u1048576
[    0.139411] kvm-guest: PV spinlocks enabled
[    0.139830] PV qspinlock hash table entries: 256 (order: 0, 4096 bytes, linear)
[    0.140557] Kernel command line: net.ifnames=0 console=ttyS0 root=/dev/sda earlyprintk=serial net.ifnames=0 thunderbolt.dyndbg
[    0.141936] random: crng init done
[    0.142272] printk: log buffer data + meta data: 262144 + 917504 = 1179648 bytes
[    0.143402] Dentry cache hash table entries: 262144 (order: 9, 2097152 bytes, linear)
[    0.144529] Inode-cache hash table entries: 131072 (order: 8, 1048576 bytes, linear)
[    0.145568] Fallback order for Node 0: 0 
[    0.145579] Built 1 zonelists, mobility grouping on.  Total pages: 524158
[    0.146613] Policy zone: DMA32
[    0.146908] mem auto-init: stack:off, heap alloc:off, heap free:off
[    0.147510] stackdepot: allocating hash table via alloc_large_system_hash
[    0.148167] stackdepot hash table entries: 1048576 (order: 12, 16777216 bytes, linear)
[    0.151911] stackdepot: allocating space for 8192 stack pools via memblock
[    0.188244] SLUB: HWalign=64, Order=0-3, MinObjects=0, CPUs=2, Nodes=1
[    0.188880] kmemleak: Kernel memory leak detector disabled
[    0.223895] ftrace: allocating 74673 entries in 292 pages
[    0.224421] ftrace: allocated 292 pages with 3 groups
[    0.228680] Dynamic Preempt: voluntary
[    0.229522] Running RCU self tests
[    0.229848] Running RCU synchronous self tests
[    0.230271] rcu: Preemptible hierarchical RCU implementation.
[    0.230823] rcu: 	RCU lockdep checking is enabled.
[    0.231279] rcu: 	RCU restricting CPUs from NR_CPUS=8192 to nr_cpu_ids=2.
[    0.231931] 	Trampoline variant of Tasks RCU enabled.
[    0.232415] 	Rude variant of Tasks RCU enabled.
[    0.232848] 	Tracing variant of Tasks RCU enabled.
[    0.233303] rcu: RCU calculated value of scheduler-enlistment delay is 25 jiffies.
[    0.234025] rcu: Adjusting geometry for rcu_fanout_leaf=16, nr_cpu_ids=2
[    0.234744] Running RCU synchronous self tests
[    0.235172] RCU Tasks: Setting shift to 1 and lim to 1 rcu_task_cb_adjust=1 rcu_task_cpu_ids=2.
[    0.236004] RCU Tasks Rude: Setting shift to 1 and lim to 1 rcu_task_cb_adjust=1 rcu_task_cpu_ids=2.
[    0.236865] RCU Tasks Trace: Setting shift to 1 and lim to 1 rcu_task_cb_adjust=1 rcu_task_cpu_ids=2.
[    0.305359] NR_IRQS: 524544, nr_irqs: 440, preallocated irqs: 16
[    0.306491] rcu: srcu_init: Setting srcu_struct sizes based on contention.
[    0.316093] Console: colour VGA+ 80x25
[    0.316538] printk: legacy console [ttyS0] enabled
[    0.316538] printk: legacy console [ttyS0] enabled
[    0.317479] printk: legacy bootconsole [earlyser0] disabled
[    0.317479] printk: legacy bootconsole [earlyser0] disabled
[    0.318576] Lock dependency validator: Copyright (c) 2006 Red Hat, Inc., Ingo Molnar
[    0.319340] ... MAX_LOCKDEP_SUBCLASSES:  8
[    0.319758] ... MAX_LOCK_DEPTH:          48
[    0.320176] ... MAX_LOCKDEP_KEYS:        8192
[    0.320615] ... CLASSHASH_SIZE:          4096
[    0.321053] ... MAX_LOCKDEP_ENTRIES:     32768
[    0.321501] ... MAX_LOCKDEP_CHAINS:      65536
[    0.321944] ... CHAINHASH_SIZE:          32768
[    0.322392]  memory used by lock dependency info: 6429 kB
[    0.322930]  memory used for stack traces: 4224 kB
[    0.323409]  per task-struct memory footprint: 1920 bytes
[    0.324036] ACPI: Core revision 20250807
[    0.324848] clocksource: hpet: mask: 0xffffffff max_cycles: 0xffffffff, max_idle_ns: 19112604467 ns
[    0.325912] APIC: Switch to symmetric I/O mode setup
[    0.326695] x2apic enabled
[    0.327372] APIC: Switched APIC routing to: physical x2apic
[    0.327938] kvm-guest: APIC: send_IPI_mask() replaced with kvm_send_ipi_mask()
[    0.328668] kvm-guest: APIC: send_IPI_mask_allbutself() replaced with kvm_send_ipi_mask_allbutself()
[    0.329574] kvm-guest: setup PV IPIs
[    0.331205] ..TIMER: vector=0x30 apic1=0 pin1=2 apic2=-1 pin2=-1
[    0.331837] clocksource: tsc-early: mask: 0xffffffffffffffff max_cycles: 0x1881273ac8e, max_idle_ns: 440795257284 ns
[    0.332895] Calibrating delay loop (skipped) preset value.. 3400.00 BogoMIPS (lpj=6800000)
[    0.336940] x86/cpu: User Mode Instruction Prevention (UMIP) activated
[    0.337690] Last level iTLB entries: 4KB 0, 2MB 0, 4MB 0
[    0.338215] Last level dTLB entries: 4KB 0, 2MB 0, 4MB 0, 1GB 0
[    0.338827] mitigations: Enabled attack vectors: user_kernel, user_user, guest_host, guest_guest, SMT mitigations: auto
[    0.339898] Speculative Store Bypass: Mitigation: Speculative Store Bypass disabled via prctl
[    0.340736] Spectre V2 : Mitigation: Enhanced / Automatic IBRS
[    0.340887] ITS: Mitigation: Aligned branch/return thunks
[    0.341423] Spectre V1 : Mitigation: usercopy/swapgs barriers and __user pointer sanitization
[    0.342261] Spectre V2 : WARNING: Unprivileged eBPF is enabled with eIBRS on, data leaks possible via Spectre v2 BHB attacks!
[    0.343358] Spectre V2 : Spectre v2 / PBRSB-eIBRS: Retire a single CALL on VMEXIT
[    0.344099] Spectre V2 : mitigation: Enabling conditional Indirect Branch Prediction Barrier
[    0.344890] active return thunk: its_return_thunk
[    0.345374] Spectre V2 : Spectre BHI mitigation: SW BHB clearing on syscall and VM exit
[    0.346206] x86/fpu: Supporting XSAVE feature 0x001: 'x87 floating point registers'
[    0.346964] x86/fpu: Supporting XSAVE feature 0x002: 'SSE registers'
[    0.347592] x86/fpu: Supporting XSAVE feature 0x004: 'AVX registers'
[    0.348226] x86/fpu: Supporting XSAVE feature 0x020: 'AVX-512 opmask'
[    0.348886] x86/fpu: Supporting XSAVE feature 0x040: 'AVX-512 Hi256'
[    0.349522] x86/fpu: Supporting XSAVE feature 0x080: 'AVX-512 ZMM_Hi256'
[    0.350188] x86/fpu: Supporting XSAVE feature 0x200: 'Protection Keys User registers'
[    0.350965] x86/fpu: Supporting XSAVE feature 0x20000: 'AMX Tile config'
[    0.351626] x86/fpu: Supporting XSAVE feature 0x40000: 'AMX Tile data'
[    0.352274] x86/fpu: xstate_offset[2]:  576, xstate_sizes[2]:  256
[    0.352886] x86/fpu: xstate_offset[5]:  832, xstate_sizes[5]:   64
[    0.353513] x86/fpu: xstate_offset[6]:  896, xstate_sizes[6]:  512
[    0.354572] x86/fpu: xstate_offset[7]: 1408, xstate_sizes[7]: 1024
[    0.355201] x86/fpu: xstate_offset[9]: 2432, xstate_sizes[9]:    8
[    0.355825] x86/fpu: xstate_offset[17]: 2496, xstate_sizes[17]:   64
[    0.356891] x86/fpu: xstate_offset[18]: 2560, xstate_sizes[18]: 8192
[    0.357541] x86/fpu: Enabled xstate features 0x602e7, context size is 10752 bytes, using 'compacted' format.
[    0.511403] Freeing SMP alternatives memory: 64K
[    0.511877] pid_max: default: 32768 minimum: 301
[    0.512598] LSM: initializing lsm=capability,yama,ima,evm
[    0.512974] Yama: becoming mindful.
[    0.513779] Mount-cache hash table entries: 4096 (order: 3, 32768 bytes, linear)
[    0.514527] Mountpoint-cache hash table entries: 4096 (order: 3, 32768 bytes, linear)
[    0.517162] Running RCU synchronous self tests
[    0.517618] Running RCU synchronous self tests
[    0.518368] smpboot: CPU0: Intel(R) Xeon(R) Gold 6414TDX (family: 0x6, model: 0x8f, stepping: 0x6)
[    0.520012] Performance Events: PEBS fmt0-, Sapphire Rapids events, full-width counters, Intel PMU driver.
[    0.520882] ... version:                   2
[    0.520882] ... bit width:                 48
[    0.520882] ... generic counters:          8
[    0.520891] ... generic bitmap:            00000000000000ff
[    0.521446] ... fixed-purpose counters:    4
[    0.521871] ... fixed-purpose bitmap:      000000000000000f
[    0.522424] ... value mask:                0000ffffffffffff
[    0.522975] ... max period:                00007fffffffffff
[    0.523525] ... global_ctrl mask:          0000000f000000ff
[    0.524577] signal: max sigframe size: 11952
[    0.525044] rcu: Hierarchical SRCU implementation.
[    0.525531] rcu: 	Max phase no-delay instances is 1000.
[    0.526259] Timer migration: 1 hierarchy levels; 8 children per group; 1 crossnode level
[    0.542578] smp: Bringing up secondary CPUs ...
[    0.543621] smpboot: x86: Booting SMP configuration:
[    0.544133] .... node  #0, CPUs:      #1
[    0.544949] smp: Brought up 1 node, 2 CPUs
[    0.545802] smpboot: Total of 2 processors activated (6800.00 BogoMIPS)
[    0.547201] Memory: 1591844K/2096632K available (80009K kernel code, 15398K rwdata, 18472K rodata, 16260K init, 21268K bss, 493180K reserved, 0K cma-reserved)
[    0.549550] devtmpfs: initialized
[    0.549966] x86/mm: Memory block size: 128MB
[    0.561750] Running RCU synchronous self tests
[    0.562175] Running RCU synchronous self tests
[    0.562645] Running RCU Tasks wait API self tests
[    0.564913] Running RCU Tasks Rude wait API self tests
[    0.565413] Running RCU Tasks Trace wait API self tests
[    0.584896] clocksource: jiffies: mask: 0xffffffff max_cycles: 0xffffffff, max_idle_ns: 7645041785100000 ns
[    0.588931] posixtimers hash table entries: 1024 (order: 5, 73728 bytes, linear)
[    0.589732] futex hash table entries: 512 (65536 bytes on 1 NUMA nodes, total 64 KiB, linear).
[    0.591952] pinctrl core: initialized pinctrl subsystem
[    0.594175] 
[    0.594350] *************************************************************
[    0.595034] **     NOTICE NOTICE NOTICE NOTICE NOTICE NOTICE NOTICE    **
[    0.595713] **                                                         **
[    0.596399] **  IOMMU DebugFS SUPPORT HAS BEEN ENABLED IN THIS KERNEL  **
[    0.596890] **                                                         **
[    0.597566] ** This means that this kernel is built to expose internal **
[    0.598248] ** IOMMU data structures, which may compromise security on **
[    0.598929] ** your system.                                            **
[    0.599609] **                                                         **
[    0.600299] ** If you see this message and you are not debugging the   **
[    0.600890] ** kernel, report this immediately to your vendor!         **
[    0.601571] **                                                         **
[    0.602249] **     NOTICE NOTICE NOTICE NOTICE NOTICE NOTICE NOTICE    **
[    0.602930] *************************************************************
[    0.603701] PM: RTC time: 13:06:45, date: 2025-12-02
[    0.606672] NET: Registered PF_NETLINK/PF_ROUTE protocol family
[    0.608865] DMA: preallocated 256 KiB GFP_KERNEL pool for atomic allocations
[    0.608911] DMA: preallocated 256 KiB GFP_KERNEL|GFP_DMA pool for atomic allocations
[    0.609708] DMA: preallocated 256 KiB GFP_KERNEL|GFP_DMA32 pool for atomic allocations
[    0.610588] audit: initializing netlink subsys (disabled)
[    0.611181] audit: type=2000 audit(1764680805.269:1): state=initialized audit_enabled=0 res=1
[    0.611181] thermal_sys: Registered thermal governor 'fair_share'
[    0.611181] thermal_sys: Registered thermal governor 'bang_bang'
[    0.611496] thermal_sys: Registered thermal governor 'step_wise'
[    0.612101] thermal_sys: Registered thermal governor 'user_space'
[    0.612961] cpuidle: using governor ladder
[    0.613934] cpuidle: using governor menu
[    0.613934] acpiphp: ACPI Hot Plug PCI Controller Driver version: 0.5
[    0.615232] PCI: Using configuration type 1 for base access
[    0.617214] kprobes: kprobe jump-optimization is enabled. All kprobes are optimized if possible.
[    0.621407] Callback from call_rcu_tasks_trace() invoked.
[    0.797772] HugeTLB: registered 1.00 GiB page size, pre-allocated 0 pages
[    0.798455] HugeTLB: 16380 KiB vmemmap can be freed for a 1.00 GiB page
[    0.799116] HugeTLB: registered 2.00 MiB page size, pre-allocated 0 pages
[    0.799787] HugeTLB: 28 KiB vmemmap can be freed for a 2.00 MiB page
[    0.806709] ACPI: Added _OSI(Module Device)
[    0.807158] ACPI: Added _OSI(Processor Device)
[    0.807612] ACPI: Added _OSI(Processor Aggregator Device)
[    0.825341] ACPI: 1 ACPI AML tables successfully acquired and loaded
[    0.843571] ACPI: Interpreter enabled
[    0.844110] ACPI: PM: (supports S0 S3 S4 S5)
[    0.844540] ACPI: Using IOAPIC for interrupt routing
[    0.845002] PCI: Using host bridge windows from ACPI; if necessary, use "pci=nocrs" and report a bug
[    0.845902] PCI: Using E820 reservations for host bridge windows
[    0.847816] ACPI: Enabled 2 GPEs in block 00 to 0F
[    0.890941] ACPI: PCI Root Bridge [PCI0] (domain 0000 [bus 00-ff])
[    0.891600] acpi PNP0A03:00: _OSC: OS supports [ASPM ClockPM Segments MSI EDR HPX-Type3]
[    0.892414] acpi PNP0A03:00: _OSC: not requesting OS control; OS requires [ExtendedConfig ASPM ClockPM MSI]
[    0.893050] acpi PNP0A03:00: fail to add MMCONFIG information, can't access extended configuration space under this bridge
[    0.899178] acpiphp: Slot [3] registered
[    0.899730] acpiphp: Slot [4] registered
[    0.900270] acpiphp: Slot [5] registered
[    0.900817] acpiphp: Slot [6] registered
[    0.901044] acpiphp: Slot [7] registered
[    0.901589] acpiphp: Slot [8] registered
[    0.902134] acpiphp: Slot [9] registered
[    0.902676] acpiphp: Slot [10] registered
[    0.903232] acpiphp: Slot [11] registered
[    0.903780] acpiphp: Slot [12] registered
[    0.904334] acpiphp: Slot [13] registered
[    0.904898] acpiphp: Slot [14] registered
[    0.905450] acpiphp: Slot [15] registered
[    0.905998] acpiphp: Slot [16] registered
[    0.906552] acpiphp: Slot [17] registered
[    0.907111] acpiphp: Slot [18] registered
[    0.907660] acpiphp: Slot [19] registered
[    0.908207] acpiphp: Slot [20] registered
[    0.908759] acpiphp: Slot [21] registered
[    0.909040] acpiphp: Slot [22] registered
[    0.909591] acpiphp: Slot [23] registered
[    0.910141] acpiphp: Slot [24] registered
[    0.910692] acpiphp: Slot [25] registered
[    0.911243] acpiphp: Slot [26] registered
[    0.911798] acpiphp: Slot [27] registered
[    0.912347] acpiphp: Slot [28] registered
[    0.912907] acpiphp: Slot [29] registered
[    0.913466] acpiphp: Slot [30] registered
[    0.914020] acpiphp: Slot [31] registered
[    0.914495] PCI host bridge to bus 0000:00
[    0.914969] pci_bus 0000:00: root bus resource [io  0x0000-0x0cf7 window]
[    0.915649] pci_bus 0000:00: root bus resource [io  0x0d00-0xffff window]
[    0.916331] pci_bus 0000:00: root bus resource [mem 0x000a0000-0x000bffff window]
[    0.916890] pci_bus 0000:00: root bus resource [mem 0x80000000-0xfebfffff window]
[    0.917636] pci_bus 0000:00: root bus resource [mem 0x100000000-0x17fffffff window]
[    0.918399] pci_bus 0000:00: root bus resource [bus 00-ff]
[    0.919057] pci 0000:00:00.0: [8086:1237] type 00 class 0x060000 conventional PCI endpoint
[    0.929769] pci 0000:00:01.0: [8086:7000] type 00 class 0x060100 conventional PCI endpoint
[    0.932053] pci 0000:00:01.1: [8086:7010] type 00 class 0x010180 conventional PCI endpoint
[    0.933441] pci 0000:00:01.1: BAR 4 [io  0xc040-0xc04f]
[    0.934000] pci 0000:00:01.1: BAR 0 [io  0x01f0-0x01f7]: legacy IDE quirk
[    0.934674] pci 0000:00:01.1: BAR 1 [io  0x03f6]: legacy IDE quirk
[    0.935283] pci 0000:00:01.1: BAR 2 [io  0x0170-0x0177]: legacy IDE quirk
[    0.935957] pci 0000:00:01.1: BAR 3 [io  0x0376]: legacy IDE quirk
[    0.937143] pci 0000:00:01.3: [8086:7113] type 00 class 0x068000 conventional PCI endpoint
[    0.938286] pci 0000:00:01.3: quirk: [io  0x0600-0x063f] claimed by PIIX4 ACPI
[    0.939008] pci 0000:00:01.3: quirk: [io  0x0700-0x070f] claimed by PIIX4 SMB
[    0.940286] pci 0000:00:02.0: [1234:1111] type 00 class 0x030000 conventional PCI endpoint
[    0.945946] pci 0000:00:02.0: BAR 0 [mem 0xfd000000-0xfdffffff pref]
[    0.946604] pci 0000:00:02.0: BAR 2 [mem 0xfebf0000-0xfebf0fff]
[    0.947217] pci 0000:00:02.0: ROM [mem 0xfebe0000-0xfebeffff pref]
[    0.947940] pci 0000:00:02.0: Video device with shadowed ROM at [mem 0x000c0000-0x000dffff]
[    0.958063] pci 0000:00:03.0: [8086:100e] type 00 class 0x020000 conventional PCI endpoint
[    0.959774] pci 0000:00:03.0: BAR 0 [mem 0xfebc0000-0xfebdffff]
[    0.960379] pci 0000:00:03.0: BAR 1 [io  0xc000-0xc03f]
[    0.960922] pci 0000:00:03.0: ROM [mem 0xfeb80000-0xfebbffff pref]
[    0.984441] ACPI: PCI: Interrupt link LNKA configured for IRQ 10
[    0.985942] ACPI: PCI: Interrupt link LNKB configured for IRQ 10
[    0.987551] ACPI: PCI: Interrupt link LNKC configured for IRQ 11
[    0.989145] ACPI: PCI: Interrupt link LNKD configured for IRQ 11
[    0.990170] ACPI: PCI: Interrupt link LNKS configured for IRQ 9
[    0.993777] iommu: Default domain type: Translated
[    0.994283] iommu: DMA domain TLB invalidation policy: lazy mode
[    0.999404] SCSI subsystem initialized
[    1.000305] ACPI: bus type USB registered
[    1.001121] usbcore: registered new interface driver usbfs
[    1.001769] usbcore: registered new interface driver hub
[    1.002371] usbcore: registered new device driver usb
[    1.003219] pps_core: LinuxPPS API ver. 1 registered
[    1.003716] pps_core: Software ver. 5.3.6 - Copyright 2005-2007 Rodolfo Giometti <giometti@linux.it>
[    1.004648] PTP clock support registered
[    1.005247] EDAC MC: Ver: 3.0.0
[    1.008700] NetLabel: Initializing
[    1.008894] NetLabel:  domain hash size = 128
[    1.009333] NetLabel:  protocols = UNLABELED CIPSOv4 CALIPSO
[    1.010037] NetLabel:  unlabeled traffic allowed by default
[    1.011076] PCI: Using ACPI for IRQ routing
[    1.011873] pci 0000:00:02.0: vgaarb: setting as boot VGA device
[    1.012483] pci 0000:00:02.0: vgaarb: bridge control possible
[    1.012882] pci 0000:00:02.0: vgaarb: VGA device added: decodes=io+mem,owns=io+mem,locks=none
[    1.012890] vgaarb: loaded
[    1.013599] hpet0: at MMIO 0xfed00000, IRQs 2, 8, 0
[    1.014104] hpet0: 3 comparators, 64-bit 100.000000 MHz counter
[    1.020882] clocksource: Switched to clocksource kvm-clock
[    1.020882] VFS: Disk quotas dquot_6.6.0
[    1.025812] VFS: Dquot-cache hash table entries: 512 (order 0, 4096 bytes)
[    1.027905] pnp: PnP ACPI init
[    1.032418] pnp: PnP ACPI: found 6 devices
[    1.053028] clocksource: acpi_pm: mask: 0xffffff max_cycles: 0xffffff, max_idle_ns: 2085701024 ns
[    1.054427] NET: Registered PF_INET protocol family
[    1.055059] IP idents hash table entries: 32768 (order: 6, 262144 bytes, linear)
[    1.057281] tcp_listen_portaddr_hash hash table entries: 1024 (order: 5, 73728 bytes, linear)
[    1.058185] Table-perturb hash table entries: 65536 (order: 6, 262144 bytes, linear)
[    1.059023] TCP established hash table entries: 16384 (order: 5, 131072 bytes, linear)
[    1.060467] TCP bind hash table entries: 16384 (order: 10, 2359296 bytes, linear)
[    1.062427] TCP: Hash tables configured (established 16384 bind 16384)
[    1.063212] UDP hash table entries: 1024 (order: 6, 262144 bytes, linear)
[    1.064003] UDP-Lite hash table entries: 1024 (order: 6, 262144 bytes, linear)
[    1.065048] NET: Registered PF_UNIX/PF_LOCAL protocol family
[    1.066397] RPC: Registered named UNIX socket transport module.
[    1.067006] RPC: Registered udp transport module.
[    1.067478] RPC: Registered tcp transport module.
[    1.067952] RPC: Registered tcp-with-tls transport module.
[    1.068498] RPC: Registered tcp NFSv4.1 backchannel transport module.
[    1.069154] pci_bus 0000:00: resource 4 [io  0x0000-0x0cf7 window]
[    1.069793] pci_bus 0000:00: resource 5 [io  0x0d00-0xffff window]
[    1.070407] pci_bus 0000:00: resource 6 [mem 0x000a0000-0x000bffff window]
[    1.071091] pci_bus 0000:00: resource 7 [mem 0x80000000-0xfebfffff window]
[    1.071774] pci_bus 0000:00: resource 8 [mem 0x100000000-0x17fffffff window]
[    1.072835] pci 0000:00:01.0: PIIX3: Enabling Passive Release
[    1.073414] pci 0000:00:00.0: Limiting direct PCI/PCI transfers
[    1.074107] PCI: CLS 0 bytes, default 64
[    1.074600] ACPI: bus type thunderbolt registered
[    1.075442] clocksource: tsc: mask: 0xffffffffffffffff max_cycles: 0x1881273ac8e, max_idle_ns: 440795257284 ns
[    1.076504] sgx: There are zero EPC sections.
[    3.691447] Initialise system trusted keyrings
[    3.692026] Key type blacklist registered
[    3.694051] workingset: timestamp_bits=36 max_order=19 bucket_order=0
[    3.696987] squashfs: version 4.0 (2009/01/31) Phillip Lougher
[    3.699160] NFS: Registering the id_resolver key type
[    3.699728] Key type id_resolver registered
[    3.700171] Key type id_legacy registered
[    3.700636] nfs4filelayout_init: NFSv4 File Layout Driver Registering...
[    3.701365] nfs4flexfilelayout_init: NFSv4 Flexfile Layout Driver Registering...
[    3.702504] fuse: init (API version 7.45)
[    3.703558] SGI XFS with ACLs, security attributes, realtime, quota, no debug enabled
[    3.705722] 9p: Installing v9fs 9p2000 file system support
[    3.721236] Key type asymmetric registered
[    3.721674] Asymmetric key parser 'x509' registered
[    3.722331] Block layer SCSI generic (bsg) driver version 0.4 loaded (major 241)
[    3.723576] io scheduler mq-deadline registered
[    3.724205] io scheduler bfq registered
[    3.725057] ledtrig-cpu: registered to indicate activity on CPUs
[    3.727213] IPMI message handler: version 39.2
[    3.727760] ipmi device interface
[    3.730179] input: Power Button as /devices/LNXSYSTM:00/LNXPWRBN:00/input/input0
[    3.731518] ACPI: button: Power Button [PWRF]
[    3.733591] ERST DBG: ERST support is disabled.
[    3.735526] Serial: 8250/16550 driver, 32 ports, IRQ sharing enabled
[    3.737793] 00:04: ttyS0 at I/O 0x3f8 (irq = 4, base_baud = 115200) is a 16550A
[    3.768098] Linux agpgart interface v0.103
[    3.770902] ACPI: bus type drm_connector registered
[    3.796222] brd: module loaded
[    3.812603] loop: module loaded
[    3.821805] Callback from call_rcu_tasks() invoked.
[    3.822830] scsi host0: ata_piix
[    3.824301] scsi host1: ata_piix
[    3.825157] ata1: PATA max MWDMA2 cmd 0x1f0 ctl 0x3f6 bmdma 0xc040 irq 14 lpm-pol 0
[    3.825937] ata2: PATA max MWDMA2 cmd 0x170 ctl 0x376 bmdma 0xc048 irq 15 lpm-pol 0
[    3.829893] tun: Universal TUN/TAP device driver, 1.6
[    3.830794] e100: Intel(R) PRO/100 Network Driver
[    3.831264] e100: Copyright(c) 1999-2006 Intel Corporation
[    3.831941] e1000: Intel(R) PRO/1000 Network Driver
[    3.832425] e1000: Copyright (c) 1999-2006 Intel Corporation.
[    3.981883] ata1: found unknown device (class 0)
[    3.982944] ata1.00: ATA-7: QEMU HARDDISK, 2.5+, max UDMA/100
[    3.983525] ata1.00: 17196647 sectors, multi 16: LBA48 
[    3.985486] scsi 0:0:0:0: Direct-Access     ATA      QEMU HARDDISK    2.5+ PQ: 0 ANSI: 5
[    3.985966] ata2: found unknown device (class 0)
[    3.987359] ata2.00: ATAPI: QEMU DVD-ROM, 2.5+, max UDMA/100
[    3.988071] scsi 0:0:0:0: Attached scsi generic sg0 type 0
[    3.989542] sd 0:0:0:0: [sda] 17196647 512-byte logical blocks: (8.80 GB/8.20 GiB)
[    3.990501] sd 0:0:0:0: [sda] Write Protect is off
[    3.991059] sd 0:0:0:0: [sda] Write cache: enabled, read cache: enabled, doesn't support DPO or FUA
[    3.992042] sd 0:0:0:0: [sda] Preferred minimum I/O size 512 bytes
[    3.993782] scsi 1:0:0:0: CD-ROM            QEMU     QEMU DVD-ROM     2.5+ PQ: 0 ANSI: 5
[    4.015700] scsi 1:0:0:0: Attached scsi generic sg1 type 5
[    4.017670] sd 0:0:0:0: [sda] Attached SCSI disk
[    4.656555] ACPI: \_SB_.LNKC: Enabled at IRQ 11
[    4.974778] e1000 0000:00:03.0 eth0: (PCI:33MHz:32-bit) 52:54:00:12:34:56
[    4.975529] e1000 0000:00:03.0 eth0: Intel(R) PRO/1000 Network Connection
[    4.976461] e1000e: Intel(R) PRO/1000 Network Driver
[    4.976992] e1000e: Copyright(c) 1999 - 2015 Intel Corporation.
[    4.977783] igb: Intel(R) Gigabit Ethernet Network Driver
[    4.978353] igb: Copyright (c) 2007-2014 Intel Corporation.
[    4.979333] PPP generic driver version 2.4.2
[    4.980832] VFIO - User Level meta-driver version: 0.3
[    4.982611] usbcore: registered new interface driver uas
[    4.983337] usbcore: registered new interface driver usb-storage
[    4.984238] i8042: PNP: PS/2 Controller [PNP0303:KBD,PNP0f13:MOU] at 0x60,0x64 irq 1,12
[    4.986076] serio: i8042 KBD port at 0x60,0x64 irq 1
[    4.986662] serio: i8042 AUX port at 0x60,0x64 irq 12
[    4.988496] mousedev: PS/2 mouse device common for all mice
[    4.990898] input: AT Translated Set 2 keyboard as /devices/platform/i8042/serio0/input/input1
[    4.992128] rtc_cmos 00:05: RTC can wake from S4
[    4.994754] input: VirtualPS/2 VMware VMMouse as /devices/platform/i8042/serio1/input/input4
[    4.996617] rtc_cmos 00:05: registered as rtc0
[    4.997175] rtc_cmos 00:05: setting system clock to 2025-12-02T13:06:49 UTC (1764680809)
[    4.998392] rtc_cmos 00:05: alarms up to one day, y3k, 242 bytes nvram, hpet irqs
[    4.999237] i2c_dev: i2c /dev entries driver
[    4.999802] device-mapper: core: CONFIG_IMA_DISABLE_HTABLE is disabled. Duplicate IMA measurements will not be recorded in the IMA log.
[    5.001083] device-mapper: uevent: version 1.0.3
[    5.002536] input: VirtualPS/2 VMware VMMouse as /devices/platform/i8042/serio1/input/input3
[    5.004134] device-mapper: ioctl: 4.50.0-ioctl (2025-04-28) initialised: dm-devel@lists.linux.dev
[    5.005060] intel_pstate: CPU model not supported
[    5.005811] sdhci: Secure Digital Host Controller Interface driver
[    5.006443] sdhci: Copyright(c) Pierre Ossman
[    5.007105] sdhci-pltfm: SDHCI platform and OF driver helper
[    5.008271] drop_monitor: Initializing network drop monitor service
[    5.009338] NET: Registered PF_INET6 protocol family
[    5.011931] Segment Routing with IPv6
[    5.012398] In-situ OAM (IOAM) with IPv6
[    5.012882] NET: Registered PF_PACKET protocol family
[    5.013603] 9pnet: Installing 9P2000 support
[    5.014187] Key type dns_resolver registered
[    5.016175] IPI shorthand broadcast: enabled
[    5.077300] sched_clock: Marking stable (5056005291, 17727905)->(5075370335, -1637139)
[    5.078973] registered taskstats version 1
[    5.079804] Loading compiled-in X.509 certificates
[    5.163826] Demotion targets for Node 0: null
[    5.165611] Key type .fscrypt registered
[    5.166113] Key type fscrypt-provisioning registered
[    5.168738] Key type encrypted registered
[    5.169217] ima: No TPM chip found, activating TPM-bypass!
[    5.169812] ima: Allocated hash algorithm: sha1
[    5.170326] ima: No architecture policies found
[    5.170947] evm: Initialising EVM extended attributes:
[    5.171463] evm: security.selinux
[    5.171805] evm: security.SMACK64
[    5.172142] evm: security.SMACK64EXEC
[    5.172515] evm: security.SMACK64TRANSMUTE
[    5.172934] evm: security.SMACK64MMAP
[    5.173308] evm: security.apparmor
[    5.173655] evm: security.ima
[    5.173973] evm: security.capability
[    5.174341] evm: HMAC attrs: 0x1
[    5.177266] PM:   Magic number: 5:629:128
[    5.177780] acpi device:03: hash matches
[    5.178872] RAS: Correctable Errors collector initialized.
[    5.179645] clk: Disabling unused clocks
[    5.180102] PM: genpd: Disabling unused power domains
[    5.181305] check access for rdinit=/init failed: -2, ignoring
[    5.181718] md: Waiting for all devices to be available before autodetect
[    5.182298] md: If you don't use raid, use raid=noautodetect
[    5.182692] md: Autodetecting RAID arrays.
[    5.182975] md: autorun ...
[    5.183176] md: ... autorun DONE.
[    5.188716] EXT4-fs (sda): INFO: recovery required on readonly filesystem
[    5.189206] EXT4-fs (sda): write access will be enabled during recovery
[    5.252738] EXT4-fs (sda): recovery complete
[    5.254297] EXT4-fs (sda): mounted filesystem 088740a9-c8b4-422c-999d-a804eb68a4da ro with ordered data mode. Quota mode: none.
[    5.255153] VFS: Mounted root (ext4 filesystem) readonly on device 8:0.
[    5.257166] devtmpfs: mounted
[    5.278510] Freeing unused decrypted memory: 2036K
[    5.284023] Freeing unused kernel image (initmem) memory: 16260K
[    5.284640] Write protecting the kernel read-only data: 102400k
[    5.288210] Freeing unused kernel image (text/rodata gap) memory: 1908K
[    5.290123] Freeing unused kernel image (rodata/data gap) memory: 2008K
[    6.344148] x86/mm: Checked W+X mappings: passed, no W+X pages found.
[    6.344636] Run /sbin/init as init process
[    6.478204] systemd[1]: systemd 252-15.el9 running in system mode (+PAM +AUDIT +SELINUX -APPARMOR +IMA +SMACK +SECCOMP +GCRYPT +GNUTLS +OPENSSL +ACL +BLKID +CURL +ELFUTILS -FIDO2 +IDN2 -IDN -IPTC +KMOD +LIBCRYPTSETUP +LIBFDISK +PCRE2 -PWQUALITY +P11KIT -QRENCODE +TPM2 +BZIP2 +LZ4 +XZ +ZLIB +ZSTD -BPF_FRAMEWORK +XKBCOMMON +UTMP +SYSVINIT default-hierarchy=unified)
[    6.480364] systemd[1]: Detected virtualization kvm.
[    6.480727] systemd[1]: Detected architecture x86-64.

Welcome to [0;31mCentOS Stream 9[0m!

[    6.485056] systemd[1]: Hostname set to <test>.
[    6.720586] systemd-rc-local-generator[121]: /etc/rc.d/rc.local is not marked executable, skipping.
[    6.944136] systemd[1]: Queued start job for default target Multi-User System.
[    6.964439] systemd[1]: Created slice Virtual Machine and Container Slice.
[[0;32m  OK  [0m] Created slice [0;1;39mVirtual Machine and Container Slice[0m.
[    6.969529] systemd[1]: Created slice Slice /system/getty.
[[0;32m  OK  [0m] Created slice [0;1;39mSlice /system/getty[0m.
[    6.972584] systemd[1]: Created slice Slice /system/modprobe.
[[0;32m  OK  [0m] Created slice [0;1;39mSlice /system/modprobe[0m.
[    6.975812] systemd[1]: Created slice Slice /system/serial-getty.
[[0;32m  OK  [0m] Created slice [0;1;39mSlice /system/serial-getty[0m.
[    6.978767] systemd[1]: Created slice Slice /system/sshd-keygen.
[[0;32m  OK  [0m] Created slice [0;1;39mSlice /system/sshd-keygen[0m.
[    6.981472] systemd[1]: Created slice User and Session Slice.
[[0;32m  OK  [0m] Created slice [0;1;39mUser and Session Slice[0m.
[    6.982992] systemd[1]: Started Forward Password Requests to Wall Directory Watch.
[[0;32m  OK  [0m] Started [0;1;39mForward Password R…uests to Wall Directory Watch[0m.
[    6.985245] systemd[1]: Set up automount Arbitrary Executable File Formats File System Automount Point.
[[0;32m  OK  [0m] Set up automount [0;1;39mArbitrary…s File System Automount Point[0m.
[    6.986782] systemd[1]: Reached target Local Integrity Protected Volumes.
[[0;32m  OK  [0m] Reached target [0;1;39mLocal Integrity Protected Volumes[0m.
[    6.988002] systemd[1]: Reached target Slice Units.
[[0;32m  OK  [0m] Reached target [0;1;39mSlice Units[0m.
[    6.988895] systemd[1]: Reached target Swaps.
[[0;32m  OK  [0m] Reached target [0;1;39mSwaps[0m.
[    6.989835] systemd[1]: Reached target Local Verity Protected Volumes.
[[0;32m  OK  [0m] Reached target [0;1;39mLocal Verity Protected Volumes[0m.
[    6.991302] systemd[1]: Listening on Device-mapper event daemon FIFOs.
[[0;32m  OK  [0m] Listening on [0;1;39mDevice-mapper event daemon FIFOs[0m.
[    6.992979] systemd[1]: Listening on LVM2 poll daemon socket.
[[0;32m  OK  [0m] Listening on [0;1;39mLVM2 poll daemon socket[0m.
[    6.994178] systemd[1]: multipathd control socket was skipped because of an unmet condition check (ConditionPathExists=/etc/multipath.conf).
[    7.046812] systemd[1]: Listening on RPCbind Server Activation Socket.
[[0;32m  OK  [0m] Listening on [0;1;39mRPCbind Server Activation Socket[0m.
[    7.048109] systemd[1]: Reached target RPC Port Mapper.
[[0;32m  OK  [0m] Reached target [0;1;39mRPC Port Mapper[0m.
[    7.051262] systemd[1]: Listening on Process Core Dump Socket.
[[0;32m  OK  [0m] Listening on [0;1;39mProcess Core Dump Socket[0m.
[    7.052703] systemd[1]: Listening on initctl Compatibility Named Pipe.
[[0;32m  OK  [0m] Listening on [0;1;39minitctl Compatibility Named Pipe[0m.
[    7.054460] systemd[1]: Listening on Journal Socket (/dev/log).
[[0;32m  OK  [0m] Listening on [0;1;39mJournal Socket (/dev/log)[0m.
[    7.056205] systemd[1]: Listening on Journal Socket.
[[0;32m  OK  [0m] Listening on [0;1;39mJournal Socket[0m.
[    7.058008] systemd[1]: Listening on udev Control Socket.
[[0;32m  OK  [0m] Listening on [0;1;39mudev Control Socket[0m.
[    7.059391] systemd[1]: Listening on udev Kernel Socket.
[[0;32m  OK  [0m] Listening on [0;1;39mudev Kernel Socket[0m.
[    7.065477] systemd[1]: Mounting Huge Pages File System...
         Mounting [0;1;39mHuge Pages File System[0m...
[    7.072588] systemd[1]: Mounting POSIX Message Queue File System...
         Mounting [0;1;39mPOSIX Message Queue File System[0m...
[    7.082128] systemd[1]: Mounting Kernel Debug File System...
         Mounting [0;1;39mKernel Debug File System[0m...
[    7.090551] systemd[1]: Mounting Kernel Trace File System...
         Mounting [0;1;39mKernel Trace File System[0m...
[    7.094040] systemd[1]: Kernel Module supporting RPCSEC_GSS was skipped because of an unmet condition check (ConditionPathExists=/etc/krb5.keytab).
[    7.095038] systemd[1]: Create List of Static Device Nodes was skipped because of an unmet condition check (ConditionFileNotEmpty=/lib/modules/6.18.0-tpmdd-next-6-83f6ace27d21-r+/modules.devname).
[    7.103452] systemd[1]: Starting Monitoring of LVM2 mirrors, snapshots etc. using dmeventd or progress polling...
         Starting [0;1;39mMonitoring of LVM…meventd or progress polling[0m...
[    7.111673] systemd[1]: Starting Load Kernel Module configfs...
         Starting [0;1;39mLoad Kernel Module configfs[0m...
[    7.123762] systemd[1]: Starting Load Kernel Module drm...
         Starting [0;1;39mLoad Kernel Module drm[0m...
[    7.138027] systemd[1]: Starting Load Kernel Module fuse...
         Starting [0;1;39mLoad Kernel Module fuse[0m...
[    7.152169] systemd[1]: Starting Read and set NIS domainname from /etc/sysconfig/network...
         Starting [0;1;39mRead and set NIS …from /etc/sysconfig/network[0m...
[    7.174620] systemd[1]: Starting Journal Service...
         Starting [0;1;39mJournal Service[0m...
[    7.187876] systemd[1]: Starting Load Kernel Modules...
         Starting [0;1;39mLoad Kernel Modules[0m...
[    7.201998] systemd[1]: Starting Generate network units from Kernel command line...
         Starting [0;1;39mGenerate network …ts from Kernel command line[0m...
[    7.214404] systemd[1]: Starting Remount Root and Kernel File Systems...
         Starting [0;1;39mRemount Root and Kernel File Systems[0m...
[    7.215876] systemd[1]: Repartition Root Disk was skipped because no trigger condition checks were met.
[    7.233872] systemd[1]: Starting Coldplug All udev Devices...
         Starting [0;1;39mColdplug All udev Devices[0m...
[    7.253407] systemd[1]: Mounted Huge Pages File System.
[[0;32m  OK  [0m] Mounted [0;1;39mHuge Pages File System[0m.
[    7.263629] systemd[1]: Mounted POSIX Message Queue File System.
[[0;32m  OK  [0m] Mounted [0;1;39mPOSIX Message Queue File System[0m.
[    7.265155] systemd[1]: Mounted Kernel Debug File System.
[[0;32m  OK  [0m] Mounted [0;1;39mKernel Debug File System[0m.
[    7.269685] systemd[1]: Mounted Kernel Trace File System.
[[0;32m  OK  [0m] Mounted [0;1;39mKernel Trace File System[0m.
[    7.273860] systemd[1]: Finished Monitoring of LVM2 mirrors, snapshots etc. using dmeventd or progress polling.
[[0;32m  OK  [0m] Finished [0;1;39mMonitoring of LVM… dmeventd or progress polling[0m.
[    7.279806] systemd[1]: modprobe@configfs.service: Deactivated successfully.
[    7.285940] systemd[1]: Finished Load Kernel Module configfs.
[[0;32m  OK  [0m] Finished [0;1;39mLoad Kernel Module configfs[0m.
[    7.291182] systemd[1]: modprobe@drm.service: Deactivated successfully.
[    7.292685] systemd[1]: Finished Load Kernel Module drm.
[[0;32m  OK  [0m] Finished [0;1;39mLoad Kernel Module drm[0m.
[    7.298065] systemd[1]: modprobe@fuse.service: Deactivated successfully.
[    7.299606] systemd[1]: Finished Load Kernel Module fuse.
[[0;32m  OK  [0m] Finished [0;1;39mLoad Kernel Module fuse[0m.
[    7.303919] systemd[1]: Finished Read and set NIS domainname from /etc/sysconfig/network.
[[0;32m  OK  [0m] Finished [0;1;39mRead and set NIS …e from /etc/sysconfig/network[0m.
[    7.305920] systemd[1]: systemd-modules-load.service: Main process exited, code=exited, status=1/FAILURE
[    7.307353] systemd[1]: systemd-modules-load.service: Failed with result 'exit-code'.
[    7.308913] systemd[1]: Failed to start Load Kernel Modules.
[[0;1;31mFAILED[0m] Failed to start [0;1;39mLoad Kernel Modules[0m.
See 'systemctl status systemd-modules-load.service' for details.
[    7.312723] systemd[1]: Finished Generate network units from Kernel command line.
[[0;32m  OK  [0m] Finished [0;1;39mGenerate network units from Kernel command line[0m.
[    7.315214] systemd[1]: Reached target Preparation for Network.
[[0;32m  OK  [0m] Reached target [0;1;39mPreparation for Network[0m.
[    7.317766] EXT4-fs (sda): re-mounted 088740a9-c8b4-422c-999d-a804eb68a4da r/w.
[    7.350143] systemd[1]: Mounting FUSE Control File System...
         Mounting [0;1;39mFUSE Control File System[0m...
[    7.365803] systemd[1]: Mounting Kernel Configuration File System...
         Mounting [0;1;39mKernel Configuration File System[0m...
[    7.374246] systemd[1]: Starting Apply Kernel Variables...
         Starting [0;1;39mApply Kernel Variables[0m...
[    7.380876] systemd[1]: Started Journal Service.
[[0;32m  OK  [0m] Started [0;1;39mJournal Service[0m.
[[0;32m  OK  [0m] Finished [0;1;39mRemount Root and Kernel File Systems[0m.
         Starting [0;1;39mFlush Journal to Persistent Storage[0m...
         Starting [0;1;39mLoad/Save Random Seed[0m...
[    7.455601] systemd-journald[142]: Received client request to flush runtime journal.
         Starting [0;1;39mCreate Static Device Nodes in /dev[0m...
         Starting [0;1;39mSetup Virtual Console[0m...
[[0;32m  OK  [0m] Mounted [0;1;39mFUSE Control File System[0m.
[[0;32m  OK  [0m] Mounted [0;1;39mKernel Configuration File System[0m.
[[0;32m  OK  [0m] Finished [0;1;39mApply Kernel Variables[0m.
[[0;32m  OK  [0m] Finished [0;1;39mFlush Journal to Persistent Storage[0m.
[[0;32m  OK  [0m] Finished [0;1;39mLoad/Save Random Seed[0m.
[[0;32m  OK  [0m] Finished [0;1;39mCreate Static Device Nodes in /dev[0m.
         Starting [0;1;39mRule-based Manage…for Device Events and Files[0m...
[[0;32m  OK  [0m] Started [0;1;39mRule-based Manager for Device Events and Files[0m.
[[0;32m  OK  [0m] Finished [0;1;39mSetup Virtual Console[0m.
         Starting [0;1;39mAuto-connect to s…E devices found during boot[0m...
[[0;32m  OK  [0m] Finished [0;1;39mAuto-connect to s…VME devices found during boot[0m.
[[0;32m  OK  [0m] Finished [0;1;39mColdplug All udev Devices[0m.
         Starting [0;1;39mShow Plymouth Boot Screen[0m...
         Starting [0;1;39mWait for udev To …plete Device Initialization[0m...
[2J[3J[-1;-1f[[0;32m  OK  [0m] Started [0;1;39mShow Plymouth Boot Screen[0m.
[[0;32m  OK  [0m] Started [0;1;39mForward Password R…s to Plymouth Directory Watch[0m.
[[0;32m  OK  [0m] Reached target [0;1;39mLocal Encrypted Volumes[0m.
[[0;32m  OK  [0m] Reached target [0;1;39mPath Units[0m.
[[0;32m  OK  [0m] Found device [0;1;39m/dev/ttyS0[0m.
[[0;32m  OK  [0m] Listening on [0;1;39mLoad/Save RF …itch Status /dev/rfkill Watch[0m.
[[0;32m  OK  [0m] Finished [0;1;39mWait for udev To Complete Device Initialization[0m.
[[0;32m  OK  [0m] Reached target [0;1;39mPreparation for Local File Systems[0m.
[[0;32m  OK  [0m] Reached target [0;1;39mLocal File Systems[0m.
         Starting [0;1;39mTell Plymouth To Write Out Runtime Data[0m...
         Starting [0;1;39mAutomatic Boot Loader Update[0m...
         Starting [0;1;39mCreate Volatile Files and Directories[0m...
[[0;32m  OK  [0m] Finished [0;1;39mTell Plymouth To Write Out Runtime Data[0m.
[[0;32m  OK  [0m] Finished [0;1;39mAutomatic Boot Loader Update[0m.
[[0;32m  OK  [0m] Finished [0;1;39mCreate Volatile Files and Directories[0m.
         Mounting [0;1;39mRPC Pipe File System[0m...
         Starting [0;1;39mSecurity Auditing Service[0m...
         Starting [0;1;39mRPC Bind[0m...
[[0;32m  OK  [0m] Mounted [0;1;39mRPC Pipe File System[0m.
[[0;32m  OK  [0m] Reached target [0;1;39mrpc_pipefs.target[0m.
[[0;32m  OK  [0m] Started [0;1;39mRPC Bind[0m.
[[0;32m  OK  [0m] Started [0;1;39mSecurity Auditing Service[0m.
         Starting [0;1;39mRecord System Boot/Shutdown in UTMP[0m...
[[0;32m  OK  [0m] Finished [0;1;39mRecord System Boot/Shutdown in UTMP[0m.
[[0;32m  OK  [0m] Reached target [0;1;39mSystem Initialization[0m.
[[0;32m  OK  [0m] Started [0;1;39mDaily rotation of log files[0m.
[[0;32m  OK  [0m] Started [0;1;39mUpdates mlocate database every day[0m.
[[0;32m  OK  [0m] Started [0;1;39mDaily Cleanup of Temporary Directories[0m.
[[0;32m  OK  [0m] Started [0;1;39mdaily update of the root trust anchor for DNSSEC[0m.
[[0;32m  OK  [0m] Reached target [0;1;39mTimer Units[0m.
[[0;32m  OK  [0m] Listening on [0;1;39mD-Bus System Message Bus Socket[0m.
[[0;32m  OK  [0m] Listening on [0;1;39mOpen-iSCSI iscsid Socket[0m.
[[0;32m  OK  [0m] Listening on [0;1;39mOpen-iSCSI iscsiuio Socket[0m.
[[0;32m  OK  [0m] Listening on [0;1;39mSSSD Kerberos…ache Manager responder socket[0m.
[[0;32m  OK  [0m] Listening on [0;1;39mLibvirt interface local socket[0m.
[[0;32m  OK  [0m] Listening on [0;1;39mVirtual machine lock manager socket[0m.
[[0;32m  OK  [0m] Listening on [0;1;39mVirtual machine log manager socket[0m.
[[0;32m  OK  [0m] Listening on [0;1;39mLibvirt network local socket[0m.
[[0;32m  OK  [0m] Listening on [0;1;39mLibvirt nodedev local socket[0m.
[[0;32m  OK  [0m] Listening on [0;1;39mLibvirt nwfilter local socket[0m.
[[0;32m  OK  [0m] Listening on [0;1;39mLibvirt proxy local socket[0m.
[[0;32m  OK  [0m] Listening on [0;1;39mLibvirt qemu local socket[0m.
[[0;32m  OK  [0m] Listening on [0;1;39mLibvirt qemu admin socket[0m.
[[0;32m  OK  [0m] Listening on [0;1;39mLibvirt qemu local read-only socket[0m.
[[0;32m  OK  [0m] Listening on [0;1;39mLibvirt secret local socket[0m.
[[0;32m  OK  [0m] Listening on [0;1;39mLibvirt storage local socket[0m.
[[0;32m  OK  [0m] Reached target [0;1;39mSocket Units[0m.
         Starting [0;1;39mD-Bus System Message Bus[0m...
[[0;32m  OK  [0m] Started [0;1;39mD-Bus System Message Bus[0m.
[[0;32m  OK  [0m] Reached target [0;1;39mBasic System[0m.
         Starting [0;1;39mNetwork Manager[0m...
         Starting [0;1;39mNTP client/server[0m...
         Starting [0;1;39mRestore /run/initramfs on shutdown[0m...
[[0;32m  OK  [0m] Started [0;1;39mirqbalance daemon[0m.
[[0;32m  OK  [0m] Started [0;1;39mlibstoragemgmt plug-in server daemon[0m.
[[0;32m  OK  [0m] Started [0;1;39mMachine Check Exception Logging Daemon[0m.
[[0;32m  OK  [0m] Reached target [0;1;39msshd-keygen.target[0m.
[[0;32m  OK  [0m] Reached target [0;1;39mUser and Group Name Lookups[0m.
         Starting [0;1;39mUser Login Management[0m...
         Starting [0;1;39mVirtual Machine a…tainer Registration Service[0m...
[[0;32m  OK  [0m] Finished [0;1;39mRestore /run/initramfs on shutdown[0m.
[[0;32m  OK  [0m] Started [0;1;39mVirtual Machine an…ontainer Registration Service[0m.
         Starting [0;1;39mHostname Service[0m...
[[0;32m  OK  [0m] Started [0;1;39mNTP client/server[0m.
[[0;32m  OK  [0m] Started [0;1;39mUser Login Management[0m.
[[0;32m  OK  [0m] Started [0;1;39mHostname Service[0m.
         Starting [0;1;39mNetwork Manager Script Dispatcher Service[0m...
[[0;32m  OK  [0m] Started [0;1;39mNetwork Manager Script Dispatcher Service[0m.
[   10.757935] e1000: eth0 NIC Link is Up 1000 Mbps Full Duplex, Flow Control: RX
[[0;32m  OK  [0m] Started [0;1;39mNetwork Manager[0m.
[[0;32m  OK  [0m] Reached target [0;1;39mNetwork[0m.
[[0;32m  OK  [0m] Reached target [0;1;39mNetwork is Online[0m.
         Starting [0;1;39mGSSAPI Proxy Daemon[0m...
         Starting [0;1;39mNotify NFS peers of a restart[0m...
         Starting [0;1;39mSystem Logging Service[0m...
         Starting [0;1;39mOpenSSH server daemon[0m...
         Starting [0;1;39mDynamic System Tuning Daemon[0m...
[[0;32m  OK  [0m] Started [0;1;39mNotify NFS peers of a restart[0m.
[[0;32m  OK  [0m] Started [0;1;39mGSSAPI Proxy Daemon[0m.
[[0;32m  OK  [0m] Reached target [0;1;39mNFS client services[0m.
[[0;32m  OK  [0m] Reached target [0;1;39mPreparation for Remote File Systems[0m.
[[0;32m  OK  [0m] Reached target [0;1;39mRemote File Systems[0m.
         Starting [0;1;39mPermit User Sessions[0m...
         Starting [0;1;39mVirtualization qemu daemon[0m...
[[0;32m  OK  [0m] Started [0;1;39mOpenSSH server daemon[0m.
[[0;32m  OK  [0m] Finished [0;1;39mPermit User Sessions[0m.
[[0;32m  OK  [0m] Started [0;1;39mDeferred execution scheduler[0m.
[[0;32m  OK  [0m] Started [0;1;39mCommand Scheduler[0m.
         Starting [0;1;39mHold until boot process finishes up[0m...
         Starting [0;1;39mTerminate Plymouth Boot Screen[0m...
[[0;32m  OK  [0m] Started [0;1;39mVirtualization qemu daemon[0m.

CentOS Stream 9
Kernel 6.18.0-tpmdd-next-6-83f6ace27d21-r+ on an x86_64

Activate the web console with: systemctl enable --now cockpit.socket

test login: [   17.421032] tpm tpm0: Operation Canceled
[   17.441789] tpm tpm0: Operation Canceled
[   17.463295] tpm tpm0: Operation Canceled
[   17.484026] tpm tpm0: Operation Canceled
[   17.505294] tpm tpm0: Operation Canceled
[   17.526336] tpm tpm0: Operation Canceled
[   17.547355] tpm tpm0: Operation Canceled
[   17.568374] tpm tpm0: Operation Canceled
[   17.589433] tpm tpm0: Operation Canceled
[   17.610437] tpm tpm0: Operation Canceled
[   17.631506] tpm tpm0: Operation Canceled
[   17.652503] tpm tpm0: Operation Canceled
[   17.673757] tpm tpm0: Operation Canceled
[   17.694571] tpm tpm0: Operation Canceled
[   17.715606] tpm tpm0: Operation Canceled
[   17.736638] tpm tpm0: Operation Canceled
[   17.757693] tpm tpm0: Operation Canceled
[   17.778675] tpm tpm0: Operation Canceled
[   17.799696] tpm tpm0: Operation Canceled
[   17.820714] tpm tpm0: Operation Canceled
[   17.841743] tpm tpm0: Operation Canceled
[   17.862802] tpm tpm0: Operation Canceled
[   17.883772] tpm tpm0: Operation Canceled
[   17.904775] tpm tpm0: Operation Canceled
[   17.925756] tpm tpm0: Operation Canceled
[   17.946884] tpm tpm0: Operation Canceled
[   17.967841] tpm tpm0: Operation Canceled
[   17.988900] tpm tpm0: Operation Canceled
[   18.009757] tpm tpm0: Operation Canceled
[   18.031021] tpm tpm0: Operation Canceled
[   18.051966] tpm tpm0: Operation Canceled
[   18.062842] tpm tpm0: Operation Canceled
[   18.083858] tpm tpm0: Operation Canceled
[   18.104856] tpm tpm0: Operation Canceled
[   18.125762] tpm tpm0: Operation Canceled
[   18.147339] tpm tpm0: Operation Canceled
[   18.167976] tpm tpm0: Operation Canceled
[   18.189196] tpm tpm0: Operation Canceled
[   18.210243] tpm tpm0: Operation Canceled
[   18.231291] tpm tpm0: Operation Canceled
[   18.252362] tpm tpm0: Operation Canceled
[   18.273405] tpm tpm0: Operation Canceled
[   18.294445] tpm tpm0: Operation Canceled
[   18.315537] tpm tpm0: Operation Canceled
[   18.336515] tpm tpm0: Operation Canceled
[   18.357541] tpm tpm0: Operation Canceled
[   18.378574] tpm tpm0: Operation Canceled
[   18.399610] tpm tpm0: Operation Canceled
[   18.420708] tpm tpm0: Operation Canceled
[   18.441692] tpm tpm0: Operation Canceled
[   18.462731] tpm tpm0: Operation Canceled
[   18.483787] tpm tpm0: Operation Canceled
[   18.504865] tpm tpm0: Operation Canceled
[   18.525754] tpm tpm0: Operation Canceled
[   18.546942] tpm tpm0: Operation Canceled
[   18.567922] tpm tpm0: Operation Canceled
[   18.589000] tpm tpm0: Operation Canceled
[   18.609760] tpm tpm0: Operation Canceled
[   18.631071] tpm tpm0: Operation Canceled
[   18.652283] tpm tpm0: Operation Canceled
[   18.662849] tpm tpm0: Operation Canceled
[   18.684211] tpm tpm0: Operation Canceled
[   18.704866] tpm tpm0: Operation Canceled
[   18.725764] tpm tpm0: Operation Canceled
[   18.747015] tpm tpm0: Operation Canceled
[   18.767987] tpm tpm0: Operation Canceled
[   18.788992] tpm tpm0: Operation Canceled
[   18.809757] tpm tpm0: Operation Canceled
[   18.831214] tpm tpm0: Operation Canceled
[   18.852413] tpm tpm0: Operation Canceled
[   18.873233] tpm tpm0: Operation Canceled
[   18.894228] tpm tpm0: Operation Canceled
[   18.915333] tpm tpm0: Operation Canceled
[   18.936738] tpm tpm0: Operation Canceled
[   18.957749] tpm tpm0: Operation Canceled
[   18.978834] tpm tpm0: Operation Canceled
[   18.999799] tpm tpm0: Operation Canceled
[   19.020812] tpm tpm0: Operation Canceled
[   19.041761] tpm tpm0: Operation Canceled
[   19.063095] tpm tpm0: Operation Canceled
[   19.083880] tpm tpm0: Operation Canceled
[   19.104928] tpm tpm0: Operation Canceled
[   19.125758] tpm tpm0: Operation Canceled
[   19.157518] tpm tpm0: Operation Canceled
[   19.178554] tpm tpm0: Operation Canceled
[   19.200048] tpm tpm0: Operation Canceled
[   19.221028] tpm tpm0: Operation Canceled
[   19.242067] tpm tpm0: Operation Canceled
[   19.263151] tpm tpm0: Operation Canceled
[   19.284163] tpm tpm0: Operation Canceled
[   19.305189] tpm tpm0: Operation Canceled
[   19.326236] tpm tpm0: Operation Canceled
[   19.347265] tpm tpm0: Operation Canceled
[   19.368348] tpm tpm0: Operation Canceled
[   19.390416] tpm tpm0: Operation Canceled
[   19.410437] tpm tpm0: Operation Canceled
[   19.431546] tpm tpm0: Operation Canceled
[   19.452534] tpm tpm0: Operation Canceled
[   19.473574] tpm tpm0: Operation Canceled
[   19.494642] tpm tpm0: Operation Canceled
[   19.515711] tpm tpm0: Operation Canceled
[   19.536776] tpm tpm0: Operation Canceled
[   19.568431] tpm tpm0: Operation Canceled
[   19.589370] tpm tpm0: Operation Canceled
[   19.610561] tpm tpm0: Operation Canceled
[   19.631651] tpm tpm0: Operation Canceled
[   19.652893] tpm tpm0: Operation Canceled
[   19.674068] tpm tpm0: Operation Canceled
[   19.695129] tpm tpm0: Operation Canceled
[   19.716153] tpm tpm0: Operation Canceled
[   19.737155] tpm tpm0: Operation Canceled
[   19.758349] tpm tpm0: Operation Canceled
[   19.779431] tpm tpm0: Operation Canceled
[   19.800456] tpm tpm0: Operation Canceled
[   19.821504] tpm tpm0: Operation Canceled
[   19.842511] tpm tpm0: Operation Canceled
[   19.863526] tpm tpm0: Operation Canceled
[   19.884581] tpm tpm0: Operation Canceled
[   19.906051] tpm tpm0: Operation Canceled
[   19.927070] tpm tpm0: Operation Canceled
[   19.948102] tpm tpm0: Operation Canceled
[   19.958776] tpm tpm0: Operation Canceled
[   19.979997] tpm tpm0: Operation Canceled
[   20.001015] tpm tpm0: Operation Canceled
[   20.022088] tpm tpm0: Operation Canceled
[   20.043193] tpm tpm0: Operation Canceled
[   20.064179] tpm tpm0: Operation Canceled
[   20.085422] tpm tpm0: Operation Canceled
[   20.106438] tpm tpm0: Operation Canceled
[   20.127535] tpm tpm0: Operation Canceled
[   20.148558] tpm tpm0: Operation Canceled
[   20.169540] tpm tpm0: Operation Canceled
[   20.190556] tpm tpm0: Operation Canceled
[   20.211673] tpm tpm0: Operation Canceled
[   20.232741] tpm tpm0: Operation Canceled
[   20.254059] tpm tpm0: Operation Canceled
[   20.275158] tpm tpm0: Operation Canceled
[   20.296114] tpm tpm0: Operation Canceled
[   20.306779] tpm tpm0: Operation Canceled
[   20.327746] tpm tpm0: Operation Canceled
[   20.348728] tpm tpm0: Operation Canceled
[   20.380396] tpm tpm0: Operation Canceled
[   20.401339] tpm tpm0: Operation Canceled
[   20.422416] tpm tpm0: Operation Canceled
[   20.443682] tpm tpm0: Operation Canceled
[   20.464996] tpm tpm0: Operation Canceled
[   20.485759] tpm tpm0: Operation Canceled
[   20.507196] tpm tpm0: Operation Canceled
[   20.528173] tpm tpm0: Operation Canceled
[   20.549218] tpm tpm0: Operation Canceled
[   20.570254] tpm tpm0: Operation Canceled
[   20.591728] tpm tpm0: Operation Canceled
[   20.612654] tpm tpm0: Operation Canceled
[   20.633754] tpm tpm0: Operation Canceled
[   20.655062] tpm tpm0: Operation Canceled
[   20.676022] tpm tpm0: Operation Canceled
[   20.697050] tpm tpm0: Operation Canceled
[   20.718111] tpm tpm0: Operation Canceled
[   20.739224] tpm tpm0: Operation Canceled
[   20.760170] tpm tpm0: Operation Canceled
[   20.781212] tpm tpm0: Operation Canceled
[   20.802263] tpm tpm0: Operation Canceled
[   20.823346] tpm tpm0: Operation Canceled
[   20.844397] tpm tpm0: Operation Canceled
[   20.865686] tpm tpm0: Operation Canceled
[   20.886757] tpm tpm0: Operation Canceled
[   20.907782] tpm tpm0: Operation Canceled
[   20.928857] tpm tpm0: Operation Canceled
[   20.950189] tpm tpm0: Operation Canceled
[   20.971232] tpm tpm0: Operation Canceled
[   20.992228] tpm tpm0: Operation Canceled
[   21.013293] tpm tpm0: Operation Canceled
[   21.034325] tpm tpm0: Operation Canceled
[   21.055409] tpm tpm0: Operation Canceled
[   21.076508] tpm tpm0: Operation Canceled
[   21.097756] tpm tpm0: Operation Canceled
[   21.119030] tpm tpm0: Operation Canceled
[   21.140010] tpm tpm0: Operation Canceled
[   21.171507] tpm tpm0: Operation Canceled
[   21.192496] tpm tpm0: Operation Canceled
[   21.213478] tpm tpm0: Operation Canceled
[   21.234529] tpm tpm0: Operation Canceled
[   21.255549] tpm tpm0: Operation Canceled
[   21.276536] tpm tpm0: Operation Canceled
[   21.308340] tpm tpm0: Operation Canceled
[   21.329346] tpm tpm0: Operation Canceled
[   21.350397] tpm tpm0: Operation Canceled
[   21.371485] tpm tpm0: Operation Canceled
[   21.392495] tpm tpm0: Operation Canceled
[   21.413490] tpm tpm0: Operation Canceled
[   21.434513] tpm tpm0: Operation Canceled
[   21.455679] tpm tpm0: Operation Canceled
[   21.476678] tpm tpm0: Operation Canceled
[   21.497756] tpm tpm0: Operation Canceled
[   21.518710] tpm tpm0: Operation Canceled
[   21.539903] tpm tpm0: Operation Canceled
[   21.560876] tpm tpm0: Operation Canceled
[   21.571367] tpm tpm0: Operation Canceled
[   21.592447] tpm tpm0: Operation Canceled
[   21.613497] tpm tpm0: Operation Canceled
[   21.634498] tpm tpm0: Operation Canceled
[   21.655596] tpm tpm0: Operation Canceled
[   21.676589] tpm tpm0: Operation Canceled
[   21.697593] tpm tpm0: Operation Canceled
[   21.718589] tpm tpm0: Operation Canceled
[   21.739650] tpm tpm0: Operation Canceled
[   21.760683] tpm tpm0: Operation Canceled
[   21.781685] tpm tpm0: Operation Canceled
[   21.802637] tpm tpm0: Operation Canceled
[   21.823775] tpm tpm0: Operation Canceled
[   21.844749] tpm tpm0: Operation Canceled
[   21.865760] tpm tpm0: Operation Canceled
[   21.886834] tpm tpm0: Operation Canceled
[   21.907899] tpm tpm0: Operation Canceled
[   21.928852] tpm tpm0: Operation Canceled
[   21.960503] tpm tpm0: Operation Canceled
[   21.981474] tpm tpm0: Operation Canceled
[   22.002485] tpm tpm0: Operation Canceled
[   22.023844] tpm tpm0: Operation Canceled
[   22.035215] tpm tpm0: Operation Canceled
[   22.065834] tpm tpm0: Operation Canceled
[   22.087092] tpm tpm0: Operation Canceled
[   22.118367] tpm tpm0: Operation Canceled
[   22.139528] tpm tpm0: Operation Canceled
[   22.160518] tpm tpm0: Operation Canceled
[   22.181545] tpm tpm0: Operation Canceled
[   22.202624] tpm tpm0: Operation Canceled
[   22.223610] tpm tpm0: Operation Canceled
[   22.244631] tpm tpm0: Operation Canceled
[   22.265678] tpm tpm0: Operation Canceled
[   22.286720] tpm tpm0: Operation Canceled
[   22.307784] tpm tpm0: Operation Canceled
[   22.328774] tpm tpm0: Operation Canceled
[   22.349755] tpm tpm0: Operation Canceled
[   22.370918] tpm tpm0: Operation Canceled
[   22.391946] tpm tpm0: Operation Canceled
[   22.412958] tpm tpm0: Operation Canceled
[   22.444845] tpm tpm0: Operation Canceled
[   22.466151] tpm tpm0: Operation Canceled
[   22.487360] tpm tpm0: Operation Canceled
[   22.508186] tpm tpm0: Operation Canceled
[   22.529228] tpm tpm0: Operation Canceled
[   22.550243] tpm tpm0: Operation Canceled
[   22.571339] tpm tpm0: Operation Canceled
[   22.592415] tpm tpm0: Operation Canceled
[   22.613401] tpm tpm0: Operation Canceled
[   22.634730] tpm tpm0: Operation Canceled
[   22.655752] tpm tpm0: Operation Canceled
[   22.676824] tpm tpm0: Operation Canceled
[   22.687439] tpm tpm0: Operation Canceled
[   22.708391] tpm tpm0: Operation Canceled
[   22.729423] tpm tpm0: Operation Canceled
[   22.750462] tpm tpm0: Operation Canceled
[   22.771493] tpm tpm0: Operation Canceled
[   22.792538] tpm tpm0: Operation Canceled
[   22.813761] tpm tpm0: Operation Canceled
[   22.834883] tpm tpm0: Operation Canceled
[   22.866416] tpm tpm0: Operation Canceled
[   22.897757] tpm tpm0: Operation Canceled
[   22.919099] tpm tpm0: Operation Canceled
[   22.940154] tpm tpm0: Operation Canceled
[   22.950775] tpm tpm0: Operation Canceled
[   22.971983] tpm tpm0: Operation Canceled
[   22.993060] tpm tpm0: Operation Canceled
[   23.014090] tpm tpm0: Operation Canceled
[   23.035171] tpm tpm0: Operation Canceled
[   23.056221] tpm tpm0: Operation Canceled
[   23.077203] tpm tpm0: Operation Canceled
[   23.098242] tpm tpm0: Operation Canceled
[   23.119333] tpm tpm0: Operation Canceled
[   23.140378] tpm tpm0: Operation Canceled
[   23.161438] tpm tpm0: Operation Canceled
[   23.182428] tpm tpm0: Operation Canceled
[   23.203475] tpm tpm0: Operation Canceled
[   23.224511] tpm tpm0: Operation Canceled
[   23.245581] tpm tpm0: Operation Canceled
[   23.266888] tpm tpm0: Operation Canceled
[   23.287900] tpm tpm0: Operation Canceled
[   23.308896] tpm tpm0: Operation Canceled
[   23.329779] tpm tpm0: Operation Canceled
[   23.351316] tpm tpm0: Operation Canceled
[   23.372160] tpm tpm0: Operation Canceled
[   23.393175] tpm tpm0: Operation Canceled
[   23.414226] tpm tpm0: Operation Canceled
[   23.435278] tpm tpm0: Operation Canceled
[   23.456295] tpm tpm0: Operation Canceled
[   23.477333] tpm tpm0: Operation Canceled
[   23.498368] tpm tpm0: Operation Canceled
[   23.529757] tpm tpm0: Operation Canceled
[   23.551035] tpm tpm0: Operation Canceled
[   23.572045] tpm tpm0: Operation Canceled
[   23.593166] tpm tpm0: Operation Canceled
[   23.614348] tpm tpm0: Operation Canceled
[   23.635484] tpm tpm0: Operation Canceled
[   23.645759] tpm tpm0: Operation Canceled
[   23.667276] tpm tpm0: Operation Canceled
[   23.688110] tpm tpm0: Operation Canceled
[   23.709131] tpm tpm0: Operation Canceled
[   23.730207] tpm tpm0: Operation Canceled
[   23.751189] tpm tpm0: Operation Canceled
[   23.772172] tpm tpm0: Operation Canceled
[   23.793179] tpm tpm0: Operation Canceled
[   23.814484] tpm tpm0: Operation Canceled
[   23.835537] tpm tpm0: Operation Canceled
[   23.856535] tpm tpm0: Operation Canceled
[   23.877543] tpm tpm0: Operation Canceled
[   23.898599] tpm tpm0: Operation Canceled
[   23.919569] tpm tpm0: Operation Canceled
[   23.940587] tpm tpm0: Operation Canceled
[   23.961593] tpm tpm0: Operation Canceled
[   23.982618] tpm tpm0: Operation Canceled
[   24.003721] tpm tpm0: Operation Canceled
[   24.024703] tpm tpm0: Operation Canceled
[   24.045758] tpm tpm0: Operation Canceled
[   24.067067] tpm tpm0: Operation Canceled
[   24.088097] tpm tpm0: Operation Canceled
[   24.109054] tpm tpm0: Operation Canceled
[   24.130125] tpm tpm0: Operation Canceled
[   24.151169] tpm tpm0: Operation Canceled
[   24.172177] tpm tpm0: Operation Canceled
[   24.182779] tpm tpm0: Operation Canceled
[   24.203657] tpm tpm0: Operation Canceled
[   24.224756] tpm tpm0: Operation Canceled
[   24.235374] tpm tpm0: Operation Canceled
[   24.256300] tpm tpm0: Operation Canceled
[   24.277304] tpm tpm0: Operation Canceled
[   24.298305] tpm tpm0: Operation Canceled
[   24.319381] tpm tpm0: Operation Canceled
[   24.340412] tpm tpm0: Operation Canceled
[   24.361375] tpm tpm0: Operation Canceled
[   24.382417] tpm tpm0: Operation Canceled
[   24.403557] tpm tpm0: Operation Canceled
[   24.424516] tpm tpm0: Operation Canceled
[   24.445577] tpm tpm0: Operation Canceled
[   24.466538] tpm tpm0: Operation Canceled
[   24.487579] tpm tpm0: Operation Canceled
[   24.508589] tpm tpm0: Operation Canceled
[   24.529600] tpm tpm0: Operation Canceled
[   24.550701] tpm tpm0: Operation Canceled
[   24.571690] tpm tpm0: Operation Canceled
[   24.592693] tpm tpm0: Operation Canceled
[   24.613706] tpm tpm0: Operation Canceled
[   24.634741] tpm tpm0: Operation Canceled
[   24.655726] tpm tpm0: Operation Canceled
[   24.676785] tpm tpm0: Operation Canceled
[   24.708354] tpm tpm0: Operation Canceled
[   24.729402] tpm tpm0: Operation Canceled
[   24.750425] tpm tpm0: Operation Canceled
[   24.771429] tpm tpm0: Operation Canceled
[   24.792426] tpm tpm0: Operation Canceled
[   24.813430] tpm tpm0: Operation Canceled
[   24.834514] tpm tpm0: Operation Canceled
[   24.855565] tpm tpm0: Operation Canceled
[   24.887137] tpm tpm0: Operation Canceled
[   24.908360] tpm tpm0: Operation Canceled
[   24.929354] tpm tpm0: Operation Canceled
[   24.950390] tpm tpm0: Operation Canceled
[   24.971403] tpm tpm0: Operation Canceled
[   24.992457] tpm tpm0: Operation Canceled
[   25.013439] tpm tpm0: Operation Canceled
[   25.034418] tpm tpm0: Operation Canceled
[   25.055440] tpm tpm0: Operation Canceled
[   25.076425] tpm tpm0: Operation Canceled
[   25.097474] tpm tpm0: Operation Canceled
[   25.118464] tpm tpm0: Operation Canceled
[   25.139476] tpm tpm0: Operation Canceled
[   25.170995] tpm tpm0: Operation Canceled
[   25.192012] tpm tpm0: Operation Canceled
[   25.213039] tpm tpm0: Operation Canceled
[   25.234352] tpm tpm0: Operation Canceled
[   25.255425] tpm tpm0: Operation Canceled
[   25.276436] tpm tpm0: Operation Canceled
[   25.297768] tpm tpm0: Operation Canceled
[   25.318739] tpm tpm0: Operation Canceled
[   25.339743] tpm tpm0: Operation Canceled
[   25.360738] tpm tpm0: Operation Canceled
[   25.392332] tpm tpm0: Operation Canceled
[   25.413611] tpm tpm0: Operation Canceled
[   25.434328] tpm tpm0: Operation Canceled
[   25.455444] tpm tpm0: Operation Canceled
[   25.465758] tpm tpm0: Operation Canceled
[   25.487124] tpm tpm0: Operation Canceled
[   25.507936] tpm tpm0: Operation Canceled
[   25.528929] tpm tpm0: Operation Canceled
[   25.549756] tpm tpm0: Operation Canceled
[   25.571005] tpm tpm0: Operation Canceled
[   25.592443] tpm tpm0: Operation Canceled
[   25.613421] tpm tpm0: Operation Canceled
[   25.634448] tpm tpm0: Operation Canceled
[   25.655506] tpm tpm0: Operation Canceled
[   25.676548] tpm tpm0: Operation Canceled
[   25.697522] tpm tpm0: Operation Canceled
[   25.718554] tpm tpm0: Operation Canceled
[   25.739619] tpm tpm0: Operation Canceled
[   25.760855] tpm tpm0: Operation Canceled
[   25.792461] tpm tpm0: Operation Canceled
[   25.813441] tpm tpm0: Operation Canceled
[   25.834490] tpm tpm0: Operation Canceled
[   25.855511] tpm tpm0: Operation Canceled
[   25.876509] tpm tpm0: Operation Canceled
[   25.897540] tpm tpm0: Operation Canceled
[   25.918567] tpm tpm0: Operation Canceled
[   25.939840] tpm tpm0: Operation Canceled
[   25.960830] tpm tpm0: Operation Canceled
[   25.981761] tpm tpm0: Operation Canceled
[   26.003034] tpm tpm0: Operation Canceled
[   26.023877] tpm tpm0: Operation Canceled
[   26.044828] tpm tpm0: Operation Canceled
[   26.055449] tpm tpm0: Operation Canceled
[   26.076426] tpm tpm0: Operation Canceled
[   26.097448] tpm tpm0: Operation Canceled
[   26.118487] tpm tpm0: Operation Canceled
[   26.139502] tpm tpm0: Operation Canceled
[   26.160525] tpm tpm0: Operation Canceled
[   26.181560] tpm tpm0: Operation Canceled
[   26.202840] tpm tpm0: Operation Canceled
[   26.223847] tpm tpm0: Operation Canceled
[   26.244825] tpm tpm0: Operation Canceled
[   26.266088] tpm tpm0: Operation Canceled
[   26.287128] tpm tpm0: Operation Canceled
[   26.308166] tpm tpm0: Operation Canceled
[   26.318782] tpm tpm0: Operation Canceled
[   26.339715] tpm tpm0: Operation Canceled
[   26.360695] tpm tpm0: Operation Canceled
[   26.381749] tpm tpm0: Operation Canceled
[   26.402734] tpm tpm0: Operation Canceled
[   26.424007] tpm tpm0: Operation Canceled
[   26.444776] tpm tpm0: Operation Canceled
[   26.455392] tpm tpm0: Operation Canceled
[   26.476340] tpm tpm0: Operation Canceled
[   26.497323] tpm tpm0: Operation Canceled
[   26.518365] tpm tpm0: Operation Canceled
[   26.539449] tpm tpm0: Operation Canceled
[   26.560378] tpm tpm0: Operation Canceled
[   26.581408] tpm tpm0: Operation Canceled
[   26.602467] tpm tpm0: Operation Canceled
[   26.623563] tpm tpm0: Operation Canceled
[   26.644553] tpm tpm0: Operation Canceled
[   26.665550] tpm tpm0: Operation Canceled
[   26.686555] tpm tpm0: Operation Canceled
[   26.707664] tpm tpm0: Operation Canceled
[   26.728635] tpm tpm0: Operation Canceled
[   26.749756] tpm tpm0: Operation Canceled
[   26.770859] tpm tpm0: Operation Canceled
[   26.792029] tpm tpm0: Operation Canceled
[   26.813056] tpm tpm0: Operation Canceled
[   26.834074] tpm tpm0: Operation Canceled
[   26.855080] tpm tpm0: Operation Canceled
[   26.876081] tpm tpm0: Operation Canceled
[   26.897118] tpm tpm0: Operation Canceled
[   26.918186] tpm tpm0: Operation Canceled
[   26.939175] tpm tpm0: Operation Canceled
[   26.960143] tpm tpm0: Operation Canceled
[   26.981154] tpm tpm0: Operation Canceled
[   27.002172] tpm tpm0: Operation Canceled
[   27.023257] tpm tpm0: Operation Canceled
[   27.044166] tpm tpm0: Operation Canceled
[   27.054817] tpm tpm0: Operation Canceled
[   27.075753] tpm tpm0: Operation Canceled
[   27.096964] tpm tpm0: Operation Canceled
[   27.128531] tpm tpm0: Operation Canceled
[   27.149590] tpm tpm0: Operation Canceled
[   27.170581] tpm tpm0: Operation Canceled
[   27.191679] tpm tpm0: Operation Canceled
[   27.212659] tpm tpm0: Operation Canceled
[   27.233694] tpm tpm0: Operation Canceled
[   27.254722] tpm tpm0: Operation Canceled
[   27.275679] tpm tpm0: Operation Canceled
[   27.296732] tpm tpm0: Operation Canceled
[   27.317698] tpm tpm0: Operation Canceled
[   27.338727] tpm tpm0: Operation Canceled
[   27.359954] tpm tpm0: Operation Canceled
[   27.380965] tpm tpm0: Operation Canceled
[   27.412527] tpm tpm0: Operation Canceled
[   27.433556] tpm tpm0: Operation Canceled
[   27.454561] tpm tpm0: Operation Canceled
[   27.475657] tpm tpm0: Operation Canceled
[   27.496626] tpm tpm0: Operation Canceled
[   27.517646] tpm tpm0: Operation Canceled
[   27.538671] tpm tpm0: Operation Canceled
[   27.559695] tpm tpm0: Operation Canceled
[   27.580739] tpm tpm0: Operation Canceled
[   27.591432] tpm tpm0: Operation Canceled
[   27.612613] tpm tpm0: Operation Canceled
[   27.633632] tpm tpm0: Operation Canceled
[   27.655031] tpm tpm0: Operation Canceled
[   27.675984] tpm tpm0: Operation Canceled
[   27.696997] tpm tpm0: Operation Canceled
[   27.717758] tpm tpm0: Operation Canceled
[   27.739063] tpm tpm0: Operation Canceled
[   27.760100] tpm tpm0: Operation Canceled
[   27.781059] tpm tpm0: Operation Canceled
[   27.802101] tpm tpm0: Operation Canceled
[   27.823265] tpm tpm0: Operation Canceled
[   27.844249] tpm tpm0: Operation Canceled
[   27.854803] tpm tpm0: Operation Canceled
[   27.875754] tpm tpm0: Operation Canceled
[   27.897037] tpm tpm0: Operation Canceled
[   27.918053] tpm tpm0: Operation Canceled
[   27.939034] tpm tpm0: Operation Canceled
[   27.960034] tpm tpm0: Operation Canceled
[   27.981044] tpm tpm0: Operation Canceled
[   28.002251] tpm tpm0: Operation Canceled
[   28.023309] tpm tpm0: Operation Canceled
[   28.033759] tpm tpm0: Operation Canceled
[   28.055013] tpm tpm0: Operation Canceled
[   28.075795] tpm tpm0: Operation Canceled
[   28.096804] tpm tpm0: Operation Canceled
[   28.117763] tpm tpm0: Operation Canceled
[   28.139081] tpm tpm0: Operation Canceled
[   28.159896] tpm tpm0: Operation Canceled
[   28.181109] tpm tpm0: Operation Canceled
[   28.202157] tpm tpm0: Operation Canceled
[   28.223174] tpm tpm0: Operation Canceled
[   28.244157] tpm tpm0: Operation Canceled
[   28.265110] tpm tpm0: Operation Canceled
[   28.286164] tpm tpm0: Operation Canceled
[   28.307222] tpm tpm0: Operation Canceled
[   28.328163] tpm tpm0: Operation Canceled
[   28.349182] tpm tpm0: Operation Canceled
[   28.370215] tpm tpm0: Operation Canceled
[   28.391397] tpm tpm0: Operation Canceled
[   28.412236] tpm tpm0: Operation Canceled
[   28.433277] tpm tpm0: Operation Canceled
[   28.454279] tpm tpm0: Operation Canceled
[   28.475316] tpm tpm0: Operation Canceled
[   28.496547] tpm tpm0: Operation Canceled
[   28.517565] tpm tpm0: Operation Canceled
[   28.538572] tpm tpm0: Operation Canceled
[   28.559598] tpm tpm0: Operation Canceled
[   28.580582] tpm tpm0: Operation Canceled
[   28.601647] tpm tpm0: Operation Canceled
[   28.622612] tpm tpm0: Operation Canceled
[   28.643636] tpm tpm0: Operation Canceled
[   28.664776] tpm tpm0: Operation Canceled
[   28.696421] tpm tpm0: Operation Canceled
[   28.717374] tpm tpm0: Operation Canceled
[   28.738326] tpm tpm0: Operation Canceled
[   28.759374] tpm tpm0: Operation Canceled
[   28.780392] tpm tpm0: Operation Canceled
[   28.801402] tpm tpm0: Operation Canceled
[   28.822408] tpm tpm0: Operation Canceled
[   28.843456] tpm tpm0: Operation Canceled
[   28.864441] tpm tpm0: Operation Canceled
[   28.885489] tpm tpm0: Operation Canceled
[   28.916926] tpm tpm0: Operation Canceled
[   28.927548] tpm tpm0: Operation Canceled
[   28.948576] tpm tpm0: Operation Canceled
[   28.969528] tpm tpm0: Operation Canceled
[   28.990547] tpm tpm0: Operation Canceled
[   29.011852] tpm tpm0: Operation Canceled
[   29.032597] tpm tpm0: Operation Canceled
[   29.053574] tpm tpm0: Operation Canceled
[   29.074547] tpm tpm0: Operation Canceled
[   29.095559] tpm tpm0: Operation Canceled
[   29.116835] tpm tpm0: Operation Canceled
[   29.148488] tpm tpm0: Operation Canceled
[   29.169437] tpm tpm0: Operation Canceled
[   29.190439] tpm tpm0: Operation Canceled
[   29.211522] tpm tpm0: Operation Canceled
[   29.232551] tpm tpm0: Operation Canceled
[   29.253532] tpm tpm0: Operation Canceled
[   29.274558] tpm tpm0: Operation Canceled
[   29.295617] tpm tpm0: Operation Canceled
[   29.316633] tpm tpm0: Operation Canceled
[   29.337689] tpm tpm0: Operation Canceled
[   29.358934] tpm tpm0: Operation Canceled
[   29.379928] tpm tpm0: Operation Canceled
[   29.390796] tpm tpm0: Operation Canceled
[   29.411701] tpm tpm0: Operation Canceled
[   29.432679] tpm tpm0: Operation Canceled
[   29.453678] tpm tpm0: Operation Canceled
[   29.474711] tpm tpm0: Operation Canceled
[   29.495746] tpm tpm0: Operation Canceled
[   29.516704] tpm tpm0: Operation Canceled
[   29.537746] tpm tpm0: Operation Canceled
[   29.558786] tpm tpm0: Operation Canceled
[   29.579813] tpm tpm0: Operation Canceled
[   29.600820] tpm tpm0: Operation Canceled
[   29.632391] tpm tpm0: Operation Canceled
[   29.653394] tpm tpm0: Operation Canceled
[   29.674435] tpm tpm0: Operation Canceled
[   29.695524] tpm tpm0: Operation Canceled
[   29.705754] tpm tpm0: Operation Canceled
[   29.727250] tpm tpm0: Operation Canceled
[   29.748017] tpm tpm0: Operation Canceled
[   29.769023] tpm tpm0: Operation Canceled
[   29.790064] tpm tpm0: Operation Canceled
[   29.811083] tpm tpm0: Operation Canceled
[   29.832112] tpm tpm0: Operation Canceled
[   29.853082] tpm tpm0: Operation Canceled
[   29.874107] tpm tpm0: Operation Canceled
[   29.895391] tpm tpm0: Operation Canceled
[   29.916430] tpm tpm0: Operation Canceled
[   29.937636] tpm tpm0: Operation Canceled
[   29.958682] tpm tpm0: Operation Canceled
[   29.979693] tpm tpm0: Operation Canceled
[   30.000769] tpm tpm0: Operation Canceled
[   30.021755] tpm tpm0: Operation Canceled
[   30.043003] tpm tpm0: Operation Canceled
[   30.064207] tpm tpm0: Operation Canceled
[   30.085214] tpm tpm0: Operation Canceled
[   30.106282] tpm tpm0: Operation Canceled
[   30.127365] tpm tpm0: Operation Canceled
[   30.158959] tpm tpm0: Operation Canceled
[   30.179937] tpm tpm0: Operation Canceled
[   30.200998] tpm tpm0: Operation Canceled
[   30.222313] tpm tpm0: Operation Canceled
[   30.243646] tpm tpm0: Operation Canceled
[   30.264661] tpm tpm0: Operation Canceled
[   30.285746] tpm tpm0: Operation Canceled
[   30.306713] tpm tpm0: Operation Canceled
[   30.327706] tpm tpm0: Operation Canceled
[   30.348739] tpm tpm0: Operation Canceled
[   30.359400] tpm tpm0: Operation Canceled
[   30.380335] tpm tpm0: Operation Canceled
[   30.401398] tpm tpm0: Operation Canceled
[   30.422540] tpm tpm0: Operation Canceled
[   30.443582] tpm tpm0: Operation Canceled
[   30.464628] tpm tpm0: Operation Canceled
[   30.485755] tpm tpm0: Operation Canceled
[   30.507170] tpm tpm0: Operation Canceled
[   30.527994] tpm tpm0: Operation Canceled
[   30.549015] tpm tpm0: Operation Canceled
[   30.570142] tpm tpm0: Operation Canceled
[   30.591426] tpm tpm0: Operation Canceled
[   30.612161] tpm tpm0: Operation Canceled
[   30.633181] tpm tpm0: Operation Canceled
[   30.654194] tpm tpm0: Operation Canceled
[   30.685760] tpm tpm0: Operation Canceled
[   30.706888] tpm tpm0: Operation Canceled
[   30.727898] tpm tpm0: Operation Canceled
[   30.748930] tpm tpm0: Operation Canceled
[   30.769758] tpm tpm0: Operation Canceled
[   30.791055] tpm tpm0: Operation Canceled
[   30.812058] tpm tpm0: Operation Canceled
[   30.833091] tpm tpm0: Operation Canceled
[   30.854173] tpm tpm0: Operation Canceled
[   30.875169] tpm tpm0: Operation Canceled
[   30.896196] tpm tpm0: Operation Canceled
[   30.927701] tpm tpm0: Operation Canceled
[   30.948958] tpm tpm0: Operation Canceled
[   30.959398] tpm tpm0: Operation Canceled
[   30.980351] tpm tpm0: Operation Canceled
[   31.001432] tpm tpm0: Operation Canceled
[   31.022489] tpm tpm0: Operation Canceled
[   31.043544] tpm tpm0: Operation Canceled
[   31.064557] tpm tpm0: Operation Canceled
[   31.085603] tpm tpm0: Operation Canceled
[   31.106620] tpm tpm0: Operation Canceled
[   31.127829] tpm tpm0: Operation Canceled
[   31.148794] tpm tpm0: Operation Canceled
[   31.190973] tpm tpm0: Operation Canceled
[   31.211940] tpm tpm0: Operation Canceled
[   31.232986] tpm tpm0: Operation Canceled
[   31.254069] tpm tpm0: Operation Canceled
[   31.275174] tpm tpm0: Operation Canceled
[   31.296373] tpm tpm0: Operation Canceled
[   31.317666] tpm tpm0: Operation Canceled
[   31.338688] tpm tpm0: Operation Canceled
[   31.359727] tpm tpm0: Operation Canceled
[   31.380749] tpm tpm0: Operation Canceled
[   31.391398] tpm tpm0: Operation Canceled
[   31.412386] tpm tpm0: Operation Canceled
[   31.433374] tpm tpm0: Operation Canceled
[   31.454436] tpm tpm0: Operation Canceled
[   31.475488] tpm tpm0: Operation Canceled
[   31.496500] tpm tpm0: Operation Canceled
[   31.517574] tpm tpm0: Operation Canceled
[   31.538552] tpm tpm0: Operation Canceled
[   31.559584] tpm tpm0: Operation Canceled
[   31.580628] tpm tpm0: Operation Canceled
[   31.602783] tpm tpm0: Operation Canceled
[   31.622904] tpm tpm0: Operation Canceled
[   31.643952] tpm tpm0: Operation Canceled
[   31.654783] tpm tpm0: Operation Canceled
[   31.675595] tpm tpm0: Operation Canceled
[   31.696597] tpm tpm0: Operation Canceled
[   31.717606] tpm tpm0: Operation Canceled
[   31.738635] tpm tpm0: Operation Canceled
[   31.759604] tpm tpm0: Operation Canceled
[   31.780612] tpm tpm0: Operation Canceled
[   31.801635] tpm tpm0: Operation Canceled
[   31.822692] tpm tpm0: Operation Canceled
[   31.843693] tpm tpm0: Operation Canceled
[   31.864693] tpm tpm0: Operation Canceled
[   31.885693] tpm tpm0: Operation Canceled
[   31.906693] tpm tpm0: Operation Canceled
[   31.927724] tpm tpm0: Operation Canceled
[   31.948722] tpm tpm0: Operation Canceled
[   31.969756] tpm tpm0: Operation Canceled
[   31.990718] tpm tpm0: Operation Canceled
[   32.011964] tpm tpm0: Operation Canceled
[   32.032984] tpm tpm0: Operation Canceled
[   32.054055] tpm tpm0: Operation Canceled
[   32.075121] tpm tpm0: Operation Canceled
[   32.096084] tpm tpm0: Operation Canceled
[   32.106775] tpm tpm0: Operation Canceled
[   32.127710] tpm tpm0: Operation Canceled
[   32.148855] tpm tpm0: Operation Canceled
[   32.159462] tpm tpm0: Operation Canceled
[   32.180651] tpm tpm0: Operation Canceled
[   32.201439] tpm tpm0: Operation Canceled
[   32.222480] tpm tpm0: Operation Canceled
[   32.243531] tpm tpm0: Operation Canceled
[   32.264531] tpm tpm0: Operation Canceled
[   32.285548] tpm tpm0: Operation Canceled
[   32.306604] tpm tpm0: Operation Canceled
[   32.327577] tpm tpm0: Operation Canceled
[   32.348627] tpm tpm0: Operation Canceled
[   32.369632] tpm tpm0: Operation Canceled
[   32.390635] tpm tpm0: Operation Canceled
[   32.411721] tpm tpm0: Operation Canceled
[   32.432702] tpm tpm0: Operation Canceled
[   32.453715] tpm tpm0: Operation Canceled
[   32.474771] tpm tpm0: Operation Canceled
[   32.495738] tpm tpm0: Operation Canceled
[   32.516791] tpm tpm0: Operation Canceled
[   32.548378] tpm tpm0: Operation Canceled
[   32.569293] tpm tpm0: Operation Canceled
[   32.590287] tpm tpm0: Operation Canceled
[   32.611367] tpm tpm0: Operation Canceled
[   32.632390] tpm tpm0: Operation Canceled
[   32.653375] tpm tpm0: Operation Canceled
[   32.674399] tpm tpm0: Operation Canceled
[   32.695606] tpm tpm0: Operation Canceled
[   32.716898] tpm tpm0: Operation Canceled
[   32.727469] tpm tpm0: Operation Canceled
[   32.748464] tpm tpm0: Operation Canceled
[   32.769457] tpm tpm0: Operation Canceled
[   32.790448] tpm tpm0: Operation Canceled
[   32.811531] tpm tpm0: Operation Canceled
[   32.832556] tpm tpm0: Operation Canceled
[   32.853550] tpm tpm0: Operation Canceled
[   32.874583] tpm tpm0: Operation Canceled
[   32.895782] tpm tpm0: Operation Canceled
[   32.916844] tpm tpm0: Operation Canceled
[   32.948393] tpm tpm0: Operation Canceled
[   32.969393] tpm tpm0: Operation Canceled
[   32.990409] tpm tpm0: Operation Canceled
[   33.011540] tpm tpm0: Operation Canceled
[   33.022052] tpm tpm0: Operation Canceled
[   33.043263] tpm tpm0: Operation Canceled
[   33.064258] tpm tpm0: Operation Canceled
[   33.085221] tpm tpm0: Operation Canceled
[   33.106182] tpm tpm0: Operation Canceled
[   33.127278] tpm tpm0: Operation Canceled
[   33.148187] tpm tpm0: Operation Canceled
[   33.169182] tpm tpm0: Operation Canceled
[   33.190232] tpm tpm0: Operation Canceled
[   33.211436] tpm tpm0: Operation Canceled
[   33.232492] tpm tpm0: Operation Canceled
[   33.253465] tpm tpm0: Operation Canceled
[   33.274609] tpm tpm0: Operation Canceled
[   33.295653] tpm tpm0: Operation Canceled
[   33.316641] tpm tpm0: Operation Canceled
[   33.337681] tpm tpm0: Operation Canceled
[   33.358659] tpm tpm0: Operation Canceled
[   33.379690] tpm tpm0: Operation Canceled
[   33.400930] tpm tpm0: Operation Canceled
[   33.421690] tpm tpm0: Operation Canceled
[   33.442727] tpm tpm0: Operation Canceled
[   33.463689] tpm tpm0: Operation Canceled
[   33.484691] tpm tpm0: Operation Canceled
[   33.505687] tpm tpm0: Operation Canceled
[   33.526735] tpm tpm0: Operation Canceled
[   33.547734] tpm tpm0: Operation Canceled
[   33.568940] tpm tpm0: Operation Canceled
[   33.589754] tpm tpm0: Operation Canceled
[   33.610936] tpm tpm0: Operation Canceled
[   33.631901] tpm tpm0: Operation Canceled
[   33.652865] tpm tpm0: Operation Canceled
[   33.674193] tpm tpm0: Operation Canceled
[   33.695220] tpm tpm0: Operation Canceled
[   33.716267] tpm tpm0: Operation Canceled
[   33.737200] tpm tpm0: Operation Canceled
[   33.758216] tpm tpm0: Operation Canceled
[   33.779390] tpm tpm0: Operation Canceled
[   33.800237] tpm tpm0: Operation Canceled
[   33.810820] tpm tpm0: Operation Canceled
[   33.831702] tpm tpm0: Operation Canceled
[   33.852864] tpm tpm0: Operation Canceled
[   33.884454] tpm tpm0: Operation Canceled
[   33.905483] tpm tpm0: Operation Canceled
[   33.926823] tpm tpm0: Operation Canceled
[   33.947573] tpm tpm0: Operation Canceled
[   33.968563] tpm tpm0: Operation Canceled
[   33.989576] tpm tpm0: Operation Canceled
[   34.010639] tpm tpm0: Operation Canceled
[   34.031655] tpm tpm0: Operation Canceled
[   34.052670] tpm tpm0: Operation Canceled
[   34.073679] tpm tpm0: Operation Canceled
[   34.094774] tpm tpm0: Operation Canceled
[   34.115718] tpm tpm0: Operation Canceled
[   34.136754] tpm tpm0: Operation Canceled
[   34.157756] tpm tpm0: Operation Canceled
[   34.178865] tpm tpm0: Operation Canceled
[   34.199793] tpm tpm0: Operation Canceled
[   34.220829] tpm tpm0: Operation Canceled
[   34.231441] tpm tpm0: Operation Canceled
[   34.252416] tpm tpm0: Operation Canceled
[   34.273454] tpm tpm0: Operation Canceled
[   34.294498] tpm tpm0: Operation Canceled
[   34.315519] tpm tpm0: Operation Canceled
[   34.336522] tpm tpm0: Operation Canceled
[   34.357519] tpm tpm0: Operation Canceled
[   34.378573] tpm tpm0: Operation Canceled
[   34.399531] tpm tpm0: Operation Canceled
[   34.420575] tpm tpm0: Operation Canceled
[   34.441597] tpm tpm0: Operation Canceled
[   34.462807] tpm tpm0: Operation Canceled
[   34.483691] tpm tpm0: Operation Canceled
[   34.504702] tpm tpm0: Operation Canceled
[   34.525686] tpm tpm0: Operation Canceled
[   34.546707] tpm tpm0: Operation Canceled
[   34.567704] tpm tpm0: Operation Canceled
[   34.588709] tpm tpm0: Operation Canceled
[   34.609723] tpm tpm0: Operation Canceled
[   34.630719] tpm tpm0: Operation Canceled
[   34.651750] tpm tpm0: Operation Canceled
[   34.672723] tpm tpm0: Operation Canceled
[   34.693744] tpm tpm0: Operation Canceled
[   34.714723] tpm tpm0: Operation Canceled
[   34.735723] tpm tpm0: Operation Canceled
[   34.756690] tpm tpm0: Operation Canceled
[   34.777703] tpm tpm0: Operation Canceled
[   34.798715] tpm tpm0: Operation Canceled
[   34.819690] tpm tpm0: Operation Canceled
[   34.840718] tpm tpm0: Operation Canceled
[   34.861684] tpm tpm0: Operation Canceled
[   34.882709] tpm tpm0: Operation Canceled
[   34.903692] tpm tpm0: Operation Canceled
[   34.924728] tpm tpm0: Operation Canceled
[   34.945691] tpm tpm0: Operation Canceled
[   34.966726] tpm tpm0: Operation Canceled
[   34.987834] tpm tpm0: Operation Canceled
[   35.008866] tpm tpm0: Operation Canceled
[   35.040423] tpm tpm0: Operation Canceled
[   35.061425] tpm tpm0: Operation Canceled
[   35.082432] tpm tpm0: Operation Canceled
[   35.103480] tpm tpm0: Operation Canceled
[   35.124528] tpm tpm0: Operation Canceled
[   35.145510] tpm tpm0: Operation Canceled
[   35.166821] tpm tpm0: Operation Canceled
[   35.187795] tpm tpm0: Operation Canceled
[   35.208840] tpm tpm0: Operation Canceled
[   35.229760] tpm tpm0: Operation Canceled
[   35.251114] tpm tpm0: Operation Canceled
[   35.271878] tpm tpm0: Operation Canceled
[   35.292892] tpm tpm0: Operation Canceled
[   35.313757] tpm tpm0: Operation Canceled
[   35.335221] tpm tpm0: Operation Canceled
[   35.356167] tpm tpm0: Operation Canceled
[   35.366790] tpm tpm0: Operation Canceled
[   35.387700] tpm tpm0: Operation Canceled
[   35.408696] tpm tpm0: Operation Canceled
[   35.429700] tpm tpm0: Operation Canceled
[   35.450765] tpm tpm0: Operation Canceled
[   35.471724] tpm tpm0: Operation Canceled
[   35.492735] tpm tpm0: Operation Canceled
[   35.524539] tpm tpm0: Operation Canceled
[   35.545466] tpm tpm0: Operation Canceled
[   35.566460] tpm tpm0: Operation Canceled
[   35.587567] tpm tpm0: Operation Canceled
[   35.598416] tpm tpm0: Operation Canceled
[   35.619208] tpm tpm0: Operation Canceled
[   35.640176] tpm tpm0: Operation Canceled
[   35.661330] tpm tpm0: Operation Canceled
[   35.682585] tpm tpm0: Operation Canceled
[   35.703623] tpm tpm0: Operation Canceled
[   35.724605] tpm tpm0: Operation Canceled
[   35.745608] tpm tpm0: Operation Canceled
[   35.766627] tpm tpm0: Operation Canceled
[   35.787692] tpm tpm0: Operation Canceled
[   35.808671] tpm tpm0: Operation Canceled
[   35.829705] tpm tpm0: Operation Canceled
[   35.850688] tpm tpm0: Operation Canceled
[   35.871760] tpm tpm0: Operation Canceled
[   35.882788] tpm tpm0: Operation Canceled
[   35.903328] tpm tpm0: Operation Canceled
[   35.924308] tpm tpm0: Operation Canceled
[   35.945363] tpm tpm0: Operation Canceled
[   35.966339] tpm tpm0: Operation Canceled
[   35.987354] tpm tpm0: Operation Canceled
[   36.008391] tpm tpm0: Operation Canceled
[   36.029412] tpm tpm0: Operation Canceled
[   36.050452] tpm tpm0: Operation Canceled
[   36.071527] tpm tpm0: Operation Canceled
[   36.092509] tpm tpm0: Operation Canceled
[   36.113556] tpm tpm0: Operation Canceled
[   36.145061] tpm tpm0: Operation Canceled
[   36.176617] tpm tpm0: Operation Canceled
[   36.208391] tpm tpm0: Operation Canceled
[   36.229411] tpm tpm0: Operation Canceled
[   36.250430] tpm tpm0: Operation Canceled
[   36.271487] tpm tpm0: Operation Canceled
[   36.292478] tpm tpm0: Operation Canceled
[   36.313460] tpm tpm0: Operation Canceled
[   36.334477] tpm tpm0: Operation Canceled
[   36.355761] tpm tpm0: Operation Canceled
[   36.377042] tpm tpm0: Operation Canceled
[   36.387353] tpm tpm0: Operation Canceled
[   36.408333] tpm tpm0: Operation Canceled
[   36.429324] tpm tpm0: Operation Canceled
[   36.450381] tpm tpm0: Operation Canceled
[   36.481759] tpm tpm0: Operation Canceled
[   36.502944] tpm tpm0: Operation Canceled
[   36.523914] tpm tpm0: Operation Canceled
[   36.544921] tpm tpm0: Operation Canceled
[   36.555534] tpm tpm0: Operation Canceled
[   36.576801] tpm tpm0: Operation Canceled
[   36.597756] tpm tpm0: Operation Canceled
[   36.618893] tpm tpm0: Operation Canceled
[   36.639856] tpm tpm0: Operation Canceled
[   36.660932] tpm tpm0: Operation Canceled
[   36.692502] tpm tpm0: Operation Canceled
[   36.713469] tpm tpm0: Operation Canceled
[   36.734708] tpm tpm0: Operation Canceled
[   36.755705] tpm tpm0: Operation Canceled
[   36.776753] tpm tpm0: Operation Canceled
[   36.797709] tpm tpm0: Operation Canceled
[   36.818731] tpm tpm0: Operation Canceled
[   36.839745] tpm tpm0: Operation Canceled
[   36.850788] tpm tpm0: Operation Canceled
[   36.871404] tpm tpm0: Operation Canceled
[   36.881763] tpm tpm0: Operation Canceled
[   36.902923] tpm tpm0: Operation Canceled
[   36.924149] tpm tpm0: Operation Canceled
[   36.945156] tpm tpm0: Operation Canceled
[   36.966173] tpm tpm0: Operation Canceled
[   36.987226] tpm tpm0: Operation Canceled
[   37.008156] tpm tpm0: Operation Canceled
[   37.029169] tpm tpm0: Operation Canceled
[   37.050188] tpm tpm0: Operation Canceled
[   37.071235] tpm tpm0: Operation Canceled
[   37.092494] tpm tpm0: Operation Canceled
[   37.113463] tpm tpm0: Operation Canceled
[   37.134497] tpm tpm0: Operation Canceled
[   37.155573] tpm tpm0: Operation Canceled
[   37.176648] tpm tpm0: Operation Canceled
[   37.197632] tpm tpm0: Operation Canceled
[   37.218688] tpm tpm0: Operation Canceled
[   37.239734] tpm tpm0: Operation Canceled
[   37.261027] tpm tpm0: Operation Canceled
[   37.281755] tpm tpm0: Operation Canceled
[   37.303046] tpm tpm0: Operation Canceled
[   37.324014] tpm tpm0: Operation Canceled
[   37.345031] tpm tpm0: Operation Canceled
[   37.366095] tpm tpm0: Operation Canceled
[   37.387103] tpm tpm0: Operation Canceled
[   37.408087] tpm tpm0: Operation Canceled
[   37.429095] tpm tpm0: Operation Canceled
[   37.450165] tpm tpm0: Operation Canceled
[   37.471156] tpm tpm0: Operation Canceled
[   37.492159] tpm tpm0: Operation Canceled
[   37.513156] tpm tpm0: Operation Canceled
[   37.534225] tpm tpm0: Operation Canceled
[   37.555242] tpm tpm0: Operation Canceled
[   37.576198] tpm tpm0: Operation Canceled
[   37.597196] tpm tpm0: Operation Canceled
[   37.618256] tpm tpm0: Operation Canceled
[   37.639371] tpm tpm0: Operation Canceled
[   37.660303] tpm tpm0: Operation Canceled
[   37.681321] tpm tpm0: Operation Canceled
[   37.702353] tpm tpm0: Operation Canceled
[   37.723513] tpm tpm0: Operation Canceled
[   37.733760] tpm tpm0: Operation Canceled
[   37.755185] tpm tpm0: Operation Canceled
[   37.776248] tpm tpm0: Operation Canceled
[   37.797054] tpm tpm0: Operation Canceled
[   37.818084] tpm tpm0: Operation Canceled
[   37.839136] tpm tpm0: Operation Canceled
[   37.860090] tpm tpm0: Operation Canceled
[   37.870783] tpm tpm0: Operation Canceled
[   37.891645] tpm tpm0: Operation Canceled
[   37.912656] tpm tpm0: Operation Canceled
[   37.933652] tpm tpm0: Operation Canceled
[   37.954939] tpm tpm0: Operation Canceled
[   37.975941] tpm tpm0: Operation Canceled
[   37.996899] tpm tpm0: Operation Canceled
[   38.028592] tpm tpm0: Operation Canceled
[   38.049527] tpm tpm0: Operation Canceled
[   38.070533] tpm tpm0: Operation Canceled
[   38.091651] tpm tpm0: Operation Canceled
[   38.112634] tpm tpm0: Operation Canceled
[   38.133677] tpm tpm0: Operation Canceled
[   38.165138] tpm tpm0: Operation Canceled
[   38.186189] tpm tpm0: Operation Canceled
[   38.207202] tpm tpm0: Operation Canceled
[   38.228212] tpm tpm0: Operation Canceled
[   38.249225] tpm tpm0: Operation Canceled
[   38.270200] tpm tpm0: Operation Canceled
[   38.291240] tpm tpm0: Operation Canceled
[   38.312435] tpm tpm0: Operation Canceled
[   38.333477] tpm tpm0: Operation Canceled
[   38.354643] tpm tpm0: Operation Canceled
[   38.375727] tpm tpm0: Operation Canceled
[   38.396698] tpm tpm0: Operation Canceled
[   38.417687] tpm tpm0: Operation Canceled
[   38.438693] tpm tpm0: Operation Canceled
[   38.459684] tpm tpm0: Operation Canceled
[   38.480708] tpm tpm0: Operation Canceled
[   38.501717] tpm tpm0: Operation Canceled
[   38.522724] tpm tpm0: Operation Canceled
[   38.543709] tpm tpm0: Operation Canceled
[   38.564763] tpm tpm0: Operation Canceled
[   38.585749] tpm tpm0: Operation Canceled
[   38.606804] tpm tpm0: Operation Canceled
[   38.627782] tpm tpm0: Operation Canceled
[   38.648836] tpm tpm0: Operation Canceled
[   38.680377] tpm tpm0: Operation Canceled
[   38.701376] tpm tpm0: Operation Canceled
[   38.722370] tpm tpm0: Operation Canceled
[   38.743497] tpm tpm0: Operation Canceled
[   38.753754] tpm tpm0: Operation Canceled
[   38.775192] tpm tpm0: Operation Canceled
[   38.795988] tpm tpm0: Operation Canceled
[   38.817014] tpm tpm0: Operation Canceled
[   38.838082] tpm tpm0: Operation Canceled
[   38.859387] tpm tpm0: Operation Canceled
[   38.880397] tpm tpm0: Operation Canceled
[   38.901411] tpm tpm0: Operation Canceled
[   38.922456] tpm tpm0: Operation Canceled
[   38.943487] tpm tpm0: Operation Canceled
[   38.964477] tpm tpm0: Operation Canceled
[   38.996002] tpm tpm0: Operation Canceled
[   39.017025] tpm tpm0: Operation Canceled
[   39.038296] tpm tpm0: Operation Canceled
[   39.059413] tpm tpm0: Operation Canceled
[   39.069749] tpm tpm0: Operation Canceled
[   39.091167] tpm tpm0: Operation Canceled
[   39.111886] tpm tpm0: Operation Canceled
[   39.132915] tpm tpm0: Operation Canceled
[   39.143506] tpm tpm0: Operation Canceled
[   39.164506] tpm tpm0: Operation Canceled
[   39.185527] tpm tpm0: Operation Canceled
[   39.206588] tpm tpm0: Operation Canceled
[   39.227735] tpm tpm0: Operation Canceled
[   39.248734] tpm tpm0: Operation Canceled
[   39.280312] tpm tpm0: Operation Canceled
[   39.301320] tpm tpm0: Operation Canceled
[   39.322384] tpm tpm0: Operation Canceled
[   39.343368] tpm tpm0: Operation Canceled
[   39.364382] tpm tpm0: Operation Canceled
[   39.385400] tpm tpm0: Operation Canceled
