c[?7l[2J[0mSeaBIOS (version rel-1.16.0-0-gd239552ce722-prebuilt.qemu.org)


iPXE (http://ipxe.org) 00:03.0 CA00 PCI2.10 PnP PMM+7FF91000+7FEF1000 CA00
Press Ctrl-B to configure iPXE (PCI 00:03.0)...                                                                               


Booting from ROM...
c[?7l[2J[    0.000000] Linux version 6.18.0-1885cdbfbb51+ (root@p-arls02) (gcc (GCC) 11.5.0 20240719 (Red Hat 11.5.0-14), GNU ld version 2.35.2-68.el9) #1 SMP PREEMPT_DYNAMIC Fri Dec  5 00:39:45 CST 2025
[    0.000000] Command line: console=ttyS0 root=/dev/sda earlyprintk=serial net.ifnames=0 plymouth.enable=0
[    0.000000] KERNEL supported cpus:
[    0.000000]   Intel GenuineIntel
[    0.000000]   AMD AuthenticAMD
[    0.000000]   Hygon HygonGenuine
[    0.000000]   Centaur CentaurHauls
[    0.000000]   zhaoxin   Shanghai  
[    0.000000] x86/CPU: Model not found in latest microcode list
[    0.000000] x86/split lock detection: #DB: warning on user-space bus_locks
[    0.000000] BIOS-provided physical RAM map:
[    0.000000] BIOS-e820: [mem 0x0000000000000000-0x000000000009fbff] usable
[    0.000000] BIOS-e820: [mem 0x000000000009fc00-0x000000000009ffff] reserved
[    0.000000] BIOS-e820: [mem 0x00000000000f0000-0x00000000000fffff] reserved
[    0.000000] BIOS-e820: [mem 0x0000000000100000-0x000000007ffdffff] usable
[    0.000000] BIOS-e820: [mem 0x000000007ffe0000-0x000000007fffffff] reserved
[    0.000000] BIOS-e820: [mem 0x00000000feffc000-0x00000000feffffff] reserved
[    0.000000] BIOS-e820: [mem 0x00000000fffc0000-0x00000000ffffffff] reserved
[    0.000000] printk: legacy bootconsole [earlyser0] enabled
[    0.000000] NX (Execute Disable) protection: active
[    0.000000] APIC: Static calls initialized
[    0.000000] SMBIOS 2.8 present.
[    0.000000] DMI: QEMU Standard PC (i440FX + PIIX, 1996), BIOS rel-1.16.0-0-gd239552ce722-prebuilt.qemu.org 04/01/2014
[    0.000000] DMI: Memory slots populated: 1/1
[    0.000000] Hypervisor detected: KVM
[    0.000000] last_pfn = 0x7ffe0 max_arch_pfn = 0x400000000
[    0.000000] kvm-clock: Using msrs 4b564d01 and 4b564d00
[    0.000003] kvm-clock: using sched offset of 967345936 cycles
[    0.000385] clocksource: kvm-clock: mask: 0xffffffffffffffff max_cycles: 0x1cd42e4dffb, max_idle_ns: 881590591483 ns
[    0.001565] tsc: Detected 1267.200 MHz processor
[    0.007521] last_pfn = 0x7ffe0 max_arch_pfn = 0x400000000
[    0.007919] MTRR map: 4 entries (3 fixed + 1 variable; max 19), built from 8 variable MTRRs
[    0.008469] x86/PAT: Configuration [0-7]: WB  WC  UC- UC  WB  WP  UC- WT  
[    0.017668] found SMP MP-table at [mem 0x000f5ba0-0x000f5baf]
[    0.018132] Using GB pages for direct mapping
[    0.020158] ACPI: Early table checksum verification disabled
[    0.020578] ACPI: RSDP 0x00000000000F59C0 000014 (v00 BOCHS )
[    0.021010] ACPI: RSDT 0x000000007FFE1951 000034 (v01 BOCHS  BXPC     00000001 BXPC 00000001)
[    0.021647] ACPI: FACP 0x000000007FFE17FD 000074 (v01 BOCHS  BXPC     00000001 BXPC 00000001)
[    0.022284] ACPI: DSDT 0x000000007FFE0040 0017BD (v01 BOCHS  BXPC     00000001 BXPC 00000001)
[    0.022919] ACPI: FACS 0x000000007FFE0000 000040
[    0.023265] ACPI: APIC 0x000000007FFE1871 000080 (v01 BOCHS  BXPC     00000001 BXPC 00000001)
[    0.023899] ACPI: HPET 0x000000007FFE18F1 000038 (v01 BOCHS  BXPC     00000001 BXPC 00000001)
[    0.024527] ACPI: WAET 0x000000007FFE1929 000028 (v01 BOCHS  BXPC     00000001 BXPC 00000001)
[    0.025187] ACPI: Reserving FACP table memory at [mem 0x7ffe17fd-0x7ffe1870]
[    0.025702] ACPI: Reserving DSDT table memory at [mem 0x7ffe0040-0x7ffe17fc]
[    0.026214] ACPI: Reserving FACS table memory at [mem 0x7ffe0000-0x7ffe003f]
[    0.026729] ACPI: Reserving APIC table memory at [mem 0x7ffe1871-0x7ffe18f0]
[    0.027244] ACPI: Reserving HPET table memory at [mem 0x7ffe18f1-0x7ffe1928]
[    0.027777] ACPI: Reserving WAET table memory at [mem 0x7ffe1929-0x7ffe1950]
[    0.028727] No NUMA configuration found
[    0.029010] Faking a node at [mem 0x0000000000000000-0x000000007ffdffff]
[    0.029522] NODE_DATA(0) allocated [mem 0x7ffb4ec0-0x7ffdfcbf]
[    0.030497] Zone ranges:
[    0.030687]   DMA      [mem 0x0000000000001000-0x0000000000ffffff]
[    0.031139]   DMA32    [mem 0x0000000001000000-0x000000007ffdffff]
[    0.031594]   Normal   empty
[    0.031812]   Device   empty
[    0.032027] Movable zone start for each node
[    0.032340] Early memory node ranges
[    0.032604]   node   0: [mem 0x0000000000001000-0x000000000009efff]
[    0.033065]   node   0: [mem 0x0000000000100000-0x000000007ffdffff]
[    0.033521] Initmem setup node 0 [mem 0x0000000000001000-0x000000007ffdffff]
[    0.036001] On node 0, zone DMA: 1 pages in unavailable ranges
[    0.036604] On node 0, zone DMA: 97 pages in unavailable ranges
[    0.074492] On node 0, zone DMA32: 32 pages in unavailable ranges
[    0.591270] KernelAddressSanitizer initialized (generic)
[    0.591949] ACPI: PM-Timer IO Port: 0x608
[    0.592290] ACPI: LAPIC_NMI (acpi_id[0xff] dfl dfl lint[0x1])
[    0.592783] IOAPIC[0]: apic_id 0, version 17, address 0xfec00000, GSI 0-23
[    0.593330] ACPI: INT_SRC_OVR (bus 0 bus_irq 0 global_irq 2 dfl dfl)
[    0.593816] ACPI: INT_SRC_OVR (bus 0 bus_irq 5 global_irq 5 high level)
[    0.594309] ACPI: INT_SRC_OVR (bus 0 bus_irq 9 global_irq 9 high level)
[    0.594794] ACPI: INT_SRC_OVR (bus 0 bus_irq 10 global_irq 10 high level)
[    0.595303] ACPI: INT_SRC_OVR (bus 0 bus_irq 11 global_irq 11 high level)
[    0.595825] ACPI: Using ACPI (MADT) for SMP configuration information
[    0.596310] ACPI: HPET id: 0x8086a201 base: 0xfed00000
[    0.596710] TSC deadline timer available
[    0.597018] CPU topo: Max. logical packages:   1
[    0.597364] CPU topo: Max. logical dies:       1
[    0.597713] CPU topo: Max. dies per package:   1
[    0.598063] CPU topo: Max. threads per core:   1
[    0.598410] CPU topo: Num. cores per package:     2
[    0.598775] CPU topo: Num. threads per package:   2
[    0.599138] CPU topo: Allowing 2 present CPUs plus 0 hotplug CPUs
[    0.599643] kvm-guest: APIC: eoi() replaced with kvm_guest_apic_eoi_write()
[    0.600194] kvm-guest: KVM setup pv remote TLB flush
[    0.600570] kvm-guest: setup PV sched yield
[    0.600947] PM: hibernation: Registered nosave memory: [mem 0x00000000-0x00000fff]
[    0.601520] PM: hibernation: Registered nosave memory: [mem 0x0009f000-0x000fffff]
[    0.602096] [mem 0x80000000-0xfeffbfff] available for PCI devices
[    0.602552] Booting paravirtualized kernel on KVM
[    0.602928] clocksource: refined-jiffies: mask: 0xffffffff max_cycles: 0xffffffff, max_idle_ns: 7645519600211568 ns
[    0.603728] setup_percpu: NR_CPUS:8192 nr_cpumask_bits:2 nr_cpu_ids:2 nr_node_ids:1
[    0.605185] percpu: Embedded 80 pages/cpu s290816 r8192 d28672 u1048576
[    0.605827] kvm-guest: PV spinlocks enabled
[    0.606134] PV qspinlock hash table entries: 256 (order: 0, 4096 bytes, linear)
[    0.606694] Kernel command line: net.ifnames=0 console=ttyS0 root=/dev/sda earlyprintk=serial net.ifnames=0 plymouth.enable=0
[    0.607860] random: crng init done
[    0.608124] printk: log buffer data + meta data: 262144 + 917504 = 1179648 bytes
[    0.609267] Dentry cache hash table entries: 262144 (order: 9, 2097152 bytes, linear)
[    0.610194] Inode-cache hash table entries: 131072 (order: 8, 1048576 bytes, linear)
[    0.611120] Fallback order for Node 0: 0 
[    0.611130] Built 1 zonelists, mobility grouping on.  Total pages: 524158
[    0.611909] Policy zone: DMA32
[    0.612132] mem auto-init: stack:off, heap alloc:off, heap free:off
[    0.612648] stackdepot: allocating hash table via alloc_large_system_hash
[    0.613142] stackdepot hash table entries: 1048576 (order: 12, 16777216 bytes, linear)
[    0.629121] stackdepot: allocating space for 8192 stack pools via memblock
[    0.666707] SLUB: HWalign=64, Order=0-3, MinObjects=0, CPUs=2, Nodes=1
[    0.667196] kmemleak: Kernel memory leak detector disabled
[    0.703634] ftrace: allocating 74652 entries in 292 pages
[    0.704038] ftrace: allocated 292 pages with 3 groups
[    0.709046] Dynamic Preempt: voluntary
[    0.709804] Running RCU self tests
[    0.710046] Running RCU synchronous self tests
[    0.710365] rcu: Preemptible hierarchical RCU implementation.
[    0.710778] rcu: 	RCU lockdep checking is enabled.
[    0.711119] rcu: 	RCU restricting CPUs from NR_CPUS=8192 to nr_cpu_ids=2.
[    0.711608] 	Trampoline variant of Tasks RCU enabled.
[    0.711973] 	Rude variant of Tasks RCU enabled.
[    0.712298] 	Tracing variant of Tasks RCU enabled.
[    0.712645] rcu: RCU calculated value of scheduler-enlistment delay is 25 jiffies.
[    0.713187] rcu: Adjusting geometry for rcu_fanout_leaf=16, nr_cpu_ids=2
[    0.713759] Running RCU synchronous self tests
[    0.714085] RCU Tasks: Setting shift to 1 and lim to 1 rcu_task_cb_adjust=1 rcu_task_cpu_ids=2.
[    0.714714] RCU Tasks Rude: Setting shift to 1 and lim to 1 rcu_task_cb_adjust=1 rcu_task_cpu_ids=2.
[    0.715373] RCU Tasks Trace: Setting shift to 1 and lim to 1 rcu_task_cb_adjust=1 rcu_task_cpu_ids=2.
[    0.775649] NR_IRQS: 524544, nr_irqs: 440, preallocated irqs: 16
[    0.776630] rcu: srcu_init: Setting srcu_struct sizes based on contention.
[    0.783265] Console: colour VGA+ 80x25
[    0.783606] printk: legacy console [ttyS0] enabled
[    0.783606] printk: legacy console [ttyS0] enabled
[    0.784310] printk: legacy bootconsole [earlyser0] disabled
[    0.784310] printk: legacy bootconsole [earlyser0] disabled
[    0.785174] Lock dependency validator: Copyright (c) 2006 Red Hat, Inc., Ingo Molnar
[    0.785748] ... MAX_LOCKDEP_SUBCLASSES:  8
[    0.786055] ... MAX_LOCK_DEPTH:          48
[    0.786367] ... MAX_LOCKDEP_KEYS:        8192
[    0.786694] ... CLASSHASH_SIZE:          4096
[    0.787017] ... MAX_LOCKDEP_ENTRIES:     524288
[    0.787354] ... MAX_LOCKDEP_CHAINS:      524288
[    0.787693] ... CHAINHASH_SIZE:          262144
[    0.788030]  memory used by lock dependency info: 54145 kB
[    0.788436]  memory used for stack traces: 4224 kB
[    0.788796]  per task-struct memory footprint: 1920 bytes
[    0.789276] ACPI: Core revision 20250807
[    0.789928] clocksource: hpet: mask: 0xffffffff max_cycles: 0xffffffff, max_idle_ns: 19112604467 ns
[    0.790752] APIC: Switch to symmetric I/O mode setup
[    0.791315] x2apic enabled
[    0.791845] APIC: Switched APIC routing to: physical x2apic
[    0.792253] kvm-guest: APIC: send_IPI_mask() replaced with kvm_send_ipi_mask()
[    0.792801] kvm-guest: APIC: send_IPI_mask_allbutself() replaced with kvm_send_ipi_mask_allbutself()
[    0.793475] kvm-guest: setup PV IPIs
[    0.794662] ..TIMER: vector=0x30 apic1=0 pin1=2 apic2=-1 pin2=-1
[    0.795355] clocksource: tsc-early: mask: 0xffffffffffffffff max_cycles: 0x12441513526, max_idle_ns: 440795239872 ns
[    0.796147] Calibrating delay loop (skipped) preset value.. 2534.40 BogoMIPS (lpj=5068800)
[    0.796900] CPU0: Thermal monitoring enabled (TM1)
[    0.797271] x86/cpu: User Mode Instruction Prevention (UMIP) activated
[    0.797862] Last level iTLB entries: 4KB 0, 2MB 0, 4MB 0
[    0.798253] Last level dTLB entries: 4KB 0, 2MB 0, 4MB 0, 1GB 0
[    0.798707] mitigations: Enabled attack vectors: user_kernel, user_user, guest_host, guest_guest, SMT mitigations: auto
[    0.800169] Speculative Store Bypass: Mitigation: Speculative Store Bypass disabled via prctl
[    0.800792] Spectre V2 : Mitigation: Enhanced / Automatic IBRS
[    0.801229] ITS: Mitigation: Aligned branch/return thunks
[    0.801619] Spectre V1 : Mitigation: usercopy/swapgs barriers and __user pointer sanitization
[    0.802238] Spectre V2 : WARNING: Unprivileged eBPF is enabled with eIBRS on, data leaks possible via Spectre v2 BHB attacks!
[    0.803055] Spectre V2 : Spectre v2 / PBRSB-eIBRS: Retire a single CALL on VMEXIT
[    0.804146] Spectre V2 : mitigation: Enabling conditional Indirect Branch Prediction Barrier
[    0.804722] active return thunk: its_return_thunk
[    0.805064] Spectre V2 : Spectre BHI mitigation: SW BHB clearing on syscall and VM exit
[    0.805655] x86/fpu: Supporting XSAVE feature 0x001: 'x87 floating point registers'
[    0.806207] x86/fpu: Supporting XSAVE feature 0x002: 'SSE registers'
[    0.806670] x86/fpu: Supporting XSAVE feature 0x004: 'AVX registers'
[    0.807131] x86/fpu: Supporting XSAVE feature 0x200: 'Protection Keys User registers'
[    0.808136] x86/fpu: xstate_offset[2]:  576, xstate_sizes[2]:  256
[    0.808590] x86/fpu: xstate_offset[9]:  832, xstate_sizes[9]:    8
[    0.809043] x86/fpu: Enabled xstate features 0x207, context size is 840 bytes, using 'compacted' format.
[    0.930854] Freeing SMP alternatives memory: 64K
[    0.931237] pid_max: default: 32768 minimum: 301
[    0.931841] LSM: initializing lsm=capability,yama,ima,evm
[    0.932315] Yama: becoming mindful.
[    0.933296] Mount-cache hash table entries: 4096 (order: 3, 32768 bytes, linear)
[    0.933839] Mountpoint-cache hash table entries: 4096 (order: 3, 32768 bytes, linear)
[    0.936477] Running RCU synchronous self tests
[    0.936816] Running RCU synchronous self tests
[    0.937551] smpboot: CPU0: Genuine Intel(R) 0000 @ (family: 0x6, model: 0xc6, stepping: 0x0)
[    0.939106] Performance Events: unsupported CPU family 6 model 198 no PMU driver, software events only.
[    0.939889] signal: max sigframe size: 3632
[    0.940133] rcu: Hierarchical SRCU implementation.
[    0.940133] rcu: 	Max phase no-delay instances is 1000.
[    0.940133] Timer migration: 1 hierarchy levels; 8 children per group; 1 crossnode level
[    0.950929] NMI watchdog: Perf NMI watchdog permanently disabled
[    0.951644] smp: Bringing up secondary CPUs ...
[    0.952721] smpboot: x86: Booting SMP configuration:
[    0.953096] .... node  #0, CPUs:      #1
[    0.953384] smp: Brought up 1 node, 2 CPUs
[    0.953384] smpboot: Total of 2 processors activated (5068.80 BogoMIPS)
[    0.956605] Memory: 1541060K/2096632K available (79925K kernel code, 15397K rwdata, 18468K rodata, 16244K init, 68388K bss, 544140K reserved, 0K cma-reserved)
[    0.959265] devtmpfs: initialized
[    0.960802] x86/mm: Memory block size: 128MB
[    0.971144] Running RCU synchronous self tests
[    0.972509] Running RCU synchronous self tests
[    0.972949] Running RCU Tasks wait API self tests
[    0.972949] Running RCU Tasks Rude wait API self tests
[    0.972949] Running RCU Tasks Trace wait API self tests
[    0.992205] clocksource: jiffies: mask: 0xffffffff max_cycles: 0xffffffff, max_idle_ns: 7645041785100000 ns
[    0.993076] posixtimers hash table entries: 1024 (order: 5, 73728 bytes, linear)
[    0.993726] futex hash table entries: 512 (65536 bytes on 1 NUMA nodes, total 64 KiB, linear).
[    0.996630] pinctrl core: initialized pinctrl subsystem
[    0.998219] 
[    0.998342] *************************************************************
[    0.998821] **     NOTICE NOTICE NOTICE NOTICE NOTICE NOTICE NOTICE    **
[    0.999300] **                                                         **
[    0.999776] **  IOMMU DebugFS SUPPORT HAS BEEN ENABLED IN THIS KERNEL  **
[    1.000140] **                                                         **
[    1.000621] ** This means that this kernel is built to expose internal **
[    1.001109] ** IOMMU data structures, which may compromise security on **
[    1.001587] ** your system.                                            **
[    1.002077] **                                                         **
[    1.002558] ** If you see this message and you are not debugging the   **
[    1.003038] ** kernel, report this immediately to your vendor!         **
[    1.003515] **                                                         **
[    1.003995] **     NOTICE NOTICE NOTICE NOTICE NOTICE NOTICE NOTICE    **
[    1.004137] *************************************************************
[    1.004695] PM: RTC time: 16:42:33, date: 2025-12-04
[    1.011184] NET: Registered PF_NETLINK/PF_ROUTE protocol family
[    1.012945] DMA: preallocated 256 KiB GFP_KERNEL pool for atomic allocations
[    1.013467] DMA: preallocated 256 KiB GFP_KERNEL|GFP_DMA pool for atomic allocations
[    1.014033] DMA: preallocated 256 KiB GFP_KERNEL|GFP_DMA32 pool for atomic allocations
[    1.014680] audit: initializing netlink subsys (disabled)
[    1.015123] audit: type=2000 audit(1764866554.927:1): state=initialized audit_enabled=0 res=1
[    1.028205] Callback from call_rcu_tasks_trace() invoked.
[    1.032262] thermal_sys: Registered thermal governor 'fair_share'
[    1.032275] thermal_sys: Registered thermal governor 'bang_bang'
[    1.032756] thermal_sys: Registered thermal governor 'step_wise'
[    1.033186] thermal_sys: Registered thermal governor 'user_space'
[    1.033723] cpuidle: using governor ladder
[    1.033723] cpuidle: using governor menu
[    1.033723] acpiphp: ACPI Hot Plug PCI Controller Driver version: 0.5
[    1.036945] PCI: Using configuration type 1 for base access
[    1.037619] kprobes: kprobe jump-optimization is enabled. All kprobes are optimized if possible.
[    1.124388] HugeTLB: registered 1.00 GiB page size, pre-allocated 0 pages
[    1.124908] HugeTLB: 16380 KiB vmemmap can be freed for a 1.00 GiB page
[    1.125375] HugeTLB: registered 2.00 MiB page size, pre-allocated 0 pages
[    1.125853] HugeTLB: 28 KiB vmemmap can be freed for a 2.00 MiB page
[    1.158177] ACPI: Added _OSI(Module Device)
[    1.158524] ACPI: Added _OSI(Processor Device)
[    1.158844] ACPI: Added _OSI(Processor Aggregator Device)
[    1.172048] ACPI: 1 ACPI AML tables successfully acquired and loaded
[    1.186469] ACPI: Interpreter enabled
[    1.188144] ACPI: PM: (supports S0 S3 S4 S5)
[    1.188463] ACPI: Using IOAPIC for interrupt routing
[    1.188927] PCI: Using host bridge windows from ACPI; if necessary, use "pci=nocrs" and report a bug
[    1.189589] PCI: Using E820 reservations for host bridge windows
[    1.191061] ACPI: Enabled 2 GPEs in block 00 to 0F
[    1.230754] ACPI: PCI Root Bridge [PCI0] (domain 0000 [bus 00-ff])
[    1.231266] acpi PNP0A03:00: _OSC: OS supports [ASPM ClockPM Segments MSI EDR HPX-Type3]
[    1.231858] acpi PNP0A03:00: _OSC: not requesting OS control; OS requires [ExtendedConfig ASPM ClockPM MSI]
[    1.232280] acpi PNP0A03:00: fail to add MMCONFIG information, can't access extended configuration space under this bridge
[    1.237024] acpiphp: Slot [3] registered
[    1.237439] acpiphp: Slot [4] registered
[    1.237845] acpiphp: Slot [5] registered
[    1.238284] acpiphp: Slot [6] registered
[    1.238693] acpiphp: Slot [7] registered
[    1.239095] acpiphp: Slot [8] registered
[    1.239494] acpiphp: Slot [9] registered
[    1.240182] acpiphp: Slot [10] registered
[    1.240641] acpiphp: Slot [11] registered
[    1.241056] acpiphp: Slot [12] registered
[    1.241491] acpiphp: Slot [13] registered
[    1.241918] acpiphp: Slot [14] registered
[    1.242331] acpiphp: Slot [15] registered
[    1.242731] acpiphp: Slot [16] registered
[    1.243159] acpiphp: Slot [17] registered
[    1.243597] acpiphp: Slot [18] registered
[    1.244002] acpiphp: Slot [19] registered
[    1.244254] acpiphp: Slot [20] registered
[    1.244665] acpiphp: Slot [21] registered
[    1.245103] acpiphp: Slot [22] registered
[    1.245510] acpiphp: Slot [23] registered
[    1.245913] acpiphp: Slot [24] registered
[    1.246342] acpiphp: Slot [25] registered
[    1.246764] acpiphp: Slot [26] registered
[    1.247166] acpiphp: Slot [27] registered
[    1.247580] acpiphp: Slot [28] registered
[    1.247984] acpiphp: Slot [29] registered
[    1.248276] acpiphp: Slot [30] registered
[    1.248684] acpiphp: Slot [31] registered
[    1.249064] PCI host bridge to bus 0000:00
[    1.249422] pci_bus 0000:00: root bus resource [io  0x0000-0x0cf7 window]
[    1.249930] pci_bus 0000:00: root bus resource [io  0x0d00-0xffff window]
[    1.250429] pci_bus 0000:00: root bus resource [mem 0x000a0000-0x000bffff window]
[    1.250985] pci_bus 0000:00: root bus resource [mem 0x80000000-0xfebfffff window]
[    1.251533] pci_bus 0000:00: root bus resource [mem 0x100000000-0x17fffffff window]
[    1.252108] pci_bus 0000:00: root bus resource [bus 00-ff]
[    1.252266] pci 0000:00:00.0: [8086:1237] type 00 class 0x060000 conventional PCI endpoint
[    1.260694] pci 0000:00:01.0: [8086:7000] type 00 class 0x060100 conventional PCI endpoint
[    1.262530] pci 0000:00:01.1: [8086:7010] type 00 class 0x010180 conventional PCI endpoint
[    1.263646] pci 0000:00:01.1: BAR 4 [io  0xc040-0xc04f]
[    1.264053] pci 0000:00:01.1: BAR 0 [io  0x01f0-0x01f7]: legacy IDE quirk
[    1.264145] pci 0000:00:01.1: BAR 1 [io  0x03f6]: legacy IDE quirk
[    1.264598] pci 0000:00:01.1: BAR 2 [io  0x0170-0x0177]: legacy IDE quirk
[    1.265094] pci 0000:00:01.1: BAR 3 [io  0x0376]: legacy IDE quirk
[    1.266005] pci 0000:00:01.3: [8086:7113] type 00 class 0x068000 conventional PCI endpoint
[    1.266861] pci 0000:00:01.3: quirk: [io  0x0600-0x063f] claimed by PIIX4 ACPI
[    1.267398] pci 0000:00:01.3: quirk: [io  0x0700-0x070f] claimed by PIIX4 SMB
[    1.268405] pci 0000:00:02.0: [1234:1111] type 00 class 0x030000 conventional PCI endpoint
[    1.288774] pci 0000:00:02.0: BAR 0 [mem 0xfd000000-0xfdffffff pref]
[    1.289393] pci 0000:00:02.0: BAR 2 [mem 0xfebf0000-0xfebf0fff]
[    1.289859] pci 0000:00:02.0: ROM [mem 0xfebe0000-0xfebeffff pref]
[    1.290724] pci 0000:00:02.0: Video device with shadowed ROM at [mem 0x000c0000-0x000dffff]
[    1.300888] pci 0000:00:03.0: [8086:100e] type 00 class 0x020000 conventional PCI endpoint
[    1.302389] pci 0000:00:03.0: BAR 0 [mem 0xfebc0000-0xfebdffff]
[    1.302838] pci 0000:00:03.0: BAR 1 [io  0xc000-0xc03f]
[    1.303256] pci 0000:00:03.0: ROM [mem 0xfeb80000-0xfebbffff pref]
[    1.322770] ACPI: PCI: Interrupt link LNKA configured for IRQ 10
[    1.324572] ACPI: PCI: Interrupt link LNKB configured for IRQ 10
[    1.325866] ACPI: PCI: Interrupt link LNKC configured for IRQ 11
[    1.327126] ACPI: PCI: Interrupt link LNKD configured for IRQ 11
[    1.327923] ACPI: PCI: Interrupt link LNKS configured for IRQ 9
[    1.332198] iommu: Default domain type: Translated
[    1.332620] iommu: DMA domain TLB invalidation policy: lazy mode
[    1.339506] SCSI subsystem initialized
[    1.340506] ACPI: bus type USB registered
[    1.341136] usbcore: registered new interface driver usbfs
[    1.341672] usbcore: registered new interface driver hub
[    1.342160] usbcore: registered new device driver usb
[    1.343032] pps_core: LinuxPPS API ver. 1 registered
[    1.343409] pps_core: Software ver. 5.3.6 - Copyright 2005-2007 Rodolfo Giometti <giometti@linux.it>
[    1.344119] PTP clock support registered
[    1.344724] EDAC MC: Ver: 3.0.0
[    1.349334] NetLabel: Initializing
[    1.349642] NetLabel:  domain hash size = 128
[    1.349971] NetLabel:  protocols = UNLABELED CIPSOv4 CALIPSO
[    1.350627] NetLabel:  unlabeled traffic allowed by default
[    1.351908] PCI: Using ACPI for IRQ routing
[    1.352639] pci 0000:00:02.0: vgaarb: setting as boot VGA device
[    1.353118] pci 0000:00:02.0: vgaarb: bridge control possible
[    1.353548] pci 0000:00:02.0: vgaarb: VGA device added: decodes=io+mem,owns=io+mem,locks=none
[    1.354185] vgaarb: loaded
[    1.355513] hpet0: at MMIO 0xfed00000, IRQs 2, 8, 0
[    1.355895] hpet0: 3 comparators, 64-bit 100.000000 MHz counter
[    1.360962] clocksource: Switched to clocksource kvm-clock
[    3.306082] VFS: Disk quotas dquot_6.6.0
[    3.306515] VFS: Dquot-cache hash table entries: 512 (order 0, 4096 bytes)
[    3.308733] pnp: PnP ACPI init
[    3.312996] pnp: PnP ACPI: found 6 devices
[    3.333831] clocksource: acpi_pm: mask: 0xffffff max_cycles: 0xffffff, max_idle_ns: 2085701024 ns
[    3.335172] NET: Registered PF_INET protocol family
[    3.335950] IP idents hash table entries: 32768 (order: 6, 262144 bytes, linear)
[    3.338302] tcp_listen_portaddr_hash hash table entries: 1024 (order: 5, 73728 bytes, linear)
[    3.339064] Table-perturb hash table entries: 65536 (order: 6, 262144 bytes, linear)
[    3.339713] TCP established hash table entries: 16384 (order: 5, 131072 bytes, linear)
[    3.340922] TCP bind hash table entries: 16384 (order: 10, 2359296 bytes, linear)
[    3.344732] TCP: Hash tables configured (established 16384 bind 16384)
[    3.345661] UDP hash table entries: 1024 (order: 6, 262144 bytes, linear)
[    3.346406] UDP-Lite hash table entries: 1024 (order: 6, 262144 bytes, linear)
[    3.347546] NET: Registered PF_UNIX/PF_LOCAL protocol family
[    3.349542] RPC: Registered named UNIX socket transport module.
[    3.350029] RPC: Registered udp transport module.
[    3.350393] RPC: Registered tcp transport module.
[    3.350758] RPC: Registered tcp-with-tls transport module.
[    3.351202] RPC: Registered tcp NFSv4.1 backchannel transport module.
[    3.351740] pci_bus 0000:00: resource 4 [io  0x0000-0x0cf7 window]
[    3.352225] pci_bus 0000:00: resource 5 [io  0x0d00-0xffff window]
[    3.352702] pci_bus 0000:00: resource 6 [mem 0x000a0000-0x000bffff window]
[    3.353229] pci_bus 0000:00: resource 7 [mem 0x80000000-0xfebfffff window]
[    3.353758] pci_bus 0000:00: resource 8 [mem 0x100000000-0x17fffffff window]
[    3.354633] pci 0000:00:01.0: PIIX3: Enabling Passive Release
[    3.355111] pci 0000:00:00.0: Limiting direct PCI/PCI transfers
[    3.355652] PCI: CLS 0 bytes, default 64
[    3.356146] ACPI: bus type thunderbolt registered
[    3.357073] clocksource: tsc: mask: 0xffffffffffffffff max_cycles: 0x12441513526, max_idle_ns: 440795239872 ns
[    3.366080] Initialise system trusted keyrings
[    3.366636] Key type blacklist registered
[    3.367747] workingset: timestamp_bits=36 max_order=19 bucket_order=0
[    3.372051] squashfs: version 4.0 (2009/01/31) Phillip Lougher
[    3.374947] NFS: Registering the id_resolver key type
[    3.375413] Key type id_resolver registered
[    3.375744] Key type id_legacy registered
[    3.376123] nfs4filelayout_init: NFSv4 File Layout Driver Registering...
[    3.376683] nfs4flexfilelayout_init: NFSv4 Flexfile Layout Driver Registering...
[    3.377832] fuse: init (API version 7.45)
[    3.378842] SGI XFS with ACLs, security attributes, realtime, quota, no debug enabled
[    3.381852] 9p: Installing v9fs 9p2000 file system support
[    3.393135] Key type asymmetric registered
[    3.393489] Asymmetric key parser 'x509' registered
[    3.394133] Block layer SCSI generic (bsg) driver version 0.4 loaded (major 241)
[    3.395365] io scheduler mq-deadline registered
[    3.395931] io scheduler bfq registered
[    3.397495] ledtrig-cpu: registered to indicate activity on CPUs
[    3.399803] IPMI message handler: version 39.2
[    3.400252] ipmi device interface
[    3.403696] input: Power Button as /devices/LNXSYSTM:00/LNXPWRBN:00/input/input0
[    3.406228] ACPI: button: Power Button [PWRF]
[    3.409400] ERST DBG: ERST support is disabled.
[    3.412210] Serial: 8250/16550 driver, 32 ports, IRQ sharing enabled
[    3.413979] 00:04: ttyS0 at I/O 0x3f8 (irq = 4, base_baud = 115200) is a 16550A
[    3.443189] Callback from call_rcu_tasks() invoked.
[    3.450237] Linux agpgart interface v0.103
[    3.454278] ACPI: bus type drm_connector registered
[    3.482771] brd: module loaded
[    3.499456] loop: module loaded
[    3.512649] scsi host0: ata_piix
[    3.514712] scsi host1: ata_piix
[    3.515443] ata1: PATA max MWDMA2 cmd 0x1f0 ctl 0x3f6 bmdma 0xc040 irq 14 lpm-pol 0
[    3.516035] ata2: PATA max MWDMA2 cmd 0x170 ctl 0x376 bmdma 0xc048 irq 15 lpm-pol 0
[    3.520085] tun: Universal TUN/TAP device driver, 1.6
[    3.521299] e100: Intel(R) PRO/100 Network Driver
[    3.521666] e100: Copyright(c) 1999-2006 Intel Corporation
[    3.522211] e1000: Intel(R) PRO/1000 Network Driver
[    3.522581] e1000: Copyright (c) 1999-2006 Intel Corporation.
[    3.671402] ata1: found unknown device (class 0)
[    3.672154] ata2: found unknown device (class 0)
[    3.673000] ata2.00: ATAPI: QEMU DVD-ROM, 2.5+, max UDMA/100
[    3.673784] ata1.00: ATA-7: QEMU HARDDISK, 2.5+, max UDMA/100
[    3.674201] ata1.00: 17196647 sectors, multi 16: LBA48 
[    3.676148] scsi 0:0:0:0: Direct-Access     ATA      QEMU HARDDISK    2.5+ PQ: 0 ANSI: 5
[    3.678801] sd 0:0:0:0: Attached scsi generic sg0 type 0
[    3.680122] scsi 1:0:0:0: CD-ROM            QEMU     QEMU DVD-ROM     2.5+ PQ: 0 ANSI: 5
[    3.680850] sd 0:0:0:0: [sda] 17196647 512-byte logical blocks: (8.80 GB/8.20 GiB)
[    3.681487] sd 0:0:0:0: [sda] Write Protect is off
[    3.682047] sd 0:0:0:0: [sda] Write cache: enabled, read cache: enabled, doesn't support DPO or FUA
[    3.682942] sd 0:0:0:0: [sda] Preferred minimum I/O size 512 bytes
[    3.701151] scsi 1:0:0:0: Attached scsi generic sg1 type 5
[    3.704770] sd 0:0:0:0: [sda] Attached SCSI disk
[    4.167773] ACPI: \_SB_.LNKC: Enabled at IRQ 11
[    4.478541] e1000 0000:00:03.0 eth0: (PCI:33MHz:32-bit) 52:54:00:12:34:56
[    4.479113] e1000 0000:00:03.0 eth0: Intel(R) PRO/1000 Network Connection
[    4.479807] e1000e: Intel(R) PRO/1000 Network Driver
[    4.480171] e1000e: Copyright(c) 1999 - 2015 Intel Corporation.
[    4.480720] igb: Intel(R) Gigabit Ethernet Network Driver
[    4.481108] igb: Copyright (c) 2007-2014 Intel Corporation.
[    4.481874] PPP generic driver version 2.4.2
[    4.484026] VFIO - User Level meta-driver version: 0.3
[    4.486940] usbcore: registered new interface driver uas
[    4.487555] usbcore: registered new interface driver usb-storage
[    4.488297] i8042: PNP: PS/2 Controller [PNP0303:KBD,PNP0f13:MOU] at 0x60,0x64 irq 1,12
[    4.489914] serio: i8042 KBD port at 0x60,0x64 irq 1
[    4.490331] serio: i8042 AUX port at 0x60,0x64 irq 12
[    4.492521] mousedev: PS/2 mouse device common for all mice
[    4.495614] rtc_cmos 00:05: RTC can wake from S4
[    4.496998] input: AT Translated Set 2 keyboard as /devices/platform/i8042/serio0/input/input1
[    4.497762] rtc_cmos 00:05: registered as rtc0
[    4.498781] rtc_cmos 00:05: setting system clock to 2025-12-04T16:42:37 UTC (1764866557)
[    4.499772] rtc_cmos 00:05: alarms up to one day, y3k, 242 bytes nvram, hpet irqs
[    4.500553] i2c_dev: i2c /dev entries driver
[    4.500715] input: VirtualPS/2 VMware VMMouse as /devices/platform/i8042/serio1/input/input4
[    4.502443] device-mapper: core: CONFIG_IMA_DISABLE_HTABLE is disabled. Duplicate IMA measurements will not be recorded in the IMA log.
[    4.503514] device-mapper: uevent: version 1.0.3
[    4.503998] input: VirtualPS/2 VMware VMMouse as /devices/platform/i8042/serio1/input/input3
[    4.504254] device-mapper: ioctl: 4.50.0-ioctl (2025-04-28) initialised: dm-devel@lists.linux.dev
[    4.505266] intel_pstate: CPU model not supported
[    4.505881] sdhci: Secure Digital Host Controller Interface driver
[    4.506345] sdhci: Copyright(c) Pierre Ossman
[    4.506884] sdhci-pltfm: SDHCI platform and OF driver helper
[    4.507883] drop_monitor: Initializing network drop monitor service
[    4.508651] NET: Registered PF_INET6 protocol family
[    4.511629] Segment Routing with IPv6
[    4.511954] In-situ OAM (IOAM) with IPv6
[    4.512670] NET: Registered PF_PACKET protocol family
[    4.513731] 9pnet: Installing 9P2000 support
[    4.514264] Key type dns_resolver registered
[    4.517089] IPI shorthand broadcast: enabled
[    4.569493] sched_clock: Marking stable (4552006265, 15005321)->(4575770830, -8759244)
[    4.571196] registered taskstats version 1
[    4.572563] Loading compiled-in X.509 certificates
[    4.640798] Demotion targets for Node 0: null
[    4.643220] Key type .fscrypt registered
[    4.643940] Key type fscrypt-provisioning registered
[    4.649311] Key type encrypted registered
[    4.649684] ima: No TPM chip found, activating TPM-bypass!
[    4.650112] ima: Allocated hash algorithm: sha1
[    4.650533] ima: No architecture policies found
[    4.651024] evm: Initialising EVM extended attributes:
[    4.651402] evm: security.selinux
[    4.651648] evm: security.SMACK64
[    4.651896] evm: security.SMACK64EXEC
[    4.652166] evm: security.SMACK64TRANSMUTE
[    4.652466] evm: security.SMACK64MMAP
[    4.652737] evm: security.apparmor
[    4.652994] evm: security.ima
[    4.653215] evm: security.capability
[    4.653479] evm: HMAC attrs: 0x1
[    4.656179] PM:   Magic number: 5:718:741
[    4.656639] workqueue writeback: hash matches
[    4.657980] RAS: Correctable Errors collector initialized.
[    4.659260] clk: Disabling unused clocks
[    4.659600] PM: genpd: Disabling unused power domains
[    4.660657] check access for rdinit=/init failed: -2, ignoring
[    4.660986] md: Waiting for all devices to be available before autodetect
[    4.661309] md: If you don't use raid, use raid=noautodetect
[    4.661578] md: Autodetecting RAID arrays.
[    4.661795] md: autorun ...
[    4.661945] md: ... autorun DONE.
[    4.676495] EXT4-fs (sda): mounted filesystem 088740a9-c8b4-422c-999d-a804eb68a4da ro with ordered data mode. Quota mode: none.
[    4.677232] VFS: Mounted root (ext4 filesystem) readonly on device 8:0.
[    4.680881] devtmpfs: mounted
[    4.699973] Freeing unused decrypted memory: 2036K
[    4.713232] Freeing unused kernel image (initmem) memory: 16244K
[    4.713756] Write protecting the kernel read-only data: 102400k
[    4.717874] Freeing unused kernel image (text/rodata gap) memory: 1992K
[    4.720594] Freeing unused kernel image (rodata/data gap) memory: 2012K
[    4.781483] x86/mm: Checked W+X mappings: passed, no W+X pages found.
[    4.781848] Run /sbin/init as init process
[    5.011404] systemd[1]: systemd 252-15.el9 running in system mode (+PAM +AUDIT +SELINUX -APPARMOR +IMA +SMACK +SECCOMP +GCRYPT +GNUTLS +OPENSSL +ACL +BLKID +CURL +ELFUTILS -FIDO2 +IDN2 -IDN -IPTC +KMOD +LIBCRYPTSETUP +LIBFDISK +PCRE2 -PWQUALITY +P11KIT -QRENCODE +TPM2 +BZIP2 +LZ4 +XZ +ZLIB +ZSTD -BPF_FRAMEWORK +XKBCOMMON +UTMP +SYSVINIT default-hierarchy=unified)
[    5.012932] systemd[1]: Detected virtualization kvm.
[    5.013187] systemd[1]: Detected architecture x86-64.

Welcome to [0;31mCentOS Stream 9[0m!

[    5.020499] systemd[1]: Hostname set to <test>.
[    5.258963] systemd-rc-local-generator[119]: /etc/rc.d/rc.local is not marked executable, skipping.
[    5.623504] systemd[1]: Queued start job for default target Multi-User System.
[    5.645707] systemd[1]: Created slice Virtual Machine and Container Slice.
[[0;32m  OK  [0m] Created slice [0;1;39mVirtual Machine and Container Slice[0m.
[    5.649951] systemd[1]: Created slice Slice /system/getty.
[[0;32m  OK  [0m] Created slice [0;1;39mSlice /system/getty[0m.
[    5.652165] systemd[1]: Created slice Slice /system/modprobe.
[[0;32m  OK  [0m] Created slice [0;1;39mSlice /system/modprobe[0m.
[    5.654523] systemd[1]: Created slice Slice /system/serial-getty.
[[0;32m  OK  [0m] Created slice [0;1;39mSlice /system/serial-getty[0m.
[    5.656842] systemd[1]: Created slice Slice /system/sshd-keygen.
[[0;32m  OK  [0m] Created slice [0;1;39mSlice /system/sshd-keygen[0m.
[    5.659331] systemd[1]: Created slice User and Session Slice.
[[0;32m  OK  [0m] Created slice [0;1;39mUser and Session Slice[0m.
[    5.660411] systemd[1]: Started Forward Password Requests to Wall Directory Watch.
[[0;32m  OK  [0m] Started [0;1;39mForward Password RÔÇªuests to Wall Directory Watch[0m.
[    5.662123] systemd[1]: Set up automount Arbitrary Executable File Formats File System Automount Point.
[[0;32m  OK  [0m] Set up automount [0;1;39mArbitraryÔÇªs File System Automount Point[0m.
[    5.663263] systemd[1]: Reached target Local Integrity Protected Volumes.
[[0;32m  OK  [0m] Reached target [0;1;39mLocal Integrity Protected Volumes[0m.
[    5.664150] systemd[1]: Reached target Slice Units.
[[0;32m  OK  [0m] Reached target [0;1;39mSlice Units[0m.
[    5.664820] systemd[1]: Reached target Swaps.
[[0;32m  OK  [0m] Reached target [0;1;39mSwaps[0m.
[    5.665442] systemd[1]: Reached target Local Verity Protected Volumes.
[[0;32m  OK  [0m] Reached target [0;1;39mLocal Verity Protected Volumes[0m.
[    5.666561] systemd[1]: Listening on Device-mapper event daemon FIFOs.
[[0;32m  OK  [0m] Listening on [0;1;39mDevice-mapper event daemon FIFOs[0m.
[    5.667955] systemd[1]: Listening on LVM2 poll daemon socket.
[[0;32m  OK  [0m] Listening on [0;1;39mLVM2 poll daemon socket[0m.
[    5.668916] systemd[1]: multipathd control socket was skipped because of an unmet condition check (ConditionPathExists=/etc/multipath.conf).
[    5.700279] systemd[1]: Listening on RPCbind Server Activation Socket.
[[0;32m  OK  [0m] Listening on [0;1;39mRPCbind Server Activation Socket[0m.
[    5.701384] systemd[1]: Reached target RPC Port Mapper.
[[0;32m  OK  [0m] Reached target [0;1;39mRPC Port Mapper[0m.
[    5.704694] systemd[1]: Listening on Process Core Dump Socket.
[[0;32m  OK  [0m] Listening on [0;1;39mProcess Core Dump Socket[0m.
[    5.705882] systemd[1]: Listening on initctl Compatibility Named Pipe.
[[0;32m  OK  [0m] Listening on [0;1;39minitctl Compatibility Named Pipe[0m.
[    5.707317] systemd[1]: Listening on Journal Socket (/dev/log).
[[0;32m  OK  [0m] Listening on [0;1;39mJournal Socket (/dev/log)[0m.
[    5.708595] systemd[1]: Listening on Journal Socket.
[[0;32m  OK  [0m] Listening on [0;1;39mJournal Socket[0m.
[    5.709881] systemd[1]: Listening on udev Control Socket.
[[0;32m  OK  [0m] Listening on [0;1;39mudev Control Socket[0m.
[    5.710930] systemd[1]: Listening on udev Kernel Socket.
[[0;32m  OK  [0m] Listening on [0;1;39mudev Kernel Socket[0m.
[    5.748112] systemd[1]: Mounting Huge Pages File System...
         Mounting [0;1;39mHuge Pages File System[0m...
[    5.754341] systemd[1]: Mounting POSIX Message Queue File System...
         Mounting [0;1;39mPOSIX Message Queue File System[0m...
[    5.762203] systemd[1]: Mounting Kernel Debug File System...
         Mounting [0;1;39mKernel Debug File System[0m...
[    5.767968] systemd[1]: Mounting Kernel Trace File System...
         Mounting [0;1;39mKernel Trace File System[0m...
[    5.771301] systemd[1]: Kernel Module supporting RPCSEC_GSS was skipped because of an unmet condition check (ConditionPathExists=/etc/krb5.keytab).
[    5.772083] systemd[1]: Create List of Static Device Nodes was skipped because of an unmet condition check (ConditionFileNotEmpty=/lib/modules/6.18.0-1885cdbfbb51+/modules.devname).
[    5.778471] systemd[1]: Starting Monitoring of LVM2 mirrors, snapshots etc. using dmeventd or progress polling...
         Starting [0;1;39mMonitoring of LVMÔÇªmeventd or progress polling[0m...
[    5.786789] systemd[1]: Starting Load Kernel Module configfs...
         Starting [0;1;39mLoad Kernel Module configfs[0m...
[    5.795343] systemd[1]: Starting Load Kernel Module drm...
         Starting [0;1;39mLoad Kernel Module drm[0m...
[    5.819797] systemd[1]: Starting Load Kernel Module fuse...
         Starting [0;1;39mLoad Kernel Module fuse[0m...
[    5.832311] systemd[1]: Starting Read and set NIS domainname from /etc/sysconfig/network...
         Starting [0;1;39mRead and set NIS ÔÇªfrom /etc/sysconfig/network[0m...
[    5.843539] systemd[1]: Starting Journal Service...
         Starting [0;1;39mJournal Service[0m...
[    5.867703] systemd[1]: Starting Load Kernel Modules...
         Starting [0;1;39mLoad Kernel Modules[0m...
[    5.873504] systemd[1]: Starting Generate network units from Kernel command line...
         Starting [0;1;39mGenerate network ÔÇªts from Kernel command line[0m...
[    5.888325] systemd[1]: Starting Remount Root and Kernel File Systems...
         Starting [0;1;39mRemount Root and Kernel File Systems[0m...
[    5.889662] systemd[1]: Repartition Root Disk was skipped because no trigger condition checks were met.
[    5.919481] systemd[1]: Starting Coldplug All udev Devices...
         Starting [0;1;39mColdplug All udev Devices[0m...
[    5.936736] systemd[1]: Mounted Huge Pages File System.
[[0;32m  OK  [0m] Mounted [0;1;39mHuge Pages File System[0m.
[    5.938589] systemd[1]: Mounted POSIX Message Queue File System.
[[0;32m  OK  [0m] Mounted [0;1;39mPOSIX Message Queue File System[0m.
[    5.939929] systemd[1]: Mounted Kernel Debug File System.
[[0;32m  OK  [0m] Mounted [0;1;39mKernel Debug File System[0m.
[    5.941103] systemd[1]: Mounted Kernel Trace File System.
[[0;32m  OK  [0m] Mounted [0;1;39mKernel Trace File System[0m.
[    5.943437] systemd[1]: Finished Monitoring of LVM2 mirrors, snapshots etc. using dmeventd or progress polling.
[[0;32m  OK  [0m] Finished [0;1;39mMonitoring of LVMÔÇª dmeventd or progress polling[0m.
[    5.946427] systemd[1]: modprobe@configfs.service: Deactivated successfully.
[    5.947928] systemd[1]: Finished Load Kernel Module configfs.
[[0;32m  OK  [0m] Finished [0;1;39mLoad Kernel Module configfs[0m.
[    5.950395] EXT4-fs (sda): re-mounted 088740a9-c8b4-422c-999d-a804eb68a4da r/w.
[    5.952797] systemd[1]: modprobe@drm.service: Deactivated successfully.
[    5.954138] systemd[1]: Finished Load Kernel Module drm.
[[0;32m  OK  [0m] Finished [0;1;39mLoad Kernel Module drm[0m.
[    5.981302] systemd[1]: modprobe@fuse.service: Deactivated successfully.
[    5.982572] systemd[1]: Finished Load Kernel Module fuse.
[[0;32m  OK  [0m] Finished [0;1;39mLoad Kernel Module fuse[0m.
[    5.984681] systemd[1]: Finished Read and set NIS domainname from /etc/sysconfig/network.
[[0;32m  OK  [0m] Finished [0;1;39mRead and set NIS ÔÇªe from /etc/sysconfig/network[0m.
[    5.986243] systemd[1]: systemd-modules-load.service: Main process exited, code=exited, status=1/FAILURE
[    5.987696] systemd[1]: systemd-modules-load.service: Failed with result 'exit-code'.
[    5.988908] systemd[1]: Failed to start Load Kernel Modules.
[[0;1;31mFAILED[0m] Failed to start [0;1;39mLoad Kernel Modules[0m.
See 'systemctl status systemd-modules-load.service' for details.
[    5.992031] systemd[1]: Finished Generate network units from Kernel command line.
[[0;32m  OK  [0m] Finished [0;1;39mGenerate network units from Kernel command line[0m.
[    5.993913] systemd[1]: Reached target Preparation for Network.
[[0;32m  OK  [0m] Reached target [0;1;39mPreparation for Network[0m.
[    6.011302] systemd[1]: Mounting FUSE Control File System...
         Mounting [0;1;39mFUSE Control File System[0m...
[    6.017795] systemd[1]: Mounting Kernel Configuration File System...
         Mounting [0;1;39mKernel Configuration File System[0m...
[    6.050376] systemd[1]: Starting Apply Kernel Variables...
         Starting [0;1;39mApply Kernel Variables[0m...
[    6.062104] systemd[1]: Started Journal Service.
[[0;32m  OK  [0m] Started [0;1;39mJournal Service[0m.
[[0;32m  OK  [0m] Finished [0;1;39mRemount Root and Kernel File Systems[0m.
[[0;32m  OK  [0m] Mounted [0;1;39mFUSE Control File System[0m.
[[0;32m  OK  [0m] Mounted [0;1;39mKernel Configuration File System[0m.
         Starting [0;1;39mFlush Journal to Persistent Storage[0m...
         Starting [0;1;39mLoad/Save Random Seed[0m...
         Starting [0;1;39mCreate Static Device Nodes in /dev[0m...
[    6.152825] systemd-journald[141]: Received client request to flush runtime journal.
         Starting [0;1;39mSetup Virtual Console[0m...
[[0;32m  OK  [0m] Finished [0;1;39mApply Kernel Variables[0m.
[[0;32m  OK  [0m] Finished [0;1;39mFlush Journal to Persistent Storage[0m.
[[0;32m  OK  [0m] Finished [0;1;39mLoad/Save Random Seed[0m.
[[0;32m  OK  [0m] Finished [0;1;39mCreate Static Device Nodes in /dev[0m.
         Starting [0;1;39mRule-based ManageÔÇªfor Device Events and Files[0m...
[[0;32m  OK  [0m] Started [0;1;39mRule-based Manager for Device Events and Files[0m.
         Starting [0;1;39mAuto-connect to sÔÇªE devices found during boot[0m...
[[0;32m  OK  [0m] Finished [0;1;39mAuto-connect to sÔÇªVME devices found during boot[0m.
[[0;32m  OK  [0m] Finished [0;1;39mColdplug All udev Devices[0m.
         Starting [0;1;39mWait for udev To ÔÇªplete Device Initialization[0m...
[[0;32m  OK  [0m] Finished [0;1;39mSetup Virtual Console[0m.
[[0;32m  OK  [0m] Started [0;1;39mDispatch Password ÔÇªts to Console Directory Watch[0m.
[[0;32m  OK  [0m] Reached target [0;1;39mLocal Encrypted Volumes[0m.
[[0;32m  OK  [0m] Reached target [0;1;39mPath Units[0m.
[[0;32m  OK  [0m] Found device [0;1;39m/dev/ttyS0[0m.
[[0;32m  OK  [0m] Listening on [0;1;39mLoad/Save RF ÔÇªitch Status /dev/rfkill Watch[0m.
[[0;32m  OK  [0m] Finished [0;1;39mWait for udev To Complete Device Initialization[0m.
[[0;32m  OK  [0m] Reached target [0;1;39mPreparation for Local File Systems[0m.
[[0;32m  OK  [0m] Reached target [0;1;39mLocal File Systems[0m.
         Starting [0;1;39mTell Plymouth To Write Out Runtime Data[0m...
         Starting [0;1;39mAutomatic Boot Loader Update[0m...
         Starting [0;1;39mCreate Volatile Files and Directories[0m...
[[0;32m  OK  [0m] Finished [0;1;39mTell Plymouth To Write Out Runtime Data[0m.
[[0;32m  OK  [0m] Finished [0;1;39mAutomatic Boot Loader Update[0m.
[[0;32m  OK  [0m] Finished [0;1;39mCreate Volatile Files and Directories[0m.
         Mounting [0;1;39mRPC Pipe File System[0m...
         Starting [0;1;39mSecurity Auditing Service[0m...
         Starting [0;1;39mRPC Bind[0m...
[[0;32m  OK  [0m] Mounted [0;1;39mRPC Pipe File System[0m.
[[0;32m  OK  [0m] Reached target [0;1;39mrpc_pipefs.target[0m.
[[0;32m  OK  [0m] Started [0;1;39mRPC Bind[0m.
[[0;32m  OK  [0m] Started [0;1;39mSecurity Auditing Service[0m.
         Starting [0;1;39mRecord System Boot/Shutdown in UTMP[0m...
[[0;32m  OK  [0m] Finished [0;1;39mRecord System Boot/Shutdown in UTMP[0m.
[[0;32m  OK  [0m] Reached target [0;1;39mSystem Initialization[0m.
[[0;32m  OK  [0m] Started [0;1;39mDaily rotation of log files[0m.
[[0;32m  OK  [0m] Started [0;1;39mUpdates mlocate database every day[0m.
[[0;32m  OK  [0m] Started [0;1;39mDaily Cleanup of Temporary Directories[0m.
[[0;32m  OK  [0m] Started [0;1;39mdaily update of the root trust anchor for DNSSEC[0m.
[[0;32m  OK  [0m] Reached target [0;1;39mTimer Units[0m.
[[0;32m  OK  [0m] Listening on [0;1;39mD-Bus System Message Bus Socket[0m.
[[0;32m  OK  [0m] Listening on [0;1;39mOpen-iSCSI iscsid Socket[0m.
[[0;32m  OK  [0m] Listening on [0;1;39mOpen-iSCSI iscsiuio Socket[0m.
[[0;32m  OK  [0m] Listening on [0;1;39mSSSD KerberosÔÇªache Manager responder socket[0m.
[[0;32m  OK  [0m] Listening on [0;1;39mLibvirt interface local socket[0m.
[[0;32m  OK  [0m] Listening on [0;1;39mVirtual machine lock manager socket[0m.
[[0;32m  OK  [0m] Listening on [0;1;39mVirtual machine log manager socket[0m.
[[0;32m  OK  [0m] Listening on [0;1;39mLibvirt network local socket[0m.
[[0;32m  OK  [0m] Listening on [0;1;39mLibvirt nodedev local socket[0m.
[[0;32m  OK  [0m] Listening on [0;1;39mLibvirt nwfilter local socket[0m.
[[0;32m  OK  [0m] Listening on [0;1;39mLibvirt proxy local socket[0m.
[[0;32m  OK  [0m] Listening on [0;1;39mLibvirt qemu local socket[0m.
[[0;32m  OK  [0m] Listening on [0;1;39mLibvirt qemu admin socket[0m.
[[0;32m  OK  [0m] Listening on [0;1;39mLibvirt qemu local read-only socket[0m.
[[0;32m  OK  [0m] Listening on [0;1;39mLibvirt secret local socket[0m.
[[0;32m  OK  [0m] Listening on [0;1;39mLibvirt storage local socket[0m.
[[0;32m  OK  [0m] Reached target [0;1;39mSocket Units[0m.
         Starting [0;1;39mD-Bus System Message Bus[0m...
[[0;32m  OK  [0m] Started [0;1;39mD-Bus System Message Bus[0m.
[[0;32m  OK  [0m] Reached target [0;1;39mBasic System[0m.
         Starting [0;1;39mNetwork Manager[0m...
         Starting [0;1;39mNTP client/server[0m...
         Starting [0;1;39mRestore /run/initramfs on shutdown[0m...
[[0;32m  OK  [0m] Started [0;1;39mirqbalance daemon[0m.
[[0;32m  OK  [0m] Started [0;1;39mlibstoragemgmt plug-in server daemon[0m.
[[0;32m  OK  [0m] Started [0;1;39mMachine Check Exception Logging Daemon[0m.
[[0;32m  OK  [0m] Reached target [0;1;39msshd-keygen.target[0m.
[[0;32m  OK  [0m] Reached target [0;1;39mUser and Group Name Lookups[0m.
         Starting [0;1;39mUser Login Management[0m...
         Starting [0;1;39mVirtual Machine aÔÇªtainer Registration Service[0m...
         Starting [0;1;39mupdate of the rooÔÇªNSSEC validation in unbound[0m...
         Starting [0;1;39mRotate log files[0m...
[[0;32m  OK  [0m] Started [0;1;39mUpdate a database for mlocate[0m.
[[0;32m  OK  [0m] Started [0;1;39mNTP client/server[0m.
[[0;32m  OK  [0m] Finished [0;1;39mRestore /run/initramfs on shutdown[0m.
[[0;32m  OK  [0m] Started [0;1;39mVirtual Machine anÔÇªontainer Registration Service[0m.
         Starting [0;1;39mHostname Service[0m...
[[0;32m  OK  [0m] Finished [0;1;39mupdate of the rooÔÇª DNSSEC validation in unbound[0m.
[[0;32m  OK  [0m] Started [0;1;39mUser Login Management[0m.
[[0;32m  OK  [0m] Started [0;1;39mHostname Service[0m.
[[0;32m  OK  [0m] Finished [0;1;39mRotate log files[0m.
         Starting [0;1;39mNetwork Manager Script Dispatcher Service[0m...
[[0;32m  OK  [0m] Started [0;1;39mNetwork Manager Script Dispatcher Service[0m.
[    9.611819] e1000: eth0 NIC Link is Up 1000 Mbps Full Duplex, Flow Control: RX
[[0;32m  OK  [0m] Started [0;1;39mNetwork Manager[0m.
[[0;32m  OK  [0m] Reached target [0;1;39mNetwork[0m.
[[0;32m  OK  [0m] Reached target [0;1;39mNetwork is Online[0m.
         Starting [0;1;39mGSSAPI Proxy Daemon[0m...
         Starting [0;1;39mNotify NFS peers of a restart[0m...
         Starting [0;1;39mSystem Logging Service[0m...
         Starting [0;1;39mOpenSSH server daemon[0m...
         Starting [0;1;39mDynamic System Tuning Daemon[0m...
[[0;32m  OK  [0m] Started [0;1;39mNotify NFS peers of a restart[0m.
[[0;32m  OK  [0m] Started [0;1;39mGSSAPI Proxy Daemon[0m.
[[0;32m  OK  [0m] Reached target [0;1;39mNFS client services[0m.
[[0;32m  OK  [0m] Reached target [0;1;39mPreparation for Remote File Systems[0m.
[[0;32m  OK  [0m] Reached target [0;1;39mRemote File Systems[0m.
         Starting [0;1;39mPermit User Sessions[0m...
         Starting [0;1;39mVirtualization qemu daemon[0m...
[[0;32m  OK  [0m] Started [0;1;39mOpenSSH server daemon[0m.
[[0;32m  OK  [0m] Finished [0;1;39mPermit User Sessions[0m.
[[0;32m  OK  [0m] Started [0;1;39mDeferred execution scheduler[0m.
[[0;32m  OK  [0m] Started [0;1;39mCommand Scheduler[0m.
         Starting [0;1;39mHold until boot process finishes up[0m...
         Starting [0;1;39mTerminate Plymouth Boot Screen[0m...
[[0;32m  OK  [0m] Started [0;1;39mSystem Logging Service[0m.
[[0;32m  OK  [0m] Started [0;1;39mVirtualization qemu daemon[0m.
[[0;32m  OK  [0m] Finished [0;1;39mHold until boot process finishes up[0m.
[[0;32m  OK  [0m] Finished [0;1;39mTerminate Plymouth Boot Screen[0m.
[[0;32m  OK  [0m] Started [0;1;39mGetty on tty1[0m.
[[0;32m  OK  [0m] Started [0;1;39mSerial Getty on ttyS0[0m.
[[0;32m  OK  [0m] Reached target [0;1;39mLogin Prompts[0m.
         Starting [0;1;39mAuthorization Manager[0m...
[[0;32m  OK  [0m] Started [0;1;39mAuthorization Manager[0m.
[[0;32m  OK  [0m] Started [0;1;39mDynamic System Tuning Daemon[0m.
[[0;32m  OK  [0m] Reached target [0;1;39mMulti-User System[0m.
         Starting [0;1;39mRecord Runlevel Change in UTMP[0m...
[[0;32m  OK  [0m] Finished [0;1;39mRecord Runlevel Change in UTMP[0m.

CentOS Stream 9
Kernel 6.18.0-1885cdbfbb51+ on an x86_64

Activate the web console with: systemctl enable --now cockpit.socket

test login: [   18.613652] loop2: detected capacity change from 0 to 32768
[   18.652370] XFS (loop2): Mounting V5 Filesystem bfdc47fc-10d8-4eed-a562-11a831b3f791
[   18.717104] loop6: detected capacity change from 0 to 32768
[   18.727512] XFS (loop6): Mounting V5 Filesystem bfdc47fc-10d8-4eed-a562-11a831b3f791
[   18.740567] XFS (loop6): Ending clean mount
[   18.741946] XFS (loop6): Quotacheck needed: Please wait.
[   18.747432] XFS (loop6): Quotacheck: Done.
[   18.785194] XFS (loop2): Ending clean mount
[   18.786762] XFS (loop2): Quotacheck needed: Please wait.
[   18.802387] XFS (loop2): Quotacheck: Done.
[   18.836131] loop5: detected capacity change from 0 to 32768
[   18.850758] loop4: detected capacity change from 0 to 32768
[   18.852221] XFS (loop5): Mounting V5 Filesystem bfdc47fc-10d8-4eed-a562-11a831b3f791
[   18.869085] XFS (loop4): Mounting V5 Filesystem bfdc47fc-10d8-4eed-a562-11a831b3f791
[   18.919744] XFS (loop5): Ending clean mount
[   18.920164] XFS (loop4): Ending clean mount
[   18.920870] XFS (loop5): Quotacheck needed: Please wait.
[   18.921985] XFS (loop4): Quotacheck needed: Please wait.
[   18.929399] XFS (loop4): Quotacheck: Done.
[   18.946323] XFS (loop5): Quotacheck: Done.
[   18.966956] loop1: detected capacity change from 0 to 32768
[   19.003508] XFS (loop1): Mounting V5 Filesystem bfdc47fc-10d8-4eed-a562-11a831b3f791
[   19.019215] XFS (loop1): Ending clean mount
[   19.019998] XFS (loop1): Quotacheck needed: Please wait.
[   19.029696] XFS (loop1): Quotacheck: Done.
[   19.042532] loop7: detected capacity change from 0 to 32768
[   19.139222] loop3: detected capacity change from 0 to 32768
[   19.151879] XFS (loop7): Mounting V5 Filesystem bfdc47fc-10d8-4eed-a562-11a831b3f791
[   19.169745] XFS (loop3): Mounting V5 Filesystem bfdc47fc-10d8-4eed-a562-11a831b3f791
[   19.179670] XFS (loop3): Ending clean mount
[   19.181217] XFS (loop3): Quotacheck needed: Please wait.
[   19.189233] XFS (loop7): Ending clean mount
[   19.193758] XFS (loop7): Quotacheck needed: Please wait.
[   19.194044] XFS (loop3): Quotacheck: Done.
[   19.197715] XFS (loop7): Quotacheck: Done.
[   19.425715] 
[   19.425863] ======================================================
[   19.426187] WARNING: possible circular locking dependency detected
[   19.426532] 6.18.0-1885cdbfbb51+ #1 Not tainted
[   19.426775] ------------------------------------------------------
[   19.427098] kswapd0/59 is trying to acquire lock:
[   19.427350] ffff88801785d398 (&xfs_nondir_ilock_class){++++}-{4:4}, at: xfs_ilock+0x338/0x3c0
[   19.427840] 
[   19.427840] but task is already holding lock:
[   19.428146] ffffffff87840100 (fs_reclaim){+.+.}-{0:0}, at: balance_pgdat+0xb7e/0x1580
[   19.428570] 
[   19.428570] which lock already depends on the new lock.
[   19.428570] 
[   19.428988] 
[   19.428988] the existing dependency chain (in reverse order) is:
[   19.429370] 
[   19.429370] -> #1 (fs_reclaim){+.+.}-{0:0}:
[   19.429677]        fs_reclaim_acquire+0x116/0x160
[   19.429944]        __kmalloc_cache_noprof+0x53/0x840
[   19.430215]        iomap_fill_dirty_folios+0x118/0x2c0
[   19.430497]        xfs_buffered_write_iomap_begin+0xef0/0x18c0
[   19.430809]        iomap_iter+0x551/0xfd0
[   19.431028]        iomap_zero_range+0x20b/0xac0
[   19.431275]        xfs_zero_range+0xb5/0x100
[   19.431513]        xfs_reflink_remap_prep+0x3d3/0xac0
[   19.431785]        xfs_file_remap_range+0x23c/0xe20
[   19.432053]        vfs_clone_file_range+0x2b1/0xda0
[   19.432325]        ioctl_file_clone+0x6e/0x110
[   19.432577]        do_vfs_ioctl+0xcab/0x14d0
[   19.432816]        __x64_sys_ioctl+0x127/0x220
[   19.433076]        x64_sys_call+0x1274/0x2190
[   19.433325]        do_syscall_64+0x6d/0x450
[   19.433575]        entry_SYSCALL_64_after_hwframe+0x76/0x7e
[   19.433875] 
[   19.433875] -> #0 (&xfs_nondir_ilock_class){++++}-{4:4}:
[   19.434268]        __lock_acquire+0x1509/0x22a0
[   19.434528]        lock_acquire+0x170/0x310
[   19.434758]        down_write_nested+0x9a/0x210
[   19.435007]        xfs_ilock+0x338/0x3c0
[   19.435231]        xfs_icwalk_ag+0xaec/0x1b80
[   19.435471]        xfs_icwalk+0x56/0xc0
[   19.435684]        xfs_reclaim_inodes_nr+0x1d3/0x2d0
[   19.435954]        xfs_fs_free_cached_objects+0x6a/0x90
[   19.436237]        super_cache_scan+0x415/0x570
[   19.436501]        do_shrink_slab+0x408/0x1080
[   19.436753]        shrink_slab+0x348/0x12f0
[   19.436986]        shrink_node+0xba6/0x28c0
[   19.437215]        balance_pgdat+0xa2d/0x1580
[   19.437463]        kswapd+0x5b9/0xb00
[   19.437667]        kthread+0x464/0x980
[   19.437886]        ret_from_fork+0x3fb/0x560
[   19.438126]        ret_from_fork_asm+0x1a/0x30
[   19.438374] 
[   19.438374] other info that might help us debug this:
[   19.438374] 
[   19.438788]  Possible unsafe locking scenario:
[   19.438788] 
[   19.439098]        CPU0                    CPU1
[   19.439342]        ----                    ----
[   19.439590]   lock(fs_reclaim);
[   19.439776]                                lock(&xfs_nondir_ilock_class);
[   19.440144]                                lock(fs_reclaim);
[   19.440454]   lock(&xfs_nondir_ilock_class);
[   19.440697] 
[   19.440697]  *** DEADLOCK ***
[   19.440697] 
[   19.441017] 2 locks held by kswapd0/59:
[   19.441234]  #0: ffffffff87840100 (fs_reclaim){+.+.}-{0:0}, at: balance_pgdat+0xb7e/0x1580
[   19.441690]  #1: ffff8880164dc0e0 (&type->s_umount_key#53){.+.+}-{4:4}, at: super_cache_scan+0x9f/0x570
[   19.442207] 
[   19.442207] stack backtrace:
[   19.442459] CPU: 0 UID: 0 PID: 59 Comm: kswapd0 Not tainted 6.18.0-1885cdbfbb51+ #1 PREEMPT(voluntary) 
[   19.442469] Hardware name: QEMU Standard PC (i440FX + PIIX, 1996), BIOS rel-1.16.0-0-gd239552ce722-prebuilt.qemu.org 04/01/2014
[   19.442478] Call Trace:
[   19.442486]  <TASK>
[   19.442493]  dump_stack_lvl+0xea/0x150
[   19.442513]  dump_stack+0x19/0x20
[   19.442523]  print_circular_bug+0x283/0x350
[   19.442536]  check_noncircular+0x12f/0x150
[   19.442547]  ? super_cache_scan+0x415/0x570
[   19.442554]  ? shrink_slab+0x348/0x12f0
[   19.442569]  __lock_acquire+0x1509/0x22a0
[   19.442581]  ? check_path.constprop.0+0x28/0x50
[   19.442597]  lock_acquire+0x170/0x310
[   19.442609]  ? xfs_ilock+0x338/0x3c0
[   19.442630]  down_write_nested+0x9a/0x210
[   19.442638]  ? xfs_ilock+0x338/0x3c0
[   19.442650]  ? __pfx_down_write_nested+0x10/0x10
[   19.442657]  ? xfs_icwalk_ag+0xadf/0x1b80
[   19.442665]  ? xfs_icwalk_ag+0xaec/0x1b80
[   19.442674]  ? xfs_icwalk_ag+0xaec/0x1b80
[   19.442682]  xfs_ilock+0x338/0x3c0
[   19.442695]  xfs_icwalk_ag+0xaec/0x1b80
[   19.442708]  ? __pfx_xfs_icwalk_ag+0x10/0x10
[   19.442720]  ? __pfx_xa_find+0x10/0x10
[   19.442732]  ? xfs_group_grab_next_mark+0x26a/0x540
[   19.442748]  ? __this_cpu_preempt_check+0x21/0x30
[   19.442763]  ? lock_release+0x14f/0x2c0
[   19.442777]  ? xfs_group_grab_next_mark+0x274/0x540
[   19.442785]  ? __pfx_xfs_group_grab_next_mark+0x10/0x10
[   19.442794]  ? __pfx_try_to_wake_up+0x10/0x10
[   19.442809]  ? lock_release+0x14f/0x2c0
[   19.442823]  xfs_icwalk+0x56/0xc0
[   19.442832]  xfs_reclaim_inodes_nr+0x1d3/0x2d0
[   19.442840]  ? __pfx_xfs_reclaim_inodes_nr+0x10/0x10
[   19.442850]  ? __this_cpu_preempt_check+0x21/0x30
[   19.442863]  ? __pfx_prune_icache_sb+0x10/0x10
[   19.442882]  xfs_fs_free_cached_objects+0x6a/0x90
[   19.442893]  super_cache_scan+0x415/0x570
[   19.442904]  do_shrink_slab+0x408/0x1080
[   19.442920]  shrink_slab+0x348/0x12f0
[   19.442934]  ? shrink_slab+0x160/0x12f0
[   19.442946]  ? __pfx_shrink_slab+0x10/0x10
[   19.442963]  shrink_node+0xba6/0x28c0
[   19.442981]  ? __pfx_shrink_node+0x10/0x10
[   19.442991]  ? preempt_schedule_common+0x49/0xd0
[   19.443008]  balance_pgdat+0xa2d/0x1580
[   19.443021]  ? __pfx_balance_pgdat+0x10/0x10
[   19.443043]  kswapd+0x5b9/0xb00
[   19.443056]  ? __pfx_kswapd+0x10/0x10
[   19.443065]  ? local_clock_noinstr+0x80/0xd0
[   19.443077]  ? __pfx_autoremove_wake_function+0x10/0x10
[   19.443091]  ? __sanitizer_cov_trace_const_cmp1+0x1e/0x30
[   19.443111]  ? __kthread_parkme+0x1bc/0x260
[   19.443119]  ? __pfx_kswapd+0x10/0x10
[   19.443129]  ? __pfx_kswapd+0x10/0x10
[   19.443140]  kthread+0x464/0x980
[   19.443150]  ? __pfx_kthread+0x10/0x10
[   19.443161]  ? _raw_spin_unlock_irq+0x3c/0x60
[   19.443173]  ? __pfx_kthread+0x10/0x10
[   19.443184]  ret_from_fork+0x3fb/0x560
[   19.443192]  ? __pfx_kthread+0x10/0x10
[   19.443203]  ret_from_fork_asm+0x1a/0x30
[   19.443218]  </TASK>
[   19.529864] repro: page allocation failure: order:0, mode:0x10cc0(GFP_KERNEL|__GFP_NORETRY), nodemask=(null),cpuset=/,mems_allowed=0
[   19.530583] CPU: 1 UID: 0 PID: 727 Comm: repro Not tainted 6.18.0-1885cdbfbb51+ #1 PREEMPT(voluntary) 
[   19.530593] Hardware name: QEMU Standard PC (i440FX + PIIX, 1996), BIOS rel-1.16.0-0-gd239552ce722-prebuilt.qemu.org 04/01/2014
[   19.530598] Call Trace:
[   19.530601]  <TASK>
[   19.530605]  dump_stack_lvl+0x121/0x150
[   19.530621]  dump_stack+0x19/0x20
[   19.530630]  warn_alloc+0x216/0x350
[   19.530639]  ? __pfx_warn_alloc+0x10/0x10
[   19.530649]  ? __pfx___alloc_pages_direct_compact+0x10/0x10
[   19.530656]  ? __drain_all_pages+0x27d/0x480
[   19.530668]  __alloc_pages_slowpath.constprop.0+0x1356/0x2270
[   19.530680]  ? __pfx___alloc_pages_slowpath.constprop.0+0x10/0x10
[   19.530689]  ? debug_smp_processor_id+0x20/0x30
[   19.530700]  ? rcu_is_watching+0x19/0xc0
[   19.530713]  ? lock_release+0x1ea/0x2c0
[   19.530725]  __alloc_frozen_pages_noprof+0x5da/0x6e0
[   19.530732]  ? trace_hardirqs_on+0x51/0x60
[   19.530751]  ? __pfx___alloc_frozen_pages_noprof+0x10/0x10
[   19.530759]  ? __sanitizer_cov_trace_switch+0x58/0xa0
[   19.530772]  ? policy_nodemask+0xf9/0x450
[   19.530784]  alloc_pages_mpol+0x236/0x4c0
[   19.530794]  ? __pfx_alloc_pages_mpol+0x10/0x10
[   19.530802]  ? alloc_frozen_pages_noprof+0x152/0x180
[   19.530811]  ? alloc_frozen_pages_noprof+0x8c/0x180
[   19.530821]  alloc_frozen_pages_noprof+0xa9/0x180
[   19.530831]  alloc_pages_noprof+0x27/0xa0
[   19.530840]  kimage_alloc_pages+0x78/0x240
[   19.530851]  kimage_alloc_control_pages+0x1ca/0xa60
[   19.530860]  ? __pfx_kimage_alloc_control_pages+0x10/0x10
[   19.530868]  ? __sanitizer_cov_trace_cmp8+0x1c/0x30
[   19.530881]  do_kexec_load+0x39b/0x8c0
[   19.530891]  ? __might_fault+0xf1/0x1b0
[   19.530902]  ? __pfx_do_kexec_load+0x10/0x10
[   19.530910]  ? __sanitizer_cov_trace_const_cmp8+0x1c/0x30
[   19.530921]  ? _copy_from_user+0x75/0xa0
[   19.530943]  __x64_sys_kexec_load+0x1cc/0x240
[   19.530952]  x64_sys_call+0x1c84/0x2190
[   19.530963]  do_syscall_64+0x6d/0x450
[   19.530973]  entry_SYSCALL_64_after_hwframe+0x76/0x7e
[   19.530980] RIP: 0033:0x7f3aa443ee5d
[   19.530994] Code: ff c3 66 2e 0f 1f 84 00 00 00 00 00 90 f3 0f 1e fa 48 89 f8 48 89 f7 48 89 d6 48 89 ca 4d 89 c2 4d 89 c8 4c 8b 4c 24 08 0f 05 <48> 3d 01 f0 ff ff 73 01 c3 48 8b 0d 93 af 1b 00 f7 d8 64 89 01 48
[   19.531001] RSP: 002b:00007ffd7e83ead8 EFLAGS: 00000207 ORIG_RAX: 00000000000000f6
[   19.531015] RAX: ffffffffffffffda RBX: 0000000000000000 RCX: 00007f3aa443ee5d
[   19.531022] RDX: 0000200000000180 RSI: 0000000000000003 RDI: 0000000000000000
[   19.531027] RBP: 00007ffd7e83eaf0 R08: 00007ffd7e83e560 R09: 00007ffd7e83eaf0
[   19.531032] R10: 0000000000000000 R11: 0000000000000207 R12: 00007ffd7e83ec48
[   19.531037] R13: 00000000004030f5 R14: 000000000040ee08 R15: 00007f3aa4824000
[   19.531049]  </TASK>
[   19.544570] Mem-Info:
[   19.544711] active_anon:4548 inactive_anon:49962 isolated_anon:0
[   19.544711]  active_file:23196 inactive_file:16228 isolated_file:0
[   19.544711]  unevictable:0 dirty:8 writeback:0
[   19.544711]  slab_reclaimable:16565 slab_unreclaimable:18804
[   19.544711]  mapped:13741 shmem:37388 pagetables:1149
[   19.544711]  sec_pagetables:0 bounce:0
[   19.544711]  kernel_misc_reclaimable:0
[   19.544711]  free:15996 free_pcp:168 free_cma:0
[   19.546752] Node 0 active_anon:18192kB inactive_anon:199848kB active_file:92784kB inactive_file:64912kB unevictable:0kB isolated(anon):0kB isolated(file):0kB mapped:54964kB dirty:32kB writeback:0kB shmem:149552kB shmem_thp:0kB shmem_pmdmapped:0kB anon_thp:0kB kernel_stack:7968kB pagetables:4596kB sec_pagetables:0kB all_unreclaimable? no Balloon:0kB
[   19.548388] Node 0 DMA free:6484kB boost:0kB min:444kB low:552kB high:660kB reserved_highatomic:0KB free_highatomic:0KB active_anon:0kB inactive_anon:0kB active_file:0kB inactive_file:0kB unevictable:0kB writepending:0kB zspages:0kB present:15992kB managed:15360kB mlocked:0kB bounce:0kB free_pcp:0kB local_pcp:0kB free_cma:0kB
[   19.549897] lowmem_reserve[]: 0 1522 1522 1522 1522
[   19.550180] Node 0 DMA32 free:57500kB boost:10240kB min:54848kB low:66000kB high:77152kB reserved_highatomic:0KB free_highatomic:0KB active_anon:18192kB inactive_anon:199848kB active_file:92784kB inactive_file:64912kB unevictable:0kB writepending:36kB zspages:0kB present:2080640kB managed:1559416kB mlocked:0kB bounce:0kB free_pcp:672kB local_pcp:0kB free_cma:0kB
[   19.551867] lowmem_reserve[]: 0 0 0 0 0
[   19.552099] Node 0 DMA: 1*4kB (U) 1*8kB (U) 1*16kB (U) 1*32kB (U) 1*64kB (U) 0*128kB 1*256kB (U) 0*512kB 0*1024kB 1*2048kB (M) 1*4096kB (M) = 6524kB
[   19.552862] Node 0 DMA32: 470*4kB (UME) 320*8kB (ME) 166*16kB (ME) 132*32kB (UME) 64*64kB (UME) 23*128kB (UME) 39*256kB (UM) 37*512kB (UME) 10*1024kB (UM) 0*2048kB 0*4096kB = 57528kB
[   19.553797] Node 0 hugepages_total=0 hugepages_free=0 hugepages_surp=0 hugepages_size=1048576kB
[   19.554267] Node 0 hugepages_total=0 hugepages_free=0 hugepages_surp=0 hugepages_size=2048kB
[   19.554715] 76468 total pagecache pages
[   19.554926] 0 pages in swap cache
[   19.555126] Free swap  = 0kB
[   19.555293] Total swap = 0kB
[   19.555459] 524158 pages RAM
[   19.555651] 0 pages HighMem/MovableOnly
[   19.555867] 130464 pages reserved
[   19.556058] 0 pages cma reserved
[   19.556241] 0 pages hwpoisoned
[   19.601430] kexec: Could not allocate control_code_buffer
[   19.906150] kexec: Could not allocate control_code_buffer
[   19.975881] loop0: detected capacity change from 0 to 32768
[   20.011997] XFS (loop0): Mounting V5 Filesystem bfdc47fc-10d8-4eed-a562-11a831b3f791
[   20.036436] XFS (loop0): Ending clean mount
[   20.037058] XFS (loop0): Quotacheck needed: Please wait.
[   20.052539] XFS (loop0): Quotacheck: Done.
[   21.112410] kexec: Could not allocate control_code_buffer
[   21.749045] kexec: Could not allocate control_code_buffer
[   22.429256] kexec: Could not allocate control_code_buffer
[   23.120079] repro invoked oom-killer: gfp_mask=0x140cca(GFP_HIGHUSER_MOVABLE|__GFP_COMP), order=0, oom_score_adj=1000
[   23.120715] CPU: 1 UID: 0 PID: 880 Comm: repro Not tainted 6.18.0-1885cdbfbb51+ #1 PREEMPT(voluntary) 
[   23.120729] Hardware name: QEMU Standard PC (i440FX + PIIX, 1996), BIOS rel-1.16.0-0-gd239552ce722-prebuilt.qemu.org 04/01/2014
[   23.120736] Call Trace:
[   23.120739]  <TASK>
[   23.120742]  dump_stack_lvl+0x121/0x150
[   23.120759]  dump_stack+0x19/0x20
[   23.120767]  dump_header+0x10f/0x910
[   23.120780]  oom_kill_process+0x287/0xa40
[   23.120787]  out_of_memory+0x34c/0x1710
[   23.120795]  ? __pfx_out_of_memory+0x10/0x10
[   23.120809]  __alloc_pages_slowpath.constprop.0+0x1bc6/0x2270
[   23.120828]  ? __pfx___alloc_pages_slowpath.constprop.0+0x10/0x10
[   23.120840]  ? lock_release+0x1ea/0x2c0
[   23.120857]  __alloc_frozen_pages_noprof+0x5da/0x6e0
[   23.120867]  ? __pfx___alloc_frozen_pages_noprof+0x10/0x10
[   23.120875]  ? _raw_spin_unlock+0x31/0x60
[   23.120888]  ? __sanitizer_cov_trace_switch+0x58/0xa0
[   23.120907]  ? policy_nodemask+0xf9/0x450
[   23.120918]  alloc_pages_mpol+0x236/0x4c0
[   23.120929]  ? __pfx_alloc_pages_mpol+0x10/0x10
[   23.120938]  ? rcu_is_watching+0x19/0xc0
[   23.120947]  ? lock_release+0x1ea/0x2c0
[   23.120961]  folio_alloc_mpol_noprof+0x44/0x120
[   23.120973]  shmem_alloc_folio+0x128/0x150
[   23.120982]  shmem_alloc_and_add_folio+0x403/0xab0
[   23.120995]  ? __pfx_shmem_alloc_and_add_folio+0x10/0x10
[   23.121010]  shmem_get_folio_gfp+0x595/0x1350
[   23.121023]  ? __pfx_shmem_get_folio_gfp+0x10/0x10
[   23.121036]  shmem_write_begin+0x17b/0x480
[   23.121048]  ? __pfx_shmem_write_begin+0x10/0x10
[   23.121058]  ? balance_dirty_pages_ratelimited_flags+0x9b/0x12a0
[   23.121069]  ? __sanitizer_cov_trace_const_cmp1+0x1e/0x30
[   23.121081]  ? shmem_write_end+0x1ee/0x3d0
[   23.121092]  generic_perform_write+0x438/0x920
[   23.121113]  ? __pfx_generic_perform_write+0x10/0x10
[   23.121126]  ? __sanitizer_cov_trace_const_cmp4+0x1a/0x20
[   23.121139]  ? mnt_put_write_access_file+0x5c/0x110
[   23.121151]  shmem_file_write_iter+0x11b/0x150
[   23.121167]  vfs_write+0xc6d/0x11f0
[   23.121181]  ? __pfx_shmem_file_write_iter+0x10/0x10
[   23.121198]  ? __pfx_vfs_write+0x10/0x10
[   23.121212]  ? debug_smp_processor_id+0x20/0x30
[   23.121227]  ksys_write+0x14e/0x280
[   23.121238]  ? __pfx_ksys_write+0x10/0x10
[   23.121250]  ? __audit_syscall_entry+0x393/0x4f0
[   23.121261]  __x64_sys_write+0x7b/0xc0
[   23.121270]  ? syscall_trace_enter+0x14d/0x250
[   23.121285]  x64_sys_call+0x16f8/0x2190
[   23.121297]  do_syscall_64+0x6d/0x450
[   23.121309]  entry_SYSCALL_64_after_hwframe+0x76/0x7e
[   23.121316] RIP: 0033:0x7f3aa453eb97
[   23.121327] Code: 0b 00 f7 d8 64 89 02 48 c7 c0 ff ff ff ff eb b7 0f 1f 00 f3 0f 1e fa 64 8b 04 25 18 00 00 00 85 c0 75 10 b8 01 00 00 00 0f 05 <48> 3d 00 f0 ff ff 77 51 c3 48 83 ec 28 48 89 54 24 18 48 89 74 24
[   23.121334] RSP: 002b:00007ffd7e83e848 EFLAGS: 00000246 ORIG_RAX: 0000000000000001
[   23.121343] RAX: ffffffffffffffda RBX: 0000000000000000 RCX: 00007f3aa453eb97
[   23.121347] RDX: 0000000001000000 RSI: 00007f3a9c000000 RDI: 0000000000000003
[   23.121352] RBP: 00007ffd7e83e8a0 R08: 00000000ffffffff R09: 0000000000000000
[   23.121357] R10: 00007f3aa4407e00 R11: 0000000000000246 R12: 00007ffd7e83ec48
[   23.121363] R13: 00000000004030f5 R14: 000000000040ee08 R15: 00007f3aa4824000
[   23.121376]  </TASK>
[   23.121380] Mem-Info:
[   23.137200] active_anon:5194 inactive_anon:49829 isolated_anon:0
[   23.137200]  active_file:79 inactive_file:86 isolated_file:4
[   23.137200]  unevictable:0 dirty:0 writeback:0
[   23.137200]  slab_reclaimable:4540 slab_unreclaimable:24373
[   23.137200]  mapped:322 shmem:37420 pagetables:1123
[   23.137200]  sec_pagetables:0 bounce:0
[   23.137200]  kernel_misc_reclaimable:0
[   23.137200]  free:15430 free_pcp:43 free_cma:0
[   23.139116] Node 0 active_anon:20776kB inactive_anon:199316kB active_file:316kB inactive_file:344kB unevictable:0kB isolated(anon):0kB isolated(file):16kB mapped:1288kB dirty:0kB writeback:0kB shmem:149680kB shmem_thp:0kB shmem_pmdmapped:0kB anon_thp:0kB kernel_stack:8096kB pagetables:4492kB sec_pagetables:0kB all_unreclaimable? no Balloon:0kB
[   23.140627] Node 0 DMA free:6464kB boost:0kB min:444kB low:552kB high:660kB reserved_highatomic:0KB free_highatomic:0KB active_anon:0kB inactive_anon:2036kB active_file:0kB inactive_file:0kB unevictable:0kB writepending:0kB zspages:0kB present:15992kB managed:15360kB mlocked:0kB bounce:0kB free_pcp:0kB local_pcp:0kB free_cma:0kB
[   23.142104] lowmem_reserve[]: 0 1522 1522 1522 1522
[   23.142390] Node 0 DMA32 free:55256kB boost:14336kB min:58944kB low:70096kB high:81248kB reserved_highatomic:0KB free_highatomic:0KB active_anon:20776kB inactive_anon:197216kB active_file:316kB inactive_file:260kB unevictable:0kB writepending:0kB zspages:0kB present:2080640kB managed:1559416kB mlocked:0kB bounce:0kB free_pcp:200kB local_pcp:0kB free_cma:0kB
[   23.144047] lowmem_reserve[]: 0 0 0 0 0
[   23.144277] Node 0 DMA: 2*4kB (UM) 1*8kB (U) 0*16kB 0*32kB 1*64kB (M) 2*128kB (UM) 2*256kB (UM) 1*512kB (M) 1*1024kB (M) 2*2048kB (UM) 0*4096kB = 6480kB
[   23.145034] Node 0 DMA32: 40*4kB (UM) 352*8kB (UM) 592*16kB (UM) 388*32kB (UME) 172*64kB (UME) 78*128kB (UME) 23*256kB (UME) 5*512kB (ME) 1*1024kB (U) 0*2048kB 0*4096kB = 55328kB
[   23.145905] Node 0 hugepages_total=0 hugepages_free=0 hugepages_surp=0 hugepages_size=1048576kB
[   23.146358] Node 0 hugepages_total=0 hugepages_free=0 hugepages_surp=0 hugepages_size=2048kB
[   23.146799] 37553 total pagecache pages
[   23.147030] 0 pages in swap cache
[   23.147218] Free swap  = 0kB
[   23.147381] Total swap = 0kB
[   23.147548] 524158 pages RAM
[   23.147710] 0 pages HighMem/MovableOnly
[   23.147923] 130464 pages reserved
[   23.148113] 0 pages cma reserved
[   23.148299] 0 pages hwpoisoned
[   23.148471] Tasks state (memory values in pages):
[   23.148734] [  pid  ]   uid  tgid total_vm      rss rss_anon rss_file rss_shmem pgtables_bytes swapents oom_score_adj name
[   23.149314] [    141]     0   141     5474      461      256       45       160    86016        0          -250 systemd-journal
[   23.149914] [    164]     0   164     7810      685      640       45         0    86016        0         -1000 systemd-udevd
[   23.150498] [    233]    32   233     3314      244      192       52         0    69632        0             0 rpcbind
[   23.151069] [    234]     0   234    22959      236      193       43         0    69632        0         -1000 auditd
[   23.151617] [    236]     0   236     1947       76       64       12         0    49152        0             0 sedispatch
[   23.152188] [    257]    81   257     2731      235      191       44         0    61440        0          -900 dbus-broker-lau
[   23.152776] [    258]    81   258     1316      180      162       18         0    49152        0          -900 dbus-broker
[   23.153349] [    259]     0   259    64472      906      864       42         0   139264        0             0 NetworkManager
[   23.153938] [    262]     0   262    19783       85       32       53         0    57344        0             0 irqbalance
[   23.154503] [    263]   992   263      678       83       32       51         0    45056        0             0 lsmd
[   23.155053] [    264]     0   264      700       67       32       35         0    49152        0             0 mcelog
[   23.155605] [    267]   985   267    21097      165      133       32         0    69632        0             0 chronyd
[   23.156164] [    268]     0   268     4607      304      256       48         0    81920        0             0 systemd-logind
[   23.156750] [    270]     0   270     4496      262      224       38         0    77824        0             0 systemd-machine
[   23.157343] [    278]     0   278     4419      260      224       36         0    77824        0             0 systemd-hostnam
[   23.157926] [    304]     0   304    39958      377      192       14       171    81920        0             0 rsyslogd
[   23.158482] [    306]     0   306     3951      346      320       26         0    65536        0         -1000 sshd
[   23.159039] [    307]     0   307    13748      208      187       21         0    90112        0             0 gssproxy
[   23.159597] [    308]     0   308    66148     3436     3376       60         0   151552        0             0 tuned
[   23.160146] [    319]     0   319   292012      599      544       55         0   249856        0             0 virtqemud
[   23.160712] [    322]     0   322     1169       69       32       37         0    53248        0             0 atd
[   23.161258] [    324]     0   324     2138      212      192       20         0    53248        0             0 crond
[   23.161811] [    349]     0   349      763       60       32       28         0    45056        0             0 agetty
[   23.162370] [    351]     0   351     1405       69       32       37         0    61440        0             0 agetty
[   23.162923] [    545]   998   545   644240     1118     1077       41         0   217088        0             0 polkitd
[   23.163505] [    591]     0   591     5110      451      448        3         0    86016        0           100 systemd
[   23.164059] [    592]     0   592    42782      994      954       40         0   102400        0           100 (sd-pam)
[   23.164619] [    695]     0   695     4741      503      448       55         0    81920        0             0 sshd
[   23.165160] [    697]     0   697     4741      507      478       29         0    81920        0             0 sshd
[   23.165699] [    698]     0   698     1782       97       64       33         0    53248        0             0 repro.sh
[   23.166256] [    723]     0   723     4736        4        0        4         0    45056        0             0 repro
[   23.166800] [    724]     0   724     4736       57        0       57         0    45056        0             0 repro
[   23.167358] [    725]     0   725     4736       25        0       25         0    45056        0             0 repro
[   23.167906] [    728]     0   728     4736       57        0       57         0    45056        0             0 repro
[   23.168452] [    729]     0   729     4736       57        0       57         0    45056        0             0 repro
[   23.169002] [    730]     0   730     4736       57        0       57         0    45056        0             0 repro
[   23.169549] [    731]     0   731     4736       57        0       57         0    45056        0             0 repro
[   23.170100] [    732]     0   732     4736       57        0       57         0    45056        0             0 repro
[   23.170649] [    733]     0   733     4736       25        0       25         0    45056        0             0 repro
[   23.171222] [    740]     0   740     7810      690      651       39         0    73728        0             0 systemd-udevd
[   23.171809] [    741]     0   741     7810      665      651       14         0    73728        0             0 systemd-udevd
[   23.172401] [    742]     0   742     7810      674      651       23         0    73728        0             0 systemd-udevd
[   23.172983] [    743]     0   743     7810      706      651       55         0    73728        0             0 systemd-udevd
[   23.173562] [    744]     0   744     7810      674      651       23         0    73728        0             0 systemd-udevd
[   23.174153] [    867]     0   867     4736       55        0       55         0    57344        0          1000 repro
[   23.174698] [    874]     0   874    38528      609      576       33         0    77824        0          1000 repro
[   23.175254] [    876]     0   876    38528      609      576       33         0    90112        0          1000 repro
[   23.175799] [    877]     0   877    38528      577      544       33         0    90112        0          1000 repro
[   23.176343] [    878]     0   878    38528      609      576       33         0    90112        0          1000 repro
[   23.176886] [    880]     0   880    38528      577      544       33         0    90112        0          1000 repro
[   23.177431] [    881]     0   881    38528      577      544       33         0    69632        0          1000 repro
[   23.177979] [    882]     0   882    38528      577      544       33         0    73728        0          1000 repro
[   23.178523] oom-kill:constraint=CONSTRAINT_NONE,nodemask=(null),cpuset=/,mems_allowed=0,global_oom,task_memcg=/user.slice/user-0.slice/session-6.scope,task=repro,pid=878,uid=0
[   23.179410] Out of memory: Killed process 878 (repro) total-vm:154112kB, anon-rss:2304kB, file-rss:132kB, shmem-rss:0kB, UID:0 pgtables:88kB oom_score_adj:1000
[   23.349706] systemd invoked oom-killer: gfp_mask=0x140cca(GFP_HIGHUSER_MOVABLE|__GFP_COMP), order=0, oom_score_adj=0
[   23.350312] CPU: 1 UID: 0 PID: 1 Comm: systemd Not tainted 6.18.0-1885cdbfbb51+ #1 PREEMPT(voluntary) 
[   23.350323] Hardware name: QEMU Standard PC (i440FX + PIIX, 1996), BIOS rel-1.16.0-0-gd239552ce722-prebuilt.qemu.org 04/01/2014
[   23.350328] Call Trace:
[   23.350330]  <TASK>
[   23.350333]  dump_stack_lvl+0x121/0x150
[   23.350348]  dump_stack+0x19/0x20
[   23.350356]  dump_header+0x10f/0x910
[   23.350366]  oom_kill_process+0x287/0xa40
[   23.350373]  out_of_memory+0x34c/0x1710
[   23.350382]  ? __pfx_out_of_memory+0x10/0x10
[   23.350391]  __alloc_pages_slowpath.constprop.0+0x1bc6/0x2270
[   23.350404]  ? __pfx___alloc_pages_slowpath.constprop.0+0x10/0x10
[   23.350414]  ? lock_release+0x1ea/0x2c0
[   23.350427]  __alloc_frozen_pages_noprof+0x5da/0x6e0
[   23.350443]  ? __sanitizer_cov_trace_const_cmp2+0x1c/0x30
[   23.350454]  ? alloc_pages_mpol+0x29c/0x4c0
[   23.350463]  ? __pfx___alloc_frozen_pages_noprof+0x10/0x10
[   23.350471]  ? __pfx_alloc_pages_mpol+0x10/0x10
[   23.350479]  ? __sanitizer_cov_trace_switch+0x58/0xa0
[   23.350491]  ? policy_nodemask+0xf9/0x450
[   23.350499]  alloc_pages_mpol+0x236/0x4c0
[   23.350509]  ? __pfx_alloc_pages_mpol+0x10/0x10
[   23.350517]  ? filemap_get_entry+0x1c0/0x360
[   23.350526]  alloc_frozen_pages_noprof+0xa9/0x180
[   23.350536]  folio_alloc_noprof+0x2d/0x120
[   23.350545]  filemap_alloc_folio_noprof+0x3e0/0x470
[   23.350555]  ? __pfx_filemap_get_entry+0x10/0x10
[   23.350563]  ? __pfx_filemap_alloc_folio_noprof+0x10/0x10
[   23.350574]  ? down_read+0x142/0x4d0
[   23.350583]  __filemap_get_folio+0x432/0x8c0
[   23.350592]  filemap_fault+0x1782/0x2cf0
[   23.350602]  ? __pfx_filemap_fault+0x10/0x10
[   23.350610]  ? rcu_read_unlock+0x31/0xc0
[   23.350619]  ? debug_smp_processor_id+0x20/0x30
[   23.350629]  ? rcu_is_watching+0x19/0xc0
[   23.350637]  __do_fault+0x115/0x870
[   23.350650]  do_fault+0xba6/0x1690
[   23.350661]  __handle_mm_fault+0x1a2a/0x2d70
[   23.350671]  ? __pfx___handle_mm_fault+0x10/0x10
[   23.350677]  ? lock_vma_under_rcu+0x3f/0x590
[   23.350684]  ? debug_smp_processor_id+0x20/0x30
[   23.350694]  ? rcu_is_watching+0x19/0xc0
[   23.350701]  ? lock_release+0x1ea/0x2c0
[   23.350715]  handle_mm_fault+0x2de/0x920
[   23.350721]  ? __sanitizer_cov_trace_const_cmp8+0x1c/0x30
[   23.350733]  do_user_addr_fault+0x526/0xfe0
[   23.350747]  ? rcu_is_watching+0x19/0xc0
[   23.350755]  exc_page_fault+0xc9/0x1d0
[   23.350764]  asm_exc_page_fault+0x2b/0x30
[   23.350771] RIP: 0033:0x7f8c69653690
[   23.350784] Code: Unable to access opcode bytes at 0x7f8c69653666.
[   23.350787] RSP: 002b:00007ffe07988c88 EFLAGS: 00010246
[   23.350793] RAX: 0000000000000000 RBX: 000055f7061dc610 RCX: 0000000000070207
[   23.350797] RDX: 000000000000002c RSI: 00000000015ef3c0 RDI: 000055f7061dc610
[   23.350801] RBP: 0000000000000000 R08: 00000000000025ac R09: 00007f8c698ca000
[   23.350806] R10: 0000000000000001 R11: 7fffffffffffffff R12: 00007ffe07988ca0
[   23.350810] R13: 00007f8c697679f1 R14: 0000000000001a50 R15: 0000000000000000
[   23.350818]  </TASK>
[   23.350821] Mem-Info:
[   23.365913] active_anon:5194 inactive_anon:51551 isolated_anon:0
[   23.365913]  active_file:19 inactive_file:4 isolated_file:1
[   23.365913]  unevictable:0 dirty:0 writeback:0
[   23.365913]  slab_reclaimable:4540 slab_unreclaimable:24324
[   23.365913]  mapped:196 shmem:39688 pagetables:1123
[   23.365913]  sec_pagetables:0 bounce:0
[   23.365913]  kernel_misc_reclaimable:0
[   23.365913]  free:12751 free_pcp:62 free_cma:0
[   23.367879] Node 0 active_anon:20776kB inactive_anon:206204kB active_file:76kB inactive_file:16kB unevictable:0kB isolated(anon):0kB isolated(file):4kB mapped:784kB dirty:0kB writeback:0kB shmem:158752kB shmem_thp:0kB shmem_pmdmapped:0kB anon_thp:0kB kernel_stack:8096kB pagetables:4492kB sec_pagetables:0kB all_unreclaimable? no Balloon:0kB
[   23.369412] Node 0 DMA free:6464kB boost:0kB min:444kB low:552kB high:660kB reserved_highatomic:0KB free_highatomic:0KB active_anon:0kB inactive_anon:2036kB active_file:0kB inactive_file:0kB unevictable:0kB writepending:0kB zspages:0kB present:15992kB managed:15360kB mlocked:0kB bounce:0kB free_pcp:0kB local_pcp:0kB free_cma:0kB
[   23.370901] lowmem_reserve[]: 0 1522 1522 1522 1522
[   23.371196] Node 0 DMA32 free:44288kB boost:0kB min:44608kB low:55760kB high:66912kB reserved_highatomic:0KB free_highatomic:0KB active_anon:20776kB inactive_anon:204020kB active_file:76kB inactive_file:16kB unevictable:0kB writepending:0kB zspages:0kB present:2080640kB managed:1559416kB mlocked:0kB bounce:0kB free_pcp:504kB local_pcp:0kB free_cma:0kB
[   23.372875] lowmem_reserve[]: 0 0 0 0 0
[   23.373101] Node 0 DMA: 3*4kB (UM) 1*8kB (U) 0*16kB 0*32kB 1*64kB (M) 2*128kB (UM) 2*256kB (UM) 1*512kB (M) 1*1024kB (M) 2*2048kB (UM) 0*4096kB = 6484kB
[   23.373863] Node 0 DMA32: 1*4kB (M) 8*8kB (M) 199*16kB (UM) 369*32kB (UME) 168*64kB (UME) 76*128kB (ME) 24*256kB (UME) 5*512kB (ME) 0*1024kB 0*2048kB 0*4096kB = 44244kB
[   23.374697] Node 0 hugepages_total=0 hugepages_free=0 hugepages_surp=0 hugepages_size=1048576kB
[   23.375180] Node 0 hugepages_total=0 hugepages_free=0 hugepages_surp=0 hugepages_size=2048kB
[   23.375624] 39758 total pagecache pages
[   23.375841] 0 pages in swap cache
[   23.376030] Free swap  = 0kB
[   23.376196] Total swap = 0kB
[   23.376353] 524158 pages RAM
[   23.376523] 0 pages HighMem/MovableOnly
[   23.376733] 130464 pages reserved
[   23.376921] 0 pages cma reserved
[   23.377104] 0 pages hwpoisoned
[   23.377278] Tasks state (memory values in pages):
[   23.377531] [  pid  ]   uid  tgid total_vm      rss rss_anon rss_file rss_shmem pgtables_bytes swapents oom_score_adj name
[   23.378124] [    141]     0   141     5474      441      256       25       160    86016        0          -250 systemd-journal
[   23.378727] [    164]     0   164     7810      685      640       45         0    86016        0         -1000 systemd-udevd
[   23.379331] [    233]    32   233     3314      244      192       52         0    69632        0             0 rpcbind
[   23.379898] [    234]     0   234    22959      236      193       43         0    69632        0         -1000 auditd
[   23.380456] [    236]     0   236     1947       76       64       12         0    49152        0             0 sedispatch
[   23.381038] [    257]    81   257     2731      235      191       44         0    61440        0          -900 dbus-broker-lau
[   23.381638] [    258]    81   258     1316      180      162       18         0    49152        0          -900 dbus-broker
[   23.382227] [    259]     0   259    64472      906      864       42         0   139264        0             0 NetworkManager
[   23.382822] [    262]     0   262    19783       53       32       21         0    57344        0             0 irqbalance
[   23.383422] [    263]   992   263      678       83       32       51         0    45056        0             0 lsmd
[   23.383981] [    264]     0   264      700       67       32       35         0    49152        0             0 mcelog
[   23.384541] [    267]   985   267    21097      133      133        0         0    69632        0             0 chronyd
[   23.385110] [    268]     0   268     4607      304      256       48         0    81920        0             0 systemd-logind
[   23.385709] [    270]     0   270     4496      262      224       38         0    77824        0             0 systemd-machine
[   23.386315] [    278]     0   278     4419      260      224       36         0    77824        0             0 systemd-hostnam
[   23.386921] [    304]     0   304    39958      377      192       14       171    81920        0             0 rsyslogd
[   23.387500] [    306]     0   306     3951      346      320       26         0    65536        0         -1000 sshd
[   23.388056] [    307]     0   307    13748      208      187       21         0    90112        0             0 gssproxy
[   23.388629] [    308]     0   308    66148     3404     3376       28         0   151552        0             0 tuned
[   23.389190] [    319]     0   319   292012      599      544       55         0   249856        0             0 virtqemud
[   23.389765] [    322]     0   322     1169       69       32       37         0    53248        0             0 atd
[   23.390315] [    324]     0   324     2138      212      192       20         0    53248        0             0 crond
[   23.390877] [    349]     0   349      763       60       32       28         0    45056        0             0 agetty
[   23.391452] [    351]     0   351     1405       69       32       37         0    61440        0             0 agetty
[   23.392015] [    545]   998   545   644240     1118     1077       41         0   217088        0             0 polkitd
[   23.392581] [    591]     0   591     5110      451      448        3         0    86016        0           100 systemd
[   23.393151] [    592]     0   592    42782      994      954       40         0   102400        0           100 (sd-pam)
[   23.393722] [    695]     0   695     4741      503      448       55         0    81920        0             0 sshd
[   23.394276] [    697]     0   697     4741      507      478       29         0    81920        0             0 sshd
[   23.394839] [    698]     0   698     1782       97       64       33         0    53248        0             0 repro.sh
[   23.395428] [    723]     0   723     4736        4        0        4         0    45056        0             0 repro
[   23.395997] [    724]     0   724     4736       25        0       25         0    45056        0             0 repro
[   23.396558] [    725]     0   725     4736        0        0        0         0    45056        0             0 repro
[   23.397131] [    728]     0   728     4736       25        0       25         0    45056        0             0 repro
[   23.397684] [    729]     0   729     4736       57        0       57         0    45056        0             0 repro
[   23.398259] [    730]     0   730     4736       25        0       25         0    45056        0             0 repro
[   23.398818] [    731]     0   731     4736       25        0       25         0    45056        0             0 repro
[   23.399397] [    732]     0   732     4736       25        0       25         0    45056        0             0 repro
[   23.399956] [    733]     0   733     4736        0        0        0         0    45056        0             0 repro
[   23.400510] [    740]     0   740     7810      690      651       39         0    73728        0             0 systemd-udevd
[   23.401109] [    741]     0   741     7810      665      651       14         0    73728        0             0 systemd-udevd
[   23.401700] [    742]     0   742     7810      674      651       23         0    73728        0             0 systemd-udevd
[   23.402295] [    743]     0   743     7810      706      651       55         0    73728        0             0 systemd-udevd
[   23.402887] [    744]     0   744     7810      674      651       23         0    73728        0             0 systemd-udevd
[   23.403499] [    867]     0   867     4736       23        0       23         0    57344        0          1000 repro
[   23.404061] [    874]     0   874    38528      577      576        1         0    81920        0          1000 repro
[   23.404617] [    876]     0   876    38528      577      576        1         0    90112        0          1000 repro
[   23.405176] [    877]     0   877    38528      545      544        1         0    90112        0          1000 repro
[   23.405784] [    880]     0   880    38528      545      544        1         0    90112        0          1000 repro
[   23.406454] [    881]     0   881    38528      545      544        1         0    73728        0          1000 repro
[   23.407087] [    882]     0   882    38528      545      544        1         0    73728        0          1000 repro
[   23.407642] oom-kill:constraint=CONSTRAINT_NONE,nodemask=(null),cpuset=/,mems_allowed=0,global_oom,task_memcg=/user.slice/user-0.slice/session-6.scope,task=repro,pid=876,uid=0
[   23.408496] Out of memory: Killed process 876 (repro) total-vm:154112kB, anon-rss:2304kB, file-rss:4kB, shmem-rss:0kB, UID:0 pgtables:88kB oom_score_adj:1000
[   23.478438] kexec: Could not allocate control_code_buffer
[   24.292770] kexec: Could not allocate control_code_buffer
[   24.665237] kexec: Could not allocate control_code_buffer
[   25.224901] kexec: Could not allocate control_code_buffer
[   25.927239] kexec: Could not allocate control_code_buffer
[   26.171212] kexec: Could not allocate control_code_buffer
[   26.983736] kexec: Could not allocate control_code_buffer
[   27.391676] kexec: Could not allocate control_code_buffer
[   28.091601] kexec: Could not allocate control_code_buffer
[   28.603951] systemd invoked oom-killer: gfp_mask=0x40cc0(GFP_KERNEL|__GFP_COMP), order=1, oom_score_adj=0
[   28.604511] CPU: 0 UID: 0 PID: 1 Comm: systemd Not tainted 6.18.0-1885cdbfbb51+ #1 PREEMPT(voluntary) 
[   28.604521] Hardware name: QEMU Standard PC (i440FX + PIIX, 1996), BIOS rel-1.16.0-0-gd239552ce722-prebuilt.qemu.org 04/01/2014
[   28.604526] Call Trace:
[   28.604529]  <TASK>
[   28.604533]  dump_stack_lvl+0x121/0x150
[   28.604549]  dump_stack+0x19/0x20
[   28.604558]  dump_header+0x10f/0x910
[   28.604568]  oom_kill_process+0x287/0xa40
[   28.604575]  out_of_memory+0x34c/0x1710
[   28.604583]  ? __pfx_out_of_memory+0x10/0x10
[   28.604598]  __alloc_pages_slowpath.constprop.0+0x1bc6/0x2270
[   28.604615]  ? __pfx___alloc_pages_slowpath.constprop.0+0x10/0x10
[   28.604627]  ? lock_release+0x1ea/0x2c0
[   28.604644]  __alloc_frozen_pages_noprof+0x5da/0x6e0
[   28.604651]  ? kernel_text_address+0xd3/0xe0
[   28.604669]  ? __pfx___alloc_frozen_pages_noprof+0x10/0x10
[   28.604677]  ? __pfx_stack_trace_consume_entry+0x10/0x10
[   28.604694]  ? __sanitizer_cov_trace_switch+0x58/0xa0
[   28.604709]  ? policy_nodemask+0xf9/0x450
[   28.604721]  alloc_pages_mpol+0x236/0x4c0
[   28.604733]  ? __pfx_alloc_pages_mpol+0x10/0x10
[   28.604746]  alloc_frozen_pages_noprof+0xa9/0x180
[   28.604758]  allocate_slab+0x37b/0x470
[   28.604774]  ? __sanitizer_cov_trace_const_cmp4+0x1a/0x20
[   28.604788]  ___slab_alloc+0xcce/0x1740
[   28.604799]  ? entry_SYSCALL_64_after_hwframe+0x76/0x7e
[   28.604808]  ? getname_flags.part.0+0x54/0x570
[   28.604826]  ? kmem_cache_alloc_noprof+0x5b/0x7d0
[   28.604834]  ? getname_flags.part.0+0x54/0x570
[   28.604845]  ? debug_smp_processor_id+0x20/0x30
[   28.604861]  __slab_alloc.constprop.0+0x64/0xe0
[   28.604873]  ? __slab_alloc.constprop.0+0x64/0xe0
[   28.604886]  ? getname_flags.part.0+0x54/0x570
[   28.604898]  ? getname_flags.part.0+0x54/0x570
[   28.604912]  kmem_cache_alloc_noprof+0x543/0x7d0
[   28.604921]  ? trace_irq_enable+0xd1/0x110
[   28.604936]  getname_flags.part.0+0x54/0x570
[   28.604948]  ? getname_flags.part.0+0x54/0x570
[   28.604961]  getname_flags+0x9f/0xf0
[   28.604970]  do_sys_openat2+0xb9/0x1d0
[   28.604983]  ? __pfx_do_sys_openat2+0x10/0x10
[   28.604996]  ? __fput+0x6a4/0xb70
[   28.605010]  __x64_sys_openat+0x179/0x240
[   28.605017]  ? __pfx___x64_sys_openat+0x10/0x10
[   28.605026]  ? debug_smp_processor_id+0x20/0x30
[   28.605038]  ? rcu_is_watching+0x19/0xc0
[   28.605049]  x64_sys_call+0xedb/0x2190
[   28.605057]  do_syscall_64+0x6d/0x450
[   28.605069]  entry_SYSCALL_64_after_hwframe+0x76/0x7e
[   28.605076] RIP: 0033:0x7f8c68f3ea53
[   28.605085] Code: 89 7c 24 18 44 89 54 24 0c e8 e9 d1 f5 ff 44 8b 54 24 0c 8b 54 24 1c 41 89 c0 48 8b 74 24 10 8b 7c 24 18 b8 01 01 00 00 0f 05 <48> 3d 00 f0 ff ff 77 35 44 89 c7 89 44 24 0c e8 39 d2 f5 ff 8b 44
[   28.605092] RSP: 002b:00007ffe07988510 EFLAGS: 00000293 ORIG_RAX: 0000000000000101
[   28.605101] RAX: ffffffffffffffda RBX: 000000000000000c RCX: 00007f8c68f3ea53
[   28.605106] RDX: 00000000002a0000 RSI: 000055f706412170 RDI: 000000000000000c
[   28.605110] RBP: 00007ffe07988770 R08: 0000000000000000 R09: 0000000000000020
[   28.605115] R10: 0000000000000000 R11: 0000000000000293 R12: 0000000000000005
[   28.605119] R13: 0000000000000000 R14: 000000000000000c R15: 000055f7063cd470
[   28.605133]  </TASK>
[   28.605137] Mem-Info:
[   28.620463] active_anon:5194 inactive_anon:48856 isolated_anon:0
[   28.620463]  active_file:1283 inactive_file:1964 isolated_file:35
[   28.620463]  unevictable:0 dirty:1 writeback:1
[   28.620463]  slab_reclaimable:4321 slab_unreclaimable:24381
[   28.620463]  mapped:2861 shmem:37538 pagetables:1088
[   28.620463]  sec_pagetables:0 bounce:0
[   28.620463]  kernel_misc_reclaimable:0
[   28.620463]  free:22352 free_pcp:177 free_cma:0
[   28.622391] Node 0 active_anon:20776kB inactive_anon:195424kB active_file:5132kB inactive_file:7856kB unevictable:0kB isolated(anon):0kB isolated(file):140kB mapped:11444kB dirty:4kB writeback:4kB shmem:150152kB shmem_thp:0kB shmem_pmdmapped:0kB anon_thp:0kB kernel_stack:8000kB pagetables:4352kB sec_pagetables:0kB all_unreclaimable? no Balloon:0kB
[   28.623957] Node 0 DMA free:14436kB boost:0kB min:444kB low:552kB high:660kB reserved_highatomic:0KB free_highatomic:0KB active_anon:0kB inactive_anon:272kB active_file:0kB inactive_file:56kB unevictable:0kB writepending:0kB zspages:0kB present:15992kB managed:15360kB mlocked:0kB bounce:0kB free_pcp:4kB local_pcp:0kB free_cma:0kB
[   28.625444] lowmem_reserve[]: 0 1522 1522 1522 1522
[   28.625740] Node 0 DMA32 free:188932kB boost:40960kB min:85568kB low:96720kB high:107872kB reserved_highatomic:0KB free_highatomic:0KB active_anon:20776kB inactive_anon:195160kB active_file:5132kB inactive_file:7808kB unevictable:0kB writepending:8kB zspages:0kB present:2080640kB managed:1559416kB mlocked:0kB bounce:0kB free_pcp:568kB local_pcp:0kB free_cma:0kB
[   28.627337] lowmem_reserve[]: 0 0 0 0 0
[   28.627557] Node 0 DMA: 9*4kB (UME) 13*8kB (UME) 7*16kB (UME) 14*32kB (UE) 13*64kB (UME) 11*128kB (UME) 9*256kB (UE) 8*512kB (UME) 3*1024kB (UME) 1*2048kB (E) 0*4096kB = 14460kB
[   28.628412] Node 0 DMA32: 1367*4kB (UME) 798*8kB (UME) 493*16kB (UME) 414*32kB (UME) 234*64kB (UME) 117*128kB (UME) 30*256kB (UME) 15*512kB (UME) 5*1024kB (U) 4*2048kB (U) 38*4096kB (UM) = 247260kB
[   28.629352] Node 0 hugepages_total=0 hugepages_free=0 hugepages_surp=0 hugepages_size=1048576kB
[   28.629801] Node 0 hugepages_total=0 hugepages_free=0 hugepages_surp=0 hugepages_size=2048kB
[   28.630235] 40814 total pagecache pages
[   28.630441] 0 pages in swap cache
[   28.630621] Free swap  = 0kB
[   28.630782] Total swap = 0kB
[   28.630954] 524158 pages RAM
[   28.631124] 0 pages HighMem/MovableOnly
[   28.631333] 130464 pages reserved
[   28.631517] 0 pages cma reserved
[   28.631695] 0 pages hwpoisoned
[   28.631864] Tasks state (memory values in pages):
[   28.632114] [  pid  ]   uid  tgid total_vm      rss rss_anon rss_file rss_shmem pgtables_bytes swapents oom_score_adj name
[   28.632687] [    141]     0   141     5474      967      256      519       192    86016        0          -250 systemd-journal
[   28.633280] [    164]     0   164     7810     1332      640      692         0    86016        0         -1000 systemd-udevd
