c[?7l[2J[0mSeaBIOS (version rel-1.16.0-0-gd239552ce722-prebuilt.qemu.org)


iPXE (http://ipxe.org) 00:03.0 CA00 PCI2.10 PnP PMM+7FF91000+7FEF1000 CA00
Press Ctrl-B to configure iPXE (PCI 00:03.0)...                                                                               


Booting from ROM...
c[?7l[2J[    0.000000] Linux version 6.18.0-212c4053a150+ (root@p-arls02) (gcc (GCC) 11.5.0 20240719 (Red Hat 11.5.0-14), GNU ld version 2.35.2-68.el9) #1 SMP PREEMPT_DYNAMIC Thu Dec  4 23:52:25 CST 2025
[    0.000000] Command line: console=ttyS0 root=/dev/sda earlyprintk=serial net.ifnames=0 plymouth.enable=0
[    0.000000] KERNEL supported cpus:
[    0.000000]   Intel GenuineIntel
[    0.000000]   AMD AuthenticAMD
[    0.000000]   Hygon HygonGenuine
[    0.000000]   Centaur CentaurHauls
[    0.000000]   zhaoxin   Shanghai  
[    0.000000] x86/CPU: Model not found in latest microcode list
[    0.000000] x86/split lock detection: #DB: warning on user-space bus_locks
[    0.000000] BIOS-provided physical RAM map:
[    0.000000] BIOS-e820: [mem 0x0000000000000000-0x000000000009fbff] usable
[    0.000000] BIOS-e820: [mem 0x000000000009fc00-0x000000000009ffff] reserved
[    0.000000] BIOS-e820: [mem 0x00000000000f0000-0x00000000000fffff] reserved
[    0.000000] BIOS-e820: [mem 0x0000000000100000-0x000000007ffdffff] usable
[    0.000000] BIOS-e820: [mem 0x000000007ffe0000-0x000000007fffffff] reserved
[    0.000000] BIOS-e820: [mem 0x00000000feffc000-0x00000000feffffff] reserved
[    0.000000] BIOS-e820: [mem 0x00000000fffc0000-0x00000000ffffffff] reserved
[    0.000000] printk: legacy bootconsole [earlyser0] enabled
[    0.000000] NX (Execute Disable) protection: active
[    0.000000] APIC: Static calls initialized
[    0.000000] SMBIOS 2.8 present.
[    0.000000] DMI: QEMU Standard PC (i440FX + PIIX, 1996), BIOS rel-1.16.0-0-gd239552ce722-prebuilt.qemu.org 04/01/2014
[    0.000000] DMI: Memory slots populated: 1/1
[    0.000000] Hypervisor detected: KVM
[    0.000000] last_pfn = 0x7ffe0 max_arch_pfn = 0x400000000
[    0.000000] kvm-clock: Using msrs 4b564d01 and 4b564d00
[    0.000003] kvm-clock: using sched offset of 964185693 cycles
[    0.000435] clocksource: kvm-clock: mask: 0xffffffffffffffff max_cycles: 0x1cd42e4dffb, max_idle_ns: 881590591483 ns
[    0.001762] tsc: Detected 1267.200 MHz processor
[    0.008261] last_pfn = 0x7ffe0 max_arch_pfn = 0x400000000
[    0.008739] MTRR map: 4 entries (3 fixed + 1 variable; max 19), built from 8 variable MTRRs
[    0.009424] x86/PAT: Configuration [0-7]: WB  WC  UC- UC  WB  WP  UC- WT  
[    0.019524] found SMP MP-table at [mem 0x000f5ba0-0x000f5baf]
[    0.020023] Using GB pages for direct mapping
[    0.022221] ACPI: Early table checksum verification disabled
[    0.022679] ACPI: RSDP 0x00000000000F59C0 000014 (v00 BOCHS )
[    0.023176] ACPI: RSDT 0x000000007FFE1951 000034 (v01 BOCHS  BXPC     00000001 BXPC 00000001)
[    0.023888] ACPI: FACP 0x000000007FFE17FD 000074 (v01 BOCHS  BXPC     00000001 BXPC 00000001)
[    0.024602] ACPI: DSDT 0x000000007FFE0040 0017BD (v01 BOCHS  BXPC     00000001 BXPC 00000001)
[    0.025310] ACPI: FACS 0x000000007FFE0000 000040
[    0.025702] ACPI: APIC 0x000000007FFE1871 000080 (v01 BOCHS  BXPC     00000001 BXPC 00000001)
[    0.026412] ACPI: HPET 0x000000007FFE18F1 000038 (v01 BOCHS  BXPC     00000001 BXPC 00000001)
[    0.027117] ACPI: WAET 0x000000007FFE1929 000028 (v01 BOCHS  BXPC     00000001 BXPC 00000001)
[    0.027825] ACPI: Reserving FACP table memory at [mem 0x7ffe17fd-0x7ffe1870]
[    0.028405] ACPI: Reserving DSDT table memory at [mem 0x7ffe0040-0x7ffe17fc]
[    0.028982] ACPI: Reserving FACS table memory at [mem 0x7ffe0000-0x7ffe003f]
[    0.029559] ACPI: Reserving APIC table memory at [mem 0x7ffe1871-0x7ffe18f0]
[    0.030131] ACPI: Reserving HPET table memory at [mem 0x7ffe18f1-0x7ffe1928]
[    0.030709] ACPI: Reserving WAET table memory at [mem 0x7ffe1929-0x7ffe1950]
[    0.031775] No NUMA configuration found
[    0.032091] Faking a node at [mem 0x0000000000000000-0x000000007ffdffff]
[    0.032669] NODE_DATA(0) allocated [mem 0x7ffb4ec0-0x7ffdfcbf]
[    0.033728] Zone ranges:
[    0.033943]   DMA      [mem 0x0000000000001000-0x0000000000ffffff]
[    0.034438]   DMA32    [mem 0x0000000001000000-0x000000007ffdffff]
[    0.034940]   Normal   empty
[    0.035172]   Device   empty
[    0.035412] Movable zone start for each node
[    0.035771] Early memory node ranges
[    0.036063]   node   0: [mem 0x0000000000001000-0x000000000009efff]
[    0.036580]   node   0: [mem 0x0000000000100000-0x000000007ffdffff]
[    0.037091] Initmem setup node 0 [mem 0x0000000000001000-0x000000007ffdffff]
[    0.037941] On node 0, zone DMA: 1 pages in unavailable ranges
[    0.038575] On node 0, zone DMA: 97 pages in unavailable ranges
[    0.075748] On node 0, zone DMA32: 32 pages in unavailable ranges
[    0.625960] KernelAddressSanitizer initialized (generic)
[    0.626694] ACPI: PM-Timer IO Port: 0x608
[    0.627042] ACPI: LAPIC_NMI (acpi_id[0xff] dfl dfl lint[0x1])
[    0.627576] IOAPIC[0]: apic_id 0, version 17, address 0xfec00000, GSI 0-23
[    0.628160] ACPI: INT_SRC_OVR (bus 0 bus_irq 0 global_irq 2 dfl dfl)
[    0.628678] ACPI: INT_SRC_OVR (bus 0 bus_irq 5 global_irq 5 high level)
[    0.629219] ACPI: INT_SRC_OVR (bus 0 bus_irq 9 global_irq 9 high level)
[    0.629758] ACPI: INT_SRC_OVR (bus 0 bus_irq 10 global_irq 10 high level)
[    0.630297] ACPI: INT_SRC_OVR (bus 0 bus_irq 11 global_irq 11 high level)
[    0.630863] ACPI: Using ACPI (MADT) for SMP configuration information
[    0.631388] ACPI: HPET id: 0x8086a201 base: 0xfed00000
[    0.631813] TSC deadline timer available
[    0.632140] CPU topo: Max. logical packages:   1
[    0.632520] CPU topo: Max. logical dies:       1
[    0.632894] CPU topo: Max. dies per package:   1
[    0.633273] CPU topo: Max. threads per core:   1
[    0.633650] CPU topo: Num. cores per package:     2
[    0.634047] CPU topo: Num. threads per package:   2
[    0.634446] CPU topo: Allowing 2 present CPUs plus 0 hotplug CPUs
[    0.635002] kvm-guest: APIC: eoi() replaced with kvm_guest_apic_eoi_write()
[    0.635613] kvm-guest: KVM setup pv remote TLB flush
[    0.636015] kvm-guest: setup PV sched yield
[    0.636403] PM: hibernation: Registered nosave memory: [mem 0x00000000-0x00000fff]
[    0.637023] PM: hibernation: Registered nosave memory: [mem 0x0009f000-0x000fffff]
[    0.637628] [mem 0x80000000-0xfeffbfff] available for PCI devices
[    0.638124] Booting paravirtualized kernel on KVM
[    0.638517] clocksource: refined-jiffies: mask: 0xffffffff max_cycles: 0xffffffff, max_idle_ns: 7645519600211568 ns
[    0.639364] setup_percpu: NR_CPUS:8192 nr_cpumask_bits:2 nr_cpu_ids:2 nr_node_ids:1
[    0.687973] percpu: Embedded 80 pages/cpu s290816 r8192 d28672 u1048576
[    0.688730] kvm-guest: PV spinlocks enabled
[    0.689077] PV qspinlock hash table entries: 256 (order: 0, 4096 bytes, linear)
[    0.689689] Kernel command line: net.ifnames=0 console=ttyS0 root=/dev/sda earlyprintk=serial net.ifnames=0 plymouth.enable=0
[    0.690922] random: crng init done
[    0.691216] printk: log buffer data + meta data: 262144 + 917504 = 1179648 bytes
[    0.694169] Dentry cache hash table entries: 262144 (order: 9, 2097152 bytes, linear)
[    0.696127] Inode-cache hash table entries: 131072 (order: 8, 1048576 bytes, linear)
[    0.697143] Fallback order for Node 0: 0 
[    0.697159] Built 1 zonelists, mobility grouping on.  Total pages: 524158
[    0.698007] Policy zone: DMA32
[    0.698258] mem auto-init: stack:off, heap alloc:off, heap free:off
[    0.698749] stackdepot: allocating hash table via alloc_large_system_hash
[    0.699334] stackdepot hash table entries: 1048576 (order: 12, 16777216 bytes, linear)
[    0.716185] stackdepot: allocating space for 8192 stack pools via memblock
[    0.749921] SLUB: HWalign=64, Order=0-3, MinObjects=0, CPUs=2, Nodes=1
[    0.750491] kmemleak: Kernel memory leak detector disabled
[    0.789096] ftrace: allocating 74674 entries in 292 pages
[    0.789552] ftrace: allocated 292 pages with 3 groups
[    0.794538] Dynamic Preempt: voluntary
[    0.795367] Running RCU self tests
[    0.795642] Running RCU synchronous self tests
[    0.795993] rcu: Preemptible hierarchical RCU implementation.
[    0.796445] rcu: 	RCU lockdep checking is enabled.
[    0.796821] rcu: 	RCU restricting CPUs from NR_CPUS=8192 to nr_cpu_ids=2.
[    0.797345] 	Trampoline variant of Tasks RCU enabled.
[    0.797743] 	Rude variant of Tasks RCU enabled.
[    0.798096] 	Tracing variant of Tasks RCU enabled.
[    0.798474] rcu: RCU calculated value of scheduler-enlistment delay is 25 jiffies.
[    0.799064] rcu: Adjusting geometry for rcu_fanout_leaf=16, nr_cpu_ids=2
[    0.799689] Running RCU synchronous self tests
[    0.800044] RCU Tasks: Setting shift to 1 and lim to 1 rcu_task_cb_adjust=1 rcu_task_cpu_ids=2.
[    0.800735] RCU Tasks Rude: Setting shift to 1 and lim to 1 rcu_task_cb_adjust=1 rcu_task_cpu_ids=2.
[    0.801456] RCU Tasks Trace: Setting shift to 1 and lim to 1 rcu_task_cb_adjust=1 rcu_task_cpu_ids=2.
[    0.866466] NR_IRQS: 524544, nr_irqs: 440, preallocated irqs: 16
[    0.867524] rcu: srcu_init: Setting srcu_struct sizes based on contention.
[    0.874740] Console: colour VGA+ 80x25
[    0.875119] printk: legacy console [ttyS0] enabled
[    0.875119] printk: legacy console [ttyS0] enabled
[    0.875896] printk: legacy bootconsole [earlyser0] disabled
[    0.875896] printk: legacy bootconsole [earlyser0] disabled
[    0.876798] Lock dependency validator: Copyright (c) 2006 Red Hat, Inc., Ingo Molnar
[    0.877421] ... MAX_LOCKDEP_SUBCLASSES:  8
[    0.877757] ... MAX_LOCK_DEPTH:          48
[    0.878099] ... MAX_LOCKDEP_KEYS:        8192
[    0.878457] ... CLASSHASH_SIZE:          4096
[    0.878818] ... MAX_LOCKDEP_ENTRIES:     524288
[    0.879187] ... MAX_LOCKDEP_CHAINS:      524288
[    0.879556] ... CHAINHASH_SIZE:          262144
[    0.879923]  memory used by lock dependency info: 54145 kB
[    0.880368]  memory used for stack traces: 4224 kB
[    0.880757]  per task-struct memory footprint: 1920 bytes
[    0.881289] ACPI: Core revision 20250807
[    0.882010] clocksource: hpet: mask: 0xffffffff max_cycles: 0xffffffff, max_idle_ns: 19112604467 ns
[    0.882929] APIC: Switch to symmetric I/O mode setup
[    0.883527] x2apic enabled
[    0.884109] APIC: Switched APIC routing to: physical x2apic
[    0.884572] kvm-guest: APIC: send_IPI_mask() replaced with kvm_send_ipi_mask()
[    0.885173] kvm-guest: APIC: send_IPI_mask_allbutself() replaced with kvm_send_ipi_mask_allbutself()
[    0.885900] kvm-guest: setup PV IPIs
[    0.887177] ..TIMER: vector=0x30 apic1=0 pin1=2 apic2=-1 pin2=-1
[    0.887661] clocksource: tsc-early: mask: 0xffffffffffffffff max_cycles: 0x12441513526, max_idle_ns: 440795239872 ns
[    0.888523] Calibrating delay loop (skipped) preset value.. 2534.40 BogoMIPS (lpj=5068800)
[    0.889342] CPU0: Thermal monitoring enabled (TM1)
[    0.889749] x86/cpu: User Mode Instruction Prevention (UMIP) activated
[    0.890388] Last level iTLB entries: 4KB 0, 2MB 0, 4MB 0
[    0.890821] Last level dTLB entries: 4KB 0, 2MB 0, 4MB 0, 1GB 0
[    0.892568] mitigations: Enabled attack vectors: user_kernel, user_user, guest_host, guest_guest, SMT mitigations: auto
[    0.893497] Speculative Store Bypass: Mitigation: Speculative Store Bypass disabled via prctl
[    0.894177] Spectre V2 : Mitigation: Enhanced / Automatic IBRS
[    0.894647] ITS: Mitigation: Aligned branch/return thunks
[    0.895085] Spectre V1 : Mitigation: usercopy/swapgs barriers and __user pointer sanitization
[    0.895740] Spectre V2 : WARNING: Unprivileged eBPF is enabled with eIBRS on, data leaks possible via Spectre v2 BHB attacks!
[    0.896515] Spectre V2 : Spectre v2 / PBRSB-eIBRS: Retire a single CALL on VMEXIT
[    0.897098] Spectre V2 : mitigation: Enabling conditional Indirect Branch Prediction Barrier
[    0.897746] active return thunk: its_return_thunk
[    0.898126] Spectre V2 : Spectre BHI mitigation: SW BHB clearing on syscall and VM exit
[    0.898771] x86/fpu: Supporting XSAVE feature 0x001: 'x87 floating point registers'
[    0.899382] x86/fpu: Supporting XSAVE feature 0x002: 'SSE registers'
[    0.900510] x86/fpu: Supporting XSAVE feature 0x004: 'AVX registers'
[    0.901025] x86/fpu: Supporting XSAVE feature 0x200: 'Protection Keys User registers'
[    0.901653] x86/fpu: xstate_offset[2]:  576, xstate_sizes[2]:  256
[    0.902154] x86/fpu: xstate_offset[9]:  832, xstate_sizes[9]:    8
[    0.902658] x86/fpu: Enabled xstate features 0x207, context size is 840 bytes, using 'compacted' format.
[    1.036004] Freeing SMP alternatives memory: 64K
[    1.036419] pid_max: default: 32768 minimum: 301
[    1.036795] LSM: initializing lsm=capability,yama,ima,evm
[    1.037343] Yama: becoming mindful.
[    1.038033] Mount-cache hash table entries: 4096 (order: 3, 32768 bytes, linear)
[    1.038626] Mountpoint-cache hash table entries: 4096 (order: 3, 32768 bytes, linear)
[    1.041283] Running RCU synchronous self tests
[    1.041637] Running RCU synchronous self tests
[    1.042432] smpboot: CPU0: Genuine Intel(R) 0000 @ (family: 0x6, model: 0xc6, stepping: 0x0)
[    1.044132] Performance Events: unsupported CPU family 6 model 198 no PMU driver, software events only.
[    1.044507] signal: max sigframe size: 3632
[    1.044507] rcu: Hierarchical SRCU implementation.
[    1.044507] rcu: 	Max phase no-delay instances is 1000.
[    1.044728] Timer migration: 1 hierarchy levels; 8 children per group; 1 crossnode level
[    1.056690] NMI watchdog: Perf NMI watchdog permanently disabled
[    1.057489] smp: Bringing up secondary CPUs ...
[    1.058631] smpboot: x86: Booting SMP configuration:
[    1.059045] .... node  #0, CPUs:      #1
[    1.060643] smp: Brought up 1 node, 2 CPUs
[    1.061425] smpboot: Total of 2 processors activated (5068.80 BogoMIPS)
[    1.062311] Memory: 1541060K/2096632K available (80005K kernel code, 15398K rwdata, 18472K rodata, 16260K init, 68372K bss, 544140K reserved, 0K cma-reserved)
[    1.064994] devtmpfs: initialized
[    1.065672] x86/mm: Memory block size: 128MB
[    1.077359] Running RCU synchronous self tests
[    1.077783] Running RCU synchronous self tests
[    1.078291] Running RCU Tasks wait API self tests
[    1.080565] Running RCU Tasks Rude wait API self tests
[    1.080984] Running RCU Tasks Trace wait API self tests
[    1.100586] clocksource: jiffies: mask: 0xffffffff max_cycles: 0xffffffff, max_idle_ns: 7645041785100000 ns
[    1.104591] posixtimers hash table entries: 1024 (order: 5, 73728 bytes, linear)
[    1.105314] futex hash table entries: 512 (65536 bytes on 1 NUMA nodes, total 64 KiB, linear).
[    1.106540] pinctrl core: initialized pinctrl subsystem
[    1.108282] 
[    1.108409] *************************************************************
[    1.108516] **     NOTICE NOTICE NOTICE NOTICE NOTICE NOTICE NOTICE    **
[    1.109055] **                                                         **
[    1.109596] **  IOMMU DebugFS SUPPORT HAS BEEN ENABLED IN THIS KERNEL  **
[    1.110140] **                                                         **
[    1.110682] ** This means that this kernel is built to expose internal **
[    1.111231] ** IOMMU data structures, which may compromise security on **
[    1.111775] ** your system.                                            **
[    1.112314] **                                                         **
[    1.112512] ** If you see this message and you are not debugging the   **
[    1.113035] ** kernel, report this immediately to your vendor!         **
[    1.113578] **                                                         **
[    1.114117] **     NOTICE NOTICE NOTICE NOTICE NOTICE NOTICE NOTICE    **
[    1.114658] *************************************************************
[    1.115296] PM: RTC time: 15:55:20, date: 2025-12-04
[    1.120490] NET: Registered PF_NETLINK/PF_ROUTE protocol family
[    1.121924] DMA: preallocated 256 KiB GFP_KERNEL pool for atomic allocations
[    1.122507] DMA: preallocated 256 KiB GFP_KERNEL|GFP_DMA pool for atomic allocations
[    1.123154] DMA: preallocated 256 KiB GFP_KERNEL|GFP_DMA32 pool for atomic allocations
[    1.123867] audit: initializing netlink subsys (disabled)
[    1.124564] audit: type=2000 audit(1764863720.242:1): state=initialized audit_enabled=0 res=1
[    1.126927] thermal_sys: Registered thermal governor 'fair_share'
[    1.126938] thermal_sys: Registered thermal governor 'bang_bang'
[    1.127445] thermal_sys: Registered thermal governor 'step_wise'
[    1.127925] thermal_sys: Registered thermal governor 'user_space'
[    1.128531] cpuidle: using governor ladder
[    1.129363] cpuidle: using governor menu
[    1.129363] acpiphp: ACPI Hot Plug PCI Controller Driver version: 0.5
[    1.130555] PCI: Using configuration type 1 for base access
[    1.132542] Callback from call_rcu_tasks_trace() invoked.
[    1.132604] kprobes: kprobe jump-optimization is enabled. All kprobes are optimized if possible.
[    1.138179] HugeTLB: registered 1.00 GiB page size, pre-allocated 0 pages
[    1.138179] HugeTLB: 16380 KiB vmemmap can be freed for a 1.00 GiB page
[    1.140543] HugeTLB: registered 2.00 MiB page size, pre-allocated 0 pages
[    1.141776] HugeTLB: 28 KiB vmemmap can be freed for a 2.00 MiB page
[    1.275099] ACPI: Added _OSI(Module Device)
[    1.275509] ACPI: Added _OSI(Processor Device)
[    1.275881] ACPI: Added _OSI(Processor Aggregator Device)
[    1.291422] ACPI: 1 ACPI AML tables successfully acquired and loaded
[    1.304700] ACPI: Interpreter enabled
[    1.305189] ACPI: PM: (supports S0 S3 S4 S5)
[    1.305547] ACPI: Using IOAPIC for interrupt routing
[    1.306045] PCI: Using host bridge windows from ACPI; if necessary, use "pci=nocrs" and report a bug
[    1.306767] PCI: Using E820 reservations for host bridge windows
[    1.308427] ACPI: Enabled 2 GPEs in block 00 to 0F
[    1.345405] ACPI: PCI Root Bridge [PCI0] (domain 0000 [bus 00-ff])
[    1.345972] acpi PNP0A03:00: _OSC: OS supports [ASPM ClockPM Segments MSI EDR HPX-Type3]
[    1.346620] acpi PNP0A03:00: _OSC: not requesting OS control; OS requires [ExtendedConfig ASPM ClockPM MSI]
[    1.347548] acpi PNP0A03:00: fail to add MMCONFIG information, can't access extended configuration space under this bridge
[    1.352848] acpiphp: Slot [3] registered
[    1.353286] acpiphp: Slot [4] registered
[    1.353730] acpiphp: Slot [5] registered
[    1.354200] acpiphp: Slot [6] registered
[    1.354646] acpiphp: Slot [7] registered
[    1.355115] acpiphp: Slot [8] registered
[    1.355559] acpiphp: Slot [9] registered
[    1.356024] acpiphp: Slot [10] registered
[    1.356471] acpiphp: Slot [11] registered
[    1.356638] acpiphp: Slot [12] registered
[    1.357090] acpiphp: Slot [13] registered
[    1.357548] acpiphp: Slot [14] registered
[    1.357998] acpiphp: Slot [15] registered
[    1.358450] acpiphp: Slot [16] registered
[    1.358907] acpiphp: Slot [17] registered
[    1.359387] acpiphp: Slot [18] registered
[    1.359841] acpiphp: Slot [19] registered
[    1.360289] acpiphp: Slot [20] registered
[    1.360643] acpiphp: Slot [21] registered
[    1.361901] acpiphp: Slot [22] registered
[    1.362370] acpiphp: Slot [23] registered
[    1.362784] acpiphp: Slot [24] registered
[    1.363212] acpiphp: Slot [25] registered
[    1.363631] acpiphp: Slot [26] registered
[    1.364043] acpiphp: Slot [27] registered
[    1.364458] acpiphp: Slot [28] registered
[    1.364643] acpiphp: Slot [29] registered
[    1.365089] acpiphp: Slot [30] registered
[    1.365536] acpiphp: Slot [31] registered
[    1.365942] PCI host bridge to bus 0000:00
[    1.366344] pci_bus 0000:00: root bus resource [io  0x0000-0x0cf7 window]
[    1.366894] pci_bus 0000:00: root bus resource [io  0x0d00-0xffff window]
[    1.367446] pci_bus 0000:00: root bus resource [mem 0x000a0000-0x000bffff window]
[    1.368051] pci_bus 0000:00: root bus resource [mem 0x80000000-0xfebfffff window]
[    1.368518] pci_bus 0000:00: root bus resource [mem 0x100000000-0x17fffffff window]
[    1.369147] pci_bus 0000:00: root bus resource [bus 00-ff]
[    1.369715] pci 0000:00:00.0: [8086:1237] type 00 class 0x060000 conventional PCI endpoint
[    1.384976] pci 0000:00:01.0: [8086:7000] type 00 class 0x060100 conventional PCI endpoint
[    1.388740] pci 0000:00:01.1: [8086:7010] type 00 class 0x010180 conventional PCI endpoint
[    1.390011] pci 0000:00:01.1: BAR 4 [io  0xc040-0xc04f]
[    1.390471] pci 0000:00:01.1: BAR 0 [io  0x01f0-0x01f7]: legacy IDE quirk
[    1.391022] pci 0000:00:01.1: BAR 1 [io  0x03f6]: legacy IDE quirk
[    1.391523] pci 0000:00:01.1: BAR 2 [io  0x0170-0x0177]: legacy IDE quirk
[    1.392074] pci 0000:00:01.1: BAR 3 [io  0x0376]: legacy IDE quirk
[    1.393058] pci 0000:00:01.3: [8086:7113] type 00 class 0x068000 conventional PCI endpoint
[    1.394029] pci 0000:00:01.3: quirk: [io  0x0600-0x063f] claimed by PIIX4 ACPI
[    1.394634] pci 0000:00:01.3: quirk: [io  0x0700-0x070f] claimed by PIIX4 SMB
[    1.395775] pci 0000:00:02.0: [1234:1111] type 00 class 0x030000 conventional PCI endpoint
[    1.417222] pci 0000:00:02.0: BAR 0 [mem 0xfd000000-0xfdffffff pref]
[    1.417894] pci 0000:00:02.0: BAR 2 [mem 0xfebf0000-0xfebf0fff]
[    1.418420] pci 0000:00:02.0: ROM [mem 0xfebe0000-0xfebeffff pref]
[    1.419450] pci 0000:00:02.0: Video device with shadowed ROM at [mem 0x000c0000-0x000dffff]
[    1.430237] pci 0000:00:03.0: [8086:100e] type 00 class 0x020000 conventional PCI endpoint
[    1.432559] pci 0000:00:03.0: BAR 0 [mem 0xfebc0000-0xfebdffff]
[    1.433664] pci 0000:00:03.0: BAR 1 [io  0xc000-0xc03f]
[    1.434692] pci 0000:00:03.0: ROM [mem 0xfeb80000-0xfebbffff pref]
[    1.458965] ACPI: PCI: Interrupt link LNKA configured for IRQ 10
[    1.460524] ACPI: PCI: Interrupt link LNKB configured for IRQ 10
[    1.461904] ACPI: PCI: Interrupt link LNKC configured for IRQ 11
[    1.463251] ACPI: PCI: Interrupt link LNKD configured for IRQ 11
[    1.464149] ACPI: PCI: Interrupt link LNKS configured for IRQ 9
[    1.468571] iommu: Default domain type: Translated
[    1.468999] iommu: DMA domain TLB invalidation policy: lazy mode
[    1.474149] SCSI subsystem initialized
[    1.476508] ACPI: bus type USB registered
[    1.476508] usbcore: registered new interface driver usbfs
[    1.476508] usbcore: registered new interface driver hub
[    1.476606] usbcore: registered new device driver usb
[    1.477472] pps_core: LinuxPPS API ver. 1 registered
[    1.477899] pps_core: Software ver. 5.3.6 - Copyright 2005-2007 Rodolfo Giometti <giometti@linux.it>
[    1.478697] PTP clock support registered
[    1.481102] EDAC MC: Ver: 3.0.0
[    1.483832] NetLabel: Initializing
[    1.484143] NetLabel:  domain hash size = 128
[    1.484499] NetLabel:  protocols = UNLABELED CIPSOv4 CALIPSO
[    1.484733] NetLabel:  unlabeled traffic allowed by default
[    1.486030] PCI: Using ACPI for IRQ routing
[    1.486892] pci 0000:00:02.0: vgaarb: setting as boot VGA device
[    1.487418] pci 0000:00:02.0: vgaarb: bridge control possible
[    1.487910] pci 0000:00:02.0: vgaarb: VGA device added: decodes=io+mem,owns=io+mem,locks=none
[    1.488517] vgaarb: loaded
[    1.489549] hpet0: at MMIO 0xfed00000, IRQs 2, 8, 0
[    1.489987] hpet0: 3 comparators, 64-bit 100.000000 MHz counter
[    1.496508] clocksource: Switched to clocksource kvm-clock
[    1.504522] VFS: Disk quotas dquot_6.6.0
[    1.504961] VFS: Dquot-cache hash table entries: 512 (order 0, 4096 bytes)
[    1.507160] pnp: PnP ACPI init
[    1.511580] pnp: PnP ACPI: found 6 devices
[    1.532267] clocksource: acpi_pm: mask: 0xffffff max_cycles: 0xffffff, max_idle_ns: 2085701024 ns
[    1.533600] NET: Registered PF_INET protocol family
[    1.534376] IP idents hash table entries: 32768 (order: 6, 262144 bytes, linear)
[    1.537960] tcp_listen_portaddr_hash hash table entries: 1024 (order: 5, 73728 bytes, linear)
[    1.539567] Table-perturb hash table entries: 65536 (order: 6, 262144 bytes, linear)
[    1.541194] TCP established hash table entries: 16384 (order: 5, 131072 bytes, linear)
[    1.543410] TCP bind hash table entries: 16384 (order: 10, 2359296 bytes, linear)
[    1.549595] TCP: Hash tables configured (established 16384 bind 16384)
[    1.551070] UDP hash table entries: 1024 (order: 6, 262144 bytes, linear)
[    1.552430] UDP-Lite hash table entries: 1024 (order: 6, 262144 bytes, linear)
[    1.554424] NET: Registered PF_UNIX/PF_LOCAL protocol family
[    1.557028] RPC: Registered named UNIX socket transport module.
[    1.558151] RPC: Registered udp transport module.
[    1.559022] RPC: Registered tcp transport module.
[    1.559880] RPC: Registered tcp-with-tls transport module.
[    1.560906] RPC: Registered tcp NFSv4.1 backchannel transport module.
[    1.562168] pci_bus 0000:00: resource 4 [io  0x0000-0x0cf7 window]
[    1.563306] pci_bus 0000:00: resource 5 [io  0x0d00-0xffff window]
[    1.564467] pci_bus 0000:00: resource 6 [mem 0x000a0000-0x000bffff window]
[    1.565716] pci_bus 0000:00: resource 7 [mem 0x80000000-0xfebfffff window]
[    1.566973] pci_bus 0000:00: resource 8 [mem 0x100000000-0x17fffffff window]
[    1.568801] pci 0000:00:01.0: PIIX3: Enabling Passive Release
[    1.569862] pci 0000:00:00.0: Limiting direct PCI/PCI transfers
[    1.571107] PCI: CLS 0 bytes, default 64
[    1.572142] ACPI: bus type thunderbolt registered
[    1.573722] clocksource: tsc: mask: 0xffffffffffffffff max_cycles: 0x12441513526, max_idle_ns: 440795239872 ns
[    3.827853] Initialise system trusted keyrings
[    3.832637] Key type blacklist registered
[    3.833618] workingset: timestamp_bits=36 max_order=19 bucket_order=0
[    3.836206] squashfs: version 4.0 (2009/01/31) Phillip Lougher
[    3.838900] NFS: Registering the id_resolver key type
[    3.839444] Key type id_resolver registered
[    3.839792] Key type id_legacy registered
[    3.840179] nfs4filelayout_init: NFSv4 File Layout Driver Registering...
[    3.840787] nfs4flexfilelayout_init: NFSv4 Flexfile Layout Driver Registering...
[    3.841719] fuse: init (API version 7.45)
[    3.842729] SGI XFS with ACLs, security attributes, realtime, quota, no debug enabled
[    3.845323] 9p: Installing v9fs 9p2000 file system support
[    3.859401] Key type asymmetric registered
[    3.859764] Asymmetric key parser 'x509' registered
[    3.860361] Block layer SCSI generic (bsg) driver version 0.4 loaded (major 241)
[    3.861839] io scheduler mq-deadline registered
[    3.862447] io scheduler bfq registered
[    3.863374] ledtrig-cpu: registered to indicate activity on CPUs
[    3.865587] IPMI message handler: version 39.2
[    3.866011] ipmi device interface
[    3.868208] input: Power Button as /devices/LNXSYSTM:00/LNXPWRBN:00/input/input0
[    3.869512] ACPI: button: Power Button [PWRF]
[    3.871997] ERST DBG: ERST support is disabled.
[    3.873992] Serial: 8250/16550 driver, 32 ports, IRQ sharing enabled
[    3.875789] 00:04: ttyS0 at I/O 0x3f8 (irq = 4, base_baud = 115200) is a 16550A
[    3.904299] Linux agpgart interface v0.103
[    3.907040] ACPI: bus type drm_connector registered
[    3.929754] Callback from call_rcu_tasks() invoked.
[    3.939022] brd: module loaded
[    3.958872] loop: module loaded
[    3.974904] scsi host0: ata_piix
[    3.977022] scsi host1: ata_piix
[    3.977836] ata1: PATA max MWDMA2 cmd 0x1f0 ctl 0x3f6 bmdma 0xc040 irq 14 lpm-pol 0
[    3.978441] ata2: PATA max MWDMA2 cmd 0x170 ctl 0x376 bmdma 0xc048 irq 15 lpm-pol 0
[    3.982582] tun: Universal TUN/TAP device driver, 1.6
[    3.983859] e100: Intel(R) PRO/100 Network Driver
[    3.984319] e100: Copyright(c) 1999-2006 Intel Corporation
[    3.984999] e1000: Intel(R) PRO/1000 Network Driver
[    3.985388] e1000: Copyright (c) 1999-2006 Intel Corporation.
[    4.132799] ata2: found unknown device (class 0)
[    4.133658] ata1: found unknown device (class 0)
[    4.134480] ata1.00: ATA-7: QEMU HARDDISK, 2.5+, max UDMA/100
[    4.134956] ata1.00: 17196647 sectors, multi 16: LBA48 
[    4.135781] ata2.00: ATAPI: QEMU DVD-ROM, 2.5+, max UDMA/100
[    4.137880] scsi 0:0:0:0: Direct-Access     ATA      QEMU HARDDISK    2.5+ PQ: 0 ANSI: 5
[    4.140839] sd 0:0:0:0: Attached scsi generic sg0 type 0
[    4.141747] sd 0:0:0:0: [sda] 17196647 512-byte logical blocks: (8.80 GB/8.20 GiB)
[    4.142494] sd 0:0:0:0: [sda] Write Protect is off
[    4.143155] sd 0:0:0:0: [sda] Write cache: enabled, read cache: enabled, doesn't support DPO or FUA
[    4.143175] scsi 1:0:0:0: CD-ROM            QEMU     QEMU DVD-ROM     2.5+ PQ: 0 ANSI: 5
[    4.143955] sd 0:0:0:0: [sda] Preferred minimum I/O size 512 bytes
[    4.174981] scsi 1:0:0:0: Attached scsi generic sg1 type 5
[    4.177738] sd 0:0:0:0: [sda] Attached SCSI disk
[    4.669424] ACPI: \_SB_.LNKC: Enabled at IRQ 11
[    4.980557] e1000 0000:00:03.0 eth0: (PCI:33MHz:32-bit) 52:54:00:12:34:56
[    4.981166] e1000 0000:00:03.0 eth0: Intel(R) PRO/1000 Network Connection
[    4.981920] e1000e: Intel(R) PRO/1000 Network Driver
[    4.982315] e1000e: Copyright(c) 1999 - 2015 Intel Corporation.
[    4.982966] igb: Intel(R) Gigabit Ethernet Network Driver
[    4.983375] igb: Copyright (c) 2007-2014 Intel Corporation.
[    4.984193] PPP generic driver version 2.4.2
[    4.986715] VFIO - User Level meta-driver version: 0.3
[    4.990062] usbcore: registered new interface driver uas
[    4.990672] usbcore: registered new interface driver usb-storage
[    4.991481] i8042: PNP: PS/2 Controller [PNP0303:KBD,PNP0f13:MOU] at 0x60,0x64 irq 1,12
[    4.996086] serio: i8042 KBD port at 0x60,0x64 irq 1
[    4.996597] serio: i8042 AUX port at 0x60,0x64 irq 12
[    4.998763] mousedev: PS/2 mouse device common for all mice
[    5.001125] rtc_cmos 00:05: RTC can wake from S4
[    5.001945] input: AT Translated Set 2 keyboard as /devices/platform/i8042/serio0/input/input1
[    5.004936] rtc_cmos 00:05: registered as rtc0
[    5.005404] rtc_cmos 00:05: setting system clock to 2025-12-04T15:55:24 UTC (1764863724)
[    5.006418] rtc_cmos 00:05: alarms up to one day, y3k, 242 bytes nvram, hpet irqs
[    5.007112] i2c_dev: i2c /dev entries driver
[    5.008691] input: VirtualPS/2 VMware VMMouse as /devices/platform/i8042/serio1/input/input4
[    5.010046] device-mapper: core: CONFIG_IMA_DISABLE_HTABLE is disabled. Duplicate IMA measurements will not be recorded in the IMA log.
[    5.011087] device-mapper: uevent: version 1.0.3
[    5.012649] input: VirtualPS/2 VMware VMMouse as /devices/platform/i8042/serio1/input/input3
[    5.013598] device-mapper: ioctl: 4.50.0-ioctl (2025-04-28) initialised: dm-devel@lists.linux.dev
[    5.014357] intel_pstate: CPU model not supported
[    5.015317] sdhci: Secure Digital Host Controller Interface driver
[    5.015815] sdhci: Copyright(c) Pierre Ossman
[    5.016432] sdhci-pltfm: SDHCI platform and OF driver helper
[    5.017715] drop_monitor: Initializing network drop monitor service
[    5.018693] NET: Registered PF_INET6 protocol family
[    5.022104] Segment Routing with IPv6
[    5.022500] In-situ OAM (IOAM) with IPv6
[    5.022891] NET: Registered PF_PACKET protocol family
[    5.023928] 9pnet: Installing 9P2000 support
[    5.024990] Key type dns_resolver registered
[    5.028807] IPI shorthand broadcast: enabled
[    5.093579] sched_clock: Marking stable (5076010257, 16440937)->(5098670375, -6219181)
[    5.095512] registered taskstats version 1
[    5.096584] Loading compiled-in X.509 certificates
[    5.173155] Demotion targets for Node 0: null
[    5.175847] Key type .fscrypt registered
[    5.176655] Key type fscrypt-provisioning registered
[    5.184324] Key type encrypted registered
[    5.184806] ima: No TPM chip found, activating TPM-bypass!
[    5.185293] ima: Allocated hash algorithm: sha1
[    5.185775] ima: No architecture policies found
[    5.186346] evm: Initialising EVM extended attributes:
[    5.186768] evm: security.selinux
[    5.187053] evm: security.SMACK64
[    5.187331] evm: security.SMACK64EXEC
[    5.187636] evm: security.SMACK64TRANSMUTE
[    5.187977] evm: security.SMACK64MMAP
[    5.188285] evm: security.apparmor
[    5.188676] evm: security.ima
[    5.188933] evm: security.capability
[    5.189237] evm: HMAC attrs: 0x1
[    5.192113] PM:   Magic number: 5:818:941
[    5.193864] RAS: Correctable Errors collector initialized.
[    5.195882] clk: Disabling unused clocks
[    5.196718] PM: genpd: Disabling unused power domains
[    5.198802] check access for rdinit=/init failed: -2, ignoring
[    5.199533] md: Waiting for all devices to be available before autodetect
[    5.200341] md: If you don't use raid, use raid=noautodetect
[    5.201185] md: Autodetecting RAID arrays.
[    5.201718] md: autorun ...
[    5.202080] md: ... autorun DONE.
[    5.222301] EXT4-fs (sda): mounted filesystem 088740a9-c8b4-422c-999d-a804eb68a4da ro with ordered data mode. Quota mode: none.
[    5.223967] VFS: Mounted root (ext4 filesystem) readonly on device 8:0.
[    5.229183] devtmpfs: mounted
[    5.252994] Freeing unused decrypted memory: 2036K
[    5.261525] Freeing unused kernel image (initmem) memory: 16260K
[    5.262143] Write protecting the kernel read-only data: 102400k
[    5.265587] Freeing unused kernel image (text/rodata gap) memory: 1912K
[    5.268415] Freeing unused kernel image (rodata/data gap) memory: 2008K
[    5.337692] x86/mm: Checked W+X mappings: passed, no W+X pages found.
[    5.338085] Run /sbin/init as init process
[    5.570350] systemd[1]: systemd 252-15.el9 running in system mode (+PAM +AUDIT +SELINUX -APPARMOR +IMA +SMACK +SECCOMP +GCRYPT +GNUTLS +OPENSSL +ACL +BLKID +CURL +ELFUTILS -FIDO2 +IDN2 -IDN -IPTC +KMOD +LIBCRYPTSETUP +LIBFDISK +PCRE2 -PWQUALITY +P11KIT -QRENCODE +TPM2 +BZIP2 +LZ4 +XZ +ZLIB +ZSTD -BPF_FRAMEWORK +XKBCOMMON +UTMP +SYSVINIT default-hierarchy=unified)
[    5.571972] systemd[1]: Detected virtualization kvm.
[    5.572250] systemd[1]: Detected architecture x86-64.

Welcome to [0;31mCentOS Stream 9[0m!

[    5.580582] systemd[1]: Hostname set to <test>.
[    5.800581] systemd-rc-local-generator[119]: /etc/rc.d/rc.local is not marked executable, skipping.
[    6.210822] systemd[1]: Queued start job for default target Multi-User System.
[    6.235584] systemd[1]: Created slice Virtual Machine and Container Slice.
[[0;32m  OK  [0m] Created slice [0;1;39mVirtual Machine and Container Slice[0m.
[    6.240699] systemd[1]: Created slice Slice /system/getty.
[[0;32m  OK  [0m] Created slice [0;1;39mSlice /system/getty[0m.
[    6.243488] systemd[1]: Created slice Slice /system/modprobe.
[[0;32m  OK  [0m] Created slice [0;1;39mSlice /system/modprobe[0m.
[    6.246648] systemd[1]: Created slice Slice /system/serial-getty.
[[0;32m  OK  [0m] Created slice [0;1;39mSlice /system/serial-getty[0m.
[    6.249448] systemd[1]: Created slice Slice /system/sshd-keygen.
[[0;32m  OK  [0m] Created slice [0;1;39mSlice /system/sshd-keygen[0m.
[    6.252131] systemd[1]: Created slice User and Session Slice.
[[0;32m  OK  [0m] Created slice [0;1;39mUser and Session Slice[0m.
[    6.253409] systemd[1]: Started Forward Password Requests to Wall Directory Watch.
[[0;32m  OK  [0m] Started [0;1;39mForward Password R…uests to Wall Directory Watch[0m.
[    6.255438] systemd[1]: Set up automount Arbitrary Executable File Formats File System Automount Point.
[[0;32m  OK  [0m] Set up automount [0;1;39mArbitrary…s File System Automount Point[0m.
[    6.256714] systemd[1]: Reached target Local Integrity Protected Volumes.
[[0;32m  OK  [0m] Reached target [0;1;39mLocal Integrity Protected Volumes[0m.
[    6.257984] systemd[1]: Reached target Slice Units.
[[0;32m  OK  [0m] Reached target [0;1;39mSlice Units[0m.
[    6.259011] systemd[1]: Reached target Swaps.
[[0;32m  OK  [0m] Reached target [0;1;39mSwaps[0m.
[    6.259954] systemd[1]: Reached target Local Verity Protected Volumes.
[[0;32m  OK  [0m] Reached target [0;1;39mLocal Verity Protected Volumes[0m.
[    6.262068] systemd[1]: Listening on Device-mapper event daemon FIFOs.
[[0;32m  OK  [0m] Listening on [0;1;39mDevice-mapper event daemon FIFOs[0m.
[    6.264261] systemd[1]: Listening on LVM2 poll daemon socket.
[[0;32m  OK  [0m] Listening on [0;1;39mLVM2 poll daemon socket[0m.
[    6.265820] systemd[1]: multipathd control socket was skipped because of an unmet condition check (ConditionPathExists=/etc/multipath.conf).
[    6.323070] systemd[1]: Listening on RPCbind Server Activation Socket.
[[0;32m  OK  [0m] Listening on [0;1;39mRPCbind Server Activation Socket[0m.
[    6.325279] systemd[1]: Reached target RPC Port Mapper.
[[0;32m  OK  [0m] Reached target [0;1;39mRPC Port Mapper[0m.
[    6.329071] systemd[1]: Listening on Process Core Dump Socket.
[[0;32m  OK  [0m] Listening on [0;1;39mProcess Core Dump Socket[0m.
[    6.330948] systemd[1]: Listening on initctl Compatibility Named Pipe.
[[0;32m  OK  [0m] Listening on [0;1;39minitctl Compatibility Named Pipe[0m.
[    6.333226] systemd[1]: Listening on Journal Socket (/dev/log).
[[0;32m  OK  [0m] Listening on [0;1;39mJournal Socket (/dev/log)[0m.
[    6.335220] systemd[1]: Listening on Journal Socket.
[[0;32m  OK  [0m] Listening on [0;1;39mJournal Socket[0m.
[    6.336679] systemd[1]: Listening on udev Control Socket.
[[0;32m  OK  [0m] Listening on [0;1;39mudev Control Socket[0m.
[    6.337789] systemd[1]: Listening on udev Kernel Socket.
[[0;32m  OK  [0m] Listening on [0;1;39mudev Kernel Socket[0m.
[    6.344255] systemd[1]: Mounting Huge Pages File System...
         Mounting [0;1;39mHuge Pages File System[0m...
[    6.352838] systemd[1]: Mounting POSIX Message Queue File System...
         Mounting [0;1;39mPOSIX Message Queue File System[0m...
[    6.377350] systemd[1]: Mounting Kernel Debug File System...
         Mounting [0;1;39mKernel Debug File System[0m...
[    6.384551] systemd[1]: Mounting Kernel Trace File System...
         Mounting [0;1;39mKernel Trace File System[0m...
[    6.385999] systemd[1]: Kernel Module supporting RPCSEC_GSS was skipped because of an unmet condition check (ConditionPathExists=/etc/krb5.keytab).
[    6.386884] systemd[1]: Create List of Static Device Nodes was skipped because of an unmet condition check (ConditionFileNotEmpty=/lib/modules/6.18.0-212c4053a150+/modules.devname).
[    6.398047] systemd[1]: Starting Monitoring of LVM2 mirrors, snapshots etc. using dmeventd or progress polling...
         Starting [0;1;39mMonitoring of LVM…meventd or progress polling[0m...
[    6.408766] systemd[1]: Starting Load Kernel Module configfs...
         Starting [0;1;39mLoad Kernel Module configfs[0m...
[    6.420717] systemd[1]: Starting Load Kernel Module drm...
         Starting [0;1;39mLoad Kernel Module drm[0m...
[    6.430034] systemd[1]: Starting Load Kernel Module fuse...
         Starting [0;1;39mLoad Kernel Module fuse[0m...
[    6.445009] systemd[1]: Starting Read and set NIS domainname from /etc/sysconfig/network...
         Starting [0;1;39mRead and set NIS …from /etc/sysconfig/network[0m...
[    6.469344] systemd[1]: Starting Journal Service...
         Starting [0;1;39mJournal Service[0m...
[    6.490673] systemd[1]: Starting Load Kernel Modules...
         Starting [0;1;39mLoad Kernel Modules[0m...
[    6.513173] systemd[1]: Starting Generate network units from Kernel command line...
         Starting [0;1;39mGenerate network …ts from Kernel command line[0m...
[    6.533402] systemd[1]: Starting Remount Root and Kernel File Systems...
         Starting [0;1;39mRemount Root and Kernel File Systems[0m...
[    6.534850] systemd[1]: Repartition Root Disk was skipped because no trigger condition checks were met.
[    6.562408] systemd[1]: Starting Coldplug All udev Devices...
         Starting [0;1;39mColdplug All udev Devices[0m...
[    6.590273] systemd[1]: Mounted Huge Pages File System.
[[0;32m  OK  [0m] Mounted [0;1;39mHuge Pages File System[0m.
[    6.591795] systemd[1]: Mounted POSIX Message Queue File System.
[[0;32m  OK  [0m] Mounted [0;1;39mPOSIX Message Queue File System[0m.
[    6.593401] systemd[1]: Mounted Kernel Debug File System.
[[0;32m  OK  [0m] Mounted [0;1;39mKernel Debug File System[0m.
[    6.598108] systemd[1]: Mounted Kernel Trace File System.
[[0;32m  OK  [0m] Mounted [0;1;39mKernel Trace File System[0m.
[    6.603150] systemd[1]: Finished Monitoring of LVM2 mirrors, snapshots etc. using dmeventd or progress polling.
[[0;32m  OK  [0m] Finished [0;1;39mMonitoring of LVM… dmeventd or progress polling[0m.
[    6.609333] EXT4-fs (sda): re-mounted 088740a9-c8b4-422c-999d-a804eb68a4da r/w.
[    6.610966] systemd[1]: modprobe@configfs.service: Deactivated successfully.
[    6.618260] systemd[1]: Finished Load Kernel Module configfs.
[[0;32m  OK  [0m] Finished [0;1;39mLoad Kernel Module configfs[0m.
[    6.633584] systemd[1]: modprobe@drm.service: Deactivated successfully.
[    6.635981] systemd[1]: Finished Load Kernel Module drm.
[[0;32m  OK  [0m] Finished [0;1;39mLoad Kernel Module drm[0m.
[    6.641321] systemd[1]: Started Journal Service.
[[0;32m  OK  [0m] Started [0;1;39mJournal Service[0m.
[[0;32m  OK  [0m] Finished [0;1;39mLoad Kernel Module fuse[0m.
[[0;32m  OK  [0m] Finished [0;1;39mRead and set NIS …e from /etc/sysconfig/network[0m.
[[0;1;31mFAILED[0m] Failed to start [0;1;39mLoad Kernel Modules[0m.
See 'systemctl status systemd-modules-load.service' for details.
[[0;32m  OK  [0m] Finished [0;1;39mGenerate network units from Kernel command line[0m.
[[0;32m  OK  [0m] Finished [0;1;39mRemount Root and Kernel File Systems[0m.
[[0;32m  OK  [0m] Reached target [0;1;39mPreparation for Network[0m.
         Mounting [0;1;39mFUSE Control File System[0m...
         Mounting [0;1;39mKernel Configuration File System[0m...
         Starting [0;1;39mFlush Journal to Persistent Storage[0m...
         Starting [0;1;39mLoad/Save Random Seed[0m...
         Starting [0;1;39mApply Kernel Variables[0m...
         Starting [0;1;39mCreate Static Device Nodes in /dev[0m...
         Starting [0;1;39mSetup Virtual Console[0m...
[[0;32m  OK  [0m] Mounted [0;1;39mFUSE Control File System[0m.
[[0;32m  OK  [0m] Mounted [0;1;39mKernel Configuration File System[0m.
[    6.804813] systemd-journald[141]: Received client request to flush runtime journal.
[[0;32m  OK  [0m] Finished [0;1;39mFlush Journal to Persistent Storage[0m.
[[0;32m  OK  [0m] Finished [0;1;39mLoad/Save Random Seed[0m.
[[0;32m  OK  [0m] Finished [0;1;39mApply Kernel Variables[0m.
[[0;32m  OK  [0m] Finished [0;1;39mCreate Static Device Nodes in /dev[0m.
         Starting [0;1;39mRule-based Manage…for Device Events and Files[0m...
[[0;32m  OK  [0m] Started [0;1;39mRule-based Manager for Device Events and Files[0m.
         Starting [0;1;39mAuto-connect to s…E devices found during boot[0m...
[[0;32m  OK  [0m] Finished [0;1;39mColdplug All udev Devices[0m.
         Starting [0;1;39mWait for udev To …plete Device Initialization[0m...
[[0;32m  OK  [0m] Finished [0;1;39mAuto-connect to s…VME devices found during boot[0m.
[[0;32m  OK  [0m] Finished [0;1;39mSetup Virtual Console[0m.
[[0;32m  OK  [0m] Started [0;1;39mDispatch Password …ts to Console Directory Watch[0m.
[[0;32m  OK  [0m] Reached target [0;1;39mLocal Encrypted Volumes[0m.
[[0;32m  OK  [0m] Reached target [0;1;39mPath Units[0m.
[[0;32m  OK  [0m] Found device [0;1;39m/dev/ttyS0[0m.
[[0;32m  OK  [0m] Listening on [0;1;39mLoad/Save RF …itch Status /dev/rfkill Watch[0m.
[[0;32m  OK  [0m] Finished [0;1;39mWait for udev To Complete Device Initialization[0m.
[[0;32m  OK  [0m] Reached target [0;1;39mPreparation for Local File Systems[0m.
[[0;32m  OK  [0m] Reached target [0;1;39mLocal File Systems[0m.
         Starting [0;1;39mTell Plymouth To Write Out Runtime Data[0m...
         Starting [0;1;39mAutomatic Boot Loader Update[0m...
         Starting [0;1;39mCreate Volatile Files and Directories[0m...
[[0;32m  OK  [0m] Finished [0;1;39mTell Plymouth To Write Out Runtime Data[0m.
[[0;32m  OK  [0m] Finished [0;1;39mAutomatic Boot Loader Update[0m.
[[0;32m  OK  [0m] Finished [0;1;39mCreate Volatile Files and Directories[0m.
         Mounting [0;1;39mRPC Pipe File System[0m...
         Starting [0;1;39mSecurity Auditing Service[0m...
         Starting [0;1;39mRPC Bind[0m...
[[0;32m  OK  [0m] Mounted [0;1;39mRPC Pipe File System[0m.
[[0;32m  OK  [0m] Reached target [0;1;39mrpc_pipefs.target[0m.
[[0;32m  OK  [0m] Started [0;1;39mRPC Bind[0m.
[[0;32m  OK  [0m] Started [0;1;39mSecurity Auditing Service[0m.
         Starting [0;1;39mRecord System Boot/Shutdown in UTMP[0m...
[[0;32m  OK  [0m] Finished [0;1;39mRecord System Boot/Shutdown in UTMP[0m.
[[0;32m  OK  [0m] Reached target [0;1;39mSystem Initialization[0m.
[[0;32m  OK  [0m] Started [0;1;39mDaily rotation of log files[0m.
[[0;32m  OK  [0m] Started [0;1;39mUpdates mlocate database every day[0m.
[[0;32m  OK  [0m] Started [0;1;39mDaily Cleanup of Temporary Directories[0m.
[[0;32m  OK  [0m] Started [0;1;39mdaily update of the root trust anchor for DNSSEC[0m.
[[0;32m  OK  [0m] Reached target [0;1;39mTimer Units[0m.
[[0;32m  OK  [0m] Listening on [0;1;39mD-Bus System Message Bus Socket[0m.
[[0;32m  OK  [0m] Listening on [0;1;39mOpen-iSCSI iscsid Socket[0m.
[[0;32m  OK  [0m] Listening on [0;1;39mOpen-iSCSI iscsiuio Socket[0m.
[[0;32m  OK  [0m] Listening on [0;1;39mSSSD Kerberos…ache Manager responder socket[0m.
[[0;32m  OK  [0m] Listening on [0;1;39mLibvirt interface local socket[0m.
[[0;32m  OK  [0m] Listening on [0;1;39mVirtual machine lock manager socket[0m.
[[0;32m  OK  [0m] Listening on [0;1;39mVirtual machine log manager socket[0m.
[[0;32m  OK  [0m] Listening on [0;1;39mLibvirt network local socket[0m.
[[0;32m  OK  [0m] Listening on [0;1;39mLibvirt nodedev local socket[0m.
[[0;32m  OK  [0m] Listening on [0;1;39mLibvirt nwfilter local socket[0m.
[[0;32m  OK  [0m] Listening on [0;1;39mLibvirt proxy local socket[0m.
[[0;32m  OK  [0m] Listening on [0;1;39mLibvirt qemu local socket[0m.
[[0;32m  OK  [0m] Listening on [0;1;39mLibvirt qemu admin socket[0m.
[[0;32m  OK  [0m] Listening on [0;1;39mLibvirt qemu local read-only socket[0m.
[[0;32m  OK  [0m] Listening on [0;1;39mLibvirt secret local socket[0m.
[[0;32m  OK  [0m] Listening on [0;1;39mLibvirt storage local socket[0m.
[[0;32m  OK  [0m] Reached target [0;1;39mSocket Units[0m.
         Starting [0;1;39mD-Bus System Message Bus[0m...
[[0;32m  OK  [0m] Started [0;1;39mD-Bus System Message Bus[0m.
[[0;32m  OK  [0m] Reached target [0;1;39mBasic System[0m.
         Starting [0;1;39mNetwork Manager[0m...
         Starting [0;1;39mNTP client/server[0m...
         Starting [0;1;39mRestore /run/initramfs on shutdown[0m...
[[0;32m  OK  [0m] Started [0;1;39mirqbalance daemon[0m.
[[0;32m  OK  [0m] Started [0;1;39mlibstoragemgmt plug-in server daemon[0m.
[[0;32m  OK  [0m] Started [0;1;39mMachine Check Exception Logging Daemon[0m.
[[0;32m  OK  [0m] Reached target [0;1;39msshd-keygen.target[0m.
[[0;32m  OK  [0m] Reached target [0;1;39mUser and Group Name Lookups[0m.
         Starting [0;1;39mUser Login Management[0m...
         Starting [0;1;39mVirtual Machine a…tainer Registration Service[0m...
         Starting [0;1;39mupdate of the roo…NSSEC validation in unbound[0m...
         Starting [0;1;39mRotate log files[0m...
[[0;32m  OK  [0m] Started [0;1;39mUpdate a database for mlocate[0m.
[[0;32m  OK  [0m] Started [0;1;39mNTP client/server[0m.
[[0;32m  OK  [0m] Finished [0;1;39mRestore /run/initramfs on shutdown[0m.
[[0;32m  OK  [0m] Started [0;1;39mVirtual Machine an…ontainer Registration Service[0m.
[[0;32m  OK  [0m] Started [0;1;39mUser Login Management[0m.
         Starting [0;1;39mHostname Service[0m...
[[0;32m  OK  [0m] Finished [0;1;39mupdate of the roo… DNSSEC validation in unbound[0m.
[[0;32m  OK  [0m] Started [0;1;39mHostname Service[0m.
         Starting [0;1;39mNetwork Manager Script Dispatcher Service[0m...
[[0;32m  OK  [0m] Finished [0;1;39mRotate log files[0m.
[[0;32m  OK  [0m] Started [0;1;39mNetwork Manager Script Dispatcher Service[0m.
[   10.717312] e1000: eth0 NIC Link is Up 1000 Mbps Full Duplex, Flow Control: RX
[[0;32m  OK  [0m] Started [0;1;39mNetwork Manager[0m.
[[0;32m  OK  [0m] Reached target [0;1;39mNetwork[0m.
[[0;32m  OK  [0m] Reached target [0;1;39mNetwork is Online[0m.
         Starting [0;1;39mGSSAPI Proxy Daemon[0m...
         Starting [0;1;39mNotify NFS peers of a restart[0m...
         Starting [0;1;39mSystem Logging Service[0m...
         Starting [0;1;39mOpenSSH server daemon[0m...
         Starting [0;1;39mDynamic System Tuning Daemon[0m...
[[0;32m  OK  [0m] Started [0;1;39mNotify NFS peers of a restart[0m.
[[0;32m  OK  [0m] Started [0;1;39mGSSAPI Proxy Daemon[0m.
[[0;32m  OK  [0m] Started [0;1;39mOpenSSH server daemon[0m.
[[0;32m  OK  [0m] Reached target [0;1;39mNFS client services[0m.
[[0;32m  OK  [0m] Reached target [0;1;39mPreparation for Remote File Systems[0m.
[[0;32m  OK  [0m] Reached target [0;1;39mRemote File Systems[0m.
         Starting [0;1;39mPermit User Sessions[0m...
         Starting [0;1;39mVirtualization qemu daemon[0m...
[[0;32m  OK  [0m] Finished [0;1;39mPermit User Sessions[0m.
[[0;32m  OK  [0m] Started [0;1;39mDeferred execution scheduler[0m.
[[0;32m  OK  [0m] Started [0;1;39mCommand Scheduler[0m.
         Starting [0;1;39mHold until boot process finishes up[0m...
         Starting [0;1;39mTerminate Plymouth Boot Screen[0m...
[[0;32m  OK  [0m] Started [0;1;39mSystem Logging Service[0m.
[[0;32m  OK  [0m] Started [0;1;39mVirtualization qemu daemon[0m.
[[0;32m  OK  [0m] Finished [0;1;39mHold until boot process finishes up[0m.
[[0;32m  OK  [0m] Finished [0;1;39mTerminate Plymouth Boot Screen[0m.
[[0;32m  OK  [0m] Started [0;1;39mGetty on tty1[0m.
[[0;32m  OK  [0m] Started [0;1;39mSerial Getty on ttyS0[0m.
[[0;32m  OK  [0m] Reached target [0;1;39mLogin Prompts[0m.
         Starting [0;1;39mAuthorization Manager[0m...
[[0;32m  OK  [0m] Started [0;1;39mAuthorization Manager[0m.
[[0;32m  OK  [0m] Started [0;1;39mDynamic System Tuning Daemon[0m.
[[0;32m  OK  [0m] Reached target [0;1;39mMulti-User System[0m.
         Starting [0;1;39mRecord Runlevel Change in UTMP[0m...
[[0;32m  OK  [0m] Finished [0;1;39mRecord Runlevel Change in UTMP[0m.

CentOS Stream 9
Kernel 6.18.0-212c4053a150+ on an x86_64

Activate the web console with: systemctl enable --now cockpit.socket

test login: [   21.069756] loop2: detected capacity change from 0 to 32768
[   21.109769] XFS (loop2): Mounting V5 Filesystem bfdc47fc-10d8-4eed-a562-11a831b3f791
[   21.160737] loop5: detected capacity change from 0 to 32768
[   21.181408] XFS (loop5): Mounting V5 Filesystem bfdc47fc-10d8-4eed-a562-11a831b3f791
[   21.188426] loop1: detected capacity change from 0 to 32768
[   21.201313] loop7: detected capacity change from 0 to 32768
[   21.235651] loop6: detected capacity change from 0 to 32768
[   21.239377] loop4: detected capacity change from 0 to 32768
[   21.254465] XFS (loop1): Mounting V5 Filesystem bfdc47fc-10d8-4eed-a562-11a831b3f791
[   21.329197] XFS (loop5): Ending clean mount
[   21.333579] XFS (loop6): Mounting V5 Filesystem bfdc47fc-10d8-4eed-a562-11a831b3f791
[   21.337087] loop3: detected capacity change from 0 to 32768
[   21.338465] XFS (loop5): Quotacheck needed: Please wait.
[   21.338972] XFS (loop2): Ending clean mount
[   21.339702] XFS (loop2): Quotacheck needed: Please wait.
[   21.377039] XFS (loop4): Mounting V5 Filesystem bfdc47fc-10d8-4eed-a562-11a831b3f791
[   21.468322] XFS (loop5): Quotacheck: Done.
[   21.481630] XFS (loop7): Mounting V5 Filesystem bfdc47fc-10d8-4eed-a562-11a831b3f791
[   21.483891] XFS (loop2): Quotacheck: Done.
[   21.518665] XFS (loop3): Mounting V5 Filesystem bfdc47fc-10d8-4eed-a562-11a831b3f791
[   21.608984] repro: page allocation failure: order:0, mode:0x10cc0(GFP_KERNEL|__GFP_NORETRY), nodemask=(null),cpuset=/,mems_allowed=0
[   21.610528] CPU: 0 UID: 0 PID: 726 Comm: repro Not tainted 6.18.0-212c4053a150+ #1 PREEMPT(voluntary) 
[   21.610545] Hardware name: QEMU Standard PC (i440FX + PIIX, 1996), BIOS rel-1.16.0-0-gd239552ce722-prebuilt.qemu.org 04/01/2014
[   21.610558] Call Trace:
[   21.610571]  <TASK>
[   21.610577]  dump_stack_lvl+0x121/0x150
[   21.610652]  dump_stack+0x19/0x20
[   21.610666]  warn_alloc+0x216/0x350
[   21.610694]  ? __pfx_warn_alloc+0x10/0x10
[   21.610718]  ? __pfx___alloc_pages_direct_compact+0x10/0x10
[   21.610731]  ? __drain_all_pages+0x27d/0x480
[   21.610757]  __alloc_pages_slowpath.constprop.0+0x1356/0x2270
[   21.610789]  ? __pfx___alloc_pages_slowpath.constprop.0+0x10/0x10
[   21.610804]  ? lock_is_held_type+0xef/0x150
[   21.610844]  ? lock_release+0x14f/0x2c0
[   21.610881]  __alloc_frozen_pages_noprof+0x5da/0x6e0
[   21.610893]  ? trace_hardirqs_on+0x51/0x60
[   21.610914]  ? irqentry_exit+0x3e/0xa0
[   21.610927]  ? __pfx___alloc_frozen_pages_noprof+0x10/0x10
[   21.610939]  ? asm_sysvec_reschedule_ipi+0x1f/0x30
[   21.610969]  ? __sanitizer_cov_trace_switch+0x58/0xa0
[   21.610992]  ? policy_nodemask+0xf9/0x450
[   21.611016]  alloc_pages_mpol+0x236/0x4c0
[   21.611036]  ? __pfx_alloc_pages_mpol+0x10/0x10
[   21.611049]  ? trace_hardirqs_on+0x51/0x60
[   21.611059]  ? irqentry_exit+0x3e/0xa0
[   21.611076]  ? sysvec_apic_timer_interrupt+0x6a/0xd0
[   21.611098]  alloc_frozen_pages_noprof+0xa9/0x180
[   21.611118]  alloc_pages_noprof+0x27/0xa0
[   21.611134]  kimage_alloc_pages+0x78/0x240
[   21.611151]  kimage_alloc_control_pages+0x1ca/0xa60
[   21.611173]  ? __pfx_kimage_alloc_control_pages+0x10/0x10
[   21.611186]  ? __sanitizer_cov_trace_cmp8+0x1c/0x30
[   21.611207]  do_kexec_load+0x39b/0x8c0
[   21.611219]  ? __might_fault+0xf1/0x1b0
[   21.611236]  ? __pfx_do_kexec_load+0x10/0x10
[   21.611250]  ? __sanitizer_cov_trace_const_cmp8+0x1c/0x30
[   21.611262]  ? _copy_from_user+0x75/0xa0
[   21.611298]  __x64_sys_kexec_load+0x1cc/0x240
[   21.611316]  x64_sys_call+0x1c90/0x21b0
[   21.611329]  do_syscall_64+0x6d/0x450
[   21.611353]  entry_SYSCALL_64_after_hwframe+0x76/0x7e
[   21.611364] RIP: 0033:0x7fe29c03ee5d
[   21.611383] Code: ff c3 66 2e 0f 1f 84 00 00 00 00 00 90 f3 0f 1e fa 48 89 f8 48 89 f7 48 89 d6 48 89 ca 4d 89 c2 4d 89 c8 4c 8b 4c 24 08 0f 05 <48> 3d 01 f0 ff ff 73 01 c3 48 8b 0d 93 af 1b 00 f7 d8 64 89 01 48
[   21.611393] RSP: 002b:00007ffef8fde3c8 EFLAGS: 00000207 ORIG_RAX: 00000000000000f6
[   21.611414] RAX: ffffffffffffffda RBX: 0000000000000000 RCX: 00007fe29c03ee5d
[   21.611422] RDX: 0000200000000180 RSI: 0000000000000003 RDI: 0000000000000000
[   21.611428] RBP: 00007ffef8fde3e0 R08: 00007ffef8fdde50 R09: 00007ffef8fde3e0
[   21.611435] R10: 0000000000000000 R11: 0000000000000207 R12: 00007ffef8fde538
[   21.611442] R13: 00000000004030f5 R14: 000000000040ee08 R15: 00007fe29c2f3000
[   21.611468]  </TASK>
[   21.611477] Mem-Info:
[   21.630682] active_anon:2449 inactive_anon:41427 isolated_anon:0
[   21.630682]  active_file:22548 inactive_file:19088 isolated_file:0
[   21.630682]  unevictable:0 dirty:13 writeback:0
[   21.630682]  slab_reclaimable:16453 slab_unreclaimable:23430
[   21.630682]  mapped:13759 shmem:29811 pagetables:1109
[   21.630682]  sec_pagetables:0 bounce:0
[   21.630682]  kernel_misc_reclaimable:0
[   21.630682]  free:15578 free_pcp:69 free_cma:0
[   21.635415] Node 0 active_anon:9796kB inactive_anon:165708kB active_file:90192kB inactive_file:76352kB unevictable:0kB isolated(anon):0kB isolated(file):0kB mapped:55036kB dirty:52kB writeback:0kB shmem:119244kB shmem_thp:0kB shmem_pmdmapped:0kB anon_thp:0kB kernel_stack:7904kB pagetables:4436kB sec_pagetables:0kB all_unreclaimable? no Balloon:0kB
[   21.639128] Node 0 DMA free:6504kB boost:0kB min:444kB low:552kB high:660kB reserved_highatomic:0KB free_highatomic:0KB active_anon:0kB inactive_anon:0kB active_file:0kB inactive_file:0kB unevictable:0kB writepending:0kB zspages:0kB present:15992kB managed:15360kB mlocked:0kB bounce:0kB free_pcp:0kB local_pcp:0kB free_cma:0kB
[   21.642601] lowmem_reserve[]: 0 1522 1522 1522 1522
[   21.643258] Node 0 DMA32 free:54704kB boost:10240kB min:54848kB low:66000kB high:77152kB reserved_highatomic:0KB free_highatomic:0KB active_anon:9796kB inactive_anon:166128kB active_file:90192kB inactive_file:76040kB unevictable:0kB writepending:32kB zspages:0kB present:2080640kB managed:1559348kB mlocked:0kB bounce:0kB free_pcp:1096kB local_pcp:0kB free_cma:0kB
[   21.647079] lowmem_reserve[]: 0 0 0 0 0
[   21.647602] Node 0 DMA: 2*4kB (U) 1*8kB (U) 0*16kB 0*32kB 0*64kB 1*128kB (U) 1*256kB (U) 0*512kB 0*1024kB 1*2048kB (M) 1*4096kB (M) = 6544kB
[   21.649514] Node 0 DMA32: 1347*4kB (UME) 664*8kB (UME) 247*16kB (ME) 170*32kB (UME) 94*64kB (UME) 53*128kB (ME) 34*256kB (UME) 14*512kB (UME) 4*1024kB (UM) 1*2048kB (U) 0*4096kB = 54908kB
[   21.651710] Node 0 hugepages_total=0 hugepages_free=0 hugepages_surp=0 hugepages_size=1048576kB
[   21.652831] Node 0 hugepages_total=0 hugepages_free=0 hugepages_surp=0 hugepages_size=2048kB
[   21.653894] 71332 total pagecache pages
[   21.654411] 0 pages in swap cache
[   21.654856] Free swap  = 0kB
[   21.655255] Total swap = 0kB
[   21.655651] 524158 pages RAM
[   21.656052] 0 pages HighMem/MovableOnly
[   21.656586] 130481 pages reserved
[   21.657043] 0 pages cma reserved
[   21.657477] 0 pages hwpoisoned
[   21.658602] XFS (loop6): Ending clean mount
[   21.726349] kexec: Could not allocate control_code_buffer
[   21.730941] XFS (loop1): Ending clean mount
[   21.789104] XFS (loop6): Quotacheck needed: Please wait.
[   21.816923] XFS (loop6): Quotacheck: Done.
[   21.827469] XFS (loop7): Ending clean mount
[   21.828393] XFS (loop7): Quotacheck needed: Please wait.
[   21.840817] XFS (loop1): Quotacheck needed: Please wait.
[   21.854762] XFS (loop1): Quotacheck: Done.
[   21.857311] XFS (loop3): Ending clean mount
[   21.858305] XFS (loop3): Quotacheck needed: Please wait.
[   21.866823] XFS (loop7): Quotacheck: Done.
[   21.886192] XFS (loop4): Ending clean mount
[   21.888841] XFS (loop4): Quotacheck needed: Please wait.
[   21.904796] XFS (loop4): Quotacheck: Done.
[   21.965849] XFS (loop3): Quotacheck: Done.
[   22.095040] loop0: detected capacity change from 0 to 32768
[   22.153078] XFS (loop0): Mounting V5 Filesystem bfdc47fc-10d8-4eed-a562-11a831b3f791
[   22.203053] XFS (loop0): Ending clean mount
[   22.204139] XFS (loop0): Quotacheck needed: Please wait.
[   22.343762] XFS (loop0): Quotacheck: Done.
[   22.978097] 
[   22.978263] ======================================================
[   22.978616] WARNING: possible circular locking dependency detected
[   22.978976] 6.18.0-212c4053a150+ #1 Not tainted
[   22.979244] ------------------------------------------------------
[   22.979599] kswapd0/58 is trying to acquire lock:
[   22.979871] ffff888028d37898 (&xfs_nondir_ilock_class){++++}-{4:4}, at: xfs_ilock+0x338/0x3c0
[   22.980383] 
[   22.980383] but task is already holding lock:
[   22.980716] ffffffff878402c0 (fs_reclaim){+.+.}-{0:0}, at: balance_pgdat+0xb7e/0x1580
[   22.981185] 
[   22.981185] which lock already depends on the new lock.
[   22.981185] 
[   22.981643] 
[   22.981643] the existing dependency chain (in reverse order) is:
[   22.982066] 
[   22.982066] -> #1 (fs_reclaim){+.+.}-{0:0}:
[   22.982406]        fs_reclaim_acquire+0x116/0x160
[   22.982691]        __kmalloc_cache_noprof+0x53/0x840
[   22.982988]        iomap_fill_dirty_folios+0x118/0x2c0
[   22.983297]        xfs_buffered_write_iomap_begin+0xef0/0x18c0
[   22.983640]        iomap_iter+0x551/0xfd0
[   22.983881]        iomap_zero_range+0x20b/0xac0
[   22.984160]        xfs_zero_range+0xb5/0x100
[   22.984420]        xfs_reflink_remap_prep+0x3d3/0xac0
[   22.984716]        xfs_file_remap_range+0x23c/0xe20
[   22.985008]        vfs_clone_file_range+0x2b1/0xda0
[   22.985305]        ioctl_file_clone+0x6e/0x110
[   22.985574]        do_vfs_ioctl+0xcab/0x14d0
[   22.985831]        __x64_sys_ioctl+0x127/0x220
[   22.986095]        x64_sys_call+0x1280/0x21b0
[   22.986357]        do_syscall_64+0x6d/0x450
[   22.986611]        entry_SYSCALL_64_after_hwframe+0x76/0x7e
[   22.986922] 
[   22.986922] -> #0 (&xfs_nondir_ilock_class){++++}-{4:4}:
[   22.987319]        __lock_acquire+0x1509/0x22a0
[   22.987597]        lock_acquire+0x170/0x310
[   22.987844]        down_write_nested+0x9a/0x210
[   22.988118]        xfs_ilock+0x338/0x3c0
[   22.988352]        xfs_icwalk_ag+0xaec/0x1b80
[   22.988613]        xfs_icwalk+0x56/0xc0
[   22.988846]        xfs_reclaim_inodes_nr+0x1d3/0x2d0
[   22.989141]        xfs_fs_free_cached_objects+0x6a/0x90
[   22.989448]        super_cache_scan+0x415/0x570
[   22.989720]        do_shrink_slab+0x408/0x1080
[   22.989995]        shrink_slab+0x348/0x12f0
[   22.990247]        shrink_node+0xba6/0x28c0
[   22.990499]        balance_pgdat+0xa2d/0x1580
[   22.990761]        kswapd+0x5b9/0xb00
[   22.990988]        kthread+0x464/0x980
[   22.991224]        ret_from_fork+0x3fb/0x560
[   22.991481]        ret_from_fork_asm+0x1a/0x30
[   22.991744] 
[   22.991744] other info that might help us debug this:
[   22.991744] 
[   22.992190]  Possible unsafe locking scenario:
[   22.992190] 
[   22.992526]        CPU0                    CPU1
[   22.992792]        ----                    ----
[   22.993056]   lock(fs_reclaim);
[   22.993249]                                lock(&xfs_nondir_ilock_class);
[   22.993638]                                lock(fs_reclaim);
[   22.993971]   lock(&xfs_nondir_ilock_class);
[   22.994228] 
[   22.994228]  *** DEADLOCK ***
[   22.994228] 
[   22.994565] 2 locks held by kswapd0/58:
[   22.994792]  #0: ffffffff878402c0 (fs_reclaim){+.+.}-{0:0}, at: balance_pgdat+0xb7e/0x1580
[   22.995284]  #1: ffff88800fa380e0 (&type->s_umount_key#54){.+.+}-{4:4}, at: super_cache_scan+0x9f/0x570
[   22.995829] 
[   22.995829] stack backtrace:
[   22.996096] CPU: 1 UID: 0 PID: 58 Comm: kswapd0 Not tainted 6.18.0-212c4053a150+ #1 PREEMPT(voluntary) 
[   22.996107] Hardware name: QEMU Standard PC (i440FX + PIIX, 1996), BIOS rel-1.16.0-0-gd239552ce722-prebuilt.qemu.org 04/01/2014
[   22.996113] Call Trace:
[   22.996116]  <TASK>
[   22.996122]  dump_stack_lvl+0xea/0x150
[   22.996136]  dump_stack+0x19/0x20
[   22.996148]  print_circular_bug+0x283/0x350
[   22.996163]  check_noncircular+0x12f/0x150
[   22.996176]  ? super_cache_scan+0x415/0x570
[   22.996185]  ? shrink_slab+0x348/0x12f0
[   22.996201]  __lock_acquire+0x1509/0x22a0
[   22.996215]  ? check_path.constprop.0+0x28/0x50
[   22.996231]  lock_acquire+0x170/0x310
[   22.996238]  ? xfs_ilock+0x338/0x3c0
[   22.996250]  down_write_nested+0x9a/0x210
[   22.996259]  ? xfs_ilock+0x338/0x3c0
[   22.996267]  ? __pfx_down_write_nested+0x10/0x10
[   22.996276]  ? xfs_icwalk_ag+0xadf/0x1b80
[   22.996287]  ? xfs_icwalk_ag+0xaec/0x1b80
[   22.996298]  ? xfs_icwalk_ag+0xaec/0x1b80
[   22.996307]  xfs_ilock+0x338/0x3c0
[   22.996316]  xfs_icwalk_ag+0xaec/0x1b80
[   22.996332]  ? __pfx_xfs_icwalk_ag+0x10/0x10
[   22.996345]  ? __pfx_xa_find+0x10/0x10
[   22.996359]  ? xfs_group_grab_next_mark+0x26a/0x540
[   22.996375]  ? __this_cpu_preempt_check+0x21/0x30
[   22.996385]  ? lock_release+0x14f/0x2c0
[   22.996400]  ? xfs_group_grab_next_mark+0x274/0x540
[   22.996411]  ? __pfx_xfs_group_grab_next_mark+0x10/0x10
[   22.996422]  ? __pfx_try_to_wake_up+0x10/0x10
[   22.996436]  ? lock_release+0x14f/0x2c0
[   22.996451]  xfs_icwalk+0x56/0xc0
[   22.996462]  xfs_reclaim_inodes_nr+0x1d3/0x2d0
[   22.996472]  ? __pfx_xfs_reclaim_inodes_nr+0x10/0x10
[   22.996484]  ? __this_cpu_preempt_check+0x21/0x30
[   22.996493]  ? __pfx_prune_icache_sb+0x10/0x10
[   22.996510]  xfs_fs_free_cached_objects+0x6a/0x90
[   22.996522]  super_cache_scan+0x415/0x570
[   22.996534]  do_shrink_slab+0x408/0x1080
[   22.996554]  shrink_slab+0x348/0x12f0
[   22.996571]  ? shrink_slab+0x160/0x12f0
[   22.996585]  ? __pfx_shrink_slab+0x10/0x10
[   22.996604]  shrink_node+0xba6/0x28c0
[   22.996624]  ? __pfx_shrink_node+0x10/0x10
[   22.996636]  ? preempt_schedule_common+0x49/0xd0
[   22.996649]  balance_pgdat+0xa2d/0x1580
[   22.996664]  ? __pfx_balance_pgdat+0x10/0x10
[   22.996689]  kswapd+0x5b9/0xb00
[   22.996703]  ? __pfx_kswapd+0x10/0x10
[   22.996714]  ? local_clock_noinstr+0x80/0xd0
[   22.996728]  ? __pfx_autoremove_wake_function+0x10/0x10
[   22.996742]  ? __sanitizer_cov_trace_const_cmp1+0x1e/0x30
[   22.996752]  ? __kthread_parkme+0x1bc/0x260
[   22.996760]  ? __pfx_kswapd+0x10/0x10
[   22.996772]  ? __pfx_kswapd+0x10/0x10
[   22.996785]  kthread+0x464/0x980
[   22.996796]  ? __pfx_kthread+0x10/0x10
[   22.996808]  ? _raw_spin_unlock_irq+0x3c/0x60
[   22.996825]  ? __pfx_kthread+0x10/0x10
[   22.996837]  ret_from_fork+0x3fb/0x560
[   22.996844]  ? __pfx_kthread+0x10/0x10
[   22.996856]  ret_from_fork_asm+0x1a/0x30
[   22.996872]  </TASK>
[   23.599841] kexec: Could not allocate control_code_buffer
[   24.029590] kexec: Could not allocate control_code_buffer
[   24.586811] kexec: Could not allocate control_code_buffer
[   25.310650] kexec: Could not allocate control_code_buffer
[   26.390398] kexec: Could not allocate control_code_buffer
[   27.594832] kexec: Could not allocate control_code_buffer
[   28.190376] kexec: Could not allocate control_code_buffer
[   28.890786] kexec: Could not allocate control_code_buffer
[   29.769809] repro invoked oom-killer: gfp_mask=0x140cca(GFP_HIGHUSER_MOVABLE|__GFP_COMP), order=0, oom_score_adj=0
[   29.771411] CPU: 0 UID: 0 PID: 730 Comm: repro Not tainted 6.18.0-212c4053a150+ #1 PREEMPT(voluntary) 
[   29.771427] Hardware name: QEMU Standard PC (i440FX + PIIX, 1996), BIOS rel-1.16.0-0-gd239552ce722-prebuilt.qemu.org 04/01/2014
[   29.771434] Call Trace:
[   29.771438]  <TASK>
[   29.771444]  dump_stack_lvl+0x121/0x150
[   29.771467]  dump_stack+0x19/0x20
[   29.771479]  dump_header+0x10f/0x910
[   29.771493]  oom_kill_process+0x287/0xa40
[   29.771505]  out_of_memory+0x34c/0x1710
[   29.771517]  ? __pfx_out_of_memory+0x10/0x10
[   29.771531]  __alloc_pages_slowpath.constprop.0+0x1bc6/0x2270
[   29.771550]  ? __pfx___alloc_pages_slowpath.constprop.0+0x10/0x10
[   29.771565]  ? __cond_resched+0x37/0x50
[   29.771589]  __alloc_frozen_pages_noprof+0x5da/0x6e0
[   29.771604]  ? __pfx___alloc_frozen_pages_noprof+0x10/0x10
[   29.771618]  ? __kasan_unpoison_pages+0x33/0x40
[   29.771631]  ? __sanitizer_cov_trace_switch+0x58/0xa0
[   29.771643]  ? policy_nodemask+0xf9/0x450
[   29.771657]  alloc_pages_mpol+0x236/0x4c0
[   29.771669]  ? __pfx_alloc_pages_mpol+0x10/0x10
[   29.771681]  ? debug_smp_processor_id+0x20/0x30
[   29.771690]  ? __sanitizer_cov_trace_const_cmp4+0x1a/0x20
[   29.771699]  ? pte_val+0x5d/0xc0
[   29.771712]  folio_alloc_mpol_noprof+0x44/0x120
[   29.771726]  vma_alloc_folio_noprof+0x112/0x200
[   29.771740]  ? __pfx_vma_alloc_folio_noprof+0x10/0x10
[   29.771754]  ? __pfx_pte_val+0x10/0x10
[   29.771766]  do_wp_page+0x5d9/0x3a40
[   29.771779]  ? rcu_is_watching+0x19/0xc0
[   29.771794]  ? __pfx_do_wp_page+0x10/0x10
[   29.771807]  ? do_raw_spin_lock+0x140/0x280
[   29.771818]  ? __pfx_do_raw_spin_lock+0x10/0x10
[   29.771827]  ? lock_acquire+0x1b1/0x310
[   29.771839]  __handle_mm_fault+0x1be2/0x2d70
[   29.771853]  ? __pfx___handle_mm_fault+0x10/0x10
[   29.771868]  ? find_vma+0xc4/0x140
[   29.771880]  ? __pfx_find_vma+0x10/0x10
[   29.771895]  handle_mm_fault+0x2de/0x920
[   29.771910]  do_user_addr_fault+0x3e7/0xfe0
[   29.771925]  ? rcu_is_watching+0x19/0xc0
[   29.771937]  exc_page_fault+0xc9/0x1d0
[   29.771958]  asm_exc_page_fault+0x2b/0x30
[   29.771969] RIP: 0010:__put_user_8+0xd/0x20
[   29.771983] Code: 89 01 31 c9 0f 01 ca e9 41 dd 03 00 90 90 90 90 90 90 90 90 90 90 90 90 90 90 90 90 90 48 89 cb 48 c1 fb 3f 48 09 d9 0f 01 cb <48> 89 01 31 c9 0f 01 ca e9 16 dd 03 00 66 0f 1f 44 00 00 90 90 90
[   29.771992] RSP: 0018:ffff888018557df8 EFLAGS: 00050206
[   29.772000] RAX: 0000000000000000 RBX: 0000000000000000 RCX: 00007fe29c2a70e8
[   29.772005] RDX: ffff88801305cb00 RSI: ffffffff81ddb3b8 RDI: 0000000000000000
[   29.772009] RBP: ffff888018557ee8 R08: 0000000000000001 R09: 0000000000000000
[   29.772013] R10: 0000000000000000 R11: ffff888012cc1900 R12: ffff88801305cb00
[   29.772018] R13: ffff888018557f48 R14: 0000000000000000 R15: 0000000000000000
[   29.772025]  ? __might_fault+0x168/0x1b0
[   29.772036]  ? __rseq_handle_notify_resume+0x9b5/0x10e0
[   29.772047]  ? common_nsleep+0xb7/0xe0
[   29.772062]  ? __pfx___rseq_handle_notify_resume+0x10/0x10
[   29.772072]  ? debug_smp_processor_id+0x20/0x30
[   29.772079]  ? rcu_is_watching+0x19/0xc0
[   29.772089]  exit_to_user_mode_loop+0xec/0x120
[   29.772099]  do_syscall_64+0x2e1/0x450
[   29.772110]  entry_SYSCALL_64_after_hwframe+0x76/0x7e
[   29.772117] RIP: 0033:0x7fe29c11390a
[   29.772124] Code: f3 0f 1e fa 83 ff 03 74 77 83 ff 02 b8 fa ff ff ff 49 89 ca 0f 44 f8 64 8b 04 25 18 00 00 00 85 c0 75 0d b8 e6 00 00 00 0f 05 <f7> d8 c3 0f 1f 00 48 83 ec 28 48 89 54 24 10 89 74 24 0c 89 3c 24
[   29.772133] RSP: 002b:00007ffef8fde388 EFLAGS: 00000246 ORIG_RAX: 00000000000000e6
[   29.772140] RAX: 0000000000000000 RBX: 0000000000000000 RCX: 00007fe29c11390a
[   29.772144] RDX: 00007ffef8fde3a0 RSI: 0000000000000000 RDI: 0000000000000000
[   29.772148] RBP: 00007ffef8fde3e0 R08: 0000000000003106 R09: 00007fe29c2b5000
[   29.772153] R10: 0000000000000000 R11: 0000000000000246 R12: 00007ffef8fde538
[   29.772157] R13: 00000000004030f5 R14: 000000000040ee08 R15: 00007fe29c2f3000
[   29.772167]  </TASK>
[   29.772169] Mem-Info:
[   29.792910] active_anon:5195 inactive_anon:48846 isolated_anon:0
[   29.792910]  active_file:3267 inactive_file:21 isolated_file:0
[   29.792910]  unevictable:0 dirty:2 writeback:0
[   29.792910]  slab_reclaimable:4539 slab_unreclaimable:24545
[   29.792910]  mapped:2349 shmem:38011 pagetables:1062
[   29.792910]  sec_pagetables:0 bounce:0
[   29.792910]  kernel_misc_reclaimable:0
[   29.792910]  free:15718 free_pcp:194 free_cma:0
[   29.794939] Node 0 active_anon:20780kB inactive_anon:195384kB active_file:13068kB inactive_file:84kB unevictable:0kB isolated(anon):0kB isolated(file):0kB mapped:9396kB dirty:8kB writeback:0kB shmem:152044kB shmem_thp:0kB shmem_pmdmapped:0kB anon_thp:0kB kernel_stack:8000kB pagetables:4248kB sec_pagetables:0kB all_unreclaimable? no Balloon:0kB
[   29.796566] Node 0 DMA free:6500kB boost:0kB min:444kB low:552kB high:660kB reserved_highatomic:0KB free_highatomic:0KB active_anon:0kB inactive_anon:0kB active_file:0kB inactive_file:0kB unevictable:0kB writepending:0kB zspages:0kB present:15992kB managed:15360kB mlocked:0kB bounce:0kB free_pcp:0kB local_pcp:0kB free_cma:0kB
[   29.798137] lowmem_reserve[]: 0 1522 1522 1522 1522
[   29.798429] Node 0 DMA32 free:56000kB boost:0kB min:44608kB low:55760kB high:66912kB reserved_highatomic:0KB free_highatomic:0KB active_anon:20780kB inactive_anon:195384kB active_file:13068kB inactive_file:84kB unevictable:0kB writepending:8kB zspages:0kB present:2080640kB managed:1559348kB mlocked:0kB bounce:0kB free_pcp:968kB local_pcp:0kB free_cma:0kB
[   29.800095] lowmem_reserve[]: 0 0 0 0 0
[   29.800335] Node 0 DMA: 1*4kB (U) 1*8kB (U) 1*16kB (U) 1*32kB (U) 1*64kB (U) 0*128kB 1*256kB (U) 0*512kB 0*1024kB 1*2048kB (M) 1*4096kB (M) = 6524kB
[   29.801133] Node 0 DMA32: 739*4kB (ME) 905*8kB (UME) 619*16kB (UME) 305*32kB (UME) 137*64kB (UME) 65*128kB (UME) 18*256kB (UM) 12*512kB (UME) 0*1024kB 0*2048kB 0*4096kB = 57700kB
[   29.802049] Node 0 hugepages_total=0 hugepages_free=0 hugepages_surp=0 hugepages_size=1048576kB
[   29.802524] Node 0 hugepages_total=0 hugepages_free=0 hugepages_surp=0 hugepages_size=2048kB
[   29.802991] 39947 total pagecache pages
[   29.803215] 0 pages in swap cache
[   29.803406] Free swap  = 0kB
[   29.803576] Total swap = 0kB
[   29.803746] 524158 pages RAM
[   29.803916] 0 pages HighMem/MovableOnly
[   29.804124] 130481 pages reserved
[   29.804315] 0 pages cma reserved
[   29.804541] 0 pages hwpoisoned
[   29.804724] Tasks state (memory values in pages):
[   29.804993] [  pid  ]   uid  tgid total_vm      rss rss_anon rss_file rss_shmem pgtables_bytes swapents oom_score_adj name
[   29.805605] [    141]     0   141     5474      815      224      399       192    86016        0          -250 systemd-journal
[   29.806232] [    164]     0   164     7810     1152      608      544         0    90112        0         -1000 systemd-udevd
[   29.806851] [    234]    32   234     3314      227      192       35         0    65536        0             0 rpcbind
[   29.807440] [    235]     0   235    22959      225      193       32         0    77824        0         -1000 auditd
[   29.808024] [    237]     0   237     1947       95       64       31         0    53248        0             0 sedispatch
[   29.808635] [    258]    81   258     2731      227      193       34         0    65536        0          -900 dbus-broker-lau
[   29.809259] [    259]    81   259     1316      273      141      132         0    61440        0          -900 dbus-broker
[   29.809865] [    260]     0   260    64533      935      896       39         0   139264        0             0 NetworkManager
[   29.810488] [    263]     0   263    19783       85       32       53         0    53248        0             0 irqbalance
[   29.811090] [    264]   992   264      678       47       32       15         0    49152        0             0 lsmd
[   29.811663] [    265]     0   265      700       67       32       35         0    53248        0             0 mcelog
[   29.812250] [    267]     0   267     4646      575      256      319         0    81920        0             0 systemd-logind
[   29.812882] [    271]   985   271    21097      193      135       58         0    73728        0             0 chronyd
[   29.813480] [    274]     0   274     4496      549      224      325         0    77824        0             0 systemd-machine
[   29.814108] [    280]     0   280     4419      244      224       20         0    81920        0             0 systemd-hostnam
[   29.814728] [    302]     0   302    39958      748      192      379       177    90112        0             0 rsyslogd
[   29.815318] [    306]     0   306     3951      345      288       57         0    73728        0         -1000 sshd
[   29.815892] [    307]     0   307    13748      223      187       36         0    98304        0             0 gssproxy
[   29.816500] [    308]     0   308    66148     3971     3406      565         0   159744        0             0 tuned
[   29.817082] [    319]     0   319   292079      806      576      230         0   245760        0             0 virtqemud
[   29.817680] [    322]     0   322     1169       70       32       38         0    49152        0             0 atd
[   29.818247] [    324]     0   324     2138      245      192       53         0    53248        0             0 crond
[   29.818821] [    349]     0   349      763       51       32       19         0    49152        0             0 agetty
[   29.819400] [    350]     0   350     1405       69       32       37         0    57344        0             0 agetty
[   29.819987] [    548]   998   548   644241     1242     1036      206         0   217088        0             0 polkitd
[   29.820587] [    591]     0   591     5110     1154      448      706         0    77824        0           100 systemd
[   29.821178] [    592]     0   592    42781     1017      977       40         0   106496        0           100 (sd-pam)
[   29.821769] [    695]     0   695     4797      487      448       39         0    73728        0             0 sshd
[   29.823130] [    697]     0   697     4797      693      467      226         0    73728        0             0 sshd
[   29.823746] [    698]     0   698     1782       84       64       20         0    57344        0             0 repro.sh
[   29.824353] [    723]     0   723     4736       36        0       36         0    36864        0             0 repro
[   29.825424] [    724]     0   724     4736       96        0       96         0    36864        0             0 repro
[   29.826013] [    725]     0   725     4736      101        0      101         0    36864        0             0 repro
[   29.826609] [    727]     0   727     7795     1393      647      746         0    77824        0             0 systemd-udevd
[   29.827246] [    728]     0   728     4736       96        0       96         0    36864        0             0 repro
[   29.827841] [    729]     0   729     4736       95        0       95         0    36864        0             0 repro
[   29.828454] [    730]     0   730     4736       79        0       79         0    36864        0             0 repro
[   29.829060] [    731]     0   731     4736       96        0       96         0    36864        0             0 repro
[   29.829662] [    732]     0   732     4736      111        0      111         0    36864        0             0 repro
[   29.830264] [    733]     0   733     4736       95        0       95         0    36864        0             0 repro
[   29.830866] [    740]     0   740     7795     1375      647      728         0    77824        0             0 systemd-udevd
[   29.831510] [    741]     0   741     7795     1411      647      764         0    77824        0             0 systemd-udevd
[   29.832150] [    743]     0   743     7795      848      647      201         0    77824        0             0 systemd-udevd
[   29.832799] [    744]     0   744     7795      869      647      222         0    77824        0             0 systemd-udevd
[   29.833461] [    914]     0   914     4736      183        0      183         0    49152        0          1000 repro
[   29.834070] [    923]     0   923     4736      286       29      257         0    49152        0          1000 repro
[   29.834688] [    924]     0   924    38528      801      544      257         0    73728        0          1000 repro
[   29.835294] [    925]     0   925    38528      833      576      257         0    81920        0          1000 repro
[   29.835897] [    926]     0   926    38528      801      544      257         0    61440        0          1000 repro
[   29.836512] [    927]     0   927    38528      641      384      257         0    53248        0          1000 repro
[   29.837117] [    928]     0   928     4736        0        0        0         0    36864        0             0 repro
[   29.837711] [    929]     0   929    38528      481      224      257         0    53248        0          1000 repro
[   29.838307] oom-kill:constraint=CONSTRAINT_NONE,nodemask=(null),cpuset=/,mems_allowed=0,global_oom,task_memcg=/user.slice/user-0.slice/session-6.scope,task=repro,pid=925,uid=0
[   29.839250] Out of memory: Killed process 925 (repro) total-vm:154112kB, anon-rss:2304kB, file-rss:1028kB, shmem-rss:0kB, UID:0 pgtables:80kB oom_score_adj:1000
[   30.223730] kexec: Could not allocate control_code_buffer
[   30.790866] kexec: Could not allocate control_code_buffer
[   31.759763] warn_alloc: 10 callbacks suppressed
[   31.759778] repro: page allocation failure: order:0, mode:0x10cc0(GFP_KERNEL|__GFP_NORETRY), nodemask=(null),cpuset=/,mems_allowed=0
[   31.760751] CPU: 1 UID: 0 PID: 942 Comm: repro Not tainted 6.18.0-212c4053a150+ #1 PREEMPT(voluntary) 
[   31.760762] Hardware name: QEMU Standard PC (i440FX + PIIX, 1996), BIOS rel-1.16.0-0-gd239552ce722-prebuilt.qemu.org 04/01/2014
[   31.760768] Call Trace:
[   31.760770]  <TASK>
[   31.760773]  dump_stack_lvl+0x121/0x150
[   31.760792]  dump_stack+0x19/0x20
[   31.760815]  warn_alloc+0x216/0x350
[   31.760826]  ? __pfx_warn_alloc+0x10/0x10
[   31.760837]  ? __pfx___alloc_pages_direct_compact+0x10/0x10
[   31.760845]  ? __drain_all_pages+0x27d/0x480
[   31.760859]  __alloc_pages_slowpath.constprop.0+0x1356/0x2270
[   31.760873]  ? __pfx___alloc_pages_slowpath.constprop.0+0x10/0x10
[   31.760883]  ? debug_smp_processor_id+0x20/0x30
[   31.760892]  ? rcu_is_watching+0x19/0xc0
[   31.760902]  ? lock_release+0x1ea/0x2c0
[   31.760917]  __alloc_frozen_pages_noprof+0x5da/0x6e0
[   31.760925]  ? trace_hardirqs_on+0x51/0x60
[   31.760933]  ? irqentry_exit+0x3e/0xa0
[   31.760940]  ? __pfx___alloc_frozen_pages_noprof+0x10/0x10
[   31.760953]  ? __sanitizer_cov_trace_switch+0x58/0xa0
[   31.760964]  ? policy_nodemask+0xf9/0x450
[   31.760975]  alloc_pages_mpol+0x236/0x4c0
[   31.760987]  ? __pfx_alloc_pages_mpol+0x10/0x10
[   31.760996]  ? alloc_frozen_pages_noprof+0x48/0x180
[   31.761007]  ? alloc_frozen_pages_noprof+0x51/0x180
[   31.761018]  alloc_frozen_pages_noprof+0xa9/0x180
[   31.761030]  alloc_pages_noprof+0x27/0xa0
[   31.761040]  kimage_alloc_pages+0x78/0x240
[   31.761050]  kimage_alloc_control_pages+0x1ca/0xa60
[   31.761061]  ? __pfx_kimage_alloc_control_pages+0x10/0x10
[   31.761070]  ? __sanitizer_cov_trace_cmp8+0x1c/0x30
[   31.761080]  do_kexec_load+0x39b/0x8c0
[   31.761088]  ? __might_fault+0xf1/0x1b0
[   31.761098]  ? __pfx_do_kexec_load+0x10/0x10
[   31.761108]  ? __sanitizer_cov_trace_const_cmp8+0x1c/0x30
[   31.761115]  ? _copy_from_user+0x75/0xa0
[   31.761129]  __x64_sys_kexec_load+0x1cc/0x240
[   31.761139]  x64_sys_call+0x1c90/0x21b0
[   31.761149]  do_syscall_64+0x6d/0x450
[   31.761160]  entry_SYSCALL_64_after_hwframe+0x76/0x7e
[   31.761168] RIP: 0033:0x7fe29c03ee5d
[   31.761177] Code: ff c3 66 2e 0f 1f 84 00 00 00 00 00 90 f3 0f 1e fa 48 89 f8 48 89 f7 48 89 d6 48 89 ca 4d 89 c2 4d 89 c8 4c 8b 4c 24 08 0f 05 <48> 3d 01 f0 ff ff 73 01 c3 48 8b 0d 93 af 1b 00 f7 d8 64 89 01 48
[   31.761185] RSP: 002b:00007ffef8fde3c8 EFLAGS: 00000207 ORIG_RAX: 00000000000000f6
[   31.761193] RAX: ffffffffffffffda RBX: 0000000000000000 RCX: 00007fe29c03ee5d
[   31.761197] RDX: 0000200000000180 RSI: 0000000000000003 RDI: 0000000000000000
[   31.761202] RBP: 00007ffef8fde3e0 R08: 00007ffef8fdde50 R09: 00007ffef8fde3e0
[   31.761206] R10: 0000000000000000 R11: 0000000000000207 R12: 00007ffef8fde538
[   31.761211] R13: 00000000004030f5 R14: 000000000040ee08 R15: 00007fe29c2f3000
[   31.761220]  </TASK>
[   31.761223] Mem-Info:
[   31.775632] active_anon:5196 inactive_anon:51943 isolated_anon:0
[   31.775632]  active_file:653 inactive_file:1085 isolated_file:19
[   31.775632]  unevictable:0 dirty:0 writeback:0
[   31.775632]  slab_reclaimable:4476 slab_unreclaimable:24557
[   31.775632]  mapped:1188 shmem:40722 pagetables:1092
[   31.775632]  sec_pagetables:0 bounce:0
[   31.775632]  kernel_misc_reclaimable:0
[   31.775632]  free:13163 free_pcp:0 free_cma:0
[   31.777693] Node 0 active_anon:20784kB inactive_anon:207772kB active_file:2612kB inactive_file:4340kB unevictable:0kB isolated(anon):0kB isolated(file):76kB mapped:4752kB dirty:0kB writeback:0kB shmem:162888kB shmem_thp:0kB shmem_pmdmapped:0kB anon_thp:0kB kernel_stack:8000kB pagetables:4368kB sec_pagetables:0kB all_unreclaimable? no Balloon:0kB
[   31.779329] Node 0 DMA free:6484kB boost:0kB min:444kB low:552kB high:660kB reserved_highatomic:0KB free_highatomic:0KB active_anon:0kB inactive_anon:160kB active_file:16kB inactive_file:52kB unevictable:0kB writepending:0kB zspages:0kB present:15992kB managed:15360kB mlocked:0kB bounce:0kB free_pcp:0kB local_pcp:0kB free_cma:0kB
[   31.780892] lowmem_reserve[]: 0 1522 1522 1522 1522
[   31.781188] Node 0 DMA32 free:46168kB boost:4096kB min:48704kB low:59856kB high:71008kB reserved_highatomic:0KB free_highatomic:0KB active_anon:20784kB inactive_anon:207612kB active_file:2528kB inactive_file:4296kB unevictable:0kB writepending:0kB zspages:0kB present:2080640kB managed:1559348kB mlocked:0kB bounce:0kB free_pcp:24kB local_pcp:0kB free_cma:0kB
[   31.782874] lowmem_reserve[]: 0 0 0 0 0
[   31.783119] Node 0 DMA: 8*4kB (UM) 5*8kB (UM) 2*16kB (M) 1*32kB (M) 2*64kB (UM) 1*128kB (M) 0*256kB 2*512kB (UM) 1*1024kB (M) 0*2048kB 1*4096kB (M) = 6536kB
[   31.783948] Node 0 DMA32: 449*4kB (UME) 150*8kB (UME) 626*16kB (UME) 359*32kB (UME) 138*64kB (UME) 55*128kB (UME) 9*256kB (UM) 7*512kB (ME) 0*1024kB 0*2048kB 0*4096kB = 46260kB
[   31.784871] Node 0 hugepages_total=0 hugepages_free=0 hugepages_surp=0 hugepages_size=1048576kB
[   31.785352] Node 0 hugepages_total=0 hugepages_free=0 hugepages_surp=0 hugepages_size=2048kB
[   31.785822] 42404 total pagecache pages
[   31.786047] 0 pages in swap cache
[   31.786240] Free swap  = 0kB
[   31.786413] Total swap = 0kB
[   31.786582] 524158 pages RAM
[   31.786758] 0 pages HighMem/MovableOnly
[   31.786984] 130481 pages reserved
[   31.787179] 0 pages cma reserved
[   31.787372] 0 pages hwpoisoned
[   31.844143] kexec: Could not allocate control_code_buffer
[   32.581818] kexec: Could not allocate control_code_buffer
[   32.987740] kexec: Could not allocate control_code_buffer
[   33.657668] kexec: Could not allocate control_code_buffer
[   34.425109] kexec: Could not allocate control_code_buffer
[   35.107595] kexec: Could not allocate control_code_buffer
[   35.879901] kexec: Could not allocate control_code_buffer
[   36.608687] kexec: Could not allocate control_code_buffer
[   37.351701] kexec: Could not allocate control_code_buffer
[   38.307427] repro invoked oom-killer: gfp_mask=0x140cca(GFP_HIGHUSER_MOVABLE|__GFP_COMP), order=0, oom_score_adj=1000
[   38.308040] CPU: 1 UID: 0 PID: 1046 Comm: repro Not tainted 6.18.0-212c4053a150+ #1 PREEMPT(voluntary) 
[   38.308052] Hardware name: QEMU Standard PC (i440FX + PIIX, 1996), BIOS rel-1.16.0-0-gd239552ce722-prebuilt.qemu.org 04/01/2014
[   38.308057] Call Trace:
[   38.308060]  <TASK>
[   38.308064]  dump_stack_lvl+0x121/0x150
[   38.308083]  dump_stack+0x19/0x20
[   38.308093]  dump_header+0x10f/0x910
[   38.308105]  oom_kill_process+0x287/0xa40
[   38.308114]  out_of_memory+0x34c/0x1710
[   38.308124]  ? __pfx_out_of_memory+0x10/0x10
[   38.308135]  __alloc_pages_slowpath.constprop.0+0x1bc6/0x2270
[   38.308150]  ? __pfx___alloc_pages_slowpath.constprop.0+0x10/0x10
[   38.308161]  ? lock_release+0x1ea/0x2c0
[   38.308177]  __alloc_frozen_pages_noprof+0x5da/0x6e0
[   38.308187]  ? __pfx___alloc_frozen_pages_noprof+0x10/0x10
[   38.308195]  ? _raw_spin_unlock+0x31/0x60
[   38.308208]  ? __sanitizer_cov_trace_switch+0x58/0xa0
[   38.308218]  ? policy_nodemask+0xf9/0x450
[   38.308229]  alloc_pages_mpol+0x236/0x4c0
[   38.308239]  ? __pfx_alloc_pages_mpol+0x10/0x10
[   38.308252]  ? rcu_is_watching+0x19/0xc0
[   38.308261]  ? lock_release+0x1ea/0x2c0
[   38.308274]  folio_alloc_mpol_noprof+0x44/0x120
[   38.308285]  shmem_alloc_folio+0x128/0x150
[   38.308303]  shmem_alloc_and_add_folio+0x403/0xab0
[   38.308315]  ? __pfx_shmem_alloc_and_add_folio+0x10/0x10
[   38.308325]  ? trace_irq_enable+0xd1/0x110
[   38.308335]  shmem_get_folio_gfp+0x595/0x1350
[   38.308347]  ? __pfx_shmem_get_folio_gfp+0x10/0x10
[   38.308359]  shmem_write_begin+0x17b/0x480
[   38.308370]  ? __pfx_shmem_write_begin+0x10/0x10
[   38.308379]  ? balance_dirty_pages_ratelimited_flags+0x9b/0x12a0
[   38.308390]  ? __sanitizer_cov_trace_const_cmp1+0x1e/0x30
[   38.308397]  ? shmem_write_end+0x1ee/0x3d0
[   38.308407]  generic_perform_write+0x438/0x920
[   38.308418]  ? __pfx_generic_perform_write+0x10/0x10
[   38.308424]  ? __sanitizer_cov_trace_const_cmp4+0x1a/0x20
[   38.308432]  ? mnt_put_write_access_file+0x5c/0x110
[   38.308448]  ? file_update_time_flags+0x284/0x510
[   38.308469]  shmem_file_write_iter+0x11b/0x150
[   38.308478]  vfs_write+0xc6d/0x11f0
[   38.308491]  ? __pfx_shmem_file_write_iter+0x10/0x10
[   38.308502]  ? __pfx_vfs_write+0x10/0x10
[   38.308518]  ? debug_smp_processor_id+0x20/0x30
[   38.308531]  ksys_write+0x14e/0x280
[   38.308543]  ? __pfx_ksys_write+0x10/0x10
[   38.308557]  ? __audit_syscall_entry+0x393/0x4f0
[   38.308569]  __x64_sys_write+0x7b/0xc0
[   38.308580]  ? syscall_trace_enter+0x14d/0x250
[   38.308593]  x64_sys_call+0x1704/0x21b0
[   38.308604]  do_syscall_64+0x6d/0x450
[   38.308619]  entry_SYSCALL_64_after_hwframe+0x76/0x7e
[   38.308627] RIP: 0033:0x7fe29c13eb97
[   38.308645] Code: Unable to access opcode bytes at 0x7fe29c13eb6d.
[   38.308649] RSP: 002b:00007ffef8fde138 EFLAGS: 00000246 ORIG_RAX: 0000000000000001
[   38.308657] RAX: ffffffffffffffda RBX: 0000000000000000 RCX: 00007fe29c13eb97
[   38.308662] RDX: 0000000001000000 RSI: 00007fe293c00000 RDI: 0000000000000003
[   38.308667] RBP: 00007ffef8fde190 R08: 00000000ffffffff R09: 0000000000000000
[   38.308672] R10: 00007fe29c007e00 R11: 0000000000000246 R12: 00007ffef8fde538
[   38.308677] R13: 00000000004030f5 R14: 000000000040ee08 R15: 00007fe29c2f3000
[   38.308691]  </TASK>
[   38.325241] Mem-Info:
[   38.325386] active_anon:5196 inactive_anon:55468 isolated_anon:0
[   38.325386]  active_file:42 inactive_file:0 isolated_file:1
[   38.325386]  unevictable:0 dirty:0 writeback:0
[   38.325386]  slab_reclaimable:4464 slab_unreclaimable:24684
[   38.325386]  mapped:233 shmem:43307 pagetables:1128
[   38.325386]  sec_pagetables:0 bounce:0
[   38.325386]  kernel_misc_reclaimable:0
[   38.325386]  free:12374 free_pcp:534 free_cma:0
[   38.327517] Node 0 active_anon:20784kB inactive_anon:221872kB active_file:168kB inactive_file:0kB unevictable:0kB isolated(anon):0kB isolated(file):4kB mapped:932kB dirty:0kB writeback:0kB shmem:173228kB shmem_thp:0kB shmem_pmdmapped:0kB anon_thp:0kB kernel_stack:8032kB pagetables:4512kB sec_pagetables:0kB all_unreclaimable? yes Balloon:0kB
[   38.329156] Node 0 DMA free:6424kB boost:0kB min:444kB low:552kB high:660kB reserved_highatomic:0KB free_highatomic:0KB active_anon:0kB inactive_anon:232kB active_file:0kB inactive_file:0kB unevictable:0kB writepending:0kB zspages:0kB present:15992kB managed:15360kB mlocked:0kB bounce:0kB free_pcp:124kB local_pcp:0kB free_cma:0kB
[   38.330727] lowmem_reserve[]: 0 1522 1522 1522 1522
[   38.331029] Node 0 DMA32 free:43072kB boost:0kB min:44608kB low:55760kB high:66912kB reserved_highatomic:0KB free_highatomic:0KB active_anon:20784kB inactive_anon:221668kB active_file:168kB inactive_file:0kB unevictable:0kB writepending:0kB zspages:0kB present:2080640kB managed:1559348kB mlocked:0kB bounce:0kB free_pcp:2012kB local_pcp:2012kB free_cma:0kB
[   38.333780] lowmem_reserve[]: 0 0 0 0 0
[   38.334318] Node 0 DMA: 2*4kB (U) 2*8kB (UM) 0*16kB 0*32kB 1*64kB (U) 1*128kB (M) 2*256kB (M) 1*512kB (U) 1*1024kB (M) 0*2048kB 1*4096kB (M) = 6360kB
[   38.335510] Node 0 DMA32: 18*4kB (ME) 78*8kB (ME) 494*16kB (UME) 317*32kB (UME) 147*64kB (UME) 50*128kB (UME) 19*256kB (UM) 7*512kB (ME) 0*1024kB 0*2048kB 0*4096kB = 43000kB
[   38.336473] Node 0 hugepages_total=0 hugepages_free=0 hugepages_surp=0 hugepages_size=1048576kB
[   38.336970] Node 0 hugepages_total=0 hugepages_free=0 hugepages_surp=0 hugepages_size=2048kB
[   38.337447] 43351 total pagecache pages
[   38.337674] 0 pages in swap cache
[   38.337876] Free swap  = 0kB
[   38.338055] Total swap = 0kB
[   38.338233] 524158 pages RAM
[   38.338411] 0 pages HighMem/MovableOnly
[   38.338636] 130481 pages reserved
[   38.338836] 0 pages cma reserved
[   38.339034] 0 pages hwpoisoned
[   38.339221] Tasks state (memory values in pages):
[   38.339499] [  pid  ]   uid  tgid total_vm      rss rss_anon rss_file rss_shmem pgtables_bytes swapents oom_score_adj name
[   38.340135] [    141]     0   141     5474      438      224       22       192    86016        0          -250 systemd-journal
[   38.340804] [    164]     0   164     7810      652      608       44         0    90112        0         -1000 systemd-udevd
[   38.341458] [    234]    32   234     3314      227      192       35         0    65536        0             0 rpcbind
[   38.342078] [    235]     0   235    22959      225      193       32         0    77824        0         -1000 auditd
[   38.342703] [    237]     0   237     1947       95       64       31         0    53248        0             0 sedispatch
[   38.343337] [    258]    81   258     2731      227      193       34         0    65536        0          -900 dbus-broker-lau
[   38.344006] [    259]    81   259     1316      172      141       31         0    61440        0          -900 dbus-broker
[   38.344729] [    260]     0   260    64533      909      896       13         0   139264        0             0 NetworkManager
[   38.345388] [    263]     0   263    19783       70       32       38         0    53248        0             0 irqbalance
[   38.346019] [    264]   992   264      678       47       32       15         0    49152        0             0 lsmd
[   38.346618] [    265]     0   265      700       67       32       35         0    53248        0             0 mcelog
[   38.347230] [    267]     0   267     4646      278      256       22         0    81920        0             0 systemd-logind
[   38.347880] [    271]   985   271    21097      172      135       37         0    73728        0             0 chronyd
[   38.348509] [    274]     0   274     4496      256      224       32         0    77824        0             0 systemd-machine
[   38.349173] [    280]     0   280     4419      244      224       20         0    81920        0             0 systemd-hostnam
[   38.349829] [    302]     0   302    39958      402      192       33       177    90112        0             0 rsyslogd
[   38.350454] [    306]     0   306     3951      345      288       57         0    73728        0         -1000 sshd
[   38.351253] [    307]     0   307    13748      223      187       36         0    98304        0             0 gssproxy
[   38.351988] [    308]     0   308    66148     3447     3406       41         0   159744        0             0 tuned
[   38.352603] [    319]     0   319   292079      610      576       34         0   245760        0             0 virtqemud
[   38.353220] [    322]     0   322     1169       70       32       38         0    49152        0             0 atd
[   38.353809] [    324]     0   324     2138      245      192       53         0    53248        0             0 crond
[   38.354410] [    349]     0   349      763       51       32       19         0    49152        0             0 agetty
[   38.355014] [    350]     0   350     1405       69       32       37         0    57344        0             0 agetty
[   38.355613] [    548]   998   548   644241     1051     1036       15         0   217088        0             0 polkitd
[   38.356221] [    591]     0   591     5110      494      448       46         0    77824        0           100 systemd
[   38.356846] [    592]     0   592    42781     1017      977       40         0   106496        0           100 (sd-pam)
[   38.357464] [    695]     0   695     4797      487      448       39         0    73728        0             0 sshd
[   38.358066] [    697]     0   697     4797      497      467       30         0    73728        0             0 sshd
[   38.358661] [    698]     0   698     1782       84       64       20         0    57344        0             0 repro.sh
[   38.359752] [    723]     0   723     4736       36        0       36         0    36864        0             0 repro
[   38.361148] [    724]     0   724     4736       41        0       41         0    36864        0             0 repro
[   38.361820] [    725]     0   725     4736        9        0        9         0    36864        0             0 repro
[   38.362404] [    727]     0   727     7795      688      647       41         0    77824        0             0 systemd-udevd
[   38.363026] [    728]     0   728     4736       24        0       24         0    36864        0             0 repro
[   38.363605] [    729]     0   729     4736       30        0       30         0    36864        0             0 repro
[   38.364190] [    730]     0   730     4736       24        0       24         0    36864        0             0 repro
[   38.364804] [    731]     0   731     4736        9        0        9         0    36864        0             0 repro
[   38.365389] [    732]     0   732     4736       14        0       14         0    36864        0             0 repro
[   38.365969] [    733]     0   733     4736       14        0       14         0    36864        0             0 repro
[   38.366553] [    740]     0   740     7795      699      647       52         0    77824        0             0 systemd-udevd
[   38.367179] [    741]     0   741     7795      683      647       36         0    77824        0             0 systemd-udevd
[   38.367803] [    743]     0   743     7795      658      647       11         0    77824        0             0 systemd-udevd
[   38.368425] [    744]     0   744     7795      682      647       35         0    77824        0             0 systemd-udevd
[   38.369089] [    978]     0   978     7795      671      647       24         0    77824        0             0 systemd-udevd
[   38.369713] [   1036]     0  1036     4736       23        0       23         0    49152        0          1000 repro
[   38.370307] [   1041]     0  1041     4736       62       29       33         0    49152        0          1000 repro
[   38.370892] [   1043]     0  1043    38528      609      576       33         0    81920        0          1000 repro
[   38.371479] [   1044]     0  1044    38528      609      576       33         0    81920        0          1000 repro
[   38.372064] [   1045]     0  1045    38528      609      576       33         0    81920        0          1000 repro
[   38.372666] [   1046]     0  1046    38528      577      544       33         0    81920        0          1000 repro
[   38.373247] [   1047]     0  1047    38528      609      576       33         0    77824        0          1000 repro
[   38.373828] [   1048]     0  1048    38528      609      576       33         0    73728        0          1000 repro
[   38.374409] oom-kill:constraint=CONSTRAINT_NONE,nodemask=(null),cpuset=/,mems_allowed=0,global_oom,task_memcg=/user.slice/user-0.slice/session-6.scope,task=repro,pid=1045,uid=0
[   38.375299] Out of memory: Killed process 1045 (repro) total-vm:154112kB, anon-rss:2304kB, file-rss:132kB, shmem-rss:0kB, UID:0 pgtables:80kB oom_score_adj:1000
[   38.455621] kexec: Could not allocate control_code_buffer
