c[?7l[2J[0mSeaBIOS (version rel-1.16.0-0-gd239552ce722-prebuilt.qemu.org)


iPXE (http://ipxe.org) 00:03.0 CA00 PCI2.10 PnP PMM+7FF91000+7FEF1000 CA00
Press Ctrl-B to configure iPXE (PCI 00:03.0)...                                                                               


Booting from ROM...
c[?7l[2J[    0.000000] Linux version 6.18.0-rc1-395ed1ef0012+ (root@p-arls02) (gcc (GCC) 11.5.0 20240719 (Red Hat 11.5.0-14), GNU ld version 2.35.2-68.el9) #1 SMP PREEMPT_DYNAMIC Fri Dec  5 02:16:26 CST 2025
[    0.000000] Command line: console=ttyS0 root=/dev/sda earlyprintk=serial net.ifnames=0 plymouth.enable=0
[    0.000000] KERNEL supported cpus:
[    0.000000]   Intel GenuineIntel
[    0.000000]   AMD AuthenticAMD
[    0.000000]   Hygon HygonGenuine
[    0.000000]   Centaur CentaurHauls
[    0.000000]   zhaoxin   Shanghai  
[    0.000000] x86/CPU: Model not found in latest microcode list
[    0.000000] x86/split lock detection: #DB: warning on user-space bus_locks
[    0.000000] BIOS-provided physical RAM map:
[    0.000000] BIOS-e820: [mem 0x0000000000000000-0x000000000009fbff] usable
[    0.000000] BIOS-e820: [mem 0x000000000009fc00-0x000000000009ffff] reserved
[    0.000000] BIOS-e820: [mem 0x00000000000f0000-0x00000000000fffff] reserved
[    0.000000] BIOS-e820: [mem 0x0000000000100000-0x000000007ffdffff] usable
[    0.000000] BIOS-e820: [mem 0x000000007ffe0000-0x000000007fffffff] reserved
[    0.000000] BIOS-e820: [mem 0x00000000feffc000-0x00000000feffffff] reserved
[    0.000000] BIOS-e820: [mem 0x00000000fffc0000-0x00000000ffffffff] reserved
[    0.000000] printk: legacy bootconsole [earlyser0] enabled
[    0.000000] NX (Execute Disable) protection: active
[    0.000000] APIC: Static calls initialized
[    0.000000] SMBIOS 2.8 present.
[    0.000000] DMI: QEMU Standard PC (i440FX + PIIX, 1996), BIOS rel-1.16.0-0-gd239552ce722-prebuilt.qemu.org 04/01/2014
[    0.000000] DMI: Memory slots populated: 1/1
[    0.000000] Hypervisor detected: KVM
[    0.000000] last_pfn = 0x7ffe0 max_arch_pfn = 0x400000000
[    0.000000] kvm-clock: Using msrs 4b564d01 and 4b564d00
[    0.000003] kvm-clock: using sched offset of 1067110690 cycles
[    0.000472] clocksource: kvm-clock: mask: 0xffffffffffffffff max_cycles: 0x1cd42e4dffb, max_idle_ns: 881590591483 ns
[    0.001924] tsc: Detected 1267.200 MHz processor
[    0.008989] last_pfn = 0x7ffe0 max_arch_pfn = 0x400000000
[    0.009499] MTRR map: 4 entries (3 fixed + 1 variable; max 19), built from 8 variable MTRRs
[    0.010242] x86/PAT: Configuration [0-7]: WB  WC  UC- UC  WB  WP  UC- WT  
[    0.021044] found SMP MP-table at [mem 0x000f5ba0-0x000f5baf]
[    0.021553] Using GB pages for direct mapping
[    0.023926] ACPI: Early table checksum verification disabled
[    0.024427] ACPI: RSDP 0x00000000000F59C0 000014 (v00 BOCHS )
[    0.024977] ACPI: RSDT 0x000000007FFE1951 000034 (v01 BOCHS  BXPC     00000001 BXPC 00000001)
[    0.025742] ACPI: FACP 0x000000007FFE17FD 000074 (v01 BOCHS  BXPC     00000001 BXPC 00000001)
[    0.026515] ACPI: DSDT 0x000000007FFE0040 0017BD (v01 BOCHS  BXPC     00000001 BXPC 00000001)
[    0.027282] ACPI: FACS 0x000000007FFE0000 000040
[    0.027705] ACPI: APIC 0x000000007FFE1871 000080 (v01 BOCHS  BXPC     00000001 BXPC 00000001)
[    0.028469] ACPI: HPET 0x000000007FFE18F1 000038 (v01 BOCHS  BXPC     00000001 BXPC 00000001)
[    0.029234] ACPI: WAET 0x000000007FFE1929 000028 (v01 BOCHS  BXPC     00000001 BXPC 00000001)
[    0.029997] ACPI: Reserving FACP table memory at [mem 0x7ffe17fd-0x7ffe1870]
[    0.030614] ACPI: Reserving DSDT table memory at [mem 0x7ffe0040-0x7ffe17fc]
[    0.031235] ACPI: Reserving FACS table memory at [mem 0x7ffe0000-0x7ffe003f]
[    0.031853] ACPI: Reserving APIC table memory at [mem 0x7ffe1871-0x7ffe18f0]
[    0.032476] ACPI: Reserving HPET table memory at [mem 0x7ffe18f1-0x7ffe1928]
[    0.033098] ACPI: Reserving WAET table memory at [mem 0x7ffe1929-0x7ffe1950]
[    0.034276] No NUMA configuration found
[    0.034618] Faking a node at [mem 0x0000000000000000-0x000000007ffdffff]
[    0.035252] NODE_DATA(0) allocated [mem 0x7ffb4ec0-0x7ffdfcbf]
[    0.036390] Zone ranges:
[    0.036621]   DMA      [mem 0x0000000000001000-0x0000000000ffffff]
[    0.037174]   DMA32    [mem 0x0000000001000000-0x000000007ffdffff]
[    0.037721]   Normal   empty
[    0.037983]   Device   empty
[    0.038243] Movable zone start for each node
[    0.038629] Early memory node ranges
[    0.038949]   node   0: [mem 0x0000000000001000-0x000000000009efff]
[    0.039504]   node   0: [mem 0x0000000000100000-0x000000007ffdffff]
[    0.040068] Initmem setup node 0 [mem 0x0000000000001000-0x000000007ffdffff]
[    0.041881] On node 0, zone DMA: 1 pages in unavailable ranges
[    0.042740] On node 0, zone DMA: 97 pages in unavailable ranges
[    0.089755] On node 0, zone DMA32: 32 pages in unavailable ranges
[    0.654230] KernelAddressSanitizer initialized (generic)
[    0.655037] ACPI: PM-Timer IO Port: 0x608
[    0.655404] ACPI: LAPIC_NMI (acpi_id[0xff] dfl dfl lint[0x1])
[    0.655988] IOAPIC[0]: apic_id 0, version 17, address 0xfec00000, GSI 0-23
[    0.656595] ACPI: INT_SRC_OVR (bus 0 bus_irq 0 global_irq 2 dfl dfl)
[    0.657143] ACPI: INT_SRC_OVR (bus 0 bus_irq 5 global_irq 5 high level)
[    0.657705] ACPI: INT_SRC_OVR (bus 0 bus_irq 9 global_irq 9 high level)
[    0.658271] ACPI: INT_SRC_OVR (bus 0 bus_irq 10 global_irq 10 high level)
[    0.658849] ACPI: INT_SRC_OVR (bus 0 bus_irq 11 global_irq 11 high level)
[    0.659440] ACPI: Using ACPI (MADT) for SMP configuration information
[    0.659992] ACPI: HPET id: 0x8086a201 base: 0xfed00000
[    0.660448] TSC deadline timer available
[    0.660788] CPU topo: Max. logical packages:   1
[    0.661185] CPU topo: Max. logical dies:       1
[    0.661578] CPU topo: Max. dies per package:   1
[    0.661980] CPU topo: Max. threads per core:   1
[    0.662374] CPU topo: Num. cores per package:     2
[    0.662788] CPU topo: Num. threads per package:   2
[    0.663205] CPU topo: Allowing 2 present CPUs plus 0 hotplug CPUs
[    0.663785] kvm-guest: APIC: eoi() replaced with kvm_guest_apic_eoi_write()
[    0.664415] kvm-guest: KVM setup pv remote TLB flush
[    0.664844] kvm-guest: setup PV sched yield
[    0.665251] PM: hibernation: Registered nosave memory: [mem 0x00000000-0x00000fff]
[    0.665904] PM: hibernation: Registered nosave memory: [mem 0x0009f000-0x000fffff]
[    0.666552] [mem 0x80000000-0xfeffbfff] available for PCI devices
[    0.667076] Booting paravirtualized kernel on KVM
[    0.667490] clocksource: refined-jiffies: mask: 0xffffffff max_cycles: 0xffffffff, max_idle_ns: 7645519600211568 ns
[    0.668396] setup_percpu: NR_CPUS:8192 nr_cpumask_bits:2 nr_cpu_ids:2 nr_node_ids:1
[    0.671507] percpu: Embedded 80 pages/cpu s290816 r8192 d28672 u1048576
[    0.672267] kvm-guest: PV spinlocks enabled
[    0.672640] PV qspinlock hash table entries: 256 (order: 0, 4096 bytes, linear)
[    0.673280] Kernel command line: net.ifnames=0 console=ttyS0 root=/dev/sda earlyprintk=serial net.ifnames=0 plymouth.enable=0
[    0.674564] random: crng init done
[    0.674867] printk: log buffer data + meta data: 262144 + 917504 = 1179648 bytes
[    0.677823] Dentry cache hash table entries: 262144 (order: 9, 2097152 bytes, linear)
[    0.679776] Inode-cache hash table entries: 131072 (order: 8, 1048576 bytes, linear)
[    0.680819] Fallback order for Node 0: 0 
[    0.680830] Built 1 zonelists, mobility grouping on.  Total pages: 524158
[    0.681723] Policy zone: DMA32
[    0.681987] mem auto-init: stack:off, heap alloc:off, heap free:off
[    0.682512] stackdepot: allocating hash table via alloc_large_system_hash
[    0.683077] stackdepot hash table entries: 1048576 (order: 12, 16777216 bytes, linear)
[    0.701033] stackdepot: allocating space for 8192 stack pools via memblock
[    0.745692] SLUB: HWalign=64, Order=0-3, MinObjects=0, CPUs=2, Nodes=1
[    0.746294] kmemleak: Kernel memory leak detector disabled
[    0.784870] ftrace: allocating 74646 entries in 292 pages
[    0.785364] ftrace: allocated 292 pages with 3 groups
[    0.790208] Dynamic Preempt: voluntary
[    0.791046] Running RCU self tests
[    0.791321] Running RCU synchronous self tests
[    0.791693] rcu: Preemptible hierarchical RCU implementation.
[    0.792169] rcu: 	RCU lockdep checking is enabled.
[    0.792567] rcu: 	RCU restricting CPUs from NR_CPUS=8192 to nr_cpu_ids=2.
[    0.793128] 	Trampoline variant of Tasks RCU enabled.
[    0.793544] 	Rude variant of Tasks RCU enabled.
[    0.793921] 	Tracing variant of Tasks RCU enabled.
[    0.794316] rcu: RCU calculated value of scheduler-enlistment delay is 25 jiffies.
[    0.794939] rcu: Adjusting geometry for rcu_fanout_leaf=16, nr_cpu_ids=2
[    0.795591] Running RCU synchronous self tests
[    0.795968] RCU Tasks: Setting shift to 1 and lim to 1 rcu_task_cb_adjust=1 rcu_task_cpu_ids=2.
[    0.796690] RCU Tasks Rude: Setting shift to 1 and lim to 1 rcu_task_cb_adjust=1 rcu_task_cpu_ids=2.
[    0.797450] RCU Tasks Trace: Setting shift to 1 and lim to 1 rcu_task_cb_adjust=1 rcu_task_cpu_ids=2.
[    0.866072] NR_IRQS: 524544, nr_irqs: 440, preallocated irqs: 16
[    0.867181] rcu: srcu_init: Setting srcu_struct sizes based on contention.
[    0.874831] Console: colour VGA+ 80x25
[    0.875231] printk: legacy console [ttyS0] enabled
[    0.875231] printk: legacy console [ttyS0] enabled
[    0.876044] printk: legacy bootconsole [earlyser0] disabled
[    0.876044] printk: legacy bootconsole [earlyser0] disabled
[    0.876988] Lock dependency validator: Copyright (c) 2006 Red Hat, Inc., Ingo Molnar
[    0.877638] ... MAX_LOCKDEP_SUBCLASSES:  8
[    0.877991] ... MAX_LOCK_DEPTH:          48
[    0.878350] ... MAX_LOCKDEP_KEYS:        8192
[    0.878733] ... CLASSHASH_SIZE:          4096
[    0.879110] ... MAX_LOCKDEP_ENTRIES:     524288
[    0.879498] ... MAX_LOCKDEP_CHAINS:      524288
[    0.879886] ... CHAINHASH_SIZE:          262144
[    0.880276]  memory used by lock dependency info: 54145 kB
[    0.880739]  memory used for stack traces: 4224 kB
[    0.881151]  per task-struct memory footprint: 1920 bytes
[    0.881708] ACPI: Core revision 20250807
[    0.882450] clocksource: hpet: mask: 0xffffffff max_cycles: 0xffffffff, max_idle_ns: 19112604467 ns
[    0.883403] APIC: Switch to symmetric I/O mode setup
[    0.884125] x2apic enabled
[    0.884722] APIC: Switched APIC routing to: physical x2apic
[    0.885207] kvm-guest: APIC: send_IPI_mask() replaced with kvm_send_ipi_mask()
[    0.885829] kvm-guest: APIC: send_IPI_mask_allbutself() replaced with kvm_send_ipi_mask_allbutself()
[    0.886604] kvm-guest: setup PV IPIs
[    0.887964] ..TIMER: vector=0x30 apic1=0 pin1=2 apic2=-1 pin2=-1
[    0.888489] clocksource: tsc-early: mask: 0xffffffffffffffff max_cycles: 0x12441513526, max_idle_ns: 440795239872 ns
[    0.889395] Calibrating delay loop (skipped) preset value.. 2534.40 BogoMIPS (lpj=5068800)
[    0.890248] CPU0: Thermal monitoring enabled (TM1)
[    0.890675] x86/cpu: User Mode Instruction Prevention (UMIP) activated
[    0.893423] Last level iTLB entries: 4KB 0, 2MB 0, 4MB 0
[    0.893878] Last level dTLB entries: 4KB 0, 2MB 0, 4MB 0, 1GB 0
[    0.894404] mitigations: Enabled attack vectors: user_kernel, user_user, guest_host, guest_guest, SMT mitigations: auto
[    0.895330] Speculative Store Bypass: Mitigation: Speculative Store Bypass disabled via prctl
[    0.896052] Spectre V2 : Mitigation: Enhanced / Automatic IBRS
[    0.896548] ITS: Mitigation: Aligned branch/return thunks
[    0.897014] Spectre V1 : Mitigation: usercopy/swapgs barriers and __user pointer sanitization
[    0.897384] Spectre V2 : WARNING: Unprivileged eBPF is enabled with eIBRS on, data leaks possible via Spectre v2 BHB attacks!
[    0.898324] Spectre V2 : Spectre v2 / PBRSB-eIBRS: Retire a single CALL on VMEXIT
[    0.898920] Spectre V2 : mitigation: Enabling conditional Indirect Branch Prediction Barrier
[    0.899588] active return thunk: its_return_thunk
[    0.899973] Spectre V2 : Spectre BHI mitigation: SW BHB clearing on syscall and VM exit
[    0.900641] x86/fpu: Supporting XSAVE feature 0x001: 'x87 floating point registers'
[    0.901382] x86/fpu: Supporting XSAVE feature 0x002: 'SSE registers'
[    0.901908] x86/fpu: Supporting XSAVE feature 0x004: 'AVX registers'
[    0.902427] x86/fpu: Supporting XSAVE feature 0x200: 'Protection Keys User registers'
[    0.903069] x86/fpu: xstate_offset[2]:  576, xstate_sizes[2]:  256
[    0.903584] x86/fpu: xstate_offset[9]:  832, xstate_sizes[9]:    8
[    0.904091] x86/fpu: Enabled xstate features 0x207, context size is 840 bytes, using 'compacted' format.
[    1.036111] Freeing SMP alternatives memory: 64K
[    1.036538] pid_max: default: 32768 minimum: 301
[    1.037208] LSM: initializing lsm=capability,yama,ima,evm
[    1.037472] Yama: becoming mindful.
[    1.038172] Mount-cache hash table entries: 4096 (order: 3, 32768 bytes, linear)
[    1.038780] Mountpoint-cache hash table entries: 4096 (order: 3, 32768 bytes, linear)
[    1.041515] Running RCU synchronous self tests
[    1.041878] Running RCU synchronous self tests
[    1.042680] smpboot: CPU0: Genuine Intel(R) 0000 @ (family: 0x6, model: 0xc6, stepping: 0x0)
[    1.044440] Performance Events: unsupported CPU family 6 model 198 no PMU driver, software events only.
[    1.045315] signal: max sigframe size: 3632
[    1.045379] rcu: Hierarchical SRCU implementation.
[    1.045379] rcu: 	Max phase no-delay instances is 1000.
[    1.045669] Timer migration: 1 hierarchy levels; 8 children per group; 1 crossnode level
[    1.057968] NMI watchdog: Perf NMI watchdog permanently disabled
[    1.058694] smp: Bringing up secondary CPUs ...
[    1.059870] smpboot: x86: Booting SMP configuration:
[    1.060293] .... node  #0, CPUs:      #1
[    1.061587] smp: Brought up 1 node, 2 CPUs
[    1.062355] smpboot: Total of 2 processors activated (5068.80 BogoMIPS)
[    1.063593] Memory: 1541060K/2096632K available (79902K kernel code, 15394K rwdata, 18468K rodata, 16236K init, 68400K bss, 544140K reserved, 0K cma-reserved)
[    1.066596] devtmpfs: initialized
[    1.066596] x86/mm: Memory block size: 128MB
[    1.079198] Running RCU synchronous self tests
[    1.079198] Running RCU synchronous self tests
[    1.081528] Running RCU Tasks wait API self tests
[    1.081923] Running RCU Tasks Rude wait API self tests
[    1.085411] Running RCU Tasks Trace wait API self tests
[    1.109439] clocksource: jiffies: mask: 0xffffffff max_cycles: 0xffffffff, max_idle_ns: 7645041785100000 ns
[    1.110481] posixtimers hash table entries: 1024 (order: 4, 73728 bytes, linear)
[    1.111201] futex hash table entries: 512 (65536 bytes on 1 NUMA nodes, total 64 KiB, linear).
[    1.112439] pinctrl core: initialized pinctrl subsystem
[    1.114225] 
[    1.114366] *************************************************************
[    1.114906] **     NOTICE NOTICE NOTICE NOTICE NOTICE NOTICE NOTICE    **
[    1.115461] **                                                         **
[    1.116020] **  IOMMU DebugFS SUPPORT HAS BEEN ENABLED IN THIS KERNEL  **
[    1.116567] **                                                         **
[    1.117123] ** This means that this kernel is built to expose internal **
[    1.117389] ** IOMMU data structures, which may compromise security on **
[    1.117946] ** your system.                                            **
[    1.118497] **                                                         **
[    1.119045] ** If you see this message and you are not debugging the   **
[    1.119600] ** kernel, report this immediately to your vendor!         **
[    1.120155] **                                                         **
[    1.120716] **     NOTICE NOTICE NOTICE NOTICE NOTICE NOTICE NOTICE    **
[    1.121275] *************************************************************
[    1.121486] PM: RTC time: 18:19:23, date: 2025-12-04
[    1.126482] NET: Registered PF_NETLINK/PF_ROUTE protocol family
[    1.128427] DMA: preallocated 256 KiB GFP_KERNEL pool for atomic allocations
[    1.129040] DMA: preallocated 256 KiB GFP_KERNEL|GFP_DMA pool for atomic allocations
[    1.129415] DMA: preallocated 256 KiB GFP_KERNEL|GFP_DMA32 pool for atomic allocations
[    1.130157] audit: initializing netlink subsys (disabled)
[    1.130657] audit: type=2000 audit(1764872363.891:1): state=initialized audit_enabled=0 res=1
[    1.131095] thermal_sys: Registered thermal governor 'fair_share'
[    1.131108] thermal_sys: Registered thermal governor 'bang_bang'
[    1.132253] thermal_sys: Registered thermal governor 'step_wise'
[    1.133378] thermal_sys: Registered thermal governor 'user_space'
[    1.137424] cpuidle: using governor ladder
[    1.139386] cpuidle: using governor menu
[    1.139386] acpiphp: ACPI Hot Plug PCI Controller Driver version: 0.5
[    1.141413] Callback from call_rcu_tasks_trace() invoked.
[    1.139386] PCI: Using configuration type 1 for base access
[    1.142205] kprobes: kprobe jump-optimization is enabled. All kprobes are optimized if possible.
[    1.169719] HugeTLB: registered 1.00 GiB page size, pre-allocated 0 pages
[    1.170326] HugeTLB: 16380 KiB vmemmap can be freed for a 1.00 GiB page
[    1.170848] HugeTLB: registered 2.00 MiB page size, pre-allocated 0 pages
[    1.171387] HugeTLB: 28 KiB vmemmap can be freed for a 2.00 MiB page
[    1.281369] ACPI: Added _OSI(Module Device)
[    1.281406] ACPI: Added _OSI(Processor Device)
[    1.281788] ACPI: Added _OSI(Processor Aggregator Device)
[    1.296755] ACPI: 1 ACPI AML tables successfully acquired and loaded
[    1.303253] ACPI: Interpreter enabled
[    1.303728] ACPI: PM: (supports S0 S3 S4 S5)
[    1.304106] ACPI: Using IOAPIC for interrupt routing
[    1.304639] PCI: Using host bridge windows from ACPI; if necessary, use "pci=nocrs" and report a bug
[    1.305388] PCI: Using E820 reservations for host bridge windows
[    1.307102] ACPI: Enabled 2 GPEs in block 00 to 0F
[    1.346523] ACPI: PCI Root Bridge [PCI0] (domain 0000 [bus 00-ff])
[    1.347140] acpi PNP0A03:00: _OSC: OS supports [ASPM ClockPM Segments MSI EDR HPX-Type3]
[    1.347855] acpi PNP0A03:00: _OSC: not requesting OS control; OS requires [ExtendedConfig ASPM ClockPM MSI]
[    1.348865] acpi PNP0A03:00: fail to add MMCONFIG information, can't access extended configuration space under this bridge
[    1.353957] acpiphp: Slot [3] registered
[    1.354448] acpiphp: Slot [4] registered
[    1.354948] acpiphp: Slot [5] registered
[    1.355423] acpiphp: Slot [6] registered
[    1.355898] acpiphp: Slot [7] registered
[    1.356370] acpiphp: Slot [8] registered
[    1.356890] acpiphp: Slot [9] registered
[    1.357368] acpiphp: Slot [10] registered
[    1.357526] acpiphp: Slot [11] registered
[    1.358018] acpiphp: Slot [12] registered
[    1.358534] acpiphp: Slot [13] registered
[    1.359020] acpiphp: Slot [14] registered
[    1.359506] acpiphp: Slot [15] registered
[    1.359985] acpiphp: Slot [16] registered
[    1.360502] acpiphp: Slot [17] registered
[    1.360981] acpiphp: Slot [18] registered
[    1.361465] acpiphp: Slot [19] registered
[    1.361950] acpiphp: Slot [20] registered
[    1.362468] acpiphp: Slot [21] registered
[    1.362953] acpiphp: Slot [22] registered
[    1.363433] acpiphp: Slot [23] registered
[    1.363910] acpiphp: Slot [24] registered
[    1.364414] acpiphp: Slot [25] registered
[    1.364903] acpiphp: Slot [26] registered
[    1.365425] acpiphp: Slot [27] registered
[    1.365915] acpiphp: Slot [28] registered
[    1.366422] acpiphp: Slot [29] registered
[    1.366914] acpiphp: Slot [30] registered
[    1.367396] acpiphp: Slot [31] registered
[    1.367824] PCI host bridge to bus 0000:00
[    1.368244] pci_bus 0000:00: root bus resource [io  0x0000-0x0cf7 window]
[    1.368842] pci_bus 0000:00: root bus resource [io  0x0d00-0xffff window]
[    1.369398] pci_bus 0000:00: root bus resource [mem 0x000a0000-0x000bffff window]
[    1.370057] pci_bus 0000:00: root bus resource [mem 0x80000000-0xfebfffff window]
[    1.370716] pci_bus 0000:00: root bus resource [mem 0x100000000-0x17fffffff window]
[    1.371402] pci_bus 0000:00: root bus resource [bus 00-ff]
[    1.372012] pci 0000:00:00.0: [8086:1237] type 00 class 0x060000 conventional PCI endpoint
[    1.381485] pci 0000:00:01.0: [8086:7000] type 00 class 0x060100 conventional PCI endpoint
[    1.383617] pci 0000:00:01.1: [8086:7010] type 00 class 0x010180 conventional PCI endpoint
[    1.384935] pci 0000:00:01.1: BAR 4 [io  0xc040-0xc04f]
[    1.385418] pci 0000:00:01.1: BAR 0 [io  0x01f0-0x01f7]: legacy IDE quirk
[    1.386004] pci 0000:00:01.1: BAR 1 [io  0x03f6]: legacy IDE quirk
[    1.386538] pci 0000:00:01.1: BAR 2 [io  0x0170-0x0177]: legacy IDE quirk
[    1.387124] pci 0000:00:01.1: BAR 3 [io  0x0376]: legacy IDE quirk
[    1.388193] pci 0000:00:01.3: [8086:7113] type 00 class 0x068000 conventional PCI endpoint
[    1.389211] pci 0000:00:01.3: quirk: [io  0x0600-0x063f] claimed by PIIX4 ACPI
[    1.389396] pci 0000:00:01.3: quirk: [io  0x0700-0x070f] claimed by PIIX4 SMB
[    1.390584] pci 0000:00:02.0: [1234:1111] type 00 class 0x030000 conventional PCI endpoint
[    1.394158] pci 0000:00:02.0: BAR 0 [mem 0xfd000000-0xfdffffff pref]
[    1.394853] pci 0000:00:02.0: BAR 2 [mem 0xfebf0000-0xfebf0fff]
[    1.395394] pci 0000:00:02.0: ROM [mem 0xfebe0000-0xfebeffff pref]
[    1.396377] pci 0000:00:02.0: Video device with shadowed ROM at [mem 0x000c0000-0x000dffff]
[    1.408148] pci 0000:00:03.0: [8086:100e] type 00 class 0x020000 conventional PCI endpoint
[    1.410204] pci 0000:00:03.0: BAR 0 [mem 0xfebc0000-0xfebdffff]
[    1.411358] pci 0000:00:03.0: BAR 1 [io  0xc000-0xc03f]
[    1.412417] pci 0000:00:03.0: ROM [mem 0xfeb80000-0xfebbffff pref]
[    1.435789] ACPI: PCI: Interrupt link LNKA configured for IRQ 10
[    1.437403] ACPI: PCI: Interrupt link LNKB configured for IRQ 10
[    1.438831] ACPI: PCI: Interrupt link LNKC configured for IRQ 11
[    1.440215] ACPI: PCI: Interrupt link LNKD configured for IRQ 11
[    1.441147] ACPI: PCI: Interrupt link LNKS configured for IRQ 9
[    1.445833] iommu: Default domain type: Translated
[    1.446288] iommu: DMA domain TLB invalidation policy: lazy mode
[    1.451100] SCSI subsystem initialized
[    1.452278] ACPI: bus type USB registered
[    1.452991] usbcore: registered new interface driver usbfs
[    1.453562] usbcore: registered new interface driver hub
[    1.454156] usbcore: registered new device driver usb
[    1.455138] pps_core: LinuxPPS API ver. 1 registered
[    1.455584] pps_core: Software ver. 5.3.6 - Copyright 2005-2007 Rodolfo Giometti <giometti@linux.it>
[    1.456442] PTP clock support registered
[    1.457456] EDAC MC: Ver: 3.0.0
[    1.462590] NetLabel: Initializing
[    1.462936] NetLabel:  domain hash size = 128
[    1.463323] NetLabel:  protocols = UNLABELED CIPSOv4 CALIPSO
[    1.464022] NetLabel:  unlabeled traffic allowed by default
[    1.465571] PCI: Using ACPI for IRQ routing
[    1.466538] pci 0000:00:02.0: vgaarb: setting as boot VGA device
[    1.467071] pci 0000:00:02.0: vgaarb: bridge control possible
[    1.467574] pci 0000:00:02.0: vgaarb: VGA device added: decodes=io+mem,owns=io+mem,locks=none
[    1.468337] vgaarb: loaded
[    1.469817] hpet0: at MMIO 0xfed00000, IRQs 2, 8, 0
[    1.470257] hpet0: 3 comparators, 64-bit 100.000000 MHz counter
[    1.475052] clocksource: Switched to clocksource kvm-clock
[    3.673813] Callback from call_rcu_tasks() invoked.
[    3.675844] VFS: Disk quotas dquot_6.6.0
[    3.676233] VFS: Dquot-cache hash table entries: 512 (order 0, 4096 bytes)
[    3.679889] pnp: PnP ACPI init
[    3.684260] pnp: PnP ACPI: found 6 devices
[    3.735849] clocksource: acpi_pm: mask: 0xffffff max_cycles: 0xffffff, max_idle_ns: 2085701024 ns
[    3.738219] NET: Registered PF_INET protocol family
[    3.739029] IP idents hash table entries: 32768 (order: 6, 262144 bytes, linear)
[    3.741662] tcp_listen_portaddr_hash hash table entries: 1024 (order: 4, 73728 bytes, linear)
[    3.742438] Table-perturb hash table entries: 65536 (order: 6, 262144 bytes, linear)
[    3.743108] TCP established hash table entries: 16384 (order: 5, 131072 bytes, linear)
[    3.744378] TCP bind hash table entries: 16384 (order: 9, 2359296 bytes, linear)
[    3.747502] TCP: Hash tables configured (established 16384 bind 16384)
[    3.748659] UDP hash table entries: 1024 (order: 6, 262144 bytes, linear)
[    3.749444] UDP-Lite hash table entries: 1024 (order: 6, 262144 bytes, linear)
[    3.750624] NET: Registered PF_UNIX/PF_LOCAL protocol family
[    3.752678] RPC: Registered named UNIX socket transport module.
[    3.753185] RPC: Registered udp transport module.
[    3.753575] RPC: Registered tcp transport module.
[    3.753986] RPC: Registered tcp-with-tls transport module.
[    3.754438] RPC: Registered tcp NFSv4.1 backchannel transport module.
[    3.755019] pci_bus 0000:00: resource 4 [io  0x0000-0x0cf7 window]
[    3.755532] pci_bus 0000:00: resource 5 [io  0x0d00-0xffff window]
[    3.756040] pci_bus 0000:00: resource 6 [mem 0x000a0000-0x000bffff window]
[    3.756610] pci_bus 0000:00: resource 7 [mem 0x80000000-0xfebfffff window]
[    3.757172] pci_bus 0000:00: resource 8 [mem 0x100000000-0x17fffffff window]
[    3.758143] pci 0000:00:01.0: PIIX3: Enabling Passive Release
[    3.758654] pci 0000:00:00.0: Limiting direct PCI/PCI transfers
[    3.759226] PCI: CLS 0 bytes, default 64
[    3.759747] ACPI: bus type thunderbolt registered
[    3.760645] clocksource: tsc: mask: 0xffffffffffffffff max_cycles: 0x12441513526, max_idle_ns: 440795239872 ns
[    3.769887] Initialise system trusted keyrings
[    3.770435] Key type blacklist registered
[    3.771363] workingset: timestamp_bits=36 max_order=19 bucket_order=0
[    3.775021] squashfs: version 4.0 (2009/01/31) Phillip Lougher
[    3.777264] NFS: Registering the id_resolver key type
[    3.777740] Key type id_resolver registered
[    3.778083] Key type id_legacy registered
[    3.778477] nfs4filelayout_init: NFSv4 File Layout Driver Registering...
[    3.779108] nfs4flexfilelayout_init: NFSv4 Flexfile Layout Driver Registering...
[    3.780095] fuse: init (API version 7.45)
[    3.781175] SGI XFS with ACLs, security attributes, realtime, quota, no debug enabled
[    3.783484] 9p: Installing v9fs 9p2000 file system support
[    3.795602] Key type asymmetric registered
[    3.796009] Asymmetric key parser 'x509' registered
[    3.796637] Block layer SCSI generic (bsg) driver version 0.4 loaded (major 241)
[    3.797760] io scheduler mq-deadline registered
[    3.798267] io scheduler bfq registered
[    3.799714] ledtrig-cpu: registered to indicate activity on CPUs
[    3.802171] IPMI message handler: version 39.2
[    3.802626] ipmi device interface
[    3.806456] input: Power Button as /devices/LNXSYSTM:00/LNXPWRBN:00/input/input0
[    3.809237] ACPI: button: Power Button [PWRF]
[    3.813440] ERST DBG: ERST support is disabled.
[    3.815717] Serial: 8250/16550 driver, 32 ports, IRQ sharing enabled
[    3.817692] 00:04: ttyS0 at I/O 0x3f8 (irq = 4, base_baud = 115200) is a 16550A
[    3.858116] Linux agpgart interface v0.103
[    3.863373] ACPI: bus type drm_connector registered
[    3.898484] brd: module loaded
[    3.917096] loop: module loaded
[    3.932708] scsi host0: ata_piix
[    3.935105] scsi host1: ata_piix
[    3.935859] ata1: PATA max MWDMA2 cmd 0x1f0 ctl 0x3f6 bmdma 0xc040 irq 14 lpm-pol 0
[    3.936486] ata2: PATA max MWDMA2 cmd 0x170 ctl 0x376 bmdma 0xc048 irq 15 lpm-pol 0
[    3.940554] tun: Universal TUN/TAP device driver, 1.6
[    3.941915] e100: Intel(R) PRO/100 Network Driver
[    3.942387] e100: Copyright(c) 1999-2006 Intel Corporation
[    3.942969] e1000: Intel(R) PRO/1000 Network Driver
[    3.943375] e1000: Copyright (c) 1999-2006 Intel Corporation.
[    4.093904] ata1: found unknown device (class 0)
[    4.094973] ata1.00: ATA-7: QEMU HARDDISK, 2.5+, max UDMA/100
[    4.095446] ata1.00: 17196647 sectors, multi 16: LBA48 
[    4.097301] scsi 0:0:0:0: Direct-Access     ATA      QEMU HARDDISK    2.5+ PQ: 0 ANSI: 5
[    4.097886] ata2: found unknown device (class 0)
[    4.099752] ata2.00: ATAPI: QEMU DVD-ROM, 2.5+, max UDMA/100
[    4.100469] sd 0:0:0:0: Attached scsi generic sg0 type 0
[    4.101668] sd 0:0:0:0: [sda] 17196647 512-byte logical blocks: (8.80 GB/8.20 GiB)
[    4.103457] sd 0:0:0:0: [sda] Write Protect is off
[    4.103934] sd 0:0:0:0: [sda] Write cache: enabled, read cache: enabled, doesn't support DPO or FUA
[    4.104680] sd 0:0:0:0: [sda] Preferred minimum I/O size 512 bytes
[    4.106255] scsi 1:0:0:0: CD-ROM            QEMU     QEMU DVD-ROM     2.5+ PQ: 0 ANSI: 5
[    4.144276] scsi 1:0:0:0: Attached scsi generic sg1 type 5
[    4.146975] sd 0:0:0:0: [sda] Attached SCSI disk
[    4.622913] ACPI: \_SB_.LNKC: Enabled at IRQ 11
[    4.937972] e1000 0000:00:03.0 eth0: (PCI:33MHz:32-bit) 52:54:00:12:34:56
[    4.938593] e1000 0000:00:03.0 eth0: Intel(R) PRO/1000 Network Connection
[    4.939335] e1000e: Intel(R) PRO/1000 Network Driver
[    4.939735] e1000e: Copyright(c) 1999 - 2015 Intel Corporation.
[    4.940396] igb: Intel(R) Gigabit Ethernet Network Driver
[    4.940823] igb: Copyright (c) 2007-2014 Intel Corporation.
[    4.941680] PPP generic driver version 2.4.2
[    4.944607] VFIO - User Level meta-driver version: 0.3
[    4.946753] usbcore: registered new interface driver uas
[    4.947922] usbcore: registered new interface driver usb-storage
[    4.949529] i8042: PNP: PS/2 Controller [PNP0303:KBD,PNP0f13:MOU] at 0x60,0x64 irq 1,12
[    4.952810] serio: i8042 KBD port at 0x60,0x64 irq 1
[    4.953911] serio: i8042 AUX port at 0x60,0x64 irq 12
[    4.956259] mousedev: PS/2 mouse device common for all mice
[    4.958150] rtc_cmos 00:05: RTC can wake from S4
[    4.960139] input: AT Translated Set 2 keyboard as /devices/platform/i8042/serio0/input/input1
[    4.960580] rtc_cmos 00:05: registered as rtc0
[    4.961338] rtc_cmos 00:05: setting system clock to 2025-12-04T18:19:27 UTC (1764872367)
[    4.962608] input: VirtualPS/2 VMware VMMouse as /devices/platform/i8042/serio1/input/input4
[    4.962613] rtc_cmos 00:05: alarms up to one day, y3k, 242 bytes nvram, hpet irqs
[    4.962717] i2c_dev: i2c /dev entries driver
[    4.964317] input: VirtualPS/2 VMware VMMouse as /devices/platform/i8042/serio1/input/input3
[    4.965384] device-mapper: core: CONFIG_IMA_DISABLE_HTABLE is disabled. Duplicate IMA measurements will not be recorded in the IMA log.
[    4.966487] device-mapper: uevent: version 1.0.3
[    4.967543] device-mapper: ioctl: 4.50.0-ioctl (2025-04-28) initialised: dm-devel@lists.linux.dev
[    4.968281] intel_pstate: CPU model not supported
[    4.968940] sdhci: Secure Digital Host Controller Interface driver
[    4.969444] sdhci: Copyright(c) Pierre Ossman
[    4.970046] sdhci-pltfm: SDHCI platform and OF driver helper
[    4.971195] drop_monitor: Initializing network drop monitor service
[    4.972186] NET: Registered PF_INET6 protocol family
[    4.974883] Segment Routing with IPv6
[    4.975330] In-situ OAM (IOAM) with IPv6
[    4.975750] NET: Registered PF_PACKET protocol family
[    4.976751] 9pnet: Installing 9P2000 support
[    4.977220] Key type dns_resolver registered
[    4.979876] IPI shorthand broadcast: enabled
[    5.036203] sched_clock: Marking stable (5016006143, 17618098)->(5075207726, -41583485)
[    5.038344] registered taskstats version 1
[    5.039450] Loading compiled-in X.509 certificates
[    5.113980] Demotion targets for Node 0: null
[    5.116383] Key type .fscrypt registered
[    5.117126] Key type fscrypt-provisioning registered
[    5.123937] Key type encrypted registered
[    5.124398] ima: No TPM chip found, activating TPM-bypass!
[    5.124884] ima: Allocated hash algorithm: sha1
[    5.125361] ima: No architecture policies found
[    5.125949] evm: Initialising EVM extended attributes:
[    5.126393] evm: security.selinux
[    5.126671] evm: security.SMACK64
[    5.126948] evm: security.SMACK64EXEC
[    5.127250] evm: security.SMACK64TRANSMUTE
[    5.127593] evm: security.SMACK64MMAP
[    5.127896] evm: security.apparmor
[    5.128179] evm: security.ima
[    5.128430] evm: security.capability
[    5.128725] evm: HMAC attrs: 0x1
[    5.131635] PM:   Magic number: 5:518:341
[    5.133345] RAS: Correctable Errors collector initialized.
[    5.134959] clk: Disabling unused clocks
[    5.135808] PM: genpd: Disabling unused power domains
[    5.138258] check access for rdinit=/init failed: -2, ignoring
[    5.139004] md: Waiting for all devices to be available before autodetect
[    5.139812] md: If you don't use raid, use raid=noautodetect
[    5.140512] md: Autodetecting RAID arrays.
[    5.141065] md: autorun ...
[    5.141422] md: ... autorun DONE.
[    5.160171] EXT4-fs (sda): mounted filesystem 088740a9-c8b4-422c-999d-a804eb68a4da ro with ordered data mode. Quota mode: none.
[    5.160935] VFS: Mounted root (ext4 filesystem) readonly on device 8:0.
[    5.164412] devtmpfs: mounted
[    5.185681] Freeing unused decrypted memory: 2036K
[    5.200603] Freeing unused kernel image (initmem) memory: 16236K
[    5.201164] Write protecting the kernel read-only data: 102400k
[    5.206149] Freeing unused kernel image (text/rodata gap) memory: 2016K
[    5.209110] Freeing unused kernel image (rodata/data gap) memory: 2012K
[    5.275881] x86/mm: Checked W+X mappings: passed, no W+X pages found.
[    5.276315] Run /sbin/init as init process
[    5.530204] systemd[1]: systemd 252-15.el9 running in system mode (+PAM +AUDIT +SELINUX -APPARMOR +IMA +SMACK +SECCOMP +GCRYPT +GNUTLS +OPENSSL +ACL +BLKID +CURL +ELFUTILS -FIDO2 +IDN2 -IDN -IPTC +KMOD +LIBCRYPTSETUP +LIBFDISK +PCRE2 -PWQUALITY +P11KIT -QRENCODE +TPM2 +BZIP2 +LZ4 +XZ +ZLIB +ZSTD -BPF_FRAMEWORK +XKBCOMMON +UTMP +SYSVINIT default-hierarchy=unified)
[    5.531827] systemd[1]: Detected virtualization kvm.
[    5.532111] systemd[1]: Detected architecture x86-64.

Welcome to [0;31mCentOS Stream 9[0m!

[    5.540077] systemd[1]: Hostname set to <test>.
[    5.788716] systemd-rc-local-generator[119]: /etc/rc.d/rc.local is not marked executable, skipping.
[    6.185463] systemd[1]: Queued start job for default target Multi-User System.
[    6.216591] systemd[1]: Created slice Virtual Machine and Container Slice.
[[0;32m  OK  [0m] Created slice [0;1;39mVirtual Machine and Container Slice[0m.
[    6.221147] systemd[1]: Created slice Slice /system/getty.
[[0;32m  OK  [0m] Created slice [0;1;39mSlice /system/getty[0m.
[    6.223738] systemd[1]: Created slice Slice /system/modprobe.
[[0;32m  OK  [0m] Created slice [0;1;39mSlice /system/modprobe[0m.
[    6.226512] systemd[1]: Created slice Slice /system/serial-getty.
[[0;32m  OK  [0m] Created slice [0;1;39mSlice /system/serial-getty[0m.
[    6.229025] systemd[1]: Created slice Slice /system/sshd-keygen.
[[0;32m  OK  [0m] Created slice [0;1;39mSlice /system/sshd-keygen[0m.
[    6.231592] systemd[1]: Created slice User and Session Slice.
[[0;32m  OK  [0m] Created slice [0;1;39mUser and Session Slice[0m.
[    6.232806] systemd[1]: Started Forward Password Requests to Wall Directory Watch.
[[0;32m  OK  [0m] Started [0;1;39mForward Password R…uests to Wall Directory Watch[0m.
[    6.234909] systemd[1]: Set up automount Arbitrary Executable File Formats File System Automount Point.
[[0;32m  OK  [0m] Set up automount [0;1;39mArbitrary…s File System Automount Point[0m.
[    6.236172] systemd[1]: Reached target Local Integrity Protected Volumes.
[[0;32m  OK  [0m] Reached target [0;1;39mLocal Integrity Protected Volumes[0m.
[    6.237178] systemd[1]: Reached target Slice Units.
[[0;32m  OK  [0m] Reached target [0;1;39mSlice Units[0m.
[    6.238063] systemd[1]: Reached target Swaps.
[[0;32m  OK  [0m] Reached target [0;1;39mSwaps[0m.
[    6.238784] systemd[1]: Reached target Local Verity Protected Volumes.
[[0;32m  OK  [0m] Reached target [0;1;39mLocal Verity Protected Volumes[0m.
[    6.240031] systemd[1]: Listening on Device-mapper event daemon FIFOs.
[[0;32m  OK  [0m] Listening on [0;1;39mDevice-mapper event daemon FIFOs[0m.
[    6.241610] systemd[1]: Listening on LVM2 poll daemon socket.
[[0;32m  OK  [0m] Listening on [0;1;39mLVM2 poll daemon socket[0m.
[    6.242703] systemd[1]: multipathd control socket was skipped because of an unmet condition check (ConditionPathExists=/etc/multipath.conf).
[    6.275302] systemd[1]: Listening on RPCbind Server Activation Socket.
[[0;32m  OK  [0m] Listening on [0;1;39mRPCbind Server Activation Socket[0m.
[    6.276590] systemd[1]: Reached target RPC Port Mapper.
[[0;32m  OK  [0m] Reached target [0;1;39mRPC Port Mapper[0m.
[    6.280066] systemd[1]: Listening on Process Core Dump Socket.
[[0;32m  OK  [0m] Listening on [0;1;39mProcess Core Dump Socket[0m.
[    6.281394] systemd[1]: Listening on initctl Compatibility Named Pipe.
[[0;32m  OK  [0m] Listening on [0;1;39minitctl Compatibility Named Pipe[0m.
[    6.283169] systemd[1]: Listening on Journal Socket (/dev/log).
[[0;32m  OK  [0m] Listening on [0;1;39mJournal Socket (/dev/log)[0m.
[    6.284617] systemd[1]: Listening on Journal Socket.
[[0;32m  OK  [0m] Listening on [0;1;39mJournal Socket[0m.
[    6.286096] systemd[1]: Listening on udev Control Socket.
[[0;32m  OK  [0m] Listening on [0;1;39mudev Control Socket[0m.
[    6.287378] systemd[1]: Listening on udev Kernel Socket.
[[0;32m  OK  [0m] Listening on [0;1;39mudev Kernel Socket[0m.
[    6.293453] systemd[1]: Mounting Huge Pages File System...
         Mounting [0;1;39mHuge Pages File System[0m...
[    6.299059] systemd[1]: Mounting POSIX Message Queue File System...
         Mounting [0;1;39mPOSIX Message Queue File System[0m...
[    6.306200] systemd[1]: Mounting Kernel Debug File System...
         Mounting [0;1;39mKernel Debug File System[0m...
[    6.317752] systemd[1]: Mounting Kernel Trace File System...
         Mounting [0;1;39mKernel Trace File System[0m...
[    6.319040] systemd[1]: Kernel Module supporting RPCSEC_GSS was skipped because of an unmet condition check (ConditionPathExists=/etc/krb5.keytab).
[    6.319868] systemd[1]: Create List of Static Device Nodes was skipped because of an unmet condition check (ConditionFileNotEmpty=/lib/modules/6.18.0-rc1-395ed1ef0012+/modules.devname).
[    6.325666] systemd[1]: Starting Monitoring of LVM2 mirrors, snapshots etc. using dmeventd or progress polling...
         Starting [0;1;39mMonitoring of LVM…meventd or progress polling[0m...
[    6.333910] systemd[1]: Starting Load Kernel Module configfs...
         Starting [0;1;39mLoad Kernel Module configfs[0m...
[    6.346283] systemd[1]: Starting Load Kernel Module drm...
         Starting [0;1;39mLoad Kernel Module drm[0m...
[    6.357967] systemd[1]: Starting Load Kernel Module fuse...
         Starting [0;1;39mLoad Kernel Module fuse[0m...
[    6.368265] systemd[1]: Starting Read and set NIS domainname from /etc/sysconfig/network...
         Starting [0;1;39mRead and set NIS …from /etc/sysconfig/network[0m...
[    6.379838] systemd[1]: Starting Journal Service...
         Starting [0;1;39mJournal Service[0m...
[    6.415210] systemd[1]: Starting Load Kernel Modules...
         Starting [0;1;39mLoad Kernel Modules[0m...
[    6.426364] systemd[1]: Starting Generate network units from Kernel command line...
         Starting [0;1;39mGenerate network …ts from Kernel command line[0m...
[    6.446734] systemd[1]: Starting Remount Root and Kernel File Systems...
         Starting [0;1;39mRemount Root and Kernel File Systems[0m...
[    6.448391] systemd[1]: Repartition Root Disk was skipped because no trigger condition checks were met.
[    6.462580] systemd[1]: Starting Coldplug All udev Devices...
         Starting [0;1;39mColdplug All udev Devices[0m...
[    6.499134] systemd[1]: Mounted Huge Pages File System.
[[0;32m  OK  [0m] Mounted [0;1;39mHuge Pages File System[0m.
[    6.500763] systemd[1]: Mounted POSIX Message Queue File System.
[[0;32m  OK  [0m] Mounted [0;1;39mPOSIX Message Queue File System[0m.
[    6.503421] systemd[1]: Mounted Kernel Debug File System.
[[0;32m  OK  [0m] Mounted [0;1;39mKernel Debug File System[0m.
[    6.504774] systemd[1]: Mounted Kernel Trace File System.
[[0;32m  OK  [0m] Mounted [0;1;39mKernel Trace File System[0m.
[    6.507283] systemd[1]: Finished Monitoring of LVM2 mirrors, snapshots etc. using dmeventd or progress polling.
[[0;32m  OK  [0m] Finished [0;1;39mMonitoring of LVM… dmeventd or progress polling[0m.
[    6.510634] systemd[1]: modprobe@configfs.service: Deactivated successfully.
[    6.514738] systemd[1]: Finished Load Kernel Module configfs.
[[0;32m  OK  [0m] Finished [0;1;39mLoad Kernel Module configfs[0m.
[    6.519146] systemd[1]: modprobe@drm.service: Deactivated successfully.
[    6.520575] systemd[1]: Finished Load Kernel Module drm.
[[0;32m  OK  [0m] Finished [0;1;39mLoad Kernel Module drm[0m.
[    6.535675] systemd[1]: modprobe@fuse.service: Deactivated successfully.
[    6.545898] systemd[1]: Finished Load Kernel Module fuse.
[[0;32m  OK  [0m] Finished [0;1;39mLoad Kernel Module fuse[0m.
[    6.556255] systemd[1]: Finished Read and set NIS domainname from /etc/sysconfig/network.
[[0;32m  OK  [0m] Finished [0;1;39mRead and set NIS …e from /etc/sysconfig/network[0m.
[    6.558656] systemd[1]: systemd-modules-load.service: Main process exited, code=exited, status=1/FAILURE
[    6.560130] systemd[1]: systemd-modules-load.service: Failed with result 'exit-code'.
[    6.570239] systemd[1]: Failed to start Load Kernel Modules.
[[0;1;31mFAILED[0m] Failed to start [0;1;39mLoad Kernel Modules[0m.
See 'systemctl status systemd-modules-load.service' for details.
[    6.578128] systemd[1]: Finished Generate network units from Kernel command line.
[[0;32m  OK  [0m] Finished [0;1;39mGenerate network units from Kernel command line[0m.
[    6.580815] systemd[1]: Reached target Preparation for Network.
[[0;32m  OK  [0m] Reached target [0;1;39mPreparation for Network[0m.
[    6.606080] systemd[1]: Mounting FUSE Control File System...
         Mounting [0;1;39mFUSE Control File System[0m...
[    6.619881] systemd[1]: Mounting Kernel Configuration File System...
         Mounting [0;1;39mKernel Configuration File System[0m...
[    6.640316] EXT4-fs (sda): re-mounted 088740a9-c8b4-422c-999d-a804eb68a4da r/w.
[    6.656448] systemd[1]: Starting Apply Kernel Variables...
         Starting [0;1;39mApply Kernel Variables[0m...
[    6.678791] systemd[1]: Started Journal Service.
[[0;32m  OK  [0m] Started [0;1;39mJournal Service[0m.
[[0;32m  OK  [0m] Finished [0;1;39mRemount Root and Kernel File Systems[0m.
[[0;32m  OK  [0m] Mounted [0;1;39mFUSE Control File System[0m.
[[0;32m  OK  [0m] Mounted [0;1;39mKernel Configuration File System[0m.
         Starting [0;1;39mFlush Journal to Persistent Storage[0m...
         Starting [0;1;39mLoad/Save Random Seed[0m...
         Starting [0;1;39mCreate Static Device Nodes in /dev[0m...
[    6.766641] systemd-journald[141]: Received client request to flush runtime journal.
         Starting [0;1;39mSetup Virtual Console[0m...
[[0;32m  OK  [0m] Finished [0;1;39mApply Kernel Variables[0m.
[[0;32m  OK  [0m] Finished [0;1;39mFlush Journal to Persistent Storage[0m.
[[0;32m  OK  [0m] Finished [0;1;39mLoad/Save Random Seed[0m.
[[0;32m  OK  [0m] Finished [0;1;39mCreate Static Device Nodes in /dev[0m.
         Starting [0;1;39mRule-based Manage…for Device Events and Files[0m...
[[0;32m  OK  [0m] Started [0;1;39mRule-based Manager for Device Events and Files[0m.
[[0;32m  OK  [0m] Finished [0;1;39mColdplug All udev Devices[0m.
         Starting [0;1;39mAuto-connect to s…E devices found during boot[0m...
         Starting [0;1;39mWait for udev To …plete Device Initialization[0m...
[[0;32m  OK  [0m] Finished [0;1;39mSetup Virtual Console[0m.
[[0;32m  OK  [0m] Finished [0;1;39mAuto-connect to s…VME devices found during boot[0m.
[[0;32m  OK  [0m] Started [0;1;39mDispatch Password …ts to Console Directory Watch[0m.
[[0;32m  OK  [0m] Reached target [0;1;39mLocal Encrypted Volumes[0m.
[[0;32m  OK  [0m] Reached target [0;1;39mPath Units[0m.
[[0;32m  OK  [0m] Found device [0;1;39m/dev/ttyS0[0m.
[[0;32m  OK  [0m] Listening on [0;1;39mLoad/Save RF …itch Status /dev/rfkill Watch[0m.
[[0;32m  OK  [0m] Finished [0;1;39mWait for udev To Complete Device Initialization[0m.
[[0;32m  OK  [0m] Reached target [0;1;39mPreparation for Local File Systems[0m.
[[0;32m  OK  [0m] Reached target [0;1;39mLocal File Systems[0m.
         Starting [0;1;39mTell Plymouth To Write Out Runtime Data[0m...
         Starting [0;1;39mAutomatic Boot Loader Update[0m...
         Starting [0;1;39mCreate Volatile Files and Directories[0m...
[[0;32m  OK  [0m] Finished [0;1;39mTell Plymouth To Write Out Runtime Data[0m.
[[0;32m  OK  [0m] Finished [0;1;39mAutomatic Boot Loader Update[0m.
[[0;32m  OK  [0m] Finished [0;1;39mCreate Volatile Files and Directories[0m.
         Mounting [0;1;39mRPC Pipe File System[0m...
         Starting [0;1;39mSecurity Auditing Service[0m...
         Starting [0;1;39mRPC Bind[0m...
[[0;32m  OK  [0m] Mounted [0;1;39mRPC Pipe File System[0m.
[[0;32m  OK  [0m] Reached target [0;1;39mrpc_pipefs.target[0m.
[[0;32m  OK  [0m] Started [0;1;39mRPC Bind[0m.
[[0;32m  OK  [0m] Started [0;1;39mSecurity Auditing Service[0m.
         Starting [0;1;39mRecord System Boot/Shutdown in UTMP[0m...
[[0;32m  OK  [0m] Finished [0;1;39mRecord System Boot/Shutdown in UTMP[0m.
[[0;32m  OK  [0m] Reached target [0;1;39mSystem Initialization[0m.
[[0;32m  OK  [0m] Started [0;1;39mDaily rotation of log files[0m.
[[0;32m  OK  [0m] Started [0;1;39mUpdates mlocate database every day[0m.
[[0;32m  OK  [0m] Started [0;1;39mDaily Cleanup of Temporary Directories[0m.
[[0;32m  OK  [0m] Started [0;1;39mdaily update of the root trust anchor for DNSSEC[0m.
[[0;32m  OK  [0m] Reached target [0;1;39mTimer Units[0m.
[[0;32m  OK  [0m] Listening on [0;1;39mD-Bus System Message Bus Socket[0m.
[[0;32m  OK  [0m] Listening on [0;1;39mOpen-iSCSI iscsid Socket[0m.
[[0;32m  OK  [0m] Listening on [0;1;39mOpen-iSCSI iscsiuio Socket[0m.
[[0;32m  OK  [0m] Listening on [0;1;39mSSSD Kerberos…ache Manager responder socket[0m.
[[0;32m  OK  [0m] Listening on [0;1;39mLibvirt interface local socket[0m.
[[0;32m  OK  [0m] Listening on [0;1;39mVirtual machine lock manager socket[0m.
[[0;32m  OK  [0m] Listening on [0;1;39mVirtual machine log manager socket[0m.
[[0;32m  OK  [0m] Listening on [0;1;39mLibvirt network local socket[0m.
[[0;32m  OK  [0m] Listening on [0;1;39mLibvirt nodedev local socket[0m.
[[0;32m  OK  [0m] Listening on [0;1;39mLibvirt nwfilter local socket[0m.
[[0;32m  OK  [0m] Listening on [0;1;39mLibvirt proxy local socket[0m.
[[0;32m  OK  [0m] Listening on [0;1;39mLibvirt qemu local socket[0m.
[[0;32m  OK  [0m] Listening on [0;1;39mLibvirt qemu admin socket[0m.
[[0;32m  OK  [0m] Listening on [0;1;39mLibvirt qemu local read-only socket[0m.
[[0;32m  OK  [0m] Listening on [0;1;39mLibvirt secret local socket[0m.
[[0;32m  OK  [0m] Listening on [0;1;39mLibvirt storage local socket[0m.
[[0;32m  OK  [0m] Reached target [0;1;39mSocket Units[0m.
         Starting [0;1;39mD-Bus System Message Bus[0m...
[[0;32m  OK  [0m] Started [0;1;39mD-Bus System Message Bus[0m.
[[0;32m  OK  [0m] Reached target [0;1;39mBasic System[0m.
         Starting [0;1;39mNetwork Manager[0m...
         Starting [0;1;39mNTP client/server[0m...
         Starting [0;1;39mRestore /run/initramfs on shutdown[0m...
[[0;32m  OK  [0m] Started [0;1;39mirqbalance daemon[0m.
[[0;32m  OK  [0m] Started [0;1;39mlibstoragemgmt plug-in server daemon[0m.
[[0;32m  OK  [0m] Started [0;1;39mMachine Check Exception Logging Daemon[0m.
[[0;32m  OK  [0m] Reached target [0;1;39msshd-keygen.target[0m.
[[0;32m  OK  [0m] Reached target [0;1;39mUser and Group Name Lookups[0m.
         Starting [0;1;39mUser Login Management[0m...
         Starting [0;1;39mVirtual Machine a…tainer Registration Service[0m...
         Starting [0;1;39mupdate of the roo…NSSEC validation in unbound[0m...
         Starting [0;1;39mRotate log files[0m...
[[0;32m  OK  [0m] Started [0;1;39mUpdate a database for mlocate[0m.
[[0;32m  OK  [0m] Finished [0;1;39mRestore /run/initramfs on shutdown[0m.
[[0;32m  OK  [0m] Started [0;1;39mVirtual Machine an…ontainer Registration Service[0m.
         Starting [0;1;39mHostname Service[0m...
[[0;32m  OK  [0m] Finished [0;1;39mupdate of the roo… DNSSEC validation in unbound[0m.
[[0;32m  OK  [0m] Started [0;1;39mNTP client/server[0m.
[[0;32m  OK  [0m] Started [0;1;39mUser Login Management[0m.
[[0;32m  OK  [0m] Started [0;1;39mHostname Service[0m.
         Starting [0;1;39mNetwork Manager Script Dispatcher Service[0m...
[[0;32m  OK  [0m] Started [0;1;39mNetwork Manager Script Dispatcher Service[0m.
[[0;32m  OK  [0m] Finished [0;1;39mRotate log files[0m.
[   10.434352] e1000: eth0 NIC Link is Up 1000 Mbps Full Duplex, Flow Control: RX
[[0;32m  OK  [0m] Started [0;1;39mNetwork Manager[0m.
[[0;32m  OK  [0m] Reached target [0;1;39mNetwork[0m.
[[0;32m  OK  [0m] Reached target [0;1;39mNetwork is Online[0m.
         Starting [0;1;39mGSSAPI Proxy Daemon[0m...
         Starting [0;1;39mNotify NFS peers of a restart[0m...
         Starting [0;1;39mSystem Logging Service[0m...
         Starting [0;1;39mOpenSSH server daemon[0m...
         Starting [0;1;39mDynamic System Tuning Daemon[0m...
[[0;32m  OK  [0m] Started [0;1;39mNotify NFS peers of a restart[0m.
[[0;32m  OK  [0m] Started [0;1;39mOpenSSH server daemon[0m.
[[0;32m  OK  [0m] Started [0;1;39mGSSAPI Proxy Daemon[0m.
[[0;32m  OK  [0m] Reached target [0;1;39mNFS client services[0m.
[[0;32m  OK  [0m] Reached target [0;1;39mPreparation for Remote File Systems[0m.
[[0;32m  OK  [0m] Reached target [0;1;39mRemote File Systems[0m.
         Starting [0;1;39mPermit User Sessions[0m...
         Starting [0;1;39mVirtualization qemu daemon[0m...
[[0;32m  OK  [0m] Started [0;1;39mSystem Logging Service[0m.
[[0;32m  OK  [0m] Finished [0;1;39mPermit User Sessions[0m.
[[0;32m  OK  [0m] Started [0;1;39mDeferred execution scheduler[0m.
[[0;32m  OK  [0m] Started [0;1;39mCommand Scheduler[0m.
         Starting [0;1;39mHold until boot process finishes up[0m...
         Starting [0;1;39mTerminate Plymouth Boot Screen[0m...
[[0;32m  OK  [0m] Finished [0;1;39mHold until boot process finishes up[0m.
[[0;32m  OK  [0m] Started [0;1;39mGetty on tty1[0m.
[[0;32m  OK  [0m] Started [0;1;39mSerial Getty on ttyS0[0m.
[[0;32m  OK  [0m] Reached target [0;1;39mLogin Prompts[0m.
[[0;32m  OK  [0m] Finished [0;1;39mTerminate Plymouth Boot Screen[0m.
[[0;32m  OK  [0m] Started [0;1;39mVirtualization qemu daemon[0m.
         Starting [0;1;39mAuthorization Manager[0m...
[[0;32m  OK  [0m] Started [0;1;39mAuthorization Manager[0m.
[[0;32m  OK  [0m] Started [0;1;39mDynamic System Tuning Daemon[0m.
[[0;32m  OK  [0m] Reached target [0;1;39mMulti-User System[0m.
         Starting [0;1;39mRecord Runlevel Change in UTMP[0m...
[[0;32m  OK  [0m] Finished [0;1;39mRecord Runlevel Change in UTMP[0m.

CentOS Stream 9
Kernel 6.18.0-rc1-395ed1ef0012+ on an x86_64

Activate the web console with: systemctl enable --now cockpit.socket

test login: [   21.013200] loop6: detected capacity change from 0 to 32768
[   21.015113] loop7: detected capacity change from 0 to 32768
[   21.054128] XFS (loop7): Mounting V5 Filesystem bfdc47fc-10d8-4eed-a562-11a831b3f791
[   21.072910] XFS (loop6): Mounting V5 Filesystem bfdc47fc-10d8-4eed-a562-11a831b3f791
[   21.094698] loop5: detected capacity change from 0 to 32768
[   21.122100] XFS (loop7): Ending clean mount
[   21.124141] XFS (loop5): Mounting V5 Filesystem bfdc47fc-10d8-4eed-a562-11a831b3f791
[   21.133890] XFS (loop6): Ending clean mount
[   21.135037] XFS (loop6): Quotacheck needed: Please wait.
[   21.136839] XFS (loop7): Quotacheck needed: Please wait.
[   21.147682] XFS (loop7): Quotacheck: Done.
[   21.154481] XFS (loop6): Quotacheck: Done.
[   21.226273] XFS (loop5): Ending clean mount
[   21.227829] XFS (loop5): Quotacheck needed: Please wait.
[   21.230310] loop0: detected capacity change from 0 to 32768
[   21.232119] loop4: detected capacity change from 0 to 32768
[   21.240105] XFS (loop5): Quotacheck: Done.
[   21.299425] XFS (loop0): Mounting V5 Filesystem bfdc47fc-10d8-4eed-a562-11a831b3f791
[   21.304466] XFS (loop4): Mounting V5 Filesystem bfdc47fc-10d8-4eed-a562-11a831b3f791
[   21.327180] XFS (loop4): Ending clean mount
[   21.330958] XFS (loop4): Quotacheck needed: Please wait.
[   21.342400] XFS (loop4): Quotacheck: Done.
[   21.363665] loop2: detected capacity change from 0 to 32768
[   21.398280] XFS (loop0): Ending clean mount
[   21.402313] XFS (loop0): Quotacheck needed: Please wait.
[   21.443297] XFS (loop2): Mounting V5 Filesystem bfdc47fc-10d8-4eed-a562-11a831b3f791
[   21.452323] loop3: detected capacity change from 0 to 32768
[   21.461249] XFS (loop0): Quotacheck: Done.
[   21.505570] XFS (loop3): Mounting V5 Filesystem bfdc47fc-10d8-4eed-a562-11a831b3f791
[   21.507781] XFS (loop2): Ending clean mount
[   21.508907] XFS (loop2): Quotacheck needed: Please wait.
[   21.536364] XFS (loop2): Quotacheck: Done.
[   21.614160] XFS (loop3): Ending clean mount
[   21.615138] XFS (loop3): Quotacheck needed: Please wait.
[   21.628932] XFS (loop3): Quotacheck: Done.
[   22.127232] repro: page allocation failure: order:0, mode:0x10cc0(GFP_KERNEL|__GFP_NORETRY), nodemask=(null),cpuset=/,mems_allowed=0
[   22.128053] CPU: 0 UID: 0 PID: 724 Comm: repro Not tainted 6.18.0-rc1-395ed1ef0012+ #1 PREEMPT(voluntary) 
[   22.128064] Hardware name: QEMU Standard PC (i440FX + PIIX, 1996), BIOS rel-1.16.0-0-gd239552ce722-prebuilt.qemu.org 04/01/2014
[   22.128072] Call Trace:
[   22.128079]  <TASK>
[   22.128082]  dump_stack_lvl+0x121/0x150
[   22.128126]  dump_stack+0x19/0x20
[   22.128135]  warn_alloc+0x216/0x350
[   22.128153]  ? __pfx_warn_alloc+0x10/0x10
[   22.128169]  ? __pfx___alloc_pages_direct_compact+0x10/0x10
[   22.128176]  ? __drain_all_pages+0x27d/0x480
[   22.128196]  __alloc_pages_slowpath.constprop.0+0x1356/0x2270
[   22.128212]  ? filelayout_read_count_stats+0x14/0x110
[   22.128235]  ? __pfx___alloc_pages_slowpath.constprop.0+0x10/0x10
[   22.128244]  ? lock_is_held_type+0xef/0x150
[   22.128264]  ? lock_release+0x14f/0x2c0
[   22.128290]  __alloc_frozen_pages_noprof+0x5da/0x6e0
[   22.128297]  ? irqentry_exit+0x3e/0xa0
[   22.128344]  ? common_interrupt+0xa8/0x120
[   22.128353]  ? __pfx___alloc_frozen_pages_noprof+0x10/0x10
[   22.128360]  ? asm_common_interrupt+0x2b/0x40
[   22.128374]  ? __sanitizer_cov_trace_switch+0x58/0xa0
[   22.128396]  ? policy_nodemask+0xf9/0x450
[   22.128412]  alloc_pages_mpol+0x236/0x4c0
[   22.128425]  ? __pfx_alloc_pages_mpol+0x10/0x10
[   22.128433]  ? lockdep_hardirqs_on+0x89/0x110
[   22.128444]  ? trace_hardirqs_on+0x51/0x60
[   22.128463]  ? irqentry_exit+0x3e/0xa0
[   22.128477]  alloc_frozen_pages_noprof+0xa9/0x180
[   22.128492]  alloc_pages_noprof+0x27/0xa0
[   22.128502]  kimage_alloc_pages+0x78/0x240
[   22.128516]  kimage_alloc_control_pages+0x1ca/0xa60
[   22.128533]  ? __pfx_kimage_alloc_control_pages+0x10/0x10
[   22.128541]  ? __sanitizer_cov_trace_cmp8+0x1c/0x30
[   22.128559]  do_kexec_load+0x39b/0x8c0
[   22.128567]  ? __might_fault+0xf1/0x1b0
[   22.128583]  ? __pfx_do_kexec_load+0x10/0x10
[   22.128593]  ? __sanitizer_cov_trace_const_cmp8+0x1c/0x30
[   22.128604]  ? _copy_from_user+0x75/0xa0
[   22.128629]  __x64_sys_kexec_load+0x1cc/0x240
[   22.128640]  x64_sys_call+0x1c84/0x2190
[   22.128652]  do_syscall_64+0x6d/0x450
[   22.128666]  entry_SYSCALL_64_after_hwframe+0x76/0x7e
[   22.128673] RIP: 0033:0x7f8c2043ee5d
[   22.128690] Code: ff c3 66 2e 0f 1f 84 00 00 00 00 00 90 f3 0f 1e fa 48 89 f8 48 89 f7 48 89 d6 48 89 ca 4d 89 c2 4d 89 c8 4c 8b 4c 24 08 0f 05 <48> 3d 01 f0 ff ff 73 01 c3 48 8b 0d 93 af 1b 00 f7 d8 64 89 01 48
[   22.128697] RSP: 002b:00007fffe75892e8 EFLAGS: 00000207 ORIG_RAX: 00000000000000f6
[   22.128710] RAX: ffffffffffffffda RBX: 0000000000000000 RCX: 00007f8c2043ee5d
[   22.128714] RDX: 0000200000000180 RSI: 0000000000000003 RDI: 0000000000000000
[   22.128719] RBP: 00007fffe7589300 R08: 00007fffe7588d70 R09: 00007fffe7589300
[   22.128723] R10: 0000000000000000 R11: 0000000000000207 R12: 00007fffe7589458
[   22.128728] R13: 00000000004030f5 R14: 000000000040ee08 R15: 00007f8c206b0000
[   22.128745]  </TASK>
[   22.128748] Mem-Info:
[   22.144071] active_anon:4555 inactive_anon:45146 isolated_anon:0
[   22.144071]  active_file:22884 inactive_file:19015 isolated_file:0
[   22.144071]  unevictable:0 dirty:32 writeback:5
[   22.144071]  slab_reclaimable:16600 slab_unreclaimable:22547
[   22.144071]  mapped:13689 shmem:33124 pagetables:1074
[   22.144071]  sec_pagetables:0 bounce:0
[   22.144071]  kernel_misc_reclaimable:0
[   22.144071]  free:18710 free_pcp:196 free_cma:0
[   22.146276] Node 0 active_anon:18220kB inactive_anon:180584kB active_file:91536kB inactive_file:76060kB unevictable:0kB isolated(anon):0kB isolated(file):0kB mapped:54756kB dirty:128kB writeback:20kB shmem:132496kB shmem_thp:0kB shmem_pmdmapped:0kB anon_thp:0kB kernel_stack:7776kB pagetables:4296kB sec_pagetables:0kB all_unreclaimable? no Balloon:0kB
[   22.147989] Node 0 DMA free:6516kB boost:0kB min:444kB low:552kB high:660kB reserved_highatomic:0KB free_highatomic:0KB active_anon:0kB inactive_anon:0kB active_file:0kB inactive_file:0kB unevictable:0kB writepending:0kB zspages:0kB present:15992kB managed:15360kB mlocked:0kB bounce:0kB free_pcp:0kB local_pcp:0kB free_cma:0kB
[   22.149643] lowmem_reserve[]: 0 1522 1522 1522 1522
[   22.149950] Node 0 DMA32 free:69832kB boost:8192kB min:52800kB low:63952kB high:75104kB reserved_highatomic:0KB free_highatomic:0KB active_anon:18220kB inactive_anon:180584kB active_file:91536kB inactive_file:76060kB unevictable:0kB writepending:132kB zspages:0kB present:2080640kB managed:1559432kB mlocked:0kB bounce:0kB free_pcp:712kB local_pcp:20kB free_cma:0kB
[   22.151726] lowmem_reserve[]: 0 0 0 0 0
[   22.151977] Node 0 DMA: 1*4kB (M) 1*8kB (M) 1*16kB (M) 2*32kB (UM) 1*64kB (M) 2*128kB (UM) 2*256kB (UM) 1*512kB (M) 1*1024kB (M) 0*2048kB 1*4096kB (M) = 6556kB
[   22.152851] Node 0 DMA32: 297*4kB (UME) 106*8kB (UME) 260*16kB (M) 218*32kB (UME) 140*64kB (UME) 75*128kB (UME) 48*256kB (UM) 18*512kB (UME) 13*1024kB (UM) 0*2048kB 1*4096kB (M) = 70644kB
[   22.153898] Node 0 hugepages_total=0 hugepages_free=0 hugepages_surp=0 hugepages_size=1048576kB
[   22.154396] Node 0 hugepages_total=0 hugepages_free=0 hugepages_surp=0 hugepages_size=2048kB
[   22.154878] 75064 total pagecache pages
[   22.155111] 0 pages in swap cache
[   22.155315] Free swap  = 0kB
[   22.155493] Total swap = 0kB
[   22.155672] 524158 pages RAM
[   22.155849] 0 pages HighMem/MovableOnly
[   22.156077] 130460 pages reserved
[   22.156277] 0 pages cma reserved
[   22.156478] 0 pages hwpoisoned
[   22.224113] kexec: Could not allocate control_code_buffer
[   22.466234] loop1: detected capacity change from 0 to 32768
[   22.506251] XFS (loop1): Mounting V5 Filesystem bfdc47fc-10d8-4eed-a562-11a831b3f791
[   22.576669] XFS (loop1): Ending clean mount
[   22.578045] XFS (loop1): Quotacheck needed: Please wait.
[   22.604643] XFS (loop1): Quotacheck: Done.
[   23.845884] kexec: Could not allocate control_code_buffer
[   24.985703] kexec: Could not allocate control_code_buffer
[   25.806457] kexec: Could not allocate control_code_buffer
[   27.239965] kexec: Could not allocate control_code_buffer
[   28.233963] kexec: Could not allocate control_code_buffer
[   28.976162] repro invoked oom-killer: gfp_mask=0x440dc0(GFP_KERNEL_ACCOUNT|__GFP_ZERO|__GFP_COMP), order=0, oom_score_adj=1000
[   28.976979] CPU: 1 UID: 0 PID: 917 Comm: repro Not tainted 6.18.0-rc1-395ed1ef0012+ #1 PREEMPT(voluntary) 
[   28.976991] Hardware name: QEMU Standard PC (i440FX + PIIX, 1996), BIOS rel-1.16.0-0-gd239552ce722-prebuilt.qemu.org 04/01/2014
[   28.976997] Call Trace:
[   28.976999]  <TASK>
[   28.977003]  dump_stack_lvl+0x121/0x150
[   28.977023]  dump_stack+0x19/0x20
[   28.977032]  dump_header+0x10f/0x910
[   28.977054]  oom_kill_process+0x287/0xa40
[   28.977066]  out_of_memory+0x34c/0x1710
[   28.977079]  ? __pfx_out_of_memory+0x10/0x10
[   28.977095]  __alloc_pages_slowpath.constprop.0+0x1bc6/0x2270
[   28.977119]  ? __pfx___alloc_pages_slowpath.constprop.0+0x10/0x10
[   28.977128]  ? lock_is_held_type+0xef/0x150
[   28.977145]  ? lock_release+0x14f/0x2c0
[   28.977168]  __alloc_frozen_pages_noprof+0x5da/0x6e0
[   28.977183]  ? __pfx___alloc_frozen_pages_noprof+0x10/0x10
[   28.977198]  ? __sanitizer_cov_trace_switch+0x58/0xa0
[   28.977219]  ? policy_nodemask+0xf9/0x450
[   28.977235]  alloc_pages_mpol+0x236/0x4c0
[   28.977252]  ? __pfx_alloc_pages_mpol+0x10/0x10
[   28.977262]  ? __kasan_check_write+0x18/0x20
[   28.977284]  ? do_raw_spin_lock+0x140/0x280
[   28.977293]  ? __pfx_do_raw_spin_lock+0x10/0x10
[   28.977304]  ? lock_acquire+0x180/0x310
[   28.977323]  alloc_frozen_pages_noprof+0xa9/0x180
[   28.977340]  alloc_pages_noprof+0x27/0xa0
[   28.977354]  pte_alloc_one+0x28/0x2d0
[   28.977376]  __pte_alloc+0x74/0x350
[   28.977390]  ? __pfx___pte_alloc+0x10/0x10
[   28.977401]  ? lock_release+0x14f/0x2c0
[   28.977423]  do_anonymous_page+0x1135/0x1b30
[   28.977435]  ? pmd_val+0x5d/0xc0
[   28.977445]  ? __pfx_pmd_val+0x10/0x10
[   28.977455]  ? __lock_acquire+0x412/0x22a0
[   28.977474]  __handle_mm_fault+0x1d96/0x2d70
[   28.977495]  ? __pfx___handle_mm_fault+0x10/0x10
[   28.977505]  ? lock_vma_under_rcu+0x192/0x550
[   28.977516]  ? __this_cpu_preempt_check+0x21/0x30
[   28.977531]  ? lock_release+0x14f/0x2c0
[   28.977566]  handle_mm_fault+0x2de/0x920
[   28.977583]  do_user_addr_fault+0x526/0xfe0
[   28.977594]  ? rcu_is_watching+0x19/0xc0
[   28.977622]  exc_page_fault+0xc9/0x1d0
[   28.977638]  asm_exc_page_fault+0x2b/0x30
[   28.977647] RIP: 0033:0x401c72
[   28.977658] Code: 00 00 8b 55 e4 48 8b 45 d8 48 8b 40 10 48 39 c2 77 4f 48 8b 45 d8 48 8b 10 48 8b 45 d8 48 8b 40 10 8b 4d e4 48 29 c8 48 01 d0 <0f> b6 00 84 c0 74 30 48 8b 45 d8 48 8b 10 48 8b 45 d8 48 8b 40 10
[   28.977667] RSP: 002b:00007fffe7588930 EFLAGS: 00010206
[   28.977674] RAX: 00007f8c18600000 RBX: 0000000000000001 RCX: 0000000000000001
[   28.977680] RDX: 00007f8c18000000 RSI: 0000000000000000 RDI: 00007fffe7588f40
[   28.977685] RBP: 00007fffe7588970 R08: 00000000ffffffff R09: 0000000000000000
[   28.977690] R10: 00007f8c20407e00 R11: 00007f8c20429660 R12: 00007fffe7589458
[   28.977696] R13: 00000000004030f5 R14: 000000000040ee08 R15: 00007f8c206b0000
[   28.977720]  </TASK>
[   28.993338] Mem-Info:
[   28.993495] active_anon:5192 inactive_anon:46387 isolated_anon:0
[   28.993495]  active_file:656 inactive_file:948 isolated_file:45
[   28.993495]  unevictable:0 dirty:1 writeback:0
[   28.993495]  slab_reclaimable:4604 slab_unreclaimable:24574
[   28.993495]  mapped:1331 shmem:35154 pagetables:1058
[   28.993495]  sec_pagetables:0 bounce:0
[   28.993495]  kernel_misc_reclaimable:0
[   28.993495]  free:25468 free_pcp:73 free_cma:0
[   28.995721] Node 0 active_anon:20768kB inactive_anon:183448kB active_file:2624kB inactive_file:3792kB unevictable:0kB isolated(anon):0kB isolated(file):180kB mapped:5324kB dirty:4kB writeback:0kB shmem:138516kB shmem_thp:0kB shmem_pmdmapped:0kB anon_thp:0kB kernel_stack:7968kB pagetables:4232kB sec_pagetables:0kB all_unreclaimable? no Balloon:0kB
[   28.997479] Node 0 DMA free:6512kB boost:0kB min:444kB low:552kB high:660kB reserved_highatomic:0KB free_highatomic:0KB active_anon:0kB inactive_anon:756kB active_file:8kB inactive_file:0kB unevictable:0kB writepending:0kB zspages:0kB present:15992kB managed:15360kB mlocked:0kB bounce:0kB free_pcp:8kB local_pcp:8kB free_cma:0kB
[   28.999164] lowmem_reserve[]: 0 1522 1522 1522 1522
[   28.999478] Node 0 DMA32 free:99140kB boost:57344kB min:101952kB low:113104kB high:124256kB reserved_highatomic:0KB free_highatomic:0KB active_anon:20768kB inactive_anon:180844kB active_file:2624kB inactive_file:3780kB unevictable:0kB writepending:4kB zspages:0kB present:2080640kB managed:1559432kB mlocked:0kB bounce:0kB free_pcp:500kB local_pcp:32kB free_cma:0kB
[   29.001294] lowmem_reserve[]: 0 0 0 0 0
[   29.001550] Node 0 DMA: 6*4kB (UM) 5*8kB (UM) 4*16kB (M) 10*32kB (M) 3*64kB (M) 8*128kB (UM) 3*256kB (M) 2*512kB (M) 1*1024kB (U) 1*2048kB (M) 0*4096kB = 6528kB
[   29.002496] Node 0 DMA32: 2881*4kB (UME) 1636*8kB (UME) 978*16kB (UME) 553*32kB (UME) 260*64kB (UME) 122*128kB (UME) 33*256kB (ME) 1*512kB (M) 0*1024kB 0*2048kB 0*4096kB = 99172kB
[   29.003499] Node 0 hugepages_total=0 hugepages_free=0 hugepages_surp=0 hugepages_size=1048576kB
[   29.004009] Node 0 hugepages_total=0 hugepages_free=0 hugepages_surp=0 hugepages_size=2048kB
[   29.004509] 35664 total pagecache pages
[   29.004746] 0 pages in swap cache
[   29.004956] Free swap  = 0kB
[   29.005142] Total swap = 0kB
[   29.005331] 524158 pages RAM
[   29.005516] 0 pages HighMem/MovableOnly
[   29.005772] 130460 pages reserved
[   29.005979] 0 pages cma reserved
[   29.006184] 0 pages hwpoisoned
[   29.006394] Tasks state (memory values in pages):
[   29.006681] [  pid  ]   uid  tgid total_vm      rss rss_anon rss_file rss_shmem pgtables_bytes swapents oom_score_adj name
[   29.007369] [    141]     0   141     5474      772      256      356       160    77824        0          -250 systemd-journal
[   29.008097] [    162]     0   162     7810     1046      640      406         0    90112        0         -1000 systemd-udevd
[   29.008766] [    231]    32   231     3314      475      192      283         0    69632        0             0 rpcbind
[   29.009400] [    232]     0   232    22975      449      193      256         0    65536        0         -1000 auditd
[   29.010062] [    234]     0   234     1947      298       64      234         0    61440        0             0 sedispatch
[   29.010713] [    256]    81   256     2731      387      162      225         0    65536        0          -900 dbus-broker-lau
[   29.011384] [    257]    81   257     1316      387      129      258         0    53248        0          -900 dbus-broker
[   29.012035] [    258]     0   258    64541     1289      928      361         0   139264        0             0 NetworkManager
[   29.012706] [    261]     0   261    19783      309       32      277         0    65536        0             0 irqbalance
[   29.013348] [    262]   992   262      678      275       32      243         0    49152        0             0 lsmd
[   29.013996] [    263]     0   263      700      291       32      259         0    45056        0             0 mcelog
[   29.014624] [    265]     0   265     4608      556      256      300         0    73728        0             0 systemd-logind
[   29.015289] [    266]     0   266     4496      553      224      329         0    77824        0             0 systemd-machine
[   29.015963] [    273]     0   273     4419      519      224      295         0    77824        0             0 systemd-hostnam
[   29.016646] [    275]   985   275    21097      427      137      290         0    69632        0             0 chronyd
[   29.017279] [    300]     0   300    39958      622      192      312       118    86016        0             0 rsyslogd
[   29.017944] [    302]     0   302     3951      643      320      323         0    69632        0         -1000 sshd
[   29.018575] [    305]     0   305    13748      422      187      235         0    90112        0             0 gssproxy
[   29.019213] [    306]     0   306    66148     3822     3395      427         0   151552        0             0 tuned
[   29.019832] [    322]     0   322   292078      970      576      394         0   249856        0             0 virtqemud
[   29.020485] [    324]     0   324     1169      263       32      231         0    57344        0             0 atd
[   29.021116] [    325]     0   325     2139      436      192      244         0    61440        0             0 crond
[   29.021767] [    328]     0   328      763      275       32      243         0    45056        0             0 agetty
[   29.022368] [    329]     0   329     1405      261       32      229         0    57344        0             0 agetty
[   29.023019] [    546]   998   546   644241     1326     1059      267         0   208896        0             0 polkitd
[   29.023670] [    589]     0   589     5110      778      448      330         0    81920        0           100 systemd
[   29.024322] [    590]     0   590    26421     1196      964      232         0    98304        0           100 (sd-pam)
[   29.025035] [    693]     0   693     4741      758      448      310         0    69632        0             0 sshd
[   29.025723] [    695]     0   695     4741      725      465      260         0    69632        0             0 sshd
[   29.026387] [    696]     0   696     1782      289       64      225         0    57344        0             0 repro.sh
[   29.027110] [    721]     0   721     4736      164        0      164         0    36864        0             0 repro
[   29.027870] [    722]     0   722     4736      189        0      189         0    36864        0             0 repro
[   29.028649] [    723]     0   723     4736      166        0      166         0    36864        0             0 repro
[   29.029277] [    726]     0   726     4736      166        0      166         0    36864        0             0 repro
[   29.029991] [    727]     0   727     4736      189        0      189         0    36864        0             0 repro
[   29.030658] [    728]     0   728     4736      166        0      166         0    36864        0             0 repro
[   29.031327] [    729]     0   729     4736      166        0      166         0    36864        0             0 repro
[   29.031971] [    730]     0   730     4736      189        0      189         0    36864        0             0 repro
[   29.033038] [    731]     0   731     4736      166        0      166         0    36864        0             0 repro
[   29.033727] [    736]     0   736     7890     1068      739      329         0    77824        0             0 systemd-udevd
[   29.034464] [    739]     0   739     7890     1052      728      324         0    77824        0             0 systemd-udevd
[   29.035200] [    740]     0   740     7810      976      654      322         0    77824        0             0 systemd-udevd
[   29.035882] [    741]     0   741     7890     1058      729      329         0    77824        0             0 systemd-udevd
[   29.036559] [    742]     0   742     7810      944      654      290         0    77824        0             0 systemd-udevd
[   29.037268] [    907]     0   907     4736      181        0      181         0    49152        0          1000 repro
[   29.037962] [    909]     0   909     4736      296       51      245         0    49152        0          1000 repro
[   29.038602] [    910]     0   910     4736      296       51      245         0    49152        0          1000 repro
[   29.039248] [    913]     0   913    38528      789      576      213         0    81920        0          1000 repro
[   29.039883] [    914]     0   914    38528      757      544      213         0    57344        0          1000 repro
[   29.040517] [    915]     0   915    38528      725      512      213         0    65536        0          1000 repro
[   29.041160] [    916]     0   916    38528      757      544      213         0    69632        0          1000 repro
[   29.041809] [    917]     0   917    38528      725      512      213         0    61440        0          1000 repro
[   29.042469] oom-kill:constraint=CONSTRAINT_NONE,nodemask=(null),cpuset=/,mems_allowed=0,global_oom,task_memcg=/user.slice/user-0.slice/session-6.scope,task=repro,pid=913,uid=0
[   29.043702] Out of memory: Killed process 913 (repro) total-vm:154112kB, anon-rss:2304kB, file-rss:852kB, shmem-rss:0kB, UID:0 pgtables:80kB oom_score_adj:1000
[   29.253920] kexec: Could not allocate control_code_buffer
[   32.650022] warn_alloc: 6 callbacks suppressed
[   32.650034] repro: page allocation failure: order:0, mode:0x10cc0(GFP_KERNEL|__GFP_NORETRY), nodemask=(null),cpuset=/,mems_allowed=0
[   32.651034] CPU: 0 UID: 0 PID: 918 Comm: repro Not tainted 6.18.0-rc1-395ed1ef0012+ #1 PREEMPT(voluntary) 
[   32.651045] Hardware name: QEMU Standard PC (i440FX + PIIX, 1996), BIOS rel-1.16.0-0-gd239552ce722-prebuilt.qemu.org 04/01/2014
[   32.651051] Call Trace:
[   32.651054]  <TASK>
[   32.651059]  dump_stack_lvl+0x121/0x150
[   32.651086]  dump_stack+0x19/0x20
[   32.651097]  warn_alloc+0x216/0x350
[   32.651114]  ? __pfx_warn_alloc+0x10/0x10
[   32.651121]  ? __pfx_try_to_free_pages+0x10/0x10
[   32.651142]  ? __this_cpu_preempt_check+0x21/0x30
[   32.651157]  ? __pfx___alloc_pages_direct_compact+0x10/0x10
[   32.651173]  __alloc_pages_slowpath.constprop.0+0x1356/0x2270
[   32.651190]  ? filelayout_read_count_stats+0x14/0x110
[   32.651205]  ? __pfx___alloc_pages_slowpath.constprop.0+0x10/0x10
[   32.651214]  ? lock_is_held_type+0xef/0x150
[   32.651230]  ? lock_release+0x14f/0x2c0
[   32.651249]  __alloc_frozen_pages_noprof+0x5da/0x6e0
[   32.651257]  ? asm_sysvec_reschedule_ipi+0x1f/0x30
[   32.651271]  ? __pfx___alloc_frozen_pages_noprof+0x10/0x10
[   32.651283]  ? __sanitizer_cov_trace_switch+0x58/0xa0
[   32.651303]  ? policy_nodemask+0xf9/0x450
[   32.651315]  alloc_pages_mpol+0x236/0x4c0
[   32.651327]  ? __pfx_alloc_pages_mpol+0x10/0x10
[   32.651344]  alloc_frozen_pages_noprof+0xa9/0x180
[   32.651357]  alloc_pages_noprof+0x27/0xa0
[   32.651368]  kimage_alloc_pages+0x78/0x240
[   32.651379]  kimage_alloc_control_pages+0x1ca/0xa60
[   32.651395]  ? __pfx_kimage_alloc_control_pages+0x10/0x10
[   32.651404]  ? __sanitizer_cov_trace_cmp8+0x1c/0x30
[   32.651422]  do_kexec_load+0x39b/0x8c0
[   32.651430]  ? __might_fault+0xf1/0x1b0
[   32.651442]  ? __pfx_do_kexec_load+0x10/0x10
[   32.651451]  ? __sanitizer_cov_trace_const_cmp8+0x1c/0x30
[   32.651463]  ? _copy_from_user+0x75/0xa0
[   32.651479]  __x64_sys_kexec_load+0x1cc/0x240
[   32.651491]  x64_sys_call+0x1c84/0x2190
[   32.651502]  do_syscall_64+0x6d/0x450
[   32.651514]  entry_SYSCALL_64_after_hwframe+0x76/0x7e
[   32.651522] RIP: 0033:0x7f8c2043ee5d
[   32.651540] Code: Unable to access opcode bytes at 0x7f8c2043ee33.
[   32.651547] RSP: 002b:00007fffe75892e8 EFLAGS: 00000207 ORIG_RAX: 00000000000000f6
[   32.651555] RAX: ffffffffffffffda RBX: 0000000000000000 RCX: 00007f8c2043ee5d
[   32.651560] RDX: 0000200000000180 RSI: 0000000000000003 RDI: 0000000000000000
[   32.651564] RBP: 00007fffe7589300 R08: 00007fffe7588d70 R09: 00007fffe7589300
[   32.651569] R10: 0000000000000000 R11: 0000000000000207 R12: 00007fffe7589458
[   32.651574] R13: 00000000004030f5 R14: 000000000040ee08 R15: 00007f8c206b0000
[   32.651590]  </TASK>
[   32.651593] Mem-Info:
[   32.666584] active_anon:5190 inactive_anon:52326 isolated_anon:0
[   32.666584]  active_file:2 inactive_file:182 isolated_file:0
[   32.666584]  unevictable:0 dirty:0 writeback:0
[   32.666584]  slab_reclaimable:4540 slab_unreclaimable:24248
[   32.666584]  mapped:197 shmem:39936 pagetables:1083
[   32.666584]  sec_pagetables:0 bounce:0
[   32.666584]  kernel_misc_reclaimable:0
[   32.666584]  free:12726 free_pcp:125 free_cma:0
[   32.668818] Node 0 active_anon:20760kB inactive_anon:209304kB active_file:8kB inactive_file:708kB unevictable:0kB isolated(anon):0kB isolated(file):0kB mapped:788kB dirty:0kB writeback:0kB shmem:159744kB shmem_thp:0kB shmem_pmdmapped:0kB anon_thp:0kB kernel_stack:7968kB pagetables:4332kB sec_pagetables:0kB all_unreclaimable? no Balloon:0kB
[   32.670582] Node 0 DMA free:6524kB boost:0kB min:444kB low:552kB high:660kB reserved_highatomic:0KB free_highatomic:0KB active_anon:0kB inactive_anon:772kB active_file:0kB inactive_file:0kB unevictable:0kB writepending:0kB zspages:0kB present:15992kB managed:15360kB mlocked:0kB bounce:0kB free_pcp:0kB local_pcp:0kB free_cma:0kB
[   32.672295] lowmem_reserve[]: 0 1522 1522 1522 1522
[   32.672614] Node 0 DMA32 free:44380kB boost:0kB min:44608kB low:55760kB high:66912kB reserved_highatomic:0KB free_highatomic:0KB active_anon:20760kB inactive_anon:208532kB active_file:8kB inactive_file:748kB unevictable:0kB writepending:0kB zspages:0kB present:2080640kB managed:1559432kB mlocked:0kB bounce:0kB free_pcp:500kB local_pcp:0kB free_cma:0kB
[   32.674431] lowmem_reserve[]: 0 0 0 0 0
[   32.674688] Node 0 DMA: 1*4kB (M) 1*8kB (M) 1*16kB (M) 2*32kB (UM) 3*64kB (UM) 1*128kB (M) 0*256kB 0*512kB 2*1024kB (UM) 0*2048kB 1*4096kB (M) = 6556kB
[   32.675557] Node 0 DMA32: 33*4kB (UME) 265*8kB (UME) 112*16kB (ME) 288*32kB (ME) 147*64kB (ME) 75*128kB (UME) 21*256kB (ME) 7*512kB (UM) 3*1024kB (U) 0*2048kB 0*4096kB = 44300kB
[   32.676557] Node 0 hugepages_total=0 hugepages_free=0 hugepages_surp=0 hugepages_size=1048576kB
[   32.677074] Node 0 hugepages_total=0 hugepages_free=0 hugepages_surp=0 hugepages_size=2048kB
[   32.677607] 40160 total pagecache pages
[   32.677872] 0 pages in swap cache
[   32.678088] Free swap  = 0kB
[   32.678273] Total swap = 0kB
[   32.678464] 524158 pages RAM
[   32.678650] 0 pages HighMem/MovableOnly
[   32.678889] 130460 pages reserved
[   32.679100] 0 pages cma reserved
[   32.679308] 0 pages hwpoisoned
[   32.792027] kexec: Could not allocate control_code_buffer
[   34.468633] repro invoked oom-killer: gfp_mask=0x140cca(GFP_HIGHUSER_MOVABLE|__GFP_COMP), order=0, oom_score_adj=1000
[   34.469382] CPU: 0 UID: 0 PID: 958 Comm: repro Not tainted 6.18.0-rc1-395ed1ef0012+ #1 PREEMPT(voluntary) 
[   34.469398] Hardware name: QEMU Standard PC (i440FX + PIIX, 1996), BIOS rel-1.16.0-0-gd239552ce722-prebuilt.qemu.org 04/01/2014
[   34.469404] Call Trace:
[   34.469407]  <TASK>
[   34.469411]  dump_stack_lvl+0x121/0x150
[   34.469440]  dump_stack+0x19/0x20
[   34.469449]  dump_header+0x10f/0x910
[   34.469465]  oom_kill_process+0x287/0xa40
[   34.469477]  out_of_memory+0x34c/0x1710
[   34.469491]  ? __pfx_out_of_memory+0x10/0x10
[   34.469508]  __alloc_pages_slowpath.constprop.0+0x1bc6/0x2270
[   34.469535]  ? __pfx___alloc_pages_slowpath.constprop.0+0x10/0x10
[   34.469544]  ? lock_is_held_type+0xef/0x150
[   34.469562]  ? lock_release+0x14f/0x2c0
[   34.469583]  __alloc_frozen_pages_noprof+0x5da/0x6e0
[   34.469596]  ? __pfx___alloc_frozen_pages_noprof+0x10/0x10
[   34.469609]  ? __sanitizer_cov_trace_switch+0x58/0xa0
[   34.469631]  ? policy_nodemask+0xf9/0x450
[   34.469648]  alloc_pages_mpol+0x236/0x4c0
[   34.469663]  ? __pfx_alloc_pages_mpol+0x10/0x10
[   34.469686]  folio_alloc_mpol_noprof+0x44/0x120
[   34.469710]  shmem_alloc_folio+0x128/0x150
[   34.469724]  shmem_alloc_and_add_folio+0x40d/0xad0
[   34.469748]  ? __pfx_shmem_alloc_and_add_folio+0x10/0x10
[   34.469764]  ? finish_task_switch.isra.0+0x23c/0x990
[   34.469796]  shmem_get_folio_gfp+0x595/0x1350
[   34.469818]  ? __pfx_shmem_get_folio_gfp+0x10/0x10
[   34.469841]  shmem_write_begin+0x17b/0x480
[   34.469861]  ? __pfx_shmem_write_begin+0x10/0x10
[   34.469872]  ? balance_dirty_pages_ratelimited_flags+0x9b/0x12a0
[   34.469901]  generic_perform_write+0x438/0x920
[   34.469932]  ? __pfx_generic_perform_write+0x10/0x10
[   34.469951]  ? __sanitizer_cov_trace_const_cmp4+0x1a/0x20
[   34.469967]  ? mnt_put_write_access_file+0x5c/0x110
[   34.469990]  shmem_file_write_iter+0x11b/0x150
[   34.470010]  vfs_write+0xc6d/0x11f0
[   34.470028]  ? __pfx_shmem_file_write_iter+0x10/0x10
[   34.470048]  ? __pfx_vfs_write+0x10/0x10
[   34.470085]  ksys_write+0x14e/0x280
[   34.470100]  ? __pfx_ksys_write+0x10/0x10
[   34.470116]  ? __audit_syscall_entry+0x393/0x4f0
[   34.470133]  __x64_sys_write+0x7b/0xc0
[   34.470144]  ? syscall_trace_enter+0x14d/0x250
[   34.470166]  x64_sys_call+0x16f8/0x2190
[   34.470178]  do_syscall_64+0x6d/0x450
[   34.470193]  entry_SYSCALL_64_after_hwframe+0x76/0x7e
[   34.470202] RIP: 0033:0x7f8c2053eb97
[   34.470221] Code: Unable to access opcode bytes at 0x7f8c2053eb6d.
[   34.470226] RSP: 002b:00007fffe7589058 EFLAGS: 00000246 ORIG_RAX: 0000000000000001
[   34.470234] RAX: ffffffffffffffda RBX: 0000000000000000 RCX: 00007f8c2053eb97
[   34.470240] RDX: 0000000001000000 RSI: 00007f8c18000000 RDI: 0000000000000003
[   34.470246] RBP: 00007fffe75890b0 R08: 00000000ffffffff R09: 0000000000000000
[   34.470251] R10: 00007f8c20407e00 R11: 0000000000000246 R12: 00007fffe7589458
[   34.470257] R13: 00000000004030f5 R14: 000000000040ee08 R15: 00007f8c206b0000
[   34.470283]  </TASK>
[   34.486789] Mem-Info:
[   34.486943] active_anon:5192 inactive_anon:53831 isolated_anon:0
[   34.486943]  active_file:29 inactive_file:11 isolated_file:1
[   34.486943]  unevictable:0 dirty:2 writeback:0
[   34.486943]  slab_reclaimable:4491 slab_unreclaimable:24654
[   34.486943]  mapped:239 shmem:42266 pagetables:1082
[   34.486943]  sec_pagetables:0 bounce:0
[   34.486943]  kernel_misc_reclaimable:0
[   34.486943]  free:12668 free_pcp:126 free_cma:0
[   34.489029] Node 0 active_anon:20768kB inactive_anon:215324kB active_file:116kB inactive_file:44kB unevictable:0kB isolated(anon):0kB isolated(file):4kB mapped:956kB dirty:8kB writeback:0kB shmem:169064kB shmem_thp:0kB shmem_pmdmapped:0kB anon_thp:0kB kernel_stack:7968kB pagetables:4328kB sec_pagetables:0kB all_unreclaimable? no Balloon:0kB
[   34.490879] Node 0 DMA free:6492kB boost:0kB min:444kB low:552kB high:660kB reserved_highatomic:0KB free_highatomic:0KB active_anon:0kB inactive_anon:0kB active_file:0kB inactive_file:0kB unevictable:0kB writepending:0kB zspages:0kB present:15992kB managed:15360kB mlocked:0kB bounce:0kB free_pcp:0kB local_pcp:0kB free_cma:0kB
[   34.492610] lowmem_reserve[]: 0 1522 1522 1522 1522
[   34.492936] Node 0 DMA32 free:44180kB boost:0kB min:44608kB low:55760kB high:66912kB reserved_highatomic:0KB free_highatomic:0KB active_anon:20768kB inactive_anon:215324kB active_file:116kB inactive_file:44kB unevictable:0kB writepending:8kB zspages:0kB present:2080640kB managed:1559432kB mlocked:0kB bounce:0kB free_pcp:504kB local_pcp:0kB free_cma:0kB
[   34.494820] lowmem_reserve[]: 0 0 0 0 0
[   34.495086] Node 0 DMA: 2*4kB (UM) 1*8kB (M) 0*16kB 2*32kB (UM) 2*64kB (UM) 1*128kB (M) 2*256kB (UM) 1*512kB (M) 1*1024kB (M) 0*2048kB 1*4096kB (M) = 6480kB
[   34.496030] Node 0 DMA32: 261*4kB (UE) 93*8kB (UE) 277*16kB (UME) 332*32kB (UME) 119*64kB (UME) 73*128kB (UME) 20*256kB (UME) 8*512kB (U) 1*1024kB (U) 0*2048kB 0*4096kB = 44044kB
[   34.497069] Node 0 hugepages_total=0 hugepages_free=0 hugepages_surp=0 hugepages_size=1048576kB
[   34.497602] Node 0 hugepages_total=0 hugepages_free=0 hugepages_surp=0 hugepages_size=2048kB
[   34.498138] 42310 total pagecache pages
[   34.498385] 0 pages in swap cache
[   34.498601] Free swap  = 0kB
[   34.498793] Total swap = 0kB
[   34.498985] 524158 pages RAM
[   34.499177] 0 pages HighMem/MovableOnly
[   34.499427] 130460 pages reserved
[   34.499644] 0 pages cma reserved
[   34.499862] 0 pages hwpoisoned
[   34.500064] Tasks state (memory values in pages):
[   34.500361] [  pid  ]   uid  tgid total_vm      rss rss_anon rss_file rss_shmem pgtables_bytes swapents oom_score_adj name
[   34.501050] [    141]     0   141     5474      497      256       49       192    77824        0          -250 systemd-journal
[   34.501820] [    162]     0   162     7810      665      640       25         0    90112        0         -1000 systemd-udevd
[   34.502514] [    231]    32   231     3314      219      192       27         0    69632        0             0 rpcbind
[   34.503172] [    232]     0   232    22975      225      193       32         0    65536        0         -1000 auditd
[   34.503832] [    234]     0   234     1947       74       64       10         0    61440        0             0 sedispatch
[   34.504515] [    256]    81   256     2731      195      162       33         0    65536        0          -900 dbus-broker-lau
[   34.505223] [    257]    81   257     1316      168      129       39         0    53248        0          -900 dbus-broker
[   34.505942] [    258]     0   258    64541      968      928       40         0   139264        0             0 NetworkManager
[   34.506648] [    261]     0   261    19783       45       32       13         0    65536        0             0 irqbalance
[   34.507328] [    262]   992   262      678       83       32       51         0    49152        0             0 lsmd
[   34.507975] [    263]     0   263      700       67       32       35         0    45056        0             0 mcelog
[   34.508664] [    265]     0   265     4608      285      256       29         0    73728        0             0 systemd-logind
[   34.509379] [    266]     0   266     4496      226      224        2         0    77824        0             0 systemd-machine
[   34.510125] [    273]     0   273     4419      263      224       39         0    77824        0             0 systemd-hostnam
[   34.510829] [    275]   985   275    21097      182      137       45         0    69632        0             0 chronyd
[   34.511489] [    300]     0   300    39958      411      192       60       159    86016        0             0 rsyslogd
[   34.512162] [    302]     0   302     3951      355      320       35         0    69632        0         -1000 sshd
[   34.512816] [    305]     0   305    13748      230      187       43         0    90112        0             0 gssproxy
[   34.513480] [    306]     0   306    66148     3416     3395       21         0   151552        0             0 tuned
[   34.514156] [    322]     0   322   292078      604      576       28         0   249856        0             0 virtqemud
[   34.514835] [    324]     0   324     1169       71       32       39         0    57344        0             0 atd
[   34.515474] [    325]     0   325     2139      244      192       52         0    61440        0             0 crond
[   34.516120] [    328]     0   328      763       83       32       51         0    45056        0             0 agetty
[   34.516774] [    329]     0   329     1405       69       32       37         0    57344        0             0 agetty
[   34.517429] [    546]   998   546   644241     1123     1059       64         0   208896        0             0 polkitd
[   34.518104] [    589]     0   589     5110      489      448       41         0    81920        0           100 systemd
[   34.518766] [    590]     0   590    26421     1004      964       40         0    98304        0           100 (sd-pam)
[   34.519434] [    693]     0   693     4741      470      448       22         0    69632        0             0 sshd
[   34.520077] [    695]     0   695     4741      492      465       27         0    69632        0             0 sshd
[   34.520727] [    696]     0   696     1782       97       64       33         0    57344        0             0 repro.sh
[   34.521393] [    721]     0   721     4736       36        0       36         0    36864        0             0 repro
[   34.522058] [    722]     0   722     4736       29        0       29         0    36864        0             0 repro
[   34.522716] [    723]     0   723     4736       16        0       16         0    36864        0             0 repro
[   34.523368] [    726]     0   726     4736       11        0       11         0    36864        0             0 repro
[   34.524018] [    727]     0   727     4736       31        0       31         0    36864        0             0 repro
[   34.524677] [    728]     0   728     4736       17        0       17         0    36864        0             0 repro
[   34.525331] [    729]     0   729     4736       43        0       43         0    36864        0             0 repro
[   34.526001] [    730]     0   730     4736       35        0       35         0    36864        0             0 repro
[   34.526655] [    731]     0   731     4736       17        0       17         0    36864        0             0 repro
[   34.527311] [    736]     0   736     7890      801      739       62         0    77824        0             0 systemd-udevd
[   34.528001] [    739]     0   739     7890      752      728       24         0    77824        0             0 systemd-udevd
[   34.528690] [    740]     0   740     7810      688      654       34         0    77824        0             0 systemd-udevd
[   34.529403] [    741]     0   741     7890      759      729       30         0    77824        0             0 systemd-udevd
[   34.530110] [    742]     0   742     7810      688      654       34         0    77824        0             0 systemd-udevd
[   34.530844] [    942]     0   942     4736       21        0       21         0    49152        0          1000 repro
[   34.531498] [    957]     0   957    38528      597      576       21         0    81920        0          1000 repro
[   34.532139] [    958]     0   958    38528      565      544       21         0    81920        0          1000 repro
[   34.532791] [    959]     0   959    38528      597      576       21         0    81920        0          1000 repro
[   34.533446] [    960]     0   960    38528      565      544       21         0    81920        0          1000 repro
[   34.534125] [    961]     0   961    38528      565      544       21         0    81920        0          1000 repro
[   34.534782] [    962]     0   962    38528      277      256       21         0    53248        0          1000 repro
[   34.535437] [    963]     0   963     4736       19        0       19         0    49152        0          1000 repro
[   34.536087] oom-kill:constraint=CONSTRAINT_NONE,nodemask=(null),cpuset=/,mems_allowed=0,global_oom,task_memcg=/user.slice/user-0.slice/session-6.scope,task=repro,pid=961,uid=0
[   34.537432] Out of memory: Killed process 961 (repro) total-vm:154112kB, anon-rss:2176kB, file-rss:84kB, shmem-rss:0kB, UID:0 pgtables:80kB oom_score_adj:1000
[   34.940662] kexec: Could not allocate control_code_buffer
[   36.724585] kexec: Could not allocate control_code_buffer
[   39.122275] kexec: Could not allocate control_code_buffer
[   40.544884] kexec: Could not allocate control_code_buffer
[   42.025500] kexec: Could not allocate control_code_buffer
[   43.414961] warn_alloc: 5 callbacks suppressed
[   43.414973] repro: page allocation failure: order:0, mode:0x10cc0(GFP_KERNEL|__GFP_NORETRY), nodemask=(null),cpuset=/,mems_allowed=0
[   43.416016] CPU: 1 UID: 0 PID: 1046 Comm: repro Not tainted 6.18.0-rc1-395ed1ef0012+ #1 PREEMPT(voluntary) 
[   43.416026] Hardware name: QEMU Standard PC (i440FX + PIIX, 1996), BIOS rel-1.16.0-0-gd239552ce722-prebuilt.qemu.org 04/01/2014
[   43.416032] Call Trace:
[   43.416036]  <TASK>
[   43.416042]  dump_stack_lvl+0x121/0x150
[   43.416061]  dump_stack+0x19/0x20
[   43.416070]  warn_alloc+0x216/0x350
[   43.416082]  ? __pfx_warn_alloc+0x10/0x10
[   43.416097]  ? __pfx___alloc_pages_direct_compact+0x10/0x10
[   43.416105]  ? __drain_all_pages+0x27d/0x480
[   43.416122]  __alloc_pages_slowpath.constprop.0+0x1356/0x2270
[   43.416138]  ? filelayout_read_count_stats+0x14/0x110
[   43.416153]  ? __pfx___alloc_pages_slowpath.constprop.0+0x10/0x10
[   43.416162]  ? lock_is_held_type+0xef/0x150
[   43.416186]  ? lock_release+0x14f/0x2c0
[   43.416205]  __alloc_frozen_pages_noprof+0x5da/0x6e0
[   43.416216]  ? __pfx___alloc_frozen_pages_noprof+0x10/0x10
[   43.416227]  ? __sanitizer_cov_trace_switch+0x58/0xa0
[   43.416243]  ? policy_nodemask+0xf9/0x450
[   43.416255]  alloc_pages_mpol+0x236/0x4c0
[   43.416267]  ? __pfx_alloc_pages_mpol+0x10/0x10
[   43.416278]  ? alloc_frozen_pages_noprof+0x48/0x180
[   43.416291]  alloc_frozen_pages_noprof+0xa9/0x180
[   43.416307]  alloc_pages_noprof+0x27/0xa0
[   43.416320]  kimage_alloc_pages+0x78/0x240
[   43.416332]  kimage_alloc_control_pages+0x1ca/0xa60
[   43.416347]  ? __pfx_kimage_alloc_control_pages+0x10/0x10
[   43.416355]  ? __sanitizer_cov_trace_cmp8+0x1c/0x30
[   43.416372]  do_kexec_load+0x39b/0x8c0
[   43.416380]  ? __might_fault+0xf1/0x1b0
[   43.416391]  ? __pfx_do_kexec_load+0x10/0x10
[   43.416401]  ? __sanitizer_cov_trace_const_cmp8+0x1c/0x30
[   43.416415]  ? _copy_from_user+0x75/0xa0
[   43.416430]  __x64_sys_kexec_load+0x1cc/0x240
[   43.416442]  x64_sys_call+0x1c84/0x2190
[   43.416452]  do_syscall_64+0x6d/0x450
[   43.416463]  entry_SYSCALL_64_after_hwframe+0x76/0x7e
[   43.416471] RIP: 0033:0x7f8c2043ee5d
[   43.416480] Code: ff c3 66 2e 0f 1f 84 00 00 00 00 00 90 f3 0f 1e fa 48 89 f8 48 89 f7 48 89 d6 48 89 ca 4d 89 c2 4d 89 c8 4c 8b 4c 24 08 0f 05 <48> 3d 01 f0 ff ff 73 01 c3 48 8b 0d 93 af 1b 00 f7 d8 64 89 01 48
[   43.416487] RSP: 002b:00007fffe75892e8 EFLAGS: 00000207 ORIG_RAX: 00000000000000f6
[   43.416495] RAX: ffffffffffffffda RBX: 0000000000000000 RCX: 00007f8c2043ee5d
[   43.416500] RDX: 0000200000000180 RSI: 0000000000000003 RDI: 0000000000000000
[   43.416504] RBP: 00007fffe7589300 R08: 00007fffe7588d70 R09: 00007fffe7589300
[   43.416508] R10: 0000000000000000 R11: 0000000000000207 R12: 00007fffe7589458
[   43.416512] R13: 00000000004030f5 R14: 000000000040ee08 R15: 00007f8c206b0000
[   43.416528]  </TASK>
[   43.416531] Mem-Info:
[   43.430694] active_anon:5191 inactive_anon:47643 isolated_anon:0
[   43.430694]  active_file:2265 inactive_file:2086 isolated_file:20
[   43.430694]  unevictable:0 dirty:2 writeback:0
[   43.430694]  slab_reclaimable:4453 slab_unreclaimable:24780
[   43.430694]  mapped:2819 shmem:35824 pagetables:1060
[   43.430694]  sec_pagetables:0 bounce:0
[   43.430694]  kernel_misc_reclaimable:0
[   43.430694]  free:18863 free_pcp:14 free_cma:0
[   43.432854] Node 0 active_anon:20764kB inactive_anon:190572kB active_file:9060kB inactive_file:8344kB unevictable:0kB isolated(anon):0kB isolated(file):80kB mapped:11276kB dirty:8kB writeback:0kB shmem:143296kB shmem_thp:0kB shmem_pmdmapped:0kB anon_thp:0kB kernel_stack:7936kB pagetables:4240kB sec_pagetables:0kB all_unreclaimable? no Balloon:0kB
[   43.434631] Node 0 DMA free:6524kB boost:0kB min:444kB low:552kB high:660kB reserved_highatomic:0KB free_highatomic:0KB active_anon:0kB inactive_anon:804kB active_file:0kB inactive_file:0kB unevictable:0kB writepending:0kB zspages:0kB present:15992kB managed:15360kB mlocked:0kB bounce:0kB free_pcp:0kB local_pcp:0kB free_cma:0kB
[   43.436242] lowmem_reserve[]: 0 1522 1522 1522 1522
[   43.436552] Node 0 DMA32 free:68928kB boost:30720kB min:75328kB low:86480kB high:97632kB reserved_highatomic:0KB free_highatomic:0KB active_anon:20764kB inactive_anon:189732kB active_file:9060kB inactive_file:8344kB unevictable:0kB writepending:8kB zspages:0kB present:2080640kB managed:1559432kB mlocked:0kB bounce:0kB free_pcp:112kB local_pcp:0kB free_cma:0kB
[   43.438339] lowmem_reserve[]: 0 0 0 0 0
[   43.438587] Node 0 DMA: 2*4kB (UM) 2*8kB (UM) 3*16kB (UM) 2*32kB (UM) 2*64kB (U) 1*128kB (M) 2*256kB (M) 3*512kB (M) 2*1024kB (UM) 1*2048kB (M) 0*4096kB = 6536kB
[   43.439469] Node 0 DMA32: 1225*4kB (UM) 1995*8kB (UME) 922*16kB (UME) 465*32kB (UME) 174*64kB (ME) 45*128kB (ME) 5*256kB (ME) 1*512kB (M) 0*1024kB 0*2048kB 0*4096kB = 69180kB
[   43.440420] Node 0 hugepages_total=0 hugepages_free=0 hugepages_surp=0 hugepages_size=1048576kB
[   43.440920] Node 0 hugepages_total=0 hugepages_free=0 hugepages_surp=0 hugepages_size=2048kB
[   43.441409] 40128 total pagecache pages
[   43.441658] 0 pages in swap cache
[   43.441861] Free swap  = 0kB
[   43.442041] Total swap = 0kB
[   43.442227] 524158 pages RAM
[   43.442418] 0 pages HighMem/MovableOnly
[   43.442646] 130460 pages reserved
[   43.442846] 0 pages cma reserved
[   43.443043] 0 pages hwpoisoned
[   43.525085] kexec: Could not allocate control_code_buffer
[   44.610452] kexec: Could not allocate control_code_buffer
[   46.160988] kexec: Could not allocate control_code_buffer
[   48.283671] kexec: Could not allocate control_code_buffer
[   49.393936] repro invoked oom-killer: gfp_mask=0x140cca(GFP_HIGHUSER_MOVABLE|__GFP_COMP), order=0, oom_score_adj=1000
[   49.394575] CPU: 1 UID: 0 PID: 1138 Comm: repro Not tainted 6.18.0-rc1-395ed1ef0012+ #1 PREEMPT(voluntary) 
[   49.394586] Hardware name: QEMU Standard PC (i440FX + PIIX, 1996), BIOS rel-1.16.0-0-gd239552ce722-prebuilt.qemu.org 04/01/2014
[   49.394591] Call Trace:
[   49.394594]  <TASK>
[   49.394598]  dump_stack_lvl+0x121/0x150
[   49.394614]  dump_stack+0x19/0x20
[   49.394623]  dump_header+0x10f/0x910
[   49.394638]  oom_kill_process+0x287/0xa40
[   49.394672]  out_of_memory+0x34c/0x1710
[   49.394689]  ? __pfx_out_of_memory+0x10/0x10
[   49.394708]  __alloc_pages_slowpath.constprop.0+0x1bc6/0x2270
[   49.394740]  ? __pfx___alloc_pages_slowpath.constprop.0+0x10/0x10
[   49.394750]  ? lock_is_held_type+0xef/0x150
[   49.394770]  ? lock_release+0x14f/0x2c0
[   49.394795]  __alloc_frozen_pages_noprof+0x5da/0x6e0
[   49.394809]  ? __pfx___alloc_frozen_pages_noprof+0x10/0x10
[   49.394824]  ? __sanitizer_cov_trace_switch+0x58/0xa0
[   49.394843]  ? policy_nodemask+0xf9/0x450
[   49.394859]  alloc_pages_mpol+0x236/0x4c0
[   49.394873]  ? __pfx_alloc_pages_mpol+0x10/0x10
[   49.394895]  folio_alloc_mpol_noprof+0x44/0x120
[   49.394910]  shmem_alloc_folio+0x128/0x150
[   49.394923]  shmem_alloc_and_add_folio+0x40d/0xad0
[   49.394946]  ? __pfx_shmem_alloc_and_add_folio+0x10/0x10
[   49.394960]  ? finish_task_switch.isra.0+0x23c/0x990
[   49.394984]  shmem_get_folio_gfp+0x595/0x1350
[   49.395004]  ? __pfx_shmem_get_folio_gfp+0x10/0x10
[   49.395026]  shmem_write_begin+0x17b/0x480
[   49.395042]  ? __pfx_shmem_write_begin+0x10/0x10
[   49.395053]  ? balance_dirty_pages_ratelimited_flags+0x9b/0x12a0
[   49.395075]  generic_perform_write+0x438/0x920
[   49.395101]  ? __pfx_generic_perform_write+0x10/0x10
[   49.395119]  ? __sanitizer_cov_trace_const_cmp4+0x1a/0x20
[   49.395133]  ? mnt_put_write_access_file+0x5c/0x110
[   49.395151]  shmem_file_write_iter+0x11b/0x150
[   49.395169]  vfs_write+0xc6d/0x11f0
[   49.395182]  ? __pfx_shmem_file_write_iter+0x10/0x10
