c[?7l[2J[0mSeaBIOS (version rel-1.16.0-0-gd239552ce722-prebuilt.qemu.org)


iPXE (http://ipxe.org) 00:03.0 CA00 PCI2.10 PnP PMM+7FF91000+7FEF1000 CA00
Press Ctrl-B to configure iPXE (PCI 00:03.0)...                                                                               


Booting from ROM...
c[?7l[2J[    0.000000] Linux version 6.18.0-rc1-39be21386d14+ (root@p-arls02) (gcc (GCC) 11.5.0 20240719 (Red Hat 11.5.0-14), GNU ld version 2.35.2-68.el9) #1 SMP PREEMPT_DYNAMIC Fri Dec  5 01:03:13 CST 2025
[    0.000000] Command line: console=ttyS0 root=/dev/sda earlyprintk=serial net.ifnames=0 plymouth.enable=0
[    0.000000] KERNEL supported cpus:
[    0.000000]   Intel GenuineIntel
[    0.000000]   AMD AuthenticAMD
[    0.000000]   Hygon HygonGenuine
[    0.000000]   Centaur CentaurHauls
[    0.000000]   zhaoxin   Shanghai  
[    0.000000] x86/CPU: Model not found in latest microcode list
[    0.000000] x86/split lock detection: #DB: warning on user-space bus_locks
[    0.000000] BIOS-provided physical RAM map:
[    0.000000] BIOS-e820: [mem 0x0000000000000000-0x000000000009fbff] usable
[    0.000000] BIOS-e820: [mem 0x000000000009fc00-0x000000000009ffff] reserved
[    0.000000] BIOS-e820: [mem 0x00000000000f0000-0x00000000000fffff] reserved
[    0.000000] BIOS-e820: [mem 0x0000000000100000-0x000000007ffdffff] usable
[    0.000000] BIOS-e820: [mem 0x000000007ffe0000-0x000000007fffffff] reserved
[    0.000000] BIOS-e820: [mem 0x00000000feffc000-0x00000000feffffff] reserved
[    0.000000] BIOS-e820: [mem 0x00000000fffc0000-0x00000000ffffffff] reserved
[    0.000000] printk: legacy bootconsole [earlyser0] enabled
[    0.000000] NX (Execute Disable) protection: active
[    0.000000] APIC: Static calls initialized
[    0.000000] SMBIOS 2.8 present.
[    0.000000] DMI: QEMU Standard PC (i440FX + PIIX, 1996), BIOS rel-1.16.0-0-gd239552ce722-prebuilt.qemu.org 04/01/2014
[    0.000000] DMI: Memory slots populated: 1/1
[    0.000000] Hypervisor detected: KVM
[    0.000000] last_pfn = 0x7ffe0 max_arch_pfn = 0x400000000
[    0.000000] kvm-clock: Using msrs 4b564d01 and 4b564d00
[    0.000003] kvm-clock: using sched offset of 983927509 cycles
[    0.000419] clocksource: kvm-clock: mask: 0xffffffffffffffff max_cycles: 0x1cd42e4dffb, max_idle_ns: 881590591483 ns
[    0.001696] tsc: Detected 1267.200 MHz processor
[    0.007975] last_pfn = 0x7ffe0 max_arch_pfn = 0x400000000
[    0.008425] MTRR map: 4 entries (3 fixed + 1 variable; max 19), built from 8 variable MTRRs
[    0.009082] x86/PAT: Configuration [0-7]: WB  WC  UC- UC  WB  WP  UC- WT  
[    0.018650] found SMP MP-table at [mem 0x000f5ba0-0x000f5baf]
[    0.019128] Using GB pages for direct mapping
[    0.021295] ACPI: Early table checksum verification disabled
[    0.021753] ACPI: RSDP 0x00000000000F59C0 000014 (v00 BOCHS )
[    0.022227] ACPI: RSDT 0x000000007FFE1951 000034 (v01 BOCHS  BXPC     00000001 BXPC 00000001)
[    0.022928] ACPI: FACP 0x000000007FFE17FD 000074 (v01 BOCHS  BXPC     00000001 BXPC 00000001)
[    0.023739] ACPI: DSDT 0x000000007FFE0040 0017BD (v01 BOCHS  BXPC     00000001 BXPC 00000001)
[    0.024420] ACPI: FACS 0x000000007FFE0000 000040
[    0.024793] ACPI: APIC 0x000000007FFE1871 000080 (v01 BOCHS  BXPC     00000001 BXPC 00000001)
[    0.025476] ACPI: HPET 0x000000007FFE18F1 000038 (v01 BOCHS  BXPC     00000001 BXPC 00000001)
[    0.026161] ACPI: WAET 0x000000007FFE1929 000028 (v01 BOCHS  BXPC     00000001 BXPC 00000001)
[    0.026846] ACPI: Reserving FACP table memory at [mem 0x7ffe17fd-0x7ffe1870]
[    0.027414] ACPI: Reserving DSDT table memory at [mem 0x7ffe0040-0x7ffe17fc]
[    0.027975] ACPI: Reserving FACS table memory at [mem 0x7ffe0000-0x7ffe003f]
[    0.028538] ACPI: Reserving APIC table memory at [mem 0x7ffe1871-0x7ffe18f0]
[    0.029096] ACPI: Reserving HPET table memory at [mem 0x7ffe18f1-0x7ffe1928]
[    0.029655] ACPI: Reserving WAET table memory at [mem 0x7ffe1929-0x7ffe1950]
[    0.030686] No NUMA configuration found
[    0.030991] Faking a node at [mem 0x0000000000000000-0x000000007ffdffff]
[    0.031546] NODE_DATA(0) allocated [mem 0x7ffb4ec0-0x7ffdfcbf]
[    0.032584] Zone ranges:
[    0.032797]   DMA      [mem 0x0000000000001000-0x0000000000ffffff]
[    0.033276]   DMA32    [mem 0x0000000001000000-0x000000007ffdffff]
[    0.033760]   Normal   empty
[    0.033991]   Device   empty
[    0.034226] Movable zone start for each node
[    0.034572] Early memory node ranges
[    0.034857]   node   0: [mem 0x0000000000001000-0x000000000009efff]
[    0.035354]   node   0: [mem 0x0000000000100000-0x000000007ffdffff]
[    0.035848] Initmem setup node 0 [mem 0x0000000000001000-0x000000007ffdffff]
[    0.037501] On node 0, zone DMA: 1 pages in unavailable ranges
[    0.038281] On node 0, zone DMA: 97 pages in unavailable ranges
[    0.106310] On node 0, zone DMA32: 32 pages in unavailable ranges
[    0.511762] KernelAddressSanitizer initialized (generic)
[    0.512445] ACPI: PM-Timer IO Port: 0x608
[    0.512773] ACPI: LAPIC_NMI (acpi_id[0xff] dfl dfl lint[0x1])
[    0.513268] IOAPIC[0]: apic_id 0, version 17, address 0xfec00000, GSI 0-23
[    0.513814] ACPI: INT_SRC_OVR (bus 0 bus_irq 0 global_irq 2 dfl dfl)
[    0.514292] ACPI: INT_SRC_OVR (bus 0 bus_irq 5 global_irq 5 high level)
[    0.514783] ACPI: INT_SRC_OVR (bus 0 bus_irq 9 global_irq 9 high level)
[    0.515276] ACPI: INT_SRC_OVR (bus 0 bus_irq 10 global_irq 10 high level)
[    0.515779] ACPI: INT_SRC_OVR (bus 0 bus_irq 11 global_irq 11 high level)
[    0.516299] ACPI: Using ACPI (MADT) for SMP configuration information
[    0.516781] ACPI: HPET id: 0x8086a201 base: 0xfed00000
[    0.517174] TSC deadline timer available
[    0.517475] CPU topo: Max. logical packages:   1
[    0.517818] CPU topo: Max. logical dies:       1
[    0.518159] CPU topo: Max. dies per package:   1
[    0.518506] CPU topo: Max. threads per core:   1
[    0.518849] CPU topo: Num. cores per package:     2
[    0.519209] CPU topo: Num. threads per package:   2
[    0.519571] CPU topo: Allowing 2 present CPUs plus 0 hotplug CPUs
[    0.520078] kvm-guest: APIC: eoi() replaced with kvm_guest_apic_eoi_write()
[    0.520629] kvm-guest: KVM setup pv remote TLB flush
[    0.520998] kvm-guest: setup PV sched yield
[    0.521347] PM: hibernation: Registered nosave memory: [mem 0x00000000-0x00000fff]
[    0.521909] PM: hibernation: Registered nosave memory: [mem 0x0009f000-0x000fffff]
[    0.522477] [mem 0x80000000-0xfeffbfff] available for PCI devices
[    0.522931] Booting paravirtualized kernel on KVM
[    0.523348] clocksource: refined-jiffies: mask: 0xffffffff max_cycles: 0xffffffff, max_idle_ns: 7645519600211568 ns
[    0.524137] setup_percpu: NR_CPUS:8192 nr_cpumask_bits:2 nr_cpu_ids:2 nr_node_ids:1
[    0.526909] percpu: Embedded 80 pages/cpu s290816 r8192 d28672 u1048576
[    0.527549] kvm-guest: PV spinlocks enabled
[    0.527876] PV qspinlock hash table entries: 256 (order: 0, 4096 bytes, linear)
[    0.528444] Kernel command line: net.ifnames=0 console=ttyS0 root=/dev/sda earlyprintk=serial net.ifnames=0 plymouth.enable=0
[    0.529570] random: crng init done
[    0.529838] printk: log buffer data + meta data: 262144 + 917504 = 1179648 bytes
[    0.532518] Dentry cache hash table entries: 262144 (order: 9, 2097152 bytes, linear)
[    0.534333] Inode-cache hash table entries: 131072 (order: 8, 1048576 bytes, linear)
[    0.535246] Fallback order for Node 0: 0 
[    0.535254] Built 1 zonelists, mobility grouping on.  Total pages: 524158
[    0.536022] Policy zone: DMA32
[    0.536257] mem auto-init: stack:off, heap alloc:off, heap free:off
[    0.536708] stackdepot: allocating hash table via alloc_large_system_hash
[    0.537197] stackdepot hash table entries: 1048576 (order: 12, 16777216 bytes, linear)
[    0.574551] stackdepot: allocating space for 8192 stack pools via memblock
[    0.609901] SLUB: HWalign=64, Order=0-3, MinObjects=0, CPUs=2, Nodes=1
[    0.610409] kmemleak: Kernel memory leak detector disabled
[    0.646100] ftrace: allocating 74645 entries in 292 pages
[    0.646525] ftrace: allocated 292 pages with 3 groups
[    0.651057] Dynamic Preempt: voluntary
[    0.651800] Running RCU self tests
[    0.652051] Running RCU synchronous self tests
[    0.652373] rcu: Preemptible hierarchical RCU implementation.
[    0.652784] rcu: 	RCU lockdep checking is enabled.
[    0.653126] rcu: 	RCU restricting CPUs from NR_CPUS=8192 to nr_cpu_ids=2.
[    0.653618] 	Trampoline variant of Tasks RCU enabled.
[    0.653977] 	Rude variant of Tasks RCU enabled.
[    0.654301] 	Tracing variant of Tasks RCU enabled.
[    0.654643] rcu: RCU calculated value of scheduler-enlistment delay is 25 jiffies.
[    0.655180] rcu: Adjusting geometry for rcu_fanout_leaf=16, nr_cpu_ids=2
[    0.655733] Running RCU synchronous self tests
[    0.656047] RCU Tasks: Setting shift to 1 and lim to 1 rcu_task_cb_adjust=1 rcu_task_cpu_ids=2.
[    0.656675] RCU Tasks Rude: Setting shift to 1 and lim to 1 rcu_task_cb_adjust=1 rcu_task_cpu_ids=2.
[    0.657335] RCU Tasks Trace: Setting shift to 1 and lim to 1 rcu_task_cb_adjust=1 rcu_task_cpu_ids=2.
[    0.717133] NR_IRQS: 524544, nr_irqs: 440, preallocated irqs: 16
[    0.718092] rcu: srcu_init: Setting srcu_struct sizes based on contention.
[    0.724768] Console: colour VGA+ 80x25
[    0.725110] printk: legacy console [ttyS0] enabled
[    0.725110] printk: legacy console [ttyS0] enabled
[    0.725820] printk: legacy bootconsole [earlyser0] disabled
[    0.725820] printk: legacy bootconsole [earlyser0] disabled
[    0.726644] Lock dependency validator: Copyright (c) 2006 Red Hat, Inc., Ingo Molnar
[    0.727216] ... MAX_LOCKDEP_SUBCLASSES:  8
[    0.727524] ... MAX_LOCK_DEPTH:          48
[    0.727838] ... MAX_LOCKDEP_KEYS:        8192
[    0.728164] ... CLASSHASH_SIZE:          4096
[    0.728491] ... MAX_LOCKDEP_ENTRIES:     524288
[    0.728829] ... MAX_LOCKDEP_CHAINS:      524288
[    0.729167] ... CHAINHASH_SIZE:          262144
[    0.729509]  memory used by lock dependency info: 54145 kB
[    0.729914]  memory used for stack traces: 4224 kB
[    0.730274]  per task-struct memory footprint: 1920 bytes
[    0.730757] ACPI: Core revision 20250807
[    0.731409] clocksource: hpet: mask: 0xffffffff max_cycles: 0xffffffff, max_idle_ns: 19112604467 ns
[    0.732224] APIC: Switch to symmetric I/O mode setup
[    0.732849] x2apic enabled
[    0.733382] APIC: Switched APIC routing to: physical x2apic
[    0.733786] kvm-guest: APIC: send_IPI_mask() replaced with kvm_send_ipi_mask()
[    0.734338] kvm-guest: APIC: send_IPI_mask_allbutself() replaced with kvm_send_ipi_mask_allbutself()
[    0.735006] kvm-guest: setup PV IPIs
[    0.736209] ..TIMER: vector=0x30 apic1=0 pin1=2 apic2=-1 pin2=-1
[    0.736679] clocksource: tsc-early: mask: 0xffffffffffffffff max_cycles: 0x12441513526, max_idle_ns: 440795239872 ns
[    0.737473] Calibrating delay loop (skipped) preset value.. 2534.40 BogoMIPS (lpj=5068800)
[    0.738232] CPU0: Thermal monitoring enabled (TM1)
[    0.738610] x86/cpu: User Mode Instruction Prevention (UMIP) activated
[    0.739199] Last level iTLB entries: 4KB 0, 2MB 0, 4MB 0
[    0.739603] Last level dTLB entries: 4KB 0, 2MB 0, 4MB 0, 1GB 0
[    0.740061] mitigations: Enabled attack vectors: user_kernel, user_user, guest_host, guest_guest, SMT mitigations: auto
[    0.741494] Speculative Store Bypass: Mitigation: Speculative Store Bypass disabled via prctl
[    0.742123] Spectre V2 : Mitigation: Enhanced / Automatic IBRS
[    0.742553] ITS: Mitigation: Aligned branch/return thunks
[    0.742959] Spectre V1 : Mitigation: usercopy/swapgs barriers and __user pointer sanitization
[    0.743583] Spectre V2 : WARNING: Unprivileged eBPF is enabled with eIBRS on, data leaks possible via Spectre v2 BHB attacks!
[    0.744409] Spectre V2 : Spectre v2 / PBRSB-eIBRS: Retire a single CALL on VMEXIT
[    0.745470] Spectre V2 : mitigation: Enabling conditional Indirect Branch Prediction Barrier
[    0.746074] active return thunk: its_return_thunk
[    0.746424] Spectre V2 : Spectre BHI mitigation: SW BHB clearing on syscall and VM exit
[    0.747023] x86/fpu: Supporting XSAVE feature 0x001: 'x87 floating point registers'
[    0.747588] x86/fpu: Supporting XSAVE feature 0x002: 'SSE registers'
[    0.748062] x86/fpu: Supporting XSAVE feature 0x004: 'AVX registers'
[    0.748539] x86/fpu: Supporting XSAVE feature 0x200: 'Protection Keys User registers'
[    0.749115] x86/fpu: xstate_offset[2]:  576, xstate_sizes[2]:  256
[    0.749462] x86/fpu: xstate_offset[9]:  832, xstate_sizes[9]:    8
[    0.749918] x86/fpu: Enabled xstate features 0x207, context size is 840 bytes, using 'compacted' format.
[    0.871071] Freeing SMP alternatives memory: 64K
[    0.871441] pid_max: default: 32768 minimum: 301
[    0.872042] LSM: initializing lsm=capability,yama,ima,evm
[    0.872544] Yama: becoming mindful.
[    0.873176] Mount-cache hash table entries: 4096 (order: 3, 32768 bytes, linear)
[    0.873468] Mountpoint-cache hash table entries: 4096 (order: 3, 32768 bytes, linear)
[    0.875502] Running RCU synchronous self tests
[    0.875828] Running RCU synchronous self tests
[    0.876565] smpboot: CPU0: Genuine Intel(R) 0000 @ (family: 0x6, model: 0xc6, stepping: 0x0)
[    0.877458] Performance Events: unsupported CPU family 6 model 198 no PMU driver, software events only.
[    0.877458] signal: max sigframe size: 3632
[    0.877458] rcu: Hierarchical SRCU implementation.
[    0.877458] rcu: 	Max phase no-delay instances is 1000.
[    0.877458] Timer migration: 1 hierarchy levels; 8 children per group; 1 crossnode level
[    0.888112] NMI watchdog: Perf NMI watchdog permanently disabled
[    0.888822] smp: Bringing up secondary CPUs ...
[    0.889882] smpboot: x86: Booting SMP configuration:
[    0.890266] .... node  #0, CPUs:      #1
[    0.890560] smp: Brought up 1 node, 2 CPUs
[    0.890560] smpboot: Total of 2 processors activated (5068.80 BogoMIPS)
[    0.893637] Memory: 1541060K/2096632K available (79902K kernel code, 15394K rwdata, 18468K rodata, 16236K init, 68400K bss, 544140K reserved, 0K cma-reserved)
[    0.896254] devtmpfs: initialized
[    0.896254] x86/mm: Memory block size: 128MB
[    0.913622] Running RCU synchronous self tests
[    0.913995] Running RCU synchronous self tests
[    0.914349] Running RCU Tasks wait API self tests
[    0.914349] Running RCU Tasks Rude wait API self tests
[    0.914349] Running RCU Tasks Trace wait API self tests
[    0.937533] clocksource: jiffies: mask: 0xffffffff max_cycles: 0xffffffff, max_idle_ns: 7645041785100000 ns
[    0.939269] posixtimers hash table entries: 1024 (order: 4, 73728 bytes, linear)
[    0.939269] futex hash table entries: 512 (65536 bytes on 1 NUMA nodes, total 64 KiB, linear).
[    0.940253] pinctrl core: initialized pinctrl subsystem
[    0.941842] 
[    0.941967] *************************************************************
[    0.942455] **     NOTICE NOTICE NOTICE NOTICE NOTICE NOTICE NOTICE    **
[    0.942925] **                                                         **
[    0.943405] **  IOMMU DebugFS SUPPORT HAS BEEN ENABLED IN THIS KERNEL  **
[    0.943885] **                                                         **
[    0.944364] ** This means that this kernel is built to expose internal **
[    0.944848] ** IOMMU data structures, which may compromise security on **
[    0.945329] ** your system.                                            **
[    0.945465] **                                                         **
[    0.945953] ** If you see this message and you are not debugging the   **
[    0.946448] ** kernel, report this immediately to your vendor!         **
[    0.946939] **                                                         **
[    0.947428] **     NOTICE NOTICE NOTICE NOTICE NOTICE NOTICE NOTICE    **
[    0.947916] *************************************************************
[    0.949474] PM: RTC time: 17:05:59, date: 2025-12-04
[    0.953335] NET: Registered PF_NETLINK/PF_ROUTE protocol family
[    0.954769] DMA: preallocated 256 KiB GFP_KERNEL pool for atomic allocations
[    0.955288] DMA: preallocated 256 KiB GFP_KERNEL|GFP_DMA pool for atomic allocations
[    0.955851] DMA: preallocated 256 KiB GFP_KERNEL|GFP_DMA32 pool for atomic allocations
[    0.956498] audit: initializing netlink subsys (disabled)
[    0.957718] audit: type=2000 audit(1764867960.223:1): state=initialized audit_enabled=0 res=1
[    0.963464] thermal_sys: Registered thermal governor 'fair_share'
[    0.963472] thermal_sys: Registered thermal governor 'bang_bang'
[    0.963948] thermal_sys: Registered thermal governor 'step_wise'
[    0.964394] thermal_sys: Registered thermal governor 'user_space'
[    0.964935] cpuidle: using governor ladder
[    0.965781] cpuidle: using governor menu
[    0.966278] acpiphp: ACPI Hot Plug PCI Controller Driver version: 0.5
[    0.967537] PCI: Using configuration type 1 for base access
[    0.968228] kprobes: kprobe jump-optimization is enabled. All kprobes are optimized if possible.
[    0.969502] Callback from call_rcu_tasks_trace() invoked.
[    1.088672] HugeTLB: registered 1.00 GiB page size, pre-allocated 0 pages
[    1.089214] HugeTLB: 16380 KiB vmemmap can be freed for a 1.00 GiB page
[    1.089467] HugeTLB: registered 2.00 MiB page size, pre-allocated 0 pages
[    1.089978] HugeTLB: 28 KiB vmemmap can be freed for a 2.00 MiB page
[    1.098925] ACPI: Added _OSI(Module Device)
[    1.099299] ACPI: Added _OSI(Processor Device)
[    1.099641] ACPI: Added _OSI(Processor Aggregator Device)
[    1.112905] ACPI: 1 ACPI AML tables successfully acquired and loaded
[    1.119115] ACPI: Interpreter enabled
[    1.119567] ACPI: PM: (supports S0 S3 S4 S5)
[    1.119909] ACPI: Using IOAPIC for interrupt routing
[    1.120440] PCI: Using host bridge windows from ACPI; if necessary, use "pci=nocrs" and report a bug
[    1.121144] PCI: Using E820 reservations for host bridge windows
[    1.122564] ACPI: Enabled 2 GPEs in block 00 to 0F
[    1.157973] ACPI: PCI Root Bridge [PCI0] (domain 0000 [bus 00-ff])
[    1.158512] acpi PNP0A03:00: _OSC: OS supports [ASPM ClockPM Segments MSI EDR HPX-Type3]
[    1.159140] acpi PNP0A03:00: _OSC: not requesting OS control; OS requires [ExtendedConfig ASPM ClockPM MSI]
[    1.160035] acpi PNP0A03:00: fail to add MMCONFIG information, can't access extended configuration space under this bridge
[    1.164955] acpiphp: Slot [3] registered
[    1.165413] acpiphp: Slot [4] registered
[    1.165577] acpiphp: Slot [5] registered
[    1.166016] acpiphp: Slot [6] registered
[    1.166451] acpiphp: Slot [7] registered
[    1.166904] acpiphp: Slot [8] registered
[    1.167334] acpiphp: Slot [9] registered
[    1.167768] acpiphp: Slot [10] registered
[    1.168210] acpiphp: Slot [11] registered
[    1.168675] acpiphp: Slot [12] registered
[    1.169111] acpiphp: Slot [13] registered
[    1.169546] acpiphp: Slot [14] registered
[    1.169983] acpiphp: Slot [15] registered
[    1.170445] acpiphp: Slot [16] registered
[    1.170884] acpiphp: Slot [17] registered
[    1.171315] acpiphp: Slot [18] registered
[    1.171746] acpiphp: Slot [19] registered
[    1.172229] acpiphp: Slot [20] registered
[    1.172653] acpiphp: Slot [21] registered
[    1.173093] acpiphp: Slot [22] registered
[    1.173521] acpiphp: Slot [23] registered
[    1.173993] acpiphp: Slot [24] registered
[    1.174425] acpiphp: Slot [25] registered
[    1.174861] acpiphp: Slot [26] registered
[    1.175295] acpiphp: Slot [27] registered
[    1.175783] acpiphp: Slot [28] registered
[    1.176221] acpiphp: Slot [29] registered
[    1.176655] acpiphp: Slot [30] registered
[    1.177094] acpiphp: Slot [31] registered
[    1.177481] PCI host bridge to bus 0000:00
[    1.177863] pci_bus 0000:00: root bus resource [io  0x0000-0x0cf7 window]
[    1.178402] pci_bus 0000:00: root bus resource [io  0x0d00-0xffff window]
[    1.178943] pci_bus 0000:00: root bus resource [mem 0x000a0000-0x000bffff window]
[    1.179533] pci_bus 0000:00: root bus resource [mem 0x80000000-0xfebfffff window]
[    1.180121] pci_bus 0000:00: root bus resource [mem 0x100000000-0x17fffffff window]
[    1.180731] pci_bus 0000:00: root bus resource [bus 00-ff]
[    1.181292] pci 0000:00:00.0: [8086:1237] type 00 class 0x060000 conventional PCI endpoint
[    1.189213] pci 0000:00:01.0: [8086:7000] type 00 class 0x060100 conventional PCI endpoint
[    1.190705] pci 0000:00:01.1: [8086:7010] type 00 class 0x010180 conventional PCI endpoint
[    1.191889] pci 0000:00:01.1: BAR 4 [io  0xc040-0xc04f]
[    1.192315] pci 0000:00:01.1: BAR 0 [io  0x01f0-0x01f7]: legacy IDE quirk
[    1.192840] pci 0000:00:01.1: BAR 1 [io  0x03f6]: legacy IDE quirk
[    1.193323] pci 0000:00:01.1: BAR 2 [io  0x0170-0x0177]: legacy IDE quirk
[    1.193469] pci 0000:00:01.1: BAR 3 [io  0x0376]: legacy IDE quirk
[    1.194489] pci 0000:00:01.3: [8086:7113] type 00 class 0x068000 conventional PCI endpoint
[    1.195389] pci 0000:00:01.3: quirk: [io  0x0600-0x063f] claimed by PIIX4 ACPI
[    1.195956] pci 0000:00:01.3: quirk: [io  0x0700-0x070f] claimed by PIIX4 SMB
[    1.196978] pci 0000:00:02.0: [1234:1111] type 00 class 0x030000 conventional PCI endpoint
[    1.202401] pci 0000:00:02.0: BAR 0 [mem 0xfd000000-0xfdffffff pref]
[    1.203026] pci 0000:00:02.0: BAR 2 [mem 0xfebf0000-0xfebf0fff]
[    1.203504] pci 0000:00:02.0: ROM [mem 0xfebe0000-0xfebeffff pref]
[    1.204779] pci 0000:00:02.0: Video device with shadowed ROM at [mem 0x000c0000-0x000dffff]
[    1.214629] pci 0000:00:03.0: [8086:100e] type 00 class 0x020000 conventional PCI endpoint
[    1.216321] pci 0000:00:03.0: BAR 0 [mem 0xfebc0000-0xfebdffff]
[    1.216985] pci 0000:00:03.0: BAR 1 [io  0xc000-0xc03f]
[    1.217430] pci 0000:00:03.0: ROM [mem 0xfeb80000-0xfebbffff pref]
[    1.237056] ACPI: PCI: Interrupt link LNKA configured for IRQ 10
[    1.238390] ACPI: PCI: Interrupt link LNKB configured for IRQ 10
[    1.239753] ACPI: PCI: Interrupt link LNKC configured for IRQ 11
[    1.241034] ACPI: PCI: Interrupt link LNKD configured for IRQ 11
[    1.241813] ACPI: PCI: Interrupt link LNKS configured for IRQ 9
[    1.247348] iommu: Default domain type: Translated
[    1.247782] iommu: DMA domain TLB invalidation policy: lazy mode
[    1.255671] SCSI subsystem initialized
[    1.256945] ACPI: bus type USB registered
[    1.257611] usbcore: registered new interface driver usbfs
[    1.258214] usbcore: registered new interface driver hub
[    1.258717] usbcore: registered new device driver usb
[    1.259575] pps_core: LinuxPPS API ver. 1 registered
[    1.259977] pps_core: Software ver. 5.3.6 - Copyright 2005-2007 Rodolfo Giometti <giometti@linux.it>
[    1.260731] PTP clock support registered
[    1.261674] EDAC MC: Ver: 3.0.0
[    1.266509] NetLabel: Initializing
[    1.266801] NetLabel:  domain hash size = 128
[    1.267148] NetLabel:  protocols = UNLABELED CIPSOv4 CALIPSO
[    1.267862] NetLabel:  unlabeled traffic allowed by default
[    1.269193] PCI: Using ACPI for IRQ routing
[    1.269950] pci 0000:00:02.0: vgaarb: setting as boot VGA device
[    1.270449] pci 0000:00:02.0: vgaarb: bridge control possible
[    1.270903] pci 0000:00:02.0: vgaarb: VGA device added: decodes=io+mem,owns=io+mem,locks=none
[    1.271571] vgaarb: loaded
[    1.272878] hpet0: at MMIO 0xfed00000, IRQs 2, 8, 0
[    1.273282] hpet0: 3 comparators, 64-bit 100.000000 MHz counter
[    1.276874] clocksource: Switched to clocksource kvm-clock
[    3.309402] VFS: Disk quotas dquot_6.6.0
[    3.309823] VFS: Dquot-cache hash table entries: 512 (order 0, 4096 bytes)
[    3.312557] pnp: PnP ACPI init
[    3.316693] pnp: PnP ACPI: found 6 devices
[    3.354897] clocksource: acpi_pm: mask: 0xffffff max_cycles: 0xffffff, max_idle_ns: 2085701024 ns
[    3.356145] NET: Registered PF_INET protocol family
[    3.356919] IP idents hash table entries: 32768 (order: 6, 262144 bytes, linear)
[    3.359261] tcp_listen_portaddr_hash hash table entries: 1024 (order: 4, 73728 bytes, linear)
[    3.359999] Table-perturb hash table entries: 65536 (order: 6, 262144 bytes, linear)
[    3.360727] TCP established hash table entries: 16384 (order: 5, 131072 bytes, linear)
[    3.361950] TCP bind hash table entries: 16384 (order: 9, 2359296 bytes, linear)
[    3.365242] TCP: Hash tables configured (established 16384 bind 16384)
[    3.366064] UDP hash table entries: 1024 (order: 6, 262144 bytes, linear)
[    3.366800] UDP-Lite hash table entries: 1024 (order: 6, 262144 bytes, linear)
[    3.367986] NET: Registered PF_UNIX/PF_LOCAL protocol family
[    3.370445] RPC: Registered named UNIX socket transport module.
[    3.370979] RPC: Registered udp transport module.
[    3.371357] RPC: Registered tcp transport module.
[    3.371726] RPC: Registered tcp-with-tls transport module.
[    3.372158] RPC: Registered tcp NFSv4.1 backchannel transport module.
[    3.372720] pci_bus 0000:00: resource 4 [io  0x0000-0x0cf7 window]
[    3.373216] pci_bus 0000:00: resource 5 [io  0x0d00-0xffff window]
[    3.373709] pci_bus 0000:00: resource 6 [mem 0x000a0000-0x000bffff window]
[    3.374246] pci_bus 0000:00: resource 7 [mem 0x80000000-0xfebfffff window]
[    3.374795] pci_bus 0000:00: resource 8 [mem 0x100000000-0x17fffffff window]
[    3.375743] pci 0000:00:01.0: PIIX3: Enabling Passive Release
[    3.376212] pci 0000:00:00.0: Limiting direct PCI/PCI transfers
[    3.376758] PCI: CLS 0 bytes, default 64
[    3.377252] ACPI: bus type thunderbolt registered
[    3.378159] clocksource: tsc: mask: 0xffffffffffffffff max_cycles: 0x12441513526, max_idle_ns: 440795239872 ns
[    3.404591] Initialise system trusted keyrings
[    3.405145] Key type blacklist registered
[    3.406375] workingset: timestamp_bits=36 max_order=19 bucket_order=0
[    3.411006] Callback from call_rcu_tasks() invoked.
[    3.411546] squashfs: version 4.0 (2009/01/31) Phillip Lougher
[    3.415856] NFS: Registering the id_resolver key type
[    3.416851] Key type id_resolver registered
[    3.417595] Key type id_legacy registered
[    3.418435] nfs4filelayout_init: NFSv4 File Layout Driver Registering...
[    3.419817] nfs4flexfilelayout_init: NFSv4 Flexfile Layout Driver Registering...
[    3.422193] fuse: init (API version 7.45)
[    3.424329] SGI XFS with ACLs, security attributes, realtime, quota, no debug enabled
[    3.429759] 9p: Installing v9fs 9p2000 file system support
[    3.446991] Key type asymmetric registered
[    3.447398] Asymmetric key parser 'x509' registered
[    3.448177] Block layer SCSI generic (bsg) driver version 0.4 loaded (major 241)
[    3.449500] io scheduler mq-deadline registered
[    3.450125] io scheduler bfq registered
[    3.451841] ledtrig-cpu: registered to indicate activity on CPUs
[    3.454261] IPMI message handler: version 39.2
[    3.454734] ipmi device interface
[    3.457390] input: Power Button as /devices/LNXSYSTM:00/LNXPWRBN:00/input/input0
[    3.458915] ACPI: button: Power Button [PWRF]
[    3.462114] ERST DBG: ERST support is disabled.
[    3.464592] Serial: 8250/16550 driver, 32 ports, IRQ sharing enabled
[    3.466398] 00:04: ttyS0 at I/O 0x3f8 (irq = 4, base_baud = 115200) is a 16550A
[    3.507818] Linux agpgart interface v0.103
[    3.512501] ACPI: bus type drm_connector registered
[    3.545048] brd: module loaded
[    3.563899] loop: module loaded
[    3.580036] scsi host0: ata_piix
[    3.582933] scsi host1: ata_piix
[    3.583695] ata1: PATA max MWDMA2 cmd 0x1f0 ctl 0x3f6 bmdma 0xc040 irq 14 lpm-pol 0
[    3.584306] ata2: PATA max MWDMA2 cmd 0x170 ctl 0x376 bmdma 0xc048 irq 15 lpm-pol 0
[    3.587991] tun: Universal TUN/TAP device driver, 1.6
[    3.589439] e100: Intel(R) PRO/100 Network Driver
[    3.589846] e100: Copyright(c) 1999-2006 Intel Corporation
[    3.590407] e1000: Intel(R) PRO/1000 Network Driver
[    3.590800] e1000: Copyright (c) 1999-2006 Intel Corporation.
[    3.739290] ata2: found unknown device (class 0)
[    3.740470] ata1: found unknown device (class 0)
[    3.741330] ata1.00: ATA-7: QEMU HARDDISK, 2.5+, max UDMA/100
[    3.741799] ata1.00: 17196647 sectors, multi 16: LBA48 
[    3.742626] ata2.00: ATAPI: QEMU DVD-ROM, 2.5+, max UDMA/100
[    3.744842] scsi 0:0:0:0: Direct-Access     ATA      QEMU HARDDISK    2.5+ PQ: 0 ANSI: 5
[    3.748380] sd 0:0:0:0: Attached scsi generic sg0 type 0
[    3.749169] sd 0:0:0:0: [sda] 17196647 512-byte logical blocks: (8.80 GB/8.20 GiB)
[    3.750364] sd 0:0:0:0: [sda] Write Protect is off
[    3.750989] scsi 1:0:0:0: CD-ROM            QEMU     QEMU DVD-ROM     2.5+ PQ: 0 ANSI: 5
[    3.751788] sd 0:0:0:0: [sda] Write cache: enabled, read cache: enabled, doesn't support DPO or FUA
[    3.753050] sd 0:0:0:0: [sda] Preferred minimum I/O size 512 bytes
[    3.781551] scsi 1:0:0:0: Attached scsi generic sg1 type 5
[    3.783469] sd 0:0:0:0: [sda] Attached SCSI disk
[    4.213147] ACPI: \_SB_.LNKC: Enabled at IRQ 11
[    4.518480] e1000 0000:00:03.0 eth0: (PCI:33MHz:32-bit) 52:54:00:12:34:56
[    4.519048] e1000 0000:00:03.0 eth0: Intel(R) PRO/1000 Network Connection
[    4.519736] e1000e: Intel(R) PRO/1000 Network Driver
[    4.520099] e1000e: Copyright(c) 1999 - 2015 Intel Corporation.
[    4.520656] igb: Intel(R) Gigabit Ethernet Network Driver
[    4.521045] igb: Copyright (c) 2007-2014 Intel Corporation.
[    4.521813] PPP generic driver version 2.4.2
[    4.523973] VFIO - User Level meta-driver version: 0.3
[    4.527651] usbcore: registered new interface driver uas
[    4.528238] usbcore: registered new interface driver usb-storage
[    4.528979] i8042: PNP: PS/2 Controller [PNP0303:KBD,PNP0f13:MOU] at 0x60,0x64 irq 1,12
[    4.530401] serio: i8042 KBD port at 0x60,0x64 irq 1
[    4.530842] serio: i8042 AUX port at 0x60,0x64 irq 12
[    4.533344] mousedev: PS/2 mouse device common for all mice
[    4.535902] input: AT Translated Set 2 keyboard as /devices/platform/i8042/serio0/input/input1
[    4.536759] rtc_cmos 00:05: RTC can wake from S4
[    4.539144] input: VirtualPS/2 VMware VMMouse as /devices/platform/i8042/serio1/input/input4
[    4.539395] rtc_cmos 00:05: registered as rtc0
[    4.540671] rtc_cmos 00:05: setting system clock to 2025-12-04T17:06:03 UTC (1764867963)
[    4.540917] input: VirtualPS/2 VMware VMMouse as /devices/platform/i8042/serio1/input/input3
[    4.543436] rtc_cmos 00:05: alarms up to one day, y3k, 242 bytes nvram, hpet irqs
[    4.544095] i2c_dev: i2c /dev entries driver
[    4.544791] device-mapper: core: CONFIG_IMA_DISABLE_HTABLE is disabled. Duplicate IMA measurements will not be recorded in the IMA log.
[    4.545692] device-mapper: uevent: version 1.0.3
[    4.546624] device-mapper: ioctl: 4.50.0-ioctl (2025-04-28) initialised: dm-devel@lists.linux.dev
[    4.547322] intel_pstate: CPU model not supported
[    4.547935] sdhci: Secure Digital Host Controller Interface driver
[    4.548389] sdhci: Copyright(c) Pierre Ossman
[    4.548913] sdhci-pltfm: SDHCI platform and OF driver helper
[    4.550020] drop_monitor: Initializing network drop monitor service
[    4.551001] NET: Registered PF_INET6 protocol family
[    4.554050] Segment Routing with IPv6
[    4.554385] In-situ OAM (IOAM) with IPv6
[    4.554759] NET: Registered PF_PACKET protocol family
[    4.555817] 9pnet: Installing 9P2000 support
[    4.556269] Key type dns_resolver registered
[    4.558792] IPI shorthand broadcast: enabled
[    4.610077] sched_clock: Marking stable (4592009113, 14856141)->(4633317602, -26452348)
[    4.612532] registered taskstats version 1
[    4.613671] Loading compiled-in X.509 certificates
[    4.681451] Demotion targets for Node 0: null
[    4.683732] Key type .fscrypt registered
[    4.684049] Key type fscrypt-provisioning registered
[    4.688262] Key type encrypted registered
[    4.688668] ima: No TPM chip found, activating TPM-bypass!
[    4.689100] ima: Allocated hash algorithm: sha1
[    4.689532] ima: No architecture policies found
[    4.690021] evm: Initialising EVM extended attributes:
[    4.690409] evm: security.selinux
[    4.690659] evm: security.SMACK64
[    4.690935] evm: security.SMACK64EXEC
[    4.691210] evm: security.SMACK64TRANSMUTE
[    4.691518] evm: security.SMACK64MMAP
[    4.691793] evm: security.apparmor
[    4.692049] evm: security.ima
[    4.692276] evm: security.capability
[    4.692546] evm: HMAC attrs: 0x1
[    4.695086] PM:   Magic number: 5:653:86
[    4.696451] RAS: Correctable Errors collector initialized.
[    4.697144] clk: Disabling unused clocks
[    4.697713] PM: genpd: Disabling unused power domains
[    4.699164] check access for rdinit=/init failed: -2, ignoring
[    4.699486] md: Waiting for all devices to be available before autodetect
[    4.699816] md: If you don't use raid, use raid=noautodetect
[    4.700096] md: Autodetecting RAID arrays.
[    4.700317] md: autorun ...
[    4.700463] md: ... autorun DONE.
[    4.715659] EXT4-fs (sda): mounted filesystem 088740a9-c8b4-422c-999d-a804eb68a4da ro with ordered data mode. Quota mode: none.
[    4.716370] VFS: Mounted root (ext4 filesystem) readonly on device 8:0.
[    4.720101] devtmpfs: mounted
[    4.739537] Freeing unused decrypted memory: 2036K
[    4.752921] Freeing unused kernel image (initmem) memory: 16236K
[    4.753446] Write protecting the kernel read-only data: 102400k
[    4.757295] Freeing unused kernel image (text/rodata gap) memory: 2016K
[    4.759828] Freeing unused kernel image (rodata/data gap) memory: 2012K
[    4.819403] x86/mm: Checked W+X mappings: passed, no W+X pages found.
[    4.819781] Run /sbin/init as init process
[    5.073482] systemd[1]: systemd 252-15.el9 running in system mode (+PAM +AUDIT +SELINUX -APPARMOR +IMA +SMACK +SECCOMP +GCRYPT +GNUTLS +OPENSSL +ACL +BLKID +CURL +ELFUTILS -FIDO2 +IDN2 -IDN -IPTC +KMOD +LIBCRYPTSETUP +LIBFDISK +PCRE2 -PWQUALITY +P11KIT -QRENCODE +TPM2 +BZIP2 +LZ4 +XZ +ZLIB +ZSTD -BPF_FRAMEWORK +XKBCOMMON +UTMP +SYSVINIT default-hierarchy=unified)
[    5.076179] systemd[1]: Detected virtualization kvm.
[    5.076438] systemd[1]: Detected architecture x86-64.

Welcome to [0;31mCentOS Stream 9[0m!

[    5.086633] systemd[1]: Hostname set to <test>.
[    5.313391] systemd-rc-local-generator[120]: /etc/rc.d/rc.local is not marked executable, skipping.
[    5.676803] systemd[1]: Queued start job for default target Multi-User System.
[    5.693858] systemd[1]: Created slice Virtual Machine and Container Slice.
[[0;32m  OK  [0m] Created slice [0;1;39mVirtual Machine and Container Slice[0m.
[    5.698402] systemd[1]: Created slice Slice /system/getty.
[[0;32m  OK  [0m] Created slice [0;1;39mSlice /system/getty[0m.
[    5.700942] systemd[1]: Created slice Slice /system/modprobe.
[[0;32m  OK  [0m] Created slice [0;1;39mSlice /system/modprobe[0m.
[    5.703528] systemd[1]: Created slice Slice /system/serial-getty.
[[0;32m  OK  [0m] Created slice [0;1;39mSlice /system/serial-getty[0m.
[    5.705894] systemd[1]: Created slice Slice /system/sshd-keygen.
[[0;32m  OK  [0m] Created slice [0;1;39mSlice /system/sshd-keygen[0m.
[    5.708224] systemd[1]: Created slice User and Session Slice.
[[0;32m  OK  [0m] Created slice [0;1;39mUser and Session Slice[0m.
[    5.709355] systemd[1]: Started Forward Password Requests to Wall Directory Watch.
[[0;32m  OK  [0m] Started [0;1;39mForward Password R…uests to Wall Directory Watch[0m.
[    5.711334] systemd[1]: Set up automount Arbitrary Executable File Formats File System Automount Point.
[[0;32m  OK  [0m] Set up automount [0;1;39mArbitrary…s File System Automount Point[0m.
[    5.712500] systemd[1]: Reached target Local Integrity Protected Volumes.
[[0;32m  OK  [0m] Reached target [0;1;39mLocal Integrity Protected Volumes[0m.
[    5.713426] systemd[1]: Reached target Slice Units.
[[0;32m  OK  [0m] Reached target [0;1;39mSlice Units[0m.
[    5.714140] systemd[1]: Reached target Swaps.
[[0;32m  OK  [0m] Reached target [0;1;39mSwaps[0m.
[    5.714810] systemd[1]: Reached target Local Verity Protected Volumes.
[[0;32m  OK  [0m] Reached target [0;1;39mLocal Verity Protected Volumes[0m.
[    5.716043] systemd[1]: Listening on Device-mapper event daemon FIFOs.
[[0;32m  OK  [0m] Listening on [0;1;39mDevice-mapper event daemon FIFOs[0m.
[    5.717444] systemd[1]: Listening on LVM2 poll daemon socket.
[[0;32m  OK  [0m] Listening on [0;1;39mLVM2 poll daemon socket[0m.
[    5.718412] systemd[1]: multipathd control socket was skipped because of an unmet condition check (ConditionPathExists=/etc/multipath.conf).
[    5.748892] systemd[1]: Listening on RPCbind Server Activation Socket.
[[0;32m  OK  [0m] Listening on [0;1;39mRPCbind Server Activation Socket[0m.
[    5.750114] systemd[1]: Reached target RPC Port Mapper.
[[0;32m  OK  [0m] Reached target [0;1;39mRPC Port Mapper[0m.
[    5.753909] systemd[1]: Listening on Process Core Dump Socket.
[[0;32m  OK  [0m] Listening on [0;1;39mProcess Core Dump Socket[0m.
[    5.755133] systemd[1]: Listening on initctl Compatibility Named Pipe.
[[0;32m  OK  [0m] Listening on [0;1;39minitctl Compatibility Named Pipe[0m.
[    5.756541] systemd[1]: Listening on Journal Socket (/dev/log).
[[0;32m  OK  [0m] Listening on [0;1;39mJournal Socket (/dev/log)[0m.
[    5.757886] systemd[1]: Listening on Journal Socket.
[[0;32m  OK  [0m] Listening on [0;1;39mJournal Socket[0m.
[    5.759305] systemd[1]: Listening on udev Control Socket.
[[0;32m  OK  [0m] Listening on [0;1;39mudev Control Socket[0m.
[    5.760410] systemd[1]: Listening on udev Kernel Socket.
[[0;32m  OK  [0m] Listening on [0;1;39mudev Kernel Socket[0m.
[    5.775691] systemd[1]: Mounting Huge Pages File System...
         Mounting [0;1;39mHuge Pages File System[0m...
[    5.781010] systemd[1]: Mounting POSIX Message Queue File System...
         Mounting [0;1;39mPOSIX Message Queue File System[0m...
[    5.824205] systemd[1]: Mounting Kernel Debug File System...
         Mounting [0;1;39mKernel Debug File System[0m...
[    5.830020] systemd[1]: Mounting Kernel Trace File System...
         Mounting [0;1;39mKernel Trace File System[0m...
[    5.833927] systemd[1]: Kernel Module supporting RPCSEC_GSS was skipped because of an unmet condition check (ConditionPathExists=/etc/krb5.keytab).
[    5.834671] systemd[1]: Create List of Static Device Nodes was skipped because of an unmet condition check (ConditionFileNotEmpty=/lib/modules/6.18.0-rc1-39be21386d14+/modules.devname).
[    5.839923] systemd[1]: Starting Monitoring of LVM2 mirrors, snapshots etc. using dmeventd or progress polling...
         Starting [0;1;39mMonitoring of LVM…meventd or progress polling[0m...
[    5.848384] systemd[1]: Starting Load Kernel Module configfs...
         Starting [0;1;39mLoad Kernel Module configfs[0m...
[    5.861224] systemd[1]: Starting Load Kernel Module drm...
         Starting [0;1;39mLoad Kernel Module drm[0m...
[    5.871144] systemd[1]: Starting Load Kernel Module fuse...
         Starting [0;1;39mLoad Kernel Module fuse[0m...
[    5.881634] systemd[1]: Starting Read and set NIS domainname from /etc/sysconfig/network...
         Starting [0;1;39mRead and set NIS …from /etc/sysconfig/network[0m...
[    5.898605] systemd[1]: Starting Journal Service...
         Starting [0;1;39mJournal Service[0m...
[    5.913224] systemd[1]: Starting Load Kernel Modules...
         Starting [0;1;39mLoad Kernel Modules[0m...
[    5.925702] systemd[1]: Starting Generate network units from Kernel command line...
         Starting [0;1;39mGenerate network …ts from Kernel command line[0m...
[    5.945568] systemd[1]: Starting Remount Root and Kernel File Systems...
         Starting [0;1;39mRemount Root and Kernel File Systems[0m...
[    5.953701] systemd[1]: Repartition Root Disk was skipped because no trigger condition checks were met.
[    5.967418] systemd[1]: Starting Coldplug All udev Devices...
         Starting [0;1;39mColdplug All udev Devices[0m...
[    5.992921] systemd[1]: Mounted Huge Pages File System.
[[0;32m  OK  [0m] Mounted [0;1;39mHuge Pages File System[0m.
[    5.999863] systemd[1]: Mounted POSIX Message Queue File System.
[[0;32m  OK  [0m] Mounted [0;1;39mPOSIX Message Queue File System[0m.
[    6.003521] systemd[1]: Mounted Kernel Debug File System.
[[0;32m  OK  [0m] Mounted [0;1;39mKernel Debug File System[0m.
[    6.004784] systemd[1]: Mounted Kernel Trace File System.
[[0;32m  OK  [0m] Mounted [0;1;39mKernel Trace File System[0m.
[    6.007680] systemd[1]: Finished Monitoring of LVM2 mirrors, snapshots etc. using dmeventd or progress polling.
[[0;32m  OK  [0m] Finished [0;1;39mMonitoring of LVM… dmeventd or progress polling[0m.
[    6.010826] systemd[1]: modprobe@configfs.service: Deactivated successfully.
[    6.013271] systemd[1]: Finished Load Kernel Module configfs.
[[0;32m  OK  [0m] Finished [0;1;39mLoad Kernel Module configfs[0m.
[    6.015547] systemd[1]: modprobe@drm.service: Deactivated successfully.
[    6.016836] systemd[1]: Finished Load Kernel Module drm.
[[0;32m  OK  [0m] Finished [0;1;39mLoad Kernel Module drm[0m.
[    6.018838] systemd[1]: modprobe@fuse.service: Deactivated successfully.
[    6.020543] systemd[1]: Finished Load Kernel Module fuse.
[[0;32m  OK  [0m] Finished [0;1;39mLoad Kernel Module fuse[0m.
[    6.022820] systemd[1]: Finished Read and set NIS domainname from /etc/sysconfig/network.
[[0;32m  OK  [0m] Finished [0;1;39mRead and set NIS …e from /etc/sysconfig/network[0m.
[    6.024871] systemd[1]: systemd-modules-load.service: Main process exited, code=exited, status=1/FAILURE
[    6.026011] systemd[1]: systemd-modules-load.service: Failed with result 'exit-code'.
[    6.027513] systemd[1]: Failed to start Load Kernel Modules.
[[0;1;31mFAILED[0m] Failed to start [0;1;39mLoad Kernel Modules[0m.
See 'systemctl status systemd-modules-load.service' for details.
[    6.030122] systemd[1]: Finished Generate network units from Kernel command line.
[[0;32m  OK  [0m] Finished [0;1;39mGenerate network units from Kernel command line[0m.
[    6.033542] systemd[1]: Reached target Preparation for Network.
[[0;32m  OK  [0m] Reached target [0;1;39mPreparation for Network[0m.
[    6.035543] EXT4-fs (sda): re-mounted 088740a9-c8b4-422c-999d-a804eb68a4da r/w.
[    6.055174] systemd[1]: Mounting FUSE Control File System...
         Mounting [0;1;39mFUSE Control File System[0m...
[    6.065598] systemd[1]: Mounting Kernel Configuration File System...
         Mounting [0;1;39mKernel Configuration File System[0m...
[    6.082765] systemd[1]: Starting Apply Kernel Variables...
         Starting [0;1;39mApply Kernel Variables[0m...
[    6.091119] systemd[1]: Started Journal Service.
[[0;32m  OK  [0m] Started [0;1;39mJournal Service[0m.
[[0;32m  OK  [0m] Finished [0;1;39mRemount Root and Kernel File Systems[0m.
[[0;32m  OK  [0m] Mounted [0;1;39mKernel Configuration File System[0m.
[[0;32m  OK  [0m] Mounted [0;1;39mFUSE Control File System[0m.
         Starting [0;1;39mFlush Journal to Persistent Storage[0m...
         Starting [0;1;39mLoad/Save Random Seed[0m...
         Starting [0;1;39mCreate Static Device Nodes in /dev[0m...
         Starting [0;1;39mSetup Virtual Console[0m...
[    6.197266] systemd-journald[142]: Received client request to flush runtime journal.
[[0;32m  OK  [0m] Finished [0;1;39mApply Kernel Variables[0m.
[[0;32m  OK  [0m] Finished [0;1;39mFlush Journal to Persistent Storage[0m.
[[0;32m  OK  [0m] Finished [0;1;39mLoad/Save Random Seed[0m.
[[0;32m  OK  [0m] Finished [0;1;39mCreate Static Device Nodes in /dev[0m.
         Starting [0;1;39mRule-based Manage…for Device Events and Files[0m...
[[0;32m  OK  [0m] Started [0;1;39mRule-based Manager for Device Events and Files[0m.
[[0;32m  OK  [0m] Finished [0;1;39mColdplug All udev Devices[0m.
[[0;32m  OK  [0m] Finished [0;1;39mSetup Virtual Console[0m.
         Starting [0;1;39mAuto-connect to s…E devices found during boot[0m...
[[0;32m  OK  [0m] Started [0;1;39mDispatch Password …ts to Console Directory Watch[0m.
[[0;32m  OK  [0m] Reached target [0;1;39mLocal Encrypted Volumes[0m.
[[0;32m  OK  [0m] Reached target [0;1;39mPath Units[0m.
         Starting [0;1;39mWait for udev To …plete Device Initialization[0m...
[[0;32m  OK  [0m] Finished [0;1;39mAuto-connect to s…VME devices found during boot[0m.
[[0;32m  OK  [0m] Found device [0;1;39m/dev/ttyS0[0m.
[[0;32m  OK  [0m] Listening on [0;1;39mLoad/Save RF …itch Status /dev/rfkill Watch[0m.
[[0;32m  OK  [0m] Finished [0;1;39mWait for udev To Complete Device Initialization[0m.
[[0;32m  OK  [0m] Reached target [0;1;39mPreparation for Local File Systems[0m.
[[0;32m  OK  [0m] Reached target [0;1;39mLocal File Systems[0m.
         Starting [0;1;39mTell Plymouth To Write Out Runtime Data[0m...
         Starting [0;1;39mAutomatic Boot Loader Update[0m...
         Starting [0;1;39mCreate Volatile Files and Directories[0m...
[[0;32m  OK  [0m] Finished [0;1;39mTell Plymouth To Write Out Runtime Data[0m.
[[0;32m  OK  [0m] Finished [0;1;39mAutomatic Boot Loader Update[0m.
[[0;32m  OK  [0m] Finished [0;1;39mCreate Volatile Files and Directories[0m.
         Mounting [0;1;39mRPC Pipe File System[0m...
         Starting [0;1;39mSecurity Auditing Service[0m...
         Starting [0;1;39mRPC Bind[0m...
[[0;32m  OK  [0m] Mounted [0;1;39mRPC Pipe File System[0m.
[[0;32m  OK  [0m] Reached target [0;1;39mrpc_pipefs.target[0m.
[[0;32m  OK  [0m] Started [0;1;39mRPC Bind[0m.
[[0;32m  OK  [0m] Started [0;1;39mSecurity Auditing Service[0m.
         Starting [0;1;39mRecord System Boot/Shutdown in UTMP[0m...
[[0;32m  OK  [0m] Finished [0;1;39mRecord System Boot/Shutdown in UTMP[0m.
[[0;32m  OK  [0m] Reached target [0;1;39mSystem Initialization[0m.
[[0;32m  OK  [0m] Started [0;1;39mDaily rotation of log files[0m.
[[0;32m  OK  [0m] Started [0;1;39mUpdates mlocate database every day[0m.
[[0;32m  OK  [0m] Started [0;1;39mDaily Cleanup of Temporary Directories[0m.
[[0;32m  OK  [0m] Started [0;1;39mdaily update of the root trust anchor for DNSSEC[0m.
[[0;32m  OK  [0m] Reached target [0;1;39mTimer Units[0m.
[[0;32m  OK  [0m] Listening on [0;1;39mD-Bus System Message Bus Socket[0m.
[[0;32m  OK  [0m] Listening on [0;1;39mOpen-iSCSI iscsid Socket[0m.
[[0;32m  OK  [0m] Listening on [0;1;39mOpen-iSCSI iscsiuio Socket[0m.
[[0;32m  OK  [0m] Listening on [0;1;39mSSSD Kerberos…ache Manager responder socket[0m.
[[0;32m  OK  [0m] Listening on [0;1;39mLibvirt interface local socket[0m.
[[0;32m  OK  [0m] Listening on [0;1;39mVirtual machine lock manager socket[0m.
[[0;32m  OK  [0m] Listening on [0;1;39mVirtual machine log manager socket[0m.
[[0;32m  OK  [0m] Listening on [0;1;39mLibvirt network local socket[0m.
[[0;32m  OK  [0m] Listening on [0;1;39mLibvirt nodedev local socket[0m.
[[0;32m  OK  [0m] Listening on [0;1;39mLibvirt nwfilter local socket[0m.
[[0;32m  OK  [0m] Listening on [0;1;39mLibvirt proxy local socket[0m.
[[0;32m  OK  [0m] Listening on [0;1;39mLibvirt qemu local socket[0m.
[[0;32m  OK  [0m] Listening on [0;1;39mLibvirt qemu admin socket[0m.
[[0;32m  OK  [0m] Listening on [0;1;39mLibvirt qemu local read-only socket[0m.
[[0;32m  OK  [0m] Listening on [0;1;39mLibvirt secret local socket[0m.
[[0;32m  OK  [0m] Listening on [0;1;39mLibvirt storage local socket[0m.
[[0;32m  OK  [0m] Reached target [0;1;39mSocket Units[0m.
         Starting [0;1;39mD-Bus System Message Bus[0m...
[[0;32m  OK  [0m] Started [0;1;39mD-Bus System Message Bus[0m.
[[0;32m  OK  [0m] Reached target [0;1;39mBasic System[0m.
         Starting [0;1;39mNetwork Manager[0m...
         Starting [0;1;39mNTP client/server[0m...
         Starting [0;1;39mRestore /run/initramfs on shutdown[0m...
[[0;32m  OK  [0m] Started [0;1;39mirqbalance daemon[0m.
[[0;32m  OK  [0m] Started [0;1;39mlibstoragemgmt plug-in server daemon[0m.
[[0;32m  OK  [0m] Started [0;1;39mMachine Check Exception Logging Daemon[0m.
[[0;32m  OK  [0m] Reached target [0;1;39msshd-keygen.target[0m.
[[0;32m  OK  [0m] Reached target [0;1;39mUser and Group Name Lookups[0m.
         Starting [0;1;39mUser Login Management[0m...
         Starting [0;1;39mVirtual Machine a…tainer Registration Service[0m...
         Starting [0;1;39mupdate of the roo…NSSEC validation in unbound[0m...
         Starting [0;1;39mRotate log files[0m...
[[0;32m  OK  [0m] Started [0;1;39mUpdate a database for mlocate[0m.
[[0;32m  OK  [0m] Finished [0;1;39mRestore /run/initramfs on shutdown[0m.
[[0;32m  OK  [0m] Started [0;1;39mVirtual Machine an…ontainer Registration Service[0m.
         Starting [0;1;39mHostname Service[0m...
[[0;32m  OK  [0m] Started [0;1;39mNTP client/server[0m.
[[0;32m  OK  [0m] Finished [0;1;39mupdate of the roo… DNSSEC validation in unbound[0m.
[[0;32m  OK  [0m] Started [0;1;39mUser Login Management[0m.
[[0;32m  OK  [0m] Started [0;1;39mHostname Service[0m.
         Starting [0;1;39mNetwork Manager Script Dispatcher Service[0m...
[[0;32m  OK  [0m] Finished [0;1;39mRotate log files[0m.
[[0;32m  OK  [0m] Started [0;1;39mNetwork Manager Script Dispatcher Service[0m.
[    9.555284] e1000: eth0 NIC Link is Up 1000 Mbps Full Duplex, Flow Control: RX
[[0;32m  OK  [0m] Started [0;1;39mNetwork Manager[0m.
[[0;32m  OK  [0m] Reached target [0;1;39mNetwork[0m.
[[0;32m  OK  [0m] Reached target [0;1;39mNetwork is Online[0m.
         Starting [0;1;39mGSSAPI Proxy Daemon[0m...
         Starting [0;1;39mNotify NFS peers of a restart[0m...
         Starting [0;1;39mSystem Logging Service[0m...
         Starting [0;1;39mOpenSSH server daemon[0m...
         Starting [0;1;39mDynamic System Tuning Daemon[0m...
[[0;32m  OK  [0m] Started [0;1;39mNotify NFS peers of a restart[0m.
[[0;32m  OK  [0m] Started [0;1;39mGSSAPI Proxy Daemon[0m.
[[0;32m  OK  [0m] Started [0;1;39mOpenSSH server daemon[0m.
[[0;32m  OK  [0m] Reached target [0;1;39mNFS client services[0m.
[[0;32m  OK  [0m] Reached target [0;1;39mPreparation for Remote File Systems[0m.
[[0;32m  OK  [0m] Reached target [0;1;39mRemote File Systems[0m.
         Starting [0;1;39mPermit User Sessions[0m...
         Starting [0;1;39mVirtualization qemu daemon[0m...
[[0;32m  OK  [0m] Finished [0;1;39mPermit User Sessions[0m.
[[0;32m  OK  [0m] Started [0;1;39mDeferred execution scheduler[0m.
[[0;32m  OK  [0m] Started [0;1;39mCommand Scheduler[0m.
         Starting [0;1;39mHold until boot process finishes up[0m...
         Starting [0;1;39mTerminate Plymouth Boot Screen[0m...
[[0;32m  OK  [0m] Started [0;1;39mSystem Logging Service[0m.
[[0;32m  OK  [0m] Finished [0;1;39mHold until boot process finishes up[0m.
[[0;32m  OK  [0m] Started [0;1;39mGetty on tty1[0m.
[[0;32m  OK  [0m] Started [0;1;39mSerial Getty on ttyS0[0m.
[[0;32m  OK  [0m] Reached target [0;1;39mLogin Prompts[0m.
[[0;32m  OK  [0m] Finished [0;1;39mTerminate Plymouth Boot Screen[0m.
[[0;32m  OK  [0m] Started [0;1;39mVirtualization qemu daemon[0m.
         Starting [0;1;39mAuthorization Manager[0m...
[[0;32m  OK  [0m] Started [0;1;39mAuthorization Manager[0m.
[[0;32m  OK  [0m] Started [0;1;39mDynamic System Tuning Daemon[0m.
[[0;32m  OK  [0m] Reached target [0;1;39mMulti-User System[0m.
         Starting [0;1;39mRecord Runlevel Change in UTMP[0m...
[[0;32m  OK  [0m] Finished [0;1;39mRecord Runlevel Change in UTMP[0m.

CentOS Stream 9
Kernel 6.18.0-rc1-39be21386d14+ on an x86_64

Activate the web console with: systemctl enable --now cockpit.socket

test login: [   18.672087] loop0: detected capacity change from 0 to 32768
[   18.703836] XFS (loop0): Mounting V5 Filesystem bfdc47fc-10d8-4eed-a562-11a831b3f791
[   18.743409] loop4: detected capacity change from 0 to 32768
[   18.759830] XFS (loop0): Ending clean mount
[   18.763895] XFS (loop4): Mounting V5 Filesystem bfdc47fc-10d8-4eed-a562-11a831b3f791
[   18.766892] XFS (loop0): Quotacheck needed: Please wait.
[   18.788206] XFS (loop4): Ending clean mount
[   18.789016] XFS (loop4): Quotacheck needed: Please wait.
[   18.789498] XFS (loop0): Quotacheck: Done.
[   18.837153] XFS (loop4): Quotacheck: Done.
[   18.925359] loop5: detected capacity change from 0 to 32768
[   18.957048] loop7: detected capacity change from 0 to 32768
[   18.963795] XFS (loop5): Mounting V5 Filesystem bfdc47fc-10d8-4eed-a562-11a831b3f791
[   18.995278] XFS (loop5): Ending clean mount
[   18.996132] XFS (loop5): Quotacheck needed: Please wait.
[   19.003090] loop6: detected capacity change from 0 to 32768
[   19.004942] XFS (loop5): Quotacheck: Done.
[   19.008371] XFS (loop7): Mounting V5 Filesystem bfdc47fc-10d8-4eed-a562-11a831b3f791
[   19.051624] XFS (loop6): Mounting V5 Filesystem bfdc47fc-10d8-4eed-a562-11a831b3f791
[   19.107823] XFS (loop7): Ending clean mount
[   19.108608] XFS (loop7): Quotacheck needed: Please wait.
[   19.113181] XFS (loop7): Quotacheck: Done.
[   19.190452] loop3: detected capacity change from 0 to 32768
[   19.212516] loop2: detected capacity change from 0 to 32768
[   19.243209] XFS (loop6): Ending clean mount
[   19.244037] XFS (loop6): Quotacheck needed: Please wait.
[   19.252070] XFS (loop2): Mounting V5 Filesystem bfdc47fc-10d8-4eed-a562-11a831b3f791
[   19.260812] XFS (loop3): Mounting V5 Filesystem bfdc47fc-10d8-4eed-a562-11a831b3f791
[   19.261974] XFS (loop6): Quotacheck: Done.
[   19.308000] XFS (loop3): Ending clean mount
[   19.311870] XFS (loop3): Quotacheck needed: Please wait.
[   19.320938] XFS (loop2): Ending clean mount
[   19.321288] XFS (loop3): Quotacheck: Done.
[   19.323129] XFS (loop2): Quotacheck needed: Please wait.
[   19.334332] XFS (loop2): Quotacheck: Done.
[   19.729370] repro: page allocation failure: order:0, mode:0x10cc0(GFP_KERNEL|__GFP_NORETRY), nodemask=(null),cpuset=/,mems_allowed=0
[   19.730071] CPU: 0 UID: 0 PID: 727 Comm: repro Not tainted 6.18.0-rc1-39be21386d14+ #1 PREEMPT(voluntary) 
[   19.730082] Hardware name: QEMU Standard PC (i440FX + PIIX, 1996), BIOS rel-1.16.0-0-gd239552ce722-prebuilt.qemu.org 04/01/2014
[   19.730089] Call Trace:
[   19.730096]  <TASK>
[   19.730100]  dump_stack_lvl+0x121/0x150
[   19.730145]  dump_stack+0x19/0x20
[   19.730153]  warn_alloc+0x216/0x350
[   19.730172]  ? __pfx_warn_alloc+0x10/0x10
[   19.730186]  ? __pfx___alloc_pages_direct_compact+0x10/0x10
[   19.730193]  ? __drain_all_pages+0x27d/0x480
[   19.730211]  __alloc_pages_slowpath.constprop.0+0x1356/0x2270
[   19.730225]  ? filelayout_pg_test+0x2f4/0x310
[   19.730248]  ? __pfx___alloc_pages_slowpath.constprop.0+0x10/0x10
[   19.730256]  ? lock_is_held_type+0xef/0x150
[   19.730277]  ? lock_release+0x14f/0x2c0
[   19.730301]  __alloc_frozen_pages_noprof+0x5da/0x6e0
[   19.730308]  ? asm_sysvec_apic_timer_interrupt+0x1f/0x30
[   19.730323]  ? __pfx___alloc_frozen_pages_noprof+0x10/0x10
[   19.730334]  ? __sanitizer_cov_trace_switch+0x58/0xa0
[   19.730353]  ? policy_nodemask+0xf9/0x450
[   19.730368]  alloc_pages_mpol+0x236/0x4c0
[   19.730379]  ? __pfx_alloc_pages_mpol+0x10/0x10
[   19.730388]  ? asm_common_interrupt+0x2b/0x40
[   19.730400]  alloc_frozen_pages_noprof+0xa9/0x180
[   19.730413]  alloc_pages_noprof+0x27/0xa0
[   19.730422]  kimage_alloc_pages+0x78/0x240
[   19.730435]  kimage_alloc_control_pages+0x1ca/0xa60
[   19.730451]  ? __pfx_kimage_alloc_control_pages+0x10/0x10
[   19.730458]  ? __sanitizer_cov_trace_cmp8+0x1c/0x30
[   19.730475]  do_kexec_load+0x39b/0x8c0
[   19.730482]  ? __might_fault+0xf1/0x1b0
[   19.730494]  ? __pfx_do_kexec_load+0x10/0x10
[   19.730503]  ? __sanitizer_cov_trace_const_cmp8+0x1c/0x30
[   19.730513]  ? _copy_from_user+0x75/0xa0
[   19.730535]  __x64_sys_kexec_load+0x1cc/0x240
[   19.730549]  x64_sys_call+0x1c84/0x2190
[   19.730559]  do_syscall_64+0x6d/0x450
[   19.730571]  entry_SYSCALL_64_after_hwframe+0x76/0x7e
[   19.730577] RIP: 0033:0x7f5e4ce3ee5d
[   19.730592] Code: ff c3 66 2e 0f 1f 84 00 00 00 00 00 90 f3 0f 1e fa 48 89 f8 48 89 f7 48 89 d6 48 89 ca 4d 89 c2 4d 89 c8 4c 8b 4c 24 08 0f 05 <48> 3d 01 f0 ff ff 73 01 c3 48 8b 0d 93 af 1b 00 f7 d8 64 89 01 48
[   19.730599] RSP: 002b:00007ffda22e1568 EFLAGS: 00000207 ORIG_RAX: 00000000000000f6
[   19.730610] RAX: ffffffffffffffda RBX: 0000000000000000 RCX: 00007f5e4ce3ee5d
[   19.730614] RDX: 0000200000000180 RSI: 0000000000000003 RDI: 0000000000000000
[   19.730618] RBP: 00007ffda22e1580 R08: 00007ffda22e0ff0 R09: 00007ffda22e1580
[   19.730622] R10: 0000000000000000 R11: 0000000000000207 R12: 00007ffda22e16d8
[   19.730626] R13: 00000000004030f5 R14: 000000000040ee08 R15: 00007f5e4d16c000
[   19.730641]  </TASK>
[   19.730644] Mem-Info:
[   19.744171] active_anon:4558 inactive_anon:41930 isolated_anon:0
[   19.744171]  active_file:21105 inactive_file:30248 isolated_file:28
[   19.744171]  unevictable:0 dirty:282 writeback:21
[   19.744171]  slab_reclaimable:16597 slab_unreclaimable:24485
[   19.744171]  mapped:13818 shmem:30026 pagetables:1087
[   19.744171]  sec_pagetables:0 bounce:0
[   19.744171]  kernel_misc_reclaimable:0
[   19.744171]  free:17521 free_pcp:122 free_cma:0
[   19.746172] Node 0 active_anon:18232kB inactive_anon:167720kB active_file:85260kB inactive_file:120312kB unevictable:0kB isolated(anon):0kB isolated(file):0kB mapped:55272kB dirty:1128kB writeback:84kB shmem:120104kB shmem_thp:0kB shmem_pmdmapped:0kB anon_thp:0kB kernel_stack:7840kB pagetables:4348kB sec_pagetables:0kB all_unreclaimable? no Balloon:0kB
[   19.747768] Node 0 DMA free:6516kB boost:0kB min:444kB low:552kB high:660kB reserved_highatomic:0KB free_highatomic:0KB active_anon:0kB inactive_anon:56kB active_file:0kB inactive_file:0kB unevictable:0kB writepending:0kB zspages:0kB present:15992kB managed:15360kB mlocked:0kB bounce:0kB free_pcp:0kB local_pcp:0kB free_cma:0kB
[   19.749225] lowmem_reserve[]: 0 1522 1522 1522 1522
[   19.749506] Node 0 DMA32 free:63400kB boost:18432kB min:63040kB low:74192kB high:85344kB reserved_highatomic:0KB free_highatomic:0KB active_anon:18232kB inactive_anon:167636kB active_file:85596kB inactive_file:119560kB unevictable:0kB writepending:1128kB zspages:0kB present:2080640kB managed:1559432kB mlocked:0kB bounce:0kB free_pcp:1096kB local_pcp:0kB free_cma:0kB
[   19.751178] lowmem_reserve[]: 0 0 0 0 0
[   19.751403] Node 0 DMA: 0*4kB 1*8kB (M) 1*16kB (U) 0*32kB 2*64kB (UM) 2*128kB (UM) 2*256kB (UM) 1*512kB (M) 1*1024kB (M) 0*2048kB 1*4096kB (M) = 6552kB
[   19.752168] Node 0 DMA32: 735*4kB (ME) 349*8kB (UME) 187*16kB (UME) 144*32kB (UME) 97*64kB (ME) 65*128kB (UME) 50*256kB (UME) 29*512kB (UME) 9*1024kB (UM) 0*2048kB 0*4096kB = 64724kB
[   19.753070] Node 0 hugepages_total=0 hugepages_free=0 hugepages_surp=0 hugepages_size=1048576kB
[   19.753522] Node 0 hugepages_total=0 hugepages_free=0 hugepages_surp=0 hugepages_size=2048kB
[   19.753963] 81096 total pagecache pages
[   19.754174] 0 pages in swap cache
[   19.754360] Free swap  = 0kB
[   19.754522] Total swap = 0kB
[   19.754687] 524158 pages RAM
[   19.754853] 0 pages HighMem/MovableOnly
[   19.755102] 130460 pages reserved
[   19.755285] 0 pages cma reserved
[   19.755463] 0 pages hwpoisoned
[   19.815967] kexec: Could not allocate control_code_buffer
[   20.169195] loop1: detected capacity change from 0 to 32768
[   20.227846] XFS (loop1): Mounting V5 Filesystem bfdc47fc-10d8-4eed-a562-11a831b3f791
[   20.441003] XFS (loop1): Ending clean mount
[   20.441830] XFS (loop1): Quotacheck needed: Please wait.
[   20.457643] XFS (loop1): Quotacheck: Done.
[   20.745718] kexec: Could not allocate control_code_buffer
[   21.892524] kexec: Could not allocate control_code_buffer
[   21.931809] 
[   21.931960] ======================================================
[   21.932504] WARNING: possible circular locking dependency detected
[   21.932865] 6.18.0-rc1-39be21386d14+ #1 Not tainted
[   21.933172] ------------------------------------------------------
[   21.933488] kswapd0/59 is trying to acquire lock:
[   21.933745] ffff888029c6bd18 (&xfs_nondir_ilock_class){++++}-{4:4}, at: xfs_ilock+0x338/0x3c0
[   21.934227] 
[   21.934227] but task is already holding lock:
[   21.934528] ffffffff8783fdc0 (fs_reclaim){+.+.}-{0:0}, at: balance_pgdat+0xb7e/0x1580
[   21.934984] 
[   21.934984] which lock already depends on the new lock.
[   21.934984] 
[   21.935397] 
[   21.935397] the existing dependency chain (in reverse order) is:
[   21.935780] 
[   21.935780] -> #1 (fs_reclaim){+.+.}-{0:0}:
[   21.936070]        fs_reclaim_acquire+0x116/0x160
[   21.936328]        __kmalloc_cache_noprof+0x53/0x840
[   21.936605]        iomap_fill_dirty_folios+0x118/0x2c0
[   21.936890]        xfs_buffered_write_iomap_begin+0xef0/0x18c0
[   21.937208]        iomap_iter+0x551/0xfd0
[   21.937426]        iomap_zero_range+0x20b/0xac0
[   21.937671]        xfs_zero_range+0xb5/0x100
[   21.937913]        xfs_reflink_remap_prep+0x3d3/0xac0
[   21.938185]        xfs_file_remap_range+0x23c/0xe20
[   21.938448]        vfs_clone_file_range+0x2b1/0xda0
[   21.938722]        ioctl_file_clone+0x6e/0x110
[   21.938980]        do_vfs_ioctl+0xcab/0x14d0
[   21.939218]        __x64_sys_ioctl+0x127/0x220
[   21.939461]        x64_sys_call+0x1274/0x2190
[   21.939699]        do_syscall_64+0x6d/0x450
[   21.939931]        entry_SYSCALL_64_after_hwframe+0x76/0x7e
[   21.940223] 
[   21.940223] -> #0 (&xfs_nondir_ilock_class){++++}-{4:4}:
[   21.940583]        __lock_acquire+0x1509/0x22a0
[   21.940838]        lock_acquire+0x170/0x310
[   21.941069]        down_write_nested+0x9a/0x210
[   21.941314]        xfs_ilock+0x338/0x3c0
[   21.941528]        xfs_icwalk_ag+0xaec/0x1b80
[   21.941768]        xfs_icwalk+0x56/0xc0
[   21.941978]        xfs_reclaim_inodes_nr+0x1d3/0x2d0
[   21.942241]        xfs_fs_free_cached_objects+0x6a/0x90
[   21.942517]        super_cache_scan+0x415/0x570
[   21.942767]        do_shrink_slab+0x408/0x1080
[   21.943031]        shrink_slab+0x348/0x12f0
[   21.943259]        shrink_node+0xba6/0x28c0
[   21.943486]        balance_pgdat+0xa2d/0x1580
[   21.943725]        kswapd+0x5b9/0xb00
[   21.943962]        kthread+0x464/0x980
[   21.944176]        ret_from_fork+0x3fb/0x560
[   21.944420]        ret_from_fork_asm+0x1a/0x30
[   21.944661] 
[   21.944661] other info that might help us debug this:
[   21.944661] 
[   21.945077]  Possible unsafe locking scenario:
[   21.945077] 
[   21.945385]        CPU0                    CPU1
[   21.945628]        ----                    ----
[   21.945871]   lock(fs_reclaim);
[   21.946056]                                lock(&xfs_nondir_ilock_class);
[   21.946406]                                lock(fs_reclaim);
[   21.946713]   lock(&xfs_nondir_ilock_class);
[   21.946950] 
[   21.946950]  *** DEADLOCK ***
[   21.946950] 
[   21.947257] 2 locks held by kswapd0/59:
[   21.947463]  #0: ffffffff8783fdc0 (fs_reclaim){+.+.}-{0:0}, at: balance_pgdat+0xb7e/0x1580
[   21.947906]  #1: ffff888010c7c0e0 (&type->s_umount_key#53){.+.+}-{4:4}, at: super_cache_scan+0x9f/0x570
[   21.948409] 
[   21.948409] stack backtrace:
[   21.948650] CPU: 1 UID: 0 PID: 59 Comm: kswapd0 Not tainted 6.18.0-rc1-39be21386d14+ #1 PREEMPT(voluntary) 
[   21.948659] Hardware name: QEMU Standard PC (i440FX + PIIX, 1996), BIOS rel-1.16.0-0-gd239552ce722-prebuilt.qemu.org 04/01/2014
[   21.948665] Call Trace:
[   21.948668]  <TASK>
[   21.948673]  dump_stack_lvl+0xea/0x150
[   21.948685]  dump_stack+0x19/0x20
[   21.948694]  print_circular_bug+0x283/0x350
[   21.948707]  check_noncircular+0x12f/0x150
[   21.948717]  ? super_cache_scan+0x415/0x570
[   21.948725]  ? shrink_slab+0x348/0x12f0
[   21.948738]  __lock_acquire+0x1509/0x22a0
[   21.948749]  ? check_path.constprop.0+0x28/0x50
[   21.948762]  lock_acquire+0x170/0x310
[   21.948776]  ? xfs_ilock+0x338/0x3c0
[   21.948792]  down_write_nested+0x9a/0x210
[   21.948799]  ? xfs_ilock+0x338/0x3c0
[   21.948810]  ? __pfx_down_write_nested+0x10/0x10
[   21.948817]  ? xfs_icwalk_ag+0xadf/0x1b80
[   21.948825]  ? xfs_icwalk_ag+0xaec/0x1b80
[   21.948833]  ? xfs_icwalk_ag+0xaec/0x1b80
[   21.948840]  xfs_ilock+0x338/0x3c0
[   21.948852]  xfs_icwalk_ag+0xaec/0x1b80
[   21.948864]  ? __pfx_xfs_icwalk_ag+0x10/0x10
[   21.948875]  ? __pfx_xa_find+0x10/0x10
[   21.948889]  ? xfs_group_grab_next_mark+0x26a/0x540
[   21.948911]  ? __this_cpu_preempt_check+0x21/0x30
[   21.948924]  ? lock_release+0x14f/0x2c0
[   21.948937]  ? xfs_group_grab_next_mark+0x274/0x540
[   21.948950]  ? __pfx_xfs_group_grab_next_mark+0x10/0x10
[   21.948964]  ? __pfx_try_to_wake_up+0x10/0x10
[   21.948979]  ? lock_release+0x14f/0x2c0
[   21.948992]  xfs_icwalk+0x56/0xc0
[   21.949000]  xfs_reclaim_inodes_nr+0x1d3/0x2d0
[   21.949008]  ? __pfx_xfs_reclaim_inodes_nr+0x10/0x10
[   21.949017]  ? __this_cpu_preempt_check+0x21/0x30
[   21.949029]  ? __pfx_prune_icache_sb+0x10/0x10
[   21.949044]  xfs_fs_free_cached_objects+0x6a/0x90
[   21.949053]  super_cache_scan+0x415/0x570
[   21.949063]  do_shrink_slab+0x408/0x1080
[   21.949077]  shrink_slab+0x348/0x12f0
[   21.949091]  ? shrink_slab+0x160/0x12f0
[   21.949103]  ? __pfx_shrink_slab+0x10/0x10
[   21.949120]  shrink_node+0xba6/0x28c0
[   21.949136]  ? __pfx_shrink_node+0x10/0x10
[   21.949145]  ? preempt_schedule_common+0x49/0xd0
[   21.949161]  balance_pgdat+0xa2d/0x1580
[   21.949173]  ? __pfx_balance_pgdat+0x10/0x10
[   21.949193]  kswapd+0x5b9/0xb00
[   21.949205]  ? __pfx_kswapd+0x10/0x10
[   21.949214]  ? local_clock_noinstr+0x80/0xd0
[   21.949225]  ? __pfx_autoremove_wake_function+0x10/0x10
[   21.949240]  ? __sanitizer_cov_trace_const_cmp1+0x1e/0x30
[   21.949254]  ? __kthread_parkme+0x1bc/0x260
[   21.949262]  ? __pfx_kswapd+0x10/0x10
[   21.949271]  ? __pfx_kswapd+0x10/0x10
[   21.949281]  kthread+0x464/0x980
[   21.949291]  ? __pfx_kthread+0x10/0x10
[   21.949301]  ? _raw_spin_unlock_irq+0x3c/0x60
[   21.949315]  ? __pfx_kthread+0x10/0x10
[   21.949325]  ret_from_fork+0x3fb/0x560
[   21.949337]  ? __pfx_kthread+0x10/0x10
[   21.949347]  ret_from_fork_asm+0x1a/0x30
[   21.949361]  </TASK>
[   22.518764] kexec: Could not allocate control_code_buffer
[   22.924798] kexec: Could not allocate control_code_buffer
[   23.821119] systemd-udevd invoked oom-killer: gfp_mask=0x140cca(GFP_HIGHUSER_MOVABLE|__GFP_COMP), order=0, oom_score_adj=0
[   23.821701] CPU: 1 UID: 0 PID: 744 Comm: systemd-udevd Not tainted 6.18.0-rc1-39be21386d14+ #1 PREEMPT(voluntary) 
[   23.821713] Hardware name: QEMU Standard PC (i440FX + PIIX, 1996), BIOS rel-1.16.0-0-gd239552ce722-prebuilt.qemu.org 04/01/2014
[   23.821719] Call Trace:
[   23.821723]  <TASK>
[   23.821726]  dump_stack_lvl+0x121/0x150
[   23.821747]  dump_stack+0x19/0x20
[   23.821756]  dump_header+0x10f/0x910
[   23.821770]  oom_kill_process+0x287/0xa40
[   23.821782]  out_of_memory+0x34c/0x1710
[   23.821792]  ? __pfx_out_of_memory+0x10/0x10
[   23.821803]  __alloc_pages_slowpath.constprop.0+0x1bc6/0x2270
[   23.821819]  ? __pfx___alloc_pages_slowpath.constprop.0+0x10/0x10
[   23.821830]  ? lock_release+0x1ea/0x2c0
[   23.821846]  __alloc_frozen_pages_noprof+0x5da/0x6e0
[   23.821853]  ? __sanitizer_cov_trace_const_cmp2+0x1c/0x30
[   23.821868]  ? alloc_pages_mpol+0x29c/0x4c0
[   23.821878]  ? __pfx___alloc_frozen_pages_noprof+0x10/0x10
[   23.821886]  ? __pfx_alloc_pages_mpol+0x10/0x10
[   23.821896]  ? __sanitizer_cov_trace_switch+0x58/0xa0
[   23.821910]  ? policy_nodemask+0xf9/0x450
[   23.821919]  alloc_pages_mpol+0x236/0x4c0
[   23.821933]  ? __pfx_alloc_pages_mpol+0x10/0x10
[   23.821945]  ? filemap_get_entry+0x1c0/0x360
[   23.821957]  alloc_frozen_pages_noprof+0xa9/0x180
[   23.821969]  folio_alloc_noprof+0x2d/0x120
[   23.821979]  filemap_alloc_folio_noprof+0x3e0/0x470
[   23.821992]  ? __pfx_filemap_get_entry+0x10/0x10
[   23.822001]  ? __pfx_filemap_alloc_folio_noprof+0x10/0x10
[   23.822014]  ? down_read+0x142/0x4d0
[   23.822024]  __filemap_get_folio+0x432/0x8c0
[   23.822034]  filemap_fault+0x1782/0x2cf0
[   23.822042]  ? ___slab_alloc+0x2d9/0x1710
[   23.822057]  ? __pfx_filemap_fault+0x10/0x10
[   23.822068]  ? rcu_read_unlock+0x31/0xc0
[   23.822077]  ? debug_smp_processor_id+0x20/0x30
[   23.822089]  ? rcu_is_watching+0x19/0xc0
[   23.822102]  __do_fault+0x115/0x870
[   23.822115]  do_fault+0xba6/0x1690
[   23.822128]  __handle_mm_fault+0x1a2a/0x2d70
[   23.822139]  ? __pfx___handle_mm_fault+0x10/0x10
[   23.822145]  ? lock_vma_under_rcu+0x192/0x550
[   23.822153]  ? debug_smp_processor_id+0x20/0x30
[   23.822165]  ? rcu_is_watching+0x19/0xc0
[   23.822172]  ? lock_release+0x1ea/0x2c0
[   23.822190]  handle_mm_fault+0x2de/0x920
[   23.822200]  do_user_addr_fault+0x526/0xfe0
[   23.822215]  ? rcu_is_watching+0x19/0xc0
[   23.822224]  exc_page_fault+0xc9/0x1d0
[   23.822235]  asm_exc_page_fault+0x2b/0x30
[   23.822243] RIP: 0033:0x7f90793a7027
[   23.822254] Code: f7 0f 8c fc 00 00 00 b8 01 00 00 00 0f 8f f1 00 00 00 48 85 d2 0f 84 08 01 00 00 80 3a 2f 0f 94 c2 48 85 c9 0f 84 19 01 00 00 <80> 39 2f b8 ff ff ff ff 0f 94 c1 38 d1 0f 87 c6 00 00 00 b8 01 00
[   23.822261] RSP: 002b:00007ffc6159b670 EFLAGS: 00010206
[   23.822269] RAX: 0000000000000001 RBX: 0000000000000000 RCX: 00007f90794cb072
[   23.822273] RDX: 000055eec34db100 RSI: 0000000000000001 RDI: 0000000000000001
[   23.822278] RBP: 00007ffc6159b8c0 R08: 0000000000000000 R09: 0000000000000000
[   23.822282] R10: 0000000000000008 R11: 00007f9078ffac80 R12: 0000000000000003
[   23.822287] R13: 0000000000000000 R14: 0000000000000006 R15: 000055eec35885a0
[   23.822297]  </TASK>
[   23.822327] Mem-Info:
[   23.837092] active_anon:5194 inactive_anon:51576 isolated_anon:0
[   23.837092]  active_file:199 inactive_file:492 isolated_file:27
[   23.837092]  unevictable:0 dirty:3 writeback:0
[   23.837092]  slab_reclaimable:4475 slab_unreclaimable:24493
[   23.837092]  mapped:502 shmem:40530 pagetables:1061
[   23.837092]  sec_pagetables:0 bounce:0
[   23.837092]  kernel_misc_reclaimable:0
[   23.837092]  free:69170 free_pcp:242 free_cma:0
[   23.838979] Node 0 active_anon:20776kB inactive_anon:206304kB active_file:796kB inactive_file:1968kB unevictable:0kB isolated(anon):0kB isolated(file):108kB mapped:2008kB dirty:12kB writeback:0kB shmem:162120kB shmem_thp:0kB shmem_pmdmapped:0kB anon_thp:0kB kernel_stack:7968kB pagetables:4244kB sec_pagetables:0kB all_unreclaimable? no Balloon:0kB
[   23.840488] Node 0 DMA free:14112kB boost:0kB min:444kB low:552kB high:660kB reserved_highatomic:0KB free_highatomic:0KB active_anon:0kB inactive_anon:452kB active_file:56kB inactive_file:8kB unevictable:0kB writepending:0kB zspages:0kB present:15992kB managed:15360kB mlocked:0kB bounce:0kB free_pcp:8kB local_pcp:0kB free_cma:0kB
[   23.841934] lowmem_reserve[]: 0 1522 1522 1522 1522
[   23.842205] Node 0 DMA32 free:375968kB boost:28672kB min:73280kB low:84432kB high:95584kB reserved_highatomic:0KB free_highatomic:0KB active_anon:20776kB inactive_anon:205880kB active_file:768kB inactive_file:1968kB unevictable:0kB writepending:12kB zspages:0kB present:2080640kB managed:1559432kB mlocked:0kB bounce:0kB free_pcp:316kB local_pcp:0kB free_cma:0kB
[   23.843816] lowmem_reserve[]: 0 0 0 0 0
[   23.844033] Node 0 DMA: 3*4kB (UM) 8*8kB (UM) 9*16kB (UM) 12*32kB (UM) 6*64kB (UM) 7*128kB (UM) 4*256kB (UM) 6*512kB (UM) 4*1024kB (UM) 2*2048kB (U) 0*4096kB = 14172kB
[   23.844827] Node 0 DMA32: 2190*4kB (UM) 995*8kB (UME) 871*16kB (UME) 606*32kB (UME) 338*64kB (UME) 139*128kB (UME) 71*256kB (UM) 31*512kB (U) 19*1024kB (U) 10*2048kB (U) 65*4096kB (U) = 429696kB
[   23.845734] Node 0 hugepages_total=0 hugepages_free=0 hugepages_surp=0 hugepages_size=1048576kB
[   23.846172] Node 0 hugepages_total=0 hugepages_free=0 hugepages_surp=0 hugepages_size=2048kB
[   23.846595] 41213 total pagecache pages
[   23.846804] 0 pages in swap cache
[   23.846991] Free swap  = 0kB
[   23.847149] Total swap = 0kB
[   23.847306] 524158 pages RAM
[   23.847463] 0 pages HighMem/MovableOnly
[   23.847669] 130460 pages reserved
[   23.847848] 0 pages cma reserved
[   23.848035] 0 pages hwpoisoned
[   23.848201] Tasks state (memory values in pages):
[   23.848445] [  pid  ]   uid  tgid total_vm      rss rss_anon rss_file rss_shmem pgtables_bytes swapents oom_score_adj name
[   23.849013] [    142]     0   142     5474      513      224      129       160    77824        0          -250 systemd-journal
[   23.849587] [    164]     0   164     7810      765      640      125         0    81920        0         -1000 systemd-udevd
[   23.850170] [    234]    32   234     3314      298      192      106         0    65536        0             0 rpcbind
[   23.850700] [    235]     0   235    22975      232      161       71         0    73728        0         -1000 auditd
[   23.851253] [    237]     0   237     1947      140       64       76         0    53248        0             0 sedispatch
[   23.851810] [    258]    81   258     2731      283      192       91         0    65536        0          -900 dbus-broker-lau
[   23.852385] [    259]    81   259     1316      224      149       75         0    53248        0          -900 dbus-broker
[   23.852941] [    260]     0   260    64502      972      864      108         0   143360        0             0 NetworkManager
[   23.853511] [    263]     0   263    19783      126       32       94         0    57344        0             0 irqbalance
[   23.854060] [    264]   992   264      678      147       32      115         0    40960        0             0 lsmd
[   23.854586] [    265]     0   265      700      131       32       99         0    40960        0             0 mcelog
[   23.855130] [    267]     0   267     4645      380      256      124         0    77824        0             0 systemd-logind
[   23.855693] [    268]     0   268     4496      318      224       94         0    77824        0             0 systemd-machine
[   23.856263] [    275]   985   275    21097      220      131       89         0    73728        0             0 chronyd
[   23.856802] [    278]     0   278     4419      347      224      123         0    77824        0             0 systemd-hostnam
[   23.857370] [    305]     0   305    39958      482      224      109       149    77824        0             0 rsyslogd
[   23.857911] [    306]     0   306     3951      458      320      138         0    69632        0         -1000 sshd
[   23.858434] [    307]     0   307    66148     3534     3418      116         0   159744        0             0 tuned
[   23.858970] [    308]     0   308    13748      281      187       94         0    94208        0             0 gssproxy
[   23.859506] [    320]     0   320   292079      664      576       88         0   258048        0             0 virtqemud
[   23.860051] [    325]     0   325     1169      130       32       98         0    49152        0             0 atd
[   23.860571] [    327]     0   327     2139      276      192       84         0    57344        0             0 crond
[   23.861097] [    340]     0   340      763      115       32       83         0    49152        0             0 agetty
[   23.861627] [    341]     0   341     1405      117       32       85         0    53248        0             0 agetty
[   23.862168] [    548]   998   548   644241     1160     1047      113         0   212992        0             0 polkitd
[   23.862707] [    592]     0   592     5110      585      448      137         0    90112        0           100 systemd
[   23.863259] [    593]     0   593    26430     1080      976      104         0    90112        0           100 (sd-pam)
[   23.863803] [    696]     0   696     4797      553      448      105         0    81920        0             0 sshd
[   23.864327] [    698]     0   698     4797      570      479       91         0    81920        0             0 sshd
[   23.864890] [    699]     0   699     1782      144       64       80         0    61440        0             0 repro.sh
[   23.865432] [    724]     0   724     4736       68        0       68         0    40960        0             0 repro
[   23.865977] [    725]     0   725     4736       74        0       74         0    40960        0             0 repro
[   23.866516] [    726]     0   726     4736       74        0       74         0    40960        0             0 repro
[   23.867088] [    729]     0   729     4736       74        0       74         0    40960        0             0 repro
[   23.867648] [    730]     0   730     4736       74        0       74         0    40960        0             0 repro
[   23.868190] [    731]     0   731     4736       74        0       74         0    40960        0             0 repro
[   23.868729] [    735]     0   735     4736       74        0       74         0    40960        0             0 repro
[   23.869272] [    736]     0   736     4736       74        0       74         0    40960        0             0 repro
[   23.869824] [    737]     0   737     4736       74        0       74         0    40960        0             0 repro
[   23.870367] [    738]     0   738     7885      799      705       94         0    73728        0             0 systemd-udevd
[   23.870958] [    742]     0   742     7810      760      646      114         0    73728        0             0 systemd-udevd
[   23.871534] [    743]     0   743     7810      760      646      114         0    73728        0             0 systemd-udevd
[   23.872111] [    744]     0   744     7885      831      705      126         0    73728        0             0 systemd-udevd
[   23.872704] [    866]     0   866     4736       88        0       88         0    53248        0          1000 repro
[   23.873248] [    878]     0   878    38528      696      576      120         0    86016        0          1000 repro
[   23.873796] [    880]     0   880     4736      149       29      120         0    53248        0          1000 repro
[   23.874338] [    881]     0   881    38528      664      544      120         0    77824        0          1000 repro
[   23.874890] [    882]     0   882    38528      664      544      120         0    73728        0          1000 repro
[   23.875434] [    883]     0   883    38528      664      544      120         0    65536        0          1000 repro
[   23.875980] [    884]     0   884    38528      632      512      120         0    61440        0          1000 repro
[   23.876562] [    885]     0   885     4736      152       32      120         0    53248        0          1000 repro
[   23.877107] oom-kill:constraint=CONSTRAINT_NONE,nodemask=(null),cpuset=/,mems_allowed=0,global_oom,task_memcg=/user.slice/user-0.slice/session-6.scope,task=repro,pid=878,uid=0
[   23.877957] Out of memory: Killed process 878 (repro) total-vm:154112kB, anon-rss:2304kB, file-rss:480kB, shmem-rss:0kB, UID:0 pgtables:84kB oom_score_adj:1000
[   23.881372] kexec: Could not allocate control_code_buffer
[   24.297059] kexec: Could not allocate control_code_buffer
[   24.676027] kexec: Could not allocate control_code_buffer
[   25.206462] kexec: Could not allocate control_code_buffer
[   25.466355] kexec: Could not allocate control_code_buffer
[   26.312542] kexec: Could not allocate control_code_buffer
[   26.990188] repro invoked oom-killer: gfp_mask=0x140dca(GFP_HIGHUSER_MOVABLE|__GFP_ZERO|__GFP_COMP), order=0, oom_score_adj=1000
[   26.990914] CPU: 1 UID: 0 PID: 940 Comm: repro Not tainted 6.18.0-rc1-39be21386d14+ #1 PREEMPT(voluntary) 
[   26.990925] Hardware name: QEMU Standard PC (i440FX + PIIX, 1996), BIOS rel-1.16.0-0-gd239552ce722-prebuilt.qemu.org 04/01/2014
[   26.990930] Call Trace:
[   26.990933]  <TASK>
[   26.990937]  dump_stack_lvl+0x121/0x150
[   26.990952]  dump_stack+0x19/0x20
[   26.990960]  dump_header+0x10f/0x910
[   26.990971]  oom_kill_process+0x287/0xa40
[   26.990980]  out_of_memory+0x34c/0x1710
[   26.990990]  ? __pfx_out_of_memory+0x10/0x10
[   26.991001]  __alloc_pages_slowpath.constprop.0+0x1bc6/0x2270
[   26.991017]  ? __pfx___alloc_pages_slowpath.constprop.0+0x10/0x10
[   26.991029]  ? lock_release+0x1ea/0x2c0
[   26.991045]  __alloc_frozen_pages_noprof+0x5da/0x6e0
[   26.991055]  ? __pfx___alloc_frozen_pages_noprof+0x10/0x10
[   26.991062]  ? __sanitizer_cov_trace_const_cmp4+0x1a/0x20
[   26.991076]  ? folios_put_refs+0x5fe/0x720
[   26.991088]  ? __sanitizer_cov_trace_switch+0x58/0xa0
[   26.991102]  ? policy_nodemask+0xf9/0x450
[   26.991113]  alloc_pages_mpol+0x236/0x4c0
[   26.991123]  ? __pfx_alloc_pages_mpol+0x10/0x10
[   26.991135]  ? __folio_batch_add_and_move+0x4bf/0xab0
[   26.991146]  folio_alloc_mpol_noprof+0x44/0x120
[   26.991157]  vma_alloc_folio_noprof+0x112/0x200
[   26.991168]  ? __pfx_vma_alloc_folio_noprof+0x10/0x10
[   26.991179]  ? lock_acquire+0x1b1/0x310
[   26.991193]  do_anonymous_page+0xa0a/0x1b30
[   26.991201]  ? debug_smp_processor_id+0x20/0x30
[   26.991214]  ? rcu_is_watching+0x19/0xc0
[   26.991255]  ? lock_release+0x1ea/0x2c0
[   26.991270]  __handle_mm_fault+0x1d96/0x2d70
[   26.991281]  ? __pfx___handle_mm_fault+0x10/0x10
[   26.991288]  ? lock_vma_under_rcu+0x192/0x550
[   26.991296]  ? debug_smp_processor_id+0x20/0x30
[   26.991308]  ? rcu_is_watching+0x19/0xc0
[   26.991316]  ? lock_release+0x1ea/0x2c0
[   26.991335]  handle_mm_fault+0x2de/0x920
[   26.991344]  do_user_addr_fault+0x526/0xfe0
[   26.991355]  ? rcu_is_watching+0x19/0xc0
[   26.991365]  exc_page_fault+0xc9/0x1d0
[   26.991377]  asm_exc_page_fault+0x2b/0x30
[   26.991385] RIP: 0033:0x401ca7
[   26.991392] Code: 48 8b 10 48 8b 45 d8 48 8b 40 10 8b 4d e4 48 29 c8 48 8d 0c 02 48 8b 45 d8 48 8b 10 48 8b 45 d8 48 8b 40 10 48 01 c2 0f b6 01 <88> 02 48 8b 45 d8 48 8b 40 10 48 8d 50 01 48 8b 45 d8 48 89 50 10
[   26.991400] RSP: 002b:00007ffda22e0bb0 EFLAGS: 00010206
[   26.991407] RAX: 00000000000000fe RBX: 0000000000000181 RCX: 00007f5e44bafe00
[   26.991412] RDX: 00007f5e44bb0000 RSI: 00000000000000ff RDI: 00007ffda22e11c0
[   26.991417] RBP: 00007ffda22e0bf0 R08: 00000000ffffffff R09: 0000000000000000
[   26.991421] R10: 00007f5e4ce07e00 R11: 00007f5e4ce29660 R12: 00007ffda22e16d8
[   26.991426] R13: 00000000004030f5 R14: 000000000040ee08 R15: 00007f5e4d16c000
[   26.991439]  </TASK>
[   26.991444] Mem-Info:
[   27.005184] active_anon:5194 inactive_anon:44937 isolated_anon:21
[   27.005184]  active_file:1180 inactive_file:630 isolated_file:78
[   27.005184]  unevictable:0 dirty:10 writeback:0
[   27.005184]  slab_reclaimable:4325 slab_unreclaimable:24430
[   27.005184]  mapped:1844 shmem:34103 pagetables:1031
[   27.005184]  sec_pagetables:0 bounce:0
[   27.005184]  kernel_misc_reclaimable:0
[   27.005184]  free:29432 free_pcp:179 free_cma:0
[   27.007141] Node 0 active_anon:20776kB inactive_anon:179748kB active_file:4720kB inactive_file:2520kB unevictable:0kB isolated(anon):84kB isolated(file):312kB mapped:7376kB dirty:40kB writeback:0kB shmem:136412kB shmem_thp:0kB shmem_pmdmapped:0kB anon_thp:0kB kernel_stack:7936kB pagetables:4124kB sec_pagetables:0kB all_unreclaimable? no Balloon:0kB
[   27.008679] Node 0 DMA free:7632kB boost:0kB min:444kB low:552kB high:660kB reserved_highatomic:0KB free_highatomic:0KB active_anon:0kB inactive_anon:88kB active_file:0kB inactive_file:0kB unevictable:0kB writepending:0kB zspages:0kB present:15992kB managed:15360kB mlocked:0kB bounce:0kB free_pcp:12kB local_pcp:0kB free_cma:0kB
[   27.010128] lowmem_reserve[]: 0 1522 1522 1522 1522
[   27.010402] Node 0 DMA32 free:160412kB boost:20480kB min:65088kB low:76240kB high:87392kB reserved_highatomic:0KB free_highatomic:0KB active_anon:20776kB inactive_anon:179664kB active_file:4720kB inactive_file:2520kB unevictable:0kB writepending:0kB zspages:0kB present:2080640kB managed:1559432kB mlocked:0kB bounce:0kB free_pcp:528kB local_pcp:0kB free_cma:0kB
[   27.012022] lowmem_reserve[]: 0 0 0 0 0
[   27.012243] Node 0 DMA: 4*4kB (UM) 6*8kB (UM) 5*16kB (UM) 11*32kB (UM) 6*64kB (UM) 6*128kB (U) 5*256kB (UM) 5*512kB (UM) 5*1024kB (UM) 2*2048kB (UM) 0*4096kB = 14704kB
[   27.013060] Node 0 DMA32: 2001*4kB (UM) 1417*8kB (UME) 757*16kB (UME) 443*32kB (UME) 219*64kB (UME) 77*128kB (UME) 36*256kB (UM) 21*512kB (UM) 11*1024kB (UM) 11*2048kB (U) 15*4096kB (U) = 184700kB
[   27.014023] Node 0 hugepages_total=0 hugepages_free=0 hugepages_surp=0 hugepages_size=1048576kB
[   27.014473] Node 0 hugepages_total=0 hugepages_free=0 hugepages_surp=0 hugepages_size=2048kB
[   27.014918] 35993 total pagecache pages
[   27.015123] 0 pages in swap cache
[   27.015304] Free swap  = 0kB
[   27.015483] Total swap = 0kB
[   27.015645] 524158 pages RAM
[   27.015810] 0 pages HighMem/MovableOnly
[   27.016020] 130460 pages reserved
[   27.016202] 0 pages cma reserved
[   27.016379] 0 pages hwpoisoned
[   27.016550] Tasks state (memory values in pages):
[   27.016803] [  pid  ]   uid  tgid total_vm      rss rss_anon rss_file rss_shmem pgtables_bytes swapents oom_score_adj name
[   27.017385] [    142]     0   142     5474      882      224      466       192    77824        0          -250 systemd-journal
[   27.017983] [    164]     0   164     7810     1241      640      601         0    81920        0         -1000 systemd-udevd
[   27.018563] [    234]    32   234     3314      202      192       10         0    65536        0             0 rpcbind
[   27.019133] [    235]     0   235    22975      200      161       39         0    73728        0         -1000 auditd
[   27.019690] [    237]     0   237     1947      108       64       44         0    53248        0             0 sedispatch
[   27.020267] [    258]    81   258     2731      219      192       27         0    65536        0          -900 dbus-broker-lau
[   27.020859] [    259]    81   259     1316      370      149      221         0    53248        0          -900 dbus-broker
[   27.021455] [    260]     0   260    64502      900      864       36         0   143360        0             0 NetworkManager
[   27.022043] [    263]     0   263    19783       62       32       30         0    57344        0             0 irqbalance
[   27.022613] [    264]   992   264      678       83       32       51         0    40960        0             0 lsmd
[   27.023168] [    265]     0   265      700       67       32       35         0    40960        0             0 mcelog
[   27.023717] [    267]     0   267     4645      620      256      364         0    77824        0             0 systemd-logind
[   27.024309] [    268]     0   268     4496      544      224      320         0    77824        0             0 systemd-machine
[   27.024898] [    275]   985   275    21097      155      131       24         0    73728        0             0 chronyd
[   27.025455] [    278]     0   278     4419      251      224       27         0    77824        0             0 systemd-hostnam
[   27.026045] [    305]     0   305    39958      793      224      420       149    77824        0             0 rsyslogd
[   27.026606] [    306]     0   306     3951      362      320       42         0    69632        0         -1000 sshd
[   27.027160] [    307]     0   307    66148     3895     3418      477         0   159744        0             0 tuned
[   27.027709] [    308]     0   308    13748      217      187       30         0    94208        0             0 gssproxy
[   27.028273] [    320]     0   320   292079      821      576      245         0   258048        0             0 virtqemud
[   27.028844] [    325]     0   325     1169       66       32       34         0    49152        0             0 atd
[   27.029383] [    327]     0   327     2139      212      192       20         0    57344        0             0 crond
[   27.029934] [    340]     0   340      763       51       32       19         0    49152        0             0 agetty
[   27.030492] [    341]     0   341     1405       53       32       21         0    53248        0             0 agetty
[   27.031056] [    548]   998   548   644241     1097     1047       50         0   212992        0             0 polkitd
[   27.031612] [    592]     0   592     5110     1062      448      614         0    90112        0           100 systemd
[   27.032174] [    593]     0   593    26430     1016      976       40         0    90112        0           100 (sd-pam)
[   27.032738] [    696]     0   696     4797      457      448        9         0    81920        0             0 sshd
[   27.033289] [    698]     0   698     4797      906      479      427         0    81920        0             0 sshd
[   27.033836] [    699]     0   699     1782       80       64       16         0    61440        0             0 repro.sh
[   27.034399] [    724]     0   724     4736       36        0       36         0    40960        0             0 repro
[   27.034976] [    725]     0   725     4736       99        0       99         0    40960        0             0 repro
[   27.035528] [    726]     0   726     4736       99        0       99         0    40960        0             0 repro
[   27.036083] [    729]     0   729     4736      143        0      143         0    40960        0             0 repro
[   27.036634] [    730]     0   730     4736      143        0      143         0    40960        0             0 repro
[   27.037181] [    731]     0   731     4736      143        0      143         0    40960        0             0 repro
[   27.037729] [    735]     0   735     4736       99        0       99         0    40960        0             0 repro
[   27.038275] [    736]     0   736     4736      132        0      132         0    40960        0             0 repro
[   27.038850] [    737]     0   737     4736      143        0      143         0    40960        0             0 repro
[   27.039410] [    738]     0   738     7885     1374      705      669         0    73728        0             0 systemd-udevd
[   27.039994] [    742]     0   742     7810      684      657       27         0    73728        0             0 systemd-udevd
[   27.040575] [    743]     0   743     7885     1337      689      648         0    73728        0             0 systemd-udevd
[   27.041162] [    744]     0   744     7885     1369      705      664         0    73728        0             0 systemd-udevd
[   27.041766] [    929]     0   929     4736      185        0      185         0    53248        0          1000 repro
[   27.042319] [    932]     0   932     4736      297       48      249         0    53248        0          1000 repro
[   27.042937] [    937]     0   937    38528      793      544      249         0    86016        0          1000 repro
[   27.043490] [    938]     0   938    38528      793      544      249         0    86016        0          1000 repro
[   27.044048] [    939]     0   939    38528      793      544      249         0    69632        0          1000 repro
[   27.044598] [    940]     0   940    38528      697      448      249         0    57344        0          1000 repro
[   27.045171] [    941]     0   941    38528      681      448      233         0    57344        0          1000 repro
[   27.045720] oom-kill:constraint=CONSTRAINT_NONE,nodemask=(null),cpuset=/,mems_allowed=0,global_oom,task_memcg=/user.slice/user-0.slice/session-6.scope,task=repro,pid=938,uid=0
[   27.046564] Out of memory: Killed process 938 (repro) total-vm:154112kB, anon-rss:2176kB, file-rss:996kB, shmem-rss:0kB, UID:0 pgtables:84kB oom_score_adj:1000
[   27.064815] kexec: Could not allocate control_code_buffer
[   27.883963] kexec: Could not allocate control_code_buffer
[   28.606725] kexec: Could not allocate control_code_buffer
[   29.461972] kexec: Could not allocate control_code_buffer
[   29.789721] warn_alloc: 14 callbacks suppressed
[   29.789732] repro: page allocation failure: order:0, mode:0x10cc0(GFP_KERNEL|__GFP_NORETRY), nodemask=(null),cpuset=/,mems_allowed=0
[   29.790627] CPU: 0 UID: 0 PID: 984 Comm: repro Not tainted 6.18.0-rc1-39be21386d14+ #1 PREEMPT(voluntary) 
[   29.790649] Hardware name: QEMU Standard PC (i440FX + PIIX, 1996), BIOS rel-1.16.0-0-gd239552ce722-prebuilt.qemu.org 04/01/2014
[   29.790654] Call Trace:
[   29.790657]  <TASK>
[   29.790661]  dump_stack_lvl+0x121/0x150
[   29.790677]  dump_stack+0x19/0x20
[   29.790684]  warn_alloc+0x216/0x350
[   29.790694]  ? __pfx_warn_alloc+0x10/0x10
[   29.790703]  ? __pfx___alloc_pages_direct_compact+0x10/0x10
[   29.790709]  ? __drain_all_pages+0x27d/0x480
[   29.790721]  __alloc_pages_slowpath.constprop.0+0x1356/0x2270
[   29.790732]  ? __pfx___alloc_pages_slowpath.constprop.0+0x10/0x10
[   29.790741]  ? debug_smp_processor_id+0x20/0x30
[   29.790751]  ? rcu_is_watching+0x19/0xc0
[   29.790760]  ? lock_release+0x1ea/0x2c0
[   29.790774]  __alloc_frozen_pages_noprof+0x5da/0x6e0
[   29.790781]  ? trace_hardirqs_on+0x51/0x60
[   29.790801]  ? irqentry_exit+0x3e/0xa0
[   29.790811]  ? __pfx___alloc_frozen_pages_noprof+0x10/0x10
[   29.790817]  ? debug_smp_processor_id+0x20/0x30
[   29.790827]  ? __sanitizer_cov_trace_switch+0x58/0xa0
[   29.790839]  ? policy_nodemask+0xf9/0x450
[   29.790848]  alloc_pages_mpol+0x236/0x4c0
[   29.790861]  ? __pfx_alloc_pages_mpol+0x10/0x10
[   29.790869]  ? alloc_frozen_pages_noprof+0xd7/0x180
[   29.790881]  ? write_comp_data+0x46/0xa0
[   29.790893]  alloc_frozen_pages_noprof+0xa9/0x180
[   29.790905]  alloc_pages_noprof+0x27/0xa0
[   29.790915]  kimage_alloc_pages+0x78/0x240
[   29.790925]  kimage_alloc_control_pages+0x1ca/0xa60
[   29.790937]  ? __pfx_kimage_alloc_control_pages+0x10/0x10
[   29.790948]  ? __sanitizer_cov_trace_cmp8+0x1c/0x30
[   29.790963]  do_kexec_load+0x39b/0x8c0
[   29.790972]  ? __might_fault+0xf1/0x1b0
[   29.790981]  ? __pfx_do_kexec_load+0x10/0x10
[   29.790991]  ? __sanitizer_cov_trace_const_cmp8+0x1c/0x30
[   29.791003]  ? _copy_from_user+0x75/0xa0
[   29.791017]  __x64_sys_kexec_load+0x1cc/0x240
[   29.791027]  x64_sys_call+0x1c84/0x2190
[   29.791037]  do_syscall_64+0x6d/0x450
[   29.791048]  entry_SYSCALL_64_after_hwframe+0x76/0x7e
[   29.791055] RIP: 0033:0x7f5e4ce3ee5d
[   29.791066] Code: ff c3 66 2e 0f 1f 84 00 00 00 00 00 90 f3 0f 1e fa 48 89 f8 48 89 f7 48 89 d6 48 89 ca 4d 89 c2 4d 89 c8 4c 8b 4c 24 08 0f 05 <48> 3d 01 f0 ff ff 73 01 c3 48 8b 0d 93 af 1b 00 f7 d8 64 89 01 48
[   29.791073] RSP: 002b:00007ffda22e1568 EFLAGS: 00000207 ORIG_RAX: 00000000000000f6
[   29.791080] RAX: ffffffffffffffda RBX: 0000000000000000 RCX: 00007f5e4ce3ee5d
[   29.791085] RDX: 0000200000000180 RSI: 0000000000000003 RDI: 0000000000000000
[   29.791090] RBP: 00007ffda22e1580 R08: 00007ffda22e0ff0 R09: 00007ffda22e1580
[   29.791094] R10: 0000000000000000 R11: 0000000000000207 R12: 00007ffda22e16d8
[   29.791099] R13: 00000000004030f5 R14: 000000000040ee08 R15: 00007f5e4d16c000
[   29.791110]  </TASK>
[   29.804446] Mem-Info:
[   29.804584] active_anon:5194 inactive_anon:51116 isolated_anon:0
[   29.804584]  active_file:270 inactive_file:628 isolated_file:0
[   29.804584]  unevictable:0 dirty:0 writeback:0
[   29.804584]  slab_reclaimable:4314 slab_unreclaimable:24258
[   29.804584]  mapped:1078 shmem:39049 pagetables:1067
[   29.804584]  sec_pagetables:0 bounce:0
[   29.804584]  kernel_misc_reclaimable:0
[   29.804584]  free:15433 free_pcp:12 free_cma:0
[   29.806462] Node 0 active_anon:20776kB inactive_anon:204464kB active_file:1080kB inactive_file:2512kB unevictable:0kB isolated(anon):0kB isolated(file):0kB mapped:4312kB dirty:0kB writeback:0kB shmem:156196kB shmem_thp:0kB shmem_pmdmapped:0kB anon_thp:0kB kernel_stack:7904kB pagetables:4268kB sec_pagetables:0kB all_unreclaimable? no Balloon:0kB
[   29.807968] Node 0 DMA free:6508kB boost:0kB min:444kB low:552kB high:660kB reserved_highatomic:0KB free_highatomic:0KB active_anon:0kB inactive_anon:16kB active_file:0kB inactive_file:0kB unevictable:0kB writepending:0kB zspages:0kB present:15992kB managed:15360kB mlocked:0kB bounce:0kB free_pcp:0kB local_pcp:0kB free_cma:0kB
[   29.809388] lowmem_reserve[]: 0 1522 1522 1522 1522
[   29.809662] Node 0 DMA32 free:55224kB boost:22528kB min:67136kB low:78288kB high:89440kB reserved_highatomic:0KB free_highatomic:0KB active_anon:20776kB inactive_anon:204460kB active_file:984kB inactive_file:2292kB unevictable:0kB writepending:0kB zspages:0kB present:2080640kB managed:1559432kB mlocked:0kB bounce:0kB free_pcp:288kB local_pcp:0kB free_cma:0kB
[   29.811250] lowmem_reserve[]: 0 0 0 0 0
[   29.811469] Node 0 DMA: 1*4kB (U) 1*8kB (U) 1*16kB (U) 1*32kB (U) 0*64kB 1*128kB (U) 1*256kB (U) 0*512kB 0*1024kB 1*2048kB (U) 1*4096kB (M) = 6588kB
[   29.812188] Node 0 DMA32: 140*4kB (UME) 710*8kB (UME) 551*16kB (UME) 394*32kB (UME) 153*64kB (UME) 69*128kB (UME) 23*256kB (UM) 4*512kB (UM) 1*1024kB (U) 0*2048kB 0*4096kB = 55248kB
[   29.813043] Node 0 hugepages_total=0 hugepages_free=0 hugepages_surp=0 hugepages_size=1048576kB
[   29.813485] Node 0 hugepages_total=0 hugepages_free=0 hugepages_surp=0 hugepages_size=2048kB
[   29.813919] 39853 total pagecache pages
[   29.814121] 0 pages in swap cache
[   29.814304] Free swap  = 0kB
[   29.814467] Total swap = 0kB
[   29.814631] 524158 pages RAM
[   29.814794] 0 pages HighMem/MovableOnly
[   29.815023] 130460 pages reserved
[   29.815212] 0 pages cma reserved
[   29.815393] 0 pages hwpoisoned
[   29.875979] kexec: Could not allocate control_code_buffer
[   30.770455] kexec: Could not allocate control_code_buffer
[   31.679884] kexec: Could not allocate control_code_buffer
[   32.650741] kexec: Could not allocate control_code_buffer
[   33.470102] repro invoked oom-killer: gfp_mask=0x140cca(GFP_HIGHUSER_MOVABLE|__GFP_COMP), order=0, oom_score_adj=1000
[   33.470667] CPU: 1 UID: 0 PID: 1047 Comm: repro Not tainted 6.18.0-rc1-39be21386d14+ #1 PREEMPT(voluntary) 
[   33.470677] Hardware name: QEMU Standard PC (i440FX + PIIX, 1996), BIOS rel-1.16.0-0-gd239552ce722-prebuilt.qemu.org 04/01/2014
[   33.470685] Call Trace:
[   33.470688]  <TASK>
[   33.470691]  dump_stack_lvl+0x121/0x150
[   33.470707]  dump_stack+0x19/0x20
[   33.470715]  dump_header+0x10f/0x910
[   33.470726]  oom_kill_process+0x287/0xa40
[   33.470733]  out_of_memory+0x34c/0x1710
[   33.470742]  ? __pfx_out_of_memory+0x10/0x10
[   33.470751]  __alloc_pages_slowpath.constprop.0+0x1bc6/0x2270
[   33.470764]  ? __pfx___alloc_pages_slowpath.constprop.0+0x10/0x10
[   33.470777]  ? lock_release+0x1ea/0x2c0
[   33.470790]  __alloc_frozen_pages_noprof+0x5da/0x6e0
[   33.470798]  ? __pfx___alloc_frozen_pages_noprof+0x10/0x10
[   33.470805]  ? _raw_spin_unlock+0x31/0x60
[   33.470816]  ? __sanitizer_cov_trace_switch+0x58/0xa0
