c[?7l[2J[0mSeaBIOS (version rel-1.16.0-0-gd239552ce722-prebuilt.qemu.org)


iPXE (http://ipxe.org) 00:03.0 CA00 PCI2.10 PnP PMM+7FF91000+7FEF1000 CA00
Press Ctrl-B to configure iPXE (PCI 00:03.0)...                                                                               


Booting from ROM...
c[?7l[2J[    0.000000] Linux version 6.18.0-54b1f91a71b7+ (root@p-arls02) (gcc (GCC) 11.5.0 20240719 (Red Hat 11.5.0-14), GNU ld version 2.35.2-68.el9) #1 SMP PREEMPT_DYNAMIC Thu Dec  4 22:39:57 CST 2025
[    0.000000] Command line: console=ttyS0 root=/dev/sda earlyprintk=serial net.ifnames=0 plymouth.enable=0
[    0.000000] KERNEL supported cpus:
[    0.000000]   Intel GenuineIntel
[    0.000000]   AMD AuthenticAMD
[    0.000000]   Hygon HygonGenuine
[    0.000000]   Centaur CentaurHauls
[    0.000000]   zhaoxin   Shanghai  
[    0.000000] x86/CPU: Model not found in latest microcode list
[    0.000000] x86/split lock detection: #DB: warning on user-space bus_locks
[    0.000000] BIOS-provided physical RAM map:
[    0.000000] BIOS-e820: [mem 0x0000000000000000-0x000000000009fbff] usable
[    0.000000] BIOS-e820: [mem 0x000000000009fc00-0x000000000009ffff] reserved
[    0.000000] BIOS-e820: [mem 0x00000000000f0000-0x00000000000fffff] reserved
[    0.000000] BIOS-e820: [mem 0x0000000000100000-0x000000007ffdffff] usable
[    0.000000] BIOS-e820: [mem 0x000000007ffe0000-0x000000007fffffff] reserved
[    0.000000] BIOS-e820: [mem 0x00000000feffc000-0x00000000feffffff] reserved
[    0.000000] BIOS-e820: [mem 0x00000000fffc0000-0x00000000ffffffff] reserved
[    0.000000] printk: legacy bootconsole [earlyser0] enabled
[    0.000000] NX (Execute Disable) protection: active
[    0.000000] APIC: Static calls initialized
[    0.000000] SMBIOS 2.8 present.
[    0.000000] DMI: QEMU Standard PC (i440FX + PIIX, 1996), BIOS rel-1.16.0-0-gd239552ce722-prebuilt.qemu.org 04/01/2014
[    0.000000] DMI: Memory slots populated: 1/1
[    0.000000] Hypervisor detected: KVM
[    0.000000] last_pfn = 0x7ffe0 max_arch_pfn = 0x400000000
[    0.000000] kvm-clock: Using msrs 4b564d01 and 4b564d00
[    0.000004] kvm-clock: using sched offset of 1015486028 cycles
[    0.000437] clocksource: kvm-clock: mask: 0xffffffffffffffff max_cycles: 0x1cd42e4dffb, max_idle_ns: 881590591483 ns
[    0.001789] tsc: Detected 1267.200 MHz processor
[    0.008439] last_pfn = 0x7ffe0 max_arch_pfn = 0x400000000
[    0.008918] MTRR map: 4 entries (3 fixed + 1 variable; max 19), built from 8 variable MTRRs
[    0.009614] x86/PAT: Configuration [0-7]: WB  WC  UC- UC  WB  WP  UC- WT  
[    0.020210] found SMP MP-table at [mem 0x000f5ba0-0x000f5baf]
[    0.020719] Using GB pages for direct mapping
[    0.023001] ACPI: Early table checksum verification disabled
[    0.023483] ACPI: RSDP 0x00000000000F59C0 000014 (v00 BOCHS )
[    0.023982] ACPI: RSDT 0x000000007FFE1951 000034 (v01 BOCHS  BXPC     00000001 BXPC 00000001)
[    0.024709] ACPI: FACP 0x000000007FFE17FD 000074 (v01 BOCHS  BXPC     00000001 BXPC 00000001)
[    0.025436] ACPI: DSDT 0x000000007FFE0040 0017BD (v01 BOCHS  BXPC     00000001 BXPC 00000001)
[    0.026154] ACPI: FACS 0x000000007FFE0000 000040
[    0.026547] ACPI: APIC 0x000000007FFE1871 000080 (v01 BOCHS  BXPC     00000001 BXPC 00000001)
[    0.027263] ACPI: HPET 0x000000007FFE18F1 000038 (v01 BOCHS  BXPC     00000001 BXPC 00000001)
[    0.027980] ACPI: WAET 0x000000007FFE1929 000028 (v01 BOCHS  BXPC     00000001 BXPC 00000001)
[    0.028692] ACPI: Reserving FACP table memory at [mem 0x7ffe17fd-0x7ffe1870]
[    0.029274] ACPI: Reserving DSDT table memory at [mem 0x7ffe0040-0x7ffe17fc]
[    0.029854] ACPI: Reserving FACS table memory at [mem 0x7ffe0000-0x7ffe003f]
[    0.030435] ACPI: Reserving APIC table memory at [mem 0x7ffe1871-0x7ffe18f0]
[    0.031022] ACPI: Reserving HPET table memory at [mem 0x7ffe18f1-0x7ffe1928]
[    0.031602] ACPI: Reserving WAET table memory at [mem 0x7ffe1929-0x7ffe1950]
[    0.032665] No NUMA configuration found
[    0.032987] Faking a node at [mem 0x0000000000000000-0x000000007ffdffff]
[    0.033570] NODE_DATA(0) allocated [mem 0x7ffb4ec0-0x7ffdfcbf]
[    0.034654] Zone ranges:
[    0.034859]   DMA      [mem 0x0000000000001000-0x0000000000ffffff]
[    0.035372]   DMA32    [mem 0x0000000001000000-0x000000007ffdffff]
[    0.035883]   Normal   empty
[    0.036127]   Device   empty
[    0.036369] Movable zone start for each node
[    0.036732] Early memory node ranges
[    0.037034]   node   0: [mem 0x0000000000001000-0x000000000009efff]
[    0.037549]   node   0: [mem 0x0000000000100000-0x000000007ffdffff]
[    0.038066] Initmem setup node 0 [mem 0x0000000000001000-0x000000007ffdffff]
[    0.039486] On node 0, zone DMA: 1 pages in unavailable ranges
[    0.040319] On node 0, zone DMA: 97 pages in unavailable ranges
[    0.085328] On node 0, zone DMA32: 32 pages in unavailable ranges
[    0.468111] KernelAddressSanitizer initialized (generic)
[    0.468873] ACPI: PM-Timer IO Port: 0x608
[    0.469244] ACPI: LAPIC_NMI (acpi_id[0xff] dfl dfl lint[0x1])
[    0.469789] IOAPIC[0]: apic_id 0, version 17, address 0xfec00000, GSI 0-23
[    0.470379] ACPI: INT_SRC_OVR (bus 0 bus_irq 0 global_irq 2 dfl dfl)
[    0.470903] ACPI: INT_SRC_OVR (bus 0 bus_irq 5 global_irq 5 high level)
[    0.471454] ACPI: INT_SRC_OVR (bus 0 bus_irq 9 global_irq 9 high level)
[    0.472003] ACPI: INT_SRC_OVR (bus 0 bus_irq 10 global_irq 10 high level)
[    0.472562] ACPI: INT_SRC_OVR (bus 0 bus_irq 11 global_irq 11 high level)
[    0.473136] ACPI: Using ACPI (MADT) for SMP configuration information
[    0.473664] ACPI: HPET id: 0x8086a201 base: 0xfed00000
[    0.474097] TSC deadline timer available
[    0.474424] CPU topo: Max. logical packages:   1
[    0.474803] CPU topo: Max. logical dies:       1
[    0.475184] CPU topo: Max. dies per package:   1
[    0.475566] CPU topo: Max. threads per core:   1
[    0.475947] CPU topo: Num. cores per package:     2
[    0.476349] CPU topo: Num. threads per package:   2
[    0.476751] CPU topo: Allowing 2 present CPUs plus 0 hotplug CPUs
[    0.477311] kvm-guest: APIC: eoi() replaced with kvm_guest_apic_eoi_write()
[    0.477914] kvm-guest: KVM setup pv remote TLB flush
[    0.478330] kvm-guest: setup PV sched yield
[    0.478725] PM: hibernation: Registered nosave memory: [mem 0x00000000-0x00000fff]
[    0.479352] PM: hibernation: Registered nosave memory: [mem 0x0009f000-0x000fffff]
[    0.479982] [mem 0x80000000-0xfeffbfff] available for PCI devices
[    0.480483] Booting paravirtualized kernel on KVM
[    0.480885] clocksource: refined-jiffies: mask: 0xffffffff max_cycles: 0xffffffff, max_idle_ns: 7645519600211568 ns
[    0.481758] setup_percpu: NR_CPUS:8192 nr_cpumask_bits:2 nr_cpu_ids:2 nr_node_ids:1
[    0.484651] percpu: Embedded 81 pages/cpu s294912 r8192 d28672 u1048576
[    0.485375] kvm-guest: PV spinlocks enabled
[    0.485734] PV qspinlock hash table entries: 256 (order: 0, 4096 bytes, linear)
[    0.486352] Kernel command line: net.ifnames=0 console=ttyS0 root=/dev/sda earlyprintk=serial net.ifnames=0 plymouth.enable=0
[    0.487567] random: crng init done
[    0.487859] printk: log buffer data + meta data: 262144 + 917504 = 1179648 bytes
[    0.490633] Dentry cache hash table entries: 262144 (order: 9, 2097152 bytes, linear)
[    0.492513] Inode-cache hash table entries: 131072 (order: 8, 1048576 bytes, linear)
[    0.493527] Fallback order for Node 0: 0 
[    0.493538] Built 1 zonelists, mobility grouping on.  Total pages: 524158
[    0.494400] Policy zone: DMA32
[    0.494648] mem auto-init: stack:off, heap alloc:off, heap free:off
[    0.495148] stackdepot: allocating hash table via alloc_large_system_hash
[    0.495717] stackdepot hash table entries: 1048576 (order: 12, 16777216 bytes, linear)
[    0.512349] stackdepot: allocating space for 8192 stack pools via memblock
[    0.558050] SLUB: HWalign=64, Order=0-3, MinObjects=0, CPUs=2, Nodes=1
[    0.558593] kmemleak: Kernel memory leak detector disabled
[    0.597559] ftrace: allocating 74789 entries in 294 pages
[    0.598006] ftrace: allocated 294 pages with 4 groups
[    0.603108] Dynamic Preempt: voluntary
[    0.603956] Running RCU self tests
[    0.604239] Running RCU synchronous self tests
[    0.604593] rcu: Preemptible hierarchical RCU implementation.
[    0.605054] rcu: 	RCU lockdep checking is enabled.
[    0.605433] rcu: 	RCU restricting CPUs from NR_CPUS=8192 to nr_cpu_ids=2.
[    0.605977] 	Trampoline variant of Tasks RCU enabled.
[    0.606376] 	Rude variant of Tasks RCU enabled.
[    0.606753] 	Tracing variant of Tasks RCU enabled.
[    0.607136] rcu: RCU calculated value of scheduler-enlistment delay is 25 jiffies.
[    0.607735] rcu: Adjusting geometry for rcu_fanout_leaf=16, nr_cpu_ids=2
[    0.608364] Running RCU synchronous self tests
[    0.608724] RCU Tasks: Setting shift to 1 and lim to 1 rcu_task_cb_adjust=1 rcu_task_cpu_ids=2.
[    0.609421] RCU Tasks Rude: Setting shift to 1 and lim to 1 rcu_task_cb_adjust=1 rcu_task_cpu_ids=2.
[    0.610159] RCU Tasks Trace: Setting shift to 1 and lim to 1 rcu_task_cb_adjust=1 rcu_task_cpu_ids=2.
[    0.678698] NR_IRQS: 524544, nr_irqs: 440, preallocated irqs: 16
[    0.679789] rcu: srcu_init: Setting srcu_struct sizes based on contention.
[    0.687452] Console: colour VGA+ 80x25
[    0.687857] printk: legacy console [ttyS0] enabled
[    0.687857] printk: legacy console [ttyS0] enabled
[    0.688697] printk: legacy bootconsole [earlyser0] disabled
[    0.688697] printk: legacy bootconsole [earlyser0] disabled
[    0.689672] Lock dependency validator: Copyright (c) 2006 Red Hat, Inc., Ingo Molnar
[    0.690328] ... MAX_LOCKDEP_SUBCLASSES:  8
[    0.690681] ... MAX_LOCK_DEPTH:          48
[    0.691047] ... MAX_LOCKDEP_KEYS:        8192
[    0.691422] ... CLASSHASH_SIZE:          4096
[    0.691797] ... MAX_LOCKDEP_ENTRIES:     524288
[    0.692190] ... MAX_LOCKDEP_CHAINS:      524288
[    0.692578] ... CHAINHASH_SIZE:          262144
[    0.692968]  memory used by lock dependency info: 54145 kB
[    0.693450]  memory used for stack traces: 4224 kB
[    0.693860]  per task-struct memory footprint: 1920 bytes
[    0.694437] ACPI: Core revision 20250807
[    0.695198] clocksource: hpet: mask: 0xffffffff max_cycles: 0xffffffff, max_idle_ns: 19112604467 ns
[    0.696171] APIC: Switch to symmetric I/O mode setup
[    0.696793] x2apic enabled
[    0.697407] APIC: Switched APIC routing to: physical x2apic
[    0.697893] kvm-guest: APIC: send_IPI_mask() replaced with kvm_send_ipi_mask()
[    0.698530] kvm-guest: APIC: send_IPI_mask_allbutself() replaced with kvm_send_ipi_mask_allbutself()
[    0.699321] kvm-guest: setup PV IPIs
[    0.700675] ..TIMER: vector=0x30 apic1=0 pin1=2 apic2=-1 pin2=-1
[    0.701214] clocksource: tsc-early: mask: 0xffffffffffffffff max_cycles: 0x12441513526, max_idle_ns: 440795239872 ns
[    0.702128] Calibrating delay loop (skipped) preset value.. 2534.40 BogoMIPS (lpj=5068800)
[    0.703024] CPU0: Thermal monitoring enabled (TM1)
[    0.703446] x86/cpu: User Mode Instruction Prevention (UMIP) activated
[    0.706208] Last level iTLB entries: 4KB 0, 2MB 0, 4MB 0
[    0.706663] Last level dTLB entries: 4KB 0, 2MB 0, 4MB 0, 1GB 0
[    0.707184] mitigations: Enabled attack vectors: user_kernel, user_user, guest_host, guest_guest, SMT mitigations: auto
[    0.708100] Speculative Store Bypass: Mitigation: Speculative Store Bypass disabled via prctl
[    0.708817] Spectre V2 : Mitigation: Enhanced / Automatic IBRS
[    0.709313] ITS: Mitigation: Aligned branch/return thunks
[    0.709770] Spectre V1 : Mitigation: usercopy/swapgs barriers and __user pointer sanitization
[    0.710117] Spectre V2 : WARNING: Unprivileged eBPF is enabled with eIBRS on, data leaks possible via Spectre v2 BHB attacks!
[    0.711058] Spectre V2 : Spectre v2 / PBRSB-eIBRS: Retire a single CALL on VMEXIT
[    0.711673] Spectre V2 : mitigation: Enabling conditional Indirect Branch Prediction Barrier
[    0.712356] active return thunk: its_return_thunk
[    0.712759] Spectre V2 : Spectre BHI mitigation: SW BHB clearing on syscall and VM exit
[    0.713444] x86/fpu: Supporting XSAVE feature 0x001: 'x87 floating point registers'
[    0.714116] x86/fpu: Supporting XSAVE feature 0x002: 'SSE registers'
[    0.714651] x86/fpu: Supporting XSAVE feature 0x004: 'AVX registers'
[    0.715185] x86/fpu: Supporting XSAVE feature 0x200: 'Protection Keys User registers'
[    0.715846] x86/fpu: xstate_offset[2]:  576, xstate_sizes[2]:  256
[    0.716365] x86/fpu: xstate_offset[9]:  832, xstate_sizes[9]:    8
[    0.716904] x86/fpu: Enabled xstate features 0x207, context size is 840 bytes, using 'compacted' format.
[    0.867664] Freeing SMP alternatives memory: 64K
[    0.868135] pid_max: default: 32768 minimum: 301
[    0.868850] LSM: initializing lsm=capability,yama,ima,evm
[    0.869456] Yama: becoming mindful.
[    0.870255] Mount-cache hash table entries: 4096 (order: 3, 32768 bytes, linear)
[    0.870943] Mountpoint-cache hash table entries: 4096 (order: 3, 32768 bytes, linear)
[    0.873321] Running RCU synchronous self tests
[    0.873702] Running RCU synchronous self tests
[    0.874594] smpboot: CPU0: Genuine Intel(R) 0000 @ (family: 0x6, model: 0xc6, stepping: 0x0)
[    0.876444] Performance Events: unsupported CPU family 6 model 198 no PMU driver, software events only.
[    0.877374] signal: max sigframe size: 3632
[    0.877940] rcu: Hierarchical SRCU implementation.
[    0.878112] rcu: 	Max phase no-delay instances is 1000.
[    0.878414] Timer migration: 1 hierarchy levels; 8 children per group; 1 crossnode level
[    0.899493] NMI watchdog: Perf NMI watchdog permanently disabled
[    0.900299] smp: Bringing up secondary CPUs ...
[    0.902356] smpboot: x86: Booting SMP configuration:
[    0.902827] .... node  #0, CPUs:      #1
[    0.903159] smp: Brought up 1 node, 2 CPUs
[    0.903159] smpboot: Total of 2 processors activated (5068.80 BogoMIPS)
[    0.906633] Memory: 1541060K/2096632K available (80418K kernel code, 15502K rwdata, 18700K rodata, 16300K init, 68132K bss, 544148K reserved, 0K cma-reserved)
[    0.908875] devtmpfs: initialized
[    0.910843] x86/mm: Memory block size: 128MB
[    0.922516] Running RCU synchronous self tests
[    0.923310] Running RCU synchronous self tests
[    0.926264] Running RCU Tasks wait API self tests
[    0.926581] Running RCU Tasks Rude wait API self tests
[    0.926600] Running RCU Tasks Trace wait API self tests
[    0.946189] clocksource: jiffies: mask: 0xffffffff max_cycles: 0xffffffff, max_idle_ns: 7645041785100000 ns
[    0.947194] posixtimers hash table entries: 1024 (order: 5, 73728 bytes, linear)
[    0.950171] futex hash table entries: 512 (65536 bytes on 1 NUMA nodes, total 64 KiB, linear).
[    0.951487] pinctrl core: initialized pinctrl subsystem
[    0.953383] 
[    0.953535] *************************************************************
[    0.954122] **     NOTICE NOTICE NOTICE NOTICE NOTICE NOTICE NOTICE    **
[    0.954709] **                                                         **
[    0.955287] **  IOMMU DebugFS SUPPORT HAS BEEN ENABLED IN THIS KERNEL  **
[    0.955865] **                                                         **
[    0.956442] ** This means that this kernel is built to expose internal **
[    0.957028] ** IOMMU data structures, which may compromise security on **
[    0.957601] ** your system.                                            **
[    0.958117] **                                                         **
[    0.958696] ** If you see this message and you are not debugging the   **
[    0.959269] ** kernel, report this immediately to your vendor!         **
[    0.959848] **                                                         **
[    0.960422] **     NOTICE NOTICE NOTICE NOTICE NOTICE NOTICE NOTICE    **
[    0.960997] *************************************************************
[    0.961686] PM: RTC time: 14:42:55, date: 2025-12-04
[    0.966919] NET: Registered PF_NETLINK/PF_ROUTE protocol family
[    0.969005] DMA: preallocated 256 KiB GFP_KERNEL pool for atomic allocations
[    0.969634] DMA: preallocated 256 KiB GFP_KERNEL|GFP_DMA pool for atomic allocations
[    0.970141] DMA: preallocated 256 KiB GFP_KERNEL|GFP_DMA32 pool for atomic allocations
[    0.970911] audit: initializing netlink subsys (disabled)
[    0.971428] audit: type=2000 audit(1764859376.922:1): state=initialized audit_enabled=0 res=1
[    0.972603] thermal_sys: Registered thermal governor 'fair_share'
[    0.972616] thermal_sys: Registered thermal governor 'bang_bang'
[    0.973757] thermal_sys: Registered thermal governor 'step_wise'
[    0.974129] thermal_sys: Registered thermal governor 'user_space'
[    0.978156] cpuidle: using governor ladder
[    0.980114] cpuidle: using governor menu
[    0.980114] Callback from call_rcu_tasks_trace() invoked.
[    0.980114] acpiphp: ACPI Hot Plug PCI Controller Driver version: 0.5
[    0.981503] PCI: Using configuration type 1 for base access
[    0.986605] kprobes: kprobe jump-optimization is enabled. All kprobes are optimized if possible.
[    1.125324] HugeTLB: registered 1.00 GiB page size, pre-allocated 0 pages
[    1.125967] HugeTLB: 16380 KiB vmemmap can be freed for a 1.00 GiB page
[    1.126131] HugeTLB: registered 2.00 MiB page size, pre-allocated 0 pages
[    1.126685] HugeTLB: 28 KiB vmemmap can be freed for a 2.00 MiB page
[    1.139860] ACPI: Added _OSI(Module Device)
[    1.140300] ACPI: Added _OSI(Processor Device)
[    1.140693] ACPI: Added _OSI(Processor Aggregator Device)
[    1.156669] ACPI: 1 ACPI AML tables successfully acquired and loaded
[    1.172714] ACPI: Interpreter enabled
[    1.173236] ACPI: PM: (supports S0 S3 S4 S5)
[    1.173618] ACPI: Using IOAPIC for interrupt routing
[    1.174276] PCI: Using host bridge windows from ACPI; if necessary, use "pci=nocrs" and report a bug
[    1.175064] PCI: Using E820 reservations for host bridge windows
[    1.176778] ACPI: Enabled 2 GPEs in block 00 to 0F
[    1.216289] ACPI: PCI Root Bridge [PCI0] (domain 0000 [bus 00-ff])
[    1.216897] acpi PNP0A03:00: _OSC: OS supports [ASPM ClockPM Segments MSI EDR HPX-Type3]
[    1.217606] acpi PNP0A03:00: _OSC: not requesting OS control; OS requires [ExtendedConfig ASPM ClockPM MSI]
[    1.218287] acpi PNP0A03:00: fail to add MMCONFIG information, can't access extended configuration space under this bridge
[    1.223965] acpiphp: Slot [3] registered
[    1.224495] acpiphp: Slot [4] registered
[    1.224980] acpiphp: Slot [5] registered
[    1.225461] acpiphp: Slot [6] registered
[    1.225944] acpiphp: Slot [7] registered
[    1.226274] acpiphp: Slot [8] registered
[    1.226753] acpiphp: Slot [9] registered
[    1.227238] acpiphp: Slot [10] registered
[    1.227721] acpiphp: Slot [11] registered
[    1.228850] acpiphp: Slot [12] registered
[    1.229356] acpiphp: Slot [13] registered
[    1.229848] acpiphp: Slot [14] registered
[    1.230261] acpiphp: Slot [15] registered
[    1.230767] acpiphp: Slot [16] registered
[    1.231249] acpiphp: Slot [17] registered
[    1.231734] acpiphp: Slot [18] registered
[    1.232223] acpiphp: Slot [19] registered
[    1.232761] acpiphp: Slot [20] registered
[    1.233261] acpiphp: Slot [21] registered
[    1.233746] acpiphp: Slot [22] registered
[    1.234244] acpiphp: Slot [23] registered
[    1.234749] acpiphp: Slot [24] registered
[    1.235245] acpiphp: Slot [25] registered
[    1.235737] acpiphp: Slot [26] registered
[    1.236230] acpiphp: Slot [27] registered
[    1.236741] acpiphp: Slot [28] registered
[    1.237232] acpiphp: Slot [29] registered
[    1.237726] acpiphp: Slot [30] registered
[    1.238233] acpiphp: Slot [31] registered
[    1.238674] PCI host bridge to bus 0000:00
[    1.239097] pci_bus 0000:00: root bus resource [io  0x0000-0x0cf7 window]
[    1.239697] pci_bus 0000:00: root bus resource [io  0x0d00-0xffff window]
[    1.240293] pci_bus 0000:00: root bus resource [mem 0x000a0000-0x000bffff window]
[    1.240954] pci_bus 0000:00: root bus resource [mem 0x80000000-0xfebfffff window]
[    1.241607] pci_bus 0000:00: root bus resource [mem 0x100000000-0x17fffffff window]
[    1.242126] pci_bus 0000:00: root bus resource [bus 00-ff]
[    1.242774] pci 0000:00:00.0: [8086:1237] type 00 class 0x060000 conventional PCI endpoint
[    1.252733] pci 0000:00:01.0: [8086:7000] type 00 class 0x060100 conventional PCI endpoint
[    1.254896] pci 0000:00:01.1: [8086:7010] type 00 class 0x010180 conventional PCI endpoint
[    1.256220] pci 0000:00:01.1: BAR 4 [io  0xc040-0xc04f]
[    1.256717] pci 0000:00:01.1: BAR 0 [io  0x01f0-0x01f7]: legacy IDE quirk
[    1.257306] pci 0000:00:01.1: BAR 1 [io  0x03f6]: legacy IDE quirk
[    1.257846] pci 0000:00:01.1: BAR 2 [io  0x0170-0x0177]: legacy IDE quirk
[    1.258134] pci 0000:00:01.1: BAR 3 [io  0x0376]: legacy IDE quirk
[    1.259236] pci 0000:00:01.3: [8086:7113] type 00 class 0x068000 conventional PCI endpoint
[    1.260234] pci 0000:00:01.3: quirk: [io  0x0600-0x063f] claimed by PIIX4 ACPI
[    1.260851] pci 0000:00:01.3: quirk: [io  0x0700-0x070f] claimed by PIIX4 SMB
[    1.261999] pci 0000:00:02.0: [1234:1111] type 00 class 0x030000 conventional PCI endpoint
[    1.283508] pci 0000:00:02.0: BAR 0 [mem 0xfd000000-0xfdffffff pref]
[    1.285007] pci 0000:00:02.0: BAR 2 [mem 0xfebf0000-0xfebf0fff]
[    1.286112] pci 0000:00:02.0: ROM [mem 0xfebe0000-0xfebeffff pref]
[    1.290876] pci 0000:00:02.0: Video device with shadowed ROM at [mem 0x000c0000-0x000dffff]
[    1.304749] pci 0000:00:03.0: [8086:100e] type 00 class 0x020000 conventional PCI endpoint
[    1.306507] pci 0000:00:03.0: BAR 0 [mem 0xfebc0000-0xfebdffff]
[    1.307062] pci 0000:00:03.0: BAR 1 [io  0xc000-0xc03f]
[    1.307539] pci 0000:00:03.0: ROM [mem 0xfeb80000-0xfebbffff pref]
[    1.329690] ACPI: PCI: Interrupt link LNKA configured for IRQ 10
[    1.331190] ACPI: PCI: Interrupt link LNKB configured for IRQ 10
[    1.332627] ACPI: PCI: Interrupt link LNKC configured for IRQ 11
[    1.334008] ACPI: PCI: Interrupt link LNKD configured for IRQ 11
[    1.334530] ACPI: PCI: Interrupt link LNKS configured for IRQ 9
[    1.339485] iommu: Default domain type: Translated
[    1.339950] iommu: DMA domain TLB invalidation policy: lazy mode
[    1.349284] SCSI subsystem initialized
[    1.351481] ACPI: bus type USB registered
[    1.352187] usbcore: registered new interface driver usbfs
[    1.352852] usbcore: registered new interface driver hub
[    1.353411] usbcore: registered new device driver usb
[    1.354429] pps_core: LinuxPPS API ver. 1 registered
[    1.354867] pps_core: Software ver. 5.3.6 - Copyright 2005-2007 Rodolfo Giometti <giometti@linux.it>
[    1.355695] PTP clock support registered
[    1.357533] EDAC MC: Ver: 3.0.0
[    1.365035] NetLabel: Initializing
[    1.365379] NetLabel:  domain hash size = 128
[    1.365763] NetLabel:  protocols = UNLABELED CIPSOv4 CALIPSO
[    1.366379] NetLabel:  unlabeled traffic allowed by default
[    1.367851] PCI: Using ACPI for IRQ routing
[    1.368738] pci 0000:00:02.0: vgaarb: setting as boot VGA device
[    1.369283] pci 0000:00:02.0: vgaarb: bridge control possible
[    1.369812] pci 0000:00:02.0: vgaarb: VGA device added: decodes=io+mem,owns=io+mem,locks=none
[    1.370121] vgaarb: loaded
[    1.375201] hpet0: at MMIO 0xfed00000, IRQs 2, 8, 0
[    1.375222] hpet0: 3 comparators, 64-bit 100.000000 MHz counter
[    1.378112] clocksource: Switched to clocksource kvm-clock
[    1.380891] VFS: Disk quotas dquot_6.6.0
[    1.381293] VFS: Dquot-cache hash table entries: 512 (order 0, 4096 bytes)
[    1.383842] pnp: PnP ACPI init
[    1.388389] pnp: PnP ACPI: found 6 devices
[    1.409945] clocksource: acpi_pm: mask: 0xffffff max_cycles: 0xffffff, max_idle_ns: 2085701024 ns
[    1.411896] NET: Registered PF_INET protocol family
[    1.412904] IP idents hash table entries: 32768 (order: 6, 262144 bytes, linear)
[    1.415591] tcp_listen_portaddr_hash hash table entries: 1024 (order: 5, 73728 bytes, linear)
[    1.416441] Table-perturb hash table entries: 65536 (order: 6, 262144 bytes, linear)
[    1.417172] TCP established hash table entries: 16384 (order: 5, 131072 bytes, linear)
[    1.418535] TCP bind hash table entries: 16384 (order: 10, 2359296 bytes, linear)
[    1.421897] TCP: Hash tables configured (established 16384 bind 16384)
[    1.422719] UDP hash table entries: 1024 (order: 6, 262144 bytes, linear)
[    1.423523] UDP-Lite hash table entries: 1024 (order: 6, 262144 bytes, linear)
[    1.424813] NET: Registered PF_UNIX/PF_LOCAL protocol family
[    1.426701] RPC: Registered named UNIX socket transport module.
[    1.427246] RPC: Registered udp transport module.
[    1.427667] RPC: Registered tcp transport module.
[    1.428075] RPC: Registered tcp-with-tls transport module.
[    1.428562] RPC: Registered tcp NFSv4.1 backchannel transport module.
[    1.429177] pci_bus 0000:00: resource 4 [io  0x0000-0x0cf7 window]
[    1.429722] pci_bus 0000:00: resource 5 [io  0x0d00-0xffff window]
[    1.430288] pci_bus 0000:00: resource 6 [mem 0x000a0000-0x000bffff window]
[    1.430891] pci_bus 0000:00: resource 7 [mem 0x80000000-0xfebfffff window]
[    1.431495] pci_bus 0000:00: resource 8 [mem 0x100000000-0x17fffffff window]
[    1.432473] pci 0000:00:01.0: PIIX3: Enabling Passive Release
[    1.432995] pci 0000:00:00.0: Limiting direct PCI/PCI transfers
[    1.433617] PCI: CLS 0 bytes, default 64
[    1.434162] ACPI: bus type thunderbolt registered
[    1.435140] clocksource: tsc: mask: 0xffffffffffffffff max_cycles: 0x12441513526, max_idle_ns: 440795239872 ns
[    3.648908] Initialise system trusted keyrings
[    3.650141] Key type blacklist registered
[    3.651734] workingset: timestamp_bits=36 max_order=19 bucket_order=0
[    3.656552] squashfs: version 4.0 (2009/01/31) Phillip Lougher
[    3.660806] NFS: Registering the id_resolver key type
[    3.661833] Key type id_resolver registered
[    3.662641] Key type id_legacy registered
[    3.663526] nfs4filelayout_init: NFSv4 File Layout Driver Registering...
[    3.664942] nfs4flexfilelayout_init: NFSv4 Flexfile Layout Driver Registering...
[    3.667098] fuse: init (API version 7.45)
[    3.668958] SGI XFS with ACLs, security attributes, realtime, quota, no debug enabled
[    3.673547] 9p: Installing v9fs 9p2000 file system support
[    3.693198] Key type asymmetric registered
[    3.693619] Asymmetric key parser 'x509' registered
[    3.695617] Block layer SCSI generic (bsg) driver version 0.4 loaded (major 241)
[    3.696302] Callback from call_rcu_tasks() invoked.
[    3.697117] io scheduler mq-deadline registered
[    3.697669] io scheduler bfq registered
[    3.698628] ledtrig-cpu: registered to indicate activity on CPUs
[    3.701012] IPMI message handler: version 39.2
[    3.701483] ipmi device interface
[    3.703829] input: Power Button as /devices/LNXSYSTM:00/LNXPWRBN:00/input/input0
[    3.705173] ACPI: button: Power Button [PWRF]
[    3.708243] ERST DBG: ERST support is disabled.
[    3.710429] Serial: 8250/16550 driver, 32 ports, IRQ sharing enabled
[    3.712272] 00:04: ttyS0 at I/O 0x3f8 (irq = 4, base_baud = 115200) is a 16550A
[    3.742007] Linux agpgart interface v0.103
[    3.744997] ACPI: bus type drm_connector registered
[    3.776538] brd: module loaded
[    3.795849] loop: module loaded
[    3.810992] scsi host0: ata_piix
[    3.813458] scsi host1: ata_piix
[    3.814289] ata1: PATA max MWDMA2 cmd 0x1f0 ctl 0x3f6 bmdma 0xc040 irq 14 lpm-pol 0
[    3.814904] ata2: PATA max MWDMA2 cmd 0x170 ctl 0x376 bmdma 0xc048 irq 15 lpm-pol 0
[    3.818505] tun: Universal TUN/TAP device driver, 1.6
[    3.819627] e100: Intel(R) PRO/100 Network Driver
[    3.820117] e100: Copyright(c) 1999-2006 Intel Corporation
[    3.820745] e1000: Intel(R) PRO/1000 Network Driver
[    3.821146] e1000: Copyright (c) 1999-2006 Intel Corporation.
[    3.969930] ata2: found unknown device (class 0)
[    3.970815] ata1: found unknown device (class 0)
[    3.972538] ata1.00: ATA-7: QEMU HARDDISK, 2.5+, max UDMA/100
[    3.973576] ata1.00: 17196647 sectors, multi 16: LBA48 
[    3.975486] ata2.00: ATAPI: QEMU DVD-ROM, 2.5+, max UDMA/100
[    3.977855] scsi 0:0:0:0: Direct-Access     ATA      QEMU HARDDISK    2.5+ PQ: 0 ANSI: 5
[    3.982240] sd 0:0:0:0: Attached scsi generic sg0 type 0
[    3.982409] sd 0:0:0:0: [sda] 17196647 512-byte logical blocks: (8.80 GB/8.20 GiB)
[    3.983494] sd 0:0:0:0: [sda] Write Protect is off
[    3.984183] scsi 1:0:0:0: CD-ROM            QEMU     QEMU DVD-ROM     2.5+ PQ: 0 ANSI: 5
[    3.985911] sd 0:0:0:0: [sda] Write cache: enabled, read cache: enabled, doesn't support DPO or FUA
[    3.987092] sd 0:0:0:0: [sda] Preferred minimum I/O size 512 bytes
[    4.018409] sd 0:0:0:0: [sda] Attached SCSI disk
[    4.018950] scsi 1:0:0:0: Attached scsi generic sg1 type 5
[    4.561926] ACPI: \_SB_.LNKC: Enabled at IRQ 11
[    4.873921] e1000 0000:00:03.0 eth0: (PCI:33MHz:32-bit) 52:54:00:12:34:56
[    4.874559] e1000 0000:00:03.0 eth0: Intel(R) PRO/1000 Network Connection
[    4.876409] e1000e: Intel(R) PRO/1000 Network Driver
[    4.876818] e1000e: Copyright(c) 1999 - 2015 Intel Corporation.
[    4.877501] igb: Intel(R) Gigabit Ethernet Network Driver
[    4.877987] igb: Copyright (c) 2007-2014 Intel Corporation.
[    4.878868] PPP generic driver version 2.4.2
[    4.880841] VFIO - User Level meta-driver version: 0.3
[    4.884086] usbcore: registered new interface driver uas
[    4.884820] usbcore: registered new interface driver usb-storage
[    4.885675] i8042: PNP: PS/2 Controller [PNP0303:KBD,PNP0f13:MOU] at 0x60,0x64 irq 1,12
[    4.887429] serio: i8042 KBD port at 0x60,0x64 irq 1
[    4.887933] serio: i8042 AUX port at 0x60,0x64 irq 12
[    4.889856] mousedev: PS/2 mouse device common for all mice
[    4.892096] rtc_cmos 00:05: RTC can wake from S4
[    4.893642] input: AT Translated Set 2 keyboard as /devices/platform/i8042/serio0/input/input1
[    4.896040] rtc_cmos 00:05: registered as rtc0
[    4.896074] input: VirtualPS/2 VMware VMMouse as /devices/platform/i8042/serio1/input/input4
[    4.897124] rtc_cmos 00:05: setting system clock to 2025-12-04T14:42:59 UTC (1764859379)
[    4.898887] input: VirtualPS/2 VMware VMMouse as /devices/platform/i8042/serio1/input/input3
[    4.900354] rtc_cmos 00:05: alarms up to one day, y3k, 242 bytes nvram, hpet irqs
[    4.901930] i2c_dev: i2c /dev entries driver
[    4.903662] device-mapper: core: CONFIG_IMA_DISABLE_HTABLE is disabled. Duplicate IMA measurements will not be recorded in the IMA log.
[    4.906047] device-mapper: uevent: version 1.0.3
[    4.908008] device-mapper: ioctl: 4.50.0-ioctl (2025-04-28) initialised: dm-devel@lists.linux.dev
[    4.909819] intel_pstate: CPU model not supported
[    4.911135] sdhci: Secure Digital Host Controller Interface driver
[    4.911653] sdhci: Copyright(c) Pierre Ossman
[    4.912282] sdhci-pltfm: SDHCI platform and OF driver helper
[    4.913544] drop_monitor: Initializing network drop monitor service
[    4.914572] NET: Registered PF_INET6 protocol family
[    4.919674] Segment Routing with IPv6
[    4.920171] In-situ OAM (IOAM) with IPv6
[    4.920586] NET: Registered PF_PACKET protocol family
[    4.921415] 9pnet: Installing 9P2000 support
[    4.922554] Key type dns_resolver registered
[    4.926871] IPI shorthand broadcast: enabled
[    4.999207] sched_clock: Marking stable (4980007467, 17754463)->(5028471701, -30709771)
[    5.002542] registered taskstats version 1
[    5.004544] Loading compiled-in X.509 certificates
[    5.086796] Demotion targets for Node 0: null
[    5.089504] Key type .fscrypt registered
[    5.090332] Key type fscrypt-provisioning registered
[    5.097192] Key type encrypted registered
[    5.098155] ima: No TPM chip found, activating TPM-bypass!
[    5.099251] ima: Allocated hash algorithm: sha1
[    5.100321] ima: No architecture policies found
[    5.101537] evm: Initialising EVM extended attributes:
[    5.102540] evm: security.selinux
[    5.103184] evm: security.SMACK64
[    5.103827] evm: security.SMACK64EXEC
[    5.104533] evm: security.SMACK64TRANSMUTE
[    5.105320] evm: security.SMACK64MMAP
[    5.106039] evm: security.apparmor
[    5.106701] evm: security.ima
[    5.107275] evm: security.capability
[    5.107959] evm: HMAC attrs: 0x1
[    5.113208] PM:   Magic number: 5:506:737
[    5.115667] RAS: Correctable Errors collector initialized.
[    5.117116] clk: Disabling unused clocks
[    5.117523] PM: genpd: Disabling unused power domains
[    5.118805] check access for rdinit=/init failed: -2, ignoring
[    5.119150] md: Waiting for all devices to be available before autodetect
[    5.119535] md: If you don't use raid, use raid=noautodetect
[    5.119870] md: Autodetecting RAID arrays.
[    5.120125] md: autorun ...
[    5.120307] md: ... autorun DONE.
[    5.138455] EXT4-fs (sda): mounted filesystem 088740a9-c8b4-422c-999d-a804eb68a4da ro with ordered data mode. Quota mode: none.
[    5.139247] VFS: Mounted root (ext4 filesystem) readonly on device 8:0.
[    5.143668] devtmpfs: mounted
[    5.165614] Freeing unused decrypted memory: 2036K
[    5.180493] Freeing unused kernel image (initmem) memory: 16300K
[    5.181105] Write protecting the kernel read-only data: 102400k
[    5.185226] Freeing unused kernel image (text/rodata gap) memory: 1500K
[    5.188097] Freeing unused kernel image (rodata/data gap) memory: 1780K
[    5.256191] x86/mm: Checked W+X mappings: passed, no W+X pages found.
[    5.256609] Run /sbin/init as init process
[    5.501460] systemd[1]: systemd 252-15.el9 running in system mode (+PAM +AUDIT +SELINUX -APPARMOR +IMA +SMACK +SECCOMP +GCRYPT +GNUTLS +OPENSSL +ACL +BLKID +CURL +ELFUTILS -FIDO2 +IDN2 -IDN -IPTC +KMOD +LIBCRYPTSETUP +LIBFDISK +PCRE2 -PWQUALITY +P11KIT -QRENCODE +TPM2 +BZIP2 +LZ4 +XZ +ZLIB +ZSTD -BPF_FRAMEWORK +XKBCOMMON +UTMP +SYSVINIT default-hierarchy=unified)
[    5.503120] systemd[1]: Detected virtualization kvm.
[    5.503400] systemd[1]: Detected architecture x86-64.

Welcome to [0;31mCentOS Stream 9[0m!

[    5.509963] systemd[1]: Hostname set to <test>.
[    5.693890] systemd-rc-local-generator[115]: /etc/rc.d/rc.local is not marked executable, skipping.
[    6.169162] systemd[1]: Queued start job for default target Multi-User System.
[    6.202371] systemd[1]: Created slice Virtual Machine and Container Slice.
[[0;32m  OK  [0m] Created slice [0;1;39mVirtual Machine and Container Slice[0m.
[    6.210717] systemd[1]: Created slice Slice /system/getty.
[[0;32m  OK  [0m] Created slice [0;1;39mSlice /system/getty[0m.
[    6.215794] systemd[1]: Created slice Slice /system/modprobe.
[[0;32m  OK  [0m] Created slice [0;1;39mSlice /system/modprobe[0m.
[    6.218595] systemd[1]: Created slice Slice /system/serial-getty.
[[0;32m  OK  [0m] Created slice [0;1;39mSlice /system/serial-getty[0m.
[    6.221118] systemd[1]: Created slice Slice /system/sshd-keygen.
[[0;32m  OK  [0m] Created slice [0;1;39mSlice /system/sshd-keygen[0m.
[    6.223684] systemd[1]: Created slice User and Session Slice.
[[0;32m  OK  [0m] Created slice [0;1;39mUser and Session Slice[0m.
[    6.225122] systemd[1]: Started Forward Password Requests to Wall Directory Watch.
[[0;32m  OK  [0m] Started [0;1;39mForward Password R…uests to Wall Directory Watch[0m.
[    6.227247] systemd[1]: Set up automount Arbitrary Executable File Formats File System Automount Point.
[[0;32m  OK  [0m] Set up automount [0;1;39mArbitrary…s File System Automount Point[0m.
[    6.228494] systemd[1]: Reached target Local Integrity Protected Volumes.
[[0;32m  OK  [0m] Reached target [0;1;39mLocal Integrity Protected Volumes[0m.
[    6.229518] systemd[1]: Reached target Slice Units.
[[0;32m  OK  [0m] Reached target [0;1;39mSlice Units[0m.
[    6.230373] systemd[1]: Reached target Swaps.
[[0;32m  OK  [0m] Reached target [0;1;39mSwaps[0m.
[    6.231104] systemd[1]: Reached target Local Verity Protected Volumes.
[[0;32m  OK  [0m] Reached target [0;1;39mLocal Verity Protected Volumes[0m.
[    6.232381] systemd[1]: Listening on Device-mapper event daemon FIFOs.
[[0;32m  OK  [0m] Listening on [0;1;39mDevice-mapper event daemon FIFOs[0m.
[    6.233866] systemd[1]: Listening on LVM2 poll daemon socket.
[[0;32m  OK  [0m] Listening on [0;1;39mLVM2 poll daemon socket[0m.
[    6.234917] systemd[1]: multipathd control socket was skipped because of an unmet condition check (ConditionPathExists=/etc/multipath.conf).
[    6.278000] systemd[1]: Listening on RPCbind Server Activation Socket.
[[0;32m  OK  [0m] Listening on [0;1;39mRPCbind Server Activation Socket[0m.
[    6.279258] systemd[1]: Reached target RPC Port Mapper.
[[0;32m  OK  [0m] Reached target [0;1;39mRPC Port Mapper[0m.
[    6.282800] systemd[1]: Listening on Process Core Dump Socket.
[[0;32m  OK  [0m] Listening on [0;1;39mProcess Core Dump Socket[0m.
[    6.284069] systemd[1]: Listening on initctl Compatibility Named Pipe.
[[0;32m  OK  [0m] Listening on [0;1;39minitctl Compatibility Named Pipe[0m.
[    6.285610] systemd[1]: Listening on Journal Socket (/dev/log).
[[0;32m  OK  [0m] Listening on [0;1;39mJournal Socket (/dev/log)[0m.
[    6.287100] systemd[1]: Listening on Journal Socket.
[[0;32m  OK  [0m] Listening on [0;1;39mJournal Socket[0m.
[    6.288586] systemd[1]: Listening on udev Control Socket.
[[0;32m  OK  [0m] Listening on [0;1;39mudev Control Socket[0m.
[    6.289848] systemd[1]: Listening on udev Kernel Socket.
[[0;32m  OK  [0m] Listening on [0;1;39mudev Kernel Socket[0m.
[    6.296450] systemd[1]: Mounting Huge Pages File System...
         Mounting [0;1;39mHuge Pages File System[0m...
[    6.302232] systemd[1]: Mounting POSIX Message Queue File System...
         Mounting [0;1;39mPOSIX Message Queue File System[0m...
[    6.313912] systemd[1]: Mounting Kernel Debug File System...
         Mounting [0;1;39mKernel Debug File System[0m...
[    6.325893] systemd[1]: Mounting Kernel Trace File System...
         Mounting [0;1;39mKernel Trace File System[0m...
[    6.327055] systemd[1]: Kernel Module supporting RPCSEC_GSS was skipped because of an unmet condition check (ConditionPathExists=/etc/krb5.keytab).
[    6.327900] systemd[1]: Create List of Static Device Nodes was skipped because of an unmet condition check (ConditionFileNotEmpty=/lib/modules/6.18.0-54b1f91a71b7+/modules.devname).
[    6.334623] systemd[1]: Starting Monitoring of LVM2 mirrors, snapshots etc. using dmeventd or progress polling...
         Starting [0;1;39mMonitoring of LVM…meventd or progress polling[0m...
[    6.346332] systemd[1]: Starting Load Kernel Module configfs...
         Starting [0;1;39mLoad Kernel Module configfs[0m...
[    6.356529] systemd[1]: Starting Load Kernel Module drm...
         Starting [0;1;39mLoad Kernel Module drm[0m...
[    6.386771] systemd[1]: Starting Load Kernel Module fuse...
         Starting [0;1;39mLoad Kernel Module fuse[0m...
[    6.397399] systemd[1]: Starting Read and set NIS domainname from /etc/sysconfig/network...
         Starting [0;1;39mRead and set NIS …from /etc/sysconfig/network[0m...
[    6.479060] systemd[1]: Starting Journal Service...
         Starting [0;1;39mJournal Service[0m...
[    6.487566] systemd[1]: Starting Load Kernel Modules...
         Starting [0;1;39mLoad Kernel Modules[0m...
[    6.506654] systemd[1]: Starting Generate network units from Kernel command line...
         Starting [0;1;39mGenerate network …ts from Kernel command line[0m...
[    6.519056] systemd[1]: Starting Remount Root and Kernel File Systems...
         Starting [0;1;39mRemount Root and Kernel File Systems[0m...
[    6.521194] systemd[1]: Repartition Root Disk was skipped because no trigger condition checks were met.
[    6.539322] systemd[1]: Starting Coldplug All udev Devices...
         Starting [0;1;39mColdplug All udev Devices[0m...
[    6.574365] systemd[1]: Mounted Huge Pages File System.
[[0;32m  OK  [0m] Mounted [0;1;39mHuge Pages File System[0m.
[    6.579652] systemd[1]: Mounted POSIX Message Queue File System.
[[0;32m  OK  [0m] Mounted [0;1;39mPOSIX Message Queue File System[0m.
[    6.583551] systemd[1]: Mounted Kernel Debug File System.
[[0;32m  OK  [0m] Mounted [0;1;39mKernel Debug File System[0m.
[    6.584926] systemd[1]: Mounted Kernel Trace File System.
[[0;32m  OK  [0m] Mounted [0;1;39mKernel Trace File System[0m.
[    6.587457] systemd[1]: Finished Monitoring of LVM2 mirrors, snapshots etc. using dmeventd or progress polling.
[[0;32m  OK  [0m] Finished [0;1;39mMonitoring of LVM… dmeventd or progress polling[0m.
[    6.590487] systemd[1]: modprobe@configfs.service: Deactivated successfully.
[    6.592194] systemd[1]: Finished Load Kernel Module configfs.
[[0;32m  OK  [0m] Finished [0;1;39mLoad Kernel Module configfs[0m.
[    6.594539] systemd[1]: modprobe@drm.service: Deactivated successfully.
[    6.595920] systemd[1]: Finished Load Kernel Module drm.
[[0;32m  OK  [0m] Finished [0;1;39mLoad Kernel Module drm[0m.
[    6.600639] systemd[1]: modprobe@fuse.service: Deactivated successfully.
[    6.607346] EXT4-fs (sda): re-mounted 088740a9-c8b4-422c-999d-a804eb68a4da r/w.
[    6.609457] systemd[1]: Finished Load Kernel Module fuse.
[[0;32m  OK  [0m] Finished [0;1;39mLoad Kernel Module fuse[0m.
[    6.629944] systemd[1]: Finished Read and set NIS domainname from /etc/sysconfig/network.
[[0;32m  OK  [0m] Finished [0;1;39mRead and set NIS …e from /etc/sysconfig/network[0m.
[    6.631828] systemd[1]: Started Journal Service.
[[0;32m  OK  [0m] Started [0;1;39mJournal Service[0m.
[[0;1;31mFAILED[0m] Failed to start [0;1;39mLoad Kernel Modules[0m.
See 'systemctl status systemd-modules-load.service' for details.
[[0;32m  OK  [0m] Finished [0;1;39mGenerate network units from Kernel command line[0m.
[[0;32m  OK  [0m] Finished [0;1;39mRemount Root and Kernel File Systems[0m.
[[0;32m  OK  [0m] Reached target [0;1;39mPreparation for Network[0m.
         Mounting [0;1;39mFUSE Control File System[0m...
         Mounting [0;1;39mKernel Configuration File System[0m...
         Starting [0;1;39mFlush Journal to Persistent Storage[0m...
         Starting [0;1;39mLoad/Save Random Seed[0m...
         Starting [0;1;39mApply Kernel Variables[0m...
[    6.759016] systemd-journald[141]: Received client request to flush runtime journal.
         Starting [0;1;39mCreate Static Device Nodes in /dev[0m...
         Starting [0;1;39mSetup Virtual Console[0m...
[[0;32m  OK  [0m] Mounted [0;1;39mFUSE Control File System[0m.
[[0;32m  OK  [0m] Mounted [0;1;39mKernel Configuration File System[0m.
[[0;32m  OK  [0m] Finished [0;1;39mFlush Journal to Persistent Storage[0m.
[[0;32m  OK  [0m] Finished [0;1;39mLoad/Save Random Seed[0m.
[[0;32m  OK  [0m] Finished [0;1;39mApply Kernel Variables[0m.
[[0;32m  OK  [0m] Finished [0;1;39mCreate Static Device Nodes in /dev[0m.
         Starting [0;1;39mRule-based Manage…for Device Events and Files[0m...
[[0;32m  OK  [0m] Started [0;1;39mRule-based Manager for Device Events and Files[0m.
         Starting [0;1;39mAuto-connect to s…E devices found during boot[0m...
[[0;32m  OK  [0m] Finished [0;1;39mAuto-connect to s…VME devices found during boot[0m.
[[0;32m  OK  [0m] Finished [0;1;39mColdplug All udev Devices[0m.
         Starting [0;1;39mWait for udev To …plete Device Initialization[0m...
[[0;32m  OK  [0m] Finished [0;1;39mSetup Virtual Console[0m.
[[0;32m  OK  [0m] Started [0;1;39mDispatch Password …ts to Console Directory Watch[0m.
[[0;32m  OK  [0m] Reached target [0;1;39mLocal Encrypted Volumes[0m.
[[0;32m  OK  [0m] Reached target [0;1;39mPath Units[0m.
[[0;32m  OK  [0m] Found device [0;1;39m/dev/ttyS0[0m.
[[0;32m  OK  [0m] Listening on [0;1;39mLoad/Save RF …itch Status /dev/rfkill Watch[0m.
[[0;32m  OK  [0m] Finished [0;1;39mWait for udev To Complete Device Initialization[0m.
[[0;32m  OK  [0m] Reached target [0;1;39mPreparation for Local File Systems[0m.
[[0;32m  OK  [0m] Reached target [0;1;39mLocal File Systems[0m.
         Starting [0;1;39mTell Plymouth To Write Out Runtime Data[0m...
         Starting [0;1;39mAutomatic Boot Loader Update[0m...
         Starting [0;1;39mCreate Volatile Files and Directories[0m...
[[0;32m  OK  [0m] Finished [0;1;39mTell Plymouth To Write Out Runtime Data[0m.
[[0;32m  OK  [0m] Finished [0;1;39mAutomatic Boot Loader Update[0m.
[[0;32m  OK  [0m] Finished [0;1;39mCreate Volatile Files and Directories[0m.
         Mounting [0;1;39mRPC Pipe File System[0m...
         Starting [0;1;39mSecurity Auditing Service[0m...
         Starting [0;1;39mRPC Bind[0m...
[[0;32m  OK  [0m] Mounted [0;1;39mRPC Pipe File System[0m.
[[0;32m  OK  [0m] Reached target [0;1;39mrpc_pipefs.target[0m.
[[0;32m  OK  [0m] Started [0;1;39mRPC Bind[0m.
[[0;32m  OK  [0m] Started [0;1;39mSecurity Auditing Service[0m.
         Starting [0;1;39mRecord System Boot/Shutdown in UTMP[0m...
[[0;32m  OK  [0m] Finished [0;1;39mRecord System Boot/Shutdown in UTMP[0m.
[[0;32m  OK  [0m] Reached target [0;1;39mSystem Initialization[0m.
[[0;32m  OK  [0m] Started [0;1;39mDaily rotation of log files[0m.
[[0;32m  OK  [0m] Started [0;1;39mUpdates mlocate database every day[0m.
[[0;32m  OK  [0m] Started [0;1;39mDaily Cleanup of Temporary Directories[0m.
[[0;32m  OK  [0m] Started [0;1;39mdaily update of the root trust anchor for DNSSEC[0m.
[[0;32m  OK  [0m] Reached target [0;1;39mTimer Units[0m.
[[0;32m  OK  [0m] Listening on [0;1;39mD-Bus System Message Bus Socket[0m.
[[0;32m  OK  [0m] Listening on [0;1;39mOpen-iSCSI iscsid Socket[0m.
[[0;32m  OK  [0m] Listening on [0;1;39mOpen-iSCSI iscsiuio Socket[0m.
[[0;32m  OK  [0m] Listening on [0;1;39mSSSD Kerberos…ache Manager responder socket[0m.
[[0;32m  OK  [0m] Listening on [0;1;39mLibvirt interface local socket[0m.
[[0;32m  OK  [0m] Listening on [0;1;39mVirtual machine lock manager socket[0m.
[[0;32m  OK  [0m] Listening on [0;1;39mVirtual machine log manager socket[0m.
[[0;32m  OK  [0m] Listening on [0;1;39mLibvirt network local socket[0m.
[[0;32m  OK  [0m] Listening on [0;1;39mLibvirt nodedev local socket[0m.
[[0;32m  OK  [0m] Listening on [0;1;39mLibvirt nwfilter local socket[0m.
[[0;32m  OK  [0m] Listening on [0;1;39mLibvirt proxy local socket[0m.
[[0;32m  OK  [0m] Listening on [0;1;39mLibvirt qemu local socket[0m.
[[0;32m  OK  [0m] Listening on [0;1;39mLibvirt qemu admin socket[0m.
[[0;32m  OK  [0m] Listening on [0;1;39mLibvirt qemu local read-only socket[0m.
[[0;32m  OK  [0m] Listening on [0;1;39mLibvirt secret local socket[0m.
[[0;32m  OK  [0m] Listening on [0;1;39mLibvirt storage local socket[0m.
[[0;32m  OK  [0m] Reached target [0;1;39mSocket Units[0m.
         Starting [0;1;39mD-Bus System Message Bus[0m...
[[0;32m  OK  [0m] Started [0;1;39mD-Bus System Message Bus[0m.
[[0;32m  OK  [0m] Reached target [0;1;39mBasic System[0m.
         Starting [0;1;39mNetwork Manager[0m...
         Starting [0;1;39mNTP client/server[0m...
         Starting [0;1;39mRestore /run/initramfs on shutdown[0m...
[[0;32m  OK  [0m] Started [0;1;39mirqbalance daemon[0m.
[[0;32m  OK  [0m] Started [0;1;39mlibstoragemgmt plug-in server daemon[0m.
[[0;32m  OK  [0m] Started [0;1;39mMachine Check Exception Logging Daemon[0m.
[[0;32m  OK  [0m] Reached target [0;1;39msshd-keygen.target[0m.
[[0;32m  OK  [0m] Reached target [0;1;39mUser and Group Name Lookups[0m.
         Starting [0;1;39mUser Login Management[0m...
         Starting [0;1;39mVirtual Machine a…tainer Registration Service[0m...
         Starting [0;1;39mupdate of the roo…NSSEC validation in unbound[0m...
         Starting [0;1;39mRotate log files[0m...
[[0;32m  OK  [0m] Started [0;1;39mUpdate a database for mlocate[0m.
[[0;32m  OK  [0m] Finished [0;1;39mRestore /run/initramfs on shutdown[0m.
[[0;32m  OK  [0m] Started [0;1;39mVirtual Machine an…ontainer Registration Service[0m.
         Starting [0;1;39mHostname Service[0m...
[[0;32m  OK  [0m] Finished [0;1;39mupdate of the roo… DNSSEC validation in unbound[0m.
[[0;32m  OK  [0m] Started [0;1;39mNTP client/server[0m.
[[0;32m  OK  [0m] Started [0;1;39mUser Login Management[0m.
[[0;32m  OK  [0m] Started [0;1;39mHostname Service[0m.
         Starting [0;1;39mNetwork Manager Script Dispatcher Service[0m...
[[0;32m  OK  [0m] Started [0;1;39mNetwork Manager Script Dispatcher Service[0m.
[   10.650109] e1000: eth0 NIC Link is Up 1000 Mbps Full Duplex, Flow Control: RX
[[0;32m  OK  [0m] Finished [0;1;39mRotate log files[0m.
[[0;32m  OK  [0m] Started [0;1;39mNetwork Manager[0m.
[[0;32m  OK  [0m] Reached target [0;1;39mNetwork[0m.
[[0;32m  OK  [0m] Reached target [0;1;39mNetwork is Online[0m.
         Starting [0;1;39mGSSAPI Proxy Daemon[0m...
         Starting [0;1;39mNotify NFS peers of a restart[0m...
         Starting [0;1;39mSystem Logging Service[0m...
         Starting [0;1;39mOpenSSH server daemon[0m...
         Starting [0;1;39mDynamic System Tuning Daemon[0m...
[[0;32m  OK  [0m] Started [0;1;39mNotify NFS peers of a restart[0m.
[[0;32m  OK  [0m] Started [0;1;39mGSSAPI Proxy Daemon[0m.
[[0;32m  OK  [0m] Reached target [0;1;39mNFS client services[0m.
[[0;32m  OK  [0m] Reached target [0;1;39mPreparation for Remote File Systems[0m.
[[0;32m  OK  [0m] Reached target [0;1;39mRemote File Systems[0m.
         Starting [0;1;39mPermit User Sessions[0m...
         Starting [0;1;39mVirtualization qemu daemon[0m...
[[0;32m  OK  [0m] Started [0;1;39mOpenSSH server daemon[0m.
[[0;32m  OK  [0m] Finished [0;1;39mPermit User Sessions[0m.
[[0;32m  OK  [0m] Started [0;1;39mDeferred execution scheduler[0m.
[[0;32m  OK  [0m] Started [0;1;39mCommand Scheduler[0m.
         Starting [0;1;39mHold until boot process finishes up[0m...
         Starting [0;1;39mTerminate Plymouth Boot Screen[0m...
[[0;32m  OK  [0m] Finished [0;1;39mHold until boot process finishes up[0m.
[[0;32m  OK  [0m] Started [0;1;39mGetty on tty1[0m.
[[0;32m  OK  [0m] Started [0;1;39mSerial Getty on ttyS0[0m.
[[0;32m  OK  [0m] Reached target [0;1;39mLogin Prompts[0m.
[[0;32m  OK  [0m] Started [0;1;39mSystem Logging Service[0m.
[[0;32m  OK  [0m] Started [0;1;39mVirtualization qemu daemon[0m.
[[0;32m  OK  [0m] Finished [0;1;39mTerminate Plymouth Boot Screen[0m.
         Starting [0;1;39mAuthorization Manager[0m...
[[0;32m  OK  [0m] Started [0;1;39mAuthorization Manager[0m.
[[0;32m  OK  [0m] Started [0;1;39mDynamic System Tuning Daemon[0m.
[[0;32m  OK  [0m] Reached target [0;1;39mMulti-User System[0m.
         Starting [0;1;39mRecord Runlevel Change in UTMP[0m...
[[0;32m  OK  [0m] Finished [0;1;39mRecord Runlevel Change in UTMP[0m.

CentOS Stream 9
Kernel 6.18.0-54b1f91a71b7+ on an x86_64

Activate the web console with: systemctl enable --now cockpit.socket

test login: [   21.094494] loop0: detected capacity change from 0 to 32768
[   21.139685] XFS (loop0): Mounting V5 Filesystem bfdc47fc-10d8-4eed-a562-11a831b3f791
[   21.141502] loop6: detected capacity change from 0 to 32768
[   21.186291] XFS (loop6): Mounting V5 Filesystem bfdc47fc-10d8-4eed-a562-11a831b3f791
[   21.229937] XFS (loop6): Ending clean mount
[   21.233227] XFS (loop6): Quotacheck needed: Please wait.
[   21.245574] XFS (loop6): Quotacheck: Done.
[   21.275264] XFS (loop0): Ending clean mount
[   21.278700] XFS (loop0): Quotacheck needed: Please wait.
[   21.283846] loop7: detected capacity change from 0 to 32768
[   21.302630] XFS (loop0): Quotacheck: Done.
[   21.314551] XFS (loop7): Mounting V5 Filesystem bfdc47fc-10d8-4eed-a562-11a831b3f791
[   21.345285] loop3: detected capacity change from 0 to 32768
[   21.362134] XFS (loop7): Ending clean mount
[   21.363058] XFS (loop7): Quotacheck needed: Please wait.
[   21.378766] XFS (loop3): Mounting V5 Filesystem bfdc47fc-10d8-4eed-a562-11a831b3f791
[   21.417296] loop5: detected capacity change from 0 to 32768
[   21.423539] XFS (loop7): Quotacheck: Done.
[   21.462138] loop1: detected capacity change from 0 to 32768
[   21.465046] loop2: detected capacity change from 0 to 32768
[   21.466578] XFS (loop5): Mounting V5 Filesystem bfdc47fc-10d8-4eed-a562-11a831b3f791
[   21.529507] XFS (loop1): Mounting V5 Filesystem bfdc47fc-10d8-4eed-a562-11a831b3f791
[   21.531622] XFS (loop2): Mounting V5 Filesystem bfdc47fc-10d8-4eed-a562-11a831b3f791
[   21.573386] XFS (loop5): Ending clean mount
[   21.575208] XFS (loop5): Quotacheck needed: Please wait.
[   21.578420] XFS (loop2): Ending clean mount
[   21.579694] XFS (loop3): Ending clean mount
[   21.580580] XFS (loop3): Quotacheck needed: Please wait.
[   21.586561] XFS (loop2): Quotacheck needed: Please wait.
[   21.598453] XFS (loop1): Ending clean mount
[   21.602336] XFS (loop1): Quotacheck needed: Please wait.
[   21.631296] XFS (loop5): Quotacheck: Done.
[   21.655755] repro: page allocation failure: order:0, mode:0x10cc0(GFP_KERNEL|__GFP_NORETRY), nodemask=(null),cpuset=/,mems_allowed=0
[   21.656807] CPU: 1 UID: 0 PID: 732 Comm: repro Not tainted 6.18.0-54b1f91a71b7+ #1 PREEMPT(voluntary) 
[   21.656824] Hardware name: QEMU Standard PC (i440FX + PIIX, 1996), BIOS rel-1.16.0-0-gd239552ce722-prebuilt.qemu.org 04/01/2014
[   21.656832] Call Trace:
[   21.656840]  <TASK>
[   21.656845]  dump_stack_lvl+0x121/0x150
[   21.656892]  dump_stack+0x19/0x20
[   21.656899]  warn_alloc+0x216/0x360
[   21.656930]  ? __pfx_warn_alloc+0x10/0x10
[   21.656948]  ? __pfx___alloc_pages_direct_compact+0x10/0x10
[   21.656959]  ? __drain_all_pages+0x2c/0x480
[   21.656974]  __alloc_pages_slowpath.constprop.0+0x1340/0x2230
[   21.656997]  ? __pfx___alloc_pages_slowpath.constprop.0+0x10/0x10
[   21.657013]  ? __might_sleep+0x108/0x160
[   21.657036]  __alloc_frozen_pages_noprof+0x47f/0x550
[   21.657049]  ? __pfx___alloc_frozen_pages_noprof+0x10/0x10
[   21.657059]  ? sysvec_apic_timer_interrupt+0x6a/0xd0
[   21.657072]  ? __this_cpu_preempt_check+0x21/0x30
[   21.657085]  ? __sanitizer_cov_trace_switch+0x58/0xa0
[   21.657105]  ? policy_nodemask+0xf9/0x450
[   21.657120]  alloc_pages_mpol+0x236/0x4c0
[   21.657132]  ? __pfx_alloc_pages_mpol+0x10/0x10
[   21.657139]  ? asm_sysvec_apic_timer_interrupt+0x1f/0x30
[   21.657159]  alloc_frozen_pages_noprof+0xa9/0x180
[   21.657170]  alloc_pages_noprof+0x27/0xa0
[   21.657179]  kimage_alloc_pages+0x78/0x240
[   21.657197]  kimage_alloc_control_pages+0x1ca/0xa60
[   21.657213]  ? __pfx_kimage_alloc_control_pages+0x10/0x10
[   21.657223]  ? __sanitizer_cov_trace_cmp8+0x1c/0x30
[   21.657237]  do_kexec_load+0x39b/0x8c0
[   21.657247]  ? __might_fault+0xf1/0x1b0
[   21.657264]  ? __pfx_do_kexec_load+0x10/0x10
[   21.657275]  ? __sanitizer_cov_trace_const_cmp8+0x1c/0x30
[   21.657290]  ? _copy_from_user+0x75/0xa0
[   21.657315]  __x64_sys_kexec_load+0x1cc/0x240
[   21.657328]  x64_sys_call+0x1c90/0x21b0
[   21.657339]  do_syscall_64+0x6d/0x1180
[   21.657349]  entry_SYSCALL_64_after_hwframe+0x76/0x7e
[   21.657356] RIP: 0033:0x7fbb8203ee5d
[   21.657374] Code: ff c3 66 2e 0f 1f 84 00 00 00 00 00 90 f3 0f 1e fa 48 89 f8 48 89 f7 48 89 d6 48 89 ca 4d 89 c2 4d 89 c8 4c 8b 4c 24 08 0f 05 <48> 3d 01 f0 ff ff 73 01 c3 48 8b 0d 93 af 1b 00 f7 d8 64 89 01 48
[   21.657381] RSP: 002b:00007ffcbd1a7938 EFLAGS: 00000207 ORIG_RAX: 00000000000000f6
[   21.657393] RAX: ffffffffffffffda RBX: 0000000000000000 RCX: 00007fbb8203ee5d
[   21.657402] RDX: 0000200000000180 RSI: 0000000000000003 RDI: 0000000000000000
[   21.657407] RBP: 00007ffcbd1a7950 R08: 00007ffcbd1a73c0 R09: 00007ffcbd1a7950
[   21.657411] R10: 0000000000000000 R11: 0000000000000207 R12: 00007ffcbd1a7aa8
[   21.657415] R13: 00000000004030f5 R14: 000000000040ee08 R15: 00007fbb82385000
[   21.657432]  </TASK>
[   21.657435] Mem-Info:
[   21.671338] active_anon:4534 inactive_anon:42922 isolated_anon:0
[   21.671338]  active_file:20860 inactive_file:30787 isolated_file:32
[   21.671338]  unevictable:0 dirty:288 writeback:1
[   21.671338]  slab_reclaimable:16482 slab_unreclaimable:24704
[   21.671338]  mapped:13694 shmem:31590 pagetables:1114
[   21.671338]  sec_pagetables:0 bounce:0
[   21.671338]  kernel_misc_reclaimable:0
[   21.671338]  free:12829 free_pcp:227 free_cma:0
[   21.673463] Node 0 active_anon:18136kB inactive_anon:171856kB active_file:83440kB inactive_file:122968kB unevictable:0kB isolated(anon):0kB isolated(file):128kB mapped:54776kB dirty:1152kB writeback:4kB shmem:126360kB shmem_thp:0kB shmem_pmdmapped:0kB anon_thp:0kB kernel_stack:7936kB pagetables:4456kB sec_pagetables:0kB all_unreclaimable? no Balloon:0kB
[   21.675168] Node 0 DMA free:6528kB boost:0kB min:444kB low:552kB high:660kB reserved_highatomic:0KB free_highatomic:0KB active_anon:0kB inactive_anon:76kB active_file:0kB inactive_file:0kB unevictable:0kB writepending:0kB zspages:0kB present:15992kB managed:15360kB mlocked:0kB bounce:0kB free_pcp:0kB local_pcp:0kB free_cma:0kB
[   21.676737] lowmem_reserve[]: 0 1522 1522 1522 1522
[   21.677032] Node 0 DMA32 free:44600kB boost:0kB min:44608kB low:55760kB high:66912kB reserved_highatomic:0KB free_highatomic:0KB active_anon:18136kB inactive_anon:171856kB active_file:83440kB inactive_file:122796kB unevictable:0kB writepending:1212kB zspages:0kB present:2080640kB managed:1558740kB mlocked:0kB bounce:0kB free_pcp:940kB local_pcp:0kB free_cma:0kB
[   21.678773] lowmem_reserve[]: 0 0 0 0 0
[   21.679015] Node 0 DMA: 2*4kB (UM) 1*8kB (M) 0*16kB 1*32kB (U) 0*64kB 1*128kB (M) 1*256kB (M) 2*512kB (UM) 1*1024kB (M) 0*2048kB 1*4096kB (M) = 6576kB
[   21.679835] Node 0 DMA32: 1274*4kB (UM) 360*8kB (UME) 126*16kB (ME) 77*32kB (UME) 49*64kB (UME) 26*128kB (UME) 11*256kB (M) 7*512kB (M) 3*1024kB (UM) 2*2048kB (ME) 3*4096kB (M) = 44776kB
[   21.680822] Node 0 hugepages_total=0 hugepages_free=0 hugepages_surp=0 hugepages_size=1048576kB
[   21.681306] Node 0 hugepages_total=0 hugepages_free=0 hugepages_surp=0 hugepages_size=2048kB
[   21.681790] 83222 total pagecache pages
[   21.682015] 0 pages in swap cache
[   21.682211] Free swap  = 0kB
[   21.682385] Total swap = 0kB
[   21.682558] 524158 pages RAM
[   21.682731] 0 pages HighMem/MovableOnly
[   21.682964] 130633 pages reserved
[   21.683158] 0 pages cma reserved
[   21.683350] 0 pages hwpoisoned
[   21.683532] Memory cgroup min protection 0kB -- low protection 0kB
[   21.748575] kexec: Could not allocate control_code_buffer
[   21.803683] XFS (loop3): Quotacheck: Done.
[   21.817999] XFS (loop1): Quotacheck: Done.
[   21.824214] XFS (loop2): Quotacheck: Done.
[   22.159394] loop4: detected capacity change from 0 to 32768
[   22.178845] XFS (loop4): Mounting V5 Filesystem bfdc47fc-10d8-4eed-a562-11a831b3f791
[   22.258734] XFS (loop4): Ending clean mount
[   22.262705] XFS (loop4): Quotacheck needed: Please wait.
[   22.270606] XFS (loop4): Quotacheck: Done.
[   22.716625] 
[   22.716776] ======================================================
[   22.717168] WARNING: possible circular locking dependency detected
[   22.717533] 6.18.0-54b1f91a71b7+ #1 Not tainted
[   22.717808] ------------------------------------------------------
[   22.718166] kswapd0/58 is trying to acquire lock:
[   22.718448] ffff888028db3598 (&xfs_nondir_ilock_class){++++}-{4:4}, at: xfs_ilock+0x30f/0x390
[   22.718978] 
[   22.718978] but task is already holding lock:
[   22.719322] ffffffff878485a0 (fs_reclaim){+.+.}-{0:0}, at: balance_pgdat+0xb7e/0x15c0
[   22.719798] 
[   22.719798] which lock already depends on the new lock.
[   22.719798] 
[   22.720268] 
[   22.720268] the existing dependency chain (in reverse order) is:
[   22.720701] 
[   22.720701] -> #1 (fs_reclaim){+.+.}-{0:0}:
[   22.721045]        fs_reclaim_acquire+0x116/0x160
[   22.721334]        __kmalloc_cache_noprof+0x53/0x830
[   22.721639]        iomap_fill_dirty_folios+0x118/0x2c0
[   22.721959]        xfs_buffered_write_iomap_begin+0xf18/0x2150
[   22.722312]        iomap_iter+0x551/0xf40
[   22.722559]        iomap_zero_range+0x20b/0xa90
[   22.722837]        xfs_zero_range+0xb5/0x100
[   22.723103]        xfs_reflink_remap_prep+0x3d3/0xa90
[   22.723415]        xfs_file_remap_range+0x23c/0xdc0
[   22.723711]        vfs_clone_file_range+0x2b1/0xda0
[   22.724010]        ioctl_file_clone+0x6e/0x110
[   22.724290]        do_vfs_ioctl+0xcab/0x14d0
[   22.724551]        __x64_sys_ioctl+0x127/0x220
[   22.724820]        x64_sys_call+0x1280/0x21b0
[   22.725092]        do_syscall_64+0x6d/0x1180
[   22.725355]        entry_SYSCALL_64_after_hwframe+0x76/0x7e
[   22.725685] 
[   22.725685] -> #0 (&xfs_nondir_ilock_class){++++}-{4:4}:
[   22.726094]        __lock_acquire+0x14d1/0x2210
[   22.726382]        lock_acquire+0x170/0x2f0
[   22.726637]        down_write_nested+0x9a/0x210
[   22.726916]        xfs_ilock+0x30f/0x390
[   22.727162]        xfs_icwalk_ag+0xaec/0x1b60
[   22.727438]        xfs_icwalk+0x56/0xc0
[   22.727671]        xfs_reclaim_inodes_nr+0x1d3/0x2d0
[   22.727968]        xfs_fs_free_cached_objects+0x6a/0x90
[   22.728284]        super_cache_scan+0x415/0x570
[   22.728563]        do_shrink_slab+0x408/0x1030
[   22.728833]        shrink_slab+0x348/0x12f0
[   22.729088]        shrink_node+0xacc/0x2670
[   22.729342]        balance_pgdat+0xa2d/0x15c0
[   22.729607]        kswapd+0x5b9/0xab0
[   22.729830]        kthread+0x464/0x980
[   22.730066]        ret_from_fork+0x780/0x8f0
[   22.730368]        ret_from_fork_asm+0x1a/0x30
[   22.730638] 
[   22.730638] other info that might help us debug this:
[   22.730638] 
[   22.731097]  Possible unsafe locking scenario:
[   22.731097] 
[   22.731454]        CPU0                    CPU1
[   22.731723]        ----                    ----
[   22.731991]   lock(fs_reclaim);
[   22.732190]                                lock(&xfs_nondir_ilock_class);
[   22.732595]                                lock(fs_reclaim);
[   22.732932]   lock(&xfs_nondir_ilock_class);
[   22.733190] 
[   22.733190]  *** DEADLOCK ***
[   22.733190] 
[   22.733537] 2 locks held by kswapd0/58:
[   22.733767]  #0: ffffffff878485a0 (fs_reclaim){+.+.}-{0:0}, at: balance_pgdat+0xb7e/0x15c0
[   22.734259]  #1: ffff888010b2a0e0 (&type->s_umount_key#53){.+.+}-{4:4}, at: super_cache_scan+0x9f/0x570
[   22.734821] 
[   22.734821] stack backtrace:
[   22.735084] CPU: 1 UID: 0 PID: 58 Comm: kswapd0 Not tainted 6.18.0-54b1f91a71b7+ #1 PREEMPT(voluntary) 
[   22.735094] Hardware name: QEMU Standard PC (i440FX + PIIX, 1996), BIOS rel-1.16.0-0-gd239552ce722-prebuilt.qemu.org 04/01/2014
[   22.735101] Call Trace:
[   22.735103]  <TASK>
[   22.735109]  dump_stack_lvl+0xea/0x150
[   22.735118]  dump_stack+0x19/0x20
[   22.735126]  print_circular_bug+0x283/0x350
[   22.735136]  check_noncircular+0x12d/0x150
[   22.735144]  ? do_shrink_slab+0x408/0x1030
[   22.735153]  ? shrink_slab+0x348/0x12f0
[   22.735165]  __lock_acquire+0x14d1/0x2210
[   22.735178]  lock_acquire+0x170/0x2f0
[   22.735186]  ? xfs_ilock+0x30f/0x390
[   22.735203]  down_write_nested+0x9a/0x210
[   22.735213]  ? xfs_ilock+0x30f/0x390
[   22.735224]  ? __pfx_down_write_nested+0x10/0x10
[   22.735235]  ? xfs_icwalk_ag+0xadf/0x1b60
[   22.735249]  ? xfs_icwalk_ag+0xaec/0x1b60
[   22.735264]  ? xfs_icwalk_ag+0xaec/0x1b60
[   22.735277]  xfs_ilock+0x30f/0x390
[   22.735292]  xfs_icwalk_ag+0xaec/0x1b60
[   22.735311]  ? __pfx_xfs_icwalk_ag+0x10/0x10
[   22.735328]  ? __pfx_xa_find+0x10/0x10
[   22.735340]  ? xfs_group_grab_next_mark+0x26a/0x520
[   22.735355]  ? __this_cpu_preempt_check+0x21/0x30
[   22.735367]  ? lock_release+0x14f/0x2a0
[   22.735377]  ? xfs_group_grab_next_mark+0x274/0x520
[   22.735386]  ? __pfx_xfs_group_grab_next_mark+0x10/0x10
[   22.735396]  ? __pfx_try_to_wake_up+0x10/0x10
[   22.735407]  ? lock_release+0x14f/0x2a0
[   22.735418]  xfs_icwalk+0x56/0xc0
[   22.735426]  xfs_reclaim_inodes_nr+0x1d3/0x2d0
[   22.735434]  ? __pfx_xfs_reclaim_inodes_nr+0x10/0x10
[   22.735443]  ? __this_cpu_preempt_check+0x21/0x30
[   22.735454]  ? __pfx_prune_icache_sb+0x10/0x10
[   22.735466]  xfs_fs_free_cached_objects+0x6a/0x90
[   22.735475]  super_cache_scan+0x415/0x570
[   22.735486]  do_shrink_slab+0x408/0x1030
[   22.735500]  shrink_slab+0x348/0x12f0
[   22.735513]  ? shrink_slab+0x160/0x12f0
[   22.735522]  ? __pfx_shrink_slab+0x10/0x10
[   22.735537]  shrink_node+0xacc/0x2670
[   22.735554]  ? __pfx_shrink_node+0x10/0x10
[   22.735562]  ? preempt_schedule_common+0x49/0xd0
[   22.735575]  balance_pgdat+0xa2d/0x15c0
[   22.735587]  ? __pfx_balance_pgdat+0x10/0x10
[   22.735607]  kswapd+0x5b9/0xab0
[   22.735618]  ? __pfx_kswapd+0x10/0x10
[   22.735624]  ? _raw_spin_unlock_irqrestore+0x35/0x70
[   22.735638]  ? trace_hardirqs_on+0x26/0x130
[   22.735652]  ? __pfx_autoremove_wake_function+0x10/0x10
[   22.735671]  ? __sanitizer_cov_trace_const_cmp1+0x1e/0x30
[   22.735682]  ? __kthread_parkme+0x1bc/0x260
[   22.735695]  ? __pfx_kswapd+0x10/0x10
[   22.735703]  ? __pfx_kswapd+0x10/0x10
[   22.735711]  kthread+0x464/0x980
[   22.735719]  ? __pfx_kthread+0x10/0x10
[   22.735725]  ? trace_hardirqs_on+0x26/0x130
[   22.735735]  ? _raw_spin_unlock_irq+0x3c/0x60
[   22.735745]  ? __pfx_kthread+0x10/0x10
[   22.735753]  ret_from_fork+0x780/0x8f0
[   22.735763]  ? __pfx_ret_from_fork+0x10/0x10
[   22.735771]  ? native_load_tls+0x16/0x50
[   22.735782]  ? __sanitizer_cov_trace_const_cmp8+0x1c/0x30
[   22.735792]  ? __switch_to+0x823/0x10b0
[   22.735810]  ? __pfx_kthread+0x10/0x10
[   22.735818]  ret_from_fork_asm+0x1a/0x30
[   22.735834]  </TASK>
[   22.925502] kexec: Could not allocate control_code_buffer
[   23.643225] repro invoked oom-killer: gfp_mask=0x140cca(GFP_HIGHUSER_MOVABLE|__GFP_COMP), order=0, oom_score_adj=1000
[   23.643892] CPU: 0 UID: 0 PID: 831 Comm: repro Not tainted 6.18.0-54b1f91a71b7+ #1 PREEMPT(voluntary) 
[   23.643902] Hardware name: QEMU Standard PC (i440FX + PIIX, 1996), BIOS rel-1.16.0-0-gd239552ce722-prebuilt.qemu.org 04/01/2014
[   23.643908] Call Trace:
[   23.643911]  <TASK>
[   23.643914]  dump_stack_lvl+0x121/0x150
[   23.643929]  dump_stack+0x19/0x20
[   23.643936]  dump_header+0x10f/0x940
[   23.643956]  oom_kill_process+0x188/0x910
[   23.643972]  out_of_memory+0x34c/0x1710
[   23.643986]  ? __pfx_out_of_memory+0x10/0x10
[   23.644002]  __alloc_pages_slowpath.constprop.0+0x1b8d/0x2230
[   23.644024]  ? __pfx___alloc_pages_slowpath.constprop.0+0x10/0x10
[   23.644046]  __alloc_frozen_pages_noprof+0x47f/0x550
[   23.644060]  ? __pfx___alloc_frozen_pages_noprof+0x10/0x10
[   23.644073]  ? do_raw_spin_unlock+0x15c/0x210
[   23.644088]  ? __sanitizer_cov_trace_switch+0x58/0xa0
[   23.644100]  ? policy_nodemask+0xf9/0x450
[   23.644110]  alloc_pages_mpol+0x236/0x4c0
[   23.644120]  ? __pfx_alloc_pages_mpol+0x10/0x10
[   23.644128]  ? rcu_is_watching+0x19/0xc0
[   23.644145]  ? lock_release+0x1ea/0x2a0
[   23.644159]  folio_alloc_mpol_noprof+0x44/0x120
[   23.644172]  shmem_alloc_folio+0x128/0x150
[   23.644185]  shmem_alloc_and_add_folio+0x403/0xab0
[   23.644203]  ? __pfx_shmem_alloc_and_add_folio+0x10/0x10
[   23.644219]  ? trace_hardirqs_on+0x26/0x130
[   23.644231]  shmem_get_folio_gfp+0x595/0x1350
[   23.644249]  ? __pfx_shmem_get_folio_gfp+0x10/0x10
[   23.644263]  ? sysvec_call_function_single+0x9a/0x110
[   23.644275]  shmem_write_begin+0x1c0/0x510
[   23.644288]  ? __pfx_shmem_write_begin+0x10/0x10
[   23.644295]  ? balance_dirty_pages_ratelimited_flags+0x9b/0x12a0
[   23.644304]  ? __sanitizer_cov_trace_const_cmp1+0x1e/0x30
[   23.644315]  ? shmem_write_end+0x1ee/0x3d0
[   23.644330]  generic_perform_write+0x438/0x920
[   23.644347]  ? __pfx_generic_perform_write+0x10/0x10
[   23.644357]  ? __sanitizer_cov_trace_const_cmp4+0x1a/0x20
[   23.644367]  ? mnt_put_write_access_file+0x5c/0x110
[   23.644382]  ? file_update_time_flags+0x284/0x510
[   23.644400]  shmem_file_write_iter+0x11b/0x150
[   23.644412]  vfs_write+0xc6d/0x11f0
[   23.644425]  ? __pfx___handle_mm_fault+0x10/0x10
[   23.644448]  ? __pfx_shmem_file_write_iter+0x10/0x10
[   23.644460]  ? __pfx_vfs_write+0x10/0x10
[   23.644471]  ? rcu_read_unlock+0x31/0xc0
[   23.644493]  ksys_write+0x14e/0x280
[   23.644506]  ? __pfx_ksys_write+0x10/0x10
[   23.644519]  ? __audit_syscall_entry+0x393/0x4f0
[   23.644538]  __x64_sys_write+0x7b/0xc0
[   23.644549]  ? syscall_trace_enter+0x14d/0x240
[   23.644566]  x64_sys_call+0x1704/0x21b0
[   23.644577]  do_syscall_64+0x6d/0x1180
[   23.644587]  entry_SYSCALL_64_after_hwframe+0x76/0x7e
[   23.644595] RIP: 0033:0x7fbb8213eb97
[   23.644605] Code: 0b 00 f7 d8 64 89 02 48 c7 c0 ff ff ff ff eb b7 0f 1f 00 f3 0f 1e fa 64 8b 04 25 18 00 00 00 85 c0 75 10 b8 01 00 00 00 0f 05 <48> 3d 00 f0 ff ff 77 51 c3 48 83 ec 28 48 89 54 24 18 48 89 74 24
[   23.644613] RSP: 002b:00007ffcbd1a76a8 EFLAGS: 00000246 ORIG_RAX: 0000000000000001
[   23.644621] RAX: ffffffffffffffda RBX: 0000000000000000 RCX: 00007fbb8213eb97
[   23.644627] RDX: 0000000001000000 RSI: 00007fbb79c00000 RDI: 0000000000000003
[   23.644632] RBP: 00007ffcbd1a7700 R08: 00000000ffffffff R09: 0000000000000000
[   23.644637] R10: 00007fbb82007e00 R11: 0000000000000246 R12: 00007ffcbd1a7aa8
[   23.644642] R13: 00000000004030f5 R14: 000000000040ee08 R15: 00007fbb82385000
[   23.644657]  </TASK>
[   23.644677] Mem-Info:
[   23.662903] active_anon:5197 inactive_anon:62221 isolated_anon:0
[   23.662903]  active_file:84 inactive_file:189 isolated_file:0
[   23.662903]  unevictable:0 dirty:0 writeback:0
[   23.662903]  slab_reclaimable:9789 slab_unreclaimable:19573
[   23.662903]  mapped:359 shmem:49464 pagetables:1124
[   23.662903]  sec_pagetables:0 bounce:0
[   23.662903]  kernel_misc_reclaimable:0
[   23.662903]  free:15048 free_pcp:59 free_cma:0
[   23.664982] Node 0 active_anon:20788kB inactive_anon:248884kB active_file:336kB inactive_file:672kB unevictable:0kB isolated(anon):0kB isolated(file):0kB mapped:1352kB dirty:0kB writeback:0kB shmem:197856kB shmem_thp:0kB shmem_pmdmapped:0kB anon_thp:0kB kernel_stack:8096kB pagetables:4496kB sec_pagetables:0kB all_unreclaimable? no Balloon:0kB
[   23.666649] Node 0 DMA free:6484kB boost:0kB min:444kB low:552kB high:660kB reserved_highatomic:0KB free_highatomic:0KB active_anon:0kB inactive_anon:0kB active_file:0kB inactive_file:0kB unevictable:0kB writepending:0kB zspages:0kB present:15992kB managed:15360kB mlocked:0kB bounce:0kB free_pcp:0kB local_pcp:0kB free_cma:0kB
[   23.668506] lowmem_reserve[]: 0 1522 1522 1522 1522
[   23.668843] Node 0 DMA32 free:53540kB boost:0kB min:44608kB low:55760kB high:66912kB reserved_highatomic:0KB free_highatomic:0KB active_anon:20788kB inactive_anon:248884kB active_file:672kB inactive_file:672kB unevictable:0kB writepending:0kB zspages:0kB present:2080640kB managed:1558740kB mlocked:0kB bounce:0kB free_pcp:124kB local_pcp:0kB free_cma:0kB
[   23.670720] lowmem_reserve[]: 0 0 0 0 0
[   23.670962] Node 0 DMA: 1*4kB (U) 0*8kB 0*16kB 0*32kB 0*64kB 1*128kB (U) 1*256kB (U) 0*512kB 0*1024kB 1*2048kB (M) 1*4096kB (M) = 6532kB
[   23.671693] Node 0 DMA32: 19*4kB (U) 57*8kB (UME) 184*16kB (UME) 173*32kB (UME) 226*64kB (UME) 105*128kB (UME) 52*256kB (UME) 3*512kB (UM) 0*1024kB 0*2048kB 0*4096kB = 51764kB
[   23.672669] Node 0 hugepages_total=0 hugepages_free=0 hugepages_surp=0 hugepages_size=1048576kB
[   23.673354] Node 0 hugepages_total=0 hugepages_free=0 hugepages_surp=0 hugepages_size=2048kB
[   23.673855] 50545 total pagecache pages
[   23.674113] 0 pages in swap cache
[   23.674320] Free swap  = 0kB
[   23.674626] Total swap = 0kB
[   23.674811] 524158 pages RAM
[   23.674988] 0 pages HighMem/MovableOnly
[   23.675214] 130633 pages reserved
[   23.675414] 0 pages cma reserved
[   23.675608] 0 pages hwpoisoned
[   23.675795] Memory cgroup min protection 0kB -- low protection 0kB
[   23.675800] Tasks state (memory values in pages):
[   23.676429] [  pid  ]   uid  tgid total_vm      rss rss_anon rss_file rss_shmem pgtables_bytes swapents oom_score_adj name
[   23.677049] [    141]     0   141     5473      452      256       36       160    73728        0          -250 systemd-journal
[   23.677696] [    161]     0   161     7784      640      608       32         0    90112        0         -1000 systemd-udevd
[   23.678509] [    231]    32   231     3314      242      192       50         0    61440        0             0 rpcbind
[   23.679841] [    232]     0   232    22975      221      193       28         0    73728        0         -1000 auditd
[   23.681171] [    234]     0   234     1947       76       64       12         0    53248        0             0 sedispatch
[   23.682584] [    255]    81   255     2731      239      193       46         0    61440        0          -900 dbus-broker-lau
[   23.684002] [    256]    81   256     1316      198      149       49         0    53248        0          -900 dbus-broker
[   23.685381] [    257]     0   257    64655     1091     1056       35         0   139264        0             0 NetworkManager
[   23.686838] [    260]     0   260    19783       85       32       53         0    61440        0             0 irqbalance
[   23.688679] [    261]   992   261      678       51       32       19         0    40960        0             0 lsmd
[   23.690117] [    262]     0   262      700       67       32       35         0    45056        0             0 mcelog
[   23.691575] [    264]     0   264     4639      293      256       37         0    81920        0             0 systemd-logind
[   23.692968] [    265]     0   265     4496      249      224       25         0    77824        0             0 systemd-machine
[   23.694401] [    272]     0   272     4419      250      224       26         0    77824        0             0 systemd-hostnam
[   23.695809] [    276]   985   276    21097      168      135       33         0    69632        0             0 chronyd
[   23.697138] [    301]     0   301    39957      382      192       39       151    86016        0             0 rsyslogd
[   23.698518] [    303]     0   303    13748      220      187       33         0    94208        0             0 gssproxy
[   23.699849] [    304]     0   304     3951      357      320       37         0    77824        0         -1000 sshd
[   23.701150] [    305]     0   305    66148     3455     3406       49         0   155648        0             0 tuned
[   23.702519] [    315]     0   315   292079      624      576       48         0   249856        0             0 virtqemud
[   23.703862] [    320]     0   320     1169       84       32       52         0    49152        0             0 atd
[   23.705146] [    321]     0   321     2138      211      192       19         0    57344        0             0 crond
[   23.706493] [    336]     0   336      763       60       32       28         0    49152        0             0 agetty
[   23.707835] [    346]     0   346     1405       69       32       37         0    57344        0             0 agetty
[   23.709155] [    547]   998   547   644240     1129     1063       66         0   208896        0             0 polkitd
[   23.710501] [    590]     0   590     5110      501      448       53         0    81920        0           100 systemd
[   23.711815] [    591]     0   591    26396      983      975        8         0    94208        0           100 (sd-pam)
[   23.713137] [    694]     0   694     4741      477      448       29         0    86016        0             0 sshd
[   23.714457] [    696]     0   696     4741      489      463       26         0    86016        0             0 sshd
[   23.715745] [    697]     0   697     1782       86       64       22         0    65536        0             0 repro.sh
[   23.717075] [    722]     0   722     4736       36        0       36         0    36864        0             0 repro
[   23.718030] [    723]     0   723     4736       24        0       24         0    36864        0             0 repro
[   23.718618] [    724]     0   724     4736       24        0       24         0    36864        0             0 repro
[   23.719199] [    725]     0   725     4736       24        0       24         0    36864        0             0 repro
[   23.719781] [    728]     0   728     4736       56        0       56         0    36864        0             0 repro
[   23.720366] [    729]     0   729     4736       24        0       24         0    36864        0             0 repro
[   23.720944] [    730]     0   730     4736       24        0       24         0    36864        0             0 repro
[   23.721523] [    731]     0   731     4736       24        0       24         0    36864        0             0 repro
[   23.722109] [    736]     0   736     4736       24        0       24         0    36864        0             0 repro
[   23.722690] [    738]     0   738     7784      657      636       21         0    77824        0             0 systemd-udevd
[   23.723311] [    739]     0   739     7784      657      636       21         0    77824        0             0 systemd-udevd
[   23.723947] [    741]     0   741     7784      657      636       21         0    77824        0             0 systemd-udevd
[   23.724575] [    742]     0   742     7784      665      636       29         0    77824        0             0 systemd-udevd
[   23.725202] [    743]     0   743     7784      657      636       21         0    77824        0             0 systemd-udevd
[   23.725839] [    744]     0   744     7784      657      636       21         0    77824        0             0 systemd-udevd
[   23.726480] [    806]     0   806    38528      608      576       32         0    86016        0          1000 repro
[   23.727067] [    828]     0   828     4736       22        0       22         0    49152        0          1000 repro
[   23.727657] [    829]     0   829    38528      608      576       32         0    86016        0          1000 repro
[   23.728246] [    830]     0   830    38528      608      576       32         0    86016        0          1000 repro
[   23.728840] [    831]     0   831    38528      608      576       32         0    86016        0          1000 repro
[   23.729432] [    832]     0   832    38528      576      544       32         0    86016        0          1000 repro
[   23.730035] [    833]     0   833    38528      576      544       32         0    86016        0          1000 repro
[   23.730651] [    834]     0   834    38528      544      512       32         0    73728        0          1000 repro
[   23.731242] oom-kill:constraint=CONSTRAINT_NONE,nodemask=(null),cpuset=/,mems_allowed=0,global_oom,task_memcg=/user.slice/user-0.slice/session-6.scope,task=repro,pid=831,uid=0
[   23.732185] Out of memory: Killed process 831 (repro) total-vm:154112kB, anon-rss:2304kB, file-rss:128kB, shmem-rss:0kB, UID:0 pgtables:84kB oom_score_adj:1000
[   23.786943] repro invoked oom-killer: gfp_mask=0x400dc0(GFP_KERNEL_ACCOUNT|__GFP_ZERO), order=3, oom_score_adj=0
[   23.787551] CPU: 1 UID: 0 PID: 724 Comm: repro Not tainted 6.18.0-54b1f91a71b7+ #1 PREEMPT(voluntary) 
[   23.787562] Hardware name: QEMU Standard PC (i440FX + PIIX, 1996), BIOS rel-1.16.0-0-gd239552ce722-prebuilt.qemu.org 04/01/2014
[   23.787568] Call Trace:
[   23.787571]  <TASK>
[   23.787574]  dump_stack_lvl+0x121/0x150
[   23.787588]  dump_stack+0x19/0x20
[   23.787595]  dump_header+0x10f/0x940
[   23.787607]  oom_kill_process+0x188/0x910
[   23.787618]  out_of_memory+0x34c/0x1710
[   23.787630]  ? __pfx_out_of_memory+0x10/0x10
[   23.787642]  __alloc_pages_slowpath.constprop.0+0x1b8d/0x2230
[   23.787659]  ? __pfx___alloc_pages_slowpath.constprop.0+0x10/0x10
[   23.787676]  __alloc_frozen_pages_noprof+0x47f/0x550
[   23.787687]  ? __pfx___alloc_frozen_pages_noprof+0x10/0x10
[   23.787701]  ? kmem_cache_alloc_node_noprof+0x4a7/0x7d0
[   23.787713]  ? debug_smp_processor_id+0x20/0x30
[   23.787722]  ? __sanitizer_cov_trace_cmp8+0x1c/0x30
[   23.787733]  __alloc_pages_noprof+0x16/0x80
[   23.787744]  copy_process+0x510/0x6f60
[   23.787765]  ? __fput+0x69f/0xb70
[   23.787779]  ? fput_close_sync+0x128/0x230
[   23.787789]  ? __x64_sys_close+0x98/0x130
[   23.787803]  ? x64_sys_call+0x1978/0x21b0
[   23.787829]  ? do_syscall_64+0x6d/0x1180
[   23.787837]  ? entry_SYSCALL_64_after_hwframe+0x76/0x7e
[   23.787845]  ? kasan_save_stack+0x40/0x60
[   23.787860]  ? kasan_save_stack+0x2c/0x60
[   23.787870]  ? kasan_record_aux_stack+0x93/0xa0
[   23.787881]  ? kmem_cache_free+0x1bf/0x6f0
[   23.787890]  ? __fput+0x69f/0xb70
[   23.787899]  ? fput_close_sync+0x128/0x230
[   23.787909]  ? __x64_sys_close+0x98/0x130
[   23.787918]  ? x64_sys_call+0x1978/0x21b0
[   23.787927]  ? __pfx_copy_process+0x10/0x10
[   23.787939]  ? __virt_addr_valid+0x2fa/0x5f0
[   23.787951]  ? debug_smp_processor_id+0x20/0x30
[   23.787960]  ? rcu_is_watching+0x19/0xc0
[   23.787972]  kernel_clone+0xfc/0x850
[   23.787982]  ? __call_rcu_common.constprop.0+0x427/0x870
[   23.787992]  ? call_rcu+0x12/0x20
[   23.788000]  ? __pfx_kernel_clone+0x10/0x10
[   23.788010]  ? rcu_is_watching+0x19/0xc0
[   23.788019]  ? __call_rcu_common.constprop.0+0x427/0x870
[   23.788027]  ? trace_hardirqs_on+0x26/0x130
[   23.788037]  ? __call_rcu_common.constprop.0+0x427/0x870
[   23.788048]  __do_sys_clone+0xf5/0x140
[   23.788059]  ? __pfx___do_sys_clone+0x10/0x10
[   23.788073]  ? seqcount_lockdep_reader_access.constprop.0+0xc0/0xd0
[   23.788085]  ? __sanitizer_cov_trace_cmp4+0x1a/0x20
[   23.788093]  ? ktime_get_coarse_real_ts64+0xad/0xf0
[   23.788104]  __x64_sys_clone+0xc7/0x150
[   23.788110]  ? syscall_trace_enter+0x14d/0x240
[   23.788122]  x64_sys_call+0x1f24/0x21b0
[   23.788131]  do_syscall_64+0x6d/0x1180
[   23.788138]  entry_SYSCALL_64_after_hwframe+0x76/0x7e
[   23.788146] RIP: 0033:0x7fbb821189d7
[   23.788154] Code: 00 00 00 f3 0f 1e fa 64 48 8b 04 25 10 00 00 00 45 31 c0 31 d2 31 f6 bf 11 00 20 01 4c 8d 90 d0 02 00 00 b8 38 00 00 00 0f 05 <48> 3d 00 f0 ff ff 77 39 41 89 c0 85 c0 75 2a 64 48 8b 04 25 10 00
[   23.788162] RSP: 002b:00007ffcbd1a7858 EFLAGS: 00000246 ORIG_RAX: 0000000000000038
[   23.788170] RAX: ffffffffffffffda RBX: 0000000000000001 RCX: 00007fbb821189d7
[   23.788175] RDX: 0000000000000000 RSI: 0000000000000000 RDI: 0000000001200011
[   23.788179] RBP: 0000000000000000 R08: 0000000000000000 R09: 00007ffcbd1a7790
[   23.788183] R10: 00007fbb82338a10 R11: 0000000000000246 R12: 0000000000000000
[   23.788188] R13: 00000000004030f5 R14: 000000000040ee08 R15: 00007fbb82385000
[   23.788199]  </TASK>
[   23.788202] Mem-Info:
[   23.806737] active_anon:5197 inactive_anon:62095 isolated_anon:0
[   23.806737]  active_file:147 inactive_file:316 isolated_file:54
[   23.806737]  unevictable:0 dirty:0 writeback:0
[   23.806737]  slab_reclaimable:9789 slab_unreclaimable:19573
[   23.806737]  mapped:401 shmem:50430 pagetables:1124
[   23.806737]  sec_pagetables:0 bounce:0
[   23.806737]  kernel_misc_reclaimable:0
[   23.806737]  free:13561 free_pcp:76 free_cma:0
[   23.808879] Node 0 active_anon:20788kB inactive_anon:248380kB active_file:588kB inactive_file:1160kB unevictable:0kB isolated(anon):0kB isolated(file):216kB mapped:1604kB dirty:0kB writeback:0kB shmem:201720kB shmem_thp:0kB shmem_pmdmapped:0kB anon_thp:0kB kernel_stack:8064kB pagetables:4496kB sec_pagetables:0kB all_unreclaimable? no Balloon:0kB
[   23.810633] Node 0 DMA free:6484kB boost:0kB min:444kB low:552kB high:660kB reserved_highatomic:0KB free_highatomic:0KB active_anon:0kB inactive_anon:0kB active_file:0kB inactive_file:0kB unevictable:0kB writepending:0kB zspages:0kB present:15992kB managed:15360kB mlocked:0kB bounce:0kB free_pcp:0kB local_pcp:0kB free_cma:0kB
[   23.812221] lowmem_reserve[]: 0 1522 1522 1522 1522
[   23.812524] Node 0 DMA32 free:47760kB boost:16384kB min:60992kB low:72144kB high:83296kB reserved_highatomic:0KB free_highatomic:0KB active_anon:20788kB inactive_anon:248380kB active_file:588kB inactive_file:1128kB unevictable:0kB writepending:0kB zspages:0kB present:2080640kB managed:1558740kB mlocked:0kB bounce:0kB free_pcp:468kB local_pcp:0kB free_cma:0kB
[   23.814278] lowmem_reserve[]: 0 0 0 0 0
[   23.814519] Node 0 DMA: 1*4kB (U) 0*8kB 0*16kB 0*32kB 0*64kB 1*128kB (U) 1*256kB (U) 0*512kB 0*1024kB 1*2048kB (M) 1*4096kB (M) = 6532kB
[   23.815248] Node 0 DMA32: 165*4kB (M) 166*8kB (UME) 56*16kB (ME) 166*32kB (UME) 232*64kB (ME) 98*128kB (ME) 44*256kB (ME) 2*512kB (UM) 0*1024kB 0*2048kB 0*4096kB = 47876kB
[   23.816151] Node 0 hugepages_total=0 hugepages_free=0 hugepages_surp=0 hugepages_size=1048576kB
[   23.816643] Node 0 hugepages_total=0 hugepages_free=0 hugepages_surp=0 hugepages_size=2048kB
[   23.817118] 50902 total pagecache pages
[   23.817346] 0 pages in swap cache
[   23.817543] Free swap  = 0kB
[   23.817718] Total swap = 0kB
[   23.817904] 524158 pages RAM
[   23.818082] 0 pages HighMem/MovableOnly
[   23.818307] 130633 pages reserved
[   23.818505] 0 pages cma reserved
[   23.818700] 0 pages hwpoisoned
[   23.818885] Memory cgroup min protection 0kB -- low protection 0kB
[   23.818890] Tasks state (memory values in pages):
[   23.819508] [  pid  ]   uid  tgid total_vm      rss rss_anon rss_file rss_shmem pgtables_bytes swapents oom_score_adj name
[   23.820133] [    141]     0   141     5473      452      256       36       160    73728        0          -250 systemd-journal
[   23.820775] [    161]     0   161     7784      673      608       65         0    90112        0         -1000 systemd-udevd
[   23.821420] [    231]    32   231     3314      242      192       50         0    61440        0             0 rpcbind
[   23.822037] [    232]     0   232    22975      221      193       28         0    73728        0         -1000 auditd
[   23.822649] [    234]     0   234     1947       76       64       12         0    53248        0             0 sedispatch
[   23.823268] [    255]    81   255     2731      239      193       46         0    61440        0          -900 dbus-broker-lau
[   23.823912] [    256]    81   256     1316      166      149       17         0    53248        0          -900 dbus-broker
[   23.824536] [    257]     0   257    64655     1091     1056       35         0   139264        0             0 NetworkManager
[   23.825175] [    260]     0   260    19783       53       32       21         0    61440        0             0 irqbalance
[   23.825809] [    261]   992   261      678       51       32       19         0    40960        0             0 lsmd
[   23.826404] [    262]     0   262      700       67       32       35         0    45056        0             0 mcelog
[   23.827000] [    264]     0   264     4639      293      256       37         0    81920        0             0 systemd-logind
[   23.827663] [    265]     0   265     4496      249      224       25         0    77824        0             0 systemd-machine
[   23.828439] [    272]     0   272     4419      250      224       26         0    77824        0             0 systemd-hostnam
[   23.829069] [    276]   985   276    21097      168      135       33         0    69632        0             0 chronyd
[   23.829673] [    301]     0   301    39957      382      192       39       151    86016        0             0 rsyslogd
[   23.830299] [    303]     0   303    13748      220      187       33         0    94208        0             0 gssproxy
[   23.830910] [    304]     0   304     3951      357      320       37         0    77824        0         -1000 sshd
[   23.831503] [    305]     0   305    66148     3455     3406       49         0   155648        0             0 tuned
[   23.832113] [    315]     0   315   292079      592      576       16         0   249856        0             0 virtqemud
[   23.832733] [    320]     0   320     1169       84       32       52         0    49152        0             0 atd
[   23.833328] [    321]     0   321     2138      211      192       19         0    57344        0             0 crond
[   23.833937] [    336]     0   336      763       60       32       28         0    49152        0             0 agetty
[   23.834542] [    346]     0   346     1405       69       32       37         0    57344        0             0 agetty
[   23.835145] [    547]   998   547   644240     1097     1063       34         0   208896        0             0 polkitd
[   23.835752] [    590]     0   590     5110      469      448       21         0    81920        0           100 systemd
[   23.836359] [    591]     0   591    26396      983      975        8         0    94208        0           100 (sd-pam)
[   23.836970] [    694]     0   694     4741      477      448       29         0    86016        0             0 sshd
[   23.837564] [    696]     0   696     4741      489      463       26         0    86016        0             0 sshd
[   23.838186] [    697]     0   697     1782       86       64       22         0    65536        0             0 repro.sh
[   23.838798] [    722]     0   722     4736       36        0       36         0    36864        0             0 repro
[   23.839395] [    723]     0   723     4736       24        0       24         0    36864        0             0 repro
[   23.839991] [    724]     0   724     4736       72        0       72         0    36864        0             0 repro
[   23.840593] [    725]     0   725     4736       24        0       24         0    36864        0             0 repro
[   23.841195] [    728]     0   728     4736       24        0       24         0    36864        0             0 repro
[   23.841806] [    729]     0   729     4736       24        0       24         0    36864        0             0 repro
[   23.842412] [    730]     0   730     4736       24        0       24         0    36864        0             0 repro
[   23.843023] [    731]     0   731     4736       24        0       24         0    36864        0             0 repro
[   23.843637] [    736]     0   736     4736       24        0       24         0    36864        0             0 repro
[   23.844239] [    738]     0   738     7784      657      636       21         0    77824        0             0 systemd-udevd
[   23.844880] [    739]     0   739     7784      657      636       21         0    77824        0             0 systemd-udevd
[   23.845523] [    741]     0   741     7784      657      636       21         0    77824        0             0 systemd-udevd
[   23.846174] [    742]     0   742     7784      665      636       29         0    77824        0             0 systemd-udevd
[   23.846818] [    743]     0   743     7784      657      636       21         0    77824        0             0 systemd-udevd
[   23.847456] [    744]     0   744     7784      657      636       21         0    77824        0             0 systemd-udevd
[   23.848099] [    806]     0   806     4736      105       51       54         0    49152        0          1000 repro
[   23.848723] [    828]     0   828     4736       22        0       22         0    49152        0          1000 repro
[   23.849322] [    829]     0   829    38528      608      576       32         0    86016        0          1000 repro
[   23.849940] [    830]     0   830    38528      608      576       32         0    86016        0          1000 repro
[   23.850544] [    832]     0   832    38528      544      544        0         0    86016        0          1000 repro
[   23.851140] [    833]     0   833    38528      576      544       32         0    86016        0          1000 repro
[   23.851743] [    834]     0   834    38528      576      544       32         0    73728        0          1000 repro
[   23.852357] oom-kill:constraint=CONSTRAINT_NONE,nodemask=(null),cpuset=/,mems_allowed=0,global_oom,task_memcg=/user.slice/user-0.slice/session-6.scope,task=repro,pid=830,uid=0
[   23.853272] Out of memory: Killed process 830 (repro) total-vm:154112kB, anon-rss:2304kB, file-rss:128kB, shmem-rss:0kB, UID:0 pgtables:84kB oom_score_adj:1000
[   23.961142] systemd-journal invoked oom-killer: gfp_mask=0x140cca(GFP_HIGHUSER_MOVABLE|__GFP_COMP), order=0, oom_score_adj=-250
[   23.961833] CPU: 1 UID: 0 PID: 141 Comm: systemd-journal Not tainted 6.18.0-54b1f91a71b7+ #1 PREEMPT(voluntary) 
[   23.961845] Hardware name: QEMU Standard PC (i440FX + PIIX, 1996), BIOS rel-1.16.0-0-gd239552ce722-prebuilt.qemu.org 04/01/2014
[   23.961850] Call Trace:
[   23.961853]  <TASK>
[   23.961856]  dump_stack_lvl+0x121/0x150
[   23.961873]  dump_stack+0x19/0x20
[   23.961881]  dump_header+0x10f/0x940
[   23.961896]  oom_kill_process+0x188/0x910
[   23.961909]  out_of_memory+0x34c/0x1710
[   23.961923]  ? __pfx_out_of_memory+0x10/0x10
[   23.961939]  __alloc_pages_slowpath.constprop.0+0x1b8d/0x2230
[   23.961961]  ? __pfx___alloc_pages_slowpath.constprop.0+0x10/0x10
[   23.961982]  __alloc_frozen_pages_noprof+0x47f/0x550
[   23.961994]  ? __sanitizer_cov_trace_const_cmp2+0x1c/0x30
[   23.962007]  ? __pfx___alloc_frozen_pages_noprof+0x10/0x10
[   23.962025]  ? __sanitizer_cov_trace_switch+0x58/0xa0
[   23.962036]  ? policy_nodemask+0xf9/0x450
[   23.962046]  alloc_pages_mpol+0x236/0x4c0
[   23.962069]  ? __pfx_alloc_pages_mpol+0x10/0x10
[   23.962078]  ? filemap_get_entry+0x1c0/0x360
[   23.962093]  alloc_frozen_pages_noprof+0xa9/0x180
[   23.962105]  folio_alloc_noprof+0x2d/0x120
[   23.962115]  filemap_alloc_folio_noprof+0x3e0/0x470
[   23.962124]  ? __pfx_filemap_get_entry+0x10/0x10
[   23.962138]  ? __pfx_filemap_alloc_folio_noprof+0x10/0x10
[   23.962150]  ? down_read+0x142/0x4b0
[   23.962163]  __filemap_get_folio+0x432/0x8c0
[   23.962179]  filemap_fault+0x17a9/0x25e0
[   23.962194]  ? __pfx_filemap_fault+0x10/0x10
[   23.962209]  ? rcu_read_unlock+0x31/0xc0
[   23.962223]  ? debug_smp_processor_id+0x20/0x30
[   23.962233]  ? rcu_is_watching+0x19/0xc0
[   23.962247]  __do_fault+0x115/0x870
[   23.962258]  do_fault+0xc22/0x1810
[   23.962271]  __handle_mm_fault+0x1434/0x2e10
[   23.962290]  ? __pfx___handle_mm_fault+0x10/0x10
[   23.962301]  ? lock_vma_under_rcu+0x3f/0x590
[   23.962313]  ? debug_smp_processor_id+0x20/0x30
[   23.962323]  ? rcu_is_watching+0x19/0xc0
[   23.962333]  ? lock_release+0x1ea/0x2a0
[   23.962350]  handle_mm_fault+0x2de/0x740
[   23.962365]  do_user_addr_fault+0x866/0x1640
[   23.962387]  exc_page_fault+0xc9/0x1d0
[   23.962397]  asm_exc_page_fault+0x2b/0x30
[   23.962405] RIP: 0033:0x7fe7f70f6974
[   23.962419] Code: Unable to access opcode bytes at 0x7fe7f70f694a.
[   23.962423] RSP: 002b:00007ffee674a928 EFLAGS: 00010202
[   23.962430] RAX: 0000000000000000 RBX: 00007ffee674b220 RCX: 00007fe7f713eaf2
[   23.962435] RDX: 000000000000007b RSI: 00007fe7f767a35b RDI: 00007ffee674b220
[   23.962440] RBP: 00007ffee674d260 R08: 0000000000000000 R09: 00007fe7f794e000
[   23.962445] R10: 00007fe7f794e070 R11: 0000000000000246 R12: 00007ffee674a9b4
[   23.962450] R13: 00007ffee674b221 R14: 00007ffee674d2a0 R15: 000055cfb8c73270
[   23.962462]  </TASK>
[   23.962467] Mem-Info:
[   23.977402] active_anon:5197 inactive_anon:60625 isolated_anon:0
[   23.977402]  active_file:90 inactive_file:147 isolated_file:0
[   23.977402]  unevictable:0 dirty:0 writeback:0
[   23.977402]  slab_reclaimable:9623 slab_unreclaimable:19600
[   23.977402]  mapped:212 shmem:49527 pagetables:1103
[   23.977402]  sec_pagetables:0 bounce:0
[   23.977402]  kernel_misc_reclaimable:0
[   23.977402]  free:14166 free_pcp:242 free_cma:0
[   23.979627] Node 0 active_anon:20788kB inactive_anon:242500kB active_file:360kB inactive_file:1680kB unevictable:0kB isolated(anon):0kB isolated(file):0kB mapped:848kB dirty:0kB writeback:0kB shmem:198108kB shmem_thp:0kB shmem_pmdmapped:0kB anon_thp:0kB kernel_stack:8096kB pagetables:4412kB sec_pagetables:0kB all_unreclaimable? no Balloon:0kB
[   23.981618] Node 0 DMA free:6484kB boost:0kB min:444kB low:552kB high:660kB reserved_highatomic:0KB free_highatomic:0KB active_anon:0kB inactive_anon:0kB active_file:0kB inactive_file:0kB unevictable:0kB writepending:0kB zspages:0kB present:15992kB managed:15360kB mlocked:0kB bounce:0kB free_pcp:0kB local_pcp:0kB free_cma:0kB
[   23.983327] lowmem_reserve[]: 0 1522 1522 1522 1522
[   23.983699] Node 0 DMA32 free:50012kB boost:0kB min:44608kB low:55760kB high:66912kB reserved_highatomic:0KB free_highatomic:0KB active_anon:20788kB inactive_anon:242500kB active_file:672kB inactive_file:1004kB unevictable:0kB writepending:0kB zspages:0kB present:2080640kB managed:1558740kB mlocked:0kB bounce:0kB free_pcp:332kB local_pcp:0kB free_cma:0kB
[   23.985383] lowmem_reserve[]: 0 0 0 0 0
[   23.985619] Node 0 DMA: 1*4kB (U) 0*8kB 0*16kB 0*32kB 0*64kB 1*128kB (U) 1*256kB (U) 0*512kB 0*1024kB 1*2048kB (M) 1*4096kB (M) = 6532kB
[   23.986363] Node 0 DMA32: 147*4kB (UM) 135*8kB (UM) 164*16kB (ME) 257*32kB (UME) 238*64kB (UME) 93*128kB (ME) 39*256kB (ME) 1*512kB (M) 0*1024kB 0*2048kB 0*4096kB = 50148kB
[   23.987463] Node 0 hugepages_total=0 hugepages_free=0 hugepages_surp=0 hugepages_size=1048576kB
[   23.988024] Node 0 hugepages_total=0 hugepages_free=0 hugepages_surp=0 hugepages_size=2048kB
[   23.988493] 49999 total pagecache pages
[   23.988717] 0 pages in swap cache
[   23.988909] Free swap  = 0kB
[   23.989081] Total swap = 0kB
[   23.989253] 524158 pages RAM
[   23.989428] 0 pages HighMem/MovableOnly
[   23.989649] 130633 pages reserved
[   23.989867] 0 pages cma reserved
[   23.990074] 0 pages hwpoisoned
[   23.990293] Memory cgroup min protection 0kB -- low protection 0kB
[   23.990298] Tasks state (memory values in pages):
[   23.990988] [  pid  ]   uid  tgid total_vm      rss rss_anon rss_file rss_shmem pgtables_bytes swapents oom_score_adj name
[   23.991643] [    141]     0   141     5473      439      256       23       160    73728        0          -250 systemd-journal
[   23.992353] [    161]     0   161     7784      631      608       23         0    90112        0         -1000 systemd-udevd
[   23.992974] [    231]    32   231     3314      242      192       50         0    61440        0             0 rpcbind
[   23.993570] [    232]     0   232    22975      221      193       28         0    73728        0         -1000 auditd
[   23.994173] [    234]     0   234     1947       76       64       12         0    53248        0             0 sedispatch
[   23.994781] [    255]    81   255     2731      239      193       46         0    61440        0          -900 dbus-broker-lau
