c[?7l[2J[0mSeaBIOS (version rel-1.16.0-0-gd239552ce722-prebuilt.qemu.org)


iPXE (http://ipxe.org) 00:03.0 CA00 PCI2.10 PnP PMM+7FF91000+7FEF1000 CA00
Press Ctrl-B to configure iPXE (PCI 00:03.0)...                                                                               


Booting from ROM...
c[?7l[2J[    0.000000] Linux version 6.18.0-5777af473056+ (root@p-arls02) (gcc (GCC) 11.5.0 20240719 (Red Hat 11.5.0-14), GNU ld version 2.35.2-68.el9) #1 SMP PREEMPT_DYNAMIC Thu Dec  4 23:04:36 CST 2025
[    0.000000] Command line: console=ttyS0 root=/dev/sda earlyprintk=serial net.ifnames=0 plymouth.enable=0
[    0.000000] KERNEL supported cpus:
[    0.000000]   Intel GenuineIntel
[    0.000000]   AMD AuthenticAMD
[    0.000000]   Hygon HygonGenuine
[    0.000000]   Centaur CentaurHauls
[    0.000000]   zhaoxin   Shanghai  
[    0.000000] x86/CPU: Model not found in latest microcode list
[    0.000000] x86/split lock detection: #DB: warning on user-space bus_locks
[    0.000000] BIOS-provided physical RAM map:
[    0.000000] BIOS-e820: [mem 0x0000000000000000-0x000000000009fbff] usable
[    0.000000] BIOS-e820: [mem 0x000000000009fc00-0x000000000009ffff] reserved
[    0.000000] BIOS-e820: [mem 0x00000000000f0000-0x00000000000fffff] reserved
[    0.000000] BIOS-e820: [mem 0x0000000000100000-0x000000007ffdffff] usable
[    0.000000] BIOS-e820: [mem 0x000000007ffe0000-0x000000007fffffff] reserved
[    0.000000] BIOS-e820: [mem 0x00000000feffc000-0x00000000feffffff] reserved
[    0.000000] BIOS-e820: [mem 0x00000000fffc0000-0x00000000ffffffff] reserved
[    0.000000] printk: legacy bootconsole [earlyser0] enabled
[    0.000000] NX (Execute Disable) protection: active
[    0.000000] APIC: Static calls initialized
[    0.000000] SMBIOS 2.8 present.
[    0.000000] DMI: QEMU Standard PC (i440FX + PIIX, 1996), BIOS rel-1.16.0-0-gd239552ce722-prebuilt.qemu.org 04/01/2014
[    0.000000] DMI: Memory slots populated: 1/1
[    0.000000] Hypervisor detected: KVM
[    0.000000] last_pfn = 0x7ffe0 max_arch_pfn = 0x400000000
[    0.000000] kvm-clock: Using msrs 4b564d01 and 4b564d00
[    0.000004] kvm-clock: using sched offset of 1139651966 cycles
[    0.000415] clocksource: kvm-clock: mask: 0xffffffffffffffff max_cycles: 0x1cd42e4dffb, max_idle_ns: 881590591483 ns
[    0.001673] tsc: Detected 1267.200 MHz processor
[    0.007971] last_pfn = 0x7ffe0 max_arch_pfn = 0x400000000
[    0.008415] MTRR map: 4 entries (3 fixed + 1 variable; max 19), built from 8 variable MTRRs
[    0.009055] x86/PAT: Configuration [0-7]: WB  WC  UC- UC  WB  WP  UC- WT  
[    0.018926] found SMP MP-table at [mem 0x000f5ba0-0x000f5baf]
[    0.019395] Using GB pages for direct mapping
[    0.021539] ACPI: Early table checksum verification disabled
[    0.021982] ACPI: RSDP 0x00000000000F59C0 000014 (v00 BOCHS )
[    0.022446] ACPI: RSDT 0x000000007FFE1951 000034 (v01 BOCHS  BXPC     00000001 BXPC 00000001)
[    0.023120] ACPI: FACP 0x000000007FFE17FD 000074 (v01 BOCHS  BXPC     00000001 BXPC 00000001)
[    0.023798] ACPI: DSDT 0x000000007FFE0040 0017BD (v01 BOCHS  BXPC     00000001 BXPC 00000001)
[    0.024466] ACPI: FACS 0x000000007FFE0000 000040
[    0.024837] ACPI: APIC 0x000000007FFE1871 000080 (v01 BOCHS  BXPC     00000001 BXPC 00000001)
[    0.025509] ACPI: HPET 0x000000007FFE18F1 000038 (v01 BOCHS  BXPC     00000001 BXPC 00000001)
[    0.026181] ACPI: WAET 0x000000007FFE1929 000028 (v01 BOCHS  BXPC     00000001 BXPC 00000001)
[    0.026849] ACPI: Reserving FACP table memory at [mem 0x7ffe17fd-0x7ffe1870]
[    0.027402] ACPI: Reserving DSDT table memory at [mem 0x7ffe0040-0x7ffe17fc]
[    0.027944] ACPI: Reserving FACS table memory at [mem 0x7ffe0000-0x7ffe003f]
[    0.028493] ACPI: Reserving APIC table memory at [mem 0x7ffe1871-0x7ffe18f0]
[    0.029036] ACPI: Reserving HPET table memory at [mem 0x7ffe18f1-0x7ffe1928]
[    0.029581] ACPI: Reserving WAET table memory at [mem 0x7ffe1929-0x7ffe1950]
[    0.030586] No NUMA configuration found
[    0.030889] Faking a node at [mem 0x0000000000000000-0x000000007ffdffff]
[    0.031438] NODE_DATA(0) allocated [mem 0x7ffb4ec0-0x7ffdfcbf]
[    0.032474] Zone ranges:
[    0.032673]   DMA      [mem 0x0000000000001000-0x0000000000ffffff]
[    0.033153]   DMA32    [mem 0x0000000001000000-0x000000007ffdffff]
[    0.033632]   Normal   empty
[    0.033858]   Device   empty
[    0.034086] Movable zone start for each node
[    0.034428] Early memory node ranges
[    0.034702]   node   0: [mem 0x0000000000001000-0x000000000009efff]
[    0.035182]   node   0: [mem 0x0000000000100000-0x000000007ffdffff]
[    0.035669] Initmem setup node 0 [mem 0x0000000000001000-0x000000007ffdffff]
[    0.064255] On node 0, zone DMA: 1 pages in unavailable ranges
[    0.065015] On node 0, zone DMA: 97 pages in unavailable ranges
[    0.108405] On node 0, zone DMA32: 32 pages in unavailable ranges
[    0.635260] KernelAddressSanitizer initialized (generic)
[    0.636010] ACPI: PM-Timer IO Port: 0x608
[    0.636369] ACPI: LAPIC_NMI (acpi_id[0xff] dfl dfl lint[0x1])
[    0.636911] IOAPIC[0]: apic_id 0, version 17, address 0xfec00000, GSI 0-23
[    0.637465] ACPI: INT_SRC_OVR (bus 0 bus_irq 0 global_irq 2 dfl dfl)
[    0.637963] ACPI: INT_SRC_OVR (bus 0 bus_irq 5 global_irq 5 high level)
[    0.638479] ACPI: INT_SRC_OVR (bus 0 bus_irq 9 global_irq 9 high level)
[    0.638993] ACPI: INT_SRC_OVR (bus 0 bus_irq 10 global_irq 10 high level)
[    0.639525] ACPI: INT_SRC_OVR (bus 0 bus_irq 11 global_irq 11 high level)
[    0.640062] ACPI: Using ACPI (MADT) for SMP configuration information
[    0.640570] ACPI: HPET id: 0x8086a201 base: 0xfed00000
[    0.640990] TSC deadline timer available
[    0.641310] CPU topo: Max. logical packages:   1
[    0.641671] CPU topo: Max. logical dies:       1
[    0.642032] CPU topo: Max. dies per package:   1
[    0.642401] CPU topo: Max. threads per core:   1
[    0.642760] CPU topo: Num. cores per package:     2
[    0.643137] CPU topo: Num. threads per package:   2
[    0.643493] CPU topo: Allowing 2 present CPUs plus 0 hotplug CPUs
[    0.644038] kvm-guest: APIC: eoi() replaced with kvm_guest_apic_eoi_write()
[    0.644632] kvm-guest: KVM setup pv remote TLB flush
[    0.645020] kvm-guest: setup PV sched yield
[    0.645395] PM: hibernation: Registered nosave memory: [mem 0x00000000-0x00000fff]
[    0.645984] PM: hibernation: Registered nosave memory: [mem 0x0009f000-0x000fffff]
[    0.646560] [mem 0x80000000-0xfeffbfff] available for PCI devices
[    0.647029] Booting paravirtualized kernel on KVM
[    0.647403] clocksource: refined-jiffies: mask: 0xffffffff max_cycles: 0xffffffff, max_idle_ns: 7645519600211568 ns
[    0.648236] setup_percpu: NR_CPUS:8192 nr_cpumask_bits:2 nr_cpu_ids:2 nr_node_ids:1
[    0.651007] percpu: Embedded 81 pages/cpu s294912 r8192 d28672 u1048576
[    0.651687] kvm-guest: PV spinlocks enabled
[    0.652022] PV qspinlock hash table entries: 256 (order: 0, 4096 bytes, linear)
[    0.652602] Kernel command line: net.ifnames=0 console=ttyS0 root=/dev/sda earlyprintk=serial net.ifnames=0 plymouth.enable=0
[    0.653806] random: crng init done
[    0.654080] printk: log buffer data + meta data: 262144 + 917504 = 1179648 bytes
[    0.656915] Dentry cache hash table entries: 262144 (order: 9, 2097152 bytes, linear)
[    0.658721] Inode-cache hash table entries: 131072 (order: 8, 1048576 bytes, linear)
[    0.659712] Fallback order for Node 0: 0 
[    0.659722] Built 1 zonelists, mobility grouping on.  Total pages: 524158
[    0.660534] Policy zone: DMA32
[    0.660766] mem auto-init: stack:off, heap alloc:off, heap free:off
[    0.661247] stackdepot: allocating hash table via alloc_large_system_hash
[    0.661763] stackdepot hash table entries: 1048576 (order: 12, 16777216 bytes, linear)
[    0.687749] stackdepot: allocating space for 8192 stack pools via memblock
[    0.730958] SLUB: HWalign=64, Order=0-3, MinObjects=0, CPUs=2, Nodes=1
[    0.731491] kmemleak: Kernel memory leak detector disabled
[    0.769575] ftrace: allocating 74751 entries in 292 pages
[    0.769993] ftrace: allocated 292 pages with 3 groups
[    0.775078] Dynamic Preempt: voluntary
[    0.775860] Running RCU self tests
[    0.776119] Running RCU synchronous self tests
[    0.776457] rcu: Preemptible hierarchical RCU implementation.
[    0.776884] rcu: 	RCU lockdep checking is enabled.
[    0.777242] rcu: 	RCU restricting CPUs from NR_CPUS=8192 to nr_cpu_ids=2.
[    0.777747] 	Trampoline variant of Tasks RCU enabled.
[    0.778119] 	Rude variant of Tasks RCU enabled.
[    0.778459] 	Tracing variant of Tasks RCU enabled.
[    0.778820] rcu: RCU calculated value of scheduler-enlistment delay is 25 jiffies.
[    0.779387] rcu: Adjusting geometry for rcu_fanout_leaf=16, nr_cpu_ids=2
[    0.779970] Running RCU synchronous self tests
[    0.780309] RCU Tasks: Setting shift to 1 and lim to 1 rcu_task_cb_adjust=1 rcu_task_cpu_ids=2.
[    0.780956] RCU Tasks Rude: Setting shift to 1 and lim to 1 rcu_task_cb_adjust=1 rcu_task_cpu_ids=2.
[    0.781639] RCU Tasks Trace: Setting shift to 1 and lim to 1 rcu_task_cb_adjust=1 rcu_task_cpu_ids=2.
[    0.845148] NR_IRQS: 524544, nr_irqs: 440, preallocated irqs: 16
[    0.846192] rcu: srcu_init: Setting srcu_struct sizes based on contention.
[    0.853280] Console: colour VGA+ 80x25
[    0.853674] printk: legacy console [ttyS0] enabled
[    0.853674] printk: legacy console [ttyS0] enabled
[    0.854436] printk: legacy bootconsole [earlyser0] disabled
[    0.854436] printk: legacy bootconsole [earlyser0] disabled
[    0.855333] Lock dependency validator: Copyright (c) 2006 Red Hat, Inc., Ingo Molnar
[    0.855941] ... MAX_LOCKDEP_SUBCLASSES:  8
[    0.856272] ... MAX_LOCK_DEPTH:          48
[    0.856605] ... MAX_LOCKDEP_KEYS:        8192
[    0.856951] ... CLASSHASH_SIZE:          4096
[    0.857301] ... MAX_LOCKDEP_ENTRIES:     524288
[    0.857659] ... MAX_LOCKDEP_CHAINS:      524288
[    0.858017] ... CHAINHASH_SIZE:          262144
[    0.858376]  memory used by lock dependency info: 54145 kB
[    0.858810]  memory used for stack traces: 4224 kB
[    0.859188]  per task-struct memory footprint: 1920 bytes
[    0.859707] ACPI: Core revision 20250807
[    0.860411] clocksource: hpet: mask: 0xffffffff max_cycles: 0xffffffff, max_idle_ns: 19112604467 ns
[    0.861304] APIC: Switch to symmetric I/O mode setup
[    0.861857] x2apic enabled
[    0.862428] APIC: Switched APIC routing to: physical x2apic
[    0.862873] kvm-guest: APIC: send_IPI_mask() replaced with kvm_send_ipi_mask()
[    0.863456] kvm-guest: APIC: send_IPI_mask_allbutself() replaced with kvm_send_ipi_mask_allbutself()
[    0.864171] kvm-guest: setup PV IPIs
[    0.865458] ..TIMER: vector=0x30 apic1=0 pin1=2 apic2=-1 pin2=-1
[    0.865956] clocksource: tsc-early: mask: 0xffffffffffffffff max_cycles: 0x12441513526, max_idle_ns: 440795239872 ns
[    0.866795] Calibrating delay loop (skipped) preset value.. 2534.40 BogoMIPS (lpj=5068800)
[    0.867597] CPU0: Thermal monitoring enabled (TM1)
[    0.867995] x86/cpu: User Mode Instruction Prevention (UMIP) activated
[    0.868620] Last level iTLB entries: 4KB 0, 2MB 0, 4MB 0
[    0.869040] Last level dTLB entries: 4KB 0, 2MB 0, 4MB 0, 1GB 0
[    0.870828] mitigations: Enabled attack vectors: user_kernel, user_user, guest_host, guest_guest, SMT mitigations: auto
[    0.871679] Speculative Store Bypass: Mitigation: Speculative Store Bypass disabled via prctl
[    0.872340] Spectre V2 : Mitigation: Enhanced / Automatic IBRS
[    0.872802] ITS: Mitigation: Aligned branch/return thunks
[    0.873229] Spectre V1 : Mitigation: usercopy/swapgs barriers and __user pointer sanitization
[    0.873895] Spectre V2 : WARNING: Unprivileged eBPF is enabled with eIBRS on, data leaks possible via Spectre v2 BHB attacks!
[    0.874785] Spectre V2 : Spectre v2 / PBRSB-eIBRS: Retire a single CALL on VMEXIT
[    0.875350] Spectre V2 : mitigation: Enabling conditional Indirect Branch Prediction Barrier
[    0.875979] active return thunk: its_return_thunk
[    0.876347] Spectre V2 : Spectre BHI mitigation: SW BHB clearing on syscall and VM exit
[    0.876975] x86/fpu: Supporting XSAVE feature 0x001: 'x87 floating point registers'
[    0.877577] x86/fpu: Supporting XSAVE feature 0x002: 'SSE registers'
[    0.878076] x86/fpu: Supporting XSAVE feature 0x004: 'AVX registers'
[    0.878783] x86/fpu: Supporting XSAVE feature 0x200: 'Protection Keys User registers'
[    0.879391] x86/fpu: xstate_offset[2]:  576, xstate_sizes[2]:  256
[    0.879878] x86/fpu: xstate_offset[9]:  832, xstate_sizes[9]:    8
[    0.880359] x86/fpu: Enabled xstate features 0x207, context size is 840 bytes, using 'compacted' format.
[    1.018749] Freeing SMP alternatives memory: 64K
[    1.018793] pid_max: default: 32768 minimum: 301
[    1.019453] LSM: initializing lsm=capability,yama,ima,evm
[    1.019987] Yama: becoming mindful.
[    1.020677] Mount-cache hash table entries: 4096 (order: 3, 32768 bytes, linear)
[    1.021235] Mountpoint-cache hash table entries: 4096 (order: 3, 32768 bytes, linear)
[    1.023935] Running RCU synchronous self tests
[    1.024280] Running RCU synchronous self tests
[    1.025026] smpboot: CPU0: Genuine Intel(R) 0000 @ (family: 0x6, model: 0xc6, stepping: 0x0)
[    1.026745] Performance Events: unsupported CPU family 6 model 198 no PMU driver, software events only.
[    1.026779] signal: max sigframe size: 3632
[    1.026779] rcu: Hierarchical SRCU implementation.
[    1.026779] rcu: 	Max phase no-delay instances is 1000.
[    1.026957] Timer migration: 1 hierarchy levels; 8 children per group; 1 crossnode level
[    1.047843] NMI watchdog: Perf NMI watchdog permanently disabled
[    1.048532] smp: Bringing up secondary CPUs ...
[    1.049689] smpboot: x86: Booting SMP configuration:
[    1.050076] .... node  #0, CPUs:      #1
[    1.051202] smp: Brought up 1 node, 2 CPUs
[    1.051594] smpboot: Total of 2 processors activated (5068.80 BogoMIPS)
[    1.052957] Memory: 1541052K/2096632K available (80182K kernel code, 15493K rwdata, 18688K rodata, 16232K init, 68212K bss, 544148K reserved, 0K cma-reserved)
[    1.056120] devtmpfs: initialized
[    1.058850] x86/mm: Memory block size: 128MB
[    1.071240] Running RCU synchronous self tests
[    1.071653] Running RCU synchronous self tests
[    1.072067] Running RCU Tasks wait API self tests
[    1.072067] Running RCU Tasks Rude wait API self tests
[    1.072067] Running RCU Tasks Trace wait API self tests
[    1.090826] clocksource: jiffies: mask: 0xffffffff max_cycles: 0xffffffff, max_idle_ns: 7645041785100000 ns
[    1.091785] posixtimers hash table entries: 1024 (order: 5, 73728 bytes, linear)
[    1.093045] futex hash table entries: 512 (65536 bytes on 1 NUMA nodes, total 64 KiB, linear).
[    1.094334] pinctrl core: initialized pinctrl subsystem
[    1.096148] 
[    1.096288] *************************************************************
[    1.096819] **     NOTICE NOTICE NOTICE NOTICE NOTICE NOTICE NOTICE    **
[    1.097342] **                                                         **
[    1.097875] **  IOMMU DebugFS SUPPORT HAS BEEN ENABLED IN THIS KERNEL  **
[    1.098407] **                                                         **
[    1.098787] ** This means that this kernel is built to expose internal **
[    1.099314] ** IOMMU data structures, which may compromise security on **
[    1.099844] ** your system.                                            **
[    1.100375] **                                                         **
[    1.100906] ** If you see this message and you are not debugging the   **
[    1.101437] ** kernel, report this immediately to your vendor!         **
[    1.101968] **                                                         **
[    1.102495] **     NOTICE NOTICE NOTICE NOTICE NOTICE NOTICE NOTICE    **
[    1.102784] *************************************************************
[    1.103398] PM: RTC time: 15:07:33, date: 2025-12-04
[    1.108129] NET: Registered PF_NETLINK/PF_ROUTE protocol family
[    1.110087] DMA: preallocated 256 KiB GFP_KERNEL pool for atomic allocations
[    1.110677] DMA: preallocated 256 KiB GFP_KERNEL|GFP_DMA pool for atomic allocations
[    1.110808] DMA: preallocated 256 KiB GFP_KERNEL|GFP_DMA32 pool for atomic allocations
[    1.111504] audit: initializing netlink subsys (disabled)
[    1.111974] audit: type=2000 audit(1764860853.505:1): state=initialized audit_enabled=0 res=1
[    1.115021] thermal_sys: Registered thermal governor 'fair_share'
[    1.115032] thermal_sys: Registered thermal governor 'bang_bang'
[    1.115550] thermal_sys: Registered thermal governor 'step_wise'
[    1.116022] thermal_sys: Registered thermal governor 'user_space'
[    1.116598] cpuidle: using governor ladder
[    1.116598] cpuidle: using governor menu
[    1.116598] acpiphp: ACPI Hot Plug PCI Controller Driver version: 0.5
[    1.119630] PCI: Using configuration type 1 for base access
[    1.120422] kprobes: kprobe jump-optimization is enabled. All kprobes are optimized if possible.
[    1.122794] Callback from call_rcu_tasks_trace() invoked.
[    1.278932] HugeTLB: registered 1.00 GiB page size, pre-allocated 0 pages
[    1.279668] HugeTLB: 16380 KiB vmemmap can be freed for a 1.00 GiB page
[    1.280195] HugeTLB: registered 2.00 MiB page size, pre-allocated 0 pages
[    1.280734] HugeTLB: 28 KiB vmemmap can be freed for a 2.00 MiB page
[    1.293034] ACPI: Added _OSI(Module Device)
[    1.293426] ACPI: Added _OSI(Processor Device)
[    1.293784] ACPI: Added _OSI(Processor Aggregator Device)
[    1.309582] ACPI: 1 ACPI AML tables successfully acquired and loaded
[    1.316182] ACPI: Interpreter enabled
[    1.316646] ACPI: PM: (supports S0 S3 S4 S5)
[    1.317003] ACPI: Using IOAPIC for interrupt routing
[    1.317553] PCI: Using host bridge windows from ACPI; if necessary, use "pci=nocrs" and report a bug
[    1.318274] PCI: Using E820 reservations for host bridge windows
[    1.319960] ACPI: Enabled 2 GPEs in block 00 to 0F
[    1.358408] ACPI: PCI Root Bridge [PCI0] (domain 0000 [bus 00-ff])
[    1.358813] acpi PNP0A03:00: _OSC: OS supports [ASPM ClockPM Segments MSI EDR HPX-Type3]
[    1.359470] acpi PNP0A03:00: _OSC: not requesting OS control; OS requires [ExtendedConfig ASPM ClockPM MSI]
[    1.360387] acpi PNP0A03:00: fail to add MMCONFIG information, can't access extended configuration space under this bridge
[    1.365696] acpiphp: Slot [3] registered
[    1.366141] acpiphp: Slot [4] registered
[    1.366589] acpiphp: Slot [5] registered
[    1.366922] acpiphp: Slot [6] registered
[    1.367376] acpiphp: Slot [7] registered
[    1.367817] acpiphp: Slot [8] registered
[    1.368256] acpiphp: Slot [9] registered
[    1.368711] acpiphp: Slot [10] registered
[    1.369166] acpiphp: Slot [11] registered
[    1.369622] acpiphp: Slot [12] registered
[    1.370068] acpiphp: Slot [13] registered
[    1.370520] acpiphp: Slot [14] registered
[    1.370910] acpiphp: Slot [15] registered
[    1.371370] acpiphp: Slot [16] registered
[    1.371823] acpiphp: Slot [17] registered
[    1.372270] acpiphp: Slot [18] registered
[    1.372717] acpiphp: Slot [19] registered
[    1.373173] acpiphp: Slot [20] registered
[    1.373651] acpiphp: Slot [21] registered
[    1.374103] acpiphp: Slot [22] registered
[    1.374551] acpiphp: Slot [23] registered
[    1.374951] acpiphp: Slot [24] registered
[    1.375402] acpiphp: Slot [25] registered
[    1.375849] acpiphp: Slot [26] registered
[    1.376296] acpiphp: Slot [27] registered
[    1.376755] acpiphp: Slot [28] registered
[    1.377215] acpiphp: Slot [29] registered
[    1.377670] acpiphp: Slot [30] registered
[    1.378125] acpiphp: Slot [31] registered
[    1.378519] PCI host bridge to bus 0000:00
[    1.378845] pci_bus 0000:00: root bus resource [io  0x0000-0x0cf7 window]
[    1.379396] pci_bus 0000:00: root bus resource [io  0x0d00-0xffff window]
[    1.379939] pci_bus 0000:00: root bus resource [mem 0x000a0000-0x000bffff window]
[    1.380537] pci_bus 0000:00: root bus resource [mem 0x80000000-0xfebfffff window]
[    1.381148] pci_bus 0000:00: root bus resource [mem 0x100000000-0x17fffffff window]
[    1.381764] pci_bus 0000:00: root bus resource [bus 00-ff]
[    1.382327] pci 0000:00:00.0: [8086:1237] type 00 class 0x060000 conventional PCI endpoint
[    1.391318] pci 0000:00:01.0: [8086:7000] type 00 class 0x060100 conventional PCI endpoint
[    1.393327] pci 0000:00:01.1: [8086:7010] type 00 class 0x010180 conventional PCI endpoint
[    1.394555] pci 0000:00:01.1: BAR 4 [io  0xc040-0xc04f]
[    1.394819] pci 0000:00:01.1: BAR 0 [io  0x01f0-0x01f7]: legacy IDE quirk
[    1.395359] pci 0000:00:01.1: BAR 1 [io  0x03f6]: legacy IDE quirk
[    1.395855] pci 0000:00:01.1: BAR 2 [io  0x0170-0x0177]: legacy IDE quirk
[    1.396396] pci 0000:00:01.1: BAR 3 [io  0x0376]: legacy IDE quirk
[    1.397434] pci 0000:00:01.3: [8086:7113] type 00 class 0x068000 conventional PCI endpoint
[    1.398353] pci 0000:00:01.3: quirk: [io  0x0600-0x063f] claimed by PIIX4 ACPI
[    1.398796] pci 0000:00:01.3: quirk: [io  0x0700-0x070f] claimed by PIIX4 SMB
[    1.399885] pci 0000:00:02.0: [1234:1111] type 00 class 0x030000 conventional PCI endpoint
[    1.403612] pci 0000:00:02.0: BAR 0 [mem 0xfd000000-0xfdffffff pref]
[    1.404365] pci 0000:00:02.0: BAR 2 [mem 0xfebf0000-0xfebf0fff]
[    1.404886] pci 0000:00:02.0: ROM [mem 0xfebe0000-0xfebeffff pref]
[    1.405812] pci 0000:00:02.0: Video device with shadowed ROM at [mem 0x000c0000-0x000dffff]
[    1.416789] pci 0000:00:03.0: [8086:100e] type 00 class 0x020000 conventional PCI endpoint
[    1.419896] pci 0000:00:03.0: BAR 0 [mem 0xfebc0000-0xfebdffff]
[    1.420407] pci 0000:00:03.0: BAR 1 [io  0xc000-0xc03f]
[    1.420868] pci 0000:00:03.0: ROM [mem 0xfeb80000-0xfebbffff pref]
[    1.442333] ACPI: PCI: Interrupt link LNKA configured for IRQ 10
[    1.443798] ACPI: PCI: Interrupt link LNKB configured for IRQ 10
[    1.445238] ACPI: PCI: Interrupt link LNKC configured for IRQ 11
[    1.446608] ACPI: PCI: Interrupt link LNKD configured for IRQ 11
[    1.447168] ACPI: PCI: Interrupt link LNKS configured for IRQ 9
[    1.452819] iommu: Default domain type: Translated
[    1.453261] iommu: DMA domain TLB invalidation policy: lazy mode
[    1.458020] SCSI subsystem initialized
[    1.459452] ACPI: bus type USB registered
[    1.460079] usbcore: registered new interface driver usbfs
[    1.460697] usbcore: registered new interface driver hub
[    1.461234] usbcore: registered new device driver usb
[    1.462151] pps_core: LinuxPPS API ver. 1 registered
[    1.462573] pps_core: Software ver. 5.3.6 - Copyright 2005-2007 Rodolfo Giometti <giometti@linux.it>
[    1.462842] PTP clock support registered
[    1.467100] EDAC MC: Ver: 3.0.0
[    1.475073] NetLabel: Initializing
[    1.475411] NetLabel:  domain hash size = 128
[    1.475778] NetLabel:  protocols = UNLABELED CIPSOv4 CALIPSO
[    1.476488] NetLabel:  unlabeled traffic allowed by default
[    1.477980] PCI: Using ACPI for IRQ routing
[    1.479152] pci 0000:00:02.0: vgaarb: setting as boot VGA device
[    1.479659] pci 0000:00:02.0: vgaarb: bridge control possible
[    1.480123] pci 0000:00:02.0: vgaarb: VGA device added: decodes=io+mem,owns=io+mem,locks=none
[    1.480805] vgaarb: loaded
[    1.483935] hpet0: at MMIO 0xfed00000, IRQs 2, 8, 0
[    1.484372] hpet0: 3 comparators, 64-bit 100.000000 MHz counter
[    1.490404] clocksource: Switched to clocksource kvm-clock
[    3.938201] VFS: Disk quotas dquot_6.6.0
[    3.938599] VFS: Dquot-cache hash table entries: 512 (order 0, 4096 bytes)
[    3.940507] Callback from call_rcu_tasks() invoked.
[    3.941600] pnp: PnP ACPI init
[    3.945921] pnp: PnP ACPI: found 6 devices
[    3.966599] clocksource: acpi_pm: mask: 0xffffff max_cycles: 0xffffff, max_idle_ns: 2085701024 ns
[    3.967888] NET: Registered PF_INET protocol family
[    3.968515] IP idents hash table entries: 32768 (order: 6, 262144 bytes, linear)
[    3.970851] tcp_listen_portaddr_hash hash table entries: 1024 (order: 5, 73728 bytes, linear)
[    3.971561] Table-perturb hash table entries: 65536 (order: 6, 262144 bytes, linear)
[    3.972387] TCP established hash table entries: 16384 (order: 5, 131072 bytes, linear)
[    3.974424] TCP bind hash table entries: 16384 (order: 10, 2359296 bytes, linear)
[    3.991504] TCP: Hash tables configured (established 16384 bind 16384)
[    3.992349] UDP hash table entries: 1024 (order: 6, 262144 bytes, linear)
[    3.993073] UDP-Lite hash table entries: 1024 (order: 6, 262144 bytes, linear)
[    3.994260] NET: Registered PF_UNIX/PF_LOCAL protocol family
[    3.996636] RPC: Registered named UNIX socket transport module.
[    3.997118] RPC: Registered udp transport module.
[    3.997471] RPC: Registered tcp transport module.
[    3.997831] RPC: Registered tcp-with-tls transport module.
[    3.998236] RPC: Registered tcp NFSv4.1 backchannel transport module.
[    3.998768] pci_bus 0000:00: resource 4 [io  0x0000-0x0cf7 window]
[    3.999240] pci_bus 0000:00: resource 5 [io  0x0d00-0xffff window]
[    3.999704] pci_bus 0000:00: resource 6 [mem 0x000a0000-0x000bffff window]
[    4.000239] pci_bus 0000:00: resource 7 [mem 0x80000000-0xfebfffff window]
[    4.000751] pci_bus 0000:00: resource 8 [mem 0x100000000-0x17fffffff window]
[    4.001626] pci 0000:00:01.0: PIIX3: Enabling Passive Release
[    4.002078] pci 0000:00:00.0: Limiting direct PCI/PCI transfers
[    4.002613] PCI: CLS 0 bytes, default 64
[    4.003083] ACPI: bus type thunderbolt registered
[    4.003934] clocksource: tsc: mask: 0xffffffffffffffff max_cycles: 0x12441513526, max_idle_ns: 440795239872 ns
[    4.013263] Initialise system trusted keyrings
[    4.013843] Key type blacklist registered
[    4.014797] workingset: timestamp_bits=36 max_order=19 bucket_order=0
[    4.017420] squashfs: version 4.0 (2009/01/31) Phillip Lougher
[    4.020178] NFS: Registering the id_resolver key type
[    4.020610] Key type id_resolver registered
[    4.020935] Key type id_legacy registered
[    4.021320] nfs4filelayout_init: NFSv4 File Layout Driver Registering...
[    4.021872] nfs4flexfilelayout_init: NFSv4 Flexfile Layout Driver Registering...
[    4.022896] fuse: init (API version 7.45)
[    4.023987] SGI XFS with ACLs, security attributes, realtime, quota, no debug enabled
[    4.026524] 9p: Installing v9fs 9p2000 file system support
[    4.037770] Key type asymmetric registered
[    4.038133] Asymmetric key parser 'x509' registered
[    4.038736] Block layer SCSI generic (bsg) driver version 0.4 loaded (major 241)
[    4.040209] io scheduler mq-deadline registered
[    4.040782] io scheduler bfq registered
[    4.042267] ledtrig-cpu: registered to indicate activity on CPUs
[    4.044644] IPMI message handler: version 39.2
[    4.045082] ipmi device interface
[    4.047806] input: Power Button as /devices/LNXSYSTM:00/LNXPWRBN:00/input/input0
[    4.049066] ACPI: button: Power Button [PWRF]
[    4.051824] ERST DBG: ERST support is disabled.
[    4.054136] Serial: 8250/16550 driver, 32 ports, IRQ sharing enabled
[    4.055976] 00:04: ttyS0 at I/O 0x3f8 (irq = 4, base_baud = 115200) is a 16550A
[    4.095514] Linux agpgart interface v0.103
[    4.099225] ACPI: bus type drm_connector registered
[    4.129873] brd: module loaded
[    4.147217] loop: module loaded
[    4.162302] scsi host0: ata_piix
[    4.164457] scsi host1: ata_piix
[    4.165224] ata1: PATA max MWDMA2 cmd 0x1f0 ctl 0x3f6 bmdma 0xc040 irq 14 lpm-pol 0
[    4.165759] ata2: PATA max MWDMA2 cmd 0x170 ctl 0x376 bmdma 0xc048 irq 15 lpm-pol 0
[    4.169170] tun: Universal TUN/TAP device driver, 1.6
[    4.170461] e100: Intel(R) PRO/100 Network Driver
[    4.170828] e100: Copyright(c) 1999-2006 Intel Corporation
[    4.171350] e1000: Intel(R) PRO/1000 Network Driver
[    4.171704] e1000: Copyright (c) 1999-2006 Intel Corporation.
[    4.320248] ata2: found unknown device (class 0)
[    4.320888] ata1: found unknown device (class 0)
[    4.321737] ata1.00: ATA-7: QEMU HARDDISK, 2.5+, max UDMA/100
[    4.322158] ata1.00: 17196647 sectors, multi 16: LBA48 
[    4.323813] scsi 0:0:0:0: Direct-Access     ATA      QEMU HARDDISK    2.5+ PQ: 0 ANSI: 5
[    4.324512] ata2.00: ATAPI: QEMU DVD-ROM, 2.5+, max UDMA/100
[    4.327322] sd 0:0:0:0: Attached scsi generic sg0 type 0
[    4.328030] sd 0:0:0:0: [sda] 17196647 512-byte logical blocks: (8.80 GB/8.20 GiB)
[    4.328824] sd 0:0:0:0: [sda] Write Protect is off
[    4.329355] sd 0:0:0:0: [sda] Write cache: enabled, read cache: enabled, doesn't support DPO or FUA
[    4.330092] sd 0:0:0:0: [sda] Preferred minimum I/O size 512 bytes
[    4.332094] scsi 1:0:0:0: CD-ROM            QEMU     QEMU DVD-ROM     2.5+ PQ: 0 ANSI: 5
[    4.354096] scsi 1:0:0:0: Attached scsi generic sg1 type 5
[    4.356461] sd 0:0:0:0: [sda] Attached SCSI disk
[    4.819508] ACPI: \_SB_.LNKC: Enabled at IRQ 11
[    5.127779] e1000 0000:00:03.0 eth0: (PCI:33MHz:32-bit) 52:54:00:12:34:56
[    5.128346] e1000 0000:00:03.0 eth0: Intel(R) PRO/1000 Network Connection
[    5.129082] e1000e: Intel(R) PRO/1000 Network Driver
[    5.129445] e1000e: Copyright(c) 1999 - 2015 Intel Corporation.
[    5.130019] igb: Intel(R) Gigabit Ethernet Network Driver
[    5.130403] igb: Copyright (c) 2007-2014 Intel Corporation.
[    5.131175] PPP generic driver version 2.4.2
[    5.133799] VFIO - User Level meta-driver version: 0.3
[    5.135887] usbcore: registered new interface driver uas
[    5.136480] usbcore: registered new interface driver usb-storage
[    5.137238] i8042: PNP: PS/2 Controller [PNP0303:KBD,PNP0f13:MOU] at 0x60,0x64 irq 1,12
[    5.138720] serio: i8042 KBD port at 0x60,0x64 irq 1
[    5.139154] serio: i8042 AUX port at 0x60,0x64 irq 12
[    5.140998] mousedev: PS/2 mouse device common for all mice
[    5.143634] input: AT Translated Set 2 keyboard as /devices/platform/i8042/serio0/input/input1
[    5.144593] rtc_cmos 00:05: RTC can wake from S4
[    5.145689] input: VirtualPS/2 VMware VMMouse as /devices/platform/i8042/serio1/input/input4
[    5.146896] rtc_cmos 00:05: registered as rtc0
[    5.147369] rtc_cmos 00:05: setting system clock to 2025-12-04T15:07:37 UTC (1764860857)
[    5.147438] input: VirtualPS/2 VMware VMMouse as /devices/platform/i8042/serio1/input/input3
[    5.148979] rtc_cmos 00:05: alarms up to one day, y3k, 242 bytes nvram, hpet irqs
[    5.149608] i2c_dev: i2c /dev entries driver
[    5.150448] device-mapper: core: CONFIG_IMA_DISABLE_HTABLE is disabled. Duplicate IMA measurements will not be recorded in the IMA log.
[    5.151395] device-mapper: uevent: version 1.0.3
[    5.152287] device-mapper: ioctl: 4.50.0-ioctl (2025-04-28) initialised: dm-devel@lists.linux.dev
[    5.152979] intel_pstate: CPU model not supported
[    5.153648] sdhci: Secure Digital Host Controller Interface driver
[    5.154126] sdhci: Copyright(c) Pierre Ossman
[    5.154693] sdhci-pltfm: SDHCI platform and OF driver helper
[    5.155828] drop_monitor: Initializing network drop monitor service
[    5.156836] NET: Registered PF_INET6 protocol family
[    5.160545] Segment Routing with IPv6
[    5.160923] In-situ OAM (IOAM) with IPv6
[    5.161633] NET: Registered PF_PACKET protocol family
[    5.162512] 9pnet: Installing 9P2000 support
[    5.163082] Key type dns_resolver registered
[    5.165873] IPI shorthand broadcast: enabled
[    5.221156] sched_clock: Marking stable (5204263693, 16047208)->(5247866132, -27555231)
[    5.222916] registered taskstats version 1
[    5.223795] Loading compiled-in X.509 certificates
[    5.296456] Demotion targets for Node 0: null
[    5.298564] Key type .fscrypt registered
[    5.298944] Key type fscrypt-provisioning registered
[    5.303418] Key type encrypted registered
[    5.303871] ima: No TPM chip found, activating TPM-bypass!
[    5.304331] ima: Allocated hash algorithm: sha1
[    5.304775] ima: No architecture policies found
[    5.305253] evm: Initialising EVM extended attributes:
[    5.305632] evm: security.selinux
[    5.305886] evm: security.SMACK64
[    5.306139] evm: security.SMACK64EXEC
[    5.306413] evm: security.SMACK64TRANSMUTE
[    5.306723] evm: security.SMACK64MMAP
[    5.306996] evm: security.apparmor
[    5.307252] evm: security.ima
[    5.307482] evm: security.capability
[    5.307751] evm: HMAC attrs: 0x1
[    5.310673] PM:   Magic number: 5:991:132
[    5.311114] acpi device:07: hash matches
[    5.312456] RAS: Correctable Errors collector initialized.
[    5.313214] clk: Disabling unused clocks
[    5.313876] PM: genpd: Disabling unused power domains
[    5.315321] check access for rdinit=/init failed: -2, ignoring
[    5.315618] md: Waiting for all devices to be available before autodetect
[    5.315960] md: If you don't use raid, use raid=noautodetect
[    5.316365] md: Autodetecting RAID arrays.
[    5.316593] md: autorun ...
[    5.316747] md: ... autorun DONE.
[    5.333692] EXT4-fs (sda): mounted filesystem 088740a9-c8b4-422c-999d-a804eb68a4da ro with ordered data mode. Quota mode: none.
[    5.334466] VFS: Mounted root (ext4 filesystem) readonly on device 8:0.
[    5.338779] devtmpfs: mounted
[    5.359310] Freeing unused decrypted memory: 2036K
[    5.373814] Freeing unused kernel image (initmem) memory: 16232K
[    5.374398] Write protecting the kernel read-only data: 102400k
[    5.378344] Freeing unused kernel image (text/rodata gap) memory: 1736K
[    5.380979] Freeing unused kernel image (rodata/data gap) memory: 1792K
[    5.450013] x86/mm: Checked W+X mappings: passed, no W+X pages found.
[    5.450386] Run /sbin/init as init process
[    5.734371] systemd[1]: systemd 252-15.el9 running in system mode (+PAM +AUDIT +SELINUX -APPARMOR +IMA +SMACK +SECCOMP +GCRYPT +GNUTLS +OPENSSL +ACL +BLKID +CURL +ELFUTILS -FIDO2 +IDN2 -IDN -IPTC +KMOD +LIBCRYPTSETUP +LIBFDISK +PCRE2 -PWQUALITY +P11KIT -QRENCODE +TPM2 +BZIP2 +LZ4 +XZ +ZLIB +ZSTD -BPF_FRAMEWORK +XKBCOMMON +UTMP +SYSVINIT default-hierarchy=unified)
[    5.735932] systemd[1]: Detected virtualization kvm.
[    5.736337] systemd[1]: Detected architecture x86-64.

Welcome to [0;31mCentOS Stream 9[0m!

[    5.743250] systemd[1]: Hostname set to <test>.
[    5.884642] systemd-rc-local-generator[118]: /etc/rc.d/rc.local is not marked executable, skipping.
[    6.349531] systemd[1]: Queued start job for default target Multi-User System.
[    6.367136] systemd[1]: Created slice Virtual Machine and Container Slice.
[[0;32m  OK  [0m] Created slice [0;1;39mVirtual Machine and Container Slice[0m.
[    6.371859] systemd[1]: Created slice Slice /system/getty.
[[0;32m  OK  [0m] Created slice [0;1;39mSlice /system/getty[0m.
[    6.374531] systemd[1]: Created slice Slice /system/modprobe.
[[0;32m  OK  [0m] Created slice [0;1;39mSlice /system/modprobe[0m.
[    6.377338] systemd[1]: Created slice Slice /system/serial-getty.
[[0;32m  OK  [0m] Created slice [0;1;39mSlice /system/serial-getty[0m.
[    6.379867] systemd[1]: Created slice Slice /system/sshd-keygen.
[[0;32m  OK  [0m] Created slice [0;1;39mSlice /system/sshd-keygen[0m.
[    6.382286] systemd[1]: Created slice User and Session Slice.
[[0;32m  OK  [0m] Created slice [0;1;39mUser and Session Slice[0m.
[    6.383547] systemd[1]: Started Forward Password Requests to Wall Directory Watch.
[[0;32m  OK  [0m] Started [0;1;39mForward Password R…uests to Wall Directory Watch[0m.
[    6.385950] systemd[1]: Set up automount Arbitrary Executable File Formats File System Automount Point.
[[0;32m  OK  [0m] Set up automount [0;1;39mArbitrary…s File System Automount Point[0m.
[    6.387180] systemd[1]: Reached target Local Integrity Protected Volumes.
[[0;32m  OK  [0m] Reached target [0;1;39mLocal Integrity Protected Volumes[0m.
[    6.388293] systemd[1]: Reached target Slice Units.
[[0;32m  OK  [0m] Reached target [0;1;39mSlice Units[0m.
[    6.389036] systemd[1]: Reached target Swaps.
[[0;32m  OK  [0m] Reached target [0;1;39mSwaps[0m.
[    6.389721] systemd[1]: Reached target Local Verity Protected Volumes.
[[0;32m  OK  [0m] Reached target [0;1;39mLocal Verity Protected Volumes[0m.
[    6.390992] systemd[1]: Listening on Device-mapper event daemon FIFOs.
[[0;32m  OK  [0m] Listening on [0;1;39mDevice-mapper event daemon FIFOs[0m.
[    6.392561] systemd[1]: Listening on LVM2 poll daemon socket.
[[0;32m  OK  [0m] Listening on [0;1;39mLVM2 poll daemon socket[0m.
[    6.393558] systemd[1]: multipathd control socket was skipped because of an unmet condition check (ConditionPathExists=/etc/multipath.conf).
[    6.440233] systemd[1]: Listening on RPCbind Server Activation Socket.
[[0;32m  OK  [0m] Listening on [0;1;39mRPCbind Server Activation Socket[0m.
[    6.441901] systemd[1]: Reached target RPC Port Mapper.
[[0;32m  OK  [0m] Reached target [0;1;39mRPC Port Mapper[0m.
[    6.446148] systemd[1]: Listening on Process Core Dump Socket.
[[0;32m  OK  [0m] Listening on [0;1;39mProcess Core Dump Socket[0m.
[    6.447717] systemd[1]: Listening on initctl Compatibility Named Pipe.
[[0;32m  OK  [0m] Listening on [0;1;39minitctl Compatibility Named Pipe[0m.
[    6.449350] systemd[1]: Listening on Journal Socket (/dev/log).
[[0;32m  OK  [0m] Listening on [0;1;39mJournal Socket (/dev/log)[0m.
[    6.451143] systemd[1]: Listening on Journal Socket.
[[0;32m  OK  [0m] Listening on [0;1;39mJournal Socket[0m.
[    6.452947] systemd[1]: Listening on udev Control Socket.
[[0;32m  OK  [0m] Listening on [0;1;39mudev Control Socket[0m.
[    6.454451] systemd[1]: Listening on udev Kernel Socket.
[[0;32m  OK  [0m] Listening on [0;1;39mudev Kernel Socket[0m.
[    6.493033] systemd[1]: Mounting Huge Pages File System...
         Mounting [0;1;39mHuge Pages File System[0m...
[    6.500234] systemd[1]: Mounting POSIX Message Queue File System...
         Mounting [0;1;39mPOSIX Message Queue File System[0m...
[    6.510915] systemd[1]: Mounting Kernel Debug File System...
         Mounting [0;1;39mKernel Debug File System[0m...
[    6.533391] systemd[1]: Mounting Kernel Trace File System...
         Mounting [0;1;39mKernel Trace File System[0m...
[    6.534953] systemd[1]: Kernel Module supporting RPCSEC_GSS was skipped because of an unmet condition check (ConditionPathExists=/etc/krb5.keytab).
[    6.535753] systemd[1]: Create List of Static Device Nodes was skipped because of an unmet condition check (ConditionFileNotEmpty=/lib/modules/6.18.0-5777af473056+/modules.devname).
[    6.542736] systemd[1]: Starting Monitoring of LVM2 mirrors, snapshots etc. using dmeventd or progress polling...
         Starting [0;1;39mMonitoring of LVM…meventd or progress polling[0m...
[    6.551329] systemd[1]: Starting Load Kernel Module configfs...
         Starting [0;1;39mLoad Kernel Module configfs[0m...
[    6.559596] systemd[1]: Starting Load Kernel Module drm...
         Starting [0;1;39mLoad Kernel Module drm[0m...
[    6.608878] systemd[1]: Starting Load Kernel Module fuse...
         Starting [0;1;39mLoad Kernel Module fuse[0m...
[    6.621432] systemd[1]: Starting Read and set NIS domainname from /etc/sysconfig/network...
         Starting [0;1;39mRead and set NIS …from /etc/sysconfig/network[0m...
[    6.648873] systemd[1]: Starting Journal Service...
         Starting [0;1;39mJournal Service[0m...
[    6.657482] systemd[1]: Starting Load Kernel Modules...
         Starting [0;1;39mLoad Kernel Modules[0m...
[    6.667737] systemd[1]: Starting Generate network units from Kernel command line...
         Starting [0;1;39mGenerate network …ts from Kernel command line[0m...
[    6.681029] systemd[1]: Starting Remount Root and Kernel File Systems...
         Starting [0;1;39mRemount Root and Kernel File Systems[0m...
[    6.688504] systemd[1]: Repartition Root Disk was skipped because no trigger condition checks were met.
[    6.729877] systemd[1]: Starting Coldplug All udev Devices...
         Starting [0;1;39mColdplug All udev Devices[0m...
[    6.750576] systemd[1]: Mounted Huge Pages File System.
[[0;32m  OK  [0m] Mounted [0;1;39mHuge Pages File System[0m.
[    6.756690] systemd[1]: Mounted POSIX Message Queue File System.
[[0;32m  OK  [0m] Mounted [0;1;39mPOSIX Message Queue File System[0m.
[    6.758240] systemd[1]: Mounted Kernel Debug File System.
[[0;32m  OK  [0m] Mounted [0;1;39mKernel Debug File System[0m.
[    6.760780] systemd[1]: Mounted Kernel Trace File System.
[[0;32m  OK  [0m] Mounted [0;1;39mKernel Trace File System[0m.
[    6.763460] systemd[1]: Finished Monitoring of LVM2 mirrors, snapshots etc. using dmeventd or progress polling.
[[0;32m  OK  [0m] Finished [0;1;39mMonitoring of LVM… dmeventd or progress polling[0m.
[    6.766546] systemd[1]: modprobe@configfs.service: Deactivated successfully.
[    6.767582] EXT4-fs (sda): re-mounted 088740a9-c8b4-422c-999d-a804eb68a4da r/w.
[    6.780246] systemd[1]: Finished Load Kernel Module configfs.
[[0;32m  OK  [0m] Finished [0;1;39mLoad Kernel Module configfs[0m.
[    6.793550] systemd[1]: modprobe@drm.service: Deactivated successfully.
[    6.800212] systemd[1]: Finished Load Kernel Module drm.
[[0;32m  OK  [0m] Finished [0;1;39mLoad Kernel Module drm[0m.
[    6.802729] systemd[1]: modprobe@fuse.service: Deactivated successfully.
[    6.808890] systemd[1]: Finished Load Kernel Module fuse.
[[0;32m  OK  [0m] Finished [0;1;39mLoad Kernel Module fuse[0m.
[    6.814773] systemd[1]: Finished Read and set NIS domainname from /etc/sysconfig/network.
[[0;32m  OK  [0m] Finished [0;1;39mRead and set NIS …e from /etc/sysconfig/network[0m.
[    6.820788] systemd[1]: systemd-modules-load.service: Main process exited, code=exited, status=1/FAILURE
[    6.822175] systemd[1]: systemd-modules-load.service: Failed with result 'exit-code'.
[    6.823642] systemd[1]: Failed to start Load Kernel Modules.
[[0;1;31mFAILED[0m] Failed to start [0;1;39mLoad Kernel Modules[0m.
See 'systemctl status systemd-modules-load.service' for details.
[    6.829819] systemd[1]: Started Journal Service.
[[0;32m  OK  [0m] Started [0;1;39mJournal Service[0m.
[[0;32m  OK  [0m] Finished [0;1;39mGenerate network units from Kernel command line[0m.
[[0;32m  OK  [0m] Finished [0;1;39mRemount Root and Kernel File Systems[0m.
[[0;32m  OK  [0m] Reached target [0;1;39mPreparation for Network[0m.
         Mounting [0;1;39mFUSE Control File System[0m...
         Mounting [0;1;39mKernel Configuration File System[0m...
         Starting [0;1;39mFlush Journal to Persistent Storage[0m...
         Starting [0;1;39mLoad/Save Random Seed[0m...
         Starting [0;1;39mApply Kernel Variables[0m...
         Starting [0;1;39mCreate Static Device Nodes in /dev[0m...
[    6.964359] systemd-journald[143]: Received client request to flush runtime journal.
         Starting [0;1;39mSetup Virtual Console[0m...
[[0;32m  OK  [0m] Mounted [0;1;39mFUSE Control File System[0m.
[[0;32m  OK  [0m] Mounted [0;1;39mKernel Configuration File System[0m.
[[0;32m  OK  [0m] Finished [0;1;39mFlush Journal to Persistent Storage[0m.
[[0;32m  OK  [0m] Finished [0;1;39mLoad/Save Random Seed[0m.
[[0;32m  OK  [0m] Finished [0;1;39mApply Kernel Variables[0m.
[[0;32m  OK  [0m] Finished [0;1;39mCreate Static Device Nodes in /dev[0m.
         Starting [0;1;39mRule-based Manage…for Device Events and Files[0m...
[[0;32m  OK  [0m] Started [0;1;39mRule-based Manager for Device Events and Files[0m.
         Starting [0;1;39mAuto-connect to s…E devices found during boot[0m...
[[0;32m  OK  [0m] Finished [0;1;39mColdplug All udev Devices[0m.
[[0;32m  OK  [0m] Finished [0;1;39mSetup Virtual Console[0m.
[[0;32m  OK  [0m] Finished [0;1;39mAuto-connect to s…VME devices found during boot[0m.
[[0;32m  OK  [0m] Started [0;1;39mDispatch Password …ts to Console Directory Watch[0m.
[[0;32m  OK  [0m] Reached target [0;1;39mLocal Encrypted Volumes[0m.
[[0;32m  OK  [0m] Reached target [0;1;39mPath Units[0m.
         Starting [0;1;39mWait for udev To …plete Device Initialization[0m...
[[0;32m  OK  [0m] Found device [0;1;39m/dev/ttyS0[0m.
[[0;32m  OK  [0m] Listening on [0;1;39mLoad/Save RF …itch Status /dev/rfkill Watch[0m.
[[0;32m  OK  [0m] Finished [0;1;39mWait for udev To Complete Device Initialization[0m.
[[0;32m  OK  [0m] Reached target [0;1;39mPreparation for Local File Systems[0m.
[[0;32m  OK  [0m] Reached target [0;1;39mLocal File Systems[0m.
         Starting [0;1;39mTell Plymouth To Write Out Runtime Data[0m...
         Starting [0;1;39mAutomatic Boot Loader Update[0m...
         Starting [0;1;39mCreate Volatile Files and Directories[0m...
[[0;32m  OK  [0m] Finished [0;1;39mTell Plymouth To Write Out Runtime Data[0m.
[[0;32m  OK  [0m] Finished [0;1;39mAutomatic Boot Loader Update[0m.
[[0;32m  OK  [0m] Finished [0;1;39mCreate Volatile Files and Directories[0m.
         Mounting [0;1;39mRPC Pipe File System[0m...
         Starting [0;1;39mSecurity Auditing Service[0m...
         Starting [0;1;39mRPC Bind[0m...
[[0;32m  OK  [0m] Mounted [0;1;39mRPC Pipe File System[0m.
[[0;32m  OK  [0m] Reached target [0;1;39mrpc_pipefs.target[0m.
[[0;32m  OK  [0m] Started [0;1;39mRPC Bind[0m.
[[0;32m  OK  [0m] Started [0;1;39mSecurity Auditing Service[0m.
         Starting [0;1;39mRecord System Boot/Shutdown in UTMP[0m...
[[0;32m  OK  [0m] Finished [0;1;39mRecord System Boot/Shutdown in UTMP[0m.
[[0;32m  OK  [0m] Reached target [0;1;39mSystem Initialization[0m.
[[0;32m  OK  [0m] Started [0;1;39mDaily rotation of log files[0m.
[[0;32m  OK  [0m] Started [0;1;39mUpdates mlocate database every day[0m.
[[0;32m  OK  [0m] Started [0;1;39mDaily Cleanup of Temporary Directories[0m.
[[0;32m  OK  [0m] Started [0;1;39mdaily update of the root trust anchor for DNSSEC[0m.
[[0;32m  OK  [0m] Reached target [0;1;39mTimer Units[0m.
[[0;32m  OK  [0m] Listening on [0;1;39mD-Bus System Message Bus Socket[0m.
[[0;32m  OK  [0m] Listening on [0;1;39mOpen-iSCSI iscsid Socket[0m.
[[0;32m  OK  [0m] Listening on [0;1;39mOpen-iSCSI iscsiuio Socket[0m.
[[0;32m  OK  [0m] Listening on [0;1;39mSSSD Kerberos…ache Manager responder socket[0m.
[[0;32m  OK  [0m] Listening on [0;1;39mLibvirt interface local socket[0m.
[[0;32m  OK  [0m] Listening on [0;1;39mVirtual machine lock manager socket[0m.
[[0;32m  OK  [0m] Listening on [0;1;39mVirtual machine log manager socket[0m.
[[0;32m  OK  [0m] Listening on [0;1;39mLibvirt network local socket[0m.
[[0;32m  OK  [0m] Listening on [0;1;39mLibvirt nodedev local socket[0m.
[[0;32m  OK  [0m] Listening on [0;1;39mLibvirt nwfilter local socket[0m.
[[0;32m  OK  [0m] Listening on [0;1;39mLibvirt proxy local socket[0m.
[[0;32m  OK  [0m] Listening on [0;1;39mLibvirt qemu local socket[0m.
[[0;32m  OK  [0m] Listening on [0;1;39mLibvirt qemu admin socket[0m.
[[0;32m  OK  [0m] Listening on [0;1;39mLibvirt qemu local read-only socket[0m.
[[0;32m  OK  [0m] Listening on [0;1;39mLibvirt secret local socket[0m.
[[0;32m  OK  [0m] Listening on [0;1;39mLibvirt storage local socket[0m.
[[0;32m  OK  [0m] Reached target [0;1;39mSocket Units[0m.
         Starting [0;1;39mD-Bus System Message Bus[0m...
[[0;32m  OK  [0m] Started [0;1;39mD-Bus System Message Bus[0m.
[[0;32m  OK  [0m] Reached target [0;1;39mBasic System[0m.
         Starting [0;1;39mNetwork Manager[0m...
         Starting [0;1;39mNTP client/server[0m...
         Starting [0;1;39mRestore /run/initramfs on shutdown[0m...
[[0;32m  OK  [0m] Started [0;1;39mirqbalance daemon[0m.
[[0;32m  OK  [0m] Started [0;1;39mlibstoragemgmt plug-in server daemon[0m.
[[0;32m  OK  [0m] Started [0;1;39mMachine Check Exception Logging Daemon[0m.
[[0;32m  OK  [0m] Reached target [0;1;39msshd-keygen.target[0m.
[[0;32m  OK  [0m] Reached target [0;1;39mUser and Group Name Lookups[0m.
         Starting [0;1;39mUser Login Management[0m...
         Starting [0;1;39mVirtual Machine a…tainer Registration Service[0m...
         Starting [0;1;39mupdate of the roo…NSSEC validation in unbound[0m...
         Starting [0;1;39mRotate log files[0m...
[[0;32m  OK  [0m] Started [0;1;39mUpdate a database for mlocate[0m.
[[0;32m  OK  [0m] Finished [0;1;39mRestore /run/initramfs on shutdown[0m.
[[0;32m  OK  [0m] Started [0;1;39mVirtual Machine an…ontainer Registration Service[0m.
         Starting [0;1;39mHostname Service[0m...
[[0;32m  OK  [0m] Started [0;1;39mNTP client/server[0m.
[[0;32m  OK  [0m] Started [0;1;39mUser Login Management[0m.
[[0;32m  OK  [0m] Finished [0;1;39mupdate of the roo… DNSSEC validation in unbound[0m.
[[0;32m  OK  [0m] Started [0;1;39mHostname Service[0m.
[[0;32m  OK  [0m] Finished [0;1;39mRotate log files[0m.
         Starting [0;1;39mNetwork Manager Script Dispatcher Service[0m...
[[0;32m  OK  [0m] Started [0;1;39mNetwork Manager Script Dispatcher Service[0m.
[   10.516387] e1000: eth0 NIC Link is Up 1000 Mbps Full Duplex, Flow Control: RX
[[0;32m  OK  [0m] Started [0;1;39mNetwork Manager[0m.
[[0;32m  OK  [0m] Reached target [0;1;39mNetwork[0m.
[[0;32m  OK  [0m] Reached target [0;1;39mNetwork is Online[0m.
         Starting [0;1;39mGSSAPI Proxy Daemon[0m...
         Starting [0;1;39mNotify NFS peers of a restart[0m...
         Starting [0;1;39mSystem Logging Service[0m...
         Starting [0;1;39mOpenSSH server daemon[0m...
         Starting [0;1;39mDynamic System Tuning Daemon[0m...
[[0;32m  OK  [0m] Started [0;1;39mNotify NFS peers of a restart[0m.
[[0;32m  OK  [0m] Started [0;1;39mOpenSSH server daemon[0m.
[[0;32m  OK  [0m] Started [0;1;39mGSSAPI Proxy Daemon[0m.
[[0;32m  OK  [0m] Reached target [0;1;39mNFS client services[0m.
[[0;32m  OK  [0m] Reached target [0;1;39mPreparation for Remote File Systems[0m.
[[0;32m  OK  [0m] Reached target [0;1;39mRemote File Systems[0m.
         Starting [0;1;39mPermit User Sessions[0m...
         Starting [0;1;39mVirtualization qemu daemon[0m...
[[0;32m  OK  [0m] Finished [0;1;39mPermit User Sessions[0m.
[[0;32m  OK  [0m] Started [0;1;39mDeferred execution scheduler[0m.
[[0;32m  OK  [0m] Started [0;1;39mCommand Scheduler[0m.
         Starting [0;1;39mHold until boot process finishes up[0m...
         Starting [0;1;39mTerminate Plymouth Boot Screen[0m...
[[0;32m  OK  [0m] Started [0;1;39mSystem Logging Service[0m.
[[0;32m  OK  [0m] Started [0;1;39mVirtualization qemu daemon[0m.
[[0;32m  OK  [0m] Finished [0;1;39mHold until boot process finishes up[0m.
[[0;32m  OK  [0m] Started [0;1;39mGetty on tty1[0m.
[[0;32m  OK  [0m] Started [0;1;39mSerial Getty on ttyS0[0m.
[[0;32m  OK  [0m] Reached target [0;1;39mLogin Prompts[0m.
[[0;32m  OK  [0m] Finished [0;1;39mTerminate Plymouth Boot Screen[0m.
         Starting [0;1;39mAuthorization Manager[0m...
[[0;32m  OK  [0m] Started [0;1;39mAuthorization Manager[0m.
[[0;32m  OK  [0m] Started [0;1;39mDynamic System Tuning Daemon[0m.
[[0;32m  OK  [0m] Reached target [0;1;39mMulti-User System[0m.
         Starting [0;1;39mRecord Runlevel Change in UTMP[0m...
[[0;32m  OK  [0m] Finished [0;1;39mRecord Runlevel Change in UTMP[0m.

CentOS Stream 9
Kernel 6.18.0-5777af473056+ on an x86_64

Activate the web console with: systemctl enable --now cockpit.socket

test login: [   20.686419] loop1: detected capacity change from 0 to 32768
[   20.773376] XFS (loop1): Mounting V5 Filesystem bfdc47fc-10d8-4eed-a562-11a831b3f791
[   20.792749] loop6: detected capacity change from 0 to 32768
[   20.813295] XFS (loop1): Ending clean mount
[   20.821314] XFS (loop1): Quotacheck needed: Please wait.
[   20.825846] XFS (loop6): Mounting V5 Filesystem bfdc47fc-10d8-4eed-a562-11a831b3f791
[   20.836569] XFS (loop1): Quotacheck: Done.
[   20.956916] XFS (loop6): Ending clean mount
[   20.957833] XFS (loop6): Quotacheck needed: Please wait.
[   20.982138] XFS (loop6): Quotacheck: Done.
[   21.015802] loop4: detected capacity change from 0 to 32768
[   21.063558] loop7: detected capacity change from 0 to 32768
[   21.082268] XFS (loop4): Mounting V5 Filesystem bfdc47fc-10d8-4eed-a562-11a831b3f791
[   21.082789] XFS (loop7): Mounting V5 Filesystem bfdc47fc-10d8-4eed-a562-11a831b3f791
[   21.112515] loop5: detected capacity change from 0 to 32768
[   21.136999] loop0: detected capacity change from 0 to 32768
[   21.161541] XFS (loop7): Ending clean mount
[   21.162477] XFS (loop7): Quotacheck needed: Please wait.
[   21.166534] XFS (loop4): Ending clean mount
[   21.182014] XFS (loop4): Quotacheck needed: Please wait.
[   21.185400] XFS (loop0): Mounting V5 Filesystem bfdc47fc-10d8-4eed-a562-11a831b3f791
[   21.190801] XFS (loop4): Quotacheck: Done.
[   21.195879] XFS (loop5): Mounting V5 Filesystem bfdc47fc-10d8-4eed-a562-11a831b3f791
[   21.197791] XFS (loop7): Quotacheck: Done.
[   21.253060] XFS (loop0): Ending clean mount
[   21.258987] XFS (loop0): Quotacheck needed: Please wait.
[   21.266589] XFS (loop5): Ending clean mount
[   21.267434] XFS (loop5): Quotacheck needed: Please wait.
[   21.309548] XFS (loop0): Quotacheck: Done.
[   21.312492] XFS (loop5): Quotacheck: Done.
[   21.431381] loop3: detected capacity change from 0 to 32768
[   21.496646] XFS (loop3): Mounting V5 Filesystem bfdc47fc-10d8-4eed-a562-11a831b3f791
[   21.540583] XFS (loop3): Ending clean mount
[   21.604910] XFS (loop3): Quotacheck needed: Please wait.
[   21.612122] XFS (loop3): Quotacheck: Done.
[   22.306919] 
[   22.307059] ======================================================
[   22.307385] WARNING: possible circular locking dependency detected
[   22.307724] 6.18.0-5777af473056+ #1 Not tainted
[   22.307973] ------------------------------------------------------
[   22.308321] kswapd0/59 is trying to acquire lock:
[   22.308577] ffff888028eda698 (&xfs_nondir_ilock_class){++++}-{4:4}, at: xfs_ilock+0x30f/0x390
[   22.309081] 
[   22.309081] but task is already holding lock:
[   22.309390] ffffffff87847880 (fs_reclaim){+.+.}-{0:0}, at: balance_pgdat+0xb7e/0x1580
[   22.309829] 
[   22.309829] which lock already depends on the new lock.
[   22.309829] 
[   22.310256] 
[   22.310256] the existing dependency chain (in reverse order) is:
[   22.310651] 
[   22.310651] -> #1 (fs_reclaim){+.+.}-{0:0}:
[   22.310975]        fs_reclaim_acquire+0x116/0x160
[   22.311247]        __kmalloc_cache_noprof+0x53/0x820
[   22.311529]        iomap_fill_dirty_folios+0x118/0x2c0
[   22.311848]        xfs_buffered_write_iomap_begin+0xf18/0x2150
[   22.312169]        iomap_iter+0x551/0xf40
[   22.312399]        iomap_zero_range+0x20b/0xa90
[   22.312673]        xfs_zero_range+0xb5/0x100
[   22.312911]        xfs_reflink_remap_prep+0x3d3/0xa90
[   22.313194]        xfs_file_remap_range+0x23c/0xdc0
[   22.313471]        vfs_clone_file_range+0x2b1/0xda0
[   22.313794]        ioctl_file_clone+0x6e/0x110
[   22.314057]        do_vfs_ioctl+0xcab/0x14d0
[   22.314303]        __x64_sys_ioctl+0x127/0x220
[   22.314558]        x64_sys_call+0x1280/0x21b0
[   22.314811]        do_syscall_64+0x6d/0x1180
[   22.315051]        entry_SYSCALL_64_after_hwframe+0x76/0x7e
[   22.315350] 
[   22.315350] -> #0 (&xfs_nondir_ilock_class){++++}-{4:4}:
[   22.315721]        __lock_acquire+0x14d1/0x2210
[   22.315983]        lock_acquire+0x170/0x2f0
[   22.316213]        down_write_nested+0x9a/0x210
[   22.316471]        xfs_ilock+0x30f/0x390
[   22.316693]        xfs_icwalk_ag+0xaec/0x1b60
[   22.316937]        xfs_icwalk+0x56/0xc0
[   22.317154]        xfs_reclaim_inodes_nr+0x1d3/0x2d0
[   22.317431]        xfs_fs_free_cached_objects+0x6a/0x90
[   22.317718]        super_cache_scan+0x415/0x570
[   22.317978]        do_shrink_slab+0x408/0x1030
[   22.318225]        shrink_slab+0x348/0x12f0
[   22.318454]        shrink_node+0xba6/0x28e0
[   22.318685]        balance_pgdat+0xa2d/0x1580
[   22.318924]        kswapd+0x5b9/0xab0
[   22.319130]        kthread+0x464/0x980
[   22.319340]        ret_from_fork+0x780/0x8f0
[   22.319579]        ret_from_fork_asm+0x1a/0x30
[   22.319825] 
[   22.319825] other info that might help us debug this:
[   22.319825] 
[   22.320239]  Possible unsafe locking scenario:
[   22.320239] 
[   22.320549]        CPU0                    CPU1
[   22.320795]        ----                    ----
[   22.321038]   lock(fs_reclaim);
[   22.321218]                                lock(&xfs_nondir_ilock_class);
[   22.321573]                                lock(fs_reclaim);
[   22.321878]   lock(&xfs_nondir_ilock_class);
[   22.322115] 
[   22.322115]  *** DEADLOCK ***
[   22.322115] 
[   22.322425] 2 locks held by kswapd0/59:
[   22.322634]  #0: ffffffff87847880 (fs_reclaim){+.+.}-{0:0}, at: balance_pgdat+0xb7e/0x1580
[   22.323082]  #1: ffff888012bbe0e0 (&type->s_umount_key#53){.+.+}-{4:4}, at: super_cache_scan+0x9f/0x570
[   22.323589] 
[   22.323589] stack backtrace:
[   22.323837] CPU: 1 UID: 0 PID: 59 Comm: kswapd0 Not tainted 6.18.0-5777af473056+ #1 PREEMPT(voluntary) 
[   22.323848] Hardware name: QEMU Standard PC (i440FX + PIIX, 1996), BIOS rel-1.16.0-0-gd239552ce722-prebuilt.qemu.org 04/01/2014
[   22.323859] Call Trace:
[   22.323867]  <TASK>
[   22.323872]  dump_stack_lvl+0xea/0x150
[   22.323891]  dump_stack+0x19/0x20
[   22.323903]  print_circular_bug+0x283/0x350
[   22.323914]  check_noncircular+0x12d/0x150
[   22.323922]  ? super_cache_scan+0x415/0x570
[   22.323937]  ? shrink_slab+0x348/0x12f0
[   22.323949]  __lock_acquire+0x14d1/0x2210
[   22.323958]  ? check_path.constprop.0+0x28/0x50
[   22.323976]  lock_acquire+0x170/0x2f0
[   22.323985]  ? xfs_ilock+0x30f/0x390
[   22.323999]  down_write_nested+0x9a/0x210
[   22.324013]  ? xfs_ilock+0x30f/0x390
[   22.324023]  ? __pfx_down_write_nested+0x10/0x10
[   22.324034]  ? xfs_icwalk_ag+0xadf/0x1b60
[   22.324047]  ? xfs_icwalk_ag+0xaec/0x1b60
[   22.324060]  ? xfs_icwalk_ag+0xaec/0x1b60
[   22.324071]  xfs_ilock+0x30f/0x390
[   22.324082]  xfs_icwalk_ag+0xaec/0x1b60
[   22.324100]  ? __pfx_xfs_icwalk_ag+0x10/0x10
[   22.324115]  ? __pfx_xa_find+0x10/0x10
[   22.324131]  ? xfs_group_grab_next_mark+0x26a/0x520
[   22.324153]  ? __this_cpu_preempt_check+0x21/0x30
[   22.324165]  ? lock_release+0x14f/0x2a0
[   22.324176]  ? xfs_group_grab_next_mark+0x274/0x520
[   22.324190]  ? __pfx_xfs_group_grab_next_mark+0x10/0x10
[   22.324204]  ? __pfx_try_to_wake_up+0x10/0x10
[   22.324218]  ? lock_release+0x14f/0x2a0
[   22.324229]  xfs_icwalk+0x56/0xc0
[   22.324242]  xfs_reclaim_inodes_nr+0x1d3/0x2d0
[   22.324254]  ? __pfx_xfs_reclaim_inodes_nr+0x10/0x10
[   22.324268]  ? __this_cpu_preempt_check+0x21/0x30
[   22.324277]  ? __pfx_prune_icache_sb+0x10/0x10
[   22.324295]  xfs_fs_free_cached_objects+0x6a/0x90
[   22.324309]  super_cache_scan+0x415/0x570
[   22.324325]  do_shrink_slab+0x408/0x1030
[   22.324339]  shrink_slab+0x348/0x12f0
[   22.324351]  ? shrink_slab+0x160/0x12f0
[   22.324361]  ? __pfx_shrink_slab+0x10/0x10
[   22.324376]  shrink_node+0xba6/0x28e0
[   22.324392]  ? __pfx_shrink_node+0x10/0x10
[   22.324399]  ? preempt_schedule_common+0x49/0xd0
[   22.324413]  balance_pgdat+0xa2d/0x1580
[   22.324424]  ? __pfx_balance_pgdat+0x10/0x10
[   22.324443]  kswapd+0x5b9/0xab0
[   22.324454]  ? __pfx_kswapd+0x10/0x10
[   22.324461]  ? _raw_spin_unlock_irqrestore+0x35/0x70
[   22.324477]  ? trace_hardirqs_on+0x26/0x130
[   22.324494]  ? __pfx_autoremove_wake_function+0x10/0x10
[   22.324503]  ? __sanitizer_cov_trace_const_cmp1+0x1e/0x30
[   22.324518]  ? __kthread_parkme+0x1bc/0x260
[   22.324532]  ? __pfx_kswapd+0x10/0x10
[   22.324540]  ? __pfx_kswapd+0x10/0x10
[   22.324550]  kthread+0x464/0x980
[   22.324557]  ? __pfx_kthread+0x10/0x10
[   22.324564]  ? trace_hardirqs_on+0x26/0x130
[   22.324574]  ? _raw_spin_unlock_irq+0x3c/0x60
[   22.324588]  ? __pfx_kthread+0x10/0x10
[   22.324597]  ret_from_fork+0x780/0x8f0
[   22.324606]  ? __pfx_ret_from_fork+0x10/0x10
[   22.324615]  ? native_load_tls+0x16/0x50
[   22.324627]  ? __sanitizer_cov_trace_const_cmp8+0x1c/0x30
[   22.324637]  ? __switch_to+0x823/0x10b0
[   22.324653]  ? __pfx_kthread+0x10/0x10
[   22.324677]  ret_from_fork_asm+0x1a/0x30
[   22.324705]  </TASK>
[   22.518414] repro: page allocation failure: order:0, mode:0x10cc0(GFP_KERNEL|__GFP_NORETRY), nodemask=(null),cpuset=/,mems_allowed=0
[   22.519150] CPU: 1 UID: 0 PID: 729 Comm: repro Not tainted 6.18.0-5777af473056+ #1 PREEMPT(voluntary) 
[   22.519162] Hardware name: QEMU Standard PC (i440FX + PIIX, 1996), BIOS rel-1.16.0-0-gd239552ce722-prebuilt.qemu.org 04/01/2014
[   22.519168] Call Trace:
[   22.519172]  <TASK>
[   22.519175]  dump_stack_lvl+0x121/0x150
[   22.519194]  dump_stack+0x19/0x20
[   22.519205]  warn_alloc+0x216/0x350
[   22.519223]  ? __pfx_warn_alloc+0x10/0x10
[   22.519237]  ? __pfx___alloc_pages_direct_compact+0x10/0x10
[   22.519248]  ? __drain_all_pages+0x27d/0x480
[   22.519261]  __alloc_pages_slowpath.constprop.0+0x1340/0x2240
[   22.519278]  ? __pfx___alloc_pages_slowpath.constprop.0+0x10/0x10
[   22.519293]  ? __might_sleep+0x108/0x160
[   22.519311]  __alloc_frozen_pages_noprof+0x47f/0x550
[   22.519324]  ? __pfx___alloc_frozen_pages_noprof+0x10/0x10
[   22.519338]  ? __sanitizer_cov_trace_switch+0x58/0xa0
[   22.519350]  ? policy_nodemask+0xf9/0x450
[   22.519362]  alloc_pages_mpol+0x236/0x4c0
[   22.519372]  ? __pfx_alloc_pages_mpol+0x10/0x10
[   22.519379]  ? sysvec_call_function_single+0x9a/0x110
[   22.519394]  alloc_frozen_pages_noprof+0xa9/0x180
[   22.519404]  alloc_pages_noprof+0x27/0xa0
[   22.519413]  kimage_alloc_pages+0x78/0x240
[   22.519430]  kimage_alloc_control_pages+0x1ca/0xa60
[   22.519444]  ? __pfx_kimage_alloc_control_pages+0x10/0x10
[   22.519455]  ? __sanitizer_cov_trace_cmp8+0x1c/0x30
[   22.519467]  do_kexec_load+0x39b/0x8c0
[   22.519478]  ? __might_fault+0xf1/0x1b0
[   22.519496]  ? __pfx_do_kexec_load+0x10/0x10
[   22.519507]  ? __sanitizer_cov_trace_const_cmp8+0x1c/0x30
[   22.519517]  ? _copy_from_user+0x75/0xa0
[   22.519538]  __x64_sys_kexec_load+0x1cc/0x240
[   22.519551]  x64_sys_call+0x1c90/0x21b0
[   22.519563]  do_syscall_64+0x6d/0x1180
[   22.519575]  entry_SYSCALL_64_after_hwframe+0x76/0x7e
[   22.519584] RIP: 0033:0x7f225e43ee5d
[   22.519608] Code: ff c3 66 2e 0f 1f 84 00 00 00 00 00 90 f3 0f 1e fa 48 89 f8 48 89 f7 48 89 d6 48 89 ca 4d 89 c2 4d 89 c8 4c 8b 4c 24 08 0f 05 <48> 3d 01 f0 ff ff 73 01 c3 48 8b 0d 93 af 1b 00 f7 d8 64 89 01 48
[   22.519615] RSP: 002b:00007ffda0ff19c8 EFLAGS: 00000207 ORIG_RAX: 00000000000000f6
[   22.519629] RAX: ffffffffffffffda RBX: 0000000000000000 RCX: 00007f225e43ee5d
[   22.519633] RDX: 0000200000000180 RSI: 0000000000000003 RDI: 0000000000000000
[   22.519638] RBP: 00007ffda0ff19e0 R08: 00007ffda0ff1450 R09: 00007ffda0ff19e0
[   22.519643] R10: 0000000000000000 R11: 0000000000000207 R12: 00007ffda0ff1b38
[   22.519647] R13: 00000000004030f5 R14: 000000000040ee08 R15: 00007f225e81c000
[   22.519661]  </TASK>
[   22.519664] Mem-Info:
[   22.535104] active_anon:4560 inactive_anon:48331 isolated_anon:0
[   22.535104]  active_file:25814 inactive_file:2232 isolated_file:6
[   22.535104]  unevictable:0 dirty:10 writeback:1
[   22.535104]  slab_reclaimable:16173 slab_unreclaimable:16099
[   22.535104]  mapped:12961 shmem:36376 pagetables:1143
[   22.535104]  sec_pagetables:0 bounce:0
[   22.535104]  kernel_misc_reclaimable:0
[   22.535104]  free:25016 free_pcp:125 free_cma:0
[   22.537084] Node 0 active_anon:18240kB inactive_anon:192148kB active_file:103256kB inactive_file:8928kB unevictable:0kB isolated(anon):0kB isolated(file):24kB mapped:51844kB dirty:40kB writeback:4kB shmem:144412kB shmem_thp:0kB shmem_pmdmapped:0kB anon_thp:0kB kernel_stack:7872kB pagetables:4572kB sec_pagetables:0kB all_unreclaimable? no Balloon:0kB
[   22.538664] Node 0 DMA free:6428kB boost:0kB min:444kB low:552kB high:660kB reserved_highatomic:0KB free_highatomic:0KB active_anon:0kB inactive_anon:1216kB active_file:0kB inactive_file:0kB unevictable:0kB writepending:0kB zspages:0kB present:15992kB managed:15360kB mlocked:0kB bounce:0kB free_pcp:124kB local_pcp:0kB free_cma:0kB
[   22.540168] lowmem_reserve[]: 0 1522 1522 1522 1522
[   22.540443] Node 0 DMA32 free:93468kB boost:49152kB min:93760kB low:104912kB high:116064kB reserved_highatomic:0KB free_highatomic:0KB active_anon:18240kB inactive_anon:191896kB active_file:103256kB inactive_file:8928kB unevictable:0kB writepending:40kB zspages:0kB present:2080640kB managed:1558920kB mlocked:0kB bounce:0kB free_pcp:848kB local_pcp:0kB free_cma:0kB
[   22.542054] lowmem_reserve[]: 0 0 0 0 0
[   22.542275] Node 0 DMA: 2*4kB (UM) 1*8kB (U) 3*16kB (UME) 2*32kB (UE) 2*64kB (UE) 2*128kB (ME) 1*256kB (E) 3*512kB (UME) 4*1024kB (UME) 0*2048kB 0*4096kB = 6400kB
[   22.543076] Node 0 DMA32: 957*4kB (UM) 822*8kB (UME) 429*16kB (UME) 220*32kB (UME) 162*64kB (UME) 148*128kB (UME) 88*256kB (ME) 34*512kB (ME) 0*1024kB 0*2048kB 0*4096kB = 93556kB
[   22.544047] Node 0 hugepages_total=0 hugepages_free=0 hugepages_surp=0 hugepages_size=1048576kB
[   22.544622] Node 0 hugepages_total=0 hugepages_free=0 hugepages_surp=0 hugepages_size=2048kB
[   22.545128] 64418 total pagecache pages
[   22.545377] 0 pages in swap cache
[   22.545599] Free swap  = 0kB
[   22.545815] Total swap = 0kB
[   22.545979] 524158 pages RAM
[   22.546141] 0 pages HighMem/MovableOnly
[   22.546347] 130588 pages reserved
[   22.546529] 0 pages cma reserved
[   22.546709] 0 pages hwpoisoned
[   22.597218] kexec: Could not allocate control_code_buffer
[   22.829889] loop2: detected capacity change from 0 to 32768
[   22.892220] XFS (loop2): Mounting V5 Filesystem bfdc47fc-10d8-4eed-a562-11a831b3f791
[   22.937925] XFS (loop2): Ending clean mount
[   22.938607] XFS (loop2): Quotacheck needed: Please wait.
[   22.950424] XFS (loop2): Quotacheck: Done.
[   23.288780] kexec: Could not allocate control_code_buffer
[   23.984429] kexec: Could not allocate control_code_buffer
[   24.890618] systemd-udevd invoked oom-killer: gfp_mask=0x140cca(GFP_HIGHUSER_MOVABLE|__GFP_COMP), order=0, oom_score_adj=-1000
[   24.891306] CPU: 1 UID: 0 PID: 164 Comm: systemd-udevd Not tainted 6.18.0-5777af473056+ #1 PREEMPT(voluntary) 
[   24.891319] Hardware name: QEMU Standard PC (i440FX + PIIX, 1996), BIOS rel-1.16.0-0-gd239552ce722-prebuilt.qemu.org 04/01/2014
[   24.891332] Call Trace:
[   24.891336]  <TASK>
[   24.891339]  dump_stack_lvl+0x121/0x150
[   24.891359]  dump_stack+0x19/0x20
[   24.891372]  dump_header+0x10f/0x910
[   24.891391]  oom_kill_process+0x287/0xa40
[   24.891404]  out_of_memory+0x34c/0x1710
[   24.891419]  ? __pfx_out_of_memory+0x10/0x10
[   24.891435]  __alloc_pages_slowpath.constprop.0+0x1b9a/0x2240
[   24.891460]  ? __pfx___alloc_pages_slowpath.constprop.0+0x10/0x10
[   24.891482]  __alloc_frozen_pages_noprof+0x47f/0x550
[   24.891495]  ? __sanitizer_cov_trace_const_cmp2+0x1c/0x30
[   24.891507]  ? __pfx___alloc_frozen_pages_noprof+0x10/0x10
[   24.891525]  ? __sanitizer_cov_trace_switch+0x58/0xa0
[   24.891537]  ? policy_nodemask+0xf9/0x450
[   24.891547]  alloc_pages_mpol+0x236/0x4c0
[   24.891556]  ? __pfx_alloc_pages_mpol+0x10/0x10
[   24.891565]  ? filemap_get_entry+0x1c0/0x360
[   24.891583]  alloc_frozen_pages_noprof+0xa9/0x180
[   24.891594]  folio_alloc_noprof+0x2d/0x120
[   24.891605]  filemap_alloc_folio_noprof+0x3e0/0x470
[   24.891614]  ? __pfx_filemap_get_entry+0x10/0x10
[   24.891629]  ? __pfx_filemap_alloc_folio_noprof+0x10/0x10
[   24.891641]  ? down_read+0x142/0x4b0
[   24.891653]  __filemap_get_folio+0x432/0x8c0
[   24.891672]  filemap_fault+0x175b/0x2870
[   24.891688]  ? __pfx_filemap_fault+0x10/0x10
[   24.891703]  ? rcu_read_unlock+0x31/0xc0
[   24.891718]  ? debug_smp_processor_id+0x20/0x30
[   24.891727]  ? rcu_is_watching+0x19/0xc0
[   24.891745]  __do_fault+0x115/0x870
[   24.891757]  do_fault+0xba6/0x1690
[   24.891769]  __handle_mm_fault+0x191b/0x2da0
[   24.891786]  ? __pfx___handle_mm_fault+0x10/0x10
[   24.891797]  ? lock_vma_under_rcu+0x3f/0x590
[   24.891809]  ? debug_smp_processor_id+0x20/0x30
[   24.891818]  ? rcu_is_watching+0x19/0xc0
[   24.891829]  ? lock_release+0x1ea/0x2a0
[   24.891847]  handle_mm_fault+0x2de/0x740
[   24.891858]  ? debug_smp_processor_id+0x20/0x30
[   24.891869]  do_user_addr_fault+0x866/0x1640
[   24.891894]  exc_page_fault+0xc9/0x1d0
[   24.891909]  asm_exc_page_fault+0x2b/0x30
[   24.891918] RIP: 0033:0x7f170b660ec8
[   24.891932] Code: Unable to access opcode bytes at 0x7f170b660e9e.
[   24.891936] RSP: 002b:00007fffa0b274a0 EFLAGS: 00010203
[   24.891943] RAX: 0000000000000001 RBX: 000055a46ee9f1b0 RCX: 00007f170b14ea7a
[   24.891948] RDX: 0000000000000046 RSI: 000055a46ef324a0 RDI: 0000000000000009
[   24.891953] RBP: 000055a46ee9f340 R08: 0000000000000046 R09: 000055a439171a80
[   24.891959] R10: 00000000ffffffff R11: 0000000000000246 R12: 0000000000000096
[   24.891964] R13: 000055a46ee9f1b0 R14: 0000000000000046 R15: 000000000000000f
[   24.891978]  </TASK>
[   24.891982] Mem-Info:
[   24.905841] active_anon:5193 inactive_anon:50988 isolated_anon:0
[   24.905841]  active_file:737 inactive_file:1197 isolated_file:40
[   24.905841]  unevictable:0 dirty:1 writeback:0
[   24.905841]  slab_reclaimable:4582 slab_unreclaimable:24581
[   24.905841]  mapped:1404 shmem:39176 pagetables:1156
[   24.905841]  sec_pagetables:0 bounce:0
[   24.905841]  kernel_misc_reclaimable:0
[   24.905841]  free:24099 free_pcp:19 free_cma:0
[   24.907789] Node 0 active_anon:20772kB inactive_anon:203952kB active_file:2948kB inactive_file:4704kB unevictable:0kB isolated(anon):0kB isolated(file):160kB mapped:5616kB dirty:4kB writeback:0kB shmem:156704kB shmem_thp:0kB shmem_pmdmapped:0kB anon_thp:0kB kernel_stack:8096kB pagetables:4624kB sec_pagetables:0kB all_unreclaimable? no Balloon:0kB
[   24.909345] Node 0 DMA free:6524kB boost:0kB min:444kB low:552kB high:660kB reserved_highatomic:0KB free_highatomic:0KB active_anon:0kB inactive_anon:448kB active_file:0kB inactive_file:0kB unevictable:0kB writepending:0kB zspages:0kB present:15992kB managed:15360kB mlocked:0kB bounce:0kB free_pcp:0kB local_pcp:0kB free_cma:0kB
[   24.910813] lowmem_reserve[]: 0 1522 1522 1522 1522
[   24.911092] Node 0 DMA32 free:89872kB boost:86016kB min:130624kB low:141776kB high:152928kB reserved_highatomic:0KB free_highatomic:0KB active_anon:20772kB inactive_anon:203532kB active_file:2948kB inactive_file:4704kB unevictable:0kB writepending:4kB zspages:0kB present:2080640kB managed:1558920kB mlocked:0kB bounce:0kB free_pcp:164kB local_pcp:0kB free_cma:0kB
[   24.912726] lowmem_reserve[]: 0 0 0 0 0
[   24.912960] Node 0 DMA: 2*4kB (UM) 1*8kB (M) 3*16kB (UME) 2*32kB (UE) 2*64kB (UE) 1*128kB (E) 4*256kB (UME) 2*512kB (UE) 2*1024kB (ME) 1*2048kB (M) 0*4096kB = 6528kB
[   24.913785] Node 0 DMA32: 148*4kB (UM) 1005*8kB (UM) 831*16kB (UM) 558*32kB (UME) 210*64kB (UME) 117*128kB (UME) 57*256kB (UME) 4*512kB (M) 3*1024kB (UM) 1*2048kB (M) 0*4096kB = 89960kB
[   24.914692] Node 0 hugepages_total=0 hugepages_free=0 hugepages_surp=0 hugepages_size=1048576kB
[   24.915146] Node 0 hugepages_total=0 hugepages_free=0 hugepages_surp=0 hugepages_size=2048kB
[   24.915592] 41096 total pagecache pages
[   24.915805] 0 pages in swap cache
[   24.915989] Free swap  = 0kB
[   24.916161] Total swap = 0kB
[   24.916326] 524158 pages RAM
[   24.916489] 0 pages HighMem/MovableOnly
[   24.916704] 130588 pages reserved
[   24.916890] 0 pages cma reserved
[   24.917070] 0 pages hwpoisoned
[   24.917242] Tasks state (memory values in pages):
[   24.917497] [  pid  ]   uid  tgid total_vm      rss rss_anon rss_file rss_shmem pgtables_bytes swapents oom_score_adj name
[   24.918089] [    143]     0   143     5473      687      256      271       160    90112        0          -250 systemd-journal
[   24.918687] [    164]     0   164     7784      944      608      336         0    90112        0         -1000 systemd-udevd
[   24.919271] [    232]    32   232     3314      332      160      172         0    61440        0             0 rpcbind
[   24.919854] [    233]     0   233    22959      332      193      139         0    77824        0         -1000 auditd
[   24.920466] [    235]     0   235     1947      204       64      140         0    49152        0             0 sedispatch
[   24.921040] [    256]    81   256     2731      355      193      162         0    61440        0          -900 dbus-broker-lau
[   24.921635] [    257]    81   257     1316      322      129      193         0    45056        0          -900 dbus-broker
[   24.922211] [    258]     0   258    64472     1140      864      276         0   135168        0             0 NetworkManager
[   24.922806] [    261]     0   261    19783      180       32      148         0    61440        0             0 irqbalance
[   24.923375] [    262]   992   262      678      179       32      147         0    40960        0             0 lsmd
[   24.923926] [    263]     0   263      700      163       32      131         0    45056        0             0 mcelog
[   24.924493] [    265]     0   265     4639      555      256      299         0    77824        0             0 systemd-logind
[   24.925085] [    266]     0   266     4496      531      224      307         0    73728        0             0 systemd-machine
[   24.925679] [    274]   985   274    21097      315      135      180         0    69632        0             0 chronyd
[   24.926241] [    275]     0   275     4419      439      224      215         0    81920        0             0 systemd-hostnam
[   24.926838] [    302]     0   302    39957      610      224      251       135    86016        0             0 rsyslogd
[   24.927404] [    304]     0   304     3951      542      320      222         0    73728        0         -1000 sshd
[   24.927954] [    305]     0   305    66148     3744     3391      353         0   155648        0             0 tuned
[   24.928513] [    306]     0   306    13748      380      219      161         0    90112        0             0 gssproxy
[   24.929081] [    317]     0   317   292078      899      544      355         0   266240        0             0 virtqemud
[   24.929652] [    321]     0   321     1169      167       32      135         0    49152        0             0 atd
[   24.930198] [    325]     0   325     2139      312      192      120         0    61440        0             0 crond
[   24.930751] [    347]     0   347      763      179       32      147         0    49152        0             0 agetty
[   24.931313] [    348]     0   348     1405      165       32      133         0    53248        0             0 agetty
[   24.931867] [    546]   998   546   644240     1338     1062      276         0   217088        0             0 polkitd
[   24.932438] [    591]     0   591     5093      866      448      418         0    81920        0           100 systemd
[   24.933001] [    592]     0   592    42781     1082      978      104         0    94208        0           100 (sd-pam)
[   24.933565] [    696]     0   696     4796      708      448      260         0    81920        0             0 sshd
[   24.934116] [    698]     0   698     4796      616      454      162         0    81920        0             0 sshd
[   24.934663] [    699]     0   699     1782      214       64      150         0    61440        0             0 repro.sh
[   24.935223] [    724]     0   724     4736      100        0      100         0    45056        0             0 repro
[   24.935798] [    725]     0   725     4736       97        0       97         0    45056        0             0 repro
[   24.936362] [    726]     0   726     4736      138        0      138         0    45056        0             0 repro
[   24.936916] [    727]     0   727     4736      138        0      138         0    45056        0             0 repro
[   24.937466] [    730]     0   730     4736      138        0      138         0    45056        0             0 repro
[   24.938020] [    731]     0   731     4736      138        0      138         0    45056        0             0 repro
[   24.938572] [    732]     0   732     4736      138        0      138         0    45056        0             0 repro
[   24.939133] [    733]     0   733     4736      138        0      138         0    45056        0             0 repro
[   24.939697] [    734]     0   734     4736      138        0      138         0    45056        0             0 repro
[   24.940255] [    740]     0   740     7784      822      639      183         0    77824        0             0 systemd-udevd
[   24.940841] [    741]     0   741     7784      790      639      151         0    77824        0             0 systemd-udevd
[   24.941429] [    742]     0   742     7871     1031      691      340         0    77824        0             0 systemd-udevd
[   24.942017] [    743]     0   743     7784      790      639      151         0    77824        0             0 systemd-udevd
[   24.942602] [    744]     0   744     7871     1036      681      355         0    77824        0             0 systemd-udevd
[   24.943190] [    745]     0   745     7784      790      639      151         0    77824        0             0 systemd-udevd
[   24.943794] [    856]     0   856     4736      153        0      153         0    57344        0          1000 repro
[   24.944352] [    868]     0   868    38528      761      576      185         0    90112        0          1000 repro
[   24.944905] [    869]     0   869    38528      729      544      185         0    90112        0          1000 repro
[   24.945489] [    870]     0   870    38528      761      576      185         0    90112        0          1000 repro
[   24.946039] [    871]     0   871    38528      761      576      185         0    90112        0          1000 repro
[   24.946593] [    872]     0   872    38528      761      576      185         0    90112        0          1000 repro
[   24.947144] [    873]     0   873    38528      729      544      185         0    69632        0          1000 repro
[   24.947697] oom-kill:constraint=CONSTRAINT_NONE,nodemask=(null),cpuset=/,mems_allowed=0,global_oom,task_memcg=/user.slice/user-0.slice/session-6.scope,task=repro,pid=872,uid=0
[   24.948593] Out of memory: Killed process 872 (repro) total-vm:154112kB, anon-rss:2304kB, file-rss:740kB, shmem-rss:0kB, UID:0 pgtables:88kB oom_score_adj:1000
[   24.971767] kexec: Could not allocate control_code_buffer
[   25.722878] kexec: Could not allocate control_code_buffer
[   26.412087] kexec: Could not allocate control_code_buffer
[   27.093650] kexec: Could not allocate control_code_buffer
[   27.756823] kexec: Could not allocate control_code_buffer
[   28.794431] kexec: Could not allocate control_code_buffer
[   29.657782] kexec: Could not allocate control_code_buffer
[   30.260548] kexec: Could not allocate control_code_buffer
[   30.616697] kexec: Could not allocate control_code_buffer
[   30.947771] kexec: Could not allocate control_code_buffer
[   31.527325] kexec: Could not allocate control_code_buffer
[   32.222127] kexec: Could not allocate control_code_buffer
[   33.175511] repro invoked oom-killer: gfp_mask=0x140cca(GFP_HIGHUSER_MOVABLE|__GFP_COMP), order=0, oom_score_adj=1000
[   33.176228] CPU: 0 UID: 0 PID: 1000 Comm: repro Not tainted 6.18.0-5777af473056+ #1 PREEMPT(voluntary) 
[   33.176240] Hardware name: QEMU Standard PC (i440FX + PIIX, 1996), BIOS rel-1.16.0-0-gd239552ce722-prebuilt.qemu.org 04/01/2014
[   33.176250] Call Trace:
[   33.176255]  <TASK>
[   33.176259]  dump_stack_lvl+0x121/0x150
[   33.176277]  dump_stack+0x19/0x20
[   33.176289]  dump_header+0x10f/0x910
[   33.176303]  oom_kill_process+0x287/0xa40
[   33.176315]  out_of_memory+0x34c/0x1710
[   33.176328]  ? __pfx_out_of_memory+0x10/0x10
[   33.176342]  __alloc_pages_slowpath.constprop.0+0x1b9a/0x2240
[   33.176361]  ? __pfx___alloc_pages_slowpath.constprop.0+0x10/0x10
[   33.176380]  __alloc_frozen_pages_noprof+0x47f/0x550
[   33.176393]  ? __pfx___alloc_frozen_pages_noprof+0x10/0x10
[   33.176406]  ? do_raw_spin_unlock+0x15c/0x210
[   33.176420]  ? __sanitizer_cov_trace_switch+0x58/0xa0
[   33.176432]  ? policy_nodemask+0xf9/0x450
[   33.176441]  alloc_pages_mpol+0x236/0x4c0
[   33.176450]  ? __pfx_alloc_pages_mpol+0x10/0x10
[   33.176458]  ? rcu_is_watching+0x19/0xc0
[   33.176469]  ? lock_release+0x1ea/0x2a0
[   33.176480]  folio_alloc_mpol_noprof+0x44/0x120
[   33.176490]  shmem_alloc_folio+0x128/0x150
[   33.176502]  shmem_alloc_and_add_folio+0x403/0xab0
[   33.176518]  ? __pfx_shmem_alloc_and_add_folio+0x10/0x10
[   33.176532]  ? irqentry_exit+0x18a/0x690
[   33.176540]  ? sysvec_apic_timer_interrupt+0x6a/0xd0
[   33.176554]  shmem_get_folio_gfp+0x595/0x1350
[   33.176570]  ? __pfx_shmem_get_folio_gfp+0x10/0x10
[   33.176584]  ? sysvec_call_function_single+0x9a/0x110
[   33.176598]  shmem_write_begin+0x17b/0x480
[   33.176607]  ? __pfx_shmem_write_begin+0x10/0x10
[   33.176614]  ? balance_dirty_pages_ratelimited_flags+0x9b/0x12a0
[   33.176623]  ? __sanitizer_cov_trace_const_cmp1+0x1e/0x30
[   33.176633]  ? shmem_write_end+0x1ee/0x3d0
[   33.176647]  generic_perform_write+0x438/0x920
[   33.176664]  ? __pfx_generic_perform_write+0x10/0x10
[   33.176674]  ? __sanitizer_cov_trace_const_cmp4+0x1a/0x20
[   33.176684]  ? mnt_put_write_access_file+0x5c/0x110
[   33.176701]  ? file_update_time_flags+0x284/0x510
[   33.176714]  shmem_file_write_iter+0x11b/0x150
[   33.176726]  vfs_write+0xc6d/0x11f0
[   33.176735]  ? __pfx___handle_mm_fault+0x10/0x10
[   33.176747]  ? __pfx_shmem_file_write_iter+0x10/0x10
[   33.176759]  ? __pfx_vfs_write+0x10/0x10
[   33.176768]  ? rcu_read_unlock+0x31/0xc0
[   33.176786]  ksys_write+0x14e/0x280
[   33.176797]  ? __pfx_ksys_write+0x10/0x10
[   33.176807]  ? __audit_syscall_entry+0x393/0x4f0
[   33.176825]  __x64_sys_write+0x7b/0xc0
[   33.176838]  ? syscall_trace_enter+0x14d/0x240
[   33.176860]  x64_sys_call+0x1704/0x21b0
[   33.176871]  do_syscall_64+0x6d/0x1180
[   33.176885]  entry_SYSCALL_64_after_hwframe+0x76/0x7e
[   33.176894] RIP: 0033:0x7f225e53eb97
[   33.176910] Code: Unable to access opcode bytes at 0x7f225e53eb6d.
[   33.176915] RSP: 002b:00007ffda0ff1738 EFLAGS: 00000246 ORIG_RAX: 0000000000000001
[   33.176923] RAX: ffffffffffffffda RBX: 0000000000000000 RCX: 00007f225e53eb97
[   33.176929] RDX: 0000000001000000 RSI: 00007f2256000000 RDI: 0000000000000003
[   33.176934] RBP: 00007ffda0ff1790 R08: 00000000ffffffff R09: 0000000000000000
[   33.176940] R10: 00007f225e407e00 R11: 0000000000000246 R12: 00007ffda0ff1b38
[   33.176945] R13: 00000000004030f5 R14: 000000000040ee08 R15: 00007f225e81c000
[   33.176958]  </TASK>
[   33.176965] Mem-Info:
[   33.194591] active_anon:5203 inactive_anon:51600 isolated_anon:0
[   33.194591]  active_file:41 inactive_file:0 isolated_file:0
[   33.194591]  unevictable:0 dirty:1 writeback:0
[   33.194591]  slab_reclaimable:4308 slab_unreclaimable:24647
[   33.194591]  mapped:228 shmem:39143 pagetables:1153
[   33.194591]  sec_pagetables:0 bounce:0
[   33.194591]  kernel_misc_reclaimable:0
[   33.194591]  free:12753 free_pcp:62 free_cma:0
[   33.196685] Node 0 active_anon:20812kB inactive_anon:206400kB active_file:164kB inactive_file:0kB unevictable:0kB isolated(anon):0kB isolated(file):0kB mapped:912kB dirty:4kB writeback:0kB shmem:156572kB shmem_thp:0kB shmem_pmdmapped:0kB anon_thp:0kB kernel_stack:8064kB pagetables:4612kB sec_pagetables:0kB all_unreclaimable? no Balloon:0kB
[   33.198325] Node 0 DMA free:6468kB boost:0kB min:444kB low:552kB high:660kB reserved_highatomic:0KB free_highatomic:0KB active_anon:0kB inactive_anon:244kB active_file:0kB inactive_file:8kB unevictable:0kB writepending:0kB zspages:0kB present:15992kB managed:15360kB mlocked:0kB bounce:0kB free_pcp:0kB local_pcp:0kB free_cma:0kB
[   33.199915] lowmem_reserve[]: 0 1522 1522 1522 1522
[   33.200225] Node 0 DMA32 free:44544kB boost:0kB min:44608kB low:55760kB high:66912kB reserved_highatomic:0KB free_highatomic:0KB active_anon:20812kB inactive_anon:206100kB active_file:160kB inactive_file:0kB unevictable:0kB writepending:0kB zspages:0kB present:2080640kB managed:1558920kB mlocked:0kB bounce:0kB free_pcp:248kB local_pcp:0kB free_cma:0kB
[   33.201919] lowmem_reserve[]: 0 0 0 0 0
[   33.202161] Node 0 DMA: 6*4kB (UM) 7*8kB (UM) 4*16kB (UM) 1*32kB (U) 1*64kB (M) 1*128kB (M) 2*256kB (M) 3*512kB (UM) 2*1024kB (M) 1*2048kB (M) 0*4096kB = 6512kB
[   33.203028] Node 0 DMA32: 27*4kB (UE) 69*8kB (UME) 274*16kB (UME) 262*32kB (UME) 163*64kB (UME) 81*128kB (UME) 28*256kB (UME) 4*512kB (UM) 1*1024kB (U) 0*2048kB 0*4096kB = 44468kB
[   33.203978] Node 0 hugepages_total=0 hugepages_free=0 hugepages_surp=0 hugepages_size=1048576kB
[   33.204485] Node 0 hugepages_total=0 hugepages_free=0 hugepages_surp=0 hugepages_size=2048kB
[   33.204959] 39172 total pagecache pages
[   33.205191] 0 pages in swap cache
[   33.205390] Free swap  = 0kB
[   33.205566] Total swap = 0kB
[   33.205745] 524158 pages RAM
[   33.205921] 0 pages HighMem/MovableOnly
[   33.206149] 130588 pages reserved
[   33.206349] 0 pages cma reserved
[   33.206546] 0 pages hwpoisoned
[   33.206736] Tasks state (memory values in pages):
[   33.207008] [  pid  ]   uid  tgid total_vm      rss rss_anon rss_file rss_shmem pgtables_bytes swapents oom_score_adj name
[   33.207635] [    143]     0   143     5473      440      256       24       160    90112        0          -250 systemd-journal
[   33.208303] [    164]     0   164     7784      631      608       23         0    90112        0         -1000 systemd-udevd
[   33.208947] [    232]    32   232     3314      172      160       12         0    61440        0             0 rpcbind
[   33.209557] [    233]     0   233    22959      204      193       11         0    77824        0         -1000 auditd
[   33.210230] [    235]     0   235     1947      108       64       44         0    49152        0             0 sedispatch
[   33.211016] [    256]    81   256     2731      227      193       34         0    61440        0          -900 dbus-broker-lau
[   33.211662] [    257]    81   257     1349      193      129       64         0    45056        0          -900 dbus-broker
[   33.212305] [    258]     0   258    64472      878      864       14         0   135168        0             0 NetworkManager
[   33.212944] [    261]     0   261    19783       54       32       22         0    61440        0             0 irqbalance
[   33.213563] [    262]   992   262      678       51       32       19         0    40960        0             0 lsmd
[   33.214160] [    263]     0   263      700       67       32       35         0    45056        0             0 mcelog
[   33.214772] [    265]     0   265     4639      276      256       20         0    77824        0             0 systemd-logind
[   33.215412] [    266]     0   266     4496      272      224       48         0    73728        0             0 systemd-machine
[   33.216071] [    274]   985   274    21097      160      135       25         0    69632        0             0 chronyd
[   33.216677] [    275]     0   275     4419      247      224       23         0    81920        0             0 systemd-hostnam
[   33.217318] [    302]     0   302    39957      449      224       55       170    86016        0             0 rsyslogd
[   33.217931] [    304]     0   304     3951      350      320       30         0    73728        0         -1000 sshd
[   33.218550] [    305]     0   305    66148     3428     3391       37         0   155648        0             0 tuned
[   33.219152] [    306]     0   306    13748      252      219       33         0    90112        0             0 gssproxy
[   33.219770] [    317]     0   317   292078      569      544       25         0   266240        0             0 virtqemud
[   33.220414] [    321]     0   321     1169       71       32       39         0    49152        0             0 atd
[   33.221007] [    325]     0   325     2139      232      192       40         0    61440        0             0 crond
[   33.221607] [    347]     0   347      763       51       32       19         0    49152        0             0 agetty
[   33.222205] [    348]     0   348     1405       37       32        5         0    53248        0             0 agetty
[   33.222806] [    546]   998   546   644240     1093     1062       31         0   217088        0             0 polkitd
[   33.223416] [    591]     0   591     5093      468      448       20         0    81920        0           100 systemd
[   33.224027] [    592]     0   592    42781     1018      978       40         0    94208        0           100 (sd-pam)
[   33.224688] [    696]     0   696     4796      484      448       36         0    81920        0             0 sshd
[   33.225285] [    698]     0   698     4796      471      454       17         0    81920        0             0 sshd
[   33.225880] [    699]     0   699     1782       86       64       22         0    61440        0             0 repro.sh
[   33.226486] [    724]     0   724     4736       36        0       36         0    45056        0             0 repro
[   33.227084] [    725]     0   725     4736       39        0       39         0    45056        0             0 repro
[   33.227684] [    726]     0   726     4736       16        0       16         0    45056        0             0 repro
[   33.228295] [    727]     0   727     4736       20        0       20         0    45056        0             0 repro
[   33.228892] [    730]     0   730     4736       48        0       48         0    45056        0             0 repro
[   33.229486] [    731]     0   731     4736       25        0       25         0    45056        0             0 repro
[   33.230085] [    732]     0   732     4736       33        0       33         0    45056        0             0 repro
[   33.230683] [    733]     0   733     4736       17        0       17         0    45056        0             0 repro
[   33.231616] [    734]     0   734     4736       50        0       50         0    45056        0             0 repro
[   33.232301] [    740]     0   740     7871      704      681       23         0    77824        0             0 systemd-udevd
[   33.232935] [    741]     0   741     7784      662      639       23         0    77824        0             0 systemd-udevd
[   33.233570] [    742]     0   742     7871      721      691       30         0    77824        0             0 systemd-udevd
[   33.234210] [    743]     0   743     7784      662      639       23         0    77824        0             0 systemd-udevd
[   33.234845] [    744]     0   744     7871      723      681       42         0    77824        0             0 systemd-udevd
[   33.235485] [    745]     0   745     7871      706      681       25         0    77824        0             0 systemd-udevd
[   33.236146] [    986]     0   986     4736       15        0       15         0    57344        0          1000 repro
[   33.236743] [    995]     0   995    38528      623      576       47         0    90112        0          1000 repro
[   33.237336] [    996]     0   996    38528      623      576       47         0    90112        0          1000 repro
[   33.237931] [    998]     0   998    38528      591      544       47         0    90112        0          1000 repro
[   33.238527] [    999]     0   999    38528      591      544       47         0    90112        0          1000 repro
[   33.239134] [   1000]     0  1000    38528      591      544       47         0    90112        0          1000 repro
[   33.239730] [   1001]     0  1001    38528      591      544       47         0    77824        0          1000 repro
[   33.240344] [   1002]     0  1002    38528      495      448       47         0    61440        0          1000 repro
[   33.240941] oom-kill:constraint=CONSTRAINT_NONE,nodemask=(null),cpuset=/,mems_allowed=0,global_oom,task_memcg=/user.slice/user-0.slice/session-6.scope,task=repro,pid=996,uid=0
[   33.241858] Out of memory: Killed process 996 (repro) total-vm:154112kB, anon-rss:2304kB, file-rss:188kB, shmem-rss:0kB, UID:0 pgtables:88kB oom_score_adj:1000
[   33.306823] systemd-journal invoked oom-killer: gfp_mask=0x140cca(GFP_HIGHUSER_MOVABLE|__GFP_COMP), order=0, oom_score_adj=-250
[   33.307513] CPU: 0 UID: 0 PID: 143 Comm: systemd-journal Not tainted 6.18.0-5777af473056+ #1 PREEMPT(voluntary) 
[   33.307529] Hardware name: QEMU Standard PC (i440FX + PIIX, 1996), BIOS rel-1.16.0-0-gd239552ce722-prebuilt.qemu.org 04/01/2014
[   33.307536] Call Trace:
[   33.307539]  <TASK>
[   33.307542]  dump_stack_lvl+0x121/0x150
[   33.307562]  dump_stack+0x19/0x20
[   33.307573]  dump_header+0x10f/0x910
[   33.307587]  oom_kill_process+0x287/0xa40
[   33.307599]  out_of_memory+0x34c/0x1710
[   33.307612]  ? __pfx_out_of_memory+0x10/0x10
[   33.307626]  __alloc_pages_slowpath.constprop.0+0x1b9a/0x2240
[   33.307645]  ? __pfx___alloc_pages_slowpath.constprop.0+0x10/0x10
[   33.307667]  __alloc_frozen_pages_noprof+0x47f/0x550
[   33.307679]  ? __sanitizer_cov_trace_const_cmp2+0x1c/0x30
[   33.307691]  ? __pfx___alloc_frozen_pages_noprof+0x10/0x10
[   33.307707]  ? __sanitizer_cov_trace_switch+0x58/0xa0
[   33.307718]  ? policy_nodemask+0xf9/0x450
[   33.307727]  alloc_pages_mpol+0x236/0x4c0
[   33.307736]  ? __pfx_alloc_pages_mpol+0x10/0x10
[   33.307744]  ? filemap_get_entry+0x1c0/0x360
[   33.307758]  alloc_frozen_pages_noprof+0xa9/0x180
[   33.307768]  folio_alloc_noprof+0x2d/0x120
[   33.307778]  filemap_alloc_folio_noprof+0x3e0/0x470
[   33.307787]  ? __pfx_filemap_get_entry+0x10/0x10
[   33.307800]  ? __pfx_filemap_alloc_folio_noprof+0x10/0x10
[   33.307811]  ? down_read+0x142/0x4b0
[   33.307822]  __filemap_get_folio+0x432/0x8c0
[   33.307836]  filemap_fault+0x175b/0x2870
[   33.307850]  ? __pfx_filemap_fault+0x10/0x10
[   33.307864]  ? rcu_read_unlock+0x31/0xc0
[   33.307877]  ? debug_smp_processor_id+0x20/0x30
[   33.307885]  ? rcu_is_watching+0x19/0xc0
[   33.307899]  __do_fault+0x115/0x870
[   33.307909]  do_fault+0xba6/0x1690
[   33.307920]  __handle_mm_fault+0x191b/0x2da0
[   33.307934]  ? __pfx___handle_mm_fault+0x10/0x10
[   33.307945]  ? lock_vma_under_rcu+0x3f/0x590
[   33.307956]  ? debug_smp_processor_id+0x20/0x30
[   33.307964]  ? rcu_is_watching+0x19/0xc0
[   33.307974]  ? lock_release+0x1ea/0x2a0
[   33.307989]  handle_mm_fault+0x2de/0x740
[   33.307999]  ? debug_smp_processor_id+0x20/0x30
[   33.308009]  do_user_addr_fault+0x866/0x1640
[   33.308026]  exc_page_fault+0xc9/0x1d0
[   33.308039]  asm_exc_page_fault+0x2b/0x30
[   33.308050] RIP: 0033:0x7fa1ced4ea7a
[   33.308066] Code: Unable to access opcode bytes at 0x7fa1ced4ea50.
[   33.308070] RSP: 002b:00007ffd1118e2b8 EFLAGS: 00010246
[   33.308080] RAX: 0000000000000001 RBX: 00005648495fe270 RCX: 00007fa1ced4ea7a
[   33.308086] RDX: 000000000000003e RSI: 0000564849624de0 RDI: 0000000000000007
[   33.308091] RBP: 00005648495fe400 R08: 000000000000003e R09: 00007fa1cf3f7000
[   33.308096] R10: 00000000ffffffff R11: 0000000000000246 R12: 0000000000000136
[   33.308101] R13: 00005648495fe270 R14: 000000000000003e R15: 000000000000001f
[   33.308114]  </TASK>
[   33.322582] Mem-Info:
[   33.322729] active_anon:5203 inactive_anon:50865 isolated_anon:0
[   33.322729]  active_file:41 inactive_file:23 isolated_file:0
[   33.322729]  unevictable:0 dirty:1 writeback:0
[   33.322729]  slab_reclaimable:4308 slab_unreclaimable:24647
[   33.322729]  mapped:207 shmem:38975 pagetables:1153
[   33.322729]  sec_pagetables:0 bounce:0
[   33.322729]  kernel_misc_reclaimable:0
[   33.322729]  free:11241 free_pcp:2318 free_cma:0
[   33.324820] Node 0 active_anon:20812kB inactive_anon:203460kB active_file:164kB inactive_file:8kB unevictable:0kB isolated(anon):0kB isolated(file):0kB mapped:828kB dirty:4kB writeback:0kB shmem:155900kB shmem_thp:0kB shmem_pmdmapped:0kB anon_thp:0kB kernel_stack:8032kB pagetables:4612kB sec_pagetables:0kB all_unreclaimable? yes Balloon:0kB
[   33.326432] Node 0 DMA free:6468kB boost:0kB min:444kB low:552kB high:660kB reserved_highatomic:0KB free_highatomic:0KB active_anon:0kB inactive_anon:188kB active_file:0kB inactive_file:8kB unevictable:0kB writepending:0kB zspages:0kB present:15992kB managed:15360kB mlocked:0kB bounce:0kB free_pcp:56kB local_pcp:56kB free_cma:0kB
[   33.327990] lowmem_reserve[]: 0 1522 1522 1522 1522
[   33.328291] Node 0 DMA32 free:38496kB boost:0kB min:44608kB low:55760kB high:66912kB reserved_highatomic:0KB free_highatomic:0KB active_anon:20812kB inactive_anon:203244kB active_file:228kB inactive_file:36kB unevictable:0kB writepending:0kB zspages:0kB present:2080640kB managed:1558920kB mlocked:0kB bounce:0kB free_pcp:9216kB local_pcp:8968kB free_cma:0kB
[   33.329992] lowmem_reserve[]: 0 0 0 0 0
[   33.330229] Node 0 DMA: 6*4kB (UM) 7*8kB (UM) 4*16kB (UM) 1*32kB (U) 1*64kB (M) 1*128kB (M) 2*256kB (M) 3*512kB (UM) 2*1024kB (M) 1*2048kB (M) 0*4096kB = 6512kB
[   33.331097] Node 0 DMA32: 5*4kB (E) 57*8kB (E) 144*16kB (ME) 258*32kB (ME) 158*64kB (UME) 73*128kB (ME) 27*256kB (UME) 2*512kB (M) 0*1024kB 0*2048kB 0*4096kB = 38428kB
[   33.331968] Node 0 hugepages_total=0 hugepages_free=0 hugepages_surp=0 hugepages_size=1048576kB
[   33.332458] Node 0 hugepages_total=0 hugepages_free=0 hugepages_surp=0 hugepages_size=2048kB
[   33.332924] 39004 total pagecache pages
[   33.333147] 0 pages in swap cache
[   33.333342] Free swap  = 0kB
[   33.333518] Total swap = 0kB
[   33.333700] 524158 pages RAM
[   33.333873] 0 pages HighMem/MovableOnly
[   33.334093] 130588 pages reserved
[   33.334287] 0 pages cma reserved
[   33.334476] 0 pages hwpoisoned
[   33.334658] Tasks state (memory values in pages):
[   33.334929] [  pid  ]   uid  tgid total_vm      rss rss_anon rss_file rss_shmem pgtables_bytes swapents oom_score_adj name
[   33.335544] [    143]     0   143     5473      440      256       24       160    90112        0          -250 systemd-journal
[   33.336192] [    164]     0   164     7784      631      608       23         0    90112        0         -1000 systemd-udevd
[   33.336812] [    232]    32   232     3314      172      160       12         0    61440        0             0 rpcbind
[   33.337400] [    233]     0   233    22959      204      193       11         0    77824        0         -1000 auditd
[   33.337984] [    235]     0   235     1947      108       64       44         0    49152        0             0 sedispatch
