c[?7l[2J[0mSeaBIOS (version rel-1.16.0-0-gd239552ce722-prebuilt.qemu.org)


iPXE (http://ipxe.org) 00:03.0 CA00 PCI2.10 PnP PMM+7FF91000+7FEF1000 CA00
Press Ctrl-B to configure iPXE (PCI 00:03.0)...                                                                               


Booting from ROM...
c[?7l[2J[    0.000000] Linux version 6.18.0-rc1-5c13dde963df+ (root@p-arls02) (gcc (GCC) 11.5.0 20240719 (Red Hat 11.5.0-14), GNU ld version 2.35.2-68.el9) #1 SMP PREEMPT_DYNAMIC Fri Dec  5 03:04:16 CST 2025
[    0.000000] Command line: console=ttyS0 root=/dev/sda earlyprintk=serial net.ifnames=0 plymouth.enable=0
[    0.000000] KERNEL supported cpus:
[    0.000000]   Intel GenuineIntel
[    0.000000]   AMD AuthenticAMD
[    0.000000]   Hygon HygonGenuine
[    0.000000]   Centaur CentaurHauls
[    0.000000]   zhaoxin   Shanghai  
[    0.000000] x86/CPU: Model not found in latest microcode list
[    0.000000] x86/split lock detection: #DB: warning on user-space bus_locks
[    0.000000] BIOS-provided physical RAM map:
[    0.000000] BIOS-e820: [mem 0x0000000000000000-0x000000000009fbff] usable
[    0.000000] BIOS-e820: [mem 0x000000000009fc00-0x000000000009ffff] reserved
[    0.000000] BIOS-e820: [mem 0x00000000000f0000-0x00000000000fffff] reserved
[    0.000000] BIOS-e820: [mem 0x0000000000100000-0x000000007ffdffff] usable
[    0.000000] BIOS-e820: [mem 0x000000007ffe0000-0x000000007fffffff] reserved
[    0.000000] BIOS-e820: [mem 0x00000000feffc000-0x00000000feffffff] reserved
[    0.000000] BIOS-e820: [mem 0x00000000fffc0000-0x00000000ffffffff] reserved
[    0.000000] printk: legacy bootconsole [earlyser0] enabled
[    0.000000] NX (Execute Disable) protection: active
[    0.000000] APIC: Static calls initialized
[    0.000000] SMBIOS 2.8 present.
[    0.000000] DMI: QEMU Standard PC (i440FX + PIIX, 1996), BIOS rel-1.16.0-0-gd239552ce722-prebuilt.qemu.org 04/01/2014
[    0.000000] DMI: Memory slots populated: 1/1
[    0.000000] Hypervisor detected: KVM
[    0.000000] last_pfn = 0x7ffe0 max_arch_pfn = 0x400000000
[    0.000000] kvm-clock: Using msrs 4b564d01 and 4b564d00
[    0.000002] kvm-clock: using sched offset of 1000895610 cycles
[    0.000395] clocksource: kvm-clock: mask: 0xffffffffffffffff max_cycles: 0x1cd42e4dffb, max_idle_ns: 881590591483 ns
[    0.001610] tsc: Detected 1267.200 MHz processor
[    0.007714] last_pfn = 0x7ffe0 max_arch_pfn = 0x400000000
[    0.008150] MTRR map: 4 entries (3 fixed + 1 variable; max 19), built from 8 variable MTRRs
[    0.008788] x86/PAT: Configuration [0-7]: WB  WC  UC- UC  WB  WP  UC- WT  
[    0.018087] found SMP MP-table at [mem 0x000f5ba0-0x000f5baf]
[    0.018559] Using GB pages for direct mapping
[    0.020636] ACPI: Early table checksum verification disabled
[    0.021051] ACPI: RSDP 0x00000000000F59C0 000014 (v00 BOCHS )
[    0.021494] ACPI: RSDT 0x000000007FFE1951 000034 (v01 BOCHS  BXPC     00000001 BXPC 00000001)
[    0.022151] ACPI: FACP 0x000000007FFE17FD 000074 (v01 BOCHS  BXPC     00000001 BXPC 00000001)
[    0.022802] ACPI: DSDT 0x000000007FFE0040 0017BD (v01 BOCHS  BXPC     00000001 BXPC 00000001)
[    0.023450] ACPI: FACS 0x000000007FFE0000 000040
[    0.023804] ACPI: APIC 0x000000007FFE1871 000080 (v01 BOCHS  BXPC     00000001 BXPC 00000001)
[    0.024450] ACPI: HPET 0x000000007FFE18F1 000038 (v01 BOCHS  BXPC     00000001 BXPC 00000001)
[    0.025098] ACPI: WAET 0x000000007FFE1929 000028 (v01 BOCHS  BXPC     00000001 BXPC 00000001)
[    0.025744] ACPI: Reserving FACP table memory at [mem 0x7ffe17fd-0x7ffe1870]
[    0.026272] ACPI: Reserving DSDT table memory at [mem 0x7ffe0040-0x7ffe17fc]
[    0.026803] ACPI: Reserving FACS table memory at [mem 0x7ffe0000-0x7ffe003f]
[    0.027335] ACPI: Reserving APIC table memory at [mem 0x7ffe1871-0x7ffe18f0]
[    0.027860] ACPI: Reserving HPET table memory at [mem 0x7ffe18f1-0x7ffe1928]
[    0.028392] ACPI: Reserving WAET table memory at [mem 0x7ffe1929-0x7ffe1950]
[    0.029371] No NUMA configuration found
[    0.029660] Faking a node at [mem 0x0000000000000000-0x000000007ffdffff]
[    0.030185] NODE_DATA(0) allocated [mem 0x7ffb4ec0-0x7ffdfcbf]
[    0.031154] Zone ranges:
[    0.031361]   DMA      [mem 0x0000000000001000-0x0000000000ffffff]
[    0.031824]   DMA32    [mem 0x0000000001000000-0x000000007ffdffff]
[    0.032285]   Normal   empty
[    0.032504]   Device   empty
[    0.032723] Movable zone start for each node
[    0.033048] Early memory node ranges
[    0.033314]   node   0: [mem 0x0000000000001000-0x000000000009efff]
[    0.033784]   node   0: [mem 0x0000000000100000-0x000000007ffdffff]
[    0.034252] Initmem setup node 0 [mem 0x0000000000001000-0x000000007ffdffff]
[    0.035674] On node 0, zone DMA: 1 pages in unavailable ranges
[    0.036408] On node 0, zone DMA: 97 pages in unavailable ranges
[    0.078951] On node 0, zone DMA32: 32 pages in unavailable ranges
[    0.639198] KernelAddressSanitizer initialized (generic)
[    0.639928] ACPI: PM-Timer IO Port: 0x608
[    0.640262] ACPI: LAPIC_NMI (acpi_id[0xff] dfl dfl lint[0x1])
[    0.640816] IOAPIC[0]: apic_id 0, version 17, address 0xfec00000, GSI 0-23
[    0.641362] ACPI: INT_SRC_OVR (bus 0 bus_irq 0 global_irq 2 dfl dfl)
[    0.641848] ACPI: INT_SRC_OVR (bus 0 bus_irq 5 global_irq 5 high level)
[    0.642357] ACPI: INT_SRC_OVR (bus 0 bus_irq 9 global_irq 9 high level)
[    0.642861] ACPI: INT_SRC_OVR (bus 0 bus_irq 10 global_irq 10 high level)
[    0.643381] ACPI: INT_SRC_OVR (bus 0 bus_irq 11 global_irq 11 high level)
[    0.643914] ACPI: Using ACPI (MADT) for SMP configuration information
[    0.644410] ACPI: HPET id: 0x8086a201 base: 0xfed00000
[    0.644816] TSC deadline timer available
[    0.645123] CPU topo: Max. logical packages:   1
[    0.645479] CPU topo: Max. logical dies:       1
[    0.645831] CPU topo: Max. dies per package:   1
[    0.646186] CPU topo: Max. threads per core:   1
[    0.646540] CPU topo: Num. cores per package:     2
[    0.646908] CPU topo: Num. threads per package:   2
[    0.647277] CPU topo: Allowing 2 present CPUs plus 0 hotplug CPUs
[    0.647802] kvm-guest: APIC: eoi() replaced with kvm_guest_apic_eoi_write()
[    0.648381] kvm-guest: KVM setup pv remote TLB flush
[    0.648762] kvm-guest: setup PV sched yield
[    0.649129] PM: hibernation: Registered nosave memory: [mem 0x00000000-0x00000fff]
[    0.649709] PM: hibernation: Registered nosave memory: [mem 0x0009f000-0x000fffff]
[    0.650288] [mem 0x80000000-0xfeffbfff] available for PCI devices
[    0.650756] Booting paravirtualized kernel on KVM
[    0.651123] clocksource: refined-jiffies: mask: 0xffffffff max_cycles: 0xffffffff, max_idle_ns: 7645519600211568 ns
[    0.651932] setup_percpu: NR_CPUS:8192 nr_cpumask_bits:2 nr_cpu_ids:2 nr_node_ids:1
[    0.654762] percpu: Embedded 80 pages/cpu s290816 r8192 d28672 u1048576
[    0.655451] kvm-guest: PV spinlocks enabled
[    0.655784] PV qspinlock hash table entries: 256 (order: 0, 4096 bytes, linear)
[    0.656364] Kernel command line: net.ifnames=0 console=ttyS0 root=/dev/sda earlyprintk=serial net.ifnames=0 plymouth.enable=0
[    0.657605] random: crng init done
[    0.657866] printk: log buffer data + meta data: 262144 + 917504 = 1179648 bytes
[    0.660527] Dentry cache hash table entries: 262144 (order: 9, 2097152 bytes, linear)
[    0.662484] Inode-cache hash table entries: 131072 (order: 8, 1048576 bytes, linear)
[    0.663479] Fallback order for Node 0: 0 
[    0.663491] Built 1 zonelists, mobility grouping on.  Total pages: 524158
[    0.664287] Policy zone: DMA32
[    0.664520] mem auto-init: stack:off, heap alloc:off, heap free:off
[    0.664980] stackdepot: allocating hash table via alloc_large_system_hash
[    0.665490] stackdepot hash table entries: 1048576 (order: 12, 16777216 bytes, linear)
[    0.682195] stackdepot: allocating space for 8192 stack pools via memblock
[    0.727777] SLUB: HWalign=64, Order=0-3, MinObjects=0, CPUs=2, Nodes=1
[    0.728295] kmemleak: Kernel memory leak detector disabled
[    0.766903] ftrace: allocating 74646 entries in 292 pages
[    0.767348] ftrace: allocated 292 pages with 3 groups
[    0.771913] Dynamic Preempt: voluntary
[    0.772732] Running RCU self tests
[    0.772991] Running RCU synchronous self tests
[    0.773325] rcu: Preemptible hierarchical RCU implementation.
[    0.773765] rcu: 	RCU lockdep checking is enabled.
[    0.774129] rcu: 	RCU restricting CPUs from NR_CPUS=8192 to nr_cpu_ids=2.
[    0.774646] 	Trampoline variant of Tasks RCU enabled.
[    0.775028] 	Rude variant of Tasks RCU enabled.
[    0.775375] 	Tracing variant of Tasks RCU enabled.
[    0.775751] rcu: RCU calculated value of scheduler-enlistment delay is 25 jiffies.
[    0.776326] rcu: Adjusting geometry for rcu_fanout_leaf=16, nr_cpu_ids=2
[    0.776947] Running RCU synchronous self tests
[    0.777293] RCU Tasks: Setting shift to 1 and lim to 1 rcu_task_cb_adjust=1 rcu_task_cpu_ids=2.
[    0.777962] RCU Tasks Rude: Setting shift to 1 and lim to 1 rcu_task_cb_adjust=1 rcu_task_cpu_ids=2.
[    0.778660] RCU Tasks Trace: Setting shift to 1 and lim to 1 rcu_task_cb_adjust=1 rcu_task_cpu_ids=2.
[    0.843647] NR_IRQS: 524544, nr_irqs: 440, preallocated irqs: 16
[    0.844735] rcu: srcu_init: Setting srcu_struct sizes based on contention.
[    0.851732] Console: colour VGA+ 80x25
[    0.852083] printk: legacy console [ttyS0] enabled
[    0.852083] printk: legacy console [ttyS0] enabled
[    0.852822] printk: legacy bootconsole [earlyser0] disabled
[    0.852822] printk: legacy bootconsole [earlyser0] disabled
[    0.853693] Lock dependency validator: Copyright (c) 2006 Red Hat, Inc., Ingo Molnar
[    0.854291] ... MAX_LOCKDEP_SUBCLASSES:  8
[    0.854618] ... MAX_LOCK_DEPTH:          48
[    0.854949] ... MAX_LOCKDEP_KEYS:        8192
[    0.855295] ... CLASSHASH_SIZE:          4096
[    0.855640] ... MAX_LOCKDEP_ENTRIES:     524288
[    0.855992] ... MAX_LOCKDEP_CHAINS:      524288
[    0.856360] ... CHAINHASH_SIZE:          262144
[    0.856717]  memory used by lock dependency info: 54145 kB
[    0.857123]  memory used for stack traces: 4224 kB
[    0.857498]  per task-struct memory footprint: 1920 bytes
[    0.858013] ACPI: Core revision 20250807
[    0.858704] clocksource: hpet: mask: 0xffffffff max_cycles: 0xffffffff, max_idle_ns: 19112604467 ns
[    0.859590] APIC: Switch to symmetric I/O mode setup
[    0.860143] x2apic enabled
[    0.860727] APIC: Switched APIC routing to: physical x2apic
[    0.861170] kvm-guest: APIC: send_IPI_mask() replaced with kvm_send_ipi_mask()
[    0.861747] kvm-guest: APIC: send_IPI_mask_allbutself() replaced with kvm_send_ipi_mask_allbutself()
[    0.862462] kvm-guest: setup PV IPIs
[    0.863743] ..TIMER: vector=0x30 apic1=0 pin1=2 apic2=-1 pin2=-1
[    0.864216] clocksource: tsc-early: mask: 0xffffffffffffffff max_cycles: 0x12441513526, max_idle_ns: 440795239872 ns
[    0.865042] Calibrating delay loop (skipped) preset value.. 2534.40 BogoMIPS (lpj=5068800)
[    0.865839] CPU0: Thermal monitoring enabled (TM1)
[    0.866230] x86/cpu: User Mode Instruction Prevention (UMIP) activated
[    0.866851] Last level iTLB entries: 4KB 0, 2MB 0, 4MB 0
[    0.867267] Last level dTLB entries: 4KB 0, 2MB 0, 4MB 0, 1GB 0
[    0.869075] mitigations: Enabled attack vectors: user_kernel, user_user, guest_host, guest_guest, SMT mitigations: auto
[    0.869915] Speculative Store Bypass: Mitigation: Speculative Store Bypass disabled via prctl
[    0.870578] Spectre V2 : Mitigation: Enhanced / Automatic IBRS
[    0.871030] ITS: Mitigation: Aligned branch/return thunks
[    0.871451] Spectre V1 : Mitigation: usercopy/swapgs barriers and __user pointer sanitization
[    0.872105] Spectre V2 : WARNING: Unprivileged eBPF is enabled with eIBRS on, data leaks possible via Spectre v2 BHB attacks!
[    0.873034] Spectre V2 : Spectre v2 / PBRSB-eIBRS: Retire a single CALL on VMEXIT
[    0.873596] Spectre V2 : mitigation: Enabling conditional Indirect Branch Prediction Barrier
[    0.874221] active return thunk: its_return_thunk
[    0.874585] Spectre V2 : Spectre BHI mitigation: SW BHB clearing on syscall and VM exit
[    0.875206] x86/fpu: Supporting XSAVE feature 0x001: 'x87 floating point registers'
[    0.875794] x86/fpu: Supporting XSAVE feature 0x002: 'SSE registers'
[    0.876289] x86/fpu: Supporting XSAVE feature 0x004: 'AVX registers'
[    0.877036] x86/fpu: Supporting XSAVE feature 0x200: 'Protection Keys User registers'
[    0.877752] x86/fpu: xstate_offset[2]:  576, xstate_sizes[2]:  256
[    0.878215] x86/fpu: xstate_offset[9]:  832, xstate_sizes[9]:    8
[    0.878678] x86/fpu: Enabled xstate features 0x207, context size is 840 bytes, using 'compacted' format.
[    1.005294] Freeing SMP alternatives memory: 64K
[    1.005679] pid_max: default: 32768 minimum: 301
[    1.006303] LSM: initializing lsm=capability,yama,ima,evm
[    1.006822] Yama: becoming mindful.
[    1.007489] Mount-cache hash table entries: 4096 (order: 3, 32768 bytes, linear)
[    1.008049] Mountpoint-cache hash table entries: 4096 (order: 3, 32768 bytes, linear)
[    1.010332] Running RCU synchronous self tests
[    1.010678] Running RCU synchronous self tests
[    1.011436] smpboot: CPU0: Genuine Intel(R) 0000 @ (family: 0x6, model: 0xc6, stepping: 0x0)
[    1.013028] Performance Events: unsupported CPU family 6 model 198 no PMU driver, software events only.
[    1.013028] signal: max sigframe size: 3632
[    1.013028] rcu: Hierarchical SRCU implementation.
[    1.013028] rcu: 	Max phase no-delay instances is 1000.
[    1.013028] Timer migration: 1 hierarchy levels; 8 children per group; 1 crossnode level
[    1.024181] NMI watchdog: Perf NMI watchdog permanently disabled
[    1.024948] smp: Bringing up secondary CPUs ...
[    1.025809] smpboot: x86: Booting SMP configuration:
[    1.026203] .... node  #0, CPUs:      #1
[    1.026525] smp: Brought up 1 node, 2 CPUs
[    1.026525] smpboot: Total of 2 processors activated (5068.80 BogoMIPS)
[    1.029755] Memory: 1541060K/2096632K available (79902K kernel code, 15394K rwdata, 18468K rodata, 16236K init, 68400K bss, 544140K reserved, 0K cma-reserved)
[    1.033087] devtmpfs: initialized
[    1.034106] x86/mm: Memory block size: 128MB
[    1.045660] Running RCU synchronous self tests
[    1.046062] Running RCU synchronous self tests
[    1.046524] Running RCU Tasks wait API self tests
[    1.046524] Running RCU Tasks Rude wait API self tests
[    1.046524] Running RCU Tasks Trace wait API self tests
[    1.069115] clocksource: jiffies: mask: 0xffffffff max_cycles: 0xffffffff, max_idle_ns: 7645041785100000 ns
[    1.070027] posixtimers hash table entries: 1024 (order: 4, 73728 bytes, linear)
[    1.073178] futex hash table entries: 512 (65536 bytes on 1 NUMA nodes, total 64 KiB, linear).
[    1.074385] pinctrl core: initialized pinctrl subsystem
[    1.076033] 
[    1.076169] *************************************************************
[    1.076689] **     NOTICE NOTICE NOTICE NOTICE NOTICE NOTICE NOTICE    **
[    1.077036] **                                                         **
[    1.077563] **  IOMMU DebugFS SUPPORT HAS BEEN ENABLED IN THIS KERNEL  **
[    1.078085] **                                                         **
[    1.078610] ** This means that this kernel is built to expose internal **
[    1.079133] ** IOMMU data structures, which may compromise security on **
[    1.079668] ** your system.                                            **
[    1.080190] **                                                         **
[    1.080717] ** If you see this message and you are not debugging the   **
[    1.081032] ** kernel, report this immediately to your vendor!         **
[    1.081558] **                                                         **
[    1.082078] **     NOTICE NOTICE NOTICE NOTICE NOTICE NOTICE NOTICE    **
[    1.082601] *************************************************************
[    1.083215] PM: RTC time: 19:07:03, date: 2025-12-04
[    1.088093] NET: Registered PF_NETLINK/PF_ROUTE protocol family
[    1.089956] DMA: preallocated 256 KiB GFP_KERNEL pool for atomic allocations
[    1.090535] DMA: preallocated 256 KiB GFP_KERNEL|GFP_DMA pool for atomic allocations
[    1.091145] DMA: preallocated 256 KiB GFP_KERNEL|GFP_DMA32 pool for atomic allocations
[    1.091853] audit: initializing netlink subsys (disabled)
[    1.092321] audit: type=2000 audit(1764875223.165:1): state=initialized audit_enabled=0 res=1
[    1.121203] thermal_sys: Registered thermal governor 'fair_share'
[    1.121225] thermal_sys: Registered thermal governor 'bang_bang'
[    1.121074] Callback from call_rcu_tasks_trace() invoked.
[    1.121748] thermal_sys: Registered thermal governor 'step_wise'
[    1.121753] thermal_sys: Registered thermal governor 'user_space'
[    1.125073] cpuidle: using governor ladder
[    1.125967] cpuidle: using governor menu
[    1.125967] acpiphp: ACPI Hot Plug PCI Controller Driver version: 0.5
[    1.126884] PCI: Using configuration type 1 for base access
[    1.129297] kprobes: kprobe jump-optimization is enabled. All kprobes are optimized if possible.
[    1.258001] HugeTLB: registered 1.00 GiB page size, pre-allocated 0 pages
[    1.258605] HugeTLB: 16380 KiB vmemmap can be freed for a 1.00 GiB page
[    1.259134] HugeTLB: registered 2.00 MiB page size, pre-allocated 0 pages
[    1.259672] HugeTLB: 28 KiB vmemmap can be freed for a 2.00 MiB page
[    1.268706] ACPI: Added _OSI(Module Device)
[    1.269052] ACPI: Added _OSI(Processor Device)
[    1.269412] ACPI: Added _OSI(Processor Aggregator Device)
[    1.283452] ACPI: 1 ACPI AML tables successfully acquired and loaded
[    1.289460] ACPI: Interpreter enabled
[    1.289924] ACPI: PM: (supports S0 S3 S4 S5)
[    1.290275] ACPI: Using IOAPIC for interrupt routing
[    1.290788] PCI: Using host bridge windows from ACPI; if necessary, use "pci=nocrs" and report a bug
[    1.291511] PCI: Using E820 reservations for host bridge windows
[    1.293142] ACPI: Enabled 2 GPEs in block 00 to 0F
[    1.329102] ACPI: PCI Root Bridge [PCI0] (domain 0000 [bus 00-ff])
[    1.329684] acpi PNP0A03:00: _OSC: OS supports [ASPM ClockPM Segments MSI EDR HPX-Type3]
[    1.330328] acpi PNP0A03:00: _OSC: not requesting OS control; OS requires [ExtendedConfig ASPM ClockPM MSI]
[    1.331231] acpi PNP0A03:00: fail to add MMCONFIG information, can't access extended configuration space under this bridge
[    1.336242] acpiphp: Slot [3] registered
[    1.336673] acpiphp: Slot [4] registered
[    1.337150] acpiphp: Slot [5] registered
[    1.337567] acpiphp: Slot [6] registered
[    1.337997] acpiphp: Slot [7] registered
[    1.338428] acpiphp: Slot [8] registered
[    1.338888] acpiphp: Slot [9] registered
[    1.339334] acpiphp: Slot [10] registered
[    1.339751] acpiphp: Slot [11] registered
[    1.340180] acpiphp: Slot [12] registered
[    1.340651] acpiphp: Slot [13] registered
[    1.341110] acpiphp: Slot [14] registered
[    1.341550] acpiphp: Slot [15] registered
[    1.341991] acpiphp: Slot [16] registered
[    1.342456] acpiphp: Slot [17] registered
[    1.342902] acpiphp: Slot [18] registered
[    1.343341] acpiphp: Slot [19] registered
[    1.343777] acpiphp: Slot [20] registered
[    1.344238] acpiphp: Slot [21] registered
[    1.344690] acpiphp: Slot [22] registered
[    1.345137] acpiphp: Slot [23] registered
[    1.345575] acpiphp: Slot [24] registered
[    1.346038] acpiphp: Slot [25] registered
[    1.346497] acpiphp: Slot [26] registered
[    1.346933] acpiphp: Slot [27] registered
[    1.347374] acpiphp: Slot [28] registered
[    1.347853] acpiphp: Slot [29] registered
[    1.348291] acpiphp: Slot [30] registered
[    1.348734] acpiphp: Slot [31] registered
[    1.349119] PCI host bridge to bus 0000:00
[    1.349504] pci_bus 0000:00: root bus resource [io  0x0000-0x0cf7 window]
[    1.350048] pci_bus 0000:00: root bus resource [io  0x0d00-0xffff window]
[    1.350593] pci_bus 0000:00: root bus resource [mem 0x000a0000-0x000bffff window]
[    1.351189] pci_bus 0000:00: root bus resource [mem 0x80000000-0xfebfffff window]
[    1.351786] pci_bus 0000:00: root bus resource [mem 0x100000000-0x17fffffff window]
[    1.352402] pci_bus 0000:00: root bus resource [bus 00-ff]
[    1.352957] pci 0000:00:00.0: [8086:1237] type 00 class 0x060000 conventional PCI endpoint
[    1.361068] pci 0000:00:01.0: [8086:7000] type 00 class 0x060100 conventional PCI endpoint
[    1.363025] pci 0000:00:01.1: [8086:7010] type 00 class 0x010180 conventional PCI endpoint
[    1.364216] pci 0000:00:01.1: BAR 4 [io  0xc040-0xc04f]
[    1.364667] pci 0000:00:01.1: BAR 0 [io  0x01f0-0x01f7]: legacy IDE quirk
[    1.365039] pci 0000:00:01.1: BAR 1 [io  0x03f6]: legacy IDE quirk
[    1.365537] pci 0000:00:01.1: BAR 2 [io  0x0170-0x0177]: legacy IDE quirk
[    1.366079] pci 0000:00:01.1: BAR 3 [io  0x0376]: legacy IDE quirk
[    1.367095] pci 0000:00:01.3: [8086:7113] type 00 class 0x068000 conventional PCI endpoint
[    1.368027] pci 0000:00:01.3: quirk: [io  0x0600-0x063f] claimed by PIIX4 ACPI
[    1.368614] pci 0000:00:01.3: quirk: [io  0x0700-0x070f] claimed by PIIX4 SMB
[    1.369572] pci 0000:00:02.0: [1234:1111] type 00 class 0x030000 conventional PCI endpoint
[    1.374583] pci 0000:00:02.0: BAR 0 [mem 0xfd000000-0xfdffffff pref]
[    1.375260] pci 0000:00:02.0: BAR 2 [mem 0xfebf0000-0xfebf0fff]
[    1.375773] pci 0000:00:02.0: ROM [mem 0xfebe0000-0xfebeffff pref]
[    1.376703] pci 0000:00:02.0: Video device with shadowed ROM at [mem 0x000c0000-0x000dffff]
[    1.386845] pci 0000:00:03.0: [8086:100e] type 00 class 0x020000 conventional PCI endpoint
[    1.388638] pci 0000:00:03.0: BAR 0 [mem 0xfebc0000-0xfebdffff]
[    1.389046] pci 0000:00:03.0: BAR 1 [io  0xc000-0xc03f]
[    1.389499] pci 0000:00:03.0: ROM [mem 0xfeb80000-0xfebbffff pref]
[    1.410502] ACPI: PCI: Interrupt link LNKA configured for IRQ 10
[    1.412027] ACPI: PCI: Interrupt link LNKB configured for IRQ 10
[    1.413351] ACPI: PCI: Interrupt link LNKC configured for IRQ 11
[    1.414694] ACPI: PCI: Interrupt link LNKD configured for IRQ 11
[    1.415555] ACPI: PCI: Interrupt link LNKS configured for IRQ 9
[    1.420961] iommu: Default domain type: Translated
[    1.421040] iommu: DMA domain TLB invalidation policy: lazy mode
[    1.428234] SCSI subsystem initialized
[    1.429313] ACPI: bus type USB registered
[    1.429979] usbcore: registered new interface driver usbfs
[    1.430577] usbcore: registered new interface driver hub
[    1.431118] usbcore: registered new device driver usb
[    1.432032] pps_core: LinuxPPS API ver. 1 registered
[    1.432441] pps_core: Software ver. 5.3.6 - Copyright 2005-2007 Rodolfo Giometti <giometti@linux.it>
[    1.433120] PTP clock support registered
[    1.434032] EDAC MC: Ver: 3.0.0
[    1.438898] NetLabel: Initializing
[    1.439205] NetLabel:  domain hash size = 128
[    1.439575] NetLabel:  protocols = UNLABELED CIPSOv4 CALIPSO
[    1.440229] NetLabel:  unlabeled traffic allowed by default
[    1.441717] PCI: Using ACPI for IRQ routing
[    1.442626] pci 0000:00:02.0: vgaarb: setting as boot VGA device
[    1.443135] pci 0000:00:02.0: vgaarb: bridge control possible
[    1.443608] pci 0000:00:02.0: vgaarb: VGA device added: decodes=io+mem,owns=io+mem,locks=none
[    1.444307] vgaarb: loaded
[    1.445687] hpet0: at MMIO 0xfed00000, IRQs 2, 8, 0
[    1.446100] hpet0: 3 comparators, 64-bit 100.000000 MHz counter
[    1.450585] clocksource: Switched to clocksource kvm-clock
[    3.528732] VFS: Disk quotas dquot_6.6.0
[    3.529123] VFS: Dquot-cache hash table entries: 512 (order 0, 4096 bytes)
[    3.531644] pnp: PnP ACPI init
[    3.535636] pnp: PnP ACPI: found 6 devices
[    3.575960] Callback from call_rcu_tasks() invoked.
[    3.580803] clocksource: acpi_pm: mask: 0xffffff max_cycles: 0xffffff, max_idle_ns: 2085701024 ns
[    3.582005] NET: Registered PF_INET protocol family
[    3.582758] IP idents hash table entries: 32768 (order: 6, 262144 bytes, linear)
[    3.584997] tcp_listen_portaddr_hash hash table entries: 1024 (order: 4, 73728 bytes, linear)
[    3.585734] Table-perturb hash table entries: 65536 (order: 6, 262144 bytes, linear)
[    3.586444] TCP established hash table entries: 16384 (order: 5, 131072 bytes, linear)
[    3.587619] TCP bind hash table entries: 16384 (order: 9, 2359296 bytes, linear)
[    3.590618] TCP: Hash tables configured (established 16384 bind 16384)
[    3.591332] UDP hash table entries: 1024 (order: 6, 262144 bytes, linear)
[    3.592061] UDP-Lite hash table entries: 1024 (order: 6, 262144 bytes, linear)
[    3.593137] NET: Registered PF_UNIX/PF_LOCAL protocol family
[    3.595312] RPC: Registered named UNIX socket transport module.
[    3.595797] RPC: Registered udp transport module.
[    3.596144] RPC: Registered tcp transport module.
[    3.596487] RPC: Registered tcp-with-tls transport module.
[    3.596883] RPC: Registered tcp NFSv4.1 backchannel transport module.
[    3.597406] pci_bus 0000:00: resource 4 [io  0x0000-0x0cf7 window]
[    3.597864] pci_bus 0000:00: resource 5 [io  0x0d00-0xffff window]
[    3.598323] pci_bus 0000:00: resource 6 [mem 0x000a0000-0x000bffff window]
[    3.598829] pci_bus 0000:00: resource 7 [mem 0x80000000-0xfebfffff window]
[    3.599341] pci_bus 0000:00: resource 8 [mem 0x100000000-0x17fffffff window]
[    3.600210] pci 0000:00:01.0: PIIX3: Enabling Passive Release
[    3.600653] pci 0000:00:00.0: Limiting direct PCI/PCI transfers
[    3.601178] PCI: CLS 0 bytes, default 64
[    3.601671] ACPI: bus type thunderbolt registered
[    3.602506] clocksource: tsc: mask: 0xffffffffffffffff max_cycles: 0x12441513526, max_idle_ns: 440795239872 ns
[    3.610870] Initialise system trusted keyrings
[    3.611396] Key type blacklist registered
[    3.612308] workingset: timestamp_bits=36 max_order=19 bucket_order=0
[    3.615086] squashfs: version 4.0 (2009/01/31) Phillip Lougher
[    3.617461] NFS: Registering the id_resolver key type
[    3.617881] Key type id_resolver registered
[    3.618204] Key type id_legacy registered
[    3.618556] nfs4filelayout_init: NFSv4 File Layout Driver Registering...
[    3.619106] nfs4flexfilelayout_init: NFSv4 Flexfile Layout Driver Registering...
[    3.620128] fuse: init (API version 7.45)
[    3.621110] SGI XFS with ACLs, security attributes, realtime, quota, no debug enabled
[    3.623164] 9p: Installing v9fs 9p2000 file system support
[    3.636339] Key type asymmetric registered
[    3.636708] Asymmetric key parser 'x509' registered
[    3.637330] Block layer SCSI generic (bsg) driver version 0.4 loaded (major 241)
[    3.638534] io scheduler mq-deadline registered
[    3.639004] io scheduler bfq registered
[    3.640307] ledtrig-cpu: registered to indicate activity on CPUs
[    3.642426] IPMI message handler: version 39.2
[    3.642827] ipmi device interface
[    3.645513] input: Power Button as /devices/LNXSYSTM:00/LNXPWRBN:00/input/input0
[    3.646987] ACPI: button: Power Button [PWRF]
[    3.649360] ERST DBG: ERST support is disabled.
[    3.651435] Serial: 8250/16550 driver, 32 ports, IRQ sharing enabled
[    3.653251] 00:04: ttyS0 at I/O 0x3f8 (irq = 4, base_baud = 115200) is a 16550A
[    3.690445] Linux agpgart interface v0.103
[    3.694137] ACPI: bus type drm_connector registered
[    3.722803] brd: module loaded
[    3.741641] loop: module loaded
[    3.755595] scsi host0: ata_piix
[    3.757211] scsi host1: ata_piix
[    3.757880] ata1: PATA max MWDMA2 cmd 0x1f0 ctl 0x3f6 bmdma 0xc040 irq 14 lpm-pol 0
[    3.758447] ata2: PATA max MWDMA2 cmd 0x170 ctl 0x376 bmdma 0xc048 irq 15 lpm-pol 0
[    3.762014] tun: Universal TUN/TAP device driver, 1.6
[    3.763097] e100: Intel(R) PRO/100 Network Driver
[    3.763476] e100: Copyright(c) 1999-2006 Intel Corporation
[    3.764028] e1000: Intel(R) PRO/1000 Network Driver
[    3.764416] e1000: Copyright (c) 1999-2006 Intel Corporation.
[    3.912218] ata1: found unknown device (class 0)
[    3.913584] ata2: found unknown device (class 0)
[    3.915610] ata2.00: ATAPI: QEMU DVD-ROM, 2.5+, max UDMA/100
[    3.916841] ata1.00: ATA-7: QEMU HARDDISK, 2.5+, max UDMA/100
[    3.917805] ata1.00: 17196647 sectors, multi 16: LBA48 
[    3.921407] scsi 0:0:0:0: Direct-Access     ATA      QEMU HARDDISK    2.5+ PQ: 0 ANSI: 5
[    3.925452] scsi 0:0:0:0: Attached scsi generic sg0 type 0
[    3.928584] scsi 1:0:0:0: CD-ROM            QEMU     QEMU DVD-ROM     2.5+ PQ: 0 ANSI: 5
[    3.928720] sd 0:0:0:0: [sda] 17196647 512-byte logical blocks: (8.80 GB/8.20 GiB)
[    3.929864] sd 0:0:0:0: [sda] Write Protect is off
[    3.930297] sd 0:0:0:0: [sda] Write cache: enabled, read cache: enabled, doesn't support DPO or FUA
[    3.931043] sd 0:0:0:0: [sda] Preferred minimum I/O size 512 bytes
[    3.962553] scsi 1:0:0:0: Attached scsi generic sg1 type 5
[    3.964235] sd 0:0:0:0: [sda] Attached SCSI disk
[    4.393543] ACPI: \_SB_.LNKC: Enabled at IRQ 11
[    4.703669] e1000 0000:00:03.0 eth0: (PCI:33MHz:32-bit) 52:54:00:12:34:56
[    4.704282] e1000 0000:00:03.0 eth0: Intel(R) PRO/1000 Network Connection
[    4.705032] e1000e: Intel(R) PRO/1000 Network Driver
[    4.705398] e1000e: Copyright(c) 1999 - 2015 Intel Corporation.
[    4.705981] igb: Intel(R) Gigabit Ethernet Network Driver
[    4.706388] igb: Copyright (c) 2007-2014 Intel Corporation.
[    4.707915] PPP generic driver version 2.4.2
[    4.710023] VFIO - User Level meta-driver version: 0.3
[    4.711898] usbcore: registered new interface driver uas
[    4.712455] usbcore: registered new interface driver usb-storage
[    4.713221] i8042: PNP: PS/2 Controller [PNP0303:KBD,PNP0f13:MOU] at 0x60,0x64 irq 1,12
[    4.714852] serio: i8042 KBD port at 0x60,0x64 irq 1
[    4.715333] serio: i8042 AUX port at 0x60,0x64 irq 12
[    4.716778] mousedev: PS/2 mouse device common for all mice
[    4.719242] input: AT Translated Set 2 keyboard as /devices/platform/i8042/serio0/input/input1
[    4.720045] rtc_cmos 00:05: RTC can wake from S4
[    4.722126] input: VirtualPS/2 VMware VMMouse as /devices/platform/i8042/serio1/input/input4
[    4.723024] rtc_cmos 00:05: registered as rtc0
[    4.723494] rtc_cmos 00:05: setting system clock to 2025-12-04T19:07:06 UTC (1764875226)
[    4.724581] rtc_cmos 00:05: alarms up to one day, y3k, 242 bytes nvram, hpet irqs
[    4.724870] input: VirtualPS/2 VMware VMMouse as /devices/platform/i8042/serio1/input/input3
[    4.725225] i2c_dev: i2c /dev entries driver
[    4.726740] device-mapper: core: CONFIG_IMA_DISABLE_HTABLE is disabled. Duplicate IMA measurements will not be recorded in the IMA log.
[    4.727729] device-mapper: uevent: version 1.0.3
[    4.728906] device-mapper: ioctl: 4.50.0-ioctl (2025-04-28) initialised: dm-devel@lists.linux.dev
[    4.729720] intel_pstate: CPU model not supported
[    4.730360] sdhci: Secure Digital Host Controller Interface driver
[    4.730836] sdhci: Copyright(c) Pierre Ossman
[    4.731396] sdhci-pltfm: SDHCI platform and OF driver helper
[    4.732534] drop_monitor: Initializing network drop monitor service
[    4.733480] NET: Registered PF_INET6 protocol family
[    4.737670] Segment Routing with IPv6
[    4.738073] In-situ OAM (IOAM) with IPv6
[    4.738464] NET: Registered PF_PACKET protocol family
[    4.739199] 9pnet: Installing 9P2000 support
[    4.739747] Key type dns_resolver registered
[    4.742481] IPI shorthand broadcast: enabled
[    4.797700] sched_clock: Marking stable (4780006766, 15772375)->(4819045447, -23266306)
[    4.799558] registered taskstats version 1
[    4.800941] Loading compiled-in X.509 certificates
[    4.871820] Demotion targets for Node 0: null
[    4.874430] Key type .fscrypt registered
[    4.874766] Key type fscrypt-provisioning registered
[    4.879770] Key type encrypted registered
[    4.880281] ima: No TPM chip found, activating TPM-bypass!
[    4.880739] ima: Allocated hash algorithm: sha1
[    4.881224] ima: No architecture policies found
[    4.881769] evm: Initialising EVM extended attributes:
[    4.882182] evm: security.selinux
[    4.882466] evm: security.SMACK64
[    4.882731] evm: security.SMACK64EXEC
[    4.883027] evm: security.SMACK64TRANSMUTE
[    4.883354] evm: security.SMACK64MMAP
[    4.883645] evm: security.apparmor
[    4.883942] evm: security.ima
[    4.884185] evm: security.capability
[    4.884469] evm: HMAC attrs: 0x1
[    4.887435] PM:   Magic number: 5:418:141
[    4.887829] block ram6: hash matches
[    4.888218] acpi device:12: hash matches
[    4.889931] RAS: Correctable Errors collector initialized.
[    4.891442] clk: Disabling unused clocks
[    4.892235] PM: genpd: Disabling unused power domains
[    4.894255] check access for rdinit=/init failed: -2, ignoring
[    4.894946] md: Waiting for all devices to be available before autodetect
[    4.895708] md: If you don't use raid, use raid=noautodetect
[    4.896514] md: Autodetecting RAID arrays.
[    4.897042] md: autorun ...
[    4.897387] md: ... autorun DONE.
[    4.914421] EXT4-fs (sda): mounted filesystem 088740a9-c8b4-422c-999d-a804eb68a4da ro with ordered data mode. Quota mode: none.
[    4.915193] VFS: Mounted root (ext4 filesystem) readonly on device 8:0.
[    4.919458] devtmpfs: mounted
[    4.939435] Freeing unused decrypted memory: 2036K
[    4.953315] Freeing unused kernel image (initmem) memory: 16236K
[    4.953878] Write protecting the kernel read-only data: 102400k
[    4.958504] Freeing unused kernel image (text/rodata gap) memory: 2016K
[    4.961410] Freeing unused kernel image (rodata/data gap) memory: 2012K
[    5.024393] x86/mm: Checked W+X mappings: passed, no W+X pages found.
[    5.024786] Run /sbin/init as init process
[    5.262554] systemd[1]: systemd 252-15.el9 running in system mode (+PAM +AUDIT +SELINUX -APPARMOR +IMA +SMACK +SECCOMP +GCRYPT +GNUTLS +OPENSSL +ACL +BLKID +CURL +ELFUTILS -FIDO2 +IDN2 -IDN -IPTC +KMOD +LIBCRYPTSETUP +LIBFDISK +PCRE2 -PWQUALITY +P11KIT -QRENCODE +TPM2 +BZIP2 +LZ4 +XZ +ZLIB +ZSTD -BPF_FRAMEWORK +XKBCOMMON +UTMP +SYSVINIT default-hierarchy=unified)
[    5.264053] systemd[1]: Detected virtualization kvm.
[    5.264322] systemd[1]: Detected architecture x86-64.

Welcome to [0;31mCentOS Stream 9[0m!

[    5.271894] systemd[1]: Hostname set to <test>.
[    5.503158] systemd-rc-local-generator[117]: /etc/rc.d/rc.local is not marked executable, skipping.
[    5.894830] systemd[1]: Queued start job for default target Multi-User System.
[    5.914584] systemd[1]: Created slice Virtual Machine and Container Slice.
[[0;32m  OK  [0m] Created slice [0;1;39mVirtual Machine and Container Slice[0m.
[    5.918894] systemd[1]: Created slice Slice /system/getty.
[[0;32m  OK  [0m] Created slice [0;1;39mSlice /system/getty[0m.
[    5.921262] systemd[1]: Created slice Slice /system/modprobe.
[[0;32m  OK  [0m] Created slice [0;1;39mSlice /system/modprobe[0m.
[    5.923719] systemd[1]: Created slice Slice /system/serial-getty.
[[0;32m  OK  [0m] Created slice [0;1;39mSlice /system/serial-getty[0m.
[    5.926014] systemd[1]: Created slice Slice /system/sshd-keygen.
[[0;32m  OK  [0m] Created slice [0;1;39mSlice /system/sshd-keygen[0m.
[    5.928146] systemd[1]: Created slice User and Session Slice.
[[0;32m  OK  [0m] Created slice [0;1;39mUser and Session Slice[0m.
[    5.929219] systemd[1]: Started Forward Password Requests to Wall Directory Watch.
[[0;32m  OK  [0m] Started [0;1;39mForward Password R…uests to Wall Directory Watch[0m.
[    5.931320] systemd[1]: Set up automount Arbitrary Executable File Formats File System Automount Point.
[[0;32m  OK  [0m] Set up automount [0;1;39mArbitrary…s File System Automount Point[0m.
[    5.932507] systemd[1]: Reached target Local Integrity Protected Volumes.
[[0;32m  OK  [0m] Reached target [0;1;39mLocal Integrity Protected Volumes[0m.
[    5.933418] systemd[1]: Reached target Slice Units.
[[0;32m  OK  [0m] Reached target [0;1;39mSlice Units[0m.
[    5.934082] systemd[1]: Reached target Swaps.
[[0;32m  OK  [0m] Reached target [0;1;39mSwaps[0m.
[    5.934709] systemd[1]: Reached target Local Verity Protected Volumes.
[[0;32m  OK  [0m] Reached target [0;1;39mLocal Verity Protected Volumes[0m.
[    5.935907] systemd[1]: Listening on Device-mapper event daemon FIFOs.
[[0;32m  OK  [0m] Listening on [0;1;39mDevice-mapper event daemon FIFOs[0m.
[    5.937324] systemd[1]: Listening on LVM2 poll daemon socket.
[[0;32m  OK  [0m] Listening on [0;1;39mLVM2 poll daemon socket[0m.
[    5.938259] systemd[1]: multipathd control socket was skipped because of an unmet condition check (ConditionPathExists=/etc/multipath.conf).
[    5.964435] systemd[1]: Listening on RPCbind Server Activation Socket.
[[0;32m  OK  [0m] Listening on [0;1;39mRPCbind Server Activation Socket[0m.
[    5.965602] systemd[1]: Reached target RPC Port Mapper.
[[0;32m  OK  [0m] Reached target [0;1;39mRPC Port Mapper[0m.
[    5.968959] systemd[1]: Listening on Process Core Dump Socket.
[[0;32m  OK  [0m] Listening on [0;1;39mProcess Core Dump Socket[0m.
[    5.970238] systemd[1]: Listening on initctl Compatibility Named Pipe.
[[0;32m  OK  [0m] Listening on [0;1;39minitctl Compatibility Named Pipe[0m.
[    5.971755] systemd[1]: Listening on Journal Socket (/dev/log).
[[0;32m  OK  [0m] Listening on [0;1;39mJournal Socket (/dev/log)[0m.
[    5.973228] systemd[1]: Listening on Journal Socket.
[[0;32m  OK  [0m] Listening on [0;1;39mJournal Socket[0m.
[    5.974687] systemd[1]: Listening on udev Control Socket.
[[0;32m  OK  [0m] Listening on [0;1;39mudev Control Socket[0m.
[    5.975749] systemd[1]: Listening on udev Kernel Socket.
[[0;32m  OK  [0m] Listening on [0;1;39mudev Kernel Socket[0m.
[    5.981243] systemd[1]: Mounting Huge Pages File System...
         Mounting [0;1;39mHuge Pages File System[0m...
[    5.986384] systemd[1]: Mounting POSIX Message Queue File System...
         Mounting [0;1;39mPOSIX Message Queue File System[0m...
[    5.992450] systemd[1]: Mounting Kernel Debug File System...
         Mounting [0;1;39mKernel Debug File System[0m...
[    6.000695] systemd[1]: Mounting Kernel Trace File System...
         Mounting [0;1;39mKernel Trace File System[0m...
[    6.001763] systemd[1]: Kernel Module supporting RPCSEC_GSS was skipped because of an unmet condition check (ConditionPathExists=/etc/krb5.keytab).
[    6.002608] systemd[1]: Create List of Static Device Nodes was skipped because of an unmet condition check (ConditionFileNotEmpty=/lib/modules/6.18.0-rc1-5c13dde963df+/modules.devname).
[    6.010235] systemd[1]: Starting Monitoring of LVM2 mirrors, snapshots etc. using dmeventd or progress polling...
         Starting [0;1;39mMonitoring of LVM…meventd or progress polling[0m...
[    6.017521] systemd[1]: Starting Load Kernel Module configfs...
         Starting [0;1;39mLoad Kernel Module configfs[0m...
[    6.027074] systemd[1]: Starting Load Kernel Module drm...
         Starting [0;1;39mLoad Kernel Module drm[0m...
[    6.056318] systemd[1]: Starting Load Kernel Module fuse...
         Starting [0;1;39mLoad Kernel Module fuse[0m...
[    6.065208] systemd[1]: Starting Read and set NIS domainname from /etc/sysconfig/network...
         Starting [0;1;39mRead and set NIS …from /etc/sysconfig/network[0m...
[    6.086036] systemd[1]: Starting Journal Service...
         Starting [0;1;39mJournal Service[0m...
[    6.095253] systemd[1]: Starting Load Kernel Modules...
         Starting [0;1;39mLoad Kernel Modules[0m...
[    6.111932] systemd[1]: Starting Generate network units from Kernel command line...
         Starting [0;1;39mGenerate network …ts from Kernel command line[0m...
[    6.121494] systemd[1]: Starting Remount Root and Kernel File Systems...
         Starting [0;1;39mRemount Root and Kernel File Systems[0m...
[    6.122797] systemd[1]: Repartition Root Disk was skipped because no trigger condition checks were met.
[    6.142208] systemd[1]: Starting Coldplug All udev Devices...
         Starting [0;1;39mColdplug All udev Devices[0m...
[    6.159223] systemd[1]: Mounted Huge Pages File System.
[[0;32m  OK  [0m] Mounted [0;1;39mHuge Pages File System[0m.
[    6.164717] systemd[1]: Mounted POSIX Message Queue File System.
[[0;32m  OK  [0m] Mounted [0;1;39mPOSIX Message Queue File System[0m.
[    6.168567] systemd[1]: Mounted Kernel Debug File System.
[[0;32m  OK  [0m] Mounted [0;1;39mKernel Debug File System[0m.
[    6.172597] systemd[1]: Mounted Kernel Trace File System.
[[0;32m  OK  [0m] Mounted [0;1;39mKernel Trace File System[0m.
[    6.176560] systemd[1]: Finished Monitoring of LVM2 mirrors, snapshots etc. using dmeventd or progress polling.
[[0;32m  OK  [0m] Finished [0;1;39mMonitoring of LVM… dmeventd or progress polling[0m.
[    6.182175] systemd[1]: modprobe@configfs.service: Deactivated successfully.
[    6.183500] systemd[1]: Finished Load Kernel Module configfs.
[[0;32m  OK  [0m] Finished [0;1;39mLoad Kernel Module configfs[0m.
[    6.191060] systemd[1]: modprobe@drm.service: Deactivated successfully.
[    6.196433] systemd[1]: Finished Load Kernel Module drm.
[[0;32m  OK  [0m] Finished [0;1;39mLoad Kernel Module drm[0m.
[    6.232331] systemd[1]: modprobe@fuse.service: Deactivated successfully.
[    6.237125] systemd[1]: Finished Load Kernel Module fuse.
[[0;32m  OK  [0m] Finished [0;1;39mLoad Kernel Module fuse[0m.
[    6.240689] systemd[1]: Finished Read and set NIS domainname from /etc/sysconfig/network.
[[0;32m  OK  [0m] Finished [0;1;39mRead and set NIS …e from /etc/sysconfig/network[0m.
[    6.244836] systemd[1]: systemd-modules-load.service: Main process exited, code=exited, status=1/FAILURE
[    6.246039] systemd[1]: systemd-modules-load.service: Failed with result 'exit-code'.
[    6.246413] EXT4-fs (sda): re-mounted 088740a9-c8b4-422c-999d-a804eb68a4da r/w.
[    6.251914] systemd[1]: Failed to start Load Kernel Modules.
[[0;1;31mFAILED[0m] Failed to start [0;1;39mLoad Kernel Modules[0m.
See 'systemctl status systemd-modules-load.service' for details.
[    6.257207] systemd[1]: Started Journal Service.
[[0;32m  OK  [0m] Started [0;1;39mJournal Service[0m.
[[0;32m  OK  [0m] Finished [0;1;39mGenerate network units from Kernel command line[0m.
[[0;32m  OK  [0m] Finished [0;1;39mRemount Root and Kernel File Systems[0m.
[[0;32m  OK  [0m] Reached target [0;1;39mPreparation for Network[0m.
         Mounting [0;1;39mFUSE Control File System[0m...
         Mounting [0;1;39mKernel Configuration File System[0m...
         Starting [0;1;39mFlush Journal to Persistent Storage[0m...
         Starting [0;1;39mLoad/Save Random Seed[0m...
         Starting [0;1;39mApply Kernel Variables[0m...
         Starting [0;1;39mCreate Static Device Nodes in /dev[0m...
[    6.368323] systemd-journald[142]: Received client request to flush runtime journal.
         Starting [0;1;39mSetup Virtual Console[0m...
[[0;32m  OK  [0m] Mounted [0;1;39mFUSE Control File System[0m.
[[0;32m  OK  [0m] Mounted [0;1;39mKernel Configuration File System[0m.
[[0;32m  OK  [0m] Finished [0;1;39mFlush Journal to Persistent Storage[0m.
[[0;32m  OK  [0m] Finished [0;1;39mLoad/Save Random Seed[0m.
[[0;32m  OK  [0m] Finished [0;1;39mApply Kernel Variables[0m.
[[0;32m  OK  [0m] Finished [0;1;39mCreate Static Device Nodes in /dev[0m.
         Starting [0;1;39mRule-based Manage…for Device Events and Files[0m...
[[0;32m  OK  [0m] Started [0;1;39mRule-based Manager for Device Events and Files[0m.
         Starting [0;1;39mAuto-connect to s…E devices found during boot[0m...
[[0;32m  OK  [0m] Finished [0;1;39mAuto-connect to s…VME devices found during boot[0m.
[[0;32m  OK  [0m] Finished [0;1;39mColdplug All udev Devices[0m.
         Starting [0;1;39mWait for udev To …plete Device Initialization[0m...
[[0;32m  OK  [0m] Finished [0;1;39mSetup Virtual Console[0m.
[[0;32m  OK  [0m] Started [0;1;39mDispatch Password …ts to Console Directory Watch[0m.
[[0;32m  OK  [0m] Reached target [0;1;39mLocal Encrypted Volumes[0m.
[[0;32m  OK  [0m] Reached target [0;1;39mPath Units[0m.
[[0;32m  OK  [0m] Found device [0;1;39m/dev/ttyS0[0m.
[[0;32m  OK  [0m] Listening on [0;1;39mLoad/Save RF …itch Status /dev/rfkill Watch[0m.
[[0;32m  OK  [0m] Finished [0;1;39mWait for udev To Complete Device Initialization[0m.
[[0;32m  OK  [0m] Reached target [0;1;39mPreparation for Local File Systems[0m.
[[0;32m  OK  [0m] Reached target [0;1;39mLocal File Systems[0m.
         Starting [0;1;39mTell Plymouth To Write Out Runtime Data[0m...
         Starting [0;1;39mAutomatic Boot Loader Update[0m...
         Starting [0;1;39mCreate Volatile Files and Directories[0m...
[[0;32m  OK  [0m] Finished [0;1;39mTell Plymouth To Write Out Runtime Data[0m.
[[0;32m  OK  [0m] Finished [0;1;39mAutomatic Boot Loader Update[0m.
[[0;32m  OK  [0m] Finished [0;1;39mCreate Volatile Files and Directories[0m.
         Mounting [0;1;39mRPC Pipe File System[0m...
         Starting [0;1;39mSecurity Auditing Service[0m...
         Starting [0;1;39mRPC Bind[0m...
[[0;32m  OK  [0m] Mounted [0;1;39mRPC Pipe File System[0m.
[[0;32m  OK  [0m] Reached target [0;1;39mrpc_pipefs.target[0m.
[[0;32m  OK  [0m] Started [0;1;39mRPC Bind[0m.
[[0;32m  OK  [0m] Started [0;1;39mSecurity Auditing Service[0m.
         Starting [0;1;39mRecord System Boot/Shutdown in UTMP[0m...
[[0;32m  OK  [0m] Finished [0;1;39mRecord System Boot/Shutdown in UTMP[0m.
[[0;32m  OK  [0m] Reached target [0;1;39mSystem Initialization[0m.
[[0;32m  OK  [0m] Started [0;1;39mDaily rotation of log files[0m.
[[0;32m  OK  [0m] Started [0;1;39mUpdates mlocate database every day[0m.
[[0;32m  OK  [0m] Started [0;1;39mDaily Cleanup of Temporary Directories[0m.
[[0;32m  OK  [0m] Started [0;1;39mdaily update of the root trust anchor for DNSSEC[0m.
[[0;32m  OK  [0m] Reached target [0;1;39mTimer Units[0m.
[[0;32m  OK  [0m] Listening on [0;1;39mD-Bus System Message Bus Socket[0m.
[[0;32m  OK  [0m] Listening on [0;1;39mOpen-iSCSI iscsid Socket[0m.
[[0;32m  OK  [0m] Listening on [0;1;39mOpen-iSCSI iscsiuio Socket[0m.
[[0;32m  OK  [0m] Listening on [0;1;39mSSSD Kerberos…ache Manager responder socket[0m.
[[0;32m  OK  [0m] Listening on [0;1;39mLibvirt interface local socket[0m.
[[0;32m  OK  [0m] Listening on [0;1;39mVirtual machine lock manager socket[0m.
[[0;32m  OK  [0m] Listening on [0;1;39mVirtual machine log manager socket[0m.
[[0;32m  OK  [0m] Listening on [0;1;39mLibvirt network local socket[0m.
[[0;32m  OK  [0m] Listening on [0;1;39mLibvirt nodedev local socket[0m.
[[0;32m  OK  [0m] Listening on [0;1;39mLibvirt nwfilter local socket[0m.
[[0;32m  OK  [0m] Listening on [0;1;39mLibvirt proxy local socket[0m.
[[0;32m  OK  [0m] Listening on [0;1;39mLibvirt qemu local socket[0m.
[[0;32m  OK  [0m] Listening on [0;1;39mLibvirt qemu admin socket[0m.
[[0;32m  OK  [0m] Listening on [0;1;39mLibvirt qemu local read-only socket[0m.
[[0;32m  OK  [0m] Listening on [0;1;39mLibvirt secret local socket[0m.
[[0;32m  OK  [0m] Listening on [0;1;39mLibvirt storage local socket[0m.
[[0;32m  OK  [0m] Reached target [0;1;39mSocket Units[0m.
         Starting [0;1;39mD-Bus System Message Bus[0m...
[[0;32m  OK  [0m] Started [0;1;39mD-Bus System Message Bus[0m.
[[0;32m  OK  [0m] Reached target [0;1;39mBasic System[0m.
         Starting [0;1;39mNetwork Manager[0m...
         Starting [0;1;39mNTP client/server[0m...
         Starting [0;1;39mRestore /run/initramfs on shutdown[0m...
[[0;32m  OK  [0m] Started [0;1;39mirqbalance daemon[0m.
[[0;32m  OK  [0m] Started [0;1;39mlibstoragemgmt plug-in server daemon[0m.
[[0;32m  OK  [0m] Started [0;1;39mMachine Check Exception Logging Daemon[0m.
[[0;32m  OK  [0m] Reached target [0;1;39msshd-keygen.target[0m.
[[0;32m  OK  [0m] Reached target [0;1;39mUser and Group Name Lookups[0m.
         Starting [0;1;39mUser Login Management[0m...
         Starting [0;1;39mVirtual Machine a…tainer Registration Service[0m...
         Starting [0;1;39mupdate of the roo…NSSEC validation in unbound[0m...
         Starting [0;1;39mRotate log files[0m...
[[0;32m  OK  [0m] Started [0;1;39mUpdate a database for mlocate[0m.
[[0;32m  OK  [0m] Finished [0;1;39mRestore /run/initramfs on shutdown[0m.
[[0;32m  OK  [0m] Started [0;1;39mVirtual Machine an…ontainer Registration Service[0m.
         Starting [0;1;39mHostname Service[0m...
[[0;32m  OK  [0m] Started [0;1;39mNTP client/server[0m.
[[0;32m  OK  [0m] Finished [0;1;39mupdate of the roo… DNSSEC validation in unbound[0m.
[[0;32m  OK  [0m] Started [0;1;39mUser Login Management[0m.
[[0;32m  OK  [0m] Started [0;1;39mHostname Service[0m.
         Starting [0;1;39mNetwork Manager Script Dispatcher Service[0m...
[[0;32m  OK  [0m] Finished [0;1;39mRotate log files[0m.
[[0;32m  OK  [0m] Started [0;1;39mNetwork Manager Script Dispatcher Service[0m.
[    9.760598] e1000: eth0 NIC Link is Up 1000 Mbps Full Duplex, Flow Control: RX
[[0;32m  OK  [0m] Started [0;1;39mNetwork Manager[0m.
[[0;32m  OK  [0m] Reached target [0;1;39mNetwork[0m.
[[0;32m  OK  [0m] Reached target [0;1;39mNetwork is Online[0m.
         Starting [0;1;39mGSSAPI Proxy Daemon[0m...
         Starting [0;1;39mNotify NFS peers of a restart[0m...
         Starting [0;1;39mSystem Logging Service[0m...
         Starting [0;1;39mOpenSSH server daemon[0m...
         Starting [0;1;39mDynamic System Tuning Daemon[0m...
[[0;32m  OK  [0m] Started [0;1;39mNotify NFS peers of a restart[0m.
[[0;32m  OK  [0m] Started [0;1;39mOpenSSH server daemon[0m.
[[0;32m  OK  [0m] Started [0;1;39mGSSAPI Proxy Daemon[0m.
[[0;32m  OK  [0m] Reached target [0;1;39mNFS client services[0m.
[[0;32m  OK  [0m] Reached target [0;1;39mPreparation for Remote File Systems[0m.
[[0;32m  OK  [0m] Reached target [0;1;39mRemote File Systems[0m.
         Starting [0;1;39mPermit User Sessions[0m...
         Starting [0;1;39mVirtualization qemu daemon[0m...
[[0;32m  OK  [0m] Finished [0;1;39mPermit User Sessions[0m.
[[0;32m  OK  [0m] Started [0;1;39mDeferred execution scheduler[0m.
[[0;32m  OK  [0m] Started [0;1;39mCommand Scheduler[0m.
         Starting [0;1;39mHold until boot process finishes up[0m...
         Starting [0;1;39mTerminate Plymouth Boot Screen[0m...
[[0;32m  OK  [0m] Started [0;1;39mSystem Logging Service[0m.
[[0;32m  OK  [0m] Finished [0;1;39mHold until boot process finishes up[0m.
[[0;32m  OK  [0m] Finished [0;1;39mTerminate Plymouth Boot Screen[0m.
[[0;32m  OK  [0m] Started [0;1;39mGetty on tty1[0m.
[[0;32m  OK  [0m] Started [0;1;39mSerial Getty on ttyS0[0m.
[[0;32m  OK  [0m] Reached target [0;1;39mLogin Prompts[0m.
[[0;32m  OK  [0m] Started [0;1;39mVirtualization qemu daemon[0m.
         Starting [0;1;39mAuthorization Manager[0m...
[[0;32m  OK  [0m] Started [0;1;39mAuthorization Manager[0m.
[[0;32m  OK  [0m] Started [0;1;39mDynamic System Tuning Daemon[0m.
[[0;32m  OK  [0m] Reached target [0;1;39mMulti-User System[0m.
         Starting [0;1;39mRecord Runlevel Change in UTMP[0m...
[[0;32m  OK  [0m] Finished [0;1;39mRecord Runlevel Change in UTMP[0m.

CentOS Stream 9
Kernel 6.18.0-rc1-5c13dde963df+ on an x86_64

Activate the web console with: systemctl enable --now cockpit.socket

test login: [   19.791950] loop2: detected capacity change from 0 to 32768
[   19.823630] loop7: detected capacity change from 0 to 32768
[   19.824607] XFS (loop2): Mounting V5 Filesystem bfdc47fc-10d8-4eed-a562-11a831b3f791
[   19.857851] XFS (loop7): Mounting V5 Filesystem bfdc47fc-10d8-4eed-a562-11a831b3f791
[   19.859441] loop0: detected capacity change from 0 to 32768
[   19.882553] XFS (loop0): Mounting V5 Filesystem bfdc47fc-10d8-4eed-a562-11a831b3f791
[   19.885852] XFS (loop2): Ending clean mount
[   19.888589] XFS (loop2): Quotacheck needed: Please wait.
[   19.921699] loop4: detected capacity change from 0 to 32768
[   19.928609] XFS (loop2): Quotacheck: Done.
[   19.948296] XFS (loop7): Ending clean mount
[   19.955434] XFS (loop7): Quotacheck needed: Please wait.
[   19.956741] XFS (loop0): Ending clean mount
[   19.996665] XFS (loop0): Quotacheck needed: Please wait.
[   20.001634] XFS (loop0): Quotacheck: Done.
[   20.011415] XFS (loop7): Quotacheck: Done.
[   20.038934] XFS (loop4): Mounting V5 Filesystem bfdc47fc-10d8-4eed-a562-11a831b3f791
[   20.066704] loop6: detected capacity change from 0 to 32768
[   20.074773] loop5: detected capacity change from 0 to 32768
[   20.093274] XFS (loop5): Mounting V5 Filesystem bfdc47fc-10d8-4eed-a562-11a831b3f791
[   20.121880] XFS (loop4): Ending clean mount
[   20.124675] XFS (loop6): Mounting V5 Filesystem bfdc47fc-10d8-4eed-a562-11a831b3f791
[   20.140062] XFS (loop4): Quotacheck needed: Please wait.
[   20.145841] XFS (loop6): Ending clean mount
[   20.146859] XFS (loop6): Quotacheck needed: Please wait.
[   20.159364] loop3: detected capacity change from 0 to 32768
[   20.166566] XFS (loop4): Quotacheck: Done.
[   20.197145] XFS (loop6): Quotacheck: Done.
[   20.230822] XFS (loop3): Mounting V5 Filesystem bfdc47fc-10d8-4eed-a562-11a831b3f791
[   20.242781] XFS (loop3): Ending clean mount
[   20.252443] XFS (loop3): Quotacheck needed: Please wait.
[   20.259580] XFS (loop3): Quotacheck: Done.
[   20.292312] XFS (loop5): Ending clean mount
[   20.293519] XFS (loop5): Quotacheck needed: Please wait.
[   20.346746] XFS (loop5): Quotacheck: Done.
[   20.916605] repro: page allocation failure: order:0, mode:0x10cc0(GFP_KERNEL|__GFP_NORETRY), nodemask=(null),cpuset=/,mems_allowed=0
[   20.917330] CPU: 1 UID: 0 PID: 725 Comm: repro Not tainted 6.18.0-rc1-5c13dde963df+ #1 PREEMPT(voluntary) 
[   20.917343] Hardware name: QEMU Standard PC (i440FX + PIIX, 1996), BIOS rel-1.16.0-0-gd239552ce722-prebuilt.qemu.org 04/01/2014
[   20.917351] Call Trace:
[   20.917358]  <TASK>
[   20.917361]  dump_stack_lvl+0x121/0x150
[   20.917408]  dump_stack+0x19/0x20
[   20.917416]  warn_alloc+0x216/0x350
[   20.917436]  ? __pfx_warn_alloc+0x10/0x10
[   20.917451]  ? __pfx___alloc_pages_direct_compact+0x10/0x10
[   20.917457]  ? __drain_all_pages+0x27d/0x480
[   20.917476]  __alloc_pages_slowpath.constprop.0+0x1356/0x2270
[   20.917491]  ? filelayout_read_count_stats+0x14/0x110
[   20.917515]  ? __pfx___alloc_pages_slowpath.constprop.0+0x10/0x10
[   20.917523]  ? lock_is_held_type+0xef/0x150
[   20.917543]  ? lock_release+0x14f/0x2c0
[   20.917568]  __alloc_frozen_pages_noprof+0x5da/0x6e0
[   20.917574]  ? trace_hardirqs_on+0x51/0x60
[   20.917593]  ? irqentry_exit+0x3e/0xa0
[   20.917604]  ? __pfx___alloc_frozen_pages_noprof+0x10/0x10
[   20.917615]  ? __sanitizer_cov_trace_switch+0x58/0xa0
[   20.917635]  ? policy_nodemask+0xf9/0x450
[   20.917651]  alloc_pages_mpol+0x236/0x4c0
[   20.917662]  ? __pfx_alloc_pages_mpol+0x10/0x10
[   20.917671]  ? asm_sysvec_reschedule_ipi+0x1f/0x30
[   20.917687]  alloc_frozen_pages_noprof+0xa9/0x180
[   20.917700]  alloc_pages_noprof+0x27/0xa0
[   20.917709]  kimage_alloc_pages+0x78/0x240
[   20.917721]  kimage_alloc_control_pages+0x1ca/0xa60
[   20.917737]  ? __pfx_kimage_alloc_control_pages+0x10/0x10
[   20.917745]  ? __sanitizer_cov_trace_cmp8+0x1c/0x30
[   20.917761]  do_kexec_load+0x39b/0x8c0
[   20.917768]  ? __might_fault+0xf1/0x1b0
[   20.917780]  ? __pfx_do_kexec_load+0x10/0x10
[   20.917789]  ? __sanitizer_cov_trace_const_cmp8+0x1c/0x30
[   20.917799]  ? _copy_from_user+0x75/0xa0
[   20.917821]  __x64_sys_kexec_load+0x1cc/0x240
[   20.917832]  x64_sys_call+0x1c84/0x2190
[   20.917842]  do_syscall_64+0x6d/0x450
[   20.917857]  entry_SYSCALL_64_after_hwframe+0x76/0x7e
[   20.917863] RIP: 0033:0x7f3ae4c3ee5d
[   20.917878] Code: ff c3 66 2e 0f 1f 84 00 00 00 00 00 90 f3 0f 1e fa 48 89 f8 48 89 f7 48 89 d6 48 89 ca 4d 89 c2 4d 89 c8 4c 8b 4c 24 08 0f 05 <48> 3d 01 f0 ff ff 73 01 c3 48 8b 0d 93 af 1b 00 f7 d8 64 89 01 48
[   20.917885] RSP: 002b:00007ffd80a21378 EFLAGS: 00000207 ORIG_RAX: 00000000000000f6
[   20.917896] RAX: ffffffffffffffda RBX: 0000000000000000 RCX: 00007f3ae4c3ee5d
[   20.917900] RDX: 0000200000000180 RSI: 0000000000000003 RDI: 0000000000000000
[   20.917904] RBP: 00007ffd80a21390 R08: 00007ffd80a20e00 R09: 00007ffd80a21390
[   20.917908] R10: 0000000000000000 R11: 0000000000000207 R12: 00007ffd80a214e8
[   20.917912] R13: 00000000004030f5 R14: 000000000040ee08 R15: 00007f3ae4f3d000
[   20.917928]  </TASK>
[   20.917930] Mem-Info:
[   20.931135] active_anon:4554 inactive_anon:49916 isolated_anon:0
[   20.931135]  active_file:24009 inactive_file:12508 isolated_file:0
[   20.931135]  unevictable:0 dirty:0 writeback:0
[   20.931135]  slab_reclaimable:16613 slab_unreclaimable:20052
[   20.931135]  mapped:13736 shmem:38137 pagetables:1131
[   20.931135]  sec_pagetables:0 bounce:0
[   20.931135]  kernel_misc_reclaimable:0
[   20.931135]  free:19579 free_pcp:73 free_cma:0
[   20.933100] Node 0 active_anon:18216kB inactive_anon:199664kB active_file:96036kB inactive_file:50032kB unevictable:0kB isolated(anon):0kB isolated(file):0kB mapped:54944kB dirty:0kB writeback:0kB shmem:152548kB shmem_thp:0kB shmem_pmdmapped:0kB anon_thp:0kB kernel_stack:7904kB pagetables:4524kB sec_pagetables:0kB all_unreclaimable? no Balloon:0kB
[   20.934641] Node 0 DMA free:7036kB boost:0kB min:444kB low:552kB high:660kB reserved_highatomic:0KB free_highatomic:0KB active_anon:0kB inactive_anon:696kB active_file:0kB inactive_file:4kB unevictable:0kB writepending:0kB zspages:0kB present:15992kB managed:15360kB mlocked:0kB bounce:0kB free_pcp:8kB local_pcp:0kB free_cma:0kB
[   20.936126] lowmem_reserve[]: 0 1522 1522 1522 1522
[   20.936399] Node 0 DMA32 free:71280kB boost:47104kB min:91712kB low:102864kB high:114016kB reserved_highatomic:0KB free_highatomic:0KB active_anon:18216kB inactive_anon:198940kB active_file:96036kB inactive_file:50028kB unevictable:0kB writepending:4kB zspages:0kB present:2080640kB managed:1559432kB mlocked:0kB bounce:0kB free_pcp:672kB local_pcp:0kB free_cma:0kB
[   20.937975] lowmem_reserve[]: 0 0 0 0 0
[   20.938198] Node 0 DMA: 1*4kB (M) 1*8kB (M) 2*16kB (UE) 3*32kB (UM) 9*64kB (UME) 5*128kB (ME) 3*256kB (ME) 3*512kB (UME) 3*1024kB (UME) 0*2048kB 0*4096kB = 6732kB
[   20.938984] Node 0 DMA32: 236*4kB (UM) 42*8kB (UME) 337*16kB (UM) 204*32kB (UME) 116*64kB (UME) 124*128kB (UME) 66*256kB (UME) 29*512kB (UME) 3*1024kB (U) 0*2048kB 0*4096kB = 71312kB
[   20.939927] Node 0 hugepages_total=0 hugepages_free=0 hugepages_surp=0 hugepages_size=1048576kB
[   20.940393] Node 0 hugepages_total=0 hugepages_free=0 hugepages_surp=0 hugepages_size=2048kB
[   20.940820] 74773 total pagecache pages
[   20.941027] 0 pages in swap cache
[   20.941236] Free swap  = 0kB
[   20.941395] Total swap = 0kB
[   20.941555] 524158 pages RAM
[   20.941717] 0 pages HighMem/MovableOnly
[   20.941925] 130460 pages reserved
[   20.942107] 0 pages cma reserved
[   20.942281] 0 pages hwpoisoned
[   21.006246] kexec: Could not allocate control_code_buffer
[   21.487520] loop1: detected capacity change from 0 to 32768
[   21.512032] XFS (loop1): Mounting V5 Filesystem bfdc47fc-10d8-4eed-a562-11a831b3f791
[   21.550082] XFS (loop1): Ending clean mount
[   21.550902] XFS (loop1): Quotacheck needed: Please wait.
[   21.559990] XFS (loop1): Quotacheck: Done.
[   22.265479] kexec: Could not allocate control_code_buffer
[   23.256741] kexec: Could not allocate control_code_buffer
[   25.178542] repro invoked oom-killer: gfp_mask=0x140dca(GFP_HIGHUSER_MOVABLE|__GFP_ZERO|__GFP_COMP), order=0, oom_score_adj=1000
[   25.179261] CPU: 1 UID: 0 PID: 876 Comm: repro Not tainted 6.18.0-rc1-5c13dde963df+ #1 PREEMPT(voluntary) 
[   25.179272] Hardware name: QEMU Standard PC (i440FX + PIIX, 1996), BIOS rel-1.16.0-0-gd239552ce722-prebuilt.qemu.org 04/01/2014
[   25.179278] Call Trace:
[   25.179280]  <TASK>
[   25.179284]  dump_stack_lvl+0x121/0x150
[   25.179302]  dump_stack+0x19/0x20
[   25.179310]  dump_header+0x10f/0x910
[   25.179330]  oom_kill_process+0x287/0xa40
[   25.179342]  out_of_memory+0x34c/0x1710
[   25.179354]  ? __pfx_out_of_memory+0x10/0x10
[   25.179369]  __alloc_pages_slowpath.constprop.0+0x1bc6/0x2270
[   25.179391]  ? __pfx___alloc_pages_slowpath.constprop.0+0x10/0x10
[   25.179399]  ? lock_is_held_type+0xef/0x150
[   25.179415]  ? lock_release+0x14f/0x2c0
[   25.179433]  __alloc_frozen_pages_noprof+0x5da/0x6e0
[   25.179444]  ? __pfx___alloc_frozen_pages_noprof+0x10/0x10
[   25.179455]  ? __sanitizer_cov_trace_switch+0x58/0xa0
[   25.179470]  ? policy_nodemask+0xf9/0x450
[   25.179482]  alloc_pages_mpol+0x236/0x4c0
[   25.179492]  ? __pfx_alloc_pages_mpol+0x10/0x10
[   25.179503]  ? __lock_acquire+0x412/0x22a0
[   25.179516]  folio_alloc_mpol_noprof+0x44/0x120
[   25.179528]  vma_alloc_folio_noprof+0x112/0x200
[   25.179538]  ? __pfx_vma_alloc_folio_noprof+0x10/0x10
[   25.179547]  ? __this_cpu_preempt_check+0x21/0x30
[   25.179558]  ? lock_acquire+0x180/0x310
[   25.179573]  do_anonymous_page+0xa0a/0x1b30
[   25.179584]  ? lock_release+0x14f/0x2c0
[   25.179599]  __handle_mm_fault+0x1d96/0x2d70
[   25.179614]  ? __pfx___handle_mm_fault+0x10/0x10
[   25.179624]  ? lock_vma_under_rcu+0x192/0x550
[   25.179635]  ? lock_release+0x14f/0x2c0
[   25.179658]  handle_mm_fault+0x2de/0x920
[   25.179670]  do_user_addr_fault+0x526/0xfe0
[   25.179684]  ? rcu_is_watching+0x19/0xc0
[   25.179699]  exc_page_fault+0xc9/0x1d0
[   25.179710]  asm_exc_page_fault+0x2b/0x30
[   25.179718] RIP: 0033:0x401ca7
[   25.179733] Code: Unable to access opcode bytes at 0x401c7d.
[   25.179736] RSP: 002b:00007ffd80a209c0 EFLAGS: 00010206
[   25.179743] RAX: 00000000000000fe RBX: 0000000000000181 RCX: 00007f3adc995e00
[   25.179747] RDX: 00007f3adc996000 RSI: 000000000000007f RDI: 00007ffd80a20fd0
[   25.179751] RBP: 00007ffd80a20a00 R08: 00000000ffffffff R09: 0000000000000000
[   25.179756] R10: 00007f3ae4c07e00 R11: 00007f3ae4c29660 R12: 00007ffd80a214e8
[   25.179760] R13: 00000000004030f5 R14: 000000000040ee08 R15: 00007f3ae4f3d000
[   25.179785]  </TASK>
[   25.191592] Mem-Info:
[   25.191733] active_anon:5188 inactive_anon:59300 isolated_anon:0
[   25.191733]  active_file:20 inactive_file:200 isolated_file:0
[   25.191733]  unevictable:0 dirty:1 writeback:0
[   25.191733]  slab_reclaimable:5284 slab_unreclaimable:23888
[   25.191733]  mapped:211 shmem:47105 pagetables:1090
[   25.191733]  sec_pagetables:0 bounce:0
[   25.191733]  kernel_misc_reclaimable:0
[   25.191733]  free:11832 free_pcp:1058 free_cma:0
[   25.193740] Node 0 active_anon:20752kB inactive_anon:237200kB active_file:80kB inactive_file:800kB unevictable:0kB isolated(anon):0kB isolated(file):0kB mapped:844kB dirty:4kB writeback:0kB shmem:188420kB shmem_thp:0kB shmem_pmdmapped:0kB anon_thp:0kB kernel_stack:8032kB pagetables:4360kB sec_pagetables:0kB all_unreclaimable? no Balloon:0kB
[   25.195282] Node 0 DMA free:6532kB boost:0kB min:444kB low:552kB high:660kB reserved_highatomic:0KB free_highatomic:0KB active_anon:0kB inactive_anon:68kB active_file:0kB inactive_file:0kB unevictable:0kB writepending:0kB zspages:0kB present:15992kB managed:15360kB mlocked:0kB bounce:0kB free_pcp:0kB local_pcp:0kB free_cma:0kB
[   25.196773] lowmem_reserve[]: 0 1522 1522 1522 1522
[   25.197072] Node 0 DMA32 free:40796kB boost:0kB min:44608kB low:55760kB high:66912kB reserved_highatomic:0KB free_highatomic:0KB active_anon:20752kB inactive_anon:237132kB active_file:80kB inactive_file:800kB unevictable:0kB writepending:4kB zspages:0kB present:2080640kB managed:1559432kB mlocked:0kB bounce:0kB free_pcp:4232kB local_pcp:4028kB free_cma:0kB
[   25.198674] lowmem_reserve[]: 0 0 0 0 0
[   25.198904] Node 0 DMA: 1*4kB (M) 2*8kB (UM) 1*16kB (M) 3*32kB (UME) 2*64kB (UE) 3*128kB (UME) 3*256kB (UME) 2*512kB (ME) 2*1024kB (ME) 1*2048kB (U) 0*4096kB = 6532kB
[   25.199807] Node 0 DMA32: 2*4kB (UM) 2*8kB (E) 15*16kB (UE) 41*32kB (E) 43*64kB (UME) 80*128kB (ME) 46*256kB (UME) 18*512kB (UM) 5*1024kB (UM) 0*2048kB 0*4096kB = 40680kB
[   25.200661] Node 0 hugepages_total=0 hugepages_free=0 hugepages_surp=0 hugepages_size=1048576kB
[   25.201126] Node 0 hugepages_total=0 hugepages_free=0 hugepages_surp=0 hugepages_size=2048kB
[   25.201579] 47351 total pagecache pages
[   25.201791] 0 pages in swap cache
[   25.201979] Free swap  = 0kB
[   25.202149] Total swap = 0kB
[   25.202324] 524158 pages RAM
[   25.202492] 0 pages HighMem/MovableOnly
[   25.202703] 130460 pages reserved
[   25.202891] 0 pages cma reserved
[   25.203074] 0 pages hwpoisoned
[   25.203246] Tasks state (memory values in pages):
[   25.203501] [  pid  ]   uid  tgid total_vm      rss rss_anon rss_file rss_shmem pgtables_bytes swapents oom_score_adj name
[   25.204111] [    142]     0   142     5474      406      256       22       128    81920        0          -250 systemd-journal
[   25.204758] [    162]     0   162     7812      665      640       25         0    86016        0         -1000 systemd-udevd
[   25.205355] [    232]    32   232     3314      208      192       16         0    69632        0             0 rpcbind
[   25.205929] [    233]     0   233    22959      186      161       25         0    69632        0         -1000 auditd
[   25.206492] [    235]     0   235     1947       76       64       12         0    53248        0             0 sedispatch
[   25.207076] [    256]    81   256     2731      187      162       25         0    69632        0          -900 dbus-broker-lau
[   25.207677] [    257]    81   257     1316      165      151       14         0    49152        0          -900 dbus-broker
[   25.208278] [    258]     0   258    64478      881      864       17         0   147456        0             0 NetworkManager
[   25.208877] [    261]     0   261    19783       74       32       42         0    57344        0             0 irqbalance
[   25.209460] [    262]   992   262      678       67       32       35         0    45056        0             0 lsmd
[   25.210015] [    263]     0   263      700       67       32       35         0    53248        0             0 mcelog
[   25.210581] [    264]     0   264     4639      295      256       39         0    73728        0             0 systemd-logind
[   25.211183] [    266]     0   266     4496      246      224       22         0    73728        0             0 systemd-machine
[   25.211795] [    273]     0   273     4419      244      224       20         0    77824        0             0 systemd-hostnam
[   25.212399] [    275]   985   275    21097      167      132       35         0    69632        0             0 chronyd
[   25.212982] [    299]     0   299    39958      385      224       25       136    86016        0             0 rsyslogd
[   25.213556] [    301]     0   301     3951      345      320       25         0    73728        0         -1000 sshd
[   25.214117] [    302]     0   302    66148     3433     3410       23         0   147456        0             0 tuned
[   25.214674] [    305]     0   305    13748      223      187       36         0    90112        0             0 gssproxy
[   25.215247] [    318]     0   318   292078      592      576       16         0   262144        0             0 virtqemud
[   25.215834] [    323]     0   323     1169       69       32       37         0    45056        0             0 atd
[   25.216390] [    325]     0   325     2139      209      192       17         0    57344        0             0 crond
[   25.216954] [    338]     0   338      763       51       32       19         0    45056        0             0 agetty
[   25.217522] [    339]     0   339     1405       37       32        5         0    49152        0             0 agetty
[   25.218089] [    545]   998   545   644241     1064     1031       33         0   204800        0             0 polkitd
[   25.218656] [    590]     0   590     5110      472      448       24         0    86016        0           100 systemd
[   25.219228] [    591]     0   591    26400      958      950        8         0   102400        0           100 (sd-pam)
[   25.219812] [    694]     0   694     4798      454      448        6         0    86016        0             0 sshd
[   25.220371] [    696]     0   696     4798      515      479       36         0    81920        0             0 sshd
[   25.220928] [    697]     0   697     1782      108       64       44         0    57344        0             0 repro.sh
[   25.221506] [    722]     0   722     4736       36        0       36         0    40960        0             0 repro
[   25.222065] [    723]     0   723     4736       40        0       40         0    40960        0             0 repro
[   25.222622] [    724]     0   724     4736       40        0       40         0    40960        0             0 repro
[   25.223187] [    727]     0   727     4736       40        0       40         0    40960        0             0 repro
[   25.223750] [    728]     0   728     4736       40        0       40         0    40960        0             0 repro
[   25.224326] [    729]     0   729     4736       40        0       40         0    40960        0             0 repro
[   25.224883] [    731]     0   731     4736       40        0       40         0    40960        0             0 repro
[   25.225452] [    732]     0   732     4736       40        0       40         0    40960        0             0 repro
[   25.226010] [    733]     0   733     4736       40        0       40         0    40960        0             0 repro
[   25.226572] [    734]     0   734     7812      685      653       32         0    73728        0             0 systemd-udevd
[   25.227171] [    740]     0   740     7812      686      653       33         0    73728        0             0 systemd-udevd
[   25.227763] [    741]     0   741     7812      656      653        3         0    73728        0             0 systemd-udevd
[   25.228373] [    742]     0   742     7812      676      653       23         0    73728        0             0 systemd-udevd
[   25.228966] [    743]     0   743     7812      676      653       23         0    73728        0             0 systemd-udevd
[   25.229570] [    855]     0   855     4736       21        0       21         0    53248        0          1000 repro
[   25.230133] [    870]     0   870    38528      597      576       21         0    86016        0          1000 repro
[   25.230689] [    871]     0   871    38528      565      544       21         0    86016        0          1000 repro
[   25.231250] [    872]     0   872    38528      565      544       21         0    86016        0          1000 repro
[   25.231824] [    873]     0   873    38528      565      544       21         0    86016        0          1000 repro
[   25.232383] [    874]     0   874    38528      565      544       21         0    73728        0          1000 repro
[   25.232942] [    875]     0   875    38528      597      576       21         0    81920        0          1000 repro
[   25.233501] [    876]     0   876    38528      421      384       37         0    57344        0          1000 repro
[   25.234056] oom-kill:constraint=CONSTRAINT_NONE,nodemask=(null),cpuset=/,mems_allowed=0,global_oom,task_memcg=/user.slice/user-0.slice/session-6.scope,task=repro,pid=870,uid=0
[   25.235229] Out of memory: Killed process 870 (repro) total-vm:154112kB, anon-rss:2304kB, file-rss:84kB, shmem-rss:0kB, UID:0 pgtables:84kB oom_score_adj:1000
[   25.417764] kexec: Could not allocate control_code_buffer
[   26.754451] chronyd invoked oom-killer: gfp_mask=0x140cca(GFP_HIGHUSER_MOVABLE|__GFP_COMP), order=0, oom_score_adj=0
[   26.755150] CPU: 0 UID: 985 PID: 275 Comm: chronyd Not tainted 6.18.0-rc1-5c13dde963df+ #1 PREEMPT(voluntary) 
[   26.755161] Hardware name: QEMU Standard PC (i440FX + PIIX, 1996), BIOS rel-1.16.0-0-gd239552ce722-prebuilt.qemu.org 04/01/2014
[   26.755166] Call Trace:
[   26.755169]  <TASK>
[   26.755173]  dump_stack_lvl+0x121/0x150
[   26.755192]  dump_stack+0x19/0x20
[   26.755200]  dump_header+0x10f/0x910
[   26.755213]  oom_kill_process+0x287/0xa40
[   26.755223]  out_of_memory+0x34c/0x1710
[   26.755235]  ? __pfx_out_of_memory+0x10/0x10
[   26.755250]  __alloc_pages_slowpath.constprop.0+0x1bc6/0x2270
[   26.755272]  ? __pfx___alloc_pages_slowpath.constprop.0+0x10/0x10
[   26.755280]  ? lock_is_held_type+0xef/0x150
[   26.755296]  ? lock_release+0x14f/0x2c0
[   26.755314]  __alloc_frozen_pages_noprof+0x5da/0x6e0
[   26.755321]  ? __sanitizer_cov_trace_const_cmp2+0x1c/0x30
[   26.755334]  ? alloc_pages_mpol+0x29c/0x4c0
[   26.755344]  ? __pfx___alloc_frozen_pages_noprof+0x10/0x10
[   26.755352]  ? __pfx_alloc_pages_mpol+0x10/0x10
[   26.755362]  ? __sanitizer_cov_trace_switch+0x58/0xa0
[   26.755376]  ? policy_nodemask+0xf9/0x450
[   26.755386]  alloc_pages_mpol+0x236/0x4c0
[   26.755399]  ? __pfx_alloc_pages_mpol+0x10/0x10
[   26.755410]  ? lock_is_held_type+0xef/0x150
[   26.755425]  ? filemap_get_entry+0x1c0/0x360
[   26.755439]  alloc_frozen_pages_noprof+0xa9/0x180
[   26.755451]  folio_alloc_noprof+0x2d/0x120
[   26.755461]  filemap_alloc_folio_noprof+0x3e0/0x470
[   26.755473]  ? __pfx_filemap_get_entry+0x10/0x10
[   26.755484]  ? __pfx_filemap_alloc_folio_noprof+0x10/0x10
[   26.755497]  ? down_read+0x142/0x4d0
[   26.755510]  __filemap_get_folio+0x432/0x8c0
[   26.755524]  filemap_fault+0x1782/0x2cf0
[   26.755538]  ? __pfx_filemap_fault+0x10/0x10
[   26.755551]  ? rcu_read_unlock+0x31/0xc0
[   26.755564]  __do_fault+0x115/0x870
[   26.755577]  do_fault+0xba6/0x1690
[   26.755592]  __handle_mm_fault+0x1a2a/0x2d70
[   26.755606]  ? __pfx___handle_mm_fault+0x10/0x10
[   26.755614]  ? lock_vma_under_rcu+0x192/0x550
[   26.755624]  ? lock_release+0x14f/0x2c0
[   26.755647]  handle_mm_fault+0x2de/0x920
[   26.755653]  ? __sanitizer_cov_trace_const_cmp8+0x1c/0x30
[   26.755669]  do_user_addr_fault+0x526/0xfe0
[   26.755679]  ? rcu_is_watching+0x19/0xc0
[   26.755691]  exc_page_fault+0xc9/0x1d0
[   26.755703]  asm_exc_page_fault+0x2b/0x30
[   26.755710] RIP: 0033:0x7fdcecd450cd
[   26.755728] Code: Unable to access opcode bytes at 0x7fdcecd450a3.
[   26.755731] RSP: 002b:00007ffca556ad80 EFLAGS: 00010246
[   26.755744] RAX: 0000000000000000 RBX: 00007ffca556ae70 RCX: 00007fdcecd450cd
[   26.755749] RDX: 0000000000000000 RSI: 00007ffca556af90 RDI: 000000000000000f
[   26.755753] RBP: 00007ffca556af90 R08: 00007ffca556ad90 R09: 0000000000000000
[   26.755757] R10: 00007ffca556ae90 R11: 0000000000000246 R12: 000000000000000f
[   26.755761] R13: 00007ffca556ad90 R14: 0000000000000000 R15: 0000000000000000
[   26.755781]  </TASK>
[   26.770162] Mem-Info:
[   26.770307] active_anon:5192 inactive_anon:53445 isolated_anon:0
[   26.770307]  active_file:15 inactive_file:2 isolated_file:0
[   26.770307]  unevictable:0 dirty:0 writeback:0
[   26.770307]  slab_reclaimable:4511 slab_unreclaimable:24245
[   26.770307]  mapped:198 shmem:41322 pagetables:1106
[   26.770307]  sec_pagetables:0 bounce:0
[   26.770307]  kernel_misc_reclaimable:0
[   26.770307]  free:71474 free_pcp:81 free_cma:0
[   26.772301] Node 0 active_anon:20768kB inactive_anon:213780kB active_file:60kB inactive_file:8kB unevictable:0kB isolated(anon):0kB isolated(file):0kB mapped:792kB dirty:0kB writeback:0kB shmem:165288kB shmem_thp:0kB shmem_pmdmapped:0kB anon_thp:0kB kernel_stack:8000kB pagetables:4424kB sec_pagetables:0kB all_unreclaimable? no Balloon:0kB
[   26.773851] Node 0 DMA free:13892kB boost:0kB min:444kB low:552kB high:660kB reserved_highatomic:0KB free_highatomic:0KB active_anon:4kB inactive_anon:1108kB active_file:0kB inactive_file:0kB unevictable:0kB writepending:0kB zspages:0kB present:15992kB managed:15360kB mlocked:0kB bounce:0kB free_pcp:12kB local_pcp:0kB free_cma:0kB
[   26.775366] lowmem_reserve[]: 0 1522 1522 1522 1522
[   26.775654] Node 0 DMA32 free:352140kB boost:0kB min:44608kB low:55760kB high:66912kB reserved_highatomic:0KB free_highatomic:0KB active_anon:20764kB inactive_anon:212672kB active_file:60kB inactive_file:8kB unevictable:0kB writepending:0kB zspages:0kB present:2080640kB managed:1559432kB mlocked:0kB bounce:0kB free_pcp:616kB local_pcp:4kB free_cma:0kB
[   26.777276] lowmem_reserve[]: 0 0 0 0 0
[   26.777506] Node 0 DMA: 4*4kB (UM) 5*8kB (UM) 5*16kB (UM) 5*32kB (UME) 5*64kB (UME) 4*128kB (UE) 6*256kB (UME) 6*512kB (UME) 4*1024kB (UE) 2*2048kB (U) 0*4096kB = 13928kB
[   26.778393] Node 0 DMA32: 489*4kB (UE) 370*8kB (UME) 652*16kB (UME) 405*32kB (UME) 148*64kB (UME) 85*128kB (UME) 64*256kB (UME) 35*512kB (UM) 26*1024kB (UM) 20*2048kB (U) 59*4096kB (U) = 392212kB
[   26.779372] Node 0 hugepages_total=0 hugepages_free=0 hugepages_surp=0 hugepages_size=1048576kB
[   26.779847] Node 0 hugepages_total=0 hugepages_free=0 hugepages_surp=0 hugepages_size=2048kB
[   26.780315] 41340 total pagecache pages
[   26.780531] 0 pages in swap cache
[   26.780721] Free swap  = 0kB
[   26.780892] Total swap = 0kB
[   26.781060] 524158 pages RAM
[   26.781227] 0 pages HighMem/MovableOnly
[   26.781476] 130460 pages reserved
[   26.781664] 0 pages cma reserved
[   26.781852] 0 pages hwpoisoned
[   26.782028] Tasks state (memory values in pages):
[   26.782292] [  pid  ]   uid  tgid total_vm      rss rss_anon rss_file rss_shmem pgtables_bytes swapents oom_score_adj name
[   26.782897] [    142]     0   142     5474      453      256       37       160    81920        0          -250 systemd-journal
[   26.783564] [    162]     0   162     7812      673      640       33         0    86016        0         -1000 systemd-udevd
[   26.784192] [    232]    32   232     3314      208      192       16         0    69632        0             0 rpcbind
[   26.784769] [    233]     0   233    22959      186      161       25         0    69632        0         -1000 auditd
[   26.785343] [    235]     0   235     1947       76       64       12         0    53248        0             0 sedispatch
[   26.785927] [    256]    81   256     2731      187      162       25         0    69632        0          -900 dbus-broker-lau
[   26.786540] [    257]    81   257     1316      177      151       26         0    49152        0          -900 dbus-broker
[   26.787153] [    258]     0   258    64478      887      864       23         0   147456        0             0 NetworkManager
[   26.787801] [    261]     0   261    19783       74       32       42         0    57344        0             0 irqbalance
[   26.788415] [    262]   992   262      678       67       32       35         0    45056        0             0 lsmd
[   26.788997] [    263]     0   263      700       67       32       35         0    53248        0             0 mcelog
[   26.789596] [    264]     0   264     4639      288      256       32         0    73728        0             0 systemd-logind
[   26.790250] [    266]     0   266     4496      278      224       54         0    73728        0             0 systemd-machine
[   26.790880] [    273]     0   273     4419      244      224       20         0    77824        0             0 systemd-hostnam
[   26.791510] [    275]   985   275    21097      153      132       21         0    69632        0             0 chronyd
[   26.792122] [    299]     0   299    39958      412      224       12       176    86016        0             0 rsyslogd
[   26.792718] [    301]     0   301     3951      345      320       25         0    73728        0         -1000 sshd
[   26.793299] [    302]     0   302    66148     3430     3410       20         0   147456        0             0 tuned
[   26.793884] [    305]     0   305    13748      223      187       36         0    90112        0             0 gssproxy
[   26.794508] [    318]     0   318   292078      592      576       16         0   262144        0             0 virtqemud
[   26.795107] [    323]     0   323     1169       69       32       37         0    45056        0             0 atd
[   26.795678] [    325]     0   325     2139      209      192       17         0    57344        0             0 crond
[   26.796276] [    338]     0   338      763       51       32       19         0    45056        0             0 agetty
[   26.796867] [    339]     0   339     1405       37       32        5         0    49152        0             0 agetty
[   26.797457] [    545]   998   545   644241     1064     1031       33         0   204800        0             0 polkitd
[   26.798047] [    590]     0   590     5110      497      448       49         0    86016        0           100 systemd
[   26.798636] [    591]     0   591    26400      958      950        8         0   102400        0           100 (sd-pam)
[   26.799233] [    694]     0   694     4798      454      448        6         0    86016        0             0 sshd
[   26.799817] [    696]     0   696     4798      510      479       31         0    81920        0             0 sshd
[   26.800395] [    697]     0   697     1782      108       64       44         0    57344        0             0 repro.sh
[   26.800990] [    722]     0   722     4736       36        0       36         0    40960        0             0 repro
[   26.801584] [    723]     0   723     4736       25        0       25         0    40960        0             0 repro
[   26.802174] [    724]     0   724     4736       31        0       31         0    40960        0             0 repro
[   26.802752] [    727]     0   727     4736       33        0       33         0    40960        0             0 repro
[   26.803335] [    728]     0   728     4736       27        0       27         0    40960        0             0 repro
[   26.803970] [    729]     0   729     4736       27        0       27         0    40960        0             0 repro
[   26.804554] [    731]     0   731     4736       18        0       18         0    40960        0             0 repro
[   26.805159] [    732]     0   732     4736       51        0       51         0    40960        0             0 repro
[   26.805741] [    733]     0   733     4736       27        0       27         0    40960        0             0 repro
[   26.806323] [    734]     0   734     7812      690      653       37         0    73728        0             0 systemd-udevd
[   26.806942] [    740]     0   740     7812      685      653       32         0    73728        0             0 systemd-udevd
[   26.807562] [    741]     0   741     7812      701      653       48         0    73728        0             0 systemd-udevd
[   26.808193] [    742]     0   742     7812      676      653       23         0    73728        0             0 systemd-udevd
[   26.808810] [    743]     0   743     7812      676      653       23         0    73728        0             0 systemd-udevd
[   26.809444] [    877]     0   877     4736       46        0       46         0    53248        0          1000 repro
[   26.810028] [    884]     0   884    38528      558      544       14         0    86016        0          1000 repro
[   26.810608] [    886]     0   886    38528      558      544       14         0    86016        0          1000 repro
[   26.811196] [    887]     0   887    38528      558      544       14         0    86016        0          1000 repro
[   26.811800] [    888]     0   888    38528      590      576       14         0    86016        0          1000 repro
[   26.812382] [    889]     0   889    38528      558      544       14         0    69632        0          1000 repro
[   26.812963] [    890]     0   890    38528      366      320       46         0    57344        0          1000 repro
[   26.813547] [    891]     0   891    38528      558      512       46         0    69632        0          1000 repro
[   26.814136] oom-kill:constraint=CONSTRAINT_NONE,nodemask=(null),cpuset=/,mems_allowed=0,global_oom,task_memcg=/user.slice/user-0.slice/session-6.scope,task=repro,pid=888,uid=0
[   26.815372] Out of memory: Killed process 888 (repro) total-vm:154112kB, anon-rss:2304kB, file-rss:56kB, shmem-rss:0kB, UID:0 pgtables:84kB oom_score_adj:1000
[   26.833466] kexec: Could not allocate control_code_buffer
[   28.207896] kexec: Could not allocate control_code_buffer
[   29.671653] kexec: Could not allocate control_code_buffer
[   30.542384] kexec: Could not allocate control_code_buffer
[   32.263296] warn_alloc: 7 callbacks suppressed
[   32.263311] repro: page allocation failure: order:0, mode:0x10cc0(GFP_KERNEL|__GFP_NORETRY), nodemask=(null),cpuset=/,mems_allowed=0
[   32.264281] CPU: 1 UID: 0 PID: 940 Comm: repro Not tainted 6.18.0-rc1-5c13dde963df+ #1 PREEMPT(voluntary) 
[   32.264291] Hardware name: QEMU Standard PC (i440FX + PIIX, 1996), BIOS rel-1.16.0-0-gd239552ce722-prebuilt.qemu.org 04/01/2014
[   32.264296] Call Trace:
[   32.264299]  <TASK>
[   32.264303]  dump_stack_lvl+0x121/0x150
[   32.264320]  dump_stack+0x19/0x20
[   32.264329]  warn_alloc+0x216/0x350
[   32.264341]  ? __pfx_warn_alloc+0x10/0x10
[   32.264347]  ? __pfx_try_to_free_pages+0x10/0x10
[   32.264372]  ? __this_cpu_preempt_check+0x21/0x30
[   32.264385]  ? __pfx___alloc_pages_direct_compact+0x10/0x10
[   32.264400]  __alloc_pages_slowpath.constprop.0+0x1356/0x2270
[   32.264415]  ? filelayout_read_count_stats+0x14/0x110
[   32.264430]  ? __pfx___alloc_pages_slowpath.constprop.0+0x10/0x10
[   32.264438]  ? lock_is_held_type+0xef/0x150
[   32.264452]  ? lock_release+0x14f/0x2c0
[   32.264470]  __alloc_frozen_pages_noprof+0x5da/0x6e0
[   32.264477]  ? asm_common_interrupt+0x2b/0x40
[   32.264489]  ? __pfx___alloc_frozen_pages_noprof+0x10/0x10
[   32.264500]  ? __sanitizer_cov_trace_switch+0x58/0xa0
[   32.264515]  ? policy_nodemask+0xf9/0x450
[   32.264527]  alloc_pages_mpol+0x236/0x4c0
[   32.264538]  ? __pfx_alloc_pages_mpol+0x10/0x10
[   32.264545]  ? asm_sysvec_apic_timer_interrupt+0x1f/0x30
[   32.264560]  alloc_frozen_pages_noprof+0xa9/0x180
[   32.264574]  alloc_pages_noprof+0x27/0xa0
[   32.264584]  kimage_alloc_pages+0x78/0x240
[   32.264595]  kimage_alloc_control_pages+0x1ca/0xa60
[   32.264609]  ? __pfx_kimage_alloc_control_pages+0x10/0x10
[   32.264617]  ? __sanitizer_cov_trace_cmp8+0x1c/0x30
[   32.264634]  do_kexec_load+0x39b/0x8c0
[   32.264641]  ? __might_fault+0xf1/0x1b0
[   32.264651]  ? __pfx_do_kexec_load+0x10/0x10
[   32.264660]  ? __sanitizer_cov_trace_const_cmp8+0x1c/0x30
[   32.264671]  ? _copy_from_user+0x75/0xa0
[   32.264686]  __x64_sys_kexec_load+0x1cc/0x240
[   32.264697]  x64_sys_call+0x1c84/0x2190
[   32.264705]  do_syscall_64+0x6d/0x450
[   32.264716]  entry_SYSCALL_64_after_hwframe+0x76/0x7e
[   32.264723] RIP: 0033:0x7f3ae4c3ee5d
[   32.264740] Code: Unable to access opcode bytes at 0x7f3ae4c3ee33.
[   32.264743] RSP: 002b:00007ffd80a21378 EFLAGS: 00000207 ORIG_RAX: 00000000000000f6
[   32.264750] RAX: ffffffffffffffda RBX: 0000000000000000 RCX: 00007f3ae4c3ee5d
[   32.264755] RDX: 0000200000000180 RSI: 0000000000000003 RDI: 0000000000000000
[   32.264759] RBP: 00007ffd80a21390 R08: 00007ffd80a20e00 R09: 00007ffd80a21390
[   32.264763] R10: 0000000000000000 R11: 0000000000000207 R12: 00007ffd80a214e8
[   32.264767] R13: 00000000004030f5 R14: 000000000040ee08 R15: 00007f3ae4f3d000
[   32.264783]  </TASK>
[   32.264786] Mem-Info:
[   32.278070] active_anon:5191 inactive_anon:55717 isolated_anon:0
[   32.278070]  active_file:17 inactive_file:25 isolated_file:0
[   32.278070]  unevictable:0 dirty:1 writeback:0
[   32.278070]  slab_reclaimable:4421 slab_unreclaimable:24718
[   32.278070]  mapped:219 shmem:43261 pagetables:1101
[   32.278070]  sec_pagetables:0 bounce:0
[   32.278070]  kernel_misc_reclaimable:0
[   32.278070]  free:12558 free_pcp:251 free_cma:0
[   32.280007] Node 0 active_anon:20764kB inactive_anon:222868kB active_file:152kB inactive_file:8kB unevictable:0kB isolated(anon):0kB isolated(file):0kB mapped:876kB dirty:4kB writeback:0kB shmem:173044kB shmem_thp:0kB shmem_pmdmapped:0kB anon_thp:0kB kernel_stack:7968kB pagetables:4404kB sec_pagetables:0kB all_unreclaimable? yes Balloon:0kB
[   32.281519] Node 0 DMA free:6528kB boost:0kB min:444kB low:552kB high:660kB reserved_highatomic:0KB free_highatomic:0KB active_anon:0kB inactive_anon:388kB active_file:44kB inactive_file:12kB unevictable:0kB writepending:0kB zspages:0kB present:15992kB managed:15360kB mlocked:0kB bounce:0kB free_pcp:0kB local_pcp:0kB free_cma:0kB
[   32.282982] lowmem_reserve[]: 0 1522 1522 1522 1522
[   32.283264] Node 0 DMA32 free:44460kB boost:0kB min:44608kB low:55760kB high:66912kB reserved_highatomic:0KB free_highatomic:0KB active_anon:20764kB inactive_anon:222508kB active_file:88kB inactive_file:0kB unevictable:0kB writepending:4kB zspages:0kB present:2080640kB managed:1559432kB mlocked:0kB bounce:0kB free_pcp:248kB local_pcp:0kB free_cma:0kB
[   32.284843] lowmem_reserve[]: 0 0 0 0 0
[   32.285070] Node 0 DMA: 7*4kB (UM) 6*8kB (UM) 7*16kB (UM) 4*32kB (UE) 4*64kB (UME) 3*128kB (ME) 2*256kB (ME) 2*512kB (UE) 2*1024kB (ME) 1*2048kB (U) 0*4096kB = 6588kB
[   32.285892] Node 0 DMA32: 3*4kB (UM) 64*8kB (UE) 55*16kB (UE) 367*32kB (UME) 151*64kB (UME) 51*128kB (UME) 35*256kB (UME) 4*512kB (UM) 2*1024kB (M) 1*2048kB (M) 0*4096kB = 44444kB
[   32.286782] Node 0 hugepages_total=0 hugepages_free=0 hugepages_surp=0 hugepages_size=1048576kB
[   32.287236] Node 0 hugepages_total=0 hugepages_free=0 hugepages_surp=0 hugepages_size=2048kB
[   32.287681] 43324 total pagecache pages
[   32.287924] 0 pages in swap cache
[   32.288112] Free swap  = 0kB
[   32.288278] Total swap = 0kB
[   32.288446] 524158 pages RAM
[   32.288613] 0 pages HighMem/MovableOnly
[   32.288825] 130460 pages reserved
[   32.289009] 0 pages cma reserved
[   32.289192] 0 pages hwpoisoned
[   32.367712] kexec: Could not allocate control_code_buffer
[   34.149491] kexec: Could not allocate control_code_buffer
[   35.073229] kexec: Could not allocate control_code_buffer
[   36.230110] kexec: Could not allocate control_code_buffer
[   37.884342] kexec: Could not allocate control_code_buffer
[   38.548077] kexec: Could not allocate control_code_buffer
[   39.612178] kexec: Could not allocate control_code_buffer
[   40.621177] kexec: Could not allocate control_code_buffer
[   42.017368] kexec: Could not allocate control_code_buffer
[   43.195054] warn_alloc: 8 callbacks suppressed
[   43.195069] repro: page allocation failure: order:0, mode:0x10cc0(GFP_KERNEL|__GFP_NORETRY), nodemask=(null),cpuset=/,mems_allowed=0
[   43.196021] CPU: 1 UID: 0 PID: 1084 Comm: repro Not tainted 6.18.0-rc1-5c13dde963df+ #1 PREEMPT(voluntary) 
[   43.196031] Hardware name: QEMU Standard PC (i440FX + PIIX, 1996), BIOS rel-1.16.0-0-gd239552ce722-prebuilt.qemu.org 04/01/2014
[   43.196036] Call Trace:
[   43.196039]  <TASK>
[   43.196043]  dump_stack_lvl+0x121/0x150
[   43.196062]  dump_stack+0x19/0x20
[   43.196070]  warn_alloc+0x216/0x350
[   43.196086]  ? __pfx_warn_alloc+0x10/0x10
[   43.196101]  ? __pfx___alloc_pages_direct_compact+0x10/0x10
[   43.196108]  ? __drain_all_pages+0x27d/0x480
[   43.196125]  __alloc_pages_slowpath.constprop.0+0x1356/0x2270
[   43.196140]  ? filelayout_read_count_stats+0x14/0x110
[   43.196155]  ? __pfx___alloc_pages_slowpath.constprop.0+0x10/0x10
[   43.196163]  ? lock_is_held_type+0xef/0x150
[   43.196178]  ? lock_release+0x14f/0x2c0
[   43.196196]  __alloc_frozen_pages_noprof+0x5da/0x6e0
[   43.196203]  ? asm_sysvec_apic_timer_interrupt+0x1f/0x30
[   43.196215]  ? __pfx___alloc_frozen_pages_noprof+0x10/0x10
[   43.196226]  ? __sanitizer_cov_trace_switch+0x58/0xa0
[   43.196242]  ? policy_nodemask+0xf9/0x450
[   43.196253]  alloc_pages_mpol+0x236/0x4c0
[   43.196264]  ? __pfx_alloc_pages_mpol+0x10/0x10
[   43.196273]  ? irqentry_exit+0x3e/0xa0
[   43.196282]  ? sysvec_reschedule_ipi+0xf2/0x100
[   43.196304]  alloc_frozen_pages_noprof+0xa9/0x180
[   43.196316]  alloc_pages_noprof+0x27/0xa0
[   43.196326]  kimage_alloc_pages+0x78/0x240
[   43.196338]  kimage_alloc_control_pages+0x1ca/0xa60
[   43.196353]  ? __pfx_kimage_alloc_control_pages+0x10/0x10
[   43.196361]  ? __sanitizer_cov_trace_cmp8+0x1c/0x30
[   43.196378]  do_kexec_load+0x39b/0x8c0
[   43.196388]  ? __might_fault+0xf1/0x1b0
[   43.196399]  ? __pfx_do_kexec_load+0x10/0x10
[   43.196408]  ? __sanitizer_cov_trace_const_cmp8+0x1c/0x30
[   43.196418]  ? _copy_from_user+0x75/0xa0
[   43.196434]  __x64_sys_kexec_load+0x1cc/0x240
[   43.196445]  x64_sys_call+0x1c84/0x2190
[   43.196453]  do_syscall_64+0x6d/0x450
[   43.196464]  entry_SYSCALL_64_after_hwframe+0x76/0x7e
[   43.196473] RIP: 0033:0x7f3ae4c3ee5d
[   43.196488] Code: Unable to access opcode bytes at 0x7f3ae4c3ee33.
[   43.196491] RSP: 002b:00007ffd80a21378 EFLAGS: 00000207 ORIG_RAX: 00000000000000f6
[   43.196498] RAX: ffffffffffffffda RBX: 0000000000000000 RCX: 00007f3ae4c3ee5d
[   43.196502] RDX: 0000200000000180 RSI: 0000000000000003 RDI: 0000000000000000
[   43.196507] RBP: 00007ffd80a21390 R08: 00007ffd80a20e00 R09: 00007ffd80a21390
[   43.196511] R10: 0000000000000000 R11: 0000000000000207 R12: 00007ffd80a214e8
[   43.196515] R13: 00000000004030f5 R14: 000000000040ee08 R15: 00007f3ae4f3d000
[   43.196531]  </TASK>
[   43.196534] Mem-Info:
[   43.209350] active_anon:5190 inactive_anon:55975 isolated_anon:0
[   43.209350]  active_file:109 inactive_file:534 isolated_file:0
[   43.209350]  unevictable:0 dirty:2 writeback:0
[   43.209350]  slab_reclaimable:4406 slab_unreclaimable:24391
[   43.209350]  mapped:233 shmem:44001 pagetables:1082
[   43.209350]  sec_pagetables:0 bounce:0
[   43.209350]  kernel_misc_reclaimable:0
[   43.209350]  free:12771 free_pcp:0 free_cma:0
[   43.211291] Node 0 active_anon:20760kB inactive_anon:223900kB active_file:436kB inactive_file:2136kB unevictable:0kB isolated(anon):0kB isolated(file):0kB mapped:932kB dirty:8kB writeback:0kB shmem:176004kB shmem_thp:0kB shmem_pmdmapped:0kB anon_thp:0kB kernel_stack:7936kB pagetables:4328kB sec_pagetables:0kB all_unreclaimable? no Balloon:0kB
[   43.212848] Node 0 DMA free:6480kB boost:0kB min:444kB low:552kB high:660kB reserved_highatomic:0KB free_highatomic:0KB active_anon:4kB inactive_anon:364kB active_file:0kB inactive_file:0kB unevictable:0kB writepending:0kB zspages:0kB present:15992kB managed:15360kB mlocked:0kB bounce:0kB free_pcp:0kB local_pcp:0kB free_cma:0kB
[   43.214324] lowmem_reserve[]: 0 1522 1522 1522 1522
[   43.214607] Node 0 DMA32 free:44604kB boost:0kB min:44608kB low:55760kB high:66912kB reserved_highatomic:0KB free_highatomic:0KB active_anon:20756kB inactive_anon:223368kB active_file:436kB inactive_file:2072kB unevictable:0kB writepending:8kB zspages:0kB present:2080640kB managed:1559432kB mlocked:0kB bounce:0kB free_pcp:0kB local_pcp:0kB free_cma:0kB
[   43.216203] lowmem_reserve[]: 0 0 0 0 0
[   43.216433] Node 0 DMA: 4*4kB (UM) 3*8kB (UM) 9*16kB (M) 6*32kB (M) 6*64kB (M) 7*128kB (UM) 5*256kB (UM) 3*512kB (UM) 2*1024kB (M) 0*2048kB 0*4096kB = 6520kB
[   43.217224] Node 0 DMA32: 4*4kB (M) 114*8kB (ME) 648*16kB (ME) 320*32kB (UME) 151*64kB (UME) 45*128kB (UME) 24*256kB (UME) 3*512kB (UM) 0*1024kB 0*2048kB 0*4096kB = 44640kB
[   43.218080] Node 0 hugepages_total=0 hugepages_free=0 hugepages_surp=0 hugepages_size=1048576kB
[   43.218541] Node 0 hugepages_total=0 hugepages_free=0 hugepages_surp=0 hugepages_size=2048kB
[   43.218986] 44656 total pagecache pages
[   43.219202] 0 pages in swap cache
[   43.219389] Free swap  = 0kB
[   43.219555] Total swap = 0kB
[   43.219720] 524158 pages RAM
[   43.219904] 0 pages HighMem/MovableOnly
[   43.220118] 130460 pages reserved
[   43.220304] 0 pages cma reserved
[   43.220490] 0 pages hwpoisoned
[   43.298830] kexec: Could not allocate control_code_buffer
[   44.687500] kexec: Could not allocate control_code_buffer
[   46.080670] kexec: Could not allocate control_code_buffer
[   46.827567] kexec: Could not allocate control_code_buffer
[   47.776849] kexec: Could not allocate control_code_buffer
[   49.569162] kexec: Could not allocate control_code_buffer
[   51.263151] kexec: Could not allocate control_code_buffer
[   52.699753] kexec: Could not allocate control_code_buffer
[   53.137745] repro invoked oom-killer: gfp_mask=0x140cca(GFP_HIGHUSER_MOVABLE|__GFP_COMP), order=0, oom_score_adj=1000
[   53.138467] CPU: 0 UID: 0 PID: 1222 Comm: repro Not tainted 6.18.0-rc1-5c13dde963df+ #1 PREEMPT(voluntary) 
[   53.138478] Hardware name: QEMU Standard PC (i440FX + PIIX, 1996), BIOS rel-1.16.0-0-gd239552ce722-prebuilt.qemu.org 04/01/2014
[   53.138484] Call Trace:
[   53.138488]  <TASK>
[   53.138493]  dump_stack_lvl+0x121/0x150
[   53.138513]  dump_stack+0x19/0x20
[   53.138523]  dump_header+0x10f/0x910
[   53.138540]  oom_kill_process+0x287/0xa40
[   53.138553]  out_of_memory+0x34c/0x1710
[   53.138574]  ? __pfx_out_of_memory+0x10/0x10
[   53.138593]  __alloc_pages_slowpath.constprop.0+0x1bc6/0x2270
[   53.138623]  ? __pfx___alloc_pages_slowpath.constprop.0+0x10/0x10
[   53.138633]  ? lock_is_held_type+0xef/0x150
[   53.138653]  ? lock_release+0x14f/0x2c0
[   53.138676]  __alloc_frozen_pages_noprof+0x5da/0x6e0
[   53.138690]  ? __pfx___alloc_frozen_pages_noprof+0x10/0x10
[   53.138705]  ? __sanitizer_cov_trace_switch+0x58/0xa0
[   53.138724]  ? policy_nodemask+0xf9/0x450
[   53.138739]  alloc_pages_mpol+0x236/0x4c0
[   53.138753]  ? __pfx_alloc_pages_mpol+0x10/0x10
[   53.138774]  folio_alloc_mpol_noprof+0x44/0x120
[   53.138789]  shmem_alloc_folio+0x128/0x150
[   53.138802]  shmem_alloc_and_add_folio+0x40d/0xad0
[   53.138824]  ? __pfx_shmem_alloc_and_add_folio+0x10/0x10
[   53.138838]  ? finish_task_switch.isra.0+0x23c/0x990
[   53.138867]  shmem_get_folio_gfp+0x595/0x1350
[   53.138887]  ? __pfx_shmem_get_folio_gfp+0x10/0x10
[   53.138908]  shmem_write_begin+0x17b/0x480
[   53.138926]  ? __pfx_shmem_write_begin+0x10/0x10
[   53.138936]  ? balance_dirty_pages_ratelimited_flags+0x9b/0x12a0
[   53.138960]  generic_perform_write+0x438/0x920
[   53.138986]  ? __pfx_generic_perform_write+0x10/0x10
[   53.139004]  ? __sanitizer_cov_trace_const_cmp4+0x1a/0x20
[   53.139018]  ? mnt_put_write_access_file+0x5c/0x110
[   53.139040]  shmem_file_write_iter+0x11b/0x150
[   53.139059]  vfs_write+0xc6d/0x11f0
[   53.139080]  ? __pfx_shmem_file_write_iter+0x10/0x10
[   53.139098]  ? __pfx_vfs_write+0x10/0x10
[   53.139133]  ksys_write+0x14e/0x280
[   53.139147]  ? __pfx_ksys_write+0x10/0x10
[   53.139161]  ? __audit_syscall_entry+0x393/0x4f0
[   53.139176]  __x64_sys_write+0x7b/0xc0
[   53.139186]  ? syscall_trace_enter+0x14d/0x250
[   53.139206]  x64_sys_call+0x16f8/0x2190
[   53.139217]  do_syscall_64+0x6d/0x450
