c[?7l[2J[0mSeaBIOS (version rel-1.16.0-0-gd239552ce722-prebuilt.qemu.org)


iPXE (http://ipxe.org) 00:03.0 CA00 PCI2.10 PnP PMM+7FF91000+7FEF1000 CA00
Press Ctrl-B to configure iPXE (PCI 00:03.0)...                                                                               


Booting from ROM...
c[?7l[2J[    0.000000] Linux version 6.18.0-rc1-77c475692c5e+ (root@p-arls02) (gcc (GCC) 11.5.0 20240719 (Red Hat 11.5.0-14), GNU ld version 2.35.2-68.el9) #1 SMP PREEMPT_DYNAMIC Fri Dec  5 02:40:45 CST 2025
[    0.000000] Command line: console=ttyS0 root=/dev/sda earlyprintk=serial net.ifnames=0 plymouth.enable=0
[    0.000000] KERNEL supported cpus:
[    0.000000]   Intel GenuineIntel
[    0.000000]   AMD AuthenticAMD
[    0.000000]   Hygon HygonGenuine
[    0.000000]   Centaur CentaurHauls
[    0.000000]   zhaoxin   Shanghai  
[    0.000000] x86/CPU: Model not found in latest microcode list
[    0.000000] x86/split lock detection: #DB: warning on user-space bus_locks
[    0.000000] BIOS-provided physical RAM map:
[    0.000000] BIOS-e820: [mem 0x0000000000000000-0x000000000009fbff] usable
[    0.000000] BIOS-e820: [mem 0x000000000009fc00-0x000000000009ffff] reserved
[    0.000000] BIOS-e820: [mem 0x00000000000f0000-0x00000000000fffff] reserved
[    0.000000] BIOS-e820: [mem 0x0000000000100000-0x000000007ffdffff] usable
[    0.000000] BIOS-e820: [mem 0x000000007ffe0000-0x000000007fffffff] reserved
[    0.000000] BIOS-e820: [mem 0x00000000feffc000-0x00000000feffffff] reserved
[    0.000000] BIOS-e820: [mem 0x00000000fffc0000-0x00000000ffffffff] reserved
[    0.000000] printk: legacy bootconsole [earlyser0] enabled
[    0.000000] NX (Execute Disable) protection: active
[    0.000000] APIC: Static calls initialized
[    0.000000] SMBIOS 2.8 present.
[    0.000000] DMI: QEMU Standard PC (i440FX + PIIX, 1996), BIOS rel-1.16.0-0-gd239552ce722-prebuilt.qemu.org 04/01/2014
[    0.000000] DMI: Memory slots populated: 1/1
[    0.000000] Hypervisor detected: KVM
[    0.000000] last_pfn = 0x7ffe0 max_arch_pfn = 0x400000000
[    0.000000] kvm-clock: Using msrs 4b564d01 and 4b564d00
[    0.000004] kvm-clock: using sched offset of 933428723 cycles
[    0.000408] clocksource: kvm-clock: mask: 0xffffffffffffffff max_cycles: 0x1cd42e4dffb, max_idle_ns: 881590591483 ns
[    0.001650] tsc: Detected 1267.200 MHz processor
[    0.007760] last_pfn = 0x7ffe0 max_arch_pfn = 0x400000000
[    0.008208] MTRR map: 4 entries (3 fixed + 1 variable; max 19), built from 8 variable MTRRs
[    0.008841] x86/PAT: Configuration [0-7]: WB  WC  UC- UC  WB  WP  UC- WT  
[    0.018150] found SMP MP-table at [mem 0x000f5ba0-0x000f5baf]
[    0.018636] Using GB pages for direct mapping
[    0.020735] ACPI: Early table checksum verification disabled
[    0.021168] ACPI: RSDP 0x00000000000F59C0 000014 (v00 BOCHS )
[    0.021621] ACPI: RSDT 0x000000007FFE1951 000034 (v01 BOCHS  BXPC     00000001 BXPC 00000001)
[    0.022288] ACPI: FACP 0x000000007FFE17FD 000074 (v01 BOCHS  BXPC     00000001 BXPC 00000001)
[    0.022956] ACPI: DSDT 0x000000007FFE0040 0017BD (v01 BOCHS  BXPC     00000001 BXPC 00000001)
[    0.023619] ACPI: FACS 0x000000007FFE0000 000040
[    0.023988] ACPI: APIC 0x000000007FFE1871 000080 (v01 BOCHS  BXPC     00000001 BXPC 00000001)
[    0.024652] ACPI: HPET 0x000000007FFE18F1 000038 (v01 BOCHS  BXPC     00000001 BXPC 00000001)
[    0.025312] ACPI: WAET 0x000000007FFE1929 000028 (v01 BOCHS  BXPC     00000001 BXPC 00000001)
[    0.025971] ACPI: Reserving FACP table memory at [mem 0x7ffe17fd-0x7ffe1870]
[    0.026512] ACPI: Reserving DSDT table memory at [mem 0x7ffe0040-0x7ffe17fc]
[    0.027048] ACPI: Reserving FACS table memory at [mem 0x7ffe0000-0x7ffe003f]
[    0.027587] ACPI: Reserving APIC table memory at [mem 0x7ffe1871-0x7ffe18f0]
[    0.028126] ACPI: Reserving HPET table memory at [mem 0x7ffe18f1-0x7ffe1928]
[    0.028663] ACPI: Reserving WAET table memory at [mem 0x7ffe1929-0x7ffe1950]
[    0.029657] No NUMA configuration found
[    0.029953] Faking a node at [mem 0x0000000000000000-0x000000007ffdffff]
[    0.030498] NODE_DATA(0) allocated [mem 0x7ffb4ec0-0x7ffdfcbf]
[    0.031507] Zone ranges:
[    0.031688]   DMA      [mem 0x0000000000001000-0x0000000000ffffff]
[    0.032159]   DMA32    [mem 0x0000000001000000-0x000000007ffdffff]
[    0.032631]   Normal   empty
[    0.032853]   Device   empty
[    0.033073] Movable zone start for each node
[    0.033414] Early memory node ranges
[    0.033685]   node   0: [mem 0x0000000000001000-0x000000000009efff]
[    0.034157]   node   0: [mem 0x0000000000100000-0x000000007ffdffff]
[    0.034631] Initmem setup node 0 [mem 0x0000000000001000-0x000000007ffdffff]
[    0.058897] On node 0, zone DMA: 1 pages in unavailable ranges
[    0.059699] On node 0, zone DMA: 97 pages in unavailable ranges
[    0.106029] On node 0, zone DMA32: 32 pages in unavailable ranges
[    0.646102] KernelAddressSanitizer initialized (generic)
[    0.646790] ACPI: PM-Timer IO Port: 0x608
[    0.647119] ACPI: LAPIC_NMI (acpi_id[0xff] dfl dfl lint[0x1])
[    0.647601] IOAPIC[0]: apic_id 0, version 17, address 0xfec00000, GSI 0-23
[    0.648131] ACPI: INT_SRC_OVR (bus 0 bus_irq 0 global_irq 2 dfl dfl)
[    0.648608] ACPI: INT_SRC_OVR (bus 0 bus_irq 5 global_irq 5 high level)
[    0.649098] ACPI: INT_SRC_OVR (bus 0 bus_irq 9 global_irq 9 high level)
[    0.649590] ACPI: INT_SRC_OVR (bus 0 bus_irq 10 global_irq 10 high level)
[    0.650091] ACPI: INT_SRC_OVR (bus 0 bus_irq 11 global_irq 11 high level)
[    0.650604] ACPI: Using ACPI (MADT) for SMP configuration information
[    0.651081] ACPI: HPET id: 0x8086a201 base: 0xfed00000
[    0.651479] TSC deadline timer available
[    0.651769] CPU topo: Max. logical packages:   1
[    0.652111] CPU topo: Max. logical dies:       1
[    0.652454] CPU topo: Max. dies per package:   1
[    0.652801] CPU topo: Max. threads per core:   1
[    0.653143] CPU topo: Num. cores per package:     2
[    0.653507] CPU topo: Num. threads per package:   2
[    0.653869] CPU topo: Allowing 2 present CPUs plus 0 hotplug CPUs
[    0.654378] kvm-guest: APIC: eoi() replaced with kvm_guest_apic_eoi_write()
[    0.654943] kvm-guest: KVM setup pv remote TLB flush
[    0.655327] kvm-guest: setup PV sched yield
[    0.655671] PM: hibernation: Registered nosave memory: [mem 0x00000000-0x00000fff]
[    0.656238] PM: hibernation: Registered nosave memory: [mem 0x0009f000-0x000fffff]
[    0.656803] [mem 0x80000000-0xfeffbfff] available for PCI devices
[    0.657256] Booting paravirtualized kernel on KVM
[    0.657611] clocksource: refined-jiffies: mask: 0xffffffff max_cycles: 0xffffffff, max_idle_ns: 7645519600211568 ns
[    0.658398] setup_percpu: NR_CPUS:8192 nr_cpumask_bits:2 nr_cpu_ids:2 nr_node_ids:1
[    0.661285] percpu: Embedded 80 pages/cpu s290816 r8192 d28672 u1048576
[    0.661950] kvm-guest: PV spinlocks enabled
[    0.662275] PV qspinlock hash table entries: 256 (order: 0, 4096 bytes, linear)
[    0.662833] Kernel command line: net.ifnames=0 console=ttyS0 root=/dev/sda earlyprintk=serial net.ifnames=0 plymouth.enable=0
[    0.663978] random: crng init done
[    0.664247] printk: log buffer data + meta data: 262144 + 917504 = 1179648 bytes
[    0.666893] Dentry cache hash table entries: 262144 (order: 9, 2097152 bytes, linear)
[    0.668794] Inode-cache hash table entries: 131072 (order: 8, 1048576 bytes, linear)
[    0.669724] Fallback order for Node 0: 0 
[    0.669734] Built 1 zonelists, mobility grouping on.  Total pages: 524158
[    0.670499] Policy zone: DMA32
[    0.670721] mem auto-init: stack:off, heap alloc:off, heap free:off
[    0.671172] stackdepot: allocating hash table via alloc_large_system_hash
[    0.671661] stackdepot hash table entries: 1048576 (order: 12, 16777216 bytes, linear)
[    0.687666] stackdepot: allocating space for 8192 stack pools via memblock
[    0.730751] SLUB: HWalign=64, Order=0-3, MinObjects=0, CPUs=2, Nodes=1
[    0.731236] kmemleak: Kernel memory leak detector disabled
[    0.766478] ftrace: allocating 74646 entries in 292 pages
[    0.766886] ftrace: allocated 292 pages with 3 groups
[    0.771300] Dynamic Preempt: voluntary
[    0.772029] Running RCU self tests
[    0.772282] Running RCU synchronous self tests
[    0.772600] rcu: Preemptible hierarchical RCU implementation.
[    0.773007] rcu: 	RCU lockdep checking is enabled.
[    0.773351] rcu: 	RCU restricting CPUs from NR_CPUS=8192 to nr_cpu_ids=2.
[    0.773834] 	Trampoline variant of Tasks RCU enabled.
[    0.774198] 	Rude variant of Tasks RCU enabled.
[    0.774525] 	Tracing variant of Tasks RCU enabled.
[    0.774861] rcu: RCU calculated value of scheduler-enlistment delay is 25 jiffies.
[    0.775413] rcu: Adjusting geometry for rcu_fanout_leaf=16, nr_cpu_ids=2
[    0.775975] Running RCU synchronous self tests
[    0.776303] RCU Tasks: Setting shift to 1 and lim to 1 rcu_task_cb_adjust=1 rcu_task_cpu_ids=2.
[    0.776929] RCU Tasks Rude: Setting shift to 1 and lim to 1 rcu_task_cb_adjust=1 rcu_task_cpu_ids=2.
[    0.777582] RCU Tasks Trace: Setting shift to 1 and lim to 1 rcu_task_cb_adjust=1 rcu_task_cpu_ids=2.
[    0.837359] NR_IRQS: 524544, nr_irqs: 440, preallocated irqs: 16
[    0.838333] rcu: srcu_init: Setting srcu_struct sizes based on contention.
[    0.844943] Console: colour VGA+ 80x25
[    0.845285] printk: legacy console [ttyS0] enabled
[    0.845285] printk: legacy console [ttyS0] enabled
[    0.845983] printk: legacy bootconsole [earlyser0] disabled
[    0.845983] printk: legacy bootconsole [earlyser0] disabled
[    0.846807] Lock dependency validator: Copyright (c) 2006 Red Hat, Inc., Ingo Molnar
[    0.847374] ... MAX_LOCKDEP_SUBCLASSES:  8
[    0.847679] ... MAX_LOCK_DEPTH:          48
[    0.847990] ... MAX_LOCKDEP_KEYS:        8192
[    0.848325] ... CLASSHASH_SIZE:          4096
[    0.848649] ... MAX_LOCKDEP_ENTRIES:     524288
[    0.848984] ... MAX_LOCKDEP_CHAINS:      524288
[    0.849326] ... CHAINHASH_SIZE:          262144
[    0.849663]  memory used by lock dependency info: 54145 kB
[    0.850067]  memory used for stack traces: 4224 kB
[    0.850426]  per task-struct memory footprint: 1920 bytes
[    0.850912] ACPI: Core revision 20250807
[    0.851571] clocksource: hpet: mask: 0xffffffff max_cycles: 0xffffffff, max_idle_ns: 19112604467 ns
[    0.852406] APIC: Switch to symmetric I/O mode setup
[    0.853026] x2apic enabled
[    0.853559] APIC: Switched APIC routing to: physical x2apic
[    0.853970] kvm-guest: APIC: send_IPI_mask() replaced with kvm_send_ipi_mask()
[    0.854514] kvm-guest: APIC: send_IPI_mask_allbutself() replaced with kvm_send_ipi_mask_allbutself()
[    0.855185] kvm-guest: setup PV IPIs
[    0.856377] ..TIMER: vector=0x30 apic1=0 pin1=2 apic2=-1 pin2=-1
[    0.856843] clocksource: tsc-early: mask: 0xffffffffffffffff max_cycles: 0x12441513526, max_idle_ns: 440795239872 ns
[    0.857625] Calibrating delay loop (skipped) preset value.. 2534.40 BogoMIPS (lpj=5068800)
[    0.858361] CPU0: Thermal monitoring enabled (TM1)
[    0.858729] x86/cpu: User Mode Instruction Prevention (UMIP) activated
[    0.859320] Last level iTLB entries: 4KB 0, 2MB 0, 4MB 0
[    0.859715] Last level dTLB entries: 4KB 0, 2MB 0, 4MB 0, 1GB 0
[    0.860174] mitigations: Enabled attack vectors: user_kernel, user_user, guest_host, guest_guest, SMT mitigations: auto
[    0.861641] Speculative Store Bypass: Mitigation: Speculative Store Bypass disabled via prctl
[    0.862263] Spectre V2 : Mitigation: Enhanced / Automatic IBRS
[    0.862689] ITS: Mitigation: Aligned branch/return thunks
[    0.863092] Spectre V1 : Mitigation: usercopy/swapgs barriers and __user pointer sanitization
[    0.863711] Spectre V2 : WARNING: Unprivileged eBPF is enabled with eIBRS on, data leaks possible via Spectre v2 BHB attacks!
[    0.864524] Spectre V2 : Spectre v2 / PBRSB-eIBRS: Retire a single CALL on VMEXIT
[    0.865617] Spectre V2 : mitigation: Enabling conditional Indirect Branch Prediction Barrier
[    0.866210] active return thunk: its_return_thunk
[    0.866554] Spectre V2 : Spectre BHI mitigation: SW BHB clearing on syscall and VM exit
[    0.867158] x86/fpu: Supporting XSAVE feature 0x001: 'x87 floating point registers'
[    0.867721] x86/fpu: Supporting XSAVE feature 0x002: 'SSE registers'
[    0.868174] x86/fpu: Supporting XSAVE feature 0x004: 'AVX registers'
[    0.868637] x86/fpu: Supporting XSAVE feature 0x200: 'Protection Keys User registers'
[    0.869205] x86/fpu: xstate_offset[2]:  576, xstate_sizes[2]:  256
[    0.869613] x86/fpu: xstate_offset[9]:  832, xstate_sizes[9]:    8
[    0.870154] x86/fpu: Enabled xstate features 0x207, context size is 840 bytes, using 'compacted' format.
[    0.994267] Freeing SMP alternatives memory: 64K
[    0.994663] pid_max: default: 32768 minimum: 301
[    0.995283] LSM: initializing lsm=capability,yama,ima,evm
[    0.995803] Yama: becoming mindful.
[    0.996460] Mount-cache hash table entries: 4096 (order: 3, 32768 bytes, linear)
[    0.997016] Mountpoint-cache hash table entries: 4096 (order: 3, 32768 bytes, linear)
[    0.999157] Running RCU synchronous self tests
[    0.999513] Running RCU synchronous self tests
[    1.000241] smpboot: CPU0: Genuine Intel(R) 0000 @ (family: 0x6, model: 0xc6, stepping: 0x0)
[    1.001609] Performance Events: unsupported CPU family 6 model 198 no PMU driver, software events only.
[    1.001609] signal: max sigframe size: 3632
[    1.001609] rcu: Hierarchical SRCU implementation.
[    1.001609] rcu: 	Max phase no-delay instances is 1000.
[    1.001609] Timer migration: 1 hierarchy levels; 8 children per group; 1 crossnode level
[    1.012358] NMI watchdog: Perf NMI watchdog permanently disabled
[    1.013066] smp: Bringing up secondary CPUs ...
[    1.014179] smpboot: x86: Booting SMP configuration:
[    1.014580] .... node  #0, CPUs:      #1
[    1.014867] smp: Brought up 1 node, 2 CPUs
[    1.014867] smpboot: Total of 2 processors activated (5068.80 BogoMIPS)
[    1.018079] Memory: 1541060K/2096632K available (79902K kernel code, 15394K rwdata, 18468K rodata, 16236K init, 68400K bss, 544140K reserved, 0K cma-reserved)
[    1.020873] devtmpfs: initialized
[    1.022368] x86/mm: Memory block size: 128MB
[    1.031875] Running RCU synchronous self tests
[    1.031875] Running RCU synchronous self tests
[    1.033801] Running RCU Tasks wait API self tests
[    1.034450] Running RCU Tasks Rude wait API self tests
[    1.034450] Running RCU Tasks Trace wait API self tests
[    1.053673] clocksource: jiffies: mask: 0xffffffff max_cycles: 0xffffffff, max_idle_ns: 7645041785100000 ns
[    1.054492] posixtimers hash table entries: 1024 (order: 4, 73728 bytes, linear)
[    1.055167] futex hash table entries: 512 (65536 bytes on 1 NUMA nodes, total 64 KiB, linear).
[    1.058001] pinctrl core: initialized pinctrl subsystem
[    1.059588] 
[    1.059715] *************************************************************
[    1.060211] **     NOTICE NOTICE NOTICE NOTICE NOTICE NOTICE NOTICE    **
[    1.060700] **                                                         **
[    1.061199] **  IOMMU DebugFS SUPPORT HAS BEEN ENABLED IN THIS KERNEL  **
[    1.061617] **                                                         **
[    1.062105] ** This means that this kernel is built to expose internal **
[    1.062597] ** IOMMU data structures, which may compromise security on **
[    1.063086] ** your system.                                            **
[    1.063581] **                                                         **
[    1.064072] ** If you see this message and you are not debugging the   **
[    1.064567] ** kernel, report this immediately to your vendor!         **
[    1.065056] **                                                         **
[    1.065549] **     NOTICE NOTICE NOTICE NOTICE NOTICE NOTICE NOTICE    **
[    1.065614] *************************************************************
[    1.066203] PM: RTC time: 18:43:34, date: 2025-12-04
[    1.070932] NET: Registered PF_NETLINK/PF_ROUTE protocol family
[    1.072702] DMA: preallocated 256 KiB GFP_KERNEL pool for atomic allocations
[    1.073223] DMA: preallocated 256 KiB GFP_KERNEL|GFP_DMA pool for atomic allocations
[    1.073650] DMA: preallocated 256 KiB GFP_KERNEL|GFP_DMA32 pool for atomic allocations
[    1.074306] audit: initializing netlink subsys (disabled)
[    1.074833] audit: type=2000 audit(1764873814.410:1): state=initialized audit_enabled=0 res=1
[    1.075840] thermal_sys: Registered thermal governor 'fair_share'
[    1.075848] thermal_sys: Registered thermal governor 'bang_bang'
[    1.077624] thermal_sys: Registered thermal governor 'step_wise'
[    1.078063] thermal_sys: Registered thermal governor 'user_space'
[    1.078590] cpuidle: using governor ladder
[    1.078590] cpuidle: using governor menu
[    1.078590] acpiphp: ACPI Hot Plug PCI Controller Driver version: 0.5
[    1.082109] PCI: Using configuration type 1 for base access
[    1.082763] kprobes: kprobe jump-optimization is enabled. All kprobes are optimized if possible.
[    1.090782] HugeTLB: registered 1.00 GiB page size, pre-allocated 0 pages
[    1.091291] HugeTLB: 16380 KiB vmemmap can be freed for a 1.00 GiB page
[    1.091776] HugeTLB: registered 2.00 MiB page size, pre-allocated 0 pages
[    1.092264] HugeTLB: 28 KiB vmemmap can be freed for a 2.00 MiB page
[    1.204514] Callback from call_rcu_tasks_trace() invoked.
[    1.210983] ACPI: Added _OSI(Module Device)
[    1.211374] ACPI: Added _OSI(Processor Device)
[    1.211722] ACPI: Added _OSI(Processor Aggregator Device)
[    1.225907] ACPI: 1 ACPI AML tables successfully acquired and loaded
[    1.241845] ACPI: Interpreter enabled
[    1.242764] ACPI: PM: (supports S0 S3 S4 S5)
[    1.243529] ACPI: Using IOAPIC for interrupt routing
[    1.244588] PCI: Using host bridge windows from ACPI; if necessary, use "pci=nocrs" and report a bug
[    1.245626] PCI: Using E820 reservations for host bridge windows
[    1.248378] ACPI: Enabled 2 GPEs in block 00 to 0F
[    1.290432] ACPI: PCI Root Bridge [PCI0] (domain 0000 [bus 00-ff])
[    1.290971] acpi PNP0A03:00: _OSC: OS supports [ASPM ClockPM Segments MSI EDR HPX-Type3]
[    1.291600] acpi PNP0A03:00: _OSC: not requesting OS control; OS requires [ExtendedConfig ASPM ClockPM MSI]
[    1.292494] acpi PNP0A03:00: fail to add MMCONFIG information, can't access extended configuration space under this bridge
[    1.297402] acpiphp: Slot [3] registered
[    1.297731] acpiphp: Slot [4] registered
[    1.298154] acpiphp: Slot [5] registered
[    1.329745] acpiphp: Slot [6] registered
[    1.330274] acpiphp: Slot [7] registered
[    1.330718] acpiphp: Slot [8] registered
[    1.331139] acpiphp: Slot [9] registered
[    1.331588] acpiphp: Slot [10] registered
[    1.332017] acpiphp: Slot [11] registered
[    1.332447] acpiphp: Slot [12] registered
[    1.332880] acpiphp: Slot [13] registered
[    1.333328] acpiphp: Slot [14] registered
[    1.333739] acpiphp: Slot [15] registered
[    1.334181] acpiphp: Slot [16] registered
[    1.334616] acpiphp: Slot [17] registered
[    1.335076] acpiphp: Slot [18] registered
[    1.335507] acpiphp: Slot [19] registered
[    1.335951] acpiphp: Slot [20] registered
[    1.336378] acpiphp: Slot [21] registered
[    1.336839] acpiphp: Slot [22] registered
[    1.337277] acpiphp: Slot [23] registered
[    1.337710] acpiphp: Slot [24] registered
[    1.338131] acpiphp: Slot [25] registered
[    1.338580] acpiphp: Slot [26] registered
[    1.339012] acpiphp: Slot [27] registered
[    1.339447] acpiphp: Slot [28] registered
[    1.339883] acpiphp: Slot [29] registered
[    1.340336] acpiphp: Slot [30] registered
[    1.340766] acpiphp: Slot [31] registered
[    1.341155] PCI host bridge to bus 0000:00
[    1.341536] pci_bus 0000:00: root bus resource [io  0x0000-0x0cf7 window]
[    1.345624] pci_bus 0000:00: root bus resource [io  0x0d00-0xffff window]
[    1.346158] pci_bus 0000:00: root bus resource [mem 0x000a0000-0x000bffff window]
[    1.346750] pci_bus 0000:00: root bus resource [mem 0x80000000-0xfebfffff window]
[    1.347340] pci_bus 0000:00: root bus resource [mem 0x100000000-0x17fffffff window]
[    1.347949] pci_bus 0000:00: root bus resource [bus 00-ff]
[    1.348526] pci 0000:00:00.0: [8086:1237] type 00 class 0x060000 conventional PCI endpoint
[    1.357000] pci 0000:00:01.0: [8086:7000] type 00 class 0x060100 conventional PCI endpoint
[    1.358882] pci 0000:00:01.1: [8086:7010] type 00 class 0x010180 conventional PCI endpoint
[    1.360038] pci 0000:00:01.1: BAR 4 [io  0xc040-0xc04f]
[    1.360476] pci 0000:00:01.1: BAR 0 [io  0x01f0-0x01f7]: legacy IDE quirk
[    1.360998] pci 0000:00:01.1: BAR 1 [io  0x03f6]: legacy IDE quirk
[    1.361481] pci 0000:00:01.1: BAR 2 [io  0x0170-0x0177]: legacy IDE quirk
[    1.361620] pci 0000:00:01.1: BAR 3 [io  0x0376]: legacy IDE quirk
[    1.362586] pci 0000:00:01.3: [8086:7113] type 00 class 0x068000 conventional PCI endpoint
[    1.363486] pci 0000:00:01.3: quirk: [io  0x0600-0x063f] claimed by PIIX4 ACPI
[    1.364055] pci 0000:00:01.3: quirk: [io  0x0700-0x070f] claimed by PIIX4 SMB
[    1.365111] pci 0000:00:02.0: [1234:1111] type 00 class 0x030000 conventional PCI endpoint
[    1.382497] pci 0000:00:02.0: BAR 0 [mem 0xfd000000-0xfdffffff pref]
[    1.383133] pci 0000:00:02.0: BAR 2 [mem 0xfebf0000-0xfebf0fff]
[    1.383616] pci 0000:00:02.0: ROM [mem 0xfebe0000-0xfebeffff pref]
[    1.384448] pci 0000:00:02.0: Video device with shadowed ROM at [mem 0x000c0000-0x000dffff]
[    1.394361] pci 0000:00:03.0: [8086:100e] type 00 class 0x020000 conventional PCI endpoint
[    1.396472] pci 0000:00:03.0: BAR 0 [mem 0xfebc0000-0xfebdffff]
[    1.396976] pci 0000:00:03.0: BAR 1 [io  0xc000-0xc03f]
[    1.397406] pci 0000:00:03.0: ROM [mem 0xfeb80000-0xfebbffff pref]
[    1.417760] ACPI: PCI: Interrupt link LNKA configured for IRQ 10
[    1.419127] ACPI: PCI: Interrupt link LNKB configured for IRQ 10
[    1.420385] ACPI: PCI: Interrupt link LNKC configured for IRQ 11
[    1.421618] ACPI: PCI: Interrupt link LNKD configured for IRQ 11
[    1.422428] ACPI: PCI: Interrupt link LNKS configured for IRQ 9
[    1.426851] iommu: Default domain type: Translated
[    1.427242] iommu: DMA domain TLB invalidation policy: lazy mode
[    1.434570] SCSI subsystem initialized
[    1.437610] ACPI: bus type USB registered
[    1.437610] usbcore: registered new interface driver usbfs
[    1.437610] usbcore: registered new interface driver hub
[    1.437610] usbcore: registered new device driver usb
[    1.438080] pps_core: LinuxPPS API ver. 1 registered
[    1.438447] pps_core: Software ver. 5.3.6 - Copyright 2005-2007 Rodolfo Giometti <giometti@linux.it>
[    1.439194] PTP clock support registered
[    1.441610] EDAC MC: Ver: 3.0.0
[    1.444771] NetLabel: Initializing
[    1.445061] NetLabel:  domain hash size = 128
[    1.445398] NetLabel:  protocols = UNLABELED CIPSOv4 CALIPSO
[    1.445851] NetLabel:  unlabeled traffic allowed by default
[    1.447113] PCI: Using ACPI for IRQ routing
[    1.447942] pci 0000:00:02.0: vgaarb: setting as boot VGA device
[    1.448430] pci 0000:00:02.0: vgaarb: bridge control possible
[    1.448879] pci 0000:00:02.0: vgaarb: VGA device added: decodes=io+mem,owns=io+mem,locks=none
[    1.449547] vgaarb: loaded
[    1.453610] hpet0: at MMIO 0xfed00000, IRQs 2, 8, 0
[    1.453610] hpet0: 3 comparators, 64-bit 100.000000 MHz counter
[    1.460304] clocksource: Switched to clocksource kvm-clock
[    1.460855] VFS: Disk quotas dquot_6.6.0
[    1.460855] VFS: Dquot-cache hash table entries: 512 (order 0, 4096 bytes)
[    1.464464] pnp: PnP ACPI init
[    1.468683] pnp: PnP ACPI: found 6 devices
[    1.489466] clocksource: acpi_pm: mask: 0xffffff max_cycles: 0xffffff, max_idle_ns: 2085701024 ns
[    1.490780] NET: Registered PF_INET protocol family
[    1.491645] IP idents hash table entries: 32768 (order: 6, 262144 bytes, linear)
[    1.494000] tcp_listen_portaddr_hash hash table entries: 1024 (order: 4, 73728 bytes, linear)
[    1.494776] Table-perturb hash table entries: 65536 (order: 6, 262144 bytes, linear)
[    1.495468] TCP established hash table entries: 16384 (order: 5, 131072 bytes, linear)
[    1.496732] TCP bind hash table entries: 16384 (order: 9, 2359296 bytes, linear)
[    1.500402] TCP: Hash tables configured (established 16384 bind 16384)
[    1.501222] UDP hash table entries: 1024 (order: 6, 262144 bytes, linear)
[    1.501985] UDP-Lite hash table entries: 1024 (order: 6, 262144 bytes, linear)
[    1.503198] NET: Registered PF_UNIX/PF_LOCAL protocol family
[    1.504896] RPC: Registered named UNIX socket transport module.
[    1.505399] RPC: Registered udp transport module.
[    1.505779] RPC: Registered tcp transport module.
[    1.506157] RPC: Registered tcp-with-tls transport module.
[    1.506592] RPC: Registered tcp NFSv4.1 backchannel transport module.
[    1.507226] pci_bus 0000:00: resource 4 [io  0x0000-0x0cf7 window]
[    1.507742] pci_bus 0000:00: resource 5 [io  0x0d00-0xffff window]
[    1.508243] pci_bus 0000:00: resource 6 [mem 0x000a0000-0x000bffff window]
[    1.508807] pci_bus 0000:00: resource 7 [mem 0x80000000-0xfebfffff window]
[    1.509368] pci_bus 0000:00: resource 8 [mem 0x100000000-0x17fffffff window]
[    1.510284] pci 0000:00:01.0: PIIX3: Enabling Passive Release
[    1.510769] pci 0000:00:00.0: Limiting direct PCI/PCI transfers
[    1.511359] PCI: CLS 0 bytes, default 64
[    1.512542] ACPI: bus type thunderbolt registered
[    1.513541] clocksource: tsc: mask: 0xffffffffffffffff max_cycles: 0x12441513526, max_idle_ns: 440795239872 ns
[    3.398853] Initialise system trusted keyrings
[    3.399353] Key type blacklist registered
[    3.402438] workingset: timestamp_bits=36 max_order=19 bucket_order=0
[    3.405174] squashfs: version 4.0 (2009/01/31) Phillip Lougher
[    3.407864] NFS: Registering the id_resolver key type
[    3.408300] Key type id_resolver registered
[    3.408630] Key type id_legacy registered
[    3.409014] nfs4filelayout_init: NFSv4 File Layout Driver Registering...
[    3.409582] nfs4flexfilelayout_init: NFSv4 Flexfile Layout Driver Registering...
[    3.410551] fuse: init (API version 7.45)
[    3.411503] SGI XFS with ACLs, security attributes, realtime, quota, no debug enabled
[    3.414452] 9p: Installing v9fs 9p2000 file system support
[    3.425877] Key type asymmetric registered
[    3.426267] Asymmetric key parser 'x509' registered
[    3.426845] Block layer SCSI generic (bsg) driver version 0.4 loaded (major 241)
[    3.428203] io scheduler mq-deadline registered
[    3.428730] io scheduler bfq registered
[    3.430375] ledtrig-cpu: registered to indicate activity on CPUs
[    3.432742] IPMI message handler: version 39.2
[    3.433170] ipmi device interface
[    3.436127] input: Power Button as /devices/LNXSYSTM:00/LNXPWRBN:00/input/input0
[    3.437277] ACPI: button: Power Button [PWRF]
[    3.440098] ERST DBG: ERST support is disabled.
[    3.442190] Serial: 8250/16550 driver, 32 ports, IRQ sharing enabled
[    3.445211] 00:04: ttyS0 at I/O 0x3f8 (irq = 4, base_baud = 115200) is a 16550A
[    3.473752] Linux agpgart interface v0.103
[    3.477707] ACPI: bus type drm_connector registered
[    3.506268] brd: module loaded
[    3.525022] loop: module loaded
[    3.539551] scsi host0: ata_piix
[    3.541495] scsi host1: ata_piix
[    3.542264] ata1: PATA max MWDMA2 cmd 0x1f0 ctl 0x3f6 bmdma 0xc040 irq 14 lpm-pol 0
[    3.542857] ata2: PATA max MWDMA2 cmd 0x170 ctl 0x376 bmdma 0xc048 irq 15 lpm-pol 0
[    3.546931] tun: Universal TUN/TAP device driver, 1.6
[    3.546939] Callback from call_rcu_tasks() invoked.
[    3.547774] e100: Intel(R) PRO/100 Network Driver
[    3.548143] e100: Copyright(c) 1999-2006 Intel Corporation
[    3.548739] e1000: Intel(R) PRO/1000 Network Driver
[    3.549116] e1000: Copyright (c) 1999-2006 Intel Corporation.
[    3.699173] ata2: found unknown device (class 0)
[    3.700218] ata2.00: ATAPI: QEMU DVD-ROM, 2.5+, max UDMA/100
[    3.701370] ata1: found unknown device (class 0)
[    3.702111] ata1.00: ATA-7: QEMU HARDDISK, 2.5+, max UDMA/100
[    3.702551] ata1.00: 17196647 sectors, multi 16: LBA48 
[    3.704171] scsi 0:0:0:0: Direct-Access     ATA      QEMU HARDDISK    2.5+ PQ: 0 ANSI: 5
[    3.706913] sd 0:0:0:0: Attached scsi generic sg0 type 0
[    3.707628] sd 0:0:0:0: [sda] 17196647 512-byte logical blocks: (8.80 GB/8.20 GiB)
[    3.709132] sd 0:0:0:0: [sda] Write Protect is off
[    3.709614] sd 0:0:0:0: [sda] Write cache: enabled, read cache: enabled, doesn't support DPO or FUA
[    3.710898] scsi 1:0:0:0: CD-ROM            QEMU     QEMU DVD-ROM     2.5+ PQ: 0 ANSI: 5
[    3.711813] sd 0:0:0:0: [sda] Preferred minimum I/O size 512 bytes
[    3.749203] scsi 1:0:0:0: Attached scsi generic sg1 type 5
[    3.751856] sd 0:0:0:0: [sda] Attached SCSI disk
[    4.202513] ACPI: \_SB_.LNKC: Enabled at IRQ 11
[    4.511035] e1000 0000:00:03.0 eth0: (PCI:33MHz:32-bit) 52:54:00:12:34:56
[    4.511578] e1000 0000:00:03.0 eth0: Intel(R) PRO/1000 Network Connection
[    4.512251] e1000e: Intel(R) PRO/1000 Network Driver
[    4.512601] e1000e: Copyright(c) 1999 - 2015 Intel Corporation.
[    4.513178] igb: Intel(R) Gigabit Ethernet Network Driver
[    4.513557] igb: Copyright (c) 2007-2014 Intel Corporation.
[    4.514298] PPP generic driver version 2.4.2
[    4.516191] VFIO - User Level meta-driver version: 0.3
[    4.517973] usbcore: registered new interface driver uas
[    4.518470] usbcore: registered new interface driver usb-storage
[    4.519233] i8042: PNP: PS/2 Controller [PNP0303:KBD,PNP0f13:MOU] at 0x60,0x64 irq 1,12
[    4.520636] serio: i8042 KBD port at 0x60,0x64 irq 1
[    4.521045] serio: i8042 AUX port at 0x60,0x64 irq 12
[    4.522621] mousedev: PS/2 mouse device common for all mice
[    4.524898] rtc_cmos 00:05: RTC can wake from S4
[    4.526488] input: AT Translated Set 2 keyboard as /devices/platform/i8042/serio0/input/input1
[    4.527721] rtc_cmos 00:05: registered as rtc0
[    4.528430] rtc_cmos 00:05: setting system clock to 2025-12-04T18:43:37 UTC (1764873817)
[    4.528462] input: VirtualPS/2 VMware VMMouse as /devices/platform/i8042/serio1/input/input4
[    4.529920] rtc_cmos 00:05: alarms up to one day, y3k, 242 bytes nvram, hpet irqs
[    4.530572] i2c_dev: i2c /dev entries driver
[    4.530636] input: VirtualPS/2 VMware VMMouse as /devices/platform/i8042/serio1/input/input3
[    4.532011] device-mapper: core: CONFIG_IMA_DISABLE_HTABLE is disabled. Duplicate IMA measurements will not be recorded in the IMA log.
[    4.533067] device-mapper: uevent: version 1.0.3
[    4.533869] device-mapper: ioctl: 4.50.0-ioctl (2025-04-28) initialised: dm-devel@lists.linux.dev
[    4.534537] intel_pstate: CPU model not supported
[    4.535172] sdhci: Secure Digital Host Controller Interface driver
[    4.535616] sdhci: Copyright(c) Pierre Ossman
[    4.536173] sdhci-pltfm: SDHCI platform and OF driver helper
[    4.537164] drop_monitor: Initializing network drop monitor service
[    4.538038] NET: Registered PF_INET6 protocol family
[    4.541695] Segment Routing with IPv6
[    4.542030] In-situ OAM (IOAM) with IPv6
[    4.542388] NET: Registered PF_PACKET protocol family
[    4.543353] 9pnet: Installing 9P2000 support
[    4.543786] Key type dns_resolver registered
[    4.546329] IPI shorthand broadcast: enabled
[    4.596171] sched_clock: Marking stable (4580005836, 14795389)->(4602916677, -8115452)
[    4.598698] registered taskstats version 1
[    4.599913] Loading compiled-in X.509 certificates
[    4.666185] Demotion targets for Node 0: null
[    4.669154] Key type .fscrypt registered
[    4.669809] Key type fscrypt-provisioning registered
[    4.674984] Key type encrypted registered
[    4.675367] ima: No TPM chip found, activating TPM-bypass!
[    4.675786] ima: Allocated hash algorithm: sha1
[    4.676184] ima: No architecture policies found
[    4.676661] evm: Initialising EVM extended attributes:
[    4.677034] evm: security.selinux
[    4.677280] evm: security.SMACK64
[    4.677519] evm: security.SMACK64EXEC
[    4.677784] evm: security.SMACK64TRANSMUTE
[    4.678084] evm: security.SMACK64MMAP
[    4.678350] evm: security.apparmor
[    4.678600] evm: security.ima
[    4.678845] evm: security.capability
[    4.679115] evm: HMAC attrs: 0x1
[    4.681761] PM:   Magic number: 5:930:745
[    4.683553] RAS: Correctable Errors collector initialized.
[    4.684876] clk: Disabling unused clocks
[    4.685606] PM: genpd: Disabling unused power domains
[    4.687824] check access for rdinit=/init failed: -2, ignoring
[    4.688464] md: Waiting for all devices to be available before autodetect
[    4.689176] md: If you don't use raid, use raid=noautodetect
[    4.689778] md: Autodetecting RAID arrays.
[    4.690261] md: autorun ...
[    4.690579] md: ... autorun DONE.
[    4.708271] EXT4-fs (sda): mounted filesystem 088740a9-c8b4-422c-999d-a804eb68a4da ro with ordered data mode. Quota mode: none.
[    4.708982] VFS: Mounted root (ext4 filesystem) readonly on device 8:0.
[    4.712879] devtmpfs: mounted
[    4.731887] Freeing unused decrypted memory: 2036K
[    4.745329] Freeing unused kernel image (initmem) memory: 16236K
[    4.745858] Write protecting the kernel read-only data: 102400k
[    4.750088] Freeing unused kernel image (text/rodata gap) memory: 2016K
[    4.752843] Freeing unused kernel image (rodata/data gap) memory: 2012K
[    4.812342] x86/mm: Checked W+X mappings: passed, no W+X pages found.
[    4.812701] Run /sbin/init as init process
[    5.052378] systemd[1]: systemd 252-15.el9 running in system mode (+PAM +AUDIT +SELINUX -APPARMOR +IMA +SMACK +SECCOMP +GCRYPT +GNUTLS +OPENSSL +ACL +BLKID +CURL +ELFUTILS -FIDO2 +IDN2 -IDN -IPTC +KMOD +LIBCRYPTSETUP +LIBFDISK +PCRE2 -PWQUALITY +P11KIT -QRENCODE +TPM2 +BZIP2 +LZ4 +XZ +ZLIB +ZSTD -BPF_FRAMEWORK +XKBCOMMON +UTMP +SYSVINIT default-hierarchy=unified)
[    5.053843] systemd[1]: Detected virtualization kvm.
[    5.054093] systemd[1]: Detected architecture x86-64.

Welcome to [0;31mCentOS Stream 9[0m!

[    5.063891] systemd[1]: Hostname set to <test>.
[    5.280061] systemd-rc-local-generator[117]: /etc/rc.d/rc.local is not marked executable, skipping.
[    5.719031] systemd[1]: Queued start job for default target Multi-User System.
[    5.737741] systemd[1]: Created slice Virtual Machine and Container Slice.
[[0;32m  OK  [0m] Created slice [0;1;39mVirtual Machine and Container Slice[0m.
[    5.742024] systemd[1]: Created slice Slice /system/getty.
[[0;32m  OK  [0m] Created slice [0;1;39mSlice /system/getty[0m.
[    5.744434] systemd[1]: Created slice Slice /system/modprobe.
[[0;32m  OK  [0m] Created slice [0;1;39mSlice /system/modprobe[0m.
[    5.747037] systemd[1]: Created slice Slice /system/serial-getty.
[[0;32m  OK  [0m] Created slice [0;1;39mSlice /system/serial-getty[0m.
[    5.749433] systemd[1]: Created slice Slice /system/sshd-keygen.
[[0;32m  OK  [0m] Created slice [0;1;39mSlice /system/sshd-keygen[0m.
[    5.751692] systemd[1]: Created slice User and Session Slice.
[[0;32m  OK  [0m] Created slice [0;1;39mUser and Session Slice[0m.
[    5.752863] systemd[1]: Started Forward Password Requests to Wall Directory Watch.
[[0;32m  OK  [0m] Started [0;1;39mForward Password R…uests to Wall Directory Watch[0m.
[    5.756605] systemd[1]: Set up automount Arbitrary Executable File Formats File System Automount Point.
[[0;32m  OK  [0m] Set up automount [0;1;39mArbitrary…s File System Automount Point[0m.
[    5.757803] systemd[1]: Reached target Local Integrity Protected Volumes.
[[0;32m  OK  [0m] Reached target [0;1;39mLocal Integrity Protected Volumes[0m.
[    5.758775] systemd[1]: Reached target Slice Units.
[[0;32m  OK  [0m] Reached target [0;1;39mSlice Units[0m.
[    5.759628] systemd[1]: Reached target Swaps.
[[0;32m  OK  [0m] Reached target [0;1;39mSwaps[0m.
[    5.760303] systemd[1]: Reached target Local Verity Protected Volumes.
[[0;32m  OK  [0m] Reached target [0;1;39mLocal Verity Protected Volumes[0m.
[    5.761524] systemd[1]: Listening on Device-mapper event daemon FIFOs.
[[0;32m  OK  [0m] Listening on [0;1;39mDevice-mapper event daemon FIFOs[0m.
[    5.763013] systemd[1]: Listening on LVM2 poll daemon socket.
[[0;32m  OK  [0m] Listening on [0;1;39mLVM2 poll daemon socket[0m.
[    5.763993] systemd[1]: multipathd control socket was skipped because of an unmet condition check (ConditionPathExists=/etc/multipath.conf).
[    5.802426] systemd[1]: Listening on RPCbind Server Activation Socket.
[[0;32m  OK  [0m] Listening on [0;1;39mRPCbind Server Activation Socket[0m.
[    5.803683] systemd[1]: Reached target RPC Port Mapper.
[[0;32m  OK  [0m] Reached target [0;1;39mRPC Port Mapper[0m.
[    5.807864] systemd[1]: Listening on Process Core Dump Socket.
[[0;32m  OK  [0m] Listening on [0;1;39mProcess Core Dump Socket[0m.
[    5.809197] systemd[1]: Listening on initctl Compatibility Named Pipe.
[[0;32m  OK  [0m] Listening on [0;1;39minitctl Compatibility Named Pipe[0m.
[    5.810706] systemd[1]: Listening on Journal Socket (/dev/log).
[[0;32m  OK  [0m] Listening on [0;1;39mJournal Socket (/dev/log)[0m.
[    5.812216] systemd[1]: Listening on Journal Socket.
[[0;32m  OK  [0m] Listening on [0;1;39mJournal Socket[0m.
[    5.813744] systemd[1]: Listening on udev Control Socket.
[[0;32m  OK  [0m] Listening on [0;1;39mudev Control Socket[0m.
[    5.814988] systemd[1]: Listening on udev Kernel Socket.
[[0;32m  OK  [0m] Listening on [0;1;39mudev Kernel Socket[0m.
[    5.820487] systemd[1]: Mounting Huge Pages File System...
         Mounting [0;1;39mHuge Pages File System[0m...
[    5.826531] systemd[1]: Mounting POSIX Message Queue File System...
         Mounting [0;1;39mPOSIX Message Queue File System[0m...
[    5.835219] systemd[1]: Mounting Kernel Debug File System...
         Mounting [0;1;39mKernel Debug File System[0m...
[    5.843507] systemd[1]: Mounting Kernel Trace File System...
         Mounting [0;1;39mKernel Trace File System[0m...
[    5.844607] systemd[1]: Kernel Module supporting RPCSEC_GSS was skipped because of an unmet condition check (ConditionPathExists=/etc/krb5.keytab).
[    5.845343] systemd[1]: Create List of Static Device Nodes was skipped because of an unmet condition check (ConditionFileNotEmpty=/lib/modules/6.18.0-rc1-77c475692c5e+/modules.devname).
[    5.852509] systemd[1]: Starting Monitoring of LVM2 mirrors, snapshots etc. using dmeventd or progress polling...
         Starting [0;1;39mMonitoring of LVM…meventd or progress polling[0m...
[    5.860816] systemd[1]: Starting Load Kernel Module configfs...
         Starting [0;1;39mLoad Kernel Module configfs[0m...
[    5.871291] systemd[1]: Starting Load Kernel Module drm...
         Starting [0;1;39mLoad Kernel Module drm[0m...
[    5.885343] systemd[1]: Starting Load Kernel Module fuse...
         Starting [0;1;39mLoad Kernel Module fuse[0m...
[    5.900093] systemd[1]: Starting Read and set NIS domainname from /etc/sysconfig/network...
         Starting [0;1;39mRead and set NIS …from /etc/sysconfig/network[0m...
[    5.923576] systemd[1]: Starting Journal Service...
         Starting [0;1;39mJournal Service[0m...
[    5.943321] systemd[1]: Starting Load Kernel Modules...
         Starting [0;1;39mLoad Kernel Modules[0m...
[    5.955783] systemd[1]: Starting Generate network units from Kernel command line...
         Starting [0;1;39mGenerate network …ts from Kernel command line[0m...
[    5.991705] systemd[1]: Starting Remount Root and Kernel File Systems...
         Starting [0;1;39mRemount Root and Kernel File Systems[0m...
[    5.995427] systemd[1]: Repartition Root Disk was skipped because no trigger condition checks were met.
[    6.001856] systemd[1]: Starting Coldplug All udev Devices...
         Starting [0;1;39mColdplug All udev Devices[0m...
[    6.020076] systemd[1]: Mounted Huge Pages File System.
[[0;32m  OK  [0m] Mounted [0;1;39mHuge Pages File System[0m.
[    6.023389] systemd[1]: Mounted POSIX Message Queue File System.
[[0;32m  OK  [0m] Mounted [0;1;39mPOSIX Message Queue File System[0m.
[    6.027367] systemd[1]: Mounted Kernel Debug File System.
[[0;32m  OK  [0m] Mounted [0;1;39mKernel Debug File System[0m.
[    6.028602] systemd[1]: Mounted Kernel Trace File System.
[[0;32m  OK  [0m] Mounted [0;1;39mKernel Trace File System[0m.
[    6.032980] systemd[1]: Finished Monitoring of LVM2 mirrors, snapshots etc. using dmeventd or progress polling.
[[0;32m  OK  [0m] Finished [0;1;39mMonitoring of LVM… dmeventd or progress polling[0m.
[    6.041133] systemd[1]: modprobe@configfs.service: Deactivated successfully.
[    6.042475] systemd[1]: Finished Load Kernel Module configfs.
[[0;32m  OK  [0m] Finished [0;1;39mLoad Kernel Module configfs[0m.
[    6.044924] systemd[1]: modprobe@drm.service: Deactivated successfully.
[    6.050944] systemd[1]: Finished Load Kernel Module drm.
[[0;32m  OK  [0m] Finished [0;1;39mLoad Kernel Module drm[0m.
[    6.055849] systemd[1]: modprobe@fuse.service: Deactivated successfully.
[    6.058985] systemd[1]: Finished Load Kernel Module fuse.
[[0;32m  OK  [0m] Finished [0;1;39mLoad Kernel Module fuse[0m.
[    6.062933] systemd[1]: Finished Read and set NIS domainname from /etc/sysconfig/network.
[[0;32m  OK  [0m] Finished [0;1;39mRead and set NIS …e from /etc/sysconfig/network[0m.
[    6.067599] systemd[1]: systemd-modules-load.service: Main process exited, code=exited, status=1/FAILURE
[    6.068718] systemd[1]: systemd-modules-load.service: Failed with result 'exit-code'.
[    6.070283] EXT4-fs (sda): re-mounted 088740a9-c8b4-422c-999d-a804eb68a4da r/w.
[    6.076587] systemd[1]: Failed to start Load Kernel Modules.
[[0;1;31mFAILED[0m] Failed to start [0;1;39mLoad Kernel Modules[0m.
See 'systemctl status systemd-modules-load.service' for details.
[    6.083394] systemd[1]: Finished Generate network units from Kernel command line.
[[0;32m  OK  [0m] Finished [0;1;39mGenerate network units from Kernel command line[0m.
[    6.088801] systemd[1]: Finished Remount Root and Kernel File Systems.
[[0;32m  OK  [0m] Finished [0;1;39mRemount Root and Kernel File Systems[0m.
[    6.096116] systemd[1]: Started Journal Service.
[[0;32m  OK  [0m] Started [0;1;39mJournal Service[0m.
[[0;32m  OK  [0m] Reached target [0;1;39mPreparation for Network[0m.
         Mounting [0;1;39mFUSE Control File System[0m...
         Mounting [0;1;39mKernel Configuration File System[0m...
         Starting [0;1;39mFlush Journal to Persistent Storage[0m...
         Starting [0;1;39mLoad/Save Random Seed[0m...
[    6.191334] systemd-journald[140]: Received client request to flush runtime journal.
         Starting [0;1;39mApply Kernel Variables[0m...
         Starting [0;1;39mCreate Static Device Nodes in /dev[0m...
         Starting [0;1;39mSetup Virtual Console[0m...
[[0;32m  OK  [0m] Mounted [0;1;39mFUSE Control File System[0m.
[[0;32m  OK  [0m] Mounted [0;1;39mKernel Configuration File System[0m.
[[0;32m  OK  [0m] Finished [0;1;39mFlush Journal to Persistent Storage[0m.
[[0;32m  OK  [0m] Finished [0;1;39mLoad/Save Random Seed[0m.
[[0;32m  OK  [0m] Finished [0;1;39mApply Kernel Variables[0m.
[[0;32m  OK  [0m] Finished [0;1;39mCreate Static Device Nodes in /dev[0m.
         Starting [0;1;39mRule-based Manage…for Device Events and Files[0m...
[[0;32m  OK  [0m] Finished [0;1;39mColdplug All udev Devices[0m.
         Starting [0;1;39mWait for udev To …plete Device Initialization[0m...
[[0;32m  OK  [0m] Started [0;1;39mRule-based Manager for Device Events and Files[0m.
         Starting [0;1;39mAuto-connect to s…E devices found during boot[0m...
[[0;32m  OK  [0m] Finished [0;1;39mAuto-connect to s…VME devices found during boot[0m.
[[0;32m  OK  [0m] Finished [0;1;39mSetup Virtual Console[0m.
[[0;32m  OK  [0m] Started [0;1;39mDispatch Password …ts to Console Directory Watch[0m.
[[0;32m  OK  [0m] Reached target [0;1;39mLocal Encrypted Volumes[0m.
[[0;32m  OK  [0m] Reached target [0;1;39mPath Units[0m.
[[0;32m  OK  [0m] Found device [0;1;39m/dev/ttyS0[0m.
[[0;32m  OK  [0m] Listening on [0;1;39mLoad/Save RF …itch Status /dev/rfkill Watch[0m.
[[0;32m  OK  [0m] Finished [0;1;39mWait for udev To Complete Device Initialization[0m.
[[0;32m  OK  [0m] Reached target [0;1;39mPreparation for Local File Systems[0m.
[[0;32m  OK  [0m] Reached target [0;1;39mLocal File Systems[0m.
         Starting [0;1;39mTell Plymouth To Write Out Runtime Data[0m...
         Starting [0;1;39mAutomatic Boot Loader Update[0m...
         Starting [0;1;39mCreate Volatile Files and Directories[0m...
[[0;32m  OK  [0m] Finished [0;1;39mTell Plymouth To Write Out Runtime Data[0m.
[[0;32m  OK  [0m] Finished [0;1;39mAutomatic Boot Loader Update[0m.
[[0;32m  OK  [0m] Finished [0;1;39mCreate Volatile Files and Directories[0m.
         Mounting [0;1;39mRPC Pipe File System[0m...
         Starting [0;1;39mSecurity Auditing Service[0m...
         Starting [0;1;39mRPC Bind[0m...
[[0;32m  OK  [0m] Mounted [0;1;39mRPC Pipe File System[0m.
[[0;32m  OK  [0m] Reached target [0;1;39mrpc_pipefs.target[0m.
[[0;32m  OK  [0m] Started [0;1;39mRPC Bind[0m.
[[0;32m  OK  [0m] Started [0;1;39mSecurity Auditing Service[0m.
         Starting [0;1;39mRecord System Boot/Shutdown in UTMP[0m...
[[0;32m  OK  [0m] Finished [0;1;39mRecord System Boot/Shutdown in UTMP[0m.
[[0;32m  OK  [0m] Reached target [0;1;39mSystem Initialization[0m.
[[0;32m  OK  [0m] Started [0;1;39mDaily rotation of log files[0m.
[[0;32m  OK  [0m] Started [0;1;39mUpdates mlocate database every day[0m.
[[0;32m  OK  [0m] Started [0;1;39mDaily Cleanup of Temporary Directories[0m.
[[0;32m  OK  [0m] Started [0;1;39mdaily update of the root trust anchor for DNSSEC[0m.
[[0;32m  OK  [0m] Reached target [0;1;39mTimer Units[0m.
[[0;32m  OK  [0m] Listening on [0;1;39mD-Bus System Message Bus Socket[0m.
[[0;32m  OK  [0m] Listening on [0;1;39mOpen-iSCSI iscsid Socket[0m.
[[0;32m  OK  [0m] Listening on [0;1;39mOpen-iSCSI iscsiuio Socket[0m.
[[0;32m  OK  [0m] Listening on [0;1;39mSSSD Kerberos…ache Manager responder socket[0m.
[[0;32m  OK  [0m] Listening on [0;1;39mLibvirt interface local socket[0m.
[[0;32m  OK  [0m] Listening on [0;1;39mVirtual machine lock manager socket[0m.
[[0;32m  OK  [0m] Listening on [0;1;39mVirtual machine log manager socket[0m.
[[0;32m  OK  [0m] Listening on [0;1;39mLibvirt network local socket[0m.
[[0;32m  OK  [0m] Listening on [0;1;39mLibvirt nodedev local socket[0m.
[[0;32m  OK  [0m] Listening on [0;1;39mLibvirt nwfilter local socket[0m.
[[0;32m  OK  [0m] Listening on [0;1;39mLibvirt proxy local socket[0m.
[[0;32m  OK  [0m] Listening on [0;1;39mLibvirt qemu local socket[0m.
[[0;32m  OK  [0m] Listening on [0;1;39mLibvirt qemu admin socket[0m.
[[0;32m  OK  [0m] Listening on [0;1;39mLibvirt qemu local read-only socket[0m.
[[0;32m  OK  [0m] Listening on [0;1;39mLibvirt secret local socket[0m.
[[0;32m  OK  [0m] Listening on [0;1;39mLibvirt storage local socket[0m.
[[0;32m  OK  [0m] Reached target [0;1;39mSocket Units[0m.
         Starting [0;1;39mD-Bus System Message Bus[0m...
[[0;32m  OK  [0m] Started [0;1;39mD-Bus System Message Bus[0m.
[[0;32m  OK  [0m] Reached target [0;1;39mBasic System[0m.
         Starting [0;1;39mNetwork Manager[0m...
         Starting [0;1;39mNTP client/server[0m...
         Starting [0;1;39mRestore /run/initramfs on shutdown[0m...
[[0;32m  OK  [0m] Started [0;1;39mirqbalance daemon[0m.
[[0;32m  OK  [0m] Started [0;1;39mlibstoragemgmt plug-in server daemon[0m.
[[0;32m  OK  [0m] Started [0;1;39mMachine Check Exception Logging Daemon[0m.
[[0;32m  OK  [0m] Reached target [0;1;39msshd-keygen.target[0m.
[[0;32m  OK  [0m] Reached target [0;1;39mUser and Group Name Lookups[0m.
         Starting [0;1;39mUser Login Management[0m...
         Starting [0;1;39mVirtual Machine a…tainer Registration Service[0m...
         Starting [0;1;39mupdate of the roo…NSSEC validation in unbound[0m...
         Starting [0;1;39mRotate log files[0m...
[[0;32m  OK  [0m] Started [0;1;39mUpdate a database for mlocate[0m.
[[0;32m  OK  [0m] Finished [0;1;39mRestore /run/initramfs on shutdown[0m.
[[0;32m  OK  [0m] Started [0;1;39mVirtual Machine an…ontainer Registration Service[0m.
         Starting [0;1;39mHostname Service[0m...
[[0;32m  OK  [0m] Started [0;1;39mNTP client/server[0m.
[[0;32m  OK  [0m] Finished [0;1;39mupdate of the roo… DNSSEC validation in unbound[0m.
[[0;32m  OK  [0m] Started [0;1;39mUser Login Management[0m.
[[0;32m  OK  [0m] Started [0;1;39mHostname Service[0m.
         Starting [0;1;39mNetwork Manager Script Dispatcher Service[0m...
[[0;32m  OK  [0m] Started [0;1;39mNetwork Manager Script Dispatcher Service[0m.
[[0;32m  OK  [0m] Finished [0;1;39mRotate log files[0m.
[    9.555717] e1000: eth0 NIC Link is Up 1000 Mbps Full Duplex, Flow Control: RX
[[0;32m  OK  [0m] Started [0;1;39mNetwork Manager[0m.
[[0;32m  OK  [0m] Reached target [0;1;39mNetwork[0m.
[[0;32m  OK  [0m] Reached target [0;1;39mNetwork is Online[0m.
         Starting [0;1;39mGSSAPI Proxy Daemon[0m...
         Starting [0;1;39mNotify NFS peers of a restart[0m...
         Starting [0;1;39mSystem Logging Service[0m...
         Starting [0;1;39mOpenSSH server daemon[0m...
         Starting [0;1;39mDynamic System Tuning Daemon[0m...
[[0;32m  OK  [0m] Started [0;1;39mNotify NFS peers of a restart[0m.
[[0;32m  OK  [0m] Started [0;1;39mOpenSSH server daemon[0m.
[[0;32m  OK  [0m] Started [0;1;39mGSSAPI Proxy Daemon[0m.
[[0;32m  OK  [0m] Reached target [0;1;39mNFS client services[0m.
[[0;32m  OK  [0m] Reached target [0;1;39mPreparation for Remote File Systems[0m.
[[0;32m  OK  [0m] Reached target [0;1;39mRemote File Systems[0m.
         Starting [0;1;39mPermit User Sessions[0m...
         Starting [0;1;39mVirtualization qemu daemon[0m...
[[0;32m  OK  [0m] Started [0;1;39mSystem Logging Service[0m.
[[0;32m  OK  [0m] Finished [0;1;39mPermit User Sessions[0m.
[[0;32m  OK  [0m] Started [0;1;39mDeferred execution scheduler[0m.
[[0;32m  OK  [0m] Started [0;1;39mCommand Scheduler[0m.
         Starting [0;1;39mHold until boot process finishes up[0m...
         Starting [0;1;39mTerminate Plymouth Boot Screen[0m...
[[0;32m  OK  [0m] Started [0;1;39mVirtualization qemu daemon[0m.
[[0;32m  OK  [0m] Finished [0;1;39mHold until boot process finishes up[0m.
[[0;32m  OK  [0m] Started [0;1;39mGetty on tty1[0m.
[[0;32m  OK  [0m] Started [0;1;39mSerial Getty on ttyS0[0m.
[[0;32m  OK  [0m] Reached target [0;1;39mLogin Prompts[0m.
[[0;32m  OK  [0m] Finished [0;1;39mTerminate Plymouth Boot Screen[0m.
         Starting [0;1;39mAuthorization Manager[0m...
[[0;32m  OK  [0m] Started [0;1;39mAuthorization Manager[0m.
[[0;32m  OK  [0m] Started [0;1;39mDynamic System Tuning Daemon[0m.
[[0;32m  OK  [0m] Reached target [0;1;39mMulti-User System[0m.
         Starting [0;1;39mRecord Runlevel Change in UTMP[0m...
[[0;32m  OK  [0m] Finished [0;1;39mRecord Runlevel Change in UTMP[0m.

CentOS Stream 9
Kernel 6.18.0-rc1-77c475692c5e+ on an x86_64

Activate the web console with: systemctl enable --now cockpit.socket

test login: [   19.812785] loop4: detected capacity change from 0 to 32768
[   19.845676] loop7: detected capacity change from 0 to 32768
[   19.846997] loop5: detected capacity change from 0 to 32768
[   19.885704] loop0: detected capacity change from 0 to 32768
[   19.885885] XFS (loop4): Mounting V5 Filesystem bfdc47fc-10d8-4eed-a562-11a831b3f791
[   19.890662] loop6: detected capacity change from 0 to 32768
[   19.904413] loop3: detected capacity change from 0 to 32768
[   19.931418] XFS (loop5): Mounting V5 Filesystem bfdc47fc-10d8-4eed-a562-11a831b3f791
[   19.946621] XFS (loop4): Ending clean mount
[   19.948346] XFS (loop4): Quotacheck needed: Please wait.
[   19.951737] loop2: detected capacity change from 0 to 32768
[   19.978054] XFS (loop7): Mounting V5 Filesystem bfdc47fc-10d8-4eed-a562-11a831b3f791
[   19.978630] XFS (loop0): Mounting V5 Filesystem bfdc47fc-10d8-4eed-a562-11a831b3f791
[   19.982335] XFS (loop6): Mounting V5 Filesystem bfdc47fc-10d8-4eed-a562-11a831b3f791
[   19.991281] XFS (loop5): Ending clean mount
[   19.992699] XFS (loop5): Quotacheck needed: Please wait.
[   19.997726] XFS (loop4): Quotacheck: Done.
[   20.033754] XFS (loop2): Mounting V5 Filesystem bfdc47fc-10d8-4eed-a562-11a831b3f791
[   20.043572] XFS (loop3): Mounting V5 Filesystem bfdc47fc-10d8-4eed-a562-11a831b3f791
[   20.051555] XFS (loop5): Quotacheck: Done.
[   20.126555] XFS (loop6): Ending clean mount
[   20.130229] XFS (loop0): Ending clean mount
[   20.130981] XFS (loop6): Quotacheck needed: Please wait.
[   20.137781] XFS (loop0): Quotacheck needed: Please wait.
[   20.141297] XFS (loop7): Ending clean mount
[   20.144431] XFS (loop3): Ending clean mount
[   20.146672] XFS (loop3): Quotacheck needed: Please wait.
[   20.150508] XFS (loop3): Quotacheck: Done.
[   20.169129] XFS (loop7): Quotacheck needed: Please wait.
[   20.182526] XFS (loop0): Quotacheck: Done.
[   20.194461] XFS (loop6): Quotacheck: Done.
[   20.215350] XFS (loop7): Quotacheck: Done.
[   20.316757] 
[   20.316919] ======================================================
[   20.317268] WARNING: possible circular locking dependency detected
[   20.317632] 6.18.0-rc1-77c475692c5e+ #1 Not tainted
[   20.317922] ------------------------------------------------------
[   20.318289] kswapd0/58 is trying to acquire lock:
[   20.318567] ffff8880294bae18 (&xfs_nondir_ilock_class){++++}-{4:4}, at: xfs_ilock+0x338/0x3c0
[   20.319122] 
[   20.319122] but task is already holding lock:
[   20.319463] ffffffff8783fdc0 (fs_reclaim){+.+.}-{0:0}, at: balance_pgdat+0xb7e/0x1580
[   20.319937] 
[   20.319937] which lock already depends on the new lock.
[   20.319937] 
[   20.320403] 
[   20.320403] the existing dependency chain (in reverse order) is:
[   20.320833] 
[   20.320833] -> #1 (fs_reclaim){+.+.}-{0:0}:
[   20.321173]        fs_reclaim_acquire+0x116/0x160
[   20.321465]        __kmalloc_cache_noprof+0x53/0x840
[   20.321792]        iomap_fill_dirty_folios+0x118/0x2c0
[   20.322114]        xfs_buffered_write_iomap_begin+0xef0/0x18c0
[   20.322462]        iomap_iter+0x551/0xfd0
[   20.322704]        iomap_zero_range+0x42f/0x720
[   20.322977]        xfs_zero_range+0xb5/0x100
[   20.323240]        xfs_reflink_remap_prep+0x3d3/0xac0
[   20.323541]        xfs_file_remap_range+0x23c/0xe20
[   20.323834]        vfs_clone_file_range+0x2b1/0xda0
[   20.324140]        ioctl_file_clone+0x6e/0x110
[   20.324419]        do_vfs_ioctl+0xcab/0x14d0
[   20.324682]        __x64_sys_ioctl+0x127/0x220
[   20.324952]        x64_sys_call+0x1274/0x2190
[   20.325223]        do_syscall_64+0x6d/0x450
[   20.325496]        entry_SYSCALL_64_after_hwframe+0x76/0x7e
[   20.325823] 
[   20.325823] -> #0 (&xfs_nondir_ilock_class){++++}-{4:4}:
[   20.326225]        __lock_acquire+0x1509/0x22a0
[   20.326518]        lock_acquire+0x170/0x310
[   20.326774]        down_write_nested+0x9a/0x210
[   20.327051]        xfs_ilock+0x338/0x3c0
[   20.327300]        xfs_icwalk_ag+0xaec/0x1b80
[   20.327560]        xfs_icwalk+0x56/0xc0
[   20.327790]        xfs_reclaim_inodes_nr+0x1d3/0x2d0
[   20.328091]        xfs_fs_free_cached_objects+0x6a/0x90
[   20.328408]        super_cache_scan+0x415/0x570
[   20.328682]        do_shrink_slab+0x408/0x1080
[   20.328953]        shrink_slab+0x348/0x12f0
[   20.329211]        shrink_node+0xba6/0x28c0
[   20.329464]        balance_pgdat+0xa2d/0x1580
[   20.329732]        kswapd+0x5b9/0xb00
[   20.329956]        kthread+0x464/0x980
[   20.330220]        ret_from_fork+0x3fb/0x560
[   20.330489]        ret_from_fork_asm+0x1a/0x30
[   20.330758] 
[   20.330758] other info that might help us debug this:
[   20.330758] 
[   20.331210]  Possible unsafe locking scenario:
[   20.331210] 
[   20.331551]        CPU0                    CPU1
[   20.331815]        ----                    ----
[   20.332084]   lock(fs_reclaim);
[   20.332279]                                lock(&xfs_nondir_ilock_class);
[   20.332668]                                lock(fs_reclaim);
[   20.333000]   lock(&xfs_nondir_ilock_class);
[   20.333258] 
[   20.333258]  *** DEADLOCK ***
[   20.333258] 
[   20.333597] 2 locks held by kswapd0/58:
[   20.333827]  #0: ffffffff8783fdc0 (fs_reclaim){+.+.}-{0:0}, at: balance_pgdat+0xb7e/0x1580
[   20.334317]  #1: ffff888016aea0e0 (&type->s_umount_key#54){.+.+}-{4:4}, at: super_cache_scan+0x9f/0x570
[   20.334866] 
[   20.334866] stack backtrace:
[   20.335135] CPU: 0 UID: 0 PID: 58 Comm: kswapd0 Not tainted 6.18.0-rc1-77c475692c5e+ #1 PREEMPT(voluntary) 
[   20.335145] Hardware name: QEMU Standard PC (i440FX + PIIX, 1996), BIOS rel-1.16.0-0-gd239552ce722-prebuilt.qemu.org 04/01/2014
[   20.335155] Call Trace:
[   20.335163]  <TASK>
[   20.335168]  dump_stack_lvl+0xea/0x150
[   20.335192]  dump_stack+0x19/0x20
[   20.335202]  print_circular_bug+0x283/0x350
[   20.335215]  check_noncircular+0x12f/0x150
[   20.335227]  ? super_cache_scan+0x415/0x570
[   20.335234]  ? shrink_slab+0x348/0x12f0
[   20.335249]  __lock_acquire+0x1509/0x22a0
[   20.335262]  ? check_path.constprop.0+0x28/0x50
[   20.335277]  lock_acquire+0x170/0x310
[   20.335290]  ? xfs_ilock+0x338/0x3c0
[   20.335307]  down_write_nested+0x9a/0x210
[   20.335315]  ? xfs_ilock+0x338/0x3c0
[   20.335327]  ? __pfx_down_write_nested+0x10/0x10
[   20.335335]  ? xfs_icwalk_ag+0xadf/0x1b80
[   20.335344]  ? xfs_icwalk_ag+0xaec/0x1b80
[   20.335353]  ? xfs_icwalk_ag+0xaec/0x1b80
[   20.335361]  xfs_ilock+0x338/0x3c0
[   20.335374]  xfs_icwalk_ag+0xaec/0x1b80
[   20.335388]  ? __pfx_xfs_icwalk_ag+0x10/0x10
[   20.335403]  ? __pfx_xa_find+0x10/0x10
[   20.335417]  ? xfs_group_grab_next_mark+0x26a/0x540
[   20.335433]  ? __this_cpu_preempt_check+0x21/0x30
[   20.335453]  ? lock_release+0x14f/0x2c0
[   20.335468]  ? xfs_group_grab_next_mark+0x274/0x540
[   20.335476]  ? __pfx_xfs_group_grab_next_mark+0x10/0x10
[   20.335485]  ? __pfx_try_to_wake_up+0x10/0x10
[   20.335505]  ? lock_release+0x14f/0x2c0
[   20.335519]  xfs_icwalk+0x56/0xc0
[   20.335528]  xfs_reclaim_inodes_nr+0x1d3/0x2d0
[   20.335537]  ? __pfx_xfs_reclaim_inodes_nr+0x10/0x10
[   20.335547]  ? __this_cpu_preempt_check+0x21/0x30
[   20.335560]  ? __pfx_prune_icache_sb+0x10/0x10
[   20.335578]  xfs_fs_free_cached_objects+0x6a/0x90
[   20.335588]  super_cache_scan+0x415/0x570
[   20.335599]  do_shrink_slab+0x408/0x1080
[   20.335615]  shrink_slab+0x348/0x12f0
[   20.335630]  ? shrink_slab+0x160/0x12f0
[   20.335643]  ? __pfx_shrink_slab+0x10/0x10
[   20.335661]  shrink_node+0xba6/0x28c0
[   20.335679]  ? __pfx_shrink_node+0x10/0x10
[   20.335690]  ? preempt_schedule_common+0x49/0xd0
[   20.335707]  balance_pgdat+0xa2d/0x1580
[   20.335721]  ? __pfx_balance_pgdat+0x10/0x10
[   20.335744]  kswapd+0x5b9/0xb00
[   20.335757]  ? __pfx_kswapd+0x10/0x10
[   20.335767]  ? local_clock_noinstr+0x80/0xd0
[   20.335779]  ? __pfx_autoremove_wake_function+0x10/0x10
[   20.335797]  ? __sanitizer_cov_trace_const_cmp1+0x1e/0x30
[   20.335820]  ? __kthread_parkme+0x1bc/0x260
[   20.335829]  ? __pfx_kswapd+0x10/0x10
[   20.335840]  ? __pfx_kswapd+0x10/0x10
[   20.335850]  kthread+0x464/0x980
[   20.335862]  ? __pfx_kthread+0x10/0x10
[   20.335874]  ? _raw_spin_unlock_irq+0x3c/0x60
[   20.335889]  ? __pfx_kthread+0x10/0x10
[   20.335901]  ret_from_fork+0x3fb/0x560
[   20.335914]  ? __pfx_kthread+0x10/0x10
[   20.335925]  ret_from_fork_asm+0x1a/0x30
[   20.335941]  </TASK>
[   20.362863] XFS (loop2): Ending clean mount
[   20.363897] repro: page allocation failure: order:0, mode:0x10cc0(GFP_KERNEL|__GFP_NORETRY), nodemask=(null),cpuset=/,mems_allowed=0
[   20.364583] CPU: 1 UID: 0 PID: 724 Comm: repro Not tainted 6.18.0-rc1-77c475692c5e+ #1 PREEMPT(voluntary) 
[   20.364594] Hardware name: QEMU Standard PC (i440FX + PIIX, 1996), BIOS rel-1.16.0-0-gd239552ce722-prebuilt.qemu.org 04/01/2014
[   20.364600] Call Trace:
[   20.364603]  <TASK>
[   20.364606]  dump_stack_lvl+0x121/0x150
[   20.364624]  dump_stack+0x19/0x20
[   20.364632]  warn_alloc+0x216/0x350
[   20.364646]  ? __pfx_warn_alloc+0x10/0x10
[   20.364656]  ? __pfx___alloc_pages_direct_compact+0x10/0x10
[   20.364664]  ? __drain_all_pages+0x27d/0x480
[   20.364676]  __alloc_pages_slowpath.constprop.0+0x1356/0x2270
[   20.364692]  ? __pfx___alloc_pages_slowpath.constprop.0+0x10/0x10
[   20.364701]  ? debug_smp_processor_id+0x20/0x30
[   20.364712]  ? rcu_is_watching+0x19/0xc0
[   20.364725]  ? lock_release+0x1ea/0x2c0
[   20.364739]  __alloc_frozen_pages_noprof+0x5da/0x6e0
[   20.364748]  ? __pfx___alloc_frozen_pages_noprof+0x10/0x10
[   20.364757]  ? __sanitizer_cov_trace_switch+0x58/0xa0
[   20.364771]  ? policy_nodemask+0xf9/0x450
[   20.364789]  alloc_pages_mpol+0x236/0x4c0
[   20.364799]  ? __pfx_alloc_pages_mpol+0x10/0x10
[   20.364808]  ? alloc_pages_noprof+0x46/0xa0
[   20.364823]  alloc_frozen_pages_noprof+0xa9/0x180
[   20.364833]  alloc_pages_noprof+0x27/0xa0
[   20.364842]  kimage_alloc_pages+0x78/0x240
[   20.364854]  kimage_alloc_control_pages+0x1ca/0xa60
[   20.364866]  ? __pfx_kimage_alloc_control_pages+0x10/0x10
[   20.364874]  ? __sanitizer_cov_trace_cmp8+0x1c/0x30
[   20.364888]  do_kexec_load+0x39b/0x8c0
[   20.364896]  ? __might_fault+0xf1/0x1b0
[   20.364907]  ? __pfx_do_kexec_load+0x10/0x10
[   20.364915]  ? __sanitizer_cov_trace_const_cmp8+0x1c/0x30
[   20.364927]  ? _copy_from_user+0x75/0xa0
[   20.364951]  __x64_sys_kexec_load+0x1cc/0x240
[   20.364961]  x64_sys_call+0x1c84/0x2190
[   20.364969]  do_syscall_64+0x6d/0x450
[   20.364979]  entry_SYSCALL_64_after_hwframe+0x76/0x7e
[   20.364986] RIP: 0033:0x7f250be3ee5d
[   20.365002] Code: ff c3 66 2e 0f 1f 84 00 00 00 00 00 90 f3 0f 1e fa 48 89 f8 48 89 f7 48 89 d6 48 89 ca 4d 89 c2 4d 89 c8 4c 8b 4c 24 08 0f 05 <48> 3d 01 f0 ff ff 73 01 c3 48 8b 0d 93 af 1b 00 f7 d8 64 89 01 48
[   20.365009] RSP: 002b:00007ffc6d433738 EFLAGS: 00000207 ORIG_RAX: 00000000000000f6
[   20.365021] RAX: ffffffffffffffda RBX: 0000000000000000 RCX: 00007f250be3ee5d
[   20.365025] RDX: 0000200000000180 RSI: 0000000000000003 RDI: 0000000000000000
[   20.365034] RBP: 00007ffc6d433750 R08: 00007ffc6d4331c0 R09: 00007ffc6d433750
[   20.365038] R10: 0000000000000000 R11: 0000000000000207 R12: 00007ffc6d4338a8
[   20.365043] R13: 00000000004030f5 R14: 000000000040ee08 R15: 00007f250c194000
[   20.365052]  </TASK>
[   20.365055] Mem-Info:
[   20.379173] active_anon:4547 inactive_anon:41969 isolated_anon:0
[   20.379173]  active_file:22683 inactive_file:18842 isolated_file:32
[   20.379173]  unevictable:0 dirty:34 writeback:2
[   20.379173]  slab_reclaimable:16480 slab_unreclaimable:21320
[   20.379173]  mapped:13842 shmem:29801 pagetables:1066
[   20.379173]  sec_pagetables:0 bounce:0
[   20.379173]  kernel_misc_reclaimable:0
[   20.379173]  free:15194 free_pcp:35 free_cma:0
[   20.381320] Node 0 active_anon:18188kB inactive_anon:167876kB active_file:90732kB inactive_file:75368kB unevictable:0kB isolated(anon):0kB isolated(file):128kB mapped:55368kB dirty:136kB writeback:8kB shmem:119204kB shmem_thp:0kB shmem_pmdmapped:0kB anon_thp:0kB kernel_stack:7904kB pagetables:4264kB sec_pagetables:0kB all_unreclaimable? no Balloon:0kB
[   20.383041] Node 0 DMA free:6532kB boost:0kB min:444kB low:552kB high:660kB reserved_highatomic:0KB free_highatomic:0KB active_anon:0kB inactive_anon:0kB active_file:0kB inactive_file:0kB unevictable:0kB writepending:0kB zspages:0kB present:15992kB managed:15360kB mlocked:0kB bounce:0kB free_pcp:0kB local_pcp:0kB free_cma:0kB
[   20.384637] lowmem_reserve[]: 0 1522 1522 1522 1522
[   20.384937] Node 0 DMA32 free:54496kB boost:10240kB min:54848kB low:66000kB high:77152kB reserved_highatomic:0KB free_highatomic:0KB active_anon:18188kB inactive_anon:167876kB active_file:90732kB inactive_file:75068kB unevictable:0kB writepending:124kB zspages:0kB present:2080640kB managed:1559432kB mlocked:0kB bounce:0kB free_pcp:16kB local_pcp:0kB free_cma:0kB
[   20.386696] lowmem_reserve[]: 0 0 0 0 0
[   20.386947] Node 0 DMA: 0*4kB 1*8kB (U) 1*16kB (U) 1*32kB (M) 2*64kB (UM) 2*128kB (UM) 2*256kB (UM) 1*512kB (M) 1*1024kB (M) 0*2048kB 1*4096kB (M) = 6584kB
[   20.387781] Node 0 DMA32: 134*4kB (UME) 235*8kB (UME) 266*16kB (UME) 169*32kB (UME) 108*64kB (UME) 65*128kB (UME) 31*256kB (UME) 22*512kB (ME) 8*1024kB (UM) 0*2048kB 0*4096kB = 54704kB
[   20.388755] Node 0 hugepages_total=0 hugepages_free=0 hugepages_surp=0 hugepages_size=1048576kB
[   20.389245] Node 0 hugepages_total=0 hugepages_free=0 hugepages_surp=0 hugepages_size=2048kB
[   20.389722] 71302 total pagecache pages
[   20.389954] 0 pages in swap cache
[   20.390158] Free swap  = 0kB
[   20.390337] Total swap = 0kB
[   20.390517] 524158 pages RAM
[   20.390695] 0 pages HighMem/MovableOnly
[   20.390949] 130460 pages reserved
[   20.391153] 0 pages cma reserved
[   20.391347] 0 pages hwpoisoned
[   20.442352] kexec: Could not allocate control_code_buffer
[   20.491619] XFS (loop2): Quotacheck needed: Please wait.
[   20.498091] XFS (loop2): Quotacheck: Done.
[   20.571169] loop1: detected capacity change from 0 to 32768
[   20.587291] XFS (loop1): Mounting V5 Filesystem bfdc47fc-10d8-4eed-a562-11a831b3f791
[   20.613696] XFS (loop1): Ending clean mount
[   20.623514] XFS (loop1): Quotacheck needed: Please wait.
[   20.627685] XFS (loop1): Quotacheck: Done.
[   21.359742] kexec: Could not allocate control_code_buffer
[   22.122745] kexec: Could not allocate control_code_buffer
[   22.623803] kexec: Could not allocate control_code_buffer
[   24.368040] kexec: Could not allocate control_code_buffer
[   25.308119] kexec: Could not allocate control_code_buffer
[   26.130905] kexec: Could not allocate control_code_buffer
[   27.366849] repro invoked oom-killer: gfp_mask=0x140cca(GFP_HIGHUSER_MOVABLE|__GFP_COMP), order=0, oom_score_adj=1000
[   27.367524] CPU: 1 UID: 0 PID: 896 Comm: repro Not tainted 6.18.0-rc1-77c475692c5e+ #1 PREEMPT(voluntary) 
[   27.367536] Hardware name: QEMU Standard PC (i440FX + PIIX, 1996), BIOS rel-1.16.0-0-gd239552ce722-prebuilt.qemu.org 04/01/2014
[   27.367541] Call Trace:
[   27.367547]  <TASK>
[   27.367551]  dump_stack_lvl+0x121/0x150
[   27.367570]  dump_stack+0x19/0x20
[   27.367578]  dump_header+0x10f/0x910
[   27.367592]  oom_kill_process+0x287/0xa40
[   27.367599]  out_of_memory+0x34c/0x1710
[   27.367611]  ? __pfx_out_of_memory+0x10/0x10
[   27.367620]  __alloc_pages_slowpath.constprop.0+0x1bc6/0x2270
[   27.367634]  ? __pfx___alloc_pages_slowpath.constprop.0+0x10/0x10
[   27.367644]  ? lock_release+0x1ea/0x2c0
[   27.367668]  __alloc_frozen_pages_noprof+0x5da/0x6e0
[   27.367679]  ? __pfx___alloc_frozen_pages_noprof+0x10/0x10
[   27.367687]  ? _raw_spin_unlock+0x31/0x60
[   27.367700]  ? __sanitizer_cov_trace_switch+0x58/0xa0
[   27.367717]  ? policy_nodemask+0xf9/0x450
[   27.367729]  alloc_pages_mpol+0x236/0x4c0
[   27.367740]  ? __pfx_alloc_pages_mpol+0x10/0x10
[   27.367749]  ? rcu_is_watching+0x19/0xc0
[   27.367762]  folio_alloc_mpol_noprof+0x44/0x120
[   27.367774]  shmem_alloc_folio+0x128/0x150
[   27.367786]  shmem_alloc_and_add_folio+0x40d/0xad0
[   27.367803]  ? __pfx_shmem_alloc_and_add_folio+0x10/0x10
[   27.367814]  ? trace_irq_enable+0xd1/0x110
[   27.367838]  shmem_get_folio_gfp+0x595/0x1350
[   27.367852]  ? __pfx_shmem_get_folio_gfp+0x10/0x10
[   27.367862]  ? __pfx___schedule+0x10/0x10
[   27.367877]  shmem_write_begin+0x17b/0x480
[   27.367891]  ? __pfx_shmem_write_begin+0x10/0x10
[   27.367901]  ? balance_dirty_pages_ratelimited_flags+0x9b/0x12a0
[   27.367915]  ? __cond_resched+0x37/0x50
[   27.367929]  generic_perform_write+0x438/0x920
[   27.367950]  ? __pfx_generic_perform_write+0x10/0x10
[   27.367964]  ? __sanitizer_cov_trace_const_cmp4+0x1a/0x20
[   27.367978]  ? mnt_put_write_access_file+0x5c/0x110
[   27.367993]  shmem_file_write_iter+0x11b/0x150
[   27.368007]  vfs_write+0xc6d/0x11f0
[   27.368021]  ? __pfx_shmem_file_write_iter+0x10/0x10
[   27.368036]  ? __pfx_vfs_write+0x10/0x10
[   27.368051]  ? debug_smp_processor_id+0x20/0x30
[   27.368067]  ksys_write+0x14e/0x280
[   27.368079]  ? __pfx_ksys_write+0x10/0x10
[   27.368094]  ? __audit_syscall_entry+0x393/0x4f0
[   27.368105]  __x64_sys_write+0x7b/0xc0
[   27.368115]  ? syscall_trace_enter+0x14d/0x250
[   27.368132]  x64_sys_call+0x16f8/0x2190
[   27.368143]  do_syscall_64+0x6d/0x450
[   27.368155]  entry_SYSCALL_64_after_hwframe+0x76/0x7e
[   27.368163] RIP: 0033:0x7f250bf3eb97
[   27.368178] Code: Unable to access opcode bytes at 0x7f250bf3eb6d.
[   27.368182] RSP: 002b:00007ffc6d4334a8 EFLAGS: 00000246 ORIG_RAX: 0000000000000001
[   27.368191] RAX: ffffffffffffffda RBX: 0000000000000000 RCX: 00007f250bf3eb97
[   27.368196] RDX: 0000000001000000 RSI: 00007f2503a00000 RDI: 0000000000000003
[   27.368201] RBP: 00007ffc6d433500 R08: 00000000ffffffff R09: 0000000000000000
[   27.368206] R10: 00007f250be07e00 R11: 0000000000000246 R12: 00007ffc6d4338a8
[   27.368211] R13: 00000000004030f5 R14: 000000000040ee08 R15: 00007f250c194000
[   27.368228]  </TASK>
[   27.368253] Mem-Info:
[   27.384152] active_anon:5196 inactive_anon:51599 isolated_anon:0
[   27.384152]  active_file:243 inactive_file:415 isolated_file:0
[   27.384152]  unevictable:0 dirty:1 writeback:0
[   27.384152]  slab_reclaimable:4454 slab_unreclaimable:24334
[   27.384152]  mapped:253 shmem:39543 pagetables:1082
[   27.384152]  sec_pagetables:0 bounce:0
[   27.384152]  kernel_misc_reclaimable:0
[   27.384152]  free:12940 free_pcp:0 free_cma:0
[   27.386165] Node 0 active_anon:20784kB inactive_anon:206396kB active_file:972kB inactive_file:1660kB unevictable:0kB isolated(anon):0kB isolated(file):0kB mapped:1012kB dirty:4kB writeback:0kB shmem:158172kB shmem_thp:0kB shmem_pmdmapped:0kB anon_thp:0kB kernel_stack:8000kB pagetables:4328kB sec_pagetables:0kB all_unreclaimable? no Balloon:0kB
[   27.387775] Node 0 DMA free:6500kB boost:0kB min:444kB low:552kB high:660kB reserved_highatomic:0KB free_highatomic:0KB active_anon:0kB inactive_anon:40kB active_file:0kB inactive_file:20kB unevictable:0kB writepending:0kB zspages:0kB present:15992kB managed:15360kB mlocked:0kB bounce:0kB free_pcp:0kB local_pcp:0kB free_cma:0kB
[   27.389297] lowmem_reserve[]: 0 1522 1522 1522 1522
[   27.389585] Node 0 DMA32 free:45260kB boost:0kB min:44608kB low:55760kB high:66912kB reserved_highatomic:0KB free_highatomic:0KB active_anon:20784kB inactive_anon:206356kB active_file:972kB inactive_file:1660kB unevictable:0kB writepending:4kB zspages:0kB present:2080640kB managed:1559432kB mlocked:0kB bounce:0kB free_pcp:0kB local_pcp:0kB free_cma:0kB
[   27.391237] lowmem_reserve[]: 0 0 0 0 0
[   27.391471] Node 0 DMA: 4*4kB (M) 4*8kB (UM) 1*16kB (M) 2*32kB (ME) 4*64kB (UME) 4*128kB (UME) 4*256kB (UME) 1*512kB (E) 2*1024kB (ME) 1*2048kB (E) 0*4096kB = 6528kB
[   27.392329] Node 0 DMA32: 113*4kB (UM) 86*8kB (UME) 284*16kB (UME) 361*32kB (UME) 153*64kB (UME) 73*128kB (UME) 35*256kB (ME) 0*512kB 0*1024kB 0*2048kB 0*4096kB = 45332kB
[   27.393191] Node 0 hugepages_total=0 hugepages_free=0 hugepages_surp=0 hugepages_size=1048576kB
[   27.393668] Node 0 hugepages_total=0 hugepages_free=0 hugepages_surp=0 hugepages_size=2048kB
[   27.394131] 40265 total pagecache pages
[   27.394348] 0 pages in swap cache
[   27.394541] Free swap  = 0kB
[   27.394709] Total swap = 0kB
[   27.394896] 524158 pages RAM
[   27.395065] 0 pages HighMem/MovableOnly
[   27.395282] 130460 pages reserved
[   27.395481] 0 pages cma reserved
[   27.395666] 0 pages hwpoisoned
[   27.395844] Tasks state (memory values in pages):
[   27.396107] [  pid  ]   uid  tgid total_vm      rss rss_anon rss_file rss_shmem pgtables_bytes swapents oom_score_adj name
[   27.396719] [    140]     0   140     5474      446      256       30       160    73728        0          -250 systemd-journal
[   27.397340] [    161]     0   161     7797      632      608       24         0    81920        0         -1000 systemd-udevd
[   27.397947] [    231]    32   231     3314      221      192       29         0    65536        0             0 rpcbind
[   27.398530] [    232]     0   232    22959      198      161       37         0    65536        0         -1000 auditd
[   27.399127] [    234]     0   234     1947       76       64       12         0    53248        0             0 sedispatch
[   27.399707] [    255]    81   255     2731      237      193       44         0    69632        0          -900 dbus-broker-lau
[   27.400327] [    256]    81   256     1316      177      129       48         0    45056        0          -900 dbus-broker
[   27.400920] [    257]     0   257    64609     1029      992       37         0   131072        0             0 NetworkManager
[   27.401533] [    260]     0   260    19783       82       32       50         0    57344        0             0 irqbalance
[   27.402129] [    261]   992   261      678       83       32       51         0    40960        0             0 lsmd
[   27.402696] [    262]     0   262      700       67       32       35         0    45056        0             0 mcelog
[   27.403295] [    264]     0   264     4606      302      256       46         0    77824        0             0 systemd-logind
[   27.403906] [    265]     0   265     4496      250      224       26         0    73728        0             0 systemd-machine
[   27.404522] [    273]   985   273    21097      165      129       36         0    69632        0             0 chronyd
[   27.405100] [    275]     0   275     4419      257      224       33         0    73728        0             0 systemd-hostnam
[   27.405711] [    299]     0   299    39958      343      160       41       142    86016        0             0 rsyslogd
[   27.406297] [    303]     0   303     3951      320      288       32         0    73728        0         -1000 sshd
[   27.406896] [    304]     0   304    13748      222      187       35         0    90112        0             0 gssproxy
[   27.407477] [    305]     0   305    66148     3434     3384       50         0   151552        0             0 tuned
[   27.408043] [    322]     0   322   292079      585      544       41         0   249856        0             0 virtqemud
[   27.408629] [    323]     0   323     1169       69       32       37         0    45056        0             0 atd
[   27.409190] [    324]     0   324     2138      214      192       22         0    53248        0             0 crond
[   27.409757] [    346]     0   346      763       28        0       28         0    49152        0             0 agetty
[   27.410332] [    347]     0   347     1405       69       32       37         0    61440        0             0 agetty
[   27.410916] [    542]   998   542   644241     1080     1043       37         0   208896        0             0 polkitd
[   27.411501] [    588]     0   588     5110      468      448       20         0    94208        0           100 systemd
[   27.412078] [    589]     0   589    42783      975      967        8         0   106496        0           100 (sd-pam)
[   27.412661] [    693]     0   693     4741      499      448       51         0    77824        0             0 sshd
[   27.413228] [    695]     0   695     4741      487      455       32         0    77824        0             0 sshd
[   27.413793] [    696]     0   696     1782       99       64       35         0    53248        0             0 repro.sh
[   27.414379] [    721]     0   721     4736        4        0        4         0    40960        0             0 repro
[   27.414960] [    722]     0   722     4736       25        0       25         0    40960        0             0 repro
[   27.415533] [    723]     0   723     4736       39        0       39         0    40960        0             0 repro
[   27.416103] [    726]     0   726     4736       46        0       46         0    40960        0             0 repro
[   27.416671] [    727]     0   727     4736       30        0       30         0    40960        0             0 repro
[   27.417251] [    728]     0   728     4736       53        0       53         0    40960        0             0 repro
[   27.417821] [    729]     0   729     4736       33        0       33         0    40960        0             0 repro
[   27.418397] [    730]     0   730     4736       55        0       55         0    40960        0             0 repro
[   27.418976] [    732]     0   732     4736       45        0       45         0    40960        0             0 repro
[   27.419551] [    736]     0   736     7876      727      686       41         0    73728        0             0 systemd-udevd
[   27.420324] [    739]     0   739     7876      732      681       51         0    73728        0             0 systemd-udevd
[   27.420929] [    740]     0   740     7876      723      691       32         0    73728        0             0 systemd-udevd
[   27.421544] [    741]     0   741     7861      708      696       12         0    73728        0             0 systemd-udevd
[   27.422178] [    871]     0   871     7861      715      681       34         0    73728        0             0 systemd-udevd
[   27.422788] [    887]     0   887     4736       55        0       55         0    53248        0          1000 repro
[   27.423518] [    895]     0   895    38528      577      544       33         0    86016        0          1000 repro
[   27.424317] [    896]     0   896    38528      577      544       33         0    86016        0          1000 repro
[   27.424911] [    897]     0   897    38528      577      544       33         0    86016        0          1000 repro
[   27.425502] [    898]     0   898    38528      609      576       33         0    81920        0          1000 repro
[   27.426091] [    899]     0   899    38528      567      512       55         0    73728        0          1000 repro
[   27.426679] [    900]     0   900    38528      577      544       33         0    65536        0          1000 repro
[   27.427349] [    901]     0   901     4736        3        0        3         0    40960        0             0 repro
[   27.428064] oom-kill:constraint=CONSTRAINT_NONE,nodemask=(null),cpuset=/,mems_allowed=0,global_oom,task_memcg=/user.slice/user-0.slice/session-6.scope,task=repro,pid=896,uid=0
[   27.429133] Out of memory: Killed process 896 (repro) total-vm:154112kB, anon-rss:2176kB, file-rss:132kB, shmem-rss:0kB, UID:0 pgtables:84kB oom_score_adj:1000
[   27.736978] kexec: Could not allocate control_code_buffer
[   29.101146] repro invoked oom-killer: gfp_mask=0x140cca(GFP_HIGHUSER_MOVABLE|__GFP_COMP), order=0, oom_score_adj=1000
[   29.101742] CPU: 1 UID: 0 PID: 913 Comm: repro Not tainted 6.18.0-rc1-77c475692c5e+ #1 PREEMPT(voluntary) 
[   29.101753] Hardware name: QEMU Standard PC (i440FX + PIIX, 1996), BIOS rel-1.16.0-0-gd239552ce722-prebuilt.qemu.org 04/01/2014
[   29.101759] Call Trace:
[   29.101763]  <TASK>
[   29.101766]  dump_stack_lvl+0x121/0x150
[   29.101793]  dump_stack+0x19/0x20
[   29.101801]  dump_header+0x10f/0x910
[   29.101812]  oom_kill_process+0x287/0xa40
[   29.101820]  out_of_memory+0x34c/0x1710
[   29.101828]  ? __pfx_out_of_memory+0x10/0x10
[   29.101838]  __alloc_pages_slowpath.constprop.0+0x1bc6/0x2270
[   29.101852]  ? __pfx___alloc_pages_slowpath.constprop.0+0x10/0x10
[   29.101862]  ? lock_release+0x1ea/0x2c0
[   29.101877]  __alloc_frozen_pages_noprof+0x5da/0x6e0
[   29.101885]  ? __pfx___alloc_frozen_pages_noprof+0x10/0x10
[   29.101892]  ? __pfx_alloc_pages_mpol+0x10/0x10
[   29.101902]  ? __sanitizer_cov_trace_switch+0x58/0xa0
[   29.101915]  ? policy_nodemask+0xf9/0x450
[   29.101924]  alloc_pages_mpol+0x236/0x4c0
[   29.101934]  ? __pfx_alloc_pages_mpol+0x10/0x10
[   29.101942]  ? filemap_get_entry+0x1c0/0x360
[   29.101952]  alloc_frozen_pages_noprof+0xa9/0x180
[   29.101962]  folio_alloc_noprof+0x2d/0x120
[   29.101971]  filemap_alloc_folio_noprof+0x3e0/0x470
[   29.101980]  ? __pfx_filemap_get_entry+0x10/0x10
[   29.101989]  ? __pfx_filemap_alloc_folio_noprof+0x10/0x10
[   29.102003]  ? down_read+0x142/0x4d0
[   29.102013]  __filemap_get_folio+0x432/0x8c0
[   29.102022]  filemap_fault+0x1782/0x2cf0
[   29.102032]  ? __pfx_filemap_fault+0x10/0x10
[   29.102041]  ? rcu_read_unlock+0x31/0xc0
[   29.102049]  ? debug_smp_processor_id+0x20/0x30
[   29.102060]  ? rcu_is_watching+0x19/0xc0
[   29.102069]  __do_fault+0x115/0x870
[   29.102079]  do_fault+0xba6/0x1690
[   29.102095]  __handle_mm_fault+0x1a2a/0x2d70
[   29.102104]  ? __pfx___handle_mm_fault+0x10/0x10
[   29.102110]  ? lock_vma_under_rcu+0x192/0x550
[   29.102118]  ? debug_smp_processor_id+0x20/0x30
[   29.102128]  ? rcu_is_watching+0x19/0xc0
[   29.102135]  ? lock_release+0x1ea/0x2c0
[   29.102150]  handle_mm_fault+0x2de/0x920
[   29.102158]  do_user_addr_fault+0x526/0xfe0
[   29.102173]  ? rcu_is_watching+0x19/0xc0
[   29.102181]  exc_page_fault+0xc9/0x1d0
[   29.102191]  asm_exc_page_fault+0x2b/0x30
[   29.102198] RIP: 0033:0x7f250c16d0ff
[   29.102208] Code: 57 41 56 41 55 41 54 49 89 fc 55 48 89 d5 53 48 81 ec 98 00 00 00 48 89 74 24 10 48 89 4c 24 18 4c 89 44 24 08 44 89 4c 24 38 <41> 0f b6 14 24 84 d2 0f 84 34 02 00 00 4c 89 e1 bb 05 15 00 00 0f
[   29.102215] RSP: 002b:00007ffc6d4332a0 EFLAGS: 00010206
[   29.102223] RAX: 00000000000000cd RBX: 000000000000001c RCX: 00007f250c195590
[   29.102227] RDX: 00007ffc6d433380 RSI: 00007f250c195220 RDI: 0000000000400835
[   29.102231] RBP: 00007ffc6d433380 R08: 00007f250c14a598 R09: 0000000000000001
[   29.102236] R10: 00007ffc6d433380 R11: 0000000000000217 R12: 0000000000400835
[   29.102240] R13: 00000000004030f5 R14: 000000000040ee08 R15: 00007f250c194000
[   29.102249]  </TASK>
[   29.102252] Mem-Info:
[   29.117402] active_anon:5198 inactive_anon:49880 isolated_anon:0
[   29.117402]  active_file:265 inactive_file:628 isolated_file:32
[   29.117402]  unevictable:0 dirty:5 writeback:0
[   29.117402]  slab_reclaimable:4408 slab_unreclaimable:24168
[   29.117402]  mapped:430 shmem:37769 pagetables:1080
[   29.117402]  sec_pagetables:0 bounce:0
[   29.117402]  kernel_misc_reclaimable:0
[   29.117402]  free:12967 free_pcp:11 free_cma:0
[   29.119438] Node 0 active_anon:20792kB inactive_anon:199520kB active_file:1060kB inactive_file:2596kB unevictable:0kB isolated(anon):0kB isolated(file):0kB mapped:1720kB dirty:20kB writeback:0kB shmem:151076kB shmem_thp:0kB shmem_pmdmapped:0kB anon_thp:0kB kernel_stack:8000kB pagetables:4320kB sec_pagetables:0kB all_unreclaimable? no Balloon:0kB
[   29.121037] Node 0 DMA free:6488kB boost:0kB min:444kB low:552kB high:660kB reserved_highatomic:0KB free_highatomic:0KB active_anon:0kB inactive_anon:104kB active_file:0kB inactive_file:0kB unevictable:0kB writepending:0kB zspages:0kB present:15992kB managed:15360kB mlocked:0kB bounce:0kB free_pcp:0kB local_pcp:0kB free_cma:0kB
[   29.122568] lowmem_reserve[]: 0 1522 1522 1522 1522
[   29.122865] Node 0 DMA32 free:45380kB boost:0kB min:44608kB low:55760kB high:66912kB reserved_highatomic:0KB free_highatomic:0KB active_anon:20792kB inactive_anon:199332kB active_file:1060kB inactive_file:2596kB unevictable:0kB writepending:20kB zspages:0kB present:2080640kB managed:1559432kB mlocked:0kB bounce:0kB free_pcp:44kB local_pcp:0kB free_cma:0kB
[   29.124518] lowmem_reserve[]: 0 0 0 0 0
[   29.124757] Node 0 DMA: 1*4kB (U) 2*8kB (UM) 0*16kB 1*32kB (U) 3*64kB (UM) 3*128kB (UM) 3*256kB (UM) 0*512kB 1*1024kB (M) 0*2048kB 1*4096kB (E) = 6516kB
[   29.125543] Node 0 DMA32: 31*4kB (M) 26*8kB (M) 555*16kB (ME) 369*32kB (ME) 147*64kB (ME) 61*128kB (ME) 28*256kB (ME) 0*512kB 0*1024kB 0*2048kB 0*4096kB = 45404kB
[   29.126373] Node 0 hugepages_total=0 hugepages_free=0 hugepages_surp=0 hugepages_size=1048576kB
[   29.126856] Node 0 hugepages_total=0 hugepages_free=0 hugepages_surp=0 hugepages_size=2048kB
[   29.127314] 38753 total pagecache pages
[   29.127530] 0 pages in swap cache
[   29.127720] Free swap  = 0kB
[   29.127888] Total swap = 0kB
[   29.128058] 524158 pages RAM
[   29.128229] 0 pages HighMem/MovableOnly
[   29.128448] 130460 pages reserved
[   29.128642] 0 pages cma reserved
[   29.128829] 0 pages hwpoisoned
[   29.129007] Tasks state (memory values in pages):
[   29.129273] [  pid  ]   uid  tgid total_vm      rss rss_anon rss_file rss_shmem pgtables_bytes swapents oom_score_adj name
[   29.129880] [    140]     0   140     5474      617      256      169       192    73728        0          -250 systemd-journal
[   29.130499] [    161]     0   161     7797      742      608      134         0    81920        0         -1000 systemd-udevd
[   29.131124] [    231]    32   231     3314      221      192       29         0    65536        0             0 rpcbind
[   29.131707] [    232]     0   232    22959      198      161       37         0    65536        0         -1000 auditd
[   29.132285] [    234]     0   234     1947       76       64       12         0    53248        0             0 sedispatch
[   29.132877] [    255]    81   255     2731      237      193       44         0    69632        0          -900 dbus-broker-lau
[   29.133499] [    256]    81   256     1316      255      129      126         0    45056        0          -900 dbus-broker
[   29.134099] [    257]     0   257    64609     1029      992       37         0   131072        0             0 NetworkManager
[   29.134711] [    260]     0   260    19783       82       32       50         0    57344        0             0 irqbalance
[   29.135321] [    261]   992   261      678       83       32       51         0    40960        0             0 lsmd
[   29.135890] [    262]     0   262      700       67       32       35         0    45056        0             0 mcelog
[   29.136468] [    264]     0   264     4606      356      256      100         0    77824        0             0 systemd-logind
[   29.137084] [    265]     0   265     4496      326      224      102         0    73728        0             0 systemd-machine
[   29.137700] [    273]   985   273    21097      165      129       36         0    69632        0             0 chronyd
[   29.138284] [    275]     0   275     4419      257      224       33         0    73728        0             0 systemd-hostnam
[   29.138928] [    299]     0   299    39958      424      160      122       142    86016        0             0 rsyslogd
[   29.139519] [    303]     0   303     3951      320      288       32         0    73728        0         -1000 sshd
[   29.140088] [    304]     0   304    13748      222      187       35         0    90112        0             0 gssproxy
[   29.140674] [    305]     0   305    66148     3496     3384      112         0   151552        0             0 tuned
[   29.141251] [    322]     0   322   292079      627      544       83         0   249856        0             0 virtqemud
[   29.141841] [    323]     0   323     1169       69       32       37         0    45056        0             0 atd
[   29.142407] [    324]     0   324     2138      214      192       22         0    53248        0             0 crond
[   29.142990] [    346]     0   346      763       28        0       28         0    49152        0             0 agetty
[   29.143679] [    347]     0   347     1405       69       32       37         0    61440        0             0 agetty
[   29.144296] [    542]   998   542   644241     1092     1043       49         0   208896        0             0 polkitd
[   29.144939] [    588]     0   588     5110      623      448      175         0    94208        0           100 systemd
[   29.145522] [    589]     0   589    42783      975      967        8         0   106496        0           100 (sd-pam)
[   29.146114] [    693]     0   693     4741      499      448       51         0    77824        0             0 sshd
[   29.146681] [    695]     0   695     4741      529      455       74         0    77824        0             0 sshd
[   29.147330] [    696]     0   696     1782       99       64       35         0    53248        0             0 repro.sh
[   29.147916] [    721]     0   721     4736        4        0        4         0    40960        0             0 repro
[   29.148492] [    722]     0   722     4736      104        0      104         0    40960        0             0 repro
[   29.149066] [    723]     0   723     4736       82        0       82         0    40960        0             0 repro
[   29.149640] [    726]     0   726     4736       66        0       66         0    40960        0             0 repro
[   29.150217] [    727]     0   727     4736        0        0        0         0    40960        0             0 repro
[   29.150789] [    728]     0   728     4736       99        0       99         0    40960        0             0 repro
[   29.151554] [    729]     0   729     4736       91        0       91         0    40960        0             0 repro
[   29.152255] [    730]     0   730     4736      103        0      103         0    40960        0             0 repro
[   29.152834] [    732]     0   732     4736       89        0       89         0    40960        0             0 repro
[   29.153408] [    736]     0   736     7876      856      686      170         0    73728        0             0 systemd-udevd
[   29.154014] [    739]     0   739     7876      869      681      188         0    73728        0             0 systemd-udevd
[   29.154624] [    740]     0   740     7876      723      691       32         0    73728        0             0 systemd-udevd
[   29.155285] [    741]     0   741     7861      708      696       12         0    73728        0             0 systemd-udevd
[   29.155932] [    871]     0   871     7861      851      681      170         0    73728        0             0 systemd-udevd
[   29.156571] [    901]     0   901     4736       63        0       63         0    53248        0          1000 repro
[   29.157166] [    913]     0   913     4736      127       30       97         0    53248        0          1000 repro
[   29.157760] [    914]     0   914    38528      641      544       97         0    86016        0          1000 repro
[   29.158355] [    916]     0   916    38528      641      544       97         0    81920        0          1000 repro
[   29.158978] [    917]     0   917    38528      641      544       97         0    77824        0          1000 repro
[   29.159697] [    918]     0   918    38528      641      544       97         0    77824        0          1000 repro
[   29.160439] [    919]     0   919    38528      673      576       97         0    81920        0          1000 repro
[   29.161078] [    920]     0   920    38528      641      544       97         0    69632        0          1000 repro
[   29.161669] oom-kill:constraint=CONSTRAINT_NONE,nodemask=(null),cpuset=/,mems_allowed=0,global_oom,task_memcg=/user.slice/user-0.slice/session-6.scope,task=repro,pid=919,uid=0
[   29.162574] Out of memory: Killed process 919 (repro) total-vm:154112kB, anon-rss:2304kB, file-rss:388kB, shmem-rss:0kB, UID:0 pgtables:80kB oom_score_adj:1000
[   29.275453] kexec: Could not allocate control_code_buffer
[   29.943802] kexec: Could not allocate control_code_buffer
[   31.193402] warn_alloc: 9 callbacks suppressed
[   31.193418] repro: page allocation failure: order:0, mode:0x10cc0(GFP_KERNEL|__GFP_NORETRY), nodemask=(null),cpuset=/,mems_allowed=0
[   31.194341] CPU: 1 UID: 0 PID: 929 Comm: repro Not tainted 6.18.0-rc1-77c475692c5e+ #1 PREEMPT(voluntary) 
[   31.194352] Hardware name: QEMU Standard PC (i440FX + PIIX, 1996), BIOS rel-1.16.0-0-gd239552ce722-prebuilt.qemu.org 04/01/2014
[   31.194374] Call Trace:
[   31.194377]  <TASK>
[   31.194381]  dump_stack_lvl+0x121/0x150
[   31.194397]  dump_stack+0x19/0x20
[   31.194405]  warn_alloc+0x216/0x350
[   31.194415]  ? __pfx_warn_alloc+0x10/0x10
[   31.194425]  ? __pfx___alloc_pages_direct_compact+0x10/0x10
[   31.194431]  ? __drain_all_pages+0x27d/0x480
[   31.194444]  __alloc_pages_slowpath.constprop.0+0x1356/0x2270
[   31.194456]  ? __pfx___alloc_pages_slowpath.constprop.0+0x10/0x10
[   31.194464]  ? debug_smp_processor_id+0x20/0x30
[   31.194475]  ? rcu_is_watching+0x19/0xc0
[   31.194484]  ? lock_release+0x1ea/0x2c0
[   31.194498]  __alloc_frozen_pages_noprof+0x5da/0x6e0
[   31.194504]  ? trace_hardirqs_on+0x51/0x60
[   31.194515]  ? irqentry_exit+0x3e/0xa0
[   31.194525]  ? __pfx___alloc_frozen_pages_noprof+0x10/0x10
[   31.194532]  ? asm_sysvec_call_function_single+0x1f/0x30
[   31.194542]  ? __sanitizer_cov_trace_switch+0x58/0xa0
[   31.194555]  ? policy_nodemask+0xf9/0x450
[   31.194564]  alloc_pages_mpol+0x236/0x4c0
[   31.194574]  ? __pfx_alloc_pages_mpol+0x10/0x10
[   31.194583]  ? asm_sysvec_call_function_single+0x1f/0x30
[   31.194592]  alloc_frozen_pages_noprof+0xa9/0x180
[   31.194602]  alloc_pages_noprof+0x27/0xa0
[   31.194611]  kimage_alloc_pages+0x78/0x240
[   31.194620]  kimage_alloc_control_pages+0x1ca/0xa60
[   31.194630]  ? __pfx_kimage_alloc_control_pages+0x10/0x10
[   31.194638]  ? __sanitizer_cov_trace_cmp8+0x1c/0x30
[   31.194654]  do_kexec_load+0x39b/0x8c0
[   31.194661]  ? __might_fault+0xf1/0x1b0
[   31.194670]  ? __pfx_do_kexec_load+0x10/0x10
[   31.194678]  ? __sanitizer_cov_trace_const_cmp8+0x1c/0x30
[   31.194689]  ? _copy_from_user+0x75/0xa0
[   31.194702]  __x64_sys_kexec_load+0x1cc/0x240
[   31.194711]  x64_sys_call+0x1c84/0x2190
[   31.194718]  do_syscall_64+0x6d/0x450
[   31.194728]  entry_SYSCALL_64_after_hwframe+0x76/0x7e
[   31.194735] RIP: 0033:0x7f250be3ee5d
[   31.194750] Code: Unable to access opcode bytes at 0x7f250be3ee33.
[   31.194753] RSP: 002b:00007ffc6d433738 EFLAGS: 00000207 ORIG_RAX: 00000000000000f6
[   31.194760] RAX: ffffffffffffffda RBX: 0000000000000000 RCX: 00007f250be3ee5d
[   31.194764] RDX: 0000200000000180 RSI: 0000000000000003 RDI: 0000000000000000
[   31.194768] RBP: 00007ffc6d433750 R08: 00007ffc6d4331c0 R09: 00007ffc6d433750
[   31.194773] R10: 0000000000000000 R11: 0000000000000207 R12: 00007ffc6d4338a8
[   31.194777] R13: 00000000004030f5 R14: 000000000040ee08 R15: 00007f250c194000
[   31.194786]  </TASK>
[   31.194788] Mem-Info:
[   31.208074] active_anon:5198 inactive_anon:48816 isolated_anon:0
[   31.208074]  active_file:33 inactive_file:90 isolated_file:0
[   31.208074]  unevictable:0 dirty:1 writeback:0
[   31.208074]  slab_reclaimable:4425 slab_unreclaimable:24407
[   31.208074]  mapped:230 shmem:36341 pagetables:1083
[   31.208074]  sec_pagetables:0 bounce:0
[   31.208074]  kernel_misc_reclaimable:0
[   31.208074]  free:13175 free_pcp:59 free_cma:0
[   31.210050] Node 0 active_anon:20792kB inactive_anon:195264kB active_file:132kB inactive_file:360kB unevictable:0kB isolated(anon):0kB isolated(file):0kB mapped:920kB dirty:4kB writeback:0kB shmem:145364kB shmem_thp:0kB shmem_pmdmapped:0kB anon_thp:0kB kernel_stack:8000kB pagetables:4332kB sec_pagetables:0kB all_unreclaimable? no Balloon:0kB
[   31.211638] Node 0 DMA free:6484kB boost:0kB min:444kB low:552kB high:660kB reserved_highatomic:0KB free_highatomic:0KB active_anon:0kB inactive_anon:136kB active_file:0kB inactive_file:0kB unevictable:0kB writepending:0kB zspages:0kB present:15992kB managed:15360kB mlocked:0kB bounce:0kB free_pcp:0kB local_pcp:0kB free_cma:0kB
[   31.213137] lowmem_reserve[]: 0 1522 1522 1522 1522
[   31.213420] Node 0 DMA32 free:46216kB boost:0kB min:44608kB low:55760kB high:66912kB reserved_highatomic:0KB free_highatomic:0KB active_anon:20792kB inactive_anon:195128kB active_file:132kB inactive_file:360kB unevictable:0kB writepending:4kB zspages:0kB present:2080640kB managed:1559432kB mlocked:0kB bounce:0kB free_pcp:236kB local_pcp:0kB free_cma:0kB
[   31.215076] lowmem_reserve[]: 0 0 0 0 0
[   31.215304] Node 0 DMA: 0*4kB 0*8kB 1*16kB (U) 2*32kB (UM) 2*64kB (UM) 3*128kB (UM) 3*256kB (UM) 0*512kB 1*1024kB (M) 0*2048kB 1*4096kB (E) = 6480kB
[   31.216074] Node 0 DMA32: 181*4kB (UME) 771*8kB (UME) 535*16kB (UME) 264*32kB (UME) 118*64kB (ME) 51*128kB (UME) 32*256kB (ME) 0*512kB 0*1024kB 0*2048kB 0*4096kB = 46172kB
[   31.216927] Node 0 hugepages_total=0 hugepages_free=0 hugepages_surp=0 hugepages_size=1048576kB
[   31.217390] Node 0 hugepages_total=0 hugepages_free=0 hugepages_surp=0 hugepages_size=2048kB
[   31.217838] 36521 total pagecache pages
[   31.218054] 0 pages in swap cache
[   31.218247] Free swap  = 0kB
[   31.218412] Total swap = 0kB
[   31.218579] 524158 pages RAM
[   31.218745] 0 pages HighMem/MovableOnly
[   31.218973] 130460 pages reserved
[   31.219167] 0 pages cma reserved
[   31.219350] 0 pages hwpoisoned
[   31.278903] kexec: Could not allocate control_code_buffer
[   31.860136] repro invoked oom-killer: gfp_mask=0x140cca(GFP_HIGHUSER_MOVABLE|__GFP_COMP), order=0, oom_score_adj=1000
[   31.860736] CPU: 0 UID: 0 PID: 954 Comm: repro Not tainted 6.18.0-rc1-77c475692c5e+ #1 PREEMPT(voluntary) 
[   31.860746] Hardware name: QEMU Standard PC (i440FX + PIIX, 1996), BIOS rel-1.16.0-0-gd239552ce722-prebuilt.qemu.org 04/01/2014
[   31.860751] Call Trace:
[   31.860755]  <TASK>
[   31.860759]  dump_stack_lvl+0x121/0x150
[   31.860775]  dump_stack+0x19/0x20
[   31.860787]  dump_header+0x10f/0x910
[   31.860798]  oom_kill_process+0x287/0xa40
[   31.860808]  out_of_memory+0x34c/0x1710
[   31.860818]  ? __pfx_out_of_memory+0x10/0x10
[   31.860829]  __alloc_pages_slowpath.constprop.0+0x1bc6/0x2270
[   31.860846]  ? __pfx___alloc_pages_slowpath.constprop.0+0x10/0x10
[   31.860857]  ? lock_release+0x1ea/0x2c0
[   31.860874]  __alloc_frozen_pages_noprof+0x5da/0x6e0
[   31.860884]  ? __pfx___alloc_frozen_pages_noprof+0x10/0x10
[   31.860892]  ? _raw_spin_unlock+0x31/0x60
[   31.860904]  ? __sanitizer_cov_trace_switch+0x58/0xa0
[   31.860920]  ? policy_nodemask+0xf9/0x450
[   31.860931]  alloc_pages_mpol+0x236/0x4c0
[   31.860941]  ? __pfx_alloc_pages_mpol+0x10/0x10
[   31.860950]  ? rcu_is_watching+0x19/0xc0
[   31.860959]  ? lock_release+0x1ea/0x2c0
[   31.860973]  folio_alloc_mpol_noprof+0x44/0x120
[   31.860984]  shmem_alloc_folio+0x128/0x150
[   31.860993]  shmem_alloc_and_add_folio+0x40d/0xad0
[   31.861007]  ? __pfx_shmem_alloc_and_add_folio+0x10/0x10
[   31.861021]  shmem_get_folio_gfp+0x595/0x1350
