c[?7l[2J[0mSeaBIOS (version rel-1.16.0-0-gd239552ce722-prebuilt.qemu.org)


iPXE (http://ipxe.org) 00:03.0 CA00 PCI2.10 PnP PMM+7FF91000+7FEF1000 CA00
Press Ctrl-B to configure iPXE (PCI 00:03.0)...                                                                               


Booting from ROM..c[?7l[2J[    0.000000] Linux version 6.18.0-7d0a66e4bb90 (root@p-arls02) (gcc (GCC) 11.5.0 20240719 (Red Hat 11.5.0-14), GNU ld version 2.35.2-68.el9) #1 SMP PREEMPT_DYNAMIC Thu Dec  4 12:29:21 CST 2025
[    0.000000] Command line: console=ttyS0 root=/dev/sda earlyprintk=serial net.ifnames=0 plymouth.enable=0
[    0.000000] KERNEL supported cpus:
[    0.000000]   Intel GenuineIntel
[    0.000000]   AMD AuthenticAMD
[    0.000000]   Hygon HygonGenuine
[    0.000000]   Centaur CentaurHauls
[    0.000000]   zhaoxin   Shanghai  
[    0.000000] x86/CPU: Model not found in latest microcode list
[    0.000000] x86/split lock detection: #DB: warning on user-space bus_locks
[    0.000000] BIOS-provided physical RAM map:
[    0.000000] BIOS-e820: [mem 0x0000000000000000-0x000000000009fbff] usable
[    0.000000] BIOS-e820: [mem 0x000000000009fc00-0x000000000009ffff] reserved
[    0.000000] BIOS-e820: [mem 0x00000000000f0000-0x00000000000fffff] reserved
[    0.000000] BIOS-e820: [mem 0x0000000000100000-0x000000007ffdffff] usable
[    0.000000] BIOS-e820: [mem 0x000000007ffe0000-0x000000007fffffff] reserved
[    0.000000] BIOS-e820: [mem 0x00000000feffc000-0x00000000feffffff] reserved
[    0.000000] BIOS-e820: [mem 0x00000000fffc0000-0x00000000ffffffff] reserved
[    0.000000] printk: legacy bootconsole [earlyser0] enabled
[    0.000000] NX (Execute Disable) protection: active
[    0.000000] APIC: Static calls initialized
[    0.000000] SMBIOS 2.8 present.
[    0.000000] DMI: QEMU Standard PC (i440FX + PIIX, 1996), BIOS rel-1.16.0-0-gd239552ce722-prebuilt.qemu.org 04/01/2014
[    0.000000] DMI: Memory slots populated: 1/1
[    0.000000] Hypervisor detected: KVM
[    0.000000] last_pfn = 0x7ffe0 max_arch_pfn = 0x400000000
[    0.000000] kvm-clock: Using msrs 4b564d01 and 4b564d00
[    0.000002] kvm-clock: using sched offset of 625309117 cycles
[    0.000420] clocksource: kvm-clock: mask: 0xffffffffffffffff max_cycles: 0x1cd42e4dffb, max_idle_ns: 881590591483 ns
[    0.001721] tsc: Detected 1267.200 MHz processor
[    0.008000] last_pfn = 0x7ffe0 max_arch_pfn = 0x400000000
[    0.008455] MTRR map: 4 entries (3 fixed + 1 variable; max 19), built from 8 variable MTRRs
[    0.009118] x86/PAT: Configuration [0-7]: WB  WC  UC- UC  WB  WP  UC- WT  
[    0.015722] found SMP MP-table at [mem 0x000f5ba0-0x000f5baf]
[    0.016200] Using GB pages for direct mapping
[    0.018343] ACPI: Early table checksum verification disabled
[    0.018799] ACPI: RSDP 0x00000000000F59C0 000014 (v00 BOCHS )
[    0.019264] ACPI: RSDT 0x000000007FFE1951 000034 (v01 BOCHS  BXPC     00000001 BXPC 00000001)
[    0.019950] ACPI: FACP 0x000000007FFE17FD 000074 (v01 BOCHS  BXPC     00000001 BXPC 00000001)
[    0.020639] ACPI: DSDT 0x000000007FFE0040 0017BD (v01 BOCHS  BXPC     00000001 BXPC 00000001)
[    0.021320] ACPI: FACS 0x000000007FFE0000 000040
[    0.021694] ACPI: APIC 0x000000007FFE1871 000080 (v01 BOCHS  BXPC     00000001 BXPC 00000001)
[    0.022378] ACPI: HPET 0x000000007FFE18F1 000038 (v01 BOCHS  BXPC     00000001 BXPC 00000001)
[    0.023058] ACPI: WAET 0x000000007FFE1929 000028 (v01 BOCHS  BXPC     00000001 BXPC 00000001)
[    0.023734] ACPI: Reserving FACP table memory at [mem 0x7ffe17fd-0x7ffe1870]
[    0.024292] ACPI: Reserving DSDT table memory at [mem 0x7ffe0040-0x7ffe17fc]
[    0.024843] ACPI: Reserving FACS table memory at [mem 0x7ffe0000-0x7ffe003f]
[    0.025399] ACPI: Reserving APIC table memory at [mem 0x7ffe1871-0x7ffe18f0]
[    0.025953] ACPI: Reserving HPET table memory at [mem 0x7ffe18f1-0x7ffe1928]
[    0.026508] ACPI: Reserving WAET table memory at [mem 0x7ffe1929-0x7ffe1950]
[    0.027507] No NUMA configuration found
[    0.027799] Faking a node at [mem 0x0000000000000000-0x000000007ffdffff]
[    0.028358] NODE_DATA(0) allocated [mem 0x7ffb4ec0-0x7ffdfcbf]
[    0.029238] Zone ranges:
[    0.029440]   DMA      [mem 0x0000000000001000-0x0000000000ffffff]
[    0.029927]   DMA32    [mem 0x0000000001000000-0x000000007ffdffff]
[    0.030416]   Normal   empty
[    0.030646]   Device   empty
[    0.030876] Movable zone start for each node
[    0.031221] Early memory node ranges
[    0.031503]   node   0: [mem 0x0000000000001000-0x000000000009efff]
[    0.031995]   node   0: [mem 0x0000000000100000-0x000000007ffdffff]
[    0.032489] Initmem setup node 0 [mem 0x0000000000001000-0x000000007ffdffff]
[    0.033311] On node 0, zone DMA: 1 pages in unavailable ranges
[    0.033899] On node 0, zone DMA: 97 pages in unavailable ranges
[    0.056758] On node 0, zone DMA32: 32 pages in unavailable ranges
[    0.435878] KernelAddressSanitizer initialized (generic)
[    0.436578] ACPI: PM-Timer IO Port: 0x608
[    0.436917] ACPI: LAPIC_NMI (acpi_id[0xff] dfl dfl lint[0x1])
[    0.437404] IOAPIC[0]: apic_id 0, version 17, address 0xfec00000, GSI 0-23
[    0.437924] ACPI: INT_SRC_OVR (bus 0 bus_irq 0 global_irq 2 dfl dfl)
[    0.438414] ACPI: INT_SRC_OVR (bus 0 bus_irq 5 global_irq 5 high level)
[    0.438921] ACPI: INT_SRC_OVR (bus 0 bus_irq 9 global_irq 9 high level)
[    0.439429] ACPI: INT_SRC_OVR (bus 0 bus_irq 10 global_irq 10 high level)
[    0.439948] ACPI: INT_SRC_OVR (bus 0 bus_irq 11 global_irq 11 high level)
[    0.440478] ACPI: Using ACPI (MADT) for SMP configuration information
[    0.440971] ACPI: HPET id: 0x8086a201 base: 0xfed00000
[    0.441374] TSC deadline timer available
[    0.441680] CPU topo: Max. logical packages:   1
[    0.442034] CPU topo: Max. logical dies:       1
[    0.442389] CPU topo: Max. dies per package:   1
[    0.442746] CPU topo: Max. threads per core:   1
[    0.443099] CPU topo: Num. cores per package:     2
[    0.443475] CPU topo: Num. threads per package:   2
[    0.443849] CPU topo: Allowing 2 present CPUs plus 0 hotplug CPUs
[    0.444364] kvm-guest: APIC: eoi() replaced with kvm_guest_apic_eoi_write()
[    0.444920] kvm-guest: KVM setup pv remote TLB flush
[    0.445305] kvm-guest: setup PV sched yield
[    0.445661] PM: hibernation: Registered nosave memory: [mem 0x00000000-0x00000fff]
[    0.446243] PM: hibernation: Registered nosave memory: [mem 0x0009f000-0x000fffff]
[    0.446822] [mem 0x80000000-0xfeffbfff] available for PCI devices
[    0.447294] Booting paravirtualized kernel on KVM
[    0.447658] clocksource: refined-jiffies: mask: 0xffffffff max_cycles: 0xffffffff, max_idle_ns: 7645519600211568 ns
[    0.448464] setup_percpu: NR_CPUS:8192 nr_cpumask_bits:2 nr_cpu_ids:2 nr_node_ids:1
[    0.450967] percpu: Embedded 80 pages/cpu s290816 r8192 d28672 u1048576
[    0.451628] kvm-guest: PV spinlocks enabled
[    0.451963] PV qspinlock hash table entries: 256 (order: 0, 4096 bytes, linear)
[    0.452545] Kernel command line: net.ifnames=0 console=ttyS0 root=/dev/sda earlyprintk=serial net.ifnames=0 plymouth.enable=0
[    0.453675] random: crng init done
[    0.453942] printk: log buffer data + meta data: 262144 + 917504 = 1179648 bytes
[    0.490215] Dentry cache hash table entries: 262144 (order: 9, 2097152 bytes, linear)
[    0.491915] Inode-cache hash table entries: 131072 (order: 8, 1048576 bytes, linear)
[    0.492858] Fallback order for Node 0: 0 
[    0.492868] Built 1 zonelists, mobility grouping on.  Total pages: 524158
[    0.493669] Policy zone: DMA32
[    0.493902] mem auto-init: stack:off, heap alloc:off, heap free:off
[    0.494368] stackdepot: allocating hash table via alloc_large_system_hash
[    0.494879] stackdepot hash table entries: 1048576 (order: 12, 16777216 bytes, linear)
[    0.510261] stackdepot: allocating space for 8192 stack pools via memblock
[    0.535089] SLUB: HWalign=64, Order=0-3, MinObjects=0, CPUs=2, Nodes=1
[    0.535568] kmemleak: Kernel memory leak detector disabled
[    0.570032] ftrace: allocating 74644 entries in 292 pages
[    0.570435] ftrace: allocated 292 pages with 3 groups
[    0.574727] Dynamic Preempt: voluntary
[    0.575465] Running RCU self tests
[    0.575697] Running RCU synchronous self tests
[    0.576015] rcu: Preemptible hierarchical RCU implementation.
[    0.576429] rcu: 	RCU lockdep checking is enabled.
[    0.576771] rcu: 	RCU restricting CPUs from NR_CPUS=8192 to nr_cpu_ids=2.
[    0.577259] 	Trampoline variant of Tasks RCU enabled.
[    0.577621] 	Rude variant of Tasks RCU enabled.
[    0.577945] 	Tracing variant of Tasks RCU enabled.
[    0.578291] rcu: RCU calculated value of scheduler-enlistment delay is 25 jiffies.
[    0.578834] rcu: Adjusting geometry for rcu_fanout_leaf=16, nr_cpu_ids=2
[    0.579391] Running RCU synchronous self tests
[    0.579717] RCU Tasks: Setting shift to 1 and lim to 1 rcu_task_cb_adjust=1 rcu_task_cpu_ids=2.
[    0.580350] RCU Tasks Rude: Setting shift to 1 and lim to 1 rcu_task_cb_adjust=1 rcu_task_cpu_ids=2.
[    0.581014] RCU Tasks Trace: Setting shift to 1 and lim to 1 rcu_task_cb_adjust=1 rcu_task_cpu_ids=2.
[    0.640347] NR_IRQS: 524544, nr_irqs: 440, preallocated irqs: 16
[    0.641280] rcu: srcu_init: Setting srcu_struct sizes based on contention.
[    0.647883] Console: colour VGA+ 80x25
[    0.648216] printk: legacy console [ttyS0] enabled
[    0.648216] printk: legacy console [ttyS0] enabled
[    0.648913] printk: legacy bootconsole [earlyser0] disabled
[    0.648913] printk: legacy bootconsole [earlyser0] disabled
[    0.649739] Lock dependency validator: Copyright (c) 2006 Red Hat, Inc., Ingo Molnar
[    0.650304] ... MAX_LOCKDEP_SUBCLASSES:  8
[    0.650614] ... MAX_LOCK_DEPTH:          48
[    0.650929] ... MAX_LOCKDEP_KEYS:        8192
[    0.651257] ... CLASSHASH_SIZE:          4096
[    0.651584] ... MAX_LOCKDEP_ENTRIES:     524288
[    0.651923] ... MAX_LOCKDEP_CHAINS:      524288
[    0.652264] ... CHAINHASH_SIZE:          262144
[    0.652602]  memory used by lock dependency info: 54145 kB
[    0.653010]  memory used for stack traces: 4224 kB
[    0.653369]  per task-struct memory footprint: 1920 bytes
[    0.653848] ACPI: Core revision 20250807
[    0.654482] clocksource: hpet: mask: 0xffffffff max_cycles: 0xffffffff, max_idle_ns: 19112604467 ns
[    0.655306] APIC: Switch to symmetric I/O mode setup
[    0.655819] x2apic enabled
[    0.656359] APIC: Switched APIC routing to: physical x2apic
[    0.656779] kvm-guest: APIC: send_IPI_mask() replaced with kvm_send_ipi_mask()
[    0.657325] kvm-guest: APIC: send_IPI_mask_allbutself() replaced with kvm_send_ipi_mask_allbutself()
[    0.658002] kvm-guest: setup PV IPIs
[    0.659177] ..TIMER: vector=0x30 apic1=0 pin1=2 apic2=-1 pin2=-1
[    0.659721] clocksource: tsc-early: mask: 0xffffffffffffffff max_cycles: 0x12441513526, max_idle_ns: 440795239872 ns
[    0.660507] Calibrating delay loop (skipped) preset value.. 2534.40 BogoMIPS (lpj=5068800)
[    0.661260] CPU0: Thermal monitoring enabled (TM1)
[    0.661632] x86/cpu: User Mode Instruction Prevention (UMIP) activated
[    0.662211] Last level iTLB entries: 4KB 0, 2MB 0, 4MB 0
[    0.662606] Last level dTLB entries: 4KB 0, 2MB 0, 4MB 0, 1GB 0
[    0.663062] mitigations: Enabled attack vectors: user_kernel, user_user, guest_host, guest_guest, SMT mitigations: auto
[    0.664519] Speculative Store Bypass: Mitigation: Speculative Store Bypass disabled via prctl
[    0.665141] Spectre V2 : Mitigation: Enhanced / Automatic IBRS
[    0.665573] ITS: Mitigation: Aligned branch/return thunks
[    0.665979] Spectre V1 : Mitigation: usercopy/swapgs barriers and __user pointer sanitization
[    0.666600] Spectre V2 : WARNING: Unprivileged eBPF is enabled with eIBRS on, data leaks possible via Spectre v2 BHB attacks!
[    0.667421] Spectre V2 : Spectre v2 / PBRSB-eIBRS: Retire a single CALL on VMEXIT
[    0.668503] Spectre V2 : mitigation: Enabling conditional Indirect Branch Prediction Barrier
[    0.669099] active return thunk: its_return_thunk
[    0.669444] Spectre V2 : Spectre BHI mitigation: SW BHB clearing on syscall and VM exit
[    0.670038] x86/fpu: Supporting XSAVE feature 0x001: 'x87 floating point registers'
[    0.670601] x86/fpu: Supporting XSAVE feature 0x002: 'SSE registers'
[    0.671072] x86/fpu: Supporting XSAVE feature 0x004: 'AVX registers'
[    0.671543] x86/fpu: Supporting XSAVE feature 0x200: 'Protection Keys User registers'
[    0.672120] x86/fpu: xstate_offset[2]:  576, xstate_sizes[2]:  256
[    0.672499] x86/fpu: xstate_offset[9]:  832, xstate_sizes[9]:    8
[    0.672957] x86/fpu: Enabled xstate features 0x207, context size is 840 bytes, using 'compacted' format.
[    0.792949] Freeing SMP alternatives memory: 64K
[    0.793317] pid_max: default: 32768 minimum: 301
[    0.793918] LSM: initializing lsm=capability,yama,ima,evm
[    0.794417] Yama: becoming mindful.
[    0.795039] Mount-cache hash table entries: 4096 (order: 3, 32768 bytes, linear)
[    0.795591] Mountpoint-cache hash table entries: 4096 (order: 3, 32768 bytes, linear)
[    0.797779] Running RCU synchronous self tests
[    0.798114] Running RCU synchronous self tests
[    0.798823] smpboot: CPU0: Genuine Intel(R) 0000 @ (family: 0x6, model: 0xc6, stepping: 0x0)
[    0.800364] Performance Events: unsupported CPU family 6 model 198 no PMU driver, software events only.
[    0.800496] signal: max sigframe size: 3632
[    0.800496] rcu: Hierarchical SRCU implementation.
[    0.800496] rcu: 	Max phase no-delay instances is 1000.
[    0.800496] Timer migration: 1 hierarchy levels; 8 children per group; 1 crossnode level
[    0.811111] NMI watchdog: Perf NMI watchdog permanently disabled
[    0.811905] smp: Bringing up secondary CPUs ...
[    0.812933] smpboot: x86: Booting SMP configuration:
[    0.813307] .... node  #0, CPUs:      #1
[    0.813615] smp: Brought up 1 node, 2 CPUs
[    0.813615] smpboot: Total of 2 processors activated (5068.80 BogoMIPS)
[    0.813927] Memory: 1541060K/2096632K available (79917K kernel code, 15397K rwdata, 18468K rodata, 16244K init, 68388K bss, 544140K reserved, 0K cma-reserved)
[    0.817515] devtmpfs: initialized
[    0.818089] x86/mm: Memory block size: 128MB
[    0.832764] Running RCU synchronous self tests
[    0.833110] Running RCU synchronous self tests
[    0.833460] Running RCU Tasks wait API self tests
[    0.833460] Running RCU Tasks Rude wait API self tests
[    0.833460] Running RCU Tasks Trace wait API self tests
[    0.852534] clocksource: jiffies: mask: 0xffffffff max_cycles: 0xffffffff, max_idle_ns: 7645041785100000 ns
[    0.852566] posixtimers hash table entries: 1024 (order: 5, 73728 bytes, linear)
[    0.853430] futex hash table entries: 512 (65536 bytes on 1 NUMA nodes, total 64 KiB, linear).
[    0.854514] pinctrl core: initialized pinctrl subsystem
[    0.856026] 
[    0.856141] *************************************************************
[    0.856503] **     NOTICE NOTICE NOTICE NOTICE NOTICE NOTICE NOTICE    **
[    0.856983] **                                                         **
[    0.857465] **  IOMMU DebugFS SUPPORT HAS BEEN ENABLED IN THIS KERNEL  **
[    0.857946] **                                                         **
[    0.858425] ** This means that this kernel is built to expose internal **
[    0.858908] ** IOMMU data structures, which may compromise security on **
[    0.859385] ** your system.                                            **
[    0.859869] **                                                         **
[    0.860353] ** If you see this message and you are not debugging the   **
[    0.860500] ** kernel, report this immediately to your vendor!         **
[    0.860982] **                                                         **
[    0.861460] **     NOTICE NOTICE NOTICE NOTICE NOTICE NOTICE NOTICE    **
[    0.861942] *************************************************************
[    0.862491] PM: RTC time: 14:17:28, date: 2025-12-04
[    0.866742] NET: Registered PF_NETLINK/PF_ROUTE protocol family
[    0.868394] DMA: preallocated 256 KiB GFP_KERNEL pool for atomic allocations
[    0.868520] DMA: preallocated 256 KiB GFP_KERNEL|GFP_DMA pool for atomic allocations
[    0.869085] DMA: preallocated 256 KiB GFP_KERNEL|GFP_DMA32 pool for atomic allocations
[    0.869714] audit: initializing netlink subsys (disabled)
[    0.870133] audit: type=2000 audit(1764857848.794:1): state=initialized audit_enabled=0 res=1
[    0.874144] thermal_sys: Registered thermal governor 'fair_share'
[    0.874153] thermal_sys: Registered thermal governor 'bang_bang'
[    0.874599] thermal_sys: Registered thermal governor 'step_wise'
[    0.875032] thermal_sys: Registered thermal governor 'user_space'
[    0.875535] cpuidle: using governor ladder
[    0.876527] cpuidle: using governor menu
[    0.877367] acpiphp: ACPI Hot Plug PCI Controller Driver version: 0.5
[    0.878660] PCI: Using configuration type 1 for base access
[    0.879295] kprobes: kprobe jump-optimization is enabled. All kprobes are optimized if possible.
[    0.880530] Callback from call_rcu_tasks_trace() invoked.
[    0.889497] HugeTLB: registered 1.00 GiB page size, pre-allocated 0 pages
[    0.889986] HugeTLB: 16380 KiB vmemmap can be freed for a 1.00 GiB page
[    0.890463] HugeTLB: registered 2.00 MiB page size, pre-allocated 0 pages
[    0.890947] HugeTLB: 28 KiB vmemmap can be freed for a 2.00 MiB page
[    1.001929] ACPI: Added _OSI(Module Device)
[    1.002288] ACPI: Added _OSI(Processor Device)
[    1.002635] ACPI: Added _OSI(Processor Aggregator Device)
[    1.016641] ACPI: 1 ACPI AML tables successfully acquired and loaded
[    1.022194] ACPI: Interpreter enabled
[    1.022604] ACPI: PM: (supports S0 S3 S4 S5)
[    1.022934] ACPI: Using IOAPIC for interrupt routing
[    1.023460] PCI: Using host bridge windows from ACPI; if necessary, use "pci=nocrs" and report a bug
[    1.024144] PCI: Using E820 reservations for host bridge windows
[    1.025551] ACPI: Enabled 2 GPEs in block 00 to 0F
[    1.059770] ACPI: PCI Root Bridge [PCI0] (domain 0000 [bus 00-ff])
[    1.060277] acpi PNP0A03:00: _OSC: OS supports [ASPM ClockPM Segments MSI EDR HPX-Type3]
[    1.060507] acpi PNP0A03:00: _OSC: not requesting OS control; OS requires [ExtendedConfig ASPM ClockPM MSI]
[    1.061371] acpi PNP0A03:00: fail to add MMCONFIG information, can't access extended configuration space under this bridge
[    1.066160] acpiphp: Slot [3] registered
[    1.066589] acpiphp: Slot [4] registered
[    1.067000] acpiphp: Slot [5] registered
[    1.067421] acpiphp: Slot [6] registered
[    1.067834] acpiphp: Slot [7] registered
[    1.068263] acpiphp: Slot [8] registered
[    1.068612] acpiphp: Slot [9] registered
[    1.069030] acpiphp: Slot [10] registered
[    1.069863] acpiphp: Slot [11] registered
[    1.070365] acpiphp: Slot [12] registered
[    1.070786] acpiphp: Slot [13] registered
[    1.071198] acpiphp: Slot [14] registered
[    1.071616] acpiphp: Slot [15] registered
[    1.072053] acpiphp: Slot [16] registered
[    1.072465] acpiphp: Slot [17] registered
[    1.072613] acpiphp: Slot [18] registered
[    1.073031] acpiphp: Slot [19] registered
[    1.073466] acpiphp: Slot [20] registered
[    1.073883] acpiphp: Slot [21] registered
[    1.074296] acpiphp: Slot [22] registered
[    1.074713] acpiphp: Slot [23] registered
[    1.075143] acpiphp: Slot [24] registered
[    1.075558] acpiphp: Slot [25] registered
[    1.075972] acpiphp: Slot [26] registered
[    1.076395] acpiphp: Slot [27] registered
[    1.076636] acpiphp: Slot [28] registered
[    1.077049] acpiphp: Slot [29] registered
[    1.077465] acpiphp: Slot [30] registered
[    1.077882] acpiphp: Slot [31] registered
[    1.078261] PCI host bridge to bus 0000:00
[    1.078621] pci_bus 0000:00: root bus resource [io  0x0000-0x0cf7 window]
[    1.079138] pci_bus 0000:00: root bus resource [io  0x0d00-0xffff window]
[    1.079664] pci_bus 0000:00: root bus resource [mem 0x000a0000-0x000bffff window]
[    1.080224] pci_bus 0000:00: root bus resource [mem 0x80000000-0xfebfffff window]
[    1.080508] pci_bus 0000:00: root bus resource [mem 0x100000000-0x17fffffff window]
[    1.081083] pci_bus 0000:00: root bus resource [bus 00-ff]
[    1.081611] pci 0000:00:00.0: [8086:1237] type 00 class 0x060000 conventional PCI endpoint
[    1.090014] pci 0000:00:01.0: [8086:7000] type 00 class 0x060100 conventional PCI endpoint
[    1.091812] pci 0000:00:01.1: [8086:7010] type 00 class 0x010180 conventional PCI endpoint
[    1.092796] pci 0000:00:01.1: BAR 4 [io  0xc040-0xc04f]
[    1.093220] pci 0000:00:01.1: BAR 0 [io  0x01f0-0x01f7]: legacy IDE quirk
[    1.093726] pci 0000:00:01.1: BAR 1 [io  0x03f6]: legacy IDE quirk
[    1.094195] pci 0000:00:01.1: BAR 2 [io  0x0170-0x0177]: legacy IDE quirk
[    1.094707] pci 0000:00:01.1: BAR 3 [io  0x0376]: legacy IDE quirk
[    1.095645] pci 0000:00:01.3: [8086:7113] type 00 class 0x068000 conventional PCI endpoint
[    1.096521] pci 0000:00:01.3: quirk: [io  0x0600-0x063f] claimed by PIIX4 ACPI
[    1.097070] pci 0000:00:01.3: quirk: [io  0x0700-0x070f] claimed by PIIX4 SMB
[    1.098054] pci 0000:00:02.0: [1234:1111] type 00 class 0x030000 conventional PCI endpoint
[    1.101140] pci 0000:00:02.0: BAR 0 [mem 0xfd000000-0xfdffffff pref]
[    1.101771] pci 0000:00:02.0: BAR 2 [mem 0xfebf0000-0xfebf0fff]
[    1.102249] pci 0000:00:02.0: ROM [mem 0xfebe0000-0xfebeffff pref]
[    1.102876] pci 0000:00:02.0: Video device with shadowed ROM at [mem 0x000c0000-0x000dffff]
[    1.111957] pci 0000:00:03.0: [8086:100e] type 00 class 0x020000 conventional PCI endpoint
[    1.115486] pci 0000:00:03.0: BAR 0 [mem 0xfebc0000-0xfebdffff]
[    1.116509] pci 0000:00:03.0: BAR 1 [io  0xc000-0xc03f]
[    1.117453] pci 0000:00:03.0: ROM [mem 0xfeb80000-0xfebbffff pref]
[    1.139879] ACPI: PCI: Interrupt link LNKA configured for IRQ 10
[    1.141317] ACPI: PCI: Interrupt link LNKB configured for IRQ 10
[    1.142635] ACPI: PCI: Interrupt link LNKC configured for IRQ 11
[    1.143906] ACPI: PCI: Interrupt link LNKD configured for IRQ 11
[    1.144729] ACPI: PCI: Interrupt link LNKS configured for IRQ 9
[    1.148287] iommu: Default domain type: Translated
[    1.148505] iommu: DMA domain TLB invalidation policy: lazy mode
[    1.151301] SCSI subsystem initialized
[    1.153820] ACPI: bus type USB registered
[    1.154391] usbcore: registered new interface driver usbfs
[    1.154947] usbcore: registered new interface driver hub
[    1.155422] usbcore: registered new device driver usb
[    1.156235] pps_core: LinuxPPS API ver. 1 registered
[    1.156506] pps_core: Software ver. 5.3.6 - Copyright 2005-2007 Rodolfo Giometti <giometti@linux.it>
[    1.157239] PTP clock support registered
[    1.157978] EDAC MC: Ver: 3.0.0
[    1.161753] NetLabel: Initializing
[    1.162027] NetLabel:  domain hash size = 128
[    1.162367] NetLabel:  protocols = UNLABELED CIPSOv4 CALIPSO
[    1.162957] NetLabel:  unlabeled traffic allowed by default
[    1.163957] PCI: Using ACPI for IRQ routing
[    1.164655] pci 0000:00:02.0: vgaarb: setting as boot VGA device
[    1.165133] pci 0000:00:02.0: vgaarb: bridge control possible
[    1.165578] pci 0000:00:02.0: vgaarb: VGA device added: decodes=io+mem,owns=io+mem,locks=none
[    1.166231] vgaarb: loaded
[    1.167085] hpet0: at MMIO 0xfed00000, IRQs 2, 8, 0
[    1.167479] hpet0: 3 comparators, 64-bit 100.000000 MHz counter
[    1.172151] clocksource: Switched to clocksource kvm-clock
[    1.172496] VFS: Disk quotas dquot_6.6.0
[    1.172496] VFS: Dquot-cache hash table entries: 512 (order 0, 4096 bytes)
[    1.176126] pnp: PnP ACPI init
[    1.180410] pnp: PnP ACPI: found 6 devices
[    1.257262] clocksource: acpi_pm: mask: 0xffffff max_cycles: 0xffffff, max_idle_ns: 2085701024 ns
[    1.258511] NET: Registered PF_INET protocol family
[    1.259300] IP idents hash table entries: 32768 (order: 6, 262144 bytes, linear)
[    1.261482] tcp_listen_portaddr_hash hash table entries: 1024 (order: 5, 73728 bytes, linear)
[    1.262234] Table-perturb hash table entries: 65536 (order: 6, 262144 bytes, linear)
[    1.263055] TCP established hash table entries: 16384 (order: 5, 131072 bytes, linear)
[    1.263968] TCP bind hash table entries: 16384 (order: 10, 2359296 bytes, linear)
[    1.267196] TCP: Hash tables configured (established 16384 bind 16384)
[    1.267924] UDP hash table entries: 1024 (order: 6, 262144 bytes, linear)
[    1.268670] UDP-Lite hash table entries: 1024 (order: 6, 262144 bytes, linear)
[    1.269751] NET: Registered PF_UNIX/PF_LOCAL protocol family
[    1.271235] RPC: Registered named UNIX socket transport module.
[    1.271733] RPC: Registered udp transport module.
[    1.272109] RPC: Registered tcp transport module.
[    1.272483] RPC: Registered tcp-with-tls transport module.
[    1.272919] RPC: Registered tcp NFSv4.1 backchannel transport module.
[    1.273463] pci_bus 0000:00: resource 4 [io  0x0000-0x0cf7 window]
[    1.273960] pci_bus 0000:00: resource 5 [io  0x0d00-0xffff window]
[    1.274452] pci_bus 0000:00: resource 6 [mem 0x000a0000-0x000bffff window]
[    1.275022] pci_bus 0000:00: resource 7 [mem 0x80000000-0xfebfffff window]
[    1.275569] pci_bus 0000:00: resource 8 [mem 0x100000000-0x17fffffff window]
[    1.276491] pci 0000:00:01.0: PIIX3: Enabling Passive Release
[    1.276964] pci 0000:00:00.0: Limiting direct PCI/PCI transfers
[    1.277512] PCI: CLS 0 bytes, default 64
[    1.278350] ACPI: bus type thunderbolt registered
[    1.279203] clocksource: tsc: mask: 0xffffffffffffffff max_cycles: 0x12441513526, max_idle_ns: 440795239872 ns
[    3.190034] Initialise system trusted keyrings
[    3.190537] Key type blacklist registered
[    3.192346] workingset: timestamp_bits=36 max_order=19 bucket_order=0
[    3.195187] squashfs: version 4.0 (2009/01/31) Phillip Lougher
[    3.197843] NFS: Registering the id_resolver key type
[    3.198320] Key type id_resolver registered
[    3.198656] Key type id_legacy registered
[    3.199044] nfs4filelayout_init: NFSv4 File Layout Driver Registering...
[    3.199611] nfs4flexfilelayout_init: NFSv4 Flexfile Layout Driver Registering...
[    3.200943] fuse: init (API version 7.45)
[    3.202049] SGI XFS with ACLs, security attributes, realtime, quota, no debug enabled
[    3.204468] 9p: Installing v9fs 9p2000 file system support
[    3.216284] Key type asymmetric registered
[    3.216623] Asymmetric key parser 'x509' registered
[    3.217213] Block layer SCSI generic (bsg) driver version 0.4 loaded (major 241)
[    3.218359] io scheduler mq-deadline registered
[    3.218932] io scheduler bfq registered
[    3.220323] ledtrig-cpu: registered to indicate activity on CPUs
[    3.222502] IPMI message handler: version 39.2
[    3.222962] ipmi device interface
[    3.225475] input: Power Button as /devices/LNXSYSTM:00/LNXPWRBN:00/input/input0
[    3.226588] ACPI: button: Power Button [PWRF]
[    3.229371] ERST DBG: ERST support is disabled.
[    3.231599] Serial: 8250/16550 driver, 32 ports, IRQ sharing enabled
[    3.233280] 00:04: ttyS0 at I/O 0x3f8 (irq = 4, base_baud = 115200) is a 16550A
[    3.271042] Linux agpgart interface v0.103
[    3.275311] ACPI: bus type drm_connector registered
[    3.307477] brd: module loaded
[    3.314977] Callback from call_rcu_tasks() invoked.
[    3.325190] loop: module loaded
[    3.338788] scsi host0: ata_piix
[    3.341080] scsi host1: ata_piix
[    3.341813] ata1: PATA max MWDMA2 cmd 0x1f0 ctl 0x3f6 bmdma 0xc040 irq 14 lpm-pol 0
[    3.342386] ata2: PATA max MWDMA2 cmd 0x170 ctl 0x376 bmdma 0xc048 irq 15 lpm-pol 0
[    3.345602] tun: Universal TUN/TAP device driver, 1.6
[    3.346903] e100: Intel(R) PRO/100 Network Driver
[    3.347351] e100: Copyright(c) 1999-2006 Intel Corporation
[    3.347904] e1000: Intel(R) PRO/1000 Network Driver
[    3.348284] e1000: Copyright (c) 1999-2006 Intel Corporation.
[    3.498938] ata2: found unknown device (class 0)
[    3.499932] ata2.00: ATAPI: QEMU DVD-ROM, 2.5+, max UDMA/100
[    3.500988] ata1: found unknown device (class 0)
[    3.501690] ata1.00: ATA-7: QEMU HARDDISK, 2.5+, max UDMA/100
[    3.502112] ata1.00: 17196647 sectors, multi 16: LBA48 
[    3.503695] scsi 0:0:0:0: Direct-Access     ATA      QEMU HARDDISK    2.5+ PQ: 0 ANSI: 5
[    3.506847] sd 0:0:0:0: Attached scsi generic sg0 type 0
[    3.507546] sd 0:0:0:0: [sda] 17196647 512-byte logical blocks: (8.80 GB/8.20 GiB)
[    3.508683] sd 0:0:0:0: [sda] Write Protect is off
[    3.509092] scsi 1:0:0:0: CD-ROM            QEMU     QEMU DVD-ROM     2.5+ PQ: 0 ANSI: 5
[    3.509907] sd 0:0:0:0: [sda] Write cache: enabled, read cache: enabled, doesn't support DPO or FUA
[    3.510970] sd 0:0:0:0: [sda] Preferred minimum I/O size 512 bytes
[    3.532939] scsi 1:0:0:0: Attached scsi generic sg1 type 5
[    3.534796] sd 0:0:0:0: [sda] Attached SCSI disk
[    3.967131] ACPI: \_SB_.LNKC: Enabled at IRQ 11
[    4.274162] e1000 0000:00:03.0 eth0: (PCI:33MHz:32-bit) 52:54:00:12:34:56
[    4.274704] e1000 0000:00:03.0 eth0: Intel(R) PRO/1000 Network Connection
[    4.275413] e1000e: Intel(R) PRO/1000 Network Driver
[    4.275776] e1000e: Copyright(c) 1999 - 2015 Intel Corporation.
[    4.276335] igb: Intel(R) Gigabit Ethernet Network Driver
[    4.276723] igb: Copyright (c) 2007-2014 Intel Corporation.
[    4.277462] PPP generic driver version 2.4.2
[    4.280143] VFIO - User Level meta-driver version: 0.3
[    4.281947] usbcore: registered new interface driver uas
[    4.282477] usbcore: registered new interface driver usb-storage
[    4.283179] i8042: PNP: PS/2 Controller [PNP0303:KBD,PNP0f13:MOU] at 0x60,0x64 irq 1,12
[    4.284601] serio: i8042 KBD port at 0x60,0x64 irq 1
[    4.285008] serio: i8042 AUX port at 0x60,0x64 irq 12
[    4.286445] mousedev: PS/2 mouse device common for all mice
[    4.288125] rtc_cmos 00:05: RTC can wake from S4
[    4.289581] input: AT Translated Set 2 keyboard as /devices/platform/i8042/serio0/input/input1
[    4.291110] rtc_cmos 00:05: registered as rtc0
[    4.291516] rtc_cmos 00:05: setting system clock to 2025-12-04T14:17:31 UTC (1764857851)
[    4.292383] rtc_cmos 00:05: alarms up to one day, y3k, 242 bytes nvram, hpet irqs
[    4.292986] i2c_dev: i2c /dev entries driver
[    4.294363] input: VirtualPS/2 VMware VMMouse as /devices/platform/i8042/serio1/input/input4
[    4.295322] device-mapper: core: CONFIG_IMA_DISABLE_HTABLE is disabled. Duplicate IMA measurements will not be recorded in the IMA log.
[    4.296378] device-mapper: uevent: version 1.0.3
[    4.297305] device-mapper: ioctl: 4.50.0-ioctl (2025-04-28) initialised: dm-devel@lists.linux.dev
[    4.297329] input: VirtualPS/2 VMware VMMouse as /devices/platform/i8042/serio1/input/input3
[    4.297948] intel_pstate: CPU model not supported
[    4.299838] sdhci: Secure Digital Host Controller Interface driver
[    4.300288] sdhci: Copyright(c) Pierre Ossman
[    4.300789] sdhci-pltfm: SDHCI platform and OF driver helper
[    4.301701] drop_monitor: Initializing network drop monitor service
[    4.302519] NET: Registered PF_INET6 protocol family
[    4.304992] Segment Routing with IPv6
[    4.305734] In-situ OAM (IOAM) with IPv6
[    4.306500] NET: Registered PF_PACKET protocol family
[    4.307679] 9pnet: Installing 9P2000 support
[    4.308524] Key type dns_resolver registered
[    4.311871] IPI shorthand broadcast: enabled
[    4.428860] sched_clock: Marking stable (4413326267, 14709303)->(4441611055, -13575485)
[    4.430687] registered taskstats version 1
[    4.432281] Loading compiled-in X.509 certificates
[    4.501475] Demotion targets for Node 0: null
[    4.503502] Key type .fscrypt registered
[    4.503888] Key type fscrypt-provisioning registered
[    4.507360] Key type encrypted registered
[    4.507737] ima: No TPM chip found, activating TPM-bypass!
[    4.508171] ima: Allocated hash algorithm: sha1
[    4.508585] ima: No architecture policies found
[    4.509066] evm: Initialising EVM extended attributes:
[    4.509453] evm: security.selinux
[    4.509713] evm: security.SMACK64
[    4.509967] evm: security.SMACK64EXEC
[    4.510246] evm: security.SMACK64TRANSMUTE
[    4.510561] evm: security.SMACK64MMAP
[    4.510862] evm: security.apparmor
[    4.511127] evm: security.ima
[    4.511357] evm: security.capability
[    4.511632] evm: HMAC attrs: 0x1
[    4.514131] PM:   Magic number: 5:541:282
[    4.514781] tty tty19: hash matches
[    4.516490] RAS: Correctable Errors collector initialized.
[    4.517644] clk: Disabling unused clocks
[    4.517982] PM: genpd: Disabling unused power domains
[    4.519108] check access for rdinit=/init failed: -2, ignoring
[    4.519416] md: Waiting for all devices to be available before autodetect
[    4.519759] md: If you don't use raid, use raid=noautodetect
[    4.520050] md: Autodetecting RAID arrays.
[    4.520270] md: autorun ...
[    4.520420] md: ... autorun DONE.
[    4.541874] EXT4-fs (sda): mounted filesystem 088740a9-c8b4-422c-999d-a804eb68a4da ro with ordered data mode. Quota mode: none.
[    4.543281] VFS: Mounted root (ext4 filesystem) readonly on device 8:0.
[    4.547882] devtmpfs: mounted
[    4.565631] Freeing unused decrypted memory: 2036K
[    4.569828] Freeing unused kernel image (initmem) memory: 16244K
[    4.570301] Write protecting the kernel read-only data: 102400k
[    4.573341] Freeing unused kernel image (text/rodata gap) memory: 2000K
[    4.574791] Freeing unused kernel image (rodata/data gap) memory: 2012K
[    4.639105] x86/mm: Checked W+X mappings: passed, no W+X pages found.
[    4.639507] Run /sbin/init as init process
[    4.883708] systemd[1]: systemd 252-15.el9 running in system mode (+PAM +AUDIT +SELINUX -APPARMOR +IMA +SMACK +SECCOMP +GCRYPT +GNUTLS +OPENSSL +ACL +BLKID +CURL +ELFUTILS -FIDO2 +IDN2 -IDN -IPTC +KMOD +LIBCRYPTSETUP +LIBFDISK +PCRE2 -PWQUALITY +P11KIT -QRENCODE +TPM2 +BZIP2 +LZ4 +XZ +ZLIB +ZSTD -BPF_FRAMEWORK +XKBCOMMON +UTMP +SYSVINIT default-hierarchy=unified)
[    4.885337] systemd[1]: Detected virtualization kvm.
[    4.885623] systemd[1]: Detected architecture x86-64.

Welcome to [0;31mCentOS Stream 9[0m!

[    4.893215] systemd[1]: Hostname set to <test>.
[    5.101094] systemd-rc-local-generator[118]: /etc/rc.d/rc.local is not marked executable, skipping.
[    5.575332] systemd[1]: Queued start job for default target Multi-User System.
[    5.597442] systemd[1]: Created slice Virtual Machine and Container Slice.
[[0;32m  OK  [0m] Created slice [0;1;39mVirtual Machine and Container Slice[0m.
[    5.601807] systemd[1]: Created slice Slice /system/getty.
[[0;32m  OK  [0m] Created slice [0;1;39mSlice /system/getty[0m.
[    5.604341] systemd[1]: Created slice Slice /system/modprobe.
[[0;32m  OK  [0m] Created slice [0;1;39mSlice /system/modprobe[0m.
[    5.607089] systemd[1]: Created slice Slice /system/serial-getty.
[[0;32m  OK  [0m] Created slice [0;1;39mSlice /system/serial-getty[0m.
[    5.609867] systemd[1]: Created slice Slice /system/sshd-keygen.
[[0;32m  OK  [0m] Created slice [0;1;39mSlice /system/sshd-keygen[0m.
[    5.612912] systemd[1]: Created slice User and Session Slice.
[[0;32m  OK  [0m] Created slice [0;1;39mUser and Session Slice[0m.
[    5.614267] systemd[1]: Started Forward Password Requests to Wall Directory Watch.
[[0;32m  OK  [0m] Started [0;1;39mForward Password R…uests to Wall Directory Watch[0m.
[    5.616472] systemd[1]: Set up automount Arbitrary Executable File Formats File System Automount Point.
[[0;32m  OK  [0m] Set up automount [0;1;39mArbitrary…s File System Automount Point[0m.
[    5.617870] systemd[1]: Reached target Local Integrity Protected Volumes.
[[0;32m  OK  [0m] Reached target [0;1;39mLocal Integrity Protected Volumes[0m.
[    5.619136] systemd[1]: Reached target Slice Units.
[[0;32m  OK  [0m] Reached target [0;1;39mSlice Units[0m.
[    5.620209] systemd[1]: Reached target Swaps.
[[0;32m  OK  [0m] Reached target [0;1;39mSwaps[0m.
[    5.621138] systemd[1]: Reached target Local Verity Protected Volumes.
[[0;32m  OK  [0m] Reached target [0;1;39mLocal Verity Protected Volumes[0m.
[    5.622661] systemd[1]: Listening on Device-mapper event daemon FIFOs.
[[0;32m  OK  [0m] Listening on [0;1;39mDevice-mapper event daemon FIFOs[0m.
[    5.624379] systemd[1]: Listening on LVM2 poll daemon socket.
[[0;32m  OK  [0m] Listening on [0;1;39mLVM2 poll daemon socket[0m.
[    5.625631] systemd[1]: multipathd control socket was skipped because of an unmet condition check (ConditionPathExists=/etc/multipath.conf).
[    5.670616] systemd[1]: Listening on RPCbind Server Activation Socket.
[[0;32m  OK  [0m] Listening on [0;1;39mRPCbind Server Activation Socket[0m.
[    5.671879] systemd[1]: Reached target RPC Port Mapper.
[[0;32m  OK  [0m] Reached target [0;1;39mRPC Port Mapper[0m.
[    5.675011] systemd[1]: Listening on Process Core Dump Socket.
[[0;32m  OK  [0m] Listening on [0;1;39mProcess Core Dump Socket[0m.
[    5.676162] systemd[1]: Listening on initctl Compatibility Named Pipe.
[[0;32m  OK  [0m] Listening on [0;1;39minitctl Compatibility Named Pipe[0m.
[    5.677588] systemd[1]: Listening on Journal Socket (/dev/log).
[[0;32m  OK  [0m] Listening on [0;1;39mJournal Socket (/dev/log)[0m.
[    5.678910] systemd[1]: Listening on Journal Socket.
[[0;32m  OK  [0m] Listening on [0;1;39mJournal Socket[0m.
[    5.680234] systemd[1]: Listening on udev Control Socket.
[[0;32m  OK  [0m] Listening on [0;1;39mudev Control Socket[0m.
[    5.681330] systemd[1]: Listening on udev Kernel Socket.
[[0;32m  OK  [0m] Listening on [0;1;39mudev Kernel Socket[0m.
[    5.686979] systemd[1]: Mounting Huge Pages File System...
         Mounting [0;1;39mHuge Pages File System[0m...
[    5.694851] systemd[1]: Mounting POSIX Message Queue File System...
         Mounting [0;1;39mPOSIX Message Queue File System[0m...
[    5.702062] systemd[1]: Mounting Kernel Debug File System...
         Mounting [0;1;39mKernel Debug File System[0m...
[    5.708764] systemd[1]: Mounting Kernel Trace File System...
         Mounting [0;1;39mKernel Trace File System[0m...
[    5.709759] systemd[1]: Kernel Module supporting RPCSEC_GSS was skipped because of an unmet condition check (ConditionPathExists=/etc/krb5.keytab).
[    5.710501] systemd[1]: Create List of Static Device Nodes was skipped because of an unmet condition check (ConditionFileNotEmpty=/lib/modules/6.18.0-7d0a66e4bb90/modules.devname).
[    5.715813] systemd[1]: Starting Monitoring of LVM2 mirrors, snapshots etc. using dmeventd or progress polling...
         Starting [0;1;39mMonitoring of LVM…meventd or progress polling[0m...
[    5.724731] systemd[1]: Starting Load Kernel Module configfs...
         Starting [0;1;39mLoad Kernel Module configfs[0m...
[    5.751054] systemd[1]: Starting Load Kernel Module drm...
         Starting [0;1;39mLoad Kernel Module drm[0m...
[    5.756926] systemd[1]: Starting Load Kernel Module fuse...
         Starting [0;1;39mLoad Kernel Module fuse[0m...
[    5.771192] systemd[1]: Starting Read and set NIS domainname from /etc/sysconfig/network...
         Starting [0;1;39mRead and set NIS …from /etc/sysconfig/network[0m...
[    5.783034] systemd[1]: Starting Journal Service...
         Starting [0;1;39mJournal Service[0m...
[    5.797881] systemd[1]: Starting Load Kernel Modules...
         Starting [0;1;39mLoad Kernel Modules[0m...
[    5.811011] systemd[1]: Starting Generate network units from Kernel command line...
         Starting [0;1;39mGenerate network …ts from Kernel command line[0m...
[    5.823264] systemd[1]: Starting Remount Root and Kernel File Systems...
         Starting [0;1;39mRemount Root and Kernel File Systems[0m...
[    5.824734] systemd[1]: Repartition Root Disk was skipped because no trigger condition checks were met.
[    5.847070] systemd[1]: Starting Coldplug All udev Devices...
         Starting [0;1;39mColdplug All udev Devices[0m...
[    5.858560] systemd[1]: Mounted Huge Pages File System.
[[0;32m  OK  [0m] Mounted [0;1;39mHuge Pages File System[0m.
[    5.867920] systemd[1]: Mounted POSIX Message Queue File System.
[[0;32m  OK  [0m] Mounted [0;1;39mPOSIX Message Queue File System[0m.
[    5.869682] systemd[1]: Mounted Kernel Debug File System.
[[0;32m  OK  [0m] Mounted [0;1;39mKernel Debug File System[0m.
[    5.875072] systemd[1]: Mounted Kernel Trace File System.
[[0;32m  OK  [0m] Mounted [0;1;39mKernel Trace File System[0m.
[    5.877238] systemd[1]: Finished Monitoring of LVM2 mirrors, snapshots etc. using dmeventd or progress polling.
[[0;32m  OK  [0m] Finished [0;1;39mMonitoring of LVM… dmeventd or progress polling[0m.
[    5.884498] systemd[1]: modprobe@configfs.service: Deactivated successfully.
[    5.885754] systemd[1]: Finished Load Kernel Module configfs.
[[0;32m  OK  [0m] Finished [0;1;39mLoad Kernel Module configfs[0m.
[    5.889212] systemd[1]: modprobe@drm.service: Deactivated successfully.
[    5.890569] systemd[1]: Finished Load Kernel Module drm.
[[0;32m  OK  [0m] Finished [0;1;39mLoad Kernel Module drm[0m.
[    5.894330] systemd[1]: modprobe@fuse.service: Deactivated successfully.
[    5.896132] systemd[1]: Finished Load Kernel Module fuse.
[[0;32m  OK  [0m] Finished [0;1;39mLoad Kernel Module fuse[0m.
[    5.898228] systemd[1]: Finished Read and set NIS domainname from /etc/sysconfig/network.
[[0;32m  OK  [0m] Finished [0;1;39mRead and set NIS …e from /etc/sysconfig/network[0m.
[    5.900906] systemd[1]: systemd-modules-load.service: Main process exited, code=exited, status=1/FAILURE
[    5.902075] systemd[1]: systemd-modules-load.service: Failed with result 'exit-code'.
[    5.903463] systemd[1]: Failed to start Load Kernel Modules.
[[0;1;31mFAILED[0m] Failed to start [0;1;39mLoad Kernel Modules[0m.
See 'systemctl status systemd-modules-load.service' for details.
[    5.906569] systemd[1]: Finished Generate network units from Kernel command line.
[[0;32m  OK  [0m] Finished [0;1;39mGenerate network units from Kernel command line[0m.
[    5.909068] systemd[1]: Reached target Preparation for Network.
[[0;32m  OK  [0m] Reached target [0;1;39mPreparation for Network[0m.
[    5.911679] EXT4-fs (sda): re-mounted 088740a9-c8b4-422c-999d-a804eb68a4da r/w.
[    5.931002] systemd[1]: Mounting FUSE Control File System...
         Mounting [0;1;39mFUSE Control File System[0m...
[    5.946985] systemd[1]: Mounting Kernel Configuration File System...
         Mounting [0;1;39mKernel Configuration File System[0m...
[    5.958577] systemd[1]: Starting Apply Kernel Variables...
         Starting [0;1;39mApply Kernel Variables[0m...
[    5.967236] systemd[1]: Started Journal Service.
[[0;32m  OK  [0m] Started [0;1;39mJournal Service[0m.
[[0;32m  OK  [0m] Finished [0;1;39mRemount Root and Kernel File Systems[0m.
         Starting [0;1;39mFlush Journal to Persistent Storage[0m...
         Starting [0;1;39mLoad/Save Random Seed[0m...
         Starting [0;1;39mCreate Static Device Nodes in /dev[0m...
[    6.043327] systemd-journald[140]: Received client request to flush runtime journal.
         Starting [0;1;39mSetup Virtual Console[0m...
[[0;32m  OK  [0m] Mounted [0;1;39mFUSE Control File System[0m.
[[0;32m  OK  [0m] Mounted [0;1;39mKernel Configuration File System[0m.
[[0;32m  OK  [0m] Finished [0;1;39mApply Kernel Variables[0m.
[[0;32m  OK  [0m] Finished [0;1;39mFlush Journal to Persistent Storage[0m.
[[0;32m  OK  [0m] Finished [0;1;39mLoad/Save Random Seed[0m.
[[0;32m  OK  [0m] Finished [0;1;39mCreate Static Device Nodes in /dev[0m.
         Starting [0;1;39mRule-based Manage…for Device Events and Files[0m...
[[0;32m  OK  [0m] Started [0;1;39mRule-based Manager for Device Events and Files[0m.
         Starting [0;1;39mAuto-connect to s…E devices found during boot[0m...
[[0;32m  OK  [0m] Finished [0;1;39mAuto-connect to s…VME devices found during boot[0m.
[[0;32m  OK  [0m] Finished [0;1;39mColdplug All udev Devices[0m.
         Starting [0;1;39mWait for udev To …plete Device Initialization[0m...
[[0;32m  OK  [0m] Finished [0;1;39mSetup Virtual Console[0m.
[[0;32m  OK  [0m] Started [0;1;39mDispatch Password …ts to Console Directory Watch[0m.
[[0;32m  OK  [0m] Reached target [0;1;39mLocal Encrypted Volumes[0m.
[[0;32m  OK  [0m] Reached target [0;1;39mPath Units[0m.
[[0;32m  OK  [0m] Found device [0;1;39m/dev/ttyS0[0m.
[[0;32m  OK  [0m] Listening on [0;1;39mLoad/Save RF …itch Status /dev/rfkill Watch[0m.
[[0;32m  OK  [0m] Finished [0;1;39mWait for udev To Complete Device Initialization[0m.
[[0;32m  OK  [0m] Reached target [0;1;39mPreparation for Local File Systems[0m.
[[0;32m  OK  [0m] Reached target [0;1;39mLocal File Systems[0m.
         Starting [0;1;39mTell Plymouth To Write Out Runtime Data[0m...
         Starting [0;1;39mAutomatic Boot Loader Update[0m...
         Starting [0;1;39mCreate Volatile Files and Directories[0m...
[[0;32m  OK  [0m] Finished [0;1;39mTell Plymouth To Write Out Runtime Data[0m.
[[0;32m  OK  [0m] Finished [0;1;39mAutomatic Boot Loader Update[0m.
[[0;32m  OK  [0m] Finished [0;1;39mCreate Volatile Files and Directories[0m.
         Mounting [0;1;39mRPC Pipe File System[0m...
         Starting [0;1;39mSecurity Auditing Service[0m...
         Starting [0;1;39mRPC Bind[0m...
[[0;32m  OK  [0m] Mounted [0;1;39mRPC Pipe File System[0m.
[[0;32m  OK  [0m] Reached target [0;1;39mrpc_pipefs.target[0m.
[[0;32m  OK  [0m] Started [0;1;39mRPC Bind[0m.
[[0;32m  OK  [0m] Started [0;1;39mSecurity Auditing Service[0m.
         Starting [0;1;39mRecord System Boot/Shutdown in UTMP[0m...
[[0;32m  OK  [0m] Finished [0;1;39mRecord System Boot/Shutdown in UTMP[0m.
[[0;32m  OK  [0m] Reached target [0;1;39mSystem Initialization[0m.
[[0;32m  OK  [0m] Started [0;1;39mDaily rotation of log files[0m.
[[0;32m  OK  [0m] Started [0;1;39mUpdates mlocate database every day[0m.
[[0;32m  OK  [0m] Started [0;1;39mDaily Cleanup of Temporary Directories[0m.
[[0;32m  OK  [0m] Started [0;1;39mdaily update of the root trust anchor for DNSSEC[0m.
[[0;32m  OK  [0m] Reached target [0;1;39mTimer Units[0m.
[[0;32m  OK  [0m] Listening on [0;1;39mD-Bus System Message Bus Socket[0m.
[[0;32m  OK  [0m] Listening on [0;1;39mOpen-iSCSI iscsid Socket[0m.
[[0;32m  OK  [0m] Listening on [0;1;39mOpen-iSCSI iscsiuio Socket[0m.
[[0;32m  OK  [0m] Listening on [0;1;39mSSSD Kerberos…ache Manager responder socket[0m.
[[0;32m  OK  [0m] Listening on [0;1;39mLibvirt interface local socket[0m.
[[0;32m  OK  [0m] Listening on [0;1;39mVirtual machine lock manager socket[0m.
[[0;32m  OK  [0m] Listening on [0;1;39mVirtual machine log manager socket[0m.
[[0;32m  OK  [0m] Listening on [0;1;39mLibvirt network local socket[0m.
[[0;32m  OK  [0m] Listening on [0;1;39mLibvirt nodedev local socket[0m.
[[0;32m  OK  [0m] Listening on [0;1;39mLibvirt nwfilter local socket[0m.
[[0;32m  OK  [0m] Listening on [0;1;39mLibvirt proxy local socket[0m.
[[0;32m  OK  [0m] Listening on [0;1;39mLibvirt qemu local socket[0m.
[[0;32m  OK  [0m] Listening on [0;1;39mLibvirt qemu admin socket[0m.
[[0;32m  OK  [0m] Listening on [0;1;39mLibvirt qemu local read-only socket[0m.
[[0;32m  OK  [0m] Listening on [0;1;39mLibvirt secret local socket[0m.
[[0;32m  OK  [0m] Listening on [0;1;39mLibvirt storage local socket[0m.
[[0;32m  OK  [0m] Reached target [0;1;39mSocket Units[0m.
         Starting [0;1;39mD-Bus System Message Bus[0m...
[[0;32m  OK  [0m] Started [0;1;39mD-Bus System Message Bus[0m.
[[0;32m  OK  [0m] Reached target [0;1;39mBasic System[0m.
         Starting [0;1;39mNetwork Manager[0m...
         Starting [0;1;39mNTP client/server[0m...
         Starting [0;1;39mRestore /run/initramfs on shutdown[0m...
[[0;32m  OK  [0m] Started [0;1;39mirqbalance daemon[0m.
[[0;32m  OK  [0m] Started [0;1;39mlibstoragemgmt plug-in server daemon[0m.
[[0;32m  OK  [0m] Started [0;1;39mMachine Check Exception Logging Daemon[0m.
[[0;32m  OK  [0m] Reached target [0;1;39msshd-keygen.target[0m.
[[0;32m  OK  [0m] Reached target [0;1;39mUser and Group Name Lookups[0m.
         Starting [0;1;39mUser Login Management[0m...
         Starting [0;1;39mVirtual Machine a…tainer Registration Service[0m...
         Starting [0;1;39mupdate of the roo…NSSEC validation in unbound[0m...
         Starting [0;1;39mRotate log files[0m...
[[0;32m  OK  [0m] Started [0;1;39mUpdate a database for mlocate[0m.
[[0;32m  OK  [0m] Started [0;1;39mNTP client/server[0m.
[[0;32m  OK  [0m] Finished [0;1;39mRestore /run/initramfs on shutdown[0m.
[[0;32m  OK  [0m] Started [0;1;39mVirtual Machine an…ontainer Registration Service[0m.
         Starting [0;1;39mHostname Service[0m...
[[0;32m  OK  [0m] Finished [0;1;39mupdate of the roo… DNSSEC validation in unbound[0m.
[[0;32m  OK  [0m] Started [0;1;39mUser Login Management[0m.
[[0;32m  OK  [0m] Started [0;1;39mHostname Service[0m.
[[0;32m  OK  [0m] Finished [0;1;39mRotate log files[0m.
         Starting [0;1;39mNetwork Manager Script Dispatcher Service[0m...
[[0;32m  OK  [0m] Started [0;1;39mNetwork Manager Script Dispatcher Service[0m.
[    9.475204] e1000: eth0 NIC Link is Up 1000 Mbps Full Duplex, Flow Control: RX
[[0;32m  OK  [0m] Started [0;1;39mNetwork Manager[0m.
[[0;32m  OK  [0m] Reached target [0;1;39mNetwork[0m.
[[0;32m  OK  [0m] Reached target [0;1;39mNetwork is Online[0m.
         Starting [0;1;39mGSSAPI Proxy Daemon[0m...
         Starting [0;1;39mNotify NFS peers of a restart[0m...
         Starting [0;1;39mSystem Logging Service[0m...
         Starting [0;1;39mOpenSSH server daemon[0m...
         Starting [0;1;39mDynamic System Tuning Daemon[0m...
[[0;32m  OK  [0m] Started [0;1;39mNotify NFS peers of a restart[0m.
[[0;32m  OK  [0m] Started [0;1;39mOpenSSH server daemon[0m.
[[0;32m  OK  [0m] Started [0;1;39mGSSAPI Proxy Daemon[0m.
[[0;32m  OK  [0m] Reached target [0;1;39mNFS client services[0m.
[[0;32m  OK  [0m] Reached target [0;1;39mPreparation for Remote File Systems[0m.
[[0;32m  OK  [0m] Reached target [0;1;39mRemote File Systems[0m.
         Starting [0;1;39mPermit User Sessions[0m...
         Starting [0;1;39mVirtualization qemu daemon[0m...
[[0;32m  OK  [0m] Finished [0;1;39mPermit User Sessions[0m.
[[0;32m  OK  [0m] Started [0;1;39mDeferred execution scheduler[0m.
[[0;32m  OK  [0m] Started [0;1;39mCommand Scheduler[0m.
         Starting [0;1;39mHold until boot process finishes up[0m...
         Starting [0;1;39mTerminate Plymouth Boot Screen[0m...
[[0;32m  OK  [0m] Started [0;1;39mSystem Logging Service[0m.
[[0;32m  OK  [0m] Started [0;1;39mVirtualization qemu daemon[0m.
[[0;32m  OK  [0m] Finished [0;1;39mHold until boot process finishes up[0m.
[[0;32m  OK  [0m] Finished [0;1;39mTerminate Plymouth Boot Screen[0m.
[[0;32m  OK  [0m] Started [0;1;39mGetty on tty1[0m.
[[0;32m  OK  [0m] Started [0;1;39mSerial Getty on ttyS0[0m.
[[0;32m  OK  [0m] Reached target [0;1;39mLogin Prompts[0m.
         Starting [0;1;39mAuthorization Manager[0m...
[[0;32m  OK  [0m] Started [0;1;39mAuthorization Manager[0m.
[[0;32m  OK  [0m] Started [0;1;39mDynamic System Tuning Daemon[0m.
[[0;32m  OK  [0m] Reached target [0;1;39mMulti-User System[0m.
         Starting [0;1;39mRecord Runlevel Change in UTMP[0m...
[[0;32m  OK  [0m] Finished [0;1;39mRecord Runlevel Change in UTMP[0m.

CentOS Stream 9
Kernel 6.18.0-7d0a66e4bb90 on an x86_64

Activate the web console with: systemctl enable --now cockpit.socket

test login: [   19.036969] loop3: detected capacity change from 0 to 32768
[   19.060003] XFS (loop3): Mounting V5 Filesystem bfdc47fc-10d8-4eed-a562-11a831b3f791
[   19.109202] XFS (loop3): Ending clean mount
[   19.110693] XFS (loop3): Quotacheck needed: Please wait.
[   19.134797] loop0: detected capacity change from 0 to 32768
[   19.136045] XFS (loop3): Quotacheck: Done.
[   19.158173] XFS (loop0): Mounting V5 Filesystem bfdc47fc-10d8-4eed-a562-11a831b3f791
[   19.173284] XFS (loop0): Ending clean mount
[   19.174077] XFS (loop0): Quotacheck needed: Please wait.
[   19.185531] XFS (loop0): Quotacheck: Done.
[   19.398997] loop6: detected capacity change from 0 to 32768
[   19.432056] XFS (loop6): Mounting V5 Filesystem bfdc47fc-10d8-4eed-a562-11a831b3f791
[   19.494079] loop7: detected capacity change from 0 to 32768
[   19.519423] XFS (loop6): Ending clean mount
[   19.523232] XFS (loop6): Quotacheck needed: Please wait.
[   19.527225] XFS (loop7): Mounting V5 Filesystem bfdc47fc-10d8-4eed-a562-11a831b3f791
[   19.543202] loop5: detected capacity change from 0 to 32768
[   19.547181] XFS (loop6): Quotacheck: Done.
[   19.671080] loop2: detected capacity change from 0 to 32768
[   19.693307] XFS (loop5): Mounting V5 Filesystem bfdc47fc-10d8-4eed-a562-11a831b3f791
[   19.694482] XFS (loop2): Mounting V5 Filesystem bfdc47fc-10d8-4eed-a562-11a831b3f791
[   19.717613] XFS (loop7): Ending clean mount
[   19.718468] XFS (loop7): Quotacheck needed: Please wait.
[   19.774121] XFS (loop7): Quotacheck: Done.
[   19.957666] repro: page allocation failure: order:0, mode:0x10cc0(GFP_KERNEL|__GFP_NORETRY), nodemask=(null),cpuset=/,mems_allowed=0
[   19.958428] CPU: 1 UID: 0 PID: 726 Comm: repro Not tainted 6.18.0-7d0a66e4bb90 #1 PREEMPT(voluntary) 
[   19.958440] Hardware name: QEMU Standard PC (i440FX + PIIX, 1996), BIOS rel-1.16.0-0-gd239552ce722-prebuilt.qemu.org 04/01/2014
[   19.958445] Call Trace:
[   19.958454]  <TASK>
[   19.958458]  dump_stack_lvl+0x121/0x150
[   19.958486]  dump_stack+0x19/0x20
[   19.958495]  warn_alloc+0x216/0x350
[   19.958512]  ? __pfx_warn_alloc+0x10/0x10
[   19.958528]  ? __pfx___alloc_pages_direct_compact+0x10/0x10
[   19.958535]  ? __drain_all_pages+0x27d/0x480
[   19.958558]  __alloc_pages_slowpath.constprop.0+0x1356/0x2270
[   19.958574]  ? nfs4_xattr_cache_add+0x4b4/0x8d0
[   19.958590]  ? __pfx___alloc_pages_slowpath.constprop.0+0x10/0x10
[   19.958599]  ? lock_is_held_type+0xef/0x150
[   19.958617]  ? lock_release+0x14f/0x2c0
[   19.958640]  __alloc_frozen_pages_noprof+0x5da/0x6e0
[   19.958648]  ? trace_hardirqs_on+0x51/0x60
[   19.958665]  ? __pfx___alloc_frozen_pages_noprof+0x10/0x10
[   19.958672]  ? asm_sysvec_apic_timer_interrupt+0x1f/0x30
[   19.958685]  ? __sanitizer_cov_trace_switch+0x58/0xa0
[   19.958703]  ? policy_nodemask+0xf9/0x450
[   19.958723]  alloc_pages_mpol+0x236/0x4c0
[   19.958739]  ? __pfx_alloc_pages_mpol+0x10/0x10
[   19.958749]  ? lockdep_hardirqs_on+0x89/0x110
[   19.958763]  ? trace_hardirqs_on+0x51/0x60
[   19.958776]  ? irqentry_exit+0x3e/0xa0
[   19.958794]  alloc_frozen_pages_noprof+0xa9/0x180
[   19.958810]  alloc_pages_noprof+0x27/0xa0
[   19.958824]  kimage_alloc_pages+0x78/0x240
[   19.958838]  kimage_alloc_control_pages+0x1ca/0xa60
[   19.958858]  ? __pfx_kimage_alloc_control_pages+0x10/0x10
[   19.958868]  ? __sanitizer_cov_trace_cmp8+0x1c/0x30
[   19.958892]  do_kexec_load+0x39b/0x8c0
[   19.958902]  ? __might_fault+0xf1/0x1b0
[   19.958916]  ? __pfx_do_kexec_load+0x10/0x10
[   19.958927]  ? __sanitizer_cov_trace_const_cmp8+0x1c/0x30
[   19.958942]  ? _copy_from_user+0x75/0xa0
[   19.958963]  __x64_sys_kexec_load+0x1cc/0x240
[   19.958979]  x64_sys_call+0x1c84/0x2190
[   19.958989]  do_syscall_64+0x6d/0x450
[   19.959003]  entry_SYSCALL_64_after_hwframe+0x76/0x7e
[   19.959011] RIP: 0033:0x7f9569a3ee5d
[   19.959021] Code: ff c3 66 2e 0f 1f 84 00 00 00 00 00 90 f3 0f 1e fa 48 89 f8 48 89 f7 48 89 d6 48 89 ca 4d 89 c2 4d 89 c8 4c 8b 4c 24 08 0f 05 <48> 3d 01 f0 ff ff 73 01 c3 48 8b 0d 93 af 1b 00 f7 d8 64 89 01 48
[   19.959029] RSP: 002b:00007ffd00690208 EFLAGS: 00000207 ORIG_RAX: 00000000000000f6
[   19.959040] RAX: ffffffffffffffda RBX: 0000000000000000 RCX: 00007f9569a3ee5d
[   19.959046] RDX: 0000200000000180 RSI: 0000000000000003 RDI: 0000000000000000
[   19.959051] RBP: 00007ffd00690220 R08: 00007ffd0068fc90 R09: 00007ffd00690220
[   19.959056] R10: 0000000000000000 R11: 0000000000000207 R12: 00007ffd00690378
[   19.959061] R13: 00000000004030f5 R14: 000000000040ee08 R15: 00007f9569e23000
[   19.959084]  </TASK>
[   19.974502] Mem-Info:
[   19.974663] active_anon:2884 inactive_anon:43140 isolated_anon:0
[   19.974663]  active_file:24173 inactive_file:9967 isolated_file:0
[   19.974663]  unevictable:0 dirty:8 writeback:0
[   19.974663]  slab_reclaimable:15383 slab_unreclaimable:17765
[   19.974663]  mapped:13713 shmem:29811 pagetables:1111
[   19.974663]  sec_pagetables:0 bounce:0
[   19.974663]  kernel_misc_reclaimable:0
[   19.974663]  free:14323 free_pcp:223 free_cma:0
[   19.976904] Node 0 active_anon:11536kB inactive_anon:172560kB active_file:96776kB inactive_file:37908kB unevictable:0kB isolated(anon):0kB isolated(file):0kB mapped:54852kB dirty:32kB writeback:0kB shmem:119244kB shmem_thp:0kB shmem_pmdmapped:0kB anon_thp:0kB kernel_stack:7648kB pagetables:4444kB sec_pagetables:0kB all_unreclaimable? no Balloon:0kB
[   19.978658] Node 0 DMA free:6512kB boost:0kB min:444kB low:552kB high:660kB reserved_highatomic:0KB free_highatomic:0KB active_anon:676kB inactive_anon:1388kB active_file:0kB inactive_file:0kB unevictable:0kB writepending:0kB zspages:0kB present:15992kB managed:15360kB mlocked:0kB bounce:0kB free_pcp:0kB local_pcp:0kB free_cma:0kB
[   19.979451] loop4: detected capacity change from 0 to 32768
[   19.980347] lowmem_reserve[]: 0 1522 1522 1522 1522
[   19.981014] Node 0 DMA32 free:55232kB boost:6144kB min:50752kB low:61904kB high:73056kB reserved_highatomic:2048KB free_highatomic:704KB active_anon:10776kB inactive_anon:169072kB active_file:96944kB inactive_file:37784kB unevictable:0kB writepending:32kB zspages:0kB present:2080640kB managed:1559424kB mlocked:0kB bounce:0kB free_pcp:400kB local_pcp:0kB free_cma:0kB
[   19.982868] lowmem_reserve[]: 0 0 0 0 0
[   19.983121] Node 0 DMA: 1*4kB (U) 0*8kB 1*16kB (M) 1*32kB (M) 1*64kB (M) 2*128kB (UM) 2*256kB (UM) 1*512kB (M) 1*1024kB (M) 2*2048kB (UM) 0*4096kB = 6516kB
[   19.983999] Node 0 DMA32: 124*4kB (UME) 116*8kB (ME) 136*16kB (UME) 229*32kB (UMEH) 128*64kB (UMEH) 95*128kB (UME) 36*256kB (UME) 17*512kB (UMEH) 6*1024kB (UM) 0*2048kB 0*4096kB = 55344kB
[   19.985030] Node 0 hugepages_total=0 hugepages_free=0 hugepages_surp=0 hugepages_size=1048576kB
[   19.985550] Node 0 hugepages_total=0 hugepages_free=0 hugepages_surp=0 hugepages_size=2048kB
[   19.986046] 63483 total pagecache pages
[   19.986283] 0 pages in swap cache
[   19.986490] Free swap  = 0kB
[   19.986677] Total swap = 0kB
[   19.986874] 524158 pages RAM
[   19.987058] 0 pages HighMem/MovableOnly
[   19.987292] 130462 pages reserved
[   19.987499] 0 pages cma reserved
[   19.987704] 0 pages hwpoisoned
[   20.059600] kexec: Could not allocate control_code_buffer
[   20.103231] XFS (loop2): Ending clean mount
[   20.104131] XFS (loop2): Quotacheck needed: Please wait.
[   20.107483] XFS (loop5): Ending clean mount
[   20.108271] XFS (loop5): Quotacheck needed: Please wait.
[   20.115078] XFS (loop2): Quotacheck: Done.
[   20.132932] XFS (loop4): Mounting V5 Filesystem bfdc47fc-10d8-4eed-a562-11a831b3f791
[   20.138262] XFS (loop5): Quotacheck: Done.
[   20.223840] XFS (loop4): Ending clean mount
[   20.224719] XFS (loop4): Quotacheck needed: Please wait.
[   20.251368] XFS (loop4): Quotacheck: Done.
[   20.262361] loop1: detected capacity change from 0 to 32768
[   20.337215] XFS (loop1): Mounting V5 Filesystem bfdc47fc-10d8-4eed-a562-11a831b3f791
[   20.385430] XFS (loop1): Ending clean mount
[   20.388652] XFS (loop1): Quotacheck needed: Please wait.
[   20.405568] XFS (loop1): Quotacheck: Done.
[   21.315684] kexec: Could not allocate control_code_buffer
[   22.683902] kexec: Could not allocate control_code_buffer
[   23.632097] kexec: Could not allocate control_code_buffer
[   24.678689] kexec: Could not allocate control_code_buffer
[   25.273137] kexec: Could not allocate control_code_buffer
[   26.355158] kexec: Could not allocate control_code_buffer
[   28.029844] kexec: Could not allocate control_code_buffer
[   29.752301] kexec: Could not allocate control_code_buffer
[   31.118444] warn_alloc: 8 callbacks suppressed
[   31.118458] repro: page allocation failure: order:0, mode:0x10cc0(GFP_KERNEL|__GFP_NORETRY), nodemask=(null),cpuset=/,mems_allowed=0
[   31.119388] CPU: 1 UID: 0 PID: 941 Comm: repro Not tainted 6.18.0-7d0a66e4bb90 #1 PREEMPT(voluntary) 
[   31.119398] Hardware name: QEMU Standard PC (i440FX + PIIX, 1996), BIOS rel-1.16.0-0-gd239552ce722-prebuilt.qemu.org 04/01/2014
[   31.119404] Call Trace:
[   31.119407]  <TASK>
[   31.119411]  dump_stack_lvl+0x121/0x150
[   31.119428]  dump_stack+0x19/0x20
[   31.119437]  warn_alloc+0x216/0x350
[   31.119448]  ? __pfx_warn_alloc+0x10/0x10
[   31.119463]  ? __pfx___alloc_pages_direct_compact+0x10/0x10
[   31.119470]  ? __drain_all_pages+0x27d/0x480
[   31.119487]  __alloc_pages_slowpath.constprop.0+0x1356/0x2270
[   31.119503]  ? nfs4_xattr_cache_add+0x4b4/0x8d0
[   31.119517]  ? __pfx___alloc_pages_slowpath.constprop.0+0x10/0x10
[   31.119525]  ? lock_is_held_type+0xef/0x150
[   31.119540]  ? lock_release+0x14f/0x2c0
[   31.119561]  __alloc_frozen_pages_noprof+0x5da/0x6e0
[   31.119572]  ? __pfx___alloc_frozen_pages_noprof+0x10/0x10
[   31.119593]  ? __sanitizer_cov_trace_switch+0x58/0xa0
[   31.119613]  ? policy_nodemask+0xf9/0x450
[   31.119628]  alloc_pages_mpol+0x236/0x4c0
[   31.119642]  ? __pfx_alloc_pages_mpol+0x10/0x10
[   31.119662]  alloc_frozen_pages_noprof+0xa9/0x180
[   31.119678]  alloc_pages_noprof+0x27/0xa0
[   31.119691]  kimage_alloc_pages+0x78/0x240
[   31.119704]  kimage_alloc_control_pages+0x1ca/0xa60
[   31.119723]  ? __pfx_kimage_alloc_control_pages+0x10/0x10
[   31.119732]  ? __sanitizer_cov_trace_cmp8+0x1c/0x30
[   31.119755]  do_kexec_load+0x39b/0x8c0
[   31.119764]  ? __might_fault+0xf1/0x1b0
[   31.119777]  ? __pfx_do_kexec_load+0x10/0x10
[   31.119788]  ? __sanitizer_cov_trace_const_cmp8+0x1c/0x30
[   31.119802]  ? _copy_from_user+0x75/0xa0
[   31.119820]  __x64_sys_kexec_load+0x1cc/0x240
[   31.119835]  x64_sys_call+0x1c84/0x2190
[   31.119845]  do_syscall_64+0x6d/0x450
[   31.119858]  entry_SYSCALL_64_after_hwframe+0x76/0x7e
[   31.119866] RIP: 0033:0x7f9569a3ee5d
[   31.119875] Code: ff c3 66 2e 0f 1f 84 00 00 00 00 00 90 f3 0f 1e fa 48 89 f8 48 89 f7 48 89 d6 48 89 ca 4d 89 c2 4d 89 c8 4c 8b 4c 24 08 0f 05 <48> 3d 01 f0 ff ff 73 01 c3 48 8b 0d 93 af 1b 00 f7 d8 64 89 01 48
[   31.119883] RSP: 002b:00007ffd00690208 EFLAGS: 00000207 ORIG_RAX: 00000000000000f6
[   31.119891] RAX: ffffffffffffffda RBX: 0000000000000000 RCX: 00007f9569a3ee5d
[   31.119896] RDX: 0000200000000180 RSI: 0000000000000003 RDI: 0000000000000000
[   31.119901] RBP: 00007ffd00690220 R08: 00007ffd0068fc90 R09: 00007ffd00690220
[   31.119906] R10: 0000000000000000 R11: 0000000000000207 R12: 00007ffd00690378
[   31.119911] R13: 00000000004030f5 R14: 000000000040ee08 R15: 00007f9569e23000
[   31.119932]  </TASK>
[   31.119937] Mem-Info:
[   31.132803] active_anon:5194 inactive_anon:46157 isolated_anon:0
[   31.132803]  active_file:943 inactive_file:1420 isolated_file:14
[   31.132803]  unevictable:0 dirty:1 writeback:0
[   31.132803]  slab_reclaimable:4322 slab_unreclaimable:24565
[   31.132803]  mapped:1163 shmem:35299 pagetables:1071
[   31.132803]  sec_pagetables:0 bounce:0
[   31.132803]  kernel_misc_reclaimable:0
[   31.132803]  free:17617 free_pcp:115 free_cma:0
[   31.134794] Node 0 active_anon:20776kB inactive_anon:184628kB active_file:3772kB inactive_file:5680kB unevictable:0kB isolated(anon):0kB isolated(file):56kB mapped:4568kB dirty:4kB writeback:0kB shmem:141196kB shmem_thp:0kB shmem_pmdmapped:0kB anon_thp:0kB kernel_stack:7968kB pagetables:4284kB sec_pagetables:0kB all_unreclaimable? no Balloon:0kB
[   31.136374] Node 0 DMA free:6524kB boost:0kB min:444kB low:552kB high:660kB reserved_highatomic:0KB free_highatomic:0KB active_anon:1932kB inactive_anon:196kB active_file:96kB inactive_file:212kB unevictable:0kB writepending:0kB zspages:0kB present:15992kB managed:15360kB mlocked:0kB bounce:0kB free_pcp:0kB local_pcp:0kB free_cma:0kB
[   31.137903] lowmem_reserve[]: 0 1522 1522 1522 1522
[   31.138190] Node 0 DMA32 free:63944kB boost:16384kB min:60992kB low:72144kB high:83296kB reserved_highatomic:0KB free_highatomic:0KB active_anon:18844kB inactive_anon:184496kB active_file:3464kB inactive_file:5392kB unevictable:0kB writepending:4kB zspages:0kB present:2080640kB managed:1559424kB mlocked:0kB bounce:0kB free_pcp:792kB local_pcp:0kB free_cma:0kB
[   31.140125] lowmem_reserve[]: 0 0 0 0 0
[   31.140363] Node 0 DMA: 1*4kB (U) 1*8kB (M) 2*16kB (UM) 1*32kB (M) 2*64kB (UM) 2*128kB (M) 2*256kB (UM) 1*512kB (U) 1*1024kB (M) 2*2048kB (UM) 0*4096kB = 6604kB
[   31.141184] Node 0 DMA32: 967*4kB (UME) 941*8kB (UME) 567*16kB (ME) 361*32kB (UME) 124*64kB (ME) 88*128kB (ME) 31*256kB (M) 9*512kB (ME) 0*1024kB 0*2048kB 0*4096kB = 63764kB
[   31.142051] Node 0 hugepages_total=0 hugepages_free=0 hugepages_surp=0 hugepages_size=1048576kB
[   31.142509] Node 0 hugepages_total=0 hugepages_free=0 hugepages_surp=0 hugepages_size=2048kB
[   31.142967] 37490 total pagecache pages
[   31.143181] 0 pages in swap cache
[   31.143367] Free swap  = 0kB
[   31.143533] Total swap = 0kB
[   31.143705] 524158 pages RAM
[   31.143870] 0 pages HighMem/MovableOnly
[   31.144082] 130462 pages reserved
[   31.144269] 0 pages cma reserved
[   31.144451] 0 pages hwpoisoned
[   31.261140] kexec: Could not allocate control_code_buffer
[   32.270974] kexec: Could not allocate control_code_buffer
[   34.722935] gmain invoked oom-killer: gfp_mask=0x140cca(GFP_HIGHUSER_MOVABLE|__GFP_COMP), order=0, oom_score_adj=0
[   34.723539] CPU: 1 UID: 0 PID: 274 Comm: gmain Not tainted 6.18.0-7d0a66e4bb90 #1 PREEMPT(voluntary) 
[   34.723549] Hardware name: QEMU Standard PC (i440FX + PIIX, 1996), BIOS rel-1.16.0-0-gd239552ce722-prebuilt.qemu.org 04/01/2014
[   34.723559] Call Trace:
[   34.723561]  <TASK>
[   34.723564]  dump_stack_lvl+0x121/0x150
[   34.723581]  dump_stack+0x19/0x20
[   34.723589]  dump_header+0x10f/0x910
[   34.723605]  oom_kill_process+0x287/0xa40
[   34.723616]  out_of_memory+0x34c/0x1710
[   34.723629]  ? __pfx_out_of_memory+0x10/0x10
[   34.723643]  __alloc_pages_slowpath.constprop.0+0x1bc6/0x2270
[   34.723666]  ? __pfx___alloc_pages_slowpath.constprop.0+0x10/0x10
[   34.723675]  ? lock_is_held_type+0xef/0x150
[   34.723690]  ? lock_release+0x14f/0x2c0
[   34.723708]  __alloc_frozen_pages_noprof+0x5da/0x6e0
[   34.723719]  ? __pfx___alloc_frozen_pages_noprof+0x10/0x10
[   34.723727]  ? __pfx_alloc_pages_mpol+0x10/0x10
[   34.723739]  ? __sanitizer_cov_trace_switch+0x58/0xa0
[   34.723754]  ? policy_nodemask+0xf9/0x450
[   34.723765]  alloc_pages_mpol+0x236/0x4c0
[   34.723778]  ? __pfx_alloc_pages_mpol+0x10/0x10
[   34.723785]  ? lock_is_held_type+0xef/0x150
[   34.723797]  ? filemap_get_entry+0x1c0/0x360
[   34.723809]  alloc_frozen_pages_noprof+0xa9/0x180
[   34.723821]  folio_alloc_noprof+0x2d/0x120
[   34.723831]  filemap_alloc_folio_noprof+0x3e0/0x470
[   34.723840]  ? __pfx_filemap_get_entry+0x10/0x10
[   34.723851]  ? __pfx_filemap_alloc_folio_noprof+0x10/0x10
[   34.723864]  ? down_read+0x142/0x4d0
[   34.723875]  __filemap_get_folio+0x432/0x8c0
[   34.723889]  filemap_fault+0x1782/0x2cf0
[   34.723903]  ? __pfx_filemap_fault+0x10/0x10
[   34.723917]  ? rcu_read_unlock+0x31/0xc0
[   34.723930]  __do_fault+0x115/0x870
[   34.723944]  do_fault+0xba6/0x1690
[   34.723959]  __handle_mm_fault+0x1a2a/0x2d70
[   34.723974]  ? __pfx___handle_mm_fault+0x10/0x10
[   34.723982]  ? lock_vma_under_rcu+0x19d/0x590
[   34.723990]  ? __this_cpu_preempt_check+0x21/0x30
[   34.724001]  ? lock_release+0x14f/0x2c0
[   34.724010]  ? lock_vma_under_rcu+0x3f/0x590
[   34.724032]  handle_mm_fault+0x2de/0x920
[   34.724038]  ? __sanitizer_cov_trace_const_cmp8+0x1c/0x30
[   34.724053]  do_user_addr_fault+0x526/0xfe0
[   34.724065]  ? rcu_is_watching+0x19/0xc0
[   34.724078]  exc_page_fault+0xc9/0x1d0
[   34.724089]  asm_exc_page_fault+0x2b/0x30
[   34.724096] RIP: 0033:0x7f21529112d0
[   34.724110] Code: Unable to access opcode bytes at 0x7f21529112a6.
[   34.724113] RSP: 002b:00007f21511fdee8 EFLAGS: 00010246
[   34.724119] RAX: 0000000000000000 RBX: 00007f21511fdf18 RCX: 0000000000000000
[   34.724123] RDX: 000055e664136c60 RSI: 00007f21511fdf18 RDI: 00007f21511fdf30
[   34.724128] RBP: 000055e664109310 R08: 0000000000000000 R09: 00007f2153080000
[   34.724132] R10: 0000000000000001 R11: 0000000000000293 R12: 0000000000000002
[   34.724136] R13: 0000000000000000 R14: 00007f21511fdf30 R15: 000000007fffffff
[   34.724152]  </TASK>
[   34.724155] Mem-Info:
[   34.738956] active_anon:5195 inactive_anon:57397 isolated_anon:0
[   34.738956]  active_file:70 inactive_file:11 isolated_file:1
[   34.738956]  unevictable:0 dirty:0 writeback:0
[   34.738956]  slab_reclaimable:4318 slab_unreclaimable:24679
[   34.738956]  mapped:195 shmem:45135 pagetables:1113
[   34.738956]  sec_pagetables:0 bounce:0
[   34.738956]  kernel_misc_reclaimable:0
[   34.738956]  free:12718 free_pcp:68 free_cma:0
[   34.741181] Node 0 active_anon:20780kB inactive_anon:229588kB active_file:280kB inactive_file:44kB unevictable:0kB isolated(anon):0kB isolated(file):4kB mapped:780kB dirty:0kB writeback:0kB shmem:180540kB shmem_thp:0kB shmem_pmdmapped:0kB anon_thp:0kB kernel_stack:7968kB pagetables:4452kB sec_pagetables:0kB all_unreclaimable? no Balloon:0kB
[   34.743036] Node 0 DMA free:6532kB boost:0kB min:444kB low:552kB high:660kB reserved_highatomic:0KB free_highatomic:0KB active_anon:1932kB inactive_anon:196kB active_file:0kB inactive_file:0kB unevictable:0kB writepending:0kB zspages:0kB present:15992kB managed:15360kB mlocked:0kB bounce:0kB free_pcp:0kB local_pcp:0kB free_cma:0kB
[   34.744508] lowmem_reserve[]: 0 1522 1522 1522 1522
[   34.744790] Node 0 DMA32 free:44368kB boost:0kB min:44608kB low:55760kB high:66912kB reserved_highatomic:0KB free_highatomic:0KB active_anon:18848kB inactive_anon:229392kB active_file:280kB inactive_file:44kB unevictable:0kB writepending:0kB zspages:0kB present:2080640kB managed:1559424kB mlocked:0kB bounce:0kB free_pcp:248kB local_pcp:0kB free_cma:0kB
[   34.746356] lowmem_reserve[]: 0 0 0 0 0
[   34.746584] Node 0 DMA: 1*4kB (U) 0*8kB 2*16kB (UM) 3*32kB (UM) 0*64kB 2*128kB (UM) 2*256kB (UM) 1*512kB (M) 1*1024kB (M) 2*2048kB (UM) 0*4096kB = 6532kB
[   34.747378] Node 0 DMA32: 43*4kB (UME) 162*8kB (UME) 113*16kB (UME) 64*32kB (UME) 125*64kB (UME) 67*128kB (UME) 44*256kB (UM) 22*512kB (UME) 0*1024kB 0*2048kB 0*4096kB = 44428kB
[   34.748249] Node 0 hugepages_total=0 hugepages_free=0 hugepages_surp=0 hugepages_size=1048576kB
[   34.748701] Node 0 hugepages_total=0 hugepages_free=0 hugepages_surp=0 hugepages_size=2048kB
[   34.749144] 45223 total pagecache pages
[   34.749354] 0 pages in swap cache
[   34.749541] Free swap  = 0kB
[   34.749706] Total swap = 0kB
[   34.749873] 524158 pages RAM
[   34.750035] 0 pages HighMem/MovableOnly
[   34.750243] 130462 pages reserved
[   34.750425] 0 pages cma reserved
[   34.750611] 0 pages hwpoisoned
[   34.750797] Tasks state (memory values in pages):
[   34.751049] [  pid  ]   uid  tgid total_vm      rss rss_anon rss_file rss_shmem pgtables_bytes swapents oom_score_adj name
[   34.751636] [    140]     0   140     5474      426      256       10       160    81920        0          -250 systemd-journal
[   34.752269] [    162]     0   162     7810      666      640       26         0    81920        0         -1000 systemd-udevd
[   34.752858] [    233]    32   233     3314      208      192       16         0    69632        0             0 rpcbind
[   34.753419] [    234]     0   234    22959      189      161       28         0    73728        0         -1000 auditd
[   34.753977] [    236]     0   236     1947      108       64       44         0    61440        0             0 sedispatch
[   34.754546] [    257]    81   257     2731      223      179       44         0    57344        0          -900 dbus-broker-lau
[   34.755164] [    258]    81   258     1349      169      129       40         0    53248        0          -900 dbus-broker
[   34.755748] [    259]     0   259    64535      942      928       14         0   139264        0             0 NetworkManager
[   34.756345] [    262]     0   262    19783       74       32       42         0    61440        0             0 irqbalance
[   34.756926] [    263]   992   263      678       51       32       19         0    45056        0             0 lsmd
[   34.757475] [    264]     0   264      700       67       32       35         0    40960        0             0 mcelog
[   34.758034] [    266]     0   266     4607      282      256       26         0    81920        0             0 systemd-logind
[   34.758625] [    267]     0   267     4496      256      224       32         0    81920        0             0 systemd-machine
[   34.759238] [    271]   985   271    21097      167      135       32         0    65536        0             0 chronyd
[   34.759857] [    277]     0   277     4419      250      224       26         0    73728        0             0 systemd-hostnam
[   34.760739] [    301]     0   301    39958      367      192       25       150    81920        0             0 rsyslogd
[   34.761309] [    304]     0   304     3951      363      320       43         0    81920        0         -1000 sshd
[   34.761861] [    306]     0   306    13748      194      187        7         0    86016        0             0 gssproxy
[   34.762424] [    307]     0   307    66148     3411     3399       12         0   155648        0             0 tuned
[   34.763004] [    314]     0   314   292078      623      576       47         0   258048        0             0 virtqemud
[   34.763576] [    319]     0   319     1169       69       32       37         0    53248        0             0 atd
[   34.764119] [    324]     0   324     2139      192      192        0         0    53248        0             0 crond
[   34.764688] [    349]     0   349      763       51       32       19         0    45056        0             0 agetty
[   34.765244] [    350]     0   350     1405       53       32       21         0    49152        0             0 agetty
[   34.765802] [    547]   998   547   627856     1072     1048       24         0   204800        0             0 polkitd
[   34.766361] [    590]     0   590     5109      460      448       12         0    81920        0           100 systemd
[   34.766935] [    591]     0   591    42783     1016      976       40         0   102400        0           100 (sd-pam)
[   34.767504] [    694]     0   694     4741      474      448       26         0    86016        0             0 sshd
[   34.768061] [    696]     0   696     4741      474      454       20         0    86016        0             0 sshd
[   34.768610] [    697]     0   697     1782       94       64       30         0    57344        0             0 repro.sh
[   34.769178] [    722]     0   722     4736       36        0       36         0    40960        0             0 repro
[   34.769733] [    723]     0   723     4736       33        0       33         0    40960        0             0 repro
[   34.770283] [    724]     0   724     4736        3        0        3         0    40960        0             0 repro
[   34.770847] [    725]     0   725     4736        1        0        1         0    40960        0             0 repro
[   34.771402] [    727]     0   727     4736       30        0       30         0    40960        0             0 repro
[   34.771955] [    728]     0   728     4736       25        0       25         0    40960        0             0 repro
[   34.772506] [    729]     0   729     4736       23        0       23         0    40960        0             0 repro
[   34.773063] [    730]     0   730     4736       33        0       33         0    40960        0             0 repro
[   34.773620] [    732]     0   732     4736       32        0       32         0    40960        0             0 repro
[   34.774175] [    739]     0   739     7890      725      713       12         0    73728        0             0 systemd-udevd
[   34.774788] [    740]     0   740     7890      723      702       21         0    73728        0             0 systemd-udevd
[   34.775382] [    741]     0   741     7890      731      713       18         0    73728        0             0 systemd-udevd
[   34.775985] [    742]     0   742     7890      732      702       30         0    73728        0             0 systemd-udevd
[   34.776579] [    743]     0   743     7810      720      666       54         0    73728        0             0 systemd-udevd
[   34.777188] [    969]     0   969     4736       23        0       23         0    53248        0          1000 repro
[   34.777745] [    985]     0   985    38528      577      544       33         0    86016        0          1000 repro
[   34.778298] [    986]     0   986    38528      577      544       33         0    86016        0          1000 repro
[   34.778869] [    987]     0   987    38528      577      544       33         0    86016        0          1000 repro
[   34.779421] [    988]     0   988    38528      609      576       33         0    86016        0          1000 repro
[   34.779973] [    989]     0   989    38528      609      576       33         0    86016        0          1000 repro
[   34.780524] [    990]     0   990    38528      609      576       33         0    86016        0          1000 repro
[   34.781076] [    991]     0   991    38528      321      288       33         0    57344        0          1000 repro
[   34.781628] oom-kill:constraint=CONSTRAINT_NONE,nodemask=(null),cpuset=/,mems_allowed=0,global_oom,task_memcg=/user.slice/user-0.slice/session-6.scope,task=repro,pid=990,uid=0
[   34.782835] Out of memory: Killed process 990 (repro) total-vm:154112kB, anon-rss:2304kB, file-rss:132kB, shmem-rss:0kB, UID:0 pgtables:84kB oom_score_adj:1000
[   34.977189] kexec: Could not allocate control_code_buffer
[   36.802004] kexec: Could not allocate control_code_buffer
[   37.867381] systemd-udevd invoked oom-killer: gfp_mask=0x40cc0(GFP_KERNEL|__GFP_COMP), order=1, oom_score_adj=-1000
[   37.868033] CPU: 1 UID: 0 PID: 162 Comm: systemd-udevd Not tainted 6.18.0-7d0a66e4bb90 #1 PREEMPT(voluntary) 
[   37.868044] Hardware name: QEMU Standard PC (i440FX + PIIX, 1996), BIOS rel-1.16.0-0-gd239552ce722-prebuilt.qemu.org 04/01/2014
[   37.868050] Call Trace:
[   37.868053]  <TASK>
[   37.868057]  dump_stack_lvl+0x121/0x150
[   37.868074]  dump_stack+0x19/0x20
[   37.868083]  dump_header+0x10f/0x910
[   37.868096]  oom_kill_process+0x287/0xa40
[   37.868106]  out_of_memory+0x34c/0x1710
[   37.868119]  ? __pfx_out_of_memory+0x10/0x10
[   37.868133]  __alloc_pages_slowpath.constprop.0+0x1bc6/0x2270
[   37.868156]  ? __pfx___alloc_pages_slowpath.constprop.0+0x10/0x10
[   37.868165]  ? lock_is_held_type+0xef/0x150
[   37.868180]  ? lock_release+0x14f/0x2c0
[   37.868198]  __alloc_frozen_pages_noprof+0x5da/0x6e0
[   37.868205]  ? kernel_text_address+0xd3/0xe0
[   37.868230]  ? __pfx___alloc_frozen_pages_noprof+0x10/0x10
[   37.868237]  ? __pfx_stack_trace_consume_entry+0x10/0x10
[   37.868254]  ? __sanitizer_cov_trace_switch+0x58/0xa0
[   37.868270]  ? policy_nodemask+0xf9/0x450
[   37.868282]  alloc_pages_mpol+0x236/0x4c0
[   37.868295]  ? __pfx_alloc_pages_mpol+0x10/0x10
[   37.868303]  ? __this_cpu_preempt_check+0x21/0x30
[   37.868315]  ? lock_is_held_type+0xef/0x150
[   37.868329]  alloc_frozen_pages_noprof+0xa9/0x180
[   37.868341]  allocate_slab+0x37b/0x470
[   37.868352]  ? __this_cpu_preempt_check+0x21/0x30
[   37.868362]  ? __sanitizer_cov_trace_const_cmp4+0x1a/0x20
[   37.868376]  ___slab_alloc+0xcce/0x1740
[   37.868389]  ? getname_flags.part.0+0x54/0x570
[   37.868405]  ? __this_cpu_preempt_check+0x21/0x30
[   37.868417]  ? lock_is_held_type+0xef/0x150
[   37.868433]  __slab_alloc.constprop.0+0x64/0xe0
[   37.868444]  ? __slab_alloc.constprop.0+0x64/0xe0
[   37.868455]  ? getname_flags.part.0+0x54/0x570
[   37.868466]  ? getname_flags.part.0+0x54/0x570
[   37.868476]  kmem_cache_alloc_noprof+0x543/0x7d0
[   37.868483]  ? __this_cpu_preempt_check+0x21/0x30
[   37.868500]  getname_flags.part.0+0x54/0x570
[   37.868510]  ? getname_flags.part.0+0x54/0x570
[   37.868523]  getname_flags+0x9f/0xf0
[   37.868533]  do_sys_openat2+0xb9/0x1d0
[   37.868546]  ? __pfx_do_sys_openat2+0x10/0x10
[   37.868564]  ? __pfx___seccomp_filter+0x10/0x10
[   37.868576]  __x64_sys_openat+0x179/0x240
[   37.868588]  ? __pfx___x64_sys_openat+0x10/0x10
[   37.868602]  ? __secure_computing+0x1ec/0x2f0
[   37.868614]  x64_sys_call+0xedb/0x2190
[   37.868623]  do_syscall_64+0x6d/0x450
[   37.868634]  entry_SYSCALL_64_after_hwframe+0x76/0x7e
[   37.868641] RIP: 0033:0x7fb61313e9c6
[   37.868650] Code: c0 f6 c2 40 75 4e 89 d0 45 31 d2 25 00 00 41 00 3d 00 00 41 00 74 3d 64 8b 04 25 18 00 00 00 85 c0 75 61 b8 01 01 00 00 0f 05 <48> 3d 00 f0 ff ff 0f 87 9e 00 00 00 48 8b 54 24 38 64 48 2b 14 25
[   37.868657] RSP: 002b:00007fff4d4ea7b0 EFLAGS: 00000246 ORIG_RAX: 0000000000000101
[   37.868665] RAX: ffffffffffffffda RBX: 0000000000000014 RCX: 00007fb61313e9c6
[   37.868670] RDX: 00000000002a0000 RSI: 000055d6bf744210 RDI: 0000000000000014
[   37.868674] RBP: 00007fff4d4eaa10 R08: 0000000000000003 R09: 0000000000000020
[   37.868678] R10: 0000000000000000 R11: 0000000000000246 R12: 0000000000000003
[   37.868682] R13: 0000000000000000 R14: 0000000000000014 R15: 000055d6bf7688d0
[   37.868700]  </TASK>
[   37.868702] Mem-Info:
[   37.885222] active_anon:5196 inactive_anon:49028 isolated_anon:0
[   37.885222]  active_file:3442 inactive_file:28 isolated_file:0
[   37.885222]  unevictable:0 dirty:10 writeback:0
[   37.885222]  slab_reclaimable:4327 slab_unreclaimable:24761
[   37.885222]  mapped:2890 shmem:37738 pagetables:1094
[   37.885222]  sec_pagetables:0 bounce:0
[   37.885222]  kernel_misc_reclaimable:0
[   37.885222]  free:14869 free_pcp:22 free_cma:0
[   37.887262] Node 0 active_anon:20784kB inactive_anon:196112kB active_file:13660kB inactive_file:196kB unevictable:0kB isolated(anon):0kB isolated(file):0kB mapped:11560kB dirty:40kB writeback:0kB shmem:150952kB shmem_thp:0kB shmem_pmdmapped:0kB anon_thp:0kB kernel_stack:7904kB pagetables:4376kB sec_pagetables:0kB all_unreclaimable? no Balloon:0kB
[   37.888865] Node 0 DMA free:6456kB boost:0kB min:444kB low:552kB high:660kB reserved_highatomic:0KB free_highatomic:0KB active_anon:1932kB inactive_anon:320kB active_file:0kB inactive_file:0kB unevictable:0kB writepending:0kB zspages:0kB present:15992kB managed:15360kB mlocked:0kB bounce:0kB free_pcp:4kB local_pcp:0kB free_cma:0kB
[   37.890413] lowmem_reserve[]: 0 1522 1522 1522 1522
[   37.890722] Node 0 DMA32 free:53020kB boost:28672kB min:73280kB low:84432kB high:95584kB reserved_highatomic:0KB free_highatomic:0KB active_anon:18852kB inactive_anon:195812kB active_file:13372kB inactive_file:532kB unevictable:0kB writepending:40kB zspages:0kB present:2080640kB managed:1559424kB mlocked:0kB bounce:0kB free_pcp:88kB local_pcp:0kB free_cma:0kB
[   37.892396] lowmem_reserve[]: 0 0 0 0 0
[   37.892638] Node 0 DMA: 0*4kB 1*8kB (U) 2*16kB (UM) 1*32kB (M) 2*64kB (UM) 3*128kB (M) 1*256kB (M) 1*512kB (U) 1*1024kB (M) 2*2048kB (UM) 0*4096kB = 6472kB
[   37.893464] Node 0 DMA32: 75*4kB (UME) 803*8kB (UME) 795*16kB (UME) 377*32kB (UME) 152*64kB (UME) 53*128kB (UME) 10*256kB (UM) 3*512kB (UME) 1*1024kB (U) 0*2048kB 0*4096kB = 53140kB
[   37.894392] Node 0 hugepages_total=0 hugepages_free=0 hugepages_surp=0 hugepages_size=1048576kB
[   37.894894] Node 0 hugepages_total=0 hugepages_free=0 hugepages_surp=0 hugepages_size=2048kB
[   37.895357] 41229 total pagecache pages
[   37.895585] 0 pages in swap cache
[   37.895782] Free swap  = 0kB
[   37.895955] Total swap = 0kB
[   37.896129] 524158 pages RAM
[   37.896302] 0 pages HighMem/MovableOnly
[   37.896523] 130462 pages reserved
[   37.896721] 0 pages cma reserved
[   37.896911] 0 pages hwpoisoned
[   37.897097] Tasks state (memory values in pages):
[   37.897368] [  pid  ]   uid  tgid total_vm      rss rss_anon rss_file rss_shmem pgtables_bytes swapents oom_score_adj name
[   37.897982] [    140]     0   140     5474      984      256      536       192    81920        0          -250 systemd-journal
[   37.898650] [    162]     0   162     7810     1354      640      714         0    81920        0         -1000 systemd-udevd
[   37.899280] [    233]    32   233     3314      208      192       16         0    69632        0             0 rpcbind
[   37.899868] [    234]     0   234    22959      189      161       28         0    73728        0         -1000 auditd
[   37.900446] [    236]     0   236     1947      108       64       44         0    61440        0             0 sedispatch
[   37.901049] [    257]    81   257     2731      223      179       44         0    57344        0          -900 dbus-broker-lau
[   37.901672] [    258]    81   258     1349      371      129      242         0    53248        0          -900 dbus-broker
[   37.902277] [    259]     0   259    64535      948      928       20         0   139264        0             0 NetworkManager
[   37.902909] [    262]     0   262    19783       74       32       42         0    61440        0             0 irqbalance
[   37.903510] [    263]   992   263      678       51       32       19         0    45056        0             0 lsmd
[   37.904087] [    264]     0   264      700       67       32       35         0    40960        0             0 mcelog
[   37.904674] [    266]     0   266     4607      636      256      380         0    81920        0             0 systemd-logind
[   37.905293] [    267]     0   267     4496      626      224      402         0    81920        0             0 systemd-machine
[   37.905924] [    271]   985   271    21097      167      135       32         0    65536        0             0 chronyd
[   37.906511] [    277]     0   277     4419      250      224       26         0    73728        0             0 systemd-hostnam
[   37.907155] [    301]     0   301    39958      867      192      488       187    81920        0             0 rsyslogd
[   37.907748] [    304]     0   304     3951      363      320       43         0    81920        0         -1000 sshd
[   37.908318] [    306]     0   306    13748      194      187        7         0    86016        0             0 gssproxy
[   37.908910] [    307]     0   307    66148     4088     3399      689         0   155648        0             0 tuned
[   37.909482] [    314]     0   314   292078      970      576      394         0   258048        0             0 virtqemud
[   37.910077] [    319]     0   319     1169       69       32       37         0    53248        0             0 atd
[   37.910647] [    324]     0   324     2139      237      192       45         0    53248        0             0 crond
[   37.911241] [    349]     0   349      763       51       32       19         0    45056        0             0 agetty
[   37.911828] [    350]     0   350     1405       53       32       21         0    49152        0             0 agetty
[   37.912406] [    547]   998   547   627856     1061     1048       13         0   204800        0             0 polkitd
[   37.912993] [    590]     0   590     5109     1328      448      880         0    81920        0           100 systemd
[   37.913578] [    591]     0   591    42783     1016      976       40         0   102400        0           100 (sd-pam)
[   37.914167] [    694]     0   694     4741      474      448       26         0    86016        0             0 sshd
[   37.914758] [    696]     0   696     4741      871      454      417         0    86016        0             0 sshd
[   37.915335] [    697]     0   697     1782       94       64       30         0    57344        0             0 repro.sh
[   37.915930] [    722]     0   722     4736       36        0       36         0    40960        0             0 repro
[   37.916505] [    723]     0   723     4736      160        0      160         0    40960        0             0 repro
[   37.917086] [    724]     0   724     4736      158        0      158         0    40960        0             0 repro
[   37.917661] [    725]     0   725     4736      168        0      168         0    40960        0             0 repro
[   37.918235] [    727]     0   727     4736      139        0      139         0    40960        0             0 repro
[   37.918827] [    728]     0   728     4736      155        0      155         0    40960        0             0 repro
[   37.919404] [    729]     0   729     4736      153        0      153         0    40960        0             0 repro
[   37.919978] [    730]     0   730     4736      140        0      140         0    40960        0             0 repro
[   37.920553] [    732]     0   732     4736      155        0      155         0    40960        0             0 repro
[   37.921125] [    739]     0   739     7890     1588      713      875         0    73728        0             0 systemd-udevd
[   37.921742] [    740]     0   740     7890     1592      702      890         0    73728        0             0 systemd-udevd
[   37.922353] [    741]     0   741     7890      763      713       50         0    73728        0             0 systemd-udevd
[   37.922978] [    742]     0   742     7890      732      702       30         0    73728        0             0 systemd-udevd
[   37.923590] [    743]     0   743     7810      720      666       54         0    73728        0             0 systemd-udevd
[   37.924211] [   1016]     0  1016     4736      183        0      183         0    53248        0          1000 repro
[   37.924788] [   1027]     0  1027    38528      833      576      257         0    86016        0          1000 repro
[   37.925363] [   1028]     0  1028    38528      833      576      257         0    86016        0          1000 repro
[   37.925941] [   1030]     0  1030    38528      833      576      257         0    86016        0          1000 repro
[   37.926517] [   1031]     0  1031    38528      801      544      257         0    69632        0          1000 repro
[   37.927104] [   1032]     0  1032    38528      737      480      257         0    57344        0          1000 repro
[   37.927679] oom-kill:constraint=CONSTRAINT_NONE,nodemask=(null),cpuset=/,mems_allowed=0,global_oom,task_memcg=/user.slice/user-0.slice/session-6.scope,task=repro,pid=1030,uid=0
[   37.928882] Out of memory: Killed process 1030 (repro) total-vm:154112kB, anon-rss:2304kB, file-rss:1028kB, shmem-rss:0kB, UID:0 pgtables:84kB oom_score_adj:1000
[   37.987070] kexec: Could not allocate control_code_buffer
[   39.322480] kexec: Could not allocate control_code_buffer
[   40.109230] kexec: Could not allocate control_code_buffer
[   41.152105] warn_alloc: 6 callbacks suppressed
[   41.152117] repro: page allocation failure: order:0, mode:0x10cc0(GFP_KERNEL|__GFP_NORETRY), nodemask=(null),cpuset=/,mems_allowed=0
[   41.153041] CPU: 0 UID: 0 PID: 1067 Comm: repro Not tainted 6.18.0-7d0a66e4bb90 #1 PREEMPT(voluntary) 
[   41.153051] Hardware name: QEMU Standard PC (i440FX + PIIX, 1996), BIOS rel-1.16.0-0-gd239552ce722-prebuilt.qemu.org 04/01/2014
[   41.153056] Call Trace:
[   41.153058]  <TASK>
[   41.153062]  dump_stack_lvl+0x121/0x150
[   41.153078]  dump_stack+0x19/0x20
[   41.153086]  warn_alloc+0x216/0x350
[   41.153098]  ? __pfx_warn_alloc+0x10/0x10
[   41.153113]  ? __pfx___alloc_pages_direct_compact+0x10/0x10
[   41.153120]  ? __drain_all_pages+0x27d/0x480
[   41.153137]  __alloc_pages_slowpath.constprop.0+0x1356/0x2270
[   41.153157]  ? __pfx___alloc_pages_slowpath.constprop.0+0x10/0x10
[   41.153166]  ? lock_is_held_type+0xef/0x150
[   41.153180]  ? lock_release+0x14f/0x2c0
[   41.153198]  __alloc_frozen_pages_noprof+0x5da/0x6e0
[   41.153205]  ? irqentry_exit+0x3e/0xa0
[   41.153216]  ? __pfx___alloc_frozen_pages_noprof+0x10/0x10
[   41.153228]  ? __sanitizer_cov_trace_switch+0x58/0xa0
[   41.153242]  ? policy_nodemask+0xf9/0x450
[   41.153254]  alloc_pages_mpol+0x236/0x4c0
[   41.153266]  ? __pfx_alloc_pages_mpol+0x10/0x10
[   41.153274]  ? asm_sysvec_apic_timer_interrupt+0x1f/0x30
[   41.153289]  alloc_frozen_pages_noprof+0xa9/0x180
[   41.153300]  alloc_pages_noprof+0x27/0xa0
[   41.153310]  kimage_alloc_pages+0x78/0x240
[   41.153321]  kimage_alloc_control_pages+0x1ca/0xa60
[   41.153335]  ? __pfx_kimage_alloc_control_pages+0x10/0x10
[   41.153343]  ? __sanitizer_cov_trace_cmp8+0x1c/0x30
[   41.153359]  do_kexec_load+0x39b/0x8c0
[   41.153367]  ? __might_fault+0xf1/0x1b0
[   41.153377]  ? __pfx_do_kexec_load+0x10/0x10
[   41.153386]  ? __sanitizer_cov_trace_const_cmp8+0x1c/0x30
[   41.153397]  ? _copy_from_user+0x75/0xa0
[   41.153411]  __x64_sys_kexec_load+0x1cc/0x240
[   41.153422]  x64_sys_call+0x1c84/0x2190
[   41.153430]  do_syscall_64+0x6d/0x450
[   41.153440]  entry_SYSCALL_64_after_hwframe+0x76/0x7e
[   41.153447] RIP: 0033:0x7f9569a3ee5d
[   41.153456] Code: ff c3 66 2e 0f 1f 84 00 00 00 00 00 90 f3 0f 1e fa 48 89 f8 48 89 f7 48 89 d6 48 89 ca 4d 89 c2 4d 89 c8 4c 8b 4c 24 08 0f 05 <48> 3d 01 f0 ff ff 73 01 c3 48 8b 0d 93 af 1b 00 f7 d8 64 89 01 48
[   41.153462] RSP: 002b:00007ffd00690208 EFLAGS: 00000207 ORIG_RAX: 00000000000000f6
[   41.153469] RAX: ffffffffffffffda RBX: 0000000000000000 RCX: 00007f9569a3ee5d
[   41.153474] RDX: 0000200000000180 RSI: 0000000000000003 RDI: 0000000000000000
[   41.153478] RBP: 00007ffd00690220 R08: 00007ffd0068fc90 R09: 00007ffd00690220
[   41.153482] R10: 0000000000000000 R11: 0000000000000207 R12: 00007ffd00690378
[   41.153486] R13: 00000000004030f5 R14: 000000000040ee08 R15: 00007f9569e23000
[   41.153502]  </TASK>
[   41.153505] Mem-Info:
[   41.168363] active_anon:5192 inactive_anon:46032 isolated_anon:0
[   41.168363]  active_file:1110 inactive_file:1422 isolated_file:55
[   41.168363]  unevictable:0 dirty:2 writeback:0
[   41.168363]  slab_reclaimable:4328 slab_unreclaimable:24664
[   41.168363]  mapped:2236 shmem:35592 pagetables:1054
[   41.168363]  sec_pagetables:0 bounce:0
[   41.168363]  kernel_misc_reclaimable:0
[   41.168363]  free:20768 free_pcp:129 free_cma:0
[   41.170318] Node 0 active_anon:20768kB inactive_anon:184716kB active_file:4440kB inactive_file:5688kB unevictable:0kB isolated(anon):0kB isolated(file):220kB mapped:8944kB dirty:8kB writeback:0kB shmem:142368kB shmem_thp:0kB shmem_pmdmapped:0kB anon_thp:0kB kernel_stack:7936kB pagetables:4216kB sec_pagetables:0kB all_unreclaimable? no Balloon:0kB
[   41.172060] Node 0 DMA free:6496kB boost:0kB min:444kB low:552kB high:660kB reserved_highatomic:0KB free_highatomic:0KB active_anon:1932kB inactive_anon:300kB active_file:0kB inactive_file:132kB unevictable:0kB writepending:0kB zspages:0kB present:15992kB managed:15360kB mlocked:0kB bounce:0kB free_pcp:12kB local_pcp:0kB free_cma:0kB
[   41.173613] lowmem_reserve[]: 0 1522 1522 1522 1522
[   41.173997] Node 0 DMA32 free:75400kB boost:30720kB min:75328kB low:86480kB high:97632kB reserved_highatomic:0KB free_highatomic:0KB active_anon:18836kB inactive_anon:184416kB active_file:4396kB inactive_file:6100kB unevictable:0kB writepending:8kB zspages:0kB present:2080640kB managed:1559424kB mlocked:0kB bounce:0kB free_pcp:732kB local_pcp:0kB free_cma:0kB
[   41.175735] lowmem_reserve[]: 0 0 0 0 0
[   41.175985] Node 0 DMA: 6*4kB (UM) 4*8kB (UM) 4*16kB (UM) 2*32kB (U) 2*64kB (UM) 3*128kB (M) 1*256kB (M) 1*512kB (U) 1*1024kB (M) 2*2048kB (UM) 0*4096kB = 6584kB
[   41.176940] Node 0 DMA32: 1247*4kB (UME) 1182*8kB (UME) 836*16kB (UME) 408*32kB (UME) 185*64kB (UME) 79*128kB (UME) 29*256kB (UM) 10*512kB (UME) 0*1024kB 0*2048kB 0*4096kB = 75372kB
[   41.177997] Node 0 hugepages_total=0 hugepages_free=0 hugepages_surp=0 hugepages_size=1048576kB
[   41.178546] Node 0 hugepages_total=0 hugepages_free=0 hugepages_surp=0 hugepages_size=2048kB
[   41.179104] 38220 total pagecache pages
[   41.179334] 0 pages in swap cache
[   41.179635] Free swap  = 0kB
[   41.179825] Total swap = 0kB
[   41.180054] 524158 pages RAM
[   41.180242] 0 pages HighMem/MovableOnly
[   41.180517] 130462 pages reserved
[   41.180725] 0 pages cma reserved
[   41.180972] 0 pages hwpoisoned
[   41.259354] kexec: Could not allocate control_code_buffer
[   41.826569] kexec: Could not allocate control_code_buffer
[   42.736864] repro invoked oom-killer: gfp_mask=0x140dca(GFP_HIGHUSER_MOVABLE|__GFP_ZERO|__GFP_COMP), order=0, oom_score_adj=1000
[   42.737547] CPU: 0 UID: 0 PID: 1102 Comm: repro Not tainted 6.18.0-7d0a66e4bb90 #1 PREEMPT(voluntary) 
[   42.737560] Hardware name: QEMU Standard PC (i440FX + PIIX, 1996), BIOS rel-1.16.0-0-gd239552ce722-prebuilt.qemu.org 04/01/2014
[   42.737565] Call Trace:
[   42.737568]  <TASK>
[   42.737571]  dump_stack_lvl+0x121/0x150
[   42.737587]  dump_stack+0x19/0x20
[   42.737595]  dump_header+0x10f/0x910
[   42.737607]  oom_kill_process+0x287/0xa40
[   42.737616]  out_of_memory+0x34c/0x1710
[   42.737628]  ? __pfx_out_of_memory+0x10/0x10
[   42.737641]  __alloc_pages_slowpath.constprop.0+0x1bc6/0x2270
[   42.737662]  ? __pfx___alloc_pages_slowpath.constprop.0+0x10/0x10
[   42.737670]  ? lock_is_held_type+0xef/0x150
[   42.737684]  ? lock_release+0x14f/0x2c0
[   42.737701]  __alloc_frozen_pages_noprof+0x5da/0x6e0
[   42.737711]  ? __pfx___alloc_frozen_pages_noprof+0x10/0x10
[   42.737722]  ? __sanitizer_cov_trace_switch+0x58/0xa0
[   42.737736]  ? policy_nodemask+0xf9/0x450
[   42.737748]  alloc_pages_mpol+0x236/0x4c0
[   42.737758]  ? __pfx_alloc_pages_mpol+0x10/0x10
[   42.737769]  ? __lock_acquire+0x412/0x22a0
[   42.737781]  folio_alloc_mpol_noprof+0x44/0x120
[   42.737792]  vma_alloc_folio_noprof+0x112/0x200
[   42.737802]  ? __pfx_vma_alloc_folio_noprof+0x10/0x10
[   42.737810]  ? __this_cpu_preempt_check+0x21/0x30
[   42.737821]  ? lock_acquire+0x180/0x310
[   42.737834]  do_anonymous_page+0xa0a/0x1b30
[   42.737845]  ? lock_release+0x14f/0x2c0
[   42.737860]  __handle_mm_fault+0x1d96/0x2d70
[   42.737873]  ? __pfx___handle_mm_fault+0x10/0x10
[   42.737880]  ? lock_vma_under_rcu+0x19d/0x590
[   42.737889]  ? __this_cpu_preempt_check+0x21/0x30
[   42.737899]  ? lock_release+0x14f/0x2c0
[   42.737907]  ? lock_vma_under_rcu+0x3f/0x590
