c[?7l[2J[0mSeaBIOS (version rel-1.16.0-0-gd239552ce722-prebuilt.qemu.org)


iPXE (http://ipxe.org) 00:03.0 CA00 PCI2.10 PnP PMM+7FF91000+7FEF1000 CA00
Press Ctrl-B to configure iPXE (PCI 00:03.0)...                                                                               


Booting from ROM..c[?7l[2J[    0.000000] Linux version 6.18.0-next-20251203-b2c27842ba85 (root@p-arls02) (gcc (GCC) 11.5.0 20240719 (Red Hat 11.5.0-14), GNU ld version 2.35.2-68.el9) #1 SMP PREEMPT_DYNAMIC Thu Dec  4 10:25:26 CST 2025
[    0.000000] Command line: console=ttyS0 root=/dev/sda earlyprintk=serial net.ifnames=0 plymouth.enable=0
[    0.000000] KERNEL supported cpus:
[    0.000000]   Intel GenuineIntel
[    0.000000]   AMD AuthenticAMD
[    0.000000]   Hygon HygonGenuine
[    0.000000]   Centaur CentaurHauls
[    0.000000]   zhaoxin   Shanghai  
[    0.000000] x86/CPU: Model not found in latest microcode list
[    0.000000] x86/split lock detection: #DB: warning on user-space bus_locks
[    0.000000] BIOS-provided physical RAM map:
[    0.000000] BIOS-e820: [mem 0x0000000000000000-0x000000000009fbff] usable
[    0.000000] BIOS-e820: [mem 0x000000000009fc00-0x000000000009ffff] reserved
[    0.000000] BIOS-e820: [mem 0x00000000000f0000-0x00000000000fffff] reserved
[    0.000000] BIOS-e820: [mem 0x0000000000100000-0x000000007ffdffff] usable
[    0.000000] BIOS-e820: [mem 0x000000007ffe0000-0x000000007fffffff] reserved
[    0.000000] BIOS-e820: [mem 0x00000000feffc000-0x00000000feffffff] reserved
[    0.000000] BIOS-e820: [mem 0x00000000fffc0000-0x00000000ffffffff] reserved
[    0.000000] printk: legacy bootconsole [earlyser0] enabled
[    0.000000] NX (Execute Disable) protection: active
[    0.000000] APIC: Static calls initialized
[    0.000000] SMBIOS 2.8 present.
[    0.000000] DMI: QEMU Standard PC (i440FX + PIIX, 1996), BIOS rel-1.16.0-0-gd239552ce722-prebuilt.qemu.org 04/01/2014
[    0.000000] DMI: Memory slots populated: 1/1
[    0.000000] Hypervisor detected: KVM
[    0.000000] last_pfn = 0x7ffe0 max_arch_pfn = 0x400000000
[    0.000000] kvm-clock: Using msrs 4b564d01 and 4b564d00
[    0.000002] kvm-clock: using sched offset of 964939086 cycles
[    0.000412] clocksource: kvm-clock: mask: 0xffffffffffffffff max_cycles: 0x1cd42e4dffb, max_idle_ns: 881590591483 ns
[    0.001678] tsc: Detected 1267.200 MHz processor
[    0.008029] last_pfn = 0x7ffe0 max_arch_pfn = 0x400000000
[    0.008483] MTRR map: 4 entries (3 fixed + 1 variable; max 19), built from 8 variable MTRRs
[    0.009138] x86/PAT: Configuration [0-7]: WB  WC  UC- UC  WB  WP  UC- WT  
[    0.018720] found SMP MP-table at [mem 0x000f5ba0-0x000f5baf]
[    0.019200] Using GB pages for direct mapping
[    0.021354] ACPI: Early table checksum verification disabled
[    0.021785] ACPI: RSDP 0x00000000000F59C0 000014 (v00 BOCHS )
[    0.022239] ACPI: RSDT 0x000000007FFE1951 000034 (v01 BOCHS  BXPC     00000001 BXPC 00000001)
[    0.022908] ACPI: FACP 0x000000007FFE17FD 000074 (v01 BOCHS  BXPC     00000001 BXPC 00000001)
[    0.023608] ACPI: DSDT 0x000000007FFE0040 0017BD (v01 BOCHS  BXPC     00000001 BXPC 00000001)
[    0.024283] ACPI: FACS 0x000000007FFE0000 000040
[    0.024647] ACPI: APIC 0x000000007FFE1871 000080 (v01 BOCHS  BXPC     00000001 BXPC 00000001)
[    0.025323] ACPI: HPET 0x000000007FFE18F1 000038 (v01 BOCHS  BXPC     00000001 BXPC 00000001)
[    0.026003] ACPI: WAET 0x000000007FFE1929 000028 (v01 BOCHS  BXPC     00000001 BXPC 00000001)
[    0.026673] ACPI: Reserving FACP table memory at [mem 0x7ffe17fd-0x7ffe1870]
[    0.027226] ACPI: Reserving DSDT table memory at [mem 0x7ffe0040-0x7ffe17fc]
[    0.027774] ACPI: Reserving FACS table memory at [mem 0x7ffe0000-0x7ffe003f]
[    0.028326] ACPI: Reserving APIC table memory at [mem 0x7ffe1871-0x7ffe18f0]
[    0.028878] ACPI: Reserving HPET table memory at [mem 0x7ffe18f1-0x7ffe1928]
[    0.029429] ACPI: Reserving WAET table memory at [mem 0x7ffe1929-0x7ffe1950]
[    0.030433] No NUMA configuration found
[    0.030739] Faking a node at [mem 0x0000000000000000-0x000000007ffdffff]
[    0.031295] NODE_DATA(0) allocated [mem 0x7ffb4ec0-0x7ffdfcbf]
[    0.032166] Zone ranges:
[    0.032367]   DMA      [mem 0x0000000000001000-0x0000000000ffffff]
[    0.032852]   DMA32    [mem 0x0000000001000000-0x000000007ffdffff]
[    0.033320]   Normal   empty
[    0.033547]   Device   empty
[    0.033775] Movable zone start for each node
[    0.034117] Early memory node ranges
[    0.034395]   node   0: [mem 0x0000000000001000-0x000000000009efff]
[    0.034886]   node   0: [mem 0x0000000000100000-0x000000007ffdffff]
[    0.035374] Initmem setup node 0 [mem 0x0000000000001000-0x000000007ffdffff]
[    0.036804] On node 0, zone DMA: 1 pages in unavailable ranges
[    0.037569] On node 0, zone DMA: 97 pages in unavailable ranges
[    0.163877] On node 0, zone DMA32: 32 pages in unavailable ranges
[    0.852824] KernelAddressSanitizer initialized (generic)
[    0.853611] ACPI: PM-Timer IO Port: 0x608
[    0.854015] ACPI: LAPIC_NMI (acpi_id[0xff] dfl dfl lint[0x1])
[    0.854615] IOAPIC[0]: apic_id 0, version 17, address 0xfec00000, GSI 0-23
[    0.855197] ACPI: INT_SRC_OVR (bus 0 bus_irq 0 global_irq 2 dfl dfl)
[    0.855711] ACPI: INT_SRC_OVR (bus 0 bus_irq 5 global_irq 5 high level)
[    0.856242] ACPI: INT_SRC_OVR (bus 0 bus_irq 9 global_irq 9 high level)
[    0.856771] ACPI: INT_SRC_OVR (bus 0 bus_irq 10 global_irq 10 high level)
[    0.857313] ACPI: INT_SRC_OVR (bus 0 bus_irq 11 global_irq 11 high level)
[    0.857871] ACPI: Using ACPI (MADT) for SMP configuration information
[    0.858387] ACPI: HPET id: 0x8086a201 base: 0xfed00000
[    0.858822] TSC deadline timer available
[    0.859147] CPU topo: Max. logical packages:   1
[    0.859522] CPU topo: Max. logical dies:       1
[    0.859894] CPU topo: Max. dies per package:   1
[    0.860265] CPU topo: Max. threads per core:   1
[    0.860633] CPU topo: Num. cores per package:     2
[    0.861028] CPU topo: Num. threads per package:   2
[    0.861417] CPU topo: Allowing 2 present CPUs plus 0 hotplug CPUs
[    0.862010] kvm-guest: APIC: eoi() replaced with kvm_guest_apic_eoi_write()
[    0.862681] kvm-guest: KVM setup pv remote TLB flush
[    0.863083] kvm-guest: setup PV sched yield
[    0.863501] PM: hibernation: Registered nosave memory: [mem 0x00000000-0x00000fff]
[    0.864109] PM: hibernation: Registered nosave memory: [mem 0x0009f000-0x000fffff]
[    0.864713] [mem 0x80000000-0xfeffbfff] available for PCI devices
[    0.865200] Booting paravirtualized kernel on KVM
[    0.865601] clocksource: refined-jiffies: mask: 0xffffffff max_cycles: 0xffffffff, max_idle_ns: 7645519600211568 ns
[    0.866468] setup_percpu: NR_CPUS:8192 nr_cpumask_bits:2 nr_cpu_ids:2 nr_node_ids:1
[    0.869675] percpu: Embedded 81 pages/cpu s294912 r8192 d28672 u1048576
[    0.870391] kvm-guest: PV spinlocks enabled
[    0.870741] PV qspinlock hash table entries: 256 (order: 0, 4096 bytes, linear)
[    0.871342] Kernel command line: net.ifnames=0 console=ttyS0 root=/dev/sda earlyprintk=serial net.ifnames=0 plymouth.enable=0
[    0.873003] random: crng init done
[    0.873288] printk: log buffer data + meta data: 262144 + 917504 = 1179648 bytes
[    0.876144] Dentry cache hash table entries: 262144 (order: 9, 2097152 bytes, linear)
[    0.877988] Inode-cache hash table entries: 131072 (order: 8, 1048576 bytes, linear)
[    0.879024] Fallback order for Node 0: 0 
[    0.879035] Built 1 zonelists, mobility grouping on.  Total pages: 524158
[    0.879882] Policy zone: DMA32
[    0.880121] mem auto-init: stack:off, heap alloc:off, heap free:off
[    0.880607] stackdepot: allocating hash table via alloc_large_system_hash
[    0.881152] stackdepot hash table entries: 1048576 (order: 12, 16777216 bytes, linear)
[    0.897013] stackdepot: allocating space for 8192 stack pools via memblock
[    1.028208] SLUB: HWalign=64, Order=0-3, MinObjects=0, CPUs=2, Nodes=1
[    1.028745] kmemleak: Kernel memory leak detector disabled
[    1.073684] ftrace: allocating 75232 entries in 296 pages
[    1.074138] ftrace: allocated 296 pages with 3 groups
[    1.080886] Dynamic Preempt: voluntary
[    1.081689] Running RCU self tests
[    1.081950] Running RCU synchronous self tests
[    1.082293] rcu: Preemptible hierarchical RCU implementation.
[    1.082738] rcu: 	RCU lockdep checking is enabled.
[    1.083130] rcu: 	RCU restricting CPUs from NR_CPUS=8192 to nr_cpu_ids=2.
[    1.083663] 	Trampoline variant of Tasks RCU enabled.
[    1.084053] 	Rude variant of Tasks RCU enabled.
[    1.084400] 	Tracing variant of Tasks RCU enabled.
[    1.084772] rcu: RCU calculated value of scheduler-enlistment delay is 25 jiffies.
[    1.085353] rcu: Adjusting geometry for rcu_fanout_leaf=16, nr_cpu_ids=2
[    1.085970] Running RCU synchronous self tests
[    1.086318] RCU Tasks: Setting shift to 1 and lim to 1 rcu_task_cb_adjust=1 rcu_task_cpu_ids=2.
[    1.086989] RCU Tasks Rude: Setting shift to 1 and lim to 1 rcu_task_cb_adjust=1 rcu_task_cpu_ids=2.
[    1.087706] RCU Tasks Trace: Setting shift to 1 and lim to 1 rcu_task_cb_adjust=1 rcu_task_cpu_ids=2.
[    1.155215] NR_IRQS: 524544, nr_irqs: 440, preallocated irqs: 16
[    1.156302] rcu: srcu_init: Setting srcu_struct sizes based on contention.
[    1.163578] Console: colour VGA+ 80x25
[    1.163984] printk: legacy console [ttyS0] enabled
[    1.163984] printk: legacy console [ttyS0] enabled
[    1.164729] printk: legacy bootconsole [earlyser0] disabled
[    1.164729] printk: legacy bootconsole [earlyser0] disabled
[    1.165600] Lock dependency validator: Copyright (c) 2006 Red Hat, Inc., Ingo Molnar
[    1.166203] ... MAX_LOCKDEP_SUBCLASSES:  8
[    1.166525] ... MAX_LOCK_DEPTH:          48
[    1.166858] ... MAX_LOCKDEP_KEYS:        8192
[    1.167199] ... CLASSHASH_SIZE:          4096
[    1.167541] ... MAX_LOCKDEP_ENTRIES:     524288
[    1.167894] ... MAX_LOCKDEP_CHAINS:      524288
[    1.168249] ... CHAINHASH_SIZE:          262144
[    1.168602]  memory used by lock dependency info: 54145 kB
[    1.169030]  memory used for stack traces: 4224 kB
[    1.169402]  per task-struct memory footprint: 1920 bytes
[    1.169902] ACPI: Core revision 20250807
[    1.170630] clocksource: hpet: mask: 0xffffffff max_cycles: 0xffffffff, max_idle_ns: 19112604467 ns
[    1.171517] APIC: Switch to symmetric I/O mode setup
[    1.172132] x2apic enabled
[    1.172703] APIC: Switched APIC routing to: physical x2apic
[    1.173139] kvm-guest: APIC: send_IPI_mask() replaced with kvm_send_ipi_mask()
[    1.173707] kvm-guest: APIC: send_IPI_mask_allbutself() replaced with kvm_send_ipi_mask_allbutself()
[    1.174419] kvm-guest: setup PV IPIs
[    1.175672] ..TIMER: vector=0x30 apic1=0 pin1=2 apic2=-1 pin2=-1
[    1.176144] clocksource: tsc-early: mask: 0xffffffffffffffff max_cycles: 0x12441513526, max_idle_ns: 440795239872 ns
[    1.176982] Calibrating delay loop (skipped) preset value.. 2534.40 BogoMIPS (lpj=5068800)
[    1.177779] CPU0: Thermal monitoring enabled (TM1)
[    1.178171] x86/cpu: User Mode Instruction Prevention (UMIP) activated
[    1.178786] Last level iTLB entries: 4KB 0, 2MB 0, 4MB 0
[    1.179191] Last level dTLB entries: 4KB 0, 2MB 0, 4MB 0, 1GB 0
[    1.181017] mitigations: Enabled attack vectors: user_kernel, user_user, guest_host, guest_guest, SMT mitigations: auto
[    1.181870] Speculative Store Bypass: Mitigation: Speculative Store Bypass disabled via prctl
[    1.182527] Spectre V2 : Mitigation: Enhanced / Automatic IBRS
[    1.182976] ITS: Mitigation: Aligned branch/return thunks
[    1.183400] Spectre V1 : Mitigation: usercopy/swapgs barriers and __user pointer sanitization
[    1.184047] Spectre V2 : WARNING: Unprivileged eBPF is enabled with eIBRS on, data leaks possible via Spectre v2 BHB attacks!
[    1.184973] Spectre V2 : Spectre v2 / PBRSB-eIBRS: Retire a single CALL on VMEXIT
[    1.185533] Spectre V2 : mitigation: Enabling conditional Indirect Branch Prediction Barrier
[    1.186161] active return thunk: its_return_thunk
[    1.186536] Spectre V2 : Spectre BHI mitigation: SW BHB clearing on syscall and VM exit
[    1.187175] x86/fpu: Supporting XSAVE feature 0x001: 'x87 floating point registers'
[    1.187762] x86/fpu: Supporting XSAVE feature 0x002: 'SSE registers'
[    1.188253] x86/fpu: Supporting XSAVE feature 0x004: 'AVX registers'
[    1.188971] x86/fpu: Supporting XSAVE feature 0x200: 'Protection Keys User registers'
[    1.189574] x86/fpu: xstate_offset[2]:  576, xstate_sizes[2]:  256
[    1.190054] x86/fpu: xstate_offset[9]:  832, xstate_sizes[9]:    8
[    1.190533] x86/fpu: Enabled xstate features 0x207, context size is 840 bytes, using 'compacted' format.
[    1.328433] Freeing SMP alternatives memory: 64K
[    1.328843] pid_max: default: 32768 minimum: 301
[    1.329390] Yama: becoming mindful.
[    1.330112] Mount-cache hash table entries: 4096 (order: 3, 32768 bytes, linear)
[    1.330669] Mountpoint-cache hash table entries: 4096 (order: 3, 32768 bytes, linear)
[    1.333368] Running RCU synchronous self tests
[    1.333704] Running RCU synchronous self tests
[    1.334506] smpboot: CPU0: Genuine Intel(R) 0000 @ (family: 0x6, model: 0xc6, stepping: 0x0)
[    1.336136] Performance Events: unsupported CPU family 6 model 198 no PMU driver, software events only.
[    1.336926] signal: max sigframe size: 3632
[    1.336967] rcu: Hierarchical SRCU implementation.
[    1.336967] rcu: 	Max phase no-delay instances is 1000.
[    1.336981] Timer migration: 1 hierarchy levels; 8 children per group; 1 crossnode level
[    1.357977] NMI watchdog: Perf NMI watchdog permanently disabled
[    1.358720] smp: Bringing up secondary CPUs ...
[    1.360556] smpboot: x86: Booting SMP configuration:
[    1.360992] .... node  #0, CPUs:      #1
[    1.361420] smp: Brought up 1 node, 2 CPUs
[    1.361852] smpboot: Total of 2 processors activated (5068.80 BogoMIPS)
[    1.363233] Memory: 1538728K/2096632K available (80898K kernel code, 15552K rwdata, 18808K rodata, 16388K init, 70040K bss, 546452K reserved, 0K cma-reserved)
[    1.365835] devtmpfs: initialized
[    1.366106] x86/mm: Memory block size: 128MB
[    1.382365] Running RCU synchronous self tests
[    1.383190] Running RCU synchronous self tests
[    1.383912] Running RCU Tasks wait API self tests
[    1.383912] Running RCU Tasks Rude wait API self tests
[    1.384978] Running RCU Tasks Trace wait API self tests
[    1.405048] clocksource: jiffies: mask: 0xffffffff max_cycles: 0xffffffff, max_idle_ns: 7645041785100000 ns
[    1.409102] posixtimers hash table entries: 1024 (order: 5, 73728 bytes, linear)
[    1.410541] futex hash table entries: 512 (65536 bytes on 1 NUMA nodes, total 64 KiB, linear).
[    1.414828] 
[    1.415110] *************************************************************
[    1.416236] **     NOTICE NOTICE NOTICE NOTICE NOTICE NOTICE NOTICE    **
[    1.416985] **                                                         **
[    1.418107] **  IOMMU DebugFS SUPPORT HAS BEEN ENABLED IN THIS KERNEL  **
[    1.419230] **                                                         **
[    1.420352] ** This means that this kernel is built to expose internal **
[    1.420977] ** IOMMU data structures, which may compromise security on **
[    1.422097] ** your system.                                            **
[    1.423217] **                                                         **
[    1.424335] ** If you see this message and you are not debugging the   **
[    1.424977] ** kernel, report this immediately to your vendor!         **
[    1.426097] **                                                         **
[    1.427220] **     NOTICE NOTICE NOTICE NOTICE NOTICE NOTICE NOTICE    **
[    1.428175] *************************************************************
[    1.428795] PM: RTC time: 14:16:47, date: 2025-12-04
[    1.433281] NET: Registered PF_NETLINK/PF_ROUTE protocol family
[    1.435243] DMA: preallocated 256 KiB GFP_KERNEL pool for atomic allocations
[    1.435801] DMA: preallocated 256 KiB GFP_KERNEL|GFP_DMA pool for atomic allocations
[    1.436403] DMA: preallocated 256 KiB GFP_KERNEL|GFP_DMA32 pool for atomic allocations
[    1.437049] audit: initializing netlink subsys (disabled)
[    1.437527] audit: type=2000 audit(1764857807.913:1): state=initialized audit_enabled=0 res=1
[    1.438612] thermal_sys: Registered thermal governor 'fair_share'
[    1.438620] thermal_sys: Registered thermal governor 'bang_bang'
[    1.439098] thermal_sys: Registered thermal governor 'step_wise'
[    1.439546] thermal_sys: Registered thermal governor 'user_space'
[    1.441025] cpuidle: using governor ladder
[    1.441759] cpuidle: using governor menu
[    1.441858] acpiphp: ACPI Hot Plug PCI Controller Driver version: 0.5
[    1.443116] PCI: Using configuration type 1 for base access
[    1.443847] kprobes: kprobe jump-optimization is enabled. All kprobes are optimized if possible.
[    1.444995] Callback from call_rcu_tasks_trace() invoked.
[    1.445918] HugeTLB: registered 1.00 GiB page size, pre-allocated 0 pages
[    1.446294] HugeTLB: 16380 KiB vmemmap can be freed for a 1.00 GiB page
[    1.446793] HugeTLB: registered 2.00 MiB page size, pre-allocated 0 pages
[    1.447298] HugeTLB: 28 KiB vmemmap can be freed for a 2.00 MiB page
[    1.606078] ACPI: Added _OSI(Module Device)
[    1.606484] ACPI: Added _OSI(Processor Device)
[    1.606860] ACPI: Added _OSI(Processor Aggregator Device)
[    1.634768] ACPI: 1 ACPI AML tables successfully acquired and loaded
[    1.643379] ACPI: Interpreter enabled
[    1.643863] ACPI: PM: (supports S0 S3 S4 S5)
[    1.644204] ACPI: Using IOAPIC for interrupt routing
[    1.644770] PCI: Using host bridge windows from ACPI; if necessary, use "pci=nocrs" and report a bug
[    1.644979] PCI: Using E820 reservations for host bridge windows
[    1.646714] ACPI: Enabled 2 GPEs in block 00 to 0F
[    1.684928] ACPI: PCI Root Bridge [PCI0] (domain 0000 [bus 00-ff])
[    1.685041] acpi PNP0A03:00: _OSC: OS supports [ASPM ClockPM Segments MSI EDR HPX-Type3]
[    1.685680] acpi PNP0A03:00: _OSC: not requesting OS control; OS requires [ExtendedConfig ASPM ClockPM MSI]
[    1.686596] acpi PNP0A03:00: fail to add MMCONFIG information, can't access extended configuration space under this bridge
[    1.691959] acpiphp: Slot [3] registered
[    1.692402] acpiphp: Slot [4] registered
[    1.692837] acpiphp: Slot [5] registered
[    1.693094] acpiphp: Slot [6] registered
[    1.693556] acpiphp: Slot [7] registered
[    1.694007] acpiphp: Slot [8] registered
[    1.694445] acpiphp: Slot [9] registered
[    1.694881] acpiphp: Slot [10] registered
[    1.695348] acpiphp: Slot [11] registered
[    1.695798] acpiphp: Slot [12] registered
[    1.696242] acpiphp: Slot [13] registered
[    1.696683] acpiphp: Slot [14] registered
[    1.697131] acpiphp: Slot [15] registered
[    1.697579] acpiphp: Slot [16] registered
[    1.698022] acpiphp: Slot [17] registered
[    1.698462] acpiphp: Slot [18] registered
[    1.698931] acpiphp: Slot [19] registered
[    1.699408] acpiphp: Slot [20] registered
[    1.699865] acpiphp: Slot [21] registered
[    1.700312] acpiphp: Slot [22] registered
[    1.701081] acpiphp: Slot [23] registered
[    1.701736] acpiphp: Slot [24] registered
[    1.702216] acpiphp: Slot [25] registered
[    1.702663] acpiphp: Slot [26] registered
[    1.703145] acpiphp: Slot [27] registered
[    1.703583] acpiphp: Slot [28] registered
[    1.704046] acpiphp: Slot [29] registered
[    1.704517] acpiphp: Slot [30] registered
[    1.704992] acpiphp: Slot [31] registered
[    1.705459] PCI host bridge to bus 0000:00
[    1.705886] pci_bus 0000:00: root bus resource [io  0x0000-0x0cf7 window]
[    1.706444] pci_bus 0000:00: root bus resource [io  0x0d00-0xffff window]
[    1.706998] pci_bus 0000:00: root bus resource [mem 0x000a0000-0x000bffff window]
[    1.707602] pci_bus 0000:00: root bus resource [mem 0x80000000-0xfebfffff window]
[    1.708209] pci_bus 0000:00: root bus resource [mem 0x100000000-0x17fffffff window]
[    1.708829] pci_bus 0000:00: root bus resource [bus 00-ff]
[    1.709204] pci 0000:00:00.0: [8086:1237] type 00 class 0x060000 conventional PCI endpoint
[    1.719402] pci 0000:00:01.0: [8086:7000] type 00 class 0x060100 conventional PCI endpoint
[    1.721450] pci 0000:00:01.1: [8086:7010] type 00 class 0x010180 conventional PCI endpoint
[    1.722735] pci 0000:00:01.1: BAR 4 [io  0xc040-0xc04f]
[    1.723190] pci 0000:00:01.1: BAR 0 [io  0x01f0-0x01f7]: legacy IDE quirk
[    1.723749] pci 0000:00:01.1: BAR 1 [io  0x03f6]: legacy IDE quirk
[    1.724252] pci 0000:00:01.1: BAR 2 [io  0x0170-0x0177]: legacy IDE quirk
[    1.724808] pci 0000:00:01.1: BAR 3 [io  0x0376]: legacy IDE quirk
[    1.725546] pci 0000:00:01.3: [8086:7113] type 00 class 0x068000 conventional PCI endpoint
[    1.726496] pci 0000:00:01.3: quirk: [io  0x0600-0x063f] claimed by PIIX4 ACPI
[    1.727095] pci 0000:00:01.3: quirk: [io  0x0700-0x070f] claimed by PIIX4 SMB
[    1.728191] pci 0000:00:02.0: [1234:1111] type 00 class 0x030000 conventional PCI endpoint
[    1.730159] pci 0000:00:02.0: BAR 0 [mem 0xfd000000-0xfdffffff pref]
[    1.731555] pci 0000:00:02.0: BAR 2 [mem 0xfebf0000-0xfebf0fff]
[    1.732684] pci 0000:00:02.0: ROM [mem 0xfebe0000-0xfebeffff pref]
[    1.733614] pci 0000:00:02.0: Video device with shadowed ROM at [mem 0x000c0000-0x000dffff]
[    1.748808] pci 0000:00:03.0: [8086:100e] type 00 class 0x020000 conventional PCI endpoint
[    1.750945] pci 0000:00:03.0: BAR 0 [mem 0xfebc0000-0xfebdffff]
[    1.752047] pci 0000:00:03.0: BAR 1 [io  0xc000-0xc03f]
[    1.753055] pci 0000:00:03.0: ROM [mem 0xfeb80000-0xfebbffff pref]
[    1.776575] ACPI: PCI: Interrupt link LNKA configured for IRQ 10
[    1.778014] ACPI: PCI: Interrupt link LNKB configured for IRQ 10
[    1.779410] ACPI: PCI: Interrupt link LNKC configured for IRQ 11
[    1.780775] ACPI: PCI: Interrupt link LNKD configured for IRQ 11
[    1.781388] ACPI: PCI: Interrupt link LNKS configured for IRQ 9
[    1.789108] iommu: Default domain type: Translated
[    1.789631] iommu: DMA domain TLB invalidation policy: lazy mode
[    1.794823] SCSI subsystem initialized
[    1.795327] ACPI: bus type USB registered
[    1.797110] usbcore: registered new interface driver usbfs
[    1.797728] usbcore: registered new interface driver hub
[    1.798241] usbcore: registered new device driver usb
[    1.799229] pps_core: LinuxPPS API ver. 1 registered
[    1.799637] pps_core: Software ver. 5.3.6 - Copyright 2005-2007 Rodolfo Giometti <giometti@linux.it>
[    1.800408] PTP clock support registered
[    1.805430] EDAC MC: Ver: 3.0.0
[    1.810301] NetLabel: Initializing
[    1.810595] NetLabel:  domain hash size = 128
[    1.810952] NetLabel:  protocols = UNLABELED CIPSOv4 CALIPSO
[    1.811640] NetLabel:  unlabeled traffic allowed by default
[    1.812992] PCI: Using ACPI for IRQ routing
[    1.813838] pci 0000:00:02.0: vgaarb: setting as boot VGA device
[    1.814341] pci 0000:00:02.0: vgaarb: bridge control possible
[    1.814815] pci 0000:00:02.0: vgaarb: VGA device added: decodes=io+mem,owns=io+mem,locks=none
[    1.815502] vgaarb: loaded
[    1.816978] hpet0: at MMIO 0xfed00000, IRQs 2, 8, 0
[    1.817398] hpet0: 3 comparators, 64-bit 100.000000 MHz counter
[    1.820366] clocksource: Switched to clocksource kvm-clock
[    1.820967] VFS: Disk quotas dquot_6.6.0
[    1.820967] VFS: Dquot-cache hash table entries: 512 (order 0, 4096 bytes)
[    1.826758] pnp: PnP ACPI init
[    1.832147] pnp: PnP ACPI: found 6 devices
[    1.853555] clocksource: acpi_pm: mask: 0xffffff max_cycles: 0xffffff, max_idle_ns: 2085701024 ns
[    1.854894] NET: Registered PF_INET protocol family
[    1.855938] IP idents hash table entries: 32768 (order: 6, 262144 bytes, linear)
[    1.858486] tcp_listen_portaddr_hash hash table entries: 1024 (order: 5, 73728 bytes, linear)
[    1.859290] Table-perturb hash table entries: 65536 (order: 6, 262144 bytes, linear)
[    1.859981] TCP established hash table entries: 16384 (order: 5, 131072 bytes, linear)
[    1.861363] TCP bind hash table entries: 16384 (order: 10, 2359296 bytes, linear)
[    1.864648] TCP: Hash tables configured (established 16384 bind 16384)
[    1.865449] UDP hash table entries: 1024 (order: 6, 262144 bytes, linear)
[    1.866224] UDP-Lite hash table entries: 1024 (order: 6, 262144 bytes, linear)
[    1.867363] NET: Registered PF_UNIX/PF_LOCAL protocol family
[    1.881790] RPC: Registered named UNIX socket transport module.
[    1.882919] RPC: Registered udp transport module.
[    1.883773] RPC: Registered tcp transport module.
[    1.884656] RPC: Registered tcp-with-tls transport module.
[    1.885652] RPC: Registered tcp NFSv4.1 backchannel transport module.
[    1.886870] pci_bus 0000:00: resource 4 [io  0x0000-0x0cf7 window]
[    1.887990] pci_bus 0000:00: resource 5 [io  0x0d00-0xffff window]
[    1.889120] pci_bus 0000:00: resource 6 [mem 0x000a0000-0x000bffff window]
[    1.890354] pci_bus 0000:00: resource 7 [mem 0x80000000-0xfebfffff window]
[    1.891594] pci_bus 0000:00: resource 8 [mem 0x100000000-0x17fffffff window]
[    1.893431] pci 0000:00:01.0: PIIX3: Enabling Passive Release
[    1.894499] pci 0000:00:00.0: Limiting direct PCI/PCI transfers
[    1.895742] PCI: CLS 0 bytes, default 64
[    1.897682] ACPI: bus type thunderbolt registered
[    1.899444] clocksource: tsc: mask: 0xffffffffffffffff max_cycles: 0x12441513526, max_idle_ns: 440795239872 ns
[    4.267990] Initialise system trusted keyrings
[    4.268543] Key type blacklist registered
[    4.269673] workingset: timestamp_bits=36 max_order=19 bucket_order=0
[    4.272509] squashfs: version 4.0 (2009/01/31) Phillip Lougher
[    4.275413] NFS: Registering the id_resolver key type
[    4.275911] Key type id_resolver registered
[    4.276249] Key type id_legacy registered
[    4.276616] nfs4filelayout_init: NFSv4 File Layout Driver Registering...
[    4.277173] nfs4flexfilelayout_init: NFSv4 Flexfile Layout Driver Registering...
[    4.278408] fuse: init (API version 7.45)
[    4.279521] SGI XFS with ACLs, security attributes, realtime, quota, no debug enabled
[    4.282381] 9p: Installing v9fs 9p2000 file system support
[    4.293595] Key type asymmetric registered
[    4.293933] Asymmetric key parser 'x509' registered
[    4.294494] Block layer SCSI generic (bsg) driver version 0.4 loaded (major 241)
[    4.295860] io scheduler mq-deadline registered
[    4.296401] io scheduler bfq registered
[    4.297879] ledtrig-cpu: registered to indicate activity on CPUs
[    4.300778] IPMI message handler: version 39.2
[    4.301194] ipmi device interface
[    4.304083] input: Power Button as /devices/LNXSYSTM:00/LNXPWRBN:00/input/input0
[    4.305243] ACPI: button: Power Button [PWRF]
[    4.307866] ERST DBG: ERST support is disabled.
[    4.309824] Serial: 8250/16550 driver, 32 ports, IRQ sharing enabled
[    4.311458] 00:04: ttyS0 at I/O 0x3f8 (irq = 4, base_baud = 115200) is a 16550A
[    4.344393] Callback from call_rcu_tasks() invoked.
[    4.386511] Linux agpgart interface v0.103
[    4.391261] ACPI: bus type drm_connector registered
[    4.436555] brd: module loaded
[    4.485120] loop: module loaded
[    4.533965] scsi host0: ata_piix
[    4.537126] scsi host1: ata_piix
[    4.538480] ata1: PATA max MWDMA2 cmd 0x1f0 ctl 0x3f6 bmdma 0xc040 irq 14 lpm-pol 0
[    4.539762] ata2: PATA max MWDMA2 cmd 0x170 ctl 0x376 bmdma 0xc048 irq 15 lpm-pol 0
[    4.545846] tun: Universal TUN/TAP device driver, 1.6
[    4.547870] e100: Intel(R) PRO/100 Network Driver
[    4.548357] e100: Copyright(c) 1999-2006 Intel Corporation
[    4.548945] e1000: Intel(R) PRO/1000 Network Driver
[    4.549317] e1000: Copyright (c) 1999-2006 Intel Corporation.
[    4.696502] ata2: found unknown device (class 0)
[    4.697924] ata1: found unknown device (class 0)
[    4.700081] ata1.00: ATA-7: QEMU HARDDISK, 2.5+, max UDMA/100
[    4.701114] ata1.00: 17196647 sectors, multi 16: LBA48 
[    4.702291] ata2.00: ATAPI: QEMU DVD-ROM, 2.5+, max UDMA/100
[    4.706106] scsi 0:0:0:0: Direct-Access     ATA      QEMU HARDDISK    2.5+ PQ: 0 ANSI: 5
[    4.719932] sd 0:0:0:0: Attached scsi generic sg0 type 0
[    4.720757] sd 0:0:0:0: [sda] 17196647 512-byte logical blocks: (8.80 GB/8.20 GiB)
[    4.721581] sd 0:0:0:0: [sda] Write Protect is off
[    4.722067] sd 0:0:0:0: [sda] Write cache: enabled, read cache: enabled, doesn't support DPO or FUA
[    4.722588] scsi 1:0:0:0: CD-ROM            QEMU     QEMU DVD-ROM     2.5+ PQ: 0 ANSI: 5
[    4.722909] sd 0:0:0:0: [sda] Preferred minimum I/O size 512 bytes
[    4.752809] sd 0:0:0:0: [sda] Attached SCSI disk
[    4.756170] scsi 1:0:0:0: Attached scsi generic sg1 type 5
[    5.212267] ACPI: \_SB_.LNKC: Enabled at IRQ 11
[    5.524045] e1000 0000:00:03.0 eth0: (PCI:33MHz:32-bit) 52:54:00:12:34:56
[    5.524689] e1000 0000:00:03.0 eth0: Intel(R) PRO/1000 Network Connection
[    5.526133] e1000e: Intel(R) PRO/1000 Network Driver
[    5.526534] e1000e: Copyright(c) 1999 - 2015 Intel Corporation.
[    5.527153] igb: Intel(R) Gigabit Ethernet Network Driver
[    5.527572] igb: Copyright (c) 2007-2014 Intel Corporation.
[    5.528426] PPP generic driver version 2.4.2
[    5.530608] VFIO - User Level meta-driver version: 0.3
[    5.533744] usbcore: registered new interface driver uas
[    5.534306] usbcore: registered new interface driver usb-storage
[    5.535082] i8042: PNP: PS/2 Controller [PNP0303:KBD,PNP0f13:MOU] at 0x60,0x64 irq 1,12
[    5.536906] serio: i8042 KBD port at 0x60,0x64 irq 1
[    5.537386] serio: i8042 AUX port at 0x60,0x64 irq 12
[    5.539466] mousedev: PS/2 mouse device common for all mice
[    5.541240] input: AT Translated Set 2 keyboard as /devices/platform/i8042/serio0/input/input1
[    5.542814] rtc_cmos 00:05: RTC can wake from S4
[    5.545277] rtc_cmos 00:05: registered as rtc0
[    5.545703] rtc_cmos 00:05: setting system clock to 2025-12-04T14:16:51 UTC (1764857811)
[    5.546673] rtc_cmos 00:05: alarms up to one day, y3k, 242 bytes nvram, hpet irqs
[    5.547355] i2c_dev: i2c /dev entries driver
[    5.548030] device-mapper: core: CONFIG_IMA_DISABLE_HTABLE is disabled. Duplicate IMA measurements will not be recorded in the IMA log.
[    5.549059] device-mapper: uevent: version 1.0.3
[    5.550124] input: VirtualPS/2 VMware VMMouse as /devices/platform/i8042/serio1/input/input4
[    5.552540] input: VirtualPS/2 VMware VMMouse as /devices/platform/i8042/serio1/input/input3
[    5.553850] device-mapper: ioctl: 4.50.0-ioctl (2025-04-28) initialised: dm-devel@lists.linux.dev
[    5.554570] intel_pstate: CPU model not supported
[    5.555323] sdhci: Secure Digital Host Controller Interface driver
[    5.555806] sdhci: Copyright(c) Pierre Ossman
[    5.556411] sdhci-pltfm: SDHCI platform and OF driver helper
[    5.557539] drop_monitor: Initializing network drop monitor service
[    5.558447] NET: Registered PF_INET6 protocol family
[    5.561455] Segment Routing with IPv6
[    5.561893] In-situ OAM (IOAM) with IPv6
[    5.562282] NET: Registered PF_PACKET protocol family
[    5.563225] 9pnet: Installing 9P2000 support
[    5.564231] Key type dns_resolver registered
[    5.567045] IPI shorthand broadcast: enabled
[    5.623442] sched_clock: Marking stable (5604005090, 16121224)->(5724315889, -104189575)
[    5.626122] registered taskstats version 1
[    5.627260] Loading compiled-in X.509 certificates
[    5.702419] Demotion targets for Node 0: null
[    5.704836] Key type .fscrypt registered
[    5.705530] Key type fscrypt-provisioning registered
[    5.712052] Key type encrypted registered
[    5.712473] ima: No TPM chip found, activating TPM-bypass!
[    5.712946] ima: Allocated hash algorithm: sha1
[    5.713381] ima: No architecture policies found
[    5.713945] evm: Initialising EVM extended attributes:
[    5.714384] evm: security.selinux
[    5.714654] evm: security.SMACK64
[    5.714927] evm: security.SMACK64EXEC
[    5.715223] evm: security.SMACK64TRANSMUTE
[    5.715559] evm: security.SMACK64MMAP
[    5.715862] evm: security.apparmor
[    5.716170] evm: security.ima
[    5.716411] evm: security.capability
[    5.716706] evm: HMAC attrs: 0x1
[    5.719668] PM:   Magic number: 5:541:282
[    5.720353] tty tty19: hash matches
[    5.722183] RAS: Correctable Errors collector initialized.
[    5.724099] clk: Disabling unused clocks
[    5.724623] PM: genpd: Disabling unused power domains
[    5.725923] check access for rdinit=/init failed: -2, ignoring
[    5.726282] md: Waiting for all devices to be available before autodetect
[    5.726642] md: If you don't use raid, use raid=noautodetect
[    5.726950] md: Autodetecting RAID arrays.
[    5.727192] md: autorun ...
[    5.727355] md: ... autorun DONE.
[    5.742381] EXT4-fs (sda): mounted filesystem 088740a9-c8b4-422c-999d-a804eb68a4da ro with ordered data mode. Quota mode: none.
[    5.743888] VFS: Mounted root (ext4 filesystem) readonly on device 8:0.
[    5.749279] devtmpfs: mounted
[    5.768306] Freeing unused decrypted memory: 2036K
[    5.782916] Freeing unused kernel image (initmem) memory: 16388K
[    5.783526] Write protecting the kernel read-only data: 102400k
[    5.786502] Freeing unused kernel image (text/rodata gap) memory: 1020K
[    5.788934] Freeing unused kernel image (rodata/data gap) memory: 1672K
[    5.864956] x86/mm: Checked W+X mappings: passed, no W+X pages found.
[    5.865824] Run /sbin/init as init process
[    6.094992] systemd[1]: systemd 252-15.el9 running in system mode (+PAM +AUDIT +SELINUX -APPARMOR +IMA +SMACK +SECCOMP +GCRYPT +GNUTLS +OPENSSL +ACL +BLKID +CURL +ELFUTILS -FIDO2 +IDN2 -IDN -IPTC +KMOD +LIBCRYPTSETUP +LIBFDISK +PCRE2 -PWQUALITY +P11KIT -QRENCODE +TPM2 +BZIP2 +LZ4 +XZ +ZLIB +ZSTD -BPF_FRAMEWORK +XKBCOMMON +UTMP +SYSVINIT default-hierarchy=unified)
[    6.096745] systemd[1]: Detected virtualization kvm.
[    6.097019] systemd[1]: Detected architecture x86-64.

Welcome to [0;31mCentOS Stream 9[0m!

[    6.104642] systemd[1]: Hostname set to <test>.
[    6.284989] systemd-rc-local-generator[121]: /etc/rc.d/rc.local is not marked executable, skipping.
[    6.660058] systemd[1]: Queued start job for default target Multi-User System.
[    6.683332] systemd[1]: Created slice Virtual Machine and Container Slice.
[[0;32m  OK  [0m] Created slice [0;1;39mVirtual Machine and Container Slice[0m.
[    6.688910] systemd[1]: Created slice Slice /system/getty.
[[0;32m  OK  [0m] Created slice [0;1;39mSlice /system/getty[0m.
[    6.692239] systemd[1]: Created slice Slice /system/modprobe.
[[0;32m  OK  [0m] Created slice [0;1;39mSlice /system/modprobe[0m.
[    6.695723] systemd[1]: Created slice Slice /system/serial-getty.
[[0;32m  OK  [0m] Created slice [0;1;39mSlice /system/serial-getty[0m.
[    6.699153] systemd[1]: Created slice Slice /system/sshd-keygen.
[[0;32m  OK  [0m] Created slice [0;1;39mSlice /system/sshd-keygen[0m.
[    6.702099] systemd[1]: Created slice User and Session Slice.
[[0;32m  OK  [0m] Created slice [0;1;39mUser and Session Slice[0m.
[    6.703812] systemd[1]: Started Forward Password Requests to Wall Directory Watch.
[[0;32m  OK  [0m] Started [0;1;39mForward Password R…uests to Wall Directory Watch[0m.
[    6.706924] systemd[1]: Set up automount Arbitrary Executable File Formats File System Automount Point.
[[0;32m  OK  [0m] Set up automount [0;1;39mArbitrary…s File System Automount Point[0m.
[    6.708798] systemd[1]: Reached target Local Integrity Protected Volumes.
[[0;32m  OK  [0m] Reached target [0;1;39mLocal Integrity Protected Volumes[0m.
[    6.710030] systemd[1]: Reached target Slice Units.
[[0;32m  OK  [0m] Reached target [0;1;39mSlice Units[0m.
[    6.710795] systemd[1]: Reached target Swaps.
[[0;32m  OK  [0m] Reached target [0;1;39mSwaps[0m.
[    6.711466] systemd[1]: Reached target Local Verity Protected Volumes.
[[0;32m  OK  [0m] Reached target [0;1;39mLocal Verity Protected Volumes[0m.
[    6.712686] systemd[1]: Listening on Device-mapper event daemon FIFOs.
[[0;32m  OK  [0m] Listening on [0;1;39mDevice-mapper event daemon FIFOs[0m.
[    6.714219] systemd[1]: Listening on LVM2 poll daemon socket.
[[0;32m  OK  [0m] Listening on [0;1;39mLVM2 poll daemon socket[0m.
[    6.715267] systemd[1]: multipathd control socket was skipped because of an unmet condition check (ConditionPathExists=/etc/multipath.conf).
[    6.761330] systemd[1]: Listening on RPCbind Server Activation Socket.
[[0;32m  OK  [0m] Listening on [0;1;39mRPCbind Server Activation Socket[0m.
[    6.762562] systemd[1]: Reached target RPC Port Mapper.
[[0;32m  OK  [0m] Reached target [0;1;39mRPC Port Mapper[0m.
[    6.765804] systemd[1]: Listening on Process Core Dump Socket.
[[0;32m  OK  [0m] Listening on [0;1;39mProcess Core Dump Socket[0m.
[    6.767255] systemd[1]: Listening on initctl Compatibility Named Pipe.
[[0;32m  OK  [0m] Listening on [0;1;39minitctl Compatibility Named Pipe[0m.
[    6.769060] systemd[1]: Listening on Journal Socket (/dev/log).
[[0;32m  OK  [0m] Listening on [0;1;39mJournal Socket (/dev/log)[0m.
[    6.770521] systemd[1]: Listening on Journal Socket.
[[0;32m  OK  [0m] Listening on [0;1;39mJournal Socket[0m.
[    6.772286] systemd[1]: Listening on udev Control Socket.
[[0;32m  OK  [0m] Listening on [0;1;39mudev Control Socket[0m.
[    6.773509] systemd[1]: Listening on udev Kernel Socket.
[[0;32m  OK  [0m] Listening on [0;1;39mudev Kernel Socket[0m.
[    6.789045] systemd[1]: Mounting Huge Pages File System...
         Mounting [0;1;39mHuge Pages File System[0m...
[    6.796281] systemd[1]: Mounting POSIX Message Queue File System...
         Mounting [0;1;39mPOSIX Message Queue File System[0m...
[    6.805801] systemd[1]: Mounting Kernel Debug File System...
         Mounting [0;1;39mKernel Debug File System[0m...
[    6.812847] systemd[1]: Mounting Kernel Trace File System...
         Mounting [0;1;39mKernel Trace File System[0m...
[    6.817327] systemd[1]: Kernel Module supporting RPCSEC_GSS was skipped because of an unmet condition check (ConditionPathExists=/etc/krb5.keytab).
[    6.818147] systemd[1]: Create List of Static Device Nodes was skipped because of an unmet condition check (ConditionFileNotEmpty=/lib/modules/6.18.0-next-20251203-b2c27842ba85/modules.devname).
[    6.823583] systemd[1]: Starting Monitoring of LVM2 mirrors, snapshots etc. using dmeventd or progress polling...
         Starting [0;1;39mMonitoring of LVM…meventd or progress polling[0m...
[    6.832785] systemd[1]: Starting Load Kernel Module configfs...
         Starting [0;1;39mLoad Kernel Module configfs[0m...
[    6.842867] systemd[1]: Starting Load Kernel Module drm...
         Starting [0;1;39mLoad Kernel Module drm[0m...
[    6.858696] systemd[1]: Starting Load Kernel Module fuse...
         Starting [0;1;39mLoad Kernel Module fuse[0m...
[    6.867481] systemd[1]: Starting Read and set NIS domainname from /etc/sysconfig/network...
         Starting [0;1;39mRead and set NIS …from /etc/sysconfig/network[0m...
[    6.892566] systemd[1]: Starting Journal Service...
         Starting [0;1;39mJournal Service[0m...
[    6.912953] systemd[1]: Starting Load Kernel Modules...
         Starting [0;1;39mLoad Kernel Modules[0m...
[    6.929732] systemd[1]: Starting Generate network units from Kernel command line...
         Starting [0;1;39mGenerate network …ts from Kernel command line[0m...
[    6.944969] systemd[1]: Starting Remount Root and Kernel File Systems...
         Starting [0;1;39mRemount Root and Kernel File Systems[0m...
[    6.948857] systemd[1]: Repartition Root Disk was skipped because no trigger condition checks were met.
[    6.967581] systemd[1]: Starting Coldplug All udev Devices...
         Starting [0;1;39mColdplug All udev Devices[0m...
[    6.981820] systemd[1]: Mounted Huge Pages File System.
[[0;32m  OK  [0m] Mounted [0;1;39mHuge Pages File System[0m.
[    6.984917] systemd[1]: Mounted POSIX Message Queue File System.
[[0;32m  OK  [0m] Mounted [0;1;39mPOSIX Message Queue File System[0m.
[    6.996837] systemd[1]: Mounted Kernel Debug File System.
[[0;32m  OK  [0m] Mounted [0;1;39mKernel Debug File System[0m.
[    7.001817] systemd[1]: Mounted Kernel Trace File System.
[[0;32m  OK  [0m] Mounted [0;1;39mKernel Trace File System[0m.
[    7.006638] systemd[1]: Finished Monitoring of LVM2 mirrors, snapshots etc. using dmeventd or progress polling.
[[0;32m  OK  [0m] Finished [0;1;39mMonitoring of LVM… dmeventd or progress polling[0m.
[    7.011379] systemd[1]: modprobe@configfs.service: Deactivated successfully.
[    7.013484] systemd[1]: Finished Load Kernel Module configfs.
[[0;32m  OK  [0m] Finished [0;1;39mLoad Kernel Module configfs[0m.
[    7.020480] EXT4-fs (sda): re-mounted 088740a9-c8b4-422c-999d-a804eb68a4da r/w.
[    7.024556] systemd[1]: modprobe@drm.service: Deactivated successfully.
[    7.028447] systemd[1]: Finished Load Kernel Module drm.
[[0;32m  OK  [0m] Finished [0;1;39mLoad Kernel Module drm[0m.
[    7.048856] systemd[1]: modprobe@fuse.service: Deactivated successfully.
[    7.056437] systemd[1]: Finished Load Kernel Module fuse.
[[0;32m  OK  [0m] Finished [0;1;39mLoad Kernel Module fuse[0m.
[    7.063574] systemd[1]: Finished Read and set NIS domainname from /etc/sysconfig/network.
[[0;32m  OK  [0m] Finished [0;1;39mRead and set NIS …e from /etc/sysconfig/network[0m.
[    7.073167] systemd[1]: systemd-modules-load.service: Main process exited, code=exited, status=1/FAILURE
[    7.075543] systemd[1]: systemd-modules-load.service: Failed with result 'exit-code'.
[    7.082911] systemd[1]: Failed to start Load Kernel Modules.
[[0;1;31mFAILED[0m] Failed to start [0;1;39mLoad Kernel Modules[0m.
See 'systemctl status systemd-modules-load.service' for details.
[    7.097091] systemd[1]: Finished Generate network units from Kernel command line.
[[0;32m  OK  [0m] Finished [0;1;39mGenerate network units from Kernel command line[0m.
[    7.107598] systemd[1]: Finished Remount Root and Kernel File Systems.
[[0;32m  OK  [0m] Finished [0;1;39mRemount Root and Kernel File Systems[0m.
[    7.117101] systemd[1]: Reached target Preparation for Network.
[[0;32m  OK  [0m] Reached target [0;1;39mPreparation for Network[0m.
[    7.136692] systemd[1]: Mounting FUSE Control File System...
         Mounting [0;1;39mFUSE Control File System[0m...
[    7.160556] systemd[1]: Mounting Kernel Configuration File System...
         Mounting [0;1;39mKernel Configuration File System[0m...
[    7.164867] systemd[1]: Special handling of early boot iSCSI sessions was skipped because of an unmet condition check (ConditionDirectoryNotEmpty=/sys/class/iscsi_session).
[    7.165803] systemd[1]: First Boot Wizard was skipped because of an unmet condition check (ConditionFirstBoot=yes).
[    7.195740] systemd[1]: Rebuild Hardware Database was skipped because of an unmet condition check (ConditionNeedsUpdate=/etc).
[    7.224345] systemd[1]: Starting Load/Save Random Seed...
         Starting [0;1;39mLoad/Save Random Seed[0m...
[    7.235071] systemd[1]: Starting Apply Kernel Variables...
         Starting [0;1;39mApply Kernel Variables[0m...
[    7.240557] systemd[1]: Create System Users was skipped because no trigger condition checks were met.
[    7.256673] systemd[1]: Starting Create Static Device Nodes in /dev...
         Starting [0;1;39mCreate Static Device Nodes in /dev[0m...
[    7.272674] systemd[1]: Starting Setup Virtual Console...
         Starting [0;1;39mSetup Virtual Console[0m...
[    7.281168] systemd[1]: Started Journal Service.
[[0;32m  OK  [0m] Started [0;1;39mJournal Service[0m.
[[0;32m  OK  [0m] Mounted [0;1;39mFUSE Control File System[0m.
[[0;32m  OK  [0m] Mounted [0;1;39mKernel Configuration File System[0m.
         Starting [0;1;39mFlush Journal to Persistent Storage[0m...
[[0;32m  OK  [0m] Finished [0;1;39mLoad/Save Random Seed[0m.
[    7.396441] systemd-journald[143]: Received client request to flush runtime journal.
[[0;32m  OK  [0m] Finished [0;1;39mApply Kernel Variables[0m.
[[0;32m  OK  [0m] Finished [0;1;39mFlush Journal to Persistent Storage[0m.
[[0;32m  OK  [0m] Finished [0;1;39mCreate Static Device Nodes in /dev[0m.
         Starting [0;1;39mRule-based Manage…for Device Events and Files[0m...
[[0;32m  OK  [0m] Started [0;1;39mRule-based Manager for Device Events and Files[0m.
[[0;32m  OK  [0m] Finished [0;1;39mColdplug All udev Devices[0m.
[[0;32m  OK  [0m] Finished [0;1;39mSetup Virtual Console[0m.
         Starting [0;1;39mAuto-connect to s…E devices found during boot[0m...
[[0;32m  OK  [0m] Started [0;1;39mDispatch Password …ts to Console Directory Watch[0m.
[[0;32m  OK  [0m] Reached target [0;1;39mLocal Encrypted Volumes[0m.
[[0;32m  OK  [0m] Reached target [0;1;39mPath Units[0m.
         Starting [0;1;39mWait for udev To …plete Device Initialization[0m...
[[0;32m  OK  [0m] Finished [0;1;39mAuto-connect to s…VME devices found during boot[0m.
[[0;32m  OK  [0m] Found device [0;1;39m/dev/ttyS0[0m.
[[0;32m  OK  [0m] Listening on [0;1;39mLoad/Save RF …itch Status /dev/rfkill Watch[0m.
[[0;32m  OK  [0m] Finished [0;1;39mWait for udev To Complete Device Initialization[0m.
[[0;32m  OK  [0m] Reached target [0;1;39mPreparation for Local File Systems[0m.
[[0;32m  OK  [0m] Reached target [0;1;39mLocal File Systems[0m.
         Starting [0;1;39mTell Plymouth To Write Out Runtime Data[0m...
         Starting [0;1;39mAutomatic Boot Loader Update[0m...
         Starting [0;1;39mCreate Volatile Files and Directories[0m...
[[0;32m  OK  [0m] Finished [0;1;39mTell Plymouth To Write Out Runtime Data[0m.
[[0;32m  OK  [0m] Finished [0;1;39mAutomatic Boot Loader Update[0m.
[[0;32m  OK  [0m] Finished [0;1;39mCreate Volatile Files and Directories[0m.
         Mounting [0;1;39mRPC Pipe File System[0m...
         Starting [0;1;39mSecurity Auditing Service[0m...
         Starting [0;1;39mRPC Bind[0m...
[[0;32m  OK  [0m] Mounted [0;1;39mRPC Pipe File System[0m.
[[0;32m  OK  [0m] Reached target [0;1;39mrpc_pipefs.target[0m.
[[0;32m  OK  [0m] Started [0;1;39mRPC Bind[0m.
[[0;32m  OK  [0m] Started [0;1;39mSecurity Auditing Service[0m.
         Starting [0;1;39mRecord System Boot/Shutdown in UTMP[0m...
[[0;32m  OK  [0m] Finished [0;1;39mRecord System Boot/Shutdown in UTMP[0m.
[[0;32m  OK  [0m] Reached target [0;1;39mSystem Initialization[0m.
[[0;32m  OK  [0m] Started [0;1;39mDaily rotation of log files[0m.
[[0;32m  OK  [0m] Started [0;1;39mUpdates mlocate database every day[0m.
[[0;32m  OK  [0m] Started [0;1;39mDaily Cleanup of Temporary Directories[0m.
[[0;32m  OK  [0m] Started [0;1;39mdaily update of the root trust anchor for DNSSEC[0m.
[[0;32m  OK  [0m] Reached target [0;1;39mTimer Units[0m.
[[0;32m  OK  [0m] Listening on [0;1;39mD-Bus System Message Bus Socket[0m.
[[0;32m  OK  [0m] Listening on [0;1;39mOpen-iSCSI iscsid Socket[0m.
[[0;32m  OK  [0m] Listening on [0;1;39mOpen-iSCSI iscsiuio Socket[0m.
[[0;32m  OK  [0m] Listening on [0;1;39mSSSD Kerberos…ache Manager responder socket[0m.
[[0;32m  OK  [0m] Listening on [0;1;39mLibvirt interface local socket[0m.
[[0;32m  OK  [0m] Listening on [0;1;39mVirtual machine lock manager socket[0m.
[[0;32m  OK  [0m] Listening on [0;1;39mVirtual machine log manager socket[0m.
[[0;32m  OK  [0m] Listening on [0;1;39mLibvirt network local socket[0m.
[[0;32m  OK  [0m] Listening on [0;1;39mLibvirt nodedev local socket[0m.
[[0;32m  OK  [0m] Listening on [0;1;39mLibvirt nwfilter local socket[0m.
[[0;32m  OK  [0m] Listening on [0;1;39mLibvirt proxy local socket[0m.
[[0;32m  OK  [0m] Listening on [0;1;39mLibvirt qemu local socket[0m.
[[0;32m  OK  [0m] Listening on [0;1;39mLibvirt qemu admin socket[0m.
[[0;32m  OK  [0m] Listening on [0;1;39mLibvirt qemu local read-only socket[0m.
[[0;32m  OK  [0m] Listening on [0;1;39mLibvirt secret local socket[0m.
[[0;32m  OK  [0m] Listening on [0;1;39mLibvirt storage local socket[0m.
[[0;32m  OK  [0m] Reached target [0;1;39mSocket Units[0m.
         Starting [0;1;39mD-Bus System Message Bus[0m...
[[0;32m  OK  [0m] Started [0;1;39mD-Bus System Message Bus[0m.
[[0;32m  OK  [0m] Reached target [0;1;39mBasic System[0m.
         Starting [0;1;39mNetwork Manager[0m...
         Starting [0;1;39mNTP client/server[0m...
         Starting [0;1;39mRestore /run/initramfs on shutdown[0m...
[[0;32m  OK  [0m] Started [0;1;39mirqbalance daemon[0m.
[[0;32m  OK  [0m] Started [0;1;39mlibstoragemgmt plug-in server daemon[0m.
[[0;32m  OK  [0m] Started [0;1;39mMachine Check Exception Logging Daemon[0m.
[[0;32m  OK  [0m] Reached target [0;1;39msshd-keygen.target[0m.
[[0;32m  OK  [0m] Reached target [0;1;39mUser and Group Name Lookups[0m.
         Starting [0;1;39mUser Login Management[0m...
         Starting [0;1;39mVirtual Machine a…tainer Registration Service[0m...
         Starting [0;1;39mupdate of the roo…NSSEC validation in unbound[0m...
         Starting [0;1;39mRotate log files[0m...
[[0;32m  OK  [0m] Started [0;1;39mUpdate a database for mlocate[0m.
[[0;32m  OK  [0m] Started [0;1;39mNTP client/server[0m.
[[0;32m  OK  [0m] Finished [0;1;39mRestore /run/initramfs on shutdown[0m.
[[0;32m  OK  [0m] Started [0;1;39mVirtual Machine an…ontainer Registration Service[0m.
         Starting [0;1;39mHostname Service[0m...
[[0;32m  OK  [0m] Finished [0;1;39mupdate of the roo… DNSSEC validation in unbound[0m.
[[0;32m  OK  [0m] Started [0;1;39mUser Login Management[0m.
[[0;32m  OK  [0m] Started [0;1;39mHostname Service[0m.
         Starting [0;1;39mNetwork Manager Script Dispatcher Service[0m...
[[0;32m  OK  [0m] Started [0;1;39mNetwork Manager Script Dispatcher Service[0m.
[[0;32m  OK  [0m] Finished [0;1;39mRotate log files[0m.
[   10.948404] e1000: eth0 NIC Link is Up 1000 Mbps Full Duplex, Flow Control: RX
[[0;32m  OK  [0m] Started [0;1;39mNetwork Manager[0m.
[[0;32m  OK  [0m] Reached target [0;1;39mNetwork[0m.
[[0;32m  OK  [0m] Reached target [0;1;39mNetwork is Online[0m.
         Starting [0;1;39mGSSAPI Proxy Daemon[0m...
         Starting [0;1;39mNotify NFS peers of a restart[0m...
         Starting [0;1;39mSystem Logging Service[0m...
         Starting [0;1;39mOpenSSH server daemon[0m...
         Starting [0;1;39mDynamic System Tuning Daemon[0m...
[[0;32m  OK  [0m] Started [0;1;39mGSSAPI Proxy Daemon[0m.
[[0;32m  OK  [0m] Started [0;1;39mNotify NFS peers of a restart[0m.
[[0;32m  OK  [0m] Reached target [0;1;39mNFS client services[0m.
[[0;32m  OK  [0m] Reached target [0;1;39mPreparation for Remote File Systems[0m.
[[0;32m  OK  [0m] Reached target [0;1;39mRemote File Systems[0m.
         Starting [0;1;39mPermit User Sessions[0m...
         Starting [0;1;39mVirtualization qemu daemon[0m...
[[0;32m  OK  [0m] Started [0;1;39mOpenSSH server daemon[0m.
[[0;32m  OK  [0m] Finished [0;1;39mPermit User Sessions[0m.
[[0;32m  OK  [0m] Started [0;1;39mDeferred execution scheduler[0m.
[[0;32m  OK  [0m] Started [0;1;39mCommand Scheduler[0m.
         Starting [0;1;39mHold until boot process finishes up[0m...
         Starting [0;1;39mTerminate Plymouth Boot Screen[0m...
[[0;32m  OK  [0m] Started [0;1;39mVirtualization qemu daemon[0m.
[[0;32m  OK  [0m] Started [0;1;39mSystem Logging Service[0m.
[[0;32m  OK  [0m] Finished [0;1;39mHold until boot process finishes up[0m.
[[0;32m  OK  [0m] Finished [0;1;39mTerminate Plymouth Boot Screen[0m.
[[0;32m  OK  [0m] Started [0;1;39mGetty on tty1[0m.
[[0;32m  OK  [0m] Started [0;1;39mSerial Getty on ttyS0[0m.
[[0;32m  OK  [0m] Reached target [0;1;39mLogin Prompts[0m.
         Starting [0;1;39mAuthorization Manager[0m...
[[0;32m  OK  [0m] Started [0;1;39mAuthorization Manager[0m.
[[0;32m  OK  [0m] Started [0;1;39mDynamic System Tuning Daemon[0m.
[[0;32m  OK  [0m] Reached target [0;1;39mMulti-User System[0m.
         Starting [0;1;39mRecord Runlevel Change in UTMP[0m...
[[0;32m  OK  [0m] Finished [0;1;39mRecord Runlevel Change in UTMP[0m.

CentOS Stream 9
Kernel 6.18.0-next-20251203-b2c27842ba85 on an x86_64

Activate the web console with: systemctl enable --now cockpit.socket

test login: [   20.270143] loop2: detected capacity change from 0 to 32768
[   20.275050] loop6: detected capacity change from 0 to 32768
[   20.332346] loop7: detected capacity change from 0 to 32768
[   20.333228] loop0: detected capacity change from 0 to 32768
[   20.348654] XFS (loop0): Mounting V5 Filesystem bfdc47fc-10d8-4eed-a562-11a831b3f791
[   20.379064] XFS (loop2): Mounting V5 Filesystem bfdc47fc-10d8-4eed-a562-11a831b3f791
[   20.383216] XFS (loop6): Mounting V5 Filesystem bfdc47fc-10d8-4eed-a562-11a831b3f791
[   20.398713] XFS (loop7): Mounting V5 Filesystem bfdc47fc-10d8-4eed-a562-11a831b3f791
[   20.430735] loop5: detected capacity change from 0 to 32768
[   20.431037] XFS (loop6): Ending clean mount
[   20.437570] XFS (loop7): Ending clean mount
[   20.438319] XFS (loop2): Ending clean mount
[   20.439139] XFS (loop7): Quotacheck needed: Please wait.
[   20.440107] XFS (loop2): Quotacheck needed: Please wait.
[   20.451901] XFS (loop6): Quotacheck needed: Please wait.
[   20.455005] loop3: detected capacity change from 0 to 32768
[   20.475450] XFS (loop7): Quotacheck: Done.
[   20.476442] XFS (loop6): Quotacheck: Done.
[   20.548928] XFS (loop5): Mounting V5 Filesystem bfdc47fc-10d8-4eed-a562-11a831b3f791
[   20.553752] loop4: detected capacity change from 0 to 32768
[   20.569521] XFS (loop2): Quotacheck: Done.
[   20.577504] XFS (loop3): Mounting V5 Filesystem bfdc47fc-10d8-4eed-a562-11a831b3f791
[   20.580036] XFS (loop4): Mounting V5 Filesystem bfdc47fc-10d8-4eed-a562-11a831b3f791
[   20.627007] XFS (loop5): Ending clean mount
[   20.630888] XFS (loop5): Quotacheck needed: Please wait.
[   20.648933] XFS (loop4): Ending clean mount
[   20.649871] XFS (loop4): Quotacheck needed: Please wait.
[   20.650574] XFS (loop0): Ending clean mount
[   20.651463] XFS (loop0): Quotacheck needed: Please wait.
[   20.659796] XFS (loop5): Quotacheck: Done.
[   20.677757] XFS (loop3): Ending clean mount
[   20.680753] XFS (loop3): Quotacheck needed: Please wait.
[   20.821783] XFS (loop4): Quotacheck: Done.
[   20.841151] XFS (loop3): Quotacheck: Done.
[   20.893075] XFS (loop0): Quotacheck: Done.
[   21.088836] 
[   21.088994] ======================================================
[   21.089362] WARNING: possible circular locking dependency detected
[   21.089726] 6.18.0-next-20251203-b2c27842ba85 #1 Not tainted
[   21.090060] ------------------------------------------------------
[   21.090417] kswapd0/58 is trying to acquire lock:
[   21.090697] ffff888028ff1f18 (&xfs_nondir_ilock_class){++++}-{4:4}, at: xfs_ilock+0x30f/0x390
[   21.091235] 
[   21.091235] but task is already holding lock:
[   21.091575] ffffffff8784b580 (fs_reclaim){+.+.}-{0:0}, at: balance_pgdat+0xb7e/0x15c0
[   21.092058] 
[   21.092058] which lock already depends on the new lock.
[   21.092058] 
[   21.092524] 
[   21.092524] the existing dependency chain (in reverse order) is:
[   21.092949] 
[   21.092949] -> #1 (fs_reclaim){+.+.}-{0:0}:
[   21.093290]        fs_reclaim_acquire+0x116/0x160
[   21.093579]        __kmalloc_cache_noprof+0x53/0x7e0
[   21.093886]        iomap_fill_dirty_folios+0x118/0x2c0
[   21.094204]        xfs_buffered_write_iomap_begin+0xf18/0x2150
[   21.094552]        iomap_iter+0x551/0xf40
[   21.094798]        iomap_zero_range+0x20b/0xa90
[   21.095075]        xfs_zero_range+0xb5/0x100
[   21.095335]        xfs_reflink_remap_prep+0x3d3/0xa90
[   21.095643]        xfs_file_remap_range+0x23c/0xdc0
[   21.095944]        vfs_clone_file_range+0x2b1/0xda0
[   21.096243]        ioctl_file_clone+0x6e/0x110
[   21.096521]        do_vfs_ioctl+0xcab/0x14d0
[   21.096786]        __x64_sys_ioctl+0x127/0x220
[   21.097057]        x64_sys_call+0x1280/0x21b0
[   21.097331]        do_syscall_64+0x6d/0x1180
[   21.097607]        entry_SYSCALL_64_after_hwframe+0x76/0x7e
[   21.097936] 
[   21.097936] -> #0 (&xfs_nondir_ilock_class){++++}-{4:4}:
[   21.098334]        __lock_acquire+0x14d1/0x2210
[   21.098615]        lock_acquire+0x170/0x2f0
[   21.098869]        down_write_nested+0x9a/0x210
[   21.099145]        xfs_ilock+0x30f/0x390
[   21.099385]        xfs_icwalk_ag+0xaec/0x1b60
[   21.099652]        xfs_icwalk+0x56/0xc0
[   21.099892]        xfs_reclaim_inodes_nr+0x1d3/0x2d0
[   21.100192]        xfs_fs_free_cached_objects+0x6a/0x90
[   21.100506]        super_cache_scan+0x415/0x570
[   21.100794]        do_shrink_slab+0x408/0x1030
[   21.101069]        shrink_slab+0x348/0x12f0
[   21.101329]        shrink_node+0xacc/0x2670
[   21.101587]        balance_pgdat+0xa2d/0x15c0
[   21.101860]        kswapd+0x5b9/0xab0
[   21.102093]        kthread+0x464/0x980
[   21.102329]        ret_from_fork+0x780/0x8f0
[   21.102596]        ret_from_fork_asm+0x1a/0x30
[   21.102873] 
[   21.102873] other info that might help us debug this:
[   21.102873] 
[   21.103335]  Possible unsafe locking scenario:
[   21.103335] 
[   21.103683]        CPU0                    CPU1
[   21.103955]        ----                    ----
[   21.104225]   lock(fs_reclaim);
[   21.104428]                                lock(&xfs_nondir_ilock_class);
[   21.104823]                                lock(fs_reclaim);
[   21.105158]   lock(&xfs_nondir_ilock_class);
[   21.105416] 
[   21.105416]  *** DEADLOCK ***
[   21.105416] 
[   21.105762] 2 locks held by kswapd0/58:
[   21.105993]  #0: ffffffff8784b580 (fs_reclaim){+.+.}-{0:0}, at: balance_pgdat+0xb7e/0x15c0
[   21.106487]  #1: ffff88800fd580e0 (&type->s_umount_key#53){.+.+}-{4:4}, at: super_cache_scan+0x9f/0x570
[   21.107047] 
[   21.107047] stack backtrace:
[   21.107307] CPU: 1 UID: 0 PID: 58 Comm: kswapd0 Not tainted 6.18.0-next-20251203-b2c27842ba85 #1 PREEMPT(voluntary) 
[   21.107319] Hardware name: QEMU Standard PC (i440FX + PIIX, 1996), BIOS rel-1.16.0-0-gd239552ce722-prebuilt.qemu.org 04/01/2014
[   21.107326] Call Trace:
[   21.107335]  <TASK>
[   21.107338]  dump_stack_lvl+0xea/0x150
[   21.107352]  dump_stack+0x19/0x20
[   21.107359]  print_circular_bug+0x283/0x350
[   21.107370]  check_noncircular+0x12d/0x150
[   21.107383]  __lock_acquire+0x14d1/0x2210
[   21.107398]  lock_acquire+0x170/0x2f0
[   21.107407]  ? xfs_ilock+0x30f/0x390
[   21.107420]  ? __cond_resched+0x37/0x50
[   21.107434]  down_write_nested+0x9a/0x210
[   21.107445]  ? xfs_ilock+0x30f/0x390
[   21.107456]  ? __pfx_down_write_nested+0x10/0x10
[   21.107468]  ? xfs_icwalk_ag+0xadf/0x1b60
[   21.107482]  ? xfs_icwalk_ag+0xaec/0x1b60
[   21.107497]  ? xfs_icwalk_ag+0xaec/0x1b60
[   21.107510]  xfs_ilock+0x30f/0x390
[   21.107523]  xfs_icwalk_ag+0xaec/0x1b60
[   21.107542]  ? __pfx_xfs_icwalk_ag+0x10/0x10
[   21.107561]  ? __pfx_xa_find+0x10/0x10
[   21.107581]  ? xfs_group_grab_next_mark+0x26a/0x520
[   21.107605]  ? __this_cpu_preempt_check+0x21/0x30
[   21.107616]  ? lock_release+0x14f/0x2a0
[   21.107628]  ? xfs_group_grab_next_mark+0x274/0x520
[   21.107643]  ? __pfx_xfs_group_grab_next_mark+0x10/0x10
[   21.107662]  ? __pfx_try_to_wake_up+0x10/0x10
[   21.107678]  ? lock_release+0x14f/0x2a0
[   21.107689]  xfs_icwalk+0x56/0xc0
[   21.107704]  xfs_reclaim_inodes_nr+0x1d3/0x2d0
[   21.107718]  ? __pfx_xfs_reclaim_inodes_nr+0x10/0x10
[   21.107734]  ? __this_cpu_preempt_check+0x21/0x30
[   21.107744]  ? __pfx_prune_icache_sb+0x10/0x10
[   21.107762]  xfs_fs_free_cached_objects+0x6a/0x90
[   21.107777]  super_cache_scan+0x415/0x570
[   21.107794]  do_shrink_slab+0x408/0x1030
[   21.107813]  shrink_slab+0x348/0x12f0
[   21.107831]  ? shrink_slab+0x160/0x12f0
[   21.107845]  ? __pfx_shrink_slab+0x10/0x10
[   21.107866]  shrink_node+0xacc/0x2670
[   21.107888]  ? __pfx_shrink_node+0x10/0x10
[   21.107900]  ? preempt_schedule_common+0x49/0xd0
[   21.107913]  balance_pgdat+0xa2d/0x15c0
[   21.107929]  ? __pfx_balance_pgdat+0x10/0x10
[   21.107941]  ? rcu_watching_snap_stopped_since+0x20/0xf0
[   21.107975]  kswapd+0x5b9/0xab0
[   21.107990]  ? __pfx_kswapd+0x10/0x10
[   21.108002]  ? _raw_spin_unlock_irqrestore+0x35/0x70
[   21.108017]  ? trace_hardirqs_on+0x26/0x130
[   21.108040]  ? __pfx_autoremove_wake_function+0x10/0x10
[   21.108060]  ? __sanitizer_cov_trace_const_cmp1+0x1e/0x30
[   21.108080]  ? __kthread_parkme+0x1bc/0x260
[   21.108094]  ? __pfx_kswapd+0x10/0x10
[   21.108107]  ? __pfx_kswapd+0x10/0x10
[   21.108120]  kthread+0x464/0x980
[   21.108128]  ? __pfx_kthread+0x10/0x10
[   21.108135]  ? trace_hardirqs_on+0x26/0x130
[   21.108149]  ? _raw_spin_unlock_irq+0x3c/0x60
[   21.108158]  ? __pfx_kthread+0x10/0x10
[   21.108167]  ret_from_fork+0x780/0x8f0
[   21.108177]  ? __pfx_ret_from_fork+0x10/0x10
[   21.108186]  ? native_load_tls+0x16/0x50
[   21.108199]  ? __sanitizer_cov_trace_const_cmp8+0x1c/0x30
[   21.108213]  ? __switch_to+0x823/0x10b0
[   21.108232]  ? __pfx_kthread+0x10/0x10
[   21.108240]  ret_from_fork_asm+0x1a/0x30
[   21.108257]  </TASK>
[   21.592826] repro: page allocation failure: order:0, mode:0x10cc0(GFP_KERNEL|__GFP_NORETRY), nodemask=(null),cpuset=/,mems_allowed=0
[   21.593533] CPU: 1 UID: 0 PID: 727 Comm: repro Not tainted 6.18.0-next-20251203-b2c27842ba85 #1 PREEMPT(voluntary) 
[   21.593545] Hardware name: QEMU Standard PC (i440FX + PIIX, 1996), BIOS rel-1.16.0-0-gd239552ce722-prebuilt.qemu.org 04/01/2014
[   21.593551] Call Trace:
[   21.593554]  <TASK>
[   21.593557]  dump_stack_lvl+0x121/0x150
[   21.593572]  dump_stack+0x19/0x20
[   21.593582]  warn_alloc+0x216/0x360
[   21.593595]  ? __pfx_warn_alloc+0x10/0x10
[   21.593607]  ? __pfx___alloc_pages_direct_compact+0x10/0x10
[   21.593618]  ? __drain_all_pages+0x27d/0x480
[   21.593628]  __alloc_pages_slowpath.constprop.0+0x1340/0x2230
[   21.593644]  ? __pfx___alloc_pages_slowpath.constprop.0+0x10/0x10
[   21.593657]  ? __might_sleep+0x108/0x160
[   21.593680]  __alloc_frozen_pages_noprof+0x47f/0x550
[   21.593690]  ? asm_sysvec_apic_timer_interrupt+0x1f/0x30
[   21.593702]  ? __pfx___alloc_frozen_pages_noprof+0x10/0x10
[   21.593716]  ? policy_nodemask+0xf9/0x450
[   21.593734]  alloc_pages_mpol+0x236/0x4c0
[   21.593746]  ? __pfx_alloc_pages_mpol+0x10/0x10
[   21.593758]  ? alloc_frozen_pages_noprof+0x48/0x180
[   21.593766]  ? alloc_frozen_pages_noprof+0x51/0x180
[   21.593775]  alloc_frozen_pages_noprof+0xa9/0x180
[   21.593783]  alloc_pages_noprof+0x27/0xa0
[   21.593791]  kimage_alloc_pages+0x78/0x240
[   21.593809]  kimage_alloc_control_pages+0x1ca/0xa60
[   21.593819]  ? __pfx_kimage_alloc_control_pages+0x10/0x10
[   21.593827]  ? __sanitizer_cov_trace_cmp8+0x1c/0x30
[   21.593844]  do_kexec_load+0x39b/0x8c0
[   21.593851]  ? __might_fault+0xf1/0x1b0
[   21.593868]  ? __pfx_do_kexec_load+0x10/0x10
[   21.593876]  ? __sanitizer_cov_trace_const_cmp8+0x1c/0x30
[   21.593887]  ? _copy_from_user+0x75/0xa0
[   21.593904]  __x64_sys_kexec_load+0x1cc/0x240
[   21.593913]  x64_sys_call+0x1c90/0x21b0
[   21.593922]  do_syscall_64+0x6d/0x1180
[   21.593930]  entry_SYSCALL_64_after_hwframe+0x76/0x7e
[   21.593938] RIP: 0033:0x7f347b83ee5d
[   21.593952] Code: ff c3 66 2e 0f 1f 84 00 00 00 00 00 90 f3 0f 1e fa 48 89 f8 48 89 f7 48 89 d6 48 89 ca 4d 89 c2 4d 89 c8 4c 8b 4c 24 08 0f 05 <48> 3d 01 f0 ff ff 73 01 c3 48 8b 0d 93 af 1b 00 f7 d8 64 89 01 48
[   21.593959] RSP: 002b:00007ffc6cb1d938 EFLAGS: 00000207 ORIG_RAX: 00000000000000f6
[   21.593972] RAX: ffffffffffffffda RBX: 0000000000000000 RCX: 00007f347b83ee5d
[   21.593977] RDX: 0000200000000180 RSI: 0000000000000003 RDI: 0000000000000000
[   21.593982] RBP: 00007ffc6cb1d950 R08: 00007ffc6cb1d3c0 R09: 00007ffc6cb1d950
[   21.593986] R10: 0000000000000000 R11: 0000000000000207 R12: 00007ffc6cb1daa8
[   21.593991] R13: 00000000004030f5 R14: 000000000040ee08 R15: 00007f347bb26000
[   21.594000]  </TASK>
[   21.594003] Mem-Info:
[   21.607115] active_anon:4566 inactive_anon:47258 isolated_anon:0
[   21.607115]  active_file:22565 inactive_file:1105 isolated_file:9
[   21.607115]  unevictable:0 dirty:1 writeback:11
[   21.607115]  slab_reclaimable:14889 slab_unreclaimable:15669
[   21.607115]  mapped:11181 shmem:34799 pagetables:1112
[   21.607115]  sec_pagetables:0 bounce:0
[   21.607115]  kernel_misc_reclaimable:0
[   21.607115]  free:13992 free_pcp:4 free_cma:0
[   21.609190] Node 0 active_anon:18264kB inactive_anon:189032kB active_file:90260kB inactive_file:4420kB unevictable:0kB isolated(anon):0kB isolated(file):36kB mapped:44724kB dirty:4kB writeback:44kB shmem:139196kB shmem_thp:0kB shmem_pmdmapped:0kB anon_thp:0kB kernel_stack:7872kB pagetables:4448kB sec_pagetables:0kB all_unreclaimable? no Balloon:0kB
[   21.610900] Node 0 DMA free:6480kB boost:0kB min:444kB low:552kB high:660kB reserved_highatomic:0KB free_highatomic:0KB active_anon:0kB inactive_anon:0kB active_file:0kB inactive_file:0kB unevictable:0kB writepending:0kB zspages:0kB present:15992kB managed:15360kB mlocked:0kB bounce:0kB free_pcp:0kB local_pcp:0kB free_cma:0kB
[   21.612441] lowmem_reserve[]: 0 1519 1519 1519 1519
[   21.612732] Node 0 DMA32 free:49656kB boost:14336kB min:58944kB low:70096kB high:81248kB reserved_highatomic:0KB free_highatomic:0KB active_anon:18264kB inactive_anon:189036kB active_file:89764kB inactive_file:4648kB unevictable:0kB writepending:48kB zspages:0kB present:2080640kB managed:1555936kB mlocked:0kB bounce:0kB free_pcp:0kB local_pcp:0kB free_cma:0kB
[   21.614418] lowmem_reserve[]: 0 0 0 0 0
[   21.614664] Node 0 DMA: 1*4kB (U) 0*8kB 0*16kB 0*32kB 0*64kB 1*128kB (U) 1*256kB (U) 0*512kB 0*1024kB 1*2048kB (M) 1*4096kB (M) = 6532kB
[   21.615379] Node 0 DMA32: 399*4kB (UME) 473*8kB (UME) 158*16kB (UME) 382*32kB (UME) 177*64kB (UME) 88*128kB (ME) 28*256kB (M) 0*512kB 0*1024kB 0*2048kB 0*4096kB = 49892kB
[   21.616300] Node 0 hugepages_total=0 hugepages_free=0 hugepages_surp=0 hugepages_size=1048576kB
[   21.616784] Node 0 hugepages_total=0 hugepages_free=0 hugepages_surp=0 hugepages_size=2048kB
[   21.617246] 58409 total pagecache pages
[   21.617466] 0 pages in swap cache
[   21.617661] Free swap  = 0kB
[   21.617830] Total swap = 0kB
[   21.618004] 524158 pages RAM
[   21.618177] 0 pages HighMem/MovableOnly
[   21.618397] 131334 pages reserved
[   21.618594] 0 pages cma reserved
[   21.618789] 0 pages hwpoisoned
[   21.618969] Memory cgroup min protection 0kB -- low protection 0kB
[   21.672152] kexec: Could not allocate control_code_buffer
[   21.981500] loop1: detected capacity change from 0 to 32768
[   22.134401] XFS (loop1): Mounting V5 Filesystem bfdc47fc-10d8-4eed-a562-11a831b3f791
[   22.192818] XFS (loop1): Ending clean mount
[   22.196974] XFS (loop1): Quotacheck needed: Please wait.
[   22.215915] XFS (loop1): Quotacheck: Done.
[   22.717714] kexec: Could not allocate control_code_buffer
[   23.145053] kexec: Could not allocate control_code_buffer
[   24.211821] kexec: Could not allocate control_code_buffer
[   24.885289] kexec: Could not allocate control_code_buffer
[   25.949574] kexec: Could not allocate control_code_buffer
[   27.018771] kexec: Could not allocate control_code_buffer
[   27.600308] kexec: Could not allocate control_code_buffer
[   28.410732] kexec: Could not allocate control_code_buffer
