c[?7l[2J[0mSeaBIOS (version rel-1.16.0-0-gd239552ce722-prebuilt.qemu.org)


iPXE (http://ipxe.org) 00:03.0 CA00 PCI2.10 PnP PMM+7FF91000+7FEF1000 CA00
Press Ctrl-B to configure iPXE (PCI 00:03.0)...                                                                               


Booting from ROM...
c[?7l[2J[    0.000000] Linux version 6.18.0-next-20251203-b2c27842ba85-77c475692c5e-r-dirty (root@p-arls02) (gcc (GCC) 11.5.0 20240719 (Red Hat 11.5.0-14), GNU ld version 2.35.2-68.el9) #1 SMP PREEMPT_DYNAMIC Fri Dec  5 03:28:28 CST 2025
[    0.000000] Command line: console=ttyS0 root=/dev/sda earlyprintk=serial net.ifnames=0 plymouth.enable=0
[    0.000000] KERNEL supported cpus:
[    0.000000]   Intel GenuineIntel
[    0.000000]   AMD AuthenticAMD
[    0.000000]   Hygon HygonGenuine
[    0.000000]   Centaur CentaurHauls
[    0.000000]   zhaoxin   Shanghai  
[    0.000000] x86/CPU: Model not found in latest microcode list
[    0.000000] x86/split lock detection: #DB: warning on user-space bus_locks
[    0.000000] BIOS-provided physical RAM map:
[    0.000000] BIOS-e820: [mem 0x0000000000000000-0x000000000009fbff] usable
[    0.000000] BIOS-e820: [mem 0x000000000009fc00-0x000000000009ffff] reserved
[    0.000000] BIOS-e820: [mem 0x00000000000f0000-0x00000000000fffff] reserved
[    0.000000] BIOS-e820: [mem 0x0000000000100000-0x000000007ffdffff] usable
[    0.000000] BIOS-e820: [mem 0x000000007ffe0000-0x000000007fffffff] reserved
[    0.000000] BIOS-e820: [mem 0x00000000feffc000-0x00000000feffffff] reserved
[    0.000000] BIOS-e820: [mem 0x00000000fffc0000-0x00000000ffffffff] reserved
[    0.000000] printk: legacy bootconsole [earlyser0] enabled
[    0.000000] NX (Execute Disable) protection: active
[    0.000000] APIC: Static calls initialized
[    0.000000] SMBIOS 2.8 present.
[    0.000000] DMI: QEMU Standard PC (i440FX + PIIX, 1996), BIOS rel-1.16.0-0-gd239552ce722-prebuilt.qemu.org 04/01/2014
[    0.000000] DMI: Memory slots populated: 1/1
[    0.000000] Hypervisor detected: KVM
[    0.000000] last_pfn = 0x7ffe0 max_arch_pfn = 0x400000000
[    0.000000] kvm-clock: Using msrs 4b564d01 and 4b564d00
[    0.000002] kvm-clock: using sched offset of 1065080681 cycles
[    0.000406] clocksource: kvm-clock: mask: 0xffffffffffffffff max_cycles: 0x1cd42e4dffb, max_idle_ns: 881590591483 ns
[    0.001659] tsc: Detected 1267.200 MHz processor
[    0.007841] last_pfn = 0x7ffe0 max_arch_pfn = 0x400000000
[    0.008309] MTRR map: 4 entries (3 fixed + 1 variable; max 19), built from 8 variable MTRRs
[    0.008949] x86/PAT: Configuration [0-7]: WB  WC  UC- UC  WB  WP  UC- WT  
[    0.018309] found SMP MP-table at [mem 0x000f5ba0-0x000f5baf]
[    0.018782] Using GB pages for direct mapping
[    0.020883] ACPI: Early table checksum verification disabled
[    0.021316] ACPI: RSDP 0x00000000000F59C0 000014 (v00 BOCHS )
[    0.021773] ACPI: RSDT 0x000000007FFE1951 000034 (v01 BOCHS  BXPC     00000001 BXPC 00000001)
[    0.022438] ACPI: FACP 0x000000007FFE17FD 000074 (v01 BOCHS  BXPC     00000001 BXPC 00000001)
[    0.023105] ACPI: DSDT 0x000000007FFE0040 0017BD (v01 BOCHS  BXPC     00000001 BXPC 00000001)
[    0.023764] ACPI: FACS 0x000000007FFE0000 000040
[    0.024125] ACPI: APIC 0x000000007FFE1871 000080 (v01 BOCHS  BXPC     00000001 BXPC 00000001)
[    0.024785] ACPI: HPET 0x000000007FFE18F1 000038 (v01 BOCHS  BXPC     00000001 BXPC 00000001)
[    0.025443] ACPI: WAET 0x000000007FFE1929 000028 (v01 BOCHS  BXPC     00000001 BXPC 00000001)
[    0.026095] ACPI: Reserving FACP table memory at [mem 0x7ffe17fd-0x7ffe1870]
[    0.026631] ACPI: Reserving DSDT table memory at [mem 0x7ffe0040-0x7ffe17fc]
[    0.027169] ACPI: Reserving FACS table memory at [mem 0x7ffe0000-0x7ffe003f]
[    0.027703] ACPI: Reserving APIC table memory at [mem 0x7ffe1871-0x7ffe18f0]
[    0.028243] ACPI: Reserving HPET table memory at [mem 0x7ffe18f1-0x7ffe1928]
[    0.028781] ACPI: Reserving WAET table memory at [mem 0x7ffe1929-0x7ffe1950]
[    0.029769] No NUMA configuration found
[    0.030067] Faking a node at [mem 0x0000000000000000-0x000000007ffdffff]
[    0.030608] NODE_DATA(0) allocated [mem 0x7ffb4ec0-0x7ffdfcbf]
[    0.031618] Zone ranges:
[    0.031817]   DMA      [mem 0x0000000000001000-0x0000000000ffffff]
[    0.032293]   DMA32    [mem 0x0000000001000000-0x000000007ffdffff]
[    0.032763]   Normal   empty
[    0.032986]   Device   empty
[    0.033212] Movable zone start for each node
[    0.033542] Early memory node ranges
[    0.033815]   node   0: [mem 0x0000000000001000-0x000000000009efff]
[    0.034292]   node   0: [mem 0x0000000000100000-0x000000007ffdffff]
[    0.034770] Initmem setup node 0 [mem 0x0000000000001000-0x000000007ffdffff]
[    0.035801] On node 0, zone DMA: 1 pages in unavailable ranges
[    0.036530] On node 0, zone DMA: 97 pages in unavailable ranges
[    0.132476] On node 0, zone DMA32: 32 pages in unavailable ranges
[    0.643276] KernelAddressSanitizer initialized (generic)
[    0.643994] ACPI: PM-Timer IO Port: 0x608
[    0.644326] ACPI: LAPIC_NMI (acpi_id[0xff] dfl dfl lint[0x1])
[    0.644831] IOAPIC[0]: apic_id 0, version 17, address 0xfec00000, GSI 0-23
[    0.645353] ACPI: INT_SRC_OVR (bus 0 bus_irq 0 global_irq 2 dfl dfl)
[    0.645814] ACPI: INT_SRC_OVR (bus 0 bus_irq 5 global_irq 5 high level)
[    0.646291] ACPI: INT_SRC_OVR (bus 0 bus_irq 9 global_irq 9 high level)
[    0.646771] ACPI: INT_SRC_OVR (bus 0 bus_irq 10 global_irq 10 high level)
[    0.647263] ACPI: INT_SRC_OVR (bus 0 bus_irq 11 global_irq 11 high level)
[    0.647763] ACPI: Using ACPI (MADT) for SMP configuration information
[    0.648232] ACPI: HPET id: 0x8086a201 base: 0xfed00000
[    0.648620] TSC deadline timer available
[    0.648910] CPU topo: Max. logical packages:   1
[    0.649246] CPU topo: Max. logical dies:       1
[    0.649578] CPU topo: Max. dies per package:   1
[    0.649914] CPU topo: Max. threads per core:   1
[    0.650250] CPU topo: Num. cores per package:     2
[    0.650601] CPU topo: Num. threads per package:   2
[    0.650949] CPU topo: Allowing 2 present CPUs plus 0 hotplug CPUs
[    0.651448] kvm-guest: APIC: eoi() replaced with kvm_guest_apic_eoi_write()
[    0.651999] kvm-guest: KVM setup pv remote TLB flush
[    0.652361] kvm-guest: setup PV sched yield
[    0.652712] PM: hibernation: Registered nosave memory: [mem 0x00000000-0x00000fff]
[    0.653268] PM: hibernation: Registered nosave memory: [mem 0x0009f000-0x000fffff]
[    0.653815] [mem 0x80000000-0xfeffbfff] available for PCI devices
[    0.654262] Booting paravirtualized kernel on KVM
[    0.654617] clocksource: refined-jiffies: mask: 0xffffffff max_cycles: 0xffffffff, max_idle_ns: 7645519600211568 ns
[    0.655391] setup_percpu: NR_CPUS:8192 nr_cpumask_bits:2 nr_cpu_ids:2 nr_node_ids:1
[    0.658018] percpu: Embedded 81 pages/cpu s294912 r8192 d28672 u1048576
[    0.658673] kvm-guest: PV spinlocks enabled
[    0.658993] PV qspinlock hash table entries: 256 (order: 0, 4096 bytes, linear)
[    0.659543] Kernel command line: net.ifnames=0 console=ttyS0 root=/dev/sda earlyprintk=serial net.ifnames=0 plymouth.enable=0
[    0.660715] random: crng init done
[    0.660975] printk: log buffer data + meta data: 262144 + 917504 = 1179648 bytes
[    0.663621] Dentry cache hash table entries: 262144 (order: 9, 2097152 bytes, linear)
[    0.665305] Inode-cache hash table entries: 131072 (order: 8, 1048576 bytes, linear)
[    0.666225] Fallback order for Node 0: 0 
[    0.666253] Built 1 zonelists, mobility grouping on.  Total pages: 524158
[    0.666987] Policy zone: DMA32
[    0.667205] mem auto-init: stack:off, heap alloc:off, heap free:off
[    0.667637] stackdepot: allocating hash table via alloc_large_system_hash
[    0.668101] stackdepot hash table entries: 1048576 (order: 12, 16777216 bytes, linear)
[    0.683361] stackdepot: allocating space for 8192 stack pools via memblock
[    0.727028] SLUB: HWalign=64, Order=0-3, MinObjects=0, CPUs=2, Nodes=1
[    0.727516] kmemleak: Kernel memory leak detector disabled
[    0.764588] ftrace: allocating 75232 entries in 296 pages
[    0.765012] ftrace: allocated 296 pages with 3 groups
[    0.769705] Dynamic Preempt: voluntary
[    0.770468] Running RCU self tests
[    0.770716] Running RCU synchronous self tests
[    0.771028] rcu: Preemptible hierarchical RCU implementation.
[    0.771455] rcu: 	RCU lockdep checking is enabled.
[    0.771787] rcu: 	RCU restricting CPUs from NR_CPUS=8192 to nr_cpu_ids=2.
[    0.772265] 	Trampoline variant of Tasks RCU enabled.
[    0.772615] 	Rude variant of Tasks RCU enabled.
[    0.772927] 	Tracing variant of Tasks RCU enabled.
[    0.773262] rcu: RCU calculated value of scheduler-enlistment delay is 25 jiffies.
[    0.773794] rcu: Adjusting geometry for rcu_fanout_leaf=16, nr_cpu_ids=2
[    0.774345] Running RCU synchronous self tests
[    0.774662] RCU Tasks: Setting shift to 1 and lim to 1 rcu_task_cb_adjust=1 rcu_task_cpu_ids=2.
[    0.775273] RCU Tasks Rude: Setting shift to 1 and lim to 1 rcu_task_cb_adjust=1 rcu_task_cpu_ids=2.
[    0.775907] RCU Tasks Trace: Setting shift to 1 and lim to 1 rcu_task_cb_adjust=1 rcu_task_cpu_ids=2.
[    0.835867] NR_IRQS: 524544, nr_irqs: 440, preallocated irqs: 16
[    0.836822] rcu: srcu_init: Setting srcu_struct sizes based on contention.
[    0.843338] Console: colour VGA+ 80x25
[    0.843705] printk: legacy console [ttyS0] enabled
[    0.843705] printk: legacy console [ttyS0] enabled
[    0.844396] printk: legacy bootconsole [earlyser0] disabled
[    0.844396] printk: legacy bootconsole [earlyser0] disabled
[    0.845199] Lock dependency validator: Copyright (c) 2006 Red Hat, Inc., Ingo Molnar
[    0.845750] ... MAX_LOCKDEP_SUBCLASSES:  8
[    0.846047] ... MAX_LOCK_DEPTH:          48
[    0.846353] ... MAX_LOCKDEP_KEYS:        8192
[    0.846667] ... CLASSHASH_SIZE:          4096
[    0.846987] ... MAX_LOCKDEP_ENTRIES:     524288
[    0.847323] ... MAX_LOCKDEP_CHAINS:      524288
[    0.847649] ... CHAINHASH_SIZE:          262144
[    0.847978]  memory used by lock dependency info: 54145 kB
[    0.848379]  memory used for stack traces: 4224 kB
[    0.848728]  per task-struct memory footprint: 1920 bytes
[    0.849198] ACPI: Core revision 20250807
[    0.849818] clocksource: hpet: mask: 0xffffffff max_cycles: 0xffffffff, max_idle_ns: 19112604467 ns
[    0.850636] APIC: Switch to symmetric I/O mode setup
[    0.851205] x2apic enabled
[    0.851713] APIC: Switched APIC routing to: physical x2apic
[    0.852119] kvm-guest: APIC: send_IPI_mask() replaced with kvm_send_ipi_mask()
[    0.852655] kvm-guest: APIC: send_IPI_mask_allbutself() replaced with kvm_send_ipi_mask_allbutself()
[    0.853310] kvm-guest: setup PV IPIs
[    0.854482] ..TIMER: vector=0x30 apic1=0 pin1=2 apic2=-1 pin2=-1
[    0.854966] clocksource: tsc-early: mask: 0xffffffffffffffff max_cycles: 0x12441513526, max_idle_ns: 440795239872 ns
[    0.855728] Calibrating delay loop (skipped) preset value.. 2534.40 BogoMIPS (lpj=5068800)
[    0.856462] CPU0: Thermal monitoring enabled (TM1)
[    0.856825] x86/cpu: User Mode Instruction Prevention (UMIP) activated
[    0.857395] Last level iTLB entries: 4KB 0, 2MB 0, 4MB 0
[    0.857782] Last level dTLB entries: 4KB 0, 2MB 0, 4MB 0, 1GB 0
[    0.858225] mitigations: Enabled attack vectors: user_kernel, user_user, guest_host, guest_guest, SMT mitigations: auto
[    0.859748] Speculative Store Bypass: Mitigation: Speculative Store Bypass disabled via prctl
[    0.860361] Spectre V2 : Mitigation: Enhanced / Automatic IBRS
[    0.860780] ITS: Mitigation: Aligned branch/return thunks
[    0.861171] Spectre V1 : Mitigation: usercopy/swapgs barriers and __user pointer sanitization
[    0.861783] Spectre V2 : WARNING: Unprivileged eBPF is enabled with eIBRS on, data leaks possible via Spectre v2 BHB attacks!
[    0.862574] Spectre V2 : Spectre v2 / PBRSB-eIBRS: Retire a single CALL on VMEXIT
[    0.863093] Spectre V2 : mitigation: Enabling conditional Indirect Branch Prediction Barrier
[    0.863721] active return thunk: its_return_thunk
[    0.864060] Spectre V2 : Spectre BHI mitigation: SW BHB clearing on syscall and VM exit
[    0.864634] x86/fpu: Supporting XSAVE feature 0x001: 'x87 floating point registers'
[    0.865179] x86/fpu: Supporting XSAVE feature 0x002: 'SSE registers'
[    0.865642] x86/fpu: Supporting XSAVE feature 0x004: 'AVX registers'
[    0.866094] x86/fpu: Supporting XSAVE feature 0x200: 'Protection Keys User registers'
[    0.866648] x86/fpu: xstate_offset[2]:  576, xstate_sizes[2]:  256
[    0.867092] x86/fpu: xstate_offset[9]:  832, xstate_sizes[9]:    8
[    0.867717] x86/fpu: Enabled xstate features 0x207, context size is 840 bytes, using 'compacted' format.
[    0.994884] Freeing SMP alternatives memory: 64K
[    0.995294] pid_max: default: 32768 minimum: 301
[    0.996108] Yama: becoming mindful.
[    0.996762] Mount-cache hash table entries: 4096 (order: 3, 32768 bytes, linear)
[    0.997309] Mountpoint-cache hash table entries: 4096 (order: 3, 32768 bytes, linear)
[    0.999544] Running RCU synchronous self tests
[    0.999723] Running RCU synchronous self tests
[    1.000470] smpboot: CPU0: Genuine Intel(R) 0000 @ (family: 0x6, model: 0xc6, stepping: 0x0)
[    1.002032] Performance Events: unsupported CPU family 6 model 198 no PMU driver, software events only.
[    1.002811] signal: max sigframe size: 3632
[    1.003306] rcu: Hierarchical SRCU implementation.
[    1.003684] rcu: 	Max phase no-delay instances is 1000.
[    1.003714] Timer migration: 1 hierarchy levels; 8 children per group; 1 crossnode level
[    1.022411] NMI watchdog: Perf NMI watchdog permanently disabled
[    1.023144] smp: Bringing up secondary CPUs ...
[    1.028240] smpboot: x86: Booting SMP configuration:
[    1.028643] .... node  #0, CPUs:      #1
[    1.028970] smp: Brought up 1 node, 2 CPUs
[    1.028970] smpboot: Total of 2 processors activated (5068.80 BogoMIPS)
[    1.032444] Memory: 1538728K/2096632K available (80898K kernel code, 15552K rwdata, 18808K rodata, 16388K init, 70040K bss, 546452K reserved, 0K cma-reserved)
[    1.034380] devtmpfs: initialized
[    1.036210] x86/mm: Memory block size: 128MB
[    1.048620] Running RCU synchronous self tests
[    1.049423] Running RCU synchronous self tests
[    1.051826] Running RCU Tasks wait API self tests
[    1.052148] Running RCU Tasks Rude wait API self tests
[    1.052167] Running RCU Tasks Trace wait API self tests
[    1.071807] clocksource: jiffies: mask: 0xffffffff max_cycles: 0xffffffff, max_idle_ns: 7645041785100000 ns
[    1.072730] posixtimers hash table entries: 1024 (order: 5, 73728 bytes, linear)
[    1.075819] futex hash table entries: 512 (65536 bytes on 1 NUMA nodes, total 64 KiB, linear).
[    1.078254] 
[    1.078386] *************************************************************
[    1.078877] **     NOTICE NOTICE NOTICE NOTICE NOTICE NOTICE NOTICE    **
[    1.079370] **                                                         **
[    1.079721] **  IOMMU DebugFS SUPPORT HAS BEEN ENABLED IN THIS KERNEL  **
[    1.080213] **                                                         **
[    1.080704] ** This means that this kernel is built to expose internal **
[    1.081194] ** IOMMU data structures, which may compromise security on **
[    1.081684] ** your system.                                            **
[    1.082177] **                                                         **
[    1.082670] ** If you see this message and you are not debugging the   **
[    1.083157] ** kernel, report this immediately to your vendor!         **
[    1.083648] **                                                         **
[    1.083719] **     NOTICE NOTICE NOTICE NOTICE NOTICE NOTICE NOTICE    **
[    1.084211] *************************************************************
[    1.084793] PM: RTC time: 19:31:24, date: 2025-12-04
[    1.089686] NET: Registered PF_NETLINK/PF_ROUTE protocol family
[    1.091574] DMA: preallocated 256 KiB GFP_KERNEL pool for atomic allocations
[    1.091749] DMA: preallocated 256 KiB GFP_KERNEL|GFP_DMA pool for atomic allocations
[    1.092317] DMA: preallocated 256 KiB GFP_KERNEL|GFP_DMA32 pool for atomic allocations
[    1.092975] audit: initializing netlink subsys (disabled)
[    1.093422] Callback from call_rcu_tasks_trace() invoked.
[    1.093422] audit: type=2000 audit(1764876684.935:1): state=initialized audit_enabled=0 res=1
[    1.093631] thermal_sys: Registered thermal governor 'fair_share'
[    1.093743] thermal_sys: Registered thermal governor 'bang_bang'
[    1.095734] thermal_sys: Registered thermal governor 'step_wise'
[    1.096173] thermal_sys: Registered thermal governor 'user_space'
[    1.096681] cpuidle: using governor ladder
[    1.096681] cpuidle: using governor menu
[    1.096681] acpiphp: ACPI Hot Plug PCI Controller Driver version: 0.5
[    1.100477] PCI: Using configuration type 1 for base access
[    1.101244] kprobes: kprobe jump-optimization is enabled. All kprobes are optimized if possible.
[    1.249810] HugeTLB: registered 1.00 GiB page size, pre-allocated 0 pages
[    1.249810] HugeTLB: 16380 KiB vmemmap can be freed for a 1.00 GiB page
[    1.249810] HugeTLB: registered 2.00 MiB page size, pre-allocated 0 pages
[    1.249810] HugeTLB: 28 KiB vmemmap can be freed for a 2.00 MiB page
[    1.257849] ACPI: Added _OSI(Module Device)
[    1.258213] ACPI: Added _OSI(Processor Device)
[    1.258536] ACPI: Added _OSI(Processor Aggregator Device)
[    1.272332] ACPI: 1 ACPI AML tables successfully acquired and loaded
[    1.289973] ACPI: Interpreter enabled
[    1.290403] ACPI: PM: (supports S0 S3 S4 S5)
[    1.290720] ACPI: Using IOAPIC for interrupt routing
[    1.291193] PCI: Using host bridge windows from ACPI; if necessary, use "pci=nocrs" and report a bug
[    1.291725] PCI: Using E820 reservations for host bridge windows
[    1.293264] ACPI: Enabled 2 GPEs in block 00 to 0F
[    1.329009] ACPI: PCI Root Bridge [PCI0] (domain 0000 [bus 00-ff])
[    1.329524] acpi PNP0A03:00: _OSC: OS supports [ASPM ClockPM Segments MSI EDR HPX-Type3]
[    1.330148] acpi PNP0A03:00: _OSC: not requesting OS control; OS requires [ExtendedConfig ASPM ClockPM MSI]
[    1.331011] acpi PNP0A03:00: fail to add MMCONFIG information, can't access extended configuration space under this bridge
[    1.335906] acpiphp: Slot [3] registered
[    1.336343] acpiphp: Slot [4] registered
[    1.336780] acpiphp: Slot [5] registered
[    1.337197] acpiphp: Slot [6] registered
[    1.337606] acpiphp: Slot [7] registered
[    1.338027] acpiphp: Slot [8] registered
[    1.338475] acpiphp: Slot [9] registered
[    1.338904] acpiphp: Slot [10] registered
[    1.339338] acpiphp: Slot [11] registered
[    1.339777] acpiphp: Slot [12] registered
[    1.340236] acpiphp: Slot [13] registered
[    1.340672] acpiphp: Slot [14] registered
[    1.341101] acpiphp: Slot [15] registered
[    1.341537] acpiphp: Slot [16] registered
[    1.341993] acpiphp: Slot [17] registered
[    1.342423] acpiphp: Slot [18] registered
[    1.342852] acpiphp: Slot [19] registered
[    1.343282] acpiphp: Slot [20] registered
[    1.343764] acpiphp: Slot [21] registered
[    1.344195] acpiphp: Slot [22] registered
[    1.344621] acpiphp: Slot [23] registered
[    1.345063] acpiphp: Slot [24] registered
[    1.345525] acpiphp: Slot [25] registered
[    1.345952] acpiphp: Slot [26] registered
[    1.346380] acpiphp: Slot [27] registered
[    1.346810] acpiphp: Slot [28] registered
[    1.347265] acpiphp: Slot [29] registered
[    1.347702] acpiphp: Slot [30] registered
[    1.347842] acpiphp: Slot [31] registered
[    1.348224] PCI host bridge to bus 0000:00
[    1.348599] pci_bus 0000:00: root bus resource [io  0x0000-0x0cf7 window]
[    1.349126] pci_bus 0000:00: root bus resource [io  0x0d00-0xffff window]
[    1.349649] pci_bus 0000:00: root bus resource [mem 0x000a0000-0x000bffff window]
[    1.350222] pci_bus 0000:00: root bus resource [mem 0x80000000-0xfebfffff window]
[    1.350793] pci_bus 0000:00: root bus resource [mem 0x100000000-0x17fffffff window]
[    1.351390] pci_bus 0000:00: root bus resource [bus 00-ff]
[    1.351846] pci 0000:00:00.0: [8086:1237] type 00 class 0x060000 conventional PCI endpoint
[    1.360742] pci 0000:00:01.0: [8086:7000] type 00 class 0x060100 conventional PCI endpoint
[    1.362667] pci 0000:00:01.1: [8086:7010] type 00 class 0x010180 conventional PCI endpoint
[    1.363750] pci 0000:00:01.1: BAR 4 [io  0xc040-0xc04f]
[    1.364180] pci 0000:00:01.1: BAR 0 [io  0x01f0-0x01f7]: legacy IDE quirk
[    1.364692] pci 0000:00:01.1: BAR 1 [io  0x03f6]: legacy IDE quirk
[    1.365163] pci 0000:00:01.1: BAR 2 [io  0x0170-0x0177]: legacy IDE quirk
[    1.365677] pci 0000:00:01.1: BAR 3 [io  0x0376]: legacy IDE quirk
[    1.366645] pci 0000:00:01.3: [8086:7113] type 00 class 0x068000 conventional PCI endpoint
[    1.367531] pci 0000:00:01.3: quirk: [io  0x0600-0x063f] claimed by PIIX4 ACPI
[    1.367732] pci 0000:00:01.3: quirk: [io  0x0700-0x070f] claimed by PIIX4 SMB
[    1.368782] pci 0000:00:02.0: [1234:1111] type 00 class 0x030000 conventional PCI endpoint
[    1.388543] pci 0000:00:02.0: BAR 0 [mem 0xfd000000-0xfdffffff pref]
[    1.389153] pci 0000:00:02.0: BAR 2 [mem 0xfebf0000-0xfebf0fff]
[    1.389626] pci 0000:00:02.0: ROM [mem 0xfebe0000-0xfebeffff pref]
[    1.390653] pci 0000:00:02.0: Video device with shadowed ROM at [mem 0x000c0000-0x000dffff]
[    1.401415] pci 0000:00:03.0: [8086:100e] type 00 class 0x020000 conventional PCI endpoint
[    1.403241] pci 0000:00:03.0: BAR 0 [mem 0xfebc0000-0xfebdffff]
[    1.403734] pci 0000:00:03.0: BAR 1 [io  0xc000-0xc03f]
[    1.404382] pci 0000:00:03.0: ROM [mem 0xfeb80000-0xfebbffff pref]
[    1.426106] ACPI: PCI: Interrupt link LNKA configured for IRQ 10
[    1.427654] ACPI: PCI: Interrupt link LNKB configured for IRQ 10
[    1.428586] ACPI: PCI: Interrupt link LNKC configured for IRQ 11
[    1.429955] ACPI: PCI: Interrupt link LNKD configured for IRQ 11
[    1.430801] ACPI: PCI: Interrupt link LNKS configured for IRQ 9
[    1.435714] iommu: Default domain type: Translated
[    1.435726] iommu: DMA domain TLB invalidation policy: lazy mode
[    1.444868] SCSI subsystem initialized
[    1.445981] ACPI: bus type USB registered
[    1.446644] usbcore: registered new interface driver usbfs
[    1.447214] usbcore: registered new interface driver hub
[    1.447761] usbcore: registered new device driver usb
[    1.448631] pps_core: LinuxPPS API ver. 1 registered
[    1.449030] pps_core: Software ver. 5.3.6 - Copyright 2005-2007 Rodolfo Giometti <giometti@linux.it>
[    1.449810] PTP clock support registered
[    1.452560] EDAC MC: Ver: 3.0.0
[    1.457455] NetLabel: Initializing
[    1.457743] NetLabel:  domain hash size = 128
[    1.458099] NetLabel:  protocols = UNLABELED CIPSOv4 CALIPSO
[    1.458759] NetLabel:  unlabeled traffic allowed by default
[    1.460115] PCI: Using ACPI for IRQ routing
[    1.460971] pci 0000:00:02.0: vgaarb: setting as boot VGA device
[    1.461457] pci 0000:00:02.0: vgaarb: bridge control possible
[    1.461923] pci 0000:00:02.0: vgaarb: VGA device added: decodes=io+mem,owns=io+mem,locks=none
[    1.462606] vgaarb: loaded
[    1.464009] hpet0: at MMIO 0xfed00000, IRQs 2, 8, 0
[    1.464434] hpet0: 3 comparators, 64-bit 100.000000 MHz counter
[    1.468093] clocksource: Switched to clocksource kvm-clock
[    3.936211] VFS: Disk quotas dquot_6.6.0
[    3.936996] VFS: Dquot-cache hash table entries: 512 (order 0, 4096 bytes)
[    3.940716] pnp: PnP ACPI init
[    3.944989] pnp: PnP ACPI: found 6 devices
[    3.996288] clocksource: acpi_pm: mask: 0xffffff max_cycles: 0xffffff, max_idle_ns: 2085701024 ns
[    3.997528] NET: Registered PF_INET protocol family
[    3.998313] IP idents hash table entries: 32768 (order: 6, 262144 bytes, linear)
[    4.000599] tcp_listen_portaddr_hash hash table entries: 1024 (order: 5, 73728 bytes, linear)
[    4.001327] Table-perturb hash table entries: 65536 (order: 6, 262144 bytes, linear)
[    4.002036] TCP established hash table entries: 16384 (order: 5, 131072 bytes, linear)
[    4.003296] TCP bind hash table entries: 16384 (order: 10, 2359296 bytes, linear)
[    4.006654] TCP: Hash tables configured (established 16384 bind 16384)
[    4.008350] UDP hash table entries: 1024 (order: 6, 262144 bytes, linear)
[    4.009088] UDP-Lite hash table entries: 1024 (order: 6, 262144 bytes, linear)
[    4.010259] NET: Registered PF_UNIX/PF_LOCAL protocol family
[    4.012819] RPC: Registered named UNIX socket transport module.
[    4.013318] RPC: Registered udp transport module.
[    4.013683] RPC: Registered tcp transport module.
[    4.014043] RPC: Registered tcp-with-tls transport module.
[    4.014485] RPC: Registered tcp NFSv4.1 backchannel transport module.
[    4.015024] pci_bus 0000:00: resource 4 [io  0x0000-0x0cf7 window]
[    4.015515] pci_bus 0000:00: resource 5 [io  0x0d00-0xffff window]
[    4.015988] pci_bus 0000:00: resource 6 [mem 0x000a0000-0x000bffff window]
[    4.016516] pci_bus 0000:00: resource 7 [mem 0x80000000-0xfebfffff window]
[    4.017052] pci_bus 0000:00: resource 8 [mem 0x100000000-0x17fffffff window]
[    4.017952] pci 0000:00:01.0: PIIX3: Enabling Passive Release
[    4.018436] pci 0000:00:00.0: Limiting direct PCI/PCI transfers
[    4.018981] PCI: CLS 0 bytes, default 64
[    4.019467] ACPI: bus type thunderbolt registered
[    4.020353] clocksource: tsc: mask: 0xffffffffffffffff max_cycles: 0x12441513526, max_idle_ns: 440795239872 ns
[    4.022631] Callback from call_rcu_tasks() invoked.
[    4.028880] Initialise system trusted keyrings
[    4.029424] Key type blacklist registered
[    4.030351] workingset: timestamp_bits=36 max_order=19 bucket_order=0
[    4.033324] squashfs: version 4.0 (2009/01/31) Phillip Lougher
[    4.036455] NFS: Registering the id_resolver key type
[    4.036879] Key type id_resolver registered
[    4.037209] Key type id_legacy registered
[    4.037581] nfs4filelayout_init: NFSv4 File Layout Driver Registering...
[    4.038148] nfs4flexfilelayout_init: NFSv4 Flexfile Layout Driver Registering...
[    4.039423] fuse: init (API version 7.45)
[    4.040796] SGI XFS with ACLs, security attributes, realtime, quota, no debug enabled
[    4.043307] 9p: Installing v9fs 9p2000 file system support
[    4.054910] Key type asymmetric registered
[    4.055288] Asymmetric key parser 'x509' registered
[    4.055923] Block layer SCSI generic (bsg) driver version 0.4 loaded (major 241)
[    4.057982] io scheduler mq-deadline registered
[    4.058545] io scheduler bfq registered
[    4.059821] ledtrig-cpu: registered to indicate activity on CPUs
[    4.062088] IPMI message handler: version 39.2
[    4.062558] ipmi device interface
[    4.065527] input: Power Button as /devices/LNXSYSTM:00/LNXPWRBN:00/input/input0
[    4.066987] ACPI: button: Power Button [PWRF]
[    4.069800] ERST DBG: ERST support is disabled.
[    4.072317] Serial: 8250/16550 driver, 32 ports, IRQ sharing enabled
[    4.074436] 00:04: ttyS0 at I/O 0x3f8 (irq = 4, base_baud = 115200) is a 16550A
[    4.113674] Linux agpgart interface v0.103
[    4.117971] ACPI: bus type drm_connector registered
[    4.147194] brd: module loaded
[    4.168438] loop: module loaded
[    4.183275] scsi host0: ata_piix
[    4.185450] scsi host1: ata_piix
[    4.186360] ata1: PATA max MWDMA2 cmd 0x1f0 ctl 0x3f6 bmdma 0xc040 irq 14 lpm-pol 0
[    4.186964] ata2: PATA max MWDMA2 cmd 0x170 ctl 0x376 bmdma 0xc048 irq 15 lpm-pol 0
[    4.190876] tun: Universal TUN/TAP device driver, 1.6
[    4.191844] e100: Intel(R) PRO/100 Network Driver
[    4.192211] e100: Copyright(c) 1999-2006 Intel Corporation
[    4.192820] e1000: Intel(R) PRO/1000 Network Driver
[    4.193203] e1000: Copyright (c) 1999-2006 Intel Corporation.
[    4.342692] ata1: found unknown device (class 0)
[    4.343642] ata2: found unknown device (class 0)
[    4.344301] ata1.00: ATA-7: QEMU HARDDISK, 2.5+, max UDMA/100
[    4.344751] ata1.00: 17196647 sectors, multi 16: LBA48 
[    4.345609] ata2.00: ATAPI: QEMU DVD-ROM, 2.5+, max UDMA/100
[    4.347771] scsi 0:0:0:0: Direct-Access     ATA      QEMU HARDDISK    2.5+ PQ: 0 ANSI: 5
[    4.350203] sd 0:0:0:0: Attached scsi generic sg0 type 0
[    4.351761] scsi 1:0:0:0: CD-ROM            QEMU     QEMU DVD-ROM     2.5+ PQ: 0 ANSI: 5
[    4.352795] sd 0:0:0:0: [sda] 17196647 512-byte logical blocks: (8.80 GB/8.20 GiB)
[    4.353556] sd 0:0:0:0: [sda] Write Protect is off
[    4.354154] sd 0:0:0:0: [sda] Write cache: enabled, read cache: enabled, doesn't support DPO or FUA
[    4.355269] sd 0:0:0:0: [sda] Preferred minimum I/O size 512 bytes
[    4.373805] scsi 1:0:0:0: Attached scsi generic sg1 type 5
[    4.374653] sd 0:0:0:0: [sda] Attached SCSI disk
[    4.844001] ACPI: \_SB_.LNKC: Enabled at IRQ 11
[    5.154484] e1000 0000:00:03.0 eth0: (PCI:33MHz:32-bit) 52:54:00:12:34:56
[    5.155082] e1000 0000:00:03.0 eth0: Intel(R) PRO/1000 Network Connection
[    5.155813] e1000e: Intel(R) PRO/1000 Network Driver
[    5.156194] e1000e: Copyright(c) 1999 - 2015 Intel Corporation.
[    5.156796] igb: Intel(R) Gigabit Ethernet Network Driver
[    5.157205] igb: Copyright (c) 2007-2014 Intel Corporation.
[    5.158004] PPP generic driver version 2.4.2
[    5.160905] VFIO - User Level meta-driver version: 0.3
[    5.163328] usbcore: registered new interface driver uas
[    5.164439] usbcore: registered new interface driver usb-storage
[    5.165959] i8042: PNP: PS/2 Controller [PNP0303:KBD,PNP0f13:MOU] at 0x60,0x64 irq 1,12
[    5.168965] serio: i8042 KBD port at 0x60,0x64 irq 1
[    5.169968] serio: i8042 AUX port at 0x60,0x64 irq 12
[    5.173255] mousedev: PS/2 mouse device common for all mice
[    5.177474] input: AT Translated Set 2 keyboard as /devices/platform/i8042/serio0/input/input1
[    5.178493] rtc_cmos 00:05: RTC can wake from S4
[    5.180788] input: VirtualPS/2 VMware VMMouse as /devices/platform/i8042/serio1/input/input4
[    5.182339] rtc_cmos 00:05: registered as rtc0
[    5.182763] rtc_cmos 00:05: setting system clock to 2025-12-04T19:31:28 UTC (1764876688)
[    5.183710] rtc_cmos 00:05: alarms up to one day, y3k, 242 bytes nvram, hpet irqs
[    5.184338] i2c_dev: i2c /dev entries driver
[    5.186105] input: VirtualPS/2 VMware VMMouse as /devices/platform/i8042/serio1/input/input3
[    5.186553] device-mapper: core: CONFIG_IMA_DISABLE_HTABLE is disabled. Duplicate IMA measurements will not be recorded in the IMA log.
[    5.187834] device-mapper: uevent: version 1.0.3
[    5.188942] device-mapper: ioctl: 4.50.0-ioctl (2025-04-28) initialised: dm-devel@lists.linux.dev
[    5.189646] intel_pstate: CPU model not supported
[    5.190296] sdhci: Secure Digital Host Controller Interface driver
[    5.190784] sdhci: Copyright(c) Pierre Ossman
[    5.191340] sdhci-pltfm: SDHCI platform and OF driver helper
[    5.192435] drop_monitor: Initializing network drop monitor service
[    5.193298] NET: Registered PF_INET6 protocol family
[    5.196404] Segment Routing with IPv6
[    5.196794] In-situ OAM (IOAM) with IPv6
[    5.197165] NET: Registered PF_PACKET protocol family
[    5.198318] 9pnet: Installing 9P2000 support
[    5.198870] Key type dns_resolver registered
[    5.201593] IPI shorthand broadcast: enabled
[    5.254765] sched_clock: Marking stable (5240008401, 14405084)->(5279372719, -24959234)
[    5.257109] registered taskstats version 1
[    5.258234] Loading compiled-in X.509 certificates
[    5.330549] Demotion targets for Node 0: null
[    5.332795] Key type .fscrypt registered
[    5.333124] Key type fscrypt-provisioning registered
[    5.338263] Key type encrypted registered
[    5.338671] ima: No TPM chip found, activating TPM-bypass!
[    5.339115] ima: Allocated hash algorithm: sha1
[    5.339543] ima: No architecture policies found
[    5.340094] evm: Initialising EVM extended attributes:
[    5.340489] evm: security.selinux
[    5.340744] evm: security.SMACK64
[    5.341001] evm: security.SMACK64EXEC
[    5.341285] evm: security.SMACK64TRANSMUTE
[    5.341598] evm: security.SMACK64MMAP
[    5.341879] evm: security.apparmor
[    5.342141] evm: security.ima
[    5.342373] evm: security.capability
[    5.342664] evm: HMAC attrs: 0x1
[    5.345465] PM:   Magic number: 5:830:545
[    5.345834] scsi_generic sg1: hash matches
[    5.346217] tty ttyS21: hash matches
[    5.346517] port serial8250:0.20: hash matches
[    5.347958] RAS: Correctable Errors collector initialized.
[    5.349181] clk: Disabling unused clocks
[    5.349523] PM: genpd: Disabling unused power domains
[    5.350693] check access for rdinit=/init failed: -2, ignoring
[    5.351043] md: Waiting for all devices to be available before autodetect
[    5.351384] md: If you don't use raid, use raid=noautodetect
[    5.351669] md: Autodetecting RAID arrays.
[    5.351899] md: autorun ...
[    5.352051] md: ... autorun DONE.
[    5.369911] EXT4-fs (sda): mounted filesystem 088740a9-c8b4-422c-999d-a804eb68a4da ro with ordered data mode. Quota mode: none.
[    5.370743] VFS: Mounted root (ext4 filesystem) readonly on device 8:0.
[    5.374756] devtmpfs: mounted
[    5.393175] Freeing unused decrypted memory: 2036K
[    5.406542] Freeing unused kernel image (initmem) memory: 16388K
[    5.407112] Write protecting the kernel read-only data: 102400k
[    5.410218] Freeing unused kernel image (text/rodata gap) memory: 1020K
[    5.412650] Freeing unused kernel image (rodata/data gap) memory: 1672K
[    5.478972] x86/mm: Checked W+X mappings: passed, no W+X pages found.
[    5.479335] Run /sbin/init as init process
[    5.727982] systemd[1]: systemd 252-15.el9 running in system mode (+PAM +AUDIT +SELINUX -APPARMOR +IMA +SMACK +SECCOMP +GCRYPT +GNUTLS +OPENSSL +ACL +BLKID +CURL +ELFUTILS -FIDO2 +IDN2 -IDN -IPTC +KMOD +LIBCRYPTSETUP +LIBFDISK +PCRE2 -PWQUALITY +P11KIT -QRENCODE +TPM2 +BZIP2 +LZ4 +XZ +ZLIB +ZSTD -BPF_FRAMEWORK +XKBCOMMON +UTMP +SYSVINIT default-hierarchy=unified)
[    5.729477] systemd[1]: Detected virtualization kvm.
[    5.729734] systemd[1]: Detected architecture x86-64.

Welcome to [0;31mCentOS Stream 9[0m!

[    5.736896] systemd[1]: Hostname set to <test>.
[    5.956501] systemd-rc-local-generator[117]: /etc/rc.d/rc.local is not marked executable, skipping.
[    6.338909] systemd[1]: Queued start job for default target Multi-User System.
[    6.361765] systemd[1]: Created slice Virtual Machine and Container Slice.
[[0;32m  OK  [0m] Created slice [0;1;39mVirtual Machine and Container Slice[0m.
[    6.368794] systemd[1]: Created slice Slice /system/getty.
[[0;32m  OK  [0m] Created slice [0;1;39mSlice /system/getty[0m.
[    6.373317] systemd[1]: Created slice Slice /system/modprobe.
[[0;32m  OK  [0m] Created slice [0;1;39mSlice /system/modprobe[0m.
[    6.377614] systemd[1]: Created slice Slice /system/serial-getty.
[[0;32m  OK  [0m] Created slice [0;1;39mSlice /system/serial-getty[0m.
[    6.382233] systemd[1]: Created slice Slice /system/sshd-keygen.
[[0;32m  OK  [0m] Created slice [0;1;39mSlice /system/sshd-keygen[0m.
[    6.386330] systemd[1]: Created slice User and Session Slice.
[[0;32m  OK  [0m] Created slice [0;1;39mUser and Session Slice[0m.
[    6.388565] systemd[1]: Started Forward Password Requests to Wall Directory Watch.
[[0;32m  OK  [0m] Started [0;1;39mForward Password R…uests to Wall Directory Watch[0m.
[    6.391893] systemd[1]: Set up automount Arbitrary Executable File Formats File System Automount Point.
[[0;32m  OK  [0m] Set up automount [0;1;39mArbitrary…s File System Automount Point[0m.
[    6.395272] systemd[1]: Reached target Local Integrity Protected Volumes.
[[0;32m  OK  [0m] Reached target [0;1;39mLocal Integrity Protected Volumes[0m.
[    6.396928] systemd[1]: Reached target Slice Units.
[[0;32m  OK  [0m] Reached target [0;1;39mSlice Units[0m.
[    6.398299] systemd[1]: Reached target Swaps.
[[0;32m  OK  [0m] Reached target [0;1;39mSwaps[0m.
[    6.399674] systemd[1]: Reached target Local Verity Protected Volumes.
[[0;32m  OK  [0m] Reached target [0;1;39mLocal Verity Protected Volumes[0m.
[    6.401852] systemd[1]: Listening on Device-mapper event daemon FIFOs.
[[0;32m  OK  [0m] Listening on [0;1;39mDevice-mapper event daemon FIFOs[0m.
[    6.404539] systemd[1]: Listening on LVM2 poll daemon socket.
[[0;32m  OK  [0m] Listening on [0;1;39mLVM2 poll daemon socket[0m.
[    6.406279] systemd[1]: multipathd control socket was skipped because of an unmet condition check (ConditionPathExists=/etc/multipath.conf).
[    6.450532] systemd[1]: Listening on RPCbind Server Activation Socket.
[[0;32m  OK  [0m] Listening on [0;1;39mRPCbind Server Activation Socket[0m.
[    6.451928] systemd[1]: Reached target RPC Port Mapper.
[[0;32m  OK  [0m] Reached target [0;1;39mRPC Port Mapper[0m.
[    6.455406] systemd[1]: Listening on Process Core Dump Socket.
[[0;32m  OK  [0m] Listening on [0;1;39mProcess Core Dump Socket[0m.
[    6.457012] systemd[1]: Listening on initctl Compatibility Named Pipe.
[[0;32m  OK  [0m] Listening on [0;1;39minitctl Compatibility Named Pipe[0m.
[    6.458940] systemd[1]: Listening on Journal Socket (/dev/log).
[[0;32m  OK  [0m] Listening on [0;1;39mJournal Socket (/dev/log)[0m.
[    6.460698] systemd[1]: Listening on Journal Socket.
[[0;32m  OK  [0m] Listening on [0;1;39mJournal Socket[0m.
[    6.462541] systemd[1]: Listening on udev Control Socket.
[[0;32m  OK  [0m] Listening on [0;1;39mudev Control Socket[0m.
[    6.463879] systemd[1]: Listening on udev Kernel Socket.
[[0;32m  OK  [0m] Listening on [0;1;39mudev Kernel Socket[0m.
[    6.469550] systemd[1]: Mounting Huge Pages File System...
         Mounting [0;1;39mHuge Pages File System[0m...
[    6.475641] systemd[1]: Mounting POSIX Message Queue File System...
         Mounting [0;1;39mPOSIX Message Queue File System[0m...
[    6.486652] systemd[1]: Mounting Kernel Debug File System...
         Mounting [0;1;39mKernel Debug File System[0m...
[    6.495484] systemd[1]: Mounting Kernel Trace File System...
         Mounting [0;1;39mKernel Trace File System[0m...
[    6.497573] systemd[1]: Kernel Module supporting RPCSEC_GSS was skipped because of an unmet condition check (ConditionPathExists=/etc/krb5.keytab).
[    6.498390] systemd[1]: Create List of Static Device Nodes was skipped because of an unmet condition check (ConditionFileNotEmpty=/lib/modules/6.18.0-next-20251203-b2c27842ba85-77c475692c5e-r-dirty/modules.devname).
[    6.505477] systemd[1]: Starting Monitoring of LVM2 mirrors, snapshots etc. using dmeventd or progress polling...
         Starting [0;1;39mMonitoring of LVM…meventd or progress polling[0m...
[    6.514513] systemd[1]: Starting Load Kernel Module configfs...
         Starting [0;1;39mLoad Kernel Module configfs[0m...
[    6.522810] systemd[1]: Starting Load Kernel Module drm...
         Starting [0;1;39mLoad Kernel Module drm[0m...
[    6.533427] systemd[1]: Starting Load Kernel Module fuse...
         Starting [0;1;39mLoad Kernel Module fuse[0m...
[    6.547465] systemd[1]: Starting Read and set NIS domainname from /etc/sysconfig/network...
         Starting [0;1;39mRead and set NIS …from /etc/sysconfig/network[0m...
[    6.578933] systemd[1]: Starting Journal Service...
         Starting [0;1;39mJournal Service[0m...
[    6.592808] systemd[1]: Starting Load Kernel Modules...
         Starting [0;1;39mLoad Kernel Modules[0m...
[    6.604988] systemd[1]: Starting Generate network units from Kernel command line...
         Starting [0;1;39mGenerate network …ts from Kernel command line[0m...
[    6.627229] systemd[1]: Starting Remount Root and Kernel File Systems...
         Starting [0;1;39mRemount Root and Kernel File Systems[0m...
[    6.628608] systemd[1]: Repartition Root Disk was skipped because no trigger condition checks were met.
[    6.651376] systemd[1]: Starting Coldplug All udev Devices...
         Starting [0;1;39mColdplug All udev Devices[0m...
[    6.669092] systemd[1]: Mounted Huge Pages File System.
[[0;32m  OK  [0m] Mounted [0;1;39mHuge Pages File System[0m.
[    6.675176] systemd[1]: Mounted POSIX Message Queue File System.
[[0;32m  OK  [0m] Mounted [0;1;39mPOSIX Message Queue File System[0m.
[    6.676504] systemd[1]: Mounted Kernel Debug File System.
[[0;32m  OK  [0m] Mounted [0;1;39mKernel Debug File System[0m.
[    6.678165] systemd[1]: Mounted Kernel Trace File System.
[[0;32m  OK  [0m] Mounted [0;1;39mKernel Trace File System[0m.
[    6.686006] systemd[1]: Finished Monitoring of LVM2 mirrors, snapshots etc. using dmeventd or progress polling.
[[0;32m  OK  [0m] Finished [0;1;39mMonitoring of LVM… dmeventd or progress polling[0m.
[    6.732596] systemd[1]: modprobe@configfs.service: Deactivated successfully.
[    6.738730] EXT4-fs (sda): re-mounted 088740a9-c8b4-422c-999d-a804eb68a4da r/w.
[    6.738822] systemd[1]: Finished Load Kernel Module configfs.
[[0;32m  OK  [0m] Finished [0;1;39mLoad Kernel Module configfs[0m.
[    6.745948] systemd[1]: modprobe@drm.service: Deactivated successfully.
[    6.751470] systemd[1]: Finished Load Kernel Module drm.
[[0;32m  OK  [0m] Finished [0;1;39mLoad Kernel Module drm[0m.
[    6.753920] systemd[1]: modprobe@fuse.service: Deactivated successfully.
[    6.759735] systemd[1]: Finished Load Kernel Module fuse.
[[0;32m  OK  [0m] Finished [0;1;39mLoad Kernel Module fuse[0m.
[    6.761996] systemd[1]: Finished Read and set NIS domainname from /etc/sysconfig/network.
[[0;32m  OK  [0m] Finished [0;1;39mRead and set NIS …e from /etc/sysconfig/network[0m.
[    6.767890] systemd[1]: systemd-modules-load.service: Main process exited, code=exited, status=1/FAILURE
[    6.769086] systemd[1]: systemd-modules-load.service: Failed with result 'exit-code'.
[    6.774798] systemd[1]: Failed to start Load Kernel Modules.
[[0;1;31mFAILED[0m] Failed to start [0;1;39mLoad Kernel Modules[0m.
See 'systemctl status systemd-modules-load.service' for details.
[    6.783757] systemd[1]: Finished Generate network units from Kernel command line.
[[0;32m  OK  [0m] Finished [0;1;39mGenerate network units from Kernel command line[0m.
[    6.785273] systemd[1]: Started Journal Service.
[[0;32m  OK  [0m] Started [0;1;39mJournal Service[0m.
[[0;32m  OK  [0m] Finished [0;1;39mRemount Root and Kernel File Systems[0m.
[[0;32m  OK  [0m] Reached target [0;1;39mPreparation for Network[0m.
         Mounting [0;1;39mFUSE Control File System[0m...
         Mounting [0;1;39mKernel Configuration File System[0m...
         Starting [0;1;39mFlush Journal to Persistent Storage[0m...
         Starting [0;1;39mLoad/Save Random Seed[0m...
[    6.871804] systemd-journald[144]: Received client request to flush runtime journal.
         Starting [0;1;39mApply Kernel Variables[0m...
         Starting [0;1;39mCreate Static Device Nodes in /dev[0m...
         Starting [0;1;39mSetup Virtual Console[0m...
[[0;32m  OK  [0m] Mounted [0;1;39mFUSE Control File System[0m.
[[0;32m  OK  [0m] Mounted [0;1;39mKernel Configuration File System[0m.
[[0;32m  OK  [0m] Finished [0;1;39mFlush Journal to Persistent Storage[0m.
[[0;32m  OK  [0m] Finished [0;1;39mLoad/Save Random Seed[0m.
[[0;32m  OK  [0m] Finished [0;1;39mApply Kernel Variables[0m.
[[0;32m  OK  [0m] Finished [0;1;39mCreate Static Device Nodes in /dev[0m.
         Starting [0;1;39mRule-based Manage…for Device Events and Files[0m...
[[0;32m  OK  [0m] Finished [0;1;39mColdplug All udev Devices[0m.
         Starting [0;1;39mWait for udev To …plete Device Initialization[0m...
[[0;32m  OK  [0m] Started [0;1;39mRule-based Manager for Device Events and Files[0m.
[[0;32m  OK  [0m] Finished [0;1;39mSetup Virtual Console[0m.
         Starting [0;1;39mAuto-connect to s…E devices found during boot[0m...
[[0;32m  OK  [0m] Started [0;1;39mDispatch Password …ts to Console Directory Watch[0m.
[[0;32m  OK  [0m] Reached target [0;1;39mLocal Encrypted Volumes[0m.
[[0;32m  OK  [0m] Reached target [0;1;39mPath Units[0m.
[[0;32m  OK  [0m] Finished [0;1;39mAuto-connect to s…VME devices found during boot[0m.
[[0;32m  OK  [0m] Found device [0;1;39m/dev/ttyS0[0m.
[[0;32m  OK  [0m] Listening on [0;1;39mLoad/Save RF …itch Status /dev/rfkill Watch[0m.
[[0;32m  OK  [0m] Finished [0;1;39mWait for udev To Complete Device Initialization[0m.
[[0;32m  OK  [0m] Reached target [0;1;39mPreparation for Local File Systems[0m.
[[0;32m  OK  [0m] Reached target [0;1;39mLocal File Systems[0m.
         Starting [0;1;39mTell Plymouth To Write Out Runtime Data[0m...
         Starting [0;1;39mAutomatic Boot Loader Update[0m...
         Starting [0;1;39mCreate Volatile Files and Directories[0m...
[[0;32m  OK  [0m] Finished [0;1;39mTell Plymouth To Write Out Runtime Data[0m.
[[0;32m  OK  [0m] Finished [0;1;39mAutomatic Boot Loader Update[0m.
[[0;32m  OK  [0m] Finished [0;1;39mCreate Volatile Files and Directories[0m.
         Mounting [0;1;39mRPC Pipe File System[0m...
         Starting [0;1;39mSecurity Auditing Service[0m...
         Starting [0;1;39mRPC Bind[0m...
[[0;32m  OK  [0m] Mounted [0;1;39mRPC Pipe File System[0m.
[[0;32m  OK  [0m] Reached target [0;1;39mrpc_pipefs.target[0m.
[[0;32m  OK  [0m] Started [0;1;39mRPC Bind[0m.
[[0;32m  OK  [0m] Started [0;1;39mSecurity Auditing Service[0m.
         Starting [0;1;39mRecord System Boot/Shutdown in UTMP[0m...
[[0;32m  OK  [0m] Finished [0;1;39mRecord System Boot/Shutdown in UTMP[0m.
[[0;32m  OK  [0m] Reached target [0;1;39mSystem Initialization[0m.
[[0;32m  OK  [0m] Started [0;1;39mDaily rotation of log files[0m.
[[0;32m  OK  [0m] Started [0;1;39mUpdates mlocate database every day[0m.
[[0;32m  OK  [0m] Started [0;1;39mDaily Cleanup of Temporary Directories[0m.
[[0;32m  OK  [0m] Started [0;1;39mdaily update of the root trust anchor for DNSSEC[0m.
[[0;32m  OK  [0m] Reached target [0;1;39mTimer Units[0m.
[[0;32m  OK  [0m] Listening on [0;1;39mD-Bus System Message Bus Socket[0m.
[[0;32m  OK  [0m] Listening on [0;1;39mOpen-iSCSI iscsid Socket[0m.
[[0;32m  OK  [0m] Listening on [0;1;39mOpen-iSCSI iscsiuio Socket[0m.
[[0;32m  OK  [0m] Listening on [0;1;39mSSSD Kerberos…ache Manager responder socket[0m.
[[0;32m  OK  [0m] Listening on [0;1;39mLibvirt interface local socket[0m.
[[0;32m  OK  [0m] Listening on [0;1;39mVirtual machine lock manager socket[0m.
[[0;32m  OK  [0m] Listening on [0;1;39mVirtual machine log manager socket[0m.
[[0;32m  OK  [0m] Listening on [0;1;39mLibvirt network local socket[0m.
[[0;32m  OK  [0m] Listening on [0;1;39mLibvirt nodedev local socket[0m.
[[0;32m  OK  [0m] Listening on [0;1;39mLibvirt nwfilter local socket[0m.
[[0;32m  OK  [0m] Listening on [0;1;39mLibvirt proxy local socket[0m.
[[0;32m  OK  [0m] Listening on [0;1;39mLibvirt qemu local socket[0m.
[[0;32m  OK  [0m] Listening on [0;1;39mLibvirt qemu admin socket[0m.
[[0;32m  OK  [0m] Listening on [0;1;39mLibvirt qemu local read-only socket[0m.
[[0;32m  OK  [0m] Listening on [0;1;39mLibvirt secret local socket[0m.
[[0;32m  OK  [0m] Listening on [0;1;39mLibvirt storage local socket[0m.
[[0;32m  OK  [0m] Reached target [0;1;39mSocket Units[0m.
         Starting [0;1;39mD-Bus System Message Bus[0m...
[[0;32m  OK  [0m] Started [0;1;39mD-Bus System Message Bus[0m.
[[0;32m  OK  [0m] Reached target [0;1;39mBasic System[0m.
         Starting [0;1;39mNetwork Manager[0m...
         Starting [0;1;39mNTP client/server[0m...
         Starting [0;1;39mRestore /run/initramfs on shutdown[0m...
[[0;32m  OK  [0m] Started [0;1;39mirqbalance daemon[0m.
[[0;32m  OK  [0m] Started [0;1;39mlibstoragemgmt plug-in server daemon[0m.
[[0;32m  OK  [0m] Started [0;1;39mMachine Check Exception Logging Daemon[0m.
[[0;32m  OK  [0m] Reached target [0;1;39msshd-keygen.target[0m.
[[0;32m  OK  [0m] Reached target [0;1;39mUser and Group Name Lookups[0m.
         Starting [0;1;39mUser Login Management[0m...
         Starting [0;1;39mVirtual Machine a…tainer Registration Service[0m...
         Starting [0;1;39mupdate of the roo…NSSEC validation in unbound[0m...
         Starting [0;1;39mRotate log files[0m...
[[0;32m  OK  [0m] Started [0;1;39mUpdate a database for mlocate[0m.
[[0;32m  OK  [0m] Finished [0;1;39mRestore /run/initramfs on shutdown[0m.
[[0;32m  OK  [0m] Started [0;1;39mVirtual Machine an…ontainer Registration Service[0m.
[[0;32m  OK  [0m] Started [0;1;39mNTP client/server[0m.
         Starting [0;1;39mHostname Service[0m...
[[0;32m  OK  [0m] Finished [0;1;39mupdate of the roo… DNSSEC validation in unbound[0m.
[[0;32m  OK  [0m] Started [0;1;39mUser Login Management[0m.
[[0;32m  OK  [0m] Started [0;1;39mHostname Service[0m.
         Starting [0;1;39mNetwork Manager Script Dispatcher Service[0m...
[[0;32m  OK  [0m] Started [0;1;39mNetwork Manager Script Dispatcher Service[0m.
[[0;32m  OK  [0m] Finished [0;1;39mRotate log files[0m.
[   10.539722] e1000: eth0 NIC Link is Up 1000 Mbps Full Duplex, Flow Control: RX
[[0;32m  OK  [0m] Started [0;1;39mNetwork Manager[0m.
[[0;32m  OK  [0m] Reached target [0;1;39mNetwork[0m.
[[0;32m  OK  [0m] Reached target [0;1;39mNetwork is Online[0m.
         Starting [0;1;39mGSSAPI Proxy Daemon[0m...
         Starting [0;1;39mNotify NFS peers of a restart[0m...
         Starting [0;1;39mSystem Logging Service[0m...
         Starting [0;1;39mOpenSSH server daemon[0m...
         Starting [0;1;39mDynamic System Tuning Daemon[0m...
[[0;32m  OK  [0m] Started [0;1;39mNotify NFS peers of a restart[0m.
[[0;32m  OK  [0m] Started [0;1;39mGSSAPI Proxy Daemon[0m.
[[0;32m  OK  [0m] Reached target [0;1;39mNFS client services[0m.
[[0;32m  OK  [0m] Reached target [0;1;39mPreparation for Remote File Systems[0m.
[[0;32m  OK  [0m] Reached target [0;1;39mRemote File Systems[0m.
         Starting [0;1;39mPermit User Sessions[0m...
         Starting [0;1;39mVirtualization qemu daemon[0m...
[[0;32m  OK  [0m] Started [0;1;39mOpenSSH server daemon[0m.
[[0;32m  OK  [0m] Finished [0;1;39mPermit User Sessions[0m.
[[0;32m  OK  [0m] Started [0;1;39mDeferred execution scheduler[0m.
[[0;32m  OK  [0m] Started [0;1;39mCommand Scheduler[0m.
         Starting [0;1;39mHold until boot process finishes up[0m...
         Starting [0;1;39mTerminate Plymouth Boot Screen[0m...
[[0;32m  OK  [0m] Started [0;1;39mSystem Logging Service[0m.
[[0;32m  OK  [0m] Started [0;1;39mVirtualization qemu daemon[0m.
[[0;32m  OK  [0m] Finished [0;1;39mHold until boot process finishes up[0m.
[[0;32m  OK  [0m] Started [0;1;39mGetty on tty1[0m.
[[0;32m  OK  [0m] Started [0;1;39mSerial Getty on ttyS0[0m.
[[0;32m  OK  [0m] Reached target [0;1;39mLogin Prompts[0m.
[[0;32m  OK  [0m] Finished [0;1;39mTerminate Plymouth Boot Screen[0m.
         Starting [0;1;39mAuthorization Manager[0m...
[[0;32m  OK  [0m] Started [0;1;39mAuthorization Manager[0m.
[[0;32m  OK  [0m] Started [0;1;39mDynamic System Tuning Daemon[0m.
[[0;32m  OK  [0m] Reached target [0;1;39mMulti-User System[0m.
         Starting [0;1;39mRecord Runlevel Change in UTMP[0m...
[[0;32m  OK  [0m] Finished [0;1;39mRecord Runlevel Change in UTMP[0m.

CentOS Stream 9
Kernel 6.18.0-next-20251203-b2c27842ba85-77c475692c5e-r-dirty on an x86_64

Activate the web console with: systemctl enable --now cockpit.socket

test login: [   19.832176] loop7: detected capacity change from 0 to 32768
[   19.907667] XFS (loop7): Mounting V5 Filesystem bfdc47fc-10d8-4eed-a562-11a831b3f791
[   19.913904] loop3: detected capacity change from 0 to 32768
[   19.929207] loop1: detected capacity change from 0 to 32768
[   19.932538] loop6: detected capacity change from 0 to 32768
[   19.933543] loop5: detected capacity change from 0 to 32768
[   19.934130] loop4: detected capacity change from 0 to 32768
[   19.935254] XFS (loop3): Mounting V5 Filesystem bfdc47fc-10d8-4eed-a562-11a831b3f791
[   19.966691] XFS (loop7): Ending clean mount
[   19.976729] XFS (loop1): Mounting V5 Filesystem bfdc47fc-10d8-4eed-a562-11a831b3f791
[   19.983719] XFS (loop7): Quotacheck needed: Please wait.
[   19.990814] XFS (loop3): Ending clean mount
[   19.999566] XFS (loop5): Mounting V5 Filesystem bfdc47fc-10d8-4eed-a562-11a831b3f791
[   20.000187] XFS (loop6): Mounting V5 Filesystem bfdc47fc-10d8-4eed-a562-11a831b3f791
[   20.003219] XFS (loop3): Quotacheck needed: Please wait.
[   20.012826] XFS (loop4): Mounting V5 Filesystem bfdc47fc-10d8-4eed-a562-11a831b3f791
[   20.020943] XFS (loop7): Quotacheck: Done.
[   20.027081] XFS (loop3): Quotacheck: Done.
[   20.034121] loop0: detected capacity change from 0 to 32768
[   20.042118] XFS (loop1): Ending clean mount
[   20.048152] XFS (loop1): Quotacheck needed: Please wait.
[   20.059523] XFS (loop0): Mounting V5 Filesystem bfdc47fc-10d8-4eed-a562-11a831b3f791
[   20.061020] XFS (loop6): Ending clean mount
[   20.061900] XFS (loop6): Quotacheck needed: Please wait.
[   20.072609] XFS (loop4): Ending clean mount
[   20.112270] XFS (loop1): Quotacheck: Done.
[   20.145661] XFS (loop4): Quotacheck needed: Please wait.
[   20.147764] XFS (loop5): Ending clean mount
[   20.151872] XFS (loop6): Quotacheck: Done.
[   20.155783] XFS (loop5): Quotacheck needed: Please wait.
[   20.191105] XFS (loop0): Ending clean mount
[   20.194578] XFS (loop0): Quotacheck needed: Please wait.
[   20.195921] XFS (loop4): Quotacheck: Done.
[   20.196495] XFS (loop5): Quotacheck: Done.
[   20.202683] XFS (loop0): Quotacheck: Done.
[   21.026792] repro: page allocation failure: order:0, mode:0x10cc0(GFP_KERNEL|__GFP_NORETRY), nodemask=(null),cpuset=/,mems_allowed=0
[   21.027572] CPU: 0 UID: 0 PID: 728 Comm: repro Not tainted 6.18.0-next-20251203-b2c27842ba85-77c475692c5e-r-dirty #1 PREEMPT(voluntary) 
[   21.027584] Hardware name: QEMU Standard PC (i440FX + PIIX, 1996), BIOS rel-1.16.0-0-gd239552ce722-prebuilt.qemu.org 04/01/2014
[   21.027593] Call Trace:
[   21.027601]  <TASK>
[   21.027605]  dump_stack_lvl+0x121/0x150
[   21.027656]  dump_stack+0x19/0x20
[   21.027663]  warn_alloc+0x216/0x360
[   21.027691]  ? __pfx_warn_alloc+0x10/0x10
[   21.027709]  ? __pfx___alloc_pages_direct_compact+0x10/0x10
[   21.027720]  ? __drain_all_pages+0x27d/0x480
[   21.027735]  __alloc_pages_slowpath.constprop.0+0x1340/0x2230
[   21.027759]  ? __pfx___alloc_pages_slowpath.constprop.0+0x10/0x10
[   21.027775]  ? __might_sleep+0x108/0x160
[   21.027804]  __alloc_frozen_pages_noprof+0x47f/0x550
[   21.027818]  ? __pfx___alloc_frozen_pages_noprof+0x10/0x10
[   21.027829]  ? sysvec_apic_timer_interrupt+0x6a/0xd0
[   21.027850]  ? asm_sysvec_apic_timer_interrupt+0x1f/0x30
[   21.027874]  ? policy_nodemask+0xf9/0x450
[   21.027896]  alloc_pages_mpol+0x236/0x4c0
[   21.027915]  ? __pfx_alloc_pages_mpol+0x10/0x10
[   21.027931]  ? sysvec_reschedule_ipi+0xf2/0x100
[   21.027950]  alloc_frozen_pages_noprof+0xa9/0x180
[   21.027963]  alloc_pages_noprof+0x27/0xa0
[   21.027972]  kimage_alloc_pages+0x78/0x240
[   21.028003]  kimage_alloc_control_pages+0x1ca/0xa60
[   21.028020]  ? __pfx_kimage_alloc_control_pages+0x10/0x10
[   21.028029]  ? __sanitizer_cov_trace_cmp8+0x1c/0x30
[   21.028058]  do_kexec_load+0x39b/0x8c0
[   21.028066]  ? __might_fault+0xf1/0x1b0
[   21.028085]  ? __pfx_do_kexec_load+0x10/0x10
[   21.028095]  ? __sanitizer_cov_trace_const_cmp8+0x1c/0x30
[   21.028108]  ? _copy_from_user+0x75/0xa0
[   21.028134]  __x64_sys_kexec_load+0x1cc/0x240
[   21.028147]  x64_sys_call+0x1c90/0x21b0
[   21.028159]  do_syscall_64+0x6d/0x1180
[   21.028169]  entry_SYSCALL_64_after_hwframe+0x76/0x7e
[   21.028181] RIP: 0033:0x7f183643ee5d
[   21.028195] Code: ff c3 66 2e 0f 1f 84 00 00 00 00 00 90 f3 0f 1e fa 48 89 f8 48 89 f7 48 89 d6 48 89 ca 4d 89 c2 4d 89 c8 4c 8b 4c 24 08 0f 05 <48> 3d 01 f0 ff ff 73 01 c3 48 8b 0d 93 af 1b 00 f7 d8 64 89 01 48
[   21.028203] RSP: 002b:00007ffd6799b388 EFLAGS: 00000207 ORIG_RAX: 00000000000000f6
[   21.028216] RAX: ffffffffffffffda RBX: 0000000000000000 RCX: 00007f183643ee5d
[   21.028222] RDX: 0000200000000180 RSI: 0000000000000003 RDI: 0000000000000000
[   21.028227] RBP: 00007ffd6799b3a0 R08: 00007ffd6799ae10 R09: 00007ffd6799b3a0
[   21.028232] R10: 0000000000000000 R11: 0000000000000207 R12: 00007ffd6799b4f8
[   21.028237] R13: 00000000004030f5 R14: 000000000040ee08 R15: 00007f1836834000
[   21.028259]  </TASK>
[   21.028274] Mem-Info:
[   21.041657] active_anon:4561 inactive_anon:52937 isolated_anon:0
[   21.041657]  active_file:24253 inactive_file:34 isolated_file:32
[   21.041657]  unevictable:0 dirty:1 writeback:1
[   21.041657]  slab_reclaimable:14832 slab_unreclaimable:15819
[   21.041657]  mapped:11329 shmem:39227 pagetables:1157
[   21.041657]  sec_pagetables:0 bounce:0
[   21.041657]  kernel_misc_reclaimable:0
[   21.041657]  free:16929 free_pcp:0 free_cma:0
[   21.043687] Node 0 active_anon:18244kB inactive_anon:211748kB active_file:97012kB inactive_file:180kB unevictable:0kB isolated(anon):0kB isolated(file):0kB mapped:45232kB dirty:4kB writeback:4kB shmem:156908kB shmem_thp:0kB shmem_pmdmapped:0kB anon_thp:0kB kernel_stack:8032kB pagetables:4628kB sec_pagetables:0kB all_unreclaimable? no Balloon:0kB
[   21.045268] Node 0 DMA free:6492kB boost:0kB min:444kB low:552kB high:660kB reserved_highatomic:0KB free_highatomic:0KB active_anon:0kB inactive_anon:788kB active_file:0kB inactive_file:0kB unevictable:0kB writepending:0kB zspages:0kB present:15992kB managed:15360kB mlocked:0kB bounce:0kB free_pcp:0kB local_pcp:0kB free_cma:0kB
[   21.047181] lowmem_reserve[]: 0 1519 1519 1519 1519
[   21.047458] Node 0 DMA32 free:61056kB boost:0kB min:44608kB low:55760kB high:66912kB reserved_highatomic:0KB free_highatomic:0KB active_anon:18244kB inactive_anon:210932kB active_file:96924kB inactive_file:164kB unevictable:0kB writepending:8kB zspages:0kB present:2080640kB managed:1555936kB mlocked:0kB bounce:0kB free_pcp:404kB local_pcp:0kB free_cma:0kB
[   21.049071] lowmem_reserve[]: 0 0 0 0 0
[   21.049309] Node 0 DMA: 2*4kB (UM) 0*8kB 0*16kB 1*32kB (U) 1*64kB (M) 2*128kB (UM) 0*256kB 0*512kB 2*1024kB (UM) 0*2048kB 1*4096kB (M) = 6504kB
[   21.050052] Node 0 DMA32: 316*4kB (UME) 64*8kB (UME) 45*16kB (UME) 329*32kB (UME) 196*64kB (UME) 111*128kB (ME) 55*256kB (ME) 14*512kB (ME) 0*1024kB 0*2048kB 0*4096kB = 61024kB
[   21.050977] Node 0 hugepages_total=0 hugepages_free=0 hugepages_surp=0 hugepages_size=1048576kB
[   21.051447] Node 0 hugepages_total=0 hugepages_free=0 hugepages_surp=0 hugepages_size=2048kB
[   21.051900] 63528 total pagecache pages
[   21.052120] 0 pages in swap cache
[   21.052311] Free swap  = 0kB
[   21.052480] Total swap = 0kB
[   21.052652] 524158 pages RAM
[   21.052825] 0 pages HighMem/MovableOnly
[   21.053039] 131334 pages reserved
[   21.053230] 0 pages cma reserved
[   21.053414] 0 pages hwpoisoned
[   21.053593] Memory cgroup min protection 0kB -- low protection 0kB
[   21.123853] kexec: Could not allocate control_code_buffer
[   21.199798] loop2: detected capacity change from 0 to 32768
[   21.273232] XFS (loop2): Mounting V5 Filesystem bfdc47fc-10d8-4eed-a562-11a831b3f791
[   21.371125] XFS (loop2): Ending clean mount
[   21.372012] XFS (loop2): Quotacheck needed: Please wait.
[   21.419518] XFS (loop2): Quotacheck: Done.
[   21.601308] kexec: Could not allocate control_code_buffer
[   22.611220] kexec: Could not allocate control_code_buffer
[   23.440371] kexec: Could not allocate control_code_buffer
[   24.654155] kexec: Could not allocate control_code_buffer
[   26.265720] kexec: Could not allocate control_code_buffer
[   27.841648] repro invoked oom-killer: gfp_mask=0x140cca(GFP_HIGHUSER_MOVABLE|__GFP_COMP), order=0, oom_score_adj=1000
[   27.842338] CPU: 0 UID: 0 PID: 911 Comm: repro Not tainted 6.18.0-next-20251203-b2c27842ba85-77c475692c5e-r-dirty #1 PREEMPT(voluntary) 
[   27.842351] Hardware name: QEMU Standard PC (i440FX + PIIX, 1996), BIOS rel-1.16.0-0-gd239552ce722-prebuilt.qemu.org 04/01/2014
[   27.842356] Call Trace:
[   27.842359]  <TASK>
[   27.842363]  dump_stack_lvl+0x121/0x150
[   27.842379]  dump_stack+0x19/0x20
[   27.842386]  dump_header+0x10f/0x940
[   27.842411]  oom_kill_process+0x188/0x910
[   27.842426]  out_of_memory+0x34c/0x1710
[   27.842444]  ? __pfx_out_of_memory+0x10/0x10
[   27.842464]  __alloc_pages_slowpath.constprop.0+0x1b8d/0x2230
[   27.842497]  ? __pfx___alloc_pages_slowpath.constprop.0+0x10/0x10
[   27.842529]  __alloc_frozen_pages_noprof+0x47f/0x550
[   27.842544]  ? __pfx___alloc_frozen_pages_noprof+0x10/0x10
[   27.842555]  ? do_raw_spin_unlock+0x15c/0x210
[   27.842587]  ? policy_nodemask+0xf9/0x450
[   27.842607]  alloc_pages_mpol+0x236/0x4c0
[   27.842624]  ? __pfx_alloc_pages_mpol+0x10/0x10
[   27.842648]  folio_alloc_mpol_noprof+0x44/0x120
[   27.842660]  shmem_alloc_folio+0x128/0x150
[   27.842678]  shmem_alloc_and_add_folio+0x403/0xab0
[   27.842701]  ? __pfx_shmem_alloc_and_add_folio+0x10/0x10
[   27.842717]  ? __schedule+0xfd8/0x40f0
[   27.842737]  shmem_get_folio_gfp+0x595/0x1350
[   27.842758]  ? __pfx_shmem_get_folio_gfp+0x10/0x10
[   27.842781]  shmem_write_begin+0x1c0/0x510
[   27.842797]  ? __pfx_shmem_write_begin+0x10/0x10
[   27.842809]  ? balance_dirty_pages_ratelimited_flags+0x9b/0x12a0
[   27.842835]  generic_perform_write+0x438/0x920
[   27.842857]  ? __pfx_generic_perform_write+0x10/0x10
[   27.842865]  ? __sanitizer_cov_trace_const_cmp4+0x1a/0x20
[   27.842880]  ? mnt_put_write_access_file+0x5c/0x110
[   27.842900]  ? file_update_time_flags+0x284/0x510
[   27.842922]  shmem_file_write_iter+0x11b/0x150
[   27.842939]  vfs_write+0xc6d/0x11f0
[   27.842954]  ? __pfx_shmem_file_write_iter+0x10/0x10
[   27.842968]  ? __pfx_vfs_write+0x10/0x10
[   27.842991]  ? __this_cpu_preempt_check+0x21/0x30
[   27.843009]  ksys_write+0x14e/0x280
[   27.843024]  ? __pfx_ksys_write+0x10/0x10
[   27.843038]  ? __audit_syscall_entry+0x393/0x4f0
[   27.843052]  __x64_sys_write+0x7b/0xc0
[   27.843061]  ? syscall_trace_enter+0x14d/0x240
[   27.843075]  x64_sys_call+0x1704/0x21b0
[   27.843086]  do_syscall_64+0x6d/0x1180
[   27.843097]  entry_SYSCALL_64_after_hwframe+0x76/0x7e
[   27.843106] RIP: 0033:0x7f183653eb97
[   27.843116] Code: 0b 00 f7 d8 64 89 02 48 c7 c0 ff ff ff ff eb b7 0f 1f 00 f3 0f 1e fa 64 8b 04 25 18 00 00 00 85 c0 75 10 b8 01 00 00 00 0f 05 <48> 3d 00 f0 ff ff 77 51 c3 48 83 ec 28 48 89 54 24 18 48 89 74 24
[   27.843124] RSP: 002b:00007ffd6799b0f8 EFLAGS: 00000246 ORIG_RAX: 0000000000000001
[   27.843132] RAX: ffffffffffffffda RBX: 0000000000000000 RCX: 00007f183653eb97
[   27.843138] RDX: 0000000001000000 RSI: 00007f182e000000 RDI: 0000000000000003
[   27.843143] RBP: 00007ffd6799b150 R08: 00000000ffffffff R09: 0000000000000000
[   27.843148] R10: 00007f1836407e00 R11: 0000000000000246 R12: 00007ffd6799b4f8
[   27.843153] R13: 00000000004030f5 R14: 000000000040ee08 R15: 00007f1836834000
[   27.843181]  </TASK>
[   27.858524] Mem-Info:
[   27.858665] active_anon:5203 inactive_anon:53859 isolated_anon:0
[   27.858665]  active_file:891 inactive_file:1 isolated_file:0
[   27.858665]  unevictable:0 dirty:1 writeback:0
[   27.858665]  slab_reclaimable:4509 slab_unreclaimable:24739
[   27.858665]  mapped:543 shmem:41487 pagetables:1162
[   27.858665]  sec_pagetables:0 bounce:0
[   27.858665]  kernel_misc_reclaimable:0
[   27.858665]  free:13373 free_pcp:79 free_cma:0
[   27.860579] Node 0 active_anon:20812kB inactive_anon:215436kB active_file:3564kB inactive_file:4kB unevictable:0kB isolated(anon):0kB isolated(file):0kB mapped:2172kB dirty:4kB writeback:0kB shmem:165948kB shmem_thp:0kB shmem_pmdmapped:0kB anon_thp:0kB kernel_stack:8128kB pagetables:4648kB sec_pagetables:0kB all_unreclaimable? no Balloon:0kB
[   27.862093] Node 0 DMA free:6480kB boost:0kB min:444kB low:552kB high:660kB reserved_highatomic:0KB free_highatomic:0KB active_anon:0kB inactive_anon:764kB active_file:0kB inactive_file:0kB unevictable:0kB writepending:0kB zspages:0kB present:15992kB managed:15360kB mlocked:0kB bounce:0kB free_pcp:0kB local_pcp:0kB free_cma:0kB
[   27.863655] lowmem_reserve[]: 0 1519 1519 1519 1519
[   27.863935] Node 0 DMA32 free:47012kB boost:0kB min:44608kB low:55760kB high:66912kB reserved_highatomic:0KB free_highatomic:0KB active_anon:20812kB inactive_anon:214588kB active_file:3564kB inactive_file:4kB unevictable:0kB writepending:4kB zspages:0kB present:2080640kB managed:1555936kB mlocked:0kB bounce:0kB free_pcp:316kB local_pcp:0kB free_cma:0kB
[   27.865497] lowmem_reserve[]: 0 0 0 0 0
[   27.865725] Node 0 DMA: 7*4kB (UM) 4*8kB (U) 5*16kB (U) 11*32kB (UM) 8*64kB (UM) 5*128kB (UM) 5*256kB (UM) 1*512kB (U) 1*1024kB (M) 1*2048kB (M) 0*4096kB = 6508kB
[   27.866583] Node 0 DMA32: 18*4kB (UME) 157*8kB (UE) 229*16kB (UME) 163*32kB (UME) 158*64kB (UME) 83*128kB (UME) 29*256kB (M) 5*512kB (M) 0*1024kB 1*2048kB (U) 0*4096kB = 42976kB
[   27.867461] Node 0 hugepages_total=0 hugepages_free=0 hugepages_surp=0 hugepages_size=1048576kB
[   27.867913] Node 0 hugepages_total=0 hugepages_free=0 hugepages_surp=0 hugepages_size=2048kB
[   27.868352] 42479 total pagecache pages
[   27.868563] 0 pages in swap cache
[   27.868746] Free swap  = 0kB
[   27.868911] Total swap = 0kB
[   27.869076] 524158 pages RAM
[   27.869241] 0 pages HighMem/MovableOnly
[   27.869449] 131334 pages reserved
[   27.869631] 0 pages cma reserved
[   27.869810] 0 pages hwpoisoned
[   27.869984] Memory cgroup min protection 0kB -- low protection 0kB
[   27.869990] Tasks state (memory values in pages):
[   27.870585] [  pid  ]   uid  tgid total_vm      rss rss_anon rss_file rss_shmem pgtables_bytes swapents oom_score_adj name
[   27.871168] [    144]     0   144     5472      592      256      176       160    90112        0          -250 systemd-journal
[   27.871815] [    166]     0   166     7810      852      640      212         0    90112        0         -1000 systemd-udevd
[   27.872419] [    234]    32   234     3314      227      192       35         0    65536        0             0 rpcbind
[   27.872983] [    235]     0   235    22973      220      193       27         0    69632        0         -1000 auditd
[   27.873542] [    237]     0   237     1947       99       64       35         0    57344        0             0 sedispatch
[   27.874112] [    258]    81   258     2731      217      192       25         0    61440        0          -900 dbus-broker-lau
[   27.874713] [    259]    81   259     1316      234      150       84         0    57344        0          -900 dbus-broker
[   27.875296] [    260]     0   260    64629     1099     1024       75         0   143360        0             0 NetworkManager
[   27.875870] [    263]     0   263    19783       70       32       38         0    57344        0             0 irqbalance
[   27.876428] [    264]   992   264      678       48        0       48         0    49152        0             0 lsmd
[   27.876981] [    265]     0   265      700       67       32       35         0    40960        0             0 mcelog
[   27.877533] [    266]     0   266     4639      376      256      120         0    81920        0             0 systemd-logind
[   27.878120] [    268]     0   268     4496      329      224      105         0    77824        0             0 systemd-machine
[   27.878727] [    273]   985   273    21097      210      135       75         0    69632        0             0 chronyd
[   27.879297] [    278]     0   278     4419      273      224       49         0    77824        0             0 systemd-hostnam
[   27.879888] [    305]     0   305    39956      454      192      101       161    81920        0             0 rsyslogd
[   27.880454] [    306]     0   306     3951      329      320        9         0    73728        0         -1000 sshd
[   27.880999] [    307]     0   307    13748      248      219       29         0    90112        0             0 gssproxy
[   27.881563] [    308]     0   308    66148     3539     3401      138         0   147456        0             0 tuned
[   27.882116] [    315]     0   315   292078      633      576       57         0   258048        0             0 virtqemud
[   27.882701] [    317]     0   317     1169       71       32       39         0    57344        0             0 atd
[   27.883246] [    323]     0   323     2138      216      192       24         0    61440        0             0 crond
[   27.884017] [    348]     0   348      763       19        0       19         0    49152        0             0 agetty
[   27.884672] [    350]     0   350     1405       69       32       37         0    53248        0             0 agetty
[   27.885244] [    548]   998   548   644241     1073     1055       18         0   217088        0             0 polkitd
[   27.885816] [    591]     0   591     5110      573      448      125         0    81920        0           100 systemd
[   27.886391] [    592]     0   592    42782     1019      979       40         0   102400        0           100 (sd-pam)
[   27.886992] [    695]     0   695     4741      479      448       31         0    69632        0             0 sshd
[   27.887552] [    697]     0   697     4741      540      464       76         0    69632        0             0 sshd
[   27.888110] [    698]     0   698     1782      102       64       38         0    53248        0             0 repro.sh
[   27.888689] [    723]     0   723     4736       36        0       36         0    45056        0             0 repro
[   27.889251] [    724]     0   724     4736       36        0       36         0    45056        0             0 repro
[   27.889812] [    725]     0   725     4736       76        0       76         0    45056        0             0 repro
[   27.890377] [    726]     0   726     4736       76        0       76         0    45056        0             0 repro
[   27.890952] [    729]     0   729     4736       36        0       36         0    45056        0             0 repro
[   27.891527] [    730]     0   730     4736       69        0       69         0    45056        0             0 repro
[   27.892090] [    731]     0   731     4736       76        0       76         0    45056        0             0 repro
[   27.892663] [    732]     0   732     4736       69        0       69         0    45056        0             0 repro
[   27.893234] [    733]     0   733     4736       42        0       42         0    45056        0             0 repro
[   27.893913] [    739]     0   739     7810      842      647      195         0    77824        0             0 systemd-udevd
[   27.894532] [    740]     0   740     7810      807      647      160         0    77824        0             0 systemd-udevd
[   27.895133] [    741]     0   741     7810      804      647      157         0    77824        0             0 systemd-udevd
[   27.895733] [    742]     0   742     7810      670      647       23         0    77824        0             0 systemd-udevd
[   27.896336] [    743]     0   743     7810      702      647       55         0    77824        0             0 systemd-udevd
[   27.896954] [    806]     0   806     7810      799      647      152         0    77824        0             0 systemd-udevd
[   27.897562] [    895]     0   895     4736       45        0       45         0    57344        0          1000 repro
[   27.898130] [    910]     0   910     4736      138       51       87         0    57344        0          1000 repro
[   27.898715] [    911]     0   911    38528      631      576       55         0    90112        0          1000 repro
[   27.899288] [    912]     0   912    38528      599      544       55         0    90112        0          1000 repro
[   27.899855] [    913]     0   913    38528      631      576       55         0    90112        0          1000 repro
[   27.900402] [    914]     0   914    38528      631      576       55         0    90112        0          1000 repro
[   27.900961] [    915]     0   915    38528      599      544       55         0    90112        0          1000 repro
[   27.901517] [    916]     0   916    38528      631      576       55         0    90112        0          1000 repro
[   27.902105] oom-kill:constraint=CONSTRAINT_NONE,nodemask=(null),cpuset=/,mems_allowed=0,global_oom,task_memcg=/user.slice/user-0.slice/session-6.scope,task=repro,pid=916,uid=0
[   27.903387] Out of memory: Killed process 916 (repro) total-vm:154112kB, anon-rss:2304kB, file-rss:220kB, shmem-rss:0kB, UID:0 pgtables:88kB oom_score_adj:1000
[   28.214805] kexec: Could not allocate control_code_buffer
[   29.116388] kexec: Could not allocate control_code_buffer
[   30.039021] kexec: Could not allocate control_code_buffer
[   31.495123] in:imjournal invoked oom-killer: gfp_mask=0x140cca(GFP_HIGHUSER_MOVABLE|__GFP_COMP), order=0, oom_score_adj=0
[   31.495797] CPU: 0 UID: 0 PID: 319 Comm: in:imjournal Not tainted 6.18.0-next-20251203-b2c27842ba85-77c475692c5e-r-dirty #1 PREEMPT(voluntary) 
[   31.495809] Hardware name: QEMU Standard PC (i440FX + PIIX, 1996), BIOS rel-1.16.0-0-gd239552ce722-prebuilt.qemu.org 04/01/2014
[   31.495816] Call Trace:
[   31.495819]  <TASK>
[   31.495823]  dump_stack_lvl+0x121/0x150
[   31.495841]  dump_stack+0x19/0x20
[   31.495848]  dump_header+0x10f/0x940
[   31.495863]  oom_kill_process+0x188/0x910
[   31.495875]  out_of_memory+0x34c/0x1710
[   31.495890]  ? __pfx_out_of_memory+0x10/0x10
[   31.495906]  __alloc_pages_slowpath.constprop.0+0x1b8d/0x2230
[   31.495933]  ? __pfx___alloc_pages_slowpath.constprop.0+0x10/0x10
[   31.495958]  __alloc_frozen_pages_noprof+0x47f/0x550
[   31.495971]  ? __pfx___alloc_frozen_pages_noprof+0x10/0x10
[   31.495982]  ? __pfx_alloc_pages_mpol+0x10/0x10
[   31.496016]  ? policy_nodemask+0xf9/0x450
[   31.496031]  alloc_pages_mpol+0x236/0x4c0
[   31.496048]  ? __pfx_alloc_pages_mpol+0x10/0x10
[   31.496059]  ? lock_is_held_type+0xef/0x150
[   31.496071]  ? filemap_get_entry+0x1c0/0x360
[   31.496084]  alloc_frozen_pages_noprof+0xa9/0x180
[   31.496095]  folio_alloc_noprof+0x2d/0x120
[   31.496104]  filemap_alloc_folio_noprof.part.0+0x3dc/0x470
[   31.496125]  ? __pfx_filemap_get_entry+0x10/0x10
[   31.496134]  ? lock_acquire+0x180/0x2f0
[   31.496147]  ? __pfx_filemap_alloc_folio_noprof.part.0+0x10/0x10
[   31.496169]  __filemap_get_folio_mpol+0x45e/0x8f0
[   31.496188]  filemap_fault+0x17af/0x25f0
[   31.496205]  ? __pfx_filemap_fault+0x10/0x10
[   31.496222]  ? rcu_read_unlock+0x31/0xc0
[   31.496238]  __do_fault+0x115/0x870
[   31.496250]  do_fault+0xc22/0x1810
[   31.496263]  __handle_mm_fault+0x1434/0x2e10
[   31.496280]  ? __pfx___handle_mm_fault+0x10/0x10
[   31.496290]  ? lock_vma_under_rcu+0x19d/0x590
[   31.496301]  ? __this_cpu_preempt_check+0x21/0x30
[   31.496311]  ? lock_release+0x14f/0x2a0
[   31.496318]  ? lock_vma_under_rcu+0x3f/0x590
[   31.496341]  handle_mm_fault+0x2de/0x740
[   31.496349]  ? do_user_addr_fault+0x274/0x1640
[   31.496375]  do_user_addr_fault+0x866/0x1640
[   31.496396]  exc_page_fault+0xc9/0x1d0
[   31.496408]  asm_exc_page_fault+0x2b/0x30
[   31.496417] RIP: 0033:0x7fd82689bca0
[   31.496435] Code: Unable to access opcode bytes at 0x7fd82689bc76.
[   31.496439] RSP: 002b:00007fd825d2bac8 EFLAGS: 00010207
[   31.496446] RAX: 0000000000000000 RBX: 00007fd825d2bb70 RCX: 00007fd826942a6e
[   31.496450] RDX: 00007fd825d2baf0 RSI: 0000000000000001 RDI: 0000000000000000
[   31.496455] RBP: 0000000000000001 R08: 0000000000000008 R09: 0000000000000000
[   31.496459] R10: 0000000000000000 R11: 0000000000000293 R12: 00007fd825d2bb70
[   31.496464] R13: 00007fd825d2baf0 R14: 00007fd825d2bc20 R15: 00007fd820006f80
[   31.496481]  </TASK>
[   31.496485] Mem-Info:
[   31.510310] active_anon:5196 inactive_anon:55346 isolated_anon:0
[   31.510310]  active_file:42 inactive_file:33 isolated_file:4
[   31.510310]  unevictable:0 dirty:1 writeback:0
[   31.510310]  slab_reclaimable:4431 slab_unreclaimable:24717
[   31.510310]  mapped:205 shmem:42439 pagetables:1151
[   31.510310]  sec_pagetables:0 bounce:0
[   31.510310]  kernel_misc_reclaimable:0
[   31.510310]  free:12747 free_pcp:125 free_cma:0
[   31.512306] Node 0 active_anon:20784kB inactive_anon:221384kB active_file:168kB inactive_file:132kB unevictable:0kB isolated(anon):0kB isolated(file):16kB mapped:820kB dirty:4kB writeback:0kB shmem:169756kB shmem_thp:0kB shmem_pmdmapped:0kB anon_thp:0kB kernel_stack:8096kB pagetables:4604kB sec_pagetables:0kB all_unreclaimable? no Balloon:0kB
[   31.513864] Node 0 DMA free:6480kB boost:0kB min:444kB low:552kB high:660kB reserved_highatomic:0KB free_highatomic:0KB active_anon:0kB inactive_anon:148kB active_file:4kB inactive_file:4kB unevictable:0kB writepending:0kB zspages:0kB present:15992kB managed:15360kB mlocked:0kB bounce:0kB free_pcp:0kB local_pcp:0kB free_cma:0kB
[   31.515379] lowmem_reserve[]: 0 1519 1519 1519 1519
[   31.515664] Node 0 DMA32 free:44508kB boost:0kB min:44608kB low:55760kB high:66912kB reserved_highatomic:0KB free_highatomic:0KB active_anon:20784kB inactive_anon:221208kB active_file:168kB inactive_file:132kB unevictable:0kB writepending:4kB zspages:0kB present:2080640kB managed:1555936kB mlocked:0kB bounce:0kB free_pcp:500kB local_pcp:0kB free_cma:0kB
[   31.517281] lowmem_reserve[]: 0 0 0 0 0
[   31.517513] Node 0 DMA: 4*4kB (UM) 3*8kB (UM) 1*16kB (U) 2*32kB (UM) 2*64kB (M) 3*128kB (M) 1*256kB (M) 1*512kB (U) 1*1024kB (M) 0*2048kB 1*4096kB (M) = 6520kB
[   31.518351] Node 0 DMA32: 18*4kB (UE) 487*8kB (UME) 617*16kB (UME) 307*32kB (UME) 144*64kB (UME) 52*128kB (UME) 13*256kB (UM) 3*512kB (U) 0*1024kB 0*2048kB 0*4096kB = 44400kB
[   31.519247] Node 0 hugepages_total=0 hugepages_free=0 hugepages_surp=0 hugepages_size=1048576kB
[   31.519707] Node 0 hugepages_total=0 hugepages_free=0 hugepages_surp=0 hugepages_size=2048kB
[   31.520159] 42501 total pagecache pages
[   31.520372] 0 pages in swap cache
[   31.520561] Free swap  = 0kB
[   31.520732] Total swap = 0kB
[   31.520900] 524158 pages RAM
[   31.521069] 0 pages HighMem/MovableOnly
[   31.521287] 131334 pages reserved
[   31.521474] 0 pages cma reserved
[   31.521658] 0 pages hwpoisoned
[   31.521835] Memory cgroup min protection 0kB -- low protection 0kB
[   31.521840] Tasks state (memory values in pages):
[   31.522441] [  pid  ]   uid  tgid total_vm      rss rss_anon rss_file rss_shmem pgtables_bytes swapents oom_score_adj name
[   31.523027] [    144]     0   144     5472      506      256       58       192    90112        0          -250 systemd-journal
[   31.523679] [    166]     0   166     7810      685      640       45         0    90112        0         -1000 systemd-udevd
[   31.524283] [    234]    32   234     3314      227      192       35         0    65536        0             0 rpcbind
[   31.524854] [    235]     0   235    22973      220      193       27         0    69632        0         -1000 auditd
[   31.525428] [    237]     0   237     1947       99       64       35         0    57344        0             0 sedispatch
[   31.526015] [    258]    81   258     2731      217      192       25         0    61440        0          -900 dbus-broker-lau
[   31.526649] [    259]    81   259     1316      178      150       28         0    57344        0          -900 dbus-broker
[   31.527240] [    260]     0   260    64629     1048     1024       24         0   143360        0             0 NetworkManager
[   31.527844] [    263]     0   263    19783       64       32       32         0    57344        0             0 irqbalance
[   31.528429] [    264]   992   264      678       48        0       48         0    49152        0             0 lsmd
[   31.528997] [    265]     0   265      700       67       32       35         0    40960        0             0 mcelog
[   31.529569] [    266]     0   266     4639      265      256        9         0    81920        0             0 systemd-logind
[   31.530180] [    268]     0   268     4496      264      224       40         0    77824        0             0 systemd-machine
[   31.530793] [    273]   985   273    21097      178      135       43         0    69632        0             0 chronyd
[   31.531377] [    278]     0   278     4419      273      224       49         0    77824        0             0 systemd-hostnam
[   31.531986] [    305]     0   305    39956      361      192        8       161    81920        0             0 rsyslogd
[   31.532560] [    306]     0   306     3951      329      320        9         0    73728        0         -1000 sshd
[   31.533118] [    307]     0   307    13748      248      219       29         0    90112        0             0 gssproxy
[   31.533690] [    308]     0   308    66148     3452     3401       51         0   147456        0             0 tuned
[   31.534257] [    315]     0   315   292078      610      576       34         0   258048        0             0 virtqemud
[   31.534850] [    317]     0   317     1169       71       32       39         0    57344        0             0 atd
[   31.535408] [    323]     0   323     2138      216      192       24         0    61440        0             0 crond
[   31.535968] [    348]     0   348      763       19        0       19         0    49152        0             0 agetty
[   31.536536] [    350]     0   350     1405       69       32       37         0    53248        0             0 agetty
[   31.537099] [    548]   998   548   644241     1098     1055       43         0   217088        0             0 polkitd
[   31.537669] [    591]     0   591     5110      495      448       47         0    81920        0           100 systemd
[   31.538239] [    592]     0   592    42782     1019      979       40         0   102400        0           100 (sd-pam)
[   31.538826] [    695]     0   695     4741      479      448       31         0    69632        0             0 sshd
[   31.539385] [    697]     0   697     4741      496      464       32         0    69632        0             0 sshd
[   31.539941] [    698]     0   698     1782       70       64        6         0    53248        0             0 repro.sh
[   31.540517] [    723]     0   723     4736       36        0       36         0    45056        0             0 repro
[   31.541077] [    724]     0   724     4736       12        0       12         0    45056        0             0 repro
[   31.541641] [    725]     0   725     4736       14        0       14         0    45056        0             0 repro
[   31.542201] [    726]     0   726     4736       34        0       34         0    45056        0             0 repro
[   31.542803] [    729]     0   729     4736        5        0        5         0    45056        0             0 repro
[   31.543393] [    730]     0   730     4736       43        0       43         0    45056        0             0 repro
[   31.543954] [    731]     0   731     4736       14        0       14         0    45056        0             0 repro
[   31.544520] [    732]     0   732     4736        8        0        8         0    45056        0             0 repro
[   31.545080] [    733]     0   733     4736        4        0        4         0    45056        0             0 repro
[   31.545648] [    739]     0   739     7810      682      647       35         0    77824        0             0 systemd-udevd
[   31.546254] [    740]     0   740     7810      674      647       27         0    77824        0             0 systemd-udevd
[   31.546871] [    741]     0   741     7810      689      647       42         0    77824        0             0 systemd-udevd
[   31.547478] [    742]     0   742     7810      695      647       48         0    77824        0             0 systemd-udevd
[   31.548075] [    743]     0   743     7810      702      647       55         0    77824        0             0 systemd-udevd
[   31.548686] [    806]     0   806     7810      668      647       21         0    77824        0             0 systemd-udevd
[   31.549289] [    940]     0   940     4736       23        0       23         0    57344        0          1000 repro
[   31.549852] [    954]     0   954    38528      609      576       33         0    90112        0          1000 repro
[   31.550427] [    955]     0   955    38528      609      576       33         0    90112        0          1000 repro
[   31.550986] [    956]     0   956    38528      577      544       33         0    90112        0          1000 repro
[   31.551567] [    957]     0   957    38528      609      576       33         0    90112        0          1000 repro
[   31.552413] [    958]     0   958    38528      577      544       33         0    86016        0          1000 repro
[   31.552973] [    959]     0   959    38528      577      544       33         0    90112        0          1000 repro
[   31.553536] [    960]     0   960    38528      545      512       33         0    73728        0          1000 repro
[   31.554098] oom-kill:constraint=CONSTRAINT_NONE,nodemask=(null),cpuset=/,mems_allowed=0,global_oom,task_memcg=/user.slice/user-0.slice/session-6.scope,task=repro,pid=957,uid=0
[   31.555157] Out of memory: Killed process 957 (repro) total-vm:154112kB, anon-rss:2304kB, file-rss:132kB, shmem-rss:0kB, UID:0 pgtables:88kB oom_score_adj:1000
[   32.013894] warn_alloc: 8 callbacks suppressed
[   32.013909] repro: page allocation failure: order:0, mode:0x10cc0(GFP_KERNEL|__GFP_NORETRY), nodemask=(null),cpuset=/,mems_allowed=0
[   32.014893] CPU: 0 UID: 0 PID: 940 Comm: repro Not tainted 6.18.0-next-20251203-b2c27842ba85-77c475692c5e-r-dirty #1 PREEMPT(voluntary) 
[   32.014905] Hardware name: QEMU Standard PC (i440FX + PIIX, 1996), BIOS rel-1.16.0-0-gd239552ce722-prebuilt.qemu.org 04/01/2014
[   32.014910] Call Trace:
[   32.014923]  <TASK>
[   32.014929]  dump_stack_lvl+0x121/0x150
[   32.014943]  dump_stack+0x19/0x20
[   32.014950]  warn_alloc+0x216/0x360
[   32.014964]  ? __pfx_warn_alloc+0x10/0x10
[   32.014973]  ? __pfx_try_to_free_pages+0x10/0x10
[   32.014993]  ? __this_cpu_preempt_check+0x21/0x30
[   32.015005]  ? __pfx___alloc_pages_direct_compact+0x10/0x10
[   32.015023]  __alloc_pages_slowpath.constprop.0+0x1340/0x2230
[   32.015046]  ? __pfx___alloc_pages_slowpath.constprop.0+0x10/0x10
[   32.015062]  ? __might_sleep+0x108/0x160
[   32.015081]  __alloc_frozen_pages_noprof+0x47f/0x550
[   32.015093]  ? __pfx___alloc_frozen_pages_noprof+0x10/0x10
[   32.015105]  ? __this_cpu_preempt_check+0x21/0x30
[   32.015121]  ? policy_nodemask+0xf9/0x450
[   32.015137]  alloc_pages_mpol+0x236/0x4c0
[   32.015152]  ? __pfx_alloc_pages_mpol+0x10/0x10
[   32.015165]  ? asm_sysvec_call_function_single+0x1f/0x30
[   32.015184]  alloc_frozen_pages_noprof+0xa9/0x180
[   32.015195]  alloc_pages_noprof+0x27/0xa0
[   32.015207]  kimage_alloc_pages+0x78/0x240
[   32.015223]  kimage_alloc_control_pages+0x1ca/0xa60
[   32.015237]  ? __pfx_kimage_alloc_control_pages+0x10/0x10
[   32.015245]  ? __sanitizer_cov_trace_cmp8+0x1c/0x30
[   32.015264]  do_kexec_load+0x39b/0x8c0
[   32.015272]  ? __might_fault+0xf1/0x1b0
[   32.015284]  ? __pfx_do_kexec_load+0x10/0x10
[   32.015293]  ? __sanitizer_cov_trace_const_cmp8+0x1c/0x30
[   32.015305]  ? _copy_from_user+0x75/0xa0
[   32.015320]  __x64_sys_kexec_load+0x1cc/0x240
[   32.015331]  x64_sys_call+0x1c90/0x21b0
[   32.015340]  do_syscall_64+0x6d/0x1180
[   32.015349]  entry_SYSCALL_64_after_hwframe+0x76/0x7e
[   32.015357] RIP: 0033:0x7f183643ee5d
[   32.015369] Code: Unable to access opcode bytes at 0x7f183643ee33.
[   32.015373] RSP: 002b:00007ffd6799b388 EFLAGS: 00000207 ORIG_RAX: 00000000000000f6
[   32.015381] RAX: ffffffffffffffda RBX: 0000000000000000 RCX: 00007f183643ee5d
[   32.015385] RDX: 0000200000000180 RSI: 0000000000000003 RDI: 0000000000000000
[   32.015390] RBP: 00007ffd6799b3a0 R08: 00007ffd6799ae10 R09: 00007ffd6799b3a0
[   32.015394] R10: 0000000000000000 R11: 0000000000000207 R12: 00007ffd6799b4f8
[   32.015399] R13: 00000000004030f5 R14: 000000000040ee08 R15: 00007f1836834000
[   32.015416]  </TASK>
[   32.015421] Mem-Info:
[   32.027857] active_anon:5197 inactive_anon:55130 isolated_anon:0
[   32.027857]  active_file:31 inactive_file:89 isolated_file:0
[   32.027857]  unevictable:0 dirty:0 writeback:0
[   32.027857]  slab_reclaimable:4411 slab_unreclaimable:24725
[   32.027857]  mapped:188 shmem:42791 pagetables:1137
[   32.027857]  sec_pagetables:0 bounce:0
[   32.027857]  kernel_misc_reclaimable:0
[   32.027857]  free:12777 free_pcp:62 free_cma:0
[   32.029816] Node 0 active_anon:20788kB inactive_anon:220520kB active_file:124kB inactive_file:356kB unevictable:0kB isolated(anon):0kB isolated(file):0kB mapped:752kB dirty:0kB writeback:0kB shmem:171164kB shmem_thp:0kB shmem_pmdmapped:0kB anon_thp:0kB kernel_stack:8064kB pagetables:4548kB sec_pagetables:0kB all_unreclaimable? no Balloon:0kB
[   32.031627] Node 0 DMA free:6520kB boost:0kB min:444kB low:552kB high:660kB reserved_highatomic:0KB free_highatomic:0KB active_anon:0kB inactive_anon:204kB active_file:0kB inactive_file:0kB unevictable:0kB writepending:0kB zspages:0kB present:15992kB managed:15360kB mlocked:0kB bounce:0kB free_pcp:0kB local_pcp:0kB free_cma:0kB
[   32.033128] lowmem_reserve[]: 0 1519 1519 1519 1519
[   32.033421] Node 0 DMA32 free:44588kB boost:0kB min:44608kB low:55760kB high:66912kB reserved_highatomic:0KB free_highatomic:0KB active_anon:20788kB inactive_anon:220316kB active_file:124kB inactive_file:356kB unevictable:0kB writepending:0kB zspages:0kB present:2080640kB managed:1555936kB mlocked:0kB bounce:0kB free_pcp:248kB local_pcp:0kB free_cma:0kB
[   32.035118] lowmem_reserve[]: 0 0 0 0 0
[   32.035356] Node 0 DMA: 4*4kB (UM) 3*8kB (UM) 1*16kB (U) 2*32kB (UM) 2*64kB (M) 3*128kB (M) 1*256kB (M) 1*512kB (U) 1*1024kB (M) 0*2048kB 1*4096kB (M) = 6520kB
[   32.036177] Node 0 DMA32: 19*4kB (UME) 459*8kB (UME) 606*16kB (ME) 308*32kB (ME) 149*64kB (UME) 53*128kB (UME) 13*256kB (UM) 3*512kB (U) 0*1024kB 0*2048kB 0*4096kB = 44484kB
[   32.037051] Node 0 hugepages_total=0 hugepages_free=0 hugepages_surp=0 hugepages_size=1048576kB
[   32.037513] Node 0 hugepages_total=0 hugepages_free=0 hugepages_surp=0 hugepages_size=2048kB
[   32.037961] 42941 total pagecache pages
[   32.038176] 0 pages in swap cache
[   32.038363] Free swap  = 0kB
[   32.038543] Total swap = 0kB
[   32.038713] 524158 pages RAM
[   32.038882] 0 pages HighMem/MovableOnly
[   32.039093] 131334 pages reserved
[   32.039280] 0 pages cma reserved
[   32.039461] 0 pages hwpoisoned
[   32.039638] Memory cgroup min protection 0kB -- low protection 0kB
[   32.121490] kexec: Could not allocate control_code_buffer
[   33.437565] kexec: Could not allocate control_code_buffer
[   34.238158] tuned invoked oom-killer: gfp_mask=0x140cca(GFP_HIGHUSER_MOVABLE|__GFP_COMP), order=0, oom_score_adj=0
[   34.238770] CPU: 1 UID: 0 PID: 308 Comm: tuned Not tainted 6.18.0-next-20251203-b2c27842ba85-77c475692c5e-r-dirty #1 PREEMPT(voluntary) 
[   34.238782] Hardware name: QEMU Standard PC (i440FX + PIIX, 1996), BIOS rel-1.16.0-0-gd239552ce722-prebuilt.qemu.org 04/01/2014
[   34.238793] Call Trace:
[   34.238796]  <TASK>
[   34.238800]  dump_stack_lvl+0x121/0x150
[   34.238814]  dump_stack+0x19/0x20
[   34.238821]  dump_header+0x10f/0x940
[   34.238836]  oom_kill_process+0x188/0x910
[   34.238849]  out_of_memory+0x34c/0x1710
[   34.238863]  ? __pfx_out_of_memory+0x10/0x10
[   34.238880]  __alloc_pages_slowpath.constprop.0+0x1b8d/0x2230
[   34.238905]  ? __pfx___alloc_pages_slowpath.constprop.0+0x10/0x10
[   34.238931]  __alloc_frozen_pages_noprof+0x47f/0x550
[   34.238941]  ? __pfx_ext4_mpage_readpages+0x10/0x10
[   34.238966]  ? __pfx___alloc_frozen_pages_noprof+0x10/0x10
[   34.238976]  ? __pfx___blk_flush_plug+0x10/0x10
[   34.238998]  ? __pfx_alloc_pages_mpol+0x10/0x10
[   34.239019]  ? policy_nodemask+0xf9/0x450
[   34.239034]  alloc_pages_mpol+0x236/0x4c0
[   34.239060]  ? __pfx_alloc_pages_mpol+0x10/0x10
[   34.239071]  ? lock_is_held_type+0xef/0x150
[   34.239083]  ? filemap_get_entry+0x1c0/0x360
[   34.239096]  alloc_frozen_pages_noprof+0xa9/0x180
[   34.239107]  folio_alloc_noprof+0x2d/0x120
[   34.239116]  filemap_alloc_folio_noprof.part.0+0x3dc/0x470
[   34.239129]  ? __pfx_filemap_get_entry+0x10/0x10
[   34.239138]  ? lock_acquire+0x180/0x2f0
[   34.239154]  ? __pfx_filemap_alloc_folio_noprof.part.0+0x10/0x10
[   34.239180]  __filemap_get_folio_mpol+0x45e/0x8f0
[   34.239196]  filemap_fault+0x17af/0x25f0
[   34.239212]  ? __pfx_filemap_fault+0x10/0x10
[   34.239228]  ? rcu_read_unlock+0x31/0xc0
[   34.239244]  __do_fault+0x115/0x870
[   34.239255]  do_fault+0xc22/0x1810
[   34.239268]  __handle_mm_fault+0x1434/0x2e10
[   34.239286]  ? __pfx___handle_mm_fault+0x10/0x10
[   34.239295]  ? lock_vma_under_rcu+0x19d/0x590
[   34.239306]  ? __this_cpu_preempt_check+0x21/0x30
[   34.239316]  ? lock_release+0x14f/0x2a0
[   34.239323]  ? lock_vma_under_rcu+0x3f/0x590
[   34.239347]  handle_mm_fault+0x2de/0x740
[   34.239355]  ? do_user_addr_fault+0x274/0x1640
[   34.239374]  do_user_addr_fault+0x866/0x1640
[   34.239395]  exc_page_fault+0xc9/0x1d0
[   34.239405]  asm_exc_page_fault+0x2b/0x30
[   34.239414] RIP: 0033:0x7fdcd6d16d0d
[   34.239430] Code: Unable to access opcode bytes at 0x7fdcd6d16ce3.
[   34.239434] RSP: 002b:00007fffc390db10 EFLAGS: 00010202
[   34.239441] RAX: 00007fdcd6f40c20 RBX: 00007fdcd4242a40 RCX: 0000000000000000
[   34.239446] RDX: 00007fdcd6f40c20 RSI: 0000000000000001 RDI: 00007fdcd6ba9540
[   34.239450] RBP: 000056370d035720 R08: 0000000000000001 R09: 0000000000000000
[   34.239455] R10: 00007fdcd4242bb8 R11: 0000000000000000 R12: 00007fdcd6f40c20
[   34.239459] R13: 00007fdcd671db68 R14: 00007fdcd4242bc0 R15: 000056370d033c98
[   34.239478]  </TASK>
[   34.239481] Mem-Info:
[   34.254108] active_anon:5197 inactive_anon:54380 isolated_anon:0
[   34.254108]  active_file:26 inactive_file:11 isolated_file:0
[   34.254108]  unevictable:0 dirty:15 writeback:0
[   34.254108]  slab_reclaimable:4398 slab_unreclaimable:24468
[   34.254108]  mapped:221 shmem:41514 pagetables:1153
[   34.254108]  sec_pagetables:0 bounce:0
[   34.254108]  kernel_misc_reclaimable:0
[   34.254108]  free:12745 free_pcp:63 free_cma:0
[   34.256120] Node 0 active_anon:20788kB inactive_anon:217520kB active_file:104kB inactive_file:44kB unevictable:0kB isolated(anon):0kB isolated(file):0kB mapped:884kB dirty:60kB writeback:0kB shmem:166056kB shmem_thp:0kB shmem_pmdmapped:0kB anon_thp:0kB kernel_stack:8096kB pagetables:4612kB sec_pagetables:0kB all_unreclaimable? no Balloon:0kB
[   34.257703] Node 0 DMA free:6500kB boost:0kB min:444kB low:552kB high:660kB reserved_highatomic:0KB free_highatomic:0KB active_anon:0kB inactive_anon:148kB active_file:0kB inactive_file:0kB unevictable:0kB writepending:0kB zspages:0kB present:15992kB managed:15360kB mlocked:0kB bounce:0kB free_pcp:0kB local_pcp:0kB free_cma:0kB
[   34.259223] lowmem_reserve[]: 0 1519 1519 1519 1519
[   34.259510] Node 0 DMA32 free:44480kB boost:0kB min:44608kB low:55760kB high:66912kB reserved_highatomic:0KB free_highatomic:0KB active_anon:20788kB inactive_anon:217388kB active_file:104kB inactive_file:44kB unevictable:0kB writepending:60kB zspages:0kB present:2080640kB managed:1555936kB mlocked:0kB bounce:0kB free_pcp:248kB local_pcp:0kB free_cma:0kB
[   34.261122] lowmem_reserve[]: 0 0 0 0 0
[   34.261358] Node 0 DMA: 1*4kB (U) 3*8kB (UM) 3*16kB (M) 1*32kB (M) 2*64kB (M) 3*128kB (M) 1*256kB (M) 1*512kB (U) 1*1024kB (M) 0*2048kB 1*4096kB (M) = 6508kB
[   34.262187] Node 0 DMA32: 15*4kB (ME) 786*8kB (UME) 617*16kB (UME) 339*32kB (UME) 145*64kB (UME) 55*128kB (UME) 2*256kB (UM) 1*512kB (M) 0*1024kB 0*2048kB 0*4096kB = 44412kB
[   34.263082] Node 0 hugepages_total=0 hugepages_free=0 hugepages_surp=0 hugepages_size=1048576kB
[   34.263551] Node 0 hugepages_total=0 hugepages_free=0 hugepages_surp=0 hugepages_size=2048kB
[   34.264004] 41577 total pagecache pages
[   34.264225] 0 pages in swap cache
[   34.264414] Free swap  = 0kB
[   34.264584] Total swap = 0kB
[   34.264754] 524158 pages RAM
[   34.264920] 0 pages HighMem/MovableOnly
[   34.265134] 131334 pages reserved
[   34.265329] 0 pages cma reserved
[   34.265514] 0 pages hwpoisoned
[   34.265694] Memory cgroup min protection 0kB -- low protection 0kB
[   34.265700] Tasks state (memory values in pages):
[   34.266289] [  pid  ]   uid  tgid total_vm      rss rss_anon rss_file rss_shmem pgtables_bytes swapents oom_score_adj name
[   34.266908] [    144]     0   144     5472      489      256       41       192    90112        0          -250 systemd-journal
[   34.267526] [    166]     0   166     7810      689      640       49         0    90112        0         -1000 systemd-udevd
[   34.268128] [    234]    32   234     3314      227      192       35         0    65536        0             0 rpcbind
[   34.268701] [    235]     0   235    22973      220      193       27         0    69632        0         -1000 auditd
[   34.269270] [    237]     0   237     1947       99       64       35         0    57344        0             0 sedispatch
[   34.269856] [    258]    81   258     2731      217      192       25         0    61440        0          -900 dbus-broker-lau
[   34.270480] [    259]    81   259     1316      183      150       33         0    57344        0          -900 dbus-broker
[   34.271068] [    260]     0   260    64629     1048     1024       24         0   143360        0             0 NetworkManager
[   34.271673] [    263]     0   263    19783       64       32       32         0    57344        0             0 irqbalance
[   34.272264] [    264]   992   264      678       48        0       48         0    49152        0             0 lsmd
[   34.272823] [    265]     0   265      700       67       32       35         0    40960        0             0 mcelog
[   34.273393] [    266]     0   266     4639      293      256       37         0    81920        0             0 systemd-logind
[   34.274001] [    268]     0   268     4496      271      224       47         0    77824        0             0 systemd-machine
[   34.274624] [    273]   985   273    21097      141      135        6         0    69632        0             0 chronyd
[   34.275216] [    278]     0   278     4419      273      224       49         0    77824        0             0 systemd-hostnam
[   34.275832] [    305]     0   305    39956      402      192       49       161    81920        0             0 rsyslogd
