c[?7l[2J[0mSeaBIOS (version rel-1.16.0-0-gd239552ce722-prebuilt.qemu.org)


iPXE (http://ipxe.org) 00:03.0 CA00 PCI2.10 PnP PMM+7FF91000+7FEF1000 CA00
Press Ctrl-B to configure iPXE (PCI 00:03.0)...                                                                               


Booting from ROM...
c[?7l[2J[    0.000000] Linux version 6.18.0-rc1-b2f35ac4146d+ (root@p-arls02) (gcc (GCC) 11.5.0 20240719 (Red Hat 11.5.0-14), GNU ld version 2.35.2-68.el9) #1 SMP PREEMPT_DYNAMIC Fri Dec  5 01:27:35 CST 2025
[    0.000000] Command line: console=ttyS0 root=/dev/sda earlyprintk=serial net.ifnames=0 plymouth.enable=0
[    0.000000] KERNEL supported cpus:
[    0.000000]   Intel GenuineIntel
[    0.000000]   AMD AuthenticAMD
[    0.000000]   Hygon HygonGenuine
[    0.000000]   Centaur CentaurHauls
[    0.000000]   zhaoxin   Shanghai  
[    0.000000] x86/CPU: Model not found in latest microcode list
[    0.000000] x86/split lock detection: #DB: warning on user-space bus_locks
[    0.000000] BIOS-provided physical RAM map:
[    0.000000] BIOS-e820: [mem 0x0000000000000000-0x000000000009fbff] usable
[    0.000000] BIOS-e820: [mem 0x000000000009fc00-0x000000000009ffff] reserved
[    0.000000] BIOS-e820: [mem 0x00000000000f0000-0x00000000000fffff] reserved
[    0.000000] BIOS-e820: [mem 0x0000000000100000-0x000000007ffdffff] usable
[    0.000000] BIOS-e820: [mem 0x000000007ffe0000-0x000000007fffffff] reserved
[    0.000000] BIOS-e820: [mem 0x00000000feffc000-0x00000000feffffff] reserved
[    0.000000] BIOS-e820: [mem 0x00000000fffc0000-0x00000000ffffffff] reserved
[    0.000000] printk: legacy bootconsole [earlyser0] enabled
[    0.000000] NX (Execute Disable) protection: active
[    0.000000] APIC: Static calls initialized
[    0.000000] SMBIOS 2.8 present.
[    0.000000] DMI: QEMU Standard PC (i440FX + PIIX, 1996), BIOS rel-1.16.0-0-gd239552ce722-prebuilt.qemu.org 04/01/2014
[    0.000000] DMI: Memory slots populated: 1/1
[    0.000000] Hypervisor detected: KVM
[    0.000000] last_pfn = 0x7ffe0 max_arch_pfn = 0x400000000
[    0.000000] kvm-clock: Using msrs 4b564d01 and 4b564d00
[    0.000003] kvm-clock: using sched offset of 1053169924 cycles
[    0.000381] clocksource: kvm-clock: mask: 0xffffffffffffffff max_cycles: 0x1cd42e4dffb, max_idle_ns: 881590591483 ns
[    0.001562] tsc: Detected 1267.200 MHz processor
[    0.007359] last_pfn = 0x7ffe0 max_arch_pfn = 0x400000000
[    0.007781] MTRR map: 4 entries (3 fixed + 1 variable; max 19), built from 8 variable MTRRs
[    0.008383] x86/PAT: Configuration [0-7]: WB  WC  UC- UC  WB  WP  UC- WT  
[    0.017210] found SMP MP-table at [mem 0x000f5ba0-0x000f5baf]
[    0.017649] Using GB pages for direct mapping
[    0.019635] ACPI: Early table checksum verification disabled
[    0.020040] ACPI: RSDP 0x00000000000F59C0 000014 (v00 BOCHS )
[    0.020475] ACPI: RSDT 0x000000007FFE1951 000034 (v01 BOCHS  BXPC     00000001 BXPC 00000001)
[    0.021109] ACPI: FACP 0x000000007FFE17FD 000074 (v01 BOCHS  BXPC     00000001 BXPC 00000001)
[    0.021744] ACPI: DSDT 0x000000007FFE0040 0017BD (v01 BOCHS  BXPC     00000001 BXPC 00000001)
[    0.022369] ACPI: FACS 0x000000007FFE0000 000040
[    0.022714] ACPI: APIC 0x000000007FFE1871 000080 (v01 BOCHS  BXPC     00000001 BXPC 00000001)
[    0.023337] ACPI: HPET 0x000000007FFE18F1 000038 (v01 BOCHS  BXPC     00000001 BXPC 00000001)
[    0.023963] ACPI: WAET 0x000000007FFE1929 000028 (v01 BOCHS  BXPC     00000001 BXPC 00000001)
[    0.024587] ACPI: Reserving FACP table memory at [mem 0x7ffe17fd-0x7ffe1870]
[    0.025096] ACPI: Reserving DSDT table memory at [mem 0x7ffe0040-0x7ffe17fc]
[    0.025604] ACPI: Reserving FACS table memory at [mem 0x7ffe0000-0x7ffe003f]
[    0.026107] ACPI: Reserving APIC table memory at [mem 0x7ffe1871-0x7ffe18f0]
[    0.026612] ACPI: Reserving HPET table memory at [mem 0x7ffe18f1-0x7ffe1928]
[    0.027105] ACPI: Reserving WAET table memory at [mem 0x7ffe1929-0x7ffe1950]
[    0.028044] No NUMA configuration found
[    0.028326] Faking a node at [mem 0x0000000000000000-0x000000007ffdffff]
[    0.028829] NODE_DATA(0) allocated [mem 0x7ffb4ec0-0x7ffdfcbf]
[    0.029778] Zone ranges:
[    0.029967]   DMA      [mem 0x0000000000001000-0x0000000000ffffff]
[    0.030414]   DMA32    [mem 0x0000000001000000-0x000000007ffdffff]
[    0.030860]   Normal   empty
[    0.031069]   Device   empty
[    0.031279] Movable zone start for each node
[    0.031594] Early memory node ranges
[    0.031850]   node   0: [mem 0x0000000000001000-0x000000000009efff]
[    0.032300]   node   0: [mem 0x0000000000100000-0x000000007ffdffff]
[    0.032752] Initmem setup node 0 [mem 0x0000000000001000-0x000000007ffdffff]
[    0.033828] On node 0, zone DMA: 1 pages in unavailable ranges
[    0.034509] On node 0, zone DMA: 97 pages in unavailable ranges
[    0.074023] On node 0, zone DMA32: 32 pages in unavailable ranges
[    0.665062] KernelAddressSanitizer initialized (generic)
[    0.665781] ACPI: PM-Timer IO Port: 0x608
[    0.666099] ACPI: LAPIC_NMI (acpi_id[0xff] dfl dfl lint[0x1])
[    0.666609] IOAPIC[0]: apic_id 0, version 17, address 0xfec00000, GSI 0-23
[    0.667129] ACPI: INT_SRC_OVR (bus 0 bus_irq 0 global_irq 2 dfl dfl)
[    0.667591] ACPI: INT_SRC_OVR (bus 0 bus_irq 5 global_irq 5 high level)
[    0.668065] ACPI: INT_SRC_OVR (bus 0 bus_irq 9 global_irq 9 high level)
[    0.668541] ACPI: INT_SRC_OVR (bus 0 bus_irq 10 global_irq 10 high level)
[    0.669027] ACPI: INT_SRC_OVR (bus 0 bus_irq 11 global_irq 11 high level)
[    0.669524] ACPI: Using ACPI (MADT) for SMP configuration information
[    0.669991] ACPI: HPET id: 0x8086a201 base: 0xfed00000
[    0.670381] TSC deadline timer available
[    0.670677] CPU topo: Max. logical packages:   1
[    0.671014] CPU topo: Max. logical dies:       1
[    0.671349] CPU topo: Max. dies per package:   1
[    0.671684] CPU topo: Max. threads per core:   1
[    0.672018] CPU topo: Num. cores per package:     2
[    0.672367] CPU topo: Num. threads per package:   2
[    0.672721] CPU topo: Allowing 2 present CPUs plus 0 hotplug CPUs
[    0.673226] kvm-guest: APIC: eoi() replaced with kvm_guest_apic_eoi_write()
[    0.673792] kvm-guest: KVM setup pv remote TLB flush
[    0.674157] kvm-guest: setup PV sched yield
[    0.674520] PM: hibernation: Registered nosave memory: [mem 0x00000000-0x00000fff]
[    0.675070] PM: hibernation: Registered nosave memory: [mem 0x0009f000-0x000fffff]
[    0.675617] [mem 0x80000000-0xfeffbfff] available for PCI devices
[    0.676063] Booting paravirtualized kernel on KVM
[    0.676421] clocksource: refined-jiffies: mask: 0xffffffff max_cycles: 0xffffffff, max_idle_ns: 7645519600211568 ns
[    0.677200] setup_percpu: NR_CPUS:8192 nr_cpumask_bits:2 nr_cpu_ids:2 nr_node_ids:1
[    0.679791] percpu: Embedded 80 pages/cpu s290816 r8192 d28672 u1048576
[    0.680441] kvm-guest: PV spinlocks enabled
[    0.680760] PV qspinlock hash table entries: 256 (order: 0, 4096 bytes, linear)
[    0.681301] Kernel command line: net.ifnames=0 console=ttyS0 root=/dev/sda earlyprintk=serial net.ifnames=0 plymouth.enable=0
[    0.682513] random: crng init done
[    0.682771] printk: log buffer data + meta data: 262144 + 917504 = 1179648 bytes
[    0.685318] Dentry cache hash table entries: 262144 (order: 9, 2097152 bytes, linear)
[    0.686962] Inode-cache hash table entries: 131072 (order: 8, 1048576 bytes, linear)
[    0.687884] Fallback order for Node 0: 0 
[    0.687893] Built 1 zonelists, mobility grouping on.  Total pages: 524158
[    0.688619] Policy zone: DMA32
[    0.688838] mem auto-init: stack:off, heap alloc:off, heap free:off
[    0.689274] stackdepot: allocating hash table via alloc_large_system_hash
[    0.689752] stackdepot hash table entries: 1048576 (order: 12, 16777216 bytes, linear)
[    0.704340] stackdepot: allocating space for 8192 stack pools via memblock
[    0.758744] SLUB: HWalign=64, Order=0-3, MinObjects=0, CPUs=2, Nodes=1
[    0.759217] kmemleak: Kernel memory leak detector disabled
[    0.795825] ftrace: allocating 74640 entries in 292 pages
[    0.796230] ftrace: allocated 292 pages with 3 groups
[    0.800955] Dynamic Preempt: voluntary
[    0.801701] Running RCU self tests
[    0.801936] Running RCU synchronous self tests
[    0.802249] rcu: Preemptible hierarchical RCU implementation.
[    0.802654] rcu: 	RCU lockdep checking is enabled.
[    0.802993] rcu: 	RCU restricting CPUs from NR_CPUS=8192 to nr_cpu_ids=2.
[    0.803474] 	Trampoline variant of Tasks RCU enabled.
[    0.803823] 	Rude variant of Tasks RCU enabled.
[    0.804152] 	Tracing variant of Tasks RCU enabled.
[    0.804487] rcu: RCU calculated value of scheduler-enlistment delay is 25 jiffies.
[    0.805013] rcu: Adjusting geometry for rcu_fanout_leaf=16, nr_cpu_ids=2
[    0.805574] Running RCU synchronous self tests
[    0.805901] RCU Tasks: Setting shift to 1 and lim to 1 rcu_task_cb_adjust=1 rcu_task_cpu_ids=2.
[    0.806507] RCU Tasks Rude: Setting shift to 1 and lim to 1 rcu_task_cb_adjust=1 rcu_task_cpu_ids=2.
[    0.807137] RCU Tasks Trace: Setting shift to 1 and lim to 1 rcu_task_cb_adjust=1 rcu_task_cpu_ids=2.
[    0.865600] NR_IRQS: 524544, nr_irqs: 440, preallocated irqs: 16
[    0.866549] rcu: srcu_init: Setting srcu_struct sizes based on contention.
[    0.873215] Console: colour VGA+ 80x25
[    0.873560] printk: legacy console [ttyS0] enabled
[    0.873560] printk: legacy console [ttyS0] enabled
[    0.874267] printk: legacy bootconsole [earlyser0] disabled
[    0.874267] printk: legacy bootconsole [earlyser0] disabled
[    0.875094] Lock dependency validator: Copyright (c) 2006 Red Hat, Inc., Ingo Molnar
[    0.875667] ... MAX_LOCKDEP_SUBCLASSES:  8
[    0.875972] ... MAX_LOCK_DEPTH:          48
[    0.876282] ... MAX_LOCKDEP_KEYS:        8192
[    0.876615] ... CLASSHASH_SIZE:          4096
[    0.876943] ... MAX_LOCKDEP_ENTRIES:     524288
[    0.877279] ... MAX_LOCKDEP_CHAINS:      524288
[    0.877630] ... CHAINHASH_SIZE:          262144
[    0.877966]  memory used by lock dependency info: 54145 kB
[    0.878371]  memory used for stack traces: 4224 kB
[    0.878728]  per task-struct memory footprint: 1920 bytes
[    0.879215] ACPI: Core revision 20250807
[    0.879891] clocksource: hpet: mask: 0xffffffff max_cycles: 0xffffffff, max_idle_ns: 19112604467 ns
[    0.880735] APIC: Switch to symmetric I/O mode setup
[    0.881284] x2apic enabled
[    0.881828] APIC: Switched APIC routing to: physical x2apic
[    0.882239] kvm-guest: APIC: send_IPI_mask() replaced with kvm_send_ipi_mask()
[    0.882786] kvm-guest: APIC: send_IPI_mask_allbutself() replaced with kvm_send_ipi_mask_allbutself()
[    0.883453] kvm-guest: setup PV IPIs
[    0.884660] ..TIMER: vector=0x30 apic1=0 pin1=2 apic2=-1 pin2=-1
[    0.885119] clocksource: tsc-early: mask: 0xffffffffffffffff max_cycles: 0x12441513526, max_idle_ns: 440795239872 ns
[    0.885904] Calibrating delay loop (skipped) preset value.. 2534.40 BogoMIPS (lpj=5068800)
[    0.886651] CPU0: Thermal monitoring enabled (TM1)
[    0.887021] x86/cpu: User Mode Instruction Prevention (UMIP) activated
[    0.887612] Last level iTLB entries: 4KB 0, 2MB 0, 4MB 0
[    0.888006] Last level dTLB entries: 4KB 0, 2MB 0, 4MB 0, 1GB 0
[    0.888482] mitigations: Enabled attack vectors: user_kernel, user_user, guest_host, guest_guest, SMT mitigations: auto
[    0.889924] Speculative Store Bypass: Mitigation: Speculative Store Bypass disabled via prctl
[    0.890550] Spectre V2 : Mitigation: Enhanced / Automatic IBRS
[    0.890976] ITS: Mitigation: Aligned branch/return thunks
[    0.891375] Spectre V1 : Mitigation: usercopy/swapgs barriers and __user pointer sanitization
[    0.891989] Spectre V2 : WARNING: Unprivileged eBPF is enabled with eIBRS on, data leaks possible via Spectre v2 BHB attacks!
[    0.892812] Spectre V2 : Spectre v2 / PBRSB-eIBRS: Retire a single CALL on VMEXIT
[    0.893899] Spectre V2 : mitigation: Enabling conditional Indirect Branch Prediction Barrier
[    0.894487] active return thunk: its_return_thunk
[    0.894835] Spectre V2 : Spectre BHI mitigation: SW BHB clearing on syscall and VM exit
[    0.895432] x86/fpu: Supporting XSAVE feature 0x001: 'x87 floating point registers'
[    0.895983] x86/fpu: Supporting XSAVE feature 0x002: 'SSE registers'
[    0.896444] x86/fpu: Supporting XSAVE feature 0x004: 'AVX registers'
[    0.896907] x86/fpu: Supporting XSAVE feature 0x200: 'Protection Keys User registers'
[    0.897484] x86/fpu: xstate_offset[2]:  576, xstate_sizes[2]:  256
[    0.897894] x86/fpu: xstate_offset[9]:  832, xstate_sizes[9]:    8
[    0.898413] x86/fpu: Enabled xstate features 0x207, context size is 840 bytes, using 'compacted' format.
[    1.024247] Freeing SMP alternatives memory: 64K
[    1.024667] pid_max: default: 32768 minimum: 301
[    1.025321] LSM: initializing lsm=capability,yama,ima,evm
[    1.025856] Yama: becoming mindful.
[    1.026301] Mount-cache hash table entries: 4096 (order: 3, 32768 bytes, linear)
[    1.026888] Mountpoint-cache hash table entries: 4096 (order: 3, 32768 bytes, linear)
[    1.029234] Running RCU synchronous self tests
[    1.029899] Running RCU synchronous self tests
[    1.030683] smpboot: CPU0: Genuine Intel(R) 0000 @ (family: 0x6, model: 0xc6, stepping: 0x0)
[    1.032359] Performance Events: unsupported CPU family 6 model 198 no PMU driver, software events only.
[    1.033204] signal: max sigframe size: 3632
[    1.033723] rcu: Hierarchical SRCU implementation.
[    1.033890] rcu: 	Max phase no-delay instances is 1000.
[    1.034014] Timer migration: 1 hierarchy levels; 8 children per group; 1 crossnode level
[    1.046010] NMI watchdog: Perf NMI watchdog permanently disabled
[    1.046778] smp: Bringing up secondary CPUs ...
[    1.047910] smpboot: x86: Booting SMP configuration:
[    1.048323] .... node  #0, CPUs:      #1
[    1.049921] smp: Brought up 1 node, 2 CPUs
[    1.050548] smpboot: Total of 2 processors activated (5068.80 BogoMIPS)
[    1.051364] Memory: 1541060K/2096632K available (79894K kernel code, 15394K rwdata, 18464K rodata, 16236K init, 68400K bss, 544140K reserved, 0K cma-reserved)
[    1.054398] devtmpfs: initialized
[    1.055014] x86/mm: Memory block size: 128MB
[    1.067268] Running RCU synchronous self tests
[    1.067268] Running RCU synchronous self tests
[    1.067589] Running RCU Tasks wait API self tests
[    1.069952] Running RCU Tasks Rude wait API self tests
[    1.070290] Running RCU Tasks Trace wait API self tests
[    1.093942] clocksource: jiffies: mask: 0xffffffff max_cycles: 0xffffffff, max_idle_ns: 7645041785100000 ns
[    1.094909] posixtimers hash table entries: 1024 (order: 4, 73728 bytes, linear)
[    1.095588] futex hash table entries: 512 (65536 bytes on 1 NUMA nodes, total 64 KiB, linear).
[    1.096760] pinctrl core: initialized pinctrl subsystem
[    1.098454] 
[    1.098580] *************************************************************
[    1.099078] **     NOTICE NOTICE NOTICE NOTICE NOTICE NOTICE NOTICE    **
[    1.099579] **                                                         **
[    1.100079] **  IOMMU DebugFS SUPPORT HAS BEEN ENABLED IN THIS KERNEL  **
[    1.100579] **                                                         **
[    1.101078] ** This means that this kernel is built to expose internal **
[    1.101582] ** IOMMU data structures, which may compromise security on **
[    1.101899] ** your system.                                            **
[    1.102405] **                                                         **
[    1.102903] ** If you see this message and you are not debugging the   **
[    1.103408] ** kernel, report this immediately to your vendor!         **
[    1.103905] **                                                         **
[    1.104405] **     NOTICE NOTICE NOTICE NOTICE NOTICE NOTICE NOTICE    **
[    1.104903] *************************************************************
[    1.105499] PM: RTC time: 17:30:35, date: 2025-12-04
[    1.110288] NET: Registered PF_NETLINK/PF_ROUTE protocol family
[    1.112123] DMA: preallocated 256 KiB GFP_KERNEL pool for atomic allocations
[    1.112662] DMA: preallocated 256 KiB GFP_KERNEL|GFP_DMA pool for atomic allocations
[    1.113265] DMA: preallocated 256 KiB GFP_KERNEL|GFP_DMA32 pool for atomic allocations
[    1.113939] audit: initializing netlink subsys (disabled)
[    1.114404] audit: type=2000 audit(1764869435.502:1): state=initialized audit_enabled=0 res=1
[    1.118095] thermal_sys: Registered thermal governor 'fair_share'
[    1.118108] thermal_sys: Registered thermal governor 'bang_bang'
[    1.117951] Callback from call_rcu_tasks_trace() invoked.
[    1.118623] thermal_sys: Registered thermal governor 'step_wise'
[    1.118628] thermal_sys: Registered thermal governor 'user_space'
[    1.120049] cpuidle: using governor ladder
[    1.120049] cpuidle: using governor menu
[    1.120049] acpiphp: ACPI Hot Plug PCI Controller Driver version: 0.5
[    1.122732] PCI: Using configuration type 1 for base access
[    1.123489] kprobes: kprobe jump-optimization is enabled. All kprobes are optimized if possible.
[    1.249012] HugeTLB: registered 1.00 GiB page size, pre-allocated 0 pages
[    1.249597] HugeTLB: 16380 KiB vmemmap can be freed for a 1.00 GiB page
[    1.249900] HugeTLB: registered 2.00 MiB page size, pre-allocated 0 pages
[    1.250416] HugeTLB: 28 KiB vmemmap can be freed for a 2.00 MiB page
[    1.334730] ACPI: Added _OSI(Module Device)
[    1.335117] ACPI: Added _OSI(Processor Device)
[    1.335474] ACPI: Added _OSI(Processor Aggregator Device)
[    1.349619] ACPI: 1 ACPI AML tables successfully acquired and loaded
[    1.363413] ACPI: Interpreter enabled
[    1.363908] ACPI: PM: (supports S0 S3 S4 S5)
[    1.364246] ACPI: Using IOAPIC for interrupt routing
[    1.364810] PCI: Using host bridge windows from ACPI; if necessary, use "pci=nocrs" and report a bug
[    1.365514] PCI: Using E820 reservations for host bridge windows
[    1.367046] ACPI: Enabled 2 GPEs in block 00 to 0F
[    1.403636] ACPI: PCI Root Bridge [PCI0] (domain 0000 [bus 00-ff])
[    1.404197] acpi PNP0A03:00: _OSC: OS supports [ASPM ClockPM Segments MSI EDR HPX-Type3]
[    1.404835] acpi PNP0A03:00: _OSC: not requesting OS control; OS requires [ExtendedConfig ASPM ClockPM MSI]
[    1.405778] acpi PNP0A03:00: fail to add MMCONFIG information, can't access extended configuration space under this bridge
[    1.410255] acpiphp: Slot [3] registered
[    1.410690] acpiphp: Slot [4] registered
[    1.411138] acpiphp: Slot [5] registered
[    1.411596] acpiphp: Slot [6] registered
[    1.412050] acpiphp: Slot [7] registered
[    1.412487] acpiphp: Slot [8] registered
[    1.412930] acpiphp: Slot [9] registered
[    1.413395] acpiphp: Slot [10] registered
[    1.413840] acpiphp: Slot [11] registered
[    1.414019] acpiphp: Slot [12] registered
[    1.414465] acpiphp: Slot [13] registered
[    1.414955] acpiphp: Slot [14] registered
[    1.415417] acpiphp: Slot [15] registered
[    1.415859] acpiphp: Slot [16] registered
[    1.416304] acpiphp: Slot [17] registered
[    1.416766] acpiphp: Slot [18] registered
[    1.417205] acpiphp: Slot [19] registered
[    1.417642] acpiphp: Slot [20] registered
[    1.418013] acpiphp: Slot [21] registered
[    1.418494] acpiphp: Slot [22] registered
[    1.418933] acpiphp: Slot [23] registered
[    1.419370] acpiphp: Slot [24] registered
[    1.419805] acpiphp: Slot [25] registered
[    1.420271] acpiphp: Slot [26] registered
[    1.420702] acpiphp: Slot [27] registered
[    1.421130] acpiphp: Slot [28] registered
[    1.421564] acpiphp: Slot [29] registered
[    1.422025] acpiphp: Slot [30] registered
[    1.422468] acpiphp: Slot [31] registered
[    1.422870] PCI host bridge to bus 0000:00
[    1.423259] pci_bus 0000:00: root bus resource [io  0x0000-0x0cf7 window]
[    1.423801] pci_bus 0000:00: root bus resource [io  0x0d00-0xffff window]
[    1.424341] pci_bus 0000:00: root bus resource [mem 0x000a0000-0x000bffff window]
[    1.424929] pci_bus 0000:00: root bus resource [mem 0x80000000-0xfebfffff window]
[    1.425521] pci_bus 0000:00: root bus resource [mem 0x100000000-0x17fffffff window]
[    1.429906] pci_bus 0000:00: root bus resource [bus 00-ff]
[    1.430475] pci 0000:00:00.0: [8086:1237] type 00 class 0x060000 conventional PCI endpoint
[    1.439430] pci 0000:00:01.0: [8086:7000] type 00 class 0x060100 conventional PCI endpoint
[    1.441411] pci 0000:00:01.1: [8086:7010] type 00 class 0x010180 conventional PCI endpoint
[    1.442467] pci 0000:00:01.1: BAR 4 [io  0xc040-0xc04f]
[    1.442919] pci 0000:00:01.1: BAR 0 [io  0x01f0-0x01f7]: legacy IDE quirk
[    1.443455] pci 0000:00:01.1: BAR 1 [io  0x03f6]: legacy IDE quirk
[    1.443949] pci 0000:00:01.1: BAR 2 [io  0x0170-0x0177]: legacy IDE quirk
[    1.444483] pci 0000:00:01.1: BAR 3 [io  0x0376]: legacy IDE quirk
[    1.445476] pci 0000:00:01.3: [8086:7113] type 00 class 0x068000 conventional PCI endpoint
[    1.446181] pci 0000:00:01.3: quirk: [io  0x0600-0x063f] claimed by PIIX4 ACPI
[    1.446765] pci 0000:00:01.3: quirk: [io  0x0700-0x070f] claimed by PIIX4 SMB
[    1.447858] pci 0000:00:02.0: [1234:1111] type 00 class 0x030000 conventional PCI endpoint
[    1.463127] pci 0000:00:02.0: BAR 0 [mem 0xfd000000-0xfdffffff pref]
[    1.463820] pci 0000:00:02.0: BAR 2 [mem 0xfebf0000-0xfebf0fff]
[    1.464315] pci 0000:00:02.0: ROM [mem 0xfebe0000-0xfebeffff pref]
[    1.465364] pci 0000:00:02.0: Video device with shadowed ROM at [mem 0x000c0000-0x000dffff]
[    1.479409] pci 0000:00:03.0: [8086:100e] type 00 class 0x020000 conventional PCI endpoint
[    1.481318] pci 0000:00:03.0: BAR 0 [mem 0xfebc0000-0xfebdffff]
[    1.481809] pci 0000:00:03.0: BAR 1 [io  0xc000-0xc03f]
[    1.481929] pci 0000:00:03.0: ROM [mem 0xfeb80000-0xfebbffff pref]
[    1.503225] ACPI: PCI: Interrupt link LNKA configured for IRQ 10
[    1.504738] ACPI: PCI: Interrupt link LNKB configured for IRQ 10
[    1.506089] ACPI: PCI: Interrupt link LNKC configured for IRQ 11
[    1.507436] ACPI: PCI: Interrupt link LNKD configured for IRQ 11
[    1.508295] ACPI: PCI: Interrupt link LNKS configured for IRQ 9
[    1.512832] iommu: Default domain type: Translated
[    1.513246] iommu: DMA domain TLB invalidation policy: lazy mode
[    1.519161] SCSI subsystem initialized
[    1.520367] ACPI: bus type USB registered
[    1.521049] usbcore: registered new interface driver usbfs
[    1.521651] usbcore: registered new interface driver hub
[    1.522015] usbcore: registered new device driver usb
[    1.523005] pps_core: LinuxPPS API ver. 1 registered
[    1.523443] pps_core: Software ver. 5.3.6 - Copyright 2005-2007 Rodolfo Giometti <giometti@linux.it>
[    1.524212] PTP clock support registered
[    1.525134] EDAC MC: Ver: 3.0.0
[    1.530118] NetLabel: Initializing
[    1.530426] NetLabel:  domain hash size = 128
[    1.530787] NetLabel:  protocols = UNLABELED CIPSOv4 CALIPSO
[    1.531475] NetLabel:  unlabeled traffic allowed by default
[    1.532888] PCI: Using ACPI for IRQ routing
[    1.533755] pci 0000:00:02.0: vgaarb: setting as boot VGA device
[    1.533890] pci 0000:00:02.0: vgaarb: bridge control possible
[    1.533890] pci 0000:00:02.0: vgaarb: VGA device added: decodes=io+mem,owns=io+mem,locks=none
[    1.533909] vgaarb: loaded
[    1.535284] hpet0: at MMIO 0xfed00000, IRQs 2, 8, 0
[    1.535709] hpet0: 3 comparators, 64-bit 100.000000 MHz counter
[    1.555932] clocksource: Switched to clocksource kvm-clock
[    1.563490] VFS: Disk quotas dquot_6.6.0
[    1.563879] VFS: Dquot-cache hash table entries: 512 (order 0, 4096 bytes)
[    1.566814] pnp: PnP ACPI init
[    1.571316] pnp: PnP ACPI: found 6 devices
[    1.592197] clocksource: acpi_pm: mask: 0xffffff max_cycles: 0xffffff, max_idle_ns: 2085701024 ns
[    1.593529] NET: Registered PF_INET protocol family
[    1.594380] IP idents hash table entries: 32768 (order: 6, 262144 bytes, linear)
[    1.596911] tcp_listen_portaddr_hash hash table entries: 1024 (order: 4, 73728 bytes, linear)
[    1.597702] Table-perturb hash table entries: 65536 (order: 6, 262144 bytes, linear)
[    1.598399] TCP established hash table entries: 16384 (order: 5, 131072 bytes, linear)
[    1.599726] TCP bind hash table entries: 16384 (order: 9, 2359296 bytes, linear)
[    1.602790] TCP: Hash tables configured (established 16384 bind 16384)
[    1.603644] UDP hash table entries: 1024 (order: 6, 262144 bytes, linear)
[    1.604441] UDP-Lite hash table entries: 1024 (order: 6, 262144 bytes, linear)
[    1.605625] NET: Registered PF_UNIX/PF_LOCAL protocol family
[    1.607865] RPC: Registered named UNIX socket transport module.
[    1.608485] RPC: Registered udp transport module.
[    1.609354] RPC: Registered tcp transport module.
[    1.610186] RPC: Registered tcp-with-tls transport module.
[    1.611232] RPC: Registered tcp NFSv4.1 backchannel transport module.
[    1.612623] pci_bus 0000:00: resource 4 [io  0x0000-0x0cf7 window]
[    1.613640] pci_bus 0000:00: resource 5 [io  0x0d00-0xffff window]
[    1.614149] pci_bus 0000:00: resource 6 [mem 0x000a0000-0x000bffff window]
[    1.614715] pci_bus 0000:00: resource 7 [mem 0x80000000-0xfebfffff window]
[    1.615309] pci_bus 0000:00: resource 8 [mem 0x100000000-0x17fffffff window]
[    1.616258] pci 0000:00:01.0: PIIX3: Enabling Passive Release
[    1.616759] pci 0000:00:00.0: Limiting direct PCI/PCI transfers
[    1.617341] PCI: CLS 0 bytes, default 64
[    1.618443] ACPI: bus type thunderbolt registered
[    1.619426] clocksource: tsc: mask: 0xffffffffffffffff max_cycles: 0x12441513526, max_idle_ns: 440795239872 ns
[    3.450195] Initialise system trusted keyrings
[    3.450696] Key type blacklist registered
[    3.451589] workingset: timestamp_bits=36 max_order=19 bucket_order=0
[    3.454495] squashfs: version 4.0 (2009/01/31) Phillip Lougher
[    3.457561] NFS: Registering the id_resolver key type
[    3.458079] Key type id_resolver registered
[    3.458412] Key type id_legacy registered
[    3.458777] nfs4filelayout_init: NFSv4 File Layout Driver Registering...
[    3.459357] nfs4flexfilelayout_init: NFSv4 Flexfile Layout Driver Registering...
[    3.460765] fuse: init (API version 7.45)
[    3.462150] SGI XFS with ACLs, security attributes, realtime, quota, no debug enabled
[    3.464717] 9p: Installing v9fs 9p2000 file system support
[    3.475403] Key type asymmetric registered
[    3.475749] Asymmetric key parser 'x509' registered
[    3.476330] Block layer SCSI generic (bsg) driver version 0.4 loaded (major 241)
[    3.477253] io scheduler mq-deadline registered
[    3.477715] io scheduler bfq registered
[    3.478593] ledtrig-cpu: registered to indicate activity on CPUs
[    3.481595] IPMI message handler: version 39.2
[    3.482046] ipmi device interface
[    3.484529] input: Power Button as /devices/LNXSYSTM:00/LNXPWRBN:00/input/input0
[    3.486181] ACPI: button: Power Button [PWRF]
[    3.488925] ERST DBG: ERST support is disabled.
[    3.491059] Serial: 8250/16550 driver, 32 ports, IRQ sharing enabled
[    3.492779] 00:04: ttyS0 at I/O 0x3f8 (irq = 4, base_baud = 115200) is a 16550A
[    3.530726] Linux agpgart interface v0.103
[    3.534396] ACPI: bus type drm_connector registered
[    3.562470] brd: module loaded
[    3.566994] Callback from call_rcu_tasks() invoked.
[    3.579816] loop: module loaded
[    3.595167] scsi host0: ata_piix
[    3.597214] scsi host1: ata_piix
[    3.597894] ata1: PATA max MWDMA2 cmd 0x1f0 ctl 0x3f6 bmdma 0xc040 irq 14 lpm-pol 0
[    3.598449] ata2: PATA max MWDMA2 cmd 0x170 ctl 0x376 bmdma 0xc048 irq 15 lpm-pol 0
[    3.603160] tun: Universal TUN/TAP device driver, 1.6
[    3.604404] e100: Intel(R) PRO/100 Network Driver
[    3.604771] e100: Copyright(c) 1999-2006 Intel Corporation
[    3.605306] e1000: Intel(R) PRO/1000 Network Driver
[    3.605670] e1000: Copyright (c) 1999-2006 Intel Corporation.
[    3.755101] ata1: found unknown device (class 0)
[    3.756002] ata2: found unknown device (class 0)
[    3.756763] ata2.00: ATAPI: QEMU DVD-ROM, 2.5+, max UDMA/100
[    3.757566] ata1.00: ATA-7: QEMU HARDDISK, 2.5+, max UDMA/100
[    3.757993] ata1.00: 17196647 sectors, multi 16: LBA48 
[    3.759942] scsi 0:0:0:0: Direct-Access     ATA      QEMU HARDDISK    2.5+ PQ: 0 ANSI: 5
[    3.763219] sd 0:0:0:0: Attached scsi generic sg0 type 0
[    3.764046] sd 0:0:0:0: [sda] 17196647 512-byte logical blocks: (8.80 GB/8.20 GiB)
[    3.765198] sd 0:0:0:0: [sda] Write Protect is off
[    3.765618] scsi 1:0:0:0: CD-ROM            QEMU     QEMU DVD-ROM     2.5+ PQ: 0 ANSI: 5
[    3.766435] sd 0:0:0:0: [sda] Write cache: enabled, read cache: enabled, doesn't support DPO or FUA
[    3.768045] sd 0:0:0:0: [sda] Preferred minimum I/O size 512 bytes
[    3.789255] scsi 1:0:0:0: Attached scsi generic sg1 type 5
[    3.791718] sd 0:0:0:0: [sda] Attached SCSI disk
[    4.264944] ACPI: \_SB_.LNKC: Enabled at IRQ 11
[    4.574439] e1000 0000:00:03.0 eth0: (PCI:33MHz:32-bit) 52:54:00:12:34:56
[    4.575021] e1000 0000:00:03.0 eth0: Intel(R) PRO/1000 Network Connection
[    4.575726] e1000e: Intel(R) PRO/1000 Network Driver
[    4.576090] e1000e: Copyright(c) 1999 - 2015 Intel Corporation.
[    4.576674] igb: Intel(R) Gigabit Ethernet Network Driver
[    4.577064] igb: Copyright (c) 2007-2014 Intel Corporation.
[    4.577829] PPP generic driver version 2.4.2
[    4.579909] VFIO - User Level meta-driver version: 0.3
[    4.582183] usbcore: registered new interface driver uas
[    4.582730] usbcore: registered new interface driver usb-storage
[    4.584245] i8042: PNP: PS/2 Controller [PNP0303:KBD,PNP0f13:MOU] at 0x60,0x64 irq 1,12
[    4.585810] serio: i8042 KBD port at 0x60,0x64 irq 1
[    4.586240] serio: i8042 AUX port at 0x60,0x64 irq 12
[    4.588421] mousedev: PS/2 mouse device common for all mice
[    4.591030] rtc_cmos 00:05: RTC can wake from S4
[    4.591305] input: AT Translated Set 2 keyboard as /devices/platform/i8042/serio0/input/input1
[    4.593707] rtc_cmos 00:05: registered as rtc0
[    4.594012] input: VirtualPS/2 VMware VMMouse as /devices/platform/i8042/serio1/input/input4
[    4.594162] rtc_cmos 00:05: setting system clock to 2025-12-04T17:30:38 UTC (1764869438)
[    4.595736] rtc_cmos 00:05: alarms up to one day, y3k, 242 bytes nvram, hpet irqs
[    4.595780] input: VirtualPS/2 VMware VMMouse as /devices/platform/i8042/serio1/input/input3
[    4.596371] i2c_dev: i2c /dev entries driver
[    4.597639] device-mapper: core: CONFIG_IMA_DISABLE_HTABLE is disabled. Duplicate IMA measurements will not be recorded in the IMA log.
[    4.598599] device-mapper: uevent: version 1.0.3
[    4.599532] device-mapper: ioctl: 4.50.0-ioctl (2025-04-28) initialised: dm-devel@lists.linux.dev
[    4.600222] intel_pstate: CPU model not supported
[    4.600867] sdhci: Secure Digital Host Controller Interface driver
[    4.601345] sdhci: Copyright(c) Pierre Ossman
[    4.601929] sdhci-pltfm: SDHCI platform and OF driver helper
[    4.603055] drop_monitor: Initializing network drop monitor service
[    4.603972] NET: Registered PF_INET6 protocol family
[    4.606685] Segment Routing with IPv6
[    4.607086] In-situ OAM (IOAM) with IPv6
[    4.607473] NET: Registered PF_PACKET protocol family
[    4.608347] 9pnet: Installing 9P2000 support
[    4.608829] Key type dns_resolver registered
[    4.611396] IPI shorthand broadcast: enabled
[    4.664407] sched_clock: Marking stable (4648009766, 14857306)->(4666069987, -3202915)
[    4.666411] registered taskstats version 1
[    4.667807] Loading compiled-in X.509 certificates
[    4.736277] Demotion targets for Node 0: null
[    4.738316] Key type .fscrypt registered
[    4.738636] Key type fscrypt-provisioning registered
[    4.743853] Key type encrypted registered
[    4.744275] ima: No TPM chip found, activating TPM-bypass!
[    4.744723] ima: Allocated hash algorithm: sha1
[    4.745166] ima: No architecture policies found
[    4.745705] evm: Initialising EVM extended attributes:
[    4.746096] evm: security.selinux
[    4.746358] evm: security.SMACK64
[    4.746614] evm: security.SMACK64EXEC
[    4.746919] evm: security.SMACK64TRANSMUTE
[    4.747232] evm: security.SMACK64MMAP
[    4.747519] evm: security.apparmor
[    4.747779] evm: security.ima
[    4.748009] evm: security.capability
[    4.748289] evm: HMAC attrs: 0x1
[    4.750963] PM:   Magic number: 5:618:541
[    4.752642] RAS: Correctable Errors collector initialized.
[    4.753883] clk: Disabling unused clocks
[    4.754220] PM: genpd: Disabling unused power domains
[    4.755379] check access for rdinit=/init failed: -2, ignoring
[    4.755681] md: Waiting for all devices to be available before autodetect
[    4.756012] md: If you don't use raid, use raid=noautodetect
[    4.756296] md: Autodetecting RAID arrays.
[    4.756523] md: autorun ...
[    4.756674] md: ... autorun DONE.
[    4.770774] EXT4-fs (sda): mounted filesystem 088740a9-c8b4-422c-999d-a804eb68a4da ro with ordered data mode. Quota mode: none.
[    4.771512] VFS: Mounted root (ext4 filesystem) readonly on device 8:0.
[    4.774715] devtmpfs: mounted
[    4.794898] Freeing unused decrypted memory: 2036K
[    4.808327] Freeing unused kernel image (initmem) memory: 16236K
[    4.808834] Write protecting the kernel read-only data: 102400k
[    4.813087] Freeing unused kernel image (text/rodata gap) memory: 2024K
[    4.815919] Freeing unused kernel image (rodata/data gap) memory: 2016K
[    4.875553] x86/mm: Checked W+X mappings: passed, no W+X pages found.
[    4.875896] Run /sbin/init as init process
[    5.081623] systemd[1]: systemd 252-15.el9 running in system mode (+PAM +AUDIT +SELINUX -APPARMOR +IMA +SMACK +SECCOMP +GCRYPT +GNUTLS +OPENSSL +ACL +BLKID +CURL +ELFUTILS -FIDO2 +IDN2 -IDN -IPTC +KMOD +LIBCRYPTSETUP +LIBFDISK +PCRE2 -PWQUALITY +P11KIT -QRENCODE +TPM2 +BZIP2 +LZ4 +XZ +ZLIB +ZSTD -BPF_FRAMEWORK +XKBCOMMON +UTMP +SYSVINIT default-hierarchy=unified)
[    5.083084] systemd[1]: Detected virtualization kvm.
[    5.083328] systemd[1]: Detected architecture x86-64.

Welcome to [0;31mCentOS Stream 9[0m!

[    5.089901] systemd[1]: Hostname set to <test>.
[    5.303947] systemd-rc-local-generator[119]: /etc/rc.d/rc.local is not marked executable, skipping.
[    5.686257] systemd[1]: Queued start job for default target Multi-User System.
[    5.710637] systemd[1]: Created slice Virtual Machine and Container Slice.
[[0;32m  OK  [0m] Created slice [0;1;39mVirtual Machine and Container Slice[0m.
[    5.715379] systemd[1]: Created slice Slice /system/getty.
[[0;32m  OK  [0m] Created slice [0;1;39mSlice /system/getty[0m.
[    5.718012] systemd[1]: Created slice Slice /system/modprobe.
[[0;32m  OK  [0m] Created slice [0;1;39mSlice /system/modprobe[0m.
[    5.720599] systemd[1]: Created slice Slice /system/serial-getty.
[[0;32m  OK  [0m] Created slice [0;1;39mSlice /system/serial-getty[0m.
[    5.723200] systemd[1]: Created slice Slice /system/sshd-keygen.
[[0;32m  OK  [0m] Created slice [0;1;39mSlice /system/sshd-keygen[0m.
[    5.725606] systemd[1]: Created slice User and Session Slice.
[[0;32m  OK  [0m] Created slice [0;1;39mUser and Session Slice[0m.
[    5.726901] systemd[1]: Started Forward Password Requests to Wall Directory Watch.
[[0;32m  OK  [0m] Started [0;1;39mForward Password R…uests to Wall Directory Watch[0m.
[    5.729080] systemd[1]: Set up automount Arbitrary Executable File Formats File System Automount Point.
[[0;32m  OK  [0m] Set up automount [0;1;39mArbitrary…s File System Automount Point[0m.
[    5.730424] systemd[1]: Reached target Local Integrity Protected Volumes.
[[0;32m  OK  [0m] Reached target [0;1;39mLocal Integrity Protected Volumes[0m.
[    5.731501] systemd[1]: Reached target Slice Units.
[[0;32m  OK  [0m] Reached target [0;1;39mSlice Units[0m.
[    5.732387] systemd[1]: Reached target Swaps.
[[0;32m  OK  [0m] Reached target [0;1;39mSwaps[0m.
[    5.733283] systemd[1]: Reached target Local Verity Protected Volumes.
[[0;32m  OK  [0m] Reached target [0;1;39mLocal Verity Protected Volumes[0m.
[    5.734739] systemd[1]: Listening on Device-mapper event daemon FIFOs.
[[0;32m  OK  [0m] Listening on [0;1;39mDevice-mapper event daemon FIFOs[0m.
[    5.736566] systemd[1]: Listening on LVM2 poll daemon socket.
[[0;32m  OK  [0m] Listening on [0;1;39mLVM2 poll daemon socket[0m.
[    5.738035] systemd[1]: multipathd control socket was skipped because of an unmet condition check (ConditionPathExists=/etc/multipath.conf).
[    5.782386] systemd[1]: Listening on RPCbind Server Activation Socket.
[[0;32m  OK  [0m] Listening on [0;1;39mRPCbind Server Activation Socket[0m.
[    5.783636] systemd[1]: Reached target RPC Port Mapper.
[[0;32m  OK  [0m] Reached target [0;1;39mRPC Port Mapper[0m.
[    5.786798] systemd[1]: Listening on Process Core Dump Socket.
[[0;32m  OK  [0m] Listening on [0;1;39mProcess Core Dump Socket[0m.
[    5.788267] systemd[1]: Listening on initctl Compatibility Named Pipe.
[[0;32m  OK  [0m] Listening on [0;1;39minitctl Compatibility Named Pipe[0m.
[    5.789772] systemd[1]: Listening on Journal Socket (/dev/log).
[[0;32m  OK  [0m] Listening on [0;1;39mJournal Socket (/dev/log)[0m.
[    5.791089] systemd[1]: Listening on Journal Socket.
[[0;32m  OK  [0m] Listening on [0;1;39mJournal Socket[0m.
[    5.792411] systemd[1]: Listening on udev Control Socket.
[[0;32m  OK  [0m] Listening on [0;1;39mudev Control Socket[0m.
[    5.793494] systemd[1]: Listening on udev Kernel Socket.
[[0;32m  OK  [0m] Listening on [0;1;39mudev Kernel Socket[0m.
[    5.798829] systemd[1]: Mounting Huge Pages File System...
         Mounting [0;1;39mHuge Pages File System[0m...
[    5.804660] systemd[1]: Mounting POSIX Message Queue File System...
         Mounting [0;1;39mPOSIX Message Queue File System[0m...
[    5.814041] systemd[1]: Mounting Kernel Debug File System...
         Mounting [0;1;39mKernel Debug File System[0m...
[    5.822424] systemd[1]: Mounting Kernel Trace File System...
         Mounting [0;1;39mKernel Trace File System[0m...
[    5.824159] systemd[1]: Kernel Module supporting RPCSEC_GSS was skipped because of an unmet condition check (ConditionPathExists=/etc/krb5.keytab).
[    5.824878] systemd[1]: Create List of Static Device Nodes was skipped because of an unmet condition check (ConditionFileNotEmpty=/lib/modules/6.18.0-rc1-b2f35ac4146d+/modules.devname).
[    5.830486] systemd[1]: Starting Monitoring of LVM2 mirrors, snapshots etc. using dmeventd or progress polling...
         Starting [0;1;39mMonitoring of LVM…meventd or progress polling[0m...
[    5.836530] systemd[1]: Starting Load Kernel Module configfs...
         Starting [0;1;39mLoad Kernel Module configfs[0m...
[    5.843831] systemd[1]: Starting Load Kernel Module drm...
         Starting [0;1;39mLoad Kernel Module drm[0m...
[    5.855151] systemd[1]: Starting Load Kernel Module fuse...
         Starting [0;1;39mLoad Kernel Module fuse[0m...
[    5.863661] systemd[1]: Starting Read and set NIS domainname from /etc/sysconfig/network...
         Starting [0;1;39mRead and set NIS …from /etc/sysconfig/network[0m...
[    5.878629] systemd[1]: Starting Journal Service...
         Starting [0;1;39mJournal Service[0m...
[    5.886987] systemd[1]: Starting Load Kernel Modules...
         Starting [0;1;39mLoad Kernel Modules[0m...
[    5.900288] systemd[1]: Starting Generate network units from Kernel command line...
         Starting [0;1;39mGenerate network …ts from Kernel command line[0m...
[    5.930675] systemd[1]: Starting Remount Root and Kernel File Systems...
         Starting [0;1;39mRemount Root and Kernel File Systems[0m...
[    5.932157] systemd[1]: Repartition Root Disk was skipped because no trigger condition checks were met.
[    5.946392] systemd[1]: Starting Coldplug All udev Devices...
         Starting [0;1;39mColdplug All udev Devices[0m...
[    5.966758] systemd[1]: Mounted Huge Pages File System.
[[0;32m  OK  [0m] Mounted [0;1;39mHuge Pages File System[0m.
[    5.972487] systemd[1]: Mounted POSIX Message Queue File System.
[[0;32m  OK  [0m] Mounted [0;1;39mPOSIX Message Queue File System[0m.
[    5.973853] systemd[1]: Mounted Kernel Debug File System.
[[0;32m  OK  [0m] Mounted [0;1;39mKernel Debug File System[0m.
[    5.979989] systemd[1]: Mounted Kernel Trace File System.
[[0;32m  OK  [0m] Mounted [0;1;39mKernel Trace File System[0m.
[    5.982080] systemd[1]: modprobe@configfs.service: Deactivated successfully.
[    5.992005] systemd[1]: Finished Load Kernel Module configfs.
[[0;32m  OK  [0m] Finished [0;1;39mLoad Kernel Module configfs[0m.
[    5.999021] systemd[1]: Finished Monitoring of LVM2 mirrors, snapshots etc. using dmeventd or progress polling.
[[0;32m  OK  [0m] Finished [0;1;39mMonitoring of LVM… dmeventd or progress polling[0m.
[    6.004243] systemd[1]: modprobe@drm.service: Deactivated successfully.
[    6.006989] systemd[1]: Finished Load Kernel Module drm.
[[0;32m  OK  [0m] Finished [0;1;39mLoad Kernel Module drm[0m.
[    6.012762] systemd[1]: modprobe@fuse.service: Deactivated successfully.
[    6.014049] systemd[1]: Finished Load Kernel Module fuse.
[[0;32m  OK  [0m] Finished [0;1;39mLoad Kernel Module fuse[0m.
[    6.020289] systemd[1]: Finished Read and set NIS domainname from /etc/sysconfig/network.
[[0;32m  OK  [0m] Finished [0;1;39mRead and set NIS …e from /etc/sysconfig/network[0m.
[    6.023417] systemd[1]: systemd-modules-load.service: Main process exited, code=exited, status=1/FAILURE
[    6.024607] systemd[1]: systemd-modules-load.service: Failed with result 'exit-code'.
[    6.031007] systemd[1]: Failed to start Load Kernel Modules.
[[0;1;31mFAILED[0m] Failed to start [0;1;39mLoad Kernel Modules[0m.
See 'systemctl status systemd-modules-load.service' for details.
[    6.033614] systemd[1]: Finished Generate network units from Kernel command line.
[[0;32m  OK  [0m] Finished [0;1;39mGenerate network units from Kernel command line[0m.
[    6.039672] systemd[1]: Reached target Preparation for Network.
[[0;32m  OK  [0m] Reached target [0;1;39mPreparation for Network[0m.
[    6.054082] EXT4-fs (sda): re-mounted 088740a9-c8b4-422c-999d-a804eb68a4da r/w.
[    6.056109] systemd[1]: Mounting FUSE Control File System...
         Mounting [0;1;39mFUSE Control File System[0m...
[    6.071081] systemd[1]: Mounting Kernel Configuration File System...
         Mounting [0;1;39mKernel Configuration File System[0m...
[    6.091713] systemd[1]: Starting Apply Kernel Variables...
         Starting [0;1;39mApply Kernel Variables[0m...
[    6.101513] systemd[1]: Started Journal Service.
[[0;32m  OK  [0m] Started [0;1;39mJournal Service[0m.
[[0;32m  OK  [0m] Finished [0;1;39mRemount Root and Kernel File Systems[0m.
[[0;32m  OK  [0m] Mounted [0;1;39mFUSE Control File System[0m.
[[0;32m  OK  [0m] Mounted [0;1;39mKernel Configuration File System[0m.
         Starting [0;1;39mFlush Journal to Persistent Storage[0m...
         Starting [0;1;39mLoad/Save Random Seed[0m...
         Starting [0;1;39mCreate Static Device Nodes in /dev[0m...
         Starting [0;1;39mSetup Virtual Console[0m...
[    6.187421] systemd-journald[141]: Received client request to flush runtime journal.
[[0;32m  OK  [0m] Finished [0;1;39mApply Kernel Variables[0m.
[[0;32m  OK  [0m] Finished [0;1;39mFlush Journal to Persistent Storage[0m.
[[0;32m  OK  [0m] Finished [0;1;39mLoad/Save Random Seed[0m.
[[0;32m  OK  [0m] Finished [0;1;39mCreate Static Device Nodes in /dev[0m.
         Starting [0;1;39mRule-based Manage…for Device Events and Files[0m...
[[0;32m  OK  [0m] Finished [0;1;39mColdplug All udev Devices[0m.
         Starting [0;1;39mWait for udev To …plete Device Initialization[0m...
[[0;32m  OK  [0m] Started [0;1;39mRule-based Manager for Device Events and Files[0m.
         Starting [0;1;39mAuto-connect to s…E devices found during boot[0m...
[[0;32m  OK  [0m] Finished [0;1;39mSetup Virtual Console[0m.
[[0;32m  OK  [0m] Started [0;1;39mDispatch Password …ts to Console Directory Watch[0m.
[[0;32m  OK  [0m] Reached target [0;1;39mLocal Encrypted Volumes[0m.
[[0;32m  OK  [0m] Reached target [0;1;39mPath Units[0m.
[[0;32m  OK  [0m] Finished [0;1;39mAuto-connect to s…VME devices found during boot[0m.
[[0;32m  OK  [0m] Found device [0;1;39m/dev/ttyS0[0m.
[[0;32m  OK  [0m] Listening on [0;1;39mLoad/Save RF …itch Status /dev/rfkill Watch[0m.
[[0;32m  OK  [0m] Finished [0;1;39mWait for udev To Complete Device Initialization[0m.
[[0;32m  OK  [0m] Reached target [0;1;39mPreparation for Local File Systems[0m.
[[0;32m  OK  [0m] Reached target [0;1;39mLocal File Systems[0m.
         Starting [0;1;39mTell Plymouth To Write Out Runtime Data[0m...
         Starting [0;1;39mAutomatic Boot Loader Update[0m...
         Starting [0;1;39mCreate Volatile Files and Directories[0m...
[[0;32m  OK  [0m] Finished [0;1;39mTell Plymouth To Write Out Runtime Data[0m.
[[0;32m  OK  [0m] Finished [0;1;39mAutomatic Boot Loader Update[0m.
[[0;32m  OK  [0m] Finished [0;1;39mCreate Volatile Files and Directories[0m.
         Mounting [0;1;39mRPC Pipe File System[0m...
         Starting [0;1;39mSecurity Auditing Service[0m...
         Starting [0;1;39mRPC Bind[0m...
[[0;32m  OK  [0m] Mounted [0;1;39mRPC Pipe File System[0m.
[[0;32m  OK  [0m] Reached target [0;1;39mrpc_pipefs.target[0m.
[[0;32m  OK  [0m] Started [0;1;39mRPC Bind[0m.
[[0;32m  OK  [0m] Started [0;1;39mSecurity Auditing Service[0m.
         Starting [0;1;39mRecord System Boot/Shutdown in UTMP[0m...
[[0;32m  OK  [0m] Finished [0;1;39mRecord System Boot/Shutdown in UTMP[0m.
[[0;32m  OK  [0m] Reached target [0;1;39mSystem Initialization[0m.
[[0;32m  OK  [0m] Started [0;1;39mDaily rotation of log files[0m.
[[0;32m  OK  [0m] Started [0;1;39mUpdates mlocate database every day[0m.
[[0;32m  OK  [0m] Started [0;1;39mDaily Cleanup of Temporary Directories[0m.
[[0;32m  OK  [0m] Started [0;1;39mdaily update of the root trust anchor for DNSSEC[0m.
[[0;32m  OK  [0m] Reached target [0;1;39mTimer Units[0m.
[[0;32m  OK  [0m] Listening on [0;1;39mD-Bus System Message Bus Socket[0m.
[[0;32m  OK  [0m] Listening on [0;1;39mOpen-iSCSI iscsid Socket[0m.
[[0;32m  OK  [0m] Listening on [0;1;39mOpen-iSCSI iscsiuio Socket[0m.
[[0;32m  OK  [0m] Listening on [0;1;39mSSSD Kerberos…ache Manager responder socket[0m.
[[0;32m  OK  [0m] Listening on [0;1;39mLibvirt interface local socket[0m.
[[0;32m  OK  [0m] Listening on [0;1;39mVirtual machine lock manager socket[0m.
[[0;32m  OK  [0m] Listening on [0;1;39mVirtual machine log manager socket[0m.
[[0;32m  OK  [0m] Listening on [0;1;39mLibvirt network local socket[0m.
[[0;32m  OK  [0m] Listening on [0;1;39mLibvirt nodedev local socket[0m.
[[0;32m  OK  [0m] Listening on [0;1;39mLibvirt nwfilter local socket[0m.
[[0;32m  OK  [0m] Listening on [0;1;39mLibvirt proxy local socket[0m.
[[0;32m  OK  [0m] Listening on [0;1;39mLibvirt qemu local socket[0m.
[[0;32m  OK  [0m] Listening on [0;1;39mLibvirt qemu admin socket[0m.
[[0;32m  OK  [0m] Listening on [0;1;39mLibvirt qemu local read-only socket[0m.
[[0;32m  OK  [0m] Listening on [0;1;39mLibvirt secret local socket[0m.
[[0;32m  OK  [0m] Listening on [0;1;39mLibvirt storage local socket[0m.
[[0;32m  OK  [0m] Reached target [0;1;39mSocket Units[0m.
         Starting [0;1;39mD-Bus System Message Bus[0m...
[[0;32m  OK  [0m] Started [0;1;39mD-Bus System Message Bus[0m.
[[0;32m  OK  [0m] Reached target [0;1;39mBasic System[0m.
         Starting [0;1;39mNetwork Manager[0m...
         Starting [0;1;39mNTP client/server[0m...
         Starting [0;1;39mRestore /run/initramfs on shutdown[0m...
[[0;32m  OK  [0m] Started [0;1;39mirqbalance daemon[0m.
[[0;32m  OK  [0m] Started [0;1;39mlibstoragemgmt plug-in server daemon[0m.
[[0;32m  OK  [0m] Started [0;1;39mMachine Check Exception Logging Daemon[0m.
[[0;32m  OK  [0m] Reached target [0;1;39msshd-keygen.target[0m.
[[0;32m  OK  [0m] Reached target [0;1;39mUser and Group Name Lookups[0m.
         Starting [0;1;39mUser Login Management[0m...
         Starting [0;1;39mVirtual Machine a…tainer Registration Service[0m...
         Starting [0;1;39mupdate of the roo…NSSEC validation in unbound[0m...
         Starting [0;1;39mRotate log files[0m...
[[0;32m  OK  [0m] Started [0;1;39mUpdate a database for mlocate[0m.
[[0;32m  OK  [0m] Finished [0;1;39mRestore /run/initramfs on shutdown[0m.
[[0;32m  OK  [0m] Started [0;1;39mVirtual Machine an…ontainer Registration Service[0m.
[[0;32m  OK  [0m] Started [0;1;39mNTP client/server[0m.
         Starting [0;1;39mHostname Service[0m...
[[0;32m  OK  [0m] Finished [0;1;39mupdate of the roo… DNSSEC validation in unbound[0m.
[[0;32m  OK  [0m] Started [0;1;39mUser Login Management[0m.
[[0;32m  OK  [0m] Started [0;1;39mHostname Service[0m.
[[0;32m  OK  [0m] Finished [0;1;39mRotate log files[0m.
         Starting [0;1;39mNetwork Manager Script Dispatcher Service[0m...
[[0;32m  OK  [0m] Started [0;1;39mNetwork Manager Script Dispatcher Service[0m.
[    9.583479] e1000: eth0 NIC Link is Up 1000 Mbps Full Duplex, Flow Control: RX
[[0;32m  OK  [0m] Started [0;1;39mNetwork Manager[0m.
[[0;32m  OK  [0m] Reached target [0;1;39mNetwork[0m.
[[0;32m  OK  [0m] Reached target [0;1;39mNetwork is Online[0m.
         Starting [0;1;39mGSSAPI Proxy Daemon[0m...
         Starting [0;1;39mNotify NFS peers of a restart[0m...
         Starting [0;1;39mSystem Logging Service[0m...
         Starting [0;1;39mOpenSSH server daemon[0m...
         Starting [0;1;39mDynamic System Tuning Daemon[0m...
[[0;32m  OK  [0m] Started [0;1;39mNotify NFS peers of a restart[0m.
[[0;32m  OK  [0m] Started [0;1;39mGSSAPI Proxy Daemon[0m.
[[0;32m  OK  [0m] Reached target [0;1;39mNFS client services[0m.
[[0;32m  OK  [0m] Reached target [0;1;39mPreparation for Remote File Systems[0m.
[[0;32m  OK  [0m] Reached target [0;1;39mRemote File Systems[0m.
         Starting [0;1;39mPermit User Sessions[0m...
         Starting [0;1;39mVirtualization qemu daemon[0m...
[[0;32m  OK  [0m] Started [0;1;39mOpenSSH server daemon[0m.
[[0;32m  OK  [0m] Finished [0;1;39mPermit User Sessions[0m.
[[0;32m  OK  [0m] Started [0;1;39mDeferred execution scheduler[0m.
[[0;32m  OK  [0m] Started [0;1;39mCommand Scheduler[0m.
         Starting [0;1;39mHold until boot process finishes up[0m...
         Starting [0;1;39mTerminate Plymouth Boot Screen[0m...
[[0;32m  OK  [0m] Started [0;1;39mSystem Logging Service[0m.
[[0;32m  OK  [0m] Finished [0;1;39mHold until boot process finishes up[0m.
[[0;32m  OK  [0m] Started [0;1;39mVirtualization qemu daemon[0m.
[[0;32m  OK  [0m] Started [0;1;39mGetty on tty1[0m.
[[0;32m  OK  [0m] Started [0;1;39mSerial Getty on ttyS0[0m.
[[0;32m  OK  [0m] Reached target [0;1;39mLogin Prompts[0m.
[[0;32m  OK  [0m] Finished [0;1;39mTerminate Plymouth Boot Screen[0m.
         Starting [0;1;39mAuthorization Manager[0m...
[[0;32m  OK  [0m] Started [0;1;39mAuthorization Manager[0m.
[[0;32m  OK  [0m] Started [0;1;39mDynamic System Tuning Daemon[0m.
[[0;32m  OK  [0m] Reached target [0;1;39mMulti-User System[0m.
         Starting [0;1;39mRecord Runlevel Change in UTMP[0m...
[[0;32m  OK  [0m] Finished [0;1;39mRecord Runlevel Change in UTMP[0m.

CentOS Stream 9
Kernel 6.18.0-rc1-b2f35ac4146d+ on an x86_64

Activate the web console with: systemctl enable --now cockpit.socket

test login: [   18.645153] loop3: detected capacity change from 0 to 32768
[   18.649897] loop4: detected capacity change from 0 to 32768
[   18.656683] loop2: detected capacity change from 0 to 32768
[   18.656980] loop1: detected capacity change from 0 to 32768
[   18.696456] loop6: detected capacity change from 0 to 32768
[   18.697545] loop5: detected capacity change from 0 to 32768
[   18.707534] loop7: detected capacity change from 0 to 32768
[   18.708260] XFS (loop5): Mounting V5 Filesystem bfdc47fc-10d8-4eed-a562-11a831b3f791
[   18.721607] XFS (loop2): Mounting V5 Filesystem bfdc47fc-10d8-4eed-a562-11a831b3f791
[   18.740512] XFS (loop4): Mounting V5 Filesystem bfdc47fc-10d8-4eed-a562-11a831b3f791
[   18.748622] XFS (loop3): Mounting V5 Filesystem bfdc47fc-10d8-4eed-a562-11a831b3f791
[   18.757252] XFS (loop7): Mounting V5 Filesystem bfdc47fc-10d8-4eed-a562-11a831b3f791
[   18.758287] XFS (loop6): Mounting V5 Filesystem bfdc47fc-10d8-4eed-a562-11a831b3f791
[   18.758833] XFS (loop1): Mounting V5 Filesystem bfdc47fc-10d8-4eed-a562-11a831b3f791
[   18.786115] XFS (loop6): Ending clean mount
[   18.787826] XFS (loop3): Ending clean mount
[   18.791563] XFS (loop1): Ending clean mount
[   18.793670] XFS (loop4): Ending clean mount
[   18.795531] XFS (loop3): Quotacheck needed: Please wait.
[   18.798063] XFS (loop4): Quotacheck needed: Please wait.
[   18.799435] XFS (loop1): Quotacheck needed: Please wait.
[   18.800198] XFS (loop7): Ending clean mount
[   18.802139] XFS (loop6): Quotacheck needed: Please wait.
[   18.806450] XFS (loop7): Quotacheck needed: Please wait.
[   18.823861] XFS (loop4): Quotacheck: Done.
[   18.833227] XFS (loop5): Ending clean mount
[   18.835868] XFS (loop7): Quotacheck: Done.
[   18.839449] XFS (loop3): Quotacheck: Done.
[   18.847331] XFS (loop1): Quotacheck: Done.
[   18.849833] XFS (loop6): Quotacheck: Done.
[   18.884934] XFS (loop5): Quotacheck needed: Please wait.
[   18.969712] repro: page allocation failure: order:0, mode:0x10cc0(GFP_KERNEL|__GFP_NORETRY), nodemask=(null),cpuset=/,mems_allowed=0
[   18.971666] CPU: 0 UID: 0 PID: 725 Comm: repro Not tainted 6.18.0-rc1-b2f35ac4146d+ #1 PREEMPT(voluntary) 
[   18.971682] Hardware name: QEMU Standard PC (i440FX + PIIX, 1996), BIOS rel-1.16.0-0-gd239552ce722-prebuilt.qemu.org 04/01/2014
[   18.971694] Call Trace:
[   18.971706]  <TASK>
[   18.971712]  dump_stack_lvl+0x121/0x150
[   18.971776]  dump_stack+0x19/0x20
[   18.971788]  warn_alloc+0x216/0x350
[   18.971816]  ? __pfx_warn_alloc+0x10/0x10
[   18.971837]  ? __pfx___alloc_pages_direct_compact+0x10/0x10
[   18.971847]  ? __drain_all_pages+0x27d/0x480
[   18.971875]  __alloc_pages_slowpath.constprop.0+0x1356/0x2270
[   18.971898]  ? filelayout_read_pagelist+0x134/0x8f0
[   18.971934]  ? __pfx___alloc_pages_slowpath.constprop.0+0x10/0x10
[   18.971946]  ? lock_is_held_type+0xef/0x150
[   18.971977]  ? lock_release+0x14f/0x2c0
[   18.972015]  __alloc_frozen_pages_noprof+0x5da/0x6e0
[   18.972030]  ? __pfx___alloc_frozen_pages_noprof+0x10/0x10
[   18.972047]  ? __sanitizer_cov_trace_switch+0x58/0xa0
[   18.972078]  ? policy_nodemask+0xf9/0x450
[   18.972101]  alloc_pages_mpol+0x236/0x4c0
[   18.972117]  ? __pfx_alloc_pages_mpol+0x10/0x10
[   18.972127]  ? sysvec_apic_timer_interrupt+0x6a/0xd0
[   18.972141]  ? asm_sysvec_apic_timer_interrupt+0x1f/0x30
[   18.972165]  alloc_frozen_pages_noprof+0xa9/0x180
[   18.972187]  alloc_pages_noprof+0x27/0xa0
[   18.972201]  kimage_alloc_pages+0x78/0x240
[   18.972221]  kimage_alloc_control_pages+0x1ca/0xa60
[   18.972247]  ? __pfx_kimage_alloc_control_pages+0x10/0x10
[   18.972257]  ? __sanitizer_cov_trace_cmp8+0x1c/0x30
[   18.972281]  do_kexec_load+0x39b/0x8c0
[   18.972292]  ? __might_fault+0xf1/0x1b0
[   18.972321]  ? __pfx_do_kexec_load+0x10/0x10
[   18.972334]  ? __sanitizer_cov_trace_const_cmp8+0x1c/0x30
[   18.972359]  ? _copy_from_user+0x75/0xa0
[   18.972393]  __x64_sys_kexec_load+0x1cc/0x240
[   18.972409]  x64_sys_call+0x1c84/0x2190
[   18.972427]  do_syscall_64+0x6d/0x450
[   18.972447]  entry_SYSCALL_64_after_hwframe+0x76/0x7e
[   18.972457] RIP: 0033:0x7eff4863ee5d
[   18.972484] Code: ff c3 66 2e 0f 1f 84 00 00 00 00 00 90 f3 0f 1e fa 48 89 f8 48 89 f7 48 89 d6 48 89 ca 4d 89 c2 4d 89 c8 4c 8b 4c 24 08 0f 05 <48> 3d 01 f0 ff ff 73 01 c3 48 8b 0d 93 af 1b 00 f7 d8 64 89 01 48
[   18.972494] RSP: 002b:00007fffebfc38b8 EFLAGS: 00000207 ORIG_RAX: 00000000000000f6
[   18.972514] RAX: ffffffffffffffda RBX: 0000000000000000 RCX: 00007eff4863ee5d
[   18.972521] RDX: 0000200000000180 RSI: 0000000000000003 RDI: 0000000000000000
[   18.972527] RBP: 00007fffebfc38d0 R08: 00007fffebfc3340 R09: 00007fffebfc38d0
[   18.972533] R10: 0000000000000000 R11: 0000000000000207 R12: 00007fffebfc3a28
[   18.972540] R13: 00000000004030f5 R14: 000000000040ee08 R15: 00007eff489c1000
[   18.972563]  </TASK>
[   18.972567] Mem-Info:
[   18.988852] active_anon:4548 inactive_anon:39865 isolated_anon:0
[   18.988852]  active_file:22717 inactive_file:23370 isolated_file:32
[   18.988852]  unevictable:0 dirty:219 writeback:1
[   18.988852]  slab_reclaimable:16494 slab_unreclaimable:24166
[   18.988852]  mapped:13680 shmem:29818 pagetables:1077
[   18.988852]  sec_pagetables:0 bounce:0
[   18.988852]  kernel_misc_reclaimable:0
[   18.988852]  free:13690 free_pcp:193 free_cma:0
[   18.990885] Node 0 active_anon:18192kB inactive_anon:159460kB active_file:90868kB inactive_file:93480kB unevictable:0kB isolated(anon):0kB isolated(file):128kB mapped:54720kB dirty:876kB writeback:4kB shmem:119272kB shmem_thp:0kB shmem_pmdmapped:0kB anon_thp:0kB kernel_stack:7904kB pagetables:4308kB sec_pagetables:0kB all_unreclaimable? no Balloon:0kB
[   18.992509] Node 0 DMA free:6496kB boost:0kB min:444kB low:552kB high:660kB reserved_highatomic:0KB free_highatomic:0KB active_anon:0kB inactive_anon:0kB active_file:0kB inactive_file:0kB unevictable:0kB writepending:0kB zspages:0kB present:15992kB managed:15360kB mlocked:0kB bounce:0kB free_pcp:0kB local_pcp:0kB free_cma:0kB
[   18.993968] lowmem_reserve[]: 0 1522 1522 1522 1522
[   18.994247] Node 0 DMA32 free:48644kB boost:4096kB min:48704kB low:59856kB high:71008kB reserved_highatomic:0KB free_highatomic:0KB active_anon:18192kB inactive_anon:159376kB active_file:90868kB inactive_file:93204kB unevictable:0kB writepending:880kB zspages:0kB present:2080640kB managed:1559444kB mlocked:0kB bounce:0kB free_pcp:524kB local_pcp:0kB free_cma:0kB
[   18.995267] XFS (loop2): Ending clean mount
[   18.995891] lowmem_reserve[]: 0 0 0 0 0
[   18.996366] Node 0 DMA: 0*4kB 0*8kB 1*16kB (M) 2*32kB (UM) 2*64kB (UM) 1*128kB (M) 2*256kB (UM) 1*512kB (M) 1*1024kB (M) 0*2048kB 1*4096kB (M) = 6480kB
[   18.997119] Node 0 DMA32: 807*4kB (M) 444*8kB (ME) 214*16kB (UME) 122*32kB (UME) 71*64kB (UME) 39*128kB (UME) 29*256kB (UME) 12*512kB (M) 9*1024kB (UM) 1*2048kB (M) 0*4096kB = 48476kB
[   18.998032] Node 0 hugepages_total=0 hugepages_free=0 hugepages_surp=0 hugepages_size=1048576kB
[   18.998485] Node 0 hugepages_total=0 hugepages_free=0 hugepages_surp=0 hugepages_size=2048kB
[   18.998943] 75826 total pagecache pages
[   18.999158] 0 pages in swap cache
[   18.999348] Free swap  = 0kB
[   18.999511] Total swap = 0kB
[   18.999678] 524158 pages RAM
[   18.999847] 0 pages HighMem/MovableOnly
[   19.000061] 130457 pages reserved
[   19.000246] 0 pages cma reserved
[   19.000431] 0 pages hwpoisoned
[   19.059234] XFS (loop2): Quotacheck needed: Please wait.
[   19.064348] kexec: Could not allocate control_code_buffer
[   19.090247] XFS (loop5): Quotacheck: Done.
[   19.106490] XFS (loop2): Quotacheck: Done.
[   19.527346] loop0: detected capacity change from 0 to 32768
[   19.567387] XFS (loop0): Mounting V5 Filesystem bfdc47fc-10d8-4eed-a562-11a831b3f791
[   19.613965] XFS (loop0): Ending clean mount
[   19.639418] XFS (loop0): Quotacheck needed: Please wait.
[   19.654174] XFS (loop0): Quotacheck: Done.
[   19.829413] kexec: Could not allocate control_code_buffer
[   20.796673] kexec: Could not allocate control_code_buffer
[   22.061224] kexec: Could not allocate control_code_buffer
[   23.330007] kexec: Could not allocate control_code_buffer
[   23.794476] repro invoked oom-killer: gfp_mask=0x440dc0(GFP_KERNEL_ACCOUNT|__GFP_ZERO|__GFP_COMP), order=0, oom_score_adj=1000
[   23.795279] CPU: 0 UID: 0 PID: 871 Comm: repro Not tainted 6.18.0-rc1-b2f35ac4146d+ #1 PREEMPT(voluntary) 
[   23.795290] Hardware name: QEMU Standard PC (i440FX + PIIX, 1996), BIOS rel-1.16.0-0-gd239552ce722-prebuilt.qemu.org 04/01/2014
[   23.795296] Call Trace:
[   23.795298]  <TASK>
[   23.795304]  dump_stack_lvl+0x121/0x150
[   23.795332]  dump_stack+0x19/0x20
[   23.795346]  dump_header+0x10f/0x910
[   23.795370]  oom_kill_process+0x287/0xa40
[   23.795384]  out_of_memory+0x34c/0x1710
[   23.795401]  ? __pfx_out_of_memory+0x10/0x10
[   23.795421]  __alloc_pages_slowpath.constprop.0+0x1bc6/0x2270
[   23.795452]  ? __pfx___alloc_pages_slowpath.constprop.0+0x10/0x10
[   23.795463]  ? lock_is_held_type+0xef/0x150
[   23.795483]  ? lock_release+0x14f/0x2c0
[   23.795508]  __alloc_frozen_pages_noprof+0x5da/0x6e0
[   23.795516]  ? __update_load_avg_se+0x459/0xbf0
[   23.795535]  ? __pfx___alloc_frozen_pages_noprof+0x10/0x10
[   23.795550]  ? __sanitizer_cov_trace_switch+0x58/0xa0
[   23.795570]  ? policy_nodemask+0xf9/0x450
[   23.795589]  alloc_pages_mpol+0x236/0x4c0
[   23.795605]  ? __pfx_alloc_pages_mpol+0x10/0x10
[   23.795614]  ? __kasan_check_write+0x18/0x20
[   23.795633]  ? do_raw_spin_lock+0x140/0x280
[   23.795642]  ? __pfx_do_raw_spin_lock+0x10/0x10
[   23.795650]  ? lock_acquire+0x180/0x310
[   23.795668]  alloc_frozen_pages_noprof+0xa9/0x180
[   23.795687]  alloc_pages_noprof+0x27/0xa0
[   23.795700]  pte_alloc_one+0x28/0x2d0
[   23.795721]  __pte_alloc+0x74/0x350
[   23.795734]  ? __pfx___pte_alloc+0x10/0x10
[   23.795745]  ? lock_release+0x14f/0x2c0
[   23.795767]  do_anonymous_page+0x1135/0x1b30
[   23.795778]  ? pmd_val+0x5d/0xc0
[   23.795787]  ? __pfx_pmd_val+0x10/0x10
[   23.795797]  ? __lock_acquire+0x412/0x22a0
[   23.795815]  __handle_mm_fault+0x1d96/0x2d70
[   23.795836]  ? __pfx___handle_mm_fault+0x10/0x10
[   23.795846]  ? lock_vma_under_rcu+0x192/0x550
[   23.795856]  ? __this_cpu_preempt_check+0x21/0x30
[   23.795871]  ? lock_release+0x14f/0x2c0
[   23.795905]  handle_mm_fault+0x2de/0x920
[   23.795920]  do_user_addr_fault+0x526/0xfe0
[   23.795931]  ? rcu_is_watching+0x19/0xc0
[   23.795950]  exc_page_fault+0xc9/0x1d0
[   23.795965]  asm_exc_page_fault+0x2b/0x30
[   23.795973] RIP: 0033:0x401c72
[   23.795982] Code: 00 00 8b 55 e4 48 8b 45 d8 48 8b 40 10 48 39 c2 77 4f 48 8b 45 d8 48 8b 10 48 8b 45 d8 48 8b 40 10 8b 4d e4 48 29 c8 48 01 d0 <0f> b6 00 84 c0 74 30 48 8b 45 d8 48 8b 10 48 8b 45 d8 48 8b 40 10
[   23.795998] RSP: 002b:00007fffebfc2f00 EFLAGS: 00010206
[   23.796006] RAX: 00007eff41000000 RBX: 0000000000000001 RCX: 0000000000000001
[   23.796011] RDX: 00007eff40200000 RSI: 0000000000000000 RDI: 00007fffebfc3510
[   23.796018] RBP: 00007fffebfc2f40 R08: 00000000ffffffff R09: 0000000000000000
[   23.796023] R10: 00007eff48607e00 R11: 00007eff48629660 R12: 00007fffebfc3a28
[   23.796029] R13: 00000000004030f5 R14: 000000000040ee08 R15: 00007eff489c1000
[   23.796053]  </TASK>
[   23.796090] Mem-Info:
[   23.811668] active_anon:5193 inactive_anon:46666 isolated_anon:0
[   23.811668]  active_file:1236 inactive_file:1105 isolated_file:51
[   23.811668]  unevictable:0 dirty:1 writeback:0
[   23.811668]  slab_reclaimable:6055 slab_unreclaimable:23491
[   23.811668]  mapped:1737 shmem:33969 pagetables:1101
[   23.811668]  sec_pagetables:0 bounce:0
[   23.811668]  kernel_misc_reclaimable:0
[   23.811668]  free:27900 free_pcp:101 free_cma:0
[   23.813816] Node 0 active_anon:20772kB inactive_anon:186664kB active_file:4868kB inactive_file:4504kB unevictable:0kB isolated(anon):0kB isolated(file):236kB mapped:6948kB dirty:4kB writeback:0kB shmem:135876kB shmem_thp:0kB shmem_pmdmapped:0kB anon_thp:0kB kernel_stack:8064kB pagetables:4404kB sec_pagetables:0kB all_unreclaimable? no Balloon:0kB
[   23.815539] Node 0 DMA free:6524kB boost:0kB min:444kB low:552kB high:660kB reserved_highatomic:0KB free_highatomic:0KB active_anon:0kB inactive_anon:1728kB active_file:0kB inactive_file:0kB unevictable:0kB writepending:0kB zspages:0kB present:15992kB managed:15360kB mlocked:0kB bounce:0kB free_pcp:0kB local_pcp:0kB free_cma:0kB
[   23.817163] lowmem_reserve[]: 0 1522 1522 1522 1522
[   23.817475] Node 0 DMA32 free:105076kB boost:71680kB min:116288kB low:127440kB high:138592kB reserved_highatomic:0KB free_highatomic:0KB active_anon:20772kB inactive_anon:184936kB active_file:4740kB inactive_file:4672kB unevictable:0kB writepending:4kB zspages:0kB present:2080640kB managed:1559444kB mlocked:0kB bounce:0kB free_pcp:440kB local_pcp:0kB free_cma:0kB
[   23.819289] lowmem_reserve[]: 0 0 0 0 0
[   23.819531] Node 0 DMA: 1*4kB (U) 1*8kB (U) 2*16kB (UM) 2*32kB (UM) 0*64kB 0*128kB 1*256kB (M) 2*512kB (M) 1*1024kB (M) 2*2048kB (UM) 0*4096kB = 6508kB
[   23.820398] Node 0 DMA32: 1573*4kB (UM) 1852*8kB (UME) 766*16kB (UME) 499*32kB (UME) 290*64kB (UME) 125*128kB (UME) 63*256kB (UME) 10*512kB (M) 0*1024kB 0*2048kB 0*4096kB = 105140kB
[   23.821383] Node 0 hugepages_total=0 hugepages_free=0 hugepages_surp=0 hugepages_size=1048576kB
[   23.821881] Node 0 hugepages_total=0 hugepages_free=0 hugepages_surp=0 hugepages_size=2048kB
[   23.822366] 36277 total pagecache pages
[   23.822598] 0 pages in swap cache
[   23.822799] Free swap  = 0kB
[   23.822997] Total swap = 0kB
[   23.823177] 524158 pages RAM
[   23.823361] 0 pages HighMem/MovableOnly
[   23.823592] 130457 pages reserved
[   23.823794] 0 pages cma reserved
[   23.823993] 0 pages hwpoisoned
[   23.824185] Tasks state (memory values in pages):
[   23.824477] [  pid  ]   uid  tgid total_vm      rss rss_anon rss_file rss_shmem pgtables_bytes swapents oom_score_adj name
[   23.825126] [    141]     0   141     5474      970      256      554       160    86016        0          -250 systemd-journal
[   23.825840] [    163]     0   163     7810     1219      640      579         0    81920        0         -1000 systemd-udevd
[   23.826491] [    232]    32   232     3314      534      192      342         0    65536        0             0 rpcbind
[   23.827122] [    233]     0   233    22975      474      193      281         0    69632        0         -1000 auditd
[   23.827737] [    235]     0   235     1947      393       64      329         0    57344        0             0 sedispatch
[   23.828371] [    256]    81   256     2731      508      192      316         0    61440        0          -900 dbus-broker-lau
[   23.829028] [    257]    81   257     1316      527      162      365         0    53248        0          -900 dbus-broker
[   23.829666] [    258]     0   258    64565     1379      928      451         0   143360        0             0 NetworkManager
[   23.830326] [    261]     0   261    19783      370       32      338         0    53248        0             0 irqbalance
[   23.830986] [    262]   992   262      678      339       32      307         0    45056        0             0 lsmd
[   23.831589] [    263]     0   263      700      355       32      323         0    40960        0             0 mcelog
[   23.832197] [    265]     0   265     4639      846      256      590         0    77824        0             0 systemd-logind
[   23.832853] [    266]     0   266     4496      798      256      542         0    73728        0             0 systemd-machine
[   23.833517] [    273]   985   273    21097      511      132      379         0    69632        0             0 chronyd
[   23.834133] [    276]     0   276     4419      805      224      581         0    77824        0             0 systemd-hostnam
[   23.834791] [    300]     0   300    39958      748      224      390       134    77824        0             0 rsyslogd
[   23.835443] [    304]     0   304     3951      693      320      373         0    77824        0         -1000 sshd
[   23.836058] [    305]     0   305    66148     4013     3412      601         0   155648        0             0 tuned
[   23.836677] [    306]     0   306    13748      539      219      320         0    86016        0             0 gssproxy
[   23.837308] [    317]     0   317   292079     1112      576      536         0   253952        0             0 virtqemud
[   23.837944] [    319]     0   319     1169      337        0      337         0    53248        0             0 atd
[   23.838549] [    325]     0   325     2139      500      192      308         0    53248        0             0 crond
[   23.839181] [    346]     0   346      763      332        0      332         0    49152        0             0 agetty
[   23.839794] [    348]     0   348     1405      357       32      325         0    57344        0             0 agetty
[   23.840408] [    546]   998   546   644241     1493     1056      437         0   204800        0             0 polkitd
[   23.841029] [    590]     0   590     5110     1109      448      661         0    81920        0           100 systemd
[   23.841645] [    591]     0   591    42782     1306      978      328         0    98304        0           100 (sd-pam)
[   23.842262] [    694]     0   694     4797      848      448      400         0    77824        0             0 sshd
[   23.842877] [    696]     0   696     4797      737      454      283         0    77824        0             0 sshd
[   23.843481] [    697]     0   697     1782      362       64      298         0    53248        0             0 repro.sh
[   23.844103] [    722]     0   722     4736      228        0      228         0    40960        0             0 repro
[   23.844713] [    723]     0   723     4736      217        0      217         0    40960        0             0 repro
[   23.845318] [    724]     0   724     4736      217        0      217         0    40960        0             0 repro
[   23.845923] [    726]     0   726     4736      217        0      217         0    40960        0             0 repro
[   23.846534] [    727]     0   727     4736      217        0      217         0    40960        0             0 repro
[   23.847155] [    728]     0   728     4736      217        0      217         0    40960        0             0 repro
[   23.847764] [    733]     0   733     7890     1207      704      503         0    69632        0             0 systemd-udevd
[   23.848412] [    734]     0   734     4736      217        0      217         0    40960        0             0 repro
[   23.849019] [    735]     0   735     4736      217        0      217         0    40960        0             0 repro
[   23.849630] [    736]     0   736     4736      217        0      217         0    40960        0             0 repro
[   23.850246] [    739]     0   739     7890     1233      715      518         0    69632        0             0 systemd-udevd
[   23.850909] [    741]     0   741     7890     1211      704      507         0    69632        0             0 systemd-udevd
[   23.851566] [    742]     0   742     7890     1204      715      489         0    69632        0             0 systemd-udevd
[   23.852235] [    804]     0   804     7810     1174      680      494         0    69632        0             0 systemd-udevd
[   23.852891] [    807]     0   807     7810     1122      672      450         0    69632        0             0 systemd-udevd
[   23.853545] [    853]     0   853    38528      801      544      257         0    86016        0          1000 repro
[   23.854154] [    869]     0   869     4736      183        0      183         0    53248        0          1000 repro
[   23.854764] [    870]     0   870    38528      801      544      257         0    81920        0          1000 repro
[   23.855383] [    871]     0   871    38528      833      576      257         0    81920        0          1000 repro
[   23.855992] [    872]     0   872    38528      833      576      257         0    86016        0          1000 repro
[   23.856602] [    873]     0   873    38528      801      544      257         0    81920        0          1000 repro
[   23.857205] [    874]     0   874    38528      791      576      215         0    77824        0          1000 repro
[   23.857812] [    875]     0   875    38528      769      512      257         0    69632        0          1000 repro
[   23.858422] oom-kill:constraint=CONSTRAINT_NONE,nodemask=(null),cpuset=/,mems_allowed=0,global_oom,task_memcg=/user.slice/user-0.slice/session-6.scope,task=repro,pid=872,uid=0
[   23.859706] Out of memory: Killed process 872 (repro) total-vm:154112kB, anon-rss:2304kB, file-rss:1028kB, shmem-rss:0kB, UID:0 pgtables:84kB oom_score_adj:1000
[   23.964051] kexec: Could not allocate control_code_buffer
[   25.520379] kexec: Could not allocate control_code_buffer
[   26.545318] kexec: Could not allocate control_code_buffer
[   28.169599] kexec: Could not allocate control_code_buffer
[   29.371699] warn_alloc: 8 callbacks suppressed
[   29.371715] repro: page allocation failure: order:0, mode:0x10cc0(GFP_KERNEL|__GFP_NORETRY), nodemask=(null),cpuset=/,mems_allowed=0
[   29.372724] CPU: 0 UID: 0 PID: 932 Comm: repro Not tainted 6.18.0-rc1-b2f35ac4146d+ #1 PREEMPT(voluntary) 
[   29.372735] Hardware name: QEMU Standard PC (i440FX + PIIX, 1996), BIOS rel-1.16.0-0-gd239552ce722-prebuilt.qemu.org 04/01/2014
[   29.372740] Call Trace:
[   29.372744]  <TASK>
[   29.372749]  dump_stack_lvl+0x121/0x150
[   29.372765]  dump_stack+0x19/0x20
[   29.372782]  warn_alloc+0x216/0x350
[   29.372796]  ? __pfx_warn_alloc+0x10/0x10
[   29.372812]  ? __pfx___alloc_pages_direct_compact+0x10/0x10
[   29.372820]  ? __drain_all_pages+0x27d/0x480
[   29.372838]  __alloc_pages_slowpath.constprop.0+0x1356/0x2270
[   29.372862]  ? filelayout_read_pagelist+0x134/0x8f0
[   29.372883]  ? __pfx___alloc_pages_slowpath.constprop.0+0x10/0x10
[   29.372893]  ? lock_is_held_type+0xef/0x150
[   29.372913]  ? lock_release+0x14f/0x2c0
[   29.372937]  __alloc_frozen_pages_noprof+0x5da/0x6e0
[   29.372945]  ? trace_hardirqs_on+0x51/0x60
[   29.372967]  ? irqentry_exit+0x3e/0xa0
[   29.372982]  ? __pfx___alloc_frozen_pages_noprof+0x10/0x10
[   29.372991]  ? asm_sysvec_reschedule_ipi+0x1f/0x30
[   29.373006]  ? __sanitizer_cov_trace_switch+0x58/0xa0
[   29.373025]  ? policy_nodemask+0xf9/0x450
[   29.373041]  alloc_pages_mpol+0x236/0x4c0
[   29.373056]  ? __pfx_alloc_pages_mpol+0x10/0x10
[   29.373071]  ? alloc_frozen_pages_noprof+0xd7/0x180
[   29.373088]  alloc_frozen_pages_noprof+0xa9/0x180
[   29.373105]  alloc_pages_noprof+0x27/0xa0
[   29.373118]  kimage_alloc_pages+0x78/0x240
[   29.373132]  kimage_alloc_control_pages+0x1ca/0xa60
[   29.373151]  ? __pfx_kimage_alloc_control_pages+0x10/0x10
[   29.373161]  ? __sanitizer_cov_trace_cmp8+0x1c/0x30
[   29.373185]  do_kexec_load+0x39b/0x8c0
[   29.373195]  ? __might_fault+0xf1/0x1b0
[   29.373209]  ? __pfx_do_kexec_load+0x10/0x10
[   29.373220]  ? __sanitizer_cov_trace_const_cmp8+0x1c/0x30
[   29.373235]  ? _copy_from_user+0x75/0xa0
[   29.373254]  __x64_sys_kexec_load+0x1cc/0x240
[   29.373273]  x64_sys_call+0x1c84/0x2190
[   29.373283]  do_syscall_64+0x6d/0x450
[   29.373296]  entry_SYSCALL_64_after_hwframe+0x76/0x7e
[   29.373305] RIP: 0033:0x7eff4863ee5d
[   29.373314] Code: ff c3 66 2e 0f 1f 84 00 00 00 00 00 90 f3 0f 1e fa 48 89 f8 48 89 f7 48 89 d6 48 89 ca 4d 89 c2 4d 89 c8 4c 8b 4c 24 08 0f 05 <48> 3d 01 f0 ff ff 73 01 c3 48 8b 0d 93 af 1b 00 f7 d8 64 89 01 48
[   29.373323] RSP: 002b:00007fffebfc38b8 EFLAGS: 00000207 ORIG_RAX: 00000000000000f6
[   29.373331] RAX: ffffffffffffffda RBX: 0000000000000000 RCX: 00007eff4863ee5d
[   29.373336] RDX: 0000200000000180 RSI: 0000000000000003 RDI: 0000000000000000
[   29.373344] RBP: 00007fffebfc38d0 R08: 00007fffebfc3340 R09: 00007fffebfc38d0
[   29.373350] R10: 0000000000000000 R11: 0000000000000207 R12: 00007fffebfc3a28
[   29.373355] R13: 00000000004030f5 R14: 000000000040ee08 R15: 00007eff489c1000
[   29.373379]  </TASK>
[   29.373430] Mem-Info:
[   29.388494] active_anon:5193 inactive_anon:52134 isolated_anon:0
[   29.388494]  active_file:1527 inactive_file:2764 isolated_file:0
[   29.388494]  unevictable:0 dirty:1 writeback:0
[   29.388494]  slab_reclaimable:4454 slab_unreclaimable:24804
[   29.388494]  mapped:3076 shmem:39944 pagetables:1126
[   29.388494]  sec_pagetables:0 bounce:0
[   29.388494]  kernel_misc_reclaimable:0
[   29.388494]  free:16901 free_pcp:58 free_cma:0
[   29.390699] Node 0 active_anon:20772kB inactive_anon:208536kB active_file:6108kB inactive_file:10968kB unevictable:0kB isolated(anon):0kB isolated(file):0kB mapped:12304kB dirty:4kB writeback:0kB shmem:159776kB shmem_thp:0kB shmem_pmdmapped:0kB anon_thp:0kB kernel_stack:8000kB pagetables:4504kB sec_pagetables:0kB all_unreclaimable? no Balloon:0kB
[   29.392446] Node 0 DMA free:6496kB boost:0kB min:444kB low:552kB high:660kB reserved_highatomic:0KB free_highatomic:0KB active_anon:0kB inactive_anon:3112kB active_file:0kB inactive_file:56kB unevictable:0kB writepending:0kB zspages:0kB present:15992kB managed:15360kB mlocked:0kB bounce:0kB free_pcp:0kB local_pcp:0kB free_cma:0kB
[   29.394082] lowmem_reserve[]: 0 1522 1522 1522 1522
[   29.394395] Node 0 DMA32 free:61528kB boost:20480kB min:65088kB low:76240kB high:87392kB reserved_highatomic:0KB free_highatomic:0KB active_anon:20772kB inactive_anon:205400kB active_file:6108kB inactive_file:10680kB unevictable:0kB writepending:4kB zspages:0kB present:2080640kB managed:1559444kB mlocked:0kB bounce:0kB free_pcp:148kB local_pcp:0kB free_cma:0kB
[   29.396200] lowmem_reserve[]: 0 0 0 0 0
[   29.396449] Node 0 DMA: 2*4kB (UE) 3*8kB (UME) 3*16kB (UME) 4*32kB (UME) 4*64kB (UE) 1*128kB (E) 3*256kB (UME) 2*512kB (ME) 2*1024kB (UE) 1*2048kB (U) 0*4096kB = 6480kB
[   29.397440] Node 0 DMA32: 1054*4kB (UME) 841*8kB (UME) 659*16kB (UME) 348*32kB (UME) 178*64kB (UME) 61*128kB (UME) 18*256kB (UME) 8*512kB (UM) 1*1024kB (U) 0*2048kB 0*4096kB = 61552kB
[   29.398508] Node 0 hugepages_total=0 hugepages_free=0 hugepages_surp=0 hugepages_size=1048576kB
[   29.399043] Node 0 hugepages_total=0 hugepages_free=0 hugepages_surp=0 hugepages_size=2048kB
[   29.399547] 44107 total pagecache pages
[   29.399785] 0 pages in swap cache
[   29.399986] Free swap  = 0kB
[   29.400168] Total swap = 0kB
[   29.400367] 524158 pages RAM
[   29.400546] 0 pages HighMem/MovableOnly
[   29.400775] 130457 pages reserved
[   29.400979] 0 pages cma reserved
[   29.401176] 0 pages hwpoisoned
[   29.538331] kexec: Could not allocate control_code_buffer
[   31.141747] kexec: Could not allocate control_code_buffer
[   32.352008] kexec: Could not allocate control_code_buffer
[   33.301797] kexec: Could not allocate control_code_buffer
[   34.309671] kexec: Could not allocate control_code_buffer
[   36.219241] repro invoked oom-killer: gfp_mask=0x440dc0(GFP_KERNEL_ACCOUNT|__GFP_ZERO|__GFP_COMP), order=0, oom_score_adj=1000
[   36.219962] CPU: 1 UID: 0 PID: 1020 Comm: repro Not tainted 6.18.0-rc1-b2f35ac4146d+ #1 PREEMPT(voluntary) 
[   36.219973] Hardware name: QEMU Standard PC (i440FX + PIIX, 1996), BIOS rel-1.16.0-0-gd239552ce722-prebuilt.qemu.org 04/01/2014
[   36.219979] Call Trace:
[   36.219982]  <TASK>
[   36.219987]  dump_stack_lvl+0x121/0x150
[   36.220006]  dump_stack+0x19/0x20
[   36.220015]  dump_header+0x10f/0x910
[   36.220036]  oom_kill_process+0x287/0xa40
[   36.220047]  out_of_memory+0x34c/0x1710
[   36.220060]  ? __pfx_out_of_memory+0x10/0x10
[   36.220076]  __alloc_pages_slowpath.constprop.0+0x1bc6/0x2270
[   36.220100]  ? __pfx___alloc_pages_slowpath.constprop.0+0x10/0x10
[   36.220109]  ? lock_is_held_type+0xef/0x150
[   36.220126]  ? lock_release+0x14f/0x2c0
[   36.220145]  __alloc_frozen_pages_noprof+0x5da/0x6e0
[   36.220152]  ? scsi_finish_command+0x2f4/0x530
[   36.220182]  ? scsi_complete+0x136/0x3e0
[   36.220192]  ? blk_complete_reqs+0xbe/0x100
[   36.220210]  ? __pfx___alloc_frozen_pages_noprof+0x10/0x10
[   36.220222]  ? __sanitizer_cov_trace_switch+0x58/0xa0
[   36.220239]  ? policy_nodemask+0xf9/0x450
[   36.220252]  alloc_pages_mpol+0x236/0x4c0
[   36.220266]  ? __pfx_alloc_pages_mpol+0x10/0x10
[   36.220274]  ? __kasan_check_write+0x18/0x20
[   36.220288]  ? do_raw_spin_lock+0x140/0x280
[   36.220297]  ? __pfx_do_raw_spin_lock+0x10/0x10
[   36.220303]  ? lock_acquire+0x180/0x310
[   36.220318]  alloc_frozen_pages_noprof+0xa9/0x180
[   36.220331]  alloc_pages_noprof+0x27/0xa0
[   36.220345]  pte_alloc_one+0x28/0x2d0
[   36.220360]  __pte_alloc+0x74/0x350
[   36.220370]  ? __pfx___pte_alloc+0x10/0x10
[   36.220380]  ? lock_release+0x14f/0x2c0
[   36.220396]  do_anonymous_page+0x1135/0x1b30
[   36.220406]  ? pmd_val+0x5d/0xc0
[   36.220414]  ? __pfx_pmd_val+0x10/0x10
[   36.220422]  ? __lock_acquire+0x412/0x22a0
[   36.220437]  __handle_mm_fault+0x1d96/0x2d70
[   36.220453]  ? __pfx___handle_mm_fault+0x10/0x10
[   36.220461]  ? lock_vma_under_rcu+0x192/0x550
[   36.220470]  ? __this_cpu_preempt_check+0x21/0x30
[   36.220483]  ? lock_release+0x14f/0x2c0
[   36.220508]  handle_mm_fault+0x2de/0x920
[   36.220521]  do_user_addr_fault+0x526/0xfe0
[   36.220530]  ? rcu_is_watching+0x19/0xc0
[   36.220544]  exc_page_fault+0xc9/0x1d0
[   36.220556]  asm_exc_page_fault+0x2b/0x30
[   36.220564] RIP: 0033:0x401c72
[   36.220574] Code: 00 00 8b 55 e4 48 8b 45 d8 48 8b 40 10 48 39 c2 77 4f 48 8b 45 d8 48 8b 10 48 8b 45 d8 48 8b 40 10 8b 4d e4 48 29 c8 48 01 d0 <0f> b6 00 84 c0 74 30 48 8b 45 d8 48 8b 10 48 8b 45 d8 48 8b 40 10
[   36.220582] RSP: 002b:00007fffebfc2f00 EFLAGS: 00010206
[   36.220589] RAX: 00007eff40e00000 RBX: 0000000000000001 RCX: 0000000000000001
[   36.220594] RDX: 00007eff40200000 RSI: 0000000000000055 RDI: 00007fffebfc3510
[   36.220599] RBP: 00007fffebfc2f40 R08: 00000000ffffffff R09: 0000000000000000
[   36.220603] R10: 00007eff48607e00 R11: 00007eff48629660 R12: 00007fffebfc3a28
[   36.220608] R13: 00000000004030f5 R14: 000000000040ee08 R15: 00007eff489c1000
[   36.220625]  </TASK>
[   36.220628] Mem-Info:
[   36.237570] active_anon:5194 inactive_anon:47556 isolated_anon:0
[   36.237570]  active_file:257 inactive_file:50 isolated_file:1
[   36.237570]  unevictable:0 dirty:0 writeback:0
[   36.237570]  slab_reclaimable:4392 slab_unreclaimable:24324
[   36.237570]  mapped:287 shmem:35988 pagetables:1091
[   36.237570]  sec_pagetables:0 bounce:0
[   36.237570]  kernel_misc_reclaimable:0
[   36.237570]  free:14683 free_pcp:0 free_cma:0
[   36.239785] Node 0 active_anon:20776kB inactive_anon:190224kB active_file:884kB inactive_file:200kB unevictable:0kB isolated(anon):0kB isolated(file):132kB mapped:1148kB dirty:0kB writeback:0kB shmem:143952kB shmem_thp:0kB shmem_pmdmapped:0kB anon_thp:0kB kernel_stack:8000kB pagetables:4364kB sec_pagetables:0kB all_unreclaimable? no Balloon:0kB
[   36.241551] Node 0 DMA free:6484kB boost:0kB min:444kB low:552kB high:660kB reserved_highatomic:0KB free_highatomic:0KB active_anon:0kB inactive_anon:932kB active_file:40kB inactive_file:0kB unevictable:0kB writepending:0kB zspages:0kB present:15992kB managed:15360kB mlocked:0kB bounce:0kB free_pcp:0kB local_pcp:0kB free_cma:0kB
[   36.243253] lowmem_reserve[]: 0 1522 1522 1522 1522
[   36.243581] Node 0 DMA32 free:52248kB boost:14336kB min:58944kB low:70096kB high:81248kB reserved_highatomic:0KB free_highatomic:0KB active_anon:20776kB inactive_anon:189292kB active_file:884kB inactive_file:372kB unevictable:0kB writepending:0kB zspages:0kB present:2080640kB managed:1559444kB mlocked:0kB bounce:0kB free_pcp:40kB local_pcp:0kB free_cma:0kB
[   36.245388] lowmem_reserve[]: 0 0 0 0 0
[   36.245643] Node 0 DMA: 3*4kB (UME) 5*8kB (UME) 4*16kB (UME) 6*32kB (ME) 3*64kB (ME) 3*128kB (ME) 4*256kB (UME) 1*512kB (E) 2*1024kB (UE) 1*2048kB (M) 0*4096kB = 6516kB
[   36.246607] Node 0 DMA32: 920*4kB (UME) 853*8kB (UME) 589*16kB (UME) 337*32kB (UME) 165*64kB (UME) 58*128kB (ME) 15*256kB (ME) 0*512kB 0*1024kB 0*2048kB 0*4096kB = 52536kB
[   36.247592] Node 0 hugepages_total=0 hugepages_free=0 hugepages_surp=0 hugepages_size=1048576kB
[   36.248109] Node 0 hugepages_total=0 hugepages_free=0 hugepages_surp=0 hugepages_size=2048kB
[   36.248609] 36235 total pagecache pages
[   36.248846] 0 pages in swap cache
[   36.249054] Free swap  = 0kB
[   36.249238] Total swap = 0kB
[   36.249430] 524158 pages RAM
[   36.249614] 0 pages HighMem/MovableOnly
[   36.249854] 130457 pages reserved
[   36.250072] 0 pages cma reserved
[   36.250279] 0 pages hwpoisoned
[   36.250483] Tasks state (memory values in pages):
[   36.250772] [  pid  ]   uid  tgid total_vm      rss rss_anon rss_file rss_shmem pgtables_bytes swapents oom_score_adj name
[   36.251453] [    141]     0   141     5474      458      256       42       160    86016        0          -250 systemd-journal
[   36.252141] [    163]     0   163     7810      653      640       13         0    81920        0         -1000 systemd-udevd
[   36.252826] [    232]    32   232     3314      214      192       22         0    65536        0             0 rpcbind
[   36.253465] [    233]     0   233    22975      218      193       25         0    69632        0         -1000 auditd
[   36.254097] [    235]     0   235     1947      105       64       41         0    57344        0             0 sedispatch
[   36.254749] [    256]    81   256     2731      220      192       28         0    61440        0          -900 dbus-broker-lau
[   36.255449] [    257]    81   257     1349      205      162       43         0    53248        0          -900 dbus-broker
[   36.256106] [    258]     0   258    64565      935      928        7         0   143360        0             0 NetworkManager
[   36.256786] [    261]     0   261    19783       37       32        5         0    53248        0             0 irqbalance
[   36.257443] [    262]   992   262      678       51       32       19         0    45056        0             0 lsmd
[   36.258072] [    263]     0   263      700       35       32        3         0    40960        0             0 mcelog
[   36.258715] [    265]     0   265     4639      268      256       12         0    77824        0             0 systemd-logind
[   36.259419] [    266]     0   266     4496      286      256       30         0    73728        0             0 systemd-machine
[   36.260104] [    273]   985   273    21097      161      132       29         0    69632        0             0 chronyd
[   36.260746] [    276]     0   276     4419      261      224       37         0    77824        0             0 systemd-hostnam
[   36.261428] [    300]     0   300    39958      389      224       31       134    77824        0             0 rsyslogd
[   36.262075] [    304]     0   304     3951      373      320       53         0    77824        0         -1000 sshd
[   36.262707] [    305]     0   305    66148     3466     3412       54         0   155648        0             0 tuned
[   36.263381] [    306]     0   306    13748      251      219       32         0    86016        0             0 gssproxy
[   36.264029] [    317]     0   317   292079      618      576       42         0   253952        0             0 virtqemud
[   36.264678] [    319]     0   319     1169       17        0       17         0    53248        0             0 atd
[   36.265295] [    325]     0   325     2139      222      192       30         0    53248        0             0 crond
[   36.265924] [    346]     0   346      763       44        0       44         0    49152        0             0 agetty
[   36.266554] [    348]     0   348     1405       69       32       37         0    57344        0             0 agetty
[   36.267196] [    546]   998   546   644241     1098     1056       42         0   204800        0             0 polkitd
[   36.267854] [    590]     0   590     5110      486      448       38         0    81920        0           100 systemd
[   36.268909] [    591]     0   591    42782     1018      978       40         0    98304        0           100 (sd-pam)
[   36.269565] [    694]     0   694     4797      496      448       48         0    77824        0             0 sshd
[   36.270183] [    696]     0   696     4797      478      454       24         0    77824        0             0 sshd
[   36.270806] [    697]     0   697     1782      106       64       42         0    53248        0             0 repro.sh
[   36.271482] [    722]     0   722     4736        4        0        4         0    40960        0             0 repro
[   36.272110] [    723]     0   723     4736       34        0       34         0    40960        0             0 repro
[   36.272739] [    724]     0   724     4736       48        0       48         0    40960        0             0 repro
[   36.273370] [    726]     0   726     4736       34        0       34         0    40960        0             0 repro
[   36.274002] [    727]     0   727     4736       11        0       11         0    40960        0             0 repro
[   36.274634] [    728]     0   728     4736       31        0       31         0    40960        0             0 repro
[   36.275274] [    733]     0   733     7890      724      704       20         0    69632        0             0 systemd-udevd
[   36.275943] [    734]     0   734     4736       16        0       16         0    40960        0             0 repro
[   36.276577] [    735]     0   735     4736       24        0       24         0    40960        0             0 repro
[   36.277221] [    736]     0   736     4736       35        0       35         0    40960        0             0 repro
[   36.278049] [    739]     0   739     7890      735      715       20         0    69632        0             0 systemd-udevd
[   36.278832] [    741]     0   741     7890      745      704       41         0    69632        0             0 systemd-udevd
[   36.279636] [    742]     0   742     7890      759      715       44         0    69632        0             0 systemd-udevd
[   36.280315] [    804]     0   804     7890      740      712       28         0    69632        0             0 systemd-udevd
[   36.280982] [    807]     0   807     7810      735      681       54         0    69632        0             0 systemd-udevd
[   36.281651] [   1003]     0  1003     4736       23        0       23         0    53248        0          1000 repro
[   36.282290] [   1017]     0  1017    38528      609      576       33         0    86016        0          1000 repro
[   36.282929] [   1018]     0  1018    38528      609      576       33         0    86016        0          1000 repro
[   36.283583] [   1020]     0  1020    38528      580      544       36         0    77824        0          1000 repro
[   36.284214] [   1021]     0  1021    38528      572      544       28         0    69632        0          1000 repro
[   36.284848] [   1022]     0  1022    38528      340      288       52         0    57344        0          1000 repro
[   36.285483] [   1023]     0  1023    38528      195      160       35         0    57344        0          1000 repro
[   36.286114] [   1024]     0  1024     4736       34        0       34         0    40960        0             0 repro
[   36.286765] oom-kill:constraint=CONSTRAINT_NONE,nodemask=(null),cpuset=/,mems_allowed=0,global_oom,task_memcg=/user.slice/user-0.slice/session-6.scope,task=repro,pid=1018,uid=0
[   36.287946] Out of memory: Killed process 1018 (repro) total-vm:154112kB, anon-rss:2304kB, file-rss:132kB, shmem-rss:0kB, UID:0 pgtables:84kB oom_score_adj:1000
[   36.429045] kexec: Could not allocate control_code_buffer
[   38.023376] kexec: Could not allocate control_code_buffer
[   39.694056] warn_alloc: 6 callbacks suppressed
[   39.694072] repro: page allocation failure: order:0, mode:0x10cc0(GFP_KERNEL|__GFP_NORETRY), nodemask=(null),cpuset=/,mems_allowed=0
[   39.695117] CPU: 0 UID: 0 PID: 1034 Comm: repro Not tainted 6.18.0-rc1-b2f35ac4146d+ #1 PREEMPT(voluntary) 
[   39.695138] Hardware name: QEMU Standard PC (i440FX + PIIX, 1996), BIOS rel-1.16.0-0-gd239552ce722-prebuilt.qemu.org 04/01/2014
[   39.695143] Call Trace:
[   39.695146]  <TASK>
[   39.695151]  dump_stack_lvl+0x121/0x150
[   39.695169]  dump_stack+0x19/0x20
[   39.695178]  warn_alloc+0x216/0x350
[   39.695190]  ? __pfx_warn_alloc+0x10/0x10
[   39.695197]  ? __pfx_try_to_free_pages+0x10/0x10
[   39.695219]  ? __this_cpu_preempt_check+0x21/0x30
[   39.695233]  ? __pfx___alloc_pages_direct_compact+0x10/0x10
[   39.695248]  __alloc_pages_slowpath.constprop.0+0x1356/0x2270
[   39.695264]  ? filelayout_read_pagelist+0x134/0x8f0
[   39.695279]  ? __pfx___alloc_pages_slowpath.constprop.0+0x10/0x10
[   39.695288]  ? lock_is_held_type+0xef/0x150
[   39.695303]  ? lock_release+0x14f/0x2c0
[   39.695322]  __alloc_frozen_pages_noprof+0x5da/0x6e0
[   39.695333]  ? __pfx___alloc_frozen_pages_noprof+0x10/0x10
[   39.695349]  ? __sanitizer_cov_trace_switch+0x58/0xa0
[   39.695368]  ? policy_nodemask+0xf9/0x450
[   39.695380]  alloc_pages_mpol+0x236/0x4c0
[   39.695393]  ? __pfx_alloc_pages_mpol+0x10/0x10
[   39.695403]  ? alloc_frozen_pages_noprof+0x48/0x180
[   39.695413]  ? alloc_frozen_pages_noprof+0xbd/0x180
[   39.695427]  alloc_frozen_pages_noprof+0xa9/0x180
[   39.695439]  alloc_pages_noprof+0x27/0xa0
[   39.695449]  kimage_alloc_pages+0x78/0x240
[   39.695463]  kimage_alloc_control_pages+0x1ca/0xa60
[   39.695478]  ? __pfx_kimage_alloc_control_pages+0x10/0x10
[   39.695486]  ? __sanitizer_cov_trace_cmp8+0x1c/0x30
[   39.695503]  do_kexec_load+0x39b/0x8c0
[   39.695511]  ? __might_fault+0xf1/0x1b0
[   39.695522]  ? __pfx_do_kexec_load+0x10/0x10
[   39.695531]  ? __sanitizer_cov_trace_const_cmp8+0x1c/0x30
[   39.695542]  ? _copy_from_user+0x75/0xa0
[   39.695558]  __x64_sys_kexec_load+0x1cc/0x240
[   39.695570]  x64_sys_call+0x1c84/0x2190
[   39.695580]  do_syscall_64+0x6d/0x450
[   39.695591]  entry_SYSCALL_64_after_hwframe+0x76/0x7e
[   39.695598] RIP: 0033:0x7eff4863ee5d
[   39.695622] Code: Unable to access opcode bytes at 0x7eff4863ee33.
[   39.695625] RSP: 002b:00007fffebfc38b8 EFLAGS: 00000207 ORIG_RAX: 00000000000000f6
[   39.695633] RAX: ffffffffffffffda RBX: 0000000000000000 RCX: 00007eff4863ee5d
[   39.695637] RDX: 0000200000000180 RSI: 0000000000000003 RDI: 0000000000000000
[   39.695642] RBP: 00007fffebfc38d0 R08: 00007fffebfc3340 R09: 00007fffebfc38d0
[   39.695646] R10: 0000000000000000 R11: 0000000000000207 R12: 00007fffebfc3a28
[   39.695651] R13: 00000000004030f5 R14: 000000000040ee08 R15: 00007eff489c1000
[   39.695668]  </TASK>
[   39.695671] Mem-Info:
[   39.709821] active_anon:5201 inactive_anon:59262 isolated_anon:0
[   39.709821]  active_file:28 inactive_file:202 isolated_file:4
[   39.709821]  unevictable:0 dirty:0 writeback:1
[   39.709821]  slab_reclaimable:4378 slab_unreclaimable:24709
[   39.709821]  mapped:206 shmem:46837 pagetables:1113
[   39.709821]  sec_pagetables:0 bounce:0
[   39.709821]  kernel_misc_reclaimable:0
[   39.709821]  free:12732 free_pcp:62 free_cma:0
[   39.711964] Node 0 active_anon:20804kB inactive_anon:237048kB active_file:112kB inactive_file:808kB unevictable:0kB isolated(anon):0kB isolated(file):16kB mapped:824kB dirty:0kB writeback:4kB shmem:187348kB shmem_thp:0kB shmem_pmdmapped:0kB anon_thp:0kB kernel_stack:8000kB pagetables:4452kB sec_pagetables:0kB all_unreclaimable? no Balloon:0kB
[   39.713638] Node 0 DMA free:6512kB boost:0kB min:444kB low:552kB high:660kB reserved_highatomic:0KB free_highatomic:0KB active_anon:0kB inactive_anon:2696kB active_file:8kB inactive_file:0kB unevictable:0kB writepending:0kB zspages:0kB present:15992kB managed:15360kB mlocked:0kB bounce:0kB free_pcp:0kB local_pcp:0kB free_cma:0kB
[   39.715269] lowmem_reserve[]: 0 1522 1522 1522 1522
[   39.715576] Node 0 DMA32 free:44416kB boost:0kB min:44608kB low:55760kB high:66912kB reserved_highatomic:0KB free_highatomic:0KB active_anon:20804kB inactive_anon:234352kB active_file:112kB inactive_file:808kB unevictable:0kB writepending:4kB zspages:0kB present:2080640kB managed:1559444kB mlocked:0kB bounce:0kB free_pcp:252kB local_pcp:0kB free_cma:0kB
[   39.717287] lowmem_reserve[]: 0 0 0 0 0
[   39.717535] Node 0 DMA: 8*4kB (ME) 5*8kB (UME) 8*16kB (UME) 6*32kB (UME) 4*64kB (ME) 6*128kB (ME) 2*256kB (ME) 5*512kB (UE) 2*1024kB (UE) 0*2048kB 0*4096kB = 6536kB
[   39.718444] Node 0 DMA32: 31*4kB (UE) 80*8kB (UME) 53*16kB (UE) 297*32kB (UME) 126*64kB (ME) 69*128kB (UME) 30*256kB (UME) 9*512kB (M) 4*1024kB (U) 0*2048kB 0*4096kB = 44396kB
[   39.719427] Node 0 hugepages_total=0 hugepages_free=0 hugepages_surp=0 hugepages_size=1048576kB
[   39.719920] Node 0 hugepages_total=0 hugepages_free=0 hugepages_surp=0 hugepages_size=2048kB
[   39.720406] 47098 total pagecache pages
[   39.720636] 0 pages in swap cache
[   39.720837] Free swap  = 0kB
[   39.721020] Total swap = 0kB
[   39.721198] 524158 pages RAM
[   39.721378] 0 pages HighMem/MovableOnly
[   39.721604] 130457 pages reserved
[   39.721804] 0 pages cma reserved
[   39.722000] 0 pages hwpoisoned
[   39.811821] kexec: Could not allocate control_code_buffer
[   41.634018] kexec: Could not allocate control_code_buffer
[   43.172463] kexec: Could not allocate control_code_buffer
[   44.935762] kexec: Could not allocate control_code_buffer
[   46.981537] kexec: Could not allocate control_code_buffer
[   48.899988] kexec: Could not allocate control_code_buffer
[   49.752011] warn_alloc: 5 callbacks suppressed
[   49.752025] repro: page allocation failure: order:0, mode:0x10cc0(GFP_KERNEL|__GFP_NORETRY), nodemask=(null),cpuset=/,mems_allowed=0
[   49.753034] CPU: 1 UID: 0 PID: 1167 Comm: repro Not tainted 6.18.0-rc1-b2f35ac4146d+ #1 PREEMPT(voluntary) 
[   49.753044] Hardware name: QEMU Standard PC (i440FX + PIIX, 1996), BIOS rel-1.16.0-0-gd239552ce722-prebuilt.qemu.org 04/01/2014
[   49.753049] Call Trace:
[   49.753053]  <TASK>
[   49.753057]  dump_stack_lvl+0x121/0x150
[   49.753076]  dump_stack+0x19/0x20
[   49.753084]  warn_alloc+0x216/0x350
[   49.753097]  ? __pfx_warn_alloc+0x10/0x10
[   49.753113]  ? __pfx___alloc_pages_direct_compact+0x10/0x10
[   49.753120]  ? __drain_all_pages+0x27d/0x480
[   49.753137]  __alloc_pages_slowpath.constprop.0+0x1356/0x2270
[   49.753153]  ? filelayout_read_pagelist+0x134/0x8f0
[   49.753169]  ? __pfx___alloc_pages_slowpath.constprop.0+0x10/0x10
[   49.753178]  ? lock_is_held_type+0xef/0x150
[   49.753193]  ? lock_release+0x14f/0x2c0
[   49.753211]  __alloc_frozen_pages_noprof+0x5da/0x6e0
[   49.753219]  ? asm_sysvec_reschedule_ipi+0x1f/0x30
[   49.753231]  ? __pfx___alloc_frozen_pages_noprof+0x10/0x10
[   49.753242]  ? __sanitizer_cov_trace_switch+0x58/0xa0
[   49.753259]  ? policy_nodemask+0xf9/0x450
[   49.753271]  alloc_pages_mpol+0x236/0x4c0
[   49.753282]  ? __pfx_alloc_pages_mpol+0x10/0x10
