c[?7l[2J[0mSeaBIOS (version rel-1.16.0-0-gd239552ce722-prebuilt.qemu.org)


iPXE (http://ipxe.org) 00:03.0 CA00 PCI2.10 PnP PMM+7FF91000+7FEF1000 CA00
Press Ctrl-B to configure iPXE (PCI 00:03.0)...                                                                               


Booting from ROM...
c[?7l[2J[    0.000000] Linux version 6.18.0-b53440f8e5a1+ (root@p-arls02) (gcc (GCC) 11.5.0 20240719 (Red Hat 11.5.0-14), GNU ld version 2.35.2-68.el9) #1 SMP PREEMPT_DYNAMIC Thu Dec  4 23:28:32 CST 2025
[    0.000000] Command line: console=ttyS0 root=/dev/sda earlyprintk=serial net.ifnames=0 plymouth.enable=0
[    0.000000] KERNEL supported cpus:
[    0.000000]   Intel GenuineIntel
[    0.000000]   AMD AuthenticAMD
[    0.000000]   Hygon HygonGenuine
[    0.000000]   Centaur CentaurHauls
[    0.000000]   zhaoxin   Shanghai  
[    0.000000] x86/CPU: Model not found in latest microcode list
[    0.000000] x86/split lock detection: #DB: warning on user-space bus_locks
[    0.000000] BIOS-provided physical RAM map:
[    0.000000] BIOS-e820: [mem 0x0000000000000000-0x000000000009fbff] usable
[    0.000000] BIOS-e820: [mem 0x000000000009fc00-0x000000000009ffff] reserved
[    0.000000] BIOS-e820: [mem 0x00000000000f0000-0x00000000000fffff] reserved
[    0.000000] BIOS-e820: [mem 0x0000000000100000-0x000000007ffdffff] usable
[    0.000000] BIOS-e820: [mem 0x000000007ffe0000-0x000000007fffffff] reserved
[    0.000000] BIOS-e820: [mem 0x00000000feffc000-0x00000000feffffff] reserved
[    0.000000] BIOS-e820: [mem 0x00000000fffc0000-0x00000000ffffffff] reserved
[    0.000000] printk: legacy bootconsole [earlyser0] enabled
[    0.000000] NX (Execute Disable) protection: active
[    0.000000] APIC: Static calls initialized
[    0.000000] SMBIOS 2.8 present.
[    0.000000] DMI: QEMU Standard PC (i440FX + PIIX, 1996), BIOS rel-1.16.0-0-gd239552ce722-prebuilt.qemu.org 04/01/2014
[    0.000000] DMI: Memory slots populated: 1/1
[    0.000000] Hypervisor detected: KVM
[    0.000000] last_pfn = 0x7ffe0 max_arch_pfn = 0x400000000
[    0.000000] kvm-clock: Using msrs 4b564d01 and 4b564d00
[    0.000002] kvm-clock: using sched offset of 1048348450 cycles
[    0.000446] clocksource: kvm-clock: mask: 0xffffffffffffffff max_cycles: 0x1cd42e4dffb, max_idle_ns: 881590591483 ns
[    0.001812] tsc: Detected 1267.200 MHz processor
[    0.008443] last_pfn = 0x7ffe0 max_arch_pfn = 0x400000000
[    0.008922] MTRR map: 4 entries (3 fixed + 1 variable; max 19), built from 8 variable MTRRs
[    0.009618] x86/PAT: Configuration [0-7]: WB  WC  UC- UC  WB  WP  UC- WT  
[    0.019049] found SMP MP-table at [mem 0x000f5ba0-0x000f5baf]
[    0.019558] Using GB pages for direct mapping
[    0.021856] ACPI: Early table checksum verification disabled
[    0.022348] ACPI: RSDP 0x00000000000F59C0 000014 (v00 BOCHS )
[    0.022842] ACPI: RSDT 0x000000007FFE1951 000034 (v01 BOCHS  BXPC     00000001 BXPC 00000001)
[    0.023562] ACPI: FACP 0x000000007FFE17FD 000074 (v01 BOCHS  BXPC     00000001 BXPC 00000001)
[    0.024293] ACPI: DSDT 0x000000007FFE0040 0017BD (v01 BOCHS  BXPC     00000001 BXPC 00000001)
[    0.025019] ACPI: FACS 0x000000007FFE0000 000040
[    0.025415] ACPI: APIC 0x000000007FFE1871 000080 (v01 BOCHS  BXPC     00000001 BXPC 00000001)
[    0.026069] ACPI: HPET 0x000000007FFE18F1 000038 (v01 BOCHS  BXPC     00000001 BXPC 00000001)
[    0.026726] ACPI: WAET 0x000000007FFE1929 000028 (v01 BOCHS  BXPC     00000001 BXPC 00000001)
[    0.027443] ACPI: Reserving FACP table memory at [mem 0x7ffe17fd-0x7ffe1870]
[    0.028050] ACPI: Reserving DSDT table memory at [mem 0x7ffe0040-0x7ffe17fc]
[    0.028636] ACPI: Reserving FACS table memory at [mem 0x7ffe0000-0x7ffe003f]
[    0.029224] ACPI: Reserving APIC table memory at [mem 0x7ffe1871-0x7ffe18f0]
[    0.029814] ACPI: Reserving HPET table memory at [mem 0x7ffe18f1-0x7ffe1928]
[    0.030412] ACPI: Reserving WAET table memory at [mem 0x7ffe1929-0x7ffe1950]
[    0.031495] No NUMA configuration found
[    0.031819] Faking a node at [mem 0x0000000000000000-0x000000007ffdffff]
[    0.032414] NODE_DATA(0) allocated [mem 0x7ffb4ec0-0x7ffdfcbf]
[    0.033517] Zone ranges:
[    0.033733]   DMA      [mem 0x0000000000001000-0x0000000000ffffff]
[    0.034248]   DMA32    [mem 0x0000000001000000-0x000000007ffdffff]
[    0.034767]   Normal   empty
[    0.035013]   Device   empty
[    0.035256] Movable zone start for each node
[    0.035636] Early memory node ranges
[    0.035932]   node   0: [mem 0x0000000000001000-0x000000000009efff]
[    0.036456]   node   0: [mem 0x0000000000100000-0x000000007ffdffff]
[    0.036982] Initmem setup node 0 [mem 0x0000000000001000-0x000000007ffdffff]
[    0.037889] On node 0, zone DMA: 1 pages in unavailable ranges
[    0.038540] On node 0, zone DMA: 97 pages in unavailable ranges
[    0.071693] On node 0, zone DMA32: 32 pages in unavailable ranges
[    0.478549] KernelAddressSanitizer initialized (generic)
[    0.479294] ACPI: PM-Timer IO Port: 0x608
[    0.479674] ACPI: LAPIC_NMI (acpi_id[0xff] dfl dfl lint[0x1])
[    0.480278] IOAPIC[0]: apic_id 0, version 17, address 0xfec00000, GSI 0-23
[    0.480868] ACPI: INT_SRC_OVR (bus 0 bus_irq 0 global_irq 2 dfl dfl)
[    0.481401] ACPI: INT_SRC_OVR (bus 0 bus_irq 5 global_irq 5 high level)
[    0.481951] ACPI: INT_SRC_OVR (bus 0 bus_irq 9 global_irq 9 high level)
[    0.482503] ACPI: INT_SRC_OVR (bus 0 bus_irq 10 global_irq 10 high level)
[    0.483077] ACPI: INT_SRC_OVR (bus 0 bus_irq 11 global_irq 11 high level)
[    0.483676] ACPI: Using ACPI (MADT) for SMP configuration information
[    0.484217] ACPI: HPET id: 0x8086a201 base: 0xfed00000
[    0.484666] TSC deadline timer available
[    0.485002] CPU topo: Max. logical packages:   1
[    0.485388] CPU topo: Max. logical dies:       1
[    0.485771] CPU topo: Max. dies per package:   1
[    0.486156] CPU topo: Max. threads per core:   1
[    0.486543] CPU topo: Num. cores per package:     2
[    0.486948] CPU topo: Num. threads per package:   2
[    0.487356] CPU topo: Allowing 2 present CPUs plus 0 hotplug CPUs
[    0.487964] kvm-guest: APIC: eoi() replaced with kvm_guest_apic_eoi_write()
[    0.488599] kvm-guest: KVM setup pv remote TLB flush
[    0.489022] kvm-guest: setup PV sched yield
[    0.489430] PM: hibernation: Registered nosave memory: [mem 0x00000000-0x00000fff]
[    0.490069] PM: hibernation: Registered nosave memory: [mem 0x0009f000-0x000fffff]
[    0.490711] [mem 0x80000000-0xfeffbfff] available for PCI devices
[    0.491223] Booting paravirtualized kernel on KVM
[    0.491631] clocksource: refined-jiffies: mask: 0xffffffff max_cycles: 0xffffffff, max_idle_ns: 7645519600211568 ns
[    0.492528] setup_percpu: NR_CPUS:8192 nr_cpumask_bits:2 nr_cpu_ids:2 nr_node_ids:1
[    0.495448] percpu: Embedded 80 pages/cpu s290816 r8192 d28672 u1048576
[    0.496195] kvm-guest: PV spinlocks enabled
[    0.496564] PV qspinlock hash table entries: 256 (order: 0, 4096 bytes, linear)
[    0.497190] Kernel command line: net.ifnames=0 console=ttyS0 root=/dev/sda earlyprintk=serial net.ifnames=0 plymouth.enable=0
[    0.498451] random: crng init done
[    0.498744] printk: log buffer data + meta data: 262144 + 917504 = 1179648 bytes
[    0.501564] Dentry cache hash table entries: 262144 (order: 9, 2097152 bytes, linear)
[    0.503496] Inode-cache hash table entries: 131072 (order: 8, 1048576 bytes, linear)
[    0.504515] Fallback order for Node 0: 0 
[    0.504524] Built 1 zonelists, mobility grouping on.  Total pages: 524158
[    0.505383] Policy zone: DMA32
[    0.505632] mem auto-init: stack:off, heap alloc:off, heap free:off
[    0.506135] stackdepot: allocating hash table via alloc_large_system_hash
[    0.506693] stackdepot hash table entries: 1048576 (order: 12, 16777216 bytes, linear)
[    0.523472] stackdepot: allocating space for 8192 stack pools via memblock
[    0.563110] SLUB: HWalign=64, Order=0-3, MinObjects=0, CPUs=2, Nodes=1
[    0.563667] kmemleak: Kernel memory leak detector disabled
[    0.602867] ftrace: allocating 74694 entries in 292 pages
[    0.603348] ftrace: allocated 292 pages with 3 groups
[    0.608313] Dynamic Preempt: voluntary
[    0.609191] Running RCU self tests
[    0.609476] Running RCU synchronous self tests
[    0.609846] rcu: Preemptible hierarchical RCU implementation.
[    0.610304] rcu: 	RCU lockdep checking is enabled.
[    0.610697] rcu: 	RCU restricting CPUs from NR_CPUS=8192 to nr_cpu_ids=2.
[    0.611241] 	Trampoline variant of Tasks RCU enabled.
[    0.611654] 	Rude variant of Tasks RCU enabled.
[    0.612021] 	Tracing variant of Tasks RCU enabled.
[    0.612415] rcu: RCU calculated value of scheduler-enlistment delay is 25 jiffies.
[    0.613027] rcu: Adjusting geometry for rcu_fanout_leaf=16, nr_cpu_ids=2
[    0.613657] Running RCU synchronous self tests
[    0.614029] RCU Tasks: Setting shift to 1 and lim to 1 rcu_task_cb_adjust=1 rcu_task_cpu_ids=2.
[    0.614729] RCU Tasks Rude: Setting shift to 1 and lim to 1 rcu_task_cb_adjust=1 rcu_task_cpu_ids=2.
[    0.615485] RCU Tasks Trace: Setting shift to 1 and lim to 1 rcu_task_cb_adjust=1 rcu_task_cpu_ids=2.
[    0.682568] NR_IRQS: 524544, nr_irqs: 440, preallocated irqs: 16
[    0.683644] rcu: srcu_init: Setting srcu_struct sizes based on contention.
[    0.691075] Console: colour VGA+ 80x25
[    0.691467] printk: legacy console [ttyS0] enabled
[    0.691467] printk: legacy console [ttyS0] enabled
[    0.692270] printk: legacy bootconsole [earlyser0] disabled
[    0.692270] printk: legacy bootconsole [earlyser0] disabled
[    0.693205] Lock dependency validator: Copyright (c) 2006 Red Hat, Inc., Ingo Molnar
[    0.693855] ... MAX_LOCKDEP_SUBCLASSES:  8
[    0.694200] ... MAX_LOCK_DEPTH:          48
[    0.694552] ... MAX_LOCKDEP_KEYS:        8192
[    0.694915] ... CLASSHASH_SIZE:          4096
[    0.695277] ... MAX_LOCKDEP_ENTRIES:     524288
[    0.695660] ... MAX_LOCKDEP_CHAINS:      524288
[    0.696037] ... CHAINHASH_SIZE:          262144
[    0.696416]  memory used by lock dependency info: 54145 kB
[    0.696871]  memory used for stack traces: 4224 kB
[    0.697270]  per task-struct memory footprint: 1920 bytes
[    0.697818] ACPI: Core revision 20250807
[    0.698551] clocksource: hpet: mask: 0xffffffff max_cycles: 0xffffffff, max_idle_ns: 19112604467 ns
[    0.699466] APIC: Switch to symmetric I/O mode setup
[    0.700043] x2apic enabled
[    0.700652] APIC: Switched APIC routing to: physical x2apic
[    0.701125] kvm-guest: APIC: send_IPI_mask() replaced with kvm_send_ipi_mask()
[    0.701738] kvm-guest: APIC: send_IPI_mask_allbutself() replaced with kvm_send_ipi_mask_allbutself()
[    0.702500] kvm-guest: setup PV IPIs
[    0.703821] ..TIMER: vector=0x30 apic1=0 pin1=2 apic2=-1 pin2=-1
[    0.704339] clocksource: tsc-early: mask: 0xffffffffffffffff max_cycles: 0x12441513526, max_idle_ns: 440795239872 ns
[    0.705210] Calibrating delay loop (skipped) preset value.. 2534.40 BogoMIPS (lpj=5068800)
[    0.706055] CPU0: Thermal monitoring enabled (TM1)
[    0.706479] x86/cpu: User Mode Instruction Prevention (UMIP) activated
[    0.707134] Last level iTLB entries: 4KB 0, 2MB 0, 4MB 0
[    0.709220] Last level dTLB entries: 4KB 0, 2MB 0, 4MB 0, 1GB 0
[    0.709730] mitigations: Enabled attack vectors: user_kernel, user_user, guest_host, guest_guest, SMT mitigations: auto
[    0.710640] Speculative Store Bypass: Mitigation: Speculative Store Bypass disabled via prctl
[    0.711343] Spectre V2 : Mitigation: Enhanced / Automatic IBRS
[    0.711823] ITS: Mitigation: Aligned branch/return thunks
[    0.712278] Spectre V1 : Mitigation: usercopy/swapgs barriers and __user pointer sanitization
[    0.713198] Spectre V2 : WARNING: Unprivileged eBPF is enabled with eIBRS on, data leaks possible via Spectre v2 BHB attacks!
[    0.714145] Spectre V2 : Spectre v2 / PBRSB-eIBRS: Retire a single CALL on VMEXIT
[    0.714737] Spectre V2 : mitigation: Enabling conditional Indirect Branch Prediction Barrier
[    0.715443] active return thunk: its_return_thunk
[    0.715834] Spectre V2 : Spectre BHI mitigation: SW BHB clearing on syscall and VM exit
[    0.716513] x86/fpu: Supporting XSAVE feature 0x001: 'x87 floating point registers'
[    0.717196] x86/fpu: Supporting XSAVE feature 0x002: 'SSE registers'
[    0.717760] x86/fpu: Supporting XSAVE feature 0x004: 'AVX registers'
[    0.718286] x86/fpu: Supporting XSAVE feature 0x200: 'Protection Keys User registers'
[    0.718927] x86/fpu: xstate_offset[2]:  576, xstate_sizes[2]:  256
[    0.719436] x86/fpu: xstate_offset[9]:  832, xstate_sizes[9]:    8
[    0.719979] x86/fpu: Enabled xstate features 0x207, context size is 840 bytes, using 'compacted' format.
[    0.853386] Freeing SMP alternatives memory: 64K
[    0.853800] pid_max: default: 32768 minimum: 301
[    0.854446] LSM: initializing lsm=capability,yama,ima,evm
[    0.855009] Yama: becoming mindful.
[    0.855735] Mount-cache hash table entries: 4096 (order: 3, 32768 bytes, linear)
[    0.856350] Mountpoint-cache hash table entries: 4096 (order: 3, 32768 bytes, linear)
[    0.858668] Running RCU synchronous self tests
[    0.859047] Running RCU synchronous self tests
[    0.859840] smpboot: CPU0: Genuine Intel(R) 0000 @ (family: 0x6, model: 0xc6, stepping: 0x0)
[    0.861193] Performance Events: unsupported CPU family 6 model 198 no PMU driver, software events only.
[    0.861193] signal: max sigframe size: 3632
[    0.861193] rcu: Hierarchical SRCU implementation.
[    0.861193] rcu: 	Max phase no-delay instances is 1000.
[    0.861482] Timer migration: 1 hierarchy levels; 8 children per group; 1 crossnode level
[    0.873642] NMI watchdog: Perf NMI watchdog permanently disabled
[    0.874391] smp: Bringing up secondary CPUs ...
[    0.875560] smpboot: x86: Booting SMP configuration:
[    0.875984] .... node  #0, CPUs:      #1
[    0.877314] smp: Brought up 1 node, 2 CPUs
[    0.878053] smpboot: Total of 2 processors activated (5068.80 BogoMIPS)
[    0.879269] Memory: 1541060K/2096632K available (80029K kernel code, 15398K rwdata, 18476K rodata, 16264K init, 68368K bss, 544140K reserved, 0K cma-reserved)
[    0.882211] devtmpfs: initialized
[    0.882328] x86/mm: Memory block size: 128MB
[    0.894658] Running RCU synchronous self tests
[    0.897233] Running RCU synchronous self tests
[    0.898071] Running RCU Tasks wait API self tests
[    0.898071] Running RCU Tasks Rude wait API self tests
[    0.898071] Running RCU Tasks Trace wait API self tests
[    0.925245] clocksource: jiffies: mask: 0xffffffff max_cycles: 0xffffffff, max_idle_ns: 7645041785100000 ns
[    0.926308] posixtimers hash table entries: 1024 (order: 5, 73728 bytes, linear)
[    0.927043] futex hash table entries: 512 (65536 bytes on 1 NUMA nodes, total 64 KiB, linear).
[    0.928250] pinctrl core: initialized pinctrl subsystem
[    0.929978] 
[    0.930128] *************************************************************
[    0.930667] **     NOTICE NOTICE NOTICE NOTICE NOTICE NOTICE NOTICE    **
[    0.931218] **                                                         **
[    0.931771] **  IOMMU DebugFS SUPPORT HAS BEEN ENABLED IN THIS KERNEL  **
[    0.932324] **                                                         **
[    0.932873] ** This means that this kernel is built to expose internal **
[    0.933206] ** IOMMU data structures, which may compromise security on **
[    0.933758] ** your system.                                            **
[    0.934311] **                                                         **
[    0.934855] ** If you see this message and you are not debugging the   **
[    0.935405] ** kernel, report this immediately to your vendor!         **
[    0.935958] **                                                         **
[    0.936536] **     NOTICE NOTICE NOTICE NOTICE NOTICE NOTICE NOTICE    **
[    0.937088] *************************************************************
[    0.937304] PM: RTC time: 15:31:21, date: 2025-12-04
[    0.942740] NET: Registered PF_NETLINK/PF_ROUTE protocol family
[    0.944781] DMA: preallocated 256 KiB GFP_KERNEL pool for atomic allocations
[    0.945236] DMA: preallocated 256 KiB GFP_KERNEL|GFP_DMA pool for atomic allocations
[    0.945900] DMA: preallocated 256 KiB GFP_KERNEL|GFP_DMA32 pool for atomic allocations
[    0.946619] audit: initializing netlink subsys (disabled)
[    0.947125] audit: type=2000 audit(1764862282.541:1): state=initialized audit_enabled=0 res=1
[    0.947125] thermal_sys: Registered thermal governor 'fair_share'
[    0.947125] thermal_sys: Registered thermal governor 'bang_bang'
[    0.948383] thermal_sys: Registered thermal governor 'step_wise'
[    0.948926] thermal_sys: Registered thermal governor 'user_space'
[    0.949301] cpuidle: using governor ladder
[    0.953229] cpuidle: using governor menu
[    0.954028] acpiphp: ACPI Hot Plug PCI Controller Driver version: 0.5
[    0.955358] PCI: Using configuration type 1 for base access
[    0.957269] Callback from call_rcu_tasks_trace() invoked.
[    0.955358] kprobes: kprobe jump-optimization is enabled. All kprobes are optimized if possible.
[    1.086647] HugeTLB: registered 1.00 GiB page size, pre-allocated 0 pages
[    1.087237] HugeTLB: 16380 KiB vmemmap can be freed for a 1.00 GiB page
[    1.087784] HugeTLB: registered 2.00 MiB page size, pre-allocated 0 pages
[    1.088334] HugeTLB: 28 KiB vmemmap can be freed for a 2.00 MiB page
[    1.157193] ACPI: Added _OSI(Module Device)
[    1.157193] ACPI: Added _OSI(Processor Device)
[    1.157207] ACPI: Added _OSI(Processor Aggregator Device)
[    1.172882] ACPI: 1 ACPI AML tables successfully acquired and loaded
[    1.191923] ACPI: Interpreter enabled
[    1.193368] ACPI: PM: (supports S0 S3 S4 S5)
[    1.193737] ACPI: Using IOAPIC for interrupt routing
[    1.194328] PCI: Using host bridge windows from ACPI; if necessary, use "pci=nocrs" and report a bug
[    1.195087] PCI: Using E820 reservations for host bridge windows
[    1.196830] ACPI: Enabled 2 GPEs in block 00 to 0F
[    1.236742] ACPI: PCI Root Bridge [PCI0] (domain 0000 [bus 00-ff])
[    1.237233] acpi PNP0A03:00: _OSC: OS supports [ASPM ClockPM Segments MSI EDR HPX-Type3]
[    1.237917] acpi PNP0A03:00: _OSC: not requesting OS control; OS requires [ExtendedConfig ASPM ClockPM MSI]
[    1.238909] acpi PNP0A03:00: fail to add MMCONFIG information, can't access extended configuration space under this bridge
[    1.244470] acpiphp: Slot [3] registered
[    1.244937] acpiphp: Slot [4] registered
[    1.245402] acpiphp: Slot [5] registered
[    1.245878] acpiphp: Slot [6] registered
[    1.246337] acpiphp: Slot [7] registered
[    1.246803] acpiphp: Slot [8] registered
[    1.247306] acpiphp: Slot [9] registered
[    1.247770] acpiphp: Slot [10] registered
[    1.248246] acpiphp: Slot [11] registered
[    1.248724] acpiphp: Slot [12] registered
[    1.249251] acpiphp: Slot [13] registered
[    1.249751] acpiphp: Slot [14] registered
[    1.250227] acpiphp: Slot [15] registered
[    1.250715] acpiphp: Slot [16] registered
[    1.251223] acpiphp: Slot [17] registered
[    1.251693] acpiphp: Slot [18] registered
[    1.252160] acpiphp: Slot [19] registered
[    1.252622] acpiphp: Slot [20] registered
[    1.253151] acpiphp: Slot [21] registered
[    1.253330] acpiphp: Slot [22] registered
[    1.253800] acpiphp: Slot [23] registered
[    1.254262] acpiphp: Slot [24] registered
[    1.254761] acpiphp: Slot [25] registered
[    1.255227] acpiphp: Slot [26] registered
[    1.255698] acpiphp: Slot [27] registered
[    1.256173] acpiphp: Slot [28] registered
[    1.256678] acpiphp: Slot [29] registered
[    1.257155] acpiphp: Slot [30] registered
[    1.257331] acpiphp: Slot [31] registered
[    1.257758] PCI host bridge to bus 0000:00
[    1.258174] pci_bus 0000:00: root bus resource [io  0x0000-0x0cf7 window]
[    1.258753] pci_bus 0000:00: root bus resource [io  0x0d00-0xffff window]
[    1.259327] pci_bus 0000:00: root bus resource [mem 0x000a0000-0x000bffff window]
[    1.259974] pci_bus 0000:00: root bus resource [mem 0x80000000-0xfebfffff window]
[    1.260612] pci_bus 0000:00: root bus resource [mem 0x100000000-0x17fffffff window]
[    1.261207] pci_bus 0000:00: root bus resource [bus 00-ff]
[    1.261805] pci 0000:00:00.0: [8086:1237] type 00 class 0x060000 conventional PCI endpoint
[    1.271802] pci 0000:00:01.0: [8086:7000] type 00 class 0x060100 conventional PCI endpoint
[    1.273985] pci 0000:00:01.1: [8086:7010] type 00 class 0x010180 conventional PCI endpoint
[    1.275321] pci 0000:00:01.1: BAR 4 [io  0xc040-0xc04f]
[    1.275814] pci 0000:00:01.1: BAR 0 [io  0x01f0-0x01f7]: legacy IDE quirk
[    1.276405] pci 0000:00:01.1: BAR 1 [io  0x03f6]: legacy IDE quirk
[    1.276941] pci 0000:00:01.1: BAR 2 [io  0x0170-0x0177]: legacy IDE quirk
[    1.277216] pci 0000:00:01.1: BAR 3 [io  0x0376]: legacy IDE quirk
[    1.278366] pci 0000:00:01.3: [8086:7113] type 00 class 0x068000 conventional PCI endpoint
[    1.279386] pci 0000:00:01.3: quirk: [io  0x0600-0x063f] claimed by PIIX4 ACPI
[    1.280021] pci 0000:00:01.3: quirk: [io  0x0700-0x070f] claimed by PIIX4 SMB
[    1.281211] pci 0000:00:02.0: [1234:1111] type 00 class 0x030000 conventional PCI endpoint
[    1.298434] pci 0000:00:02.0: BAR 0 [mem 0xfd000000-0xfdffffff pref]
[    1.299854] pci 0000:00:02.0: BAR 2 [mem 0xfebf0000-0xfebf0fff]
[    1.301023] pci 0000:00:02.0: ROM [mem 0xfebe0000-0xfebeffff pref]
[    1.302075] pci 0000:00:02.0: Video device with shadowed ROM at [mem 0x000c0000-0x000dffff]
[    1.313517] pci 0000:00:03.0: [8086:100e] type 00 class 0x020000 conventional PCI endpoint
[    1.316575] pci 0000:00:03.0: BAR 0 [mem 0xfebc0000-0xfebdffff]
[    1.317233] pci 0000:00:03.0: BAR 1 [io  0xc000-0xc03f]
[    1.318332] pci 0000:00:03.0: ROM [mem 0xfeb80000-0xfebbffff pref]
[    1.344215] ACPI: PCI: Interrupt link LNKA configured for IRQ 10
[    1.345856] ACPI: PCI: Interrupt link LNKB configured for IRQ 10
[    1.347300] ACPI: PCI: Interrupt link LNKC configured for IRQ 11
[    1.348793] ACPI: PCI: Interrupt link LNKD configured for IRQ 11
[    1.349606] ACPI: PCI: Interrupt link LNKS configured for IRQ 9
[    1.357193] iommu: Default domain type: Translated
[    1.357193] iommu: DMA domain TLB invalidation policy: lazy mode
[    1.360496] SCSI subsystem initialized
[    1.361699] ACPI: bus type USB registered
[    1.362437] usbcore: registered new interface driver usbfs
[    1.363064] usbcore: registered new interface driver hub
[    1.363642] usbcore: registered new device driver usb
[    1.364651] pps_core: LinuxPPS API ver. 1 registered
[    1.365090] pps_core: Software ver. 5.3.6 - Copyright 2005-2007 Rodolfo Giometti <giometti@linux.it>
[    1.365305] PTP clock support registered
[    1.369193] EDAC MC: Ver: 3.0.0
[    1.371173] NetLabel: Initializing
[    1.371516] NetLabel:  domain hash size = 128
[    1.371902] NetLabel:  protocols = UNLABELED CIPSOv4 CALIPSO
[    1.372631] NetLabel:  unlabeled traffic allowed by default
[    1.374099] PCI: Using ACPI for IRQ routing
[    1.374966] pci 0000:00:02.0: vgaarb: setting as boot VGA device
[    1.375502] pci 0000:00:02.0: vgaarb: bridge control possible
[    1.376016] pci 0000:00:02.0: vgaarb: VGA device added: decodes=io+mem,owns=io+mem,locks=none
[    1.376769] vgaarb: loaded
[    1.378159] hpet0: at MMIO 0xfed00000, IRQs 2, 8, 0
[    1.378619] hpet0: 3 comparators, 64-bit 100.000000 MHz counter
[    1.385193] clocksource: Switched to clocksource kvm-clock
[    1.393049] VFS: Disk quotas dquot_6.6.0
[    1.393474] VFS: Dquot-cache hash table entries: 512 (order 0, 4096 bytes)
[    1.396727] pnp: PnP ACPI init
[    1.401531] pnp: PnP ACPI: found 6 devices
[    1.423529] clocksource: acpi_pm: mask: 0xffffff max_cycles: 0xffffff, max_idle_ns: 2085701024 ns
[    1.424951] NET: Registered PF_INET protocol family
[    1.425809] IP idents hash table entries: 32768 (order: 6, 262144 bytes, linear)
[    1.428454] tcp_listen_portaddr_hash hash table entries: 1024 (order: 5, 73728 bytes, linear)
[    1.429319] Table-perturb hash table entries: 65536 (order: 6, 262144 bytes, linear)
[    1.430077] TCP established hash table entries: 16384 (order: 5, 131072 bytes, linear)
[    1.431413] TCP bind hash table entries: 16384 (order: 10, 2359296 bytes, linear)
[    1.434681] TCP: Hash tables configured (established 16384 bind 16384)
[    1.435636] UDP hash table entries: 1024 (order: 6, 262144 bytes, linear)
[    1.436466] UDP-Lite hash table entries: 1024 (order: 6, 262144 bytes, linear)
[    1.437750] NET: Registered PF_UNIX/PF_LOCAL protocol family
[    1.439429] RPC: Registered named UNIX socket transport module.
[    1.439987] RPC: Registered udp transport module.
[    1.440427] RPC: Registered tcp transport module.
[    1.440849] RPC: Registered tcp-with-tls transport module.
[    1.441358] RPC: Registered tcp NFSv4.1 backchannel transport module.
[    1.442006] pci_bus 0000:00: resource 4 [io  0x0000-0x0cf7 window]
[    1.442558] pci_bus 0000:00: resource 5 [io  0x0d00-0xffff window]
[    1.443108] pci_bus 0000:00: resource 6 [mem 0x000a0000-0x000bffff window]
[    1.443706] pci_bus 0000:00: resource 7 [mem 0x80000000-0xfebfffff window]
[    1.444334] pci_bus 0000:00: resource 8 [mem 0x100000000-0x17fffffff window]
[    1.445364] pci 0000:00:01.0: PIIX3: Enabling Passive Release
[    1.445904] pci 0000:00:00.0: Limiting direct PCI/PCI transfers
[    1.446525] PCI: CLS 0 bytes, default 64
[    1.447070] ACPI: bus type thunderbolt registered
[    1.448046] clocksource: tsc: mask: 0xffffffffffffffff max_cycles: 0x12441513526, max_idle_ns: 440795239872 ns
[    3.522155] Initialise system trusted keyrings
[    3.522749] Key type blacklist registered
[    3.523468] workingset: timestamp_bits=36 max_order=19 bucket_order=0
[    3.526587] squashfs: version 4.0 (2009/01/31) Phillip Lougher
[    3.531281] NFS: Registering the id_resolver key type
[    3.532344] Key type id_resolver registered
[    3.533159] Key type id_legacy registered
[    3.534065] nfs4filelayout_init: NFSv4 File Layout Driver Registering...
[    3.535400] nfs4flexfilelayout_init: NFSv4 Flexfile Layout Driver Registering...
[    3.537605] fuse: init (API version 7.45)
[    3.539494] SGI XFS with ACLs, security attributes, realtime, quota, no debug enabled
[    3.544049] 9p: Installing v9fs 9p2000 file system support
[    3.561679] Key type asymmetric registered
[    3.562111] Asymmetric key parser 'x509' registered
[    3.562835] Block layer SCSI generic (bsg) driver version 0.4 loaded (major 241)
[    3.564150] io scheduler mq-deadline registered
[    3.564692] io scheduler bfq registered
[    3.566221] ledtrig-cpu: registered to indicate activity on CPUs
[    3.568613] IPMI message handler: version 39.2
[    3.569130] ipmi device interface
[    3.571688] input: Power Button as /devices/LNXSYSTM:00/LNXPWRBN:00/input/input0
[    3.573161] ACPI: button: Power Button [PWRF]
[    3.573651] Callback from call_rcu_tasks() invoked.
[    3.576416] ERST DBG: ERST support is disabled.
[    3.578688] Serial: 8250/16550 driver, 32 ports, IRQ sharing enabled
[    3.580611] 00:04: ttyS0 at I/O 0x3f8 (irq = 4, base_baud = 115200) is a 16550A
[    3.612761] Linux agpgart interface v0.103
[    3.616221] ACPI: bus type drm_connector registered
[    3.649359] brd: module loaded
[    3.668891] loop: module loaded
[    3.685363] scsi host0: ata_piix
[    3.688148] scsi host1: ata_piix
[    3.689670] ata1: PATA max MWDMA2 cmd 0x1f0 ctl 0x3f6 bmdma 0xc040 irq 14 lpm-pol 0
[    3.691076] ata2: PATA max MWDMA2 cmd 0x170 ctl 0x376 bmdma 0xc048 irq 15 lpm-pol 0
[    3.696559] tun: Universal TUN/TAP device driver, 1.6
[    3.697854] e100: Intel(R) PRO/100 Network Driver
[    3.698373] e100: Copyright(c) 1999-2006 Intel Corporation
[    3.699080] e1000: Intel(R) PRO/1000 Network Driver
[    3.699502] e1000: Copyright (c) 1999-2006 Intel Corporation.
[    3.849476] ata2: found unknown device (class 0)
[    3.851433] ata2.00: ATAPI: QEMU DVD-ROM, 2.5+, max UDMA/100
[    3.853222] ata1: found unknown device (class 0)
[    3.854531] ata1.00: ATA-7: QEMU HARDDISK, 2.5+, max UDMA/100
[    3.855051] ata1.00: 17196647 sectors, multi 16: LBA48 
[    3.856833] scsi 0:0:0:0: Direct-Access     ATA      QEMU HARDDISK    2.5+ PQ: 0 ANSI: 5
[    3.860055] sd 0:0:0:0: Attached scsi generic sg0 type 0
[    3.860969] sd 0:0:0:0: [sda] 17196647 512-byte logical blocks: (8.80 GB/8.20 GiB)
[    3.862607] sd 0:0:0:0: [sda] Write Protect is off
[    3.863119] scsi 1:0:0:0: CD-ROM            QEMU     QEMU DVD-ROM     2.5+ PQ: 0 ANSI: 5
[    3.864153] sd 0:0:0:0: [sda] Write cache: enabled, read cache: enabled, doesn't support DPO or FUA
[    3.865470] sd 0:0:0:0: [sda] Preferred minimum I/O size 512 bytes
[    3.882704] scsi 1:0:0:0: Attached scsi generic sg1 type 5
[    3.898726] sd 0:0:0:0: [sda] Attached SCSI disk
[    4.432566] ACPI: \_SB_.LNKC: Enabled at IRQ 11
[    4.765146] e1000 0000:00:03.0 eth0: (PCI:33MHz:32-bit) 52:54:00:12:34:56
[    4.765771] e1000 0000:00:03.0 eth0: Intel(R) PRO/1000 Network Connection
[    4.766537] e1000e: Intel(R) PRO/1000 Network Driver
[    4.766979] e1000e: Copyright(c) 1999 - 2015 Intel Corporation.
[    4.767605] igb: Intel(R) Gigabit Ethernet Network Driver
[    4.768056] igb: Copyright (c) 2007-2014 Intel Corporation.
[    4.768917] PPP generic driver version 2.4.2
[    4.771502] VFIO - User Level meta-driver version: 0.3
[    4.773883] usbcore: registered new interface driver uas
[    4.775031] usbcore: registered new interface driver usb-storage
[    4.776637] i8042: PNP: PS/2 Controller [PNP0303:KBD,PNP0f13:MOU] at 0x60,0x64 irq 1,12
[    4.779939] serio: i8042 KBD port at 0x60,0x64 irq 1
[    4.780949] serio: i8042 AUX port at 0x60,0x64 irq 12
[    4.784225] mousedev: PS/2 mouse device common for all mice
[    4.787518] input: AT Translated Set 2 keyboard as /devices/platform/i8042/serio0/input/input1
[    4.789832] rtc_cmos 00:05: RTC can wake from S4
[    4.791648] input: VirtualPS/2 VMware VMMouse as /devices/platform/i8042/serio1/input/input4
[    4.792308] rtc_cmos 00:05: registered as rtc0
[    4.793620] rtc_cmos 00:05: setting system clock to 2025-12-04T15:31:25 UTC (1764862285)
[    4.794712] rtc_cmos 00:05: alarms up to one day, y3k, 242 bytes nvram, hpet irqs
[    4.794936] input: VirtualPS/2 VMware VMMouse as /devices/platform/i8042/serio1/input/input3
[    4.795451] i2c_dev: i2c /dev entries driver
[    4.797531] device-mapper: core: CONFIG_IMA_DISABLE_HTABLE is disabled. Duplicate IMA measurements will not be recorded in the IMA log.
[    4.798585] device-mapper: uevent: version 1.0.3
[    4.799813] device-mapper: ioctl: 4.50.0-ioctl (2025-04-28) initialised: dm-devel@lists.linux.dev
[    4.800661] intel_pstate: CPU model not supported
[    4.801352] sdhci: Secure Digital Host Controller Interface driver
[    4.801837] sdhci: Copyright(c) Pierre Ossman
[    4.802430] sdhci-pltfm: SDHCI platform and OF driver helper
[    4.803548] drop_monitor: Initializing network drop monitor service
[    4.804515] NET: Registered PF_INET6 protocol family
[    4.807889] Segment Routing with IPv6
[    4.808694] In-situ OAM (IOAM) with IPv6
[    4.809534] NET: Registered PF_PACKET protocol family
[    4.811247] 9pnet: Installing 9P2000 support
[    4.811790] Key type dns_resolver registered
[    4.814106] IPI shorthand broadcast: enabled
[    4.900396] sched_clock: Marking stable (4880014163, 16984082)->(4903507847, -6509602)
[    4.902619] registered taskstats version 1
[    4.903875] Loading compiled-in X.509 certificates
[    4.977172] Demotion targets for Node 0: null
[    4.980802] Key type .fscrypt registered
[    4.981219] Key type fscrypt-provisioning registered
[    4.985550] Key type encrypted registered
[    4.986000] ima: No TPM chip found, activating TPM-bypass!
[    4.986478] ima: Allocated hash algorithm: sha1
[    4.986965] ima: No architecture policies found
[    4.987530] evm: Initialising EVM extended attributes:
[    4.987957] evm: security.selinux
[    4.988236] evm: security.SMACK64
[    4.988514] evm: security.SMACK64EXEC
[    4.988818] evm: security.SMACK64TRANSMUTE
[    4.989184] evm: security.SMACK64MMAP
[    4.989488] evm: security.apparmor
[    4.989771] evm: security.ima
[    4.990027] evm: security.capability
[    4.990326] evm: HMAC attrs: 0x1
[    4.993203] PM:   Magic number: 5:406:537
[    4.993600] bdi 1:15: hash matches
[    4.993950] tty ttyS17: hash matches
[    4.994252] port serial8250:0.16: hash matches
[    4.996055] RAS: Correctable Errors collector initialized.
[    4.997410] clk: Disabling unused clocks
[    4.997793] PM: genpd: Disabling unused power domains
[    4.999000] check access for rdinit=/init failed: -2, ignoring
[    4.999336] md: Waiting for all devices to be available before autodetect
[    4.999701] md: If you don't use raid, use raid=noautodetect
[    5.000024] md: Autodetecting RAID arrays.
[    5.000278] md: autorun ...
[    5.000445] md: ... autorun DONE.
[    5.017410] EXT4-fs (sda): mounted filesystem 088740a9-c8b4-422c-999d-a804eb68a4da ro with ordered data mode. Quota mode: none.
[    5.018235] VFS: Mounted root (ext4 filesystem) readonly on device 8:0.
[    5.021619] devtmpfs: mounted
[    5.043346] Freeing unused decrypted memory: 2036K
[    5.048954] Freeing unused kernel image (initmem) memory: 16264K
[    5.049530] Write protecting the kernel read-only data: 102400k
[    5.054213] Freeing unused kernel image (text/rodata gap) memory: 1888K
[    5.057255] Freeing unused kernel image (rodata/data gap) memory: 2004K
[    5.124116] x86/mm: Checked W+X mappings: passed, no W+X pages found.
[    5.124531] Run /sbin/init as init process
[    5.350287] systemd[1]: systemd 252-15.el9 running in system mode (+PAM +AUDIT +SELINUX -APPARMOR +IMA +SMACK +SECCOMP +GCRYPT +GNUTLS +OPENSSL +ACL +BLKID +CURL +ELFUTILS -FIDO2 +IDN2 -IDN -IPTC +KMOD +LIBCRYPTSETUP +LIBFDISK +PCRE2 -PWQUALITY +P11KIT -QRENCODE +TPM2 +BZIP2 +LZ4 +XZ +ZLIB +ZSTD -BPF_FRAMEWORK +XKBCOMMON +UTMP +SYSVINIT default-hierarchy=unified)
[    5.351910] systemd[1]: Detected virtualization kvm.
[    5.352190] systemd[1]: Detected architecture x86-64.

Welcome to [0;31mCentOS Stream 9[0m!

[    5.359573] systemd[1]: Hostname set to <test>.
[    5.588192] systemd-rc-local-generator[120]: /etc/rc.d/rc.local is not marked executable, skipping.
[    5.992376] systemd[1]: Queued start job for default target Multi-User System.
[    6.016239] systemd[1]: Created slice Virtual Machine and Container Slice.
[[0;32m  OK  [0m] Created slice [0;1;39mVirtual Machine and Container Slice[0m.
[    6.021661] systemd[1]: Created slice Slice /system/getty.
[[0;32m  OK  [0m] Created slice [0;1;39mSlice /system/getty[0m.
[    6.024574] systemd[1]: Created slice Slice /system/modprobe.
[[0;32m  OK  [0m] Created slice [0;1;39mSlice /system/modprobe[0m.
[    6.027437] systemd[1]: Created slice Slice /system/serial-getty.
[[0;32m  OK  [0m] Created slice [0;1;39mSlice /system/serial-getty[0m.
[    6.030261] systemd[1]: Created slice Slice /system/sshd-keygen.
[[0;32m  OK  [0m] Created slice [0;1;39mSlice /system/sshd-keygen[0m.
[    6.032904] systemd[1]: Created slice User and Session Slice.
[[0;32m  OK  [0m] Created slice [0;1;39mUser and Session Slice[0m.
[    6.034488] systemd[1]: Started Forward Password Requests to Wall Directory Watch.
[[0;32m  OK  [0m] Started [0;1;39mForward Password R…uests to Wall Directory Watch[0m.
[    6.036537] systemd[1]: Set up automount Arbitrary Executable File Formats File System Automount Point.
[[0;32m  OK  [0m] Set up automount [0;1;39mArbitrary…s File System Automount Point[0m.
[    6.038496] systemd[1]: Reached target Local Integrity Protected Volumes.
[[0;32m  OK  [0m] Reached target [0;1;39mLocal Integrity Protected Volumes[0m.
[    6.040258] systemd[1]: Reached target Slice Units.
[[0;32m  OK  [0m] Reached target [0;1;39mSlice Units[0m.
[    6.041606] systemd[1]: Reached target Swaps.
[[0;32m  OK  [0m] Reached target [0;1;39mSwaps[0m.
[    6.042866] systemd[1]: Reached target Local Verity Protected Volumes.
[[0;32m  OK  [0m] Reached target [0;1;39mLocal Verity Protected Volumes[0m.
[    6.045061] systemd[1]: Listening on Device-mapper event daemon FIFOs.
[[0;32m  OK  [0m] Listening on [0;1;39mDevice-mapper event daemon FIFOs[0m.
[    6.046945] systemd[1]: Listening on LVM2 poll daemon socket.
[[0;32m  OK  [0m] Listening on [0;1;39mLVM2 poll daemon socket[0m.
[    6.048070] systemd[1]: multipathd control socket was skipped because of an unmet condition check (ConditionPathExists=/etc/multipath.conf).
[    6.099174] systemd[1]: Listening on RPCbind Server Activation Socket.
[[0;32m  OK  [0m] Listening on [0;1;39mRPCbind Server Activation Socket[0m.
[    6.100473] systemd[1]: Reached target RPC Port Mapper.
[[0;32m  OK  [0m] Reached target [0;1;39mRPC Port Mapper[0m.
[    6.103981] systemd[1]: Listening on Process Core Dump Socket.
[[0;32m  OK  [0m] Listening on [0;1;39mProcess Core Dump Socket[0m.
[    6.105385] systemd[1]: Listening on initctl Compatibility Named Pipe.
[[0;32m  OK  [0m] Listening on [0;1;39minitctl Compatibility Named Pipe[0m.
[    6.106971] systemd[1]: Listening on Journal Socket (/dev/log).
[[0;32m  OK  [0m] Listening on [0;1;39mJournal Socket (/dev/log)[0m.
[    6.108568] systemd[1]: Listening on Journal Socket.
[[0;32m  OK  [0m] Listening on [0;1;39mJournal Socket[0m.
[    6.110084] systemd[1]: Listening on udev Control Socket.
[[0;32m  OK  [0m] Listening on [0;1;39mudev Control Socket[0m.
[    6.111295] systemd[1]: Listening on udev Kernel Socket.
[[0;32m  OK  [0m] Listening on [0;1;39mudev Kernel Socket[0m.
[    6.141795] systemd[1]: Mounting Huge Pages File System...
         Mounting [0;1;39mHuge Pages File System[0m...
[    6.148110] systemd[1]: Mounting POSIX Message Queue File System...
         Mounting [0;1;39mPOSIX Message Queue File System[0m...
[    6.157508] systemd[1]: Mounting Kernel Debug File System...
         Mounting [0;1;39mKernel Debug File System[0m...
[    6.166103] systemd[1]: Mounting Kernel Trace File System...
         Mounting [0;1;39mKernel Trace File System[0m...
[    6.168460] systemd[1]: Kernel Module supporting RPCSEC_GSS was skipped because of an unmet condition check (ConditionPathExists=/etc/krb5.keytab).
[    6.169846] systemd[1]: Create List of Static Device Nodes was skipped because of an unmet condition check (ConditionFileNotEmpty=/lib/modules/6.18.0-b53440f8e5a1+/modules.devname).
[    6.175741] systemd[1]: Starting Monitoring of LVM2 mirrors, snapshots etc. using dmeventd or progress polling...
         Starting [0;1;39mMonitoring of LVM…meventd or progress polling[0m...
[    6.183700] systemd[1]: Starting Load Kernel Module configfs...
         Starting [0;1;39mLoad Kernel Module configfs[0m...
[    6.195494] systemd[1]: Starting Load Kernel Module drm...
         Starting [0;1;39mLoad Kernel Module drm[0m...
[    6.213459] systemd[1]: Starting Load Kernel Module fuse...
         Starting [0;1;39mLoad Kernel Module fuse[0m...
[    6.238788] systemd[1]: Starting Read and set NIS domainname from /etc/sysconfig/network...
         Starting [0;1;39mRead and set NIS …from /etc/sysconfig/network[0m...
[    6.260920] systemd[1]: Starting Journal Service...
         Starting [0;1;39mJournal Service[0m...
[    6.270841] systemd[1]: Starting Load Kernel Modules...
         Starting [0;1;39mLoad Kernel Modules[0m...
[    6.282138] systemd[1]: Starting Generate network units from Kernel command line...
         Starting [0;1;39mGenerate network …ts from Kernel command line[0m...
[    6.305538] systemd[1]: Starting Remount Root and Kernel File Systems...
         Starting [0;1;39mRemount Root and Kernel File Systems[0m...
[    6.307101] systemd[1]: Repartition Root Disk was skipped because no trigger condition checks were met.
[    6.326004] systemd[1]: Starting Coldplug All udev Devices...
         Starting [0;1;39mColdplug All udev Devices[0m...
[    6.350552] systemd[1]: Mounted Huge Pages File System.
[[0;32m  OK  [0m] Mounted [0;1;39mHuge Pages File System[0m.
[    6.353575] systemd[1]: Mounted POSIX Message Queue File System.
[[0;32m  OK  [0m] Mounted [0;1;39mPOSIX Message Queue File System[0m.
[    6.357606] systemd[1]: Mounted Kernel Debug File System.
[[0;32m  OK  [0m] Mounted [0;1;39mKernel Debug File System[0m.
[    6.358987] systemd[1]: Mounted Kernel Trace File System.
[[0;32m  OK  [0m] Mounted [0;1;39mKernel Trace File System[0m.
[    6.365814] systemd[1]: Finished Monitoring of LVM2 mirrors, snapshots etc. using dmeventd or progress polling.
[[0;32m  OK  [0m] Finished [0;1;39mMonitoring of LVM… dmeventd or progress polling[0m.
[    6.369783] systemd[1]: modprobe@configfs.service: Deactivated successfully.
[    6.371328] systemd[1]: Finished Load Kernel Module configfs.
[[0;32m  OK  [0m] Finished [0;1;39mLoad Kernel Module configfs[0m.
[    6.375092] systemd[1]: modprobe@drm.service: Deactivated successfully.
[    6.376518] systemd[1]: Finished Load Kernel Module drm.
[[0;32m  OK  [0m] Finished [0;1;39mLoad Kernel Module drm[0m.
[    6.379570] systemd[1]: modprobe@fuse.service: Deactivated successfully.
[    6.381156] systemd[1]: Finished Load Kernel Module fuse.
[[0;32m  OK  [0m] Finished [0;1;39mLoad Kernel Module fuse[0m.
[    6.383461] systemd[1]: Finished Read and set NIS domainname from /etc/sysconfig/network.
[[0;32m  OK  [0m] Finished [0;1;39mRead and set NIS …e from /etc/sysconfig/network[0m.
[    6.385302] systemd[1]: systemd-modules-load.service: Main process exited, code=exited, status=1/FAILURE
[    6.386611] systemd[1]: systemd-modules-load.service: Failed with result 'exit-code'.
[    6.388072] systemd[1]: Failed to start Load Kernel Modules.
[[0;1;31mFAILED[0m] Failed to start [0;1;39mLoad Kernel Modules[0m.
See 'systemctl status systemd-modules-load.service' for details.
[    6.391447] EXT4-fs (sda): re-mounted 088740a9-c8b4-422c-999d-a804eb68a4da r/w.
[    6.394279] systemd[1]: Finished Generate network units from Kernel command line.
[[0;32m  OK  [0m] Finished [0;1;39mGenerate network units from Kernel command line[0m.
[    6.403493] systemd[1]: Finished Remount Root and Kernel File Systems.
[[0;32m  OK  [0m] Finished [0;1;39mRemount Root and Kernel File Systems[0m.
[    6.405996] systemd[1]: Reached target Preparation for Network.
[[0;32m  OK  [0m] Reached target [0;1;39mPreparation for Network[0m.
[    6.417746] systemd[1]: Mounting FUSE Control File System...
         Mounting [0;1;39mFUSE Control File System[0m...
[    6.437464] systemd[1]: Mounting Kernel Configuration File System...
         Mounting [0;1;39mKernel Configuration File System[0m...
[    6.438787] systemd[1]: Special handling of early boot iSCSI sessions was skipped because of an unmet condition check (ConditionDirectoryNotEmpty=/sys/class/iscsi_session).
[    6.439729] systemd[1]: First Boot Wizard was skipped because of an unmet condition check (ConditionFirstBoot=yes).
[    6.446518] systemd[1]: Rebuild Hardware Database was skipped because of an unmet condition check (ConditionNeedsUpdate=/etc).
[    6.465724] systemd[1]: Starting Load/Save Random Seed...
         Starting [0;1;39mLoad/Save Random Seed[0m...
[    6.475400] systemd[1]: Starting Apply Kernel Variables...
         Starting [0;1;39mApply Kernel Variables[0m...
[    6.480268] systemd[1]: Create System Users was skipped because no trigger condition checks were met.
[    6.493498] systemd[1]: Starting Create Static Device Nodes in /dev...
         Starting [0;1;39mCreate Static Device Nodes in /dev[0m...
[    6.517392] systemd[1]: Starting Setup Virtual Console...
         Starting [0;1;39mSetup Virtual Console[0m...
[    6.524914] systemd[1]: Started Journal Service.
[[0;32m  OK  [0m] Started [0;1;39mJournal Service[0m.
[[0;32m  OK  [0m] Mounted [0;1;39mFUSE Control File System[0m.
[[0;32m  OK  [0m] Mounted [0;1;39mKernel Configuration File System[0m.
         Starting [0;1;39mFlush Journal to Persistent Storage[0m...
[[0;32m  OK  [0m] Finished [0;1;39mLoad/Save Random Seed[0m.
[[0;32m  OK  [0m] Finished [0;1;39mApply Kernel Variables[0m.
[    6.673509] systemd-journald[142]: Received client request to flush runtime journal.
[[0;32m  OK  [0m] Finished [0;1;39mFlush Journal to Persistent Storage[0m.
[[0;32m  OK  [0m] Finished [0;1;39mCreate Static Device Nodes in /dev[0m.
         Starting [0;1;39mRule-based Manage…for Device Events and Files[0m...
[[0;32m  OK  [0m] Started [0;1;39mRule-based Manager for Device Events and Files[0m.
[[0;32m  OK  [0m] Finished [0;1;39mColdplug All udev Devices[0m.
         Starting [0;1;39mAuto-connect to s…E devices found during boot[0m...
         Starting [0;1;39mWait for udev To …plete Device Initialization[0m...
[[0;32m  OK  [0m] Finished [0;1;39mSetup Virtual Console[0m.
[[0;32m  OK  [0m] Finished [0;1;39mAuto-connect to s…VME devices found during boot[0m.
[[0;32m  OK  [0m] Started [0;1;39mDispatch Password …ts to Console Directory Watch[0m.
[[0;32m  OK  [0m] Reached target [0;1;39mLocal Encrypted Volumes[0m.
[[0;32m  OK  [0m] Reached target [0;1;39mPath Units[0m.
[[0;32m  OK  [0m] Found device [0;1;39m/dev/ttyS0[0m.
[[0;32m  OK  [0m] Listening on [0;1;39mLoad/Save RF …itch Status /dev/rfkill Watch[0m.
[[0;32m  OK  [0m] Finished [0;1;39mWait for udev To Complete Device Initialization[0m.
[[0;32m  OK  [0m] Reached target [0;1;39mPreparation for Local File Systems[0m.
[[0;32m  OK  [0m] Reached target [0;1;39mLocal File Systems[0m.
         Starting [0;1;39mTell Plymouth To Write Out Runtime Data[0m...
         Starting [0;1;39mAutomatic Boot Loader Update[0m...
         Starting [0;1;39mCreate Volatile Files and Directories[0m...
[[0;32m  OK  [0m] Finished [0;1;39mTell Plymouth To Write Out Runtime Data[0m.
[[0;32m  OK  [0m] Finished [0;1;39mAutomatic Boot Loader Update[0m.
[[0;32m  OK  [0m] Finished [0;1;39mCreate Volatile Files and Directories[0m.
         Mounting [0;1;39mRPC Pipe File System[0m...
         Starting [0;1;39mSecurity Auditing Service[0m...
         Starting [0;1;39mRPC Bind[0m...
[[0;32m  OK  [0m] Mounted [0;1;39mRPC Pipe File System[0m.
[[0;32m  OK  [0m] Reached target [0;1;39mrpc_pipefs.target[0m.
[[0;32m  OK  [0m] Started [0;1;39mRPC Bind[0m.
[[0;32m  OK  [0m] Started [0;1;39mSecurity Auditing Service[0m.
         Starting [0;1;39mRecord System Boot/Shutdown in UTMP[0m...
[[0;32m  OK  [0m] Finished [0;1;39mRecord System Boot/Shutdown in UTMP[0m.
[[0;32m  OK  [0m] Reached target [0;1;39mSystem Initialization[0m.
[[0;32m  OK  [0m] Started [0;1;39mDaily rotation of log files[0m.
[[0;32m  OK  [0m] Started [0;1;39mUpdates mlocate database every day[0m.
[[0;32m  OK  [0m] Started [0;1;39mDaily Cleanup of Temporary Directories[0m.
[[0;32m  OK  [0m] Started [0;1;39mdaily update of the root trust anchor for DNSSEC[0m.
[[0;32m  OK  [0m] Reached target [0;1;39mTimer Units[0m.
[[0;32m  OK  [0m] Listening on [0;1;39mD-Bus System Message Bus Socket[0m.
[[0;32m  OK  [0m] Listening on [0;1;39mOpen-iSCSI iscsid Socket[0m.
[[0;32m  OK  [0m] Listening on [0;1;39mOpen-iSCSI iscsiuio Socket[0m.
[[0;32m  OK  [0m] Listening on [0;1;39mSSSD Kerberos…ache Manager responder socket[0m.
[[0;32m  OK  [0m] Listening on [0;1;39mLibvirt interface local socket[0m.
[[0;32m  OK  [0m] Listening on [0;1;39mVirtual machine lock manager socket[0m.
[[0;32m  OK  [0m] Listening on [0;1;39mVirtual machine log manager socket[0m.
[[0;32m  OK  [0m] Listening on [0;1;39mLibvirt network local socket[0m.
[[0;32m  OK  [0m] Listening on [0;1;39mLibvirt nodedev local socket[0m.
[[0;32m  OK  [0m] Listening on [0;1;39mLibvirt nwfilter local socket[0m.
[[0;32m  OK  [0m] Listening on [0;1;39mLibvirt proxy local socket[0m.
[[0;32m  OK  [0m] Listening on [0;1;39mLibvirt qemu local socket[0m.
[[0;32m  OK  [0m] Listening on [0;1;39mLibvirt qemu admin socket[0m.
[[0;32m  OK  [0m] Listening on [0;1;39mLibvirt qemu local read-only socket[0m.
[[0;32m  OK  [0m] Listening on [0;1;39mLibvirt secret local socket[0m.
[[0;32m  OK  [0m] Listening on [0;1;39mLibvirt storage local socket[0m.
[[0;32m  OK  [0m] Reached target [0;1;39mSocket Units[0m.
         Starting [0;1;39mD-Bus System Message Bus[0m...
[[0;32m  OK  [0m] Started [0;1;39mD-Bus System Message Bus[0m.
[[0;32m  OK  [0m] Reached target [0;1;39mBasic System[0m.
         Starting [0;1;39mNetwork Manager[0m...
         Starting [0;1;39mNTP client/server[0m...
         Starting [0;1;39mRestore /run/initramfs on shutdown[0m...
[[0;32m  OK  [0m] Started [0;1;39mirqbalance daemon[0m.
[[0;32m  OK  [0m] Started [0;1;39mlibstoragemgmt plug-in server daemon[0m.
[[0;32m  OK  [0m] Started [0;1;39mMachine Check Exception Logging Daemon[0m.
[[0;32m  OK  [0m] Reached target [0;1;39msshd-keygen.target[0m.
[[0;32m  OK  [0m] Reached target [0;1;39mUser and Group Name Lookups[0m.
         Starting [0;1;39mUser Login Management[0m...
         Starting [0;1;39mVirtual Machine a…tainer Registration Service[0m...
         Starting [0;1;39mupdate of the roo…NSSEC validation in unbound[0m...
         Starting [0;1;39mRotate log files[0m...
[[0;32m  OK  [0m] Started [0;1;39mUpdate a database for mlocate[0m.
[[0;32m  OK  [0m] Finished [0;1;39mRestore /run/initramfs on shutdown[0m.
[[0;32m  OK  [0m] Started [0;1;39mVirtual Machine an…ontainer Registration Service[0m.
         Starting [0;1;39mHostname Service[0m...
[[0;32m  OK  [0m] Started [0;1;39mNTP client/server[0m.
[[0;32m  OK  [0m] Finished [0;1;39mupdate of the roo… DNSSEC validation in unbound[0m.
[[0;32m  OK  [0m] Started [0;1;39mUser Login Management[0m.
[[0;32m  OK  [0m] Started [0;1;39mHostname Service[0m.
         Starting [0;1;39mNetwork Manager Script Dispatcher Service[0m...
[[0;32m  OK  [0m] Finished [0;1;39mRotate log files[0m.
[[0;32m  OK  [0m] Started [0;1;39mNetwork Manager Script Dispatcher Service[0m.
[   10.397408] e1000: eth0 NIC Link is Up 1000 Mbps Full Duplex, Flow Control: RX
[[0;32m  OK  [0m] Started [0;1;39mNetwork Manager[0m.
[[0;32m  OK  [0m] Reached target [0;1;39mNetwork[0m.
[[0;32m  OK  [0m] Reached target [0;1;39mNetwork is Online[0m.
         Starting [0;1;39mGSSAPI Proxy Daemon[0m...
         Starting [0;1;39mNotify NFS peers of a restart[0m...
         Starting [0;1;39mSystem Logging Service[0m...
         Starting [0;1;39mOpenSSH server daemon[0m...
         Starting [0;1;39mDynamic System Tuning Daemon[0m...
[[0;32m  OK  [0m] Started [0;1;39mNotify NFS peers of a restart[0m.
[[0;32m  OK  [0m] Started [0;1;39mGSSAPI Proxy Daemon[0m.
[[0;32m  OK  [0m] Reached target [0;1;39mNFS client services[0m.
[[0;32m  OK  [0m] Reached target [0;1;39mPreparation for Remote File Systems[0m.
[[0;32m  OK  [0m] Reached target [0;1;39mRemote File Systems[0m.
         Starting [0;1;39mPermit User Sessions[0m...
         Starting [0;1;39mVirtualization qemu daemon[0m...
[[0;32m  OK  [0m] Started [0;1;39mOpenSSH server daemon[0m.
[[0;32m  OK  [0m] Finished [0;1;39mPermit User Sessions[0m.
[[0;32m  OK  [0m] Started [0;1;39mDeferred execution scheduler[0m.
[[0;32m  OK  [0m] Started [0;1;39mCommand Scheduler[0m.
         Starting [0;1;39mHold until boot process finishes up[0m...
         Starting [0;1;39mTerminate Plymouth Boot Screen[0m...
[[0;32m  OK  [0m] Started [0;1;39mSystem Logging Service[0m.
[[0;32m  OK  [0m] Finished [0;1;39mHold until boot process finishes up[0m.
[[0;32m  OK  [0m] Started [0;1;39mGetty on tty1[0m.
[[0;32m  OK  [0m] Started [0;1;39mSerial Getty on ttyS0[0m.
[[0;32m  OK  [0m] Reached target [0;1;39mLogin Prompts[0m.
[[0;32m  OK  [0m] Finished [0;1;39mTerminate Plymouth Boot Screen[0m.
[[0;32m  OK  [0m] Started [0;1;39mVirtualization qemu daemon[0m.
         Starting [0;1;39mAuthorization Manager[0m...
[[0;32m  OK  [0m] Started [0;1;39mAuthorization Manager[0m.
[[0;32m  OK  [0m] Started [0;1;39mDynamic System Tuning Daemon[0m.
[[0;32m  OK  [0m] Reached target [0;1;39mMulti-User System[0m.
         Starting [0;1;39mRecord Runlevel Change in UTMP[0m...
[[0;32m  OK  [0m] Finished [0;1;39mRecord Runlevel Change in UTMP[0m.

CentOS Stream 9
Kernel 6.18.0-b53440f8e5a1+ on an x86_64

Activate the web console with: systemctl enable --now cockpit.socket

test login: [   20.071377] loop2: detected capacity change from 0 to 32768
[   20.137747] XFS (loop2): Mounting V5 Filesystem bfdc47fc-10d8-4eed-a562-11a831b3f791
[   20.164666] loop7: detected capacity change from 0 to 32768
[   20.221548] XFS (loop7): Mounting V5 Filesystem bfdc47fc-10d8-4eed-a562-11a831b3f791
[   20.229190] XFS (loop2): Ending clean mount
[   20.231124] XFS (loop2): Quotacheck needed: Please wait.
[   20.236181] loop1: detected capacity change from 0 to 32768
[   20.245594] loop4: detected capacity change from 0 to 32768
[   20.248614] XFS (loop2): Quotacheck: Done.
[   20.280596] XFS (loop7): Ending clean mount
[   20.285436] XFS (loop1): Mounting V5 Filesystem bfdc47fc-10d8-4eed-a562-11a831b3f791
[   20.339306] XFS (loop7): Quotacheck needed: Please wait.
[   20.350600] loop3: detected capacity change from 0 to 32768
[   20.353517] XFS (loop4): Mounting V5 Filesystem bfdc47fc-10d8-4eed-a562-11a831b3f791
[   20.356207] XFS (loop1): Ending clean mount
[   20.357709] XFS (loop1): Quotacheck needed: Please wait.
[   20.365124] XFS (loop7): Quotacheck: Done.
[   20.387232] XFS (loop4): Ending clean mount
[   20.399939] XFS (loop4): Quotacheck needed: Please wait.
[   20.430373] XFS (loop1): Quotacheck: Done.
[   20.465569] XFS (loop3): Mounting V5 Filesystem bfdc47fc-10d8-4eed-a562-11a831b3f791
[   20.470294] XFS (loop4): Quotacheck: Done.
[   20.475080] loop5: detected capacity change from 0 to 32768
[   20.512633] XFS (loop3): Ending clean mount
[   20.514058] XFS (loop3): Quotacheck needed: Please wait.
[   20.529191] XFS (loop5): Mounting V5 Filesystem bfdc47fc-10d8-4eed-a562-11a831b3f791
[   20.543180] XFS (loop3): Quotacheck: Done.
[   20.568431] loop6: detected capacity change from 0 to 32768
[   20.577300] XFS (loop5): Ending clean mount
[   20.578227] XFS (loop5): Quotacheck needed: Please wait.
[   20.605138] XFS (loop5): Quotacheck: Done.
[   20.629824] XFS (loop6): Mounting V5 Filesystem bfdc47fc-10d8-4eed-a562-11a831b3f791
[   20.661608] XFS (loop6): Ending clean mount
[   20.662617] XFS (loop6): Quotacheck needed: Please wait.
[   20.673450] XFS (loop6): Quotacheck: Done.
[   21.047740] 
[   21.047905] ======================================================
[   21.048245] WARNING: possible circular locking dependency detected
[   21.048601] 6.18.0-b53440f8e5a1+ #1 Not tainted
[   21.048875] ------------------------------------------------------
[   21.049233] kswapd0/59 is trying to acquire lock:
[   21.049509] ffff8880295dcc18 (&xfs_nondir_ilock_class){++++}-{4:4}, at: xfs_ilock+0x338/0x3c0
[   21.050052] 
[   21.050052] but task is already holding lock:
[   21.050396] ffffffff87840100 (fs_reclaim){+.+.}-{0:0}, at: balance_pgdat+0xb7e/0x1580
[   21.050875] 
[   21.050875] which lock already depends on the new lock.
[   21.050875] 
[   21.051379] 
[   21.051379] the existing dependency chain (in reverse order) is:
[   21.051804] 
[   21.051804] -> #1 (fs_reclaim){+.+.}-{0:0}:
[   21.052144]        fs_reclaim_acquire+0x116/0x160
[   21.052434]        __kmalloc_cache_noprof+0x53/0x840
[   21.052731]        iomap_fill_dirty_folios+0x118/0x2c0
[   21.053047]        xfs_buffered_write_iomap_begin+0xef0/0x18c0
[   21.053717]        iomap_iter+0x551/0xfd0
[   21.054002]        iomap_zero_range+0x20b/0xac0
[   21.054317]        xfs_zero_range+0xb5/0x100
[   21.054591]        xfs_reflink_remap_prep+0x3d3/0xac0
[   21.054894]        xfs_file_remap_range+0x23c/0xe20
[   21.055176]        vfs_clone_file_range+0x2b1/0xda0
[   21.055461]        ioctl_file_clone+0x6e/0x110
[   21.055735]        do_vfs_ioctl+0xcab/0x14d0
[   21.055990]        __x64_sys_ioctl+0x127/0x220
[   21.056247]        x64_sys_call+0x1280/0x21b0
[   21.056511]        do_syscall_64+0x6d/0x450
[   21.056776]        entry_SYSCALL_64_after_hwframe+0x76/0x7e
[   21.057093] 
[   21.057093] -> #0 (&xfs_nondir_ilock_class){++++}-{4:4}:
[   21.057475]        __lock_acquire+0x1509/0x22a0
[   21.057748]        lock_acquire+0x170/0x310
[   21.057994]        down_write_nested+0x9a/0x210
[   21.058256]        xfs_ilock+0x338/0x3c0
[   21.058490]        xfs_icwalk_ag+0xaec/0x1b80
[   21.058746]        xfs_icwalk+0x56/0xc0
[   21.058976]        xfs_reclaim_inodes_nr+0x1d3/0x2d0
[   21.059263]        xfs_fs_free_cached_objects+0x6a/0x90
[   21.059569]        super_cache_scan+0x415/0x570
[   21.059851]        do_shrink_slab+0x408/0x1080
[   21.060142]        shrink_slab+0x348/0x12f0
[   21.060387]        shrink_node+0xba6/0x28c0
[   21.060633]        balance_pgdat+0xa2d/0x1580
[   21.060890]        kswapd+0x5b9/0xb00
[   21.061108]        kthread+0x464/0x980
[   21.061361]        ret_from_fork+0x3fb/0x560
[   21.061614]        ret_from_fork_asm+0x1a/0x30
[   21.061876] 
[   21.061876] other info that might help us debug this:
[   21.061876] 
[   21.062316]  Possible unsafe locking scenario:
[   21.062316] 
[   21.062648]        CPU0                    CPU1
[   21.062907]        ----                    ----
[   21.063164]   lock(fs_reclaim);
[   21.063358]                                lock(&xfs_nondir_ilock_class);
[   21.063741]                                lock(fs_reclaim);
[   21.064067]   lock(&xfs_nondir_ilock_class);
[   21.064316] 
[   21.064316]  *** DEADLOCK ***
[   21.064316] 
[   21.064649] 2 locks held by kswapd0/59:
[   21.064874]  #0: ffffffff87840100 (fs_reclaim){+.+.}-{0:0}, at: balance_pgdat+0xb7e/0x1580
[   21.065355]  #1: ffff8880108be0e0 (&type->s_umount_key#53){.+.+}-{4:4}, at: super_cache_scan+0x9f/0x570
[   21.065902] 
[   21.065902] stack backtrace:
[   21.066167] CPU: 1 UID: 0 PID: 59 Comm: kswapd0 Not tainted 6.18.0-b53440f8e5a1+ #1 PREEMPT(voluntary) 
[   21.066177] Hardware name: QEMU Standard PC (i440FX + PIIX, 1996), BIOS rel-1.16.0-0-gd239552ce722-prebuilt.qemu.org 04/01/2014
[   21.066186] Call Trace:
[   21.066191]  <TASK>
[   21.066197]  dump_stack_lvl+0xea/0x150
[   21.066221]  dump_stack+0x19/0x20
[   21.066235]  print_circular_bug+0x283/0x350
[   21.066249]  check_noncircular+0x12f/0x150
[   21.066261]  ? super_cache_scan+0x415/0x570
[   21.066270]  ? shrink_slab+0x348/0x12f0
[   21.066285]  __lock_acquire+0x1509/0x22a0
[   21.066298]  ? check_path.constprop.0+0x28/0x50
[   21.066314]  lock_acquire+0x170/0x310
[   21.066321]  ? xfs_ilock+0x338/0x3c0
[   21.066334]  down_write_nested+0x9a/0x210
[   21.066342]  ? xfs_ilock+0x338/0x3c0
[   21.066351]  ? __pfx_down_write_nested+0x10/0x10
[   21.066360]  ? xfs_icwalk_ag+0xadf/0x1b80
[   21.066370]  ? xfs_icwalk_ag+0xaec/0x1b80
[   21.066382]  ? xfs_icwalk_ag+0xaec/0x1b80
[   21.066392]  xfs_ilock+0x338/0x3c0
[   21.066402]  xfs_icwalk_ag+0xaec/0x1b80
[   21.066417]  ? __pfx_xfs_icwalk_ag+0x10/0x10
[   21.066432]  ? __pfx_xa_find+0x10/0x10
[   21.066449]  ? xfs_group_grab_next_mark+0x26a/0x540
[   21.066466]  ? __this_cpu_preempt_check+0x21/0x30
[   21.066478]  ? lock_release+0x14f/0x2c0
[   21.066493]  ? xfs_group_grab_next_mark+0x274/0x540
[   21.066504]  ? __pfx_xfs_group_grab_next_mark+0x10/0x10
[   21.066515]  ? __pfx_try_to_wake_up+0x10/0x10
[   21.066532]  ? lock_release+0x14f/0x2c0
[   21.066546]  xfs_icwalk+0x56/0xc0
[   21.066557]  xfs_reclaim_inodes_nr+0x1d3/0x2d0
[   21.066568]  ? __pfx_xfs_reclaim_inodes_nr+0x10/0x10
[   21.066581]  ? __this_cpu_preempt_check+0x21/0x30
[   21.066590]  ? __pfx_prune_icache_sb+0x10/0x10
[   21.066603]  xfs_fs_free_cached_objects+0x6a/0x90
[   21.066615]  super_cache_scan+0x415/0x570
[   21.066627]  do_shrink_slab+0x408/0x1080
[   21.066644]  shrink_slab+0x348/0x12f0
[   21.066660]  ? shrink_slab+0x160/0x12f0
[   21.066673]  ? __pfx_shrink_slab+0x10/0x10
[   21.066692]  shrink_node+0xba6/0x28c0
[   21.066711]  ? __pfx_shrink_node+0x10/0x10
[   21.066722]  ? preempt_schedule_common+0x49/0xd0
[   21.066735]  balance_pgdat+0xa2d/0x1580
[   21.066750]  ? __pfx_balance_pgdat+0x10/0x10
[   21.066773]  kswapd+0x5b9/0xb00
[   21.066787]  ? __pfx_kswapd+0x10/0x10
[   21.066798]  ? local_clock_noinstr+0x80/0xd0
[   21.066806]  ? __pfx_autoremove_wake_function+0x10/0x10
[   21.066820]  ? __sanitizer_cov_trace_const_cmp1+0x1e/0x30
[   21.066833]  ? __kthread_parkme+0x1bc/0x260
[   21.066847]  ? __pfx_kswapd+0x10/0x10
[   21.066858]  ? __pfx_kswapd+0x10/0x10
[   21.066869]  kthread+0x464/0x980
[   21.066880]  ? __pfx_kthread+0x10/0x10
[   21.066901]  ? _raw_spin_unlock_irq+0x3c/0x60
[   21.066912]  ? __pfx_kthread+0x10/0x10
[   21.066924]  ret_from_fork+0x3fb/0x560
[   21.066930]  ? __pfx_kthread+0x10/0x10
[   21.066941]  ret_from_fork_asm+0x1a/0x30
[   21.066957]  </TASK>
[   21.456452] repro: page allocation failure: order:0, mode:0x10cc0(GFP_KERNEL|__GFP_NORETRY), nodemask=(null),cpuset=/,mems_allowed=0
[   21.457291] CPU: 0 UID: 0 PID: 725 Comm: repro Not tainted 6.18.0-b53440f8e5a1+ #1 PREEMPT(voluntary) 
[   21.457302] Hardware name: QEMU Standard PC (i440FX + PIIX, 1996), BIOS rel-1.16.0-0-gd239552ce722-prebuilt.qemu.org 04/01/2014
[   21.457308] Call Trace:
[   21.457311]  <TASK>
[   21.457314]  dump_stack_lvl+0x121/0x150
[   21.457333]  dump_stack+0x19/0x20
[   21.457343]  warn_alloc+0x216/0x350
[   21.457354]  ? __pfx_warn_alloc+0x10/0x10
[   21.457365]  ? __pfx___alloc_pages_direct_compact+0x10/0x10
[   21.457373]  ? __drain_all_pages+0x27d/0x480
[   21.457387]  __alloc_pages_slowpath.constprop.0+0x1356/0x2270
[   21.457404]  ? __pfx___alloc_pages_slowpath.constprop.0+0x10/0x10
[   21.457414]  ? debug_smp_processor_id+0x20/0x30
[   21.457423]  ? rcu_is_watching+0x19/0xc0
[   21.457441]  ? lock_release+0x1ea/0x2c0
[   21.457455]  __alloc_frozen_pages_noprof+0x5da/0x6e0
[   21.457464]  ? __pfx___alloc_frozen_pages_noprof+0x10/0x10
[   21.457476]  ? __sanitizer_cov_trace_switch+0x58/0xa0
[   21.457486]  ? policy_nodemask+0xf9/0x450
[   21.457511]  alloc_pages_mpol+0x236/0x4c0
[   21.457523]  ? __pfx_alloc_pages_mpol+0x10/0x10
[   21.457539]  ? asm_sysvec_call_function_single+0x1f/0x30
[   21.457553]  alloc_frozen_pages_noprof+0xa9/0x180
[   21.457567]  alloc_pages_noprof+0x27/0xa0
[   21.457580]  kimage_alloc_pages+0x78/0x240
[   21.457594]  kimage_alloc_control_pages+0x1ca/0xa60
[   21.457608]  ? __pfx_kimage_alloc_control_pages+0x10/0x10
[   21.457618]  ? __sanitizer_cov_trace_cmp8+0x1c/0x30
[   21.457630]  do_kexec_load+0x39b/0x8c0
[   21.457640]  ? __might_fault+0xf1/0x1b0
[   21.457656]  ? __pfx_do_kexec_load+0x10/0x10
[   21.457668]  ? __sanitizer_cov_trace_const_cmp8+0x1c/0x30
[   21.457676]  ? _copy_from_user+0x75/0xa0
[   21.457702]  __x64_sys_kexec_load+0x1cc/0x240
[   21.457715]  x64_sys_call+0x1c90/0x21b0
[   21.457724]  do_syscall_64+0x6d/0x450
[   21.457741]  entry_SYSCALL_64_after_hwframe+0x76/0x7e
[   21.457749] RIP: 0033:0x7f87f803ee5d
[   21.457770] Code: ff c3 66 2e 0f 1f 84 00 00 00 00 00 90 f3 0f 1e fa 48 89 f8 48 89 f7 48 89 d6 48 89 ca 4d 89 c2 4d 89 c8 4c 8b 4c 24 08 0f 05 <48> 3d 01 f0 ff ff 73 01 c3 48 8b 0d 93 af 1b 00 f7 d8 64 89 01 48
[   21.457778] RSP: 002b:00007ffde4ba6228 EFLAGS: 00000207 ORIG_RAX: 00000000000000f6
[   21.457791] RAX: ffffffffffffffda RBX: 0000000000000000 RCX: 00007f87f803ee5d
[   21.457796] RDX: 0000200000000180 RSI: 0000000000000003 RDI: 0000000000000000
[   21.457801] RBP: 00007ffde4ba6240 R08: 00007ffde4ba5cb0 R09: 00007ffde4ba6240
[   21.457806] R10: 0000000000000000 R11: 0000000000000207 R12: 00007ffde4ba6398
[   21.457811] R13: 00000000004030f5 R14: 000000000040ee08 R15: 00007f87f83cb000
[   21.457824]  </TASK>
[   21.457861] Mem-Info:
[   21.472162] active_anon:4548 inactive_anon:44807 isolated_anon:0
[   21.472162]  active_file:12584 inactive_file:9398 isolated_file:0
[   21.472162]  unevictable:0 dirty:8 writeback:0
[   21.472162]  slab_reclaimable:13932 slab_unreclaimable:16964
[   21.472162]  mapped:10840 shmem:33037 pagetables:1115
[   21.472162]  sec_pagetables:0 bounce:0
[   21.472162]  kernel_misc_reclaimable:0
[   21.472162]  free:27504 free_pcp:116 free_cma:0
[   21.474286] Node 0 active_anon:18192kB inactive_anon:179228kB active_file:49528kB inactive_file:37808kB unevictable:0kB isolated(anon):0kB isolated(file):0kB mapped:43276kB dirty:32kB writeback:0kB shmem:132148kB shmem_thp:0kB shmem_pmdmapped:0kB anon_thp:0kB kernel_stack:7968kB pagetables:4460kB sec_pagetables:0kB all_unreclaimable? no Balloon:0kB
[   21.475957] Node 0 DMA free:6524kB boost:0kB min:444kB low:552kB high:660kB reserved_highatomic:0KB free_highatomic:0KB active_anon:0kB inactive_anon:72kB active_file:0kB inactive_file:0kB unevictable:0kB writepending:0kB zspages:0kB present:15992kB managed:15360kB mlocked:0kB bounce:0kB free_pcp:0kB local_pcp:0kB free_cma:0kB
[   21.477539] lowmem_reserve[]: 0 1522 1522 1522 1522
[   21.477840] Node 0 DMA32 free:104248kB boost:71680kB min:116288kB low:127440kB high:138592kB reserved_highatomic:0KB free_highatomic:0KB active_anon:18192kB inactive_anon:179228kB active_file:49444kB inactive_file:37808kB unevictable:0kB writepending:0kB zspages:0kB present:2080640kB managed:1559324kB mlocked:0kB bounce:0kB free_pcp:300kB local_pcp:0kB free_cma:0kB
[   21.479592] lowmem_reserve[]: 0 0 0 0 0
[   21.479833] Node 0 DMA: 0*4kB 2*8kB (M) 2*16kB (ME) 1*32kB (U) 3*64kB (UME) 3*128kB (UME) 3*256kB (UME) 2*512kB (ME) 2*1024kB (ME) 1*2048kB (E) 0*4096kB = 6544kB
[   21.480695] Node 0 DMA32: 2174*4kB (UME) 1276*8kB (UME) 593*16kB (UME) 418*32kB (UME) 260*64kB (UME) 141*128kB (UME) 63*256kB (UME) 23*512kB (UME) 0*1024kB 0*2048kB 0*4096kB = 104360kB
[   21.481681] Node 0 hugepages_total=0 hugepages_free=0 hugepages_surp=0 hugepages_size=1048576kB
[   21.482171] Node 0 hugepages_total=0 hugepages_free=0 hugepages_surp=0 hugepages_size=2048kB
[   21.482647] 54727 total pagecache pages
[   21.482880] 0 pages in swap cache
[   21.483078] Free swap  = 0kB
[   21.483254] Total swap = 0kB
[   21.483434] 524158 pages RAM
[   21.483608] 0 pages HighMem/MovableOnly
[   21.483840] 130487 pages reserved
[   21.484063] 0 pages cma reserved
[   21.484260] 0 pages hwpoisoned
[   21.539141] kexec: Could not allocate control_code_buffer
[   21.947481] kexec: Could not allocate control_code_buffer
[   22.049756] loop0: detected capacity change from 0 to 32768
[   22.161814] XFS (loop0): Mounting V5 Filesystem bfdc47fc-10d8-4eed-a562-11a831b3f791
[   22.173465] XFS (loop0): Ending clean mount
[   22.174676] XFS (loop0): Quotacheck needed: Please wait.
[   22.242218] kexec: Could not allocate control_code_buffer
[   22.261336] XFS (loop0): Quotacheck: Done.
[   23.068637] kexec: Could not allocate control_code_buffer
[   23.806362] kexec: Could not allocate control_code_buffer
[   25.306995] in:imjournal invoked oom-killer: gfp_mask=0x140cca(GFP_HIGHUSER_MOVABLE|__GFP_COMP), order=0, oom_score_adj=0
[   25.307663] CPU: 1 UID: 0 PID: 315 Comm: in:imjournal Not tainted 6.18.0-b53440f8e5a1+ #1 PREEMPT(voluntary) 
[   25.307675] Hardware name: QEMU Standard PC (i440FX + PIIX, 1996), BIOS rel-1.16.0-0-gd239552ce722-prebuilt.qemu.org 04/01/2014
[   25.307680] Call Trace:
[   25.307683]  <TASK>
[   25.307687]  dump_stack_lvl+0x121/0x150
[   25.307708]  dump_stack+0x19/0x20
[   25.307721]  dump_header+0x10f/0x910
[   25.307734]  oom_kill_process+0x287/0xa40
[   25.307743]  out_of_memory+0x34c/0x1710
[   25.307752]  ? __pfx_out_of_memory+0x10/0x10
[   25.307763]  __alloc_pages_slowpath.constprop.0+0x1bc6/0x2270
[   25.307778]  ? __pfx___alloc_pages_slowpath.constprop.0+0x10/0x10
[   25.307789]  ? lock_release+0x1ea/0x2c0
[   25.307803]  __alloc_frozen_pages_noprof+0x5da/0x6e0
[   25.307812]  ? __pfx___alloc_frozen_pages_noprof+0x10/0x10
[   25.307821]  ? rcu_is_watching+0x19/0xc0
[   25.307830]  ? __sanitizer_cov_trace_switch+0x58/0xa0
[   25.307849]  ? policy_nodemask+0xf9/0x450
[   25.307859]  alloc_pages_mpol+0x236/0x4c0
[   25.307871]  ? __pfx_alloc_pages_mpol+0x10/0x10
[   25.307880]  ? filemap_get_entry+0x1c0/0x360
[   25.307893]  alloc_frozen_pages_noprof+0xa9/0x180
[   25.307904]  folio_alloc_noprof+0x2d/0x120
[   25.307914]  filemap_alloc_folio_noprof+0x3e0/0x470
[   25.307927]  ? __pfx_filemap_get_entry+0x10/0x10
[   25.307936]  ? __pfx_filemap_alloc_folio_noprof+0x10/0x10
[   25.307948]  ? down_read+0x142/0x4d0
[   25.307959]  __filemap_get_folio+0x432/0x8c0
[   25.307970]  filemap_fault+0x1782/0x2cf0
[   25.307981]  ? __pfx_filemap_fault+0x10/0x10
[   25.307991]  ? rcu_read_unlock+0x31/0xc0
[   25.308000]  ? debug_smp_processor_id+0x20/0x30
[   25.308008]  ? rcu_is_watching+0x19/0xc0
[   25.308017]  __do_fault+0x115/0x870
[   25.308028]  do_fault+0xba6/0x1690
[   25.308040]  __handle_mm_fault+0x1a2a/0x2d70
[   25.308051]  ? __pfx___handle_mm_fault+0x10/0x10
[   25.308058]  ? lock_vma_under_rcu+0x3f/0x590
[   25.308066]  ? debug_smp_processor_id+0x20/0x30
[   25.308074]  ? rcu_is_watching+0x19/0xc0
[   25.308082]  ? lock_release+0x1ea/0x2c0
[   25.308098]  handle_mm_fault+0x2de/0x920
[   25.308105]  ? __sanitizer_cov_trace_const_cmp8+0x1c/0x30
[   25.308114]  do_user_addr_fault+0x526/0xfe0
[   25.308129]  ? rcu_is_watching+0x19/0xc0
[   25.308138]  exc_page_fault+0xc9/0x1d0
[   25.308146]  asm_exc_page_fault+0x2b/0x30
[   25.308154] RIP: 0033:0x7f85e2b42a6e
[   25.308171] Code: Unable to access opcode bytes at 0x7f85e2b42a44.
[   25.308174] RSP: 002b:00007f85e1fd7ad0 EFLAGS: 00010293
[   25.308181] RAX: 0000000000000000 RBX: 00007f85e1fd7b70 RCX: 00007f85e2b42a6e
[   25.308186] RDX: 00007f85e1fd7af0 RSI: 0000000000000001 RDI: 00007f85e1fd7b70
[   25.308193] RBP: 0000000000000001 R08: 0000000000000008 R09: 0000000000000000
[   25.308197] R10: 0000000000000000 R11: 0000000000000293 R12: 00007f85e1fd7b70
[   25.308201] R13: 00007f85e1fd7af0 R14: 00007f85e1fd7c20 R15: 00007f85dc00bbb0
[   25.308210]  </TASK>
[   25.308213] Mem-Info:
[   25.323595] active_anon:5197 inactive_anon:51466 isolated_anon:0
[   25.323595]  active_file:2 inactive_file:411 isolated_file:4
[   25.323595]  unevictable:0 dirty:1 writeback:0
[   25.323595]  slab_reclaimable:4504 slab_unreclaimable:24304
[   25.323595]  mapped:211 shmem:39390 pagetables:1130
[   25.323595]  sec_pagetables:0 bounce:0
[   25.323595]  kernel_misc_reclaimable:0
[   25.323595]  free:12306 free_pcp:503 free_cma:0
[   25.325727] Node 0 active_anon:20788kB inactive_anon:205864kB active_file:8kB inactive_file:1644kB unevictable:0kB isolated(anon):0kB isolated(file):16kB mapped:844kB dirty:4kB writeback:0kB shmem:157560kB shmem_thp:0kB shmem_pmdmapped:0kB anon_thp:0kB kernel_stack:8096kB pagetables:4520kB sec_pagetables:0kB all_unreclaimable? no Balloon:0kB
[   25.327396] Node 0 DMA free:6504kB boost:0kB min:444kB low:552kB high:660kB reserved_highatomic:0KB free_highatomic:0KB active_anon:0kB inactive_anon:64kB active_file:0kB inactive_file:0kB unevictable:0kB writepending:0kB zspages:0kB present:15992kB managed:15360kB mlocked:0kB bounce:0kB free_pcp:0kB local_pcp:0kB free_cma:0kB
[   25.329002] lowmem_reserve[]: 0 1522 1522 1522 1522
[   25.329301] Node 0 DMA32 free:42720kB boost:0kB min:44608kB low:55760kB high:66912kB reserved_highatomic:0KB free_highatomic:0KB active_anon:20788kB inactive_anon:205800kB active_file:8kB inactive_file:1672kB unevictable:0kB writepending:4kB zspages:0kB present:2080640kB managed:1559324kB mlocked:0kB bounce:0kB free_pcp:2012kB local_pcp:2012kB free_cma:0kB
[   25.331034] lowmem_reserve[]: 0 0 0 0 0
[   25.331274] Node 0 DMA: 0*4kB 2*8kB (M) 3*16kB (UME) 2*32kB (UM) 2*64kB (UE) 3*128kB (UME) 3*256kB (UME) 2*512kB (ME) 2*1024kB (ME) 1*2048kB (E) 0*4096kB = 6528kB
[   25.332135] Node 0 DMA32: 28*4kB (U) 58*8kB (UE) 25*16kB (UME) 92*32kB (UME) 157*64kB (UME) 70*128kB (UME) 35*256kB (UM) 13*512kB (ME) 4*1024kB (UM) 0*2048kB 0*4096kB = 42640kB
[   25.333072] Node 0 hugepages_total=0 hugepages_free=0 hugepages_surp=0 hugepages_size=1048576kB
[   25.333567] Node 0 hugepages_total=0 hugepages_free=0 hugepages_surp=0 hugepages_size=2048kB
[   25.334050] 39886 total pagecache pages
[   25.334280] 0 pages in swap cache
[   25.334479] Free swap  = 0kB
[   25.334659] Total swap = 0kB
[   25.334841] 524158 pages RAM
[   25.335020] 0 pages HighMem/MovableOnly
[   25.335249] 130487 pages reserved
[   25.335450] 0 pages cma reserved
[   25.335646] 0 pages hwpoisoned
[   25.335833] Tasks state (memory values in pages):
[   25.336107] [  pid  ]   uid  tgid total_vm      rss rss_anon rss_file rss_shmem pgtables_bytes swapents oom_score_adj name
[   25.336745] [    142]     0   142     5474      469      256       53       160    81920        0          -250 systemd-journal
[   25.337402] [    164]     0   164     7783      643      608       35         0    86016        0         -1000 systemd-udevd
[   25.338050] [    232]    32   232     3314      235      192       43         0    69632        0             0 rpcbind
[   25.338658] [    233]     0   233    22959      228      193       35         0    73728        0         -1000 auditd
[   25.339260] [    235]     0   235     1947      103       64       39         0    53248        0             0 sedispatch
[   25.339880] [    256]    81   256     2731      253      193       60         0    61440        0          -900 dbus-broker-lau
[   25.340535] [    257]    81   257     1316      159      140       19         0    53248        0          -900 dbus-broker
[   25.341175] [    258]     0   258    64641     1047     1024       23         0   147456        0             0 NetworkManager
[   25.341812] [    261]     0   261    19783       53       32       21         0    65536        0             0 irqbalance
[   25.342442] [    262]   992   262      678       48        0       48         0    49152        0             0 lsmd
[   25.343038] [    263]     0   263      700       67       32       35         0    45056        0             0 mcelog
[   25.343642] [    265]     0   265     4639      294      256       38         0    81920        0             0 systemd-logind
[   25.344291] [    266]     0   266     4496      287      256       31         0    77824        0             0 systemd-machine
[   25.344938] [    274]   985   274    21097      146      137        9         0    73728        0             0 chronyd
[   25.345551] [    276]     0   276     4419      251      224       27         0    77824        0             0 systemd-hostnam
[   25.346199] [    303]     0   303    39958      412      224       24       164    77824        0             0 rsyslogd
[   25.346804] [    304]     0   304     3951      377      320       57         0    77824        0         -1000 sshd
[   25.347416] [    305]     0   305    13748      230      221        9         0    90112        0             0 gssproxy
[   25.348035] [    306]     0   306    66148     3433     3394       39         0   159744        0             0 tuned
[   25.348632] [    313]     0   313   292078      624      576       48         0   253952        0             0 virtqemud
[   25.349269] [    317]     0   317     1169       69       32       37         0    45056        0             0 atd
[   25.349858] [    320]     0   320     2138      244      192       52         0    61440        0             0 crond
[   25.350455] [    326]     0   326      763       51       32       19         0    49152        0             0 agetty
[   25.351061] [    328]     0   328     1405       69       32       37         0    53248        0             0 agetty
[   25.351665] [    546]   998   546   644240     1081     1066       15         0   217088        0             0 polkitd
[   25.352278] [    589]     0   589     5110      475      448       27         0    86016        0           100 systemd
[   25.352893] [    591]     0   591    42797      997      957       40         0   106496        0           100 (sd-pam)
[   25.353515] [    694]     0   694     4741      481      448       33         0    81920        0             0 sshd
[   25.354113] [    696]     0   696     4741      476      458       18         0    81920        0             0 sshd
[   25.354705] [    697]     0   697     1782       84       64       20         0    53248        0             0 repro.sh
[   25.355329] [    722]     0   722     4736       36        0       36         0    36864        0             0 repro
[   25.355945] [    723]     0   723     4736       11        0       11         0    36864        0             0 repro
[   25.356540] [    724]     0   724     4736       11        0       11         0    36864        0             0 repro
[   25.357145] [    726]     0   726     4736       11        0       11         0    36864        0             0 repro
[   25.357754] [    727]     0   727     4736       43        0       43         0    36864        0             0 repro
[   25.358358] [    728]     0   728     4736       43        0       43         0    36864        0             0 repro
[   25.358977] [    729]     0   729     4736       11        0       11         0    36864        0             0 repro
[   25.359574] [    730]     0   730     4736       11        0       11         0    36864        0             0 repro
[   25.360190] [    731]     0   731     4736       43        0       43         0    36864        0             0 repro
[   25.360786] [    734]     0   734     7783      694      662       32         0    73728        0             0 systemd-udevd
[   25.361436] [    740]     0   740     7783      674      651       23         0    73728        0             0 systemd-udevd
[   25.362074] [    741]     0   741     7847      726      694       32         0    73728        0             0 systemd-udevd
[   25.362710] [    742]     0   742     7847      714      683       31         0    73728        0             0 systemd-udevd
[   25.363345] [    743]     0   743     7783      674      651       23         0    73728        0             0 systemd-udevd
[   25.363982] [    744]     0   744     7847      745      694       51         0    73728        0             0 systemd-udevd
[   25.364647] [    858]     0   858     4736       16        0       16         0    49152        0          1000 repro
[   25.365286] [    871]     0   871    38528      592      576       16         0    81920        0          1000 repro
[   25.365887] [    872]     0   872    38528      560      544       16         0    81920        0          1000 repro
[   25.366489] [    873]     0   873    38528      592      544       48         0    81920        0          1000 repro
[   25.367104] [    875]     0   875    38528      592      544       48         0    81920        0          1000 repro
[   25.367705] [    876]     0   876    38528      592      544       48         0    77824        0          1000 repro
[   25.368306] [    877]     0   877    38528      592      544       48         0    77824        0          1000 repro
[   25.368918] [    878]     0   878     4736       59       32       27         0    49152        0          1000 repro
[   25.369533] oom-kill:constraint=CONSTRAINT_NONE,nodemask=(null),cpuset=/,mems_allowed=0,global_oom,task_memcg=/user.slice/user-0.slice/session-6.scope,task=repro,pid=875,uid=0
[   25.370445] Out of memory: Killed process 875 (repro) total-vm:154112kB, anon-rss:2176kB, file-rss:192kB, shmem-rss:0kB, UID:0 pgtables:80kB oom_score_adj:1000
[   25.921821] kexec: Could not allocate control_code_buffer
[   26.442037] repro invoked oom-killer: gfp_mask=0x140cca(GFP_HIGHUSER_MOVABLE|__GFP_COMP), order=0, oom_score_adj=1000
[   26.442697] CPU: 1 UID: 0 PID: 858 Comm: repro Not tainted 6.18.0-b53440f8e5a1+ #1 PREEMPT(voluntary) 
[   26.442709] Hardware name: QEMU Standard PC (i440FX + PIIX, 1996), BIOS rel-1.16.0-0-gd239552ce722-prebuilt.qemu.org 04/01/2014
[   26.442714] Call Trace:
[   26.442717]  <TASK>
[   26.442720]  dump_stack_lvl+0x121/0x150
[   26.442739]  dump_stack+0x19/0x20
[   26.442750]  dump_header+0x10f/0x910
[   26.442762]  oom_kill_process+0x287/0xa40
[   26.442771]  out_of_memory+0x34c/0x1710
[   26.442780]  ? __pfx_out_of_memory+0x10/0x10
[   26.442803]  __alloc_pages_slowpath.constprop.0+0x1bc6/0x2270
[   26.442818]  ? __pfx___alloc_pages_slowpath.constprop.0+0x10/0x10
[   26.442829]  ? lock_release+0x1ea/0x2c0
[   26.442857]  __alloc_frozen_pages_noprof+0x5da/0x6e0
[   26.442866]  ? __pfx___alloc_frozen_pages_noprof+0x10/0x10
[   26.442874]  ? _raw_spin_unlock+0x31/0x60
[   26.442883]  ? __sanitizer_cov_trace_switch+0x58/0xa0
[   26.442894]  ? policy_nodemask+0xf9/0x450
[   26.442905]  alloc_pages_mpol+0x236/0x4c0
[   26.442915]  ? __pfx_alloc_pages_mpol+0x10/0x10
[   26.442923]  ? rcu_is_watching+0x19/0xc0
[   26.442933]  ? lock_release+0x1ea/0x2c0
[   26.442945]  folio_alloc_mpol_noprof+0x44/0x120
[   26.442956]  shmem_alloc_folio+0x128/0x150
[   26.442965]  shmem_alloc_and_add_folio+0x403/0xab0
[   26.442977]  ? __pfx_shmem_alloc_and_add_folio+0x10/0x10
[   26.442989]  shmem_get_folio_gfp+0x595/0x1350
[   26.443001]  ? __pfx_shmem_get_folio_gfp+0x10/0x10
[   26.443013]  shmem_write_begin+0x17b/0x480
[   26.443024]  ? __pfx_shmem_write_begin+0x10/0x10
[   26.443033]  ? balance_dirty_pages_ratelimited_flags+0x9b/0x12a0
[   26.443044]  ? __sanitizer_cov_trace_const_cmp1+0x1e/0x30
[   26.443051]  ? shmem_write_end+0x1ee/0x3d0
[   26.443061]  generic_perform_write+0x438/0x920
[   26.443071]  ? __pfx_generic_perform_write+0x10/0x10
[   26.443077]  ? __sanitizer_cov_trace_const_cmp4+0x1a/0x20
[   26.443084]  ? mnt_put_write_access_file+0x5c/0x110
[   26.443099]  ? file_update_time_flags+0x284/0x510
[   26.443115]  shmem_file_write_iter+0x11b/0x150
[   26.443123]  vfs_write+0xc6d/0x11f0
[   26.443136]  ? __pfx_shmem_file_write_iter+0x10/0x10
[   26.443145]  ? __pfx_vfs_write+0x10/0x10
[   26.443157]  ? debug_smp_processor_id+0x20/0x30
[   26.443168]  ksys_write+0x14e/0x280
[   26.443178]  ? __pfx_ksys_write+0x10/0x10
[   26.443188]  ? __audit_syscall_entry+0x393/0x4f0
[   26.443201]  __x64_sys_write+0x7b/0xc0
[   26.443211]  ? syscall_trace_enter+0x14d/0x250
[   26.443229]  x64_sys_call+0x1704/0x21b0
[   26.443240]  do_syscall_64+0x6d/0x450
[   26.443255]  entry_SYSCALL_64_after_hwframe+0x76/0x7e
[   26.443263] RIP: 0033:0x7f87f813eb97
[   26.443279] Code: Unable to access opcode bytes at 0x7f87f813eb6d.
[   26.443283] RSP: 002b:00007ffde4ba5f98 EFLAGS: 00000246 ORIG_RAX: 0000000000000001
[   26.443291] RAX: ffffffffffffffda RBX: 0000000000000000 RCX: 00007f87f813eb97
[   26.443297] RDX: 0000000001000000 RSI: 00007f87efc00000 RDI: 0000000000000003
[   26.443304] RBP: 00007ffde4ba5ff0 R08: 00000000ffffffff R09: 0000000000000000
[   26.443309] R10: 00007f87f8007e00 R11: 0000000000000246 R12: 00007ffde4ba6398
[   26.443314] R13: 00000000004030f5 R14: 000000000040ee08 R15: 00007f87f83cb000
[   26.443328]  </TASK>
[   26.443334] Mem-Info:
[   26.460222] active_anon:5198 inactive_anon:61390 isolated_anon:0
[   26.460222]  active_file:42 inactive_file:0 isolated_file:0
[   26.460222]  unevictable:0 dirty:0 writeback:0
[   26.460222]  slab_reclaimable:4498 slab_unreclaimable:24023
[   26.460222]  mapped:237 shmem:48700 pagetables:1106
[   26.460222]  sec_pagetables:0 bounce:0
[   26.460222]  kernel_misc_reclaimable:0
[   26.460222]  free:11843 free_pcp:1011 free_cma:0
[   26.462332] Node 0 active_anon:20792kB inactive_anon:245560kB active_file:168kB inactive_file:0kB unevictable:0kB isolated(anon):0kB isolated(file):0kB mapped:948kB dirty:0kB writeback:0kB shmem:194800kB shmem_thp:0kB shmem_pmdmapped:0kB anon_thp:0kB kernel_stack:8064kB pagetables:4424kB sec_pagetables:0kB all_unreclaimable? no Balloon:0kB
[   26.463980] Node 0 DMA free:6504kB boost:0kB min:444kB low:552kB high:660kB reserved_highatomic:0KB free_highatomic:0KB active_anon:0kB inactive_anon:120kB active_file:0kB inactive_file:0kB unevictable:0kB writepending:0kB zspages:0kB present:15992kB managed:15360kB mlocked:0kB bounce:0kB free_pcp:0kB local_pcp:0kB free_cma:0kB
[   26.465600] lowmem_reserve[]: 0 1522 1522 1522 1522
[   26.465898] Node 0 DMA32 free:40868kB boost:0kB min:44608kB low:55760kB high:66912kB reserved_highatomic:0KB free_highatomic:0KB active_anon:20792kB inactive_anon:245412kB active_file:168kB inactive_file:0kB unevictable:0kB writepending:0kB zspages:0kB present:2080640kB managed:1559324kB mlocked:0kB bounce:0kB free_pcp:4044kB local_pcp:4028kB free_cma:0kB
[   26.467601] lowmem_reserve[]: 0 0 0 0 0
[   26.467844] Node 0 DMA: 1*4kB (M) 1*8kB (M) 4*16kB (UME) 1*32kB (U) 2*64kB (ME) 1*128kB (E) 2*256kB (ME) 3*512kB (UME) 2*1024kB (ME) 1*2048kB (E) 0*4096kB = 6508kB
[   26.468727] Node 0 DMA32: 267*4kB (UME) 1190*8kB (UE) 24*16kB (UME) 33*32kB (UE) 13*64kB (UME) 73*128kB (ME) 39*256kB (UM) 7*512kB (ME) 1*1024kB (M) 0*2048kB 1*4096kB (U) = 40892kB
[   26.469692] Node 0 hugepages_total=0 hugepages_free=0 hugepages_surp=0 hugepages_size=1048576kB
[   26.470186] Node 0 hugepages_total=0 hugepages_free=0 hugepages_surp=0 hugepages_size=2048kB
[   26.470661] 48769 total pagecache pages
[   26.470891] 0 pages in swap cache
[   26.471089] Free swap  = 0kB
[   26.471264] Total swap = 0kB
[   26.471439] 524158 pages RAM
[   26.471616] 0 pages HighMem/MovableOnly
[   26.471842] 130487 pages reserved
[   26.472042] 0 pages cma reserved
[   26.472237] 0 pages hwpoisoned
[   26.472427] Tasks state (memory values in pages):
[   26.472699] [  pid  ]   uid  tgid total_vm      rss rss_anon rss_file rss_shmem pgtables_bytes swapents oom_score_adj name
[   26.473343] [    142]     0   142     5474      440      256       24       160    81920        0          -250 systemd-journal
[   26.473987] [    164]     0   164     7783      613      608        5         0    86016        0         -1000 systemd-udevd
[   26.474620] [    232]    32   232     3314      235      192       43         0    69632        0             0 rpcbind
[   26.475225] [    233]     0   233    22959      228      193       35         0    73728        0         -1000 auditd
[   26.475824] [    235]     0   235     1947      103       64       39         0    53248        0             0 sedispatch
[   26.476441] [    256]    81   256     2731      253      193       60         0    61440        0          -900 dbus-broker-lau
[   26.477103] [    257]    81   257     1316      192      140       52         0    53248        0          -900 dbus-broker
[   26.477726] [    258]     0   258    64641     1052     1024       28         0   147456        0             0 NetworkManager
[   26.478364] [    261]     0   261    19783       53       32       21         0    65536        0             0 irqbalance
[   26.478982] [    262]   992   262      678       48        0       48         0    49152        0             0 lsmd
[   26.479574] [    263]     0   263      700       67       32       35         0    45056        0             0 mcelog
[   26.480171] [    265]     0   265     4639      284      256       28         0    81920        0             0 systemd-logind
[   26.480814] [    266]     0   266     4496      304      256       48         0    77824        0             0 systemd-machine
[   26.481474] [    274]   985   274    21097      180      137       43         0    73728        0             0 chronyd
[   26.482078] [    276]     0   276     4419      251      224       27         0    77824        0             0 systemd-hostnam
[   26.482725] [    303]     0   303    39958      425      224       37       164    77824        0             0 rsyslogd
[   26.483336] [    304]     0   304     3951      377      320       57         0    77824        0         -1000 sshd
[   26.483926] [    305]     0   305    13748      230      221        9         0    90112        0             0 gssproxy
[   26.484532] [    306]     0   306    66148     3436     3394       42         0   159744        0             0 tuned
[   26.485139] [    313]     0   313   292078      617      576       41         0   253952        0             0 virtqemud
[   26.485758] [    317]     0   317     1169       69       32       37         0    45056        0             0 atd
[   26.486356] [    320]     0   320     2138      244      192       52         0    61440        0             0 crond
[   26.486971] [    326]     0   326      763       51       32       19         0    49152        0             0 agetty
[   26.487596] [    328]     0   328     1405       69       32       37         0    53248        0             0 agetty
[   26.488197] [    546]   998   546   644240     1081     1066       15         0   217088        0             0 polkitd
[   26.488802] [    589]     0   589     5110      479      448       31         0    86016        0           100 systemd
[   26.489427] [    591]     0   591    42797      997      957       40         0   106496        0           100 (sd-pam)
[   26.490037] [    694]     0   694     4741      481      448       33         0    81920        0             0 sshd
[   26.490622] [    696]     0   696     4741      495      458       37         0    81920        0             0 sshd
[   26.491209] [    697]     0   697     1782       84       64       20         0    53248        0             0 repro.sh
[   26.491813] [    722]     0   722     4736       36        0       36         0    36864        0             0 repro
[   26.492412] [    723]     0   723     4736       23        0       23         0    36864        0             0 repro
[   26.493018] [    724]     0   724     4736       32        0       32         0    36864        0             0 repro
[   26.493612] [    726]     0   726     4736       23        0       23         0    36864        0             0 repro
[   26.494207] [    727]     0   727     4736       29        0       29         0    36864        0             0 repro
[   26.494796] [    728]     0   728     4736       29        0       29         0    36864        0             0 repro
[   26.495396] [    729]     0   729     4736       11        0       11         0    36864        0             0 repro
[   26.495998] [    730]     0   730     4736       43        0       43         0    36864        0             0 repro
[   26.496587] [    731]     0   731     4736       35        0       35         0    36864        0             0 repro
[   26.497191] [    734]     0   734     7847      722      694       28         0    73728        0             0 systemd-udevd
[   26.497821] [    740]     0   740     7783      674      651       23         0    73728        0             0 systemd-udevd
[   26.498452] [    741]     0   741     7847      718      694       24         0    73728        0             0 systemd-udevd
[   26.499085] [    742]     0   742     7847      720      683       37         0    73728        0             0 systemd-udevd
[   26.499715] [    743]     0   743     7783      680      662       18         0    73728        0             0 systemd-udevd
[   26.500351] [    744]     0   744     7847      734      694       40         0    73728        0             0 systemd-udevd
[   26.501009] [    858]     0   858    38528      618      576       42         0    81920        0          1000 repro
[   26.501609] [    878]     0   878    38528      570      544       26         0    81920        0          1000 repro
[   26.502215] [    879]     0   879     4736       25        0       25         0    49152        0          1000 repro
[   26.502816] [    880]     0   880    38528      570      544       26         0    81920        0          1000 repro
[   26.503447] [    881]     0   881    38528      570      544       26         0    81920        0          1000 repro
[   26.504042] [    882]     0   882    38528      570      544       26         0    81920        0          1000 repro
[   26.504638] [    883]     0   883    38528      602      576       26         0    81920        0          1000 repro
[   26.505255] [    884]     0   884    38528      570      544       26         0    81920        0          1000 repro
[   26.505855] oom-kill:constraint=CONSTRAINT_NONE,nodemask=(null),cpuset=/,mems_allowed=0,global_oom,task_memcg=/user.slice/user-0.slice/session-6.scope,task=repro,pid=858,uid=0
[   26.506784] Out of memory: Killed process 858 (repro) total-vm:154112kB, anon-rss:2304kB, file-rss:168kB, shmem-rss:0kB, UID:0 pgtables:80kB oom_score_adj:1000
[   26.626613] kexec: Could not allocate control_code_buffer
[   27.273238] kexec: Could not allocate control_code_buffer
[   28.267722] kexec: Could not allocate control_code_buffer
[   29.694924] kexec: Could not allocate control_code_buffer
[   30.512556] kexec: Could not allocate control_code_buffer
[   31.236946] kexec: Could not allocate control_code_buffer
[   31.714135] warn_alloc: 11 callbacks suppressed
[   31.714150] repro: page allocation failure: order:0, mode:0x10cc0(GFP_KERNEL|__GFP_NORETRY), nodemask=(null),cpuset=/,mems_allowed=0
[   31.715181] CPU: 1 UID: 0 PID: 939 Comm: repro Not tainted 6.18.0-b53440f8e5a1+ #1 PREEMPT(voluntary) 
[   31.715191] Hardware name: QEMU Standard PC (i440FX + PIIX, 1996), BIOS rel-1.16.0-0-gd239552ce722-prebuilt.qemu.org 04/01/2014
[   31.715197] Call Trace:
[   31.715201]  <TASK>
[   31.715216]  dump_stack_lvl+0x121/0x150
[   31.715235]  dump_stack+0x19/0x20
[   31.715245]  warn_alloc+0x216/0x350
[   31.715256]  ? __pfx_warn_alloc+0x10/0x10
[   31.715267]  ? __pfx___alloc_pages_direct_compact+0x10/0x10
[   31.715275]  ? __drain_all_pages+0x27d/0x480
[   31.715288]  __alloc_pages_slowpath.constprop.0+0x1356/0x2270
[   31.715302]  ? __pfx___alloc_pages_slowpath.constprop.0+0x10/0x10
[   31.715312]  ? debug_smp_processor_id+0x20/0x30
[   31.715321]  ? rcu_is_watching+0x19/0xc0
[   31.715331]  ? lock_release+0x1ea/0x2c0
[   31.715345]  __alloc_frozen_pages_noprof+0x5da/0x6e0
[   31.715354]  ? __pfx___alloc_frozen_pages_noprof+0x10/0x10
[   31.715364]  ? __sanitizer_cov_trace_switch+0x58/0xa0
[   31.715374]  ? policy_nodemask+0xf9/0x450
[   31.715385]  alloc_pages_mpol+0x236/0x4c0
[   31.715396]  ? __pfx_alloc_pages_mpol+0x10/0x10
[   31.715405]  ? alloc_frozen_pages_noprof+0x48/0x180
[   31.715417]  alloc_frozen_pages_noprof+0xa9/0x180
[   31.715428]  alloc_pages_noprof+0x27/0xa0
[   31.715438]  kimage_alloc_pages+0x78/0x240
[   31.715449]  kimage_alloc_control_pages+0x1ca/0xa60
[   31.715460]  ? __pfx_kimage_alloc_control_pages+0x10/0x10
[   31.715468]  ? __sanitizer_cov_trace_cmp8+0x1c/0x30
[   31.715477]  do_kexec_load+0x39b/0x8c0
[   31.715486]  ? __might_fault+0xf1/0x1b0
[   31.715497]  ? __pfx_do_kexec_load+0x10/0x10
[   31.715506]  ? __sanitizer_cov_trace_const_cmp8+0x1c/0x30
[   31.715513]  ? _copy_from_user+0x75/0xa0
[   31.715527]  __x64_sys_kexec_load+0x1cc/0x240
[   31.715540]  x64_sys_call+0x1c90/0x21b0
[   31.715551]  do_syscall_64+0x6d/0x450
[   31.715566]  entry_SYSCALL_64_after_hwframe+0x76/0x7e
[   31.715575] RIP: 0033:0x7f87f803ee5d
[   31.715583] Code: ff c3 66 2e 0f 1f 84 00 00 00 00 00 90 f3 0f 1e fa 48 89 f8 48 89 f7 48 89 d6 48 89 ca 4d 89 c2 4d 89 c8 4c 8b 4c 24 08 0f 05 <48> 3d 01 f0 ff ff 73 01 c3 48 8b 0d 93 af 1b 00 f7 d8 64 89 01 48
[   31.715591] RSP: 002b:00007ffde4ba6228 EFLAGS: 00000207 ORIG_RAX: 00000000000000f6
[   31.715599] RAX: ffffffffffffffda RBX: 0000000000000000 RCX: 00007f87f803ee5d
[   31.715605] RDX: 0000200000000180 RSI: 0000000000000003 RDI: 0000000000000000
[   31.715609] RBP: 00007ffde4ba6240 R08: 00007ffde4ba5cb0 R09: 00007ffde4ba6240
[   31.715615] R10: 0000000000000000 R11: 0000000000000207 R12: 00007ffde4ba6398
[   31.715620] R13: 00000000004030f5 R14: 000000000040ee08 R15: 00007f87f83cb000
[   31.715633]  </TASK>
[   31.715639] Mem-Info:
[   31.729906] active_anon:5197 inactive_anon:55400 isolated_anon:0
[   31.729906]  active_file:2394 inactive_file:377 isolated_file:34
[   31.729906]  unevictable:0 dirty:1 writeback:0
[   31.729906]  slab_reclaimable:4313 slab_unreclaimable:24745
[   31.729906]  mapped:2427 shmem:42650 pagetables:1126
[   31.729906]  sec_pagetables:0 bounce:0
[   31.729906]  kernel_misc_reclaimable:0
[   31.729906]  free:13425 free_pcp:0 free_cma:0
[   31.732050] Node 0 active_anon:20788kB inactive_anon:221600kB active_file:9576kB inactive_file:1508kB unevictable:0kB isolated(anon):0kB isolated(file):136kB mapped:9708kB dirty:4kB writeback:0kB shmem:170600kB shmem_thp:0kB shmem_pmdmapped:0kB anon_thp:0kB kernel_stack:8032kB pagetables:4504kB sec_pagetables:0kB all_unreclaimable? no Balloon:0kB
[   31.733766] Node 0 DMA free:6528kB boost:0kB min:444kB low:552kB high:660kB reserved_highatomic:0KB free_highatomic:0KB active_anon:0kB inactive_anon:64kB active_file:0kB inactive_file:0kB unevictable:0kB writepending:0kB zspages:0kB present:15992kB managed:15360kB mlocked:0kB bounce:0kB free_pcp:0kB local_pcp:0kB free_cma:0kB
[   31.735379] lowmem_reserve[]: 0 1522 1522 1522 1522
[   31.735692] Node 0 DMA32 free:47172kB boost:16384kB min:60992kB low:72144kB high:83296kB reserved_highatomic:0KB free_highatomic:0KB active_anon:20788kB inactive_anon:221536kB active_file:9576kB inactive_file:1404kB unevictable:0kB writepending:4kB zspages:0kB present:2080640kB managed:1559324kB mlocked:0kB bounce:0kB free_pcp:84kB local_pcp:0kB free_cma:0kB
[   31.737484] lowmem_reserve[]: 0 0 0 0 0
[   31.737729] Node 0 DMA: 1*4kB (M) 2*8kB (UM) 1*16kB (E) 0*32kB 2*64kB (UE) 2*128kB (ME) 2*256kB (ME) 3*512kB (UME) 2*1024kB (ME) 1*2048kB (E) 0*4096kB = 6564kB
[   31.738605] Node 0 DMA32: 122*4kB (UME) 67*8kB (UME) 99*16kB (ME) 285*32kB (UME) 146*64kB (ME) 103*128kB (ME) 29*256kB (UM) 11*512kB (UME) 0*1024kB 0*2048kB 0*4096kB = 47312kB
[   31.739547] Node 0 hugepages_total=0 hugepages_free=0 hugepages_surp=0 hugepages_size=1048576kB
[   31.740045] Node 0 hugepages_total=0 hugepages_free=0 hugepages_surp=0 hugepages_size=2048kB
[   31.740528] 45386 total pagecache pages
[   31.740758] 0 pages in swap cache
[   31.740962] Free swap  = 0kB
[   31.741152] Total swap = 0kB
[   31.741330] 524158 pages RAM
[   31.741507] 0 pages HighMem/MovableOnly
[   31.741737] 130487 pages reserved
[   31.741943] 0 pages cma reserved
[   31.742140] 0 pages hwpoisoned
[   31.799941] kexec: Could not allocate control_code_buffer
