c[?7l[2J[0mSeaBIOS (version rel-1.16.0-0-gd239552ce722-prebuilt.qemu.org)


iPXE (http://ipxe.org) 00:03.0 CA00 PCI2.10 PnP PMM+7FF91000+7FEF1000 CA00
Press Ctrl-B to configure iPXE (PCI 00:03.0)...                                                                               


Booting from ROM...
c[?7l[2J[    0.000000] Linux version 6.18.0-ebaeabfa5ab7+ (root@p-arls02) (gcc (GCC) 11.5.0 20240719 (Red Hat 11.5.0-14), GNU ld version 2.35.2-68.el9) #1 SMP PREEMPT_DYNAMIC Fri Dec  5 00:16:00 CST 2025
[    0.000000] Command line: console=ttyS0 root=/dev/sda earlyprintk=serial net.ifnames=0 plymouth.enable=0
[    0.000000] KERNEL supported cpus:
[    0.000000]   Intel GenuineIntel
[    0.000000]   AMD AuthenticAMD
[    0.000000]   Hygon HygonGenuine
[    0.000000]   Centaur CentaurHauls
[    0.000000]   zhaoxin   Shanghai  
[    0.000000] x86/CPU: Model not found in latest microcode list
[    0.000000] x86/split lock detection: #DB: warning on user-space bus_locks
[    0.000000] BIOS-provided physical RAM map:
[    0.000000] BIOS-e820: [mem 0x0000000000000000-0x000000000009fbff] usable
[    0.000000] BIOS-e820: [mem 0x000000000009fc00-0x000000000009ffff] reserved
[    0.000000] BIOS-e820: [mem 0x00000000000f0000-0x00000000000fffff] reserved
[    0.000000] BIOS-e820: [mem 0x0000000000100000-0x000000007ffdffff] usable
[    0.000000] BIOS-e820: [mem 0x000000007ffe0000-0x000000007fffffff] reserved
[    0.000000] BIOS-e820: [mem 0x00000000feffc000-0x00000000feffffff] reserved
[    0.000000] BIOS-e820: [mem 0x00000000fffc0000-0x00000000ffffffff] reserved
[    0.000000] printk: legacy bootconsole [earlyser0] enabled
[    0.000000] NX (Execute Disable) protection: active
[    0.000000] APIC: Static calls initialized
[    0.000000] SMBIOS 2.8 present.
[    0.000000] DMI: QEMU Standard PC (i440FX + PIIX, 1996), BIOS rel-1.16.0-0-gd239552ce722-prebuilt.qemu.org 04/01/2014
[    0.000000] DMI: Memory slots populated: 1/1
[    0.000000] Hypervisor detected: KVM
[    0.000000] last_pfn = 0x7ffe0 max_arch_pfn = 0x400000000
[    0.000000] kvm-clock: Using msrs 4b564d01 and 4b564d00
[    0.000003] kvm-clock: using sched offset of 1110456272 cycles
[    0.000438] clocksource: kvm-clock: mask: 0xffffffffffffffff max_cycles: 0x1cd42e4dffb, max_idle_ns: 881590591483 ns
[    0.001814] tsc: Detected 1267.200 MHz processor
[    0.008458] last_pfn = 0x7ffe0 max_arch_pfn = 0x400000000
[    0.008962] MTRR map: 4 entries (3 fixed + 1 variable; max 19), built from 8 variable MTRRs
[    0.009667] x86/PAT: Configuration [0-7]: WB  WC  UC- UC  WB  WP  UC- WT  
[    0.020008] found SMP MP-table at [mem 0x000f5ba0-0x000f5baf]
[    0.020529] Using GB pages for direct mapping
[    0.022747] ACPI: Early table checksum verification disabled
[    0.023209] ACPI: RSDP 0x00000000000F59C0 000014 (v00 BOCHS )
[    0.023698] ACPI: RSDT 0x000000007FFE1951 000034 (v01 BOCHS  BXPC     00000001 BXPC 00000001)
[    0.024422] ACPI: FACP 0x000000007FFE17FD 000074 (v01 BOCHS  BXPC     00000001 BXPC 00000001)
[    0.025150] ACPI: DSDT 0x000000007FFE0040 0017BD (v01 BOCHS  BXPC     00000001 BXPC 00000001)
[    0.025865] ACPI: FACS 0x000000007FFE0000 000040
[    0.026259] ACPI: APIC 0x000000007FFE1871 000080 (v01 BOCHS  BXPC     00000001 BXPC 00000001)
[    0.026975] ACPI: HPET 0x000000007FFE18F1 000038 (v01 BOCHS  BXPC     00000001 BXPC 00000001)
[    0.027688] ACPI: WAET 0x000000007FFE1929 000028 (v01 BOCHS  BXPC     00000001 BXPC 00000001)
[    0.028399] ACPI: Reserving FACP table memory at [mem 0x7ffe17fd-0x7ffe1870]
[    0.028991] ACPI: Reserving DSDT table memory at [mem 0x7ffe0040-0x7ffe17fc]
[    0.029574] ACPI: Reserving FACS table memory at [mem 0x7ffe0000-0x7ffe003f]
[    0.030163] ACPI: Reserving APIC table memory at [mem 0x7ffe1871-0x7ffe18f0]
[    0.030746] ACPI: Reserving HPET table memory at [mem 0x7ffe18f1-0x7ffe1928]
[    0.031316] ACPI: Reserving WAET table memory at [mem 0x7ffe1929-0x7ffe1950]
[    0.032380] No NUMA configuration found
[    0.032681] Faking a node at [mem 0x0000000000000000-0x000000007ffdffff]
[    0.033264] NODE_DATA(0) allocated [mem 0x7ffb4ec0-0x7ffdfcbf]
[    0.034184] Zone ranges:
[    0.034398]   DMA      [mem 0x0000000000001000-0x0000000000ffffff]
[    0.034913]   DMA32    [mem 0x0000000001000000-0x000000007ffdffff]
[    0.035427]   Normal   empty
[    0.035670]   Device   empty
[    0.035917] Movable zone start for each node
[    0.036281] Early memory node ranges
[    0.036576]   node   0: [mem 0x0000000000001000-0x000000000009efff]
[    0.037096]   node   0: [mem 0x0000000000100000-0x000000007ffdffff]
[    0.037617] Initmem setup node 0 [mem 0x0000000000001000-0x000000007ffdffff]
[    0.038923] On node 0, zone DMA: 1 pages in unavailable ranges
[    0.039721] On node 0, zone DMA: 97 pages in unavailable ranges
[    0.161096] On node 0, zone DMA32: 32 pages in unavailable ranges
[    0.553539] KernelAddressSanitizer initialized (generic)
[    0.554311] ACPI: PM-Timer IO Port: 0x608
[    0.554685] ACPI: LAPIC_NMI (acpi_id[0xff] dfl dfl lint[0x1])
[    0.555237] IOAPIC[0]: apic_id 0, version 17, address 0xfec00000, GSI 0-23
[    0.555829] ACPI: INT_SRC_OVR (bus 0 bus_irq 0 global_irq 2 dfl dfl)
[    0.556359] ACPI: INT_SRC_OVR (bus 0 bus_irq 5 global_irq 5 high level)
[    0.556910] ACPI: INT_SRC_OVR (bus 0 bus_irq 9 global_irq 9 high level)
[    0.557459] ACPI: INT_SRC_OVR (bus 0 bus_irq 10 global_irq 10 high level)
[    0.558027] ACPI: INT_SRC_OVR (bus 0 bus_irq 11 global_irq 11 high level)
[    0.558602] ACPI: Using ACPI (MADT) for SMP configuration information
[    0.559142] ACPI: HPET id: 0x8086a201 base: 0xfed00000
[    0.559578] TSC deadline timer available
[    0.559915] CPU topo: Max. logical packages:   1
[    0.560295] CPU topo: Max. logical dies:       1
[    0.560679] CPU topo: Max. dies per package:   1
[    0.561068] CPU topo: Max. threads per core:   1
[    0.561451] CPU topo: Num. cores per package:     2
[    0.561858] CPU topo: Num. threads per package:   2
[    0.562260] CPU topo: Allowing 2 present CPUs plus 0 hotplug CPUs
[    0.562829] kvm-guest: APIC: eoi() replaced with kvm_guest_apic_eoi_write()
[    0.563439] kvm-guest: KVM setup pv remote TLB flush
[    0.563853] kvm-guest: setup PV sched yield
[    0.564246] PM: hibernation: Registered nosave memory: [mem 0x00000000-0x00000fff]
[    0.564888] PM: hibernation: Registered nosave memory: [mem 0x0009f000-0x000fffff]
[    0.565511] [mem 0x80000000-0xfeffbfff] available for PCI devices
[    0.566040] Booting paravirtualized kernel on KVM
[    0.566438] clocksource: refined-jiffies: mask: 0xffffffff max_cycles: 0xffffffff, max_idle_ns: 7645519600211568 ns
[    0.567311] setup_percpu: NR_CPUS:8192 nr_cpumask_bits:2 nr_cpu_ids:2 nr_node_ids:1
[    0.570345] percpu: Embedded 80 pages/cpu s290816 r8192 d28672 u1048576
[    0.571111] kvm-guest: PV spinlocks enabled
[    0.571495] PV qspinlock hash table entries: 256 (order: 0, 4096 bytes, linear)
[    0.572141] Kernel command line: net.ifnames=0 console=ttyS0 root=/dev/sda earlyprintk=serial net.ifnames=0 plymouth.enable=0
[    0.573446] random: crng init done
[    0.573749] printk: log buffer data + meta data: 262144 + 917504 = 1179648 bytes
[    0.576648] Dentry cache hash table entries: 262144 (order: 9, 2097152 bytes, linear)
[    0.578668] Inode-cache hash table entries: 131072 (order: 8, 1048576 bytes, linear)
[    0.579725] Fallback order for Node 0: 0 
[    0.579737] Built 1 zonelists, mobility grouping on.  Total pages: 524158
[    0.580635] Policy zone: DMA32
[    0.580893] mem auto-init: stack:off, heap alloc:off, heap free:off
[    0.581419] stackdepot: allocating hash table via alloc_large_system_hash
[    0.581988] stackdepot hash table entries: 1048576 (order: 12, 16777216 bytes, linear)
[    0.600325] stackdepot: allocating space for 8192 stack pools via memblock
[    0.638020] SLUB: HWalign=64, Order=0-3, MinObjects=0, CPUs=2, Nodes=1
[    0.638604] kmemleak: Kernel memory leak detector disabled
[    0.677025] ftrace: allocating 74658 entries in 292 pages
[    0.677509] ftrace: allocated 292 pages with 3 groups
[    0.682296] Dynamic Preempt: voluntary
[    0.683121] Running RCU self tests
[    0.683397] Running RCU synchronous self tests
[    0.683768] rcu: Preemptible hierarchical RCU implementation.
[    0.684240] rcu: 	RCU lockdep checking is enabled.
[    0.684633] rcu: 	RCU restricting CPUs from NR_CPUS=8192 to nr_cpu_ids=2.
[    0.685195] 	Trampoline variant of Tasks RCU enabled.
[    0.685611] 	Rude variant of Tasks RCU enabled.
[    0.685987] 	Tracing variant of Tasks RCU enabled.
[    0.686380] rcu: RCU calculated value of scheduler-enlistment delay is 25 jiffies.
[    0.687004] rcu: Adjusting geometry for rcu_fanout_leaf=16, nr_cpu_ids=2
[    0.687643] Running RCU synchronous self tests
[    0.688019] RCU Tasks: Setting shift to 1 and lim to 1 rcu_task_cb_adjust=1 rcu_task_cpu_ids=2.
[    0.688734] RCU Tasks Rude: Setting shift to 1 and lim to 1 rcu_task_cb_adjust=1 rcu_task_cpu_ids=2.
[    0.689485] RCU Tasks Trace: Setting shift to 1 and lim to 1 rcu_task_cb_adjust=1 rcu_task_cpu_ids=2.
[    0.757969] NR_IRQS: 524544, nr_irqs: 440, preallocated irqs: 16
[    0.759061] rcu: srcu_init: Setting srcu_struct sizes based on contention.
[    0.766706] Console: colour VGA+ 80x25
[    0.767109] printk: legacy console [ttyS0] enabled
[    0.767109] printk: legacy console [ttyS0] enabled
[    0.767926] printk: legacy bootconsole [earlyser0] disabled
[    0.767926] printk: legacy bootconsole [earlyser0] disabled
[    0.768875] Lock dependency validator: Copyright (c) 2006 Red Hat, Inc., Ingo Molnar
[    0.769528] ... MAX_LOCKDEP_SUBCLASSES:  8
[    0.769883] ... MAX_LOCK_DEPTH:          48
[    0.770242] ... MAX_LOCKDEP_KEYS:        8192
[    0.770615] ... CLASSHASH_SIZE:          4096
[    0.770991] ... MAX_LOCKDEP_ENTRIES:     524288
[    0.771382] ... MAX_LOCKDEP_CHAINS:      524288
[    0.771773] ... CHAINHASH_SIZE:          262144
[    0.772160]  memory used by lock dependency info: 54145 kB
[    0.772624]  memory used for stack traces: 4224 kB
[    0.773036]  per task-struct memory footprint: 1920 bytes
[    0.773595] ACPI: Core revision 20250807
[    0.774327] clocksource: hpet: mask: 0xffffffff max_cycles: 0xffffffff, max_idle_ns: 19112604467 ns
[    0.775280] APIC: Switch to symmetric I/O mode setup
[    0.776003] x2apic enabled
[    0.776581] APIC: Switched APIC routing to: physical x2apic
[    0.777066] kvm-guest: APIC: send_IPI_mask() replaced with kvm_send_ipi_mask()
[    0.777684] kvm-guest: APIC: send_IPI_mask_allbutself() replaced with kvm_send_ipi_mask_allbutself()
[    0.778457] kvm-guest: setup PV IPIs
[    0.779798] ..TIMER: vector=0x30 apic1=0 pin1=2 apic2=-1 pin2=-1
[    0.780331] clocksource: tsc-early: mask: 0xffffffffffffffff max_cycles: 0x12441513526, max_idle_ns: 440795239872 ns
[    0.781235] Calibrating delay loop (skipped) preset value.. 2534.40 BogoMIPS (lpj=5068800)
[    0.782083] CPU0: Thermal monitoring enabled (TM1)
[    0.782507] x86/cpu: User Mode Instruction Prevention (UMIP) activated
[    0.783175] Last level iTLB entries: 4KB 0, 2MB 0, 4MB 0
[    0.785245] Last level dTLB entries: 4KB 0, 2MB 0, 4MB 0, 1GB 0
[    0.785764] mitigations: Enabled attack vectors: user_kernel, user_user, guest_host, guest_guest, SMT mitigations: auto
[    0.786689] Speculative Store Bypass: Mitigation: Speculative Store Bypass disabled via prctl
[    0.787407] Spectre V2 : Mitigation: Enhanced / Automatic IBRS
[    0.787902] ITS: Mitigation: Aligned branch/return thunks
[    0.788364] Spectre V1 : Mitigation: usercopy/swapgs barriers and __user pointer sanitization
[    0.789223] Spectre V2 : WARNING: Unprivileged eBPF is enabled with eIBRS on, data leaks possible via Spectre v2 BHB attacks!
[    0.790164] Spectre V2 : Spectre v2 / PBRSB-eIBRS: Retire a single CALL on VMEXIT
[    0.790777] Spectre V2 : mitigation: Enabling conditional Indirect Branch Prediction Barrier
[    0.791463] active return thunk: its_return_thunk
[    0.791863] Spectre V2 : Spectre BHI mitigation: SW BHB clearing on syscall and VM exit
[    0.792554] x86/fpu: Supporting XSAVE feature 0x001: 'x87 floating point registers'
[    0.793222] x86/fpu: Supporting XSAVE feature 0x002: 'SSE registers'
[    0.793765] x86/fpu: Supporting XSAVE feature 0x004: 'AVX registers'
[    0.794296] x86/fpu: Supporting XSAVE feature 0x200: 'Protection Keys User registers'
[    0.794954] x86/fpu: xstate_offset[2]:  576, xstate_sizes[2]:  256
[    0.795478] x86/fpu: xstate_offset[9]:  832, xstate_sizes[9]:    8
[    0.796000] x86/fpu: Enabled xstate features 0x207, context size is 840 bytes, using 'compacted' format.
[    0.930426] Freeing SMP alternatives memory: 64K
[    0.930876] pid_max: default: 32768 minimum: 301
[    0.931503] LSM: initializing lsm=capability,yama,ima,evm
[    0.932070] Yama: becoming mindful.
[    0.932770] Mount-cache hash table entries: 4096 (order: 3, 32768 bytes, linear)
[    0.933229] Mountpoint-cache hash table entries: 4096 (order: 3, 32768 bytes, linear)
[    0.935510] Running RCU synchronous self tests
[    0.935886] Running RCU synchronous self tests
[    0.936683] smpboot: CPU0: Genuine Intel(R) 0000 @ (family: 0x6, model: 0xc6, stepping: 0x0)
[    0.937218] Performance Events: unsupported CPU family 6 model 198 no PMU driver, software events only.
[    0.937218] signal: max sigframe size: 3632
[    0.937218] rcu: Hierarchical SRCU implementation.
[    0.937218] rcu: 	Max phase no-delay instances is 1000.
[    0.937402] Timer migration: 1 hierarchy levels; 8 children per group; 1 crossnode level
[    0.949667] NMI watchdog: Perf NMI watchdog permanently disabled
[    0.950444] smp: Bringing up secondary CPUs ...
[    0.951575] smpboot: x86: Booting SMP configuration:
[    0.952003] .... node  #0, CPUs:      #1
[    0.953347] smp: Brought up 1 node, 2 CPUs
[    0.954120] smpboot: Total of 2 processors activated (5068.80 BogoMIPS)
[    0.955341] Memory: 1541060K/2096632K available (79957K kernel code, 15397K rwdata, 18472K rodata, 16252K init, 68380K bss, 544140K reserved, 0K cma-reserved)
[    0.957627] devtmpfs: initialized
[    0.959010] x86/mm: Memory block size: 128MB
[    0.974187] Running RCU synchronous self tests
[    0.974187] Running RCU synchronous self tests
[    0.974187] Running RCU Tasks wait API self tests
[    0.977255] Running RCU Tasks Rude wait API self tests
[    0.977661] Running RCU Tasks Trace wait API self tests
[    0.997291] clocksource: jiffies: mask: 0xffffffff max_cycles: 0xffffffff, max_idle_ns: 7645041785100000 ns
[    1.001296] posixtimers hash table entries: 1024 (order: 5, 73728 bytes, linear)
[    1.002028] futex hash table entries: 512 (65536 bytes on 1 NUMA nodes, total 64 KiB, linear).
[    1.003243] pinctrl core: initialized pinctrl subsystem
[    1.004987] 
[    1.005130] *************************************************************
[    1.005227] **     NOTICE NOTICE NOTICE NOTICE NOTICE NOTICE NOTICE    **
[    1.005776] **                                                         **
[    1.006323] **  IOMMU DebugFS SUPPORT HAS BEEN ENABLED IN THIS KERNEL  **
[    1.006875] **                                                         **
[    1.007424] ** This means that this kernel is built to expose internal **
[    1.007972] ** IOMMU data structures, which may compromise security on **
[    1.008524] ** your system.                                            **
[    1.009082] **                                                         **
[    1.009228] ** If you see this message and you are not debugging the   **
[    1.009782] ** kernel, report this immediately to your vendor!         **
[    1.010339] **                                                         **
[    1.010882] **     NOTICE NOTICE NOTICE NOTICE NOTICE NOTICE NOTICE    **
[    1.011438] *************************************************************
[    1.012099] PM: RTC time: 16:18:58, date: 2025-12-04
[    1.020554] NET: Registered PF_NETLINK/PF_ROUTE protocol family
[    1.022619] DMA: preallocated 256 KiB GFP_KERNEL pool for atomic allocations
[    1.023213] DMA: preallocated 256 KiB GFP_KERNEL|GFP_DMA pool for atomic allocations
[    1.023858] DMA: preallocated 256 KiB GFP_KERNEL|GFP_DMA32 pool for atomic allocations
[    1.024592] audit: initializing netlink subsys (disabled)
[    1.025272] audit: type=2000 audit(1764865138.265:1): state=initialized audit_enabled=0 res=1
[    1.026414] thermal_sys: Registered thermal governor 'fair_share'
[    1.026427] thermal_sys: Registered thermal governor 'bang_bang'
[    1.027601] thermal_sys: Registered thermal governor 'step_wise'
[    1.028739] thermal_sys: Registered thermal governor 'user_space'
[    1.029260] Callback from call_rcu_tasks_trace() invoked.
[    1.033252] cpuidle: using governor ladder
[    1.033736] cpuidle: using governor menu
[    1.034064] acpiphp: ACPI Hot Plug PCI Controller Driver version: 0.5
[    1.037444] PCI: Using configuration type 1 for base access
[    1.038287] kprobes: kprobe jump-optimization is enabled. All kprobes are optimized if possible.
[    1.132420] HugeTLB: registered 1.00 GiB page size, pre-allocated 0 pages
[    1.133063] HugeTLB: 16380 KiB vmemmap can be freed for a 1.00 GiB page
[    1.133230] HugeTLB: registered 2.00 MiB page size, pre-allocated 0 pages
[    1.133799] HugeTLB: 28 KiB vmemmap can be freed for a 2.00 MiB page
[    1.179303] ACPI: Added _OSI(Module Device)
[    1.179724] ACPI: Added _OSI(Processor Device)
[    1.180107] ACPI: Added _OSI(Processor Aggregator Device)
[    1.195987] ACPI: 1 ACPI AML tables successfully acquired and loaded
[    1.202846] ACPI: Interpreter enabled
[    1.203345] ACPI: PM: (supports S0 S3 S4 S5)
[    1.203715] ACPI: Using IOAPIC for interrupt routing
[    1.204297] PCI: Using host bridge windows from ACPI; if necessary, use "pci=nocrs" and report a bug
[    1.205082] PCI: Using E820 reservations for host bridge windows
[    1.206481] ACPI: Enabled 2 GPEs in block 00 to 0F
[    1.247118] ACPI: PCI Root Bridge [PCI0] (domain 0000 [bus 00-ff])
[    1.247734] acpi PNP0A03:00: _OSC: OS supports [ASPM ClockPM Segments MSI EDR HPX-Type3]
[    1.248434] acpi PNP0A03:00: _OSC: not requesting OS control; OS requires [ExtendedConfig ASPM ClockPM MSI]
[    1.249522] acpi PNP0A03:00: fail to add MMCONFIG information, can't access extended configuration space under this bridge
[    1.255335] acpiphp: Slot [3] registered
[    1.255830] acpiphp: Slot [4] registered
[    1.256319] acpiphp: Slot [5] registered
[    1.256826] acpiphp: Slot [6] registered
[    1.257369] acpiphp: Slot [7] registered
[    1.257860] acpiphp: Slot [8] registered
[    1.258350] acpiphp: Slot [9] registered
[    1.258874] acpiphp: Slot [10] registered
[    1.259390] acpiphp: Slot [11] registered
[    1.259901] acpiphp: Slot [12] registered
[    1.260400] acpiphp: Slot [13] registered
[    1.260917] acpiphp: Slot [14] registered
[    1.261363] acpiphp: Slot [15] registered
[    1.261865] acpiphp: Slot [16] registered
[    1.262370] acpiphp: Slot [17] registered
[    1.262885] acpiphp: Slot [18] registered
[    1.263375] acpiphp: Slot [19] registered
[    1.263867] acpiphp: Slot [20] registered
[    1.264362] acpiphp: Slot [21] registered
[    1.264879] acpiphp: Slot [22] registered
[    1.265372] acpiphp: Slot [23] registered
[    1.265858] acpiphp: Slot [24] registered
[    1.266354] acpiphp: Slot [25] registered
[    1.266866] acpiphp: Slot [26] registered
[    1.267359] acpiphp: Slot [27] registered
[    1.267843] acpiphp: Slot [28] registered
[    1.268337] acpiphp: Slot [29] registered
[    1.268851] acpiphp: Slot [30] registered
[    1.269350] acpiphp: Slot [31] registered
[    1.269794] PCI host bridge to bus 0000:00
[    1.270233] pci_bus 0000:00: root bus resource [io  0x0000-0x0cf7 window]
[    1.270829] pci_bus 0000:00: root bus resource [io  0x0d00-0xffff window]
[    1.271423] pci_bus 0000:00: root bus resource [mem 0x000a0000-0x000bffff window]
[    1.272071] pci_bus 0000:00: root bus resource [mem 0x80000000-0xfebfffff window]
[    1.272722] pci_bus 0000:00: root bus resource [mem 0x100000000-0x17fffffff window]
[    1.273242] pci_bus 0000:00: root bus resource [bus 00-ff]
[    1.273848] pci 0000:00:00.0: [8086:1237] type 00 class 0x060000 conventional PCI endpoint
[    1.283836] pci 0000:00:01.0: [8086:7000] type 00 class 0x060100 conventional PCI endpoint
[    1.286006] pci 0000:00:01.1: [8086:7010] type 00 class 0x010180 conventional PCI endpoint
[    1.287306] pci 0000:00:01.1: BAR 4 [io  0xc040-0xc04f]
[    1.287795] pci 0000:00:01.1: BAR 0 [io  0x01f0-0x01f7]: legacy IDE quirk
[    1.288383] pci 0000:00:01.1: BAR 1 [io  0x03f6]: legacy IDE quirk
[    1.288917] pci 0000:00:01.1: BAR 2 [io  0x0170-0x0177]: legacy IDE quirk
[    1.289271] pci 0000:00:01.1: BAR 3 [io  0x0376]: legacy IDE quirk
[    1.290356] pci 0000:00:01.3: [8086:7113] type 00 class 0x068000 conventional PCI endpoint
[    1.291367] pci 0000:00:01.3: quirk: [io  0x0600-0x063f] claimed by PIIX4 ACPI
[    1.292003] pci 0000:00:01.3: quirk: [io  0x0700-0x070f] claimed by PIIX4 SMB
[    1.293202] pci 0000:00:02.0: [1234:1111] type 00 class 0x030000 conventional PCI endpoint
[    1.297927] pci 0000:00:02.0: BAR 0 [mem 0xfd000000-0xfdffffff pref]
[    1.298637] pci 0000:00:02.0: BAR 2 [mem 0xfebf0000-0xfebf0fff]
[    1.299169] pci 0000:00:02.0: ROM [mem 0xfebe0000-0xfebeffff pref]
[    1.300149] pci 0000:00:02.0: Video device with shadowed ROM at [mem 0x000c0000-0x000dffff]
[    1.311487] pci 0000:00:03.0: [8086:100e] type 00 class 0x020000 conventional PCI endpoint
[    1.313196] pci 0000:00:03.0: BAR 0 [mem 0xfebc0000-0xfebdffff]
[    1.313237] pci 0000:00:03.0: BAR 1 [io  0xc000-0xc03f]
[    1.313720] pci 0000:00:03.0: ROM [mem 0xfeb80000-0xfebbffff pref]
[    1.336824] ACPI: PCI: Interrupt link LNKA configured for IRQ 10
[    1.338283] ACPI: PCI: Interrupt link LNKB configured for IRQ 10
[    1.339712] ACPI: PCI: Interrupt link LNKC configured for IRQ 11
[    1.341176] ACPI: PCI: Interrupt link LNKD configured for IRQ 11
[    1.341618] ACPI: PCI: Interrupt link LNKS configured for IRQ 9
[    1.346476] iommu: Default domain type: Translated
[    1.346918] iommu: DMA domain TLB invalidation policy: lazy mode
[    1.351696] SCSI subsystem initialized
[    1.352830] ACPI: bus type USB registered
[    1.353565] usbcore: registered new interface driver usbfs
[    1.354190] usbcore: registered new interface driver hub
[    1.354740] usbcore: registered new device driver usb
[    1.355694] pps_core: LinuxPPS API ver. 1 registered
[    1.356125] pps_core: Software ver. 5.3.6 - Copyright 2005-2007 Rodolfo Giometti <giometti@linux.it>
[    1.356958] PTP clock support registered
[    1.357864] EDAC MC: Ver: 3.0.0
[    1.363424] NetLabel: Initializing
[    1.363762] NetLabel:  domain hash size = 128
[    1.364131] NetLabel:  protocols = UNLABELED CIPSOv4 CALIPSO
[    1.364832] NetLabel:  unlabeled traffic allowed by default
[    1.366111] PCI: Using ACPI for IRQ routing
[    1.367046] pci 0000:00:02.0: vgaarb: setting as boot VGA device
[    1.367590] pci 0000:00:02.0: vgaarb: bridge control possible
[    1.368101] pci 0000:00:02.0: vgaarb: VGA device added: decodes=io+mem,owns=io+mem,locks=none
[    1.368844] vgaarb: loaded
[    1.370072] hpet0: at MMIO 0xfed00000, IRQs 2, 8, 0
[    1.370507] hpet0: 3 comparators, 64-bit 100.000000 MHz counter
[    1.374518] clocksource: Switched to clocksource kvm-clock
[    1.377002] VFS: Disk quotas dquot_6.6.0
[    1.381745] VFS: Dquot-cache hash table entries: 512 (order 0, 4096 bytes)
[    1.384211] pnp: PnP ACPI init
[    1.388961] pnp: PnP ACPI: found 6 devices
[    1.410839] clocksource: acpi_pm: mask: 0xffffff max_cycles: 0xffffff, max_idle_ns: 2085701024 ns
[    1.412202] NET: Registered PF_INET protocol family
[    1.413057] IP idents hash table entries: 32768 (order: 6, 262144 bytes, linear)
[    1.415561] tcp_listen_portaddr_hash hash table entries: 1024 (order: 5, 73728 bytes, linear)
[    1.416900] Table-perturb hash table entries: 65536 (order: 6, 262144 bytes, linear)
[    1.417669] TCP established hash table entries: 16384 (order: 5, 131072 bytes, linear)
[    1.419153] TCP bind hash table entries: 16384 (order: 10, 2359296 bytes, linear)
[    1.422497] TCP: Hash tables configured (established 16384 bind 16384)
[    1.423309] UDP hash table entries: 1024 (order: 6, 262144 bytes, linear)
[    1.424135] UDP-Lite hash table entries: 1024 (order: 6, 262144 bytes, linear)
[    1.425373] NET: Registered PF_UNIX/PF_LOCAL protocol family
[    1.427006] RPC: Registered named UNIX socket transport module.
[    1.427533] RPC: Registered udp transport module.
[    1.427946] RPC: Registered tcp transport module.
[    1.428356] RPC: Registered tcp-with-tls transport module.
[    1.428831] RPC: Registered tcp NFSv4.1 backchannel transport module.
[    1.429450] pci_bus 0000:00: resource 4 [io  0x0000-0x0cf7 window]
[    1.430028] pci_bus 0000:00: resource 5 [io  0x0d00-0xffff window]
[    1.430576] pci_bus 0000:00: resource 6 [mem 0x000a0000-0x000bffff window]
[    1.431182] pci_bus 0000:00: resource 7 [mem 0x80000000-0xfebfffff window]
[    1.431787] pci_bus 0000:00: resource 8 [mem 0x100000000-0x17fffffff window]
[    1.432862] pci 0000:00:01.0: PIIX3: Enabling Passive Release
[    1.433381] pci 0000:00:00.0: Limiting direct PCI/PCI transfers
[    1.434023] PCI: CLS 0 bytes, default 64
[    1.434574] ACPI: bus type thunderbolt registered
[    1.435585] clocksource: tsc: mask: 0xffffffffffffffff max_cycles: 0x12441513526, max_idle_ns: 440795239872 ns
[    3.604311] Initialise system trusted keyrings
[    3.604898] Key type blacklist registered
[    3.606169] workingset: timestamp_bits=36 max_order=19 bucket_order=0
[    3.609251] squashfs: version 4.0 (2009/01/31) Phillip Lougher
[    3.612928] NFS: Registering the id_resolver key type
[    3.613441] Key type id_resolver registered
[    3.613832] Key type id_legacy registered
[    3.614234] nfs4filelayout_init: NFSv4 File Layout Driver Registering...
[    3.614848] nfs4flexfilelayout_init: NFSv4 Flexfile Layout Driver Registering...
[    3.616229] fuse: init (API version 7.45)
[    3.617563] SGI XFS with ACLs, security attributes, realtime, quota, no debug enabled
[    3.620601] 9p: Installing v9fs 9p2000 file system support
[    3.635241] Key type asymmetric registered
[    3.635648] Asymmetric key parser 'x509' registered
[    3.636315] Block layer SCSI generic (bsg) driver version 0.4 loaded (major 241)
[    3.637825] io scheduler mq-deadline registered
[    3.638917] io scheduler bfq registered
[    3.641209] ledtrig-cpu: registered to indicate activity on CPUs
[    3.645606] IPMI message handler: version 39.2
[    3.646656] ipmi device interface
[    3.650249] input: Power Button as /devices/LNXSYSTM:00/LNXPWRBN:00/input/input0
[    3.651834] ACPI: button: Power Button [PWRF]
[    3.654930] ERST DBG: ERST support is disabled.
[    3.657236] Serial: 8250/16550 driver, 32 ports, IRQ sharing enabled
[    3.659101] 00:04: ttyS0 at I/O 0x3f8 (irq = 4, base_baud = 115200) is a 16550A
[    3.701568] Linux agpgart interface v0.103
[    3.706919] ACPI: bus type drm_connector registered
[    3.742077] brd: module loaded
[    3.753829] Callback from call_rcu_tasks() invoked.
[    3.760939] loop: module loaded
[    3.775907] scsi host0: ata_piix
[    3.778271] scsi host1: ata_piix
[    3.779039] ata1: PATA max MWDMA2 cmd 0x1f0 ctl 0x3f6 bmdma 0xc040 irq 14 lpm-pol 0
[    3.779669] ata2: PATA max MWDMA2 cmd 0x170 ctl 0x376 bmdma 0xc048 irq 15 lpm-pol 0
[    3.783718] tun: Universal TUN/TAP device driver, 1.6
[    3.784908] e100: Intel(R) PRO/100 Network Driver
[    3.785384] e100: Copyright(c) 1999-2006 Intel Corporation
[    3.785998] e1000: Intel(R) PRO/1000 Network Driver
[    3.786405] e1000: Copyright (c) 1999-2006 Intel Corporation.
[    3.933996] ata1: found unknown device (class 0)
[    3.935134] ata1.00: ATA-7: QEMU HARDDISK, 2.5+, max UDMA/100
[    3.935612] ata1.00: 17196647 sectors, multi 16: LBA48 
[    3.937456] scsi 0:0:0:0: Direct-Access     ATA      QEMU HARDDISK    2.5+ PQ: 0 ANSI: 5
[    3.937748] ata2: found unknown device (class 0)
[    3.939007] ata2.00: ATAPI: QEMU DVD-ROM, 2.5+, max UDMA/100
[    3.940177] sd 0:0:0:0: Attached scsi generic sg0 type 0
[    3.940780] sd 0:0:0:0: [sda] 17196647 512-byte logical blocks: (8.80 GB/8.20 GiB)
[    3.941866] scsi 1:0:0:0: CD-ROM            QEMU     QEMU DVD-ROM     2.5+ PQ: 0 ANSI: 5
[    3.945644] sd 0:0:0:0: [sda] Write Protect is off
[    3.946193] sd 0:0:0:0: [sda] Write cache: enabled, read cache: enabled, doesn't support DPO or FUA
[    3.947016] sd 0:0:0:0: [sda] Preferred minimum I/O size 512 bytes
[    3.968561] scsi 1:0:0:0: Attached scsi generic sg1 type 5
[    3.970643] sd 0:0:0:0: [sda] Attached SCSI disk
[    4.525064] ACPI: \_SB_.LNKC: Enabled at IRQ 11
[    4.841913] e1000 0000:00:03.0 eth0: (PCI:33MHz:32-bit) 52:54:00:12:34:56
[    4.842563] e1000 0000:00:03.0 eth0: Intel(R) PRO/1000 Network Connection
[    4.843363] e1000e: Intel(R) PRO/1000 Network Driver
[    4.843797] e1000e: Copyright(c) 1999 - 2015 Intel Corporation.
[    4.844473] igb: Intel(R) Gigabit Ethernet Network Driver
[    4.844942] igb: Copyright (c) 2007-2014 Intel Corporation.
[    4.845883] PPP generic driver version 2.4.2
[    4.847857] VFIO - User Level meta-driver version: 0.3
[    4.851314] usbcore: registered new interface driver uas
[    4.851919] usbcore: registered new interface driver usb-storage
[    4.852830] i8042: PNP: PS/2 Controller [PNP0303:KBD,PNP0f13:MOU] at 0x60,0x64 irq 1,12
[    4.854545] serio: i8042 KBD port at 0x60,0x64 irq 1
[    4.855071] serio: i8042 AUX port at 0x60,0x64 irq 12
[    4.857315] mousedev: PS/2 mouse device common for all mice
[    4.860094] input: AT Translated Set 2 keyboard as /devices/platform/i8042/serio0/input/input1
[    4.862526] input: VirtualPS/2 VMware VMMouse as /devices/platform/i8042/serio1/input/input4
[    4.863614] rtc_cmos 00:05: RTC can wake from S4
[    4.866011] rtc_cmos 00:05: registered as rtc0
[    4.866493] rtc_cmos 00:05: setting system clock to 2025-12-04T16:19:02 UTC (1764865142)
[    4.867549] rtc_cmos 00:05: alarms up to one day, y3k, 242 bytes nvram, hpet irqs
[    4.868315] i2c_dev: i2c /dev entries driver
[    4.869272] device-mapper: core: CONFIG_IMA_DISABLE_HTABLE is disabled. Duplicate IMA measurements will not be recorded in the IMA log.
[    4.869861] input: VirtualPS/2 VMware VMMouse as /devices/platform/i8042/serio1/input/input3
[    4.871742] device-mapper: uevent: version 1.0.3
[    4.874054] device-mapper: ioctl: 4.50.0-ioctl (2025-04-28) initialised: dm-devel@lists.linux.dev
[    4.875829] intel_pstate: CPU model not supported
[    4.877319] sdhci: Secure Digital Host Controller Interface driver
[    4.878557] sdhci: Copyright(c) Pierre Ossman
[    4.879844] sdhci-pltfm: SDHCI platform and OF driver helper
[    4.882376] drop_monitor: Initializing network drop monitor service
[    4.884434] NET: Registered PF_INET6 protocol family
[    4.888614] Segment Routing with IPv6
[    4.889058] In-situ OAM (IOAM) with IPv6
[    4.889503] NET: Registered PF_PACKET protocol family
[    4.891363] 9pnet: Installing 9P2000 support
[    4.892485] Key type dns_resolver registered
[    4.896634] IPI shorthand broadcast: enabled
[    4.958713] sched_clock: Marking stable (4940006742, 17577304)->(4992574993, -34990947)
[    4.960937] registered taskstats version 1
[    4.962115] Loading compiled-in X.509 certificates
[    5.044431] Demotion targets for Node 0: null
[    5.047106] Key type .fscrypt registered
[    5.047874] Key type fscrypt-provisioning registered
[    5.053888] Key type encrypted registered
[    5.054341] ima: No TPM chip found, activating TPM-bypass!
[    5.054853] ima: Allocated hash algorithm: sha1
[    5.055332] ima: No architecture policies found
[    5.055935] evm: Initialising EVM extended attributes:
[    5.056386] evm: security.selinux
[    5.056683] evm: security.SMACK64
[    5.056983] evm: security.SMACK64EXEC
[    5.057311] evm: security.SMACK64TRANSMUTE
[    5.057698] evm: security.SMACK64MMAP
[    5.058031] evm: security.apparmor
[    5.058338] evm: security.ima
[    5.058609] evm: security.capability
[    5.058934] evm: HMAC attrs: 0x1
[    5.062710] PM:   Magic number: 5:306:337
[    5.063228] tty tty58: hash matches
[    5.065104] RAS: Correctable Errors collector initialized.
[    5.066859] clk: Disabling unused clocks
[    5.067686] PM: genpd: Disabling unused power domains
[    5.069802] check access for rdinit=/init failed: -2, ignoring
[    5.070185] md: Waiting for all devices to be available before autodetect
[    5.070572] md: If you don't use raid, use raid=noautodetect
[    5.070944] md: Autodetecting RAID arrays.
[    5.071211] md: autorun ...
[    5.071392] md: ... autorun DONE.
[    5.087629] EXT4-fs (sda): mounted filesystem 088740a9-c8b4-422c-999d-a804eb68a4da ro with ordered data mode. Quota mode: none.
[    5.088525] VFS: Mounted root (ext4 filesystem) readonly on device 8:0.
[    5.092927] devtmpfs: mounted
[    5.114287] Freeing unused decrypted memory: 2036K
[    5.125938] Freeing unused kernel image (initmem) memory: 16252K
[    5.126469] Write protecting the kernel read-only data: 102400k
[    5.131147] Freeing unused kernel image (text/rodata gap) memory: 1960K
[    5.134121] Freeing unused kernel image (rodata/data gap) memory: 2008K
[    5.206312] x86/mm: Checked W+X mappings: passed, no W+X pages found.
[    5.206746] Run /sbin/init as init process
[    5.447502] systemd[1]: systemd 252-15.el9 running in system mode (+PAM +AUDIT +SELINUX -APPARMOR +IMA +SMACK +SECCOMP +GCRYPT +GNUTLS +OPENSSL +ACL +BLKID +CURL +ELFUTILS -FIDO2 +IDN2 -IDN -IPTC +KMOD +LIBCRYPTSETUP +LIBFDISK +PCRE2 -PWQUALITY +P11KIT -QRENCODE +TPM2 +BZIP2 +LZ4 +XZ +ZLIB +ZSTD -BPF_FRAMEWORK +XKBCOMMON +UTMP +SYSVINIT default-hierarchy=unified)
[    5.449103] systemd[1]: Detected virtualization kvm.
[    5.449374] systemd[1]: Detected architecture x86-64.

Welcome to [0;31mCentOS Stream 9[0m!

[    5.457124] systemd[1]: Hostname set to <test>.
[    5.654983] systemd-rc-local-generator[119]: /etc/rc.d/rc.local is not marked executable, skipping.
[    6.096745] systemd[1]: Queued start job for default target Multi-User System.
[    6.112551] systemd[1]: Created slice Virtual Machine and Container Slice.
[[0;32m  OK  [0m] Created slice [0;1;39mVirtual Machine and Container Slice[0m.
[    6.117441] systemd[1]: Created slice Slice /system/getty.
[[0;32m  OK  [0m] Created slice [0;1;39mSlice /system/getty[0m.
[    6.119965] systemd[1]: Created slice Slice /system/modprobe.
[[0;32m  OK  [0m] Created slice [0;1;39mSlice /system/modprobe[0m.
[    6.122604] systemd[1]: Created slice Slice /system/serial-getty.
[[0;32m  OK  [0m] Created slice [0;1;39mSlice /system/serial-getty[0m.
[    6.125041] systemd[1]: Created slice Slice /system/sshd-keygen.
[[0;32m  OK  [0m] Created slice [0;1;39mSlice /system/sshd-keygen[0m.
[    6.127462] systemd[1]: Created slice User and Session Slice.
[[0;32m  OK  [0m] Created slice [0;1;39mUser and Session Slice[0m.
[    6.128633] systemd[1]: Started Forward Password Requests to Wall Directory Watch.
[[0;32m  OK  [0m] Started [0;1;39mForward Password R…uests to Wall Directory Watch[0m.
[    6.130682] systemd[1]: Set up automount Arbitrary Executable File Formats File System Automount Point.
[[0;32m  OK  [0m] Set up automount [0;1;39mArbitrary…s File System Automount Point[0m.
[    6.131908] systemd[1]: Reached target Local Integrity Protected Volumes.
[[0;32m  OK  [0m] Reached target [0;1;39mLocal Integrity Protected Volumes[0m.
[    6.132881] systemd[1]: Reached target Slice Units.
[[0;32m  OK  [0m] Reached target [0;1;39mSlice Units[0m.
[    6.133707] systemd[1]: Reached target Swaps.
[[0;32m  OK  [0m] Reached target [0;1;39mSwaps[0m.
[    6.134420] systemd[1]: Reached target Local Verity Protected Volumes.
[[0;32m  OK  [0m] Reached target [0;1;39mLocal Verity Protected Volumes[0m.
[    6.135644] systemd[1]: Listening on Device-mapper event daemon FIFOs.
[[0;32m  OK  [0m] Listening on [0;1;39mDevice-mapper event daemon FIFOs[0m.
[    6.137159] systemd[1]: Listening on LVM2 poll daemon socket.
[[0;32m  OK  [0m] Listening on [0;1;39mLVM2 poll daemon socket[0m.
[    6.138200] systemd[1]: multipathd control socket was skipped because of an unmet condition check (ConditionPathExists=/etc/multipath.conf).
[    6.199785] systemd[1]: Listening on RPCbind Server Activation Socket.
[[0;32m  OK  [0m] Listening on [0;1;39mRPCbind Server Activation Socket[0m.
[    6.201038] systemd[1]: Reached target RPC Port Mapper.
[[0;32m  OK  [0m] Reached target [0;1;39mRPC Port Mapper[0m.
[    6.205144] systemd[1]: Listening on Process Core Dump Socket.
[[0;32m  OK  [0m] Listening on [0;1;39mProcess Core Dump Socket[0m.
[    6.206440] systemd[1]: Listening on initctl Compatibility Named Pipe.
[[0;32m  OK  [0m] Listening on [0;1;39minitctl Compatibility Named Pipe[0m.
[    6.207941] systemd[1]: Listening on Journal Socket (/dev/log).
[[0;32m  OK  [0m] Listening on [0;1;39mJournal Socket (/dev/log)[0m.
[    6.209308] systemd[1]: Listening on Journal Socket.
[[0;32m  OK  [0m] Listening on [0;1;39mJournal Socket[0m.
[    6.211466] systemd[1]: Listening on udev Control Socket.
[[0;32m  OK  [0m] Listening on [0;1;39mudev Control Socket[0m.
[    6.212696] systemd[1]: Listening on udev Kernel Socket.
[[0;32m  OK  [0m] Listening on [0;1;39mudev Kernel Socket[0m.
[    6.218788] systemd[1]: Mounting Huge Pages File System...
         Mounting [0;1;39mHuge Pages File System[0m...
[    6.223880] systemd[1]: Mounting POSIX Message Queue File System...
         Mounting [0;1;39mPOSIX Message Queue File System[0m...
[    6.229948] systemd[1]: Mounting Kernel Debug File System...
         Mounting [0;1;39mKernel Debug File System[0m...
[    6.239806] systemd[1]: Mounting Kernel Trace File System...
         Mounting [0;1;39mKernel Trace File System[0m...
[    6.243951] systemd[1]: Kernel Module supporting RPCSEC_GSS was skipped because of an unmet condition check (ConditionPathExists=/etc/krb5.keytab).
[    6.244679] systemd[1]: Create List of Static Device Nodes was skipped because of an unmet condition check (ConditionFileNotEmpty=/lib/modules/6.18.0-ebaeabfa5ab7+/modules.devname).
[    6.251457] systemd[1]: Starting Monitoring of LVM2 mirrors, snapshots etc. using dmeventd or progress polling...
         Starting [0;1;39mMonitoring of LVM…meventd or progress polling[0m...
[    6.262612] systemd[1]: Starting Load Kernel Module configfs...
         Starting [0;1;39mLoad Kernel Module configfs[0m...
[    6.271919] systemd[1]: Starting Load Kernel Module drm...
         Starting [0;1;39mLoad Kernel Module drm[0m...
[    6.327804] systemd[1]: Starting Load Kernel Module fuse...
         Starting [0;1;39mLoad Kernel Module fuse[0m...
[    6.335794] systemd[1]: Starting Read and set NIS domainname from /etc/sysconfig/network...
         Starting [0;1;39mRead and set NIS …from /etc/sysconfig/network[0m...
[    6.353911] systemd[1]: Starting Journal Service...
         Starting [0;1;39mJournal Service[0m...
[    6.366030] systemd[1]: Starting Load Kernel Modules...
         Starting [0;1;39mLoad Kernel Modules[0m...
[    6.379444] systemd[1]: Starting Generate network units from Kernel command line...
         Starting [0;1;39mGenerate network …ts from Kernel command line[0m...
[    6.395210] systemd[1]: Starting Remount Root and Kernel File Systems...
         Starting [0;1;39mRemount Root and Kernel File Systems[0m...
[    6.398349] systemd[1]: Repartition Root Disk was skipped because no trigger condition checks were met.
[    6.416419] systemd[1]: Starting Coldplug All udev Devices...
         Starting [0;1;39mColdplug All udev Devices[0m...
[    6.430614] systemd[1]: Mounted Huge Pages File System.
[[0;32m  OK  [0m] Mounted [0;1;39mHuge Pages File System[0m.
[    6.432091] systemd[1]: Mounted POSIX Message Queue File System.
[[0;32m  OK  [0m] Mounted [0;1;39mPOSIX Message Queue File System[0m.
[    6.433435] systemd[1]: Mounted Kernel Debug File System.
[[0;32m  OK  [0m] Mounted [0;1;39mKernel Debug File System[0m.
[    6.434694] systemd[1]: Mounted Kernel Trace File System.
[[0;32m  OK  [0m] Mounted [0;1;39mKernel Trace File System[0m.
[    6.437085] systemd[1]: Finished Monitoring of LVM2 mirrors, snapshots etc. using dmeventd or progress polling.
[[0;32m  OK  [0m] Finished [0;1;39mMonitoring of LVM… dmeventd or progress polling[0m.
[    6.440225] systemd[1]: modprobe@configfs.service: Deactivated successfully.
[    6.441567] systemd[1]: Finished Load Kernel Module configfs.
[[0;32m  OK  [0m] Finished [0;1;39mLoad Kernel Module configfs[0m.
[    6.443796] systemd[1]: modprobe@drm.service: Deactivated successfully.
[    6.447155] systemd[1]: Finished Load Kernel Module drm.
[[0;32m  OK  [0m] Finished [0;1;39mLoad Kernel Module drm[0m.
[    6.449412] systemd[1]: modprobe@fuse.service: Deactivated successfully.
[    6.455030] systemd[1]: Finished Load Kernel Module fuse.
[[0;32m  OK  [0m] Finished [0;1;39mLoad Kernel Module fuse[0m.
[    6.457293] systemd[1]: Finished Read and set NIS domainname from /etc/sysconfig/network.
[[0;32m  OK  [0m] Finished [0;1;39mRead and set NIS …e from /etc/sysconfig/network[0m.
[    6.460197] systemd[1]: systemd-modules-load.service: Main process exited, code=exited, status=1/FAILURE
[    6.461431] systemd[1]: systemd-modules-load.service: Failed with result 'exit-code'.
[    6.463134] systemd[1]: Failed to start Load Kernel Modules.
[[0;1;31mFAILED[0m] Failed to start [0;1;39mLoad Kernel Modules[0m.
See 'systemctl status systemd-modules-load.service' for details.
[    6.468260] systemd[1]: Finished Generate network units from Kernel command line.
[[0;32m  OK  [0m] Finished [0;1;39mGenerate network units from Kernel command line[0m.
[    6.470925] systemd[1]: Reached target Preparation for Network.
[[0;32m  OK  [0m] Reached target [0;1;39mPreparation for Network[0m.
[    6.494077] systemd[1]: Mounting FUSE Control File System...
         Mounting [0;1;39mFUSE Control File System[0m...
[    6.513640] EXT4-fs (sda): re-mounted 088740a9-c8b4-422c-999d-a804eb68a4da r/w.
[    6.516744] systemd[1]: Mounting Kernel Configuration File System...
         Mounting [0;1;39mKernel Configuration File System[0m...
[    6.553464] systemd[1]: Starting Apply Kernel Variables...
         Starting [0;1;39mApply Kernel Variables[0m...
[    6.559787] systemd[1]: Started Journal Service.
[[0;32m  OK  [0m] Started [0;1;39mJournal Service[0m.
[[0;32m  OK  [0m] Finished [0;1;39mRemount Root and Kernel File Systems[0m.
[[0;32m  OK  [0m] Mounted [0;1;39mFUSE Control File System[0m.
[[0;32m  OK  [0m] Mounted [0;1;39mKernel Configuration File System[0m.
         Starting [0;1;39mFlush Journal to Persistent Storage[0m...
         Starting [0;1;39mLoad/Save Random Seed[0m...
         Starting [0;1;39mCreate Static Device Nodes in /dev[0m...
         Starting [0;1;39mSetup Virtual Console[0m...
[    6.642934] systemd-journald[141]: Received client request to flush runtime journal.
[[0;32m  OK  [0m] Finished [0;1;39mApply Kernel Variables[0m.
[[0;32m  OK  [0m] Finished [0;1;39mFlush Journal to Persistent Storage[0m.
[[0;32m  OK  [0m] Finished [0;1;39mLoad/Save Random Seed[0m.
[[0;32m  OK  [0m] Finished [0;1;39mCreate Static Device Nodes in /dev[0m.
         Starting [0;1;39mRule-based Manage…for Device Events and Files[0m...
[[0;32m  OK  [0m] Started [0;1;39mRule-based Manager for Device Events and Files[0m.
         Starting [0;1;39mAuto-connect to s…E devices found during boot[0m...
[[0;32m  OK  [0m] Finished [0;1;39mAuto-connect to s…VME devices found during boot[0m.
[[0;32m  OK  [0m] Finished [0;1;39mColdplug All udev Devices[0m.
         Starting [0;1;39mWait for udev To …plete Device Initialization[0m...
[[0;32m  OK  [0m] Finished [0;1;39mSetup Virtual Console[0m.
[[0;32m  OK  [0m] Started [0;1;39mDispatch Password …ts to Console Directory Watch[0m.
[[0;32m  OK  [0m] Reached target [0;1;39mLocal Encrypted Volumes[0m.
[[0;32m  OK  [0m] Reached target [0;1;39mPath Units[0m.
[[0;32m  OK  [0m] Found device [0;1;39m/dev/ttyS0[0m.
[[0;32m  OK  [0m] Listening on [0;1;39mLoad/Save RF …itch Status /dev/rfkill Watch[0m.
[[0;32m  OK  [0m] Finished [0;1;39mWait for udev To Complete Device Initialization[0m.
[[0;32m  OK  [0m] Reached target [0;1;39mPreparation for Local File Systems[0m.
[[0;32m  OK  [0m] Reached target [0;1;39mLocal File Systems[0m.
         Starting [0;1;39mTell Plymouth To Write Out Runtime Data[0m...
         Starting [0;1;39mAutomatic Boot Loader Update[0m...
         Starting [0;1;39mCreate Volatile Files and Directories[0m...
[[0;32m  OK  [0m] Finished [0;1;39mTell Plymouth To Write Out Runtime Data[0m.
[[0;32m  OK  [0m] Finished [0;1;39mAutomatic Boot Loader Update[0m.
[[0;32m  OK  [0m] Finished [0;1;39mCreate Volatile Files and Directories[0m.
         Mounting [0;1;39mRPC Pipe File System[0m...
         Starting [0;1;39mSecurity Auditing Service[0m...
         Starting [0;1;39mRPC Bind[0m...
[[0;32m  OK  [0m] Mounted [0;1;39mRPC Pipe File System[0m.
[[0;32m  OK  [0m] Reached target [0;1;39mrpc_pipefs.target[0m.
[[0;32m  OK  [0m] Started [0;1;39mRPC Bind[0m.
[[0;32m  OK  [0m] Started [0;1;39mSecurity Auditing Service[0m.
         Starting [0;1;39mRecord System Boot/Shutdown in UTMP[0m...
[[0;32m  OK  [0m] Finished [0;1;39mRecord System Boot/Shutdown in UTMP[0m.
[[0;32m  OK  [0m] Reached target [0;1;39mSystem Initialization[0m.
[[0;32m  OK  [0m] Started [0;1;39mDaily rotation of log files[0m.
[[0;32m  OK  [0m] Started [0;1;39mUpdates mlocate database every day[0m.
[[0;32m  OK  [0m] Started [0;1;39mDaily Cleanup of Temporary Directories[0m.
[[0;32m  OK  [0m] Started [0;1;39mdaily update of the root trust anchor for DNSSEC[0m.
[[0;32m  OK  [0m] Reached target [0;1;39mTimer Units[0m.
[[0;32m  OK  [0m] Listening on [0;1;39mD-Bus System Message Bus Socket[0m.
[[0;32m  OK  [0m] Listening on [0;1;39mOpen-iSCSI iscsid Socket[0m.
[[0;32m  OK  [0m] Listening on [0;1;39mOpen-iSCSI iscsiuio Socket[0m.
[[0;32m  OK  [0m] Listening on [0;1;39mSSSD Kerberos…ache Manager responder socket[0m.
[[0;32m  OK  [0m] Listening on [0;1;39mLibvirt interface local socket[0m.
[[0;32m  OK  [0m] Listening on [0;1;39mVirtual machine lock manager socket[0m.
[[0;32m  OK  [0m] Listening on [0;1;39mVirtual machine log manager socket[0m.
[[0;32m  OK  [0m] Listening on [0;1;39mLibvirt network local socket[0m.
[[0;32m  OK  [0m] Listening on [0;1;39mLibvirt nodedev local socket[0m.
[[0;32m  OK  [0m] Listening on [0;1;39mLibvirt nwfilter local socket[0m.
[[0;32m  OK  [0m] Listening on [0;1;39mLibvirt proxy local socket[0m.
[[0;32m  OK  [0m] Listening on [0;1;39mLibvirt qemu local socket[0m.
[[0;32m  OK  [0m] Listening on [0;1;39mLibvirt qemu admin socket[0m.
[[0;32m  OK  [0m] Listening on [0;1;39mLibvirt qemu local read-only socket[0m.
[[0;32m  OK  [0m] Listening on [0;1;39mLibvirt secret local socket[0m.
[[0;32m  OK  [0m] Listening on [0;1;39mLibvirt storage local socket[0m.
[[0;32m  OK  [0m] Reached target [0;1;39mSocket Units[0m.
         Starting [0;1;39mD-Bus System Message Bus[0m...
[[0;32m  OK  [0m] Started [0;1;39mD-Bus System Message Bus[0m.
[[0;32m  OK  [0m] Reached target [0;1;39mBasic System[0m.
         Starting [0;1;39mNetwork Manager[0m...
         Starting [0;1;39mNTP client/server[0m...
         Starting [0;1;39mRestore /run/initramfs on shutdown[0m...
[[0;32m  OK  [0m] Started [0;1;39mirqbalance daemon[0m.
[[0;32m  OK  [0m] Started [0;1;39mlibstoragemgmt plug-in server daemon[0m.
[[0;32m  OK  [0m] Started [0;1;39mMachine Check Exception Logging Daemon[0m.
[[0;32m  OK  [0m] Reached target [0;1;39msshd-keygen.target[0m.
[[0;32m  OK  [0m] Reached target [0;1;39mUser and Group Name Lookups[0m.
         Starting [0;1;39mUser Login Management[0m...
         Starting [0;1;39mVirtual Machine a…tainer Registration Service[0m...
         Starting [0;1;39mupdate of the roo…NSSEC validation in unbound[0m...
         Starting [0;1;39mRotate log files[0m...
[[0;32m  OK  [0m] Started [0;1;39mUpdate a database for mlocate[0m.
[[0;32m  OK  [0m] Started [0;1;39mNTP client/server[0m.
[[0;32m  OK  [0m] Finished [0;1;39mRestore /run/initramfs on shutdown[0m.
[[0;32m  OK  [0m] Started [0;1;39mVirtual Machine an…ontainer Registration Service[0m.
         Starting [0;1;39mHostname Service[0m...
[[0;32m  OK  [0m] Finished [0;1;39mupdate of the roo… DNSSEC validation in unbound[0m.
[[0;32m  OK  [0m] Started [0;1;39mUser Login Management[0m.
[[0;32m  OK  [0m] Started [0;1;39mHostname Service[0m.
[[0;32m  OK  [0m] Finished [0;1;39mRotate log files[0m.
         Starting [0;1;39mNetwork Manager Script Dispatcher Service[0m...
[[0;32m  OK  [0m] Started [0;1;39mNetwork Manager Script Dispatcher Service[0m.
[   10.237922] e1000: eth0 NIC Link is Up 1000 Mbps Full Duplex, Flow Control: RX
[[0;32m  OK  [0m] Started [0;1;39mNetwork Manager[0m.
[[0;32m  OK  [0m] Reached target [0;1;39mNetwork[0m.
[[0;32m  OK  [0m] Reached target [0;1;39mNetwork is Online[0m.
         Starting [0;1;39mGSSAPI Proxy Daemon[0m...
         Starting [0;1;39mNotify NFS peers of a restart[0m...
         Starting [0;1;39mSystem Logging Service[0m...
         Starting [0;1;39mOpenSSH server daemon[0m...
         Starting [0;1;39mDynamic System Tuning Daemon[0m...
[[0;32m  OK  [0m] Started [0;1;39mNotify NFS peers of a restart[0m.
[[0;32m  OK  [0m] Started [0;1;39mOpenSSH server daemon[0m.
[[0;32m  OK  [0m] Started [0;1;39mGSSAPI Proxy Daemon[0m.
[[0;32m  OK  [0m] Reached target [0;1;39mNFS client services[0m.
[[0;32m  OK  [0m] Reached target [0;1;39mPreparation for Remote File Systems[0m.
[[0;32m  OK  [0m] Reached target [0;1;39mRemote File Systems[0m.
         Starting [0;1;39mPermit User Sessions[0m...
         Starting [0;1;39mVirtualization qemu daemon[0m...
[[0;32m  OK  [0m] Started [0;1;39mSystem Logging Service[0m.
[[0;32m  OK  [0m] Finished [0;1;39mPermit User Sessions[0m.
[[0;32m  OK  [0m] Started [0;1;39mDeferred execution scheduler[0m.
[[0;32m  OK  [0m] Started [0;1;39mCommand Scheduler[0m.
         Starting [0;1;39mHold until boot process finishes up[0m...
         Starting [0;1;39mTerminate Plymouth Boot Screen[0m...
[[0;32m  OK  [0m] Finished [0;1;39mHold until boot process finishes up[0m.
[[0;32m  OK  [0m] Started [0;1;39mGetty on tty1[0m.
[[0;32m  OK  [0m] Started [0;1;39mSerial Getty on ttyS0[0m.
[[0;32m  OK  [0m] Reached target [0;1;39mLogin Prompts[0m.
[[0;32m  OK  [0m] Started [0;1;39mVirtualization qemu daemon[0m.
[[0;32m  OK  [0m] Finished [0;1;39mTerminate Plymouth Boot Screen[0m.
         Starting [0;1;39mAuthorization Manager[0m...
[[0;32m  OK  [0m] Started [0;1;39mAuthorization Manager[0m.
[[0;32m  OK  [0m] Started [0;1;39mDynamic System Tuning Daemon[0m.
[[0;32m  OK  [0m] Reached target [0;1;39mMulti-User System[0m.
         Starting [0;1;39mRecord Runlevel Change in UTMP[0m...
[[0;32m  OK  [0m] Finished [0;1;39mRecord Runlevel Change in UTMP[0m.

CentOS Stream 9
Kernel 6.18.0-ebaeabfa5ab7+ on an x86_64

Activate the web console with: systemctl enable --now cockpit.socket

test login: [   21.058429] loop1: detected capacity change from 0 to 32768
[   21.093885] loop7: detected capacity change from 0 to 32768
[   21.121345] XFS (loop1): Mounting V5 Filesystem bfdc47fc-10d8-4eed-a562-11a831b3f791
[   21.123775] loop5: detected capacity change from 0 to 32768
[   21.138240] XFS (loop5): Mounting V5 Filesystem bfdc47fc-10d8-4eed-a562-11a831b3f791
[   21.170652] XFS (loop7): Mounting V5 Filesystem bfdc47fc-10d8-4eed-a562-11a831b3f791
[   21.190355] XFS (loop1): Ending clean mount
[   21.193800] XFS (loop5): Ending clean mount
[   21.195458] XFS (loop1): Quotacheck needed: Please wait.
[   21.197488] XFS (loop5): Quotacheck needed: Please wait.
[   21.212487] XFS (loop5): Quotacheck: Done.
[   21.227353] XFS (loop1): Quotacheck: Done.
[   21.238019] loop2: detected capacity change from 0 to 32768
[   21.245461] loop4: detected capacity change from 0 to 32768
[   21.257621] loop6: detected capacity change from 0 to 32768
[   21.260054] XFS (loop4): Mounting V5 Filesystem bfdc47fc-10d8-4eed-a562-11a831b3f791
[   21.405990] loop3: detected capacity change from 0 to 32768
[   21.508801] repro: page allocation failure: order:0, mode:0x10cc0(GFP_KERNEL|__GFP_NORETRY), nodemask=(null),cpuset=/,mems_allowed=0
[   21.509729] CPU: 1 UID: 0 PID: 726 Comm: repro Not tainted 6.18.0-ebaeabfa5ab7+ #1 PREEMPT(voluntary) 
[   21.509741] Hardware name: QEMU Standard PC (i440FX + PIIX, 1996), BIOS rel-1.16.0-0-gd239552ce722-prebuilt.qemu.org 04/01/2014
[   21.509749] Call Trace:
[   21.509755]  <TASK>
[   21.509764]  dump_stack_lvl+0x121/0x150
[   21.509809]  dump_stack+0x19/0x20
[   21.509819]  warn_alloc+0x216/0x350
[   21.509840]  ? __pfx_warn_alloc+0x10/0x10
[   21.509857]  ? __pfx___alloc_pages_direct_compact+0x10/0x10
[   21.509865]  ? __drain_all_pages+0x27d/0x480
[   21.509887]  __alloc_pages_slowpath.constprop.0+0x1356/0x2270
[   21.509903]  ? nfs42_proc_deallocate+0x24/0x310
[   21.509926]  ? __pfx___alloc_pages_slowpath.constprop.0+0x10/0x10
[   21.509935]  ? lock_is_held_type+0xef/0x150
[   21.509956]  ? lock_release+0x14f/0x2c0
[   21.509983]  __alloc_frozen_pages_noprof+0x5da/0x6e0
[   21.509991]  ? trace_hardirqs_on+0x51/0x60
[   21.510013]  ? __pfx___alloc_frozen_pages_noprof+0x10/0x10
[   21.510022]  ? asm_sysvec_reschedule_ipi+0x1f/0x30
[   21.510034]  ? __sanitizer_cov_trace_switch+0x58/0xa0
[   21.510057]  ? policy_nodemask+0xf9/0x450
[   21.510074]  alloc_pages_mpol+0x236/0x4c0
[   21.510087]  ? __pfx_alloc_pages_mpol+0x10/0x10
[   21.510096]  ? asm_sysvec_reschedule_ipi+0x1f/0x30
[   21.510111]  alloc_frozen_pages_noprof+0xa9/0x180
[   21.510124]  alloc_pages_noprof+0x27/0xa0
[   21.510135]  kimage_alloc_pages+0x78/0x240
[   21.510149]  kimage_alloc_control_pages+0x1ca/0xa60
[   21.510165]  ? __pfx_kimage_alloc_control_pages+0x10/0x10
[   21.510173]  ? __sanitizer_cov_trace_cmp8+0x1c/0x30
[   21.510191]  do_kexec_load+0x39b/0x8c0
[   21.510199]  ? __might_fault+0xf1/0x1b0
[   21.510213]  ? __pfx_do_kexec_load+0x10/0x10
[   21.510226]  ? __sanitizer_cov_trace_const_cmp8+0x1c/0x30
[   21.510241]  ? _copy_from_user+0x75/0xa0
[   21.510268]  __x64_sys_kexec_load+0x1cc/0x240
[   21.510284]  x64_sys_call+0x1c84/0x2190
[   21.510294]  do_syscall_64+0x6d/0x450
[   21.510309]  entry_SYSCALL_64_after_hwframe+0x76/0x7e
[   21.510318] RIP: 0033:0x7f197083ee5d
[   21.510334] Code: ff c3 66 2e 0f 1f 84 00 00 00 00 00 90 f3 0f 1e fa 48 89 f8 48 89 f7 48 89 d6 48 89 ca 4d 89 c2 4d 89 c8 4c 8b 4c 24 08 0f 05 <48> 3d 01 f0 ff ff 73 01 c3 48 8b 0d 93 af 1b 00 f7 d8 64 89 01 48
[   21.510342] RSP: 002b:00007ffe01d1dd28 EFLAGS: 00000207 ORIG_RAX: 00000000000000f6
[   21.510353] RAX: ffffffffffffffda RBX: 0000000000000000 RCX: 00007f197083ee5d
[   21.510360] RDX: 0000200000000180 RSI: 0000000000000003 RDI: 0000000000000000
[   21.510365] RBP: 00007ffe01d1dd40 R08: 00007ffe01d1d7b0 R09: 00007ffe01d1dd40
[   21.510371] R10: 0000000000000000 R11: 0000000000000207 R12: 00007ffe01d1de98
[   21.510376] R13: 00000000004030f5 R14: 000000000040ee08 R15: 00007f1970b11000
[   21.510400]  </TASK>
[   21.510413] Mem-Info:
[   21.512383] XFS (loop2): Mounting V5 Filesystem bfdc47fc-10d8-4eed-a562-11a831b3f791
[   21.512547] active_anon:1735 inactive_anon:42348 isolated_anon:0
[   21.512547]  active_file:22376 inactive_file:22817 isolated_file:32
[   21.512547]  unevictable:0 dirty:244 writeback:1
[   21.512547]  slab_reclaimable:16417 slab_unreclaimable:23467
[   21.512547]  mapped:13709 shmem:29811 pagetables:1050
[   21.512547]  sec_pagetables:0 bounce:0
[   21.512547]  kernel_misc_reclaimable:0
[   21.512547]  free:13048 free_pcp:193 free_cma:0
[   21.525826] XFS (loop6): Mounting V5 Filesystem bfdc47fc-10d8-4eed-a562-11a831b3f791
[   21.526018] Node 0 active_anon:6940kB inactive_anon:169392kB active_file:89672kB inactive_file:85276kB unevictable:0kB isolated(anon):0kB isolated(file):0kB mapped:54836kB dirty:976kB writeback:4kB shmem:119244kB shmem_thp:0kB shmem_pmdmapped:0kB anon_thp:0kB kernel_stack:7648kB pagetables:4200kB sec_pagetables:0kB all_unreclaimable? no Balloon:0kB
[   21.526054] Node 0 DMA free:6488kB boost:0kB min:444kB low:552kB high:660kB reserved_highatomic:0KB free_highatomic:0KB active_anon:0kB inactive_anon:3636kB active_file:0kB inactive_file:0kB unevictable:0kB writepending:0kB zspages:0kB present:15992kB managed:15360kB mlocked:0kB bounce:0kB free_pcp:0kB local_pcp:0kB free_cma:0kB
[   21.526090] lowmem_reserve[]: 0 1522 1522 1522 1522
[   21.541169] Node 0 DMA32 free:51924kB boost:2048kB min:46656kB low:57808kB high:68960kB reserved_highatomic:0KB free_highatomic:0KB active_anon:6940kB inactive_anon:165780kB active_file:89924kB inactive_file:83456kB unevictable:0kB writepending:900kB zspages:0kB present:2080640kB managed:1559388kB mlocked:0kB bounce:0kB free_pcp:764kB local_pcp:0kB free_cma:0kB
[   21.543462] lowmem_reserve[]: 0 0 0 0 0
[   21.543791] Node 0 DMA: 1*4kB (M) 3*8kB (M) 3*16kB (UME) 3*32kB (UME) 2*64kB (ME) 1*128kB (E) 2*256kB (ME) 3*512kB (UE) 2*1024kB (UE) 1*2048kB (M) 0*4096kB = 6572kB
[   21.544786] Node 0 DMA32: 1032*4kB (ME) 499*8kB (UME) 226*16kB (UM) 148*32kB (UME) 94*64kB (UME) 56*128kB (UME) 33*256kB (UM) 17*512kB (UME) 3*1024kB (M) 1*2048kB (M) 0*4096kB = 51928kB
[   21.545844] Node 0 hugepages_total=0 hugepages_free=0 hugepages_surp=0 hugepages_size=1048576kB
[   21.546354] Node 0 hugepages_total=0 hugepages_free=0 hugepages_surp=0 hugepages_size=2048kB
[   21.546846] 73204 total pagecache pages
[   21.547082] 0 pages in swap cache
[   21.547289] Free swap  = 0kB
[   21.547473] Total swap = 0kB
[   21.547672] 524158 pages RAM
[   21.547858] 0 pages HighMem/MovableOnly
[   21.548087] 130471 pages reserved
[   21.548290] 0 pages cma reserved
[   21.548489] 0 pages hwpoisoned
[   21.613771] XFS (loop3): Mounting V5 Filesystem bfdc47fc-10d8-4eed-a562-11a831b3f791
[   21.627535] kexec: Could not allocate control_code_buffer
[   21.814653] XFS (loop6): Ending clean mount
[   21.815662] XFS (loop6): Quotacheck needed: Please wait.
[   21.828273] XFS (loop7): Ending clean mount
[   21.829109] XFS (loop7): Quotacheck needed: Please wait.
[   21.833133] XFS (loop6): Quotacheck: Done.
[   21.853056] XFS (loop4): Ending clean mount
[   21.856367] XFS (loop4): Quotacheck needed: Please wait.
[   21.862444] XFS (loop3): Ending clean mount
[   21.864027] XFS (loop3): Quotacheck needed: Please wait.
[   21.870460] XFS (loop2): Ending clean mount
[   21.871363] XFS (loop2): Quotacheck needed: Please wait.
[   21.893972] XFS (loop4): Quotacheck: Done.
[   21.900947] loop0: detected capacity change from 0 to 32768
[   21.929939] XFS (loop0): Mounting V5 Filesystem bfdc47fc-10d8-4eed-a562-11a831b3f791
[   21.965454] XFS (loop7): Quotacheck: Done.
[   21.969148] XFS (loop0): Ending clean mount
[   21.989335] XFS (loop3): Quotacheck: Done.
[   21.998232] XFS (loop0): Quotacheck needed: Please wait.
[   22.017072] XFS (loop2): Quotacheck: Done.
[   22.026816] XFS (loop0): Quotacheck: Done.
[   23.147704] 
[   23.147846] ======================================================
[   23.148197] WARNING: possible circular locking dependency detected
[   23.148558] 6.18.0-ebaeabfa5ab7+ #1 Not tainted
[   23.148839] ------------------------------------------------------
[   23.149198] kswapd0/58 is trying to acquire lock:
[   23.149477] ffff888028dc4c18 (&xfs_nondir_ilock_class){++++}-{4:4}, at: xfs_ilock+0x338/0x3c0
[   23.150016] 
[   23.150016] but task is already holding lock:
[   23.150360] ffffffff87840100 (fs_reclaim){+.+.}-{0:0}, at: balance_pgdat+0xb7e/0x1580
[   23.150847] 
[   23.150847] which lock already depends on the new lock.
[   23.150847] 
[   23.151322] 
[   23.151322] the existing dependency chain (in reverse order) is:
[   23.151762] 
[   23.151762] -> #1 (fs_reclaim){+.+.}-{0:0}:
[   23.152106]        fs_reclaim_acquire+0x116/0x160
[   23.152396]        __kmalloc_cache_noprof+0x53/0x840
[   23.152699]        iomap_fill_dirty_folios+0x118/0x2c0
[   23.153023]        xfs_buffered_write_iomap_begin+0xef0/0x18c0
[   23.153383]        iomap_iter+0x551/0xfd0
[   23.153631]        iomap_zero_range+0x20b/0xac0
[   23.153916]        xfs_zero_range+0xb5/0x100
[   23.154182]        xfs_reflink_remap_prep+0x3d3/0xac0
[   23.154489]        xfs_file_remap_range+0x23c/0xe20
[   23.154791]        vfs_clone_file_range+0x2b1/0xda0
[   23.155098]        ioctl_file_clone+0x6e/0x110
[   23.155382]        do_vfs_ioctl+0xcab/0x14d0
[   23.155652]        __x64_sys_ioctl+0x127/0x220
[   23.155930]        x64_sys_call+0x1274/0x2190
[   23.156203]        do_syscall_64+0x6d/0x450
[   23.156464]        entry_SYSCALL_64_after_hwframe+0x76/0x7e
[   23.156797] 
[   23.156797] -> #0 (&xfs_nondir_ilock_class){++++}-{4:4}:
[   23.157197]        __lock_acquire+0x1509/0x22a0
[   23.157475]        lock_acquire+0x170/0x310
[   23.157728]        down_write_nested+0x9a/0x210
[   23.158006]        xfs_ilock+0x338/0x3c0
[   23.158245]        xfs_icwalk_ag+0xaec/0x1b80
[   23.158511]        xfs_icwalk+0x56/0xc0
[   23.158755]        xfs_reclaim_inodes_nr+0x1d3/0x2d0
[   23.159058]        xfs_fs_free_cached_objects+0x6a/0x90
[   23.159375]        super_cache_scan+0x415/0x570
[   23.159655]        do_shrink_slab+0x408/0x1080
[   23.159937]        shrink_slab+0x348/0x12f0
[   23.160198]        shrink_node+0xba6/0x28c0
[   23.160459]        balance_pgdat+0xa2d/0x1580
[   23.160730]        kswapd+0x5b9/0xb00
[   23.160977]        kthread+0x464/0x980
[   23.161222]        ret_from_fork+0x3fb/0x560
[   23.161491]        ret_from_fork_asm+0x1a/0x30
[   23.161762] 
[   23.161762] other info that might help us debug this:
[   23.161762] 
[   23.162225]  Possible unsafe locking scenario:
[   23.162225] 
[   23.162572]        CPU0                    CPU1
[   23.162847]        ----                    ----
[   23.163122]   lock(fs_reclaim);
[   23.163323]                                lock(&xfs_nondir_ilock_class);
[   23.163727]                                lock(fs_reclaim);
[   23.164075]   lock(&xfs_nondir_ilock_class);
[   23.164338] 
[   23.164338]  *** DEADLOCK ***
[   23.164338] 
[   23.164683] 2 locks held by kswapd0/58:
[   23.164911]  #0: ffffffff87840100 (fs_reclaim){+.+.}-{0:0}, at: balance_pgdat+0xb7e/0x1580
[   23.165413]  #1: ffff8880108e20e0 (&type->s_umount_key#53){.+.+}-{4:4}, at: super_cache_scan+0x9f/0x570
[   23.165974] 
[   23.165974] stack backtrace:
[   23.166238] CPU: 0 UID: 0 PID: 58 Comm: kswapd0 Not tainted 6.18.0-ebaeabfa5ab7+ #1 PREEMPT(voluntary) 
[   23.166249] Hardware name: QEMU Standard PC (i440FX + PIIX, 1996), BIOS rel-1.16.0-0-gd239552ce722-prebuilt.qemu.org 04/01/2014
[   23.166255] Call Trace:
[   23.166259]  <TASK>
[   23.166264]  dump_stack_lvl+0xea/0x150
[   23.166278]  dump_stack+0x19/0x20
[   23.166289]  print_circular_bug+0x283/0x350
[   23.166303]  check_noncircular+0x12f/0x150
[   23.166314]  ? super_cache_scan+0x415/0x570
[   23.166322]  ? shrink_slab+0x348/0x12f0
[   23.166337]  __lock_acquire+0x1509/0x22a0
[   23.166350]  ? check_path.constprop.0+0x28/0x50
[   23.166365]  lock_acquire+0x170/0x310
[   23.166377]  ? xfs_ilock+0x338/0x3c0
[   23.166389]  down_write_nested+0x9a/0x210
[   23.166396]  ? xfs_ilock+0x338/0x3c0
[   23.166403]  ? __pfx_down_write_nested+0x10/0x10
[   23.166411]  ? xfs_icwalk_ag+0xadf/0x1b80
[   23.166420]  ? xfs_icwalk_ag+0xaec/0x1b80
[   23.166430]  ? xfs_icwalk_ag+0xaec/0x1b80
[   23.166438]  xfs_ilock+0x338/0x3c0
[   23.166446]  xfs_icwalk_ag+0xaec/0x1b80
[   23.166460]  ? __pfx_xfs_icwalk_ag+0x10/0x10
[   23.166473]  ? __pfx_xa_find+0x10/0x10
[   23.166486]  ? xfs_group_grab_next_mark+0x26a/0x540
[   23.166501]  ? __this_cpu_preempt_check+0x21/0x30
[   23.166509]  ? lock_release+0x14f/0x2c0
[   23.166524]  ? xfs_group_grab_next_mark+0x274/0x540
[   23.166533]  ? __pfx_xfs_group_grab_next_mark+0x10/0x10
[   23.166543]  ? __pfx_try_to_wake_up+0x10/0x10
[   23.166558]  ? lock_release+0x14f/0x2c0
[   23.166572]  xfs_icwalk+0x56/0xc0
[   23.166584]  xfs_reclaim_inodes_nr+0x1d3/0x2d0
[   23.166593]  ? __pfx_xfs_reclaim_inodes_nr+0x10/0x10
[   23.166603]  ? __this_cpu_preempt_check+0x21/0x30
[   23.166611]  ? __pfx_prune_icache_sb+0x10/0x10
[   23.166631]  xfs_fs_free_cached_objects+0x6a/0x90
[   23.166642]  super_cache_scan+0x415/0x570
[   23.166653]  do_shrink_slab+0x408/0x1080
[   23.166670]  shrink_slab+0x348/0x12f0
[   23.166685]  ? shrink_slab+0x160/0x12f0
[   23.166698]  ? __pfx_shrink_slab+0x10/0x10
[   23.166716]  shrink_node+0xba6/0x28c0
[   23.166735]  ? __pfx_shrink_node+0x10/0x10
[   23.166746]  ? preempt_schedule_common+0x49/0xd0
[   23.166762]  balance_pgdat+0xa2d/0x1580
[   23.166776]  ? __pfx_balance_pgdat+0x10/0x10
[   23.166802]  kswapd+0x5b9/0xb00
[   23.166816]  ? __pfx_kswapd+0x10/0x10
[   23.166826]  ? local_clock_noinstr+0x80/0xd0
[   23.166839]  ? __pfx_autoremove_wake_function+0x10/0x10
[   23.166853]  ? __sanitizer_cov_trace_const_cmp1+0x1e/0x30
[   23.166869]  ? __kthread_parkme+0x1bc/0x260
[   23.166878]  ? __pfx_kswapd+0x10/0x10
[   23.166889]  ? __pfx_kswapd+0x10/0x10
[   23.166900]  kthread+0x464/0x980
[   23.166911]  ? __pfx_kthread+0x10/0x10
[   23.166923]  ? _raw_spin_unlock_irq+0x3c/0x60
[   23.166936]  ? __pfx_kthread+0x10/0x10
[   23.166948]  ret_from_fork+0x3fb/0x560
[   23.166955]  ? __pfx_kthread+0x10/0x10
[   23.166966]  ret_from_fork_asm+0x1a/0x30
[   23.166982]  </TASK>
[   23.268112] kexec: Could not allocate control_code_buffer
[   23.945067] kexec: Could not allocate control_code_buffer
[   24.410837] kexec: Could not allocate control_code_buffer
[   25.351261] kexec: Could not allocate control_code_buffer
[   26.236926] kexec: Could not allocate control_code_buffer
[   27.029161] kexec: Could not allocate control_code_buffer
[   27.461019] kexec: Could not allocate control_code_buffer
[   28.240567] kexec: Could not allocate control_code_buffer
[   28.874340] kexec: Could not allocate control_code_buffer
[   29.632672] kexec: Could not allocate control_code_buffer
[   30.437714] kexec: Could not allocate control_code_buffer
[   31.315968] kexec: Could not allocate control_code_buffer
[   32.219178] warn_alloc: 12 callbacks suppressed
[   32.219193] repro: page allocation failure: order:0, mode:0x10cc0(GFP_KERNEL|__GFP_NORETRY), nodemask=(null),cpuset=/,mems_allowed=0
[   32.220142] CPU: 0 UID: 0 PID: 964 Comm: repro Not tainted 6.18.0-ebaeabfa5ab7+ #1 PREEMPT(voluntary) 
[   32.220161] Hardware name: QEMU Standard PC (i440FX + PIIX, 1996), BIOS rel-1.16.0-0-gd239552ce722-prebuilt.qemu.org 04/01/2014
[   32.220170] Call Trace:
[   32.220173]  <TASK>
[   32.220176]  dump_stack_lvl+0x121/0x150
[   32.220194]  dump_stack+0x19/0x20
[   32.220203]  warn_alloc+0x216/0x350
[   32.220213]  ? __pfx_warn_alloc+0x10/0x10
[   32.220223]  ? __pfx___alloc_pages_direct_compact+0x10/0x10
[   32.220231]  ? __drain_all_pages+0x27d/0x480
[   32.220244]  __alloc_pages_slowpath.constprop.0+0x1356/0x2270
[   32.220257]  ? __pfx___alloc_pages_slowpath.constprop.0+0x10/0x10
[   32.220267]  ? debug_smp_processor_id+0x20/0x30
[   32.220274]  ? rcu_is_watching+0x19/0xc0
[   32.220286]  ? lock_release+0x1ea/0x2c0
[   32.220300]  __alloc_frozen_pages_noprof+0x5da/0x6e0
[   32.220307]  ? trace_hardirqs_on+0x51/0x60
[   32.220319]  ? irqentry_exit+0x3e/0xa0
[   32.220330]  ? __pfx___alloc_frozen_pages_noprof+0x10/0x10
[   32.220339]  ? __sanitizer_cov_trace_switch+0x58/0xa0
[   32.220353]  ? policy_nodemask+0xf9/0x450
[   32.220364]  alloc_pages_mpol+0x236/0x4c0
[   32.220374]  ? __pfx_alloc_pages_mpol+0x10/0x10
[   32.220383]  ? irqentry_exit+0x3e/0xa0
[   32.220393]  ? sysvec_call_function_single+0x9a/0x110
[   32.220404]  alloc_frozen_pages_noprof+0xa9/0x180
[   32.220415]  alloc_pages_noprof+0x27/0xa0
[   32.220424]  kimage_alloc_pages+0x78/0x240
[   32.220434]  kimage_alloc_control_pages+0x1ca/0xa60
[   32.220444]  ? __pfx_kimage_alloc_control_pages+0x10/0x10
[   32.220452]  ? __sanitizer_cov_trace_cmp8+0x1c/0x30
[   32.220469]  do_kexec_load+0x39b/0x8c0
[   32.220477]  ? __might_fault+0xf1/0x1b0
[   32.220486]  ? __pfx_do_kexec_load+0x10/0x10
[   32.220495]  ? __sanitizer_cov_trace_const_cmp8+0x1c/0x30
[   32.220506]  ? _copy_from_user+0x75/0xa0
[   32.220518]  __x64_sys_kexec_load+0x1cc/0x240
[   32.220528]  x64_sys_call+0x1c84/0x2190
[   32.220537]  do_syscall_64+0x6d/0x450
[   32.220548]  entry_SYSCALL_64_after_hwframe+0x76/0x7e
[   32.220555] RIP: 0033:0x7f197083ee5d
[   32.220565] Code: ff c3 66 2e 0f 1f 84 00 00 00 00 00 90 f3 0f 1e fa 48 89 f8 48 89 f7 48 89 d6 48 89 ca 4d 89 c2 4d 89 c8 4c 8b 4c 24 08 0f 05 <48> 3d 01 f0 ff ff 73 01 c3 48 8b 0d 93 af 1b 00 f7 d8 64 89 01 48
[   32.220572] RSP: 002b:00007ffe01d1dd28 EFLAGS: 00000207 ORIG_RAX: 00000000000000f6
[   32.220579] RAX: ffffffffffffffda RBX: 0000000000000000 RCX: 00007f197083ee5d
[   32.220584] RDX: 0000200000000180 RSI: 0000000000000003 RDI: 0000000000000000
[   32.220588] RBP: 00007ffe01d1dd40 R08: 00007ffe01d1d7b0 R09: 00007ffe01d1dd40
[   32.220593] R10: 0000000000000000 R11: 0000000000000207 R12: 00007ffe01d1de98
[   32.220597] R13: 00000000004030f5 R14: 000000000040ee08 R15: 00007f1970b11000
[   32.220609]  </TASK>
[   32.220612] Mem-Info:
[   32.235341] active_anon:5194 inactive_anon:51196 isolated_anon:0
[   32.235341]  active_file:2269 inactive_file:64 isolated_file:0
[   32.235341]  unevictable:0 dirty:0 writeback:0
[   32.235341]  slab_reclaimable:4333 slab_unreclaimable:24244
[   32.235341]  mapped:1637 shmem:39436 pagetables:1090
[   32.235341]  sec_pagetables:0 bounce:0
[   32.235341]  kernel_misc_reclaimable:0
[   32.235341]  free:12772 free_pcp:173 free_cma:0
[   32.237387] Node 0 active_anon:20776kB inactive_anon:204784kB active_file:9076kB inactive_file:256kB unevictable:0kB isolated(anon):0kB isolated(file):0kB mapped:6548kB dirty:0kB writeback:0kB shmem:157744kB shmem_thp:0kB shmem_pmdmapped:0kB anon_thp:0kB kernel_stack:8000kB pagetables:4360kB sec_pagetables:0kB all_unreclaimable? no Balloon:0kB
[   32.239023] Node 0 DMA free:6512kB boost:0kB min:444kB low:552kB high:660kB reserved_highatomic:0KB free_highatomic:0KB active_anon:4kB inactive_anon:3884kB active_file:0kB inactive_file:0kB unevictable:0kB writepending:0kB zspages:0kB present:15992kB managed:15360kB mlocked:0kB bounce:0kB free_pcp:0kB local_pcp:0kB free_cma:0kB
[   32.240571] lowmem_reserve[]: 0 1522 1522 1522 1522
[   32.240869] Node 0 DMA32 free:44576kB boost:0kB min:44608kB low:55760kB high:66912kB reserved_highatomic:0KB free_highatomic:0KB active_anon:20772kB inactive_anon:200920kB active_file:8308kB inactive_file:900kB unevictable:0kB writepending:0kB zspages:0kB present:2080640kB managed:1559388kB mlocked:0kB bounce:0kB free_pcp:724kB local_pcp:0kB free_cma:0kB
[   32.242549] lowmem_reserve[]: 0 0 0 0 0
[   32.242790] Node 0 DMA: 4*4kB (UM) 4*8kB (M) 4*16kB (ME) 4*32kB (ME) 3*64kB (ME) 2*128kB (ME) 3*256kB (UME) 2*512kB (ME) 2*1024kB (ME) 1*2048kB (U) 0*4096kB = 6576kB
[   32.243922] Node 0 DMA32: 10*4kB (E) 59*8kB (ME) 285*16kB (UME) 400*32kB (UME) 188*64kB (ME) 64*128kB (UME) 18*256kB (UME) 4*512kB (U) 0*1024kB 0*2048kB 0*4096kB = 44752kB
[   32.244808] Node 0 hugepages_total=0 hugepages_free=0 hugepages_surp=0 hugepages_size=1048576kB
[   32.245283] Node 0 hugepages_total=0 hugepages_free=0 hugepages_surp=0 hugepages_size=2048kB
[   32.245754] 41768 total pagecache pages
[   32.245981] 0 pages in swap cache
[   32.246177] Free swap  = 0kB
[   32.246350] Total swap = 0kB
[   32.246526] 524158 pages RAM
[   32.246698] 0 pages HighMem/MovableOnly
[   32.246920] 130471 pages reserved
[   32.247111] 0 pages cma reserved
[   32.247298] 0 pages hwpoisoned
[   32.304301] kexec: Could not allocate control_code_buffer
[   33.134866] repro invoked oom-killer: gfp_mask=0x440dc0(GFP_KERNEL_ACCOUNT|__GFP_ZERO|__GFP_COMP), order=0, oom_score_adj=1000
[   33.135530] CPU: 0 UID: 0 PID: 992 Comm: repro Not tainted 6.18.0-ebaeabfa5ab7+ #1 PREEMPT(voluntary) 
[   33.135540] Hardware name: QEMU Standard PC (i440FX + PIIX, 1996), BIOS rel-1.16.0-0-gd239552ce722-prebuilt.qemu.org 04/01/2014
[   33.135545] Call Trace:
[   33.135547]  <TASK>
[   33.135551]  dump_stack_lvl+0x121/0x150
[   33.135565]  dump_stack+0x19/0x20
[   33.135574]  dump_header+0x10f/0x910
[   33.135586]  oom_kill_process+0x287/0xa40
[   33.135593]  out_of_memory+0x34c/0x1710
[   33.135602]  ? __pfx_out_of_memory+0x10/0x10
[   33.135611]  __alloc_pages_slowpath.constprop.0+0x1bc6/0x2270
[   33.135625]  ? __pfx___alloc_pages_slowpath.constprop.0+0x10/0x10
[   33.135635]  ? lock_release+0x1ea/0x2c0
[   33.135651]  __alloc_frozen_pages_noprof+0x5da/0x6e0
[   33.135659]  ? kernel_text_address+0xd3/0xe0
[   33.135675]  ? __pfx___alloc_frozen_pages_noprof+0x10/0x10
[   33.135683]  ? unwind_get_return_address+0x65/0xb0
[   33.135699]  ? __pfx_stack_trace_consume_entry+0x10/0x10
[   33.135717]  ? __sanitizer_cov_trace_switch+0x58/0xa0
[   33.135732]  ? policy_nodemask+0xf9/0x450
[   33.135744]  alloc_pages_mpol+0x236/0x4c0
[   33.135755]  ? __pfx_alloc_pages_mpol+0x10/0x10
[   33.135764]  ? __kasan_check_write+0x18/0x20
[   33.135787]  ? do_raw_spin_lock+0x140/0x280
[   33.135794]  ? __pfx_do_raw_spin_lock+0x10/0x10
[   33.135802]  ? lock_acquire+0x1b1/0x310
[   33.135816]  alloc_frozen_pages_noprof+0xa9/0x180
[   33.135828]  alloc_pages_noprof+0x27/0xa0
[   33.135839]  pte_alloc_one+0x28/0x2d0
[   33.135853]  __pte_alloc+0x74/0x350
[   33.135867]  ? __pfx___pte_alloc+0x10/0x10
[   33.135877]  ? lock_release+0x1ea/0x2c0
[   33.135892]  do_anonymous_page+0x1135/0x1b30
[   33.135900]  ? debug_smp_processor_id+0x20/0x30
[   33.135908]  ? pmd_val+0x5d/0xc0
[   33.135916]  ? __pfx_pmd_val+0x10/0x10
[   33.135926]  __handle_mm_fault+0x1d96/0x2d70
[   33.135939]  ? __pfx___handle_mm_fault+0x10/0x10
[   33.135946]  ? lock_vma_under_rcu+0x3f/0x590
[   33.135954]  ? debug_smp_processor_id+0x20/0x30
[   33.135961]  ? rcu_is_watching+0x19/0xc0
[   33.135970]  ? lock_release+0x1ea/0x2c0
[   33.135989]  handle_mm_fault+0x2de/0x920
[   33.136000]  do_user_addr_fault+0x526/0xfe0
[   33.136009]  ? rcu_is_watching+0x19/0xc0
[   33.136019]  exc_page_fault+0xc9/0x1d0
[   33.136032]  asm_exc_page_fault+0x2b/0x30
[   33.136041] RIP: 0033:0x401c72
[   33.136049] Code: 00 00 8b 55 e4 48 8b 45 d8 48 8b 40 10 48 39 c2 77 4f 48 8b 45 d8 48 8b 10 48 8b 45 d8 48 8b 40 10 8b 4d e4 48 29 c8 48 01 d0 <0f> b6 00 84 c0 74 30 48 8b 45 d8 48 8b 10 48 8b 45 d8 48 8b 40 10
[   33.136063] RSP: 002b:00007ffe01d1d370 EFLAGS: 00010206
[   33.136070] RAX: 00007f1968c00000 RBX: 0000000000000001 RCX: 0000000000000001
[   33.136075] RDX: 00007f1968400000 RSI: 0000000000000000 RDI: 00007ffe01d1d980
[   33.136080] RBP: 00007ffe01d1d3b0 R08: 00000000ffffffff R09: 0000000000000000
[   33.136085] R10: 00007f1970807e00 R11: 00007f1970829660 R12: 00007ffe01d1de98
[   33.136090] R13: 00000000004030f5 R14: 000000000040ee08 R15: 00007f1970b11000
[   33.136101]  </TASK>
[   33.136107] Mem-Info:
[   33.151219] active_anon:5195 inactive_anon:51416 isolated_anon:0
[   33.151219]  active_file:2799 inactive_file:17 isolated_file:0
[   33.151219]  unevictable:0 dirty:3 writeback:0
[   33.151219]  slab_reclaimable:4325 slab_unreclaimable:24536
[   33.151219]  mapped:1573 shmem:39415 pagetables:1087
[   33.151219]  sec_pagetables:0 bounce:0
[   33.151219]  kernel_misc_reclaimable:0
[   33.151219]  free:85301 free_pcp:251 free_cma:0
[   33.155853] Node 0 active_anon:20780kB inactive_anon:205664kB active_file:11196kB inactive_file:68kB unevictable:0kB isolated(anon):0kB isolated(file):0kB mapped:6292kB dirty:12kB writeback:0kB shmem:157660kB shmem_thp:0kB shmem_pmdmapped:0kB anon_thp:0kB kernel_stack:8000kB pagetables:4348kB sec_pagetables:0kB all_unreclaimable? no Balloon:0kB
[   33.159499] Node 0 DMA free:11188kB boost:0kB min:444kB low:552kB high:660kB reserved_highatomic:0KB free_highatomic:0KB active_anon:4kB inactive_anon:3748kB active_file:40kB inactive_file:0kB unevictable:0kB writepending:0kB zspages:0kB present:15992kB managed:15360kB mlocked:0kB bounce:0kB free_pcp:4kB local_pcp:0kB free_cma:0kB
[   33.163040] lowmem_reserve[]: 0 1522 1522 1522 1522
[   33.163684] Node 0 DMA32 free:596548kB boost:14336kB min:58944kB low:70096kB high:81248kB reserved_highatomic:0KB free_highatomic:0KB active_anon:20776kB inactive_anon:201888kB active_file:11156kB inactive_file:68kB unevictable:0kB writepending:12kB zspages:0kB present:2080640kB managed:1559388kB mlocked:0kB bounce:0kB free_pcp:964kB local_pcp:0kB free_cma:0kB
[   33.167530] lowmem_reserve[]: 0 0 0 0 0
[   33.168055] Node 0 DMA: 2*4kB (UM) 2*8kB (U) 8*16kB (UME) 9*32kB (UME) 8*64kB (UME) 8*128kB (UME) 6*256kB (UME) 7*512kB (UME) 2*1024kB (ME) 1*2048kB (U) 0*4096kB = 11192kB
[   33.169833] Node 0 DMA32: 268*4kB (UME) 191*8kB (UME) 559*16kB (UME) 596*32kB (UME) 220*64kB (UME) 78*128kB (UME) 50*256kB (UME) 56*512kB (U) 222*1024kB (U) 123*2048kB (U) 37*4096kB (U) = 726936kB
[   33.170852] Node 0 hugepages_total=0 hugepages_free=0 hugepages_surp=0 hugepages_size=1048576kB
[   33.171309] Node 0 hugepages_total=0 hugepages_free=0 hugepages_surp=0 hugepages_size=2048kB
[   33.171773] 42261 total pagecache pages
[   33.171990] 0 pages in swap cache
[   33.172178] Free swap  = 0kB
[   33.172356] Total swap = 0kB
[   33.172522] 524158 pages RAM
[   33.172687] 0 pages HighMem/MovableOnly
[   33.172903] 130471 pages reserved
[   33.173089] 0 pages cma reserved
[   33.173272] 0 pages hwpoisoned
[   33.173450] Tasks state (memory values in pages):
[   33.173730] [  pid  ]   uid  tgid total_vm      rss rss_anon rss_file rss_shmem pgtables_bytes swapents oom_score_adj name
[   33.174450] [    141]     0   141     5474      848      256      400       192    81920        0          -250 systemd-journal
[   33.175065] [    162]     0   162     7810     1117      608      509         0    81920        0         -1000 systemd-udevd
[   33.175667] [    232]    32   232     3314      210      160       50         0    65536        0             0 rpcbind
[   33.176249] [    233]     0   233    22959      172      161       11         0    73728        0         -1000 auditd
[   33.176826] [    235]     0   235     1947       76       64       12         0    53248        0             0 sedispatch
[   33.177415] [    256]    81   256     2731      212      177       35         0    65536        0          -900 dbus-broker-lau
[   33.178053] [    257]    81   257     1316      320      117      203         0    49152        0          -900 dbus-broker
[   33.178641] [    258]     0   258    64427      856      832       24         0   143360        0             0 NetworkManager
[   33.179247] [    261]     0   261    19783       76       32       44         0    57344        0             0 irqbalance
[   33.179845] [    262]   992   262      678       35       32        3         0    45056        0             0 lsmd
[   33.180405] [    263]     0   263      700       67       32       35         0    45056        0             0 mcelog
[   33.180976] [    264]     0   264     4639      533      256      277         0    81920        0             0 systemd-logind
[   33.181593] [    266]     0   266     4496      492      224      268         0    73728        0             0 systemd-machine
[   33.182210] [    270]   985   270    21097      230      135       95         0    69632        0             0 chronyd
[   33.182783] [    276]     0   276     4419      254      224       30         0    77824        0             0 systemd-hostnam
[   33.183391] [    300]     0   300    39958      693      192      378       123    81920        0             0 rsyslogd
[   33.183970] [    302]     0   302     3951      361      320       41         0    69632        0         -1000 sshd
[   33.184533] [    304]     0   304    13748      220      187       33         0    94208        0             0 gssproxy
[   33.185111] [    306]     0   306    66148     3788     3407      381         0   155648        0             0 tuned
[   33.185685] [    317]     0   317   292079      768      576      192         0   258048        0             0 virtqemud
[   33.186276] [    322]     0   322     1169       62       32       30         0    45056        0             0 atd
[   33.186836] [    324]     0   324     2139      246      192       54         0    57344        0             0 crond
[   33.187406] [    344]     0   344      763       83       32       51         0    45056        0             0 agetty
[   33.187975] [    347]     0   347     1405       69       32       37         0    49152        0             0 agetty
[   33.188569] [    546]   998   546   644241     1253     1035      218         0   212992        0             0 polkitd
[   33.189145] [    590]     0   590     5110      925      448      477         0    77824        0           100 systemd
[   33.189731] [    591]     0   591    42781      989      949       40         0    98304        0           100 (sd-pam)
[   33.190312] [    694]     0   694     4741      486      448       38         0    77824        0             0 sshd
[   33.190878] [    696]     0   696     4741      676      477      199         0    77824        0             0 sshd
[   33.191444] [    697]     0   697     1782       76       64       12         0    57344        0             0 repro.sh
[   33.192021] [    722]     0   722     4736       36        0       36         0    40960        0             0 repro
[   33.192128] kexec: Could not allocate control_code_buffer
[   33.192585] [    723]     0   723     4736      140        0      140         0    40960        0             0 repro
[   33.194113] [    724]     0   724     4736      177        0      177         0    40960        0             0 repro
[   33.194662] [    725]     0   725     4736      146        0      146         0    40960        0             0 repro
[   33.195217] [    729]     0   729     4736      161        0      161         0    40960        0             0 repro
[   33.195771] [    730]     0   730     4736      162        0      162         0    40960        0             0 repro
[   33.196330] [    731]     0   731     4736      162        0      162         0    40960        0             0 repro
[   33.197088] [    732]     0   732     4736      123        0      123         0    40960        0             0 repro
[   33.198440] [    733]     0   733     4736      162        0      162         0    40960        0             0 repro
[   33.199975] [    734]     0   734     7886     1192      728      464         0    73728        0             0 systemd-udevd
[   33.201368] [    735]     0   735     7886     1165      706      459         0    73728        0             0 systemd-udevd
[   33.202790] [    741]     0   741     7810      685      664       21         0    69632        0             0 systemd-udevd
[   33.204203] [    742]     0   742     7873     1145      675      470         0    69632        0             0 systemd-udevd
[   33.205631] [    784]     0   784     7873      699      678       21         0    69632        0             0 systemd-udevd
[   33.207411] [    980]     0   980     4736      183        0      183         0    53248        0          1000 repro
[   33.208935] [    989]     0   989    38528      769      544      225         0    86016        0          1000 repro
[   33.210469] [    990]     0   990    38528      769      544      225         0    86016        0          1000 repro
[   33.211981] [    992]     0   992    38528      769      544      225         0    69632        0          1000 repro
[   33.213448] [    993]     0   993    38528      769      544      225         0    86016        0          1000 repro
[   33.214924] [    994]     0   994    38528      769      544      225         0    69632        0          1000 repro
[   33.216360] [    995]     0   995    38528      769      544      225         0    61440        0          1000 repro
[   33.217928] [    996]     0   996    38528      705      480      225         0    57344        0          1000 repro
[   33.219005] oom-kill:constraint=CONSTRAINT_NONE,nodemask=(null),cpuset=/,mems_allowed=0,global_oom,task_memcg=/user.slice/user-0.slice/session-6.scope,task=repro,pid=993,uid=0
[   33.220228] Out of memory: Killed process 993 (repro) total-vm:154112kB, anon-rss:2176kB, file-rss:900kB, shmem-rss:0kB, UID:0 pgtables:84kB oom_score_adj:1000
[   34.102275] repro invoked oom-killer: gfp_mask=0x440dc0(GFP_KERNEL_ACCOUNT|__GFP_ZERO|__GFP_COMP), order=0, oom_score_adj=1000
[   34.103726] CPU: 0 UID: 0 PID: 1014 Comm: repro Not tainted 6.18.0-ebaeabfa5ab7+ #1 PREEMPT(voluntary) 
[   34.103742] Hardware name: QEMU Standard PC (i440FX + PIIX, 1996), BIOS rel-1.16.0-0-gd239552ce722-prebuilt.qemu.org 04/01/2014
[   34.103750] Call Trace:
[   34.103754]  <TASK>
[   34.103760]  dump_stack_lvl+0x121/0x150
[   34.103790]  dump_stack+0x19/0x20
[   34.103804]  dump_header+0x10f/0x910
[   34.103820]  oom_kill_process+0x287/0xa40
[   34.103832]  out_of_memory+0x34c/0x1710
[   34.103846]  ? __pfx_out_of_memory+0x10/0x10
[   34.103861]  __alloc_pages_slowpath.constprop.0+0x1bc6/0x2270
[   34.103882]  ? __pfx___alloc_pages_slowpath.constprop.0+0x10/0x10
[   34.103898]  ? lock_release+0x1ea/0x2c0
[   34.103918]  __alloc_frozen_pages_noprof+0x5da/0x6e0
[   34.103928]  ? debug_smp_processor_id+0x20/0x30
[   34.103939]  ? rcu_is_watching+0x19/0xc0
[   34.103952]  ? __pfx___alloc_frozen_pages_noprof+0x10/0x10
[   34.103965]  ? __sanitizer_cov_trace_switch+0x58/0xa0
[   34.103984]  ? policy_nodemask+0xf9/0x450
[   34.103998]  alloc_pages_mpol+0x236/0x4c0
[   34.104013]  ? __pfx_alloc_pages_mpol+0x10/0x10
[   34.104024]  ? __kasan_check_write+0x18/0x20
[   34.104040]  ? do_raw_spin_lock+0x140/0x280
[   34.104051]  ? __pfx_do_raw_spin_lock+0x10/0x10
[   34.104060]  ? lock_acquire+0x1b1/0x310
[   34.104076]  alloc_frozen_pages_noprof+0xa9/0x180
[   34.104092]  alloc_pages_noprof+0x27/0xa0
[   34.104105]  pte_alloc_one+0x28/0x2d0
[   34.104122]  __pte_alloc+0x74/0x350
[   34.104157]  ? __pfx___pte_alloc+0x10/0x10
[   34.104170]  ? lock_release+0x1ea/0x2c0
[   34.104187]  do_anonymous_page+0x1135/0x1b30
[   34.104197]  ? debug_smp_processor_id+0x20/0x30
[   34.104207]  ? pmd_val+0x5d/0xc0
[   34.104217]  ? __pfx_pmd_val+0x10/0x10
[   34.104231]  __handle_mm_fault+0x1d96/0x2d70
[   34.104246]  ? __pfx___handle_mm_fault+0x10/0x10
[   34.104256]  ? lock_vma_under_rcu+0x3f/0x590
[   34.104267]  ? debug_smp_processor_id+0x20/0x30
[   34.104276]  ? rcu_is_watching+0x19/0xc0
[   34.104287]  ? lock_release+0x1ea/0x2c0
[   34.104309]  handle_mm_fault+0x2de/0x920
[   34.104322]  do_user_addr_fault+0x526/0xfe0
[   34.104334]  ? rcu_is_watching+0x19/0xc0
[   34.104347]  exc_page_fault+0xc9/0x1d0
[   34.104363]  asm_exc_page_fault+0x2b/0x30
[   34.104373] RIP: 0033:0x401c72
[   34.104384] Code: 00 00 8b 55 e4 48 8b 45 d8 48 8b 40 10 48 39 c2 77 4f 48 8b 45 d8 48 8b 10 48 8b 45 d8 48 8b 40 10 8b 4d e4 48 29 c8 48 01 d0 <0f> b6 00 84 c0 74 30 48 8b 45 d8 48 8b 10 48 8b 45 d8 48 8b 40 10
[   34.104404] RSP: 002b:00007ffe01d1d370 EFLAGS: 00010206
[   34.104415] RAX: 00007f1968800000 RBX: 0000000000000001 RCX: 0000000000000001
[   34.104422] RDX: 00007f1968400000 RSI: 0000000000000000 RDI: 00007ffe01d1d980
[   34.104429] RBP: 00007ffe01d1d3b0 R08: 00000000ffffffff R09: 0000000000000000
[   34.104435] R10: 00007f1970807e00 R11: 00007f1970829660 R12: 00007ffe01d1de98
[   34.104442] R13: 00000000004030f5 R14: 000000000040ee08 R15: 00007f1970b11000
[   34.104458]  </TASK>
[   34.104464] Mem-Info:
[   34.138757] active_anon:5195 inactive_anon:50129 isolated_anon:0
[   34.138757]  active_file:54 inactive_file:37 isolated_file:0
[   34.138757]  unevictable:0 dirty:6 writeback:0
[   34.138757]  slab_reclaimable:4318 slab_unreclaimable:24561
[   34.138757]  mapped:260 shmem:37827 pagetables:1102
[   34.138757]  sec_pagetables:0 bounce:0
[   34.138757]  kernel_misc_reclaimable:0
[   34.138757]  free:12784 free_pcp:1152 free_cma:0
[   34.143384] Node 0 active_anon:20780kB inactive_anon:200516kB active_file:216kB inactive_file:148kB unevictable:0kB isolated(anon):0kB isolated(file):0kB mapped:1040kB dirty:24kB writeback:0kB shmem:151308kB shmem_thp:0kB shmem_pmdmapped:0kB anon_thp:0kB kernel_stack:8000kB pagetables:4408kB sec_pagetables:0kB all_unreclaimable? no Balloon:0kB
[   34.147036] Node 0 DMA free:6480kB boost:0kB min:444kB low:552kB high:660kB reserved_highatomic:0KB free_highatomic:0KB active_anon:4kB inactive_anon:3692kB active_file:40kB inactive_file:0kB unevictable:0kB writepending:0kB zspages:0kB present:15992kB managed:15360kB mlocked:0kB bounce:0kB free_pcp:0kB local_pcp:0kB free_cma:0kB
[   34.150564] lowmem_reserve[]: 0 1522 1522 1522 1522
[   34.151218] Node 0 DMA32 free:46420kB boost:0kB min:44608kB low:55760kB high:66912kB reserved_highatomic:0KB free_highatomic:0KB active_anon:20776kB inactive_anon:196824kB active_file:216kB inactive_file:148kB unevictable:0kB writepending:24kB zspages:0kB present:2080640kB managed:1559388kB mlocked:0kB bounce:0kB free_pcp:3052kB local_pcp:0kB free_cma:0kB
[   34.154975] lowmem_reserve[]: 0 0 0 0 0
[   34.155697] Node 0 DMA: 1*4kB (M) 4*8kB (M) 3*16kB (ME) 4*32kB (UME) 2*64kB (UE) 2*128kB (UE) 3*256kB (UME) 2*512kB (UE) 2*1024kB (UE) 1*2048kB (M) 0*4096kB = 6484kB
[   34.157641] Node 0 DMA32: 55*4kB (M) 688*8kB (M) 730*16kB (ME) 358*32kB (ME) 169*64kB (ME) 33*128kB (ME) 12*256kB (ME) 0*512kB 0*1024kB 0*2048kB 0*4096kB = 46972kB
[   34.159490] Node 0 hugepages_total=0 hugepages_free=0 hugepages_surp=0 hugepages_size=1048576kB
[   34.160556] Node 0 hugepages_total=0 hugepages_free=0 hugepages_surp=0 hugepages_size=2048kB
[   34.161618] 37931 total pagecache pages
[   34.162121] 0 pages in swap cache
[   34.162553] Free swap  = 0kB
[   34.162942] Total swap = 0kB
[   34.163329] 524158 pages RAM
[   34.163714] 0 pages HighMem/MovableOnly
[   34.164212] 130471 pages reserved
[   34.164653] 0 pages cma reserved
[   34.165084] 0 pages hwpoisoned
[   34.165509] Tasks state (memory values in pages):
[   34.166132] [  pid  ]   uid  tgid total_vm      rss rss_anon rss_file rss_shmem pgtables_bytes swapents oom_score_adj name
[   34.167250] [    141]     0   141     5474      472      256       24       192    81920        0          -250 systemd-journal
[   34.167893] [    162]     0   162     7810      613      608        5         0    81920        0         -1000 systemd-udevd
[   34.168517] [    232]    32   232     3314      210      160       50         0    65536        0             0 rpcbind
[   34.169116] [    233]     0   233    22959      172      161       11         0    73728        0         -1000 auditd
[   34.169729] [    235]     0   235     1947       76       64       12         0    53248        0             0 sedispatch
[   34.170346] [    256]    81   256     2731      212      177       35         0    65536        0          -900 dbus-broker-lau
[   34.170985] [    257]    81   257     1316      128      117       11         0    49152        0          -900 dbus-broker
[   34.171603] [    258]     0   258    64427      889      832       57         0   143360        0             0 NetworkManager
[   34.172241] [    261]     0   261    19783       76       32       44         0    57344        0             0 irqbalance
[   34.172870] [    262]   992   262      678       35       32        3         0    45056        0             0 lsmd
[   34.173457] [    263]     0   263      700       67       32       35         0    45056        0             0 mcelog
[   34.174067] [    264]     0   264     4639      277      256       21         0    81920        0             0 systemd-logind
[   34.175142] [    266]     0   266     4496      236      224       12         0    73728        0             0 systemd-machine
[   34.175788] [    270]   985   270    21097      166      135       31         0    69632        0             0 chronyd
[   34.176383] [    276]     0   276     4419      254      224       30         0    77824        0             0 systemd-hostnam
[   34.177017] [    300]     0   300    39958      456      224       42       190    81920        0             0 rsyslogd
[   34.177633] [    302]     0   302     3951      361      320       41         0    69632        0         -1000 sshd
[   34.178659] [    304]     0   304    13748      220      187       33         0    94208        0             0 gssproxy
[   34.179625] [    306]     0   306    66148     3437     3407       30         0   155648        0             0 tuned
[   34.180224] [    317]     0   317   292079      608      576       32         0   258048        0             0 virtqemud
[   34.180832] [    322]     0   322     1169       62       32       30         0    45056        0             0 atd
[   34.181887] [    324]     0   324     2139      246      192       54         0    57344        0             0 crond
[   34.182531] [    344]     0   344      763       83       32       51         0    45056        0             0 agetty
[   34.183130] [    347]     0   347     1405       69       32       37         0    49152        0             0 agetty
[   34.183722] [    546]   998   546   644241     1093     1035       58         0   212992        0             0 polkitd
[   34.184324] [    590]     0   590     5110      470      448       22         0    77824        0           100 systemd
[   34.184926] [    591]     0   591    42781      989      949       40         0    98304        0           100 (sd-pam)
[   34.185528] [    694]     0   694     4741      486      448       38         0    77824        0             0 sshd
[   34.186551] [    696]     0   696     4741      516      477       39         0    77824        0             0 sshd
[   34.187642] [    697]     0   697     1782       76       64       12         0    57344        0             0 repro.sh
[   34.188637] [    722]     0   722     4736       36        0       36         0    40960        0             0 repro
[   34.189233] [    723]     0   723     4736       44        0       44         0    40960        0             0 repro
[   34.189831] [    724]     0   724     4736       17        0       17         0    40960        0             0 repro
[   34.190419] [    725]     0   725     4736       50        0       50         0    40960        0             0 repro
[   34.191025] [    729]     0   729     4736       33        0       33         0    40960        0             0 repro
[   34.191613] [    730]     0   730     4736       34        0       34         0    40960        0             0 repro
[   34.192202] [    731]     0   731     4736       34        0       34         0    40960        0             0 repro
[   34.192791] [    732]     0   732     4736       27        0       27         0    40960        0             0 repro
[   34.193378] [    733]     0   733     4736       34        0       34         0    40960        0             0 repro
[   34.193984] [    734]     0   734     7886      757      728       29         0    73728        0             0 systemd-udevd
[   34.194618] [    735]     0   735     7886      739      706       33         0    73728        0             0 systemd-udevd
[   34.195253] [    741]     0   741     7810      685      664       21         0    69632        0             0 systemd-udevd
[   34.195910] [    742]     0   742     7873      729      675       54         0    69632        0             0 systemd-udevd
[   34.196575] [    784]     0   784     7873      699      678       21         0    69632        0             0 systemd-udevd
[   34.197230] [    997]     0   997     4736       23        0       23         0    53248        0          1000 repro
[   34.197866] [   1007]     0  1007    38528      609      576       33         0    86016        0          1000 repro
[   34.198476] [   1009]     0  1009    38528      609      576       33         0    86016        0          1000 repro
[   34.199073] [   1010]     0  1010    38528      609      576       33         0    86016        0          1000 repro
[   34.199666] [   1011]     0  1011    38528      577      544       33         0    69632        0          1000 repro
[   34.200257] [   1012]     0  1012    38528      577      544       33         0    69632        0          1000 repro
[   34.200849] [   1013]     0  1013    38528      545      512       33         0    65536        0          1000 repro
[   34.201445] [   1014]     0  1014    38528      577      544       33         0    61440        0          1000 repro
[   34.202415] oom-kill:constraint=CONSTRAINT_NONE,nodemask=(null),cpuset=/,mems_allowed=0,global_oom,task_memcg=/user.slice/user-0.slice/session-6.scope,task=repro,pid=1010,uid=0
[   34.203326] Out of memory: Killed process 1010 (repro) total-vm:154112kB, anon-rss:2304kB, file-rss:132kB, shmem-rss:0kB, UID:0 pgtables:84kB oom_score_adj:1000
[   34.266134] kexec: Could not allocate control_code_buffer
[   35.065406] kexec: Could not allocate control_code_buffer
[   35.301699] kexec: Could not allocate control_code_buffer
[   35.907895] kexec: Could not allocate control_code_buffer
[   36.403567] kexec: Could not allocate control_code_buffer
[   37.168135] kexec: Could not allocate control_code_buffer
[   37.876725] kexec: Could not allocate control_code_buffer
[   38.373518] kexec: Could not allocate control_code_buffer
[   38.951043] kexec: Could not allocate control_code_buffer
[   39.811525] kexec: Could not allocate control_code_buffer
[   41.078644] kexec: Could not allocate control_code_buffer
[   41.979907] kexec: Could not allocate control_code_buffer
[   42.551017] warn_alloc: 13 callbacks suppressed
[   42.551033] repro: page allocation failure: order:0, mode:0x10cc0(GFP_KERNEL|__GFP_NORETRY), nodemask=(null),cpuset=/,mems_allowed=0
