c[?7l[2J[0mSeaBIOS (version rel-1.16.0-0-gd239552ce722-prebuilt.qemu.org)


iPXE (http://ipxe.org) 00:03.0 CA00 PCI2.10 PnP PMM+7FF91000+7FEF1000 CA00
Press Ctrl-B to configure iPXE (PCI 00:03.0)...                                                                               


Booting from ROM...
c[?7l[2J[    0.000000] Linux version 7.0.0-rc4-next-20260317-8e5a478b6d6a (root@p-arls02) (gcc (GCC) 11.5.0 20240719 (Red Hat 11.5.0-14), GNU ld version 2.35.2-72.el9) #1 SMP PREEMPT_DYNAMIC Wed Mar 18 09:11:25 CST 2026
[    0.000000] Command line: console=ttyS0 root=/dev/sda earlyprintk=serial net.ifnames=0 plymouth.enable=0
[    0.000000] KERNEL supported cpus:
[    0.000000]   Intel GenuineIntel
[    0.000000]   AMD AuthenticAMD
[    0.000000]   Hygon HygonGenuine
[    0.000000]   Centaur CentaurHauls
[    0.000000]   zhaoxin   Shanghai  
[    0.000000] x86/CPU: Model not found in latest microcode list
[    0.000000] x86/split lock detection: #DB: warning on user-space bus_locks
[    0.000000] BIOS-provided physical RAM map:
[    0.000000] BIOS-e820: [mem 0x0000000000000000-0x000000000009fbff]  System RAM
[    0.000000] BIOS-e820: [mem 0x000000000009fc00-0x000000000009ffff]  device reserved
[    0.000000] BIOS-e820: [gap 0x00000000000a0000-0x00000000000effff]
[    0.000000] BIOS-e820: [mem 0x00000000000f0000-0x00000000000fffff]  device reserved
[    0.000000] BIOS-e820: [mem 0x0000000000100000-0x000000007ffdffff]  System RAM
[    0.000000] BIOS-e820: [mem 0x000000007ffe0000-0x000000007fffffff]  device reserved
[    0.000000] BIOS-e820: [gap 0x0000000080000000-0x00000000feffbfff]
[    0.000000] BIOS-e820: [mem 0x00000000feffc000-0x00000000feffffff]  device reserved
[    0.000000] BIOS-e820: [gap 0x00000000ff000000-0x00000000fffbffff]
[    0.000000] BIOS-e820: [mem 0x00000000fffc0000-0x00000000ffffffff]  device reserved
[    0.000000] printk: legacy bootconsole [earlyser0] enabled
[    0.000000] NX (Execute Disable) protection: active
[    0.000000] APIC: Static calls initialized
[    0.000000] SMBIOS 2.8 present.
[    0.000000] DMI: QEMU Standard PC (i440FX + PIIX, 1996), BIOS rel-1.16.0-0-gd239552ce722-prebuilt.qemu.org 04/01/2014
[    0.000000] DMI: Memory slots populated: 1/1
[    0.000000] Hypervisor detected: KVM
[    0.000000] last_pfn = 0x7ffe0 max_arch_pfn = 0x400000000
[    0.000000] kvm-clock: Using msrs 4b564d01 and 4b564d00
[    0.000004] kvm-clock: using sched offset of 1188135604 cycles
[    0.000438] clocksource: kvm-clock: mask: 0xffffffffffffffff max_cycles: 0x1cd42e4dffb, max_idle_ns: 881590591483 ns
[    0.001798] tsc: Detected 1267.200 MHz processor
[    0.008442] last_pfn = 0x7ffe0 max_arch_pfn = 0x400000000
[    0.008922] MTRR map: 4 entries (3 fixed + 1 variable; max 19), built from 8 variable MTRRs
[    0.009616] x86/PAT: Configuration [0-7]: WB  WC  UC- UC  WB  WP  UC- WT  
[    0.020277] found SMP MP-table at [mem 0x000f5ba0-0x000f5baf]
[    0.020801] Using GB pages for direct mapping
[    0.023019] ACPI: Early table checksum verification disabled
[    0.023496] ACPI: RSDP 0x00000000000F59C0 000014 (v00 BOCHS )
[    0.023992] ACPI: RSDT 0x000000007FFE1951 000034 (v01 BOCHS  BXPC     00000001 BXPC 00000001)
[    0.024724] ACPI: FACP 0x000000007FFE17FD 000074 (v01 BOCHS  BXPC     00000001 BXPC 00000001)
[    0.025451] ACPI: DSDT 0x000000007FFE0040 0017BD (v01 BOCHS  BXPC     00000001 BXPC 00000001)
[    0.026180] ACPI: FACS 0x000000007FFE0000 000040
[    0.026580] ACPI: APIC 0x000000007FFE1871 000080 (v01 BOCHS  BXPC     00000001 BXPC 00000001)
[    0.027305] ACPI: HPET 0x000000007FFE18F1 000038 (v01 BOCHS  BXPC     00000001 BXPC 00000001)
[    0.028030] ACPI: WAET 0x000000007FFE1929 000028 (v01 BOCHS  BXPC     00000001 BXPC 00000001)
[    0.028754] ACPI: Reserving FACP table memory at [mem 0x7ffe17fd-0x7ffe1870]
[    0.029346] ACPI: Reserving DSDT table memory at [mem 0x7ffe0040-0x7ffe17fc]
[    0.029933] ACPI: Reserving FACS table memory at [mem 0x7ffe0000-0x7ffe003f]
[    0.030521] ACPI: Reserving APIC table memory at [mem 0x7ffe1871-0x7ffe18f0]
[    0.031107] ACPI: Reserving HPET table memory at [mem 0x7ffe18f1-0x7ffe1928]
[    0.031692] ACPI: Reserving WAET table memory at [mem 0x7ffe1929-0x7ffe1950]
[    0.032763] No NUMA configuration found
[    0.033083] Faking a node at [mem 0x0000000000000000-0x000000007ffdffff]
[    0.033676] NODE_DATA(0) allocated [mem 0x7ffb4c00-0x7ffdfcbf]
[    0.839717] KernelAddressSanitizer initialized (generic)
[    0.840562] ACPI: PM-Timer IO Port: 0x608
[    0.840955] ACPI: LAPIC_NMI (acpi_id[0xff] dfl dfl lint[0x1])
[    0.841559] IOAPIC[0]: apic_id 0, version 17, address 0xfec00000, GSI 0-23
[    0.842155] ACPI: INT_SRC_OVR (bus 0 bus_irq 0 global_irq 2 dfl dfl)
[    0.842688] ACPI: INT_SRC_OVR (bus 0 bus_irq 5 global_irq 5 high level)
[    0.843234] ACPI: INT_SRC_OVR (bus 0 bus_irq 9 global_irq 9 high level)
[    0.843784] ACPI: INT_SRC_OVR (bus 0 bus_irq 10 global_irq 10 high level)
[    0.844344] ACPI: INT_SRC_OVR (bus 0 bus_irq 11 global_irq 11 high level)
[    0.844919] ACPI: Using ACPI (MADT) for SMP configuration information
[    0.845452] ACPI: HPET id: 0x8086a201 base: 0xfed00000
[    0.845905] TSC deadline timer available
[    0.846240] CPU topo: Max. logical packages:   1
[    0.846629] CPU topo: Max. logical nodes:      1
[    0.847014] CPU topo: Num. nodes per package:  1
[    0.847397] CPU topo: Max. logical dies:       1
[    0.847782] CPU topo: Max. dies per package:   1
[    0.848166] CPU topo: Max. threads per core:   1
[    0.848553] CPU topo: Num. cores per package:     2
[    0.848955] CPU topo: Num. threads per package:   2
[    0.849358] CPU topo: Allowing 2 present CPUs plus 0 hotplug CPUs
[    0.849988] kvm-guest: APIC: eoi() replaced with kvm_guest_apic_eoi_write()
[    0.850635] kvm-guest: KVM setup pv remote TLB flush
[    0.851049] kvm-guest: setup PV sched yield
[    0.851457] PM: hibernation: Registered nosave memory: [mem 0x00000000-0x00000fff]
[    0.852087] PM: hibernation: Registered nosave memory: [mem 0x0009f000-0x000fffff]
[    0.852717] [gap 0x80000000-0xfeffbfff] available for PCI devices
[    0.853229] Booting paravirtualized kernel on KVM
[    0.853650] clocksource: refined-jiffies: mask: 0xffffffff max_cycles: 0xffffffff, max_idle_ns: 7645519600211568 ns
[    0.854640] Section 13 and 15 (node 0) have a circular dependency on usemap and pgdat allocations
[    0.855383] Zone ranges:
[    0.855598]   DMA      [mem 0x0000000000001000-0x0000000000ffffff]
[    0.856107]   DMA32    [mem 0x0000000001000000-0x000000007ffdffff]
[    0.856619]   Normal   empty
[    0.856860]   Device   empty
[    0.857103] Movable zone start for each node
[    0.857465] Early memory node ranges
[    0.857766]   node   0: [mem 0x0000000000001000-0x000000000009efff]
[    0.858286]   node   0: [mem 0x0000000000100000-0x000000007ffdffff]
[    0.858811] Initmem setup node 0 [mem 0x0000000000001000-0x000000007ffdffff]
[    0.859755] On node 0, zone DMA: 1 pages in unavailable ranges
[    0.860544] On node 0, zone DMA: 97 pages in unavailable ranges
[    0.902985] On node 0, zone DMA32: 32 pages in unavailable ranges
[    0.903581] setup_percpu: NR_CPUS:8192 nr_cpumask_bits:2 nr_cpu_ids:2 nr_node_ids:1
[    0.906328] percpu: Embedded 81 pages/cpu s294912 r8192 d28672 u1048576
[    0.907080] kvm-guest: PV spinlocks enabled
[    0.907446] PV qspinlock hash table entries: 256 (order: 0, 4096 bytes, linear)
[    0.908071] Kernel command line: net.ifnames=0 console=ttyS0 root=/dev/sda earlyprintk=serial net.ifnames=0 plymouth.enable=0
[    0.909566] random: crng init done
[    0.909857] printk: log buffer data + meta data: 262144 + 1114112 = 1376256 bytes
[    0.965005] Dentry cache hash table entries: 262144 (order: 9, 2097152 bytes, linear)
[    0.967180] Inode-cache hash table entries: 131072 (order: 8, 1048576 bytes, linear)
[    0.968308] Fallback order for Node 0: 0 
[    0.968329] Built 1 zonelists, mobility grouping on.  Total pages: 524158
[    0.969188] Policy zone: DMA32
[    0.969437] mem auto-init: stack:off, heap alloc:off, heap free:off
[    0.969936] stackdepot: allocating hash table via alloc_large_system_hash
[    0.970469] stackdepot hash table entries: 1048576 (order: 12, 16777216 bytes, linear)
[    0.986573] stackdepot: allocating space for 8192 stack pools via memblock
[    1.122917] SLUB: HWalign=64, Order=0-3, MinObjects=0, CPUs=2, Nodes=1
[    1.123479] kmemleak: Kernel memory leak detector disabled
[    1.166067] ftrace: allocating 75976 entries in 300 pages
[    1.166553] ftrace: allocated 300 pages with 4 groups
[    1.171193] Dynamic Preempt: lazy
[    1.172144] Running RCU self tests
[    1.172437] Running RCU synchronous self tests
[    1.172803] rcu: Preemptible hierarchical RCU implementation.
[    1.173269] rcu: 	RCU lockdep checking is enabled.
[    1.173664] rcu: 	RCU restricting CPUs from NR_CPUS=8192 to nr_cpu_ids=2.
[    1.174216] 	Trampoline variant of Tasks RCU enabled.
[    1.174632] 	Rude variant of Tasks RCU enabled.
[    1.175005] 	Tracing variant of Tasks RCU enabled.
[    1.175399] rcu: RCU calculated value of scheduler-enlistment delay is 25 jiffies.
[    1.176019] rcu: Adjusting geometry for rcu_fanout_leaf=16, nr_cpu_ids=2
[    1.176678] Running RCU synchronous self tests
[    1.177047] RCU Tasks: Setting shift to 1 and lim to 1 rcu_task_cb_adjust=1 rcu_task_cpu_ids=2.
[    1.177761] RCU Tasks Rude: Setting shift to 1 and lim to 1 rcu_task_cb_adjust=1 rcu_task_cpu_ids=2.
[    1.250532] NR_IRQS: 524544, nr_irqs: 440, preallocated irqs: 16
[    1.251688] rcu: srcu_init: Setting srcu_struct sizes based on contention.
[    1.259406] Console: colour VGA+ 80x25
[    1.259829] printk: legacy console [ttyS0] enabled
[    1.259829] printk: legacy console [ttyS0] enabled
[    1.260640] printk: legacy bootconsole [earlyser0] disabled
[    1.260640] printk: legacy bootconsole [earlyser0] disabled
[    1.261597] Lock dependency validator: Copyright (c) 2006 Red Hat, Inc., Ingo Molnar
[    1.262249] ... MAX_LOCKDEP_SUBCLASSES:  8
[    1.262602] ... MAX_LOCK_DEPTH:          48
[    1.262960] ... MAX_LOCKDEP_KEYS:        8192
[    1.263342] ... CLASSHASH_SIZE:          4096
[    1.263719] ... MAX_LOCKDEP_ENTRIES:     524288
[    1.264107] ... MAX_LOCKDEP_CHAINS:      524288
[    1.264495] ... CHAINHASH_SIZE:          262144
[    1.264881]  memory used by lock dependency info: 54145 kB
[    1.265348]  memory used for stack traces: 4224 kB
[    1.265762]  per task-struct memory footprint: 1920 bytes
[    1.266335] ACPI: Core revision 20251212
[    1.267151] clocksource: hpet: mask: 0xffffffff max_cycles: 0xffffffff, max_idle_ns: 19112604467 ns
[    1.268128] APIC: Switch to symmetric I/O mode setup
[    1.268735] x2apic enabled
[    1.269365] APIC: Switched APIC routing to: physical x2apic
[    1.269847] kvm-guest: APIC: send_IPI_mask() replaced with kvm_send_ipi_mask()
[    1.270469] kvm-guest: APIC: send_IPI_mask_allbutself() replaced with kvm_send_ipi_mask_allbutself()
[    1.271245] kvm-guest: setup PV IPIs
[    1.272617] ..TIMER: vector=0x30 apic1=0 pin1=2 apic2=-1 pin2=-1
[    1.273141] clocksource: tsc-early: mask: 0xffffffffffffffff max_cycles: 0x12441513526, max_idle_ns: 440795239872 ns
[    1.274056] Calibrating delay loop (skipped) preset value.. 2534.40 BogoMIPS (lpj=5068800)
[    1.274942] CPU0: Thermal monitoring enabled (TM1)
[    1.275367] x86/cpu: User Mode Instruction Prevention (UMIP) activated
[    1.278070] Last level iTLB entries: 4KB 0, 2MB 0, 4MB 0
[    1.278526] Last level dTLB entries: 4KB 0, 2MB 0, 4MB 0, 1GB 0
[    1.279054] mitigations: Enabled attack vectors: user_kernel, user_user, guest_host, guest_guest, SMT mitigations: auto
[    1.279982] Speculative Store Bypass: Mitigation: Speculative Store Bypass disabled via prctl
[    1.280699] Spectre V2 : Mitigation: Enhanced / Automatic IBRS
[    1.281191] ITS: Mitigation: Aligned branch/return thunks
[    1.281651] Spectre V1 : Mitigation: usercopy/swapgs barriers and __user pointer sanitization
[    1.282040] Spectre V2 : WARNING: Unprivileged eBPF is enabled with eIBRS on, data leaks possible via Spectre v2 BHB attacks!
[    1.282979] Spectre V2 : Spectre v2 / PBRSB-eIBRS: Retire a single CALL on VMEXIT
[    1.283598] Spectre V2 : mitigation: Enabling conditional Indirect Branch Prediction Barrier
[    1.284287] active return thunk: its_return_thunk
[    1.284690] Spectre V2 : Spectre BHI mitigation: SW BHB clearing on syscall and VM exit
[    1.285380] x86/fpu: Supporting XSAVE feature 0x001: 'x87 floating point registers'
[    1.286041] x86/fpu: Supporting XSAVE feature 0x002: 'SSE registers'
[    1.286576] x86/fpu: Supporting XSAVE feature 0x004: 'AVX registers'
[    1.287108] x86/fpu: Supporting XSAVE feature 0x200: 'Protection Keys User registers'
[    1.287759] x86/fpu: xstate_offset[2]:  576, xstate_sizes[2]:  256
[    1.288280] x86/fpu: xstate_offset[9]:  832, xstate_sizes[9]:    8
[    1.288798] x86/fpu: Enabled xstate features 0x207, context size is 840 bytes, using 'compacted' format.
[    1.431166] Freeing SMP alternatives memory: 64K
[    1.431589] pid_max: default: 32768 minimum: 301
[    1.432523] Yama: becoming mindful.
[    1.433370] Mount-cache hash table entries: 4096 (order: 3, 32768 bytes, linear)
[    1.434003] Mountpoint-cache hash table entries: 4096 (order: 3, 32768 bytes, linear)
[    1.434889] VFS: Finished mounting rootfs on nullfs
[    1.436840] Running RCU synchronous self tests
[    1.437224] Running RCU synchronous self tests
[    1.438581] smpboot: CPU0: Genuine Intel(R) 0000 @ (family: 0x6, model: 0xc6, stepping: 0x0)
[    1.440504] Performance Events: unsupported CPU family 6 model 198 no PMU driver, software events only.
[    1.441439] signal: max sigframe size: 3632
[    1.442007] rcu: Hierarchical SRCU implementation.
[    1.442035] rcu: 	Max phase no-delay instances is 1000.
[    1.442438] Timer migration: 1 hierarchy levels; 8 children per group; 1 crossnode level
[    1.461705] NMI watchdog: Perf NMI watchdog permanently disabled
[    1.462368] smp: Bringing up secondary CPUs ...
[    1.463713] smpboot: x86: Booting SMP configuration:
[    1.464143] .... node  #0, CPUs:      #1
[    1.464471] smp: Brought up 1 node, 2 CPUs
[    1.466413] smpboot: Total of 2 processors activated (5068.80 BogoMIPS)
[    1.467856] Memory: 1537716K/2096632K available (81653K kernel code, 16440K rwdata, 19132K rodata, 16620K init, 68928K bss, 546452K reserved, 0K cma-reserved)
[    1.470745] devtmpfs: initialized
[    1.471414] x86/mm: Memory block size: 128MB
[    1.486832] Running RCU synchronous self tests
[    1.487254] Running RCU synchronous self tests
[    1.487780] Running RCU Tasks wait API self tests
[    1.487780] Running RCU Tasks Rude wait API self tests
[    1.487780] Running RCU Tasks Trace wait API self tests
[    1.487780] clocksource: jiffies: mask: 0xffffffff max_cycles: 0xffffffff, max_idle_ns: 7645041785100000 ns
[    1.490104] posixtimers hash table entries: 1024 (order: 5, 73728 bytes, linear)
[    1.490837] futex hash table entries: 512 (65536 bytes on 1 NUMA nodes, total 64 KiB, linear).
[    1.493799] 
[    1.493947] *************************************************************
[    1.494088] **     NOTICE NOTICE NOTICE NOTICE NOTICE NOTICE NOTICE    **
[    1.494658] **                                                         **
[    1.495221] **  IOMMU DebugFS SUPPORT HAS BEEN ENABLED IN THIS KERNEL  **
[    1.495786] **                                                         **
[    1.496350] ** This means that this kernel is built to expose internal **
[    1.496913] ** IOMMU data structures, which may compromise security on **
[    1.497474] ** your system.                                            **
[    1.498035] **                                                         **
[    1.498668] ** If you see this message and you are not debugging the   **
[    1.499230] ** kernel, report this immediately to your vendor!         **
[    1.499795] **                                                         **
[    1.500361] **     NOTICE NOTICE NOTICE NOTICE NOTICE NOTICE NOTICE    **
[    1.500922] *************************************************************
[    1.501570] PM: RTC time: 18:00:45, date: 2026-03-18
[    1.506595] NET: Registered PF_NETLINK/PF_ROUTE protocol family
[    1.508907] DMA: preallocated 256 KiB GFP_KERNEL|GFP_DMA pool for atomic allocations
[    1.509593] DMA: preallocated 256 KiB GFP_KERNEL|GFP_DMA32 pool for atomic allocations
[    1.510057] Callback from call_rcu_tasks_trace() invoked.
[    1.510629] audit: initializing netlink subsys (disabled)
[    1.511248] audit: type=2000 audit(1773856846.074:1): state=initialized audit_enabled=0 res=1
[    1.512257] thermal_sys: Registered thermal governor 'fair_share'
[    1.512267] thermal_sys: Registered thermal governor 'bang_bang'
[    1.514049] thermal_sys: Registered thermal governor 'step_wise'
[    1.514556] thermal_sys: Registered thermal governor 'user_space'
[    1.515145] cpuidle: using governor ladder
[    1.516027] cpuidle: using governor menu
[    1.516772] acpiphp: ACPI Hot Plug PCI Controller Driver version: 0.5
[    1.518306] PCI: Using configuration type 1 for base access
[    1.518950] virt/tdx: TDX not supported by the host platform
[    1.519875] kprobes: kprobe jump-optimization is enabled. All kprobes are optimized if possible.
[    1.530122] HugeTLB: registered 1.00 GiB page size, pre-allocated 0 pages
[    1.530705] HugeTLB: 16380 KiB vmemmap can be freed for a 1.00 GiB page
[    1.531268] HugeTLB: registered 2.00 MiB page size, pre-allocated 0 pages
[    1.531836] HugeTLB: 28 KiB vmemmap can be freed for a 2.00 MiB page
[    1.580718] ACPI: Added _OSI(Module Device)
[    1.581124] ACPI: Added _OSI(Processor Device)
[    1.581502] ACPI: Added _OSI(Processor Aggregator Device)
[    1.613315] ACPI: 1 ACPI AML tables successfully acquired and loaded
[    1.632685] ACPI: \_SB_: platform _OSC: OS support mask [002e7eff]
[    1.635694] ACPI: Interpreter enabled
[    1.636151] ACPI: PM: (supports S0 S3 S4 S5)
[    1.636513] ACPI: Using IOAPIC for interrupt routing
[    1.637042] PCI: Using host bridge windows from ACPI; if necessary, use "pci=nocrs" and report a bug
[    1.637797] PCI: Using E820 reservations for host bridge windows
[    1.639316] ACPI: Enabled 2 GPEs in block 00 to 0F
[    1.695934] ACPI: PCI Root Bridge [PCI0] (domain 0000 [bus 00-ff])
[    1.696521] acpi PNP0A03:00: _OSC: OS supports [ASPM ClockPM Segments MSI EDR HPX-Type3]
[    1.697198] acpi PNP0A03:00: _OSC: not requesting OS control; OS requires [ExtendedConfig ASPM ClockPM MSI]
[    1.698078] acpi PNP0A03:00: _OSC: platform retains control of PCIe features (AE_ERROR)
[    1.698856] acpi PNP0A03:00: fail to add MMCONFIG information, can't access extended configuration space under this bridge
[    1.704529] acpiphp: Slot [3] registered
[    1.704986] acpiphp: Slot [4] registered
[    1.705467] acpiphp: Slot [5] registered
[    1.705926] acpiphp: Slot [6] registered
[    1.706175] acpiphp: Slot [7] registered
[    1.706641] acpiphp: Slot [8] registered
[    1.707132] acpiphp: Slot [9] registered
[    1.707590] acpiphp: Slot [10] registered
[    1.708057] acpiphp: Slot [11] registered
[    1.708544] acpiphp: Slot [12] registered
[    1.709050] acpiphp: Slot [13] registered
[    1.709529] acpiphp: Slot [14] registered
[    1.710008] acpiphp: Slot [15] registered
[    1.710178] acpiphp: Slot [16] registered
[    1.710689] acpiphp: Slot [17] registered
[    1.711192] acpiphp: Slot [18] registered
[    1.711690] acpiphp: Slot [19] registered
[    1.712172] acpiphp: Slot [20] registered
[    1.712683] acpiphp: Slot [21] registered
[    1.713162] acpiphp: Slot [22] registered
[    1.713644] acpiphp: Slot [23] registered
[    1.714134] acpiphp: Slot [24] registered
[    1.714642] acpiphp: Slot [25] registered
[    1.715127] acpiphp: Slot [26] registered
[    1.715631] acpiphp: Slot [27] registered
[    1.716105] acpiphp: Slot [28] registered
[    1.716609] acpiphp: Slot [29] registered
[    1.717073] acpiphp: Slot [30] registered
[    1.717560] acpiphp: Slot [31] registered
[    1.717980] PCI host bridge to bus 0000:00
[    1.718109] pci_bus 0000:00: root bus resource [io  0x0000-0x0cf7 window]
[    1.718701] pci_bus 0000:00: root bus resource [io  0x0d00-0xffff window]
[    1.719289] pci_bus 0000:00: root bus resource [mem 0x000a0000-0x000bffff window]
[    1.719935] pci_bus 0000:00: root bus resource [mem 0x80000000-0xfebfffff window]
[    1.720582] pci_bus 0000:00: root bus resource [mem 0x100000000-0x17fffffff window]
[    1.721242] pci_bus 0000:00: root bus resource [bus 00-ff]
[    1.721849] pci 0000:00:00.0: [8086:1237] type 00 class 0x060000 conventional PCI endpoint
[    1.731868] pci 0000:00:01.0: [8086:7000] type 00 class 0x060100 conventional PCI endpoint
[    1.734070] pci 0000:00:01.1: [8086:7010] type 00 class 0x010180 conventional PCI endpoint
[    1.735398] pci 0000:00:01.1: BAR 4 [io  0xc040-0xc04f]
[    1.735879] pci 0000:00:01.1: BAR 0 [io  0x01f0-0x01f7]: legacy IDE quirk
[    1.736455] pci 0000:00:01.1: BAR 1 [io  0x03f6]: legacy IDE quirk
[    1.736991] pci 0000:00:01.1: BAR 2 [io  0x0170-0x0177]: legacy IDE quirk
[    1.737575] pci 0000:00:01.1: BAR 3 [io  0x0376]: legacy IDE quirk
[    1.738610] pci 0000:00:01.3: [8086:7113] type 00 class 0x068000 conventional PCI endpoint
[    1.739606] pci 0000:00:01.3: quirk: [io  0x0600-0x063f] claimed by PIIX4 ACPI
[    1.740240] pci 0000:00:01.3: quirk: [io  0x0700-0x070f] claimed by PIIX4 SMB
[    1.741471] pci 0000:00:02.0: [1234:1111] type 00 class 0x030000 conventional PCI endpoint
[    1.747211] pci 0000:00:02.0: BAR 0 [mem 0xfd000000-0xfdffffff pref]
[    1.748667] pci 0000:00:02.0: BAR 2 [mem 0xfebf0000-0xfebf0fff]
[    1.749841] pci 0000:00:02.0: ROM [mem 0xfebe0000-0xfebeffff pref]
[    1.751477] pci 0000:00:02.0: Video device with shadowed ROM at [mem 0x000c0000-0x000dffff]
[    1.763202] pci 0000:00:03.0: [8086:100e] type 00 class 0x020000 conventional PCI endpoint
[    1.766028] pci 0000:00:03.0: BAR 0 [mem 0xfebc0000-0xfebdffff]
[    1.767381] pci 0000:00:03.0: BAR 1 [io  0xc000-0xc03f]
[    1.768431] pci 0000:00:03.0: ROM [mem 0xfeb80000-0xfebbffff pref]
[    1.793087] ACPI: PCI: Interrupt link LNKA configured for IRQ 10
[    1.794738] ACPI: PCI: Interrupt link LNKB configured for IRQ 10
[    1.796193] ACPI: PCI: Interrupt link LNKC configured for IRQ 11
[    1.797650] ACPI: PCI: Interrupt link LNKD configured for IRQ 11
[    1.798450] ACPI: PCI: Interrupt link LNKS configured for IRQ 9
[    1.806193] iommu: Default domain type: Translated
[    1.806648] iommu: DMA domain TLB invalidation policy: lazy mode
[    1.815058] SCSI subsystem initialized
[    1.816289] ACPI: bus type USB registered
[    1.817019] usbcore: registered new interface driver usbfs
[    1.817639] usbcore: registered new interface driver hub
[    1.818166] usbcore: registered new device driver usb
[    1.819155] pps_core: LinuxPPS API ver. 1 registered
[    1.819586] pps_core: Software ver. 5.3.6 - Copyright 2005-2007 Rodolfo Giometti <giometti@linux.it>
[    1.820462] PTP clock support registered
[    1.822406] EDAC MC: Ver: 3.0.0
[    1.830237] NetLabel: Initializing
[    1.830582] NetLabel:  domain hash size = 128
[    1.830961] NetLabel:  protocols = UNLABELED CIPSOv4 CALIPSO
[    1.831690] NetLabel:  unlabeled traffic allowed by default
[    1.834065] PCI: Using ACPI for IRQ routing
[    1.834065] e820: register RAM buffer resource [mem 0x0009fc00-0x0009ffff]
[    1.834065] e820: register RAM buffer resource [mem 0x7ffe0000-0x7fffffff]
[    1.834090] pci 0000:00:02.0: vgaarb: setting as boot VGA device
[    1.834090] pci 0000:00:02.0: vgaarb: bridge control possible
[    1.834090] pci 0000:00:02.0: vgaarb: VGA device added: decodes=io+mem,owns=io+mem,locks=none
[    1.838062] vgaarb: loaded
[    1.839480] hpet0: at MMIO 0xfed00000, IRQs 2, 8, 0
[    1.839908] hpet0: 3 comparators, 64-bit 100.000000 MHz counter
[    1.846395] clocksource: Switched to clocksource kvm-clock
[    1.849126] VFS: Disk quotas dquot_6.6.0
[    1.849537] VFS: Dquot-cache hash table entries: 512 (order 0, 4096 bytes)
[    1.855251] pnp: PnP ACPI init
[    1.859565] pnp: PnP ACPI: found 5 devices
[    1.881665] clocksource: acpi_pm: mask: 0xffffff max_cycles: 0xffffff, max_idle_ns: 2085701024 ns
[    1.883131] NET: Registered PF_INET protocol family
[    1.884187] IP idents hash table entries: 32768 (order: 6, 262144 bytes, linear)
[    1.886671] tcp_listen_portaddr_hash hash table entries: 1024 (order: 5, 73728 bytes, linear)
[    1.887481] Table-perturb hash table entries: 65536 (order: 6, 262144 bytes, linear)
[    1.888221] TCP established hash table entries: 16384 (order: 5, 131072 bytes, linear)
[    1.952887] TCP bind hash table entries: 16384 (order: 10, 2359296 bytes, linear)
[    1.955942] TCP: Hash tables configured (established 16384 bind 16384)
[    1.956803] UDP hash table entries: 1024 (order: 6, 262144 bytes, linear)
[    1.958167] NET: Registered PF_UNIX/PF_LOCAL protocol family
[    1.960254] RPC: Registered named UNIX socket transport module.
[    1.960800] RPC: Registered udp transport module.
[    1.961243] RPC: Registered tcp transport module.
[    1.961631] RPC: Registered tcp-with-tls transport module.
[    1.962101] RPC: Registered tcp NFSv4.1 backchannel transport module.
[    1.962703] pci_bus 0000:00: resource 4 [io  0x0000-0x0cf7 window]
[    1.963219] pci_bus 0000:00: resource 5 [io  0x0d00-0xffff window]
[    1.963732] pci_bus 0000:00: resource 6 [mem 0x000a0000-0x000bffff window]
[    1.964296] pci_bus 0000:00: resource 7 [mem 0x80000000-0xfebfffff window]
[    1.964862] pci_bus 0000:00: resource 8 [mem 0x100000000-0x17fffffff window]
[    1.965871] pci 0000:00:01.0: PIIX3: Enabling Passive Release
[    1.966351] pci 0000:00:00.0: Limiting direct PCI/PCI transfers
[    1.966932] PCI: CLS 0 bytes, default 64
[    1.967450] ACPI: bus type thunderbolt registered
[    1.968445] clocksource: tsc: mask: 0xffffffffffffffff max_cycles: 0x12441513526, max_idle_ns: 440795239872 ns
[    1.983816] Initialise system trusted keyrings
[    1.984418] Key type blacklist registered
[    1.985086] workingset: timestamp_bits=36 (anon: 32) max_order=19 bucket_order=0 (anon: 0)
[    1.988704] squashfs: version 4.0 (2009/01/31) Phillip Lougher
[    1.992013] NFS: Registering the id_resolver key type
[    1.992490] Key type id_resolver registered
[    1.992850] Key type id_legacy registered
[    1.993279] nfs4filelayout_init: NFSv4 File Layout Driver Registering...
[    1.993932] nfs4flexfilelayout_init: NFSv4 Flexfile Layout Driver Registering...
[    1.995001] fuse: init (API version 7.45)
[    1.996076] SGI XFS with ACLs, security attributes, realtime, quota, no debug enabled
[    1.998807] 9p: Installing v9fs 9p2000 file system support
[    2.010587] Key type asymmetric registered
[    2.010983] Asymmetric key parser 'x509' registered
[    2.011670] Block layer SCSI generic (bsg) driver version 0.4 loaded (major 241)
[    2.014063] io scheduler mq-deadline registered
[    2.014728] io scheduler bfq registered
[    2.017409] ledtrig-cpu: registered to indicate activity on CPUs
[    2.020073] IPMI message handler: version 39.2
[    2.020536] ipmi device interface
[    2.023986] input: Power Button as /devices/platform/LNXPWRBN:00/input/input0
[    2.025061] ACPI: button: Power Button [PWRF]
[    2.028522] ERST DBG: ERST support is disabled.
[    2.031071] Serial: 8250/16550 driver, 32 ports, IRQ sharing enabled
[    2.033601] 00:04: ttyS0 at I/O 0x3f8 (irq = 4, base_baud = 115200) is a 16550A
[    2.070230] Linux agpgart interface v0.103
[    2.075404] ACPI: bus type drm_connector registered
[    2.104541] brd: module loaded
[    2.122394] loop: module loaded
[    2.137704] scsi host0: ata_piix
[    2.139406] scsi host1: ata_piix
[    2.140273] ata1: PATA max MWDMA2 cmd 0x1f0 ctl 0x3f6 bmdma 0xc040 irq 14 lpm-pol 0
[    2.140965] ata2: PATA max MWDMA2 cmd 0x170 ctl 0x376 bmdma 0xc048 irq 15 lpm-pol 0
[    2.145026] tun: Universal TUN/TAP device driver, 1.6
[    2.145958] e100: Intel(R) PRO/100 Network Driver
[    2.146367] e100: Copyright(c) 1999-2006 Intel Corporation
[    2.147020] e1000: Intel(R) PRO/1000 Network Driver
[    2.147444] e1000: Copyright (c) 1999-2006 Intel Corporation.
[    2.299337] ata1: found unknown device (class 0)
[    2.300182] ata2: found unknown device (class 0)
[    2.301309] ata1.00: Model 'QEMU HARDDISK', rev '2.5+', applying quirks: bridgeok
[    2.302005] ata1.00: ATA-7: QEMU HARDDISK, 2.5+, max UDMA/100
[    2.302513] ata1.00: 17196647 sectors, multi 16: LBA48 
[    2.303577] ata2.00: ATAPI: QEMU DVD-ROM, 2.5+, max UDMA/100
[    2.306238] scsi 0:0:0:0: Direct-Access     ATA      QEMU HARDDISK    2.5+ PQ: 0 ANSI: 5
[    2.312716] sd 0:0:0:0: [sda] 17196647 512-byte logical blocks: (8.80 GB/8.20 GiB)
[    2.313474] sd 0:0:0:0: [sda] Write Protect is off
[    2.314041] sd 0:0:0:0: [sda] Write cache: enabled, read cache: enabled, doesn't support DPO or FUA
[    2.314978] sd 0:0:0:0: [sda] Preferred minimum I/O size 512 bytes
[    2.315607] sd 0:0:0:0: Attached scsi generic sg0 type 0
[    2.319150] scsi 1:0:0:0: CD-ROM            QEMU     QEMU DVD-ROM     2.5+ PQ: 0 ANSI: 5
[    2.353929] sd 0:0:0:0: [sda] Attached SCSI disk
[    2.358742] scsi 1:0:0:0: Attached scsi generic sg1 type 5
[    2.891372] ACPI: \_SB_.LNKC: Enabled at IRQ 11
[    3.238743] e1000 0000:00:03.0 eth0: (PCI:33MHz:32-bit) 52:54:00:12:34:56
[    3.240158] e1000 0000:00:03.0 eth0: Intel(R) PRO/1000 Network Connection
[    3.242385] e1000e: Intel(R) PRO/1000 Network Driver
[    3.243354] e1000e: Copyright(c) 1999 - 2015 Intel Corporation.
[    3.244871] igb: Intel(R) Gigabit Ethernet Network Driver
[    3.245937] igb: Copyright (c) 2007-2014 Intel Corporation.
[    3.247796] PPP generic driver version 2.4.2
[    3.251181] VFIO - User Level meta-driver version: 0.3
[    3.255242] usbcore: registered new interface driver uas
[    3.256574] usbcore: registered new interface driver usb-storage
[    3.258490] i8042: PNP: PS/2 Controller [PNP0303:KBD,PNP0f13:MOU] at 0x60,0x64 irq 1,12
[    3.262046] serio: i8042 KBD port at 0x60,0x64 irq 1
[    3.263206] serio: i8042 AUX port at 0x60,0x64 irq 12
[    3.266638] mousedev: PS/2 mouse device common for all mice
[    3.271299] input: AT Translated Set 2 keyboard as /devices/platform/i8042/serio0/input/input1
[    3.275808] rtc_cmos PNP0B00:00: RTC can wake from S4
[    3.278830] input: VirtualPS/2 VMware VMMouse as /devices/platform/i8042/serio1/input/input4
[    3.285634] input: VirtualPS/2 VMware VMMouse as /devices/platform/i8042/serio1/input/input3
[    3.288540] rtc_cmos PNP0B00:00: registered as rtc0
[    3.289953] rtc_cmos PNP0B00:00: setting system clock to 2026-03-18T18:00:47 UTC (1773856847)
[    3.292322] rtc_cmos PNP0B00:00: alarms up to one day, y3k, 242 bytes nvram, hpet irqs
[    3.294132] i2c_dev: i2c /dev entries driver
[    3.296922] device-mapper: core: CONFIG_IMA_DISABLE_HTABLE is disabled. Duplicate IMA measurements will not be recorded in the IMA log.
[    3.299409] device-mapper: uevent: version 1.0.3
[    3.301161] device-mapper: ioctl: 4.50.0-ioctl (2025-04-28) initialised: dm-devel@lists.linux.dev
[    3.302926] intel_pstate: CPU model not supported
[    3.306245] drop_monitor: Initializing network drop monitor service
[    3.308254] NET: Registered PF_INET6 protocol family
[    3.314736] Segment Routing with IPv6
[    3.315729] In-situ OAM (IOAM) with IPv6
[    3.316674] NET: Registered PF_PACKET protocol family
[    3.319478] 9pnet: Installing 9P2000 support
[    3.320521] Key type dns_resolver registered
[    3.324888] IPI shorthand broadcast: enabled
[    3.401101] sched_clock: Marking stable (3380005948, 17769012)->(3413581425, -15806465)
[    3.402957] registered taskstats version 1
[    3.405462] Loading compiled-in X.509 certificates
[    3.498852] Demotion targets for Node 0: null
[    3.501049] Key type .fscrypt registered
[    3.501407] Key type fscrypt-provisioning registered
[    3.507681] Key type encrypted registered
[    3.508136] ima: No TPM chip found, activating TPM-bypass!
[    3.508643] ima: Allocated hash algorithm: sha1
[    3.509155] ima: No architecture policies found
[    3.509757] evm: Initialising EVM extended attributes:
[    3.510195] evm: security.selinux
[    3.510486] evm: security.SMACK64
[    3.510780] evm: security.SMACK64EXEC
[    3.511098] evm: security.SMACK64TRANSMUTE
[    3.511453] evm: security.SMACK64MMAP
[    3.511774] evm: security.apparmor
[    3.512070] evm: security.ima
[    3.512331] evm: security.capability
[    3.512645] evm: HMAC attrs: 0x1
[    3.515772] PM:   Magic number: 2:206:39
[    3.516154] bdi 7:4: hash matches
[    3.518612] RAS: Correctable Errors collector initialized.
[    4.550976] clk: Disabling unused clocks
[    4.551390] PM: genpd: Disabling unused power domains
[    4.553213] md: Waiting for all devices to be available before autodetect
[    4.553574] md: If you don't use raid, use raid=noautodetect
[    4.553929] md: Autodetecting RAID arrays.
[    4.554166] md: autorun ...
[    4.554336] md: ... autorun DONE.
[    4.574190] EXT4-fs (sda): INFO: recovery required on readonly filesystem
[    4.574615] EXT4-fs (sda): write access will be enabled during recovery
[    4.658090] Callback from call_rcu_tasks() invoked.
[    4.742978] EXT4-fs (sda): recovery complete
[    4.752203] EXT4-fs (sda): mounted filesystem 088740a9-c8b4-422c-999d-a804eb68a4da ro with ordered data mode. Quota mode: none.
[    4.752947] VFS: Mounted root (ext4 filesystem) readonly on device 8:0.
[    4.754419] devtmpfs: mounted
[    4.755261] VFS: Pivoted into new rootfs
[    4.775177] Freeing unused decrypted memory: 2036K
[    4.789658] Freeing unused kernel image (initmem) memory: 16620K
[    4.790224] Write protecting the kernel read-only data: 102400k
[    4.792484] Freeing unused kernel image (text/rodata gap) memory: 264K
[    4.794573] Freeing unused kernel image (rodata/data gap) memory: 1348K
[    4.861828] x86/mm: Checked W+X mappings: passed, no W+X pages found.
[    4.862226] Run /sbin/init as init process
[    5.114714] systemd[1]: systemd 252-15.el9 running in system mode (+PAM +AUDIT +SELINUX -APPARMOR +IMA +SMACK +SECCOMP +GCRYPT +GNUTLS +OPENSSL +ACL +BLKID +CURL +ELFUTILS -FIDO2 +IDN2 -IDN -IPTC +KMOD +LIBCRYPTSETUP +LIBFDISK +PCRE2 -PWQUALITY +P11KIT -QRENCODE +TPM2 +BZIP2 +LZ4 +XZ +ZLIB +ZSTD -BPF_FRAMEWORK +XKBCOMMON +UTMP +SYSVINIT default-hierarchy=unified)
[    5.116360] systemd[1]: Detected virtualization kvm.
[    5.116632] systemd[1]: Detected architecture x86-64.

Welcome to [0;31mCentOS Stream 9[0m!

[    5.121433] systemd[1]: Hostname set to <test>.
[    5.307925] systemd-rc-local-generator[123]: /etc/rc.d/rc.local is not marked executable, skipping.
[    5.745976] systemd[1]: Queued start job for default target Multi-User System.
[    5.777360] systemd[1]: Created slice Virtual Machine and Container Slice.
[[0;32m  OK  [0m] Created slice [0;1;39mVirtual Machine and Container Slice[0m.
[    5.782694] systemd[1]: Created slice Slice /system/getty.
[[0;32m  OK  [0m] Created slice [0;1;39mSlice /system/getty[0m.
[    5.786292] systemd[1]: Created slice Slice /system/modprobe.
[[0;32m  OK  [0m] Created slice [0;1;39mSlice /system/modprobe[0m.
[    5.789260] systemd[1]: Created slice Slice /system/serial-getty.
[[0;32m  OK  [0m] Created slice [0;1;39mSlice /system/serial-getty[0m.
[    5.792053] systemd[1]: Created slice Slice /system/sshd-keygen.
[[0;32m  OK  [0m] Created slice [0;1;39mSlice /system/sshd-keygen[0m.
[    5.796343] systemd[1]: Created slice User and Session Slice.
[[0;32m  OK  [0m] Created slice [0;1;39mUser and Session Slice[0m.
[    5.798435] systemd[1]: Started Forward Password Requests to Wall Directory Watch.
[[0;32m  OK  [0m] Started [0;1;39mForward Password R…uests to Wall Directory Watch[0m.
[    5.802378] systemd[1]: Set up automount Arbitrary Executable File Formats File System Automount Point.
[[0;32m  OK  [0m] Set up automount [0;1;39mArbitrary…s File System Automount Point[0m.
[    5.804711] systemd[1]: Reached target Local Integrity Protected Volumes.
[[0;32m  OK  [0m] Reached target [0;1;39mLocal Integrity Protected Volumes[0m.
[    5.806180] systemd[1]: Reached target Slice Units.
[[0;32m  OK  [0m] Reached target [0;1;39mSlice Units[0m.
[    5.807321] systemd[1]: Reached target Swaps.
[[0;32m  OK  [0m] Reached target [0;1;39mSwaps[0m.
[    5.808832] systemd[1]: Reached target Local Verity Protected Volumes.
[[0;32m  OK  [0m] Reached target [0;1;39mLocal Verity Protected Volumes[0m.
[    5.811465] systemd[1]: Listening on Device-mapper event daemon FIFOs.
[[0;32m  OK  [0m] Listening on [0;1;39mDevice-mapper event daemon FIFOs[0m.
[    5.814305] systemd[1]: Listening on LVM2 poll daemon socket.
[[0;32m  OK  [0m] Listening on [0;1;39mLVM2 poll daemon socket[0m.
[    5.816412] systemd[1]: multipathd control socket was skipped because of an unmet condition check (ConditionPathExists=/etc/multipath.conf).
[    5.881770] systemd[1]: Listening on RPCbind Server Activation Socket.
[[0;32m  OK  [0m] Listening on [0;1;39mRPCbind Server Activation Socket[0m.
[    5.884339] systemd[1]: Reached target RPC Port Mapper.
[[0;32m  OK  [0m] Reached target [0;1;39mRPC Port Mapper[0m.
[    5.889929] systemd[1]: Listening on Process Core Dump Socket.
[[0;32m  OK  [0m] Listening on [0;1;39mProcess Core Dump Socket[0m.
[    5.892465] systemd[1]: Listening on initctl Compatibility Named Pipe.
[[0;32m  OK  [0m] Listening on [0;1;39minitctl Compatibility Named Pipe[0m.
[    5.894530] systemd[1]: Listening on Journal Socket (/dev/log).
[[0;32m  OK  [0m] Listening on [0;1;39mJournal Socket (/dev/log)[0m.
[    5.895959] systemd[1]: Listening on Journal Socket.
[[0;32m  OK  [0m] Listening on [0;1;39mJournal Socket[0m.
[    5.897384] systemd[1]: Listening on udev Control Socket.
[[0;32m  OK  [0m] Listening on [0;1;39mudev Control Socket[0m.
[    5.898613] systemd[1]: Listening on udev Kernel Socket.
[[0;32m  OK  [0m] Listening on [0;1;39mudev Kernel Socket[0m.
[    5.914553] systemd[1]: Mounting Huge Pages File System...
         Mounting [0;1;39mHuge Pages File System[0m...
[    5.920626] systemd[1]: Mounting POSIX Message Queue File System...
         Mounting [0;1;39mPOSIX Message Queue File System[0m...
[    5.927118] systemd[1]: Mounting Kernel Debug File System...
         Mounting [0;1;39mKernel Debug File System[0m...
[    5.935963] systemd[1]: Mounting Kernel Trace File System...
         Mounting [0;1;39mKernel Trace File System[0m...
[    5.937066] systemd[1]: Kernel Module supporting RPCSEC_GSS was skipped because of an unmet condition check (ConditionPathExists=/etc/krb5.keytab).
[    5.938616] systemd[1]: Create List of Static Device Nodes was skipped because of an unmet condition check (ConditionFileNotEmpty=/lib/modules/7.0.0-rc4-next-20260317-8e5a478b6d6a/modules.devname).
[    5.944539] systemd[1]: Starting Monitoring of LVM2 mirrors, snapshots etc. using dmeventd or progress polling...
         Starting [0;1;39mMonitoring of LVM…meventd or progress polling[0m...
[    6.025115] systemd[1]: Starting Load Kernel Module configfs...
         Starting [0;1;39mLoad Kernel Module configfs[0m...
[    6.037660] systemd[1]: Starting Load Kernel Module drm...
         Starting [0;1;39mLoad Kernel Module drm[0m...
[    6.046992] systemd[1]: Starting Load Kernel Module fuse...
         Starting [0;1;39mLoad Kernel Module fuse[0m...
[    6.063340] systemd[1]: Starting Read and set NIS domainname from /etc/sysconfig/network...
         Starting [0;1;39mRead and set NIS …from /etc/sysconfig/network[0m...
[    6.092179] systemd[1]: Starting Journal Service...
         Starting [0;1;39mJournal Service[0m...
[    6.108202] systemd[1]: Starting Load Kernel Modules...
         Starting [0;1;39mLoad Kernel Modules[0m...
[    6.124638] systemd[1]: Starting Generate network units from Kernel command line...
         Starting [0;1;39mGenerate network …ts from Kernel command line[0m...
[    6.142405] systemd[1]: Starting Remount Root and Kernel File Systems...
         Starting [0;1;39mRemount Root and Kernel File Systems[0m...
[    6.146718] systemd[1]: Repartition Root Disk was skipped because no trigger condition checks were met.
[    6.168842] systemd[1]: Starting Coldplug All udev Devices...
         Starting [0;1;39mColdplug All udev Devices[0m...
[    6.189987] systemd[1]: Mounted Huge Pages File System.
[[0;32m  OK  [0m] Mounted [0;1;39mHuge Pages File System[0m.
[    6.192195] systemd[1]: Mounted POSIX Message Queue File System.
[[0;32m  OK  [0m] Mounted [0;1;39mPOSIX Message Queue File System[0m.
[    6.198429] systemd[1]: Mounted Kernel Debug File System.
[[0;32m  OK  [0m] Mounted [0;1;39mKernel Debug File System[0m.
[    6.199941] systemd[1]: Mounted Kernel Trace File System.
[[0;32m  OK  [0m] Mounted [0;1;39mKernel Trace File System[0m.
[    6.205987] systemd[1]: Finished Monitoring of LVM2 mirrors, snapshots etc. using dmeventd or progress polling.
[[0;32m  OK  [0m] Finished [0;1;39mMonitoring of LVM… dmeventd or progress polling[0m.
[    6.212672] systemd[1]: modprobe@configfs.service: Deactivated successfully.
[    6.219407] systemd[1]: Finished Load Kernel Module configfs.
[[0;32m  OK  [0m] Finished [0;1;39mLoad Kernel Module configfs[0m.
[    6.224483] systemd[1]: modprobe@drm.service: Deactivated successfully.
[    6.229211] systemd[1]: Finished Load Kernel Module drm.
[[0;32m  OK  [0m] Finished [0;1;39mLoad Kernel Module drm[0m.
[    6.233190] systemd[1]: modprobe@fuse.service: Deactivated successfully.
[    6.237188] systemd[1]: Finished Load Kernel Module fuse.
[[0;32m  OK  [0m] Finished [0;1;39mLoad Kernel Module fuse[0m.
[    6.239761] EXT4-fs (sda): re-mounted 088740a9-c8b4-422c-999d-a804eb68a4da r/w.
[    6.246800] systemd[1]: Finished Read and set NIS domainname from /etc/sysconfig/network.
[[0;32m  OK  [0m] Finished [0;1;39mRead and set NIS …e from /etc/sysconfig/network[0m.
[    6.253587] systemd[1]: systemd-modules-load.service: Main process exited, code=exited, status=1/FAILURE
[    6.257617] systemd[1]: systemd-modules-load.service: Failed with result 'exit-code'.
[    6.263445] systemd[1]: Failed to start Load Kernel Modules.
[[0;1;31mFAILED[0m] Failed to start [0;1;39mLoad Kernel Modules[0m.
See 'systemctl status systemd-modules-load.service' for details.
[    6.269931] systemd[1]: Finished Generate network units from Kernel command line.
[[0;32m  OK  [0m] Finished [0;1;39mGenerate network units from Kernel command line[0m.
[    6.277385] systemd[1]: Finished Remount Root and Kernel File Systems.
[[0;32m  OK  [0m] Finished [0;1;39mRemount Root and Kernel File Systems[0m.
[    6.279558] systemd[1]: Reached target Preparation for Network.
[[0;32m  OK  [0m] Reached target [0;1;39mPreparation for Network[0m.
[    6.302900] systemd[1]: Mounting FUSE Control File System...
         Mounting [0;1;39mFUSE Control File System[0m...
[    6.317399] systemd[1]: Mounting Kernel Configuration File System...
         Mounting [0;1;39mKernel Configuration File System[0m...
[    6.320534] systemd[1]: Special handling of early boot iSCSI sessions was skipped because of an unmet condition check (ConditionDirectoryNotEmpty=/sys/class/iscsi_session).
[    6.321512] systemd[1]: First Boot Wizard was skipped because of an unmet condition check (ConditionFirstBoot=yes).
[    6.330378] systemd[1]: Rebuild Hardware Database was skipped because of an unmet condition check (ConditionNeedsUpdate=/etc).
[    6.346439] systemd[1]: Starting Load/Save Random Seed...
         Starting [0;1;39mLoad/Save Random Seed[0m...
[    6.354732] systemd[1]: Starting Apply Kernel Variables...
         Starting [0;1;39mApply Kernel Variables[0m...
[    6.362162] systemd[1]: Create System Users was skipped because no trigger condition checks were met.
[    6.372877] systemd[1]: Starting Create Static Device Nodes in /dev...
         Starting [0;1;39mCreate Static Device Nodes in /dev[0m...
[    6.394834] systemd[1]: Starting Setup Virtual Console...
         Starting [0;1;39mSetup Virtual Console[0m...
[    6.406691] systemd[1]: Started Journal Service.
[[0;32m  OK  [0m] Started [0;1;39mJournal Service[0m.
[[0;32m  OK  [0m] Mounted [0;1;39mFUSE Control File System[0m.
[[0;32m  OK  [0m] Mounted [0;1;39mKernel Configuration File System[0m.
         Starting [0;1;39mFlush Journal to Persistent Storage[0m...
[[0;32m  OK  [0m] Finished [0;1;39mLoad/Save Random Seed[0m.
[[0;32m  OK  [0m] Finished [0;1;39mApply Kernel Variables[0m.
[    6.557264] systemd-journald[145]: Received client request to flush runtime journal.
[[0;32m  OK  [0m] Finished [0;1;39mFlush Journal to Persistent Storage[0m.
[[0;32m  OK  [0m] Finished [0;1;39mCreate Static Device Nodes in /dev[0m.
         Starting [0;1;39mRule-based Manage…for Device Events and Files[0m...
[[0;32m  OK  [0m] Started [0;1;39mRule-based Manager for Device Events and Files[0m.
         Starting [0;1;39mAuto-connect to s…E devices found during boot[0m...
[[0;32m  OK  [0m] Finished [0;1;39mAuto-connect to s…VME devices found during boot[0m.
[[0;32m  OK  [0m] Finished [0;1;39mColdplug All udev Devices[0m.
[[0;32m  OK  [0m] Finished [0;1;39mSetup Virtual Console[0m.
[[0;32m  OK  [0m] Started [0;1;39mDispatch Password …ts to Console Directory Watch[0m.
[[0;32m  OK  [0m] Reached target [0;1;39mLocal Encrypted Volumes[0m.
[[0;32m  OK  [0m] Reached target [0;1;39mPath Units[0m.
         Starting [0;1;39mWait for udev To …plete Device Initialization[0m...
[[0;32m  OK  [0m] Found device [0;1;39m/dev/ttyS0[0m.
[[0;32m  OK  [0m] Listening on [0;1;39mLoad/Save RF …itch Status /dev/rfkill Watch[0m.
[[0;32m  OK  [0m] Finished [0;1;39mWait for udev To Complete Device Initialization[0m.
[[0;32m  OK  [0m] Reached target [0;1;39mPreparation for Local File Systems[0m.
[[0;32m  OK  [0m] Reached target [0;1;39mLocal File Systems[0m.
         Starting [0;1;39mTell Plymouth To Write Out Runtime Data[0m...
         Starting [0;1;39mAutomatic Boot Loader Update[0m...
         Starting [0;1;39mCreate Volatile Files and Directories[0m...
[[0;32m  OK  [0m] Finished [0;1;39mTell Plymouth To Write Out Runtime Data[0m.
[[0;32m  OK  [0m] Finished [0;1;39mAutomatic Boot Loader Update[0m.
[[0;32m  OK  [0m] Finished [0;1;39mCreate Volatile Files and Directories[0m.
         Mounting [0;1;39mRPC Pipe File System[0m...
         Starting [0;1;39mSecurity Auditing Service[0m...
         Starting [0;1;39mRPC Bind[0m...
[[0;32m  OK  [0m] Mounted [0;1;39mRPC Pipe File System[0m.
[[0;32m  OK  [0m] Reached target [0;1;39mrpc_pipefs.target[0m.
[[0;32m  OK  [0m] Started [0;1;39mRPC Bind[0m.
[[0;32m  OK  [0m] Started [0;1;39mSecurity Auditing Service[0m.
         Starting [0;1;39mRecord System Boot/Shutdown in UTMP[0m...
[[0;32m  OK  [0m] Finished [0;1;39mRecord System Boot/Shutdown in UTMP[0m.
[[0;32m  OK  [0m] Reached target [0;1;39mSystem Initialization[0m.
[[0;32m  OK  [0m] Started [0;1;39mDaily rotation of log files[0m.
[[0;32m  OK  [0m] Started [0;1;39mUpdates mlocate database every day[0m.
[[0;32m  OK  [0m] Started [0;1;39mDaily Cleanup of Temporary Directories[0m.
[[0;32m  OK  [0m] Started [0;1;39mdaily update of the root trust anchor for DNSSEC[0m.
[[0;32m  OK  [0m] Reached target [0;1;39mTimer Units[0m.
[[0;32m  OK  [0m] Listening on [0;1;39mD-Bus System Message Bus Socket[0m.
[[0;32m  OK  [0m] Listening on [0;1;39mOpen-iSCSI iscsid Socket[0m.
[[0;32m  OK  [0m] Listening on [0;1;39mOpen-iSCSI iscsiuio Socket[0m.
[[0;32m  OK  [0m] Listening on [0;1;39mSSSD Kerberos…ache Manager responder socket[0m.
[[0;32m  OK  [0m] Listening on [0;1;39mLibvirt interface local socket[0m.
[[0;32m  OK  [0m] Listening on [0;1;39mVirtual machine lock manager socket[0m.
[[0;32m  OK  [0m] Listening on [0;1;39mVirtual machine log manager socket[0m.
[[0;32m  OK  [0m] Listening on [0;1;39mLibvirt network local socket[0m.
[[0;32m  OK  [0m] Listening on [0;1;39mLibvirt nodedev local socket[0m.
[[0;32m  OK  [0m] Listening on [0;1;39mLibvirt nwfilter local socket[0m.
[[0;32m  OK  [0m] Listening on [0;1;39mLibvirt proxy local socket[0m.
[[0;32m  OK  [0m] Listening on [0;1;39mLibvirt qemu local socket[0m.
[[0;32m  OK  [0m] Listening on [0;1;39mLibvirt qemu admin socket[0m.
[[0;32m  OK  [0m] Listening on [0;1;39mLibvirt qemu local read-only socket[0m.
[[0;32m  OK  [0m] Listening on [0;1;39mLibvirt secret local socket[0m.
[[0;32m  OK  [0m] Listening on [0;1;39mLibvirt storage local socket[0m.
[[0;32m  OK  [0m] Reached target [0;1;39mSocket Units[0m.
         Starting [0;1;39mD-Bus System Message Bus[0m...
[[0;32m  OK  [0m] Started [0;1;39mD-Bus System Message Bus[0m.
[[0;32m  OK  [0m] Reached target [0;1;39mBasic System[0m.
         Starting [0;1;39mNetwork Manager[0m...
         Starting [0;1;39mNTP client/server[0m...
         Starting [0;1;39mRestore /run/initramfs on shutdown[0m...
[[0;32m  OK  [0m] Started [0;1;39mirqbalance daemon[0m.
[[0;32m  OK  [0m] Started [0;1;39mlibstoragemgmt plug-in server daemon[0m.
[[0;32m  OK  [0m] Started [0;1;39mMachine Check Exception Logging Daemon[0m.
[[0;32m  OK  [0m] Reached target [0;1;39msshd-keygen.target[0m.
[[0;32m  OK  [0m] Reached target [0;1;39mUser and Group Name Lookups[0m.
         Starting [0;1;39mUser Login Management[0m...
         Starting [0;1;39mVirtual Machine a…tainer Registration Service[0m...
         Starting [0;1;39mupdate of the roo…NSSEC validation in unbound[0m...
         Starting [0;1;39mRotate log files[0m...
[[0;32m  OK  [0m] Started [0;1;39mUpdate a database for mlocate[0m.
[[0;32m  OK  [0m] Started [0;1;39mNTP client/server[0m.
[[0;32m  OK  [0m] Finished [0;1;39mRestore /run/initramfs on shutdown[0m.
[[0;32m  OK  [0m] Started [0;1;39mVirtual Machine an…ontainer Registration Service[0m.
         Starting [0;1;39mHostname Service[0m...
[[0;32m  OK  [0m] Finished [0;1;39mupdate of the roo… DNSSEC validation in unbound[0m.
[[0;32m  OK  [0m] Started [0;1;39mUser Login Management[0m.
[[0;32m  OK  [0m] Started [0;1;39mHostname Service[0m.
         Starting [0;1;39mNetwork Manager Script Dispatcher Service[0m...
[[0;32m  OK  [0m] Finished [0;1;39mRotate log files[0m.
[[0;32m  OK  [0m] Started [0;1;39mNetwork Manager Script Dispatcher Service[0m.
[   10.194285] e1000: eth0 NIC Link is Up 1000 Mbps Full Duplex, Flow Control: RX
[[0;32m  OK  [0m] Started [0;1;39mNetwork Manager[0m.
[[0;32m  OK  [0m] Reached target [0;1;39mNetwork[0m.
[[0;32m  OK  [0m] Reached target [0;1;39mNetwork is Online[0m.
         Starting [0;1;39mGSSAPI Proxy Daemon[0m...
         Starting [0;1;39mNotify NFS peers of a restart[0m...
         Starting [0;1;39mSystem Logging Service[0m...
         Starting [0;1;39mOpenSSH server daemon[0m...
         Starting [0;1;39mDynamic System Tuning Daemon[0m...
[[0;32m  OK  [0m] Started [0;1;39mNotify NFS peers of a restart[0m.
[[0;32m  OK  [0m] Started [0;1;39mGSSAPI Proxy Daemon[0m.
[[0;32m  OK  [0m] Reached target [0;1;39mNFS client services[0m.
[[0;32m  OK  [0m] Reached target [0;1;39mPreparation for Remote File Systems[0m.
[[0;32m  OK  [0m] Reached target [0;1;39mRemote File Systems[0m.
         Starting [0;1;39mPermit User Sessions[0m...
         Starting [0;1;39mVirtualization qemu daemon[0m...
[[0;32m  OK  [0m] Started [0;1;39mOpenSSH server daemon[0m.
[[0;32m  OK  [0m] Started [0;1;39mSystem Logging Service[0m.
[[0;32m  OK  [0m] Finished [0;1;39mPermit User Sessions[0m.
[[0;32m  OK  [0m] Started [0;1;39mDeferred execution scheduler[0m.
[[0;32m  OK  [0m] Started [0;1;39mCommand Scheduler[0m.
         Starting [0;1;39mHold until boot process finishes up[0m...
         Starting [0;1;39mTerminate Plymouth Boot Screen[0m...
[[0;32m  OK  [0m] Finished [0;1;39mHold until boot process finishes up[0m.
[[0;32m  OK  [0m] Started [0;1;39mVirtualization qemu daemon[0m.
[[0;32m  OK  [0m] Started [0;1;39mGetty on tty1[0m.
[[0;32m  OK  [0m] Started [0;1;39mSerial Getty on ttyS0[0m.
[[0;32m  OK  [0m] Reached target [0;1;39mLogin Prompts[0m.
[[0;32m  OK  [0m] Finished [0;1;39mTerminate Plymouth Boot Screen[0m.
         Starting [0;1;39mAuthorization Manager[0m...
[[0;32m  OK  [0m] Started [0;1;39mAuthorization Manager[0m.
[[0;32m  OK  [0m] Started [0;1;39mDynamic System Tuning Daemon[0m.
[[0;32m  OK  [0m] Reached target [0;1;39mMulti-User System[0m.
         Starting [0;1;39mRecord Runlevel Change in UTMP[0m...
[[0;32m  OK  [0m] Finished [0;1;39mRecord Runlevel Change in UTMP[0m.

CentOS Stream 9
Kernel 7.0.0-rc4-next-20260317-8e5a478b6d6a on an x86_64

Activate the web console with: systemctl enable --now cockpit.socket

test login: [   19.543111] Oops: general protection fault, probably for non-canonical address 0xdffffc0000000009: 0000 [#1] SMP KASAN NOPTI
[   19.543731] KASAN: null-ptr-deref in range [0x0000000000000048-0x000000000000004f]
[   19.544132] CPU: 1 UID: 0 PID: 739 Comm: repro Not tainted 7.0.0-rc4-next-20260317-8e5a478b6d6a #1 PREEMPT(lazy) 
[   19.544657] Hardware name: QEMU Standard PC (i440FX + PIIX, 1996), BIOS rel-1.16.0-0-gd239552ce722-prebuilt.qemu.org 04/01/2014
[   19.545222] RIP: 0010:fuse_opt_fd+0x5e/0x340
[   19.545481] Code: c1 ea 03 80 3c 02 00 0f 85 91 02 00 00 49 8d 7c 24 48 49 8b 9e 98 00 00 00 48 b8 00 00 00 00 00 fc ff df 48 89 fa 48 c1 ea 03 <80> 3c 02 00 0f 85 60 02 00 00 49 81 7c 24 48 20 cf 2e 86 0f 85 d8
[   19.546420] RSP: 0018:ffff888012c879f8 EFLAGS: 00010206
[   19.546703] RAX: dffffc0000000000 RBX: ffff88801fa83380 RCX: ffff888012c8796c
[   19.547073] RDX: 0000000000000009 RSI: ffffffff82986cbf RDI: 0000000000000048
[   19.547443] RBP: ffff888012c87a20 R08: 0000000000000000 R09: 0000000000000001
[   19.547816] R10: 0000000000000001 R11: ffff8880141a8eb8 R12: 0000000000000000
[   19.548185] R13: 0000000000000000 R14: ffff888010e3cc00 R15: ffff888012c87aa8
[   19.548557] FS:  00007fbea1acf600(0000) GS:ffff8880e30aa000(0000) knlGS:0000000000000000
[   19.548976] CS:  0010 DS: 0000 ES: 0000 CR0: 0000000080050033
[   19.549279] CR2: 0000200000001000 CR3: 000000000ef6a006 CR4: 0000000000770ef0
[   19.549650] PKRU: 55555554
[   19.549805] Call Trace:
[   19.549947]  <TASK>
[   19.550073]  fuse_parse_param+0x810/0xcc0
[   19.550296]  ? __pfx_fuse_parse_param+0x10/0x10
[   19.550545]  ? __pfx___sanitizer_cov_trace_const_cmp2+0x10/0x10
[   19.550876]  ? static_key_count+0x69/0x80
[   19.551107]  ? __sanitizer_cov_trace_const_cmp8+0x1c/0x30
[   19.551395]  ? security_fs_context_parse_param+0x121/0x150
[   19.551698]  ? __pfx_fuse_parse_param+0x10/0x10
[   19.551942]  vfs_parse_fs_param+0x21e/0x3e0
[   19.552188]  vfs_parse_fs_qstr+0x15d/0x1e0
[   19.552418]  ? __pfx_vfs_parse_fs_qstr+0x10/0x10
[   19.552676]  ? kasan_save_track+0x18/0x40
[   19.552909]  ? kasan_save_alloc_info+0x3c/0x50
[   19.553160]  ? __pfx_vfs_parse_comma_sep+0x10/0x10
[   19.553425]  vfs_parse_monolithic_sep+0x1ab/0x230
[   19.553687]  ? __pfx_vfs_parse_monolithic_sep+0x10/0x10
[   19.553975]  ? fuse_init_fs_context+0x179/0x1f0
[   19.554220]  ? __sanitizer_cov_trace_const_cmp4+0x1a/0x20
[   19.554512]  ? __pfx_generic_parse_monolithic+0x10/0x10
[   19.554801]  generic_parse_monolithic+0x2e/0x40
[   19.555052]  parse_monolithic_mount_data+0x75/0xa0
[   19.555319]  path_mount+0x707/0x2060
[   19.555526]  ? lockdep_hardirqs_on+0x85/0x110
[   19.555790]  ? __pfx_path_mount+0x10/0x10
[   19.556010]  ? __kasan_slab_free+0x59/0x70
[   19.556236]  ? kmem_cache_free+0x251/0x5c0
[   19.556463]  ? putname+0xc6/0x130
[   19.556655]  ? putname+0xcb/0x130
[   19.556845]  __x64_sys_mount+0x2c3/0x340
[   19.557060]  ? __x64_sys_mount+0x2c3/0x340
[   19.557286]  ? __pfx___x64_sys_mount+0x10/0x10
[   19.557530]  ? __audit_syscall_entry+0x393/0x4f0
[   19.557794]  x64_sys_call+0x2b8/0x21c0
[   19.558009]  do_syscall_64+0xc1/0x1130
[   19.558219]  entry_SYSCALL_64_after_hwframe+0x76/0x7e
[   19.558490] RIP: 0033:0x7fbea183ee5d
[   19.558699] Code: ff c3 66 2e 0f 1f 84 00 00 00 00 00 90 f3 0f 1e fa 48 89 f8 48 89 f7 48 89 d6 48 89 ca 4d 89 c2 4d 89 c8 4c 8b 4c 24 08 0f 05 <48> 3d 01 f0 ff ff 73 01 c3 48 8b 0d 93 af 1b 00 f7 d8 64 89 01 48
[   19.559633] RSP: 002b:00007ffd9393a858 EFLAGS: 00000202 ORIG_RAX: 00000000000000a5
[   19.560035] RAX: ffffffffffffffda RBX: 0000000000000000 RCX: 00007fbea183ee5d
[   19.560405] RDX: 0000200000002100 RSI: 00002000000020c0 RDI: 0000000000000000
[   19.560777] RBP: 00007ffd9393a870 R08: 0000200000000080 R09: 0000000000000800
[   19.561155] R10: 0000000000000000 R11: 0000000000000202 R12: 00007ffd9393a988
[   19.561526] R13: 0000000000401156 R14: 0000000000403e08 R15: 00007fbea1b18000
[   19.561910]  </TASK>
[   19.562038] Modules linked in:
[   19.562271] ---[ end trace 0000000000000000 ]---
[   19.562525] RIP: 0010:fuse_opt_fd+0x5e/0x340
[   19.562762] Code: c1 ea 03 80 3c 02 00 0f 85 91 02 00 00 49 8d 7c 24 48 49 8b 9e 98 00 00 00 48 b8 00 00 00 00 00 fc ff df 48 89 fa 48 c1 ea 03 <80> 3c 02 00 0f 85 60 02 00 00 49 81 7c 24 48 20 cf 2e 86 0f 85 d8
[   19.563698] RSP: 0018:ffff888012c879f8 EFLAGS: 00010206
[   19.563974] RAX: dffffc0000000000 RBX: ffff88801fa83380 RCX: ffff888012c8796c
[   19.564342] RDX: 0000000000000009 RSI: ffffffff82986cbf RDI: 0000000000000048
[   19.564712] RBP: ffff888012c87a20 R08: 0000000000000000 R09: 0000000000000001
[   19.565083] R10: 0000000000000001 R11: ffff8880141a8eb8 R12: 0000000000000000
[   19.565457] R13: 0000000000000000 R14: ffff888010e3cc00 R15: ffff888012c87aa8
[   19.565849] FS:  00007fbea1acf600(0000) GS:ffff8880e30aa000(0000) knlGS:0000000000000000
[   19.566266] CS:  0010 DS: 0000 ES: 0000 CR0: 0000000080050033
[   19.566571] CR2: 0000200000001000 CR3: 000000000ef6a006 CR4: 0000000000770ef0
[   19.566946] PKRU: 55555554
[   19.571014] Oops: general protection fault, probably for non-canonical address 0xdffffc0000000009: 0000 [#2] SMP KASAN NOPTI
[   19.571708] KASAN: null-ptr-deref in range [0x0000000000000048-0x000000000000004f]
[   19.572103] CPU: 1 UID: 0 PID: 740 Comm: repro Tainted: G      D             7.0.0-rc4-next-20260317-8e5a478b6d6a #1 PREEMPT(lazy) 
[   19.572706] Tainted: [D]=DIE
[   19.572871] Hardware name: QEMU Standard PC (i440FX + PIIX, 1996), BIOS rel-1.16.0-0-gd239552ce722-prebuilt.qemu.org 04/01/2014
[   19.573447] RIP: 0010:fuse_opt_fd+0x5e/0x340
[   19.573683] Code: c1 ea 03 80 3c 02 00 0f 85 91 02 00 00 49 8d 7c 24 48 49 8b 9e 98 00 00 00 48 b8 00 00 00 00 00 fc ff df 48 89 fa 48 c1 ea 03 <80> 3c 02 00 0f 85 60 02 00 00 49 81 7c 24 48 20 cf 2e 86 0f 85 d8
[   19.574613] RSP: 0018:ffff888019a8f9f8 EFLAGS: 00010206
[   19.574894] RAX: dffffc0000000000 RBX: ffff88801fa83c00 RCX: 1ffffffff0e3262d
[   19.575264] RDX: 0000000000000009 RSI: ffffffff82986cbf RDI: 0000000000000048
[   19.575635] RBP: ffff888019a8fa20 R08: 0000000000000000 R09: 0000000000000000
[   19.576003] R10: 0000000000000000 R11: 000000000000000f R12: 0000000000000000
[   19.576373] R13: 0000000000000000 R14: ffff888010e3ca00 R15: ffff888019a8faa8
[   19.576746] FS:  00007f4b7fb2b600(0000) GS:ffff8880e30aa000(0000) knlGS:0000000000000000
[   19.577161] CS:  0010 DS: 0000 ES: 0000 CR0: 0000000080050033
[   19.577463] CR2: 0000200000001000 CR3: 0000000011acd003 CR4: 0000000000770ef0
[   19.577841] PKRU: 55555554
[   19.577992] Call Trace:
[   19.578134]  <TASK>
[   19.578267]  fuse_parse_param+0x810/0xcc0
[   19.578488]  ? __pfx_fuse_parse_param+0x10/0x10
[   19.578737]  ? __pfx___sanitizer_cov_trace_const_cmp2+0x10/0x10
[   19.579055]  ? static_key_count+0x69/0x80
[   19.579278]  ? __sanitizer_cov_trace_const_cmp8+0x1c/0x30
[   19.579577]  ? security_fs_context_parse_param+0x121/0x150
[   19.579881]  ? __pfx_fuse_parse_param+0x10/0x10
[   19.580132]  vfs_parse_fs_param+0x21e/0x3e0
[   19.580368]  vfs_parse_fs_qstr+0x15d/0x1e0
[   19.580597]  ? __pfx_vfs_parse_fs_qstr+0x10/0x10
[   19.580861]  ? kasan_save_track+0x18/0x40
[   19.581087]  ? kasan_save_alloc_info+0x3c/0x50
[   19.581334]  ? __pfx_vfs_parse_comma_sep+0x10/0x10
[   19.581598]  vfs_parse_monolithic_sep+0x1ab/0x230
[   19.581862]  ? __pfx_vfs_parse_monolithic_sep+0x10/0x10
[   19.582151]  ? fuse_init_fs_context+0x179/0x1f0
[   19.582399]  ? __sanitizer_cov_trace_const_cmp4+0x1a/0x20
[   19.582693]  ? __pfx_generic_parse_monolithic+0x10/0x10
[   19.582978]  generic_parse_monolithic+0x2e/0x40
[   19.583235]  parse_monolithic_mount_data+0x75/0xa0
[   19.583504]  path_mount+0x707/0x2060
[   19.583709]  ? __pfx_path_mount+0x10/0x10
[   19.583931]  ? __kasan_slab_free+0x59/0x70
[   19.584159]  ? kmem_cache_free+0x251/0x5c0
[   19.584383]  ? putname+0xc6/0x130
[   19.584574]  ? putname+0xcb/0x130
[   19.584765]  __x64_sys_mount+0x2c3/0x340
[   19.584986]  ? __x64_sys_mount+0x2c3/0x340
[   19.585210]  ? __pfx___x64_sys_mount+0x10/0x10
[   19.585456]  ? __audit_syscall_entry+0x393/0x4f0
[   19.585717]  x64_sys_call+0x2b8/0x21c0
[   19.585928]  do_syscall_64+0xc1/0x1130
[   19.586138]  entry_SYSCALL_64_after_hwframe+0x76/0x7e
[   19.586407] RIP: 0033:0x7f4b7f83ee5d
[   19.586613] Code: ff c3 66 2e 0f 1f 84 00 00 00 00 00 90 f3 0f 1e fa 48 89 f8 48 89 f7 48 89 d6 48 89 ca 4d 89 c2 4d 89 c8 4c 8b 4c 24 08 0f 05 <48> 3d 01 f0 ff ff 73 01 c3 48 8b 0d 93 af 1b 00 f7 d8 64 89 01 48
[   19.587548] RSP: 002b:00007ffd113e09a8 EFLAGS: 00000202 ORIG_RAX: 00000000000000a5
[   19.587946] RAX: ffffffffffffffda RBX: 0000000000000000 RCX: 00007f4b7f83ee5d
[   19.588319] RDX: 0000200000002100 RSI: 00002000000020c0 RDI: 0000000000000000
[   19.588702] RBP: 00007ffd113e09c0 R08: 0000200000000080 R09: 0000000000000800
[   19.589069] R10: 0000000000000000 R11: 0000000000000202 R12: 00007ffd113e0ad8
[   19.589438] R13: 0000000000401156 R14: 0000000000403e08 R15: 00007f4b7fb74000
[   19.589825]  </TASK>
[   19.589952] Modules linked in:
[   19.590475] ---[ end trace 0000000000000000 ]---
[   19.590724] RIP: 0010:fuse_opt_fd+0x5e/0x340
[   19.590955] Code: c1 ea 03 80 3c 02 00 0f 85 91 02 00 00 49 8d 7c 24 48 49 8b 9e 98 00 00 00 48 b8 00 00 00 00 00 fc ff df 48 89 fa 48 c1 ea 03 <80> 3c 02 00 0f 85 60 02 00 00 49 81 7c 24 48 20 cf 2e 86 0f 85 d8
[   19.591963] RSP: 0018:ffff888012c879f8 EFLAGS: 00010206
[   19.592249] RAX: dffffc0000000000 RBX: ffff88801fa83380 RCX: ffff888012c8796c
[   19.592622] RDX: 0000000000000009 RSI: ffffffff82986cbf RDI: 0000000000000048
[   19.592994] RBP: ffff888012c87a20 R08: 0000000000000000 R09: 0000000000000001
[   19.593367] R10: 0000000000000001 R11: ffff8880141a8eb8 R12: 0000000000000000
[   19.593741] R13: 0000000000000000 R14: ffff888010e3cc00 R15: ffff888012c87aa8
[   19.594448] FS:  00007f4b7fb2b600(0000) GS:ffff8880e30aa000(0000) knlGS:0000000000000000
[   19.594872] CS:  0010 DS: 0000 ES: 0000 CR0: 0000000080050033
[   19.595452] CR2: 0000200000001000 CR3: 0000000011acd003 CR4: 0000000000770ef0
[   19.595834] PKRU: 55555554
[   19.600448] Oops: general protection fault, probably for non-canonical address 0xdffffc0000000009: 0000 [#3] SMP KASAN NOPTI
[   19.601404] KASAN: null-ptr-deref in range [0x0000000000000048-0x000000000000004f]
[   19.601829] CPU: 1 UID: 0 PID: 741 Comm: repro Tainted: G      D             7.0.0-rc4-next-20260317-8e5a478b6d6a #1 PREEMPT(lazy) 
[   19.602420] Tainted: [D]=DIE
[   19.602580] Hardware name: QEMU Standard PC (i440FX + PIIX, 1996), BIOS rel-1.16.0-0-gd239552ce722-prebuilt.qemu.org 04/01/2014
[   19.603155] RIP: 0010:fuse_opt_fd+0x5e/0x340
[   19.603390] Code: c1 ea 03 80 3c 02 00 0f 85 91 02 00 00 49 8d 7c 24 48 49 8b 9e 98 00 00 00 48 b8 00 00 00 00 00 fc ff df 48 89 fa 48 c1 ea 03 <80> 3c 02 00 0f 85 60 02 00 00 49 81 7c 24 48 20 cf 2e 86 0f 85 d8
[   19.604313] RSP: 0018:ffff88801b5979f8 EFLAGS: 00010206
[   19.604587] RAX: dffffc0000000000 RBX: ffff88801fa83f00 RCX: 1ffffffff0e3262d
[   19.604953] RDX: 0000000000000009 RSI: ffffffff82986cbf RDI: 0000000000000048
[   19.605313] RBP: ffff88801b597a20 R08: 0000000000000000 R09: 0000000000000000
[   19.605676] R10: 0000000000000000 R11: 000000000000000f R12: 0000000000000000
[   19.606048] R13: 0000000000000000 R14: ffff888010e3d600 R15: ffff88801b597aa8
[   19.606413] FS:  00007faae33e4600(0000) GS:ffff8880e30aa000(0000) knlGS:0000000000000000
[   19.606826] CS:  0010 DS: 0000 ES: 0000 CR0: 0000000080050033
[   19.607122] CR2: 0000200000001000 CR3: 0000000011acd006 CR4: 0000000000770ef0
[   19.607491] PKRU: 55555554
[   19.607650] Call Trace:
[   19.607791]  <TASK>
[   19.607914]  fuse_parse_param+0x810/0xcc0
[   19.608134]  ? __pfx_fuse_parse_param+0x10/0x10
[   19.608384]  ? __pfx___sanitizer_cov_trace_const_cmp2+0x10/0x10
[   19.608702]  ? static_key_count+0x69/0x80
[   19.608918]  ? __sanitizer_cov_trace_const_cmp8+0x1c/0x30
[   19.609209]  ? security_fs_context_parse_param+0x121/0x150
[   19.609509]  ? __pfx_fuse_parse_param+0x10/0x10
[   19.609762]  vfs_parse_fs_param+0x21e/0x3e0
[   19.609995]  vfs_parse_fs_qstr+0x15d/0x1e0
[   19.610226]  ? __pfx_vfs_parse_fs_qstr+0x10/0x10
[   19.610485]  ? kasan_save_track+0x18/0x40
[   19.610710]  ? kasan_save_alloc_info+0x3c/0x50
[   19.610953]  ? __pfx_vfs_parse_comma_sep+0x10/0x10
[   19.611212]  vfs_parse_monolithic_sep+0x1ab/0x230
[   19.611472]  ? __pfx_vfs_parse_monolithic_sep+0x10/0x10
[   19.611759]  ? fuse_init_fs_context+0x179/0x1f0
[   19.612001]  ? __sanitizer_cov_trace_const_cmp4+0x1a/0x20
[   19.612288]  ? __pfx_generic_parse_monolithic+0x10/0x10
[   19.612571]  generic_parse_monolithic+0x2e/0x40
[   19.612825]  parse_monolithic_mount_data+0x75/0xa0
[   19.613086]  path_mount+0x707/0x2060
[   19.613289]  ? __pfx_path_mount+0x10/0x10
[   19.613509]  ? __kasan_slab_free+0x59/0x70
[   19.613732]  ? kmem_cache_free+0x251/0x5c0
[   19.613953]  ? putname+0xc6/0x130
[   19.614138]  ? putname+0xcb/0x130
[   19.614323]  __x64_sys_mount+0x2c3/0x340
[   19.614540]  ? __x64_sys_mount+0x2c3/0x340
[   19.614767]  ? __pfx___x64_sys_mount+0x10/0x10
[   19.615005]  ? __audit_syscall_entry+0x393/0x4f0
[   19.615263]  x64_sys_call+0x2b8/0x21c0
[   19.615470]  do_syscall_64+0xc1/0x1130
[   19.615679]  entry_SYSCALL_64_after_hwframe+0x76/0x7e
[   19.615944] RIP: 0033:0x7faae303ee5d
[   19.616141] Code: ff c3 66 2e 0f 1f 84 00 00 00 00 00 90 f3 0f 1e fa 48 89 f8 48 89 f7 48 89 d6 48 89 ca 4d 89 c2 4d 89 c8 4c 8b 4c 24 08 0f 05 <48> 3d 01 f0 ff ff 73 01 c3 48 8b 0d 93 af 1b 00 f7 d8 64 89 01 48
[   19.617067] RSP: 002b:00007ffc78e81838 EFLAGS: 00000202 ORIG_RAX: 00000000000000a5
[   19.617454] RAX: ffffffffffffffda RBX: 0000000000000000 RCX: 00007faae303ee5d
[   19.617824] RDX: 0000200000002100 RSI: 00002000000020c0 RDI: 0000000000000000
[   19.618192] RBP: 00007ffc78e81850 R08: 0000200000000080 R09: 0000000000000800
[   19.618555] R10: 0000000000000000 R11: 0000000000000202 R12: 00007ffc78e81968
[   19.618919] R13: 0000000000401156 R14: 0000000000403e08 R15: 00007faae342d000
[   19.619289]  </TASK>
[   19.619415] Modules linked in:
[   19.619806] ---[ end trace 0000000000000000 ]---
[   19.620034] RIP: 0010:fuse_opt_fd+0x5e/0x340
[   19.620269] Code: c1 ea 03 80 3c 02 00 0f 85 91 02 00 00 49 8d 7c 24 48 49 8b 9e 98 00 00 00 48 b8 00 00 00 00 00 fc ff df 48 89 fa 48 c1 ea 03 <80> 3c 02 00 0f 85 60 02 00 00 49 81 7c 24 48 20 cf 2e 86 0f 85 d8
[   19.621188] RSP: 0018:ffff888012c879f8 EFLAGS: 00010206
[   19.621464] RAX: dffffc0000000000 RBX: ffff88801fa83380 RCX: ffff888012c8796c
[   19.621847] RDX: 0000000000000009 RSI: ffffffff82986cbf RDI: 0000000000000048
[   19.622213] RBP: ffff888012c87a20 R08: 0000000000000000 R09: 0000000000000001
[   19.622582] R10: 0000000000000001 R11: ffff8880141a8eb8 R12: 0000000000000000
[   19.622949] R13: 0000000000000000 R14: ffff888010e3cc00 R15: ffff888012c87aa8
[   19.623315] FS:  00007faae33e4600(0000) GS:ffff8880e30aa000(0000) knlGS:0000000000000000
[   19.623723] CS:  0010 DS: 0000 ES: 0000 CR0: 0000000080050033
[   19.624021] CR2: 0000200000001000 CR3: 0000000011acd006 CR4: 0000000000770ef0
[   19.624383] PKRU: 55555554
[   19.628236] Oops: general protection fault, probably for non-canonical address 0xdffffc0000000009: 0000 [#4] SMP KASAN NOPTI
[   19.629089] KASAN: null-ptr-deref in range [0x0000000000000048-0x000000000000004f]
[   19.629483] CPU: 1 UID: 0 PID: 742 Comm: repro Tainted: G      D             7.0.0-rc4-next-20260317-8e5a478b6d6a #1 PREEMPT(lazy) 
[   19.630085] Tainted: [D]=DIE
[   19.630244] Hardware name: QEMU Standard PC (i440FX + PIIX, 1996), BIOS rel-1.16.0-0-gd239552ce722-prebuilt.qemu.org 04/01/2014
[   19.630814] RIP: 0010:fuse_opt_fd+0x5e/0x340
[   19.631049] Code: c1 ea 03 80 3c 02 00 0f 85 91 02 00 00 49 8d 7c 24 48 49 8b 9e 98 00 00 00 48 b8 00 00 00 00 00 fc ff df 48 89 fa 48 c1 ea 03 <80> 3c 02 00 0f 85 60 02 00 00 49 81 7c 24 48 20 cf 2e 86 0f 85 d8
[   19.631964] RSP: 0018:ffff88801136f9f8 EFLAGS: 00010206
[   19.632241] RAX: dffffc0000000000 RBX: ffff88801fa83280 RCX: 1ffffffff0e3262d
[   19.632605] RDX: 0000000000000009 RSI: ffffffff82986cbf RDI: 0000000000000048
[   19.632969] RBP: ffff88801136fa20 R08: 0000000000000000 R09: 0000000000000000
[   19.633343] R10: 0000000000000000 R11: 000000000000000f R12: 0000000000000000
[   19.633708] R13: 0000000000000000 R14: ffff888010e3c200 R15: ffff88801136faa8
[   19.634074] FS:  00007f1cd0a67600(0000) GS:ffff8880e30aa000(0000) knlGS:0000000000000000
[   19.634482] CS:  0010 DS: 0000 ES: 0000 CR0: 0000000080050033
[   19.634784] CR2: 0000200000001000 CR3: 0000000011acd003 CR4: 0000000000770ef0
[   19.635150] PKRU: 55555554
[   19.635301] Call Trace:
[   19.635441]  <TASK>
[   19.635565]  fuse_parse_param+0x810/0xcc0
[   19.635794]  ? __pfx_fuse_parse_param+0x10/0x10
[   19.636037]  ? __pfx___sanitizer_cov_trace_const_cmp2+0x10/0x10
[   19.636354]  ? static_key_count+0x69/0x80
[   19.636576]  ? __sanitizer_cov_trace_const_cmp8+0x1c/0x30
[   19.636863]  ? security_fs_context_parse_param+0x121/0x150
[   19.637157]  ? __pfx_fuse_parse_param+0x10/0x10
[   19.637406]  vfs_parse_fs_param+0x21e/0x3e0
[   19.637644]  vfs_parse_fs_qstr+0x15d/0x1e0
[   19.637874]  ? __pfx_vfs_parse_fs_qstr+0x10/0x10
[   19.638127]  ? kasan_save_track+0x18/0x40
[   19.638352]  ? kasan_save_alloc_info+0x3c/0x50
[   19.638600]  ? __pfx_vfs_parse_comma_sep+0x10/0x10
[   19.638864]  vfs_parse_monolithic_sep+0x1ab/0x230
[   19.639125]  ? __pfx_vfs_parse_monolithic_sep+0x10/0x10
[   19.639410]  ? fuse_init_fs_context+0x179/0x1f0
[   19.639654]  ? __sanitizer_cov_trace_const_cmp4+0x1a/0x20
[   19.639943]  ? __pfx_generic_parse_monolithic+0x10/0x10
[   19.640224]  generic_parse_monolithic+0x2e/0x40
[   19.640475]  parse_monolithic_mount_data+0x75/0xa0
[   19.640743]  path_mount+0x707/0x2060
[   19.640945]  ? __pfx_path_mount+0x10/0x10
[   19.641160]  ? __kasan_slab_free+0x59/0x70
[   19.641383]  ? kmem_cache_free+0x251/0x5c0
[   19.641610]  ? putname+0xc6/0x130
[   19.641799]  ? putname+0xcb/0x130
[   19.641985]  __x64_sys_mount+0x2c3/0x340
[   19.642196]  ? __x64_sys_mount+0x2c3/0x340
[   19.642420]  ? __pfx___x64_sys_mount+0x10/0x10
[   19.642666]  ? __audit_syscall_entry+0x393/0x4f0
[   19.642920]  x64_sys_call+0x2b8/0x21c0
[   19.643134]  do_syscall_64+0xc1/0x1130
[   19.643344]  entry_SYSCALL_64_after_hwframe+0x76/0x7e
[   19.643620] RIP: 0033:0x7f1cd083ee5d
[   19.643825] Code: ff c3 66 2e 0f 1f 84 00 00 00 00 00 90 f3 0f 1e fa 48 89 f8 48 89 f7 48 89 d6 48 89 ca 4d 89 c2 4d 89 c8 4c 8b 4c 24 08 0f 05 <48> 3d 01 f0 ff ff 73 01 c3 48 8b 0d 93 af 1b 00 f7 d8 64 89 01 48
[   19.644745] RSP: 002b:00007ffec546b298 EFLAGS: 00000202 ORIG_RAX: 00000000000000a5
[   19.645135] RAX: ffffffffffffffda RBX: 0000000000000000 RCX: 00007f1cd083ee5d
[   19.645503] RDX: 0000200000002100 RSI: 00002000000020c0 RDI: 0000000000000000
[   19.645869] RBP: 00007ffec546b2b0 R08: 0000200000000080 R09: 0000000000000800
[   19.646235] R10: 0000000000000000 R11: 0000000000000202 R12: 00007ffec546b3c8
[   19.646604] R13: 0000000000401156 R14: 0000000000403e08 R15: 00007f1cd0ab0000
[   19.646981]  </TASK>
[   19.647105] Modules linked in:
[   19.647348] ---[ end trace 0000000000000000 ]---
[   19.647603] RIP: 0010:fuse_opt_fd+0x5e/0x340
[   19.647842] Code: c1 ea 03 80 3c 02 00 0f 85 91 02 00 00 49 8d 7c 24 48 49 8b 9e 98 00 00 00 48 b8 00 00 00 00 00 fc ff df 48 89 fa 48 c1 ea 03 <80> 3c 02 00 0f 85 60 02 00 00 49 81 7c 24 48 20 cf 2e 86 0f 85 d8
[   19.648784] RSP: 0018:ffff888012c879f8 EFLAGS: 00010206
[   19.649061] RAX: dffffc0000000000 RBX: ffff88801fa83380 RCX: ffff888012c8796c
[   19.649424] RDX: 0000000000000009 RSI: ffffffff82986cbf RDI: 0000000000000048
[   19.649812] RBP: ffff888012c87a20 R08: 0000000000000000 R09: 0000000000000001
[   19.650187] R10: 0000000000000001 R11: ffff8880141a8eb8 R12: 0000000000000000
[   19.650555] R13: 0000000000000000 R14: ffff888010e3cc00 R15: ffff888012c87aa8
[   19.650923] FS:  00007f1cd0a67600(0000) GS:ffff8880e30aa000(0000) knlGS:0000000000000000
[   19.651336] CS:  0010 DS: 0000 ES: 0000 CR0: 0000000080050033
[   19.651633] CR2: 0000200000001000 CR3: 0000000011acd003 CR4: 0000000000770ef0
[   19.651997] PKRU: 55555554
[   19.658739] Oops: general protection fault, probably for non-canonical address 0xdffffc0000000009: 0000 [#5] SMP KASAN NOPTI
[   19.660183] KASAN: null-ptr-deref in range [0x0000000000000048-0x000000000000004f]
[   19.661088] CPU: 0 UID: 0 PID: 743 Comm: repro Tainted: G      D             7.0.0-rc4-next-20260317-8e5a478b6d6a #1 PREEMPT(lazy) 
[   19.662468] Tainted: [D]=DIE
[   19.662840] Hardware name: QEMU Standard PC (i440FX + PIIX, 1996), BIOS rel-1.16.0-0-gd239552ce722-prebuilt.qemu.org 04/01/2014
[   19.664158] RIP: 0010:fuse_opt_fd+0x5e/0x340
[   19.664701] Code: c1 ea 03 80 3c 02 00 0f 85 91 02 00 00 49 8d 7c 24 48 49 8b 9e 98 00 00 00 48 b8 00 00 00 00 00 fc ff df 48 89 fa 48 c1 ea 03 <80> 3c 02 00 0f 85 60 02 00 00 49 81 7c 24 48 20 cf 2e 86 0f 85 d8
[   19.666832] RSP: 0018:ffff888012adf9f8 EFLAGS: 00010206
[   19.667462] RAX: dffffc0000000000 RBX: ffff88801197ef80 RCX: 1ffffffff0e3262c
[   19.668307] RDX: 0000000000000009 RSI: ffffffff82986cbf RDI: 0000000000000048
[   19.669150] RBP: ffff888012adfa20 R08: 0000000000000000 R09: 0000000000000000
[   19.669993] R10: 0000000000000000 R11: 000000000000000f R12: 0000000000000000
[   19.670838] R13: 0000000000000000 R14: ffff888010e3ea00 R15: ffff888012adfaa8
[   19.671680] FS:  00007f779d251600(0000) GS:ffff8880e2faa000(0000) knlGS:0000000000000000
[   19.672642] CS:  0010 DS: 0000 ES: 0000 CR0: 0000000080050033
[   19.673347] CR2: 0000200000001000 CR3: 0000000028997003 CR4: 0000000000770ef0
[   19.674192] PKRU: 55555554
[   19.674537] Call Trace:
[   19.674855]  <TASK>
[   19.675138]  fuse_parse_param+0x810/0xcc0
[   19.675635]  ? __pfx_fuse_parse_param+0x10/0x10
[   19.676190]  ? __pfx___sanitizer_cov_trace_const_cmp2+0x10/0x10
[   19.676908]  ? static_key_count+0x69/0x80
[   19.677402]  ? __sanitizer_cov_trace_const_cmp8+0x1c/0x30
[   19.678053]  ? security_fs_context_parse_param+0x121/0x150
[   19.678729]  ? __pfx_fuse_parse_param+0x10/0x10
[   19.679287]  vfs_parse_fs_param+0x21e/0x3e0
[   19.679813]  vfs_parse_fs_qstr+0x15d/0x1e0
[   19.680324]  ? __pfx_vfs_parse_fs_qstr+0x10/0x10
[   19.680908]  ? kasan_save_track+0x18/0x40
[   19.681184]  ? kasan_save_alloc_info+0x3c/0x50
[   19.681476]  ? __pfx_vfs_parse_comma_sep+0x10/0x10
[   19.681795]  vfs_parse_monolithic_sep+0x1ab/0x230
[   19.682046]  ? __pfx_vfs_parse_monolithic_sep+0x10/0x10
[   19.682319]  ? fuse_init_fs_context+0x179/0x1f0
[   19.682556]  ? __sanitizer_cov_trace_const_cmp4+0x1a/0x20
[   19.682843]  ? __pfx_generic_parse_monolithic+0x10/0x10
[   19.683115]  generic_parse_monolithic+0x2e/0x40
[   19.683358]  parse_monolithic_mount_data+0x75/0xa0
[   19.683613]  path_mount+0x707/0x2060
[   19.683812]  ? __pfx_path_mount+0x10/0x10
[   19.684023]  ? __kasan_slab_free+0x59/0x70
[   19.684236]  ? kmem_cache_free+0x251/0x5c0
[   19.684452]  ? putname+0xc6/0x130
[   19.684636]  ? putname+0xcb/0x130
[   19.684818]  __x64_sys_mount+0x2c3/0x340
[   19.685027]  ? __x64_sys_mount+0x2c3/0x340
[   19.685243]  ? __pfx___x64_sys_mount+0x10/0x10
[   19.685479]  ? __audit_syscall_entry+0x393/0x4f0
[   19.685730]  x64_sys_call+0x2b8/0x21c0
[   19.685941]  do_syscall_64+0xc1/0x1130
[   19.686147]  entry_SYSCALL_64_after_hwframe+0x76/0x7e
[   19.686412] RIP: 0033:0x7f779d03ee5d
[   19.686604] Code: ff c3 66 2e 0f 1f 84 00 00 00 00 00 90 f3 0f 1e fa 48 89 f8 48 89 f7 48 89 d6 48 89 ca 4d 89 c2 4d 89 c8 4c 8b 4c 24 08 0f 05 <48> 3d 01 f0 ff ff 73 01 c3 48 8b 0d 93 af 1b 00 f7 d8 64 89 01 48
[   19.687506] RSP: 002b:00007ffe07bc8498 EFLAGS: 00000202 ORIG_RAX: 00000000000000a5
[   19.687890] RAX: ffffffffffffffda RBX: 0000000000000000 RCX: 00007f779d03ee5d
[   19.688248] RDX: 0000200000002100 RSI: 00002000000020c0 RDI: 0000000000000000
[   19.688607] RBP: 00007ffe07bc84b0 R08: 0000200000000080 R09: 0000000000000800
[   19.688965] R10: 0000000000000000 R11: 0000000000000202 R12: 00007ffe07bc85c8
[   19.689322] R13: 0000000000401156 R14: 0000000000403e08 R15: 00007f779d29a000
[   19.689693]  </TASK>
[   19.689818] Modules linked in:
[   19.690151] ---[ end trace 0000000000000000 ]---
[   19.690526] RIP: 0010:fuse_opt_fd+0x5e/0x340
[   19.690812] Code: c1 ea 03 80 3c 02 00 0f 85 91 02 00 00 49 8d 7c 24 48 49 8b 9e 98 00 00 00 48 b8 00 00 00 00 00 fc ff df 48 89 fa 48 c1 ea 03 <80> 3c 02 00 0f 85 60 02 00 00 49 81 7c 24 48 20 cf 2e 86 0f 85 d8
[   19.691721] RSP: 0018:ffff888012c879f8 EFLAGS: 00010206
[   19.691995] RAX: dffffc0000000000 RBX: ffff88801fa83380 RCX: ffff888012c8796c
[   19.692348] RDX: 0000000000000009 RSI: ffffffff82986cbf RDI: 0000000000000048
[   19.692714] RBP: ffff888012c87a20 R08: 0000000000000000 R09: 0000000000000001
[   19.693066] R10: 0000000000000001 R11: ffff8880141a8eb8 R12: 0000000000000000
[   19.693421] R13: 0000000000000000 R14: ffff888010e3cc00 R15: ffff888012c87aa8
[   19.693791] FS:  00007f779d251600(0000) GS:ffff8880e2faa000(0000) knlGS:0000000000000000
[   19.694192] CS:  0010 DS: 0000 ES: 0000 CR0: 0000000080050033
[   19.694482] CR2: 0000200000001000 CR3: 0000000028997003 CR4: 0000000000770ef0
[   19.694843] PKRU: 55555554
[   19.698596] Oops: general protection fault, probably for non-canonical address 0xdffffc0000000009: 0000 [#6] SMP KASAN NOPTI
[   19.699486] KASAN: null-ptr-deref in range [0x0000000000000048-0x000000000000004f]
[   19.699887] CPU: 0 UID: 0 PID: 744 Comm: repro Tainted: G      D             7.0.0-rc4-next-20260317-8e5a478b6d6a #1 PREEMPT(lazy) 
[   19.700483] Tainted: [D]=DIE
[   19.700645] Hardware name: QEMU Standard PC (i440FX + PIIX, 1996), BIOS rel-1.16.0-0-gd239552ce722-prebuilt.qemu.org 04/01/2014
[   19.701217] RIP: 0010:fuse_opt_fd+0x5e/0x340
[   19.701460] Code: c1 ea 03 80 3c 02 00 0f 85 91 02 00 00 49 8d 7c 24 48 49 8b 9e 98 00 00 00 48 b8 00 00 00 00 00 fc ff df 48 89 fa 48 c1 ea 03 <80> 3c 02 00 0f 85 60 02 00 00 49 81 7c 24 48 20 cf 2e 86 0f 85 d8
[   19.702380] RSP: 0018:ffff88801136f9f8 EFLAGS: 00010206
[   19.702657] RAX: dffffc0000000000 RBX: ffff88801197ea80 RCX: 1ffffffff0e3262c
[   19.703030] RDX: 0000000000000009 RSI: ffffffff82986cbf RDI: 0000000000000048
[   19.703393] RBP: ffff88801136fa20 R08: 0000000000000000 R09: 0000000000000000
[   19.703762] R10: 0000000000000000 R11: 000000000000000f R12: 0000000000000000
[   19.704131] R13: 0000000000000000 R14: ffff888010e3f800 R15: ffff88801136faa8
[   19.704497] FS:  00007f77e9716600(0000) GS:ffff8880e2faa000(0000) knlGS:0000000000000000
[   19.704913] CS:  0010 DS: 0000 ES: 0000 CR0: 0000000080050033
[   19.705215] CR2: 0000200000001000 CR3: 0000000028997005 CR4: 0000000000770ef0
[   19.705585] PKRU: 55555554
[   19.705743] Call Trace:
[   19.705882]  <TASK>
[   19.706006]  fuse_parse_param+0x810/0xcc0
[   19.706226]  ? __pfx_fuse_parse_param+0x10/0x10
[   19.706470]  ? __pfx___sanitizer_cov_trace_const_cmp2+0x10/0x10
[   19.706794]  ? static_key_count+0x69/0x80
[   19.707010]  ? __sanitizer_cov_trace_const_cmp8+0x1c/0x30
[   19.707299]  ? security_fs_context_parse_param+0x121/0x150
[   19.707596]  ? __pfx_fuse_parse_param+0x10/0x10
[   19.707845]  vfs_parse_fs_param+0x21e/0x3e0
[   19.708083]  vfs_parse_fs_qstr+0x15d/0x1e0
[   19.708307]  ? __pfx_vfs_parse_fs_qstr+0x10/0x10
[   19.708562]  ? kasan_save_track+0x18/0x40
[   19.708779]  ? kasan_save_alloc_info+0x3c/0x50
[   19.709015]  ? __pfx_vfs_parse_comma_sep+0x10/0x10
[   19.709271]  vfs_parse_monolithic_sep+0x1ab/0x230
[   19.709523]  ? __pfx_vfs_parse_monolithic_sep+0x10/0x10
[   19.709807]  ? fuse_init_fs_context+0x179/0x1f0
[   19.710054]  ? __sanitizer_cov_trace_const_cmp4+0x1a/0x20
[   19.710343]  ? __pfx_generic_parse_monolithic+0x10/0x10
[   19.710624]  generic_parse_monolithic+0x2e/0x40
[   19.710878]  parse_monolithic_mount_data+0x75/0xa0
[   19.711141]  path_mount+0x707/0x2060
[   19.711344]  ? __pfx_path_mount+0x10/0x10
[   19.711562]  ? __kasan_slab_free+0x59/0x70
[   19.711787]  ? kmem_cache_free+0x251/0x5c0
[   19.712008]  ? putname+0xc6/0x130
[   19.712194]  ? putname+0xcb/0x130
[   19.712381]  __x64_sys_mount+0x2c3/0x340
[   19.712597]  ? __x64_sys_mount+0x2c3/0x340
[   19.712823]  ? __pfx___x64_sys_mount+0x10/0x10
[   19.713068]  ? __audit_syscall_entry+0x393/0x4f0
[   19.713324]  x64_sys_call+0x2b8/0x21c0
[   19.713534]  do_syscall_64+0xc1/0x1130
[   19.713748]  entry_SYSCALL_64_after_hwframe+0x76/0x7e
[   19.714015] RIP: 0033:0x7f77e943ee5d
[   19.714213] Code: ff c3 66 2e 0f 1f 84 00 00 00 00 00 90 f3 0f 1e fa 48 89 f8 48 89 f7 48 89 d6 48 89 ca 4d 89 c2 4d 89 c8 4c 8b 4c 24 08 0f 05 <48> 3d 01 f0 ff ff 73 01 c3 48 8b 0d 93 af 1b 00 f7 d8 64 89 01 48
[   19.715134] RSP: 002b:00007ffe97fc3028 EFLAGS: 00000206 ORIG_RAX: 00000000000000a5
[   19.715524] RAX: ffffffffffffffda RBX: 0000000000000000 RCX: 00007f77e943ee5d
[   19.715894] RDX: 0000200000002100 RSI: 00002000000020c0 RDI: 0000000000000000
[   19.716262] RBP: 00007ffe97fc3040 R08: 0000200000000080 R09: 0000000000000800
[   19.716627] R10: 0000000000000000 R11: 0000000000000206 R12: 00007ffe97fc3158
[   19.716993] R13: 0000000000401156 R14: 0000000000403e08 R15: 00007f77e975f000
[   19.717365]  </TASK>
[   19.717491] Modules linked in:
[   19.717943] ---[ end trace 0000000000000000 ]---
[   19.718228] RIP: 0010:fuse_opt_fd+0x5e/0x340
[   19.718463] Code: c1 ea 03 80 3c 02 00 0f 85 91 02 00 00 49 8d 7c 24 48 49 8b 9e 98 00 00 00 48 b8 00 00 00 00 00 fc ff df 48 89 fa 48 c1 ea 03 <80> 3c 02 00 0f 85 60 02 00 00 49 81 7c 24 48 20 cf 2e 86 0f 85 d8
[   19.719744] RSP: 0018:ffff888012c879f8 EFLAGS: 00010206
[   19.720011] RAX: dffffc0000000000 RBX: ffff88801fa83380 RCX: ffff888012c8796c
[   19.720355] RDX: 0000000000000009 RSI: ffffffff82986cbf RDI: 0000000000000048
[   19.720719] RBP: ffff888012c87a20 R08: 0000000000000000 R09: 0000000000000001
[   19.721090] R10: 0000000000000001 R11: ffff8880141a8eb8 R12: 0000000000000000
[   19.721458] R13: 0000000000000000 R14: ffff888010e3cc00 R15: ffff888012c87aa8
[   19.721839] FS:  00007f77e9716600(0000) GS:ffff8880e2faa000(0000) knlGS:0000000000000000
[   19.722248] CS:  0010 DS: 0000 ES: 0000 CR0: 0000000080050033
[   19.722545] CR2: 0000200000001000 CR3: 0000000028997005 CR4: 0000000000770ef0
[   19.722911] PKRU: 55555554
[   19.726276] Oops: general protection fault, probably for non-canonical address 0xdffffc0000000009: 0000 [#7] SMP KASAN NOPTI
[   19.727153] KASAN: null-ptr-deref in range [0x0000000000000048-0x000000000000004f]
[   19.727552] CPU: 0 UID: 0 PID: 745 Comm: repro Tainted: G      D             7.0.0-rc4-next-20260317-8e5a478b6d6a #1 PREEMPT(lazy) 
[   19.728155] Tainted: [D]=DIE
[   19.728317] Hardware name: QEMU Standard PC (i440FX + PIIX, 1996), BIOS rel-1.16.0-0-gd239552ce722-prebuilt.qemu.org 04/01/2014
[   19.728893] RIP: 0010:fuse_opt_fd+0x5e/0x340
[   19.729129] Code: c1 ea 03 80 3c 02 00 0f 85 91 02 00 00 49 8d 7c 24 48 49 8b 9e 98 00 00 00 48 b8 00 00 00 00 00 fc ff df 48 89 fa 48 c1 ea 03 <80> 3c 02 00 0f 85 60 02 00 00 49 81 7c 24 48 20 cf 2e 86 0f 85 d8
[   19.730057] RSP: 0018:ffff88801b5979f8 EFLAGS: 00010206
[   19.730337] RAX: dffffc0000000000 RBX: ffff88801197e700 RCX: 1ffffffff0e3262c
[   19.730708] RDX: 0000000000000009 RSI: ffffffff82986cbf RDI: 0000000000000048
[   19.731083] RBP: ffff88801b597a20 R08: 0000000000000000 R09: 0000000000000000
[   19.731445] R10: 0000000000000000 R11: 000000000000000f R12: 0000000000000000
[   19.731819] R13: 0000000000000000 R14: ffff888010e3e200 R15: ffff88801b597aa8
[   19.732184] FS:  00007f8255538600(0000) GS:ffff8880e2faa000(0000) knlGS:0000000000000000
[   19.732596] CS:  0010 DS: 0000 ES: 0000 CR0: 0000000080050033
[   19.732902] CR2: 0000200000001000 CR3: 0000000028997003 CR4: 0000000000770ef0
[   19.733268] PKRU: 55555554
[   19.733422] Call Trace:
[   19.733561]  <TASK>
[   19.733687]  fuse_parse_param+0x810/0xcc0
[   19.733912]  ? __pfx_fuse_parse_param+0x10/0x10
[   19.734155]  ? __pfx___sanitizer_cov_trace_const_cmp2+0x10/0x10
[   19.734470]  ? static_key_count+0x69/0x80
[   19.734693]  ? __sanitizer_cov_trace_const_cmp8+0x1c/0x30
[   19.734978]  ? security_fs_context_parse_param+0x121/0x150
[   19.735277]  ? __pfx_fuse_parse_param+0x10/0x10
[   19.735523]  vfs_parse_fs_param+0x21e/0x3e0
[   19.735760]  vfs_parse_fs_qstr+0x15d/0x1e0
[   19.735986]  ? __pfx_vfs_parse_fs_qstr+0x10/0x10
[   19.736241]  ? kasan_save_track+0x18/0x40
[   19.736467]  ? kasan_save_alloc_info+0x3c/0x50
[   19.736716]  ? __pfx_vfs_parse_comma_sep+0x10/0x10
[   19.736977]  vfs_parse_monolithic_sep+0x1ab/0x230
[   19.737236]  ? __pfx_vfs_parse_monolithic_sep+0x10/0x10
[   19.737522]  ? fuse_init_fs_context+0x179/0x1f0
[   19.737774]  ? __sanitizer_cov_trace_const_cmp4+0x1a/0x20
[   19.738063]  ? __pfx_generic_parse_monolithic+0x10/0x10
[   19.738348]  generic_parse_monolithic+0x2e/0x40
[   19.738604]  parse_monolithic_mount_data+0x75/0xa0
[   19.738871]  path_mount+0x707/0x2060
[   19.739075]  ? __pfx_path_mount+0x10/0x10
[   19.739294]  ? __kasan_slab_free+0x59/0x70
[   19.739521]  ? kmem_cache_free+0x251/0x5c0
[   19.739748]  ? putname+0xc6/0x130
[   19.739938]  ? putname+0xcb/0x130
[   19.740124]  __x64_sys_mount+0x2c3/0x340
[   19.740344]  ? __x64_sys_mount+0x2c3/0x340
[   19.740576]  ? __pfx___x64_sys_mount+0x10/0x10
[   19.740827]  ? __audit_syscall_entry+0x393/0x4f0
[   19.741083]  x64_sys_call+0x2b8/0x21c0
[   19.741291]  do_syscall_64+0xc1/0x1130
[   19.741501]  entry_SYSCALL_64_after_hwframe+0x76/0x7e
[   19.741796] RIP: 0033:0x7f825523ee5d
[   19.742000] Code: ff c3 66 2e 0f 1f 84 00 00 00 00 00 90 f3 0f 1e fa 48 89 f8 48 89 f7 48 89 d6 48 89 ca 4d 89 c2 4d 89 c8 4c 8b 4c 24 08 0f 05 <48> 3d 01 f0 ff ff 73 01 c3 48 8b 0d 93 af 1b 00 f7 d8 64 89 01 48
[   19.742926] RSP: 002b:00007ffd8ee4e208 EFLAGS: 00000202 ORIG_RAX: 00000000000000a5
[   19.743314] RAX: ffffffffffffffda RBX: 0000000000000000 RCX: 00007f825523ee5d
[   19.743684] RDX: 0000200000002100 RSI: 00002000000020c0 RDI: 0000000000000000
[   19.744047] RBP: 00007ffd8ee4e220 R08: 0000200000000080 R09: 0000000000000800
[   19.744412] R10: 0000000000000000 R11: 0000000000000202 R12: 00007ffd8ee4e338
[   19.744780] R13: 0000000000401156 R14: 0000000000403e08 R15: 00007f8255581000
[   19.745153]  </TASK>
[   19.745283] Modules linked in:
[   19.745640] ---[ end trace 0000000000000000 ]---
[   19.746184] RIP: 0010:fuse_opt_fd+0x5e/0x340
[   19.746426] Code: c1 ea 03 80 3c 02 00 0f 85 91 02 00 00 49 8d 7c 24 48 49 8b 9e 98 00 00 00 48 b8 00 00 00 00 00 fc ff df 48 89 fa 48 c1 ea 03 <80> 3c 02 00 0f 85 60 02 00 00 49 81 7c 24 48 20 cf 2e 86 0f 85 d8
[   19.747466] RSP: 0018:ffff888012c879f8 EFLAGS: 00010206
[   19.747748] RAX: dffffc0000000000 RBX: ffff88801fa83380 RCX: ffff888012c8796c
[   19.748110] RDX: 0000000000000009 RSI: ffffffff82986cbf RDI: 0000000000000048
[   19.748475] RBP: ffff888012c87a20 R08: 0000000000000000 R09: 0000000000000001
[   19.748842] R10: 0000000000000001 R11: ffff8880141a8eb8 R12: 0000000000000000
[   19.749202] R13: 0000000000000000 R14: ffff888010e3cc00 R15: ffff888012c87aa8
[   19.749566] FS:  00007f8255538600(0000) GS:ffff8880e2faa000(0000) knlGS:0000000000000000
[   19.749999] CS:  0010 DS: 0000 ES: 0000 CR0: 0000000080050033
[   19.750298] CR2: 0000200000001000 CR3: 0000000028997003 CR4: 0000000000770ef0
[   19.750664] PKRU: 55555554
[   19.754338] Oops: general protection fault, probably for non-canonical address 0xdffffc0000000009: 0000 [#8] SMP KASAN NOPTI
[   19.755207] KASAN: null-ptr-deref in range [0x0000000000000048-0x000000000000004f]
[   19.755604] CPU: 0 UID: 0 PID: 746 Comm: repro Tainted: G      D             7.0.0-rc4-next-20260317-8e5a478b6d6a #1 PREEMPT(lazy) 
[   19.756203] Tainted: [D]=DIE
[   19.756362] Hardware name: QEMU Standard PC (i440FX + PIIX, 1996), BIOS rel-1.16.0-0-gd239552ce722-prebuilt.qemu.org 04/01/2014
[   19.756938] RIP: 0010:fuse_opt_fd+0x5e/0x340
[   19.757173] Code: c1 ea 03 80 3c 02 00 0f 85 91 02 00 00 49 8d 7c 24 48 49 8b 9e 98 00 00 00 48 b8 00 00 00 00 00 fc ff df 48 89 fa 48 c1 ea 03 <80> 3c 02 00 0f 85 60 02 00 00 49 81 7c 24 48 20 cf 2e 86 0f 85 d8
[   19.758103] RSP: 0018:ffff8880128ff9f8 EFLAGS: 00010206
[   19.758392] RAX: dffffc0000000000 RBX: ffff88801197ec80 RCX: 1ffffffff0e3262c
[   19.758763] RDX: 0000000000000009 RSI: ffffffff82986cbf RDI: 0000000000000048
[   19.759126] RBP: ffff8880128ffa20 R08: 0000000000000000 R09: 0000000000000000
[   19.759492] R10: 0000000000000000 R11: 000000000000000f R12: 0000000000000000
[   19.759857] R13: 0000000000000000 R14: ffff888010e3f600 R15: ffff8880128ffaa8
[   19.760227] FS:  00007f04cc001600(0000) GS:ffff8880e2faa000(0000) knlGS:0000000000000000
[   19.760638] CS:  0010 DS: 0000 ES: 0000 CR0: 0000000080050033
[   19.760944] CR2: 0000200000001000 CR3: 0000000028997005 CR4: 0000000000770ef0
[   19.761335] PKRU: 55555554
[   19.761486] Call Trace:
[   19.761625]  <TASK>
[   19.761754]  fuse_parse_param+0x810/0xcc0
[   19.761973]  ? __pfx_fuse_parse_param+0x10/0x10
[   19.762223]  ? __pfx___sanitizer_cov_trace_const_cmp2+0x10/0x10
[   19.762541]  ? static_key_count+0x69/0x80
[   19.762764]  ? __sanitizer_cov_trace_const_cmp8+0x1c/0x30
[   19.763048]  ? security_fs_context_parse_param+0x121/0x150
[   19.763342]  ? __pfx_fuse_parse_param+0x10/0x10
[   19.763592]  vfs_parse_fs_param+0x21e/0x3e0
[   19.763836]  vfs_parse_fs_qstr+0x15d/0x1e0
[   19.764069]  ? __pfx_vfs_parse_fs_qstr+0x10/0x10
[   19.764326]  ? kasan_save_track+0x18/0x40
[   19.764555]  ? kasan_save_alloc_info+0x3c/0x50
[   19.764808]  ? __pfx_vfs_parse_comma_sep+0x10/0x10
[   19.765069]  vfs_parse_monolithic_sep+0x1ab/0x230
[   19.765334]  ? __pfx_vfs_parse_monolithic_sep+0x10/0x10
[   19.765617]  ? fuse_init_fs_context+0x179/0x1f0
[   19.765865]  ? __sanitizer_cov_trace_const_cmp4+0x1a/0x20
[   19.766152]  ? __pfx_generic_parse_monolithic+0x10/0x10
[   19.766440]  generic_parse_monolithic+0x2e/0x40
[   19.766688]  parse_monolithic_mount_data+0x75/0xa0
[   19.766951]  path_mount+0x707/0x2060
[   19.767150]  ? __pfx_path_mount+0x10/0x10
[   19.767382]  ? __kasan_slab_free+0x59/0x70
[   19.767607]  ? kmem_cache_free+0x251/0x5c0
[   19.767834]  ? putname+0xc6/0x130
[   19.768021]  ? putname+0xcb/0x130
[   19.768213]  __x64_sys_mount+0x2c3/0x340
[   19.768429]  ? __x64_sys_mount+0x2c3/0x340
[   19.768653]  ? __pfx___x64_sys_mount+0x10/0x10
[   19.768895]  ? __audit_syscall_entry+0x393/0x4f0
[   19.769149]  x64_sys_call+0x2b8/0x21c0
[   19.769358]  do_syscall_64+0xc1/0x1130
[   19.769568]  entry_SYSCALL_64_after_hwframe+0x76/0x7e
[   19.769842] RIP: 0033:0x7f04cbc3ee5d
[   19.770041] Code: ff c3 66 2e 0f 1f 84 00 00 00 00 00 90 f3 0f 1e fa 48 89 f8 48 89 f7 48 89 d6 48 89 ca 4d 89 c2 4d 89 c8 4c 8b 4c 24 08 0f 05 <48> 3d 01 f0 ff ff 73 01 c3 48 8b 0d 93 af 1b 00 f7 d8 64 89 01 48
[   19.770964] RSP: 002b:00007ffdf9590e98 EFLAGS: 00000202 ORIG_RAX: 00000000000000a5
[   19.771350] RAX: ffffffffffffffda RBX: 0000000000000000 RCX: 00007f04cbc3ee5d
[   19.771719] RDX: 0000200000002100 RSI: 00002000000020c0 RDI: 0000000000000000
[   19.772084] RBP: 00007ffdf9590eb0 R08: 0000200000000080 R09: 0000000000000800
[   19.772452] R10: 0000000000000000 R11: 0000000000000202 R12: 00007ffdf9590fc8
[   19.772822] R13: 0000000000401156 R14: 0000000000403e08 R15: 00007f04cc04a000
[   19.773196]  </TASK>
[   19.773324] Modules linked in:
[   19.773698] ---[ end trace 0000000000000000 ]---
[   19.774218] RIP: 0010:fuse_opt_fd+0x5e/0x340
[   19.774512] Code: c1 ea 03 80 3c 02 00 0f 85 91 02 00 00 49 8d 7c 24 48 49 8b 9e 98 00 00 00 48 b8 00 00 00 00 00 fc ff df 48 89 fa 48 c1 ea 03 <80> 3c 02 00 0f 85 60 02 00 00 49 81 7c 24 48 20 cf 2e 86 0f 85 d8
[   19.775468] RSP: 0018:ffff888012c879f8 EFLAGS: 00010206
[   19.775751] RAX: dffffc0000000000 RBX: ffff88801fa83380 RCX: ffff888012c8796c
[   19.776113] RDX: 0000000000000009 RSI: ffffffff82986cbf RDI: 0000000000000048
[   19.776478] RBP: ffff888012c87a20 R08: 0000000000000000 R09: 0000000000000001
[   19.776850] R10: 0000000000000001 R11: ffff8880141a8eb8 R12: 0000000000000000
[   19.777213] R13: 0000000000000000 R14: ffff888010e3cc00 R15: ffff888012c87aa8
[   19.777580] FS:  00007f04cc001600(0000) GS:ffff8880e2faa000(0000) knlGS:0000000000000000
[   19.778012] CS:  0010 DS: 0000 ES: 0000 CR0: 0000000080050033
[   19.778311] CR2: 0000200000001000 CR3: 0000000028997005 CR4: 0000000000770ef0
[   19.778681] PKRU: 55555554
[   19.782833] Oops: general protection fault, probably for non-canonical address 0xdffffc0000000009: 0000 [#9] SMP KASAN NOPTI
[   19.783731] KASAN: null-ptr-deref in range [0x0000000000000048-0x000000000000004f]
[   19.784127] CPU: 0 UID: 0 PID: 747 Comm: repro Tainted: G      D             7.0.0-rc4-next-20260317-8e5a478b6d6a #1 PREEMPT(lazy) 
[   19.784726] Tainted: [D]=DIE
[   19.784887] Hardware name: QEMU Standard PC (i440FX + PIIX, 1996), BIOS rel-1.16.0-0-gd239552ce722-prebuilt.qemu.org 04/01/2014
[   19.785459] RIP: 0010:fuse_opt_fd+0x5e/0x340
[   19.785710] Code: c1 ea 03 80 3c 02 00 0f 85 91 02 00 00 49 8d 7c 24 48 49 8b 9e 98 00 00 00 48 b8 00 00 00 00 00 fc ff df 48 89 fa 48 c1 ea 03 <80> 3c 02 00 0f 85 60 02 00 00 49 81 7c 24 48 20 cf 2e 86 0f 85 d8
[   19.786632] RSP: 0018:ffff88801294f9f8 EFLAGS: 00010206
[   19.786908] RAX: dffffc0000000000 RBX: ffff88801197e580 RCX: 1ffffffff0e3262c
[   19.787276] RDX: 0000000000000009 RSI: ffffffff82986cbf RDI: 0000000000000048
[   19.787643] RBP: ffff88801294fa20 R08: 0000000000000000 R09: 0000000000000000
[   19.788014] R10: 0000000000000000 R11: 000000000000000f R12: 0000000000000000
[   19.788377] R13: 0000000000000000 R14: ffff888010e3e400 R15: ffff88801294faa8
[   19.788750] FS:  00007f896ab48600(0000) GS:ffff8880e2faa000(0000) knlGS:0000000000000000
[   19.789163] CS:  0010 DS: 0000 ES: 0000 CR0: 0000000080050033
[   19.789464] CR2: 0000200000001000 CR3: 0000000028997001 CR4: 0000000000770ef0
[   19.789840] PKRU: 55555554
[   19.789991] Call Trace:
[   19.790127]  <TASK>
[   19.790252]  fuse_parse_param+0x810/0xcc0
[   19.790473]  ? __pfx_fuse_parse_param+0x10/0x10
[   19.790721]  ? __pfx___sanitizer_cov_trace_const_cmp2+0x10/0x10
[   19.791036]  ? static_key_count+0x69/0x80
[   19.791260]  ? __sanitizer_cov_trace_const_cmp8+0x1c/0x30
[   19.791547]  ? security_fs_context_parse_param+0x121/0x150
[   19.791848]  ? __pfx_fuse_parse_param+0x10/0x10
[   19.792095]  vfs_parse_fs_param+0x21e/0x3e0
[   19.792329]  vfs_parse_fs_qstr+0x15d/0x1e0
[   19.792557]  ? __pfx_vfs_parse_fs_qstr+0x10/0x10
[   19.792816]  ? kasan_save_track+0x18/0x40
[   19.793040]  ? kasan_save_alloc_info+0x3c/0x50
[   19.793286]  ? __pfx_vfs_parse_comma_sep+0x10/0x10
[   19.793552]  vfs_parse_monolithic_sep+0x1ab/0x230
[   19.793816]  ? __pfx_vfs_parse_monolithic_sep+0x10/0x10
[   19.794099]  ? fuse_init_fs_context+0x179/0x1f0
[   19.794345]  ? __sanitizer_cov_trace_const_cmp4+0x1a/0x20
[   19.794635]  ? __pfx_generic_parse_monolithic+0x10/0x10
[   19.794919]  generic_parse_monolithic+0x2e/0x40
[   19.795169]  parse_monolithic_mount_data+0x75/0xa0
[   19.795433]  path_mount+0x707/0x2060
[   19.795639]  ? __pfx_path_mount+0x10/0x10
[   19.795857]  ? __kasan_slab_free+0x59/0x70
[   19.796078]  ? kmem_cache_free+0x251/0x5c0
[   19.796304]  ? putname+0xc6/0x130
[   19.796492]  ? putname+0xcb/0x130
[   19.796683]  __x64_sys_mount+0x2c3/0x340
[   19.796896]  ? __x64_sys_mount+0x2c3/0x340
[   19.797118]  ? __pfx___x64_sys_mount+0x10/0x10
[   19.797360]  ? __audit_syscall_entry+0x393/0x4f0
[   19.797619]  x64_sys_call+0x2b8/0x21c0
[   19.797830]  do_syscall_64+0xc1/0x1130
[   19.798038]  entry_SYSCALL_64_after_hwframe+0x76/0x7e
[   19.798307] RIP: 0033:0x7f896a83ee5d
[   19.798509] Code: ff c3 66 2e 0f 1f 84 00 00 00 00 00 90 f3 0f 1e fa 48 89 f8 48 89 f7 48 89 d6 48 89 ca 4d 89 c2 4d 89 c8 4c 8b 4c 24 08 0f 05 <48> 3d 01 f0 ff ff 73 01 c3 48 8b 0d 93 af 1b 00 f7 d8 64 89 01 48
[   19.799437] RSP: 002b:00007ffd2e1b6b78 EFLAGS: 00000206 ORIG_RAX: 00000000000000a5
[   19.799831] RAX: ffffffffffffffda RBX: 0000000000000000 RCX: 00007f896a83ee5d
[   19.800197] RDX: 0000200000002100 RSI: 00002000000020c0 RDI: 0000000000000000
[   19.800567] RBP: 00007ffd2e1b6b90 R08: 0000200000000080 R09: 0000000000000800
[   19.800946] R10: 0000000000000000 R11: 0000000000000206 R12: 00007ffd2e1b6ca8
[   19.801310] R13: 0000000000401156 R14: 0000000000403e08 R15: 00007f896ab91000
[   19.801687]  </TASK>
[   19.801814] Modules linked in:
[   19.802497] ---[ end trace 0000000000000000 ]---
[   19.802724] RIP: 0010:fuse_opt_fd+0x5e/0x340
[   19.802962] Code: c1 ea 03 80 3c 02 00 0f 85 91 02 00 00 49 8d 7c 24 48 49 8b 9e 98 00 00 00 48 b8 00 00 00 00 00 fc ff df 48 89 fa 48 c1 ea 03 <80> 3c 02 00 0f 85 60 02 00 00 49 81 7c 24 48 20 cf 2e 86 0f 85 d8
[   19.803867] RSP: 0018:ffff888012c879f8 EFLAGS: 00010206
[   19.804529] RAX: dffffc0000000000 RBX: ffff88801fa83380 RCX: ffff888012c8796c
[   19.804899] RDX: 0000000000000009 RSI: ffffffff82986cbf RDI: 0000000000000048
[   19.805264] RBP: ffff888012c87a20 R08: 0000000000000000 R09: 0000000000000001
[   19.805641] R10: 0000000000000001 R11: ffff8880141a8eb8 R12: 0000000000000000
[   19.806017] R13: 0000000000000000 R14: ffff888010e3cc00 R15: ffff888012c87aa8
[   19.806386] FS:  00007f896ab48600(0000) GS:ffff8880e2faa000(0000) knlGS:0000000000000000
