c[?7l[2J[0mSeaBIOS (version rel-1.16.0-0-gd239552ce722-prebuilt.qemu.org)


iPXE (http://ipxe.org) 00:03.0 CA00 PCI2.10 PnP PMM+7FF91000+7FEF1000 CA00
Press Ctrl-B to configure iPXE (PCI 00:03.0)...                                                                               


Booting from ROM...
c[?7l[2J[    0.000000] Linux version 7.0.0-rc4-bdee5ba34384+ (root@p-arls02) (gcc (GCC) 11.5.0 20240719 (Red Hat 11.5.0-14), GNU ld version 2.35.2-72.el9) #1 SMP PREEMPT_DYNAMIC Wed Mar 18 12:50:48 CST 2026
[    0.000000] Command line: console=ttyS0 root=/dev/sda earlyprintk=serial net.ifnames=0 plymouth.enable=0
[    0.000000] KERNEL supported cpus:
[    0.000000]   Intel GenuineIntel
[    0.000000]   AMD AuthenticAMD
[    0.000000]   Hygon HygonGenuine
[    0.000000]   Centaur CentaurHauls
[    0.000000]   zhaoxin   Shanghai  
[    0.000000] x86/CPU: Model not found in latest microcode list
[    0.000000] x86/split lock detection: #DB: warning on user-space bus_locks
[    0.000000] BIOS-provided physical RAM map:
[    0.000000] BIOS-e820: [mem 0x0000000000000000-0x000000000009fbff]  System RAM
[    0.000000] BIOS-e820: [mem 0x000000000009fc00-0x000000000009ffff]  device reserved
[    0.000000] BIOS-e820: [gap 0x00000000000a0000-0x00000000000effff]
[    0.000000] BIOS-e820: [mem 0x00000000000f0000-0x00000000000fffff]  device reserved
[    0.000000] BIOS-e820: [mem 0x0000000000100000-0x000000007ffdffff]  System RAM
[    0.000000] BIOS-e820: [mem 0x000000007ffe0000-0x000000007fffffff]  device reserved
[    0.000000] BIOS-e820: [gap 0x0000000080000000-0x00000000feffbfff]
[    0.000000] BIOS-e820: [mem 0x00000000feffc000-0x00000000feffffff]  device reserved
[    0.000000] BIOS-e820: [gap 0x00000000ff000000-0x00000000fffbffff]
[    0.000000] BIOS-e820: [mem 0x00000000fffc0000-0x00000000ffffffff]  device reserved
[    0.000000] printk: legacy bootconsole [earlyser0] enabled
[    0.000000] NX (Execute Disable) protection: active
[    0.000000] APIC: Static calls initialized
[    0.000000] SMBIOS 2.8 present.
[    0.000000] DMI: QEMU Standard PC (i440FX + PIIX, 1996), BIOS rel-1.16.0-0-gd239552ce722-prebuilt.qemu.org 04/01/2014
[    0.000000] DMI: Memory slots populated: 1/1
[    0.000000] Hypervisor detected: KVM
[    0.000000] last_pfn = 0x7ffe0 max_arch_pfn = 0x400000000
[    0.000000] kvm-clock: Using msrs 4b564d01 and 4b564d00
[    0.000003] kvm-clock: using sched offset of 1456417586 cycles
[    0.000430] clocksource: kvm-clock: mask: 0xffffffffffffffff max_cycles: 0x1cd42e4dffb, max_idle_ns: 881590591483 ns
[    0.001761] tsc: Detected 1267.200 MHz processor
[    0.008495] last_pfn = 0x7ffe0 max_arch_pfn = 0x400000000
[    0.008965] MTRR map: 4 entries (3 fixed + 1 variable; max 19), built from 8 variable MTRRs
[    0.009662] x86/PAT: Configuration [0-7]: WB  WC  UC- UC  WB  WP  UC- WT  
[    0.019842] found SMP MP-table at [mem 0x000f5ba0-0x000f5baf]
[    0.020349] Using GB pages for direct mapping
[    0.022572] ACPI: Early table checksum verification disabled
[    0.023027] ACPI: RSDP 0x00000000000F59C0 000014 (v00 BOCHS )
[    0.023517] ACPI: RSDT 0x000000007FFE1951 000034 (v01 BOCHS  BXPC     00000001 BXPC 00000001)
[    0.024230] ACPI: FACP 0x000000007FFE17FD 000074 (v01 BOCHS  BXPC     00000001 BXPC 00000001)
[    0.024941] ACPI: DSDT 0x000000007FFE0040 0017BD (v01 BOCHS  BXPC     00000001 BXPC 00000001)
[    0.025643] ACPI: FACS 0x000000007FFE0000 000040
[    0.026031] ACPI: APIC 0x000000007FFE1871 000080 (v01 BOCHS  BXPC     00000001 BXPC 00000001)
[    0.026734] ACPI: HPET 0x000000007FFE18F1 000038 (v01 BOCHS  BXPC     00000001 BXPC 00000001)
[    0.027436] ACPI: WAET 0x000000007FFE1929 000028 (v01 BOCHS  BXPC     00000001 BXPC 00000001)
[    0.028143] ACPI: Reserving FACP table memory at [mem 0x7ffe17fd-0x7ffe1870]
[    0.028723] ACPI: Reserving DSDT table memory at [mem 0x7ffe0040-0x7ffe17fc]
[    0.029296] ACPI: Reserving FACS table memory at [mem 0x7ffe0000-0x7ffe003f]
[    0.029872] ACPI: Reserving APIC table memory at [mem 0x7ffe1871-0x7ffe18f0]
[    0.030445] ACPI: Reserving HPET table memory at [mem 0x7ffe18f1-0x7ffe1928]
[    0.031015] ACPI: Reserving WAET table memory at [mem 0x7ffe1929-0x7ffe1950]
[    0.032068] No NUMA configuration found
[    0.032387] Faking a node at [mem 0x0000000000000000-0x000000007ffdffff]
[    0.032973] NODE_DATA(0) allocated [mem 0x7ffb4c00-0x7ffdfcbf]
[    0.681320] KernelAddressSanitizer initialized (generic)
[    0.682186] ACPI: PM-Timer IO Port: 0x608
[    0.682556] ACPI: LAPIC_NMI (acpi_id[0xff] dfl dfl lint[0x1])
[    0.683148] IOAPIC[0]: apic_id 0, version 17, address 0xfec00000, GSI 0-23
[    0.683737] ACPI: INT_SRC_OVR (bus 0 bus_irq 0 global_irq 2 dfl dfl)
[    0.684255] ACPI: INT_SRC_OVR (bus 0 bus_irq 5 global_irq 5 high level)
[    0.684792] ACPI: INT_SRC_OVR (bus 0 bus_irq 9 global_irq 9 high level)
[    0.685327] ACPI: INT_SRC_OVR (bus 0 bus_irq 10 global_irq 10 high level)
[    0.685877] ACPI: INT_SRC_OVR (bus 0 bus_irq 11 global_irq 11 high level)
[    0.686435] ACPI: Using ACPI (MADT) for SMP configuration information
[    0.686960] ACPI: HPET id: 0x8086a201 base: 0xfed00000
[    0.687389] TSC deadline timer available
[    0.687713] CPU topo: Max. logical packages:   1
[    0.688089] CPU topo: Max. logical nodes:      1
[    0.688463] CPU topo: Num. nodes per package:  1
[    0.688835] CPU topo: Max. logical dies:       1
[    0.689207] CPU topo: Max. dies per package:   1
[    0.689584] CPU topo: Max. threads per core:   1
[    0.689955] CPU topo: Num. cores per package:     2
[    0.690347] CPU topo: Num. threads per package:   2
[    0.690740] CPU topo: Allowing 2 present CPUs plus 0 hotplug CPUs
[    0.691298] kvm-guest: APIC: eoi() replaced with kvm_guest_apic_eoi_write()
[    0.691899] kvm-guest: KVM setup pv remote TLB flush
[    0.692287] kvm-guest: setup PV sched yield
[    0.692666] PM: hibernation: Registered nosave memory: [mem 0x00000000-0x00000fff]
[    0.693261] PM: hibernation: Registered nosave memory: [mem 0x0009f000-0x000fffff]
[    0.693856] [gap 0x80000000-0xfeffbfff] available for PCI devices
[    0.694333] Booting paravirtualized kernel on KVM
[    0.694717] clocksource: refined-jiffies: mask: 0xffffffff max_cycles: 0xffffffff, max_idle_ns: 7645519600211568 ns
[    0.695661] Section 13 and 15 (node 0) have a circular dependency on usemap and pgdat allocations
[    0.696365] Zone ranges:
[    0.696569]   DMA      [mem 0x0000000000001000-0x0000000000ffffff]
[    0.697058]   DMA32    [mem 0x0000000001000000-0x000000007ffdffff]
[    0.697545]   Normal   empty
[    0.697775]   Device   empty
[    0.698006] Movable zone start for each node
[    0.698348] Early memory node ranges
[    0.698632]   node   0: [mem 0x0000000000001000-0x000000000009efff]
[    0.699125]   node   0: [mem 0x0000000000100000-0x000000007ffdffff]
[    0.699620] Initmem setup node 0 [mem 0x0000000000001000-0x000000007ffdffff]
[    0.700454] On node 0, zone DMA: 1 pages in unavailable ranges
[    0.701174] On node 0, zone DMA: 97 pages in unavailable ranges
[    0.805486] On node 0, zone DMA32: 32 pages in unavailable ranges
[    0.806049] setup_percpu: NR_CPUS:8192 nr_cpumask_bits:2 nr_cpu_ids:2 nr_node_ids:1
[    0.808817] percpu: Embedded 81 pages/cpu s294912 r8192 d28672 u1048576
[    0.809535] kvm-guest: PV spinlocks enabled
[    0.809862] PV qspinlock hash table entries: 256 (order: 0, 4096 bytes, linear)
[    0.810433] Kernel command line: net.ifnames=0 console=ttyS0 root=/dev/sda earlyprintk=serial net.ifnames=0 plymouth.enable=0
[    0.811777] random: crng init done
[    0.812040] printk: log buffer data + meta data: 262144 + 1114112 = 1376256 bytes
[    0.814660] Dentry cache hash table entries: 262144 (order: 9, 2097152 bytes, linear)
[    0.816361] Inode-cache hash table entries: 131072 (order: 8, 1048576 bytes, linear)
[    0.817352] Fallback order for Node 0: 0 
[    0.817364] Built 1 zonelists, mobility grouping on.  Total pages: 524158
[    0.818180] Policy zone: DMA32
[    0.818412] mem auto-init: stack:off, heap alloc:off, heap free:off
[    0.818877] stackdepot: allocating hash table via alloc_large_system_hash
[    0.819386] stackdepot hash table entries: 1048576 (order: 12, 16777216 bytes, linear)
[    0.835108] stackdepot: allocating space for 8192 stack pools via memblock
[    0.948392] SLUB: HWalign=64, Order=0-3, MinObjects=0, CPUs=2, Nodes=1
[    0.948886] kmemleak: Kernel memory leak detector disabled
[    0.986252] ftrace: allocating 75826 entries in 298 pages
[    0.986672] ftrace: allocated 298 pages with 4 groups
[    0.990615] Dynamic Preempt: lazy
[    0.991394] Running RCU self tests
[    0.991643] Running RCU synchronous self tests
[    0.991964] rcu: Preemptible hierarchical RCU implementation.
[    0.992377] rcu: 	RCU lockdep checking is enabled.
[    0.992723] rcu: 	RCU restricting CPUs from NR_CPUS=8192 to nr_cpu_ids=2.
[    0.993212] 	Trampoline variant of Tasks RCU enabled.
[    0.993579] 	Rude variant of Tasks RCU enabled.
[    0.993914] 	Tracing variant of Tasks RCU enabled.
[    0.994262] rcu: RCU calculated value of scheduler-enlistment delay is 25 jiffies.
[    0.994813] rcu: Adjusting geometry for rcu_fanout_leaf=16, nr_cpu_ids=2
[    0.995397] Running RCU synchronous self tests
[    0.995726] RCU Tasks: Setting shift to 1 and lim to 1 rcu_task_cb_adjust=1 rcu_task_cpu_ids=2.
[    0.996353] RCU Tasks Rude: Setting shift to 1 and lim to 1 rcu_task_cb_adjust=1 rcu_task_cpu_ids=2.
[    1.062059] NR_IRQS: 524544, nr_irqs: 440, preallocated irqs: 16
[    1.063100] rcu: srcu_init: Setting srcu_struct sizes based on contention.
[    1.070023] Console: colour VGA+ 80x25
[    1.070401] printk: legacy console [ttyS0] enabled
[    1.070401] printk: legacy console [ttyS0] enabled
[    1.071135] printk: legacy bootconsole [earlyser0] disabled
[    1.071135] printk: legacy bootconsole [earlyser0] disabled
[    1.071989] Lock dependency validator: Copyright (c) 2006 Red Hat, Inc., Ingo Molnar
[    1.072580] ... MAX_LOCKDEP_SUBCLASSES:  8
[    1.072898] ... MAX_LOCK_DEPTH:          48
[    1.073221] ... MAX_LOCKDEP_KEYS:        8192
[    1.073558] ... CLASSHASH_SIZE:          4096
[    1.073894] ... MAX_LOCKDEP_ENTRIES:     524288
[    1.074242] ... MAX_LOCKDEP_CHAINS:      524288
[    1.074591] ... CHAINHASH_SIZE:          262144
[    1.074943]  memory used by lock dependency info: 54145 kB
[    1.075364]  memory used for stack traces: 4224 kB
[    1.075737]  per task-struct memory footprint: 1920 bytes
[    1.076251] ACPI: Core revision 20251212
[    1.077017] clocksource: hpet: mask: 0xffffffff max_cycles: 0xffffffff, max_idle_ns: 19112604467 ns
[    1.077884] APIC: Switch to symmetric I/O mode setup
[    1.078458] x2apic enabled
[    1.079020] APIC: Switched APIC routing to: physical x2apic
[    1.079463] kvm-guest: APIC: send_IPI_mask() replaced with kvm_send_ipi_mask()
[    1.080026] kvm-guest: APIC: send_IPI_mask_allbutself() replaced with kvm_send_ipi_mask_allbutself()
[    1.080732] kvm-guest: setup PV IPIs
[    1.081997] ..TIMER: vector=0x30 apic1=0 pin1=2 apic2=-1 pin2=-1
[    1.082478] clocksource: tsc-early: mask: 0xffffffffffffffff max_cycles: 0x12441513526, max_idle_ns: 440795239872 ns
[    1.083302] Calibrating delay loop (skipped) preset value.. 2534.40 BogoMIPS (lpj=5068800)
[    1.084084] CPU0: Thermal monitoring enabled (TM1)
[    1.084470] x86/cpu: User Mode Instruction Prevention (UMIP) activated
[    1.085068] Last level iTLB entries: 4KB 0, 2MB 0, 4MB 0
[    1.085482] Last level dTLB entries: 4KB 0, 2MB 0, 4MB 0, 1GB 0
[    1.087307] mitigations: Enabled attack vectors: user_kernel, user_user, guest_host, guest_guest, SMT mitigations: auto
[    1.088127] Speculative Store Bypass: Mitigation: Speculative Store Bypass disabled via prctl
[    1.088771] Spectre V2 : Mitigation: Enhanced / Automatic IBRS
[    1.089215] ITS: Mitigation: Aligned branch/return thunks
[    1.089626] Spectre V1 : Mitigation: usercopy/swapgs barriers and __user pointer sanitization
[    1.090266] Spectre V2 : WARNING: Unprivileged eBPF is enabled with eIBRS on, data leaks possible via Spectre v2 BHB attacks!
[    1.091109] Spectre V2 : Spectre v2 / PBRSB-eIBRS: Retire a single CALL on VMEXIT
[    1.091287] Spectre V2 : mitigation: Enabling conditional Indirect Branch Prediction Barrier
[    1.091900] active return thunk: its_return_thunk
[    1.092263] Spectre V2 : Spectre BHI mitigation: SW BHB clearing on syscall and VM exit
[    1.092873] x86/fpu: Supporting XSAVE feature 0x001: 'x87 floating point registers'
[    1.093448] x86/fpu: Supporting XSAVE feature 0x002: 'SSE registers'
[    1.093929] x86/fpu: Supporting XSAVE feature 0x004: 'AVX registers'
[    1.094418] x86/fpu: Supporting XSAVE feature 0x200: 'Protection Keys User registers'
[    1.095284] x86/fpu: xstate_offset[2]:  576, xstate_sizes[2]:  256
[    1.095755] x86/fpu: xstate_offset[9]:  832, xstate_sizes[9]:    8
[    1.096224] x86/fpu: Enabled xstate features 0x207, context size is 840 bytes, using 'compacted' format.
[    1.231684] Freeing SMP alternatives memory: 64K
[    1.232089] pid_max: default: 32768 minimum: 301
[    1.232914] Yama: becoming mindful.
[    1.233694] Mount-cache hash table entries: 4096 (order: 3, 32768 bytes, linear)
[    1.234299] Mountpoint-cache hash table entries: 4096 (order: 3, 32768 bytes, linear)
[    1.235826] VFS: Finished mounting rootfs on nullfs
[    1.237621] Running RCU synchronous self tests
[    1.237977] Running RCU synchronous self tests
[    1.238820] smpboot: CPU0: Genuine Intel(R) 0000 @ (family: 0x6, model: 0xc6, stepping: 0x0)
[    1.239280] Performance Events: unsupported CPU family 6 model 198 no PMU driver, software events only.
[    1.239280] signal: max sigframe size: 3632
[    1.239280] rcu: Hierarchical SRCU implementation.
[    1.239280] rcu: 	Max phase no-delay instances is 1000.
[    1.239494] Timer migration: 1 hierarchy levels; 8 children per group; 1 crossnode level
[    1.259086] NMI watchdog: Perf NMI watchdog permanently disabled
[    1.259632] smp: Bringing up secondary CPUs ...
[    1.260875] smpboot: x86: Booting SMP configuration:
[    1.261284] .... node  #0, CPUs:      #1
[    1.261603] smp: Brought up 1 node, 2 CPUs
[    1.263623] smpboot: Total of 2 processors activated (5068.80 BogoMIPS)
[    1.264954] Memory: 1537756K/2096632K available (81498K kernel code, 16466K rwdata, 18952K rodata, 16532K init, 68988K bss, 546452K reserved, 0K cma-reserved)
[    1.267315] devtmpfs: initialized
[    1.268452] x86/mm: Memory block size: 128MB
[    1.280676] Running RCU synchronous self tests
[    1.280676] Running RCU synchronous self tests
[    1.281136] Running RCU Tasks wait API self tests
[    1.283359] Running RCU Tasks Rude wait API self tests
[    1.283699] Running RCU Tasks Trace wait API self tests
[    1.284248] clocksource: jiffies: mask: 0xffffffff max_cycles: 0xffffffff, max_idle_ns: 7645041785100000 ns
[    1.285068] posixtimers hash table entries: 1024 (order: 5, 73728 bytes, linear)
[    1.285725] futex hash table entries: 512 (65536 bytes on 1 NUMA nodes, total 64 KiB, linear).
[    1.289226] 
[    1.289365] *************************************************************
[    1.289893] **     NOTICE NOTICE NOTICE NOTICE NOTICE NOTICE NOTICE    **
[    1.290422] **                                                         **
[    1.290941] **  IOMMU DebugFS SUPPORT HAS BEEN ENABLED IN THIS KERNEL  **
[    1.291327] **                                                         **
[    1.291857] ** This means that this kernel is built to expose internal **
[    1.292385] ** IOMMU data structures, which may compromise security on **
[    1.292910] ** your system.                                            **
[    1.293436] **                                                         **
[    1.293961] ** If you see this message and you are not debugging the   **
[    1.294484] ** kernel, report this immediately to your vendor!         **
[    1.295006] **                                                         **
[    1.295345] **     NOTICE NOTICE NOTICE NOTICE NOTICE NOTICE NOTICE    **
[    1.295877] *************************************************************
[    1.296473] PM: RTC time: 18:03:36, date: 2026-03-18
[    1.301167] NET: Registered PF_NETLINK/PF_ROUTE protocol family
[    1.303372] DMA: preallocated 256 KiB GFP_KERNEL|GFP_DMA pool for atomic allocations
[    1.304006] DMA: preallocated 256 KiB GFP_KERNEL|GFP_DMA32 pool for atomic allocations
[    1.304729] audit: initializing netlink subsys (disabled)
[    1.305214] Callback from call_rcu_tasks_trace() invoked.
[    1.305781] audit: type=2000 audit(1773857017.608:1): state=initialized audit_enabled=0 res=1
[    1.307552] thermal_sys: Registered thermal governor 'fair_share'
[    1.307559] thermal_sys: Registered thermal governor 'bang_bang'
[    1.308047] thermal_sys: Registered thermal governor 'step_wise'
[    1.308516] thermal_sys: Registered thermal governor 'user_space'
[    1.309071] cpuidle: using governor ladder
[    1.309899] cpuidle: using governor menu
[    1.310629] acpiphp: ACPI Hot Plug PCI Controller Driver version: 0.5
[    1.312478] PCI: Using configuration type 1 for base access
[    1.313568] kprobes: kprobe jump-optimization is enabled. All kprobes are optimized if possible.
[    1.315880] HugeTLB: registered 1.00 GiB page size, pre-allocated 0 pages
[    1.316791] HugeTLB: 16380 KiB vmemmap can be freed for a 1.00 GiB page
[    1.317946] HugeTLB: registered 2.00 MiB page size, pre-allocated 0 pages
[    1.319128] HugeTLB: 28 KiB vmemmap can be freed for a 2.00 MiB page
[    1.377613] ACPI: Added _OSI(Module Device)
[    1.378031] ACPI: Added _OSI(Processor Device)
[    1.378406] ACPI: Added _OSI(Processor Aggregator Device)
[    1.416432] ACPI: 1 ACPI AML tables successfully acquired and loaded
[    1.459322] ACPI: \_SB_: platform _OSC: OS support mask [002e7eff]
[    1.462389] ACPI: Interpreter enabled
[    1.462841] ACPI: PM: (supports S0 S3 S4 S5)
[    1.463177] ACPI: Using IOAPIC for interrupt routing
[    1.463421] PCI: Using host bridge windows from ACPI; if necessary, use "pci=nocrs" and report a bug
[    1.464138] PCI: Using E820 reservations for host bridge windows
[    1.465869] ACPI: Enabled 2 GPEs in block 00 to 0F
[    1.523187] ACPI: PCI Root Bridge [PCI0] (domain 0000 [bus 00-ff])
[    1.527332] acpi PNP0A03:00: _OSC: OS supports [ASPM ClockPM Segments MSI EDR HPX-Type3]
[    1.528004] acpi PNP0A03:00: _OSC: not requesting OS control; OS requires [ExtendedConfig ASPM ClockPM MSI]
[    1.528868] acpi PNP0A03:00: _OSC: platform retains control of PCIe features (AE_ERROR)
[    1.529628] acpi PNP0A03:00: fail to add MMCONFIG information, can't access extended configuration space under this bridge
[    1.535378] acpiphp: Slot [3] registered
[    1.535862] acpiphp: Slot [4] registered
[    1.536322] acpiphp: Slot [5] registered
[    1.536783] acpiphp: Slot [6] registered
[    1.537239] acpiphp: Slot [7] registered
[    1.537745] acpiphp: Slot [8] registered
[    1.538211] acpiphp: Slot [9] registered
[    1.538672] acpiphp: Slot [10] registered
[    1.539133] acpiphp: Slot [11] registered
[    1.539441] acpiphp: Slot [12] registered
[    1.539908] acpiphp: Slot [13] registered
[    1.540373] acpiphp: Slot [14] registered
[    1.540840] acpiphp: Slot [15] registered
[    1.541339] acpiphp: Slot [16] registered
[    1.541809] acpiphp: Slot [17] registered
[    1.542288] acpiphp: Slot [18] registered
[    1.542756] acpiphp: Slot [19] registered
[    1.543253] acpiphp: Slot [20] registered
[    1.543417] acpiphp: Slot [21] registered
[    1.543899] acpiphp: Slot [22] registered
[    1.544393] acpiphp: Slot [23] registered
[    1.544883] acpiphp: Slot [24] registered
[    1.545347] acpiphp: Slot [25] registered
[    1.545811] acpiphp: Slot [26] registered
[    1.546277] acpiphp: Slot [27] registered
[    1.546771] acpiphp: Slot [28] registered
[    1.547237] acpiphp: Slot [29] registered
[    1.547429] acpiphp: Slot [30] registered
[    1.547900] acpiphp: Slot [31] registered
[    1.548312] PCI host bridge to bus 0000:00
[    1.548731] pci_bus 0000:00: root bus resource [io  0x0000-0x0cf7 window]
[    1.549297] pci_bus 0000:00: root bus resource [io  0x0d00-0xffff window]
[    1.549859] pci_bus 0000:00: root bus resource [mem 0x000a0000-0x000bffff window]
[    1.550478] pci_bus 0000:00: root bus resource [mem 0x80000000-0xfebfffff window]
[    1.551098] pci_bus 0000:00: root bus resource [mem 0x100000000-0x17fffffff window]
[    1.551295] pci_bus 0000:00: root bus resource [bus 00-ff]
[    1.551910] pci 0000:00:00.0: [8086:1237] type 00 class 0x060000 conventional PCI endpoint
[    1.561763] pci 0000:00:01.0: [8086:7000] type 00 class 0x060100 conventional PCI endpoint
[    1.563910] pci 0000:00:01.1: [8086:7010] type 00 class 0x010180 conventional PCI endpoint
[    1.565204] pci 0000:00:01.1: BAR 4 [io  0xc040-0xc04f]
[    1.565685] pci 0000:00:01.1: BAR 0 [io  0x01f0-0x01f7]: legacy IDE quirk
[    1.566261] pci 0000:00:01.1: BAR 1 [io  0x03f6]: legacy IDE quirk
[    1.566787] pci 0000:00:01.1: BAR 2 [io  0x0170-0x0177]: legacy IDE quirk
[    1.567290] pci 0000:00:01.1: BAR 3 [io  0x0376]: legacy IDE quirk
[    1.568415] pci 0000:00:01.3: [8086:7113] type 00 class 0x068000 conventional PCI endpoint
[    1.569400] pci 0000:00:01.3: quirk: [io  0x0600-0x063f] claimed by PIIX4 ACPI
[    1.570011] pci 0000:00:01.3: quirk: [io  0x0700-0x070f] claimed by PIIX4 SMB
[    1.571176] pci 0000:00:02.0: [1234:1111] type 00 class 0x030000 conventional PCI endpoint
[    1.588160] pci 0000:00:02.0: BAR 0 [mem 0xfd000000-0xfdffffff pref]
[    1.588853] pci 0000:00:02.0: BAR 2 [mem 0xfebf0000-0xfebf0fff]
[    1.589393] pci 0000:00:02.0: ROM [mem 0xfebe0000-0xfebeffff pref]
[    1.590458] pci 0000:00:02.0: Video device with shadowed ROM at [mem 0x000c0000-0x000dffff]
[    1.601526] pci 0000:00:03.0: [8086:100e] type 00 class 0x020000 conventional PCI endpoint
[    1.603298] pci 0000:00:03.0: BAR 0 [mem 0xfebc0000-0xfebdffff]
[    1.603811] pci 0000:00:03.0: BAR 1 [io  0xc000-0xc03f]
[    1.604287] pci 0000:00:03.0: ROM [mem 0xfeb80000-0xfebbffff pref]
[    1.627390] ACPI: PCI: Interrupt link LNKA configured for IRQ 10
[    1.628981] ACPI: PCI: Interrupt link LNKB configured for IRQ 10
[    1.630457] ACPI: PCI: Interrupt link LNKC configured for IRQ 11
[    1.631874] ACPI: PCI: Interrupt link LNKD configured for IRQ 11
[    1.633203] ACPI: PCI: Interrupt link LNKS configured for IRQ 9
[    1.639796] iommu: Default domain type: Translated
[    1.639869] iommu: DMA domain TLB invalidation policy: lazy mode
[    1.646334] SCSI subsystem initialized
[    1.647530] ACPI: bus type USB registered
[    1.648228] usbcore: registered new interface driver usbfs
[    1.648830] usbcore: registered new interface driver hub
[    1.649394] usbcore: registered new device driver usb
[    1.650354] pps_core: LinuxPPS API ver. 1 registered
[    1.650764] pps_core: Software ver. 5.3.6 - Copyright 2005-2007 Rodolfo Giometti <giometti@linux.it>
[    1.651347] PTP clock support registered
[    1.655490] EDAC MC: Ver: 3.0.0
[    1.662444] NetLabel: Initializing
[    1.662768] NetLabel:  domain hash size = 128
[    1.663141] NetLabel:  protocols = UNLABELED CIPSOv4 CALIPSO
[    1.663510] NetLabel:  unlabeled traffic allowed by default
[    1.664912] PCI: Using ACPI for IRQ routing
[    1.665407] e820: register RAM buffer resource [mem 0x0009fc00-0x0009ffff]
[    1.665985] e820: register RAM buffer resource [mem 0x7ffe0000-0x7fffffff]
[    1.667393] pci 0000:00:02.0: vgaarb: setting as boot VGA device
[    1.667934] pci 0000:00:02.0: vgaarb: bridge control possible
[    1.668425] pci 0000:00:02.0: vgaarb: VGA device added: decodes=io+mem,owns=io+mem,locks=none
[    1.669140] vgaarb: loaded
[    1.672554] hpet0: at MMIO 0xfed00000, IRQs 2, 8, 0
[    1.672994] hpet0: 3 comparators, 64-bit 100.000000 MHz counter
[    1.679280] clocksource: Switched to clocksource kvm-clock
[    1.689755] VFS: Disk quotas dquot_6.6.0
[    1.690197] VFS: Dquot-cache hash table entries: 512 (order 0, 4096 bytes)
[    1.697214] pnp: PnP ACPI init
[    1.701978] pnp: PnP ACPI: found 6 devices
[    1.724134] clocksource: acpi_pm: mask: 0xffffff max_cycles: 0xffffff, max_idle_ns: 2085701024 ns
[    1.725526] NET: Registered PF_INET protocol family
[    1.726689] IP idents hash table entries: 32768 (order: 6, 262144 bytes, linear)
[    1.729151] tcp_listen_portaddr_hash hash table entries: 1024 (order: 5, 73728 bytes, linear)
[    1.729994] Table-perturb hash table entries: 65536 (order: 6, 262144 bytes, linear)
[    1.730733] TCP established hash table entries: 16384 (order: 5, 131072 bytes, linear)
[    1.732056] TCP bind hash table entries: 16384 (order: 10, 2359296 bytes, linear)
[    1.735243] TCP: Hash tables configured (established 16384 bind 16384)
[    1.736067] UDP hash table entries: 1024 (order: 6, 262144 bytes, linear)
[    1.736861] UDP-Lite hash table entries: 1024 (order: 6, 262144 bytes, linear)
[    1.738167] NET: Registered PF_UNIX/PF_LOCAL protocol family
[    1.740448] RPC: Registered named UNIX socket transport module.
[    1.740962] RPC: Registered udp transport module.
[    1.741368] RPC: Registered tcp transport module.
[    1.741765] RPC: Registered tcp-with-tls transport module.
[    1.742221] RPC: Registered tcp NFSv4.1 backchannel transport module.
[    1.742804] pci_bus 0000:00: resource 4 [io  0x0000-0x0cf7 window]
[    1.743330] pci_bus 0000:00: resource 5 [io  0x0d00-0xffff window]
[    1.743966] pci_bus 0000:00: resource 6 [mem 0x000a0000-0x000bffff window]
[    1.744546] pci_bus 0000:00: resource 7 [mem 0x80000000-0xfebfffff window]
[    1.745127] pci_bus 0000:00: resource 8 [mem 0x100000000-0x17fffffff window]
[    1.746097] pci 0000:00:01.0: PIIX3: Enabling Passive Release
[    1.746597] pci 0000:00:00.0: Limiting direct PCI/PCI transfers
[    1.747190] PCI: CLS 0 bytes, default 64
[    1.748236] ACPI: bus type thunderbolt registered
[    1.749302] clocksource: tsc: mask: 0xffffffffffffffff max_cycles: 0x12441513526, max_idle_ns: 440795239872 ns
[    1.780756] Initialise system trusted keyrings
[    1.781386] Key type blacklist registered
[    1.782044] workingset: timestamp_bits=36 (anon: 32) max_order=19 bucket_order=0 (anon: 0)
[    1.785508] squashfs: version 4.0 (2009/01/31) Phillip Lougher
[    1.788321] NFS: Registering the id_resolver key type
[    1.788826] Key type id_resolver registered
[    1.789181] Key type id_legacy registered
[    1.789596] nfs4filelayout_init: NFSv4 File Layout Driver Registering...
[    1.790206] nfs4flexfilelayout_init: NFSv4 Flexfile Layout Driver Registering...
[    1.791303] fuse: init (API version 7.45)
[    1.792553] SGI XFS with ACLs, security attributes, realtime, quota, no debug enabled
[    1.795069] 9p: Installing v9fs 9p2000 file system support
[    1.807931] Key type asymmetric registered
[    1.808307] Asymmetric key parser 'x509' registered
[    1.808946] Block layer SCSI generic (bsg) driver version 0.4 loaded (major 241)
[    1.809906] io scheduler mq-deadline registered
[    1.810456] io scheduler bfq registered
[    1.815857] ledtrig-cpu: registered to indicate activity on CPUs
[    1.818441] IPMI message handler: version 39.2
[    1.818945] ipmi device interface
[    1.821443] input: Power Button as /devices/platform/LNXPWRBN:00/input/input0
[    1.822448] ACPI: button: Power Button [PWRF]
[    1.829035] ERST DBG: ERST support is disabled.
[    1.831875] Serial: 8250/16550 driver, 32 ports, IRQ sharing enabled
[    1.833920] 00:04: ttyS0 at I/O 0x3f8 (irq = 4, base_baud = 115200) is a 16550A
[    1.866487] Linux agpgart interface v0.103
[    1.873556] ACPI: bus type drm_connector registered
[    1.904745] brd: module loaded
[    1.921444] loop: module loaded
[    1.940486] scsi host0: ata_piix
[    1.942042] scsi host1: ata_piix
[    1.942892] ata1: PATA max MWDMA2 cmd 0x1f0 ctl 0x3f6 bmdma 0xc040 irq 14 lpm-pol 0
[    1.943553] ata2: PATA max MWDMA2 cmd 0x170 ctl 0x376 bmdma 0xc048 irq 15 lpm-pol 0
[    1.947521] tun: Universal TUN/TAP device driver, 1.6
[    1.948493] e100: Intel(R) PRO/100 Network Driver
[    1.948902] e100: Copyright(c) 1999-2006 Intel Corporation
[    1.949541] e1000: Intel(R) PRO/1000 Network Driver
[    1.949952] e1000: Copyright (c) 1999-2006 Intel Corporation.
[    2.107794] ata2: found unknown device (class 0)
[    2.108837] ata2.00: ATAPI: QEMU DVD-ROM, 2.5+, max UDMA/100
[    2.110120] ata1: found unknown device (class 0)
[    2.111030] ata1.00: Model 'QEMU HARDDISK', rev '2.5+', applying quirks: bridgeok
[    2.111689] ata1.00: ATA-7: QEMU HARDDISK, 2.5+, max UDMA/100
[    2.112185] ata1.00: 17196647 sectors, multi 16: LBA48 
[    2.114035] scsi 0:0:0:0: Direct-Access     ATA      QEMU HARDDISK    2.5+ PQ: 0 ANSI: 5
[    2.120686] sd 0:0:0:0: [sda] 17196647 512-byte logical blocks: (8.80 GB/8.20 GiB)
[    2.121432] sd 0:0:0:0: [sda] Write Protect is off
[    2.121921] sd 0:0:0:0: [sda] Write cache: enabled, read cache: enabled, doesn't support DPO or FUA
[    2.122816] sd 0:0:0:0: [sda] Preferred minimum I/O size 512 bytes
[    2.123757] sd 0:0:0:0: Attached scsi generic sg0 type 0
[    2.127753] scsi 1:0:0:0: CD-ROM            QEMU     QEMU DVD-ROM     2.5+ PQ: 0 ANSI: 5
[    2.163770] sd 0:0:0:0: [sda] Attached SCSI disk
[    2.184977] scsi 1:0:0:0: Attached scsi generic sg1 type 5
[    2.686842] ACPI: \_SB_.LNKC: Enabled at IRQ 11
[    2.999965] e1000 0000:00:03.0 eth0: (PCI:33MHz:32-bit) 52:54:00:12:34:56
[    3.000637] e1000 0000:00:03.0 eth0: Intel(R) PRO/1000 Network Connection
[    3.001433] e1000e: Intel(R) PRO/1000 Network Driver
[    3.001857] e1000e: Copyright(c) 1999 - 2015 Intel Corporation.
[    3.002550] igb: Intel(R) Gigabit Ethernet Network Driver
[    3.002984] igb: Copyright (c) 2007-2014 Intel Corporation.
[    3.003892] PPP generic driver version 2.4.2
[    3.005309] VFIO - User Level meta-driver version: 0.3
[    3.007033] usbcore: registered new interface driver uas
[    3.007607] usbcore: registered new interface driver usb-storage
[    3.008485] i8042: PNP: PS/2 Controller [PNP0303:KBD,PNP0f13:MOU] at 0x60,0x64 irq 1,12
[    3.010172] serio: i8042 KBD port at 0x60,0x64 irq 1
[    3.010684] serio: i8042 AUX port at 0x60,0x64 irq 12
[    3.012549] mousedev: PS/2 mouse device common for all mice
[    3.014854] input: AT Translated Set 2 keyboard as /devices/platform/i8042/serio0/input/input1
[    3.016249] rtc_cmos 00:05: RTC can wake from S4
[    3.018853] rtc_cmos 00:05: registered as rtc0
[    3.019321] rtc_cmos 00:05: setting system clock to 2026-03-18T18:03:38 UTC (1773857018)
[    3.020589] rtc_cmos 00:05: alarms up to one day, y3k, 242 bytes nvram, hpet irqs
[    3.021294] i2c_dev: i2c /dev entries driver
[    3.022430] input: VirtualPS/2 VMware VMMouse as /devices/platform/i8042/serio1/input/input4
[    3.023925] device-mapper: core: CONFIG_IMA_DISABLE_HTABLE is disabled. Duplicate IMA measurements will not be recorded in the IMA log.
[    3.025020] device-mapper: uevent: version 1.0.3
[    3.025980] device-mapper: ioctl: 4.50.0-ioctl (2025-04-28) initialised: dm-devel@lists.linux.dev
[    3.026753] intel_pstate: CPU model not supported
[    3.027487] sdhci: Secure Digital Host Controller Interface driver
[    3.028052] sdhci: Copyright(c) Pierre Ossman
[    3.028677] sdhci-pltfm: SDHCI platform and OF driver helper
[    3.029938] drop_monitor: Initializing network drop monitor service
[    3.031061] NET: Registered PF_INET6 protocol family
[    3.032126] input: VirtualPS/2 VMware VMMouse as /devices/platform/i8042/serio1/input/input3
[    3.040575] Segment Routing with IPv6
[    3.040959] In-situ OAM (IOAM) with IPv6
[    3.041383] NET: Registered PF_PACKET protocol family
[    3.042076] 9pnet: Installing 9P2000 support
[    3.042557] Key type dns_resolver registered
[    3.045321] IPI shorthand broadcast: enabled
[    3.184083] sched_clock: Marking stable (3168007272, 15649949)->(3241821028, -58163807)
[    3.186332] registered taskstats version 1
[    3.188317] Loading compiled-in X.509 certificates
[    3.276360] Demotion targets for Node 0: null
[    3.280338] Key type .fscrypt registered
[    3.280703] Key type fscrypt-provisioning registered
[    3.297614] Key type encrypted registered
[    3.298038] ima: No TPM chip found, activating TPM-bypass!
[    3.298521] ima: Allocated hash algorithm: sha1
[    3.298997] ima: No architecture policies found
[    3.299591] evm: Initialising EVM extended attributes:
[    3.300036] evm: security.selinux
[    3.300320] evm: security.SMACK64
[    3.300593] evm: security.SMACK64EXEC
[    3.300895] evm: security.SMACK64TRANSMUTE
[    3.301233] evm: security.SMACK64MMAP
[    3.301542] evm: security.apparmor
[    3.301825] evm: security.ima
[    3.302076] evm: security.capability
[    3.302377] evm: HMAC attrs: 0x1
[    3.305537] PM:   Magic number: 2:756:89
[    3.307957] RAS: Correctable Errors collector initialized.
[    4.569347] clk: Disabling unused clocks
[    4.569759] PM: genpd: Disabling unused power domains
[    4.570966] md: Waiting for all devices to be available before autodetect
[    4.571333] md: If you don't use raid, use raid=noautodetect
[    4.571645] md: Autodetecting RAID arrays.
[    4.571924] md: autorun ...
[    4.572086] md: ... autorun DONE.
[    4.592334] EXT4-fs (sda): INFO: recovery required on readonly filesystem
[    4.593175] EXT4-fs (sda): write access will be enabled during recovery
[    4.652474] Callback from call_rcu_tasks() invoked.
[    4.783495] EXT4-fs (sda): recovery complete
[    4.791687] EXT4-fs (sda): mounted filesystem 088740a9-c8b4-422c-999d-a804eb68a4da ro with ordered data mode. Quota mode: none.
[    4.792459] VFS: Mounted root (ext4 filesystem) readonly on device 8:0.
[    4.794009] devtmpfs: mounted
[    4.794877] VFS: Pivoted into new rootfs
[    4.815064] Freeing unused decrypted memory: 2036K
[    4.829426] Freeing unused kernel image (initmem) memory: 16532K
[    4.829995] Write protecting the kernel read-only data: 102400k
[    4.832557] Freeing unused kernel image (text/rodata gap) memory: 420K
[    4.834949] Freeing unused kernel image (rodata/data gap) memory: 1528K
[    4.907735] x86/mm: Checked W+X mappings: passed, no W+X pages found.
[    4.908115] Run /sbin/init as init process
[    5.128579] systemd[1]: systemd 252-15.el9 running in system mode (+PAM +AUDIT +SELINUX -APPARMOR +IMA +SMACK +SECCOMP +GCRYPT +GNUTLS +OPENSSL +ACL +BLKID +CURL +ELFUTILS -FIDO2 +IDN2 -IDN -IPTC +KMOD +LIBCRYPTSETUP +LIBFDISK +PCRE2 -PWQUALITY +P11KIT -QRENCODE +TPM2 +BZIP2 +LZ4 +XZ +ZLIB +ZSTD -BPF_FRAMEWORK +XKBCOMMON +UTMP +SYSVINIT default-hierarchy=unified)
[    5.130165] systemd[1]: Detected virtualization kvm.
[    5.130434] systemd[1]: Detected architecture x86-64.

Welcome to [0;31mCentOS Stream 9[0m!

[    5.134324] systemd[1]: Hostname set to <test>.
[    5.307883] systemd-rc-local-generator[122]: /etc/rc.d/rc.local is not marked executable, skipping.
[    5.789105] systemd[1]: Queued start job for default target Multi-User System.
[    5.807079] systemd[1]: Created slice Virtual Machine and Container Slice.
[[0;32m  OK  [0m] Created slice [0;1;39mVirtual Machine and Container Slice[0m.
[    5.812521] systemd[1]: Created slice Slice /system/getty.
[[0;32m  OK  [0m] Created slice [0;1;39mSlice /system/getty[0m.
[    5.816092] systemd[1]: Created slice Slice /system/modprobe.
[[0;32m  OK  [0m] Created slice [0;1;39mSlice /system/modprobe[0m.
[    5.819214] systemd[1]: Created slice Slice /system/serial-getty.
[[0;32m  OK  [0m] Created slice [0;1;39mSlice /system/serial-getty[0m.
[    5.822598] systemd[1]: Created slice Slice /system/sshd-keygen.
[[0;32m  OK  [0m] Created slice [0;1;39mSlice /system/sshd-keygen[0m.
[    5.825569] systemd[1]: Created slice User and Session Slice.
[[0;32m  OK  [0m] Created slice [0;1;39mUser and Session Slice[0m.
[    5.827283] systemd[1]: Started Forward Password Requests to Wall Directory Watch.
[[0;32m  OK  [0m] Started [0;1;39mForward Password R…uests to Wall Directory Watch[0m.
[    5.830194] systemd[1]: Set up automount Arbitrary Executable File Formats File System Automount Point.
[[0;32m  OK  [0m] Set up automount [0;1;39mArbitrary…s File System Automount Point[0m.
[    5.832107] systemd[1]: Reached target Local Integrity Protected Volumes.
[[0;32m  OK  [0m] Reached target [0;1;39mLocal Integrity Protected Volumes[0m.
[    5.833777] systemd[1]: Reached target Slice Units.
[[0;32m  OK  [0m] Reached target [0;1;39mSlice Units[0m.
[    5.835057] systemd[1]: Reached target Swaps.
[[0;32m  OK  [0m] Reached target [0;1;39mSwaps[0m.
[    5.836190] systemd[1]: Reached target Local Verity Protected Volumes.
[[0;32m  OK  [0m] Reached target [0;1;39mLocal Verity Protected Volumes[0m.
[    5.838224] systemd[1]: Listening on Device-mapper event daemon FIFOs.
[[0;32m  OK  [0m] Listening on [0;1;39mDevice-mapper event daemon FIFOs[0m.
[    5.840429] systemd[1]: Listening on LVM2 poll daemon socket.
[[0;32m  OK  [0m] Listening on [0;1;39mLVM2 poll daemon socket[0m.
[    5.842049] systemd[1]: multipathd control socket was skipped because of an unmet condition check (ConditionPathExists=/etc/multipath.conf).
[    5.890850] systemd[1]: Listening on RPCbind Server Activation Socket.
[[0;32m  OK  [0m] Listening on [0;1;39mRPCbind Server Activation Socket[0m.
[    5.892097] systemd[1]: Reached target RPC Port Mapper.
[[0;32m  OK  [0m] Reached target [0;1;39mRPC Port Mapper[0m.
[    5.895312] systemd[1]: Listening on Process Core Dump Socket.
[[0;32m  OK  [0m] Listening on [0;1;39mProcess Core Dump Socket[0m.
[    5.896610] systemd[1]: Listening on initctl Compatibility Named Pipe.
[[0;32m  OK  [0m] Listening on [0;1;39minitctl Compatibility Named Pipe[0m.
[    5.898437] systemd[1]: Listening on Journal Socket (/dev/log).
[[0;32m  OK  [0m] Listening on [0;1;39mJournal Socket (/dev/log)[0m.
[    5.899999] systemd[1]: Listening on Journal Socket.
[[0;32m  OK  [0m] Listening on [0;1;39mJournal Socket[0m.
[    5.901486] systemd[1]: Listening on udev Control Socket.
[[0;32m  OK  [0m] Listening on [0;1;39mudev Control Socket[0m.
[    5.903138] systemd[1]: Listening on udev Kernel Socket.
[[0;32m  OK  [0m] Listening on [0;1;39mudev Kernel Socket[0m.
[    5.911038] systemd[1]: Mounting Huge Pages File System...
         Mounting [0;1;39mHuge Pages File System[0m...
[    5.920920] systemd[1]: Mounting POSIX Message Queue File System...
         Mounting [0;1;39mPOSIX Message Queue File System[0m...
[    5.927900] systemd[1]: Mounting Kernel Debug File System...
         Mounting [0;1;39mKernel Debug File System[0m...
[    5.935422] systemd[1]: Mounting Kernel Trace File System...
         Mounting [0;1;39mKernel Trace File System[0m...
[    5.936845] systemd[1]: Kernel Module supporting RPCSEC_GSS was skipped because of an unmet condition check (ConditionPathExists=/etc/krb5.keytab).
[    5.937601] systemd[1]: Create List of Static Device Nodes was skipped because of an unmet condition check (ConditionFileNotEmpty=/lib/modules/7.0.0-rc4-bdee5ba34384+/modules.devname).
[    5.943592] systemd[1]: Starting Monitoring of LVM2 mirrors, snapshots etc. using dmeventd or progress polling...
         Starting [0;1;39mMonitoring of LVM…meventd or progress polling[0m...
[    5.950186] systemd[1]: Starting Load Kernel Module configfs...
         Starting [0;1;39mLoad Kernel Module configfs[0m...
[    5.956088] systemd[1]: Starting Load Kernel Module drm...
         Starting [0;1;39mLoad Kernel Module drm[0m...
[    5.968018] systemd[1]: Starting Load Kernel Module fuse...
         Starting [0;1;39mLoad Kernel Module fuse[0m...
[    5.978447] systemd[1]: Starting Read and set NIS domainname from /etc/sysconfig/network...
         Starting [0;1;39mRead and set NIS …from /etc/sysconfig/network[0m...
[    5.992001] systemd[1]: Starting Journal Service...
         Starting [0;1;39mJournal Service[0m...
[    6.007604] systemd[1]: Starting Load Kernel Modules...
         Starting [0;1;39mLoad Kernel Modules[0m...
[    6.018425] systemd[1]: Starting Generate network units from Kernel command line...
         Starting [0;1;39mGenerate network …ts from Kernel command line[0m...
[    6.036101] systemd[1]: Starting Remount Root and Kernel File Systems...
         Starting [0;1;39mRemount Root and Kernel File Systems[0m...
[    6.040735] systemd[1]: Repartition Root Disk was skipped because no trigger condition checks were met.
[    6.057051] systemd[1]: Starting Coldplug All udev Devices...
         Starting [0;1;39mColdplug All udev Devices[0m...
[    6.094618] systemd[1]: Mounted Huge Pages File System.
[[0;32m  OK  [0m] Mounted [0;1;39mHuge Pages File System[0m.
[    6.104824] systemd[1]: Mounted POSIX Message Queue File System.
[[0;32m  OK  [0m] Mounted [0;1;39mPOSIX Message Queue File System[0m.
[    6.108245] systemd[1]: Mounted Kernel Debug File System.
[[0;32m  OK  [0m] Mounted [0;1;39mKernel Debug File System[0m.
[    6.109995] systemd[1]: Mounted Kernel Trace File System.
[[0;32m  OK  [0m] Mounted [0;1;39mKernel Trace File System[0m.
[    6.114575] systemd[1]: modprobe@configfs.service: Deactivated successfully.
[    6.120566] systemd[1]: Finished Load Kernel Module configfs.
[[0;32m  OK  [0m] Finished [0;1;39mLoad Kernel Module configfs[0m.
[    6.123730] EXT4-fs (sda): re-mounted 088740a9-c8b4-422c-999d-a804eb68a4da r/w.
[    6.130856] systemd[1]: Finished Monitoring of LVM2 mirrors, snapshots etc. using dmeventd or progress polling.
[[0;32m  OK  [0m] Finished [0;1;39mMonitoring of LVM… dmeventd or progress polling[0m.
[    6.141838] systemd[1]: modprobe@drm.service: Deactivated successfully.
[    6.148551] systemd[1]: Finished Load Kernel Module drm.
[[0;32m  OK  [0m] Finished [0;1;39mLoad Kernel Module drm[0m.
[    6.150969] systemd[1]: modprobe@fuse.service: Deactivated successfully.
[    6.156468] systemd[1]: Finished Load Kernel Module fuse.
[[0;32m  OK  [0m] Finished [0;1;39mLoad Kernel Module fuse[0m.
[    6.157847] systemd[1]: Started Journal Service.
[[0;32m  OK  [0m] Started [0;1;39mJournal Service[0m.
[[0;32m  OK  [0m] Finished [0;1;39mRead and set NIS …e from /etc/sysconfig/network[0m.
[[0;1;31mFAILED[0m] Failed to start [0;1;39mLoad Kernel Modules[0m.
See 'systemctl status systemd-modules-load.service' for details.
[[0;32m  OK  [0m] Finished [0;1;39mGenerate network units from Kernel command line[0m.
[[0;32m  OK  [0m] Finished [0;1;39mRemount Root and Kernel File Systems[0m.
[[0;32m  OK  [0m] Reached target [0;1;39mPreparation for Network[0m.
         Mounting [0;1;39mFUSE Control File System[0m...
         Mounting [0;1;39mKernel Configuration File System[0m...
         Starting [0;1;39mFlush Journal to Persistent Storage[0m...
         Starting [0;1;39mLoad/Save Random Seed[0m...
         Starting [0;1;39mApply Kernel Variables[0m...
         Starting [0;1;39mCreate Static Device Nodes in /dev[0m...
[    6.260242] systemd-journald[144]: Received client request to flush runtime journal.
         Starting [0;1;39mSetup Virtual Console[0m...
[[0;32m  OK  [0m] Mounted [0;1;39mFUSE Control File System[0m.
[[0;32m  OK  [0m] Mounted [0;1;39mKernel Configuration File System[0m.
[[0;32m  OK  [0m] Finished [0;1;39mFlush Journal to Persistent Storage[0m.
[[0;32m  OK  [0m] Finished [0;1;39mLoad/Save Random Seed[0m.
[[0;32m  OK  [0m] Finished [0;1;39mApply Kernel Variables[0m.
[[0;32m  OK  [0m] Finished [0;1;39mCreate Static Device Nodes in /dev[0m.
         Starting [0;1;39mRule-based Manage…for Device Events and Files[0m...
[[0;32m  OK  [0m] Started [0;1;39mRule-based Manager for Device Events and Files[0m.
         Starting [0;1;39mAuto-connect to s…E devices found during boot[0m...
[[0;32m  OK  [0m] Finished [0;1;39mColdplug All udev Devices[0m.
[[0;32m  OK  [0m] Finished [0;1;39mAuto-connect to s…VME devices found during boot[0m.
[[0;32m  OK  [0m] Finished [0;1;39mSetup Virtual Console[0m.
[[0;32m  OK  [0m] Started [0;1;39mDispatch Password …ts to Console Directory Watch[0m.
[[0;32m  OK  [0m] Reached target [0;1;39mLocal Encrypted Volumes[0m.
[[0;32m  OK  [0m] Reached target [0;1;39mPath Units[0m.
         Starting [0;1;39mWait for udev To …plete Device Initialization[0m...
[[0;32m  OK  [0m] Found device [0;1;39m/dev/ttyS0[0m.
[[0;32m  OK  [0m] Listening on [0;1;39mLoad/Save RF …itch Status /dev/rfkill Watch[0m.
[[0;32m  OK  [0m] Finished [0;1;39mWait for udev To Complete Device Initialization[0m.
[[0;32m  OK  [0m] Reached target [0;1;39mPreparation for Local File Systems[0m.
[[0;32m  OK  [0m] Reached target [0;1;39mLocal File Systems[0m.
         Starting [0;1;39mTell Plymouth To Write Out Runtime Data[0m...
         Starting [0;1;39mAutomatic Boot Loader Update[0m...
         Starting [0;1;39mCreate Volatile Files and Directories[0m...
[[0;32m  OK  [0m] Finished [0;1;39mTell Plymouth To Write Out Runtime Data[0m.
[[0;32m  OK  [0m] Finished [0;1;39mAutomatic Boot Loader Update[0m.
[[0;32m  OK  [0m] Finished [0;1;39mCreate Volatile Files and Directories[0m.
         Mounting [0;1;39mRPC Pipe File System[0m...
         Starting [0;1;39mSecurity Auditing Service[0m...
         Starting [0;1;39mRPC Bind[0m...
[[0;32m  OK  [0m] Mounted [0;1;39mRPC Pipe File System[0m.
[[0;32m  OK  [0m] Reached target [0;1;39mrpc_pipefs.target[0m.
[[0;32m  OK  [0m] Started [0;1;39mRPC Bind[0m.
[[0;32m  OK  [0m] Started [0;1;39mSecurity Auditing Service[0m.
         Starting [0;1;39mRecord System Boot/Shutdown in UTMP[0m...
[[0;32m  OK  [0m] Finished [0;1;39mRecord System Boot/Shutdown in UTMP[0m.
[[0;32m  OK  [0m] Reached target [0;1;39mSystem Initialization[0m.
[[0;32m  OK  [0m] Started [0;1;39mDaily rotation of log files[0m.
[[0;32m  OK  [0m] Started [0;1;39mUpdates mlocate database every day[0m.
[[0;32m  OK  [0m] Started [0;1;39mDaily Cleanup of Temporary Directories[0m.
[[0;32m  OK  [0m] Started [0;1;39mdaily update of the root trust anchor for DNSSEC[0m.
[[0;32m  OK  [0m] Reached target [0;1;39mTimer Units[0m.
[[0;32m  OK  [0m] Listening on [0;1;39mD-Bus System Message Bus Socket[0m.
[[0;32m  OK  [0m] Listening on [0;1;39mOpen-iSCSI iscsid Socket[0m.
[[0;32m  OK  [0m] Listening on [0;1;39mOpen-iSCSI iscsiuio Socket[0m.
[[0;32m  OK  [0m] Listening on [0;1;39mSSSD Kerberos…ache Manager responder socket[0m.
[[0;32m  OK  [0m] Listening on [0;1;39mLibvirt interface local socket[0m.
[[0;32m  OK  [0m] Listening on [0;1;39mVirtual machine lock manager socket[0m.
[[0;32m  OK  [0m] Listening on [0;1;39mVirtual machine log manager socket[0m.
[[0;32m  OK  [0m] Listening on [0;1;39mLibvirt network local socket[0m.
[[0;32m  OK  [0m] Listening on [0;1;39mLibvirt nodedev local socket[0m.
[[0;32m  OK  [0m] Listening on [0;1;39mLibvirt nwfilter local socket[0m.
[[0;32m  OK  [0m] Listening on [0;1;39mLibvirt proxy local socket[0m.
[[0;32m  OK  [0m] Listening on [0;1;39mLibvirt qemu local socket[0m.
[[0;32m  OK  [0m] Listening on [0;1;39mLibvirt qemu admin socket[0m.
[[0;32m  OK  [0m] Listening on [0;1;39mLibvirt qemu local read-only socket[0m.
[[0;32m  OK  [0m] Listening on [0;1;39mLibvirt secret local socket[0m.
[[0;32m  OK  [0m] Listening on [0;1;39mLibvirt storage local socket[0m.
[[0;32m  OK  [0m] Reached target [0;1;39mSocket Units[0m.
         Starting [0;1;39mD-Bus System Message Bus[0m...
[[0;32m  OK  [0m] Started [0;1;39mD-Bus System Message Bus[0m.
[[0;32m  OK  [0m] Reached target [0;1;39mBasic System[0m.
         Starting [0;1;39mNetwork Manager[0m...
         Starting [0;1;39mNTP client/server[0m...
         Starting [0;1;39mRestore /run/initramfs on shutdown[0m...
[[0;32m  OK  [0m] Started [0;1;39mirqbalance daemon[0m.
[[0;32m  OK  [0m] Started [0;1;39mlibstoragemgmt plug-in server daemon[0m.
[[0;32m  OK  [0m] Started [0;1;39mMachine Check Exception Logging Daemon[0m.
[[0;32m  OK  [0m] Reached target [0;1;39msshd-keygen.target[0m.
[[0;32m  OK  [0m] Reached target [0;1;39mUser and Group Name Lookups[0m.
         Starting [0;1;39mUser Login Management[0m...
         Starting [0;1;39mVirtual Machine a…tainer Registration Service[0m...
         Starting [0;1;39mupdate of the roo…NSSEC validation in unbound[0m...
         Starting [0;1;39mRotate log files[0m...
[[0;32m  OK  [0m] Started [0;1;39mUpdate a database for mlocate[0m.
[[0;32m  OK  [0m] Finished [0;1;39mRestore /run/initramfs on shutdown[0m.
[[0;32m  OK  [0m] Started [0;1;39mVirtual Machine an…ontainer Registration Service[0m.
         Starting [0;1;39mHostname Service[0m...
[[0;32m  OK  [0m] Finished [0;1;39mupdate of the roo… DNSSEC validation in unbound[0m.
[[0;32m  OK  [0m] Started [0;1;39mNTP client/server[0m.
[[0;32m  OK  [0m] Started [0;1;39mUser Login Management[0m.
[[0;32m  OK  [0m] Started [0;1;39mHostname Service[0m.
         Starting [0;1;39mNetwork Manager Script Dispatcher Service[0m...
[[0;32m  OK  [0m] Started [0;1;39mNetwork Manager Script Dispatcher Service[0m.
[[0;32m  OK  [0m] Finished [0;1;39mRotate log files[0m.
[   10.076858] e1000: eth0 NIC Link is Up 1000 Mbps Full Duplex, Flow Control: RX
[[0;32m  OK  [0m] Started [0;1;39mNetwork Manager[0m.
[[0;32m  OK  [0m] Reached target [0;1;39mNetwork[0m.
[[0;32m  OK  [0m] Reached target [0;1;39mNetwork is Online[0m.
         Starting [0;1;39mGSSAPI Proxy Daemon[0m...
         Starting [0;1;39mNotify NFS peers of a restart[0m...
         Starting [0;1;39mSystem Logging Service[0m...
         Starting [0;1;39mOpenSSH server daemon[0m...
         Starting [0;1;39mDynamic System Tuning Daemon[0m...
[[0;32m  OK  [0m] Started [0;1;39mNotify NFS peers of a restart[0m.
[[0;32m  OK  [0m] Started [0;1;39mGSSAPI Proxy Daemon[0m.
[[0;32m  OK  [0m] Reached target [0;1;39mNFS client services[0m.
[[0;32m  OK  [0m] Reached target [0;1;39mPreparation for Remote File Systems[0m.
[[0;32m  OK  [0m] Reached target [0;1;39mRemote File Systems[0m.
         Starting [0;1;39mPermit User Sessions[0m...
         Starting [0;1;39mVirtualization qemu daemon[0m...
[[0;32m  OK  [0m] Started [0;1;39mOpenSSH server daemon[0m.
[[0;32m  OK  [0m] Finished [0;1;39mPermit User Sessions[0m.
[[0;32m  OK  [0m] Started [0;1;39mDeferred execution scheduler[0m.
[[0;32m  OK  [0m] Started [0;1;39mCommand Scheduler[0m.
         Starting [0;1;39mHold until boot process finishes up[0m...
         Starting [0;1;39mTerminate Plymouth Boot Screen[0m...
[[0;32m  OK  [0m] Started [0;1;39mSystem Logging Service[0m.
[[0;32m  OK  [0m] Finished [0;1;39mHold until boot process finishes up[0m.
[[0;32m  OK  [0m] Started [0;1;39mGetty on tty1[0m.
[[0;32m  OK  [0m] Started [0;1;39mSerial Getty on ttyS0[0m.
[[0;32m  OK  [0m] Reached target [0;1;39mLogin Prompts[0m.
[[0;32m  OK  [0m] Started [0;1;39mVirtualization qemu daemon[0m.
[[0;32m  OK  [0m] Finished [0;1;39mTerminate Plymouth Boot Screen[0m.
         Starting [0;1;39mAuthorization Manager[0m...
[[0;32m  OK  [0m] Started [0;1;39mAuthorization Manager[0m.
[[0;32m  OK  [0m] Started [0;1;39mDynamic System Tuning Daemon[0m.
[[0;32m  OK  [0m] Reached target [0;1;39mMulti-User System[0m.
         Starting [0;1;39mRecord Runlevel Change in UTMP[0m...
[[0;32m  OK  [0m] Finished [0;1;39mRecord Runlevel Change in UTMP[0m.

CentOS Stream 9
Kernel 7.0.0-rc4-bdee5ba34384+ on an x86_64

Activate the web console with: systemctl enable --now cockpit.socket

test login: 