c[?7l[2J[0mSeaBIOS (version rel-1.16.0-0-gd239552ce722-prebuilt.qemu.org)


iPXE (http://ipxe.org) 00:03.0 CA00 PCI2.10 PnP PMM+7FF91000+7FEF1000 CA00
Press Ctrl-B to configure iPXE (PCI 00:03.0)...                                                                               


Booting from ROM...
c[?7l[2J[    0.000000] Linux version 7.0.0-rc4-f338e7738378 (root@p-arls02) (gcc (GCC) 11.5.0 20240719 (Red Hat 11.5.0-14), GNU ld version 2.35.2-72.el9) #1 SMP PREEMPT_DYNAMIC Wed Mar 18 11:58:54 CST 2026
[    0.000000] Command line: console=ttyS0 root=/dev/sda earlyprintk=serial net.ifnames=0 plymouth.enable=0
[    0.000000] KERNEL supported cpus:
[    0.000000]   Intel GenuineIntel
[    0.000000]   AMD AuthenticAMD
[    0.000000]   Hygon HygonGenuine
[    0.000000]   Centaur CentaurHauls
[    0.000000]   zhaoxin   Shanghai  
[    0.000000] x86/CPU: Model not found in latest microcode list
[    0.000000] x86/split lock detection: #DB: warning on user-space bus_locks
[    0.000000] BIOS-provided physical RAM map:
[    0.000000] BIOS-e820: [mem 0x0000000000000000-0x000000000009fbff]  System RAM
[    0.000000] BIOS-e820: [mem 0x000000000009fc00-0x000000000009ffff]  device reserved
[    0.000000] BIOS-e820: [gap 0x00000000000a0000-0x00000000000effff]
[    0.000000] BIOS-e820: [mem 0x00000000000f0000-0x00000000000fffff]  device reserved
[    0.000000] BIOS-e820: [mem 0x0000000000100000-0x000000007ffdffff]  System RAM
[    0.000000] BIOS-e820: [mem 0x000000007ffe0000-0x000000007fffffff]  device reserved
[    0.000000] BIOS-e820: [gap 0x0000000080000000-0x00000000feffbfff]
[    0.000000] BIOS-e820: [mem 0x00000000feffc000-0x00000000feffffff]  device reserved
[    0.000000] BIOS-e820: [gap 0x00000000ff000000-0x00000000fffbffff]
[    0.000000] BIOS-e820: [mem 0x00000000fffc0000-0x00000000ffffffff]  device reserved
[    0.000000] printk: legacy bootconsole [earlyser0] enabled
[    0.000000] NX (Execute Disable) protection: active
[    0.000000] APIC: Static calls initialized
[    0.000000] SMBIOS 2.8 present.
[    0.000000] DMI: QEMU Standard PC (i440FX + PIIX, 1996), BIOS rel-1.16.0-0-gd239552ce722-prebuilt.qemu.org 04/01/2014
[    0.000000] DMI: Memory slots populated: 1/1
[    0.000000] Hypervisor detected: KVM
[    0.000000] last_pfn = 0x7ffe0 max_arch_pfn = 0x400000000
[    0.000000] kvm-clock: Using msrs 4b564d01 and 4b564d00
[    0.000003] kvm-clock: using sched offset of 1331002456 cycles
[    0.000431] clocksource: kvm-clock: mask: 0xffffffffffffffff max_cycles: 0x1cd42e4dffb, max_idle_ns: 881590591483 ns
[    0.001757] tsc: Detected 1267.200 MHz processor
[    0.008471] last_pfn = 0x7ffe0 max_arch_pfn = 0x400000000
[    0.008944] MTRR map: 4 entries (3 fixed + 1 variable; max 19), built from 8 variable MTRRs
[    0.009629] x86/PAT: Configuration [0-7]: WB  WC  UC- UC  WB  WP  UC- WT  
[    0.019792] found SMP MP-table at [mem 0x000f5ba0-0x000f5baf]
[    0.020288] Using GB pages for direct mapping
[    0.022514] ACPI: Early table checksum verification disabled
[    0.022986] ACPI: RSDP 0x00000000000F59C0 000014 (v00 BOCHS )
[    0.023473] ACPI: RSDT 0x000000007FFE1951 000034 (v01 BOCHS  BXPC     00000001 BXPC 00000001)
[    0.024187] ACPI: FACP 0x000000007FFE17FD 000074 (v01 BOCHS  BXPC     00000001 BXPC 00000001)
[    0.024900] ACPI: DSDT 0x000000007FFE0040 0017BD (v01 BOCHS  BXPC     00000001 BXPC 00000001)
[    0.025605] ACPI: FACS 0x000000007FFE0000 000040
[    0.025994] ACPI: APIC 0x000000007FFE1871 000080 (v01 BOCHS  BXPC     00000001 BXPC 00000001)
[    0.026695] ACPI: HPET 0x000000007FFE18F1 000038 (v01 BOCHS  BXPC     00000001 BXPC 00000001)
[    0.027401] ACPI: WAET 0x000000007FFE1929 000028 (v01 BOCHS  BXPC     00000001 BXPC 00000001)
[    0.028104] ACPI: Reserving FACP table memory at [mem 0x7ffe17fd-0x7ffe1870]
[    0.028675] ACPI: Reserving DSDT table memory at [mem 0x7ffe0040-0x7ffe17fc]
[    0.029247] ACPI: Reserving FACS table memory at [mem 0x7ffe0000-0x7ffe003f]
[    0.029816] ACPI: Reserving APIC table memory at [mem 0x7ffe1871-0x7ffe18f0]
[    0.030389] ACPI: Reserving HPET table memory at [mem 0x7ffe18f1-0x7ffe1928]
[    0.030957] ACPI: Reserving WAET table memory at [mem 0x7ffe1929-0x7ffe1950]
[    0.032014] No NUMA configuration found
[    0.032329] Faking a node at [mem 0x0000000000000000-0x000000007ffdffff]
[    0.032906] NODE_DATA(0) allocated [mem 0x7ffb4ec0-0x7ffdfcbf]
[    0.769495] KernelAddressSanitizer initialized (generic)
[    0.770261] ACPI: PM-Timer IO Port: 0x608
[    0.770620] ACPI: LAPIC_NMI (acpi_id[0xff] dfl dfl lint[0x1])
[    0.771200] IOAPIC[0]: apic_id 0, version 17, address 0xfec00000, GSI 0-23
[    0.771754] ACPI: INT_SRC_OVR (bus 0 bus_irq 0 global_irq 2 dfl dfl)
[    0.772245] ACPI: INT_SRC_OVR (bus 0 bus_irq 5 global_irq 5 high level)
[    0.772750] ACPI: INT_SRC_OVR (bus 0 bus_irq 9 global_irq 9 high level)
[    0.773260] ACPI: INT_SRC_OVR (bus 0 bus_irq 10 global_irq 10 high level)
[    0.773776] ACPI: INT_SRC_OVR (bus 0 bus_irq 11 global_irq 11 high level)
[    0.774306] ACPI: Using ACPI (MADT) for SMP configuration information
[    0.774797] ACPI: HPET id: 0x8086a201 base: 0xfed00000
[    0.775210] TSC deadline timer available
[    0.775513] CPU topo: Max. logical packages:   1
[    0.775865] CPU topo: Max. logical nodes:      1
[    0.776219] CPU topo: Num. nodes per package:  1
[    0.776572] CPU topo: Max. logical dies:       1
[    0.776923] CPU topo: Max. dies per package:   1
[    0.777278] CPU topo: Max. threads per core:   1
[    0.777628] CPU topo: Num. cores per package:     2
[    0.778004] CPU topo: Num. threads per package:   2
[    0.778375] CPU topo: Allowing 2 present CPUs plus 0 hotplug CPUs
[    0.778935] kvm-guest: APIC: eoi() replaced with kvm_guest_apic_eoi_write()
[    0.779531] kvm-guest: KVM setup pv remote TLB flush
[    0.779915] kvm-guest: setup PV sched yield
[    0.780299] PM: hibernation: Registered nosave memory: [mem 0x00000000-0x00000fff]
[    0.780873] PM: hibernation: Registered nosave memory: [mem 0x0009f000-0x000fffff]
[    0.781451] [gap 0x80000000-0xfeffbfff] available for PCI devices
[    0.781915] Booting paravirtualized kernel on KVM
[    0.782300] clocksource: refined-jiffies: mask: 0xffffffff max_cycles: 0xffffffff, max_idle_ns: 7645519600211568 ns
[    0.783204] Zone ranges:
[    0.783404]   DMA      [mem 0x0000000000001000-0x0000000000ffffff]
[    0.783880]   DMA32    [mem 0x0000000001000000-0x000000007ffdffff]
[    0.784355]   Normal   empty
[    0.784577]   Device   empty
[    0.784801] Movable zone start for each node
[    0.785142] Early memory node ranges
[    0.785418]   node   0: [mem 0x0000000000001000-0x000000000009efff]
[    0.785896]   node   0: [mem 0x0000000000100000-0x000000007ffdffff]
[    0.786381] Initmem setup node 0 [mem 0x0000000000001000-0x000000007ffdffff]
[    0.787253] On node 0, zone DMA: 1 pages in unavailable ranges
[    0.787970] On node 0, zone DMA: 97 pages in unavailable ranges
[    0.828693] On node 0, zone DMA32: 32 pages in unavailable ranges
[    0.829237] setup_percpu: NR_CPUS:8192 nr_cpumask_bits:2 nr_cpu_ids:2 nr_node_ids:1
[    0.831864] percpu: Embedded 81 pages/cpu s294912 r8192 d28672 u1048576
[    0.832561] kvm-guest: PV spinlocks enabled
[    0.832894] PV qspinlock hash table entries: 256 (order: 0, 4096 bytes, linear)
[    0.833477] Kernel command line: net.ifnames=0 console=ttyS0 root=/dev/sda earlyprintk=serial net.ifnames=0 plymouth.enable=0
[    0.834869] random: crng init done
[    0.835143] printk: log buffer data + meta data: 262144 + 1114112 = 1376256 bytes
[    0.837577] Dentry cache hash table entries: 262144 (order: 9, 2097152 bytes, linear)
[    0.839161] Inode-cache hash table entries: 131072 (order: 8, 1048576 bytes, linear)
[    0.840165] Fallback order for Node 0: 0 
[    0.840177] Built 1 zonelists, mobility grouping on.  Total pages: 524158
[    0.840962] Policy zone: DMA32
[    0.841191] mem auto-init: stack:off, heap alloc:off, heap free:off
[    0.841663] stackdepot: allocating hash table via alloc_large_system_hash
[    0.842175] stackdepot hash table entries: 1048576 (order: 12, 16777216 bytes, linear)
[    0.917300] stackdepot: allocating space for 8192 stack pools via memblock
[    1.046754] SLUB: HWalign=64, Order=0-3, MinObjects=0, CPUs=2, Nodes=1
[    1.047274] kmemleak: Kernel memory leak detector disabled
[    1.087374] ftrace: allocating 75788 entries in 298 pages
[    1.087816] ftrace: allocated 298 pages with 4 groups
[    1.092395] Dynamic Preempt: lazy
[    1.093258] Running RCU self tests
[    1.093514] Running RCU synchronous self tests
[    1.093859] rcu: Preemptible hierarchical RCU implementation.
[    1.094305] rcu: 	RCU lockdep checking is enabled.
[    1.094676] rcu: 	RCU restricting CPUs from NR_CPUS=8192 to nr_cpu_ids=2.
[    1.095210] 	Trampoline variant of Tasks RCU enabled.
[    1.095602] 	Rude variant of Tasks RCU enabled.
[    1.095958] 	Tracing variant of Tasks RCU enabled.
[    1.096330] rcu: RCU calculated value of scheduler-enlistment delay is 25 jiffies.
[    1.096915] rcu: Adjusting geometry for rcu_fanout_leaf=16, nr_cpu_ids=2
[    1.097547] Running RCU synchronous self tests
[    1.097899] RCU Tasks: Setting shift to 1 and lim to 1 rcu_task_cb_adjust=1 rcu_task_cpu_ids=2.
[    1.098576] RCU Tasks Rude: Setting shift to 1 and lim to 1 rcu_task_cb_adjust=1 rcu_task_cpu_ids=2.
[    1.168898] NR_IRQS: 524544, nr_irqs: 440, preallocated irqs: 16
[    1.170005] rcu: srcu_init: Setting srcu_struct sizes based on contention.
[    1.177301] Console: colour VGA+ 80x25
[    1.177683] printk: legacy console [ttyS0] enabled
[    1.177683] printk: legacy console [ttyS0] enabled
[    1.178452] printk: legacy bootconsole [earlyser0] disabled
[    1.178452] printk: legacy bootconsole [earlyser0] disabled
[    1.179346] Lock dependency validator: Copyright (c) 2006 Red Hat, Inc., Ingo Molnar
[    1.179967] ... MAX_LOCKDEP_SUBCLASSES:  8
[    1.180300] ... MAX_LOCK_DEPTH:          48
[    1.180753] ... MAX_LOCKDEP_KEYS:        8192
[    1.181137] ... CLASSHASH_SIZE:          4096
[    1.181559] ... MAX_LOCKDEP_ENTRIES:     524288
[    1.181933] ... MAX_LOCKDEP_CHAINS:      524288
[    1.182291] ... CHAINHASH_SIZE:          262144
[    1.182648]  memory used by lock dependency info: 54145 kB
[    1.183074]  memory used for stack traces: 4224 kB
[    1.183451]  per task-struct memory footprint: 1920 bytes
[    1.183998] ACPI: Core revision 20251212
[    1.184762] clocksource: hpet: mask: 0xffffffff max_cycles: 0xffffffff, max_idle_ns: 19112604467 ns
[    1.185644] APIC: Switch to symmetric I/O mode setup
[    1.186291] x2apic enabled
[    1.186863] APIC: Switched APIC routing to: physical x2apic
[    1.187309] kvm-guest: APIC: send_IPI_mask() replaced with kvm_send_ipi_mask()
[    1.187879] kvm-guest: APIC: send_IPI_mask_allbutself() replaced with kvm_send_ipi_mask_allbutself()
[    1.188586] kvm-guest: setup PV IPIs
[    1.189868] ..TIMER: vector=0x30 apic1=0 pin1=2 apic2=-1 pin2=-1
[    1.190358] clocksource: tsc-early: mask: 0xffffffffffffffff max_cycles: 0x12441513526, max_idle_ns: 440795239872 ns
[    1.191183] Calibrating delay loop (skipped) preset value.. 2534.40 BogoMIPS (lpj=5068800)
[    1.191994] CPU0: Thermal monitoring enabled (TM1)
[    1.192383] x86/cpu: User Mode Instruction Prevention (UMIP) activated
[    1.193002] Last level iTLB entries: 4KB 0, 2MB 0, 4MB 0
[    1.193418] Last level dTLB entries: 4KB 0, 2MB 0, 4MB 0, 1GB 0
[    1.195223] mitigations: Enabled attack vectors: user_kernel, user_user, guest_host, guest_guest, SMT mitigations: auto
[    1.196071] Speculative Store Bypass: Mitigation: Speculative Store Bypass disabled via prctl
[    1.196732] Spectre V2 : Mitigation: Enhanced / Automatic IBRS
[    1.197187] ITS: Mitigation: Aligned branch/return thunks
[    1.197610] Spectre V1 : Mitigation: usercopy/swapgs barriers and __user pointer sanitization
[    1.198267] Spectre V2 : WARNING: Unprivileged eBPF is enabled with eIBRS on, data leaks possible via Spectre v2 BHB attacks!
[    1.199177] Spectre V2 : Spectre v2 / PBRSB-eIBRS: Retire a single CALL on VMEXIT
[    1.199738] Spectre V2 : mitigation: Enabling conditional Indirect Branch Prediction Barrier
[    1.200363] active return thunk: its_return_thunk
[    1.200723] Spectre V2 : Spectre BHI mitigation: SW BHB clearing on syscall and VM exit
[    1.201349] x86/fpu: Supporting XSAVE feature 0x001: 'x87 floating point registers'
[    1.201939] x86/fpu: Supporting XSAVE feature 0x002: 'SSE registers'
[    1.202436] x86/fpu: Supporting XSAVE feature 0x004: 'AVX registers'
[    1.203174] x86/fpu: Supporting XSAVE feature 0x200: 'Protection Keys User registers'
[    1.203780] x86/fpu: xstate_offset[2]:  576, xstate_sizes[2]:  256
[    1.204257] x86/fpu: xstate_offset[9]:  832, xstate_sizes[9]:    8
[    1.204742] x86/fpu: Enabled xstate features 0x207, context size is 840 bytes, using 'compacted' format.
[    1.334163] Freeing SMP alternatives memory: 64K
[    1.334559] pid_max: default: 32768 minimum: 301
[    1.335443] Yama: becoming mindful.
[    1.336215] Mount-cache hash table entries: 4096 (order: 3, 32768 bytes, linear)
[    1.336821] Mountpoint-cache hash table entries: 4096 (order: 3, 32768 bytes, linear)
[    1.338247] VFS: Finished mounting rootfs on nullfs
[    1.340050] Running RCU synchronous self tests
[    1.340397] Running RCU synchronous self tests
[    1.341275] smpboot: CPU0: Genuine Intel(R) 0000 @ (family: 0x6, model: 0xc6, stepping: 0x0)
[    1.343052] Performance Events: unsupported CPU family 6 model 198 no PMU driver, software events only.
[    1.343171] signal: max sigframe size: 3632
[    1.343171] rcu: Hierarchical SRCU implementation.
[    1.343171] rcu: 	Max phase no-delay instances is 1000.
[    1.343454] Timer migration: 1 hierarchy levels; 8 children per group; 1 crossnode level
[    1.360859] NMI watchdog: Perf NMI watchdog permanently disabled
[    1.361612] smp: Bringing up secondary CPUs ...
[    1.362853] smpboot: x86: Booting SMP configuration:
[    1.363214] .... node  #0, CPUs:      #1
[    1.363616] smp: Brought up 1 node, 2 CPUs
[    1.363989] smpboot: Total of 2 processors activated (5068.80 BogoMIPS)
[    1.365376] Memory: 1537756K/2096632K available (81626K kernel code, 15871K rwdata, 18948K rodata, 16556K init, 69560K bss, 546452K reserved, 0K cma-reserved)
[    1.368029] devtmpfs: initialized
[    1.371956] x86/mm: Memory block size: 128MB
[    1.388056] Running RCU synchronous self tests
[    1.388488] Running RCU synchronous self tests
[    1.391341] Running RCU Tasks wait API self tests
[    1.391683] Running RCU Tasks Rude wait API self tests
[    1.391683] Running RCU Tasks Trace wait API self tests
[    1.392080] clocksource: jiffies: mask: 0xffffffff max_cycles: 0xffffffff, max_idle_ns: 7645041785100000 ns
[    1.392080] posixtimers hash table entries: 1024 (order: 5, 73728 bytes, linear)
[    1.395286] futex hash table entries: 512 (65536 bytes on 1 NUMA nodes, total 64 KiB, linear).
[    1.398038] 
[    1.398166] *************************************************************
[    1.398692] **     NOTICE NOTICE NOTICE NOTICE NOTICE NOTICE NOTICE    **
[    1.399203] **                                                         **
[    1.399737] **  IOMMU DebugFS SUPPORT HAS BEEN ENABLED IN THIS KERNEL  **
[    1.400270] **                                                         **
[    1.400802] ** This means that this kernel is built to expose internal **
[    1.401331] ** IOMMU data structures, which may compromise security on **
[    1.401867] ** your system.                                            **
[    1.402396] **                                                         **
[    1.402928] ** If you see this message and you are not debugging the   **
[    1.403175] ** kernel, report this immediately to your vendor!         **
[    1.403706] **                                                         **
[    1.404236] **     NOTICE NOTICE NOTICE NOTICE NOTICE NOTICE NOTICE    **
[    1.404772] *************************************************************
[    1.405377] PM: RTC time: 18:01:27, date: 2026-03-18
[    1.409949] NET: Registered PF_NETLINK/PF_ROUTE protocol family
[    1.411949] DMA: preallocated 256 KiB GFP_KERNEL|GFP_DMA pool for atomic allocations
[    1.412601] DMA: preallocated 256 KiB GFP_KERNEL|GFP_DMA32 pool for atomic allocations
[    1.413336] audit: initializing netlink subsys (disabled)
[    1.413816] audit: type=2000 audit(1773856887.897:1): state=initialized audit_enabled=0 res=1
[    1.413816] thermal_sys: Registered thermal governor 'fair_share'
[    1.413816] thermal_sys: Registered thermal governor 'bang_bang'
[    1.413816] thermal_sys: Registered thermal governor 'step_wise'
[    1.414009] thermal_sys: Registered thermal governor 'user_space'
[    1.415213] cpuidle: using governor ladder
[    1.415518] cpuidle: using governor menu
[    1.419283] Callback from call_rcu_tasks_trace() invoked.
[    1.416265] acpiphp: ACPI Hot Plug PCI Controller Driver version: 0.5
[    1.417673] PCI: Using configuration type 1 for base access
[    1.419725] kprobes: kprobe jump-optimization is enabled. All kprobes are optimized if possible.
[    1.427686] HugeTLB: registered 1.00 GiB page size, pre-allocated 0 pages
[    1.431190] HugeTLB: 16380 KiB vmemmap can be freed for a 1.00 GiB page
[    1.431190] HugeTLB: registered 2.00 MiB page size, pre-allocated 0 pages
[    1.431190] HugeTLB: 28 KiB vmemmap can be freed for a 2.00 MiB page
[    1.485295] ACPI: Added _OSI(Module Device)
[    1.485699] ACPI: Added _OSI(Processor Device)
[    1.486066] ACPI: Added _OSI(Processor Aggregator Device)
[    1.521241] ACPI: 1 ACPI AML tables successfully acquired and loaded
[    1.535261] ACPI: \_SB_: platform _OSC: OS support mask [002e7eff]
[    1.541539] ACPI: Interpreter enabled
[    1.541983] ACPI: PM: (supports S0 S3 S4 S5)
[    1.542338] ACPI: Using IOAPIC for interrupt routing
[    1.542890] PCI: Using host bridge windows from ACPI; if necessary, use "pci=nocrs" and report a bug
[    1.543177] PCI: Using E820 reservations for host bridge windows
[    1.544794] ACPI: Enabled 2 GPEs in block 00 to 0F
[    1.582561] ACPI: PCI Root Bridge [PCI0] (domain 0000 [bus 00-ff])
[    1.583147] acpi PNP0A03:00: _OSC: OS supports [ASPM ClockPM Segments MSI EDR HPX-Type3]
[    1.583182] acpi PNP0A03:00: _OSC: not requesting OS control; OS requires [ExtendedConfig ASPM ClockPM MSI]
[    1.584042] acpi PNP0A03:00: _OSC: platform retains control of PCIe features (AE_ERROR)
[    1.584784] acpi PNP0A03:00: fail to add MMCONFIG information, can't access extended configuration space under this bridge
[    1.590062] acpiphp: Slot [3] registered
[    1.590521] acpiphp: Slot [4] registered
[    1.590940] acpiphp: Slot [5] registered
[    1.591296] acpiphp: Slot [6] registered
[    1.591746] acpiphp: Slot [7] registered
[    1.592222] acpiphp: Slot [8] registered
[    1.592661] acpiphp: Slot [9] registered
[    1.593099] acpiphp: Slot [10] registered
[    1.593548] acpiphp: Slot [11] registered
[    1.594020] acpiphp: Slot [12] registered
[    1.594481] acpiphp: Slot [13] registered
[    1.594927] acpiphp: Slot [14] registered
[    1.595297] acpiphp: Slot [15] registered
[    1.595762] acpiphp: Slot [16] registered
[    1.596212] acpiphp: Slot [17] registered
[    1.596661] acpiphp: Slot [18] registered
[    1.597112] acpiphp: Slot [19] registered
[    1.597582] acpiphp: Slot [20] registered
[    1.598046] acpiphp: Slot [21] registered
[    1.598507] acpiphp: Slot [22] registered
[    1.598955] acpiphp: Slot [23] registered
[    1.599321] acpiphp: Slot [24] registered
[    1.599768] acpiphp: Slot [25] registered
[    1.600223] acpiphp: Slot [26] registered
[    1.600668] acpiphp: Slot [27] registered
[    1.601139] acpiphp: Slot [28] registered
[    1.601588] acpiphp: Slot [29] registered
[    1.602038] acpiphp: Slot [30] registered
[    1.602487] acpiphp: Slot [31] registered
[    1.602879] PCI host bridge to bus 0000:00
[    1.603243] pci_bus 0000:00: root bus resource [io  0x0000-0x0cf7 window]
[    1.603799] pci_bus 0000:00: root bus resource [io  0x0d00-0xffff window]
[    1.604349] pci_bus 0000:00: root bus resource [mem 0x000a0000-0x000bffff window]
[    1.604964] pci_bus 0000:00: root bus resource [mem 0x80000000-0xfebfffff window]
[    1.605574] pci_bus 0000:00: root bus resource [mem 0x100000000-0x17fffffff window]
[    1.606201] pci_bus 0000:00: root bus resource [bus 00-ff]
[    1.606786] pci 0000:00:00.0: [8086:1237] type 00 class 0x060000 conventional PCI endpoint
[    1.615477] pci 0000:00:01.0: [8086:7000] type 00 class 0x060100 conventional PCI endpoint
[    1.617493] pci 0000:00:01.1: [8086:7010] type 00 class 0x010180 conventional PCI endpoint
[    1.618738] pci 0000:00:01.1: BAR 4 [io  0xc040-0xc04f]
[    1.619230] pci 0000:00:01.1: BAR 0 [io  0x01f0-0x01f7]: legacy IDE quirk
[    1.619782] pci 0000:00:01.1: BAR 1 [io  0x03f6]: legacy IDE quirk
[    1.620282] pci 0000:00:01.1: BAR 2 [io  0x0170-0x0177]: legacy IDE quirk
[    1.620832] pci 0000:00:01.1: BAR 3 [io  0x0376]: legacy IDE quirk
[    1.621939] pci 0000:00:01.3: [8086:7113] type 00 class 0x068000 conventional PCI endpoint
[    1.622884] pci 0000:00:01.3: quirk: [io  0x0600-0x063f] claimed by PIIX4 ACPI
[    1.623194] pci 0000:00:01.3: quirk: [io  0x0700-0x070f] claimed by PIIX4 SMB
[    1.624315] pci 0000:00:02.0: [1234:1111] type 00 class 0x030000 conventional PCI endpoint
[    1.627803] pci 0000:00:02.0: BAR 0 [mem 0xfd000000-0xfdffffff pref]
[    1.628515] pci 0000:00:02.0: BAR 2 [mem 0xfebf0000-0xfebf0fff]
[    1.629024] pci 0000:00:02.0: ROM [mem 0xfebe0000-0xfebeffff pref]
[    1.629959] pci 0000:00:02.0: Video device with shadowed ROM at [mem 0x000c0000-0x000dffff]
[    1.640807] pci 0000:00:03.0: [8086:100e] type 00 class 0x020000 conventional PCI endpoint
[    1.643209] pci 0000:00:03.0: BAR 0 [mem 0xfebc0000-0xfebdffff]
[    1.644297] pci 0000:00:03.0: BAR 1 [io  0xc000-0xc03f]
[    1.645332] pci 0000:00:03.0: ROM [mem 0xfeb80000-0xfebbffff pref]
[    1.671779] ACPI: PCI: Interrupt link LNKA configured for IRQ 10
[    1.673333] ACPI: PCI: Interrupt link LNKB configured for IRQ 10
[    1.674703] ACPI: PCI: Interrupt link LNKC configured for IRQ 11
[    1.676000] ACPI: PCI: Interrupt link LNKD configured for IRQ 11
[    1.676901] ACPI: PCI: Interrupt link LNKS configured for IRQ 9
[    1.681845] iommu: Default domain type: Translated
[    1.682289] iommu: DMA domain TLB invalidation policy: lazy mode
[    1.689976] SCSI subsystem initialized
[    1.691139] ACPI: bus type USB registered
[    1.691524] usbcore: registered new interface driver usbfs
[    1.692117] usbcore: registered new interface driver hub
[    1.692666] usbcore: registered new device driver usb
[    1.693585] pps_core: LinuxPPS API ver. 1 registered
[    1.694006] pps_core: Software ver. 5.3.6 - Copyright 2005-2007 Rodolfo Giometti <giometti@linux.it>
[    1.694854] PTP clock support registered
[    1.699867] EDAC MC: Ver: 3.0.0
[    1.706430] NetLabel: Initializing
[    1.706746] NetLabel:  domain hash size = 128
[    1.707116] NetLabel:  protocols = UNLABELED CIPSOv4 CALIPSO
[    1.707398] NetLabel:  unlabeled traffic allowed by default
[    1.708786] PCI: Using ACPI for IRQ routing
[    1.709280] e820: register RAM buffer resource [mem 0x0009fc00-0x0009ffff]
[    1.709871] e820: register RAM buffer resource [mem 0x7ffe0000-0x7fffffff]
[    1.710886] pci 0000:00:02.0: vgaarb: setting as boot VGA device
[    1.711171] pci 0000:00:02.0: vgaarb: bridge control possible
[    1.711171] pci 0000:00:02.0: vgaarb: VGA device added: decodes=io+mem,owns=io+mem,locks=none
[    1.711190] vgaarb: loaded
[    1.712167] hpet0: at MMIO 0xfed00000, IRQs 2, 8, 0
[    1.712595] hpet0: 3 comparators, 64-bit 100.000000 MHz counter
[    1.718606] clocksource: Switched to clocksource kvm-clock
[    1.726677] VFS: Disk quotas dquot_6.6.0
[    1.727089] VFS: Dquot-cache hash table entries: 512 (order 0, 4096 bytes)
[    1.729563] pnp: PnP ACPI init
[    1.734206] pnp: PnP ACPI: found 6 devices
[    1.755838] clocksource: acpi_pm: mask: 0xffffff max_cycles: 0xffffff, max_idle_ns: 2085701024 ns
[    1.757249] NET: Registered PF_INET protocol family
[    1.758066] IP idents hash table entries: 32768 (order: 6, 262144 bytes, linear)
[    1.760416] tcp_listen_portaddr_hash hash table entries: 1024 (order: 5, 73728 bytes, linear)
[    1.761252] Table-perturb hash table entries: 65536 (order: 6, 262144 bytes, linear)
[    1.761981] TCP established hash table entries: 16384 (order: 5, 131072 bytes, linear)
[    1.763269] TCP bind hash table entries: 16384 (order: 10, 2359296 bytes, linear)
[    1.766277] TCP: Hash tables configured (established 16384 bind 16384)
[    1.767106] UDP hash table entries: 1024 (order: 6, 262144 bytes, linear)
[    1.767881] UDP-Lite hash table entries: 1024 (order: 6, 262144 bytes, linear)
[    1.769188] NET: Registered PF_UNIX/PF_LOCAL protocol family
[    1.777567] RPC: Registered named UNIX socket transport module.
[    1.778080] RPC: Registered udp transport module.
[    1.778468] RPC: Registered tcp transport module.
[    1.778860] RPC: Registered tcp-with-tls transport module.
[    1.779310] RPC: Registered tcp NFSv4.1 backchannel transport module.
[    1.779879] pci_bus 0000:00: resource 4 [io  0x0000-0x0cf7 window]
[    1.780391] pci_bus 0000:00: resource 5 [io  0x0d00-0xffff window]
[    1.780923] pci_bus 0000:00: resource 6 [mem 0x000a0000-0x000bffff window]
[    1.781485] pci_bus 0000:00: resource 7 [mem 0x80000000-0xfebfffff window]
[    1.782049] pci_bus 0000:00: resource 8 [mem 0x100000000-0x17fffffff window]
[    1.782970] pci 0000:00:01.0: PIIX3: Enabling Passive Release
[    1.783461] pci 0000:00:00.0: Limiting direct PCI/PCI transfers
[    1.784032] PCI: CLS 0 bytes, default 64
[    1.784529] ACPI: bus type thunderbolt registered
[    1.785473] clocksource: tsc: mask: 0xffffffffffffffff max_cycles: 0x12441513526, max_idle_ns: 440795239872 ns
[    1.813243] Initialise system trusted keyrings
[    1.813834] Key type blacklist registered
[    1.814512] workingset: timestamp_bits=36 max_order=19 bucket_order=0
[    1.817517] squashfs: version 4.0 (2009/01/31) Phillip Lougher
[    1.819579] NFS: Registering the id_resolver key type
[    1.820031] Key type id_resolver registered
[    1.820380] Key type id_legacy registered
[    1.820827] nfs4filelayout_init: NFSv4 File Layout Driver Registering...
[    1.821429] nfs4flexfilelayout_init: NFSv4 Flexfile Layout Driver Registering...
[    1.822455] fuse: init (API version 7.45)
[    1.823461] SGI XFS with ACLs, security attributes, realtime, quota, no debug enabled
[    1.826271] 9p: Installing v9fs 9p2000 file system support
[    1.838700] Key type asymmetric registered
[    1.839079] Asymmetric key parser 'x509' registered
[    1.839685] Block layer SCSI generic (bsg) driver version 0.4 loaded (major 241)
[    1.840952] io scheduler mq-deadline registered
[    1.841524] io scheduler bfq registered
[    1.848787] ledtrig-cpu: registered to indicate activity on CPUs
[    1.851280] IPMI message handler: version 39.2
[    1.851772] ipmi device interface
[    1.854622] input: Power Button as /devices/platform/LNXPWRBN:00/input/input0
[    1.855649] ACPI: button: Power Button [PWRF]
[    1.865091] ERST DBG: ERST support is disabled.
[    1.867289] Serial: 8250/16550 driver, 32 ports, IRQ sharing enabled
[    1.869335] 00:04: ttyS0 at I/O 0x3f8 (irq = 4, base_baud = 115200) is a 16550A
[    1.966929] Linux agpgart interface v0.103
[    1.970769] ACPI: bus type drm_connector registered
[    1.999021] brd: module loaded
[    2.014977] loop: module loaded
[    2.034756] scsi host0: ata_piix
[    2.036308] scsi host1: ata_piix
[    2.037120] ata1: PATA max MWDMA2 cmd 0x1f0 ctl 0x3f6 bmdma 0xc040 irq 14 lpm-pol 0
[    2.037739] ata2: PATA max MWDMA2 cmd 0x170 ctl 0x376 bmdma 0xc048 irq 15 lpm-pol 0
[    2.041464] tun: Universal TUN/TAP device driver, 1.6
[    2.042588] e100: Intel(R) PRO/100 Network Driver
[    2.042971] e100: Copyright(c) 1999-2006 Intel Corporation
[    2.043583] e1000: Intel(R) PRO/1000 Network Driver
[    2.043985] e1000: Copyright (c) 1999-2006 Intel Corporation.
[    2.200764] ata2: found unknown device (class 0)
[    2.201620] ata1: found unknown device (class 0)
[    2.202666] ata1.00: Model 'QEMU HARDDISK', rev '2.5+', applying quirks: bridgeok
[    2.203287] ata1.00: ATA-7: QEMU HARDDISK, 2.5+, max UDMA/100
[    2.203766] ata1.00: 17196647 sectors, multi 16: LBA48 
[    2.204407] ata2.00: ATAPI: QEMU DVD-ROM, 2.5+, max UDMA/100
[    2.206757] scsi 0:0:0:0: Direct-Access     ATA      QEMU HARDDISK    2.5+ PQ: 0 ANSI: 5
[    2.209499] scsi 0:0:0:0: Attached scsi generic sg0 type 0
[    2.212127] scsi 1:0:0:0: CD-ROM            QEMU     QEMU DVD-ROM     2.5+ PQ: 0 ANSI: 5
[    2.213325] sd 0:0:0:0: [sda] 17196647 512-byte logical blocks: (8.80 GB/8.20 GiB)
[    2.214165] sd 0:0:0:0: [sda] Write Protect is off
[    2.215414] sd 0:0:0:0: [sda] Write cache: enabled, read cache: enabled, doesn't support DPO or FUA
[    2.216273] sd 0:0:0:0: [sda] Preferred minimum I/O size 512 bytes
[    2.250103] scsi 1:0:0:0: Attached scsi generic sg1 type 5
[    2.300726] sd 0:0:0:0: [sda] Attached SCSI disk
[    2.685850] ACPI: \_SB_.LNKC: Enabled at IRQ 11
[    2.996566] e1000 0000:00:03.0 eth0: (PCI:33MHz:32-bit) 52:54:00:12:34:56
[    2.997205] e1000 0000:00:03.0 eth0: Intel(R) PRO/1000 Network Connection
[    2.997963] e1000e: Intel(R) PRO/1000 Network Driver
[    2.998360] e1000e: Copyright(c) 1999 - 2015 Intel Corporation.
[    2.999004] igb: Intel(R) Gigabit Ethernet Network Driver
[    2.999432] igb: Copyright (c) 2007-2014 Intel Corporation.
[    3.000352] PPP generic driver version 2.4.2
[    3.005509] VFIO - User Level meta-driver version: 0.3
[    3.007237] usbcore: registered new interface driver uas
[    3.007831] usbcore: registered new interface driver usb-storage
[    3.008746] i8042: PNP: PS/2 Controller [PNP0303:KBD,PNP0f13:MOU] at 0x60,0x64 irq 1,12
[    3.010427] serio: i8042 KBD port at 0x60,0x64 irq 1
[    3.010930] serio: i8042 AUX port at 0x60,0x64 irq 12
[    3.016804] mousedev: PS/2 mouse device common for all mice
[    3.018807] rtc_cmos 00:05: RTC can wake from S4
[    3.021107] rtc_cmos 00:05: registered as rtc0
[    3.021559] rtc_cmos 00:05: setting system clock to 2026-03-18T18:01:29 UTC (1773856889)
[    3.022745] rtc_cmos 00:05: alarms up to one day, y3k, 242 bytes nvram, hpet irqs
[    3.023441] i2c_dev: i2c /dev entries driver
[    3.024516] input: AT Translated Set 2 keyboard as /devices/platform/i8042/serio0/input/input1
[    3.025530] device-mapper: core: CONFIG_IMA_DISABLE_HTABLE is disabled. Duplicate IMA measurements will not be recorded in the IMA log.
[    3.026587] device-mapper: uevent: version 1.0.3
[    3.028732] input: VirtualPS/2 VMware VMMouse as /devices/platform/i8042/serio1/input/input4
[    3.029761] device-mapper: ioctl: 4.50.0-ioctl (2025-04-28) initialised: dm-devel@lists.linux.dev
[    3.030518] intel_pstate: CPU model not supported
[    3.031245] sdhci: Secure Digital Host Controller Interface driver
[    3.031751] sdhci: Copyright(c) Pierre Ossman
[    3.032372] sdhci-pltfm: SDHCI platform and OF driver helper
[    3.033573] drop_monitor: Initializing network drop monitor service
[    3.034647] NET: Registered PF_INET6 protocol family
[    3.036493] input: VirtualPS/2 VMware VMMouse as /devices/platform/i8042/serio1/input/input3
[    3.041498] Segment Routing with IPv6
[    3.041874] In-situ OAM (IOAM) with IPv6
[    3.042285] NET: Registered PF_PACKET protocol family
[    3.043017] 9pnet: Installing 9P2000 support
[    3.043506] Key type dns_resolver registered
[    3.049762] IPI shorthand broadcast: enabled
[    3.111251] sched_clock: Marking stable (3092007122, 16618606)->(3131972487, -23346759)
[    3.113060] registered taskstats version 1
[    3.117826] Loading compiled-in X.509 certificates
[    3.201095] Demotion targets for Node 0: null
[    3.205306] Key type .fscrypt registered
[    3.205692] Key type fscrypt-provisioning registered
[    3.214828] Key type encrypted registered
[    3.215233] ima: No TPM chip found, activating TPM-bypass!
[    3.215726] ima: Allocated hash algorithm: sha1
[    3.216217] ima: No architecture policies found
[    3.216853] evm: Initialising EVM extended attributes:
[    3.217290] evm: security.selinux
[    3.217575] evm: security.SMACK64
[    3.217863] evm: security.SMACK64EXEC
[    3.218177] evm: security.SMACK64TRANSMUTE
[    3.218524] evm: security.SMACK64MMAP
[    3.218841] evm: security.apparmor
[    3.219133] evm: security.ima
[    3.219388] evm: security.capability
[    3.219697] evm: HMAC attrs: 0x1
[    3.222768] PM:   Magic number: 2:206:39
[    3.223145] bdi 7:4: hash matches
[    3.225366] RAS: Correctable Errors collector initialized.
[    3.893641] clk: Disabling unused clocks
[    3.894510] PM: genpd: Disabling unused power domains
[    3.897425] md: Waiting for all devices to be available before autodetect
[    3.898278] md: If you don't use raid, use raid=noautodetect
[    3.898998] md: Autodetecting RAID arrays.
[    3.899550] md: autorun ...
[    3.899928] md: ... autorun DONE.
[    3.920753] EXT4-fs (sda): INFO: recovery required on readonly filesystem
[    3.921165] EXT4-fs (sda): write access will be enabled during recovery
[    4.041448] Callback from call_rcu_tasks() invoked.
[    4.127245] EXT4-fs (sda): recovery complete
[    4.137381] EXT4-fs (sda): mounted filesystem 088740a9-c8b4-422c-999d-a804eb68a4da ro with ordered data mode. Quota mode: none.
[    4.139097] VFS: Mounted root (ext4 filesystem) readonly on device 8:0.
[    4.141531] devtmpfs: mounted
[    4.142606] VFS: Pivoted into new rootfs
[    4.163439] Freeing unused decrypted memory: 2036K
[    4.178370] Freeing unused kernel image (initmem) memory: 16556K
[    4.178974] Write protecting the kernel read-only data: 102400k
[    4.180766] Freeing unused kernel image (text/rodata gap) memory: 292K
[    4.183000] Freeing unused kernel image (rodata/data gap) memory: 1532K
[    4.242191] x86/mm: Checked W+X mappings: passed, no W+X pages found.
[    4.242588] Run /sbin/init as init process
[    4.462294] systemd[1]: systemd 252-15.el9 running in system mode (+PAM +AUDIT +SELINUX -APPARMOR +IMA +SMACK +SECCOMP +GCRYPT +GNUTLS +OPENSSL +ACL +BLKID +CURL +ELFUTILS -FIDO2 +IDN2 -IDN -IPTC +KMOD +LIBCRYPTSETUP +LIBFDISK +PCRE2 -PWQUALITY +P11KIT -QRENCODE +TPM2 +BZIP2 +LZ4 +XZ +ZLIB +ZSTD -BPF_FRAMEWORK +XKBCOMMON +UTMP +SYSVINIT default-hierarchy=unified)
[    4.464027] systemd[1]: Detected virtualization kvm.
[    4.464319] systemd[1]: Detected architecture x86-64.

Welcome to [0;31mCentOS Stream 9[0m!

[    4.469059] systemd[1]: Hostname set to <test>.
[    4.805628] systemd-rc-local-generator[122]: /etc/rc.d/rc.local is not marked executable, skipping.
[    5.118303] systemd[1]: Queued start job for default target Multi-User System.
[    5.135943] systemd[1]: Created slice Virtual Machine and Container Slice.
[[0;32m  OK  [0m] Created slice [0;1;39mVirtual Machine and Container Slice[0m.
[    5.141589] systemd[1]: Created slice Slice /system/getty.
[[0;32m  OK  [0m] Created slice [0;1;39mSlice /system/getty[0m.
[    5.144846] systemd[1]: Created slice Slice /system/modprobe.
[[0;32m  OK  [0m] Created slice [0;1;39mSlice /system/modprobe[0m.
[    5.148008] systemd[1]: Created slice Slice /system/serial-getty.
[[0;32m  OK  [0m] Created slice [0;1;39mSlice /system/serial-getty[0m.
[    5.151267] systemd[1]: Created slice Slice /system/sshd-keygen.
[[0;32m  OK  [0m] Created slice [0;1;39mSlice /system/sshd-keygen[0m.
[    5.154155] systemd[1]: Created slice User and Session Slice.
[[0;32m  OK  [0m] Created slice [0;1;39mUser and Session Slice[0m.
[    5.155799] systemd[1]: Started Forward Password Requests to Wall Directory Watch.
[[0;32m  OK  [0m] Started [0;1;39mForward Password RŌĆ”uests to Wall Directory Watch[0m.
[    5.158521] systemd[1]: Set up automount Arbitrary Executable File Formats File System Automount Point.
[[0;32m  OK  [0m] Set up automount [0;1;39mArbitraryŌĆ”s File System Automount Point[0m.
[    5.160321] systemd[1]: Reached target Local Integrity Protected Volumes.
[[0;32m  OK  [0m] Reached target [0;1;39mLocal Integrity Protected Volumes[0m.
[    5.161992] systemd[1]: Reached target Slice Units.
[[0;32m  OK  [0m] Reached target [0;1;39mSlice Units[0m.
[    5.163211] systemd[1]: Reached target Swaps.
[[0;32m  OK  [0m] Reached target [0;1;39mSwaps[0m.
[    5.164731] systemd[1]: Reached target Local Verity Protected Volumes.
[[0;32m  OK  [0m] Reached target [0;1;39mLocal Verity Protected Volumes[0m.
[    5.166108] systemd[1]: Listening on Device-mapper event daemon FIFOs.
[[0;32m  OK  [0m] Listening on [0;1;39mDevice-mapper event daemon FIFOs[0m.
[    5.167819] systemd[1]: Listening on LVM2 poll daemon socket.
[[0;32m  OK  [0m] Listening on [0;1;39mLVM2 poll daemon socket[0m.
[    5.169313] systemd[1]: multipathd control socket was skipped because of an unmet condition check (ConditionPathExists=/etc/multipath.conf).
[    5.205112] systemd[1]: Listening on RPCbind Server Activation Socket.
[[0;32m  OK  [0m] Listening on [0;1;39mRPCbind Server Activation Socket[0m.
[    5.206322] systemd[1]: Reached target RPC Port Mapper.
[[0;32m  OK  [0m] Reached target [0;1;39mRPC Port Mapper[0m.
[    5.209619] systemd[1]: Listening on Process Core Dump Socket.
[[0;32m  OK  [0m] Listening on [0;1;39mProcess Core Dump Socket[0m.
[    5.211013] systemd[1]: Listening on initctl Compatibility Named Pipe.
[[0;32m  OK  [0m] Listening on [0;1;39minitctl Compatibility Named Pipe[0m.
[    5.212552] systemd[1]: Listening on Journal Socket (/dev/log).
[[0;32m  OK  [0m] Listening on [0;1;39mJournal Socket (/dev/log)[0m.
[    5.214036] systemd[1]: Listening on Journal Socket.
[[0;32m  OK  [0m] Listening on [0;1;39mJournal Socket[0m.
[    5.215402] systemd[1]: Listening on udev Control Socket.
[[0;32m  OK  [0m] Listening on [0;1;39mudev Control Socket[0m.
[    5.216654] systemd[1]: Listening on udev Kernel Socket.
[[0;32m  OK  [0m] Listening on [0;1;39mudev Kernel Socket[0m.
[    5.222813] systemd[1]: Mounting Huge Pages File System...
         Mounting [0;1;39mHuge Pages File System[0m...
[    5.232831] systemd[1]: Mounting POSIX Message Queue File System...
         Mounting [0;1;39mPOSIX Message Queue File System[0m...
[    5.238432] systemd[1]: Mounting Kernel Debug File System...
         Mounting [0;1;39mKernel Debug File System[0m...
[    5.244794] systemd[1]: Mounting Kernel Trace File System...
         Mounting [0;1;39mKernel Trace File System[0m...
[    5.247353] systemd[1]: Kernel Module supporting RPCSEC_GSS was skipped because of an unmet condition check (ConditionPathExists=/etc/krb5.keytab).
[    5.249749] systemd[1]: Create List of Static Device Nodes was skipped because of an unmet condition check (ConditionFileNotEmpty=/lib/modules/7.0.0-rc4-f338e7738378/modules.devname).
[    5.255706] systemd[1]: Starting Monitoring of LVM2 mirrors, snapshots etc. using dmeventd or progress polling...
         Starting [0;1;39mMonitoring of LVMŌĆ”meventd or progress polling[0m...
[    5.262335] systemd[1]: Starting Load Kernel Module configfs...
         Starting [0;1;39mLoad Kernel Module configfs[0m...
[    5.268767] systemd[1]: Starting Load Kernel Module drm...
         Starting [0;1;39mLoad Kernel Module drm[0m...
[    5.280511] systemd[1]: Starting Load Kernel Module fuse...
         Starting [0;1;39mLoad Kernel Module fuse[0m...
[    5.291592] systemd[1]: Starting Read and set NIS domainname from /etc/sysconfig/network...
         Starting [0;1;39mRead and set NIS ŌĆ”from /etc/sysconfig/network[0m...
[    5.307191] systemd[1]: Starting Journal Service...
         Starting [0;1;39mJournal Service[0m...
[    5.398412] systemd[1]: Starting Load Kernel Modules...
         Starting [0;1;39mLoad Kernel Modules[0m...
[    5.414009] systemd[1]: Starting Generate network units from Kernel command line...
         Starting [0;1;39mGenerate network ŌĆ”ts from Kernel command line[0m...
[    5.449350] systemd[1]: Starting Remount Root and Kernel File Systems...
         Starting [0;1;39mRemount Root and Kernel File Systems[0m...
[    5.451176] systemd[1]: Repartition Root Disk was skipped because no trigger condition checks were met.
[    5.469629] systemd[1]: Starting Coldplug All udev Devices...
         Starting [0;1;39mColdplug All udev Devices[0m...
[    5.486170] systemd[1]: Mounted Huge Pages File System.
[[0;32m  OK  [0m] Mounted [0;1;39mHuge Pages File System[0m.
[    5.493561] systemd[1]: Mounted POSIX Message Queue File System.
[[0;32m  OK  [0m] Mounted [0;1;39mPOSIX Message Queue File System[0m.
[    5.495009] systemd[1]: Mounted Kernel Debug File System.
[[0;32m  OK  [0m] Mounted [0;1;39mKernel Debug File System[0m.
[    5.496453] systemd[1]: Mounted Kernel Trace File System.
[[0;32m  OK  [0m] Mounted [0;1;39mKernel Trace File System[0m.
[    5.509708] systemd[1]: Finished Monitoring of LVM2 mirrors, snapshots etc. using dmeventd or progress polling.
[[0;32m  OK  [0m] Finished [0;1;39mMonitoring of LVMŌĆ” dmeventd or progress polling[0m.
[    5.514562] systemd[1]: modprobe@configfs.service: Deactivated successfully.
[    5.521138] systemd[1]: Finished Load Kernel Module configfs.
[[0;32m  OK  [0m] Finished [0;1;39mLoad Kernel Module configfs[0m.
[    5.529852] systemd[1]: Started Journal Service.
[[0;32m  OK  [0m] Started [0;1;39mJournal Service[0m.
[    5.535981] EXT4-fs (sda): re-mounted 088740a9-c8b4-422c-999d-a804eb68a4da r/w.
[[0;32m  OK  [0m] Finished [0;1;39mLoad Kernel Module drm[0m.
[[0;32m  OK  [0m] Finished [0;1;39mLoad Kernel Module fuse[0m.
[[0;32m  OK  [0m] Finished [0;1;39mRead and set NIS ŌĆ”e from /etc/sysconfig/network[0m.
[[0;1;31mFAILED[0m] Failed to start [0;1;39mLoad Kernel Modules[0m.
See 'systemctl status systemd-modules-load.service' for details.
[[0;32m  OK  [0m] Finished [0;1;39mGenerate network units from Kernel command line[0m.
[[0;32m  OK  [0m] Finished [0;1;39mRemount Root and Kernel File Systems[0m.
[[0;32m  OK  [0m] Reached target [0;1;39mPreparation for Network[0m.
         Mounting [0;1;39mFUSE Control File System[0m...
         Mounting [0;1;39mKernel Configuration File System[0m...
         Starting [0;1;39mFlush Journal to Persistent Storage[0m...
         Starting [0;1;39mLoad/Save Random Seed[0m...
         Starting [0;1;39mApply Kernel Variables[0m...
         Starting [0;1;39mCreate Static Device Nodes in /dev[0m...
[    5.681126] systemd-journald[144]: Received client request to flush runtime journal.
         Starting [0;1;39mSetup Virtual Console[0m...
[[0;32m  OK  [0m] Mounted [0;1;39mFUSE Control File System[0m.
[[0;32m  OK  [0m] Mounted [0;1;39mKernel Configuration File System[0m.
[[0;32m  OK  [0m] Finished [0;1;39mFlush Journal to Persistent Storage[0m.
[[0;32m  OK  [0m] Finished [0;1;39mLoad/Save Random Seed[0m.
[[0;32m  OK  [0m] Finished [0;1;39mApply Kernel Variables[0m.
[[0;32m  OK  [0m] Finished [0;1;39mCreate Static Device Nodes in /dev[0m.
         Starting [0;1;39mRule-based ManageŌĆ”for Device Events and Files[0m...
[[0;32m  OK  [0m] Finished [0;1;39mColdplug All udev Devices[0m.
         Starting [0;1;39mWait for udev To ŌĆ”plete Device Initialization[0m...
[[0;32m  OK  [0m] Started [0;1;39mRule-based Manager for Device Events and Files[0m.
         Starting [0;1;39mAuto-connect to sŌĆ”E devices found during boot[0m...
[[0;32m  OK  [0m] Finished [0;1;39mSetup Virtual Console[0m.
[[0;32m  OK  [0m] Started [0;1;39mDispatch Password ŌĆ”ts to Console Directory Watch[0m.
[[0;32m  OK  [0m] Reached target [0;1;39mLocal Encrypted Volumes[0m.
[[0;32m  OK  [0m] Reached target [0;1;39mPath Units[0m.
[[0;32m  OK  [0m] Finished [0;1;39mAuto-connect to sŌĆ”VME devices found during boot[0m.
[[0;32m  OK  [0m] Found device [0;1;39m/dev/ttyS0[0m.
[[0;32m  OK  [0m] Listening on [0;1;39mLoad/Save RF ŌĆ”itch Status /dev/rfkill Watch[0m.
[[0;32m  OK  [0m] Finished [0;1;39mWait for udev To Complete Device Initialization[0m.
[[0;32m  OK  [0m] Reached target [0;1;39mPreparation for Local File Systems[0m.
[[0;32m  OK  [0m] Reached target [0;1;39mLocal File Systems[0m.
         Starting [0;1;39mTell Plymouth To Write Out Runtime Data[0m...
         Starting [0;1;39mAutomatic Boot Loader Update[0m...
         Starting [0;1;39mCreate Volatile Files and Directories[0m...
[[0;32m  OK  [0m] Finished [0;1;39mTell Plymouth To Write Out Runtime Data[0m.
[[0;32m  OK  [0m] Finished [0;1;39mAutomatic Boot Loader Update[0m.
[[0;32m  OK  [0m] Finished [0;1;39mCreate Volatile Files and Directories[0m.
         Mounting [0;1;39mRPC Pipe File System[0m...
         Starting [0;1;39mSecurity Auditing Service[0m...
         Starting [0;1;39mRPC Bind[0m...
[[0;32m  OK  [0m] Mounted [0;1;39mRPC Pipe File System[0m.
[[0;32m  OK  [0m] Reached target [0;1;39mrpc_pipefs.target[0m.
[[0;32m  OK  [0m] Started [0;1;39mRPC Bind[0m.
[[0;32m  OK  [0m] Started [0;1;39mSecurity Auditing Service[0m.
         Starting [0;1;39mRecord System Boot/Shutdown in UTMP[0m...
[[0;32m  OK  [0m] Finished [0;1;39mRecord System Boot/Shutdown in UTMP[0m.
[[0;32m  OK  [0m] Reached target [0;1;39mSystem Initialization[0m.
[[0;32m  OK  [0m] Started [0;1;39mDaily rotation of log files[0m.
[[0;32m  OK  [0m] Started [0;1;39mUpdates mlocate database every day[0m.
[[0;32m  OK  [0m] Started [0;1;39mDaily Cleanup of Temporary Directories[0m.
[[0;32m  OK  [0m] Started [0;1;39mdaily update of the root trust anchor for DNSSEC[0m.
[[0;32m  OK  [0m] Reached target [0;1;39mTimer Units[0m.
[[0;32m  OK  [0m] Listening on [0;1;39mD-Bus System Message Bus Socket[0m.
[[0;32m  OK  [0m] Listening on [0;1;39mOpen-iSCSI iscsid Socket[0m.
[[0;32m  OK  [0m] Listening on [0;1;39mOpen-iSCSI iscsiuio Socket[0m.
[[0;32m  OK  [0m] Listening on [0;1;39mSSSD KerberosŌĆ”ache Manager responder socket[0m.
[[0;32m  OK  [0m] Listening on [0;1;39mLibvirt interface local socket[0m.
[[0;32m  OK  [0m] Listening on [0;1;39mVirtual machine lock manager socket[0m.
[[0;32m  OK  [0m] Listening on [0;1;39mVirtual machine log manager socket[0m.
[[0;32m  OK  [0m] Listening on [0;1;39mLibvirt network local socket[0m.
[[0;32m  OK  [0m] Listening on [0;1;39mLibvirt nodedev local socket[0m.
[[0;32m  OK  [0m] Listening on [0;1;39mLibvirt nwfilter local socket[0m.
[[0;32m  OK  [0m] Listening on [0;1;39mLibvirt proxy local socket[0m.
[[0;32m  OK  [0m] Listening on [0;1;39mLibvirt qemu local socket[0m.
[[0;32m  OK  [0m] Listening on [0;1;39mLibvirt qemu admin socket[0m.
[[0;32m  OK  [0m] Listening on [0;1;39mLibvirt qemu local read-only socket[0m.
[[0;32m  OK  [0m] Listening on [0;1;39mLibvirt secret local socket[0m.
[[0;32m  OK  [0m] Listening on [0;1;39mLibvirt storage local socket[0m.
[[0;32m  OK  [0m] Reached target [0;1;39mSocket Units[0m.
         Starting [0;1;39mD-Bus System Message Bus[0m...
[[0;32m  OK  [0m] Started [0;1;39mD-Bus System Message Bus[0m.
[[0;32m  OK  [0m] Reached target [0;1;39mBasic System[0m.
         Starting [0;1;39mNetwork Manager[0m...
         Starting [0;1;39mNTP client/server[0m...
         Starting [0;1;39mRestore /run/initramfs on shutdown[0m...
[[0;32m  OK  [0m] Started [0;1;39mirqbalance daemon[0m.
[[0;32m  OK  [0m] Started [0;1;39mlibstoragemgmt plug-in server daemon[0m.
[[0;32m  OK  [0m] Started [0;1;39mMachine Check Exception Logging Daemon[0m.
[[0;32m  OK  [0m] Reached target [0;1;39msshd-keygen.target[0m.
[[0;32m  OK  [0m] Reached target [0;1;39mUser and Group Name Lookups[0m.
         Starting [0;1;39mUser Login Management[0m...
         Starting [0;1;39mVirtual Machine aŌĆ”tainer Registration Service[0m...
         Starting [0;1;39mupdate of the rooŌĆ”NSSEC validation in unbound[0m...
         Starting [0;1;39mRotate log files[0m...
[[0;32m  OK  [0m] Started [0;1;39mUpdate a database for mlocate[0m.
[[0;32m  OK  [0m] Finished [0;1;39mRestore /run/initramfs on shutdown[0m.
[[0;32m  OK  [0m] Started [0;1;39mVirtual Machine anŌĆ”ontainer Registration Service[0m.
[[0;32m  OK  [0m] Started [0;1;39mNTP client/server[0m.
         Starting [0;1;39mHostname Service[0m...
[[0;32m  OK  [0m] Finished [0;1;39mupdate of the rooŌĆ” DNSSEC validation in unbound[0m.
[[0;32m  OK  [0m] Started [0;1;39mUser Login Management[0m.
[[0;32m  OK  [0m] Started [0;1;39mHostname Service[0m.
         Starting [0;1;39mNetwork Manager Script Dispatcher Service[0m...
[[0;32m  OK  [0m] Started [0;1;39mNetwork Manager Script Dispatcher Service[0m.
[[0;32m  OK  [0m] Finished [0;1;39mRotate log files[0m.
[    9.289009] e1000: eth0 NIC Link is Up 1000 Mbps Full Duplex, Flow Control: RX
[[0;32m  OK  [0m] Started [0;1;39mNetwork Manager[0m.
[[0;32m  OK  [0m] Reached target [0;1;39mNetwork[0m.
[[0;32m  OK  [0m] Reached target [0;1;39mNetwork is Online[0m.
         Starting [0;1;39mGSSAPI Proxy Daemon[0m...
         Starting [0;1;39mNotify NFS peers of a restart[0m...
         Starting [0;1;39mSystem Logging Service[0m...
         Starting [0;1;39mOpenSSH server daemon[0m...
         Starting [0;1;39mDynamic System Tuning Daemon[0m...
[[0;32m  OK  [0m] Started [0;1;39mNotify NFS peers of a restart[0m.
[[0;32m  OK  [0m] Started [0;1;39mOpenSSH server daemon[0m.
[[0;32m  OK  [0m] Started [0;1;39mGSSAPI Proxy Daemon[0m.
[[0;32m  OK  [0m] Reached target [0;1;39mNFS client services[0m.
[[0;32m  OK  [0m] Reached target [0;1;39mPreparation for Remote File Systems[0m.
[[0;32m  OK  [0m] Reached target [0;1;39mRemote File Systems[0m.
         Starting [0;1;39mPermit User Sessions[0m...
         Starting [0;1;39mVirtualization qemu daemon[0m...
[[0;32m  OK  [0m] Finished [0;1;39mPermit User Sessions[0m.
[[0;32m  OK  [0m] Started [0;1;39mDeferred execution scheduler[0m.
[[0;32m  OK  [0m] Started [0;1;39mCommand Scheduler[0m.
         Starting [0;1;39mHold until boot process finishes up[0m...
         Starting [0;1;39mTerminate Plymouth Boot Screen[0m...
[[0;32m  OK  [0m] Started [0;1;39mSystem Logging Service[0m.
[[0;32m  OK  [0m] Started [0;1;39mVirtualization qemu daemon[0m.
[[0;32m  OK  [0m] Finished [0;1;39mHold until boot process finishes up[0m.
[[0;32m  OK  [0m] Finished [0;1;39mTerminate Plymouth Boot Screen[0m.
[[0;32m  OK  [0m] Started [0;1;39mGetty on tty1[0m.
[[0;32m  OK  [0m] Started [0;1;39mSerial Getty on ttyS0[0m.
[[0;32m  OK  [0m] Reached target [0;1;39mLogin Prompts[0m.
         Starting [0;1;39mAuthorization Manager[0m...
[[0;32m  OK  [0m] Started [0;1;39mAuthorization Manager[0m.
[[0;32m  OK  [0m] Started [0;1;39mDynamic System Tuning Daemon[0m.
[[0;32m  OK  [0m] Reached target [0;1;39mMulti-User System[0m.
         Starting [0;1;39mRecord Runlevel Change in UTMP[0m...
[[0;32m  OK  [0m] Finished [0;1;39mRecord Runlevel Change in UTMP[0m.

CentOS Stream 9
Kernel 7.0.0-rc4-f338e7738378 on an x86_64

Activate the web console with: systemctl enable --now cockpit.socket

test login: 